D/StatusBar.NetworkControllerDS(  459): updateTelephonySignalStrength: !hasService()
D/StatusBar.NetworkControllerDS(  459): updateTelephonySignalStrength: !hasService()
D/StatusBar.NetworkControllerDS(  459): updateTelephonySignalStrength: !hasService()
D/StatusBar.NetworkControllerDS(  459): updateTelephonySignalStrength: !hasService()
D/StatusBar.NetworkControllerDS(  459): updateTelephonySignalStrength: !hasService()
D/StatusBar.NetworkControllerDS(  459): updateTelephonySignalStrength: !hasService()
D/StatusBar.NetworkControllerDS(  459): updateTelephonySignalStrength: !hasService()
D/BatteryService(  381): mBatteryLevel21isPowered():trueActivityManagerNative.isSystemReady():true
D/ActivityManager(  381): mBatteryStatusReceiver, action=android.intent.action.BATTERY_CHANGED
D/ActivityManager(  381): mBatteryStatusReceiver, plugged=2, mBatteryStatusPlugged=2, fakeShutdownMode=false
D/StatusBar.NetworkControllerDS(  459): updateTelephonySignalStrength: !hasService()
D/StatusBar.NetworkControllerDS(  459): updateTelephonySignalStrength: !hasService()
D/StatusBar.NetworkControllerDS(  459): updateTelephonySignalStrength: !hasService()
D/StatusBar.NetworkControllerDS(  459): updateTelephonySignalStrength: !hasService()
D/StatusBar.NetworkControllerDS(  459): updateTelephonySignalStrength: !hasService()
D/StatusBar.NetworkControllerDS(  459): updateTelephonySignalStrength: !hasService()
D/StatusBar.NetworkControllerDS(  459): updateTelephonySignalStrength: !hasService()
D/StatusBar.NetworkControllerDS(  459): updateTelephonySignalStrength: !hasService()
D/StatusBar.NetworkControllerDS(  459): updateTelephonySignalStrength: !hasService()
D/StatusBar.NetworkControllerDS(  459): updateTelephonySignalStrength: !hasService()
D/StatusBar.NetworkControllerDS(  459): updateTelephonySignalStrength: !hasService()
D/StatusBar.NetworkControllerDS(  459): updateTelephonySignalStrength: !hasService()
I/WindowManager(  381): Lock screen displayed!
D/PhoneStatusBar(  459): disable: < expand icons alerts ticker system_info BACK HOME recent* CLOCK >
I/ActivityManager(  381): Config changed: {1.0 0mcc0mnc zh_CN sw360dp w640dp h340dp nrml long land finger -keyb/v/h -nav/h s.173}
D/PhoneStatusBar(  459): disable: < expand icons alerts ticker system_info back* home* recent clock* >
W/InputMethodManagerService(  381): Window already focused, ignoring focus gain of: com.android.internal.view.IInputMethodClient$Stub$Proxy@426c9820 attribute=android.view.inputmethod.EditorInfo@423d5188
D/StatusBar.NetworkControllerDS(  459): updateTelephonySignalStrength: !hasService()
D/StatusBar.NetworkControllerDS(  459): updateTelephonySignalStrength: !hasService()
V/NetworkPolicy(  381): updateNetworkEnabledLocked()
D/NetworkPolicy(  381): setNetworkTemplateEnabled(): match rule = 1
V/NetworkPolicy(  381): updateNotificationsLocked()
D/StatusBar.NetworkControllerDS(  459): updateTelephonySignalStrength: !hasService()
D/StatusBar.NetworkControllerDS(  459): updateTelephonySignalStrength: !hasService()
D/StatusBar.NetworkControllerDS(  459): updateTelephonySignalStrength: !hasService()
D/StatusBar.NetworkControllerDS(  459): updateTelephonySignalStrength: !hasService()
V/NetworkPolicy(  381): updateNetworkEnabledLocked()
D/NetworkPolicy(  381): setNetworkTemplateEnabled(): match rule = 1
V/NetworkPolicy(  381): updateNotificationsLocked()
D/StatusBar.NetworkControllerDS(  459): updateTelephonySignalStrength: !hasService()
D/StatusBar.NetworkControllerDS(  459): updateTelephonySignalStrength: !hasService()
V/NetworkPolicy(  381): updateNetworkEnabledLocked()
D/NetworkPolicy(  381): setNetworkTemplateEnabled(): match rule = 1
V/NetworkPolicy(  381): updateNotificationsLocked()
D/StatusBar.NetworkControllerDS(  459): updateTelephonySignalStrength: !hasService()
D/StatusBar.NetworkControllerDS(  459): updateTelephonySignalStrength: !hasService()
V/NetworkPolicy(  381): updateNetworkEnabledLocked()
D/NetworkPolicy(  381): setNetworkTemplateEnabled(): match rule = 1
V/NetworkPolicy(  381): updateNotificationsLocked()
D/StatusBar.NetworkControllerDS(  459): updateTelephonySignalStrength: !hasService()
D/StatusBar.NetworkControllerDS(  459): updateTelephonySignalStrength: !hasService()
V/NetworkPolicy(  381): updateNetworkEnabledLocked()
D/NetworkPolicy(  381): setNetworkTemplateEnabled(): match rule = 1
V/NetworkPolicy(  381): updateNotificationsLocked()
D/StatusBar.NetworkControllerDS(  459): updateTelephonySignalStrength: !hasService()
D/StatusBar.NetworkControllerDS(  459): updateTelephonySignalStrength: !hasService()
V/NetworkPolicy(  381): updateNetworkEnabledLocked()
D/NetworkPolicy(  381): setNetworkTemplateEnabled(): match rule = 1
V/NetworkPolicy(  381): updateNotificationsLocked()
D/StatusBar.NetworkControllerDS(  459): updateTelephonySignalStrength: !hasService()
D/StatusBar.NetworkControllerDS(  459): updateTelephonySignalStrength: !hasService()
V/NetworkPolicy(  381): updateNetworkEnabledLocked()
D/NetworkPolicy(  381): setNetworkTemplateEnabled(): match rule = 1
V/NetworkPolicy(  381): updateNotificationsLocked()
D/StatusBar.NetworkControllerDS(  459): updateTelephonySignalStrength: !hasService()
D/StatusBar.NetworkControllerDS(  459): updateTelephonySignalStrength: !hasService()
D/PhoneStatusBar(  459): addNotification score=0
V/NetworkPolicy(  381): updateNetworkEnabledLocked()
D/NetworkPolicy(  381): setNetworkTemplateEnabled(): match rule = 1
V/NetworkPolicy(  381): updateNotificationsLocked()
D/StatusBar.NetworkControllerDS(  459): updateTelephonySignalStrength: !hasService()
D/StatusBar.NetworkControllerDS(  459): updateTelephonySignalStrength: !hasService()
D/StatusBar.NetworkControllerDS(  459): updateTelephonySignalStrength: !hasService()
V/NetworkPolicy(  381): updateNetworkEnabledLocked()
D/NetworkPolicy(  381): setNetworkTemplateEnabled(): match rule = 1
V/NetworkPolicy(  381): updateNotificationsLocked()
D/StatusBar.NetworkControllerDS(  459): updateTelephonySignalStrength: !hasService()
D/StatusBar.NetworkControllerDS(  459): updateTelephonySignalStrength: !hasService()
D/StatusBar.NetworkControllerDS(  459): updateTelephonySignalStrength: !hasService()
V/NetworkPolicy(  381): updateNetworkEnabledLocked()
D/NetworkPolicy(  381): setNetworkTemplateEnabled(): match rule = 1
V/NetworkPolicy(  381): updateNotificationsLocked()
D/StatusBar.NetworkControllerDS(  459): updateTelephonySignalStrength: !hasService()
D/StatusBar.NetworkControllerDS(  459): updateTelephonySignalStrength: !hasService()
V/NetworkPolicy(  381): updateNetworkEnabledLocked()
D/NetworkPolicy(  381): setNetworkTemplateEnabled(): match rule = 1
V/NetworkPolicy(  381): updateNotificationsLocked()
D/StatusBar.NetworkControllerDS(  459): updateTelephonySignalStrength: !hasService()
D/StatusBar.NetworkControllerDS(  459): updateTelephonySignalStrength: !hasService()
V/NetworkPolicy(  381): updateNetworkEnabledLocked()
D/NetworkPolicy(  381): setNetworkTemplateEnabled(): match rule = 1
V/NetworkPolicy(  381): updateNotificationsLocked()
D/StatusBar.NetworkControllerDS(  459): updateTelephonySignalStrength: !hasService()
D/StatusBar.NetworkControllerDS(  459): updateTelephonySignalStrength: !hasService()
V/NetworkPolicy(  381): updateNetworkEnabledLocked()
D/NetworkPolicy(  381): setNetworkTemplateEnabled(): match rule = 1
V/NetworkPolicy(  381): updateNotificationsLocked()
D/StatusBar.NetworkControllerDS(  459): updateTelephonySignalStrength: !hasService()
D/StatusBar.NetworkControllerDS(  459): updateTelephonySignalStrength: !hasService()
V/NetworkPolicy(  381): updateNetworkEnabledLocked()
D/NetworkPolicy(  381): setNetworkTemplateEnabled(): match rule = 1
V/NetworkPolicy(  381): updateNotificationsLocked()
D/StatusBar.NetworkControllerDS(  459): updateTelephonySignalStrength: !hasService()
D/StatusBar.NetworkControllerDS(  459): updateTelephonySignalStrength: !hasService()
--------- beginning of /dev/log/main
I/brcm-gr (  658): [gralloc_lock]: new usage 0x933
D/ReflectionActivity(17382): HeartSendThread -> currentRemoteIp=192.168.43.1 heartReceiveCounter=1
D/ReflectionActivity(17382): msgData=easyheartbeat
D/ReflectionActivity(17382): command.getHeartbeat()=HeartReceiveThread
D/ReflectionActivity(17382): command.getHeartbeat() yes
D/ReflectionActivity(17382): msgData=easyheartbeat
D/ReflectionActivity(17382): command.getHeartbeat()=HeartReceiveThread
D/ReflectionActivity(17382): command.getHeartbeat() yes
I/TREQ    (  118): TrEqProcessLoop in_bytes 8192
D/ReflectionActivity(17382): HeartSendThread -> currentRemoteIp=192.168.43.1 heartReceiveCounter=1
D/ReflectionActivity(17382): msgData=easyheartbeat
D/ReflectionActivity(17382): command.getHeartbeat()=HeartReceiveThread
D/ReflectionActivity(17382): command.getHeartbeat() yes
D/ReflectionActivity(17382): msgData=easyheartbeat
D/ReflectionActivity(17382): command.getHeartbeat()=HeartReceiveThread
D/ReflectionActivity(17382): command.getHeartbeat() yes
D/ReflectionActivity(17382): HeartSendThread -> currentRemoteIp=192.168.43.1 heartReceiveCounter=1
D/ReflectionActivity(17382): msgData=easyheartbeat
D/ReflectionActivity(17382): command.getHeartbeat()=HeartReceiveThread
D/ReflectionActivity(17382): command.getHeartbeat() yes
D/ReflectionActivity(17382): msgData=easyheartbeat
D/ReflectionActivity(17382): command.getHeartbeat()=HeartReceiveThread
D/ReflectionActivity(17382): command.getHeartbeat() yes
I/TREQ    (  118): TrEqProcessLoop in_bytes 8192
D/SmsProvider(  546): --------query and url=content://sms/inbox-------
D/dalvikvm(  546): WAIT_FOR_CONCURRENT_GC blocked 0ms
D/dalvikvm(  546): GC_EXPLICIT freed 248K, 34% free 10791K/16323K, paused 2ms+8ms, total 37ms
I/brcm-gr (  658): [gralloc_lock]: new usage 0x903
I/brcm-gr (  658): [gralloc_lock]: new usage 0x930
I/brcm-gr (  658): [gralloc_lock]: new usage 0x933
V/NetworkPolicy(  381): updateNetworkEnabledLocked()
D/NetworkPolicy(  381): setNetworkTemplateEnabled(): match rule = 1
V/NetworkPolicy(  381): updateNotificationsLocked()
D/ReflectionActivity(17382): HeartSendThread -> currentRemoteIp=192.168.43.1 heartReceiveCounter=1
D/ReflectionActivity(17382): msgData=easyheartbeat
D/ReflectionActivity(17382): command.getHeartbeat()=HeartReceiveThread
D/ReflectionActivity(17382): command.getHeartbeat() yes
D/StatusBar.NetworkControllerDS(  459): updateTelephonySignalStrength: !hasService()
D/StatusBar.NetworkControllerDS(  459): updateTelephonySignalStrength: !hasService()
D/ReflectionActivity(17382): msgData=easyheartbeat
D/ReflectionActivity(17382): command.getHeartbeat()=HeartReceiveThread
D/ReflectionActivity(17382): command.getHeartbeat() yes
D/[TCP_SERVER](18388): Session local:/127.0.0.1:10201 remote:/127.0.0.1:51384@Dispatching 99 bytes data to uplayer
D/ReflectionActivity(17382): HeartSendThread -> currentRemoteIp=192.168.43.1 heartReceiveCounter=1
D/ReflectionActivity(17382): msgData=easyheartbeat
D/ReflectionActivity(17382): command.getHeartbeat()=HeartReceiveThread
D/ReflectionActivity(17382): command.getHeartbeat() yes
D/ReflectionActivity(17382): msgData=easyheartbeat
D/ReflectionActivity(17382): command.getHeartbeat()=HeartReceiveThread
D/ReflectionActivity(17382): command.getHeartbeat() yes
D/[TCP_SERVER](18388): Session local:/127.0.0.1:10201 remote:/127.0.0.1:51385@Dispatching 105 bytes data to uplayer
D/[TCP_SERVER](18388): Session local:/127.0.0.1:10201 remote:/127.0.0.1:51386@Dispatching 105 bytes data to uplayer
I/TREQ    (  118): TrEqProcessLoop in_bytes 8192
D/ReflectionActivity(17382): HeartSendThread -> currentRemoteIp=192.168.43.1 heartReceiveCounter=1
D/ReflectionActivity(17382): msgData=easyheartbeat
D/ReflectionActivity(17382): command.getHeartbeat()=HeartReceiveThread
D/ReflectionActivity(17382): command.getHeartbeat() yes
D/ReflectionActivity(17382): msgData=easyheartbeat
D/ReflectionActivity(17382): command.getHeartbeat()=HeartReceiveThread
D/ReflectionActivity(17382): command.getHeartbeat() yes
I/brcm-gr (  658): [gralloc_lock]: new usage 0x903
I/brcm-gr (  658): [gralloc_lock]: new usage 0x930
I/brcm-gr (  658): [gralloc_lock]: new usage 0x933
D/ReflectionActivity(17382): HeartSendThread -> currentRemoteIp=192.168.43.1 heartReceiveCounter=1
D/ReflectionActivity(17382): msgData=easyheartbeat
D/ReflectionActivity(17382): command.getHeartbeat()=HeartReceiveThread
D/ReflectionActivity(17382): command.getHeartbeat() yes
D/ReflectionActivity(17382): msgData=easyheartbeat
D/ReflectionActivity(17382): command.getHeartbeat()=HeartReceiveThread
D/ReflectionActivity(17382): command.getHeartbeat() yes
I/TREQ    (  118): TrEqProcessLoop in_bytes 8192
D/ReflectionActivity(17382): HeartSendThread -> currentRemoteIp=192.168.43.1 heartReceiveCounter=1
D/ReflectionActivity(17382): msgData=easyheartbeat
D/ReflectionActivity(17382): command.getHeartbeat()=HeartReceiveThread
D/ReflectionActivity(17382): command.getHeartbeat() yes
D/ReflectionActivity(17382): msgData=easyheartbeat
D/ReflectionActivity(17382): command.getHeartbeat()=HeartReceiveThread
D/ReflectionActivity(17382): command.getHeartbeat() yes
D/[TCP_SERVER](18388): Session local:/127.0.0.1:10201 remote:/127.0.0.1:51387@Dispatching 162 bytes data to uplayer
D/SmsProvider(  546): --------query and url=content://sms/inbox-------
D/[TCP_SERVER](18388): Session local:/127.0.0.1:10201 remote:/127.0.0.1:51388@Dispatching 149 bytes data to uplayer
D/ReflectionActivity(17382): HeartSendThread -> currentRemoteIp=192.168.43.1 heartReceiveCounter=1
D/ReflectionActivity(17382): msgData=easyheartbeat
D/ReflectionActivity(17382): command.getHeartbeat()=HeartReceiveThread
D/ReflectionActivity(17382): command.getHeartbeat() yes
D/ReflectionActivity(17382): msgData=easyheartbeat
D/ReflectionActivity(17382): command.getHeartbeat()=HeartReceiveThread
D/ReflectionActivity(17382): command.getHeartbeat() yes
D/StatusBar.NetworkControllerDS(  459): updateTelephonySignalStrength: !hasService()
D/StatusBar.NetworkControllerDS(  459): updateTelephonySignalStrength: !hasService()
V/NetworkPolicy(  381): updateNetworkEnabledLocked()
D/NetworkPolicy(  381): setNetworkTemplateEnabled(): match rule = 1
V/NetworkPolicy(  381): updateNotificationsLocked()
D/StatusBar.NetworkControllerDS(  459): updateTelephonySignalStrength: !hasService()
I/TREQ    (  118): TrEqProcessLoop in_bytes 8192
I/brcm-gr (  658): [gralloc_lock]: new usage 0x903
I/brcm-gr (  658): [gralloc_lock]: new usage 0x930
I/brcm-gr (  658): [gralloc_lock]: new usage 0x933
D/[TCP_SERVER](18388): Session local:/127.0.0.1:10201 remote:/127.0.0.1:51389@Dispatching 99 bytes data to uplayer
D/ReflectionActivity(17382): HeartSendThread -> currentRemoteIp=192.168.43.1 heartReceiveCounter=1
D/ReflectionActivity(17382): msgData=easyheartbeat
D/ReflectionActivity(17382): command.getHeartbeat()=HeartReceiveThread
D/ReflectionActivity(17382): command.getHeartbeat() yes
D/ReflectionActivity(17382): msgData=easyheartbeat
D/ReflectionActivity(17382): command.getHeartbeat()=HeartReceiveThread
D/ReflectionActivity(17382): command.getHeartbeat() yes
D/[TCP_SERVER](18388): Session local:/127.0.0.1:10201 remote:/127.0.0.1:51390@Dispatching 105 bytes data to uplayer
D/[TCP_SERVER](18388): Session local:/127.0.0.1:10201 remote:/127.0.0.1:51391@Dispatching 105 bytes data to uplayer
D/ReflectionActivity(17382): HeartSendThread -> currentRemoteIp=192.168.43.1 heartReceiveCounter=1
D/ReflectionActivity(17382): msgData=easyheartbeat
D/ReflectionActivity(17382): command.getHeartbeat()=HeartReceiveThread
D/ReflectionActivity(17382): command.getHeartbeat() yes
D/ReflectionActivity(17382): msgData=easyheartbeat
D/ReflectionActivity(17382): command.getHeartbeat()=HeartReceiveThread
D/ReflectionActivity(17382): command.getHeartbeat() yes
I/TREQ    (  118): TrEqProcessLoop in_bytes 8192
D/ReflectionActivity(17382): HeartSendThread -> currentRemoteIp=192.168.43.1 heartReceiveCounter=1
D/ReflectionActivity(17382): msgData=easyheartbeat
D/ReflectionActivity(17382): command.getHeartbeat()=HeartReceiveThread
D/ReflectionActivity(17382): command.getHeartbeat() yes
D/ReflectionActivity(17382): msgData=easyheartbeat
D/ReflectionActivity(17382): command.getHeartbeat()=HeartReceiveThread
D/ReflectionActivity(17382): command.getHeartbeat() yes
I/brcm-gr (  658): [gralloc_lock]: new usage 0x903
I/brcm-gr (  658): [gralloc_lock]: new usage 0x930
D/SizeAdaptiveLayout(  459): com.android.internal.widget.SizeAdaptiveLayout@43064338child view android.widget.RelativeLayout@434e4250 measured out of bounds at 124px clamped to 128px
D/SizeAdaptiveLayout(  459): com.android.internal.widget.SizeAdaptiveLayout@43064338child view android.widget.RelativeLayout@434e4250 measured out of bounds at 124px clamped to 128px
I/brcm-gr (  658): [gralloc_lock]: new usage 0x933
D/ReflectionActivity(17382): HeartSendThread -> currentRemoteIp=192.168.43.1 heartReceiveCounter=1
D/ReflectionActivity(17382): msgData=easyheartbeat
D/ReflectionActivity(17382): command.getHeartbeat()=HeartReceiveThread
D/ReflectionActivity(17382): command.getHeartbeat() yes
D/ReflectionActivity(17382): msgData=easyheartbeat
D/ReflectionActivity(17382): command.getHeartbeat()=HeartReceiveThread
D/ReflectionActivity(17382): command.getHeartbeat() yes
D/SmsProvider(  546): --------query and url=content://sms/inbox-------
D/StatusBar.NetworkControllerDS(  459): updateTelephonySignalStrength: !hasService()
D/StatusBar.NetworkControllerDS(  459): updateTelephonySignalStrength: !hasService()
D/ReflectionActivity(17382): HeartSendThread -> currentRemoteIp=192.168.43.1 heartReceiveCounter=1
D/ReflectionActivity(17382): msgData=easyheartbeat
D/ReflectionActivity(17382): command.getHeartbeat()=HeartReceiveThread
D/ReflectionActivity(17382): command.getHeartbeat() yes
D/ReflectionActivity(17382): msgData=easyheartbeat
D/ReflectionActivity(17382): command.getHeartbeat()=HeartReceiveThread
D/ReflectionActivity(17382): command.getHeartbeat() yes
I/TREQ    (  118): TrEqProcessLoop in_bytes 8192
D/dalvikvm(  381): GC_CONCURRENT freed 1996K, 47% free 13679K/25347K, paused 3ms+11ms, total 74ms
D/dalvikvm(  381): WAIT_FOR_CONCURRENT_GC blocked 46ms
V/NetworkPolicy(  381): updateNetworkEnabledLocked()
D/NetworkPolicy(  381): setNetworkTemplateEnabled(): match rule = 1
V/NetworkPolicy(  381): updateNotificationsLocked()
D/[TCP_SERVER](18388): Session local:/127.0.0.1:10201 remote:/127.0.0.1:51392@Dispatching 99 bytes data to uplayer
D/ReflectionActivity(17382): HeartSendThread -> currentRemoteIp=192.168.43.1 heartReceiveCounter=1
D/ReflectionActivity(17382): msgData=easyheartbeat
D/ReflectionActivity(17382): command.getHeartbeat()=HeartReceiveThread
D/ReflectionActivity(17382): command.getHeartbeat() yes
D/ReflectionActivity(17382): msgData=easyheartbeat
D/ReflectionActivity(17382): command.getHeartbeat()=HeartReceiveThread
D/ReflectionActivity(17382): command.getHeartbeat() yes
D/[TCP_SERVER](18388): Session local:/127.0.0.1:10201 remote:/127.0.0.1:51393@Dispatching 105 bytes data to uplayer
D/[TCP_SERVER](18388): Session local:/127.0.0.1:10201 remote:/127.0.0.1:51394@Dispatching 105 bytes data to uplayer
I/brcm-gr (  658): [gralloc_lock]: new usage 0x903
I/brcm-gr (  658): [gralloc_lock]: new usage 0x930
I/brcm-gr (  658): [gralloc_lock]: new usage 0x933
D/ReflectionActivity(17382): HeartSendThread -> currentRemoteIp=192.168.43.1 heartReceiveCounter=1
D/ReflectionActivity(17382): msgData=easyheartbeat
D/ReflectionActivity(17382): command.getHeartbeat()=HeartReceiveThread
D/ReflectionActivity(17382): command.getHeartbeat() yes
D/ReflectionActivity(17382): msgData=easyheartbeat
D/ReflectionActivity(17382): command.getHeartbeat()=HeartReceiveThread
D/ReflectionActivity(17382): command.getHeartbeat() yes
I/TREQ    (  118): TrEqProcessLoop in_bytes 8192
D/ReflectionActivity(17382): HeartSendThread -> currentRemoteIp=192.168.43.1 heartReceiveCounter=1
D/ReflectionActivity(17382): msgData=easyheartbeat
D/ReflectionActivity(17382): command.getHeartbeat()=HeartReceiveThread
D/ReflectionActivity(17382): command.getHeartbeat() yes
D/ReflectionActivity(17382): msgData=easyheartbeat
D/ReflectionActivity(17382): command.getHeartbeat()=HeartReceiveThread
D/ReflectionActivity(17382): command.getHeartbeat() yes
D/ReflectionActivity(17382): HeartSendThread -> currentRemoteIp=192.168.43.1 heartReceiveCounter=1
D/ReflectionActivity(17382): msgData=easyheartbeat
D/ReflectionActivity(17382): command.getHeartbeat()=HeartReceiveThread
D/ReflectionActivity(17382): command.getHeartbeat() yes
D/ReflectionActivity(17382): msgData=easyheartbeat
D/ReflectionActivity(17382): command.getHeartbeat()=HeartReceiveThread
D/ReflectionActivity(17382): command.getHeartbeat() yes
I/TREQ    (  118): TrEqProcessLoop in_bytes 8192
D/[TCP_SERVER](18388): Session local:/127.0.0.1:10201 remote:/127.0.0.1:51395@Dispatching 162 bytes data to uplayer
D/SmsProvider(  546): --------query and url=content://sms/inbox-------
D/[TCP_SERVER](18388): Session local:/127.0.0.1:10201 remote:/127.0.0.1:51396@Dispatching 149 bytes data to uplayer
I/brcm-gr (  658): [gralloc_lock]: new usage 0x903
I/brcm-gr (  658): [gralloc_lock]: new usage 0x930
I/brcm-gr (  658): [gralloc_lock]: new usage 0x933
D/ReflectionActivity(17382): HeartSendThread -> currentRemoteIp=192.168.43.1 heartReceiveCounter=1
D/StatusBar.NetworkControllerDS(  459): updateTelephonySignalStrength: !hasService()
D/StatusBar.NetworkControllerDS(  459): updateTelephonySignalStrength: !hasService()
D/ReflectionActivity(17382): msgData=easyheartbeat
D/ReflectionActivity(17382): command.getHeartbeat()=HeartReceiveThread
D/ReflectionActivity(17382): command.getHeartbeat() yes
D/ReflectionActivity(17382): msgData=easyheartbeat
D/ReflectionActivity(17382): command.getHeartbeat()=HeartReceiveThread
D/ReflectionActivity(17382): command.getHeartbeat() yes
V/NetworkPolicy(  381): updateNetworkEnabledLocked()
D/NetworkPolicy(  381): setNetworkTemplateEnabled(): match rule = 1
V/NetworkPolicy(  381): updateNotificationsLocked()
D/[TCP_SERVER](18388): Session local:/127.0.0.1:10201 remote:/127.0.0.1:51397@Dispatching 99 bytes data to uplayer
D/ReflectionActivity(17382): HeartSendThread -> currentRemoteIp=192.168.43.1 heartReceiveCounter=1
D/ReflectionActivity(17382): msgData=easyheartbeat
D/ReflectionActivity(17382): command.getHeartbeat()=HeartReceiveThread
D/ReflectionActivity(17382): command.getHeartbeat() yes
D/ReflectionActivity(17382): msgData=easyheartbeat
D/ReflectionActivity(17382): command.getHeartbeat()=HeartReceiveThread
D/ReflectionActivity(17382): command.getHeartbeat() yes
D/[TCP_SERVER](18388): Session local:/127.0.0.1:10201 remote:/127.0.0.1:51398@Dispatching 105 bytes data to uplayer
D/[TCP_SERVER](18388): Session local:/127.0.0.1:10201 remote:/127.0.0.1:51399@Dispatching 105 bytes data to uplayer
I/TREQ    (  118): TrEqProcessLoop in_bytes 8192
D/ReflectionActivity(17382): HeartSendThread -> currentRemoteIp=192.168.43.1 heartReceiveCounter=1
D/ReflectionActivity(17382): msgData=easyheartbeat
D/ReflectionActivity(17382): command.getHeartbeat()=HeartReceiveThread
D/ReflectionActivity(17382): command.getHeartbeat() yes
D/ReflectionActivity(17382): msgData=easyheartbeat
D/ReflectionActivity(17382): command.getHeartbeat()=HeartReceiveThread
D/ReflectionActivity(17382): command.getHeartbeat() yes
D/ReflectionActivity(17382): HeartSendThread -> currentRemoteIp=192.168.43.1 heartReceiveCounter=1
I/brcm-gr (  658): [gralloc_lock]: new usage 0x903
I/brcm-gr (  658): [gralloc_lock]: new usage 0x930
D/ReflectionActivity(17382): msgData=easyheartbeat
D/ReflectionActivity(17382): command.getHeartbeat()=HeartReceiveThread
D/ReflectionActivity(17382): command.getHeartbeat() yes
D/ReflectionActivity(17382): msgData=easyheartbeat
D/ReflectionActivity(17382): command.getHeartbeat()=HeartReceiveThread
D/ReflectionActivity(17382): command.getHeartbeat() yes
I/brcm-gr (  658): [gralloc_lock]: new usage 0x933
I/TREQ    (  118): TrEqProcessLoop in_bytes 8192
D/ReflectionActivity(17382): HeartSendThread -> currentRemoteIp=192.168.43.1 heartReceiveCounter=1
D/ReflectionActivity(17382): msgData=easyheartbeat
D/ReflectionActivity(17382): command.getHeartbeat()=HeartReceiveThread
D/ReflectionActivity(17382): command.getHeartbeat() yes
D/ReflectionActivity(17382): msgData=easyheartbeat
D/ReflectionActivity(17382): command.getHeartbeat()=HeartReceiveThread
D/ReflectionActivity(17382): command.getHeartbeat() yes
D/SmsProvider(  546): --------query and url=content://sms/inbox-------
D/StatusBar.NetworkControllerDS(  459): updateTelephonySignalStrength: !hasService()
D/StatusBar.NetworkControllerDS(  459): updateTelephonySignalStrength: !hasService()
D/ReflectionActivity(17382): HeartSendThread -> currentRemoteIp=192.168.43.1 heartReceiveCounter=1
D/ReflectionActivity(17382): msgData=easyheartbeat
D/ReflectionActivity(17382): command.getHeartbeat()=HeartReceiveThread
D/ReflectionActivity(17382): command.getHeartbeat() yes
D/ReflectionActivity(17382): msgData=easyheartbeat
D/ReflectionActivity(17382): command.getHeartbeat()=HeartReceiveThread
D/ReflectionActivity(17382): command.getHeartbeat() yes
D/SizeAdaptiveLayout(  459): com.android.internal.widget.SizeAdaptiveLayout@430ea3b8child view android.widget.FrameLayout@430650b0 measured out of bounds at 130px clamped to 128px
D/SizeAdaptiveLayout(  459): com.android.internal.widget.SizeAdaptiveLayout@430ea3b8child view android.widget.FrameLayout@430650b0 measured out of bounds at 130px clamped to 128px
D/SizeAdaptiveLayout(  459): com.android.internal.widget.SizeAdaptiveLayout@43373140child view android.widget.FrameLayout@433263d0 measured out of bounds at 130px clamped to 128px
D/SizeAdaptiveLayout(  459): com.android.internal.widget.SizeAdaptiveLayout@43373140child view android.widget.FrameLayout@433263d0 measured out of bounds at 130px clamped to 128px
I/TREQ    (  118): TrEqProcessLoop in_bytes 8192
D/[TCP_SERVER](18388): Session local:/127.0.0.1:10201 remote:/127.0.0.1:51400@Dispatching 99 bytes data to uplayer
D/ReflectionActivity(17382): HeartSendThread -> currentRemoteIp=192.168.43.1 heartReceiveCounter=1
D/ReflectionActivity(17382): msgData=easyheartbeat
D/ReflectionActivity(17382): command.getHeartbeat()=HeartReceiveThread
D/ReflectionActivity(17382): command.getHeartbeat() yes
D/ReflectionActivity(17382): msgData=easyheartbeat
D/ReflectionActivity(17382): command.getHeartbeat()=HeartReceiveThread
D/ReflectionActivity(17382): command.getHeartbeat() yes
I/brcm-gr (  658): [gralloc_lock]: new usage 0x903
I/brcm-gr (  658): [gralloc_lock]: new usage 0x930
I/brcm-gr (  658): [gralloc_lock]: new usage 0x933
V/NetworkPolicy(  381): updateNetworkEnabledLocked()
D/NetworkPolicy(  381): setNetworkTemplateEnabled(): match rule = 1
V/NetworkPolicy(  381): updateNotificationsLocked()
D/[TCP_SERVER](18388): Session local:/127.0.0.1:10201 remote:/127.0.0.1:51401@Dispatching 105 bytes data to uplayer
D/[TCP_SERVER](18388): Session local:/127.0.0.1:10201 remote:/127.0.0.1:51402@Dispatching 105 bytes data to uplayer
D/ReflectionActivity(17382): HeartSendThread -> currentRemoteIp=192.168.43.1 heartReceiveCounter=1
D/ReflectionActivity(17382): msgData=easyheartbeat
D/ReflectionActivity(17382): command.getHeartbeat()=HeartReceiveThread
D/ReflectionActivity(17382): command.getHeartbeat() yes
D/ReflectionActivity(17382): msgData=easyheartbeat
D/ReflectionActivity(17382): command.getHeartbeat()=HeartReceiveThread
D/ReflectionActivity(17382): command.getHeartbeat() yes
E/ReflectionActivity(17382): x= 1028 y= 240
E/ReflectionActivity(17382): ACTION_DOWN
E/ReflectionActivity(17382): x= 1027 y= 254
E/ReflectionActivity(17382): x= 1026 y= 275
E/ReflectionActivity(17382): x= 1021 y= 295
E/ReflectionActivity(17382): x= 1017 y= 315
E/ReflectionActivity(17382): x= 1005 y= 354
E/ReflectionActivity(17382): x= 1002 y= 364
E/ReflectionActivity(17382): x= 1000 y= 368
E/ReflectionActivity(17382): x= 1000 y= 369
E/ReflectionActivity(17382): x= 1001 y= 347
E/ReflectionActivity(17382): x= 1006 y= 328
E/ReflectionActivity(17382): x= 1014 y= 306
E/ReflectionActivity(17382): x= 1020 y= 290
E/ReflectionActivity(17382): x= 1032 y= 261
E/ReflectionActivity(17382): x= 1037 y= 254
E/ReflectionActivity(17382): x= 1039 y= 251
E/ReflectionActivity(17382): x= 1039 y= 251
E/ReflectionActivity(17382): x= 1044 y= 262
E/ReflectionActivity(17382): x= 1045 y= 277
E/ReflectionActivity(17382): x= 1042 y= 296
E/ReflectionActivity(17382): x= 1039 y= 312
E/ReflectionActivity(17382): x= 1037 y= 320
E/ReflectionActivity(17382): x= 1037 y= 321
E/ReflectionActivity(17382): x= 1038 y= 309
E/ReflectionActivity(17382): x= 1042 y= 295
E/ReflectionActivity(17382): x= 1047 y= 281
E/ReflectionActivity(17382): x= 1052 y= 269
E/ReflectionActivity(17382): x= 1055 y= 261
E/ReflectionActivity(17382): x= 1058 y= 258
E/ReflectionActivity(17382): x= 1059 y= 258
E/ReflectionActivity(17382): x= 1068 y= 261
I/TREQ    (  118): TrEqProcessLoop in_bytes 8192
E/ReflectionActivity(17382): x= 1070 y= 267
E/ReflectionActivity(17382): x= 1071 y= 272
E/ReflectionActivity(17382): x= 1071 y= 287
E/ReflectionActivity(17382): x= 1070 y= 290
E/ReflectionActivity(17382): x= 1070 y= 293
E/ReflectionActivity(17382): x= 1070 y= 295
E/ReflectionActivity(17382): x= 1075 y= 293
E/ReflectionActivity(17382): x= 1078 y= 289
E/ReflectionActivity(17382): x= 1080 y= 289
E/ReflectionActivity(17382): ACTION_UP
E/ReflectionActivity(17382): x= 1080 y= 289
D/ReflectionActivity(17382): HeartSendThread -> currentRemoteIp=192.168.43.1 heartReceiveCounter=1
D/ReflectionActivity(17382): msgData=easyheartbeat
D/ReflectionActivity(17382): command.getHeartbeat()=HeartReceiveThread
D/ReflectionActivity(17382): command.getHeartbeat() yes
D/ReflectionActivity(17382): msgData=easyheartbeat
D/ReflectionActivity(17382): command.getHeartbeat()=HeartReceiveThread
D/ReflectionActivity(17382): command.getHeartbeat() yes
D/ReflectionActivity(17382): HeartSendThread -> currentRemoteIp=192.168.43.1 heartReceiveCounter=1
D/ReflectionActivity(17382): msgData=easyheartbeat
D/ReflectionActivity(17382): command.getHeartbeat()=HeartReceiveThread
D/ReflectionActivity(17382): command.getHeartbeat() yes
D/ReflectionActivity(17382): msgData=easyheartbeat
D/ReflectionActivity(17382): command.getHeartbeat()=HeartReceiveThread
D/ReflectionActivity(17382): command.getHeartbeat() yes
I/brcm-gr (  658): [gralloc_lock]: new usage 0x903
I/brcm-gr (  658): [gralloc_lock]: new usage 0x930
I/brcm-gr (  658): [gralloc_lock]: new usage 0x933
D/[TCP_SERVER](18388): Session local:/127.0.0.1:10201 remote:/127.0.0.1:51403@Dispatching 162 bytes data to uplayer
D/SmsProvider(  546): --------query and url=content://sms/inbox-------
D/[TCP_SERVER](18388): Session local:/127.0.0.1:10201 remote:/127.0.0.1:51404@Dispatching 149 bytes data to uplayer
D/StatusBar.NetworkControllerDS(  459): updateTelephonySignalStrength: !hasService()
I/TREQ    (  118): TrEqProcessLoop in_bytes 8192
D/StatusBar.NetworkControllerDS(  459): updateTelephonySignalStrength: !hasService()
D/ReflectionActivity(17382): HeartSendThread -> currentRemoteIp=192.168.43.1 heartReceiveCounter=1
D/ReflectionActivity(17382): msgData=easyheartbeat
D/ReflectionActivity(17382): command.getHeartbeat()=HeartReceiveThread
D/ReflectionActivity(17382): command.getHeartbeat() yes
D/ReflectionActivity(17382): msgData=easyheartbeat
D/ReflectionActivity(17382): command.getHeartbeat()=HeartReceiveThread
D/ReflectionActivity(17382): command.getHeartbeat() yes
D/[TCP_SERVER](18388): Session local:/127.0.0.1:10201 remote:/127.0.0.1:51405@Dispatching 99 bytes data to uplayer
D/ReflectionActivity(17382): HeartSendThread -> currentRemoteIp=192.168.43.1 heartReceiveCounter=1
D/ReflectionActivity(17382): msgData=easyheartbeat
D/ReflectionActivity(17382): command.getHeartbeat()=HeartReceiveThread
D/ReflectionActivity(17382): command.getHeartbeat() yes
D/ReflectionActivity(17382): msgData=easyheartbeat
D/ReflectionActivity(17382): command.getHeartbeat()=HeartReceiveThread
D/ReflectionActivity(17382): command.getHeartbeat() yes
D/[TCP_SERVER](18388): Session local:/127.0.0.1:10201 remote:/127.0.0.1:51406@Dispatching 105 bytes data to uplayer
D/[TCP_SERVER](18388): Session local:/127.0.0.1:10201 remote:/127.0.0.1:51407@Dispatching 105 bytes data to uplayer
D/ReflectionActivity(17382): HeartSendThread -> currentRemoteIp=192.168.43.1 heartReceiveCounter=1
D/ReflectionActivity(17382): msgData=easyheartbeat
D/ReflectionActivity(17382): command.getHeartbeat()=HeartReceiveThread
D/ReflectionActivity(17382): command.getHeartbeat() yes
D/ReflectionActivity(17382): msgData=easyheartbeat
D/ReflectionActivity(17382): command.getHeartbeat()=HeartReceiveThread
D/ReflectionActivity(17382): command.getHeartbeat() yes
D/SizeAdaptiveLayout(  459): com.android.internal.widget.SizeAdaptiveLayout@43064338child view android.widget.RelativeLayout@434e4250 measured out of bounds at 124px clamped to 128px
I/brcm-gr (  658): [gralloc_lock]: new usage 0x903
I/brcm-gr (  658): [gralloc_lock]: new usage 0x930
I/brcm-gr (  658): [gralloc_lock]: new usage 0x933
D/SizeAdaptiveLayout(  459): com.android.internal.widget.SizeAdaptiveLayout@43064338child view android.widget.RelativeLayout@434e4250 measured out of bounds at 124px clamped to 128px
I/TREQ    (  118): TrEqProcessLoop in_bytes 8192
D/ReflectionActivity(17382): HeartSendThread -> currentRemoteIp=192.168.43.1 heartReceiveCounter=1
D/ReflectionActivity(17382): msgData=easyheartbeat
D/ReflectionActivity(17382): command.getHeartbeat()=HeartReceiveThread
D/ReflectionActivity(17382): command.getHeartbeat() yes
D/ReflectionActivity(17382): msgData=easyheartbeat
D/ReflectionActivity(17382): command.getHeartbeat()=HeartReceiveThread
D/ReflectionActivity(17382): command.getHeartbeat() yes
V/NetworkPolicy(  381): updateNetworkEnabledLocked()
D/NetworkPolicy(  381): setNetworkTemplateEnabled(): match rule = 1
V/NetworkPolicy(  381): updateNotificationsLocked()
D/ReflectionActivity(17382): HeartSendThread -> currentRemoteIp=192.168.43.1 heartReceiveCounter=1
D/ReflectionActivity(17382): msgData=easyheartbeat
D/ReflectionActivity(17382): command.getHeartbeat()=HeartReceiveThread
D/ReflectionActivity(17382): command.getHeartbeat() yes
D/ReflectionActivity(17382): msgData=easyheartbeat
D/ReflectionActivity(17382): command.getHeartbeat()=HeartReceiveThread
D/ReflectionActivity(17382): command.getHeartbeat() yes
I/TREQ    (  118): TrEqProcessLoop in_bytes 8192
D/SmsProvider(  546): --------query and url=content://sms/inbox-------
D/StatusBar.NetworkControllerDS(  459): updateTelephonySignalStrength: !hasService()
D/StatusBar.NetworkControllerDS(  459): updateTelephonySignalStrength: !hasService()
D/ReflectionActivity(17382): HeartSendThread -> currentRemoteIp=192.168.43.1 heartReceiveCounter=1
D/ReflectionActivity(17382): msgData=easyheartbeat
D/ReflectionActivity(17382): command.getHeartbeat()=HeartReceiveThread
D/ReflectionActivity(17382): command.getHeartbeat() yes
D/ReflectionActivity(17382): msgData=easyheartbeat
D/ReflectionActivity(17382): command.getHeartbeat()=HeartReceiveThread
D/ReflectionActivity(17382): command.getHeartbeat() yes
I/brcm-gr (  658): [gralloc_lock]: new usage 0x903
I/brcm-gr (  658): [gralloc_lock]: new usage 0x930
I/brcm-gr (  658): [gralloc_lock]: new usage 0x933
D/[TCP_SERVER](18388): Session local:/127.0.0.1:10201 remote:/127.0.0.1:51408@Dispatching 99 bytes data to uplayer
D/ReflectionActivity(17382): HeartSendThread -> currentRemoteIp=192.168.43.1 heartReceiveCounter=1
D/ReflectionActivity(17382): msgData=easyheartbeat
D/ReflectionActivity(17382): command.getHeartbeat()=HeartReceiveThread
D/ReflectionActivity(17382): command.getHeartbeat() yes
D/ReflectionActivity(17382): msgData=easyheartbeat
D/ReflectionActivity(17382): command.getHeartbeat()=HeartReceiveThread
D/ReflectionActivity(17382): command.getHeartbeat() yes
D/[TCP_SERVER](18388): Session local:/127.0.0.1:10201 remote:/127.0.0.1:51409@Dispatching 105 bytes data to uplayer
I/TREQ    (  118): TrEqProcessLoop in_bytes 8192
D/[TCP_SERVER](18388): Session local:/127.0.0.1:10201 remote:/127.0.0.1:51410@Dispatching 105 bytes data to uplayer
D/dalvikvm(18388): GC_CONCURRENT freed 1925K, 36% free 10236K/15939K, paused 6ms+3ms, total 50ms
D/ReflectionActivity(17382): HeartSendThread -> currentRemoteIp=192.168.43.1 heartReceiveCounter=1
D/ReflectionActivity(17382): msgData=easyheartbeat
D/ReflectionActivity(17382): command.getHeartbeat()=HeartReceiveThread
D/ReflectionActivity(17382): command.getHeartbeat() yes
D/ReflectionActivity(17382): msgData=easyheartbeat
D/ReflectionActivity(17382): command.getHeartbeat()=HeartReceiveThread
D/ReflectionActivity(17382): command.getHeartbeat() yes
D/ReflectionActivity(17382): HeartSendThread -> currentRemoteIp=192.168.43.1 heartReceiveCounter=1
D/ReflectionActivity(17382): msgData=easyheartbeat
D/ReflectionActivity(17382): command.getHeartbeat()=HeartReceiveThread
D/ReflectionActivity(17382): command.getHeartbeat() yes
D/ReflectionActivity(17382): msgData=easyheartbeat
D/ReflectionActivity(17382): command.getHeartbeat()=HeartReceiveThread
D/ReflectionActivity(17382): command.getHeartbeat() yes
I/brcm-gr (  658): [gralloc_lock]: new usage 0x903
I/brcm-gr (  658): [gralloc_lock]: new usage 0x930
I/brcm-gr (  658): [gralloc_lock]: new usage 0x933
V/NetworkPolicy(  381): updateNetworkEnabledLocked()
D/NetworkPolicy(  381): setNetworkTemplateEnabled(): match rule = 1
V/NetworkPolicy(  381): updateNotificationsLocked()
I/TREQ    (  118): TrEqProcessLoop in_bytes 8192
D/StatusBar.NetworkControllerDS(  459): updateTelephonySignalStrength: !hasService()
D/ReflectionActivity(17382): HeartSendThread -> currentRemoteIp=192.168.43.1 heartReceiveCounter=1
D/ReflectionActivity(17382): msgData=easyheartbeat
D/ReflectionActivity(17382): command.getHeartbeat()=HeartReceiveThread
D/ReflectionActivity(17382): command.getHeartbeat() yes
D/ReflectionActivity(17382): msgData=easyheartbeat
D/ReflectionActivity(17382): command.getHeartbeat()=HeartReceiveThread
D/ReflectionActivity(17382): command.getHeartbeat() yes
D/[TCP_SERVER](18388): Session local:/127.0.0.1:10201 remote:/127.0.0.1:51411@Dispatching 162 bytes data to uplayer
D/SmsProvider(  546): --------query and url=content://sms/inbox-------
D/[TCP_SERVER](18388): Session local:/127.0.0.1:10201 remote:/127.0.0.1:51412@Dispatching 149 bytes data to uplayer
D/StatusBar.NetworkControllerDS(  459): updateTelephonySignalStrength: !hasService()
D/StatusBar.NetworkControllerDS(  459): updateTelephonySignalStrength: !hasService()
D/ReflectionActivity(17382): HeartSendThread -> currentRemoteIp=192.168.43.1 heartReceiveCounter=1
D/ReflectionActivity(17382): msgData=easyheartbeat
D/ReflectionActivity(17382): command.getHeartbeat()=HeartReceiveThread
D/ReflectionActivity(17382): command.getHeartbeat() yes
D/ReflectionActivity(17382): msgData=easyheartbeat
D/ReflectionActivity(17382): command.getHeartbeat()=HeartReceiveThread
D/ReflectionActivity(17382): command.getHeartbeat() yes
I/TREQ    (  118): TrEqProcessLoop in_bytes 8192
D/[TCP_SERVER](18388): Session local:/127.0.0.1:10201 remote:/127.0.0.1:51413@Dispatching 99 bytes data to uplayer
D/ReflectionActivity(17382): HeartSendThread -> currentRemoteIp=192.168.43.1 heartReceiveCounter=1
D/ReflectionActivity(17382): msgData=easyheartbeat
D/ReflectionActivity(17382): command.getHeartbeat()=HeartReceiveThread
D/ReflectionActivity(17382): command.getHeartbeat() yes
D/ReflectionActivity(17382): msgData=easyheartbeat
D/ReflectionActivity(17382): command.getHeartbeat()=HeartReceiveThread
D/ReflectionActivity(17382): command.getHeartbeat() yes
I/brcm-gr (  658): [gralloc_lock]: new usage 0x903
I/brcm-gr (  658): [gralloc_lock]: new usage 0x930
I/brcm-gr (  658): [gralloc_lock]: new usage 0x933
D/[TCP_SERVER](18388): Session local:/127.0.0.1:10201 remote:/127.0.0.1:51414@Dispatching 105 bytes data to uplayer
D/[TCP_SERVER](18388): Session local:/127.0.0.1:10201 remote:/127.0.0.1:51415@Dispatching 105 bytes data to uplayer
D/ReflectionActivity(17382): HeartSendThread -> currentRemoteIp=192.168.43.1 heartReceiveCounter=1
D/ReflectionActivity(17382): msgData=easyheartbeat
D/ReflectionActivity(17382): command.getHeartbeat()=HeartReceiveThread
D/ReflectionActivity(17382): command.getHeartbeat() yes
D/ReflectionActivity(17382): msgData=easyheartbeat
D/ReflectionActivity(17382): command.getHeartbeat()=HeartReceiveThread
D/ReflectionActivity(17382): command.getHeartbeat() yes
I/TREQ    (  118): TrEqProcessLoop in_bytes 8192
D/ReflectionActivity(17382): HeartSendThread -> currentRemoteIp=192.168.43.1 heartReceiveCounter=1
D/ReflectionActivity(17382): msgData=easyheartbeat
D/ReflectionActivity(17382): command.getHeartbeat()=HeartReceiveThread
D/ReflectionActivity(17382): command.getHeartbeat() yes
D/ReflectionActivity(17382): msgData=easyheartbeat
D/ReflectionActivity(17382): command.getHeartbeat()=HeartReceiveThread
D/ReflectionActivity(17382): command.getHeartbeat() yes
V/NetworkPolicy(  381): updateNetworkEnabledLocked()
D/NetworkPolicy(  381): setNetworkTemplateEnabled(): match rule = 1
V/NetworkPolicy(  381): updateNotificationsLocked()
D/dalvikvm(  381): GC_CONCURRENT freed 2029K, 47% free 13623K/25347K, paused 4ms+6ms, total 70ms
D/ReflectionActivity(17382): HeartSendThread -> currentRemoteIp=192.168.43.1 heartReceiveCounter=1
D/ReflectionActivity(17382): msgData=easyheartbeat
D/ReflectionActivity(17382): command.getHeartbeat()=HeartReceiveThread
D/ReflectionActivity(17382): command.getHeartbeat() yes
D/ReflectionActivity(17382): msgData=easyheartbeat
D/ReflectionActivity(17382): command.getHeartbeat()=HeartReceiveThread
D/ReflectionActivity(17382): command.getHeartbeat() yes
I/brcm-gr (  658): [gralloc_lock]: new usage 0x903
I/brcm-gr (  658): [gralloc_lock]: new usage 0x930
I/brcm-gr (  658): [gralloc_lock]: new usage 0x933
D/SmsProvider(  546): --------query and url=content://sms/inbox-------
I/TREQ    (  118): TrEqProcessLoop in_bytes 8192
D/StatusBar.NetworkControllerDS(  459): updateTelephonySignalStrength: !hasService()
D/StatusBar.NetworkControllerDS(  459): updateTelephonySignalStrength: !hasService()
D/ReflectionActivity(17382): HeartSendThread -> currentRemoteIp=192.168.43.1 heartReceiveCounter=1
D/ReflectionActivity(17382): msgData=easyheartbeat
D/ReflectionActivity(17382): command.getHeartbeat()=HeartReceiveThread
D/ReflectionActivity(17382): command.getHeartbeat() yes
D/ReflectionActivity(17382): msgData=easyheartbeat
D/ReflectionActivity(17382): command.getHeartbeat()=HeartReceiveThread
D/ReflectionActivity(17382): command.getHeartbeat() yes
D/[TCP_SERVER](18388): Session local:/127.0.0.1:10201 remote:/127.0.0.1:51416@Dispatching 99 bytes data to uplayer
D/ReflectionActivity(17382): HeartSendThread -> currentRemoteIp=192.168.43.1 heartReceiveCounter=1
D/ReflectionActivity(17382): msgData=easyheartbeat
D/ReflectionActivity(17382): command.getHeartbeat()=HeartReceiveThread
D/ReflectionActivity(17382): command.getHeartbeat() yes
D/ReflectionActivity(17382): msgData=easyheartbeat
D/ReflectionActivity(17382): command.getHeartbeat()=HeartReceiveThread
D/ReflectionActivity(17382): command.getHeartbeat() yes
D/[TCP_SERVER](18388): Session local:/127.0.0.1:10201 remote:/127.0.0.1:51417@Dispatching 105 bytes data to uplayer
D/[TCP_SERVER](18388): Session local:/127.0.0.1:10201 remote:/127.0.0.1:51418@Dispatching 105 bytes data to uplayer
I/TREQ    (  118): TrEqProcessLoop in_bytes 8192
D/ReflectionActivity(17382): HeartSendThread -> currentRemoteIp=192.168.43.1 heartReceiveCounter=1
D/ReflectionActivity(17382): msgData=easyheartbeat
D/ReflectionActivity(17382): command.getHeartbeat()=HeartReceiveThread
D/ReflectionActivity(17382): command.getHeartbeat() yes
D/ReflectionActivity(17382): msgData=easyheartbeat
D/ReflectionActivity(17382): command.getHeartbeat()=HeartReceiveThread
D/ReflectionActivity(17382): command.getHeartbeat() yes
I/brcm-gr (  658): [gralloc_lock]: new usage 0x903
I/brcm-gr (  658): [gralloc_lock]: new usage 0x930
I/brcm-gr (  658): [gralloc_lock]: new usage 0x933
D/ReflectionActivity(17382): HeartSendThread -> currentRemoteIp=192.168.43.1 heartReceiveCounter=1
D/ReflectionActivity(17382): msgData=easyheartbeat
D/ReflectionActivity(17382): command.getHeartbeat()=HeartReceiveThread
D/ReflectionActivity(17382): command.getHeartbeat() yes
D/ReflectionActivity(17382): msgData=easyheartbeat
D/ReflectionActivity(17382): command.getHeartbeat()=HeartReceiveThread
D/ReflectionActivity(17382): command.getHeartbeat() yes
V/NetworkPolicy(  381): updateNetworkEnabledLocked()
D/NetworkPolicy(  381): setNetworkTemplateEnabled(): match rule = 1
V/NetworkPolicy(  381): updateNotificationsLocked()
D/ReflectionActivity(17382): HeartSendThread -> currentRemoteIp=192.168.43.1 heartReceiveCounter=1
D/ReflectionActivity(17382): msgData=easyheartbeat
D/ReflectionActivity(17382): command.getHeartbeat()=HeartReceiveThread
D/ReflectionActivity(17382): command.getHeartbeat() yes
D/ReflectionActivity(17382): msgData=easyheartbeat
D/ReflectionActivity(17382): command.getHeartbeat()=HeartReceiveThread
D/ReflectionActivity(17382): command.getHeartbeat() yes
I/TREQ    (  118): TrEqProcessLoop in_bytes 8192
D/[TCP_SERVER](18388): Session local:/127.0.0.1:10201 remote:/127.0.0.1:51419@Dispatching 162 bytes data to uplayer
D/SmsProvider(  546): --------query and url=content://sms/inbox-------
D/[TCP_SERVER](18388): Session local:/127.0.0.1:10201 remote:/127.0.0.1:51420@Dispatching 149 bytes data to uplayer
D/StatusBar.NetworkControllerDS(  459): updateTelephonySignalStrength: !hasService()
D/StatusBar.NetworkControllerDS(  459): updateTelephonySignalStrength: !hasService()
D/ReflectionActivity(17382): HeartSendThread -> currentRemoteIp=192.168.43.1 heartReceiveCounter=1
D/ReflectionActivity(17382): msgData=easyheartbeat
D/ReflectionActivity(17382): command.getHeartbeat()=HeartReceiveThread
D/ReflectionActivity(17382): command.getHeartbeat() yes
D/ReflectionActivity(17382): msgData=easyheartbeat
D/ReflectionActivity(17382): command.getHeartbeat()=HeartReceiveThread
D/ReflectionActivity(17382): command.getHeartbeat() yes
D/SizeAdaptiveLayout(  459): com.android.internal.widget.SizeAdaptiveLayout@43064338child view android.widget.RelativeLayout@434e4250 measured out of bounds at 124px clamped to 128px
I/brcm-gr (  658): [gralloc_lock]: new usage 0x903
I/brcm-gr (  658): [gralloc_lock]: new usage 0x930
D/SizeAdaptiveLayout(  459): com.android.internal.widget.SizeAdaptiveLayout@43064338child view android.widget.RelativeLayout@434e4250 measured out of bounds at 124px clamped to 128px
I/brcm-gr (  658): [gralloc_lock]: new usage 0x933
I/brcm-gr (  658): [gralloc_lock]: new usage 0x903
I/brcm-gr (  658): [gralloc_lock]: new usage 0x930
I/brcm-gr (  658): [gralloc_lock]: new usage 0x933
I/brcm-gr (  658): [gralloc_lock]: new usage 0x903
I/brcm-gr (  658): [gralloc_lock]: new usage 0x930
I/brcm-gr (  658): [gralloc_lock]: new usage 0x933
I/brcm-gr (  658): [gralloc_lock]: new usage 0x903
I/brcm-gr (  658): [gralloc_lock]: new usage 0x930
I/brcm-gr (  658): [gralloc_lock]: new usage 0x933
I/brcm-gr (  658): [gralloc_lock]: new usage 0x903
I/brcm-gr (  658): [gralloc_lock]: new usage 0x930
I/brcm-gr (  658): [gralloc_lock]: new usage 0x933
I/brcm-gr (  658): [gralloc_lock]: new usage 0x903
I/brcm-gr (  658): [gralloc_lock]: new usage 0x930
I/brcm-gr (  658): [gralloc_lock]: new usage 0x933
I/brcm-gr (  658): [gralloc_lock]: new usage 0x903
I/brcm-gr (  658): [gralloc_lock]: new usage 0x930
I/brcm-gr (  658): [gralloc_lock]: new usage 0x933
I/brcm-gr (  658): [gralloc_lock]: new usage 0x903
I/brcm-gr (  658): [gralloc_lock]: new usage 0x930
I/brcm-gr (  658): [gralloc_lock]: new usage 0x933
I/brcm-gr (  658): [gralloc_lock]: new usage 0x903
I/brcm-gr (  658): [gralloc_lock]: new usage 0x930
I/brcm-gr (  658): [gralloc_lock]: new usage 0x933
I/brcm-gr (  658): [gralloc_lock]: new usage 0x903
I/brcm-gr (  658): [gralloc_lock]: new usage 0x930
I/brcm-gr (  658): [gralloc_lock]: new usage 0x933
I/brcm-gr (  658): [gralloc_lock]: new usage 0x903
I/brcm-gr (  658): [gralloc_lock]: new usage 0x930
I/brcm-gr (  658): [gralloc_lock]: new usage 0x933
I/brcm-gr (  658): [gralloc_lock]: new usage 0x903
I/brcm-gr (  658): [gralloc_lock]: new usage 0x930
I/brcm-gr (  658): [gralloc_lock]: new usage 0x933
D/[TCP_SERVER](18388): Session local:/127.0.0.1:10201 remote:/127.0.0.1:51421@Dispatching 99 bytes data to uplayer
I/brcm-gr (  658): [gralloc_lock]: new usage 0x903
I/brcm-gr (  658): [gralloc_lock]: new usage 0x930
I/brcm-gr (  658): [gralloc_lock]: new usage 0x933
I/brcm-gr (  658): [gralloc_lock]: new usage 0x903
I/brcm-gr (  658): [gralloc_lock]: new usage 0x930
I/brcm-gr (  658): [gralloc_lock]: new usage 0x933
I/brcm-gr (  658): [gralloc_lock]: new usage 0x903
I/brcm-gr (  658): [gralloc_lock]: new usage 0x930
I/brcm-gr (  658): [gralloc_lock]: new usage 0x933
D/ReflectionActivity(17382): HeartSendThread -> currentRemoteIp=192.168.43.1 heartReceiveCounter=1
I/brcm-gr (  658): [gralloc_lock]: new usage 0x903
I/brcm-gr (  658): [gralloc_lock]: new usage 0x930
I/brcm-gr (  658): [gralloc_lock]: new usage 0x933
D/ReflectionActivity(17382): msgData=easyheartbeat
D/ReflectionActivity(17382): command.getHeartbeat()=HeartReceiveThread
D/ReflectionActivity(17382): command.getHeartbeat() yes
D/ReflectionActivity(17382): msgData=easyheartbeat
D/ReflectionActivity(17382): command.getHeartbeat()=HeartReceiveThread
