D/StatusBar.NetworkControllerDS(  459): updateTelephonySignalStrength: !hasService()
D/StatusBar.NetworkControllerDS(  459): updateTelephonySignalStrength: !hasService()
D/StatusBar.NetworkControllerDS(  459): updateTelephonySignalStrength: !hasService()
D/StatusBar.NetworkControllerDS(  459): updateTelephonySignalStrength: !hasService()
D/StatusBar.NetworkControllerDS(  459): updateTelephonySignalStrength: !hasService()
D/StatusBar.NetworkControllerDS(  459): updateTelephonySignalStrength: !hasService()
D/StatusBar.NetworkControllerDS(  459): updateTelephonySignalStrength: !hasService()
D/StatusBar.NetworkControllerDS(  459): updateTelephonySignalStrength: !hasService()
D/StatusBar.NetworkControllerDS(  459): updateTelephonySignalStrength: !hasService()
D/StatusBar.NetworkControllerDS(  459): updateTelephonySignalStrength: !hasService()
D/StatusBar.NetworkControllerDS(  459): updateTelephonySignalStrength: !hasService()
D/StatusBar.NetworkControllerDS(  459): updateTelephonySignalStrength: !hasService()
D/StatusBar.NetworkControllerDS(  459): updateTelephonySignalStrength: !hasService()
D/StatusBar.NetworkControllerDS(  459): updateTelephonySignalStrength: !hasService()
D/StatusBar.NetworkControllerDS(  459): updateTelephonySignalStrength: !hasService()
D/StatusBar.NetworkControllerDS(  459): updateTelephonySignalStrength: !hasService()
D/StatusBar.NetworkControllerDS(  459): updateTelephonySignalStrength: !hasService()
D/StatusBar.NetworkControllerDS(  459): updateTelephonySignalStrength: !hasService()
D/StatusBar.NetworkControllerDS(  459): updateTelephonySignalStrength: !hasService()
D/StatusBar.NetworkControllerDS(  459): updateTelephonySignalStrength: !hasService()
D/StatusBar.NetworkControllerDS(  459): updateTelephonySignalStrength: !hasService()
D/StatusBar.NetworkControllerDS(  459): updateTelephonySignalStrength: !hasService()
D/StatusBar.NetworkControllerDS(  459): updateTelephonySignalStrength: !hasService()
D/StatusBar.NetworkControllerDS(  459): updateTelephonySignalStrength: !hasService()
D/StatusBar.NetworkControllerDS(  459): updateTelephonySignalStrength: !hasService()
D/StatusBar.NetworkControllerDS(  459): updateTelephonySignalStrength: !hasService()
D/StatusBar.NetworkControllerDS(  459): updateTelephonySignalStrength: !hasService()
D/StatusBar.NetworkControllerDS(  459): updateTelephonySignalStrength: !hasService()
I/WindowState(  381): WIN DEATH: Window{425c2a48 com.coship.momokan/com.coship.momokan.FlyPhoneToToTV paused=false}
I/ActivityManager(  381): Process com.coship.momokan (pid 14661) has died.
I/WindowState(  381): WIN DEATH: Window{425a85d0 com.coship.momokan/com.coship.momokan.HomeActivity paused=false}
I/WindowState(  381): WIN DEATH: Window{4261f9d0 com.coship.momokan/com.coship.momokan.HomeActivity paused=false}
I/ActivityManager(  381): Start proc com.coship.momokan for activity com.coship.momokan/.HomeActivity: pid=17382 uid=1000 gids={3003, 1015, 3002, 3001, 1028}
W/ActivityManager(  381): Activity pause timeout for ActivityRecord{42dd9358 com.coship.momokan/.HomeActivity}
D/StatusBar.NetworkControllerDS(  459): updateTelephonySignalStrength: !hasService()
D/StatusBar.NetworkControllerDS(  459): updateTelephonySignalStrength: !hasService()
W/WindowManager(  381): App freeze timeout expired.
D/StatusBar.NetworkControllerDS(  459): updateTelephonySignalStrength: !hasService()
D/StatusBar.NetworkControllerDS(  459): updateTelephonySignalStrength: !hasService()
D/StatusBar.NetworkControllerDS(  459): updateTelephonySignalStrength: !hasService()
D/StatusBar.NetworkControllerDS(  459): updateTelephonySignalStrength: !hasService()
D/PhoneStatusBar(  459): addNotification score=0
D/StatusBar.NetworkControllerDS(  459): updateTelephonySignalStrength: !hasService()
D/StatusBar.NetworkControllerDS(  459): updateTelephonySignalStrength: !hasService()
D/StatusBar.NetworkControllerDS(  459): updateTelephonySignalStrength: !hasService()
D/StatusBar.NetworkControllerDS(  459): updateTelephonySignalStrength: !hasService()
D/ConnectivityService(  381): handleMessage msg.what=1
D/ConnectivityService(  381): ConnectivityChange for WIFI: DISCONNECTED/DISCONNECTED
D/MobileDataStateTracker(  381): default: getNetworkInfo(): simId = 0
D/ConnectivityService(  381): Attempting to switch to checkTracker.reconnect(); 
D/MobileDataStateTracker(  381): default: setEnableApn(): apnType = default, enable = true, mEnableApnSimId = 0
D/MobileDataStateTracker(  381): default: setEnableApn(): data prefer = 0
D/MobileDataStateTracker(  381): default: setEnableApn(): mEnableApnSimId = 0
D/ConnectivityService(  381): Attempting to switch to mobile
D/ConnectivityService(  381): Attempting to switch to checkTracker.reconnect(); 
D/ConnectivityService(  381): Attempting to switch to BLUETOOTH_TETHER
D/ConnectivityService(  381): Attempting to switch to checkTracker.reconnect(); 
D/ConnectivityService(  381): Attempting to switch to ETHERNET
D/MobileDataStateTracker(  381): default: getNetworkInfo(): simId = 0
D/MobileDataStateTracker(  381): mms: getNetworkInfo(): simId = 0
D/MobileDataStateTracker(  381): supl: getNetworkInfo(): simId = 0
D/MobileDataStateTracker(  381): hipri: getNetworkInfo(): simId = 0
D/MobileDataStateTracker(  381): fota: getNetworkInfo(): simId = 0
D/MobileDataStateTracker(  381): ims: getNetworkInfo(): simId = 0
D/MobileDataStateTracker(  381): cbs: getNetworkInfo(): simId = 0
D/ConnectivityService(  381): handleConnectivityChange: changed linkProperty[1]: doReset=true resetMask=3
D/ConnectivityService(  381):   curLp=InterfaceName: wlan0 LinkAddresses: [192.168.43.186/24,] Routes: [0.0.0.0/0 -> 192.168.43.1,] DnsAddresses: [192.168.43.1,] HttpProxy: [ProxyProperties.mHost == null] 
D/ConnectivityService(  381):   newLp= null
D/ConnectivityService(  381): Removing 192.168.43.1/32 -> 0.0.0.0 for interface wlan0
E/ConnectivityService(  381): Exception trying to remove a route: java.lang.IllegalStateException: command '10787 interface route remove wlan0 default 192.168.43.1 32 0.0.0.0' failed with '400 10787 Failed to remove route from default table (No such process)'
D/ConnectivityService(  381): Removing 0.0.0.0/0 -> 192.168.43.1 for interface wlan0
E/ConnectivityService(  381): Exception trying to remove a route: java.lang.IllegalStateException: command '10788 interface route remove wlan0 default 0.0.0.0 0 192.168.43.1' failed with '400 10788 Failed to remove route from default table (No such process)'
D/ConnectivityService(  381): resetConnections(wlan0, 3)
D/ConnectivityService(  381): resetting DNS cache for wlan0
D/ConnectivityService(  381): sendStickyBroadcast: action=android.net.conn.CONNECTIVITY_CHANGE_IMMEDIATE
V/NetworkPolicy(  381): ensureActiveMobilePolicyLocked()
V/NetworkPolicy(  381): updateNetworkEnabledLocked()
D/NetworkPolicy(  381): setNetworkTemplateEnabled(): match rule = 1
V/NetworkPolicy(  381): updateIfacesLocked()
D/MobileDataStateTracker(  381): default: getNetworkInfo(): simId = 0
D/MobileDataStateTracker(  381): mms: getNetworkInfo(): simId = 0
D/MobileDataStateTracker(  381): supl: getNetworkInfo(): simId = 0
D/MobileDataStateTracker(  381): hipri: getNetworkInfo(): simId = 0
D/MobileDataStateTracker(  381): fota: getNetworkInfo(): simId = 0
D/MobileDataStateTracker(  381): ims: getNetworkInfo(): simId = 0
D/MobileDataStateTracker(  381): cbs: getNetworkInfo(): simId = 0
V/NetworkPolicy(  381): updateNotificationsLocked()
D/ConnectivityService(  381): sendStickyBroadcastDelayed: delayMs=3000, action=android.net.conn.CONNECTIVITY_CHANGE
D/ConnectivityService(  381): handleMessage msg.what=1
D/ConnectivityService(  381): ConnectivityChange for WIFI: DISCONNECTED/DISCONNECTED
D/MobileDataStateTracker(  381): default: getNetworkInfo(): simId = 0
D/ConnectivityService(  381): Attempting to switch to checkTracker.reconnect(); 
D/MobileDataStateTracker(  381): default: setEnableApn(): apnType = default, enable = true, mEnableApnSimId = 0
D/MobileDataStateTracker(  381): default: setEnableApn(): data prefer = 0
D/MobileDataStateTracker(  381): default: setEnableApn(): mEnableApnSimId = 0
D/ConnectivityService(  381): Attempting to switch to mobile
D/ConnectivityService(  381): Attempting to switch to checkTracker.reconnect(); 
D/ConnectivityService(  381): Attempting to switch to BLUETOOTH_TETHER
D/ConnectivityService(  381): Attempting to switch to checkTracker.reconnect(); 
D/ConnectivityService(  381): Attempting to switch to ETHERNET
D/MobileDataStateTracker(  381): default: getNetworkInfo(): simId = 0
D/MobileDataStateTracker(  381): mms: getNetworkInfo(): simId = 0
D/MobileDataStateTracker(  381): supl: getNetworkInfo(): simId = 0
D/MobileDataStateTracker(  381): hipri: getNetworkInfo(): simId = 0
D/MobileDataStateTracker(  381): fota: getNetworkInfo(): simId = 0
D/MobileDataStateTracker(  381): ims: getNetworkInfo(): simId = 0
D/MobileDataStateTracker(  381): cbs: getNetworkInfo(): simId = 0
D/ConnectivityService(  381): handleConnectivityChange: changed linkProperty[1]: doReset=true resetMask=3
D/ConnectivityService(  381):   curLp=null
D/ConnectivityService(  381):   newLp= null
D/ConnectivityService(  381): resetConnections(wlan0, 3)
D/MobileDataStateTracker(  381): default: getNetworkInfo(): simId = 0
D/MobileDataStateTracker(  381): mms: getNetworkInfo(): simId = 0
D/MobileDataStateTracker(  381): supl: getNetworkInfo(): simId = 0
D/MobileDataStateTracker(  381): hipri: getNetworkInfo(): simId = 0
D/MobileDataStateTracker(  381): fota: getNetworkInfo(): simId = 0
D/MobileDataStateTracker(  381): ims: getNetworkInfo(): simId = 0
D/MobileDataStateTracker(  381): cbs: getNetworkInfo(): simId = 0
V/NetworkPolicy(  381): updateNetworkEnabledLocked()
D/NetworkPolicy(  381): setNetworkTemplateEnabled(): match rule = 1
V/NetworkPolicy(  381): updateNotificationsLocked()
D/ConnectivityService(  381): sendStickyBroadcast: action=android.net.conn.CONNECTIVITY_CHANGE_IMMEDIATE
V/NetworkPolicy(  381): ensureActiveMobilePolicyLocked()
V/NetworkPolicy(  381): updateNetworkEnabledLocked()
D/NetworkPolicy(  381): setNetworkTemplateEnabled(): match rule = 1
V/NetworkPolicy(  381): updateIfacesLocked()
D/MobileDataStateTracker(  381): default: getNetworkInfo(): simId = 0
D/MobileDataStateTracker(  381): mms: getNetworkInfo(): simId = 0
D/MobileDataStateTracker(  381): supl: getNetworkInfo(): simId = 0
D/MobileDataStateTracker(  381): hipri: getNetworkInfo(): simId = 0
D/MobileDataStateTracker(  381): fota: getNetworkInfo(): simId = 0
D/MobileDataStateTracker(  381): ims: getNetworkInfo(): simId = 0
D/MobileDataStateTracker(  381): cbs: getNetworkInfo(): simId = 0
V/NetworkPolicy(  381): updateNotificationsLocked()
D/ConnectivityService(  381): sendStickyBroadcastDelayed: delayMs=3000, action=android.net.conn.CONNECTIVITY_CHANGE
D/MobileDataStateTracker(  381): default: getNetworkInfo(): simId = 0
D/MobileDataStateTracker(  381): mms: getNetworkInfo(): simId = 0
D/MobileDataStateTracker(  381): supl: getNetworkInfo(): simId = 0
D/MobileDataStateTracker(  381): hipri: getNetworkInfo(): simId = 0
D/MobileDataStateTracker(  381): fota: getNetworkInfo(): simId = 0
D/MobileDataStateTracker(  381): ims: getNetworkInfo(): simId = 0
D/MobileDataStateTracker(  381): cbs: getNetworkInfo(): simId = 0
V/NetworkPolicy(  381): updateNetworkEnabledLocked()
D/NetworkPolicy(  381): setNetworkTemplateEnabled(): match rule = 1
V/NetworkPolicy(  381): updateNotificationsLocked()
D/ConnectivityService(  381): reportNetworkCondition(1, 0)
D/ConnectivityService(  381): handleMessage msg.what=104
D/ConnectivityService(  381): handleInetConditionChange: no active default network - ignore
D/StatusBar.NetworkControllerDS(  459): updateTelephonySignalStrength: !hasService()
D/StatusBar.NetworkControllerDS(  459): updateTelephonySignalStrength: !hasService()
D/ConnectivityService(  381): handleMessage msg.what=1
D/ConnectivityService(  381): ConnectivityChange for WIFI: CONNECTING/OBTAINING_IPADDR
D/ConnectivityService(  381): handleMessage msg.what=1
D/ConnectivityService(  381): ConnectivityChange for WIFI: CONNECTING/OBTAINING_IPADDR
D/ConnectivityService(  381): handleMessage msg.what=1
D/ConnectivityService(  381): ConnectivityChange for WIFI: CONNECTED/CONNECTED
D/ConnectivityService(  381): Setting TCP values: [524288,1048576,2097152,262144,524288,1048576] which comes from [net.tcp.buffersize.wifi]
D/ConnectivityService(  381): handleConnectivityChange: changed linkProperty[1]: doReset=false resetMask=0
D/ConnectivityService(  381):    curLp=null
D/ConnectivityService(  381):    newLp=InterfaceName: wlan0 LinkAddresses: [192.168.43.186/24,] Routes: [0.0.0.0/0 -> 192.168.43.1,] DnsAddresses: [192.168.43.1,] HttpProxy: [ProxyProperties.mHost == null] 
D/ConnectivityService(  381): Adding 192.168.43.1/32 -> 0.0.0.0 for interface wlan0
D/ConnectivityService(  381): Adding 0.0.0.0/0 -> 192.168.43.1 for interface wlan0
D/ConnectivityService(  381): resetting DNS cache for wlan0
D/ConnectivityService(  381): sendStickyBroadcast: action=android.net.conn.CONNECTIVITY_CHANGE_IMMEDIATE
D/ConnectivityService(  381): sendStickyBroadcastDelayed: delayMs=3000, action=android.net.conn.CONNECTIVITY_CHANGE
V/NetworkPolicy(  381): ensureActiveMobilePolicyLocked()
V/NetworkPolicy(  381): updateNetworkEnabledLocked()
D/NetworkPolicy(  381): setNetworkTemplateEnabled(): match rule = 1
V/NetworkPolicy(  381): updateIfacesLocked()
D/MobileDataStateTracker(  381): default: getNetworkInfo(): simId = 0
D/MobileDataStateTracker(  381): mms: getNetworkInfo(): simId = 0
D/MobileDataStateTracker(  381): supl: getNetworkInfo(): simId = 0
D/MobileDataStateTracker(  381): hipri: getNetworkInfo(): simId = 0
D/MobileDataStateTracker(  381): fota: getNetworkInfo(): simId = 0
D/MobileDataStateTracker(  381): ims: getNetworkInfo(): simId = 0
D/MobileDataStateTracker(  381): cbs: getNetworkInfo(): simId = 0
V/NetworkPolicy(  381): updateNotificationsLocked()
D/ConnectivityService(  381): handleMessage msg.what=1
D/ConnectivityService(  381): ConnectivityChange for WIFI: CONNECTED/CONNECTED
D/ConnectivityService(  381): Setting TCP values: [524288,1048576,2097152,262144,524288,1048576] which comes from [net.tcp.buffersize.wifi]
D/ConnectivityService(  381): handleConnectivityChange: changed linkProperty[1]: doReset=false resetMask=0
D/ConnectivityService(  381):    curLp=InterfaceName: wlan0 LinkAddresses: [192.168.43.186/24,] Routes: [0.0.0.0/0 -> 192.168.43.1,] DnsAddresses: [192.168.43.1,] HttpProxy: [ProxyProperties.mHost == null] 
D/ConnectivityService(  381):    newLp=InterfaceName: wlan0 LinkAddresses: [192.168.43.186/24,] Routes: [0.0.0.0/0 -> 192.168.43.1,] DnsAddresses: [192.168.43.1,] HttpProxy: [ProxyProperties.mHost == null] 
D/ConnectivityService(  381): handleConnectivityChange: address are the same reset per doReset linkProperty[1]: resetMask=0
D/ConnectivityService(  381): sendStickyBroadcast: action=android.net.conn.CONNECTIVITY_CHANGE_IMMEDIATE
D/MobileDataStateTracker(  381): default: getNetworkInfo(): simId = 0
D/MobileDataStateTracker(  381): mms: getNetworkInfo(): simId = 0
D/MobileDataStateTracker(  381): supl: getNetworkInfo(): simId = 0
D/MobileDataStateTracker(  381): hipri: getNetworkInfo(): simId = 0
D/MobileDataStateTracker(  381): fota: getNetworkInfo(): simId = 0
D/MobileDataStateTracker(  381): ims: getNetworkInfo(): simId = 0
D/MobileDataStateTracker(  381): cbs: getNetworkInfo(): simId = 0
D/ConnectivityService(  381): sendStickyBroadcastDelayed: delayMs=3000, action=android.net.conn.CONNECTIVITY_CHANGE
V/NetworkPolicy(  381): updateNetworkEnabledLocked()
D/NetworkPolicy(  381): setNetworkTemplateEnabled(): match rule = 1
V/NetworkPolicy(  381): updateNotificationsLocked()
V/NetworkPolicy(  381): ensureActiveMobilePolicyLocked()
V/NetworkPolicy(  381): updateNetworkEnabledLocked()
D/NetworkPolicy(  381): setNetworkTemplateEnabled(): match rule = 1
V/NetworkPolicy(  381): updateIfacesLocked()
D/MobileDataStateTracker(  381): default: getNetworkInfo(): simId = 0
D/MobileDataStateTracker(  381): mms: getNetworkInfo(): simId = 0
D/MobileDataStateTracker(  381): supl: getNetworkInfo(): simId = 0
D/MobileDataStateTracker(  381): hipri: getNetworkInfo(): simId = 0
D/MobileDataStateTracker(  381): fota: getNetworkInfo(): simId = 0
D/MobileDataStateTracker(  381): ims: getNetworkInfo(): simId = 0
D/MobileDataStateTracker(  381): cbs: getNetworkInfo(): simId = 0
V/NetworkPolicy(  381): updateNotificationsLocked()
D/MobileDataStateTracker(  381): default: getNetworkInfo(): simId = 0
D/MobileDataStateTracker(  381): mms: getNetworkInfo(): simId = 0
D/MobileDataStateTracker(  381): supl: getNetworkInfo(): simId = 0
D/MobileDataStateTracker(  381): hipri: getNetworkInfo(): simId = 0
D/MobileDataStateTracker(  381): fota: getNetworkInfo(): simId = 0
D/MobileDataStateTracker(  381): ims: getNetworkInfo(): simId = 0
D/MobileDataStateTracker(  381): cbs: getNetworkInfo(): simId = 0
V/NetworkPolicy(  381): updateNetworkEnabledLocked()
D/NetworkPolicy(  381): setNetworkTemplateEnabled(): match rule = 1
V/NetworkPolicy(  381): updateNotificationsLocked()
D/ConnectivityService(  381): handleMessage msg.what=112
D/ConnectivityService(  381): sendStickyBroadcast: action=android.net.conn.CONNECTIVITY_CHANGE
D/StatusBar.NetworkControllerDS(  459): updateConnectivity: intent=Intent { act=android.net.conn.CONNECTIVITY_CHANGE flg=0x8000010 (has extras) }
D/StatusBar.NetworkControllerDS(  459): updateConnectivity: networkInfo=NetworkInfo: type: WIFI[], state: CONNECTED/CONNECTED, reason: (unspecified), extra: (none), roaming: false, failover: false, isAvailable: true
D/StatusBar.NetworkControllerDS(  459): updateConnectivity: connectionStatus=0
D/StatusBar.NetworkControllerDS(  459): updateTelephonySignalStrength: !hasService()
D/StatusBar.NetworkControllerDS(  459): updateTelephonySignalStrength: !hasService()
D/MobileDataStateTracker(  381): default: getNetworkInfo(): simId = 0
D/ConnectivityService(  381): reportNetworkCondition(1, 0)
D/ConnectivityService(  381): handleMessage msg.what=112
D/ConnectivityService(  381): sendStickyBroadcast: action=android.net.conn.CONNECTIVITY_CHANGE
D/ConnectivityService(  381): handleMessage msg.what=104
D/ConnectivityService(  381): handleInetConditionChange: net=1, condition=0,mActiveDefaultNetwork=1
D/ConnectivityService(  381): handleInetConditionChange: starting a change hold
D/StatusBar.NetworkControllerDS(  459): updateConnectivity: intent=Intent { act=android.net.conn.CONNECTIVITY_CHANGE flg=0x8000010 (has extras) }
D/MobileDataStateTracker(  381): default: getNetworkInfo(): simId = 0
D/MobileDataStateTracker(  381): default: getNetworkInfo(): simId = 0
D/StatusBar.NetworkControllerDS(  459): updateConnectivity: networkInfo=NetworkInfo: type: WIFI[], state: CONNECTED/CONNECTED, reason: (unspecified), extra: (none), roaming: false, failover: false, isAvailable: true
D/StatusBar.NetworkControllerDS(  459): updateConnectivity: connectionStatus=0
D/StatusBar.NetworkControllerDS(  459): updateTelephonySignalStrength: !hasService()
D/StatusBar.NetworkControllerDS(  459): updateTelephonySignalStrength: !hasService()
D/ConnectivityService(  381): reportNetworkCondition(1, 0)
D/ConnectivityService(  381): handleMessage msg.what=104
D/ConnectivityService(  381): handleInetConditionChange: net=1, condition=0,mActiveDefaultNetwork=1
D/ConnectivityService(  381): handleInetConditionChange: currently in hold - not setting new end evt
D/MobileDataStateTracker(  381): default: getNetworkInfo(): simId = 0
D/ConnectivityService(  381): handleMessage msg.what=108
D/ConnectivityService(  381): NetTransition Wakelock for WifiStateMachine released by timeout
D/ConnectivityService(  381): handleMessage msg.what=108
D/ConnectivityService(  381): handleMessage msg.what=112
D/ConnectivityService(  381): sendStickyBroadcast: action=android.net.conn.CONNECTIVITY_CHANGE
D/StatusBar.NetworkControllerDS(  459): updateConnectivity: intent=Intent { act=android.net.conn.CONNECTIVITY_CHANGE flg=0x8000010 (has extras) }
D/StatusBar.NetworkControllerDS(  459): updateConnectivity: networkInfo=NetworkInfo: type: WIFI[], state: CONNECTED/CONNECTED, reason: (unspecified), extra: (none), roaming: false, failover: false, isAvailable: true
D/StatusBar.NetworkControllerDS(  459): updateConnectivity: connectionStatus=0
D/StatusBar.NetworkControllerDS(  459): updateTelephonySignalStrength: !hasService()
D/StatusBar.NetworkControllerDS(  459): updateTelephonySignalStrength: !hasService()
D/ConnectivityService(  381): handleMessage msg.what=112
D/ConnectivityService(  381): sendStickyBroadcast: action=android.net.conn.CONNECTIVITY_CHANGE
D/MobileDataStateTracker(  381): default: getNetworkInfo(): simId = 0
D/StatusBar.NetworkControllerDS(  459): updateConnectivity: intent=Intent { act=android.net.conn.CONNECTIVITY_CHANGE flg=0x8000010 (has extras) }
D/StatusBar.NetworkControllerDS(  459): updateConnectivity: networkInfo=NetworkInfo: type: WIFI[], state: CONNECTED/CONNECTED, reason: (unspecified), extra: (none), roaming: false, failover: false, isAvailable: true
D/StatusBar.NetworkControllerDS(  459): updateConnectivity: connectionStatus=0
D/StatusBar.NetworkControllerDS(  459): updateTelephonySignalStrength: !hasService()
D/StatusBar.NetworkControllerDS(  459): updateTelephonySignalStrength: !hasService()
D/MobileDataStateTracker(  381): default: getNetworkInfo(): simId = 0
D/ConnectivityService(  381): reportNetworkCondition(1, 0)
D/ConnectivityService(  381): handleMessage msg.what=104
D/ConnectivityService(  381): handleInetConditionChange: net=1, condition=0,mActiveDefaultNetwork=1
D/ConnectivityService(  381): handleInetConditionChange: currently in hold - not setting new end evt
D/MobileDataStateTracker(  381): default: getNetworkInfo(): simId = 0
D/PhoneStatusBar(  459): addNotification score=0
D/MobileDataStateTracker(  381): default: getNetworkInfo(): simId = 0
D/PhoneStatusBar(  459): addNotification score=0
D/PhoneStatusBar(  459): addNotification score=0
D/ConnectivityService(  381): handleMessage msg.what=105
D/ConnectivityService(  381): handleInetConditionHoldEnd: net=1, condition=0, published condition=0
D/ConnectivityService(  381): sendStickyBroadcast: action=android.net.conn.INET_CONDITION_ACTION
D/StatusBar.NetworkControllerDS(  459): updateConnectivity: intent=Intent { act=android.net.conn.INET_CONDITION_ACTION flg=0x8000010 (has extras) }
D/StatusBar.NetworkControllerDS(  459): updateConnectivity: networkInfo=NetworkInfo: type: WIFI[], state: CONNECTED/CONNECTED, reason: (unspecified), extra: (none), roaming: false, failover: false, isAvailable: true
D/StatusBar.NetworkControllerDS(  459): updateConnectivity: connectionStatus=0
D/StatusBar.NetworkControllerDS(  459): updateTelephonySignalStrength: !hasService()
D/StatusBar.NetworkControllerDS(  459): updateTelephonySignalStrength: !hasService()
D/StatusBar.NetworkControllerDS(  459): updateTelephonySignalStrength: !hasService()
D/StatusBar.NetworkControllerDS(  459): updateTelephonySignalStrength: !hasService()
W/SocketClient(  112): write error (Broken pipe)
D/StatusBar.NetworkControllerDS(  459): updateTelephonySignalStrength: !hasService()
D/StatusBar.NetworkControllerDS(  459): updateTelephonySignalStrength: !hasService()
D/StatusBar.NetworkControllerDS(  459): updateTelephonySignalStrength: !hasService()
D/StatusBar.NetworkControllerDS(  459): updateTelephonySignalStrength: !hasService()
D/StatusBar.NetworkControllerDS(  459): updateTelephonySignalStrength: !hasService()
D/StatusBar.NetworkControllerDS(  459): updateTelephonySignalStrength: !hasService()
D/StatusBar.NetworkControllerDS(  459): updateTelephonySignalStrength: !hasService()
D/StatusBar.NetworkControllerDS(  459): updateTelephonySignalStrength: !hasService()
D/StatusBar.NetworkControllerDS(  459): updateTelephonySignalStrength: !hasService()
D/ConnectivityService(  381): reportNetworkCondition(1, 0)
D/ConnectivityService(  381): handleMessage msg.what=104
D/ConnectivityService(  381): handleInetConditionChange: net=1, condition=0,mActiveDefaultNetwork=1
D/ConnectivityService(  381): handleInetConditionChange: starting a change hold
D/ConnectivityService(  381): handleMessage msg.what=1
D/ConnectivityService(  381): ConnectivityChange for WIFI: DISCONNECTED/DISCONNECTED
D/MobileDataStateTracker(  381): default: getNetworkInfo(): simId = 0
D/ConnectivityService(  381): Attempting to switch to checkTracker.reconnect(); 
D/MobileDataStateTracker(  381): default: setEnableApn(): apnType = default, enable = true, mEnableApnSimId = 0
D/MobileDataStateTracker(  381): default: setEnableApn(): data prefer = 0
D/MobileDataStateTracker(  381): default: setEnableApn(): mEnableApnSimId = 0
D/ConnectivityService(  381): Attempting to switch to mobile
D/ConnectivityService(  381): Attempting to switch to checkTracker.reconnect(); 
D/ConnectivityService(  381): Attempting to switch to BLUETOOTH_TETHER
D/ConnectivityService(  381): Attempting to switch to checkTracker.reconnect(); 
D/ConnectivityService(  381): Attempting to switch to ETHERNET
D/MobileDataStateTracker(  381): default: getNetworkInfo(): simId = 0
D/MobileDataStateTracker(  381): mms: getNetworkInfo(): simId = 0
D/MobileDataStateTracker(  381): supl: getNetworkInfo(): simId = 0
D/MobileDataStateTracker(  381): hipri: getNetworkInfo(): simId = 0
D/MobileDataStateTracker(  381): fota: getNetworkInfo(): simId = 0
D/MobileDataStateTracker(  381): ims: getNetworkInfo(): simId = 0
D/MobileDataStateTracker(  381): cbs: getNetworkInfo(): simId = 0
D/ConnectivityService(  381): handleConnectivityChange: changed linkProperty[1]: doReset=true resetMask=3
D/ConnectivityService(  381):   curLp=InterfaceName: wlan0 LinkAddresses: [192.168.43.186/24,] Routes: [0.0.0.0/0 -> 192.168.43.1,] DnsAddresses: [192.168.43.1,] HttpProxy: [ProxyProperties.mHost == null] 
D/ConnectivityService(  381):   newLp= null
D/ConnectivityService(  381): Removing 192.168.43.1/32 -> 0.0.0.0 for interface wlan0
E/ConnectivityService(  381): Exception trying to remove a route: java.lang.IllegalStateException: command '10800 interface route remove wlan0 default 192.168.43.1 32 0.0.0.0' failed with '400 10800 Failed to remove route from default table (No such process)'
D/ConnectivityService(  381): Removing 0.0.0.0/0 -> 192.168.43.1 for interface wlan0
E/ConnectivityService(  381): Exception trying to remove a route: java.lang.IllegalStateException: command '10801 interface route remove wlan0 default 0.0.0.0 0 192.168.43.1' failed with '400 10801 Failed to remove route from default table (No such process)'
D/ConnectivityService(  381): resetConnections(wlan0, 3)
D/ConnectivityService(  381): resetting DNS cache for wlan0
D/ConnectivityService(  381): sendStickyBroadcast: action=android.net.conn.CONNECTIVITY_CHANGE_IMMEDIATE
V/NetworkPolicy(  381): ensureActiveMobilePolicyLocked()
V/NetworkPolicy(  381): updateNetworkEnabledLocked()
D/NetworkPolicy(  381): setNetworkTemplateEnabled(): match rule = 1
V/NetworkPolicy(  381): updateIfacesLocked()
D/MobileDataStateTracker(  381): default: getNetworkInfo(): simId = 0
D/MobileDataStateTracker(  381): mms: getNetworkInfo(): simId = 0
D/MobileDataStateTracker(  381): supl: getNetworkInfo(): simId = 0
D/MobileDataStateTracker(  381): hipri: getNetworkInfo(): simId = 0
D/MobileDataStateTracker(  381): fota: getNetworkInfo(): simId = 0
D/MobileDataStateTracker(  381): ims: getNetworkInfo(): simId = 0
D/MobileDataStateTracker(  381): cbs: getNetworkInfo(): simId = 0
V/NetworkPolicy(  381): updateNotificationsLocked()
D/ConnectivityService(  381): sendStickyBroadcastDelayed: delayMs=3000, action=android.net.conn.CONNECTIVITY_CHANGE
D/ConnectivityService(  381): handleMessage msg.what=1
D/ConnectivityService(  381): ConnectivityChange for WIFI: DISCONNECTED/DISCONNECTED
D/MobileDataStateTracker(  381): default: getNetworkInfo(): simId = 0
D/ConnectivityService(  381): Attempting to switch to checkTracker.reconnect(); 
D/MobileDataStateTracker(  381): default: setEnableApn(): apnType = default, enable = true, mEnableApnSimId = 0
D/MobileDataStateTracker(  381): default: setEnableApn(): data prefer = 0
D/MobileDataStateTracker(  381): default: setEnableApn(): mEnableApnSimId = 0
D/ConnectivityService(  381): Attempting to switch to mobile
D/ConnectivityService(  381): Attempting to switch to checkTracker.reconnect(); 
D/ConnectivityService(  381): Attempting to switch to BLUETOOTH_TETHER
D/ConnectivityService(  381): Attempting to switch to checkTracker.reconnect(); 
D/ConnectivityService(  381): Attempting to switch to ETHERNET
D/MobileDataStateTracker(  381): default: getNetworkInfo(): simId = 0
D/MobileDataStateTracker(  381): mms: getNetworkInfo(): simId = 0
D/MobileDataStateTracker(  381): supl: getNetworkInfo(): simId = 0
D/MobileDataStateTracker(  381): hipri: getNetworkInfo(): simId = 0
D/MobileDataStateTracker(  381): fota: getNetworkInfo(): simId = 0
D/MobileDataStateTracker(  381): ims: getNetworkInfo(): simId = 0
D/MobileDataStateTracker(  381): cbs: getNetworkInfo(): simId = 0
D/ConnectivityService(  381): handleConnectivityChange: changed linkProperty[1]: doReset=true resetMask=3
D/ConnectivityService(  381):   curLp=null
D/ConnectivityService(  381):   newLp= null
D/ConnectivityService(  381): resetConnections(wlan0, 3)
D/MobileDataStateTracker(  381): default: getNetworkInfo(): simId = 0
D/MobileDataStateTracker(  381): mms: getNetworkInfo(): simId = 0
D/MobileDataStateTracker(  381): supl: getNetworkInfo(): simId = 0
D/MobileDataStateTracker(  381): hipri: getNetworkInfo(): simId = 0
D/MobileDataStateTracker(  381): fota: getNetworkInfo(): simId = 0
D/MobileDataStateTracker(  381): ims: getNetworkInfo(): simId = 0
D/MobileDataStateTracker(  381): cbs: getNetworkInfo(): simId = 0
V/NetworkPolicy(  381): updateNetworkEnabledLocked()
D/NetworkPolicy(  381): setNetworkTemplateEnabled(): match rule = 1
V/NetworkPolicy(  381): updateNotificationsLocked()
D/ConnectivityService(  381): sendStickyBroadcast: action=android.net.conn.CONNECTIVITY_CHANGE_IMMEDIATE
V/NetworkPolicy(  381): ensureActiveMobilePolicyLocked()
V/NetworkPolicy(  381): updateNetworkEnabledLocked()
D/NetworkPolicy(  381): setNetworkTemplateEnabled(): match rule = 1
V/NetworkPolicy(  381): updateIfacesLocked()
D/MobileDataStateTracker(  381): default: getNetworkInfo(): simId = 0
D/MobileDataStateTracker(  381): mms: getNetworkInfo(): simId = 0
D/MobileDataStateTracker(  381): supl: getNetworkInfo(): simId = 0
D/MobileDataStateTracker(  381): hipri: getNetworkInfo(): simId = 0
D/MobileDataStateTracker(  381): fota: getNetworkInfo(): simId = 0
D/MobileDataStateTracker(  381): ims: getNetworkInfo(): simId = 0
D/MobileDataStateTracker(  381): cbs: getNetworkInfo(): simId = 0
V/NetworkPolicy(  381): updateNotificationsLocked()
D/ConnectivityService(  381): sendStickyBroadcastDelayed: delayMs=3000, action=android.net.conn.CONNECTIVITY_CHANGE
D/MobileDataStateTracker(  381): default: getNetworkInfo(): simId = 0
D/MobileDataStateTracker(  381): mms: getNetworkInfo(): simId = 0
D/MobileDataStateTracker(  381): supl: getNetworkInfo(): simId = 0
D/MobileDataStateTracker(  381): hipri: getNetworkInfo(): simId = 0
D/MobileDataStateTracker(  381): fota: getNetworkInfo(): simId = 0
D/MobileDataStateTracker(  381): ims: getNetworkInfo(): simId = 0
D/MobileDataStateTracker(  381): cbs: getNetworkInfo(): simId = 0
V/NetworkPolicy(  381): updateNetworkEnabledLocked()
D/NetworkPolicy(  381): setNetworkTemplateEnabled(): match rule = 1
V/NetworkPolicy(  381): updateNotificationsLocked()
D/BatteryService(  381): mBatteryLevel17isPowered():trueActivityManagerNative.isSystemReady():true
D/ActivityManager(  381): mBatteryStatusReceiver, action=android.intent.action.BATTERY_CHANGED
D/ActivityManager(  381): mBatteryStatusReceiver, plugged=2, mBatteryStatusPlugged=2, fakeShutdownMode=false
D/ConnectivityService(  381): handleMessage msg.what=1
D/ConnectivityService(  381): ConnectivityChange for WIFI: CONNECTING/OBTAINING_IPADDR
D/ConnectivityService(  381): handleMessage msg.what=1
D/ConnectivityService(  381): ConnectivityChange for WIFI: CONNECTING/OBTAINING_IPADDR
D/ConnectivityService(  381): handleMessage msg.what=1
D/ConnectivityService(  381): ConnectivityChange for WIFI: CONNECTED/CONNECTED
D/ConnectivityService(  381): Setting TCP values: [524288,1048576,2097152,262144,524288,1048576] which comes from [net.tcp.buffersize.wifi]
D/ConnectivityService(  381): handleConnectivityChange: changed linkProperty[1]: doReset=false resetMask=0
D/ConnectivityService(  381):    curLp=null
D/ConnectivityService(  381):    newLp=InterfaceName: wlan0 LinkAddresses: [192.168.43.186/24,] Routes: [0.0.0.0/0 -> 192.168.43.1,] DnsAddresses: [192.168.43.1,] HttpProxy: [ProxyProperties.mHost == null] 
D/ConnectivityService(  381): Adding 192.168.43.1/32 -> 0.0.0.0 for interface wlan0
D/ConnectivityService(  381): Adding 0.0.0.0/0 -> 192.168.43.1 for interface wlan0
D/ConnectivityService(  381): resetting DNS cache for wlan0
D/ConnectivityService(  381): sendStickyBroadcast: action=android.net.conn.CONNECTIVITY_CHANGE_IMMEDIATE
V/NetworkPolicy(  381): ensureActiveMobilePolicyLocked()
V/NetworkPolicy(  381): updateNetworkEnabledLocked()
D/NetworkPolicy(  381): setNetworkTemplateEnabled(): match rule = 1
V/NetworkPolicy(  381): updateIfacesLocked()
D/MobileDataStateTracker(  381): default: getNetworkInfo(): simId = 0
D/MobileDataStateTracker(  381): mms: getNetworkInfo(): simId = 0
D/MobileDataStateTracker(  381): supl: getNetworkInfo(): simId = 0
D/MobileDataStateTracker(  381): hipri: getNetworkInfo(): simId = 0
D/MobileDataStateTracker(  381): fota: getNetworkInfo(): simId = 0
D/MobileDataStateTracker(  381): ims: getNetworkInfo(): simId = 0
D/MobileDataStateTracker(  381): cbs: getNetworkInfo(): simId = 0
V/NetworkPolicy(  381): updateNotificationsLocked()
D/ConnectivityService(  381): sendStickyBroadcastDelayed: delayMs=3000, action=android.net.conn.CONNECTIVITY_CHANGE
D/ConnectivityService(  381): handleMessage msg.what=1
D/ConnectivityService(  381): ConnectivityChange for WIFI: CONNECTED/CONNECTED
D/ConnectivityService(  381): Setting TCP values: [524288,1048576,2097152,262144,524288,1048576] which comes from [net.tcp.buffersize.wifi]
D/ConnectivityService(  381): handleConnectivityChange: changed linkProperty[1]: doReset=false resetMask=0
D/ConnectivityService(  381):    curLp=InterfaceName: wlan0 LinkAddresses: [192.168.43.186/24,] Routes: [0.0.0.0/0 -> 192.168.43.1,] DnsAddresses: [192.168.43.1,] HttpProxy: [ProxyProperties.mHost == null] 
D/ConnectivityService(  381):    newLp=InterfaceName: wlan0 LinkAddresses: [192.168.43.186/24,] Routes: [0.0.0.0/0 -> 192.168.43.1,] DnsAddresses: [192.168.43.1,] HttpProxy: [ProxyProperties.mHost == null] 
D/ConnectivityService(  381): handleConnectivityChange: address are the same reset per doReset linkProperty[1]: resetMask=0
D/ConnectivityService(  381): sendStickyBroadcast: action=android.net.conn.CONNECTIVITY_CHANGE_IMMEDIATE
D/ConnectivityService(  381): sendStickyBroadcastDelayed: delayMs=3000, action=android.net.conn.CONNECTIVITY_CHANGE
D/MobileDataStateTracker(  381): default: getNetworkInfo(): simId = 0
D/MobileDataStateTracker(  381): mms: getNetworkInfo(): simId = 0
D/MobileDataStateTracker(  381): supl: getNetworkInfo(): simId = 0
D/MobileDataStateTracker(  381): hipri: getNetworkInfo(): simId = 0
D/MobileDataStateTracker(  381): fota: getNetworkInfo(): simId = 0
D/MobileDataStateTracker(  381): ims: getNetworkInfo(): simId = 0
D/MobileDataStateTracker(  381): cbs: getNetworkInfo(): simId = 0
D/MobileDataStateTracker(  381): default: getNetworkInfo(): simId = 0
D/MobileDataStateTracker(  381): mms: getNetworkInfo(): simId = 0
D/MobileDataStateTracker(  381): supl: getNetworkInfo(): simId = 0
D/MobileDataStateTracker(  381): hipri: getNetworkInfo(): simId = 0
D/MobileDataStateTracker(  381): fota: getNetworkInfo(): simId = 0
D/MobileDataStateTracker(  381): ims: getNetworkInfo(): simId = 0
D/MobileDataStateTracker(  381): cbs: getNetworkInfo(): simId = 0
V/NetworkPolicy(  381): ensureActiveMobilePolicyLocked()
V/NetworkPolicy(  381): updateNetworkEnabledLocked()
D/NetworkPolicy(  381): setNetworkTemplateEnabled(): match rule = 1
V/NetworkPolicy(  381): updateIfacesLocked()
D/MobileDataStateTracker(  381): default: getNetworkInfo(): simId = 0
D/MobileDataStateTracker(  381): mms: getNetworkInfo(): simId = 0
D/MobileDataStateTracker(  381): supl: getNetworkInfo(): simId = 0
D/MobileDataStateTracker(  381): hipri: getNetworkInfo(): simId = 0
D/MobileDataStateTracker(  381): fota: getNetworkInfo(): simId = 0
D/MobileDataStateTracker(  381): ims: getNetworkInfo(): simId = 0
D/MobileDataStateTracker(  381): cbs: getNetworkInfo(): simId = 0
V/NetworkPolicy(  381): updateNotificationsLocked()
V/NetworkPolicy(  381): updateNetworkEnabledLocked()
D/NetworkPolicy(  381): setNetworkTemplateEnabled(): match rule = 1
V/NetworkPolicy(  381): updateNotificationsLocked()
V/NetworkPolicy(  381): updateNetworkEnabledLocked()
D/NetworkPolicy(  381): setNetworkTemplateEnabled(): match rule = 1
V/NetworkPolicy(  381): updateNotificationsLocked()
D/ConnectivityService(  381): handleMessage msg.what=105
D/ConnectivityService(  381): handleInetConditionHoldEnd: net=1, condition=0, published condition=0
D/ConnectivityService(  381): handleInetConditionHoldEnd: event hold for obsolete network - ignoring
D/ConnectivityService(  381): handleMessage msg.what=112
D/ConnectivityService(  381): sendStickyBroadcast: action=android.net.conn.CONNECTIVITY_CHANGE
D/StatusBar.NetworkControllerDS(  459): updateConnectivity: intent=Intent { act=android.net.conn.CONNECTIVITY_CHANGE flg=0x8000010 (has extras) }
D/MobileDataStateTracker(  381): default: getNetworkInfo(): simId = 0
D/StatusBar.NetworkControllerDS(  459): updateConnectivity: networkInfo=NetworkInfo: type: WIFI[], state: CONNECTED/CONNECTED, reason: (unspecified), extra: (none), roaming: false, failover: false, isAvailable: true
D/StatusBar.NetworkControllerDS(  459): updateConnectivity: connectionStatus=0
D/StatusBar.NetworkControllerDS(  459): updateTelephonySignalStrength: !hasService()
D/StatusBar.NetworkControllerDS(  459): updateTelephonySignalStrength: !hasService()
D/ConnectivityService(  381): reportNetworkCondition(1, 0)
D/ConnectivityService(  381): handleMessage msg.what=104
D/ConnectivityService(  381): handleInetConditionChange: net=1, condition=0,mActiveDefaultNetwork=1
D/ConnectivityService(  381): handleInetConditionChange: starting a change hold
D/ConnectivityService(  381): handleMessage msg.what=112
D/ConnectivityService(  381): sendStickyBroadcast: action=android.net.conn.CONNECTIVITY_CHANGE
D/StatusBar.NetworkControllerDS(  459): updateConnectivity: intent=Intent { act=android.net.conn.CONNECTIVITY_CHANGE flg=0x8000010 (has extras) }
D/StatusBar.NetworkControllerDS(  459): updateConnectivity: networkInfo=NetworkInfo: type: WIFI[], state: CONNECTED/CONNECTED, reason: (unspecified), extra: (none), roaming: false, failover: false, isAvailable: true
D/StatusBar.NetworkControllerDS(  459): updateConnectivity: connectionStatus=0
D/StatusBar.NetworkControllerDS(  459): updateTelephonySignalStrength: !hasService()
D/StatusBar.NetworkControllerDS(  459): updateTelephonySignalStrength: !hasService()
D/MobileDataStateTracker(  381): default: getNetworkInfo(): simId = 0
D/MobileDataStateTracker(  381): default: getNetworkInfo(): simId = 0
D/PhoneStatusBar(  459): addNotification score=0
D/ConnectivityService(  381): reportNetworkCondition(1, 0)
D/StatusBar.NetworkControllerDS(  459): updateTelephonySignalStrength: !hasService()
D/StatusBar.NetworkControllerDS(  459): updateTelephonySignalStrength: !hasService()
D/ConnectivityService(  381): handleMessage msg.what=104
D/ConnectivityService(  381): handleInetConditionChange: net=1, condition=0,mActiveDefaultNetwork=1
D/ConnectivityService(  381): handleInetConditionChange: currently in hold - not setting new end evt
D/MobileDataStateTracker(  381): default: getNetworkInfo(): simId = 0
D/ConnectivityService(  381): handleMessage msg.what=108
D/ConnectivityService(  381): NetTransition Wakelock for WifiStateMachine released by timeout
D/ConnectivityService(  381): handleMessage msg.what=108
D/ConnectivityService(  381): handleMessage msg.what=112
D/ConnectivityService(  381): sendStickyBroadcast: action=android.net.conn.CONNECTIVITY_CHANGE
D/ConnectivityService(  381): handleMessage msg.what=112
D/ConnectivityService(  381): sendStickyBroadcast: action=android.net.conn.CONNECTIVITY_CHANGE
D/StatusBar.NetworkControllerDS(  459): updateConnectivity: intent=Intent { act=android.net.conn.CONNECTIVITY_CHANGE flg=0x8000010 (has extras) }
D/StatusBar.NetworkControllerDS(  459): updateConnectivity: networkInfo=NetworkInfo: type: WIFI[], state: CONNECTED/CONNECTED, reason: (unspecified), extra: (none), roaming: false, failover: false, isAvailable: true
D/StatusBar.NetworkControllerDS(  459): updateConnectivity: connectionStatus=0
D/StatusBar.NetworkControllerDS(  459): updateTelephonySignalStrength: !hasService()
D/StatusBar.NetworkControllerDS(  459): updateTelephonySignalStrength: !hasService()
D/MobileDataStateTracker(  381): default: getNetworkInfo(): simId = 0
D/StatusBar.NetworkControllerDS(  459): updateConnectivity: intent=Intent { act=android.net.conn.CONNECTIVITY_CHANGE flg=0x8000010 (has extras) }
D/StatusBar.NetworkControllerDS(  459): updateConnectivity: networkInfo=NetworkInfo: type: WIFI[], state: CONNECTED/CONNECTED, reason: (unspecified), extra: (none), roaming: false, failover: false, isAvailable: true
D/StatusBar.NetworkControllerDS(  459): updateConnectivity: connectionStatus=0
D/StatusBar.NetworkControllerDS(  459): updateTelephonySignalStrength: !hasService()
D/StatusBar.NetworkControllerDS(  459): updateTelephonySignalStrength: !hasService()
D/MobileDataStateTracker(  381): default: getNetworkInfo(): simId = 0
D/MobileDataStateTracker(  381): default: getNetworkInfo(): simId = 0
D/PhoneStatusBar(  459): addNotification score=0
D/ConnectivityService(  381): handleMessage msg.what=105
D/ConnectivityService(  381): handleInetConditionHoldEnd: net=1, condition=0, published condition=0
D/ConnectivityService(  381): sendStickyBroadcast: action=android.net.conn.INET_CONDITION_ACTION
D/StatusBar.NetworkControllerDS(  459): updateConnectivity: intent=Intent { act=android.net.conn.INET_CONDITION_ACTION flg=0x8000010 (has extras) }
D/StatusBar.NetworkControllerDS(  459): updateConnectivity: networkInfo=NetworkInfo: type: WIFI[], state: CONNECTED/CONNECTED, reason: (unspecified), extra: (none), roaming: false, failover: false, isAvailable: true
D/StatusBar.NetworkControllerDS(  459): updateConnectivity: connectionStatus=0
D/StatusBar.NetworkControllerDS(  459): updateTelephonySignalStrength: !hasService()
D/StatusBar.NetworkControllerDS(  459): updateTelephonySignalStrength: !hasService()
D/MobileDataStateTracker(  381): default: getNetworkInfo(): simId = 0
D/PhoneStatusBar(  459): addNotification score=0
D/PhoneStatusBar(  459): addNotification score=0
D/StatusBar.NetworkControllerDS(  459): updateTelephonySignalStrength: !hasService()
D/StatusBar.NetworkControllerDS(  459): updateTelephonySignalStrength: !hasService()
D/StatusBar.NetworkControllerDS(  459): updateTelephonySignalStrength: !hasService()
D/StatusBar.NetworkControllerDS(  459): updateTelephonySignalStrength: !hasService()
D/ConnectivityService(  381): reportNetworkCondition(1, 100)
D/ConnectivityService(  381): handleMessage msg.what=104
D/ConnectivityService(  381): handleInetConditionChange: net=1, condition=100,mActiveDefaultNetwork=1
D/ConnectivityService(  381): handleInetConditionChange: starting a change hold
D/ConnectivityService(  381): handleMessage msg.what=105
D/ConnectivityService(  381): handleInetConditionHoldEnd: net=1, condition=100, published condition=0
D/ConnectivityService(  381): sendStickyBroadcast: action=android.net.conn.INET_CONDITION_ACTION
D/StatusBar.NetworkControllerDS(  459): updateConnectivity: intent=Intent { act=android.net.conn.INET_CONDITION_ACTION flg=0x8000010 (has extras) }
D/StatusBar.NetworkControllerDS(  459): updateConnectivity: networkInfo=NetworkInfo: type: WIFI[], state: CONNECTED/CONNECTED, reason: (unspecified), extra: (none), roaming: false, failover: false, isAvailable: true
D/StatusBar.NetworkControllerDS(  459): updateConnectivity: connectionStatus=100
D/StatusBar.NetworkControllerDS(  459): updateTelephonySignalStrength: !hasService()
D/StatusBar.NetworkControllerDS(  459): updateTelephonySignalStrength: !hasService()
D/StatusBar.NetworkControllerDS(  459): updateTelephonySignalStrength: !hasService()
D/StatusBar.NetworkControllerDS(  459): updateTelephonySignalStrength: !hasService()
D/StatusBar.NetworkControllerDS(  459): updateTelephonySignalStrength: !hasService()
D/StatusBar.NetworkControllerDS(  459): updateTelephonySignalStrength: !hasService()
D/StatusBar.NetworkControllerDS(  459): updateTelephonySignalStrength: !hasService()
D/StatusBar.NetworkControllerDS(  459): updateTelephonySignalStrength: !hasService()
D/ConnectivityService(  381): handleMessage msg.what=108
D/StatusBar.NetworkControllerDS(  459): updateTelephonySignalStrength: !hasService()
D/StatusBar.NetworkControllerDS(  459): updateTelephonySignalStrength: !hasService()
D/StatusBar.NetworkControllerDS(  459): updateTelephonySignalStrength: !hasService()
D/StatusBar.NetworkControllerDS(  459): updateTelephonySignalStrength: !hasService()
D/StatusBar.NetworkControllerDS(  459): updateTelephonySignalStrength: !hasService()
D/StatusBar.NetworkControllerDS(  459): updateTelephonySignalStrength: !hasService()
D/StatusBar.NetworkControllerDS(  459): updateTelephonySignalStrength: !hasService()
D/StatusBar.NetworkControllerDS(  459): updateTelephonySignalStrength: !hasService()
D/StatusBar.NetworkControllerDS(  459): updateTelephonySignalStrength: !hasService()
D/StatusBar.NetworkControllerDS(  459): updateTelephonySignalStrength: !hasService()
D/StatusBar.NetworkControllerDS(  459): updateTelephonySignalStrength: !hasService()
D/StatusBar.NetworkControllerDS(  459): updateTelephonySignalStrength: !hasService()
D/StatusBar.NetworkControllerDS(  459): updateTelephonySignalStrength: !hasService()
D/StatusBar.NetworkControllerDS(  459): updateTelephonySignalStrength: !hasService()
D/ConnectivityService(  381): handleMessage msg.what=108
D/StatusBar.NetworkControllerDS(  459): updateTelephonySignalStrength: !hasService()
D/StatusBar.NetworkControllerDS(  459): updateTelephonySignalStrength: !hasService()
D/StatusBar.NetworkControllerDS(  459): updateTelephonySignalStrength: !hasService()
D/StatusBar.NetworkControllerDS(  459): updateTelephonySignalStrength: !hasService()
D/StatusBar.NetworkControllerDS(  459): updateTelephonySignalStrength: !hasService()
D/StatusBar.NetworkControllerDS(  459): updateTelephonySignalStrength: !hasService()
D/StatusBar.NetworkControllerDS(  459): updateTelephonySignalStrength: !hasService()
D/StatusBar.NetworkControllerDS(  459): updateTelephonySignalStrength: !hasService()
D/PhoneStatusBar(  459): addNotification score=0
D/StatusBar.NetworkControllerDS(  459): updateTelephonySignalStrength: !hasService()
D/StatusBar.NetworkControllerDS(  459): updateTelephonySignalStrength: !hasService()
D/StatusBar.NetworkControllerDS(  459): updateTelephonySignalStrength: !hasService()
D/StatusBar.NetworkControllerDS(  459): updateTelephonySignalStrength: !hasService()
D/StatusBar.NetworkControllerDS(  459): updateTelephonySignalStrength: !hasService()
D/StatusBar.NetworkControllerDS(  459): updateTelephonySignalStrength: !hasService()
D/StatusBar.NetworkControllerDS(  459): updateTelephonySignalStrength: !hasService()
D/StatusBar.NetworkControllerDS(  459): updateTelephonySignalStrength: !hasService()
D/StatusBar.NetworkControllerDS(  459): updateTelephonySignalStrength: !hasService()
D/StatusBar.NetworkControllerDS(  459): updateTelephonySignalStrength: !hasService()
D/StatusBar.NetworkControllerDS(  459): updateTelephonySignalStrength: !hasService()
D/StatusBar.NetworkControllerDS(  459): updateTelephonySignalStrength: !hasService()
D/StatusBar.NetworkControllerDS(  459): updateTelephonySignalStrength: !hasService()
D/StatusBar.NetworkControllerDS(  459): updateTelephonySignalStrength: !hasService()
D/StatusBar.NetworkControllerDS(  459): updateTelephonySignalStrength: !hasService()
D/StatusBar.NetworkControllerDS(  459): updateTelephonySignalStrength: !hasService()
D/StatusBar.NetworkControllerDS(  459): updateTelephonySignalStrength: !hasService()
D/StatusBar.NetworkControllerDS(  459): updateTelephonySignalStrength: !hasService()
D/StatusBar.NetworkControllerDS(  459): updateTelephonySignalStrength: !hasService()
D/StatusBar.NetworkControllerDS(  459): updateTelephonySignalStrength: !hasService()
D/StatusBar.NetworkControllerDS(  459): updateTelephonySignalStrength: !hasService()
D/StatusBar.NetworkControllerDS(  459): updateTelephonySignalStrength: !hasService()
D/StatusBar.NetworkControllerDS(  459): updateTelephonySignalStrength: !hasService()
D/StatusBar.NetworkControllerDS(  459): updateTelephonySignalStrength: !hasService()
W/ThrottleService(  381): unable to find stats for iface rmnet0
D/StatusBar.NetworkControllerDS(  459): updateTelephonySignalStrength: !hasService()
D/StatusBar.NetworkControllerDS(  459): updateTelephonySignalStrength: !hasService()
