D/StatusBar.NetworkControllerDS(  459): updateTelephonySignalStrength: !hasService()
D/StatusBar.NetworkControllerDS(  459): updateTelephonySignalStrength: !hasService()
D/StatusBar.NetworkControllerDS(  459): updateTelephonySignalStrength: !hasService()
D/StatusBar.NetworkControllerDS(  459): updateTelephonySignalStrength: !hasService()
D/StatusBar.NetworkControllerDS(  459): updateTelephonySignalStrength: !hasService()
D/StatusBar.NetworkControllerDS(  459): updateTelephonySignalStrength: !hasService()
D/StatusBar.NetworkControllerDS(  459): updateTelephonySignalStrength: !hasService()
D/StatusBar.NetworkControllerDS(  459): updateTelephonySignalStrength: !hasService()
D/StatusBar.NetworkControllerDS(  459): updateTelephonySignalStrength: !hasService()
D/StatusBar.NetworkControllerDS(  459): updateTelephonySignalStrength: !hasService()
D/StatusBar.NetworkControllerDS(  459): updateTelephonySignalStrength: !hasService()
D/StatusBar.NetworkControllerDS(  459): updateTelephonySignalStrength: !hasService()
D/StatusBar.NetworkControllerDS(  459): updateTelephonySignalStrength: !hasService()
D/StatusBar.NetworkControllerDS(  459): updateTelephonySignalStrength: !hasService()
D/StatusBar.NetworkControllerDS(  459): updateTelephonySignalStrength: !hasService()
D/StatusBar.NetworkControllerDS(  459): updateTelephonySignalStrength: !hasService()
D/StatusBar.NetworkControllerDS(  459): updateTelephonySignalStrength: !hasService()
D/StatusBar.NetworkControllerDS(  459): updateTelephonySignalStrength: !hasService()
D/StatusBar.NetworkControllerDS(  459): updateTelephonySignalStrength: !hasService()
D/StatusBar.NetworkControllerDS(  459): updateTelephonySignalStrength: !hasService()
D/StatusBar.NetworkControllerDS(  459): updateTelephonySignalStrength: !hasService()
D/StatusBar.NetworkControllerDS(  459): updateTelephonySignalStrength: !hasService()
D/StatusBar.NetworkControllerDS(  459): updateTelephonySignalStrength: !hasService()
D/StatusBar.NetworkControllerDS(  459): updateTelephonySignalStrength: !hasService()
D/StatusBar.NetworkControllerDS(  459): updateTelephonySignalStrength: !hasService()
D/PhoneStatusBar(  459): addNotification score=0
D/StatusBar.NetworkControllerDS(  459): updateTelephonySignalStrength: !hasService()
D/StatusBar.NetworkControllerDS(  459): updateTelephonySignalStrength: !hasService()
D/StatusBar.NetworkControllerDS(  459): updateTelephonySignalStrength: !hasService()
D/StatusBar.NetworkControllerDS(  459): updateTelephonySignalStrength: !hasService()
D/StatusBar.NetworkControllerDS(  459): updateTelephonySignalStrength: !hasService()
D/StatusBar.NetworkControllerDS(  459): updateTelephonySignalStrength: !hasService()
D/StatusBar.NetworkControllerDS(  459): updateTelephonySignalStrength: !hasService()
D/StatusBar.NetworkControllerDS(  459): updateTelephonySignalStrength: !hasService()
D/StatusBar.NetworkControllerDS(  459): updateTelephonySignalStrength: !hasService()
D/StatusBar.NetworkControllerDS(  459): updateTelephonySignalStrength: !hasService()
D/StatusBar.NetworkControllerDS(  459): updateTelephonySignalStrength: !hasService()
D/StatusBar.NetworkControllerDS(  459): updateTelephonySignalStrength: !hasService()
D/StatusBar.NetworkControllerDS(  459): updateTelephonySignalStrength: !hasService()
D/StatusBar.NetworkControllerDS(  459): updateTelephonySignalStrength: !hasService()
D/StatusBar.NetworkControllerDS(  459): updateTelephonySignalStrength: !hasService()
D/StatusBar.NetworkControllerDS(  459): updateTelephonySignalStrength: !hasService()
D/StatusBar.NetworkControllerDS(  459): updateTelephonySignalStrength: !hasService()
D/StatusBar.NetworkControllerDS(  459): updateTelephonySignalStrength: !hasService()
D/StatusBar.NetworkControllerDS(  459): updateTelephonySignalStrength: !hasService()
D/StatusBar.NetworkControllerDS(  459): updateTelephonySignalStrength: !hasService()
D/StatusBar.NetworkControllerDS(  459): updateTelephonySignalStrength: !hasService()
D/StatusBar.NetworkControllerDS(  459): updateTelephonySignalStrength: !hasService()
D/StatusBar.NetworkControllerDS(  459): updateTelephonySignalStrength: !hasService()
D/StatusBar.NetworkControllerDS(  459): updateTelephonySignalStrength: !hasService()
D/StatusBar.NetworkControllerDS(  459): updateTelephonySignalStrength: !hasService()
D/StatusBar.NetworkControllerDS(  459): updateTelephonySignalStrength: !hasService()
D/StatusBar.NetworkControllerDS(  459): updateTelephonySignalStrength: !hasService()
D/StatusBar.NetworkControllerDS(  459): updateTelephonySignalStrength: !hasService()
D/StatusBar.NetworkControllerDS(  459): updateTelephonySignalStrength: !hasService()
D/StatusBar.NetworkControllerDS(  459): updateTelephonySignalStrength: !hasService()
D/StatusBar.NetworkControllerDS(  459): updateTelephonySignalStrength: !hasService()
D/StatusBar.NetworkControllerDS(  459): updateTelephonySignalStrength: !hasService()
D/StatusBar.NetworkControllerDS(  459): updateTelephonySignalStrength: !hasService()
D/StatusBar.NetworkControllerDS(  459): updateTelephonySignalStrength: !hasService()
D/StatusBar.NetworkControllerDS(  459): updateTelephonySignalStrength: !hasService()
D/StatusBar.NetworkControllerDS(  459): updateTelephonySignalStrength: !hasService()
D/StatusBar.NetworkControllerDS(  459): updateTelephonySignalStrength: !hasService()
D/StatusBar.NetworkControllerDS(  459): updateTelephonySignalStrength: !hasService()
D/StatusBar.NetworkControllerDS(  459): updateTelephonySignalStrength: !hasService()
D/StatusBar.NetworkControllerDS(  459): updateTelephonySignalStrength: !hasService()
D/StatusBar.NetworkControllerDS(  459): updateTelephonySignalStrength: !hasService()
D/StatusBar.NetworkControllerDS(  459): updateTelephonySignalStrength: !hasService()
D/StatusBar.NetworkControllerDS(  459): updateTelephonySignalStrength: !hasService()
D/StatusBar.NetworkControllerDS(  459): updateTelephonySignalStrength: !hasService()
D/BatteryService(  381): mBatteryLevel18isPowered():trueActivityManagerNative.isSystemReady():true
D/ActivityManager(  381): mBatteryStatusReceiver, action=android.intent.action.BATTERY_CHANGED
D/ActivityManager(  381): mBatteryStatusReceiver, plugged=2, mBatteryStatusPlugged=2, fakeShutdownMode=false
D/StatusBar.NetworkControllerDS(  459): updateTelephonySignalStrength: !hasService()
D/StatusBar.NetworkControllerDS(  459): updateTelephonySignalStrength: !hasService()
D/StatusBar.NetworkControllerDS(  459): updateTelephonySignalStrength: !hasService()
D/StatusBar.NetworkControllerDS(  459): updateTelephonySignalStrength: !hasService()
D/StatusBar.NetworkControllerDS(  459): updateTelephonySignalStrength: !hasService()
D/StatusBar.NetworkControllerDS(  459): updateTelephonySignalStrength: !hasService()
D/PhoneStatusBar(  459): addNotification score=0
D/StatusBar.NetworkControllerDS(  459): updateTelephonySignalStrength: !hasService()
D/StatusBar.NetworkControllerDS(  459): updateTelephonySignalStrength: !hasService()
D/StatusBar.NetworkControllerDS(  459): updateTelephonySignalStrength: !hasService()
D/StatusBar.NetworkControllerDS(  459): updateTelephonySignalStrength: !hasService()
D/StatusBar.NetworkControllerDS(  459): updateTelephonySignalStrength: !hasService()
D/StatusBar.NetworkControllerDS(  459): updateTelephonySignalStrength: !hasService()
D/StatusBar.NetworkControllerDS(  459): updateTelephonySignalStrength: !hasService()
D/StatusBar.NetworkControllerDS(  459): updateTelephonySignalStrength: !hasService()
D/StatusBar.NetworkControllerDS(  459): updateTelephonySignalStrength: !hasService()
D/StatusBar.NetworkControllerDS(  459): updateTelephonySignalStrength: !hasService()
D/StatusBar.NetworkControllerDS(  459): updateTelephonySignalStrength: !hasService()
D/StatusBar.NetworkControllerDS(  459): updateTelephonySignalStrength: !hasService()
D/StatusBar.NetworkControllerDS(  459): updateTelephonySignalStrength: !hasService()
D/StatusBar.NetworkControllerDS(  459): updateTelephonySignalStrength: !hasService()
D/StatusBar.NetworkControllerDS(  459): updateTelephonySignalStrength: !hasService()
D/StatusBar.NetworkControllerDS(  459): updateTelephonySignalStrength: !hasService()
D/StatusBar.NetworkControllerDS(  459): updateTelephonySignalStrength: !hasService()
D/StatusBar.NetworkControllerDS(  459): updateTelephonySignalStrength: !hasService()
D/StatusBar.NetworkControllerDS(  459): updateTelephonySignalStrength: !hasService()
D/StatusBar.NetworkControllerDS(  459): updateTelephonySignalStrength: !hasService()
D/StatusBar.NetworkControllerDS(  459): updateTelephonySignalStrength: !hasService()
D/StatusBar.NetworkControllerDS(  459): updateTelephonySignalStrength: !hasService()
D/StatusBar.NetworkControllerDS(  459): updateTelephonySignalStrength: !hasService()
D/StatusBar.NetworkControllerDS(  459): updateTelephonySignalStrength: !hasService()
D/StatusBar.NetworkControllerDS(  459): updateTelephonySignalStrength: !hasService()
D/StatusBar.NetworkControllerDS(  459): updateTelephonySignalStrength: !hasService()
D/StatusBar.NetworkControllerDS(  459): updateTelephonySignalStrength: !hasService()
D/StatusBar.NetworkControllerDS(  459): updateTelephonySignalStrength: !hasService()
D/StatusBar.NetworkControllerDS(  459): updateTelephonySignalStrength: !hasService()
D/StatusBar.NetworkControllerDS(  459): updateTelephonySignalStrength: !hasService()
D/StatusBar.NetworkControllerDS(  459): updateTelephonySignalStrength: !hasService()
D/StatusBar.NetworkControllerDS(  459): updateTelephonySignalStrength: !hasService()
D/StatusBar.NetworkControllerDS(  459): updateTelephonySignalStrength: !hasService()
D/StatusBar.NetworkControllerDS(  459): updateTelephonySignalStrength: !hasService()
D/StatusBar.NetworkControllerDS(  459): updateTelephonySignalStrength: !hasService()
D/StatusBar.NetworkControllerDS(  459): updateTelephonySignalStrength: !hasService()
D/StatusBar.NetworkControllerDS(  459): updateTelephonySignalStrength: !hasService()
D/StatusBar.NetworkControllerDS(  459): updateTelephonySignalStrength: !hasService()
D/StatusBar.NetworkControllerDS(  459): updateTelephonySignalStrength: !hasService()
D/StatusBar.NetworkControllerDS(  459): updateTelephonySignalStrength: !hasService()
D/StatusBar.NetworkControllerDS(  459): updateTelephonySignalStrength: !hasService()
D/StatusBar.NetworkControllerDS(  459): updateTelephonySignalStrength: !hasService()
D/StatusBar.NetworkControllerDS(  459): updateTelephonySignalStrength: !hasService()
D/StatusBar.NetworkControllerDS(  459): updateTelephonySignalStrength: !hasService()
D/StatusBar.NetworkControllerDS(  459): updateTelephonySignalStrength: !hasService()
D/StatusBar.NetworkControllerDS(  459): updateTelephonySignalStrength: !hasService()
D/StatusBar.NetworkControllerDS(  459): updateTelephonySignalStrength: !hasService()
D/StatusBar.NetworkControllerDS(  459): updateTelephonySignalStrength: !hasService()
D/StatusBar.NetworkControllerDS(  459): updateTelephonySignalStrength: !hasService()
D/PhoneStatusBar(  459): addNotification score=0
D/StatusBar.NetworkControllerDS(  459): updateTelephonySignalStrength: !hasService()
D/StatusBar.NetworkControllerDS(  459): updateTelephonySignalStrength: !hasService()
D/StatusBar.NetworkControllerDS(  459): updateTelephonySignalStrength: !hasService()
D/StatusBar.NetworkControllerDS(  459): updateTelephonySignalStrength: !hasService()
D/StatusBar.NetworkControllerDS(  459): updateTelephonySignalStrength: !hasService()
D/StatusBar.NetworkControllerDS(  459): updateTelephonySignalStrength: !hasService()
D/StatusBar.NetworkControllerDS(  459): updateTelephonySignalStrength: !hasService()
D/StatusBar.NetworkControllerDS(  459): updateTelephonySignalStrength: !hasService()
D/StatusBar.NetworkControllerDS(  459): updateTelephonySignalStrength: !hasService()
D/StatusBar.NetworkControllerDS(  459): updateTelephonySignalStrength: !hasService()
D/StatusBar.NetworkControllerDS(  459): updateTelephonySignalStrength: !hasService()
D/StatusBar.NetworkControllerDS(  459): updateTelephonySignalStrength: !hasService()
D/StatusBar.NetworkControllerDS(  459): updateTelephonySignalStrength: !hasService()
D/StatusBar.NetworkControllerDS(  459): updateTelephonySignalStrength: !hasService()
D/StatusBar.NetworkControllerDS(  459): updateTelephonySignalStrength: !hasService()
D/StatusBar.NetworkControllerDS(  459): updateTelephonySignalStrength: !hasService()
D/StatusBar.NetworkControllerDS(  459): updateTelephonySignalStrength: !hasService()
D/StatusBar.NetworkControllerDS(  459): updateTelephonySignalStrength: !hasService()
D/StatusBar.NetworkControllerDS(  459): updateTelephonySignalStrength: !hasService()
D/StatusBar.NetworkControllerDS(  459): updateTelephonySignalStrength: !hasService()
D/StatusBar.NetworkControllerDS(  459): updateTelephonySignalStrength: !hasService()
D/StatusBar.NetworkControllerDS(  459): updateTelephonySignalStrength: !hasService()
D/StatusBar.NetworkControllerDS(  459): updateTelephonySignalStrength: !hasService()
D/StatusBar.NetworkControllerDS(  459): updateTelephonySignalStrength: !hasService()
D/StatusBar.NetworkControllerDS(  459): updateTelephonySignalStrength: !hasService()
D/StatusBar.NetworkControllerDS(  459): updateTelephonySignalStrength: !hasService()
D/StatusBar.NetworkControllerDS(  459): updateTelephonySignalStrength: !hasService()
D/StatusBar.NetworkControllerDS(  459): updateTelephonySignalStrength: !hasService()
D/StatusBar.NetworkControllerDS(  459): updateTelephonySignalStrength: !hasService()
D/StatusBar.NetworkControllerDS(  459): updateTelephonySignalStrength: !hasService()
D/StatusBar.NetworkControllerDS(  459): updateTelephonySignalStrength: !hasService()
D/StatusBar.NetworkControllerDS(  459): updateTelephonySignalStrength: !hasService()
D/StatusBar.NetworkControllerDS(  459): updateTelephonySignalStrength: !hasService()
D/StatusBar.NetworkControllerDS(  459): updateTelephonySignalStrength: !hasService()
D/StatusBar.NetworkControllerDS(  459): updateTelephonySignalStrength: !hasService()
D/StatusBar.NetworkControllerDS(  459): updateTelephonySignalStrength: !hasService()
D/StatusBar.NetworkControllerDS(  459): updateTelephonySignalStrength: !hasService()
D/StatusBar.NetworkControllerDS(  459): updateTelephonySignalStrength: !hasService()
D/StatusBar.NetworkControllerDS(  459): updateTelephonySignalStrength: !hasService()
D/StatusBar.NetworkControllerDS(  459): updateTelephonySignalStrength: !hasService()
D/StatusBar.NetworkControllerDS(  459): updateTelephonySignalStrength: !hasService()
D/StatusBar.NetworkControllerDS(  459): updateTelephonySignalStrength: !hasService()
D/StatusBar.NetworkControllerDS(  459): updateTelephonySignalStrength: !hasService()
D/StatusBar.NetworkControllerDS(  459): updateTelephonySignalStrength: !hasService()
D/StatusBar.NetworkControllerDS(  459): updateTelephonySignalStrength: !hasService()
D/StatusBar.NetworkControllerDS(  459): updateTelephonySignalStrength: !hasService()
D/StatusBar.NetworkControllerDS(  459): updateTelephonySignalStrength: !hasService()
D/StatusBar.NetworkControllerDS(  459): updateTelephonySignalStrength: !hasService()
D/StatusBar.NetworkControllerDS(  459): updateTelephonySignalStrength: !hasService()
D/StatusBar.NetworkControllerDS(  459): updateTelephonySignalStrength: !hasService()
D/StatusBar.NetworkControllerDS(  459): updateTelephonySignalStrength: !hasService()
D/StatusBar.NetworkControllerDS(  459): updateTelephonySignalStrength: !hasService()
D/StatusBar.NetworkControllerDS(  459): updateTelephonySignalStrength: !hasService()
D/PhoneStatusBar(  459): addNotification score=0
D/StatusBar.NetworkControllerDS(  459): updateTelephonySignalStrength: !hasService()
D/StatusBar.NetworkControllerDS(  459): updateTelephonySignalStrength: !hasService()
D/StatusBar.NetworkControllerDS(  459): updateTelephonySignalStrength: !hasService()
D/StatusBar.NetworkControllerDS(  459): updateTelephonySignalStrength: !hasService()
D/StatusBar.NetworkControllerDS(  459): updateTelephonySignalStrength: !hasService()
D/StatusBar.NetworkControllerDS(  459): updateTelephonySignalStrength: !hasService()
D/StatusBar.NetworkControllerDS(  459): updateTelephonySignalStrength: !hasService()
D/StatusBar.NetworkControllerDS(  459): updateTelephonySignalStrength: !hasService()
D/StatusBar.NetworkControllerDS(  459): updateTelephonySignalStrength: !hasService()
D/StatusBar.NetworkControllerDS(  459): updateTelephonySignalStrength: !hasService()
D/StatusBar.NetworkControllerDS(  459): updateTelephonySignalStrength: !hasService()
D/StatusBar.NetworkControllerDS(  459): updateTelephonySignalStrength: !hasService()
D/StatusBar.NetworkControllerDS(  459): updateTelephonySignalStrength: !hasService()
D/StatusBar.NetworkControllerDS(  459): updateTelephonySignalStrength: !hasService()
D/StatusBar.NetworkControllerDS(  459): updateTelephonySignalStrength: !hasService()
D/StatusBar.NetworkControllerDS(  459): updateTelephonySignalStrength: !hasService()
D/StatusBar.NetworkControllerDS(  459): updateTelephonySignalStrength: !hasService()
D/StatusBar.NetworkControllerDS(  459): updateTelephonySignalStrength: !hasService()
D/StatusBar.NetworkControllerDS(  459): updateTelephonySignalStrength: !hasService()
D/StatusBar.NetworkControllerDS(  459): updateTelephonySignalStrength: !hasService()
D/BatteryService(  381): mBatteryLevel20isPowered():trueActivityManagerNative.isSystemReady():true
D/ActivityManager(  381): mBatteryStatusReceiver, action=android.intent.action.BATTERY_CHANGED
D/ActivityManager(  381): mBatteryStatusReceiver, plugged=2, mBatteryStatusPlugged=2, fakeShutdownMode=false
D/StatusBar.NetworkControllerDS(  459): updateTelephonySignalStrength: !hasService()
D/StatusBar.NetworkControllerDS(  459): updateTelephonySignalStrength: !hasService()
D/StatusBar.NetworkControllerDS(  459): updateTelephonySignalStrength: !hasService()
D/StatusBar.NetworkControllerDS(  459): updateTelephonySignalStrength: !hasService()
D/StatusBar.NetworkControllerDS(  459): updateTelephonySignalStrength: !hasService()
D/StatusBar.NetworkControllerDS(  459): updateTelephonySignalStrength: !hasService()
D/StatusBar.NetworkControllerDS(  459): updateTelephonySignalStrength: !hasService()
D/StatusBar.NetworkControllerDS(  459): updateTelephonySignalStrength: !hasService()
D/StatusBar.NetworkControllerDS(  459): updateTelephonySignalStrength: !hasService()
D/StatusBar.NetworkControllerDS(  459): updateTelephonySignalStrength: !hasService()
D/StatusBar.NetworkControllerDS(  459): updateTelephonySignalStrength: !hasService()
D/StatusBar.NetworkControllerDS(  459): updateTelephonySignalStrength: !hasService()
D/StatusBar.NetworkControllerDS(  459): updateTelephonySignalStrength: !hasService()
W/InputMethodManagerService(  381): Got RemoteException sending setActive(false) notification to pid 14661 uid 1000
I/WindowManager(  381): Lock screen displayed!
D/PhoneStatusBar(  459): disable: < expand icons alerts ticker system_info BACK HOME recent* CLOCK >
I/ActivityManager(  381): Config changed: {1.0 0mcc0mnc zh_CN sw360dp w640dp h340dp nrml long land finger -keyb/v/h -nav/h s.155}
D/PhoneStatusBar(  459): disable: < expand icons alerts ticker system_info back* home* recent clock* >
D/BatteryService(  381): mBatteryLevel20isPowered():trueActivityManagerNative.isSystemReady():true
D/ActivityManager(  381): mBatteryStatusReceiver, action=android.intent.action.BATTERY_CHANGED
D/ActivityManager(  381): mBatteryStatusReceiver, plugged=2, mBatteryStatusPlugged=2, fakeShutdownMode=false
D/BatteryService(  381): mBatteryLevel20isPowered():trueActivityManagerNative.isSystemReady():true
D/ActivityManager(  381): mBatteryStatusReceiver, action=android.intent.action.BATTERY_CHANGED
D/ActivityManager(  381): mBatteryStatusReceiver, plugged=2, mBatteryStatusPlugged=2, fakeShutdownMode=false
D/BatteryService(  381): mBatteryLevel20isPowered():trueActivityManagerNative.isSystemReady():true
D/ActivityManager(  381): mBatteryStatusReceiver, action=android.intent.action.BATTERY_CHANGED
D/ActivityManager(  381): mBatteryStatusReceiver, plugged=2, mBatteryStatusPlugged=2, fakeShutdownMode=false
I/ActivityManager(  381): No longer want com.android.localcontactaccount (pid 3208): hidden #16
W/InputMethodManagerService(  381): Got RemoteException sending setActive(false) notification to pid 14661 uid 1000
D/BatteryService(  381): mBatteryLevel20isPowered():trueActivityManagerNative.isSystemReady():true
D/ActivityManager(  381): mBatteryStatusReceiver, action=android.intent.action.BATTERY_CHANGED
D/ActivityManager(  381): mBatteryStatusReceiver, plugged=2, mBatteryStatusPlugged=2, fakeShutdownMode=false
W/DefContainer( 3919): Failed to parse package
W/ActivityManager(  381): No content provider found for permission revoke: file:///test.apk
D/StatusBar.NetworkControllerDS(  459): updateTelephonySignalStrength: !hasService()
D/StatusBar.NetworkControllerDS(  459): updateTelephonySignalStrength: !hasService()
I/ActivityManager(  381): START {flg=0x10000000 cmp=com.coship.momokan/.ReflectionActivity u=0} from pid 17382
I/ActivityManager(  381): START {flg=0x10000000 cmp=com.wandoujia.phoenix2/.ui.WelcomeActivity (has extras) u=0} from pid 18013
I/ActivityManager(  381): START {flg=0x10000000 cmp=com.wandoujia.phoenix2/.ui.WelcomeActivity (has extras) u=0} from pid 18023
W/ActivityManager(  381): Activity pause timeout for ActivityRecord{42144248 com.coship.momokan/.ReflectionActivity}
I/ActivityManager(  381): Config changed: {1.0 0mcc0mnc zh_CN sw360dp w360dp h620dp nrml long port finger -keyb/v/h -nav/h s.156}
I/ActivityManager(  381): Config changed: {1.0 0mcc0mnc zh_CN sw360dp w640dp h340dp nrml long land finger -keyb/v/h -nav/h s.157}
D/StatusBar.NetworkControllerDS(  459): updateTelephonySignalStrength: !hasService()
W/DefContainer( 3919): Failed to parse package
W/ActivityManager(  381): No content provider found for permission revoke: file:///test.apk
W/InputMethodManagerService(  381): Window already focused, ignoring focus gain of: com.android.internal.view.IInputMethodClient$Stub$Proxy@42d8b790 attribute=null
D/StatusBar.NetworkControllerDS(  459): updateTelephonySignalStrength: !hasService()
D/StatusBar.NetworkControllerDS(  459): updateTelephonySignalStrength: !hasService()
W/ActivityManager(  381): No content provider found for permission revoke: file:///data/local/tmp/43f4a98dd80ad23abf4ac39393a5cee7.apk
W/ActivityManager(  381): No content provider found for permission revoke: file:///data/local/tmp/43f4a98dd80ad23abf4ac39393a5cee7.apk
I/ActivityManager(  381): START {flg=0x10000000 cmp=com.wandoujia.phoenix2/.ui.WelcomeActivity (has extras) u=0} from pid 18137
W/ActivityManager(  381): Activity pause timeout for ActivityRecord{42144248 com.coship.momokan/.ReflectionActivity}
I/ActivityManager(  381): Config changed: {1.0 0mcc0mnc zh_CN sw360dp w360dp h620dp nrml long port finger -keyb/v/h -nav/h s.158}
I/ActivityManager(  381): Config changed: {1.0 0mcc0mnc zh_CN sw360dp w640dp h340dp nrml long land finger -keyb/v/h -nav/h s.159}
I/ActivityManager(  381): Force stopping package com.wandoujia.phoenix2 uid=10061
I/ActivityManager(  381): Killing proc 16775:com.wandoujia.phoenix2/u0a61: force stop
I/PackageManager(  381): Package com.wandoujia.phoenix2 codePath changed from /data/app/com.wandoujia.phoenix2-2.apk to /data/app/com.wandoujia.phoenix2-1.apk; Retaining data and using new
W/WindowManager(  381): Window freeze timeout expired.
W/WindowManager(  381): Force clearing orientation change: Window{426283d0 com.coship.momokan/com.coship.momokan.ReflectionActivity paused=false}
W/WindowManager(  381): Force clearing orientation change: Window{42dbcf90 com.android.systemui.ImageWallpaper paused=false}
I/ActivityManager(  381): Process com.wandoujia.phoenix2.usbproxy (pid 16911) has died.
W/InputMethodManagerService(  381): Window already focused, ignoring focus gain of: com.android.internal.view.IInputMethodClient$Stub$Proxy@425f4a90 attribute=null
D/StatusBar.NetworkControllerDS(  459): updateTelephonySignalStrength: !hasService()
D/StatusBar.NetworkControllerDS(  459): updateTelephonySignalStrength: !hasService()
W/PackageManager(  381): Code path for pkg : com.wandoujia.phoenix2 changing from /data/app/com.wandoujia.phoenix2-2.apk to /data/app/com.wandoujia.phoenix2-1.apk
I/ActivityManager(  381): Force stopping package com.wandoujia.phoenix2 uid=10061
W/PackageManager(  381): Resource path for pkg : com.wandoujia.phoenix2 changing from /data/app/com.wandoujia.phoenix2-2.apk to /data/app/com.wandoujia.phoenix2-1.apk
W/PackageManager(  381): Not granting permission android.permission.READ_LOGS to package com.wandoujia.phoenix2 (protectionLevel=50 flags=0x8be44)
W/PackageManager(  381): Unknown permission com.android.launcher.permission.CREATE_SHORTCUT in package com.wandoujia.phoenix2
W/PackageManager(  381): Unknown permission org.adw.launcher.permission.READ_SETTINGS in package com.wandoujia.phoenix2
W/PackageManager(  381): Unknown permission org.adw.launcher.permission.WRITE_SETTINGS in package com.wandoujia.phoenix2
W/PackageManager(  381): Unknown permission com.qihoo360.launcher.permission.READ_SETTINGS in package com.wandoujia.phoenix2
W/PackageManager(  381): Unknown permission com.qihoo360.launcher.permission.WRITE_SETTINGS in package com.wandoujia.phoenix2
W/PackageManager(  381): Unknown permission com.lge.launcher.permission.READ_SETTINGS in package com.wandoujia.phoenix2
W/PackageManager(  381): Unknown permission com.lge.launcher.permission.WRITE_SETTINGS in package com.wandoujia.phoenix2
W/PackageManager(  381): Unknown permission net.qihoo.launcher.permission.READ_SETTINGS in package com.wandoujia.phoenix2
W/PackageManager(  381): Unknown permission net.qihoo.launcher.permission.WRITE_SETTINGS in package com.wandoujia.phoenix2
W/PackageManager(  381): Unknown permission org.adwfreak.launcher.permission.READ_SETTINGS in package com.wandoujia.phoenix2
W/PackageManager(  381): Unknown permission org.adwfreak.launcher.permission.WRITE_SETTINGS in package com.wandoujia.phoenix2
W/PackageManager(  381): Unknown permission com.huawei.launcher3.permission.READ_SETTINGS in package com.wandoujia.phoenix2
W/PackageManager(  381): Unknown permission com.huawei.launcher3.permission.WRITE_SETTINGS in package com.wandoujia.phoenix2
W/PackageManager(  381): Unknown permission com.fede.launcher.permission.READ_SETTINGS in package com.wandoujia.phoenix2
W/PackageManager(  381): Unknown permission com.fede.launcher.permission.WRITE_SETTINGS in package com.wandoujia.phoenix2
W/PackageManager(  381): Unknown permission com.sec.android.app.twlauncher.settings.READ_SETTINGS in package com.wandoujia.phoenix2
W/PackageManager(  381): Unknown permission com.sec.android.app.twlauncher.settings.WRITE_SETTINGS in package com.wandoujia.phoenix2
W/PackageManager(  381): Not granting permission android.permission.ACCESS_DRM to package com.wandoujia.phoenix2 (protectionLevel=2 flags=0x8be44)
I/ActivityManager(  381): Force stopping package com.wandoujia.phoenix2 uid=10061
D/BackupManagerService(  381): Received broadcast Intent { act=android.intent.action.PACKAGE_REMOVED dat=package:com.wandoujia.phoenix2 flg=0x8000010 (has extras) }
D/BackupManagerService(  381): Received broadcast Intent { act=android.intent.action.PACKAGE_ADDED dat=package:com.wandoujia.phoenix2 flg=0x8000010 (has extras) }
V/BackupManagerService(  381): removePackageParticipantsLocked: uid=10061 #1
V/BackupManagerService(  381): addPackageParticipantsLocked: #1
D/PhoneStatusBar(  459): addNotification score=0
I/ActivityManager(  381): Start proc com.wandoujia.phoenix2 for broadcast com.wandoujia.phoenix2/com.wandoujia.phoenix4.receiver.AppChangedReceiver: pid=18189 uid=10061 gids={3003, 1015, 1006, 1028}
W/InputMethodManagerService(  381): Found no subtypes in a system IME: com.android.inputmethod.pinyin
W/DefContainer( 3919): Failed to parse package
W/ActivityManager(  381): No content provider found for permission revoke: file:///test.apk
D/MobileDataStateTracker(  381): default: getNetworkInfo(): simId = 0
D/MobileDataStateTracker(  381): default: getNetworkInfo(): simId = 0
I/ActivityManager(  381): Start proc com.UCMobile for broadcast com.UCMobile/.receivers.SysReceiver: pid=18284 uid=10067 gids={3003, 1006, 1015, 1028}
E/NotificationService(  381): Ignoring notification with icon==0: Notification(pri=0 contentView=null vibrate=null sound=null defaults=0x0 flags=0x62 kind=[null])
I/ActivityManager(  381): Process com.UCMobile (pid 18284) has died.
I/ActivityManager(  381): START {flg=0x10000000 cmp=com.wandoujia.phoenix2/.ui.WelcomeActivity (has extras) u=0} from pid 18316
W/ActivityManager(  381): No content provider found for permission revoke: file:///data/local/tmp/3b2e5eb85341b716467c9f2ea550dc83.apk
W/ActivityManager(  381): No content provider found for permission revoke: file:///data/local/tmp/3b2e5eb85341b716467c9f2ea550dc83.apk
I/ActivityManager(  381): Force stopping package com.wandoujia.phoenix2.usbproxy uid=10062
I/PackageManager(  381): Package com.wandoujia.phoenix2.usbproxy codePath changed from /data/app/com.wandoujia.phoenix2.usbproxy-1.apk to /data/app/com.wandoujia.phoenix2.usbproxy-2.apk; Retaining data and using new
W/ActivityManager(  381): Activity pause timeout for ActivityRecord{42144248 com.coship.momokan/.ReflectionActivity}
I/ActivityManager(  381): Config changed: {1.0 0mcc0mnc zh_CN sw360dp w360dp h620dp nrml long port finger -keyb/v/h -nav/h s.160}
W/PackageManager(  381): Code path for pkg : com.wandoujia.phoenix2.usbproxy changing from /data/app/com.wandoujia.phoenix2.usbproxy-1.apk to /data/app/com.wandoujia.phoenix2.usbproxy-2.apk
W/PackageManager(  381): Resource path for pkg : com.wandoujia.phoenix2.usbproxy changing from /data/app/com.wandoujia.phoenix2.usbproxy-1.apk to /data/app/com.wandoujia.phoenix2.usbproxy-2.apk
I/ActivityManager(  381): Force stopping package com.wandoujia.phoenix2.usbproxy uid=10062
I/ActivityManager(  381): Force stopping package com.wandoujia.phoenix2.usbproxy uid=10062
I/ActivityManager(  381): Start proc com.UCMobile for broadcast com.UCMobile/.receivers.SysReceiver: pid=18373 uid=10067 gids={3003, 1006, 1015, 1028}
D/StatusBar.NetworkControllerDS(  459): updateTelephonySignalStrength: !hasService()
D/StatusBar.NetworkControllerDS(  459): updateTelephonySignalStrength: !hasService()
D/PhoneStatusBar(  459): addNotification score=0
I/ActivityManager(  381): Start proc com.wandoujia.phoenix2.usbproxy for service com.wandoujia.phoenix2.usbproxy/com.wandoujia.phoenix2.UsbProxyService: pid=18388 uid=10062 gids={3003, 1015, 1028}
D/BackupManagerService(  381): Received broadcast Intent { act=android.intent.action.PACKAGE_REMOVED dat=package:com.wandoujia.phoenix2.usbproxy flg=0x8000010 (has extras) }
I/ActivityManager(  381): Config changed: {1.0 0mcc0mnc zh_CN sw360dp w640dp h340dp nrml long land finger -keyb/v/h -nav/h s.161}
I/ActivityManager(  381): Process com.UCMobile (pid 18373) has died.
D/PhoneStatusBar(  459): addNotification score=0
D/BackupManagerService(  381): Received broadcast Intent { act=android.intent.action.PACKAGE_ADDED dat=package:com.wandoujia.phoenix2.usbproxy flg=0x8000010 (has extras) }
V/BackupManagerService(  381): removePackageParticipantsLocked: uid=10062 #1
V/BackupManagerService(  381): addPackageParticipantsLocked: #1
W/InputMethodManagerService(  381): Found no subtypes in a system IME: com.android.inputmethod.pinyin
W/InputMethodManagerService(  381): Window already focused, ignoring focus gain of: com.android.internal.view.IInputMethodClient$Stub$Proxy@42215b38 attribute=null
W/DefContainer( 3919): Failed to parse package
W/ActivityManager(  381): No content provider found for permission revoke: file:///test.apk
D/PhoneStatusBar(  459): addNotification score=0
I/ActivityManager(  381): START {flg=0x10000000 cmp=com.wandoujia.phoenix2/.ui.WelcomeActivity (has extras) u=0} from pid 18428
W/ActivityManager(  381): Activity pause timeout for ActivityRecord{42144248 com.coship.momokan/.ReflectionActivity}
I/ActivityManager(  381): Config changed: {1.0 0mcc0mnc zh_CN sw360dp w360dp h620dp nrml long port finger -keyb/v/h -nav/h s.162}
I/ActivityManager(  381): Config changed: {1.0 0mcc0mnc zh_CN sw360dp w640dp h340dp nrml long land finger -keyb/v/h -nav/h s.163}
I/ActivityManager(  381): Start proc com.UCMobile for broadcast com.UCMobile/.receivers.SysReceiver: pid=18522 uid=10067 gids={3003, 1006, 1015, 1028}
I/ActivityManager(  381): START {flg=0x10000000 cmp=com.wandoujia.phoenix2/.ui.WelcomeActivity (has extras) u=0} from pid 18518
I/ActivityManager(  381): Process com.UCMobile (pid 18522) has died.
I/ActivityManager(  381): Start proc com.UCMobile for broadcast com.UCMobile/.receivers.SysReceiver: pid=18564 uid=10067 gids={3003, 1006, 1015, 1028}
D/StatusBar.NetworkControllerDS(  459): updateTelephonySignalStrength: !hasService()
W/ActivityManager(  381): Activity pause timeout for ActivityRecord{42144248 com.coship.momokan/.ReflectionActivity}
I/ActivityManager(  381): Process com.UCMobile (pid 18564) has died.
W/DefContainer( 3919): Failed to parse package
W/ActivityManager(  381): No content provider found for permission revoke: file:///test.apk
I/ActivityManager(  381): START {flg=0x10000000 cmp=com.wandoujia.phoenix2/.ui.WelcomeActivity (has extras) u=0} from pid 18615
D/StatusBar.NetworkControllerDS(  459): updateTelephonySignalStrength: !hasService()
D/StatusBar.NetworkControllerDS(  459): updateTelephonySignalStrength: !hasService()
I/ActivityManager(  381): Config changed: {1.0 0mcc0mnc zh_CN sw360dp w360dp h620dp nrml long port finger -keyb/v/h -nav/h s.164}
I/ActivityManager(  381): Config changed: {1.0 0mcc0mnc zh_CN sw360dp w640dp h340dp nrml long land finger -keyb/v/h -nav/h s.165}
W/InputMethodManagerService(  381): Window already focused, ignoring focus gain of: com.android.internal.view.IInputMethodClient$Stub$Proxy@42659458 attribute=null
W/InputMethodManagerService(  381): Window already focused, ignoring focus gain of: com.android.internal.view.IInputMethodClient$Stub$Proxy@423eea08 attribute=null
I/ActivityManager(  381): START {flg=0x10000000 cmp=com.wandoujia.phoenix2/.ui.WelcomeActivity (has extras) u=0} from pid 18720
W/ActivityManager(  381): Activity pause timeout for ActivityRecord{42144248 com.coship.momokan/.ReflectionActivity}
I/ActivityManager(  381): Config changed: {1.0 0mcc0mnc zh_CN sw360dp w360dp h620dp nrml long port finger -keyb/v/h -nav/h s.166}
I/ActivityManager(  381): Config changed: {1.0 0mcc0mnc zh_CN sw360dp w640dp h340dp nrml long land finger -keyb/v/h -nav/h s.167}
I/ActivityManager(  381): START {flg=0x10000000 cmp=com.wandoujia.phoenix2/.ui.WelcomeActivity (has extras) u=0} from pid 18759
W/ActivityManager(  381): Activity pause timeout for ActivityRecord{42144248 com.coship.momokan/.ReflectionActivity}
I/ActivityManager(  381): Config changed: {1.0 0mcc0mnc zh_CN sw360dp w360dp h620dp nrml long port finger -keyb/v/h -nav/h s.168}
I/ActivityManager(  381): Config changed: {1.0 0mcc0mnc zh_CN sw360dp w640dp h340dp nrml long land finger -keyb/v/h -nav/h s.169}
D/PhoneStatusBar(  459): addNotification score=0
D/StatusBar.NetworkControllerDS(  459): updateTelephonySignalStrength: !hasService()
D/StatusBar.NetworkControllerDS(  459): updateTelephonySignalStrength: !hasService()
W/WindowManager(  381): Window freeze timeout expired.
W/WindowManager(  381): Force clearing orientation change: Window{426283d0 com.coship.momokan/com.coship.momokan.ReflectionActivity paused=false}
W/WindowManager(  381): Force clearing orientation change: Window{42696538 SurfaceView paused=false}
W/WindowManager(  381): Force clearing orientation change: Window{42dbcf90 com.android.systemui.ImageWallpaper paused=false}
I/ActivityManager(  381): START {flg=0x10000000 cmp=com.wandoujia.phoenix2/.ui.WelcomeActivity (has extras) u=0} from pid 18875
W/ActivityManager(  381): Launch timeout has expired, giving up wake lock!
W/ActivityManager(  381): Activity pause timeout for ActivityRecord{42144248 com.coship.momokan/.ReflectionActivity}
I/ActivityManager(  381): Config changed: {1.0 0mcc0mnc zh_CN sw360dp w360dp h620dp nrml long port finger -keyb/v/h -nav/h s.170}
W/ActivityManager(  381): Activity idle timeout for ActivityRecord{422805f8 com.wandoujia.phoenix2/.ui.WelcomeActivity}
I/ActivityManager(  381): Config changed: {1.0 0mcc0mnc zh_CN sw360dp w640dp h340dp nrml long land finger -keyb/v/h -nav/h s.171}
W/ActivityManager(  381): Activity idle timeout for ActivityRecord{42144248 com.coship.momokan/.ReflectionActivity}
W/WindowManager(  381): Window freeze timeout expired.
W/WindowManager(  381): Force clearing orientation change: Window{426283d0 com.coship.momokan/com.coship.momokan.ReflectionActivity paused=false}
W/WindowManager(  381): Force clearing orientation change: Window{42696538 SurfaceView paused=false}
W/WindowManager(  381): Force clearing orientation change: Window{42dbcf90 com.android.systemui.ImageWallpaper paused=false}
D/StatusBar.NetworkControllerDS(  459): updateTelephonySignalStrength: !hasService()
D/StatusBar.NetworkControllerDS(  459): updateTelephonySignalStrength: !hasService()
W/ActivityManager(  381): Activity pause timeout for ActivityRecord{42144248 com.coship.momokan/.ReflectionActivity}
D/StatusBar.NetworkControllerDS(  459): updateTelephonySignalStrength: !hasService()
D/StatusBar.NetworkControllerDS(  459): updateTelephonySignalStrength: !hasService()
W/ActivityManager(  381): Sleep timeout!  Sleeping now.
D/PhoneStatusBar(  459): disable: < expand icons alerts ticker system_info back home RECENT* clock >
I/ActivityManager(  381): Config changed: {1.0 0mcc0mnc zh_CN sw360dp w360dp h620dp nrml long port finger -keyb/v/h -nav/h s.172}
D/PhoneStatusBar(  459): disable: < expand icons alerts ticker system_info BACK* HOME* RECENT CLOCK* >
D/StatusBar.NetworkControllerDS(  459): updateTelephonySignalStrength: !hasService()
W/InputMethodManagerService(  381): Focus gain on non-focused client com.android.internal.view.IInputMethodClient$Stub$Proxy@42d68210 (uid=1000 pid=17382)
W/InputMethodManagerService(  381): Focus gain on non-focused client com.android.internal.view.IInputMethodClient$Stub$Proxy@42d68210 (uid=1000 pid=17382)
W/InputMethodManagerService(  381): Focus gain on non-focused client com.android.internal.view.IInputMethodClient$Stub$Proxy@42d68210 (uid=1000 pid=17382)
W/InputMethodManagerService(  381): Starting input on non-focused client com.android.internal.view.IInputMethodClient$Stub$Proxy@42d68210 (uid=1000 pid=17382)
V/NetworkPolicy(  381): updateNetworkEnabledLocked()
D/NetworkPolicy(  381): setNetworkTemplateEnabled(): match rule = 1
V/NetworkPolicy(  381): updateNotificationsLocked()
D/StatusBar.NetworkControllerDS(  459): updateTelephonySignalStrength: !hasService()
D/StatusBar.NetworkControllerDS(  459): updateTelephonySignalStrength: !hasService()
D/PhoneStatusBar(  459): addNotification score=0
D/StatusBar.NetworkControllerDS(  459): updateTelephonySignalStrength: !hasService()
D/StatusBar.NetworkControllerDS(  459): updateTelephonySignalStrength: !hasService()
V/NetworkPolicy(  381): updateNetworkEnabledLocked()
D/NetworkPolicy(  381): setNetworkTemplateEnabled(): match rule = 1
V/NetworkPolicy(  381): updateNotificationsLocked()
D/StatusBar.NetworkControllerDS(  459): updateTelephonySignalStrength: !hasService()
D/StatusBar.NetworkControllerDS(  459): updateTelephonySignalStrength: !hasService()
D/StatusBar.NetworkControllerDS(  459): updateTelephonySignalStrength: !hasService()
V/NetworkPolicy(  381): updateNetworkEnabledLocked()
D/NetworkPolicy(  381): setNetworkTemplateEnabled(): match rule = 1
V/NetworkPolicy(  381): updateNotificationsLocked()
D/StatusBar.NetworkControllerDS(  459): updateTelephonySignalStrength: !hasService()
D/StatusBar.NetworkControllerDS(  459): updateTelephonySignalStrength: !hasService()
D/StatusBar.NetworkControllerDS(  459): updateTelephonySignalStrength: !hasService()
D/StatusBar.NetworkControllerDS(  459): updateTelephonySignalStrength: !hasService()
D/StatusBar.NetworkControllerDS(  459): updateTelephonySignalStrength: !hasService()
D/StatusBar.NetworkControllerDS(  459): updateTelephonySignalStrength: !hasService()
D/StatusBar.NetworkControllerDS(  459): updateTelephonySignalStrength: !hasService()
D/StatusBar.NetworkControllerDS(  459): updateTelephonySignalStrength: !hasService()
D/StatusBar.NetworkControllerDS(  459): updateTelephonySignalStrength: !hasService()
D/StatusBar.NetworkControllerDS(  459): updateTelephonySignalStrength: !hasService()
D/StatusBar.NetworkControllerDS(  459): updateTelephonySignalStrength: !hasService()
D/StatusBar.NetworkControllerDS(  459): updateTelephonySignalStrength: !hasService()
D/StatusBar.NetworkControllerDS(  459): updateTelephonySignalStrength: !hasService()
D/StatusBar.NetworkControllerDS(  459): updateTelephonySignalStrength: !hasService()
D/StatusBar.NetworkControllerDS(  459): updateTelephonySignalStrength: !hasService()
D/StatusBar.NetworkControllerDS(  459): updateTelephonySignalStrength: !hasService()
D/StatusBar.NetworkControllerDS(  459): updateTelephonySignalStrength: !hasService()
D/StatusBar.NetworkControllerDS(  459): updateTelephonySignalStrength: !hasService()
D/StatusBar.NetworkControllerDS(  459): updateTelephonySignalStrength: !hasService()
D/StatusBar.NetworkControllerDS(  459): updateTelephonySignalStrength: !hasService()
W/ThrottleService(  381): unable to find stats for iface rmnet0
D/StatusBar.NetworkControllerDS(  459): updateTelephonySignalStrength: !hasService()
D/StatusBar.NetworkControllerDS(  459): updateTelephonySignalStrength: !hasService()
D/StatusBar.NetworkControllerDS(  459): updateTelephonySignalStrength: !hasService()
D/StatusBar.NetworkControllerDS(  459): updateTelephonySignalStrength: !hasService()
D/StatusBar.NetworkControllerDS(  459): updateTelephonySignalStrength: !hasService()
D/StatusBar.NetworkControllerDS(  459): updateTelephonySignalStrength: !hasService()
D/StatusBar.NetworkControllerDS(  459): updateTelephonySignalStrength: !hasService()
D/StatusBar.NetworkControllerDS(  459): updateTelephonySignalStrength: !hasService()
D/StatusBar.NetworkControllerDS(  459): updateTelephonySignalStrength: !hasService()
D/StatusBar.NetworkControllerDS(  459): updateTelephonySignalStrength: !hasService()
D/StatusBar.NetworkControllerDS(  459): updateTelephonySignalStrength: !hasService()
D/StatusBar.NetworkControllerDS(  459): updateTelephonySignalStrength: !hasService()
D/StatusBar.NetworkControllerDS(  459): updateTelephonySignalStrength: !hasService()
D/StatusBar.NetworkControllerDS(  459): updateTelephonySignalStrength: !hasService()
D/StatusBar.NetworkControllerDS(  459): updateTelephonySignalStrength: !hasService()
D/StatusBar.NetworkControllerDS(  459): updateTelephonySignalStrength: !hasService()
D/StatusBar.NetworkControllerDS(  459): updateTelephonySignalStrength: !hasService()
D/StatusBar.NetworkControllerDS(  459): updateTelephonySignalStrength: !hasService()
D/StatusBar.NetworkControllerDS(  459): updateTelephonySignalStrength: !hasService()
D/StatusBar.NetworkControllerDS(  459): updateTelephonySignalStrength: !hasService()
D/StatusBar.NetworkControllerDS(  459): updateTelephonySignalStrength: !hasService()
D/StatusBar.NetworkControllerDS(  459): updateTelephonySignalStrength: !hasService()
D/StatusBar.NetworkControllerDS(  459): updateTelephonySignalStrength: !hasService()
D/StatusBar.NetworkControllerDS(  459): updateTelephonySignalStrength: !hasService()
D/StatusBar.NetworkControllerDS(  459): updateTelephonySignalStrength: !hasService()
D/StatusBar.NetworkControllerDS(  459): updateTelephonySignalStrength: !hasService()
D/StatusBar.NetworkControllerDS(  459): updateTelephonySignalStrength: !hasService()
D/PhoneStatusBar(  459): addNotification score=0
D/StatusBar.NetworkControllerDS(  459): updateTelephonySignalStrength: !hasService()
D/StatusBar.NetworkControllerDS(  459): updateTelephonySignalStrength: !hasService()
D/StatusBar.NetworkControllerDS(  459): updateTelephonySignalStrength: !hasService()
D/StatusBar.NetworkControllerDS(  459): updateTelephonySignalStrength: !hasService()
D/StatusBar.NetworkControllerDS(  459): updateTelephonySignalStrength: !hasService()
D/StatusBar.NetworkControllerDS(  459): updateTelephonySignalStrength: !hasService()
D/StatusBar.NetworkControllerDS(  459): updateTelephonySignalStrength: !hasService()
D/StatusBar.NetworkControllerDS(  459): updateTelephonySignalStrength: !hasService()
D/StatusBar.NetworkControllerDS(  459): updateTelephonySignalStrength: !hasService()
D/StatusBar.NetworkControllerDS(  459): updateTelephonySignalStrength: !hasService()
D/StatusBar.NetworkControllerDS(  459): updateTelephonySignalStrength: !hasService()
D/StatusBar.NetworkControllerDS(  459): updateTelephonySignalStrength: !hasService()
D/StatusBar.NetworkControllerDS(  459): updateTelephonySignalStrength: !hasService()
D/StatusBar.NetworkControllerDS(  459): updateTelephonySignalStrength: !hasService()
D/StatusBar.NetworkControllerDS(  459): updateTelephonySignalStrength: !hasService()
D/StatusBar.NetworkControllerDS(  459): updateTelephonySignalStrength: !hasService()
D/StatusBar.NetworkControllerDS(  459): updateTelephonySignalStrength: !hasService()
D/StatusBar.NetworkControllerDS(  459): updateTelephonySignalStrength: !hasService()
D/StatusBar.NetworkControllerDS(  459): updateTelephonySignalStrength: !hasService()
D/StatusBar.NetworkControllerDS(  459): updateTelephonySignalStrength: !hasService()
D/StatusBar.NetworkControllerDS(  459): updateTelephonySignalStrength: !hasService()
D/StatusBar.NetworkControllerDS(  459): updateTelephonySignalStrength: !hasService()
D/StatusBar.NetworkControllerDS(  459): updateTelephonySignalStrength: !hasService()
D/StatusBar.NetworkControllerDS(  459): updateTelephonySignalStrength: !hasService()
D/StatusBar.NetworkControllerDS(  459): updateTelephonySignalStrength: !hasService()
D/StatusBar.NetworkControllerDS(  459): updateTelephonySignalStrength: !hasService()
D/StatusBar.NetworkControllerDS(  459): updateTelephonySignalStrength: !hasService()
D/StatusBar.NetworkControllerDS(  459): updateTelephonySignalStrength: !hasService()
D/StatusBar.NetworkControllerDS(  459): updateTelephonySignalStrength: !hasService()
D/StatusBar.NetworkControllerDS(  459): updateTelephonySignalStrength: !hasService()
D/StatusBar.NetworkControllerDS(  459): updateTelephonySignalStrength: !hasService()
D/StatusBar.NetworkControllerDS(  459): updateTelephonySignalStrength: !hasService()
D/StatusBar.NetworkControllerDS(  459): updateTelephonySignalStrength: !hasService()
D/StatusBar.NetworkControllerDS(  459): updateTelephonySignalStrength: !hasService()
D/StatusBar.NetworkControllerDS(  459): updateTelephonySignalStrength: !hasService()
D/StatusBar.NetworkControllerDS(  459): updateTelephonySignalStrength: !hasService()
D/StatusBar.NetworkControllerDS(  459): updateTelephonySignalStrength: !hasService()
D/StatusBar.NetworkControllerDS(  459): updateTelephonySignalStrength: !hasService()
D/StatusBar.NetworkControllerDS(  459): updateTelephonySignalStrength: !hasService()
D/StatusBar.NetworkControllerDS(  459): updateTelephonySignalStrength: !hasService()
D/StatusBar.NetworkControllerDS(  459): updateTelephonySignalStrength: !hasService()
D/StatusBar.NetworkControllerDS(  459): updateTelephonySignalStrength: !hasService()
D/StatusBar.NetworkControllerDS(  459): updateTelephonySignalStrength: !hasService()
D/StatusBar.NetworkControllerDS(  459): updateTelephonySignalStrength: !hasService()
D/StatusBar.NetworkControllerDS(  459): updateTelephonySignalStrength: !hasService()
D/StatusBar.NetworkControllerDS(  459): updateTelephonySignalStrength: !hasService()
D/StatusBar.NetworkControllerDS(  459): updateTelephonySignalStrength: !hasService()
D/StatusBar.NetworkControllerDS(  459): updateTelephonySignalStrength: !hasService()
D/StatusBar.NetworkControllerDS(  459): updateTelephonySignalStrength: !hasService()
D/StatusBar.NetworkControllerDS(  459): updateTelephonySignalStrength: !hasService()
D/StatusBar.NetworkControllerDS(  459): updateTelephonySignalStrength: !hasService()
D/StatusBar.NetworkControllerDS(  459): updateTelephonySignalStrength: !hasService()
D/StatusBar.NetworkControllerDS(  459): updateTelephonySignalStrength: !hasService()
D/StatusBar.NetworkControllerDS(  459): updateTelephonySignalStrength: !hasService()
D/PhoneStatusBar(  459): addNotification score=0
D/StatusBar.NetworkControllerDS(  459): updateTelephonySignalStrength: !hasService()
D/StatusBar.NetworkControllerDS(  459): updateTelephonySignalStrength: !hasService()
D/StatusBar.NetworkControllerDS(  459): updateTelephonySignalStrength: !hasService()
D/StatusBar.NetworkControllerDS(  459): updateTelephonySignalStrength: !hasService()
D/StatusBar.NetworkControllerDS(  459): updateTelephonySignalStrength: !hasService()
D/StatusBar.NetworkControllerDS(  459): updateTelephonySignalStrength: !hasService()
D/StatusBar.NetworkControllerDS(  459): updateTelephonySignalStrength: !hasService()
D/StatusBar.NetworkControllerDS(  459): updateTelephonySignalStrength: !hasService()
D/StatusBar.NetworkControllerDS(  459): updateTelephonySignalStrength: !hasService()
D/StatusBar.NetworkControllerDS(  459): updateTelephonySignalStrength: !hasService()
D/StatusBar.NetworkControllerDS(  459): updateTelephonySignalStrength: !hasService()
D/StatusBar.NetworkControllerDS(  459): updateTelephonySignalStrength: !hasService()
