D/ReflectionActivity(17382): command.getHeartbeat() yes
I/brcm-gr (  658): [gralloc_lock]: new usage 0x903
I/brcm-gr (  658): [gralloc_lock]: new usage 0x930
I/brcm-gr (  658): [gralloc_lock]: new usage 0x933
I/brcm-gr (  658): [gralloc_lock]: new usage 0x903
I/brcm-gr (  658): [gralloc_lock]: new usage 0x930
I/brcm-gr (  658): [gralloc_lock]: new usage 0x933
I/brcm-gr (  658): [gralloc_lock]: new usage 0x903
I/brcm-gr (  658): [gralloc_lock]: new usage 0x930
I/brcm-gr (  658): [gralloc_lock]: new usage 0x933
I/brcm-gr (  658): [gralloc_lock]: new usage 0x903
I/brcm-gr (  658): [gralloc_lock]: new usage 0x930
I/brcm-gr (  658): [gralloc_lock]: new usage 0x933
I/brcm-gr (  658): [gralloc_lock]: new usage 0x903
I/brcm-gr (  658): [gralloc_lock]: new usage 0x930
I/brcm-gr (  658): [gralloc_lock]: new usage 0x933
I/brcm-gr (  658): [gralloc_lock]: new usage 0x903
I/brcm-gr (  658): [gralloc_lock]: new usage 0x930
I/brcm-gr (  658): [gralloc_lock]: new usage 0x933
D/[TCP_SERVER](18388): Session local:/127.0.0.1:10201 remote:/127.0.0.1:51422@Dispatching 105 bytes data to uplayer
I/brcm-gr (  658): [gralloc_lock]: new usage 0x903
I/brcm-gr (  658): [gralloc_lock]: new usage 0x930
I/brcm-gr (  658): [gralloc_lock]: new usage 0x933
I/TREQ    (  118): TrEqProcessLoop in_bytes 8192
I/brcm-gr (  658): [gralloc_lock]: new usage 0x903
I/brcm-gr (  658): [gralloc_lock]: new usage 0x930
I/brcm-gr (  658): [gralloc_lock]: new usage 0x933
I/brcm-gr (  658): [gralloc_lock]: new usage 0x903
I/brcm-gr (  658): [gralloc_lock]: new usage 0x930
I/brcm-gr (  658): [gralloc_lock]: new usage 0x933
I/brcm-gr (  658): [gralloc_lock]: new usage 0x903
I/brcm-gr (  658): [gralloc_lock]: new usage 0x930
I/brcm-gr (  658): [gralloc_lock]: new usage 0x933
I/brcm-gr (  658): [gralloc_lock]: new usage 0x903
I/brcm-gr (  658): [gralloc_lock]: new usage 0x930
I/brcm-gr (  658): [gralloc_lock]: new usage 0x933
I/brcm-gr (  658): [gralloc_lock]: new usage 0x903
I/brcm-gr (  658): [gralloc_lock]: new usage 0x930
I/brcm-gr (  658): [gralloc_lock]: new usage 0x933
I/brcm-gr (  658): [gralloc_lock]: new usage 0x933
D/[TCP_SERVER](18388): Session local:/127.0.0.1:10201 remote:/127.0.0.1:51423@Dispatching 105 bytes data to uplayer
D/ReflectionActivity(17382): HeartSendThread -> currentRemoteIp=192.168.43.1 heartReceiveCounter=1
D/ReflectionActivity(17382): msgData=easyheartbeat
D/ReflectionActivity(17382): command.getHeartbeat()=HeartReceiveThread
D/ReflectionActivity(17382): command.getHeartbeat() yes
D/ReflectionActivity(17382): msgData=easyheartbeat
D/ReflectionActivity(17382): command.getHeartbeat()=HeartReceiveThread
D/ReflectionActivity(17382): command.getHeartbeat() yes
D/ReflectionActivity(17382): HeartSendThread -> currentRemoteIp=192.168.43.1 heartReceiveCounter=1
D/ReflectionActivity(17382): msgData=easyheartbeat
D/ReflectionActivity(17382): command.getHeartbeat()=HeartReceiveThread
D/ReflectionActivity(17382): command.getHeartbeat() yes
D/ReflectionActivity(17382): msgData=easyheartbeat
D/ReflectionActivity(17382): command.getHeartbeat()=HeartReceiveThread
D/ReflectionActivity(17382): command.getHeartbeat() yes
I/brcm-gr (  658): [gralloc_lock]: new usage 0x903
I/brcm-gr (  658): [gralloc_lock]: new usage 0x930
I/brcm-gr (  658): [gralloc_lock]: new usage 0x933
I/TREQ    (  118): TrEqProcessLoop in_bytes 8192
D/ReflectionActivity(17382): HeartSendThread -> currentRemoteIp=192.168.43.1 heartReceiveCounter=1
D/ReflectionActivity(17382): msgData=easyheartbeat
D/ReflectionActivity(17382): command.getHeartbeat()=HeartReceiveThread
D/ReflectionActivity(17382): command.getHeartbeat() yes
D/ReflectionActivity(17382): msgData=easyheartbeat
D/ReflectionActivity(17382): command.getHeartbeat()=HeartReceiveThread
D/ReflectionActivity(17382): command.getHeartbeat() yes
V/NetworkPolicy(  381): updateNetworkEnabledLocked()
D/NetworkPolicy(  381): setNetworkTemplateEnabled(): match rule = 1
V/NetworkPolicy(  381): updateNotificationsLocked()
D/SmsProvider(  546): --------query and url=content://sms/inbox-------
D/StatusBar.NetworkControllerDS(  459): updateTelephonySignalStrength: !hasService()
D/StatusBar.NetworkControllerDS(  459): updateTelephonySignalStrength: !hasService()
D/ReflectionActivity(17382): HeartSendThread -> currentRemoteIp=192.168.43.1 heartReceiveCounter=1
D/ReflectionActivity(17382): msgData=easyheartbeat
D/ReflectionActivity(17382): command.getHeartbeat()=HeartReceiveThread
D/ReflectionActivity(17382): command.getHeartbeat() yes
D/ReflectionActivity(17382): msgData=easyheartbeat
D/ReflectionActivity(17382): command.getHeartbeat()=HeartReceiveThread
D/ReflectionActivity(17382): command.getHeartbeat() yes
I/TREQ    (  118): TrEqProcessLoop in_bytes 8192
D/[TCP_SERVER](18388): Session local:/127.0.0.1:10201 remote:/127.0.0.1:51424@Dispatching 99 bytes data to uplayer
D/ReflectionActivity(17382): HeartSendThread -> currentRemoteIp=192.168.43.1 heartReceiveCounter=1
D/ReflectionActivity(17382): msgData=easyheartbeat
D/ReflectionActivity(17382): command.getHeartbeat()=HeartReceiveThread
D/ReflectionActivity(17382): command.getHeartbeat() yes
D/ReflectionActivity(17382): msgData=easyheartbeat
D/ReflectionActivity(17382): command.getHeartbeat()=HeartReceiveThread
D/ReflectionActivity(17382): command.getHeartbeat() yes
D/[TCP_SERVER](18388): Session local:/127.0.0.1:10201 remote:/127.0.0.1:51425@Dispatching 105 bytes data to uplayer
I/brcm-gr (  658): [gralloc_lock]: new usage 0x903
I/brcm-gr (  658): [gralloc_lock]: new usage 0x930
I/brcm-gr (  658): [gralloc_lock]: new usage 0x933
D/[TCP_SERVER](18388): Session local:/127.0.0.1:10201 remote:/127.0.0.1:51426@Dispatching 105 bytes data to uplayer
D/ReflectionActivity(17382): HeartSendThread -> currentRemoteIp=192.168.43.1 heartReceiveCounter=1
D/ReflectionActivity(17382): msgData=easyheartbeat
D/ReflectionActivity(17382): command.getHeartbeat()=HeartReceiveThread
D/ReflectionActivity(17382): command.getHeartbeat() yes
D/ReflectionActivity(17382): msgData=easyheartbeat
D/ReflectionActivity(17382): command.getHeartbeat()=HeartReceiveThread
D/ReflectionActivity(17382): command.getHeartbeat() yes
I/brcm-gr (  658): [gralloc_lock]: new usage 0x903
I/brcm-gr (  658): [gralloc_lock]: new usage 0x930
I/brcm-gr (  658): [gralloc_lock]: new usage 0x933
I/brcm-gr (  658): [gralloc_lock]: new usage 0x903
I/brcm-gr (  658): [gralloc_lock]: new usage 0x930
I/brcm-gr (  658): [gralloc_lock]: new usage 0x933
I/brcm-gr (  658): [gralloc_lock]: new usage 0x903
I/brcm-gr (  658): [gralloc_lock]: new usage 0x930
I/brcm-gr (  658): [gralloc_lock]: new usage 0x933
I/brcm-gr (  658): [gralloc_lock]: new usage 0x903
I/brcm-gr (  658): [gralloc_lock]: new usage 0x930
I/brcm-gr (  658): [gralloc_lock]: new usage 0x933
I/brcm-gr (  658): [gralloc_lock]: new usage 0x903
I/brcm-gr (  658): [gralloc_lock]: new usage 0x930
I/brcm-gr (  658): [gralloc_lock]: new usage 0x933
I/brcm-gr (  658): [gralloc_lock]: new usage 0x903
I/brcm-gr (  658): [gralloc_lock]: new usage 0x930
I/brcm-gr (  658): [gralloc_lock]: new usage 0x933
I/brcm-gr (  658): [gralloc_lock]: new usage 0x903
I/brcm-gr (  658): [gralloc_lock]: new usage 0x930
I/brcm-gr (  658): [gralloc_lock]: new usage 0x933
I/brcm-gr (  658): [gralloc_lock]: new usage 0x903
I/brcm-gr (  658): [gralloc_lock]: new usage 0x930
I/brcm-gr (  658): [gralloc_lock]: new usage 0x933
I/brcm-gr (  658): [gralloc_lock]: new usage 0x903
I/brcm-gr (  658): [gralloc_lock]: new usage 0x930
I/brcm-gr (  658): [gralloc_lock]: new usage 0x933
I/TREQ    (  118): TrEqProcessLoop in_bytes 8192
I/brcm-gr (  658): [gralloc_lock]: new usage 0x903
I/brcm-gr (  658): [gralloc_lock]: new usage 0x930
I/brcm-gr (  658): [gralloc_lock]: new usage 0x933
I/brcm-gr (  658): [gralloc_lock]: new usage 0x903
I/brcm-gr (  658): [gralloc_lock]: new usage 0x930
I/brcm-gr (  658): [gralloc_lock]: new usage 0x933
I/brcm-gr (  658): [gralloc_lock]: new usage 0x903
I/brcm-gr (  658): [gralloc_lock]: new usage 0x930
I/brcm-gr (  658): [gralloc_lock]: new usage 0x933
I/brcm-gr (  658): [gralloc_lock]: new usage 0x903
I/brcm-gr (  658): [gralloc_lock]: new usage 0x930
I/brcm-gr (  658): [gralloc_lock]: new usage 0x933
I/brcm-gr (  658): [gralloc_lock]: new usage 0x903
I/brcm-gr (  658): [gralloc_lock]: new usage 0x930
I/brcm-gr (  658): [gralloc_lock]: new usage 0x933
I/brcm-gr (  658): [gralloc_lock]: new usage 0x903
I/brcm-gr (  658): [gralloc_lock]: new usage 0x930
I/brcm-gr (  658): [gralloc_lock]: new usage 0x933
I/brcm-gr (  658): [gralloc_lock]: new usage 0x903
I/brcm-gr (  658): [gralloc_lock]: new usage 0x930
I/brcm-gr (  658): [gralloc_lock]: new usage 0x933
I/brcm-gr (  658): [gralloc_lock]: new usage 0x903
I/brcm-gr (  658): [gralloc_lock]: new usage 0x930
I/brcm-gr (  658): [gralloc_lock]: new usage 0x933
I/brcm-gr (  658): [gralloc_lock]: new usage 0x903
I/brcm-gr (  658): [gralloc_lock]: new usage 0x930
I/brcm-gr (  658): [gralloc_lock]: new usage 0x933
I/brcm-gr (  658): [gralloc_lock]: new usage 0x903
I/brcm-gr (  658): [gralloc_lock]: new usage 0x930
I/brcm-gr (  658): [gralloc_lock]: new usage 0x933
I/brcm-gr (  658): [gralloc_lock]: new usage 0x903
I/brcm-gr (  658): [gralloc_lock]: new usage 0x930
I/brcm-gr (  658): [gralloc_lock]: new usage 0x933
D/ReflectionActivity(17382): HeartSendThread -> currentRemoteIp=192.168.43.1 heartReceiveCounter=1
I/brcm-gr (  658): [gralloc_lock]: new usage 0x903
I/brcm-gr (  658): [gralloc_lock]: new usage 0x930
I/brcm-gr (  658): [gralloc_lock]: new usage 0x933
D/ReflectionActivity(17382): msgData=easyheartbeat
D/ReflectionActivity(17382): command.getHeartbeat()=HeartReceiveThread
D/ReflectionActivity(17382): command.getHeartbeat() yes
D/ReflectionActivity(17382): msgData=easyheartbeat
D/ReflectionActivity(17382): command.getHeartbeat()=HeartReceiveThread
D/ReflectionActivity(17382): command.getHeartbeat() yes
I/brcm-gr (  658): [gralloc_lock]: new usage 0x903
I/brcm-gr (  658): [gralloc_lock]: new usage 0x930
I/brcm-gr (  658): [gralloc_lock]: new usage 0x933
I/brcm-gr (  658): [gralloc_lock]: new usage 0x903
I/brcm-gr (  658): [gralloc_lock]: new usage 0x930
I/brcm-gr (  658): [gralloc_lock]: new usage 0x933
I/brcm-gr (  658): [gralloc_lock]: new usage 0x903
I/brcm-gr (  658): [gralloc_lock]: new usage 0x930
I/brcm-gr (  658): [gralloc_lock]: new usage 0x933
I/brcm-gr (  658): [gralloc_lock]: new usage 0x903
I/brcm-gr (  658): [gralloc_lock]: new usage 0x930
I/brcm-gr (  658): [gralloc_lock]: new usage 0x933
I/brcm-gr (  658): [gralloc_lock]: new usage 0x903
I/brcm-gr (  658): [gralloc_lock]: new usage 0x930
I/brcm-gr (  658): [gralloc_lock]: new usage 0x933
I/brcm-gr (  658): [gralloc_lock]: new usage 0x903
I/brcm-gr (  658): [gralloc_lock]: new usage 0x930
I/brcm-gr (  658): [gralloc_lock]: new usage 0x933
I/brcm-gr (  658): [gralloc_lock]: new usage 0x933
D/ReflectionActivity(17382): HeartSendThread -> currentRemoteIp=192.168.43.1 heartReceiveCounter=1
D/ReflectionActivity(17382): msgData=easyheartbeat
D/ReflectionActivity(17382): command.getHeartbeat()=HeartReceiveThread
D/ReflectionActivity(17382): command.getHeartbeat() yes
D/ReflectionActivity(17382): msgData=easyheartbeat
D/ReflectionActivity(17382): command.getHeartbeat()=HeartReceiveThread
D/ReflectionActivity(17382): command.getHeartbeat() yes
I/brcm-gr (  658): [gralloc_lock]: new usage 0x903
I/brcm-gr (  658): [gralloc_lock]: new usage 0x930
I/brcm-gr (  658): [gralloc_lock]: new usage 0x933
V/NetworkPolicy(  381): updateNetworkEnabledLocked()
D/NetworkPolicy(  381): setNetworkTemplateEnabled(): match rule = 1
V/NetworkPolicy(  381): updateNotificationsLocked()
D/[TCP_SERVER](18388): Session local:/127.0.0.1:10201 remote:/127.0.0.1:51427@Dispatching 162 bytes data to uplayer
D/[TCP_SERVER](18388): Session local:/127.0.0.1:10201 remote:/127.0.0.1:51428@Dispatching 149 bytes data to uplayer
D/SmsProvider(  546): --------query and url=content://sms/inbox-------
I/TREQ    (  118): TrEqProcessLoop in_bytes 8192
D/dalvikvm(18189): GC_CONCURRENT freed 1905K, 41% free 13042K/22083K, paused 9ms+5ms, total 105ms
D/StatusBar.NetworkControllerDS(  459): updateTelephonySignalStrength: !hasService()
D/StatusBar.NetworkControllerDS(  459): updateTelephonySignalStrength: !hasService()
D/ReflectionActivity(17382): HeartSendThread -> currentRemoteIp=192.168.43.1 heartReceiveCounter=1
D/ReflectionActivity(17382): msgData=easyheartbeat
D/ReflectionActivity(17382): command.getHeartbeat()=HeartReceiveThread
D/ReflectionActivity(17382): command.getHeartbeat() yes
D/ReflectionActivity(17382): msgData=easyheartbeat
D/ReflectionActivity(17382): command.getHeartbeat()=HeartReceiveThread
D/ReflectionActivity(17382): command.getHeartbeat() yes
D/[TCP_SERVER](18388): Session local:/127.0.0.1:10201 remote:/127.0.0.1:51429@Dispatching 99 bytes data to uplayer
D/ReflectionActivity(17382): HeartSendThread -> currentRemoteIp=192.168.43.1 heartReceiveCounter=1
D/ReflectionActivity(17382): msgData=easyheartbeat
D/ReflectionActivity(17382): command.getHeartbeat()=HeartReceiveThread
D/ReflectionActivity(17382): command.getHeartbeat() yes
D/ReflectionActivity(17382): msgData=easyheartbeat
D/ReflectionActivity(17382): command.getHeartbeat()=HeartReceiveThread
D/ReflectionActivity(17382): command.getHeartbeat() yes
D/WifiWatchdogStateMachine(  381): RSSI current: 4new: -56, 3
D/[TCP_SERVER](18388): Session local:/127.0.0.1:10201 remote:/127.0.0.1:51430@Dispatching 105 bytes data to uplayer
D/DownloadCompleteReceiver(14631):  WIFI CHANGED_ACTION 
D/DownloadCompleteReceiver(14631):  time:1370489495727
D/DownloadCompleteReceiver(14631):  locktime:0
D/DownloadCompleteReceiver(14631):  mIdupdate:-1
D/DownloadCompleteReceiver(14631):  mMasterclear:false
D/DownloadCompleteReceiver(14631):  mBootcomplete:true
D/[TCP_SERVER](18388): Session local:/127.0.0.1:10201 remote:/127.0.0.1:51431@Dispatching 105 bytes data to uplayer
I/TREQ    (  118): TrEqProcessLoop in_bytes 8192
D/ReflectionActivity(17382): HeartSendThread -> currentRemoteIp=192.168.43.1 heartReceiveCounter=1
D/ReflectionActivity(17382): msgData=easyheartbeat
D/ReflectionActivity(17382): command.getHeartbeat()=HeartReceiveThread
D/ReflectionActivity(17382): command.getHeartbeat() yes
D/ReflectionActivity(17382): msgData=easyheartbeat
D/ReflectionActivity(17382): command.getHeartbeat()=HeartReceiveThread
D/ReflectionActivity(17382): command.getHeartbeat() yes
I/brcm-gr (  658): [gralloc_lock]: new usage 0x903
I/brcm-gr (  658): [gralloc_lock]: new usage 0x930
I/brcm-gr (  658): [gralloc_lock]: new usage 0x933
D/ReflectionActivity(17382): HeartSendThread -> currentRemoteIp=192.168.43.1 heartReceiveCounter=1
D/ReflectionActivity(17382): msgData=easyheartbeat
D/ReflectionActivity(17382): command.getHeartbeat()=HeartReceiveThread
D/ReflectionActivity(17382): command.getHeartbeat() yes
D/ReflectionActivity(17382): msgData=easyheartbeat
D/ReflectionActivity(17382): command.getHeartbeat()=HeartReceiveThread
D/ReflectionActivity(17382): command.getHeartbeat() yes
I/TREQ    (  118): TrEqProcessLoop in_bytes 8192
D/ReflectionActivity(17382): HeartSendThread -> currentRemoteIp=192.168.43.1 heartReceiveCounter=1
D/ReflectionActivity(17382): msgData=easyheartbeat
D/ReflectionActivity(17382): command.getHeartbeat()=HeartReceiveThread
D/ReflectionActivity(17382): command.getHeartbeat() yes
D/ReflectionActivity(17382): msgData=easyheartbeat
D/ReflectionActivity(17382): command.getHeartbeat()=HeartReceiveThread
D/ReflectionActivity(17382): command.getHeartbeat() yes
D/WifiWatchdogStateMachine(  381): RSSI current: 3new: -46, 4
D/DownloadCompleteReceiver(14631):  WIFI CHANGED_ACTION 
D/DownloadCompleteReceiver(14631):  time:1370489498753
D/DownloadCompleteReceiver(14631):  locktime:0
D/DownloadCompleteReceiver(14631):  mIdupdate:-1
D/DownloadCompleteReceiver(14631):  mMasterclear:false
D/DownloadCompleteReceiver(14631):  mBootcomplete:true
V/NetworkPolicy(  381): updateNetworkEnabledLocked()
D/NetworkPolicy(  381): setNetworkTemplateEnabled(): match rule = 1
V/NetworkPolicy(  381): updateNotificationsLocked()
D/SmsProvider(  546): --------query and url=content://sms/inbox-------
D/StatusBar.NetworkControllerDS(  459): updateTelephonySignalStrength: !hasService()
D/StatusBar.NetworkControllerDS(  459): updateTelephonySignalStrength: !hasService()
D/ReflectionActivity(17382): HeartSendThread -> currentRemoteIp=192.168.43.1 heartReceiveCounter=1
D/ReflectionActivity(17382): msgData=easyheartbeat
D/ReflectionActivity(17382): command.getHeartbeat()=HeartReceiveThread
D/ReflectionActivity(17382): command.getHeartbeat() yes
D/ReflectionActivity(17382): msgData=easyheartbeat
D/ReflectionActivity(17382): command.getHeartbeat()=HeartReceiveThread
D/ReflectionActivity(17382): command.getHeartbeat() yes
I/brcm-gr (  658): [gralloc_lock]: new usage 0x903
I/brcm-gr (  658): [gralloc_lock]: new usage 0x930
I/brcm-gr (  658): [gralloc_lock]: new usage 0x933
D/dalvikvm(  658): GC_CONCURRENT freed 1797K, 34% free 12767K/19075K, paused 19ms+6ms, total 81ms
D/[TCP_SERVER](18388): Session local:/127.0.0.1:10201 remote:/127.0.0.1:51432@Dispatching 99 bytes data to uplayer
D/ReflectionActivity(17382): HeartSendThread -> currentRemoteIp=192.168.43.1 heartReceiveCounter=1
D/ReflectionActivity(17382): msgData=easyheartbeat
D/ReflectionActivity(17382): command.getHeartbeat()=HeartReceiveThread
D/ReflectionActivity(17382): command.getHeartbeat() yes
D/ReflectionActivity(17382): msgData=easyheartbeat
D/ReflectionActivity(17382): command.getHeartbeat()=HeartReceiveThread
D/ReflectionActivity(17382): command.getHeartbeat() yes
I/TREQ    (  118): TrEqProcessLoop in_bytes 8192
D/[TCP_SERVER](18388): Session local:/127.0.0.1:10201 remote:/127.0.0.1:51433@Dispatching 105 bytes data to uplayer
D/[TCP_SERVER](18388): Session local:/127.0.0.1:10201 remote:/127.0.0.1:51434@Dispatching 105 bytes data to uplayer
D/StatusBar.NetworkControllerDS(  459): updateTelephonySignalStrength: !hasService()
D/ReflectionActivity(17382): HeartSendThread -> currentRemoteIp=192.168.43.1 heartReceiveCounter=1
D/ReflectionActivity(17382): msgData=easyheartbeat
D/ReflectionActivity(17382): command.getHeartbeat()=HeartReceiveThread
D/ReflectionActivity(17382): command.getHeartbeat() yes
D/ReflectionActivity(17382): msgData=easyheartbeat
D/ReflectionActivity(17382): command.getHeartbeat()=HeartReceiveThread
D/ReflectionActivity(17382): command.getHeartbeat() yes
D/ReflectionActivity(17382): HeartSendThread -> currentRemoteIp=192.168.43.1 heartReceiveCounter=1
D/ReflectionActivity(17382): msgData=easyheartbeat
D/ReflectionActivity(17382): command.getHeartbeat()=HeartReceiveThread
D/ReflectionActivity(17382): command.getHeartbeat() yes
D/ReflectionActivity(17382): msgData=easyheartbeat
D/ReflectionActivity(17382): command.getHeartbeat()=HeartReceiveThread
D/ReflectionActivity(17382): command.getHeartbeat() yes
D/DownloadCompleteReceiver(14631):  TYPE_WIFI info.isConnected():true
D/DownloadCompleteReceiver(14631): isConnecting():true
D/DownloadCompleteReceiver(14631):  TYPE_WIFI info.isConnected():true
D/DownloadCompleteReceiver(14631): ********* downloadURL:
D/DownloadCompleteReceiver(14631):  getTotalInternalSize:14135926784
D/DownloadCompleteReceiver(14631):  SoftVersionnum:V225R001
I/TREQ    (  118): TrEqProcessLoop in_bytes 8192
D/SizeAdaptiveLayout(  459): com.android.internal.widget.SizeAdaptiveLayout@43064338child view android.widget.RelativeLayout@434e4250 measured out of bounds at 124px clamped to 128px
D/SizeAdaptiveLayout(  459): com.android.internal.widget.SizeAdaptiveLayout@43064338child view android.widget.RelativeLayout@434e4250 measured out of bounds at 124px clamped to 128px
I/brcm-gr (  658): [gralloc_lock]: new usage 0x903
I/brcm-gr (  658): [gralloc_lock]: new usage 0x930
I/brcm-gr (  658): [gralloc_lock]: new usage 0x933
D/DownloadCompleteReceiver(14631): coship mServerVerstion:V225R001C01B082
D/DownloadCompleteReceiver(14631):   DOWNLOAD_VERSION_FILE_URL:http://update.coship.com/update/Fphone/version_new.txt
D/DownloadCompleteReceiver(14631): updateEx mServerVerstion:V225R001C01B082
D/DownloadCompleteReceiver(14631):  local:085
D/DownloadCompleteReceiver(14631):  server:082
D/ReflectionActivity(17382): HeartSendThread -> currentRemoteIp=192.168.43.1 heartReceiveCounter=1
D/ReflectionActivity(17382): msgData=easyheartbeat
D/ReflectionActivity(17382): command.getHeartbeat()=HeartReceiveThread
D/ReflectionActivity(17382): command.getHeartbeat() yes
D/ReflectionActivity(17382): msgData=easyheartbeat
D/ReflectionActivity(17382): command.getHeartbeat()=HeartReceiveThread
D/ReflectionActivity(17382): command.getHeartbeat() yes
D/[TCP_SERVER](18388): Session local:/127.0.0.1:10201 remote:/127.0.0.1:51435@Dispatching 162 bytes data to uplayer
D/SmsProvider(  546): --------query and url=content://sms/inbox-------
D/[TCP_SERVER](18388): Session local:/127.0.0.1:10201 remote:/127.0.0.1:51436@Dispatching 149 bytes data to uplayer
D/StatusBar.NetworkControllerDS(  459): updateTelephonySignalStrength: !hasService()
D/StatusBar.NetworkControllerDS(  459): updateTelephonySignalStrength: !hasService()
V/NetworkPolicy(  381): updateNetworkEnabledLocked()
D/NetworkPolicy(  381): setNetworkTemplateEnabled(): match rule = 1
V/NetworkPolicy(  381): updateNotificationsLocked()
D/ReflectionActivity(17382): HeartSendThread -> currentRemoteIp=192.168.43.1 heartReceiveCounter=1
D/ReflectionActivity(17382): msgData=easyheartbeat
D/ReflectionActivity(17382): command.getHeartbeat()=HeartReceiveThread
D/ReflectionActivity(17382): command.getHeartbeat() yes
D/ReflectionActivity(17382): msgData=easyheartbeat
D/ReflectionActivity(17382): command.getHeartbeat()=HeartReceiveThread
D/ReflectionActivity(17382): command.getHeartbeat() yes
I/TREQ    (  118): TrEqProcessLoop in_bytes 8192
D/[TCP_SERVER](18388): Session local:/127.0.0.1:10201 remote:/127.0.0.1:51437@Dispatching 99 bytes data to uplayer
D/ReflectionActivity(17382): HeartSendThread -> currentRemoteIp=192.168.43.1 heartReceiveCounter=1
D/ReflectionActivity(17382): msgData=easyheartbeat
D/ReflectionActivity(17382): command.getHeartbeat()=HeartReceiveThread
D/ReflectionActivity(17382): command.getHeartbeat() yes
D/ReflectionActivity(17382): msgData=easyheartbeat
D/ReflectionActivity(17382): command.getHeartbeat()=HeartReceiveThread
D/ReflectionActivity(17382): command.getHeartbeat() yes
D/[TCP_SERVER](18388): Session local:/127.0.0.1:10201 remote:/127.0.0.1:51438@Dispatching 105 bytes data to uplayer
D/DownloadCompleteReceiver(14631):  TYPE_WIFI info.isConnected():true
D/DownloadCompleteReceiver(14631): isConnecting():true
D/DownloadCompleteReceiver(14631):  TYPE_WIFI info.isConnected():true
D/DownloadCompleteReceiver(14631): ********* downloadURL:
D/DownloadCompleteReceiver(14631):  getTotalInternalSize:14135926784
D/DownloadCompleteReceiver(14631):  SoftVersionnum:V225R001
I/brcm-gr (  658): [gralloc_lock]: new usage 0x903
I/brcm-gr (  658): [gralloc_lock]: new usage 0x930
I/brcm-gr (  658): [gralloc_lock]: new usage 0x933
D/[TCP_SERVER](18388): Session local:/127.0.0.1:10201 remote:/127.0.0.1:51439@Dispatching 105 bytes data to uplayer
D/DownloadCompleteReceiver(14631): coship mServerVerstion:V225R001C01B082
D/DownloadCompleteReceiver(14631):   DOWNLOAD_VERSION_FILE_URL:http://update.coship.com/update/Fphone/version_new.txt
D/DownloadCompleteReceiver(14631): updateEx mServerVerstion:V225R001C01B082
D/DownloadCompleteReceiver(14631):  local:085
D/DownloadCompleteReceiver(14631):  server:082
D/ReflectionActivity(17382): HeartSendThread -> currentRemoteIp=192.168.43.1 heartReceiveCounter=1
D/ReflectionActivity(17382): msgData=easyheartbeat
D/ReflectionActivity(17382): command.getHeartbeat()=HeartReceiveThread
D/ReflectionActivity(17382): command.getHeartbeat() yes
D/ReflectionActivity(17382): msgData=easyheartbeat
D/ReflectionActivity(17382): command.getHeartbeat()=HeartReceiveThread
D/ReflectionActivity(17382): command.getHeartbeat() yes
I/TREQ    (  118): TrEqProcessLoop in_bytes 8192
D/ReflectionActivity(17382): HeartSendThread -> currentRemoteIp=192.168.43.1 heartReceiveCounter=1
D/ReflectionActivity(17382): msgData=easyheartbeat
D/ReflectionActivity(17382): command.getHeartbeat()=HeartReceiveThread
D/ReflectionActivity(17382): command.getHeartbeat() yes
D/ReflectionActivity(17382): msgData=easyheartbeat
D/ReflectionActivity(17382): command.getHeartbeat()=HeartReceiveThread
D/ReflectionActivity(17382): command.getHeartbeat() yes
D/ReflectionActivity(17382): HeartSendThread -> currentRemoteIp=192.168.43.1 heartReceiveCounter=1
D/ReflectionActivity(17382): msgData=easyheartbeat
D/ReflectionActivity(17382): command.getHeartbeat()=HeartReceiveThread
D/ReflectionActivity(17382): command.getHeartbeat() yes
D/ReflectionActivity(17382): msgData=easyheartbeat
D/ReflectionActivity(17382): command.getHeartbeat()=HeartReceiveThread
D/ReflectionActivity(17382): command.getHeartbeat() yes
I/brcm-gr (  658): [gralloc_lock]: new usage 0x903
I/brcm-gr (  658): [gralloc_lock]: new usage 0x930
I/brcm-gr (  658): [gralloc_lock]: new usage 0x933
I/TREQ    (  118): TrEqProcessLoop in_bytes 8192
D/SmsProvider(  546): --------query and url=content://sms/inbox-------
D/StatusBar.NetworkControllerDS(  459): updateTelephonySignalStrength: !hasService()
D/StatusBar.NetworkControllerDS(  459): updateTelephonySignalStrength: !hasService()
D/ReflectionActivity(17382): HeartSendThread -> currentRemoteIp=192.168.43.1 heartReceiveCounter=1
D/ReflectionActivity(17382): msgData=easyheartbeat
D/ReflectionActivity(17382): command.getHeartbeat()=HeartReceiveThread
D/ReflectionActivity(17382): command.getHeartbeat() yes
D/ReflectionActivity(17382): msgData=easyheartbeat
D/ReflectionActivity(17382): command.getHeartbeat()=HeartReceiveThread
D/ReflectionActivity(17382): command.getHeartbeat() yes
D/dalvikvm(  381): GC_CONCURRENT freed 2036K, 47% free 13634K/25347K, paused 23ms+9ms, total 115ms
D/dalvikvm(  381): WAIT_FOR_CONCURRENT_GC blocked 48ms
V/NetworkPolicy(  381): updateNetworkEnabledLocked()
D/NetworkPolicy(  381): setNetworkTemplateEnabled(): match rule = 1
V/NetworkPolicy(  381): updateNotificationsLocked()
D/[TCP_SERVER](18388): Session local:/127.0.0.1:10201 remote:/127.0.0.1:51440@Dispatching 99 bytes data to uplayer
D/ReflectionActivity(17382): HeartSendThread -> currentRemoteIp=192.168.43.1 heartReceiveCounter=1
D/ReflectionActivity(17382): msgData=easyheartbeat
D/ReflectionActivity(17382): command.getHeartbeat()=HeartReceiveThread
D/ReflectionActivity(17382): command.getHeartbeat() yes
D/ReflectionActivity(17382): msgData=easyheartbeat
D/ReflectionActivity(17382): command.getHeartbeat()=HeartReceiveThread
D/ReflectionActivity(17382): command.getHeartbeat() yes
D/[TCP_SERVER](18388): Session local:/127.0.0.1:10201 remote:/127.0.0.1:51441@Dispatching 105 bytes data to uplayer
D/[TCP_SERVER](18388): Session local:/127.0.0.1:10201 remote:/127.0.0.1:51442@Dispatching 105 bytes data to uplayer
I/TREQ    (  118): TrEqProcessLoop in_bytes 8192
D/ReflectionActivity(17382): HeartSendThread -> currentRemoteIp=192.168.43.1 heartReceiveCounter=1
D/ReflectionActivity(17382): msgData=easyheartbeat
D/ReflectionActivity(17382): command.getHeartbeat()=HeartReceiveThread
D/ReflectionActivity(17382): command.getHeartbeat() yes
D/ReflectionActivity(17382): msgData=easyheartbeat
D/ReflectionActivity(17382): command.getHeartbeat()=HeartReceiveThread
D/ReflectionActivity(17382): command.getHeartbeat() yes
I/brcm-gr (  658): [gralloc_lock]: new usage 0x903
I/brcm-gr (  658): [gralloc_lock]: new usage 0x930
I/brcm-gr (  658): [gralloc_lock]: new usage 0x933
D/ReflectionActivity(17382): HeartSendThread -> currentRemoteIp=192.168.43.1 heartReceiveCounter=1
D/ReflectionActivity(17382): msgData=easyheartbeat
D/ReflectionActivity(17382): command.getHeartbeat()=HeartReceiveThread
D/ReflectionActivity(17382): command.getHeartbeat() yes
D/ReflectionActivity(17382): msgData=easyheartbeat
D/ReflectionActivity(17382): command.getHeartbeat()=HeartReceiveThread
D/ReflectionActivity(17382): command.getHeartbeat() yes
I/TREQ    (  118): TrEqProcessLoop in_bytes 8192
D/ReflectionActivity(17382): HeartSendThread -> currentRemoteIp=192.168.43.1 heartReceiveCounter=1
D/ReflectionActivity(17382): msgData=easyheartbeat
D/ReflectionActivity(17382): command.getHeartbeat()=HeartReceiveThread
D/ReflectionActivity(17382): command.getHeartbeat() yes
D/ReflectionActivity(17382): msgData=easyheartbeat
D/ReflectionActivity(17382): command.getHeartbeat()=HeartReceiveThread
D/ReflectionActivity(17382): command.getHeartbeat() yes
D/[TCP_SERVER](18388): Session local:/127.0.0.1:10201 remote:/127.0.0.1:51443@Dispatching 162 bytes data to uplayer
D/SmsProvider(  546): --------query and url=content://sms/inbox-------
D/[TCP_SERVER](18388): Session local:/127.0.0.1:10201 remote:/127.0.0.1:51444@Dispatching 149 bytes data to uplayer
D/StatusBar.NetworkControllerDS(  459): updateTelephonySignalStrength: !hasService()
D/StatusBar.NetworkControllerDS(  459): updateTelephonySignalStrength: !hasService()
D/ReflectionActivity(17382): HeartSendThread -> currentRemoteIp=192.168.43.1 heartReceiveCounter=1
D/ReflectionActivity(17382): msgData=easyheartbeat
D/ReflectionActivity(17382): command.getHeartbeat()=HeartReceiveThread
D/ReflectionActivity(17382): command.getHeartbeat() yes
D/ReflectionActivity(17382): msgData=easyheartbeat
D/ReflectionActivity(17382): command.getHeartbeat()=HeartReceiveThread
D/ReflectionActivity(17382): command.getHeartbeat() yes
I/brcm-gr (  658): [gralloc_lock]: new usage 0x903
I/brcm-gr (  658): [gralloc_lock]: new usage 0x930
I/brcm-gr (  658): [gralloc_lock]: new usage 0x933
V/NetworkPolicy(  381): updateNetworkEnabledLocked()
D/NetworkPolicy(  381): setNetworkTemplateEnabled(): match rule = 1
V/NetworkPolicy(  381): updateNotificationsLocked()
D/[TCP_SERVER](18388): Session local:/127.0.0.1:10201 remote:/127.0.0.1:51445@Dispatching 99 bytes data to uplayer
D/ReflectionActivity(17382): HeartSendThread -> currentRemoteIp=192.168.43.1 heartReceiveCounter=1
D/ReflectionActivity(17382): msgData=easyheartbeat
D/ReflectionActivity(17382): command.getHeartbeat()=HeartReceiveThread
D/ReflectionActivity(17382): command.getHeartbeat() yes
D/ReflectionActivity(17382): msgData=easyheartbeat
D/ReflectionActivity(17382): command.getHeartbeat()=HeartReceiveThread
D/ReflectionActivity(17382): command.getHeartbeat() yes
I/TREQ    (  118): TrEqProcessLoop in_bytes 8192
D/[TCP_SERVER](18388): Session local:/127.0.0.1:10201 remote:/127.0.0.1:51446@Dispatching 105 bytes data to uplayer
D/[TCP_SERVER](18388): Session local:/127.0.0.1:10201 remote:/127.0.0.1:51447@Dispatching 105 bytes data to uplayer
D/ReflectionActivity(17382): HeartSendThread -> currentRemoteIp=192.168.43.1 heartReceiveCounter=1
D/ReflectionActivity(17382): msgData=easyheartbeat
D/ReflectionActivity(17382): command.getHeartbeat()=HeartReceiveThread
D/ReflectionActivity(17382): command.getHeartbeat() yes
D/ReflectionActivity(17382): msgData=easyheartbeat
D/ReflectionActivity(17382): command.getHeartbeat()=HeartReceiveThread
D/ReflectionActivity(17382): command.getHeartbeat() yes
D/ReflectionActivity(17382): HeartSendThread -> currentRemoteIp=192.168.43.1 heartReceiveCounter=1
D/ReflectionActivity(17382): msgData=easyheartbeat
D/ReflectionActivity(17382): command.getHeartbeat()=HeartReceiveThread
D/ReflectionActivity(17382): command.getHeartbeat() yes
D/ReflectionActivity(17382): msgData=easyheartbeat
D/ReflectionActivity(17382): command.getHeartbeat()=HeartReceiveThread
D/ReflectionActivity(17382): command.getHeartbeat() yes
I/TREQ    (  118): TrEqProcessLoop in_bytes 8192
I/brcm-gr (  658): [gralloc_lock]: new usage 0x903
I/brcm-gr (  658): [gralloc_lock]: new usage 0x930
I/brcm-gr (  658): [gralloc_lock]: new usage 0x933
D/ReflectionActivity(17382): HeartSendThread -> currentRemoteIp=192.168.43.1 heartReceiveCounter=1
D/ReflectionActivity(17382): msgData=easyheartbeat
D/ReflectionActivity(17382): command.getHeartbeat()=HeartReceiveThread
D/ReflectionActivity(17382): command.getHeartbeat() yes
D/ReflectionActivity(17382): msgData=easyheartbeat
D/ReflectionActivity(17382): command.getHeartbeat()=HeartReceiveThread
D/ReflectionActivity(17382): command.getHeartbeat() yes
D/StatusBar.NetworkControllerDS(  459): updateTelephonySignalStrength: !hasService()
D/SmsProvider(  546): --------query and url=content://sms/inbox-------
D/StatusBar.NetworkControllerDS(  459): updateTelephonySignalStrength: !hasService()
D/StatusBar.NetworkControllerDS(  459): updateTelephonySignalStrength: !hasService()
D/ReflectionActivity(17382): HeartSendThread -> currentRemoteIp=192.168.43.1 heartReceiveCounter=1
D/ReflectionActivity(17382): msgData=easyheartbeat
D/ReflectionActivity(17382): command.getHeartbeat()=HeartReceiveThread
D/ReflectionActivity(17382): command.getHeartbeat() yes
D/ReflectionActivity(17382): msgData=easyheartbeat
D/ReflectionActivity(17382): command.getHeartbeat()=HeartReceiveThread
D/ReflectionActivity(17382): command.getHeartbeat() yes
I/TREQ    (  118): TrEqProcessLoop in_bytes 8192
D/SizeAdaptiveLayout(  459): com.android.internal.widget.SizeAdaptiveLayout@430ea3b8child view android.widget.FrameLayout@430650b0 measured out of bounds at 130px clamped to 128px
D/SizeAdaptiveLayout(  459): com.android.internal.widget.SizeAdaptiveLayout@430ea3b8child view android.widget.FrameLayout@430650b0 measured out of bounds at 130px clamped to 128px
D/SizeAdaptiveLayout(  459): com.android.internal.widget.SizeAdaptiveLayout@43373140child view android.widget.FrameLayout@433263d0 measured out of bounds at 130px clamped to 128px
D/SizeAdaptiveLayout(  459): com.android.internal.widget.SizeAdaptiveLayout@43373140child view android.widget.FrameLayout@433263d0 measured out of bounds at 130px clamped to 128px
D/PhoneStatusBar(  459): addNotification score=0
D/SizeAdaptiveLayout(  459): com.android.internal.widget.SizeAdaptiveLayout@431aa6b0child view android.widget.FrameLayout@431ac018 measured out of bounds at 130px clamped to 128px
D/SizeAdaptiveLayout(  459): com.android.internal.widget.SizeAdaptiveLayout@431aa6b0child view android.widget.FrameLayout@431ac018 measured out of bounds at 130px clamped to 128px
V/NetworkPolicy(  381): updateNetworkEnabledLocked()
D/NetworkPolicy(  381): setNetworkTemplateEnabled(): match rule = 1
V/NetworkPolicy(  381): updateNotificationsLocked()
D/[TCP_SERVER](18388): Session local:/127.0.0.1:10201 remote:/127.0.0.1:51448@Dispatching 99 bytes data to uplayer
D/ReflectionActivity(17382): HeartSendThread -> currentRemoteIp=192.168.43.1 heartReceiveCounter=1
D/ReflectionActivity(17382): msgData=easyheartbeat
D/ReflectionActivity(17382): command.getHeartbeat()=HeartReceiveThread
D/ReflectionActivity(17382): command.getHeartbeat() yes
D/ReflectionActivity(17382): msgData=easyheartbeat
D/ReflectionActivity(17382): command.getHeartbeat()=HeartReceiveThread
D/ReflectionActivity(17382): command.getHeartbeat() yes
D/[TCP_SERVER](18388): Session local:/127.0.0.1:10201 remote:/127.0.0.1:51449@Dispatching 105 bytes data to uplayer
D/[TCP_SERVER](18388): Session local:/127.0.0.1:10201 remote:/127.0.0.1:51450@Dispatching 105 bytes data to uplayer
I/brcm-gr (  658): [gralloc_lock]: new usage 0x903
I/brcm-gr (  658): [gralloc_lock]: new usage 0x930
I/brcm-gr (  658): [gralloc_lock]: new usage 0x933
D/SizeAdaptiveLayout(  459): com.android.internal.widget.SizeAdaptiveLayout@43064338child view android.widget.RelativeLayout@434e4250 measured out of bounds at 124px clamped to 128px
D/SizeAdaptiveLayout(  459): com.android.internal.widget.SizeAdaptiveLayout@43064338child view android.widget.RelativeLayout@434e4250 measured out of bounds at 124px clamped to 128px
D/ReflectionActivity(17382): HeartSendThread -> currentRemoteIp=192.168.43.1 heartReceiveCounter=1
D/ReflectionActivity(17382): msgData=easyheartbeat
D/ReflectionActivity(17382): command.getHeartbeat()=HeartReceiveThread
D/ReflectionActivity(17382): command.getHeartbeat() yes
D/ReflectionActivity(17382): msgData=easyheartbeat
D/ReflectionActivity(17382): command.getHeartbeat()=HeartReceiveThread
D/ReflectionActivity(17382): command.getHeartbeat() yes
I/TREQ    (  118): TrEqProcessLoop in_bytes 8192
D/ReflectionActivity(17382): HeartSendThread -> currentRemoteIp=192.168.43.1 heartReceiveCounter=1
D/ReflectionActivity(17382): msgData=easyheartbeat
D/ReflectionActivity(17382): command.getHeartbeat()=HeartReceiveThread
D/ReflectionActivity(17382): command.getHeartbeat() yes
D/ReflectionActivity(17382): msgData=easyheartbeat
D/ReflectionActivity(17382): command.getHeartbeat()=HeartReceiveThread
D/ReflectionActivity(17382): command.getHeartbeat() yes
D/WifiWatchdogStateMachine(  381): RSSI current: 4new: -60, 3
D/DownloadCompleteReceiver(14631):  WIFI CHANGED_ACTION 
D/DownloadCompleteReceiver(14631):  time:1370489522817
D/DownloadCompleteReceiver(14631):  locktime:0
D/DownloadCompleteReceiver(14631):  mIdupdate:-1
D/DownloadCompleteReceiver(14631):  mMasterclear:false
D/DownloadCompleteReceiver(14631):  mBootcomplete:true
D/ReflectionActivity(17382): HeartSendThread -> currentRemoteIp=192.168.43.1 heartReceiveCounter=1
D/ReflectionActivity(17382): msgData=easyheartbeat
D/ReflectionActivity(17382): command.getHeartbeat()=HeartReceiveThread
D/ReflectionActivity(17382): command.getHeartbeat() yes
D/ReflectionActivity(17382): msgData=easyheartbeat
D/ReflectionActivity(17382): command.getHeartbeat()=HeartReceiveThread
D/ReflectionActivity(17382): command.getHeartbeat() yes
I/TREQ    (  118): TrEqProcessLoop in_bytes 8192
I/brcm-gr (  658): [gralloc_lock]: new usage 0x903
I/brcm-gr (  658): [gralloc_lock]: new usage 0x930
I/brcm-gr (  658): [gralloc_lock]: new usage 0x933
D/[TCP_SERVER](18388): Session local:/127.0.0.1:10201 remote:/127.0.0.1:51451@Dispatching 162 bytes data to uplayer
D/SmsProvider(  546): --------query and url=content://sms/inbox-------
D/[TCP_SERVER](18388): Session local:/127.0.0.1:10201 remote:/127.0.0.1:51452@Dispatching 149 bytes data to uplayer
D/StatusBar.NetworkControllerDS(  459): updateTelephonySignalStrength: !hasService()
D/StatusBar.NetworkControllerDS(  459): updateTelephonySignalStrength: !hasService()
D/ReflectionActivity(17382): HeartSendThread -> currentRemoteIp=192.168.43.1 heartReceiveCounter=1
D/ReflectionActivity(17382): msgData=easyheartbeat
D/ReflectionActivity(17382): command.getHeartbeat()=HeartReceiveThread
D/ReflectionActivity(17382): command.getHeartbeat() yes
D/ReflectionActivity(17382): msgData=easyheartbeat
D/ReflectionActivity(17382): command.getHeartbeat()=HeartReceiveThread
D/ReflectionActivity(17382): command.getHeartbeat() yes
D/[TCP_SERVER](18388): Session local:/127.0.0.1:10201 remote:/127.0.0.1:51453@Dispatching 99 bytes data to uplayer
D/ReflectionActivity(17382): HeartSendThread -> currentRemoteIp=192.168.43.1 heartReceiveCounter=1
D/ReflectionActivity(17382): msgData=easyheartbeat
D/ReflectionActivity(17382): command.getHeartbeat()=HeartReceiveThread
D/ReflectionActivity(17382): command.getHeartbeat() yes
D/ReflectionActivity(17382): msgData=easyheartbeat
D/ReflectionActivity(17382): command.getHeartbeat()=HeartReceiveThread
D/ReflectionActivity(17382): command.getHeartbeat() yes
V/NetworkPolicy(  381): updateNetworkEnabledLocked()
D/NetworkPolicy(  381): setNetworkTemplateEnabled(): match rule = 1
V/NetworkPolicy(  381): updateNotificationsLocked()
D/WifiWatchdogStateMachine(  381): RSSI current: 3new: -55, 4
D/DownloadCompleteReceiver(14631):  WIFI CHANGED_ACTION 
D/DownloadCompleteReceiver(14631):  time:1370489525833
D/DownloadCompleteReceiver(14631):  locktime:0
D/DownloadCompleteReceiver(14631):  mIdupdate:-1
D/DownloadCompleteReceiver(14631):  mMasterclear:false
D/DownloadCompleteReceiver(14631):  mBootcomplete:true
D/[TCP_SERVER](18388): Session local:/127.0.0.1:10201 remote:/127.0.0.1:51454@Dispatching 105 bytes data to uplayer
D/[TCP_SERVER](18388): Session local:/127.0.0.1:10201 remote:/127.0.0.1:51455@Dispatching 105 bytes data to uplayer
I/TREQ    (  118): TrEqProcessLoop in_bytes 8192
D/ReflectionActivity(17382): HeartSendThread -> currentRemoteIp=192.168.43.1 heartReceiveCounter=1
D/ReflectionActivity(17382): msgData=easyheartbeat
D/ReflectionActivity(17382): command.getHeartbeat()=HeartReceiveThread
D/ReflectionActivity(17382): command.getHeartbeat() yes
D/ReflectionActivity(17382): msgData=easyheartbeat
D/ReflectionActivity(17382): command.getHeartbeat()=HeartReceiveThread
D/ReflectionActivity(17382): command.getHeartbeat() yes
I/brcm-gr (  658): [gralloc_lock]: new usage 0x903
I/brcm-gr (  658): [gralloc_lock]: new usage 0x930
I/brcm-gr (  658): [gralloc_lock]: new usage 0x933
D/ReflectionActivity(17382): HeartSendThread -> currentRemoteIp=192.168.43.1 heartReceiveCounter=1
D/ReflectionActivity(17382): msgData=easyheartbeat
D/ReflectionActivity(17382): command.getHeartbeat()=HeartReceiveThread
D/ReflectionActivity(17382): command.getHeartbeat() yes
D/ReflectionActivity(17382): msgData=easyheartbeat
D/ReflectionActivity(17382): command.getHeartbeat()=HeartReceiveThread
D/ReflectionActivity(17382): command.getHeartbeat() yes
I/TREQ    (  118): TrEqProcessLoop in_bytes 8192
D/ReflectionActivity(17382): HeartSendThread -> currentRemoteIp=192.168.43.1 heartReceiveCounter=1
D/ReflectionActivity(17382): msgData=easyheartbeat
D/ReflectionActivity(17382): command.getHeartbeat()=HeartReceiveThread
D/ReflectionActivity(17382): command.getHeartbeat() yes
D/ReflectionActivity(17382): msgData=easyheartbeat
D/ReflectionActivity(17382): command.getHeartbeat()=HeartReceiveThread
D/ReflectionActivity(17382): command.getHeartbeat() yes
D/SmsProvider(  546): --------query and url=content://sms/inbox-------
D/StatusBar.NetworkControllerDS(  459): updateTelephonySignalStrength: !hasService()
D/StatusBar.NetworkControllerDS(  459): updateTelephonySignalStrength: !hasService()
D/ReflectionActivity(17382): HeartSendThread -> currentRemoteIp=192.168.43.1 heartReceiveCounter=1
D/ReflectionActivity(17382): msgData=easyheartbeat
D/ReflectionActivity(17382): command.getHeartbeat()=HeartReceiveThread
D/ReflectionActivity(17382): command.getHeartbeat() yes
D/ReflectionActivity(17382): msgData=easyheartbeat
D/ReflectionActivity(17382): command.getHeartbeat()=HeartReceiveThread
D/ReflectionActivity(17382): command.getHeartbeat() yes
D/DownloadCompleteReceiver(14631):  TYPE_WIFI info.isConnected():true
D/DownloadCompleteReceiver(14631): isConnecting():true
D/DownloadCompleteReceiver(14631):  TYPE_WIFI info.isConnected():true
D/DownloadCompleteReceiver(14631): ********* downloadURL:
D/DownloadCompleteReceiver(14631):  getTotalInternalSize:14135926784
D/DownloadCompleteReceiver(14631):  SoftVersionnum:V225R001
D/DownloadCompleteReceiver(14631): coship mServerVerstion:V225R001C01B082
D/DownloadCompleteReceiver(14631):   DOWNLOAD_VERSION_FILE_URL:http://update.coship.com/update/Fphone/version_new.txt
D/DownloadCompleteReceiver(14631): updateEx mServerVerstion:V225R001C01B082
D/DownloadCompleteReceiver(14631):  local:085
D/DownloadCompleteReceiver(14631):  server:082
I/brcm-gr (  658): [gralloc_lock]: new usage 0x903
I/brcm-gr (  658): [gralloc_lock]: new usage 0x930
I/brcm-gr (  658): [gralloc_lock]: new usage 0x933
I/TREQ    (  118): TrEqProcessLoop in_bytes 8192
D/[TCP_SERVER](18388): Session local:/127.0.0.1:10201 remote:/127.0.0.1:51456@Dispatching 99 bytes data to uplayer
D/ReflectionActivity(17382): HeartSendThread -> currentRemoteIp=192.168.43.1 heartReceiveCounter=1
D/ReflectionActivity(17382): msgData=easyheartbeat
D/ReflectionActivity(17382): command.getHeartbeat()=HeartReceiveThread
D/ReflectionActivity(17382): command.getHeartbeat() yes
D/ReflectionActivity(17382): msgData=easyheartbeat
D/ReflectionActivity(17382): command.getHeartbeat()=HeartReceiveThread
D/ReflectionActivity(17382): command.getHeartbeat() yes
D/[TCP_SERVER](18388): Session local:/127.0.0.1:10201 remote:/127.0.0.1:51457@Dispatching 105 bytes data to uplayer
V/NetworkPolicy(  381): updateNetworkEnabledLocked()
D/NetworkPolicy(  381): setNetworkTemplateEnabled(): match rule = 1
V/NetworkPolicy(  381): updateNotificationsLocked()
D/[TCP_SERVER](18388): Session local:/127.0.0.1:10201 remote:/127.0.0.1:51458@Dispatching 105 bytes data to uplayer
D/ReflectionActivity(17382): HeartSendThread -> currentRemoteIp=192.168.43.1 heartReceiveCounter=1
D/ReflectionActivity(17382): msgData=easyheartbeat
D/ReflectionActivity(17382): command.getHeartbeat()=HeartReceiveThread
D/ReflectionActivity(17382): command.getHeartbeat() yes
D/ReflectionActivity(17382): msgData=easyheartbeat
D/ReflectionActivity(17382): command.getHeartbeat()=HeartReceiveThread
D/ReflectionActivity(17382): command.getHeartbeat() yes
D/ReflectionActivity(17382): HeartSendThread -> currentRemoteIp=192.168.43.1 heartReceiveCounter=1
D/ReflectionActivity(17382): msgData=easyheartbeat
D/ReflectionActivity(17382): command.getHeartbeat()=HeartReceiveThread
D/ReflectionActivity(17382): command.getHeartbeat() yes
D/ReflectionActivity(17382): msgData=easyheartbeat
D/ReflectionActivity(17382): command.getHeartbeat()=HeartReceiveThread
D/ReflectionActivity(17382): command.getHeartbeat() yes
I/TREQ    (  118): TrEqProcessLoop in_bytes 8192
D/DownloadCompleteReceiver(14631):  TYPE_WIFI info.isConnected():true
D/DownloadCompleteReceiver(14631): isConnecting():true
D/DownloadCompleteReceiver(14631):  TYPE_WIFI info.isConnected():true
D/DownloadCompleteReceiver(14631): ********* downloadURL:
D/DownloadCompleteReceiver(14631):  getTotalInternalSize:14135926784
D/DownloadCompleteReceiver(14631):  SoftVersionnum:V225R001
I/brcm-gr (  658): [gralloc_lock]: new usage 0x903
I/brcm-gr (  658): [gralloc_lock]: new usage 0x930
I/brcm-gr (  658): [gralloc_lock]: new usage 0x933
D/ReflectionActivity(17382): HeartSendThread -> currentRemoteIp=192.168.43.1 heartReceiveCounter=1
D/ReflectionActivity(17382): msgData=easyheartbeat
D/ReflectionActivity(17382): command.getHeartbeat()=HeartReceiveThread
D/ReflectionActivity(17382): command.getHeartbeat() yes
D/ReflectionActivity(17382): msgData=easyheartbeat
D/ReflectionActivity(17382): command.getHeartbeat()=HeartReceiveThread
D/ReflectionActivity(17382): command.getHeartbeat() yes
D/[TCP_SERVER](18388): Session local:/127.0.0.1:10201 remote:/127.0.0.1:51459@Dispatching 162 bytes data to uplayer
D/DownloadCompleteReceiver(14631): coship mServerVerstion:V225R001C01B082
D/DownloadCompleteReceiver(14631):   DOWNLOAD_VERSION_FILE_URL:http://update.coship.com/update/Fphone/version_new.txt
D/DownloadCompleteReceiver(14631): updateEx mServerVerstion:V225R001C01B082
D/DownloadCompleteReceiver(14631):  local:085
D/DownloadCompleteReceiver(14631):  server:082
I/dalvikvm(18189): Jit: resizing JitTable from 4096 to 8192
D/SmsProvider(  546): --------query and url=content://sms/inbox-------
D/[TCP_SERVER](18388): Session local:/127.0.0.1:10201 remote:/127.0.0.1:51460@Dispatching 149 bytes data to uplayer
D/StatusBar.NetworkControllerDS(  459): updateTelephonySignalStrength: !hasService()
D/StatusBar.NetworkControllerDS(  459): updateTelephonySignalStrength: !hasService()
D/ReflectionActivity(17382): HeartSendThread -> currentRemoteIp=192.168.43.1 heartReceiveCounter=1
D/ReflectionActivity(17382): msgData=easyheartbeat
D/ReflectionActivity(17382): command.getHeartbeat()=HeartReceiveThread
D/ReflectionActivity(17382): command.getHeartbeat() yes
D/ReflectionActivity(17382): msgData=easyheartbeat
D/ReflectionActivity(17382): command.getHeartbeat()=HeartReceiveThread
D/ReflectionActivity(17382): command.getHeartbeat() yes
I/TREQ    (  118): TrEqProcessLoop in_bytes 8192
D/[TCP_SERVER](18388): Session local:/127.0.0.1:10201 remote:/127.0.0.1:51461@Dispatching 99 bytes data to uplayer
D/ReflectionActivity(17382): HeartSendThread -> currentRemoteIp=192.168.43.1 heartReceiveCounter=1
D/ReflectionActivity(17382): msgData=easyheartbeat
D/ReflectionActivity(17382): command.getHeartbeat()=HeartReceiveThread
D/ReflectionActivity(17382): command.getHeartbeat() yes
D/ReflectionActivity(17382): msgData=easyheartbeat
D/ReflectionActivity(17382): command.getHeartbeat()=HeartReceiveThread
D/ReflectionActivity(17382): command.getHeartbeat() yes
D/[TCP_SERVER](18388): Session local:/127.0.0.1:10201 remote:/127.0.0.1:51462@Dispatching 105 bytes data to uplayer
D/[TCP_SERVER](18388): Session local:/127.0.0.1:10201 remote:/127.0.0.1:51463@Dispatching 105 bytes data to uplayer
I/brcm-gr (  658): [gralloc_lock]: new usage 0x903
I/brcm-gr (  658): [gralloc_lock]: new usage 0x930
I/brcm-gr (  658): [gralloc_lock]: new usage 0x933
V/NetworkPolicy(  381): updateNetworkEnabledLocked()
D/NetworkPolicy(  381): setNetworkTemplateEnabled(): match rule = 1
V/NetworkPolicy(  381): updateNotificationsLocked()
D/dalvikvm(  381): GC_CONCURRENT freed 2008K, 47% free 13663K/25347K, paused 15ms+6ms, total 93ms
D/ReflectionActivity(17382): HeartSendThread -> currentRemoteIp=192.168.43.1 heartReceiveCounter=1
D/ReflectionActivity(17382): msgData=easyheartbeat
D/ReflectionActivity(17382): command.getHeartbeat()=HeartReceiveThread
D/ReflectionActivity(17382): command.getHeartbeat() yes
D/ReflectionActivity(17382): msgData=easyheartbeat
D/ReflectionActivity(17382): command.getHeartbeat()=HeartReceiveThread
D/ReflectionActivity(17382): command.getHeartbeat() yes
I/TREQ    (  118): TrEqProcessLoop in_bytes 8192
