06-06 23:44:32.632 W/System.err(14063): 	at java.net.InetAddress.getAllByNameImpl(InetAddress.java:236)
06-06 23:44:32.632 W/System.err(14063): 	at java.net.InetAddress.getAllByName(InetAddress.java:214)
06-06 23:44:32.632 W/System.err(14063): 	at libcore.net.http.HttpConnection.<init>(HttpConnection.java:70)
06-06 23:44:32.632 W/System.err(14063): 	at libcore.net.http.HttpConnection.<init>(HttpConnection.java:50)
06-06 23:44:32.632 W/System.err(14063): 	at libcore.net.http.HttpConnection$Address.connect(HttpConnection.java:341)
06-06 23:44:32.632 W/System.err(14063): 	at libcore.net.http.HttpConnectionPool.get(HttpConnectionPool.java:87)
06-06 23:44:32.632 W/System.err(14063): 	at libcore.net.http.HttpConnection.connect(HttpConnection.java:128)
06-06 23:44:32.632 W/System.err(14063): 	at libcore.net.http.HttpEngine.openSocketConnection(HttpEngine.java:315)
06-06 23:44:32.632 W/System.err(14063): 	at libcore.net.http.HttpEngine.connect(HttpEngine.java:310)
06-06 23:44:32.632 W/System.err(14063): 	at libcore.net.http.HttpEngine.sendSocketRequest(HttpEngine.java:289)
06-06 23:44:32.632 W/System.err(14063): 	at libcore.net.http.HttpEngine.sendRequest(HttpEngine.java:239)
06-06 23:44:32.632 W/System.err(14063): 	at libcore.net.http.HttpURLConnectionImpl.getResponse(HttpURLConnectionImpl.java:273)
06-06 23:44:32.642 W/System.err(14063): 	at libcore.net.http.HttpURLConnectionImpl.getResponseCode(HttpURLConnectionImpl.java:486)
06-06 23:44:32.642 W/System.err(14063): 	at com.android.settings.DownloadCompleteReceiver.getNetVersion(DownloadCompleteReceiver.java:546)
06-06 23:44:32.642 W/System.err(14063): 	at com.android.settings.DownloadCompleteReceiver$3.run(DownloadCompleteReceiver.java:360)
06-06 23:44:32.642 W/System.err(14063): 	at java.lang.Thread.run(Thread.java:856)
06-06 23:44:32.642 W/System.err(14063): Caused by: libcore.io.GaiException: getaddrinfo failed: EAI_NODATA (No address associated with hostname)
06-06 23:44:32.642 W/System.err(14063): 	at libcore.io.Posix.getaddrinfo(Native Method)
06-06 23:44:32.642 W/System.err(14063): 	at libcore.io.ForwardingOs.getaddrinfo(ForwardingOs.java:55)
06-06 23:44:32.642 W/System.err(14063): 	at java.net.InetAddress.lookupHostByName(InetAddress.java:405)
06-06 23:44:32.642 W/System.err(14063): 	... 16 more
06-06 23:44:32.642 W/System.err(14063): Caused by: libcore.io.ErrnoException: getaddrinfo failed: ETIMEDOUT (Connection timed out)
06-06 23:44:32.642 W/System.err(14063): 	... 19 more
06-06 23:44:32.642 D/DownloadCompleteReceiver(14063): coship mServerVerstion:
06-06 23:44:33.172 D/[TCP_SERVER](13944): Session local:/127.0.0.1:10201 remote:/127.0.0.1:37224@Dispatching 105 bytes data to uplayer
06-06 23:44:33.182 D/[TCP_SERVER](13944): Session local:/127.0.0.1:10201 remote:/127.0.0.1:37225@Dispatching 105 bytes data to uplayer
06-06 23:44:33.512 W/System.err(14063): java.net.UnknownHostException: Unable to resolve host "update.coship.com": No address associated with hostname
06-06 23:44:33.512 W/System.err(14063): 	at java.net.InetAddress.lookupHostByName(InetAddress.java:424)
06-06 23:44:33.512 W/System.err(14063): 	at java.net.InetAddress.getAllByNameImpl(InetAddress.java:236)
06-06 23:44:33.512 W/System.err(14063): 	at java.net.InetAddress.getAllByName(InetAddress.java:214)
06-06 23:44:33.512 W/System.err(14063): 	at libcore.net.http.HttpConnection.<init>(HttpConnection.java:70)
06-06 23:44:33.512 W/System.err(14063): 	at libcore.net.http.HttpConnection.<init>(HttpConnection.java:50)
06-06 23:44:33.512 W/System.err(14063): 	at libcore.net.http.HttpConnection$Address.connect(HttpConnection.java:341)
06-06 23:44:33.512 W/System.err(14063): 	at libcore.net.http.HttpConnectionPool.get(HttpConnectionPool.java:87)
06-06 23:44:33.512 W/System.err(14063): 	at libcore.net.http.HttpConnection.connect(HttpConnection.java:128)
06-06 23:44:33.512 W/System.err(14063): 	at libcore.net.http.HttpEngine.openSocketConnection(HttpEngine.java:315)
06-06 23:44:33.512 W/System.err(14063): 	at libcore.net.http.HttpEngine.connect(HttpEngine.java:310)
06-06 23:44:33.512 W/System.err(14063): 	at libcore.net.http.HttpEngine.sendSocketRequest(HttpEngine.java:289)
06-06 23:44:33.512 W/System.err(14063): 	at libcore.net.http.HttpEngine.sendRequest(HttpEngine.java:239)
06-06 23:44:33.512 W/System.err(14063): 	at libcore.net.http.HttpURLConnectionImpl.getResponse(HttpURLConnectionImpl.java:273)
06-06 23:44:33.512 W/System.err(14063): 	at libcore.net.http.HttpURLConnectionImpl.getResponseCode(HttpURLConnectionImpl.java:486)
06-06 23:44:33.512 W/System.err(14063): 	at com.android.settings.DownloadCompleteReceiver.getNetVersion(DownloadCompleteReceiver.java:546)
06-06 23:44:33.522 W/System.err(14063): 	at com.android.settings.DownloadCompleteReceiver$3.run(DownloadCompleteReceiver.java:360)
06-06 23:44:33.522 W/System.err(14063): 	at java.lang.Thread.run(Thread.java:856)
06-06 23:44:33.522 W/System.err(14063): Caused by: libcore.io.GaiException: getaddrinfo failed: EAI_NODATA (No address associated with hostname)
06-06 23:44:33.522 W/System.err(14063): 	at libcore.io.Posix.getaddrinfo(Native Method)
06-06 23:44:33.522 W/System.err(14063): 	at libcore.io.ForwardingOs.getaddrinfo(ForwardingOs.java:55)
06-06 23:44:33.522 W/System.err(14063): 	at java.net.InetAddress.lookupHostByName(InetAddress.java:405)
06-06 23:44:33.522 W/System.err(14063): 	... 16 more
06-06 23:44:33.522 W/System.err(14063): Caused by: libcore.io.ErrnoException: getaddrinfo failed: ETIMEDOUT (Connection timed out)
06-06 23:44:33.522 W/System.err(14063): 	... 19 more
06-06 23:44:33.522 D/DownloadCompleteReceiver(14063): coship mServerVerstion:
06-06 23:44:33.812 D/[TCP_SERVER](13944): Session local:/127.0.0.1:10201 remote:/127.0.0.1:37226@Dispatching 99 bytes data to uplayer
06-06 23:44:33.862 W/System.err(11826): org.apache.http.conn.ConnectTimeoutException: Connect to /42.62.20.170:9638 timed out
06-06 23:44:33.862 W/System.err(11826): 	at org.apache.http.conn.scheme.PlainSocketFactory.connectSocket(PlainSocketFactory.java:121)
06-06 23:44:33.862 W/System.err(11826): 	at org.apache.http.impl.conn.DefaultClientConnectionOperator.openConnection(DefaultClientConnectionOperator.java:144)
06-06 23:44:33.862 W/System.err(11826): 	at org.apache.http.impl.conn.AbstractPoolEntry.open(AbstractPoolEntry.java:164)
06-06 23:44:33.862 W/System.err(11826): 	at org.apache.http.impl.conn.AbstractPooledConnAdapter.open(AbstractPooledConnAdapter.java:119)
06-06 23:44:33.862 W/System.err(11826): 	at org.apache.http.impl.client.DefaultRequestDirector.execute(DefaultRequestDirector.java:360)
06-06 23:44:33.862 W/System.err(11826): 	at org.apache.http.impl.client.AbstractHttpClient.execute(AbstractHttpClient.java:555)
06-06 23:44:33.862 W/System.err(11826): 	at org.apache.http.impl.client.AbstractHttpClient.execute(AbstractHttpClient.java:487)
06-06 23:44:33.862 W/System.err(11826): 	at org.apache.http.impl.client.AbstractHttpClient.execute(AbstractHttpClient.java:465)
06-06 23:44:33.862 W/System.err(11826): 	at com.kugou.android.backprocess.d.aa.a(Unknown Source)
06-06 23:44:33.862 W/System.err(11826): 	at com.kugou.android.backprocess.d.aa.b(Unknown Source)
06-06 23:44:33.862 W/System.err(11826): 	at com.kugou.android.backprocess.d.aa.a(Unknown Source)
06-06 23:44:33.872 W/System.err(11826): 	at com.kugou.a.a.ai.a(Unknown Source)
06-06 23:44:33.872 W/System.err(11826): 	at com.kugou.android.activity.rn.handleMessage(Unknown Source)
06-06 23:44:33.872 W/System.err(11826): 	at android.os.Handler.dispatchMessage(Handler.java:99)
06-06 23:44:33.872 W/System.err(11826): 	at android.os.Looper.loop(Looper.java:137)
06-06 23:44:33.872 W/System.err(11826): 	at com.kugou.android.activity.bu.run(Unknown Source)
06-06 23:44:33.872 W/System.err(11826): 	at java.lang.Thread.run(Thread.java:856)
06-06 23:44:33.882 I/brcm-gr (  658): [gralloc_lock]: new usage 0x903
06-06 23:44:33.882 I/brcm-gr (  658): [gralloc_lock]: new usage 0x930
06-06 23:44:33.882 I/brcm-gr (  658): [gralloc_lock]: new usage 0x933
06-06 23:44:34.662 D/StatusBar.NetworkControllerDS(  459): updateTelephonySignalStrength: !hasService()
06-06 23:44:34.692 D/StatusBar.NetworkControllerDS(  459): updateTelephonySignalStrength: !hasService()
06-06 23:44:36.522 I/GTalkService/c(  895): [AndroidEndpoint@1117829824] connect: acct=1000001, state=CONNECTING
06-06 23:44:36.902 I/brcm-gr (  658): [gralloc_lock]: new usage 0x903
06-06 23:44:36.902 I/brcm-gr (  658): [gralloc_lock]: new usage 0x930
06-06 23:44:36.902 I/brcm-gr (  658): [gralloc_lock]: new usage 0x933
06-06 23:44:37.172 D/StatusBar.NetworkControllerDS(  459): updateTelephonySignalStrength: !hasService()
06-06 23:44:37.502 D/[TCP_SERVER](13944): Session local:/127.0.0.1:10201 remote:/127.0.0.1:37227@Dispatching 162 bytes data to uplayer
06-06 23:44:38.202 D/[TCP_SERVER](13944): Session local:/127.0.0.1:10201 remote:/127.0.0.1:37228@Dispatching 105 bytes data to uplayer
06-06 23:44:38.202 D/[TCP_SERVER](13944): Session local:/127.0.0.1:10201 remote:/127.0.0.1:37229@Dispatching 105 bytes data to uplayer
06-06 23:44:38.832 D/[TCP_SERVER](13944): Session local:/127.0.0.1:10201 remote:/127.0.0.1:37230@Dispatching 99 bytes data to uplayer
06-06 23:44:39.672 D/StatusBar.NetworkControllerDS(  459): updateTelephonySignalStrength: !hasService()
06-06 23:44:39.692 D/StatusBar.NetworkControllerDS(  459): updateTelephonySignalStrength: !hasService()
06-06 23:44:39.942 I/brcm-gr (  658): [gralloc_lock]: new usage 0x903
06-06 23:44:39.942 I/brcm-gr (  658): [gralloc_lock]: new usage 0x930
06-06 23:44:39.942 I/brcm-gr (  658): [gralloc_lock]: new usage 0x933
06-06 23:44:40.702 W/System.err(14063): java.net.UnknownHostException: Unable to resolve host "update.feifeikan.com": No address associated with hostname
06-06 23:44:40.702 W/System.err(14063): 	at java.net.InetAddress.lookupHostByName(InetAddress.java:424)
06-06 23:44:40.702 W/System.err(14063): 	at java.net.InetAddress.getAllByNameImpl(InetAddress.java:236)
06-06 23:44:40.702 W/System.err(14063): 	at java.net.InetAddress.getAllByName(InetAddress.java:214)
06-06 23:44:40.702 W/System.err(14063): 	at libcore.net.http.HttpConnection.<init>(HttpConnection.java:70)
06-06 23:44:40.712 W/System.err(14063): 	at libcore.net.http.HttpConnection.<init>(HttpConnection.java:50)
06-06 23:44:40.712 W/System.err(14063): 	at libcore.net.http.HttpConnection$Address.connect(HttpConnection.java:341)
06-06 23:44:40.712 W/System.err(14063): 	at libcore.net.http.HttpConnectionPool.get(HttpConnectionPool.java:87)
06-06 23:44:40.712 W/System.err(14063): 	at libcore.net.http.HttpConnection.connect(HttpConnection.java:128)
06-06 23:44:40.712 W/System.err(14063): 	at libcore.net.http.HttpEngine.openSocketConnection(HttpEngine.java:315)
06-06 23:44:40.712 W/System.err(14063): 	at libcore.net.http.HttpEngine.connect(HttpEngine.java:310)
06-06 23:44:40.712 W/System.err(14063): 	at libcore.net.http.HttpEngine.sendSocketRequest(HttpEngine.java:289)
06-06 23:44:40.712 W/System.err(14063): 	at libcore.net.http.HttpEngine.sendRequest(HttpEngine.java:239)
06-06 23:44:40.712 W/System.err(14063): 	at libcore.net.http.HttpURLConnectionImpl.getResponse(HttpURLConnectionImpl.java:273)
06-06 23:44:40.712 W/System.err(14063): 	at libcore.net.http.HttpURLConnectionImpl.getResponseCode(HttpURLConnectionImpl.java:486)
06-06 23:44:40.712 W/System.err(14063): 	at com.android.settings.DownloadCompleteReceiver.getNetVersion(DownloadCompleteReceiver.java:546)
06-06 23:44:40.712 W/System.err(14063): 	at com.android.settings.DownloadCompleteReceiver$3.run(DownloadCompleteReceiver.java:386)
06-06 23:44:40.712 W/System.err(14063): 	at java.lang.Thread.run(Thread.java:856)
06-06 23:44:40.712 W/System.err(14063): Caused by: libcore.io.GaiException: getaddrinfo failed: EAI_NODATA (No address associated with hostname)
06-06 23:44:40.712 W/System.err(14063): 	at libcore.io.Posix.getaddrinfo(Native Method)
06-06 23:44:40.712 W/System.err(14063): 	at libcore.io.ForwardingOs.getaddrinfo(ForwardingOs.java:55)
06-06 23:44:40.712 W/System.err(14063): 	at java.net.InetAddress.lookupHostByName(InetAddress.java:405)
06-06 23:44:40.712 W/System.err(14063): 	... 16 more
06-06 23:44:40.712 W/System.err(14063): Caused by: libcore.io.ErrnoException: getaddrinfo failed: ETIMEDOUT (Connection timed out)
06-06 23:44:40.712 W/System.err(14063): 	... 19 more
06-06 23:44:40.712 D/DownloadCompleteReceiver(14063):   DOWNLOAD_VERSION_FILE_URL:http://update.feifeikan.com/Fphone/version_new.txt
06-06 23:44:40.712 D/DownloadCompleteReceiver(14063): updateEx mServerVerstion:
06-06 23:44:40.772 D/[TCP_SERVER](13944): Session local:/127.0.0.1:10201 remote:/127.0.0.1:37231@Dispatching 149 bytes data to uplayer
06-06 23:44:42.552 W/ba      (13885): EXCEPTION, please implement com.wandoujia.phoenix2.cloud.e.exceptionCaught() for proper handling.
06-06 23:44:42.552 W/ba      (13885): java.net.ConnectException: connection timed out
06-06 23:44:42.552 W/ba      (13885): 	at org.jboss.netty.channel.socket.a.n.a(Unknown Source)
06-06 23:44:42.552 W/ba      (13885): 	at org.jboss.netty.channel.socket.a.d.run(Unknown Source)
06-06 23:44:42.552 W/ba      (13885): 	at org.jboss.netty.channel.socket.a.n.run(Unknown Source)
06-06 23:44:42.552 W/ba      (13885): 	at org.jboss.netty.util.k.run(Unknown Source)
06-06 23:44:42.552 W/ba      (13885): 	at org.jboss.netty.util.internal.d.run(Unknown Source)
06-06 23:44:42.552 W/ba      (13885): 	at java.util.concurrent.ThreadPoolExecutor.runWorker(ThreadPoolExecutor.java:1076)
06-06 23:44:42.552 W/ba      (13885): 	at java.util.concurrent.ThreadPoolExecutor$Worker.run(ThreadPoolExecutor.java:569)
06-06 23:44:42.552 W/ba      (13885): 	at java.lang.Thread.run(Thread.java:856)
06-06 23:44:42.642 W/System.err(14063): java.net.UnknownHostException: Unable to resolve host "update.feifeikan.com": No address associated with hostname
06-06 23:44:42.652 W/System.err(14063): 	at java.net.InetAddress.lookupHostByName(InetAddress.java:424)
06-06 23:44:42.652 W/System.err(14063): 	at java.net.InetAddress.getAllByNameImpl(InetAddress.java:236)
06-06 23:44:42.652 W/System.err(14063): 	at java.net.InetAddress.getAllByName(InetAddress.java:214)
06-06 23:44:42.652 W/System.err(14063): 	at libcore.net.http.HttpConnection.<init>(HttpConnection.java:70)
06-06 23:44:42.652 W/System.err(14063): 	at libcore.net.http.HttpConnection.<init>(HttpConnection.java:50)
06-06 23:44:42.652 W/System.err(14063): 	at libcore.net.http.HttpConnection$Address.connect(HttpConnection.java:341)
06-06 23:44:42.652 W/System.err(14063): 	at libcore.net.http.HttpConnectionPool.get(HttpConnectionPool.java:87)
06-06 23:44:42.652 W/System.err(14063): 	at libcore.net.http.HttpConnection.connect(HttpConnection.java:128)
06-06 23:44:42.652 W/System.err(14063): 	at libcore.net.http.HttpEngine.openSocketConnection(HttpEngine.java:315)
06-06 23:44:42.652 W/System.err(14063): 	at libcore.net.http.HttpEngine.connect(HttpEngine.java:310)
06-06 23:44:42.652 W/System.err(14063): 	at libcore.net.http.HttpEngine.sendSocketRequest(HttpEngine.java:289)
06-06 23:44:42.652 W/System.err(14063): 	at libcore.net.http.HttpEngine.sendRequest(HttpEngine.java:239)
06-06 23:44:42.652 W/System.err(14063): 	at libcore.net.http.HttpURLConnectionImpl.getResponse(HttpURLConnectionImpl.java:273)
06-06 23:44:42.652 W/System.err(14063): 	at libcore.net.http.HttpURLConnectionImpl.getResponseCode(HttpURLConnectionImpl.java:486)
06-06 23:44:42.652 W/System.err(14063): 	at com.android.settings.DownloadCompleteReceiver.getNetVersion(DownloadCompleteReceiver.java:546)
06-06 23:44:42.652 W/System.err(14063): 	at com.android.settings.DownloadCompleteReceiver$3.run(DownloadCompleteReceiver.java:386)
06-06 23:44:42.652 W/System.err(14063): 	at java.lang.Thread.run(Thread.java:856)
06-06 23:44:42.652 W/System.err(14063): Caused by: libcore.io.GaiException: getaddrinfo failed: EAI_NODATA (No address associated with hostname)
06-06 23:44:42.652 W/System.err(14063): 	at libcore.io.Posix.getaddrinfo(Native Method)
06-06 23:44:42.662 W/System.err(14063): 	at libcore.io.ForwardingOs.getaddrinfo(ForwardingOs.java:55)
06-06 23:44:42.662 W/System.err(14063): 	at java.net.InetAddress.lookupHostByName(InetAddress.java:405)
06-06 23:44:42.662 W/System.err(14063): 	... 16 more
06-06 23:44:42.662 W/System.err(14063): Caused by: libcore.io.ErrnoException: getaddrinfo failed: ETIMEDOUT (Connection timed out)
06-06 23:44:42.662 W/System.err(14063): 	... 19 more
06-06 23:44:42.662 D/DownloadCompleteReceiver(14063):   DOWNLOAD_VERSION_FILE_URL:http://update.feifeikan.com/Fphone/version_new.txt
06-06 23:44:42.662 D/DownloadCompleteReceiver(14063): updateEx mServerVerstion:
06-06 23:44:42.982 I/brcm-gr (  658): [gralloc_lock]: new usage 0x903
06-06 23:44:42.982 I/brcm-gr (  658): [gralloc_lock]: new usage 0x930
06-06 23:44:42.982 I/brcm-gr (  658): [gralloc_lock]: new usage 0x933
06-06 23:44:42.992 D/SizeAdaptiveLayout(  459): com.android.internal.widget.SizeAdaptiveLayout@43064338child view android.widget.RelativeLayout@434e4250 measured out of bounds at 124px clamped to 128px
06-06 23:44:42.992 D/SizeAdaptiveLayout(  459): com.android.internal.widget.SizeAdaptiveLayout@43064338child view android.widget.RelativeLayout@434e4250 measured out of bounds at 124px clamped to 128px
06-06 23:44:43.162 D/dalvikvm( 3479): GC_FOR_ALLOC freed 1309K, 44% free 12606K/22147K, paused 34ms, total 39ms
06-06 23:44:43.212 D/[TCP_SERVER](13944): Session local:/127.0.0.1:10201 remote:/127.0.0.1:37233@Dispatching 105 bytes data to uplayer
06-06 23:44:43.212 D/[TCP_SERVER](13944): Session local:/127.0.0.1:10201 remote:/127.0.0.1:37232@Dispatching 105 bytes data to uplayer
06-06 23:44:43.242 D/dalvikvm(  381): GC_CONCURRENT freed 1132K, 44% free 15591K/27395K, paused 3ms+6ms, total 68ms
06-06 23:44:43.832 D/[TCP_SERVER](13944): Session local:/127.0.0.1:10201 remote:/127.0.0.1:37234@Dispatching 99 bytes data to uplayer
06-06 23:44:43.902 W/System.err(11826): org.apache.http.conn.ConnectTimeoutException: Connect to /42.62.20.170:9638 timed out
06-06 23:44:43.902 W/System.err(11826): 	at org.apache.http.conn.scheme.PlainSocketFactory.connectSocket(PlainSocketFactory.java:121)
06-06 23:44:43.902 W/System.err(11826): 	at org.apache.http.impl.conn.DefaultClientConnectionOperator.openConnection(DefaultClientConnectionOperator.java:144)
06-06 23:44:43.902 W/System.err(11826): 	at org.apache.http.impl.conn.AbstractPoolEntry.open(AbstractPoolEntry.java:164)
06-06 23:44:43.902 W/System.err(11826): 	at org.apache.http.impl.conn.AbstractPooledConnAdapter.open(AbstractPooledConnAdapter.java:119)
06-06 23:44:43.902 W/System.err(11826): 	at org.apache.http.impl.client.DefaultRequestDirector.execute(DefaultRequestDirector.java:360)
06-06 23:44:43.902 W/System.err(11826): 	at org.apache.http.impl.client.AbstractHttpClient.execute(AbstractHttpClient.java:555)
06-06 23:44:43.902 W/System.err(11826): 	at org.apache.http.impl.client.AbstractHttpClient.execute(AbstractHttpClient.java:487)
06-06 23:44:43.902 W/System.err(11826): 	at org.apache.http.impl.client.AbstractHttpClient.execute(AbstractHttpClient.java:465)
06-06 23:44:43.902 W/System.err(11826): 	at com.kugou.android.backprocess.d.aa.a(Unknown Source)
06-06 23:44:43.902 W/System.err(11826): 	at com.kugou.android.backprocess.d.aa.b(Unknown Source)
06-06 23:44:43.902 W/System.err(11826): 	at com.kugou.android.backprocess.d.aa.a(Unknown Source)
06-06 23:44:43.902 W/System.err(11826): 	at com.kugou.android.backprocess.d.aa.a(Unknown Source)
06-06 23:44:43.902 W/System.err(11826): 	at com.kugou.a.a.ai.a(Unknown Source)
06-06 23:44:43.902 W/System.err(11826): 	at com.kugou.android.activity.rn.handleMessage(Unknown Source)
06-06 23:44:43.902 W/System.err(11826): 	at android.os.Handler.dispatchMessage(Handler.java:99)
06-06 23:44:43.902 W/System.err(11826): 	at android.os.Looper.loop(Looper.java:137)
06-06 23:44:43.912 W/System.err(11826): 	at com.kugou.android.activity.bu.run(Unknown Source)
06-06 23:44:43.912 W/System.err(11826): 	at java.lang.Thread.run(Thread.java:856)
06-06 23:44:43.932 W/System.err(11826): org.apache.http.conn.ConnectTimeoutException: Connect to /42.62.20.170:9638 timed out
06-06 23:44:43.932 W/System.err(11826): 	at org.apache.http.conn.scheme.PlainSocketFactory.connectSocket(PlainSocketFactory.java:121)
06-06 23:44:43.932 W/System.err(11826): 	at org.apache.http.impl.conn.DefaultClientConnectionOperator.openConnection(DefaultClientConnectionOperator.java:144)
06-06 23:44:43.932 W/System.err(11826): 	at org.apache.http.impl.conn.AbstractPoolEntry.open(AbstractPoolEntry.java:164)
06-06 23:44:43.932 W/System.err(11826): 	at org.apache.http.impl.conn.AbstractPooledConnAdapter.open(AbstractPooledConnAdapter.java:119)
06-06 23:44:43.932 W/System.err(11826): 	at org.apache.http.impl.client.DefaultRequestDirector.execute(DefaultRequestDirector.java:360)
06-06 23:44:43.932 W/System.err(11826): 	at org.apache.http.impl.client.AbstractHttpClient.execute(AbstractHttpClient.java:555)
06-06 23:44:43.932 W/System.err(11826): 	at org.apache.http.impl.client.AbstractHttpClient.execute(AbstractHttpClient.java:487)
06-06 23:44:43.932 W/System.err(11826): 	at org.apache.http.impl.client.AbstractHttpClient.execute(AbstractHttpClient.java:465)
06-06 23:44:43.932 W/System.err(11826): 	at com.kugou.android.backprocess.d.aa.a(Unknown Source)
06-06 23:44:43.932 W/System.err(11826): 	at com.kugou.android.backprocess.d.aa.b(Unknown Source)
06-06 23:44:43.932 W/System.err(11826): 	at com.kugou.android.backprocess.d.aa.a(Unknown Source)
06-06 23:44:43.942 W/System.err(11826): 	at com.kugou.android.backprocess.d.aa.a(Unknown Source)
06-06 23:44:43.942 W/System.err(11826): 	at com.kugou.a.a.ai.a(Unknown Source)
06-06 23:44:43.942 W/System.err(11826): 	at com.kugou.android.activity.rn.handleMessage(Unknown Source)
06-06 23:44:43.942 W/System.err(11826): 	at android.os.Handler.dispatchMessage(Handler.java:99)
06-06 23:44:43.942 W/System.err(11826): 	at android.os.Looper.loop(Looper.java:137)
06-06 23:44:43.942 W/System.err(11826): 	at com.kugou.android.activity.bu.run(Unknown Source)
06-06 23:44:43.942 W/System.err(11826): 	at java.lang.Thread.run(Thread.java:856)
06-06 23:44:44.672 D/StatusBar.NetworkControllerDS(  459): updateTelephonySignalStrength: !hasService()
06-06 23:44:44.692 D/StatusBar.NetworkControllerDS(  459): updateTelephonySignalStrength: !hasService()
06-06 23:44:46.002 I/brcm-gr (  658): [gralloc_lock]: new usage 0x903
06-06 23:44:46.002 I/brcm-gr (  658): [gralloc_lock]: new usage 0x930
06-06 23:44:46.002 I/brcm-gr (  658): [gralloc_lock]: new usage 0x933
06-06 23:44:46.592 E/GTalkService(  895): connectionClosed: no XMPPConnection - That's strange!
06-06 23:44:46.602 D/ConnectivityService(  381): reportNetworkCondition(1, 0)
06-06 23:44:46.602 D/ConnectivityService(  381): handleMessage msg.what=104
06-06 23:44:46.602 D/ConnectivityService(  381): handleInetConditionChange: net=1, condition=0,mActiveDefaultNetwork=1
06-06 23:44:46.602 D/ConnectivityService(  381): handleInetConditionChange: starting a change hold
06-06 23:44:47.502 D/[TCP_SERVER](13944): Session local:/127.0.0.1:10201 remote:/127.0.0.1:37235@Dispatching 162 bytes data to uplayer
06-06 23:44:47.532 D/dalvikvm(13944): GC_CONCURRENT freed 1989K, 37% free 10236K/16003K, paused 5ms+5ms, total 42ms
06-06 23:44:48.232 D/[TCP_SERVER](13944): Session local:/127.0.0.1:10201 remote:/127.0.0.1:37236@Dispatching 105 bytes data to uplayer
06-06 23:44:48.232 D/[TCP_SERVER](13944): Session local:/127.0.0.1:10201 remote:/127.0.0.1:37237@Dispatching 105 bytes data to uplayer
06-06 23:44:48.672 W/System.err(14063): java.net.UnknownHostException: Unable to resolve host "update.coship.com": No address associated with hostname
06-06 23:44:48.672 W/System.err(14063): 	at java.net.InetAddress.lookupHostByName(InetAddress.java:424)
06-06 23:44:48.672 W/System.err(14063): 	at java.net.InetAddress.getAllByNameImpl(InetAddress.java:236)
06-06 23:44:48.672 W/System.err(14063): 	at java.net.InetAddress.getAllByName(InetAddress.java:214)
06-06 23:44:48.672 W/System.err(14063): 	at libcore.net.http.HttpConnection.<init>(HttpConnection.java:70)
06-06 23:44:48.672 W/System.err(14063): 	at libcore.net.http.HttpConnection.<init>(HttpConnection.java:50)
06-06 23:44:48.672 W/System.err(14063): 	at libcore.net.http.HttpConnection$Address.connect(HttpConnection.java:341)
06-06 23:44:48.672 W/System.err(14063): 	at libcore.net.http.HttpConnectionPool.get(HttpConnectionPool.java:87)
06-06 23:44:48.682 W/System.err(14063): 	at libcore.net.http.HttpConnection.connect(HttpConnection.java:128)
06-06 23:44:48.682 W/System.err(14063): 	at libcore.net.http.HttpEngine.openSocketConnection(HttpEngine.java:315)
06-06 23:44:48.682 W/System.err(14063): 	at libcore.net.http.HttpEngine.connect(HttpEngine.java:310)
06-06 23:44:48.682 W/System.err(14063): 	at libcore.net.http.HttpEngine.sendSocketRequest(HttpEngine.java:289)
06-06 23:44:48.682 W/System.err(14063): 	at libcore.net.http.HttpEngine.sendRequest(HttpEngine.java:239)
06-06 23:44:48.682 W/System.err(14063): 	at libcore.net.http.HttpURLConnectionImpl.getResponse(HttpURLConnectionImpl.java:273)
06-06 23:44:48.682 W/System.err(14063): 	at libcore.net.http.HttpURLConnectionImpl.getResponseCode(HttpURLConnectionImpl.java:486)
06-06 23:44:48.682 W/System.err(14063): 	at com.android.settings.DownloadCompleteReceiver.getNetVersion(DownloadCompleteReceiver.java:546)
06-06 23:44:48.682 W/System.err(14063): 	at com.android.settings.DownloadCompleteReceiver$3.run(DownloadCompleteReceiver.java:360)
06-06 23:44:48.682 W/System.err(14063): 	at java.lang.Thread.run(Thread.java:856)
06-06 23:44:48.682 W/System.err(14063): Caused by: libcore.io.GaiException: getaddrinfo failed: EAI_NODATA (No address associated with hostname)
06-06 23:44:48.682 W/System.err(14063): 	at libcore.io.Posix.getaddrinfo(Native Method)
06-06 23:44:48.682 W/System.err(14063): 	at libcore.io.ForwardingOs.getaddrinfo(ForwardingOs.java:55)
06-06 23:44:48.682 W/System.err(14063): 	at java.net.InetAddress.lookupHostByName(InetAddress.java:405)
06-06 23:44:48.682 W/System.err(14063): 	... 16 more
06-06 23:44:48.682 W/System.err(14063): Caused by: libcore.io.ErrnoException: getaddrinfo failed: ETIMEDOUT (Connection timed out)
06-06 23:44:48.682 W/System.err(14063): 	... 19 more
06-06 23:44:48.682 D/DownloadCompleteReceiver(14063): coship mServerVerstion:
06-06 23:44:48.852 D/[TCP_SERVER](13944): Session local:/127.0.0.1:10201 remote:/127.0.0.1:37238@Dispatching 99 bytes data to uplayer
06-06 23:44:49.022 I/brcm-gr (  658): [gralloc_lock]: new usage 0x903
06-06 23:44:49.022 I/brcm-gr (  658): [gralloc_lock]: new usage 0x930
06-06 23:44:49.022 I/brcm-gr (  658): [gralloc_lock]: new usage 0x933
06-06 23:44:49.532 I/brcm-gr (  381): [gralloc_lock]: new usage 0x903
06-06 23:44:49.532 I/brcm-gr (  381): [gralloc_lock]: new usage 0x930
06-06 23:44:49.552 I/brcm-gr (  381): [gralloc_lock]: new usage 0x933
06-06 23:44:49.592 W/ActivityManager(  381):   Force finishing activity com.coship.momokan/.ReflectionActivity
06-06 23:44:49.602 D/ConnectivityService(  381): handleMessage msg.what=105
06-06 23:44:49.602 D/ConnectivityService(  381): handleInetConditionHoldEnd: net=1, condition=0, published condition=0
06-06 23:44:49.602 D/ConnectivityService(  381): sendStickyBroadcast: action=android.net.conn.INET_CONDITION_ACTION
06-06 23:44:49.632 I/ActivityManager(  381): Killing ProcessRecord{4266fb20 13802:com.coship.momokan/1000}: user's request
06-06 23:44:49.652 I/brcm-gr (  381): [gralloc_lock]: new usage 0x903
06-06 23:44:49.652 I/brcm-gr (  381): [gralloc_lock]: new usage 0x930
06-06 23:44:49.652 I/brcm-gr (  381): [gralloc_lock]: new usage 0x933
06-06 23:44:49.662 D/KeyguardViewMediator(  381): setHidden false
06-06 23:44:49.662 D/StatusBar.NetworkControllerDS(  459): updateConnectivity: intent=Intent { act=android.net.conn.INET_CONDITION_ACTION flg=0x8000010 (has extras) }
06-06 23:44:49.662 D/StatusBar.NetworkControllerDS(  459): updateConnectivity: networkInfo=NetworkInfo: type: WIFI[], state: CONNECTED/CONNECTED, reason: (unspecified), extra: (none), roaming: false, failover: false, isAvailable: true
06-06 23:44:49.662 D/StatusBar.NetworkControllerDS(  459): updateConnectivity: connectionStatus=0
06-06 23:44:49.662 D/StatusBar.NetworkControllerDS(  459): updateTelephonySignalStrength: !hasService()
06-06 23:44:49.662 D/StatusBar.NetworkControllerDS(  459): updateTelephonySignalStrength: !hasService()
06-06 23:44:49.672 D/KeyguardViewMediator(  381): setHidden false
06-06 23:44:49.672 V/AudioFlinger(  118): 13802 died, releasing its sessions
06-06 23:44:49.672 V/AudioFlinger(  118):  pid 546 @ 0
06-06 23:44:49.672 V/AudioFlinger(  118):  pid 546 @ 1
06-06 23:44:49.672 V/AudioFlinger(  118):  pid 14503 @ 2
06-06 23:44:49.672 V/AudioFlinger(  118):  pid 381 @ 3
06-06 23:44:49.672 V/AudioFlinger(  118):  pid 381 @ 4
06-06 23:44:49.672 V/AudioFlinger(  118):  pid 13802 @ 5
06-06 23:44:49.672 V/AudioPolicyManagerBase(  118): releaseOutput() 2
06-06 23:44:49.672 V/AudioFlinger(  118):  removing entry for pid 13802 session 1002
06-06 23:44:49.672 V/AudioFlinger(  118): remove track (4100) and delete from mixer
06-06 23:44:49.672 V/AudioFlinger(  118):  pid 13802 @ 5
06-06 23:44:49.672 V/AudioFlinger(  118): PlaybackThread::Track destructor
06-06 23:44:49.672 V/AudioFlinger(  118):  removing entry for pid 13802 session 1005
06-06 23:44:49.672 V/AudioFlinger(  118):  pid 13802 @ 5
06-06 23:44:49.672 V/AudioFlinger(  118):  removing entry for pid 13802 session 1006
06-06 23:44:49.672 V/AudioFlinger(  118):  pid 118 @ 5
06-06 23:44:49.672 V/AudioFlinger(  118):  pid 3479 @ 6
06-06 23:44:49.672 V/AudioFlinger(  118): purging stale effects
06-06 23:44:49.672 V/AudioPolicyManagerBase(  118): releaseOutput() 2
06-06 23:44:49.672 V/AudioFlinger(  118): remove track (4103) and delete from mixer
06-06 23:44:49.672 V/AudioFlinger(  118): PlaybackThread::Track destructor
06-06 23:44:49.672 V/AudioFlinger(  118): removeClient_l() pid 13802, tid 726, calling tid 118
06-06 23:44:49.672 D/KeyguardViewMediator(  381): setHidden false
06-06 23:44:49.672 I/WindowState(  381): WIN DEATH: Window{425faca8 SurfaceView paused=false}
06-06 23:44:49.672 I/ActivityManager(  381): Process com.coship.momokan (pid 13802) has died.
06-06 23:44:49.672 D/StatusBar.NetworkControllerDS(  459): updateTelephonySignalStrength: !hasService()
06-06 23:44:49.672 I/WindowState(  381): WIN DEATH: Window{42437b98 com.coship.momokan/com.coship.momokan.ReflectionActivity paused=true}
06-06 23:44:49.692 I/WindowState(  381): WIN DEATH: Window{42d30240 com.coship.momokan/com.coship.momokan.HomeActivity paused=false}
06-06 23:44:49.702 D/KeyguardViewMediator(  381): setHidden false
06-06 23:44:49.702 D/KeyguardViewMediator(  381): setHidden false
06-06 23:44:49.702 D/StatusBar.NetworkControllerDS(  459): updateTelephonySignalStrength: !hasService()
06-06 23:44:49.702 I/ActivityManager(  381): Start proc com.coship.momokan for activity com.coship.momokan/.HomeActivity: pid=15475 uid=1000 gids={3003, 1015, 3002, 3001, 1028}
06-06 23:44:49.712 D/KeyguardViewMediator(  381): setHidden false
06-06 23:44:49.732 D/KeyguardViewMediator(  381): setHidden false
06-06 23:44:49.742 E/Trace   (15475): error opening trace file: No such file or directory (2)
06-06 23:44:49.832 D/dalvikvm(15475): GC_FOR_ALLOC freed 149K, 27% free 11008K/14915K, paused 26ms, total 26ms
06-06 23:44:49.842 I/dalvikvm-heap(15475): Grow heap (frag case) to 17.899MB for 3686416-byte allocation
06-06 23:44:49.862 D/dalvikvm(15475): GC_CONCURRENT freed 1K, 22% free 14607K/18563K, paused 2ms+3ms, total 23ms
06-06 23:44:49.862 D/dalvikvm(15475): WAIT_FOR_CONCURRENT_GC blocked 11ms
06-06 23:44:49.892 D/dalvikvm(15475): GC_FOR_ALLOC freed <1K, 20% free 16413K/20419K, paused 20ms, total 20ms
06-06 23:44:49.912 I/dalvikvm-heap(15475): Grow heap (frag case) to 26.703MB for 7384336-byte allocation
06-06 23:44:49.912 D/KeyguardViewMediator(  381): setHidden false
06-06 23:44:49.922 D/KeyguardViewMediator(  381): setHidden false
06-06 23:44:49.922 D/KeyguardViewMediator(  381): setHidden false
06-06 23:44:49.952 D/dalvikvm(15475): GC_CONCURRENT freed <1K, 15% free 23624K/27651K, paused 17ms+3ms, total 44ms
06-06 23:44:50.072 D/dalvikvm(15475): GC_FOR_ALLOC freed 1806K, 21% free 23016K/28931K, paused 18ms, total 18ms
06-06 23:44:50.102 D/dalvikvm(15475): GC_FOR_ALLOC freed <1K, 15% free 24813K/28931K, paused 17ms, total 17ms
06-06 23:44:50.112 I/dalvikvm-heap(15475): Grow heap (frag case) to 34.885MB for 7361296-byte allocation
06-06 23:44:50.152 D/dalvikvm(15475): GC_CONCURRENT freed 0K, 12% free 32002K/36163K, paused 14ms+3ms, total 39ms
06-06 23:44:50.272 D/OtODeviceAdapter(15475): createMdnsUtils -> begin
06-06 23:44:50.312 D/dalvikvm(15475): GC_CONCURRENT freed 2217K, 16% free 31861K/37827K, paused 2ms+3ms, total 27ms
06-06 23:44:50.312 D/dalvikvm(15475): WAIT_FOR_CONCURRENT_GC blocked 21ms
06-06 23:44:50.312 D/dalvikvm(15475): WAIT_FOR_CONCURRENT_GC blocked 18ms
06-06 23:44:50.322 D/OtODeviceAdapter(15475): addresses=/192.168.18.101
06-06 23:44:50.332 D/NetTransportUtil(15475): isWifiDisabletrue
06-06 23:44:50.332 D/UpgradeUtils(15475): checkForUpdate: 
06-06 23:44:50.342 I/AwesomePlayer(  118): AwesomePlayer: AWESOME LATENESS 40000 ms
06-06 23:44:50.352 D/NetTransportUtil(15475): isWifiDisabletrue
06-06 23:44:50.362 D/HomeActivity(15475): MSG_SEARCH_START
06-06 23:44:50.362 D/OtODeviceAdapter(15475): searchRemoteDevicesThread -> begin
06-06 23:44:50.412 W/HomeActivity(15475): scanWifi() begin
06-06 23:44:50.412 E/HomeActivity(15475): wifiUtil.getmWifiInfo()=SSID: 8c:21:0a:d8:07:0a , BSSID: 8c:21:0a:d8:07:0a, MAC: 00:90:4c:78:03:ff, Supplicant state: COMPLETED, RSSI: -28, Link speed: 54, Net ID: 11, Metered hint: false
06-06 23:44:50.412 W/HomeActivity(15475): scanWifi() end
06-06 23:44:50.422 E/WiFiDirectBroadcastReceiver(15475): Device: Android_1860
06-06 23:44:50.422 E/WiFiDirectBroadcastReceiver(15475):  deviceAddress: 02:90:4c:78:03:ff
06-06 23:44:50.422 E/WiFiDirectBroadcastReceiver(15475):  primary type: 10-0050F204-5
06-06 23:44:50.422 E/WiFiDirectBroadcastReceiver(15475):  secondary type: null
06-06 23:44:50.422 E/WiFiDirectBroadcastReceiver(15475):  wps: 0
06-06 23:44:50.422 E/WiFiDirectBroadcastReceiver(15475):  grpcapab: 0
06-06 23:44:50.422 E/WiFiDirectBroadcastReceiver(15475):  devcapab: 0
06-06 23:44:50.422 E/WiFiDirectBroadcastReceiver(15475):  status: 3
06-06 23:44:50.432 D/dalvikvm(15475): GC_CONCURRENT freed 1391K, 15% free 32518K/37827K, paused 44ms+4ms, total 71ms
06-06 23:44:50.432 D/dalvikvm(15475): WAIT_FOR_CONCURRENT_GC blocked 20ms
06-06 23:44:50.442 D/dalvikvm(15475): WAIT_FOR_CONCURRENT_GC blocked 23ms
06-06 23:44:50.442 E/WiFiDirectBroadcastReceiver(15475): NETWORK_STATE_CHANGED_ACTION= CONNECTED
06-06 23:44:50.442 D/dalvikvm(15475): WAIT_FOR_CONCURRENT_GC blocked 24ms
06-06 23:44:50.442 D/OtODeviceAdapter(15475): createMdnsUtils -> end
06-06 23:44:50.442 D/NetTransportUtil(15475): wifi status:CONNECTED
06-06 23:44:50.452 D/NetTransportUtil(15475): wifi isAvailable:true
06-06 23:44:50.452 E/HomeActivity(15475): No devices found.
06-06 23:44:50.452 D/HomeActivity(15475): Retry: 1
06-06 23:44:50.462 D/KeyguardViewMediator(  381): setHidden false
06-06 23:44:50.492 D/OtODeviceAdapter(15475): searchRemoteDevicesByMDNS -> begin
06-06 23:44:50.502 D/libEGL  (15475): loaded /vendor/lib/egl/libGLES_vc4.so
06-06 23:44:50.502 D/        (15475): SpyHook inactive - could not find libspyhook.so [Symbol not found: ] or not enabled (debug.egl.hw.spy = 0)
06-06 23:44:50.512 W/khrn_client(15475): init_window num_buffers 3 min undequeued buffers 1 type 1
06-06 23:44:50.512 W/khrn_client(15475): init_window window 0x5caf1010, 1280x720 hintTransform 0x4 do_pre 1
06-06 23:44:50.512 W/khrn_client(15475): init_window using gl pre-rotation, set size and transform to 720x1280 0x5
06-06 23:44:50.522 W/gl_server(15475): setting initial viewport with draw 720x1280 transposed
06-06 23:44:50.522 D/OpenGLRenderer(15475): Enabling debug mode 0
06-06 23:44:50.522 W/InputMethodManagerService(  381): Got RemoteException sending setActive(false) notification to pid 13802 uid 1000
06-06 23:44:50.532 D/OtODeviceAdapter(15475): mdnsUtilList size = 1
06-06 23:44:50.752 D/KeyguardViewMediator(  381): setHidden false
06-06 23:44:50.752 I/ActivityManager(  381): Displayed com.coship.momokan/.HomeActivity: +1s68ms
06-06 23:44:50.762 D/KeyguardViewMediator(  381): setHidden false
06-06 23:44:50.772 D/KeyguardViewMediator(  381): setHidden false
06-06 23:44:50.772 D/KeyguardViewMediator(  381): setHidden false
06-06 23:44:50.782 D/[TCP_SERVER](13944): Session local:/127.0.0.1:10201 remote:/127.0.0.1:37239@Dispatching 149 bytes data to uplayer
06-06 23:44:50.962 D/dalvikvm(15475): GC_CONCURRENT freed 1988K, 15% free 32608K/38339K, paused 3ms+9ms, total 55ms
06-06 23:44:51.082 D/KeyguardViewMediator(  381): setHidden false
06-06 23:44:51.082 D/KeyguardViewMediator(  381): setHidden false
06-06 23:44:51.542 D/HomeActivity(15475):  ------:: onDeviceChanged() -> begin
06-06 23:44:51.542 D/HomeActivity(15475):  ------:: onDeviceChanged() -> end
06-06 23:44:51.542 D/OtODeviceAdapter(15475): <<<<<<<<<<<<<<,  name=0901 address=192.168.18.102
06-06 23:44:51.542 D/HomeActivity(15475):  ------:: onDeviceChanged() -> begin
06-06 23:44:51.542 D/HomeActivity(15475):  ------:: onDeviceChanged() -> end
06-06 23:44:51.542 D/OtODeviceAdapter(15475): <<<<<<<<<<<<<<,  name=sm2000 address=192.168.18.105
06-06 23:44:51.542 D/OtODeviceAdapter(15475): searchRemoteDevicesByMDNS -> begin
06-06 23:44:51.542 E/OtODeviceAdapter(15475):  >>>>>>>>>>>>>>begin search devices. 
06-06 23:44:51.542 D/OtODeviceAdapter(15475): searchRemoteDevicesByMDNS -> begin
06-06 23:44:51.572 D/OtODeviceAdapter(15475): mdnsUtilList size = 1
06-06 23:44:51.582 D/OtODeviceAdapter(15475): <<<<<<<<<<<<<<,  name=0901 address=192.168.18.102
06-06 23:44:51.582 D/OtODeviceAdapter(15475): <<<<<<<<<<<<<<,  name=sm2000 address=192.168.18.105
06-06 23:44:51.582 D/OtODeviceAdapter(15475): searchRemoteDevicesByMDNS -> begin
06-06 23:44:51.582 E/OtODeviceAdapter(15475): <<<<<<<<<<<<<<,search Device end.
06-06 23:44:52.052 I/brcm-gr (  658): [gralloc_lock]: new usage 0x903
06-06 23:44:52.052 I/brcm-gr (  658): [gralloc_lock]: new usage 0x930
06-06 23:44:52.052 I/brcm-gr (  658): [gralloc_lock]: new usage 0x933
06-06 23:44:52.542 D/HomeActivity(15475): MSG_DEVICE_CHANGED, DeviceList size:2
06-06 23:44:52.552 D/AudioPolicyManagerALSA(  118): getOutput: stream=3, samplingRate=0, format=0, channels=0x3,flags=0 mPhoneState=0
06-06 23:44:52.552 V/AudioPolicyManagerALSA(  118): ->getDeviceForStrategy() strategy 0, fromCache 0
06-06 23:44:52.552 D/AudioPolicyManagerALSA(  118): mFmRadioStatus=0,mFmRadioSinkDev=4,device2=0
06-06 23:44:52.552 V/AudioPolicyManagerBase(  118): getOutput() stream 3, samplingRate 0, format 0, channelMask 3, flags 0
06-06 23:44:52.552 V/AudioPolicyManagerBase(  118): getOutput() returns output 2
06-06 23:44:52.552 I/AudioPolicyManagerALSA(  118): getOutput: get output =2 for stream=3, samplingRate=0, format=0, channels=0x3,flags=0 flag mPhoneState=0
06-06 23:44:52.552 V/AudioFlinger(  118): registerClient() client 0x41a3dd10, pid 15475
06-06 23:44:52.552 V/AudioFlinger(  118): sendConfigEvent() num events 1 event 0, param 0
06-06 23:44:52.552 V/AudioFlinger(  118): sendConfigEvent() num events 1 event 0, param 0
06-06 23:44:52.552 V/AudioFlinger(  118): thread 0x41ba2fa8 type 0 TID 334 waking up
06-06 23:44:52.552 V/AudioFlinger(  118): acquireWakeLock_l() AudioOut_4 status 0
06-06 23:44:52.552 V/AudioFlinger(  118): processConfigEvents() remaining events 1
06-06 23:44:52.552 V/AudioFlinger(  118): PlaybackThread::audioConfigChanged_l, thread 0x41ba2fa8, event 0, param 0
06-06 23:44:52.552 D/AudioPolicyManagerALSA(  118): getOutput: stream=3, samplingRate=0, format=0, channels=0x3,flags=0 mPhoneState=0
06-06 23:44:52.552 V/AudioPolicyManagerALSA(  118): ->getDeviceForStrategy() strategy 0, fromCache 0
06-06 23:44:52.552 D/AudioPolicyManagerALSA(  118): mFmRadioStatus=0,mFmRadioSinkDev=4,device2=0
06-06 23:44:52.552 V/AudioPolicyManagerBase(  118): getOutput() stream 3, samplingRate 0, format 0, channelMask 3, flags 0
06-06 23:44:52.552 V/AudioPolicyManagerBase(  118): getOutput() returns output 2
06-06 23:44:52.552 I/AudioPolicyManagerALSA(  118): getOutput: get output =2 for stream=3, samplingRate=0, format=0, channels=0x3,flags=0 flag mPhoneState=0
06-06 23:44:52.552 D/AudioPolicyManagerALSA(  118): getOutput: stream=3, samplingRate=44100, format=1, channels=0x1,flags=4 mPhoneState=0
06-06 23:44:52.552 V/AudioPolicyManagerALSA(  118): ->getDeviceForStrategy() strategy 0, fromCache 0
06-06 23:44:52.552 D/AudioPolicyManagerALSA(  118): mFmRadioStatus=0,mFmRadioSinkDev=4,device2=0
06-06 23:44:52.552 V/AudioPolicyManagerALSA(  118): getOutputsFor44K() device 0x8 mOutputs.size()=2
06-06 23:44:52.552 V/AudioPolicyManagerALSA(  118): ->getDeviceForStrategy() strategy 0, fromCache 0
06-06 23:44:52.552 D/AudioPolicyManagerALSA(  118): mFmRadioStatus=0,mFmRadioSinkDev=4,device2=0
06-06 23:44:52.552 V/AudioPolicyManagerBase(  118): getOutput() stream 3, samplingRate 44100, format 1, channelMask 1, flags 4
06-06 23:44:52.552 V/AudioPolicyManagerBase(  118): getOutput() returns output 2
06-06 23:44:52.552 I/AudioPolicyManagerALSA(  118): getOutput: get output =2 for stream=3, samplingRate=44100, format=1, channels=0x1,flags=4 flag mPhoneState=0
06-06 23:44:52.552 V/AudioFlinger(  118): createTrack() sessionId: 0
06-06 23:44:52.552 V/AudioFlinger(  118): createTrack() lSessionId: 1008
06-06 23:44:52.552 V/AudioFlinger(  118): AUDIO_OUTPUT_FLAG_FAST denied: isTimed=0 sharedBuffer=0x0 frameCount=7526 mFrameCount=2048 format=1 isLinear=1 channelMask=1 sampleRate=44100 mSampleRate=48000 hasFastMixer=0 tid=15511 fastTrackAvailMask=0xfe
06-06 23:44:52.552 V/AudioFlinger(  118): Track constructor name 4100, calling pid 15475
06-06 23:44:52.552 V/AudioFlinger(  118): acquiring 1008 from 15475
06-06 23:44:52.552 V/AudioFlinger(  118):  added new entry for 1008
06-06 23:44:52.552 V/AudioFlinger(  118): start(4100), calling pid 15475 session 1008
06-06 23:44:52.552 V/AudioFlinger(  118): ? => ACTIVE (4100) on thread 0x41a17b00
06-06 23:44:52.552 V/AudioPolicyManagerBase(  118): startOutput() output 2, stream 3, session 1008
06-06 23:44:52.552 V/AudioPolicyManagerBase(  118): changeRefCount() stream 3, count 3
06-06 23:44:52.552 I/AudioPolicyManagerALSA(  118): refcount 3 handle 2
06-06 23:44:52.552 I/AudioPolicyManagerALSA(  118): startOutput musicStreamCount = 3
06-06 23:44:52.552 V/AudioFlinger(  118): mWaitWorkCV.broadcast
06-06 23:44:52.552 D/SoundUtil(15475): playDeviceChangedSound
06-06 23:44:52.552 D/KeyguardViewMediator(  381): setHidden false
06-06 23:44:52.552 V/AudioFlinger(  118): processConfigEvents() remaining events 1
06-06 23:44:52.552 V/AudioFlinger(  118): PlaybackThread::audioConfigChanged_l, thread 0x41b957e0, event 0, param 0
06-06 23:44:52.562 D/HomeActivity(15475):  ------:: position=0index=0
06-06 23:44:52.562 D/HomeActivity(15475):  ------:: position=0 getCount()=2
06-06 23:44:52.562 D/HomeActivity(15475):  ------:: remote.name=com.coship.protocol.adapter.oto.OtODevice@4290b410 remote.addr=192.168.18.102 getCount()=2
06-06 23:44:52.572 D/HomeActivity(15475):  ------:: position=1index=1
06-06 23:44:52.572 D/HomeActivity(15475):  ------:: position=1 getCount()=2
06-06 23:44:52.572 D/HomeActivity(15475):  ------:: remote.name=com.coship.protocol.adapter.oto.OtODevice@42909cc0 remote.addr=192.168.18.105 getCount()=2
06-06 23:44:52.602 D/HomeActivity(15475): MSG_DEVICE_CHANGED, DeviceList size:2
06-06 23:44:52.612 D/AudioPolicyManagerALSA(  118): getOutput: stream=3, samplingRate=0, format=0, channels=0x3,flags=0 mPhoneState=0
06-06 23:44:52.612 V/AudioPolicyManagerALSA(  118): ->getDeviceForStrategy() strategy 0, fromCache 0
06-06 23:44:52.612 D/AudioPolicyManagerALSA(  118): mFmRadioStatus=0,mFmRadioSinkDev=4,device2=0
06-06 23:44:52.612 V/AudioPolicyManagerBase(  118): getOutput() stream 3, samplingRate 0, format 0, channelMask 3, flags 0
06-06 23:44:52.612 V/AudioPolicyManagerBase(  118): getOutput() returns output 2
06-06 23:44:52.612 I/AudioPolicyManagerALSA(  118): getOutput: get output =2 for stream=3, samplingRate=0, format=0, channels=0x3,flags=0 flag mPhoneState=0
06-06 23:44:52.612 D/AudioPolicyManagerALSA(  118): getOutput: stream=3, samplingRate=0, format=0, channels=0x3,flags=0 mPhoneState=0
06-06 23:44:52.612 V/AudioPolicyManagerALSA(  118): ->getDeviceForStrategy() strategy 0, fromCache 0
06-06 23:44:52.612 D/AudioPolicyManagerALSA(  118): mFmRadioStatus=0,mFmRadioSinkDev=4,device2=0
06-06 23:44:52.612 V/AudioPolicyManagerBase(  118): getOutput() stream 3, samplingRate 0, format 0, channelMask 3, flags 0
06-06 23:44:52.612 V/AudioPolicyManagerBase(  118): getOutput() returns output 2
06-06 23:44:52.612 I/AudioPolicyManagerALSA(  118): getOutput: get output =2 for stream=3, samplingRate=0, format=0, channels=0x3,flags=0 flag mPhoneState=0
06-06 23:44:52.612 D/AudioPolicyManagerALSA(  118): getOutput: stream=3, samplingRate=44100, format=1, channels=0x1,flags=4 mPhoneS