06-06 23:37:24.282 D/StatusBar.NetworkControllerDS(  459): updateTelephonySignalStrength: !hasService()
06-06 23:37:24.362 D/ConnectivityService(  381): resetting DNS cache for wlan0
06-06 23:37:24.362 D/ConnectivityService(  381): sendStickyBroadcast: action=android.net.conn.CONNECTIVITY_CHANGE_IMMEDIATE
06-06 23:37:24.372 V/NetworkPolicy(  381): ensureActiveMobilePolicyLocked()
06-06 23:37:24.372 V/NetworkPolicy(  381): updateNetworkEnabledLocked()
06-06 23:37:24.372 D/NetworkPolicy(  381): setNetworkTemplateEnabled(): match rule = 1
06-06 23:37:24.372 V/NetworkPolicy(  381): updateIfacesLocked()
06-06 23:37:24.372 D/MobileDataStateTracker(  381): default: getNetworkInfo(): simId = 0
06-06 23:37:24.372 D/MobileDataStateTracker(  381): mms: getNetworkInfo(): simId = 0
06-06 23:37:24.372 D/MobileDataStateTracker(  381): supl: getNetworkInfo(): simId = 0
06-06 23:37:24.372 D/MobileDataStateTracker(  381): hipri: getNetworkInfo(): simId = 0
06-06 23:37:24.372 D/MobileDataStateTracker(  381): fota: getNetworkInfo(): simId = 0
06-06 23:37:24.372 D/MobileDataStateTracker(  381): ims: getNetworkInfo(): simId = 0
06-06 23:37:24.372 D/MobileDataStateTracker(  381): cbs: getNetworkInfo(): simId = 0
06-06 23:37:24.372 V/NetworkPolicy(  381): updateNotificationsLocked()
06-06 23:37:24.382 D/ConnectivityService(  381): sendStickyBroadcastDelayed: delayMs=3000, action=android.net.conn.CONNECTIVITY_CHANGE
06-06 23:37:24.382 D/ConnectivityService(  381): handleMessage msg.what=1
06-06 23:37:24.382 D/ConnectivityService(  381): ConnectivityChange for WIFI: DISCONNECTED/DISCONNECTED
06-06 23:37:24.382 D/MobileDataStateTracker(  381): default: getNetworkInfo(): simId = 0
06-06 23:37:24.382 D/ConnectivityService(  381): Attempting to switch to checkTracker.reconnect(); 
06-06 23:37:24.382 D/MobileDataStateTracker(  381): default: setEnableApn(): apnType = default, enable = true, mEnableApnSimId = 0
06-06 23:37:24.382 D/MobileDataStateTracker(  381): default: setEnableApn(): data prefer = 0
06-06 23:37:24.382 D/MobileDataStateTracker(  381): default: setEnableApn(): mEnableApnSimId = 0
06-06 23:37:24.382 D/ConnectivityService(  381): Attempting to switch to mobile
06-06 23:37:24.382 D/ConnectivityService(  381): Attempting to switch to checkTracker.reconnect(); 
06-06 23:37:24.382 D/ConnectivityService(  381): Attempting to switch to BLUETOOTH_TETHER
06-06 23:37:24.382 D/ConnectivityService(  381): Attempting to switch to checkTracker.reconnect(); 
06-06 23:37:24.382 D/ConnectivityService(  381): Attempting to switch to ETHERNET
06-06 23:37:24.382 D/MobileDataStateTracker(  381): default: getNetworkInfo(): simId = 0
06-06 23:37:24.382 D/MobileDataStateTracker(  381): mms: getNetworkInfo(): simId = 0
06-06 23:37:24.382 D/MobileDataStateTracker(  381): supl: getNetworkInfo(): simId = 0
06-06 23:37:24.382 D/MobileDataStateTracker(  381): hipri: getNetworkInfo(): simId = 0
06-06 23:37:24.382 D/MobileDataStateTracker(  381): fota: getNetworkInfo(): simId = 0
06-06 23:37:24.382 D/MobileDataStateTracker(  381): ims: getNetworkInfo(): simId = 0
06-06 23:37:24.382 D/MobileDataStateTracker(  381): cbs: getNetworkInfo(): simId = 0
06-06 23:37:24.382 D/ConnectivityService(  381): handleConnectivityChange: changed linkProperty[1]: doReset=true resetMask=3
06-06 23:37:24.382 D/ConnectivityService(  381):   curLp=null
06-06 23:37:24.382 D/ConnectivityService(  381):   newLp= null
06-06 23:37:24.382 D/ConnectivityService(  381): resetConnections(wlan0, 3)
06-06 23:37:24.482 D/MobileDataStateTracker(  381): default: getNetworkInfo(): simId = 0
06-06 23:37:24.482 D/MobileDataStateTracker(  381): mms: getNetworkInfo(): simId = 0
06-06 23:37:24.482 D/MobileDataStateTracker(  381): supl: getNetworkInfo(): simId = 0
06-06 23:37:24.482 D/MobileDataStateTracker(  381): hipri: getNetworkInfo(): simId = 0
06-06 23:37:24.482 D/MobileDataStateTracker(  381): fota: getNetworkInfo(): simId = 0
06-06 23:37:24.482 D/MobileDataStateTracker(  381): ims: getNetworkInfo(): simId = 0
06-06 23:37:24.482 D/MobileDataStateTracker(  381): cbs: getNetworkInfo(): simId = 0
06-06 23:37:24.482 V/NetworkPolicy(  381): updateNetworkEnabledLocked()
06-06 23:37:24.482 D/NetworkPolicy(  381): setNetworkTemplateEnabled(): match rule = 1
06-06 23:37:24.482 V/NetworkPolicy(  381): updateNotificationsLocked()
06-06 23:37:24.522 D/ConnectivityService(  381): reportNetworkCondition(1, 0)
06-06 23:37:24.582 D/ConnectivityService(  381): sendStickyBroadcast: action=android.net.conn.CONNECTIVITY_CHANGE_IMMEDIATE
06-06 23:37:24.592 V/NetworkPolicy(  381): ensureActiveMobilePolicyLocked()
06-06 23:37:24.592 V/NetworkPolicy(  381): updateNetworkEnabledLocked()
06-06 23:37:24.592 D/NetworkPolicy(  381): setNetworkTemplateEnabled(): match rule = 1
06-06 23:37:24.592 V/NetworkPolicy(  381): updateIfacesLocked()
06-06 23:37:24.592 D/MobileDataStateTracker(  381): default: getNetworkInfo(): simId = 0
06-06 23:37:24.592 D/MobileDataStateTracker(  381): mms: getNetworkInfo(): simId = 0
06-06 23:37:24.592 D/MobileDataStateTracker(  381): supl: getNetworkInfo(): simId = 0
06-06 23:37:24.592 D/MobileDataStateTracker(  381): hipri: getNetworkInfo(): simId = 0
06-06 23:37:24.592 D/MobileDataStateTracker(  381): fota: getNetworkInfo(): simId = 0
06-06 23:37:24.592 D/MobileDataStateTracker(  381): ims: getNetworkInfo(): simId = 0
06-06 23:37:24.592 D/MobileDataStateTracker(  381): cbs: getNetworkInfo(): simId = 0
06-06 23:37:24.592 V/NetworkPolicy(  381): updateNotificationsLocked()
06-06 23:37:24.592 D/ConnectivityService(  381): sendStickyBroadcastDelayed: delayMs=3000, action=android.net.conn.CONNECTIVITY_CHANGE
06-06 23:37:24.592 D/ConnectivityService(  381): handleMessage msg.what=104
06-06 23:37:24.592 D/ConnectivityService(  381): handleInetConditionChange: no active default network - ignore
06-06 23:37:24.602 D/MobileDataStateTracker(  381): default: getNetworkInfo(): simId = 0
06-06 23:37:24.602 D/MobileDataStateTracker(  381): mms: getNetworkInfo(): simId = 0
06-06 23:37:24.602 D/MobileDataStateTracker(  381): supl: getNetworkInfo(): simId = 0
06-06 23:37:24.602 D/MobileDataStateTracker(  381): hipri: getNetworkInfo(): simId = 0
06-06 23:37:24.602 D/MobileDataStateTracker(  381): fota: getNetworkInfo(): simId = 0
06-06 23:37:24.612 D/MobileDataStateTracker(  381): ims: getNetworkInfo(): simId = 0
06-06 23:37:24.612 D/MobileDataStateTracker(  381): cbs: getNetworkInfo(): simId = 0
06-06 23:37:24.612 V/NetworkPolicy(  381): updateNetworkEnabledLocked()
06-06 23:37:24.612 D/NetworkPolicy(  381): setNetworkTemplateEnabled(): match rule = 1
06-06 23:37:24.612 V/NetworkPolicy(  381): updateNotificationsLocked()
06-06 23:37:26.442 D/ConnectivityService(  381): handleMessage msg.what=1
06-06 23:37:26.442 D/ConnectivityService(  381): ConnectivityChange for WIFI: CONNECTING/OBTAINING_IPADDR
06-06 23:37:26.442 D/ConnectivityService(  381): handleMessage msg.what=1
06-06 23:37:26.442 D/ConnectivityService(  381): ConnectivityChange for WIFI: CONNECTING/OBTAINING_IPADDR
06-06 23:37:27.382 D/ConnectivityService(  381): handleMessage msg.what=112
06-06 23:37:27.382 D/ConnectivityService(  381): sendStickyBroadcast: action=android.net.conn.CONNECTIVITY_CHANGE
06-06 23:37:27.392 D/StatusBar.NetworkControllerDS(  459): updateConnectivity: intent=Intent { act=android.net.conn.CONNECTIVITY_CHANGE flg=0x8000010 (has extras) }
06-06 23:37:27.392 D/MobileDataStateTracker(  381): default: getNetworkInfo(): simId = 0
06-06 23:37:27.392 D/StatusBar.NetworkControllerDS(  459): updateConnectivity: networkInfo=null
06-06 23:37:27.392 D/StatusBar.NetworkControllerDS(  459): updateConnectivity: connectionStatus=0
06-06 23:37:27.392 D/StatusBar.NetworkControllerDS(  459): updateTelephonySignalStrength: !hasService()
06-06 23:37:27.392 D/StatusBar.NetworkControllerDS(  459): updateTelephonySignalStrength: !hasService()
06-06 23:37:27.412 D/MobileDataStateTracker(  381): default: getNetworkInfo(): simId = 0
06-06 23:37:27.472 D/MobileDataStateTracker(  381): default: getNetworkInfo(): simId = 0
06-06 23:37:27.502 W/SocketClient(  112): write error (Broken pipe)
06-06 23:37:27.592 D/ConnectivityService(  381): handleMessage msg.what=112
06-06 23:37:27.592 D/ConnectivityService(  381): sendStickyBroadcast: action=android.net.conn.CONNECTIVITY_CHANGE
06-06 23:37:27.602 D/StatusBar.NetworkControllerDS(  459): updateConnectivity: intent=Intent { act=android.net.conn.CONNECTIVITY_CHANGE flg=0x8000010 (has extras) }
06-06 23:37:27.612 D/StatusBar.NetworkControllerDS(  459): updateConnectivity: networkInfo=null
06-06 23:37:27.612 D/StatusBar.NetworkControllerDS(  459): updateConnectivity: connectionStatus=0
06-06 23:37:27.612 D/StatusBar.NetworkControllerDS(  459): updateTelephonySignalStrength: !hasService()
06-06 23:37:27.612 D/StatusBar.NetworkControllerDS(  459): updateTelephonySignalStrength: !hasService()
06-06 23:37:27.612 D/MobileDataStateTracker(  381): default: getNetworkInfo(): simId = 0
06-06 23:37:27.612 D/MobileDataStateTracker(  381): default: getNetworkInfo(): simId = 0
06-06 23:37:27.662 D/MobileDataStateTracker(  381): default: getNetworkInfo(): simId = 0
06-06 23:37:29.282 D/StatusBar.NetworkControllerDS(  459): updateTelephonySignalStrength: !hasService()
06-06 23:37:29.282 D/StatusBar.NetworkControllerDS(  459): updateTelephonySignalStrength: !hasService()
06-06 23:37:34.282 D/StatusBar.NetworkControllerDS(  459): updateTelephonySignalStrength: !hasService()
06-06 23:37:34.282 D/StatusBar.NetworkControllerDS(  459): updateTelephonySignalStrength: !hasService()
06-06 23:37:34.952 D/ConnectivityService(  381): handleMessage msg.what=1
06-06 23:37:34.952 D/ConnectivityService(  381): ConnectivityChange for WIFI: CONNECTED/CONNECTED
06-06 23:37:34.952 D/ConnectivityService(  381): Setting TCP values: [524288,1048576,2097152,262144,524288,1048576] which comes from [net.tcp.buffersize.wifi]
06-06 23:37:34.962 D/ConnectivityService(  381): adding dns 192.168.0.1 for WIFI
06-06 23:37:34.982 D/ConnectivityService(  381): handleConnectivityChange: changed linkProperty[1]: doReset=false resetMask=0
06-06 23:37:34.982 D/ConnectivityService(  381):    curLp=null
06-06 23:37:34.982 D/ConnectivityService(  381):    newLp=InterfaceName: wlan0 LinkAddresses: [192.168.0.142/24,] Routes: [0.0.0.0/0 -> 192.168.0.1,] DnsAddresses: [192.168.0.1,] HttpProxy: [ProxyProperties.mHost == null] 
06-06 23:37:34.982 D/ConnectivityService(  381): Adding 192.168.0.1/32 -> 0.0.0.0 for interface wlan0
06-06 23:37:34.982 D/ConnectivityService(  381): Adding 0.0.0.0/0 -> 192.168.0.1 for interface wlan0
06-06 23:37:34.992 D/ConnectivityService(  381): resetting DNS cache for wlan0
06-06 23:37:34.992 D/ConnectivityService(  381): sendStickyBroadcast: action=android.net.conn.CONNECTIVITY_CHANGE_IMMEDIATE
06-06 23:37:35.002 V/NetworkPolicy(  381): ensureActiveMobilePolicyLocked()
06-06 23:37:35.002 V/NetworkPolicy(  381): updateNetworkEnabledLocked()
06-06 23:37:35.002 D/NetworkPolicy(  381): setNetworkTemplateEnabled(): match rule = 1
06-06 23:37:35.002 V/NetworkPolicy(  381): updateIfacesLocked()
06-06 23:37:35.002 D/MobileDataStateTracker(  381): default: getNetworkInfo(): simId = 0
06-06 23:37:35.002 D/MobileDataStateTracker(  381): mms: getNetworkInfo(): simId = 0
06-06 23:37:35.002 D/MobileDataStateTracker(  381): supl: getNetworkInfo(): simId = 0
06-06 23:37:35.002 D/MobileDataStateTracker(  381): hipri: getNetworkInfo(): simId = 0
06-06 23:37:35.002 D/MobileDataStateTracker(  381): fota: getNetworkInfo(): simId = 0
06-06 23:37:35.002 D/MobileDataStateTracker(  381): ims: getNetworkInfo(): simId = 0
06-06 23:37:35.002 D/MobileDataStateTracker(  381): cbs: getNetworkInfo(): simId = 0
06-06 23:37:35.012 V/NetworkPolicy(  381): updateNotificationsLocked()
06-06 23:37:35.012 D/ConnectivityService(  381): sendStickyBroadcastDelayed: delayMs=3000, action=android.net.conn.CONNECTIVITY_CHANGE
06-06 23:37:35.012 D/ConnectivityService(  381): handleMessage msg.what=1
06-06 23:37:35.012 D/ConnectivityService(  381): ConnectivityChange for WIFI: CONNECTED/CONNECTED
06-06 23:37:35.012 D/ConnectivityService(  381): Setting TCP values: [524288,1048576,2097152,262144,524288,1048576] which comes from [net.tcp.buffersize.wifi]
06-06 23:37:35.012 D/ConnectivityService(  381): handleConnectivityChange: changed linkProperty[1]: doReset=false resetMask=0
06-06 23:37:35.012 D/ConnectivityService(  381):    curLp=InterfaceName: wlan0 LinkAddresses: [192.168.0.142/24,] Routes: [0.0.0.0/0 -> 192.168.0.1,] DnsAddresses: [192.168.0.1,] HttpProxy: [ProxyProperties.mHost == null] 
06-06 23:37:35.012 D/ConnectivityService(  381):    newLp=InterfaceName: wlan0 LinkAddresses: [192.168.0.142/24,] Routes: [0.0.0.0/0 -> 192.168.0.1,] DnsAddresses: [192.168.0.1,] HttpProxy: [ProxyProperties.mHost == null] 
06-06 23:37:35.012 D/ConnectivityService(  381): handleConnectivityChange: address are the same reset per doReset linkProperty[1]: resetMask=0
06-06 23:37:35.012 D/ConnectivityService(  381): sendStickyBroadcast: action=android.net.conn.CONNECTIVITY_CHANGE_IMMEDIATE
06-06 23:37:35.022 D/ConnectivityService(  381): sendStickyBroadcastDelayed: delayMs=3000, action=android.net.conn.CONNECTIVITY_CHANGE
06-06 23:37:35.022 D/MobileDataStateTracker(  381): default: getNetworkInfo(): simId = 0
06-06 23:37:35.022 D/MobileDataStateTracker(  381): mms: getNetworkInfo(): simId = 0
06-06 23:37:35.022 D/MobileDataStateTracker(  381): supl: getNetworkInfo(): simId = 0
06-06 23:37:35.022 D/MobileDataStateTracker(  381): hipri: getNetworkInfo(): simId = 0
06-06 23:37:35.022 D/MobileDataStateTracker(  381): fota: getNetworkInfo(): simId = 0
06-06 23:37:35.022 D/MobileDataStateTracker(  381): ims: getNetworkInfo(): simId = 0
06-06 23:37:35.022 D/MobileDataStateTracker(  381): cbs: getNetworkInfo(): simId = 0
06-06 23:37:35.022 V/NetworkPolicy(  381): ensureActiveMobilePolicyLocked()
06-06 23:37:35.022 V/NetworkPolicy(  381): updateNetworkEnabledLocked()
06-06 23:37:35.022 D/NetworkPolicy(  381): setNetworkTemplateEnabled(): match rule = 1
06-06 23:37:35.022 V/NetworkPolicy(  381): updateIfacesLocked()
06-06 23:37:35.022 D/MobileDataStateTracker(  381): default: getNetworkInfo(): simId = 0
06-06 23:37:35.022 D/MobileDataStateTracker(  381): mms: getNetworkInfo(): simId = 0
06-06 23:37:35.022 D/MobileDataStateTracker(  381): supl: getNetworkInfo(): simId = 0
06-06 23:37:35.022 D/MobileDataStateTracker(  381): hipri: getNetworkInfo(): simId = 0
06-06 23:37:35.022 D/MobileDataStateTracker(  381): fota: getNetworkInfo(): simId = 0
06-06 23:37:35.022 D/MobileDataStateTracker(  381): ims: getNetworkInfo(): simId = 0
06-06 23:37:35.022 D/MobileDataStateTracker(  381): cbs: getNetworkInfo(): simId = 0
06-06 23:37:35.022 V/NetworkPolicy(  381): updateNotificationsLocked()
06-06 23:37:35.022 V/NetworkPolicy(  381): updateNetworkEnabledLocked()
06-06 23:37:35.022 D/NetworkPolicy(  381): setNetworkTemplateEnabled(): match rule = 1
06-06 23:37:35.022 V/NetworkPolicy(  381): updateNotificationsLocked()
06-06 23:37:35.032 D/MobileDataStateTracker(  381): default: getNetworkInfo(): simId = 0
06-06 23:37:35.032 D/MobileDataStateTracker(  381): mms: getNetworkInfo(): simId = 0
06-06 23:37:35.032 D/MobileDataStateTracker(  381): supl: getNetworkInfo(): simId = 0
06-06 23:37:35.032 D/MobileDataStateTracker(  381): hipri: getNetworkInfo(): simId = 0
06-06 23:37:35.032 D/MobileDataStateTracker(  381): fota: getNetworkInfo(): simId = 0
06-06 23:37:35.032 D/MobileDataStateTracker(  381): ims: getNetworkInfo(): simId = 0
06-06 23:37:35.032 D/MobileDataStateTracker(  381): cbs: getNetworkInfo(): simId = 0
06-06 23:37:35.032 V/NetworkPolicy(  381): updateNetworkEnabledLocked()
06-06 23:37:35.032 D/NetworkPolicy(  381): setNetworkTemplateEnabled(): match rule = 1
06-06 23:37:35.032 V/NetworkPolicy(  381): updateNotificationsLocked()
06-06 23:37:35.952 D/ConnectivityService(  381): handleMessage msg.what=108
06-06 23:37:35.952 D/ConnectivityService(  381): NetTransition Wakelock for WifiStateMachine released by timeout
06-06 23:37:36.012 D/ConnectivityService(  381): handleMessage msg.what=108
06-06 23:37:36.222 I/ActivityManager(  381): START {act=android.intent.action.MAIN cat=[android.intent.category.HOME] flg=0x10200000 cmp=com.android.launcher/com.android.launcher2.Launcher u=0} from pid 381
06-06 23:37:38.012 D/ConnectivityService(  381): handleMessage msg.what=112
06-06 23:37:38.012 D/ConnectivityService(  381): sendStickyBroadcast: action=android.net.conn.CONNECTIVITY_CHANGE
06-06 23:37:38.022 D/ConnectivityService(  381): handleMessage msg.what=112
06-06 23:37:38.022 D/ConnectivityService(  381): sendStickyBroadcast: action=android.net.conn.CONNECTIVITY_CHANGE
06-06 23:37:38.022 D/MobileDataStateTracker(  381): default: getNetworkInfo(): simId = 0
06-06 23:37:38.042 D/StatusBar.NetworkControllerDS(  459): updateConnectivity: intent=Intent { act=android.net.conn.CONNECTIVITY_CHANGE flg=0x8000010 (has extras) }
06-06 23:37:38.052 D/StatusBar.NetworkControllerDS(  459): updateConnectivity: networkInfo=NetworkInfo: type: WIFI[], state: CONNECTED/CONNECTED, reason: (unspecified), extra: (none), roaming: false, failover: false, isAvailable: true
06-06 23:37:38.052 D/StatusBar.NetworkControllerDS(  459): updateConnectivity: connectionStatus=0
06-06 23:37:38.052 D/StatusBar.NetworkControllerDS(  459): updateTelephonySignalStrength: !hasService()
06-06 23:37:38.052 D/StatusBar.NetworkControllerDS(  459): updateTelephonySignalStrength: !hasService()
06-06 23:37:38.052 D/StatusBar.NetworkControllerDS(  459): updateConnectivity: intent=Intent { act=android.net.conn.CONNECTIVITY_CHANGE flg=0x8000010 (has extras) }
06-06 23:37:38.052 D/StatusBar.NetworkControllerDS(  459): updateConnectivity: networkInfo=NetworkInfo: type: WIFI[], state: CONNECTED/CONNECTED, reason: (unspecified), extra: (none), roaming: false, failover: false, isAvailable: true
06-06 23:37:38.052 D/StatusBar.NetworkControllerDS(  459): updateConnectivity: connectionStatus=0
06-06 23:37:38.052 D/StatusBar.NetworkControllerDS(  459): updateTelephonySignalStrength: !hasService()
06-06 23:37:38.052 D/StatusBar.NetworkControllerDS(  459): updateTelephonySignalStrength: !hasService()
06-06 23:37:38.062 D/MobileDataStateTracker(  381): default: getNetworkInfo(): simId = 0
06-06 23:37:38.082 D/MobileDataStateTracker(  381): default: getNetworkInfo(): simId = 0
06-06 23:37:38.082 D/MobileDataStateTracker(  381): default: getNetworkInfo(): simId = 0
06-06 23:37:38.172 D/MobileDataStateTracker(  381): default: getNetworkInfo(): simId = 0
06-06 23:37:38.492 D/MobileDataStateTracker(  381): default: getNetworkInfo(): simId = 0
06-06 23:37:38.802 D/ConnectivityService(  381): reportNetworkCondition(1, 100)
06-06 23:37:38.802 D/ConnectivityService(  381): handleMessage msg.what=104
06-06 23:37:38.802 D/ConnectivityService(  381): handleInetConditionChange: net=1, condition=100,mActiveDefaultNetwork=1
06-06 23:37:38.802 D/ConnectivityService(  381): handleInetConditionChange: starting a change hold
06-06 23:37:38.952 I/ActivityManager(  381): START {act=android.intent.action.MAIN cat=[android.intent.category.LAUNCHER] flg=0x10200000 cmp=com.coship.momokan/.HomeActivity bnds=[360,834][532,1028] u=0} from pid 537
06-06 23:37:39.022 I/ActivityManager(  381): Config changed: {1.0 0mcc0mnc zh_CN sw360dp w640dp h340dp nrml long land finger -keyb/v/h -nav/h s.397}
06-06 23:37:39.302 D/ConnectivityService(  381): handleMessage msg.what=105
06-06 23:37:39.302 D/ConnectivityService(  381): handleInetConditionHoldEnd: net=1, condition=100, published condition=0
06-06 23:37:39.302 D/ConnectivityService(  381): sendStickyBroadcast: action=android.net.conn.INET_CONDITION_ACTION
06-06 23:37:39.322 D/StatusBar.NetworkControllerDS(  459): updateTelephonySignalStrength: !hasService()
06-06 23:37:39.332 D/StatusBar.NetworkControllerDS(  459): updateTelephonySignalStrength: !hasService()
06-06 23:37:39.332 D/StatusBar.NetworkControllerDS(  459): updateConnectivity: intent=Intent { act=android.net.conn.INET_CONDITION_ACTION flg=0x8000010 (has extras) }
06-06 23:37:39.352 D/StatusBar.NetworkControllerDS(  459): updateConnectivity: networkInfo=NetworkInfo: type: WIFI[], state: CONNECTED/CONNECTED, reason: (unspecified), extra: (none), roaming: false, failover: false, isAvailable: true
06-06 23:37:39.352 D/StatusBar.NetworkControllerDS(  459): updateConnectivity: connectionStatus=100
06-06 23:37:39.352 D/StatusBar.NetworkControllerDS(  459): updateTelephonySignalStrength: !hasService()
06-06 23:37:39.352 D/StatusBar.NetworkControllerDS(  459): updateTelephonySignalStrength: !hasService()
06-06 23:37:44.332 D/StatusBar.NetworkControllerDS(  459): updateTelephonySignalStrength: !hasService()
06-06 23:37:44.332 D/StatusBar.NetworkControllerDS(  459): updateTelephonySignalStrength: !hasService()
06-06 23:37:49.332 D/StatusBar.NetworkControllerDS(  459): updateTelephonySignalStrength: !hasService()
06-06 23:37:49.332 D/StatusBar.NetworkControllerDS(  459): updateTelephonySignalStrength: !hasService()
06-06 23:37:54.332 D/StatusBar.NetworkControllerDS(  459): updateTelephonySignalStrength: !hasService()
06-06 23:37:54.332 D/StatusBar.NetworkControllerDS(  459): updateTelephonySignalStrength: !hasService()
06-06 23:37:59.332 D/StatusBar.NetworkControllerDS(  459): updateTelephonySignalStrength: !hasService()
06-06 23:37:59.332 D/StatusBar.NetworkControllerDS(  459): updateTelephonySignalStrength: !hasService()
06-06 23:38:04.332 D/StatusBar.NetworkControllerDS(  459): updateTelephonySignalStrength: !hasService()
06-06 23:38:04.332 D/StatusBar.NetworkControllerDS(  459): updateTelephonySignalStrength: !hasService()
06-06 23:38:09.342 D/StatusBar.NetworkControllerDS(  459): updateTelephonySignalStrength: !hasService()
06-06 23:38:09.342 D/StatusBar.NetworkControllerDS(  459): updateTelephonySignalStrength: !hasService()
06-06 23:38:14.342 D/StatusBar.NetworkControllerDS(  459): updateTelephonySignalStrength: !hasService()
06-06 23:38:14.342 D/StatusBar.NetworkControllerDS(  459): updateTelephonySignalStrength: !hasService()
06-06 23:38:19.342 D/StatusBar.NetworkControllerDS(  459): updateTelephonySignalStrength: !hasService()
06-06 23:38:19.342 D/StatusBar.NetworkControllerDS(  459): updateTelephonySignalStrength: !hasService()
06-06 23:38:23.772 I/ActivityManager(  381): START {flg=0x30440000 cmp=com.kugou.android/.backprocess.activity.LockScreenActivity u=0} from pid 3479
06-06 23:38:23.782 I/ActivityManager(  381): Config changed: {1.0 0mcc0mnc zh_CN sw360dp w360dp h620dp nrml long port finger -keyb/v/h -nav/h s.398}
06-06 23:38:24.252 D/ConnectivityService(  381): handleMessage msg.what=108
06-06 23:38:24.342 D/StatusBar.NetworkControllerDS(  459): updateTelephonySignalStrength: !hasService()
06-06 23:38:24.342 D/StatusBar.NetworkControllerDS(  459): updateTelephonySignalStrength: !hasService()
06-06 23:38:28.782 W/WindowManager(  381): App freeze timeout expired.
06-06 23:38:28.802 D/PhoneStatusBar(  459): disable: < expand icons alerts ticker system_info back home RECENT* clock >
06-06 23:38:29.342 D/StatusBar.NetworkControllerDS(  459): updateTelephonySignalStrength: !hasService()
06-06 23:38:29.342 D/StatusBar.NetworkControllerDS(  459): updateTelephonySignalStrength: !hasService()
06-06 23:38:29.472 W/WindowManager(  381): Aborted waiting for drawn: Window{423cdf40 Keyguard paused=false}
06-06 23:38:29.472 I/WindowManager(  381): Lock screen displayed!
06-06 23:38:30.672 I/ActivityManager(  381): Config changed: {1.0 0mcc0mnc zh_CN sw360dp w640dp h340dp nrml long land finger -keyb/v/h -nav/h s.399}
06-06 23:38:30.792 D/PhoneStatusBar(  459): disable: < expand icons alerts ticker system_info back home recent* clock >
06-06 23:38:31.022 D/PhoneStatusBar(  459): disable: < expand icons alerts ticker system_info BACK* HOME* recent CLOCK* >
06-06 23:38:31.042 D/PhoneStatusBar(  459): disable: < expand icons alerts ticker system_info BACK HOME RECENT* CLOCK >
06-06 23:38:31.052 D/PhoneStatusBar(  459): disable: < expand icons alerts ticker system_info BACK HOME recent* CLOCK >
06-06 23:38:31.282 D/PhoneStatusBar(  459): disable: < expand icons alerts ticker system_info back* home* recent clock* >
06-06 23:38:34.392 D/StatusBar.NetworkControllerDS(  459): updateTelephonySignalStrength: !hasService()
06-06 23:38:34.392 D/StatusBar.NetworkControllerDS(  459): updateTelephonySignalStrength: !hasService()
06-06 23:38:37.322 I/ActivityManager(  381): START {act=android.intent.action.MAIN cat=[android.intent.category.HOME] flg=0x10200000 cmp=com.android.launcher/com.android.launcher2.Launcher u=0} from pid 381
06-06 23:38:37.382 I/ActivityManager(  381): Config changed: {1.0 0mcc0mnc zh_CN sw360dp w360dp h620dp nrml long port finger -keyb/v/h -nav/h s.400}
06-06 23:38:39.182 I/ActivityManager(  381): START {act=android.intent.action.MAIN cat=[android.intent.category.LAUNCHER] flg=0x10200000 cmp=com.android.settings/.Settings bnds=[188,42][360,236] u=0} from pid 537
06-06 23:38:39.392 D/StatusBar.NetworkControllerDS(  459): updateTelephonySignalStrength: !hasService()
06-06 23:38:39.392 D/StatusBar.NetworkControllerDS(  459): updateTelephonySignalStrength: !hasService()
06-06 23:38:40.672 I/ActivityManager(  381): START {act=android.intent.action.MAIN cmp=com.android.settings/.SubSettings (has extras) u=0} from pid 14063
06-06 23:38:44.392 D/StatusBar.NetworkControllerDS(  459): updateTelephonySignalStrength: !hasService()
06-06 23:38:44.392 D/StatusBar.NetworkControllerDS(  459): updateTelephonySignalStrength: !hasService()
06-06 23:38:48.752 D/ConnectivityService(  381): handleMessage msg.what=1
06-06 23:38:48.752 D/ConnectivityService(  381): ConnectivityChange for WIFI: DISCONNECTED/DISCONNECTED
06-06 23:38:48.752 D/MobileDataStateTracker(  381): default: getNetworkInfo(): simId = 0
06-06 23:38:48.752 D/ConnectivityService(  381): Attempting to switch to checkTracker.reconnect(); 
06-06 23:38:48.752 D/MobileDataStateTracker(  381): default: setEnableApn(): apnType = default, enable = true, mEnableApnSimId = 0
06-06 23:38:48.752 D/MobileDataStateTracker(  381): default: setEnableApn(): data prefer = 0
06-06 23:38:48.752 D/MobileDataStateTracker(  381): default: setEnableApn(): mEnableApnSimId = 0
06-06 23:38:48.752 D/ConnectivityService(  381): Attempting to switch to mobile
06-06 23:38:48.752 D/ConnectivityService(  381): Attempting to switch to checkTracker.reconnect(); 
06-06 23:38:48.752 D/ConnectivityService(  381): Attempting to switch to BLUETOOTH_TETHER
06-06 23:38:48.752 D/ConnectivityService(  381): Attempting to switch to checkTracker.reconnect(); 
06-06 23:38:48.752 D/ConnectivityService(  381): Attempting to switch to ETHERNET
06-06 23:38:48.752 D/MobileDataStateTracker(  381): default: getNetworkInfo(): simId = 0
06-06 23:38:48.752 D/MobileDataStateTracker(  381): mms: getNetworkInfo(): simId = 0
06-06 23:38:48.752 D/MobileDataStateTracker(  381): supl: getNetworkInfo(): simId = 0
06-06 23:38:48.752 D/MobileDataStateTracker(  381): hipri: getNetworkInfo(): simId = 0
06-06 23:38:48.752 D/MobileDataStateTracker(  381): fota: getNetworkInfo(): simId = 0
06-06 23:38:48.752 D/MobileDataStateTracker(  381): ims: getNetworkInfo(): simId = 0
06-06 23:38:48.752 D/MobileDataStateTracker(  381): cbs: getNetworkInfo(): simId = 0
06-06 23:38:48.752 D/ConnectivityService(  381): handleConnectivityChange: changed linkProperty[1]: doReset=true resetMask=3
06-06 23:38:48.752 D/ConnectivityService(  381):   curLp=InterfaceName: wlan0 LinkAddresses: [192.168.0.142/24,] Routes: [0.0.0.0/0 -> 192.168.0.1,] DnsAddresses: [192.168.0.1,] HttpProxy: [ProxyProperties.mHost == null] 
06-06 23:38:48.752 D/ConnectivityService(  381):   newLp= null
06-06 23:38:48.752 D/ConnectivityService(  381): Removing 192.168.0.1/32 -> 0.0.0.0 for interface wlan0
06-06 23:38:48.762 E/ConnectivityService(  381): Exception trying to remove a route: java.lang.IllegalStateException: command '12117 interface route remove wlan0 default 192.168.0.1 32 0.0.0.0' failed with '400 12117 Failed to remove route from default table (No such process)'
06-06 23:38:48.762 D/ConnectivityService(  381): Removing 0.0.0.0/0 -> 192.168.0.1 for interface wlan0
06-06 23:38:48.762 E/ConnectivityService(  381): Exception trying to remove a route: java.lang.IllegalStateException: command '12118 interface route remove wlan0 default 0.0.0.0 0 192.168.0.1' failed with '400 12118 Failed to remove route from default table (No such process)'
06-06 23:38:48.762 D/ConnectivityService(  381): resetConnections(wlan0, 3)
06-06 23:38:48.892 D/ConnectivityService(  381): resetting DNS cache for wlan0
06-06 23:38:48.892 D/ConnectivityService(  381): sendStickyBroadcast: action=android.net.conn.CONNECTIVITY_CHANGE_IMMEDIATE
06-06 23:38:48.892 V/NetworkPolicy(  381): ensureActiveMobilePolicyLocked()
06-06 23:38:48.892 V/NetworkPolicy(  381): updateNetworkEnabledLocked()
06-06 23:38:48.892 D/NetworkPolicy(  381): setNetworkTemplateEnabled(): match rule = 1
06-06 23:38:48.892 V/NetworkPolicy(  381): updateIfacesLocked()
06-06 23:38:48.892 D/MobileDataStateTracker(  381): default: getNetworkInfo(): simId = 0
06-06 23:38:48.892 D/MobileDataStateTracker(  381): mms: getNetworkInfo(): simId = 0
06-06 23:38:48.892 D/MobileDataStateTracker(  381): supl: getNetworkInfo(): simId = 0
06-06 23:38:48.892 D/MobileDataStateTracker(  381): hipri: getNetworkInfo(): simId = 0
06-06 23:38:48.892 D/MobileDataStateTracker(  381): fota: getNetworkInfo(): simId = 0
06-06 23:38:48.892 D/MobileDataStateTracker(  381): ims: getNetworkInfo(): simId = 0
06-06 23:38:48.892 D/MobileDataStateTracker(  381): cbs: getNetworkInfo(): simId = 0
06-06 23:38:48.892 V/NetworkPolicy(  381): updateNotificationsLocked()
06-06 23:38:48.902 D/ConnectivityService(  381): sendStickyBroadcastDelayed: delayMs=3000, action=android.net.conn.CONNECTIVITY_CHANGE
06-06 23:38:48.902 D/ConnectivityService(  381): handleMessage msg.what=1
06-06 23:38:48.902 D/ConnectivityService(  381): ConnectivityChange for WIFI: DISCONNECTED/DISCONNECTED
06-06 23:38:48.902 D/MobileDataStateTracker(  381): default: getNetworkInfo(): simId = 0
06-06 23:38:48.902 D/ConnectivityService(  381): Attempting to switch to checkTracker.reconnect(); 
06-06 23:38:48.902 D/MobileDataStateTracker(  381): default: setEnableApn(): apnType = default, enable = true, mEnableApnSimId = 0
06-06 23:38:48.902 D/MobileDataStateTracker(  381): default: setEnableApn(): data prefer = 0
06-06 23:38:48.912 D/MobileDataStateTracker(  381): default: setEnableApn(): mEnableApnSimId = 0
06-06 23:38:48.912 D/MobileDataStateTracker(  381): default: getNetworkInfo(): simId = 0
06-06 23:38:48.912 D/MobileDataStateTracker(  381): mms: getNetworkInfo(): simId = 0
06-06 23:38:48.912 D/MobileDataStateTracker(  381): supl: getNetworkInfo(): simId = 0
06-06 23:38:48.912 D/ConnectivityService(  381): Attempting to switch to mobile
06-06 23:38:48.912 D/MobileDataStateTracker(  381): hipri: getNetworkInfo(): simId = 0
06-06 23:38:48.912 D/ConnectivityService(  381): Attempting to switch to checkTracker.reconnect(); 
06-06 23:38:48.912 D/ConnectivityService(  381): Attempting to switch to BLUETOOTH_TETHER
06-06 23:38:48.912 D/MobileDataStateTracker(  381): fota: getNetworkInfo(): simId = 0
06-06 23:38:48.912 D/MobileDataStateTracker(  381): ims: getNetworkInfo(): simId = 0
06-06 23:38:48.912 D/MobileDataStateTracker(  381): cbs: getNetworkInfo(): simId = 0
06-06 23:38:48.912 V/NetworkPolicy(  381): updateNetworkEnabledLocked()
06-06 23:38:48.912 D/NetworkPolicy(  381): setNetworkTemplateEnabled(): match rule = 1
06-06 23:38:48.912 V/NetworkPolicy(  381): updateNotificationsLocked()
06-06 23:38:48.912 D/ConnectivityService(  381): Attempting to switch to checkTracker.reconnect(); 
06-06 23:38:48.912 D/ConnectivityService(  381): Attempting to switch to ETHERNET
06-06 23:38:48.912 D/MobileDataStateTracker(  381): default: getNetworkInfo(): simId = 0
06-06 23:38:48.912 D/MobileDataStateTracker(  381): mms: getNetworkInfo(): simId = 0
06-06 23:38:48.922 D/MobileDataStateTracker(  381): supl: getNetworkInfo(): simId = 0
06-06 23:38:48.922 D/MobileDataStateTracker(  381): hipri: getNetworkInfo(): simId = 0
06-06 23:38:48.922 D/MobileDataStateTracker(  381): fota: getNetworkInfo(): simId = 0
06-06 23:38:48.922 D/MobileDataStateTracker(  381): ims: getNetworkInfo(): simId = 0
06-06 23:38:48.922 D/MobileDataStateTracker(  381): cbs: getNetworkInfo(): simId = 0
06-06 23:38:48.922 D/ConnectivityService(  381): handleConnectivityChange: changed linkProperty[1]: doReset=true resetMask=3
06-06 23:38:48.922 D/ConnectivityService(  381):   curLp=null
06-06 23:38:48.922 D/ConnectivityService(  381):   newLp= null
06-06 23:38:48.922 D/ConnectivityService(  381): resetConnections(wlan0, 3)
06-06 23:38:49.012 D/ConnectivityService(  381): reportNetworkCondition(1, 0)
06-06 23:38:49.072 D/ConnectivityService(  381): sendStickyBroadcast: action=android.net.conn.CONNECTIVITY_CHANGE_IMMEDIATE
06-06 23:38:49.072 V/NetworkPolicy(  381): ensureActiveMobilePolicyLocked()
06-06 23:38:49.072 V/NetworkPolicy(  381): updateNetworkEnabledLocked()
06-06 23:38:49.072 D/NetworkPolicy(  381): setNetworkTemplateEnabled(): match rule = 1
06-06 23:38:49.072 V/NetworkPolicy(  381): updateIfacesLocked()
06-06 23:38:49.072 D/MobileDataStateTracker(  381): default: getNetworkInfo(): simId = 0
06-06 23:38:49.072 D/MobileDataStateTracker(  381): mms: getNetworkInfo(): simId = 0
06-06 23:38:49.072 D/MobileDataStateTracker(  381): supl: getNetworkInfo(): simId = 0
06-06 23:38:49.072 D/MobileDataStateTracker(  381): hipri: getNetworkInfo(): simId = 0
06-06 23:38:49.072 D/MobileDataStateTracker(  381): fota: getNetworkInfo(): simId = 0
06-06 23:38:49.072 D/MobileDataStateTracker(  381): ims: getNetworkInfo(): simId = 0
06-06 23:38:49.072 D/MobileDataStateTracker(  381): cbs: getNetworkInfo(): simId = 0
06-06 23:38:49.072 V/NetworkPolicy(  381): updateNotificationsLocked()
06-06 23:38:49.072 D/ConnectivityService(  381): sendStickyBroadcastDelayed: delayMs=3000, action=android.net.conn.CONNECTIVITY_CHANGE
06-06 23:38:49.072 D/ConnectivityService(  381): handleMessage msg.what=104
06-06 23:38:49.072 D/ConnectivityService(  381): handleInetConditionChange: no active default network - ignore
06-06 23:38:49.082 V/NetworkPolicy(  381): updateNetworkEnabledLocked()
06-06 23:38:49.082 D/NetworkPolicy(  381): setNetworkTemplateEnabled(): match rule = 1
06-06 23:38:49.082 V/NetworkPolicy(  381): updateNotificationsLocked()
06-06 23:38:49.082 D/MobileDataStateTracker(  381): default: getNetworkInfo(): simId = 0
06-06 23:38:49.082 D/MobileDataStateTracker(  381): mms: getNetworkInfo(): simId = 0
06-06 23:38:49.082 D/MobileDataStateTracker(  381): supl: getNetworkInfo(): simId = 0
06-06 23:38:49.082 D/MobileDataStateTracker(  381): hipri: getNetworkInfo(): simId = 0
06-06 23:38:49.082 D/MobileDataStateTracker(  381): fota: getNetworkInfo(): simId = 0
06-06 23:38:49.082 D/MobileDataStateTracker(  381): ims: getNetworkInfo(): simId = 0
06-06 23:38:49.082 D/MobileDataStateTracker(  381): cbs: getNetworkInfo(): simId = 0
06-06 23:38:49.392 D/StatusBar.NetworkControllerDS(  459): updateTelephonySignalStrength: !hasService()
06-06 23:38:49.392 D/StatusBar.NetworkControllerDS(  459): updateTelephonySignalStrength: !hasService()
06-06 23:38:50.932 D/ConnectivityService(  381): handleMessage msg.what=1
06-06 23:38:50.932 D/ConnectivityService(  381): ConnectivityChange for WIFI: CONNECTING/OBTAINING_IPADDR
06-06 23:38:50.932 D/ConnectivityService(  381): handleMessage msg.what=1
06-06 23:38:50.932 D/ConnectivityService(  381): ConnectivityChange for WIFI: CONNECTING/OBTAINING_IPADDR
06-06 23:38:51.912 D/ConnectivityService(  381): handleMessage msg.what=112
06-06 23:38:51.912 D/ConnectivityService(  381): sendStickyBroadcast: action=android.net.conn.CONNECTIVITY_CHANGE
06-06 23:38:51.912 D/StatusBar.NetworkControllerDS(  459): updateConnectivity: intent=Intent { act=android.net.conn.CONNECTIVITY_CHANGE flg=0x8000010 (has extras) }
06-06 23:38:51.922 D/StatusBar.NetworkControllerDS(  459): updateConnectivity: networkInfo=null
06-06 23:38:51.922 D/StatusBar.NetworkControllerDS(  459): updateConnectivity: connectionStatus=0
06-06 23:38:51.922 D/StatusBar.NetworkControllerDS(  459): updateTelephonySignalStrength: !hasService()
06-06 23:38:51.922 D/StatusBar.NetworkControllerDS(  459): updateTelephonySignalStrength: !hasService()
06-06 23:38:51.922 D/MobileDataStateTracker(  381): default: getNetworkInfo(): simId = 0
06-06 23:38:51.932 D/MobileDataStateTracker(  381): default: getNetworkInfo(): simId = 0
06-06 23:38:51.992 D/MobileDataStateTracker(  381): default: getNetworkInfo(): simId = 0
06-06 23:38:52.072 D/ConnectivityService(  381): handleMessage msg.what=112
06-06 23:38:52.072 D/ConnectivityService(  381): sendStickyBroadcast: action=android.net.conn.CONNECTIVITY_CHANGE
06-06 23:38:52.092 D/StatusBar.NetworkControllerDS(  459): updateConnectivity: intent=Intent { act=android.net.conn.CONNECTIVITY_CHANGE flg=0x8000010 (has extras) }
06-06 23:38:52.092 D/StatusBar.NetworkControllerDS(  459): updateConnectivity: networkInfo=null
06-06 23:38:52.092 D/StatusBar.NetworkControllerDS(  459): updateConnectivity: connectionStatus=0
06-06 23:38:52.092 D/StatusBar.NetworkControllerDS(  459): updateTelephonySignalStrength: !hasService()
06-06 23:38:52.092 D/StatusBar.NetworkControllerDS(  459): updateTelephonySignalStrength: !hasService()
06-06 23:38:52.092 D/MobileDataStateTracker(  381): default: getNetworkInfo(): simId = 0
06-06 23:38:52.092 D/MobileDataStateTracker(  381): default: getNetworkInfo(): simId = 0
06-06 23:38:52.142 D/MobileDataStateTracker(  381): default: getNetworkInfo(): simId = 0
06-06 23:38:54.392 D/StatusBar.NetworkControllerDS(  459): updateTelephonySignalStrength: !hasService()
06-06 23:38:54.392 D/StatusBar.NetworkControllerDS(  459): updateTelephonySignalStrength: !hasService()
06-06 23:38:55.242 D/ConnectivityService(  381): handleMessage msg.what=1
06-06 23:38:55.242 D/ConnectivityService(  381): ConnectivityChange for WIFI: CONNECTED/CONNECTED
06-06 23:38:55.242 D/ConnectivityService(  381): Setting TCP values: [524288,1048576,2097152,262144,524288,1048576] which comes from [net.tcp.buffersize.wifi]
06-06 23:38:55.242 D/ConnectivityService(  381): adding dns 192.168.43.1 for WIFI
06-06 23:38:55.262 D/ConnectivityService(  381): handleConnectivityChange: changed linkProperty[1]: doReset=false resetMask=0
06-06 23:38:55.262 D/ConnectivityService(  381):    curLp=null
06-06 23:38:55.262 D/ConnectivityService(  381):    newLp=InterfaceName: wlan0 LinkAddresses: [192.168.43.186/24,] Routes: [0.0.0.0/0 -> 192.168.43.1,] DnsAddresses: [192.168.43.1,] HttpProxy: [ProxyProperties.mHost == null] 
06-06 23:38:55.272 D/ConnectivityService(  381): Adding 192.168.43.1/32 -> 0.0.0.0 for interface wlan0
06-06 23:38:55.272 D/ConnectivityService(  381): Adding 0.0.0.0/0 -> 192.168.43.1 for interface wlan0
06-06 23:38:55.272 D/ConnectivityService(  381): resetting DNS cache for wlan0
06-06 23:38:55.272 D/ConnectivityService(  381): sendStickyBroadcast: action=android.net.conn.CONNECTIVITY_CHANGE_IMMEDIATE
06-06 23:38:55.272 D/ConnectivityService(  381): sendStickyBroadcastDelayed: delayMs=3000, action=android.net.conn.CONNECTIVITY_CHANGE
06-06 23:38:55.272 D/ConnectivityService(  381): handleMessage msg.what=1
06-06 23:38:55.282 D/ConnectivityService(  381): ConnectivityChange for WIFI: CONNECTED/CONNECTED
06-06 23:38:55.282 D/ConnectivityService(  381): Setting TCP values: [524288,1048576,2097152,262144,524288,1048576] which comes from [net.tcp.buffersize.wifi]
06-06 23:38:55.282 V/NetworkPolicy(  381): ensureActiveMobilePolicyLocked()
06-06 23:38:55.282 V/NetworkPolicy(  381): updateNetworkEnabledLocked()
06-06 23:38:55.282 D/NetworkPolicy(  381): setNetworkTemplateEnabled(): match rule = 1
06-06 23:38:55.282 V/NetworkPolicy(  381): updateIfacesLocked()
06-06 23:38:55.282 D/MobileDataStateTracker(  381): default: getNetworkInfo(): simId = 0
06-06 23:38:55.282 D/MobileDataStateTracker(  381): mms: getNetworkInfo(): simId = 0
06-06 23:38:55.282 D/MobileDataStateTracker(  381): supl: getNetworkInfo(): simId = 0
06-06 23:38:55.282 D/MobileDataStateTracker(  381): hipri: getNetworkInfo(): simId = 0
06-06 23:38:55.282 D/MobileDataStateTracker(  381): fota: getNetworkInfo(): simId = 0
06-06 23:38:55.282 D/MobileDataStateTracker(  381): ims: getNetworkInfo(): simId = 0
06-06 23:38:55.282 D/MobileDataStateTracker(  381): cbs: getNetworkInfo(): simId = 0
06-06 23:38:55.282 V/NetworkPolicy(  381): updateNotificationsLocked()
06-06 23:38:55.292 D/ConnectivityService(  381): handleConnectivityChange: changed linkProperty[1]: doReset=false resetMask=0
06-06 23:38:55.292 D/ConnectivityService(  381):    curLp=InterfaceName: wlan0 LinkAddresses: [192.168.43.186/24,] Routes: [0.0.0.0/0 -> 192.168.43.1,] DnsAddresses: [192.168.43.1,] HttpProxy: [ProxyProperties.mHost == null] 
06-06 23:38:55.292 D/ConnectivityService(  381):    newLp=InterfaceName: wlan0 LinkAddresses: [192.168.43.186/24,] Routes: [0.0.0.0/0 -> 192.168.43.1,] DnsAddresses: [192.168.43.1,] HttpProxy: [ProxyProperties.mHost == null] 
06-06 23:38:55.292 D/ConnectivityService(  381): handleConnectivityChange: address are the same reset per doReset linkProperty[1]: resetMask=0
06-06 23:38:55.292 D/ConnectivityService(  381): sendStickyBroadcast: action=android.net.conn.CONNECTIVITY_CHANGE_IMMEDIATE
06-06 23:38:55.292 D/MobileDataStateTracker(  381): default: getNetworkInfo(): simId = 0
06-06 23:38:55.292 D/ConnectivityService(  381): sendStickyBroadcastDelayed: delayMs=3000, action=android.net.conn.CONNECTIVITY_CHANGE
06-06 23:38:55.292 D/MobileDataStateTracker(  381): mms: getNetworkInfo(): simId = 0
06-06 23:38:55.292 D/MobileDataStateTracker(  381): supl: getNetworkInfo(): simId = 0
06-06 23:38:55.292 D/MobileDataStateTracker(  381): hipri: getNetworkInfo(): simId = 0
06-06 23:38:55.292 D/MobileDataStateTracker(  381): fota: getNetworkInfo(): simId = 0
06-06 23:38:55.292 D/MobileDataStateTracker(  381): ims: getNetworkInfo(): simId = 0
06-06 23:38:55.292 D/MobileDataStateTracker(  381): cbs: getNetworkInfo(): simId = 0
06-06 23:38:55.292 V/NetworkPolicy(  381): updateNetworkEnabledLocked()
06-06 23:38:55.292 D/NetworkPolicy(  381): setNetworkTemplateEnabled(): match rule = 1
06-06 23:38:55.292 V/NetworkPolicy(  381): updateNotificationsLocked()
06-06 23:38:55.292 V/NetworkPolicy(  381): ensureActiveMobilePolicyLocked()
06-06 23:38:55.292 V/NetworkPolicy(  381): updateNetworkEnabledLocked()
06-06 23:38:55.292 D/NetworkPolicy(  381): setNetworkTemplateEnabled(): match rule = 1
06-06 23:38:55.292 V/NetworkPolicy(  381): updateIfacesLocked()
06-06 23:38:55.292 D/MobileDataStateTracker(  381): default: getNetworkInfo(): simId = 0
06-06 23:38:55.292 D/MobileDataStateTracker(  381): mms: getNetworkInfo(): simId = 0
06-06 23:38:55.292 D/MobileDataStateTracker(  381): supl: getNetworkInfo(): simId = 0
06-06 23:38:55.292 D/MobileDataStateTracker(  381): hipri: getNetworkInfo(): simId = 0
06-06 23:38:55.292 D/MobileDataStateTracker(  381): fota: getNetworkInfo(): simId = 0
06-06 23:38:55.292 D/MobileDataStateTracker(  381): ims: getNetworkInfo(): simId = 0
06-06 23:38:55.292 D/MobileDataStateTracker(  381): cbs: getNetworkInfo(): simId = 0
06-06 23:38:55.302 V/NetworkPolicy(  381): updateNotificationsLocked()
06-06 23:38:55.312 D/MobileDataStateTracker(  381): default: getNetworkInfo(): simId = 0
06-06 23:38:55.312 D/MobileDataStateTracker(  381): mms: getNetworkInfo(): simId = 0
06-06 23:38:55.312 D/MobileDataStateTracker(  381): supl: getNetworkInfo(): simId = 0
06-06 23:38:55.312 D/MobileDataStateTracker(  381): hipri: getNetworkInfo(): simId = 0
06-06 23:38:55.312 D/MobileDataStateTracker(  381): fota: getNetworkInfo(): simId = 0
06-06 23:38:55.312 D/MobileDataStateTracker(  381): ims: getNetworkInfo(): simId = 0
06-06 23:38:55.312 D/MobileDataStateTracker(  381): cbs: getNetworkInfo(): simId = 0
06-06 23:38:55.322 V/NetworkPolicy(  381): updateNetworkEnabledLocked()
06-06 23:38:55.322 D/NetworkPolicy(  381): setNetworkTemplateEnabled(): match rule = 1
06-06 23:38:55.322 V/NetworkPolicy(  381): updateNotificationsLocked()
06-06 23:38:56.242 D/ConnectivityService(  381): handleMessage msg.what=108
06-06 23:38:56.242 D/ConnectivityService(  381): NetTransition Wakelock for WifiStateMachine released by timeout
06-06 23:38:56.322 D/ConnectivityService(  381): handleMessage msg.what=108
06-06 23:38:58.282 D/ConnectivityService(  381): handleMessage msg.what=112
06-06 23:38:58.282 D/ConnectivityService(  381): sendStickyBroadcast: action=android.net.conn.CONNECTIVITY_CHANGE
06-06 23:38:58.282 D/StatusBar.NetworkControllerDS(  459): updateConnectivity: intent=Intent { act=android.net.conn.CONNECTIVITY_CHANGE flg=0x8000010 (has extras) }
06-06 23:38:58.292 D/StatusBar.NetworkControllerDS(  459): updateConnectivity: networkInfo=NetworkInfo: type: WIFI[], state: CONNECTED/CONNECTED, reason: (unspecified), extra: (none), roaming: false, failover: false, isAvailable: true
06-06 23:38:58.292 D/StatusBar.NetworkControllerDS(  459): updateConnectivity: connectionStatus=0
06-06 23:38:58.292 D/StatusBar.NetworkControllerDS(  459): updateTelephonySignalStrength: !hasService()
06-06 23:38:58.292 D/StatusBar.NetworkControllerDS(  459): updateTelephonySignalStrength: !hasService()
06-06 23:38:58.292 D/ConnectivityService(  381): handleMessage msg.what=112
06-06 23:38:58.292 D/ConnectivityService(  381): sendStickyBroadcast: action=android.net.conn.CONNECTIVITY_CHANGE
06-06 23:38:58.292 D/MobileDataStateTracker(  381): default: getNetworkInfo(): simId = 0
06-06 23:38:58.302 D/StatusBar.NetworkControllerDS(  459): updateConnectivity: intent=Intent { act=android.net.conn.CONNECTIVITY_CHANGE flg=0x8000010 (has extras) }
06-06 23:38:58.302 D/StatusBar.NetworkControllerDS(  459): updateConnectivity: networkInfo=NetworkInfo: type: WIFI[], state: CONNECTED/CONNECTED, reason: (unspecified), extra: (none), roaming: false, failover: false, isAvailable: true
06-06 23:38:58.302 D/StatusBar.NetworkControllerDS(  459): updateConnectivity: connectionStatus=0
06-06 23:38:58.302 D/StatusBar.NetworkControllerDS(  459): updateTelephonySignalStrength: !hasService()
06-06 23:38:58.302 D/StatusBar.NetworkControllerDS(  459): updateTelephonySignalStrength: !hasService()
06-06 23:38:58.312 D/MobileDataStateTracker(  381): default: getNetworkInfo(): simId = 0
06-06 23:38:58.322 D/MobileDataStateTracker(  381): default: getNetworkInfo(): simId = 0
06-06 23:38:58.352 D/MobileDataStateTracker(  381): default: getNetworkInfo(): simId = 0
06-06 23:38:58.432 D/MobileDataStateTracker(  381): default: getNetworkInfo(): simId = 0
06-06 23:38:58.542 D/MobileDataStateTracker(  381): default: getNetworkInfo(): simId = 0
06-06 23:38:58.922 D/ConnectivityService(  381): reportNetworkCondition(1, 100)
06-06 23:38:58.922 D/ConnectivityService(  381): handleMessage msg.what=104
06-06 23:38:58.922 D/ConnectivityService(  381): handleInetConditionChange: net=1, condition=100,mActiveDefaultNetwork=1
06-06 23:38:58.922 D/ConnectivityService(  381): handleInetConditionChange: starting a change hold
06-06 23:38:59.402 D/StatusBar.NetworkControllerDS(  459): updateTelephonySignalStrength: !hasService()
06-06 23:38:59.402 D/StatusBar.NetworkControllerDS(  459): updateTelephonySignalStrength: !hasService()
06-06 23:38:59.422 D/ConnectivityService(  381): handleMessage msg.what=105
06-06 23:38:59.422 D/ConnectivityService(  381): handleInetConditionHoldEnd: net=1, condition=100, published condition=0
06-06 23:38:59.422 D/ConnectivityService(  381): sendStickyBroadcast: action=android.net.conn.INET_CONDITION_ACTION
06-06 23:38:59.422 D/StatusBar.NetworkControllerDS(  459): updateConnectivity: intent=Intent { act=android.net.conn.INET_CONDITION_ACTION flg=0x8000010 (has extras) }
06-06 23:38:59.422 D/StatusBar.NetworkControllerDS(  459): updateConnectivity: networkInfo=NetworkInfo: type: WIFI[], state: CONNECTED/CONNECTED, reason: (unspecified), extra: (none), roaming: false, failover: false, isAvailable: true
06-06 23:38:59.422 D/StatusBar.NetworkControllerDS(  459): updateConnectivity: connectionStatus=100
06-06 23:38:59.422 D/StatusBar.NetworkControllerDS(  459): updateTelephonySignalStrength: !hasService()
06-06 23:38:59.422 D/StatusBar.NetworkControllerDS(  459): updateTelephonySignalStrength: !hasService()
06-06 23:39:04.402 D/StatusBar.NetworkControllerDS(  459): updateTelephonySignalStrength: !hasService()
06-06 23:39:04.402 D/StatusBar.NetworkControllerDS(  459): updateTelephonySignalStrength: !hasService()
06-06 23:39:09.402 D/StatusBar.NetworkControllerDS(  459): updateTelephonySignalStrength: !hasService()
06-06 23:39:09.402 D/StatusBar.NetworkControllerDS(  459): updateTelephonySignalStrength: !hasService()
06-06 23:39:09.642 D/ConnectivityService(  381): handleMessage msg.what=1
06-06 23:39:09.642 D/ConnectivityService(  381): ConnectivityChange for WIFI: DISCONNECTED/DISCONNECTED
06-06 23:39:09.642 D/MobileDataStateTracker(  381): default: getNetworkInfo(): simId = 0
06-06 23:39:09.642 D/ConnectivityService(  381): Attempting to switch to checkTracker.reconnect(); 
06-06 23:39:09.642 D/MobileDataStateTracker(  381): default: setEnableApn(): apnType = default, enable = true, mEnableApnSimId = 0
06-06 23:39:09.642 D/MobileDataStateTracker(  381): default: setEnableApn(): data prefer = 0
06-06 23:39:09.642 D/MobileDataStateTracker(  381): default: setEnableApn(): mEnableApnSimId = 0
