--------- beginning of /dev/log/system
06-06 23:25:32.492 D/MobileDataStateTracker(  381): default: setEnableApn(): data prefer = 0
06-06 23:25:32.492 D/MobileDataStateTracker(  381): default: setEnableApn(): mEnableApnSimId = 0
06-06 23:25:32.492 D/ConnectivityService(  381): Attempting to switch to mobile
06-06 23:25:32.492 D/ConnectivityService(  381): Attempting to switch to checkTracker.reconnect(); 
06-06 23:25:32.492 D/ConnectivityService(  381): Attempting to switch to BLUETOOTH_TETHER
06-06 23:25:32.492 D/ConnectivityService(  381): Attempting to switch to checkTracker.reconnect(); 
06-06 23:25:32.492 D/ConnectivityService(  381): Attempting to switch to ETHERNET
06-06 23:25:32.492 D/MobileDataStateTracker(  381): default: getNetworkInfo(): simId = 0
06-06 23:25:32.492 D/MobileDataStateTracker(  381): mms: getNetworkInfo(): simId = 0
06-06 23:25:32.492 D/MobileDataStateTracker(  381): supl: getNetworkInfo(): simId = 0
06-06 23:25:32.492 D/MobileDataStateTracker(  381): hipri: getNetworkInfo(): simId = 0
06-06 23:25:32.492 D/MobileDataStateTracker(  381): fota: getNetworkInfo(): simId = 0
06-06 23:25:32.492 D/MobileDataStateTracker(  381): ims: getNetworkInfo(): simId = 0
06-06 23:25:32.492 D/MobileDataStateTracker(  381): cbs: getNetworkInfo(): simId = 0
06-06 23:25:32.492 D/ConnectivityService(  381): handleConnectivityChange: changed linkProperty[1]: doReset=true resetMask=3
06-06 23:25:32.492 D/ConnectivityService(  381):   curLp=null
06-06 23:25:32.492 D/ConnectivityService(  381):   newLp= null
06-06 23:25:32.492 D/ConnectivityService(  381): resetConnections(wlan0, 3)
06-06 23:25:32.502 D/MobileDataStateTracker(  381): default: getNetworkInfo(): simId = 0
06-06 23:25:32.502 D/MobileDataStateTracker(  381): mms: getNetworkInfo(): simId = 0
06-06 23:25:32.502 D/MobileDataStateTracker(  381): supl: getNetworkInfo(): simId = 0
06-06 23:25:32.512 D/MobileDataStateTracker(  381): hipri: getNetworkInfo(): simId = 0
06-06 23:25:32.512 D/MobileDataStateTracker(  381): fota: getNetworkInfo(): simId = 0
06-06 23:25:32.512 D/MobileDataStateTracker(  381): ims: getNetworkInfo(): simId = 0
06-06 23:25:32.512 D/MobileDataStateTracker(  381): cbs: getNetworkInfo(): simId = 0
06-06 23:25:32.512 V/NetworkPolicy(  381): updateNetworkEnabledLocked()
06-06 23:25:32.512 D/NetworkPolicy(  381): setNetworkTemplateEnabled(): match rule = 1
06-06 23:25:32.512 V/NetworkPolicy(  381): updateNotificationsLocked()
06-06 23:25:32.592 D/ConnectivityService(  381): reportNetworkCondition(1, 0)
06-06 23:25:32.602 D/ConnectivityService(  381): sendStickyBroadcast: action=android.net.conn.CONNECTIVITY_CHANGE_IMMEDIATE
06-06 23:25:32.602 V/NetworkPolicy(  381): ensureActiveMobilePolicyLocked()
06-06 23:25:32.602 V/NetworkPolicy(  381): updateNetworkEnabledLocked()
06-06 23:25:32.602 D/NetworkPolicy(  381): setNetworkTemplateEnabled(): match rule = 1
06-06 23:25:32.602 V/NetworkPolicy(  381): updateIfacesLocked()
06-06 23:25:32.602 D/MobileDataStateTracker(  381): default: getNetworkInfo(): simId = 0
06-06 23:25:32.612 D/MobileDataStateTracker(  381): mms: getNetworkInfo(): simId = 0
06-06 23:25:32.612 D/MobileDataStateTracker(  381): supl: getNetworkInfo(): simId = 0
06-06 23:25:32.612 D/MobileDataStateTracker(  381): hipri: getNetworkInfo(): simId = 0
06-06 23:25:32.612 D/MobileDataStateTracker(  381): fota: getNetworkInfo(): simId = 0
06-06 23:25:32.612 D/MobileDataStateTracker(  381): ims: getNetworkInfo(): simId = 0
06-06 23:25:32.612 D/MobileDataStateTracker(  381): cbs: getNetworkInfo(): simId = 0
06-06 23:25:32.612 V/NetworkPolicy(  381): updateNotificationsLocked()
06-06 23:25:32.612 D/ConnectivityService(  381): sendStickyBroadcastDelayed: delayMs=3000, action=android.net.conn.CONNECTIVITY_CHANGE
06-06 23:25:32.612 D/ConnectivityService(  381): handleMessage msg.what=104
06-06 23:25:32.612 D/ConnectivityService(  381): handleInetConditionChange: no active default network - ignore
06-06 23:25:32.612 D/MobileDataStateTracker(  381): default: getNetworkInfo(): simId = 0
06-06 23:25:32.612 D/MobileDataStateTracker(  381): mms: getNetworkInfo(): simId = 0
06-06 23:25:32.622 D/MobileDataStateTracker(  381): supl: getNetworkInfo(): simId = 0
06-06 23:25:32.622 D/MobileDataStateTracker(  381): hipri: getNetworkInfo(): simId = 0
06-06 23:25:32.622 D/MobileDataStateTracker(  381): fota: getNetworkInfo(): simId = 0
06-06 23:25:32.622 D/MobileDataStateTracker(  381): ims: getNetworkInfo(): simId = 0
06-06 23:25:32.622 D/MobileDataStateTracker(  381): cbs: getNetworkInfo(): simId = 0
06-06 23:25:32.622 V/NetworkPolicy(  381): updateNetworkEnabledLocked()
06-06 23:25:32.622 D/NetworkPolicy(  381): setNetworkTemplateEnabled(): match rule = 1
06-06 23:25:32.622 V/NetworkPolicy(  381): updateNotificationsLocked()
06-06 23:25:33.022 D/StatusBar.NetworkControllerDS(  459): updateTelephonySignalStrength: !hasService()
06-06 23:25:33.022 D/StatusBar.NetworkControllerDS(  459): updateTelephonySignalStrength: !hasService()
06-06 23:25:34.542 D/ConnectivityService(  381): handleMessage msg.what=1
06-06 23:25:34.542 D/ConnectivityService(  381): ConnectivityChange for WIFI: CONNECTING/OBTAINING_IPADDR
06-06 23:25:34.552 D/ConnectivityService(  381): handleMessage msg.what=1
06-06 23:25:34.552 D/ConnectivityService(  381): ConnectivityChange for WIFI: CONNECTING/OBTAINING_IPADDR
06-06 23:25:35.492 D/ConnectivityService(  381): handleMessage msg.what=112
06-06 23:25:35.492 D/ConnectivityService(  381): sendStickyBroadcast: action=android.net.conn.CONNECTIVITY_CHANGE
06-06 23:25:35.502 D/StatusBar.NetworkControllerDS(  459): updateConnectivity: intent=Intent { act=android.net.conn.CONNECTIVITY_CHANGE flg=0x8000010 (has extras) }
06-06 23:25:35.512 D/StatusBar.NetworkControllerDS(  459): updateConnectivity: networkInfo=null
06-06 23:25:35.512 D/StatusBar.NetworkControllerDS(  459): updateConnectivity: connectionStatus=0
06-06 23:25:35.512 D/StatusBar.NetworkControllerDS(  459): updateTelephonySignalStrength: !hasService()
06-06 23:25:35.512 D/StatusBar.NetworkControllerDS(  459): updateTelephonySignalStrength: !hasService()
06-06 23:25:35.512 D/MobileDataStateTracker(  381): default: getNetworkInfo(): simId = 0
06-06 23:25:35.532 D/MobileDataStateTracker(  381): default: getNetworkInfo(): simId = 0
06-06 23:25:35.572 D/MobileDataStateTracker(  381): default: getNetworkInfo(): simId = 0
06-06 23:25:35.602 D/PhoneStatusBar(  459): addNotification score=0
06-06 23:25:35.612 D/ConnectivityService(  381): handleMessage msg.what=112
06-06 23:25:35.612 D/ConnectivityService(  381): sendStickyBroadcast: action=android.net.conn.CONNECTIVITY_CHANGE
06-06 23:25:35.612 D/MobileDataStateTracker(  381): default: getNetworkInfo(): simId = 0
06-06 23:25:35.632 D/StatusBar.NetworkControllerDS(  459): updateConnectivity: intent=Intent { act=android.net.conn.CONNECTIVITY_CHANGE flg=0x8000010 (has extras) }
06-06 23:25:35.632 D/StatusBar.NetworkControllerDS(  459): updateConnectivity: networkInfo=null
06-06 23:25:35.632 D/StatusBar.NetworkControllerDS(  459): updateConnectivity: connectionStatus=0
06-06 23:25:35.632 D/StatusBar.NetworkControllerDS(  459): updateTelephonySignalStrength: !hasService()
06-06 23:25:35.632 D/StatusBar.NetworkControllerDS(  459): updateTelephonySignalStrength: !hasService()
06-06 23:25:35.632 D/MobileDataStateTracker(  381): default: getNetworkInfo(): simId = 0
06-06 23:25:35.692 D/MobileDataStateTracker(  381): default: getNetworkInfo(): simId = 0
06-06 23:25:36.542 D/ConnectivityService(  381): handleMessage msg.what=108
06-06 23:25:38.022 D/StatusBar.NetworkControllerDS(  459): updateTelephonySignalStrength: !hasService()
06-06 23:25:38.022 D/StatusBar.NetworkControllerDS(  459): updateTelephonySignalStrength: !hasService()
06-06 23:25:41.842 D/ConnectivityService(  381): handleMessage msg.what=1
06-06 23:25:41.842 D/ConnectivityService(  381): ConnectivityChange for WIFI: CONNECTED/CONNECTED
06-06 23:25:41.842 D/ConnectivityService(  381): Setting TCP values: [524288,1048576,2097152,262144,524288,1048576] which comes from [net.tcp.buffersize.wifi]
06-06 23:25:41.852 D/ConnectivityService(  381): adding dns 192.168.0.1 for WIFI
06-06 23:25:41.872 D/ConnectivityService(  381): handleConnectivityChange: changed linkProperty[1]: doReset=false resetMask=0
06-06 23:25:41.872 D/ConnectivityService(  381):    curLp=null
06-06 23:25:41.872 D/ConnectivityService(  381):    newLp=InterfaceName: wlan0 LinkAddresses: [192.168.0.142/24,] Routes: [0.0.0.0/0 -> 192.168.0.1,] DnsAddresses: [192.168.0.1,] HttpProxy: [ProxyProperties.mHost == null] 
06-06 23:25:41.872 D/ConnectivityService(  381): Adding 192.168.0.1/32 -> 0.0.0.0 for interface wlan0
06-06 23:25:41.872 D/ConnectivityService(  381): Adding 0.0.0.0/0 -> 192.168.0.1 for interface wlan0
06-06 23:25:41.882 D/ConnectivityService(  381): resetting DNS cache for wlan0
06-06 23:25:41.882 D/ConnectivityService(  381): sendStickyBroadcast: action=android.net.conn.CONNECTIVITY_CHANGE_IMMEDIATE
06-06 23:25:41.882 V/NetworkPolicy(  381): ensureActiveMobilePolicyLocked()
06-06 23:25:41.882 V/NetworkPolicy(  381): updateNetworkEnabledLocked()
06-06 23:25:41.882 D/NetworkPolicy(  381): setNetworkTemplateEnabled(): match rule = 1
06-06 23:25:41.882 V/NetworkPolicy(  381): updateIfacesLocked()
06-06 23:25:41.882 D/MobileDataStateTracker(  381): default: getNetworkInfo(): simId = 0
06-06 23:25:41.882 D/MobileDataStateTracker(  381): mms: getNetworkInfo(): simId = 0
06-06 23:25:41.882 D/MobileDataStateTracker(  381): supl: getNetworkInfo(): simId = 0
06-06 23:25:41.882 D/MobileDataStateTracker(  381): hipri: getNetworkInfo(): simId = 0
06-06 23:25:41.882 D/MobileDataStateTracker(  381): fota: getNetworkInfo(): simId = 0
06-06 23:25:41.892 D/MobileDataStateTracker(  381): ims: getNetworkInfo(): simId = 0
06-06 23:25:41.892 D/MobileDataStateTracker(  381): cbs: getNetworkInfo(): simId = 0
06-06 23:25:41.892 V/NetworkPolicy(  381): updateNotificationsLocked()
06-06 23:25:41.892 D/ConnectivityService(  381): sendStickyBroadcastDelayed: delayMs=3000, action=android.net.conn.CONNECTIVITY_CHANGE
06-06 23:25:41.892 D/ConnectivityService(  381): handleMessage msg.what=1
06-06 23:25:41.892 D/ConnectivityService(  381): ConnectivityChange for WIFI: CONNECTED/CONNECTED
06-06 23:25:41.892 D/ConnectivityService(  381): Setting TCP values: [524288,1048576,2097152,262144,524288,1048576] which comes from [net.tcp.buffersize.wifi]
06-06 23:25:41.892 D/MobileDataStateTracker(  381): default: getNetworkInfo(): simId = 0
06-06 23:25:41.892 D/MobileDataStateTracker(  381): mms: getNetworkInfo(): simId = 0
06-06 23:25:41.892 D/MobileDataStateTracker(  381): supl: getNetworkInfo(): simId = 0
06-06 23:25:41.892 D/MobileDataStateTracker(  381): hipri: getNetworkInfo(): simId = 0
06-06 23:25:41.892 D/MobileDataStateTracker(  381): fota: getNetworkInfo(): simId = 0
06-06 23:25:41.892 D/MobileDataStateTracker(  381): ims: getNetworkInfo(): simId = 0
06-06 23:25:41.892 D/MobileDataStateTracker(  381): cbs: getNetworkInfo(): simId = 0
06-06 23:25:41.902 V/NetworkPolicy(  381): updateNetworkEnabledLocked()
06-06 23:25:41.902 D/NetworkPolicy(  381): setNetworkTemplateEnabled(): match rule = 1
06-06 23:25:41.902 V/NetworkPolicy(  381): updateNotificationsLocked()
06-06 23:25:41.902 D/ConnectivityService(  381): handleConnectivityChange: changed linkProperty[1]: doReset=false resetMask=0
06-06 23:25:41.902 D/ConnectivityService(  381):    curLp=InterfaceName: wlan0 LinkAddresses: [192.168.0.142/24,] Routes: [0.0.0.0/0 -> 192.168.0.1,] DnsAddresses: [192.168.0.1,] HttpProxy: [ProxyProperties.mHost == null] 
06-06 23:25:41.902 D/ConnectivityService(  381):    newLp=InterfaceName: wlan0 LinkAddresses: [192.168.0.142/24,] Routes: [0.0.0.0/0 -> 192.168.0.1,] DnsAddresses: [192.168.0.1,] HttpProxy: [ProxyProperties.mHost == null] 
06-06 23:25:41.902 D/ConnectivityService(  381): handleConnectivityChange: address are the same reset per doReset linkProperty[1]: resetMask=0
06-06 23:25:41.902 D/ConnectivityService(  381): sendStickyBroadcast: action=android.net.conn.CONNECTIVITY_CHANGE_IMMEDIATE
06-06 23:25:41.912 V/NetworkPolicy(  381): ensureActiveMobilePolicyLocked()
06-06 23:25:41.912 V/NetworkPolicy(  381): updateNetworkEnabledLocked()
06-06 23:25:41.912 D/NetworkPolicy(  381): setNetworkTemplateEnabled(): match rule = 1
06-06 23:25:41.912 V/NetworkPolicy(  381): updateIfacesLocked()
06-06 23:25:41.912 D/MobileDataStateTracker(  381): default: getNetworkInfo(): simId = 0
06-06 23:25:41.912 D/MobileDataStateTracker(  381): mms: getNetworkInfo(): simId = 0
06-06 23:25:41.912 D/MobileDataStateTracker(  381): supl: getNetworkInfo(): simId = 0
06-06 23:25:41.912 D/MobileDataStateTracker(  381): hipri: getNetworkInfo(): simId = 0
06-06 23:25:41.912 D/MobileDataStateTracker(  381): fota: getNetworkInfo(): simId = 0
06-06 23:25:41.912 D/MobileDataStateTracker(  381): ims: getNetworkInfo(): simId = 0
06-06 23:25:41.912 D/MobileDataStateTracker(  381): cbs: getNetworkInfo(): simId = 0
06-06 23:25:41.912 V/NetworkPolicy(  381): updateNotificationsLocked()
06-06 23:25:41.912 D/ConnectivityService(  381): sendStickyBroadcastDelayed: delayMs=3000, action=android.net.conn.CONNECTIVITY_CHANGE
06-06 23:25:41.912 D/MobileDataStateTracker(  381): default: getNetworkInfo(): simId = 0
06-06 23:25:41.912 D/MobileDataStateTracker(  381): mms: getNetworkInfo(): simId = 0
06-06 23:25:41.912 D/MobileDataStateTracker(  381): supl: getNetworkInfo(): simId = 0
06-06 23:25:41.912 D/MobileDataStateTracker(  381): hipri: getNetworkInfo(): simId = 0
06-06 23:25:41.922 D/MobileDataStateTracker(  381): fota: getNetworkInfo(): simId = 0
06-06 23:25:41.922 D/MobileDataStateTracker(  381): ims: getNetworkInfo(): simId = 0
06-06 23:25:41.922 D/MobileDataStateTracker(  381): cbs: getNetworkInfo(): simId = 0
06-06 23:25:41.922 V/NetworkPolicy(  381): updateNetworkEnabledLocked()
06-06 23:25:41.922 D/NetworkPolicy(  381): setNetworkTemplateEnabled(): match rule = 1
06-06 23:25:41.922 V/NetworkPolicy(  381): updateNotificationsLocked()
06-06 23:25:42.852 D/ConnectivityService(  381): handleMessage msg.what=108
06-06 23:25:42.852 D/ConnectivityService(  381): NetTransition Wakelock for WifiStateMachine released by timeout
06-06 23:25:42.892 D/ConnectivityService(  381): handleMessage msg.what=108
06-06 23:25:43.022 D/StatusBar.NetworkControllerDS(  459): updateTelephonySignalStrength: !hasService()
06-06 23:25:43.022 D/StatusBar.NetworkControllerDS(  459): updateTelephonySignalStrength: !hasService()
06-06 23:25:44.892 D/ConnectivityService(  381): handleMessage msg.what=112
06-06 23:25:44.892 D/ConnectivityService(  381): sendStickyBroadcast: action=android.net.conn.CONNECTIVITY_CHANGE
06-06 23:25:44.912 D/MobileDataStateTracker(  381): default: getNetworkInfo(): simId = 0
06-06 23:25:44.912 D/ConnectivityService(  381): handleMessage msg.what=112
06-06 23:25:44.912 D/ConnectivityService(  381): sendStickyBroadcast: action=android.net.conn.CONNECTIVITY_CHANGE
06-06 23:25:44.922 D/StatusBar.NetworkControllerDS(  459): updateConnectivity: intent=Intent { act=android.net.conn.CONNECTIVITY_CHANGE flg=0x8000010 (has extras) }
06-06 23:25:44.922 D/StatusBar.NetworkControllerDS(  459): updateConnectivity: networkInfo=NetworkInfo: type: WIFI[], state: CONNECTED/CONNECTED, reason: (unspecified), extra: (none), roaming: false, failover: false, isAvailable: true
06-06 23:25:44.922 D/StatusBar.NetworkControllerDS(  459): updateConnectivity: connectionStatus=0
06-06 23:25:44.922 D/StatusBar.NetworkControllerDS(  459): updateTelephonySignalStrength: !hasService()
06-06 23:25:44.922 D/StatusBar.NetworkControllerDS(  459): updateTelephonySignalStrength: !hasService()
06-06 23:25:44.922 D/StatusBar.NetworkControllerDS(  459): updateConnectivity: intent=Intent { act=android.net.conn.CONNECTIVITY_CHANGE flg=0x8000010 (has extras) }
06-06 23:25:44.932 D/StatusBar.NetworkControllerDS(  459): updateConnectivity: networkInfo=NetworkInfo: type: WIFI[], state: CONNECTED/CONNECTED, reason: (unspecified), extra: (none), roaming: false, failover: false, isAvailable: true
06-06 23:25:44.932 D/StatusBar.NetworkControllerDS(  459): updateConnectivity: connectionStatus=0
06-06 23:25:44.932 D/StatusBar.NetworkControllerDS(  459): updateTelephonySignalStrength: !hasService()
06-06 23:25:44.932 D/StatusBar.NetworkControllerDS(  459): updateTelephonySignalStrength: !hasService()
06-06 23:25:44.932 D/MobileDataStateTracker(  381): default: getNetworkInfo(): simId = 0
06-06 23:25:44.942 D/MobileDataStateTracker(  381): default: getNetworkInfo(): simId = 0
06-06 23:25:44.952 D/MobileDataStateTracker(  381): default: getNetworkInfo(): simId = 0
06-06 23:25:45.202 D/MobileDataStateTracker(  381): default: getNetworkInfo(): simId = 0
06-06 23:25:45.282 D/PhoneStatusBar(  459): addNotification score=0
06-06 23:25:45.472 D/MobileDataStateTracker(  381): default: getNetworkInfo(): simId = 0
06-06 23:25:45.532 D/PhoneStatusBar(  459): addNotification score=0
06-06 23:25:45.592 D/PhoneStatusBar(  459): addNotification score=0
06-06 23:25:46.002 D/ConnectivityService(  381): reportNetworkCondition(1, 100)
06-06 23:25:46.002 D/ConnectivityService(  381): handleMessage msg.what=104
06-06 23:25:46.002 D/ConnectivityService(  381): handleInetConditionChange: net=1, condition=100,mActiveDefaultNetwork=1
06-06 23:25:46.002 D/ConnectivityService(  381): handleInetConditionChange: starting a change hold
06-06 23:25:46.502 D/ConnectivityService(  381): handleMessage msg.what=105
06-06 23:25:46.502 D/ConnectivityService(  381): handleInetConditionHoldEnd: net=1, condition=100, published condition=0
06-06 23:25:46.502 D/ConnectivityService(  381): sendStickyBroadcast: action=android.net.conn.INET_CONDITION_ACTION
06-06 23:25:46.512 D/StatusBar.NetworkControllerDS(  459): updateConnectivity: intent=Intent { act=android.net.conn.INET_CONDITION_ACTION flg=0x8000010 (has extras) }
06-06 23:25:46.512 D/StatusBar.NetworkControllerDS(  459): updateConnectivity: networkInfo=NetworkInfo: type: WIFI[], state: CONNECTED/CONNECTED, reason: (unspecified), extra: (none), roaming: false, failover: false, isAvailable: true
06-06 23:25:46.512 D/StatusBar.NetworkControllerDS(  459): updateConnectivity: connectionStatus=100
06-06 23:25:46.512 D/StatusBar.NetworkControllerDS(  459): updateTelephonySignalStrength: !hasService()
06-06 23:25:46.512 D/StatusBar.NetworkControllerDS(  459): updateTelephonySignalStrength: !hasService()
06-06 23:25:46.552 I/ActivityManager(  381): START {act=android.intent.action.MAIN cat=[android.intent.category.LAUNCHER] flg=0x10200000 cmp=com.coship.momokan/.HomeActivity bnds=[360,834][532,1028] u=0} from pid 537
06-06 23:25:46.682 I/ActivityManager(  381): Config changed: {1.0 0mcc0mnc zh_CN sw360dp w640dp h340dp nrml long land finger -keyb/v/h -nav/h s.375}
06-06 23:25:48.022 D/StatusBar.NetworkControllerDS(  459): updateTelephonySignalStrength: !hasService()
06-06 23:25:48.022 D/StatusBar.NetworkControllerDS(  459): updateTelephonySignalStrength: !hasService()
06-06 23:25:53.032 D/StatusBar.NetworkControllerDS(  459): updateTelephonySignalStrength: !hasService()
06-06 23:25:53.032 D/StatusBar.NetworkControllerDS(  459): updateTelephonySignalStrength: !hasService()
06-06 23:25:58.032 D/StatusBar.NetworkControllerDS(  459): updateTelephonySignalStrength: !hasService()
06-06 23:25:58.032 D/StatusBar.NetworkControllerDS(  459): updateTelephonySignalStrength: !hasService()
06-06 23:26:00.152 D/PhoneStatusBar(  459): addNotification score=0
06-06 23:26:02.302 I/ActivityManager(  381): START {flg=0x10000000 cmp=com.coship.momokan/.ReflectionActivity u=0} from pid 13383
06-06 23:26:03.032 D/StatusBar.NetworkControllerDS(  459): updateTelephonySignalStrength: !hasService()
06-06 23:26:03.032 D/StatusBar.NetworkControllerDS(  459): updateTelephonySignalStrength: !hasService()
06-06 23:26:08.042 D/StatusBar.NetworkControllerDS(  459): updateTelephonySignalStrength: !hasService()
06-06 23:26:08.042 D/StatusBar.NetworkControllerDS(  459): updateTelephonySignalStrength: !hasService()
06-06 23:26:08.512 V/NetworkPolicy(  381): updateNetworkEnabledLocked()
06-06 23:26:08.512 D/NetworkPolicy(  381): setNetworkTemplateEnabled(): match rule = 1
06-06 23:26:08.512 V/NetworkPolicy(  381): updateNotificationsLocked()
06-06 23:26:09.502 W/ActivityManager(  381): Duplicate finish request for ActivityRecord{42690a20 com.coship.momokan/.ReflectionActivity}
06-06 23:26:12.552 I/ActivityManager(  381): Killing 14631:com.android.settings/1000: remove task
06-06 23:26:13.042 D/StatusBar.NetworkControllerDS(  459): updateTelephonySignalStrength: !hasService()
06-06 23:26:13.042 D/StatusBar.NetworkControllerDS(  459): updateTelephonySignalStrength: !hasService()
06-06 23:26:14.502 W/InputMethodManagerService(  381): Window already focused, ignoring focus gain of: com.android.internal.view.IInputMethodClient$Stub$Proxy@42d91ad0 attribute=null
06-06 23:26:17.302 I/ActivityManager(  381): START {act=android.intent.action.MAIN cat=[android.intent.category.HOME] flg=0x10200000 cmp=com.android.launcher/com.android.launcher2.Launcher u=0} from pid 381
06-06 23:26:17.382 I/ActivityManager(  381): Config changed: {1.0 0mcc0mnc zh_CN sw360dp w360dp h620dp nrml long port finger -keyb/v/h -nav/h s.376}
06-06 23:26:18.042 D/StatusBar.NetworkControllerDS(  459): updateTelephonySignalStrength: !hasService()
06-06 23:26:18.042 D/StatusBar.NetworkControllerDS(  459): updateTelephonySignalStrength: !hasService()
06-06 23:26:19.862 I/ActivityManager(  381): Killing 13383:com.coship.momokan/1000: remove task
06-06 23:26:19.882 I/WindowState(  381): WIN DEATH: Window{42de26a0 com.coship.momokan/com.coship.momokan.HomeActivity paused=true}
06-06 23:26:19.892 W/InputMethodManagerService(  381): Window already focused, ignoring focus gain of: com.android.internal.view.IInputMethodClient$Stub$Proxy@42e0a2a0 attribute=null
06-06 23:26:20.502 I/ActivityManager(  381): START {act=android.intent.action.MAIN cat=[android.intent.category.LAUNCHER] flg=0x10200000 cmp=com.coship.momokan/.HomeActivity bnds=[360,834][532,1028] u=0} from pid 537
06-06 23:26:20.582 I/ActivityManager(  381): Start proc com.coship.momokan for activity com.coship.momokan/.HomeActivity: pid=13655 uid=1000 gids={3003, 1015, 3002, 3001, 1028}
06-06 23:26:20.642 I/ActivityManager(  381): Config changed: {1.0 0mcc0mnc zh_CN sw360dp w640dp h340dp nrml long land finger -keyb/v/h -nav/h s.377}
06-06 23:26:23.042 D/StatusBar.NetworkControllerDS(  459): updateTelephonySignalStrength: !hasService()
06-06 23:26:23.042 D/StatusBar.NetworkControllerDS(  459): updateTelephonySignalStrength: !hasService()
06-06 23:26:28.042 D/StatusBar.NetworkControllerDS(  459): updateTelephonySignalStrength: !hasService()
06-06 23:26:28.042 D/StatusBar.NetworkControllerDS(  459): updateTelephonySignalStrength: !hasService()
06-06 23:26:29.012 I/WindowState(  381): WIN DEATH: Window{425e2b38 com.coship.momokan/com.coship.momokan.HomeActivity paused=true}
06-06 23:26:29.012 I/ActivityManager(  381): Process com.coship.momokan (pid 13655) has died.
06-06 23:26:29.012 I/WindowState(  381): WIN DEATH: Window{42412ae8 com.coship.momokan/com.coship.momokan.HomeActivity paused=true}
06-06 23:26:29.052 I/ActivityManager(  381): Config changed: {1.0 0mcc0mnc zh_CN sw360dp w360dp h620dp nrml long port finger -keyb/v/h -nav/h s.378}
06-06 23:26:29.252 W/InputMethodManagerService(  381): Got RemoteException sending setActive(false) notification to pid 13655 uid 1000
06-06 23:26:29.862 W/ActivityManager(  381): Activity destroy timeout for ActivityRecord{426433c8 com.coship.momokan/.HomeActivity}
06-06 23:26:31.372 W/InputMethodManagerService(  381): Window already focused, ignoring focus gain of: com.android.internal.view.IInputMethodClient$Stub$Proxy@4262b350 attribute=null
06-06 23:26:32.112 I/ActivityManager(  381): START {act=android.intent.action.MAIN cat=[android.intent.category.LAUNCHER] flg=0x10200000 cmp=com.coship.momokan/.HomeActivity bnds=[360,834][532,1028] u=0} from pid 537
06-06 23:26:32.192 I/ActivityManager(  381): Start proc com.coship.momokan for activity com.coship.momokan/.HomeActivity: pid=13703 uid=1000 gids={3003, 1015, 3002, 3001, 1028}
06-06 23:26:32.272 I/ActivityManager(  381): Config changed: {1.0 0mcc0mnc zh_CN sw360dp w640dp h340dp nrml long land finger -keyb/v/h -nav/h s.379}
06-06 23:26:32.332 D/ConnectivityService(  381): handleMessage msg.what=108
06-06 23:26:33.042 D/StatusBar.NetworkControllerDS(  459): updateTelephonySignalStrength: !hasService()
06-06 23:26:33.052 D/StatusBar.NetworkControllerDS(  459): updateTelephonySignalStrength: !hasService()
06-06 23:26:38.052 D/StatusBar.NetworkControllerDS(  459): updateTelephonySignalStrength: !hasService()
06-06 23:26:38.052 D/StatusBar.NetworkControllerDS(  459): updateTelephonySignalStrength: !hasService()
06-06 23:26:38.332 I/WindowState(  381): WIN DEATH: Window{42ff2078 com.coship.momokan/com.coship.momokan.HomeActivity paused=true}
06-06 23:26:38.332 I/ActivityManager(  381): Process com.coship.momokan (pid 13703) has died.
06-06 23:26:38.332 I/WindowState(  381): WIN DEATH: Window{42d38c80 com.coship.momokan/com.coship.momokan.HomeActivity paused=true}
06-06 23:26:38.362 I/ActivityManager(  381): Config changed: {1.0 0mcc0mnc zh_CN sw360dp w360dp h620dp nrml long port finger -keyb/v/h -nav/h s.380}
06-06 23:26:38.572 W/InputMethodManagerService(  381): Got RemoteException sending setActive(false) notification to pid 13703 uid 1000
06-06 23:26:41.512 W/InputMethodManagerService(  381): Window already focused, ignoring focus gain of: com.android.internal.view.IInputMethodClient$Stub$Proxy@42e04c10 attribute=null
06-06 23:26:42.252 I/ActivityManager(  381): START {act=android.intent.action.MAIN cat=[android.intent.category.LAUNCHER] flg=0x10200000 cmp=com.coship.momokan/.HomeActivity bnds=[360,834][532,1028] u=0} from pid 537
06-06 23:26:42.342 I/ActivityManager(  381): Start proc com.coship.momokan for activity com.coship.momokan/.HomeActivity: pid=13753 uid=1000 gids={3003, 1015, 3002, 3001, 1028}
06-06 23:26:42.412 I/ActivityManager(  381): Config changed: {1.0 0mcc0mnc zh_CN sw360dp w640dp h340dp nrml long land finger -keyb/v/h -nav/h s.381}
06-06 23:26:43.052 D/StatusBar.NetworkControllerDS(  459): updateTelephonySignalStrength: !hasService()
06-06 23:26:43.052 D/StatusBar.NetworkControllerDS(  459): updateTelephonySignalStrength: !hasService()
06-06 23:26:48.052 D/StatusBar.NetworkControllerDS(  459): updateTelephonySignalStrength: !hasService()
06-06 23:26:48.052 D/StatusBar.NetworkControllerDS(  459): updateTelephonySignalStrength: !hasService()
06-06 23:26:49.702 W/InputMethodManagerService(  381): Window already focused, ignoring focus gain of: com.android.internal.view.IInputMethodClient$Stub$Proxy@42cfbd88 attribute=null
06-06 23:26:52.322 I/WindowState(  381): WIN DEATH: Window{42694b60 com.coship.momokan/com.coship.momokan.HomeActivity paused=true}
06-06 23:26:52.322 I/ActivityManager(  381): Process com.coship.momokan (pid 13753) has died.
06-06 23:26:52.322 I/WindowState(  381): WIN DEATH: Window{42681be0 com.coship.momokan/com.coship.momokan.HomeActivity paused=true}
06-06 23:26:52.352 I/ActivityManager(  381): Config changed: {1.0 0mcc0mnc zh_CN sw360dp w360dp h620dp nrml long port finger -keyb/v/h -nav/h s.382}
06-06 23:26:52.522 W/InputMethodManagerService(  381): Got RemoteException sending setActive(false) notification to pid 13753 uid 1000
06-06 23:26:53.052 D/StatusBar.NetworkControllerDS(  459): updateTelephonySignalStrength: !hasService()
06-06 23:26:53.052 D/StatusBar.NetworkControllerDS(  459): updateTelephonySignalStrength: !hasService()
06-06 23:26:54.652 W/InputMethodManagerService(  381): Window already focused, ignoring focus gain of: com.android.internal.view.IInputMethodClient$Stub$Proxy@42785b68 attribute=null
06-06 23:26:55.242 I/ActivityManager(  381): START {act=android.intent.action.MAIN cat=[android.intent.category.LAUNCHER] flg=0x10200000 cmp=com.coship.momokan/.HomeActivity bnds=[360,834][532,1028] u=0} from pid 537
06-06 23:26:55.372 I/ActivityManager(  381): Start proc com.coship.momokan for activity com.coship.momokan/.HomeActivity: pid=13802 uid=1000 gids={3003, 1015, 3002, 3001, 1028}
06-06 23:26:55.452 I/ActivityManager(  381): Config changed: {1.0 0mcc0mnc zh_CN sw360dp w640dp h340dp nrml long land finger -keyb/v/h -nav/h s.383}
06-06 23:26:58.052 D/StatusBar.NetworkControllerDS(  459): updateTelephonySignalStrength: !hasService()
06-06 23:26:58.052 D/StatusBar.NetworkControllerDS(  459): updateTelephonySignalStrength: !hasService()
06-06 23:27:00.072 I/ActivityManager(  381): Killing 11247:com.wandoujia.phoenix2/u0a61: remove task
06-06 23:27:00.092 W/ActivityManager(  381): Scheduling restart of crashed service com.wandoujia.phoenix2/.appwash.service.DataService in 5000ms
06-06 23:27:00.092 W/ActivityManager(  381): Scheduling restart of crashed service com.wandoujia.phoenix2/.services.BackgroundService in 12358700ms
06-06 23:27:00.092 W/ActivityManager(  381): Scheduling restart of crashed service com.wandoujia.phoenix2/.services.AppMonitorService in 14997ms
06-06 23:27:01.122 I/ActivityManager(  381): Process com.wandoujia.phoenix2.usbproxy (pid 12591) has died.
06-06 23:27:02.662 I/ActivityManager(  381): START {act=android.intent.action.MAIN cat=[android.intent.category.HOME] flg=0x10200000 cmp=com.android.launcher/com.android.launcher2.Launcher u=0} from pid 381
06-06 23:27:02.732 I/ActivityManager(  381): Config changed: {1.0 0mcc0mnc zh_CN sw360dp w360dp h620dp nrml long port finger -keyb/v/h -nav/h s.384}
06-06 23:27:03.012 I/ActivityManager(  381): START {flg=0x10000000 cmp=com.wandoujia.phoenix2/.ui.WelcomeActivity (has extras) u=0} from pid 13874
06-06 23:27:03.082 I/ActivityManager(  381): Start proc com.wandoujia.phoenix2 for activity com.wandoujia.phoenix2/.ui.WelcomeActivity: pid=13885 uid=10061 gids={3003, 1015, 1006, 1028}
06-06 23:27:03.162 D/StatusBar.NetworkControllerDS(  459): updateTelephonySignalStrength: !hasService()
06-06 23:27:03.162 D/StatusBar.NetworkControllerDS(  459): updateTelephonySignalStrength: !hasService()
06-06 23:27:03.332 D/PhoneStatusBar(  459): addNotification score=0
06-06 23:27:03.512 E/NotificationService(  381): Ignoring notification with icon==0: Notification(pri=0 contentView=null vibrate=null sound=null defaults=0x0 flags=0x62 kind=[null])
06-06 23:27:03.562 D/MobileDataStateTracker(  381): default: getNetworkInfo(): simId = 0
06-06 23:27:03.572 D/MobileDataStateTracker(  381): default: getNetworkInfo(): simId = 0
06-06 23:27:04.002 E/NotificationService(  381): Ignoring notification with icon==0: Notification(pri=0 contentView=null vibrate=null sound=null defaults=0x0 flags=0x62 kind=[null])
06-06 23:27:04.042 W/ActivityManager(  381): Activity pause timeout for ActivityRecord{42252440 com.wandoujia.phoenix2/.ui.WelcomeActivity}
06-06 23:27:04.122 W/InputMethodManagerService(  381): Window already focused, ignoring focus gain of: com.android.internal.view.IInputMethodClient$Stub$Proxy@42d565c8 attribute=null
06-06 23:27:04.152 D/PhoneStatusBar(  459): addNotification score=0
06-06 23:27:04.182 I/ActivityManager(  381): Start proc com.wandoujia.phoenix2.usbproxy for service com.wandoujia.phoenix2.usbproxy/com.wandoujia.phoenix2.UsbProxyService: pid=13944 uid=10062 gids={3003, 1015, 1028}
06-06 23:27:05.262 I/ActivityManager(  381): START {flg=0x10000000 cmp=com.wandoujia.phoenix2/.ui.WelcomeActivity (has extras) u=0} from pid 14007
06-06 23:27:06.842 W/InputMethodManagerService(  381): Window already focused, ignoring focus gain of: com.android.internal.view.IInputMethodClient$Stub$Proxy@42d02a48 attribute=null
06-06 23:27:08.172 D/StatusBar.NetworkControllerDS(  459): updateTelephonySignalStrength: !hasService()
06-06 23:27:08.172 D/StatusBar.NetworkControllerDS(  459): updateTelephonySignalStrength: !hasService()
06-06 23:27:13.172 D/StatusBar.NetworkControllerDS(  459): updateTelephonySignalStrength: !hasService()
06-06 23:27:13.172 D/StatusBar.NetworkControllerDS(  459): updateTelephonySignalStrength: !hasService()
06-06 23:27:18.172 D/StatusBar.NetworkControllerDS(  459): updateTelephonySignalStrength: !hasService()
06-06 23:27:18.172 D/StatusBar.NetworkControllerDS(  459): updateTelephonySignalStrength: !hasService()
06-06 23:27:19.522 I/ActivityManager(  381): START {act=android.intent.action.MAIN cat=[android.intent.category.LAUNCHER] flg=0x10200000 cmp=com.coship.momokan/.HomeActivity bnds=[360,834][532,1028] u=0} from pid 537
06-06 23:27:19.632 I/ActivityManager(  381): Config changed: {1.0 0mcc0mnc zh_CN sw360dp w640dp h340dp nrml long land finger -keyb/v/h -nav/h s.385}
06-06 23:27:23.172 D/StatusBar.NetworkControllerDS(  459): updateTelephonySignalStrength: !hasService()
06-06 23:27:23.172 D/StatusBar.NetworkControllerDS(  459): updateTelephonySignalStrength: !hasService()
06-06 23:27:25.912 I/ActivityManager(  381): Start proc com.android.settings for broadcast com.android.settings/.DownloadCompleteReceiver: pid=14063 uid=1000 gids={3003, 1015, 3002, 3001, 1028}
06-06 23:27:28.172 D/StatusBar.NetworkControllerDS(  459): updateTelephonySignalStrength: !hasService()
06-06 23:27:28.172 D/StatusBar.NetworkControllerDS(  459): updateTelephonySignalStrength: !hasService()
06-06 23:27:31.892 I/ActivityManager(  381): START {flg=0x10000000 cmp=com.coship.momokan/.ReflectionActivity u=0} from pid 13802
06-06 23:27:33.182 D/StatusBar.NetworkControllerDS(  459): updateTelephonySignalStrength: !hasService()
06-06 23:27:33.192 D/StatusBar.NetworkControllerDS(  459): updateTelephonySignalStrength: !hasService()
06-06 23:27:37.692 W/ActivityManager(  381): Duplicate finish request for ActivityRecord{426d2d10 com.coship.momokan/.ReflectionActivity}
06-06 23:27:38.182 D/StatusBar.NetworkControllerDS(  459): updateTelephonySignalStrength: !hasService()
06-06 23:27:38.192 D/StatusBar.NetworkControllerDS(  459): updateTelephonySignalStrength: !hasService()
06-06 23:27:39.382 W/InputMethodManagerService(  381): Window already focused, ignoring focus gain of: com.android.internal.view.IInputMethodClient$Stub$Proxy@42396dc8 attribute=null
06-06 23:27:43.182 D/StatusBar.NetworkControllerDS(  459): updateTelephonySignalStrength: !hasService()
06-06 23:27:43.192 D/StatusBar.NetworkControllerDS(  459): updateTelephonySignalStrength: !hasService()
06-06 23:27:43.972 I/ActivityManager(  381): START {flg=0x10000000 cmp=com.coship.momokan/.ReflectionActivity u=0} from pid 13802
06-06 23:27:46.142 V/NetworkPolicy(  381): updateNetworkEnabledLocked()
06-06 23:27:46.142 D/NetworkPolicy(  381): setNetworkTemplateEnabled(): match rule = 1
06-06 23:27:46.142 V/NetworkPolicy(  381): updateNotificationsLocked()
06-06 23:27:48.182 D/StatusBar.NetworkControllerDS(  459): updateTelephonySignalStrength: !hasService()
06-06 23:27:48.212 D/StatusBar.NetworkControllerDS(  459): updateTelephonySignalStrength: !hasService()
06-06 23:27:48.262 W/ActivityManager(  381): Duplicate finish request for ActivityRecord{426433c8 com.coship.momokan/.ReflectionActivity}
06-06 23:27:49.822 W/InputMethodManagerService(  381): Window already focused, ignoring focus gain of: com.android.internal.view.IInputMethodClient$Stub$Proxy@4262b1f0 attribute=null
06-06 23:27:53.182 D/StatusBar.NetworkControllerDS(  459): updateTelephonySignalStrength: !hasService()
06-06 23:27:53.232 D/StatusBar.NetworkControllerDS(  459): updateTelephonySignalStrength: !hasService()
06-06 23:27:53.302 I/ActivityManager(  381): START {flg=0x10000000 cmp=com.coship.momokan/.ReflectionActivity u=0} from pid 13802
06-06 23:27:57.312 W/ActivityManager(  381): Duplicate finish request for ActivityRecord{42d06d60 com.coship.momokan/.ReflectionActivity}
06-06 23:27:58.192 D/StatusBar.NetworkControllerDS(  459): updateTelephonySignalStrength: !hasService()
06-06 23:27:58.232 D/StatusBar.NetworkControllerDS(  459): updateTelephonySignalStrength: !hasService()
06-06 23:28:03.192 D/StatusBar.NetworkControllerDS(  459): updateTelephonySignalStrength: !hasService()
06-06 23:28:03.232 D/StatusBar.NetworkControllerDS(  459): updateTelephonySignalStrength: !hasService()
06-06 23:28:08.192 D/StatusBar.NetworkControllerDS(  459): updateTelephonySignalStrength: !hasService()
06-06 23:28:08.232 D/StatusBar.NetworkControllerDS(  459): updateTelephonySignalStrength: !hasService()
06-06 23:28:12.522 I/ActivityManager(  381): START {flg=0x30440000 cmp=com.kugou.android/.backprocess.activity.LockScreenActivity u=0} from pid 3479
06-06 23:28:12.532 I/ActivityManager(  381): Config changed: {1.0 0mcc0mnc zh_CN sw360dp w360dp h620dp nrml long port finger -keyb/v/h -nav/h s.386}
06-06 23:28:13.202 D/StatusBar.NetworkControllerDS(  459): updateTelephonySignalStrength: !hasService()
06-06 23:28:13.232 D/StatusBar.NetworkControllerDS(  459): updateTelephonySignalStrength: !hasService()
06-06 23:28:17.532 W/WindowManager(  381): App freeze timeout expired.
06-06 23:28:17.592 D/PhoneStatusBar(  459): disable: < expand icons alerts ticker system_info back home RECENT* clock >
06-06 23:28:18.202 D/StatusBar.NetworkControllerDS(  459): updateTelephonySignalStrength: !hasService()
06-06 23:28:18.232 D/StatusBar.NetworkControllerDS(  459): updateTelephonySignalStrength: !hasService()
06-06 23:28:23.202 D/StatusBar.NetworkControllerDS(  459): updateTelephonySignalStrength: !hasService()
06-06 23:28:23.232 D/StatusBar.NetworkControllerDS(  459): updateTelephonySignalStrength: !hasService()
06-06 23:28:28.212 D/StatusBar.NetworkControllerDS(  459): updateTelephonySignalStrength: !hasService()
06-06 23:28:28.232 D/StatusBar.NetworkControllerDS(  459): updateTelephonySignalStrength: !hasService()
06-06 23:28:33.222 D/StatusBar.NetworkControllerDS(  459): updateTelephonySignalStrength: !hasService()
06-06 23:28:33.242 D/StatusBar.NetworkControllerDS(  459): updateTelephonySignalStrength: !hasService()
06-06 23:28:38.232 D/StatusBar.NetworkControllerDS(  459): updateTelephonySignalStrength: !hasService()
06-06 23:28:38.242 D/StatusBar.NetworkControllerDS(  459): updateTelephonySignalStrength: !hasService()
06-06 23:28:40.932 W/WindowManager(  381): Aborted waiting for drawn: Window{423cdf40 Keyguard paused=false}
06-06 23:28:40.932 I/WindowManager(  381): Lock screen displayed!
06-06 23:28:42.932 D/PhoneStatusBar(  459): disable: < expand icons alerts ticker system_info back home recent* clock >
06-06 23:28:43.012 I/ActivityManager(  381): Config changed: {1.0 0mcc0mnc zh_CN sw360dp w640dp h340dp nrml long land finger -keyb/v/h -nav/h s.387}
06-06 23:28:43.502 D/StatusBar.NetworkControllerDS(  459): updateTelephonySignalStrength: !hasService()
06-06 23:28:43.502 D/StatusBar.NetworkControllerDS(  459): updateTelephonySignalStrength: !hasService()
06-06 23:28:43.512 D/PhoneStatusBar(  459): disable: < expand icons alerts ticker system_info BACK* HOME* recent CLOCK* >
06-06 23:28:43.622 D/PhoneStatusBar(  459): disable: < expand icons alerts ticker system_info back* home* recent clock* >
06-06 23:28:48.502 D/StatusBar.NetworkControllerDS(  459): updateTelephonySignalStrength: !hasService()
06-06 23:28:48.502 D/StatusBar.NetworkControllerDS(  459): updateTelephonySignalStrength: !hasService()
06-06 23:28:51.122 I/ActivityManager(  381): START {flg=0x10000000 cmp=com.coship.momokan/.ReflectionActivity u=0} from pid 13802
06-06 23:28:52.552 V/NetworkPolicy(  381): updateNetworkEnabledLocked()
06-06 23:28:52.552 D/NetworkPolicy(  381): setNetworkTemplateEnabled(): match rule = 1
06-06 23:28:52.552 V/NetworkPolicy(  381): updateNotificationsLocked()
06-06 23:28:53.512 D/StatusBar.NetworkControllerDS(  459): updateTelephonySignalStrength: !hasService()
06-06 23:28:53.522 D/StatusBar.NetworkControllerDS(  459): updateTelephonySignalStrength: !hasService()
06-06 23:28:57.842 V/NetworkPolicy(  381): updateNetworkEnabledLocked()
06-06 23:28:57.842 D/NetworkPolicy(  381): setNetworkTemplateEnabled(): match rule = 1
06-06 23:28:57.842 V/NetworkPolicy(  381): updateNotificationsLocked()
06-06 23:28:58.522 D/StatusBar.NetworkControllerDS(  459): updateTelephonySignalStrength: !hasService()
06-06 23:28:58.522 D/StatusBar.NetworkControllerDS(  459): updateTelephonySignalStrength: !hasService()
06-06 23:29:03.182 V/NetworkPolicy(  381): updateNetworkEnabledLocked()
06-06 23:29:03.182 D/NetworkPolicy(  381): setNetworkTemplateEnabled(): match rule = 1
06-06 23:29:03.182 V/NetworkPolicy(  381): updateNotificationsLocked()
06-06 23:29:03.522 D/StatusBar.NetworkControllerDS(  459): updateTelephonySignalStrength: !hasService()
06-06 23:29:03.522 D/StatusBar.NetworkControllerDS(  459): updateTelephonySignalStrength: !hasService()
06-06 23:29:08.532 D/StatusBar.NetworkControllerDS(  459): updateTelephonySignalStrength: !hasService()
06-06 23:29:08.532 D/StatusBar.NetworkControllerDS(  459): updateTelephonySignalStrength: !hasService()
06-06 23:29:08.552 V/NetworkPolicy(  381): updateNetworkEnabledLocked()
06-06 23:29:08.552 D/NetworkPolicy(  381): setNetworkTemplateEnabled(): match rule = 1
06-06 23:29:08.552 V/NetworkPolicy(  381): updateNotificationsLocked()
06-06 23:29:13.532 D/StatusBar.NetworkControllerDS(  459): updateTelephonySignalStrength: !hasService()
06-06 23:29:13.532 D/StatusBar.NetworkControllerDS(  459): updateTelephonySignalStrength: !hasService()
06-06 23:29:13.862 V/NetworkPolicy(  381): updateNetworkEnabledLocked()
06-06 23:29:13.862 D/NetworkPolicy(  381): setNetworkTemplateEnabled(): match rule = 1
06-06 23:29:13.862 V/NetworkPolicy(  381): updateNotificationsLocked()
06-06 23:29:18.532 D/StatusBar.NetworkControllerDS(  459): updateTelephonySignalStrength: !hasService()
06-06 23:29:18.532 D/StatusBar.NetworkControllerDS(  459): updateTelephonySignalStrength: !hasService()
06-06 23:29:19.202 V/NetworkPolicy(  381): updateNetworkEnabledLocked()
06-06 23:29:19.202 D/NetworkPolicy(  381): setNetworkTemplateEnabled(): match rule = 1
06-06 23:29:19.202 V/NetworkPolicy(  381): updateNotificationsLocked()
06-06 23:29:23.542 D/StatusBar.NetworkControllerDS(  459): updateTelephonySignalStrength: !hasService()
06-06 23:29:23.542 D/StatusBar.NetworkControllerDS(  459): updateTelephonySignalStrength: !hasService()
06-06 23:29:24.572 V/NetworkPolicy(  381): updateNetworkEnabledLocked()
06-06 23:29:24.572 D/NetworkPolicy(  381): setNetworkTemplateEnabled(): match rule = 1
06-06 23:29:24.572 V/NetworkPolicy(  381): updateNotificationsLocked()
06-06 23:29:28.542 D/StatusBar.NetworkControllerDS(  459): updateTelephonySignalStrength: !hasService()
06-06 23:29:28.552 D/StatusBar.NetworkControllerDS(  459): updateTelephonySignalStrength: !hasService()
06-06 23:29:29.802 V/NetworkPolicy(  381): updateNetworkEnabledLocked()
06-06 23:29:29.802 D/NetworkPolicy(  381): setNetworkTemplateEnabled(): match rule = 1
06-06 23:29:29.802 V/NetworkPolicy(  381): updateNotificationsLocked()
06-06 23:29:33.552 D/StatusBar.NetworkControllerDS(  459): updateTelephonySignalStrength: !hasService()
06-06 23:29:33.552 D/StatusBar.NetworkControllerDS(  459): updateTelephonySignalStrength: !hasService()
06-06 23:29:35.152 V/NetworkPolicy(  381): updateNetworkEnabledLocked()
06-06 23:29:35.152 D/NetworkPolicy(  381): setNetworkTemplateEnabled(): match rule = 1
06-06 23:29:35.152 V/NetworkPolicy(  381): updateNotificationsLocked()
06-06 23:29:38.552 D/StatusBar.NetworkControllerDS(  459): updateTelephonySignalStrength: !hasService()
06-06 23:29:38.562 D/StatusBar.NetworkControllerDS(  459): updateTelephonySignalStrength: !hasService()
06-06 23:29:40.422 V/NetworkPolicy(  381): updateNetworkEnabledLocked()
06-06 23:29:40.422 D/NetworkPolicy(  381): setNetworkTemplateEnabled(): match rule = 1
06-06 23:29:40.422 V/NetworkPolicy(  381): updateNotificationsLocked()
06-06 23:29:43.562 D/StatusBar.NetworkControllerDS(  459): updateTelephonySignalStrength: !hasService()
06-06 23:29:43.562 D/StatusBar.NetworkControllerDS(  459): updateTelephonySignalStrength: !hasService()
06-06 23:29:45.762 V/NetworkPolicy(  381): updateNetworkEnabledLocked()
06-06 23:29:45.762 D/NetworkPolicy(  381): setNetworkTemplateEnabled(): match rule = 1
06-06 23:29:45.762 V/NetworkPolicy(  381): updateNotificationsLocked()
06-06 23:29:48.572 D/StatusBar.NetworkControllerDS(  459): updateTelephonySignalStrength: !hasService()
06-06 23:29:48.572 D/StatusBar.NetworkControllerDS(  459): updateTelephonySignalStrength: !hasService()
06-06 23:29:51.042 V/NetworkPolicy(  381): updateNetworkEnabledLocked()
06-06 23:29:51.042 D/NetworkPolicy(  381): setNetworkTemplateEnabled(): match rule = 1
06-06 23:29:51.042 V/NetworkPolicy(  381): updateNotificationsLocked()
06-06 23:29:53.582 D/StatusBar.NetworkControllerDS(  459): updateTelephonySignalStrength: !hasService()
06-06 23:29:53.582 D/StatusBar.NetworkControllerDS(  459): updateTelephonySignalStrength: !hasService()
06-06 23:29:56.052 W/ThrottleService(  381): unable to find stats for iface rmnet0
06-06 23:29:56.402 V/NetworkPolicy(  381): updateNetworkEnabledLocked()
06-06 23:29:56.402 D/NetworkPolicy(  381): setNetworkTemplateEnabled(): match rule = 1
06-06 23:29:56.402 V/NetworkPolicy(  381): updateNotificationsLocked()
06-06 23:29:58.592 D/StatusBar.NetworkControllerDS(  459): updateTelephonySignalStrength: !hasService()
06-06 23:29:58.592 D/StatusBar.NetworkControllerDS(  459): updateTelephonySignalStrength: !hasService()
06-06 23:30:01.782 V/NetworkPolicy(  381): updateNetworkEnabledLocked()
06-06 23:30:01.782 D/NetworkPolicy(  381): setNetworkTemplateEnabled(): match rule = 1
06-06 23:30:01.782 V/NetworkPolicy(  381): updateNotificationsLocked()
06-06 23:30:03.612 D/StatusBar.NetworkControllerDS(  459): updateTelephonySignalStrength: !hasService()
06-06 23:30:03.612 D/StatusBar.NetworkControllerDS(  459): updateTelephonySignalStrength: !hasService()
06-06 23:30:07.242 V/NetworkPolicy(  381): updateNetworkEnabledLocked()
06-06 23:30:07.242 D/NetworkPolicy(  381): setNetworkTemplateEnabled(): match rule = 1
06-06 23:30:07.242 V/NetworkPolicy(  381): updateNotificationsLocked()
06-06 23:30:08.612 D/StatusBar.NetworkControllerDS(  459): updateTelephonySignalStrength: !hasService()
06-06 23:30:08.612 D/StatusBar.NetworkControllerDS(  459): updateTelephonySignalStrength: !hasService()
06-06 23:30:12.652 V/NetworkPolicy(  381): updateNetworkEnabledLocked()
06-06 23:30:12.662 D/NetworkPolicy(  381): setNetworkTemplateEnabled(): match rule = 1
06-06 23:30:12.662 V/NetworkPolicy(  381): updateNotificationsLocked()
06-06 23:30:13.632 D/StatusBar.NetworkControllerDS(  459): updateTelephonySignalStrength: !hasService()
06-06 23:30:13.642 D/StatusBar.NetworkControllerDS(  459): updateTelephonySignalStrength: !hasService()
06-06 23:30:17.782 V/NetworkPolicy(  381): updateNetworkEnabledLocked()
06-06 23:30:17.792 D/NetworkPolicy(  381): setNetworkTemplateEnabled(): match rule = 1
06-06 23:30:17.792 V/NetworkPolicy(  381): updateNotificationsLocked()
06-06 23:30:18.642 D/StatusBar.NetworkControllerDS(  459): updateTelephonySignalStrength: !hasService()
06-06 23:30:18.642 D/StatusBar.NetworkControllerDS(  459): updateTelephonySignalStrength: !hasService()
06-06 23:30:23.082 V/NetworkPolicy(  381): updateNetworkEnabledLocked()
06-06 23:30:23.082 D/NetworkPolicy(  381): setNetworkTemplateEnabled(): match rule = 1
06-06 23:30:23.082 V/NetworkPolicy(  381): updateNotificationsLocked()
06-06 23:30:23.662 D/StatusBar.NetworkControllerDS(  459): updateTelephonySignalStrength: !hasService()
06-06 23:30:23.662 D/StatusBar.NetworkControllerDS(  459): updateTelephonySignalStrength: !hasService()
06-06 23:30:28.452 V/NetworkPolicy(  381): updateNetworkEnabledLocked()
06-06 23:30:28.452 D/NetworkPolicy(  381): setNetworkTemplateEnabled(): match rule = 1
06-06 23:30:28.452 V/NetworkPolicy(  381): updateNotificationsLocked()
06-06 23:30:28.672 D/StatusBar.NetworkControllerDS(  459): updateTelephonySignalStrength: !hasService()
06-06 23:30:28.672 D/StatusBar.NetworkControllerDS(  459): updateTelephonySignalStrength: !hasService()
06-06 23:30:32.382 D/StatusBar.NetworkControllerDS(  459): updateTelephonySignalStrength: !hasService()
06-06 23:30:33.672 D/StatusBar.NetworkControllerDS(  459): updateTelephonySignalStrength: !hasService()
06-06 23:30:33.672 D/StatusBar.NetworkControllerDS(  459): updateTelephonySignalStrength: !hasService()
06-06 23:30:33.742 V/NetworkPolicy(  381): updateNetworkEnabledLocked()
06-06 23:30:33.752 D/NetworkPolicy(  381): setNetworkTemplateEnabled(): match rule = 1
06-06 23:30:33.752 V/NetworkPolicy(  381): updateNotificationsLocked()
06-06 23:30:38.672 D/StatusBar.NetworkControllerDS(  459): updateTelephonySignalStrength: !hasService()
06-06 23:30:38.682 D/StatusBar.NetworkControllerDS(  459): updateTelephonySignalStrength: !hasService()
06-06 23:30:39.072 V/NetworkPolicy(  381): updateNetworkEnabledLocked()
06-06 23:30:39.072 D/NetworkPolicy(  381): setNetworkTemplateEnabled(): match rule = 1
06-06 23:30:39.072 V/NetworkPolicy(  381): updateNotificationsLocked()
06-06 23:30:43.692 D/StatusBar.NetworkControllerDS(  459): updateTelephonySignalStrength: !hasService()
06-06 23:30:43.692 D/StatusBar.NetworkControllerDS(  459): updateTelephonySignalStrength: !hasService()
06-06 23:30:44.422 V/NetworkPolicy(  381): updateNetworkEnabledLocked()
06-06 23:30:44.422 D/NetworkPolicy(  381): setNetworkTemplateEnabled(): match rule = 1
06-06 23:30:44.422 V/NetworkPolicy(  381): updateNotificationsLocked()
06-06 23:30:48.712 D/StatusBar.NetworkControllerDS(  459): updateTelephonySignalStrength: !hasService()
