06-06 23:43:25.672 D/ConnectivityService(  381): sendStickyBroadcastDelayed: delayMs=3000, action=android.net.conn.CONNECTIVITY_CHANGE
06-06 23:43:25.672 D/ConnectivityService(  381): handleMessage msg.what=1
06-06 23:43:25.672 D/ConnectivityService(  381): ConnectivityChange for WIFI: CONNECTED/CONNECTED
06-06 23:43:25.672 D/ConnectivityService(  381): Setting TCP values: [524288,1048576,2097152,262144,524288,1048576] which comes from [net.tcp.buffersize.wifi]
06-06 23:43:25.672 D/ConnectivityService(  381): handleConnectivityChange: changed linkProperty[1]: doReset=false resetMask=0
06-06 23:43:25.672 D/ConnectivityService(  381):    curLp=InterfaceName: wlan0 LinkAddresses: [192.168.43.186/24,] Routes: [0.0.0.0/0 -> 192.168.43.1,] DnsAddresses: [192.168.43.1,] HttpProxy: [ProxyProperties.mHost == null] 
06-06 23:43:25.672 D/ConnectivityService(  381):    newLp=InterfaceName: wlan0 LinkAddresses: [192.168.43.186/24,] Routes: [0.0.0.0/0 -> 192.168.43.1,] DnsAddresses: [192.168.43.1,] HttpProxy: [ProxyProperties.mHost == null] 
06-06 23:43:25.672 D/ConnectivityService(  381): handleConnectivityChange: address are the same reset per doReset linkProperty[1]: resetMask=0
06-06 23:43:25.672 D/ConnectivityService(  381): sendStickyBroadcast: action=android.net.conn.CONNECTIVITY_CHANGE_IMMEDIATE
06-06 23:43:25.682 D/ConnectivityService(  381): sendStickyBroadcastDelayed: delayMs=3000, action=android.net.conn.CONNECTIVITY_CHANGE
06-06 23:43:25.692 D/MobileDataStateTracker(  381): default: getNetworkInfo(): simId = 0
06-06 23:43:25.692 D/MobileDataStateTracker(  381): mms: getNetworkInfo(): simId = 0
06-06 23:43:25.692 D/MobileDataStateTracker(  381): supl: getNetworkInfo(): simId = 0
06-06 23:43:25.692 D/MobileDataStateTracker(  381): hipri: getNetworkInfo(): simId = 0
06-06 23:43:25.692 D/MobileDataStateTracker(  381): fota: getNetworkInfo(): simId = 0
06-06 23:43:25.692 D/MobileDataStateTracker(  381): ims: getNetworkInfo(): simId = 0
06-06 23:43:25.692 D/MobileDataStateTracker(  381): cbs: getNetworkInfo(): simId = 0
06-06 23:43:25.692 V/NetworkPolicy(  381): ensureActiveMobilePolicyLocked()
06-06 23:43:25.692 V/NetworkPolicy(  381): updateNetworkEnabledLocked()
06-06 23:43:25.692 D/NetworkPolicy(  381): setNetworkTemplateEnabled(): match rule = 1
06-06 23:43:25.692 V/NetworkPolicy(  381): updateIfacesLocked()
06-06 23:43:25.692 D/MobileDataStateTracker(  381): default: getNetworkInfo(): simId = 0
06-06 23:43:25.692 D/MobileDataStateTracker(  381): mms: getNetworkInfo(): simId = 0
06-06 23:43:25.692 D/MobileDataStateTracker(  381): supl: getNetworkInfo(): simId = 0
06-06 23:43:25.692 D/MobileDataStateTracker(  381): hipri: getNetworkInfo(): simId = 0
06-06 23:43:25.692 D/MobileDataStateTracker(  381): fota: getNetworkInfo(): simId = 0
06-06 23:43:25.692 D/MobileDataStateTracker(  381): ims: getNetworkInfo(): simId = 0
06-06 23:43:25.692 D/MobileDataStateTracker(  381): cbs: getNetworkInfo(): simId = 0
06-06 23:43:25.702 V/NetworkPolicy(  381): updateNotificationsLocked()
06-06 23:43:25.702 V/NetworkPolicy(  381): updateNetworkEnabledLocked()
06-06 23:43:25.702 D/NetworkPolicy(  381): setNetworkTemplateEnabled(): match rule = 1
06-06 23:43:25.702 V/NetworkPolicy(  381): updateNotificationsLocked()
06-06 23:43:25.712 D/DownloadCompleteReceiver(14063):  WIFI CHANGED_ACTION 
06-06 23:43:25.712 D/DownloadCompleteReceiver(14063):  time:1370533405724
06-06 23:43:25.712 D/DownloadCompleteReceiver(14063):  locktime:0
06-06 23:43:25.712 D/DownloadCompleteReceiver(14063):  mIdupdate:-1
06-06 23:43:25.712 D/DownloadCompleteReceiver(14063):  mMasterclear:false
06-06 23:43:25.712 D/DownloadCompleteReceiver(14063):  mBootcomplete:true
06-06 23:43:25.722 D/MobileDataStateTracker(  381): default: getNetworkInfo(): simId = 0
06-06 23:43:25.722 D/MobileDataStateTracker(  381): mms: getNetworkInfo(): simId = 0
06-06 23:43:25.722 D/MobileDataStateTracker(  381): supl: getNetworkInfo(): simId = 0
06-06 23:43:25.722 D/MobileDataStateTracker(  381): hipri: getNetworkInfo(): simId = 0
06-06 23:43:25.722 D/MobileDataStateTracker(  381): fota: getNetworkInfo(): simId = 0
06-06 23:43:25.722 D/MobileDataStateTracker(  381): ims: getNetworkInfo(): simId = 0
06-06 23:43:25.722 D/MobileDataStateTracker(  381): cbs: getNetworkInfo(): simId = 0
06-06 23:43:25.732 V/NetworkPolicy(  381): updateNetworkEnabledLocked()
06-06 23:43:25.732 D/NetworkPolicy(  381): setNetworkTemplateEnabled(): match rule = 1
06-06 23:43:25.732 V/NetworkPolicy(  381): updateNotificationsLocked()
06-06 23:43:25.792 D/DownloadCompleteReceiver(14063):  WIFI CHANGED_ACTION 
06-06 23:43:25.792 D/DownloadCompleteReceiver(14063):  time:1370533405801
06-06 23:43:25.792 D/DownloadCompleteReceiver(14063):  locktime:0
06-06 23:43:25.792 D/DownloadCompleteReceiver(14063):  mIdupdate:-1
06-06 23:43:25.792 D/DownloadCompleteReceiver(14063):  mMasterclear:false
06-06 23:43:25.792 D/DownloadCompleteReceiver(14063):  mBootcomplete:true
06-06 23:43:26.192 E/HomeActivity(13802): search time out, no devices found.
06-06 23:43:26.552 D/WifiMonitor(  381): Event [CTRL-EVENT-BSS-ADDED 36 58:87:e2:0b:28:bc]
06-06 23:43:26.552 D/WifiMonitor(  381): Event [CTRL-EVENT-BSS-ADDED 37 6a:6e:1a:e6:02:4a]
06-06 23:43:26.552 D/WifiMonitor(  381): Event [CTRL-EVENT-BSS-ADDED 38 a4:a8:0f:ff:fe:ba]
06-06 23:43:26.642 D/ConnectivityService(  381): handleMessage msg.what=108
06-06 23:43:26.642 D/ConnectivityService(  381): NetTransition Wakelock for WifiStateMachine released by timeout
06-06 23:43:26.672 D/ConnectivityService(  381): handleMessage msg.what=108
06-06 23:43:26.712 D/dalvikvm(14063): GC_CONCURRENT freed 1546K, 28% free 15986K/22147K, paused 12ms+36ms, total 111ms
06-06 23:43:26.742 D/DownloadCompleteReceiver(14063):  TYPE_WIFI info.isConnected():true
06-06 23:43:26.742 D/DownloadCompleteReceiver(14063): isConnecting():true
06-06 23:43:26.742 D/DownloadCompleteReceiver(14063):  TYPE_WIFI info.isConnected():true
06-06 23:43:26.742 D/DownloadCompleteReceiver(14063): ********* downloadURL:
06-06 23:43:26.742 D/DownloadCompleteReceiver(14063):  getTotalInternalSize:14135926784
06-06 23:43:26.742 D/DownloadCompleteReceiver(14063):  SoftVersionnum:V225R001
06-06 23:43:27.022 D/DownloadCompleteReceiver(14063): coship mServerVerstion:V225R001C01B082
06-06 23:43:27.022 D/DownloadCompleteReceiver(14063):   DOWNLOAD_VERSION_FILE_URL:http://update.coship.com/update/Fphone/version_new.txt
06-06 23:43:27.022 D/DownloadCompleteReceiver(14063): updateEx mServerVerstion:V225R001C01B082
06-06 23:43:27.022 D/DownloadCompleteReceiver(14063):  local:085
06-06 23:43:27.022 D/DownloadCompleteReceiver(14063):  server:082
06-06 23:43:27.202 I/brcm-gr (  558): [gralloc_lock]: new usage 0x903
06-06 23:43:27.202 I/brcm-gr (  558): [gralloc_lock]: new usage 0x930
06-06 23:43:27.212 I/brcm-gr (  558): [gralloc_lock]: new usage 0x933
06-06 23:43:27.252 I/brcm-gr (  558): [gralloc_lock]: new usage 0x903
06-06 23:43:27.272 I/InputReader(  381): Reconfiguring input devices.  changes=0x00000004
06-06 23:43:27.272 I/InputReader(  381): Device reconfigured: id=1, name='Goodix-TS', surface size is now 720x1280, mode is 1
06-06 23:43:27.272 I/brcm-gr (  558): [gralloc_lock]: new usage 0x930
06-06 23:43:27.272 I/brcm-gr (  558): [gralloc_lock]: new usage 0x933
06-06 23:43:27.292 I/ActivityManager(  381): Config changed: {1.0 0mcc0mnc zh_CN sw360dp w640dp h340dp nrml long land finger -keyb/v/h -nav/h s.411}
06-06 23:43:27.302 D/phoneee (  546): [PhoneApp]updateProximitySensorMode: state = IDLE
06-06 23:43:27.302 D/phoneee (  546): [PhoneApp]updateProximitySensorMode: lock already released.
06-06 23:43:27.312 D/[TCP_SERVER](13944): Session local:/127.0.0.1:10201 remote:/127.0.0.1:37164@Dispatching 162 bytes data to uplayer
06-06 23:43:27.322 D/KeyguardViewMediator(  381): setHidden false
06-06 23:43:27.332 D/KeyguardViewMediator(  381): setHidden false
06-06 23:43:27.342 D/KeyguardViewMediator(  381): setHidden false
06-06 23:43:27.342 D/NetTransportUtil(13802): isWifiDisabletrue
06-06 23:43:27.352 D/KeyguardViewMediator(  381): setHidden false
06-06 23:43:27.352 D/KeyguardViewMediator(  381): setHidden false
06-06 23:43:27.362 I/brcm-gr (  558): [gralloc_lock]: new usage 0x933
06-06 23:43:27.362 D/HomeActivity(13802): MSG_SEARCH_START
06-06 23:43:27.362 D/OtODeviceAdapter(13802): searchRemoteDevicesThread -> begin
06-06 23:43:27.362 D/OtODeviceAdapter(13802): searchRemoteDevicesByMDNS -> begin
06-06 23:43:27.372 W/HomeActivity(13802): scanWifi() begin
06-06 23:43:27.382 E/HomeActivity(13802): wifiUtil.getmWifiInfo()=SSID: a4:a8:20:13:03:6e , BSSID: a4:a8:20:13:03:6e, MAC: 00:90:4c:78:03:ff, Supplicant state: COMPLETED, RSSI: -50, Link speed: 65, Net ID: 9, Metered hint: false
06-06 23:43:27.382 W/HomeActivity(13802): scanWifi() end
06-06 23:43:27.392 D/OtODeviceAdapter(13802): mdnsUtilList is null
06-06 23:43:27.392 D/OtODeviceAdapter(13802): createMdnsUtils -> begin
06-06 23:43:27.392 D/KeyguardViewMediator(  381): setHidden false
06-06 23:43:27.392 D/KeyguardViewMediator(  381): setHidden false
06-06 23:43:27.392 D/KeyguardViewMediator(  381): setHidden false
06-06 23:43:27.402 D/KeyguardViewMediator(  381): setHidden false
06-06 23:43:27.402 D/KeyguardViewMediator(  381): setHidden false
06-06 23:43:27.402 W/khrn_client(13802): init_window num_buffers 3 min undequeued buffers 1 type 1
06-06 23:43:27.402 W/khrn_client(13802): init_window window 0x5b222e18, 1280x720 hintTransform 0x4 do_pre 1
06-06 23:43:27.402 W/khrn_client(13802): init_window using gl pre-rotation, set size and transform to 720x1280 0x5
06-06 23:43:27.412 E/HomeActivity(13802): No devices found.
06-06 23:43:27.412 D/SizeAdaptiveLayout(  459): com.android.internal.widget.SizeAdaptiveLayout@433e7ec0child view android.widget.FrameLayout@431359e0 measured out of bounds at 130px clamped to 128px
06-06 23:43:27.412 D/SizeAdaptiveLayout(  459): com.android.internal.widget.SizeAdaptiveLayout@433e7ec0child view android.widget.FrameLayout@431359e0 measured out of bounds at 130px clamped to 128px
06-06 23:43:27.412 E/WiFiDirectBroadcastReceiver(13802): Device: Android_1860
06-06 23:43:27.412 E/WiFiDirectBroadcastReceiver(13802):  deviceAddress: 02:90:4c:78:03:ff
06-06 23:43:27.412 E/WiFiDirectBroadcastReceiver(13802):  primary type: 10-0050F204-5
06-06 23:43:27.412 E/WiFiDirectBroadcastReceiver(13802):  secondary type: null
06-06 23:43:27.412 E/WiFiDirectBroadcastReceiver(13802):  wps: 0
06-06 23:43:27.412 E/WiFiDirectBroadcastReceiver(13802):  grpcapab: 0
06-06 23:43:27.412 E/WiFiDirectBroadcastReceiver(13802):  devcapab: 0
06-06 23:43:27.412 E/WiFiDirectBroadcastReceiver(13802):  status: 3
06-06 23:43:27.422 E/WiFiDirectBroadcastReceiver(13802): NETWORK_STATE_CHANGED_ACTION= CONNECTED
06-06 23:43:27.422 D/NetTransportUtil(13802): wifi status:CONNECTED
06-06 23:43:27.422 D/NetTransportUtil(13802): wifi isAvailable:true
06-06 23:43:27.422 V/Device  (13802): 192.168.43.1: state=0,will change to =0
06-06 23:43:27.422 D/SizeAdaptiveLayout(  459): com.android.internal.widget.SizeAdaptiveLayout@4351f200child view android.widget.FrameLayout@435b0068 measured out of bounds at 130px clamped to 128px
06-06 23:43:27.422 D/SizeAdaptiveLayout(  459): com.android.internal.widget.SizeAdaptiveLayout@4351f200child view android.widget.FrameLayout@435b0068 measured out of bounds at 130px clamped to 128px
06-06 23:43:27.432 D/SizeAdaptiveLayout(  459): com.android.internal.widget.SizeAdaptiveLayout@4338b048child view android.widget.LinearLayout@4328fab8 measured out of bounds at 124px clamped to 128px
06-06 23:43:27.432 D/SizeAdaptiveLayout(  459): com.android.internal.widget.SizeAdaptiveLayout@4338b048child view android.widget.LinearLayout@4328fab8 measured out of bounds at 124px clamped to 128px
06-06 23:43:27.432 D/SizeAdaptiveLayout(  459): com.android.internal.widget.SizeAdaptiveLayout@433917b0child view android.widget.FrameLayout@435b0e18 measured out of bounds at 130px clamped to 128px
06-06 23:43:27.432 D/SizeAdaptiveLayout(  459): com.android.internal.widget.SizeAdaptiveLayout@433917b0child view android.widget.FrameLayout@435b0e18 measured out of bounds at 130px clamped to 128px
06-06 23:43:27.432 D/SizeAdaptiveLayout(  459): com.android.internal.widget.SizeAdaptiveLayout@432ce4c8child view android.widget.FrameLayout@432976c8 measured out of bounds at 130px clamped to 128px
06-06 23:43:27.432 D/SizeAdaptiveLayout(  459): com.android.internal.widget.SizeAdaptiveLayout@432ce4c8child view android.widget.FrameLayout@432976c8 measured out of bounds at 130px clamped to 128px
06-06 23:43:27.432 D/SizeAdaptiveLayout(  459): com.android.internal.widget.SizeAdaptiveLayout@43373140child view android.widget.FrameLayout@433263d0 measured out of bounds at 130px clamped to 128px
06-06 23:43:27.442 D/SizeAdaptiveLayout(  459): com.android.internal.widget.SizeAdaptiveLayout@43373140child view android.widget.FrameLayout@433263d0 measured out of bounds at 130px clamped to 128px
06-06 23:43:27.442 D/OtODeviceAdapter(13802): addresses=/192.168.43.186
06-06 23:43:27.442 D/SizeAdaptiveLayout(  459): com.android.internal.widget.SizeAdaptiveLayout@430ea3b8child view android.widget.FrameLayout@430650b0 measured out of bounds at 130px clamped to 128px
06-06 23:43:27.442 D/SizeAdaptiveLayout(  459): com.android.internal.widget.SizeAdaptiveLayout@430ea3b8child view android.widget.FrameLayout@430650b0 measured out of bounds at 130px clamped to 128px
06-06 23:43:27.442 D/SizeAdaptiveLayout(  459): com.android.internal.widget.SizeAdaptiveLayout@43064338child view android.widget.RelativeLayout@434e4250 measured out of bounds at 124px clamped to 128px
06-06 23:43:27.442 D/SizeAdaptiveLayout(  459): com.android.internal.widget.SizeAdaptiveLayout@43064338child view android.widget.RelativeLayout@434e4250 measured out of bounds at 124px clamped to 128px
06-06 23:43:27.442 D/SizeAdaptiveLayout(  459): com.android.internal.widget.SizeAdaptiveLayout@430f79d8child view android.widget.FrameLayout@43408af0 measured out of bounds at 130px clamped to 128px
06-06 23:43:27.442 D/SizeAdaptiveLayout(  459): com.android.internal.widget.SizeAdaptiveLayout@430f79d8child view android.widget.FrameLayout@43408af0 measured out of bounds at 130px clamped to 128px
06-06 23:43:27.452 D/SizeAdaptiveLayout(  459): com.android.internal.widget.SizeAdaptiveLayout@43562a28child view android.widget.FrameLayout@430f69c0 measured out of bounds at 130px clamped to 128px
06-06 23:43:27.452 D/SizeAdaptiveLayout(  459): com.android.internal.widget.SizeAdaptiveLayout@43562a28child view android.widget.FrameLayout@430f69c0 measured out of bounds at 130px clamped to 128px
06-06 23:43:27.452 D/KeyguardViewMediator(  381): setHidden false
06-06 23:43:27.452 W/khrn_client(  459): init_window num_buffers 3 min undequeued buffers 1 type 1
06-06 23:43:27.452 W/khrn_client(  459): init_window window 0x5add0400, 1280x40 hintTransform 0x4 do_pre 1
06-06 23:43:27.452 W/khrn_client(  459): init_window using gl pre-rotation, set size and transform to 40x1280 0x5
06-06 23:43:27.492 D/KeyguardViewMediator(  381): setHidden false
06-06 23:43:27.512 D/dalvikvm(13802): GC_CONCURRENT freed 2253K, 15% free 45500K/53251K, paused 16ms+9ms, total 92ms
06-06 23:43:27.512 D/dalvikvm(13802): WAIT_FOR_CONCURRENT_GC blocked 76ms
06-06 23:43:27.542 D/KeyguardViewMediator(  381): setHidden false
06-06 23:43:27.542 W/IInputConnectionWrapper(14063): showStatusIcon on inactive InputConnection
06-06 23:43:27.552 D/KeyguardViewMediator(  381): setHidden false
06-06 23:43:27.562 D/OtODeviceAdapter(13802): createMdnsUtils -> end
06-06 23:43:27.562 D/OtODeviceAdapter(13802): mdnsUtilList size = 1
06-06 23:43:27.722 D/KeyguardViewMediator(  381): setHidden false
06-06 23:43:27.812 D/[TCP_SERVER](13944): Session local:/127.0.0.1:10201 remote:/127.0.0.1:37165@Dispatching 105 bytes data to uplayer
06-06 23:43:27.812 D/[TCP_SERVER](13944): Session local:/127.0.0.1:10201 remote:/127.0.0.1:37166@Dispatching 105 bytes data to uplayer
06-06 23:43:27.962 D/WifiWatchdogStateMachine(  381): RSSI current: 4new: -42, 4
06-06 23:43:27.962 D/DownloadCompleteReceiver(14063):  WIFI CHANGED_ACTION 
06-06 23:43:27.962 D/DownloadCompleteReceiver(14063):  time:1370533407975
06-06 23:43:27.962 D/DownloadCompleteReceiver(14063):  locktime:0
06-06 23:43:27.962 D/DownloadCompleteReceiver(14063):  mIdupdate:-1
06-06 23:43:27.962 D/DownloadCompleteReceiver(14063):  mMasterclear:false
06-06 23:43:27.962 D/DownloadCompleteReceiver(14063):  mBootcomplete:true
06-06 23:43:28.122 D/KeyguardViewMediator(  381): setHidden false
06-06 23:43:28.122 D/KeyguardViewMediator(  381): setHidden false
06-06 23:43:28.512 D/[TCP_SERVER](13944): Session local:/127.0.0.1:10201 remote:/127.0.0.1:37167@Dispatching 99 bytes data to uplayer
06-06 23:43:28.562 D/HomeActivity(13802):  ------:: onDeviceChanged() -> begin
06-06 23:43:28.562 D/HomeActivity(13802):  ------:: onDeviceChanged() -> end
06-06 23:43:28.562 D/OtODeviceAdapter(13802): <<<<<<<<<<<<<<,  name=tc123 address=192.168.43.1
06-06 23:43:28.562 D/OtODeviceAdapter(13802): searchRemoteDevicesByMDNS -> begin
06-06 23:43:28.562 E/OtODeviceAdapter(13802):  >>>>>>>>>>>>>>begin search devices. 
06-06 23:43:28.562 D/OtODeviceAdapter(13802): searchRemoteDevicesByMDNS -> begin
06-06 23:43:28.642 D/dalvikvm(13802): GC_CONCURRENT freed 2030K, 15% free 45513K/53251K, paused 14ms+6ms, total 60ms
06-06 23:43:28.642 D/dalvikvm(13802): WAIT_FOR_CONCURRENT_GC blocked 40ms
06-06 23:43:28.652 D/OtODeviceAdapter(13802): mdnsUtilList size = 1
06-06 23:43:28.652 D/OtODeviceAdapter(13802): <<<<<<<<<<<<<<,  name=tc123 address=192.168.43.1
06-06 23:43:28.652 D/OtODeviceAdapter(13802): searchRemoteDevicesByMDNS -> begin
06-06 23:43:28.652 E/OtODeviceAdapter(13802): <<<<<<<<<<<<<<,search Device end.
06-06 23:43:28.672 D/ConnectivityService(  381): handleMessage msg.what=112
06-06 23:43:28.672 D/ConnectivityService(  381): sendStickyBroadcast: action=android.net.conn.CONNECTIVITY_CHANGE
06-06 23:43:28.682 D/Tethering(  381): MasterInitialState.processMessage what=3
06-06 23:43:28.682 D/StatusBar.NetworkControllerDS(  459): updateConnectivity: intent=Intent { act=android.net.conn.CONNECTIVITY_CHANGE flg=0x8000010 (has extras) }
06-06 23:43:28.692 W/System.err(  658): java.lang.NoSuchFieldException: TYPE_MOBILE2
06-06 23:43:28.692 W/System.err(  658): 	at java.lang.Class.getField(Class.java:787)
06-06 23:43:28.692 W/System.err(  658): 	at com.qihoo360.mobilesafe.service.NetTrafficService.a(360MobileSafe:1075)
06-06 23:43:28.692 W/System.err(  658): 	at com.qihoo360.mobilesafe.service.NetTrafficService.h(360MobileSafe:1027)
06-06 23:43:28.692 W/System.err(  658): 	at com.qihoo360.mobilesafe.service.NetTrafficService.g(360MobileSafe:71)
06-06 23:43:28.692 W/System.err(  658): 	at cen.onReceive(360MobileSafe:589)
06-06 23:43:28.692 W/System.err(  658): 	at android.app.LoadedApk$ReceiverDispatcher$Args.run(LoadedApk.java:755)
06-06 23:43:28.692 W/System.err(  658): 	at android.os.Handler.handleCallback(Handler.java:615)
06-06 23:43:28.692 W/System.err(  658): 	at android.os.Handler.dispatchMessage(Handler.java:92)
06-06 23:43:28.692 D/StatusBar.NetworkControllerDS(  459): updateConnectivity: networkInfo=NetworkInfo: type: WIFI[], state: CONNECTED/CONNECTED, reason: (unspecified), extra: (none), roaming: false, failover: false, isAvailable: true
06-06 23:43:28.692 D/StatusBar.NetworkControllerDS(  459): updateConnectivity: connectionStatus=0
06-06 23:43:28.692 D/StatusBar.NetworkControllerDS(  459): updateTelephonySignalStrength: !hasService()
06-06 23:43:28.692 D/StatusBar.NetworkControllerDS(  459): updateTelephonySignalStrength: !hasService()
06-06 23:43:28.702 D/NetTransportUtil(13802): wifi status:CONNECTED
06-06 23:43:28.702 D/NetTransportUtil(13802): wifi isAvailable:true
06-06 23:43:28.702 I/GTalkService/c(  895): [AndroidEndpoint@1117829824] connect: acct=1000001, state=CONNECTING
06-06 23:43:28.702 W/System.err(  658): 	at android.os.Looper.loop(Looper.java:137)
06-06 23:43:28.702 W/System.err(  658): 	at android.app.ActivityThread.main(ActivityThread.java:4745)
06-06 23:43:28.702 W/System.err(  658): 	at java.lang.reflect.Method.invokeNative(Native Method)
06-06 23:43:28.702 W/System.err(  658): 	at java.lang.reflect.Method.invoke(Method.java:511)
06-06 23:43:28.702 W/System.err(  658): 	at com.android.internal.os.ZygoteInit$MethodAndArgsCaller.run(ZygoteInit.java:787)
06-06 23:43:28.702 W/System.err(  658): 	at com.android.internal.os.ZygoteInit.main(ZygoteInit.java:554)
06-06 23:43:28.702 W/System.err(  658): 	at dalvik.system.NativeStart.main(Native Method)
06-06 23:43:28.702 D/Tethering(  381): MasterInitialState.processMessage what=3
06-06 23:43:28.702 D/MobileDataStateTracker(  381): default: getNetworkInfo(): simId = 0
06-06 23:43:28.702 D/ConnectivityService(  381): handleMessage msg.what=112
06-06 23:43:28.702 D/ConnectivityService(  381): sendStickyBroadcast: action=android.net.conn.CONNECTIVITY_CHANGE
06-06 23:43:28.712 D/NetTransportUtil(13802): wifi status:CONNECTED
06-06 23:43:28.712 D/NetTransportUtil(13802): wifi isAvailable:true
06-06 23:43:28.712 D/StatusBar.NetworkControllerDS(  459): updateConnectivity: intent=Intent { act=android.net.conn.CONNECTIVITY_CHANGE flg=0x8000010 (has extras) }
06-06 23:43:28.712 D/StatusBar.NetworkControllerDS(  459): updateConnectivity: networkInfo=NetworkInfo: type: WIFI[], state: CONNECTED/CONNECTED, reason: (unspecified), extra: (none), roaming: false, failover: false, isAvailable: true
06-06 23:43:28.712 D/StatusBar.NetworkControllerDS(  459): updateConnectivity: connectionStatus=0
06-06 23:43:28.712 D/StatusBar.NetworkControllerDS(  459): updateTelephonySignalStrength: !hasService()
06-06 23:43:28.712 D/StatusBar.NetworkControllerDS(  459): updateTelephonySignalStrength: !hasService()
06-06 23:43:28.722 W/System.err(  658): java.lang.NoSuchFieldException: TYPE_MOBILE2
06-06 23:43:28.722 D/MobileDataStateTracker(  381): default: getNetworkInfo(): simId = 0
06-06 23:43:28.732 W/System.err(  658): 	at java.lang.Class.getField(Class.java:787)
06-06 23:43:28.732 W/System.err(  658): 	at com.qihoo360.mobilesafe.service.NetTrafficService.a(360MobileSafe:1075)
06-06 23:43:28.732 W/System.err(  658): 	at com.qihoo360.mobilesafe.service.NetTrafficService.h(360MobileSafe:1027)
06-06 23:43:28.732 W/System.err(  658): 	at com.qihoo360.mobilesafe.service.NetTrafficService.g(360MobileSafe:71)
06-06 23:43:28.732 W/System.err(  658): 	at cen.onReceive(360MobileSafe:618)
06-06 23:43:28.732 W/System.err(  658): 	at android.app.LoadedApk$ReceiverDispatcher$Args.run(LoadedApk.java:755)
06-06 23:43:28.732 W/System.err(  658): 	at android.os.Handler.handleCallback(Handler.java:615)
06-06 23:43:28.732 W/System.err(  658): 	at android.os.Handler.dispatchMessage(Handler.java:92)
06-06 23:43:28.732 W/System.err(  658): 	at android.os.Looper.loop(Looper.java:137)
06-06 23:43:28.732 W/System.err(  658): 	at android.app.ActivityThread.main(ActivityThread.java:4745)
06-06 23:43:28.732 W/System.err(  658): 	at java.lang.reflect.Method.invokeNative(Native Method)
06-06 23:43:28.732 W/System.err(  658): 	at java.lang.reflect.Method.invoke(Method.java:511)
06-06 23:43:28.732 W/System.err(  658): 	at com.android.internal.os.ZygoteInit$MethodAndArgsCaller.run(ZygoteInit.java:787)
06-06 23:43:28.732 W/System.err(  658): 	at com.android.internal.os.ZygoteInit.main(ZygoteInit.java:554)
06-06 23:43:28.732 W/System.err(  658): 	at dalvik.system.NativeStart.main(Native Method)
06-06 23:43:28.732 D/MobileDataStateTracker(  381): default: getNetworkInfo(): simId = 0
06-06 23:43:28.732 D/MobileDataStateTracker(  381): default: getNetworkInfo(): simId = 0
06-06 23:43:28.752 D/dalvikvm( 3479): WAIT_FOR_CONCURRENT_GC blocked 0ms
06-06 23:43:28.772 W/System.err(  658): java.lang.NoSuchFieldException: TYPE_MOBILE2
06-06 23:43:28.772 W/System.err(  658): 	at java.lang.Class.getField(Class.java:787)
06-06 23:43:28.772 W/System.err(  658): 	at com.qihoo360.mobilesafe.service.NetTrafficService.a(360MobileSafe:1075)
06-06 23:43:28.772 W/System.err(  658): 	at com.qihoo360.mobilesafe.service.NetTrafficService.h(360MobileSafe:1027)
06-06 23:43:28.772 W/System.err(  658): 	at com.qihoo360.mobilesafe.service.NetTrafficService.g(360MobileSafe:71)
06-06 23:43:28.772 W/System.err(  658): 	at cen.onReceive(360MobileSafe:589)
06-06 23:43:28.772 W/System.err(  658): 	at android.app.LoadedApk$ReceiverDispatcher$Args.run(LoadedApk.java:755)
06-06 23:43:28.772 W/System.err(  658): 	at android.os.Handler.handleCallback(Handler.java:615)
06-06 23:43:28.772 W/System.err(  658): 	at android.os.Handler.dispatchMessage(Handler.java:92)
06-06 23:43:28.772 W/System.err(  658): 	at android.os.Looper.loop(Looper.java:137)
06-06 23:43:28.772 W/System.err(  658): 	at android.app.ActivityThread.main(ActivityThread.java:4745)
06-06 23:43:28.772 W/System.err(  658): 	at java.lang.reflect.Method.invokeNative(Native Method)
06-06 23:43:28.772 W/System.err(  658): 	at java.lang.reflect.Method.invoke(Method.java:511)
06-06 23:43:28.772 W/System.err(  658): 	at com.android.internal.os.ZygoteInit$MethodAndArgsCaller.run(ZygoteInit.java:787)
06-06 23:43:28.772 W/System.err(  658): 	at com.android.internal.os.ZygoteInit.main(ZygoteInit.java:554)
06-06 23:43:28.772 W/System.err(  658): 	at dalvik.system.NativeStart.main(Native Method)
06-06 23:43:28.792 D/dalvikvm( 3479): GC_EXPLICIT freed 1431K, 44% free 12524K/22147K, paused 2ms+4ms, total 38ms
06-06 23:43:28.852 D/NetTransportUtil(13802): wifi status:CONNECTED
06-06 23:43:28.852 D/NetTransportUtil(13802): wifi isAvailable:true
06-06 23:43:28.872 D/MobileDataStateTracker(  381): default: getNetworkInfo(): simId = 0
06-06 23:43:28.942 D/NetTransportUtil(13802): wifi status:CONNECTED
06-06 23:43:28.942 D/NetTransportUtil(13802): wifi isAvailable:true
06-06 23:43:28.952 D/dalvikvm(13885): GC_CONCURRENT freed 1761K, 30% free 13335K/18819K, paused 13ms+7ms, total 65ms
06-06 23:43:28.952 D/dalvikvm(13885): WAIT_FOR_CONCURRENT_GC blocked 38ms
06-06 23:43:28.952 D/dalvikvm(13885): WAIT_FOR_CONCURRENT_GC blocked 38ms
06-06 23:43:28.972 W/ba      (13885): EXCEPTION, please implement com.wandoujia.phoenix2.cloud.e.exceptionCaught() for proper handling.
06-06 23:43:28.972 W/ba      (13885): java.lang.IllegalArgumentException: unsupported message type: class com.wandoujia.phoenix2.cloud.b.a.b
06-06 23:43:28.972 W/ba      (13885): 	at org.jboss.netty.channel.socket.a.ah.a(Unknown Source)
06-06 23:43:28.972 W/ba      (13885): 	at org.jboss.netty.channel.socket.a.f.e(Unknown Source)
06-06 23:43:28.972 W/ba      (13885): 	at org.jboss.netty.channel.socket.a.f.b(Unknown Source)
06-06 23:43:28.972 W/ba      (13885): 	at org.jboss.netty.channel.socket.a.b$b.run(Unknown Source)
06-06 23:43:28.972 W/ba      (13885): 	at org.jboss.netty.channel.socket.a.d.f(Unknown Source)
06-06 23:43:28.972 W/ba      (13885): 	at org.jboss.netty.channel.socket.a.d.run(Unknown Source)
06-06 23:43:28.972 W/ba      (13885): 	at org.jboss.netty.channel.socket.a.f.run(Unknown Source)
06-06 23:43:28.972 W/ba      (13885): 	at org.jboss.netty.channel.socket.a.ad.run(Unknown Source)
06-06 23:43:28.972 W/ba      (13885): 	at org.jboss.netty.util.k.run(Unknown Source)
06-06 23:43:28.972 W/ba      (13885): 	at org.jboss.netty.util.internal.d.run(Unknown Source)
06-06 23:43:28.972 W/ba      (13885): 	at java.util.concurrent.ThreadPoolExecutor.runWorker(ThreadPoolExecutor.java:1076)
06-06 23:43:28.972 W/ba      (13885): 	at java.util.concurrent.ThreadPoolExecutor$Worker.run(ThreadPoolExecutor.java:569)
06-06 23:43:28.972 W/ba      (13885): 	at java.lang.Thread.run(Thread.java:856)
06-06 23:43:28.992 D/MobileDataStateTracker(  381): default: getNetworkInfo(): simId = 0
06-06 23:43:29.022 W/ba      (13885): EXCEPTION, please implement com.wandoujia.phoenix2.cloud.e.exceptionCaught() for proper handling.
06-06 23:43:29.022 W/ba      (13885): java.lang.IllegalArgumentException: unsupported message type: class com.wandoujia.phoenix2.cloud.b.a.b
06-06 23:43:29.022 W/ba      (13885): 	at org.jboss.netty.channel.socket.a.ah.a(Unknown Source)
06-06 23:43:29.022 W/ba      (13885): 	at org.jboss.netty.channel.socket.a.f.e(Unknown Source)
06-06 23:43:29.022 W/ba      (13885): 	at org.jboss.netty.channel.socket.a.f.b(Unknown Source)
06-06 23:43:29.022 W/ba      (13885): 	at org.jboss.netty.channel.socket.a.b$b.run(Unknown Source)
06-06 23:43:29.022 W/ba      (13885): 	at org.jboss.netty.channel.socket.a.d.f(Unknown Source)
06-06 23:43:29.022 W/ba      (13885): 	at org.jboss.netty.channel.socket.a.d.run(Unknown Source)
06-06 23:43:29.022 W/ba      (13885): 	at org.jboss.netty.channel.socket.a.f.run(Unknown Source)
06-06 23:43:29.022 W/ba      (13885): 	at org.jboss.netty.channel.socket.a.ad.run(Unknown Source)
06-06 23:43:29.022 W/ba      (13885): 	at org.jboss.netty.util.k.run(Unknown Source)
06-06 23:43:29.022 W/ba      (13885): 	at org.jboss.netty.util.internal.d.run(Unknown Source)
06-06 23:43:29.022 W/ba      (13885): 	at java.util.concurrent.ThreadPoolExecutor.runWorker(ThreadPoolExecutor.java:1076)
06-06 23:43:29.022 W/ba      (13885): 	at java.util.concurrent.ThreadPoolExecutor$Worker.run(ThreadPoolExecutor.java:569)
06-06 23:43:29.022 W/ba      (13885): 	at java.lang.Thread.run(Thread.java:856)
06-06 23:43:29.392 D/ConnectivityService(  381): reportNetworkCondition(1, 100)
06-06 23:43:29.392 D/ConnectivityService(  381): handleMessage msg.what=104
06-06 23:43:29.392 D/ConnectivityService(  381): handleInetConditionChange: net=1, condition=100,mActiveDefaultNetwork=1
06-06 23:43:29.392 D/ConnectivityService(  381): handleInetConditionChange: starting a change hold
06-06 23:43:29.562 D/HomeActivity(13802): MSG_DEVICE_CHANGED, DeviceList size:1
06-06 23:43:29.562 D/AudioPolicyManagerALSA(  118): getOutput: stream=3, samplingRate=0, format=0, channels=0x3,flags=0 mPhoneState=0
06-06 23:43:29.562 V/AudioPolicyManagerALSA(  118): ->getDeviceForStrategy() strategy 0, fromCache 0
06-06 23:43:29.562 D/AudioPolicyManagerALSA(  118): mFmRadioStatus=0,mFmRadioSinkDev=4,device2=0
06-06 23:43:29.562 V/AudioPolicyManagerBase(  118): getOutput() stream 3, samplingRate 0, format 0, channelMask 3, flags 0
06-06 23:43:29.562 V/AudioPolicyManagerBase(  118): getOutput() returns output 2
06-06 23:43:29.562 I/AudioPolicyManagerALSA(  118): getOutput: get output =2 for stream=3, samplingRate=0, format=0, channels=0x3,flags=0 flag mPhoneState=0
06-06 23:43:29.562 D/AudioPolicyManagerALSA(  118): getOutput: stream=3, samplingRate=0, format=0, channels=0x3,flags=0 mPhoneState=0
06-06 23:43:29.562 V/AudioPolicyManagerALSA(  118): ->getDeviceForStrategy() strategy 0, fromCache 0
06-06 23:43:29.562 D/AudioPolicyManagerALSA(  118): mFmRadioStatus=0,mFmRadioSinkDev=4,device2=0
06-06 23:43:29.562 V/AudioPolicyManagerBase(  118): getOutput() stream 3, samplingRate 0, format 0, channelMask 3, flags 0
06-06 23:43:29.572 V/AudioPolicyManagerBase(  118): getOutput() returns output 2
06-06 23:43:29.572 I/AudioPolicyManagerALSA(  118): getOutput: get output =2 for stream=3, samplingRate=0, format=0, channels=0x3,flags=0 flag mPhoneState=0
06-06 23:43:29.572 D/AudioPolicyManagerALSA(  118): getOutput: stream=3, samplingRate=44100, format=1, channels=0x1,flags=4 mPhoneState=0
06-06 23:43:29.572 V/AudioPolicyManagerALSA(  118): ->getDeviceForStrategy() strategy 0, fromCache 0
06-06 23:43:29.572 D/AudioPolicyManagerALSA(  118): mFmRadioStatus=0,mFmRadioSinkDev=4,device2=0
06-06 23:43:29.572 V/AudioPolicyManagerALSA(  118): getOutputsFor44K() device 0x8 mOutputs.size()=2
06-06 23:43:29.572 V/AudioPolicyManagerALSA(  118): ->getDeviceForStrategy() strategy 0, fromCache 0
06-06 23:43:29.572 D/AudioPolicyManagerALSA(  118): mFmRadioStatus=0,mFmRadioSinkDev=4,device2=0
06-06 23:43:29.572 V/AudioPolicyManagerBase(  118): getOutput() stream 3, samplingRate 44100, format 1, channelMask 1, flags 4
06-06 23:43:29.572 V/AudioPolicyManagerBase(  118): getOutput() returns output 2
06-06 23:43:29.572 I/AudioPolicyManagerALSA(  118): getOutput: get output =2 for stream=3, samplingRate=44100, format=1, channels=0x1,flags=4 flag mPhoneState=0
06-06 23:43:29.572 V/AudioFlinger(  118): createTrack() sessionId: 0
06-06 23:43:29.572 V/AudioFlinger(  118): createTrack() lSessionId: 1004
06-06 23:43:29.572 V/AudioFlinger(  118): AUDIO_OUTPUT_FLAG_FAST denied: isTimed=0 sharedBuffer=0x0 frameCount=7526 mFrameCount=2048 format=1 isLinear=1 channelMask=1 sampleRate=44100 mSampleRate=48000 hasFastMixer=0 tid=15334 fastTrackAvailMask=0xfe
06-06 23:43:29.572 V/AudioFlinger(  118): Track constructor name 4101, calling pid 13802
06-06 23:43:29.572 V/AudioFlinger(  118): acquiring 1004 from 13802
06-06 23:43:29.572 V/AudioFlinger(  118):  added new entry for 1004
06-06 23:43:29.572 V/AudioFlinger(  118): start(4101), calling pid 13802 session 1004
06-06 23:43:29.572 V/AudioFlinger(  118): ? => ACTIVE (4101) on thread 0x41dc3b48
06-06 23:43:29.572 V/AudioPolicyManagerBase(  118): startOutput() output 2, stream 3, session 1004
06-06 23:43:29.572 V/AudioPolicyManagerBase(  118): changeRefCount() stream 3, count 2
06-06 23:43:29.572 I/AudioPolicyManagerALSA(  118): refcount 2 handle 2
06-06 23:43:29.572 I/AudioPolicyManagerALSA(  118): startOutput musicStreamCount = 2
06-06 23:43:29.572 V/AudioFlinger(  118): mWaitWorkCV.broadcast
06-06 23:43:29.572 V/AudioPolicyManagerBase(  118): releaseOutput() 2
06-06 23:43:29.572 V/AudioFlinger(  118): remove track (4100) and delete from mixer
06-06 23:43:29.572 V/AudioFlinger(  118): PlaybackThread::Track destructor
06-06 23:43:29.572 V/AudioFlinger(  118): releasing 1001 from 13802
06-06 23:43:29.572 V/AudioFlinger(  118):  decremented refcount to 0
06-06 23:43:29.582 V/AudioFlinger(  118): purging stale effects
06-06 23:43:29.582 D/SoundUtil(13802): playDeviceChangedSound
06-06 23:43:29.582 W/HomeActivity(13802):  ------:: current=0
06-06 23:43:29.582 W/HomeActivity(13802):  ------:: remote=tc123 192.168.43.1
06-06 23:43:29.582 D/HomeActivity(13802):  ------:: onDeviceChanged() -> begin
06-06 23:43:29.582 D/HomeActivity(13802):  ------:: onDeviceChanged() -> end
06-06 23:43:29.582 V/Device  (13802): 192.168.43.1: state=0,will change to =2
06-06 23:43:29.582 V/Device  (13802): 192.168.43.1: state=0,will change to =0
06-06 23:43:29.582 V/Device  (13802): 192.168.43.1: state=2,will change to =3
06-06 23:43:29.582 W/HomeActivity(13802): sendSetting() begin
06-06 23:43:29.582 W/RepeatSendMsgTask(13802): RepeatSendMsgTask ->sendTask() begin
06-06 23:43:29.582 W/RepeatSendMsgTask(13802): send getnetwork -> 192.168.43.1
06-06 23:43:29.582 W/RepeatSendMsgTask(13802): sendNetworkStatusEntity -> type=p2p,name=null,mac=null,state=on,result=null
06-06 23:43:29.582 W/HomeActivity(13802): sendSetting() end
06-06 23:43:29.582 D/HomeActivity(13802): Only one device, connect automatic
06-06 23:43:29.592 W/RepeatSendMsgTask(13802): receiveThread() begin
06-06 23:43:29.592 W/RepeatSendMsgTask(13802): receiveThread() begin getnetwork
06-06 23:43:29.602 W/RepeatSendMsgTask(13802): NetworkStatusEntity -> type=p2p,name=tc123X
06-06 23:43:29.602 W/RepeatSendMsgTask(13802): @,mac=a6:a8:20:13:03:6e,state=null,result=success
06-06 23:43:29.602 D/HomeActivity(13802):  ------:: position=0index=0
06-06 23:43:29.602 D/HomeActivity(13802):  ------:: position=0 getCount()=1
06-06 23:43:29.602 D/HomeActivity(13802):  ------:: remote.name=com.coship.protocol.adapter.oto.OtODevice@42e2d498 remote.addr=192.168.43.1 getCount()=1
06-06 23:43:29.602 V/Device  (13802): 192.168.43.1: state=3,will change to =3
06-06 23:43:29.612 D/StatusBar.NetworkControllerDS(  459): updateTelephonySignalStrength: !hasService()
06-06 23:43:29.612 D/StatusBar.NetworkControllerDS(  459): updateTelephonySignalStrength: !hasService()
06-06 23:43:29.622 D/PinyinIME(  519): PinyinIME--->onFinishInput.
06-06 23:43:29.692 D/dalvikvm(  381): WAIT_FOR_CONCURRENT_GC blocked 0ms
06-06 23:43:29.712 W/System.err(13802): java.lang.InterruptedException
06-06 23:43:29.712 W/System.err(13802): 	at java.lang.VMThread.sleep(Native Method)
06-06 23:43:29.712 W/System.err(13802): 	at java.lang.Thread.sleep(Thread.java:1031)
06-06 23:43:29.712 W/System.err(13802): 	at java.lang.Thread.sleep(Thread.java:1013)
06-06 23:43:29.712 W/System.err(13802): 	at com.coship.momokan.util.RepeatSendMsgTask$1.run(Unknown Source)
06-06 23:43:29.712 E/RepeatSendMsgTask(13802): Socket closed
06-06 23:43:29.782 D/dalvikvm(  381): GC_EXPLICIT freed 1316K, 48% free 14245K/27395K, paused 7ms+7ms, total 86ms
06-06 23:43:29.782 D/HomeActivity(13802): R.id.btn_device_list
06-06 23:43:29.782 D/HomeActivity(13802): R.id.btn_device_list ==false
06-06 23:43:29.892 D/ConnectivityService(  381): handleMessage msg.what=105
06-06 23:43:29.892 D/ConnectivityService(  381): handleInetConditionHoldEnd: net=1, condition=100, published condition=0
06-06 23:43:29.892 D/ConnectivityService(  381): sendStickyBroadcast: action=android.net.conn.INET_CONDITION_ACTION
06-06 23:43:29.902 D/StatusBar.NetworkControllerDS(  459): updateConnectivity: intent=Intent { act=android.net.conn.INET_CONDITION_ACTION flg=0x8000010 (has extras) }
06-06 23:43:29.902 D/StatusBar.NetworkControllerDS(  459): updateConnectivity: networkInfo=NetworkInfo: type: WIFI[], state: CONNECTED/CONNECTED, reason: (unspecified), extra: (none), roaming: false, failover: false, isAvailable: true
06-06 23:43:29.902 D/StatusBar.NetworkControllerDS(  459): updateConnectivity: connectionStatus=100
06-06 23:43:29.902 D/StatusBar.NetworkControllerDS(  459): updateTelephonySignalStrength: !hasService()
06-06 23:43:29.902 D/StatusBar.NetworkControllerDS(  459): updateTelephonySignalStrength: !hasService()
06-06 23:43:30.082 V/AudioFlinger(  118): getNextBuffer() no more data for track 4101 on thread 0x41b957e0
06-06 23:43:30.082 V/AudioFlinger(  118): stop(4101), calling pid 13802
06-06 23:43:30.082 V/AudioFlinger(  118): not stopping/stopped => stopping/stopped (4101) on thread 0x41b957e0
06-06 23:43:30.082 V/AudioPolicyManagerBase(  118): stopOutput() output 2, stream 3, session 1004
06-06 23:43:30.082 V/AudioFlinger(  118): presentationComplete() reset: mPresentationCompleteFrames 295647216 audioHalFrames 4080
06-06 23:43:30.082 V/AudioPolicyManagerBase(  118): changeRefCount() stream 3, count 1
06-06 23:43:30.162 V/AudioFlinger(  118): presentationComplete() session 1004 complete: framesWritten 295647232
06-06 23:43:30.162 V/AudioFlinger(  118): TrackBase::reset
06-06 23:43:30.512 D/[TCP_SERVER](13944): Session local:/127.0.0.1:10201 remote:/127.0.0.1:37169@Dispatching 149 bytes data to uplayer
06-06 23:43:30.562 D/OtODeviceAdapter(13802): searchRemoteDevicesThread -> end
06-06 23:43:30.562 D/OtODeviceAdapter(13802): searchRemoteDevicesThread -> begin
06-06 23:43:30.562 D/OtODeviceAdapter(13802): searchRemoteDevicesByMDNS -> begin
06-06 23:43:30.582 D/HomeActivity(13802): MSG_DEVICE_CHANGED, DeviceList size:1
06-06 23:43:30.582 D/AudioPolicyManagerALSA(  118): getOutput: stream=3, samplingRate=0, format=0, channels=0x3,flags=0 mPhoneState=0
06-06 23:43:30.582 V/AudioPolicyManagerALSA(  118): ->getDeviceForStrategy() strategy 0, fromCache 0
06-06 23:43:30.582 D/AudioPolicyManagerALSA(  118): mFmRadioStatus=0,mFmRadioSinkDev=4,device2=0
06-06 23:43:30.582 V/AudioPolicyManagerBase(  118): getOutput() stream 3, samplingRate 0, format 0, channelMask 3, flags 0
06-06 23:43:30.582 V/AudioPolicyManagerBase(  118): getOutput() returns output 2
06-06 23:43:30.582 I/AudioPolicyManagerALSA(  118): getOutput: get output =2 for stream=3, samplingRate=0, format=0, channels=0x3,flags=0 flag mPhoneState=0
06-06 23:43:30.582 D/AudioPolicyManagerALSA(  118): getOutput: stream=3, samplingRate=0, format=0, channels=0x3,flags=0 mPhoneState=0
06-06 23:43:30.582 V/AudioPolicyManagerALSA(  118): ->getDeviceForStrategy() strategy 0, fromCache 0
06-06 23:43:30.582 D/AudioPolicyManagerALSA(  118): mFmRadioStatus=0,mFmRadioSinkDev=4,device2=0
06-06 23:43:30.582 V/AudioPolicyManagerBase(  118): getOutput() stream 3, samplingRate 0, format 0, channelMask 3, flags 0
06-06 23:43:30.582 V/AudioPolicyManagerBase(  118): getOutput() returns output 2
06-06 23:43:30.582 I/AudioPolicyManagerALSA(  118): getOutput: get output =2 for stream=3, samplingRate=0, format=0, channels=0x3,flags=0 flag mPhoneState=0
06-06 23:43:30.582 D/AudioPolicyManagerALSA(  118): getOutput: stream=3, samplingRate=44100, format=1, channels=0x1,flags=4 mPhoneState=0
06-06 23:43:30.582 V/AudioPolicyManagerALSA(  118): ->getDeviceForStrategy() strategy 0, fromCache 0
06-06 23:43:30.582 D/AudioPolicyManagerALSA(  118): mFmRadioStatus=0,mFmRadioSinkDev=4,device2=0
06-06 23:43:30.582 V/AudioPolicyManagerALSA(  118): getOutputsFor44K() device 0x8 mOutputs.size()=2
06-06 23:43:30.582 V/AudioPolicyManagerALSA(  118): ->getDeviceForStrategy() strategy 0, fromCache 0
06-06 23:43:30.582 D/AudioPolicyManagerALSA(  118): mFmRadioStatus=0,mFmRadioSinkDev=4,device2=0
06-06 23:43:30.582 V/AudioPolicyManagerBase(  118): getOutput() stream 3, samplingRate 44100, format 1, channelMask 1, flags 4
06-06 23:43:30.582 V/AudioPolicyManagerBase(  118): getOutput() returns output 2
06-06 23:43:30.582 I/AudioPolicyManagerALSA(  118): getOutput: get output =2 for stream=3, samplingRate=44100, format=1, channels=0x1,flags=4 flag mPhoneState=0
06-06 23:43:30.582 V/AudioFlinger(  118): createTrack() sessionId: 0
06-06 23:43:30.582 V/AudioFlinger(  118): createTrack() lSessionId: 1005
06-06 23:43:30.582 V/AudioFlinger(  118): AUDIO_OUTPUT_FLAG_FAST denied: isTimed=0 sharedBuffer=0x0 frameCount=7526 mFrameCount=2048 format=1 isLinear=1 channelMask=1 sampleRate=44100 mSampleRate=48000 hasFastMixer=0 tid=15339 fastTrackAvailMask=0xfe
06-06 23:43:30.582 V/AudioFlinger(  118): Track constructor name 4100, calling pid 13802
06-06 23:43:30.582 V/AudioFlinger(  118): acquiring 1005 from 13802
06-06 23:43:30.582 V/AudioFlinger(  118):  added new entry for 1005
06-06 23:43:30.582 V/AudioFlinger(  118): start(4100), calling pid 13802 session 1005
06-06 23:43:30.582 V/AudioFlinger(  118): ? => ACTIVE (4100) on thread 0x41f14210
06-06 23:43:30.582 V/AudioPolicyManagerBase(  118): startOutput() output 2, stream 3, session 1005
06-06 23:43:30.582 V/AudioPolicyManagerBase(  118): changeRefCount() stream 3, count 2
06-06 23:43:30.582 I/AudioPolicyManagerALSA(  118): refcount 2 handle 2
06-06 23:43:30.582 I/AudioPolicyManagerALSA(  118): startOutput musicStreamCount = 2
06-06 23:43:30.582 V/AudioFlinger(  118): mWaitWorkCV.broadcast
06-06 23:43:30.582 V/AudioFlinger(  118): releasing 1004 from 13802
06-06 23:43:30.582 V/AudioFlinger(  118):  decremented refcount to 0
06-06 23:43:30.582 V/AudioFlinger(  118): purging stale effects
06-06 23:43:30.582 V/AudioPolicyManagerBase(  118): releaseOutput() 2
06-06 23:43:30.582 V/AudioFlinger(  118): remove track (4101) and delete from mixer
06-06 23:43:30.582 V/AudioFlinger(  118): PlaybackThread::Track destructor
06-06 23:43:30.582 D/SoundUtil(13802): playDeviceChangedSound
06-06 23:43:30.582 W/HomeActivity(13802):  ------:: current=0
06-06 23:43:30.582 W/HomeActivity(13802):  ------:: remote=tc123 192.168.43.1
06-06 23:43:30.592 V/Device  (13802): 192.168.43.1: state=3,will change to =0
06-06 23:43:30.592 V/Device  (13802): 192.168.43.1: state=0,will change to =3
06-06 23:43:30.592 W/HomeActivity(13802): sendSetting() begin
06-06 23:43:30.592 W/RepeatSendMsgTask(13802): RepeatSendMsgTask ->sendTask() begin
06-06 23:43:30.612 W/RepeatSendMsgTask(13802): send getnetwork -> 192.168.43.1
06-06 23:43:30.612 W/RepeatSendMsgTask(13802): sendNetworkStatusEntity -> type=p2p,name=null,mac=null,state=on,result=null
06-06 23:43:30.612 W/HomeActivity(13802): sendSetting() end
06-06 23:43:30.612 D/HomeActivity(13802): Only one device, connect automatic
06-06 23:43:30.622 D/HomeActivity(13802):  ------:: position=0index=0
06-06 23:43:30.622 D/HomeActivity(13802):  ------:: position=0 getCount()=1
06-06 23:43:30.622 D/HomeActivity(13802):  ------:: remote.name=com.coship.protocol.adapter.oto.OtODevice@42e2d498 remote.addr=192.168.43.1 getCount()=1
06-06 23:43:30.622 V/Device  (13802): 192.168.43.1: state=3,will change to =3
06-06 23:43:30.622 W/RepeatSendMsgTask(13802): receiveThread() begin
06-06 23:43:30.622 W/RepeatSendMsgTask(13802): receiveThread() begin getnetwork
06-06 23:43:30.622 W/RepeatSendMsgTask(13802): NetworkStatusEntity -> type=p2p,name=tc123X
06-06 23:43:30.622 W/RepeatSendMsgTask(13802): @,mac=a6:a8:20:13:03:6e,state=null,result=success
06-06 23:43:30.662 D/dalvikvm(13802): GC_CONCURRENT freed 2007K, 15% free 45554K/53251K, paused 12ms+6ms, total 73ms
06-06 23:43:30.662 D/dalvikvm(13802): WAIT_FOR_CONCURRENT_GC blocked 41ms
06-06 23:43:30.672 D/dalvikvm(13802): WAIT_FOR_CONCURRENT_GC blocked 24ms
06-06 23:43:30.682 D/OtODeviceAdapter(13802): mdnsUtilList size = 1
06-06 23:43:30.682 D/OtODeviceAdapter(13802): <<<<<<<<<<<<<<,  name=tc123 address=192.168.43.1
06-06 23:43:30.682 D/OtODeviceAdapter(13802): searchRemoteDevicesByMDNS -> begin
06-06 23:43:30.722 W/System.err(13802): java.lang.InterruptedException
06-06 23:43:30.722 W/System.err(13802): 	at java.lang.VMThread.sleep(Native Method)
06-06 23:43:30.722 W/System.err(13802): 	at java.lang.Thread.sleep(Thread.java:1031)
06-06 23:43:30.722 W/System.err(13802): 	at java.lang.Thread.sleep(Thread.java:1013)
06-06 23:43:30.722 W/System.err(13802): 	at com.coship.momokan.util.RepeatSendMsgTask$1.run(Unknown Source)
06-06 23:43:30.722 E/RepeatSendMsgTask(13802): Socket closed
06-06 23:43:31.062 V/AudioFlinger(  118): getNextBuffer() no more data for track 4100 on thread 0x41b957e0
06-06 23:43:31.062 V/AudioFlinger(  118): stop(4100), calling pid 13802
06-06 23:43:31.062 V/AudioFlinger(  118): not stopping/stopped => stopping/stopped (4100) on thread 0x41b957e0
06-06 23:43:31.062 V/AudioPolicyManagerBase(  118): stopOutput() output 2, stream 3, session 1005
06-06 23:43:31.062 V/AudioPolicyManagerBase(  118): changeRefCount() stream 3, count 1
06-06 23:43:31.082 V/AudioFlinger(  118): presentationComplete() reset: mPresentationCompleteFrames 295694320 audioHalFrames 4080
06-06 23:43:31.102 V/AudioFlinger(  118): presentationComplete() session 1005 complete: framesWritten 295694336
06-06 23:43:31.102 V/AudioFlinger(  118): TrackBase::reset
06-06 23:43:31.752 D/SizeAdaptiveLayout(  459): com.android.internal.widget.SizeAdaptiveLayout@43064338child view android.widget.RelativeLayout@434e4250 measured out of bounds at 124px clamped to 128px
06-06 23:43:31.752 D/SizeAdaptiveLayout(  459): com.android.internal.widget.SizeAdaptiveLayout@43064338child view android.widget.RelativeLayout@434e4250 measured out of bounds at 124px clamped to 128px
06-06 23:43:31.972 D/DownloadCompleteReceiver(14063):  TYPE_WIFI info.isConnected():true
06-06 23:43:31.972 D/DownloadCompleteReceiver(14063): isConnecting():true
06-06 23:43:31.972 D/DownloadCompleteReceiver(14063):  TYPE_WIFI info.isConnected():true
06-06 23:43:31.982 D/DownloadCompleteReceiver(14063): ********* downloadURL:
06-06 23:43:31.982 D/DownloadCompleteReceiver(14063):  getTotalInternalSize:14135926784
06-06 23:43:31.982 D/DownloadCompleteReceiver(14063):  SoftVersionnum:V225R001
06-06 23:43:32.062 D/DownloadCompleteReceiver(14063):  TYPE_WIFI info.isConnected():true
06-06 23:43:32.062 D/DownloadCompleteReceiver(14063): isConnecting():true
06-06 23:43:32.062 D/DownloadCompleteReceiver(14063):  TYPE_WIFI info.isConnected():true
06-06 23:43:32.062 D/DownloadCompleteReceiver(14063): ********* downloadURL:
06-06 23:43:32.062 D/DownloadCompleteReceiver(14063):  getTotalInternalSize:14135926784
06-06 23:43:32.062 D/DownloadCompleteReceiver(14063):  SoftVersionnum:V225R001
06-06 23:43:32.242 D/DownloadCompleteReceiver(14063): coship mServerVerstion:V225R001C01B082
06-06 23:43:32.242 D/DownloadCompleteReceiver(14063):   DOWNLOAD_VERSION_FILE_URL:http://update.coship.com/update/Fphone/version_new.txt
06-06 23:43:32.242 D/DownloadCompleteReceiver(14063): updateEx mServerVerstion:V225R001C01B082
06-06 23:43:32.242 D/DownloadCompleteReceiver(14063):  local:085
06-06 23:43:32.242 D/DownloadCompleteReceiver(14063):  server:082
06-06 23:43:32.442 D/DownloadCompleteReceiver(14063): coship mServerVerstion:V225R001C01B082
06-06 23:43:32.442 D/DownloadCompleteReceiver(14063):   DOWNLOAD_VERSION_FILE_URL:http://update.coship.com/update/Fphone/version_new.txt
06-06 23:43:32.442 D/DownloadCompleteReceiver(14063): updateEx mServerVerstion:V225R001C01B082
06-06 23:43:32.442 D/DownloadCompleteReceiver(14063):  local:085
06-06 23:43:32.442 D/DownloadCompleteReceiver(14063):  server:082
06-06 23:43:32.682 D/OtODeviceAdapter(13802): searchRemoteDevicesThread -> end
06-06 23:43:32.682 D/OtODeviceAdapter(13802): searchRemoteDevicesThread -> begin
06-06 23:43:32.682 D/OtODeviceAdapter(13802): searchRemoteDevicesByMDNS -> begin
06-06 23:43:32.722 D/OtODeviceAdapter(13802): mdnsUtilList size = 1
06-06 23:43:32.722 D/OtODeviceAdapter(13802): <<<<<<<<<<<<<<,  name=tc123 address=192.168.43.1
06-06 23:43:32.722 D/OtODeviceAdapter(13802): searchRemoteDevicesByMDNS -> begin
06-06 23:43:32.722 D/DownloadCompleteReceiver(14063):  TYPE_WIFI info.isConnected():true
06-06 23:43:32.722 D/DownloadCompleteReceiver(14063): isConnecting():true
06-06 23:43:32.722 D/DownloadCompleteReceiver(14063):  TYPE_WIFI info.isConnected():true
06-06 23:43:32.722 D/DownloadCompleteReceiver(14063): ********* downloadURL:
06-06 23:43:32.722 D/DownloadCompleteReceiver(14063):  getTotalInternalSize:14135926784
06-06 23:43:32.722 D/DownloadCompleteReceiver(14063):  SoftVersionnum:V225R001
