06-07 13:41:56.031 D/InputEventConsistencyVerifier( 1261):   2: sent at 48084961000000, KeyEvent { action=ACTION_DOWN, keyCode=KEYCODE_ENTER, scanCode=28, metaState=0, flags=0x8, repeatCount=0, eventTime=48084961, downTime=48084961, deviceId=1, source=0x101 }
06-07 13:41:56.031 D/InputEventConsistencyVerifier( 1261):   3: sent at 48084768000000, KeyEvent { action=ACTION_UP, keyCode=KEYCODE_DPAD_DOWN, scanCode=108, metaState=0, flags=0x8, repeatCount=0, eventTime=48084768, downTime=48084557, deviceId=1, source=0x101 }
06-07 13:41:56.031 D/InputEventConsistencyVerifier( 1261):   4: sent at 48084557000000, KeyEvent { action=ACTION_DOWN, keyCode=KEYCODE_DPAD_DOWN, scanCode=108, metaState=0, flags=0x8, repeatCount=0, eventTime=48084557, downTime=48084557, deviceId=1, source=0x101 }
06-07 13:41:56.031 D/InputEventConsistencyVerifier( 1261):   5: sent at 48084084000000, KeyEvent { action=ACTION_UP, keyCode=KEYCODE_ENTER, scanCode=28, metaState=0, flags=0x8, repeatCount=0, eventTime=48084084, downTime=48083872, deviceId=1, source=0x101 }
06-07 13:41:56.039 W/InputManagerService(  989): Starting input on non-focused client com.android.internal.view.IInputMethodClient$Stub$Proxy@4168c290 (uid=1000 pid=1650)
06-07 13:41:56.079 E/fbdev   ( 1032): Attention! GFLIP time out, force update gop ring buffer!
06-07 13:41:56.108 E/fbdev   ( 1032): Attention! GFLIP time out, force update gop ring buffer!
06-07 13:41:56.132 E/fbdev   ( 1032): Attention! GFLIP time out, force update gop ring buffer!
06-07 13:41:56.144 E/fbdev   ( 1032): Attention! GFLIP time out, force update gop ring buffer!
06-07 13:41:56.147 D/dalvikvm( 1138): GC_CONCURRENT freed 450K, 77% free 1390K/6019K, paused 27ms+3ms
06-07 13:41:56.151 D/HomePlayerLib( 1138): hostaddress count is 2
06-07 13:41:56.159 E/fbdev   ( 1032): Attention! GFLIP time out, force update gop ring buffer!
06-07 13:41:56.183 E/fbdev   ( 1032): Attention! GFLIP time out, force update gop ring buffer!
06-07 13:41:56.199 E/fbdev   ( 1032): Attention! GFLIP time out, force update gop ring buffer!
06-07 13:41:56.216 D/dalvikvm( 1138): GC_CONCURRENT freed 467K, 77% free 1433K/6019K, paused 1ms+1ms
06-07 13:41:56.219 E/fbdev   ( 1032): Attention! GFLIP time out, force update gop ring buffer!
06-07 13:41:56.235 E/fbdev   ( 1032): Attention! GFLIP time out, force update gop ring buffer!
06-07 13:41:56.255 E/fbdev   ( 1032): Attention! GFLIP time out, force update gop ring buffer!
06-07 13:41:56.271 E/fbdev   ( 1032): Attention! GFLIP time out, force update gop ring buffer!
06-07 13:41:56.279 D/dalvikvm( 1138): GC_CONCURRENT freed 506K, 79% free 1314K/6019K, paused 1ms+1ms
06-07 13:41:56.291 E/fbdev   ( 1032): Attention! GFLIP time out, force update gop ring buffer!
06-07 13:41:56.307 E/fbdev   ( 1032): Attention! GFLIP time out, force update gop ring buffer!
06-07 13:41:56.327 E/fbdev   ( 1032): Attention! GFLIP time out, force update gop ring buffer!
06-07 13:41:56.343 E/fbdev   ( 1032): Attention! GFLIP time out, force update gop ring buffer!
06-07 13:41:56.363 E/fbdev   ( 1032): Attention! GFLIP time out, force update gop ring buffer!
06-07 13:41:56.372 D/dalvikvm( 1138): GC_CONCURRENT freed 390K, 77% free[48208.171749] accepted a http connect , new connect ip is  192.168.43.186
 1434K/6019K, pa[48208.179770]                           old connect ip is  192.168.43.237
used 4ms+1ms
06[48208.187624]                                           but it isn't seted ip , so close it
-07 13:41:56.379 E/fbdev   ( 1032): Attention! GFLIP time out, force update gop ring buffer!
06-07 13:41:56.415 E/fbdev   ( 1032): Attention! GFLIP time out, force update gop ring buffer!
06-07 13:41:56.431 E/fbdev   ( 1032): Attention! GFLIP time out, force update gop ring buffer!
06-07 13:41:56.443 D/dalvikvm( 1138): GC_CONCURRENT freed 504K, 77% free 1405K/6019K, paused 1ms+2ms
06-07 13:41:56.451 E/fbdev   ( 1032): Attention! GFLIP time out, force update gop ring buffer!
06-07 13:41:56.467 E/fbdev   ( 1032): Attention! GFLIP time out, force update gop ring buffer!
06-07 13:41:56.479 E/fbdev   ( 1032): Attention! GFLIP time out, force update gop ring buffer!
06-07 13:41:56.496 E/fbdev   ( 1032): Attention! GFLIP time out, force update gop ring buffer!
06-07 13:41:56.508 D/dalvikvm( 1138): GC_CONCURRENT freed 480K, 78% free 1333K/6019K, paused 0ms+1ms
06-07 13:41:56.511 E/fbdev   ( 1032): Attention! GFLIP time out, force update gop ring buffer!
06-07 13:41:56.527 E/fbdev   ( 1032): Attention! GFLIP time out, force update gop ring buffer!
06-07 13:41:56.544 E/fbdev   ( 1032): Attention! GFLIP time out, force update gop ring buffer!
06-07 13:41:56.559 E/fbdev   ( 1032): Attention! GFLIP time out, force update gop ring buffer!
06-07 13:41:56.580 E/fbdev   ( 1032): Attention! GFLIP time out, force update gop ring buffer!
06-07 13:41:56.592 E/fbdev   ( 1032): Attention! GFLIP time out, force update gop ring buffer!
06-07 13:41:56.599 E/fbdev   ( 1032): Attention! GFLIP time out, force update gop ring buffer!
06-07 13:41:56.611 D/dalvikvm( 1138): GC_CONCURRENT freed 397K, 76% free 1447K/6019K, paused 1ms+1ms
06-07 13:41:56.664 D/dalvikvm( 1138): GC_CONCURRENT freed 554K, 77% free 1402K/6019K, paused 1ms+1ms
06-07 13:41:56.803 D/dalvikvm( 1138): GC_CONCURRENT freed 454K, 77% free 1434K/6019K, paused 1ms+1ms
06-07 13:41:56.847 D/dalvikvm( 1138): GC_CONCURRENT freed 502K, 77% free 1435K/6019K, paused 1ms+1ms
[48208.718883] accepted a http connect , new connect ip is  192.168.43.186
[48208.725562]                           old connect ip is  192.168.43.237
[48208.732215]                                     but it isn't seted ip , so close it
06-07 13:41:56.964 D/dalvikvm( 1138): GC_CONCURRENT freed 509K, 76% free 1465K/6019K, paused 1ms+1ms
06-07 13:41:57.007 D/dalvikvm( 1138): GC_CONCURRENT freed 517K, 78% free 1337K/6019K, paused 1ms+1ms
06-07 13:41:57.043 D/dalvikvm( 1138): GC_CONCURRENT freed 391K, 78% free 1330K/6019K, paused 1ms+1ms
06-07 13:41:57.108 D/dalvikvm( 1138): GC_CONCURRENT freed 415K, 77% free 1426K/6019K, paused 0ms+1ms
06-07 13:41:57.156 D/dalvikvm( 1138): GC_CONCURRENT freed 474K, 76% free 1445K/6019K, paused 2ms+1ms
06-07 13:41:57.192 D/dalvikvm( 1138): GC_CONCURRENT freed 519K, 79% free 1320K/6019K, paused 1ms+1ms
06-07 13:41:57.300 D/dalvikvm( 1138): GC_CONCURRENT freed 376K, 78% free 1337K/6019K, paused 1ms+1ms
06-07 13:41:57.351 D/dalvikvm( 1138): GC_CONCURRENT freed 474K, 78% free 1371K/6019K, paused 1ms+1ms
[48209.247868] accepted a http connect , new connect ip is  192.168.43.186
[48209.254540]                           old connect ip is  192.168.43.237
[48209.261181]                                     but it isn't seted ip , so close it
06-07 13:41:57.492 D/dalvikvm( 1138): GC_CONCURRENT freed 445K, 77% free 1435K/6019K, paused 1ms+1ms
06-07 13:41:57.591 D/dalvikvm( 1138): GC_CONCURRENT freed 514K, 79% free 1309K/6019K, paused 1ms+1ms
06-07 13:41:57.600 V/RootManagerImpl( 1261): onFocusChange false
06-07 13:41:57.607 E/fbdev   ( 1032): Attention! GFLIP time out, force update gop ring buffer!
06-07 13:41:57.627 E/fbdev   ( 1032): Attention! GFLIP time out, force update gop ring buffer!
06-07 13:41:57.639 E/fbdev   ( 1032): Attention! GFLIP time out, force update gop ring buffer!
06-07 13:41:57.660 E/fbdev   ( 1032): Attention! GFLIP time out, force update gop ring buffer!
06-07 13:41:57.672 E/fbdev   ( 1032): Attention! GFLIP time out, force update gop ring buffer!
06-07 13:41:57.687 E/fbdev   ( 1032): Attention! GFLIP time out, force update gop ring buffer!
06-07 13:41:57.687 D/dalvikvm( 1138): GC_CONCURRENT freed 381K, 78% free 1335K/6019K, paused 1ms+1ms
06-07 13:41:57.699 E/fbdev   ( 1032): Attention! GFLIP time out, force update gop ring buffer!
06-07 13:41:57.715 E/fbdev   ( 1032): Attention! GFLIP time out, force update gop ring buffer!
06-07 13:41:57.727 E/fbdev   ( 1032): Attention! GFLIP time out, force update gop ring buffer!
06-07 13:41:57.744 E/fbdev   ( 1032): Attention! GFLIP time out, force update gop ring buffer!
06-07 13:41:57.756 E/fbdev   ( 1032): Attention! GFLIP time out, force update gop ring buffer!
06-07 13:41:57.768 E/fbdev   ( 1032): Attention! GFLIP time out, force update gop ring buffer!
06-07 13:41:57.780 E/fbdev   ( 1032): Attention! GFLIP time out, force update gop ring buffer!
06-07 13:41:57.792 E/fbdev   ( 1032): Attention! GFLIP time out, force update gop ring buffer!
06-07 13:41:57.804 E/fbdev   ( 1032): Attention! GFLIP time out, force update gop ring buffer!
06-07 13:41:57.811 E/fbdev   ( 1032): Attention! GFLIP time out, force update gop ring buffer!
06-07 13:41:57.823 E/fbdev   ( 1032): Attention! GFLIP time out, force update gop ring buffer!
06-07 13:41:57.840 E/fbdev   ( 1032): Attention! GFLIP time out, force update gop ring buffer!
06-07 13:41:57.855 E/fbdev   ( 1032): Attention! GFLIP time out, force update gop ring buffer!
06-07 13:41:57.867 D/dalvikvm( 1138): GC_CONCURRENT freed 404K, 78% free 1327K/6019K, paused 2ms+2ms
06-07 13:41:57.867 E/fbdev   ( 1032): Attention! GFLIP time out, force update gop ring buffer!
06-07 13:41:57.883 E/fbdev   ( 1032): Attention! GFLIP time out, force update gop ring buffer!
06-07 13:41:57.895 E/fbdev   ( 1032): Attention! GFLIP time out, force update gop ring buffer!
06-07 13:41:57.912 E/fbdev   ( 1032): Attention! GFLIP time out, force update gop ring buffer!
06-07 13:41:57.927 E/fbdev   ( 1032): Attention! GFLIP time out, force update gop ring buffer!
06-07 13:41:57.939 E/fbdev   ( 1032): Attention! GFLIP time out, force update gop ring buffer!
06-07 13:41:57.955 E/fbdev   ( 1032): Attention! GFLIP time out, force update gop ring buffer!
06-07 13:41:57.967 E/fbdev   ( 1032): Attention! GFLIP time out, force update gop ring buffer!
06-07 13:41:57.984 E/fbdev   ( 1032): Attention! GFLIP time out, force update gop ring buffer!
06-07 13:41:57.987 D/dalvikvm( 1138): GC_CONCURRENT freed 389K, 76% free 1450K/6019K, paused 1ms+1ms
06-07 13:41:57.999 E/fbdev   ( 1032): Attention! GFLIP time out, force update gop ring buffer!
06-07 13:41:58.015 E/fbdev   ( 1032): Attention! GFLIP time out, force update gop ring buffer!
06-07 13:41:58.027 E/fbdev   ( 1032): Attention! GFLIP time out, force update gop ring buffer!
06-07 13:41:58.044 E/fbdev   ( 1[48209.831601] accepted a http connect , new connect ip is  192.168.43.186
032): Attention![48209.839884]                           old connect ip is  192.168.43.237
 GFLIP time out,[48209.847714]                                     but it isn't seted ip , so close it
 force update gop ring buffer!
06-07 13:41:58.075 E/fbdev   ( 1032): Attention! GFLIP time out, force update gop ring buffer!
06-07 13:41:58.091 E/fbdev   ( 1032): Attention! GFLIP time out, force update gop ring buffer!
06-07 13:41:58.103 E/fbdev   ( 1032): Attention! GFLIP time out, force update gop ring buffer!
06-07 13:41:58.123 E/fbdev   ( 1032): Attention! GFLIP time out, force update gop ring buffer!
06-07 13:41:58.135 E/fbdev   ( 1032): Attention! GFLIP time out, force update gop ring buffer!
06-07 13:41:58.151 E/fbdev   ( 1032): Attention! GFLIP time out, force update gop ring buffer!
06-07 13:41:58.151 D/MainActivity( 1261): position = 3
06-07 13:41:58.163 E/fbdev   ( 1032): Attention! GFLIP time out, force update gop ring buffer!
06-07 13:41:58.175 D/dalvikvm( 1138): GC_CONCURRENT freed 496K, 76% free 1463K/6019K, paused 1ms+3ms
06-07 13:41:58.180 E/fbdev   ( 1032): Attention! GFLIP time out, force update gop ring buffer!
06-07 13:41:58.195 E/fbdev   ( 1032): Attention! GFLIP time out, force update gop ring buffer!
06-07 13:41:58.211 E/fbdev   ( 1032): Attention! GFLIP time out, force update gop ring buffer!
06-07 13:41:58.223 E/fbdev   ( 1032): Attention! GFLIP time out, force update gop ring buffer!
06-07 13:41:58.240 E/fbdev   ( 1032): Attention! GFLIP time out, force update gop ring buffer!
06-07 13:41:58.252 E/fbdev   ( 1032): Attention! GFLIP time out, force update gop ring buffer!
06-07 13:41:58.267 E/fbdev   ( 1032): Attention! GFLIP time out, force update gop ring buffer!
06-07 13:41:58.279 E/fbdev   ( 1032): Attention! GFLIP time out, force update gop ring buffer!
06-07 13:41:58.295 E/fbdev   ( 1032): Attention! GFLIP time out, force update gop ring buffer!
06-07 13:41:58.312 E/fbdev   ( 1032): Attention! GFLIP time out, force update gop ring buffer!
06-07 13:41:58.327 E/fbdev   ( 1032): Attention! GFLIP time out, force update gop ring buffer!
06-07 13:41:58.339 E/fbdev   ( 1032): Attention! GFLIP time out, force update gop ring buffer!
06-07 13:41:58.355 E/fbdev   ( 1032): Attention! GFLIP time out, force update gop ring buffer!
06-07 13:41:58.367 D/dalvikvm( 1138): GC_CONCURRENT freed 528K, 77% free 1437K/6019K, paused 1ms+1ms
06-07 13:41:58.367 E/fbdev   ( 1032): Attention! GFLIP time out, force update gop ring buffer!
06-07 13:41:58.384 E/fbdev   ( 1032): Attention! GFLIP time out, force update gop ring buffer!
06-07 13:41:58.399 E/fbdev   ( 1032): Attention! GFLIP time out, force update gop ring buffer!
06-07 13:41:58.411 E/fbdev   ( 1032): Attention! GFLIP time out, force update gop ring buffer!
06-07 13:41:58.427 E/fbdev   ( 1032): Attention! GFLIP time out, force update gop ring buffer!
06-07 13:41:58.439 D/dalvikvm( 1138): GC_CONCURRENT freed 510K, 78% free 1330K/6019K, paused 2ms+2ms
06-07 13:41:58.444 E/fbdev   ( 1032): Attention! GFLIP time out, force update gop ring buffer!
06-07 13:41:58.456 E/fbdev   ( 1032): Attention! GFLIP time out, force update gop ring buffer!
06-07 13:41:58.471 E/fbdev   ( 1032): Attention! GFLIP time out, force update gop ring buffer!
06-07 13:41:58.483 E/fbdev   ( 1032): Attention! GFLIP time out, force update gop ring buffer!
06-07 13:41:58.499 E/fbdev   ( 1032): Attention! GFLIP time out, force update gop ring buffer!
06-07 13:41:58.516 E/fbdev   ( 1032): Attention! GFLIP time out, force update gop ring buffer!
06-07 13:41:58.528 E/fbdev   ( 1032): Attention! GFLIP time out, force update gop ring buffer!
06-07 13:41:58.543 E/fbdev   ( 1032): Attention! GFLIP time out, force update gop ring buffer!
06-07 13:41:58.559 E/fbdev   ( 1032): Attention! GFLIP time out, force update gop ring buffer!
06-07 13:41:58.571 E/fbdev   ( 1032): Attention! GFLIP time out, force update gop ring buffer!
06-07 13:41:58.579 D/dalvikvm( 1138): GC_CONCURRENT freed 394K, 77% free 1387K/6019K, paused 1ms[48210.373459] accepted a http connect , new connect ip is  192.168.43.186
+1ms
06-07 13:4[48210.381677]                           old connect ip is  192.168.43.237
1:58.588 E/fbdev[48210.389531]                                     but it isn't seted ip , so close it
   ( 1032): Attention! GFLIP time out, force update gop ring buffer!
06-07 13:41:58.615 E/fbdev   ( 1032): Attention! GFLIP time out, force update gop ring buffer!
06-07 13:41:58.623 E/fbdev   ( 1032): Attention! GFLIP time out, force update gop ring buffer!
06-07 13:41:58.643 I/ActivityManager(  989): Start proc com.coship.cw880 for service com.coship.cw880/.MonitorCw880: pid=22097 uid=1000 gids={3003, 1015, 3002, 3001, 3004}
06-07 13:41:58.727 D/dalvikvm( 1138): GC_CONCURRENT freed 454K, 77% free 1414K/6019K, paused 1ms+1ms
06-07 13:41:58.811 D/dalvikvm( 1138): GC_CONCURRENT freed 477K, 76% free 1452K/6019K, paused 2ms+1ms
06-07 13:41:58.875 E/fbdev   ( 1032): Attention! GFLIP time out, force update gop ring buffer!
06-07 13:41:58.892 E/fbdev   ( 1032): Attention! GFLIP time out, force update gop ring buffer!
06-07 13:41:58.907 E/fbdev   ( 1032): Attention! GFLIP time out, force update gop ring buffer!
06-07 13:41:58.907 D/dalvikvm( 1138): GC_CONCURRENT freed 514K, 78% free 1336K/6019K, paused 2ms+2ms
06-07 13:41:58.916 E/fbdev   ( 1032): Attention! GFLIP time out, force update gop ring buffer!
06-07 13:41:58.931 E/fbdev   ( 1032): Attention! GFLIP time out, force update gop ring buffer!
06-07 13:41:58.940 E/fbdev   ( 1032): Attention! GFLIP time out, force update gop ring buffer!
06-07 13:41:58.955 E/fbdev   ( 1032): Attention! GFLIP time out, force update gop ring buffer!
06-07 13:41:58.964 E/fbdev   ( 1032): Attention! GFLIP time out, force update gop ring buffer!
06-07 13:41:58.983 E/fbdev   ( 1032): Attention! GFLIP time out, force update gop ring buffer!
06-07 13:41:58.995 E/fbdev   ( 1032): Attention! GFLIP time out, force update gop ring buffer!
06-07 13:41:59.003 E/fbdev   ( 1032): Attention! GFLIP time out, force update gop ring buffer!
06-07 13:41:59.019 E/fbdev   ( 1032): Attention! GFLIP time out, force update gop ring buffer!
06-07 13:41:59.039 E/fbdev   ( 1032): Attention! GFLIP time out, force update gop ring buffer!
06-07 13:41:59.043 D/dalvikvm( 1138): GC_CONCURRENT freed 405K, 78% free 1344K/6019K, paused 1ms+2ms
06-07 13:41:59.055 E/fbdev   ( 1032): Attention! GFLIP time out, force update gop ring buffer!
06-07 13:41:59.075 E/fbdev   ( 1032): Attention! GFLIP time out, force update gop ring buffer!
06-07 13:41:59.087 E/fbdev   ( 1032): Attention! GFLIP time out, force update gop ring buffer!
06-07 13:41:59.103 E/fbdev   ( 1032): Attention! GFLIP time out, force update gop ring buffer!
06-07 13:41:59.115 E/fbdev   ( 1032): Attention! GFLIP time out, force update gop ring buffer!
[48210.911862] accepted a http connect , new connect ip is  192.168.43.186
06-07 13:41:59.1[48210.918795]                           old connect ip is  192.168.43.237
27 E/fbdev   ( 1[48210.926650]                                     but it isn't seted ip , so close it
032): Attention! GFLIP time out, force update gop ring buffer!
06-07 13:41:59.156 E/fbdev   ( 1032): Attention! GFLIP time out, force update gop ring buffer!
06-07 13:41:59.164 D/dalvikvm( 1138): GC_CONCURRENT freed 416K, 77% free 1439K/6019K, paused 5ms+1ms
06-07 13:41:59.167 E/fbdev   ( 1032): Attention! GFLIP time out, force update gop ring buffer!
06-07 13:41:59.176 E/fbdev   ( 1032): Attention! GFLIP time out, force update gop ring buffer!
06-07 13:41:59.188 E/fbdev   ( 1032): Attention! GFLIP time out, force update gop ring buffer!
06-07 13:41:59.195 E/fbdev   ( 1032): Attention! GFLIP time out, force update gop ring buffer!
06-07 13:41:59.212 E/fbdev   ( 1032): Attention! GFLIP time out, force update gop ring buffer!
06-07 13:41:59.236 I/Easybus (22097): Easybus JNI_OnLoad success !
06-07 13:41:59.260 E/fbdev   ( 1032): Attention! GFLIP time out, force update gop ring buffer!
06-07 13:41:59.279 D/MonitorCw880(22097): MonitorCw880 OnCreat
06-07 13:41:59.279 W/WimoApp (22097): 
06-07 13:41:59.279 W/WimoApp (22097):  I[48211.071053] [SD_CTL_TASK] send msg to IMAN: msgid=0x150a. ret = 0
nit sem_lib_refe[48211.078505] CW880 :rtsk=0x17, stsk=0x15,msgid=0x150b,msglen=4
rrence success!.
06-07 13:41:59.287 E/fbdev   ( 1032): Attention! GFLIP time ou[48211.090770] [SD_CTL_TASK] send msg to IMAN: msgid=0x513. ret = 0
t, force update gop ring buffer!
06-07 13:41:59.287 I/MonitorCw880(22097): SystemPropertiesClass:class android.[48211.106348] CW880 :rtsk=0x17, stsk=0x15,msgid=0x1509,msglen=4
os.SystemProperties
06-07 13:41:59.287 W/MonitorCw880(22097): ~~~~~~~~~~~~~~~~~~~~~~method:public static java.lang.String android.os.SystemProperties.get(java.lang.String,java.lang.String)
06-07 13:41:59.287 W/MonitorCw880(22097): getProperties sys.cw880.ready return value:true
06-07 13:41:59.291 D/MonitorCw880(22097): CW880Boot() -> cw880Ready=true
06-07 13:41:59.291 W/WimoApp (22097): Q to be created is for module index:23,pid=22097
06-07 13:41:59.291 W/WimoApp (22097): Q_Addr is:0x1001701
06-07 13:41:59.291 W/WimoApp (22097): 
06-07 13:41:59.291 W/WimoApp (22097):  [U_MSGQ]create msgq for module(id=23) succeed!
06-07 13:41:59.291 W/WimoApp (22097): 
06-07 13:41:59.291 W/WimoApp (22097):  [WIM_M]send IMAN_STREAM_GOING_CHECK toMODULE(21) succeed!
06-07 13:41:59.307 E/fbdev   ( 1032): Attention! GFLIP time out, force update gop ring buffer!
06-07 13:41:59.307 W/WimoApp (22097): 
06-07 13:41:59.307 W/WimoApp (22097):  [APK]Received IMAN_STREAM_GOING_REPLY msg!
06-07 13:41:59.307 W/WimoApp (22097): Q to be created is for module index:23,pid=22097
06-07 13:41:59.307 W/WimoApp (22097): Q_Addr is:0x1001701
06-07 13:41:59.307 W/WimoApp (22097): 
06-07 13:41:59.307 W/WimoApp (22097):  [U_MSGQ]create msgq for module(id=23) succeed!
06-07 13:41:59.307 W/WimoApp (22097): 
06-07 13:41:59.307 W/WimoApp (22097):  [WIM_M]send AP_MODULE_EXIT toMODULE(21) succeed!
06-07 13:41:59.336 E/fbdev   ( 1032): Attention! GFLIP time out, force update gop ring buffer!
06-07 13:41:59.336 W/WimoApp (22097): 
06-07 13:41:59.336 W/WimoApp (22097):  [APK]Received IMAN_STREAM_STOPED msg!
06-07 13:41:59.336 V/Cw880jni(22097): [419]===cw_api_stream_stop back = 0 
06-07 13:41:59.336 D/MonitorCw880(22097): cw880 is streaming And cw880 is startuped -> StopCw880() return=7
06-07 13:41:59.340 I/MonitorCw880(22097): easybusAttach success !
06-07 13:41:59.340 I/MonitorCw880(22097): easyscreen -> easybusInterest success !
06-07 13:41:59.340 I/MonitorCw880(22097): easyheartbeat -> easybusInterest success !
06-07 13:41:59.344 D/MonitorCw880(22097): MonitorCw880 OnStart
06-07 13:41:59.347 E/fbdev   ( 1032): Attention! GFLIP time out, force update gop ring buffer!
06-07 13:41:59.363 E/fbdev   ( 1032): Attention! GFLIP time out, force update gop ring buffer!
06-07 13:41:59.380 E/fbdev   ( 1032): Attention! GFLIP time out, force update gop ring buffer!
06-07 13:41:59.392 D/dalvikvm( 1138): GC_CONCURRENT freed 484K, 76% free 1460K/6019K, paused 1ms+3ms
06-07 13:41:59.395 E/fbdev   ( 1032): Attention! GFLIP time out, force update gop ring buffer!
06-07 13:41:59.411 E/fbdev   ( 1032): Attention! GFLIP time out, force update gop ring buffer!
06-07 13:41:59.428 E/fbdev   ( 1032): Attention! GFLIP time out, force update gop ring buffer!
06-07 13:41:59.440 E/fbdev   ( 1032): Attention! GFLIP time out, force update gop ring buffer!
06-07 13:41:59.455 E/fbdev   ( 1032): Attention! GFLIP time out, force update gop ring buffer!
06-07 13:41:59.471 E/fbdev   ( 1032): Attention! GFLIP time out, force update gop ring buffer!
06-07 13:41:59.488 E/fbdev   ( 1032): Attention! GFLIP time out, force update gop ring buffer!
06-07 13:41:59.488 D/MainActivity( 1261): position = 2
06-07 13:41:59.500 E/fbdev   ( 1032): Attention! GFLIP time out, force update gop ring buffer!
06-07 13:41:59.515 E/fbdev   ( 1032): Attention! GFLIP time out, force update gop ring buffer!
06-07 13:41:59.531 E/fbdev   ( 1032): Attention! GFLIP time out, force update gop ring buffer!
06-07 13:41:59.548 E/fbdev   ( 1032): Attention! GFLIP time out, force update gop ring buffer!
06-07 13:41:59.560 E/fbdev   ( 1032): Attention! GFLIP time out, force update gop ring buffer!
06-07 13:41:59.567 D/dalvikvm( 1138): GC_CONCURRENT freed 523K, 76% free 1445K/6019K, paused 2ms+1ms
06-07 13:41:59.575 E/fbdev   ( 1032): Attention! GFLIP time out, force update gop r[48211.449566] accepted a http connect , new connect ip is  192.168.43.186
ing buffer!
06-[48211.456641]                           old connect ip is  192.168.43.237
07 13:41:59.591 [48211.464446]                                     but it isn't seted ip , so close it
E/fbdev   ( 1032): Attention! GFLIP time out, force update gop ring buffer!
06-07 13:41:59.608 E/fbdev   ( 1032): Attention! GFLIP time out, force update gop ring buffer!
06-07 13:41:59.620 E/fbdev   ( 1032): Attention! GFLIP time out, force update gop ring buffer!
06-07 13:41:59.632 D/dalvikvm( 1138): GC_CONCURRENT freed 516K, 77% free 1413K/6019K, paused 1ms+2ms
06-07 13:41:59.635 E/fbdev   ( 1032): Attention! GFLIP time out, force update gop ring buffer!
06-07 13:41:59.651 E/fbdev   ( 1032): Attention! GFLIP time out, force update gop ring buffer!
06-07 13:41:59.668 E/fbdev   ( 1032): Attention! GFLIP time out, force update gop ring buffer!
06-07 13:41:59.700 E/fbdev   ( 1032): Attention! GFLIP time out, force update gop ring buffer!
06-07 13:41:59.712 E/fbdev   ( 1032): Attention! GFLIP time out, force update gop ring buffer!
06-07 13:41:59.731 E/fbdev   ( 1032): Attention! GFLIP time out, force update gop ring buffer!
06-07 13:41:59.743 E/fbdev   ( 1032): Attention! GFLIP time out, force update gop ring buffer!
06-07 13:41:59.755 D/dalvikvm( 1138): GC_CONCURRENT freed 476K, 78% free 1351K/6019K, paused 1ms+1ms
06-07 13:41:59.760 E/fbdev   ( 1032): Attention! GFLIP time out, force update gop ring buffer!
06-07 13:41:59.772 E/fbdev   ( 1032): Attention! GFLIP time out, force update gop ring buffer!
06-07 13:41:59.791 E/fbdev   ( 1032): Attention! GFLIP time out, force update gop ring buffer!
06-07 13:41:59.803 E/fbdev   ( 1032): Attention! GFLIP time out, force update gop ring buffer!
06-07 13:41:59.820 E/fbdev   ( 1032): Attention! GFLIP time out, force update gop ring buffer!
06-07 13:41:59.832 E/fbdev   ( 1032): Attention! GFLIP time out, force update gop ring buffer!
06-07 13:41:59.851 E/fbdev   ( 1032): Attention! GFLIP time out, force update gop ring buffer!
06-07 13:41:59.863 E/fbdev   ( 1032): Attention! GFLIP time out, force update gop ring buffer!
06-07 13:41:59.883 E/fbdev   ( 1032): Attention! GFLIP time out, force update gop ring buffer!
06-07 13:41:59.892 E/fbdev   ( 1032): Attention! GFLIP time out, force update gop ring buffer!
06-07 13:41:59.911 E/fbdev   ( 1032): Attention! GFLIP time out, force update gop ring buffer!
06-07 13:41:59.916 D/dalvikvm( 1138): GC_CONCURRENT freed 414K, 77% free 1431K/6019K, paused 1ms+2ms
06-07 13:41:59.923 E/fbdev   ( 1032): Attention! GFLIP time out, force update gop ring buffer!
06-07 13:41:59.940 E/fbdev   ( 1032): Attention! GFLIP time out, force update gop ring buffer!
06-07 13:41:59.952 E/fbdev   ( 1032): Attention! GFLIP time out, force update gop ring buffer!
06-07 13:41:59.971 D/dalvikvm( 1138): GC_CONCURRENT freed 498K, 77% free 1438K/6019K, paused 1ms+1ms
06-07 13:41:59.979 D/dhcpcd  (17247): sending DHCP_DISCOVER with xid 0x3248358e, next in 64.44 seconds
06-07 13:42:00.043 E/fbdev   ( 1032): Attention! GFLIP time out, force update gop ring buffer!
06-07 13:42:00.120 D/dalvikvm( 1138): GC_CONCURRENT freed 484K, 77% free 1415K/6019K, paused 1ms+1ms
[48211.992808] accepted a http connect , new connect ip is  192.168.43.186
[48211.999628]                           old connect ip is  192.168.43.237
[48212.006285]                                     but it isn't seted ip , so close it
06-07 13:42:00.243 E/fbdev   ( 1032): Attention! GFLIP time out, force update gop ring buffer!
06-07 13:42:00.255 E/fbdev   ( 1032): Attention! GFLIP time out, force update gop ring buffer!
06-07 13:42:00.271 E/fbdev   ( 1032): Attention! GFLIP time out, force update gop ring buffer!
06-07 13:42:00.283 E/fbdev   ( 1032): Attention! GFLIP time out, force update gop ring buffer!
06-07 13:42:00.295 E/fbdev   ( 1032): Attention! GFLIP time out, force update gop ring buffer!
06-07 13:42:00.307 D/dalvikvm( 1138): GC_CONCURRENT freed 482K, 78% free 1333K/6019K, paused 1ms+7ms
06-07 13:42:00.312 E/fbdev   ( 1032): Attention! GFLIP time out, force update gop ring buffer!
06-07 13:42:00.327 E/fbdev   ( 1032): Attention! GFLIP time out, force update gop ring buffer!
06-07 13:42:00.343 E/fbdev   ( 1032): Attention! GFLIP time out, force update gop ring buffer!
06-07 13:42:00.355 E/fbdev   ( 1032): Attention! GFLIP time out, force update gop ring buffer!
06-07 13:42:00.372 E/fbdev   ( 1032): Attention! GFLIP time out, force update gop ring buffer!
06-07 13:42:00.384 E/fbdev   ( 1032): Attention! GFLIP time out, force update gop ring buffer!
06-07 13:42:00.396 E/fbdev   ( 1032): Attention! GFLIP time out, force update gop ring buffer!
06-07 13:42:00.408 E/fbdev   ( 1032): Attention! GFLIP time out, force update gop ring buffer!
06-07 13:42:00.420 E/fbdev   ( 1032): Attention! GFLIP time out, force update gop ring buffer!
06-07 13:42:00.427 E/fbdev   ( 1032): Attention! GFLIP time out, force update gop ring buffer!
06-07 13:42:00.444 E/fbdev   ( 1032): Attention! GFLIP time out, force update gop ring buffer!
06-07 13:42:00.459 E/fbdev   ( 1032): Attention! GFLIP time out, force update gop ring buffer!
06-07 13:42:00.471 E/fbdev   ( 1032): Attention! GFLIP time out, force update gop ring buffer!
06-07 13:42:00.487 E/fbdev   ( 1032): Attention! GFLIP time out, force update gop ring buffer!
06-07 13:42:00.504 E/fbdev   ( 1032): Attention! GFLIP time out, force update gop ring buffer!
06-07 13:42:00.516 E/fbdev   ( 1032): Attention! GFLIP time out, force update gop ring buffer!
06-07 13:42:00.531 E/fbdev   ( 1032): Attention! GFLIP time out, force update gop ring buffer!
06-07 13:42:00.535 D/dalvikvm( 1138): GC_CONCURRENT freed 379K, 77% free 1413K/6019K, paused 5ms+1ms
06-07 13:42:00.547 E/fbdev   ( 1032): Attention! GFLIP time out, force update gop ring buffer!
06-07 13:42:00.564 E/fbdev   ( 1032): Attention! GFLIP time out, force update gop ring buffer!
06-07 13:42:00.579 E/fbdev   ( 1032): Attention! GFLIP time out, force update gop ring buffer!
06-07 13:42:00.591 E/fbdev   ( 1032): Attention! GFLIP time out, force update gop ring buffer!
06-07 13:42:00.607 E/fbdev   ( 1032): Attention! GFLIP time out, force update gop ring buffer!
06-07 13:42:00.624 E/fbdev   ( 1032): Attention! GFLIP time out, force update gop ring buffer!
06-07 13:42:00.639 E/fbdev   ( 1032): Attention! GFLIP time out, force update gop ring buffer!
06-07 13:42:00.651 E/fbdev   ( 1032): Attention! GFLIP time out, force update gop ring buffer!
06-07 13:42:00.667 E/fbdev   ( 1032): Attention! GFLIP time out, force update gop ring buffer!
06-07 13:42:00.684 E/fbdev   ( 1032): Attention! GFLIP time out, force update gop ring buffer!
06-07 13:42:00.696 D/dalvikvm( 1138): GC_CONCURRENT freed 477K, 78% free 1347K/6019K, paused 1ms+1ms
06-07 13:42:00.699 E/fbdev   ( 1032): Attention! GFLIP time out, force update gop ring buffer!
06-07 13:42:00.711 E/fbdev   ( 1032): Attention! GFLIP time out, force update gop ring buffer!
06-07 13:42:00.727 E/fbdev   ( 1032): Attention! GFLIP time out, force update go[48212.520189] accepted a http connect , new connect ip is  192.168.43.186
p ring buffer!
[48212.528298]                           old connect ip is  192.168.43.237
[48212.536192]                                     but it isn't seted ip , so close it
06-07 13:42:00.763 E/fbdev   ( 1032): Attention! GFLIP time out, force update gop ring buffer!
06-07 13:42:00.768 D/MainActivity( 1261): position = 1
06-07 13:42:00.772 E/fbdev   ( 1032): Attention! GFLIP time out, force update gop ring buffer!
06-07 13:42:00.791 E/fbdev   ( 1032): Attention! GFLIP time out, force update gop ring buffer!
06-07 13:42:00.803 E/fbdev   ( 1032): Attention! GFLIP time out, force update gop ring buffer!
06-07 13:42:00.807 D/dalvikvm( 1138): GC_CONCURRENT freed 422K, 78% free 1348K/6019K, paused 11ms+1ms
06-07 13:42:00.819 E/fbdev   ( 1032): Attention! GFLIP time out, force update gop ring buffer!
06-07 13:42:00.831 E/fbdev   ( 1032): Attention! GFLIP time out, force update gop ring buffer!
06-07 13:42:00.851 E/fbdev   ( 1032): Attention! GFLIP time out, force update gop ring buffer!
06-07 13:42:00.863 E/fbdev   ( 1032): Attention! GFLIP time out, force update gop ring buffer!
06-07 13:42:00.887 E/fbdev   ( 1032): Attention! GFLIP time out, force update gop ring buffer!
06-07 13:42:00.896 E/fbdev   ( 1032): Attention! GFLIP time out, force update gop ring buffer!
06-07 13:42:00.915 E/fbdev   ( 1032): Attention! GFLIP time out, force update gop ring buffer!
06-07 13:42:00.927 E/fbdev   ( 1032): Attention! GFLIP time out, force update gop ring buffer!
06-07 13:42:00.944 E/fbdev   ( 1032): Attention! GFLIP time out, force update gop ring buffer!
06-07 13:42:00.956 E/fbdev   ( 1032): Attention! GFLIP time out, force update gop ring buffer!
06-07 13:42:00.975 E/fbdev   ( 1032): Attention! GFLIP time out, force update gop ring buffer!
06-07 13:42:00.992 E/fbdev   ( 1032): Attention! GFLIP time out, force update gop ring buffer!
06-07 13:42:01.004 E/fbdev   ( 1032): Attention! GFLIP time out, force update gop ring buffer!
06-07 13:42:01.016 D/dalvikvm( 1138): GC_CONCURRENT freed 419K, 77% free 1440K/6019K, paused 1ms+1ms
06-07 13:42:01.019 E/fbdev   ( 1032): Attention! GFLIP time out, force update gop ring buffer!
06-07 13:42:01.035 E/fbdev   ( 1032): Attention! GFLIP time out, force update gop ring buffer!
06-07 13:42:01.047 E/fbdev   ( 1032): Attention! GFLIP time out, force update gop ring buffer!
06-07 13:42:01.064 E/fbdev   ( 1032): Attention! GFLIP time out, force update gop ring buffer!
06-07 13:42:01.079 E/fbdev   ( 1032): Attention! GFLIP time out, force update gop ring buffer!
06-07 13:42:01.091 E/fbdev   ( 1032): Attention! GFLIP time out, force update gop ring buffer!
06-07 13:42:01.107 E/fbdev   ( 1032): Attention! GFLIP time out, force update gop ring buffer!
06-07 13:42:01.124 E/fbdev   ( 1032): Attention! GFLIP time out, force update gop ring buffer!
06-07 13:42:01.136 E/fbdev   ( 1032): Attention! GFLIP time out, force update gop ring buffer!
06-07 13:42:01.151 E/fbdev   ( 1032): Attention! GFLIP time out, force update gop ring buffer!
06-07 13:42:01.167 E/fbdev   ( 1032): Attention! GFLIP time out, force update gop ring buffer!
06-07 13:42:01.184 E/fbdev   ( 1032): Attention! GFLIP time out, force update gop ring buffer!
06-07 13:42:01.199 E/fbdev   ( 1032): Attention! GFLIP time out, force update gop ring buffer!
06-07 13:42:01.215 E/fbdev   ( 1032): Attention! GFLIP time out, force update gop ring buffer!
06-07 13:42:01.232 E/fbdev   ( 1032): Attention! GFLIP time out, force update gop ring buffer!
06-07 13:42:01.244 E/fbdev   ( 1032): Attention! GFLIP time out, force update gop ring buffer!
06-07 13:42:01.251 E/fbdev   ( 1032): Attention! GFLIP time out, force update gop ring buffer!
06-07 13:42:01.268 E/fbdev   ( 1032): Attention! GFLIP time out, force update gop ring buffer!
[48213.061020] accepted a http connect , new connect ip is  192.168.43.186
[48213.067855]                           old connect ip is  192.168.43.237
[48213.074542]                                     but it isn't seted ip , so close it
06-07 13:42:01.300 E/fbdev   ( 1032): Attention! GFLIP time out, force update gop ring buffer!
06-07 13:42:01.311 E/fbdev   ( 1032): Attention! GFLIP time out, force update gop ring buffer!
06-07 13:42:01.320 E/fbdev   ( 1032): Attention! GFLIP time out, force update gop ring buffer!
06-07 13:42:01.323 D/dalvikvm( 1138): GC_CONCURRENT freed 517K, 77% free 1399K/6019K, paused 3ms+17ms
06-07 13:42:01.332 E/fbdev   ( 1032): Attention! GFLIP time out, force update gop ring buffer!
06-07 13:42:01.347 E/fbdev   ( 1032): Attention! GFLIP time out, force update gop ring buffer!
06-07 13:42:01.359 E/fbdev   ( 1032): Attention! GFLIP time out, force update gop ring buffer!
06-07 13:42:01.375 E/fbdev   ( 1032): Attention! GFLIP time out, force update gop ring buffer!
06-07 13:42:01.383 E/fbdev   ( 1032): Attention! GFLIP time out, force update gop ring buffer!
06-07 13:42:01.395 E/fbdev   ( 1032): Attention! GFLIP time out, force update gop ring buffer!
06-07 13:42:01.407 E/fbdev   ( 1032): Attention! GFLIP time out, force update gop ring buffer!
06-07 13:42:01.416 E/fbdev   ( 1032): Attention! GFLIP time out, force update gop ring buffer!
06-07 13:42:01.435 E/fbdev   ( 1032): Attention! GFLIP time out, force update gop ring buffer!
06-07 13:42:01.447 E/fbdev   ( 1032): Attention! GFLIP time out, force update gop ring buffer!
06-07 13:42:01.459 E/fbdev   ( 1032): Attention! GFLIP time out, force update gop ring buffer!
06-07 13:42:01.476 E/fbdev   ( 1032): Attention! GFLIP time out, force update gop ring buffer!
06-07 13:42:01.488 E/fbdev   ( 1032): Attention! GFLIP time out, force update gop ring buffer!
06-07 13:42:01.507 E/fbdev   ( 1032): Attention! GFLIP time out, force update gop ring buffer!
06-07 13:42:01.507 D/dalvikvm( 1138): GC_CONCURRENT freed 474K, 78% free 1348K/6019K, paused 1ms+1ms
06-07 13:42:01.519 E/fbdev   ( 1032): Attention! GFLIP time out, force update gop ring buffer!
06-07 13:42:01.539 E/fbdev   ( 1032): Attention! GFLIP time out, force update gop ring buffer!
06-07 13:42:01.551 E/fbdev   ( 1032): Attention! GFLIP time out, force update gop ring buffer!
06-07 13:42:01.572 E/fbdev   ( 1032): Attention! GFLIP time out, force update gop ring buffer!
06-07 13:42:01.584 E/fbdev   ( 1032): Attention! GFLIP time out, force update gop ring buffer!
06-07 13:42:01.603 E/fbdev   ( 1032): Attention! GFLIP time out, force update gop ring buffer!
06-07 13:42:01.615 E/fbdev   ( 1032): Attention! GFLIP time out, force update gop ring buffer!
06-07 13:42:01.635 E/fbdev   ( 1032): Attention! GFLIP time out, force update gop ring buffer!
06-07 13:42:01.647 E/fbdev   ( 1032): Attention! GFLIP time out, force update gop ring buffer!
06-07 13:42:01.668 E/fbdev   ( 1032): Attention! GFLIP time out, force update gop ring buffer!
06-07 13:42:01.683 E/fbdev   ( 1032): Attention! GFLIP time out, force update gop ring buffer!
06-07 13:42:01.699 E/fbdev   ( 1032): Attention! GFLIP time out, force update gop ring buffer!
06-07 13:42:01.716 E/fbdev   ( 1032): Attention! GFLIP time out, force update gop ring buffer!
06-07 13:42:01.731 E/fbdev   ( 1032): Attention! GFLIP time out, force update gop ring buffer!
06-07 13:42:01.735 D/MainActivity( 1261): position = 0
06-07 13:42:01.747 E/fbdev   ( 1032): Attention! GFLIP time out, force update gop ring buffer!
06-07 13:42:01.767 E/fbdev   ( 1032): Attention! GFLIP time out, force update gop ring buffer!
06-07 13:42:01.779 E/fbdev   ( 1032): Attention! GFLIP time out, force update gop ring buffer!
06-07 13:42:01.779 D/dalvikvm( 1138): GC_CONCURRENT freed 418K, 77% free 1425K/6019K, paused 1ms+1ms
06-07 13:42:01.800 E/fbdev   ( 1032): Attention! GFLIP time out, force update gop ring buffer!
06-07 13:42:01.812 E/fbdev   ( 1032): Attention! GFLIP time out, force update gop ring buffer!
[48213.613992] accepted a http connect , new connect ip is  192.168.43.186
06-07 13:42:01.8[48213.620838]                           old connect ip is  192.168.43.237
31 E/fbdev   ( 1[48213.628851]                                     but it isn't seted ip , so close it
032): Attention! GFLIP time out, force update gop ring buffer!
06-07 13:42:01.864 E/fbdev   ( 1032): Attention! GFLIP time out, force update gop ring buffer!
06-07 13:42:01.876 E/fbdev   ( 1032): Attention! GFLIP time out, force update gop ring buffer!
06-07 13:42:01.895 E/fbdev   ( 1032): Attention! GFLIP time out, force update gop ring buffer!
06-07 13:42:01.912 E/fbdev   ( 1032): Attention! GFLIP time out, force update gop ring buffer!
06-07 13:42:01.927 E/fbdev   ( 1032): Attention! GFLIP time out, force update gop ring buffer!
06-07 13:42:01.943 E/fbdev   ( 1032): Attention! GFLIP time out, force update gop ring buffer!
06-07 13:42:01.955 D/dalvikvm( 1138): GC_CONCURRENT freed 490K, 77% free 1413K/6019K, paused 1ms+3ms
06-07 13:42:01.963 E/fbdev   ( 1032): Attention! GFLIP time out, force update gop ring buffer!
06-07 13:42:01.975 E/fbdev   ( 1032): Attention! GFLIP time out, force update gop ring buffer!
06-07 13:42:01.996 E/fbdev   ( 1032): Attention! GFLIP time out, force update gop ring buffer!
06-07 13:42:02.008 E/fbdev   ( 1032): Attention! GFLIP time out, force update gop ring buffer!
06-07 13:42:02.027 E/fbdev   ( 1032): Attention! GFLIP time out, force update gop ring buffer!
06-07 13:42:02.039 E/fbdev   ( 1032): Attention! GFLIP time out, force update gop ring buffer!
06-07 13:42:02.059 E/fbdev   ( 1032): Attention! GFLIP time out, force update gop ring buffer!
06-07 13:42:02.071 E/fbdev   ( 1032): Attention! GFLIP time out, force update gop ring buffer!
06-07 13:42:02.092 E/fbdev   ( 1032): Attention! GFLIP time out, force update gop ring buffer!
06-07 13:42:02.104 E/fbdev   ( 1032): Attention! GFLIP time out, force update gop ring buffer!
06-07 13:42:02.119 D/dalvikvm( 1138): GC_CONCURRENT freed 475K, 78% free 1376K/6019K, paused 0ms+1ms
06-07 13:42:02.123 E/fbdev   ( 1032): Attention! GFLIP time out, force update gop ring buffer!
06-07 13:42:02.135 E/fbdev   ( 1032): Attention! GFLIP time out, force update gop ring buffer!
06-07 13:42:02.155 E/fbdev   ( 1032): Attention! GFLIP time out, force update gop ring buffer!
06-07 13:42:02.167 E/fbdev   ( 1032): Attention! GFLIP time out, force update gop ring buffer!
06-07 13:42:02.188 E/fbdev   ( 1032): Attention! GFLIP time out, force update gop ring buffer!
06-07 13:42:02.195 E/fbdev   ( 1032): Attention! GFLIP time out, force update gop ring buffer!
06-07 13:42:02.347 E/fbdev   ( 1032): Attention! GFLIP time out, force update gop ring buffer!
06-07 13:42:02.356 E/fbdev   ( 1032): Attention! GFLIP time out, force update gop ring buffer!
06-07 13:42:02.371 E/fbdev   ( 1032): Attention! GFLIP time out, force update gop ring buffer!
06-07 13:42:02.371 D/dalvikvm( 1138): GC_CONCURRENT freed 444K, [48214.165333] accepted a http connect , new connect ip is  192.168.43.186
78% free 1342K/6[48214.173379]                           old connect ip is  192.168.43.237
019K, paused 2ms[48214.181377]                                     but it isn't seted ip , so close it
+1ms
06-07 13:42:02.407 E/fbdev   ( 1032): Attention! GFLIP time out, force update gop ring buffer!
06-07 13:42:02.420 E/fbdev   ( 1032): Attention! GFLIP time out, force update gop ring buffer!
06-07 13:42:02.432 E/fbdev   ( 1032): Attention! GFLIP time out, force update gop ring buffer!
06-07 13:42:02.439 E/fbdev   ( 1032): Attention! GFLIP time out, force update gop ring buffer!
06-07 13:42:02.451 E/fbdev   ( 1032): Attention! GFLIP time out, force update gop ring buffer!
06-07 13:42:02.471 E/fbdev   ( 1032): Attention! GFLIP time out, force update gop ring buffer!
06-07 13:42:02.487 E/fbdev   ( 1032): Attention! GFLIP time out, force update gop ring buffer!
06-07 13:42:02.499 E/fbdev   ( 1032): Attention! GFLIP time out, force update gop ring buffer!
06-07 13:42:02.519 E/fbdev   ( 1032): Attention! GFLIP time out, force update gop ring buffer!
06-07 13:42:02.531 E/fbdev   ( 1032): Attention! GFLIP time out, force update gop ring buffer!
06-07 13:42:02.552 E/fbdev   ( 1032): Attention! GFLIP time out, force update gop ring buffer!
06-07 13:42:02.559 D/dalvikvm( 1138): GC_CONCURRENT freed 409K, 78% free 1328K/6019K, paused 2ms+1ms
06-07 13:42:02.567 E/fbdev   ( 1032): Attention! GFLIP time out, force update gop ring buffer!
06-07 13:42:02.583 E/fbdev   ( 1032): Attention! GFLIP time out, force update gop ring buffer!
06-07 13:42:02.600 E/fbdev   ( 1032): Attention! GFLIP time out, force update gop ring buffer!
06-07 13:42:02.615 E/fbdev   ( 1032): Attention! GFLIP time out, force update gop ring buffer!
06-07 13:42:02.631 E/fbdev   ( 1032): Attention! GFLIP time out, force update gop ring buffer!
06-07 13:42:02.648 E/fbdev   ( 1032): Attention! GFLIP time out, force update gop ring buffer!
06-07 13:42:02.663 E/fbdev   ( 1032): Attention! GFLIP time out, force update gop ring buffer!
06-07 13:42:02.679 E/fbdev   ( 1032): Attention! GFLIP time out, force update gop ring buffer!
06-07 13:42:02.696 E/fbdev   ( 1032): Attention! GFLIP time out, force update gop ring buffer!
06-07 13:42:02.711 E/fbdev   ( 1032): Attention! GFLIP time out, force update gop ring buffer!
06-07 13:42:02.727 E/fbdev   ( 1032): Attention! GFLIP time out, force update gop ring buffer!
06-07 13:42:02.732 D/dalvikvm( 1138): GC_CONCURRENT freed 434K, 77% free 1394K/6019K, paused 1ms+1ms
06-07 13:42:02.747 E/fbdev   ( 1032): Attention! GFLIP time out, force update gop ring buffer!
06-07 13:42:02.759 E/fbdev   ( 1032): Attention! GFLIP time out, force update gop ring buffer!
06-07 13:42:02.780 E/fbdev   ( 1032): Attention! GFLIP time out, force update gop ring buffer!
06-07 13:42:02.792 E/fbdev   ( 1032): Attention! GFLIP time out, force update gop ring buffer!
06-07 13:42:02.807 E/fbdev   ( 1032): Attention! GFLIP time out, force update gop ring buffer!
06-07 13:42:02.823 E/fbdev   ( 1032): Attention! GFLIP time out, force update gop ring buffer!
06-07 13:42:02.843 E/fbdev   ( 1032): Attention! GFLIP time out, force update gop ring buffer!
06-07 13:42:02.855 E/fbdev   ( 1032): Attention! GFLIP time out, force update gop ring buffer!
06-07 13:42:02.876 E/fbdev   ( 1032): Attention! GFLIP time out, force update gop ring buffer!
06-07 13:42:02.883 D/dalvikvm( 1138): GC_CONCURRENT freed 473K, 79% free 1304K/6019K, paused 1ms+1ms
06-07 13:42:02.888 E/fbdev   ( 1032): Attention! GFLIP time out, force update gop ring buffer!
06-07 13:42:02.907 E/fbdev   ( 1032): Attention! GFLIP time out, force update gop ring buffer!
06-07 13:42:02.919 E/fbdev   ( 1032): Attention! GFLIP time out, force update gop ring buffer!
[48214.720611] accepted a http connect , new connect ip is  192.168.43.186
[48214.727396]                           old connect ip is  192.168.43.237
06-07 13:42:02.9[48214.734104]                                     but it isn't seted ip , so close it
39 E/fbdev   ( 1032): Attention! GFLIP time out, force update gop ring buffer!
06-07 13:42:02.967 E/fbdev   ( 1032): Attention! GFLIP time out, force update gop ring buffer!
06-07 13:42:02.975 E/fbdev   ( 1032): Attention! GFLIP time out, force update gop ring buffer!
06-07 13:42:03.011 E/dhcpcd  (17247): timed out
06-07 13:42:03.023 D/dhcpcd  (17247): executing `/system/etc/dhcpcd/dhcpcd-run-hooks', reason FAIL
06-07 13:42:03.248 D/dalvikvm( 1138): GC_CONCURRENT freed 380K, 78% free 1348K/6019K, paused 1ms+3ms
06-07 13:42:03.279 D/dhcpcd  (17247): broadcasting for a lease
06-07 13:42:03.279 D/dhcpcd  (17247): sending DHCP_DISCOVER with xid 0xb48703bb, next in 4.49 seconds
[48215.250827] accepted a http connect , new connect ip is  192.168.43.186
[48215.257575]                           old connect ip is  192.168.43.237
[48215.264236]                                     but it isn't seted ip , so close it
06-07 13:42:03.503 D/dalvikvm( 1138): GC_CONCURRENT freed 418K, 77% free 1384K/6019K, paused 2ms+1ms
06-07 13:42:03.647 D/dalvikvm( 1138): GC_CONCURRENT freed 449K, 78% free 1329K/6019K, paused 1ms+1ms
06-07 13:42:03.796 D/dalvikvm( 1138): GC_CONCURRENT freed 394K, 78% free 1328K/6019K, paused 1ms+1ms
06-07 13:42:03.935 D/dalvikvm( 1138): GC_CONCURRENT freed 394K, 78% free 1328K/6019K, paused 1ms+1ms
[48215.789190] accepted a http connect , new connect ip is  192.168.43.186
[48215.795943]                           old connect ip is  192.168.43.237
[48215.802624]                                     but it isn't seted ip , so close it
06-07 13:42:04.084 D/dalvikvm( 1138): GC_CONCURRENT freed 392K, 78% free 1328K/6019K, paused 1ms+1ms
06-07 13:42:04.235 D/dalvikvm( 1138): GC_CONCURRENT freed 391K, 78% free 1375K/6019K, paused 1ms+1ms
06-07 13:42:04.408 E/fbdev   ( 1032): Attention! GFLIP time out, force update gop ring buffer!
06-07 13:42:04.456 E/fbdev   ( 1032): Attention! GFLIP time out, force update gop ring buffer!
06-07 13:42:04.475 E/fbdev   ( 1032): Attention! GFLIP time out, force update gop ring buffer!
06-07 13:42:04.492 E/fbdev   ( 1032): Attention! GFLIP time out, force update gop ring buffer!
06-07 13:42:04.507 E/fbdev   ( 1032): Attention! GFLIP time out, force update gop ring buffer!
06-07 13:42:04.523 E/fbdev   ( 1032): Attention! GFLIP time out, force update gop ring buffer!
06-07 13:42:04.5[48216.322672] accepted a http connect , new connect ip is  192.168.43.186
40 D/dalvikvm( 1[48216.329623]                           old connect ip is  192.168.43.237
138): GC_CONCURR[48216.337531]                                     but it isn't seted ip , so close it
ENT freed 444K, 77% free 1409K/6019K, paused 5ms+2ms
06-07 13:42:04.540 E/fbdev   ( 1032): Attention! GFLIP time out, force update gop ring buffer!
06-07 13:42:04.576 E/fbdev   ( 1032): Attention! GFLIP time out, force update gop ring buffer!
06-07 13:42:04.595 E/fbdev   ( 1032): Attention! GFLIP time out, force update gop ring buffer!
06-07 13:42:04.607 E/fbdev   ( 1032): Attention! GFLIP time out, force update gop ring buffer!
06-07 13:42:04.624 E/fbdev   ( 1032): Attention! GFLIP time out, force update gop ring buffer!
06-07 13:42:04.643 E/fbdev   ( 1032): Attention! GFLIP time out, force update gop ring buffer!
06-07 13:42:04.660 E/fbdev   ( 1032): Attention! GFLIP time out, force update gop ring buffer!
06-07 13:42:04.675 E/fbdev   ( 1032): Attention! GFLIP time out, force update gop ring buffer!
06-07 13:42:04.687 E/fbdev   ( 1032): Attention! GFLIP time out, force update gop ring buffer!
06-07 13:42:04.708 E/fbdev   ( 1032): Attention! GFLIP time out, force update gop ring buffer!
06-07 13:42:04.720 E/fbdev   ( 1032): Attention! GFLIP time out, force update gop ring buffer!
06-07 13:42:04.739 E/fbdev   ( 1032): Attention! GFLIP time out, force update gop ring buffer!
06-07 13:42:04.756 E/fbdev   ( 1032): Attention! GFLIP time out, force update gop ring buffer!
06-07 13:42:04.771 E/fbdev   ( 1032): Attention! GFLIP time out, force update gop ring buffer!
06-07 13:42:04.787 E/fbdev   ( 1032): Attention! GFLIP time out, force update gop ring buffer!
06-07 13:42:04.799 D/dalvikvm( 1138): GC_CONCURRENT freed 477K, 75% free 1506K/6019K, paused 0ms+2ms
06-07 13:42:04.804 E/fbdev   ( 1032): Attention! GFLIP time out, force update gop ring buffer!
06-07 13:42:04.819 E/fbdev   ( 1032): Attention! GFLIP time out, force update gop ring buffer!
06-07 13:42:04.835 E/fbdev   ( 1032): Attention! GFLIP time out, force update gop ring buffer!
06-07 13:42:04.852 E/fbdev   ( 1032): Attention! GFLIP time out, force update gop ring buffer!
06-07 13:42:04.867 E/fbdev   ( 1032): Attention! GFLIP time out, force update gop ring buffer!
06-07 13:42:04.883 E/fbdev   ( 1032): Attention! GFLIP time out, force update gop ring buffer!
06-07 13:42:04.900 E/fbdev   ( 1032): Attention! GFLIP time out, force update gop ring buffer!
06-07 13:42:04.915 E/fbdev   ( 1032): Attention! GFLIP time out, force update gop ring buffer!
06-07 13:42:04.931 E/fbdev   ( 1032): Attention! GFLIP time out, force update gop ring buffer!
06-07 13:42:04.948 E/fbdev   ( 1032): Attention! GFLIP time out, force update gop ring buffer!
06-07 13:42:04.963 E/fbdev   ( 1032): Attention! GFLIP time out, force update gop ring buffer!
