shell@android:/ # logcat -c;logcat -v time
--------- beginning of /dev/log/main
06-07 13:41:06.580 D/dalvikvm( 1138): GC_CONCURRENT freed 475K, 77% free 1389K/6019K, paused 0ms+1ms
06-07 13:41:06.832 D/dalvikvm( 1138): GC_CONCURRENT freed 457K, 77% free 1442K/6019K, paused 1ms+1ms
06-07 13:41:06.983 D/dalvikvm( 1138): GC_CONCURRENT freed 518K, 76% free 1466K/6019K, paused 0ms+1ms
06-07 13:41:07.240 D/dalvikvm( 1138): GC_CONCURRENT freed 537K, 77% free 1433K/6019K, paused 1ms+1ms
06-07 13:41:07.391 D/dalvikvm( 1138): GC_CONCURRENT freed 491K, 76% free 1454K/6019K, paused 1ms+1ms
06-07 13:41:07.535 D/dalvikvm( 1138): GC_CONCURRENT freed 516K, 78% free 1336K/6019K, paused 1ms+1ms
06-07 13:41:07.780 D/dalvikvm( 1138): GC_CONCURRENT freed 406K, 79% free 1317K/6019K, paused 1ms+1ms
06-07 13:41:07.936 D/dalvikvm( 1138): GC_CONCURRENT freed 395K, 77% free 1429K/6019K, paused 0ms+1ms
06-07 13:41:08.080 D/dalvikvm( 1138): GC_CONCURRENT freed 486K, 78% free 1329K/6019K, paused 1ms+1ms
06-07 13:41:08.231 D/dalvikvm( 1138): GC_CONCURRENT freed 394K, 77% free 1416K/6019K, paused 1ms+1ms
06-07 13:41:08.476 D/dalvikvm( 1138): GC_CONCURRENT freed 485K, 79% free 1317K/6019K, paused 1ms+1ms
06-07 13:41:08.632 D/dalvikvm( 1138): GC_CONCURRENT freed 397K, 77% free 1425K/6019K, paused 1ms+1ms
06-07 13:41:08.783 D/dalvikvm( 1138): GC_CONCURRENT freed 485K, 77% free 1436K/6019K, paused 1ms+1ms
06-07 13:41:09.031 D/dalvikvm( 1138): GC_CONCURRENT freed 513K, 79% free 1317K/6019K, paused 1ms+1ms
06-07 13:41:09.175 D/dalvikvm( 1138): GC_CONCURRENT freed 487K, 78% free 1329K/6019K, paused 1ms+1ms
06-07 13:41:09.316 D/dalvikvm( 1138): GC_CONCURRENT freed 409K, 79% free 1304K/6019K, paused 1ms+1ms
06-07 13:41:09.463 D/dalvikvm( 1138): GC_CONCURRENT freed 379K, 79% free 1315K/6019K, paused 1ms+1ms
06-07 13:41:09.604 D/dalvikvm( 1138): GC_CONCURRENT freed 394K, 79% free 1308K/6019K, paused 1ms+1ms
06-07 13:41:09.751 D/dalvikvm( 1138): GC_CONCURRENT freed 365K, 76% free 1455K/6019K, paused 1ms+1ms
06-07 13:41:09.755 D/HomePlayerLib( 1138): hostaddress count is 2
06-07 13:41:09.799 D/dalvikvm( 1138): GC_CONCURRENT freed 532K, 77% free 1430K/6019K, paused 1ms+1ms
06-07 13:41:09.847 D/dalvikvm( 1138): GC_CONCURRENT freed 510K, 77% free 1425K/6019K, paused 1ms+1ms
06-07 13:41:09.907 D/dalvikvm( 1138): GC_CONCURRENT freed 499K, 77% free 1438K/6019K, paused 0ms+1ms
06-07 13:41:09.952 D/dalvikvm( 1138): GC_CONCURRENT freed 582K, 79% free 1308K/6019K, paused 0ms+1ms
06-07 13:41:10.007 D/dalvikvm( 1138): GC_CONCURRENT freed 379K, 79% free 1319K/6019K, paused 1ms+1ms
06-07 13:41:10.075 D/dalvikvm( 1138): GC_CONCURRENT freed 507K, 79% free 1324K/6019K, paused 0ms+1ms
06-07 13:41:10.171 D/dalvikvm( 1138): GC_CONCURRENT freed 395K, 79% free 1320K/6019K, paused 1ms+1ms
06-07 13:41:10.228 D/dalvikvm( 1138): GC_CONCURRENT freed 393K, 76% free 1489K/6019K, paused 0ms+1ms
06-07 13:41:10.315 D/dalvikvm( 1138): GC_CONCURRENT freed 550K, 77% free 1441K/6019K, paused 0ms+1ms
06-07 13:41:10.372 D/dalvikvm( 1138): GC_CONCURRENT freed 504K, 79% free 1321K/6019K, paused 1ms+1ms
06-07 13:41:10.420 D/dalvikvm( 1138): GC_CONCURRENT freed 391K, 79% free 1317K/6019K, paused 1ms+1ms
06-07 13:41:10.475 D/dalvikvm( 1138): GC_CONCURRENT freed 358K, 78% free 1346K/6019K, paused 1ms+1ms
06-07 13:41:10.523 D/dalvikvm( 1138): GC_CONCURRENT freed 393K, 76% free 1462K/6019K, paused 1ms+1ms
06-07 13:41:10.627 D/dalvikvm( 1138): GC_CONCURRENT freed 520K, 77% free 1440K/6019K, paused 0ms+1ms
06-07 13:41:10.675 D/dalvikvm( 1138): GC_CONCURRENT freed 491K, 78% free 1336K/6019K, paused 1ms+1ms
06-07 13:41:10.696 D/MiracastControl( 1272): receive addr: 192.168.43.186:42141 msgType: easysetting msgData: action=getnetwork&type=p2p
06-07 13:41:10.696 D/MiracastControl( 1272): send addr: 192.168.43.186:42141 msgType: easysetting msgData: state=off&action=getnetwork&result=success&mac=a6:a8:20:13:03:6e&type=p2p&name=tc123
06-07 13:41:10.747 D/dalvikvm( 1138): GC_CONCURRENT freed 414K, 79% free 1318K/6019K, paused 0ms+1ms
06-07 13:41:10.819 D/dalvikvm( 1138): GC_CONCURRENT freed 379K, 77% free 1440K/6019K, paused 1ms+1ms
06-07 13:41:10.888 D/MiracastControl( 1272): receive addr: 192.168.43.186:46842 msgType: easysetting msgData: action=getnetwork&type=p2p
06-07 13:41:10.888 D/MiracastControl( 1272): send addr: 192.168.43.186:46842 msgType: easysetting msgData: state=off&action=getnetwork&result=success&mac=a6:a8:20:13:03:6e&type=p2p&name=tc123
06-07 13:41:10.888 D/dalvikvm( 1138): GC_CONCURRENT freed 516K, 78% free 1327K/6019K, paused 1ms+1ms
06-07 13:41:10.948 D/dalvikvm( 1138): GC_CONCURRENT freed 392K, 76% free 1482K/6019K, paused 1ms+2ms
06-07 13:41:11.075 D/dalvikvm( 1138): GC_CONCURRENT freed 550K, 78% free 1335K/6019K, paused 1ms+1ms
06-07 13:41:11.119 D/dalvikvm( 1138): GC_CONCURRENT freed 392K, 78% free 1330K/6019K, paused 2ms+1ms
06-07 13:41:11.263 D/dalvikvm( 1138): GC_CONCURRENT freed 401K, 77% free 1386K/6019K, paused 1ms+1ms
06-07 13:41:11.311 D/dalvikvm( 1138): GC_CONCURRENT freed 460K, 77% free 1389K/6019K, paused 1ms+1ms
06-07 13:41:11.443 D/dalvikvm( 1138): GC_CONCURRENT freed 457K, 77% free 1442K/6019K, paused 1ms+1ms
06-07 13:41:11.531 D/dalvikvm( 1138): GC_CONCURRENT freed 518K, 77% free 1400K/6019K, paused 1ms+1ms
06-07 13:41:11.596 D/dalvikvm( 1138): GC_CONCURRENT freed 475K, 79% free 1309K/6019K, paused 1ms+1ms
06-07 13:41:11.680 D/dalvikvm( 1138): GC_CONCURRENT freed 367K, 78% free 1334K/6019K, paused 0ms+1ms
06-07 13:41:11.719 D/MiracastControl( 1272): receive addr: 192.168.43.186:54147 msgType: easysetting msgData: action=getnetwork&type=p2p
06-07 13:41:11.719 D/MiracastControl( 1272): send addr: 192.168.43.186:54147 msgType: easysetting msgData: state=off&action=getnetwork&result=success&mac=a6:a8:20:13:03:6e&type=p2p&name=tc123
06-07 13:41:11.731 D/dhcpcd  (17247): sending DHCP_DISCOVER with xid 0x3248358e, next in 15.52 seconds
06-07 13:41:11.843 D/dalvikvm( 1138): GC_CONCURRENT freed 402K, 78% free 1326K/6019K, paused 0ms+1ms
06-07 13:41:11.995 D/dalvikvm( 1138): GC_CONCURRENT freed 396K, 79% free 1316K/6019K, paused 1ms+1ms
06-07 13:41:12.143 D/dalvikvm( 1138): GC_CONCURRENT freed 394K, 79% free 1315K/6019K, paused 1ms+1ms
06-07 13:41:12.292 D/dalvikvm( 1138): GC_CONCURRENT freed 394K, 78% free 1341K/6019K, paused 1ms+1ms
06-07 13:41:12.431 D/dalvikvm( 1138): GC_CONCURRENT freed 407K, 78% free 1328K/6019K, paused 1ms+1ms
06-07 13:41:12.571 D/dalvikvm( 1138): GC_CONCURRENT freed 392K, 78% free 1329K/6019K, paused 1ms+1ms
06-07 13:41:12.703 D/dalvikvm( 1138): GC_CONCURRENT freed 393K, 78% free 1329K/6019K, paused 1ms+2ms
06-07 13:41:12.851 D/dalvikvm( 1138): GC_CONCURRENT freed 426K, 79% free 1302K/6019K, paused 1ms+1ms
06-07 13:41:13.096 D/dalvikvm( 1138): GC_CONCURRENT freed 371K, 78% free 1326K/6019K, paused 1ms+1ms
06-07 13:41:13.243 D/dalvikvm( 1138): GC_CONCURRENT freed 395K, 79% free 1315K/6019K, paused 1ms+1ms
06-07 13:41:13.331 I/MonitorCw880(18221): SystemPropertiesClass:class android.os.SystemProperties
06-07 13:41:13.331 W/MonitorCw880(18221): ~~~~~~~~~~~~~~~~~~~~~~method:public static java.lang.String android.os.SystemProperties.get(java.lang.String,java.lang.String)
06-07 13:41:13.331 W/MonitorCw880(18221): getProperties persist.sys.resolution return value:2
06-07 13:41:13.331 D/MonitorCw880(18221): getProperties -> persist.sys.resolution=2
06-07 13:41:13.331 I/MonitorCw880(18221): ====mDisplaymode = 1
06-07 13:41:13.336 D/MonitorCw880(18221): handleHandshake() -> recevice action=handshake
06-07 13:41:13.379 D/dalvikvm(18221): GC_FOR_ALLOC freed 456K, 66% free 2286K/6595K, paused 42ms
06-07 13:41:13.420 D/dalvikvm( 1138): GC_CONCURRENT freed 393K, 77% free 1430K/6019K, paused 0ms
[48165.211817] [SD_CTL_TASK] send msg to IMAN: msgid=0x511. ret = 0
+3ms
06-07 13:41:13.427 I/MonitorCw880(18221): [48165.222325] CW880 :rtsk=0x17, stsk=0x15,msgid=0x512,msglen=4
SystemProperties[48165.229920] [SD_CTL_TASK] send msg to IMAN: msgid=0x150a. ret = 0
Class:class andr[48165.236455] CW880 :rtsk=0x17, stsk=0x15,msgid=0x150b,msglen=4
oid.os.SystemProperties
06-07 1[48165.245825] Dest_ip=0xc0a82bba,TS_port=1234
3:41:13.427 W/Mo[48165.250324] CW880 API set ts info  ip is  192.168.43.186
nitorCw880(18221): ~~~~~~~~~~~~~[48165.258524] [SD_CTL_TASK] send msg to IMAN: msgid=0x503. ret = 0
~~~~~~~~~method:public static java.lang.String android.os.SystemProperties.get(java.lang.String,java.lang.String)
06-07 13:41:13.427 W/MonitorCw880(18221): get[48165.278291] CW880 :rtsk=0x17, stsk=0x15,msgid=0x504,msglen=24
Properties sys.c[48165.286237] [SD_CTL_TASK] send msg to IMAN: msgid=0x1503. ret = 0
w880.ready retur[48165.293258] CW880 :rtsk=0x17, stsk=0x15,msgid=0x1516,msglen=4
n value:true
06[48165.301101] [SD_CTL_TASK] send msg to IMAN: msgid=0x508. ret = 0
-07 13:41:13.427[48165.307872] CW880 :rtsk=0x17, stsk=0x15,msgid=0x1505,msglen=4
 W/WimoApp (18221): Q to be created is for module index:23,pid=18221
06-07 13:41:13.427 W/WimoApp (18221): Q_Addr is:0x1001701
06-07 13:41:13.432 W/WimoApp (18221): 
06-07 13:41:13.432 W/WimoApp (18221):  [U_MSGQ]create msgq for module(id=23) succeed!
06-07 13:41:13.432 W/WimoApp (18221): 
06-07 13:41:13.432 W/WimoApp (18221):  [WIM_M]send MODULE_HEART_BEAT_CHECK toMODULE(21) succeed!
06-07 13:41:13.448 W/WimoApp (18221): 
06-07 13:41:13.448 W/WimoApp (18221):  [APK]Received MODULE_HEART_BEAT_REPLY m[48165.358972] accepted a http connect , new connect ip is  192.168.43.186
sg!
06-07 13:41[48165.365999]                           old connect ip is  192.168.43.186
:13.448 D/MonitorCw880(18221): handleHandshake() -> Cw880BootState is cw880_reboot_completed
06-07 13:41:13.448 W/WimoApp (18221): Q to be created is for module index:23,pid=18221
06-07 13:41:13.448 W/WimoApp (18221): Q_Addr is:0x1001701
06-07 13:41:13.448 W/WimoApp (18221): 
06-07 13:41:13.448 W/WimoApp (18221):  [U_MSGQ]create msgq for module(id=23) succeed!
06-07 13:41:13.448 W/WimoApp (18221): 
06-07 13:41:13.448 W/WimoApp (18221):  [WIM_M]send IMAN_STREAM_GOING_CHECK toMODULE(21) succeed!
06-07 13:41:13.463 W/WimoApp (18221): 
06-07 13:41:13.463 W/WimoApp (18221):  [APK]Received IMAN_STREAM_GOING_REPLY msg!
06-07 13:41:13.463 W/WimoApp (18221): 
06-07 13:41:13.463 W/WimoApp (18221):  [APK]Received IMAN_STREAM_GOING_REPLY failed!
06-07 13:41:13.463 D/Cw880jni(18221): [com_coship_chuanping_S[48165.444280] accept new client socket. close old socket
etCw880CommunicateType, 139] type = 1
06-07 13:41:13.463 W/WimoApp (18221): Q to be created is for module index:23,pid=18221
06-07 13:41:13.463 W/WimoApp (18221): Q_Addr is:0x1001701
06-07 13:41:13.463 W/WimoApp (18221): 
06-07 13:41:13.463 W/WimoApp (18221):  [U_MSGQ]create msgq for module(id=23) succeed!
06-07 13:41:13.463 W/WimoApp (18221): 
06-07 13:41:13.463 W/WimoApp (18221):  [WIM_M]send TS_INFOR_MSG toMODULE(18) succeed!
06-07 13:41:13.463 W/WimoApp (18221): 
06-07 13:41:13.463 W/WimoApp (18221):  [APK]Received WIMO_AP_SET_COMMUNICATE_TYPE_REPLY msg!
06-07 13:41:13.463 D/Cw880jni(18221): [com_coship_chuanping_SetCw880CommunicateType, 146] set communicate type 1 success !
06-07 13:41:13.463 W/MonitorCw880(18221): setCw880CommunicateType()=1, return=6
06-07 13:41:13.463 V/Cw880jni(18221): =native ip = 192.168.43.186
06-07 13:41:13.463 V/Cw880jni(18221): [192]====currentip = c0000000
06-07 13:41:13.463 V/Cw880jni(18221): [196]====currentip = c0a80000
06-07 13:41:13.463 V/Cw880jni(18221): [200]====currentip = c0a82b00
06-07 13:41:13.463 V/Cw880jni(18221): [209]==tempip=186==retIP=c0a82bba
06-07 13:41:13.463 V/Cw880jni(18221): [225]===socketip=c0a82bba
06-07 13:41:13.463 W/WimoApp (18221): Q to be created is for module index:23,pid=18221
06-07 13:41:13.463 W/WimoApp (18221): Q_Addr is:0x1001701
06-07 13:41:13.463 W/WimoApp (18221): 
06-07 13:41:13.463 W/WimoApp (18221):  [U_MSGQ]create msgq for module(id=23) succeed!
06-07 13:41:13.463 W/WimoApp (18221): 
06-07 13:41:13.463 W/WimoApp (18221):  [WIM_M]send TS_INFOR_MSG toMODULE(18) succeed!
06-07 13:41:13.480 W/WimoApp (18221): 
06-07 13:41:13.480 W/WimoApp (18221):  [APK]Received WIMO_AP_TS_DEST_INFOR_REPLY msg!
06-07 13:41:13.480 V/Cw880jni(18221): [229]===cw_api_set_tsinfo back = 0
06-07 13:41:13.480 V/Cw880jni(18221): ==========mode = 1
06-07 13:41:13.480 V/Cw880jni(18221): ==========bandwidth = 4
06-07 13:41:13.480 V/Cw880jni(18221): [245]===set 720p displaymode 
06-07 13:41:13.480 W/WimoApp (18221): Q to be created is for module index:23,pid=18221
06-07 13:41:13.480 W/WimoApp (18221): Q_Addr is:0x1001701
06-07 13:41:13.480 W/WimoApp (18221): 
06-07 13:41:13.480 W/WimoApp (18221):  [U_MSGQ]create msgq for module(id=23) succeed!
06-07 13:41:13.480 W/WimoApp (18221): 
06-07 13:41:13.480 W/WimoApp (18221):  [WIMO_T]Input Resolution:Rel.width=1280, Rel.height=720
06-07 13:41:13.480 W/WimoApp (18221): 
06-07 13:41:13.480 W/WimoApp (18221):  [WIMO_T]Resolution Change Request as:Rel.width=1280, Rel.height=720,Actual.fps=30
06-07 13:41:13.480 W/WimoApp (18221): 
06-07 13:41:13.480 W/WimoApp (18221):  [WIM_M]send WIMO_AP_RESOL_CHNG_REQ toMODULE(21) succeed!
06-07 13:41:13.508 W/WimoApp (18221): 
06-07 13:41:13.508 W/WimoApp (18221):  [APK]Received WIMO_AP_RESOL_CHNG_REPLY msg!
06-07 13:41:13.508 W/WimoApp (18221): 
06-07 13:41:13.508 W/WimoApp (18221):  [APK]bandwidth required is 4M
06-07 13:41:13.508 W/WimoApp (18221): Q to be created is for module index:23,pid=18221
06-07 13:41:13.508 W/WimoApp (18221): Q_Addr is:0x1001701
06-07 13:41:13.508 W/WimoApp (18221): 
06-07 13:41:13.508 W/WimoApp (18221):  [U_MSGQ]create msgq for module(id=23) succeed!
06-07 13:41:13.508 W/WimoApp (18221): 
06-07 13:41:13.508 W/WimoApp (18221):  [WIM_M]send TS_BAND_WIDTH_ADJUST toMODULE(21) succeed!
06-07 13:41:13.519 W/WimoApp (18221): 
06-07 13:41:13.519 W/WimoApp (18221):  [APK]Received IMAN_COMMAND_COMPLETE_EPLY msg!
06-07 13:41:13.519 V/Cw880jni(18221): [264]====cw_api_set_ts_bandwidth back = 0
06-07 13:41:13.519 W/WimoApp (18221): Q to be created is for module index:23,pid=18221
06-07 13:41:13.519 W/WimoApp (18221): Q_Addr is:0x1001701
06-07 13:41:13.519 W/WimoApp (18221): 
06-07 13:41:13.519 W/WimoApp (18221):  [U_MSGQ]create msgq for module(id=23) succeed!
06-07 13:41:13.519 W/WimoApp (18221): 
06-07 13:41:13.519 W/WimoApp (18221):  [WIM_M]send IMAN_STREAM_OUTPUT_START toMODULE(21) succeed!
06-07 13:41:13.535 W/WimoApp (18221): 
06-07 13:41:13.535 W/WimoApp (18221):  [APK]Received IMAN_STREAM_OUTPUT_START msg!
06-07 13:41:13.535 V/Cw880jni(18221): [266]===cw_api_stream_start back =0
06-07 13:41:13.535 V/Cw880jni(18221): [272]====yes cw880 set success 
06-07 13:41:13.535 W/MonitorCw880(18221): StartCw880() -> result=6
06-07 13:41:13.535 D/MonitorCw880(18221): handleHandshake() -> easybusMsgOld is empty,new object.
06-07 13:41:13.535 D/MonitorCw880(18221): =========will to handle request=handshake
06-07 13:41:13.535 D/MonitorCw880(18221): return action=handshake result= success
06-07 13:41:13.535 D/MonitorCw880(18221):  send result -> 192.168.43.186:43767 msgType= easyscreen, msgData=action=handshake&result=success&playurl=mmkhttp://192.168.43.1:1234&video=null&audio=null&protocol=http&transfermode=unicast&streamformat=ts&resolution=720p&videobitrate=1536&version=1
06-07 13:41:13.599 D/dalvikvm( 1138): GC_CONCURRENT freed 487K, 77% free 1417K/6019K, paused 1ms+1ms
06-07 13:41:13.599 D/dalvikvm(18221): GC_FOR_ALLOC freed 359K, 66% free 2302K/6659K, paused 45ms
06-07 13:41:13.604 I/MonitorCw880(18221): SystemPropertiesClass:class android.os.SystemProperties
06-07 13:41:13.604 W/MonitorCw880(18221): ~~~~~~~~~~~~~~~~~~~~~~method:public static java.lang.String android.os.SystemProperties.get(java.lang.String,java.lang.String)
06-07 13:41:13.604 W/MonitorCw880(18221): getProperties persist.sys.resolution return value:2
06-07 13:41:13.604 D/MonitorCw880(18221): getProperties -> persist.sys.resolution=2
06-07 13:41:13.604 I/MonitorCw880(18221): ====mDisplaymode = 1
06-07 13:41:13.607 D/MonitorCw880(18221): handleStart() -> recevice action=start
06-07 13:41:13.607 I/MonitorCw880(18221): SystemPropertiesClass:class android.os.SystemProperties
06-07 13:41:13.607 W/MonitorCw880(18221): ~~~~~~~~~~~~~~~~~~~~~~method:public static java.lang.String android.os.SystemProperties.get(java.lang.String,java.lang.String)
06-07 13:41:13.607 W/MonitorCw880(18221): getProperties sys.cw880.ready return value:true
06-07 13:41:13.607 D/MonitorCw880(18221): =========will to handle request=start
06-07 13:41:13.607 D/MonitorCw880(18221): return action=start result= success
06-07 13:41:13.607 D/MonitorCw880(18221):  send result -> 192.168.43.186:43767 msgType= easyscreen, msgData=action=start&result=success
06-07 13:41:13.616 D/dalvikvm( 1628): GC_CONCURRENT freed 768K, 61% free 3085K/7747K, paused 2ms+19ms
06-07 13:41:13.635 E/fbdev   ( 1032): Attention! GFLIP time out, force update gop ring buffer!
06-07 13:41:13.643 E/fbdev   ( 1032): Attention! GFLIP time out, force update gop ring buffer!
06-07 13:41:13.655 E/fbdev   ( 1032): Attention! GFLIP time out, force update gop ring buffer!
06-07 13:41:13.671 E/fbdev   ( 1032): Attention! GFLIP time out, force update gop ring buffer!
06-07 13:41:13.680 E/fbdev   ( 1032): Attention! GFLIP time out, force update gop ring buffer!
06-07 13:41:13.692 E/fbdev   ( 1032): Attention! GFLIP time out, force update gop ring buffer!
06-07 13:41:13.707 E/fbdev   ( 1032): Attention! GFLIP time out, force update gop ring buffer!
06-07 13:41:13.719 E/fbdev   ( 1032): Attention! GFLIP time out, force update gop ring buffer!
06-07 13:41:13.735 E/fbdev   ( 1032): Attention! GFLIP time out, force update gop ring buffer!
06-07 13:41:13.755 E/fbdev   ( 1032): Attention! GFLIP time out, force update gop ring buffer!
06-07 13:41:13.771 E/fbdev   ( 1032): Attention! GFLIP time out, force update gop ring buffer!
06-07 13:41:13.783 E/fbdev   ( 1032): Attention! GFLIP time out, force update gop ring buffer!
06-07 13:41:13.800 E/fbdev   ( 1032): Attention! GFLIP time out, force update gop ring buffer!
06-07 13:41:13.819 E/fbdev   ( 1032): Attention! GFLIP time out, force update gop ring buffer!
06-07 13:41:13.836 E/fbdev   ( 1032): Attention! GFLIP time out, force update gop ring buffer!
06-07 13:41:13.851 E/fbdev   ( 1032): Attention! GFLIP time out, force update gop ring buffer!
06-07 13:41:13.860 D/dalvikvm( 1138): GC_CONCURRENT freed 487K, 79% free 1317K/6019K, paused 1ms+1ms
06-07 13:41:13.867 E/fbdev   ( 1032): Attention! GFLIP time out, force update gop ring buffer!
06-07 13:41:13.884 E/fbdev   ( 1032): Attention! GFLIP time out, force update gop ring buffer!
06-07 13:41:13.899 E/fbdev   ( 1032): Attention! GFLIP time out, force update gop ring buffer!
06-07 13:41:13.915 E/fbdev   ( 1032): Attention! GFLIP time out, force update gop ring buffer!
06-07 13:41:13.932 E/fbdev   ( 1032): Attention! GFLIP time out, force update gop ring buffer!
06-07 13:41:13.947 E/fbdev   ( 1032): Attention! GFLIP time out, force update gop ring buffer!
06-07 13:41:13.963 E/fbdev   ( 1032): Attention! GFLIP time out, force update gop ring buffer!
06-07 13:41:13.983 E/fbdev   ( 1032): Attention! GFLIP time out, force update gop ring buffer!
06-07 13:41:13.995 D/MonitorCw880(18221): counter=3 && isHeartbeatTimeout=false
06-07 13:41:13.999 E/fbdev   ( 1032): Attention! GFLIP time out, force update gop ring buffer!
06-07 13:41:14.016 E/fbdev   ( 1032): Attention! GFLIP time out, force update gop ring buffer!
06-07 13:41:14.028 D/dalvikvm( 1138): GC_CONCURRENT freed 395K, 77% free 1425K/6019K, paused 4ms+1ms
06-07 13:41:14.031 E/fbdev   ( 1032): Attention! GFLIP time out, force update gop ring buffer!
06-07 13:41:14.047 E/fbdev   ( 1032): Attention! GFLIP time out, force update gop ring buffer!
06-07 13:41:14.064 E/fbdev   ( 1032): Attention! GFLIP time out, force update gop ring buffer!
06-07 13:41:14.079 E/fbdev   ( 1032): Attention! GFLIP time out, force update gop ring buffer!
06-07 13:41:14.095 E/fbdev   ( 1032): Attention! GFLIP time out, force update gop ring buffer!
06-07 13:41:14.112 E/fbdev   ( 1032): Attention! GFLIP time out, force update gop ring buffer!
06-07 13:41:14.127 E/fbdev   ( 1032): Attention! GFLIP time out, force update gop ring buffer!
06-07 13:41:14.143 E/fbdev   ( 1032): Attention! GFLIP time out, force update gop ring buffer!
06-07 13:41:14.160 E/fbdev   ( 1032): Attention! GFLIP time out, force update gop ring buffer!
06-07 13:41:14.187 D/dalvikvm( 1138): GC_CONCURRENT freed 486K, 78% free 1329K/6019K, paused 1ms+1ms
06-07 13:41:14.359 D/dalvikvm( 1138): GC_CONCURRENT freed 394K, 78% free 1330K/6019K, paused 1ms+2ms
06-07 13:41:14.520 D/dalvikvm( 1138): GC_CONCURRENT freed 392K, 78% free 1329K/6019K, paused 1ms+1ms
06-07 13:41:14.671 D/dalvikvm( 1138): GC_CONCURRENT freed 393K, 78% free 1330K/6019K, paused 1ms+1ms
06-07 13:41:14.931 D/dalvikvm( 1138): GC_CONCURRENT freed 405K, 78% free 1326K/6019K, paused 1ms+2ms
06-07 13:41:14.983 D/dalvikvm( 1138): GC_CONCURRENT freed 375K, 78% free 1360K/6019K, paused 1ms+1ms
06-07 13:41:15.103 D/dalvikvm( 1138): GC_CONCURRENT freed 425K, 78% free 1330K/6019K, paused 1ms+2ms
06-07 13:41:15.151 D/dalvikvm( 1138): GC_CONCURRENT freed 392K, 78% free 1328K/6019K, paused 1ms+1ms
06-07 13:41:15.252 D/dalvikvm( 1138): GC_CONCURRENT freed 394K, 78% free 1328K/6019K, paused 1ms+1ms
06-07 13:41:15.315 D/dalvikvm( 1138): GC_CONCURRENT freed 393K, 77% free 1385K/6019K, paused 0ms+1ms
06-07 13:41:15.399 D/dalvikvm( 1138): GC_CONCURRENT freed 464K, 79% free 1305K/6019K, paused 1ms+1ms
06-07 13:41:15.540 D/dalvikvm( 1138): GC_CONCURRENT freed 373K, 77% free 1440K/6019K, paused 2ms+1ms
06-07 13:41:15.603 D/dalvikvm( 1138): GC_CONCURRENT freed 517K, 77% free 1432K/6019K, paused 1ms+1ms
06-07 13:41:15.636 E/fbdev   ( 1032): Attention! GFLIP time out, force update gop ring buffer!
06-07 13:41:15.648 E/fbdev   ( 1032): Attention! GFLIP time out, force update gop ring buffer!
06-07 13:41:15.655 E/fbdev   ( 1032): Attention! GFLIP time out, force update gop ring buffer!
06-07 13:41:15.663 E/fbdev   ( 1032): Attention! GFLIP time out, force update gop ring buffer!
06-07 13:41:15.675 E/fbdev   ( 1032): Attention! GFLIP time out, force update gop ring buffer!
06-07 13:41:15.687 E/fbdev   ( 1032): Attention! GFLIP time out, force update gop ring buffer!
06-07 13:41:15.699 E/fbdev   ( 1032): Attention! GFLIP time out, force update gop ring buffer!
06-07 13:41:15.715 E/fbdev   ( 1032): Attention! GFLIP time out, force update gop ring buffer!
06-07 13:41:15.727 D/dalvikvm( 1138): GC_CONCURRENT freed 488K, 78% free 1351K/6019K, paused 1ms+1ms
06-07 13:41:15.735 E/fbdev   ( 1032): Attention! GFLIP time out, force update gop ring buffer!
06-07 13:41:15.747 E/fbdev   ( 1032): Attention! GFLIP time out, force update gop ring buffer!
06-07 13:41:15.768 E/fbdev   ( 1032): Attention! GFLIP time out, force update gop ring buffer!
06-07 13:41:15.780 E/fbdev   ( 1032): Attention! GFLIP time out, force update gop ring buffer!
06-07 13:41:15.795 E/fbdev   ( 1032): Attention! GFLIP time out, force update gop ring buffer!
06-07 13:41:15.816 E/fbdev   ( 1032): Attention! GFLIP time out, force update gop ring buffer!
06-07 13:41:15.831 E/fbdev   ( 1032): Attention! GFLIP time out, force update gop ring buffer!
06-07 13:41:15.847 E/fbdev   ( 1032): Attention! GFLIP time out, force update gop ring buffer!
06-07 13:41:15.864 D/dalvikvm( 1138): GC_CONCURRENT freed 416K, 77% free 1396K/6019K, paused 1ms+4ms
06-07 13:41:15.864 E/fbdev   ( 1032): Attention! GFLIP time out, force update gop ring buffer!
06-07 13:41:15.879 E/fbdev   ( 1032): Attention! GFLIP time out, force update gop ring buffer!
06-07 13:41:15.895 E/fbdev   ( 1032): Attention! GFLIP time out, force update gop ring buffer!
06-07 13:41:15.912 E/fbdev   ( 1032): Attention! GFLIP time out, force update gop ring buffer!
06-07 13:41:15.924 D/dalvikvm( 1138): GC_CONCURRENT freed 469K, 78% free 1337K/6019K, paused 2ms+2ms
06-07 13:41:15.931 E/fbdev   ( 1032): Attention! GFLIP time out, force update gop ring buffer!
06-07 13:41:15.943 E/fbdev   ( 1032): Attention! GFLIP time out, force update gop ring buffer!
06-07 13:41:15.960 E/fbdev   ( 1032): Attention! GFLIP time out, force update gop ring buffer!
06-07 13:41:15.975 E/fbdev   ( 1032): Attention! GFLIP time out, force update gop ring buffer!
06-07 13:41:15.991 E/fbdev   ( 1032): Attention! GFLIP time out, force update gop ring buffer!
06-07 13:41:15.996 D/MonitorCw880(18221): counter=5 && isHeartbeatTimeout=false
06-07 13:41:16.008 E/fbdev   ( 1032): Attention! GFLIP time out, force update gop ring buffer!
06-07 13:41:16.023 E/fbdev   ( 1032): Attention! GFLIP time out, force update gop ring buffer!
06-07 13:41:16.039 E/fbdev   ( 1032): Attention! GFLIP time out, force update gop ring buffer!
06-07 13:41:16.059 E/fbdev   ( 1032): Attention! GFLIP time out, force update gop ring buffer!
06-07 13:41:16.075 E/fbdev   ( 1032): Attention! GFLIP time out, force update gop ring buffer!
06-07 13:41:16.092 E/fbdev   ( 1032): Attention! GFLIP time out, force update gop ring buffer!
06-07 13:41:16.092 D/dalvikvm( 1138): GC_CONCURRENT freed 391K, 78% free 1358K/6019K, paused 1ms+1ms
06-07 13:41:16.107 E/fbdev   ( 1032): Attention! GFLIP time out, force update gop ring buffer!
06-07 13:41:16.123 E/fbdev   ( 1032): Attention! GFLIP time out, force update gop ring buffer!
06-07 13:41:16.135 D/dalvikvm( 1138): GC_CONCURRENT freed 437K, 78% free 1330K/6019K, paused 1ms+1ms
06-07 13:41:16.140 E/fbdev   ( 1032): Attention! GFLIP time out, force update gop ring buffer!
06-07 13:41:16.155 E/fbdev   ( 1032): Attention! GFLIP time out, force update gop ring buffer!
06-07 13:41:16.164 E/fbdev   ( 1032): Attention! GFLIP time out, force update gop ring buffer!
06-07 13:41:16.291 D/dalvikvm( 1138): GC_CONCURRENT freed 379K, 76% free 1461K/6019K, paused 1ms+1ms
06-07 13:41:16.435 D/dalvikvm( 1138): GC_CONCURRENT freed 522K, 78% free 1371K/6019K, paused 1ms+1ms
06-07 13:41:16.467 D/dalvikvm( 1138): GC_CONCURRENT freed 434K, 78% free 1329K/6019K, paused 1ms+1ms
06-07 13:41:16.611 D/dalvikvm( 1138): GC_CONCURRENT freed 393K, 78% free 1329K/6019K, paused 1ms+1ms
06-07 13:41:16.743 D/dalvikvm( 1138): GC_CONCURRENT freed 394K, 78% free 1329K/6019K, paused 1ms+1ms
06-07 13:41:16.896 D/dalvikvm( 1138): GC_CONCURRENT freed 393K, 78% free 1329K/6019K, paused 1ms+1ms
06-07 13:41:17.148 D/dalvikvm( 1138): GC_CONCURRENT freed 402K, 78% free 1326K/6019K, paused 1ms+1ms
06-07 13:41:17.292 D/dalvikvm( 1138): GC_CONCURRENT freed 395K, 78% free 1324K/6019K, paused 1ms+1ms
06-07 13:41:17.443 D/dalvikvm( 1138): GC_CONCURRENT freed 393K, 78% free 1341K/6019K, paused 1ms+1ms
06-07 13:41:17.587 D/dalvikvm( 1138): GC_CONCURRENT freed 407K, 78% free 1328K/6019K, paused 1ms+1ms
06-07 13:41:17.647 E/fbdev   ( 1032): Attention! GFLIP time out, force update gop ring buffer!
06-07 13:41:17.664 E/fbdev   ( 1032): Attention! GFLIP time out, force update gop ring buffer!
06-07 13:41:17.679 E/fbdev   ( 1032): Attention! GFLIP time out, force update gop ring buffer!
06-07 13:41:17.695 E/fbdev   ( 1032): Attention! GFLIP time out, force update gop ring buffer!
06-07 13:41:17.712 E/fbdev   ( 1032): Attention! GFLIP time out, force update gop ring buffer!
06-07 13:41:17.731 E/fbdev   ( 1032): Attention! GFLIP time out, force update gop ring buffer!
06-07 13:41:17.739 D/dalvikvm( 1138): GC_CONCURRENT freed 392K, 78% free 1370K/6019K, paused 1ms+1ms
06-07 13:41:17.743 E/fbdev   ( 1032): Attention! GFLIP time out, force update gop ring buffer!
06-07 13:41:17.760 E/fbdev   ( 1032): Attention! GFLIP time out, force update gop ring buffer!
06-07 13:41:17.775 E/fbdev   ( 1032): Attention! GFLIP time out, force update gop ring buffer!
06-07 13:41:17.791 E/fbdev   ( 1032): Attention! GFLIP time out, force update gop ring buffer!
06-07 13:41:17.808 E/fbdev   ( 1032): Attention! GFLIP time out, force update gop ring buffer!
06-07 13:41:17.823 E/fbdev   ( 1032): Attention! GFLIP time out, force update gop ring buffer!
06-07 13:41:17.844 E/fbdev   ( 1032): Attention! GFLIP time out, force update gop ring buffer!
06-07 13:41:17.859 E/fbdev   ( 1032): Attention! GFLIP time out, force update gop ring buffer!
06-07 13:41:17.875 E/fbdev   ( 1032): Attention! GFLIP time out, force update gop ring buffer!
06-07 13:41:17.892 E/fbdev   ( 1032): Attention! GFLIP time out, force update gop ring buffer!
06-07 13:41:17.899 D/dalvikvm( 1138): GC_CONCURRENT freed 433K, 78% free 1329K/6019K, paused 1ms+1ms
06-07 13:41:17.907 E/fbdev   ( 1032): Attention! GFLIP time out, force update gop ring buffer!
06-07 13:41:17.923 E/fbdev   ( 1032): Attention! GFLIP time out, force update gop ring buffer!
06-07 13:41:17.940 E/fbdev   ( 1032): Attention! GFLIP time out, force update gop ring buffer!
06-07 13:41:17.955 E/fbdev   ( 1032): Attention! GFLIP time out, force update gop ring buffer!
06-07 13:41:17.971 E/fbdev   ( 1032): Attention! GFLIP time out, force update gop ring buffer!
06-07 13:41:17.988 E/fbdev   ( 1032): Attention! GFLIP time out, force update gop ring buffer!
06-07 13:41:18.000 D/MonitorCw880(18221): counter=7 && isHeartbeatTimeout=false
06-07 13:41:18.003 E/fbdev   ( 1032): Attention! GFLIP time out, force update gop ring buffer!
06-07 13:41:18.019 E/fbdev   ( 1032): Attention! GFLIP time out, force update gop ring buffer!
06-07 13:41:18.039 E/fbdev   ( 1032): Attention! GFLIP time out, force update gop ring buffer!
06-07 13:41:18.051 D/dalvikvm( 1138): GC_CONCURRENT freed 392K, 78% free 1334K/6019K, paused 1ms+1ms
06-07 13:41:18.055 E/fbdev   ( 1032): Attention! GFLIP time out, force update gop ring buffer!
06-07 13:41:18.072 E/fbdev   ( 1032): Attention! GFLIP time out, force update gop ring buffer!
06-07 13:41:18.087 E/fbdev   ( 1032): Attention! GFLIP time out, force update gop ring buffer!
06-07 13:41:18.103 E/fbdev   ( 1032): Attention! GFLIP time out, force update gop ring buffer!
06-07 13:41:18.120 E/fbdev   ( 1032): Attention! GFLIP time out, force update gop ring buffer!
06-07 13:41:18.135 E/fbdev   ( 1032): Attention! GFLIP time out, force update gop ring buffer!
06-07 13:41:18.151 E/fbdev   ( 1032): Attention! GFLIP time out, force update gop ring buffer!
06-07 13:41:18.159 E/fbdev   ( 1032): Attention! GFLIP time out, force update gop ring buffer!
06-07 13:41:18.303 D/dalvikvm( 1138): GC_CONCURRENT freed 405K, 78% free 1326K/6019K, paused 1ms+1ms
06-07 13:41:18.456 D/dalvikvm( 1138): GC_CONCURRENT freed 396K, 78% free 1324K/6019K, paused 0ms+1ms
06-07 13:41:18.607 D/dalvikvm( 1138): GC_CONCURRENT freed 394K, 78% free 1324K/6019K, paused 1ms+1ms
06-07 13:41:18.759 D/dalvikvm( 1138): GC_CONCURRENT freed 405K, 79% free 1312K/6019K, paused 1ms+1ms
06-07 13:41:18.919 D/dalvikvm( 1138): GC_CONCURRENT freed 392K, 78% free 1329K/6019K, paused 1ms+2ms
06-07 13:41:19.071 D/dalvikvm( 1138): GC_CONCURRENT freed 394K, 77% free 1416K/6019K, paused 1ms+1ms
06-07 13:41:19.320 D/dalvikvm( 1138): GC_CONCURRENT freed 484K, 79% free 1317K/6019K, paused 1ms+2ms
06-07 13:41:19.476 D/dalvikvm( 1138): GC_CONCURRENT freed 395K, 78% free 1324K/6019K, paused 1ms+1ms
06-07 13:41:19.632 D/dalvikvm( 1138): GC_CONCURRENT freed 394K, 79% free 1315K/6019K, paused 1ms+1ms
06-07 13:41:19.783 D/dalvikvm( 1138): GC_CONCURRENT freed 394K, 79% free 1315K/6019K, paused 1ms+2ms
06-07 13:41:19.939 D/dalvikvm( 1138): GC_CONCURRENT freed 392K, 77% free 1440K/6019K, paused 1ms+1ms
06-07 13:41:19.999 D/MonitorCw880(18221): counter=9 && isHeartbeatTimeout=false
06-07 13:41:20.184 D/dalvikvm( 1138): GC_CONCURRENT freed 520K, 79% free 1307K/6019K, paused 0ms+1ms
06-07 13:41:20.352 D/dalvikvm( 1138): GC_CONCURRENT freed 386K, 77% free 1413K/6019K, paused 0ms+1ms
06-07 13:41:20.508 D/dalvikvm( 1138): GC_CONCURRENT freed 475K, 76% free 1454K/6019K, paused 1ms+1ms
06-07 13:41:20.655 D/dalvikvm( 1138): GC_CONCURRENT freed 513K, 78% free 1336K/6019K, paused 1ms+1ms
06-07 13:41:20.904 D/dalvikvm( 1138): GC_CONCURRENT freed 404K, 78% free 1326K/6019K, paused 1ms+1ms
06-07 13:41:21.055 D/dalvikvm( 1138): GC_CONCURRENT freed 396K, 78% free 1324K/6019K, paused 1ms+1ms
06-07 13:41:21.207 D/dalvikvm( 1138): GC_CONCURRENT freed 384K, 78% free 1351K/6019K, paused 1ms+1ms
06-07 13:41:21.247 D/HomePlayerLib( 1138): hostaddress count is 2
06-07 13:41:21.252 D/dalvikvm( 1138): GC_CONCURRENT freed 430K, 77% free 1432K/6019K, paused 1ms+1ms
06-07 13:41:21.303 D/dalvikvm( 1138): GC_CONCURRENT freed 511K, 77% free 1433K/6019K, paused 1ms+1ms
06-07 13:41:21.355 D/dalvikvm( 1138): GC_CONCURRENT freed 498K, 77% free 1411K/6019K, paused 0ms+1ms
06-07 13:41:21.411 D/dalvikvm( 1138): GC_CONCURRENT freed 477K, 76% free 1446K/6019K, paused 1ms+1ms
06-07 13:41:21.463 D/dalvikvm( 1138): GC_CONCURRENT freed 508K, 77% free 1392K/6019K, paused 0ms+1ms
06-07 13:41:21.507 D/dalvikvm( 1138): GC_CONCURRENT freed 459K, 79% free 1320K/6019K, paused 1ms+1ms
06-07 13:41:21.571 D/dalvikvm( 1138): GC_CONCURRENT freed 385K, 76% free 1446K/6019K, paused 0ms+1ms
06-07 13:41:21.631 D/dalvikvm( 1138): GC_CONCURRENT freed 518K, 77% free 1434K/6019K, paused 1ms+1ms
06-07 13:41:21.691 D/dalvikvm( 1138): GC_CONCURRENT freed 488K, 76% free 1475K/6019K, paused 0ms+1ms
06-07 13:41:21.735 D/dalvikvm( 1138): GC_CONCURRENT freed 534K, 78% free 1335K/6019K, paused 1ms+1ms
06-07 13:41:21.835 D/dalvikvm( 1138): GC_CONCURRENT freed 442K, 77% free 1421K/6019K, paused 1ms+1ms
06-07 13:41:21.891 D/dalvikvm( 1138): GC_CONCURRENT freed 475K, 77% free 1416K/6019K, paused 0ms+1ms
06-07 13:41:21.999 D/MonitorCw880(18221): counter=11 && isHeartbeatTimeout=false
06-07 13:41:22.027 D/dalvikvm( 1138): GC_CONCURRENT freed 486K, 77% free 1437K/6019K, paused 1ms+1ms
06-07 13:41:22.063 D/dalvikvm( 1138): GC_CONCURRENT freed 490K, 78% free 1331K/6019K, paused 1ms+1ms
06-07 13:41:22.116 D/dalvikvm( 1138): GC_CONCURRENT freed 393K, 77% free 1415K/6019K, paused 1ms+1ms
06-07 13:41:22.183 D/dalvikvm( 1138): GC_CONCURRENT freed 473K, 78% free 1339K/6019K, paused 0ms+1ms
06-07 13:41:22.320 D/dalvikvm( 1138): GC_CONCURRENT freed 404K, 76% free 1445K/6019K, paused 1ms+1ms
06-07 13:41:22.383 D/dalvikvm( 1138): GC_CONCURRENT freed 515K, 77% free 1437K/6019K, paused 1ms+1ms
06-07 13:41:22.428 D/dalvikvm( 1138): GC_CONCURRENT freed 489K, 78% free 1337K/6019K, paused 1ms+1ms
06-07 13:41:22.524 D/dalvikvm( 1138): GC_CONCURRENT freed 414K, 77% free 1434K/6019K, paused 0ms+1ms
06-07 13:41:22.596 D/dalvikvm( 1138): GC_CONCURRENT freed 492K, 76% free 1452K/6019K, paused 1ms+1ms
06-07 13:41:22.680 D/dalvikvm( 1138): GC_CONCURRENT freed 516K, 78% free 1336K/6019K, paused 1ms+1ms
06-07 13:41:22.807 D/dalvikvm( 1138): GC_CONCURRENT freed 406K, 79% free 1317K/6019K, paused 1ms+1ms
06-07 13:41:22.855 D/dalvikvm( 1138): GC_CONCURRENT freed 440K, 78% free 1384K/6019K, paused 1ms+1ms
06-07 13:41:22.999 D/dalvikvm( 1138): GC_CONCURRENT freed 457K, 77% free 1438K/6019K, paused 1ms+1ms
06-07 13:41:23.139 D/dalvikvm( 1138): GC_CONCURRENT freed 512K, 77% free 1437K/6019K, paused 1ms+1ms
06-07 13:41:23.196 D/dalvikvm( 1138): GC_CONCURRENT freed 515K, 77% free 1427K/6019K, paused 1ms+1ms
06-07 13:41:23.340 D/dalvikvm( 1138): GC_CONCURRENT freed 488K, 78% free 1335K/6019K, paused 1ms+1ms
06-07 13:41:23.592 D/dalvikvm( 1138): GC_CONCURRENT freed 405K, 77% free 1427K/6019K, paused 1ms+1ms
06-07 13:41:23.748 D/dalvikvm( 1138): GC_CONCURRENT freed 490K, 78% free 1329K/6019K, paused 1ms+1ms
06-07 13:41:23.904 D/dalvikvm( 1138): GC_CONCURRENT freed 462K, 78% free 1367K/6019K, paused 0ms+1ms
06-07 13:41:24.000 D/MonitorCw880(18221): counter=4 && isHeartbeatTimeout=false
06-07 13:41:24.147 D/dalvikvm( 1138): GC_CONCURRENT freed 445K, 79% free 1306K/6019K, paused 1ms+1ms
06-07 13:41:24.300 D/dalvikvm( 1138): GC_CONCURRENT freed 378K, 78% free 1329K/6019K, paused 0ms+1ms
06-07 13:41:24.439 D/dalvikvm( 1138): GC_CONCURRENT freed 395K, 78% free 1328K/6019K, paused 1ms+1ms
06-07 13:41:24.576 D/dalvikvm( 1138): GC_CONCURRENT freed 394K, 78% free 1328K/6019K, paused 0ms+1ms
06-07 13:41:24.715 D/dalvikvm( 1138): GC_CONCURRENT freed 394K, 78% free 1328K/6019K, paused 0ms+1ms
06-07 13:41:24.867 D/dalvikvm( 1138): GC_CONCURRENT freed 393K, 78% free 1331K/6019K, paused 1ms+2ms
06-07 13:41:24.927 D/dalvikvm( 1138): GC_CONCURRENT freed 404K, 79% free 1314K/6019K, paused 0ms+1ms
06-07 13:41:25.020 D/dalvikvm( 1138): GC_CONCURRENT freed 391K, 78% free 1348K/6019K, paused 1ms+1ms
06-07 13:41:25.272 D/dalvikvm( 1138): GC_CONCURRENT freed 416K, 77% free 1442K/6019K, paused 1ms+1ms
06-07 13:41:25.419 D/dalvikvm( 1138): GC_CONCURRENT freed 517K, 79% free 1309K/6019K, paused 1ms+1ms
06-07 13:41:25.567 D/dalvikvm( 1138): GC_CONCURRENT freed 366K, 78% free 1371K/6019K, paused 1ms+1ms
06-07 13:41:25.644 D/dalvikvm( 1138): GC_CONCURRENT freed 433K, 78% free 1329K/6019K, paused 1ms+1ms
06-07 13:41:25.707 D/dalvikvm( 1138): GC_CONCURRENT freed 392K, 78% free 1330K/6019K, paused 1ms+1ms
06-07 13:41:25.836 D/dalvikvm( 1138): GC_CONCURRENT freed 405K, 77% free 1440K/6019K, paused 1ms+1ms
06-07 13:41:25.915 D/dalvikvm( 1138): GC_CONCURRENT freed 517K, 77% free 1427K/6019K, paused 1ms+1ms
06-07 13:41:25.992 D/dalvikvm( 1138): GC_CONCURRENT freed 489K, 78% free 1330K/6019K, paused 0ms+0ms
06-07 13:41:25.999 D/MonitorCw880(18221): counter=6 && isHeartbeatTimeout=false
06-07 13:41:26.127 D/dalvikvm( 1138): GC_CONCURRENT freed 403K, 77% free 1426K/6019K, paused 1ms+1ms
06-07 13:41:26.179 D/dalvikvm( 1138): GC_CONCURRENT freed 488K, 77% free 1436K/6019K, paused 0ms+1ms
06-07 13:41:26.292 D/dalvikvm( 1138): GC_CONCURRENT freed 514K, 78% free 1353K/6019K, paused 1ms+1ms
06-07 13:41:26.412 D/dalvikvm( 1138): GC_CONCURRENT freed 419K, 78% free 1329K/6019K, paused 0ms+3ms
06-07 13:41:26.467 D/dalvikvm( 1138): GC_CONCURRENT freed 390K, 76% free 1451K/6019K, paused 0ms+1ms
06-07 13:41:26.619 D/dalvikvm( 1138): GC_CONCURRENT freed 507K, 76% free 1454K/6019K, paused 1ms+2ms
06-07 13:41:26.767 D/dalvikvm( 1138): GC_CONCURRENT freed 515K, 78% free 1328K/6019K, paused 2ms+1ms
06-07 13:41:26.943 D/dalvikvm( 1138): GC_CONCURRENT freed 395K, 77% free 1410K/6019K, paused 0ms+1ms
06-07 13:41:27.103 D/dalvikvm( 1138): GC_CONCURRENT freed 474K, 77% free 1436K/6019K, paused 1ms+1ms
--------- beginning of /dev/log/system
06-07 13:41:27.247 W/MountService(  989): getVolumeState(/mnt/sdcard): Unknown volume
06-07 13:41:27.247 W/MountService(  989): getVolumeState(/mnt/sdcard): Unknown volume
06-07 13:41:27.271 D/dhcpcd  (17247): sending DHCP_DISCOVER with xid 0x3248358e, next in 32.68 seconds
06-07 13:41:27.375 D/dalvikvm( 1138): GC_CONCURRENT freed 514K, 79% free 1315K/6019K, paused 1ms+2ms
06-07 13:41:27.519 D/dalvikvm( 1138): GC_CONCURRENT freed 379K, 78% free 1329K/6019K, paused 1ms+1ms
06-07 13:41:27.675 D/dalvikvm( 1138): GC_CONCURRENT freed 394K, 77% free 1434K/6019K, paused 1ms+1ms
06-07 13:41:27.828 D/dalvikvm( 1138): GC_CONCURRENT freed 501K, 77% free 1399K/6019K, paused 1ms+1ms
06-07 13:41:27.972 D/dalvikvm( 1138): GC_CONCURRENT freed 478K, 79% free 1305K/6019K, paused 0ms+1ms
06-07 13:41:27.999 D/MonitorCw880(18221): counter=8 && isHeartbeatTimeout=false
06-07 13:41:28.219 D/dalvikvm( 1138): GC_CONCURRENT freed 374K, 79% free 1317K/6019K, paused 0ms+1ms
06-07 13:41:28.371 D/dalvikvm( 1138): GC_CONCURRENT freed 394K, 77% free 1423K/6019K, paused 1ms+1ms
06-07 13:41:28.527 D/dalvikvm( 1138): GC_CONCURRENT freed 487K, 77% free 1436K/6019K, paused 0ms+1ms
06-07 13:41:28.776 D/dalvikvm( 1138): GC_CONCURRENT freed 514K, 79% free 1315K/6019K, paused 1ms+1ms
06-07 13:41:28.927 D/dalvikvm( 1138): GC_CONCURRENT freed 381K, 78% free 1371K/6019K, paused 1ms+1ms
06-07 13:41:29.079 D/dalvikvm( 1138): GC_CONCURRENT freed 434K, 78% free 1328K/6019K, paused 1ms+2ms
06-07 13:41:29.220 D/dalvikvm( 1138): GC_CONCURRENT freed 393K, 78% free 1328K/6019K, paused 1ms+1ms
06-07 13:41:29.379 D/dalvikvm( 1138): GC_CONCURRENT freed 393K, 77% free 1435K/6019K, paused 1ms+1ms
06-07 13:41:29.623 D/dalvikvm( 1138): GC_CONCURRENT freed 513K, 79% free 1305K/6019K, paused 1ms+1ms
06-07 13:41:29.779 D/dalvikvm( 1138): GC_CONCURRENT freed 378K, 77% free 1435K/6019K, paused 0ms+1ms
06-07 13:41:29.928 D/dalvikvm( 1138): GC_CONCURRENT freed 503K, 79% free 1316K/6019K, paused 1ms+1ms
06-07 13:41:30.000 D/MonitorCw880(18221): counter=10 && isHeartbeatTimeout=false
06-07 13:41:30.072 D/dalvikvm( 1138): GC_CONCURRENT freed 395K, 79% free 1316K/6019K, paused 0ms+1ms
06-07 13:41:30.223 D/dalvikvm( 1138): GC_CONCURRENT freed 394K, 77% free 1388K/6019K, paused 0ms+0ms
06-07 13:41:30.475 D/dalvikvm( 1138): GC_CONCURRENT freed 459K, 79% free 1317K/6019K, paused 1ms+1ms
06-07 13:41:30.631 D/dalvikvm( 1138): GC_CONCURRENT freed 395K, 79% free 1315K/6019K, paused 1ms+1ms
06-07 13:41:30.787 D/dalvikvm( 1138): GC_CONCURRENT freed 392K, 77% free 1430K/6019K, paused 1ms+1ms
06-07 13:41:30.936 D/dalvikvm( 1138): GC_CONCURRENT freed 487K, 78% free 1329K/6019K, paused 1ms+1ms
06-07 13:41:31.083 D/dalvikvm( 1138): GC_CONCURRENT freed 395K, 78% free 1375K/6019K, paused 1ms+1ms
06-07 13:41:31.327 D/dalvikvm( 1138): GC_CONCURRENT freed 443K, 79% free 1318K/6019K, paused 1ms+1ms
06-07 13:41:31.488 D/dalvikvm( 1138): GC_CONCURRENT freed 395K, 79% free 1315K/6019K, paused 1ms+1ms
06-07 13:41:31.644 D/dalvikvm( 1138): GC_CONCURRENT freed 391K, 77% free 1430K/6019K, paused 1ms+1ms
06-07 13:41:31.795 D/dalvikvm( 1138): GC_CONCURRENT freed 487K, 77% free 1417K/6019K, paused 1ms+1ms
06-07 13:41:31.999 D/MonitorCw880(18221): counter=12 && isHeartbeatTimeout=false
06-07 13:41:32.047 D/dalvikvm( 1138): GC_CONCURRENT freed 487K, 77% free 1442K/6019K, paused 0ms+1ms
06-07 13:41:32.203 D/dalvikvm( 1138): GC_CONCURRENT freed 516K, 77% free 1425K/6019K, paused 1ms+1ms
06-07 13:41:32.355 D/dalvikvm( 1138): GC_CONCURRENT freed 487K, 78% free 1335K/6019K, paused 1ms+1ms
06-07 13:41:32.599 D/dalvikvm( 1138): GC_CONCURRENT freed 442K, 77% free 1404K/6019K, paused 1ms+1ms
06-07 13:41:32.619 D/HomePlayerLib( 1138): hostaddress count is 2
06-07 13:41:32.652 D/dalvikvm( 1138): GC_CONCURRENT freed 475K, 77% free 1438K/6019K, paused 1ms+1ms
06-07 13:41:32.700 D/dalvikvm( 1138): GC_CONCURRENT freed 505K, 77% free 1433K/6019K, paused 1ms+2ms
06-07 13:41:32.743 D/dalvikvm( 1138): GC_CONCURRENT freed 498K, 78% free 1327K/6019K, paused 0ms+0ms
06-07 13:41:32.791 D/dalvikvm( 1138): GC_CONCURRENT freed 384K, 78% free 1334K/6019K, paused 1ms+2ms
06-07 13:41:32.832 D/dalvikvm( 1138): GC_CONCURRENT freed 409K, 78% free 1333K/6019K, paused 1ms+1ms
06-07 13:41:32.887 D/dalvikvm( 1138): GC_CONCURRENT freed 397K, 78% free 1334K/6019K, paused 1ms+1ms
06-07 13:41:33.012 D/dalvikvm( 1138): GC_CONCURRENT freed 404K, 78% free 1330K/6019K, paused 1ms+1ms
06-07 13:41:33.060 D/dalvikvm( 1138): GC_CONCURRENT freed 408K, 77% free 1419K/6019K, paused 1ms+1ms
06-07 13:41:33.120 D/dalvikvm( 1138): GC_CONCURRENT freed 471K, 76% free 1460K/6019K, paused 1ms+1ms
06-07 13:41:33.259 D/dalvikvm( 1138): GC_CONCURRENT freed 525K, 76% free 1446K/6019K, paused 1ms+2ms
06-07 13:41:33.300 D/dalvikvm( 1138): GC_FOR_ALLOC freed 571K, 78% free 1372K/6019K, paused 11ms
06-07 13:41:33.336 D/dalvikvm( 1138): GC_CONCURRENT freed <1K, 72% free 1688K/6019K, paused 1ms+1ms
06-07 13:41:33.492 D/dalvikvm( 1138): GC_CONCURRENT freed 735K, 76% free 1491K/6019K, paused 1ms+1ms
06-07 13:41:33.528 D/dalvikvm( 1138): GC_CONCURRENT freed 549K, 77% free 1413K/6019K, paused 1ms+1ms
06-07 13:41:33.583 D/dalvikvm( 1138): GC_CONCURRENT freed 490K, 77% free 1398K/6019K, paused 1ms+1ms
06-07 13:41:33.663 D/dalvikvm( 1138): GC_CONCURRENT freed 450K, 76% free 1458K/6019K, paused 1ms+2ms
06-07 13:41:33.792 D/dalvikvm( 1138): GC_CONCURRENT freed 524K, 77% free 1410K/6019K, paused 1ms+1ms
06-07 13:41:33.840 D/dalvikvm( 1138): GC_CONCURRENT freed 432K, 75% free 1548K/6019K, paused 1ms+1ms
06-07 13:41:33.924 D/dalvikvm( 1138): GC_CONCURRENT freed 622K, 78% free 1333K/6019K, paused 1ms+1ms
06-07 13:41:33.984 D/dalvikvm( 1138): GC_CONCURRENT freed 400K, 79% free 1320K/6019K, paused 1ms+1ms
06-07 13:41:33.999 D/MonitorCw880(18221): counter=4 && isHeartbeatTimeout=false
06-07 13:41:34.015 D/dalvikvm( 1138): GC_CONCURRENT freed 385K, 78% free 1332K/6019K, paused 1ms+1ms
06-07 13:41:34.143 D/dalvikvm( 1138): GC_CONCURRENT freed 393K, 78% free 1335K/6019K, paused 1ms+1ms
06-07 13:41:34.183 D/dalvikvm( 1138): GC_CONCURRENT freed 392K, 78% free 1333K/6019K, paused 1ms+1ms
06-07 13:41:34.311 D/dalvikvm( 1138): GC_CONCURRENT freed 409K, 79% free 1309K/6019K, paused 1ms+1ms
06-07 13:41:34.399 D/dalvikvm( 1138): GC_CONCURRENT freed 377K, 76% free 1492K/6019K, paused 1ms+2ms
06-07 13:41:34.471 D/dalvikvm( 1138): GC_CONCURRENT freed 556K, 78% free 1329K/6019K, paused 1ms+1ms
06-07 13:41:34.551 D/dalvikvm( 1138): GC_CONCURRENT freed 396K, 78% free 1329K/6019K, paused 1ms+1ms
06-07 13:41:34.627 D/dalvikvm( 1138): GC_CONCURRENT freed 392K, 78% free 1329K/6019K, paused 1ms+1ms
06-07 13:41:34.891 D/dalvikvm( 1138): GC_CONCURRENT freed 403K, 76% free 1469K/6019K, paused 1ms+1ms
06-07 13:41:35.047 D/dalvikvm( 1138): GC_CONCURRENT freed 529K, 76% free 1453K/6019K, paused 1ms+1ms
06-07 13:41:35.299 D/dalvikvm( 1138): GC_CONCURRENT freed 526K, 77% free 1433K/6019K, paused 1ms+1ms
06-07 13:41:35.455 D/dalvikvm( 1138): GC_CONCURRENT freed 491K, 77% free 1413K/6019K, paused 1ms+1ms
06-07 13:41:35.604 D/dalvikvm( 1138): GC_CONCURRENT freed 475K, 78% free 1376K/6019K, paused 1ms+1ms
06-07 13:41:35.851 D/dalvikvm( 1138): GC_CONCURRENT freed 446K, 79% free 1317K/6019K, paused 1ms+1ms
06-07 13:41:36.000 D/MonitorCw880(18221): counter=6 && isHeartbeatTimeout=false
06-07 13:41:36.015 D/dalvikvm( 1138): GC_CONCURRENT freed 397K, 77% free 1423K/6019K, paused 2ms+1ms
06-07 13:41:36.171 D/dalvikvm( 1138): GC_CONCURRENT freed 488K, 76% free 1459K/6019K, paused 0ms+2ms
06-07 13:41:36.312 D/dalvikvm( 1138): GC_CONCURRENT freed 525K, 77% free 1440K/6019K, paused 1ms+2ms
06-07 13:41:36.372 D/dalvikvm( 1138): GC_CONCURRENT freed 516K, 77% free 1432K/6019K, paused 1ms+2ms
06-07 13:41:36.471 D/dalvikvm( 1138): GC_CONCURRENT freed 489K, 78% free 1330K/6019K, paused 0ms+1ms
06-07 13:41:36.607 D/dalvikvm( 1138): GC_CONCURRENT freed 405K, 77% free 1437K/6019K, paused 1ms+1ms
06-07 13:41:36.667 D/dalvikvm( 1138): GC_CONCURRENT freed 493K, 76% free 1452K/6019K, paused 0ms+1ms
06-07 13:41:36.811 D/dalvikvm( 1138): GC_CONCURRENT freed 504K, 77% free 1441K/6019K, paused 1ms+2ms
06-07 13:41:36.960 D/dalvikvm( 1138): GC_CONCURRENT freed 487K, 78% free 1344K/6019K, paused 1ms+1ms
06-07 13:41:37.003 D/dalvikvm( 1138): GC_CONCURRENT freed 467K, 77% free 1387K/6019K, paused 0ms+1ms
06-07 13:41:37.155 D/dalvikvm( 1138): GC_CONCURRENT freed 439K, 76% free 1453K/6019K, paused 1ms+1ms
06-07 13:41:37.303 D/dalvikvm( 1138): GC_CONCURRENT freed 526K, 77% free 1434K/6019K, paused 0ms+1ms
06-07 13:41:37.356 D/dalvikvm( 1138): GC_CONCURRENT freed 538K, 78% free 1350K/6019K, paused 1ms+1ms
06-07 13:41:37.500 D/dalvikvm( 1138): GC_CONCURRENT freed 400K, 76% free 1464K/6019K, paused 1ms+1ms
06-07 13:41:37.647 D/dalvikvm( 1138): GC_CONCURRENT freed 501K, 76% free 1469K/6019K, paused 1ms+1ms
06-07 13:41:37.687 D/dalvikvm( 1138): GC_CONCURRENT freed 526K, 78% free 1333K/6019K, paused 1ms+1ms
06-07 13:41:37.915 D/dalvikvm( 1138): GC_CONCURRENT freed 403K, 77% free 1441K/6019K, paused 1ms+2ms
06-07 13:41:37.999 D/MonitorCw880(18221): counter=8 && isHeartbeatTimeout=false
06-07 13:41:38.071 D/dalvikvm( 1138): GC_CONCURRENT freed 515K, 77% free 1427K/6019K, paused 1ms+1ms
06-07 13:41:38.215 D/dalvikvm( 1138): GC_CONCURRENT freed 487K, 78% free 1335K/6019K, paused 0ms+1ms
06-07 13:41:38.460 D/dalvikvm( 1138): GC_CONCURRENT freed 402K, 79% free 1317K/6019K, paused 1ms+1ms
06-07 13:41:38.616 D/dalvikvm( 1138): GC_CONCURRENT freed 396K, 77% free 1429K/6019K, paused 1ms+1ms
06-07 13:41:38.755 D/dalvikvm( 1138): GC_CONCURRENT freed 487K, 78% free 1329K/6019K, paused 1ms+1ms
06-07 13:41:38.904 D/dalvikvm( 1138): GC_CONCURRENT freed 394K, 78% free 1329K/6019K, paused 0ms+0ms
06-07 13:41:39.055 D/dalvikvm( 1138): GC_CONCURRENT freed 394K, 78% free 1375K/6019K, paused 1ms+1ms
06-07 13:41:39.300 D/dalvikvm( 1138): GC_CONCURRENT freed 445K, 79% free 1317K/6019K, paused 1ms+1ms
06-07 13:41:39.451 D/dalvikvm( 1138): GC_CONCURRENT freed 395K, 77% free 1429K/6019K, paused 1ms+1ms
06-07 13:41:39.600 D/dalvikvm( 1138): GC_CONCURRENT freed 486K, 78% free 1329K/6019K, paused 0ms+1ms
06-07 13:41:39.747 D/dalvikvm( 1138): GC_CONCURRENT freed 394K, 77% free 1416K/6019K, paused 1ms+1ms
06-07 13:41:39.991 D/dalvikvm( 1138): GC_CONCURRENT freed 486K, 79% free 1317K/6019K, paused 1ms+1ms
06-07 13:41:40.003 D/MonitorCw880(18221): counter=10 && isHeartbeatTimeout=false
06-07 13:41:40.147 D/dalvikvm( 1138): GC_CONCURRENT freed 397K, 77% free 1429K/6019K, paused 1ms+1ms
06-07 13:41:40.291 D/dalvikvm( 1138): GC_CONCURRENT freed 486K, 78% free 1329K/6019K, paused 1ms+1ms
06-07 13:41:40.443 D/dalvikvm( 1138): GC_CONCURRENT freed 393K, 77% free 1416K/6019K, paused 0ms+1ms
06-07 13:41:40.695 D/dalvikvm( 1138): GC_CONCURRENT freed 485K, 77% free 1442K/6019K, paused 0ms+1ms
06-07 13:41:40.843 D/dalvikvm( 1138): GC_CONCURRENT freed 518K, 79% free 1317K/6019K, paused 1ms+1ms
06-07 13:41:41.004 D/dalvikvm( 1138): GC_CONCURRENT freed 395K, 77% free 1429K/6019K, paused 1ms+1ms
06-07 13:41:41.259 D/dalvikvm( 1138): GC_CONCURRENT freed 495K, 77% free 1441K/6019K, paused 1ms+1ms
06-07 13:41:41.407 D/dalvikvm( 1138): GC_CONCURRENT freed 518K, 79% free 1308K/6019K, paused 0ms+1ms
06-07 13:41:41.551 D/dalvikvm( 1138): GC_CONCURRENT freed 367K, 78% free 1328K/6019K, paused 1ms+1ms
06-07 13:41:41.703 D/dalvikvm( 1138): GC_CONCURRENT freed 391K, 77% free 1416K/6019K, paused 1ms+1ms
06-07 13:41:41.952 D/dalvikvm( 1138): GC_CONCURRENT freed 483K, 79% free 1318K/6019K, paused 0ms+1ms
06-07 13:41:42.003 D/MonitorCw880(18221): counter=12 && isHeartbeatTimeout=false
06-07 13:41:42.099 D/dalvikvm( 1138): GC_CONCURRENT freed 397K, 79% free 1315K/6019K, paused 1ms+1ms
06-07 13:41:42.255 D/dalvikvm( 1138): GC_CONCURRENT freed 394K, 79% free 1315K/6019K, paused 1ms+1ms
06-07 13:41:42.411 D/dalvikvm( 1138): GC_CONCURRENT freed 393K, 77% free 1431K/6019K, paused 1ms+1ms
06-07 13:41:42.559 D/dalvikvm( 1138): GC_CONCURRENT freed 486K, 78% free 1376K/6019K, paused 1ms+1ms
06-07 13:41:42.804 D/dalvikvm( 1138): GC_CONCURRENT freed 445K, 79% free 1317K/6019K, paused 1ms+1ms
06-07 13:41:42.955 D/dalvikvm( 1138): GC_CONCURRENT freed 397K, 77% free 1429K/6019K, paused 1ms+1ms
06-07 13:41:43.111 D/dalvikvm( 1138): GC_CONCURRENT freed 487K, 76% free 1454K/6019K, paused 1ms+1ms
06-07 13:41:43.368 D/dalvikvm( 1138): GC_CONCURRENT freed 525K, 77% free 1385K/6019K, paused 0ms+1ms
06-07 13:41:43.524 D/dalvikvm( 1138): GC_CONCURRENT freed 451K, 75% free 1534K/6019K, paused 0ms+1ms
06-07 13:41:43.776 D/dalvikvm( 1138): GC_CONCURRENT freed 605K, 77% free 1401K/6019K, paused 1ms+1ms
06-07 13:41:43.932 D/dalvikvm( 1138): GC_CONCURRENT freed 477K, 77% free 1431K/6019K, paused 1ms+1ms
06-07 13:41:44.004 D/MonitorCw880(18221): counter=4 && isHeartbeatTimeout=false
06-07 13:41:44.079 D/dalvikvm( 1138): GC_CONCURRENT freed 488K, 78% free 1376K/6019K, paused 1ms+2ms
06-07 13:41:44.328 D/dalvikvm( 1138): GC_CONCURRENT freed 445K, 76% free 1450K/6019K, paused 1ms+1ms
06-07 13:41:44.367 D/HomePlayerLib( 1138): hostaddress count is 2
06-07 13:41:44.371 D/dalvikvm( 1138): GC_CONCURRENT freed 509K, 76% free 1456K/6019K, paused 1ms+1ms
06-07 13:41:44.431 D/dalvikvm( 1138): GC_CONCURRENT freed 536K, 77% free 1429K/6019K, paused 1ms+1ms
06-07 13:41:44.479 D/dalvikvm( 1138): GC_CONCURRENT freed 498K, 77% free 1430K/6019K, paused 1ms+1ms
06-07 13:41:44.539 D/dalvikvm( 1138): GC_CONCURRENT freed 504K, 77% free 1434K/6019K, paused 1ms+1ms
06-07 13:41:44.623 D/dalvikvm( 1138): GC_CONCURRENT freed 495K, 77% free 1440K/6019K, paused 1ms+1ms
06-07 13:41:44.676 D/dalvikvm( 1138): GC_CONCURRENT freed 515K, 78% free 1357K/6019K, paused 1ms+1ms
06-07 13:41:44.760 D/dalvikvm( 1138): GC_CONCURRENT freed 414K, 77% free 1441K/6019K, paused 1ms+1ms
06-07 13:41:44.839 D/dalvikvm( 1138): GC_CONCURRENT freed 516K, 77% free 1437K/6019K, paused 1ms+1ms
06-07 13:41:44.887 D/dalvikvm( 1138): GC_CONCURRENT freed 513K, 79% free 1309K/6019K, paused 0ms+1ms
06-07 13:41:44.952 D/dalvikvm( 1138): GC_CONCURRENT freed 363K, 77% free 1429K/6019K, paused 1ms+1ms
06-07 13:41:45.007 D/dalvikvm( 1138): GC_CONCURRENT freed 501K, 77% free 1429K/6019K, paused 1ms+1ms
06-07 13:41:45.051 D/dalvikvm( 1138): GC_CONCURRENT freed 488K, 78% free 1335K/6019K, paused 1ms+1ms
06-07 13:41:45.187 D/dalvikvm( 1138): GC_CONCURRENT freed 406K, 77% free 1442K/6019K, paused 1ms+1ms
06-07 13:41:45.243 D/dalvikvm( 1138): GC_CONCURRENT freed 508K, 76% free 1446K/6019K, paused 1ms+1ms
06-07 13:41:45.300 D/dalvikvm( 1138): GC_CONCURRENT freed 500K, 76% free 1456K/6019K, paused 1ms+1ms
06-07 13:41:45.396 D/dalvikvm( 1138): GC_CONCURRENT freed 509K, 76% free 1459K/6019K, paused 1ms+1ms
06-07 13:41:45.456 D/dalvikvm( 1138): GC_CONCURRENT freed 516K, 78% free 1380K/6019K, paused 1ms+1ms
06-07 13:41:45.588 D/dalvikvm( 1138): GC_CONCURRENT freed 453K, 76% free 1458K/6019K, paused 0ms+1ms
06-07 13:41:45.643 D/dalvikvm( 1138): GC_CONCURRENT freed 488K, 76% free 1479K/6019K, paused 1ms+1ms
06-07 13:41:45.775 D/dalvikvm( 1138): GC_CONCURRENT freed 554K, 77% free 1437K/6019K, paused 1ms+1ms
06-07 13:41:45.819 D/dalvikvm( 1138): GC_CONCURRENT freed 534K, 77% free 1413K/6019K, paused 1ms+1ms
06-07 13:41:45.864 D/dalvikvm( 1138): GC_CONCURRENT freed 466K, 78% free 1345K/6019K, paused 1ms+1ms
06-07 13:41:45.999 D/dalvikvm( 1138): GC_CONCURRENT freed 392K, 77% free 1392K/6019K, paused 1ms+2ms
06-07 13:41:46.003 D/MonitorCw880(18221): counter=6 && isHeartbeatTimeout=false
06-07 13:41:46.159 D/dalvikvm( 1138): GC_CONCURRENT freed 539K, 78% free 1334K/6019K, paused 1ms+1ms
06-07 13:41:46.191 D/dalvikvm( 1138): GC_CONCURRENT freed 387K, 78% free 1354K/6019K, paused 1ms+1ms
06-07 13:41:46.344 D/dalvikvm( 1138): GC_CONCURRENT freed 428K, 76% free 1473K/6019K, paused 0ms+1ms
06-07 13:41:46.479 D/dalvikvm( 1138): GC_CONCURRENT freed 537K, 78% free 1330K/6019K, paused 0ms+2ms
06-07 13:41:46.575 D/MiracastControl( 1272): receive addr: 192.168.43.237:53974 msgType: easysetting msgData: action=getnetwork&type=p2p
06-07 13:41:46.579 D/MiracastControl( 1272): send addr: 192.168.43.237:53974 msgType: easysetting msgData: state=off&action=getnetwork&result=success&mac=a6:a8:20:13:03:6e&type=p2p&name=tc123
06-07 13:41:46.623 D/dalvikvm( 1138): GC_CONCURRENT freed 395K, 78% free 1328K/6019K, paused 1ms+1ms
06-07 13:41:46.704 D/MiracastControl( 1272): receive addr: 192.168.43.237:37262 msgType: easysetting msgData: action=getnetwork&type=p2p
06-07 13:41:46.707 D/MiracastControl( 1272): send addr: 192.168.43.237:37262 msgType: easysetting msgData: state=off&action=getnetwork&result=success&mac=a6:a8:20:13:03:6e&type=p2p&name=tc123
06-07 13:41:46.735 D/dalvikvm( 1138): GC_CONCURRENT freed 392K, 78% free 1328K/6019K, paused 1ms+1ms
06-07 13:41:46.791 D/dalvikvm( 1138): GC_CONCURRENT freed 392K, 77% free 1411K/6019K, paused 1ms+1ms
06-07 13:41:46.932 D/dalvikvm( 1138): GC_CONCURRENT freed 481K, 77% free 1441K/6019K, paused 1ms+2ms
06-07 13:41:47.028 D/dalvikvm( 1138): GC_CONCURRENT freed 518K, 77% free 1425K/6019K, paused 1ms+1ms
06-07 13:41:47.088 D/dalvikvm( 1138): GC_CONCURRENT freed 489K, 78% free 1335K/6019K, paused 1ms+1ms
06-07 13:41:47.223 D/dalvikvm( 1138): GC_CONCURRENT freed 404K, 77% free 1425K/6019K, paused 1ms+1ms
06-07 13:41:47.295 D/dalvikvm( 1138): GC_CONCURRENT freed 490K, 77% free 1436K/6019K, paused 1ms+1ms
06-07 13:41:47.388 D/dalvikvm( 1138): GC_CONCURRENT freed 502K, 78% free 1349K/6019K, paused 1ms+1ms
06-07 13:41:47.532 D/dalvikvm( 1138): GC_CONCURRENT freed 417K, 77% free 1444K/6019K, paused 1ms+2ms
06-07 13:41:47.587 D/dalvikvm( 1138): GC_CONCURRENT freed 520K, 77% free 1435K/6019K, paused 1ms+1ms
06-07 13:41:47.607 D/MiracastControl( 1272): receive addr: 192.168.43.237:53721 msgType: easysetting msgData: action=getnetwork&type=p2p
06-07 13:41:47.607 D/MiracastControl( 1272): send addr: 192.168.43.237:53721 msgType: easysetting msgData: state=off&action=getnetwork&result=success&mac=a6:a8:20:13:03:6e&type=p2p&name=tc123
06-07 13:41:47.736 D/dalvikvm( 1138): GC_CONCURRENT freed 501K, 76% free 1445K/6019K, paused 0ms+1ms
06-07 13:41:47.892 D/dalvikvm( 1138): GC_CONCURRENT freed 476K, 76% free 1481K/6019K, paused 1ms+1ms
06-07 13:41:47.940 D/dalvikvm( 1138): GC_CONCURRENT freed 558K, 78% free 1342K/6019K, paused 1ms+1ms
06-07 13:41:48.003 D/MonitorCw880(18221): counter=8 && isHeartbeatTimeout=false
06-07 13:41:48.084 D/dalvikvm( 1138): GC_CONCURRENT freed 406K, 78% free 1368K/6019K, paused 1ms+1ms
06-07 13:41:48.228 D/dalvikvm( 1138): GC_CONCURRENT freed 442K, 78% free 1341K/6019K, paused 1ms+1ms
06-07 13:41:48.384 D/dalvikvm( 1138): GC_CONCURRENT freed 405K, 78% free 1329K/6019K, paused 1ms+1ms
06-07 13:41:48.531 D/dalvikvm( 1138): GC_CONCURRENT freed 394K, 78% free 1329K/6019K, paused 1ms+1ms
06-07 13:41:48.672 D/dalvikvm( 1138): GC_CONCURRENT freed 394K, 78% free 1329K/6019K, paused 1ms+1ms
06-07 13:41:48.831 D/dalvikvm( 1138): GC_CONCURRENT freed 392K, 78% free 1329K/6019K, paused 1ms+1ms
06-07 13:41:48.967 D/dalvikvm( 1138): GC_CONCURRENT freed 393K, 78% free 1329K/6019K, paused 1ms+1ms
06-07 13:41:49.219 D/dalvikvm( 1138): GC_CONCURRENT freed 499K, 78% free 1338K/6019K, paused 1ms+1ms
06-07 13:41:49.368 D/dalvikvm( 1138): GC_CONCURRENT freed 397K, 77% free 1411K/6019K, paused 1ms+1ms
06-07 13:41:49.507 D/dalvikvm( 1138): GC_CONCURRENT freed 473K, 78% free 1330K/6019K, paused 1ms+1ms
06-07 13:41:49.644 D/dalvikvm( 1138): GC_CONCURRENT freed 394K, 78% free 1329K/6019K, paused 1ms+1ms
06-07 13:41:49.899 D/dalvikvm( 1138): GC_CONCURRENT freed 405K, 79% free 1318K/6019K, paused 1ms+1ms
06-07 13:41:50.004 D/MonitorCw880(18221): counter=10 && isHeartbeatTimeout=false
06-07 13:41:50.055 D/dalvikvm( 1138): GC_CONCURRENT freed 394K, 77% free 1429K/6019K, paused 1ms+1ms
06-07 13:41:50.208 D/dalvikvm( 1138): GC_CONCURRENT freed 486K, 77% free 1411K/6019K, paused 1ms+1ms
06-07 13:41:50.331 I/MonitorCw880(18221): System[48202.115759] [SD_CTL_TASK] send msg to IMAN: msgid=0x511. ret = 0
PropertiesClass:[48202.122306] CW880 :rtsk=0x17, stsk=0x15,msgid=0x512,msglen=4
class android.os.SystemPropertie[48202.131130] [SD_CTL_TASK] send msg to IMAN: msgid=0x150a. ret = 0
s
06-07 13:41:5[48202.138364] CW880 :rtsk=0x17, stsk=0x15,msgid=0x150b,msglen=4
0.331 W/MonitorCw880(18221): ~~~[48202.146845] [SD_CTL_TASK] send msg to IMAN: msgid=0x513. ret = 0
~~~~~~~~~~~~~~~~[48202.154324] CW880 :rtsk=0x17, stsk=0x15,msgid=0x1509,msglen=4
~~~method:public static java.lang.String android[48202.165006] Dest_ip=0xc0a82bed,TS_port=1234
.os.SystemProper[48202.169506] CW880 API set ts info  ip is  192.168.43.237
ties.get(java.la[48202.176923] [SD_CTL_TASK] send msg to IMAN: msgid=0x503. ret = 0
ng.String,java.lang.String)
06-07 13:41:50.331 W/MonitorCw880(18221): getProperties persist.sys.resolution return value:2
06-0[48202.194301] CW880 :rtsk=0x17, stsk=0x15,msgid=0x504,msglen=24
7 13:41:50.331 D[48202.201215] [SD_CTL_TASK] send msg to IMAN: msgid=0x1503. ret = 0
/MonitorCw880(18[48202.208244] CW880 :rtsk=0x17, stsk=0x15,msgid=0x1516,msglen=4
221): getPropert[48202.215858] [SD_CTL_TASK] send msg to IMAN: msgid=0x508. ret = 0
ies -> persist.s[48202.222848] CW880 :rtsk=0x17, stsk=0x15,msgid=0x1505,msglen=4
ys.resolution=2
06-07 13:41:50.331 I/MonitorCw8[48202.233077] Thread-114: unhandled page fault (11) at 0xdeadd00d, code 0x80d
80(18221): ====mDisplaymode = 1
06-07 13:41:50.335 D/MonitorCw880(18221): handleHandshake() -> recevice action=handshake
06-07 13:41:50.335 I/MonitorCw880(18221): SystemPropertiesClass:class android.os.SystemProperties
06-07 13:41:50.335 W/MonitorCw880(18221): ~~~~~~~~~~~~~~~~~~~~~~method:public static java.lang.String android.os.SystemProperties.get(java.lang.String,java.lang.String)
06-07 13:41:50.335 W/MonitorCw880(18221): getProperties sys.cw880.ready return value:true
06-07 13:41:50.335 W/WimoApp (18221): Q to be created is for module index:23,pid=18221
06-07 13:41:50.335 W/WimoApp (18221): Q_Addr is:0x1001701
06-07 13:41:50.335 W/WimoApp (18221): 
06-07 13:41:50.335 W/WimoApp (18221):  [U_MSGQ]create msgq for module(id=23) succeed!
06-07 13:41:50.335 W/WimoApp (18221): 
06-07 13:41:50.335 W/WimoApp (18221):  [WIM_M]send MODULE_HEART_BEAT_CHECK toMODULE(21) succeed!
06-07 13:41:50.351 W/WimoApp (18221): 
06-07 13:41:50.351 W/WimoApp (18221):  [APK]Received MODULE_HEART_BEAT_REPLY msg!
06-07 13:41:50.351 D/MonitorCw880(18221): handleHandshake() -> Cw880BootState is cw880_reboot_completed
06-07 13:41:50.351 W/WimoApp (18221): Q to be created is for module index:23,pid=18221
06-07 13:41:50.351 W/WimoApp (18221): Q_Addr is:0x1001701
06-07 13:41:50.351 W/WimoApp (18221): 
06-07 13:41:50.351 W/WimoApp (18221):  [U_MSGQ]create msgq for module(id=23) succeed!
06-07 13:41:50.351 W/WimoApp (18221): 
06-07 13:41:50.351 W/WimoApp (18221):  [WIM_M]send IMAN_STREAM_GOING_CHECK toMODULE(21) succeed!
06-07 13:41:50.368 W/WimoApp (18221): 
06-07 13:41:50.368 W/WimoApp (18221):  [APK]Received IMAN_STREAM_GOING_REPLY msg!
06-07 13:41:50.368 W/WimoApp (18221): Q to be created is for module index:23,pid=18221
06-07 13:41:50.368 W/WimoApp (18221): Q_Addr is:0x1001701
06-07 13:41:50.368 W/WimoApp (18221): 
06-07 13:41:50.368 W/WimoApp (18221):  [U_MSGQ]create msgq for module(id=23) succeed!
06-07 13:41:50.368 W/WimoApp (18221): 
06-07 13:41:50.368 W/WimoApp (18221):  [WIM_M]send AP_MODULE_EXIT toMODULE(21) succeed!
06-07 13:41:50.383 W/WimoApp (18221): 
06-07 13:41:50.383 W/WimoApp (18221):  [APK]Received IMAN_STREAM_STOPED msg!
06-07 13:41:50.383 V/Cw880jni(18221): [419]===cw_api_stream_stop back = 0 
06-07 13:41:50.383 D/MonitorCw880(18221): cw880 is streaming And cw880 is startuped -> StopCw880() return=7
06-07 13:41:50.383 D/Cw880jni(18221): [com_coship_chuanping_SetCw880CommunicateType, 139] type = 0
06-07 13:41:50.383 W/WimoApp (18221): Q to be created is for module index:23,pid=18221
06-07 13:41:50.383 W/WimoApp (18221): Q_Addr is:0x1001701
06-07 13:41:50.383 W/WimoApp (18221): 
06-07 13:41:50.383 W/WimoApp (18221):  [U_MSGQ]create msgq for module(id=23) succeed!
06-07 13:41:50.383 W/WimoApp (18221): 
06-07 13:41:50.383 W/WimoApp (18221):  [WIM_M]send TS_INFOR_MSG toMODULE(18) succeed!
06-07 13:41:50.383 W/WimoApp (18221): 
06-07 13:41:50.383 W/WimoApp (18221):  [APK]Received WIMO_AP_SET_COMMUNICATE_TYPE_REPLY msg!
06-07 13:41:50.383 D/Cw880jni(18221): [com_coship_chuanping_SetCw880CommunicateType, 146] set communicate type 0 success !
06-07 13:41:50.383 W/MonitorCw880(18221): setCw880CommunicateType()=0, return=6
06-07 13:41:50.383 V/Cw880jni(18221): =native ip = 192.168.43.237
06-07 13:41:50.383 V/Cw880jni(18221): [192]====currentip = c0000000
06-07 13:41:50.383 V/Cw880jni(18221): [196]====currentip = c0a80000
06-07 13:41:50.383 V/Cw880jni(18221): [200]====currentip = c0a82b00
06-07 13:41:50.383 V/Cw880[48202.544184] Thread-114: unhandled page fault (11) at 0xdeadd00d, code 0x80d
jni(18221): [209]==tempip=237==retIP=c0a82bed
06-07 13:41:50.383 V/Cw880jni(18221): [225]===socketip=c0a82bed
06-07 13:41:50.383 W/WimoApp (18221): Q to be created is for module index:23,pid=18221
06-07 13:41:50.383 W/WimoApp (18221): Q_Addr is:0x1001701
06-07 13:41:50.383 W/WimoApp (18221): 
06-07 13:41:50.383 W/WimoApp (18221):  [U_MSGQ]create msgq for module(id=23) succeed!
06-07 13:41:50.392 D/dalvikvm( 1138): GC_CONCURRENT freed 475K, 78% free 1335K/6019K, paused 2ms+1ms
06-07 13:41:50.396 W/WimoApp (18221): 
06-07 13:41:50.396 W/WimoApp (18221):  [WIM_M]send TS_INFOR_MSG toMODULE(18) succeed!
06-07 13:41:50.396 W/WimoApp (18221): 
06-07 13:41:50.396 W/WimoApp (18221):  [APK]Received WIMO_AP_TS_DEST_INFOR_REPLY msg!
06-07 13:41:50.396 V/Cw880jni(18221): [229]===cw_api_set_tsinfo back = 0
06-07 13:41:50.396 V/Cw880jni(18221): ==========mode = 1
06-07 13:41:50.396 V/Cw880jni(18221): ==========bandwidth = 4
06-07 13:41:50.396 V/Cw880jni(18221): [245]===set 720p displaymode 
06-07 13:41:50.396 W/WimoApp (18221): Q to be created is for module index:23,pid=18221
06-07 13:41:50.396 W/WimoApp (18221): Q_Addr is:0x1001701
06-07 13:41:50.396 W/WimoApp (18221): 
06-07 13:41:50.396 W/WimoApp (18221):  [U_MSGQ]create msgq for module(id=23) succeed!
06-07 13:41:50.396 W/WimoApp (18221): 
06-07 13:41:50.396 W/WimoApp (18221):  [WIMO_T]Input Resolution:Rel.width=1280, Rel.height=720
06-07 13:41:50.396 W/WimoApp (18221): 
06-07 13:41:50.396 W/WimoApp (18221):  [WIMO_T]Resolution Change Request as:Rel.width=1280, Rel.height=720,Actual.fps=30
06-07 13:41:50.396 W/WimoApp (18221): 
06-07 13:41:50.396 W/WimoApp (18221):  [WIM_M]send WIMO_AP_RESOL_CHNG_REQ toMODULE(21) succeed!
06-07 13:41:50.419 W/WimoApp (18221): 
06-07 13:41:50.419 W/WimoApp (18221):  [APK]Received WIMO_AP_RESOL_CHNG_REPLY msg!
06-07 13:41:50.419 W/WimoApp (18221): 
06-07 13:41:50.419 W/WimoApp (18221):  [APK]bandwidth required is 4M
06-07 13:41:50.419 W/WimoApp (18221): Q to be created is for module index:23,pid=18221
06-07 13:41:50.419 W/WimoApp (18221): Q_Addr is:0x1001701
06-07 13:41:50.419 W/WimoApp (18221): 
06-07 13:41:50.419 W/WimoApp (18221):  [U_MSGQ]create msgq for module(id=23) succeed!
06-07 13:41:50.419 W/WimoApp (18221): 
06-07 13:41:50.419 W/WimoApp (18221):  [WIM_M]send TS_BAND_WIDTH_ADJUST toMODULE(21) succeed!
06-07 13:41:50.435 W/WimoApp (18221): 
06-07 13:41:50.435 W/WimoApp (18221):  [APK]Received IMAN_COMMAND_COMPLETE_EPLY msg!
06-07 13:41:50.435 V/Cw880jni(18221): [264]====cw_api_set_ts_bandwidth back = 0
06-07 13:41:50.435 W/WimoApp (18221): Q to be created is for module index:23,pid=18221
06-07 13:41:50.435 W/WimoApp (18221): Q_Addr is:0x1001701
06-07 13:41:50.435 W/WimoApp (18221): 
06-07 13:41:50.435 W/WimoApp (18221):  [U_MSGQ]create msgq for module(id=23) succeed!
06-07 13:41:50.435 W/WimoApp (18221): 
06-07 13:41:50.435 W/WimoApp (18221):  [WIM_M]send IMAN_STREAM_OUTPUT_START toMODULE(21) succeed!
06-07 13:41:50.451 W/WimoApp (18221): 
06-07 13:41:50.451 W/WimoApp (18221):  [APK]Received IMAN_STREAM_OUTPUT_START msg!
06-07 13:41:50.451 V/Cw880jni(18221): [266]===cw_api_stream_start back =0
06-07 13:41:50.451 V/Cw880jni(18221): [272]====yes cw880 set success 
06-07 13:41:50.451 W/MonitorCw880(18221): StartCw880() -> result=6
06-07 13:41:50.451 D/MonitorCw880(18221): =========will to handle request=handshake
06-07 13:41:50.451 D/MonitorCw880(18221): return action=handshake result= success
06-07 13:41:50.451 D/MonitorCw880(18221):  send result -> 192.168.43.237:57527 msgType= easyscreen, msgData=action=handshake&result=success&playurl=udp://192.168.43.237:1234&video=null&audio=null&protocol=udp&transfermode=unicast&streamformat=ts&resolution=720p&videobitrate=1536&version=1
06-07 13:41:50.451 D/MonitorCw880(18221): =========will to handle request=stop
06-07 13:41:50.451 D/MonitorCw880(18221): return action=stop result= force_interrupted
06-07 13:41:50.451 D/MonitorCw880(18221):  send result -> 192.168.43.186:43767 msgType= null, msgData=action=stop&result=force_interrupted
06-07 13:41:50.451 W/dalvikvm(18221): JNI WARNING: received null jstring
06-07 13:41:50.451 W/dalvikvm(18221):              in Lcom/coship/easybus/Easybus;.easybusSend:(Lcom/coship/easybus/EasybusMsg;)I (ReleaseStringUTFChars)
06-07 13:41:50.451 I/dalvikvm(18221): "Thread-114" prio=5 tid=11 NATIVE
06-07 13:41:50.451 I/dalvikvm(18221):   | group="main" sCount=0 dsCount=0 obj=0x415ce1a0 self=0x1d8d20
06-07 13:41:50.451 I/dalvikvm(18221):   | sysTid=18234 nice=0 sched=0/0 cgrp=bg_non_interactive handle=1992512
06-07 13:41:50.451 I/dalvikvm(18221):   | schedstat=( 0 0 0 ) utm=270 stm=35 core=1
06-07 13:41:50.451 I/dalvikvm(18221):   at com.coship.easybus.Easybus.easybusSend(Native Method)
06-07 13:41:50.451 I/dalvikvm(18221):   at com.coship.cw880.MonitorCw880.handleRequest((null):-1)
06-07 13:41:50.451 I/dalvikvm(18221):   at com.coship.cw880.MonitorCw880.sendStopCommand((null):-1)
06-07 13:41:50.451 I/dalvikvm(18221):   at com.coship.cw880.MonitorCw880.paraseDate((null):-1)
06-07 13:41:50.451 I/dalvikvm(18221):   at com.coship.cw880.MonitorCw880.access$600((null):-1)
06-07 13:41:50.451 I/dalvikvm(18221):   at com.coship.cw880.MonitorCw880$ReciveThread.run((null):-1)
06-07 13:41:50.451 I/dalvikvm(18221): 
06-07 13:41:50.451 E/dalvikvm(18221): VM aborting
06-07 13:41:50.459 F/libc    (18221): Fatal signal 11 (SIGSEGV) at 0xdeadd00d (code=1)
06-07 13:41:50.480 E/fbdev   ( 1032): Attention! GFLIP time out, force update gop ring buffer!
06-07 13:41:50.492 E/fbdev   ( 1032): Attention! GFLIP time out, force update gop ring buffer!
06-07 13:41:50.504 E/fbdev   ( 1032): Attention! GFLIP time out, force update gop ring buffer!
06-07 13:41:50.511 E/fbdev   ( 1032): Attention! GFLIP time out, force update gop ring buffer!
06-07 13:41:50.523 E/fbdev   ( 1032): Attention! GFLIP time out, force update gop ring buffer!
06-07 13:41:50.535 E/fbdev   ( 1032): Attention! GFLIP time out, force update gop ring buffer!
06-07 13:41:50.552 E/fbdev   ( 1032): Attention! GFLIP time out, force update gop ring buffer!
06-07 13:41:50.567 E/fbdev   ( 1032): Attention! GFLIP time out, force update gop ring buffer!
06-07 13:41:50.583 E/fbdev   ( 1032): Attention! GFLIP time out, force update gop ring buffer!
06-07 13:41:50.600 E/fbdev   ( 1032): Attention! GFLIP time out, force update gop ring buffer!
06-07 13:41:50.615 E/fbdev   ( 1032): Attention! GFLIP time out, force update gop ring buffer!
06-07 13:41:50.631 E/fbdev   ( 1032): Attention! GFLIP time out, force update gop ring buffer!
06-07 13:41:50.648 E/fbdev   ( 1032): Attention! GFLIP time out, force update gop ring buffer!
06-07 13:41:50.655 D/dalvikvm( 1138): GC_CONCURRENT freed 403K, 78% free 1326K/6019K, paused 1ms+2ms
06-07 13:41:50.663 E/fbdev   ( 1032): Attention! GFLIP time out, force update gop ring buffer!
06-07 13:41:50.679 E/fbdev   ( 1032): Attention! GFLIP time out, force update gop ring buffer!
06-07 13:41:50.696 E/fbdev   ( 1032): Attention! GFLIP time out, force update gop ring buffer!
06-07 13:41:50.711 E/fbdev   ( 1032): Attention! GFLIP time out, force update gop ring buffer!
06-07 13:41:50.727 E/fbdev   ( 1032): Attention! GFLIP time out, force update gop ring buffer!
06-07 13:41:50.747 E/fbdev   ( 1032): Attention! GFLIP time out, force update gop ring buffer!
06-07 13:41:50.763 E/fbdev   ( 1032): Attention! GFLIP time out, force update gop ring buffer!
06-07 13:41:50.783 E/fbdev   ( 1032): Attention! GFLIP time out, force update gop ring buffer!
06-07 13:41:50.799 E/fbdev   ( 1032): Attention! GFLIP time out, force update gop ring buffer!
06-07 13:41:50.816 E/fbdev   ( 1032): Attention! GFLIP time out, force update gop ring buffer!
06-07 13:41:50.819 D/dalvikvm( 1138): GC_CONCURRENT freed 408K, 79% free 1312K/6019K, paused 1ms+1ms
06-07 13:41:50.831 E/fbdev   ( 1032): Attention! GFLIP time out, force update gop ring buffer!
06-07 13:41:50.847 E/fbdev   ( 1032): Attention! GFLIP time out, force update gop ring buffer!
06-07 13:41:50.864 E/fbdev   ( 1032): Attention! GFLIP time out, force update gop ring buffer!
06-07 13:41:50.879 E/fbdev   ( 1032): Attention! GFLIP time out, force update gop ring buffer!
06-07 13:41:50.895 E/fbdev   ( 1032): Attention! GFLIP time out, force update gop ring buffer!
06-07 13:41:50.912 E/fbdev   ( 1032): Attention! GFLIP time out, force update gop ring buffer!
06-07 13:41:50.927 E/fbdev   ( 1032): Attention! GFLIP time out, force update gop ring buffer!
06-07 13:41:50.943 E/fbdev   ( 1032): Attention! GFLIP time out, force update gop ring buffer!
06-07 13:41:50.960 E/fbdev   ( 1032): Attention! GFLIP time out, force update gop ring buffer!
06-07 13:41:50.967 I/DEBUG   (17442): *** *** *** *** *** *** *** *** *** *** *** *** *** *** *** ***
06-07 13:41:50.967 I/DEBUG   (17442): Build fingerprint: 'MStar/full_mstaramber3box/mstaramber3box:4.0.4/IMM76I/V1.0.0.0:eng/test-keys'
06-07 13:41:50.967 I/DEBUG   (17442): pid: 18221, tid: 18234  >>> com.coship.cw880 <<<
06-07 13:41:50.967 I/DEBUG   (17442): signal 11 (SIGSEGV), code 1 (SEGV_MAPERR), fault addr deadd00d
06-07 13:41:50.967 I/DEBUG   (17442):  r0 00000000  r1 000d3280  r2 00000000  r3 00000000
06-07 13:41:50.967 I/DEBUG   (17442):  r4 deadd00d  r5 40df0c58  r6 0000020c  r7 40f9b0b8
06-07 13:41:50.967 I/DEBUG   (17442):  r8 40dcd1bb  r9 40dcca57  10 40dcd1c7  fp 40dcd618
06-07 13:41:50.967 I/DEBUG   (17442):  ip 00000000  sp 5be7c420  lr 40d89aa7  pc 40d89aa6  cpsr 60000030
06-07 13:41:50.967 I/DEBUG   (17442):  d0  74726f6261204d56  d1  6f74696e6f4d2e6e
06-07 13:41:50.967 I/DEBUG   (17442):  d2  5224303838774375  d3  726854657669636c
06-07 13:41:50.967 I/DEBUG   (17442):  d4  3d6c6f636f746f72  d5  6e61727426706475
06-07 13:41:50.967 I/DEBUG   (17442):  d6  65646f6d72656673  d7  74736163696e753d
06-07 13:41:50.967 I/DEBUG   (17442):  d8  0000000000000000  d9  0000000000000000
06-07 13:41:50.967 I/DEBUG   (17442):  d10 0000000000000000  d11 0000000000000000
06-07 13:41:50.967 I/DEBUG   (17442):  d12 0000000000000000  d13 0000000000000000
06-07 13:41:50.967 I/DEBUG   (17442):  d14 0000000000000000  d15 0000000000000000
06-07 13:41:50.967 I/DEBUG   (17442):  d16 7197693441592300  d17 0000000000000000
06-07 13:41:50.967 I/DEBUG   (17442):  d18 4146605000000000  d19 bfb1be5a93a83e1d
06-07 13:41:50.967 I/DEBUG   (17442):  d20 3f1155e54e7e8408  d21 bebbbc6c1a570a20
06-07 13:41:50.967 I/DEBUG   (17442):  d22 3ff0000000000000  d23 3fede16b9c24a98f
06-07 13:41:50.967 I/DEBUG   (17442):  d24 3e66376972bea4d0  d25 0000000000000000
06-07 13:41:50.967 I/DEBUG   (17442):  d26 3fc39a09d078c69f  d27 0000000000000000
06-07 13:41:50.967 I/DEBUG   (17442):  d28 0000000000000000  d29 0000000000000000
06-07 13:41:50.967 I/DEBUG   (17442):  d30 0000000000000000  d31 0000000000000000
06-07 13:41:50.967 I/DEBUG   (17442):  scr 80000010
06-07 13:41:50.967 I/DEBUG   (17442): 
06-07 13:41:50.975 E/fbdev   ( 1032): Attention! GFLIP time out, force update gop ring buffer!
06-07 13:41:50.991 E/fbdev   ( 1032): Attention! GFLIP time out, force update gop ring buffer!
06-07 13:41:50.996 D/dalvikvm( 1138): GC_CONCURRENT freed 381K, 79% free 1315K/6019K, paused 3ms+1ms
06-07 13:41:51.011 E/fbdev   ( 1032): Attention! GFLIP time out, force update gop ring buffer!
06-07 13:41:51.171 D/dalvikvm( 1138): GC_CONCURRENT freed 394K, 78% free 1324K/6019K, paused 2ms+2ms
06-07 13:41:51.359 D/dalvikvm( 1138): GC_CONCURRENT freed 393K, 78% free 1384K/6019K, paused 2ms+1ms
06-07 13:41:51.555 D/dalvikvm( 1138): GC_CONCURRENT freed 446K, 78% free 1375K/6019K, paused 12ms+1ms
06-07 13:41:51.728 I/DEBUG   (17442):          #00  pc 00050aa6  /system/lib/libdvm.so (dvmAbort)
06-07 13:41:51.728 I/DEBUG   (17442):          #01  pc 0004464a  /system/lib/libdvm.so
06-07 13:41:51.728 I/DEBUG   (17442):          #02  pc 00044676  /system/lib/libdvm.so
06-07 13:41:51.728 I/DEBUG   (17442):          #03  pc 00044fe2  /system/lib/libdvm.so
06-07 13:41:51.731 I/DEBUG   (17442):          #04  pc 00047d14  /system/lib/libdvm.so
06-07 13:41:51.731 I/DEBUG   (17442):          #05  pc 00001d00  /system/lib/libeasybus.so (easybusSend)
06-07 13:41:51.731 I/DEBUG   (17442):          #06  pc 0001ec70  /system/lib/libdvm.so (dvmPlatformInvoke)
06-07 13:41:51.731 I/DEBUG   (17442):          #07  pc 00059004  /system/lib/libdvm.so (_Z16dvmCallJNIMethodPKjP6JValuePK6MethodP6Thread)
06-07 13:41:51.731 I/DEBUG   (17442): 
06-07 13:41:51.731 I/DEBUG   (17442): code around pc:
06-07 13:41:51.731 I/DEBUG   (17442): 40d89a84 34b4f8d3 ed70f7cd 26001e73 2f01f813  ...4..p.s..&.../
06-07 13:41:51.731 I/DEBUG   (17442): 40d89a94 42abb152 d0074416 4798e7f8 f7ff4c0a  R..B.D.....G.L..
06-07 13:41:51.731 I/DEBUG   (17442): 40d89aa4 7026ffa7 ed66f7cd 2006490c 44794a0c  ..&p..f..I. .JyD
06-07 13:41:51.731 I/DEBUG   (17442): 40d89ab4 f7cd447a 2000ec1c ecdef7cd 58e54b05  zD..... .....K.X
06-07 13:41:51.731 I/DEBUG   (17442): 40d89ac4 2b006c6b e7e9d1e9 deadd00d 0006252a  kl.+........*%..
06-07 13:41:51.731 I/DEBUG   (17442): 
06-07 13:41:51.731 I/DEBUG   (17442): code around lr:
06-07 13:41:51.731 I/DEBUG   (17442): 40d89a84 34b4f8d3 ed70f7cd 26001e73 2f01f813  ...4..p.s..&.../
06-07 13:41:51.731 I/DEBUG   (17442): 40d89a94 42abb152 d0074416 4798e7f8 f7ff4c0a  R..B.D.....G.L..
06-07 13:41:51.731 I/DEBUG   (17442): 40d89aa4 7026ffa7 ed66f7cd 2006490c 44794a0c  ..&p..f..I. .JyD
06-07 13:41:51.731 I/DEBUG   (17442): 40d89ab4 f7cd447a 2000ec1c ecdef7cd 58e54b05  zD..... .....K.X
06-07 13:41:51.735 I/DEBUG   (17442): 40d89ac4 2b006c6b e7e9d1e9 deadd00d 0006252a  kl.+........*%..
06-07 13:41:51.735 I/DEBUG   (17442): 
06-07 13:41:51.735 I/DEBUG   (17442): memory map around addr deadd00d:
06-07 13:41:51.735 I/DEBUG   (17442): be9a2000-be9c3000 [stack]
06-07 13:41:51.735 I/DEBUG   (17442): (no map for address)
06-07 13:41:51.735 I/DEBUG   (17442): (no map above)
06-07 13:41:51.735 I/DEBUG   (17442): 
06-07 13:41:51.735 I/DEBUG   (17442): stack:
06-07 13:41:51.735 I/DEBUG   (17442):     5be7c3e0  00000000  
06-07 13:41:51.735 I/DEBUG   (17442):     5be7c3e4  4001ddd5  /system/lib/libc.so
06-07 13:41:51.735 I/DEBUG   (17442):     5be7c3e8  4004770c  /system/lib/libc.so
06-07 13:41:51.735 I/DEBUG   (17442):     5be7c3ec  4004c808  
06-07 13:41:51.735 I/DEBUG   (17442):     5be7c3f0  00000000  
06-07 13:41:51.735 I/DEBUG   (17442):     5be7c3f4  4001efdd  /system/lib/libc.so
06-07 13:41:51.735 I/DEBUG   (17442):     5be7c3f8  4004755c  /system/lib/libc.so
06-07 13:41:51.735 I/DEBUG   (17442):     5be7c3fc  00000000  
06-07 13:41:51.735 I/DEBUG   (17442):     5be7c400  0000020c  
06-07 13:41:51.735 I/DEBUG   (17442):     5be7c404  40f9b0b8  /dev/ashmem/dalvik-heap (deleted)
06-07 13:41:51.735 I/DEBUG   (17442):     5be7c408  40dcd1bb  /system/lib/libdvm.so
06-07 13:41:51.735 I/DEBUG   (17442):     5be7c40c  4001ddf3  /system/lib/libc.so
06-07 13:41:51.735 I/DEBUG   (17442):     5be7c410  40debf90  /system/lib/libdvm.so
06-07 13:41:51.735 I/DEBUG   (17442):     5be7c414  5be7c623  
06-07 13:41:51.735 I/DEBUG   (17442):     5be7c418  df0027ad  
06-07 13:41:51.735 I/DEBUG   (17442):     5be7c41c  00000000  
06-07 13:41:51.735 I/DEBUG   (17442): #00 5be7c420  ffffffff  
06-07 13:41:51.735 I/DEBUG   (17442):     5be7c424  6c756e28  
06-07 13:41:51.735 I/DEBUG   (17442):     5be7c428  0000296c  
06-07 13:41:51.735 I/DEBUG   (17442):     5be7c42c  00000000  
06-07 13:41:51.735 I/DEBUG   (17442):     5be7c430  00000000  
06-07 13:41:51.735 I/DEBUG   (17442):     5be7c434  00000000  
06-07 13:41:51.740 I/DEBUG   (17442):     5be7c438  00000000  
06-07 13:41:51.740 I/DEBUG   (17442):     5be7c43c  00000000  
06-07 13:41:51.740 I/DEBUG   (17442):     5be7c440  00000000  
06-07 13:41:51.740 I/DEBUG   (17442):     5be7c444  00000000  
06-07 13:41:51.740 I/DEBUG   (17442):     5be7c448  00000000  
06-07 13:41:51.740 I/DEBUG   (17442):     5be7c44c  00000000  
06-07 13:41:51.740 I/DEBUG   (17442):     5be7c450  00000000  
06-07 13:41:51.740 I/DEBUG   (17442):     5be7c454  00000000  
06-07 13:41:51.740 I/DEBUG   (17442):     5be7c458  00000000  
06-07 13:41:51.740 I/DEBUG   (17442):     5be7c45c  00000000  
06-07 13:41:51.740 I/DEBUG   (17442):     5be7c460  00000000  
06-07 13:41:51.740 I/DEBUG   (17442):     5be7c464  00000000  
06-07 13:41:51.740 I/DEBUG   (17442):     5be7c468  00000000  
06-07 13:41:51.740 I/DEBUG   (17442):     5be7c46c  00000000  
06-07 13:41:51.740 I/DEBUG   (17442):     5be7c470  00000000  
06-07 13:41:51.740 I/DEBUG   (17442):     5be7c474  00000000  
06-07 13:41:51.740 I/DEBUG   (17442):     5be7c478  00000000  
06-07 13:41:51.740 I/DEBUG   (17442):     5be7c47c  00000000  
06-07 13:41:51.740 I/DEBUG   (17442):     5be7c480  00000000  
06-07 13:41:51.740 I/DEBUG   (17442):     5be7c484  00000000  
06-07 13:41:51.740 I/DEBUG   (17442):     5be7c488  00000000  
06-07 13:41:51.740 I/DEBUG   (17442):     5be7c48c  00000000  
06-07 13:41:51.740 I/DEBUG   (17442):     5be7c490  00000000  
06-07 13:41:51.740 I/DEBUG   (17442):     5be7c494  00000000  
06-07 13:41:51.740 I/DEBUG   (17442):     5be7c498  00000000  
06-07 13:41:51.740 I/DEBUG   (17442):     5be7c49c  00000000  
06-07 13:41:51.740 I/DEBUG   (17442):     5be7c4a0  00000000  
06-07 13:41:51.740 I/DEBUG   (17442):     5be7c4a4  00000000  
06-07 13:41:51.740 I/DEBUG   (17442):     5be7c4a8  00000000  
06-07 13:41:51.740 I/DEBUG   (17442):     5be7c4ac  00000000  
06-07 13:41:51.740 I/DEBUG   (17442):     5be7c4b0  00000000  
06-07 13:41:51.740 I/DEBUG   (17442):     5be7c4b4  00000000  
06-07 13:41:51.740 I/DEBUG   (17442):     5be7c4b8  00000000  
06-07 13:41:51.740 I/DEBUG   (17442):     5be7c4bc  00000000  
06-07 13:41:51.740 I/DEBUG   (17442):     5be7c4c0  00000000  
06-07 13:41:51.740 I/DEBUG   (17442):     5be7c4c4  00000000  
06-07 13:41:51.740 I/DEBUG   (17442):     5be7c4c8  00000000  
06-07 13:41:51.740 I/DEBUG   (17442):     5be7c4cc  00000000  
06-07 13:41:51.740 I/DEBUG   (17442):     5be7c4d0  00000000  
06-07 13:41:51.740 I/DEBUG   (17442):     5be7c4d4  00000000  
06-07 13:41:51.740 I/DEBUG   (17442):     5be7c4d8  00000000  
06-07 13:41:51.740 I/DEBUG   (17442):     5be7c4dc  00000000  
06-07 13:41:51.740 I/DEBUG   (17442):     5be7c4e0  00000000  
06-07 13:41:51.740 I/DEBUG   (17442):     5be7c4e4  00000000  
06-07 13:41:51.740 I/DEBUG   (17442):     5be7c4e8  00000000  
06-07 13:41:51.740 I/DEBUG   (17442):     5be7c4ec  00000000  
06-07 13:41:51.740 I/DEBUG   (17442):     5be7c4f0  00000000  
06-07 13:41:51.740 I/DEBUG   (17442):     5be7c4f4  00000000  
06-07 13:41:51.740 I/DEBUG   (17442):     5be7c4f8  00000000  
06-07 13:41:51.740 I/DEBUG   (17442):     5be7c4fc  00000000  
06-07 13:41:51.740 I/DEBUG   (17442):     5be7c500  00000000  
06-07 13:41:51.740 I/DEBUG   (17442):     5be7c504  00000000  
06-07 13:41:51.740 I/DEBUG   (17442):     5be7c508  00000000  
06-07 13:41:51.740 I/DEBUG   (17442):     5be7c50c  00000000  
06-07 13:41:51.740 I/DEBUG   (17442):     5be7c510  00000000  
06-07 13:41:51.740 I/DEBUG   (17442):     5be7c514  00000000  
06-07 13:41:51.740 I/DEBUG   (17442):     5be7c518  00000000  
06-07 13:41:51.740 I/DEBUG   (17442):     5be7c51c  00000000  
06-07 13:41:51.740 I/DEBUG   (17442):     5be7c520  00000000  
06-07 13:41:51.740 I/DEBUG   (17442):     5be7c524  00000000  
06-07 13:41:51.743 I/DEBUG   (17442):     5be7c528  00000000  
06-07 13:41:51.743 I/DEBUG   (17442):     5be7c52c  00000000  
06-07 13:41:51.743 I/DEBUG   (17442):     5be7c530  00000000  
06-07 13:41:51.743 I/DEBUG   (17442):     5be7c534  00000000  
06-07 13:41:51.743 I/DEBUG   (17442):     5be7c538  00000000  
06-07 13:41:51.743 I/DEBUG   (17442):     5be7c53c  00000000  
06-07 13:41:51.743 I/DEBUG   (17442):     5be7c540  00000000  
06-07 13:41:51.743 I/DEBUG   (17442):     5be7c544  00000000  
06-07 13:41:51.743 I/DEBUG   (17442):     5be7c548  00000000  
06-07 13:41:51.743 I/DEBUG   (17442):     5be7c54c  00000000  
06-07 13:41:51.743 I/DEBUG   (17442):     5be7c550  00000000  
06-07 13:41:51.743 I/DEBUG   (17442):     5be7c554  00000000  
06-07 13:41:51.743 I/DEBUG   (17442):     5be7c558  00000000  
06-07 13:41:51.743 I/DEBUG   (17442):     5be7c55c  00000000  
06-07 13:41:51.743 I/DEBUG   (17442):     5be7c560  00000000  
06-07 13:41:51.743 I/DEBUG   (17442):     5be7c564  00000000  
06-07 13:41:51.743 I/DEBUG   (17442):     5be7c568  00000000  
06-07 13:41:51.743 I/DEBUG   (17442):     5be7c56c  00000000  
06-07 13:41:51.743 I/DEBUG   (17442):     5be7c570  00000000  
06-07 13:41:51.743 I/DEBUG   (17442):     5be7c574  00000000  
06-07 13:41:51.743 I/DEBUG   (17442):     5be7c578  00000000  
06-07 13:41:51.743 I/DEBUG   (17442):     5be7c57c  00000000  
06-07 13:41:51.743 I/DEBUG   (17442):     5be7c580  00000000  
06-07 13:41:51.743 I/DEBUG   (17442):     5be7c584  00000000  
06-07 13:41:51.743 I/DEBUG   (17442):     5be7c588  00000000  
06-07 13:41:51.743 I/DEBUG   (17442):     5be7c58c  00000000  
06-07 13:41:51.743 I/DEBUG   (17442):     5be7c590  00000000  
06-07 13:41:51.743 I/DEBUG   (17442):     5be7c594  00000000  
06-07 13:41:51.743 I/DEBUG   (17442):     5be7c598  00000000  
06-07 13:41:51.743 I/DEBUG   (17442):     5be7c59c  00000000  
06-07 13:41:51.743 I/DEBUG   (17442):     5be7c5a0  00000000  
06-07 13:41:51.743 I/DEBUG   (17442):     5be7c5a4  00000000  
06-07 13:41:51.743 I/DEBUG   (17442):     5be7c5a8  00000000  
06-07 13:41:51.743 I/DEBUG   (17442):     5be7c5ac  00000000  
06-07 13:41:51.743 I/DEBUG   (17442):     5be7c5b0  00000000  
06-07 13:41:51.743 I/DEBUG   (17442):     5be7c5b4  00000000  
06-07 13:41:51.743 I/DEBUG   (17442):     5be7c5b8  00000000  
06-07 13:41:51.743 I/DEBUG   (17442):     5be7c5bc  00000000  
06-07 13:41:51.743 I/DEBUG   (17442):     5be7c5c0  00000000  
06-07 13:41:51.743 I/DEBUG   (17442):     5be7c5c4  00000000  
06-07 13:41:51.743 I/DEBUG   (17442):     5be7c5c8  00000000  
06-07 13:41:51.743 I/DEBUG   (17442):     5be7c5cc  00000000  
06-07 13:41:51.743 I/DEBUG   (17442):     5be7c5d0  00000000  
06-07 13:41:51.743 I/DEBUG   (17442):     5be7c5d4  00000000  
06-07 13:41:51.743 I/DEBUG   (17442):     5be7c5d8  00000000  
06-07 13:41:51.743 I/DEBUG   (17442):     5be7c5dc  00000000  
06-07 13:41:51.743 I/DEBUG   (17442):     5be7c5e0  00000000  
06-07 13:41:51.743 I/DEBUG   (17442):     5be7c5e4  00000000  
06-07 13:41:51.743 I/DEBUG   (17442):     5be7c5e8  00000000  
06-07 13:41:51.743 I/DEBUG   (17442):     5be7c5ec  00000000  
06-07 13:41:51.743 I/DEBUG   (17442):     5be7c5f0  00000000  
06-07 13:41:51.743 I/DEBUG   (17442):     5be7c5f4  00000000  
06-07 13:41:51.743 I/DEBUG   (17442):     5be7c5f8  00000000  
06-07 13:41:51.743 I/DEBUG   (17442):     5be7c5fc  00000000  
06-07 13:41:51.743 I/DEBUG   (17442):     5be7c600  00000000  
06-07 13:41:51.743 I/DEBUG   (17442):     5be7c604  00000000  
06-07 13:41:51.743 I/DEBUG   (17442):     5be7c608  00000000  
06-07 13:41:51.743 I/DEBUG   (17442):     5be7c60c  00000000  
06-07 13:41:51.743 I/DEBUG   (17442):     5be7c610  00000000  
06-07 13:41:51.743 I/DEBUG   (17442):     5be7c614  00000000  
06-07 13:41:51.743 I/DEBUG   (17442):     5be7c618  00000000  
06-07 13:41:51.747 I/DEBUG   (17442):     5be7c61c  00000000  
06-07 13:41:51.747 I/DEBUG   (17442):     5be7c620  00000000  
06-07 13:41:51.747 I/DEBUG   (17442):     5be7c624  71976934  
06-07 13:41:51.747 I/DEBUG   (17442):     5be7c628  00000000  
06-07 13:41:51.747 I/DEBUG   (17442):     5be7c62c  5be7c744  
06-07 13:41:51.747 I/DEBUG   (17442):     5be7c630  40dcd0ff  /system/lib/libdvm.so
06-07 13:41:51.747 I/DEBUG   (17442):     5be7c634  40d7d64f  /system/lib/libdvm.so
06-07 13:41:51.747 I/DEBUG   (17442): #01 5be7c638  00000000  
06-07 13:41:51.747 I/DEBUG   (17442):     5be7c63c  40d7d67b  /system/lib/libdvm.so
06-07 13:41:51.920 D/dalvikvm( 1138): GC_CONCURRENT freed 444K, 77% free 1387K/6019K, paused 1ms+2ms
06-07 13:41:52.095 D/dalvikvm( 1138): GC_CONCURRENT freed 450K, 76% free 1451K/6019K, paused 2ms+2ms
06-07 13:41:52.275 D/dalvikvm( 1138): GC_CONCURRENT freed 515K, 78% free 1376K/6019K, paused 1ms+2ms
06-07 13:41:52.499 E/fbdev   ( 1032): Attention! GFLIP time out, force update gop ring buffer!
06-07 13:41:52.515 E/fbdev   ( 1032): Attention! GFLIP time out, force update gop ring buffer!
06-07 13:41:52.532 E/fbdev   ( 1032): Attention! GFLIP time out, force update gop ring buffer!
06-07 13:41:52.547 E/fbdev   ( 1032): Attention! GFLIP time out, force update gop ring buffer!
06-07 13:41:52.551 D/dalvikvm( 1138): GC_CONCURRENT freed 444K, 77% free 1441K/6019K, paused 1ms+2ms
06-07 13:41:52.563 E/fbdev   ( 1032): Attention! GFLIP time out, force update gop ring buffer!
06-07 13:41:52.580 E/fbdev   ( 1032): Attention! GFLIP time out, force update gop ring buffer!
06-07 13:41:52.595 E/fbdev   ( 1032): Attention! GFLIP time out, force update gop ring buffer!
06-07 13:41:52.611 E/fbdev   ( 1032): Attention! GFLIP time out, force update gop ring buffer!
06-07 13:41:52.628 E/fbdev   ( 1032): Attention! GFLIP time out, force update gop ring buffer!
06-07 13:41:52.643 E/fbdev   ( 1032): Attention! GFLIP time out, force update gop ring buffer!
06-07 13:41:52.659 E/fbdev   ( 1032): Attention! GFLIP time out, force update gop ring buffer!
06-07 13:41:52.676 E/fbdev   ( 1032): Attention! GFLIP time out, force update gop ring buffer!
06-07 13:41:52.691 E/fbdev   ( 1032): Attention! GFLIP time out, force update gop ring buffer!
06-07 13:41:52.707 E/fbdev   ( 1032): Attention! GFLIP time out, force update gop ring buffer!
06-07 13:41:52.724 E/fbdev   ( 1032): Attention! GFLIP time out, force update gop ring buffer!
06-07 13:41:52.739 E/fbdev   ( 1032): Attention! GFLIP time out, force update gop ring buffer!
06-07 13:41:52.755 E/fbdev   ( 1032): Attention! GFLIP time out, force update gop ring buffer!
06-07 13:41:52.772 E/fbdev   ( 1032): Attention! GFLIP time out, force update gop ring buffer!
06-07 13:41:52.787 E/fbdev   ( 1032): Attention! GFLIP time out, force update gop ring buffer!
06-07 13:41:52.803 E/fbdev   ( 1032): Attention! GFLIP time out, force update gop ring buffer!
06-07 13:41:52.820 E/fbdev   ( 1032): Attention! GFLIP time out, force update gop ring buffer!
06-07 13:41:52.835 E/fbdev   ( 1032): Attention! GFLIP time out, force update gop ring buffer!
06-07 13:41:52.851 E/fbdev   ( 1032): Attention! GFLIP time out, force update gop ring buffer!
06-07 13:41:52.868 E/fbdev   ( 1032): Attention! GFLIP time out, force update gop ring buffer!
06-07 13:41:52.883 E/fbdev   ( 1032): Attention! GFLIP time out, force update gop ring buffer!
06-07 13:41:52.899 E/fbdev   ( 1032): Attention! GFLIP time out, force update gop ring buffer!
06-07 13:41:52.916 E/fbdev   ( 1032): Attention! GFLIP time out, force update gop ring buffer!
06-07 13:41:52.931 E/fbdev   ( 1032): Attention! GFLIP time out, force update gop ring buffer!
06-07 13:41:52.947 D/dalvikvm( 1138): GC_CONCURRENT freed 515K, 77% free 1408K/6019K, paused 2ms+1ms
06-07 13:41:52.952 E/fbdev   ( 1032): Attention! GFLIP time out, force update gop ring buffer!
06-07 13:41:52.964 E/fbdev   ( 1032): Attention! GFLIP time out, force update gop ring buffer!
06-07 13:41:52.983 E/fbdev   ( 1032): Attention! GFLIP time out, force update gop ring buffer!
06-07 13:41:52.995 E/fbdev   ( 1032): Attention! GFLIP time out, force update gop ring buffer!
06-07 13:41:53.007 E/fbdev   ( 1032): Attention! GFLIP time out, force update gop ring buffer!
06-07 13:41:53.135 D/dalvikvm( 1138): GC_CONCURRENT freed 475K, 78% free 1348K/6019K, paused 2ms+1ms
06-07 13:41:53.420 D/dalvikvm( 1138): GC_CONCURRENT freed 418K, 77% free 1425K/6019K, paused 1ms+2ms
[48205.282363] Thread-114: unhandled page fault (11) at 0xdeadd00d, code 0x80d
[48205.294070] [COREDUMP] SIGNR:11
[48205.294075] 
06-07 13:41:53.504 I/DEBUG   (17442): debuggerd committing suicide to free the zombie!
06-07 13:41:53.504 I/BootReceiver(  989): Copying /data/tombstones/tombstone_05 to DropBox (SYSTEM_TOMBSTONE)
06-07 13:41:53.528 D/Zygote  (  742): Process 18221 terminated by signal (11)
06-07 13:41:53.579 I/ActivityManager(  989): Process com.coship.cw880 (pid 18221) has died.
06-07 13:41:53.579 W/ActivityManager(  989): Scheduling restart of crashed service com.coship.cw880/.MonitorCw880 in 5000ms
06-07 13:41:53.588 D/dalvikvm(  989): GC_CONCURRENT freed 654K, 52% free 6013K/12419K, paused 3ms+6ms
06-07 13:41:53.600 D/dalvikvm( 1138): GC_CONCURRENT freed 490K, 77% free 1436K/6019K, paused 1ms+1ms
06-07 13:41:53.747 D/dalvikvm( 1138): GC_CONCURRENT freed 503K, 79% free 1318K/6019K, paused 1ms+1ms
06-07 13:41:53.852 I/DEBUG   (22095): debuggerd: Jun  3 2013 16:20:08
06-07 13:41:53.999 D/dalvikvm( 1138): GC_CONCURRENT freed 399K, 79% free 1305K/6019K, paused 1ms+1ms
06-07 13:41:54.147 D/dalvikvm( 1138): GC_CONCURRENT freed 382K, 78% free 1371K/6019K, paused 0ms+1ms
06-07 13:41:54.296 D/dalvikvm( 1138): GC_CONCURRENT freed 436K, 78% free 1328K/6019K, paused 1ms+1ms
06-07 13:41:54.447 D/dalvikvm( 1138): GC_CONCURRENT freed 392K, 77% free 1435K/6019K, paused 1ms+1ms
06-07 13:41:54.596 D/dalvikvm( 1138): GC_CONCURRENT freed 513K, 78% free 1336K/6019K, paused 1ms+1ms
06-07 13:41:54.656 E/fbdev   ( 1032): Attention! GFLIP time out, force update gop ring buffer!
06-07 13:41:54.668 E/fbdev   ( 1032): Attention! GFLIP time out, force update gop ring buffer!
06-07 13:41:54.671 V/TabletStatusBar( 1158): setLightsOn(true)
06-07 13:41:54.759 E/fbdev   ( 1032): Attention! GFLIP time out, force update gop ring buffer!
06-07 13:41:54.779 E/fbdev   ( 1032): Attention! GFLIP time out, force update gop ring buffer!
06-07 13:41:54.795 E/fbdev   ( 1032): Attention! GFLIP time out, force update gop ring buffer!
06-07 13:41:54.815 E/fbdev   ( 1032): Attention! GFLIP time out, force update gop ring buffer!
06-07 13:41:54.831 E/fbdev   ( 1032): Attention! GFLIP time out, force update gop ring buffer!
06-07 13:41:54.851 E/fbdev   ( 1032): Attention! GFLIP time out, force update gop ring buffer!
06-07 13:41:54.867 E/fbdev   ( 1032): Attention! GFLIP time out, force update gop ring buffer!
06-07 13:41:54.887 E/fbdev   ( 1032): Attention! GFLIP time out, force update gop ring buffer!
06-07 13:41:54.903 E/fbdev   ( 1032): Attention! GFLIP time out, force update gop ring buffer!
06-07 13:41:54.923 E/fbdev   ( 1032): Attention! GFLIP time out, force update gop ring buffer!
06-07 13:41:54.932 D/dalvikvm( 1138): GC_CONCURRENT freed 406K, 77% free 1425K/6019K, paused 1ms+1ms
06-07 13:41:54.939 E/fbdev   ( 1032): Attention! GFLIP time out, force update gop ring buffer!
06-07 13:41:54.951 E/fbdev   ( 1032): Attention! GFLIP time out, force update gop ring buffer!
06-07 13:41:54.963 E/fbdev   ( 1032): Attention! GFLIP time out, force update gop ring buffer!
06-07 13:41:54.971 I/BluetoothSet( 1650): ---------------UnregisterBluetoothReceiver()------------
06-07 13:41:54.975 I/WifiDirectSetting( 1650): --------------UnregisterWifidisplayReceiver------------
06-07 13:41:54.975 I/WifiApSetting( 1650): ---------------UnregisterWifiApReceiver--------------
06-07 13:41:54.975 E/fbdev   ( 1032): Attention! GFLIP time out, force update gop ring buffer!
06-07 13:41:54.987 E/fbdev   ( 1032): Attention! GFLIP time out, force update gop ring buffer!
06-07 13:41:55.019 D/dalvikvm( 1650): GC_EXPLICIT freed 1157K, 17% free 25182K/30083K, paused 1ms+6ms
06-07 13:41:55.028 E/StrictMode( 1650): class com.coship.dvbsetting.netsetting.netSet; instances=2; limit=1
06-07 13:41:55.028 E/StrictMode( 1650): android.os.StrictMode$InstanceCountViolation: class com.coship.dvbsetting.netsetting.netSet; instances=2; limit=1
06-07 13:41:55.028 E/StrictMode( 1650):         at android.os.StrictMode.setClassInstanceLimit(StrictMode.java:1)
06-07 13:41:55.040 E/ActivityThread( 1650): Activity com.coship.dvbsetting.netsetting.netSet has leaked ServiceConnection android.bluetooth.BluetoothHeadset$1@413ef400 that was originally bound here
06-07 13:41:55.040 E/ActivityThread( 1650): android.app.ServiceConnectionLeaked: Activity com.coship.dvbsetting.netsetting.netSet has leaked ServiceConnection android.bluetooth.BluetoothHeadset$1@413ef400 that was originally bound here
06-07 13:41:55.040 E/ActivityThread( 1650):     at android.app.LoadedApk$ServiceDispatcher.<init>(LoadedApk.java:936)
06-07 13:41:55.040 E/ActivityThread( 1650):     at android.app.LoadedApk.getServiceDispatcher(LoadedApk.java:830)
06-07 13:41:55.040 E/ActivityThread( 1650):     at android.app.ContextImpl.bindService(ContextImpl.java:1142)
06-07 13:41:55.040 E/ActivityThread( 1650):     at android.content.ContextWrapper.bindService(ContextWrapper.java:370)
06-07 13:41:55.040 E/ActivityThread( 1650):     at android.bluetooth.BluetoothHeadset.<init>(BluetoothHeadset.java:231)
06-07 13:41:55.040 E/ActivityThread( 1650):     at android.bluetooth.BluetoothAdapter.getProfileProxy(BluetoothAdapter.java:1168)
06-07 13:41:55.040 E/ActivityThread( 1650):     at com.coship.dvbsetting.bluetooth.HeadsetProfile.<init>(HeadsetProfile.java:111)
06-07 13:41:55.040 E/ActivityThread( 1650):     at com.coship.dvbsetting.netsetting.BluetoothSet.init(BluetoothSet.java:160)
06-07 13:41:55.040 E/ActivityThread( 1650):     at com.coship.dvbsetting.netsetting.BluetoothSet.<init>(BluetoothSet.java:131)
06-07 13:41:55.040 E/ActivityThread( 1650):     at com.coship.dvbsetting.netsetting.BluetoothSet.getInstance(BluetoothSet.java:110)
06-07 13:41:55.040 E/ActivityThread( 1650):     at com.coship.dvbsetting.netsetting.netSet.onCreate(netSet.java:81)
06-07 13:41:55.040 E/ActivityThread( 1650):     at android.app.Activity.performCreate(Activity.java:4465)
06-07 13:41:55.040 E/ActivityThread( 1650):     at android.app.Instrumentation.callActivityOnCreate(Instrumentation.java:1049)
06-07 13:41:55.040 E/ActivityThread( 1650):     at android.app.ActivityThread.performLaunchActivity(ActivityThread.java:1920)
06-07 13:41:55.040 E/ActivityThread( 1650):     at android.app.ActivityThread.handleLaunchActivity(ActivityThread.java:1981)
06-07 13:41:55.040 E/ActivityThread( 1650):     at android.app.ActivityThread.access$600(ActivityThread.java:123)
06-07 13:41:55.040 E/ActivityThread( 1650):     at android.app.ActivityThread$H.handleMessage(ActivityThread.java:1147)
06-07 13:41:55.040 E/ActivityThread( 1650):     at android.os.Handler.dispatchMessage(Handler.java:99)
06-07 13:41:55.040 E/ActivityThread( 1650):     at android.os.Looper.loop(Looper.java:137)
06-07 13:41:55.040 E/ActivityThread( 1650):     at android.app.ActivityThread.main(ActivityThread.java:4424)
06-07 13:41:55.040 E/ActivityThread( 1650):     at java.lang.reflect.Method.invokeNative(Native Method)
06-07 13:41:55.040 E/ActivityThread( 1650):     at java.lang.reflect.Method.invoke(Method.java:511)
06-07 13:41:55.040 E/ActivityThread( 1650):     at com.android.internal.os.ZygoteInit$MethodAndArgsCaller.run(ZygoteInit.java:848)
06-07 13:41:55.040 E/ActivityThread( 1650):     at com.android.internal.os.ZygoteInit.main(ZygoteInit.java:575)
06-07 13:41:55.040 E/ActivityThread( 1650):     at dalvik.system.NativeStart.main(Native Method)
06-07 13:41:55.040 W/ActivityManager(  989): Unbind failed: could not find connection for android.os.BinderProxy@418727f8
06-07 13:41:55.091 D/dalvikvm( 1138): GC_CONCURRENT freed 490K, 78% free 1329K/6019K, paused 1ms+1ms
06-07 13:41:55.244 D/dalvikvm( 1138): GC_CONCURRENT freed 394K, 77% free 1412K/6019K, paused 0ms+1ms
06-07 13:41:55.388 D/dalvikvm( 1138): GC_CONCURRENT freed 474K, 78% free 1330K/6019K, paused 1ms+1ms
06-07 13:41:55.640 D/dalvikvm( 1138): GC_CONCURRENT freed 405K, 79% free 1317K/6019K, paused 1ms+1ms
06-07 13:41:55.787 D/dalvikvm( 1138): GC_CONCURRENT freed 396K, 78% free 1324K/6019K, paused 0ms+1ms
06-07 13:41:55.928 D/dalvikvm( 1138): GC_CONCURRENT freed 405K, 78% free 1328K/6019K, paused 1ms+1ms
06-07 13:41:55.971 I/main_setcenter( 1650): BackDoorIndex:0
06-07 13:41:55.971 I/main_setcenter( 1650): BackDoorKey[BackDoorIndex]:21
06-07 13:41:55.971 I/main_setcenter( 1650): KeyCode:4
06-07 13:41:55.995 I/MainActivity( 1261):  onResume
06-07 13:41:56.015 E/fbdev   ( 1032): Attention! GFLIP time out, force update gop ring buffer!
06-07 13:41:56.024 E/fbdev   ( 1032): Attention! GFLIP time out, force update gop ring buffer!
06-07 13:41:56.031 D/InputEventConsistencyVerifier( 1261): KeyEvent: ACTION_UP but key was not down.
06-07 13:41:56.031 D/InputEventConsistencyVerifier( 1261):   in Handler (android.view.ViewRootImpl) {417ec760}
06-07 13:41:56.031 D/InputEventConsistencyVerifier( 1261):   0: sent at 48207745000000, KeyEvent { action=ACTION_UP, keyCode=KEYCODE_BACK, scanCode=4, metaState=0, flags=0x8, repeatCount=0, eventTime=48207745, downTime=48207745, deviceId=2, source=0x301 }
06-07 13:41:56.031 D/InputEventConsistencyVerifier( 1261):   -- recent events --
06-07 13:41:56.031 D/InputEventConsistencyVerifier( 1261):   1: sent at 48085172000000, KeyEvent { action=ACTION_UP, keyCode=KEYCODE_ENTER, scanCode=28, metaState=0, flags=0x8, repeatCount=0, eventTime=48085172, downTime=48084961, deviceId=1, source=0x101 }
06-07 13:41:56.031 D/InputEventConsistencyVerifier( 1261):   2: sent at 48084961000000, KeyEvent { action=ACTION_DOWN, keyCode=KEYCODE_ENTER, scanCode=28, metaState=0, flags=0x8, repeatCount=0, eventTime=48084961, downTime=48084961, deviceId=1, source=0x101 }
06-07 13:41:56.031 D/InputEventConsistencyVerifier( 1261):   3: sent at 48084768000000, KeyEvent { action=ACTION_UP, keyCode=KEYCODE_DPAD_DOWN, scanCode=108, metaState=0, flags=0x8, repeatCount=0, eventTime=48084768, downTime=48084557, deviceId=1, source=0x101 }
06-07 13:41:56.031 D/InputEventConsistencyVerifier( 1261):   4: sent at 48084557000000, KeyEvent { action=ACTION_DOWN, keyCode=KEYCODE_DPAD_DOWN, scanCode=108, metaState=0, flags=0x8, repeatCount=0, eventTime=48084557, downTime=48084557, deviceId=1, source=0x101 }
06-07 13:41:56.031 D/InputEventConsistencyVerifier( 1261):   5: sent at 48084084000000, KeyEvent { action=ACTION_UP, keyCode=KEYCODE_ENTER, scanCode=28, metaState=0, flags=0x8, repeatCount=0, eventTime=48084084, downTime=48083872, deviceId=1, source=0x101 }
06-07 13:41:56.039 W/InputManagerService(  989): Starting input on non-focused client com.android.internal.view.IInputMethodClient$Stub$Proxy@4168c290 (uid=1000 pid=1650)
06-07 13:41:56.079 E/fbdev   ( 1032): Attention! GFLIP time out, force update gop ring buffer!
06-07 13:41:56.108 E/fbdev   ( 1032): Attention! GFLIP time out, force update gop ring buffer!
06-07 13:41:56.132 E/fbdev   ( 1032): Attention! GFLIP time out, force update gop ring buffer!
06-07 13:41:56.144 E/fbdev   ( 1032): Attention! GFLIP time out, force update gop ring buffer!
06-07 13:41:56.147 D/dalvikvm( 1138): GC_CONCURRENT freed 450K, 77% free 1390K/6019K, paused 27ms+3ms
06-07 13:41:56.151 D/HomePlayerLib( 1138): hostaddress count is 2
06-07 13:41:56.159 E/fbdev   ( 1032): Attention! GFLIP time out, force update gop ring buffer!
06-07 13:41:56.183 E/fbdev   ( 1032): Attention! GFLIP time out, force update gop ring buffer!
06-07 13:41:56.199 E/fbdev   ( 1032): Attention! GFLIP time out, force update gop ring buffer!
06-07 13:41:56.216 D/dalvikvm( 1138): GC_CONCURRENT freed 467K, 77% free 1433K/6019K, paused 1ms+1ms
06-07 13:41:56.219 E/fbdev   ( 1032): Attention! GFLIP time out, force update gop ring buffer!
06-07 13:41:56.235 E/fbdev   ( 1032): Attention! GFLIP time out, force update gop ring buffer!
06-07 13:41:56.255 E/fbdev   ( 1032): Attention! GFLIP time out, force update gop ring buffer!
06-07 13:41:56.271 E/fbdev   ( 1032): Attention! GFLIP time out, force update gop ring buffer!
06-07 13:41:56.279 D/dalvikvm( 1138): GC_CONCURRENT freed 506K, 79% free 1314K/6019K, paused 1ms+1ms
06-07 13:41:56.291 E/fbdev   ( 1032): Attention! GFLIP time out, force update gop ring buffer!
06-07 13:41:56.307 E/fbdev   ( 1032): Attention! GFLIP time out, force update gop ring buffer!
06-07 13:41:56.327 E/fbdev   ( 1032): Attention! GFLIP time out, force update gop ring buffer!
06-07 13:41:56.343 E/fbdev   ( 1032): Attention! GFLIP time out, force update gop ring buffer!
06-07 13:41:56.363 E/fbdev   ( 1032): Attention! GFLIP time out, force update gop ring buffer!
06-07 13:41:56.372 D/dalvikvm( 1138): GC_CONCURRENT freed 390K, 77% free[48208.171749] accepted a http connect , new connect ip is  192.168.43.186
 1434K/6019K, pa[48208.179770]                           old connect ip is  192.168.43.237
used 4ms+1ms
06[48208.187624]                                           but it isn't seted ip , so close it
-07 13:41:56.379 E/fbdev   ( 1032): Attention! GFLIP time out, force update gop ring buffer!
06-07 13:41:56.415 E/fbdev   ( 1032): Attention! GFLIP time out, force update gop ring buffer!
06-07 13:41:56.431 E/fbdev   ( 1032): Attention! GFLIP time out, force update gop ring buffer!
06-07 13:41:56.443 D/dalvikvm( 1138): GC_CONCURRENT freed 504K, 77% free 1405K/6019K, paused 1ms+2ms
06-07 13:41:56.451 E/fbdev   ( 1032): Attention! GFLIP time out, force update gop ring buffer!
06-07 13:41:56.467 E/fbdev   ( 1032): Attention! GFLIP time out, force update gop ring buffer!
06-07 13:41:56.479 E/fbdev   ( 1032): Attention! GFLIP time out, force update gop ring buffer!
06-07 13:41:56.496 E/fbdev   ( 1032): Attention! GFLIP time out, force update gop ring buffer!
06-07 13:41:56.508 D/dalvikvm( 1138): GC_CONCURRENT freed 480K, 78% free 1333K/6019K, paused 0ms+1ms
06-07 13:41:56.511 E/fbdev   ( 1032): Attention! GFLIP time out, force update gop ring buffer!
06-07 13:41:56.527 E/fbdev   ( 1032): Attention! GFLIP time out, force update gop ring buffer!
06-07 13:41:56.544 E/fbdev   ( 1032): Attention! GFLIP time out, force update gop ring buffer!
06-07 13:41:56.559 E/fbdev   ( 1032): Attention! GFLIP time out, force update gop ring buffer!
06-07 13:41:56.580 E/fbdev   ( 1032): Attention! GFLIP time out, force update gop ring buffer!
06-07 13:41:56.592 E/fbdev   ( 1032): Attention! GFLIP time out, force update gop ring buffer!
06-07 13:41:56.599 E/fbdev   ( 1032): Attention! GFLIP time out, force update gop ring buffer!
06-07 13:41:56.611 D/dalvikvm( 1138): GC_CONCURRENT freed 397K, 76% free 1447K/6019K, paused 1ms+1ms
06-07 13:41:56.664 D/dalvikvm( 1138): GC_CONCURRENT freed 554K, 77% free 1402K/6019K, paused 1ms+1ms
06-07 13:41:56.803 D/dalvikvm( 1138): GC_CONCURRENT freed 454K, 77% free 1434K/6019K, paused 1ms+1ms
06-07 13:41:56.847 D/dalvikvm( 1138): GC_CONCURRENT freed 502K, 77% free 1435K/6019K, paused 1ms+1ms
[48208.718883] accepted a http connect , new connect ip is  192.168.43.186
[48208.725562]                           old connect ip is  192.168.43.237
[48208.732215]                                     but it isn't seted ip , so close it
06-07 13:41:56.964 D/dalvikvm( 1138): GC_CONCURRENT freed 509K, 76% free 1465K/6019K, paused 1ms+1ms
06-07 13:41:57.007 D/dalvikvm( 1138): GC_CONCURRENT freed 517K, 78% free 1337K/6019K, paused 1ms+1ms
06-07 13:41:57.043 D/dalvikvm( 1138): GC_CONCURRENT freed 391K, 78% free 1330K/6019K, paused 1ms+1ms
06-07 13:41:57.108 D/dalvikvm( 1138): GC_CONCURRENT freed 415K, 77% free 1426K/6019K, paused 0ms+1ms
06-07 13:41:57.156 D/dalvikvm( 1138): GC_CONCURRENT freed 474K, 76% free 1445K/6019K, paused 2ms+1ms
06-07 13:41:57.192 D/dalvikvm( 1138): GC_CONCURRENT freed 519K, 79% free 1320K/6019K, paused 1ms+1ms
06-07 13:41:57.300 D/dalvikvm( 1138): GC_CONCURRENT freed 376K, 78% free 1337K/6019K, paused 1ms+1ms
06-07 13:41:57.351 D/dalvikvm( 1138): GC_CONCURRENT freed 474K, 78% free 1371K/6019K, paused 1ms+1ms
[48209.247868] accepted a http connect , new connect ip is  192.168.43.186
[48209.254540]                           old connect ip is  192.168.43.237
[48209.261181]                                     but it isn't seted ip , so close it
06-07 13:41:57.492 D/dalvikvm( 1138): GC_CONCURRENT freed 445K, 77% free 1435K/6019K, paused 1ms+1ms
06-07 13:41:57.591 D/dalvikvm( 1138): GC_CONCURRENT freed 514K, 79% free 1309K/6019K, paused 1ms+1ms
06-07 13:41:57.600 V/RootManagerImpl( 1261): onFocusChange false
06-07 13:41:57.607 E/fbdev   ( 1032): Attention! GFLIP time out, force update gop ring buffer!
06-07 13:41:57.627 E/fbdev   ( 1032): Attention! GFLIP time out, force update gop ring buffer!
06-07 13:41:57.639 E/fbdev   ( 1032): Attention! GFLIP time out, force update gop ring buffer!
06-07 13:41:57.660 E/fbdev   ( 1032): Attention! GFLIP time out, force update gop ring buffer!
06-07 13:41:57.672 E/fbdev   ( 1032): Attention! GFLIP time out, force update gop ring buffer!
06-07 13:41:57.687 E/fbdev   ( 1032): Attention! GFLIP time out, force update gop ring buffer!
06-07 13:41:57.687 D/dalvikvm( 1138): GC_CONCURRENT freed 381K, 78% free 1335K/6019K, paused 1ms+1ms
06-07 13:41:57.699 E/fbdev   ( 1032): Attention! GFLIP time out, force update gop ring buffer!
06-07 13:41:57.715 E/fbdev   ( 1032): Attention! GFLIP time out, force update gop ring buffer!
06-07 13:41:57.727 E/fbdev   ( 1032): Attention! GFLIP time out, force update gop ring buffer!
06-07 13:41:57.744 E/fbdev   ( 1032): Attention! GFLIP time out, force update gop ring buffer!
06-07 13:41:57.756 E/fbdev   ( 1032): Attention! GFLIP time out, force update gop ring buffer!
06-07 13:41:57.768 E/fbdev   ( 1032): Attention! GFLIP time out, force update gop ring buffer!
06-07 13:41:57.780 E/fbdev   ( 1032): Attention! GFLIP time out, force update gop ring buffer!
06-07 13:41:57.792 E/fbdev   ( 1032): Attention! GFLIP time out, force update gop ring buffer!
06-07 13:41:57.804 E/fbdev   ( 1032): Attention! GFLIP time out, force update gop ring buffer!
06-07 13:41:57.811 E/fbdev   ( 1032): Attention! GFLIP time out, force update gop ring buffer!
06-07 13:41:57.823 E/fbdev   ( 1032): Attention! GFLIP time out, force update gop ring buffer!
06-07 13:41:57.840 E/fbdev   ( 1032): Attention! GFLIP time out, force update gop ring buffer!
06-07 13:41:57.855 E/fbdev   ( 1032): Attention! GFLIP time out, force update gop ring buffer!
06-07 13:41:57.867 D/dalvikvm( 1138): GC_CONCURRENT freed 404K, 78% free 1327K/6019K, paused 2ms+2ms
06-07 13:41:57.867 E/fbdev   ( 1032): Attention! GFLIP time out, force update gop ring buffer!
06-07 13:41:57.883 E/fbdev   ( 1032): Attention! GFLIP time out, force update gop ring buffer!
06-07 13:41:57.895 E/fbdev   ( 1032): Attention! GFLIP time out, force update gop ring buffer!
06-07 13:41:57.912 E/fbdev   ( 1032): Attention! GFLIP time out, force update gop ring buffer!
06-07 13:41:57.927 E/fbdev   ( 1032): Attention! GFLIP time out, force update gop ring buffer!
06-07 13:41:57.939 E/fbdev   ( 1032): Attention! GFLIP time out, force update gop ring buffer!
06-07 13:41:57.955 E/fbdev   ( 1032): Attention! GFLIP time out, force update gop ring buffer!
06-07 13:41:57.967 E/fbdev   ( 1032): Attention! GFLIP time out, force update gop ring buffer!
06-07 13:41:57.984 E/fbdev   ( 1032): Attention! GFLIP time out, force update gop ring buffer!
06-07 13:41:57.987 D/dalvikvm( 1138): GC_CONCURRENT freed 389K, 76% free 1450K/6019K, paused 1ms+1ms
06-07 13:41:57.999 E/fbdev   ( 1032): Attention! GFLIP time out, force update gop ring buffer!
06-07 13:41:58.015 E/fbdev   ( 1032): Attention! GFLIP time out, force update gop ring buffer!
06-07 13:41:58.027 E/fbdev   ( 1032): Attention! GFLIP time out, force update gop ring buffer!
06-07 13:41:58.044 E/fbdev   ( 1[48209.831601] accepted a http connect , new connect ip is  192.168.43.186
032): Attention![48209.839884]                           old connect ip is  192.168.43.237
 GFLIP time out,[48209.847714]                                     but it isn't seted ip , so close it
 force update gop ring buffer!
06-07 13:41:58.075 E/fbdev   ( 1032): Attention! GFLIP time out, force update gop ring buffer!
06-07 13:41:58.091 E/fbdev   ( 1032): Attention! GFLIP time out, force update gop ring buffer!
06-07 13:41:58.103 E/fbdev   ( 1032): Attention! GFLIP time out, force update gop ring buffer!
06-07 13:41:58.123 E/fbdev   ( 1032): Attention! GFLIP time out, force update gop ring buffer!
06-07 13:41:58.135 E/fbdev   ( 1032): Attention! GFLIP time out, force update gop ring buffer!
06-07 13:41:58.151 E/fbdev   ( 1032): Attention! GFLIP time out, force update gop ring buffer!
06-07 13:41:58.151 D/MainActivity( 1261): position = 3
06-07 13:41:58.163 E/fbdev   ( 1032): Attention! GFLIP time out, force update gop ring buffer!
06-07 13:41:58.175 D/dalvikvm( 1138): GC_CONCURRENT freed 496K, 76% free 1463K/6019K, paused 1ms+3ms
06-07 13:41:58.180 E/fbdev   ( 1032): Attention! GFLIP time out, force update gop ring buffer!
06-07 13:41:58.195 E/fbdev   ( 1032): Attention! GFLIP time out, force update gop ring buffer!
06-07 13:41:58.211 E/fbdev   ( 1032): Attention! GFLIP time out, force update gop ring buffer!
06-07 13:41:58.223 E/fbdev   ( 1032): Attention! GFLIP time out, force update gop ring buffer!
06-07 13:41:58.240 E/fbdev   ( 1032): Attention! GFLIP time out, force update gop ring buffer!
06-07 13:41:58.252 E/fbdev   ( 1032): Attention! GFLIP time out, force update gop ring buffer!
06-07 13:41:58.267 E/fbdev   ( 1032): Attention! GFLIP time out, force update gop ring buffer!
06-07 13:41:58.279 E/fbdev   ( 1032): Attention! GFLIP time out, force update gop ring buffer!
06-07 13:41:58.295 E/fbdev   ( 1032): Attention! GFLIP time out, force update gop ring buffer!
06-07 13:41:58.312 E/fbdev   ( 1032): Attention! GFLIP time out, force update gop ring buffer!
06-07 13:41:58.327 E/fbdev   ( 1032): Attention! GFLIP time out, force update gop ring buffer!
06-07 13:41:58.339 E/fbdev   ( 1032): Attention! GFLIP time out, force update gop ring buffer!
06-07 13:41:58.355 E/fbdev   ( 1032): Attention! GFLIP time out, force update gop ring buffer!
06-07 13:41:58.367 D/dalvikvm( 1138): GC_CONCURRENT freed 528K, 77% free 1437K/6019K, paused 1ms+1ms
06-07 13:41:58.367 E/fbdev   ( 1032): Attention! GFLIP time out, force update gop ring buffer!
06-07 13:41:58.384 E/fbdev   ( 1032): Attention! GFLIP time out, force update gop ring buffer!
06-07 13:41:58.399 E/fbdev   ( 1032): Attention! GFLIP time out, force update gop ring buffer!
06-07 13:41:58.411 E/fbdev   ( 1032): Attention! GFLIP time out, force update gop ring buffer!
06-07 13:41:58.427 E/fbdev   ( 1032): Attention! GFLIP time out, force update gop ring buffer!
06-07 13:41:58.439 D/dalvikvm( 1138): GC_CONCURRENT freed 510K, 78% free 1330K/6019K, paused 2ms+2ms
06-07 13:41:58.444 E/fbdev   ( 1032): Attention! GFLIP time out, force update gop ring buffer!
06-07 13:41:58.456 E/fbdev   ( 1032): Attention! GFLIP time out, force update gop ring buffer!
06-07 13:41:58.471 E/fbdev   ( 1032): Attention! GFLIP time out, force update gop ring buffer!
06-07 13:41:58.483 E/fbdev   ( 1032): Attention! GFLIP time out, force update gop ring buffer!
06-07 13:41:58.499 E/fbdev   ( 1032): Attention! GFLIP time out, force update gop ring buffer!
06-07 13:41:58.516 E/fbdev   ( 1032): Attention! GFLIP time out, force update gop ring buffer!
06-07 13:41:58.528 E/fbdev   ( 1032): Attention! GFLIP time out, force update gop ring buffer!
06-07 13:41:58.543 E/fbdev   ( 1032): Attention! GFLIP time out, force update gop ring buffer!
06-07 13:41:58.559 E/fbdev   ( 1032): Attention! GFLIP time out, force update gop ring buffer!
06-07 13:41:58.571 E/fbdev   ( 1032): Attention! GFLIP time out, force update gop ring buffer!
06-07 13:41:58.579 D/dalvikvm( 1138): GC_CONCURRENT freed 394K, 77% free 1387K/6019K, paused 1ms[48210.373459] accepted a http connect , new connect ip is  192.168.43.186
+1ms
06-07 13:4[48210.381677]                           old connect ip is  192.168.43.237
1:58.588 E/fbdev[48210.389531]                                     but it isn't seted ip , so close it
   ( 1032): Attention! GFLIP time out, force update gop ring buffer!
06-07 13:41:58.615 E/fbdev   ( 1032): Attention! GFLIP time out, force update gop ring buffer!
06-07 13:41:58.623 E/fbdev   ( 1032): Attention! GFLIP time out, force update gop ring buffer!
06-07 13:41:58.643 I/ActivityManager(  989): Start proc com.coship.cw880 for service com.coship.cw880/.MonitorCw880: pid=22097 uid=1000 gids={3003, 1015, 3002, 3001, 3004}
06-07 13:41:58.727 D/dalvikvm( 1138): GC_CONCURRENT freed 454K, 77% free 1414K/6019K, paused 1ms+1ms
06-07 13:41:58.811 D/dalvikvm( 1138): GC_CONCURRENT freed 477K, 76% free 1452K/6019K, paused 2ms+1ms
06-07 13:41:58.875 E/fbdev   ( 1032): Attention! GFLIP time out, force update gop ring buffer!
06-07 13:41:58.892 E/fbdev   ( 1032): Attention! GFLIP time out, force update gop ring buffer!
06-07 13:41:58.907 E/fbdev   ( 1032): Attention! GFLIP time out, force update gop ring buffer!
06-07 13:41:58.907 D/dalvikvm( 1138): GC_CONCURRENT freed 514K, 78% free 1336K/6019K, paused 2ms+2ms
06-07 13:41:58.916 E/fbdev   ( 1032): Attention! GFLIP time out, force update gop ring buffer!
06-07 13:41:58.931 E/fbdev   ( 1032): Attention! GFLIP time out, force update gop ring buffer!
06-07 13:41:58.940 E/fbdev   ( 1032): Attention! GFLIP time out, force update gop ring buffer!
06-07 13:41:58.955 E/fbdev   ( 1032): Attention! GFLIP time out, force update gop ring buffer!
06-07 13:41:58.964 E/fbdev   ( 1032): Attention! GFLIP time out, force update gop ring buffer!
06-07 13:41:58.983 E/fbdev   ( 1032): Attention! GFLIP time out, force update gop ring buffer!
06-07 13:41:58.995 E/fbdev   ( 1032): Attention! GFLIP time out, force update gop ring buffer!
06-07 13:41:59.003 E/fbdev   ( 1032): Attention! GFLIP time out, force update gop ring buffer!
06-07 13:41:59.019 E/fbdev   ( 1032): Attention! GFLIP time out, force update gop ring buffer!
06-07 13:41:59.039 E/fbdev   ( 1032): Attention! GFLIP time out, force update gop ring buffer!
06-07 13:41:59.043 D/dalvikvm( 1138): GC_CONCURRENT freed 405K, 78% free 1344K/6019K, paused 1ms+2ms
06-07 13:41:59.055 E/fbdev   ( 1032): Attention! GFLIP time out, force update gop ring buffer!
06-07 13:41:59.075 E/fbdev   ( 1032): Attention! GFLIP time out, force update gop ring buffer!
06-07 13:41:59.087 E/fbdev   ( 1032): Attention! GFLIP time out, force update gop ring buffer!
06-07 13:41:59.103 E/fbdev   ( 1032): Attention! GFLIP time out, force update gop ring buffer!
06-07 13:41:59.115 E/fbdev   ( 1032): Attention! GFLIP time out, force update gop ring buffer!
[48210.911862] accepted a http connect , new connect ip is  192.168.43.186
06-07 13:41:59.1[48210.918795]                           old connect ip is  192.168.43.237
27 E/fbdev   ( 1[48210.926650]                                     but it isn't seted ip , so close it
032): Attention! GFLIP time out, force update gop ring buffer!
06-07 13:41:59.156 E/fbdev   ( 1032): Attention! GFLIP time out, force update gop ring buffer!
06-07 13:41:59.164 D/dalvikvm( 1138): GC_CONCURRENT freed 416K, 77% free 1439K/6019K, paused 5ms+1ms
06-07 13:41:59.167 E/fbdev   ( 1032): Attention! GFLIP time out, force update gop ring buffer!
06-07 13:41:59.176 E/fbdev   ( 1032): Attention! GFLIP time out, force update gop ring buffer!
06-07 13:41:59.188 E/fbdev   ( 1032): Attention! GFLIP time out, force update gop ring buffer!
06-07 13:41:59.195 E/fbdev   ( 1032): Attention! GFLIP time out, force update gop ring buffer!
06-07 13:41:59.212 E/fbdev   ( 1032): Attention! GFLIP time out, force update gop ring buffer!
06-07 13:41:59.236 I/Easybus (22097): Easybus JNI_OnLoad success !
06-07 13:41:59.260 E/fbdev   ( 1032): Attention! GFLIP time out, force update gop ring buffer!
06-07 13:41:59.279 D/MonitorCw880(22097): MonitorCw880 OnCreat
06-07 13:41:59.279 W/WimoApp (22097): 
06-07 13:41:59.279 W/WimoApp (22097):  I[48211.071053] [SD_CTL_TASK] send msg to IMAN: msgid=0x150a. ret = 0
nit sem_lib_refe[48211.078505] CW880 :rtsk=0x17, stsk=0x15,msgid=0x150b,msglen=4
rrence success!.
06-07 13:41:59.287 E/fbdev   ( 1032): Attention! GFLIP time ou[48211.090770] [SD_CTL_TASK] send msg to IMAN: msgid=0x513. ret = 0
t, force update gop ring buffer!
06-07 13:41:59.287 I/MonitorCw880(22097): SystemPropertiesClass:class android.[48211.106348] CW880 :rtsk=0x17, stsk=0x15,msgid=0x1509,msglen=4
os.SystemProperties
06-07 13:41:59.287 W/MonitorCw880(22097): ~~~~~~~~~~~~~~~~~~~~~~method:public static java.lang.String android.os.SystemProperties.get(java.lang.String,java.lang.String)
06-07 13:41:59.287 W/MonitorCw880(22097): getProperties sys.cw880.ready return value:true
06-07 13:41:59.291 D/MonitorCw880(22097): CW880Boot() -> cw880Ready=true
06-07 13:41:59.291 W/WimoApp (22097): Q to be created is for module index:23,pid=22097
06-07 13:41:59.291 W/WimoApp (22097): Q_Addr is:0x1001701
06-07 13:41:59.291 W/WimoApp (22097): 
06-07 13:41:59.291 W/WimoApp (22097):  [U_MSGQ]create msgq for module(id=23) succeed!
06-07 13:41:59.291 W/WimoApp (22097): 
06-07 13:41:59.291 W/WimoApp (22097):  [WIM_M]send IMAN_STREAM_GOING_CHECK toMODULE(21) succeed!
06-07 13:41:59.307 E/fbdev   ( 1032): Attention! GFLIP time out, force update gop ring buffer!
06-07 13:41:59.307 W/WimoApp (22097): 
06-07 13:41:59.307 W/WimoApp (22097):  [APK]Received IMAN_STREAM_GOING_REPLY msg!
06-07 13:41:59.307 W/WimoApp (22097): Q to be created is for module index:23,pid=22097
06-07 13:41:59.307 W/WimoApp (22097): Q_Addr is:0x1001701
06-07 13:41:59.307 W/WimoApp (22097): 
06-07 13:41:59.307 W/WimoApp (22097):  [U_MSGQ]create msgq for module(id=23) succeed!
06-07 13:41:59.307 W/WimoApp (22097): 
06-07 13:41:59.307 W/WimoApp (22097):  [WIM_M]send AP_MODULE_EXIT toMODULE(21) succeed!
06-07 13:41:59.336 E/fbdev   ( 1032): Attention! GFLIP time out, force update gop ring buffer!
06-07 13:41:59.336 W/WimoApp (22097): 
06-07 13:41:59.336 W/WimoApp (22097):  [APK]Received IMAN_STREAM_STOPED msg!
06-07 13:41:59.336 V/Cw880jni(22097): [419]===cw_api_stream_stop back = 0 
06-07 13:41:59.336 D/MonitorCw880(22097): cw880 is streaming And cw880 is startuped -> StopCw880() return=7
06-07 13:41:59.340 I/MonitorCw880(22097): easybusAttach success !
06-07 13:41:59.340 I/MonitorCw880(22097): easyscreen -> easybusInterest success !
06-07 13:41:59.340 I/MonitorCw880(22097): easyheartbeat -> easybusInterest success !
06-07 13:41:59.344 D/MonitorCw880(22097): MonitorCw880 OnStart
06-07 13:41:59.347 E/fbdev   ( 1032): Attention! GFLIP time out, force update gop ring buffer!
06-07 13:41:59.363 E/fbdev   ( 1032): Attention! GFLIP time out, force update gop ring buffer!
06-07 13:41:59.380 E/fbdev   ( 1032): Attention! GFLIP time out, force update gop ring buffer!
06-07 13:41:59.392 D/dalvikvm( 1138): GC_CONCURRENT freed 484K, 76% free 1460K/6019K, paused 1ms+3ms
06-07 13:41:59.395 E/fbdev   ( 1032): Attention! GFLIP time out, force update gop ring buffer!
06-07 13:41:59.411 E/fbdev   ( 1032): Attention! GFLIP time out, force update gop ring buffer!
06-07 13:41:59.428 E/fbdev   ( 1032): Attention! GFLIP time out, force update gop ring buffer!
06-07 13:41:59.440 E/fbdev   ( 1032): Attention! GFLIP time out, force update gop ring buffer!
06-07 13:41:59.455 E/fbdev   ( 1032): Attention! GFLIP time out, force update gop ring buffer!
06-07 13:41:59.471 E/fbdev   ( 1032): Attention! GFLIP time out, force update gop ring buffer!
06-07 13:41:59.488 E/fbdev   ( 1032): Attention! GFLIP time out, force update gop ring buffer!
06-07 13:41:59.488 D/MainActivity( 1261): position = 2
06-07 13:41:59.500 E/fbdev   ( 1032): Attention! GFLIP time out, force update gop ring buffer!
06-07 13:41:59.515 E/fbdev   ( 1032): Attention! GFLIP time out, force update gop ring buffer!
06-07 13:41:59.531 E/fbdev   ( 1032): Attention! GFLIP time out, force update gop ring buffer!
06-07 13:41:59.548 E/fbdev   ( 1032): Attention! GFLIP time out, force update gop ring buffer!
06-07 13:41:59.560 E/fbdev   ( 1032): Attention! GFLIP time out, force update gop ring buffer!
06-07 13:41:59.567 D/dalvikvm( 1138): GC_CONCURRENT freed 523K, 76% free 1445K/6019K, paused 2ms+1ms
06-07 13:41:59.575 E/fbdev   ( 1032): Attention! GFLIP time out, force update gop r[48211.449566] accepted a http connect , new connect ip is  192.168.43.186
ing buffer!
06-[48211.456641]                           old connect ip is  192.168.43.237
07 13:41:59.591 [48211.464446]                                     but it isn't seted ip , so close it
E/fbdev   ( 1032): Attention! GFLIP time out, force update gop ring buffer!
06-07 13:41:59.608 E/fbdev   ( 1032): Attention! GFLIP time out, force update gop ring buffer!
06-07 13:41:59.620 E/fbdev   ( 1032): Attention! GFLIP time out, force update gop ring buffer!
06-07 13:41:59.632 D/dalvikvm( 1138): GC_CONCURRENT freed 516K, 77% free 1413K/6019K, paused 1ms+2ms
06-07 13:41:59.635 E/fbdev   ( 1032): Attention! GFLIP time out, force update gop ring buffer!
06-07 13:41:59.651 E/fbdev   ( 1032): Attention! GFLIP time out, force update gop ring buffer!
06-07 13:41:59.668 E/fbdev   ( 1032): Attention! GFLIP time out, force update gop ring buffer!
06-07 13:41:59.700 E/fbdev   ( 1032): Attention! GFLIP time out, force update gop ring buffer!
06-07 13:41:59.712 E/fbdev   ( 1032): Attention! GFLIP time out, force update gop ring buffer!
06-07 13:41:59.731 E/fbdev   ( 1032): Attention! GFLIP time out, force update gop ring buffer!
06-07 13:41:59.743 E/fbdev   ( 1032): Attention! GFLIP time out, force update gop ring buffer!
06-07 13:41:59.755 D/dalvikvm( 1138): GC_CONCURRENT freed 476K, 78% free 1351K/6019K, paused 1ms+1ms
06-07 13:41:59.760 E/fbdev   ( 1032): Attention! GFLIP time out, force update gop ring buffer!
06-07 13:41:59.772 E/fbdev   ( 1032): Attention! GFLIP time out, force update gop ring buffer!
06-07 13:41:59.791 E/fbdev   ( 1032): Attention! GFLIP time out, force update gop ring buffer!
06-07 13:41:59.803 E/fbdev   ( 1032): Attention! GFLIP time out, force update gop ring buffer!
06-07 13:41:59.820 E/fbdev   ( 1032): Attention! GFLIP time out, force update gop ring buffer!
06-07 13:41:59.832 E/fbdev   ( 1032): Attention! GFLIP time out, force update gop ring buffer!
06-07 13:41:59.851 E/fbdev   ( 1032): Attention! GFLIP time out, force update gop ring buffer!
06-07 13:41:59.863 E/fbdev   ( 1032): Attention! GFLIP time out, force update gop ring buffer!
06-07 13:41:59.883 E/fbdev   ( 1032): Attention! GFLIP time out, force update gop ring buffer!
06-07 13:41:59.892 E/fbdev   ( 1032): Attention! GFLIP time out, force update gop ring buffer!
06-07 13:41:59.911 E/fbdev   ( 1032): Attention! GFLIP time out, force update gop ring buffer!
06-07 13:41:59.916 D/dalvikvm( 1138): GC_CONCURRENT freed 414K, 77% free 1431K/6019K, paused 1ms+2ms
06-07 13:41:59.923 E/fbdev   ( 1032): Attention! GFLIP time out, force update gop ring buffer!
06-07 13:41:59.940 E/fbdev   ( 1032): Attention! GFLIP time out, force update gop ring buffer!
06-07 13:41:59.952 E/fbdev   ( 1032): Attention! GFLIP time out, force update gop ring buffer!
06-07 13:41:59.971 D/dalvikvm( 1138): GC_CONCURRENT freed 498K, 77% free 1438K/6019K, paused 1ms+1ms
06-07 13:41:59.979 D/dhcpcd  (17247): sending DHCP_DISCOVER with xid 0x3248358e, next in 64.44 seconds
06-07 13:42:00.043 E/fbdev   ( 1032): Attention! GFLIP time out, force update gop ring buffer!
06-07 13:42:00.120 D/dalvikvm( 1138): GC_CONCURRENT freed 484K, 77% free 1415K/6019K, paused 1ms+1ms
[48211.992808] accepted a http connect , new connect ip is  192.168.43.186
[48211.999628]                           old connect ip is  192.168.43.237
[48212.006285]                                     but it isn't seted ip , so close it
06-07 13:42:00.243 E/fbdev   ( 1032): Attention! GFLIP time out, force update gop ring buffer!
06-07 13:42:00.255 E/fbdev   ( 1032): Attention! GFLIP time out, force update gop ring buffer!
06-07 13:42:00.271 E/fbdev   ( 1032): Attention! GFLIP time out, force update gop ring buffer!
06-07 13:42:00.283 E/fbdev   ( 1032): Attention! GFLIP time out, force update gop ring buffer!
06-07 13:42:00.295 E/fbdev   ( 1032): Attention! GFLIP time out, force update gop ring buffer!
06-07 13:42:00.307 D/dalvikvm( 1138): GC_CONCURRENT freed 482K, 78% free 1333K/6019K, paused 1ms+7ms
06-07 13:42:00.312 E/fbdev   ( 1032): Attention! GFLIP time out, force update gop ring buffer!
06-07 13:42:00.327 E/fbdev   ( 1032): Attention! GFLIP time out, force update gop ring buffer!
06-07 13:42:00.343 E/fbdev   ( 1032): Attention! GFLIP time out, force update gop ring buffer!
06-07 13:42:00.355 E/fbdev   ( 1032): Attention! GFLIP time out, force update gop ring buffer!
06-07 13:42:00.372 E/fbdev   ( 1032): Attention! GFLIP time out, force update gop ring buffer!
06-07 13:42:00.384 E/fbdev   ( 1032): Attention! GFLIP time out, force update gop ring buffer!
06-07 13:42:00.396 E/fbdev   ( 1032): Attention! GFLIP time out, force update gop ring buffer!
06-07 13:42:00.408 E/fbdev   ( 1032): Attention! GFLIP time out, force update gop ring buffer!
06-07 13:42:00.420 E/fbdev   ( 1032): Attention! GFLIP time out, force update gop ring buffer!
06-07 13:42:00.427 E/fbdev   ( 1032): Attention! GFLIP time out, force update gop ring buffer!
06-07 13:42:00.444 E/fbdev   ( 1032): Attention! GFLIP time out, force update gop ring buffer!
06-07 13:42:00.459 E/fbdev   ( 1032): Attention! GFLIP time out, force update gop ring buffer!
06-07 13:42:00.471 E/fbdev   ( 1032): Attention! GFLIP time out, force update gop ring buffer!
06-07 13:42:00.487 E/fbdev   ( 1032): Attention! GFLIP time out, force update gop ring buffer!
06-07 13:42:00.504 E/fbdev   ( 1032): Attention! GFLIP time out, force update gop ring buffer!
06-07 13:42:00.516 E/fbdev   ( 1032): Attention! GFLIP time out, force update gop ring buffer!
06-07 13:42:00.531 E/fbdev   ( 1032): Attention! GFLIP time out, force update gop ring buffer!
06-07 13:42:00.535 D/dalvikvm( 1138): GC_CONCURRENT freed 379K, 77% free 1413K/6019K, paused 5ms+1ms
06-07 13:42:00.547 E/fbdev   ( 1032): Attention! GFLIP time out, force update gop ring buffer!
06-07 13:42:00.564 E/fbdev   ( 1032): Attention! GFLIP time out, force update gop ring buffer!
06-07 13:42:00.579 E/fbdev   ( 1032): Attention! GFLIP time out, force update gop ring buffer!
06-07 13:42:00.591 E/fbdev   ( 1032): Attention! GFLIP time out, force update gop ring buffer!
06-07 13:42:00.607 E/fbdev   ( 1032): Attention! GFLIP time out, force update gop ring buffer!
06-07 13:42:00.624 E/fbdev   ( 1032): Attention! GFLIP time out, force update gop ring buffer!
06-07 13:42:00.639 E/fbdev   ( 1032): Attention! GFLIP time out, force update gop ring buffer!
06-07 13:42:00.651 E/fbdev   ( 1032): Attention! GFLIP time out, force update gop ring buffer!
06-07 13:42:00.667 E/fbdev   ( 1032): Attention! GFLIP time out, force update gop ring buffer!
06-07 13:42:00.684 E/fbdev   ( 1032): Attention! GFLIP time out, force update gop ring buffer!
06-07 13:42:00.696 D/dalvikvm( 1138): GC_CONCURRENT freed 477K, 78% free 1347K/6019K, paused 1ms+1ms
06-07 13:42:00.699 E/fbdev   ( 1032): Attention! GFLIP time out, force update gop ring buffer!
06-07 13:42:00.711 E/fbdev   ( 1032): Attention! GFLIP time out, force update gop ring buffer!
06-07 13:42:00.727 E/fbdev   ( 1032): Attention! GFLIP time out, force update go[48212.520189] accepted a http connect , new connect ip is  192.168.43.186
p ring buffer!
[48212.528298]                           old connect ip is  192.168.43.237
[48212.536192]                                     but it isn't seted ip , so close it
06-07 13:42:00.763 E/fbdev   ( 1032): Attention! GFLIP time out, force update gop ring buffer!
06-07 13:42:00.768 D/MainActivity( 1261): position = 1
06-07 13:42:00.772 E/fbdev   ( 1032): Attention! GFLIP time out, force update gop ring buffer!
06-07 13:42:00.791 E/fbdev   ( 1032): Attention! GFLIP time out, force update gop ring buffer!
06-07 13:42:00.803 E/fbdev   ( 1032): Attention! GFLIP time out, force update gop ring buffer!
06-07 13:42:00.807 D/dalvikvm( 1138): GC_CONCURRENT freed 422K, 78% free 1348K/6019K, paused 11ms+1ms
06-07 13:42:00.819 E/fbdev   ( 1032): Attention! GFLIP time out, force update gop ring buffer!
06-07 13:42:00.831 E/fbdev   ( 1032): Attention! GFLIP time out, force update gop ring buffer!
06-07 13:42:00.851 E/fbdev   ( 1032): Attention! GFLIP time out, force update gop ring buffer!
06-07 13:42:00.863 E/fbdev   ( 1032): Attention! GFLIP time out, force update gop ring buffer!
06-07 13:42:00.887 E/fbdev   ( 1032): Attention! GFLIP time out, force update gop ring buffer!
06-07 13:42:00.896 E/fbdev   ( 1032): Attention! GFLIP time out, force update gop ring buffer!
06-07 13:42:00.915 E/fbdev   ( 1032): Attention! GFLIP time out, force update gop ring buffer!
06-07 13:42:00.927 E/fbdev   ( 1032): Attention! GFLIP time out, force update gop ring buffer!
06-07 13:42:00.944 E/fbdev   ( 1032): Attention! GFLIP time out, force update gop ring buffer!
06-07 13:42:00.956 E/fbdev   ( 1032): Attention! GFLIP time out, force update gop ring buffer!
06-07 13:42:00.975 E/fbdev   ( 1032): Attention! GFLIP time out, force update gop ring buffer!
06-07 13:42:00.992 E/fbdev   ( 1032): Attention! GFLIP time out, force update gop ring buffer!
06-07 13:42:01.004 E/fbdev   ( 1032): Attention! GFLIP time out, force update gop ring buffer!
06-07 13:42:01.016 D/dalvikvm( 1138): GC_CONCURRENT freed 419K, 77% free 1440K/6019K, paused 1ms+1ms
06-07 13:42:01.019 E/fbdev   ( 1032): Attention! GFLIP time out, force update gop ring buffer!
06-07 13:42:01.035 E/fbdev   ( 1032): Attention! GFLIP time out, force update gop ring buffer!
06-07 13:42:01.047 E/fbdev   ( 1032): Attention! GFLIP time out, force update gop ring buffer!
06-07 13:42:01.064 E/fbdev   ( 1032): Attention! GFLIP time out, force update gop ring buffer!
06-07 13:42:01.079 E/fbdev   ( 1032): Attention! GFLIP time out, force update gop ring buffer!
06-07 13:42:01.091 E/fbdev   ( 1032): Attention! GFLIP time out, force update gop ring buffer!
06-07 13:42:01.107 E/fbdev   ( 1032): Attention! GFLIP time out, force update gop ring buffer!
06-07 13:42:01.124 E/fbdev   ( 1032): Attention! GFLIP time out, force update gop ring buffer!
06-07 13:42:01.136 E/fbdev   ( 1032): Attention! GFLIP time out, force update gop ring buffer!
06-07 13:42:01.151 E/fbdev   ( 1032): Attention! GFLIP time out, force update gop ring buffer!
06-07 13:42:01.167 E/fbdev   ( 1032): Attention! GFLIP time out, force update gop ring buffer!
06-07 13:42:01.184 E/fbdev   ( 1032): Attention! GFLIP time out, force update gop ring buffer!
06-07 13:42:01.199 E/fbdev   ( 1032): Attention! GFLIP time out, force update gop ring buffer!
06-07 13:42:01.215 E/fbdev   ( 1032): Attention! GFLIP time out, force update gop ring buffer!
06-07 13:42:01.232 E/fbdev   ( 1032): Attention! GFLIP time out, force update gop ring buffer!
06-07 13:42:01.244 E/fbdev   ( 1032): Attention! GFLIP time out, force update gop ring buffer!
06-07 13:42:01.251 E/fbdev   ( 1032): Attention! GFLIP time out, force update gop ring buffer!
06-07 13:42:01.268 E/fbdev   ( 1032): Attention! GFLIP time out, force update gop ring buffer!
[48213.061020] accepted a http connect , new connect ip is  192.168.43.186
[48213.067855]                           old connect ip is  192.168.43.237
[48213.074542]                                     but it isn't seted ip , so close it
06-07 13:42:01.300 E/fbdev   ( 1032): Attention! GFLIP time out, force update gop ring buffer!
06-07 13:42:01.311 E/fbdev   ( 1032): Attention! GFLIP time out, force update gop ring buffer!
06-07 13:42:01.320 E/fbdev   ( 1032): Attention! GFLIP time out, force update gop ring buffer!
06-07 13:42:01.323 D/dalvikvm( 1138): GC_CONCURRENT freed 517K, 77% free 1399K/6019K, paused 3ms+17ms
06-07 13:42:01.332 E/fbdev   ( 1032): Attention! GFLIP time out, force update gop ring buffer!
06-07 13:42:01.347 E/fbdev   ( 1032): Attention! GFLIP time out, force update gop ring buffer!
06-07 13:42:01.359 E/fbdev   ( 1032): Attention! GFLIP time out, force update gop ring buffer!
06-07 13:42:01.375 E/fbdev   ( 1032): Attention! GFLIP time out, force update gop ring buffer!
06-07 13:42:01.383 E/fbdev   ( 1032): Attention! GFLIP time out, force update gop ring buffer!
06-07 13:42:01.395 E/fbdev   ( 1032): Attention! GFLIP time out, force update gop ring buffer!
06-07 13:42:01.407 E/fbdev   ( 1032): Attention! GFLIP time out, force update gop ring buffer!
06-07 13:42:01.416 E/fbdev   ( 1032): Attention! GFLIP time out, force update gop ring buffer!
06-07 13:42:01.435 E/fbdev   ( 1032): Attention! GFLIP time out, force update gop ring buffer!
06-07 13:42:01.447 E/fbdev   ( 1032): Attention! GFLIP time out, force update gop ring buffer!
06-07 13:42:01.459 E/fbdev   ( 1032): Attention! GFLIP time out, force update gop ring buffer!
06-07 13:42:01.476 E/fbdev   ( 1032): Attention! GFLIP time out, force update gop ring buffer!
06-07 13:42:01.488 E/fbdev   ( 1032): Attention! GFLIP time out, force update gop ring buffer!
06-07 13:42:01.507 E/fbdev   ( 1032): Attention! GFLIP time out, force update gop ring buffer!
06-07 13:42:01.507 D/dalvikvm( 1138): GC_CONCURRENT freed 474K, 78% free 1348K/6019K, paused 1ms+1ms
06-07 13:42:01.519 E/fbdev   ( 1032): Attention! GFLIP time out, force update gop ring buffer!
06-07 13:42:01.539 E/fbdev   ( 1032): Attention! GFLIP time out, force update gop ring buffer!
06-07 13:42:01.551 E/fbdev   ( 1032): Attention! GFLIP time out, force update gop ring buffer!
06-07 13:42:01.572 E/fbdev   ( 1032): Attention! GFLIP time out, force update gop ring buffer!
06-07 13:42:01.584 E/fbdev   ( 1032): Attention! GFLIP time out, force update gop ring buffer!
06-07 13:42:01.603 E/fbdev   ( 1032): Attention! GFLIP time out, force update gop ring buffer!
06-07 13:42:01.615 E/fbdev   ( 1032): Attention! GFLIP time out, force update gop ring buffer!
06-07 13:42:01.635 E/fbdev   ( 1032): Attention! GFLIP time out, force update gop ring buffer!
06-07 13:42:01.647 E/fbdev   ( 1032): Attention! GFLIP time out, force update gop ring buffer!
06-07 13:42:01.668 E/fbdev   ( 1032): Attention! GFLIP time out, force update gop ring buffer!
06-07 13:42:01.683 E/fbdev   ( 1032): Attention! GFLIP time out, force update gop ring buffer!
06-07 13:42:01.699 E/fbdev   ( 1032): Attention! GFLIP time out, force update gop ring buffer!
06-07 13:42:01.716 E/fbdev   ( 1032): Attention! GFLIP time out, force update gop ring buffer!
06-07 13:42:01.731 E/fbdev   ( 1032): Attention! GFLIP time out, force update gop ring buffer!
06-07 13:42:01.735 D/MainActivity( 1261): position = 0
06-07 13:42:01.747 E/fbdev   ( 1032): Attention! GFLIP time out, force update gop ring buffer!
06-07 13:42:01.767 E/fbdev   ( 1032): Attention! GFLIP time out, force update gop ring buffer!
06-07 13:42:01.779 E/fbdev   ( 1032): Attention! GFLIP time out, force update gop ring buffer!
06-07 13:42:01.779 D/dalvikvm( 1138): GC_CONCURRENT freed 418K, 77% free 1425K/6019K, paused 1ms+1ms
06-07 13:42:01.800 E/fbdev   ( 1032): Attention! GFLIP time out, force update gop ring buffer!
06-07 13:42:01.812 E/fbdev   ( 1032): Attention! GFLIP time out, force update gop ring buffer!
[48213.613992] accepted a http connect , new connect ip is  192.168.43.186
06-07 13:42:01.8[48213.620838]                           old connect ip is  192.168.43.237
31 E/fbdev   ( 1[48213.628851]                                     but it isn't seted ip , so close it
032): Attention! GFLIP time out, force update gop ring buffer!
06-07 13:42:01.864 E/fbdev   ( 1032): Attention! GFLIP time out, force update gop ring buffer!
06-07 13:42:01.876 E/fbdev   ( 1032): Attention! GFLIP time out, force update gop ring buffer!
06-07 13:42:01.895 E/fbdev   ( 1032): Attention! GFLIP time out, force update gop ring buffer!
06-07 13:42:01.912 E/fbdev   ( 1032): Attention! GFLIP time out, force update gop ring buffer!
06-07 13:42:01.927 E/fbdev   ( 1032): Attention! GFLIP time out, force update gop ring buffer!
06-07 13:42:01.943 E/fbdev   ( 1032): Attention! GFLIP time out, force update gop ring buffer!
06-07 13:42:01.955 D/dalvikvm( 1138): GC_CONCURRENT freed 490K, 77% free 1413K/6019K, paused 1ms+3ms
06-07 13:42:01.963 E/fbdev   ( 1032): Attention! GFLIP time out, force update gop ring buffer!
06-07 13:42:01.975 E/fbdev   ( 1032): Attention! GFLIP time out, force update gop ring buffer!
06-07 13:42:01.996 E/fbdev   ( 1032): Attention! GFLIP time out, force update gop ring buffer!
06-07 13:42:02.008 E/fbdev   ( 1032): Attention! GFLIP time out, force update gop ring buffer!
06-07 13:42:02.027 E/fbdev   ( 1032): Attention! GFLIP time out, force update gop ring buffer!
06-07 13:42:02.039 E/fbdev   ( 1032): Attention! GFLIP time out, force update gop ring buffer!
06-07 13:42:02.059 E/fbdev   ( 1032): Attention! GFLIP time out, force update gop ring buffer!
06-07 13:42:02.071 E/fbdev   ( 1032): Attention! GFLIP time out, force update gop ring buffer!
06-07 13:42:02.092 E/fbdev   ( 1032): Attention! GFLIP time out, force update gop ring buffer!
06-07 13:42:02.104 E/fbdev   ( 1032): Attention! GFLIP time out, force update gop ring buffer!
06-07 13:42:02.119 D/dalvikvm( 1138): GC_CONCURRENT freed 475K, 78% free 1376K/6019K, paused 0ms+1ms
06-07 13:42:02.123 E/fbdev   ( 1032): Attention! GFLIP time out, force update gop ring buffer!
06-07 13:42:02.135 E/fbdev   ( 1032): Attention! GFLIP time out, force update gop ring buffer!
06-07 13:42:02.155 E/fbdev   ( 1032): Attention! GFLIP time out, force update gop ring buffer!
06-07 13:42:02.167 E/fbdev   ( 1032): Attention! GFLIP time out, force update gop ring buffer!
06-07 13:42:02.188 E/fbdev   ( 1032): Attention! GFLIP time out, force update gop ring buffer!
06-07 13:42:02.195 E/fbdev   ( 1032): Attention! GFLIP time out, force update gop ring buffer!
06-07 13:42:02.347 E/fbdev   ( 1032): Attention! GFLIP time out, force update gop ring buffer!
06-07 13:42:02.356 E/fbdev   ( 1032): Attention! GFLIP time out, force update gop ring buffer!
06-07 13:42:02.371 E/fbdev   ( 1032): Attention! GFLIP time out, force update gop ring buffer!
06-07 13:42:02.371 D/dalvikvm( 1138): GC_CONCURRENT freed 444K, [48214.165333] accepted a http connect , new connect ip is  192.168.43.186
78% free 1342K/6[48214.173379]                           old connect ip is  192.168.43.237
019K, paused 2ms[48214.181377]                                     but it isn't seted ip , so close it
+1ms
06-07 13:42:02.407 E/fbdev   ( 1032): Attention! GFLIP time out, force update gop ring buffer!
06-07 13:42:02.420 E/fbdev   ( 1032): Attention! GFLIP time out, force update gop ring buffer!
06-07 13:42:02.432 E/fbdev   ( 1032): Attention! GFLIP time out, force update gop ring buffer!
06-07 13:42:02.439 E/fbdev   ( 1032): Attention! GFLIP time out, force update gop ring buffer!
06-07 13:42:02.451 E/fbdev   ( 1032): Attention! GFLIP time out, force update gop ring buffer!
06-07 13:42:02.471 E/fbdev   ( 1032): Attention! GFLIP time out, force update gop ring buffer!
06-07 13:42:02.487 E/fbdev   ( 1032): Attention! GFLIP time out, force update gop ring buffer!
06-07 13:42:02.499 E/fbdev   ( 1032): Attention! GFLIP time out, force update gop ring buffer!
06-07 13:42:02.519 E/fbdev   ( 1032): Attention! GFLIP time out, force update gop ring buffer!
06-07 13:42:02.531 E/fbdev   ( 1032): Attention! GFLIP time out, force update gop ring buffer!
06-07 13:42:02.552 E/fbdev   ( 1032): Attention! GFLIP time out, force update gop ring buffer!
06-07 13:42:02.559 D/dalvikvm( 1138): GC_CONCURRENT freed 409K, 78% free 1328K/6019K, paused 2ms+1ms
06-07 13:42:02.567 E/fbdev   ( 1032): Attention! GFLIP time out, force update gop ring buffer!
06-07 13:42:02.583 E/fbdev   ( 1032): Attention! GFLIP time out, force update gop ring buffer!
06-07 13:42:02.600 E/fbdev   ( 1032): Attention! GFLIP time out, force update gop ring buffer!
06-07 13:42:02.615 E/fbdev   ( 1032): Attention! GFLIP time out, force update gop ring buffer!
06-07 13:42:02.631 E/fbdev   ( 1032): Attention! GFLIP time out, force update gop ring buffer!
06-07 13:42:02.648 E/fbdev   ( 1032): Attention! GFLIP time out, force update gop ring buffer!
06-07 13:42:02.663 E/fbdev   ( 1032): Attention! GFLIP time out, force update gop ring buffer!
06-07 13:42:02.679 E/fbdev   ( 1032): Attention! GFLIP time out, force update gop ring buffer!
06-07 13:42:02.696 E/fbdev   ( 1032): Attention! GFLIP time out, force update gop ring buffer!
06-07 13:42:02.711 E/fbdev   ( 1032): Attention! GFLIP time out, force update gop ring buffer!
06-07 13:42:02.727 E/fbdev   ( 1032): Attention! GFLIP time out, force update gop ring buffer!
06-07 13:42:02.732 D/dalvikvm( 1138): GC_CONCURRENT freed 434K, 77% free 1394K/6019K, paused 1ms+1ms
06-07 13:42:02.747 E/fbdev   ( 1032): Attention! GFLIP time out, force update gop ring buffer!
06-07 13:42:02.759 E/fbdev   ( 1032): Attention! GFLIP time out, force update gop ring buffer!
06-07 13:42:02.780 E/fbdev   ( 1032): Attention! GFLIP time out, force update gop ring buffer!
06-07 13:42:02.792 E/fbdev   ( 1032): Attention! GFLIP time out, force update gop ring buffer!
06-07 13:42:02.807 E/fbdev   ( 1032): Attention! GFLIP time out, force update gop ring buffer!
06-07 13:42:02.823 E/fbdev   ( 1032): Attention! GFLIP time out, force update gop ring buffer!
06-07 13:42:02.843 E/fbdev   ( 1032): Attention! GFLIP time out, force update gop ring buffer!
06-07 13:42:02.855 E/fbdev   ( 1032): Attention! GFLIP time out, force update gop ring buffer!
06-07 13:42:02.876 E/fbdev   ( 1032): Attention! GFLIP time out, force update gop ring buffer!
06-07 13:42:02.883 D/dalvikvm( 1138): GC_CONCURRENT freed 473K, 79% free 1304K/6019K, paused 1ms+1ms
06-07 13:42:02.888 E/fbdev   ( 1032): Attention! GFLIP time out, force update gop ring buffer!
06-07 13:42:02.907 E/fbdev   ( 1032): Attention! GFLIP time out, force update gop ring buffer!
06-07 13:42:02.919 E/fbdev   ( 1032): Attention! GFLIP time out, force update gop ring buffer!
[48214.720611] accepted a http connect , new connect ip is  192.168.43.186
[48214.727396]                           old connect ip is  192.168.43.237
06-07 13:42:02.9[48214.734104]                                     but it isn't seted ip , so close it
39 E/fbdev   ( 1032): Attention! GFLIP time out, force update gop ring buffer!
06-07 13:42:02.967 E/fbdev   ( 1032): Attention! GFLIP time out, force update gop ring buffer!
06-07 13:42:02.975 E/fbdev   ( 1032): Attention! GFLIP time out, force update gop ring buffer!
06-07 13:42:03.011 E/dhcpcd  (17247): timed out
06-07 13:42:03.023 D/dhcpcd  (17247): executing `/system/etc/dhcpcd/dhcpcd-run-hooks', reason FAIL
06-07 13:42:03.248 D/dalvikvm( 1138): GC_CONCURRENT freed 380K, 78% free 1348K/6019K, paused 1ms+3ms
06-07 13:42:03.279 D/dhcpcd  (17247): broadcasting for a lease
06-07 13:42:03.279 D/dhcpcd  (17247): sending DHCP_DISCOVER with xid 0xb48703bb, next in 4.49 seconds
[48215.250827] accepted a http connect , new connect ip is  192.168.43.186
[48215.257575]                           old connect ip is  192.168.43.237
[48215.264236]                                     but it isn't seted ip , so close it
06-07 13:42:03.503 D/dalvikvm( 1138): GC_CONCURRENT freed 418K, 77% free 1384K/6019K, paused 2ms+1ms
06-07 13:42:03.647 D/dalvikvm( 1138): GC_CONCURRENT freed 449K, 78% free 1329K/6019K, paused 1ms+1ms
06-07 13:42:03.796 D/dalvikvm( 1138): GC_CONCURRENT freed 394K, 78% free 1328K/6019K, paused 1ms+1ms
06-07 13:42:03.935 D/dalvikvm( 1138): GC_CONCURRENT freed 394K, 78% free 1328K/6019K, paused 1ms+1ms
[48215.789190] accepted a http connect , new connect ip is  192.168.43.186
[48215.795943]                           old connect ip is  192.168.43.237
[48215.802624]                                     but it isn't seted ip , so close it
06-07 13:42:04.084 D/dalvikvm( 1138): GC_CONCURRENT freed 392K, 78% free 1328K/6019K, paused 1ms+1ms
06-07 13:42:04.235 D/dalvikvm( 1138): GC_CONCURRENT freed 391K, 78% free 1375K/6019K, paused 1ms+1ms
06-07 13:42:04.408 E/fbdev   ( 1032): Attention! GFLIP time out, force update gop ring buffer!
06-07 13:42:04.456 E/fbdev   ( 1032): Attention! GFLIP time out, force update gop ring buffer!
06-07 13:42:04.475 E/fbdev   ( 1032): Attention! GFLIP time out, force update gop ring buffer!
06-07 13:42:04.492 E/fbdev   ( 1032): Attention! GFLIP time out, force update gop ring buffer!
06-07 13:42:04.507 E/fbdev   ( 1032): Attention! GFLIP time out, force update gop ring buffer!
06-07 13:42:04.523 E/fbdev   ( 1032): Attention! GFLIP time out, force update gop ring buffer!
06-07 13:42:04.5[48216.322672] accepted a http connect , new connect ip is  192.168.43.186
40 D/dalvikvm( 1[48216.329623]                           old connect ip is  192.168.43.237
138): GC_CONCURR[48216.337531]                                     but it isn't seted ip , so close it
ENT freed 444K, 77% free 1409K/6019K, paused 5ms+2ms
06-07 13:42:04.540 E/fbdev   ( 1032): Attention! GFLIP time out, force update gop ring buffer!
06-07 13:42:04.576 E/fbdev   ( 1032): Attention! GFLIP time out, force update gop ring buffer!
06-07 13:42:04.595 E/fbdev   ( 1032): Attention! GFLIP time out, force update gop ring buffer!
06-07 13:42:04.607 E/fbdev   ( 1032): Attention! GFLIP time out, force update gop ring buffer!
06-07 13:42:04.624 E/fbdev   ( 1032): Attention! GFLIP time out, force update gop ring buffer!
06-07 13:42:04.643 E/fbdev   ( 1032): Attention! GFLIP time out, force update gop ring buffer!
06-07 13:42:04.660 E/fbdev   ( 1032): Attention! GFLIP time out, force update gop ring buffer!
06-07 13:42:04.675 E/fbdev   ( 1032): Attention! GFLIP time out, force update gop ring buffer!
06-07 13:42:04.687 E/fbdev   ( 1032): Attention! GFLIP time out, force update gop ring buffer!
06-07 13:42:04.708 E/fbdev   ( 1032): Attention! GFLIP time out, force update gop ring buffer!
06-07 13:42:04.720 E/fbdev   ( 1032): Attention! GFLIP time out, force update gop ring buffer!
06-07 13:42:04.739 E/fbdev   ( 1032): Attention! GFLIP time out, force update gop ring buffer!
06-07 13:42:04.756 E/fbdev   ( 1032): Attention! GFLIP time out, force update gop ring buffer!
06-07 13:42:04.771 E/fbdev   ( 1032): Attention! GFLIP time out, force update gop ring buffer!
06-07 13:42:04.787 E/fbdev   ( 1032): Attention! GFLIP time out, force update gop ring buffer!
06-07 13:42:04.799 D/dalvikvm( 1138): GC_CONCURRENT freed 477K, 75% free 1506K/6019K, paused 0ms+2ms
06-07 13:42:04.804 E/fbdev   ( 1032): Attention! GFLIP time out, force update gop ring buffer!
06-07 13:42:04.819 E/fbdev   ( 1032): Attention! GFLIP time out, force update gop ring buffer!
06-07 13:42:04.835 E/fbdev   ( 1032): Attention! GFLIP time out, force update gop ring buffer!
06-07 13:42:04.852 E/fbdev   ( 1032): Attention! GFLIP time out, force update gop ring buffer!
06-07 13:42:04.867 E/fbdev   ( 1032): Attention! GFLIP time out, force update gop ring buffer!
06-07 13:42:04.883 E/fbdev   ( 1032): Attention! GFLIP time out, force update gop ring buffer!
06-07 13:42:04.900 E/fbdev   ( 1032): Attention! GFLIP time out, force update gop ring buffer!
06-07 13:42:04.915 E/fbdev   ( 1032): Attention! GFLIP time out, force update gop ring buffer!
06-07 13:42:04.931 E/fbdev   ( 1032): Attention! GFLIP time out, force update gop ring buffer!
06-07 13:42:04.948 E/fbdev   ( 1032): Attention! GFLIP time out, force update gop ring buffer!
06-07 13:42:04.963 E/fbdev   ( 1032): Attention! GFLIP time out, force update gop ring buffer!
06-07 13:42:04.979 E/fbdev   ( 1032): Attention! GFLIP time out, force update gop ring buffer!
06-07 13:42:04.987 D/dalvikvm( 1138): GC_CONCURRENT freed 574K, 78% free 1330K/6019K, paused 1ms+1ms
06-07 13:42:04.996 E/fbdev   ( 1032): Attention! GFLIP time out, force update gop ring buffer!
06-07 13:42:05.011 E/fbdev   ( 1032): Attention! GFLIP time out, force update gop ring buffer!
06-07 13:42:05.027 E/fbdev   ( 1032): Attention! GFLIP time out, force update gop ring buffer!
06-07 13:42:05.044 E/fbdev   ( 1032): Attention! GFLIP time out, force update gop ring buffer!
06-07 13:42:05.063 E/fbdev   ( 1032): Attention! GFLIP time out, force update gop ring buffer!
06-07 13:42:05.071 D/dalvikvm( 1138): GC_CONCURRENT freed 393K, 77% free 1410K/6019K, paused 1ms+1ms
06-07 13:42:05.075 E/fbdev   ( 1032): Attention! GFLIP time out, force update gop ring buffer!
[48216.873244] accepted a http connect , new connect ip is  192.168.43.186
[48216.880138]                           old connect ip is  192.168.43.237
[48216.886798]                                     but it isn't seted ip , so close it
06-07 13:42:05.111 E/fbdev   ( 1032): Attention! GFLIP time out, force update gop ring buffer!
06-07 13:42:05.120 E/fbdev   ( 1032): Attention! GFLIP time out, force update gop ring buffer!
06-07 13:42:05.227 D/dalvikvm( 1138): GC_CONCURRENT freed 474K, 78% free 1372K/6019K, paused 1ms+1ms
06-07 13:42:05.371 D/dalvikvm( 1138): GC_CONCURRENT freed 435K, 78% free 1375K/6019K, paused 0ms+1ms
06-07 13:42:05.623 D/dalvikvm( 1138): GC_CONCURRENT freed 443K, 77% free 1442K/6019K, paused 1ms+1ms
[48217.463128] accepted a http connect , new connect ip is  192.168.43.186
[48217.469865]                           old connect ip is  192.168.43.237
[48217.476523]                                     but it isn't seted ip , so close it
06-07 13:42:05.779 D/dalvikvm( 1138): GC_CONCURRENT freed 516K, 76% free 1471K/6019K, paused 0ms+1ms
06-07 13:42:06.028 D/dalvikvm( 1138): GC_CONCURRENT freed 539K, 77% free 1443K/6019K, paused 0ms+1ms
06-07 13:42:06.184 D/dalvikvm( 1138): GC_CONCURRENT freed 519K, 77% free 1432K/6019K, paused 1ms+1ms
[48217.998682] accepted a http connect , new connect ip is  192.168.43.186
[48218.005407]                           old connect ip is  192.168.43.237
[48218.012058]                                     but it isn't seted ip , so close it
06-07 13:42:06.323 D/dalvikvm( 1138): GC_CONCURRENT freed 489K, 78% free 1330K/6019K, paused 0ms+1ms
06-07 13:42:06.579 D/dalvikvm( 1138): GC_CONCURRENT freed 404K, 77% free 1432K/6019K, paused 1ms+1ms
06-07 13:42:06.735 D/dalvikvm( 1[48218.524377] accepted a http connect , new connect ip is  192.168.43.186
138): GC_CONCURR[48218.531501]                           old connect ip is  192.168.43.237
ENT freed 490K, [48218.539453]                                     but it isn't seted ip , so close it
76% free 1454K/6019K, paused 1ms+1ms
06-07 13:42:06.879 D/dalvikvm( 1138): GC_CONCURRENT freed 516K, 78% free 1336K/6019K, paused 0ms+1ms
06-07 13:42:07.123 D/dalvikvm( 1138): GC_CONCURRENT freed 404K, 79% free 1317K/6019K, paused 1ms+1ms
[48219.059074] accepted a http connect , new connect ip is  192.168.43.186
[48219.065927]                           old connect ip is  192.168.43.237
[48219.072598]                                     but it isn't seted ip , so close it
06-07 13:42:07.275 D/dalvikvm( 1138): GC_CONCURRENT freed 395K, 78% free 1356K/6019K, paused 1ms+1ms
06-07 13:42:07.427 D/dalvikvm( 1138): GC_CONCURRENT freed 434K, 78% free 1325K/6019K, paused 1ms+1ms
06-07 13:42:07.580 D/dalvikvm( 1138): GC_CONCURRENT freed 394K, 78% free 1325K/6019K, paused 1ms+1ms
06-07 13:42:07.719 D/dalvikvm( 1138): GC_CONCURRENT freed 405K, 78% free 1329K/6019K, paused 2ms+1ms
06-07 13:42:07.772 D/dhcpcd  (17247): sending DHCP_DISCOVER with xid 0xb48703bb, next in 8.64 seconds
06-07 13:42:07.775 E/fbdev   ( 1032): Attention! GFLIP time out, force update gop ring buffer!
06-07 13:42:07.787 E/fbdev   ( 1032): Attention! GFLIP time out, force update gop ring buffer!
06-07 13:42:07.808 E/fbdev   ( 1032): Attention! GFLIP time out, force update gop ring buffer!
[48219.599201] accepted a http connect , new connect ip is  192.168.43.186
[48219.607297]                           old connect ip is  192.168.43.237
[48219.613988]                                     but it isn't seted ip , so close it
06-07 13:42:07.840 E/fbdev   ( 1032): Attention! GFLIP time out, force update gop ring buffer!
06-07 13:42:07.851 E/fbdev   ( 1032): Attention! GFLIP time out, force update gop ring buffer!
06-07 13:42:07.872 E/fbdev   ( 1032): Attention! GFLIP time out, force update gop ring buffer!
06-07 13:42:07.884 E/fbdev   ( 1032): Attention! GFLIP time out, force update gop ring buffer!
06-07 13:42:07.903 E/fbdev   ( 1032): Attention! GFLIP time out, force update gop ring buffer!
06-07 13:42:07.920 E/fbdev   ( 1032): Attention! GFLIP time out, force update gop ring buffer!
06-07 13:42:07.935 D/dalvikvm( 1138): GC_CONCURRENT freed 393K, 76% free 1448K/6019K, paused 1ms+1ms
06-07 13:42:07.935 E/fbdev   ( 1032): Attention! GFLIP time out, force update gop ring buffer!
06-07 13:42:07.951 E/fbdev   ( 1032): Attention! GFLIP time out, force update gop ring buffer!
06-07 13:42:07.968 E/fbdev   ( 1032): Attention! GFLIP time out, force update gop ring buffer!
06-07 13:42:07.980 D/HomePlayerLib( 1138): hostaddress count is 2
06-07 13:42:07.983 E/fbdev   ( 1032): Attention! GFLIP time out, force update gop ring buffer!
06-07 13:42:07.999 E/fbdev   ( 1032): Attention! GFLIP time out, force update gop ring buffer!
06-07 13:42:08.016 E/fbdev   ( 1032): Attention! GFLIP time out, force update gop ring buffer!
06-07 13:42:08.023 D/dalvikvm( 1138): GC_CONCURRENT freed 520K, 77% free 1439K/6019K, paused 1ms+1ms
06-07 13:42:08.031 E/fbdev   ( 1032): Attention! GFLIP time out, force update gop ring buffer!
06-07 13:42:08.047 E/fbdev   ( 1032): Attention! GFLIP time out, force update gop ring buffer!
06-07 13:42:08.071 E/fbdev   ( 1032): Attention! GFLIP time out, force update gop ring buffer!
06-07 13:42:08.079 E/fbdev   ( 1032): Attention! GFLIP time out, force update gop ring buffer!
06-07 13:42:08.107 D/dalvikvm( 1138): GC_CONCURRENT freed 507K, 76% free 1445K/6019K, paused 1ms+1ms
06-07 13:42:08.112 E/fbdev   ( 1032): Attention! GFLIP time out, force update gop ring buffer!
06-07 13:42:08.124 E/fbdev   ( 1032): Attention! GFLIP time out, force update gop ring buffer!
06-07 13:42:08.143 E/fbdev   ( 1032): Attention! GFLIP time out, force update gop ring buffer!
06-07 13:42:08.155 E/fbdev   ( 1032): Attention! GFLIP time out, force update gop ring buffer!
06-07 13:42:08.163 D/dalvikvm( 1138): GC_CONCURRENT freed 555K, 77% free 1393K/6019K, paused 0ms+1ms
06-07 13:42:08.175 E/fbdev   ( 1032): Attention! GFLIP time out, force update gop ring buffer!
06-07 13:42:08.187 E/fbdev   ( 1032): Attention! GFLIP time out, force update gop ring buffer!
06-07 13:42:08.208 E/fbdev   ( 1032): Attention! GFLIP time out, force update gop ring buffer!
06-07 13:42:08.220 E/fbdev   ( 1032): Attention! GFLIP time out, force update gop ring buffer!
06-07 13:42:08.232 D/dalvikvm( 1138): GC_CONCURRENT freed 459K, 79% free 1318K/6019K, paused 1ms+1ms
06-07 13:42:08.239 E/fbdev   ( 1032): Attention! GFLIP time out, force update gop ring buffer!
06-07 13:42:08.256 E/fbdev   ( 1032): Attention! GFLIP time out, force update gop ring buffer!
06-07 13:42:08.271 E/fbdev   ( 1032): Attention! GFLIP time out, force update gop ring buffer!
06-07 13:42:08.287 E/fbdev   ( 1032): Attention! GFLIP time out, force update gop ring buffer!
06-07 13:42:08.304 E/fbdev   ( 1032): Attention! GFLIP time out, force update gop ring buffer!
06-07 13:42:08.311 D/dalvikvm( 1138): GC_CONCURRENT freed 395K, 77% free 1435K/6019K, paused 1ms+2ms
06-07 13:42:08.319 E/fbdev   ( 1032): Attention! GFLIP time out, force update gop ring buffer!
06-07 13:42:08.335 E/fbdev   ( 1032): Attention! GFLIP time out, force update gop ring buffer!
06-07 13:42:08.352 E/fbdev   ( 1[48220.138957] accepted a http connect , new connect ip is  192.168.43.186
032): Attention![48220.146874]                           old connect ip is  192.168.43.237
 GFLIP time out,[48220.154776]                                     but it isn't seted ip , so close it
 force update gop ring buffer!
06-07 13:42:08.359 D/dalvikvm( 1138): GC_CONCURRENT freed 503K, 79% free 1317K/6019K, paused 1ms+1ms
06-07 13:42:08.391 E/fbdev   ( 1032): Attention! GFLIP time out, force update gop ring buffer!
06-07 13:42:08.403 E/fbdev   ( 1032): Attention! GFLIP time out, force update gop ring buffer!
06-07 13:42:08.424 E/fbdev   ( 1032): Attention! GFLIP time out, force update gop ring buffer!
06-07 13:42:08.436 E/fbdev   ( 1032): Attention! GFLIP time out, force update gop ring buffer!
06-07 13:42:08.455 E/fbdev   ( 1032): Attention! GFLIP time out, force update gop ring buffer!
06-07 13:42:08.467 E/fbdev   ( 1032): Attention! GFLIP time out, force update gop ring buffer!
06-07 13:42:08.487 E/fbdev   ( 1032): Attention! GFLIP time out, force update gop ring buffer!
06-07 13:42:08.496 D/dalvikvm( 1138): GC_CONCURRENT freed 385K, 76% free 1469K/6019K, paused 1ms+1ms
06-07 13:42:08.503 E/fbdev   ( 1032): Attention! GFLIP time out, force update gop ring buffer!
06-07 13:42:08.520 E/fbdev   ( 1032): Attention! GFLIP time out, force update gop ring buffer!
06-07 13:42:08.535 E/fbdev   ( 1032): Attention! GFLIP time out, force update gop ring buffer!
06-07 13:42:08.544 D/dalvikvm( 1138): GC_CONCURRENT freed 518K, 78% free 1364K/6019K, paused 1ms+1ms
06-07 13:42:08.551 E/fbdev   ( 1032): Attention! GFLIP time out, force update gop ring buffer!
06-07 13:42:08.568 E/fbdev   ( 1032): Attention! GFLIP time out, force update gop ring buffer!
06-07 13:42:08.583 E/fbdev   ( 1032): Attention! GFLIP time out, force update gop ring buffer!
06-07 13:42:08.599 E/fbdev   ( 1032): Attention! GFLIP time out, force update gop ring buffer!
06-07 13:42:08.616 E/fbdev   ( 1032): Attention! GFLIP time out, force update gop ring buffer!
06-07 13:42:08.631 E/fbdev   ( 1032): Attention! GFLIP time out, force update gop ring buffer!
06-07 13:42:08.640 D/dalvikvm( 1138): GC_CONCURRENT freed 428K, 78% free 1333K/6019K, paused 1ms+2ms
06-07 13:42:08.647 E/fbdev   ( 1032): Attention! GFLIP time out, force update gop ring buffer!
06-07 13:42:08.664 E/fbdev   ( 1032): Attention! GFLIP time out, force update gop ring buffer!
06-07 13:42:08.683 E/fbdev   ( 1032): Attention! GFLIP time out, force update gop ring buffer!
06-07 13:42:08.695 E/fbdev   ( 1032): Attention! GFLIP time out, force update gop ring buffer!
06-07 13:42:08.712 D/dalvikvm( 1138): GC_CONCURRENT freed 394K, 78% free 1332K/6019K, paused 2ms+1ms
06-07 13:42:08.715 E/fbdev   ( 1032): Attention! GFLIP time out, force update gop ring buffer!
06-07 13:42:08.727 E/fbdev   ( 1032): Attention! GFLIP time out, force update gop ring buffer!
06-07 13:42:08.748 E/fbdev   ( 1032): Attention! GFLIP time out, force update gop ring buffer!
06-07 13:42:08.760 E/fbdev   ( 1032): Attention! GFLIP time out, force update gop ring buffer!
06-07 13:42:08.779 E/fbdev   ( 1032): Attention! GFLIP time out, force update gop ring buffer!
06-07 13:42:08.791 E/fbdev   ( 1032): Attention! GFLIP time out, force update gop ring buffer!
06-07 13:42:08.799 D/dalvikvm( 1138): GC_CONCURRENT freed 394K, 78% free 1332K/6019K, paused 1ms+2ms
06-07 13:42:08.799 E/fbdev   ( 1032): Attention! GFLIP time out, force update gop ring buffer!
06-07 13:42:08.844 D/dalvikvm( 1138): GC_FOR_ALLOC freed 515K, 79% free 1316K/6019K, paused 10ms
06-07 13:42:08.863 D/dalvikvm( 1138): GC_CONCURRENT freed <1K, 78% free 1332K/6019K, paused 1ms+1ms
[48220.671899] accepted a http connect , new connect ip is  192.168.43.186
[48220.678685]                           old connect ip is  192.168.43.237
[48220.685342]                                     but it isn't seted ip , so close it
06-07 13:42:08.939 D/dalvikvm( 1138): GC_FOR_ALLOC freed 502K, 78% free 1326K/6019K, paused 10ms
06-07 13:42:08.963 D/dalvikvm( 1138): GC_CONCURRENT freed 1K, 77% free 1418K/6019K, paused 1ms+1ms
06-07 13:42:09.019 D/dalvikvm( 1138): GC_CONCURRENT freed 470K, 76% free 1459K/6019K, paused 0ms+1ms
06-07 13:42:09.088 D/dalvikvm( 1138): GC_CONCURRENT freed 535K, 77% free 1433K/6019K, paused 1ms+1ms
06-07 13:42:09.160 D/dalvikvm( 1138): GC_CONCURRENT freed 489K, 76% free 1456K/6019K, paused 0ms+1ms
06-07 13:42:09.247 D/dalvikvm( 1138): GC_CONCURRENT freed 516K, 77% free 1439K/6019K, paused 1ms+1ms
06-07 13:42:09.299 D/dalvikvm( 1138): GC_CONCURRENT freed 498K, 77% free 1440K/6019K, paused 1ms+1ms
06-07 13:42:09.388 D/dalvikvm( 1138): GC_CONCURRENT freed 504K, 77% free 1393K/6019K, paused 1ms+1ms
[48221.205030] accepted a http connect , new connect ip is  192.168.43.186
[48221.211783]                           old connect ip is  192.168.43.237
[48221.218447]                                     but it isn't seted ip , so close it
06-07 13:42:09.503 D/dalvikvm( 1138): GC_CONCURRENT freed 459K, 76% free 1446K/6019K, paused 1ms+1ms
06-07 13:42:09.560 D/dalvikvm( 1138): GC_CONCURRENT freed 516K, 76% free 1454K/6019K, paused 1ms+1ms
06-07 13:42:09.695 D/dalvikvm( 1138): GC_CONCURRENT freed 530K, 78% free 1332K/6019K, paused 1ms+1ms
06-07 13:42:09.743 D/dalvikvm( 1138): GC_CONCURRENT freed 372K, 76% free 1472K/6019K, paused 0ms+1ms
06-07 13:42:09.891 D/dalvikvm( 1138): GC_CONCURRENT freed 509K, 76% free 1472K/6019K, paused 1ms+1ms
[48221.738764] accepted a http connect , new connect ip is  192.168.43.186
[48221.745498]                           old connect ip is  192.168.43.237
[48221.752169]                                     but it isn't seted ip , so close it
06-07 13:42:10.039 D/dalvikvm( 1138): GC_CONCURRENT freed 552K, 77% free 1426K/6019K, paused 1ms+1ms
06-07 13:42:10.087 D/dalvikvm( 1138): GC_CONCURRENT freed 489K, 77% free 1436K/6019K, paused 1ms+1ms
06-07 13:42:10.203 D/dalvikvm( 1138): GC_CONCURRENT freed 502K, 78% free 1368K/6019K, paused 1ms+1ms
06-07 13:42:10.332 D/dalvikvm( 1138): GC_CONCURRENT freed 432K, 78% free 1329K/6019K, paused 1ms+1ms
06-07 13:42:10.380 D/dalvikvm( 1138): GC_CONCURRENT freed 390K, 76% free 1451K/6019K, paused 0ms+1ms
[48222.264372] accepted a http connect , new connect ip is  192.168.43.186
[48222.271127]                           old connect ip is  192.168.43.237
[48222.277812]                                     but it isn't seted ip , so close it
06-07 13:42:10.527 D/dalvikvm( 1138): GC_CONCURRENT freed 527K, 78% free 1368K/6019K, paused 1ms+1ms
06-07 13:42:10.568 D/dalvikvm( 1138): GC_CONCURRENT freed 433K, 78% free 1328K/6019K, paused 1ms+1ms
06-07 13:42:10.700 D/dalvikvm( 1138): GC_CONCURRENT freed 400K, 78% free 1326K/6019K, paused 1ms+1ms
06-07 13:42:10.803 D/dalvikvm( 1138): GC_CONCURRENT freed 395K, 78% free 1324K/6019K, paused 1ms+1ms
06-07 13:42:10.844 D/dalvikvm( 1138): GC_CONCURRENT freed 405K, 78% free 1328K/6019K, paused 1ms+1ms
06-07 13:42:10.964 D/dalvikvm( 1138): GC_CONCURRENT freed 394K, 78% free 1330K/6019K, paused 1ms+1ms
06-07 13:42:11.003 D/dalvikvm( 1138): GC_CONCURRENT freed 393K, 76% free 1457K/6019K, paused 1ms+1ms
[48222.798850] accepted a http connect , new connect ip is  192.168.43.186
[48222.805590]                           old connect ip is  192.168.43.237
[48222.812244]                                     but it isn't seted ip , so close it
06-07 13:42:11.135 D/dalvikvm( 1138): GC_CONCURRENT freed 525K, 77% free 1443K/6019K, paused 1ms+1ms
06-07 13:42:11.231 D/dalvikvm( 1138): GC_CONCURRENT freed 518K, 79% free 1317K/6019K, paused 1ms+1ms
06-07 13:42:11.291 D/dalvikvm( 1138): GC_CONCURRENT freed 395K, 77% free 1429K/6019K, paused 0ms+1ms
06-07 13:42:11.419 D/dalvikvm( 1138): GC_CONCURRENT freed 497K, 77% free 1442K/6019K, paused 1ms+1ms
[48223.324461] accepted a http connect , new connect ip is  192.168.43.186
[48223.331212]                           old connect ip is  192.168.43.237
[48223.337869]                                     but it isn't seted ip , so close it
06-07 13:42:11.599 D/dalvikvm( 1138): GC_CONCURRENT freed 517K, 77% free 1426K/6019K, paused 1ms+1ms
06-07 13:42:11.743 D/dalvikvm( 1138): GC_CONCURRENT freed 489K, 78% free 1335K/6019K, paused 1ms+1ms
06-07 13:42:11.995 D/dalvikvm( 1138): GC_CONCURRENT freed 405K, 77% free 1425K/6019K, paused 1ms+1ms
[48223.858874] accepted a http connect , new connect ip is  192.168.43.186
[48223.865600]                           old connect ip is  192.168.43.237
[48223.872289]                                     but it isn't seted ip , so close it
06-07 13:42:12.152 D/dalvikvm( 1138): GC_CONCURRENT freed 490K, 76% free 1496K/6019K, paused 0ms+1ms
06-07 13:42:12.395 D/dalvikvm( 1138): GC_CONCURRENT freed 565K, 79% free 1318K/6019K, paused 1ms+1ms
06-07 13:42:12.548 D/dalvikvm( 1138): GC_CONCURRENT freed 397K, 78% free 1324K/6019K, paused 1ms+2ms
[48224.384456] accepted a http connect , new connect ip is  192.168.43.186
[48224.391196]                           old connect ip is  192.168.43.237
[48224.397853]                                     but it isn't seted ip , so close it
06-07 13:42:12.700 D/dalvikvm( 1138): GC_CONCURRENT freed 394K, 78% free 1324K/6019K, paused 1ms+1ms
06-07 13:42:12.844 D/dalvikvm( 1138): GC_CONCURRENT freed 405K, 77% free 1384K/6019K, paused 1ms+1ms
06-07 13:42:12.991 D/dalvikvm( 1138): GC_CONCURRENT freed 460K, 78% free 1358K/6019K, paused 1ms+1ms
[48224.918909] accepted a http connect , new connect ip is  192.168.43.186
[48224.925688]                           old connect ip is  192.168.43.237
06-07 13:42:13.1[48224.932395]                                     but it isn't seted ip , so close it
39 D/dalvikvm( 1138): GC_CONCURRENT freed 437K, 79% free 1305K/6019K, paused 1ms+1ms
06-07 13:42:13.396 D/dalvikvm( 1138): GC_CONCURRENT freed 375K, 78% free 1342K/6019K, paused 1ms+1ms
06-07 13:42:13.535 D/dalvikvm( 1138): GC_CONCURRENT freed 409K, 78% free 1328K/6019K, paused 1ms+1ms
06-07 13:42:13.6[48225.458947] accepted a http connect , new connect ip is  192.168.43.186
72 D/dalvikvm( 1[48225.467027]                           old connect ip is  192.168.43.237
138): GC_CONCURR[48225.474950]                                     but it isn't seted ip , so close it
ENT freed 394K, 78% free 1328K/6019K, paused 1ms+1ms
06-07 13:42:13.780 E/fbdev   ( 1032): Attention! GFLIP time out, force update gop ring buffer!
06-07 13:42:13.792 E/fbdev   ( 1032): Attention! GFLIP time out, force update gop ring buffer!
06-07 13:42:13.811 E/fbdev   ( 1032): Attention! GFLIP time out, force update gop ring buffer!
06-07 13:42:13.823 E/fbdev   ( 1032): Attention! GFLIP time out, force update gop ring buffer!
06-07 13:42:13.843 E/fbdev   ( 1032): Attention! GFLIP time out, force update gop ring buffer!
06-07 13:42:13.847 D/dalvikvm( 1138): GC_CONCURRENT freed 394K, 78% free 1328K/6019K, paused 1ms+3ms
06-07 13:42:13.855 E/fbdev   ( 1032): Attention! GFLIP time out, force update gop ring buffer!
06-07 13:42:13.876 E/fbdev   ( 1032): Attention! GFLIP time out, force update gop ring buffer!
06-07 13:42:13.888 E/fbdev   ( 1032): Attention! GFLIP time out, force update gop ring buffer!
06-07 13:42:13.907 E/fbdev   ( 1032): Attention! GFLIP time out, force update gop ring buffer!
06-07 13:42:13.919 E/fbdev   ( 1032): Attention! GFLIP time out, force update gop ring buffer!
06-07 13:42:13.939 E/fbdev   ( 1032): Attention! GFLIP time out, force update gop ring buffer!
06-07 13:42:13.951 E/fbdev   ( 1032): Attention! GFLIP time out, force update gop ring buffer!
06-07 13:42:13.972 E/fbdev   ( 1032): Attention! GFLIP time out, force update gop ring buffer!
06-07 13:42:13.984 E/fbdev   ( 1032): Attention! GFLIP time out, force update gop ring buffer!
06-07 13:42:14.003 E/fbdev   ( 1032): Attention! GFLIP time out, force update gop ring buffer!
06-07 13:42:14.011 D/dalvikvm( 1138): GC_CONCURRENT freed 393K, 78% free 1329K/6019K, paused 1ms+1ms
06-07 13:42:14.020 E/fbdev   ( 1032): Attention! GFLIP time out, force update gop ring buffer!
06-07 13:42:14.035 E/fbdev   ( 1032): Attention! GFLIP time out, force update gop ring buffer!
06-07 13:42:14.051 E/fbdev   ( 1032): Attention! GFLIP time out, force update gop ring buffer!
06-07 13:42:14.068 E/fbdev   ( 1032): Attention! GFLIP time out, force update gop ring buffer!
06-07 13:42:14.080 E/fbdev   ( 1032): Attention! GFLIP time out, force update gop ring buffer!
06-07 13:42:14.107 E/fbdev   ( 1032): Attention! GFLIP time out, force update gop ring buffer!
06-07 13:42:14.123 E/fbdev   ( 1032): Attention! GFLIP time out, force update gop ring buffer!
06-07 13:42:14.140 E/fbdev   ( 1032): Attention! GFLIP time out, force update gop ring buffer!
06-07 13:42:14.155 E/fbdev   ( 1032): Attention! GFLIP time out, force update gop ring buffer!
06-07 13:42:14.176 E/fbdev   ( 1032): Attention! GFLIP time out, force update gop ring buffer!
06-07 13:42:14.183 D/dalvikvm( 1138): GC_CONCURRENT freed 392K, 77% free 1416K/6019K, paused 1ms+1ms
06-07 13:42:14.188 E/fbdev   ( 1032): Attention! GFLIP time out, force update gop ring buffer!
06-07 13:42:14.207 E/fbdev   ( 1032): Attention! GFLIP time out, force update gop ring buffer!
[48225.999047] accepted a http connect , new connect ip is  192.168.43.186
[48226.006863]                           old connect ip is  192.168.43.237
[48226.013535]                                     but it isn't seted ip , so close it
06-07 13:42:14.239 E/fbdev   ( 1032): Attention! GFLIP time out, force update gop ring buffer!
06-07 13:42:14.247 E/fbdev   ( 1032): Attention! GFLIP time out, force update gop ring buffer!
06-07 13:42:14.271 E/fbdev   ( 1032): Attention! GFLIP time out, force update gop ring buffer!
06-07 13:42:14.283 E/fbdev   ( 1032): Attention! GFLIP time out, force update gop ring buffer!
06-07 13:42:14.304 E/fbdev   ( 1032): Attention! GFLIP time out, force update gop ring buffer!
06-07 13:42:14.316 E/fbdev   ( 1032): Attention! GFLIP time out, force update gop ring buffer!
06-07 13:42:14.335 E/fbdev   ( 1032): Attention! GFLIP time out, force update gop ring buffer!
06-07 13:42:14.347 E/fbdev   ( 1032): Attention! GFLIP time out, force update gop ring buffer!
06-07 13:42:14.367 E/fbdev   ( 1032): Attention! GFLIP time out, force update gop ring buffer!
06-07 13:42:14.379 E/fbdev   ( 1032): Attention! GFLIP time out, force update gop ring buffer!
06-07 13:42:14.400 E/fbdev   ( 1032): Attention! GFLIP time out, force update gop ring buffer!
06-07 13:42:14.415 E/fbdev   ( 1032): Attention! GFLIP time out, force update gop ring buffer!
06-07 13:42:14.431 E/fbdev   ( 1032): Attention! GFLIP time out, force update gop ring buffer!
06-07 13:42:14.448 E/fbdev   ( 1032): Attention! GFLIP time out, force update gop ring buffer!
06-07 13:42:14.463 E/fbdev   ( 1032): Attention! GFLIP time out, force update gop ring buffer!
06-07 13:42:14.475 D/dalvikvm( 1138): GC_CONCURRENT freed 486K, 77% free 1442K/6019K, paused 1ms+1ms
06-07 13:42:14.479 E/fbdev   ( 1032): Attention! GFLIP time out, force update gop ring buffer!
06-07 13:42:14.496 E/fbdev   ( 1032): Attention! GFLIP time out, force update gop ring buffer!
06-07 13:42:14.511 E/fbdev   ( 1032): Attention! GFLIP time out, force update gop ring buffer!
06-07 13:42:14.527 E/fbdev   ( 1032): Attention! GFLIP time out, force update gop ring buffer!
06-07 13:42:14.544 E/fbdev   ( 1032): Attention! GFLIP time out, force update gop ring buffer!
06-07 13:42:14.559 E/fbdev   ( 1032): Attention! GFLIP time out, force update gop ring buffer!
06-07 13:42:14.575 E/fbdev   ( 1032): Attention! GFLIP time out, force update gop ring buffer!
06-07 13:42:14.595 E/fbdev   ( 1032): Attention! GFLIP time out, force update gop ring buffer!
06-07 13:42:14.607 E/fbdev   ( 1032): Attention! GFLIP time out, force update gop ring buffer!
06-07 13:42:14.628 E/fbdev   ( 1032): Attention! GFLIP time out, force update gop ring buffer!
06-07 13:42:14.640 E/fbdev   ( 1032): Attention! GFLIP time out, force update gop ring buffer!
06-07 13:42:14.643 D/dalvikvm( 1138): GC_CONCURRENT freed 517K, 78% free 1342K/6019K, paused 2ms+2ms
06-07 13:42:14.659 E/fbdev   ( 1032): Attention! GFLIP time out, force update gop ring buffer!
06-07 13:42:14.671 E/fbdev   ( 1032): Attention! GFLIP time out, force update gop ring buffer!
06-07 13:42:14.691 E/fbdev   ( 1032): Attention! GFLIP time out, force update gop ring buffer!
06-07 13:42:14.703 E/fbdev   ( 1032): Attention! GFLIP time out, force update gop ring buffer!
06-07 13:42:14.724 E/fbdev   ( 1032): Attention! GFLIP time out, force update gop ring buffer!
06-07 13:42:14.736 E/fbdev   ( 1032): Attention! GFLIP time out, force update gop ring buffer!
[48226.538956] accepted a http connect , new connect ip is  192.168.43.186
[48226.545749]                           old connect ip is  192.168.43.237
06-07 13:42:14.7[48226.552465]                                     but it isn't seted ip , so close it
55 E/fbdev   ( 1032): Attention! GFLIP time out, force update gop ring buffer!
06-07 13:42:14.787 E/fbdev   ( 1032): Attention! GFLIP time out, force update gop ring buffer!
06-07 13:42:14.803 E/fbdev   ( 1032): Attention! GFLIP time out, force update gop ring buffer!
06-07 13:42:14.815 D/dalvikvm( 1138): GC_CONCURRENT freed 406K, 78% free 1329K/6019K, paused 1ms+1ms
06-07 13:42:14.820 E/fbdev   ( 1032): Attention! GFLIP time out, force update gop ring buffer!
06-07 13:42:14.827 E/fbdev   ( 1032): Attention! GFLIP time out, force update gop ring buffer!
06-07 13:42:14.964 D/dalvikvm( 1138): GC_CONCURRENT freed 394K, 78% free 1329K/6019K, paused 1ms+0ms
06-07 13:42:15.108 D/dalvikvm( 1138): GC_CONCURRENT freed 393K, 78% free 1334K/6019K, paused 1ms+1ms
[48227.078801] accepted a http connect , new connect ip is  192.168.43.186
[48227.085528]                           old connect ip is  192.168.43.237
[48227.092177]                                     but it isn't seted ip , so close it
06-07 13:42:15.355 D/dalvikvm( 1138): GC_CONCURRENT freed 405K, 79% free 1317K/6019K, paused 1ms+1ms
06-07 13:42:15.508 D/dalvikvm( 1138): GC_CONCURRENT freed 394K, 77% free 1429K/6019K, paused 1ms+1ms
06-07 13:42:15.664 D/dalvikvm( 1138): GC_CONCURRENT freed 487K, 76% free 1454K/6019K, paused 0ms+1ms
[48227.604489] accepted a http connect , new connect ip is  192.168.43.186
[48227.611243]                           old connect ip is  192.168.43.237
[48227.617907]                                     but it isn't seted ip , so close it
06-07 13:42:15.919 D/dalvikvm( 1138): GC_CONCURRENT freed 526K, 77% free 1433K/6019K, paused 1ms+1ms
06-07 13:42:16.075 D/dalvikvm( 1138): GC_CONCURRENT freed 489K, 76% free 1455K/6019K, paused 1ms+1ms
06-07 13:42:16.219 D/dalvikvm( 1138): GC_CONCURRENT freed 513K, 78% free 1336K/6019K, paused 1ms+1ms
[48228.138727] accepted a http connect , new connect ip is  192.168.43.186
[48228.145452]                           old connect ip is  192.168.43.237
[48228.152112]                                     but it isn't seted ip , so close it
06-07 13:42:16.415 D/dhcpcd  (17247): sending DHCP_DISCOVER with xid 0xb48703bb, next in 15.68 seconds
06-07 13:42:16.471 D/dalvikvm( 1138): GC_CONCURRENT freed 405K, 77% free 1441K/6019K, paused 1ms+1ms
06-07 13:42:16.619 D/dalvikvm( 1138): GC_CONCURRENT freed 517K, 79% free 1309K/6019K, paused 1ms+1ms
06-07 13:42:16.768 D/dalvikvm( 1138): GC_CONCURRENT freed 366K, 77% free 1412K/6019K, paused 1ms+0ms
[48228.668806] accepted a http connect , new connect ip is  192.168.43.186
[48228.675618]                           old connect ip is  192.168.43.237
[48228.682349]                                     but it isn't seted ip , so close it
06-07 13:42:16.919 D/dalvikvm( 1138): GC_CONCURRENT freed 472K, 78% free 1335K/6019K, paused 1ms+1ms
06-07 13:42:17.168 D/dalvikvm( 1138): GC_CONCURRENT freed 404K, 79% free 1318K/6019K, paused 1ms+2ms
06-07 13:42:17.319 D/dalvikvm( 1138): GC_CONCURRENT freed 395K, 79% free 1315K/6019K, paused 1ms+1ms
^C
130|shell@android:/ # [48229.198824] accepted a http connect , new connect ip is  192.168.43.186
[48229.205560]                           old connect ip is  192.168.43.237
[48229.212257]                                     but it isn't seted ip , so close it
[48229.738660] accepted a http connect , new connect ip is  192.168.43.186
[48229.745395]                           old connect ip is  192.168.43.237
[48229.752070]                                     but it isn't seted ip , so close it
[48230.264202] accepted a http connect , new connect ip is  192.168.43.186
[48230.270954]                           old connect ip is  192.168.43.237
[48230.277690]                                     but it isn't seted ip , so close it
[48230.798719] accepted a http connect , new connect ip is  192.168.43.186
[48230.805480]                           old connect ip is  192.168.43.237
[48230.812146]                                     but it isn't seted ip , so close it
[48231.324345] accepted a http connect , new connect ip is  192.168.43.186
[48231.331087]                           old connect ip is  192.168.43.237
[48231.337744]                                     but it isn't seted ip , so close it

130|shell@android:/ # [48231.859744] accepted a http connect , new connect ip is  192.168.43.186
[48231.866565]                           old connect ip is  192.168.43.237
[48231.873238]                                     but it isn't seted ip , so close it
[48232.388307] accepted a http connect , new connect ip is  192.168.43.186
[48232.395111]                           old connect ip is  192.168.43.237
[48232.401785]                                     but it isn't seted ip , so close it
[48232.916907] accepted a http connect , new connect ip is  192.168.43.186
[48232.923753]                           old connect ip is  192.168.43.237
[48232.930482]                                     but it isn't seted ip , so close it
[48233.449054] accepted a http connect , new connect ip is  192.168.43.186
[48233.455850]                           old connect ip is  192.168.43.237
[48233.462525]                                     but it isn't seted ip , so close it
[48233.978566] accepted a http connect , new connect ip is  192.168.43.186
[48233.985308]                           old connect ip is  192.168.43.237
[48233.991966]                                     but it isn't seted ip , so close it
[48234.508588] accepted a http connect , new connect ip is  192.168.43.186
[48234.515340]                           old connect ip is  192.168.43.237
[48234.522041]                                     but it isn't seted ip , so close it
[48235.048951] accepted a http connect , new connect ip is  192.168.43.186
[48235.055705]                           old connect ip is  192.168.43.237
[48235.062353]                                     but it isn't seted ip , so close it
[48235.578574] accepted a http connect , new connect ip is  192.168.43.186
[48235.585316]                           old connect ip is  192.168.43.237
[48235.591988]                                     but it isn't seted ip , so close it
[48236.108585] accepted a http connect , new connect ip is  192.168.43.186
[48236.115346]                           old connect ip is  192.168.43.237
[48236.122000]                                     but it isn't seted ip , so close it
[48236.648771] accepted a http connect , new connect ip is  192.168.43.186
[48236.655553]                           old connect ip is  192.168.43.237
[48236.662201]                                     but it isn't seted ip , so close it
[48237.179313] accepted a http connect , new connect ip is  192.168.43.186
[48237.186059]                           old connect ip is  192.168.43.237
[48237.192704]                                     but it isn't seted ip , so close it
[48237.708992] accepted a http connect , new connect ip is  192.168.43.186
[48237.715792]                           old connect ip is  192.168.43.237
[48237.722523]                                     but it isn't seted ip , so close it
[48238.245719] accepted a http connect , new connect ip is  192.168.43.186
[48238.252401]                           old connect ip is  192.168.43.237
[48238.259051]                                     but it isn't seted ip , so close it
[48238.778665] accepted a http connect , new connect ip is  192.168.43.186
[48238.785423]                           old connect ip is  192.168.43.237
[48238.792079]                                     but it isn't seted ip , so close it
[48239.304529] accepted a http connect , new connect ip is  192.168.43.186
[48239.311360]                           old connect ip is  192.168.43.237
[48239.318037]                                     but it isn't seted ip , so close it
[48239.838808] accepted a http connect , new connect ip is  192.168.43.186
[48239.845543]                           old connect ip is  192.168.43.237
[48239.852215]                                     but it isn't seted ip , so close it
[48240.364440] accepted a http connect , new connect ip is  192.168.43.186
[48240.371181]                           old connect ip is  192.168.43.237
[48240.377838]                                     but it isn't seted ip , so close it
[48240.898704] accepted a http connect , new connect ip is  192.168.43.186
[48240.905447]                           old connect ip is  192.168.43.237
[48240.912111]                                     but it isn't seted ip , so close it
[48241.424199] accepted a http connect , new connect ip is  192.168.43.186
[48241.430942]                           old connect ip is  192.168.43.237
[48241.437645]                                     but it isn't seted ip , so close it
[48241.958660] accepted a http connect , new connect ip is  192.168.43.186
[48241.965439]                           old connect ip is  192.168.43.237
[48241.972101]                                     but it isn't seted ip , so close it
[48242.488575] accepted a http connect , new connect ip is  192.168.43.186
[48242.495325]                           old connect ip is  192.168.43.237
[48242.501983]                                     but it isn't seted ip , so close it
[48243.014614] accepted a http connect , new connect ip is  192.168.43.186
[48243.021335]                           old connect ip is  192.168.43.237
[48243.027999]                                     but it isn't seted ip , so close it
[48243.548765] accepted a http connect , new connect ip is  192.168.43.186
[48243.555589]                           old connect ip is  192.168.43.237
[48243.562267]                                     but it isn't seted ip , so close it
[48244.089166] accepted a http connect , new connect ip is  192.168.43.186
[48244.096072]                           old connect ip is  192.168.43.237
[48244.102766]                                     but it isn't seted ip , so close it
[48244.628666] accepted a http connect , new connect ip is  192.168.43.186
[48244.635443]                           old connect ip is  192.168.43.237
[48244.642128]                                     but it isn't seted ip , so close it
[48245.158679] accepted a http connect , new connect ip is  192.168.43.186
[48245.165522]                           old connect ip is  192.168.43.237
[48245.172208]                                     but it isn't seted ip , so close it
[48245.689542] accepted a http connect , new connect ip is  192.168.43.186
[48245.696332]                           old connect ip is  192.168.43.237
[48245.702988]                                     but it isn't seted ip , so close it
[48246.228557] accepted a http connect , new connect ip is  192.168.43.186
[48246.235346]                           old connect ip is  192.168.43.237
[48246.242086]                                     but it isn't seted ip , so close it
[48246.758828] accepted a http connect , new connect ip is  192.168.43.186
[48246.765667]                           old connect ip is  192.168.43.237
[48246.772375]                                     but it isn't seted ip , so close it
[48247.285296] accepted a http connect , new connect ip is  192.168.43.186
[48247.292037]                           old connect ip is  192.168.43.237
[48247.298716]                                     but it isn't seted ip , so close it
[48247.818521] accepted a http connect , new connect ip is  192.168.43.186
[48247.825252]                           old connect ip is  192.168.43.237
[48247.831913]                                     but it isn't seted ip , so close it
[48248.344493] accepted a http connect , new connect ip is  192.168.43.186
[48248.351234]                           old connect ip is  192.168.43.237
[48248.357898]                                     but it isn't seted ip , so close it
[48248.878581] accepted a http connect , new connect ip is  192.168.43.186
[48248.885339]                           old connect ip is  192.168.43.237
[48248.891988]                                     but it isn't seted ip , so close it
[48249.403733] accepted a http connect , new connect ip is  192.168.43.186
[48249.410505]                           old connect ip is  192.168.43.237
[48249.417170]                                     but it isn't seted ip , so close it
[48249.938541] accepted a http connect , new connect ip is  192.168.43.186
[48249.945291]                           old connect ip is  192.168.43.237
[48249.951964]                                     but it isn't seted ip , so close it
[48250.469316] accepted a http connect , new connect ip is  192.168.43.186
[48250.476115]                           old connect ip is  192.168.43.237
[48250.482774]                                     but it isn't seted ip , so close it
[48251.008592] accepted a http connect , new connect ip is  192.168.43.186
[48251.015371]                           old connect ip is  192.168.43.237
[48251.022020]                                     but it isn't seted ip , so close it
[48251.538453] accepted a http connect , new connect ip is  192.168.43.186
[48251.545201]                           old connect ip is  192.168.43.237
[48251.551852]                                     but it isn't seted ip , so close it
[48252.068725] accepted a http connect , new connect ip is  192.168.43.186
[48252.075528]                           old connect ip is  192.168.43.237
[48252.082186]                                     but it isn't seted ip , so close it
[48252.598571] accepted a http connect , new connect ip is  192.168.43.186
[48252.605420]                           old connect ip is  192.168.43.237
[48252.612087]                                     but it isn't seted ip , so close it
[48253.128406] accepted a http connect , new connect ip is  192.168.43.186
[48253.135212]                           old connect ip is  192.168.43.237
[48253.141869]                                     but it isn't seted ip , so close it
[48253.658442] accepted a http connect , new connect ip is  192.168.43.186
[48253.665187]                           old connect ip is  192.168.43.237
[48253.671917]                                     but it isn't seted ip , so close it
[48254.188644] accepted a http connect , new connect ip is  192.168.43.186
[48254.195438]                           old connect ip is  192.168.43.237
[48254.202095]                                     but it isn't seted ip , so close it
[48254.728414] accepted a http connect , new connect ip is  192.168.43.186
[48254.735162]                           old connect ip is  192.168.43.237
[48254.741830]                                     but it isn't seted ip , so close it
[48255.258556] accepted a http connect , new connect ip is  192.168.43.186
[48255.265297]                           old connect ip is  192.168.43.237
[48255.272018]                                     but it isn't seted ip , so close it
[48255.785517] accepted a http connect , new connect ip is  192.168.43.186
[48255.792383]                           old connect ip is  192.168.43.237
[48255.799098]                                     but it isn't seted ip , so close it
[48256.315945] accepted a http connect , new connect ip is  192.168.43.186
[48256.322735]                           old connect ip is  192.168.43.237
[48256.329506]                                     but it isn't seted ip , so close it
[48256.860281] accepted a http connect , new connect ip is  192.168.43.186
[48256.867052]                           old connect ip is  192.168.43.237
[48256.873713]                                     but it isn't seted ip , so close it
[48257.387901] accepted a http connect , new connect ip is  192.168.43.186
[48257.394679]                           old connect ip is  192.168.43.237
[48257.401345]                                     but it isn't seted ip , so close it
[48257.914488] accepted a http connect , new connect ip is  192.168.43.186
[48257.921266]                           old connect ip is  192.168.43.237
[48257.927937]                                     but it isn't seted ip , so close it
[48258.440224] accepted a http connect , new connect ip is  192.168.43.186
[48258.446991]                           old connect ip is  192.168.43.237
[48258.453662]                                     but it isn't seted ip , so close it
[48258.978373] accepted a http connect , new connect ip is  192.168.43.186
[48258.985123]                           old connect ip is  192.168.43.237
[48258.991786]                                     but it isn't seted ip , so close it
[48259.503829] accepted a http connect , new connect ip is  192.168.43.186
[48259.510563]                           old connect ip is  192.168.43.237
[48259.517228]                                     but it isn't seted ip , so close it
[48260.038335] accepted a http connect , new connect ip is  192.168.43.186
[48260.045070]                           old connect ip is  192.168.43.237
[48260.051743]                                     but it isn't seted ip , so close it
[48260.568290] accepted a http connect , new connect ip is  192.168.43.186
[48260.575038]                           old connect ip is  192.168.43.237
[48260.581681]                                     but it isn't seted ip , so close it
[48261.098543] accepted a http connect , new connect ip is  192.168.43.186
[48261.105280]                           old connect ip is  192.168.43.237
[48261.111937]                                     but it isn't seted ip , so close it
[48261.629444] accepted a http connect , new connect ip is  192.168.43.186
[48261.636263]                           old connect ip is  192.168.43.237
[48261.642934]                                     but it isn't seted ip , so close it
[48262.170272] accepted a http connect , new connect ip is  192.168.43.186
[48262.177156]                           old connect ip is  192.168.43.237
[48262.183841]                                     but it isn't seted ip , so close it
[48262.708470] accepted a http connect , new connect ip is  192.168.43.186
[48262.715286]                           old connect ip is  192.168.43.237
[48262.721947]                                     but it isn't seted ip , so close it
[48263.237900] accepted a http connect , new connect ip is  192.168.43.186
[48263.244672]                           old connect ip is  192.168.43.237
[48263.251335]                                     but it isn't seted ip , so close it
[48263.768378] accepted a http connect , new connect ip is  192.168.43.186
[48263.775172]                           old connect ip is  192.168.43.237
[48263.781828]                                     but it isn't seted ip , so close it
[48264.309241] accepted a http connect , new connect ip is  192.168.43.186
[48264.316047]                           old connect ip is  192.168.43.237
[48264.322798]                                     but it isn't seted ip , so close it
[48264.848172] accepted a http connect , new connect ip is  192.168.43.186
[48264.854945]                           old connect ip is  192.168.43.237
[48264.861643]                                     but it isn't seted ip , so close it
[48265.373820] accepted a http connect , new connect ip is  192.168.43.186
[48265.380554]                           old connect ip is  192.168.43.237
[48265.387217]                                     but it isn't seted ip , so close it
[48265.908489] accepted a http connect , new connect ip is  192.168.43.186
[48265.915260]                           old connect ip is  192.168.43.237
[48265.921940]                                     but it isn't seted ip , so close it
[48266.441149] accepted a http connect , new connect ip is  192.168.43.186
[48266.447898]                           old connect ip is  192.168.43.237
[48266.454559]                                     but it isn't seted ip , so close it
[48266.978321] accepted a http connect , new connect ip is  192.168.43.186
[48266.985059]                           old connect ip is  192.168.43.237
[48266.991726]                                     but it isn't seted ip , so close it
[48267.505137] accepted a http connect , new connect ip is  192.168.43.186
[48267.511893]                           old connect ip is  192.168.43.237
[48267.518624]                                     but it isn't seted ip , so close it
[48268.038513] accepted a http connect , new connect ip is  192.168.43.186
[48268.045313]                           old connect ip is  192.168.43.237
[48268.051968]                                     but it isn't seted ip , so close it
[48268.566214] accepted a http connect , new connect ip is  192.168.43.186
[48268.573021]                           old connect ip is  192.168.43.237
[48268.579689]                                     but it isn't seted ip , so close it
[48269.097455] accepted a http connect , new connect ip is  192.168.43.186
[48269.104215]                           old connect ip is  192.168.43.237
[48269.110916]                                     but it isn't seted ip , so close it
[48269.628475] accepted a http connect , new connect ip is  192.168.43.186
[48269.635308]                           old connect ip is  192.168.43.237
[48269.642027]                                     but it isn't seted ip , so close it
[48270.158279] accepted a http connect , new connect ip is  192.168.43.186
[48270.165037]                           old connect ip is  192.168.43.237
[48270.171698]                                     but it isn't seted ip , so close it
[48270.688770] accepted a http connect , new connect ip is  192.168.43.186
[48270.695552]                           old connect ip is  192.168.43.237
[48270.702198]                                     but it isn't seted ip , so close it
[48271.218375] accepted a http connect , new connect ip is  192.168.43.186
[48271.225110]                           old connect ip is  192.168.43.237
[48271.231763]                                     but it isn't seted ip , so close it
[48271.748388] accepted a http connect , new connect ip is  192.168.43.186
[48271.755152]                           old connect ip is  192.168.43.237
[48271.761827]                                     but it isn't seted ip , so close it
[48272.278433] accepted a http connect , new connect ip is  192.168.43.186
[48272.285220]                           old connect ip is  192.168.43.237
[48272.291870]                                     but it isn't seted ip , so close it
[48272.808653] accepted a http connect , new connect ip is  192.168.43.186
[48272.815510]                           old connect ip is  192.168.43.237
[48272.822188]                                     but it isn't seted ip , so close it
[48273.340419] accepted a http connect , new connect ip is  192.168.43.186
[48273.347307]                           old connect ip is  192.168.43.237
[48273.353970]                                     but it isn't seted ip , so close it
[48273.878305] accepted a http connect , new connect ip is  192.168.43.186
[48273.885080]                           old connect ip is  192.168.43.237
[48273.891770]                                     but it isn't seted ip , so close it
[48274.409264] accepted a http connect , new connect ip is  192.168.43.186
[48274.416074]                           old connect ip is  192.168.43.237
[48274.422735]                                     but it isn't seted ip , so close it
[48274.948217] accepted a http connect , new connect ip is  192.168.43.186
[48274.955003]                           old connect ip is  192.168.43.237
[48274.961665]                                     but it isn't seted ip , so close it
[48275.474012] accepted a http connect , new connect ip is  192.168.43.186
[48275.480830]                           old connect ip is  192.168.43.237
[48275.487484]                                     but it isn't seted ip , so close it
[48276.009133] accepted a http connect , new connect ip is  192.168.43.186
[48276.015957]                           old connect ip is  192.168.43.237
[48276.022621]                                     but it isn't seted ip , so close it
[48276.536077] accepted a http connect , new connect ip is  192.168.43.186
[48276.542821]                           old connect ip is  192.168.43.237
[48276.549465]                                     but it isn't seted ip , so close it
[48277.068518] accepted a http connect , new connect ip is  192.168.43.186
[48277.075301]                           old connect ip is  192.168.43.237
[48277.082011]                                     but it isn't seted ip , so close it
[48277.598127] accepted a http connect , new connect ip is  192.168.43.186
[48277.604910]                           old connect ip is  192.168.43.237
[48277.611602]                                     but it isn't seted ip , so close it
[48278.128252] accepted a http connect , new connect ip is  192.168.43.186
[48278.135033]                           old connect ip is  192.168.43.237
[48278.141675]                                     but it isn't seted ip , so close it
[48278.654052] accepted a http connect , new connect ip is  192.168.43.186
[48278.660809]                           old connect ip is  192.168.43.237
[48278.667534]                                     but it isn't seted ip , so close it
[48279.188516] accepted a http connect , new connect ip is  192.168.43.186
[48279.195342]                           old connect ip is  192.168.43.237
[48279.202096]                                     but it isn't seted ip , so close it
[48279.715551] accepted a http connect , new connect ip is  192.168.43.186
[48279.722459]                           old connect ip is  192.168.43.237
[48279.729172]                                     but it isn't seted ip , so close it
[48280.248421] accepted a http connect , new connect ip is  192.168.43.186
[48280.255306]                           old connect ip is  192.168.43.237
[48280.261993]                                     but it isn't seted ip , so close it
[48280.775755] accepted a http connect , new connect ip is  192.168.43.186
[48280.782538]                           old connect ip is  192.168.43.237
[48280.789209]                                     but it isn't seted ip , so close it
[48281.310282] accepted a http connect , new connect ip is  192.168.43.186
[48281.317118]                           old connect ip is  192.168.43.237
[48281.323783]                                     but it isn't seted ip , so close it
[48281.848227] accepted a http connect , new connect ip is  192.168.43.186
[48281.855005]                           old connect ip is  192.168.43.237
[48281.861650]                                     but it isn't seted ip , so close it
[48282.374471] accepted a http connect , new connect ip is  192.168.43.186
[48282.381203]                           old connect ip is  192.168.43.237
[48282.387925]                                     but it isn't seted ip , so close it
[48282.908382] accepted a http connect , new connect ip is  192.168.43.186
[48282.915215]                           old connect ip is  192.168.43.237
[48282.921894]                                     but it isn't seted ip , so close it
[48283.434014] accepted a http connect , new connect ip is  192.168.43.186
[48283.440764]                           old connect ip is  192.168.43.237
[48283.447418]                                     but it isn't seted ip , so close it
[48283.968449] accepted a http connect , new connect ip is  192.168.43.186
[48283.975260]                           old connect ip is  192.168.43.237
[48283.981926]                                     but it isn't seted ip , so close it
[48284.493915] accepted a http connect , new connect ip is  192.168.43.186
[48284.500668]                           old connect ip is  192.168.43.237
[48284.507329]                                     but it isn't seted ip , so close it
[48285.028448] accepted a http connect , new connect ip is  192.168.43.186
[48285.035334]                           old connect ip is  192.168.43.237
[48285.042023]                                     but it isn't seted ip , so close it
[48285.554525] accepted a http connect , new connect ip is  192.168.43.186
[48285.561282]                           old connect ip is  192.168.43.237
[48285.567965]                                     but it isn't seted ip , so close it
[48286.098524] accepted a http connect , new connect ip is  192.168.43.186
[48286.105278]                           old connect ip is  192.168.43.237
[48286.111944]                                     but it isn't seted ip , so close it
[48286.638209] accepted a http connect , new connect ip is  192.168.43.186
[48286.644974]                           old connect ip is  192.168.43.237
[48286.651632]                                     but it isn't seted ip , so close it
[48287.169601] accepted a http connect , new connect ip is  192.168.43.186
[48287.176376]                           old connect ip is  192.168.43.237
[48287.183020]                                     but it isn't seted ip , so close it
[48287.722969] accepted a http connect , new connect ip is  192.168.43.186
[48287.729701]                           old connect ip is  192.168.43.237
[48287.736368]                                     but it isn't seted ip , so close it
[48288.259012] accepted a http connect , new connect ip is  192.168.43.186
[48288.265750]                           old connect ip is  192.168.43.237
[48288.272411]                                     but it isn't seted ip , so close it
[48288.798978] accepted a http connect , new connect ip is  192.168.43.186
[48288.805753]                           old connect ip is  192.168.43.237
[48288.812435]                                     but it isn't seted ip , so close it
[48289.338200] accepted a http connect , new connect ip is  192.168.43.186
[48289.344943]                           old connect ip is  192.168.43.237
[48289.351598]                                     but it isn't seted ip , so close it
[48289.878210] accepted a http connect , new connect ip is  192.168.43.186
[48289.884971]                           old connect ip is  192.168.43.237
[48289.891623]                                     but it isn't seted ip , so close it
[48290.403757] accepted a http connect , new connect ip is  192.168.43.186
[48290.410507]                           old connect ip is  192.168.43.237
[48290.417245]                                     but it isn't seted ip , so close it
[48290.938306] accepted a http connect , new connect ip is  192.168.43.186
[48290.945051]                           old connect ip is  192.168.43.237
[48290.951776]                                     but it isn't seted ip , so close it
[48291.464302] accepted a http connect , new connect ip is  192.168.43.186
[48291.471042]                           old connect ip is  192.168.43.237
[48291.477698]                                     but it isn't seted ip , so close it
[48291.990045] accepted a http connect , new connect ip is  192.168.43.186
[48291.996822]                           old connect ip is  192.168.43.237
[48292.003525]                                     but it isn't seted ip , so close it
[48292.516451] accepted a http connect , new connect ip is  192.168.43.186
[48292.523256]                           old connect ip is  192.168.43.237
[48292.529983]                                     but it isn't seted ip , so close it
[48293.058178] accepted a http connect , new connect ip is  192.168.43.186
[48293.064929]                           old connect ip is  192.168.43.237
[48293.071582]                                     but it isn't seted ip , so close it
[48293.583655] accepted a http connect , new connect ip is  192.168.43.186
[48293.590412]                           old connect ip is  192.168.43.237
[48293.597082]                                     but it isn't seted ip , so close it
[48294.121922] accepted a http connect , new connect ip is  192.168.43.186
[48294.128683]                           old connect ip is  192.168.43.237
[48294.135375]                                     but it isn't seted ip , so close it
[48294.658374] accepted a http connect , new connect ip is  192.168.43.186
[48294.665246]                           old connect ip is  192.168.43.237
[48294.671931]                                     but it isn't seted ip , so close it
[48295.188596] accepted a http connect , new connect ip is  192.168.43.186
[48295.195365]                           old connect ip is  192.168.43.237
[48295.202020]                                     but it isn't seted ip , so close it
[48295.718381] accepted a http connect , new connect ip is  192.168.43.186
[48295.725251]                           old connect ip is  192.168.43.237
[48295.731920]                                     but it isn't seted ip , so close it
[48296.248357] accepted a http connect , new connect ip is  192.168.43.186
[48296.255151]                           old connect ip is  192.168.43.237
[48296.261800]                                     but it isn't seted ip , so close it
[48296.777979] accepted a http connect , new connect ip is  192.168.43.186
[48296.784724]                           old connect ip is  192.168.43.237
[48296.791376]                                     but it isn't seted ip , so close it
[48297.307994] accepted a http connect , new connect ip is  192.168.43.186
[48297.314748]                           old connect ip is  192.168.43.237
[48297.321400]                                     but it isn't seted ip , so close it
[48297.838269] accepted a http connect , new connect ip is  192.168.43.186
[48297.845080]                           old connect ip is  192.168.43.237
[48297.851773]                                     but it isn't seted ip , so close it
[48298.378264] accepted a http connect , new connect ip is  192.168.43.186
[48298.385074]                           old connect ip is  192.168.43.237
[48298.391731]                                     but it isn't seted ip , so close it
[48298.918222] accepted a http connect , new connect ip is  192.168.43.186
[48298.924914]                           old connect ip is  192.168.43.237
[48298.931562]                                     but it isn't seted ip , so close it
[48299.443075] accepted a http connect , new connect ip is  192.168.43.186
[48299.449725]                           old connect ip is  192.168.43.237
[48299.456361]                                     but it isn't seted ip , so close it
[48299.978436] accepted a http connect , new connect ip is  192.168.43.186
[48299.985176]                           old connect ip is  192.168.43.237
[48299.991832]                                     but it isn't seted ip , so close it
[48300.504068] accepted a http connect , new connect ip is  192.168.43.186
[48300.510811]                           old connect ip is  192.168.43.237
[48300.517470]                                     but it isn't seted ip , so close it
[48301.037913] accepted a http connect , new connect ip is  192.168.43.186
[48301.044680]                           old connect ip is  192.168.43.237
[48301.051353]                                     but it isn't seted ip , so close it
[48301.563937] accepted a http connect , new connect ip is  192.168.43.186
[48301.570694]                           old connect ip is  192.168.43.237
[48301.577367]                                     but it isn't seted ip , so close it
[48302.098325] accepted a http connect , new connect ip is  192.168.43.186
[48302.105059]                           old connect ip is  192.168.43.237
[48302.111836]                                     but it isn't seted ip , so close it
[48302.624323] accepted a http connect , new connect ip is  192.168.43.186
[48302.631074]                           old connect ip is  192.168.43.237
[48302.637743]                                     but it isn't seted ip , so close it
[48303.151950] accepted a http connect , new connect ip is  192.168.43.186
[48303.158706]                           old connect ip is  192.168.43.237
[48303.165391]                                     but it isn't seted ip , so close it
[48303.688256] accepted a http connect , new connect ip is  192.168.43.186
[48303.694927]                           old connect ip is  192.168.43.237
[48303.701571]                                     but it isn't seted ip , so close it
[48304.219559] accepted a http connect , new connect ip is  192.168.43.186
[48304.226393]                           old connect ip is  192.168.43.237
[48304.233068]                                     but it isn't seted ip , so close it
[48304.758199] accepted a http connect , new connect ip is  192.168.43.186
[48304.764941]                           old connect ip is  192.168.43.237
[48304.771670]                                     but it isn't seted ip , so close it
[48305.288080] accepted a http connect , new connect ip is  192.168.43.186
[48305.294859]                           old connect ip is  192.168.43.237
[48305.301515]                                     but it isn't seted ip , so close it
[48305.814329] accepted a http connect , new connect ip is  192.168.43.186
[48305.821079]                           old connect ip is  192.168.43.237
[48305.827732]                                     but it isn't seted ip , so close it
[48306.348260] accepted a http connect , new connect ip is  192.168.43.186
[48306.355011]                           old connect ip is  192.168.43.237
[48306.361675]                                     but it isn't seted ip , so close it
[48306.877984] accepted a http connect , new connect ip is  192.168.43.186
[48306.884793]                           old connect ip is  192.168.43.237
[48306.891446]                                     but it isn't seted ip , so close it
[48307.410821] accepted a http connect , new connect ip is  192.168.43.186
[48307.417505]                           old connect ip is  192.168.43.237
[48307.424253]                                     but it isn't seted ip , so close it
[48307.947878] accepted a http connect , new connect ip is  192.168.43.186
[48307.954648]                           old connect ip is  192.168.43.237
[48307.961303]                                     but it isn't seted ip , so close it
[48308.473531] accepted a http connect , new connect ip is  192.168.43.186
[48308.480274]                           old connect ip is  192.168.43.237
[48308.487014]                                     but it isn't seted ip , so close it
[48309.008113] accepted a http connect , new connect ip is  192.168.43.186
[48309.014974]                           old connect ip is  192.168.43.237
[48309.021671]                                     but it isn't seted ip , so close it
[48309.537282] accepted a http connect , new connect ip is  192.168.43.186
[48309.544026]                           old connect ip is  192.168.43.237
[48309.550682]                                     but it isn't seted ip , so close it
[48310.068163] accepted a http connect , new connect ip is  192.168.43.186
[48310.074997]                           old connect ip is  192.168.43.237
[48310.081664]                                     but it isn't seted ip , so close it
[48310.594362] accepted a http connect , new connect ip is  192.168.43.186
[48310.601231]                           old connect ip is  192.168.43.237
[48310.607897]                                     but it isn't seted ip , so close it
[48311.127920] accepted a http connect , new connect ip is  192.168.43.186
[48311.134685]                           old connect ip is  192.168.43.237
[48311.141336]                                     but it isn't seted ip , so close it
[48311.658066] accepted a http connect , new connect ip is  192.168.43.186
[48311.664740]                           old connect ip is  192.168.43.237
[48311.671378]                                     but it isn't seted ip , so close it
[48312.187846] accepted a http connect , new connect ip is  192.168.43.186
[48312.194725]                           old connect ip is  192.168.43.237
[48312.201422]                                     but it isn't seted ip , so close it
[48312.718040] accepted a http connect , new connect ip is  192.168.43.186
[48312.724795]                           old connect ip is  192.168.43.237
[48312.731440]                                     but it isn't seted ip , so close it
[48313.247874] accepted a http connect , new connect ip is  192.168.43.186
[48313.254638]                           old connect ip is  192.168.43.237
[48313.261281]                                     but it isn't seted ip , so close it
[48313.777755] accepted a http connect , new connect ip is  192.168.43.186
[48313.784507]                           old connect ip is  192.168.43.237
[48313.791160]                                     but it isn't seted ip , so close it
[48314.307975] accepted a http connect , new connect ip is  192.168.43.186
[48314.314766]                           old connect ip is  192.168.43.237
[48314.321429]                                     but it isn't seted ip , so close it
[48314.838156] accepted a http connect , new connect ip is  192.168.43.186
[48314.845006]                           old connect ip is  192.168.43.237
[48314.851688]                                     but it isn't seted ip , so close it
[48315.364205] accepted a http connect , new connect ip is  192.168.43.186
[48315.371000]                           old connect ip is  192.168.43.237
[48315.377805]                                     but it isn't seted ip , so close it
[48315.898019] accepted a http connect , new connect ip is  192.168.43.186
[48315.904835]                           old connect ip is  192.168.43.237
[48315.911492]                                     but it isn't seted ip , so close it
[48316.428088] accepted a http connect , new connect ip is  192.168.43.186
[48316.434778]                           old connect ip is  192.168.43.237
[48316.441445]                                     but it isn't seted ip , so close it
[48316.958187] accepted a http connect , new connect ip is  192.168.43.186
[48316.964892]                           old connect ip is  192.168.43.237
[48316.971564]                                     but it isn't seted ip , so close it
[48317.483582] accepted a http connect , new connect ip is  192.168.43.186
[48317.490257]                           old connect ip is  192.168.43.237
[48317.496898]                                     but it isn't seted ip , so close it
[48318.017821] accepted a http connect , new connect ip is  192.168.43.186
[48318.024489]                           old connect ip is  192.168.43.237
[48318.031134]                                     but it isn't seted ip , so close it
[48318.542797] accepted a http connect , new connect ip is  192.168.43.186
[48318.549455]                           old connect ip is  192.168.43.237
[48318.556101]                                     but it isn't seted ip , so close it
[48319.077784] accepted a http connect , new connect ip is  192.168.43.186
[48319.084446]                           old connect ip is  192.168.43.237
[48319.091081]                                     but it isn't seted ip , so close it
[48319.602645] accepted a http connect , new connect ip is  192.168.43.186
[48319.609327]                           old connect ip is  192.168.43.237
[48319.615985]                                     but it isn't seted ip , so close it
[48320.138980] accepted a http connect , new connect ip is  192.168.43.186
[48320.145644]                           old connect ip is  192.168.43.237
[48320.152284]                                     but it isn't seted ip , so close it
[48320.667997] accepted a http connect , new connect ip is  192.168.43.186
[48320.674652]                           old connect ip is  192.168.43.237
[48320.681283]                                     but it isn't seted ip , so close it
[48321.197812] accepted a http connect , new connect ip is  192.168.43.186
[48321.204471]                           old connect ip is  192.168.43.237
[48321.211106]                                     but it isn't seted ip , so close it
[48321.728041] accepted a http connect , new connect ip is  192.168.43.186
[48321.734725]                           old connect ip is  192.168.43.237
[48321.741359]                                     but it isn't seted ip , so close it
[48322.257994] accepted a http connect , new connect ip is  192.168.43.186
[48322.264802]                           old connect ip is  192.168.43.237
[48322.271470]                                     but it isn't seted ip , so close it
[48322.787920] accepted a http connect , new connect ip is  192.168.43.186
[48322.794820]                           old connect ip is  192.168.43.237
[48322.801510]                                     but it isn't seted ip , so close it
[48323.317815] accepted a http connect , new connect ip is  192.168.43.186
[48323.324573]                           old connect ip is  192.168.43.237
[48323.331263]                                     but it isn't seted ip , so close it
[48323.857593] accepted a http connect , new connect ip is  192.168.43.186
[48323.864343]                           old connect ip is  192.168.43.237
[48323.870986]                                     but it isn't seted ip , so close it
[48324.397698] accepted a http connect , new connect ip is  192.168.43.186
[48324.404486]                           old connect ip is  192.168.43.237
[48324.411139]                                     but it isn't seted ip , so close it
[48324.927944] accepted a http connect , new connect ip is  192.168.43.186
[48324.934721]                           old connect ip is  192.168.43.237
[48324.941399]                                     but it isn't seted ip , so close it
[48325.453655] accepted a http connect , new connect ip is  192.168.43.186
[48325.460426]                           old connect ip is  192.168.43.237
[48325.467131]                                     but it isn't seted ip , so close it
[48325.987877] accepted a http connect , new connect ip is  192.168.43.186
[48325.994647]                           old connect ip is  192.168.43.237
[48326.001317]                                     but it isn't seted ip , so close it
[48326.513076] accepted a http connect , new connect ip is  192.168.43.186
[48326.519813]                           old connect ip is  192.168.43.237
[48326.526477]                                     but it isn't seted ip , so close it
[48327.047746] accepted a http connect , new connect ip is  192.168.43.186
[48327.054530]                           old connect ip is  192.168.43.237
[48327.061184]                                     but it isn't seted ip , so close it
[48327.573252] accepted a http connect , new connect ip is  192.168.43.186
[48327.580033]                           old connect ip is  192.168.43.237
[48327.586695]                                     but it isn't seted ip , so close it
[48328.108613] accepted a http connect , new connect ip is  192.168.43.186
[48328.115428]                           old connect ip is  192.168.43.237
[48328.122148]                                     but it isn't seted ip , so close it
[48328.636682] accepted a http connect , new connect ip is  192.168.43.186
[48328.643542]                           old connect ip is  192.168.43.237
[48328.650229]                                     but it isn't seted ip , so close it
[48329.167829] accepted a http connect , new connect ip is  192.168.43.186
[48329.174606]                           old connect ip is  192.168.43.237
[48329.181250]                                     but it isn't seted ip , so close it
[48329.707799] accepted a http connect , new connect ip is  192.168.43.186
[48329.714551]                           old connect ip is  192.168.43.237
[48329.721209]                                     but it isn't seted ip , so close it
[48330.237881] accepted a http connect , new connect ip is  192.168.43.186
[48330.244650]                           old connect ip is  192.168.43.237
[48330.251319]                                     but it isn't seted ip , so close it
[48330.767599] accepted a http connect , new connect ip is  192.168.43.186
[48330.774359]                           old connect ip is  192.168.43.237
[48330.781072]                                     but it isn't seted ip , so close it
[48331.297868] accepted a http connect , new connect ip is  192.168.43.186
[48331.304671]                           old connect ip is  192.168.43.237
[48331.311325]                                     but it isn't seted ip , so close it
[48331.837953] accepted a http connect , new connect ip is  192.168.43.186
[48331.844848]                           old connect ip is  192.168.43.237
[48331.851531]                                     but it isn't seted ip , so close it
[48332.367887] accepted a http connect , new connect ip is  192.168.43.186
[48332.374661]                           old connect ip is  192.168.43.237
[48332.381315]                                     but it isn't seted ip , so close it
[48332.907758] accepted a http connect , new connect ip is  192.168.43.186
[48332.914505]                           old connect ip is  192.168.43.237
[48332.921147]                                     but it isn't seted ip , so close it
[48333.437791] accepted a http connect , new connect ip is  192.168.43.186
[48333.444585]                           old connect ip is  192.168.43.237
[48333.451292]                                     but it isn't seted ip , so close it
[48333.978276] accepted a http connect , new connect ip is  192.168.43.186
[48333.985094]                           old connect ip is  192.168.43.237
[48333.991817]                                     but it isn't seted ip , so close it
[48334.506636] accepted a http connect , new connect ip is  192.168.43.186
[48334.513408]                           old connect ip is  192.168.43.237
[48334.520070]                                     but it isn't seted ip , so close it
[48335.047736] accepted a http connect , new connect ip is  192.168.43.186
[48335.054507]                           old connect ip is  192.168.43.237
[48335.061161]                                     but it isn't seted ip , so close it
[48335.573375] accepted a http connect , new connect ip is  192.168.43.186
[48335.580128]                           old connect ip is  192.168.43.237
[48335.586832]                                     but it isn't seted ip , so close it
[48336.107872] accepted a http connect , new connect ip is  192.168.43.186
[48336.114677]                           old connect ip is  192.168.43.237
[48336.121350]                                     but it isn't seted ip , so close it
[48336.633877] accepted a http connect , new connect ip is  192.168.43.186
[48336.640614]                           old connect ip is  192.168.43.237
[48336.647281]                                     but it isn't seted ip , so close it
[48337.167634] accepted a http connect , new connect ip is  192.168.43.186
[48337.174381]                           old connect ip is  192.168.43.237
[48337.181062]                                     but it isn't seted ip , so close it
[48337.693149] accepted a http connect , new connect ip is  192.168.43.186
[48337.699912]                           old connect ip is  192.168.43.237
[48337.706630]                                     but it isn't seted ip , so close it
[48338.227848] accepted a http connect , new connect ip is  192.168.43.186
[48338.234651]                           old connect ip is  192.168.43.237
[48338.241304]                                     but it isn't seted ip , so close it
[48338.756250] accepted a http connect , new connect ip is  192.168.43.186
[48338.763367]                           old connect ip is  192.168.43.237
[48338.770029]                                     but it isn't seted ip , so close it
[48339.282584] accepted a http connect , new connect ip is  192.168.43.186
[48339.289365]                           old connect ip is  192.168.43.237
[48339.296060]                                     but it isn't seted ip , so close it
[48339.808522] accepted a http connect , new connect ip is  192.168.43.186
[48339.815385]                           old connect ip is  192.168.43.237
[48339.822037]                                     but it isn't seted ip , so close it
[48340.340970] accepted a http connect , new connect ip is  192.168.43.186
[48340.347762]                           old connect ip is  192.168.43.237
[48340.354435]                                     but it isn't seted ip , so close it
[48340.877748] accepted a http connect , new connect ip is  192.168.43.186
[48340.884501]                           old connect ip is  192.168.43.237
[48340.891150]                                     but it isn't seted ip , so close it
[48341.407822] accepted a http connect , new connect ip is  192.168.43.186
[48341.414617]                           old connect ip is  192.168.43.237
[48341.421260]                                     but it isn't seted ip , so close it
[48341.947532] accepted a http connect , new connect ip is  192.168.43.186
[48341.954285]                           old connect ip is  192.168.43.237
[48341.960927]                                     but it isn't seted ip , so close it
[48342.480353] accepted a http connect , new connect ip is  192.168.43.186
[48342.487130]                           old connect ip is  192.168.43.237
[48342.493784]                                     but it isn't seted ip , so close it
[48343.017663] accepted a http connect , new connect ip is  192.168.43.186
[48343.024417]                           old connect ip is  192.168.43.237
[48343.031079]                                     but it isn't seted ip , so close it
[48343.543331] accepted a http connect , new connect ip is  192.168.43.186
[48343.550091]                           old connect ip is  192.168.43.237
[48343.556754]                                     but it isn't seted ip , so close it
[48344.077724] accepted a http connect , new connect ip is  192.168.43.186
[48344.084483]                           old connect ip is  192.168.43.237
[48344.091151]                                     but it isn't seted ip , so close it
[48344.603959] accepted a http connect , new connect ip is  192.168.43.186
[48344.610695]                           old connect ip is  192.168.43.237
[48344.617356]                                     but it isn't seted ip , so close it
[48345.137903] accepted a http connect , new connect ip is  192.168.43.186
[48345.144611]                           old connect ip is  192.168.43.237
[48345.151267]                                     but it isn't seted ip , so close it
[48345.664320] accepted a http connect , new connect ip is  192.168.43.186
[48345.671012]                           old connect ip is  192.168.43.237
[48345.677679]                                     but it isn't seted ip , so close it
[48346.200422] accepted a http connect , new connect ip is  192.168.43.186
[48346.207106]                           old connect ip is  192.168.43.237
[48346.213739]                                     but it isn't seted ip , so close it
[48346.737814] accepted a http connect , new connect ip is  192.168.43.186
[48346.744489]                           old connect ip is  192.168.43.237
[48346.751145]                                     but it isn't seted ip , so close it
[48347.267835] accepted a http connect , new connect ip is  192.168.43.186
[48347.274513]                           old connect ip is  192.168.43.237
[48347.281170]                                     but it isn't seted ip , so close it
[48347.798599] accepted a http connect , new connect ip is  192.168.43.186
[48347.805276]                           old connect ip is  192.168.43.237
[48347.811922]                                     but it isn't seted ip , so close it
[48348.337573] accepted a http connect , new connect ip is  192.168.43.186
[48348.344256]                           old connect ip is  192.168.43.237
[48348.350895]                                     but it isn't seted ip , so close it
[48348.867649] accepted a http connect , new connect ip is  192.168.43.186
[48348.874516]                           old connect ip is  192.168.43.237
[48348.881195]                                     but it isn't seted ip , so close it
[48349.397698] accepted a http connect , new connect ip is  192.168.43.186
[48349.404572]                           old connect ip is  192.168.43.237
[48349.411314]                                     but it isn't seted ip , so close it
[48349.927345] accepted a http connect , new connect ip is  192.168.43.186
[48349.934121]                           old connect ip is  192.168.43.237
[48349.940803]                                     but it isn't seted ip , so close it
[48350.457749] accepted a http connect , new connect ip is  192.168.43.186
[48350.464525]                           old connect ip is  192.168.43.237
[48350.471176]                                     but it isn't seted ip , so close it
[48350.986697] accepted a http connect , new connect ip is  192.168.43.186
[48350.993463]                           old connect ip is  192.168.43.237
[48351.000155]                                     but it isn't seted ip , so close it
[48351.512453] accepted a http connect , new connect ip is  192.168.43.186
[48351.519225]                           old connect ip is  192.168.43.237
[48351.525879]                                     but it isn't seted ip , so close it
[48352.047733] accepted a http connect , new connect ip is  192.168.43.186
[48352.054519]                           old connect ip is  192.168.43.237
[48352.061205]                                     but it isn't seted ip , so close it
[48352.579688] accepted a http connect , new connect ip is  192.168.43.186
[48352.586496]                           old connect ip is  192.168.43.237
[48352.593182]                                     but it isn't seted ip , so close it
[48353.123082] accepted a http connect , new connect ip is  192.168.43.186
[48353.129815]                           old connect ip is  192.168.43.237
[48353.136498]                                     but it isn't seted ip , so close it
[48353.650428] accepted a http connect , new connect ip is  192.168.43.186
[48353.657173]                           old connect ip is  192.168.43.237
[48353.663841]                                     but it isn't seted ip , so close it
[48354.187548] accepted a http connect , new connect ip is  192.168.43.186
[48354.194304]                           old connect ip is  192.168.43.237
[48354.200964]                                     but it isn't seted ip , so close it
[48354.713993] accepted a http connect , new connect ip is  192.168.43.186
[48354.720748]                           old connect ip is  192.168.43.237
[48354.727414]                                     but it isn't seted ip , so close it
[48355.247506] accepted a http connect , new connect ip is  192.168.43.186
[48355.254366]                           old connect ip is  192.168.43.237
[48355.261034]                                     but it isn't seted ip , so close it
[48355.777469] accepted a http connect , new connect ip is  192.168.43.186
[48355.784290]                           old connect ip is  192.168.43.237
[48355.790942]                                     but it isn't seted ip , so close it
[48356.307567] accepted a http connect , new connect ip is  192.168.43.186
[48356.314334]                           old connect ip is  192.168.43.237
[48356.320978]                                     but it isn't seted ip , so close it
[48356.833911] accepted a http connect , new connect ip is  192.168.43.186
[48356.840644]                           old connect ip is  192.168.43.237
[48356.847311]                                     but it isn't seted ip , so close it
[48357.367652] accepted a http connect , new connect ip is  192.168.43.186
[48357.374426]                           old connect ip is  192.168.43.237
[48357.381100]                                     but it isn't seted ip , so close it
[48357.897811] accepted a http connect , new connect ip is  192.168.43.186
[48357.904663]                           old connect ip is  192.168.43.237
[48357.911448]                                     but it isn't seted ip , so close it
[48358.438797] accepted a http connect , new connect ip is  192.168.43.186
[48358.445626]                           old connect ip is  192.168.43.237
[48358.452299]                                     but it isn't seted ip , so close it
[48358.977503] accepted a http connect , new connect ip is  192.168.43.186
[48358.984242]                           old connect ip is  192.168.43.237
[48358.990970]                                     but it isn't seted ip , so close it
[48359.508589] accepted a http connect , new connect ip is  192.168.43.186
[48359.515353]                           old connect ip is  192.168.43.237
[48359.522046]                                     but it isn't seted ip , so close it
[48360.034323] accepted a http connect , new connect ip is  192.168.43.186
[48360.041055]                           old connect ip is  192.168.43.237
[48360.047765]                                     but it isn't seted ip , so close it
[48360.559889] accepted a http connect , new connect ip is  192.168.43.186
[48360.566654]                           old connect ip is  192.168.43.237
[48360.573310]                                     but it isn't seted ip , so close it
[48361.097764] accepted a http connect , new connect ip is  192.168.43.186
[48361.104549]                           old connect ip is  192.168.43.237
[48361.111230]                                     but it isn't seted ip , so close it
[48361.623481] accepted a http connect , new connect ip is  192.168.43.186
[48361.630234]                           old connect ip is  192.168.43.237
[48361.636906]                                     but it isn't seted ip , so close it
[48362.152271] accepted a http connect , new connect ip is  192.168.43.186
[48362.159047]                           old connect ip is  192.168.43.237
[48362.165727]                                     but it isn't seted ip , so close it
[48362.681335] accepted a http connect , new connect ip is  192.168.43.186
[48362.688196]                           old connect ip is  192.168.43.237
[48362.694904]                                     but it isn't seted ip , so close it
[48363.217525] accepted a http connect , new connect ip is  192.168.43.186
[48363.224288]                           old connect ip is  192.168.43.237
[48363.230945]                                     but it isn't seted ip , so close it
[48363.747437] accepted a http connect , new connect ip is  192.168.43.186
[48363.754231]                           old connect ip is  192.168.43.237
[48363.760883]                                     but it isn't seted ip , so close it
[48364.277552] accepted a http connect , new connect ip is  192.168.43.186
[48364.284436]                           old connect ip is  192.168.43.237
[48364.291148]                                     but it isn't seted ip , so close it
[48364.817421] accepted a http connect , new connect ip is  192.168.43.186
[48364.824168]                           old connect ip is  192.168.43.237
[48364.830819]                                     but it isn't seted ip , so close it
[48365.347489] accepted a http connect , new connect ip is  192.168.43.186
[48365.354255]                           old connect ip is  192.168.43.237
[48365.360909]                                     but it isn't seted ip , so close it
[48365.877302] accepted a http connect , new connect ip is  192.168.43.186
[48365.884069]                           old connect ip is  192.168.43.237
[48365.890730]                                     but it isn't seted ip , so close it
[48366.417434] accepted a http connect , new connect ip is  192.168.43.186
[48366.424185]                           old connect ip is  192.168.43.237
[48366.430862]                                     but it isn't seted ip , so close it
[48366.947426] accepted a http connect , new connect ip is  192.168.43.186
[48366.954184]                           old connect ip is  192.168.43.237
[48366.960824]                                     but it isn't seted ip , so close it
[48367.477436] accepted a http connect , new connect ip is  192.168.43.186
[48367.484210]                           old connect ip is  192.168.43.237
[48367.490855]                                     but it isn't seted ip , so close it
[48368.007545] accepted a http connect , new connect ip is  192.168.43.186
[48368.014327]                           old connect ip is  192.168.43.237
[48368.020977]                                     but it isn't seted ip , so close it
[48368.538258] accepted a http connect , new connect ip is  192.168.43.186
[48368.545022]                           old connect ip is  192.168.43.237
[48368.551668]                                     but it isn't seted ip , so close it
[48369.077450] accepted a http connect , new connect ip is  192.168.43.186
[48369.084156]                           old connect ip is  192.168.43.237
[48369.090840]                                     but it isn't seted ip , so close it
[48369.602437] accepted a http connect , new connect ip is  192.168.43.186
[48369.609157]                           old connect ip is  192.168.43.237
[48369.615829]                                     but it isn't seted ip , so close it
[48370.137634] accepted a http connect , new connect ip is  192.168.43.186
[48370.144448]                           old connect ip is  192.168.43.237
[48370.151119]                                     but it isn't seted ip , so close it
[48370.663849] accepted a http connect , new connect ip is  192.168.43.186
[48370.670599]                           old connect ip is  192.168.43.237
[48370.677273]                                     but it isn't seted ip , so close it
[48371.197561] accepted a http connect , new connect ip is  192.168.43.186
[48371.204379]                           old connect ip is  192.168.43.237
[48371.211068]                                     but it isn't seted ip , so close it
[48371.725092] accepted a http connect , new connect ip is  192.168.43.186
[48371.731862]                           old connect ip is  192.168.43.237
[48371.738669]                                     but it isn't seted ip , so close it
[48372.257311] accepted a http connect , new connect ip is  192.168.43.186
[48372.264070]                           old connect ip is  192.168.43.237
[48372.270726]                                     but it isn't seted ip , so close it
[48372.783115] accepted a http connect , new connect ip is  192.168.43.186
[48372.789840]                           old connect ip is  192.168.43.237
[48372.796516]                                     but it isn't seted ip , so close it
[48373.309156] accepted a http connect , new connect ip is  192.168.43.186
[48373.315953]                           old connect ip is  192.168.43.237
[48373.322647]                                     but it isn't seted ip , so close it
[48373.835107] accepted a http connect , new connect ip is  192.168.43.186
[48373.841865]                           old connect ip is  192.168.43.237
[48373.848545]                                     but it isn't seted ip , so close it
[48374.362233] accepted a http connect , new connect ip is  192.168.43.186
[48374.369027]                           old connect ip is  192.168.43.237
[48374.375708]                                     but it isn't seted ip , so close it
[48374.897597] accepted a http connect , new connect ip is  192.168.43.186
[48374.904369]                           old connect ip is  192.168.43.237
[48374.911110]                                     but it isn't seted ip , so close it
[48375.427460] accepted a http connect , new connect ip is  192.168.43.186
[48375.434238]                           old connect ip is  192.168.43.237
[48375.440899]                                     but it isn't seted ip , so close it
[48375.957310] accepted a http connect , new connect ip is  192.168.43.186
[48375.964095]                           old connect ip is  192.168.43.237
[48375.970749]                                     but it isn't seted ip , so close it
[48376.497665] accepted a http connect , new connect ip is  192.168.43.186
[48376.504453]                           old connect ip is  192.168.43.237
[48376.511135]                                     but it isn't seted ip , so close it
[48377.027321] accepted a http connect , new connect ip is  192.168.43.186
[48377.034070]                           old connect ip is  192.168.43.237
[48377.040720]                                     but it isn't seted ip , so close it
[48377.555339] accepted a http connect , new connect ip is  192.168.43.186
[48377.562072]                           old connect ip is  192.168.43.237
[48377.568770]                                     but it isn't seted ip , so close it
[48378.081482] accepted a http connect , new connect ip is  192.168.43.186
[48378.088250]                           old connect ip is  192.168.43.237
[48378.094962]                                     but it isn't seted ip , so close it
[48378.607543] accepted a http connect , new connect ip is  192.168.43.186
[48378.614326]                           old connect ip is  192.168.43.237
[48378.621026]                                     but it isn't seted ip , so close it
[48379.137419] accepted a http connect , new connect ip is  192.168.43.186
[48379.144186]                           old connect ip is  192.168.43.237
[48379.150873]                                     but it isn't seted ip , so close it
[48379.663770] accepted a http connect , new connect ip is  192.168.43.186
[48379.670530]                           old connect ip is  192.168.43.237
[48379.677198]                                     but it isn't seted ip , so close it
[48380.197442] accepted a http connect , new connect ip is  192.168.43.186
[48380.204215]                           old connect ip is  192.168.43.237
[48380.210914]                                     but it isn't seted ip , so close it
[48380.723213] accepted a http connect , new connect ip is  192.168.43.186
[48380.729946]                           old connect ip is  192.168.43.237
[48380.736665]                                     but it isn't seted ip , so close it
[48381.257292] accepted a http connect , new connect ip is  192.168.43.186
[48381.264048]                           old connect ip is  192.168.43.237
[48381.270706]                                     but it isn't seted ip , so close it
[48381.787411] accepted a http connect , new connect ip is  192.168.43.186
[48381.794286]                           old connect ip is  192.168.43.237
[48381.800947]                                     but it isn't seted ip , so close it
[48382.317431] accepted a http connect , new connect ip is  192.168.43.186
[48382.324260]                           old connect ip is  192.168.43.237
[48382.330916]                                     but it isn't seted ip , so close it
[48382.843628] accepted a http connect , new connect ip is  192.168.43.186
[48382.850434]                           old connect ip is  192.168.43.237
[48382.857107]                                     but it isn't seted ip , so close it
[48383.377280] accepted a http connect , new connect ip is  192.168.43.186
[48383.384197]                           old connect ip is  192.168.43.237
[48383.390916]                                     but it isn't seted ip , so close it
[48383.907347] accepted a http connect , new connect ip is  192.168.43.186
[48383.914115]                           old connect ip is  192.168.43.237
[48383.920754]                                     but it isn't seted ip , so close it
[48384.437387] accepted a http connect , new connect ip is  192.168.43.186
[48384.444184]                           old connect ip is  192.168.43.237
[48384.450833]                                     but it isn't seted ip , so close it
[48384.967348] accepted a http connect , new connect ip is  192.168.43.186
[48384.974128]                           old connect ip is  192.168.43.237
[48384.980766]                                     but it isn't seted ip , so close it
[48385.492979] accepted a http connect , new connect ip is  192.168.43.186
[48385.499722]                           old connect ip is  192.168.43.237
[48385.506447]                                     but it isn't seted ip , so close it
[48386.027558] accepted a http connect , new connect ip is  192.168.43.186
[48386.034392]                           old connect ip is  192.168.43.237
[48386.041083]                                     but it isn't seted ip , so close it
[48386.557276] accepted a http connect , new connect ip is  192.168.43.186
[48386.564110]                           old connect ip is  192.168.43.237
[48386.570775]                                     but it isn't seted ip , so close it
[48387.097924] accepted a http connect , new connect ip is  192.168.43.186
[48387.104678]                           old connect ip is  192.168.43.237
[48387.111333]                                     but it isn't seted ip , so close it
[48387.623892] accepted a http connect , new connect ip is  192.168.43.186
[48387.630636]                           old connect ip is  192.168.43.237
[48387.637297]                                     but it isn't seted ip , so close it
[48388.157426] accepted a http connect , new connect ip is  192.168.43.186
[48388.164304]                           old connect ip is  192.168.43.237
[48388.170968]                                     but it isn't seted ip , so close it
[48388.684167] accepted a http connect , new connect ip is  192.168.43.186
[48388.690919]                           old connect ip is  192.168.43.237
[48388.697591]                                     but it isn't seted ip , so close it
[48389.217250] accepted a http connect , new connect ip is  192.168.43.186
[48389.224037]                           old connect ip is  192.168.43.237
[48389.230690]                                     but it isn't seted ip , so close it
[48389.743191] accepted a http connect , new connect ip is  192.168.43.186
[48389.749954]                           old connect ip is  192.168.43.237
[48389.756669]                                     but it isn't seted ip , so close it
[48390.277102] accepted a http connect , new connect ip is  192.168.43.186
[48390.283864]                           old connect ip is  192.168.43.237
[48390.290526]                                     but it isn't seted ip , so close it
[48390.807578] accepted a http connect , new connect ip is  192.168.43.186
[48390.814372]                           old connect ip is  192.168.43.237
[48390.821042]                                     but it isn't seted ip , so close it
[48391.337263] accepted a http connect , new connect ip is  192.168.43.186
[48391.344008]                           old connect ip is  192.168.43.237
[48391.350681]                                     but it isn't seted ip , so close it
[48394.877071] accepted a http connect , new connect ip is  192.168.43.186
[48394.883842]                           old connect ip is  192.168.43.237
[48394.890487]                                     but it isn't seted ip , so close it
[48395.407295] accepted a http connect , new connect ip is  192.168.43.186
[48395.414063]                           old connect ip is  192.168.43.237
[48395.420707]                                     but it isn't seted ip , so close it
[48395.937093] accepted a http connect , new connect ip is  192.168.43.186
[48395.943829]                           old connect ip is  192.168.43.237
[48395.950561]                                     but it isn't seted ip , so close it
[48396.467171] accepted a http connect , new connect ip is  192.168.43.186
[48396.473921]                           old connect ip is  192.168.43.237
[48396.480591]                                     but it isn't seted ip , so close it
[48396.992913] accepted a http connect , new connect ip is  192.168.43.186
[48396.999684]                           old connect ip is  192.168.43.237
[48397.006354]                                     but it isn't seted ip , so close it
[48397.520052] accepted a http connect , new connect ip is  192.168.43.186
[48397.526827]                           old connect ip is  192.168.43.237
[48397.533493]                                     but it isn't seted ip , so close it
[48398.057328] accepted a http connect , new connect ip is  192.168.43.186
[48398.064138]                           old connect ip is  192.168.43.237
[48398.070830]                                     but it isn't seted ip , so close it
[48398.587254] accepted a http connect , new connect ip is  192.168.43.186
[48398.594074]                           old connect ip is  192.168.43.237
[48398.600718]                                     but it isn't seted ip , so close it
[48399.127099] accepted a http connect , new connect ip is  192.168.43.186
[48399.133850]                           old connect ip is  192.168.43.237
[48399.140507]                                     but it isn't seted ip , so close it
[48399.656925] accepted a http connect , new connect ip is  192.168.43.186
[48399.663678]                           old connect ip is  192.168.43.237
[48399.670382]                                     but it isn't seted ip , so close it
[48400.197253] accepted a http connect , new connect ip is  192.168.43.186
[48400.204060]                           old connect ip is  192.168.43.237
[48400.210727]                                     but it isn't seted ip , so close it
[48400.728635] accepted a http connect , new connect ip is  192.168.43.186
[48400.735400]                           old connect ip is  192.168.43.237
[48400.742056]                                     but it isn't seted ip , so close it
[48401.267140] accepted a http connect , new connect ip is  192.168.43.186
[48401.273883]                           old connect ip is  192.168.43.237
[48401.280553]                                     but it isn't seted ip , so close it
[48401.792814] accepted a http connect , new connect ip is  192.168.43.186
[48401.799593]                           old connect ip is  192.168.43.237
[48401.806254]                                     but it isn't seted ip , so close it
[48402.327159] accepted a http connect , new connect ip is  192.168.43.186
[48402.333928]                           old connect ip is  192.168.43.237
[48402.340601]                                     but it isn't seted ip , so close it
[48402.857049] accepted a http connect , new connect ip is  192.168.43.186
[48402.863784]                           old connect ip is  192.168.43.237
[48402.870442]                                     but it isn't seted ip , so close it
[48403.387151] accepted a http connect , new connect ip is  192.168.43.186
[48403.393962]                           old connect ip is  192.168.43.237
[48403.400634]                                     but it isn't seted ip , so close it
[48403.917186] accepted a http connect , new connect ip is  192.168.43.186
[48403.923968]                           old connect ip is  192.168.43.237
[48403.930633]                                     but it isn't seted ip , so close it
[48404.457101] accepted a http connect , new connect ip is  192.168.43.186
[48404.463862]                           old connect ip is  192.168.43.237
[48404.470507]                                     but it isn't seted ip , so close it
[48404.986946] accepted a http connect , new connect ip is  192.168.43.186
[48404.993690]                           old connect ip is  192.168.43.237
[48405.000345]                                     but it isn't seted ip , so close it
[48405.517103] accepted a http connect , new connect ip is  192.168.43.186
[48405.523896]                           old connect ip is  192.168.43.237
[48405.530539]                                     but it isn't seted ip , so close it
[48406.047170] accepted a http connect , new connect ip is  192.168.43.186
[48406.053854]                           old connect ip is  192.168.43.237
[48406.060511]                                     but it isn't seted ip , so close it
[48406.577587] accepted a http connect , new connect ip is  192.168.43.186
[48406.584436]                           old connect ip is  192.168.43.237
[48406.591160]                                     but it isn't seted ip , so close it
[48407.117119] accepted a http connect , new connect ip is  192.168.43.186
[48407.124033]                           old connect ip is  192.168.43.237
[48407.130760]                                     but it isn't seted ip , so close it
[48407.645987] accepted a http connect , new connect ip is  192.168.43.186
[48407.652650]                           old connect ip is  192.168.43.237
[48407.659282]                                     but it isn't seted ip , so close it
[48408.177137] accepted a http connect , new connect ip is  192.168.43.186
[48408.183992]                           old connect ip is  192.168.43.237
[48408.190855]                                     but it isn't seted ip , so close it
[48408.707887] accepted a http connect , new connect ip is  192.168.43.186
[48408.714572]                           old connect ip is  192.168.43.237
[48408.721240]                                     but it isn't seted ip , so close it
[48409.232792] accepted a http connect , new connect ip is  192.168.43.186
[48409.239554]                           old connect ip is  192.168.43.237
[48409.246216]                                     but it isn't seted ip , so close it
[48409.758692] accepted a http connect , new connect ip is  192.168.43.186
[48409.765438]                           old connect ip is  192.168.43.237
[48409.772099]                                     but it isn't seted ip , so close it
[48410.285465] accepted a http connect , new connect ip is  192.168.43.186
[48410.292255]                           old connect ip is  192.168.43.237
[48410.298941]                                     but it isn't seted ip , so close it
[48410.811211] accepted a http connect , new connect ip is  192.168.43.186
[48410.817968]                           old connect ip is  192.168.43.237
[48410.824624]                                     but it isn't seted ip , so close it
[48411.347098] accepted a http connect , new connect ip is  192.168.43.186
[48411.353841]                           old connect ip is  192.168.43.237
[48411.360564]                                     but it isn't seted ip , so close it
[48411.876914] accepted a http connect , new connect ip is  192.168.43.186
[48411.883695]                           old connect ip is  192.168.43.237
[48411.890344]                                     but it isn't seted ip , so close it
[48412.407136] accepted a http connect , new connect ip is  192.168.43.186
[48412.413931]                           old connect ip is  192.168.43.237
[48412.420600]                                     but it isn't seted ip , so close it
[48412.938208] accepted a http connect , new connect ip is  192.168.43.186
[48412.944939]                           old connect ip is  192.168.43.237
[48412.951597]                                     but it isn't seted ip , so close it
[48413.477957] accepted a http connect , new connect ip is  192.168.43.186
[48413.484725]                           old connect ip is  192.168.43.237
[48413.491372]                                     but it isn't seted ip , so close it
[48414.006952] accepted a http connect , new connect ip is  192.168.43.186
[48414.013695]                           old connect ip is  192.168.43.237
[48414.020415]                                     but it isn't seted ip , so close it
[48414.538561] accepted a http connect , new connect ip is  192.168.43.186
[48414.545306]                           old connect ip is  192.168.43.237
[48414.551981]                                     but it isn't seted ip , so close it
[48415.076791] accepted a http connect , new connect ip is  192.168.43.186
[48415.083539]                           old connect ip is  192.168.43.237
[48415.090190]                                     but it isn't seted ip , so close it
[48415.616875] accepted a http connect , new connect ip is  192.168.43.186
[48415.623625]                           old connect ip is  192.168.43.237
[48415.630271]                                     but it isn't seted ip , so close it
[48416.146958] accepted a http connect , new connect ip is  192.168.43.186
[48416.153713]                           old connect ip is  192.168.43.237
[48416.160363]                                     but it isn't seted ip , so close it
[48416.672453] accepted a http connect , new connect ip is  192.168.43.186
[48416.679232]                           old connect ip is  192.168.43.237
[48416.685954]                                     but it isn't seted ip , so close it
[48417.207086] accepted a http connect , new connect ip is  192.168.43.186
[48417.213841]                           old connect ip is  192.168.43.237
[48417.220492]                                     but it isn't seted ip , so close it
[48417.736103] accepted a http connect , new connect ip is  192.168.43.186
[48417.742893]                           old connect ip is  192.168.43.237
[48417.749556]                                     but it isn't seted ip , so close it
[48418.266888] accepted a http connect , new connect ip is  192.168.43.186
[48418.273670]                           old connect ip is  192.168.43.237
[48418.280325]                                     but it isn't seted ip , so close it
[48418.794451] accepted a http connect , new connect ip is  192.168.43.186
[48418.801193]                           old connect ip is  192.168.43.237
[48418.807856]                                     but it isn't seted ip , so close it
[48419.326876] accepted a http connect , new connect ip is  192.168.43.186
[48419.333616]                           old connect ip is  192.168.43.237
[48419.340289]                                     but it isn't seted ip , so close it
[48419.853126] accepted a http connect , new connect ip is  192.168.43.186
[48419.859868]                           old connect ip is  192.168.43.237
[48419.866521]                                     but it isn't seted ip , so close it
[48420.387082] accepted a http connect , new connect ip is  192.168.43.186
[48420.393953]                           old connect ip is  192.168.43.237
[48420.400623]                                     but it isn't seted ip , so close it
[48420.927102] accepted a http connect , new connect ip is  192.168.43.186
[48420.933887]                           old connect ip is  192.168.43.237
[48420.940533]                                     but it isn't seted ip , so close it
[48421.466847] accepted a http connect , new connect ip is  192.168.43.186
[48421.473668]                           old connect ip is  192.168.43.237
[48421.480359]                                     but it isn't seted ip , so close it
[48421.996953] accepted a http connect , new connect ip is  192.168.43.186
[48422.003730]                           old connect ip is  192.168.43.237
[48422.010437]                                     but it isn't seted ip , so close it
[48422.526839] accepted a http connect , new connect ip is  192.168.43.186
[48422.533617]                           old connect ip is  192.168.43.237
[48422.540260]                                     but it isn't seted ip , so close it
[48423.067062] accepted a http connect , new connect ip is  192.168.43.186
[48423.073814]                           old connect ip is  192.168.43.237
[48423.080459]                                     but it isn't seted ip , so close it
[48423.596415] accepted a http connect , new connect ip is  192.168.43.186
[48423.603170]                           old connect ip is  192.168.43.237
[48423.609844]                                     but it isn't seted ip , so close it
[48424.126945] accepted a http connect , new connect ip is  192.168.43.186
[48424.133713]                           old connect ip is  192.168.43.237
[48424.140382]                                     but it isn't seted ip , so close it
[48424.667818] accepted a http connect , new connect ip is  192.168.43.186
[48424.674514]                           old connect ip is  192.168.43.237
[48424.681179]                                     but it isn't seted ip , so close it
[48425.206787] accepted a http connect , new connect ip is  192.168.43.186
[48425.213455]                           old connect ip is  192.168.43.237
[48425.220089]                                     but it isn't seted ip , so close it
[48425.731644] accepted a http connect , new connect ip is  192.168.43.186
[48425.738320]                           old connect ip is  192.168.43.237
[48425.744959]                                     but it isn't seted ip , so close it
[48426.267187] accepted a http connect , new connect ip is  192.168.43.186
[48426.273853]                           old connect ip is  192.168.43.237
[48426.280491]                                     but it isn't seted ip , so close it
[48426.792176] accepted a http connect , new connect ip is  192.168.43.186
[48426.798964]                           old connect ip is  192.168.43.237
[48426.805619]                                     but it isn't seted ip , so close it
[48427.336870] accepted a http connect , new connect ip is  192.168.43.186
[48427.343612]                           old connect ip is  192.168.43.237
[48427.350265]                                     but it isn't seted ip , so close it
[48427.862863] accepted a http connect , new connect ip is  192.168.43.186
[48427.869596]                           old connect ip is  192.168.43.237
[48427.876279]                                     but it isn't seted ip , so close it
[48428.396927] accepted a http connect , new connect ip is  192.168.43.186
[48428.403729]                           old connect ip is  192.168.43.237
[48428.410453]                                     but it isn't seted ip , so close it
[48428.926807] accepted a http connect , new connect ip is  192.168.43.186
[48428.933562]                           old connect ip is  192.168.43.237
[48428.940212]                                     but it isn't seted ip , so close it
[48429.456792] accepted a http connect , new connect ip is  192.168.43.186
[48429.463558]                           old connect ip is  192.168.43.237
[48429.470211]                                     but it isn't seted ip , so close it
[48429.986857] accepted a http connect , new connect ip is  192.168.43.186
[48429.993658]                           old connect ip is  192.168.43.237
[48430.000447]                                     but it isn't seted ip , so close it
[48430.527654] accepted a http connect , new connect ip is  192.168.43.186
[48430.534452]                           old connect ip is  192.168.43.237
[48430.541111]                                     but it isn't seted ip , so close it
[48431.067078] accepted a http connect , new connect ip is  192.168.43.186
[48431.073938]                           old connect ip is  192.168.43.237
[48431.080645]                                     but it isn't seted ip , so close it
[48431.593435] accepted a http connect , new connect ip is  192.168.43.186
[48431.600295]                           old connect ip is  192.168.43.237
[48431.606997]                                     but it isn't seted ip , so close it
[48432.126987] accepted a http connect , new connect ip is  192.168.43.186
[48432.133759]                           old connect ip is  192.168.43.237
[48432.140411]                                     but it isn't seted ip , so close it
[48432.656727] accepted a http connect , new connect ip is  192.168.43.186
[48432.663488]                           old connect ip is  192.168.43.237
[48432.670132]                                     but it isn't seted ip , so close it
[48433.196730] accepted a http connect , new connect ip is  192.168.43.186
[48433.203535]                           old connect ip is  192.168.43.237
[48433.210201]                                     but it isn't seted ip , so close it
[48433.722623] accepted a http connect , new connect ip is  192.168.43.186
[48433.729388]                           old connect ip is  192.168.43.237
[48433.736055]                                     but it isn't seted ip , so close it
[48434.256846] accepted a http connect , new connect ip is  192.168.43.186
[48434.263586]                           old connect ip is  192.168.43.237
[48434.270255]                                     but it isn't seted ip , so close it
[48434.782860] accepted a http connect , new connect ip is  192.168.43.186
[48434.789594]                           old connect ip is  192.168.43.237
[48434.796297]                                     but it isn't seted ip , so close it
[48435.316918] accepted a http connect , new connect ip is  192.168.43.186
[48435.323687]                           old connect ip is  192.168.43.237
[48435.330362]                                     but it isn't seted ip , so close it
[48435.843079] accepted a http connect , new connect ip is  192.168.43.186
[48435.849869]                           old connect ip is  192.168.43.237
[48435.856570]                                     but it isn't seted ip , so close it
[48436.376797] accepted a http connect , new connect ip is  192.168.43.186
[48436.383553]                           old connect ip is  192.168.43.237
[48436.390214]                                     but it isn't seted ip , so close it
[48436.904522] accepted a http connect , new connect ip is  192.168.43.186
[48436.911273]                           old connect ip is  192.168.43.237
[48436.917934]                                     but it isn't seted ip , so close it
[48437.436632] accepted a http connect , new connect ip is  192.168.43.186
[48437.443385]                           old connect ip is  192.168.43.237
[48437.450062]                                     but it isn't seted ip , so close it
[48437.966702] accepted a http connect , new connect ip is  192.168.43.186
[48437.973463]                           old connect ip is  192.168.43.237
[48437.980106]                                     but it isn't seted ip , so close it
[48438.497008] accepted a http connect , new connect ip is  192.168.43.186
[48438.503758]                           old connect ip is  192.168.43.237
[48438.510415]                                     but it isn't seted ip , so close it
[48439.026943] accepted a http connect , new connect ip is  192.168.43.186
[48439.033696]                           old connect ip is  192.168.43.237
[48439.040421]                                     but it isn't seted ip , so close it
[48439.552941] accepted a http connect , new connect ip is  192.168.43.186
[48439.559711]                           old connect ip is  192.168.43.237
[48439.566393]                                     but it isn't seted ip , so close it
[48440.086675] accepted a http connect , new connect ip is  192.168.43.186
[48440.093417]                           old connect ip is  192.168.43.237
[48440.100070]                                     but it isn't seted ip , so close it
[48440.616540] accepted a http connect , new connect ip is  192.168.43.186
[48440.623297]                           old connect ip is  192.168.43.237
[48440.629956]                                     but it isn't seted ip , so close it
[48441.146831] accepted a http connect , new connect ip is  192.168.43.186
[48441.153585]                           old connect ip is  192.168.43.237
[48441.160303]                                     but it isn't seted ip , so close it
[48441.686889] accepted a http connect , new connect ip is  192.168.43.186
[48441.693665]                           old connect ip is  192.168.43.237
[48441.700337]                                     but it isn't seted ip , so close it
[48442.226984] accepted a http connect , new connect ip is  192.168.43.186
[48442.233686]                           old connect ip is  192.168.43.237
[48442.240332]                                     but it isn't seted ip , so close it
[48442.752120] accepted a http connect , new connect ip is  192.168.43.186
[48442.758922]                           old connect ip is  192.168.43.237
[48442.765590]                                     but it isn't seted ip , so close it
[48443.296720] accepted a http connect , new connect ip is  192.168.43.186
[48443.303476]                           old connect ip is  192.168.43.237
[48443.310320]                                     but it isn't seted ip , so close it
[48443.823229] accepted a http connect , new connect ip is  192.168.43.186
[48443.829996]                           old connect ip is  192.168.43.237
[48443.836696]                                     but it isn't seted ip , so close it
[48444.348828] accepted a http connect , new connect ip is  192.168.43.186
[48444.355646]                           old connect ip is  192.168.43.237
[48444.362301]                                     but it isn't seted ip , so close it
[48444.874692] accepted a http connect , new connect ip is  192.168.43.186
[48444.881444]                           old connect ip is  192.168.43.237
[48444.888159]                                     but it isn't seted ip , so close it
[48445.406699] accepted a http connect , new connect ip is  192.168.43.186
[48445.413470]                           old connect ip is  192.168.43.237
[48445.420126]                                     but it isn't seted ip , so close it
[48445.932740] accepted a http connect , new connect ip is  192.168.43.186
[48445.939526]                           old connect ip is  192.168.43.237
[48445.946184]                                     but it isn't seted ip , so close it
[48446.466814] accepted a http connect , new connect ip is  192.168.43.186
[48446.473609]                           old connect ip is  192.168.43.237
[48446.480279]                                     but it isn't seted ip , so close it
[48446.998577] accepted a http connect , new connect ip is  192.168.43.186
[48447.005332]                           old connect ip is  192.168.43.237
[48447.011988]                                     but it isn't seted ip , so close it
[48447.536760] accepted a http connect , new connect ip is  192.168.43.186
[48447.543493]                           old connect ip is  192.168.43.237
[48447.550160]                                     but it isn't seted ip , so close it
[48448.066553] accepted a http connect , new connect ip is  192.168.43.186
[48448.073395]                           old connect ip is  192.168.43.237
[48448.080038]                                     but it isn't seted ip , so close it
[48448.606682] accepted a http connect , new connect ip is  192.168.43.186
[48448.613471]                           old connect ip is  192.168.43.237
[48448.620131]                                     but it isn't seted ip , so close it
[48449.147178] accepted a http connect , new connect ip is  192.168.43.186
[48449.154067]                           old connect ip is  192.168.43.237
[48449.160739]                                     but it isn't seted ip , so close it
[48449.676767] accepted a http connect , new connect ip is  192.168.43.186
[48449.683521]                           old connect ip is  192.168.43.237
[48449.690206]                                     but it isn't seted ip , so close it
[48450.206631] accepted a http connect , new connect ip is  192.168.43.186
[48450.213377]                           old connect ip is  192.168.43.237
[48450.220028]                                     but it isn't seted ip , so close it
[48450.736400] accepted a http connect , new connect ip is  192.168.43.186
[48450.743193]                           old connect ip is  192.168.43.237
[48450.749841]                                     but it isn't seted ip , so close it
[48451.279960] accepted a http connect , new connect ip is  192.168.43.186
[48451.286781]                           old connect ip is  192.168.43.237
[48451.293437]                                     but it isn't seted ip , so close it
[48451.805912] accepted a http connect , new connect ip is  192.168.43.186
[48451.812769]                           old connect ip is  192.168.43.237
[48451.819504]                                     but it isn't seted ip , so close it
[48452.336723] accepted a http connect , new connect ip is  192.168.43.186
[48452.343573]                           old connect ip is  192.168.43.237
[48452.350290]                                     but it isn't seted ip , so close it
[48452.862790] accepted a http connect , new connect ip is  192.168.43.186
[48452.869564]                           old connect ip is  192.168.43.237
[48452.876240]                                     but it isn't seted ip , so close it
[48453.396680] accepted a http connect , new connect ip is  192.168.43.186
[48453.403454]                           old connect ip is  192.168.43.237
[48453.410132]                                     but it isn't seted ip , so close it
[48453.922657] accepted a http connect , new connect ip is  192.168.43.186
[48453.929417]                           old connect ip is  192.168.43.237
[48453.936125]                                     but it isn't seted ip , so close it
[48454.456834] accepted a http connect , new connect ip is  192.168.43.186
[48454.463653]                           old connect ip is  192.168.43.237
[48454.470469]                                     but it isn't seted ip , so close it
[48454.985674] accepted a http connect , new connect ip is  192.168.43.186
[48454.992440]                           old connect ip is  192.168.43.237
[48454.999121]                                     but it isn't seted ip , so close it
[48455.512346] accepted a http connect , new connect ip is  192.168.43.186
[48455.519143]                           old connect ip is  192.168.43.237
[48455.525834]                                     but it isn't seted ip , so close it
[48456.039612] accepted a http connect , new connect ip is  192.168.43.186
[48456.046363]                           old connect ip is  192.168.43.237
[48456.053050]                                     but it isn't seted ip , so close it
[48456.576507] accepted a http connect , new connect ip is  192.168.43.186
[48456.583257]                           old connect ip is  192.168.43.237
[48456.589904]                                     but it isn't seted ip , so close it
[48457.116578] accepted a http connect , new connect ip is  192.168.43.186
[48457.123316]                           old connect ip is  192.168.43.237
[48457.129970]                                     but it isn't seted ip , so close it
[48457.646786] accepted a http connect , new connect ip is  192.168.43.186
[48457.653539]                           old connect ip is  192.168.43.237
[48457.660213]                                     but it isn't seted ip , so close it
[48458.176642] accepted a http connect , new connect ip is  192.168.43.186
[48458.183451]                           old connect ip is  192.168.43.237
[48458.190119]                                     but it isn't seted ip , so close it
[48458.706487] accepted a http connect , new connect ip is  192.168.43.186
[48458.713247]                           old connect ip is  192.168.43.237
[48458.719898]                                     but it isn't seted ip , so close it
[48459.236570] accepted a http connect , new connect ip is  192.168.43.186
[48459.243310]                           old connect ip is  192.168.43.237
[48459.249972]                                     but it isn't seted ip , so close it
[48459.769891] accepted a http connect , new connect ip is  192.168.43.186
[48459.776685]                           old connect ip is  192.168.43.237
[48459.783358]                                     but it isn't seted ip , so close it
[48460.306771] accepted a http connect , new connect ip is  192.168.43.186
[48460.313556]                           old connect ip is  192.168.43.237
[48460.320223]                                     but it isn't seted ip , so close it
[48460.834650] accepted a http connect , new connect ip is  192.168.43.186
[48460.841425]                           old connect ip is  192.168.43.237
[48460.848098]                                     but it isn't seted ip , so close it
[48461.366925] accepted a http connect , new connect ip is  192.168.43.186
[48461.373668]                           old connect ip is  192.168.43.237
[48461.380321]                                     but it isn't seted ip , so close it
[48461.896341] accepted a http connect , new connect ip is  192.168.43.186
[48461.903120]                           old connect ip is  192.168.43.237
[48461.909766]                                     but it isn't seted ip , so close it
[48462.426422] accepted a http connect , new connect ip is  192.168.43.186
[48462.433178]                           old connect ip is  192.168.43.237
[48462.439892]                                     but it isn't seted ip , so close it
[48462.955254] accepted a http connect , new connect ip is  192.168.43.186
[48462.962006]                           old connect ip is  192.168.43.237
[48462.968707]                                     but it isn't seted ip , so close it
[48463.486630] accepted a http connect , new connect ip is  192.168.43.186
[48463.493389]                           old connect ip is  192.168.43.237
[48463.500042]                                     but it isn't seted ip , so close it
[48464.016592] accepted a http connect , new connect ip is  192.168.43.186
[48464.023359]                           old connect ip is  192.168.43.237
[48464.030015]                                     but it isn't seted ip , so close it
[48464.546482] accepted a http connect , new connect ip is  192.168.43.186
[48464.553231]                           old connect ip is  192.168.43.237
[48464.559897]                                     but it isn't seted ip , so close it
[48465.076451] accepted a http connect , new connect ip is  192.168.43.186
[48465.083192]                           old connect ip is  192.168.43.237
[48465.089867]                                     but it isn't seted ip , so close it
[48465.606604] accepted a http connect , new connect ip is  192.168.43.186
[48465.613372]                           old connect ip is  192.168.43.237
[48465.620038]                                     but it isn't seted ip , so close it
[48466.136577] accepted a http connect , new connect ip is  192.168.43.186
[48466.143368]                           old connect ip is  192.168.43.237
[48466.150071]                                     but it isn't seted ip , so close it
[48466.676797] accepted a http connect , new connect ip is  192.168.43.186
[48466.683658]                           old connect ip is  192.168.43.237
[48466.690400]                                     but it isn't seted ip , so close it
[48467.204088] accepted a http connect , new connect ip is  192.168.43.186
[48467.210841]                           old connect ip is  192.168.43.237
[48467.217497]                                     but it isn't seted ip , so close it
[48467.736548] accepted a http connect , new connect ip is  192.168.43.186
[48467.743309]                           old connect ip is  192.168.43.237
[48467.750010]                                     but it isn't seted ip , so close it
[48468.266636] accepted a http connect , new connect ip is  192.168.43.186
[48468.273416]                           old connect ip is  192.168.43.237
[48468.280067]                                     but it isn't seted ip , so close it
[48468.795696] accepted a http connect , new connect ip is  192.168.43.186
[48468.802455]                           old connect ip is  192.168.43.237
[48468.809159]                                     but it isn't seted ip , so close it
[48469.326515] accepted a http connect , new connect ip is  192.168.43.186
[48469.333271]                           old connect ip is  192.168.43.237
[48469.339929]                                     but it isn't seted ip , so close it
[48469.851813] accepted a http connect , new connect ip is  192.168.43.186
[48469.858560]                           old connect ip is  192.168.43.237
[48469.865222]                                     but it isn't seted ip , so close it
[48470.386548] accepted a http connect , new connect ip is  192.168.43.186
[48470.393310]                           old connect ip is  192.168.43.237
[48470.399969]                                     but it isn't seted ip , so close it
[48470.912357] accepted a http connect , new connect ip is  192.168.43.186
[48470.919164]                           old connect ip is  192.168.43.237
[48470.925816]                                     but it isn't seted ip , so close it
[48471.446547] accepted a http connect , new connect ip is  192.168.43.186
[48471.453294]                           old connect ip is  192.168.43.237
[48471.459956]                                     but it isn't seted ip , so close it
[48471.973784] accepted a http connect , new connect ip is  192.168.43.186
[48471.980572]                           old connect ip is  192.168.43.237
[48471.987235]                                     but it isn't seted ip , so close it
[48472.517400] accepted a http connect , new connect ip is  192.168.43.186
[48472.524160]                           old connect ip is  192.168.43.237
[48472.530834]                                     but it isn't seted ip , so close it
[48473.056606] accepted a http connect , new connect ip is  192.168.43.186
[48473.063287]                           old connect ip is  192.168.43.237
[48473.069928]                                     but it isn't seted ip , so close it
[48473.586594] accepted a http connect , new connect ip is  192.168.43.186
[48473.593252]                           old connect ip is  192.168.43.237
[48473.599899]                                     but it isn't seted ip , so close it
[48474.116840] accepted a http connect , new connect ip is  192.168.43.186
[48474.123521]                           old connect ip is  192.168.43.237
[48474.130162]                                     but it isn't seted ip , so close it
[48474.646363] accepted a http connect , new connect ip is  192.168.43.186
[48474.653043]                           old connect ip is  192.168.43.237
[48474.659699]                                     but it isn't seted ip , so close it
[48475.176352] accepted a http connect , new connect ip is  192.168.43.186
[48475.183011]                           old connect ip is  192.168.43.237
[48475.189640]                                     but it isn't seted ip , so close it
[48475.706492] accepted a http connect , new connect ip is  192.168.43.186
[48475.713161]                           old connect ip is  192.168.43.237
[48475.719797]                                     but it isn't seted ip , so close it
[48476.236482] accepted a http connect , new connect ip is  192.168.43.186
[48476.243227]                           old connect ip is  192.168.43.237
[48476.249889]                                     but it isn't seted ip , so close it
[48476.766663] accepted a http connect , new connect ip is  192.168.43.186
[48476.773566]                           old connect ip is  192.168.43.237
[48476.780264]                                     but it isn't seted ip , so close it
[48477.307543] accepted a http connect , new connect ip is  192.168.43.186
[48477.314305]                           old connect ip is  192.168.43.237
[48477.320966]                                     but it isn't seted ip , so close it
[48477.834519] accepted a http connect , new connect ip is  192.168.43.186
[48477.841313]                           old connect ip is  192.168.43.237
[48477.848020]                                     but it isn't seted ip , so close it
[48478.366861] accepted a http connect , new connect ip is  192.168.43.186
[48478.373738]                           old connect ip is  192.168.43.237
[48478.380442]                                     but it isn't seted ip , so close it
[48478.894469] accepted a http connect , new connect ip is  192.168.43.186
[48478.901214]                           old connect ip is  192.168.43.237
[48478.907864]                                     but it isn't seted ip , so close it
[48479.420224] accepted a http connect , new connect ip is  192.168.43.186
[48479.427027]                           old connect ip is  192.168.43.237
[48479.433736]                                     but it isn't seted ip , so close it
[48479.946422] accepted a http connect , new connect ip is  192.168.43.186
[48479.953186]                           old connect ip is  192.168.43.237
[48479.959848]                                     but it isn't seted ip , so close it
[48480.486232] accepted a http connect , new connect ip is  192.168.43.186
[48480.492990]                           old connect ip is  192.168.43.237
[48480.499639]                                     but it isn't seted ip , so close it
[48481.011489] accepted a http connect , new connect ip is  192.168.43.186
[48481.018257]                           old connect ip is  192.168.43.237
[48481.024921]                                     but it isn't seted ip , so close it
[48481.556332] accepted a http connect , new connect ip is  192.168.43.186
[48481.563091]                           old connect ip is  192.168.43.237
[48481.569747]                                     but it isn't seted ip , so close it
[48482.086606] accepted a http connect , new connect ip is  192.168.43.186
[48482.093488]                           old connect ip is  192.168.43.237
[48482.100156]                                     but it isn't seted ip , so close it
[48482.616464] accepted a http connect , new connect ip is  192.168.43.186
[48482.623292]                           old connect ip is  192.168.43.237
[48482.629990]                                     but it isn't seted ip , so close it
[48483.146340] accepted a http connect , new connect ip is  192.168.43.186
[48483.153101]                           old connect ip is  192.168.43.237
[48483.159751]                                     but it isn't seted ip , so close it
[48483.676356] accepted a http connect , new connect ip is  192.168.43.186
[48483.683120]                           old connect ip is  192.168.43.237
[48483.689791]                                     but it isn't seted ip , so close it
[48484.206491] accepted a http connect , new connect ip is  192.168.43.186
[48484.213310]                           old connect ip is  192.168.43.237
[48484.219972]                                     but it isn't seted ip , so close it
[48484.747011] accepted a http connect , new connect ip is  192.168.43.186
[48484.753818]                           old connect ip is  192.168.43.237
[48484.760505]                                     but it isn't seted ip , so close it
[48485.286455] accepted a http connect , new connect ip is  192.168.43.186
[48485.293267]                           old connect ip is  192.168.43.237
[48485.300036]                                     but it isn't seted ip , so close it
[48485.817190] accepted a http connect , new connect ip is  192.168.43.186
[48485.823982]                           old connect ip is  192.168.43.237
[48485.830629]                                     but it isn't seted ip , so close it
[48486.356352] accepted a http connect , new connect ip is  192.168.43.186
[48486.363098]                           old connect ip is  192.168.43.237
[48486.369769]                                     but it isn't seted ip , so close it
[48486.882271] accepted a http connect , new connect ip is  192.168.43.186
[48486.889012]                           old connect ip is  192.168.43.237
[48486.895691]                                     but it isn't seted ip , so close it
[48487.416417] accepted a http connect , new connect ip is  192.168.43.186
[48487.423166]                           old connect ip is  192.168.43.237
[48487.429819]                                     but it isn't seted ip , so close it
[48487.941812] accepted a http connect , new connect ip is  192.168.43.186
[48487.948588]                           old connect ip is  192.168.43.237
[48487.955278]                                     but it isn't seted ip , so close it
[48488.476192] accepted a http connect , new connect ip is  192.168.43.186
[48488.482924]                           old connect ip is  192.168.43.237
[48488.489624]                                     but it isn't seted ip , so close it
[48489.001806] accepted a http connect , new connect ip is  192.168.43.186
[48489.008560]                           old connect ip is  192.168.43.237
[48489.015250]                                     but it isn't seted ip , so close it
[48489.536086] accepted a http connect , new connect ip is  192.168.43.186
[48489.542810]                           old connect ip is  192.168.43.237
[48489.549533]                                     but it isn't seted ip , so close it
[48490.061919] accepted a http connect , new connect ip is  192.168.43.186
[48490.068725]                           old connect ip is  192.168.43.237
[48490.075413]                                     but it isn't seted ip , so close it
[48490.596364] accepted a http connect , new connect ip is  192.168.43.186
[48490.603148]                           old connect ip is  192.168.43.237
[48490.609812]                                     but it isn't seted ip , so close it
[48491.123637] accepted a http connect , new connect ip is  192.168.43.186
[48491.130383]                           old connect ip is  192.168.43.237
[48491.137065]                                     but it isn't seted ip , so close it
[48491.656640] accepted a http connect , new connect ip is  192.168.43.186
[48491.663427]                           old connect ip is  192.168.43.237
[48491.670074]                                     but it isn't seted ip , so close it
[48492.202534] accepted a http connect , new connect ip is  192.168.43.186
[48492.209305]                           old connect ip is  192.168.43.237
[48492.215968]                                     but it isn't seted ip , so close it
[48492.736553] accepted a http connect , new connect ip is  192.168.43.186
[48492.743343]                           old connect ip is  192.168.43.237
[48492.750006]                                     but it isn't seted ip , so close it
[48493.266209] accepted a http connect , new connect ip is  192.168.43.186
[48493.272960]                           old connect ip is  192.168.43.237
[48493.279610]                                     but it isn't seted ip , so close it
[48493.796226] accepted a http connect , new connect ip is  192.168.43.186
[48493.802979]                           old connect ip is  192.168.43.237
[48493.809636]                                     but it isn't seted ip , so close it
[48494.336208] accepted a http connect , new connect ip is  192.168.43.186
[48494.342939]                           old connect ip is  192.168.43.237
[48494.349589]                                     but it isn't seted ip , so close it
[48494.861664] accepted a http connect , new connect ip is  192.168.43.186
[48494.868418]                           old connect ip is  192.168.43.237
[48494.875217]                                     but it isn't seted ip , so close it
[48495.396459] accepted a http connect , new connect ip is  192.168.43.186
[48495.403289]                           old connect ip is  192.168.43.237
[48495.409992]                                     but it isn't seted ip , so close it
[48495.922470] accepted a http connect , new connect ip is  192.168.43.186
[48495.929237]                           old connect ip is  192.168.43.237
[48495.935950]                                     but it isn't seted ip , so close it
[48496.457778] accepted a http connect , new connect ip is  192.168.43.186
[48496.464581]                           old connect ip is  192.168.43.237
[48496.471253]                                     but it isn't seted ip , so close it
[48496.987087] accepted a http connect , new connect ip is  192.168.43.186
[48496.993844]                           old connect ip is  192.168.43.237
[48497.000518]                                     but it isn't seted ip , so close it
[48497.516235] accepted a http connect , new connect ip is  192.168.43.186
[48497.522976]                           old connect ip is  192.168.43.237
[48497.529638]                                     but it isn't seted ip , so close it
[48498.041014] accepted a http connect , new connect ip is  192.168.43.186
[48498.047806]                           old connect ip is  192.168.43.237
[48498.054484]                                     but it isn't seted ip , so close it
[48498.576550] accepted a http connect , new connect ip is  192.168.43.186
[48498.583397]                           old connect ip is  192.168.43.237
[48498.590066]                                     but it isn't seted ip , so close it
[48499.106261] accepted a http connect , new connect ip is  192.168.43.186
[48499.113161]                           old connect ip is  192.168.43.237
[48499.119932]                                     but it isn't seted ip , so close it
[48499.646234] accepted a http connect , new connect ip is  192.168.43.186
[48499.652987]                           old connect ip is  192.168.43.237
[48499.659650]                                     but it isn't seted ip , so close it
[48500.176161] accepted a http connect , new connect ip is  192.168.43.186
[48500.182903]                           old connect ip is  192.168.43.237
[48500.189547]                                     but it isn't seted ip , so close it
[48500.706065] accepted a http connect , new connect ip is  192.168.43.186
[48500.712811]                           old connect ip is  192.168.43.237
[48500.719496]                                     but it isn't seted ip , so close it
[48501.236118] accepted a http connect , new connect ip is  192.168.43.186
[48501.242971]                           old connect ip is  192.168.43.237
[48501.249658]                                     but it isn't seted ip , so close it
[48501.762442] accepted a http connect , new connect ip is  192.168.43.186
[48501.769234]                           old connect ip is  192.168.43.237
[48501.775900]                                     but it isn't seted ip , so close it
[48502.290851] accepted a http connect , new connect ip is  192.168.43.186
[48502.297922]                           old connect ip is  192.168.43.237
[48502.304714]                                     but it isn't seted ip , so close it
[48502.826376] accepted a http connect , new connect ip is  192.168.43.186
[48502.833249]                           old connect ip is  192.168.43.237
[48502.839987]                                     but it isn't seted ip , so close it
[48503.366398] accepted a http connect , new connect ip is  192.168.43.186
[48503.373173]                           old connect ip is  192.168.43.237
[48503.379827]                                     but it isn't seted ip , so close it
[48503.892192] accepted a http connect , new connect ip is  192.168.43.186
[48503.898979]                           old connect ip is  192.168.43.237
[48503.905622]                                     but it isn't seted ip , so close it
[48504.426072] accepted a http connect , new connect ip is  192.168.43.186
[48504.432824]                           old connect ip is  192.168.43.237
[48504.439502]                                     but it isn't seted ip , so close it
[48504.951847] accepted a http connect , new connect ip is  192.168.43.186
[48504.958628]                           old connect ip is  192.168.43.237
[48504.965295]                                     but it isn't seted ip , so close it
[48505.486039] accepted a http connect , new connect ip is  192.168.43.186
[48505.492770]                           old connect ip is  192.168.43.237
[48505.499431]                                     but it isn't seted ip , so close it
[48506.011404] accepted a http connect , new connect ip is  192.168.43.186
[48506.018171]                           old connect ip is  192.168.43.237
[48506.024837]                                     but it isn't seted ip , so close it
[48506.546055] accepted a http connect , new connect ip is  192.168.43.186
[48506.552795]                           old connect ip is  192.168.43.237
[48506.559461]                                     but it isn't seted ip , so close it
[48507.076167] accepted a http connect , new connect ip is  192.168.43.186
[48507.082922]                           old connect ip is  192.168.43.237
[48507.089591]                                     but it isn't seted ip , so close it
[48507.617502] accepted a http connect , new connect ip is  192.168.43.186
[48507.624305]                           old connect ip is  192.168.43.237
[48507.630950]                                     but it isn't seted ip , so close it
[48508.156460] accepted a http connect , new connect ip is  192.168.43.186
[48508.163247]                           old connect ip is  192.168.43.237
[48508.169925]                                     but it isn't seted ip , so close it
[48508.696169] accepted a http connect , new connect ip is  192.168.43.186
[48508.702933]                           old connect ip is  192.168.43.237
[48508.709669]                                     but it isn't seted ip , so close it
[48509.226166] accepted a http connect , new connect ip is  192.168.43.186
[48509.232910]                           old connect ip is  192.168.43.237
[48509.239560]                                     but it isn't seted ip , so close it
[48509.756317] accepted a http connect , new connect ip is  192.168.43.186
[48509.763083]                           old connect ip is  192.168.43.237
[48509.769757]                                     but it isn't seted ip , so close it
[48510.286142] accepted a http connect , new connect ip is  192.168.43.186
[48510.292885]                           old connect ip is  192.168.43.237
[48510.299540]                                     but it isn't seted ip , so close it
[48510.815560] accepted a http connect , new connect ip is  192.168.43.186
[48510.822310]                           old connect ip is  192.168.43.237
[48510.828954]                                     but it isn't seted ip , so close it
[48511.346251] accepted a http connect , new connect ip is  192.168.43.186
[48511.353007]                           old connect ip is  192.168.43.237
[48511.359729]                                     but it isn't seted ip , so close it
[48511.871060] accepted a http connect , new connect ip is  192.168.43.186
[48511.877808]                           old connect ip is  192.168.43.237
[48511.884482]                                     but it isn't seted ip , so close it
[48512.406210] accepted a http connect , new connect ip is  192.168.43.186
[48512.412962]                           old connect ip is  192.168.43.237
[48512.419672]                                     but it isn't seted ip , so close it
[48512.931802] accepted a http connect , new connect ip is  192.168.43.186
[48512.938575]                           old connect ip is  192.168.43.237
[48512.945231]                                     but it isn't seted ip , so close it
[48513.465997] accepted a http connect , new connect ip is  192.168.43.186
[48513.472733]                           old connect ip is  192.168.43.237
[48513.479421]                                     but it isn't seted ip , so close it
[48513.991600] accepted a http connect , new connect ip is  192.168.43.186
[48513.998411]                           old connect ip is  192.168.43.237
[48514.005067]                                     but it isn't seted ip , so close it
[48514.518542] accepted a http connect , new connect ip is  192.168.43.186
[48514.525408]                           old connect ip is  192.168.43.237
[48514.532111]                                     but it isn't seted ip , so close it
[48515.047122] accepted a http connect , new connect ip is  192.168.43.186
[48515.053957]                           old connect ip is  192.168.43.237
[48515.060642]                                     but it isn't seted ip , so close it
[48515.585965] accepted a http connect , new connect ip is  192.168.43.186
[48515.592707]                           old connect ip is  192.168.43.237
[48515.599373]                                     but it isn't seted ip , so close it
[48516.118006] accepted a http connect , new connect ip is  192.168.43.186
[48516.124791]                           old connect ip is  192.168.43.237
[48516.131480]                                     but it isn't seted ip , so close it
[48516.656330] accepted a http connect , new connect ip is  192.168.43.186
[48516.663100]                           old connect ip is  192.168.43.237
[48516.669751]                                     but it isn't seted ip , so close it
[48517.196182] accepted a http connect , new connect ip is  192.168.43.186
[48517.202944]                           old connect ip is  192.168.43.237
[48517.209597]                                     but it isn't seted ip , so close it
[48517.725999] accepted a http connect , new connect ip is  192.168.43.186
[48517.732752]                           old connect ip is  192.168.43.237
[48517.739423]                                     but it isn't seted ip , so close it
[48518.256082] accepted a http connect , new connect ip is  192.168.43.186
[48518.262902]                           old connect ip is  192.168.43.237
[48518.269580]                                     but it isn't seted ip , so close it
[48518.785804] accepted a http connect , new connect ip is  192.168.43.186
[48518.792562]                           old connect ip is  192.168.43.237
[48518.799220]                                     but it isn't seted ip , so close it
[48519.316002] accepted a http connect , new connect ip is  192.168.43.186
[48519.322749]                           old connect ip is  192.168.43.237
[48519.329402]                                     but it isn't seted ip , so close it
[48519.846151] accepted a http connect , new connect ip is  192.168.43.186
[48519.852927]                           old connect ip is  192.168.43.237
[48519.859601]                                     but it isn't seted ip , so close it
[48520.386048] accepted a http connect , new connect ip is  192.168.43.186
[48520.392921]                           old connect ip is  192.168.43.237
[48520.399591]                                     but it isn't seted ip , so close it
[48520.917390] accepted a http connect , new connect ip is  192.168.43.186
[48520.924149]                           old connect ip is  192.168.43.237
[48520.930906]                                     but it isn't seted ip , so close it
[48521.456016] accepted a http connect , new connect ip is  192.168.43.186
[48521.462769]                           old connect ip is  192.168.43.237
[48521.469411]                                     but it isn't seted ip , so close it
[48521.984824] accepted a http connect , new connect ip is  192.168.43.186
[48521.991520]                           old connect ip is  192.168.43.237
[48521.998171]                                     but it isn't seted ip , so close it
[48522.515867] accepted a http connect , new connect ip is  192.168.43.186
[48522.522606]                           old connect ip is  192.168.43.237
[48522.529268]                                     but it isn't seted ip , so close it
[48523.041548] accepted a http connect , new connect ip is  192.168.43.186
[48523.048317]                           old connect ip is  192.168.43.237
[48523.054981]                                     but it isn't seted ip , so close it
[48523.575993] accepted a http connect , new connect ip is  192.168.43.186
[48523.582724]                           old connect ip is  192.168.43.237
[48523.589385]                                     but it isn't seted ip , so close it
[48524.102701] accepted a http connect , new connect ip is  192.168.43.186
[48524.109434]                           old connect ip is  192.168.43.237
[48524.116128]                                     but it isn't seted ip , so close it
[48524.636011] accepted a http connect , new connect ip is  192.168.43.186
[48524.642749]                           old connect ip is  192.168.43.237
[48524.649419]                                     but it isn't seted ip , so close it
[48525.161336] accepted a http connect , new connect ip is  192.168.43.186
[48525.168101]                           old connect ip is  192.168.43.237
[48525.174772]                                     but it isn't seted ip , so close it
[48525.688558] accepted a http connect , new connect ip is  192.168.43.186
[48525.695341]                           old connect ip is  192.168.43.237
[48525.701996]                                     but it isn't seted ip , so close it
[48526.227806] accepted a http connect , new connect ip is  192.168.43.186
[48526.234546]                           old connect ip is  192.168.43.237
[48526.241194]                                     but it isn't seted ip , so close it
[48526.767371] accepted a http connect , new connect ip is  192.168.43.186
[48526.774409]                           old connect ip is  192.168.43.237
[48526.781087]                                     but it isn't seted ip , so close it
[48527.306261] accepted a http connect , new connect ip is  192.168.43.186
[48527.313104]                           old connect ip is  192.168.43.237
[48527.319831]                                     but it isn't seted ip , so close it
[48527.835746] accepted a http connect , new connect ip is  192.168.43.186
[48527.842497]                           old connect ip is  192.168.43.237
[48527.849156]                                     but it isn't seted ip , so close it
[48528.365853] accepted a http connect , new connect ip is  192.168.43.186
[48528.372598]                           old connect ip is  192.168.43.237
[48528.379258]                                     but it isn't seted ip , so close it
[48528.895971] accepted a http connect , new connect ip is  192.168.43.186
[48528.902704]                           old connect ip is  192.168.43.237
[48528.909409]                                     but it isn't seted ip , so close it
[48529.435954] accepted a http connect , new connect ip is  192.168.43.186
[48529.442688]                           old connect ip is  192.168.43.237
[48529.449347]                                     but it isn't seted ip , so close it
[48529.961556] accepted a http connect , new connect ip is  192.168.43.186
[48529.968304]                           old connect ip is  192.168.43.237
[48529.974989]                                     but it isn't seted ip , so close it
[48530.495907] accepted a http connect , new connect ip is  192.168.43.186
[48530.502658]                           old connect ip is  192.168.43.237
[48530.509315]                                     but it isn't seted ip , so close it
[48531.022048] accepted a http connect , new connect ip is  192.168.43.186
[48531.028803]                           old connect ip is  192.168.43.237
[48531.035471]                                     but it isn't seted ip , so close it
[48531.555975] accepted a http connect , new connect ip is  192.168.43.186
[48531.562705]                           old connect ip is  192.168.43.237
[48531.569370]                                     but it isn't seted ip , so close it
[48532.081620] accepted a http connect , new connect ip is  192.168.43.186
[48532.088330]                           old connect ip is  192.168.43.237
[48532.095006]                                     but it isn't seted ip , so close it
[48532.615986] accepted a http connect , new connect ip is  192.168.43.186
[48532.622749]                           old connect ip is  192.168.43.237
[48532.629401]                                     but it isn't seted ip , so close it
[48533.146258] accepted a http connect , new connect ip is  192.168.43.186
[48533.153040]                           old connect ip is  192.168.43.237
[48533.159690]                                     but it isn't seted ip , so close it
[48533.676183] accepted a http connect , new connect ip is  192.168.43.186
[48533.682944]                           old connect ip is  192.168.43.237
[48533.689607]                                     but it isn't seted ip , so close it
[48534.205970] accepted a http connect , new connect ip is  192.168.43.186
[48534.212901]                           old connect ip is  192.168.43.237
[48534.219598]                                     but it isn't seted ip , so close it
[48534.735792] accepted a http connect , new connect ip is  192.168.43.186
[48534.742540]                           old connect ip is  192.168.43.237
[48534.749192]                                     but it isn't seted ip , so close it
[48535.265803] accepted a http connect , new connect ip is  192.168.43.186
[48535.272566]                           old connect ip is  192.168.43.237
[48535.279250]                                     but it isn't seted ip , so close it
[48535.795631] accepted a http connect , new connect ip is  192.168.43.186
[48535.802371]                           old connect ip is  192.168.43.237
[48535.809025]                                     but it isn't seted ip , so close it
[48536.325925] accepted a http connect , new connect ip is  192.168.43.186
[48536.332792]                           old connect ip is  192.168.43.237
[48536.339492]                                     but it isn't seted ip , so close it
[48536.851927] accepted a http connect , new connect ip is  192.168.43.186
[48536.858707]                           old connect ip is  192.168.43.237
[48536.865354]                                     but it isn't seted ip , so close it
[48537.377664] accepted a http connect , new connect ip is  192.168.43.186
[48537.384406]                           old connect ip is  192.168.43.237
[48537.391061]                                     but it isn't seted ip , so close it
[48537.916011] accepted a http connect , new connect ip is  192.168.43.186
[48537.922837]                           old connect ip is  192.168.43.237
[48537.929506]                                     but it isn't seted ip , so close it
[48538.456260] accepted a http connect , new connect ip is  192.168.43.186
[48538.463056]                           old connect ip is  192.168.43.237
[48538.469815]                                     but it isn't seted ip , so close it
[48538.983330] accepted a http connect , new connect ip is  192.168.43.186
[48538.990187]                           old connect ip is  192.168.43.237
[48538.996919]                                     but it isn't seted ip , so close it
[48539.515924] accepted a http connect , new connect ip is  192.168.43.186
[48539.522708]                           old connect ip is  192.168.43.237
[48539.529371]                                     but it isn't seted ip , so close it
[48540.041802] accepted a http connect , new connect ip is  192.168.43.186
[48540.048588]                           old connect ip is  192.168.43.237
[48540.055268]                                     but it isn't seted ip , so close it
[48540.575807] accepted a http connect , new connect ip is  192.168.43.186
[48540.582545]                           old connect ip is  192.168.43.237
[48540.589198]                                     but it isn't seted ip , so close it
[48541.105123] accepted a http connect , new connect ip is  192.168.43.186
[48541.111889]                           old connect ip is  192.168.43.237
[48541.118557]                                     but it isn't seted ip , so close it
[48541.635959] accepted a http connect , new connect ip is  192.168.43.186
[48541.642726]                           old connect ip is  192.168.43.237
[48541.649387]                                     but it isn't seted ip , so close it
[48542.165781] accepted a http connect , new connect ip is  192.168.43.186
[48542.172535]                           old connect ip is  192.168.43.237
[48542.179207]                                     but it isn't seted ip , so close it
[48542.695928] accepted a http connect , new connect ip is  192.168.43.186
[48542.702688]                           old connect ip is  192.168.43.237
[48542.709337]                                     but it isn't seted ip , so close it
[48543.236014] accepted a http connect , new connect ip is  192.168.43.186
[48543.242799]                           old connect ip is  192.168.43.237
[48543.249475]                                     but it isn't seted ip , so close it
[48543.768439] accepted a http connect , new connect ip is  192.168.43.186
[48543.775337]                           old connect ip is  192.168.43.237
[48543.782034]                                     but it isn't seted ip , so close it
[48544.305705] accepted a http connect , new connect ip is  192.168.43.186
[48544.312458]                           old connect ip is  192.168.43.237
[48544.319161]                                     but it isn't seted ip , so close it
[48544.845858] accepted a http connect , new connect ip is  192.168.43.186
[48544.852684]                           old connect ip is  192.168.43.237
[48544.859370]                                     but it isn't seted ip , so close it
[48545.375615] accepted a http connect , new connect ip is  192.168.43.186
[48545.382348]                           old connect ip is  192.168.43.237
[48545.388995]                                     but it isn't seted ip , so close it
[48545.905701] accepted a http connect , new connect ip is  192.168.43.186
[48545.912465]                           old connect ip is  192.168.43.237
[48545.919141]                                     but it isn't seted ip , so close it
[48546.435747] accepted a http connect , new connect ip is  192.168.43.186
[48546.442494]                           old connect ip is  192.168.43.237
[48546.449157]                                     but it isn't seted ip , so close it
[48546.962007] accepted a http connect , new connect ip is  192.168.43.186
[48546.968785]                           old connect ip is  192.168.43.237
[48546.975491]                                     but it isn't seted ip , so close it
[48547.495983] accepted a http connect , new connect ip is  192.168.43.186
[48547.502810]                           old connect ip is  192.168.43.237
[48547.509591]                                     but it isn't seted ip , so close it
[48548.024991] accepted a http connect , new connect ip is  192.168.43.186
[48548.031747]                           old connect ip is  192.168.43.237
[48548.038435]                                     but it isn't seted ip , so close it
[48548.550943] accepted a http connect , new connect ip is  192.168.43.186
[48548.557824]                           old connect ip is  192.168.43.237
[48548.564536]                                     but it isn't seted ip , so close it
[48549.077266] accepted a http connect , new connect ip is  192.168.43.186
[48549.084013]                           old connect ip is  192.168.43.237
[48549.090770]                                     but it isn't seted ip , so close it
[48549.615792] accepted a http connect , new connect ip is  192.168.43.186
[48549.622551]                           old connect ip is  192.168.43.237
[48549.629194]                                     but it isn't seted ip , so close it
[48550.144584] accepted a http connect , new connect ip is  192.168.43.186
[48550.151383]                           old connect ip is  192.168.43.237
[48550.158050]                                     but it isn't seted ip , so close it
[48550.685869] accepted a http connect , new connect ip is  192.168.43.186
[48550.692668]                           old connect ip is  192.168.43.237
[48550.699355]                                     but it isn't seted ip , so close it
[48551.225660] accepted a http connect , new connect ip is  192.168.43.186
[48551.232414]                           old connect ip is  192.168.43.237
[48551.239077]                                     but it isn't seted ip , so close it
[48551.755666] accepted a http connect , new connect ip is  192.168.43.186
[48551.762414]                           old connect ip is  192.168.43.237
[48551.769073]                                     but it isn't seted ip , so close it
[48552.285622] accepted a http connect , new connect ip is  192.168.43.186
[48552.292393]                           old connect ip is  192.168.43.237
[48552.299057]                                     but it isn't seted ip , so close it
[48552.815825] accepted a http connect , new connect ip is  192.168.43.186
[48552.822678]                           old connect ip is  192.168.43.237
[48552.829334]                                     but it isn't seted ip , so close it
[48553.355058] accepted a http connect , new connect ip is  192.168.43.186
[48553.361812]                           old connect ip is  192.168.43.237
[48553.368493]                                     but it isn't seted ip , so close it
[48553.885675] accepted a http connect , new connect ip is  192.168.43.186
[48553.892429]                           old connect ip is  192.168.43.237
[48553.899085]                                     but it isn't seted ip , so close it
[48554.415605] accepted a http connect , new connect ip is  192.168.43.186
[48554.422336]                           old connect ip is  192.168.43.237
[48554.428989]                                     but it isn't seted ip , so close it
[48554.946725] accepted a http connect , new connect ip is  192.168.43.186
[48554.953479]                           old connect ip is  192.168.43.237
[48554.960146]                                     but it isn't seted ip , so close it
[48555.485704] accepted a http connect , new connect ip is  192.168.43.186
[48555.492475]                           old connect ip is  192.168.43.237
[48555.499141]                                     but it isn't seted ip , so close it
[48556.011259] accepted a http connect , new connect ip is  192.168.43.186
[48556.018029]                           old connect ip is  192.168.43.237
[48556.024732]                                     but it isn't seted ip , so close it
[48556.545733] accepted a http connect , new connect ip is  192.168.43.186
[48556.552524]                           old connect ip is  192.168.43.237
[48556.559194]                                     but it isn't seted ip , so close it
[48557.071775] accepted a http connect , new connect ip is  192.168.43.186
[48557.078543]                           old connect ip is  192.168.43.237
[48557.085195]                                     but it isn't seted ip , so close it
[48557.605668] accepted a http connect , new connect ip is  192.168.43.186
[48557.612427]                           old connect ip is  192.168.43.237
[48557.619085]                                     but it isn't seted ip , so close it
[48558.131528] accepted a http connect , new connect ip is  192.168.43.186
[48558.138303]                           old connect ip is  192.168.43.237
[48558.144946]                                     but it isn't seted ip , so close it
[48558.665789] accepted a http connect , new connect ip is  192.168.43.186
[48558.672632]                           old connect ip is  192.168.43.237
[48558.679318]                                     but it isn't seted ip , so close it
[48559.195807] accepted a http connect , new connect ip is  192.168.43.186
[48559.202663]                           old connect ip is  192.168.43.237
[48559.209366]                                     but it isn't seted ip , so close it
[48559.724428] accepted a http connect , new connect ip is  192.168.43.186
[48559.731178]                           old connect ip is  192.168.43.237
[48559.737831]                                     but it isn't seted ip , so close it
[48560.255621] accepted a http connect , new connect ip is  192.168.43.186
[48560.262447]                           old connect ip is  192.168.43.237
[48560.269153]                                     but it isn't seted ip , so close it
[48560.781576] accepted a http connect , new connect ip is  192.168.43.186
[48560.788310]                           old connect ip is  192.168.43.237
[48560.794990]                                     but it isn't seted ip , so close it
[48561.315631] accepted a http connect , new connect ip is  192.168.43.186
[48561.322395]                           old connect ip is  192.168.43.237
[48561.329067]                                     but it isn't seted ip , so close it
[48561.858907] accepted a http connect , new connect ip is  192.168.43.186
[48561.865647]                           old connect ip is  192.168.43.237
[48561.872428]                                     but it isn't seted ip , so close it
[48562.395508] accepted a http connect , new connect ip is  192.168.43.186
[48562.402306]                           old connect ip is  192.168.43.237
[48562.408984]                                     but it isn't seted ip , so close it
[48562.935660] accepted a http connect , new connect ip is  192.168.43.186
[48562.942333]                           old connect ip is  192.168.43.237
[48562.948999]                                     but it isn't seted ip , so close it
[48563.465617] accepted a http connect , new connect ip is  192.168.43.186
[48563.472408]                           old connect ip is  192.168.43.237
[48563.479127]                                     but it isn't seted ip , so close it
[48563.991459] accepted a http connect , new connect ip is  192.168.43.186
[48563.998229]                           old connect ip is  192.168.43.237
[48564.004874]                                     but it isn't seted ip , so close it
[48564.525668] accepted a http connect , new connect ip is  192.168.43.186
[48564.532417]                           old connect ip is  192.168.43.237
[48564.539073]                                     but it isn't seted ip , so close it
[48565.051549] accepted a http connect , new connect ip is  192.168.43.186
[48565.058324]                           old connect ip is  192.168.43.237
[48565.064985]                                     but it isn't seted ip , so close it
[48565.585555] accepted a http connect , new connect ip is  192.168.43.186
[48565.592313]                           old connect ip is  192.168.43.237
[48565.598972]                                     but it isn't seted ip , so close it
[48566.113916] accepted a http connect , new connect ip is  192.168.43.186
[48566.120673]                           old connect ip is  192.168.43.237
[48566.127350]                                     but it isn't seted ip , so close it
[48566.645496] accepted a http connect , new connect ip is  192.168.43.186
[48566.652251]                           old connect ip is  192.168.43.237
[48566.658931]                                     but it isn't seted ip , so close it
[48567.170878] accepted a http connect , new connect ip is  192.168.43.186
[48567.177638]                           old connect ip is  192.168.43.237
[48567.184309]                                     but it isn't seted ip , so close it
[48567.705642] accepted a http connect , new connect ip is  192.168.43.186
[48567.712388]                           old connect ip is  192.168.43.237
[48567.719063]                                     but it isn't seted ip , so close it
[48568.245894] accepted a http connect , new connect ip is  192.168.43.186
[48568.252706]                           old connect ip is  192.168.43.237
[48568.259400]                                     but it isn't seted ip , so close it
[48568.775769] accepted a http connect , new connect ip is  192.168.43.186
[48568.782613]                           old connect ip is  192.168.43.237
[48568.789287]                                     but it isn't seted ip , so close it
[48569.305480] accepted a http connect , new connect ip is  192.168.43.186
[48569.312243]                           old connect ip is  192.168.43.237
[48569.318911]                                     but it isn't seted ip , so close it
[48569.830942] accepted a http connect , new connect ip is  192.168.43.186
[48569.837685]                           old connect ip is  192.168.43.237
[48569.844344]                                     but it isn't seted ip , so close it
[48570.375467] accepted a http connect , new connect ip is  192.168.43.186
[48570.382228]                           old connect ip is  192.168.43.237
[48570.389013]                                     but it isn't seted ip , so close it
[48570.906155] accepted a http connect , new connect ip is  192.168.43.186
[48570.912925]                           old connect ip is  192.168.43.237
[48570.919574]                                     but it isn't seted ip , so close it
[48571.443748] accepted a http connect , new connect ip is  192.168.43.186
[48571.450546]                           old connect ip is  192.168.43.237
[48571.457224]                                     but it isn't seted ip , so close it
[48571.973636] accepted a http connect , new connect ip is  192.168.43.186
[48571.980377]                           old connect ip is  192.168.43.237
[48571.987027]                                     but it isn't seted ip , so close it
[48572.505556] accepted a http connect , new connect ip is  192.168.43.186
[48572.512308]                           old connect ip is  192.168.43.237
[48572.519051]                                     but it isn't seted ip , so close it
[48573.031243] accepted a http connect , new connect ip is  192.168.43.186
[48573.037991]                           old connect ip is  192.168.43.237
[48573.044670]                                     but it isn't seted ip , so close it
[48573.565693] accepted a http connect , new connect ip is  192.168.43.186
[48573.572470]                           old connect ip is  192.168.43.237
[48573.579145]                                     but it isn't seted ip , so close it
[48574.092358] accepted a http connect , new connect ip is  192.168.43.186
[48574.099158]                           old connect ip is  192.168.43.237
[48574.105806]                                     but it isn't seted ip , so close it
[48574.625558] accepted a http connect , new connect ip is  192.168.43.186
[48574.632400]                           old connect ip is  192.168.43.237
[48574.639069]                                     but it isn't seted ip , so close it
[48575.153736] accepted a http connect , new connect ip is  192.168.43.186
[48575.160489]                           old connect ip is  192.168.43.237
[48575.167144]                                     but it isn't seted ip , so close it
[48575.685335] accepted a http connect , new connect ip is  192.168.43.186
[48575.692102]                           old connect ip is  192.168.43.237
[48575.698765]                                     but it isn't seted ip , so close it
[48576.216219] accepted a http connect , new connect ip is  192.168.43.186
[48576.223028]                           old connect ip is  192.168.43.237
[48576.229677]                                     but it isn't seted ip , so close it
[48576.745645] accepted a http connect , new connect ip is  192.168.43.186
[48576.752418]                           old connect ip is  192.168.43.237
[48576.759092]                                     but it isn't seted ip , so close it
[48577.275316] accepted a http connect , new connect ip is  192.168.43.186
[48577.282072]                           old connect ip is  192.168.43.237
[48577.288798]                                     but it isn't seted ip , so close it
[48577.805303] accepted a http connect , new connect ip is  192.168.43.186
[48577.812066]                           old connect ip is  192.168.43.237
[48577.818740]                                     but it isn't seted ip , so close it
[48578.335304] accepted a http connect , new connect ip is  192.168.43.186
[48578.342051]                           old connect ip is  192.168.43.237
[48578.348698]                                     but it isn't seted ip , so close it
[48578.865589] accepted a http connect , new connect ip is  192.168.43.186
[48578.872347]                           old connect ip is  192.168.43.237
[48578.879008]                                     but it isn't seted ip , so close it
[48579.395305] accepted a http connect , new connect ip is  192.168.43.186
[48579.402042]                           old connect ip is  192.168.43.237
[48579.408760]                                     but it isn't seted ip , so close it
[48579.935551] accepted a http connect , new connect ip is  192.168.43.186
[48579.942418]                           old connect ip is  192.168.43.237
[48579.949094]                                     but it isn't seted ip , so close it
[48580.475598] accepted a http connect , new connect ip is  192.168.43.186
[48580.482293]                           old connect ip is  192.168.43.237
[48580.488965]                                     but it isn't seted ip , so close it
[48581.003962] accepted a http connect , new connect ip is  192.168.43.186
[48581.010642]                           old connect ip is  192.168.43.237
[48581.017289]                                     but it isn't seted ip , so close it
[48581.535463] accepted a http connect , new connect ip is  192.168.43.186
[48581.542214]                           old connect ip is  192.168.43.237
[48581.548954]                                     but it isn't seted ip , so close it
[48582.062675] accepted a http connect , new connect ip is  192.168.43.186
[48582.069413]                           old connect ip is  192.168.43.237
[48582.076085]                                     but it isn't seted ip , so close it
[48582.595301] accepted a http connect , new connect ip is  192.168.43.186
[48582.602052]                           old connect ip is  192.168.43.237
[48582.608716]                                     but it isn't seted ip , so close it
[48583.124398] accepted a http connect , new connect ip is  192.168.43.186
[48583.131202]                           old connect ip is  192.168.43.237
[48583.137857]                                     but it isn't seted ip , so close it
[48583.655426] accepted a http connect , new connect ip is  192.168.43.186
[48583.662252]                           old connect ip is  192.168.43.237
[48583.668898]                                     but it isn't seted ip , so close it
[48584.184170] accepted a http connect , new connect ip is  192.168.43.186
[48584.190916]                           old connect ip is  192.168.43.237
[48584.197586]                                     but it isn't seted ip , so close it
[48584.715411] accepted a http connect , new connect ip is  192.168.43.186
[48584.722198]                           old connect ip is  192.168.43.237
[48584.728861]                                     but it isn't seted ip , so close it
[48585.245299] accepted a http connect , new connect ip is  192.168.43.186
[48585.252078]                           old connect ip is  192.168.43.237
[48585.258748]                                     but it isn't seted ip , so close it
[48585.784819] accepted a http connect , new connect ip is  192.168.43.186
[48585.791576]                           old connect ip is  192.168.43.237
[48585.798264]                                     but it isn't seted ip , so close it
[48586.325461] accepted a http connect , new connect ip is  192.168.43.186
[48586.332256]                           old connect ip is  192.168.43.237
[48586.338951]                                     but it isn't seted ip , so close it
[48586.865264] accepted a http connect , new connect ip is  192.168.43.186
[48586.872007]                           old connect ip is  192.168.43.237
[48586.878745]                                     but it isn't seted ip , so close it
[48587.395525] accepted a http connect , new connect ip is  192.168.43.186
[48587.402291]                           old connect ip is  192.168.43.237
[48587.408957]                                     but it isn't seted ip , so close it
[48587.935199] accepted a http connect , new connect ip is  192.168.43.186
[48587.941930]                           old connect ip is  192.168.43.237
[48587.948595]                                     but it isn't seted ip , so close it
[48588.465430] accepted a http connect , new connect ip is  192.168.43.186
[48588.472177]                           old connect ip is  192.168.43.237
[48588.478850]                                     but it isn't seted ip , so close it
[48588.995468] accepted a http connect , new connect ip is  192.168.43.186
[48589.002294]                           old connect ip is  192.168.43.237
[48589.008959]                                     but it isn't seted ip , so close it
[48589.536289] accepted a http connect , new connect ip is  192.168.43.186
[48589.543122]                           old connect ip is  192.168.43.237
[48589.549768]                                     but it isn't seted ip , so close it
[48590.062551] accepted a http connect , new connect ip is  192.168.43.186
[48590.069284]                           old connect ip is  192.168.43.237
[48590.075962]                                     but it isn't seted ip , so close it
[48590.605468] accepted a http connect , new connect ip is  192.168.43.186
[48590.612292]                           old connect ip is  192.168.43.237
[48590.618949]                                     but it isn't seted ip , so close it
[48591.131501] accepted a http connect , new connect ip is  192.168.43.186
[48591.138274]                           old connect ip is  192.168.43.237
[48591.144925]                                     but it isn't seted ip , so close it
[48591.665484] accepted a http connect , new connect ip is  192.168.43.186
[48591.672253]                           old connect ip is  192.168.43.237
[48591.678946]                                     but it isn't seted ip , so close it
[48592.191887] accepted a http connect , new connect ip is  192.168.43.186
[48592.198686]                           old connect ip is  192.168.43.237
[48592.205339]                                     but it isn't seted ip , so close it
[48592.725628] accepted a http connect , new connect ip is  192.168.43.186
[48592.732431]                           old connect ip is  192.168.43.237
[48592.739099]                                     but it isn't seted ip , so close it
[48593.265280] accepted a http connect , new connect ip is  192.168.43.186
[48593.272017]                           old connect ip is  192.168.43.237
[48593.278689]                                     but it isn't seted ip , so close it
[48593.795329] accepted a http connect , new connect ip is  192.168.43.186
[48593.802066]                           old connect ip is  192.168.43.237
[48593.808721]                                     but it isn't seted ip , so close it
[48594.322040] accepted a http connect , new connect ip is  192.168.43.186
[48594.328823]                           old connect ip is  192.168.43.237
[48594.335499]                                     but it isn't seted ip , so close it
[48594.855554] accepted a http connect , new connect ip is  192.168.43.186
[48594.862359]                           old connect ip is  192.168.43.237
[48594.869015]                                     but it isn't seted ip , so close it
[48595.381777] accepted a http connect , new connect ip is  192.168.43.186
[48595.388526]                           old connect ip is  192.168.43.237
[48595.395226]                                     but it isn't seted ip , so close it
[48595.915331] accepted a http connect , new connect ip is  192.168.43.186
[48595.922082]                           old connect ip is  192.168.43.237
[48595.928803]                                     but it isn't seted ip , so close it
[48596.445389] accepted a http connect , new connect ip is  192.168.43.186
[48596.452171]                           old connect ip is  192.168.43.237
[48596.458844]                                     but it isn't seted ip , so close it
[48596.976833] accepted a http connect , new connect ip is  192.168.43.186
[48596.983566]                           old connect ip is  192.168.43.237
[48596.990245]                                     but it isn't seted ip , so close it
[48597.515267] accepted a http connect , new connect ip is  192.168.43.186
[48597.522013]                           old connect ip is  192.168.43.237
[48597.528673]                                     but it isn't seted ip , so close it
[48598.043359] accepted a http connect , new connect ip is  192.168.43.186
[48598.050279]                           old connect ip is  192.168.43.237
[48598.056962]                                     but it isn't seted ip , so close it
[48598.585302] accepted a http connect , new connect ip is  192.168.43.186
[48598.592076]                           old connect ip is  192.168.43.237
[48598.598789]                                     but it isn't seted ip , so close it
[48599.111178] accepted a http connect , new connect ip is  192.168.43.186
[48599.117923]                           old connect ip is  192.168.43.237
[48599.124599]                                     but it isn't seted ip , so close it
[48599.645164] accepted a http connect , new connect ip is  192.168.43.186
[48599.651931]                           old connect ip is  192.168.43.237
[48599.658637]                                     but it isn't seted ip , so close it
[48600.171076] accepted a http connect , new connect ip is  192.168.43.186
[48600.177828]                           old connect ip is  192.168.43.237
[48600.184552]                                     but it isn't seted ip , so close it
[48600.705177] accepted a http connect , new connect ip is  192.168.43.186
[48600.711905]                           old connect ip is  192.168.43.237
[48600.718574]                                     but it isn't seted ip , so close it
[48601.230784] accepted a http connect , new connect ip is  192.168.43.186
[48601.237572]                           old connect ip is  192.168.43.237
[48601.244232]                                     but it isn't seted ip , so close it
[48601.765222] accepted a http connect , new connect ip is  192.168.43.186
[48601.772058]                           old connect ip is  192.168.43.237
[48601.778731]                                     but it isn't seted ip , so close it
[48602.305270] accepted a http connect , new connect ip is  192.168.43.186
[48602.312018]                           old connect ip is  192.168.43.237
[48602.318686]                                     but it isn't seted ip , so close it
[48602.835185] accepted a http connect , new connect ip is  192.168.43.186
[48602.841915]                           old connect ip is  192.168.43.237
[48602.848583]                                     but it isn't seted ip , so close it
[48603.365204] accepted a http connect , new connect ip is  192.168.43.186
[48603.371960]                           old connect ip is  192.168.43.237
[48603.378631]                                     but it isn't seted ip , so close it
[48603.895583] accepted a http connect , new connect ip is  192.168.43.186
[48603.902443]                           old connect ip is  192.168.43.237
[48603.909148]                                     but it isn't seted ip , so close it
[48604.434517] accepted a http connect , new connect ip is  192.168.43.186
[48604.441278]                           old connect ip is  192.168.43.237
[48604.447947]                                     but it isn't seted ip , so close it
[48604.965313] accepted a http connect , new connect ip is  192.168.43.186
[48604.972179]                           old connect ip is  192.168.43.237
[48604.978960]                                     but it isn't seted ip , so close it
[48605.505143] accepted a http connect , new connect ip is  192.168.43.186
[48605.512042]                           old connect ip is  192.168.43.237
[48605.518868]                                     but it isn't seted ip , so close it
[48606.038448] accepted a http connect , new connect ip is  192.168.43.186
[48606.045315]                           old connect ip is  192.168.43.237
[48606.052022]                                     but it isn't seted ip , so close it
[48606.575102] accepted a http connect , new connect ip is  192.168.43.186
[48606.581961]                           old connect ip is  192.168.43.237
[48606.588659]                                     but it isn't seted ip , so close it
[48607.101221] accepted a http connect , new connect ip is  192.168.43.186
[48607.107984]                           old connect ip is  192.168.43.237
[48607.114655]                                     but it isn't seted ip , so close it
[48607.635440] accepted a http connect , new connect ip is  192.168.43.186
[48607.642218]                           old connect ip is  192.168.43.237
[48607.648892]                                     but it isn't seted ip , so close it
[48608.164319] accepted a http connect , new connect ip is  192.168.43.186
[48608.171083]                           old connect ip is  192.168.43.237
[48608.177748]                                     but it isn't seted ip , so close it
[48608.695100] accepted a http connect , new connect ip is  192.168.43.186
[48608.701830]                           old connect ip is  192.168.43.237
[48608.708481]                                     but it isn't seted ip , so close it
[48609.220847] accepted a http connect , new connect ip is  192.168.43.186
[48609.227647]                           old connect ip is  192.168.43.237
[48609.234316]                                     but it isn't seted ip , so close it
[48609.755150] accepted a http connect , new connect ip is  192.168.43.186
[48609.761883]                           old connect ip is  192.168.43.237
[48609.768547]                                     but it isn't seted ip , so close it
[48610.286653] accepted a http connect , new connect ip is  192.168.43.186
[48610.293484]                           old connect ip is  192.168.43.237
[48610.300178]                                     but it isn't seted ip , so close it
[48610.825324] accepted a http connect , new connect ip is  192.168.43.186
[48610.832086]                           old connect ip is  192.168.43.237
[48610.838898]                                     but it isn't seted ip , so close it
[48611.365109] accepted a http connect , new connect ip is  192.168.43.186
[48611.371864]                           old connect ip is  192.168.43.237
[48611.378544]                                     but it isn't seted ip , so close it
[48611.895404] accepted a http connect , new connect ip is  192.168.43.186
[48611.902171]                           old connect ip is  192.168.43.237
[48611.908812]                                     but it isn't seted ip , so close it
[48612.421213] accepted a http connect , new connect ip is  192.168.43.186
[48612.427954]                           old connect ip is  192.168.43.237
[48612.434618]                                     but it isn't seted ip , so close it
[48612.955088] accepted a http connect , new connect ip is  192.168.43.186
[48612.961827]                           old connect ip is  192.168.43.237
[48612.968489]                                     but it isn't seted ip , so close it
[48613.485092] accepted a http connect , new connect ip is  192.168.43.186
[48613.491863]                           old connect ip is  192.168.43.237
[48613.498529]                                     but it isn't seted ip , so close it
[48614.014982] accepted a http connect , new connect ip is  192.168.43.186
[48614.021723]                           old connect ip is  192.168.43.237
[48614.028375]                                     but it isn't seted ip , so close it
[48614.555175] accepted a http connect , new connect ip is  192.168.43.186
[48614.561922]                           old connect ip is  192.168.43.237
[48614.568634]                                     but it isn't seted ip , so close it
[48615.082042] accepted a http connect , new connect ip is  192.168.43.186
[48615.088792]                           old connect ip is  192.168.43.237
[48615.095465]                                     but it isn't seted ip , so close it
[48615.615053] accepted a http connect , new connect ip is  192.168.43.186
[48615.621792]                           old connect ip is  192.168.43.237
[48615.628442]                                     but it isn't seted ip , so close it
[48616.141550] accepted a http connect , new connect ip is  192.168.43.186
[48616.148400]                           old connect ip is  192.168.43.237
[48616.155100]                                     but it isn't seted ip , so close it
[48616.675634] accepted a http connect , new connect ip is  192.168.43.186
[48616.682491]                           old connect ip is  192.168.43.237
[48616.689163]                                     but it isn't seted ip , so close it
[48617.202357] accepted a http connect , new connect ip is  192.168.43.186
[48617.209109]                           old connect ip is  192.168.43.237
[48617.215777]                                     but it isn't seted ip , so close it
[48617.745068] accepted a http connect , new connect ip is  192.168.43.186
[48617.751863]                           old connect ip is  192.168.43.237
[48617.758532]                                     but it isn't seted ip , so close it
[48618.285410] accepted a http connect , new connect ip is  192.168.43.186
[48618.292290]                           old connect ip is  192.168.43.237
[48618.299006]                                     but it isn't seted ip , so close it
[48618.825265] accepted a http connect , new connect ip is  192.168.43.186
[48618.832020]                           old connect ip is  192.168.43.237
[48618.838687]                                     but it isn't seted ip , so close it
[48619.352133] accepted a http connect , new connect ip is  192.168.43.186
[48619.358893]                           old connect ip is  192.168.43.237
[48619.365550]                                     but it isn't seted ip , so close it
[48619.885112] accepted a http connect , new connect ip is  192.168.43.186
[48619.891888]                           old connect ip is  192.168.43.237
[48619.898554]                                     but it isn't seted ip , so close it
[48620.425264] accepted a http connect , new connect ip is  192.168.43.186
[48620.432053]                           old connect ip is  192.168.43.237
[48620.438723]                                     but it isn't seted ip , so close it
[48620.964899] accepted a http connect , new connect ip is  192.168.43.186
[48620.971763]                           old connect ip is  192.168.43.237
[48620.978424]                                     but it isn't seted ip , so close it
[48621.505105] accepted a http connect , new connect ip is  192.168.43.186
[48621.511847]                           old connect ip is  192.168.43.237
[48621.518528]                                     but it isn't seted ip , so close it
[48622.038388] accepted a http connect , new connect ip is  192.168.43.186
[48622.045145]                           old connect ip is  192.168.43.237
[48622.051817]                                     but it isn't seted ip , so close it
[48622.575807] accepted a http connect , new connect ip is  192.168.43.186
[48622.582600]                           old connect ip is  192.168.43.237
[48622.589274]                                     but it isn't seted ip , so close it
[48623.102510] accepted a http connect , new connect ip is  192.168.43.186
[48623.109251]                           old connect ip is  192.168.43.237
[48623.115920]                                     but it isn't seted ip , so close it
[48623.636876] accepted a http connect , new connect ip is  192.168.43.186
[48623.643687]                           old connect ip is  192.168.43.237
[48623.650568]                                     but it isn't seted ip , so close it
[48624.162839] accepted a http connect , new connect ip is  192.168.43.186
[48624.169601]                           old connect ip is  192.168.43.237
[48624.176346]                                     but it isn't seted ip , so close it
[48624.694936] accepted a http connect , new connect ip is  192.168.43.186
[48624.701672]                           old connect ip is  192.168.43.237
[48624.708354]                                     but it isn't seted ip , so close it
[48625.220272] accepted a http connect , new connect ip is  192.168.43.186
[48625.227011]                           old connect ip is  192.168.43.237
[48625.233674]                                     but it isn't seted ip , so close it
[48625.755001] accepted a http connect , new connect ip is  192.168.43.186
[48625.761729]                           old connect ip is  192.168.43.237
[48625.768396]                                     but it isn't seted ip , so close it
[48626.285010] accepted a http connect , new connect ip is  192.168.43.186
[48626.291762]                           old connect ip is  192.168.43.237
[48626.298499]                                     but it isn't seted ip , so close it
[48626.824995] accepted a http connect , new connect ip is  192.168.43.186
[48626.831755]                           old connect ip is  192.168.43.237
[48626.838427]                                     but it isn't seted ip , so close it
[48627.355611] accepted a http connect , new connect ip is  192.168.43.186
[48627.362359]                           old connect ip is  192.168.43.237
[48627.369015]                                     but it isn't seted ip , so close it
[48627.884989] accepted a http connect , new connect ip is  192.168.43.186
[48627.891773]                           old connect ip is  192.168.43.237
[48627.898508]                                     but it isn't seted ip , so close it
[48628.415196] accepted a http connect , new connect ip is  192.168.43.186
[48628.421975]                           old connect ip is  192.168.43.237
[48628.428653]                                     but it isn't seted ip , so close it
[48628.954973] accepted a http connect , new connect ip is  192.168.43.186
[48628.961708]                           old connect ip is  192.168.43.237
[48628.968377]                                     but it isn't seted ip , so close it
[48629.485118] accepted a http connect , new connect ip is  192.168.43.186
[48629.491905]                           old connect ip is  192.168.43.237
[48629.498563]                                     but it isn't seted ip , so close it
[48630.024924] accepted a http connect , new connect ip is  192.168.43.186
[48630.031661]                           old connect ip is  192.168.43.237
[48630.038441]                                     but it isn't seted ip , so close it
[48630.555066] accepted a http connect , new connect ip is  192.168.43.186
[48630.561817]                           old connect ip is  192.168.43.237
[48630.568493]                                     but it isn't seted ip , so close it
[48631.081010] accepted a http connect , new connect ip is  192.168.43.186
[48631.087841]                           old connect ip is  192.168.43.237
[48631.094561]                                     but it isn't seted ip , so close it
[48631.615028] accepted a http connect , new connect ip is  192.168.43.186
[48631.621756]                           old connect ip is  192.168.43.237
[48631.628423]                                     but it isn't seted ip , so close it
[48632.140742] accepted a http connect , new connect ip is  192.168.43.186
[48632.147496]                           old connect ip is  192.168.43.237
[48632.154166]                                     but it isn't seted ip , so close it
[48632.674924] accepted a http connect , new connect ip is  192.168.43.186
[48632.681698]                           old connect ip is  192.168.43.237
[48632.688356]                                     but it isn't seted ip , so close it
[48633.205130] accepted a http connect , new connect ip is  192.168.43.186
[48633.211984]                           old connect ip is  192.168.43.237
[48633.218640]                                     but it isn't seted ip , so close it
[48633.744925] accepted a http connect , new connect ip is  192.168.43.186
[48633.751666]                           old connect ip is  192.168.43.237
[48633.758343]                                     but it isn't seted ip , so close it
[48634.270778] accepted a http connect , new connect ip is  192.168.43.186
[48634.277569]                           old connect ip is  192.168.43.237
[48634.284302]                                     but it isn't seted ip , so close it
[48634.805105] accepted a http connect , new connect ip is  192.168.43.186
[48634.811882]                           old connect ip is  192.168.43.237
[48634.818583]                                     but it isn't seted ip , so close it
[48635.334920] accepted a http connect , new connect ip is  192.168.43.186
[48635.341651]                           old connect ip is  192.168.43.237
[48635.348324]                                     but it isn't seted ip , so close it
[48635.864985] accepted a http connect , new connect ip is  192.168.43.186
[48635.871727]                           old connect ip is  192.168.43.237
[48635.878394]                                     but it isn't seted ip , so close it
[48636.394895] accepted a http connect , new connect ip is  192.168.43.186
[48636.401635]                           old connect ip is  192.168.43.237
[48636.408304]                                     but it isn't seted ip , so close it
[48636.925033] accepted a http connect , new connect ip is  192.168.43.186
[48636.932018]                           old connect ip is  192.168.43.237
[48636.938734]                                     but it isn't seted ip , so close it
[48637.454799] accepted a http connect , new connect ip is  192.168.43.186
[48637.461542]                           old connect ip is  192.168.43.237
[48637.468200]                                     but it isn't seted ip , so close it
[48637.984979] accepted a http connect , new connect ip is  192.168.43.186
[48637.991723]                           old connect ip is  192.168.43.237
[48637.998400]                                     but it isn't seted ip , so close it
[48638.515334] accepted a http connect , new connect ip is  192.168.43.186
[48638.522134]                           old connect ip is  192.168.43.237
[48638.528803]                                     but it isn't seted ip , so close it
[48639.045100] accepted a http connect , new connect ip is  192.168.43.186
[48639.051968]                           old connect ip is  192.168.43.237
[48639.058688]                                     but it isn't seted ip , so close it
[48639.584934] accepted a http connect , new connect ip is  192.168.43.186
[48639.591698]                           old connect ip is  192.168.43.237
[48639.598355]                                     but it isn't seted ip , so close it
[48640.110997] accepted a http connect , new connect ip is  192.168.43.186
[48640.117789]                           old connect ip is  192.168.43.237
[48640.124465]                                     but it isn't seted ip , so close it
[48640.644877] accepted a http connect , new connect ip is  192.168.43.186
[48640.651673]                           old connect ip is  192.168.43.237
[48640.658374]                                     but it isn't seted ip , so close it
[48641.172785] accepted a http connect , new connect ip is  192.168.43.186
[48641.179659]                           old connect ip is  192.168.43.237
[48641.186334]                                     but it isn't seted ip , so close it
[48641.704740] accepted a http connect , new connect ip is  192.168.43.186
[48641.711483]                           old connect ip is  192.168.43.237
[48641.718181]                                     but it isn't seted ip , so close it
[48642.234695] accepted a http connect , new connect ip is  192.168.43.186
[48642.241536]                           old connect ip is  192.168.43.237
[48642.248220]                                     but it isn't seted ip , so close it
[48642.764922] accepted a http connect , new connect ip is  192.168.43.186
[48642.771693]                           old connect ip is  192.168.43.237
[48642.778382]                                     but it isn't seted ip , so close it
[48643.292937] accepted a http connect , new connect ip is  192.168.43.186
[48643.299818]                           old connect ip is  192.168.43.237
[48643.306472]                                     but it isn't seted ip , so close it
[48643.824867] accepted a http connect , new connect ip is  192.168.43.186
[48643.831625]                           old connect ip is  192.168.43.237
[48643.838318]                                     but it isn't seted ip , so close it
[48644.354893] accepted a http connect , new connect ip is  192.168.43.186
[48644.361648]                           old connect ip is  192.168.43.237
[48644.368313]                                     but it isn't seted ip , so close it
[48644.884759] accepted a http connect , new connect ip is  192.168.43.186
[48644.891526]                           old connect ip is  192.168.43.237
[48644.898199]                                     but it isn't seted ip , so close it
[48645.424728] accepted a http connect , new connect ip is  192.168.43.186
[48645.431479]                           old connect ip is  192.168.43.237
[48645.438141]                                     but it isn't seted ip , so close it
[48645.955088] accepted a http connect , new connect ip is  192.168.43.186
[48645.961864]                           old connect ip is  192.168.43.237
[48645.968602]                                     but it isn't seted ip , so close it
[48646.495076] accepted a http connect , new connect ip is  192.168.43.186
[48646.501839]                           old connect ip is  192.168.43.237
[48646.508549]                                     but it isn't seted ip , so close it
[48647.034813] accepted a http connect , new connect ip is  192.168.43.186
[48647.041548]                           old connect ip is  192.168.43.237
[48647.048203]                                     but it isn't seted ip , so close it
[48647.564731] accepted a http connect , new connect ip is  192.168.43.186
[48647.571504]                           old connect ip is  192.168.43.237
[48647.578164]                                     but it isn't seted ip , so close it
[48648.097708] accepted a http connect , new connect ip is  192.168.43.186
[48648.104462]                           old connect ip is  192.168.43.237
[48648.111110]                                     but it isn't seted ip , so close it
[48648.634821] accepted a http connect , new connect ip is  192.168.43.186
[48648.641566]                           old connect ip is  192.168.43.237
[48648.648241]                                     but it isn't seted ip , so close it
[48649.160726] accepted a http connect , new connect ip is  192.168.43.186
[48649.167576]                           old connect ip is  192.168.43.237
[48649.174317]                                     but it isn't seted ip , so close it
[48649.694941] accepted a http connect , new connect ip is  192.168.43.186
[48649.701793]                           old connect ip is  192.168.43.237
[48649.708489]                                     but it isn't seted ip , so close it
[48650.220887] accepted a http connect , new connect ip is  192.168.43.186
[48650.227629]                           old connect ip is  192.168.43.237
[48650.234285]                                     but it isn't seted ip , so close it
[48650.754504] accepted a http connect , new connect ip is  192.168.43.186
[48650.761233]                           old connect ip is  192.168.43.237
[48650.767908]                                     but it isn't seted ip , so close it
[48651.280992] accepted a http connect , new connect ip is  192.168.43.186
[48651.287819]                           old connect ip is  192.168.43.237
[48651.294483]                                     but it isn't seted ip , so close it
[48651.816974] accepted a http connect , new connect ip is  192.168.43.186
[48651.823791]                           old connect ip is  192.168.43.237
[48651.830498]                                     but it isn't seted ip , so close it
[48652.355941] accepted a http connect , new connect ip is  192.168.43.186
[48652.362720]                           old connect ip is  192.168.43.237
[48652.369400]                                     but it isn't seted ip , so close it
[48652.894738] accepted a http connect , new connect ip is  192.168.43.186
[48652.901471]                           old connect ip is  192.168.43.237
[48652.908181]                                     but it isn't seted ip , so close it
[48653.425025] accepted a http connect , new connect ip is  192.168.43.186
[48653.431849]                           old connect ip is  192.168.43.237
[48653.438525]                                     but it isn't seted ip , so close it
[48653.951364] accepted a http connect , new connect ip is  192.168.43.186
[48653.958239]                           old connect ip is  192.168.43.237
[48653.964911]                                     but it isn't seted ip , so close it
[48654.484767] accepted a http connect , new connect ip is  192.168.43.186
[48654.491534]                           old connect ip is  192.168.43.237
[48654.498202]                                     but it isn't seted ip , so close it
[48655.014626] accepted a http connect , new connect ip is  192.168.43.186
[48655.021368]                           old connect ip is  192.168.43.237
[48655.028022]                                     but it isn't seted ip , so close it
[48655.554655] accepted a http connect , new connect ip is  192.168.43.186
[48655.561394]                           old connect ip is  192.168.43.237
[48655.568070]                                     but it isn't seted ip , so close it
[48656.084900] accepted a http connect , new connect ip is  192.168.43.186
[48656.091719]                           old connect ip is  192.168.43.237
[48656.098393]                                     but it isn't seted ip , so close it
[48656.624646] accepted a http connect , new connect ip is  192.168.43.186
[48656.631392]                           old connect ip is  192.168.43.237
[48656.638062]                                     but it isn't seted ip , so close it
[48657.150532] accepted a http connect , new connect ip is  192.168.43.186
[48657.157286]                           old connect ip is  192.168.43.237
[48657.163945]                                     but it isn't seted ip , so close it
[48657.684665] accepted a http connect , new connect ip is  192.168.43.186
[48657.691434]                           old connect ip is  192.168.43.237
[48657.698120]                                     but it isn't seted ip , so close it
[48658.212582] accepted a http connect , new connect ip is  192.168.43.186
[48658.219373]                           old connect ip is  192.168.43.237
[48658.226017]                                     but it isn't seted ip , so close it
[48658.744720] accepted a http connect , new connect ip is  192.168.43.186
[48658.751519]                           old connect ip is  192.168.43.237
[48658.758195]                                     but it isn't seted ip , so close it
[48659.271467] accepted a http connect , new connect ip is  192.168.43.186
[48659.278265]                           old connect ip is  192.168.43.237
[48659.284925]                                     but it isn't seted ip , so close it
[48659.805140] accepted a http connect , new connect ip is  192.168.43.186
[48659.811938]                           old connect ip is  192.168.43.237
[48659.818624]                                     but it isn't seted ip , so close it
[48660.334483] accepted a http connect , new connect ip is  192.168.43.186
[48660.341222]                           old connect ip is  192.168.43.237
[48660.347873]                                     but it isn't seted ip , so close it
[48660.864703] accepted a http connect , new connect ip is  192.168.43.186
[48660.871440]                           old connect ip is  192.168.43.237
[48660.878139]                                     but it isn't seted ip , so close it
[48661.394711] accepted a http connect , new connect ip is  192.168.43.186
[48661.401449]                           old connect ip is  192.168.43.237
[48661.408096]                                     but it isn't seted ip , so close it
[48661.924685] accepted a http connect , new connect ip is  192.168.43.186
[48661.931494]                           old connect ip is  192.168.43.237
[48661.938157]                                     but it isn't seted ip , so close it
[48662.454648] accepted a http connect , new connect ip is  192.168.43.186
[48662.461388]                           old connect ip is  192.168.43.237
[48662.468051]                                     but it isn't seted ip , so close it
[48662.984711] accepted a http connect , new connect ip is  192.168.43.186
[48662.991464]                           old connect ip is  192.168.43.237
[48662.998141]                                     but it isn't seted ip , so close it
[48663.524701] accepted a http connect , new connect ip is  192.168.43.186
[48663.531465]                           old connect ip is  192.168.43.237
[48663.538135]                                     but it isn't seted ip , so close it
[48664.065192] accepted a http connect , new connect ip is  192.168.43.186
[48664.071991]                           old connect ip is  192.168.43.237
[48664.078708]                                     but it isn't seted ip , so close it
[48664.604804] accepted a http connect , new connect ip is  192.168.43.186
[48664.611619]                           old connect ip is  192.168.43.237
[48664.618285]                                     but it isn't seted ip , so close it
[48665.135555] accepted a http connect , new connect ip is  192.168.43.186
[48665.142441]                           old connect ip is  192.168.43.237
[48665.149107]                                     but it isn't seted ip , so close it
[48665.674184] accepted a http connect , new connect ip is  192.168.43.186
[48665.680930]                           old connect ip is  192.168.43.237
[48665.687612]                                     but it isn't seted ip , so close it
[48666.200021] accepted a http connect , new connect ip is  192.168.43.186
[48666.206761]                           old connect ip is  192.168.43.237
[48666.213424]                                     but it isn't seted ip , so close it
[48666.734689] accepted a http connect , new connect ip is  192.168.43.186
[48666.741441]                           old connect ip is  192.168.43.237
[48666.748123]                                     but it isn't seted ip , so close it
[48667.260859] accepted a http connect , new connect ip is  192.168.43.186
[48667.267720]                           old connect ip is  192.168.43.237
[48667.274397]                                     but it isn't seted ip , so close it
[48667.799549] accepted a http connect , new connect ip is  192.168.43.186
[48667.806300]                           old connect ip is  192.168.43.237
[48667.812977]                                     but it isn't seted ip , so close it
[48668.325832] accepted a http connect , new connect ip is  192.168.43.186
[48668.332688]                           old connect ip is  192.168.43.237
[48668.339375]                                     but it isn't seted ip , so close it
[48668.864752] accepted a http connect , new connect ip is  192.168.43.186
[48668.871439]                           old connect ip is  192.168.43.237
[48668.878120]                                     but it isn't seted ip , so close it
[48669.414839] accepted a http connect , new connect ip is  192.168.43.186
[48669.421597]                           old connect ip is  192.168.43.237
[48669.428262]                                     but it isn't seted ip , so close it
[48669.944831] accepted a http connect , new connect ip is  192.168.43.186
[48669.951636]                           old connect ip is  192.168.43.237
[48669.958330]                                     but it isn't seted ip , so close it
[48670.485034] accepted a http connect , new connect ip is  192.168.43.186
[48670.491847]                           old connect ip is  192.168.43.237
[48670.498521]                                     but it isn't seted ip , so close it
[48671.014673] accepted a http connect , new connect ip is  192.168.43.186
[48671.021411]                           old connect ip is  192.168.43.237
[48671.028064]                                     but it isn't seted ip , so close it
[48671.554529] accepted a http connect , new connect ip is  192.168.43.186
[48671.561292]                           old connect ip is  192.168.43.237
[48671.567960]                                     but it isn't seted ip , so close it
[48672.084674] accepted a http connect , new connect ip is  192.168.43.186
[48672.091501]                           old connect ip is  192.168.43.237
[48672.098170]                                     but it isn't seted ip , so close it
[48672.614455] accepted a http connect , new connect ip is  192.168.43.186
[48672.621180]                           old connect ip is  192.168.43.237
[48672.627853]                                     but it isn't seted ip , so close it
[48673.140023] accepted a http connect , new connect ip is  192.168.43.186
[48673.146772]                           old connect ip is  192.168.43.237
[48673.153451]                                     but it isn't seted ip , so close it
[48673.674596] accepted a http connect , new connect ip is  192.168.43.186
[48673.681351]                           old connect ip is  192.168.43.237
[48673.688009]                                     but it isn't seted ip , so close it
[48674.200529] accepted a http connect , new connect ip is  192.168.43.186
[48674.207271]                           old connect ip is  192.168.43.237
[48674.213931]                                     but it isn't seted ip , so close it
[48674.734516] accepted a http connect , new connect ip is  192.168.43.186
[48674.741244]                           old connect ip is  192.168.43.237
[48674.747910]                                     but it isn't seted ip , so close it
[48675.260620] accepted a http connect , new connect ip is  192.168.43.186
[48675.267393]                           old connect ip is  192.168.43.237
[48675.274057]                                     but it isn't seted ip , so close it
[48675.794560] accepted a http connect , new connect ip is  192.168.43.186
[48675.801307]                           old connect ip is  192.168.43.237
[48675.807970]                                     but it isn't seted ip , so close it
[48676.323346] accepted a http connect , new connect ip is  192.168.43.186
[48676.330167]                           old connect ip is  192.168.43.237
[48676.336866]                                     but it isn't seted ip , so close it
[48676.854728] accepted a http connect , new connect ip is  192.168.43.186
[48676.861514]                           old connect ip is  192.168.43.237
[48676.868195]                                     but it isn't seted ip , so close it
[48677.394839] accepted a http connect , new connect ip is  192.168.43.186
[48677.401598]                           old connect ip is  192.168.43.237
[48677.408346]                                     but it isn't seted ip , so close it
[48677.920592] accepted a http connect , new connect ip is  192.168.43.186
[48677.927350]                           old connect ip is  192.168.43.237
[48677.934017]                                     but it isn't seted ip , so close it
[48678.454794] accepted a http connect , new connect ip is  192.168.43.186
[48678.461633]                           old connect ip is  192.168.43.237
[48678.468315]                                     but it isn't seted ip , so close it
[48678.981193] accepted a http connect , new connect ip is  192.168.43.186
[48678.988017]                           old connect ip is  192.168.43.237
[48678.994733]                                     but it isn't seted ip , so close it
[48679.514519] accepted a http connect , new connect ip is  192.168.43.186
[48679.521255]                           old connect ip is  192.168.43.237
[48679.527947]                                     but it isn't seted ip , so close it
[48680.044508] accepted a http connect , new connect ip is  192.168.43.186
[48680.051263]                           old connect ip is  192.168.43.237
[48680.057926]                                     but it isn't seted ip , so close it
[48680.574396] accepted a http connect , new connect ip is  192.168.43.186
[48680.581129]                           old connect ip is  192.168.43.237
[48680.587795]                                     but it isn't seted ip , so close it
[48681.104356] accepted a http connect , new connect ip is  192.168.43.186
[48681.111103]                           old connect ip is  192.168.43.237
[48681.117774]                                     but it isn't seted ip , so close it
[48681.634684] accepted a http connect , new connect ip is  192.168.43.186
[48681.641456]                           old connect ip is  192.168.43.237
[48681.648104]                                     but it isn't seted ip , so close it
[48682.161807] accepted a http connect , new connect ip is  192.168.43.186
[48682.168603]                           old connect ip is  192.168.43.237
[48682.175278]                                     but it isn't seted ip , so close it
[48682.704703] accepted a http connect , new connect ip is  192.168.43.186
[48682.711387]                           old connect ip is  192.168.43.237
[48682.718037]                                     but it isn't seted ip , so close it
[48683.230740] accepted a http connect , new connect ip is  192.168.43.186
[48683.237493]                           old connect ip is  192.168.43.237
[48683.244148]                                     but it isn't seted ip , so close it
[48683.764484] accepted a http connect , new connect ip is  192.168.43.186
[48683.771240]                           old connect ip is  192.168.43.237
[48683.777919]                                     but it isn't seted ip , so close it
[48684.289832] accepted a http connect , new connect ip is  192.168.43.186
[48684.296577]                           old connect ip is  192.168.43.237
[48684.303240]                                     but it isn't seted ip , so close it
[48684.824575] accepted a http connect , new connect ip is  192.168.43.186
[48684.831343]                           old connect ip is  192.168.43.237
[48684.838012]                                     but it isn't seted ip , so close it
[48685.350492] accepted a http connect , new connect ip is  192.168.43.186
[48685.357235]                           old connect ip is  192.168.43.237
[48685.363885]                                     but it isn't seted ip , so close it
[48685.885027] accepted a http connect , new connect ip is  192.168.43.186
[48685.891790]                           old connect ip is  192.168.43.237
[48685.898488]                                     but it isn't seted ip , so close it
[48686.414517] accepted a http connect , new connect ip is  192.168.43.186
[48686.421374]                           old connect ip is  192.168.43.237
[48686.428039]                                     but it isn't seted ip , so close it
[48686.946895] accepted a http connect , new connect ip is  192.168.43.186
[48686.953702]                           old connect ip is  192.168.43.237
[48686.960412]                                     but it isn't seted ip , so close it
[48687.484360] accepted a http connect , new connect ip is  192.168.43.186
[48687.491124]                           old connect ip is  192.168.43.237
[48687.497781]                                     but it isn't seted ip , so close it
[48688.014576] accepted a http connect , new connect ip is  192.168.43.186
[48688.021446]                           old connect ip is  192.168.43.237
[48688.028112]                                     but it isn't seted ip , so close it
[48688.554862] accepted a http connect , new connect ip is  192.168.43.186
[48688.561715]                           old connect ip is  192.168.43.237
[48688.568376]                                     but it isn't seted ip , so close it
[48689.084574] accepted a http connect , new connect ip is  192.168.43.186
[48689.091339]                           old connect ip is  192.168.43.237
[48689.098032]                                     but it isn't seted ip , so close it
[48689.610549] accepted a http connect , new connect ip is  192.168.43.186
[48689.617307]                           old connect ip is  192.168.43.237
[48689.623988]                                     but it isn't seted ip , so close it
[48690.145409] accepted a http connect , new connect ip is  192.168.43.186
[48690.152137]                           old connect ip is  192.168.43.237
[48690.158875]                                     but it isn't seted ip , so close it
[48690.684667] accepted a http connect , new connect ip is  192.168.43.186
[48690.691520]                           old connect ip is  192.168.43.237
[48690.698230]                                     but it isn't seted ip , so close it
[48691.210897] accepted a http connect , new connect ip is  192.168.43.186
[48691.217645]                           old connect ip is  192.168.43.237
[48691.224309]                                     but it isn't seted ip , so close it
[48691.744370] accepted a http connect , new connect ip is  192.168.43.186
[48691.751132]                           old connect ip is  192.168.43.237
[48691.757801]                                     but it isn't seted ip , so close it
[48692.270080] accepted a http connect , new connect ip is  192.168.43.186
[48692.276835]                           old connect ip is  192.168.43.237
[48692.283496]                                     but it isn't seted ip , so close it
[48692.804609] accepted a http connect , new connect ip is  192.168.43.186
[48692.811382]                           old connect ip is  192.168.43.237
[48692.818123]                                     but it isn't seted ip , so close it
[48693.330648] accepted a http connect , new connect ip is  192.168.43.186
[48693.337395]                           old connect ip is  192.168.43.237
[48693.344049]                                     but it isn't seted ip , so close it
[48693.864439] accepted a http connect , new connect ip is  192.168.43.186
[48693.871221]                           old connect ip is  192.168.43.237
[48693.877895]                                     but it isn't seted ip , so close it
[48694.404977] accepted a http connect , new connect ip is  192.168.43.186
[48694.411856]                           old connect ip is  192.168.43.237
[48694.418589]                                     but it isn't seted ip , so close it
[48694.944324] accepted a http connect , new connect ip is  192.168.43.186
[48694.951077]                           old connect ip is  192.168.43.237
[48694.957759]                                     but it isn't seted ip , so close it
[48695.470576] accepted a http connect , new connect ip is  192.168.43.186
[48695.477397]                           old connect ip is  192.168.43.237
[48695.484062]                                     but it isn't seted ip , so close it
[48696.004572] accepted a http connect , new connect ip is  192.168.43.186
[48696.011361]                           old connect ip is  192.168.43.237
[48696.018077]                                     but it isn't seted ip , so close it
[48696.534452] accepted a http connect , new connect ip is  192.168.43.186
[48696.541285]                           old connect ip is  192.168.43.237
[48696.548122]                                     but it isn't seted ip , so close it
[48697.064364] accepted a http connect , new connect ip is  192.168.43.186
[48697.071120]                           old connect ip is  192.168.43.237
[48697.077791]                                     but it isn't seted ip , so close it
[48697.594433] accepted a http connect , new connect ip is  192.168.43.186
[48697.601177]                           old connect ip is  192.168.43.237
[48697.607841]                                     but it isn't seted ip , so close it
[48698.124299] accepted a http connect , new connect ip is  192.168.43.186
[48698.131049]                           old connect ip is  192.168.43.237
[48698.137703]                                     but it isn't seted ip , so close it
[48698.664362] accepted a http connect , new connect ip is  192.168.43.186
[48698.671126]                           old connect ip is  192.168.43.237
[48698.677785]                                     but it isn't seted ip , so close it
[48699.193071] accepted a http connect , new connect ip is  192.168.43.186
[48699.199814]                           old connect ip is  192.168.43.237
[48699.206590]                                     but it isn't seted ip , so close it
[48699.722279] accepted a http connect , new connect ip is  192.168.43.186
[48699.729033]                           old connect ip is  192.168.43.237
[48699.735708]                                     but it isn't seted ip , so close it
[48700.248831] accepted a http connect , new connect ip is  192.168.43.186
[48700.255659]                           old connect ip is  192.168.43.237
[48700.262360]                                     but it isn't seted ip , so close it
[48700.784183] accepted a http connect , new connect ip is  192.168.43.186
[48700.791051]                           old connect ip is  192.168.43.237
[48700.797753]                                     but it isn't seted ip , so close it
[48701.310849] accepted a http connect , new connect ip is  192.168.43.186
[48701.317596]                           old connect ip is  192.168.43.237
[48701.324266]                                     but it isn't seted ip , so close it
[48701.836801] accepted a http connect , new connect ip is  192.168.43.186
[48701.843587]                           old connect ip is  192.168.43.237
[48701.850288]                                     but it isn't seted ip , so close it
[48702.364465] accepted a http connect , new connect ip is  192.168.43.186
[48702.371220]                           old connect ip is  192.168.43.237
[48702.377881]                                     but it isn't seted ip , so close it
[48702.894445] accepted a http connect , new connect ip is  192.168.43.186
[48702.901185]                           old connect ip is  192.168.43.237
[48702.907845]                                     but it isn't seted ip , so close it
[48703.424429] accepted a http connect , new connect ip is  192.168.43.186
[48703.431198]                           old connect ip is  192.168.43.237
[48703.437864]                                     but it isn't seted ip , so close it
[48703.954347] accepted a http connect , new connect ip is  192.168.43.186
[48703.961092]                           old connect ip is  192.168.43.237
[48703.967791]                                     but it isn't seted ip , so close it
[48704.484387] accepted a http connect , new connect ip is  192.168.43.186
[48704.491166]                           old connect ip is  192.168.43.237
[48704.497844]                                     but it isn't seted ip , so close it
[48705.014225] accepted a http connect , new connect ip is  192.168.43.186
[48705.020975]                           old connect ip is  192.168.43.237
[48705.027644]                                     but it isn't seted ip , so close it
[48705.544360] accepted a http connect , new connect ip is  192.168.43.186
[48705.551107]                           old connect ip is  192.168.43.237
[48705.557779]                                     but it isn't seted ip , so close it
[48706.074529] accepted a http connect , new connect ip is  192.168.43.186
[48706.081297]                           old connect ip is  192.168.43.237
[48706.087987]                                     but it isn't seted ip , so close it
[48706.614473] accepted a http connect , new connect ip is  192.168.43.186
[48706.621251]                           old connect ip is  192.168.43.237
[48706.627906]                                     but it isn't seted ip , so close it
[48707.154224] accepted a http connect , new connect ip is  192.168.43.186
[48707.160954]                           old connect ip is  192.168.43.237
[48707.167653]                                     but it isn't seted ip , so close it
[48707.684488] accepted a http connect , new connect ip is  192.168.43.186
[48707.691183]                           old connect ip is  192.168.43.237
[48707.697848]                                     but it isn't seted ip , so close it
[48708.210461] accepted a http connect , new connect ip is  192.168.43.186
[48708.217165]                           old connect ip is  192.168.43.237
[48708.223818]                                     but it isn't seted ip , so close it
[48708.744076] accepted a http connect , new connect ip is  192.168.43.186
[48708.750744]                           old connect ip is  192.168.43.237
[48708.757405]                                     but it isn't seted ip , so close it
[48709.269267] accepted a http connect , new connect ip is  192.168.43.186
[48709.275923]                           old connect ip is  192.168.43.237
[48709.282560]                                     but it isn't seted ip , so close it
[48709.804082] accepted a http connect , new connect ip is  192.168.43.186
[48709.810742]                           old connect ip is  192.168.43.237
[48709.817377]                                     but it isn't seted ip , so close it
[48710.328988] accepted a http connect , new connect ip is  192.168.43.186
[48710.335655]                           old connect ip is  192.168.43.237
[48710.342296]                                     but it isn't seted ip , so close it
[48710.864224] accepted a http connect , new connect ip is  192.168.43.186
[48710.870882]                           old connect ip is  192.168.43.237
[48710.877525]                                     but it isn't seted ip , so close it
[48711.390210] accepted a http connect , new connect ip is  192.168.43.186
[48711.396877]                           old connect ip is  192.168.43.237
[48711.403508]                                     but it isn't seted ip , so close it
[48711.924589] accepted a http connect , new connect ip is  192.168.43.186
[48711.931274]                           old connect ip is  192.168.43.237
[48711.937925]                                     but it isn't seted ip , so close it
[48712.464858] accepted a http connect , new connect ip is  192.168.43.186
[48712.471741]                           old connect ip is  192.168.43.237
[48712.478480]                                     but it isn't seted ip , so close it
[48712.992157] accepted a http connect , new connect ip is  192.168.43.186
[48712.999028]                           old connect ip is  192.168.43.237
[48713.005741]                                     but it isn't seted ip , so close it
[48713.525100] accepted a http connect , new connect ip is  192.168.43.186
[48713.531851]                           old connect ip is  192.168.43.237
[48713.538509]                                     but it isn't seted ip , so close it
[48714.064190] accepted a http connect , new connect ip is  192.168.43.186
[48714.070935]                           old connect ip is  192.168.43.237
[48714.077597]                                     but it isn't seted ip , so close it
[48714.604201] accepted a http connect , new connect ip is  192.168.43.186
[48714.610953]                           old connect ip is  192.168.43.237
[48714.617615]                                     but it isn't seted ip , so close it
[48715.134252] accepted a http connect , new connect ip is  192.168.43.186
[48715.140984]                           old connect ip is  192.168.43.237
[48715.147641]                                     but it isn't seted ip , so close it
[48715.664453] accepted a http connect , new connect ip is  192.168.43.186
[48715.671305]                           old connect ip is  192.168.43.237
[48715.677970]                                     but it isn't seted ip , so close it
[48716.192515] accepted a http connect , new connect ip is  192.168.43.186
[48716.199324]                           old connect ip is  192.168.43.237
[48716.205974]                                     but it isn't seted ip , so close it
[48716.724186] accepted a http connect , new connect ip is  192.168.43.186
[48716.730952]                           old connect ip is  192.168.43.237
[48716.737607]                                     but it isn't seted ip , so close it
[48717.249970] accepted a http connect , new connect ip is  192.168.43.186
[48717.256732]                           old connect ip is  192.168.43.237
[48717.263467]                                     but it isn't seted ip , so close it
[48717.794450] accepted a http connect , new connect ip is  192.168.43.186
[48717.801265]                           old connect ip is  192.168.43.237
[48717.807977]                                     but it isn't seted ip , so close it
[48718.321095] accepted a http connect , new connect ip is  192.168.43.186
[48718.327860]                           old connect ip is  192.168.43.237
[48718.334539]                                     but it isn't seted ip , so close it
[48718.851181] accepted a http connect , new connect ip is  192.168.43.186
[48718.857905]                           old connect ip is  192.168.43.237
[48718.864630]                                     but it isn't seted ip , so close it
[48719.380548] accepted a http connect , new connect ip is  192.168.43.186
[48719.387303]                           old connect ip is  192.168.43.237
[48719.393969]                                     but it isn't seted ip , so close it
[48719.914304] accepted a http connect , new connect ip is  192.168.43.186
[48719.921133]                           old connect ip is  192.168.43.237
[48719.927851]                                     but it isn't seted ip , so close it
[48720.444176] accepted a http connect , new connect ip is  192.168.43.186
[48720.450940]                           old connect ip is  192.168.43.237
[48720.457598]                                     but it isn't seted ip , so close it
[48720.984119] accepted a http connect , new connect ip is  192.168.43.186
[48720.990868]                           old connect ip is  192.168.43.237
[48720.997534]                                     but it isn't seted ip , so close it
[48721.514157] accepted a http connect , new connect ip is  192.168.43.186
[48721.520902]                           old connect ip is  192.168.43.237
[48721.527550]                                     but it isn't seted ip , so close it
[48722.044247] accepted a http connect , new connect ip is  192.168.43.186
[48722.051052]                           old connect ip is  192.168.43.237
[48722.057713]                                     but it isn't seted ip , so close it
[48722.573904] accepted a http connect , new connect ip is  192.168.43.186
[48722.580651]                           old connect ip is  192.168.43.237
[48722.587372]                                     but it isn't seted ip , so close it
[48723.104169] accepted a http connect , new connect ip is  192.168.43.186
[48723.110977]                           old connect ip is  192.168.43.237
[48723.117712]                                     but it isn't seted ip , so close it
[48723.630613] accepted a http connect , new connect ip is  192.168.43.186
[48723.637446]                           old connect ip is  192.168.43.237
[48723.644143]                                     but it isn't seted ip , so close it
[48724.156947] accepted a http connect , new connect ip is  192.168.43.186
[48724.163720]                           old connect ip is  192.168.43.237
[48724.170399]                                     but it isn't seted ip , so close it
[48724.694067] accepted a http connect , new connect ip is  192.168.43.186
[48724.700833]                           old connect ip is  192.168.43.237
[48724.707637]                                     but it isn't seted ip , so close it
[48725.225420] accepted a http connect , new connect ip is  192.168.43.186
[48725.232194]                           old connect ip is  192.168.43.237
[48725.238867]                                     but it isn't seted ip , so close it
[48725.764010] accepted a http connect , new connect ip is  192.168.43.186
[48725.770776]                           old connect ip is  192.168.43.237
[48725.777444]                                     but it isn't seted ip , so close it
[48726.292191] accepted a http connect , new connect ip is  192.168.43.186
[48726.298957]                           old connect ip is  192.168.43.237
[48726.305668]                                     but it isn't seted ip , so close it
[48726.824134] accepted a http connect , new connect ip is  192.168.43.186
[48726.830889]                           old connect ip is  192.168.43.237
[48726.837543]                                     but it isn't seted ip , so close it
[48727.354235] accepted a http connect , new connect ip is  192.168.43.186
[48727.360945]                           old connect ip is  192.168.43.237
[48727.367621]                                     but it isn't seted ip , so close it
[48727.884064] accepted a http connect , new connect ip is  192.168.43.186
[48727.890713]                           old connect ip is  192.168.43.237
[48727.897365]                                     but it isn't seted ip , so close it
[48728.409379] accepted a http connect , new connect ip is  192.168.43.186
[48728.416039]                           old connect ip is  192.168.43.237
[48728.422669]                                     but it isn't seted ip , so close it
[48728.944175] accepted a http connect , new connect ip is  192.168.43.186
[48728.950837]                           old connect ip is  192.168.43.237
[48728.957477]                                     but it isn't seted ip , so close it
[48729.474049] accepted a http connect , new connect ip is  192.168.43.186
[48729.480789]                           old connect ip is  192.168.43.237
[48729.487448]                                     but it isn't seted ip , so close it
[48730.014213] accepted a http connect , new connect ip is  192.168.43.186
[48730.020985]                           old connect ip is  192.168.43.237
[48730.027755]                                     but it isn't seted ip , so close it
[48730.554167] accepted a http connect , new connect ip is  192.168.43.186
[48730.560846]                           old connect ip is  192.168.43.237
[48730.567488]                                     but it isn't seted ip , so close it
[48731.084042] accepted a http connect , new connect ip is  192.168.43.186
[48731.090793]                           old connect ip is  192.168.43.237
[48731.097458]                                     but it isn't seted ip , so close it
[48731.610168] accepted a http connect , new connect ip is  192.168.43.186
[48731.616930]                           old connect ip is  192.168.43.237
[48731.623645]                                     but it isn't seted ip , so close it
[48732.144114] accepted a http connect , new connect ip is  192.168.43.186
[48732.150870]                           old connect ip is  192.168.43.237
[48732.157531]                                     but it isn't seted ip , so close it
[48732.683911] accepted a http connect , new connect ip is  192.168.43.186
[48732.690763]                           old connect ip is  192.168.43.237
[48732.697426]                                     but it isn't seted ip , so close it
[48733.216808] accepted a http connect , new connect ip is  192.168.43.186
[48733.223562]                           old connect ip is  192.168.43.237
[48733.230257]                                     but it isn't seted ip , so close it
[48733.754168] accepted a http connect , new connect ip is  192.168.43.186
[48733.760887]                           old connect ip is  192.168.43.237
[48733.767547]                                     but it isn't seted ip , so close it
[48734.279952] accepted a http connect , new connect ip is  192.168.43.186
[48734.286693]                           old connect ip is  192.168.43.237
[48734.293354]                                     but it isn't seted ip , so close it
[48734.814043] accepted a http connect , new connect ip is  192.168.43.186
[48734.820812]                           old connect ip is  192.168.43.237
[48734.827475]                                     but it isn't seted ip , so close it
[48735.340476] accepted a http connect , new connect ip is  192.168.43.186
[48735.347292]                           old connect ip is  192.168.43.237
[48735.354124]                                     but it isn't seted ip , so close it
[48735.867321] accepted a http connect , new connect ip is  192.168.43.186
[48735.874146]                           old connect ip is  192.168.43.237
[48735.880842]                                     but it isn't seted ip , so close it
[48736.394531] accepted a http connect , new connect ip is  192.168.43.186
[48736.401277]                           old connect ip is  192.168.43.237
[48736.407947]                                     but it isn't seted ip , so close it
[48736.934154] accepted a http connect , new connect ip is  192.168.43.186
[48736.940916]                           old connect ip is  192.168.43.237
[48736.947577]                                     but it isn't seted ip , so close it
[48737.464216] accepted a http connect , new connect ip is  192.168.43.186
[48737.471010]                           old connect ip is  192.168.43.237
[48737.477679]                                     but it isn't seted ip , so close it
[48737.994023] accepted a http connect , new connect ip is  192.168.43.186
[48738.000885]                           old connect ip is  192.168.43.237
[48738.007574]                                     but it isn't seted ip , so close it
[48738.524151] accepted a http connect , new connect ip is  192.168.43.186
[48738.530902]                           old connect ip is  192.168.43.237
[48738.537636]                                     but it isn't seted ip , so close it
[48739.063936] accepted a http connect , new connect ip is  192.168.43.186
[48739.070686]                           old connect ip is  192.168.43.237
[48739.077359]                                     but it isn't seted ip , so close it
[48739.593999] accepted a http connect , new connect ip is  192.168.43.186
[48739.600749]                           old connect ip is  192.168.43.237
[48739.607404]                                     but it isn't seted ip , so close it
[48740.124242] accepted a http connect , new connect ip is  192.168.43.186
[48740.131068]                           old connect ip is  192.168.43.237
[48740.137731]                                     but it isn't seted ip , so close it
[48740.650879] accepted a http connect , new connect ip is  192.168.43.186
[48740.657719]                           old connect ip is  192.168.43.237
[48740.664464]                                     but it isn't seted ip , so close it
[48741.184329] accepted a http connect , new connect ip is  192.168.43.186
[48741.191093]                           old connect ip is  192.168.43.237
[48741.197764]                                     but it isn't seted ip , so close it
[48741.723906] accepted a http connect , new connect ip is  192.168.43.186
[48741.730642]                           old connect ip is  192.168.43.237
[48741.737300]                                     but it isn't seted ip , so close it
[48742.249586] accepted a http connect , new connect ip is  192.168.43.186
[48742.256370]                           old connect ip is  192.168.43.237
[48742.263024]                                     but it isn't seted ip , so close it
[48742.783873] accepted a http connect , new connect ip is  192.168.43.186
[48742.790625]                           old connect ip is  192.168.43.237
[48742.797312]                                     but it isn't seted ip , so close it
[48743.310595] accepted a http connect , new connect ip is  192.168.43.186
[48743.317345]                           old connect ip is  192.168.43.237
[48743.323996]                                     but it isn't seted ip , so close it
[48743.844397] accepted a http connect , new connect ip is  192.168.43.186
[48743.851255]                           old connect ip is  192.168.43.237
[48743.857935]                                     but it isn't seted ip , so close it
[48744.370867] accepted a http connect , new connect ip is  192.168.43.186
[48744.377613]                           old connect ip is  192.168.43.237
[48744.384341]                                     but it isn't seted ip , so close it
[48744.903959] accepted a http connect , new connect ip is  192.168.43.186
[48744.910708]                           old connect ip is  192.168.43.237
[48744.917379]                                     but it isn't seted ip , so close it
[48745.429679] accepted a http connect , new connect ip is  192.168.43.186
[48745.436429]                           old connect ip is  192.168.43.237
[48745.443132]                                     but it isn't seted ip , so close it
[48745.963902] accepted a http connect , new connect ip is  192.168.43.186
[48745.970690]                           old connect ip is  192.168.43.237
[48745.977391]                                     but it isn't seted ip , so close it
[48746.492284] accepted a http connect , new connect ip is  192.168.43.186
[48746.499168]                           old connect ip is  192.168.43.237
[48746.505824]                                     but it isn't seted ip , so close it
[48747.018423] accepted a http connect , new connect ip is  192.168.43.186
[48747.025152]                           old connect ip is  192.168.43.237
[48747.031833]                                     but it isn't seted ip , so close it
[48747.544637] accepted a http connect , new connect ip is  192.168.43.186
[48747.551391]                           old connect ip is  192.168.43.237
[48747.558067]                                     but it isn't seted ip , so close it
[48748.074155] accepted a http connect , new connect ip is  192.168.43.186
[48748.080930]                           old connect ip is  192.168.43.237
[48748.087596]                                     but it isn't seted ip , so close it
[48748.613367] accepted a http connect , new connect ip is  192.168.43.186
[48748.620129]                           old connect ip is  192.168.43.237
[48748.626775]                                     but it isn't seted ip , so close it
[48749.144258] accepted a http connect , new connect ip is  192.168.43.186
[48749.151088]                           old connect ip is  192.168.43.237
[48749.157823]                                     but it isn't seted ip , so close it
[48749.670850] accepted a http connect , new connect ip is  192.168.43.186
[48749.677594]                           old connect ip is  192.168.43.237
[48749.684250]                                     but it isn't seted ip , so close it
[48750.203935] accepted a http connect , new connect ip is  192.168.43.186
[48750.210697]                           old connect ip is  192.168.43.237
[48750.217365]                                     but it isn't seted ip , so close it
[48750.743334] accepted a http connect , new connect ip is  192.168.43.186
[48750.750072]                           old connect ip is  192.168.43.237
[48750.756746]                                     but it isn't seted ip , so close it
[48751.269016] accepted a http connect , new connect ip is  192.168.43.186
[48751.275854]                           old connect ip is  192.168.43.237
[48751.282568]                                     but it isn't seted ip , so close it
[48751.804176] accepted a http connect , new connect ip is  192.168.43.186
[48751.811018]                           old connect ip is  192.168.43.237
[48751.817750]                                     but it isn't seted ip , so close it
[48752.330889] accepted a http connect , new connect ip is  192.168.43.186
[48752.337647]                           old connect ip is  192.168.43.237
[48752.344304]                                     but it isn't seted ip , so close it
[48752.863643] accepted a http connect , new connect ip is  192.168.43.186
[48752.870397]                           old connect ip is  192.168.43.237
[48752.877065]                                     but it isn't seted ip , so close it
[48753.389386] accepted a http connect , new connect ip is  192.168.43.186
[48753.396140]                           old connect ip is  192.168.43.237
[48753.402843]                                     but it isn't seted ip , so close it
[48753.923932] accepted a http connect , new connect ip is  192.168.43.186
[48753.930681]                           old connect ip is  192.168.43.237
[48753.937370]                                     but it isn't seted ip , so close it
[48754.450343] accepted a http connect , new connect ip is  192.168.43.186
[48754.457022]                           old connect ip is  192.168.43.237
[48754.463688]                                     but it isn't seted ip , so close it
[48754.983905] accepted a http connect , new connect ip is  192.168.43.186
[48754.990658]                           old connect ip is  192.168.43.237
[48754.997323]                                     but it isn't seted ip , so close it
[48755.524250] accepted a http connect , new connect ip is  192.168.43.186
[48755.530934]                           old connect ip is  192.168.43.237
[48755.537595]                                     but it isn't seted ip , so close it
[48756.053853] accepted a http connect , new connect ip is  192.168.43.186
[48756.060545]                           old connect ip is  192.168.43.237
[48756.067188]                                     but it isn't seted ip , so close it
[48756.583834] accepted a http connect , new connect ip is  192.168.43.186
[48756.590574]                           old connect ip is  192.168.43.237
[48756.597242]                                     but it isn't seted ip , so close it
[48757.113773] accepted a http connect , new connect ip is  192.168.43.186
[48757.120537]                           old connect ip is  192.168.43.237
[48757.127188]                                     but it isn't seted ip , so close it
[48757.644010] accepted a http connect , new connect ip is  192.168.43.186
[48757.650832]                           old connect ip is  192.168.43.237
[48757.657519]                                     but it isn't seted ip , so close it
[48758.170122] accepted a http connect , new connect ip is  192.168.43.186
[48758.176866]                           old connect ip is  192.168.43.237
[48758.183531]                                     but it isn't seted ip , so close it
[48758.702441] accepted a http connect , new connect ip is  192.168.43.186
[48758.709174]                           old connect ip is  192.168.43.237
[48758.715852]                                     but it isn't seted ip , so close it
[48759.234059] accepted a http connect , new connect ip is  192.168.43.186
[48759.240878]                           old connect ip is  192.168.43.237
[48759.247554]                                     but it isn't seted ip , so close it
[48759.773937] accepted a http connect , new connect ip is  192.168.43.186
[48759.780742]                           old connect ip is  192.168.43.237
[48759.787393]                                     but it isn't seted ip , so close it
[48760.306971] accepted a http connect , new connect ip is  192.168.43.186
[48760.313688]                           old connect ip is  192.168.43.237
[48760.320359]                                     but it isn't seted ip , so close it
[48760.843784] accepted a http connect , new connect ip is  192.168.43.186
[48760.850612]                           old connect ip is  192.168.43.237
[48760.857322]                                     but it isn't seted ip , so close it
[48761.371765] accepted a http connect , new connect ip is  192.168.43.186
[48761.378522]                           old connect ip is  192.168.43.237
[48761.385168]                                     but it isn't seted ip , so close it
[48761.903898] accepted a http connect , new connect ip is  192.168.43.186
[48761.910675]                           old connect ip is  192.168.43.237
[48761.917346]                                     but it isn't seted ip , so close it
[48762.430124] accepted a http connect , new connect ip is  192.168.43.186
[48762.436914]                           old connect ip is  192.168.43.237
[48762.443607]                                     but it isn't seted ip , so close it
[48762.962596] accepted a http connect , new connect ip is  192.168.43.186
[48762.969320]                           old connect ip is  192.168.43.237
[48762.976018]                                     but it isn't seted ip , so close it
[48763.504005] accepted a http connect , new connect ip is  192.168.43.186
[48763.510752]                           old connect ip is  192.168.43.237
[48763.517424]                                     but it isn't seted ip , so close it
[48764.033694] accepted a http connect , new connect ip is  192.168.43.186
[48764.040448]                           old connect ip is  192.168.43.237
[48764.047109]                                     but it isn't seted ip , so close it
[48764.563652] accepted a http connect , new connect ip is  192.168.43.186
[48764.570384]                           old connect ip is  192.168.43.237
[48764.577041]                                     but it isn't seted ip , so close it
[48765.093727] accepted a http connect , new connect ip is  192.168.43.186
[48765.100474]                           old connect ip is  192.168.43.237
[48765.107120]                                     but it isn't seted ip , so close it
[48765.623904] accepted a http connect , new connect ip is  192.168.43.186
[48765.630660]                           old connect ip is  192.168.43.237
[48765.637363]                                     but it isn't seted ip , so close it
[48766.153650] accepted a http connect , new connect ip is  192.168.43.186
[48766.160406]                           old connect ip is  192.168.43.237
[48766.167067]                                     but it isn't seted ip , so close it
[48766.693758] accepted a http connect , new connect ip is  192.168.43.186
[48766.700448]                           old connect ip is  192.168.43.237
[48766.707083]                                     but it isn't seted ip , so close it
[48767.223961] accepted a http connect , new connect ip is  192.168.43.186
[48767.230621]                           old connect ip is  192.168.43.237
[48767.237270]                                     but it isn't seted ip , so close it
[48767.749817] accepted a http connect , new connect ip is  192.168.43.186
[48767.756567]                           old connect ip is  192.168.43.237
[48767.763227]                                     but it isn't seted ip , so close it
[48768.274873] accepted a http connect , new connect ip is  192.168.43.186
[48768.281612]                           old connect ip is  192.168.43.237
[48768.288280]                                     but it isn't seted ip , so close it
[48768.813599] accepted a http connect , new connect ip is  192.168.43.186
[48768.820338]                           old connect ip is  192.168.43.237
[48768.826996]                                     but it isn't seted ip , so close it
[48769.339549] accepted a http connect , new connect ip is  192.168.43.186
[48769.346310]                           old connect ip is  192.168.43.237
[48769.353002]                                     but it isn't seted ip , so close it
[48769.869540] accepted a http connect , new connect ip is  192.168.43.186
[48769.876234]                           old connect ip is  192.168.43.237
[48769.882877]                                     but it isn't seted ip , so close it
[48770.395402] accepted a http connect , new connect ip is  192.168.43.186
[48770.402211]                           old connect ip is  192.168.43.237
[48770.408856]                                     but it isn't seted ip , so close it
[48770.933654] accepted a http connect , new connect ip is  192.168.43.186
[48770.940438]                           old connect ip is  192.168.43.237
[48770.947127]                                     but it isn't seted ip , so close it
[48771.460188] accepted a http connect , new connect ip is  192.168.43.186
[48771.466924]                           old connect ip is  192.168.43.237
[48771.473594]                                     but it isn't seted ip , so close it
[48771.993778] accepted a http connect , new connect ip is  192.168.43.186
[48772.000600]                           old connect ip is  192.168.43.237
[48772.007245]                                     but it isn't seted ip , so close it
[48772.533769] accepted a http connect , new connect ip is  192.168.43.186
[48772.540549]                           old connect ip is  192.168.43.237
[48772.547221]                                     but it isn't seted ip , so close it
[48773.074082] accepted a http connect , new connect ip is  192.168.43.186
[48773.080825]                           old connect ip is  192.168.43.237
[48773.087489]                                     but it isn't seted ip , so close it
[48773.603861] accepted a http connect , new connect ip is  192.168.43.186
[48773.610654]                           old connect ip is  192.168.43.237
[48773.617368]                                     but it isn't seted ip , so close it
[48774.144357] accepted a http connect , new connect ip is  192.168.43.186
[48774.151122]                           old connect ip is  192.168.43.237
[48774.157786]                                     but it isn't seted ip , so close it
[48774.683752] accepted a http connect , new connect ip is  192.168.43.186
[48774.690499]                           old connect ip is  192.168.43.237
[48774.697181]                                     but it isn't seted ip , so close it
[48775.213713] accepted a http connect , new connect ip is  192.168.43.186
[48775.220448]                           old connect ip is  192.168.43.237
[48775.227118]                                     but it isn't seted ip , so close it
[48775.743647] accepted a http connect , new connect ip is  192.168.43.186
[48775.750388]                           old connect ip is  192.168.43.237
[48775.757048]                                     but it isn't seted ip , so close it
[48776.277362] accepted a http connect , new connect ip is  192.168.43.186
[48776.284157]                           old connect ip is  192.168.43.237
[48776.290829]                                     but it isn't seted ip , so close it
[48776.813765] accepted a http connect , new connect ip is  192.168.43.186
[48776.820543]                           old connect ip is  192.168.43.237
[48776.827208]                                     but it isn't seted ip , so close it
[48777.339703] accepted a http connect , new connect ip is  192.168.43.186
[48777.346498]                           old connect ip is  192.168.43.237
[48777.353175]                                     but it isn't seted ip , so close it
[48777.873517] accepted a http connect , new connect ip is  192.168.43.186
[48777.880254]                           old connect ip is  192.168.43.237
[48777.886907]                                     but it isn't seted ip , so close it
[48778.408343] accepted a http connect , new connect ip is  192.168.43.186
[48778.415118]                           old connect ip is  192.168.43.237
[48778.421819]                                     but it isn't seted ip , so close it
[48778.943729] accepted a http connect , new connect ip is  192.168.43.186
[48778.950402]                           old connect ip is  192.168.43.237
[48778.957035]                                     but it isn't seted ip , so close it
[48779.468698] accepted a http connect , new connect ip is  192.168.43.186
[48779.475389]                           old connect ip is  192.168.43.237
[48779.482034]                                     but it isn't seted ip , so close it
[48780.003489] accepted a http connect , new connect ip is  192.168.43.186
[48780.010255]                           old connect ip is  192.168.43.237
[48780.016928]                                     but it isn't seted ip , so close it
[48780.533675] accepted a http connect , new connect ip is  192.168.43.186
[48780.540448]                           old connect ip is  192.168.43.237
[48780.547104]                                     but it isn't seted ip , so close it
[48781.059767] accepted a http connect , new connect ip is  192.168.43.186
[48781.066584]                           old connect ip is  192.168.43.237
[48781.073268]                                     but it isn't seted ip , so close it
[48781.585677] accepted a http connect , new connect ip is  192.168.43.186
[48781.592444]                           old connect ip is  192.168.43.237
[48781.599125]                                     but it isn't seted ip , so close it
[48782.123565] accepted a http connect , new connect ip is  192.168.43.186
[48782.130403]                           old connect ip is  192.168.43.237
[48782.137248]                                     but it isn't seted ip , so close it
[48782.653409] accepted a http connect , new connect ip is  192.168.43.186
[48782.660170]                           old connect ip is  192.168.43.237
[48782.666828]                                     but it isn't seted ip , so close it
[48783.183495] accepted a http connect , new connect ip is  192.168.43.186
[48783.190252]                           old connect ip is  192.168.43.237
[48783.196909]                                     but it isn't seted ip , so close it
[48783.713549] accepted a http connect , new connect ip is  192.168.43.186
[48783.720333]                           old connect ip is  192.168.43.237
[48783.726989]                                     but it isn't seted ip , so close it
[48784.243803] accepted a http connect , new connect ip is  192.168.43.186
[48784.250581]                           old connect ip is  192.168.43.237
[48784.257259]                                     but it isn't seted ip , so close it
[48784.784174] accepted a http connect , new connect ip is  192.168.43.186
[48784.790962]                           old connect ip is  192.168.43.237
[48784.797622]                                     but it isn't seted ip , so close it
[48785.313173] accepted a http connect , new connect ip is  192.168.43.186
[48785.319928]                           old connect ip is  192.168.43.237
[48785.326584]                                     but it isn't seted ip , so close it
[48785.843528] accepted a http connect , new connect ip is  192.168.43.186
[48785.850351]                           old connect ip is  192.168.43.237
[48785.857012]                                     but it isn't seted ip , so close it
[48786.369606] accepted a http connect , new connect ip is  192.168.43.186
[48786.376377]                           old connect ip is  192.168.43.237
[48786.383080]                                     but it isn't seted ip , so close it
[48786.903472] accepted a http connect , new connect ip is  192.168.43.186
[48786.910224]                           old connect ip is  192.168.43.237
[48786.916930]                                     but it isn't seted ip , so close it
[48787.428950] accepted a http connect , new connect ip is  192.168.43.186
[48787.435697]                           old connect ip is  192.168.43.237
[48787.442353]                                     but it isn't seted ip , so close it
[48787.963565] accepted a http connect , new connect ip is  192.168.43.186
[48787.970317]                           old connect ip is  192.168.43.237
[48787.976985]                                     but it isn't seted ip , so close it
[48788.490152] accepted a http connect , new connect ip is  192.168.43.186
[48788.496834]                           old connect ip is  192.168.43.237
[48788.503485]                                     but it isn't seted ip , so close it
[48789.023541] accepted a http connect , new connect ip is  192.168.43.186
[48789.030217]                           old connect ip is  192.168.43.237
[48789.036884]                                     but it isn't seted ip , so close it
[48789.553511] accepted a http connect , new connect ip is  192.168.43.186
[48789.560256]                           old connect ip is  192.168.43.237
[48789.566968]                                     but it isn't seted ip , so close it
[48790.083626] accepted a http connect , new connect ip is  192.168.43.186
[48790.090393]                           old connect ip is  192.168.43.237
[48790.097085]                                     but it isn't seted ip , so close it
[48790.613545] accepted a http connect , new connect ip is  192.168.43.186
[48790.620223]                           old connect ip is  192.168.43.237
[48790.626862]                                     but it isn't seted ip , so close it
[48791.153482] accepted a http connect , new connect ip is  192.168.43.186
[48791.160280]                           old connect ip is  192.168.43.237
[48791.166943]                                     but it isn't seted ip , so close it
[48791.683234] accepted a http connect , new connect ip is  192.168.43.186
[48791.689969]                           old connect ip is  192.168.43.237
[48791.696630]                                     but it isn't seted ip , so close it
[48792.213656] accepted a http connect , new connect ip is  192.168.43.186
[48792.220415]                           old connect ip is  192.168.43.237
[48792.227077]                                     but it isn't seted ip , so close it
[48792.740070] accepted a http connect , new connect ip is  192.168.43.186
[48792.746845]                           old connect ip is  192.168.43.237
[48792.753508]                                     but it isn't seted ip , so close it
[48793.265983] accepted a http connect , new connect ip is  192.168.43.186
[48793.272735]                           old connect ip is  192.168.43.237
[48793.279422]                                     but it isn't seted ip , so close it
[48793.799730] accepted a http connect , new connect ip is  192.168.43.186
[48793.806465]                           old connect ip is  192.168.43.237
[48793.813135]                                     but it isn't seted ip , so close it
[48794.325390] accepted a http connect , new connect ip is  192.168.43.186
[48794.332149]                           old connect ip is  192.168.43.237
[48794.338823]                                     but it isn't seted ip , so close it
[48794.851682] accepted a http connect , new connect ip is  192.168.43.186
[48794.858436]                           old connect ip is  192.168.43.237
[48794.865078]                                     but it isn't seted ip , so close it
[48795.377512] accepted a http connect , new connect ip is  192.168.43.186
[48795.384284]                           old connect ip is  192.168.43.237
[48795.390954]                                     but it isn't seted ip , so close it
[48795.913598] accepted a http connect , new connect ip is  192.168.43.186
[48795.920435]                           old connect ip is  192.168.43.237
[48795.927134]                                     but it isn't seted ip , so close it
[48796.442078] accepted a http connect , new connect ip is  192.168.43.186
[48796.448880]                           old connect ip is  192.168.43.237
[48796.455557]                                     but it isn't seted ip , so close it
[48796.973720] accepted a http connect , new connect ip is  192.168.43.186
[48796.980597]                           old connect ip is  192.168.43.237
[48796.987264]                                     but it isn't seted ip , so close it
[48797.499746] accepted a http connect , new connect ip is  192.168.43.186
[48797.506553]                           old connect ip is  192.168.43.237
[48797.513254]                                     but it isn't seted ip , so close it
[48798.033331] accepted a http connect , new connect ip is  192.168.43.186
[48798.040090]                           old connect ip is  192.168.43.237
[48798.046753]                                     but it isn't seted ip , so close it
[48798.563497] accepted a http connect , new connect ip is  192.168.43.186
[48798.570234]                           old connect ip is  192.168.43.237
[48798.576900]                                     but it isn't seted ip , so close it
[48799.093553] accepted a http connect , new connect ip is  192.168.43.186
[48799.100318]                           old connect ip is  192.168.43.237
[48799.106984]                                     but it isn't seted ip , so close it
[48799.623541] accepted a http connect , new connect ip is  192.168.43.186
[48799.630310]                           old connect ip is  192.168.43.237
[48799.636973]                                     but it isn't seted ip , so close it
[48800.153355] accepted a http connect , new connect ip is  192.168.43.186
[48800.160101]                           old connect ip is  192.168.43.237
[48800.166752]                                     but it isn't seted ip , so close it
[48800.683201] accepted a http connect , new connect ip is  192.168.43.186
[48800.689932]                           old connect ip is  192.168.43.237
[48800.696604]                                     but it isn't seted ip , so close it
[48801.223179] accepted a http connect , new connect ip is  192.168.43.186
[48801.229910]                           old connect ip is  192.168.43.237
[48801.236578]                                     but it isn't seted ip , so close it
[48801.753301] accepted a http connect , new connect ip is  192.168.43.186
[48801.760044]                           old connect ip is  192.168.43.237
[48801.766699]                                     but it isn't seted ip , so close it
[48802.283514] accepted a http connect , new connect ip is  192.168.43.186
[48802.290301]                           old connect ip is  192.168.43.237
[48802.296972]                                     but it isn't seted ip , so close it
[48802.825789] accepted a http connect , new connect ip is  192.168.43.186
[48802.832597]                           old connect ip is  192.168.43.237
[48802.839378]                                     but it isn't seted ip , so close it
[48803.352024] accepted a http connect , new connect ip is  192.168.43.186
[48803.358787]                           old connect ip is  192.168.43.237
[48803.365464]                                     but it isn't seted ip , so close it
[48803.883359] accepted a http connect , new connect ip is  192.168.43.186
[48803.890105]                           old connect ip is  192.168.43.237
[48803.896757]                                     but it isn't seted ip , so close it
[48804.408909] accepted a http connect , new connect ip is  192.168.43.186
[48804.415700]                           old connect ip is  192.168.43.237
[48804.422361]                                     but it isn't seted ip , so close it
[48804.937343] accepted a http connect , new connect ip is  192.168.43.186
[48804.944092]                           old connect ip is  192.168.43.237
[48804.950756]                                     but it isn't seted ip , so close it
[48805.463373] accepted a http connect , new connect ip is  192.168.43.186
[48805.470155]                           old connect ip is  192.168.43.237
[48805.476824]                                     but it isn't seted ip , so close it
[48805.993300] accepted a http connect , new connect ip is  192.168.43.186
[48806.000038]                           old connect ip is  192.168.43.237
[48806.006691]                                     but it isn't seted ip , so close it
[48806.520178] accepted a http connect , new connect ip is  192.168.43.186
[48806.526963]                           old connect ip is  192.168.43.237
[48806.533628]                                     but it isn't seted ip , so close it
[48807.053184] accepted a http connect , new connect ip is  192.168.43.186
[48807.059965]                           old connect ip is  192.168.43.237
[48807.066634]                                     but it isn't seted ip , so close it
[48807.583207] accepted a http connect , new connect ip is  192.168.43.186
[48807.589940]                           old connect ip is  192.168.43.237
[48807.596629]                                     but it isn't seted ip , so close it
[48808.113856] accepted a http connect , new connect ip is  192.168.43.186
[48808.120749]                           old connect ip is  192.168.43.237
[48808.127429]                                     but it isn't seted ip , so close it
[48808.653520] accepted a http connect , new connect ip is  192.168.43.186
[48808.660275]                           old connect ip is  192.168.43.237
[48808.666950]                                     but it isn't seted ip , so close it
[48809.193375] accepted a http connect , new connect ip is  192.168.43.186
[48809.200123]                           old connect ip is  192.168.43.237
[48809.206789]                                     but it isn't seted ip , so close it
[48809.723460] accepted a http connect , new connect ip is  192.168.43.186
[48809.730224]                           old connect ip is  192.168.43.237
[48809.736896]                                     but it isn't seted ip , so close it
[48810.253223] accepted a http connect , new connect ip is  192.168.43.186
[48810.260047]                           old connect ip is  192.168.43.237
[48810.266736]                                     but it isn't seted ip , so close it
[48810.783358] accepted a http connect , new connect ip is  192.168.43.186
[48810.790107]                           old connect ip is  192.168.43.237
[48810.796771]                                     but it isn't seted ip , so close it
[48811.324281] accepted a http connect , new connect ip is  192.168.43.186
[48811.331055]                           old connect ip is  192.168.43.237
[48811.337716]                                     but it isn't seted ip , so close it
[48811.863161] accepted a http connect , new connect ip is  192.168.43.186
[48811.869886]                           old connect ip is  192.168.43.237
[48811.876563]                                     but it isn't seted ip , so close it
[48812.388927] accepted a http connect , new connect ip is  192.168.43.186
[48812.395704]                           old connect ip is  192.168.43.237
[48812.402355]                                     but it isn't seted ip , so close it
[48812.923448] accepted a http connect , new connect ip is  192.168.43.186
[48812.930195]                           old connect ip is  192.168.43.237
[48812.936867]                                     but it isn't seted ip , so close it
[48813.448824] accepted a http connect , new connect ip is  192.168.43.186
[48813.455578]                           old connect ip is  192.168.43.237
[48813.462256]                                     but it isn't seted ip , so close it
[48813.983549] accepted a http connect , new connect ip is  192.168.43.186
[48813.990313]                           old connect ip is  192.168.43.237
[48813.997004]                                     but it isn't seted ip , so close it
[48814.512720] accepted a http connect , new connect ip is  192.168.43.186
[48814.519523]                           old connect ip is  192.168.43.237
[48814.526228]                                     but it isn't seted ip , so close it
[48815.053610] accepted a http connect , new connect ip is  192.168.43.186
[48815.060376]                           old connect ip is  192.168.43.237
[48815.067058]                                     but it isn't seted ip , so close it
[48815.583836] accepted a http connect , new connect ip is  192.168.43.186
[48815.590582]                           old connect ip is  192.168.43.237
[48815.597241]                                     but it isn't seted ip , so close it
[48816.111269] accepted a http connect , new connect ip is  192.168.43.186
[48816.118026]                           old connect ip is  192.168.43.237
[48816.124734]                                     but it isn't seted ip , so close it
[48816.637218] accepted a http connect , new connect ip is  192.168.43.186
[48816.644069]                           old connect ip is  192.168.43.237
[48816.650763]                                     but it isn't seted ip , so close it
[48817.173209] accepted a http connect , new connect ip is  192.168.43.186
[48817.179972]                           old connect ip is  192.168.43.237
[48817.186688]                                     but it isn't seted ip , so close it
[48817.703046] accepted a http connect , new connect ip is  192.168.43.186
[48817.709784]                           old connect ip is  192.168.43.237
[48817.716451]                                     but it isn't seted ip , so close it
[48818.243328] accepted a http connect , new connect ip is  192.168.43.186
[48818.250059]                           old connect ip is  192.168.43.237
[48818.256732]                                     but it isn't seted ip , so close it
[48818.773134] accepted a http connect , new connect ip is  192.168.43.186
[48818.779888]                           old connect ip is  192.168.43.237
[48818.786543]                                     but it isn't seted ip , so close it
[48819.303298] accepted a http connect , new connect ip is  192.168.43.186
[48819.310050]                           old connect ip is  192.168.43.237
[48819.316744]                                     but it isn't seted ip , so close it
[48819.833286] accepted a http connect , new connect ip is  192.168.43.186
[48819.840041]                           old connect ip is  192.168.43.237
[48819.846710]                                     but it isn't seted ip , so close it
[48820.359063] accepted a http connect , new connect ip is  192.168.43.186
[48820.365822]                           old connect ip is  192.168.43.237
[48820.372504]                                     but it isn't seted ip , so close it
[48820.903613] accepted a http connect , new connect ip is  192.168.43.186
[48820.910400]                           old connect ip is  192.168.43.237
[48820.917095]                                     but it isn't seted ip , so close it
[48821.430392] accepted a http connect , new connect ip is  192.168.43.186
[48821.437136]                           old connect ip is  192.168.43.237
[48821.443801]                                     but it isn't seted ip , so close it
[48821.958373] accepted a http connect , new connect ip is  192.168.43.186
[48821.965114]                           old connect ip is  192.168.43.237
[48821.971766]                                     but it isn't seted ip , so close it
[48822.484255] accepted a http connect , new connect ip is  192.168.43.186
[48822.491002]                           old connect ip is  192.168.43.237
[48822.497722]                                     but it isn't seted ip , so close it
[48823.023360] accepted a http connect , new connect ip is  192.168.43.186
[48823.030144]                           old connect ip is  192.168.43.237
[48823.036814]                                     but it isn't seted ip , so close it
[48823.549518] accepted a http connect , new connect ip is  192.168.43.186
[48823.556282]                           old connect ip is  192.168.43.237
[48823.562973]                                     but it isn't seted ip , so close it
[48824.083371] accepted a http connect , new connect ip is  192.168.43.186
[48824.090139]                           old connect ip is  192.168.43.237
[48824.096835]                                     but it isn't seted ip , so close it
[48824.623235] accepted a http connect , new connect ip is  192.168.43.186
[48824.629972]                           old connect ip is  192.168.43.237
[48824.636647]                                     but it isn't seted ip , so close it
[48825.153101] accepted a http connect , new connect ip is  192.168.43.186
[48825.159863]                           old connect ip is  192.168.43.237
[48825.166517]                                     but it isn't seted ip , so close it
[48825.683276] accepted a http connect , new connect ip is  192.168.43.186
[48825.690054]                           old connect ip is  192.168.43.237
[48825.696734]                                     but it isn't seted ip , so close it
[48826.213214] accepted a http connect , new connect ip is  192.168.43.186
[48826.219972]                           old connect ip is  192.168.43.237
[48826.226669]                                     but it isn't seted ip , so close it
[48826.753790] accepted a http connect , new connect ip is  192.168.43.186
[48826.760564]                           old connect ip is  192.168.43.237
[48826.767286]                                     but it isn't seted ip , so close it
[48827.293191] accepted a http connect , new connect ip is  192.168.43.186
[48827.299980]                           old connect ip is  192.168.43.237
[48827.306638]                                     but it isn't seted ip , so close it
[48827.821550] accepted a http connect , new connect ip is  192.168.43.186
[48827.828497]                           old connect ip is  192.168.43.237
[48827.835191]                                     but it isn't seted ip , so close it
[48828.350034] accepted a http connect , new connect ip is  192.168.43.186
[48828.356938]                           old connect ip is  192.168.43.237
[48828.363623]                                     but it isn't seted ip , so close it
[48828.883199] accepted a http connect , new connect ip is  192.168.43.186
[48828.889926]                           old connect ip is  192.168.43.237
[48828.896605]                                     but it isn't seted ip , so close it
[48829.408969] accepted a http connect , new connect ip is  192.168.43.186
[48829.415756]                           old connect ip is  192.168.43.237
[48829.422455]                                     but it isn't seted ip , so close it
[48829.936924] accepted a http connect , new connect ip is  192.168.43.186
[48829.943679]                           old connect ip is  192.168.43.237
[48829.950356]                                     but it isn't seted ip , so close it
[48830.463107] accepted a http connect , new connect ip is  192.168.43.186
[48830.469848]                           old connect ip is  192.168.43.237
[48830.476528]                                     but it isn't seted ip , so close it
[48830.993078] accepted a http connect , new connect ip is  192.168.43.186
[48830.999824]                           old connect ip is  192.168.43.237
[48831.006490]                                     but it isn't seted ip , so close it
[48831.519007] accepted a http connect , new connect ip is  192.168.43.186
[48831.525730]                           old connect ip is  192.168.43.237
[48831.532394]                                     but it isn't seted ip , so close it
[48832.053325] accepted a http connect , new connect ip is  192.168.43.186
[48832.060173]                           old connect ip is  192.168.43.237
[48832.066857]                                     but it isn't seted ip , so close it
[48832.593064] accepted a http connect , new connect ip is  192.168.43.186
[48832.599880]                           old connect ip is  192.168.43.237
[48832.606527]                                     but it isn't seted ip , so close it
[48833.133292] accepted a http connect , new connect ip is  192.168.43.186
[48833.140028]                           old connect ip is  192.168.43.237
[48833.146839]                                     but it isn't seted ip , so close it
[48833.663052] accepted a http connect , new connect ip is  192.168.43.186
[48833.669794]                           old connect ip is  192.168.43.237
[48833.676459]                                     but it isn't seted ip , so close it
[48834.195489] accepted a http connect , new connect ip is  192.168.43.186
[48834.202235]                           old connect ip is  192.168.43.237
[48834.208908]                                     but it isn't seted ip , so close it
[48834.733274] accepted a http connect , new connect ip is  192.168.43.186
[48834.740044]                           old connect ip is  192.168.43.237
[48834.746702]                                     but it isn't seted ip , so close it
[48835.273164] accepted a http connect , new connect ip is  192.168.43.186
[48835.279950]                           old connect ip is  192.168.43.237
[48835.286616]                                     but it isn't seted ip , so close it
[48835.812947] accepted a http connect , new connect ip is  192.168.43.186
[48835.819709]                           old connect ip is  192.168.43.237
[48835.826356]                                     but it isn't seted ip , so close it
[48836.343098] accepted a http connect , new connect ip is  192.168.43.186
[48836.349866]                           old connect ip is  192.168.43.237
[48836.356601]                                     but it isn't seted ip , so close it
[48836.883146] accepted a http connect , new connect ip is  192.168.43.186
[48836.889895]                           old connect ip is  192.168.43.237
[48836.896572]                                     but it isn't seted ip , so close it
[48837.412359] accepted a http connect , new connect ip is  192.168.43.186
[48837.419121]                           old connect ip is  192.168.43.237
[48837.425786]                                     but it isn't seted ip , so close it
[48837.942968] accepted a http connect , new connect ip is  192.168.43.186
[48837.949725]                           old connect ip is  192.168.43.237
[48837.956403]                                     but it isn't seted ip , so close it
[48838.473461] accepted a http connect , new connect ip is  192.168.43.186
[48838.480340]                           old connect ip is  192.168.43.237
[48838.487017]                                     but it isn't seted ip , so close it
[48839.012952] accepted a http connect , new connect ip is  192.168.43.186
[48839.019712]                           old connect ip is  192.168.43.237
[48839.026372]                                     but it isn't seted ip , so close it
[48839.538813] accepted a http connect , new connect ip is  192.168.43.186
[48839.545551]                           old connect ip is  192.168.43.237
[48839.552243]                                     but it isn't seted ip , so close it
[48840.073183] accepted a http connect , new connect ip is  192.168.43.186
[48840.079952]                           old connect ip is  192.168.43.237
[48840.086617]                                     but it isn't seted ip , so close it
[48840.613145] accepted a http connect , new connect ip is  192.168.43.186
[48840.619925]                           old connect ip is  192.168.43.237
[48840.626596]                                     but it isn't seted ip , so close it
[48841.153087] accepted a http connect , new connect ip is  192.168.43.186
[48841.159843]                           old connect ip is  192.168.43.237
[48841.166515]                                     but it isn't seted ip , so close it
[48841.682828] accepted a http connect , new connect ip is  192.168.43.186
[48841.689569]                           old connect ip is  192.168.43.237
[48841.696238]                                     but it isn't seted ip , so close it
[48842.213019] accepted a http connect , new connect ip is  192.168.43.186
[48842.219788]                           old connect ip is  192.168.43.237
[48842.226441]                                     but it isn't seted ip , so close it
[48842.742843] accepted a http connect , new connect ip is  192.168.43.186
[48842.749578]                           old connect ip is  192.168.43.237
[48842.756247]                                     but it isn't seted ip , so close it
[48843.272983] accepted a http connect , new connect ip is  192.168.43.186
[48843.279766]                           old connect ip is  192.168.43.237
[48843.286425]                                     but it isn't seted ip , so close it
[48843.803033] accepted a http connect , new connect ip is  192.168.43.186
[48843.809773]                           old connect ip is  192.168.43.237
[48843.816444]                                     but it isn't seted ip , so close it
[48844.333077] accepted a http connect , new connect ip is  192.168.43.186
[48844.339878]                           old connect ip is  192.168.43.237
[48844.346605]                                     but it isn't seted ip , so close it
[48844.875070] accepted a http connect , new connect ip is  192.168.43.186
[48844.881843]                           old connect ip is  192.168.43.237
[48844.888508]                                     but it isn't seted ip , so close it
[48845.402833] accepted a http connect , new connect ip is  192.168.43.186
[48845.409580]                           old connect ip is  192.168.43.237
[48845.416240]                                     but it isn't seted ip , so close it
[48845.933103] accepted a http connect , new connect ip is  192.168.43.186
[48845.939921]                           old connect ip is  192.168.43.237
[48845.946616]                                     but it isn't seted ip , so close it
[48846.459253] accepted a http connect , new connect ip is  192.168.43.186
[48846.465982]                           old connect ip is  192.168.43.237
[48846.472653]                                     but it isn't seted ip , so close it
[48846.992982] accepted a http connect , new connect ip is  192.168.43.186
[48846.999816]                           old connect ip is  192.168.43.237
[48847.006502]                                     but it isn't seted ip , so close it
[48847.519401] accepted a http connect , new connect ip is  192.168.43.186
[48847.526258]                           old connect ip is  192.168.43.237
[48847.532959]                                     but it isn't seted ip , so close it
[48848.052872] accepted a http connect , new connect ip is  192.168.43.186
[48848.059617]                           old connect ip is  192.168.43.237
[48848.066275]                                     but it isn't seted ip , so close it
[48848.578734] accepted a http connect , new connect ip is  192.168.43.186
[48848.585469]                           old connect ip is  192.168.43.237
[48848.592152]                                     but it isn't seted ip , so close it
[48849.112869] accepted a http connect , new connect ip is  192.168.43.186
[48849.119618]                           old connect ip is  192.168.43.237
[48849.126267]                                     but it isn't seted ip , so close it
[48849.642935] accepted a http connect , new connect ip is  192.168.43.186
[48849.649673]                           old connect ip is  192.168.43.237
[48849.656359]                                     but it isn't seted ip , so close it
[48850.173032] accepted a http connect , new connect ip is  192.168.43.186
[48850.179830]                           old connect ip is  192.168.43.237
[48850.186495]                                     but it isn't seted ip , so close it
[48850.712968] accepted a http connect , new connect ip is  192.168.43.186
[48850.719777]                           old connect ip is  192.168.43.237
[48850.726462]                                     but it isn't seted ip , so close it
[48851.240461] accepted a http connect , new connect ip is  192.168.43.186
[48851.247257]                           old connect ip is  192.168.43.237
[48851.253920]                                     but it isn't seted ip , so close it
[48851.766081] accepted a http connect , new connect ip is  192.168.43.186
[48851.772827]                           old connect ip is  192.168.43.237
[48851.779502]                                     but it isn't seted ip , so close it
[48852.302975] accepted a http connect , new connect ip is  192.168.43.186
[48852.309711]                           old connect ip is  192.168.43.237
[48852.316381]                                     but it isn't seted ip , so close it
[48852.843385] accepted a http connect , new connect ip is  192.168.43.186
[48852.850147]                           old connect ip is  192.168.43.237
[48852.856804]                                     but it isn't seted ip , so close it
[48853.372917] accepted a http connect , new connect ip is  192.168.43.186
[48853.379702]                           old connect ip is  192.168.43.237
[48853.386366]                                     but it isn't seted ip , so close it
[48853.913077] accepted a http connect , new connect ip is  192.168.43.186
[48853.919862]                           old connect ip is  192.168.43.237
[48853.926514]                                     but it isn't seted ip , so close it
[48854.438677] accepted a http connect , new connect ip is  192.168.43.186
[48854.445417]                           old connect ip is  192.168.43.237
[48854.452087]                                     but it isn't seted ip , so close it
[48854.972700] accepted a http connect , new connect ip is  192.168.43.186
[48854.979456]                           old connect ip is  192.168.43.237
[48854.986157]                                     but it isn't seted ip , so close it
[48855.498406] accepted a http connect , new connect ip is  192.168.43.186
[48855.505156]                           old connect ip is  192.168.43.237
[48855.511832]                                     but it isn't seted ip , so close it
[48856.033419] accepted a http connect , new connect ip is  192.168.43.186
[48856.040273]                           old connect ip is  192.168.43.237
[48856.046948]                                     but it isn't seted ip , so close it
[48856.562001] accepted a http connect , new connect ip is  192.168.43.186
[48856.568929]                           old connect ip is  192.168.43.237
[48856.575649]                                     but it isn't seted ip , so close it
[48857.092823] accepted a http connect , new connect ip is  192.168.43.186
[48857.099568]                           old connect ip is  192.168.43.237
[48857.106264]                                     but it isn't seted ip , so close it
[48857.622927] accepted a http connect , new connect ip is  192.168.43.186
[48857.629675]                           old connect ip is  192.168.43.237
[48857.636339]                                     but it isn't seted ip , so close it
[48858.152765] accepted a http connect , new connect ip is  192.168.43.186
[48858.159544]                           old connect ip is  192.168.43.237
[48858.166191]                                     but it isn't seted ip , so close it
[48858.680430] accepted a http connect , new connect ip is  192.168.43.186
[48858.687174]                           old connect ip is  192.168.43.237
[48858.693843]                                     but it isn't seted ip , so close it
[48859.212829] accepted a http connect , new connect ip is  192.168.43.186
[48859.219574]                           old connect ip is  192.168.43.237
[48859.226226]                                     but it isn't seted ip , so close it
[48859.752749] accepted a http connect , new connect ip is  192.168.43.186
[48859.759552]                           old connect ip is  192.168.43.237
[48859.766195]                                     but it isn't seted ip , so close it
[48860.282589] accepted a http connect , new connect ip is  192.168.43.186
[48860.289348]                           old connect ip is  192.168.43.237
[48860.296031]                                     but it isn't seted ip , so close it
[48860.813116] accepted a http connect , new connect ip is  192.168.43.186
[48860.820018]                           old connect ip is  192.168.43.237
[48860.826682]                                     but it isn't seted ip , so close it
[48861.352914] accepted a http connect , new connect ip is  192.168.43.186
[48861.359691]                           old connect ip is  192.168.43.237
[48861.366338]                                     but it isn't seted ip , so close it
[48861.882848] accepted a http connect , new connect ip is  192.168.43.186
[48861.889609]                           old connect ip is  192.168.43.237
[48861.896317]                                     but it isn't seted ip , so close it
[48862.412934] accepted a http connect , new connect ip is  192.168.43.186
[48862.419799]                           old connect ip is  192.168.43.237
[48862.426518]                                     but it isn't seted ip , so close it
[48862.944057] accepted a http connect , new connect ip is  192.168.43.186
[48862.950846]                           old connect ip is  192.168.43.237
[48862.957535]                                     but it isn't seted ip , so close it
[48863.474444] accepted a http connect , new connect ip is  192.168.43.186
[48863.481188]                           old connect ip is  192.168.43.237
[48863.487877]                                     but it isn't seted ip , so close it
[48864.012803] accepted a http connect , new connect ip is  192.168.43.186
[48864.019603]                           old connect ip is  192.168.43.237
[48864.026263]                                     but it isn't seted ip , so close it
[48864.538927] accepted a http connect , new connect ip is  192.168.43.186
[48864.545727]                           old connect ip is  192.168.43.237
[48864.552445]                                     but it isn't seted ip , so close it
[48865.072742] accepted a http connect , new connect ip is  192.168.43.186
[48865.079550]                           old connect ip is  192.168.43.237
[48865.086230]                                     but it isn't seted ip , so close it
[48865.599086] accepted a http connect , new connect ip is  192.168.43.186
[48865.605838]                           old connect ip is  192.168.43.237
[48865.612544]                                     but it isn't seted ip , so close it
[48866.134041] accepted a http connect , new connect ip is  192.168.43.186
[48866.140893]                           old connect ip is  192.168.43.237
[48866.147588]                                     but it isn't seted ip , so close it
[48866.672794] accepted a http connect , new connect ip is  192.168.43.186
[48866.679563]                           old connect ip is  192.168.43.237
[48866.686212]                                     but it isn't seted ip , so close it
[48867.202613] accepted a http connect , new connect ip is  192.168.43.186
[48867.209354]                           old connect ip is  192.168.43.237
[48867.216013]                                     but it isn't seted ip , so close it
[48867.732849] accepted a http connect , new connect ip is  192.168.43.186
[48867.739609]                           old connect ip is  192.168.43.237
[48867.746294]                                     but it isn't seted ip , so close it
[48868.262714] accepted a http connect , new connect ip is  192.168.43.186
[48868.269683]                           old connect ip is  192.168.43.237
[48868.276443]                                     but it isn't seted ip , so close it
[48868.802833] accepted a http connect , new connect ip is  192.168.43.186
[48868.809598]                           old connect ip is  192.168.43.237
[48868.816364]                                     but it isn't seted ip , so close it
[48869.342826] accepted a http connect , new connect ip is  192.168.43.186
[48869.349503]                           old connect ip is  192.168.43.237
[48869.356160]                                     but it isn't seted ip , so close it
[48869.872758] accepted a http connect , new connect ip is  192.168.43.186
[48869.879504]                           old connect ip is  192.168.43.237
[48869.886154]                                     but it isn't seted ip , so close it
[48870.403730] accepted a http connect , new connect ip is  192.168.43.186
[48870.410486]                           old connect ip is  192.168.43.237
[48870.417155]                                     but it isn't seted ip , so close it
[48870.942801] accepted a http connect , new connect ip is  192.168.43.186
[48870.949552]                           old connect ip is  192.168.43.237
[48870.956242]                                     but it isn't seted ip , so close it
[48871.468898] accepted a http connect , new connect ip is  192.168.43.186
[48871.475691]                           old connect ip is  192.168.43.237
[48871.482344]                                     but it isn't seted ip , so close it
[48872.002552] accepted a http connect , new connect ip is  192.168.43.186
[48872.009283]                           old connect ip is  192.168.43.237
[48872.016028]                                     but it isn't seted ip , so close it
[48872.528804] accepted a http connect , new connect ip is  192.168.43.186
[48872.535596]                           old connect ip is  192.168.43.237
[48872.542265]                                     but it isn't seted ip , so close it
[48873.062718] accepted a http connect , new connect ip is  192.168.43.186
[48873.069460]                           old connect ip is  192.168.43.237
[48873.076129]                                     but it isn't seted ip , so close it
[48873.588863] accepted a http connect , new connect ip is  192.168.43.186
[48873.595732]                           old connect ip is  192.168.43.237
[48873.602443]                                     but it isn't seted ip , so close it
[48874.122693] accepted a http connect , new connect ip is  192.168.43.186
[48874.129394]                           old connect ip is  192.168.43.237
[48874.136061]                                     but it isn't seted ip , so close it
[48874.649385] accepted a http connect , new connect ip is  192.168.43.186
[48874.656084]                           old connect ip is  192.168.43.237
[48874.662747]                                     but it isn't seted ip , so close it
[48875.174331] accepted a http connect , new connect ip is  192.168.43.186
[48875.181066]                           old connect ip is  192.168.43.237
[48875.187710]                                     but it isn't seted ip , so close it
[48875.712492] accepted a http connect , new connect ip is  192.168.43.186
[48875.719269]                           old connect ip is  192.168.43.237
[48875.725919]                                     but it isn't seted ip , so close it
[48876.242777] accepted a http connect , new connect ip is  192.168.43.186
[48876.249545]                           old connect ip is  192.168.43.237
[48876.256419]                                     but it isn't seted ip , so close it
[48876.772883] accepted a http connect , new connect ip is  192.168.43.186
[48876.779720]                           old connect ip is  192.168.43.237
[48876.786415]                                     but it isn't seted ip , so close it
[48877.312805] accepted a http connect , new connect ip is  192.168.43.186
[48877.319568]                           old connect ip is  192.168.43.237
[48877.326213]                                     but it isn't seted ip , so close it
[48877.842164] accepted a http connect , new connect ip is  192.168.43.186
[48877.848903]                           old connect ip is  192.168.43.237
[48877.855562]                                     but it isn't seted ip , so close it
[48878.372597] accepted a http connect , new connect ip is  192.168.43.186
[48878.379361]                           old connect ip is  192.168.43.237
[48878.386020]                                     but it isn't seted ip , so close it
[48878.902575] accepted a http connect , new connect ip is  192.168.43.186
[48878.909312]                           old connect ip is  192.168.43.237
[48878.916039]                                     but it isn't seted ip , so close it
[48879.430517] accepted a http connect , new connect ip is  192.168.43.186
[48879.437297]                           old connect ip is  192.168.43.237
[48879.443952]                                     but it isn't seted ip , so close it
[48879.962906] accepted a http connect , new connect ip is  192.168.43.186
[48879.969736]                           old connect ip is  192.168.43.237
[48879.976414]                                     but it isn't seted ip , so close it
[48880.492431] accepted a http connect , new connect ip is  192.168.43.186
[48880.499233]                           old connect ip is  192.168.43.237
[48880.505969]                                     but it isn't seted ip , so close it
[48881.022650] accepted a http connect , new connect ip is  192.168.43.186
[48881.029442]                           old connect ip is  192.168.43.237
[48881.036119]                                     but it isn't seted ip , so close it
[48881.551186] accepted a http connect , new connect ip is  192.168.43.186
[48881.557942]                           old connect ip is  192.168.43.237
[48881.564604]                                     but it isn't seted ip , so close it
[48882.082556] accepted a http connect , new connect ip is  192.168.43.186
[48882.089285]                           old connect ip is  192.168.43.237
[48882.095955]                                     but it isn't seted ip , so close it
[48882.608709] accepted a http connect , new connect ip is  192.168.43.186
[48882.615548]                           old connect ip is  192.168.43.237
[48882.622206]                                     but it isn't seted ip , so close it
[48883.142626] accepted a http connect , new connect ip is  192.168.43.186
[48883.149402]                           old connect ip is  192.168.43.237
[48883.156108]                                     but it isn't seted ip , so close it
[48883.682585] accepted a http connect , new connect ip is  192.168.43.186
[48883.689311]                           old connect ip is  192.168.43.237
[48883.695999]                                     but it isn't seted ip , so close it
[48884.212514] accepted a http connect , new connect ip is  192.168.43.186
[48884.219266]                           old connect ip is  192.168.43.237
[48884.225909]                                     but it isn't seted ip , so close it
[48884.742644] accepted a http connect , new connect ip is  192.168.43.186
[48884.749382]                           old connect ip is  192.168.43.237
[48884.756061]                                     but it isn't seted ip , so close it
[48885.272472] accepted a http connect , new connect ip is  192.168.43.186
[48885.279306]                           old connect ip is  192.168.43.237
[48885.285968]                                     but it isn't seted ip , so close it
[48885.798602] accepted a http connect , new connect ip is  192.168.43.186
[48885.805327]                           old connect ip is  192.168.43.237
[48885.812005]                                     but it isn't seted ip , so close it
[48886.328522] accepted a http connect , new connect ip is  192.168.43.186
[48886.335329]                           old connect ip is  192.168.43.237
[48886.342024]                                     but it isn't seted ip , so close it
[48886.858183] accepted a http connect , new connect ip is  192.168.43.186
[48886.864974]                           old connect ip is  192.168.43.237
[48886.871635]                                     but it isn't seted ip , so close it
[48887.392591] accepted a http connect , new connect ip is  192.168.43.186
[48887.399374]                           old connect ip is  192.168.43.237
[48887.406058]                                     but it isn't seted ip , so close it
[48887.932460] accepted a http connect , new connect ip is  192.168.43.186
[48887.939230]                           old connect ip is  192.168.43.237
[48887.945882]                                     but it isn't seted ip , so close it
[48888.460486] accepted a http connect , new connect ip is  192.168.43.186
[48888.467269]                           old connect ip is  192.168.43.237
[48888.473960]                                     but it isn't seted ip , so close it
[48888.992512] accepted a http connect , new connect ip is  192.168.43.186
[48888.999280]                           old connect ip is  192.168.43.237
[48889.006005]                                     but it isn't seted ip , so close it
[48889.518429] accepted a http connect , new connect ip is  192.168.43.186
[48889.525183]                           old connect ip is  192.168.43.237
[48889.531841]                                     but it isn't seted ip , so close it
[48890.052410] accepted a http connect , new connect ip is  192.168.43.186
[48890.059220]                           old connect ip is  192.168.43.237
[48890.065911]                                     but it isn't seted ip , so close it
[48890.579229] accepted a http connect , new connect ip is  192.168.43.186
[48890.585964]                           old connect ip is  192.168.43.237
[48890.592812]                                     but it isn't seted ip , so close it
[48891.112370] accepted a http connect , new connect ip is  192.168.43.186
[48891.119213]                           old connect ip is  192.168.43.237
[48891.125876]                                     but it isn't seted ip , so close it
[48891.638505] accepted a http connect , new connect ip is  192.168.43.186
[48891.645356]                           old connect ip is  192.168.43.237
[48891.652073]                                     but it isn't seted ip , so close it
[48892.173579] accepted a http connect , new connect ip is  192.168.43.186
[48892.180368]                           old connect ip is  192.168.43.237
[48892.187048]                                     but it isn't seted ip , so close it
[48892.699951] accepted a http connect , new connect ip is  192.168.43.186
[48892.706735]                           old connect ip is  192.168.43.237
[48892.713401]                                     but it isn't seted ip , so close it
[48893.232468] accepted a http connect , new connect ip is  192.168.43.186
[48893.239224]                           old connect ip is  192.168.43.237
[48893.245866]                                     but it isn't seted ip , so close it
[48893.762506] accepted a http connect , new connect ip is  192.168.43.186
[48893.769259]                           old connect ip is  192.168.43.237
[48893.775929]                                     but it isn't seted ip , so close it
[48894.288681] accepted a http connect , new connect ip is  192.168.43.186
[48894.295431]                           old connect ip is  192.168.43.237
[48894.302085]                                     but it isn't seted ip , so close it
[48894.822543] accepted a http connect , new connect ip is  192.168.43.186
[48894.829274]                           old connect ip is  192.168.43.237
[48894.835968]                                     but it isn't seted ip , so close it
[48895.352561] accepted a http connect , new connect ip is  192.168.43.186
[48895.359357]                           old connect ip is  192.168.43.237
[48895.366004]                                     but it isn't seted ip , so close it
[48895.884385] accepted a http connect , new connect ip is  192.168.43.186
[48895.891147]                           old connect ip is  192.168.43.237
[48895.897805]                                     but it isn't seted ip , so close it
[48896.422447] accepted a http connect , new connect ip is  192.168.43.186
[48896.429178]                           old connect ip is  192.168.43.237
[48896.435867]                                     but it isn't seted ip , so close it
[48896.962405] accepted a http connect , new connect ip is  192.168.43.186
[48896.969135]                           old connect ip is  192.168.43.237
[48896.975810]                                     but it isn't seted ip , so close it
[48897.488556] accepted a http connect , new connect ip is  192.168.43.186
[48897.495353]                           old connect ip is  192.168.43.237
[48897.501998]                                     but it isn't seted ip , so close it
[48898.022711] accepted a http connect , new connect ip is  192.168.43.186
[48898.029468]                           old connect ip is  192.168.43.237
[48898.036144]                                     but it isn't seted ip , so close it
[48898.554682] accepted a http connect , new connect ip is  192.168.43.186
[48898.561402]                           old connect ip is  192.168.43.237
[48898.568066]                                     but it isn't seted ip , so close it
[48899.081726] accepted a http connect , new connect ip is  192.168.43.186
[48899.088620]                           old connect ip is  192.168.43.237
[48899.095318]                                     but it isn't seted ip , so close it
[48899.607972] accepted a http connect , new connect ip is  192.168.43.186
[48899.614742]                           old connect ip is  192.168.43.237
[48899.621410]                                     but it isn't seted ip , so close it
[48900.142484] accepted a http connect , new connect ip is  192.168.43.186
[48900.149220]                           old connect ip is  192.168.43.237
[48900.155963]                                     but it isn't seted ip , so close it
[48900.669729] accepted a http connect , new connect ip is  192.168.43.186
[48900.676677]                           old connect ip is  192.168.43.237
[48900.683341]                                     but it isn't seted ip , so close it
[48901.203099] accepted a http connect , new connect ip is  192.168.43.186
[48901.209927]                           old connect ip is  192.168.43.237
[48901.216635]                                     but it isn't seted ip , so close it
[48901.742436] accepted a http connect , new connect ip is  192.168.43.186
[48901.749175]                           old connect ip is  192.168.43.237
[48901.755890]                                     but it isn't seted ip , so close it
[48902.272294] accepted a http connect , new connect ip is  192.168.43.186
[48902.279046]                           old connect ip is  192.168.43.237
[48902.285696]                                     but it isn't seted ip , so close it
[48902.802333] accepted a http connect , new connect ip is  192.168.43.186
[48902.809066]                           old connect ip is  192.168.43.237
[48902.815755]                                     but it isn't seted ip , so close it
[48903.328391] accepted a http connect , new connect ip is  192.168.43.186
[48903.335154]                           old connect ip is  192.168.43.237
[48903.341809]                                     but it isn't seted ip , so close it
[48903.862579] accepted a http connect , new connect ip is  192.168.43.186
[48903.869343]                           old connect ip is  192.168.43.237
[48903.876008]                                     but it isn't seted ip , so close it
[48904.403141] accepted a http connect , new connect ip is  192.168.43.186
[48904.409938]                           old connect ip is  192.168.43.237
[48904.416615]                                     but it isn't seted ip , so close it
[48904.944376] accepted a http connect , new connect ip is  192.168.43.186
[48904.951158]                           old connect ip is  192.168.43.237
[48904.957867]                                     but it isn't seted ip , so close it
[48905.472791] accepted a http connect , new connect ip is  192.168.43.186
[48905.479539]                           old connect ip is  192.168.43.237
[48905.486184]                                     but it isn't seted ip , so close it
[48906.002310] accepted a http connect , new connect ip is  192.168.43.186
[48906.009052]                           old connect ip is  192.168.43.237
[48906.015720]                                     but it isn't seted ip , so close it
[48906.528108] accepted a http connect , new connect ip is  192.168.43.186
[48906.534880]                           old connect ip is  192.168.43.237
[48906.541537]                                     but it isn't seted ip , so close it
[48907.062624] accepted a http connect , new connect ip is  192.168.43.186
[48907.069371]                           old connect ip is  192.168.43.237
[48907.076211]                                     but it isn't seted ip , so close it
[48907.594564] accepted a http connect , new connect ip is  192.168.43.186
[48907.601238]                           old connect ip is  192.168.43.237
[48907.607907]                                     but it isn't seted ip , so close it
[48908.132556] accepted a http connect , new connect ip is  192.168.43.186
[48908.139333]                           old connect ip is  192.168.43.237
[48908.145979]                                     but it isn't seted ip , so close it
[48908.658710] accepted a http connect , new connect ip is  192.168.43.186
[48908.665435]                           old connect ip is  192.168.43.237
[48908.672119]                                     but it isn't seted ip , so close it
[48909.185357] accepted a http connect , new connect ip is  192.168.43.186
[48909.192192]                           old connect ip is  192.168.43.237
[48909.198896]                                     but it isn't seted ip , so close it
[48909.711921] accepted a http connect , new connect ip is  192.168.43.186
[48909.718695]                           old connect ip is  192.168.43.237
[48909.725363]                                     but it isn't seted ip , so close it
[48910.241347] accepted a http connect , new connect ip is  192.168.43.186
[48910.248127]                           old connect ip is  192.168.43.237
[48910.254936]                                     but it isn't seted ip , so close it
[48910.782452] accepted a http connect , new connect ip is  192.168.43.186
[48910.789230]                           old connect ip is  192.168.43.237
[48910.795930]                                     but it isn't seted ip , so close it
[48911.312272] accepted a http connect , new connect ip is  192.168.43.186
[48911.319028]                           old connect ip is  192.168.43.237
[48911.325669]                                     but it isn't seted ip , so close it
[48911.838320] accepted a http connect , new connect ip is  192.168.43.186
[48911.845047]                           old connect ip is  192.168.43.237
[48911.851720]                                     but it isn't seted ip , so close it
[48912.367406] accepted a http connect , new connect ip is  192.168.43.186
[48912.374230]                           old connect ip is  192.168.43.237
[48912.380890]                                     but it isn't seted ip , so close it
[48912.902457] accepted a http connect , new connect ip is  192.168.43.186
[48912.909203]                           old connect ip is  192.168.43.237
[48912.915892]                                     but it isn't seted ip , so close it
[48913.442159] accepted a http connect , new connect ip is  192.168.43.186
[48913.448896]                           old connect ip is  192.168.43.237
[48913.455582]                                     but it isn't seted ip , so close it
[48913.972260] accepted a http connect , new connect ip is  192.168.43.186
[48913.979017]                           old connect ip is  192.168.43.237
[48913.985658]                                     but it isn't seted ip , so close it
[48914.498224] accepted a http connect , new connect ip is  192.168.43.186
[48914.504970]                           old connect ip is  192.168.43.237
[48914.511624]                                     but it isn't seted ip , so close it
[48915.032662] accepted a http connect , new connect ip is  192.168.43.186
[48915.039439]                           old connect ip is  192.168.43.237
[48915.046112]                                     but it isn't seted ip , so close it
[48915.558947] accepted a http connect , new connect ip is  192.168.43.186
[48915.565687]                           old connect ip is  192.168.43.237
[48915.572376]                                     but it isn't seted ip , so close it
[48916.092998] accepted a http connect , new connect ip is  192.168.43.186
[48916.099790]                           old connect ip is  192.168.43.237
[48916.106460]                                     but it isn't seted ip , so close it
[48916.621202] accepted a http connect , new connect ip is  192.168.43.186
[48916.627971]                           old connect ip is  192.168.43.237
[48916.634655]                                     but it isn't seted ip , so close it
[48917.152426] accepted a http connect , new connect ip is  192.168.43.186
[48917.159212]                           old connect ip is  192.168.43.237
[48917.165859]                                     but it isn't seted ip , so close it
[48917.678645] accepted a http connect , new connect ip is  192.168.43.186
[48917.685394]                           old connect ip is  192.168.43.237
[48917.692058]                                     but it isn't seted ip , so close it
[48918.212363] accepted a http connect , new connect ip is  192.168.43.186
[48918.219203]                           old connect ip is  192.168.43.237
[48918.225852]                                     but it isn't seted ip , so close it
[48918.742247] accepted a http connect , new connect ip is  192.168.43.186
[48918.749041]                           old connect ip is  192.168.43.237
[48918.755757]                                     but it isn't seted ip , so close it
[48919.272333] accepted a http connect , new connect ip is  192.168.43.186
[48919.279121]                           old connect ip is  192.168.43.237
[48919.285765]                                     but it isn't seted ip , so close it
[48919.812342] accepted a http connect , new connect ip is  192.168.43.186
[48919.819115]                           old connect ip is  192.168.43.237
[48919.825785]                                     but it isn't seted ip , so close it
[48920.352280] accepted a http connect , new connect ip is  192.168.43.186
[48920.359055]                           old connect ip is  192.168.43.237
[48920.365697]                                     but it isn't seted ip , so close it
[48920.878417] accepted a http connect , new connect ip is  192.168.43.186
[48920.885154]                           old connect ip is  192.168.43.237
[48920.891847]                                     but it isn't seted ip , so close it
[48921.408460] accepted a http connect , new connect ip is  192.168.43.186
[48921.415270]                           old connect ip is  192.168.43.237
[48921.421947]                                     but it isn't seted ip , so close it
[48921.946595] accepted a http connect , new connect ip is  192.168.43.186
[48921.953448]                           old connect ip is  192.168.43.237
[48921.960139]                                     but it isn't seted ip , so close it
[48922.486468] accepted a http connect , new connect ip is  192.168.43.186
[48922.493366]                           old connect ip is  192.168.43.237
[48922.500090]                                     but it isn't seted ip , so close it
[48923.022479] accepted a http connect , new connect ip is  192.168.43.186
[48923.029238]                           old connect ip is  192.168.43.237
[48923.035913]                                     but it isn't seted ip , so close it
[48923.549098] accepted a http connect , new connect ip is  192.168.43.186
[48923.555872]                           old connect ip is  192.168.43.237
[48923.562526]                                     but it isn't seted ip , so close it
[48924.082513] accepted a http connect , new connect ip is  192.168.43.186
[48924.089243]                           old connect ip is  192.168.43.237
[48924.095918]                                     but it isn't seted ip , so close it
[48924.608537] accepted a http connect , new connect ip is  192.168.43.186
[48924.615321]                           old connect ip is  192.168.43.237
[48924.621976]                                     but it isn't seted ip , so close it
[48925.142263] accepted a http connect , new connect ip is  192.168.43.186
[48925.149067]                           old connect ip is  192.168.43.237
[48925.155742]                                     but it isn't seted ip , so close it
[48925.668031] accepted a http connect , new connect ip is  192.168.43.186
[48925.674783]                           old connect ip is  192.168.43.237
[48925.681458]                                     but it isn't seted ip , so close it
[48926.202379] accepted a http connect , new connect ip is  192.168.43.186
[48926.209120]                           old connect ip is  192.168.43.237
[48926.215798]                                     but it isn't seted ip , so close it
[48926.732313] accepted a http connect , new connect ip is  192.168.43.186
[48926.739245]                           old connect ip is  192.168.43.237
[48926.745905]                                     but it isn't seted ip , so close it
[48927.261739] accepted a http connect , new connect ip is  192.168.43.186
[48927.268505]                           old connect ip is  192.168.43.237
[48927.275177]                                     but it isn't seted ip , so close it
[48927.792241] accepted a http connect , new connect ip is  192.168.43.186
[48927.798925]                           old connect ip is  192.168.43.237
[48927.805585]                                     but it isn't seted ip , so close it
[48928.322259] accepted a http connect , new connect ip is  192.168.43.186
[48928.328960]                           old connect ip is  192.168.43.237
[48928.335608]                                     but it isn't seted ip , so close it
[48928.852337] accepted a http connect , new connect ip is  192.168.43.186
[48928.859036]                           old connect ip is  192.168.43.237
[48928.865713]                                     but it isn't seted ip , so close it
[48929.382090] accepted a http connect , new connect ip is  192.168.43.186
[48929.388830]                           old connect ip is  192.168.43.237
[48929.395501]                                     but it isn't seted ip , so close it
[48929.912570] accepted a http connect , new connect ip is  192.168.43.186
[48929.919386]                           old connect ip is  192.168.43.237
[48929.926053]                                     but it isn't seted ip , so close it
[48930.439286] accepted a http connect , new connect ip is  192.168.43.186
[48930.446034]                           old connect ip is  192.168.43.237
[48930.452737]                                     but it isn't seted ip , so close it
[48930.972197] accepted a http connect , new connect ip is  192.168.43.186
[48930.978973]                           old connect ip is  192.168.43.237
[48930.985621]                                     but it isn't seted ip , so close it
[48931.504751] accepted a http connect , new connect ip is  192.168.43.186
[48931.511504]                           old connect ip is  192.168.43.237
[48931.518177]                                     but it isn't seted ip , so close it
[48932.042559] accepted a http connect , new connect ip is  192.168.43.186
[48932.049311]                           old connect ip is  192.168.43.237
[48932.055987]                                     but it isn't seted ip , so close it
[48932.568334] accepted a http connect , new connect ip is  192.168.43.186
[48932.575110]                           old connect ip is  192.168.43.237
[48932.581776]                                     but it isn't seted ip , so close it
[48933.095372] accepted a http connect , new connect ip is  192.168.43.186
[48933.102229]                           old connect ip is  192.168.43.237
[48933.108901]                                     but it isn't seted ip , so close it
[48933.621344] accepted a http connect , new connect ip is  192.168.43.186
[48933.628090]                           old connect ip is  192.168.43.237
[48933.634753]                                     but it isn't seted ip , so close it
[48934.152205] accepted a http connect , new connect ip is  192.168.43.186
[48934.158998]                           old connect ip is  192.168.43.237
[48934.165643]                                     but it isn't seted ip , so close it
[48934.680023] accepted a http connect , new connect ip is  192.168.43.186
[48934.686811]                           old connect ip is  192.168.43.237
[48934.693501]                                     but it isn't seted ip , so close it
[48935.212466] accepted a http connect , new connect ip is  192.168.43.186
[48935.219156]                           old connect ip is  192.168.43.237
[48935.225805]                                     but it isn't seted ip , so close it
[48935.742085] accepted a http connect , new connect ip is  192.168.43.186
[48935.748882]                           old connect ip is  192.168.43.237
[48935.755544]                                     but it isn't seted ip , so close it
[48936.272232] accepted a http connect , new connect ip is  192.168.43.186
[48936.278983]                           old connect ip is  192.168.43.237
[48936.285631]                                     but it isn't seted ip , so close it
[48936.802569] accepted a http connect , new connect ip is  192.168.43.186
[48936.809332]                           old connect ip is  192.168.43.237
[48936.815996]                                     but it isn't seted ip , so close it
[48937.333048] accepted a http connect , new connect ip is  192.168.43.186
[48937.339794]                           old connect ip is  192.168.43.237
[48937.346456]                                     but it isn't seted ip , so close it
[48937.872182] accepted a http connect , new connect ip is  192.168.43.186
[48937.878958]                           old connect ip is  192.168.43.237
[48937.885626]                                     but it isn't seted ip , so close it
[48938.402321] accepted a http connect , new connect ip is  192.168.43.186
[48938.409125]                           old connect ip is  192.168.43.237
[48938.415804]                                     but it isn't seted ip , so close it
[48938.942119] accepted a http connect , new connect ip is  192.168.43.186
[48938.948864]                           old connect ip is  192.168.43.237
[48938.955529]                                     but it isn't seted ip , so close it
[48939.468720] accepted a http connect , new connect ip is  192.168.43.186
[48939.475468]                           old connect ip is  192.168.43.237
[48939.482114]                                     but it isn't seted ip , so close it
[48940.002428] accepted a http connect , new connect ip is  192.168.43.186
[48940.009240]                           old connect ip is  192.168.43.237
[48940.016006]                                     but it isn't seted ip , so close it
[48940.535165] accepted a http connect , new connect ip is  192.168.43.186
[48940.541909]                           old connect ip is  192.168.43.237
[48940.548617]                                     but it isn't seted ip , so close it
[48941.073803] accepted a http connect , new connect ip is  192.168.43.186
[48941.080547]                           old connect ip is  192.168.43.237
[48941.087197]                                     but it isn't seted ip , so close it
[48941.604013] accepted a http connect , new connect ip is  192.168.43.186
[48941.610861]                           old connect ip is  192.168.43.237
[48941.617537]                                     but it isn't seted ip , so close it
[48942.142044] accepted a http connect , new connect ip is  192.168.43.186
[48942.148788]                           old connect ip is  192.168.43.237
[48942.155454]                                     but it isn't seted ip , so close it
[48942.671097] accepted a http connect , new connect ip is  192.168.43.186
[48942.677855]                           old connect ip is  192.168.43.237
[48942.684503]                                     but it isn't seted ip , so close it
[48943.202261] accepted a http connect , new connect ip is  192.168.43.186
[48943.209014]                           old connect ip is  192.168.43.237
[48943.215681]                                     but it isn't seted ip , so close it
[48943.729192] accepted a http connect , new connect ip is  192.168.43.186
[48943.736004]                           old connect ip is  192.168.43.237
[48943.742704]                                     but it isn't seted ip , so close it
[48944.262492] accepted a http connect , new connect ip is  192.168.43.186
[48944.269283]                           old connect ip is  192.168.43.237
[48944.275967]                                     but it isn't seted ip , so close it
[48944.792213] accepted a http connect , new connect ip is  192.168.43.186
[48944.798985]                           old connect ip is  192.168.43.237
[48944.805655]                                     but it isn't seted ip , so close it
[48945.320418] accepted a http connect , new connect ip is  192.168.43.186
[48945.327288]                           old connect ip is  192.168.43.237
[48945.333960]                                     but it isn't seted ip , so close it
[48945.852540] accepted a http connect , new connect ip is  192.168.43.186
[48945.859336]                           old connect ip is  192.168.43.237
[48945.865984]                                     but it isn't seted ip , so close it
[48946.382139] accepted a http connect , new connect ip is  192.168.43.186
[48946.388894]                           old connect ip is  192.168.43.237
[48946.395614]                                     but it isn't seted ip , so close it
[48946.922335] accepted a http connect , new connect ip is  192.168.43.186
[48946.929114]                           old connect ip is  192.168.43.237
[48946.935807]                                     but it isn't seted ip , so close it
[48947.462071] accepted a http connect , new connect ip is  192.168.43.186
[48947.468825]                           old connect ip is  192.168.43.237
[48947.475495]                                     but it isn't seted ip , so close it
[48947.992086] accepted a http connect , new connect ip is  192.168.43.186
[48947.998862]                           old connect ip is  192.168.43.237
[48948.005503]                                     but it isn't seted ip , so close it
[48948.521966] accepted a http connect , new connect ip is  192.168.43.186
[48948.528731]                           old connect ip is  192.168.43.237
[48948.535391]                                     but it isn't seted ip , so close it
[48949.061862] accepted a http connect , new connect ip is  192.168.43.186
[48949.068598]                           old connect ip is  192.168.43.237
[48949.075292]                                     but it isn't seted ip , so close it
[48949.587663] accepted a http connect , new connect ip is  192.168.43.186
[48949.594430]                           old connect ip is  192.168.43.237
[48949.601092]                                     but it isn't seted ip , so close it
[48950.121975] accepted a http connect , new connect ip is  192.168.43.186
[48950.128725]                           old connect ip is  192.168.43.237
[48950.135391]                                     but it isn't seted ip , so close it
[48950.667881] accepted a http connect , new connect ip is  192.168.43.186
[48950.674649]                           old connect ip is  192.168.43.237
[48950.681301]                                     but it isn't seted ip , so close it
[48951.201998] accepted a http connect , new connect ip is  192.168.43.186
[48951.208783]                           old connect ip is  192.168.43.237
[48951.215452]                                     but it isn't seted ip , so close it
[48951.728182] accepted a http connect , new connect ip is  192.168.43.186
[48951.734959]                           old connect ip is  192.168.43.237
[48951.741613]                                     but it isn't seted ip , so close it
[48952.261959] accepted a http connect , new connect ip is  192.168.43.186
[48952.268722]                           old connect ip is  192.168.43.237
[48952.275389]                                     but it isn't seted ip , so close it
[48952.802198] accepted a http connect , new connect ip is  192.168.43.186
[48952.808896]                           old connect ip is  192.168.43.237
[48952.815568]                                     but it isn't seted ip , so close it
[48953.332003] accepted a http connect , new connect ip is  192.168.43.186
[48953.338760]                           old connect ip is  192.168.43.237
[48953.345465]                                     but it isn't seted ip , so close it
[48953.862312] accepted a http connect , new connect ip is  192.168.43.186
[48953.869054]                           old connect ip is  192.168.43.237
[48953.875735]                                     but it isn't seted ip , so close it
[48954.391938] accepted a http connect , new connect ip is  192.168.43.186
[48954.398690]                           old connect ip is  192.168.43.237
[48954.405332]                                     but it isn't seted ip , so close it
[48954.921882] accepted a http connect , new connect ip is  192.168.43.186
[48954.928644]                           old connect ip is  192.168.43.237
[48954.935333]                                     but it isn't seted ip , so close it
[48955.452018] accepted a http connect , new connect ip is  192.168.43.186
[48955.458790]                           old connect ip is  192.168.43.237
[48955.465433]                                     but it isn't seted ip , so close it
[48955.991871] accepted a http connect , new connect ip is  192.168.43.186
[48955.998648]                           old connect ip is  192.168.43.237
[48956.005310]                                     but it isn't seted ip , so close it
[48956.522048] accepted a http connect , new connect ip is  192.168.43.186
[48956.528801]                           old connect ip is  192.168.43.237
[48956.535551]                                     but it isn't seted ip , so close it
[48957.061767] accepted a http connect , new connect ip is  192.168.43.186
[48957.068528]                           old connect ip is  192.168.43.237
[48957.075201]                                     but it isn't seted ip , so close it
[48957.587736] accepted a http connect , new connect ip is  192.168.43.186
[48957.594500]                           old connect ip is  192.168.43.237
[48957.601172]                                     but it isn't seted ip , so close it
[48958.122043] accepted a http connect , new connect ip is  192.168.43.186
[48958.128842]                           old connect ip is  192.168.43.237
[48958.135555]                                     but it isn't seted ip , so close it
[48958.649698] accepted a http connect , new connect ip is  192.168.43.186
[48958.656491]                           old connect ip is  192.168.43.237
[48958.663156]                                     but it isn't seted ip , so close it
[48959.192118] accepted a http connect , new connect ip is  192.168.43.186
[48959.199077]                           old connect ip is  192.168.43.237
[48959.205737]                                     but it isn't seted ip , so close it
[48959.720609] accepted a http connect , new connect ip is  192.168.43.186
[48959.727363]                           old connect ip is  192.168.43.237
[48959.734028]                                     but it isn't seted ip , so close it
[48960.251779] accepted a http connect , new connect ip is  192.168.43.186
[48960.258558]                           old connect ip is  192.168.43.237
[48960.265204]                                     but it isn't seted ip , so close it
[48960.781891] accepted a http connect , new connect ip is  192.168.43.186
[48960.788668]                           old connect ip is  192.168.43.237
[48960.795328]                                     but it isn't seted ip , so close it
[48961.312041] accepted a http connect , new connect ip is  192.168.43.186
[48961.318794]                           old connect ip is  192.168.43.237
[48961.325445]                                     but it isn't seted ip , so close it
[48961.861815] accepted a http connect , new connect ip is  192.168.43.186
[48961.868591]                           old connect ip is  192.168.43.237
[48961.875273]                                     but it isn't seted ip , so close it
[48962.392029] accepted a http connect , new connect ip is  192.168.43.186
[48962.398811]                           old connect ip is  192.168.43.237
[48962.405468]                                     but it isn't seted ip , so close it
[48962.931849] accepted a http connect , new connect ip is  192.168.43.186
[48962.938643]                           old connect ip is  192.168.43.237
[48962.945287]                                     but it isn't seted ip , so close it
[48963.461812] accepted a http connect , new connect ip is  192.168.43.186
[48963.468546]                           old connect ip is  192.168.43.237
[48963.475208]                                     but it isn't seted ip , so close it
[48963.992034] accepted a http connect , new connect ip is  192.168.43.186
[48963.998821]                           old connect ip is  192.168.43.237
[48964.005485]                                     but it isn't seted ip , so close it
[48964.523380] accepted a http connect , new connect ip is  192.168.43.186
[48964.530149]                           old connect ip is  192.168.43.237
[48964.536824]                                     but it isn't seted ip , so close it
[48965.062173] accepted a http connect , new connect ip is  192.168.43.186
[48965.069020]                           old connect ip is  192.168.43.237
[48965.075713]                                     but it isn't seted ip , so close it
[48965.589682] accepted a http connect , new connect ip is  192.168.43.186
[48965.596529]                           old connect ip is  192.168.43.237
[48965.603194]                                     but it isn't seted ip , so close it
[48966.121703] accepted a http connect , new connect ip is  192.168.43.186
[48966.128442]                           old connect ip is  192.168.43.237
[48966.135131]                                     but it isn't seted ip , so close it
[48966.648027] accepted a http connect , new connect ip is  192.168.43.186
[48966.654795]                           old connect ip is  192.168.43.237
[48966.661459]                                     but it isn't seted ip , so close it
[48967.181638] accepted a http connect , new connect ip is  192.168.43.186
[48967.188411]                           old connect ip is  192.168.43.237
[48967.195072]                                     but it isn't seted ip , so close it
[48967.707544] accepted a http connect , new connect ip is  192.168.43.186
[48967.714318]                           old connect ip is  192.168.43.237
[48967.721000]                                     but it isn't seted ip , so close it
[48968.241707] accepted a http connect , new connect ip is  192.168.43.186
[48968.248469]                           old connect ip is  192.168.43.237
[48968.255138]                                     but it isn't seted ip , so close it
[48968.767724] accepted a http connect , new connect ip is  192.168.43.186
[48968.774492]                           old connect ip is  192.168.43.237
[48968.781158]                                     but it isn't seted ip , so close it
[48969.301908] accepted a http connect , new connect ip is  192.168.43.186
[48969.308659]                           old connect ip is  192.168.43.237
[48969.315319]                                     but it isn't seted ip , so close it
[48969.831688] accepted a http connect , new connect ip is  192.168.43.186
[48969.838457]                           old connect ip is  192.168.43.237
[48969.845107]                                     but it isn't seted ip , so close it
[48970.361828] accepted a http connect , new connect ip is  192.168.43.186
[48970.368611]                           old connect ip is  192.168.43.237
[48970.375296]                                     but it isn't seted ip , so close it
[48970.901884] accepted a http connect , new connect ip is  192.168.43.186
[48970.908663]                           old connect ip is  192.168.43.237
[48970.915354]                                     but it isn't seted ip , so close it
[48971.441764] accepted a http connect , new connect ip is  192.168.43.186
[48971.448520]                           old connect ip is  192.168.43.237
[48971.455257]                                     but it isn't seted ip , so close it
[48971.971862] accepted a http connect , new connect ip is  192.168.43.186
[48971.978643]                           old connect ip is  192.168.43.237
[48971.985285]                                     but it isn't seted ip , so close it
[48972.502052] accepted a http connect , new connect ip is  192.168.43.186
[48972.508873]                           old connect ip is  192.168.43.237
[48972.515557]                                     but it isn't seted ip , so close it
[48973.031688] accepted a http connect , new connect ip is  192.168.43.186
[48973.038457]                           old connect ip is  192.168.43.237
[48973.045105]                                     but it isn't seted ip , so close it
[48973.572844] accepted a http connect , new connect ip is  192.168.43.186
[48973.579605]                           old connect ip is  192.168.43.237
[48973.586274]                                     but it isn't seted ip , so close it
[48974.111722] accepted a http connect , new connect ip is  192.168.43.186
[48974.118503]                           old connect ip is  192.168.43.237
[48974.125156]                                     but it isn't seted ip , so close it
[48974.637657] accepted a http connect , new connect ip is  192.168.43.186
[48974.644389]                           old connect ip is  192.168.43.237
[48974.651068]                                     but it isn't seted ip , so close it
[48975.173869] accepted a http connect , new connect ip is  192.168.43.186
[48975.180645]                           old connect ip is  192.168.43.237
[48975.187296]                                     but it isn't seted ip , so close it
[48975.700001] accepted a http connect , new connect ip is  192.168.43.186
[48975.706738]                           old connect ip is  192.168.43.237
[48975.713405]                                     but it isn't seted ip , so close it
[48976.233559] accepted a http connect , new connect ip is  192.168.43.186
[48976.240254]                           old connect ip is  192.168.43.237
[48976.246897]                                     but it isn't seted ip , so close it
[48976.759705] accepted a http connect , new connect ip is  192.168.43.186
[48976.766381]                           old connect ip is  192.168.43.237
[48976.773031]                                     but it isn't seted ip , so close it
[48977.291628] accepted a http connect , new connect ip is  192.168.43.186
[48977.298385]                           old connect ip is  192.168.43.237
[48977.305066]                                     but it isn't seted ip , so close it
[48977.821615] accepted a http connect , new connect ip is  192.168.43.186
[48977.828357]                           old connect ip is  192.168.43.237
[48977.835031]                                     but it isn't seted ip , so close it
[48978.351698] accepted a http connect , new connect ip is  192.168.43.186
[48978.358458]                           old connect ip is  192.168.43.237
[48978.365113]                                     but it isn't seted ip , so close it
[48978.881846] accepted a http connect , new connect ip is  192.168.43.186
[48978.888612]                           old connect ip is  192.168.43.237
[48978.895316]                                     but it isn't seted ip , so close it
[48979.411796] accepted a http connect , new connect ip is  192.168.43.186
[48979.418605]                           old connect ip is  192.168.43.237
[48979.425255]                                     but it isn't seted ip , so close it
[48979.937941] accepted a http connect , new connect ip is  192.168.43.186
[48979.944763]                           old connect ip is  192.168.43.237
[48979.951476]                                     but it isn't seted ip , so close it
[48980.464175] accepted a http connect , new connect ip is  192.168.43.186
[48980.470934]                           old connect ip is  192.168.43.237
[48980.477604]                                     but it isn't seted ip , so close it
[48981.001967] accepted a http connect , new connect ip is  192.168.43.186
[48981.008816]                           old connect ip is  192.168.43.237
[48981.015546]                                     but it isn't seted ip , so close it
[48981.531787] accepted a http connect , new connect ip is  192.168.43.186
[48981.538555]                           old connect ip is  192.168.43.237
[48981.545227]                                     but it isn't seted ip , so close it
[48982.062907] accepted a http connect , new connect ip is  192.168.43.186
[48982.069682]                           old connect ip is  192.168.43.237
[48982.076371]                                     but it isn't seted ip , so close it
[48982.593399] accepted a http connect , new connect ip is  192.168.43.186
[48982.600186]                           old connect ip is  192.168.43.237
[48982.606865]                                     but it isn't seted ip , so close it
[48983.131758] accepted a http connect , new connect ip is  192.168.43.186
[48983.138527]                           old connect ip is  192.168.43.237
[48983.145189]                                     but it isn't seted ip , so close it
[48983.657495] accepted a http connect , new connect ip is  192.168.43.186
[48983.664235]                           old connect ip is  192.168.43.237
[48983.670895]                                     but it isn't seted ip , so close it
[48984.191725] accepted a http connect , new connect ip is  192.168.43.186
[48984.198468]                           old connect ip is  192.168.43.237
[48984.205130]                                     but it isn't seted ip , so close it
[48984.717562] accepted a http connect , new connect ip is  192.168.43.186
[48984.724296]                           old connect ip is  192.168.43.237
[48984.730954]                                     but it isn't seted ip , so close it
[48985.251783] accepted a http connect , new connect ip is  192.168.43.186
[48985.258592]                           old connect ip is  192.168.43.237
[48985.265245]                                     but it isn't seted ip , so close it
[48985.780071] accepted a http connect , new connect ip is  192.168.43.186
[48985.786814]                           old connect ip is  192.168.43.237
[48985.793503]                                     but it isn't seted ip , so close it
[48986.311597] accepted a http connect , new connect ip is  192.168.43.186
[48986.318347]                           old connect ip is  192.168.43.237
[48986.324990]                                     but it isn't seted ip , so close it
[48986.841752] accepted a http connect , new connect ip is  192.168.43.186
[48986.848613]                           old connect ip is  192.168.43.237
[48986.855283]                                     but it isn't seted ip , so close it
[48987.371630] accepted a http connect , new connect ip is  192.168.43.186
[48987.378406]                           old connect ip is  192.168.43.237
[48987.385067]                                     but it isn't seted ip , so close it
[48987.901552] accepted a http connect , new connect ip is  192.168.43.186
[48987.908306]                           old connect ip is  192.168.43.237
[48987.914985]                                     but it isn't seted ip , so close it
[48988.431725] accepted a http connect , new connect ip is  192.168.43.186
[48988.438505]                           old connect ip is  192.168.43.237
[48988.445156]                                     but it isn't seted ip , so close it
[48988.961782] accepted a http connect , new connect ip is  192.168.43.186
[48988.968546]                           old connect ip is  192.168.43.237
[48988.975226]                                     but it isn't seted ip , so close it
[48989.491512] accepted a http connect , new connect ip is  192.168.43.186
[48989.498266]                           old connect ip is  192.168.43.237
[48989.504919]                                     but it isn't seted ip , so close it
[48990.021731] accepted a http connect , new connect ip is  192.168.43.186
[48990.028528]                           old connect ip is  192.168.43.237
[48990.035202]                                     but it isn't seted ip , so close it
[48990.561589] accepted a http connect , new connect ip is  192.168.43.186
[48990.568345]                           old connect ip is  192.168.43.237
[48990.575010]                                     but it isn't seted ip , so close it
[48991.101059] accepted a http connect , new connect ip is  192.168.43.186
[48991.107901]                           old connect ip is  192.168.43.237
[48991.114644]                                     but it isn't seted ip , so close it
[48991.628305] accepted a http connect , new connect ip is  192.168.43.186
[48991.635170]                           old connect ip is  192.168.43.237
[48991.641820]                                     but it isn't seted ip , so close it
[48992.157249] accepted a http connect , new connect ip is  192.168.43.186
[48992.163993]                           old connect ip is  192.168.43.237
[48992.170652]                                     but it isn't seted ip , so close it
[48992.684142] accepted a http connect , new connect ip is  192.168.43.186
[48992.690879]                           old connect ip is  192.168.43.237
[48992.697534]                                     but it isn't seted ip , so close it
[48993.221561] accepted a http connect , new connect ip is  192.168.43.186
[48993.228327]                           old connect ip is  192.168.43.237
[48993.234998]                                     but it isn't seted ip , so close it
[48993.748198] accepted a http connect , new connect ip is  192.168.43.186
[48993.755064]                           old connect ip is  192.168.43.237
[48993.761747]                                     but it isn't seted ip , so close it
[48994.281846] accepted a http connect , new connect ip is  192.168.43.186
[48994.288638]                           old connect ip is  192.168.43.237
[48994.295346]                                     but it isn't seted ip , so close it
[48994.809273] accepted a http connect , new connect ip is  192.168.43.186
[48994.816099]                           old connect ip is  192.168.43.237
[48994.822807]                                     but it isn't seted ip , so close it
[48995.351475] accepted a http connect , new connect ip is  192.168.43.186
[48995.358272]                           old connect ip is  192.168.43.237
[48995.364916]                                     but it isn't seted ip , so close it
[48995.881499] accepted a http connect , new connect ip is  192.168.43.186
[48995.888265]                           old connect ip is  192.168.43.237
[48995.894925]                                     but it isn't seted ip , so close it
[48996.411499] accepted a http connect , new connect ip is  192.168.43.186
[48996.418253]                           old connect ip is  192.168.43.237
[48996.424896]                                     but it isn't seted ip , so close it
[48996.941549] accepted a http connect , new connect ip is  192.168.43.186
[48996.948316]                           old connect ip is  192.168.43.237
[48996.954980]                                     but it isn't seted ip , so close it
[48997.471566] accepted a http connect , new connect ip is  192.168.43.186
[48997.478353]                           old connect ip is  192.168.43.237
[48997.485003]                                     but it isn't seted ip , so close it
[48998.011523] accepted a http connect , new connect ip is  192.168.43.186
[48998.018293]                           old connect ip is  192.168.43.237
[48998.024962]                                     but it isn't seted ip , so close it
[48998.551443] accepted a http connect , new connect ip is  192.168.43.186
[48998.558198]                           old connect ip is  192.168.43.237
[48998.564853]                                     but it isn't seted ip , so close it
[48999.081492] accepted a http connect , new connect ip is  192.168.43.186
[48999.088236]                           old connect ip is  192.168.43.237
[48999.094904]                                     but it isn't seted ip , so close it
[48999.614362] accepted a http connect , new connect ip is  192.168.43.186
[48999.621115]                           old connect ip is  192.168.43.237
[48999.627764]                                     but it isn't seted ip , so close it
[49000.151732] accepted a http connect , new connect ip is  192.168.43.186
[49000.158415]                           old connect ip is  192.168.43.237
[49000.165062]                                     but it isn't seted ip , so close it
[49000.676879] accepted a http connect , new connect ip is  192.168.43.186
[49000.683739]                           old connect ip is  192.168.43.237
[49000.690401]                                     but it isn't seted ip , so close it
[49001.211539] accepted a http connect , new connect ip is  192.168.43.186
[49001.218338]                           old connect ip is  192.168.43.237
[49001.225000]                                     but it isn't seted ip , so close it
[49001.738176] accepted a http connect , new connect ip is  192.168.43.186
[49001.744910]                           old connect ip is  192.168.43.237
[49001.751575]                                     but it isn't seted ip , so close it
[49002.271593] accepted a http connect , new connect ip is  192.168.43.186
[49002.278426]                           old connect ip is  192.168.43.237
[49002.285118]                                     but it isn't seted ip , so close it
[49002.797838] accepted a http connect , new connect ip is  192.168.43.186
[49002.804612]                           old connect ip is  192.168.43.237
[49002.811279]                                     but it isn't seted ip , so close it
[49003.331532] accepted a http connect , new connect ip is  192.168.43.186
[49003.338297]                           old connect ip is  192.168.43.237
[49003.345023]                                     but it isn't seted ip , so close it
[49003.857879] accepted a http connect , new connect ip is  192.168.43.186
[49003.864633]                           old connect ip is  192.168.43.237
[49003.871306]                                     but it isn't seted ip , so close it
[49004.391571] accepted a http connect , new connect ip is  192.168.43.186
[49004.398252]                           old connect ip is  192.168.43.237
[49004.404922]                                     but it isn't seted ip , so close it
[49004.921503] accepted a http connect , new connect ip is  192.168.43.186
[49004.928304]                           old connect ip is  192.168.43.237
[49004.934972]                                     but it isn't seted ip , so close it
[49005.451425] accepted a http connect , new connect ip is  192.168.43.186
[49005.458214]                           old connect ip is  192.168.43.237
[49005.464859]                                     but it isn't seted ip , so close it
[49005.981678] accepted a http connect , new connect ip is  192.168.43.186
[49005.988431]                           old connect ip is  192.168.43.237
[49005.995289]                                     but it isn't seted ip , so close it
[49006.521454] accepted a http connect , new connect ip is  192.168.43.186
[49006.528216]                           old connect ip is  192.168.43.237
[49006.534897]                                     but it isn't seted ip , so close it
[49007.051398] accepted a http connect , new connect ip is  192.168.43.186
[49007.058211]                           old connect ip is  192.168.43.237
[49007.064865]                                     but it isn't seted ip , so close it
[49007.591428] accepted a http connect , new connect ip is  192.168.43.186
[49007.598186]                           old connect ip is  192.168.43.237
[49007.604828]                                     but it isn't seted ip , so close it
[49008.131484] accepted a http connect , new connect ip is  192.168.43.186
[49008.138237]                           old connect ip is  192.168.43.237
[49008.144945]                                     but it isn't seted ip , so close it
[49008.657869] accepted a http connect , new connect ip is  192.168.43.186
[49008.664607]                           old connect ip is  192.168.43.237
[49008.671261]                                     but it isn't seted ip , so close it
[49009.191434] accepted a http connect , new connect ip is  192.168.43.186
[49009.198212]                           old connect ip is  192.168.43.237
[49009.204871]                                     but it isn't seted ip , so close it
[49009.720315] accepted a http connect , new connect ip is  192.168.43.186
[49009.727134]                           old connect ip is  192.168.43.237
[49009.733806]                                     but it isn't seted ip , so close it
[49010.261300] accepted a http connect , new connect ip is  192.168.43.186
[49010.268034]                           old connect ip is  192.168.43.237
[49010.274767]                                     but it isn't seted ip , so close it
[49010.787816] accepted a http connect , new connect ip is  192.168.43.186
[49010.794569]                           old connect ip is  192.168.43.237
[49010.801221]                                     but it isn't seted ip , so close it
[49011.321389] accepted a http connect , new connect ip is  192.168.43.186
[49011.328143]                           old connect ip is  192.168.43.237
[49011.334803]                                     but it isn't seted ip , so close it
[49011.848062] accepted a http connect , new connect ip is  192.168.43.186
[49011.854843]                           old connect ip is  192.168.43.237
[49011.861501]                                     but it isn't seted ip , so close it
[49012.381571] accepted a http connect , new connect ip is  192.168.43.186
[49012.388349]                           old connect ip is  192.168.43.237
[49012.395031]                                     but it isn't seted ip , so close it
[49012.923159] accepted a http connect , new connect ip is  192.168.43.186
[49012.929930]                           old connect ip is  192.168.43.237
[49012.936613]                                     but it isn't seted ip , so close it
[49013.461241] accepted a http connect , new connect ip is  192.168.43.186
[49013.467980]                           old connect ip is  192.168.43.237
[49013.474649]                                     but it isn't seted ip , so close it
[49013.993313] accepted a http connect , new connect ip is  192.168.43.186
[49014.000116]                           old connect ip is  192.168.43.237
[49014.006778]                                     but it isn't seted ip , so close it
[49014.531488] accepted a http connect , new connect ip is  192.168.43.186
[49014.538266]                           old connect ip is  192.168.43.237
[49014.545028]                                     but it isn't seted ip , so close it
[49015.057859] accepted a http connect , new connect ip is  192.168.43.186
[49015.064704]                           old connect ip is  192.168.43.237
[49015.071374]                                     but it isn't seted ip , so close it
[49015.584164] accepted a http connect , new connect ip is  192.168.43.186
[49015.590950]                           old connect ip is  192.168.43.237
[49015.597618]                                     but it isn't seted ip , so close it
[49016.121313] accepted a http connect , new connect ip is  192.168.43.186
[49016.128075]                           old connect ip is  192.168.43.237
[49016.134749]                                     but it isn't seted ip , so close it
[49016.648217] accepted a http connect , new connect ip is  192.168.43.186
[49016.655046]                           old connect ip is  192.168.43.237
[49016.661717]                                     but it isn't seted ip , so close it
[49017.181111] accepted a http connect , new connect ip is  192.168.43.186
[49017.187848]                           old connect ip is  192.168.43.237
[49017.194517]                                     but it isn't seted ip , so close it
[49017.706338] accepted a http connect , new connect ip is  192.168.43.186
[49017.713102]                           old connect ip is  192.168.43.237
[49017.719772]                                     but it isn't seted ip , so close it
[49018.234316] accepted a http connect , new connect ip is  192.168.43.186
[49018.241101]                           old connect ip is  192.168.43.237
[49018.247777]                                     but it isn't seted ip , so close it
[49018.761712] accepted a http connect , new connect ip is  192.168.43.186
[49018.768637]                           old connect ip is  192.168.43.237
[49018.775364]                                     but it isn't seted ip , so close it
[49019.301261] accepted a http connect , new connect ip is  192.168.43.186
[49019.308256]                           old connect ip is  192.168.43.237
[49019.314923]                                     but it isn't seted ip , so close it
[49019.827776] accepted a http connect , new connect ip is  192.168.43.186
[49019.834553]                           old connect ip is  192.168.43.237
[49019.841203]                                     but it isn't seted ip , so close it
[49020.361430] accepted a http connect , new connect ip is  192.168.43.186
[49020.368171]                           old connect ip is  192.168.43.237
[49020.374855]                                     but it isn't seted ip , so close it
[49020.901232] accepted a http connect , new connect ip is  192.168.43.186
[49020.907964]                           old connect ip is  192.168.43.237
[49020.914630]                                     but it isn't seted ip , so close it
[49021.431469] accepted a http connect , new connect ip is  192.168.43.186
[49021.438229]                           old connect ip is  192.168.43.237
[49021.444888]                                     but it isn't seted ip , so close it
[49021.961262] accepted a http connect , new connect ip is  192.168.43.186
[49021.968025]                           old connect ip is  192.168.43.237
[49021.974842]                                     but it isn't seted ip , so close it
[49022.491328] accepted a http connect , new connect ip is  192.168.43.186
[49022.498094]                           old connect ip is  192.168.43.237
[49022.504740]                                     but it isn't seted ip , so close it
[49023.021269] accepted a http connect , new connect ip is  192.168.43.186
[49023.028015]                           old connect ip is  192.168.43.237
[49023.034684]                                     but it isn't seted ip , so close it
[49023.561244] accepted a http connect , new connect ip is  192.168.43.186
[49023.567979]                           old connect ip is  192.168.43.237
[49023.574637]                                     but it isn't seted ip , so close it
[49024.091529] accepted a http connect , new connect ip is  192.168.43.186
[49024.098341]                           old connect ip is  192.168.43.237
[49024.104995]                                     but it isn't seted ip , so close it
[49024.631763] accepted a http connect , new connect ip is  192.168.43.186
[49024.638666]                           old connect ip is  192.168.43.237
[49024.645352]                                     but it isn't seted ip , so close it
[49025.171436] accepted a http connect , new connect ip is  192.168.43.186
[49025.178231]                           old connect ip is  192.168.43.237
[49025.184895]                                     but it isn't seted ip , so close it
[49025.698836] accepted a http connect , new connect ip is  192.168.43.186
[49025.705598]                           old connect ip is  192.168.43.237
[49025.712257]                                     but it isn't seted ip , so close it
[49026.228362] accepted a http connect , new connect ip is  192.168.43.186
[49026.235139]                           old connect ip is  192.168.43.237
[49026.241800]                                     but it isn't seted ip , so close it
[49026.754611] accepted a http connect , new connect ip is  192.168.43.186
[49026.761427]                           old connect ip is  192.168.43.237
[49026.768128]                                     but it isn't seted ip , so close it
[49027.281347] accepted a http connect , new connect ip is  192.168.43.186
[49027.288101]                           old connect ip is  192.168.43.237
[49027.294900]                                     but it isn't seted ip , so close it
[49027.807594] accepted a http connect , new connect ip is  192.168.43.186
[49027.814362]                           old connect ip is  192.168.43.237
[49027.821027]                                     but it isn't seted ip , so close it
[49028.341244] accepted a http connect , new connect ip is  192.168.43.186
[49028.348001]                           old connect ip is  192.168.43.237
[49028.354683]                                     but it isn't seted ip , so close it
[49028.867776] accepted a http connect , new connect ip is  192.168.43.186
[49028.874533]                           old connect ip is  192.168.43.237
[49028.881197]                                     but it isn't seted ip , so close it
[49029.395931] accepted a http connect , new connect ip is  192.168.43.186
[49029.402779]                           old connect ip is  192.168.43.237
[49029.409495]                                     but it isn't seted ip , so close it
[49029.922344] accepted a http connect , new connect ip is  192.168.43.186
[49029.929073]                           old connect ip is  192.168.43.237
[49029.935751]                                     but it isn't seted ip , so close it
[49030.461232] accepted a http connect , new connect ip is  192.168.43.186
[49030.467990]                           old connect ip is  192.168.43.237
[49030.474674]                                     but it isn't seted ip , so close it
[49031.001628] accepted a http connect , new connect ip is  192.168.43.186
[49031.008505]                           old connect ip is  192.168.43.237
[49031.015228]                                     but it isn't seted ip , so close it
[49031.541209] accepted a http connect , new connect ip is  192.168.43.186
[49031.547961]                           old connect ip is  192.168.43.237
[49031.554630]                                     but it isn't seted ip , so close it
[49032.071143] accepted a http connect , new connect ip is  192.168.43.186
[49032.077901]                           old connect ip is  192.168.43.237
[49032.084563]                                     but it isn't seted ip , so close it
[49032.611524] accepted a http connect , new connect ip is  192.168.43.186
[49032.618477]                           old connect ip is  192.168.43.237
[49032.625140]                                     but it isn't seted ip , so close it
[49033.141273] accepted a http connect , new connect ip is  192.168.43.186
[49033.148046]                           old connect ip is  192.168.43.237
[49033.154714]                                     but it isn't seted ip , so close it
[49033.669214] accepted a http connect , new connect ip is  192.168.43.186
[49033.675978]                           old connect ip is  192.168.43.237
[49033.682628]                                     but it isn't seted ip , so close it
[49034.201058] accepted a http connect , new connect ip is  192.168.43.186
[49034.207799]                           old connect ip is  192.168.43.237
[49034.214480]                                     but it isn't seted ip , so close it
[49034.726793] accepted a http connect , new connect ip is  192.168.43.186
[49034.733533]                           old connect ip is  192.168.43.237
[49034.740194]                                     but it isn't seted ip , so close it
[49035.261208] accepted a http connect , new connect ip is  192.168.43.186
[49035.267969]                           old connect ip is  192.168.43.237
[49035.274632]                                     but it isn't seted ip , so close it
[49035.787118] accepted a http connect , new connect ip is  192.168.43.186
[49035.793898]                           old connect ip is  192.168.43.237
[49035.800567]                                     but it isn't seted ip , so close it
[49036.321447] accepted a http connect , new connect ip is  192.168.43.186
[49036.328277]                           old connect ip is  192.168.43.237
[49036.335009]                                     but it isn't seted ip , so close it
[49036.851649] accepted a http connect , new connect ip is  192.168.43.186
[49036.858447]                           old connect ip is  192.168.43.237
[49036.865128]                                     but it isn't seted ip , so close it
[49037.380911] accepted a http connect , new connect ip is  192.168.43.186
[49037.387754]                           old connect ip is  192.168.43.237
[49037.394502]                                     but it isn't seted ip , so close it
[49037.907606] accepted a http connect , new connect ip is  192.168.43.186
[49037.914366]                           old connect ip is  192.168.43.237
[49037.921013]                                     but it isn't seted ip , so close it
[49038.433605] accepted a http connect , new connect ip is  192.168.43.186
[49038.440361]                           old connect ip is  192.168.43.237
[49038.447051]                                     but it isn't seted ip , so close it
[49038.971165] accepted a http connect , new connect ip is  192.168.43.186
[49038.977930]                           old connect ip is  192.168.43.237
[49038.984599]                                     but it isn't seted ip , so close it
[49039.512224] accepted a http connect , new connect ip is  192.168.43.186
[49039.518979]                           old connect ip is  192.168.43.237
[49039.525623]                                     but it isn't seted ip , so close it
[49040.050562] accepted a http connect , new connect ip is  192.168.43.186
[49040.057324]                           old connect ip is  192.168.43.237
[49040.063991]                                     but it isn't seted ip , so close it
[49040.581004] accepted a http connect , new connect ip is  192.168.43.186
[49040.587836]                           old connect ip is  192.168.43.237
[49040.594550]                                     but it isn't seted ip , so close it
[49041.111165] accepted a http connect , new connect ip is  192.168.43.186
[49041.118138]                           old connect ip is  192.168.43.237
[49041.124778]                                     but it isn't seted ip , so close it
[49041.651126] accepted a http connect , new connect ip is  192.168.43.186
[49041.657867]                           old connect ip is  192.168.43.237
[49041.664592]                                     but it isn't seted ip , so close it
[49042.191238] accepted a http connect , new connect ip is  192.168.43.186
[49042.198026]                           old connect ip is  192.168.43.237
[49042.204683]                                     but it isn't seted ip , so close it
[49042.721841] accepted a http connect , new connect ip is  192.168.43.186
[49042.728685]                           old connect ip is  192.168.43.237
[49042.735410]                                     but it isn't seted ip , so close it
[49043.261023] accepted a http connect , new connect ip is  192.168.43.186
[49043.267769]                           old connect ip is  192.168.43.237
[49043.274445]                                     but it isn't seted ip , so close it
[49043.786823] accepted a http connect , new connect ip is  192.168.43.186
[49043.793572]                           old connect ip is  192.168.43.237
[49043.800223]                                     but it isn't seted ip , so close it
[49044.321147] accepted a http connect , new connect ip is  192.168.43.186
[49044.327909]                           old connect ip is  192.168.43.237
[49044.334569]                                     but it isn't seted ip , so close it
[49044.847083] accepted a http connect , new connect ip is  192.168.43.186
[49044.853848]                           old connect ip is  192.168.43.237
[49044.860527]                                     but it isn't seted ip , so close it
[49045.381085] accepted a http connect , new connect ip is  192.168.43.186
[49045.387838]                           old connect ip is  192.168.43.237
[49045.394505]                                     but it isn't seted ip , so close it
[49045.911297] accepted a http connect , new connect ip is  192.168.43.186
[49045.918176]                           old connect ip is  192.168.43.237
[49045.924842]                                     but it isn't seted ip , so close it
[49046.441197] accepted a http connect , new connect ip is  192.168.43.186
[49046.447952]                           old connect ip is  192.168.43.237
[49046.454629]                                     but it isn't seted ip , so close it
[49046.981222] accepted a http connect , new connect ip is  192.168.43.186
[49046.987979]                           old connect ip is  192.168.43.237
[49046.994640]                                     but it isn't seted ip , so close it
[49047.511185] accepted a http connect , new connect ip is  192.168.43.186
[49047.517953]                           old connect ip is  192.168.43.237
[49047.524597]                                     but it isn't seted ip , so close it
[49048.050999] accepted a http connect , new connect ip is  192.168.43.186
[49048.057749]                           old connect ip is  192.168.43.237
[49048.064440]                                     but it isn't seted ip , so close it
[49048.581271] accepted a http connect , new connect ip is  192.168.43.186
[49048.588123]                           old connect ip is  192.168.43.237
[49048.594844]                                     but it isn't seted ip , so close it
[49049.121102] accepted a http connect , new connect ip is  192.168.43.186
[49049.127895]                           old connect ip is  192.168.43.237
[49049.134579]                                     but it isn't seted ip , so close it
[49049.651274] accepted a http connect , new connect ip is  192.168.43.186
[49049.658040]                           old connect ip is  192.168.43.237
[49049.664696]                                     but it isn't seted ip , so close it
[49050.186302] accepted a http connect , new connect ip is  192.168.43.186
[49050.193054]                           old connect ip is  192.168.43.237
[49050.199716]                                     but it isn't seted ip , so close it
[49050.716102] accepted a http connect , new connect ip is  192.168.43.186
[49050.722778]                           old connect ip is  192.168.43.237
[49050.729424]                                     but it isn't seted ip , so close it
[49051.251128] accepted a http connect , new connect ip is  192.168.43.186
[49051.257913]                           old connect ip is  192.168.43.237
[49051.264616]                                     but it isn't seted ip , so close it
[49051.784187] accepted a http connect , new connect ip is  192.168.43.186
[49051.790892]                           old connect ip is  192.168.43.237
[49051.797543]                                     but it isn't seted ip , so close it
[49052.321274] accepted a http connect , new connect ip is  192.168.43.186
[49052.328095]                           old connect ip is  192.168.43.237
[49052.334826]                                     but it isn't seted ip , so close it
[49052.847544] accepted a http connect , new connect ip is  192.168.43.186
[49052.854301]                           old connect ip is  192.168.43.237
[49052.860969]                                     but it isn't seted ip , so close it
[49053.381099] accepted a http connect , new connect ip is  192.168.43.186
[49053.387858]                           old connect ip is  192.168.43.237
[49053.394523]                                     but it isn't seted ip , so close it
[49053.907357] accepted a http connect , new connect ip is  192.168.43.186
[49053.914096]                           old connect ip is  192.168.43.237
[49053.920795]                                     but it isn't seted ip , so close it
[49054.441919] accepted a http connect , new connect ip is  192.168.43.186
[49054.448844]                           old connect ip is  192.168.43.237
[49054.455545]                                     but it isn't seted ip , so close it
[49054.981053] accepted a http connect , new connect ip is  192.168.43.186
[49054.987845]                           old connect ip is  192.168.43.237
[49054.994530]                                     but it isn't seted ip , so close it
[49055.521017] accepted a http connect , new connect ip is  192.168.43.186
[49055.527770]                           old connect ip is  192.168.43.237
[49055.534434]                                     but it isn't seted ip , so close it
[49056.051084] accepted a http connect , new connect ip is  192.168.43.186
[49056.057839]                           old connect ip is  192.168.43.237
[49056.064499]                                     but it isn't seted ip , so close it
[49056.581073] accepted a http connect , new connect ip is  192.168.43.186
[49056.587835]                           old connect ip is  192.168.43.237
[49056.594495]                                     but it isn't seted ip , so close it
[49057.121072] accepted a http connect , new connect ip is  192.168.43.186
[49057.127823]                           old connect ip is  192.168.43.237
[49057.134482]                                     but it isn't seted ip , so close it
[49057.651064] accepted a http connect , new connect ip is  192.168.43.186
[49057.657828]                           old connect ip is  192.168.43.237
[49057.664499]                                     but it isn't seted ip , so close it
[49058.190938] accepted a http connect , new connect ip is  192.168.43.186
[49058.197695]                           old connect ip is  192.168.43.237
[49058.204367]                                     but it isn't seted ip , so close it
[49058.717394] accepted a http connect , new connect ip is  192.168.43.186
[49058.724207]                           old connect ip is  192.168.43.237
[49058.730850]                                     but it isn't seted ip , so close it
[49059.250866] accepted a http connect , new connect ip is  192.168.43.186
[49059.257607]                           old connect ip is  192.168.43.237
[49059.264285]                                     but it isn't seted ip , so close it
[49059.776925] accepted a http connect , new connect ip is  192.168.43.186
[49059.783705]                           old connect ip is  192.168.43.237
[49059.790380]                                     but it isn't seted ip , so close it
[49060.311086] accepted a http connect , new connect ip is  192.168.43.186
[49060.317978]                           old connect ip is  192.168.43.237
[49060.324683]                                     but it isn't seted ip , so close it
[49060.838535] accepted a http connect , new connect ip is  192.168.43.186
[49060.845298]                           old connect ip is  192.168.43.237
[49060.851968]                                     but it isn't seted ip , so close it
[49061.370784] accepted a http connect , new connect ip is  192.168.43.186
[49061.377529]                           old connect ip is  192.168.43.237
[49061.384221]                                     but it isn't seted ip , so close it
[49061.897033] accepted a http connect , new connect ip is  192.168.43.186
[49061.903823]                           old connect ip is  192.168.43.237
[49061.910467]                                     but it isn't seted ip , so close it
[49062.431105] accepted a http connect , new connect ip is  192.168.43.186
[49062.437892]                           old connect ip is  192.168.43.237
[49062.444568]                                     but it isn't seted ip , so close it
[49062.970870] accepted a http connect , new connect ip is  192.168.43.186
[49062.977613]                           old connect ip is  192.168.43.237
[49062.984267]                                     but it isn't seted ip , so close it
[49063.500876] accepted a http connect , new connect ip is  192.168.43.186
[49063.507629]                           old connect ip is  192.168.43.237
[49063.514295]                                     but it isn't seted ip , so close it
[49064.030971] accepted a http connect , new connect ip is  192.168.43.186
[49064.037720]                           old connect ip is  192.168.43.237
[49064.044439]                                     but it isn't seted ip , so close it
[49064.561448] accepted a http connect , new connect ip is  192.168.43.186
[49064.568267]                           old connect ip is  192.168.43.237
[49064.574976]                                     but it isn't seted ip , so close it
[49065.090946] accepted a http connect , new connect ip is  192.168.43.186
[49065.097703]                           old connect ip is  192.168.43.237
[49065.104363]                                     but it isn't seted ip , so close it
[49065.620937] accepted a http connect , new connect ip is  192.168.43.186
[49065.627678]                           old connect ip is  192.168.43.237
[49065.634334]                                     but it isn't seted ip , so close it
[49066.150954] accepted a http connect , new connect ip is  192.168.43.186
[49066.157743]                           old connect ip is  192.168.43.237
[49066.164425]                                     but it isn't seted ip , so close it
[49066.691138] accepted a http connect , new connect ip is  192.168.43.186
[49066.697915]                           old connect ip is  192.168.43.237
[49066.704637]                                     but it isn't seted ip , so close it
[49067.230769] accepted a http connect , new connect ip is  192.168.43.186
[49067.237549]                           old connect ip is  192.168.43.237
[49067.244200]                                     but it isn't seted ip , so close it
[49067.760558] accepted a http connect , new connect ip is  192.168.43.186
[49067.767292]                           old connect ip is  192.168.43.237
[49067.773950]                                     but it isn't seted ip , so close it
[49068.290875] accepted a http connect , new connect ip is  192.168.43.186
[49068.297640]                           old connect ip is  192.168.43.237
[49068.304311]                                     but it isn't seted ip , so close it
[49068.815756] accepted a http connect , new connect ip is  192.168.43.186
[49068.822510]                           old connect ip is  192.168.43.237
[49068.829153]                                     but it isn't seted ip , so close it
[49069.350805] accepted a http connect , new connect ip is  192.168.43.186
[49069.357578]                           old connect ip is  192.168.43.237
[49069.364352]                                     but it isn't seted ip , so close it
[49069.876875] accepted a http connect , new connect ip is  192.168.43.186
[49069.883632]                           old connect ip is  192.168.43.237
[49069.890340]                                     but it isn't seted ip , so close it
[49070.410872] accepted a http connect , new connect ip is  192.168.43.186
[49070.417629]                           old connect ip is  192.168.43.237
[49070.424294]                                     but it isn't seted ip , so close it
[49070.940653] accepted a http connect , new connect ip is  192.168.43.186
[49070.947400]                           old connect ip is  192.168.43.237
[49070.954058]                                     but it isn't seted ip , so close it
[49071.470702] accepted a http connect , new connect ip is  192.168.43.186
[49071.477464]                           old connect ip is  192.168.43.237
[49071.484138]                                     but it isn't seted ip , so close it
[49071.996589] accepted a http connect , new connect ip is  192.168.43.186
[49072.003333]                           old connect ip is  192.168.43.237
[49072.009981]                                     but it isn't seted ip , so close it
[49072.531958] accepted a http connect , new connect ip is  192.168.43.186
[49072.538821]                           old connect ip is  192.168.43.237
[49072.545543]                                     but it isn't seted ip , so close it
[49073.062887] accepted a http connect , new connect ip is  192.168.43.186
[49073.069690]                           old connect ip is  192.168.43.237
[49073.076448]                                     but it isn't seted ip , so close it
[49073.600982] accepted a http connect , new connect ip is  192.168.43.186
[49073.607797]                           old connect ip is  192.168.43.237
[49073.614470]                                     but it isn't seted ip , so close it
[49074.140948] accepted a http connect , new connect ip is  192.168.43.186
[49074.147716]                           old connect ip is  192.168.43.237
[49074.154383]                                     but it isn't seted ip , so close it
[49074.670802] accepted a http connect , new connect ip is  192.168.43.186
[49074.677706]                           old connect ip is  192.168.43.237
[49074.684361]                                     but it isn't seted ip , so close it
[49075.210691] accepted a http connect , new connect ip is  192.168.43.186
[49075.217580]                           old connect ip is  192.168.43.237
[49075.224400]                                     but it isn't seted ip , so close it
[49075.736997] accepted a http connect , new connect ip is  192.168.43.186
[49075.743766]                           old connect ip is  192.168.43.237
[49075.750412]                                     but it isn't seted ip , so close it
[49076.271070] accepted a http connect , new connect ip is  192.168.43.186
[49076.277917]                           old connect ip is  192.168.43.237
[49076.284609]                                     but it isn't seted ip , so close it
[49076.797182] accepted a http connect , new connect ip is  192.168.43.186
[49076.804018]                           old connect ip is  192.168.43.237
[49076.810706]                                     but it isn't seted ip , so close it
[49077.330782] accepted a http connect , new connect ip is  192.168.43.186
[49077.337526]                           old connect ip is  192.168.43.237
[49077.344218]                                     but it isn't seted ip , so close it
[49077.859097] accepted a http connect , new connect ip is  192.168.43.186
[49077.865857]                           old connect ip is  192.168.43.237
[49077.872507]                                     but it isn't seted ip , so close it
[49078.401042] accepted a http connect , new connect ip is  192.168.43.186
[49078.407936]                           old connect ip is  192.168.43.237
[49078.414656]                                     but it isn't seted ip , so close it
[49078.931643] accepted a http connect , new connect ip is  192.168.43.186
[49078.938457]                           old connect ip is  192.168.43.237
[49078.945138]                                     but it isn't seted ip , so close it
[49079.470909] accepted a http connect , new connect ip is  192.168.43.186
[49079.477769]                           old connect ip is  192.168.43.237
[49079.484467]                                     but it isn't seted ip , so close it
[49080.000799] accepted a http connect , new connect ip is  192.168.43.186
[49080.007564]                           old connect ip is  192.168.43.237
[49080.014314]                                     but it isn't seted ip , so close it
[49080.530685] accepted a http connect , new connect ip is  192.168.43.186
[49080.537428]                           old connect ip is  192.168.43.237
[49080.544212]                                     but it isn't seted ip , so close it
[49081.060607] accepted a http connect , new connect ip is  192.168.43.186
[49081.067348]                           old connect ip is  192.168.43.237
[49081.074017]                                     but it isn't seted ip , so close it
[49081.590763] accepted a http connect , new connect ip is  192.168.43.186
[49081.597526]                           old connect ip is  192.168.43.237
[49081.604185]                                     but it isn't seted ip , so close it
[49082.120728] accepted a http connect , new connect ip is  192.168.43.186
[49082.127469]                           old connect ip is  192.168.43.237
[49082.134137]                                     but it isn't seted ip , so close it
[49082.650910] accepted a http connect , new connect ip is  192.168.43.186
[49082.657676]                           old connect ip is  192.168.43.237
[49082.664371]                                     but it isn't seted ip , so close it
[49083.180750] accepted a http connect , new connect ip is  192.168.43.186
[49083.187486]                           old connect ip is  192.168.43.237
[49083.194149]                                     but it isn't seted ip , so close it
[49083.710716] accepted a http connect , new connect ip is  192.168.43.186
[49083.717493]                           old connect ip is  192.168.43.237
[49083.724225]                                     but it isn't seted ip , so close it
[49084.251027] accepted a http connect , new connect ip is  192.168.43.186
[49084.257901]                           old connect ip is  192.168.43.237
[49084.264625]                                     but it isn't seted ip , so close it
[49084.777904] accepted a http connect , new connect ip is  192.168.43.186
[49084.784698]                           old connect ip is  192.168.43.237
[49084.791376]                                     but it isn't seted ip , so close it
[49085.306528] accepted a http connect , new connect ip is  192.168.43.186
[49085.313415]                           old connect ip is  192.168.43.237
[49085.320098]                                     but it isn't seted ip , so close it
[49085.836709] accepted a http connect , new connect ip is  192.168.43.186
[49085.843544]                           old connect ip is  192.168.43.237
[49085.850195]                                     but it isn't seted ip , so close it
[49086.370729] accepted a http connect , new connect ip is  192.168.43.186
[49086.377503]                           old connect ip is  192.168.43.237
[49086.384184]                                     but it isn't seted ip , so close it
[49086.896710] accepted a http connect , new connect ip is  192.168.43.186
[49086.903403]                           old connect ip is  192.168.43.237
[49086.910120]                                     but it isn't seted ip , so close it
[49087.430856] accepted a http connect , new connect ip is  192.168.43.186
[49087.437739]                           old connect ip is  192.168.43.237
[49087.444438]                                     but it isn't seted ip , so close it
[49087.960906] accepted a http connect , new connect ip is  192.168.43.186
[49087.967727]                           old connect ip is  192.168.43.237
[49087.974442]                                     but it isn't seted ip , so close it
[49088.490816] accepted a http connect , new connect ip is  192.168.43.186
[49088.497585]                           old connect ip is  192.168.43.237
[49088.504241]                                     but it isn't seted ip , so close it
[49089.020934] accepted a http connect , new connect ip is  192.168.43.186
[49089.027687]                           old connect ip is  192.168.43.237
[49089.034357]                                     but it isn't seted ip , so close it
[49089.550821] accepted a http connect , new connect ip is  192.168.43.186
[49089.557609]                           old connect ip is  192.168.43.237
[49089.564276]                                     but it isn't seted ip , so close it
[49090.080842] accepted a http connect , new connect ip is  192.168.43.186
[49090.087599]                           old connect ip is  192.168.43.237
[49090.094275]                                     but it isn't seted ip , so close it
[49090.621026] accepted a http connect , new connect ip is  192.168.43.186
[49090.627820]                           old connect ip is  192.168.43.237
[49090.634489]                                     but it isn't seted ip , so close it
[49091.160854] accepted a http connect , new connect ip is  192.168.43.186
[49091.167649]                           old connect ip is  192.168.43.237
[49091.174361]                                     but it isn't seted ip , so close it
[49091.701110] accepted a http connect , new connect ip is  192.168.43.186
[49091.707850]                           old connect ip is  192.168.43.237
[49091.714545]                                     but it isn't seted ip , so close it
[49092.240556] accepted a http connect , new connect ip is  192.168.43.186
[49092.247342]                           old connect ip is  192.168.43.237
[49092.254023]                                     but it isn't seted ip , so close it
[49092.768157] accepted a http connect , new connect ip is  192.168.43.186
[49092.774918]                           old connect ip is  192.168.43.237
[49092.781582]                                     but it isn't seted ip , so close it
[49093.295074] accepted a http connect , new connect ip is  192.168.43.186
[49093.301837]                           old connect ip is  192.168.43.237
[49093.308498]                                     but it isn't seted ip , so close it
[49093.821321] accepted a http connect , new connect ip is  192.168.43.186
[49093.828143]                           old connect ip is  192.168.43.237
[49093.834849]                                     but it isn't seted ip , so close it
[49094.360597] accepted a http connect , new connect ip is  192.168.43.186
[49094.367360]                           old connect ip is  192.168.43.237
[49094.374017]                                     but it isn't seted ip , so close it
[49094.886363] accepted a http connect , new connect ip is  192.168.43.186
[49094.893118]                           old connect ip is  192.168.43.237
[49094.899779]                                     but it isn't seted ip , so close it
[49095.421687] accepted a http connect , new connect ip is  192.168.43.186
[49095.428453]                           old connect ip is  192.168.43.237
[49095.435125]                                     but it isn't seted ip , so close it
[49095.947961] accepted a http connect , new connect ip is  192.168.43.186
[49095.954813]                           old connect ip is  192.168.43.237
[49095.961488]                                     but it isn't seted ip , so close it
[49096.474647] accepted a http connect , new connect ip is  192.168.43.186
[49096.481438]                           old connect ip is  192.168.43.237
[49096.488107]                                     but it isn't seted ip , so close it
[49097.001309] accepted a http connect , new connect ip is  192.168.43.186
[49097.008089]                           old connect ip is  192.168.43.237
[49097.014759]                                     but it isn't seted ip , so close it
[49097.528968] accepted a http connect , new connect ip is  192.168.43.186
[49097.535735]                           old connect ip is  192.168.43.237
[49097.542398]                                     but it isn't seted ip , so close it
[49098.060484] accepted a http connect , new connect ip is  192.168.43.186
[49098.067230]                           old connect ip is  192.168.43.237
[49098.073884]                                     but it isn't seted ip , so close it
[49098.590581] accepted a http connect , new connect ip is  192.168.43.186
[49098.597350]                           old connect ip is  192.168.43.237
[49098.604001]                                     but it isn't seted ip , so close it
[49099.120566] accepted a http connect , new connect ip is  192.168.43.186
[49099.127309]                           old connect ip is  192.168.43.237
[49099.133968]                                     but it isn't seted ip , so close it
[49099.650615] accepted a http connect , new connect ip is  192.168.43.186
[49099.657392]                           old connect ip is  192.168.43.237
[49099.664067]                                     but it isn't seted ip , so close it
[49100.180561] accepted a http connect , new connect ip is  192.168.43.186
[49100.187302]                           old connect ip is  192.168.43.237
[49100.193967]                                     but it isn't seted ip , so close it
[49100.711247] accepted a http connect , new connect ip is  192.168.43.186
[49100.718059]                           old connect ip is  192.168.43.237
[49100.724760]                                     but it isn't seted ip , so close it
[49101.250412] accepted a http connect , new connect ip is  192.168.43.186
[49101.257152]                           old connect ip is  192.168.43.237
[49101.263814]                                     but it isn't seted ip , so close it
[49101.776250] accepted a http connect , new connect ip is  192.168.43.186
[49101.783062]                           old connect ip is  192.168.43.237
[49101.789735]                                     but it isn't seted ip , so close it
[49102.302579] accepted a http connect , new connect ip is  192.168.43.186
[49102.309330]                           old connect ip is  192.168.43.237
[49102.316037]                                     but it isn't seted ip , so close it
[49102.834612] accepted a http connect , new connect ip is  192.168.43.186
[49102.841370]                           old connect ip is  192.168.43.237
[49102.848077]                                     but it isn't seted ip , so close it
[49103.370454] accepted a http connect , new connect ip is  192.168.43.186
[49103.377256]                           old connect ip is  192.168.43.237
[49103.383928]                                     but it isn't seted ip , so close it
[49103.896474] accepted a http connect , new connect ip is  192.168.43.186
[49103.903232]                           old connect ip is  192.168.43.237
[49103.909946]                                     but it isn't seted ip , so close it
[49104.430581] accepted a http connect , new connect ip is  192.168.43.186
[49104.437358]                           old connect ip is  192.168.43.237
[49104.444027]                                     but it isn't seted ip , so close it
[49104.956683] accepted a http connect , new connect ip is  192.168.43.186
[49104.963436]                           old connect ip is  192.168.43.237
[49104.970086]                                     but it isn't seted ip , so close it
[49105.490504] accepted a http connect , new connect ip is  192.168.43.186
[49105.497245]                           old connect ip is  192.168.43.237
[49105.503926]                                     but it isn't seted ip , so close it
[49106.020477] accepted a http connect , new connect ip is  192.168.43.186
[49106.027213]                           old connect ip is  192.168.43.237
[49106.033868]                                     but it isn't seted ip , so close it
[49106.550460] accepted a http connect , new connect ip is  192.168.43.186
[49106.557224]                           old connect ip is  192.168.43.237
[49106.563885]                                     but it isn't seted ip , so close it
[49107.080564] accepted a http connect , new connect ip is  192.168.43.186
[49107.087317]                           old connect ip is  192.168.43.237
[49107.093978]                                     but it isn't seted ip , so close it
[49107.610797] accepted a http connect , new connect ip is  192.168.43.186
[49107.617663]                           old connect ip is  192.168.43.237
[49107.624380]                                     but it isn't seted ip , so close it
[49108.137125] accepted a http connect , new connect ip is  192.168.43.186
[49108.143846]                           old connect ip is  192.168.43.237
[49108.150561]                                     but it isn't seted ip , so close it
[49108.664655] accepted a http connect , new connect ip is  192.168.43.186
[49108.671421]                           old connect ip is  192.168.43.237
[49108.678106]                                     but it isn't seted ip , so close it
[49109.200439] accepted a http connect , new connect ip is  192.168.43.186
[49109.207171]                           old connect ip is  192.168.43.237
[49109.214069]                                     but it isn't seted ip , so close it
[49109.730481] accepted a http connect , new connect ip is  192.168.43.186
[49109.737250]                           old connect ip is  192.168.43.237
[49109.743918]                                     but it isn't seted ip , so close it
[49110.260344] accepted a http connect , new connect ip is  192.168.43.186
[49110.267078]                           old connect ip is  192.168.43.237
[49110.273747]                                     but it isn't seted ip , so close it
[49110.790069] accepted a http connect , new connect ip is  192.168.43.186
[49110.796862]                           old connect ip is  192.168.43.237
[49110.803515]                                     but it isn't seted ip , so close it
[49111.320534] accepted a http connect , new connect ip is  192.168.43.186
[49111.327287]                           old connect ip is  192.168.43.237
[49111.333943]                                     but it isn't seted ip , so close it
[49111.846711] accepted a http connect , new connect ip is  192.168.43.186
[49111.853501]                           old connect ip is  192.168.43.237
[49111.860170]                                     but it isn't seted ip , so close it
[49112.380652] accepted a http connect , new connect ip is  192.168.43.186
[49112.387426]                           old connect ip is  192.168.43.237
[49112.394117]                                     but it isn't seted ip , so close it
[49112.906873] accepted a http connect , new connect ip is  192.168.43.186
[49112.913623]                           old connect ip is  192.168.43.237
[49112.920273]                                     but it isn't seted ip , so close it
[49113.440511] accepted a http connect , new connect ip is  192.168.43.186
[49113.447250]                           old connect ip is  192.168.43.237
[49113.453937]                                     but it isn't seted ip , so close it
[49113.966428] accepted a http connect , new connect ip is  192.168.43.186
[49113.973178]                           old connect ip is  192.168.43.237
[49113.979833]                                     but it isn't seted ip , so close it
[49114.500762] accepted a http connect , new connect ip is  192.168.43.186
[49114.507572]                           old connect ip is  192.168.43.237
[49114.514248]                                     but it isn't seted ip , so close it
[49115.043758] accepted a http connect , new connect ip is  192.168.43.186
[49115.050472]                           old connect ip is  192.168.43.237
[49115.057260]                                     but it isn't seted ip , so close it
[49115.580540] accepted a http connect , new connect ip is  192.168.43.186
[49115.587310]                           old connect ip is  192.168.43.237
[49115.593993]                                     but it isn't seted ip , so close it
[49116.110487] accepted a http connect , new connect ip is  192.168.43.186
[49116.117237]                           old connect ip is  192.168.43.237
[49116.123905]                                     but it isn't seted ip , so close it
[49116.640582] accepted a http connect , new connect ip is  192.168.43.186
[49116.647336]                           old connect ip is  192.168.43.237
[49116.653995]                                     but it isn't seted ip , so close it
[49117.170418] accepted a http connect , new connect ip is  192.168.43.186
[49117.177183]                           old connect ip is  192.168.43.237
[49117.183878]                                     but it isn't seted ip , so close it
[49117.700525] accepted a http connect , new connect ip is  192.168.43.186
[49117.707375]                           old connect ip is  192.168.43.237
[49117.714067]                                     but it isn't seted ip , so close it
[49118.230441] accepted a http connect , new connect ip is  192.168.43.186
[49118.237191]                           old connect ip is  192.168.43.237
[49118.243841]                                     but it isn't seted ip , so close it
[49118.770533] accepted a http connect , new connect ip is  192.168.43.186
[49118.777227]                           old connect ip is  192.168.43.237
[49118.783889]                                     but it isn't seted ip , so close it
[49119.300468] accepted a http connect , new connect ip is  192.168.43.186
[49119.307142]                           old connect ip is  192.168.43.237
[49119.313784]                                     but it isn't seted ip , so close it
[49119.826688] accepted a http connect , new connect ip is  192.168.43.186
[49119.833374]                           old connect ip is  192.168.43.237
[49119.840017]                                     but it isn't seted ip , so close it
[49120.353510] accepted a http connect , new connect ip is  192.168.43.186
[49120.360179]                           old connect ip is  192.168.43.237
[49120.366824]                                     but it isn't seted ip , so close it
[49120.878603] accepted a http connect , new connect ip is  192.168.43.186
[49120.885283]                           old connect ip is  192.168.43.237
[49120.891929]                                     but it isn't seted ip , so close it
[49121.410416] accepted a http connect , new connect ip is  192.168.43.186
[49121.417216]                           old connect ip is  192.168.43.237
[49121.423921]                                     but it isn't seted ip , so close it
[49121.936573] accepted a http connect , new connect ip is  192.168.43.186
[49121.943345]                           old connect ip is  192.168.43.237
[49121.949992]                                     but it isn't seted ip , so close it
[49122.470358] accepted a http connect , new connect ip is  192.168.43.186
[49122.477120]                           old connect ip is  192.168.43.237
[49122.483768]                                     but it isn't seted ip , so close it
[49122.996421] accepted a http connect , new connect ip is  192.168.43.186
[49123.003278]                           old connect ip is  192.168.43.237
[49123.009966]                                     but it isn't seted ip , so close it
[49123.530555] accepted a http connect , new connect ip is  192.168.43.186
[49123.537309]                           old connect ip is  192.168.43.237
[49123.543992]                                     but it isn't seted ip , so close it
[49124.070316] accepted a http connect , new connect ip is  192.168.43.186
[49124.077064]                           old connect ip is  192.168.43.237
[49124.083706]                                     but it isn't seted ip , so close it
[49124.600244] accepted a http connect , new connect ip is  192.168.43.186
[49124.606998]                           old connect ip is  192.168.43.237
[49124.613664]                                     but it isn't seted ip , so close it
[49125.130361] accepted a http connect , new connect ip is  192.168.43.186
[49125.137115]                           old connect ip is  192.168.43.237
[49125.143769]                                     but it isn't seted ip , so close it
[49125.660472] accepted a http connect , new connect ip is  192.168.43.186
[49125.667246]                           old connect ip is  192.168.43.237
[49125.673904]                                     but it isn't seted ip , so close it
[49126.190447] accepted a http connect , new connect ip is  192.168.43.186
[49126.197399]                           old connect ip is  192.168.43.237
[49126.204084]                                     but it isn't seted ip , so close it
[49126.730475] accepted a http connect , new connect ip is  192.168.43.186
[49126.737260]                           old connect ip is  192.168.43.237
[49126.743930]                                     but it isn't seted ip , so close it
[49127.270443] accepted a http connect , new connect ip is  192.168.43.186
[49127.277216]                           old connect ip is  192.168.43.237
[49127.283869]                                     but it isn't seted ip , so close it
[49127.798274] accepted a http connect , new connect ip is  192.168.43.186
[49127.805024]                           old connect ip is  192.168.43.237
[49127.811700]                                     but it isn't seted ip , so close it
[49128.330399] accepted a http connect , new connect ip is  192.168.43.186
[49128.337143]                           old connect ip is  192.168.43.237
[49128.343801]                                     but it isn't seted ip , so close it
[49128.856252] accepted a http connect , new connect ip is  192.168.43.186
[49128.863031]                           old connect ip is  192.168.43.237
[49128.869676]                                     but it isn't seted ip , so close it
[49129.390208] accepted a http connect , new connect ip is  192.168.43.186
[49129.396961]                           old connect ip is  192.168.43.237
[49129.403609]                                     but it isn't seted ip , so close it
[49129.916218] accepted a http connect , new connect ip is  192.168.43.186
[49129.922974]                           old connect ip is  192.168.43.237
[49129.929625]                                     but it isn't seted ip , so close it
[49130.452005] accepted a http connect , new connect ip is  192.168.43.186
[49130.458888]                           old connect ip is  192.168.43.237
[49130.465593]                                     but it isn't seted ip , so close it
[49130.978460] accepted a http connect , new connect ip is  192.168.43.186
[49130.985249]                           old connect ip is  192.168.43.237
[49130.991912]                                     but it isn't seted ip , so close it
[49131.504461] accepted a http connect , new connect ip is  192.168.43.186
[49131.511238]                           old connect ip is  192.168.43.237
[49131.517897]                                     but it isn't seted ip , so close it
[49132.032438] accepted a http connect , new connect ip is  192.168.43.186
[49132.039270]                           old connect ip is  192.168.43.237
[49132.046062]                                     but it isn't seted ip , so close it
[49132.570501] accepted a http connect , new connect ip is  192.168.43.186
[49132.577323]                           old connect ip is  192.168.43.237
[49132.583998]                                     but it isn't seted ip , so close it
[49133.110883] accepted a http connect , new connect ip is  192.168.43.186
[49133.117681]                           old connect ip is  192.168.43.237
[49133.124414]                                     but it isn't seted ip , so close it
[49133.650434] accepted a http connect , new connect ip is  192.168.43.186
[49133.657192]                           old connect ip is  192.168.43.237
[49133.663880]                                     but it isn't seted ip , so close it
[49134.190427] accepted a http connect , new connect ip is  192.168.43.186
[49134.197213]                           old connect ip is  192.168.43.237
[49134.203866]                                     but it isn't seted ip , so close it
[49134.720351] accepted a http connect , new connect ip is  192.168.43.186
[49134.727104]                           old connect ip is  192.168.43.237
[49134.733791]                                     but it isn't seted ip , so close it
[49135.250337] accepted a http connect , new connect ip is  192.168.43.186
[49135.257097]                           old connect ip is  192.168.43.237
[49135.263764]                                     but it isn't seted ip , so close it
[49135.790445] accepted a http connect , new connect ip is  192.168.43.186
[49135.797145]                           old connect ip is  192.168.43.237
[49135.803799]                                     but it isn't seted ip , so close it
[49136.320191] accepted a http connect , new connect ip is  192.168.43.186
[49136.326856]                           old connect ip is  192.168.43.237
[49136.333495]                                     but it isn't seted ip , so close it
[49136.845316] accepted a http connect , new connect ip is  192.168.43.186
[49136.852063]                           old connect ip is  192.168.43.237
[49136.858784]                                     but it isn't seted ip , so close it
[49137.380362] accepted a http connect , new connect ip is  192.168.43.186
[49137.387114]                           old connect ip is  192.168.43.237
[49137.393782]                                     but it isn't seted ip , so close it
[49137.906404] accepted a http connect , new connect ip is  192.168.43.186
[49137.913151]                           old connect ip is  192.168.43.237
[49137.919812]                                     but it isn't seted ip , so close it
[49138.440621] accepted a http connect , new connect ip is  192.168.43.186
[49138.447421]                           old connect ip is  192.168.43.237
[49138.454120]                                     but it isn't seted ip , so close it
[49138.967142] accepted a http connect , new connect ip is  192.168.43.186
[49138.973844]                           old connect ip is  192.168.43.237
[49138.980506]                                     but it isn't seted ip , so close it
[49139.500236] accepted a http connect , new connect ip is  192.168.43.186
[49139.507001]                           old connect ip is  192.168.43.237
[49139.513665]                                     but it isn't seted ip , so close it
[49140.040291] accepted a http connect , new connect ip is  192.168.43.186
[49140.047032]                           old connect ip is  192.168.43.237
[49140.053773]                                     but it isn't seted ip , so close it
[49140.570269] accepted a http connect , new connect ip is  192.168.43.186
[49140.577018]                           old connect ip is  192.168.43.237
[49140.583697]                                     but it isn't seted ip , so close it
[49141.096277] accepted a http connect , new connect ip is  192.168.43.186
[49141.102964]                           old connect ip is  192.168.43.237
[49141.109611]                                     but it isn't seted ip , so close it
[49141.630383] accepted a http connect , new connect ip is  192.168.43.186
[49141.637155]                           old connect ip is  192.168.43.237
[49141.643821]                                     but it isn't seted ip , so close it
[49142.160610] accepted a http connect , new connect ip is  192.168.43.186
[49142.167436]                           old connect ip is  192.168.43.237
[49142.174145]                                     but it isn't seted ip , so close it
[49142.700257] accepted a http connect , new connect ip is  192.168.43.186
[49142.707013]                           old connect ip is  192.168.43.237
[49142.713687]                                     but it isn't seted ip , so close it
[49143.230269] accepted a http connect , new connect ip is  192.168.43.186
[49143.237016]                           old connect ip is  192.168.43.237
[49143.243670]                                     but it isn't seted ip , so close it
[49143.756410] accepted a http connect , new connect ip is  192.168.43.186
[49143.763262]                           old connect ip is  192.168.43.237
[49143.769923]                                     but it isn't seted ip , so close it
[49144.289840] accepted a http connect , new connect ip is  192.168.43.186
[49144.296640]                           old connect ip is  192.168.43.237
[49144.303312]                                     but it isn't seted ip , so close it
[49144.823714] accepted a http connect , new connect ip is  192.168.43.186
[49144.830594]                           old connect ip is  192.168.43.237
[49144.837315]                                     but it isn't seted ip , so close it
[49145.360205] accepted a http connect , new connect ip is  192.168.43.186
[49145.366931]                           old connect ip is  192.168.43.237
[49145.373600]                                     but it isn't seted ip , so close it
[49145.886222] accepted a http connect , new connect ip is  192.168.43.186
[49145.892972]                           old connect ip is  192.168.43.237
[49145.899627]                                     but it isn't seted ip , so close it
[49146.420103] accepted a http connect , new connect ip is  192.168.43.186
[49146.426845]                           old connect ip is  192.168.43.237
[49146.433511]                                     but it isn't seted ip , so close it
[49146.946406] accepted a http connect , new connect ip is  192.168.43.186
[49146.953199]                           old connect ip is  192.168.43.237
[49146.959865]                                     but it isn't seted ip , so close it
[49147.480431] accepted a http connect , new connect ip is  192.168.43.186
[49147.487196]                           old connect ip is  192.168.43.237
[49147.493896]                                     but it isn't seted ip , so close it
[49148.016229] accepted a http connect , new connect ip is  192.168.43.186
[49148.023000]                           old connect ip is  192.168.43.237
[49148.029657]                                     but it isn't seted ip , so close it
[49148.550102] accepted a http connect , new connect ip is  192.168.43.186
[49148.556873]                           old connect ip is  192.168.43.237
[49148.563532]                                     but it isn't seted ip , so close it
[49149.079994] accepted a http connect , new connect ip is  192.168.43.186
[49149.086802]                           old connect ip is  192.168.43.237
[49149.093460]                                     but it isn't seted ip , so close it
[49149.609972] accepted a http connect , new connect ip is  192.168.43.186
[49149.616731]                           old connect ip is  192.168.43.237
[49149.623410]                                     but it isn't seted ip , so close it
[49150.143277] accepted a http connect , new connect ip is  192.168.43.186
[49150.149973]                           old connect ip is  192.168.43.237
[49150.156701]                                     but it isn't seted ip , so close it
[49150.680512] accepted a http connect , new connect ip is  192.168.43.186
[49150.687285]                           old connect ip is  192.168.43.237
[49150.693971]                                     but it isn't seted ip , so close it
[49151.220378] accepted a http connect , new connect ip is  192.168.43.186
[49151.227212]                           old connect ip is  192.168.43.237
[49151.233894]                                     but it isn't seted ip , so close it
[49151.750279] accepted a http connect , new connect ip is  192.168.43.186
[49151.757052]                           old connect ip is  192.168.43.237
[49151.763742]                                     but it isn't seted ip , so close it
[49152.280152] accepted a http connect , new connect ip is  192.168.43.186
[49152.286906]                           old connect ip is  192.168.43.237
[49152.293568]                                     but it isn't seted ip , so close it
[49152.821642] accepted a http connect , new connect ip is  192.168.43.186
[49152.828372]                           old connect ip is  192.168.43.237
[49152.835111]                                     but it isn't seted ip , so close it
[49153.360161] accepted a http connect , new connect ip is  192.168.43.186
[49153.366909]                           old connect ip is  192.168.43.237
[49153.373564]                                     but it isn't seted ip , so close it
[49153.886153] accepted a http connect , new connect ip is  192.168.43.186
[49153.892916]                           old connect ip is  192.168.43.237
[49153.899608]                                     but it isn't seted ip , so close it
[49154.420230] accepted a http connect , new connect ip is  192.168.43.186
[49154.427005]                           old connect ip is  192.168.43.237
[49154.433679]                                     but it isn't seted ip , so close it
[49154.947730] accepted a http connect , new connect ip is  192.168.43.186
[49154.954521]                           old connect ip is  192.168.43.237
[49154.961170]                                     but it isn't seted ip , so close it
[49155.475619] accepted a http connect , new connect ip is  192.168.43.186
[49155.482372]                           old connect ip is  192.168.43.237
[49155.489019]                                     but it isn't seted ip , so close it
[49156.002468] accepted a http connect , new connect ip is  192.168.43.186
[49156.009297]                           old connect ip is  192.168.43.237
[49156.015975]                                     but it isn't seted ip , so close it
[49156.540637] accepted a http connect , new connect ip is  192.168.43.186
[49156.547447]                           old connect ip is  192.168.43.237
[49156.554123]                                     but it isn't seted ip , so close it
[49157.080404] accepted a http connect , new connect ip is  192.168.43.186
[49157.087195]                           old connect ip is  192.168.43.237
[49157.093877]                                     but it isn't seted ip , so close it
[49157.620131] accepted a http connect , new connect ip is  192.168.43.186
[49157.626908]                           old connect ip is  192.168.43.237
[49157.633564]                                     but it isn't seted ip , so close it
[49158.151766] accepted a http connect , new connect ip is  192.168.43.186
[49158.158642]                           old connect ip is  192.168.43.237
[49158.165345]                                     but it isn't seted ip , so close it
[49158.690240] accepted a http connect , new connect ip is  192.168.43.186
[49158.697039]                           old connect ip is  192.168.43.237
[49158.703726]                                     but it isn't seted ip , so close it
[49159.219810] accepted a http connect , new connect ip is  192.168.43.186
[49159.226549]                           old connect ip is  192.168.43.237
[49159.233203]                                     but it isn't seted ip , so close it
[49159.745752] accepted a http connect , new connect ip is  192.168.43.186
[49159.752504]                           old connect ip is  192.168.43.237
[49159.759176]                                     but it isn't seted ip , so close it
[49160.280142] accepted a http connect , new connect ip is  192.168.43.186
[49160.286876]                           old connect ip is  192.168.43.237
[49160.293534]                                     but it isn't seted ip , so close it
[49160.809974] accepted a http connect , new connect ip is  192.168.43.186
[49160.816756]                           old connect ip is  192.168.43.237
[49160.823460]                                     but it isn't seted ip , so close it
[49161.339948] accepted a http connect , new connect ip is  192.168.43.186
[49161.346855]                           old connect ip is  192.168.43.237
[49161.353655]                                     but it isn't seted ip , so close it
[49161.867091] accepted a http connect , new connect ip is  192.168.43.186
[49161.873852]                           old connect ip is  192.168.43.237
[49161.880532]                                     but it isn't seted ip , so close it
[49162.400158] accepted a http connect , new connect ip is  192.168.43.186
[49162.406934]                           old connect ip is  192.168.43.237
[49162.413618]                                     but it isn't seted ip , so close it
[49162.931037] accepted a http connect , new connect ip is  192.168.43.186
[49162.937839]                           old connect ip is  192.168.43.237
[49162.944528]                                     but it isn't seted ip , so close it
[49163.470069] accepted a http connect , new connect ip is  192.168.43.186
[49163.476865]                           old connect ip is  192.168.43.237
[49163.483511]                                     but it isn't seted ip , so close it
[49163.996225] accepted a http connect , new connect ip is  192.168.43.186
[49164.002965]                           old connect ip is  192.168.43.237
[49164.009650]                                     but it isn't seted ip , so close it
[49164.530018] accepted a http connect , new connect ip is  192.168.43.186
[49164.536771]                           old connect ip is  192.168.43.237
[49164.543427]                                     but it isn't seted ip , so close it
[49165.056450] accepted a http connect , new connect ip is  192.168.43.186
[49165.063237]                           old connect ip is  192.168.43.237
[49165.069880]                                     but it isn't seted ip , so close it
[49165.590165] accepted a http connect , new connect ip is  192.168.43.186
[49165.596914]                           old connect ip is  192.168.43.237
[49165.603582]                                     but it isn't seted ip , so close it
[49166.119631] accepted a http connect , new connect ip is  192.168.43.186
[49166.126473]                           old connect ip is  192.168.43.237
[49166.133171]                                     but it isn't seted ip , so close it
[49166.650062] accepted a http connect , new connect ip is  192.168.43.186
[49166.656879]                           old connect ip is  192.168.43.237
[49166.663591]                                     but it isn't seted ip , so close it
[49167.176976] accepted a http connect , new connect ip is  192.168.43.186
[49167.183760]                           old connect ip is  192.168.43.237
[49167.190481]                                     but it isn't seted ip , so close it
[49167.710024] accepted a http connect , new connect ip is  192.168.43.186
[49167.716810]                           old connect ip is  192.168.43.237
[49167.723483]                                     but it isn't seted ip , so close it
[49168.239885] accepted a http connect , new connect ip is  192.168.43.186
[49168.246712]                           old connect ip is  192.168.43.237
[49168.253384]                                     but it isn't seted ip , so close it
[49168.780041] accepted a http connect , new connect ip is  192.168.43.186
[49168.786838]                           old connect ip is  192.168.43.237
[49168.793502]                                     but it isn't seted ip , so close it
[49169.320989] accepted a http connect , new connect ip is  192.168.43.186
[49169.327730]                           old connect ip is  192.168.43.237
[49169.334403]                                     but it isn't seted ip , so close it
[49169.852807] accepted a http connect , new connect ip is  192.168.43.186
[49169.859572]                           old connect ip is  192.168.43.237
[49169.866245]                                     but it isn't seted ip , so close it
[49170.389965] accepted a http connect , new connect ip is  192.168.43.186
[49170.396821]                           old connect ip is  192.168.43.237
[49170.403608]                                     but it isn't seted ip , so close it
[49170.919515] accepted a http connect , new connect ip is  192.168.43.186
[49170.926268]                           old connect ip is  192.168.43.237
[49170.932930]                                     but it isn't seted ip , so close it
[49171.459961] accepted a http connect , new connect ip is  192.168.43.186
[49171.466717]                           old connect ip is  192.168.43.237
[49171.473421]                                     but it isn't seted ip , so close it
[49171.988200] accepted a http connect , new connect ip is  192.168.43.186
[49171.994951]                           old connect ip is  192.168.43.237
[49172.001618]                                     but it isn't seted ip , so close it
[49172.519840] accepted a http connect , new connect ip is  192.168.43.186
[49172.526572]                           old connect ip is  192.168.43.237
[49172.533235]                                     but it isn't seted ip , so close it
[49173.046090] accepted a http connect , new connect ip is  192.168.43.186
[49173.052886]                           old connect ip is  192.168.43.237
[49173.059590]                                     but it isn't seted ip , so close it
[49173.573346] accepted a http connect , new connect ip is  192.168.43.186
[49173.580119]                           old connect ip is  192.168.43.237
[49173.586793]                                     but it isn't seted ip , so close it
[49174.110019] accepted a http connect , new connect ip is  192.168.43.186
[49174.116810]                           old connect ip is  192.168.43.237
[49174.123513]                                     but it isn't seted ip , so close it
[49174.639996] accepted a http connect , new connect ip is  192.168.43.186
[49174.646889]                           old connect ip is  192.168.43.237
[49174.653611]                                     but it isn't seted ip , so close it
[49175.180166] accepted a http connect , new connect ip is  192.168.43.186
[49175.186845]                           old connect ip is  192.168.43.237
[49175.193498]                                     but it isn't seted ip , so close it
[49175.709902] accepted a http connect , new connect ip is  192.168.43.186
[49175.716664]                           old connect ip is  192.168.43.237
[49175.723336]                                     but it isn't seted ip , so close it
[49176.237126] accepted a http connect , new connect ip is  192.168.43.186
[49176.243865]                           old connect ip is  192.168.43.237
[49176.250520]                                     but it isn't seted ip , so close it
[49176.769898] accepted a http connect , new connect ip is  192.168.43.186
[49176.776675]                           old connect ip is  192.168.43.237
[49176.783366]                                     but it isn't seted ip , so close it
[49177.300047] accepted a http connect , new connect ip is  192.168.43.186
[49177.306729]                           old connect ip is  192.168.43.237
[49177.313379]                                     but it isn't seted ip , so close it
[49177.829858] accepted a http connect , new connect ip is  192.168.43.186
[49177.836532]                           old connect ip is  192.168.43.237
[49177.843167]                                     but it isn't seted ip , so close it
[49178.355026] accepted a http connect , new connect ip is  192.168.43.186
[49178.361703]                           old connect ip is  192.168.43.237
[49178.368366]                                     but it isn't seted ip , so close it
[49178.880994] accepted a http connect , new connect ip is  192.168.43.186
[49178.887677]                           old connect ip is  192.168.43.237
[49178.894326]                                     but it isn't seted ip , so close it
[49179.410265] accepted a http connect , new connect ip is  192.168.43.186
[49179.416945]                           old connect ip is  192.168.43.237
[49179.423587]                                     but it isn't seted ip , so close it
[49179.935498] accepted a http connect , new connect ip is  192.168.43.186
[49179.942159]                           old connect ip is  192.168.43.237
[49179.948820]                                     but it isn't seted ip , so close it
[49180.470238] accepted a http connect , new connect ip is  192.168.43.186
[49180.476914]                           old connect ip is  192.168.43.237
[49180.483557]                                     but it isn't seted ip , so close it
[49180.996473] accepted a http connect , new connect ip is  192.168.43.186
[49181.003160]                           old connect ip is  192.168.43.237
[49181.009838]                                     but it isn't seted ip , so close it
[49181.529838] accepted a http connect , new connect ip is  192.168.43.186
[49181.536617]                           old connect ip is  192.168.43.237
[49181.543279]                                     but it isn't seted ip , so close it
[49182.055663] accepted a http connect , new connect ip is  192.168.43.186
[49182.062409]                           old connect ip is  192.168.43.237
[49182.069077]                                     but it isn't seted ip , so close it
[49182.589799] accepted a http connect , new connect ip is  192.168.43.186
[49182.596602]                           old connect ip is  192.168.43.237
[49182.603265]                                     but it isn't seted ip , so close it
[49183.129846] accepted a http connect , new connect ip is  192.168.43.186
[49183.136603]                           old connect ip is  192.168.43.237
[49183.143335]                                     but it isn't seted ip , so close it
[49183.659874] accepted a http connect , new connect ip is  192.168.43.186
[49183.666753]                           old connect ip is  192.168.43.237
[49183.673557]                                     but it isn't seted ip , so close it
[49184.199900] accepted a http connect , new connect ip is  192.168.43.186
[49184.206660]                           old connect ip is  192.168.43.237
[49184.213372]                                     but it isn't seted ip , so close it
[49184.729810] accepted a http connect , new connect ip is  192.168.43.186
[49184.736575]                           old connect ip is  192.168.43.237
[49184.743245]                                     but it isn't seted ip , so close it
[49185.259837] accepted a http connect , new connect ip is  192.168.43.186
[49185.266651]                           old connect ip is  192.168.43.237
[49185.273319]                                     but it isn't seted ip , so close it
[49185.789686] accepted a http connect , new connect ip is  192.168.43.186
[49185.796473]                           old connect ip is  192.168.43.237
[49185.803128]                                     but it isn't seted ip , so close it
[49186.321631] accepted a http connect , new connect ip is  192.168.43.186
[49186.328350]                           old connect ip is  192.168.43.237
[49186.335025]                                     but it isn't seted ip , so close it
[49186.860128] accepted a http connect , new connect ip is  192.168.43.186
[49186.867001]                           old connect ip is  192.168.43.237
[49186.873685]                                     but it isn't seted ip , so close it
[49187.401194] accepted a http connect , new connect ip is  192.168.43.186
[49187.407927]                           old connect ip is  192.168.43.237
[49187.414587]                                     but it isn't seted ip , so close it
[49187.927251] accepted a http connect , new connect ip is  192.168.43.186
[49187.933991]                           old connect ip is  192.168.43.237
[49187.940659]                                     but it isn't seted ip , so close it
[49188.459738] accepted a http connect , new connect ip is  192.168.43.186
[49188.466477]                           old connect ip is  192.168.43.237
[49188.473135]                                     but it isn't seted ip , so close it
[49188.985531] accepted a http connect , new connect ip is  192.168.43.186
[49188.992278]                           old connect ip is  192.168.43.237
[49188.998962]                                     but it isn't seted ip , so close it
[49189.519939] accepted a http connect , new connect ip is  192.168.43.186
[49189.526698]                           old connect ip is  192.168.43.237
[49189.533416]                                     but it isn't seted ip , so close it
[49190.047194] accepted a http connect , new connect ip is  192.168.43.186
[49190.054038]                           old connect ip is  192.168.43.237
[49190.060692]                                     but it isn't seted ip , so close it
[49190.575009] accepted a http connect , new connect ip is  192.168.43.186
[49190.581746]                           old connect ip is  192.168.43.237
[49190.588491]                                     but it isn't seted ip , so close it
[49191.110655] accepted a http connect , new connect ip is  192.168.43.186
[49191.117440]                           old connect ip is  192.168.43.237
[49191.124103]                                     but it isn't seted ip , so close it
[49191.649674] accepted a http connect , new connect ip is  192.168.43.186
[49191.656426]                           old connect ip is  192.168.43.237
[49191.663088]                                     but it isn't seted ip , so close it
[49192.179867] accepted a http connect , new connect ip is  192.168.43.186
[49192.186658]                           old connect ip is  192.168.43.237
[49192.193328]                                     but it isn't seted ip , so close it
[49192.719838] accepted a http connect , new connect ip is  192.168.43.186
[49192.726606]                           old connect ip is  192.168.43.237
[49192.733301]                                     but it isn't seted ip , so close it
[49193.259760] accepted a http connect , new connect ip is  192.168.43.186
[49193.266568]                           old connect ip is  192.168.43.237
[49193.273240]                                     but it isn't seted ip , so close it
[49193.789925] accepted a http connect , new connect ip is  192.168.43.186
[49193.796724]                           old connect ip is  192.168.43.237
[49193.803368]                                     but it isn't seted ip , so close it
[49194.329892] accepted a http connect , new connect ip is  192.168.43.186
[49194.336663]                           old connect ip is  192.168.43.237
[49194.343322]                                     but it isn't seted ip , so close it
[49194.859691] accepted a http connect , new connect ip is  192.168.43.186
[49194.866444]                           old connect ip is  192.168.43.237
[49194.873121]                                     but it isn't seted ip , so close it
[49195.399804] accepted a http connect , new connect ip is  192.168.43.186
[49195.406490]                           old connect ip is  192.168.43.237
[49195.413144]                                     but it isn't seted ip , so close it
[49195.924873] accepted a http connect , new connect ip is  192.168.43.186
[49195.931526]                           old connect ip is  192.168.43.237
[49195.938166]                                     but it isn't seted ip , so close it
[49196.459775] accepted a http connect , new connect ip is  192.168.43.186
[49196.466524]                           old connect ip is  192.168.43.237
[49196.473195]                                     but it isn't seted ip , so close it
[49196.985886] accepted a http connect , new connect ip is  192.168.43.186
[49196.992660]                           old connect ip is  192.168.43.237
[49196.999346]                                     but it isn't seted ip , so close it
[49197.519665] accepted a http connect , new connect ip is  192.168.43.186
[49197.526410]                           old connect ip is  192.168.43.237
[49197.533073]                                     but it isn't seted ip , so close it
[49198.045666] accepted a http connect , new connect ip is  192.168.43.186
[49198.052435]                           old connect ip is  192.168.43.237
[49198.059119]                                     but it isn't seted ip , so close it
[49198.579739] accepted a http connect , new connect ip is  192.168.43.186
[49198.586526]                           old connect ip is  192.168.43.237
[49198.593210]                                     but it isn't seted ip , so close it
[49199.120041] accepted a http connect , new connect ip is  192.168.43.186
[49199.126829]                           old connect ip is  192.168.43.237
[49199.133522]                                     but it isn't seted ip , so close it
[49199.659657] accepted a http connect , new connect ip is  192.168.43.186
[49199.666400]                           old connect ip is  192.168.43.237
[49199.673060]                                     but it isn't seted ip , so close it
[49200.189531] accepted a http connect , new connect ip is  192.168.43.186
[49200.196309]                           old connect ip is  192.168.43.237
[49200.202983]                                     but it isn't seted ip , so close it
[49200.719853] accepted a http connect , new connect ip is  192.168.43.186
[49200.726702]                           old connect ip is  192.168.43.237
[49200.733369]                                     but it isn't seted ip , so close it
[49201.246080] accepted a http connect , new connect ip is  192.168.43.186
[49201.252845]                           old connect ip is  192.168.43.237
[49201.259520]                                     but it isn't seted ip , so close it
[49201.772647] accepted a http connect , new connect ip is  192.168.43.186
[49201.779589]                           old connect ip is  192.168.43.237
[49201.786304]                                     but it isn't seted ip , so close it
[49202.309433] accepted a http connect , new connect ip is  192.168.43.186
[49202.316176]                           old connect ip is  192.168.43.237
[49202.322829]                                     but it isn't seted ip , so close it
[49202.839578] accepted a http connect , new connect ip is  192.168.43.186
[49202.846356]                           old connect ip is  192.168.43.237
[49202.853017]                                     but it isn't seted ip , so close it
[49203.369636] accepted a http connect , new connect ip is  192.168.43.186
[49203.376394]                           old connect ip is  192.168.43.237
[49203.383051]                                     but it isn't seted ip , so close it
[49203.902648] accepted a http connect , new connect ip is  192.168.43.186
[49203.909418]                           old connect ip is  192.168.43.237
[49203.916093]                                     but it isn't seted ip , so close it
[49204.440533] accepted a http connect , new connect ip is  192.168.43.186
[49204.447511]                           old connect ip is  192.168.43.237
[49204.454186]                                     but it isn't seted ip , so close it
[49204.967798] accepted a http connect , new connect ip is  192.168.43.186
[49204.974593]                           old connect ip is  192.168.43.237
[49204.981264]                                     but it isn't seted ip , so close it
[49205.500579] accepted a http connect , new connect ip is  192.168.43.186
[49205.507352]                           old connect ip is  192.168.43.237
[49205.514010]                                     but it isn't seted ip , so close it
[49206.028342] accepted a http connect , new connect ip is  192.168.43.186
[49206.035123]                           old connect ip is  192.168.43.237
[49206.041769]                                     but it isn't seted ip , so close it
[49206.559725] accepted a http connect , new connect ip is  192.168.43.186
[49206.566469]                           old connect ip is  192.168.43.237
[49206.573135]                                     but it isn't seted ip , so close it
[49207.086004] accepted a http connect , new connect ip is  192.168.43.186
[49207.092793]                           old connect ip is  192.168.43.237
[49207.099456]                                     but it isn't seted ip , so close it
[49207.629683] accepted a http connect , new connect ip is  192.168.43.186
[49207.636447]                           old connect ip is  192.168.43.237
[49207.643107]                                     but it isn't seted ip , so close it
[49208.159609] accepted a http connect , new connect ip is  192.168.43.186
[49208.166354]                           old connect ip is  192.168.43.237
[49208.173021]                                     but it isn't seted ip , so close it
[49208.689626] accepted a http connect , new connect ip is  192.168.43.186
[49208.696376]                           old connect ip is  192.168.43.237
[49208.703049]                                     but it isn't seted ip , so close it
[49209.219500] accepted a http connect , new connect ip is  192.168.43.186
[49209.226246]                           old connect ip is  192.168.43.237
[49209.232899]                                     but it isn't seted ip , so close it
[49209.749680] accepted a http connect , new connect ip is  192.168.43.186
[49209.756476]                           old connect ip is  192.168.43.237
[49209.763132]                                     but it isn't seted ip , so close it
[49210.281825] accepted a http connect , new connect ip is  192.168.43.186
[49210.288590]                           old connect ip is  192.168.43.237
[49210.295252]                                     but it isn't seted ip , so close it
[49210.820692] accepted a http connect , new connect ip is  192.168.43.186
[49210.827519]                           old connect ip is  192.168.43.237
[49210.834189]                                     but it isn't seted ip , so close it
[49211.359463] accepted a http connect , new connect ip is  192.168.43.186
[49211.366198]                           old connect ip is  192.168.43.237
[49211.372921]                                     but it isn't seted ip , so close it
[49211.889473] accepted a http connect , new connect ip is  192.168.43.186
[49211.896247]                           old connect ip is  192.168.43.237
[49211.902997]                                     but it isn't seted ip , so close it
[49212.429446] accepted a http connect , new connect ip is  192.168.43.186
[49212.436198]                           old connect ip is  192.168.43.237
[49212.442845]                                     but it isn't seted ip , so close it
[49212.955267] accepted a http connect , new connect ip is  192.168.43.186
[49212.961994]                           old connect ip is  192.168.43.237
[49212.968677]                                     but it isn't seted ip , so close it
[49213.489461] accepted a http connect , new connect ip is  192.168.43.186
[49213.496205]                           old connect ip is  192.168.43.237
[49213.502878]                                     but it isn't seted ip , so close it
[49214.015410] accepted a http connect , new connect ip is  192.168.43.186
[49214.022173]                           old connect ip is  192.168.43.237
[49214.028842]                                     but it isn't seted ip , so close it
[49214.549793] accepted a http connect , new connect ip is  192.168.43.186
[49214.556651]                           old connect ip is  192.168.43.237
[49214.563321]                                     but it isn't seted ip , so close it
[49215.075667] accepted a http connect , new connect ip is  192.168.43.186
[49215.082455]                           old connect ip is  192.168.43.237
[49215.089097]                                     but it isn't seted ip , so close it
[49215.609571] accepted a http connect , new connect ip is  192.168.43.186
[49215.616374]                           old connect ip is  192.168.43.237
[49215.623051]                                     but it isn't seted ip , so close it
[49216.136466] accepted a http connect , new connect ip is  192.168.43.186
[49216.143251]                           old connect ip is  192.168.43.237
[49216.149916]                                     but it isn't seted ip , so close it
[49216.669685] accepted a http connect , new connect ip is  192.168.43.186
[49216.676489]                           old connect ip is  192.168.43.237
[49216.683139]                                     but it isn't seted ip , so close it
[49217.209537] accepted a http connect , new connect ip is  192.168.43.186
[49217.216350]                           old connect ip is  192.168.43.237
[49217.223023]                                     but it isn't seted ip , so close it
[49217.749709] accepted a http connect , new connect ip is  192.168.43.186
[49217.756519]                           old connect ip is  192.168.43.237
[49217.763207]                                     but it isn't seted ip , so close it
[49218.279508] accepted a http connect , new connect ip is  192.168.43.186
[49218.286249]                           old connect ip is  192.168.43.237
[49218.292915]                                     but it isn't seted ip , so close it
[49218.809470] accepted a http connect , new connect ip is  192.168.43.186
[49218.816246]                           old connect ip is  192.168.43.237
[49218.822912]                                     but it isn't seted ip , so close it
[49219.339918] accepted a http connect , new connect ip is  192.168.43.186
[49219.346672]                           old connect ip is  192.168.43.237
[49219.353337]                                     but it isn't seted ip , so close it
[49219.869599] accepted a http connect , new connect ip is  192.168.43.186
[49219.876384]                           old connect ip is  192.168.43.237
[49219.883033]                                     but it isn't seted ip , so close it
[49220.409609] accepted a http connect , new connect ip is  192.168.43.186
[49220.416439]                           old connect ip is  192.168.43.237
[49220.423190]                                     but it isn't seted ip , so close it
[49220.938437] accepted a http connect , new connect ip is  192.168.43.186
[49220.945194]                           old connect ip is  192.168.43.237
[49220.951859]                                     but it isn't seted ip , so close it
[49221.469354] accepted a http connect , new connect ip is  192.168.43.186
[49221.476118]                           old connect ip is  192.168.43.237
[49221.482770]                                     but it isn't seted ip , so close it
[49221.995890] accepted a http connect , new connect ip is  192.168.43.186
[49222.002649]                           old connect ip is  192.168.43.237
[49222.009294]                                     but it isn't seted ip , so close it
[49222.532613] accepted a http connect , new connect ip is  192.168.43.186
[49222.539417]                           old connect ip is  192.168.43.237
[49222.546127]                                     but it isn't seted ip , so close it
[49223.060370] accepted a http connect , new connect ip is  192.168.43.186
[49223.067169]                           old connect ip is  192.168.43.237
[49223.073834]                                     but it isn't seted ip , so close it
[49223.599485] accepted a http connect , new connect ip is  192.168.43.186
[49223.606281]                           old connect ip is  192.168.43.237
[49223.612953]                                     but it isn't seted ip , so close it
[49224.125786] accepted a http connect , new connect ip is  192.168.43.186
[49224.132576]                           old connect ip is  192.168.43.237
[49224.139255]                                     but it isn't seted ip , so close it
[49224.659549] accepted a http connect , new connect ip is  192.168.43.186
[49224.666393]                           old connect ip is  192.168.43.237
[49224.673081]                                     but it isn't seted ip , so close it
[49225.185672] accepted a http connect , new connect ip is  192.168.43.186
[49225.192417]                           old connect ip is  192.168.43.237
[49225.199117]                                     but it isn't seted ip , so close it
[49225.719438] accepted a http connect , new connect ip is  192.168.43.186
[49225.726200]                           old connect ip is  192.168.43.237
[49225.732944]                                     but it isn't seted ip , so close it
[49226.259840] accepted a http connect , new connect ip is  192.168.43.186
[49226.266658]                           old connect ip is  192.168.43.237
[49226.273336]                                     but it isn't seted ip , so close it
[49226.799477] accepted a http connect , new connect ip is  192.168.43.186
[49226.806223]                           old connect ip is  192.168.43.237
[49226.812889]                                     but it isn't seted ip , so close it
[49227.329561] accepted a http connect , new connect ip is  192.168.43.186
[49227.336339]                           old connect ip is  192.168.43.237
[49227.343003]                                     but it isn't seted ip , so close it
[49227.869192] accepted a http connect , new connect ip is  192.168.43.186
[49227.875966]                           old connect ip is  192.168.43.237
[49227.882618]                                     but it isn't seted ip , so close it
[49228.400514] accepted a http connect , new connect ip is  192.168.43.186
[49228.407331]                           old connect ip is  192.168.43.237
[49228.414003]                                     but it isn't seted ip , so close it
[49228.942659] accepted a http connect , new connect ip is  192.168.43.186
[49228.949411]                           old connect ip is  192.168.43.237
[49228.956150]                                     but it isn't seted ip , so close it
[49229.479408] accepted a http connect , new connect ip is  192.168.43.186
[49229.486234]                           old connect ip is  192.168.43.237
[49229.492900]                                     but it isn't seted ip , so close it
[49230.005562] accepted a http connect , new connect ip is  192.168.43.186
[49230.012314]                           old connect ip is  192.168.43.237
[49230.018998]                                     but it isn't seted ip , so close it
[49230.539416] accepted a http connect , new connect ip is  192.168.43.186
[49230.546164]                           old connect ip is  192.168.43.237
[49230.552822]                                     but it isn't seted ip , so close it
[49231.065956] accepted a http connect , new connect ip is  192.168.43.186
[49231.072817]                           old connect ip is  192.168.43.237
[49231.079485]                                     but it isn't seted ip , so close it
[49231.599421] accepted a http connect , new connect ip is  192.168.43.186
[49231.606177]                           old connect ip is  192.168.43.237
[49231.612855]                                     but it isn't seted ip , so close it
[49232.125684] accepted a http connect , new connect ip is  192.168.43.186
[49232.132467]                           old connect ip is  192.168.43.237
[49232.139175]                                     but it isn't seted ip , so close it
[49232.659378] accepted a http connect , new connect ip is  192.168.43.186
[49232.666125]                           old connect ip is  192.168.43.237
[49232.672862]                                     but it isn't seted ip , so close it
[49233.189265] accepted a http connect , new connect ip is  192.168.43.186
[49233.196034]                           old connect ip is  192.168.43.237
[49233.202686]                                     but it isn't seted ip , so close it
[49233.719230] accepted a http connect , new connect ip is  192.168.43.186
[49233.725969]                           old connect ip is  192.168.43.237
[49233.732621]                                     but it isn't seted ip , so close it
[49234.249562] accepted a http connect , new connect ip is  192.168.43.186
[49234.256426]                           old connect ip is  192.168.43.237
[49234.263091]                                     but it isn't seted ip , so close it
[49234.789498] accepted a http connect , new connect ip is  192.168.43.186
[49234.796295]                           old connect ip is  192.168.43.237
[49234.802951]                                     but it isn't seted ip , so close it
[49235.329876] accepted a http connect , new connect ip is  192.168.43.186
[49235.336664]                           old connect ip is  192.168.43.237
[49235.343333]                                     but it isn't seted ip , so close it
[49235.859497] accepted a http connect , new connect ip is  192.168.43.186
[49235.866270]                           old connect ip is  192.168.43.237
[49235.872931]                                     but it isn't seted ip , so close it
[49236.390977] accepted a http connect , new connect ip is  192.168.43.186
[49236.397817]                           old connect ip is  192.168.43.237
[49236.404465]                                     but it isn't seted ip , so close it
[49236.917195] accepted a http connect , new connect ip is  192.168.43.186
[49236.923951]                           old connect ip is  192.168.43.237
[49236.930603]                                     but it isn't seted ip , so close it
[49237.449307] accepted a http connect , new connect ip is  192.168.43.186
[49237.456061]                           old connect ip is  192.168.43.237
[49237.462707]                                     but it isn't seted ip , so close it
[49237.976314] accepted a http connect , new connect ip is  192.168.43.186
[49237.983094]                           old connect ip is  192.168.43.237
[49237.989738]                                     but it isn't seted ip , so close it
[49238.509535] accepted a http connect , new connect ip is  192.168.43.186
[49238.516381]                           old connect ip is  192.168.43.237
[49238.523062]                                     but it isn't seted ip , so close it
[49239.037392] accepted a http connect , new connect ip is  192.168.43.186
[49239.044174]                           old connect ip is  192.168.43.237
[49239.050854]                                     but it isn't seted ip , so close it
[49239.569532] accepted a http connect , new connect ip is  192.168.43.186
[49239.576336]                           old connect ip is  192.168.43.237
[49239.582981]                                     but it isn't seted ip , so close it
[49240.099536] accepted a http connect , new connect ip is  192.168.43.186
[49240.106295]                           old connect ip is  192.168.43.237
[49240.112972]                                     but it isn't seted ip , so close it
[49240.629536] accepted a http connect , new connect ip is  192.168.43.186
[49240.636423]                           old connect ip is  192.168.43.237
[49240.643096]                                     but it isn't seted ip , so close it
[49241.157698] accepted a http connect , new connect ip is  192.168.43.186
[49241.164474]                           old connect ip is  192.168.43.237
[49241.171148]                                     but it isn't seted ip , so close it
[49241.699263] accepted a http connect , new connect ip is  192.168.43.186
[49241.706076]                           old connect ip is  192.168.43.237
[49241.712745]                                     but it isn't seted ip , so close it
[49242.230965] accepted a http connect , new connect ip is  192.168.43.186
[49242.237640]                           old connect ip is  192.168.43.237
[49242.244288]                                     but it isn't seted ip , so close it
[49242.769396] accepted a http connect , new connect ip is  192.168.43.186
[49242.776085]                           old connect ip is  192.168.43.237
[49242.782727]                                     but it isn't seted ip , so close it
[49243.295326] accepted a http connect , new connect ip is  192.168.43.186
[49243.302064]                           old connect ip is  192.168.43.237
[49243.308748]                                     but it isn't seted ip , so close it
[49243.829250] accepted a http connect , new connect ip is  192.168.43.186
[49243.836018]                           old connect ip is  192.168.43.237
[49243.842683]                                     but it isn't seted ip , so close it
[49244.359308] accepted a http connect , new connect ip is  192.168.43.186
[49244.366064]                           old connect ip is  192.168.43.237
[49244.372763]                                     but it isn't seted ip , so close it
[49244.889483] accepted a http connect , new connect ip is  192.168.43.186
[49244.896275]                           old connect ip is  192.168.43.237
[49244.902919]                                     but it isn't seted ip , so close it
[49245.419215] accepted a http connect , new connect ip is  192.168.43.186
[49245.425959]                           old connect ip is  192.168.43.237
[49245.432609]                                     but it isn't seted ip , so close it
[49245.949243] accepted a http connect , new connect ip is  192.168.43.186
[49245.956072]                           old connect ip is  192.168.43.237
[49245.962718]                                     but it isn't seted ip , so close it
[49246.481170] accepted a http connect , new connect ip is  192.168.43.186
[49246.488028]                           old connect ip is  192.168.43.237
[49246.494731]                                     but it isn't seted ip , so close it
[49247.010743] accepted a http connect , new connect ip is  192.168.43.186
[49247.017543]                           old connect ip is  192.168.43.237
[49247.024216]                                     but it isn't seted ip , so close it
[49247.549204] accepted a http connect , new connect ip is  192.168.43.186
[49247.555990]                           old connect ip is  192.168.43.237
[49247.562690]                                     but it isn't seted ip , so close it
[49248.075936] accepted a http connect , new connect ip is  192.168.43.186
[49248.082787]                           old connect ip is  192.168.43.237
[49248.089485]                                     but it isn't seted ip , so close it
[49248.609608] accepted a http connect , new connect ip is  192.168.43.186
[49248.616487]                           old connect ip is  192.168.43.237
[49248.623164]                                     but it isn't seted ip , so close it
[49249.135964] accepted a http connect , new connect ip is  192.168.43.186
[49249.142724]                           old connect ip is  192.168.43.237
[49249.149394]                                     but it isn't seted ip , so close it
[49249.669058] accepted a http connect , new connect ip is  192.168.43.186
[49249.675893]                           old connect ip is  192.168.43.237
[49249.682586]                                     but it isn't seted ip , so close it
[49250.199260] accepted a http connect , new connect ip is  192.168.43.186
[49250.206098]                           old connect ip is  192.168.43.237
[49250.212778]                                     but it isn't seted ip , so close it
[49250.729300] accepted a http connect , new connect ip is  192.168.43.186
[49250.736091]                           old connect ip is  192.168.43.237
[49250.742768]                                     but it isn't seted ip , so close it
[49251.259500] accepted a http connect , new connect ip is  192.168.43.186
[49251.266270]                           old connect ip is  192.168.43.237
[49251.272954]                                     but it isn't seted ip , so close it
[49251.799440] accepted a http connect , new connect ip is  192.168.43.186
[49251.806191]                           old connect ip is  192.168.43.237
[49251.812854]                                     but it isn't seted ip , so close it
[49252.329494] accepted a http connect , new connect ip is  192.168.43.186
[49252.336274]                           old connect ip is  192.168.43.237
[49252.342948]                                     but it isn't seted ip , so close it
[49252.871622] accepted a http connect , new connect ip is  192.168.43.186
[49252.878627]                           old connect ip is  192.168.43.237
[49252.885301]                                     but it isn't seted ip , so close it
[49253.409135] accepted a http connect , new connect ip is  192.168.43.186
[49253.415813]                           old connect ip is  192.168.43.237
[49253.422449]                                     but it isn't seted ip , so close it
[49253.949166] accepted a http connect , new connect ip is  192.168.43.186
[49253.955836]                           old connect ip is  192.168.43.237
[49253.962474]                                     but it isn't seted ip , so close it
[49254.489045] accepted a http connect , new connect ip is  192.168.43.186
[49254.495794]                           old connect ip is  192.168.43.237
[49254.502443]                                     but it isn't seted ip , so close it
[49255.014879] accepted a http connect , new connect ip is  192.168.43.186
[49255.021638]                           old connect ip is  192.168.43.237
[49255.028403]                                     but it isn't seted ip , so close it
[49255.548969] accepted a http connect , new connect ip is  192.168.43.186
[49255.555736]                           old connect ip is  192.168.43.237
[49255.562393]                                     but it isn't seted ip , so close it
[49256.074902] accepted a http connect , new connect ip is  192.168.43.186
[49256.081731]                           old connect ip is  192.168.43.237
[49256.088435]                                     but it isn't seted ip , so close it
[49256.609096] accepted a http connect , new connect ip is  192.168.43.186
[49256.615956]                           old connect ip is  192.168.43.237
[49256.622667]                                     but it isn't seted ip , so close it
[49257.135623] accepted a http connect , new connect ip is  192.168.43.186
[49257.142375]                           old connect ip is  192.168.43.237
[49257.149038]                                     but it isn't seted ip , so close it
[49257.669125] accepted a http connect , new connect ip is  192.168.43.186
[49257.675885]                           old connect ip is  192.168.43.237
[49257.682536]                                     but it isn't seted ip , so close it
[49258.199314] accepted a http connect , new connect ip is  192.168.43.186
[49258.206429]                           old connect ip is  192.168.43.237
[49258.213117]                                     but it isn't seted ip , so close it
[49258.742173] accepted a http connect , new connect ip is  192.168.43.186
[49258.749007]                           old connect ip is  192.168.43.237
[49258.755723]                                     but it isn't seted ip , so close it
[49259.279424] accepted a http connect , new connect ip is  192.168.43.186
[49259.286212]                           old connect ip is  192.168.43.237
[49259.292899]                                     but it isn't seted ip , so close it
[49259.805990] accepted a http connect , new connect ip is  192.168.43.186
[49259.812744]                           old connect ip is  192.168.43.237
[49259.819423]                                     but it isn't seted ip , so close it
[49260.349229] accepted a http connect , new connect ip is  192.168.43.186
[49260.355961]                           old connect ip is  192.168.43.237
[49260.362625]                                     but it isn't seted ip , so close it
[49260.879181] accepted a http connect , new connect ip is  192.168.43.186
[49260.885868]                           old connect ip is  192.168.43.237
[49260.892538]                                     but it isn't seted ip , so close it
[49261.409104] accepted a http connect , new connect ip is  192.168.43.186
[49261.415851]                           old connect ip is  192.168.43.237
[49261.422531]                                     but it isn't seted ip , so close it
[49261.939024] accepted a http connect , new connect ip is  192.168.43.186
[49261.945772]                           old connect ip is  192.168.43.237
[49261.952440]                                     but it isn't seted ip , so close it
[49262.469013] accepted a http connect , new connect ip is  192.168.43.186
[49262.475790]                           old connect ip is  192.168.43.237
[49262.482441]                                     but it isn't seted ip , so close it
[49262.996987] accepted a http connect , new connect ip is  192.168.43.186
[49263.003829]                           old connect ip is  192.168.43.237
[49263.010556]                                     but it isn't seted ip , so close it
[49263.529091] accepted a http connect , new connect ip is  192.168.43.186
[49263.535930]                           old connect ip is  192.168.43.237
[49263.542627]                                     but it isn't seted ip , so close it
[49264.055473] accepted a http connect , new connect ip is  192.168.43.186
[49264.062228]                           old connect ip is  192.168.43.237
[49264.068901]                                     but it isn't seted ip , so close it
[49264.589251] accepted a http connect , new connect ip is  192.168.43.186
[49264.596049]                           old connect ip is  192.168.43.237
[49264.602707]                                     but it isn't seted ip , so close it
[49265.119783] accepted a http connect , new connect ip is  192.168.43.186
[49265.126563]                           old connect ip is  192.168.43.237
[49265.133242]                                     but it isn't seted ip , so close it
[49265.658975] accepted a http connect , new connect ip is  192.168.43.186
[49265.665738]                           old connect ip is  192.168.43.237
[49265.672389]                                     but it isn't seted ip , so close it
[49266.186058] accepted a http connect , new connect ip is  192.168.43.186
[49266.192820]                           old connect ip is  192.168.43.237
[49266.199466]                                     but it isn't seted ip , so close it
[49266.718833] accepted a http connect , new connect ip is  192.168.43.186
[49266.725556]                           old connect ip is  192.168.43.237
[49266.732278]                                     but it isn't seted ip , so close it
[49267.249315] accepted a http connect , new connect ip is  192.168.43.186
[49267.256106]                           old connect ip is  192.168.43.237
[49267.262766]                                     but it isn't seted ip , so close it
[49267.778943] accepted a http connect , new connect ip is  192.168.43.186
[49267.785705]                           old connect ip is  192.168.43.237
[49267.792359]                                     but it isn't seted ip , so close it
[49268.309059] accepted a http connect , new connect ip is  192.168.43.186
[49268.315850]                           old connect ip is  192.168.43.237
[49268.322506]                                     but it isn't seted ip , so close it
[49268.839096] accepted a http connect , new connect ip is  192.168.43.186
[49268.845862]                           old connect ip is  192.168.43.237
[49268.852518]                                     but it isn't seted ip , so close it
[49269.379114] accepted a http connect , new connect ip is  192.168.43.186
[49269.385939]                           old connect ip is  192.168.43.237
[49269.392600]                                     but it isn't seted ip , so close it
[49269.908972] accepted a http connect , new connect ip is  192.168.43.186
[49269.915725]                           old connect ip is  192.168.43.237
[49269.922374]                                     but it isn't seted ip , so close it
[49270.439319] accepted a http connect , new connect ip is  192.168.43.186
[49270.446126]                           old connect ip is  192.168.43.237
[49270.452804]                                     but it isn't seted ip , so close it
[49270.980308] accepted a http connect , new connect ip is  192.168.43.186
[49270.987071]                           old connect ip is  192.168.43.237
[49270.993869]                                     but it isn't seted ip , so close it
[49271.529159] accepted a http connect , new connect ip is  192.168.43.186
[49271.535850]                           old connect ip is  192.168.43.237
[49271.542494]                                     but it isn't seted ip , so close it
[49272.054827] accepted a http connect , new connect ip is  192.168.43.186
[49272.061664]                           old connect ip is  192.168.43.237
[49272.068416]                                     but it isn't seted ip , so close it
[49272.582819] accepted a http connect , new connect ip is  192.168.43.186
[49272.589583]                           old connect ip is  192.168.43.237
[49272.596248]                                     but it isn't seted ip , so close it
[49273.111846] accepted a http connect , new connect ip is  192.168.43.186
[49273.118625]                           old connect ip is  192.168.43.237
[49273.125275]                                     but it isn't seted ip , so close it
[49273.648998] accepted a http connect , new connect ip is  192.168.43.186
[49273.655826]                           old connect ip is  192.168.43.237
[49273.662486]                                     but it isn't seted ip , so close it
[49274.175567] accepted a http connect , new connect ip is  192.168.43.186
[49274.182324]                           old connect ip is  192.168.43.237
[49274.188982]                                     but it isn't seted ip , so close it
[49274.708988] accepted a http connect , new connect ip is  192.168.43.186
[49274.715734]                           old connect ip is  192.168.43.237
[49274.722386]                                     but it isn't seted ip , so close it
[49275.239008] accepted a http connect , new connect ip is  192.168.43.186
[49275.245740]                           old connect ip is  192.168.43.237
[49275.252432]                                     but it isn't seted ip , so close it
[49275.769118] accepted a http connect , new connect ip is  192.168.43.186
[49275.775914]                           old connect ip is  192.168.43.237
[49275.782578]                                     but it isn't seted ip , so close it
[49276.298950] accepted a http connect , new connect ip is  192.168.43.186
[49276.305731]                           old connect ip is  192.168.43.237
[49276.312399]                                     but it isn't seted ip , so close it
[49276.841941] accepted a http connect , new connect ip is  192.168.43.186
[49276.848652]                           old connect ip is  192.168.43.237
[49276.855320]                                     but it isn't seted ip , so close it
[49277.378820] accepted a http connect , new connect ip is  192.168.43.186
[49277.385557]                           old connect ip is  192.168.43.237
[49277.392235]                                     but it isn't seted ip , so close it
[49277.908857] accepted a http connect , new connect ip is  192.168.43.186
[49277.915610]                           old connect ip is  192.168.43.237
[49277.922269]                                     but it isn't seted ip , so close it
[49278.448830] accepted a http connect , new connect ip is  192.168.43.186
[49278.455600]                           old connect ip is  192.168.43.237
[49278.462246]                                     but it isn't seted ip , so close it
[49278.979331] accepted a http connect , new connect ip is  192.168.43.186
[49278.986089]                           old connect ip is  192.168.43.237
[49278.992756]                                     but it isn't seted ip , so close it
[49279.518928] accepted a http connect , new connect ip is  192.168.43.186
[49279.525668]                           old connect ip is  192.168.43.237
[49279.532353]                                     but it isn't seted ip , so close it
[49280.047479] accepted a http connect , new connect ip is  192.168.43.186
[49280.054258]                           old connect ip is  192.168.43.237
[49280.060911]                                     but it isn't seted ip , so close it
[49280.578855] accepted a http connect , new connect ip is  192.168.43.186
[49280.585607]                           old connect ip is  192.168.43.237
[49280.592258]                                     but it isn't seted ip , so close it
[49281.104523] accepted a http connect , new connect ip is  192.168.43.186
[49281.111279]                           old connect ip is  192.168.43.237
[49281.117938]                                     but it isn't seted ip , so close it
[49281.638826] accepted a http connect , new connect ip is  192.168.43.186
[49281.645551]                           old connect ip is  192.168.43.237
[49281.652213]                                     but it isn't seted ip , so close it
[49282.165804] accepted a http connect , new connect ip is  192.168.43.186
[49282.172642]                           old connect ip is  192.168.43.237
[49282.179328]                                     but it isn't seted ip , so close it
[49282.699012] accepted a http connect , new connect ip is  192.168.43.186
[49282.706011]                           old connect ip is  192.168.43.237
[49282.712714]                                     but it isn't seted ip , so close it
[49283.230637] accepted a http connect , new connect ip is  192.168.43.186
[49283.237421]                           old connect ip is  192.168.43.237
[49283.244094]                                     but it isn't seted ip , so close it
[49283.769563] accepted a http connect , new connect ip is  192.168.43.186
[49283.776338]                           old connect ip is  192.168.43.237
[49283.783034]                                     but it isn't seted ip , so close it
[49284.296249] accepted a http connect , new connect ip is  192.168.43.186
[49284.303105]                           old connect ip is  192.168.43.237
[49284.309789]                                     but it isn't seted ip , so close it
[49284.829000] accepted a http connect , new connect ip is  192.168.43.186
[49284.835861]                           old connect ip is  192.168.43.237
[49284.842549]                                     but it isn't seted ip , so close it
[49285.358878] accepted a http connect , new connect ip is  192.168.43.186
[49285.365628]                           old connect ip is  192.168.43.237
[49285.372282]                                     but it isn't seted ip , so close it
[49285.888868] accepted a http connect , new connect ip is  192.168.43.186
[49285.895630]                           old connect ip is  192.168.43.237
[49285.902286]                                     but it isn't seted ip , so close it
[49286.418925] accepted a http connect , new connect ip is  192.168.43.186
[49286.425676]                           old connect ip is  192.168.43.237
[49286.432359]                                     but it isn't seted ip , so close it
[49286.948696] accepted a http connect , new connect ip is  192.168.43.186
[49286.955540]                           old connect ip is  192.168.43.237
[49286.962228]                                     but it isn't seted ip , so close it
[49287.478816] accepted a http connect , new connect ip is  192.168.43.186
[49287.485550]                           old connect ip is  192.168.43.237
[49287.492217]                                     but it isn't seted ip , so close it
[49288.019904] accepted a http connect , new connect ip is  192.168.43.186
[49288.026733]                           old connect ip is  192.168.43.237
[49288.033395]                                     but it isn't seted ip , so close it
[49288.559083] accepted a http connect , new connect ip is  192.168.43.186
[49288.565864]                           old connect ip is  192.168.43.237
[49288.572561]                                     but it isn't seted ip , so close it
[49289.086091] accepted a http connect , new connect ip is  192.168.43.186
[49289.092956]                           old connect ip is  192.168.43.237
[49289.099651]                                     but it isn't seted ip , so close it
[49289.614088] accepted a http connect , new connect ip is  192.168.43.186
[49289.620852]                           old connect ip is  192.168.43.237
[49289.627516]                                     but it isn't seted ip , so close it
[49290.140338] accepted a http connect , new connect ip is  192.168.43.186
[49290.147142]                           old connect ip is  192.168.43.237
[49290.153796]                                     but it isn't seted ip , so close it
[49290.678920] accepted a http connect , new connect ip is  192.168.43.186
[49290.685668]                           old connect ip is  192.168.43.237
[49290.692338]                                     but it isn't seted ip , so close it
[49291.204919] accepted a http connect , new connect ip is  192.168.43.186
[49291.211671]                           old connect ip is  192.168.43.237
[49291.218329]                                     but it isn't seted ip , so close it
[49291.738605] accepted a http connect , new connect ip is  192.168.43.186
[49291.745415]                           old connect ip is  192.168.43.237
[49291.752072]                                     but it isn't seted ip , so close it
[49292.269263] accepted a http connect , new connect ip is  192.168.43.186
[49292.276055]                           old connect ip is  192.168.43.237
[49292.282706]                                     but it isn't seted ip , so close it
[49292.798764] accepted a http connect , new connect ip is  192.168.43.186
[49292.805516]                           old connect ip is  192.168.43.237
[49292.812174]                                     but it isn't seted ip , so close it
[49293.328911] accepted a http connect , new connect ip is  192.168.43.186
[49293.335688]                           old connect ip is  192.168.43.237
[49293.342365]                                     but it isn't seted ip , so close it
[49293.858986] accepted a http connect , new connect ip is  192.168.43.186
[49293.865745]                           old connect ip is  192.168.43.237
[49293.872405]                                     but it isn't seted ip , so close it
[49294.388968] accepted a http connect , new connect ip is  192.168.43.186
[49294.395666]                           old connect ip is  192.168.43.237
[49294.402327]                                     but it isn't seted ip , so close it
[49294.915517] accepted a http connect , new connect ip is  192.168.43.186
[49294.922304]                           old connect ip is  192.168.43.237
[49294.928965]                                     but it isn't seted ip , so close it
[49295.443504] accepted a http connect , new connect ip is  192.168.43.186
[49295.450203]                           old connect ip is  192.168.43.237
[49295.456851]                                     but it isn't seted ip , so close it
[49295.982307] accepted a http connect , new connect ip is  192.168.43.186
[49295.989004]                           old connect ip is  192.168.43.237
[49295.995643]                                     but it isn't seted ip , so close it
[49296.518702] accepted a http connect , new connect ip is  192.168.43.186
[49296.525433]                           old connect ip is  192.168.43.237
[49296.532103]                                     but it isn't seted ip , so close it
[49297.046713] accepted a http connect , new connect ip is  192.168.43.186
[49297.053461]                           old connect ip is  192.168.43.237
[49297.060113]                                     but it isn't seted ip , so close it
[49297.579093] accepted a http connect , new connect ip is  192.168.43.186
[49297.585844]                           old connect ip is  192.168.43.237
[49297.592499]                                     but it isn't seted ip , so close it
[49298.105276] accepted a http connect , new connect ip is  192.168.43.186
[49298.112060]                           old connect ip is  192.168.43.237
[49298.118741]                                     but it isn't seted ip , so close it
[49298.638742] accepted a http connect , new connect ip is  192.168.43.186
[49298.645477]                           old connect ip is  192.168.43.237
[49298.652132]                                     but it isn't seted ip , so close it
[49299.164671] accepted a http connect , new connect ip is  192.168.43.186
[49299.171451]                           old connect ip is  192.168.43.237
[49299.178145]                                     but it isn't seted ip , so close it
[49299.698811] accepted a http connect , new connect ip is  192.168.43.186
[49299.705553]                           old connect ip is  192.168.43.237
[49299.712282]                                     but it isn't seted ip , so close it
[49300.225236] accepted a http connect , new connect ip is  192.168.43.186
[49300.231976]                           old connect ip is  192.168.43.237
[49300.238659]                                     but it isn't seted ip , so close it
[49300.752940] accepted a http connect , new connect ip is  192.168.43.186
[49300.759713]                           old connect ip is  192.168.43.237
[49300.766424]                                     but it isn't seted ip , so close it
[49301.288826] accepted a http connect , new connect ip is  192.168.43.186
[49301.295633]                           old connect ip is  192.168.43.237
[49301.302338]                                     but it isn't seted ip , so close it
[49301.828692] accepted a http connect , new connect ip is  192.168.43.186
[49301.835483]                           old connect ip is  192.168.43.237
[49301.842140]                                     but it isn't seted ip , so close it
[49302.358627] accepted a http connect , new connect ip is  192.168.43.186
[49302.365375]                           old connect ip is  192.168.43.237
[49302.372029]                                     but it isn't seted ip , so close it
[49302.888405] accepted a http connect , new connect ip is  192.168.43.186
[49302.895159]                           old connect ip is  192.168.43.237
[49302.901802]                                     but it isn't seted ip , so close it
[49303.418684] accepted a http connect , new connect ip is  192.168.43.186
[49303.425457]                           old connect ip is  192.168.43.237
[49303.432131]                                     but it isn't seted ip , so close it
[49303.958922] accepted a http connect , new connect ip is  192.168.43.186
[49303.965681]                           old connect ip is  192.168.43.237
[49303.972361]                                     but it isn't seted ip , so close it
[49304.498729] accepted a http connect , new connect ip is  192.168.43.186
[49304.505424]                           old connect ip is  192.168.43.237
[49304.512077]                                     but it isn't seted ip , so close it
[49305.028532] accepted a http connect , new connect ip is  192.168.43.186
[49305.035190]                           old connect ip is  192.168.43.237
[49305.041830]                                     but it isn't seted ip , so close it
[49305.558632] accepted a http connect , new connect ip is  192.168.43.186
[49305.565286]                           old connect ip is  192.168.43.237
[49305.571924]                                     but it isn't seted ip , so close it
[49306.083703] accepted a http connect , new connect ip is  192.168.43.186
[49306.090366]                           old connect ip is  192.168.43.237
[49306.097003]                                     but it isn't seted ip , so close it
[49306.622633] accepted a http connect , new connect ip is  192.168.43.186
[49306.629353]                           old connect ip is  192.168.43.237
[49306.636004]                                     but it isn't seted ip , so close it
[49307.148785] accepted a http connect , new connect ip is  192.168.43.186
[49307.155466]                           old connect ip is  192.168.43.237
[49307.162099]                                     but it isn't seted ip , so close it
[49307.688919] accepted a http connect , new connect ip is  192.168.43.186
[49307.695620]                           old connect ip is  192.168.43.237
[49307.702259]                                     but it isn't seted ip , so close it
[49308.215681] accepted a http connect , new connect ip is  192.168.43.186
[49308.222451]                           old connect ip is  192.168.43.237
[49308.229136]                                     but it isn't seted ip , so close it
[49308.748737] accepted a http connect , new connect ip is  192.168.43.186
[49308.755500]                           old connect ip is  192.168.43.237
[49308.762154]                                     but it isn't seted ip , so close it
[49309.288627] accepted a http connect , new connect ip is  192.168.43.186
[49309.295414]                           old connect ip is  192.168.43.237
[49309.302215]                                     but it isn't seted ip , so close it
[49309.820260] accepted a http connect , new connect ip is  192.168.43.186
[49309.827059]                           old connect ip is  192.168.43.237
[49309.833720]                                     but it isn't seted ip , so close it
[49310.349785] accepted a http connect , new connect ip is  192.168.43.186
[49310.356544]                           old connect ip is  192.168.43.237
[49310.363218]                                     but it isn't seted ip , so close it
[49310.888784] accepted a http connect , new connect ip is  192.168.43.186
[49310.895541]                           old connect ip is  192.168.43.237
[49310.902193]                                     but it isn't seted ip , so close it
[49311.428614] accepted a http connect , new connect ip is  192.168.43.186
[49311.435391]                           old connect ip is  192.168.43.237
[49311.442046]                                     but it isn't seted ip , so close it
[49311.958832] accepted a http connect , new connect ip is  192.168.43.186
[49311.965696]                           old connect ip is  192.168.43.237
[49311.972383]                                     but it isn't seted ip , so close it
[49312.488609] accepted a http connect , new connect ip is  192.168.43.186
[49312.495395]                           old connect ip is  192.168.43.237
[49312.502083]                                     but it isn't seted ip , so close it
[49313.029939] accepted a http connect , new connect ip is  192.168.43.186
[49313.036759]                           old connect ip is  192.168.43.237
[49313.043416]                                     but it isn't seted ip , so close it
[49313.568751] accepted a http connect , new connect ip is  192.168.43.186
[49313.575544]                           old connect ip is  192.168.43.237
[49313.582234]                                     but it isn't seted ip , so close it
[49314.094660] accepted a http connect , new connect ip is  192.168.43.186
[49314.101381]                           old connect ip is  192.168.43.237
[49314.108044]                                     but it isn't seted ip , so close it
[49314.628645] accepted a http connect , new connect ip is  192.168.43.186
[49314.635388]                           old connect ip is  192.168.43.237
[49314.642057]                                     but it isn't seted ip , so close it
[49315.154468] accepted a http connect , new connect ip is  192.168.43.186
[49315.161189]                           old connect ip is  192.168.43.237
[49315.167837]                                     but it isn't seted ip , so close it
[49315.688709] accepted a http connect , new connect ip is  192.168.43.186
[49315.695506]                           old connect ip is  192.168.43.237
[49315.702158]                                     but it isn't seted ip , so close it
[49316.215222] accepted a http connect , new connect ip is  192.168.43.186
[49316.221995]                           old connect ip is  192.168.43.237
[49316.228685]                                     but it isn't seted ip , so close it
[49316.748912] accepted a http connect , new connect ip is  192.168.43.186
[49316.755770]                           old connect ip is  192.168.43.237
[49316.762456]                                     but it isn't seted ip , so close it
[49317.277565] accepted a http connect , new connect ip is  192.168.43.186
[49317.284317]                           old connect ip is  192.168.43.237
[49317.290973]                                     but it isn't seted ip , so close it
[49317.808648] accepted a http connect , new connect ip is  192.168.43.186
[49317.815420]                           old connect ip is  192.168.43.237
[49317.822078]                                     but it isn't seted ip , so close it
[49318.336781] accepted a http connect , new connect ip is  192.168.43.186
[49318.343596]                           old connect ip is  192.168.43.237
[49318.350284]                                     but it isn't seted ip , so close it
[49318.864269] accepted a http connect , new connect ip is  192.168.43.186
[49318.871083]                           old connect ip is  192.168.43.237
[49318.877752]                                     but it isn't seted ip , so close it
[49319.392401] accepted a http connect , new connect ip is  192.168.43.186
[49319.399175]                           old connect ip is  192.168.43.237
[49319.405830]                                     but it isn't seted ip , so close it
[49319.928657] accepted a http connect , new connect ip is  192.168.43.186
[49319.935476]                           old connect ip is  192.168.43.237
[49319.942138]                                     but it isn't seted ip , so close it
[49320.458513] accepted a http connect , new connect ip is  192.168.43.186
[49320.465265]                           old connect ip is  192.168.43.237
[49320.471938]                                     but it isn't seted ip , so close it
[49320.988378] accepted a http connect , new connect ip is  192.168.43.186
[49320.995129]                           old connect ip is  192.168.43.237
[49321.001799]                                     but it isn't seted ip , so close it
[49321.518643] accepted a http connect , new connect ip is  192.168.43.186
[49321.525434]                           old connect ip is  192.168.43.237
[49321.532101]                                     but it isn't seted ip , so close it
[49322.048517] accepted a http connect , new connect ip is  192.168.43.186
[49322.055289]                           old connect ip is  192.168.43.237
[49322.061944]                                     but it isn't seted ip , so close it
[49322.588589] accepted a http connect , new connect ip is  192.168.43.186
[49322.595369]                           old connect ip is  192.168.43.237
[49322.602029]                                     but it isn't seted ip , so close it
[49323.115907] accepted a http connect , new connect ip is  192.168.43.186
[49323.122666]                           old connect ip is  192.168.43.237
[49323.129311]                                     but it isn't seted ip , so close it
[49323.648494] accepted a http connect , new connect ip is  192.168.43.186
[49323.655266]                           old connect ip is  192.168.43.237
[49323.661910]                                     but it isn't seted ip , so close it
[49324.174444] accepted a http connect , new connect ip is  192.168.43.186
[49324.181165]                           old connect ip is  192.168.43.237
[49324.187834]                                     but it isn't seted ip , so close it
[49324.708401] accepted a http connect , new connect ip is  192.168.43.186
[49324.715223]                           old connect ip is  192.168.43.237
[49324.721876]                                     but it isn't seted ip , so close it
[49325.239338] accepted a http connect , new connect ip is  192.168.43.186
[49325.246139]                           old connect ip is  192.168.43.237
[49325.252818]                                     but it isn't seted ip , so close it
[49325.778524] accepted a http connect , new connect ip is  192.168.43.186
[49325.785262]                           old connect ip is  192.168.43.237
[49325.791962]                                     but it isn't seted ip , so close it
[49326.305107] accepted a http connect , new connect ip is  192.168.43.186
[49326.311890]                           old connect ip is  192.168.43.237
[49326.318576]                                     but it isn't seted ip , so close it
[49326.838493] accepted a http connect , new connect ip is  192.168.43.186
[49326.845228]                           old connect ip is  192.168.43.237
[49326.851897]                                     but it isn't seted ip , so close it
[49327.368449] accepted a http connect , new connect ip is  192.168.43.186
[49327.375227]                           old connect ip is  192.168.43.237
[49327.381875]                                     but it isn't seted ip , so close it
[49327.898599] accepted a http connect , new connect ip is  192.168.43.186
[49327.905344]                           old connect ip is  192.168.43.237
[49327.911996]                                     but it isn't seted ip , so close it
[49328.428606] accepted a http connect , new connect ip is  192.168.43.186
[49328.435380]                           old connect ip is  192.168.43.237
[49328.442067]                                     but it isn't seted ip , so close it
[49328.958710] accepted a http connect , new connect ip is  192.168.43.186
[49328.965460]                           old connect ip is  192.168.43.237
[49328.972127]                                     but it isn't seted ip , so close it
[49329.498349] accepted a http connect , new connect ip is  192.168.43.186
[49329.505102]                           old connect ip is  192.168.43.237
[49329.511757]                                     but it isn't seted ip , so close it
[49330.028532] accepted a http connect , new connect ip is  192.168.43.186
[49330.035338]                           old connect ip is  192.168.43.237
[49330.041980]                                     but it isn't seted ip , so close it
[49330.556220] accepted a http connect , new connect ip is  192.168.43.186
[49330.563036]                           old connect ip is  192.168.43.237
[49330.569718]                                     but it isn't seted ip , so close it
[49331.091786] accepted a http connect , new connect ip is  192.168.43.186
[49331.098648]                           old connect ip is  192.168.43.237
[49331.105367]                                     but it isn't seted ip , so close it
[49331.629433] accepted a http connect , new connect ip is  192.168.43.186
[49331.636224]                           old connect ip is  192.168.43.237
[49331.642889]                                     but it isn't seted ip , so close it
[49332.156557] accepted a http connect , new connect ip is  192.168.43.186
[49332.163354]                           old connect ip is  192.168.43.237
[49332.170015]                                     but it isn't seted ip , so close it
[49332.688494] accepted a http connect , new connect ip is  192.168.43.186
[49332.695268]                           old connect ip is  192.168.43.237
[49332.701929]                                     but it isn't seted ip , so close it
[49333.216280] accepted a http connect , new connect ip is  192.168.43.186
[49333.223019]                           old connect ip is  192.168.43.237
[49333.229684]                                     but it isn't seted ip , so close it
[49333.748379] accepted a http connect , new connect ip is  192.168.43.186
[49333.755141]                           old connect ip is  192.168.43.237
[49333.761828]                                     but it isn't seted ip , so close it
[49334.274195] accepted a http connect , new connect ip is  192.168.43.186
[49334.280978]                           old connect ip is  192.168.43.237
[49334.287668]                                     but it isn't seted ip , so close it
[49334.808327] accepted a http connect , new connect ip is  192.168.43.186
[49334.815077]                           old connect ip is  192.168.43.237
[49334.821739]                                     but it isn't seted ip , so close it
[49335.338411] accepted a http connect , new connect ip is  192.168.43.186
[49335.345155]                           old connect ip is  192.168.43.237
[49335.351851]                                     but it isn't seted ip , so close it
[49335.868387] accepted a http connect , new connect ip is  192.168.43.186
[49335.875159]                           old connect ip is  192.168.43.237
[49335.881807]                                     but it isn't seted ip , so close it
[49336.398657] accepted a http connect , new connect ip is  192.168.43.186
[49336.405536]                           old connect ip is  192.168.43.237
[49336.412277]                                     but it isn't seted ip , so close it
[49336.938542] accepted a http connect , new connect ip is  192.168.43.186
[49336.945300]                           old connect ip is  192.168.43.237
[49336.952127]                                     but it isn't seted ip , so close it
[49337.478581] accepted a http connect , new connect ip is  192.168.43.186
[49337.485423]                           old connect ip is  192.168.43.237
[49337.492089]                                     but it isn't seted ip , so close it
[49338.008474] accepted a http connect , new connect ip is  192.168.43.186
[49338.015254]                           old connect ip is  192.168.43.237
[49338.021903]                                     but it isn't seted ip , so close it
[49338.548320] accepted a http connect , new connect ip is  192.168.43.186
[49338.555083]                           old connect ip is  192.168.43.237
[49338.561726]                                     but it isn't seted ip , so close it
[49339.078371] accepted a http connect , new connect ip is  192.168.43.186
[49339.085105]                           old connect ip is  192.168.43.237
[49339.091748]                                     but it isn't seted ip , so close it
[49339.618388] accepted a http connect , new connect ip is  192.168.43.186
[49339.625123]                           old connect ip is  192.168.43.237
[49339.631797]                                     but it isn't seted ip , so close it
[49340.144491] accepted a http connect , new connect ip is  192.168.43.186
[49340.151446]                           old connect ip is  192.168.43.237
[49340.158150]                                     but it isn't seted ip , so close it
[49340.678524] accepted a http connect , new connect ip is  192.168.43.186
[49340.685282]                           old connect ip is  192.168.43.237
[49340.691958]                                     but it isn't seted ip , so close it
[49341.204501] accepted a http connect , new connect ip is  192.168.43.186
[49341.211236]                           old connect ip is  192.168.43.237
[49341.217896]                                     but it isn't seted ip , so close it
[49341.738332] accepted a http connect , new connect ip is  192.168.43.186
[49341.745123]                           old connect ip is  192.168.43.237
[49341.751817]                                     but it isn't seted ip , so close it
[49342.265651] accepted a http connect , new connect ip is  192.168.43.186
[49342.272806]                           old connect ip is  192.168.43.237
[49342.279714]                                     but it isn't seted ip , so close it
[49342.796533] accepted a http connect , new connect ip is  192.168.43.186
[49342.803300]                           old connect ip is  192.168.43.237
[49342.809991]                                     but it isn't seted ip , so close it
[49343.324594] accepted a http connect , new connect ip is  192.168.43.186
[49343.331385]                           old connect ip is  192.168.43.237
[49343.338159]                                     but it isn't seted ip , so close it
[49343.861123] accepted a http connect , new connect ip is  192.168.43.186
[49343.867888]                           old connect ip is  192.168.43.237
[49343.874617]                                     but it isn't seted ip , so close it
[49344.398480] accepted a http connect , new connect ip is  192.168.43.186
[49344.405256]                           old connect ip is  192.168.43.237
[49344.411961]                                     but it isn't seted ip , so close it
[49344.938218] accepted a http connect , new connect ip is  192.168.43.186
[49344.944945]                           old connect ip is  192.168.43.237
[49344.951610]                                     but it isn't seted ip , so close it
[49345.468190] accepted a http connect , new connect ip is  192.168.43.186
[49345.474958]                           old connect ip is  192.168.43.237
[49345.481608]                                     but it isn't seted ip , so close it
[49345.998250] accepted a http connect , new connect ip is  192.168.43.186
[49346.004919]                           old connect ip is  192.168.43.237
[49346.011547]                                     but it isn't seted ip , so close it
[49346.528285] accepted a http connect , new connect ip is  192.168.43.186
[49346.535060]                           old connect ip is  192.168.43.237
[49346.541708]                                     but it isn't seted ip , so close it
[49347.058528] accepted a http connect , new connect ip is  192.168.43.186
[49347.065318]                           old connect ip is  192.168.43.237
[49347.071999]                                     but it isn't seted ip , so close it
[49347.588593] accepted a http connect , new connect ip is  192.168.43.186
[49347.595621]                           old connect ip is  192.168.43.237
[49347.602326]                                     but it isn't seted ip , so close it
[49348.120990] accepted a http connect , new connect ip is  192.168.43.186
[49348.127747]                           old connect ip is  192.168.43.237
[49348.134417]                                     but it isn't seted ip , so close it
[49348.658496] accepted a http connect , new connect ip is  192.168.43.186
[49348.665267]                           old connect ip is  192.168.43.237
[49348.671963]                                     but it isn't seted ip , so close it
[49349.186326] accepted a http connect , new connect ip is  192.168.43.186
[49349.193158]                           old connect ip is  192.168.43.237
[49349.199814]                                     but it isn't seted ip , so close it
[49349.718299] accepted a http connect , new connect ip is  192.168.43.186
[49349.725030]                           old connect ip is  192.168.43.237
[49349.731703]                                     but it isn't seted ip , so close it
[49350.244689] accepted a http connect , new connect ip is  192.168.43.186
[49350.251451]                           old connect ip is  192.168.43.237
[49350.258264]                                     but it isn't seted ip , so close it
[49350.778276] accepted a http connect , new connect ip is  192.168.43.186
[49350.785114]                           old connect ip is  192.168.43.237
[49350.791855]                                     but it isn't seted ip , so close it
[49351.303717] accepted a http connect , new connect ip is  192.168.43.186
[49351.310460]                           old connect ip is  192.168.43.237
[49351.317113]                                     but it isn't seted ip , so close it
[49351.838528] accepted a http connect , new connect ip is  192.168.43.186
[49351.845281]                           old connect ip is  192.168.43.237
[49351.851943]                                     but it isn't seted ip , so close it
[49352.368169] accepted a http connect , new connect ip is  192.168.43.186
[49352.374922]                           old connect ip is  192.168.43.237
[49352.381570]                                     but it isn't seted ip , so close it
[49352.898214] accepted a http connect , new connect ip is  192.168.43.186
[49352.904953]                           old connect ip is  192.168.43.237
[49352.911611]                                     but it isn't seted ip , so close it
[49353.428446] accepted a http connect , new connect ip is  192.168.43.186
[49353.435290]                           old connect ip is  192.168.43.237
[49353.441997]                                     but it isn't seted ip , so close it
[49353.955118] accepted a http connect , new connect ip is  192.168.43.186
[49353.961872]                           old connect ip is  192.168.43.237
[49353.968535]                                     but it isn't seted ip , so close it
[49354.498484] accepted a http connect , new connect ip is  192.168.43.186
[49354.505284]                           old connect ip is  192.168.43.237
[49354.511962]                                     but it isn't seted ip , so close it
[49355.038539] accepted a http connect , new connect ip is  192.168.43.186
[49355.045337]                           old connect ip is  192.168.43.237
[49355.051996]                                     but it isn't seted ip , so close it
[49355.578294] accepted a http connect , new connect ip is  192.168.43.186
[49355.585098]                           old connect ip is  192.168.43.237
[49355.591781]                                     but it isn't seted ip , so close it
[49356.118214] accepted a http connect , new connect ip is  192.168.43.186
[49356.124982]                           old connect ip is  192.168.43.237
[49356.131701]                                     but it isn't seted ip , so close it
[49356.658163] accepted a http connect , new connect ip is  192.168.43.186
[49356.664894]                           old connect ip is  192.168.43.237
[49356.671575]                                     but it isn't seted ip , so close it
[49357.184243] accepted a http connect , new connect ip is  192.168.43.186
[49357.190988]                           old connect ip is  192.168.43.237
[49357.197649]                                     but it isn't seted ip , so close it
[49357.712153] accepted a http connect , new connect ip is  192.168.43.186
[49357.718953]                           old connect ip is  192.168.43.237
[49357.725597]                                     but it isn't seted ip , so close it
[49358.238356] accepted a http connect , new connect ip is  192.168.43.186
[49358.245118]                           old connect ip is  192.168.43.237
[49358.251777]                                     but it isn't seted ip , so close it
[49358.768010] accepted a http connect , new connect ip is  192.168.43.186
[49358.774774]                           old connect ip is  192.168.43.237
[49358.781434]                                     but it isn't seted ip , so close it
[49359.294182] accepted a http connect , new connect ip is  192.168.43.186
[49359.300860]                           old connect ip is  192.168.43.237
[49359.307513]                                     but it isn't seted ip , so close it
[49359.828487] accepted a http connect , new connect ip is  192.168.43.186
[49359.835346]                           old connect ip is  192.168.43.237
[49359.842022]                                     but it isn't seted ip , so close it
[49360.358265] accepted a http connect , new connect ip is  192.168.43.186
[49360.365047]                           old connect ip is  192.168.43.237
[49360.371713]                                     but it isn't seted ip , so close it
[49360.898309] accepted a http connect , new connect ip is  192.168.43.186
[49360.905075]                           old connect ip is  192.168.43.237
[49360.911793]                                     but it isn't seted ip , so close it
[49361.438229] accepted a http connect , new connect ip is  192.168.43.186
[49361.444955]                           old connect ip is  192.168.43.237
[49361.451625]                                     but it isn't seted ip , so close it
[49361.968190] accepted a http connect , new connect ip is  192.168.43.186
[49361.974952]                           old connect ip is  192.168.43.237
[49361.981596]                                     but it isn't seted ip , so close it
[49362.498296] accepted a http connect , new connect ip is  192.168.43.186
[49362.505025]                           old connect ip is  192.168.43.237
[49362.511704]                                     but it isn't seted ip , so close it
[49363.028261] accepted a http connect , new connect ip is  192.168.43.186
[49363.035020]                           old connect ip is  192.168.43.237
[49363.041664]                                     but it isn't seted ip , so close it
[49363.558064] accepted a http connect , new connect ip is  192.168.43.186
[49363.564832]                           old connect ip is  192.168.43.237
[49363.571476]                                     but it isn't seted ip , so close it
[49364.088085] accepted a http connect , new connect ip is  192.168.43.186
[49364.094864]                           old connect ip is  192.168.43.237
[49364.101527]                                     but it isn't seted ip , so close it
[49364.628128] accepted a http connect , new connect ip is  192.168.43.186
[49364.634886]                           old connect ip is  192.168.43.237
[49364.641562]                                     but it isn't seted ip , so close it
[49365.155001] accepted a http connect , new connect ip is  192.168.43.186
[49365.161760]                           old connect ip is  192.168.43.237
[49365.168499]                                     but it isn't seted ip , so close it
[49365.684190] accepted a http connect , new connect ip is  192.168.43.186
[49365.690939]                           old connect ip is  192.168.43.237
[49365.697607]                                     but it isn't seted ip , so close it
[49366.210680] accepted a http connect , new connect ip is  192.168.43.186
[49366.217439]                           old connect ip is  192.168.43.237
[49366.224102]                                     but it isn't seted ip , so close it
[49366.740505] accepted a http connect , new connect ip is  192.168.43.186
[49366.747651]                           old connect ip is  192.168.43.237
[49366.754402]                                     but it isn't seted ip , so close it
[49367.272883] accepted a http connect , new connect ip is  192.168.43.186
[49367.279714]                           old connect ip is  192.168.43.237
[49367.286392]                                     but it isn't seted ip , so close it
[49367.808018] accepted a http connect , new connect ip is  192.168.43.186
[49367.814766]                           old connect ip is  192.168.43.237
[49367.821432]                                     but it isn't seted ip , so close it
[49368.336502] accepted a http connect , new connect ip is  192.168.43.186
[49368.343238]                           old connect ip is  192.168.43.237
[49368.349904]                                     but it isn't seted ip , so close it
[49368.868191] accepted a http connect , new connect ip is  192.168.43.186
[49368.874955]                           old connect ip is  192.168.43.237
[49368.881602]                                     but it isn't seted ip , so close it
[49369.398243] accepted a http connect , new connect ip is  192.168.43.186
[49369.405071]                           old connect ip is  192.168.43.237
[49369.411737]                                     but it isn't seted ip , so close it
[49369.938079] accepted a http connect , new connect ip is  192.168.43.186
[49369.944917]                           old connect ip is  192.168.43.237
[49369.951618]                                     but it isn't seted ip , so close it
[49370.468024] accepted a http connect , new connect ip is  192.168.43.186
[49370.474797]                           old connect ip is  192.168.43.237
[49370.481453]                                     but it isn't seted ip , so close it
[49370.998176] accepted a http connect , new connect ip is  192.168.43.186
[49371.004910]                           old connect ip is  192.168.43.237
[49371.011572]                                     but it isn't seted ip , so close it
[49371.528008] accepted a http connect , new connect ip is  192.168.43.186
[49371.534787]                           old connect ip is  192.168.43.237
[49371.541439]                                     but it isn't seted ip , so close it
[49372.058084] accepted a http connect , new connect ip is  192.168.43.186
[49372.064846]                           old connect ip is  192.168.43.237
[49372.071634]                                     but it isn't seted ip , so close it
[49372.587871] accepted a http connect , new connect ip is  192.168.43.186
[49372.594651]                           old connect ip is  192.168.43.237
[49372.601319]                                     but it isn't seted ip , so close it
[49373.118242] accepted a http connect , new connect ip is  192.168.43.186
[49373.124996]                           old connect ip is  192.168.43.237
[49373.131654]                                     but it isn't seted ip , so close it
[49373.658010] accepted a http connect , new connect ip is  192.168.43.186
[49373.664771]                           old connect ip is  192.168.43.237
[49373.671427]                                     but it isn't seted ip , so close it
[49374.183907] accepted a http connect , new connect ip is  192.168.43.186
[49374.190677]                           old connect ip is  192.168.43.237
[49374.197349]                                     but it isn't seted ip , so close it
[49374.717934] accepted a http connect , new connect ip is  192.168.43.186
[49374.724684]                           old connect ip is  192.168.43.237
[49374.731347]                                     but it isn't seted ip , so close it
[49375.244187] accepted a http connect , new connect ip is  192.168.43.186
[49375.250950]                           old connect ip is  192.168.43.237
[49375.257652]                                     but it isn't seted ip , so close it
[49375.775355] accepted a http connect , new connect ip is  192.168.43.186
[49375.782229]                           old connect ip is  192.168.43.237
[49375.788914]                                     but it isn't seted ip , so close it
[49376.302160] accepted a http connect , new connect ip is  192.168.43.186
[49376.308917]                           old connect ip is  192.168.43.237
[49376.315660]                                     but it isn't seted ip , so close it
[49376.828950] accepted a http connect , new connect ip is  192.168.43.186
[49376.835779]                           old connect ip is  192.168.43.237
[49376.842437]                                     but it isn't seted ip , so close it
[49377.355621] accepted a http connect , new connect ip is  192.168.43.186
[49377.362305]                           old connect ip is  192.168.43.237
[49377.368974]                                     but it isn't seted ip , so close it
[49377.888339] accepted a http connect , new connect ip is  192.168.43.186
[49377.894995]                           old connect ip is  192.168.43.237
[49377.901644]                                     but it isn't seted ip , so close it
[49378.418406] accepted a http connect , new connect ip is  192.168.43.186
[49378.425082]                           old connect ip is  192.168.43.237
[49378.431726]                                     but it isn't seted ip , so close it
[49378.948320] accepted a http connect , new connect ip is  192.168.43.186
[49378.954995]                           old connect ip is  192.168.43.237
[49378.961644]                                     but it isn't seted ip , so close it
[49379.488081] accepted a http connect , new connect ip is  192.168.43.186
[49379.494827]                           old connect ip is  192.168.43.237
[49379.501497]                                     but it isn't seted ip , so close it
[49380.028079] accepted a http connect , new connect ip is  192.168.43.186
[49380.034870]                           old connect ip is  192.168.43.237
[49380.041518]                                     but it isn't seted ip , so close it
[49380.558020] accepted a http connect , new connect ip is  192.168.43.186
[49380.564786]                           old connect ip is  192.168.43.237
[49380.571438]                                     but it isn't seted ip , so close it
[49381.087831] accepted a http connect , new connect ip is  192.168.43.186
[49381.094581]                           old connect ip is  192.168.43.237
[49381.101229]                                     but it isn't seted ip , so close it
[49381.618055] accepted a http connect , new connect ip is  192.168.43.186
[49381.624836]                           old connect ip is  192.168.43.237
[49381.631512]                                     but it isn't seted ip , so close it
[49382.148015] accepted a http connect , new connect ip is  192.168.43.186
[49382.154777]                           old connect ip is  192.168.43.237
[49382.161478]                                     but it isn't seted ip , so close it
[49382.679301] accepted a http connect , new connect ip is  192.168.43.186
[49382.686070]                           old connect ip is  192.168.43.237
[49382.692771]                                     but it isn't seted ip , so close it
[49383.205651] accepted a http connect , new connect ip is  192.168.43.186
[49383.212391]                           old connect ip is  192.168.43.237
[49383.219085]                                     but it isn't seted ip , so close it
[49383.737882] accepted a http connect , new connect ip is  192.168.43.186
[49383.744707]                           old connect ip is  192.168.43.237
[49383.751405]                                     but it isn't seted ip , so close it
[49384.264274] accepted a http connect , new connect ip is  192.168.43.186
[49384.271031]                           old connect ip is  192.168.43.237
[49384.277688]                                     but it isn't seted ip , so close it
[49384.798176] accepted a http connect , new connect ip is  192.168.43.186
[49384.805047]                           old connect ip is  192.168.43.237
[49384.811719]                                     but it isn't seted ip , so close it
[49385.328300] accepted a http connect , new connect ip is  192.168.43.186
[49385.335099]                           old connect ip is  192.168.43.237
[49385.341746]                                     but it isn't seted ip , so close it
[49385.867864] accepted a http connect , new connect ip is  192.168.43.186
[49385.874624]                           old connect ip is  192.168.43.237
[49385.881282]                                     but it isn't seted ip , so close it
[49386.397949] accepted a http connect , new connect ip is  192.168.43.186
[49386.404719]                           old connect ip is  192.168.43.237
[49386.411364]                                     but it isn't seted ip , so close it
[49386.927732] accepted a http connect , new connect ip is  192.168.43.186
[49386.934512]                           old connect ip is  192.168.43.237
[49386.941156]                                     but it isn't seted ip , so close it
[49387.458049] accepted a http connect , new connect ip is  192.168.43.186
[49387.464803]                           old connect ip is  192.168.43.237
[49387.471574]                                     but it isn't seted ip , so close it
[49387.984537] accepted a http connect , new connect ip is  192.168.43.186
[49387.991310]                           old connect ip is  192.168.43.237
[49387.998001]                                     but it isn't seted ip , so close it
[49388.518041] accepted a http connect , new connect ip is  192.168.43.186
[49388.524832]                           old connect ip is  192.168.43.237
[49388.531481]                                     but it isn't seted ip , so close it
[49389.044438] accepted a http connect , new connect ip is  192.168.43.186
[49389.051200]                           old connect ip is  192.168.43.237
[49389.057887]                                     but it isn't seted ip , so close it
[49389.577980] accepted a http connect , new connect ip is  192.168.43.186
[49389.584731]                           old connect ip is  192.168.43.237
[49389.591391]                                     but it isn't seted ip , so close it
[49390.107856] accepted a http connect , new connect ip is  192.168.43.186
[49390.114618]                           old connect ip is  192.168.43.237
[49390.121264]                                     but it isn't seted ip , so close it
[49390.638247] accepted a http connect , new connect ip is  192.168.43.186
[49390.645020]                           old connect ip is  192.168.43.237
[49390.651698]                                     but it isn't seted ip , so close it
[49391.179254] accepted a http connect , new connect ip is  192.168.43.186
[49391.186092]                           old connect ip is  192.168.43.237
[49391.192766]                                     but it isn't seted ip , so close it
[49391.717821] accepted a http connect , new connect ip is  192.168.43.186
[49391.724572]                           old connect ip is  192.168.43.237
[49391.731235]                                     but it isn't seted ip , so close it
[49392.244239] accepted a http connect , new connect ip is  192.168.43.186
[49392.250984]                           old connect ip is  192.168.43.237
[49392.257638]                                     but it isn't seted ip , so close it
[49392.777839] accepted a http connect , new connect ip is  192.168.43.186
[49392.784581]                           old connect ip is  192.168.43.237
[49392.791255]                                     but it isn't seted ip , so close it
[49393.303836] accepted a http connect , new connect ip is  192.168.43.186
[49393.310705]                           old connect ip is  192.168.43.237
[49393.317400]                                     but it isn't seted ip , so close it
[49393.834654] accepted a http connect , new connect ip is  192.168.43.186
[49393.841414]                           old connect ip is  192.168.43.237
[49393.848063]                                     but it isn't seted ip , so close it
[49394.361822] accepted a http connect , new connect ip is  192.168.43.186
[49394.368557]                           old connect ip is  192.168.43.237
[49394.375214]                                     but it isn't seted ip , so close it
[49394.898715] accepted a http connect , new connect ip is  192.168.43.186
[49394.905492]                           old connect ip is  192.168.43.237
[49394.912169]                                     but it isn't seted ip , so close it
[49395.437944] accepted a http connect , new connect ip is  192.168.43.186
[49395.444709]                           old connect ip is  192.168.43.237
[49395.451363]                                     but it isn't seted ip , so close it
[49395.967790] accepted a http connect , new connect ip is  192.168.43.186
[49395.974557]                           old connect ip is  192.168.43.237
[49395.981214]                                     but it isn't seted ip , so close it
[49396.501191] accepted a http connect , new connect ip is  192.168.43.186
[49396.507910]                           old connect ip is  192.168.43.237
[49396.514574]                                     but it isn't seted ip , so close it
[49397.037943] accepted a http connect , new connect ip is  192.168.43.186
[49397.044736]                           old connect ip is  192.168.43.237
[49397.051407]                                     but it isn't seted ip , so close it
[49397.577740] accepted a http connect , new connect ip is  192.168.43.186
[49397.584480]                           old connect ip is  192.168.43.237
[49397.591235]                                     but it isn't seted ip , so close it
[49398.107727] accepted a http connect , new connect ip is  192.168.43.186
[49398.114481]                           old connect ip is  192.168.43.237
[49398.121123]                                     but it isn't seted ip , so close it
[49398.637885] accepted a http connect , new connect ip is  192.168.43.186
[49398.644634]                           old connect ip is  192.168.43.237
[49398.651307]                                     but it isn't seted ip , so close it
[49399.167987] accepted a http connect , new connect ip is  192.168.43.186
[49399.174841]                           old connect ip is  192.168.43.237
[49399.181604]                                     but it isn't seted ip , so close it
[49399.707970] accepted a http connect , new connect ip is  192.168.43.186
[49399.714748]                           old connect ip is  192.168.43.237
[49399.721395]                                     but it isn't seted ip , so close it
[49400.236277] accepted a http connect , new connect ip is  192.168.43.186
[49400.243035]                           old connect ip is  192.168.43.237
[49400.249681]                                     but it isn't seted ip , so close it
[49400.767800] accepted a http connect , new connect ip is  192.168.43.186
[49400.774597]                           old connect ip is  192.168.43.237
[49400.781268]                                     but it isn't seted ip , so close it
[49401.295195] accepted a http connect , new connect ip is  192.168.43.186
[49401.301918]                           old connect ip is  192.168.43.237
[49401.308587]                                     but it isn't seted ip , so close it
[49401.827737] accepted a http connect , new connect ip is  192.168.43.186
[49401.834480]                           old connect ip is  192.168.43.237
[49401.841155]                                     but it isn't seted ip , so close it
[49402.357406] accepted a http connect , new connect ip is  192.168.43.186
[49402.364113]                           old connect ip is  192.168.43.237
[49402.370786]                                     but it isn't seted ip , so close it
[49402.885395] accepted a http connect , new connect ip is  192.168.43.186
[49402.892303]                           old connect ip is  192.168.43.237
[49402.898991]                                     but it isn't seted ip , so close it
[49403.414290] accepted a http connect , new connect ip is  192.168.43.186
[49403.421026]                           old connect ip is  192.168.43.237
[49403.427681]                                     but it isn't seted ip , so close it
[49403.948031] accepted a http connect , new connect ip is  192.168.43.186
[49403.954833]                           old connect ip is  192.168.43.237
[49403.961494]                                     but it isn't seted ip , so close it
[49404.477811] accepted a http connect , new connect ip is  192.168.43.186
[49404.484576]                           old connect ip is  192.168.43.237
[49404.491224]                                     but it isn't seted ip , so close it
[49405.007950] accepted a http connect , new connect ip is  192.168.43.186
[49405.014814]                           old connect ip is  192.168.43.237
[49405.021527]                                     but it isn't seted ip , so close it
[49405.537719] accepted a http connect , new connect ip is  192.168.43.186
[49405.544463]                           old connect ip is  192.168.43.237
[49405.551196]                                     but it isn't seted ip , so close it
[49406.077944] accepted a http connect , new connect ip is  192.168.43.186
[49406.084774]                           old connect ip is  192.168.43.237
[49406.091427]                                     but it isn't seted ip , so close it
[49406.607647] accepted a http connect , new connect ip is  192.168.43.186
[49406.614412]                           old connect ip is  192.168.43.237
[49406.621056]                                     but it isn't seted ip , so close it
[49407.137854] accepted a http connect , new connect ip is  192.168.43.186
[49407.144752]                           old connect ip is  192.168.43.237
[49407.151424]                                     but it isn't seted ip , so close it
[49407.677705] accepted a http connect , new connect ip is  192.168.43.186
[49407.684458]                           old connect ip is  192.168.43.237
[49407.691104]                                     but it isn't seted ip , so close it
[49408.210499] accepted a http connect , new connect ip is  192.168.43.186
[49408.217249]                           old connect ip is  192.168.43.237
[49408.223903]                                     but it isn't seted ip , so close it
[49408.749026] accepted a http connect , new connect ip is  192.168.43.186
[49408.755842]                           old connect ip is  192.168.43.237
[49408.762520]                                     but it isn't seted ip , so close it
[49409.277260] accepted a http connect , new connect ip is  192.168.43.186
[49409.284055]                           old connect ip is  192.168.43.237
[49409.290727]                                     but it isn't seted ip , so close it
[49409.807757] accepted a http connect , new connect ip is  192.168.43.186
[49409.814523]                           old connect ip is  192.168.43.237
[49409.821166]                                     but it isn't seted ip , so close it
[49410.333646] accepted a http connect , new connect ip is  192.168.43.186
[49410.340389]                           old connect ip is  192.168.43.237
[49410.347045]                                     but it isn't seted ip , so close it
[49410.867855] accepted a http connect , new connect ip is  192.168.43.186
[49410.874642]                           old connect ip is  192.168.43.237
[49410.881310]                                     but it isn't seted ip , so close it
[49411.394031] accepted a http connect , new connect ip is  192.168.43.186
[49411.400778]                           old connect ip is  192.168.43.237
[49411.407439]                                     but it isn't seted ip , so close it
[49411.919745] accepted a http connect , new connect ip is  192.168.43.186
[49411.926492]                           old connect ip is  192.168.43.237
[49411.933160]                                     but it isn't seted ip , so close it
[49412.446534] accepted a http connect , new connect ip is  192.168.43.186
[49412.453306]                           old connect ip is  192.168.43.237
[49412.459962]                                     but it isn't seted ip , so close it
[49412.977659] accepted a http connect , new connect ip is  192.168.43.186
[49412.984434]                           old connect ip is  192.168.43.237
[49412.991122]                                     but it isn't seted ip , so close it
[49413.507876] accepted a http connect , new connect ip is  192.168.43.186
[49413.514719]                           old connect ip is  192.168.43.237
[49413.521400]                                     but it isn't seted ip , so close it
[49414.037767] accepted a http connect , new connect ip is  192.168.43.186
[49414.044533]                           old connect ip is  192.168.43.237
[49414.051187]                                     but it isn't seted ip , so close it
[49414.567550] accepted a http connect , new connect ip is  192.168.43.186
[49414.574333]                           old connect ip is  192.168.43.237
[49414.580997]                                     but it isn't seted ip , so close it
[49415.108339] accepted a http connect , new connect ip is  192.168.43.186
[49415.115211]                           old connect ip is  192.168.43.237
[49415.121934]                                     but it isn't seted ip , so close it
[49415.647602] accepted a http connect , new connect ip is  192.168.43.186
[49415.654356]                           old connect ip is  192.168.43.237
[49415.661009]                                     but it isn't seted ip , so close it
[49416.177604] accepted a http connect , new connect ip is  192.168.43.186
[49416.184336]                           old connect ip is  192.168.43.237
[49416.191013]                                     but it isn't seted ip , so close it
[49416.707615] accepted a http connect , new connect ip is  192.168.43.186
[49416.714388]                           old connect ip is  192.168.43.237
[49416.721049]                                     but it isn't seted ip , so close it
[49417.234411] accepted a http connect , new connect ip is  192.168.43.186
[49417.241151]                           old connect ip is  192.168.43.237
[49417.247814]                                     but it isn't seted ip , so close it
[49417.767523] accepted a http connect , new connect ip is  192.168.43.186
[49417.774284]                           old connect ip is  192.168.43.237
[49417.780939]                                     but it isn't seted ip , so close it
[49418.293361] accepted a http connect , new connect ip is  192.168.43.186
[49418.300092]                           old connect ip is  192.168.43.237
[49418.306814]                                     but it isn't seted ip , so close it
[49418.827863] accepted a http connect , new connect ip is  192.168.43.186
[49418.834677]                           old connect ip is  192.168.43.237
[49418.841356]                                     but it isn't seted ip , so close it
[49419.354017] accepted a http connect , new connect ip is  192.168.43.186
[49419.360753]                           old connect ip is  192.168.43.237
[49419.367409]                                     but it isn't seted ip , so close it
[49419.880061] accepted a http connect , new connect ip is  192.168.43.186
[49419.886856]                           old connect ip is  192.168.43.237
[49419.893521]                                     but it isn't seted ip , so close it
[49420.406417] accepted a http connect , new connect ip is  192.168.43.186
[49420.413153]                           old connect ip is  192.168.43.237
[49420.419810]                                     but it isn't seted ip , so close it
[49420.939043] accepted a http connect , new connect ip is  192.168.43.186
[49420.945827]                           old connect ip is  192.168.43.237
[49420.952529]                                     but it isn't seted ip , so close it
[49421.477843] accepted a http connect , new connect ip is  192.168.43.186
[49421.484610]                           old connect ip is  192.168.43.237
[49421.491262]                                     but it isn't seted ip , so close it
[49422.007920] accepted a http connect , new connect ip is  192.168.43.186
[49422.014728]                           old connect ip is  192.168.43.237
[49422.021378]                                     but it isn't seted ip , so close it
[49422.547550] accepted a http connect , new connect ip is  192.168.43.186
[49422.554304]                           old connect ip is  192.168.43.237
[49422.560947]                                     but it isn't seted ip , so close it
[49423.073557] accepted a http connect , new connect ip is  192.168.43.186
[49423.080346]                           old connect ip is  192.168.43.237
[49423.087061]                                     but it isn't seted ip , so close it
[49423.600387] accepted a http connect , new connect ip is  192.168.43.186
[49423.607152]                           old connect ip is  192.168.43.237
[49423.613821]                                     but it isn't seted ip , so close it
[49424.130702] accepted a http connect , new connect ip is  192.168.43.186
[49424.137475]                           old connect ip is  192.168.43.237
[49424.144141]                                     but it isn't seted ip , so close it
[49424.657003] accepted a http connect , new connect ip is  192.168.43.186
[49424.663736]                           old connect ip is  192.168.43.237
[49424.670405]                                     but it isn't seted ip , so close it
[49425.187619] accepted a http connect , new connect ip is  192.168.43.186
[49425.194368]                           old connect ip is  192.168.43.237
[49425.201021]                                     but it isn't seted ip , so close it
[49425.717377] accepted a http connect , new connect ip is  192.168.43.186
[49425.724132]                           old connect ip is  192.168.43.237
[49425.730783]                                     but it isn't seted ip , so close it
[49426.243322] accepted a http connect , new connect ip is  192.168.43.186
[49426.250073]                           old connect ip is  192.168.43.237
[49426.256763]                                     but it isn't seted ip , so close it
[49426.777574] accepted a http connect , new connect ip is  192.168.43.186
[49426.784368]                           old connect ip is  192.168.43.237
[49426.791028]                                     but it isn't seted ip , so close it
[49427.310595] accepted a http connect , new connect ip is  192.168.43.186
[49427.317372]                           old connect ip is  192.168.43.237
[49427.324027]                                     but it isn't seted ip , so close it
[49427.847337] accepted a http connect , new connect ip is  192.168.43.186
[49427.854101]                           old connect ip is  192.168.43.237
[49427.860782]                                     but it isn't seted ip , so close it
[49428.373831] accepted a http connect , new connect ip is  192.168.43.186
[49428.380663]                           old connect ip is  192.168.43.237
[49428.387359]                                     but it isn't seted ip , so close it
[49428.907525] accepted a http connect , new connect ip is  192.168.43.186
[49428.914306]                           old connect ip is  192.168.43.237
[49428.921002]                                     but it isn't seted ip , so close it
[49429.433899] accepted a http connect , new connect ip is  192.168.43.186
[49429.440633]                           old connect ip is  192.168.43.237
[49429.447292]                                     but it isn't seted ip , so close it
[49429.967576] accepted a http connect , new connect ip is  192.168.43.186
[49429.974349]                           old connect ip is  192.168.43.237
[49429.981012]                                     but it isn't seted ip , so close it
[49430.497501] accepted a http connect , new connect ip is  192.168.43.186
[49430.504261]                           old connect ip is  192.168.43.237
[49430.510927]                                     but it isn't seted ip , so close it
[49431.037495] accepted a http connect , new connect ip is  192.168.43.186
[49431.044280]                           old connect ip is  192.168.43.237
[49431.050993]                                     but it isn't seted ip , so close it
[49431.567332] accepted a http connect , new connect ip is  192.168.43.186
[49431.574078]                           old connect ip is  192.168.43.237
[49431.580731]                                     but it isn't seted ip , so close it
[49432.097408] accepted a http connect , new connect ip is  192.168.43.186
[49432.104163]                           old connect ip is  192.168.43.237
[49432.110818]                                     but it isn't seted ip , so close it
[49432.627986] accepted a http connect , new connect ip is  192.168.43.186
[49432.634855]                           old connect ip is  192.168.43.237
[49432.641539]                                     but it isn't seted ip , so close it
[49433.167400] accepted a http connect , new connect ip is  192.168.43.186
[49433.174185]                           old connect ip is  192.168.43.237
[49433.180850]                                     but it isn't seted ip , so close it
[49433.707505] accepted a http connect , new connect ip is  192.168.43.186
[49433.714263]                           old connect ip is  192.168.43.237
[49433.720912]                                     but it isn't seted ip , so close it
[49434.240139] accepted a http connect , new connect ip is  192.168.43.186
[49434.246897]                           old connect ip is  192.168.43.237
[49434.253566]                                     but it isn't seted ip , so close it
[49434.777631] accepted a http connect , new connect ip is  192.168.43.186
[49434.784314]                           old connect ip is  192.168.43.237
[49434.790972]                                     but it isn't seted ip , so close it
[49435.303463] accepted a http connect , new connect ip is  192.168.43.186
[49435.310150]                           old connect ip is  192.168.43.237
[49435.316799]                                     but it isn't seted ip , so close it
[49435.837589] accepted a http connect , new connect ip is  192.168.43.186
[49435.844279]                           old connect ip is  192.168.43.237
[49435.850931]                                     but it isn't seted ip , so close it
[49436.364946] accepted a http connect , new connect ip is  192.168.43.186
[49436.371622]                           old connect ip is  192.168.43.237
[49436.378266]                                     but it isn't seted ip , so close it
[49436.897387] accepted a http connect , new connect ip is  192.168.43.186
[49436.904130]                           old connect ip is  192.168.43.237
[49436.910803]                                     but it isn't seted ip , so close it
[49437.423326] accepted a http connect , new connect ip is  192.168.43.186
[49437.430073]                           old connect ip is  192.168.43.237
[49437.436750]                                     but it isn't seted ip , so close it
[49437.957592] accepted a http connect , new connect ip is  192.168.43.186
[49437.964401]                           old connect ip is  192.168.43.237
[49437.971059]                                     but it isn't seted ip , so close it
[49438.487946] accepted a http connect , new connect ip is  192.168.43.186
[49438.494756]                           old connect ip is  192.168.43.237
[49438.501423]                                     but it isn't seted ip , so close it
[49439.016940] accepted a http connect , new connect ip is  192.168.43.186
[49439.023804]                           old connect ip is  192.168.43.237
[49439.030509]                                     but it isn't seted ip , so close it
[49439.557771] accepted a http connect , new connect ip is  192.168.43.186
[49439.564539]                           old connect ip is  192.168.43.237
[49439.571197]                                     but it isn't seted ip , so close it
[49440.087542] accepted a http connect , new connect ip is  192.168.43.186
[49440.094320]                           old connect ip is  192.168.43.237
[49440.101000]                                     but it isn't seted ip , so close it
[49440.617311] accepted a http connect , new connect ip is  192.168.43.186
[49440.624055]                           old connect ip is  192.168.43.237
[49440.630708]                                     but it isn't seted ip , so close it
[49441.147416] accepted a http connect , new connect ip is  192.168.43.186
[49441.154200]                           old connect ip is  192.168.43.237
[49441.160851]                                     but it isn't seted ip , so close it
[49441.677405] accepted a http connect , new connect ip is  192.168.43.186
[49441.684145]                           old connect ip is  192.168.43.237
[49441.690797]                                     but it isn't seted ip , so close it
[49442.207675] accepted a http connect , new connect ip is  192.168.43.186
[49442.214745]                           old connect ip is  192.168.43.237
[49442.221610]                                     but it isn't seted ip , so close it
[49442.747479] accepted a http connect , new connect ip is  192.168.43.186
[49442.754247]                           old connect ip is  192.168.43.237
[49442.760897]                                     but it isn't seted ip , so close it
[49443.276318] accepted a http connect , new connect ip is  192.168.43.186
[49443.283058]                           old connect ip is  192.168.43.237
[49443.289701]                                     but it isn't seted ip , so close it
[49443.807352] accepted a http connect , new connect ip is  192.168.43.186
[49443.814099]                           old connect ip is  192.168.43.237
[49443.820766]                                     but it isn't seted ip , so close it
[49444.333493] accepted a http connect , new connect ip is  192.168.43.186
[49444.340263]                           old connect ip is  192.168.43.237
[49444.346939]                                     but it isn't seted ip , so close it
[49444.867420] accepted a http connect , new connect ip is  192.168.43.186
[49444.874215]                           old connect ip is  192.168.43.237
[49444.880876]                                     but it isn't seted ip , so close it
[49445.399079] accepted a http connect , new connect ip is  192.168.43.186
[49445.405935]                           old connect ip is  192.168.43.237
[49445.412711]                                     but it isn't seted ip , so close it
[49445.937494] accepted a http connect , new connect ip is  192.168.43.186
[49445.944175]                           old connect ip is  192.168.43.237
[49445.950834]                                     but it isn't seted ip , so close it
[49446.462821] accepted a http connect , new connect ip is  192.168.43.186
[49446.469656]                           old connect ip is  192.168.43.237
[49446.476369]                                     but it isn't seted ip , so close it
[49446.990104] accepted a http connect , new connect ip is  192.168.43.186
[49446.996910]                           old connect ip is  192.168.43.237
[49447.003573]                                     but it isn't seted ip , so close it
[49447.516317] accepted a http connect , new connect ip is  192.168.43.186
[49447.523127]                           old connect ip is  192.168.43.237
[49447.529779]                                     but it isn't seted ip , so close it
[49448.047328] accepted a http connect , new connect ip is  192.168.43.186
[49448.054294]                           old connect ip is  192.168.43.237
[49448.060980]                                     but it isn't seted ip , so close it
[49448.587445] accepted a http connect , new connect ip is  192.168.43.186
[49448.594229]                           old connect ip is  192.168.43.237
[49448.600884]                                     but it isn't seted ip , so close it
[49449.117351] accepted a http connect , new connect ip is  192.168.43.186
[49449.124124]                           old connect ip is  192.168.43.237
[49449.130821]                                     but it isn't seted ip , so close it
[49449.647491] accepted a http connect , new connect ip is  192.168.43.186
[49449.654270]                           old connect ip is  192.168.43.237
[49449.660934]                                     but it isn't seted ip , so close it
[49450.177606] accepted a http connect , new connect ip is  192.168.43.186
[49450.184459]                           old connect ip is  192.168.43.237
[49450.191192]                                     but it isn't seted ip , so close it
[49450.717444] accepted a http connect , new connect ip is  192.168.43.186
[49450.724206]                           old connect ip is  192.168.43.237
[49450.730867]                                     but it isn't seted ip , so close it
[49451.258568] accepted a http connect , new connect ip is  192.168.43.186
[49451.265404]                           old connect ip is  192.168.43.237
[49451.272087]                                     but it isn't seted ip , so close it
[49451.797189] accepted a http connect , new connect ip is  192.168.43.186
[49451.803931]                           old connect ip is  192.168.43.237
[49451.810575]                                     but it isn't seted ip , so close it
[49452.323452] accepted a http connect , new connect ip is  192.168.43.186
[49452.330215]                           old connect ip is  192.168.43.237
[49452.336875]                                     but it isn't seted ip , so close it
[49452.857183] accepted a http connect , new connect ip is  192.168.43.186
[49452.863931]                           old connect ip is  192.168.43.237
[49452.870634]                                     but it isn't seted ip , so close it
[49453.383336] accepted a http connect , new connect ip is  192.168.43.186
[49453.390077]                           old connect ip is  192.168.43.237
[49453.396745]                                     but it isn't seted ip , so close it
[49453.917256] accepted a http connect , new connect ip is  192.168.43.186
[49453.924009]                           old connect ip is  192.168.43.237
[49453.930659]                                     but it isn't seted ip , so close it
[49454.443380] accepted a http connect , new connect ip is  192.168.43.186
[49454.450141]                           old connect ip is  192.168.43.237
[49454.456876]                                     but it isn't seted ip , so close it
[49454.977396] accepted a http connect , new connect ip is  192.168.43.186
[49454.984153]                           old connect ip is  192.168.43.237
[49454.990809]                                     but it isn't seted ip , so close it
[49455.507137] accepted a http connect , new connect ip is  192.168.43.186
[49455.513880]                           old connect ip is  192.168.43.237
[49455.520534]                                     but it isn't seted ip , so close it
[49456.037736] accepted a http connect , new connect ip is  192.168.43.186
[49456.044513]                           old connect ip is  192.168.43.237
[49456.051183]                                     but it isn't seted ip , so close it
[49456.568428] accepted a http connect , new connect ip is  192.168.43.186
[49456.575328]                           old connect ip is  192.168.43.237
[49456.582015]                                     but it isn't seted ip , so close it
[49457.098886] accepted a http connect , new connect ip is  192.168.43.186
[49457.105642]                           old connect ip is  192.168.43.237
[49457.112330]                                     but it isn't seted ip , so close it
[49457.637255] accepted a http connect , new connect ip is  192.168.43.186
[49457.644012]                           old connect ip is  192.168.43.237
[49457.650664]                                     but it isn't seted ip , so close it
[49458.167194] accepted a http connect , new connect ip is  192.168.43.186
[49458.173942]                           old connect ip is  192.168.43.237
[49458.180622]                                     but it isn't seted ip , so close it
[49458.697227] accepted a http connect , new connect ip is  192.168.43.186
[49458.704420]                           old connect ip is  192.168.43.237
[49458.711106]                                     but it isn't seted ip , so close it
[49459.237285] accepted a http connect , new connect ip is  192.168.43.186
[49459.244055]                           old connect ip is  192.168.43.237
[49459.250711]                                     but it isn't seted ip , so close it
[49459.767584] accepted a http connect , new connect ip is  192.168.43.186
[49459.774537]                           old connect ip is  192.168.43.237
[49459.781216]                                     but it isn't seted ip , so close it
[49460.294202] accepted a http connect , new connect ip is  192.168.43.186
[49460.300946]                           old connect ip is  192.168.43.237
[49460.307636]                                     but it isn't seted ip , so close it
[49460.827403] accepted a http connect , new connect ip is  192.168.43.186
[49460.834335]                           old connect ip is  192.168.43.237
[49460.841017]                                     but it isn't seted ip , so close it
[49461.354059] accepted a http connect , new connect ip is  192.168.43.186
[49461.360821]                           old connect ip is  192.168.43.237
[49461.367487]                                     but it isn't seted ip , so close it
[49461.887508] accepted a http connect , new connect ip is  192.168.43.186
[49461.894393]                           old connect ip is  192.168.43.237
[49461.901093]                                     but it isn't seted ip , so close it
[49462.414075] accepted a http connect , new connect ip is  192.168.43.186
[49462.420842]                           old connect ip is  192.168.43.237
[49462.427537]                                     but it isn't seted ip , so close it
[49462.947203] accepted a http connect , new connect ip is  192.168.43.186
[49462.953985]                           old connect ip is  192.168.43.237
[49462.960652]                                     but it isn't seted ip , so close it
[49463.476747] accepted a http connect , new connect ip is  192.168.43.186
[49463.483491]                           old connect ip is  192.168.43.237
[49463.490216]                                     but it isn't seted ip , so close it
[49464.007114] accepted a http connect , new connect ip is  192.168.43.186
[49464.013860]                           old connect ip is  192.168.43.237
[49464.020525]                                     but it isn't seted ip , so close it
[49464.537590] accepted a http connect , new connect ip is  192.168.43.186
[49464.544345]                           old connect ip is  192.168.43.237
[49464.551031]                                     but it isn't seted ip , so close it
[49465.067198] accepted a http connect , new connect ip is  192.168.43.186
[49465.073989]                           old connect ip is  192.168.43.237
[49465.080642]                                     but it isn't seted ip , so close it
[49465.607073] accepted a http connect , new connect ip is  192.168.43.186
[49465.613817]                           old connect ip is  192.168.43.237
[49465.620466]                                     but it isn't seted ip , so close it
[49466.133480] accepted a http connect , new connect ip is  192.168.43.186
[49466.140239]                           old connect ip is  192.168.43.237
[49466.146885]                                     but it isn't seted ip , so close it
[49466.667170] accepted a http connect , new connect ip is  192.168.43.186
[49466.673914]                           old connect ip is  192.168.43.237
[49466.680567]                                     but it isn't seted ip , so close it
[49467.197597] accepted a http connect , new connect ip is  192.168.43.186
[49467.204369]                           old connect ip is  192.168.43.237
[49467.211023]                                     but it isn't seted ip , so close it
[49467.727295] accepted a http connect , new connect ip is  192.168.43.186
[49467.734087]                           old connect ip is  192.168.43.237
[49467.740733]                                     but it isn't seted ip , so close it
[49468.267108] accepted a http connect , new connect ip is  192.168.43.186
[49468.273851]                           old connect ip is  192.168.43.237
[49468.280534]                                     but it isn't seted ip , so close it
[49468.807315] accepted a http connect , new connect ip is  192.168.43.186
[49468.814176]                           old connect ip is  192.168.43.237
[49468.820817]                                     but it isn't seted ip , so close it
[49469.335505] accepted a http connect , new connect ip is  192.168.43.186
[49469.342314]                           old connect ip is  192.168.43.237
[49469.349071]                                     but it isn't seted ip , so close it
[49469.877608] accepted a http connect , new connect ip is  192.168.43.186
[49469.884350]                           old connect ip is  192.168.43.237
[49469.891002]                                     but it isn't seted ip , so close it
[49470.404623] accepted a http connect , new connect ip is  192.168.43.186
[49470.411474]                           old connect ip is  192.168.43.237
[49470.418159]                                     but it isn't seted ip , so close it
[49470.931087] accepted a http connect , new connect ip is  192.168.43.186
[49470.937926]                           old connect ip is  192.168.43.237
[49470.944634]                                     but it isn't seted ip , so close it
[49471.457759] accepted a http connect , new connect ip is  192.168.43.186
[49471.464519]                           old connect ip is  192.168.43.237
[49471.471191]                                     but it isn't seted ip , so close it
[49471.997117] accepted a http connect , new connect ip is  192.168.43.186
[49472.003924]                           old connect ip is  192.168.43.237
[49472.010626]                                     but it isn't seted ip , so close it
[49472.537223] accepted a http connect , new connect ip is  192.168.43.186
[49472.543984]                           old connect ip is  192.168.43.237
[49472.550661]                                     but it isn't seted ip , so close it
[49473.077254] accepted a http connect , new connect ip is  192.168.43.186
[49473.084061]                           old connect ip is  192.168.43.237
[49473.090727]                                     but it isn't seted ip , so close it
[49473.603714] accepted a http connect , new connect ip is  192.168.43.186
[49473.610447]                           old connect ip is  192.168.43.237
[49473.617111]                                     but it isn't seted ip , so close it
[49474.137009] accepted a http connect , new connect ip is  192.168.43.186
[49474.143766]                           old connect ip is  192.168.43.237
[49474.150429]                                     but it isn't seted ip , so close it
[49474.677159] accepted a http connect , new connect ip is  192.168.43.186
[49474.683924]                           old connect ip is  192.168.43.237
[49474.690572]                                     but it isn't seted ip , so close it
[49475.207279] accepted a http connect , new connect ip is  192.168.43.186
[49475.214053]                           old connect ip is  192.168.43.237
[49475.220735]                                     but it isn't seted ip , so close it
[49475.746861] accepted a http connect , new connect ip is  192.168.43.186
[49475.753609]                           old connect ip is  192.168.43.237
[49475.760272]                                     but it isn't seted ip , so close it
[49476.277110] accepted a http connect , new connect ip is  192.168.43.186
[49476.283865]                           old connect ip is  192.168.43.237
[49476.290507]                                     but it isn't seted ip , so close it
[49476.817068] accepted a http connect , new connect ip is  192.168.43.186
[49476.823876]                           old connect ip is  192.168.43.237
[49476.830537]                                     but it isn't seted ip , so close it
[49477.343198] accepted a http connect , new connect ip is  192.168.43.186
[49477.349955]                           old connect ip is  192.168.43.237
[49477.356643]                                     but it isn't seted ip , so close it
[49477.877091] accepted a http connect , new connect ip is  192.168.43.186
[49477.883823]                           old connect ip is  192.168.43.237
[49477.890481]                                     but it isn't seted ip , so close it
[49478.437878] accepted a http connect , new connect ip is  192.168.43.186
[49478.444612]                           old connect ip is  192.168.43.237
[49478.451277]                                     but it isn't seted ip , so close it
[49478.976894] accepted a http connect , new connect ip is  192.168.43.186
[49478.983651]                           old connect ip is  192.168.43.237
[49478.990309]                                     but it isn't seted ip , so close it
[49479.503159] accepted a http connect , new connect ip is  192.168.43.186
[49479.509904]                           old connect ip is  192.168.43.237
[49479.516571]                                     but it isn't seted ip , so close it
[49480.037198] accepted a http connect , new connect ip is  192.168.43.186
[49480.043975]                           old connect ip is  192.168.43.237
[49480.050672]                                     but it isn't seted ip , so close it
[49480.567994] accepted a http connect , new connect ip is  192.168.43.186
[49480.574807]                           old connect ip is  192.168.43.237
[49480.581465]                                     but it isn't seted ip , so close it
[49481.107346] accepted a http connect , new connect ip is  192.168.43.186
[49481.114183]                           old connect ip is  192.168.43.237
[49481.120899]                                     but it isn't seted ip , so close it
[49481.647378] accepted a http connect , new connect ip is  192.168.43.186
[49481.654194]                           old connect ip is  192.168.43.237
[49481.660860]                                     but it isn't seted ip , so close it
[49482.187227] accepted a http connect , new connect ip is  192.168.43.186
[49482.193983]                           old connect ip is  192.168.43.237
[49482.200657]                                     but it isn't seted ip , so close it
[49482.727038] accepted a http connect , new connect ip is  192.168.43.186
[49482.733879]                           old connect ip is  192.168.43.237
[49482.740552]                                     but it isn't seted ip , so close it
[49483.253226] accepted a http connect , new connect ip is  192.168.43.186
[49483.259994]                           old connect ip is  192.168.43.237
[49483.266637]                                     but it isn't seted ip , so close it
[49483.787927] accepted a http connect , new connect ip is  192.168.43.186
[49483.794814]                           old connect ip is  192.168.43.237
[49483.801489]                                     but it isn't seted ip , so close it
[49484.319611] accepted a http connect , new connect ip is  192.168.43.186
[49484.326378]                           old connect ip is  192.168.43.237
[49484.333055]                                     but it isn't seted ip , so close it
[49484.856820] accepted a http connect , new connect ip is  192.168.43.186
[49484.863566]                           old connect ip is  192.168.43.237
[49484.870233]                                     but it isn't seted ip , so close it
[49485.384536] accepted a http connect , new connect ip is  192.168.43.186
[49485.391307]                           old connect ip is  192.168.43.237
[49485.397965]                                     but it isn't seted ip , so close it
[49485.917092] accepted a http connect , new connect ip is  192.168.43.186
[49485.923834]                           old connect ip is  192.168.43.237
[49485.930478]                                     but it isn't seted ip , so close it
[49486.443503] accepted a http connect , new connect ip is  192.168.43.186
[49486.450328]                           old connect ip is  192.168.43.237
[49486.457010]                                     but it isn't seted ip , so close it
[49486.976875] accepted a http connect , new connect ip is  192.168.43.186
[49486.983640]                           old connect ip is  192.168.43.237
[49486.990316]                                     but it isn't seted ip , so close it
[49487.509125] accepted a http connect , new connect ip is  192.168.43.186
[49487.515888]                           old connect ip is  192.168.43.237
[49487.522546]                                     but it isn't seted ip , so close it
[49488.046985] accepted a http connect , new connect ip is  192.168.43.186
[49488.053775]                           old connect ip is  192.168.43.237
[49488.060460]                                     but it isn't seted ip , so close it
[49488.576984] accepted a http connect , new connect ip is  192.168.43.186
[49488.583734]                           old connect ip is  192.168.43.237
[49488.590393]                                     but it isn't seted ip , so close it
[49489.106834] accepted a http connect , new connect ip is  192.168.43.186
[49489.113639]                           old connect ip is  192.168.43.237
[49489.120301]                                     but it isn't seted ip , so close it
[49489.636897] accepted a http connect , new connect ip is  192.168.43.186
[49489.643649]                           old connect ip is  192.168.43.237
[49489.650348]                                     but it isn't seted ip , so close it
[49490.166892] accepted a http connect , new connect ip is  192.168.43.186
[49490.173644]                           old connect ip is  192.168.43.237
[49490.180335]                                     but it isn't seted ip , so close it
[49490.697071] accepted a http connect , new connect ip is  192.168.43.186
[49490.703876]                           old connect ip is  192.168.43.237
[49490.710535]                                     but it isn't seted ip , so close it
[49491.227018] accepted a http connect , new connect ip is  192.168.43.186
[49491.233796]                           old connect ip is  192.168.43.237
[49491.240445]                                     but it isn't seted ip , so close it
[49491.756943] accepted a http connect , new connect ip is  192.168.43.186
[49491.763705]                           old connect ip is  192.168.43.237
[49491.770359]                                     but it isn't seted ip , so close it
[49492.287519] accepted a http connect , new connect ip is  192.168.43.186
[49492.294277]                           old connect ip is  192.168.43.237
[49492.300927]                                     but it isn't seted ip , so close it
[49492.827218] accepted a http connect , new connect ip is  192.168.43.186
[49492.833989]                           old connect ip is  192.168.43.237
[49492.840663]                                     but it isn't seted ip , so close it
[49493.354705] accepted a http connect , new connect ip is  192.168.43.186
[49493.361486]                           old connect ip is  192.168.43.237
[49493.368166]                                     but it isn't seted ip , so close it
[49493.883735] accepted a http connect , new connect ip is  192.168.43.186
[49493.890512]                           old connect ip is  192.168.43.237
[49493.897173]                                     but it isn't seted ip , so close it
[49494.412482] accepted a http connect , new connect ip is  192.168.43.186
[49494.419249]                           old connect ip is  192.168.43.237
[49494.425952]                                     but it isn't seted ip , so close it
[49494.947572] accepted a http connect , new connect ip is  192.168.43.186
[49494.954323]                           old connect ip is  192.168.43.237
[49494.960979]                                     but it isn't seted ip , so close it
[49495.473416] accepted a http connect , new connect ip is  192.168.43.186
[49495.480184]                           old connect ip is  192.168.43.237
[49495.486836]                                     but it isn't seted ip , so close it
[49496.006833] accepted a http connect , new connect ip is  192.168.43.186
[49496.013605]                           old connect ip is  192.168.43.237
[49496.020260]                                     but it isn't seted ip , so close it
[49496.533022] accepted a http connect , new connect ip is  192.168.43.186
[49496.539776]                           old connect ip is  192.168.43.237
[49496.546422]                                     but it isn't seted ip , so close it
[49497.066979] accepted a http connect , new connect ip is  192.168.43.186
[49497.073725]                           old connect ip is  192.168.43.237
[49497.080394]                                     but it isn't seted ip , so close it
[49497.596902] accepted a http connect , new connect ip is  192.168.43.186
[49497.603644]                           old connect ip is  192.168.43.237
[49497.610288]                                     but it isn't seted ip , so close it
[49498.126777] accepted a http connect , new connect ip is  192.168.43.186
[49498.133529]                           old connect ip is  192.168.43.237
[49498.140192]                                     but it isn't seted ip , so close it
[49498.658165] accepted a http connect , new connect ip is  192.168.43.186
[49498.664833]                           old connect ip is  192.168.43.237
[49498.671511]                                     but it isn't seted ip , so close it
[49499.196877] accepted a http connect , new connect ip is  192.168.43.186
[49499.203673]                           old connect ip is  192.168.43.237
[49499.210348]                                     but it isn't seted ip , so close it
[49499.736904] accepted a http connect , new connect ip is  192.168.43.186
[49499.743735]                           old connect ip is  192.168.43.237
[49499.750404]                                     but it isn't seted ip , so close it
[49500.266945] accepted a http connect , new connect ip is  192.168.43.186
[49500.273768]                           old connect ip is  192.168.43.237
[49500.280454]                                     but it isn't seted ip , so close it
[49500.807029] accepted a http connect , new connect ip is  192.168.43.186
[49500.813805]                           old connect ip is  192.168.43.237
[49500.820449]                                     but it isn't seted ip , so close it
[49501.339583] accepted a http connect , new connect ip is  192.168.43.186
[49501.346340]                           old connect ip is  192.168.43.237
[49501.353015]                                     but it isn't seted ip , so close it
[49501.876726] accepted a http connect , new connect ip is  192.168.43.186
[49501.883460]                           old connect ip is  192.168.43.237
[49501.890109]                                     but it isn't seted ip , so close it
[49502.403107] accepted a http connect , new connect ip is  192.168.43.186
[49502.409887]                           old connect ip is  192.168.43.237
[49502.416559]                                     but it isn't seted ip , so close it
[49502.937102] accepted a http connect , new connect ip is  192.168.43.186
[49502.943837]                           old connect ip is  192.168.43.237
[49502.950572]                                     but it isn't seted ip , so close it
[49503.463218] accepted a http connect , new connect ip is  192.168.43.186
[49503.469963]                           old connect ip is  192.168.43.237
[49503.476648]                                     but it isn't seted ip , so close it
[49503.996942] accepted a http connect , new connect ip is  192.168.43.186
[49504.003693]                           old connect ip is  192.168.43.237
[49504.010351]                                     but it isn't seted ip , so close it
[49504.523020] accepted a http connect , new connect ip is  192.168.43.186
[49504.529776]                           old connect ip is  192.168.43.237
[49504.536464]                                     but it isn't seted ip , so close it
[49505.056815] accepted a http connect , new connect ip is  192.168.43.186
[49505.063609]                           old connect ip is  192.168.43.237
[49505.070285]                                     but it isn't seted ip , so close it
[49505.596845] accepted a http connect , new connect ip is  192.168.43.186
[49505.603590]                           old connect ip is  192.168.43.237
[49505.610237]                                     but it isn't seted ip , so close it
[49506.123139] accepted a http connect , new connect ip is  192.168.43.186
[49506.129950]                           old connect ip is  192.168.43.237
[49506.136664]                                     but it isn't seted ip , so close it
[49506.650228] accepted a http connect , new connect ip is  192.168.43.186
[49506.657064]                           old connect ip is  192.168.43.237
[49506.663732]                                     but it isn't seted ip , so close it
[49507.186819] accepted a http connect , new connect ip is  192.168.43.186
[49507.193565]                           old connect ip is  192.168.43.237
[49507.200253]                                     but it isn't seted ip , so close it
[49507.716787] accepted a http connect , new connect ip is  192.168.43.186
[49507.723523]                           old connect ip is  192.168.43.237
[49507.730183]                                     but it isn't seted ip , so close it
[49508.246693] accepted a http connect , new connect ip is  192.168.43.186
[49508.253456]                           old connect ip is  192.168.43.237
[49508.260159]                                     but it isn't seted ip , so close it
[49508.777002] accepted a http connect , new connect ip is  192.168.43.186
[49508.783785]                           old connect ip is  192.168.43.237
[49508.790452]                                     but it isn't seted ip , so close it
[49509.316641] accepted a http connect , new connect ip is  192.168.43.186
[49509.323383]                           old connect ip is  192.168.43.237
[49509.330047]                                     but it isn't seted ip , so close it
[49509.856707] accepted a http connect , new connect ip is  192.168.43.186
[49509.863447]                           old connect ip is  192.168.43.237
[49509.870102]                                     but it isn't seted ip , so close it
[49510.382669] accepted a http connect , new connect ip is  192.168.43.186
[49510.389415]                           old connect ip is  192.168.43.237
[49510.396110]                                     but it isn't seted ip , so close it
[49510.916959] accepted a http connect , new connect ip is  192.168.43.186
[49510.923876]                           old connect ip is  192.168.43.237
[49510.930558]                                     but it isn't seted ip , so close it
[49511.444081] accepted a http connect , new connect ip is  192.168.43.186
[49511.450849]                           old connect ip is  192.168.43.237
[49511.457546]                                     but it isn't seted ip , so close it
[49511.976943] accepted a http connect , new connect ip is  192.168.43.186
[49511.983657]                           old connect ip is  192.168.43.237
[49511.990327]                                     but it isn't seted ip , so close it
[49512.502955] accepted a http connect , new connect ip is  192.168.43.186
[49512.509759]                           old connect ip is  192.168.43.237
[49512.516414]                                     but it isn't seted ip , so close it
[49513.036690] accepted a http connect , new connect ip is  192.168.43.186
[49513.043365]                           old connect ip is  192.168.43.237
[49513.050034]                                     but it isn't seted ip , so close it
[49513.564580] accepted a http connect , new connect ip is  192.168.43.186
[49513.571245]                           old connect ip is  192.168.43.237
[49513.577881]                                     but it isn't seted ip , so close it
[49514.096842] accepted a http connect , new connect ip is  192.168.43.186
[49514.103512]                           old connect ip is  192.168.43.237
[49514.110143]                                     but it isn't seted ip , so close it
[49514.626517] accepted a http connect , new connect ip is  192.168.43.186
[49514.633182]                           old connect ip is  192.168.43.237
[49514.639820]                                     but it isn't seted ip , so close it
[49515.161928] accepted a http connect , new connect ip is  192.168.43.186
[49515.168667]                           old connect ip is  192.168.43.237
[49515.175347]                                     but it isn't seted ip , so close it
[49515.696906] accepted a http connect , new connect ip is  192.168.43.186
[49515.703670]                           old connect ip is  192.168.43.237
[49515.710417]                                     but it isn't seted ip , so close it
[49516.226635] accepted a http connect , new connect ip is  192.168.43.186
[49516.233382]                           old connect ip is  192.168.43.237
[49516.240052]                                     but it isn't seted ip , so close it
[49516.756752] accepted a http connect , new connect ip is  192.168.43.186
[49516.763532]                           old connect ip is  192.168.43.237
[49516.770179]                                     but it isn't seted ip , so close it
[49517.296716] accepted a http connect , new connect ip is  192.168.43.186
[49517.303497]                           old connect ip is  192.168.43.237
[49517.310187]                                     but it isn't seted ip , so close it
[49517.827704] accepted a http connect , new connect ip is  192.168.43.186
[49517.834385]                           old connect ip is  192.168.43.237
[49517.841034]                                     but it isn't seted ip , so close it
[49518.353159] accepted a http connect , new connect ip is  192.168.43.186
[49518.359942]                           old connect ip is  192.168.43.237
[49518.366604]                                     but it isn't seted ip , so close it
[49518.896507] accepted a http connect , new connect ip is  192.168.43.186
[49518.903254]                           old connect ip is  192.168.43.237
[49518.909978]                                     but it isn't seted ip , so close it
[49519.423462] accepted a http connect , new connect ip is  192.168.43.186
[49519.430251]                           old connect ip is  192.168.43.237
[49519.436912]                                     but it isn't seted ip , so close it
[49519.956580] accepted a http connect , new connect ip is  192.168.43.186
[49519.963327]                           old connect ip is  192.168.43.237
[49519.969976]                                     but it isn't seted ip , so close it
[49520.483174] accepted a http connect , new connect ip is  192.168.43.186
[49520.489980]                           old connect ip is  192.168.43.237
[49520.496721]                                     but it isn't seted ip , so close it
[49521.016572] accepted a http connect , new connect ip is  192.168.43.186
[49521.023331]                           old connect ip is  192.168.43.237
[49521.030061]                                     but it isn't seted ip , so close it
[49521.544385] accepted a http connect , new connect ip is  192.168.43.186
[49521.551156]                           old connect ip is  192.168.43.237
[49521.557845]                                     but it isn't seted ip , so close it
[49522.076773] accepted a http connect , new connect ip is  192.168.43.186
[49522.083538]                           old connect ip is  192.168.43.237
[49522.090183]                                     but it isn't seted ip , so close it
[49522.616786] accepted a http connect , new connect ip is  192.168.43.186
[49522.623571]                           old connect ip is  192.168.43.237
[49522.630281]                                     but it isn't seted ip , so close it
[49523.157078] accepted a http connect , new connect ip is  192.168.43.186
[49523.163928]                           old connect ip is  192.168.43.237
[49523.170652]                                     but it isn't seted ip , so close it
[49523.696683] accepted a http connect , new connect ip is  192.168.43.186
[49523.703440]                           old connect ip is  192.168.43.237
[49523.710096]                                     but it isn't seted ip , so close it
[49524.226877] accepted a http connect , new connect ip is  192.168.43.186
[49524.233691]                           old connect ip is  192.168.43.237
[49524.240427]                                     but it isn't seted ip , so close it
[49524.766646] accepted a http connect , new connect ip is  192.168.43.186
[49524.773474]                           old connect ip is  192.168.43.237
[49524.780170]                                     but it isn't seted ip , so close it
[49525.296699] accepted a http connect , new connect ip is  192.168.43.186
[49525.303439]                           old connect ip is  192.168.43.237
[49525.310126]                                     but it isn't seted ip , so close it
[49525.826538] accepted a http connect , new connect ip is  192.168.43.186
[49525.833285]                           old connect ip is  192.168.43.237
[49525.839939]                                     but it isn't seted ip , so close it
[49526.353153] accepted a http connect , new connect ip is  192.168.43.186
[49526.359911]                           old connect ip is  192.168.43.237
[49526.366568]                                     but it isn't seted ip , so close it
[49526.896594] accepted a http connect , new connect ip is  192.168.43.186
[49526.903336]                           old connect ip is  192.168.43.237
[49526.909991]                                     but it isn't seted ip , so close it
[49527.422584] accepted a http connect , new connect ip is  192.168.43.186
[49527.429325]                           old connect ip is  192.168.43.237
[49527.436014]                                     but it isn't seted ip , so close it
[49527.956540] accepted a http connect , new connect ip is  192.168.43.186
[49527.963291]                           old connect ip is  192.168.43.237
[49527.969950]                                     but it isn't seted ip , so close it
[49528.483679] accepted a http connect , new connect ip is  192.168.43.186
[49528.490548]                           old connect ip is  192.168.43.237
[49528.497253]                                     but it isn't seted ip , so close it
[49529.016595] accepted a http connect , new connect ip is  192.168.43.186
[49529.023364]                           old connect ip is  192.168.43.237
[49529.030041]                                     but it isn't seted ip , so close it
[49529.543970] accepted a http connect , new connect ip is  192.168.43.186
[49529.550739]                           old connect ip is  192.168.43.237
[49529.557397]                                     but it isn't seted ip , so close it
[49530.071356] accepted a http connect , new connect ip is  192.168.43.186
[49530.078067]                           old connect ip is  192.168.43.237
[49530.084715]                                     but it isn't seted ip , so close it
[49530.597167] accepted a http connect , new connect ip is  192.168.43.186
[49530.603814]                           old connect ip is  192.168.43.237
[49530.610455]                                     but it isn't seted ip , so close it
[49531.126575] accepted a http connect , new connect ip is  192.168.43.186
[49531.133230]                           old connect ip is  192.168.43.237
[49531.139873]                                     but it isn't seted ip , so close it
[49531.656694] accepted a http connect , new connect ip is  192.168.43.186
[49531.663443]                           old connect ip is  192.168.43.237
[49531.670145]                                     but it isn't seted ip , so close it
[49532.186451] accepted a http connect , new connect ip is  192.168.43.186
[49532.193216]                           old connect ip is  192.168.43.237
[49532.199870]                                     but it isn't seted ip , so close it
[49532.716616] accepted a http connect , new connect ip is  192.168.43.186
[49532.723358]                           old connect ip is  192.168.43.237
[49532.730003]                                     but it isn't seted ip , so close it
[49533.256477] accepted a http connect , new connect ip is  192.168.43.186
[49533.263216]                           old connect ip is  192.168.43.237
[49533.269879]                                     but it isn't seted ip , so close it
[49533.797838] accepted a http connect , new connect ip is  192.168.43.186
[49533.804663]                           old connect ip is  192.168.43.237
[49533.811334]                                     but it isn't seted ip , so close it
[49534.336578] accepted a http connect , new connect ip is  192.168.43.186
[49534.343335]                           old connect ip is  192.168.43.237
[49534.349988]                                     but it isn't seted ip , so close it
[49534.866938] accepted a http connect , new connect ip is  192.168.43.186
[49534.873745]                           old connect ip is  192.168.43.237
[49534.880476]                                     but it isn't seted ip , so close it
[49535.400232] accepted a http connect , new connect ip is  192.168.43.186
[49535.406991]                           old connect ip is  192.168.43.237
[49535.413682]                                     but it isn't seted ip , so close it
[49535.936399] accepted a http connect , new connect ip is  192.168.43.186
[49535.943127]                           old connect ip is  192.168.43.237
[49535.949778]                                     but it isn't seted ip , so close it
[49536.462479] accepted a http connect , new connect ip is  192.168.43.186
[49536.469345]                           old connect ip is  192.168.43.237
[49536.476056]                                     but it isn't seted ip , so close it
[49536.996626] accepted a http connect , new connect ip is  192.168.43.186
[49537.003378]                           old connect ip is  192.168.43.237
[49537.010030]                                     but it isn't seted ip , so close it
[49537.523395] accepted a http connect , new connect ip is  192.168.43.186
[49537.530150]                           old connect ip is  192.168.43.237
[49537.536813]                                     but it isn't seted ip , so close it
[49538.056461] accepted a http connect , new connect ip is  192.168.43.186
[49538.063205]                           old connect ip is  192.168.43.237
[49538.069849]                                     but it isn't seted ip , so close it
[49538.582358] accepted a http connect , new connect ip is  192.168.43.186
[49538.589084]                           old connect ip is  192.168.43.237
[49538.595766]                                     but it isn't seted ip , so close it
[49539.116327] accepted a http connect , new connect ip is  192.168.43.186
[49539.123056]                           old connect ip is  192.168.43.237
[49539.129715]                                     but it isn't seted ip , so close it
[49539.646320] accepted a http connect , new connect ip is  192.168.43.186
[49539.653074]                           old connect ip is  192.168.43.237
[49539.659799]                                     but it isn't seted ip , so close it
[49540.172534] accepted a http connect , new connect ip is  192.168.43.186
[49540.179300]                           old connect ip is  192.168.43.237
[49540.185953]                                     but it isn't seted ip , so close it
[49540.705945] accepted a http connect , new connect ip is  192.168.43.186
[49540.712741]                           old connect ip is  192.168.43.237
[49540.719450]                                     but it isn't seted ip , so close it
[49541.234666] accepted a http connect , new connect ip is  192.168.43.186
[49541.241535]                           old connect ip is  192.168.43.237
[49541.248298]                                     but it isn't seted ip , so close it
[49541.762183] accepted a http connect , new connect ip is  192.168.43.186
[49541.768911]                           old connect ip is  192.168.43.237
[49541.775576]                                     but it isn't seted ip , so close it
[49542.296494] accepted a http connect , new connect ip is  192.168.43.186
[49542.303238]                           old connect ip is  192.168.43.237
[49542.309910]                                     but it isn't seted ip , so close it
[49542.836592] accepted a http connect , new connect ip is  192.168.43.186
[49542.843366]                           old connect ip is  192.168.43.237
[49542.850014]                                     but it isn't seted ip , so close it
[49543.366861] accepted a http connect , new connect ip is  192.168.43.186
[49543.373734]                           old connect ip is  192.168.43.237
[49543.380402]                                     but it isn't seted ip , so close it
[49543.906458] accepted a http connect , new connect ip is  192.168.43.186
[49543.913210]                           old connect ip is  192.168.43.237
[49543.919856]                                     but it isn't seted ip , so close it
[49544.439641] accepted a http connect , new connect ip is  192.168.43.186
[49544.446492]                           old connect ip is  192.168.43.237
[49544.453197]                                     but it isn't seted ip , so close it
[49544.964904] accepted a http connect , new connect ip is  192.168.43.186
[49544.971594]                           old connect ip is  192.168.43.237
[49544.978246]                                     but it isn't seted ip , so close it
[49545.489261] accepted a http connect , new connect ip is  192.168.43.186
[49545.496016]                           old connect ip is  192.168.43.237
[49545.502687]                                     but it isn't seted ip , so close it
[49546.026350] accepted a http connect , new connect ip is  192.168.43.186
[49546.033086]                           old connect ip is  192.168.43.237
[49546.039744]                                     but it isn't seted ip , so close it
[49546.552781] accepted a http connect , new connect ip is  192.168.43.186
[49546.559647]                           old connect ip is  192.168.43.237
[49546.566361]                                     but it isn't seted ip , so close it
[49547.096801] accepted a http connect , new connect ip is  192.168.43.186
[49547.103670]                           old connect ip is  192.168.43.237
[49547.110364]                                     but it isn't seted ip , so close it
[49547.623829] accepted a http connect , new connect ip is  192.168.43.186
[49547.630596]                           old connect ip is  192.168.43.237
[49547.637254]                                     but it isn't seted ip , so close it
[49548.166198] accepted a http connect , new connect ip is  192.168.43.186
[49548.172941]                           old connect ip is  192.168.43.237
[49548.179583]                                     but it isn't seted ip , so close it
[49548.692216] accepted a http connect , new connect ip is  192.168.43.186
[49548.699031]                           old connect ip is  192.168.43.237
[49548.705823]                                     but it isn't seted ip , so close it
[49549.226553] accepted a http connect , new connect ip is  192.168.43.186
[49549.233319]                           old connect ip is  192.168.43.237
[49549.239986]                                     but it isn't seted ip , so close it
[49549.757230] accepted a http connect , new connect ip is  192.168.43.186
[49549.763967]                           old connect ip is  192.168.43.237
[49549.770614]                                     but it isn't seted ip , so close it
[49550.283280] accepted a http connect , new connect ip is  192.168.43.186
[49550.290021]                           old connect ip is  192.168.43.237
[49550.296739]                                     but it isn't seted ip , so close it
[49550.816286] accepted a http connect , new connect ip is  192.168.43.186
[49550.823024]                           old connect ip is  192.168.43.237
[49550.829673]                                     but it isn't seted ip , so close it
[49551.346445] accepted a http connect , new connect ip is  192.168.43.186
[49551.353246]                           old connect ip is  192.168.43.237
[49551.359934]                                     but it isn't seted ip , so close it
[49551.886224] accepted a http connect , new connect ip is  192.168.43.186
[49551.892989]                           old connect ip is  192.168.43.237
[49551.899631]                                     but it isn't seted ip , so close it
[49552.416715] accepted a http connect , new connect ip is  192.168.43.186
[49552.423559]                           old connect ip is  192.168.43.237
[49552.430247]                                     but it isn't seted ip , so close it
[49552.951771] accepted a http connect , new connect ip is  192.168.43.186
[49552.958606]                           old connect ip is  192.168.43.237
[49552.965278]                                     but it isn't seted ip , so close it
[49553.479440] accepted a http connect , new connect ip is  192.168.43.186
[49553.486204]                           old connect ip is  192.168.43.237
[49553.492882]                                     but it isn't seted ip , so close it
[49554.016215] accepted a http connect , new connect ip is  192.168.43.186
[49554.022951]                           old connect ip is  192.168.43.237
[49554.029599]                                     but it isn't seted ip , so close it
[49554.542852] accepted a http connect , new connect ip is  192.168.43.186
[49554.549602]                           old connect ip is  192.168.43.237
[49554.556298]                                     but it isn't seted ip , so close it
[49555.072124] accepted a http connect , new connect ip is  192.168.43.186
[49555.078917]                           old connect ip is  192.168.43.237
[49555.085572]                                     but it isn't seted ip , so close it
[49555.598634] accepted a http connect , new connect ip is  192.168.43.186
[49555.605361]                           old connect ip is  192.168.43.237
[49555.612039]                                     but it isn't seted ip , so close it
[49556.136323] accepted a http connect , new connect ip is  192.168.43.186
[49556.143086]                           old connect ip is  192.168.43.237
[49556.149743]                                     but it isn't seted ip , so close it
[49556.676494] accepted a http connect , new connect ip is  192.168.43.186
[49556.683342]                           old connect ip is  192.168.43.237
[49556.690253]                                     but it isn't seted ip , so close it
[49557.216343] accepted a http connect , new connect ip is  192.168.43.186
[49557.223179]                           old connect ip is  192.168.43.237
[49557.229868]                                     but it isn't seted ip , so close it
[49557.746224] accepted a http connect , new connect ip is  192.168.43.186
[49557.752985]                           old connect ip is  192.168.43.237
[49557.759686]                                     but it isn't seted ip , so close it
[49558.276370] accepted a http connect , new connect ip is  192.168.43.186
[49558.283107]                           old connect ip is  192.168.43.237
[49558.289825]                                     but it isn't seted ip , so close it
[49558.806631] accepted a http connect , new connect ip is  192.168.43.186
[49558.813496]                           old connect ip is  192.168.43.237
[49558.820184]                                     but it isn't seted ip , so close it
[49559.346616] accepted a http connect , new connect ip is  192.168.43.186
[49559.353415]                           old connect ip is  192.168.43.237
[49559.360232]                                     but it isn't seted ip , so close it
[49559.886424] accepted a http connect , new connect ip is  192.168.43.186
[49559.893195]                           old connect ip is  192.168.43.237
[49559.899848]                                     but it isn't seted ip , so close it
[49560.426234] accepted a http connect , new connect ip is  192.168.43.186
[49560.433014]                           old connect ip is  192.168.43.237
[49560.439690]                                     but it isn't seted ip , so close it
[49560.966282] accepted a http connect , new connect ip is  192.168.43.186
[49560.973034]                           old connect ip is  192.168.43.237
[49560.979691]                                     but it isn't seted ip , so close it
[49561.492445] accepted a http connect , new connect ip is  192.168.43.186
[49561.499211]                           old connect ip is  192.168.43.237
[49561.505857]                                     but it isn't seted ip , so close it
[49562.026333] accepted a http connect , new connect ip is  192.168.43.186
[49562.033083]                           old connect ip is  192.168.43.237
[49562.039807]                                     but it isn't seted ip , so close it
[49562.552314] accepted a http connect , new connect ip is  192.168.43.186
[49562.559084]                           old connect ip is  192.168.43.237
[49562.565761]                                     but it isn't seted ip , so close it
[49563.086285] accepted a http connect , new connect ip is  192.168.43.186
[49563.093033]                           old connect ip is  192.168.43.237
[49563.099687]                                     but it isn't seted ip , so close it
[49563.612559] accepted a http connect , new connect ip is  192.168.43.186
[49563.619387]                           old connect ip is  192.168.43.237
[49563.626050]                                     but it isn't seted ip , so close it
[49564.138716] accepted a http connect , new connect ip is  192.168.43.186
[49564.145460]                           old connect ip is  192.168.43.237
[49564.152222]                                     but it isn't seted ip , so close it
[49564.666509] accepted a http connect , new connect ip is  192.168.43.186
[49564.673322]                           old connect ip is  192.168.43.237
[49564.680001]                                     but it isn't seted ip , so close it
[49565.206221] accepted a http connect , new connect ip is  192.168.43.186
[49565.212999]                           old connect ip is  192.168.43.237
[49565.219682]                                     but it isn't seted ip , so close it
[49565.733534] accepted a http connect , new connect ip is  192.168.43.186
[49565.740277]                           old connect ip is  192.168.43.237
[49565.746947]                                     but it isn't seted ip , so close it
[49566.266394] accepted a http connect , new connect ip is  192.168.43.186
[49566.273137]                           old connect ip is  192.168.43.237
[49566.279791]                                     but it isn't seted ip , so close it
[49566.796195] accepted a http connect , new connect ip is  192.168.43.186
[49566.802935]                           old connect ip is  192.168.43.237
[49566.809607]                                     but it isn't seted ip , so close it
[49567.336419] accepted a http connect , new connect ip is  192.168.43.186
[49567.343198]                           old connect ip is  192.168.43.237
[49567.349903]                                     but it isn't seted ip , so close it
[49567.866424] accepted a http connect , new connect ip is  192.168.43.186
[49567.873216]                           old connect ip is  192.168.43.237
[49567.879867]                                     but it isn't seted ip , so close it
[49568.406275] accepted a http connect , new connect ip is  192.168.43.186
[49568.413039]                           old connect ip is  192.168.43.237
[49568.419734]                                     but it isn't seted ip , so close it
[49568.936395] accepted a http connect , new connect ip is  192.168.43.186
[49568.943125]                           old connect ip is  192.168.43.237
[49568.949769]                                     but it isn't seted ip , so close it
[49569.464551] accepted a http connect , new connect ip is  192.168.43.186
[49569.471312]                           old connect ip is  192.168.43.237
[49569.477971]                                     but it isn't seted ip , so close it
[49569.996267] accepted a http connect , new connect ip is  192.168.43.186
[49570.003016]                           old connect ip is  192.168.43.237
[49570.009763]                                     but it isn't seted ip , so close it
[49570.523159] accepted a http connect , new connect ip is  192.168.43.186
[49570.529908]                           old connect ip is  192.168.43.237
[49570.536599]                                     but it isn't seted ip , so close it
[49571.066290] accepted a http connect , new connect ip is  192.168.43.186
[49571.073163]                           old connect ip is  192.168.43.237
[49571.079834]                                     but it isn't seted ip , so close it
[49571.593367] accepted a http connect , new connect ip is  192.168.43.186
[49571.600129]                           old connect ip is  192.168.43.237
[49571.606773]                                     but it isn't seted ip , so close it
[49572.126293] accepted a http connect , new connect ip is  192.168.43.186
[49572.133036]                           old connect ip is  192.168.43.237
[49572.139683]                                     but it isn't seted ip , so close it
[49572.653053] accepted a http connect , new connect ip is  192.168.43.186
[49572.659870]                           old connect ip is  192.168.43.237
[49572.666568]                                     but it isn't seted ip , so close it
[49573.186301] accepted a http connect , new connect ip is  192.168.43.186
[49573.193047]                           old connect ip is  192.168.43.237
[49573.199698]                                     but it isn't seted ip , so close it
[49573.716530] accepted a http connect , new connect ip is  192.168.43.186
[49573.723355]                           old connect ip is  192.168.43.237
[49573.730029]                                     but it isn't seted ip , so close it
[49574.256427] accepted a http connect , new connect ip is  192.168.43.186
[49574.263211]                           old connect ip is  192.168.43.237
[49574.269872]                                     but it isn't seted ip , so close it
[49574.796693] accepted a http connect , new connect ip is  192.168.43.186
[49574.803585]                           old connect ip is  192.168.43.237
[49574.810285]                                     but it isn't seted ip , so close it
[49575.323814] accepted a http connect , new connect ip is  192.168.43.186
[49575.330569]                           old connect ip is  192.168.43.237
[49575.337251]                                     but it isn't seted ip , so close it
[49575.856204] accepted a http connect , new connect ip is  192.168.43.186
[49575.862936]                           old connect ip is  192.168.43.237
[49575.869582]                                     but it isn't seted ip , so close it
[49576.386348] accepted a http connect , new connect ip is  192.168.43.186
[49576.393132]                           old connect ip is  192.168.43.237
[49576.399780]                                     but it isn't seted ip , so close it
[49576.916451] accepted a http connect , new connect ip is  192.168.43.186
[49576.923250]                           old connect ip is  192.168.43.237
[49576.929910]                                     but it isn't seted ip , so close it
[49577.458558] accepted a http connect , new connect ip is  192.168.43.186
[49577.465368]                           old connect ip is  192.168.43.237
[49577.472078]                                     but it isn't seted ip , so close it
[49578.006239] accepted a http connect , new connect ip is  192.168.43.186
[49578.012978]                           old connect ip is  192.168.43.237
[49578.019639]                                     but it isn't seted ip , so close it
[49578.532403] accepted a http connect , new connect ip is  192.168.43.186
[49578.539213]                           old connect ip is  192.168.43.237
[49578.545878]                                     but it isn't seted ip , so close it
[49579.066158] accepted a http connect , new connect ip is  192.168.43.186
[49579.072894]                           old connect ip is  192.168.43.237
[49579.079545]                                     but it isn't seted ip , so close it
[49579.596383] accepted a http connect , new connect ip is  192.168.43.186
[49579.603119]                           old connect ip is  192.168.43.237
[49579.609780]                                     but it isn't seted ip , so close it
[49580.126070] accepted a http connect , new connect ip is  192.168.43.186
[49580.132821]                           old connect ip is  192.168.43.237
[49580.139472]                                     but it isn't seted ip , so close it
[49580.652453] accepted a http connect , new connect ip is  192.168.43.186
[49580.659269]                           old connect ip is  192.168.43.237
[49580.665917]                                     but it isn't seted ip , so close it
[49581.186426] accepted a http connect , new connect ip is  192.168.43.186
[49581.193188]                           old connect ip is  192.168.43.237
[49581.199845]                                     but it isn't seted ip , so close it
[49581.716030] accepted a http connect , new connect ip is  192.168.43.186
[49581.722784]                           old connect ip is  192.168.43.237
[49581.729437]                                     but it isn't seted ip , so close it
[49582.245981] accepted a http connect , new connect ip is  192.168.43.186
[49582.252744]                           old connect ip is  192.168.43.237
[49582.259395]                                     but it isn't seted ip , so close it
[49582.776317] accepted a http connect , new connect ip is  192.168.43.186
[49582.783182]                           old connect ip is  192.168.43.237
[49582.789883]                                     but it isn't seted ip , so close it
[49583.316299] accepted a http connect , new connect ip is  192.168.43.186
[49583.323163]                           old connect ip is  192.168.43.237
[49583.329825]                                     but it isn't seted ip , so close it
[49583.856003] accepted a http connect , new connect ip is  192.168.43.186
[49583.862753]                           old connect ip is  192.168.43.237
[49583.869395]                                     but it isn't seted ip , so close it
[49584.386032] accepted a http connect , new connect ip is  192.168.43.186
[49584.392791]                           old connect ip is  192.168.43.237
[49584.399436]                                     but it isn't seted ip , so close it
[49584.916195] accepted a http connect , new connect ip is  192.168.43.186
[49584.922960]                           old connect ip is  192.168.43.237
[49584.929608]                                     but it isn't seted ip , so close it
[49585.456189] accepted a http connect , new connect ip is  192.168.43.186
[49585.462968]                           old connect ip is  192.168.43.237
[49585.469615]                                     but it isn't seted ip , so close it
[49585.996023] accepted a http connect , new connect ip is  192.168.43.186
[49586.002758]                           old connect ip is  192.168.43.237
[49586.009402]                                     but it isn't seted ip , so close it
[49586.522367] accepted a http connect , new connect ip is  192.168.43.186
[49586.529130]                           old connect ip is  192.168.43.237
[49586.535813]                                     but it isn't seted ip , so close it
[49587.049079] accepted a http connect , new connect ip is  192.168.43.186
[49587.055847]                           old connect ip is  192.168.43.237
[49587.062495]                                     but it isn't seted ip , so close it
[49587.578095] accepted a http connect , new connect ip is  192.168.43.186
[49587.584882]                           old connect ip is  192.168.43.237
[49587.591568]                                     but it isn't seted ip , so close it
[49588.104347] accepted a http connect , new connect ip is  192.168.43.186
[49588.111113]                           old connect ip is  192.168.43.237
[49588.117779]                                     but it isn't seted ip , so close it
[49588.631206] accepted a http connect , new connect ip is  192.168.43.186
[49588.638002]                           old connect ip is  192.168.43.237
[49588.644741]                                     but it isn't seted ip , so close it
[49589.166311] accepted a http connect , new connect ip is  192.168.43.186
[49589.173165]                           old connect ip is  192.168.43.237
[49589.179853]                                     but it isn't seted ip , so close it
[49589.695393] accepted a http connect , new connect ip is  192.168.43.186
[49589.702156]                           old connect ip is  192.168.43.237
[49589.708802]                                     but it isn't seted ip , so close it
[49590.225848] accepted a http connect , new connect ip is  192.168.43.186
[49590.232614]                           old connect ip is  192.168.43.237
[49590.239287]                                     but it isn't seted ip , so close it
[49590.756624] accepted a http connect , new connect ip is  192.168.43.186
[49590.763374]                           old connect ip is  192.168.43.237
[49590.770035]                                     but it isn't seted ip , so close it
[49591.296256] accepted a http connect , new connect ip is  192.168.43.186
[49591.303005]                           old connect ip is  192.168.43.237
[49591.309735]                                     but it isn't seted ip , so close it
[49591.825891] accepted a http connect , new connect ip is  192.168.43.186
[49591.832671]                           old connect ip is  192.168.43.237
[49591.839362]                                     but it isn't seted ip , so close it
[49592.355912] accepted a http connect , new connect ip is  192.168.43.186
[49592.362714]                           old connect ip is  192.168.43.237
[49592.369355]                                     but it isn't seted ip , so close it
[49592.886712] accepted a http connect , new connect ip is  192.168.43.186
[49592.893458]                           old connect ip is  192.168.43.237
[49592.900144]                                     but it isn't seted ip , so close it
[49593.416119] accepted a http connect , new connect ip is  192.168.43.186
[49593.422862]                           old connect ip is  192.168.43.237
[49593.429509]                                     but it isn't seted ip , so close it
[49593.946110] accepted a http connect , new connect ip is  192.168.43.186
[49593.952888]                           old connect ip is  192.168.43.237
[49593.959545]                                     but it isn't seted ip , so close it
[49594.475952] accepted a http connect , new connect ip is  192.168.43.186
[49594.482824]                           old connect ip is  192.168.43.237
[49594.489624]                                     but it isn't seted ip , so close it
[49595.015853] accepted a http connect , new connect ip is  192.168.43.186
[49595.022617]                           old connect ip is  192.168.43.237
[49595.029270]                                     but it isn't seted ip , so close it
[49595.542712] accepted a http connect , new connect ip is  192.168.43.186
[49595.549469]                           old connect ip is  192.168.43.237
[49595.556136]                                     but it isn't seted ip , so close it
[49596.075845] accepted a http connect , new connect ip is  192.168.43.186
[49596.082642]                           old connect ip is  192.168.43.237
[49596.089299]                                     but it isn't seted ip , so close it
[49596.606862] accepted a http connect , new connect ip is  192.168.43.186
[49596.613625]                           old connect ip is  192.168.43.237
[49596.620278]                                     but it isn't seted ip , so close it
[49597.145948] accepted a http connect , new connect ip is  192.168.43.186
[49597.152735]                           old connect ip is  192.168.43.237
[49597.159385]                                     but it isn't seted ip , so close it
[49597.671872] accepted a http connect , new connect ip is  192.168.43.186
[49597.678636]                           old connect ip is  192.168.43.237
[49597.685279]                                     but it isn't seted ip , so close it
[49598.205829] accepted a http connect , new connect ip is  192.168.43.186
[49598.212580]                           old connect ip is  192.168.43.237
[49598.219248]                                     but it isn't seted ip , so close it
[49598.731923] accepted a http connect , new connect ip is  192.168.43.186
[49598.738709]                           old connect ip is  192.168.43.237
[49598.745359]                                     but it isn't seted ip , so close it
[49599.266021] accepted a http connect , new connect ip is  192.168.43.186
[49599.272790]                           old connect ip is  192.168.43.237
[49599.279436]                                     but it isn't seted ip , so close it
[49599.796129] accepted a http connect , new connect ip is  192.168.43.186
[49599.802918]                           old connect ip is  192.168.43.237
[49599.809659]                                     but it isn't seted ip , so close it
[49600.325917] accepted a http connect , new connect ip is  192.168.43.186
[49600.332666]                           old connect ip is  192.168.43.237
[49600.339311]                                     but it isn't seted ip , so close it
[49600.856446] accepted a http connect , new connect ip is  192.168.43.186
[49600.863303]                           old connect ip is  192.168.43.237
[49600.870018]                                     but it isn't seted ip , so close it
[49601.396115] accepted a http connect , new connect ip is  192.168.43.186
[49601.402957]                           old connect ip is  192.168.43.237
[49601.409627]                                     but it isn't seted ip , so close it
[49601.935807] accepted a http connect , new connect ip is  192.168.43.186
[49601.942558]                           old connect ip is  192.168.43.237
[49601.949212]                                     but it isn't seted ip , so close it
[49602.465898] accepted a http connect , new connect ip is  192.168.43.186
[49602.472673]                           old connect ip is  192.168.43.237
[49602.479331]                                     but it isn't seted ip , so close it
[49603.006090] accepted a http connect , new connect ip is  192.168.43.186
[49603.012869]                           old connect ip is  192.168.43.237
[49603.019568]                                     but it isn't seted ip , so close it
[49603.532552] accepted a http connect , new connect ip is  192.168.43.186
[49603.539401]                           old connect ip is  192.168.43.237
[49603.546073]                                     but it isn't seted ip , so close it
[49604.060823] accepted a http connect , new connect ip is  192.168.43.186
[49604.067562]                           old connect ip is  192.168.43.237
[49604.074229]                                     but it isn't seted ip , so close it
[49604.587593] accepted a http connect , new connect ip is  192.168.43.186
[49604.594359]                           old connect ip is  192.168.43.237
[49604.601010]                                     but it isn't seted ip , so close it
[49605.113634] accepted a http connect , new connect ip is  192.168.43.186
[49605.120373]                           old connect ip is  192.168.43.237
[49605.127175]                                     but it isn't seted ip , so close it
[49605.640099] accepted a http connect , new connect ip is  192.168.43.186
[49605.646860]                           old connect ip is  192.168.43.237
[49605.653526]                                     but it isn't seted ip , so close it
[49606.175824] accepted a http connect , new connect ip is  192.168.43.186
[49606.182561]                           old connect ip is  192.168.43.237
[49606.189215]                                     but it isn't seted ip , so close it
[49606.701675] accepted a http connect , new connect ip is  192.168.43.186
[49606.708446]                           old connect ip is  192.168.43.237
[49606.715117]                                     but it isn't seted ip , so close it
[49607.235975] accepted a http connect , new connect ip is  192.168.43.186
[49607.242725]                           old connect ip is  192.168.43.237
[49607.249390]                                     but it isn't seted ip , so close it
[49607.775979] accepted a http connect , new connect ip is  192.168.43.186
[49607.782754]                           old connect ip is  192.168.43.237
[49607.789396]                                     but it isn't seted ip , so close it
[49608.315966] accepted a http connect , new connect ip is  192.168.43.186
[49608.322737]                           old connect ip is  192.168.43.237
[49608.329388]                                     but it isn't seted ip , so close it
[49608.845872] accepted a http connect , new connect ip is  192.168.43.186
[49608.852706]                           old connect ip is  192.168.43.237
[49608.859365]                                     but it isn't seted ip , so close it
[49609.375861] accepted a http connect , new connect ip is  192.168.43.186
[49609.382603]                           old connect ip is  192.168.43.237
[49609.389257]                                     but it isn't seted ip , so close it
[49609.905976] accepted a http connect , new connect ip is  192.168.43.186
[49609.912853]                           old connect ip is  192.168.43.237
[49609.919590]                                     but it isn't seted ip , so close it
[49610.446028] accepted a http connect , new connect ip is  192.168.43.186
[49610.452930]                           old connect ip is  192.168.43.237
[49610.459889]                                     but it isn't seted ip , so close it
[49610.977055] accepted a http connect , new connect ip is  192.168.43.186
[49610.983915]                           old connect ip is  192.168.43.237
[49610.990616]                                     but it isn't seted ip , so close it
[49611.503736] accepted a http connect , new connect ip is  192.168.43.186
[49611.510571]                           old connect ip is  192.168.43.237
[49611.517330]                                     but it isn't seted ip , so close it
[49612.045976] accepted a http connect , new connect ip is  192.168.43.186
[49612.052668]                           old connect ip is  192.168.43.237
[49612.059333]                                     but it isn't seted ip , so close it
[49612.571838] accepted a http connect , new connect ip is  192.168.43.186
[49612.578510]                           old connect ip is  192.168.43.237
[49612.585162]                                     but it isn't seted ip , so close it
[49613.105699] accepted a http connect , new connect ip is  192.168.43.186
[49613.112365]                           old connect ip is  192.168.43.237
[49613.119009]                                     but it isn't seted ip , so close it
[49613.630843] accepted a http connect , new connect ip is  192.168.43.186
[49613.637606]                           old connect ip is  192.168.43.237
[49613.644282]                                     but it isn't seted ip , so close it
[49614.165826] accepted a http connect , new connect ip is  192.168.43.186
[49614.172555]                           old connect ip is  192.168.43.237
[49614.179220]                                     but it isn't seted ip , so close it
[49614.691901] accepted a http connect , new connect ip is  192.168.43.186
[49614.698649]                           old connect ip is  192.168.43.237
[49614.705313]                                     but it isn't seted ip , so close it
[49615.225732] accepted a http connect , new connect ip is  192.168.43.186
[49615.232494]                           old connect ip is  192.168.43.237
[49615.239153]                                     but it isn't seted ip , so close it
[49615.752401] accepted a http connect , new connect ip is  192.168.43.186
[49615.759201]                           old connect ip is  192.168.43.237
[49615.765851]                                     but it isn't seted ip , so close it
[49616.285903] accepted a http connect , new connect ip is  192.168.43.186
[49616.292683]                           old connect ip is  192.168.43.237
[49616.299335]                                     but it isn't seted ip , so close it
[49616.815746] accepted a http connect , new connect ip is  192.168.43.186
[49616.822503]                           old connect ip is  192.168.43.237
[49616.829154]                                     but it isn't seted ip , so close it
[49617.345670] accepted a http connect , new connect ip is  192.168.43.186
[49617.352435]                           old connect ip is  192.168.43.237
[49617.359094]                                     but it isn't seted ip , so close it
[49617.875978] accepted a http connect , new connect ip is  192.168.43.186
[49617.882815]                           old connect ip is  192.168.43.237
[49617.889487]                                     but it isn't seted ip , so close it
[49618.405599] accepted a http connect , new connect ip is  192.168.43.186
[49618.412342]                           old connect ip is  192.168.43.237
[49618.418998]                                     but it isn't seted ip , so close it
[49618.932483] accepted a http connect , new connect ip is  192.168.43.186
[49618.939310]                           old connect ip is  192.168.43.237
[49618.946018]                                     but it isn't seted ip , so close it
[49619.461187] accepted a http connect , new connect ip is  192.168.43.186
[49619.468009]                           old connect ip is  192.168.43.237
[49619.474693]                                     but it isn't seted ip , so close it
[49619.991128] accepted a http connect , new connect ip is  192.168.43.186
[49619.997906]                           old connect ip is  192.168.43.237
[49620.004582]                                     but it isn't seted ip , so close it
[49620.525728] accepted a http connect , new connect ip is  192.168.43.186
[49620.532518]                           old connect ip is  192.168.43.237
[49620.539199]                                     but it isn't seted ip , so close it
[49621.065779] accepted a http connect , new connect ip is  192.168.43.186
[49621.072541]                           old connect ip is  192.168.43.237
[49621.079211]                                     but it isn't seted ip , so close it
[49621.592477] accepted a http connect , new connect ip is  192.168.43.186
[49621.599320]                           old connect ip is  192.168.43.237
[49621.605970]                                     but it isn't seted ip , so close it
[49622.125612] accepted a http connect , new connect ip is  192.168.43.186
[49622.132442]                           old connect ip is  192.168.43.237
[49622.139115]                                     but it isn't seted ip , so close it
[49622.652209] accepted a http connect , new connect ip is  192.168.43.186
[49622.659017]                           old connect ip is  192.168.43.237
[49622.665713]                                     but it isn't seted ip , so close it
[49623.178419] accepted a http connect , new connect ip is  192.168.43.186
[49623.185149]                           old connect ip is  192.168.43.237
[49623.191815]                                     but it isn't seted ip , so close it
[49623.708093] accepted a http connect , new connect ip is  192.168.43.186
[49623.714875]                           old connect ip is  192.168.43.237
[49623.721523]                                     but it isn't seted ip , so close it
[49624.245702] accepted a http connect , new connect ip is  192.168.43.186
[49624.252435]                           old connect ip is  192.168.43.237
[49624.259117]                                     but it isn't seted ip , so close it
[49624.775815] accepted a http connect , new connect ip is  192.168.43.186
[49624.782621]                           old connect ip is  192.168.43.237
[49624.789271]                                     but it isn't seted ip , so close it
[49625.315729] accepted a http connect , new connect ip is  192.168.43.186
[49625.322502]                           old connect ip is  192.168.43.237
[49625.329161]                                     but it isn't seted ip , so close it
[49625.855582] accepted a http connect , new connect ip is  192.168.43.186
[49625.862321]                           old connect ip is  192.168.43.237
[49625.869002]                                     but it isn't seted ip , so close it
[49626.395795] accepted a http connect , new connect ip is  192.168.43.186
[49626.402535]                           old connect ip is  192.168.43.237
[49626.409242]                                     but it isn't seted ip , so close it
[49626.925657] accepted a http connect , new connect ip is  192.168.43.186
[49626.932442]                           old connect ip is  192.168.43.237
[49626.939106]                                     but it isn't seted ip , so close it
[49627.465705] accepted a http connect , new connect ip is  192.168.43.186
[49627.472476]                           old connect ip is  192.168.43.237
[49627.479151]                                     but it isn't seted ip , so close it
[49627.995935] accepted a http connect , new connect ip is  192.168.43.186
[49628.002801]                           old connect ip is  192.168.43.237
[49628.009503]                                     but it isn't seted ip , so close it
[49628.535915] accepted a http connect , new connect ip is  192.168.43.186
[49628.542728]                           old connect ip is  192.168.43.237
[49628.549460]                                     but it isn't seted ip , so close it
[49629.075692] accepted a http connect , new connect ip is  192.168.43.186
[49629.082449]                           old connect ip is  192.168.43.237
[49629.089101]                                     but it isn't seted ip , so close it
[49629.602382] accepted a http connect , new connect ip is  192.168.43.186
[49629.609143]                           old connect ip is  192.168.43.237
[49629.615818]                                     but it isn't seted ip , so close it
[49630.135614] accepted a http connect , new connect ip is  192.168.43.186
[49630.142361]                           old connect ip is  192.168.43.237
[49630.149029]                                     but it isn't seted ip , so close it
[49630.661695] accepted a http connect , new connect ip is  192.168.43.186
[49630.668463]                           old connect ip is  192.168.43.237
[49630.675155]                                     but it isn't seted ip , so close it
[49631.197705] accepted a http connect , new connect ip is  192.168.43.186
[49631.204467]                           old connect ip is  192.168.43.237
[49631.211133]                                     but it isn't seted ip , so close it
[49631.728616] accepted a http connect , new connect ip is  192.168.43.186
[49631.735385]                           old connect ip is  192.168.43.237
[49631.742035]                                     but it isn't seted ip , so close it
[49632.265951] accepted a http connect , new connect ip is  192.168.43.186
[49632.272711]                           old connect ip is  192.168.43.237
[49632.279373]                                     but it isn't seted ip , so close it
[49632.795715] accepted a http connect , new connect ip is  192.168.43.186
[49632.802472]                           old connect ip is  192.168.43.237
[49632.809120]                                     but it isn't seted ip , so close it
[49633.325784] accepted a http connect , new connect ip is  192.168.43.186
[49633.332575]                           old connect ip is  192.168.43.237
[49633.339314]                                     but it isn't seted ip , so close it
[49633.851974] accepted a http connect , new connect ip is  192.168.43.186
[49633.858737]                           old connect ip is  192.168.43.237
[49633.865400]                                     but it isn't seted ip , so close it
[49634.381970] accepted a http connect , new connect ip is  192.168.43.186
[49634.388721]                           old connect ip is  192.168.43.237
[49634.395390]                                     but it isn't seted ip , so close it
[49634.915552] accepted a http connect , new connect ip is  192.168.43.186
[49634.922284]                           old connect ip is  192.168.43.237
[49634.928969]                                     but it isn't seted ip , so close it
[49635.455948] accepted a http connect , new connect ip is  192.168.43.186
[49635.462797]                           old connect ip is  192.168.43.237
[49635.469455]                                     but it isn't seted ip , so close it
[49635.995680] accepted a http connect , new connect ip is  192.168.43.186
[49636.002460]                           old connect ip is  192.168.43.237
[49636.009118]                                     but it isn't seted ip , so close it
[49636.525493] accepted a http connect , new connect ip is  192.168.43.186
[49636.532263]                           old connect ip is  192.168.43.237
[49636.538935]                                     but it isn't seted ip , so close it
[49637.065923] accepted a http connect , new connect ip is  192.168.43.186
[49637.072608]                           old connect ip is  192.168.43.237
[49637.079257]                                     but it isn't seted ip , so close it
[49637.596580] accepted a http connect , new connect ip is  192.168.43.186
[49637.603320]                           old connect ip is  192.168.43.237
[49637.609963]                                     but it isn't seted ip , so close it
[49638.135417] accepted a http connect , new connect ip is  192.168.43.186
[49638.142188]                           old connect ip is  192.168.43.237
[49638.148835]                                     but it isn't seted ip , so close it
[49638.661777] accepted a http connect , new connect ip is  192.168.43.186
[49638.668544]                           old connect ip is  192.168.43.237
[49638.675223]                                     but it isn't seted ip , so close it
[49639.195596] accepted a http connect , new connect ip is  192.168.43.186
[49639.202375]                           old connect ip is  192.168.43.237
[49639.209026]                                     but it isn't seted ip , so close it
[49639.722044] accepted a http connect , new connect ip is  192.168.43.186
[49639.728880]                           old connect ip is  192.168.43.237
[49639.735601]                                     but it isn't seted ip , so close it
[49640.255505] accepted a http connect , new connect ip is  192.168.43.186
[49640.262249]                           old connect ip is  192.168.43.237
[49640.268965]                                     but it isn't seted ip , so close it
[49640.785480] accepted a http connect , new connect ip is  192.168.43.186
[49640.792251]                           old connect ip is  192.168.43.237
[49640.798944]                                     but it isn't seted ip , so close it
[49641.315536] accepted a http connect , new connect ip is  192.168.43.186
[49641.322282]                           old connect ip is  192.168.43.237
[49641.328931]                                     but it isn't seted ip , so close it
[49641.855632] accepted a http connect , new connect ip is  192.168.43.186
[49641.862391]                           old connect ip is  192.168.43.237
[49641.869041]                                     but it isn't seted ip , so close it
[49642.385496] accepted a http connect , new connect ip is  192.168.43.186
[49642.392233]                           old connect ip is  192.168.43.237
[49642.398894]                                     but it isn't seted ip , so close it
[49642.915689] accepted a http connect , new connect ip is  192.168.43.186
[49642.922458]                           old connect ip is  192.168.43.237
[49642.929115]                                     but it isn't seted ip , so close it
[49643.455430] accepted a http connect , new connect ip is  192.168.43.186
[49643.462204]                           old connect ip is  192.168.43.237
[49643.468852]                                     but it isn't seted ip , so close it
[49643.995461] accepted a http connect , new connect ip is  192.168.43.186
[49644.002297]                           old connect ip is  192.168.43.237
[49644.008948]                                     but it isn't seted ip , so close it
[49644.525336] accepted a http connect , new connect ip is  192.168.43.186
[49644.532080]                           old connect ip is  192.168.43.237
[49644.538746]                                     but it isn't seted ip , so close it
[49645.065936] accepted a http connect , new connect ip is  192.168.43.186
[49645.072739]                           old connect ip is  192.168.43.237
[49645.079425]                                     but it isn't seted ip , so close it
[49645.592358] accepted a http connect , new connect ip is  192.168.43.186
[49645.599145]                           old connect ip is  192.168.43.237
[49645.605798]                                     but it isn't seted ip , so close it
[49646.120943] accepted a http connect , new connect ip is  192.168.43.186
[49646.127730]                           old connect ip is  192.168.43.237
[49646.134401]                                     but it isn't seted ip , so close it
[49646.647257] accepted a http connect , new connect ip is  192.168.43.186
[49646.654012]                           old connect ip is  192.168.43.237
[49646.660673]                                     but it isn't seted ip , so close it
[49647.185715] accepted a http connect , new connect ip is  192.168.43.186
[49647.192482]                           old connect ip is  192.168.43.237
[49647.199201]                                     but it isn't seted ip , so close it
[49647.712182] accepted a http connect , new connect ip is  192.168.43.186
[49647.718979]                           old connect ip is  192.168.43.237
[49647.725632]                                     but it isn't seted ip , so close it
[49648.245323] accepted a http connect , new connect ip is  192.168.43.186
[49648.252055]                           old connect ip is  192.168.43.237
[49648.258731]                                     but it isn't seted ip , so close it
[49648.772303] accepted a http connect , new connect ip is  192.168.43.186
[49648.779193]                           old connect ip is  192.168.43.237
[49648.785916]                                     but it isn't seted ip , so close it
[49649.315498] accepted a http connect , new connect ip is  192.168.43.186
[49649.322192]                           old connect ip is  192.168.43.237
[49649.328855]                                     but it isn't seted ip , so close it
[49649.845794] accepted a http connect , new connect ip is  192.168.43.186
[49649.852583]                           old connect ip is  192.168.43.237
[49649.859253]                                     but it isn't seted ip , so close it
[49650.385571] accepted a http connect , new connect ip is  192.168.43.186
[49650.392359]                           old connect ip is  192.168.43.237
[49650.399035]                                     but it isn't seted ip , so close it
[49650.915469] accepted a http connect , new connect ip is  192.168.43.186
[49650.922240]                           old connect ip is  192.168.43.237
[49650.928893]                                     but it isn't seted ip , so close it
[49651.445285] accepted a http connect , new connect ip is  192.168.43.186
[49651.452030]                           old connect ip is  192.168.43.237
[49651.458731]                                     but it isn't seted ip , so close it
[49651.975342] accepted a http connect , new connect ip is  192.168.43.186
[49651.982084]                           old connect ip is  192.168.43.237
[49651.988760]                                     but it isn't seted ip , so close it
[49652.505487] accepted a http connect , new connect ip is  192.168.43.186
[49652.512230]                           old connect ip is  192.168.43.237
[49652.518966]                                     but it isn't seted ip , so close it
[49653.035591] accepted a http connect , new connect ip is  192.168.43.186
[49653.042362]                           old connect ip is  192.168.43.237
[49653.049021]                                     but it isn't seted ip , so close it
[49653.575466] accepted a http connect , new connect ip is  192.168.43.186
[49653.582238]                           old connect ip is  192.168.43.237
[49653.588902]                                     but it isn't seted ip , so close it
[49654.115409] accepted a http connect , new connect ip is  192.168.43.186
[49654.122160]                           old connect ip is  192.168.43.237
[49654.128837]                                     but it isn't seted ip , so close it
[49654.642576] accepted a http connect , new connect ip is  192.168.43.186
[49654.649364]                           old connect ip is  192.168.43.237
[49654.656076]                                     but it isn't seted ip , so close it
[49655.175379] accepted a http connect , new connect ip is  192.168.43.186
[49655.182180]                           old connect ip is  192.168.43.237
[49655.188829]                                     but it isn't seted ip , so close it
[49655.702251] accepted a http connect , new connect ip is  192.168.43.186
[49655.708981]                           old connect ip is  192.168.43.237
[49655.715644]                                     but it isn't seted ip , so close it
[49656.235427] accepted a http connect , new connect ip is  192.168.43.186
[49656.242196]                           old connect ip is  192.168.43.237
[49656.248855]                                     but it isn't seted ip , so close it
[49656.764762] accepted a http connect , new connect ip is  192.168.43.186
[49656.771561]                           old connect ip is  192.168.43.237
[49656.778304]                                     but it isn't seted ip , so close it
[49657.303220] accepted a http connect , new connect ip is  192.168.43.186
[49657.309964]                           old connect ip is  192.168.43.237
[49657.316675]                                     but it isn't seted ip , so close it
[49657.829670] accepted a http connect , new connect ip is  192.168.43.186
[49657.836438]                           old connect ip is  192.168.43.237
[49657.843109]                                     but it isn't seted ip , so close it
[49658.365522] accepted a http connect , new connect ip is  192.168.43.186
[49658.372314]                           old connect ip is  192.168.43.237
[49658.379001]                                     but it isn't seted ip , so close it
[49658.895368] accepted a http connect , new connect ip is  192.168.43.186
[49658.902151]                           old connect ip is  192.168.43.237
[49658.908797]                                     but it isn't seted ip , so close it
[49659.435427] accepted a http connect , new connect ip is  192.168.43.186
[49659.442178]                           old connect ip is  192.168.43.237
[49659.448826]                                     but it isn't seted ip , so close it
[49659.965532] accepted a http connect , new connect ip is  192.168.43.186
[49659.972324]                           old connect ip is  192.168.43.237
[49659.978994]                                     but it isn't seted ip , so close it
[49660.495583] accepted a http connect , new connect ip is  192.168.43.186
[49660.502342]                           old connect ip is  192.168.43.237
[49660.509019]                                     but it isn't seted ip , so close it
[49661.035463] accepted a http connect , new connect ip is  192.168.43.186
[49661.042404]                           old connect ip is  192.168.43.237
[49661.049080]                                     but it isn't seted ip , so close it
[49661.575280] accepted a http connect , new connect ip is  192.168.43.186
[49661.582017]                           old connect ip is  192.168.43.237
[49661.588668]                                     but it isn't seted ip , so close it
[49662.105462] accepted a http connect , new connect ip is  192.168.43.186
[49662.112242]                           old connect ip is  192.168.43.237
[49662.118906]                                     but it isn't seted ip , so close it
[49662.638166] accepted a http connect , new connect ip is  192.168.43.186
[49662.644895]                           old connect ip is  192.168.43.237
[49662.651538]                                     but it isn't seted ip , so close it
[49663.175344] accepted a http connect , new connect ip is  192.168.43.186
[49663.182073]                           old connect ip is  192.168.43.237
[49663.188740]                                     but it isn't seted ip , so close it
[49663.701412] accepted a http connect , new connect ip is  192.168.43.186
[49663.708151]                           old connect ip is  192.168.43.237
[49663.714829]                                     but it isn't seted ip , so close it
[49664.235447] accepted a http connect , new connect ip is  192.168.43.186
[49664.242230]                           old connect ip is  192.168.43.237
[49664.248885]                                     but it isn't seted ip , so close it
[49664.761634] accepted a http connect , new connect ip is  192.168.43.186
[49664.768441]                           old connect ip is  192.168.43.237
[49664.775181]                                     but it isn't seted ip , so close it
[49665.295092] accepted a http connect , new connect ip is  192.168.43.186
[49665.301828]                           old connect ip is  192.168.43.237
[49665.308477]                                     but it isn't seted ip , so close it
[49665.821139] accepted a http connect , new connect ip is  192.168.43.186
[49665.827908]                           old connect ip is  192.168.43.237
[49665.834577]                                     but it isn't seted ip , so close it
[49666.355453] accepted a http connect , new connect ip is  192.168.43.186
[49666.362199]                           old connect ip is  192.168.43.237
[49666.368954]                                     but it isn't seted ip , so close it
[49666.885540] accepted a http connect , new connect ip is  192.168.43.186
[49666.892253]                           old connect ip is  192.168.43.237
[49666.898912]                                     but it isn't seted ip , so close it
[49667.416674] accepted a http connect , new connect ip is  192.168.43.186
[49667.423386]                           old connect ip is  192.168.43.237
[49667.430045]                                     but it isn't seted ip , so close it
[49667.943923] accepted a http connect , new connect ip is  192.168.43.186
[49667.950598]                           old connect ip is  192.168.43.237
[49667.957239]                                     but it isn't seted ip , so close it
[49668.470485] accepted a http connect , new connect ip is  192.168.43.186
[49668.477157]                           old connect ip is  192.168.43.237
[49668.483787]                                     but it isn't seted ip , so close it
[49668.996593] accepted a http connect , new connect ip is  192.168.43.186
[49669.003281]                           old connect ip is  192.168.43.237
[49669.009930]                                     but it isn't seted ip , so close it
[49669.535608] accepted a http connect , new connect ip is  192.168.43.186
[49669.542304]                           old connect ip is  192.168.43.237
[49669.548953]                                     but it isn't seted ip , so close it
[49670.065392] accepted a http connect , new connect ip is  192.168.43.186
[49670.072070]                           old connect ip is  192.168.43.237
[49670.078723]                                     but it isn't seted ip , so close it
[49670.595270] accepted a http connect , new connect ip is  192.168.43.186
[49670.602006]                           old connect ip is  192.168.43.237
[49670.608747]                                     but it isn't seted ip , so close it
[49671.125302] accepted a http connect , new connect ip is  192.168.43.186
[49671.132003]                           old connect ip is  192.168.43.237
[49671.138671]                                     but it isn't seted ip , so close it
[49671.652492] accepted a http connect , new connect ip is  192.168.43.186
[49671.659191]                           old connect ip is  192.168.43.237
[49671.665854]                                     but it isn't seted ip , so close it
[49672.185103] accepted a http connect , new connect ip is  192.168.43.186
[49672.191863]                           old connect ip is  192.168.43.237
[49672.198546]                                     but it isn't seted ip , so close it
[49672.713675] accepted a http connect , new connect ip is  192.168.43.186
[49672.720514]                           old connect ip is  192.168.43.237
[49672.727161]                                     but it isn't seted ip , so close it
[49673.245203] accepted a http connect , new connect ip is  192.168.43.186
[49673.252004]                           old connect ip is  192.168.43.237
[49673.258682]                                     but it isn't seted ip , so close it
[49673.773869] accepted a http connect , new connect ip is  192.168.43.186
[49673.780641]                           old connect ip is  192.168.43.237
[49673.787305]                                     but it isn't seted ip , so close it
[49674.305301] accepted a http connect , new connect ip is  192.168.43.186
[49674.312055]                           old connect ip is  192.168.43.237
[49674.318726]                                     but it isn't seted ip , so close it
[49674.832230] accepted a http connect , new connect ip is  192.168.43.186
[49674.839012]                           old connect ip is  192.168.43.237
[49674.845669]                                     but it isn't seted ip , so close it
[49675.375224] accepted a http connect , new connect ip is  192.168.43.186
[49675.381959]                           old connect ip is  192.168.43.237
[49675.388602]                                     but it isn't seted ip , so close it
[49675.905397] accepted a http connect , new connect ip is  192.168.43.186
[49675.912261]                           old connect ip is  192.168.43.237
[49675.918936]                                     but it isn't seted ip , so close it
[49676.445214] accepted a http connect , new connect ip is  192.168.43.186
[49676.451968]                           old connect ip is  192.168.43.237
[49676.458631]                                     but it isn't seted ip , so close it
[49676.975243] accepted a http connect , new connect ip is  192.168.43.186
[49676.981985]                           old connect ip is  192.168.43.237
[49676.988650]                                     but it isn't seted ip , so close it
[49677.515218] accepted a http connect , new connect ip is  192.168.43.186
[49677.521947]                           old connect ip is  192.168.43.237
[49677.528607]                                     but it isn't seted ip , so close it
[49678.045112] accepted a http connect , new connect ip is  192.168.43.186
[49678.051865]                           old connect ip is  192.168.43.237
[49678.058526]                                     but it isn't seted ip , so close it
[49678.575404] accepted a http connect , new connect ip is  192.168.43.186
[49678.582188]                           old connect ip is  192.168.43.237
[49678.588841]                                     but it isn't seted ip , so close it
[49679.115316] accepted a http connect , new connect ip is  192.168.43.186
[49679.122073]                           old connect ip is  192.168.43.237
[49679.128753]                                     but it isn't seted ip , so close it
[49679.658558] accepted a http connect , new connect ip is  192.168.43.186
[49679.665308]                           old connect ip is  192.168.43.237
[49679.671959]                                     but it isn't seted ip , so close it
[49680.188083] accepted a http connect , new connect ip is  192.168.43.186
[49680.194920]                           old connect ip is  192.168.43.237
[49680.201572]                                     but it isn't seted ip , so close it
[49680.716781] accepted a http connect , new connect ip is  192.168.43.186
[49680.723542]                           old connect ip is  192.168.43.237
[49680.730190]                                     but it isn't seted ip , so close it
[49681.255233] accepted a http connect , new connect ip is  192.168.43.186
[49681.261963]                           old connect ip is  192.168.43.237
[49681.268642]                                     but it isn't seted ip , so close it
[49681.781463] accepted a http connect , new connect ip is  192.168.43.186
[49681.788237]                           old connect ip is  192.168.43.237
[49681.794904]                                     but it isn't seted ip , so close it
[49682.315308] accepted a http connect , new connect ip is  192.168.43.186
[49682.322165]                           old connect ip is  192.168.43.237
[49682.328837]                                     but it isn't seted ip , so close it
[49682.845153] accepted a http connect , new connect ip is  192.168.43.186
[49682.851924]                           old connect ip is  192.168.43.237
[49682.858607]                                     but it isn't seted ip , so close it
[49683.385073] accepted a http connect , new connect ip is  192.168.43.186
[49683.391827]                           old connect ip is  192.168.43.237
[49683.398491]                                     but it isn't seted ip , so close it
[49683.914517] accepted a http connect , new connect ip is  192.168.43.186
[49683.921269]                           old connect ip is  192.168.43.237
[49683.927917]                                     but it isn't seted ip , so close it
[49684.445328] accepted a http connect , new connect ip is  192.168.43.186
[49684.452067]                           old connect ip is  192.168.43.237
[49684.458733]                                     but it isn't seted ip , so close it
[49684.975235] accepted a http connect , new connect ip is  192.168.43.186
[49684.982015]                           old connect ip is  192.168.43.237
[49684.988690]                                     but it isn't seted ip , so close it
[49685.515455] accepted a http connect , new connect ip is  192.168.43.186
[49685.522261]                           old connect ip is  192.168.43.237
[49685.528917]                                     but it isn't seted ip , so close it
[49686.054999] accepted a http connect , new connect ip is  192.168.43.186
[49686.061739]                           old connect ip is  192.168.43.237
[49686.068390]                                     but it isn't seted ip , so close it
[49686.585089] accepted a http connect , new connect ip is  192.168.43.186
[49686.591849]                           old connect ip is  192.168.43.237
[49686.598509]                                     but it isn't seted ip , so close it
[49687.115117] accepted a http connect , new connect ip is  192.168.43.186
[49687.121853]                           old connect ip is  192.168.43.237
[49687.128524]                                     but it isn't seted ip , so close it
[49687.645185] accepted a http connect , new connect ip is  192.168.43.186
[49687.651969]                           old connect ip is  192.168.43.237
[49687.658691]                                     but it isn't seted ip , so close it
[49688.185193] accepted a http connect , new connect ip is  192.168.43.186
[49688.191957]                           old connect ip is  192.168.43.237
[49688.198622]                                     but it isn't seted ip , so close it
[49688.712141] accepted a http connect , new connect ip is  192.168.43.186
[49688.718895]                           old connect ip is  192.168.43.237
[49688.725541]                                     but it isn't seted ip , so close it
[49689.245078] accepted a http connect , new connect ip is  192.168.43.186
[49689.251838]                           old connect ip is  192.168.43.237
[49689.258496]                                     but it isn't seted ip , so close it
[49689.771217] accepted a http connect , new connect ip is  192.168.43.186
[49689.777960]                           old connect ip is  192.168.43.237
[49689.784687]                                     but it isn't seted ip , so close it
[49690.304985] accepted a http connect , new connect ip is  192.168.43.186
[49690.311712]                           old connect ip is  192.168.43.237
[49690.318414]                                     but it isn't seted ip , so close it
[49690.831474] accepted a http connect , new connect ip is  192.168.43.186
[49690.838339]                           old connect ip is  192.168.43.237
[49690.845006]                                     but it isn't seted ip , so close it
[49691.365309] accepted a http connect , new connect ip is  192.168.43.186
[49691.372174]                           old connect ip is  192.168.43.237
[49691.378885]                                     but it isn't seted ip , so close it
[49691.892529] accepted a http connect , new connect ip is  192.168.43.186
[49691.899270]                           old connect ip is  192.168.43.237
[49691.905936]                                     but it isn't seted ip , so close it
[49692.418593] accepted a http connect , new connect ip is  192.168.43.186
[49692.425341]                           old connect ip is  192.168.43.237
[49692.432002]                                     but it isn't seted ip , so close it
[49693.041451] accepted a http connect , new connect ip is  192.168.43.186
[49693.048222]                           old connect ip is  192.168.43.237
[49693.054916]                                     but it isn't seted ip , so close it
[49693.575058] accepted a http connect , new connect ip is  192.168.43.186
[49693.581794]                           old connect ip is  192.168.43.237
[49693.588453]                                     but it isn't seted ip , so close it
[49694.115195] accepted a http connect , new connect ip is  192.168.43.186
[49694.121955]                           old connect ip is  192.168.43.237
[49694.128621]                                     but it isn't seted ip , so close it
[49694.645188] accepted a http connect , new connect ip is  192.168.43.186
[49694.651961]                           old connect ip is  192.168.43.237
[49694.658634]                                     but it isn't seted ip , so close it
[49695.174967] accepted a http connect , new connect ip is  192.168.43.186
[49695.181718]                           old connect ip is  192.168.43.237
[49695.188372]                                     but it isn't seted ip , so close it
[49695.702209] accepted a http connect , new connect ip is  192.168.43.186
[49695.709016]                           old connect ip is  192.168.43.237
[49695.715688]                                     but it isn't seted ip , so close it
[49696.234968] accepted a http connect , new connect ip is  192.168.43.186
[49696.241700]                           old connect ip is  192.168.43.237
[49696.248374]                                     but it isn't seted ip , so close it
[49696.761026] accepted a http connect , new connect ip is  192.168.43.186
[49696.767816]                           old connect ip is  192.168.43.237
[49696.774515]                                     but it isn't seted ip , so close it
[49697.295004] accepted a http connect , new connect ip is  192.168.43.186
[49697.301762]                           old connect ip is  192.168.43.237
[49697.308452]                                     but it isn't seted ip , so close it
[49697.822426] accepted a http connect , new connect ip is  192.168.43.186
[49697.829121]                           old connect ip is  192.168.43.237
[49697.835767]                                     but it isn't seted ip , so close it
[49698.354943] accepted a http connect , new connect ip is  192.168.43.186
[49698.361605]                           old connect ip is  192.168.43.237
[49698.368252]                                     but it isn't seted ip , so close it
[49698.880798] accepted a http connect , new connect ip is  192.168.43.186
[49698.887550]                           old connect ip is  192.168.43.237
[49698.894219]                                     but it isn't seted ip , so close it
[49699.415107] accepted a http connect , new connect ip is  192.168.43.186
[49699.421840]                           old connect ip is  192.168.43.237
[49699.428541]                                     but it isn't seted ip , so close it
[49699.945172] accepted a http connect , new connect ip is  192.168.43.186
[49699.951984]                           old connect ip is  192.168.43.237
[49699.958699]                                     but it isn't seted ip , so close it
[49700.485033] accepted a http connect , new connect ip is  192.168.43.186
[49700.491776]                           old connect ip is  192.168.43.237
[49700.498448]                                     but it isn't seted ip , so close it
[49701.024970] accepted a http connect , new connect ip is  192.168.43.186
[49701.031727]                           old connect ip is  192.168.43.237
[49701.038386]                                     but it isn't seted ip , so close it
[49701.554892] accepted a http connect , new connect ip is  192.168.43.186
[49701.561624]                           old connect ip is  192.168.43.237
[49701.568272]                                     but it isn't seted ip , so close it
[49702.085338] accepted a http connect , new connect ip is  192.168.43.186
[49702.092090]                           old connect ip is  192.168.43.237
[49702.098749]                                     but it isn't seted ip , so close it
[49702.634798] accepted a http connect , new connect ip is  192.168.43.186
[49702.641715]                           old connect ip is  192.168.43.237
[49702.648406]                                     but it isn't seted ip , so close it
[49703.175361] accepted a http connect , new connect ip is  192.168.43.186
[49703.182266]                           old connect ip is  192.168.43.237
[49703.188946]                                     but it isn't seted ip , so close it
[49703.703369] accepted a http connect , new connect ip is  192.168.43.186
[49703.710241]                           old connect ip is  192.168.43.237
[49703.716959]                                     but it isn't seted ip , so close it
[49704.234976] accepted a http connect , new connect ip is  192.168.43.186
[49704.241805]                           old connect ip is  192.168.43.237
[49704.248484]                                     but it isn't seted ip , so close it
[49704.761724] accepted a http connect , new connect ip is  192.168.43.186
[49704.768497]                           old connect ip is  192.168.43.237
[49704.775167]                                     but it isn't seted ip , so close it
[49705.294853] accepted a http connect , new connect ip is  192.168.43.186
[49705.301584]                           old connect ip is  192.168.43.237
[49705.308245]                                     but it isn't seted ip , so close it
[49705.821091] accepted a http connect , new connect ip is  192.168.43.186
[49705.827852]                           old connect ip is  192.168.43.237
[49705.834539]                                     but it isn't seted ip , so close it
[49706.354832] accepted a http connect , new connect ip is  192.168.43.186
[49706.361583]                           old connect ip is  192.168.43.237
[49706.368230]                                     but it isn't seted ip , so close it
[49706.881719] accepted a http connect , new connect ip is  192.168.43.186
[49706.888473]                           old connect ip is  192.168.43.237
[49706.895142]                                     but it isn't seted ip , so close it
[49707.414886] accepted a http connect , new connect ip is  192.168.43.186
[49707.421618]                           old connect ip is  192.168.43.237
[49707.428322]                                     but it isn't seted ip , so close it
[49707.944860] accepted a http connect , new connect ip is  192.168.43.186
[49707.951628]                           old connect ip is  192.168.43.237
[49707.958296]                                     but it isn't seted ip , so close it
[49708.474952] accepted a http connect , new connect ip is  192.168.43.186
[49708.481714]                           old connect ip is  192.168.43.237
[49708.488366]                                     but it isn't seted ip , so close it
[49709.015366] accepted a http connect , new connect ip is  192.168.43.186
[49709.022167]                           old connect ip is  192.168.43.237
[49709.028813]                                     but it isn't seted ip , so close it
[49709.555041] accepted a http connect , new connect ip is  192.168.43.186
[49709.561789]                           old connect ip is  192.168.43.237
[49709.568543]                                     but it isn't seted ip , so close it
[49710.094956] accepted a http connect , new connect ip is  192.168.43.186
[49710.101724]                           old connect ip is  192.168.43.237
[49710.108377]                                     but it isn't seted ip , so close it
[49710.624725] accepted a http connect , new connect ip is  192.168.43.186
[49710.631466]                           old connect ip is  192.168.43.237
[49710.638138]                                     but it isn't seted ip , so close it
[49711.154842] accepted a http connect , new connect ip is  192.168.43.186
[49711.161581]                           old connect ip is  192.168.43.237
[49711.168261]                                     but it isn't seted ip , so close it
[49711.684898] accepted a http connect , new connect ip is  192.168.43.186
[49711.691705]                           old connect ip is  192.168.43.237
[49711.698377]                                     but it isn't seted ip , so close it
[49712.224926] accepted a http connect , new connect ip is  192.168.43.186
[49712.231675]                           old connect ip is  192.168.43.237
[49712.238340]                                     but it isn't seted ip , so close it
[49712.752088] accepted a http connect , new connect ip is  192.168.43.186
[49712.758755]                           old connect ip is  192.168.43.237
[49712.765388]                                     but it isn't seted ip , so close it
[49713.284999] accepted a http connect , new connect ip is  192.168.43.186
[49713.291863]                           old connect ip is  192.168.43.237
[49713.298556]                                     but it isn't seted ip , so close it
[49713.811796] accepted a http connect , new connect ip is  192.168.43.186
[49713.818546]                           old connect ip is  192.168.43.237
[49713.825193]                                     but it isn't seted ip , so close it
[49714.344973] accepted a http connect , new connect ip is  192.168.43.186
[49714.351746]                           old connect ip is  192.168.43.237
[49714.358434]                                     but it isn't seted ip , so close it
[49714.871965] accepted a http connect , new connect ip is  192.168.43.186
[49714.878862]                           old connect ip is  192.168.43.237
[49714.885563]                                     but it isn't seted ip , so close it
[49715.404933] accepted a http connect , new connect ip is  192.168.43.186
[49715.411738]                           old connect ip is  192.168.43.237
[49715.418544]                                     but it isn't seted ip , so close it
[49715.937387] accepted a http connect , new connect ip is  192.168.43.186
[49715.944130]                           old connect ip is  192.168.43.237
[49715.950775]                                     but it isn't seted ip , so close it
[49716.463777] accepted a http connect , new connect ip is  192.168.43.186
[49716.470511]                           old connect ip is  192.168.43.237
[49716.477177]                                     but it isn't seted ip , so close it
[49716.994848] accepted a http connect , new connect ip is  192.168.43.186
[49717.001553]                           old connect ip is  192.168.43.237
[49717.008223]                                     but it isn't seted ip , so close it
[49717.520495] accepted a http connect , new connect ip is  192.168.43.186
[49717.527155]                           old connect ip is  192.168.43.237
[49717.533796]                                     but it isn't seted ip , so close it
[49718.054905] accepted a http connect , new connect ip is  192.168.43.186
[49718.061653]                           old connect ip is  192.168.43.237
[49718.068316]                                     but it isn't seted ip , so close it
[49718.584854] accepted a http connect , new connect ip is  192.168.43.186
[49718.591614]                           old connect ip is  192.168.43.237
[49718.598288]                                     but it isn't seted ip , so close it
[49719.114878] accepted a http connect , new connect ip is  192.168.43.186
[49719.121664]                           old connect ip is  192.168.43.237
[49719.128364]                                     but it isn't seted ip , so close it
[49719.644712] accepted a http connect , new connect ip is  192.168.43.186
[49719.651461]                           old connect ip is  192.168.43.237
[49719.658132]                                     but it isn't seted ip , so close it
[49720.174852] accepted a http connect , new connect ip is  192.168.43.186
[49720.181587]                           old connect ip is  192.168.43.237
[49720.188248]                                     but it isn't seted ip , so close it
[49720.706736] accepted a http connect , new connect ip is  192.168.43.186
[49720.713601]                           old connect ip is  192.168.43.237
[49720.720271]                                     but it isn't seted ip , so close it
[49721.246238] accepted a http connect , new connect ip is  192.168.43.186
[49721.253031]                           old connect ip is  192.168.43.237
[49721.259684]                                     but it isn't seted ip , so close it
[49721.777805] accepted a http connect , new connect ip is  192.168.43.186
[49721.784563]                           old connect ip is  192.168.43.237
[49721.791213]                                     but it isn't seted ip , so close it
[49722.314828] accepted a http connect , new connect ip is  192.168.43.186
[49722.321580]                           old connect ip is  192.168.43.237
[49722.328246]                                     but it isn't seted ip , so close it
[49722.840779] accepted a http connect , new connect ip is  192.168.43.186
[49722.847530]                           old connect ip is  192.168.43.237
[49722.854208]                                     but it isn't seted ip , so close it
[49723.374718] accepted a http connect , new connect ip is  192.168.43.186
[49723.381462]                           old connect ip is  192.168.43.237
[49723.388110]                                     but it isn't seted ip , so close it
[49723.900647] accepted a http connect , new connect ip is  192.168.43.186
[49723.907431]                           old connect ip is  192.168.43.237
[49723.914101]                                     but it isn't seted ip , so close it
[49724.434590] accepted a http connect , new connect ip is  192.168.43.186
[49724.441353]                           old connect ip is  192.168.43.237
[49724.448032]                                     but it isn't seted ip , so close it
[49724.964610] accepted a http connect , new connect ip is  192.168.43.186
[49724.971372]                           old connect ip is  192.168.43.237
[49724.978032]                                     but it isn't seted ip , so close it
[49725.494967] accepted a http connect , new connect ip is  192.168.43.186
[49725.501798]                           old connect ip is  192.168.43.237
[49725.508513]                                     but it isn't seted ip , so close it
[49726.024726] accepted a http connect , new connect ip is  192.168.43.186
[49726.031477]                           old connect ip is  192.168.43.237
[49726.038146]                                     but it isn't seted ip , so close it
[49726.566276] accepted a http connect , new connect ip is  192.168.43.186
[49726.573056]                           old connect ip is  192.168.43.237
[49726.579985]                                     but it isn't seted ip , so close it
[49727.104776] accepted a http connect , new connect ip is  192.168.43.186
[49727.111474]                           old connect ip is  192.168.43.237
[49727.118130]                                     but it isn't seted ip , so close it
[49727.644763] accepted a http connect , new connect ip is  192.168.43.186
[49727.651503]                           old connect ip is  192.168.43.237
[49727.658173]                                     but it isn't seted ip , so close it
[49728.171834] accepted a http connect , new connect ip is  192.168.43.186
[49728.178621]                           old connect ip is  192.168.43.237
[49728.185287]                                     but it isn't seted ip , so close it
[49728.704924] accepted a http connect , new connect ip is  192.168.43.186
[49728.711665]                           old connect ip is  192.168.43.237
[49728.718379]                                     but it isn't seted ip , so close it
[49729.234821] accepted a http connect , new connect ip is  192.168.43.186
[49729.241590]                           old connect ip is  192.168.43.237
[49729.248258]                                     but it isn't seted ip , so close it
[49729.760977] accepted a http connect , new connect ip is  192.168.43.186
[49729.767752]                           old connect ip is  192.168.43.237
[49729.774417]                                     but it isn't seted ip , so close it
[49730.294572] accepted a http connect , new connect ip is  192.168.43.186
[49730.301314]                           old connect ip is  192.168.43.237
[49730.307965]                                     but it isn't seted ip , so close it
[49730.820823] accepted a http connect , new connect ip is  192.168.43.186
[49730.827568]                           old connect ip is  192.168.43.237
[49730.834282]                                     but it isn't seted ip , so close it
[49731.354605] accepted a http connect , new connect ip is  192.168.43.186
[49731.361343]                           old connect ip is  192.168.43.237
[49731.368007]                                     but it isn't seted ip , so close it
[49731.880975] accepted a http connect , new connect ip is  192.168.43.186
[49731.887753]                           old connect ip is  192.168.43.237
[49731.894422]                                     but it isn't seted ip , so close it
[49732.414910] accepted a http connect , new connect ip is  192.168.43.186
[49732.421655]                           old connect ip is  192.168.43.237
[49732.428319]                                     but it isn't seted ip , so close it
[49732.946645] accepted a http connect , new connect ip is  192.168.43.186
[49732.953449]                           old connect ip is  192.168.43.237
[49732.960188]                                     but it isn't seted ip , so close it
[49733.484603] accepted a http connect , new connect ip is  192.168.43.186
[49733.491408]                           old connect ip is  192.168.43.237
[49733.498085]                                     but it isn't seted ip , so close it
[49734.024543] accepted a http connect , new connect ip is  192.168.43.186
[49734.031288]                           old connect ip is  192.168.43.237
[49734.037957]                                     but it isn't seted ip , so close it
[49734.554839] accepted a http connect , new connect ip is  192.168.43.186
[49734.561621]                           old connect ip is  192.168.43.237
[49734.568272]                                     but it isn't seted ip , so close it
[49735.094539] accepted a http connect , new connect ip is  192.168.43.186
[49735.101281]                           old connect ip is  192.168.43.237
[49735.107932]                                     but it isn't seted ip , so close it
[49735.634686] accepted a http connect , new connect ip is  192.168.43.186
[49735.641428]                           old connect ip is  192.168.43.237
[49735.648085]                                     but it isn't seted ip , so close it
[49736.164771] accepted a http connect , new connect ip is  192.168.43.186
[49736.171508]                           old connect ip is  192.168.43.237
[49736.178181]                                     but it isn't seted ip , so close it
[49736.694596] accepted a http connect , new connect ip is  192.168.43.186
[49736.701334]                           old connect ip is  192.168.43.237
[49736.708005]                                     but it isn't seted ip , so close it
[49737.237289] accepted a http connect , new connect ip is  192.168.43.186
[49737.244089]                           old connect ip is  192.168.43.237
[49737.250743]                                     but it isn't seted ip , so close it
[49737.763495] accepted a http connect , new connect ip is  192.168.43.186
[49737.770254]                           old connect ip is  192.168.43.237
[49737.776921]                                     but it isn't seted ip , so close it
[49738.304575] accepted a http connect , new connect ip is  192.168.43.186
[49738.311305]                           old connect ip is  192.168.43.237
[49738.317985]                                     but it isn't seted ip , so close it
[49738.830890] accepted a http connect , new connect ip is  192.168.43.186
[49738.837677]                           old connect ip is  192.168.43.237
[49738.844345]                                     but it isn't seted ip , so close it
[49739.364755] accepted a http connect , new connect ip is  192.168.43.186
[49739.371547]                           old connect ip is  192.168.43.237
[49739.378218]                                     but it isn't seted ip , so close it
[49739.892201] accepted a http connect , new connect ip is  192.168.43.186
[49739.899127]                           old connect ip is  192.168.43.237
[49739.905796]                                     but it isn't seted ip , so close it
[49740.424646] accepted a http connect , new connect ip is  192.168.43.186
[49740.431419]                           old connect ip is  192.168.43.237
[49740.438085]                                     but it isn't seted ip , so close it
[49740.950862] accepted a http connect , new connect ip is  192.168.43.186
[49740.957636]                           old connect ip is  192.168.43.237
[49740.964296]                                     but it isn't seted ip , so close it
[49741.494772] accepted a http connect , new connect ip is  192.168.43.186
[49741.501530]                           old connect ip is  192.168.43.237
[49741.508198]                                     but it isn't seted ip , so close it
[49742.024462] accepted a http connect , new connect ip is  192.168.43.186
[49742.031201]                           old connect ip is  192.168.43.237
[49742.037909]                                     but it isn't seted ip , so close it
[49742.554421] accepted a http connect , new connect ip is  192.168.43.186
[49742.561190]                           old connect ip is  192.168.43.237
[49742.567841]                                     but it isn't seted ip , so close it
[49743.084647] accepted a http connect , new connect ip is  192.168.43.186
[49743.091407]                           old connect ip is  192.168.43.237
[49743.098080]                                     but it isn't seted ip , so close it
[49743.614673] accepted a http connect , new connect ip is  192.168.43.186
[49743.621504]                           old connect ip is  192.168.43.237
[49743.628176]                                     but it isn't seted ip , so close it
[49744.143952] accepted a http connect , new connect ip is  192.168.43.186
[49744.150724]                           old connect ip is  192.168.43.237
[49744.157389]                                     but it isn't seted ip , so close it
[49744.674636] accepted a http connect , new connect ip is  192.168.43.186
[49744.681416]                           old connect ip is  192.168.43.237
[49744.688060]                                     but it isn't seted ip , so close it
[49745.214809] accepted a http connect , new connect ip is  192.168.43.186
[49745.221501]                           old connect ip is  192.168.43.237
[49745.228154]                                     but it isn't seted ip , so close it
[49745.756247] accepted a http connect , new connect ip is  192.168.43.186
[49745.762918]                           old connect ip is  192.168.43.237
[49745.769556]                                     but it isn't seted ip , so close it
[49746.294760] accepted a http connect , new connect ip is  192.168.43.186
[49746.301423]                           old connect ip is  192.168.43.237
[49746.308061]                                     but it isn't seted ip , so close it
[49746.820008] accepted a http connect , new connect ip is  192.168.43.186
[49746.826667]                           old connect ip is  192.168.43.237
[49746.833301]                                     but it isn't seted ip , so close it
[49747.354693] accepted a http connect , new connect ip is  192.168.43.186
[49747.361459]                           old connect ip is  192.168.43.237
[49747.368138]                                     but it isn't seted ip , so close it
[49747.881155] accepted a http connect , new connect ip is  192.168.43.186
[49747.887905]                           old connect ip is  192.168.43.237
[49747.894572]                                     but it isn't seted ip , so close it
[49748.414500] accepted a http connect , new connect ip is  192.168.43.186
[49748.421241]                           old connect ip is  192.168.43.237
[49748.427895]                                     but it isn't seted ip , so close it
[49748.941021] accepted a http connect , new connect ip is  192.168.43.186
[49748.947778]                           old connect ip is  192.168.43.237
[49748.954438]                                     but it isn't seted ip , so close it
[49749.469465] accepted a http connect , new connect ip is  192.168.43.186
[49749.476234]                           old connect ip is  192.168.43.237
[49749.482883]                                     but it isn't seted ip , so close it
[49750.004681] accepted a http connect , new connect ip is  192.168.43.186
[49750.011428]                           old connect ip is  192.168.43.237
[49750.018128]                                     but it isn't seted ip , so close it
[49750.548734] accepted a http connect , new connect ip is  192.168.43.186
[49750.555471]                           old connect ip is  192.168.43.237
[49750.562144]                                     but it isn't seted ip , so close it
[49751.082031] accepted a http connect , new connect ip is  192.168.43.186
[49751.088748]                           old connect ip is  192.168.43.237
[49751.095418]                                     but it isn't seted ip , so close it
[49751.609095] accepted a http connect , new connect ip is  192.168.43.186
[49751.615852]                           old connect ip is  192.168.43.237
[49751.622508]                                     but it isn't seted ip , so close it
[49752.135344] accepted a http connect , new connect ip is  192.168.43.186
[49752.142083]                           old connect ip is  192.168.43.237
[49752.148755]                                     but it isn't seted ip , so close it
[49752.674690] accepted a http connect , new connect ip is  192.168.43.186
[49752.681568]                           old connect ip is  192.168.43.237
[49752.688301]                                     but it isn't seted ip , so close it
[49753.214602] accepted a http connect , new connect ip is  192.168.43.186
[49753.221365]                           old connect ip is  192.168.43.237
[49753.228066]                                     but it isn't seted ip , so close it
[49753.744524] accepted a http connect , new connect ip is  192.168.43.186
[49753.751294]                           old connect ip is  192.168.43.237
[49753.758008]                                     but it isn't seted ip , so close it
[49754.284499] accepted a http connect , new connect ip is  192.168.43.186
[49754.291251]                           old connect ip is  192.168.43.237
[49754.297908]                                     but it isn't seted ip , so close it
[49754.810504] accepted a http connect , new connect ip is  192.168.43.186
[49754.817271]                           old connect ip is  192.168.43.237
[49754.823922]                                     but it isn't seted ip , so close it
[49755.344805] accepted a http connect , new connect ip is  192.168.43.186
[49755.351762]                           old connect ip is  192.168.43.237
[49755.358483]                                     but it isn't seted ip , so close it
[49755.872002] accepted a http connect , new connect ip is  192.168.43.186
[49755.878756]                           old connect ip is  192.168.43.237
[49755.885399]                                     but it isn't seted ip , so close it
[49756.404653] accepted a http connect , new connect ip is  192.168.43.186
[49756.411498]                           old connect ip is  192.168.43.237
[49756.418235]                                     but it isn't seted ip , so close it
[49756.931320] accepted a http connect , new connect ip is  192.168.43.186
[49756.938082]                           old connect ip is  192.168.43.237
[49756.944748]                                     but it isn't seted ip , so close it
[49757.476731] accepted a http connect , new connect ip is  192.168.43.186
[49757.483539]                           old connect ip is  192.168.43.237
[49757.490189]                                     but it isn't seted ip , so close it
[49758.014459] accepted a http connect , new connect ip is  192.168.43.186
[49758.021179]                           old connect ip is  192.168.43.237
[49758.027834]                                     but it isn't seted ip , so close it
[49758.544357] accepted a http connect , new connect ip is  192.168.43.186
[49758.551104]                           old connect ip is  192.168.43.237
[49758.557782]                                     but it isn't seted ip , so close it
[49759.074423] accepted a http connect , new connect ip is  192.168.43.186
[49759.081186]                           old connect ip is  192.168.43.237
[49759.087833]                                     but it isn't seted ip , so close it
[49759.604360] accepted a http connect , new connect ip is  192.168.43.186
[49759.611194]                           old connect ip is  192.168.43.237
[49759.617909]                                     but it isn't seted ip , so close it
[49760.134421] accepted a http connect , new connect ip is  192.168.43.186
[49760.141117]                           old connect ip is  192.168.43.237
[49760.147785]                                     but it isn't seted ip , so close it
[49760.664484] accepted a http connect , new connect ip is  192.168.43.186
[49760.671165]                           old connect ip is  192.168.43.237
[49760.677805]                                     but it isn't seted ip , so close it
[49761.194403] accepted a http connect , new connect ip is  192.168.43.186
[49761.201061]                           old connect ip is  192.168.43.237
[49761.207700]                                     but it isn't seted ip , so close it
[49761.724367] accepted a http connect , new connect ip is  192.168.43.186
[49761.731107]                           old connect ip is  192.168.43.237
[49761.737776]                                     but it isn't seted ip , so close it
[49762.254461] accepted a http connect , new connect ip is  192.168.43.186
[49762.261224]                           old connect ip is  192.168.43.237
[49762.267872]                                     but it isn't seted ip , so close it
[49762.783344] accepted a http connect , new connect ip is  192.168.43.186
[49762.790201]                           old connect ip is  192.168.43.237
[49762.796860]                                     but it isn't seted ip , so close it
[49763.315170] accepted a http connect , new connect ip is  192.168.43.186
[49763.321935]                           old connect ip is  192.168.43.237
[49763.328649]                                     but it isn't seted ip , so close it
[49763.848012] accepted a http connect , new connect ip is  192.168.43.186
[49763.854986]                           old connect ip is  192.168.43.237
[49763.861656]                                     but it isn't seted ip , so close it
[49764.384334] accepted a http connect , new connect ip is  192.168.43.186
[49764.391098]                           old connect ip is  192.168.43.237
[49764.397822]                                     but it isn't seted ip , so close it
[49764.912582] accepted a http connect , new connect ip is  192.168.43.186
[49764.919343]                           old connect ip is  192.168.43.237
[49764.925993]                                     but it isn't seted ip , so close it
[49765.444624] accepted a http connect , new connect ip is  192.168.43.186
[49765.451550]                           old connect ip is  192.168.43.237
[49765.458255]                                     but it isn't seted ip , so close it
[49765.971320] accepted a http connect , new connect ip is  192.168.43.186
[49765.978089]                           old connect ip is  192.168.43.237
[49765.984746]                                     but it isn't seted ip , so close it
[49766.504615] accepted a http connect , new connect ip is  192.168.43.186
[49766.511424]                           old connect ip is  192.168.43.237
[49766.518138]                                     but it isn't seted ip , so close it
[49767.044526] accepted a http connect , new connect ip is  192.168.43.186
[49767.051308]                           old connect ip is  192.168.43.237
[49767.057984]                                     but it isn't seted ip , so close it
[49767.584592] accepted a http connect , new connect ip is  192.168.43.186
[49767.591377]                           old connect ip is  192.168.43.237
[49767.598041]                                     but it isn't seted ip , so close it
[49768.124246] accepted a http connect , new connect ip is  192.168.43.186
[49768.130993]                           old connect ip is  192.168.43.237
[49768.137674]                                     but it isn't seted ip , so close it
[49768.654542] accepted a http connect , new connect ip is  192.168.43.186
[49768.661293]                           old connect ip is  192.168.43.237
[49768.667990]                                     but it isn't seted ip , so close it
[49769.194488] accepted a http connect , new connect ip is  192.168.43.186
[49769.201280]                           old connect ip is  192.168.43.237
[49769.207951]                                     but it isn't seted ip , so close it
[49769.734243] accepted a http connect , new connect ip is  192.168.43.186
[49769.740989]                           old connect ip is  192.168.43.237
[49769.747645]                                     but it isn't seted ip , so close it
[49770.264365] accepted a http connect , new connect ip is  192.168.43.186
[49770.271140]                           old connect ip is  192.168.43.237
[49770.277808]                                     but it isn't seted ip , so close it
[49770.789587] accepted a http connect , new connect ip is  192.168.43.186
[49770.796363]                           old connect ip is  192.168.43.237
[49770.803015]                                     but it isn't seted ip , so close it
[49771.325090] accepted a http connect , new connect ip is  192.168.43.186
[49771.331832]                           old connect ip is  192.168.43.237
[49771.338592]                                     but it isn't seted ip , so close it
[49771.851510] accepted a http connect , new connect ip is  192.168.43.186
[49771.858271]                           old connect ip is  192.168.43.237
[49771.864920]                                     but it isn't seted ip , so close it
[49772.385426] accepted a http connect , new connect ip is  192.168.43.186
[49772.392186]                           old connect ip is  192.168.43.237
[49772.398930]                                     but it isn't seted ip , so close it
[49772.912061] accepted a http connect , new connect ip is  192.168.43.186
[49772.918810]                           old connect ip is  192.168.43.237
[49772.925454]                                     but it isn't seted ip , so close it
[49773.447399] accepted a http connect , new connect ip is  192.168.43.186
[49773.454153]                           old connect ip is  192.168.43.237
[49773.460820]                                     but it isn't seted ip , so close it
[49773.973861] accepted a http connect , new connect ip is  192.168.43.186
[49773.980596]                           old connect ip is  192.168.43.237
[49773.987306]                                     but it isn't seted ip , so close it
[49774.504299] accepted a http connect , new connect ip is  192.168.43.186
[49774.511085]                           old connect ip is  192.168.43.237
[49774.517762]                                     but it isn't seted ip , so close it
[49775.031888] accepted a http connect , new connect ip is  192.168.43.186
[49775.038802]                           old connect ip is  192.168.43.237
[49775.045471]                                     but it isn't seted ip , so close it
[49775.564462] accepted a http connect , new connect ip is  192.168.43.186
[49775.571244]                           old connect ip is  192.168.43.237
[49775.577936]                                     but it isn't seted ip , so close it
[49776.092681] accepted a http connect , new connect ip is  192.168.43.186
[49776.099447]                           old connect ip is  192.168.43.237
[49776.106089]                                     but it isn't seted ip , so close it
[49776.624588] accepted a http connect , new connect ip is  192.168.43.186
[49776.631426]                           old connect ip is  192.168.43.237
[49776.638142]                                     but it isn't seted ip , so close it
[49777.164905] accepted a http connect , new connect ip is  192.168.43.186
[49777.171651]                           old connect ip is  192.168.43.237
[49777.178316]                                     but it isn't seted ip , so close it
[49777.704435] accepted a http connect , new connect ip is  192.168.43.186
[49777.711177]                           old connect ip is  192.168.43.237
[49777.717854]                                     but it isn't seted ip , so close it
[49778.244346] accepted a http connect , new connect ip is  192.168.43.186
[49778.251115]                           old connect ip is  192.168.43.237
[49778.257782]                                     but it isn't seted ip , so close it
[49778.774447] accepted a http connect , new connect ip is  192.168.43.186
[49778.781264]                           old connect ip is  192.168.43.237
[49778.787958]                                     but it isn't seted ip , so close it
[49779.314348] accepted a http connect , new connect ip is  192.168.43.186
[49779.321108]                           old connect ip is  192.168.43.237
[49779.327803]                                     but it isn't seted ip , so close it
[49779.844325] accepted a http connect , new connect ip is  192.168.43.186
[49779.851070]                           old connect ip is  192.168.43.237
[49779.857729]                                     but it isn't seted ip , so close it
[49780.374262] accepted a http connect , new connect ip is  192.168.43.186
[49780.381002]                           old connect ip is  192.168.43.237
[49780.387654]                                     but it isn't seted ip , so close it
[49780.900586] accepted a http connect , new connect ip is  192.168.43.186
[49780.907365]                           old connect ip is  192.168.43.237
[49780.914024]                                     but it isn't seted ip , so close it
[49781.434468] accepted a http connect , new connect ip is  192.168.43.186
[49781.441247]                           old connect ip is  192.168.43.237
[49781.447917]                                     but it isn't seted ip , so close it
[49781.967000] accepted a http connect , new connect ip is  192.168.43.186
[49781.973842]                           old connect ip is  192.168.43.237
[49781.980534]                                     but it isn't seted ip , so close it
[49782.504343] accepted a http connect , new connect ip is  192.168.43.186
[49782.511099]                           old connect ip is  192.168.43.237
[49782.517811]                                     but it isn't seted ip , so close it
[49783.044149] accepted a http connect , new connect ip is  192.168.43.186
[49783.050892]                           old connect ip is  192.168.43.237
[49783.057564]                                     but it isn't seted ip , so close it
[49783.584385] accepted a http connect , new connect ip is  192.168.43.186
[49783.591126]                           old connect ip is  192.168.43.237
[49783.597797]                                     but it isn't seted ip , so close it
[49784.114155] accepted a http connect , new connect ip is  192.168.43.186
[49784.120892]                           old connect ip is  192.168.43.237
[49784.127589]                                     but it isn't seted ip , so close it
[49784.644190] accepted a http connect , new connect ip is  192.168.43.186
[49784.650967]                           old connect ip is  192.168.43.237
[49784.657658]                                     but it isn't seted ip , so close it
[49785.174004] accepted a http connect , new connect ip is  192.168.43.186
[49785.180749]                           old connect ip is  192.168.43.237
[49785.187526]                                     but it isn't seted ip , so close it
[49785.705106] accepted a http connect , new connect ip is  192.168.43.186
[49785.711883]                           old connect ip is  192.168.43.237
[49785.718542]                                     but it isn't seted ip , so close it
[49786.244149] accepted a http connect , new connect ip is  192.168.43.186
[49786.250908]                           old connect ip is  192.168.43.237
[49786.257573]                                     but it isn't seted ip , so close it
[49786.774356] accepted a http connect , new connect ip is  192.168.43.186
[49786.781220]                           old connect ip is  192.168.43.237
[49786.788168]                                     but it isn't seted ip , so close it
[49787.308157] accepted a http connect , new connect ip is  192.168.43.186
[49787.315045]                           old connect ip is  192.168.43.237
[49787.321744]                                     but it isn't seted ip , so close it
[49787.840857] accepted a http connect , new connect ip is  192.168.43.186
[49787.847531]                           old connect ip is  192.168.43.237
[49787.854185]                                     but it isn't seted ip , so close it
[49788.374289] accepted a http connect , new connect ip is  192.168.43.186
[49788.381043]                           old connect ip is  192.168.43.237
[49788.387724]                                     but it isn't seted ip , so close it
[49788.900894] accepted a http connect , new connect ip is  192.168.43.186
[49788.907637]                           old connect ip is  192.168.43.237
[49788.914310]                                     but it isn't seted ip , so close it
[49789.434319] accepted a http connect , new connect ip is  192.168.43.186
[49789.441090]                           old connect ip is  192.168.43.237
[49789.447766]                                     but it isn't seted ip , so close it
[49789.962542] accepted a http connect , new connect ip is  192.168.43.186
[49789.969289]                           old connect ip is  192.168.43.237
[49789.975969]                                     but it isn't seted ip , so close it
[49790.494344] accepted a http connect , new connect ip is  192.168.43.186
[49790.501074]                           old connect ip is  192.168.43.237
[49790.507771]                                     but it isn't seted ip , so close it
[49791.020963] accepted a http connect , new connect ip is  192.168.43.186
[49791.027715]                           old connect ip is  192.168.43.237
[49791.034375]                                     but it isn't seted ip , so close it
[49791.554247] accepted a http connect , new connect ip is  192.168.43.186
[49791.561004]                           old connect ip is  192.168.43.237
[49791.567652]                                     but it isn't seted ip , so close it
[49792.084335] accepted a http connect , new connect ip is  192.168.43.186
[49792.091077]                           old connect ip is  192.168.43.237
[49792.097739]                                     but it isn't seted ip , so close it
[49792.614372] accepted a http connect , new connect ip is  192.168.43.186
[49792.621133]                           old connect ip is  192.168.43.237
[49792.627822]                                     but it isn't seted ip , so close it
[49793.154450] accepted a http connect , new connect ip is  192.168.43.186
[49793.161263]                           old connect ip is  192.168.43.237
[49793.167932]                                     but it isn't seted ip , so close it
[49793.694244] accepted a http connect , new connect ip is  192.168.43.186
[49793.700993]                           old connect ip is  192.168.43.237
[49793.707633]                                     but it isn't seted ip , so close it
[49794.224204] accepted a http connect , new connect ip is  192.168.43.186
[49794.231007]                           old connect ip is  192.168.43.237
[49794.237710]                                     but it isn't seted ip , so close it
[49794.764248] accepted a http connect , new connect ip is  192.168.43.186
[49794.771005]                           old connect ip is  192.168.43.237
[49794.777753]                                     but it isn't seted ip , so close it
[49795.293975] accepted a http connect , new connect ip is  192.168.43.186
[49795.300717]                           old connect ip is  192.168.43.237
[49795.307359]                                     but it isn't seted ip , so close it
[49795.826750] accepted a http connect , new connect ip is  192.168.43.186
[49795.833505]                           old connect ip is  192.168.43.237
[49795.840175]                                     but it isn't seted ip , so close it
[49796.364182] accepted a http connect , new connect ip is  192.168.43.186
[49796.370973]                           old connect ip is  192.168.43.237
[49796.377638]                                     but it isn't seted ip , so close it
[49796.890391] accepted a http connect , new connect ip is  192.168.43.186
[49796.897158]                           old connect ip is  192.168.43.237
[49796.903830]                                     but it isn't seted ip , so close it
[49797.424128] accepted a http connect , new connect ip is  192.168.43.186
[49797.430873]                           old connect ip is  192.168.43.237
[49797.437601]                                     but it isn't seted ip , so close it
[49797.950548] accepted a http connect , new connect ip is  192.168.43.186
[49797.957309]                           old connect ip is  192.168.43.237
[49797.963994]                                     but it isn't seted ip , so close it
[49798.484259] accepted a http connect , new connect ip is  192.168.43.186
[49798.491011]                           old connect ip is  192.168.43.237
[49798.497742]                                     but it isn't seted ip , so close it
[49799.013711] accepted a http connect , new connect ip is  192.168.43.186
[49799.020427]                           old connect ip is  192.168.43.237
[49799.027121]                                     but it isn't seted ip , so close it
[49799.574498] accepted a http connect , new connect ip is  192.168.43.186
[49799.581261]                           old connect ip is  192.168.43.237
[49799.588094]                                     but it isn't seted ip , so close it
[49800.114233] accepted a http connect , new connect ip is  192.168.43.186
[49800.121002]                           old connect ip is  192.168.43.237
[49800.127655]                                     but it isn't seted ip , so close it
[49800.653966] accepted a http connect , new connect ip is  192.168.43.186
[49800.660728]                           old connect ip is  192.168.43.237
[49800.667376]                                     but it isn't seted ip , so close it
[49801.194078] accepted a http connect , new connect ip is  192.168.43.186
[49801.200828]                           old connect ip is  192.168.43.237
[49801.207480]                                     but it isn't seted ip , so close it
[49801.734088] accepted a http connect , new connect ip is  192.168.43.186
[49801.740931]                           old connect ip is  192.168.43.237
[49801.747588]                                     but it isn't seted ip , so close it
[49802.264162] accepted a http connect , new connect ip is  192.168.43.186
[49802.270981]                           old connect ip is  192.168.43.237
[49802.277656]                                     but it isn't seted ip , so close it
[49802.804248] accepted a http connect , new connect ip is  192.168.43.186
[49802.811020]                           old connect ip is  192.168.43.237
[49802.817753]                                     but it isn't seted ip , so close it
[49803.344259] accepted a http connect , new connect ip is  192.168.43.186
[49803.351028]                           old connect ip is  192.168.43.237
[49803.357839]                                     but it isn't seted ip , so close it
[49803.875118] accepted a http connect , new connect ip is  192.168.43.186
[49803.881864]                           old connect ip is  192.168.43.237
[49803.888524]                                     but it isn't seted ip , so close it
[49804.414750] accepted a http connect , new connect ip is  192.168.43.186
[49804.421491]                           old connect ip is  192.168.43.237
[49804.428148]                                     but it isn't seted ip , so close it
[49804.941004] accepted a http connect , new connect ip is  192.168.43.186
[49804.947799]                           old connect ip is  192.168.43.237
[49804.954472]                                     but it isn't seted ip , so close it
[49805.474094] accepted a http connect , new connect ip is  192.168.43.186
[49805.480889]                           old connect ip is  192.168.43.237
[49805.487542]                                     but it isn't seted ip , so close it
[49806.001424] accepted a http connect , new connect ip is  192.168.43.186
[49806.008170]                           old connect ip is  192.168.43.237
[49806.014840]                                     but it isn't seted ip , so close it
[49806.543997] accepted a http connect , new connect ip is  192.168.43.186
[49806.550742]                           old connect ip is  192.168.43.237
[49806.557421]                                     but it isn't seted ip , so close it
[49807.074115] accepted a http connect , new connect ip is  192.168.43.186
[49807.080973]                           old connect ip is  192.168.43.237
[49807.087641]                                     but it isn't seted ip , so close it
[49807.603889] accepted a http connect , new connect ip is  192.168.43.186
[49807.610648]                           old connect ip is  192.168.43.237
[49807.617327]                                     but it isn't seted ip , so close it
[49808.134020] accepted a http connect , new connect ip is  192.168.43.186
[49808.140755]                           old connect ip is  192.168.43.237
[49808.147419]                                     but it isn't seted ip , so close it
[49808.674087] accepted a http connect , new connect ip is  192.168.43.186
[49808.680871]                           old connect ip is  192.168.43.237
[49808.687535]                                     but it isn't seted ip , so close it
[49809.215765] accepted a http connect , new connect ip is  192.168.43.186
[49809.222571]                           old connect ip is  192.168.43.237
[49809.229216]                                     but it isn't seted ip , so close it
[49809.754263] accepted a http connect , new connect ip is  192.168.43.186
[49809.761039]                           old connect ip is  192.168.43.237
[49809.767692]                                     but it isn't seted ip , so close it
[49810.280804] accepted a http connect , new connect ip is  192.168.43.186
[49810.287567]                           old connect ip is  192.168.43.237
[49810.294231]                                     but it isn't seted ip , so close it
[49810.810725] accepted a http connect , new connect ip is  192.168.43.186
[49810.817475]                           old connect ip is  192.168.43.237
[49810.824159]                                     but it isn't seted ip , so close it
[49811.344108] accepted a http connect , new connect ip is  192.168.43.186
[49811.350884]                           old connect ip is  192.168.43.237
[49811.357602]                                     but it isn't seted ip , so close it
[49811.872307] accepted a http connect , new connect ip is  192.168.43.186
[49811.879254]                           old connect ip is  192.168.43.237
[49811.885938]                                     but it isn't seted ip , so close it
[49812.403922] accepted a http connect , new connect ip is  192.168.43.186
[49812.410671]                           old connect ip is  192.168.43.237
[49812.417332]                                     but it isn't seted ip , so close it
[49812.930116] accepted a http connect , new connect ip is  192.168.43.186
[49812.936866]                           old connect ip is  192.168.43.237
[49812.943518]                                     but it isn't seted ip , so close it
[49813.464051] accepted a http connect , new connect ip is  192.168.43.186
[49813.470802]                           old connect ip is  192.168.43.237
[49813.477501]                                     but it isn't seted ip , so close it
[49813.992687] accepted a http connect , new connect ip is  192.168.43.186
[49813.999439]                           old connect ip is  192.168.43.237
[49814.006097]                                     but it isn't seted ip , so close it
[49814.523910] accepted a http connect , new connect ip is  192.168.43.186
[49814.530687]                           old connect ip is  192.168.43.237
[49814.537349]                                     but it isn't seted ip , so close it
[49815.053710] accepted a http connect , new connect ip is  192.168.43.186
[49815.060461]                           old connect ip is  192.168.43.237
[49815.067104]                                     but it isn't seted ip , so close it
[49815.583900] accepted a http connect , new connect ip is  192.168.43.186
[49815.590656]                           old connect ip is  192.168.43.237
[49815.597315]                                     but it isn't seted ip , so close it
[49816.110069] accepted a http connect , new connect ip is  192.168.43.186
[49816.116857]                           old connect ip is  192.168.43.237
[49816.123551]                                     but it isn't seted ip , so close it
[49816.643701] accepted a http connect , new connect ip is  192.168.43.186
[49816.650465]                           old connect ip is  192.168.43.237
[49816.657160]                                     but it isn't seted ip , so close it
[49817.184169] accepted a http connect , new connect ip is  192.168.43.186
[49817.190976]                           old connect ip is  192.168.43.237
[49817.197652]                                     but it isn't seted ip , so close it
[49817.723921] accepted a http connect , new connect ip is  192.168.43.186
[49817.730686]                           old connect ip is  192.168.43.237
[49817.737347]                                     but it isn't seted ip , so close it
[49818.254045] accepted a http connect , new connect ip is  192.168.43.186
[49818.260749]                           old connect ip is  192.168.43.237
[49818.267422]                                     but it isn't seted ip , so close it
[49818.783874] accepted a http connect , new connect ip is  192.168.43.186
[49818.790632]                           old connect ip is  192.168.43.237
[49818.797310]                                     but it isn't seted ip , so close it
[49819.313959] accepted a http connect , new connect ip is  192.168.43.186
[49819.320720]                           old connect ip is  192.168.43.237
[49819.327370]                                     but it isn't seted ip , so close it
[49819.843783] accepted a http connect , new connect ip is  192.168.43.186
[49819.850682]                           old connect ip is  192.168.43.237
[49819.857384]                                     but it isn't seted ip , so close it
[49820.383652] accepted a http connect , new connect ip is  192.168.43.186
[49820.390388]                           old connect ip is  192.168.43.237
[49820.397045]                                     but it isn't seted ip , so close it
[49820.909998] accepted a http connect , new connect ip is  192.168.43.186
[49820.916825]                           old connect ip is  192.168.43.237
[49820.923490]                                     but it isn't seted ip , so close it
[49821.443851] accepted a http connect , new connect ip is  192.168.43.186
[49821.450625]                           old connect ip is  192.168.43.237
[49821.457296]                                     but it isn't seted ip , so close it
[49821.970592] accepted a http connect , new connect ip is  192.168.43.186
[49821.977342]                           old connect ip is  192.168.43.237
[49821.984012]                                     but it isn't seted ip , so close it
[49822.497109] accepted a http connect , new connect ip is  192.168.43.186
[49822.503867]                           old connect ip is  192.168.43.237
[49822.510524]                                     but it isn't seted ip , so close it
[49823.023370] accepted a http connect , new connect ip is  192.168.43.186
[49823.030185]                           old connect ip is  192.168.43.237
[49823.036868]                                     but it isn't seted ip , so close it
[49823.564203] accepted a http connect , new connect ip is  192.168.43.186
[49823.570988]                           old connect ip is  192.168.43.237
[49823.577677]                                     but it isn't seted ip , so close it
[49824.092943] accepted a http connect , new connect ip is  192.168.43.186
[49824.099681]                           old connect ip is  192.168.43.237
[49824.106333]                                     but it isn't seted ip , so close it
[49824.623647] accepted a http connect , new connect ip is  192.168.43.186
[49824.630402]                           old connect ip is  192.168.43.237
[49824.637068]                                     but it isn't seted ip , so close it
[49825.154061] accepted a http connect , new connect ip is  192.168.43.186
[49825.160859]                           old connect ip is  192.168.43.237
[49825.167512]                                     but it isn't seted ip , so close it
[49825.694022] accepted a http connect , new connect ip is  192.168.43.186
[49825.700803]                           old connect ip is  192.168.43.237
[49825.707468]                                     but it isn't seted ip , so close it
[49826.223710] accepted a http connect , new connect ip is  192.168.43.186
[49826.230440]                           old connect ip is  192.168.43.237
[49826.237095]                                     but it isn't seted ip , so close it
[49826.753741] accepted a http connect , new connect ip is  192.168.43.186
[49826.760508]                           old connect ip is  192.168.43.237
[49826.767152]                                     but it isn't seted ip , so close it
[49827.283685] accepted a http connect , new connect ip is  192.168.43.186
[49827.290489]                           old connect ip is  192.168.43.237
[49827.297163]                                     but it isn't seted ip , so close it
[49827.813818] accepted a http connect , new connect ip is  192.168.43.186
[49827.820586]                           old connect ip is  192.168.43.237
[49827.827246]                                     but it isn't seted ip , so close it
[49828.343748] accepted a http connect , new connect ip is  192.168.43.186
[49828.350562]                           old connect ip is  192.168.43.237
[49828.357290]                                     but it isn't seted ip , so close it
[49828.875067] accepted a http connect , new connect ip is  192.168.43.186
[49828.881885]                           old connect ip is  192.168.43.237
[49828.888565]                                     but it isn't seted ip , so close it
[49829.414066] accepted a http connect , new connect ip is  192.168.43.186
[49829.420965]                           old connect ip is  192.168.43.237
[49829.427873]                                     but it isn't seted ip , so close it
[49829.945707] accepted a http connect , new connect ip is  192.168.43.186
[49829.952423]                           old connect ip is  192.168.43.237
[49829.959086]                                     but it isn't seted ip , so close it
[49830.483634] accepted a http connect , new connect ip is  192.168.43.186
[49830.490376]                           old connect ip is  192.168.43.237
[49830.497082]                                     but it isn't seted ip , so close it
[49831.010029] accepted a http connect , new connect ip is  192.168.43.186
[49831.016775]                           old connect ip is  192.168.43.237
[49831.023534]                                     but it isn't seted ip , so close it
[49831.543869] accepted a http connect , new connect ip is  192.168.43.186
[49831.550716]                           old connect ip is  192.168.43.237
[49831.557428]                                     but it isn't seted ip , so close it
[49832.070514] accepted a http connect , new connect ip is  192.168.43.186
[49832.077270]                           old connect ip is  192.168.43.237
[49832.083934]                                     but it isn't seted ip , so close it
[49832.603680] accepted a http connect , new connect ip is  192.168.43.186
[49832.610435]                           old connect ip is  192.168.43.237
[49832.617099]                                     but it isn't seted ip , so close it
[49833.130833] accepted a http connect , new connect ip is  192.168.43.186
[49833.137603]                           old connect ip is  192.168.43.237
[49833.144264]                                     but it isn't seted ip , so close it
[49833.663721] accepted a http connect , new connect ip is  192.168.43.186
[49833.670453]                           old connect ip is  192.168.43.237
[49833.677144]                                     but it isn't seted ip , so close it
[49834.189746] accepted a http connect , new connect ip is  192.168.43.186
[49834.196496]                           old connect ip is  192.168.43.237
[49834.203168]                                     but it isn't seted ip , so close it
[49834.724591] accepted a http connect , new connect ip is  192.168.43.186
[49834.731359]                           old connect ip is  192.168.43.237
[49834.738048]                                     but it isn't seted ip , so close it
[49835.265083] accepted a http connect , new connect ip is  192.168.43.186
[49835.271862]                           old connect ip is  192.168.43.237
[49835.278535]                                     but it isn't seted ip , so close it
[49835.803778] accepted a http connect , new connect ip is  192.168.43.186
[49835.810523]                           old connect ip is  192.168.43.237
[49835.817200]                                     but it isn't seted ip , so close it
[49836.343740] accepted a http connect , new connect ip is  192.168.43.186
[49836.350481]                           old connect ip is  192.168.43.237
[49836.357144]                                     but it isn't seted ip , so close it
[49836.876503] accepted a http connect , new connect ip is  192.168.43.186
[49836.883292]                           old connect ip is  192.168.43.237
[49836.889944]                                     but it isn't seted ip , so close it
[49837.413732] accepted a http connect , new connect ip is  192.168.43.186
[49837.420484]                           old connect ip is  192.168.43.237
[49837.427221]                                     but it isn't seted ip , so close it
[49837.940119] accepted a http connect , new connect ip is  192.168.43.186
[49837.946922]                           old connect ip is  192.168.43.237
[49837.953628]                                     but it isn't seted ip , so close it
[49838.473628] accepted a http connect , new connect ip is  192.168.43.186
[49838.480379]                           old connect ip is  192.168.43.237
[49838.487030]                                     but it isn't seted ip , so close it
[49839.000497] accepted a http connect , new connect ip is  192.168.43.186
[49839.007245]                           old connect ip is  192.168.43.237
[49839.013910]                                     but it isn't seted ip , so close it
[49839.533710] accepted a http connect , new connect ip is  192.168.43.186
[49839.540443]                           old connect ip is  192.168.43.237
[49839.547122]                                     but it isn't seted ip , so close it
[49840.060011] accepted a http connect , new connect ip is  192.168.43.186
[49840.066765]                           old connect ip is  192.168.43.237
[49840.073421]                                     but it isn't seted ip , so close it
[49840.593925] accepted a http connect , new connect ip is  192.168.43.186
[49840.600744]                           old connect ip is  192.168.43.237
[49840.607443]                                     but it isn't seted ip , so close it
[49841.133812] accepted a http connect , new connect ip is  192.168.43.186
[49841.140582]                           old connect ip is  192.168.43.237
[49841.147314]                                     but it isn't seted ip , so close it
[49841.674615] accepted a http connect , new connect ip is  192.168.43.186
[49841.681467]                           old connect ip is  192.168.43.237
[49841.688154]                                     but it isn't seted ip , so close it
[49842.213483] accepted a http connect , new connect ip is  192.168.43.186
[49842.220235]                           old connect ip is  192.168.43.237
[49842.226903]                                     but it isn't seted ip , so close it
[49842.743641] accepted a http connect , new connect ip is  192.168.43.186
[49842.750407]                           old connect ip is  192.168.43.237
[49842.757064]                                     but it isn't seted ip , so close it
[49843.273653] accepted a http connect , new connect ip is  192.168.43.186
[49843.280409]                           old connect ip is  192.168.43.237
[49843.287059]                                     but it isn't seted ip , so close it
[49843.803742] accepted a http connect , new connect ip is  192.168.43.186
[49843.810516]                           old connect ip is  192.168.43.237
[49843.817182]                                     but it isn't seted ip , so close it
[49844.343634] accepted a http connect , new connect ip is  192.168.43.186
[49844.350437]                           old connect ip is  192.168.43.237
[49844.357098]                                     but it isn't seted ip , so close it
[49844.886584] accepted a http connect , new connect ip is  192.168.43.186
[49844.893303]                           old connect ip is  192.168.43.237
[49844.899968]                                     but it isn't seted ip , so close it
[49845.413416] accepted a http connect , new connect ip is  192.168.43.186
[49845.420206]                           old connect ip is  192.168.43.237
[49845.426868]                                     but it isn't seted ip , so close it
[49845.939672] accepted a http connect , new connect ip is  192.168.43.186
[49845.946424]                           old connect ip is  192.168.43.237
[49845.953105]                                     but it isn't seted ip , so close it
[49846.474263] accepted a http connect , new connect ip is  192.168.43.186
[49846.481080]                           old connect ip is  192.168.43.237
[49846.488301]                                     but it isn't seted ip , so close it
[49847.001527] accepted a http connect , new connect ip is  192.168.43.186
[49847.008312]                           old connect ip is  192.168.43.237
[49847.014972]                                     but it isn't seted ip , so close it
[49847.533857] accepted a http connect , new connect ip is  192.168.43.186
[49847.540739]                           old connect ip is  192.168.43.237
[49847.547552]                                     but it isn't seted ip , so close it
[49848.061525] accepted a http connect , new connect ip is  192.168.43.186
[49848.068320]                           old connect ip is  192.168.43.237
[49848.075024]                                     but it isn't seted ip , so close it
[49848.603826] accepted a http connect , new connect ip is  192.168.43.186
[49848.610528]                           old connect ip is  192.168.43.237
[49848.617174]                                     but it isn't seted ip , so close it
[49849.133920] accepted a http connect , new connect ip is  192.168.43.186
[49849.140609]                           old connect ip is  192.168.43.237
[49849.147252]                                     but it isn't seted ip , so close it
[49849.673504] accepted a http connect , new connect ip is  192.168.43.186
[49849.680301]                           old connect ip is  192.168.43.237
[49849.686954]                                     but it isn't seted ip , so close it
[49850.203528] accepted a http connect , new connect ip is  192.168.43.186
[49850.210262]                           old connect ip is  192.168.43.237
[49850.216930]                                     but it isn't seted ip , so close it
[49850.733585] accepted a http connect , new connect ip is  192.168.43.186
[49850.740323]                           old connect ip is  192.168.43.237
[49850.747000]                                     but it isn't seted ip , so close it
[49851.273700] accepted a http connect , new connect ip is  192.168.43.186
[49851.280474]                           old connect ip is  192.168.43.237
[49851.287120]                                     but it isn't seted ip , so close it
[49851.813579] accepted a http connect , new connect ip is  192.168.43.186
[49851.820324]                           old connect ip is  192.168.43.237
[49851.826967]                                     but it isn't seted ip , so close it
[49852.343494] accepted a http connect , new connect ip is  192.168.43.186
[49852.350232]                           old connect ip is  192.168.43.237
[49852.356891]                                     but it isn't seted ip , so close it
[49852.873641] accepted a http connect , new connect ip is  192.168.43.186
[49852.880446]                           old connect ip is  192.168.43.237
[49852.887161]                                     but it isn't seted ip , so close it
[49853.413929] accepted a http connect , new connect ip is  192.168.43.186
[49853.420725]                           old connect ip is  192.168.43.237
[49853.427423]                                     but it isn't seted ip , so close it
[49853.941523] accepted a http connect , new connect ip is  192.168.43.186
[49853.948282]                           old connect ip is  192.168.43.237
[49853.954952]                                     but it isn't seted ip , so close it
[49854.474017] accepted a http connect , new connect ip is  192.168.43.186
[49854.480780]                           old connect ip is  192.168.43.237
[49854.487426]                                     but it isn't seted ip , so close it
[49855.000171] accepted a http connect , new connect ip is  192.168.43.186
[49855.006979]                           old connect ip is  192.168.43.237
[49855.013663]                                     but it isn't seted ip , so close it
[49855.533876] accepted a http connect , new connect ip is  192.168.43.186
[49855.540634]                           old connect ip is  192.168.43.237
[49855.547291]                                     but it isn't seted ip , so close it
[49856.061416] accepted a http connect , new connect ip is  192.168.43.186
[49856.068205]                           old connect ip is  192.168.43.237
[49856.074870]                                     but it isn't seted ip , so close it
[49856.588006] accepted a http connect , new connect ip is  192.168.43.186
[49856.594762]                           old connect ip is  192.168.43.237
[49856.601435]                                     but it isn't seted ip , so close it
[49857.123537] accepted a http connect , new connect ip is  192.168.43.186
[49857.130289]                           old connect ip is  192.168.43.237
[49857.136961]                                     but it isn't seted ip , so close it
[49857.663495] accepted a http connect , new connect ip is  192.168.43.186
[49857.670257]                           old connect ip is  192.168.43.237
[49857.676933]                                     but it isn't seted ip , so close it
[49858.192576] accepted a http connect , new connect ip is  192.168.43.186
[49858.199332]                           old connect ip is  192.168.43.237
[49858.205977]                                     but it isn't seted ip , so close it
[49858.723457] accepted a http connect , new connect ip is  192.168.43.186
[49858.730250]                           old connect ip is  192.168.43.237
[49858.736929]                                     but it isn't seted ip , so close it
[49859.263679] accepted a http connect , new connect ip is  192.168.43.186
[49859.270452]                           old connect ip is  192.168.43.237
[49859.277129]                                     but it isn't seted ip , so close it
[49859.803483] accepted a http connect , new connect ip is  192.168.43.186
[49859.810222]                           old connect ip is  192.168.43.237
[49859.816900]                                     but it isn't seted ip , so close it
[49860.333513] accepted a http connect , new connect ip is  192.168.43.186
[49860.340274]                           old connect ip is  192.168.43.237
[49860.346929]                                     but it isn't seted ip , so close it
[49860.873584] accepted a http connect , new connect ip is  192.168.43.186
[49860.880371]                           old connect ip is  192.168.43.237
[49860.887020]                                     but it isn't seted ip , so close it
[49861.403546] accepted a http connect , new connect ip is  192.168.43.186
[49861.410283]                           old connect ip is  192.168.43.237
[49861.416939]                                     but it isn't seted ip , so close it
[49861.931285] accepted a http connect , new connect ip is  192.168.43.186
[49861.938056]                           old connect ip is  192.168.43.237
[49861.944734]                                     but it isn't seted ip , so close it
[49862.463505] accepted a http connect , new connect ip is  192.168.43.186
[49862.470245]                           old connect ip is  192.168.43.237
[49862.476911]                                     but it isn't seted ip , so close it
[49862.989649] accepted a http connect , new connect ip is  192.168.43.186
[49862.996415]                           old connect ip is  192.168.43.237
[49863.003091]                                     but it isn't seted ip , so close it
[49863.523484] accepted a http connect , new connect ip is  192.168.43.186
[49863.530233]                           old connect ip is  192.168.43.237
[49863.536899]                                     but it isn't seted ip , so close it
[49864.049732] accepted a http connect , new connect ip is  192.168.43.186
[49864.056482]                           old connect ip is  192.168.43.237
[49864.063166]                                     but it isn't seted ip , so close it
[49864.583349] accepted a http connect , new connect ip is  192.168.43.186
[49864.590074]                           old connect ip is  192.168.43.237
[49864.596736]                                     but it isn't seted ip , so close it
[49865.109993] accepted a http connect , new connect ip is  192.168.43.186
[49865.116787]                           old connect ip is  192.168.43.237
[49865.123604]                                     but it isn't seted ip , so close it
[49865.643644] accepted a http connect , new connect ip is  192.168.43.186
[49865.650428]                           old connect ip is  192.168.43.237
[49865.657104]                                     but it isn't seted ip , so close it
[49866.183675] accepted a http connect , new connect ip is  192.168.43.186
[49866.190443]                           old connect ip is  192.168.43.237
[49866.197117]                                     but it isn't seted ip , so close it
[49866.723470] accepted a http connect , new connect ip is  192.168.43.186
[49866.730236]                           old connect ip is  192.168.43.237
[49866.736916]                                     but it isn't seted ip , so close it
[49867.263379] accepted a http connect , new connect ip is  192.168.43.186
[49867.270102]                           old connect ip is  192.168.43.237
[49867.276766]                                     but it isn't seted ip , so close it
[49867.793300] accepted a http connect , new connect ip is  192.168.43.186
[49867.800060]                           old connect ip is  192.168.43.237
[49867.806710]                                     but it isn't seted ip , so close it
[49868.323344] accepted a http connect , new connect ip is  192.168.43.186
[49868.330082]                           old connect ip is  192.168.43.237
[49868.336759]                                     but it isn't seted ip , so close it
[49868.853446] accepted a http connect , new connect ip is  192.168.43.186
[49868.860220]                           old connect ip is  192.168.43.237
[49868.866882]                                     but it isn't seted ip , so close it
[49869.380474] accepted a http connect , new connect ip is  192.168.43.186
[49869.387313]                           old connect ip is  192.168.43.237
[49869.394013]                                     but it isn't seted ip , so close it
[49869.913349] accepted a http connect , new connect ip is  192.168.43.186
[49869.920189]                           old connect ip is  192.168.43.237
[49869.926841]                                     but it isn't seted ip , so close it
[49870.453365] accepted a http connect , new connect ip is  192.168.43.186
[49870.460113]                           old connect ip is  192.168.43.237
[49870.466759]                                     but it isn't seted ip , so close it
[49870.979890] accepted a http connect , new connect ip is  192.168.43.186
[49870.986685]                           old connect ip is  192.168.43.237
[49870.993413]                                     but it isn't seted ip , so close it
[49871.513409] accepted a http connect , new connect ip is  192.168.43.186
[49871.520196]                           old connect ip is  192.168.43.237
[49871.526842]                                     but it isn't seted ip , so close it
[49872.040441] accepted a http connect , new connect ip is  192.168.43.186
[49872.047235]                           old connect ip is  192.168.43.237
[49872.053904]                                     but it isn't seted ip , so close it
[49872.573341] accepted a http connect , new connect ip is  192.168.43.186
[49872.580257]                           old connect ip is  192.168.43.237
[49872.586937]                                     but it isn't seted ip , so close it
[49873.100153] accepted a http connect , new connect ip is  192.168.43.186
[49873.106929]                           old connect ip is  192.168.43.237
[49873.113586]                                     but it isn't seted ip , so close it
[49873.633305] accepted a http connect , new connect ip is  192.168.43.186
[49873.640045]                           old connect ip is  192.168.43.237
[49873.646702]                                     but it isn't seted ip , so close it
[49874.163407] accepted a http connect , new connect ip is  192.168.43.186
[49874.170173]                           old connect ip is  192.168.43.237
[49874.176847]                                     but it isn't seted ip , so close it
[49874.693533] accepted a http connect , new connect ip is  192.168.43.186
[49874.700340]                           old connect ip is  192.168.43.237
[49874.707027]                                     but it isn't seted ip , so close it
[49875.233305] accepted a http connect , new connect ip is  192.168.43.186
[49875.240066]                           old connect ip is  192.168.43.237
[49875.246723]                                     but it isn't seted ip , so close it
[49875.773365] accepted a http connect , new connect ip is  192.168.43.186
[49875.780116]                           old connect ip is  192.168.43.237
[49875.786778]                                     but it isn't seted ip , so close it
[49876.303215] accepted a http connect , new connect ip is  192.168.43.186
[49876.309949]                           old connect ip is  192.168.43.237
[49876.316616]                                     but it isn't seted ip , so close it
[49876.833467] accepted a http connect , new connect ip is  192.168.43.186
[49876.840251]                           old connect ip is  192.168.43.237
[49876.846916]                                     but it isn't seted ip , so close it
[49877.373431] accepted a http connect , new connect ip is  192.168.43.186
[49877.380218]                           old connect ip is  192.168.43.237
[49877.386879]                                     but it isn't seted ip , so close it
[49877.913481] accepted a http connect , new connect ip is  192.168.43.186
[49877.920335]                           old connect ip is  192.168.43.237
[49877.927275]                                     but it isn't seted ip , so close it
[49878.453208] accepted a http connect , new connect ip is  192.168.43.186
[49878.459955]                           old connect ip is  192.168.43.237
[49878.466610]                                     but it isn't seted ip , so close it
[49878.980517] accepted a http connect , new connect ip is  192.168.43.186
[49878.987278]                           old connect ip is  192.168.43.237
[49878.993935]                                     but it isn't seted ip , so close it
[49879.507055] accepted a http connect , new connect ip is  192.168.43.186
[49879.513828]                           old connect ip is  192.168.43.237
[49879.520507]                                     but it isn't seted ip , so close it
[49880.033669] accepted a http connect , new connect ip is  192.168.43.186
[49880.040448]                           old connect ip is  192.168.43.237
[49880.047094]                                     but it isn't seted ip , so close it
[49880.560334] accepted a http connect , new connect ip is  192.168.43.186
[49880.567112]                           old connect ip is  192.168.43.237
[49880.573785]                                     but it isn't seted ip , so close it
[49881.086753] accepted a http connect , new connect ip is  192.168.43.186
[49881.093517]                           old connect ip is  192.168.43.237
[49881.100177]                                     but it isn't seted ip , so close it
[49881.623289] accepted a http connect , new connect ip is  192.168.43.186
[49881.630024]                           old connect ip is  192.168.43.237
[49881.636700]                                     but it isn't seted ip , so close it
[49882.149727] accepted a http connect , new connect ip is  192.168.43.186
[49882.156607]                           old connect ip is  192.168.43.237
[49882.163302]                                     but it isn't seted ip , so close it
[49882.684535] accepted a http connect , new connect ip is  192.168.43.186
[49882.691325]                           old connect ip is  192.168.43.237
[49882.698004]                                     but it isn't seted ip , so close it
[49883.223146] accepted a http connect , new connect ip is  192.168.43.186
[49883.229914]                           old connect ip is  192.168.43.237
[49883.236625]                                     but it isn't seted ip , so close it
[49883.763453] accepted a http connect , new connect ip is  192.168.43.186
[49883.770240]                           old connect ip is  192.168.43.237
[49883.776963]                                     but it isn't seted ip , so close it
[49884.303581] accepted a http connect , new connect ip is  192.168.43.186
[49884.310413]                           old connect ip is  192.168.43.237
[49884.317086]                                     but it isn't seted ip , so close it
[49884.843268] accepted a http connect , new connect ip is  192.168.43.186
[49884.850007]                           old connect ip is  192.168.43.237
[49884.856688]                                     but it isn't seted ip , so close it
[49885.369717] accepted a http connect , new connect ip is  192.168.43.186
[49885.376463]                           old connect ip is  192.168.43.237
[49885.383106]                                     but it isn't seted ip , so close it
[49885.903286] accepted a http connect , new connect ip is  192.168.43.186
[49885.910025]                           old connect ip is  192.168.43.237
[49885.916691]                                     but it isn't seted ip , so close it
[49886.433175] accepted a http connect , new connect ip is  192.168.43.186
[49886.439929]                           old connect ip is  192.168.43.237
[49886.446647]                                     but it isn't seted ip , so close it
[49886.961245] accepted a http connect , new connect ip is  192.168.43.186
[49886.968013]                           old connect ip is  192.168.43.237
[49886.974700]                                     but it isn't seted ip , so close it
[49887.493217] accepted a http connect , new connect ip is  192.168.43.186
[49887.499961]                           old connect ip is  192.168.43.237
[49887.506606]                                     but it isn't seted ip , so close it
[49888.021150] accepted a http connect , new connect ip is  192.168.43.186
[49888.027903]                           old connect ip is  192.168.43.237
[49888.034571]                                     but it isn't seted ip , so close it
[49888.553162] accepted a http connect , new connect ip is  192.168.43.186
[49888.559984]                           old connect ip is  192.168.43.237
[49888.566628]                                     but it isn't seted ip , so close it
[49889.079666] accepted a http connect , new connect ip is  192.168.43.186
[49889.086473]                           old connect ip is  192.168.43.237
[49889.093132]                                     but it isn't seted ip , so close it
[49889.613131] accepted a http connect , new connect ip is  192.168.43.186
[49889.619799]                           old connect ip is  192.168.43.237
[49889.626440]                                     but it isn't seted ip , so close it
[49890.140240] accepted a http connect , new connect ip is  192.168.43.186
[49890.146989]                           old connect ip is  192.168.43.237
[49890.153672]                                     but it isn't seted ip , so close it
[49890.673155] accepted a http connect , new connect ip is  192.168.43.186
[49890.679902]                           old connect ip is  192.168.43.237
[49890.686556]                                     but it isn't seted ip , so close it
[49891.199494] accepted a http connect , new connect ip is  192.168.43.186
[49891.206251]                           old connect ip is  192.168.43.237
[49891.212928]                                     but it isn't seted ip , so close it
[49891.733333] accepted a http connect , new connect ip is  192.168.43.186
[49891.740110]                           old connect ip is  192.168.43.237
[49891.746762]                                     but it isn't seted ip , so close it
[49892.260086] accepted a http connect , new connect ip is  192.168.43.186
[49892.266846]                           old connect ip is  192.168.43.237
[49892.273505]                                     but it isn't seted ip , so close it
[49892.787662] accepted a http connect , new connect ip is  192.168.43.186
[49892.794562]                           old connect ip is  192.168.43.237
[49892.801270]                                     but it isn't seted ip , so close it
[49893.323141] accepted a http connect , new connect ip is  192.168.43.186
[49893.329871]                           old connect ip is  192.168.43.237
[49893.336540]                                     but it isn't seted ip , so close it
[49893.852860] accepted a http connect , new connect ip is  192.168.43.186
[49893.859638]                           old connect ip is  192.168.43.237
[49893.866320]                                     but it isn't seted ip , so close it
[49894.383124] accepted a http connect , new connect ip is  192.168.43.186
[49894.389858]                           old connect ip is  192.168.43.237
[49894.396593]                                     but it isn't seted ip , so close it
[49894.913470] accepted a http connect , new connect ip is  192.168.43.186
[49894.920245]                           old connect ip is  192.168.43.237
[49894.926924]                                     but it isn't seted ip , so close it
[49895.453171] accepted a http connect , new connect ip is  192.168.43.186
[49895.459959]                           old connect ip is  192.168.43.237
[49895.466607]                                     but it isn't seted ip , so close it
[49895.989346] accepted a http connect , new connect ip is  192.168.43.186
[49895.996092]                           old connect ip is  192.168.43.237
[49896.002809]                                     but it isn't seted ip , so close it
[49896.516298] accepted a http connect , new connect ip is  192.168.43.186
[49896.523053]                           old connect ip is  192.168.43.237
[49896.529709]                                     but it isn't seted ip , so close it
[49897.043145] accepted a http connect , new connect ip is  192.168.43.186
[49897.049977]                           old connect ip is  192.168.43.237
[49897.056713]                                     but it isn't seted ip , so close it
[49897.583119] accepted a http connect , new connect ip is  192.168.43.186
[49897.589863]                           old connect ip is  192.168.43.237
[49897.596560]                                     but it isn't seted ip , so close it
[49898.109650] accepted a http connect , new connect ip is  192.168.43.186
[49898.116434]                           old connect ip is  192.168.43.237
[49898.123101]                                     but it isn't seted ip , so close it
[49898.643247] accepted a http connect , new connect ip is  192.168.43.186
[49898.649985]                           old connect ip is  192.168.43.237
[49898.656649]                                     but it isn't seted ip , so close it
[49899.169718] accepted a http connect , new connect ip is  192.168.43.186
[49899.176471]                           old connect ip is  192.168.43.237
[49899.183144]                                     but it isn't seted ip , so close it
[49899.703060] accepted a http connect , new connect ip is  192.168.43.186
[49899.709803]                           old connect ip is  192.168.43.237
[49899.716545]                                     but it isn't seted ip , so close it
[49900.233215] accepted a http connect , new connect ip is  192.168.43.186
[49900.239960]                           old connect ip is  192.168.43.237
[49900.246776]                                     but it isn't seted ip , so close it
[49900.775058] accepted a http connect , new connect ip is  192.168.43.186
[49900.781846]                           old connect ip is  192.168.43.237
[49900.788492]                                     but it isn't seted ip , so close it
[49901.313583] accepted a http connect , new connect ip is  192.168.43.186
[49901.320399]                           old connect ip is  192.168.43.237
[49901.327104]                                     but it isn't seted ip , so close it
[49901.852992] accepted a http connect , new connect ip is  192.168.43.186
[49901.859746]                           old connect ip is  192.168.43.237
[49901.866389]                                     but it isn't seted ip , so close it
[49902.379552] accepted a http connect , new connect ip is  192.168.43.186
[49902.386302]                           old connect ip is  192.168.43.237
[49902.392971]                                     but it isn't seted ip , so close it
[49902.913312] accepted a http connect , new connect ip is  192.168.43.186
[49902.920158]                           old connect ip is  192.168.43.237
[49902.926855]                                     but it isn't seted ip , so close it
[49903.443139] accepted a http connect , new connect ip is  192.168.43.186
[49903.449897]                           old connect ip is  192.168.43.237
[49903.456602]                                     but it isn't seted ip , so close it
[49903.976311] accepted a http connect , new connect ip is  192.168.43.186
[49903.983085]                           old connect ip is  192.168.43.237
[49903.989780]                                     but it isn't seted ip , so close it
[49904.503810] accepted a http connect , new connect ip is  192.168.43.186
[49904.510656]                           old connect ip is  192.168.43.237
[49904.517341]                                     but it isn't seted ip , so close it
[49905.030446] accepted a http connect , new connect ip is  192.168.43.186
[49905.037218]                           old connect ip is  192.168.43.237
[49905.043907]                                     but it isn't seted ip , so close it
[49905.573127] accepted a http connect , new connect ip is  192.168.43.186
[49905.579961]                           old connect ip is  192.168.43.237
[49905.586653]                                     but it isn't seted ip , so close it
[49906.100130] accepted a http connect , new connect ip is  192.168.43.186
[49906.106889]                           old connect ip is  192.168.43.237
[49906.113549]                                     but it isn't seted ip , so close it
[49906.633431] accepted a http connect , new connect ip is  192.168.43.186
[49906.640321]                           old connect ip is  192.168.43.237
[49906.647073]                                     but it isn't seted ip , so close it
[49907.161595] accepted a http connect , new connect ip is  192.168.43.186
[49907.168394]                           old connect ip is  192.168.43.237
[49907.175070]                                     but it isn't seted ip , so close it
[49907.703124] accepted a http connect , new connect ip is  192.168.43.186
[49907.709924]                           old connect ip is  192.168.43.237
[49907.716653]                                     but it isn't seted ip , so close it
[49908.243111] accepted a http connect , new connect ip is  192.168.43.186
[49908.249855]                           old connect ip is  192.168.43.237
[49908.256534]                                     but it isn't seted ip , so close it
[49908.773077] accepted a http connect , new connect ip is  192.168.43.186
[49908.779827]                           old connect ip is  192.168.43.237
[49908.786489]                                     but it isn't seted ip , so close it
[49909.303014] accepted a http connect , new connect ip is  192.168.43.186
[49909.309772]                           old connect ip is  192.168.43.237
[49909.316445]                                     but it isn't seted ip , so close it
[49909.833026] accepted a http connect , new connect ip is  192.168.43.186
[49909.839776]                           old connect ip is  192.168.43.237
[49909.846449]                                     but it isn't seted ip , so close it
[49910.363023] accepted a http connect , new connect ip is  192.168.43.186
[49910.369755]                           old connect ip is  192.168.43.237
[49910.376422]                                     but it isn't seted ip , so close it
[49910.893122] accepted a http connect , new connect ip is  192.168.43.186
[49910.900040]                           old connect ip is  192.168.43.237
[49910.906698]                                     but it isn't seted ip , so close it
[49911.420590] accepted a http connect , new connect ip is  192.168.43.186
[49911.427358]                           old connect ip is  192.168.43.237
[49911.434026]                                     but it isn't seted ip , so close it
[49911.952952] accepted a http connect , new connect ip is  192.168.43.186
[49911.959716]                           old connect ip is  192.168.43.237
[49911.966369]                                     but it isn't seted ip , so close it
[49912.493151] accepted a http connect , new connect ip is  192.168.43.186
[49912.499887]                           old connect ip is  192.168.43.237
[49912.506537]                                     but it isn't seted ip , so close it
[49913.019159] accepted a http connect , new connect ip is  192.168.43.186
[49913.026054]                           old connect ip is  192.168.43.237
[49913.032784]                                     but it isn't seted ip , so close it
[49913.552899] accepted a http connect , new connect ip is  192.168.43.186
[49913.559572]                           old connect ip is  192.168.43.237
[49913.566206]                                     but it isn't seted ip , so close it
[49914.078529] accepted a http connect , new connect ip is  192.168.43.186
[49914.085284]                           old connect ip is  192.168.43.237
[49914.091955]                                     but it isn't seted ip , so close it
[49914.613024] accepted a http connect , new connect ip is  192.168.43.186
[49914.619794]                           old connect ip is  192.168.43.237
[49914.626499]                                     but it isn't seted ip , so close it
[49915.139866] accepted a http connect , new connect ip is  192.168.43.186
[49915.146665]                           old connect ip is  192.168.43.237
[49915.153349]                                     but it isn't seted ip , so close it
[49915.668064] accepted a http connect , new connect ip is  192.168.43.186
[49915.674826]                           old connect ip is  192.168.43.237
[49915.681550]                                     but it isn't seted ip , so close it
[49916.194604] accepted a http connect , new connect ip is  192.168.43.186
[49916.201314]                           old connect ip is  192.168.43.237
[49916.207988]                                     but it isn't seted ip , so close it
[49916.733949] accepted a http connect , new connect ip is  192.168.43.186
[49916.740649]                           old connect ip is  192.168.43.237
[49916.747303]                                     but it isn't seted ip , so close it
[49917.263216] accepted a http connect , new connect ip is  192.168.43.186
[49917.269963]                           old connect ip is  192.168.43.237
[49917.276628]                                     but it isn't seted ip , so close it
[49917.802953] accepted a http connect , new connect ip is  192.168.43.186
[49917.809700]                           old connect ip is  192.168.43.237
[49917.816371]                                     but it isn't seted ip , so close it
[49918.332801] accepted a http connect , new connect ip is  192.168.43.186
[49918.339555]                           old connect ip is  192.168.43.237
[49918.346236]                                     but it isn't seted ip , so close it
[49918.863023] accepted a http connect , new connect ip is  192.168.43.186
[49918.869867]                           old connect ip is  192.168.43.237
[49918.876580]                                     but it isn't seted ip , so close it
[49919.403184] accepted a http connect , new connect ip is  192.168.43.186
[49919.409836]                           old connect ip is  192.168.43.237
[49919.416469]                                     but it isn't seted ip , so close it
[49919.942873] accepted a http connect , new connect ip is  192.168.43.186
[49919.949532]                           old connect ip is  192.168.43.237
[49919.956173]                                     but it isn't seted ip , so close it
[49920.483190] accepted a http connect , new connect ip is  192.168.43.186
[49920.489860]                           old connect ip is  192.168.43.237
[49920.496492]                                     but it isn't seted ip , so close it
[49921.010799] accepted a http connect , new connect ip is  192.168.43.186
[49921.017450]                           old connect ip is  192.168.43.237
[49921.024096]                                     but it isn't seted ip , so close it
[49921.542868] accepted a http connect , new connect ip is  192.168.43.186
[49921.549517]                           old connect ip is  192.168.43.237
[49921.556160]                                     but it isn't seted ip , so close it
[49922.068098] accepted a http connect , new connect ip is  192.168.43.186
[49922.074757]                           old connect ip is  192.168.43.237
[49922.081397]                                     but it isn't seted ip , so close it
[49922.602843] accepted a http connect , new connect ip is  192.168.43.186
[49922.609574]                           old connect ip is  192.168.43.237
[49922.616244]                                     but it isn't seted ip , so close it
[49923.129061] accepted a http connect , new connect ip is  192.168.43.186
[49923.135926]                           old connect ip is  192.168.43.237
[49923.142594]                                     but it isn't seted ip , so close it
[49923.662829] accepted a http connect , new connect ip is  192.168.43.186
[49923.669613]                           old connect ip is  192.168.43.237
[49923.676306]                                     but it isn't seted ip , so close it
[49924.189150] accepted a http connect , new connect ip is  192.168.43.186
[49924.195929]                           old connect ip is  192.168.43.237
[49924.202601]                                     but it isn't seted ip , so close it
[49924.723268] accepted a http connect , new connect ip is  192.168.43.186
[49924.730159]                           old connect ip is  192.168.43.237
[49924.736995]                                     but it isn't seted ip , so close it
[49925.262909] accepted a http connect , new connect ip is  192.168.43.186
[49925.269662]                           old connect ip is  192.168.43.237
[49925.276358]                                     but it isn't seted ip , so close it
[49925.802783] accepted a http connect , new connect ip is  192.168.43.186
[49925.809524]                           old connect ip is  192.168.43.237
[49925.816209]                                     but it isn't seted ip , so close it
[49926.333002] accepted a http connect , new connect ip is  192.168.43.186
[49926.339794]                           old connect ip is  192.168.43.237
[49926.346462]                                     but it isn't seted ip , so close it
[49926.862951] accepted a http connect , new connect ip is  192.168.43.186
[49926.869735]                           old connect ip is  192.168.43.237
[49926.876397]                                     but it isn't seted ip , so close it
[49927.389522] accepted a http connect , new connect ip is  192.168.43.186
[49927.396306]                           old connect ip is  192.168.43.237
[49927.403000]                                     but it isn't seted ip , so close it
[49927.922987] accepted a http connect , new connect ip is  192.168.43.186
[49927.929733]                           old connect ip is  192.168.43.237
[49927.936414]                                     but it isn't seted ip , so close it
[49928.462788] accepted a http connect , new connect ip is  192.168.43.186
[49928.469525]                           old connect ip is  192.168.43.237
[49928.476231]                                     but it isn't seted ip , so close it
[49928.992869] accepted a http connect , new connect ip is  192.168.43.186
[49928.999649]                           old connect ip is  192.168.43.237
[49929.006350]                                     but it isn't seted ip , so close it
[49929.535789] accepted a http connect , new connect ip is  192.168.43.186
[49929.542540]                           old connect ip is  192.168.43.237
[49929.549206]                                     but it isn't seted ip , so close it
[49930.064516] accepted a http connect , new connect ip is  192.168.43.186
[49930.071291]                           old connect ip is  192.168.43.237
[49930.077951]                                     but it isn't seted ip , so close it
[49930.602726] accepted a http connect , new connect ip is  192.168.43.186
[49930.609461]                           old connect ip is  192.168.43.237
[49930.616132]                                     but it isn't seted ip , so close it
[49931.133970] accepted a http connect , new connect ip is  192.168.43.186
[49931.140805]                           old connect ip is  192.168.43.237
[49931.147467]                                     but it isn't seted ip , so close it
[49931.672905] accepted a http connect , new connect ip is  192.168.43.186
[49931.679691]                           old connect ip is  192.168.43.237
[49931.686606]                                     but it isn't seted ip , so close it
[49932.200724] accepted a http connect , new connect ip is  192.168.43.186
[49932.207568]                           old connect ip is  192.168.43.237
[49932.214243]                                     but it isn't seted ip , so close it
[49932.732785] accepted a http connect , new connect ip is  192.168.43.186
[49932.739523]                           old connect ip is  192.168.43.237
[49932.746168]                                     but it isn't seted ip , so close it
[49933.271485] accepted a http connect , new connect ip is  192.168.43.186
[49933.278265]                           old connect ip is  192.168.43.237
[49933.284928]                                     but it isn't seted ip , so close it
[49933.804707] accepted a http connect , new connect ip is  192.168.43.186
[49933.811406]                           old connect ip is  192.168.43.237
[49933.818062]                                     but it isn't seted ip , so close it
[49934.344318] accepted a http connect , new connect ip is  192.168.43.186
[49934.351202]                           old connect ip is  192.168.43.237
[49934.357907]                                     but it isn't seted ip , so close it
[49934.882707] accepted a http connect , new connect ip is  192.168.43.186
[49934.889434]                           old connect ip is  192.168.43.237
[49934.896169]                                     but it isn't seted ip , so close it
[49935.412919] accepted a http connect , new connect ip is  192.168.43.186
[49935.419707]                           old connect ip is  192.168.43.237
[49935.426394]                                     but it isn't seted ip , so close it
[49935.952795] accepted a http connect , new connect ip is  192.168.43.186
[49935.959536]                           old connect ip is  192.168.43.237
[49935.966202]                                     but it isn't seted ip , so close it
[49936.483816] accepted a http connect , new connect ip is  192.168.43.186
[49936.490658]                           old connect ip is  192.168.43.237
[49936.497348]                                     but it isn't seted ip , so close it
[49937.018506] accepted a http connect , new connect ip is  192.168.43.186
[49937.025277]                           old connect ip is  192.168.43.237
[49937.031973]                                     but it isn't seted ip , so close it
[49937.562853] accepted a http connect , new connect ip is  192.168.43.186
[49937.569612]                           old connect ip is  192.168.43.237
[49937.576295]                                     but it isn't seted ip , so close it
[49938.094086] accepted a http connect , new connect ip is  192.168.43.186
[49938.100884]                           old connect ip is  192.168.43.237
[49938.107591]                                     but it isn't seted ip , so close it
[49938.621404] accepted a http connect , new connect ip is  192.168.43.186
[49938.628236]                           old connect ip is  192.168.43.237
[49938.634973]                                     but it isn't seted ip , so close it
[49939.152509] accepted a http connect , new connect ip is  192.168.43.186
[49939.159621]                           old connect ip is  192.168.43.237
[49939.166316]                                     but it isn't seted ip , so close it
[49939.693591] accepted a http connect , new connect ip is  192.168.43.186
[49939.700341]                           old connect ip is  192.168.43.237
[49939.706989]                                     but it isn't seted ip , so close it
[49940.227648] accepted a http connect , new connect ip is  192.168.43.186
[49940.234448]                           old connect ip is  192.168.43.237
[49940.241106]                                     but it isn't seted ip , so close it
[49940.774426] accepted a http connect , new connect ip is  192.168.43.186
[49940.781189]                           old connect ip is  192.168.43.237
[49940.787850]                                     but it isn't seted ip , so close it
[49941.313199] accepted a http connect , new connect ip is  192.168.43.186
[49941.319967]                           old connect ip is  192.168.43.237
[49941.326612]                                     but it isn't seted ip , so close it
[49941.852733] accepted a http connect , new connect ip is  192.168.43.186
[49941.859471]                           old connect ip is  192.168.43.237
[49941.866114]                                     but it isn't seted ip , so close it
[49942.382893] accepted a http connect , new connect ip is  192.168.43.186
[49942.389646]                           old connect ip is  192.168.43.237
[49942.396366]                                     but it isn't seted ip , so close it
[49942.923694] accepted a http connect , new connect ip is  192.168.43.186
[49942.930526]                           old connect ip is  192.168.43.237
[49942.937183]                                     but it isn't seted ip , so close it
[49943.462994] accepted a http connect , new connect ip is  192.168.43.186
[49943.469838]                           old connect ip is  192.168.43.237
[49943.476580]                                     but it isn't seted ip , so close it
[49944.002876] accepted a http connect , new connect ip is  192.168.43.186
[49944.009713]                           old connect ip is  192.168.43.237
[49944.016560]                                     but it isn't seted ip , so close it
[49944.543274] accepted a http connect , new connect ip is  192.168.43.186
[49944.550070]                           old connect ip is  192.168.43.237
[49944.556775]                                     but it isn't seted ip , so close it
[49945.069927] accepted a http connect , new connect ip is  192.168.43.186
[49945.076688]                           old connect ip is  192.168.43.237
[49945.083351]                                     but it isn't seted ip , so close it
[49945.602675] accepted a http connect , new connect ip is  192.168.43.186
[49945.609429]                           old connect ip is  192.168.43.237
[49945.616098]                                     but it isn't seted ip , so close it
[49946.129098] accepted a http connect , new connect ip is  192.168.43.186
[49946.135864]                           old connect ip is  192.168.43.237
[49946.142550]                                     but it isn't seted ip , so close it
[49946.672773] accepted a http connect , new connect ip is  192.168.43.186
[49946.679569]                           old connect ip is  192.168.43.237
[49946.686289]                                     but it isn't seted ip , so close it
[49947.205613] accepted a http connect , new connect ip is  192.168.43.186
[49947.212357]                           old connect ip is  192.168.43.237
[49947.219031]                                     but it isn't seted ip , so close it
[49947.742788] accepted a http connect , new connect ip is  192.168.43.186
[49947.749530]                           old connect ip is  192.168.43.237
[49947.756212]                                     but it isn't seted ip , so close it
[49948.282755] accepted a http connect , new connect ip is  192.168.43.186
[49948.289505]                           old connect ip is  192.168.43.237
[49948.296187]                                     but it isn't seted ip , so close it
[49948.826571] accepted a http connect , new connect ip is  192.168.43.186
[49948.833288]                           old connect ip is  192.168.43.237
[49948.839941]                                     but it isn't seted ip , so close it
[49949.363181] accepted a http connect , new connect ip is  192.168.43.186
[49949.370036]                           old connect ip is  192.168.43.237
[49949.376770]                                     but it isn't seted ip , so close it
[49949.903289] accepted a http connect , new connect ip is  192.168.43.186
[49949.910073]                           old connect ip is  192.168.43.237
[49949.916742]                                     but it isn't seted ip , so close it
[49950.442690] accepted a http connect , new connect ip is  192.168.43.186
[49950.449442]                           old connect ip is  192.168.43.237
[49950.456142]                                     but it isn't seted ip , so close it
[49950.969369] accepted a http connect , new connect ip is  192.168.43.186
[49950.976194]                           old connect ip is  192.168.43.237
[49950.982845]                                     but it isn't seted ip , so close it
[49951.502777] accepted a http connect , new connect ip is  192.168.43.186
[49951.509547]                           old connect ip is  192.168.43.237
[49951.516226]                                     but it isn't seted ip , so close it
[49952.033174] accepted a http connect , new connect ip is  192.168.43.186
[49952.039962]                           old connect ip is  192.168.43.237
[49952.046627]                                     but it isn't seted ip , so close it
[49952.572678] accepted a http connect , new connect ip is  192.168.43.186
[49952.579419]                           old connect ip is  192.168.43.237
[49952.586161]                                     but it isn't seted ip , so close it
[49953.099814] accepted a http connect , new connect ip is  192.168.43.186
[49953.106564]                           old connect ip is  192.168.43.237
[49953.113226]                                     but it isn't seted ip , so close it
[49953.632541] accepted a http connect , new connect ip is  192.168.43.186
[49953.639295]                           old connect ip is  192.168.43.237
[49953.645949]                                     but it isn't seted ip , so close it
[49954.158669] accepted a http connect , new connect ip is  192.168.43.186
[49954.165413]                           old connect ip is  192.168.43.237
[49954.172082]                                     but it isn't seted ip , so close it
[49954.692620] accepted a http connect , new connect ip is  192.168.43.186
[49954.699415]                           old connect ip is  192.168.43.237
[49954.706066]                                     but it isn't seted ip , so close it
[49955.221167] accepted a http connect , new connect ip is  192.168.43.186
[49955.227961]                           old connect ip is  192.168.43.237
[49955.234639]                                     but it isn't seted ip , so close it
[49955.762427] accepted a http connect , new connect ip is  192.168.43.186
[49955.769195]                           old connect ip is  192.168.43.237
[49955.775862]                                     but it isn't seted ip , so close it
[49956.292630] accepted a http connect , new connect ip is  192.168.43.186
[49956.299376]                           old connect ip is  192.168.43.237
[49956.306033]                                     but it isn't seted ip , so close it
[49956.822619] accepted a http connect , new connect ip is  192.168.43.186
[49956.829367]                           old connect ip is  192.168.43.237
[49956.836032]                                     but it isn't seted ip , so close it
[49957.362579] accepted a http connect , new connect ip is  192.168.43.186
[49957.369352]                           old connect ip is  192.168.43.237
[49957.376027]                                     but it isn't seted ip , so close it
[49957.902431] accepted a http connect , new connect ip is  192.168.43.186
[49957.909233]                           old connect ip is  192.168.43.237
[49957.915904]                                     but it isn't seted ip , so close it
[49958.432554] accepted a http connect , new connect ip is  192.168.43.186
[49958.439310]                           old connect ip is  192.168.43.237
[49958.445987]                                     but it isn't seted ip , so close it
[49958.972361] accepted a http connect , new connect ip is  192.168.43.186
[49958.979121]                           old connect ip is  192.168.43.237
[49958.985771]                                     but it isn't seted ip , so close it
[49959.512690] accepted a http connect , new connect ip is  192.168.43.186
[49959.519436]                           old connect ip is  192.168.43.237
[49959.526102]                                     but it isn't seted ip , so close it
[49960.042673] accepted a http connect , new connect ip is  192.168.43.186
[49960.049545]                           old connect ip is  192.168.43.237
[49960.056217]                                     but it isn't seted ip , so close it
[49960.582527] accepted a http connect , new connect ip is  192.168.43.186
[49960.589280]                           old connect ip is  192.168.43.237
[49960.595957]                                     but it isn't seted ip , so close it
[49961.110179] accepted a http connect , new connect ip is  192.168.43.186
[49961.116951]                           old connect ip is  192.168.43.237
[49961.123676]                                     but it isn't seted ip , so close it
[49961.640489] accepted a http connect , new connect ip is  192.168.43.186
[49961.647357]                           old connect ip is  192.168.43.237
[49961.654063]                                     but it isn't seted ip , so close it
[49962.169305] accepted a http connect , new connect ip is  192.168.43.186
[49962.176116]                           old connect ip is  192.168.43.237
[49962.182762]                                     but it isn't seted ip , so close it
[49962.702489] accepted a http connect , new connect ip is  192.168.43.186
[49962.709220]                           old connect ip is  192.168.43.237
[49962.715884]                                     but it isn't seted ip , so close it
[49963.228835] accepted a http connect , new connect ip is  192.168.43.186
[49963.235618]                           old connect ip is  192.168.43.237
[49963.242300]                                     but it isn't seted ip , so close it
[49963.777793] accepted a http connect , new connect ip is  192.168.43.186
[49963.784527]                           old connect ip is  192.168.43.237
[49963.791187]                                     but it isn't seted ip , so close it
[49964.312494] accepted a http connect , new connect ip is  192.168.43.186
[49964.319246]                           old connect ip is  192.168.43.237
[49964.325928]                                     but it isn't seted ip , so close it
[49964.842605] accepted a http connect , new connect ip is  192.168.43.186
[49964.849358]                           old connect ip is  192.168.43.237
[49964.856024]                                     but it isn't seted ip , so close it
[49965.373441] accepted a http connect , new connect ip is  192.168.43.186
[49965.380214]                           old connect ip is  192.168.43.237
[49965.386868]                                     but it isn't seted ip , so close it
[49965.912528] accepted a http connect , new connect ip is  192.168.43.186
[49965.919326]                           old connect ip is  192.168.43.237
[49965.926012]                                     but it isn't seted ip , so close it
[49966.443514] accepted a http connect , new connect ip is  192.168.43.186
[49966.450286]                           old connect ip is  192.168.43.237
[49966.456948]                                     but it isn't seted ip , so close it
[49966.982376] accepted a http connect , new connect ip is  192.168.43.186
[49966.989212]                           old connect ip is  192.168.43.237
[49966.995926]                                     but it isn't seted ip , so close it
[49967.522675] accepted a http connect , new connect ip is  192.168.43.186
[49967.529463]                           old connect ip is  192.168.43.237
[49967.536139]                                     but it isn't seted ip , so close it
[49968.063494] accepted a http connect , new connect ip is  192.168.43.186
[49968.070280]                           old connect ip is  192.168.43.237
[49968.076949]                                     but it isn't seted ip , so close it
[49968.602431] accepted a http connect , new connect ip is  192.168.43.186
[49968.609184]                           old connect ip is  192.168.43.237
[49968.615859]                                     but it isn't seted ip , so close it
[49969.133079] accepted a http connect , new connect ip is  192.168.43.186
[49969.139840]                           old connect ip is  192.168.43.237
[49969.146508]                                     but it isn't seted ip , so close it
[49969.672638] accepted a http connect , new connect ip is  192.168.43.186
[49969.679453]                           old connect ip is  192.168.43.237
[49969.686173]                                     but it isn't seted ip , so close it
[49970.199211] accepted a http connect , new connect ip is  192.168.43.186
[49970.205968]                           old connect ip is  192.168.43.237
[49970.212632]                                     but it isn't seted ip , so close it
[49970.732722] accepted a http connect , new connect ip is  192.168.43.186
[49970.739451]                           old connect ip is  192.168.43.237
[49970.746099]                                     but it isn't seted ip , so close it
[49971.259558] accepted a http connect , new connect ip is  192.168.43.186
[49971.266331]                           old connect ip is  192.168.43.237
[49971.273033]                                     but it isn't seted ip , so close it
[49971.793082] accepted a http connect , new connect ip is  192.168.43.186
[49971.799908]                           old connect ip is  192.168.43.237
[49971.806593]                                     but it isn't seted ip , so close it
[49972.332525] accepted a http connect , new connect ip is  192.168.43.186
[49972.339280]                           old connect ip is  192.168.43.237
[49972.345981]                                     but it isn't seted ip , so close it
[49972.874776] accepted a http connect , new connect ip is  192.168.43.186
[49972.881566]                           old connect ip is  192.168.43.237
[49972.888212]                                     but it isn't seted ip , so close it
[49973.412820] accepted a http connect , new connect ip is  192.168.43.186
[49973.419627]                           old connect ip is  192.168.43.237
[49973.426290]                                     but it isn't seted ip , so close it
[49973.940390] accepted a http connect , new connect ip is  192.168.43.186
[49973.947170]                           old connect ip is  192.168.43.237
[49973.953833]                                     but it isn't seted ip , so close it
[49974.472424] accepted a http connect , new connect ip is  192.168.43.186
[49974.479186]                           old connect ip is  192.168.43.237
[49974.486047]                                     but it isn't seted ip , so close it
[49975.012311] accepted a http connect , new connect ip is  192.168.43.186
[49975.019058]                           old connect ip is  192.168.43.237
[49975.025702]                                     but it isn't seted ip , so close it
[49975.542275] accepted a http connect , new connect ip is  192.168.43.186
[49975.549023]                           old connect ip is  192.168.43.237
[49975.555707]                                     but it isn't seted ip , so close it
[49976.074896] accepted a http connect , new connect ip is  192.168.43.186
[49976.081644]                           old connect ip is  192.168.43.237
[49976.088294]                                     but it isn't seted ip , so close it
[49976.603290] accepted a http connect , new connect ip is  192.168.43.186
[49976.610031]                           old connect ip is  192.168.43.237
[49976.616730]                                     but it isn't seted ip , so close it
[49977.129683] accepted a http connect , new connect ip is  192.168.43.186
[49977.136430]                           old connect ip is  192.168.43.237
[49977.143079]                                     but it isn't seted ip , so close it
[49977.662628] accepted a http connect , new connect ip is  192.168.43.186
[49977.669368]                           old connect ip is  192.168.43.237
[49977.676069]                                     but it isn't seted ip , so close it
[49978.189226] accepted a http connect , new connect ip is  192.168.43.186
[49978.195992]                           old connect ip is  192.168.43.237
[49978.202679]                                     but it isn't seted ip , so close it
[49978.722336] accepted a http connect , new connect ip is  192.168.43.186
[49978.729185]                           old connect ip is  192.168.43.237
[49978.735881]                                     but it isn't seted ip , so close it
[49979.251848] accepted a http connect , new connect ip is  192.168.43.186
[49979.258661]                           old connect ip is  192.168.43.237
[49979.265344]                                     but it isn't seted ip , so close it
[49979.792610] accepted a http connect , new connect ip is  192.168.43.186
[49979.799451]                           old connect ip is  192.168.43.237
[49979.806109]                                     but it isn't seted ip , so close it
[49980.332258] accepted a http connect , new connect ip is  192.168.43.186
[49980.339022]                           old connect ip is  192.168.43.237
[49980.345665]                                     but it isn't seted ip , so close it
[49980.892247] accepted a http connect , new connect ip is  192.168.43.186
[49980.899068]                           old connect ip is  192.168.43.237
[49980.905726]                                     but it isn't seted ip , so close it
[49981.432379] accepted a http connect , new connect ip is  192.168.43.186
[49981.439158]                           old connect ip is  192.168.43.237
[49981.445819]                                     but it isn't seted ip , so close it
[49981.964886] accepted a http connect , new connect ip is  192.168.43.186
[49981.971648]                           old connect ip is  192.168.43.237
[49981.978306]                                     but it isn't seted ip , so close it
[49982.508495] accepted a http connect , new connect ip is  192.168.43.186
[49982.515259]                           old connect ip is  192.168.43.237
[49982.521910]                                     but it isn't seted ip , so close it
[49983.042555] accepted a http connect , new connect ip is  192.168.43.186
[49983.049288]                           old connect ip is  192.168.43.237
[49983.055956]                                     but it isn't seted ip , so close it
[49983.572602] accepted a http connect , new connect ip is  192.168.43.186
[49983.579351]                           old connect ip is  192.168.43.237
[49983.585999]                                     but it isn't seted ip , so close it
[49984.100295] accepted a http connect , new connect ip is  192.168.43.186
[49984.107031]                           old connect ip is  192.168.43.237
[49984.113774]                                     but it isn't seted ip , so close it
[49984.632227] accepted a http connect , new connect ip is  192.168.43.186
[49984.638990]                           old connect ip is  192.168.43.237
[49984.645707]                                     but it isn't seted ip , so close it
[49985.159063] accepted a http connect , new connect ip is  192.168.43.186
[49985.165936]                           old connect ip is  192.168.43.237
[49985.172658]                                     but it isn't seted ip , so close it
[49985.692426] accepted a http connect , new connect ip is  192.168.43.186
[49985.699198]                           old connect ip is  192.168.43.237
[49985.705853]                                     but it isn't seted ip , so close it
[49986.220358] accepted a http connect , new connect ip is  192.168.43.186
[49986.227106]                           old connect ip is  192.168.43.237
[49986.233778]                                     but it isn't seted ip , so close it
[49986.766265] accepted a http connect , new connect ip is  192.168.43.186
[49986.773030]                           old connect ip is  192.168.43.237
[49986.779688]                                     but it isn't seted ip , so close it
[49987.298328] accepted a http connect , new connect ip is  192.168.43.186
[49987.305067]                           old connect ip is  192.168.43.237
[49987.311740]                                     but it isn't seted ip , so close it
[49987.842395] accepted a http connect , new connect ip is  192.168.43.186
[49987.849131]                           old connect ip is  192.168.43.237
[49987.855806]                                     but it isn't seted ip , so close it
[49988.387270] accepted a http connect , new connect ip is  192.168.43.186
[49988.394017]                           old connect ip is  192.168.43.237
[49988.400688]                                     but it isn't seted ip , so close it
[49988.929225] accepted a http connect , new connect ip is  192.168.43.186
[49988.936078]                           old connect ip is  192.168.43.237
[49988.942724]                                     but it isn't seted ip , so close it
[49989.472453] accepted a http connect , new connect ip is  192.168.43.186
[49989.479283]                           old connect ip is  192.168.43.237
[49989.485977]                                     but it isn't seted ip , so close it
[49990.012258] accepted a http connect , new connect ip is  192.168.43.186
[49990.019023]                           old connect ip is  192.168.43.237
[49990.025676]                                     but it isn't seted ip , so close it
[49990.552212] accepted a http connect , new connect ip is  192.168.43.186
[49990.558976]                           old connect ip is  192.168.43.237
[49990.565735]                                     but it isn't seted ip , so close it
[49991.094721] accepted a http connect , new connect ip is  192.168.43.186
[49991.101501]                           old connect ip is  192.168.43.237
[49991.108160]                                     but it isn't seted ip , so close it
[49991.633362] accepted a http connect , new connect ip is  192.168.43.186
[49991.640175]                           old connect ip is  192.168.43.237
[49991.646854]                                     but it isn't seted ip , so close it
[49992.168624] accepted a http connect , new connect ip is  192.168.43.186
[49992.175366]                           old connect ip is  192.168.43.237
[49992.182019]                                     but it isn't seted ip , so close it
[49992.702369] accepted a http connect , new connect ip is  192.168.43.186
[49992.709105]                           old connect ip is  192.168.43.237
[49992.715767]                                     but it isn't seted ip , so close it
[49993.228694] accepted a http connect , new connect ip is  192.168.43.186
[49993.235490]                           old connect ip is  192.168.43.237
[49993.242150]                                     but it isn't seted ip , so close it
[49993.762443] accepted a http connect , new connect ip is  192.168.43.186
[49993.769168]                           old connect ip is  192.168.43.237
[49993.775833]                                     but it isn't seted ip , so close it
[49994.288726] accepted a http connect , new connect ip is  192.168.43.186
[49994.295488]                           old connect ip is  192.168.43.237
[49994.302166]                                     but it isn't seted ip , so close it
[49994.822313] accepted a http connect , new connect ip is  192.168.43.186
[49994.829040]                           old connect ip is  192.168.43.237
[49994.835700]                                     but it isn't seted ip , so close it
[49995.352212] accepted a http connect , new connect ip is  192.168.43.186
[49995.358975]                           old connect ip is  192.168.43.237
[49995.365679]                                     but it isn't seted ip , so close it
[49995.882077] accepted a http connect , new connect ip is  192.168.43.186
[49995.888823]                           old connect ip is  192.168.43.237
[49995.895490]                                     but it isn't seted ip , so close it
[49996.413086] accepted a http connect , new connect ip is  192.168.43.186
[49996.419898]                           old connect ip is  192.168.43.237
[49996.426553]                                     but it isn't seted ip , so close it
[49996.953791] accepted a http connect , new connect ip is  192.168.43.186
[49996.960572]                           old connect ip is  192.168.43.237
[49996.967316]                                     but it isn't seted ip , so close it
[49997.486500] accepted a http connect , new connect ip is  192.168.43.186
[49997.493391]                           old connect ip is  192.168.43.237
[49997.500081]                                     but it isn't seted ip , so close it
[49998.032551] accepted a http connect , new connect ip is  192.168.43.186
[49998.039314]                           old connect ip is  192.168.43.237
[49998.045986]                                     but it isn't seted ip , so close it
[49998.562390] accepted a http connect , new connect ip is  192.168.43.186
[49998.569195]                           old connect ip is  192.168.43.237
[49998.575869]                                     but it isn't seted ip , so close it
[49999.103681] accepted a http connect , new connect ip is  192.168.43.186
[49999.110423]                           old connect ip is  192.168.43.237
[49999.117083]                                     but it isn't seted ip , so close it
[49999.642294] accepted a http connect , new connect ip is  192.168.43.186
[49999.649041]                           old connect ip is  192.168.43.237
[49999.655721]                                     but it isn't seted ip , so close it
[50000.168802] accepted a http connect , new connect ip is  192.168.43.186
[50000.175640]                           old connect ip is  192.168.43.237
[50000.182295]                                     but it isn't seted ip , so close it
[50000.702468] accepted a http connect , new connect ip is  192.168.43.186
[50000.709312]                           old connect ip is  192.168.43.237
[50000.716006]                                     but it isn't seted ip , so close it
[50001.228983] accepted a http connect , new connect ip is  192.168.43.186
[50001.235729]                           old connect ip is  192.168.43.237
[50001.242381]                                     but it isn't seted ip , so close it
[50001.762230] accepted a http connect , new connect ip is  192.168.43.186
[50001.768959]                           old connect ip is  192.168.43.237
[50001.775619]                                     but it isn't seted ip , so close it
[50002.288353] accepted a http connect , new connect ip is  192.168.43.186
[50002.295131]                           old connect ip is  192.168.43.237
[50002.301779]                                     but it isn't seted ip , so close it
[50002.822323] accepted a http connect , new connect ip is  192.168.43.186
[50002.829081]                           old connect ip is  192.168.43.237
[50002.835753]                                     but it isn't seted ip , so close it
[50003.364004] accepted a http connect , new connect ip is  192.168.43.186
[50003.370931]                           old connect ip is  192.168.43.237
[50003.377626]                                     but it isn't seted ip , so close it
[50003.902275] accepted a http connect , new connect ip is  192.168.43.186
[50003.908944]                           old connect ip is  192.168.43.237
[50003.915601]                                     but it isn't seted ip , so close it
[50004.432022] accepted a http connect , new connect ip is  192.168.43.186
[50004.438669]                           old connect ip is  192.168.43.237
[50004.445305]                                     but it isn't seted ip , so close it
[50004.962203] accepted a http connect , new connect ip is  192.168.43.186
[50004.968871]                           old connect ip is  192.168.43.237
[50004.975510]                                     but it isn't seted ip , so close it
[50005.492101] accepted a http connect , new connect ip is  192.168.43.186
[50005.498867]                           old connect ip is  192.168.43.237
[50005.505519]                                     but it isn't seted ip , so close it
[50006.032045] accepted a http connect , new connect ip is  192.168.43.186
[50006.038793]                           old connect ip is  192.168.43.237
[50006.045445]                                     but it isn't seted ip , so close it
[50006.562027] accepted a http connect , new connect ip is  192.168.43.186
[50006.568781]                           old connect ip is  192.168.43.237
[50006.575443]                                     but it isn't seted ip , so close it
[50007.091978] accepted a http connect , new connect ip is  192.168.43.186
[50007.098736]                           old connect ip is  192.168.43.237
[50007.105382]                                     but it isn't seted ip , so close it
[50007.632253] accepted a http connect , new connect ip is  192.168.43.186
[50007.639021]                           old connect ip is  192.168.43.237
[50007.645687]                                     but it isn't seted ip , so close it
[50008.158746] accepted a http connect , new connect ip is  192.168.43.186
[50008.165501]                           old connect ip is  192.168.43.237
[50008.172210]                                     but it isn't seted ip , so close it
[50008.692856] accepted a http connect , new connect ip is  192.168.43.186
[50008.699592]                           old connect ip is  192.168.43.237
[50008.706312]                                     but it isn't seted ip , so close it
[50009.224043] accepted a http connect , new connect ip is  192.168.43.186
[50009.230741]                           old connect ip is  192.168.43.237
[50009.237407]                                     but it isn't seted ip , so close it
[50009.762667] accepted a http connect , new connect ip is  192.168.43.186
[50009.769355]                           old connect ip is  192.168.43.237
[50009.776008]                                     but it isn't seted ip , so close it
[50010.289144] accepted a http connect , new connect ip is  192.168.43.186
[50010.295908]                           old connect ip is  192.168.43.237
[50010.302558]                                     but it isn't seted ip , so close it
[50010.816838] accepted a http connect , new connect ip is  192.168.43.186
[50010.823738]                           old connect ip is  192.168.43.237
[50010.830430]                                     but it isn't seted ip , so close it
[50011.344534] accepted a http connect , new connect ip is  192.168.43.186
[50011.351312]                           old connect ip is  192.168.43.237
[50011.357976]                                     but it isn't seted ip , so close it
[50011.882075] accepted a http connect , new connect ip is  192.168.43.186
[50011.888814]                           old connect ip is  192.168.43.237
[50011.895477]                                     but it isn't seted ip , so close it
[50012.412095] accepted a http connect , new connect ip is  192.168.43.186
[50012.418849]                           old connect ip is  192.168.43.237
[50012.425513]                                     but it isn't seted ip , so close it
[50012.942272] accepted a http connect , new connect ip is  192.168.43.186
[50012.949001]                           old connect ip is  192.168.43.237
[50012.955666]                                     but it isn't seted ip , so close it
[50013.472213] accepted a http connect , new connect ip is  192.168.43.186
[50013.478982]                           old connect ip is  192.168.43.237
[50013.485642]                                     but it isn't seted ip , so close it
[50014.002236] accepted a http connect , new connect ip is  192.168.43.186
[50014.009007]                           old connect ip is  192.168.43.237
[50014.015716]                                     but it isn't seted ip , so close it
[50014.542246] accepted a http connect , new connect ip is  192.168.43.186
[50014.548998]                           old connect ip is  192.168.43.237
[50014.555693]                                     but it isn't seted ip , so close it
[50015.082267] accepted a http connect , new connect ip is  192.168.43.186
[50015.089021]                           old connect ip is  192.168.43.237
[50015.095706]                                     but it isn't seted ip , so close it
[50015.622382] accepted a http connect , new connect ip is  192.168.43.186
[50015.629244]                           old connect ip is  192.168.43.237
[50015.635932]                                     but it isn't seted ip , so close it
[50016.151025] accepted a http connect , new connect ip is  192.168.43.186
[50016.157877]                           old connect ip is  192.168.43.237
[50016.164684]                                     but it isn't seted ip , so close it
[50016.681963] accepted a http connect , new connect ip is  192.168.43.186
[50016.688698]                           old connect ip is  192.168.43.237
[50016.695380]                                     but it isn't seted ip , so close it
[50017.208434] accepted a http connect , new connect ip is  192.168.43.186
[50017.215227]                           old connect ip is  192.168.43.237
[50017.221898]                                     but it isn't seted ip , so close it
[50017.742382] accepted a http connect , new connect ip is  192.168.43.186
[50017.749121]                           old connect ip is  192.168.43.237
[50017.755836]                                     but it isn't seted ip , so close it
[50018.269235] accepted a http connect , new connect ip is  192.168.43.186
[50018.276007]                           old connect ip is  192.168.43.237
[50018.282674]                                     but it isn't seted ip , so close it
[50018.802094] accepted a http connect , new connect ip is  192.168.43.186
[50018.808848]                           old connect ip is  192.168.43.237
[50018.815518]                                     but it isn't seted ip , so close it
[50019.328362] accepted a http connect , new connect ip is  192.168.43.186
[50019.335145]                           old connect ip is  192.168.43.237
[50019.341838]                                     but it isn't seted ip , so close it
[50019.856260] accepted a http connect , new connect ip is  192.168.43.186
[50019.863055]                           old connect ip is  192.168.43.237
[50019.869715]                                     but it isn't seted ip , so close it
[50020.382974] accepted a http connect , new connect ip is  192.168.43.186
[50020.389721]                           old connect ip is  192.168.43.237
[50020.396425]                                     but it isn't seted ip , so close it
[50020.924063] accepted a http connect , new connect ip is  192.168.43.186
[50020.930949]                           old connect ip is  192.168.43.237
[50020.937649]                                     but it isn't seted ip , so close it
[50021.461796] accepted a http connect , new connect ip is  192.168.43.186
[50021.468561]                           old connect ip is  192.168.43.237
[50021.475233]                                     but it isn't seted ip , so close it
[50022.002386] accepted a http connect , new connect ip is  192.168.43.186
[50022.009131]                           old connect ip is  192.168.43.237
[50022.015797]                                     but it isn't seted ip , so close it
[50022.542309] accepted a http connect , new connect ip is  192.168.43.186
[50022.549075]                           old connect ip is  192.168.43.237
[50022.555757]                                     but it isn't seted ip , so close it
[50023.081600] accepted a http connect , new connect ip is  192.168.43.186
[50023.088352]                           old connect ip is  192.168.43.237
[50023.095085]                                     but it isn't seted ip , so close it
[50023.611868] accepted a http connect , new connect ip is  192.168.43.186
[50023.618631]                           old connect ip is  192.168.43.237
[50023.625279]                                     but it isn't seted ip , so close it
[50024.143750] accepted a http connect , new connect ip is  192.168.43.186
[50024.150564]                           old connect ip is  192.168.43.237
[50024.157236]                                     but it isn't seted ip , so close it
[50024.681860] accepted a http connect , new connect ip is  192.168.43.186
[50024.688621]                           old connect ip is  192.168.43.237
[50024.695283]                                     but it isn't seted ip , so close it
[50025.209769] accepted a http connect , new connect ip is  192.168.43.186
[50025.216522]                           old connect ip is  192.168.43.237
[50025.223177]                                     but it isn't seted ip , so close it
[50025.742035] accepted a http connect , new connect ip is  192.168.43.186
[50025.748792]                           old connect ip is  192.168.43.237
[50025.755457]                                     but it isn't seted ip , so close it
[50026.267384] accepted a http connect , new connect ip is  192.168.43.186
[50026.274149]                           old connect ip is  192.168.43.237
[50026.280805]                                     but it isn't seted ip , so close it
[50026.802858] accepted a http connect , new connect ip is  192.168.43.186
[50026.809771]                           old connect ip is  192.168.43.237
[50026.816519]                                     but it isn't seted ip , so close it
[50027.334971] accepted a http connect , new connect ip is  192.168.43.186
[50027.341720]                           old connect ip is  192.168.43.237
[50027.348380]                                     but it isn't seted ip , so close it
[50027.872243] accepted a http connect , new connect ip is  192.168.43.186
[50027.879044]                           old connect ip is  192.168.43.237
[50027.885714]                                     but it isn't seted ip , so close it
[50028.411966] accepted a http connect , new connect ip is  192.168.43.186
[50028.418768]                           old connect ip is  192.168.43.237
[50028.425432]                                     but it isn't seted ip , so close it
[50028.941773] accepted a http connect , new connect ip is  192.168.43.186
[50028.948526]                           old connect ip is  192.168.43.237
[50028.955185]                                     but it isn't seted ip , so close it
[50029.472399] accepted a http connect , new connect ip is  192.168.43.186
[50029.479202]                           old connect ip is  192.168.43.237
[50029.485867]                                     but it isn't seted ip , so close it
[50030.011948] accepted a http connect , new connect ip is  192.168.43.186
[50030.018696]                           old connect ip is  192.168.43.237
[50030.025415]                                     but it isn't seted ip , so close it
[50030.541790] accepted a http connect , new connect ip is  192.168.43.186
[50030.548527]                           old connect ip is  192.168.43.237
[50030.555208]                                     but it isn't seted ip , so close it
[50031.068389] accepted a http connect , new connect ip is  192.168.43.186
[50031.075237]                           old connect ip is  192.168.43.237
[50031.081905]                                     but it isn't seted ip , so close it
[50031.594882] accepted a http connect , new connect ip is  192.168.43.186
[50031.601614]                           old connect ip is  192.168.43.237
[50031.608298]                                     but it isn't seted ip , so close it
[50032.131927] accepted a http connect , new connect ip is  192.168.43.186
[50032.138674]                           old connect ip is  192.168.43.237
[50032.145323]                                     but it isn't seted ip , so close it
[50032.666548] accepted a http connect , new connect ip is  192.168.43.186
[50032.673290]                           old connect ip is  192.168.43.237
[50032.679958]                                     but it isn't seted ip , so close it
[50033.193178] accepted a http connect , new connect ip is  192.168.43.186
[50033.199967]                           old connect ip is  192.168.43.237
[50033.206626]                                     but it isn't seted ip , so close it
[50033.732234] accepted a http connect , new connect ip is  192.168.43.186
[50033.739037]                           old connect ip is  192.168.43.237
[50033.745714]                                     but it isn't seted ip , so close it
[50034.260271] accepted a http connect , new connect ip is  192.168.43.186
[50034.267060]                           old connect ip is  192.168.43.237
[50034.273754]                                     but it isn't seted ip , so close it
[50034.791893] accepted a http connect , new connect ip is  192.168.43.186
[50034.798669]                           old connect ip is  192.168.43.237
[50034.805319]                                     but it isn't seted ip , so close it
[50035.318302] accepted a http connect , new connect ip is  192.168.43.186
[50035.325027]                           old connect ip is  192.168.43.237
[50035.331682]                                     but it isn't seted ip , so close it
[50035.851810] accepted a http connect , new connect ip is  192.168.43.186
[50035.858473]                           old connect ip is  192.168.43.237
[50035.865104]                                     but it isn't seted ip , so close it
[50036.378263] accepted a http connect , new connect ip is  192.168.43.186
[50036.385014]                           old connect ip is  192.168.43.237
[50036.391665]                                     but it isn't seted ip , so close it
[50036.911795] accepted a http connect , new connect ip is  192.168.43.186
[50036.918553]                           old connect ip is  192.168.43.237
[50036.925218]                                     but it isn't seted ip , so close it
[50037.451780] accepted a http connect , new connect ip is  192.168.43.186
[50037.458588]                           old connect ip is  192.168.43.237
[50037.465291]                                     but it isn't seted ip , so close it
[50037.991927] accepted a http connect , new connect ip is  192.168.43.186
[50037.998701]                           old connect ip is  192.168.43.237
[50038.005365]                                     but it isn't seted ip , so close it
[50038.521818] accepted a http connect , new connect ip is  192.168.43.186
[50038.528612]                           old connect ip is  192.168.43.237
[50038.535275]                                     but it isn't seted ip , so close it
[50039.061928] accepted a http connect , new connect ip is  192.168.43.186
[50039.068715]                           old connect ip is  192.168.43.237
[50039.075411]                                     but it isn't seted ip , so close it
[50039.593245] accepted a http connect , new connect ip is  192.168.43.186
[50039.600026]                           old connect ip is  192.168.43.237
[50039.606687]                                     but it isn't seted ip , so close it
[50040.131808] accepted a http connect , new connect ip is  192.168.43.186
[50040.138466]                           old connect ip is  192.168.43.237
[50040.145115]                                     but it isn't seted ip , so close it
[50040.661851] accepted a http connect , new connect ip is  192.168.43.186
[50040.668608]                           old connect ip is  192.168.43.237
[50040.675278]                                     but it isn't seted ip , so close it
[50041.187775] accepted a http connect , new connect ip is  192.168.43.186
[50041.194530]                           old connect ip is  192.168.43.237
[50041.201175]                                     but it isn't seted ip , so close it
[50041.721829] accepted a http connect , new connect ip is  192.168.43.186
[50041.728633]                           old connect ip is  192.168.43.237
[50041.735313]                                     but it isn't seted ip , so close it
[50042.252103] accepted a http connect , new connect ip is  192.168.43.186
[50042.258871]                           old connect ip is  192.168.43.237
[50042.265521]                                     but it isn't seted ip , so close it
[50042.791844] accepted a http connect , new connect ip is  192.168.43.186
[50042.798610]                           old connect ip is  192.168.43.237
[50042.805278]                                     but it isn't seted ip , so close it
[50043.319485] accepted a http connect , new connect ip is  192.168.43.186
[50043.326248]                           old connect ip is  192.168.43.237
[50043.332902]                                     but it isn't seted ip , so close it
[50043.862855] accepted a http connect , new connect ip is  192.168.43.186
[50043.869624]                           old connect ip is  192.168.43.237
[50043.876284]                                     but it isn't seted ip , so close it
[50044.392634] accepted a http connect , new connect ip is  192.168.43.186
[50044.399389]                           old connect ip is  192.168.43.237
[50044.406045]                                     but it isn't seted ip , so close it
[50044.931664] accepted a http connect , new connect ip is  192.168.43.186
[50044.938473]                           old connect ip is  192.168.43.237
[50044.945126]                                     but it isn't seted ip , so close it
[50045.471795] accepted a http connect , new connect ip is  192.168.43.186
[50045.478586]                           old connect ip is  192.168.43.237
[50045.485273]                                     but it isn't seted ip , so close it
[50046.011724] accepted a http connect , new connect ip is  192.168.43.186
[50046.018499]                           old connect ip is  192.168.43.237
[50046.025141]                                     but it isn't seted ip , so close it
[50046.541871] accepted a http connect , new connect ip is  192.168.43.186
[50046.548653]                           old connect ip is  192.168.43.237
[50046.555334]                                     but it isn't seted ip , so close it
[50047.071642] accepted a http connect , new connect ip is  192.168.43.186
[50047.078424]                           old connect ip is  192.168.43.237
[50047.085091]                                     but it isn't seted ip , so close it
[50047.602258] accepted a http connect , new connect ip is  192.168.43.186
[50047.609070]                           old connect ip is  192.168.43.237
[50047.615752]                                     but it isn't seted ip , so close it
[50048.141800] accepted a http connect , new connect ip is  192.168.43.186
[50048.148566]                           old connect ip is  192.168.43.237
[50048.155258]                                     but it isn't seted ip , so close it
[50048.681240] accepted a http connect , new connect ip is  192.168.43.186
[50048.688023]                           old connect ip is  192.168.43.237
[50048.694686]                                     but it isn't seted ip , so close it
[50049.209554] accepted a http connect , new connect ip is  192.168.43.186
[50049.216309]                           old connect ip is  192.168.43.237
[50049.222966]                                     but it isn't seted ip , so close it
[50049.741643] accepted a http connect , new connect ip is  192.168.43.186
[50049.748425]                           old connect ip is  192.168.43.237
[50049.755146]                                     but it isn't seted ip , so close it
[50050.268289] accepted a http connect , new connect ip is  192.168.43.186
[50050.275077]                           old connect ip is  192.168.43.237
[50050.281733]                                     but it isn't seted ip , so close it
[50050.816164] accepted a http connect , new connect ip is  192.168.43.186
[50050.823075]                           old connect ip is  192.168.43.237
[50050.829745]                                     but it isn't seted ip , so close it
[50051.349048] accepted a http connect , new connect ip is  192.168.43.186
[50051.355834]                           old connect ip is  192.168.43.237
[50051.362480]                                     but it isn't seted ip , so close it
[50051.881843] accepted a http connect , new connect ip is  192.168.43.186
[50051.888633]                           old connect ip is  192.168.43.237
[50051.895302]                                     but it isn't seted ip , so close it
[50052.421587] accepted a http connect , new connect ip is  192.168.43.186
[50052.428328]                           old connect ip is  192.168.43.237
[50052.434992]                                     but it isn't seted ip , so close it
[50052.951787] accepted a http connect , new connect ip is  192.168.43.186
[50052.958544]                           old connect ip is  192.168.43.237
[50052.965226]                                     but it isn't seted ip , so close it
[50053.491668] accepted a http connect , new connect ip is  192.168.43.186
[50053.498448]                           old connect ip is  192.168.43.237
[50053.505114]                                     but it isn't seted ip , so close it
[50054.031589] accepted a http connect , new connect ip is  192.168.43.186
[50054.038352]                           old connect ip is  192.168.43.237
[50054.045021]                                     but it isn't seted ip , so close it
[50054.561623] accepted a http connect , new connect ip is  192.168.43.186
[50054.568390]                           old connect ip is  192.168.43.237
[50054.575053]                                     but it isn't seted ip , so close it
[50055.103464] accepted a http connect , new connect ip is  192.168.43.186
[50055.110201]                           old connect ip is  192.168.43.237
[50055.116860]                                     but it isn't seted ip , so close it
[50055.632640] accepted a http connect , new connect ip is  192.168.43.186
[50055.639405]                           old connect ip is  192.168.43.237
[50055.646064]                                     but it isn't seted ip , so close it
[50056.161946] accepted a http connect , new connect ip is  192.168.43.186
[50056.168714]                           old connect ip is  192.168.43.237
[50056.175373]                                     but it isn't seted ip , so close it
[50056.701619] accepted a http connect , new connect ip is  192.168.43.186
[50056.708388]                           old connect ip is  192.168.43.237
[50056.715124]                                     but it isn't seted ip , so close it
[50057.228339] accepted a http connect , new connect ip is  192.168.43.186
[50057.235186]                           old connect ip is  192.168.43.237
[50057.241836]                                     but it isn't seted ip , so close it
[50057.762280] accepted a http connect , new connect ip is  192.168.43.186
[50057.769102]                           old connect ip is  192.168.43.237
[50057.775774]                                     but it isn't seted ip , so close it
[50058.290109] accepted a http connect , new connect ip is  192.168.43.186
[50058.296869]                           old connect ip is  192.168.43.237
[50058.303537]                                     but it isn't seted ip , so close it
[50058.833786] accepted a http connect , new connect ip is  192.168.43.186
[50058.840533]                           old connect ip is  192.168.43.237
[50058.847216]                                     but it isn't seted ip , so close it
[50059.361492] accepted a http connect , new connect ip is  192.168.43.186
[50059.368245]                           old connect ip is  192.168.43.237
[50059.375008]                                     but it isn't seted ip , so close it
[50059.901397] accepted a http connect , new connect ip is  192.168.43.186
[50059.908141]                           old connect ip is  192.168.43.237
[50059.914805]                                     but it isn't seted ip , so close it
[50060.431690] accepted a http connect , new connect ip is  192.168.43.186
[50060.438532]                           old connect ip is  192.168.43.237
[50060.445189]                                     but it isn't seted ip , so close it
[50060.961619] accepted a http connect , new connect ip is  192.168.43.186
[50060.968384]                           old connect ip is  192.168.43.237
[50060.975093]                                     but it isn't seted ip , so close it
[50061.501586] accepted a http connect , new connect ip is  192.168.43.186
[50061.508339]                           old connect ip is  192.168.43.237
[50061.514999]                                     but it isn't seted ip , so close it
[50062.041391] accepted a http connect , new connect ip is  192.168.43.186
[50062.048143]                           old connect ip is  192.168.43.237
[50062.054846]                                     but it isn't seted ip , so close it
[50062.571626] accepted a http connect , new connect ip is  192.168.43.186
[50062.578396]                           old connect ip is  192.168.43.237
[50062.585038]                                     but it isn't seted ip , so close it
[50063.111792] accepted a http connect , new connect ip is  192.168.43.186
[50063.118584]                           old connect ip is  192.168.43.237
[50063.125242]                                     but it isn't seted ip , so close it
[50063.651688] accepted a http connect , new connect ip is  192.168.43.186
[50063.658537]                           old connect ip is  192.168.43.237
[50063.665237]                                     but it isn't seted ip , so close it
[50064.191770] accepted a http connect , new connect ip is  192.168.43.186
[50064.198627]                           old connect ip is  192.168.43.237
[50064.205292]                                     but it isn't seted ip , so close it
[50064.731488] accepted a http connect , new connect ip is  192.168.43.186
[50064.738253]                           old connect ip is  192.168.43.237
[50064.744904]                                     but it isn't seted ip , so close it
[50065.257866] accepted a http connect , new connect ip is  192.168.43.186
[50065.264675]                           old connect ip is  192.168.43.237
[50065.271334]                                     but it isn't seted ip , so close it
[50065.791629] accepted a http connect , new connect ip is  192.168.43.186
[50065.798379]                           old connect ip is  192.168.43.237
[50065.805054]                                     but it isn't seted ip , so close it
[50066.317713] accepted a http connect , new connect ip is  192.168.43.186
[50066.324458]                           old connect ip is  192.168.43.237
[50066.331110]                                     but it isn't seted ip , so close it
[50066.851610] accepted a http connect , new connect ip is  192.168.43.186
[50066.858423]                           old connect ip is  192.168.43.237
[50066.865075]                                     but it isn't seted ip , so close it
[50067.380611] accepted a http connect , new connect ip is  192.168.43.186
[50067.387343]                           old connect ip is  192.168.43.237
[50067.394013]                                     but it isn't seted ip , so close it
[50067.911630] accepted a http connect , new connect ip is  192.168.43.186
[50067.918428]                           old connect ip is  192.168.43.237
[50067.925099]                                     but it isn't seted ip , so close it
[50068.442682] accepted a http connect , new connect ip is  192.168.43.186
[50068.449446]                           old connect ip is  192.168.43.237
[50068.456115]                                     but it isn't seted ip , so close it
[50068.981826] accepted a http connect , new connect ip is  192.168.43.186
[50068.988691]                           old connect ip is  192.168.43.237
[50068.995398]                                     but it isn't seted ip , so close it
[50069.521464] accepted a http connect , new connect ip is  192.168.43.186
[50069.528238]                           old connect ip is  192.168.43.237
[50069.534907]                                     but it isn't seted ip , so close it
[50070.061583] accepted a http connect , new connect ip is  192.168.43.186
[50070.068423]                           old connect ip is  192.168.43.237
[50070.075126]                                     but it isn't seted ip , so close it
[50070.601716] accepted a http connect , new connect ip is  192.168.43.186
[50070.608588]                           old connect ip is  192.168.43.237
[50070.615299]                                     but it isn't seted ip , so close it
[50071.141417] accepted a http connect , new connect ip is  192.168.43.186
[50071.148238]                           old connect ip is  192.168.43.237
[50071.155078]                                     but it isn't seted ip , so close it
[50071.681498] accepted a http connect , new connect ip is  192.168.43.186
[50071.688257]                           old connect ip is  192.168.43.237
[50071.694917]                                     but it isn't seted ip , so close it
[50072.212427] accepted a http connect , new connect ip is  192.168.43.186
[50072.219183]                           old connect ip is  192.168.43.237
[50072.225827]                                     but it isn't seted ip , so close it
[50072.751387] accepted a http connect , new connect ip is  192.168.43.186
[50072.758126]                           old connect ip is  192.168.43.237
[50072.764808]                                     but it isn't seted ip , so close it
[50073.277560] accepted a http connect , new connect ip is  192.168.43.186
[50073.284309]                           old connect ip is  192.168.43.237
[50073.290963]                                     but it isn't seted ip , so close it
[50073.823221] accepted a http connect , new connect ip is  192.168.43.186
[50073.830048]                           old connect ip is  192.168.43.237
[50073.836763]                                     but it isn't seted ip , so close it
[50074.350176] accepted a http connect , new connect ip is  192.168.43.186
[50074.356918]                           old connect ip is  192.168.43.237
[50074.363584]                                     but it isn't seted ip , so close it
[50074.882457] accepted a http connect , new connect ip is  192.168.43.186
[50074.889239]                           old connect ip is  192.168.43.237
[50074.895904]                                     but it isn't seted ip , so close it
[50075.411424] accepted a http connect , new connect ip is  192.168.43.186
[50075.418357]                           old connect ip is  192.168.43.237
[50075.425049]                                     but it isn't seted ip , so close it
[50075.951531] accepted a http connect , new connect ip is  192.168.43.186
[50075.958282]                           old connect ip is  192.168.43.237
[50075.964960]                                     but it isn't seted ip , so close it
[50076.482265] accepted a http connect , new connect ip is  192.168.43.186
[50076.489015]                           old connect ip is  192.168.43.237
[50076.495680]                                     but it isn't seted ip , so close it
[50077.021312] accepted a http connect , new connect ip is  192.168.43.186
[50077.028098]                           old connect ip is  192.168.43.237
[50077.034759]                                     but it isn't seted ip , so close it
[50077.551957] accepted a http connect , new connect ip is  192.168.43.186
[50077.558744]                           old connect ip is  192.168.43.237
[50077.565414]                                     but it isn't seted ip , so close it
[50078.091620] accepted a http connect , new connect ip is  192.168.43.186
[50078.098412]                           old connect ip is  192.168.43.237
[50078.105059]                                     but it isn't seted ip , so close it
[50078.620498] accepted a http connect , new connect ip is  192.168.43.186
[50078.627343]                           old connect ip is  192.168.43.237
[50078.634004]                                     but it isn't seted ip , so close it
[50079.147429] accepted a http connect , new connect ip is  192.168.43.186
[50079.154289]                           old connect ip is  192.168.43.237
[50079.160945]                                     but it isn't seted ip , so close it
[50079.681703] accepted a http connect , new connect ip is  192.168.43.186
[50079.688482]                           old connect ip is  192.168.43.237
[50079.695166]                                     but it isn't seted ip , so close it
[50080.223249] accepted a http connect , new connect ip is  192.168.43.186
[50080.230047]                           old connect ip is  192.168.43.237
[50080.236708]                                     but it isn't seted ip , so close it
[50080.771577] accepted a http connect , new connect ip is  192.168.43.186
[50080.778430]                           old connect ip is  192.168.43.237
[50080.785105]                                     but it isn't seted ip , so close it
[50081.300844] accepted a http connect , new connect ip is  192.168.43.186
[50081.307612]                           old connect ip is  192.168.43.237
[50081.314290]                                     but it isn't seted ip , so close it
[50081.841711] accepted a http connect , new connect ip is  192.168.43.186
[50081.848604]                           old connect ip is  192.168.43.237
[50081.855318]                                     but it isn't seted ip , so close it
[50082.369083] accepted a http connect , new connect ip is  192.168.43.186
[50082.375876]                           old connect ip is  192.168.43.237
[50082.382527]                                     but it isn't seted ip , so close it
[50082.896648] accepted a http connect , new connect ip is  192.168.43.186
[50082.903434]                           old connect ip is  192.168.43.237
[50082.910102]                                     but it isn't seted ip , so close it
[50083.426359] accepted a http connect , new connect ip is  192.168.43.186
[50083.433113]                           old connect ip is  192.168.43.237
[50083.439971]                                     but it isn't seted ip , so close it
[50083.961515] accepted a http connect , new connect ip is  192.168.43.186
[50083.968294]                           old connect ip is  192.168.43.237
[50083.975030]                                     but it isn't seted ip , so close it
[50084.501462] accepted a http connect , new connect ip is  192.168.43.186
[50084.508133]                           old connect ip is  192.168.43.237
[50084.514779]                                     but it isn't seted ip , so close it
[50085.031771] accepted a http connect , new connect ip is  192.168.43.186
[50085.038454]                           old connect ip is  192.168.43.237
[50085.045098]                                     but it isn't seted ip , so close it
[50085.561357] accepted a http connect , new connect ip is  192.168.43.186
[50085.568177]                           old connect ip is  192.168.43.237
[50085.574877]                                     but it isn't seted ip , so close it
[50086.091469] accepted a http connect , new connect ip is  192.168.43.186
[50086.098138]                           old connect ip is  192.168.43.237
[50086.104787]                                     but it isn't seted ip , so close it
[50086.621233] accepted a http connect , new connect ip is  192.168.43.186
[50086.627978]                           old connect ip is  192.168.43.237
[50086.634733]                                     but it isn't seted ip , so close it
[50087.151696] accepted a http connect , new connect ip is  192.168.43.186
[50087.158501]                           old connect ip is  192.168.43.237
[50087.165203]                                     but it isn't seted ip , so close it
[50087.691603] accepted a http connect , new connect ip is  192.168.43.186
[50087.698370]                           old connect ip is  192.168.43.237
[50087.705062]                                     but it isn't seted ip , so close it
[50088.232237] accepted a http connect , new connect ip is  192.168.43.186
[50088.238905]                           old connect ip is  192.168.43.237
[50088.245544]                                     but it isn't seted ip , so close it
[50088.763038] accepted a http connect , new connect ip is  192.168.43.186
[50088.769717]                           old connect ip is  192.168.43.237
[50088.776367]                                     but it isn't seted ip , so close it
[50089.288772] accepted a http connect , new connect ip is  192.168.43.186
[50089.295429]                           old connect ip is  192.168.43.237
[50089.302058]                                     but it isn't seted ip , so close it
[50089.821549] accepted a http connect , new connect ip is  192.168.43.186
[50089.828233]                           old connect ip is  192.168.43.237
[50089.834876]                                     but it isn't seted ip , so close it
[50090.347231] accepted a http connect , new connect ip is  192.168.43.186
[50090.353905]                           old connect ip is  192.168.43.237
[50090.360537]                                     but it isn't seted ip , so close it
[50090.872696] accepted a http connect , new connect ip is  192.168.43.186
[50090.879373]                           old connect ip is  192.168.43.237
[50090.886019]                                     but it isn't seted ip , so close it
[50091.399221] accepted a http connect , new connect ip is  192.168.43.186
[50091.405875]                           old connect ip is  192.168.43.237
[50091.412550]                                     but it isn't seted ip , so close it
[50091.931227] accepted a http connect , new connect ip is  192.168.43.186
[50091.937887]                           old connect ip is  192.168.43.237
[50091.944526]                                     but it isn't seted ip , so close it
[50092.457017] accepted a http connect , new connect ip is  192.168.43.186
[50092.463832]                           old connect ip is  192.168.43.237
[50092.470483]                                     but it isn't seted ip , so close it
[50092.991470] accepted a http connect , new connect ip is  192.168.43.186
[50092.998278]                           old connect ip is  192.168.43.237
[50093.004937]                                     but it isn't seted ip , so close it
[50093.531700] accepted a http connect , new connect ip is  192.168.43.186
[50093.538503]                           old connect ip is  192.168.43.237
[50093.545170]                                     but it isn't seted ip , so close it
[50094.071451] accepted a http connect , new connect ip is  192.168.43.186
[50094.078269]                           old connect ip is  192.168.43.237
[50094.084972]                                     but it isn't seted ip , so close it
[50094.611259] accepted a http connect , new connect ip is  192.168.43.186
[50094.618020]                           old connect ip is  192.168.43.237
[50094.624672]                                     but it isn't seted ip , so close it
[50095.138008] accepted a http connect , new connect ip is  192.168.43.186
[50095.144761]                           old connect ip is  192.168.43.237
[50095.151411]                                     but it isn't seted ip , so close it
[50095.671495] accepted a http connect , new connect ip is  192.168.43.186
[50095.678269]                           old connect ip is  192.168.43.237
[50095.685014]                                     but it isn't seted ip , so close it
[50096.211376] accepted a http connect , new connect ip is  192.168.43.186
[50096.218114]                           old connect ip is  192.168.43.237
[50096.224817]                                     but it isn't seted ip , so close it
[50096.741277] accepted a http connect , new connect ip is  192.168.43.186
[50096.748037]                           old connect ip is  192.168.43.237
[50096.754743]                                     but it isn't seted ip , so close it
[50097.267874] accepted a http connect , new connect ip is  192.168.43.186
[50097.274630]                           old connect ip is  192.168.43.237
[50097.281294]                                     but it isn't seted ip , so close it
[50097.801348] accepted a http connect , new connect ip is  192.168.43.186
[50097.808145]                           old connect ip is  192.168.43.237
[50097.814803]                                     but it isn't seted ip , so close it
[50098.329321] accepted a http connect , new connect ip is  192.168.43.186
[50098.336071]                           old connect ip is  192.168.43.237
[50098.342721]                                     but it isn't seted ip , so close it
[50098.861442] accepted a http connect , new connect ip is  192.168.43.186
[50098.868218]                           old connect ip is  192.168.43.237
[50098.874914]                                     but it isn't seted ip , so close it
[50099.389151] accepted a http connect , new connect ip is  192.168.43.186
[50099.395937]                           old connect ip is  192.168.43.237
[50099.402604]                                     but it isn't seted ip , so close it
[50099.931178] accepted a http connect , new connect ip is  192.168.43.186
[50099.937939]                           old connect ip is  192.168.43.237
[50099.944583]                                     but it isn't seted ip , so close it
[50100.458711] accepted a http connect , new connect ip is  192.168.43.186
[50100.465458]                           old connect ip is  192.168.43.237
[50100.472108]                                     but it isn't seted ip , so close it
[50100.991170] accepted a http connect , new connect ip is  192.168.43.186
[50100.997941]                           old connect ip is  192.168.43.237
[50101.004695]                                     but it isn't seted ip , so close it
[50101.521328] accepted a http connect , new connect ip is  192.168.43.186
[50101.528190]                           old connect ip is  192.168.43.237
[50101.534900]                                     but it isn't seted ip , so close it
[50102.048536] accepted a http connect , new connect ip is  192.168.43.186
[50102.055303]                           old connect ip is  192.168.43.237
[50102.061953]                                     but it isn't seted ip , so close it
[50102.581336] accepted a http connect , new connect ip is  192.168.43.186
[50102.588188]                           old connect ip is  192.168.43.237
[50102.594857]                                     but it isn't seted ip , so close it
[50103.121151] accepted a http connect , new connect ip is  192.168.43.186
[50103.127914]                           old connect ip is  192.168.43.237
[50103.134580]                                     but it isn't seted ip , so close it
[50103.651162] accepted a http connect , new connect ip is  192.168.43.186
[50103.657916]                           old connect ip is  192.168.43.237
[50103.664566]                                     but it isn't seted ip , so close it
[50104.177858] accepted a http connect , new connect ip is  192.168.43.186
[50104.184627]                           old connect ip is  192.168.43.237
[50104.191278]                                     but it isn't seted ip , so close it
[50104.711170] accepted a http connect , new connect ip is  192.168.43.186
[50104.717927]                           old connect ip is  192.168.43.237
[50104.724597]                                     but it isn't seted ip , so close it
[50105.241177] accepted a http connect , new connect ip is  192.168.43.186
[50105.248209]                           old connect ip is  192.168.43.237
[50105.255033]                                     but it isn't seted ip , so close it
[50105.782423] accepted a http connect , new connect ip is  192.168.43.186
[50105.789298]                           old connect ip is  192.168.43.237
[50105.796023]                                     but it isn't seted ip , so close it
[50106.312713] accepted a http connect , new connect ip is  192.168.43.186
[50106.319469]                           old connect ip is  192.168.43.237
[50106.326139]                                     but it isn't seted ip , so close it
[50106.851324] accepted a http connect , new connect ip is  192.168.43.186
[50106.858112]                           old connect ip is  192.168.43.237
[50106.864798]                                     but it isn't seted ip , so close it
[50107.378410] accepted a http connect , new connect ip is  192.168.43.186
[50107.385137]                           old connect ip is  192.168.43.237
[50107.391792]                                     but it isn't seted ip , so close it
[50107.913485] accepted a http connect , new connect ip is  192.168.43.186
[50107.920220]                           old connect ip is  192.168.43.237
[50107.926891]                                     but it isn't seted ip , so close it
[50108.439645] accepted a http connect , new connect ip is  192.168.43.186
[50108.446398]                           old connect ip is  192.168.43.237
[50108.453061]                                     but it isn't seted ip , so close it
[50108.972105] accepted a http connect , new connect ip is  192.168.43.186
[50108.978868]                           old connect ip is  192.168.43.237
[50108.985518]                                     but it isn't seted ip , so close it
[50109.510525] accepted a http connect , new connect ip is  192.168.43.186
[50109.517282]                           old connect ip is  192.168.43.237
[50109.523940]                                     but it isn't seted ip , so close it
[50110.041251] accepted a http connect , new connect ip is  192.168.43.186
[50110.048035]                           old connect ip is  192.168.43.237
[50110.054717]                                     but it isn't seted ip , so close it
[50110.581173] accepted a http connect , new connect ip is  192.168.43.186
[50110.588010]                           old connect ip is  192.168.43.237
[50110.594687]                                     but it isn't seted ip , so close it
[50111.121162] accepted a http connect , new connect ip is  192.168.43.186
[50111.127957]                           old connect ip is  192.168.43.237
[50111.134615]                                     but it isn't seted ip , so close it
[50111.661233] accepted a http connect , new connect ip is  192.168.43.186
[50111.668011]                           old connect ip is  192.168.43.237
[50111.674715]                                     but it isn't seted ip , so close it
[50112.201307] accepted a http connect , new connect ip is  192.168.43.186
[50112.208114]                           old connect ip is  192.168.43.237
[50112.214830]                                     but it isn't seted ip , so close it
[50112.729247] accepted a http connect , new connect ip is  192.168.43.186
[50112.736026]                           old connect ip is  192.168.43.237
[50112.742688]                                     but it isn't seted ip , so close it
[50113.261033] accepted a http connect , new connect ip is  192.168.43.186
[50113.267857]                           old connect ip is  192.168.43.237
[50113.274514]                                     but it isn't seted ip , so close it
[50113.792987] accepted a http connect , new connect ip is  192.168.43.186
[50113.799757]                           old connect ip is  192.168.43.237
[50113.806506]                                     but it isn't seted ip , so close it
[50114.320747] accepted a http connect , new connect ip is  192.168.43.186
[50114.327518]                           old connect ip is  192.168.43.237
[50114.334179]                                     but it isn't seted ip , so close it
[50114.851268] accepted a http connect , new connect ip is  192.168.43.186
[50114.858036]                           old connect ip is  192.168.43.237
[50114.864681]                                     but it isn't seted ip , so close it
[50115.377838] accepted a http connect , new connect ip is  192.168.43.186
[50115.384584]                           old connect ip is  192.168.43.237
[50115.391227]                                     but it isn't seted ip , so close it
[50115.911332] accepted a http connect , new connect ip is  192.168.43.186
[50115.918118]                           old connect ip is  192.168.43.237
[50115.924802]                                     but it isn't seted ip , so close it
[50116.437978] accepted a http connect , new connect ip is  192.168.43.186
[50116.444721]                           old connect ip is  192.168.43.237
[50116.451375]                                     but it isn't seted ip , so close it
[50116.971120] accepted a http connect , new connect ip is  192.168.43.186
[50116.977894]                           old connect ip is  192.168.43.237
[50116.984568]                                     but it isn't seted ip , so close it
[50117.511237] accepted a http connect , new connect ip is  192.168.43.186
[50117.518006]                           old connect ip is  192.168.43.237
[50117.524714]                                     but it isn't seted ip , so close it
[50118.051342] accepted a http connect , new connect ip is  192.168.43.186
[50118.058250]                           old connect ip is  192.168.43.237
[50118.064933]                                     but it isn't seted ip , so close it
[50118.590976] accepted a http connect , new connect ip is  192.168.43.186
[50118.597743]                           old connect ip is  192.168.43.237
[50118.604422]                                     but it isn't seted ip , so close it
[50119.130997] accepted a http connect , new connect ip is  192.168.43.186
[50119.137754]                           old connect ip is  192.168.43.237
[50119.144409]                                     but it isn't seted ip , so close it
[50119.661038] accepted a http connect , new connect ip is  192.168.43.186
[50119.667778]                           old connect ip is  192.168.43.237
[50119.674446]                                     but it isn't seted ip , so close it
[50120.201324] accepted a http connect , new connect ip is  192.168.43.186
[50120.208078]                           old connect ip is  192.168.43.237
[50120.214750]                                     but it isn't seted ip , so close it
[50120.742741] accepted a http connect , new connect ip is  192.168.43.186
[50120.749474]                           old connect ip is  192.168.43.237
[50120.756133]                                     but it isn't seted ip , so close it
[50121.281941] accepted a http connect , new connect ip is  192.168.43.186
[50121.288649]                           old connect ip is  192.168.43.237
[50121.295316]                                     but it isn't seted ip , so close it
[50121.831122] accepted a http connect , new connect ip is  192.168.43.186
[50121.837921]                           old connect ip is  192.168.43.237
[50121.844596]                                     but it isn't seted ip , so close it
[50122.357463] accepted a http connect , new connect ip is  192.168.43.186
[50122.364216]                           old connect ip is  192.168.43.237
[50122.370875]                                     but it isn't seted ip , so close it
[50122.891140] accepted a http connect , new connect ip is  192.168.43.186
[50122.897942]                           old connect ip is  192.168.43.237
[50122.904621]                                     but it isn't seted ip , so close it
[50123.419160] accepted a http connect , new connect ip is  192.168.43.186
[50123.425933]                           old connect ip is  192.168.43.237
[50123.432645]                                     but it isn't seted ip , so close it
[50123.962305] accepted a http connect , new connect ip is  192.168.43.186
[50123.969070]                           old connect ip is  192.168.43.237
[50123.975744]                                     but it isn't seted ip , so close it
[50124.489799] accepted a http connect , new connect ip is  192.168.43.186
[50124.496569]                           old connect ip is  192.168.43.237
[50124.503295]                                     but it isn't seted ip , so close it
[50125.021210] accepted a http connect , new connect ip is  192.168.43.186
[50125.028049]                           old connect ip is  192.168.43.237
[50125.034754]                                     but it isn't seted ip , so close it
[50125.547702] accepted a http connect , new connect ip is  192.168.43.186
[50125.554471]                           old connect ip is  192.168.43.237
[50125.561129]                                     but it isn't seted ip , so close it
[50126.081965] accepted a http connect , new connect ip is  192.168.43.186
[50126.088716]                           old connect ip is  192.168.43.237
[50126.095389]                                     but it isn't seted ip , so close it
[50126.621187] accepted a http connect , new connect ip is  192.168.43.186
[50126.627955]                           old connect ip is  192.168.43.237
[50126.634673]                                     but it isn't seted ip , so close it
[50127.161094] accepted a http connect , new connect ip is  192.168.43.186
[50127.167876]                           old connect ip is  192.168.43.237
[50127.174561]                                     but it isn't seted ip , so close it
[50127.700894] accepted a http connect , new connect ip is  192.168.43.186
[50127.707639]                           old connect ip is  192.168.43.237
[50127.714298]                                     but it isn't seted ip , so close it
[50128.240781] accepted a http connect , new connect ip is  192.168.43.186
[50128.247567]                           old connect ip is  192.168.43.237
[50128.254237]                                     but it isn't seted ip , so close it
[50128.771950] accepted a http connect , new connect ip is  192.168.43.186
[50128.778816]                           old connect ip is  192.168.43.237
[50128.785513]                                     but it isn't seted ip , so close it
[50129.301254] accepted a http connect , new connect ip is  192.168.43.186
[50129.308141]                           old connect ip is  192.168.43.237
[50129.315028]                                     but it isn't seted ip , so close it
[50129.840905] accepted a http connect , new connect ip is  192.168.43.186
[50129.847705]                           old connect ip is  192.168.43.237
[50129.854373]                                     but it isn't seted ip , so close it
[50130.374517] accepted a http connect , new connect ip is  192.168.43.186
[50130.381353]                           old connect ip is  192.168.43.237
[50130.388039]                                     but it isn't seted ip , so close it
[50130.914880] accepted a http connect , new connect ip is  192.168.43.186
[50130.921709]                           old connect ip is  192.168.43.237
[50130.928403]                                     but it isn't seted ip , so close it
[50131.442769] accepted a http connect , new connect ip is  192.168.43.186
[50131.449526]                           old connect ip is  192.168.43.237
[50131.456190]                                     but it isn't seted ip , so close it
[50131.982722] accepted a http connect , new connect ip is  192.168.43.186
[50131.989449]                           old connect ip is  192.168.43.237
[50131.996209]                                     but it isn't seted ip , so close it
[50132.513717] accepted a http connect , new connect ip is  192.168.43.186
[50132.520450]                           old connect ip is  192.168.43.237
[50132.527119]                                     but it isn't seted ip , so close it
[50133.060836] accepted a http connect , new connect ip is  192.168.43.186
[50133.067573]                           old connect ip is  192.168.43.237
[50133.074265]                                     but it isn't seted ip , so close it
[50133.605391] accepted a http connect , new connect ip is  192.168.43.186
[50133.612170]                           old connect ip is  192.168.43.237
[50133.618827]                                     but it isn't seted ip , so close it
[50134.154712] accepted a http connect , new connect ip is  192.168.43.186
[50134.161458]                           old connect ip is  192.168.43.237
[50134.168120]                                     but it isn't seted ip , so close it
[50134.690956] accepted a http connect , new connect ip is  192.168.43.186
[50134.697695]                           old connect ip is  192.168.43.237
[50134.704349]                                     but it isn't seted ip , so close it
[50135.221067] accepted a http connect , new connect ip is  192.168.43.186
[50135.227856]                           old connect ip is  192.168.43.237
[50135.234519]                                     but it isn't seted ip , so close it
[50135.761138] accepted a http connect , new connect ip is  192.168.43.186
[50135.768351]                           old connect ip is  192.168.43.237
[50135.775044]                                     but it isn't seted ip , so close it
[50136.298113] accepted a http connect , new connect ip is  192.168.43.186
[50136.304808]                           old connect ip is  192.168.43.237
[50136.311481]                                     but it isn't seted ip , so close it
[50136.830982] accepted a http connect , new connect ip is  192.168.43.186
[50136.837741]                           old connect ip is  192.168.43.237
[50136.844428]                                     but it isn't seted ip , so close it
[50137.357713] accepted a http connect , new connect ip is  192.168.43.186
[50137.364453]                           old connect ip is  192.168.43.237
[50137.371108]                                     but it isn't seted ip , so close it
[50137.890835] accepted a http connect , new connect ip is  192.168.43.186
[50137.897661]                           old connect ip is  192.168.43.237
[50137.904375]                                     but it isn't seted ip , so close it
[50138.417859] accepted a http connect , new connect ip is  192.168.43.186
[50138.424634]                           old connect ip is  192.168.43.237
[50138.431289]                                     but it isn't seted ip , so close it
[50138.961029] accepted a http connect , new connect ip is  192.168.43.186
[50138.967816]                           old connect ip is  192.168.43.237
[50138.974481]                                     but it isn't seted ip , so close it
[50139.488805] accepted a http connect , new connect ip is  192.168.43.186
[50139.495584]                           old connect ip is  192.168.43.237
[50139.502330]                                     but it isn't seted ip , so close it
[50140.020690] accepted a http connect , new connect ip is  192.168.43.186
[50140.027442]                           old connect ip is  192.168.43.237
[50140.034122]                                     but it isn't seted ip , so close it
[50140.551041] accepted a http connect , new connect ip is  192.168.43.186
[50140.557803]                           old connect ip is  192.168.43.237
[50140.564448]                                     but it isn't seted ip , so close it
[50141.082564] accepted a http connect , new connect ip is  192.168.43.186
[50141.089345]                           old connect ip is  192.168.43.237
[50141.096037]                                     but it isn't seted ip , so close it
[50141.621428] accepted a http connect , new connect ip is  192.168.43.186
[50141.628212]                           old connect ip is  192.168.43.237
[50141.634885]                                     but it isn't seted ip , so close it
[50142.160645] accepted a http connect , new connect ip is  192.168.43.186
[50142.167421]                           old connect ip is  192.168.43.237
[50142.174110]                                     but it isn't seted ip , so close it
[50142.691019] accepted a http connect , new connect ip is  192.168.43.186
[50142.697891]                           old connect ip is  192.168.43.237
[50142.704564]                                     but it isn't seted ip , so close it
[50143.230929] accepted a http connect , new connect ip is  192.168.43.186
[50143.237684]                           old connect ip is  192.168.43.237
[50143.244358]                                     but it isn't seted ip , so close it
[50143.770589] accepted a http connect , new connect ip is  192.168.43.186
[50143.777347]                           old connect ip is  192.168.43.237
[50143.784007]                                     but it isn't seted ip , so close it
[50144.300746] accepted a http connect , new connect ip is  192.168.43.186
[50144.307499]                           old connect ip is  192.168.43.237
[50144.314225]                                     but it isn't seted ip , so close it
[50144.844602] accepted a http connect , new connect ip is  192.168.43.186
[50144.851358]                           old connect ip is  192.168.43.237
[50144.858018]                                     but it isn't seted ip , so close it
[50145.385725] accepted a http connect , new connect ip is  192.168.43.186
[50145.392469]                           old connect ip is  192.168.43.237
[50145.399125]                                     but it isn't seted ip , so close it
[50145.937159] accepted a http connect , new connect ip is  192.168.43.186
[50145.943918]                           old connect ip is  192.168.43.237
[50145.950573]                                     but it isn't seted ip , so close it
[50146.470470] accepted a http connect , new connect ip is  192.168.43.186
[50146.477227]                           old connect ip is  192.168.43.237
[50146.483882]                                     but it isn't seted ip , so close it
[50147.015180] accepted a http connect , new connect ip is  192.168.43.186
[50147.021962]                           old connect ip is  192.168.43.237
[50147.028759]                                     but it isn't seted ip , so close it
[50147.564173] accepted a http connect , new connect ip is  192.168.43.186
[50147.571043]                           old connect ip is  192.168.43.237
[50147.577738]                                     but it isn't seted ip , so close it
[50148.112834] accepted a http connect , new connect ip is  192.168.43.186
[50148.119597]                           old connect ip is  192.168.43.237
[50148.126288]                                     but it isn't seted ip , so close it
[50148.648998] accepted a http connect , new connect ip is  192.168.43.186
[50148.655758]                           old connect ip is  192.168.43.237
[50148.662416]                                     but it isn't seted ip , so close it
[50149.196621] accepted a http connect , new connect ip is  192.168.43.186
[50149.203401]                           old connect ip is  192.168.43.237
[50149.210095]                                     but it isn't seted ip , so close it
[50149.745584] accepted a http connect , new connect ip is  192.168.43.186
[50149.752335]                           old connect ip is  192.168.43.237
[50149.759019]                                     but it isn't seted ip , so close it
[50150.282988] accepted a http connect , new connect ip is  192.168.43.186
[50150.289735]                           old connect ip is  192.168.43.237
[50150.296423]                                     but it isn't seted ip , so close it
[50150.825052] accepted a http connect , new connect ip is  192.168.43.186
[50150.831790]                           old connect ip is  192.168.43.237
[50150.838521]                                     but it isn't seted ip , so close it
[50151.357908] accepted a http connect , new connect ip is  192.168.43.186
[50151.364674]                           old connect ip is  192.168.43.237
[50151.371333]                                     but it isn't seted ip , so close it
[50151.893696] accepted a http connect , new connect ip is  192.168.43.186
[50151.900434]                           old connect ip is  192.168.43.237
[50151.907092]                                     but it isn't seted ip , so close it
[50152.429761] accepted a http connect , new connect ip is  192.168.43.186
[50152.436505]                           old connect ip is  192.168.43.237
[50152.443161]                                     but it isn't seted ip , so close it
[50152.970981] accepted a http connect , new connect ip is  192.168.43.186
[50152.977785]                           old connect ip is  192.168.43.237
[50152.984463]                                     but it isn't seted ip , so close it
[50153.501363] accepted a http connect , new connect ip is  192.168.43.186
[50153.508173]                           old connect ip is  192.168.43.237
[50153.514924]                                     but it isn't seted ip , so close it
[50154.041794] accepted a http connect , new connect ip is  192.168.43.186
[50154.048565]                           old connect ip is  192.168.43.237
[50154.055229]                                     but it isn't seted ip , so close it
[50154.580909] accepted a http connect , new connect ip is  192.168.43.186
[50154.587659]                           old connect ip is  192.168.43.237
[50154.594320]                                     but it isn't seted ip , so close it
[50155.110953] accepted a http connect , new connect ip is  192.168.43.186
[50155.117734]                           old connect ip is  192.168.43.237
[50155.124423]                                     but it isn't seted ip , so close it
[50155.650690] accepted a http connect , new connect ip is  192.168.43.186
[50155.657448]                           old connect ip is  192.168.43.237
[50155.664179]                                     but it isn't seted ip , so close it
[50156.190754] accepted a http connect , new connect ip is  192.168.43.186
[50156.197507]                           old connect ip is  192.168.43.237
[50156.204183]                                     but it isn't seted ip , so close it
[50156.720969] accepted a http connect , new connect ip is  192.168.43.186
[50156.727721]                           old connect ip is  192.168.43.237
[50156.734394]                                     but it isn't seted ip , so close it
[50157.250944] accepted a http connect , new connect ip is  192.168.43.186
[50157.257711]                           old connect ip is  192.168.43.237
[50157.264408]                                     but it isn't seted ip , so close it
[50157.791157] accepted a http connect , new connect ip is  192.168.43.186
[50157.797931]                           old connect ip is  192.168.43.237
[50157.804576]                                     but it isn't seted ip , so close it
[50158.330824] accepted a http connect , new connect ip is  192.168.43.186
[50158.337656]                           old connect ip is  192.168.43.237
[50158.344335]                                     but it isn't seted ip , so close it
[50158.870788] accepted a http connect , new connect ip is  192.168.43.186
[50158.877651]                           old connect ip is  192.168.43.237
[50158.884310]                                     but it isn't seted ip , so close it
[50159.401637] accepted a http connect , new connect ip is  192.168.43.186
[50159.408460]                           old connect ip is  192.168.43.237
[50159.415149]                                     but it isn't seted ip , so close it
[50159.933836] accepted a http connect , new connect ip is  192.168.43.186
[50159.940572]                           old connect ip is  192.168.43.237
[50159.947217]                                     but it isn't seted ip , so close it
[50160.467070] accepted a http connect , new connect ip is  192.168.43.186
[50160.473834]                           old connect ip is  192.168.43.237
[50160.480523]                                     but it isn't seted ip , so close it
[50161.000962] accepted a http connect , new connect ip is  192.168.43.186
[50161.007867]                           old connect ip is  192.168.43.237
[50161.014585]                                     but it isn't seted ip , so close it
[50161.529202] accepted a http connect , new connect ip is  192.168.43.186
[50161.536108]                           old connect ip is  192.168.43.237
[50161.542781]                                     but it isn't seted ip , so close it
[50162.060932] accepted a http connect , new connect ip is  192.168.43.186
[50162.067703]                           old connect ip is  192.168.43.237
[50162.074364]                                     but it isn't seted ip , so close it
[50162.600690] accepted a http connect , new connect ip is  192.168.43.186
[50162.607438]                           old connect ip is  192.168.43.237
[50162.614094]                                     but it isn't seted ip , so close it
[50163.130607] accepted a http connect , new connect ip is  192.168.43.186
[50163.137351]                           old connect ip is  192.168.43.237
[50163.144024]                                     but it isn't seted ip , so close it
[50163.660498] accepted a http connect , new connect ip is  192.168.43.186
[50163.667275]                           old connect ip is  192.168.43.237
[50163.673933]                                     but it isn't seted ip , so close it
[50164.189965] accepted a http connect , new connect ip is  192.168.43.186
[50164.196734]                           old connect ip is  192.168.43.237
[50164.203386]                                     but it isn't seted ip , so close it
[50164.720706] accepted a http connect , new connect ip is  192.168.43.186
[50164.727456]                           old connect ip is  192.168.43.237
[50164.734113]                                     but it isn't seted ip , so close it
[50165.260746] accepted a http connect , new connect ip is  192.168.43.186
[50165.267517]                           old connect ip is  192.168.43.237
[50165.274200]                                     but it isn't seted ip , so close it
[50165.800988] accepted a http connect , new connect ip is  192.168.43.186
[50165.807873]                           old connect ip is  192.168.43.237
[50165.814559]                                     but it isn't seted ip , so close it
[50166.340518] accepted a http connect , new connect ip is  192.168.43.186
[50166.347306]                           old connect ip is  192.168.43.237
[50166.353975]                                     but it isn't seted ip , so close it
[50166.880716] accepted a http connect , new connect ip is  192.168.43.186
[50166.887462]                           old connect ip is  192.168.43.237
[50166.894119]                                     but it isn't seted ip , so close it
[50167.407536] accepted a http connect , new connect ip is  192.168.43.186
[50167.414307]                           old connect ip is  192.168.43.237
[50167.420948]                                     but it isn't seted ip , so close it
[50167.940637] accepted a http connect , new connect ip is  192.168.43.186
[50167.947391]                           old connect ip is  192.168.43.237
[50167.954060]                                     but it isn't seted ip , so close it
[50168.466726] accepted a http connect , new connect ip is  192.168.43.186
[50168.473474]                           old connect ip is  192.168.43.237
[50168.480131]                                     but it isn't seted ip , so close it
[50169.000874] accepted a http connect , new connect ip is  192.168.43.186
[50169.007656]                           old connect ip is  192.168.43.237
[50169.014338]                                     but it isn't seted ip , so close it
[50169.529597] accepted a http connect , new connect ip is  192.168.43.186
[50169.536367]                           old connect ip is  192.168.43.237
[50169.543032]                                     but it isn't seted ip , so close it
[50170.060720] accepted a http connect , new connect ip is  192.168.43.186
[50170.067483]                           old connect ip is  192.168.43.237
[50170.074149]                                     but it isn't seted ip , so close it
[50170.590976] accepted a http connect , new connect ip is  192.168.43.186
[50170.597726]                           old connect ip is  192.168.43.237
[50170.604378]                                     but it isn't seted ip , so close it
[50171.120660] accepted a http connect , new connect ip is  192.168.43.186
[50171.127466]                           old connect ip is  192.168.43.237
[50171.134161]                                     but it isn't seted ip , so close it
[50171.650061] accepted a http connect , new connect ip is  192.168.43.186
[50171.656875]                           old connect ip is  192.168.43.237
[50171.663535]                                     but it isn't seted ip , so close it
[50172.178752] accepted a http connect , new connect ip is  192.168.43.186
[50172.185514]                           old connect ip is  192.168.43.237
[50172.192184]                                     but it isn't seted ip , so close it
[50172.710659] accepted a http connect , new connect ip is  192.168.43.186
[50172.717419]                           old connect ip is  192.168.43.237
[50172.724080]                                     but it isn't seted ip , so close it
[50173.240786] accepted a http connect , new connect ip is  192.168.43.186
[50173.247555]                           old connect ip is  192.168.43.237
[50173.254211]                                     but it isn't seted ip , so close it
[50173.771524] accepted a http connect , new connect ip is  192.168.43.186
[50173.778311]                           old connect ip is  192.168.43.237
[50173.784970]                                     but it isn't seted ip , so close it
[50174.310685] accepted a http connect , new connect ip is  192.168.43.186
[50174.317460]                           old connect ip is  192.168.43.237
[50174.324154]                                     but it isn't seted ip , so close it
[50174.851416] accepted a http connect , new connect ip is  192.168.43.186
[50174.858191]                           old connect ip is  192.168.43.237
[50174.864830]                                     but it isn't seted ip , so close it
[50175.379092] accepted a http connect , new connect ip is  192.168.43.186
[50175.385837]                           old connect ip is  192.168.43.237
[50175.392497]                                     but it isn't seted ip , so close it
[50175.910592] accepted a http connect , new connect ip is  192.168.43.186
[50175.917332]                           old connect ip is  192.168.43.237
[50175.923980]                                     but it isn't seted ip , so close it
[50176.436736] accepted a http connect , new connect ip is  192.168.43.186
[50176.443482]                           old connect ip is  192.168.43.237
[50176.450172]                                     but it isn't seted ip , so close it
[50176.970522] accepted a http connect , new connect ip is  192.168.43.186
[50176.977294]                           old connect ip is  192.168.43.237
[50176.983949]                                     but it isn't seted ip , so close it
[50177.500503] accepted a http connect , new connect ip is  192.168.43.186
[50177.507280]                           old connect ip is  192.168.43.237
[50177.513950]                                     but it isn't seted ip , so close it
[50178.040378] accepted a http connect , new connect ip is  192.168.43.186
[50178.047269]                           old connect ip is  192.168.43.237
[50178.053988]                                     but it isn't seted ip , so close it
[50178.567327] accepted a http connect , new connect ip is  192.168.43.186
[50178.574070]                           old connect ip is  192.168.43.237
[50178.580720]                                     but it isn't seted ip , so close it
[50179.100469] accepted a http connect , new connect ip is  192.168.43.186
[50179.107215]                           old connect ip is  192.168.43.237
[50179.113894]                                     but it isn't seted ip , so close it
[50179.627702] accepted a http connect , new connect ip is  192.168.43.186
[50179.634450]                           old connect ip is  192.168.43.237
[50179.641093]                                     but it isn't seted ip , so close it
[50180.170703] accepted a http connect , new connect ip is  192.168.43.186
[50180.177513]                           old connect ip is  192.168.43.237
[50180.184179]                                     but it isn't seted ip , so close it
[50180.710517] accepted a http connect , new connect ip is  192.168.43.186
[50180.717309]                           old connect ip is  192.168.43.237
[50180.723974]                                     but it isn't seted ip , so close it
[50181.250441] accepted a http connect , new connect ip is  192.168.43.186
[50181.257195]                           old connect ip is  192.168.43.237
[50181.263866]                                     but it isn't seted ip , so close it
[50181.780540] accepted a http connect , new connect ip is  192.168.43.186
[50181.787282]                           old connect ip is  192.168.43.237
[50181.793935]                                     but it isn't seted ip , so close it
[50182.310470] accepted a http connect , new connect ip is  192.168.43.186
[50182.317247]                           old connect ip is  192.168.43.237
[50182.323895]                                     but it isn't seted ip , so close it
[50182.852585] accepted a http connect , new connect ip is  192.168.43.186
[50182.859359]                           old connect ip is  192.168.43.237
[50182.866004]                                     but it isn't seted ip , so close it
[50183.383910] accepted a http connect , new connect ip is  192.168.43.186
[50183.390740]                           old connect ip is  192.168.43.237
[50183.397417]                                     but it isn't seted ip , so close it
[50183.920579] accepted a http connect , new connect ip is  192.168.43.186
[50183.927345]                           old connect ip is  192.168.43.237
[50183.934019]                                     but it isn't seted ip , so close it
[50184.454687] accepted a http connect , new connect ip is  192.168.43.186
[50184.461496]                           old connect ip is  192.168.43.237
[50184.468181]                                     but it isn't seted ip , so close it
[50185.080408] accepted a http connect , new connect ip is  192.168.43.186
[50185.087183]                           old connect ip is  192.168.43.237
[50185.093849]                                     but it isn't seted ip , so close it
[50185.610546] accepted a http connect , new connect ip is  192.168.43.186
[50185.617306]                           old connect ip is  192.168.43.237
[50185.623950]                                     but it isn't seted ip , so close it
[50186.150471] accepted a http connect , new connect ip is  192.168.43.186
[50186.157231]                           old connect ip is  192.168.43.237
[50186.163899]                                     but it isn't seted ip , so close it
[50186.690467] accepted a http connect , new connect ip is  192.168.43.186
[50186.697214]                           old connect ip is  192.168.43.237
[50186.703858]                                     but it isn't seted ip , so close it
[50187.230416] accepted a http connect , new connect ip is  192.168.43.186
[50187.237161]                           old connect ip is  192.168.43.237
[50187.243833]                                     but it isn't seted ip , so close it
[50187.760601] accepted a http connect , new connect ip is  192.168.43.186
[50187.767354]                           old connect ip is  192.168.43.237
[50187.774013]                                     but it isn't seted ip , so close it
[50188.290378] accepted a http connect , new connect ip is  192.168.43.186
[50188.297177]                           old connect ip is  192.168.43.237
[50188.303844]                                     but it isn't seted ip , so close it
[50188.830485] accepted a http connect , new connect ip is  192.168.43.186
[50188.837268]                           old connect ip is  192.168.43.237
[50188.843926]                                     but it isn't seted ip , so close it
[50189.370485] accepted a http connect , new connect ip is  192.168.43.186
[50189.377298]                           old connect ip is  192.168.43.237
[50189.383971]                                     but it isn't seted ip , so close it
[50189.910517] accepted a http connect , new connect ip is  192.168.43.186
[50189.917268]                           old connect ip is  192.168.43.237
[50189.923920]                                     but it isn't seted ip , so close it
[50190.437153] accepted a http connect , new connect ip is  192.168.43.186
[50190.443907]                           old connect ip is  192.168.43.237
[50190.450580]                                     but it isn't seted ip , so close it
[50190.970373] accepted a http connect , new connect ip is  192.168.43.186
[50190.977121]                           old connect ip is  192.168.43.237
[50190.983787]                                     but it isn't seted ip , so close it
[50191.501106] accepted a http connect , new connect ip is  192.168.43.186
[50191.507855]                           old connect ip is  192.168.43.237
[50191.514526]                                     but it isn't seted ip , so close it
[50192.040672] accepted a http connect , new connect ip is  192.168.43.186
[50192.047547]                           old connect ip is  192.168.43.237
[50192.054231]                                     but it isn't seted ip , so close it
[50192.567689] accepted a http connect , new connect ip is  192.168.43.186
[50192.574468]                           old connect ip is  192.168.43.237
[50192.581120]                                     but it isn't seted ip , so close it
[50193.101446] accepted a http connect , new connect ip is  192.168.43.186
[50193.108203]                           old connect ip is  192.168.43.237
[50193.114868]                                     but it isn't seted ip , so close it
[50193.640487] accepted a http connect , new connect ip is  192.168.43.186
[50193.647272]                           old connect ip is  192.168.43.237
[50193.653935]                                     but it isn't seted ip , so close it
[50194.170270] accepted a http connect , new connect ip is  192.168.43.186
[50194.177025]                           old connect ip is  192.168.43.237
[50194.183695]                                     but it isn't seted ip , so close it
[50194.700287] accepted a http connect , new connect ip is  192.168.43.186
[50194.707091]                           old connect ip is  192.168.43.237
[50194.713785]                                     but it isn't seted ip , so close it
[50195.227136] accepted a http connect , new connect ip is  192.168.43.186
[50195.233918]                           old connect ip is  192.168.43.237
[50195.240612]                                     but it isn't seted ip , so close it
[50195.754004] accepted a http connect , new connect ip is  192.168.43.186
[50195.760697]                           old connect ip is  192.168.43.237
[50195.767360]                                     but it isn't seted ip , so close it
[50196.290875] accepted a http connect , new connect ip is  192.168.43.186
[50196.297630]                           old connect ip is  192.168.43.237
[50196.304311]                                     but it isn't seted ip , so close it
[50196.830299] accepted a http connect , new connect ip is  192.168.43.186
[50196.837056]                           old connect ip is  192.168.43.237
[50196.843710]                                     but it isn't seted ip , so close it
[50197.370341] accepted a http connect , new connect ip is  192.168.43.186
[50197.377105]                           old connect ip is  192.168.43.237
[50197.383760]                                     but it isn't seted ip , so close it
[50197.910329] accepted a http connect , new connect ip is  192.168.43.186
[50197.917088]                           old connect ip is  192.168.43.237
[50197.923731]                                     but it isn't seted ip , so close it
[50198.436583] accepted a http connect , new connect ip is  192.168.43.186
[50198.443341]                           old connect ip is  192.168.43.237
[50198.450003]                                     but it isn't seted ip , so close it
[50198.970547] accepted a http connect , new connect ip is  192.168.43.186
[50198.977305]                           old connect ip is  192.168.43.237
[50198.983965]                                     but it isn't seted ip , so close it
[50199.502098] accepted a http connect , new connect ip is  192.168.43.186
[50199.508858]                           old connect ip is  192.168.43.237
[50199.515531]                                     but it isn't seted ip , so close it
[50200.028518] accepted a http connect , new connect ip is  192.168.43.186
[50200.035315]                           old connect ip is  192.168.43.237
[50200.042033]                                     but it isn't seted ip , so close it
[50200.555030] accepted a http connect , new connect ip is  192.168.43.186
[50200.561774]                           old connect ip is  192.168.43.237
[50200.568488]                                     but it isn't seted ip , so close it
[50201.090441] accepted a http connect , new connect ip is  192.168.43.186
[50201.097256]                           old connect ip is  192.168.43.237
[50201.103918]                                     but it isn't seted ip , so close it
[50201.631428] accepted a http connect , new connect ip is  192.168.43.186
[50201.638327]                           old connect ip is  192.168.43.237
[50201.645047]                                     but it isn't seted ip , so close it
[50202.170275] accepted a http connect , new connect ip is  192.168.43.186
[50202.176965]                           old connect ip is  192.168.43.237
[50202.183635]                                     but it isn't seted ip , so close it
[50202.700299] accepted a http connect , new connect ip is  192.168.43.186
[50202.707045]                           old connect ip is  192.168.43.237
[50202.713711]                                     but it isn't seted ip , so close it
[50203.240248] accepted a http connect , new connect ip is  192.168.43.186
[50203.247031]                           old connect ip is  192.168.43.237
[50203.253692]                                     but it isn't seted ip , so close it
[50203.770239] accepted a http connect , new connect ip is  192.168.43.186
[50203.776983]                           old connect ip is  192.168.43.237
[50203.783647]                                     but it isn't seted ip , so close it
[50204.300273] accepted a http connect , new connect ip is  192.168.43.186
[50204.307021]                           old connect ip is  192.168.43.237
[50204.313679]                                     but it isn't seted ip , so close it
[50204.830360] accepted a http connect , new connect ip is  192.168.43.186
[50204.837150]                           old connect ip is  192.168.43.237
[50204.843799]                                     but it isn't seted ip , so close it
[50205.370279] accepted a http connect , new connect ip is  192.168.43.186
[50205.377023]                           old connect ip is  192.168.43.237
[50205.383680]                                     but it isn't seted ip , so close it
[50205.900236] accepted a http connect , new connect ip is  192.168.43.186
[50205.906974]                           old connect ip is  192.168.43.237
[50205.913638]                                     but it isn't seted ip , so close it
[50206.426343] accepted a http connect , new connect ip is  192.168.43.186
[50206.433034]                           old connect ip is  192.168.43.237
[50206.439698]                                     but it isn't seted ip , so close it
[50206.953728] accepted a http connect , new connect ip is  192.168.43.186
[50206.960429]                           old connect ip is  192.168.43.237
[50206.967087]                                     but it isn't seted ip , so close it
[50207.480789] accepted a http connect , new connect ip is  192.168.43.186
[50207.487481]                           old connect ip is  192.168.43.237
[50207.494142]                                     but it isn't seted ip , so close it
[50208.019844] accepted a http connect , new connect ip is  192.168.43.186
[50208.026675]                           old connect ip is  192.168.43.237
[50208.033397]                                     but it isn't seted ip , so close it
[50208.547101] accepted a http connect , new connect ip is  192.168.43.186
[50208.553869]                           old connect ip is  192.168.43.237
[50208.560519]                                     but it isn't seted ip , so close it
[50209.081258] accepted a http connect , new connect ip is  192.168.43.186
[50209.088015]                           old connect ip is  192.168.43.237
[50209.094692]                                     but it isn't seted ip , so close it
[50209.608129] accepted a http connect , new connect ip is  192.168.43.186
[50209.614923]                           old connect ip is  192.168.43.237
[50209.621591]                                     but it isn't seted ip , so close it
[50210.140272] accepted a http connect , new connect ip is  192.168.43.186
[50210.147017]                           old connect ip is  192.168.43.237
[50210.153687]                                     but it isn't seted ip , so close it
[50210.680323] accepted a http connect , new connect ip is  192.168.43.186
[50210.687141]                           old connect ip is  192.168.43.237
[50210.693807]                                     but it isn't seted ip , so close it
[50211.210425] accepted a http connect , new connect ip is  192.168.43.186
[50211.217254]                           old connect ip is  192.168.43.237
[50211.223936]                                     but it isn't seted ip , so close it
[50211.750451] accepted a http connect , new connect ip is  192.168.43.186
[50211.757221]                           old connect ip is  192.168.43.237
[50211.763867]                                     but it isn't seted ip , so close it
[50212.290331] accepted a http connect , new connect ip is  192.168.43.186
[50212.297082]                           old connect ip is  192.168.43.237
[50212.303749]                                     but it isn't seted ip , so close it
[50212.820188] accepted a http connect , new connect ip is  192.168.43.186
[50212.826933]                           old connect ip is  192.168.43.237
[50212.833622]                                     but it isn't seted ip , so close it
[50213.360354] accepted a http connect , new connect ip is  192.168.43.186
[50213.367157]                           old connect ip is  192.168.43.237
[50213.373811]                                     but it isn't seted ip , so close it
[50213.901079] accepted a http connect , new connect ip is  192.168.43.186
[50213.907892]                           old connect ip is  192.168.43.237
[50213.914572]                                     but it isn't seted ip , so close it
[50214.428356] accepted a http connect , new connect ip is  192.168.43.186
[50214.435135]                           old connect ip is  192.168.43.237
[50214.441808]                                     but it isn't seted ip , so close it
[50214.960912] accepted a http connect , new connect ip is  192.168.43.186
[50214.967659]                           old connect ip is  192.168.43.237
[50214.974326]                                     but it isn't seted ip , so close it
[50215.488781] accepted a http connect , new connect ip is  192.168.43.186
[50215.495550]                           old connect ip is  192.168.43.237
[50215.502211]                                     but it isn't seted ip , so close it
[50216.020279] accepted a http connect , new connect ip is  192.168.43.186
[50216.027022]                           old connect ip is  192.168.43.237
[50216.033679]                                     but it isn't seted ip , so close it
[50216.552723] accepted a http connect , new connect ip is  192.168.43.186
[50216.559544]                           old connect ip is  192.168.43.237
[50216.566192]                                     but it isn't seted ip , so close it
[50217.090222] accepted a http connect , new connect ip is  192.168.43.186
[50217.096970]                           old connect ip is  192.168.43.237
[50217.103619]                                     but it isn't seted ip , so close it
[50217.616570] accepted a http connect , new connect ip is  192.168.43.186
[50217.623339]                           old connect ip is  192.168.43.237
[50217.629997]                                     but it isn't seted ip , so close it
[50218.150438] accepted a http connect , new connect ip is  192.168.43.186
[50218.157188]                           old connect ip is  192.168.43.237
[50218.163880]                                     but it isn't seted ip , so close it
[50218.677906] accepted a http connect , new connect ip is  192.168.43.186
[50218.684666]                           old connect ip is  192.168.43.237
[50218.691332]                                     but it isn't seted ip , so close it
[50219.212796] accepted a http connect , new connect ip is  192.168.43.186
[50219.219565]                           old connect ip is  192.168.43.237
[50219.226291]                                     but it isn't seted ip , so close it
[50219.750176] accepted a http connect , new connect ip is  192.168.43.186
[50219.756926]                           old connect ip is  192.168.43.237
[50219.763584]                                     but it isn't seted ip , so close it
[50220.284161] accepted a http connect , new connect ip is  192.168.43.186
[50220.290911]                           old connect ip is  192.168.43.237
[50220.297591]                                     but it isn't seted ip , so close it
[50220.820139] accepted a http connect , new connect ip is  192.168.43.186
[50220.826943]                           old connect ip is  192.168.43.237
[50220.833653]                                     but it isn't seted ip , so close it
[50221.360421] accepted a http connect , new connect ip is  192.168.43.186
[50221.367207]                           old connect ip is  192.168.43.237
[50221.373886]                                     but it isn't seted ip , so close it
[50221.900094] accepted a http connect , new connect ip is  192.168.43.186
[50221.906831]                           old connect ip is  192.168.43.237
[50221.913488]                                     but it isn't seted ip , so close it
[50222.433087] accepted a http connect , new connect ip is  192.168.43.186
[50222.439821]                           old connect ip is  192.168.43.237
[50222.446513]                                     but it isn't seted ip , so close it
[50222.970118] accepted a http connect , new connect ip is  192.168.43.186
[50222.976865]                           old connect ip is  192.168.43.237
[50222.983515]                                     but it isn't seted ip , so close it
[50223.497504] accepted a http connect , new connect ip is  192.168.43.186
[50223.504280]                           old connect ip is  192.168.43.237
[50223.510923]                                     but it isn't seted ip , so close it
[50224.030740] accepted a http connect , new connect ip is  192.168.43.186
[50224.037489]                           old connect ip is  192.168.43.237
[50224.044213]                                     but it isn't seted ip , so close it
[50224.561061] accepted a http connect , new connect ip is  192.168.43.186
[50224.567826]                           old connect ip is  192.168.43.237
[50224.574494]                                     but it isn't seted ip , so close it
[50225.100391] accepted a http connect , new connect ip is  192.168.43.186
[50225.107169]                           old connect ip is  192.168.43.237
[50225.113840]                                     but it isn't seted ip , so close it
[50225.627430] accepted a http connect , new connect ip is  192.168.43.186
[50225.634205]                           old connect ip is  192.168.43.237
[50225.640931]                                     but it isn't seted ip , so close it
[50226.170861] accepted a http connect , new connect ip is  192.168.43.186
[50226.177627]                           old connect ip is  192.168.43.237
[50226.184276]                                     but it isn't seted ip , so close it
[50226.710004] accepted a http connect , new connect ip is  192.168.43.186
[50226.716771]                           old connect ip is  192.168.43.237
[50226.723416]                                     but it isn't seted ip , so close it
[50227.250229] accepted a http connect , new connect ip is  192.168.43.186
[50227.257001]                           old connect ip is  192.168.43.237
[50227.263671]                                     but it isn't seted ip , so close it
[50227.790276] accepted a http connect , new connect ip is  192.168.43.186
[50227.797114]                           old connect ip is  192.168.43.237
[50227.803784]                                     but it isn't seted ip , so close it
[50228.330642] accepted a http connect , new connect ip is  192.168.43.186
[50228.337529]                           old connect ip is  192.168.43.237
[50228.344210]                                     but it isn't seted ip , so close it
[50228.869955] accepted a http connect , new connect ip is  192.168.43.186
[50228.876715]                           old connect ip is  192.168.43.237
[50228.883364]                                     but it isn't seted ip , so close it
[50229.410062] accepted a http connect , new connect ip is  192.168.43.186
[50229.416823]                           old connect ip is  192.168.43.237
[50229.423474]                                     but it isn't seted ip , so close it
[50229.951744] accepted a http connect , new connect ip is  192.168.43.186
[50229.958492]                           old connect ip is  192.168.43.237
[50229.965209]                                     but it isn't seted ip , so close it
[50230.478552] accepted a http connect , new connect ip is  192.168.43.186
[50230.485362]                           old connect ip is  192.168.43.237
[50230.492063]                                     but it isn't seted ip , so close it
[50231.020358] accepted a http connect , new connect ip is  192.168.43.186
[50231.027269]                           old connect ip is  192.168.43.237
[50231.033979]                                     but it isn't seted ip , so close it
[50231.550126] accepted a http connect , new connect ip is  192.168.43.186
[50231.557041]                           old connect ip is  192.168.43.237
[50231.563733]                                     but it isn't seted ip , so close it
[50232.090047] accepted a http connect , new connect ip is  192.168.43.186
[50232.096818]                           old connect ip is  192.168.43.237
[50232.103477]                                     but it isn't seted ip , so close it
[50232.622750] accepted a http connect , new connect ip is  192.168.43.186
[50232.629492]                           old connect ip is  192.168.43.237
[50232.636229]                                     but it isn't seted ip , so close it
[50233.159985] accepted a http connect , new connect ip is  192.168.43.186
[50233.166742]                           old connect ip is  192.168.43.237
[50233.173410]                                     but it isn't seted ip , so close it
[50233.700152] accepted a http connect , new connect ip is  192.168.43.186
[50233.706936]                           old connect ip is  192.168.43.237
[50233.713609]                                     but it isn't seted ip , so close it
[50234.229664] accepted a http connect , new connect ip is  192.168.43.186
[50234.236419]                           old connect ip is  192.168.43.237
[50234.243070]                                     but it isn't seted ip , so close it
[50234.769935] accepted a http connect , new connect ip is  192.168.43.186
[50234.776690]                           old connect ip is  192.168.43.237
[50234.783390]                                     but it isn't seted ip , so close it
[50235.310847] accepted a http connect , new connect ip is  192.168.43.186
[50235.317597]                           old connect ip is  192.168.43.237
[50235.324270]                                     but it isn't seted ip , so close it
[50235.849870] accepted a http connect , new connect ip is  192.168.43.186
[50235.856626]                           old connect ip is  192.168.43.237
[50235.863273]                                     but it isn't seted ip , so close it
[50236.380487] accepted a http connect , new connect ip is  192.168.43.186
[50236.387271]                           old connect ip is  192.168.43.237
[50236.393955]                                     but it isn't seted ip , so close it
[50236.919993] accepted a http connect , new connect ip is  192.168.43.186
[50236.926770]                           old connect ip is  192.168.43.237
[50236.933506]                                     but it isn't seted ip , so close it
[50237.462788] accepted a http connect , new connect ip is  192.168.43.186
[50237.469554]                           old connect ip is  192.168.43.237
[50237.476259]                                     but it isn't seted ip , so close it
[50238.002597] accepted a http connect , new connect ip is  192.168.43.186
[50238.009353]                           old connect ip is  192.168.43.237
[50238.016025]                                     but it isn't seted ip , so close it
[50238.536822] accepted a http connect , new connect ip is  192.168.43.186
[50238.543569]                           old connect ip is  192.168.43.237
[50238.550250]                                     but it isn't seted ip , so close it
[50239.069972] accepted a http connect , new connect ip is  192.168.43.186
[50239.076723]                           old connect ip is  192.168.43.237
[50239.083378]                                     but it isn't seted ip , so close it
[50239.596538] accepted a http connect , new connect ip is  192.168.43.186
[50239.603304]                           old connect ip is  192.168.43.237
[50239.609981]                                     but it isn't seted ip , so close it
[50240.131808] accepted a http connect , new connect ip is  192.168.43.186
[50240.138559]                           old connect ip is  192.168.43.237
[50240.145207]                                     but it isn't seted ip , so close it
[50240.661752] accepted a http connect , new connect ip is  192.168.43.186
[50240.668501]                           old connect ip is  192.168.43.237
[50240.675158]                                     but it isn't seted ip , so close it
[50241.201291] accepted a http connect , new connect ip is  192.168.43.186
[50241.208146]                           old connect ip is  192.168.43.237
[50241.214946]                                     but it isn't seted ip , so close it
[50241.739968] accepted a http connect , new connect ip is  192.168.43.186
[50241.746754]                           old connect ip is  192.168.43.237
[50241.753441]                                     but it isn't seted ip , so close it
[50242.268242] accepted a http connect , new connect ip is  192.168.43.186
[50242.275012]                           old connect ip is  192.168.43.237
[50242.281668]                                     but it isn't seted ip , so close it
[50242.800576] accepted a http connect , new connect ip is  192.168.43.186
[50242.807327]                           old connect ip is  192.168.43.237
[50242.813982]                                     but it isn't seted ip , so close it
[50243.341971] accepted a http connect , new connect ip is  192.168.43.186
[50243.348854]                           old connect ip is  192.168.43.237
[50243.355580]                                     but it isn't seted ip , so close it
[50243.882995] accepted a http connect , new connect ip is  192.168.43.186
[50243.889786]                           old connect ip is  192.168.43.237
[50243.896516]                                     but it isn't seted ip , so close it
[50244.419891] accepted a http connect , new connect ip is  192.168.43.186
[50244.426646]                           old connect ip is  192.168.43.237
[50244.433304]                                     but it isn't seted ip , so close it
[50244.952164] accepted a http connect , new connect ip is  192.168.43.186
[50244.958860]                           old connect ip is  192.168.43.237
[50244.965506]                                     but it isn't seted ip , so close it
[50245.480412] accepted a http connect , new connect ip is  192.168.43.186
[50245.487152]                           old connect ip is  192.168.43.237
[50245.493855]                                     but it isn't seted ip , so close it
[50246.019988] accepted a http connect , new connect ip is  192.168.43.186
[50246.026799]                           old connect ip is  192.168.43.237
[50246.033476]                                     but it isn't seted ip , so close it
[50246.549032] accepted a http connect , new connect ip is  192.168.43.186
[50246.555798]                           old connect ip is  192.168.43.237
[50246.562449]                                     but it isn't seted ip , so close it
[50247.080639] accepted a http connect , new connect ip is  192.168.43.186
[50247.087388]                           old connect ip is  192.168.43.237
[50247.094043]                                     but it isn't seted ip , so close it
[50247.607737] accepted a http connect , new connect ip is  192.168.43.186
[50247.614491]                           old connect ip is  192.168.43.237
[50247.621149]                                     but it isn't seted ip , so close it
[50248.139816] accepted a http connect , new connect ip is  192.168.43.186
[50248.146574]                           old connect ip is  192.168.43.237
[50248.153228]                                     but it isn't seted ip , so close it
[50248.668297] accepted a http connect , new connect ip is  192.168.43.186
[50248.675078]                           old connect ip is  192.168.43.237
[50248.681742]                                     but it isn't seted ip , so close it
[50249.212038] accepted a http connect , new connect ip is  192.168.43.186
[50249.218828]                           old connect ip is  192.168.43.237
[50249.225474]                                     but it isn't seted ip , so close it
[50249.742711] accepted a http connect , new connect ip is  192.168.43.186
[50249.749412]                           old connect ip is  192.168.43.237
[50249.756074]                                     but it isn't seted ip , so close it
[50250.281682] accepted a http connect , new connect ip is  192.168.43.186
[50250.288431]                           old connect ip is  192.168.43.237
[50250.295103]                                     but it isn't seted ip , so close it
[50250.818923] accepted a http connect , new connect ip is  192.168.43.186
[50250.825655]                           old connect ip is  192.168.43.237
[50250.832310]                                     but it isn't seted ip , so close it
[50251.362591] accepted a http connect , new connect ip is  192.168.43.186
[50251.369339]                           old connect ip is  192.168.43.237
[50251.376022]                                     but it isn't seted ip , so close it
[50251.899795] accepted a http connect , new connect ip is  192.168.43.186
[50251.906545]                           old connect ip is  192.168.43.237
[50251.913209]                                     but it isn't seted ip , so close it
[50252.433757] accepted a http connect , new connect ip is  192.168.43.186
[50252.440519]                           old connect ip is  192.168.43.237
[50252.447171]                                     but it isn't seted ip , so close it
[50252.974542] accepted a http connect , new connect ip is  192.168.43.186
[50252.981336]                           old connect ip is  192.168.43.237
[50252.987986]                                     but it isn't seted ip , so close it
[50253.505946] accepted a http connect , new connect ip is  192.168.43.186
[50253.512746]                           old connect ip is  192.168.43.237
[50253.519391]                                     but it isn't seted ip , so close it
[50254.040448] accepted a http connect , new connect ip is  192.168.43.186
[50254.047219]                           old connect ip is  192.168.43.237
[50254.053898]                                     but it isn't seted ip , so close it
[50254.568494] accepted a http connect , new connect ip is  192.168.43.186
[50254.575262]                           old connect ip is  192.168.43.237
[50254.581909]                                     but it isn't seted ip , so close it
[50255.111074] accepted a http connect , new connect ip is  192.168.43.186
[50255.117863]                           old connect ip is  192.168.43.237
[50255.124528]                                     but it isn't seted ip , so close it
[50255.639287] accepted a http connect , new connect ip is  192.168.43.186
[50255.646081]                           old connect ip is  192.168.43.237
[50255.652790]                                     but it isn't seted ip , so close it
[50256.179848] accepted a http connect , new connect ip is  192.168.43.186
[50256.186588]                           old connect ip is  192.168.43.237
[50256.193245]                                     but it isn't seted ip , so close it
[50256.719969] accepted a http connect , new connect ip is  192.168.43.186
[50256.726733]                           old connect ip is  192.168.43.237
[50256.733433]                                     but it isn't seted ip , so close it
[50257.260244] accepted a http connect , new connect ip is  192.168.43.186
[50257.267041]                           old connect ip is  192.168.43.237
[50257.273815]                                     but it isn't seted ip , so close it
[50257.787277] accepted a http connect , new connect ip is  192.168.43.186
[50257.794031]                           old connect ip is  192.168.43.237
[50257.800684]                                     but it isn't seted ip , so close it
[50258.319920] accepted a http connect , new connect ip is  192.168.43.186
[50258.326670]                           old connect ip is  192.168.43.237
[50258.333378]                                     but it isn't seted ip , so close it
[50258.859853] accepted a http connect , new connect ip is  192.168.43.186
[50258.866584]                           old connect ip is  192.168.43.237
[50258.873242]                                     but it isn't seted ip , so close it
[50259.389555] accepted a http connect , new connect ip is  192.168.43.186
[50259.396340]                           old connect ip is  192.168.43.237
[50259.402984]                                     but it isn't seted ip , so close it
[50259.921954] accepted a http connect , new connect ip is  192.168.43.186
[50259.928736]                           old connect ip is  192.168.43.237
[50259.935393]                                     but it isn't seted ip , so close it
[50260.461761] accepted a http connect , new connect ip is  192.168.43.186
[50260.468509]                           old connect ip is  192.168.43.237
[50260.475173]                                     but it isn't seted ip , so close it
[50261.000733] accepted a http connect , new connect ip is  192.168.43.186
[50261.007619]                           old connect ip is  192.168.43.237
[50261.014324]                                     but it isn't seted ip , so close it
[50261.535731] accepted a http connect , new connect ip is  192.168.43.186
[50261.542497]                           old connect ip is  192.168.43.237
[50261.549167]                                     but it isn't seted ip , so close it
[50262.069912] accepted a http connect , new connect ip is  192.168.43.186
[50262.076666]                           old connect ip is  192.168.43.237
[50262.083310]                                     but it isn't seted ip , so close it
[50262.597057] accepted a http connect , new connect ip is  192.168.43.186
[50262.603809]                           old connect ip is  192.168.43.237
[50262.610498]                                     but it isn't seted ip , so close it
[50263.129629] accepted a http connect , new connect ip is  192.168.43.186
[50263.136381]                           old connect ip is  192.168.43.237
[50263.143042]                                     but it isn't seted ip , so close it
[50263.656408] accepted a http connect , new connect ip is  192.168.43.186
[50263.663194]                           old connect ip is  192.168.43.237
[50263.670062]                                     but it isn't seted ip , so close it
[50264.216197] accepted a http connect , new connect ip is  192.168.43.186
[50264.222976]                           old connect ip is  192.168.43.237
[50264.229659]                                     but it isn't seted ip , so close it
[50264.745155] accepted a http connect , new connect ip is  192.168.43.186
[50264.751911]                           old connect ip is  192.168.43.237
[50264.758588]                                     but it isn't seted ip , so close it
[50265.281671] accepted a http connect , new connect ip is  192.168.43.186
[50265.288477]                           old connect ip is  192.168.43.237
[50265.295191]                                     but it isn't seted ip , so close it
[50265.811265] accepted a http connect , new connect ip is  192.168.43.186
[50265.818033]                           old connect ip is  192.168.43.237
[50265.824711]                                     but it isn't seted ip , so close it
[50266.351744] accepted a http connect , new connect ip is  192.168.43.186
[50266.358519]                           old connect ip is  192.168.43.237
[50266.365167]                                     but it isn't seted ip , so close it
[50266.890578] accepted a http connect , new connect ip is  192.168.43.186
[50266.897344]                           old connect ip is  192.168.43.237
[50266.904005]                                     but it isn't seted ip , so close it
[50267.429678] accepted a http connect , new connect ip is  192.168.43.186
[50267.436566]                           old connect ip is  192.168.43.237
[50267.443263]                                     but it isn't seted ip , so close it
[50267.970377] accepted a http connect , new connect ip is  192.168.43.186
[50267.977118]                           old connect ip is  192.168.43.237
[50267.983781]                                     but it isn't seted ip , so close it
[50268.502534] accepted a http connect , new connect ip is  192.168.43.186
[50268.509278]                           old connect ip is  192.168.43.237
[50268.515972]                                     but it isn't seted ip , so close it
[50269.039674] accepted a http connect , new connect ip is  192.168.43.186
[50269.046424]                           old connect ip is  192.168.43.237
[50269.053099]                                     but it isn't seted ip , so close it
[50269.566271] accepted a http connect , new connect ip is  192.168.43.186
[50269.573037]                           old connect ip is  192.168.43.237
[50269.579725]                                     but it isn't seted ip , so close it
[50270.102057] accepted a http connect , new connect ip is  192.168.43.186
[50270.108754]                           old connect ip is  192.168.43.237
[50270.115400]                                     but it isn't seted ip , so close it
[50270.627797] accepted a http connect , new connect ip is  192.168.43.186
[50270.634550]                           old connect ip is  192.168.43.237
[50270.641213]                                     but it isn't seted ip , so close it
[50271.159749] accepted a http connect , new connect ip is  192.168.43.186
[50271.166511]                           old connect ip is  192.168.43.237
[50271.173227]                                     but it isn't seted ip , so close it
[50271.688521] accepted a http connect , new connect ip is  192.168.43.186
[50271.695293]                           old connect ip is  192.168.43.237
[50271.701937]                                     but it isn't seted ip , so close it
[50272.220726] accepted a http connect , new connect ip is  192.168.43.186
[50272.227463]                           old connect ip is  192.168.43.237
[50272.234122]                                     but it isn't seted ip , so close it
[50272.759836] accepted a http connect , new connect ip is  192.168.43.186
[50272.766621]                           old connect ip is  192.168.43.237
[50272.773371]                                     but it isn't seted ip , so close it
[50273.299855] accepted a http connect , new connect ip is  192.168.43.186
[50273.306653]                           old connect ip is  192.168.43.237
[50273.313337]                                     but it isn't seted ip , so close it
[50273.840773] accepted a http connect , new connect ip is  192.168.43.186
[50273.847549]                           old connect ip is  192.168.43.237
[50273.854214]                                     but it isn't seted ip , so close it
[50274.370819] accepted a http connect , new connect ip is  192.168.43.186
[50274.377570]                           old connect ip is  192.168.43.237
[50274.384222]                                     but it isn't seted ip , so close it
[50274.909546] accepted a http connect , new connect ip is  192.168.43.186
[50274.916298]                           old connect ip is  192.168.43.237
[50274.923011]                                     but it isn't seted ip , so close it
[50275.439624] accepted a http connect , new connect ip is  192.168.43.186
[50275.446417]                           old connect ip is  192.168.43.237
[50275.453082]                                     but it isn't seted ip , so close it
[50275.969526] accepted a http connect , new connect ip is  192.168.43.186
[50275.976277]                           old connect ip is  192.168.43.237
[50275.982920]                                     but it isn't seted ip , so close it
[50276.510648] accepted a http connect , new connect ip is  192.168.43.186
[50276.517401]                           old connect ip is  192.168.43.237
[50276.524064]                                     but it isn't seted ip , so close it
[50277.042018] accepted a http connect , new connect ip is  192.168.43.186
[50277.048787]                           old connect ip is  192.168.43.237
[50277.055518]                                     but it isn't seted ip , so close it
[50277.568371] accepted a http connect , new connect ip is  192.168.43.186
[50277.575147]                           old connect ip is  192.168.43.237
[50277.581791]                                     but it isn't seted ip , so close it
[50278.109776] accepted a http connect , new connect ip is  192.168.43.186
[50278.116557]                           old connect ip is  192.168.43.237
[50278.123204]                                     but it isn't seted ip , so close it
[50278.636946] accepted a http connect , new connect ip is  192.168.43.186
[50278.643689]                           old connect ip is  192.168.43.237
[50278.650370]                                     but it isn't seted ip , so close it
[50279.170737] accepted a http connect , new connect ip is  192.168.43.186
[50279.177595]                           old connect ip is  192.168.43.237
[50279.184298]                                     but it isn't seted ip , so close it
[50279.704557] accepted a http connect , new connect ip is  192.168.43.186
[50279.711255]                           old connect ip is  192.168.43.237
[50279.717911]                                     but it isn't seted ip , so close it
[50280.239845] accepted a http connect , new connect ip is  192.168.43.186
[50280.246530]                           old connect ip is  192.168.43.237
[50280.253178]                                     but it isn't seted ip , so close it
[50280.771128] accepted a http connect , new connect ip is  192.168.43.186
[50280.777891]                           old connect ip is  192.168.43.237
[50280.784541]                                     but it isn't seted ip , so close it
[50281.310773] accepted a http connect , new connect ip is  192.168.43.186
[50281.317551]                           old connect ip is  192.168.43.237
[50281.324201]                                     but it isn't seted ip , so close it
[50281.849614] accepted a http connect , new connect ip is  192.168.43.186
[50281.856385]                           old connect ip is  192.168.43.237
[50281.863038]                                     but it isn't seted ip , so close it
[50282.389521] accepted a http connect , new connect ip is  192.168.43.186
[50282.396277]                           old connect ip is  192.168.43.237
[50282.403037]                                     but it isn't seted ip , so close it
[50282.929885] accepted a http connect , new connect ip is  192.168.43.186
[50282.936689]                           old connect ip is  192.168.43.237
[50282.943347]                                     but it isn't seted ip , so close it
[50283.469618] accepted a http connect , new connect ip is  192.168.43.186
[50283.476413]                           old connect ip is  192.168.43.237
[50283.483060]                                     but it isn't seted ip , so close it
[50283.996269] accepted a http connect , new connect ip is  192.168.43.186
[50284.003013]                           old connect ip is  192.168.43.237
[50284.009683]                                     but it isn't seted ip , so close it
[50284.525972] accepted a http connect , new connect ip is  192.168.43.186
[50284.532769]                           old connect ip is  192.168.43.237
[50284.539418]                                     but it isn't seted ip , so close it
[50285.060059] accepted a http connect , new connect ip is  192.168.43.186
[50285.066902]                           old connect ip is  192.168.43.237
[50285.073646]                                     but it isn't seted ip , so close it
[50285.588799] accepted a http connect , new connect ip is  192.168.43.186
[50285.595602]                           old connect ip is  192.168.43.237
[50285.602300]                                     but it isn't seted ip , so close it
[50286.129503] accepted a http connect , new connect ip is  192.168.43.186
[50286.136263]                           old connect ip is  192.168.43.237
[50286.142919]                                     but it isn't seted ip , so close it
[50286.659177] accepted a http connect , new connect ip is  192.168.43.186
[50286.665931]                           old connect ip is  192.168.43.237
[50286.672658]                                     but it isn't seted ip , so close it
[50287.199521] accepted a http connect , new connect ip is  192.168.43.186
[50287.206218]                           old connect ip is  192.168.43.237
[50287.212891]                                     but it isn't seted ip , so close it
[50287.725086] accepted a http connect , new connect ip is  192.168.43.186
[50287.731856]                           old connect ip is  192.168.43.237
[50287.738560]                                     but it isn't seted ip , so close it
[50288.260428] accepted a http connect , new connect ip is  192.168.43.186
[50288.267190]                           old connect ip is  192.168.43.237
[50288.273923]                                     but it isn't seted ip , so close it
[50288.790452] accepted a http connect , new connect ip is  192.168.43.186
[50288.797312]                           old connect ip is  192.168.43.237
[50288.803978]                                     but it isn't seted ip , so close it
[50289.329215] accepted a http connect , new connect ip is  192.168.43.186
[50289.336094]                           old connect ip is  192.168.43.237
[50289.342775]                                     but it isn't seted ip , so close it
[50289.859499] accepted a http connect , new connect ip is  192.168.43.186
[50289.866240]                           old connect ip is  192.168.43.237
[50289.872968]                                     but it isn't seted ip , so close it
[50290.399519] accepted a http connect , new connect ip is  192.168.43.186
[50290.406338]                           old connect ip is  192.168.43.237
[50290.413024]                                     but it isn't seted ip , so close it
[50290.939549] accepted a http connect , new connect ip is  192.168.43.186
[50290.946236]                           old connect ip is  192.168.43.237
[50290.952888]                                     but it isn't seted ip , so close it
[50291.479477] accepted a http connect , new connect ip is  192.168.43.186
[50291.486246]                           old connect ip is  192.168.43.237
[50291.492990]                                     but it isn't seted ip , so close it
[50292.019534] accepted a http connect , new connect ip is  192.168.43.186
[50292.026225]                           old connect ip is  192.168.43.237
[50292.032872]                                     but it isn't seted ip , so close it
[50292.544951] accepted a http connect , new connect ip is  192.168.43.186
[50292.551614]                           old connect ip is  192.168.43.237
[50292.558245]                                     but it isn't seted ip , so close it
[50293.079308] accepted a http connect , new connect ip is  192.168.43.186
[50293.085957]                           old connect ip is  192.168.43.237
[50293.092601]                                     but it isn't seted ip , so close it
[50293.604880] accepted a http connect , new connect ip is  192.168.43.186
[50293.611639]                           old connect ip is  192.168.43.237
[50293.618326]                                     but it isn't seted ip , so close it
[50294.139357] accepted a http connect , new connect ip is  192.168.43.186
[50294.146092]                           old connect ip is  192.168.43.237
[50294.152761]                                     but it isn't seted ip , so close it
[50294.666008] accepted a http connect , new connect ip is  192.168.43.186
[50294.672811]                           old connect ip is  192.168.43.237
[50294.679468]                                     but it isn't seted ip , so close it
[50295.200343] accepted a http connect , new connect ip is  192.168.43.186
[50295.207076]                           old connect ip is  192.168.43.237
[50295.213741]                                     but it isn't seted ip , so close it
[50295.727006] accepted a http connect , new connect ip is  192.168.43.186
[50295.733791]                           old connect ip is  192.168.43.237
[50295.740457]                                     but it isn't seted ip , so close it
[50296.259378] accepted a http connect , new connect ip is  192.168.43.186
[50296.266211]                           old connect ip is  192.168.43.237
[50296.272906]                                     but it isn't seted ip , so close it
[50296.799522] accepted a http connect , new connect ip is  192.168.43.186
[50296.806302]                           old connect ip is  192.168.43.237
[50296.812963]                                     but it isn't seted ip , so close it
[50297.339501] accepted a http connect , new connect ip is  192.168.43.186
[50297.346336]                           old connect ip is  192.168.43.237
[50297.353010]                                     but it isn't seted ip , so close it
[50297.879595] accepted a http connect , new connect ip is  192.168.43.186
[50297.886477]                           old connect ip is  192.168.43.237
[50297.893173]                                     but it isn't seted ip , so close it
[50298.419295] accepted a http connect , new connect ip is  192.168.43.186
[50298.425956]                           old connect ip is  192.168.43.237
[50298.432598]                                     but it isn't seted ip , so close it
[50298.947440] accepted a http connect , new connect ip is  192.168.43.186
[50298.954211]                           old connect ip is  192.168.43.237
[50298.960875]                                     but it isn't seted ip , so close it
[50299.479361] accepted a http connect , new connect ip is  192.168.43.186
[50299.486095]                           old connect ip is  192.168.43.237
[50299.492770]                                     but it isn't seted ip , so close it
[50300.009973] accepted a http connect , new connect ip is  192.168.43.186
[50300.016851]                           old connect ip is  192.168.43.237
[50300.023516]                                     but it isn't seted ip , so close it
[50300.542597] accepted a http connect , new connect ip is  192.168.43.186
[50300.549361]                           old connect ip is  192.168.43.237
[50300.556030]                                     but it isn't seted ip , so close it
[50301.072056] accepted a http connect , new connect ip is  192.168.43.186
[50301.078847]                           old connect ip is  192.168.43.237
[50301.085491]                                     but it isn't seted ip , so close it
[50301.600943] accepted a http connect , new connect ip is  192.168.43.186
[50301.607696]                           old connect ip is  192.168.43.237
[50301.614376]                                     but it isn't seted ip , so close it
[50302.139236] accepted a http connect , new connect ip is  192.168.43.186
[50302.145960]                           old connect ip is  192.168.43.237
[50302.152633]                                     but it isn't seted ip , so close it
[50302.670787] accepted a http connect , new connect ip is  192.168.43.186
[50302.677611]                           old connect ip is  192.168.43.237
[50302.684270]                                     but it isn't seted ip , so close it
[50303.209790] accepted a http connect , new connect ip is  192.168.43.186
[50303.216649]                           old connect ip is  192.168.43.237
[50303.223376]                                     but it isn't seted ip , so close it
[50303.740393] accepted a http connect , new connect ip is  192.168.43.186
[50303.747174]                           old connect ip is  192.168.43.237
[50303.753868]                                     but it isn't seted ip , so close it
[50304.279531] accepted a http connect , new connect ip is  192.168.43.186
[50304.286202]                           old connect ip is  192.168.43.237
[50304.292862]                                     but it isn't seted ip , so close it
[50304.810608] accepted a http connect , new connect ip is  192.168.43.186
[50304.817411]                           old connect ip is  192.168.43.237
[50304.824136]                                     but it isn't seted ip , so close it
[50305.351485] accepted a http connect , new connect ip is  192.168.43.186
[50305.358274]                           old connect ip is  192.168.43.237
[50305.364918]                                     but it isn't seted ip , so close it
[50305.894118] accepted a http connect , new connect ip is  192.168.43.186
[50305.900861]                           old connect ip is  192.168.43.237
[50305.907532]                                     but it isn't seted ip , so close it
[50306.443063] accepted a http connect , new connect ip is  192.168.43.186
[50306.449866]                           old connect ip is  192.168.43.237
[50306.456541]                                     but it isn't seted ip , so close it
[50306.981012] accepted a http connect , new connect ip is  192.168.43.186
[50306.987744]                           old connect ip is  192.168.43.237
[50306.994429]                                     but it isn't seted ip , so close it
[50307.519366] accepted a http connect , new connect ip is  192.168.43.186
[50307.526089]                           old connect ip is  192.168.43.237
[50307.532809]                                     but it isn't seted ip , so close it
[50308.063532] accepted a http connect , new connect ip is  192.168.43.186
[50308.070281]                           old connect ip is  192.168.43.237
[50308.076947]                                     but it isn't seted ip , so close it
[50308.598000] accepted a http connect , new connect ip is  192.168.43.186
[50308.604867]                           old connect ip is  192.168.43.237
[50308.611530]                                     but it isn't seted ip , so close it
[50309.142383] accepted a http connect , new connect ip is  192.168.43.186
[50309.149135]                           old connect ip is  192.168.43.237
[50309.155804]                                     but it isn't seted ip , so close it
[50309.672541] accepted a http connect , new connect ip is  192.168.43.186
[50309.679407]                           old connect ip is  192.168.43.237
[50309.686082]                                     but it isn't seted ip , so close it
[50310.209230] accepted a http connect , new connect ip is  192.168.43.186
[50310.215976]                           old connect ip is  192.168.43.237
[50310.222638]                                     but it isn't seted ip , so close it
[50310.734905] accepted a http connect , new connect ip is  192.168.43.186
[50310.741642]                           old connect ip is  192.168.43.237
[50310.748320]                                     but it isn't seted ip , so close it
[50311.269608] accepted a http connect , new connect ip is  192.168.43.186
[50311.276614]                           old connect ip is  192.168.43.237
[50311.283298]                                     but it isn't seted ip , so close it
[50311.797319] accepted a http connect , new connect ip is  192.168.43.186
[50311.804097]                           old connect ip is  192.168.43.237
[50311.810793]                                     but it isn't seted ip , so close it
[50312.329368] accepted a http connect , new connect ip is  192.168.43.186
[50312.336121]                           old connect ip is  192.168.43.237
[50312.342777]                                     but it isn't seted ip , so close it
[50312.857430] accepted a http connect , new connect ip is  192.168.43.186
[50312.864184]                           old connect ip is  192.168.43.237
[50312.870835]                                     but it isn't seted ip , so close it
[50313.389197] accepted a http connect , new connect ip is  192.168.43.186
[50313.395955]                           old connect ip is  192.168.43.237
[50313.402604]                                     but it isn't seted ip , so close it
[50313.919321] accepted a http connect , new connect ip is  192.168.43.186
[50313.926082]                           old connect ip is  192.168.43.237
[50313.932748]                                     but it isn't seted ip , so close it
[50314.459104] accepted a http connect , new connect ip is  192.168.43.186
[50314.465826]                           old connect ip is  192.168.43.237
[50314.472480]                                     but it isn't seted ip , so close it
[50314.989489] accepted a http connect , new connect ip is  192.168.43.186
[50314.996298]                           old connect ip is  192.168.43.237
[50315.003007]                                     but it isn't seted ip , so close it
[50315.529242] accepted a http connect , new connect ip is  192.168.43.186
[50315.536021]                           old connect ip is  192.168.43.237
[50315.542681]                                     but it isn't seted ip , so close it
[50316.057462] accepted a http connect , new connect ip is  192.168.43.186
[50316.064346]                           old connect ip is  192.168.43.237
[50316.071030]                                     but it isn't seted ip , so close it
[50316.590507] accepted a http connect , new connect ip is  192.168.43.186
[50316.597254]                           old connect ip is  192.168.43.237
[50316.604151]                                     but it isn't seted ip , so close it
[50317.130044] accepted a http connect , new connect ip is  192.168.43.186
[50317.136833]                           old connect ip is  192.168.43.237
[50317.143482]                                     but it isn't seted ip , so close it
[50317.663409] accepted a http connect , new connect ip is  192.168.43.186
[50317.670165]                           old connect ip is  192.168.43.237
[50317.676831]                                     but it isn't seted ip , so close it
[50318.199257] accepted a http connect , new connect ip is  192.168.43.186
[50318.205998]                           old connect ip is  192.168.43.237
[50318.212667]                                     but it isn't seted ip , so close it
[50318.729156] accepted a http connect , new connect ip is  192.168.43.186
[50318.735920]                           old connect ip is  192.168.43.237
[50318.742571]                                     but it isn't seted ip , so close it
[50319.269267] accepted a http connect , new connect ip is  192.168.43.186
[50319.276022]                           old connect ip is  192.168.43.237
[50319.282678]                                     but it isn't seted ip , so close it
[50319.809872] accepted a http connect , new connect ip is  192.168.43.186
[50319.816641]                           old connect ip is  192.168.43.237
[50319.823294]                                     but it isn't seted ip , so close it
[50320.349174] accepted a http connect , new connect ip is  192.168.43.186
[50320.355995]                           old connect ip is  192.168.43.237
[50320.362644]                                     but it isn't seted ip , so close it
[50320.879166] accepted a http connect , new connect ip is  192.168.43.186
[50320.885898]                           old connect ip is  192.168.43.237
[50320.892575]                                     but it isn't seted ip , so close it
[50321.409170] accepted a http connect , new connect ip is  192.168.43.186
[50321.415976]                           old connect ip is  192.168.43.237
[50321.422632]                                     but it isn't seted ip , so close it
[50321.949279] accepted a http connect , new connect ip is  192.168.43.186
[50321.956073]                           old connect ip is  192.168.43.237
[50321.962753]                                     but it isn't seted ip , so close it
[50322.489254] accepted a http connect , new connect ip is  192.168.43.186
[50322.496053]                           old connect ip is  192.168.43.237
[50322.502703]                                     but it isn't seted ip , so close it
[50323.019704] accepted a http connect , new connect ip is  192.168.43.186
[50323.026470]                           old connect ip is  192.168.43.237
[50323.033138]                                     but it isn't seted ip , so close it
[50323.548775] accepted a http connect , new connect ip is  192.168.43.186
[50323.555534]                           old connect ip is  192.168.43.237
[50323.562293]                                     but it isn't seted ip , so close it
[50324.089235] accepted a http connect , new connect ip is  192.168.43.186
[50324.096050]                           old connect ip is  192.168.43.237
[50324.102706]                                     but it isn't seted ip , so close it
[50324.616794] accepted a http connect , new connect ip is  192.168.43.186
[50324.623545]                           old connect ip is  192.168.43.237
[50324.630193]                                     but it isn't seted ip , so close it
[50325.149059] accepted a http connect , new connect ip is  192.168.43.186
[50325.155813]                           old connect ip is  192.168.43.237
[50325.162458]                                     but it isn't seted ip , so close it
[50325.678208] accepted a http connect , new connect ip is  192.168.43.186
[50325.684939]                           old connect ip is  192.168.43.237
[50325.691608]                                     but it isn't seted ip , so close it
[50326.219195] accepted a http connect , new connect ip is  192.168.43.186
[50326.225935]                           old connect ip is  192.168.43.237
[50326.232600]                                     but it isn't seted ip , so close it
[50326.745866] accepted a http connect , new connect ip is  192.168.43.186
[50326.752617]                           old connect ip is  192.168.43.237
[50326.759279]                                     but it isn't seted ip , so close it
[50327.279643] accepted a http connect , new connect ip is  192.168.43.186
[50327.286428]                           old connect ip is  192.168.43.237
[50327.293114]                                     but it isn't seted ip , so close it
[50327.819775] accepted a http connect , new connect ip is  192.168.43.186
[50327.826571]                           old connect ip is  192.168.43.237
[50327.833258]                                     but it isn't seted ip , so close it
[50328.359236] accepted a http connect , new connect ip is  192.168.43.186
[50328.365977]                           old connect ip is  192.168.43.237
[50328.372685]                                     but it isn't seted ip , so close it
[50328.899524] accepted a http connect , new connect ip is  192.168.43.186
[50328.906276]                           old connect ip is  192.168.43.237
[50328.912963]                                     but it isn't seted ip , so close it
[50329.452208] accepted a http connect , new connect ip is  192.168.43.186
[50329.459065]                           old connect ip is  192.168.43.237
[50329.465831]                                     but it isn't seted ip , so close it
[50330.013312] accepted a http connect , new connect ip is  192.168.43.186
[50330.020131]                           old connect ip is  192.168.43.237
[50330.026822]                                     but it isn't seted ip , so close it
[50330.567693] accepted a http connect , new connect ip is  192.168.43.186
[50330.574470]                           old connect ip is  192.168.43.237
[50330.581169]                                     but it isn't seted ip , so close it
[50331.127723] accepted a http connect , new connect ip is  192.168.43.186
[50331.134519]                           old connect ip is  192.168.43.237
[50331.141174]                                     but it isn't seted ip , so close it
[50331.672408] accepted a http connect , new connect ip is  192.168.43.186
[50331.679173]                           old connect ip is  192.168.43.237
[50331.685814]                                     but it isn't seted ip , so close it
[50332.228232] accepted a http connect , new connect ip is  192.168.43.186
[50332.235056]                           old connect ip is  192.168.43.237
[50332.241722]                                     but it isn't seted ip , so close it
[50332.772200] accepted a http connect , new connect ip is  192.168.43.186
[50332.778969]                           old connect ip is  192.168.43.237
[50332.785624]                                     but it isn't seted ip , so close it
[50333.311093] accepted a http connect , new connect ip is  192.168.43.186
[50333.317876]                           old connect ip is  192.168.43.237
[50333.324545]                                     but it isn't seted ip , so close it
[50333.845829] accepted a http connect , new connect ip is  192.168.43.186
[50333.852616]                           old connect ip is  192.168.43.237
[50333.859308]                                     but it isn't seted ip , so close it
[50334.393139] accepted a http connect , new connect ip is  192.168.43.186
[50334.399876]                           old connect ip is  192.168.43.237
[50334.406594]                                     but it isn't seted ip , so close it
[50334.931473] accepted a http connect , new connect ip is  192.168.43.186
[50334.938241]                           old connect ip is  192.168.43.237
[50334.944913]                                     but it isn't seted ip , so close it
[50335.465179] accepted a http connect , new connect ip is  192.168.43.186
[50335.471976]                           old connect ip is  192.168.43.237
[50335.478681]                                     but it isn't seted ip , so close it
[50336.002044] accepted a http connect , new connect ip is  192.168.43.186
[50336.008885]                           old connect ip is  192.168.43.237
[50336.015592]                                     but it isn't seted ip , so close it
[50336.541018] accepted a http connect , new connect ip is  192.168.43.186
[50336.547767]                           old connect ip is  192.168.43.237
[50336.554432]                                     but it isn't seted ip , so close it
[50337.073984] accepted a http connect , new connect ip is  192.168.43.186
[50337.080754]                           old connect ip is  192.168.43.237
[50337.087415]                                     but it isn't seted ip , so close it
[50337.602126] accepted a http connect , new connect ip is  192.168.43.186
[50337.608892]                           old connect ip is  192.168.43.237
[50337.615555]                                     but it isn't seted ip , so close it
[50338.141172] accepted a http connect , new connect ip is  192.168.43.186
[50338.147973]                           old connect ip is  192.168.43.237
[50338.154639]                                     but it isn't seted ip , so close it
[50338.670805] accepted a http connect , new connect ip is  192.168.43.186
[50338.677552]                           old connect ip is  192.168.43.237
[50338.684199]                                     but it isn't seted ip , so close it
[50339.210284] accepted a http connect , new connect ip is  192.168.43.186
[50339.217164]                           old connect ip is  192.168.43.237
[50339.223901]                                     but it isn't seted ip , so close it
[50339.741658] accepted a http connect , new connect ip is  192.168.43.186
[50339.748535]                           old connect ip is  192.168.43.237
[50339.755220]                                     but it isn't seted ip , so close it
[50340.279012] accepted a http connect , new connect ip is  192.168.43.186
[50340.285737]                           old connect ip is  192.168.43.237
[50340.292407]                                     but it isn't seted ip , so close it
[50340.805356] accepted a http connect , new connect ip is  192.168.43.186
[50340.812128]                           old connect ip is  192.168.43.237
[50340.818791]                                     but it isn't seted ip , so close it
[50341.338714] accepted a http connect , new connect ip is  192.168.43.186
[50341.345454]                           old connect ip is  192.168.43.237
[50341.352110]                                     but it isn't seted ip , so close it
[50341.868969] accepted a http connect , new connect ip is  192.168.43.186
[50341.875774]                           old connect ip is  192.168.43.237
[50341.882420]                                     but it isn't seted ip , so close it
[50342.410249] accepted a http connect , new connect ip is  192.168.43.186
[50342.417043]                           old connect ip is  192.168.43.237
[50342.423692]                                     but it isn't seted ip , so close it
[50342.948907] accepted a http connect , new connect ip is  192.168.43.186
[50342.955689]                           old connect ip is  192.168.43.237
[50342.962336]                                     but it isn't seted ip , so close it
[50343.479010] accepted a http connect , new connect ip is  192.168.43.186
[50343.485738]                           old connect ip is  192.168.43.237
[50343.492410]                                     but it isn't seted ip , so close it
[50344.018977] accepted a http connect , new connect ip is  192.168.43.186
[50344.025712]                           old connect ip is  192.168.43.237
[50344.032373]                                     but it isn't seted ip , so close it
[50344.558817] accepted a http connect , new connect ip is  192.168.43.186
[50344.565550]                           old connect ip is  192.168.43.237
[50344.572213]                                     but it isn't seted ip , so close it
[50345.089081] accepted a http connect , new connect ip is  192.168.43.186
[50345.095893]                           old connect ip is  192.168.43.237
[50345.102562]                                     but it isn't seted ip , so close it
[50345.618462] accepted a http connect , new connect ip is  192.168.43.186
[50345.625227]                           old connect ip is  192.168.43.237
[50345.631886]                                     but it isn't seted ip , so close it
[50346.151071] accepted a http connect , new connect ip is  192.168.43.186
[50346.157873]                           old connect ip is  192.168.43.237
[50346.164617]                                     but it isn't seted ip , so close it
[50346.683034] accepted a http connect , new connect ip is  192.168.43.186
[50346.689769]                           old connect ip is  192.168.43.237
[50346.696457]                                     but it isn't seted ip , so close it
[50347.222333] accepted a http connect , new connect ip is  192.168.43.186
[50347.229170]                           old connect ip is  192.168.43.237
[50347.235866]                                     but it isn't seted ip , so close it
[50347.749511] accepted a http connect , new connect ip is  192.168.43.186
[50347.756338]                           old connect ip is  192.168.43.237
[50347.763005]                                     but it isn't seted ip , so close it
[50348.288961] accepted a http connect , new connect ip is  192.168.43.186
[50348.295730]                           old connect ip is  192.168.43.237
[50348.302390]                                     but it isn't seted ip , so close it
[50348.816773] accepted a http connect , new connect ip is  192.168.43.186
[50348.823522]                           old connect ip is  192.168.43.237
[50348.830178]                                     but it isn't seted ip , so close it
[50349.350729] accepted a http connect , new connect ip is  192.168.43.186
[50349.357509]                           old connect ip is  192.168.43.237
[50349.364180]                                     but it isn't seted ip , so close it
[50349.889055] accepted a http connect , new connect ip is  192.168.43.186
[50349.895815]                           old connect ip is  192.168.43.237
[50349.902509]                                     but it isn't seted ip , so close it
[50350.430839] accepted a http connect , new connect ip is  192.168.43.186
[50350.437620]                           old connect ip is  192.168.43.237
[50350.444278]                                     but it isn't seted ip , so close it
[50350.968992] accepted a http connect , new connect ip is  192.168.43.186
[50350.975804]                           old connect ip is  192.168.43.237
[50350.982461]                                     but it isn't seted ip , so close it
[50351.510524] accepted a http connect , new connect ip is  192.168.43.186
[50351.517403]                           old connect ip is  192.168.43.237
[50351.524083]                                     but it isn't seted ip , so close it
[50352.048894] accepted a http connect , new connect ip is  192.168.43.186
[50352.055675]                           old connect ip is  192.168.43.237
[50352.062324]                                     but it isn't seted ip , so close it
[50352.591590] accepted a http connect , new connect ip is  192.168.43.186
[50352.598351]                           old connect ip is  192.168.43.237
[50352.604998]                                     but it isn't seted ip , so close it
[50353.139035] accepted a http connect , new connect ip is  192.168.43.186
[50353.145788]                           old connect ip is  192.168.43.237
[50353.152467]                                     but it isn't seted ip , so close it
[50353.670832] accepted a http connect , new connect ip is  192.168.43.186
[50353.677598]                           old connect ip is  192.168.43.237
[50353.684352]                                     but it isn't seted ip , so close it
[50354.210490] accepted a http connect , new connect ip is  192.168.43.186
[50354.217271]                           old connect ip is  192.168.43.237
[50354.223980]                                     but it isn't seted ip , so close it
[50354.741915] accepted a http connect , new connect ip is  192.168.43.186
[50354.748657]                           old connect ip is  192.168.43.237
[50354.755346]                                     but it isn't seted ip , so close it
[50355.278865] accepted a http connect , new connect ip is  192.168.43.186
[50355.285596]                           old connect ip is  192.168.43.237
[50355.292297]                                     but it isn't seted ip , so close it
[50355.807357] accepted a http connect , new connect ip is  192.168.43.186
[50355.814132]                           old connect ip is  192.168.43.237
[50355.820815]                                     but it isn't seted ip , so close it
[50356.351659] accepted a http connect , new connect ip is  192.168.43.186
[50356.358412]                           old connect ip is  192.168.43.237
[50356.365067]                                     but it isn't seted ip , so close it
[50356.889039] accepted a http connect , new connect ip is  192.168.43.186
[50356.895837]                           old connect ip is  192.168.43.237
[50356.902518]                                     but it isn't seted ip , so close it
[50357.430182] accepted a http connect , new connect ip is  192.168.43.186
[50357.436946]                           old connect ip is  192.168.43.237
[50357.443615]                                     but it isn't seted ip , so close it
[50357.968925] accepted a http connect , new connect ip is  192.168.43.186
[50357.975606]                           old connect ip is  192.168.43.237
[50357.982254]                                     but it isn't seted ip , so close it
[50358.496042] accepted a http connect , new connect ip is  192.168.43.186
[50358.502903]                           old connect ip is  192.168.43.237
[50358.509562]                                     but it isn't seted ip , so close it
[50359.024315] accepted a http connect , new connect ip is  192.168.43.186
[50359.031082]                           old connect ip is  192.168.43.237
[50359.037772]                                     but it isn't seted ip , so close it
[50359.559961] accepted a http connect , new connect ip is  192.168.43.186
[50359.566689]                           old connect ip is  192.168.43.237
[50359.573368]                                     but it isn't seted ip , so close it
[50360.102460] accepted a http connect , new connect ip is  192.168.43.186
[50360.109224]                           old connect ip is  192.168.43.237
[50360.115920]                                     but it isn't seted ip , so close it
[50360.641776] accepted a http connect , new connect ip is  192.168.43.186
[50360.648530]                           old connect ip is  192.168.43.237
[50360.655216]                                     but it isn't seted ip , so close it
[50361.178757] accepted a http connect , new connect ip is  192.168.43.186
[50361.185507]                           old connect ip is  192.168.43.237
[50361.192162]                                     but it isn't seted ip , so close it
[50361.705168] accepted a http connect , new connect ip is  192.168.43.186
[50361.711907]                           old connect ip is  192.168.43.237
[50361.718642]                                     but it isn't seted ip , so close it
[50362.240920] accepted a http connect , new connect ip is  192.168.43.186
[50362.247725]                           old connect ip is  192.168.43.237
[50362.254409]                                     but it isn't seted ip , so close it
[50362.771001] accepted a http connect , new connect ip is  192.168.43.186
[50362.777791]                           old connect ip is  192.168.43.237
[50362.784503]                                     but it isn't seted ip , so close it
[50363.308789] accepted a http connect , new connect ip is  192.168.43.186
[50363.315584]                           old connect ip is  192.168.43.237
[50363.322272]                                     but it isn't seted ip , so close it
[50363.837061] accepted a http connect , new connect ip is  192.168.43.186
[50363.843813]                           old connect ip is  192.168.43.237
[50363.850517]                                     but it isn't seted ip , so close it
[50364.378619] accepted a http connect , new connect ip is  192.168.43.186
[50364.385358]                           old connect ip is  192.168.43.237
[50364.392021]                                     but it isn't seted ip , so close it
[50364.908754] accepted a http connect , new connect ip is  192.168.43.186
[50364.915539]                           old connect ip is  192.168.43.237
[50364.922182]                                     but it isn't seted ip , so close it
[50365.448897] accepted a http connect , new connect ip is  192.168.43.186
[50365.455676]                           old connect ip is  192.168.43.237
[50365.462328]                                     but it isn't seted ip , so close it
[50365.988676] accepted a http connect , new connect ip is  192.168.43.186
[50365.995425]                           old connect ip is  192.168.43.237
[50366.002099]                                     but it isn't seted ip , so close it
[50366.528837] accepted a http connect , new connect ip is  192.168.43.186
[50366.535654]                           old connect ip is  192.168.43.237
[50366.542306]                                     but it isn't seted ip , so close it
[50367.068726] accepted a http connect , new connect ip is  192.168.43.186
[50367.075493]                           old connect ip is  192.168.43.237
[50367.082189]                                     but it isn't seted ip , so close it
[50367.598797] accepted a http connect , new connect ip is  192.168.43.186
[50367.605541]                           old connect ip is  192.168.43.237
[50367.612211]                                     but it isn't seted ip , so close it
[50368.129259] accepted a http connect , new connect ip is  192.168.43.186
[50368.136038]                           old connect ip is  192.168.43.237
[50368.142708]                                     but it isn't seted ip , so close it
[50368.661529] accepted a http connect , new connect ip is  192.168.43.186
[50368.668326]                           old connect ip is  192.168.43.237
[50368.675004]                                     but it isn't seted ip , so close it
[50369.198797] accepted a http connect , new connect ip is  192.168.43.186
[50369.205584]                           old connect ip is  192.168.43.237
[50369.212263]                                     but it isn't seted ip , so close it
[50369.730694] accepted a http connect , new connect ip is  192.168.43.186
[50369.737478]                           old connect ip is  192.168.43.237
[50369.744219]                                     but it isn't seted ip , so close it
[50370.268790] accepted a http connect , new connect ip is  192.168.43.186
[50370.275565]                           old connect ip is  192.168.43.237
[50370.282280]                                     but it isn't seted ip , so close it
[50370.797189] accepted a http connect , new connect ip is  192.168.43.186
[50370.803944]                           old connect ip is  192.168.43.237
[50370.810604]                                     but it isn't seted ip , so close it
[50371.328616] accepted a http connect , new connect ip is  192.168.43.186
[50371.335383]                           old connect ip is  192.168.43.237
[50371.342039]                                     but it isn't seted ip , so close it
[50371.859246] accepted a http connect , new connect ip is  192.168.43.186
[50371.866091]                           old connect ip is  192.168.43.237
[50371.872794]                                     but it isn't seted ip , so close it
[50372.399541] accepted a http connect , new connect ip is  192.168.43.186
[50372.406295]                           old connect ip is  192.168.43.237
[50372.412958]                                     but it isn't seted ip , so close it
[50372.938638] accepted a http connect , new connect ip is  192.168.43.186
[50372.945369]                           old connect ip is  192.168.43.237
[50372.952022]                                     but it isn't seted ip , so close it
[50373.468607] accepted a http connect , new connect ip is  192.168.43.186
[50373.475362]                           old connect ip is  192.168.43.237
[50373.482005]                                     but it isn't seted ip , so close it
[50373.998731] accepted a http connect , new connect ip is  192.168.43.186
[50374.005481]                           old connect ip is  192.168.43.237
[50374.012219]                                     but it isn't seted ip , so close it
[50374.540818] accepted a http connect , new connect ip is  192.168.43.186
[50374.547649]                           old connect ip is  192.168.43.237
[50374.554349]                                     but it isn't seted ip , so close it
[50375.078619] accepted a http connect , new connect ip is  192.168.43.186
[50375.085379]                           old connect ip is  192.168.43.237
[50375.092044]                                     but it isn't seted ip , so close it
[50375.621009] accepted a http connect , new connect ip is  192.168.43.186
[50375.627811]                           old connect ip is  192.168.43.237
[50375.634477]                                     but it isn't seted ip , so close it
[50376.158679] accepted a http connect , new connect ip is  192.168.43.186
[50376.165408]                           old connect ip is  192.168.43.237
[50376.172123]                                     but it isn't seted ip , so close it
[50376.686665] accepted a http connect , new connect ip is  192.168.43.186
[50376.693423]                           old connect ip is  192.168.43.237
[50376.700079]                                     but it isn't seted ip , so close it
[50377.228688] accepted a http connect , new connect ip is  192.168.43.186
[50377.235459]                           old connect ip is  192.168.43.237
[50377.242118]                                     but it isn't seted ip , so close it
[50377.755323] accepted a http connect , new connect ip is  192.168.43.186
[50377.762058]                           old connect ip is  192.168.43.237
[50377.768712]                                     but it isn't seted ip , so close it
[50378.288559] accepted a http connect , new connect ip is  192.168.43.186
[50378.295307]                           old connect ip is  192.168.43.237
[50378.301992]                                     but it isn't seted ip , so close it
[50378.815251] accepted a http connect , new connect ip is  192.168.43.186
[50378.821997]                           old connect ip is  192.168.43.237
[50378.828653]                                     but it isn't seted ip , so close it
[50379.348792] accepted a http connect , new connect ip is  192.168.43.186
[50379.355558]                           old connect ip is  192.168.43.237
[50379.362222]                                     but it isn't seted ip , so close it
[50379.876286] accepted a http connect , new connect ip is  192.168.43.186
[50379.883035]                           old connect ip is  192.168.43.237
[50379.889701]                                     but it isn't seted ip , so close it
[50380.409739] accepted a http connect , new connect ip is  192.168.43.186
[50380.416539]                           old connect ip is  192.168.43.237
[50380.423203]                                     but it isn't seted ip , so close it
[50380.950808] accepted a http connect , new connect ip is  192.168.43.186
[50380.957580]                           old connect ip is  192.168.43.237
[50380.964239]                                     but it isn't seted ip , so close it
[50381.493019] accepted a http connect , new connect ip is  192.168.43.186
[50381.499704]                           old connect ip is  192.168.43.237
[50381.506351]                                     but it isn't seted ip , so close it
[50382.028601] accepted a http connect , new connect ip is  192.168.43.186
[50382.035287]                           old connect ip is  192.168.43.237
[50382.041936]                                     but it isn't seted ip , so close it
[50382.562681] accepted a http connect , new connect ip is  192.168.43.186
[50382.569362]                           old connect ip is  192.168.43.237
[50382.576003]                                     but it isn't seted ip , so close it
[50383.104916] accepted a http connect , new connect ip is  192.168.43.186
[50383.111680]                           old connect ip is  192.168.43.237
[50383.118388]                                     but it isn't seted ip , so close it
[50383.638536] accepted a http connect , new connect ip is  192.168.43.186
[50383.645279]                           old connect ip is  192.168.43.237
[50383.651953]                                     but it isn't seted ip , so close it
[50384.178592] accepted a http connect , new connect ip is  192.168.43.186
[50384.185336]                           old connect ip is  192.168.43.237
[50384.192005]                                     but it isn't seted ip , so close it
[50384.705546] accepted a http connect , new connect ip is  192.168.43.186
[50384.712352]                           old connect ip is  192.168.43.237
[50384.719018]                                     but it isn't seted ip , so close it
[50385.244511] accepted a http connect , new connect ip is  192.168.43.186
[50385.251304]                           old connect ip is  192.168.43.237
[50385.257977]                                     but it isn't seted ip , so close it
[50385.779967] accepted a http connect , new connect ip is  192.168.43.186
[50385.786741]                           old connect ip is  192.168.43.237
[50385.793446]                                     but it isn't seted ip , so close it
[50386.325736] accepted a http connect , new connect ip is  192.168.43.186
[50386.332421]                           old connect ip is  192.168.43.237
[50386.339057]                                     but it isn't seted ip , so close it
[50386.862692] accepted a http connect , new connect ip is  192.168.43.186
[50386.869429]                           old connect ip is  192.168.43.237
[50386.876105]                                     but it isn't seted ip , so close it
[50387.409676] accepted a http connect , new connect ip is  192.168.43.186
[50387.416497]                           old connect ip is  192.168.43.237
[50387.423186]                                     but it isn't seted ip , so close it
[50387.948795] accepted a http connect , new connect ip is  192.168.43.186
[50387.955640]                           old connect ip is  192.168.43.237
[50387.962294]                                     but it isn't seted ip , so close it
[50388.488555] accepted a http connect , new connect ip is  192.168.43.186
[50388.495314]                           old connect ip is  192.168.43.237
[50388.501957]                                     but it isn't seted ip , so close it
[50389.023738] accepted a http connect , new connect ip is  192.168.43.186
[50389.030482]                           old connect ip is  192.168.43.237
[50389.037155]                                     but it isn't seted ip , so close it
[50389.559193] accepted a http connect , new connect ip is  192.168.43.186
[50389.565850]                           old connect ip is  192.168.43.237
[50389.572492]                                     but it isn't seted ip , so close it
[50390.088607] accepted a http connect , new connect ip is  192.168.43.186
[50390.095307]                           old connect ip is  192.168.43.237
[50390.101976]                                     but it isn't seted ip , so close it
[50390.618474] accepted a http connect , new connect ip is  192.168.43.186
[50390.625135]                           old connect ip is  192.168.43.237
[50390.631785]                                     but it isn't seted ip , so close it
[50391.158475] accepted a http connect , new connect ip is  192.168.43.186
[50391.165126]                           old connect ip is  192.168.43.237
[50391.171757]                                     but it isn't seted ip , so close it
[50391.689839] accepted a http connect , new connect ip is  192.168.43.186
[50391.696511]                           old connect ip is  192.168.43.237
[50391.703155]                                     but it isn't seted ip , so close it
[50392.228474] accepted a http connect , new connect ip is  192.168.43.186
[50392.235247]                           old connect ip is  192.168.43.237
[50392.241902]                                     but it isn't seted ip , so close it
[50392.754935] accepted a http connect , new connect ip is  192.168.43.186
[50392.761607]                           old connect ip is  192.168.43.237
[50392.768319]                                     but it isn't seted ip , so close it
[50393.292415] accepted a http connect , new connect ip is  192.168.43.186
[50393.299121]                           old connect ip is  192.168.43.237
[50393.305781]                                     but it isn't seted ip , so close it
[50393.821955] accepted a http connect , new connect ip is  192.168.43.186
[50393.828733]                           old connect ip is  192.168.43.237
[50393.835422]                                     but it isn't seted ip , so close it
[50394.358515] accepted a http connect , new connect ip is  192.168.43.186
[50394.365280]                           old connect ip is  192.168.43.237
[50394.371982]                                     but it isn't seted ip , so close it
[50394.885854] accepted a http connect , new connect ip is  192.168.43.186
[50394.892623]                           old connect ip is  192.168.43.237
[50394.899272]                                     but it isn't seted ip , so close it
[50395.418457] accepted a http connect , new connect ip is  192.168.43.186
[50395.425199]                           old connect ip is  192.168.43.237
[50395.431847]                                     but it isn't seted ip , so close it
[50395.958890] accepted a http connect , new connect ip is  192.168.43.186
[50395.965641]                           old connect ip is  192.168.43.237
[50395.972297]                                     but it isn't seted ip , so close it
[50396.502245] accepted a http connect , new connect ip is  192.168.43.186
[50396.508964]                           old connect ip is  192.168.43.237
[50396.515634]                                     but it isn't seted ip , so close it
[50397.038420] accepted a http connect , new connect ip is  192.168.43.186
[50397.045146]                           old connect ip is  192.168.43.237
[50397.051836]                                     but it isn't seted ip , so close it
[50397.568481] accepted a http connect , new connect ip is  192.168.43.186
[50397.575231]                           old connect ip is  192.168.43.237
[50397.581882]                                     but it isn't seted ip , so close it
[50398.098470] accepted a http connect , new connect ip is  192.168.43.186
[50398.105229]                           old connect ip is  192.168.43.237
[50398.111926]                                     but it isn't seted ip , so close it
[50398.638383] accepted a http connect , new connect ip is  192.168.43.186
[50398.645122]                           old connect ip is  192.168.43.237
[50398.651781]                                     but it isn't seted ip , so close it
[50399.168541] accepted a http connect , new connect ip is  192.168.43.186
[50399.175326]                           old connect ip is  192.168.43.237
[50399.181997]                                     but it isn't seted ip , so close it
[50399.714312] accepted a http connect , new connect ip is  192.168.43.186
[50399.721116]                           old connect ip is  192.168.43.237
[50399.727810]                                     but it isn't seted ip , so close it
[50400.244322] accepted a http connect , new connect ip is  192.168.43.186
[50400.251094]                           old connect ip is  192.168.43.237
[50400.257780]                                     but it isn't seted ip , so close it
[50400.770882] accepted a http connect , new connect ip is  192.168.43.186
[50400.777634]                           old connect ip is  192.168.43.237
[50400.784289]                                     but it isn't seted ip , so close it
[50401.309620] accepted a http connect , new connect ip is  192.168.43.186
[50401.316402]                           old connect ip is  192.168.43.237
[50401.323066]                                     but it isn't seted ip , so close it
[50401.836212] accepted a http connect , new connect ip is  192.168.43.186
[50401.842962]                           old connect ip is  192.168.43.237
[50401.849607]                                     but it isn't seted ip , so close it
[50402.368442] accepted a http connect , new connect ip is  192.168.43.186
[50402.375226]                           old connect ip is  192.168.43.237
[50402.381869]                                     but it isn't seted ip , so close it
[50402.897557] accepted a http connect , new connect ip is  192.168.43.186
[50402.904302]                           old connect ip is  192.168.43.237
[50402.910944]                                     but it isn't seted ip , so close it
[50403.424644] accepted a http connect , new connect ip is  192.168.43.186
[50403.431385]                           old connect ip is  192.168.43.237
[50403.438215]                                     but it isn't seted ip , so close it
[50403.958586] accepted a http connect , new connect ip is  192.168.43.186
[50403.965311]                           old connect ip is  192.168.43.237
[50403.972020]                                     but it isn't seted ip , so close it
[50404.500352] accepted a http connect , new connect ip is  192.168.43.186
[50404.507178]                           old connect ip is  192.168.43.237
[50404.513843]                                     but it isn't seted ip , so close it
[50405.039597] accepted a http connect , new connect ip is  192.168.43.186
[50405.046472]                           old connect ip is  192.168.43.237
[50405.053203]                                     but it isn't seted ip , so close it
[50405.579437] accepted a http connect , new connect ip is  192.168.43.186
[50405.586269]                           old connect ip is  192.168.43.237
[50405.592935]                                     but it isn't seted ip , so close it
[50406.112464] accepted a http connect , new connect ip is  192.168.43.186
[50406.119258]                           old connect ip is  192.168.43.237
[50406.125923]                                     but it isn't seted ip , so close it
[50406.640582] accepted a http connect , new connect ip is  192.168.43.186
[50406.647345]                           old connect ip is  192.168.43.237
[50406.654014]                                     but it isn't seted ip , so close it
[50407.178322] accepted a http connect , new connect ip is  192.168.43.186
[50407.185067]                           old connect ip is  192.168.43.237
[50407.191732]                                     but it isn't seted ip , so close it
[50407.709424] accepted a http connect , new connect ip is  192.168.43.186
[50407.716255]                           old connect ip is  192.168.43.237
[50407.722909]                                     but it isn't seted ip , so close it
[50408.250901] accepted a http connect , new connect ip is  192.168.43.186
[50408.257673]                           old connect ip is  192.168.43.237
[50408.264322]                                     but it isn't seted ip , so close it
[50408.783147] accepted a http connect , new connect ip is  192.168.43.186
[50408.789879]                           old connect ip is  192.168.43.237
[50408.796542]                                     but it isn't seted ip , so close it
[50409.320982] accepted a http connect , new connect ip is  192.168.43.186
[50409.327714]                           old connect ip is  192.168.43.237
[50409.334396]                                     but it isn't seted ip , so close it
[50409.850945] accepted a http connect , new connect ip is  192.168.43.186
[50409.857706]                           old connect ip is  192.168.43.237
[50409.864364]                                     but it isn't seted ip , so close it
[50410.390491] accepted a http connect , new connect ip is  192.168.43.186
[50410.397248]                           old connect ip is  192.168.43.237
[50410.403912]                                     but it isn't seted ip , so close it
[50410.918187] accepted a http connect , new connect ip is  192.168.43.186
[50410.924923]                           old connect ip is  192.168.43.237
[50410.931695]                                     but it isn't seted ip , so close it
[50411.458473] accepted a http connect , new connect ip is  192.168.43.186
[50411.465225]                           old connect ip is  192.168.43.237
[50411.471893]                                     but it isn't seted ip , so close it
[50411.998650] accepted a http connect , new connect ip is  192.168.43.186
[50412.005409]                           old connect ip is  192.168.43.237
[50412.012138]                                     but it isn't seted ip , so close it
[50412.538492] accepted a http connect , new connect ip is  192.168.43.186
[50412.545236]                           old connect ip is  192.168.43.237
[50412.551926]                                     but it isn't seted ip , so close it
[50413.078426] accepted a http connect , new connect ip is  192.168.43.186
[50413.085186]                           old connect ip is  192.168.43.237
[50413.091843]                                     but it isn't seted ip , so close it
[50413.608322] accepted a http connect , new connect ip is  192.168.43.186
[50413.615082]                           old connect ip is  192.168.43.237
[50413.621733]                                     but it isn't seted ip , so close it
[50414.138640] accepted a http connect , new connect ip is  192.168.43.186
[50414.145384]                           old connect ip is  192.168.43.237
[50414.152062]                                     but it isn't seted ip , so close it
[50414.678258] accepted a http connect , new connect ip is  192.168.43.186
[50414.684992]                           old connect ip is  192.168.43.237
[50414.691649]                                     but it isn't seted ip , so close it
[50415.208848] accepted a http connect , new connect ip is  192.168.43.186
[50415.215742]                           old connect ip is  192.168.43.237
[50415.222416]                                     but it isn't seted ip , so close it
[50415.736312] accepted a http connect , new connect ip is  192.168.43.186
[50415.743054]                           old connect ip is  192.168.43.237
[50415.749704]                                     but it isn't seted ip , so close it
[50416.278267] accepted a http connect , new connect ip is  192.168.43.186
[50416.285009]                           old connect ip is  192.168.43.237
[50416.291692]                                     but it isn't seted ip , so close it
[50416.807446] accepted a http connect , new connect ip is  192.168.43.186
[50416.814206]                           old connect ip is  192.168.43.237
[50416.820850]                                     but it isn't seted ip , so close it
[50417.338560] accepted a http connect , new connect ip is  192.168.43.186
[50417.345379]                           old connect ip is  192.168.43.237
[50417.352101]                                     but it isn't seted ip , so close it
[50417.871183] accepted a http connect , new connect ip is  192.168.43.186
[50417.878042]                           old connect ip is  192.168.43.237
[50417.884711]                                     but it isn't seted ip , so close it
[50418.405398] accepted a http connect , new connect ip is  192.168.43.186
[50418.412142]                           old connect ip is  192.168.43.237
[50418.418840]                                     but it isn't seted ip , so close it
[50418.932837] accepted a http connect , new connect ip is  192.168.43.186
[50418.939623]                           old connect ip is  192.168.43.237
[50418.946293]                                     but it isn't seted ip , so close it
[50419.497951] accepted a http connect , new connect ip is  192.168.43.186
[50419.504895]                           old connect ip is  192.168.43.237
[50419.511635]                                     but it isn't seted ip , so close it
[50420.038173] accepted a http connect , new connect ip is  192.168.43.186
[50420.044905]                           old connect ip is  192.168.43.237
[50420.051568]                                     but it isn't seted ip , so close it
[50420.578184] accepted a http connect , new connect ip is  192.168.43.186
[50420.584955]                           old connect ip is  192.168.43.237
[50420.591600]                                     but it isn't seted ip , so close it
[50421.108295] accepted a http connect , new connect ip is  192.168.43.186
[50421.115046]                           old connect ip is  192.168.43.237
[50421.121712]                                     but it isn't seted ip , so close it
[50421.640142] accepted a http connect , new connect ip is  192.168.43.186
[50421.646945]                           old connect ip is  192.168.43.237
[50421.653615]                                     but it isn't seted ip , so close it
[50422.178250] accepted a http connect , new connect ip is  192.168.43.186
[50422.184987]                           old connect ip is  192.168.43.237
[50422.191645]                                     but it isn't seted ip , so close it
[50422.709078] accepted a http connect , new connect ip is  192.168.43.186
[50422.715826]                           old connect ip is  192.168.43.237
[50422.722479]                                     but it isn't seted ip , so close it
[50423.248348] accepted a http connect , new connect ip is  192.168.43.186
[50423.255154]                           old connect ip is  192.168.43.237
[50423.261816]                                     but it isn't seted ip , so close it
[50423.778589] accepted a http connect , new connect ip is  192.168.43.186
[50423.785556]                           old connect ip is  192.168.43.237
[50423.792238]                                     but it isn't seted ip , so close it
[50424.318276] accepted a http connect , new connect ip is  192.168.43.186
[50424.325110]                           old connect ip is  192.168.43.237
[50424.331766]                                     but it isn't seted ip , so close it
[50424.844785] accepted a http connect , new connect ip is  192.168.43.186
[50424.851540]                           old connect ip is  192.168.43.237
[50424.858209]                                     but it isn't seted ip , so close it
[50425.378574] accepted a http connect , new connect ip is  192.168.43.186
[50425.385334]                           old connect ip is  192.168.43.237
[50425.392013]                                     but it isn't seted ip , so close it
[50425.909209] accepted a http connect , new connect ip is  192.168.43.186
[50425.915995]                           old connect ip is  192.168.43.237
[50425.922660]                                     but it isn't seted ip , so close it
[50426.448178] accepted a http connect , new connect ip is  192.168.43.186
[50426.454957]                           old connect ip is  192.168.43.237
[50426.461617]                                     but it isn't seted ip , so close it
[50426.978289] accepted a http connect , new connect ip is  192.168.43.186
[50426.985050]                           old connect ip is  192.168.43.237
[50426.991709]                                     but it isn't seted ip , so close it
[50427.518181] accepted a http connect , new connect ip is  192.168.43.186
[50427.524909]                           old connect ip is  192.168.43.237
[50427.531578]                                     but it isn't seted ip , so close it
[50428.059908] accepted a http connect , new connect ip is  192.168.43.186
[50428.066638]                           old connect ip is  192.168.43.237
[50428.073292]                                     but it isn't seted ip , so close it
[50428.598293] accepted a http connect , new connect ip is  192.168.43.186
[50428.605018]                           old connect ip is  192.168.43.237
[50428.611688]                                     but it isn't seted ip , so close it
[50429.128856] accepted a http connect , new connect ip is  192.168.43.186
[50429.135739]                           old connect ip is  192.168.43.237
[50429.142450]                                     but it isn't seted ip , so close it
[50429.668533] accepted a http connect , new connect ip is  192.168.43.186
[50429.675356]                           old connect ip is  192.168.43.237
[50429.682092]                                     but it isn't seted ip , so close it
[50430.196547] accepted a http connect , new connect ip is  192.168.43.186
[50430.203310]                           old connect ip is  192.168.43.237
[50430.209973]                                     but it isn't seted ip , so close it
[50430.728827] accepted a http connect , new connect ip is  192.168.43.186
[50430.735685]                           old connect ip is  192.168.43.237
[50430.742389]                                     but it isn't seted ip , so close it
[50431.268337] accepted a http connect , new connect ip is  192.168.43.186
[50431.275124]                           old connect ip is  192.168.43.237
[50431.281797]                                     but it isn't seted ip , so close it
[50431.795542] accepted a http connect , new connect ip is  192.168.43.186
[50431.802388]                           old connect ip is  192.168.43.237
[50431.809053]                                     but it isn't seted ip , so close it
[50432.328108] accepted a http connect , new connect ip is  192.168.43.186
[50432.334885]                           old connect ip is  192.168.43.237
[50432.341539]                                     but it isn't seted ip , so close it
[50432.854761] accepted a http connect , new connect ip is  192.168.43.186
[50432.861569]                           old connect ip is  192.168.43.237
[50432.868257]                                     but it isn't seted ip , so close it
[50433.388138] accepted a http connect , new connect ip is  192.168.43.186
[50433.394916]                           old connect ip is  192.168.43.237
[50433.401580]                                     but it isn't seted ip , so close it
[50433.914619] accepted a http connect , new connect ip is  192.168.43.186
[50433.921390]                           old connect ip is  192.168.43.237
[50433.928090]                                     but it isn't seted ip , so close it
[50434.448183] accepted a http connect , new connect ip is  192.168.43.186
[50434.454952]                           old connect ip is  192.168.43.237
[50434.461618]                                     but it isn't seted ip , so close it
[50434.980104] accepted a http connect , new connect ip is  192.168.43.186
[50434.986848]                           old connect ip is  192.168.43.237
[50434.993508]                                     but it isn't seted ip , so close it
[50435.518349] accepted a http connect , new connect ip is  192.168.43.186
[50435.525131]                           old connect ip is  192.168.43.237
[50435.531786]                                     but it isn't seted ip , so close it
[50436.058337] accepted a http connect , new connect ip is  192.168.43.186
[50436.065076]                           old connect ip is  192.168.43.237
[50436.071755]                                     but it isn't seted ip , so close it
[50436.599221] accepted a http connect , new connect ip is  192.168.43.186
[50436.605903]                           old connect ip is  192.168.43.237
[50436.612550]                                     but it isn't seted ip , so close it
[50437.138122] accepted a http connect , new connect ip is  192.168.43.186
[50437.144878]                           old connect ip is  192.168.43.237
[50437.151547]                                     but it isn't seted ip , so close it
[50437.668192] accepted a http connect , new connect ip is  192.168.43.186
[50437.674945]                           old connect ip is  192.168.43.237
[50437.681595]                                     but it isn't seted ip , so close it
[50438.198048] accepted a http connect , new connect ip is  192.168.43.186
[50438.204814]                           old connect ip is  192.168.43.237
[50438.211474]                                     but it isn't seted ip , so close it
[50438.728053] accepted a http connect , new connect ip is  192.168.43.186
[50438.734820]                           old connect ip is  192.168.43.237
[50438.741465]                                     but it isn't seted ip , so close it
[50439.268363] accepted a http connect , new connect ip is  192.168.43.186
[50439.275316]                           old connect ip is  192.168.43.237
[50439.281964]                                     but it isn't seted ip , so close it
[50439.795575] accepted a http connect , new connect ip is  192.168.43.186
[50439.802343]                           old connect ip is  192.168.43.237
[50439.808995]                                     but it isn't seted ip , so close it
[50440.338242] accepted a http connect , new connect ip is  192.168.43.186
[50440.345008]                           old connect ip is  192.168.43.237
[50440.351669]                                     but it isn't seted ip , so close it
[50440.869241] accepted a http connect , new connect ip is  192.168.43.186
[50440.876162]                           old connect ip is  192.168.43.237
[50440.882836]                                     but it isn't seted ip , so close it
[50441.410406] accepted a http connect , new connect ip is  192.168.43.186
[50441.417283]                           old connect ip is  192.168.43.237
[50441.424145]                                     but it isn't seted ip , so close it
[50441.943101] accepted a http connect , new connect ip is  192.168.43.186
[50441.949862]                           old connect ip is  192.168.43.237
[50441.956540]                                     but it isn't seted ip , so close it
[50442.478045] accepted a http connect , new connect ip is  192.168.43.186
[50442.484895]                           old connect ip is  192.168.43.237
[50442.491573]                                     but it isn't seted ip , so close it
[50443.018110] accepted a http connect , new connect ip is  192.168.43.186
[50443.024853]                           old connect ip is  192.168.43.237
[50443.031499]                                     but it isn't seted ip , so close it
[50443.557994] accepted a http connect , new connect ip is  192.168.43.186
[50443.564743]                           old connect ip is  192.168.43.237
[50443.571417]                                     but it isn't seted ip , so close it
[50444.097972] accepted a http connect , new connect ip is  192.168.43.186
[50444.104722]                           old connect ip is  192.168.43.237
[50444.111366]                                     but it isn't seted ip , so close it
[50444.629142] accepted a http connect , new connect ip is  192.168.43.186
[50444.635963]                           old connect ip is  192.168.43.237
[50444.642616]                                     but it isn't seted ip , so close it
[50445.168102] accepted a http connect , new connect ip is  192.168.43.186
[50445.174853]                           old connect ip is  192.168.43.237
[50445.181521]                                     but it isn't seted ip , so close it
[50445.709705] accepted a http connect , new connect ip is  192.168.43.186
[50445.716462]                           old connect ip is  192.168.43.237
[50445.723115]                                     but it isn't seted ip , so close it
[50446.248381] accepted a http connect , new connect ip is  192.168.43.186
[50446.255193]                           old connect ip is  192.168.43.237
[50446.261864]                                     but it isn't seted ip , so close it
[50446.776034] accepted a http connect , new connect ip is  192.168.43.186
[50446.782781]                           old connect ip is  192.168.43.237
[50446.789497]                                     but it isn't seted ip , so close it
[50447.318068] accepted a http connect , new connect ip is  192.168.43.186
[50447.324861]                           old connect ip is  192.168.43.237
[50447.331513]                                     but it isn't seted ip , so close it
[50447.850395] accepted a http connect , new connect ip is  192.168.43.186
[50447.857177]                           old connect ip is  192.168.43.237
[50447.863836]                                     but it isn't seted ip , so close it
[50448.397926] accepted a http connect , new connect ip is  192.168.43.186
[50448.404702]                           old connect ip is  192.168.43.237
[50448.411377]                                     but it isn't seted ip , so close it
[50448.924870] accepted a http connect , new connect ip is  192.168.43.186
[50448.931627]                           old connect ip is  192.168.43.237
[50448.938340]                                     but it isn't seted ip , so close it
[50449.458225] accepted a http connect , new connect ip is  192.168.43.186
[50449.465049]                           old connect ip is  192.168.43.237
[50449.471762]                                     but it isn't seted ip , so close it
[50449.998012] accepted a http connect , new connect ip is  192.168.43.186
[50450.004843]                           old connect ip is  192.168.43.237
[50450.011496]                                     but it isn't seted ip , so close it
[50450.538336] accepted a http connect , new connect ip is  192.168.43.186
[50450.545064]                           old connect ip is  192.168.43.237
[50450.551746]                                     but it isn't seted ip , so close it
[50451.077920] accepted a http connect , new connect ip is  192.168.43.186
[50451.084663]                           old connect ip is  192.168.43.237
[50451.091309]                                     but it isn't seted ip , so close it
[50451.607947] accepted a http connect , new connect ip is  192.168.43.186
[50451.614746]                           old connect ip is  192.168.43.237
[50451.621402]                                     but it isn't seted ip , so close it
[50452.137995] accepted a http connect , new connect ip is  192.168.43.186
[50452.144754]                           old connect ip is  192.168.43.237
[50452.151410]                                     but it isn't seted ip , so close it
[50452.678120] accepted a http connect , new connect ip is  192.168.43.186
[50452.684892]                           old connect ip is  192.168.43.237
[50452.691536]                                     but it isn't seted ip , so close it
[50453.223059] accepted a http connect , new connect ip is  192.168.43.186
[50453.229769]                           old connect ip is  192.168.43.237
[50453.236492]                                     but it isn't seted ip , so close it
[50453.750542] accepted a http connect , new connect ip is  192.168.43.186
[50453.757467]                           old connect ip is  192.168.43.237
[50453.764190]                                     but it isn't seted ip , so close it
[50454.298340] accepted a http connect , new connect ip is  192.168.43.186
[50454.305180]                           old connect ip is  192.168.43.237
[50454.311890]                                     but it isn't seted ip , so close it
[50454.829282] accepted a http connect , new connect ip is  192.168.43.186
[50454.836052]                           old connect ip is  192.168.43.237
[50454.842751]                                     but it isn't seted ip , so close it
[50455.368023] accepted a http connect , new connect ip is  192.168.43.186
[50455.374827]                           old connect ip is  192.168.43.237
[50455.381483]                                     but it isn't seted ip , so close it
[50455.896302] accepted a http connect , new connect ip is  192.168.43.186
[50455.903061]                           old connect ip is  192.168.43.237
[50455.909712]                                     but it isn't seted ip , so close it
[50456.437700] accepted a http connect , new connect ip is  192.168.43.186
[50456.444523]                           old connect ip is  192.168.43.237
[50456.451196]                                     but it isn't seted ip , so close it
[50456.964510] accepted a http connect , new connect ip is  192.168.43.186
[50456.971246]                           old connect ip is  192.168.43.237
[50456.977915]                                     but it isn't seted ip , so close it
[50457.497990] accepted a http connect , new connect ip is  192.168.43.186
[50457.504748]                           old connect ip is  192.168.43.237
[50457.511395]                                     but it isn't seted ip , so close it
[50458.027766] accepted a http connect , new connect ip is  192.168.43.186
[50458.034592]                           old connect ip is  192.168.43.237
[50458.041236]                                     but it isn't seted ip , so close it
[50458.557878] accepted a http connect , new connect ip is  192.168.43.186
[50458.564637]                           old connect ip is  192.168.43.237
[50458.571306]                                     but it isn't seted ip , so close it
[50459.088038] accepted a http connect , new connect ip is  192.168.43.186
[50459.094832]                           old connect ip is  192.168.43.237
[50459.101477]                                     but it isn't seted ip , so close it
[50459.616214] accepted a http connect , new connect ip is  192.168.43.186
[50459.623027]                           old connect ip is  192.168.43.237
[50459.629678]                                     but it isn't seted ip , so close it
[50460.157850] accepted a http connect , new connect ip is  192.168.43.186
[50460.164631]                           old connect ip is  192.168.43.237
[50460.171277]                                     but it isn't seted ip , so close it
[50460.687851] accepted a http connect , new connect ip is  192.168.43.186
[50460.694632]                           old connect ip is  192.168.43.237
[50460.701273]                                     but it isn't seted ip , so close it
[50461.217830] accepted a http connect , new connect ip is  192.168.43.186
[50461.224578]                           old connect ip is  192.168.43.237
[50461.231311]                                     but it isn't seted ip , so close it
[50461.757786] accepted a http connect , new connect ip is  192.168.43.186
[50461.764608]                           old connect ip is  192.168.43.237
[50461.771255]                                     but it isn't seted ip , so close it
[50462.297854] accepted a http connect , new connect ip is  192.168.43.186
[50462.304641]                           old connect ip is  192.168.43.237
[50462.311296]                                     but it isn't seted ip , so close it
[50462.826819] accepted a http connect , new connect ip is  192.168.43.186
[50462.833578]                           old connect ip is  192.168.43.237
[50462.840228]                                     but it isn't seted ip , so close it
[50463.353532] accepted a http connect , new connect ip is  192.168.43.186
[50463.360289]                           old connect ip is  192.168.43.237
[50463.366985]                                     but it isn't seted ip , so close it
[50463.880817] accepted a http connect , new connect ip is  192.168.43.186
[50463.887561]                           old connect ip is  192.168.43.237
[50463.894226]                                     but it isn't seted ip , so close it
[50464.417768] accepted a http connect , new connect ip is  192.168.43.186
[50464.424528]                           old connect ip is  192.168.43.237
[50464.431205]                                     but it isn't seted ip , so close it
[50464.944569] accepted a http connect , new connect ip is  192.168.43.186
[50464.951315]                           old connect ip is  192.168.43.237
[50464.957991]                                     but it isn't seted ip , so close it
[50465.478579] accepted a http connect , new connect ip is  192.168.43.186
[50465.485364]                           old connect ip is  192.168.43.237
[50465.492083]                                     but it isn't seted ip , so close it
[50466.007982] accepted a http connect , new connect ip is  192.168.43.186
[50466.014899]                           old connect ip is  192.168.43.237
[50466.021580]                                     but it isn't seted ip , so close it
[50466.547704] accepted a http connect , new connect ip is  192.168.43.186
[50466.554468]                           old connect ip is  192.168.43.237
[50466.561133]                                     but it isn't seted ip , so close it
[50467.077813] accepted a http connect , new connect ip is  192.168.43.186
[50467.084635]                           old connect ip is  192.168.43.237
[50467.091292]                                     but it isn't seted ip , so close it
[50467.607800] accepted a http connect , new connect ip is  192.168.43.186
[50467.614547]                           old connect ip is  192.168.43.237
[50467.621212]                                     but it isn't seted ip , so close it
[50468.147971] accepted a http connect , new connect ip is  192.168.43.186
[50468.154743]                           old connect ip is  192.168.43.237
[50468.161387]                                     but it isn't seted ip , so close it
[50468.687846] accepted a http connect , new connect ip is  192.168.43.186
[50468.694626]                           old connect ip is  192.168.43.237
[50468.701294]                                     but it isn't seted ip , so close it
[50469.217719] accepted a http connect , new connect ip is  192.168.43.186
[50469.224454]                           old connect ip is  192.168.43.237
[50469.231105]                                     but it isn't seted ip , so close it
[50469.747742] accepted a http connect , new connect ip is  192.168.43.186
[50469.754484]                           old connect ip is  192.168.43.237
[50469.761136]                                     but it isn't seted ip , so close it
[50470.287677] accepted a http connect , new connect ip is  192.168.43.186
[50470.294450]                           old connect ip is  192.168.43.237
[50470.301101]                                     but it isn't seted ip , so close it
[50470.817178] accepted a http connect , new connect ip is  192.168.43.186
[50470.823903]                           old connect ip is  192.168.43.237
[50470.830548]                                     but it isn't seted ip , so close it
[50471.348087] accepted a http connect , new connect ip is  192.168.43.186
[50471.354897]                           old connect ip is  192.168.43.237
[50471.361576]                                     but it isn't seted ip , so close it
[50471.877374] accepted a http connect , new connect ip is  192.168.43.186
[50471.884145]                           old connect ip is  192.168.43.237
[50471.890800]                                     but it isn't seted ip , so close it
[50472.417761] accepted a http connect , new connect ip is  192.168.43.186
[50472.424517]                           old connect ip is  192.168.43.237
[50472.431163]                                     but it isn't seted ip , so close it
[50472.943973] accepted a http connect , new connect ip is  192.168.43.186
[50472.950724]                           old connect ip is  192.168.43.237
[50472.957387]                                     but it isn't seted ip , so close it
[50473.477652] accepted a http connect , new connect ip is  192.168.43.186
[50473.484399]                           old connect ip is  192.168.43.237
[50473.491066]                                     but it isn't seted ip , so close it
[50474.004192] accepted a http connect , new connect ip is  192.168.43.186
[50474.011007]                           old connect ip is  192.168.43.237
[50474.017823]                                     but it isn't seted ip , so close it
[50474.538318] accepted a http connect , new connect ip is  192.168.43.186
[50474.545046]                           old connect ip is  192.168.43.237
[50474.551753]                                     but it isn't seted ip , so close it
[50475.077817] accepted a http connect , new connect ip is  192.168.43.186
[50475.084547]                           old connect ip is  192.168.43.237
[50475.091191]                                     but it isn't seted ip , so close it
[50475.607771] accepted a http connect , new connect ip is  192.168.43.186
[50475.614537]                           old connect ip is  192.168.43.237
[50475.621181]                                     but it isn't seted ip , so close it
[50476.147640] accepted a http connect , new connect ip is  192.168.43.186
[50476.154397]                           old connect ip is  192.168.43.237
[50476.161071]                                     but it isn't seted ip , so close it
[50476.688293] accepted a http connect , new connect ip is  192.168.43.186
[50476.695076]                           old connect ip is  192.168.43.237
[50476.701731]                                     but it isn't seted ip , so close it
[50477.227822] accepted a http connect , new connect ip is  192.168.43.186
[50477.234714]                           old connect ip is  192.168.43.237
[50477.241381]                                     but it isn't seted ip , so close it
[50477.757537] accepted a http connect , new connect ip is  192.168.43.186
[50477.764313]                           old connect ip is  192.168.43.237
[50477.770975]                                     but it isn't seted ip , so close it
[50478.297789] accepted a http connect , new connect ip is  192.168.43.186
[50478.304636]                           old connect ip is  192.168.43.237
[50478.311391]                                     but it isn't seted ip , so close it
[50478.825565] accepted a http connect , new connect ip is  192.168.43.186
[50478.832313]                           old connect ip is  192.168.43.237
[50478.838976]                                     but it isn't seted ip , so close it
[50479.357768] accepted a http connect , new connect ip is  192.168.43.186
[50479.364502]                           old connect ip is  192.168.43.237
[50479.371169]                                     but it isn't seted ip , so close it
[50479.884385] accepted a http connect , new connect ip is  192.168.43.186
[50479.891153]                           old connect ip is  192.168.43.237
[50479.897833]                                     but it isn't seted ip , so close it
[50480.417956] accepted a http connect , new connect ip is  192.168.43.186
[50480.424729]                           old connect ip is  192.168.43.237
[50480.431388]                                     but it isn't seted ip , so close it
[50480.947136] accepted a http connect , new connect ip is  192.168.43.186
[50480.953924]                           old connect ip is  192.168.43.237
[50480.960646]                                     but it isn't seted ip , so close it
[50481.487515] accepted a http connect , new connect ip is  192.168.43.186
[50481.494281]                           old connect ip is  192.168.43.237
[50481.500926]                                     but it isn't seted ip , so close it
[50482.013936] accepted a http connect , new connect ip is  192.168.43.186
[50482.020677]                           old connect ip is  192.168.43.237
[50482.027337]                                     but it isn't seted ip , so close it
[50482.547847] accepted a http connect , new connect ip is  192.168.43.186
[50482.554669]                           old connect ip is  192.168.43.237
[50482.561366]                                     but it isn't seted ip , so close it
[50483.088488] accepted a http connect , new connect ip is  192.168.43.186
[50483.095378]                           old connect ip is  192.168.43.237
[50483.102070]                                     but it isn't seted ip , so close it
[50483.627738] accepted a http connect , new connect ip is  192.168.43.186
[50483.634526]                           old connect ip is  192.168.43.237
[50483.641253]                                     but it isn't seted ip , so close it
[50484.167921] accepted a http connect , new connect ip is  192.168.43.186
[50484.174715]                           old connect ip is  192.168.43.237
[50484.181372]                                     but it isn't seted ip , so close it
[50484.707641] accepted a http connect , new connect ip is  192.168.43.186
[50484.714409]                           old connect ip is  192.168.43.237
[50484.721062]                                     but it isn't seted ip , so close it
[50485.247654] accepted a http connect , new connect ip is  192.168.43.186
[50485.254428]                           old connect ip is  192.168.43.237
[50485.261079]                                     but it isn't seted ip , so close it
[50485.777622] accepted a http connect , new connect ip is  192.168.43.186
[50485.784360]                           old connect ip is  192.168.43.237
[50485.791022]                                     but it isn't seted ip , so close it
[50486.305942] accepted a http connect , new connect ip is  192.168.43.186
[50486.312695]                           old connect ip is  192.168.43.237
[50486.319352]                                     but it isn't seted ip , so close it
[50486.832974] accepted a http connect , new connect ip is  192.168.43.186
[50486.839872]                           old connect ip is  192.168.43.237
[50486.846535]                                     but it isn't seted ip , so close it
[50487.370971] accepted a http connect , new connect ip is  192.168.43.186
[50487.377763]                           old connect ip is  192.168.43.237
[50487.384419]                                     but it isn't seted ip , so close it
[50487.900886] accepted a http connect , new connect ip is  192.168.43.186
[50487.907624]                           old connect ip is  192.168.43.237
[50487.914283]                                     but it isn't seted ip , so close it
[50488.437660] accepted a http connect , new connect ip is  192.168.43.186
[50488.444440]                           old connect ip is  192.168.43.237
[50488.451095]                                     but it isn't seted ip , so close it
[50488.971000] accepted a http connect , new connect ip is  192.168.43.186
[50488.977765]                           old connect ip is  192.168.43.237
[50488.984419]                                     but it isn't seted ip , so close it
[50489.507963] accepted a http connect , new connect ip is  192.168.43.186
[50489.514808]                           old connect ip is  192.168.43.237
[50489.521477]                                     but it isn't seted ip , so close it
[50490.039253] accepted a http connect , new connect ip is  192.168.43.186
[50490.046027]                           old connect ip is  192.168.43.237
[50490.052714]                                     but it isn't seted ip , so close it
[50490.577563] accepted a http connect , new connect ip is  192.168.43.186
[50490.584316]                           old connect ip is  192.168.43.237
[50490.590980]                                     but it isn't seted ip , so close it
[50491.117669] accepted a http connect , new connect ip is  192.168.43.186
[50491.124415]                           old connect ip is  192.168.43.237
[50491.131060]                                     but it isn't seted ip , so close it
[50491.647660] accepted a http connect , new connect ip is  192.168.43.186
[50491.654459]                           old connect ip is  192.168.43.237
[50491.661111]                                     but it isn't seted ip , so close it
[50492.187601] accepted a http connect , new connect ip is  192.168.43.186
[50492.194439]                           old connect ip is  192.168.43.237
[50492.201084]                                     but it isn't seted ip , so close it
[50492.717469] accepted a http connect , new connect ip is  192.168.43.186
[50492.724223]                           old connect ip is  192.168.43.237
[50492.730872]                                     but it isn't seted ip , so close it
[50493.247673] accepted a http connect , new connect ip is  192.168.43.186
[50493.254426]                           old connect ip is  192.168.43.237
[50493.261079]                                     but it isn't seted ip , so close it
[50493.777674] accepted a http connect , new connect ip is  192.168.43.186
[50493.784378]                           old connect ip is  192.168.43.237
[50493.791041]                                     but it isn't seted ip , so close it
[50494.307631] accepted a http connect , new connect ip is  192.168.43.186
[50494.314301]                           old connect ip is  192.168.43.237
[50494.320969]                                     but it isn't seted ip , so close it
[50494.839084] accepted a http connect , new connect ip is  192.168.43.186
[50494.845751]                           old connect ip is  192.168.43.237
[50494.852404]                                     but it isn't seted ip , so close it
[50495.377614] accepted a http connect , new connect ip is  192.168.43.186
[50495.384383]                           old connect ip is  192.168.43.237
[50495.391289]                                     but it isn't seted ip , so close it
[50495.909023] accepted a http connect , new connect ip is  192.168.43.186
[50495.915830]                           old connect ip is  192.168.43.237
[50495.922521]                                     but it isn't seted ip , so close it
[50496.447567] accepted a http connect , new connect ip is  192.168.43.186
[50496.454321]                           old connect ip is  192.168.43.237
[50496.460986]                                     but it isn't seted ip , so close it
[50496.974826] accepted a http connect , new connect ip is  192.168.43.186
[50496.981577]                           old connect ip is  192.168.43.237
[50496.988240]                                     but it isn't seted ip , so close it
[50497.507650] accepted a http connect , new connect ip is  192.168.43.186
[50497.514440]                           old connect ip is  192.168.43.237
[50497.521097]                                     but it isn't seted ip , so close it
[50498.034602] accepted a http connect , new connect ip is  192.168.43.186
[50498.041427]                           old connect ip is  192.168.43.237
[50498.048151]                                     but it isn't seted ip , so close it
[50498.567648] accepted a http connect , new connect ip is  192.168.43.186
[50498.574516]                           old connect ip is  192.168.43.237
[50498.581217]                                     but it isn't seted ip , so close it
[50499.107366] accepted a http connect , new connect ip is  192.168.43.186
[50499.114111]                           old connect ip is  192.168.43.237
[50499.120759]                                     but it isn't seted ip , so close it
[50499.638786] accepted a http connect , new connect ip is  192.168.43.186
[50499.645525]                           old connect ip is  192.168.43.237
[50499.652192]                                     but it isn't seted ip , so close it
[50500.165624] accepted a http connect , new connect ip is  192.168.43.186
[50500.172385]                           old connect ip is  192.168.43.237
[50500.179055]                                     but it isn't seted ip , so close it
[50500.692731] accepted a http connect , new connect ip is  192.168.43.186
[50500.699526]                           old connect ip is  192.168.43.237
[50500.706199]                                     but it isn't seted ip , so close it
[50501.227677] accepted a http connect , new connect ip is  192.168.43.186
[50501.234467]                           old connect ip is  192.168.43.237
[50501.241143]                                     but it isn't seted ip , so close it
[50501.767649] accepted a http connect , new connect ip is  192.168.43.186
[50501.774534]                           old connect ip is  192.168.43.237
[50501.781268]                                     but it isn't seted ip , so close it
[50502.307592] accepted a http connect , new connect ip is  192.168.43.186
[50502.314340]                           old connect ip is  192.168.43.237
[50502.320991]                                     but it isn't seted ip , so close it
[50502.837408] accepted a http connect , new connect ip is  192.168.43.186
[50502.844185]                           old connect ip is  192.168.43.237
[50502.850841]                                     but it isn't seted ip , so close it
[50503.377366] accepted a http connect , new connect ip is  192.168.43.186
[50503.384107]                           old connect ip is  192.168.43.237
[50503.390757]                                     but it isn't seted ip , so close it
[50503.903842] accepted a http connect , new connect ip is  192.168.43.186
[50503.910626]                           old connect ip is  192.168.43.237
[50503.917294]                                     but it isn't seted ip , so close it
[50504.437295] accepted a http connect , new connect ip is  192.168.43.186
[50504.444049]                           old connect ip is  192.168.43.237
[50504.450708]                                     but it isn't seted ip , so close it
[50504.966349] accepted a http connect , new connect ip is  192.168.43.186
[50504.973093]                           old connect ip is  192.168.43.237
[50504.979764]                                     but it isn't seted ip , so close it
[50505.508169] accepted a http connect , new connect ip is  192.168.43.186
[50505.514918]                           old connect ip is  192.168.43.237
[50505.521579]                                     but it isn't seted ip , so close it
[50506.035638] accepted a http connect , new connect ip is  192.168.43.186
[50506.042484]                           old connect ip is  192.168.43.237
[50506.049131]                                     but it isn't seted ip , so close it
[50506.577354] accepted a http connect , new connect ip is  192.168.43.186
[50506.584127]                           old connect ip is  192.168.43.237
[50506.590772]                                     but it isn't seted ip , so close it
[50507.117353] accepted a http connect , new connect ip is  192.168.43.186
[50507.124112]                           old connect ip is  192.168.43.237
[50507.130759]                                     but it isn't seted ip , so close it
[50507.658600] accepted a http connect , new connect ip is  192.168.43.186
[50507.665375]                           old connect ip is  192.168.43.237
[50507.672049]                                     but it isn't seted ip , so close it
[50508.197257] accepted a http connect , new connect ip is  192.168.43.186
[50508.204003]                           old connect ip is  192.168.43.237
[50508.210646]                                     but it isn't seted ip , so close it
[50508.737405] accepted a http connect , new connect ip is  192.168.43.186
[50508.744271]                           old connect ip is  192.168.43.237
[50508.750987]                                     but it isn't seted ip , so close it
[50509.277298] accepted a http connect , new connect ip is  192.168.43.186
[50509.284105]                           old connect ip is  192.168.43.237
[50509.290758]                                     but it isn't seted ip , so close it
[50509.817362] accepted a http connect , new connect ip is  192.168.43.186
[50509.824114]                           old connect ip is  192.168.43.237
[50509.830757]                                     but it isn't seted ip , so close it
[50510.347288] accepted a http connect , new connect ip is  192.168.43.186
[50510.354050]                           old connect ip is  192.168.43.237
[50510.360707]                                     but it isn't seted ip , so close it
[50510.876229] accepted a http connect , new connect ip is  192.168.43.186
[50510.882975]                           old connect ip is  192.168.43.237
[50510.889631]                                     but it isn't seted ip , so close it
[50511.405013] accepted a http connect , new connect ip is  192.168.43.186
[50511.411767]                           old connect ip is  192.168.43.237
[50511.418438]                                     but it isn't seted ip , so close it
[50511.931822] accepted a http connect , new connect ip is  192.168.43.186
[50511.938622]                           old connect ip is  192.168.43.237
[50511.945289]                                     but it isn't seted ip , so close it
[50512.467631] accepted a http connect , new connect ip is  192.168.43.186
[50512.474518]                           old connect ip is  192.168.43.237
[50512.481188]                                     but it isn't seted ip , so close it
[50512.994776] accepted a http connect , new connect ip is  192.168.43.186
[50513.001494]                           old connect ip is  192.168.43.237
[50513.008156]                                     but it isn't seted ip , so close it
[50513.528297] accepted a http connect , new connect ip is  192.168.43.186
[50513.535099]                           old connect ip is  192.168.43.237
[50513.541781]                                     but it isn't seted ip , so close it
[50514.060351] accepted a http connect , new connect ip is  192.168.43.186
[50514.067018]                           old connect ip is  192.168.43.237
[50514.073669]                                     but it isn't seted ip , so close it
[50514.597285] accepted a http connect , new connect ip is  192.168.43.186
[50514.603949]                           old connect ip is  192.168.43.237
[50514.610588]                                     but it isn't seted ip , so close it
[50515.137294] accepted a http connect , new connect ip is  192.168.43.186
[50515.144036]                           old connect ip is  192.168.43.237
[50515.150743]                                     but it isn't seted ip , so close it
[50515.667425] accepted a http connect , new connect ip is  192.168.43.186
[50515.674213]                           old connect ip is  192.168.43.237
[50515.680875]                                     but it isn't seted ip , so close it
[50516.197322] accepted a http connect , new connect ip is  192.168.43.186
[50516.204134]                           old connect ip is  192.168.43.237
[50516.210778]                                     but it isn't seted ip , so close it
[50516.727575] accepted a http connect , new connect ip is  192.168.43.186
[50516.734374]                           old connect ip is  192.168.43.237
[50516.741020]                                     but it isn't seted ip , so close it
[50517.267424] accepted a http connect , new connect ip is  192.168.43.186
[50517.274186]                           old connect ip is  192.168.43.237
[50517.280824]                                     but it isn't seted ip , so close it
[50517.807381] accepted a http connect , new connect ip is  192.168.43.186
[50517.814198]                           old connect ip is  192.168.43.237
[50517.820858]                                     but it isn't seted ip , so close it
[50518.347341] accepted a http connect , new connect ip is  192.168.43.186
[50518.354104]                           old connect ip is  192.168.43.237
[50518.360759]                                     but it isn't seted ip , so close it
[50518.880036] accepted a http connect , new connect ip is  192.168.43.186
[50518.886829]                           old connect ip is  192.168.43.237
[50518.893565]                                     but it isn't seted ip , so close it
[50519.417239] accepted a http connect , new connect ip is  192.168.43.186
[50519.424177]                           old connect ip is  192.168.43.237
[50519.430900]                                     but it isn't seted ip , so close it
[50519.945984] accepted a http connect , new connect ip is  192.168.43.186
[50519.952791]                           old connect ip is  192.168.43.237
[50519.959462]                                     but it isn't seted ip , so close it
[50520.487250] accepted a http connect , new connect ip is  192.168.43.186
[50520.494031]                           old connect ip is  192.168.43.237
[50520.500690]                                     but it isn't seted ip , so close it
[50521.014113] accepted a http connect , new connect ip is  192.168.43.186
[50521.020875]                           old connect ip is  192.168.43.237
[50521.027541]                                     but it isn't seted ip , so close it
[50521.547254] accepted a http connect , new connect ip is  192.168.43.186
[50521.554000]                           old connect ip is  192.168.43.237
[50521.560675]                                     but it isn't seted ip , so close it
[50522.074267] accepted a http connect , new connect ip is  192.168.43.186
[50522.081121]                           old connect ip is  192.168.43.237
[50522.087791]                                     but it isn't seted ip , so close it
[50522.607255] accepted a http connect , new connect ip is  192.168.43.186
[50522.614028]                           old connect ip is  192.168.43.237
[50522.620719]                                     but it isn't seted ip , so close it
[50523.147314] accepted a http connect , new connect ip is  192.168.43.186
[50523.154062]                           old connect ip is  192.168.43.237
[50523.160715]                                     but it isn't seted ip , so close it
[50523.676586] accepted a http connect , new connect ip is  192.168.43.186
[50523.683350]                           old connect ip is  192.168.43.237
[50523.690048]                                     but it isn't seted ip , so close it
[50524.217446] accepted a http connect , new connect ip is  192.168.43.186
[50524.224284]                           old connect ip is  192.168.43.237
[50524.230974]                                     but it isn't seted ip , so close it
[50524.757291] accepted a http connect , new connect ip is  192.168.43.186
[50524.764048]                           old connect ip is  192.168.43.237
[50524.770701]                                     but it isn't seted ip , so close it
[50525.297255] accepted a http connect , new connect ip is  192.168.43.186
[50525.304021]                           old connect ip is  192.168.43.237
[50525.310686]                                     but it isn't seted ip , so close it
[50525.837547] accepted a http connect , new connect ip is  192.168.43.186
[50525.844421]                           old connect ip is  192.168.43.237
[50525.851121]                                     but it isn't seted ip , so close it
[50526.377360] accepted a http connect , new connect ip is  192.168.43.186
[50526.384108]                           old connect ip is  192.168.43.237
[50526.390759]                                     but it isn't seted ip , so close it
[50526.905390] accepted a http connect , new connect ip is  192.168.43.186
[50526.912145]                           old connect ip is  192.168.43.237
[50526.918829]                                     but it isn't seted ip , so close it
[50527.437921] accepted a http connect , new connect ip is  192.168.43.186
[50527.444677]                           old connect ip is  192.168.43.237
[50527.451327]                                     but it isn't seted ip , so close it
[50527.966307] accepted a http connect , new connect ip is  192.168.43.186
[50527.973078]                           old connect ip is  192.168.43.237
[50527.979770]                                     but it isn't seted ip , so close it
[50528.507234] accepted a http connect , new connect ip is  192.168.43.186
[50528.513997]                           old connect ip is  192.168.43.237
[50528.520665]                                     but it isn't seted ip , so close it
[50529.034801] accepted a http connect , new connect ip is  192.168.43.186
[50529.041641]                           old connect ip is  192.168.43.237
[50529.048321]                                     but it isn't seted ip , so close it
[50529.562944] accepted a http connect , new connect ip is  192.168.43.186
[50529.569692]                           old connect ip is  192.168.43.237
[50529.576356]                                     but it isn't seted ip , so close it
[50530.092785] accepted a http connect , new connect ip is  192.168.43.186
[50530.099530]                           old connect ip is  192.168.43.237
[50530.106185]                                     but it isn't seted ip , so close it
[50530.627419] accepted a http connect , new connect ip is  192.168.43.186
[50530.634223]                           old connect ip is  192.168.43.237
[50530.640870]                                     but it isn't seted ip , so close it
[50531.169482] accepted a http connect , new connect ip is  192.168.43.186
[50531.176268]                           old connect ip is  192.168.43.237
[50531.182989]                                     but it isn't seted ip , so close it
[50531.707624] accepted a http connect , new connect ip is  192.168.43.186
[50531.714514]                           old connect ip is  192.168.43.237
[50531.721238]                                     but it isn't seted ip , so close it
[50532.247372] accepted a http connect , new connect ip is  192.168.43.186
[50532.254114]                           old connect ip is  192.168.43.237
[50532.260780]                                     but it isn't seted ip , so close it
[50532.787120] accepted a http connect , new connect ip is  192.168.43.186
[50532.793876]                           old connect ip is  192.168.43.237
[50532.800542]                                     but it isn't seted ip , so close it
[50533.317247] accepted a http connect , new connect ip is  192.168.43.186
[50533.323978]                           old connect ip is  192.168.43.237
[50533.330627]                                     but it isn't seted ip , so close it
[50533.847324] accepted a http connect , new connect ip is  192.168.43.186
[50533.854092]                           old connect ip is  192.168.43.237
[50533.860771]                                     but it isn't seted ip , so close it
[50534.377075] accepted a http connect , new connect ip is  192.168.43.186
[50534.383814]                           old connect ip is  192.168.43.237
[50534.390526]                                     but it isn't seted ip , so close it
[50534.903792] accepted a http connect , new connect ip is  192.168.43.186
[50534.910566]                           old connect ip is  192.168.43.237
[50534.917283]                                     but it isn't seted ip , so close it
[50535.436934] accepted a http connect , new connect ip is  192.168.43.186
[50535.443680]                           old connect ip is  192.168.43.237
[50535.450334]                                     but it isn't seted ip , so close it
[50535.964609] accepted a http connect , new connect ip is  192.168.43.186
[50535.971345]                           old connect ip is  192.168.43.237
[50535.978031]                                     but it isn't seted ip , so close it
[50536.497144] accepted a http connect , new connect ip is  192.168.43.186
[50536.503886]                           old connect ip is  192.168.43.237
[50536.510540]                                     but it isn't seted ip , so close it
[50537.027545] accepted a http connect , new connect ip is  192.168.43.186
[50537.034294]                           old connect ip is  192.168.43.237
[50537.040958]                                     but it isn't seted ip , so close it
[50537.567380] accepted a http connect , new connect ip is  192.168.43.186
[50537.574323]                           old connect ip is  192.168.43.237
[50537.581081]                                     but it isn't seted ip , so close it
[50538.102658] accepted a http connect , new connect ip is  192.168.43.186
[50538.109330]                           old connect ip is  192.168.43.237
[50538.115976]                                     but it isn't seted ip , so close it
[50538.637173] accepted a http connect , new connect ip is  192.168.43.186
[50538.643935]                           old connect ip is  192.168.43.237
[50538.650584]                                     but it isn't seted ip , so close it
[50539.177100] accepted a http connect , new connect ip is  192.168.43.186
[50539.183856]                           old connect ip is  192.168.43.237
[50539.190507]                                     but it isn't seted ip , so close it
[50539.717074] accepted a http connect , new connect ip is  192.168.43.186
[50539.723814]                           old connect ip is  192.168.43.237
[50539.730489]                                     but it isn't seted ip , so close it
[50540.247117] accepted a http connect , new connect ip is  192.168.43.186
[50540.253892]                           old connect ip is  192.168.43.237
[50540.260551]                                     but it isn't seted ip , so close it
[50540.787249] accepted a http connect , new connect ip is  192.168.43.186
[50540.794008]                           old connect ip is  192.168.43.237
[50540.800667]                                     but it isn't seted ip , so close it
[50541.317165] accepted a http connect , new connect ip is  192.168.43.186
[50541.323849]                           old connect ip is  192.168.43.237
[50541.330625]                                     but it isn't seted ip , so close it
[50541.847275] accepted a http connect , new connect ip is  192.168.43.186
[50541.854058]                           old connect ip is  192.168.43.237
[50541.860730]                                     but it isn't seted ip , so close it
[50542.387140] accepted a http connect , new connect ip is  192.168.43.186
[50542.394127]                           old connect ip is  192.168.43.237
[50542.400783]                                     but it isn't seted ip , so close it
[50542.919764] accepted a http connect , new connect ip is  192.168.43.186
[50542.926577]                           old connect ip is  192.168.43.237
[50542.933297]                                     but it isn't seted ip , so close it
[50543.457819] accepted a http connect , new connect ip is  192.168.43.186
[50543.464597]                           old connect ip is  192.168.43.237
[50543.471261]                                     but it isn't seted ip , so close it
[50543.987661] accepted a http connect , new connect ip is  192.168.43.186
[50543.994395]                           old connect ip is  192.168.43.237
[50544.001068]                                     but it isn't seted ip , so close it
[50544.527122] accepted a http connect , new connect ip is  192.168.43.186
[50544.533873]                           old connect ip is  192.168.43.237
[50544.540612]                                     but it isn't seted ip , so close it
[50545.054118] accepted a http connect , new connect ip is  192.168.43.186
[50545.060881]                           old connect ip is  192.168.43.237
[50545.067535]                                     but it isn't seted ip , so close it
[50545.587616] accepted a http connect , new connect ip is  192.168.43.186
[50545.594463]                           old connect ip is  192.168.43.237
[50545.601142]                                     but it isn't seted ip , so close it
[50546.115177] accepted a http connect , new connect ip is  192.168.43.186
[50546.121904]                           old connect ip is  192.168.43.237
[50546.128564]                                     but it isn't seted ip , so close it
[50546.641657] accepted a http connect , new connect ip is  192.168.43.186
[50546.648419]                           old connect ip is  192.168.43.237
[50546.655084]                                     but it isn't seted ip , so close it
[50547.177196] accepted a http connect , new connect ip is  192.168.43.186
[50547.183932]                           old connect ip is  192.168.43.237
[50547.190582]                                     but it isn't seted ip , so close it
[50547.706926] accepted a http connect , new connect ip is  192.168.43.186
[50547.713740]                           old connect ip is  192.168.43.237
[50547.720393]                                     but it isn't seted ip , so close it
[50548.237212] accepted a http connect , new connect ip is  192.168.43.186
[50548.243981]                           old connect ip is  192.168.43.237
[50548.250657]                                     but it isn't seted ip , so close it
[50548.777117] accepted a http connect , new connect ip is  192.168.43.186
[50548.783857]                           old connect ip is  192.168.43.237
[50548.790522]                                     but it isn't seted ip , so close it
[50549.317359] accepted a http connect , new connect ip is  192.168.43.186
[50549.324155]                           old connect ip is  192.168.43.237
[50549.330816]                                     but it isn't seted ip , so close it
[50549.857696] accepted a http connect , new connect ip is  192.168.43.186
[50549.864486]                           old connect ip is  192.168.43.237
[50549.871146]                                     but it isn't seted ip , so close it
[50550.398104] accepted a http connect , new connect ip is  192.168.43.186
[50550.404883]                           old connect ip is  192.168.43.237
[50550.411529]                                     but it isn't seted ip , so close it
[50550.929758] accepted a http connect , new connect ip is  192.168.43.186
[50550.936549]                           old connect ip is  192.168.43.237
[50550.943223]                                     but it isn't seted ip , so close it
[50551.467868] accepted a http connect , new connect ip is  192.168.43.186
[50551.474698]                           old connect ip is  192.168.43.237
[50551.481363]                                     but it isn't seted ip , so close it
[50551.995007] accepted a http connect , new connect ip is  192.168.43.186
[50552.001740]                           old connect ip is  192.168.43.237
[50552.008416]                                     but it isn't seted ip , so close it
[50552.527149] accepted a http connect , new connect ip is  192.168.43.186
[50552.533924]                           old connect ip is  192.168.43.237
[50552.540604]                                     but it isn't seted ip , so close it
[50553.054700] accepted a http connect , new connect ip is  192.168.43.186
[50553.061539]                           old connect ip is  192.168.43.237
[50553.068247]                                     but it isn't seted ip , so close it
[50553.586928] accepted a http connect , new connect ip is  192.168.43.186
[50553.593675]                           old connect ip is  192.168.43.237
[50553.600372]                                     but it isn't seted ip , so close it
[50554.114530] accepted a http connect , new connect ip is  192.168.43.186
[50554.121273]                           old connect ip is  192.168.43.237
[50554.127915]                                     but it isn't seted ip , so close it
[50554.646967] accepted a http connect , new connect ip is  192.168.43.186
[50554.653734]                           old connect ip is  192.168.43.237
[50554.660403]                                     but it isn't seted ip , so close it
[50555.186893] accepted a http connect , new connect ip is  192.168.43.186
[50555.193699]                           old connect ip is  192.168.43.237
[50555.200400]                                     but it isn't seted ip , so close it
[50555.727235] accepted a http connect , new connect ip is  192.168.43.186
[50555.734015]                           old connect ip is  192.168.43.237
[50555.740706]                                     but it isn't seted ip , so close it
[50556.266903] accepted a http connect , new connect ip is  192.168.43.186
[50556.273653]                           old connect ip is  192.168.43.237
[50556.280312]                                     but it isn't seted ip , so close it
[50556.797502] accepted a http connect , new connect ip is  192.168.43.186
[50556.804347]                           old connect ip is  192.168.43.237
[50556.811054]                                     but it isn't seted ip , so close it
[50557.336645] accepted a http connect , new connect ip is  192.168.43.186
[50557.343480]                           old connect ip is  192.168.43.237
[50557.350140]                                     but it isn't seted ip , so close it
[50557.863581] accepted a http connect , new connect ip is  192.168.43.186
[50557.870422]                           old connect ip is  192.168.43.237
[50557.877126]                                     but it isn't seted ip , so close it
[50558.397220] accepted a http connect , new connect ip is  192.168.43.186
[50558.403991]                           old connect ip is  192.168.43.237
[50558.410721]                                     but it isn't seted ip , so close it
[50558.937981] accepted a http connect , new connect ip is  192.168.43.186
[50558.944719]                           old connect ip is  192.168.43.237
[50558.951389]                                     but it isn't seted ip , so close it
[50559.476849] accepted a http connect , new connect ip is  192.168.43.186
[50559.483588]                           old connect ip is  192.168.43.237
[50559.490244]                                     but it isn't seted ip , so close it
[50560.003218] accepted a http connect , new connect ip is  192.168.43.186
[50560.009950]                           old connect ip is  192.168.43.237
[50560.016645]                                     but it isn't seted ip , so close it
[50560.536944] accepted a http connect , new connect ip is  192.168.43.186
[50560.543685]                           old connect ip is  192.168.43.237
[50560.550346]                                     but it isn't seted ip , so close it
[50561.068711] accepted a http connect , new connect ip is  192.168.43.186
[50561.075445]                           old connect ip is  192.168.43.237
[50561.082099]                                     but it isn't seted ip , so close it
[50561.595055] accepted a http connect , new connect ip is  192.168.43.186
[50561.601828]                           old connect ip is  192.168.43.237
[50561.608490]                                     but it isn't seted ip , so close it
[50562.121959] accepted a http connect , new connect ip is  192.168.43.186
[50562.128667]                           old connect ip is  192.168.43.237
[50562.135320]                                     but it isn't seted ip , so close it
[50562.656939] accepted a http connect , new connect ip is  192.168.43.186
[50562.663616]                           old connect ip is  192.168.43.237
[50562.670252]                                     but it isn't seted ip , so close it
[50563.186866] accepted a http connect , new connect ip is  192.168.43.186
[50563.193529]                           old connect ip is  192.168.43.237
[50563.200168]                                     but it isn't seted ip , so close it
[50563.717702] accepted a http connect , new connect ip is  192.168.43.186
[50563.724449]                           old connect ip is  192.168.43.237
[50563.731123]                                     but it isn't seted ip , so close it
[50564.257012] accepted a http connect , new connect ip is  192.168.43.186
[50564.263757]                           old connect ip is  192.168.43.237
[50564.270412]                                     but it isn't seted ip , so close it
[50564.787013] accepted a http connect , new connect ip is  192.168.43.186
[50564.793793]                           old connect ip is  192.168.43.237
[50564.800463]                                     but it isn't seted ip , so close it
[50565.329132] accepted a http connect , new connect ip is  192.168.43.186
[50565.335956]                           old connect ip is  192.168.43.237
[50565.342614]                                     but it isn't seted ip , so close it
[50565.866823] accepted a http connect , new connect ip is  192.168.43.186
[50565.873565]                           old connect ip is  192.168.43.237
[50565.880243]                                     but it isn't seted ip , so close it
[50566.396744] accepted a http connect , new connect ip is  192.168.43.186
[50566.403488]                           old connect ip is  192.168.43.237
[50566.410141]                                     but it isn't seted ip , so close it
[50566.936851] accepted a http connect , new connect ip is  192.168.43.186
[50566.943656]                           old connect ip is  192.168.43.237
[50566.950304]                                     but it isn't seted ip , so close it
[50567.477996] accepted a http connect , new connect ip is  192.168.43.186
[50567.484803]                           old connect ip is  192.168.43.237
[50567.491490]                                     but it isn't seted ip , so close it
[50568.010318] accepted a http connect , new connect ip is  192.168.43.186
[50568.017139]                           old connect ip is  192.168.43.237
[50568.023831]                                     but it isn't seted ip , so close it
[50568.546845] accepted a http connect , new connect ip is  192.168.43.186
[50568.553688]                           old connect ip is  192.168.43.237
[50568.560343]                                     but it isn't seted ip , so close it
[50569.073613] accepted a http connect , new connect ip is  192.168.43.186
[50569.080392]                           old connect ip is  192.168.43.237
[50569.087076]                                     but it isn't seted ip , so close it
[50569.606953] accepted a http connect , new connect ip is  192.168.43.186
[50569.613700]                           old connect ip is  192.168.43.237
[50569.620366]                                     but it isn't seted ip , so close it
[50570.137146] accepted a http connect , new connect ip is  192.168.43.186
[50570.144001]                           old connect ip is  192.168.43.237
[50570.150682]                                     but it isn't seted ip , so close it
[50570.676887] accepted a http connect , new connect ip is  192.168.43.186
[50570.683632]                           old connect ip is  192.168.43.237
[50570.690275]                                     but it isn't seted ip , so close it
[50571.207377] accepted a http connect , new connect ip is  192.168.43.186
[50571.214272]                           old connect ip is  192.168.43.237
[50571.220970]                                     but it isn't seted ip , so close it
[50571.746790] accepted a http connect , new connect ip is  192.168.43.186
[50571.753551]                           old connect ip is  192.168.43.237
[50571.760218]                                     but it isn't seted ip , so close it
[50572.288179] accepted a http connect , new connect ip is  192.168.43.186
[50572.294965]                           old connect ip is  192.168.43.237
[50572.301641]                                     but it isn't seted ip , so close it
[50572.826771] accepted a http connect , new connect ip is  192.168.43.186
[50572.833524]                           old connect ip is  192.168.43.237
[50572.840209]                                     but it isn't seted ip , so close it
[50573.371569] accepted a http connect , new connect ip is  192.168.43.186
[50573.378228]                           old connect ip is  192.168.43.237
[50573.384879]                                     but it isn't seted ip , so close it
[50573.906871] accepted a http connect , new connect ip is  192.168.43.186
[50573.913542]                           old connect ip is  192.168.43.237
[50573.920182]                                     but it isn't seted ip , so close it
[50574.446932] accepted a http connect , new connect ip is  192.168.43.186
[50574.453606]                           old connect ip is  192.168.43.237
[50574.460246]                                     but it isn't seted ip , so close it
[50574.972876] accepted a http connect , new connect ip is  192.168.43.186
[50574.979641]                           old connect ip is  192.168.43.237
[50574.986286]                                     but it isn't seted ip , so close it
[50575.506739] accepted a http connect , new connect ip is  192.168.43.186
[50575.513492]                           old connect ip is  192.168.43.237
[50575.520138]                                     but it isn't seted ip , so close it
[50576.033214] accepted a http connect , new connect ip is  192.168.43.186
[50576.040063]                           old connect ip is  192.168.43.237
[50576.046747]                                     but it isn't seted ip , so close it
[50576.567014] accepted a http connect , new connect ip is  192.168.43.186
[50576.573768]                           old connect ip is  192.168.43.237
[50576.580505]                                     but it isn't seted ip , so close it
[50577.094403] accepted a http connect , new connect ip is  192.168.43.186
[50577.101151]                           old connect ip is  192.168.43.237
[50577.107881]                                     but it isn't seted ip , so close it
[50577.627486] accepted a http connect , new connect ip is  192.168.43.186
[50577.634283]                           old connect ip is  192.168.43.237
[50577.640937]                                     but it isn't seted ip , so close it
[50578.154382] accepted a http connect , new connect ip is  192.168.43.186
[50578.161115]                           old connect ip is  192.168.43.237
[50578.167791]                                     but it isn't seted ip , so close it
[50578.686924] accepted a http connect , new connect ip is  192.168.43.186
[50578.693803]                           old connect ip is  192.168.43.237
[50578.700505]                                     but it isn't seted ip , so close it
[50579.226911] accepted a http connect , new connect ip is  192.168.43.186
[50579.233827]                           old connect ip is  192.168.43.237
[50579.240515]                                     but it isn't seted ip , so close it
[50579.766823] accepted a http connect , new connect ip is  192.168.43.186
[50579.773619]                           old connect ip is  192.168.43.237
[50579.780306]                                     but it isn't seted ip , so close it
[50580.306899] accepted a http connect , new connect ip is  192.168.43.186
[50580.313744]                           old connect ip is  192.168.43.237
[50580.320446]                                     but it isn't seted ip , so close it
[50580.846765] accepted a http connect , new connect ip is  192.168.43.186
[50580.853548]                           old connect ip is  192.168.43.237
[50580.860219]                                     but it isn't seted ip , so close it
[50581.373488] accepted a http connect , new connect ip is  192.168.43.186
[50581.380246]                           old connect ip is  192.168.43.237
[50581.386900]                                     but it isn't seted ip , so close it
[50581.906949] accepted a http connect , new connect ip is  192.168.43.186
[50581.913714]                           old connect ip is  192.168.43.237
[50581.920405]                                     but it isn't seted ip , so close it
[50582.446690] accepted a http connect , new connect ip is  192.168.43.186
[50582.453438]                           old connect ip is  192.168.43.237
[50582.460103]                                     but it isn't seted ip , so close it
[50582.974829] accepted a http connect , new connect ip is  192.168.43.186
[50582.981623]                           old connect ip is  192.168.43.237
[50582.988271]                                     but it isn't seted ip , so close it
[50583.516734] accepted a http connect , new connect ip is  192.168.43.186
[50583.523478]                           old connect ip is  192.168.43.237
[50583.530199]                                     but it isn't seted ip , so close it
[50584.043479] accepted a http connect , new connect ip is  192.168.43.186
[50584.050260]                           old connect ip is  192.168.43.237
[50584.056939]                                     but it isn't seted ip , so close it
[50584.576652] accepted a http connect , new connect ip is  192.168.43.186
[50584.583394]                           old connect ip is  192.168.43.237
[50584.590084]                                     but it isn't seted ip , so close it
[50585.103588] accepted a http connect , new connect ip is  192.168.43.186
[50585.110365]                           old connect ip is  192.168.43.237
[50585.117031]                                     but it isn't seted ip , so close it
[50585.636743] accepted a http connect , new connect ip is  192.168.43.186
[50585.643588]                           old connect ip is  192.168.43.237
[50585.650242]                                     but it isn't seted ip , so close it
[50586.165125] accepted a http connect , new connect ip is  192.168.43.186
[50586.171909]                           old connect ip is  192.168.43.237
[50586.178643]                                     but it isn't seted ip , so close it
[50586.706734] accepted a http connect , new connect ip is  192.168.43.186
[50586.713478]                           old connect ip is  192.168.43.237
[50586.720137]                                     but it isn't seted ip , so close it
[50587.246530] accepted a http connect , new connect ip is  192.168.43.186
[50587.253292]                           old connect ip is  192.168.43.237
[50587.259962]                                     but it isn't seted ip , so close it
[50587.786811] accepted a http connect , new connect ip is  192.168.43.186
[50587.793577]                           old connect ip is  192.168.43.237
[50587.800226]                                     but it isn't seted ip , so close it
[50588.326583] accepted a http connect , new connect ip is  192.168.43.186
[50588.333338]                           old connect ip is  192.168.43.237
[50588.339992]                                     but it isn't seted ip , so close it
[50588.856543] accepted a http connect , new connect ip is  192.168.43.186
[50588.863302]                           old connect ip is  192.168.43.237
[50588.869945]                                     but it isn't seted ip , so close it
[50589.386681] accepted a http connect , new connect ip is  192.168.43.186
[50589.393464]                           old connect ip is  192.168.43.237
[50589.400112]                                     but it isn't seted ip , so close it
[50589.926605] accepted a http connect , new connect ip is  192.168.43.186
[50589.933364]                           old connect ip is  192.168.43.237
[50589.940032]                                     but it isn't seted ip , so close it
[50590.456741] accepted a http connect , new connect ip is  192.168.43.186
[50590.463665]                           old connect ip is  192.168.43.237
[50590.470332]                                     but it isn't seted ip , so close it
[50590.985079] accepted a http connect , new connect ip is  192.168.43.186
[50590.991837]                           old connect ip is  192.168.43.237
[50590.998513]                                     but it isn't seted ip , so close it
[50591.517763] accepted a http connect , new connect ip is  192.168.43.186
[50591.524572]                           old connect ip is  192.168.43.237
[50591.531255]                                     but it isn't seted ip , so close it
[50592.046987] accepted a http connect , new connect ip is  192.168.43.186
[50592.054268]                           old connect ip is  192.168.43.237
[50592.061188]                                     but it isn't seted ip , so close it
[50592.586638] accepted a http connect , new connect ip is  192.168.43.186
[50592.593469]                           old connect ip is  192.168.43.237
[50592.600138]                                     but it isn't seted ip , so close it
[50593.113525] accepted a http connect , new connect ip is  192.168.43.186
[50593.120277]                           old connect ip is  192.168.43.237
[50593.126931]                                     but it isn't seted ip , so close it
[50593.646589] accepted a http connect , new connect ip is  192.168.43.186
[50593.653330]                           old connect ip is  192.168.43.237
[50593.660004]                                     but it isn't seted ip , so close it
[50594.173038] accepted a http connect , new connect ip is  192.168.43.186
[50594.179812]                           old connect ip is  192.168.43.237
[50594.186483]                                     but it isn't seted ip , so close it
[50594.706573] accepted a http connect , new connect ip is  192.168.43.186
[50594.713323]                           old connect ip is  192.168.43.237
[50594.719977]                                     but it isn't seted ip , so close it
[50595.246510] accepted a http connect , new connect ip is  192.168.43.186
[50595.253284]                           old connect ip is  192.168.43.237
[50595.259960]                                     but it isn't seted ip , so close it
[50595.776695] accepted a http connect , new connect ip is  192.168.43.186
[50595.783515]                           old connect ip is  192.168.43.237
[50595.790166]                                     but it isn't seted ip , so close it
[50596.306630] accepted a http connect , new connect ip is  192.168.43.186
[50596.313387]                           old connect ip is  192.168.43.237
[50596.320051]                                     but it isn't seted ip , so close it
[50596.846829] accepted a http connect , new connect ip is  192.168.43.186
[50596.853727]                           old connect ip is  192.168.43.237
[50596.860430]                                     but it isn't seted ip , so close it
[50597.386680] accepted a http connect , new connect ip is  192.168.43.186
[50597.393515]                           old connect ip is  192.168.43.237
[50597.400261]                                     but it isn't seted ip , so close it
[50597.926608] accepted a http connect , new connect ip is  192.168.43.186
[50597.933404]                           old connect ip is  192.168.43.237
[50597.940094]                                     but it isn't seted ip , so close it
[50598.466507] accepted a http connect , new connect ip is  192.168.43.186
[50598.473257]                           old connect ip is  192.168.43.237
[50598.479909]                                     but it isn't seted ip , so close it
[50598.994745] accepted a http connect , new connect ip is  192.168.43.186
[50599.001488]                           old connect ip is  192.168.43.237
[50599.008144]                                     but it isn't seted ip , so close it
[50599.521443] accepted a http connect , new connect ip is  192.168.43.186
[50599.528205]                           old connect ip is  192.168.43.237
[50599.534866]                                     but it isn't seted ip , so close it
[50600.048566] accepted a http connect , new connect ip is  192.168.43.186
[50600.055347]                           old connect ip is  192.168.43.237
[50600.062019]                                     but it isn't seted ip , so close it
[50600.586565] accepted a http connect , new connect ip is  192.168.43.186
[50600.593304]                           old connect ip is  192.168.43.237
[50600.599967]                                     but it isn't seted ip , so close it
[50601.113517] accepted a http connect , new connect ip is  192.168.43.186
[50601.120266]                           old connect ip is  192.168.43.237
[50601.126926]                                     but it isn't seted ip , so close it
[50601.646731] accepted a http connect , new connect ip is  192.168.43.186
[50601.653475]                           old connect ip is  192.168.43.237
[50601.660132]                                     but it isn't seted ip , so close it
[50602.173339] accepted a http connect , new connect ip is  192.168.43.186
[50602.180151]                           old connect ip is  192.168.43.237
[50602.186801]                                     but it isn't seted ip , so close it
[50602.706622] accepted a http connect , new connect ip is  192.168.43.186
[50602.713389]                           old connect ip is  192.168.43.237
[50602.720150]                                     but it isn't seted ip , so close it
[50603.246795] accepted a http connect , new connect ip is  192.168.43.186
[50603.253477]                           old connect ip is  192.168.43.237
[50603.260138]                                     but it isn't seted ip , so close it
[50603.772199] accepted a http connect , new connect ip is  192.168.43.186
[50603.778867]                           old connect ip is  192.168.43.237
[50603.785503]                                     but it isn't seted ip , so close it
[50604.307308] accepted a http connect , new connect ip is  192.168.43.186
[50604.313979]                           old connect ip is  192.168.43.237
[50604.320610]                                     but it isn't seted ip , so close it
[50604.846914] accepted a http connect , new connect ip is  192.168.43.186
[50604.853596]                           old connect ip is  192.168.43.237
[50604.860233]                                     but it isn't seted ip , so close it
[50605.386677] accepted a http connect , new connect ip is  192.168.43.186
[50605.393346]                           old connect ip is  192.168.43.237
[50605.399979]                                     but it isn't seted ip , so close it
[50605.917264] accepted a http connect , new connect ip is  192.168.43.186
[50605.923994]                           old connect ip is  192.168.43.237
[50605.930670]                                     but it isn't seted ip , so close it
[50606.456862] accepted a http connect , new connect ip is  192.168.43.186
[50606.463630]                           old connect ip is  192.168.43.237
[50606.470278]                                     but it isn't seted ip , so close it
[50606.997488] accepted a http connect , new connect ip is  192.168.43.186
[50607.004240]                           old connect ip is  192.168.43.237
[50607.010895]                                     but it isn't seted ip , so close it
[50607.536366] accepted a http connect , new connect ip is  192.168.43.186
[50607.543115]                           old connect ip is  192.168.43.237
[50607.549767]                                     but it isn't seted ip , so close it
[50608.067432] accepted a http connect , new connect ip is  192.168.43.186
[50608.074197]                           old connect ip is  192.168.43.237
[50608.080855]                                     but it isn't seted ip , so close it
[50608.606567] accepted a http connect , new connect ip is  192.168.43.186
[50608.613308]                           old connect ip is  192.168.43.237
[50608.619974]                                     but it isn't seted ip , so close it
[50609.133578] accepted a http connect , new connect ip is  192.168.43.186
[50609.140407]                           old connect ip is  192.168.43.237
[50609.147093]                                     but it isn't seted ip , so close it
[50609.666575] accepted a http connect , new connect ip is  192.168.43.186
[50609.673341]                           old connect ip is  192.168.43.237
[50609.679997]                                     but it isn't seted ip , so close it
[50610.196738] accepted a http connect , new connect ip is  192.168.43.186
[50610.203514]                           old connect ip is  192.168.43.237
[50610.210187]                                     but it isn't seted ip , so close it
[50610.735967] accepted a http connect , new connect ip is  192.168.43.186
[50610.742736]                           old connect ip is  192.168.43.237
[50610.749409]                                     but it isn't seted ip , so close it
[50611.265519] accepted a http connect , new connect ip is  192.168.43.186
[50611.272281]                           old connect ip is  192.168.43.237
[50611.278949]                                     but it isn't seted ip , so close it
[50611.801927] accepted a http connect , new connect ip is  192.168.43.186
[50611.808641]                           old connect ip is  192.168.43.237
[50611.815293]                                     but it isn't seted ip , so close it
[50612.336495] accepted a http connect , new connect ip is  192.168.43.186
[50612.343265]                           old connect ip is  192.168.43.237
[50612.349931]                                     but it isn't seted ip , so close it
[50612.866504] accepted a http connect , new connect ip is  192.168.43.186
[50612.873274]                           old connect ip is  192.168.43.237
[50612.879922]                                     but it isn't seted ip , so close it
[50613.406515] accepted a http connect , new connect ip is  192.168.43.186
[50613.413304]                           old connect ip is  192.168.43.237
[50613.419979]                                     but it isn't seted ip , so close it
[50613.947603] accepted a http connect , new connect ip is  192.168.43.186
[50613.954380]                           old connect ip is  192.168.43.237
[50613.961054]                                     but it isn't seted ip , so close it
[50614.486500] accepted a http connect , new connect ip is  192.168.43.186
[50614.493253]                           old connect ip is  192.168.43.237
[50614.499915]                                     but it isn't seted ip , so close it
[50615.019085] accepted a http connect , new connect ip is  192.168.43.186
[50615.025849]                           old connect ip is  192.168.43.237
[50615.032515]                                     but it isn't seted ip , so close it
[50615.556736] accepted a http connect , new connect ip is  192.168.43.186
[50615.563506]                           old connect ip is  192.168.43.237
[50615.570285]                                     but it isn't seted ip , so close it
[50616.086957] accepted a http connect , new connect ip is  192.168.43.186
[50616.093747]                           old connect ip is  192.168.43.237
[50616.100428]                                     but it isn't seted ip , so close it
[50616.627604] accepted a http connect , new connect ip is  192.168.43.186
[50616.634386]                           old connect ip is  192.168.43.237
[50616.641034]                                     but it isn't seted ip , so close it
[50617.159179] accepted a http connect , new connect ip is  192.168.43.186
[50617.165924]                           old connect ip is  192.168.43.237
[50617.172590]                                     but it isn't seted ip , so close it
[50617.696514] accepted a http connect , new connect ip is  192.168.43.186
[50617.703280]                           old connect ip is  192.168.43.237
[50617.709929]                                     but it isn't seted ip , so close it
[50618.224367] accepted a http connect , new connect ip is  192.168.43.186
[50618.231148]                           old connect ip is  192.168.43.237
[50618.237824]                                     but it isn't seted ip , so close it
[50618.756430] accepted a http connect , new connect ip is  192.168.43.186
[50618.763174]                           old connect ip is  192.168.43.237
[50618.769819]                                     but it isn't seted ip , so close it
[50619.297482] accepted a http connect , new connect ip is  192.168.43.186
[50619.304231]                           old connect ip is  192.168.43.237
[50619.310876]                                     but it isn't seted ip , so close it
[50619.836255] accepted a http connect , new connect ip is  192.168.43.186
[50619.842992]                           old connect ip is  192.168.43.237
[50619.849644]                                     but it isn't seted ip , so close it
[50620.366307] accepted a http connect , new connect ip is  192.168.43.186
[50620.373175]                           old connect ip is  192.168.43.237
[50620.379866]                                     but it isn't seted ip , so close it
[50620.906538] accepted a http connect , new connect ip is  192.168.43.186
[50620.913284]                           old connect ip is  192.168.43.237
[50620.919937]                                     but it isn't seted ip , so close it
[50621.446585] accepted a http connect , new connect ip is  192.168.43.186
[50621.453372]                           old connect ip is  192.168.43.237
[50621.460027]                                     but it isn't seted ip , so close it
[50621.986455] accepted a http connect , new connect ip is  192.168.43.186
[50621.993249]                           old connect ip is  192.168.43.237
[50621.999916]                                     but it isn't seted ip , so close it
[50622.526139] accepted a http connect , new connect ip is  192.168.43.186
[50622.532942]                           old connect ip is  192.168.43.237
[50622.539607]                                     but it isn't seted ip , so close it
[50623.058077] accepted a http connect , new connect ip is  192.168.43.186
[50623.064824]                           old connect ip is  192.168.43.237
[50623.071496]                                     but it isn't seted ip , so close it
[50623.596251] accepted a http connect , new connect ip is  192.168.43.186
[50623.603070]                           old connect ip is  192.168.43.237
[50623.609723]                                     but it isn't seted ip , so close it
[50624.126960] accepted a http connect , new connect ip is  192.168.43.186
[50624.133757]                           old connect ip is  192.168.43.237
[50624.140420]                                     but it isn't seted ip , so close it
[50624.666463] accepted a http connect , new connect ip is  192.168.43.186
[50624.673223]                           old connect ip is  192.168.43.237
[50624.679878]                                     but it isn't seted ip , so close it
[50625.194395] accepted a http connect , new connect ip is  192.168.43.186
[50625.201171]                           old connect ip is  192.168.43.237
[50625.207836]                                     but it isn't seted ip , so close it
[50625.726543] accepted a http connect , new connect ip is  192.168.43.186
[50625.733291]                           old connect ip is  192.168.43.237
[50625.739957]                                     but it isn't seted ip , so close it
[50626.266280] accepted a http connect , new connect ip is  192.168.43.186
[50626.273048]                           old connect ip is  192.168.43.237
[50626.279692]                                     but it isn't seted ip , so close it
[50626.796252] accepted a http connect , new connect ip is  192.168.43.186
[50626.802997]                           old connect ip is  192.168.43.237
[50626.809642]                                     but it isn't seted ip , so close it
[50627.336888] accepted a http connect , new connect ip is  192.168.43.186
[50627.343722]                           old connect ip is  192.168.43.237
[50627.350429]                                     but it isn't seted ip , so close it
[50627.865974] accepted a http connect , new connect ip is  192.168.43.186
[50627.872890]                           old connect ip is  192.168.43.237
[50627.879589]                                     but it isn't seted ip , so close it
[50628.406565] accepted a http connect , new connect ip is  192.168.43.186
[50628.413351]                           old connect ip is  192.168.43.237
[50628.420017]                                     but it isn't seted ip , so close it
[50628.946294] accepted a http connect , new connect ip is  192.168.43.186
[50628.953121]                           old connect ip is  192.168.43.237
[50628.959809]                                     but it isn't seted ip , so close it
[50629.486350] accepted a http connect , new connect ip is  192.168.43.186
[50629.493103]                           old connect ip is  192.168.43.237
[50629.499760]                                     but it isn't seted ip , so close it
[50630.027345] accepted a http connect , new connect ip is  192.168.43.186
[50630.034098]                           old connect ip is  192.168.43.237
[50630.040759]                                     but it isn't seted ip , so close it
[50630.566498] accepted a http connect , new connect ip is  192.168.43.186
[50630.573251]                           old connect ip is  192.168.43.237
[50630.579924]                                     but it isn't seted ip , so close it
[50631.101046] accepted a http connect , new connect ip is  192.168.43.186
[50631.107784]                           old connect ip is  192.168.43.237
[50631.114471]                                     but it isn't seted ip , so close it
[50631.636383] accepted a http connect , new connect ip is  192.168.43.186
[50631.643139]                           old connect ip is  192.168.43.237
[50631.649811]                                     but it isn't seted ip , so close it
[50632.162773] accepted a http connect , new connect ip is  192.168.43.186
[50632.169497]                           old connect ip is  192.168.43.237
[50632.176184]                                     but it isn't seted ip , so close it
[50632.697310] accepted a http connect , new connect ip is  192.168.43.186
[50632.704088]                           old connect ip is  192.168.43.237
[50632.710901]                                     but it isn't seted ip , so close it
[50633.224625] accepted a http connect , new connect ip is  192.168.43.186
[50633.231493]                           old connect ip is  192.168.43.237
[50633.238236]                                     but it isn't seted ip , so close it
[50633.766478] accepted a http connect , new connect ip is  192.168.43.186
[50633.773160]                           old connect ip is  192.168.43.237
[50633.779813]                                     but it isn't seted ip , so close it
[50634.296365] accepted a http connect , new connect ip is  192.168.43.186
[50634.303198]                           old connect ip is  192.168.43.237
[50634.309852]                                     but it isn't seted ip , so close it
[50634.836190] accepted a http connect , new connect ip is  192.168.43.186
[50634.842995]                           old connect ip is  192.168.43.237
[50634.849650]                                     but it isn't seted ip , so close it
[50635.376437] accepted a http connect , new connect ip is  192.168.43.186
[50635.383384]                           old connect ip is  192.168.43.237
[50635.390039]                                     but it isn't seted ip , so close it
[50635.916360] accepted a http connect , new connect ip is  192.168.43.186
[50635.923097]                           old connect ip is  192.168.43.237
[50635.929738]                                     but it isn't seted ip , so close it
[50636.455758] accepted a http connect , new connect ip is  192.168.43.186
[50636.462518]                           old connect ip is  192.168.43.237
[50636.469175]                                     but it isn't seted ip , so close it
[50636.986268] accepted a http connect , new connect ip is  192.168.43.186
[50636.993043]                           old connect ip is  192.168.43.237
[50636.999710]                                     but it isn't seted ip , so close it
[50637.526187] accepted a http connect , new connect ip is  192.168.43.186
[50637.532932]                           old connect ip is  192.168.43.237
[50637.539585]                                     but it isn't seted ip , so close it
[50638.074850] accepted a http connect , new connect ip is  192.168.43.186
[50638.081602]                           old connect ip is  192.168.43.237
[50638.088252]                                     but it isn't seted ip , so close it
[50638.606441] accepted a http connect , new connect ip is  192.168.43.186
[50638.613207]                           old connect ip is  192.168.43.237
[50638.619869]                                     but it isn't seted ip , so close it
[50639.135269] accepted a http connect , new connect ip is  192.168.43.186
[50639.142086]                           old connect ip is  192.168.43.237
[50639.148776]                                     but it isn't seted ip , so close it
[50639.663797] accepted a http connect , new connect ip is  192.168.43.186
[50639.670713]                           old connect ip is  192.168.43.237
[50639.677395]                                     but it isn't seted ip , so close it
[50640.190835] accepted a http connect , new connect ip is  192.168.43.186
[50640.197550]                           old connect ip is  192.168.43.237
[50640.204212]                                     but it isn't seted ip , so close it
[50640.726489] accepted a http connect , new connect ip is  192.168.43.186
[50640.733182]                           old connect ip is  192.168.43.237
[50640.739852]                                     but it isn't seted ip , so close it
[50641.252458] accepted a http connect , new connect ip is  192.168.43.186
[50641.259133]                           old connect ip is  192.168.43.237
[50641.265779]                                     but it isn't seted ip , so close it
[50641.786327] accepted a http connect , new connect ip is  192.168.43.186
[50641.793007]                           old connect ip is  192.168.43.237
[50641.799645]                                     but it isn't seted ip , so close it
[50642.316340] accepted a http connect , new connect ip is  192.168.43.186
[50642.323084]                           old connect ip is  192.168.43.237
[50642.329749]                                     but it isn't seted ip , so close it
[50642.856230] accepted a http connect , new connect ip is  192.168.43.186
[50642.862978]                           old connect ip is  192.168.43.237
[50642.869619]                                     but it isn't seted ip , so close it
[50643.386223] accepted a http connect , new connect ip is  192.168.43.186
[50643.392988]                           old connect ip is  192.168.43.237
[50643.399640]                                     but it isn't seted ip , so close it
[50643.926493] accepted a http connect , new connect ip is  192.168.43.186
[50643.933242]                           old connect ip is  192.168.43.237
[50643.939902]                                     but it isn't seted ip , so close it
[50644.466245] accepted a http connect , new connect ip is  192.168.43.186
[50644.472985]                           old connect ip is  192.168.43.237
[50644.479651]                                     but it isn't seted ip , so close it
[50645.006307] accepted a http connect , new connect ip is  192.168.43.186
[50645.013077]                           old connect ip is  192.168.43.237
[50645.019802]                                     but it isn't seted ip , so close it
[50645.546415] accepted a http connect , new connect ip is  192.168.43.186
[50645.553256]                           old connect ip is  192.168.43.237
[50645.559935]                                     but it isn't seted ip , so close it
[50646.079654] accepted a http connect , new connect ip is  192.168.43.186
[50646.086443]                           old connect ip is  192.168.43.237
[50646.093160]                                     but it isn't seted ip , so close it
[50646.616117] accepted a http connect , new connect ip is  192.168.43.186
[50646.622873]                           old connect ip is  192.168.43.237
[50646.629543]                                     but it isn't seted ip , so close it
[50647.143132] accepted a http connect , new connect ip is  192.168.43.186
[50647.149897]                           old connect ip is  192.168.43.237
[50647.156596]                                     but it isn't seted ip , so close it
[50647.676399] accepted a http connect , new connect ip is  192.168.43.186
[50647.683155]                           old connect ip is  192.168.43.237
[50647.689809]                                     but it isn't seted ip , so close it
[50648.204777] accepted a http connect , new connect ip is  192.168.43.186
[50648.211541]                           old connect ip is  192.168.43.237
[50648.218229]                                     but it isn't seted ip , so close it
[50648.736046] accepted a http connect , new connect ip is  192.168.43.186
[50648.742793]                           old connect ip is  192.168.43.237
[50648.749438]                                     but it isn't seted ip , so close it
[50649.264988] accepted a http connect , new connect ip is  192.168.43.186
[50649.271744]                           old connect ip is  192.168.43.237
[50649.278410]                                     but it isn't seted ip , so close it
[50649.796015] accepted a http connect , new connect ip is  192.168.43.186
[50649.802771]                           old connect ip is  192.168.43.237
[50649.809695]                                     but it isn't seted ip , so close it
[50650.336428] accepted a http connect , new connect ip is  192.168.43.186
[50650.343213]                           old connect ip is  192.168.43.237
[50650.349873]                                     but it isn't seted ip , so close it
[50650.876177] accepted a http connect , new connect ip is  192.168.43.186
[50650.882964]                           old connect ip is  192.168.43.237
[50650.889617]                                     but it isn't seted ip , so close it
[50651.417488] accepted a http connect , new connect ip is  192.168.43.186
[50651.424377]                           old connect ip is  192.168.43.237
[50651.431066]                                     but it isn't seted ip , so close it
[50651.946750] accepted a http connect , new connect ip is  192.168.43.186
[50651.953669]                           old connect ip is  192.168.43.237
[50651.960420]                                     but it isn't seted ip , so close it
[50652.478544] accepted a http connect , new connect ip is  192.168.43.186
[50652.485269]                           old connect ip is  192.168.43.237
[50652.491949]                                     but it isn't seted ip , so close it
[50653.015819] accepted a http connect , new connect ip is  192.168.43.186
[50653.022664]                           old connect ip is  192.168.43.237
[50653.029326]                                     but it isn't seted ip , so close it
[50653.555999] accepted a http connect , new connect ip is  192.168.43.186
[50653.562747]                           old connect ip is  192.168.43.237
[50653.569403]                                     but it isn't seted ip , so close it
[50654.082758] accepted a http connect , new connect ip is  192.168.43.186
[50654.089501]                           old connect ip is  192.168.43.237
[50654.096178]                                     but it isn't seted ip , so close it
[50654.626074] accepted a http connect , new connect ip is  192.168.43.186
[50654.632866]                           old connect ip is  192.168.43.237
[50654.639520]                                     but it isn't seted ip , so close it
[50655.152886] accepted a http connect , new connect ip is  192.168.43.186
[50655.159751]                           old connect ip is  192.168.43.237
[50655.166444]                                     but it isn't seted ip , so close it
[50655.686959] accepted a http connect , new connect ip is  192.168.43.186
[50655.693818]                           old connect ip is  192.168.43.237
[50655.700492]                                     but it isn't seted ip , so close it
[50656.218954] accepted a http connect , new connect ip is  192.168.43.186
[50656.225687]                           old connect ip is  192.168.43.237
[50656.232342]                                     but it isn't seted ip , so close it
[50656.756248] accepted a http connect , new connect ip is  192.168.43.186
[50656.762985]                           old connect ip is  192.168.43.237
[50656.769718]                                     but it isn't seted ip , so close it
[50657.283097] accepted a http connect , new connect ip is  192.168.43.186
[50657.289881]                           old connect ip is  192.168.43.237
[50657.296570]                                     but it isn't seted ip , so close it
[50657.826543] accepted a http connect , new connect ip is  192.168.43.186
[50657.833353]                           old connect ip is  192.168.43.237
[50657.840003]                                     but it isn't seted ip , so close it
[50658.365945] accepted a http connect , new connect ip is  192.168.43.186
[50658.372723]                           old connect ip is  192.168.43.237
[50658.379384]                                     but it isn't seted ip , so close it
[50658.906883] accepted a http connect , new connect ip is  192.168.43.186
[50658.913628]                           old connect ip is  192.168.43.237
[50658.920280]                                     but it isn't seted ip , so close it
[50659.446026] accepted a http connect , new connect ip is  192.168.43.186
[50659.452817]                           old connect ip is  192.168.43.237
[50659.459507]                                     but it isn't seted ip , so close it
[50659.988215] accepted a http connect , new connect ip is  192.168.43.186
[50659.994982]                           old connect ip is  192.168.43.237
[50660.001632]                                     but it isn't seted ip , so close it
[50660.526008] accepted a http connect , new connect ip is  192.168.43.186
[50660.532766]                           old connect ip is  192.168.43.237
[50660.539449]                                     but it isn't seted ip , so close it
[50661.065861] accepted a http connect , new connect ip is  192.168.43.186
[50661.072775]                           old connect ip is  192.168.43.237
[50661.079423]                                     but it isn't seted ip , so close it
[50661.606138] accepted a http connect , new connect ip is  192.168.43.186
[50661.612939]                           old connect ip is  192.168.43.237
[50661.619596]                                     but it isn't seted ip , so close it
[50662.139655] accepted a http connect , new connect ip is  192.168.43.186
[50662.146362]                           old connect ip is  192.168.43.237
[50662.153054]                                     but it isn't seted ip , so close it
[50662.685891] accepted a http connect , new connect ip is  192.168.43.186
[50662.692647]                           old connect ip is  192.168.43.237
[50662.699303]                                     but it isn't seted ip , so close it
[50663.215179] accepted a http connect , new connect ip is  192.168.43.186
[50663.222046]                           old connect ip is  192.168.43.237
[50663.228748]                                     but it isn't seted ip , so close it
[50663.757758] accepted a http connect , new connect ip is  192.168.43.186
[50663.764542]                           old connect ip is  192.168.43.237
[50663.771255]                                     but it isn't seted ip , so close it
[50664.289177] accepted a http connect , new connect ip is  192.168.43.186
[50664.295943]                           old connect ip is  192.168.43.237
[50664.302625]                                     but it isn't seted ip , so close it
[50664.825852] accepted a http connect , new connect ip is  192.168.43.186
[50664.832612]                           old connect ip is  192.168.43.237
[50664.839269]                                     but it isn't seted ip , so close it
[50665.365830] accepted a http connect , new connect ip is  192.168.43.186
[50665.372580]                           old connect ip is  192.168.43.237
[50665.379254]                                     but it isn't seted ip , so close it
[50665.895766] accepted a http connect , new connect ip is  192.168.43.186
[50665.902513]                           old connect ip is  192.168.43.237
[50665.909163]                                     but it isn't seted ip , so close it
[50666.425860] accepted a http connect , new connect ip is  192.168.43.186
[50666.432642]                           old connect ip is  192.168.43.237
[50666.439295]                                     but it isn't seted ip , so close it
[50666.967655] accepted a http connect , new connect ip is  192.168.43.186
[50666.974426]                           old connect ip is  192.168.43.237
[50666.981089]                                     but it isn't seted ip , so close it
[50667.506058] accepted a http connect , new connect ip is  192.168.43.186
[50667.512832]                           old connect ip is  192.168.43.237
[50667.519566]                                     but it isn't seted ip , so close it
[50668.045869] accepted a http connect , new connect ip is  192.168.43.186
[50668.052645]                           old connect ip is  192.168.43.237
[50668.059303]                                     but it isn't seted ip , so close it
[50668.576805] accepted a http connect , new connect ip is  192.168.43.186
[50668.583668]                           old connect ip is  192.168.43.237
[50668.590354]                                     but it isn't seted ip , so close it
[50669.103830] accepted a http connect , new connect ip is  192.168.43.186
[50669.110565]                           old connect ip is  192.168.43.237
[50669.117228]                                     but it isn't seted ip , so close it
[50669.632031] accepted a http connect , new connect ip is  192.168.43.186
[50669.638890]                           old connect ip is  192.168.43.237
[50669.645636]                                     but it isn't seted ip , so close it
[50670.164214] accepted a http connect , new connect ip is  192.168.43.186
[50670.170973]                           old connect ip is  192.168.43.237
[50670.177644]                                     but it isn't seted ip , so close it
[50670.705810] accepted a http connect , new connect ip is  192.168.43.186
[50670.712559]                           old connect ip is  192.168.43.237
[50670.719253]                                     but it isn't seted ip , so close it
[50671.232147] accepted a http connect , new connect ip is  192.168.43.186
[50671.238906]                           old connect ip is  192.168.43.237
[50671.245558]                                     but it isn't seted ip , so close it
[50671.765870] accepted a http connect , new connect ip is  192.168.43.186
[50671.772635]                           old connect ip is  192.168.43.237
[50671.779333]                                     but it isn't seted ip , so close it
[50672.293957] accepted a http connect , new connect ip is  192.168.43.186
[50672.300665]                           old connect ip is  192.168.43.237
[50672.307302]                                     but it isn't seted ip , so close it
[50672.825914] accepted a http connect , new connect ip is  192.168.43.186
[50672.832748]                           old connect ip is  192.168.43.237
[50672.839414]                                     but it isn't seted ip , so close it
[50673.366010] accepted a http connect , new connect ip is  192.168.43.186
[50673.372776]                           old connect ip is  192.168.43.237
[50673.379438]                                     but it isn't seted ip , so close it
[50673.905855] accepted a http connect , new connect ip is  192.168.43.186
[50673.912608]                           old connect ip is  192.168.43.237
[50673.919268]                                     but it isn't seted ip , so close it
[50674.446209] accepted a http connect , new connect ip is  192.168.43.186
[50674.452963]                           old connect ip is  192.168.43.237
[50674.459645]                                     but it isn't seted ip , so close it
[50674.987586] accepted a http connect , new connect ip is  192.168.43.186
[50674.994378]                           old connect ip is  192.168.43.237
[50675.001038]                                     but it isn't seted ip , so close it
[50675.526099] accepted a http connect , new connect ip is  192.168.43.186
[50675.532896]                           old connect ip is  192.168.43.237
[50675.539591]                                     but it isn't seted ip , so close it
[50676.083148] accepted a http connect , new connect ip is  192.168.43.186
[50676.089957]                           old connect ip is  192.168.43.237
[50676.096638]                                     but it isn't seted ip , so close it
[50676.625804] accepted a http connect , new connect ip is  192.168.43.186
[50676.632603]                           old connect ip is  192.168.43.237
[50676.639401]                                     but it isn't seted ip , so close it
[50677.154231] accepted a http connect , new connect ip is  192.168.43.186
[50677.160989]                           old connect ip is  192.168.43.237
[50677.167639]                                     but it isn't seted ip , so close it
[50677.696614] accepted a http connect , new connect ip is  192.168.43.186
[50677.703351]                           old connect ip is  192.168.43.237
[50677.710062]                                     but it isn't seted ip , so close it
[50678.223739] accepted a http connect , new connect ip is  192.168.43.186
[50678.230572]                           old connect ip is  192.168.43.237
[50678.237252]                                     but it isn't seted ip , so close it
[50678.756079] accepted a http connect , new connect ip is  192.168.43.186
[50678.762853]                           old connect ip is  192.168.43.237
[50678.769505]                                     but it isn't seted ip , so close it
[50679.284413] accepted a http connect , new connect ip is  192.168.43.186
[50679.291183]                           old connect ip is  192.168.43.237
[50679.297881]                                     but it isn't seted ip , so close it
[50679.825871] accepted a http connect , new connect ip is  192.168.43.186
[50679.832629]                           old connect ip is  192.168.43.237
[50679.839275]                                     but it isn't seted ip , so close it
[50680.365642] accepted a http connect , new connect ip is  192.168.43.186
[50680.372395]                           old connect ip is  192.168.43.237
[50680.379070]                                     but it isn't seted ip , so close it
[50680.896755] accepted a http connect , new connect ip is  192.168.43.186
[50680.903528]                           old connect ip is  192.168.43.237
[50680.910173]                                     but it isn't seted ip , so close it
[50681.436017] accepted a http connect , new connect ip is  192.168.43.186
[50681.442880]                           old connect ip is  192.168.43.237
[50681.449660]                                     but it isn't seted ip , so close it
[50681.975984] accepted a http connect , new connect ip is  192.168.43.186
[50681.982671]                           old connect ip is  192.168.43.237
[50681.989329]                                     but it isn't seted ip , so close it
[50682.515783] accepted a http connect , new connect ip is  192.168.43.186
[50682.522537]                           old connect ip is  192.168.43.237
[50682.529201]                                     but it isn't seted ip , so close it
[50683.055689] accepted a http connect , new connect ip is  192.168.43.186
[50683.062504]                           old connect ip is  192.168.43.237
[50683.069155]                                     but it isn't seted ip , so close it
[50683.585740] accepted a http connect , new connect ip is  192.168.43.186
[50683.592515]                           old connect ip is  192.168.43.237
[50683.599251]                                     but it isn't seted ip , so close it
[50684.118699] accepted a http connect , new connect ip is  192.168.43.186
[50684.125444]                           old connect ip is  192.168.43.237
[50684.132107]                                     but it isn't seted ip , so close it
[50684.655856] accepted a http connect , new connect ip is  192.168.43.186
[50684.662650]                           old connect ip is  192.168.43.237
[50684.669295]                                     but it isn't seted ip , so close it
[50685.185039] accepted a http connect , new connect ip is  192.168.43.186
[50685.191781]                           old connect ip is  192.168.43.237
[50685.198447]                                     but it isn't seted ip , so close it
[50685.725813] accepted a http connect , new connect ip is  192.168.43.186
[50685.732620]                           old connect ip is  192.168.43.237
[50685.739278]                                     but it isn't seted ip , so close it
[50686.253036] accepted a http connect , new connect ip is  192.168.43.186
[50686.259820]                           old connect ip is  192.168.43.237
[50686.266559]                                     but it isn't seted ip , so close it
[50686.788131] accepted a http connect , new connect ip is  192.168.43.186
[50686.794928]                           old connect ip is  192.168.43.237
[50686.801608]                                     but it isn't seted ip , so close it
[50687.318613] accepted a http connect , new connect ip is  192.168.43.186
[50687.325452]                           old connect ip is  192.168.43.237
[50687.332170]                                     but it isn't seted ip , so close it
[50687.855991] accepted a http connect , new connect ip is  192.168.43.186
[50687.862781]                           old connect ip is  192.168.43.237
[50687.869454]                                     but it isn't seted ip , so close it
[50688.382705] accepted a http connect , new connect ip is  192.168.43.186
[50688.389365]                           old connect ip is  192.168.43.237
[50688.396011]                                     but it isn't seted ip , so close it
[50688.915693] accepted a http connect , new connect ip is  192.168.43.186
[50688.922483]                           old connect ip is  192.168.43.237
[50688.929173]                                     but it isn't seted ip , so close it
[50689.455979] accepted a http connect , new connect ip is  192.168.43.186
[50689.462661]                           old connect ip is  192.168.43.237
[50689.469300]                                     but it isn't seted ip , so close it
[50689.986520] accepted a http connect , new connect ip is  192.168.43.186
[50689.993195]                           old connect ip is  192.168.43.237
[50689.999828]                                     but it isn't seted ip , so close it
[50690.525612] accepted a http connect , new connect ip is  192.168.43.186
[50690.532269]                           old connect ip is  192.168.43.237
[50690.538909]                                     but it isn't seted ip , so close it
[50691.055691] accepted a http connect , new connect ip is  192.168.43.186
[50691.062450]                           old connect ip is  192.168.43.237
[50691.069106]                                     but it isn't seted ip , so close it
[50691.586316] accepted a http connect , new connect ip is  192.168.43.186
[50691.593087]                           old connect ip is  192.168.43.237
[50691.599768]                                     but it isn't seted ip , so close it
[50692.126481] accepted a http connect , new connect ip is  192.168.43.186
[50692.133161]                           old connect ip is  192.168.43.237
[50692.139794]                                     but it isn't seted ip , so close it
[50692.655655] accepted a http connect , new connect ip is  192.168.43.186
[50692.662427]                           old connect ip is  192.168.43.237
[50692.669068]                                     but it isn't seted ip , so close it
[50693.186357] accepted a http connect , new connect ip is  192.168.43.186
[50693.193059]                           old connect ip is  192.168.43.237
[50693.199725]                                     but it isn't seted ip , so close it
[50693.725725] accepted a http connect , new connect ip is  192.168.43.186
[50693.732404]                           old connect ip is  192.168.43.237
[50693.739039]                                     but it isn't seted ip , so close it
[50694.253615] accepted a http connect , new connect ip is  192.168.43.186
[50694.260300]                           old connect ip is  192.168.43.237
[50694.266966]                                     but it isn't seted ip , so close it
[50694.785925] accepted a http connect , new connect ip is  192.168.43.186
[50694.792707]                           old connect ip is  192.168.43.237
[50694.799382]                                     but it isn't seted ip , so close it
[50695.312925] accepted a http connect , new connect ip is  192.168.43.186
[50695.319668]                           old connect ip is  192.168.43.237
[50695.326338]                                     but it isn't seted ip , so close it
[50695.845553] accepted a http connect , new connect ip is  192.168.43.186
[50695.852317]                           old connect ip is  192.168.43.237
[50695.858987]                                     but it isn't seted ip , so close it
[50696.375872] accepted a http connect , new connect ip is  192.168.43.186
[50696.382643]                           old connect ip is  192.168.43.237
[50696.389307]                                     but it isn't seted ip , so close it
[50696.915958] accepted a http connect , new connect ip is  192.168.43.186
[50696.922792]                           old connect ip is  192.168.43.237
[50696.929435]                                     but it isn't seted ip , so close it
[50697.455684] accepted a http connect , new connect ip is  192.168.43.186
[50697.462469]                           old connect ip is  192.168.43.237
[50697.469132]                                     but it isn't seted ip , so close it
[50697.995588] accepted a http connect , new connect ip is  192.168.43.186
[50698.002340]                           old connect ip is  192.168.43.237
[50698.008996]                                     but it isn't seted ip , so close it
[50698.522588] accepted a http connect , new connect ip is  192.168.43.186
[50698.529355]                           old connect ip is  192.168.43.237
[50698.536073]                                     but it isn't seted ip , so close it
[50699.055527] accepted a http connect , new connect ip is  192.168.43.186
[50699.062272]                           old connect ip is  192.168.43.237
[50699.068928]                                     but it isn't seted ip , so close it
[50699.585890] accepted a http connect , new connect ip is  192.168.43.186
[50699.592587]                           old connect ip is  192.168.43.237
[50699.599251]                                     but it isn't seted ip , so close it
[50700.125983] accepted a http connect , new connect ip is  192.168.43.186
[50700.132676]                           old connect ip is  192.168.43.237
[50700.139336]                                     but it isn't seted ip , so close it
[50700.655597] accepted a http connect , new connect ip is  192.168.43.186
[50700.662361]                           old connect ip is  192.168.43.237
[50700.669017]                                     but it isn't seted ip , so close it
[50701.184543] accepted a http connect , new connect ip is  192.168.43.186
[50701.191318]                           old connect ip is  192.168.43.237
[50701.197984]                                     but it isn't seted ip , so close it
[50701.725568] accepted a http connect , new connect ip is  192.168.43.186
[50701.732333]                           old connect ip is  192.168.43.237
[50701.739010]                                     but it isn't seted ip , so close it
[50702.252297] accepted a http connect , new connect ip is  192.168.43.186
[50702.259063]                           old connect ip is  192.168.43.237
[50702.265732]                                     but it isn't seted ip , so close it
[50702.786432] accepted a http connect , new connect ip is  192.168.43.186
[50702.793173]                           old connect ip is  192.168.43.237
[50702.799862]                                     but it isn't seted ip , so close it
[50703.313198] accepted a http connect , new connect ip is  192.168.43.186
[50703.319939]                           old connect ip is  192.168.43.237
[50703.326582]                                     but it isn't seted ip , so close it
[50703.845593] accepted a http connect , new connect ip is  192.168.43.186
[50703.852341]                           old connect ip is  192.168.43.237
[50703.859003]                                     but it isn't seted ip , so close it
[50704.385566] accepted a http connect , new connect ip is  192.168.43.186
[50704.392326]                           old connect ip is  192.168.43.237
[50704.398984]                                     but it isn't seted ip , so close it
[50704.925641] accepted a http connect , new connect ip is  192.168.43.186
[50704.932385]                           old connect ip is  192.168.43.237
[50704.939043]                                     but it isn't seted ip , so close it
[50705.455709] accepted a http connect , new connect ip is  192.168.43.186
[50705.462523]                           old connect ip is  192.168.43.237
[50705.469179]                                     but it isn't seted ip , so close it
[50705.996423] accepted a http connect , new connect ip is  192.168.43.186
[50706.003201]                           old connect ip is  192.168.43.237
[50706.009844]                                     but it isn't seted ip , so close it
[50706.537252] accepted a http connect , new connect ip is  192.168.43.186
[50706.544019]                           old connect ip is  192.168.43.237
[50706.550696]                                     but it isn't seted ip , so close it
[50707.076352] accepted a http connect , new connect ip is  192.168.43.186
[50707.083170]                           old connect ip is  192.168.43.237
[50707.089819]                                     but it isn't seted ip , so close it
[50707.616448] accepted a http connect , new connect ip is  192.168.43.186
[50707.623208]                           old connect ip is  192.168.43.237
[50707.629870]                                     but it isn't seted ip , so close it
[50708.158573] accepted a http connect , new connect ip is  192.168.43.186
[50708.165290]                           old connect ip is  192.168.43.237
[50708.171942]                                     but it isn't seted ip , so close it
[50708.695664] accepted a http connect , new connect ip is  192.168.43.186
[50708.702446]                           old connect ip is  192.168.43.237
[50708.709097]                                     but it isn't seted ip , so close it
[50709.222528] accepted a http connect , new connect ip is  192.168.43.186
[50709.229275]                           old connect ip is  192.168.43.237
[50709.235958]                                     but it isn't seted ip , so close it
[50709.755602] accepted a http connect , new connect ip is  192.168.43.186
[50709.762347]                           old connect ip is  192.168.43.237
[50709.769012]                                     but it isn't seted ip , so close it
[50710.284963] accepted a http connect , new connect ip is  192.168.43.186
[50710.291785]                           old connect ip is  192.168.43.237
[50710.298449]                                     but it isn't seted ip , so close it
[50710.812089] accepted a http connect , new connect ip is  192.168.43.186
[50710.818904]                           old connect ip is  192.168.43.237
[50710.825552]                                     but it isn't seted ip , so close it
[50711.343303] accepted a http connect , new connect ip is  192.168.43.186
[50711.350119]                           old connect ip is  192.168.43.237
[50711.356788]                                     but it isn't seted ip , so close it
[50711.877638] accepted a http connect , new connect ip is  192.168.43.186
[50711.884475]                           old connect ip is  192.168.43.237
[50711.891165]                                     but it isn't seted ip , so close it
[50712.407800] accepted a http connect , new connect ip is  192.168.43.186
[50712.414577]                           old connect ip is  192.168.43.237
[50712.421256]                                     but it isn't seted ip , so close it
[50712.945606] accepted a http connect , new connect ip is  192.168.43.186
[50712.952347]                           old connect ip is  192.168.43.237
[50712.959020]                                     but it isn't seted ip , so close it
[50713.485620] accepted a http connect , new connect ip is  192.168.43.186
[50713.492391]                           old connect ip is  192.168.43.237
[50713.499072]                                     but it isn't seted ip , so close it
[50714.025393] accepted a http connect , new connect ip is  192.168.43.186
[50714.032123]                           old connect ip is  192.168.43.237
[50714.038781]                                     but it isn't seted ip , so close it
[50714.566256] accepted a http connect , new connect ip is  192.168.43.186
[50714.573013]                           old connect ip is  192.168.43.237
[50714.579679]                                     but it isn't seted ip , so close it
[50715.105548] accepted a http connect , new connect ip is  192.168.43.186
[50715.112351]                           old connect ip is  192.168.43.237
[50715.119021]                                     but it isn't seted ip , so close it
[50715.645649] accepted a http connect , new connect ip is  192.168.43.186
[50715.652474]                           old connect ip is  192.168.43.237
[50715.659132]                                     but it isn't seted ip , so close it
[50716.173942] accepted a http connect , new connect ip is  192.168.43.186
[50716.180692]                           old connect ip is  192.168.43.237
[50716.187351]                                     but it isn't seted ip , so close it
[50716.705522] accepted a http connect , new connect ip is  192.168.43.186
[50716.712282]                           old connect ip is  192.168.43.237
[50716.718946]                                     but it isn't seted ip , so close it
[50717.232320] accepted a http connect , new connect ip is  192.168.43.186
[50717.239121]                           old connect ip is  192.168.43.237
[50717.245785]                                     but it isn't seted ip , so close it
[50717.762848] accepted a http connect , new connect ip is  192.168.43.186
[50717.769605]                           old connect ip is  192.168.43.237
[50717.776299]                                     but it isn't seted ip , so close it
[50718.290347] accepted a http connect , new connect ip is  192.168.43.186
[50718.297103]                           old connect ip is  192.168.43.237
[50718.303760]                                     but it isn't seted ip , so close it
[50718.825224] accepted a http connect , new connect ip is  192.168.43.186
[50718.831988]                           old connect ip is  192.168.43.237
[50718.838652]                                     but it isn't seted ip , so close it
[50719.352380] accepted a http connect , new connect ip is  192.168.43.186
[50719.359160]                           old connect ip is  192.168.43.237
[50719.365843]                                     but it isn't seted ip , so close it
[50719.886538] accepted a http connect , new connect ip is  192.168.43.186
[50719.893288]                           old connect ip is  192.168.43.237
[50719.899957]                                     but it isn't seted ip , so close it
[50720.418262] accepted a http connect , new connect ip is  192.168.43.186
[50720.425003]                           old connect ip is  192.168.43.237
[50720.431665]                                     but it isn't seted ip , so close it
[50720.958695] accepted a http connect , new connect ip is  192.168.43.186
[50720.965450]                           old connect ip is  192.168.43.237
[50720.972107]                                     but it isn't seted ip , so close it
[50721.535394] accepted a http connect , new connect ip is  192.168.43.186
[50721.542168]                           old connect ip is  192.168.43.237
[50721.548816]                                     but it isn't seted ip , so close it
[50722.062769] accepted a http connect , new connect ip is  192.168.43.186
[50722.069496]                           old connect ip is  192.168.43.237
[50722.076160]                                     but it isn't seted ip , so close it
[50722.595477] accepted a http connect , new connect ip is  192.168.43.186
[50722.602249]                           old connect ip is  192.168.43.237
[50722.608922]                                     but it isn't seted ip , so close it
[50723.135488] accepted a http connect , new connect ip is  192.168.43.186
[50723.142440]                           old connect ip is  192.168.43.237
[50723.149115]                                     but it isn't seted ip , so close it
[50723.663655] accepted a http connect , new connect ip is  192.168.43.186
[50723.670542]                           old connect ip is  192.168.43.237
[50723.677235]                                     but it isn't seted ip , so close it
[50724.207983] accepted a http connect , new connect ip is  192.168.43.186
[50724.214716]                           old connect ip is  192.168.43.237
[50724.221400]                                     but it isn't seted ip , so close it
[50724.755439] accepted a http connect , new connect ip is  192.168.43.186
[50724.762179]                           old connect ip is  192.168.43.237
[50724.768838]                                     but it isn't seted ip , so close it
[50725.282394] accepted a http connect , new connect ip is  192.168.43.186
[50725.289122]                           old connect ip is  192.168.43.237
[50725.295798]                                     but it isn't seted ip , so close it
[50725.815636] accepted a http connect , new connect ip is  192.168.43.186
[50725.822422]                           old connect ip is  192.168.43.237
[50725.829084]                                     but it isn't seted ip , so close it
[50726.343640] accepted a http connect , new connect ip is  192.168.43.186
[50726.350391]                           old connect ip is  192.168.43.237
[50726.357124]                                     but it isn't seted ip , so close it
[50726.875344] accepted a http connect , new connect ip is  192.168.43.186
[50726.882077]                           old connect ip is  192.168.43.237
[50726.888760]                                     but it isn't seted ip , so close it
[50727.403511] accepted a http connect , new connect ip is  192.168.43.186
[50727.410275]                           old connect ip is  192.168.43.237
[50727.416943]                                     but it isn't seted ip , so close it
[50727.935553] accepted a http connect , new connect ip is  192.168.43.186
[50727.942440]                           old connect ip is  192.168.43.237
[50727.949106]                                     but it isn't seted ip , so close it
[50728.475465] accepted a http connect , new connect ip is  192.168.43.186
[50728.482245]                           old connect ip is  192.168.43.237
[50728.488883]                                     but it isn't seted ip , so close it
[50729.015318] accepted a http connect , new connect ip is  192.168.43.186
[50729.022072]                           old connect ip is  192.168.43.237
[50729.028768]                                     but it isn't seted ip , so close it
[50729.555262] accepted a http connect , new connect ip is  192.168.43.186
[50729.562025]                           old connect ip is  192.168.43.237
[50729.568676]                                     but it isn't seted ip , so close it
[50730.095706] accepted a http connect , new connect ip is  192.168.43.186
[50730.102575]                           old connect ip is  192.168.43.237
[50730.109256]                                     but it isn't seted ip , so close it
[50730.635375] accepted a http connect , new connect ip is  192.168.43.186
[50730.642105]                           old connect ip is  192.168.43.237
[50730.648775]                                     but it isn't seted ip , so close it
[50731.165481] accepted a http connect , new connect ip is  192.168.43.186
[50731.172323]                           old connect ip is  192.168.43.237
[50731.178997]                                     but it isn't seted ip , so close it
[50731.705301] accepted a http connect , new connect ip is  192.168.43.186
[50731.712056]                           old connect ip is  192.168.43.237
[50731.718741]                                     but it isn't seted ip , so close it
[50732.233401] accepted a http connect , new connect ip is  192.168.43.186
[50732.240244]                           old connect ip is  192.168.43.237
[50732.246908]                                     but it isn't seted ip , so close it
[50732.765290] accepted a http connect , new connect ip is  192.168.43.186
[50732.772030]                           old connect ip is  192.168.43.237
[50732.778715]                                     but it isn't seted ip , so close it
[50733.291813] accepted a http connect , new connect ip is  192.168.43.186
[50733.298559]                           old connect ip is  192.168.43.237
[50733.305218]                                     but it isn't seted ip , so close it
[50733.825790] accepted a http connect , new connect ip is  192.168.43.186
[50733.832579]                           old connect ip is  192.168.43.237
[50733.839235]                                     but it isn't seted ip , so close it
[50734.353814] accepted a http connect , new connect ip is  192.168.43.186
[50734.360549]                           old connect ip is  192.168.43.237
[50734.367192]                                     but it isn't seted ip , so close it
[50734.895126] accepted a http connect , new connect ip is  192.168.43.186
[50734.901902]                           old connect ip is  192.168.43.237
[50734.908571]                                     but it isn't seted ip , so close it
[50735.421964] accepted a http connect , new connect ip is  192.168.43.186
[50735.428744]                           old connect ip is  192.168.43.237
[50735.435415]                                     but it isn't seted ip , so close it
[50735.955397] accepted a http connect , new connect ip is  192.168.43.186
[50735.962177]                           old connect ip is  192.168.43.237
[50735.968834]                                     but it isn't seted ip , so close it
[50736.495383] accepted a http connect , new connect ip is  192.168.43.186
[50736.502196]                           old connect ip is  192.168.43.237
[50736.508841]                                     but it isn't seted ip , so close it
[50737.035250] accepted a http connect , new connect ip is  192.168.43.186
[50737.041980]                           old connect ip is  192.168.43.237
[50737.048645]                                     but it isn't seted ip , so close it
[50737.575230] accepted a http connect , new connect ip is  192.168.43.186
[50737.581981]                           old connect ip is  192.168.43.237
[50737.588644]                                     but it isn't seted ip , so close it
[50738.116922] accepted a http connect , new connect ip is  192.168.43.186
[50738.123657]                           old connect ip is  192.168.43.237
[50738.130306]                                     but it isn't seted ip , so close it
[50738.655358] accepted a http connect , new connect ip is  192.168.43.186
[50738.662102]                           old connect ip is  192.168.43.237
[50738.668783]                                     but it isn't seted ip , so close it
[50739.195118] accepted a http connect , new connect ip is  192.168.43.186
[50739.201882]                           old connect ip is  192.168.43.237
[50739.208604]                                     but it isn't seted ip , so close it
[50739.722128] accepted a http connect , new connect ip is  192.168.43.186
[50739.728962]                           old connect ip is  192.168.43.237
[50739.735685]                                     but it isn't seted ip , so close it
[50740.250241] accepted a http connect , new connect ip is  192.168.43.186
[50740.256991]                           old connect ip is  192.168.43.237
[50740.263655]                                     but it isn't seted ip , so close it
[50740.785118] accepted a http connect , new connect ip is  192.168.43.186
[50740.791859]                           old connect ip is  192.168.43.237
[50740.798567]                                     but it isn't seted ip , so close it
[50741.312895] accepted a http connect , new connect ip is  192.168.43.186
[50741.319810]                           old connect ip is  192.168.43.237
[50741.326488]                                     but it isn't seted ip , so close it
[50741.855466] accepted a http connect , new connect ip is  192.168.43.186
[50741.862287]                           old connect ip is  192.168.43.237
[50741.868939]                                     but it isn't seted ip , so close it
[50742.384683] accepted a http connect , new connect ip is  192.168.43.186
[50742.391528]                           old connect ip is  192.168.43.237
[50742.398225]                                     but it isn't seted ip , so close it
[50742.926280] accepted a http connect , new connect ip is  192.168.43.186
[50742.933026]                           old connect ip is  192.168.43.237
[50742.939707]                                     but it isn't seted ip , so close it
[50743.465231] accepted a http connect , new connect ip is  192.168.43.186
[50743.471970]                           old connect ip is  192.168.43.237
[50743.478636]                                     but it isn't seted ip , so close it
[50744.005226] accepted a http connect , new connect ip is  192.168.43.186
[50744.011965]                           old connect ip is  192.168.43.237
[50744.018636]                                     but it isn't seted ip , so close it
[50744.535121] accepted a http connect , new connect ip is  192.168.43.186
[50744.541866]                           old connect ip is  192.168.43.237
[50744.548537]                                     but it isn't seted ip , so close it
[50745.065283] accepted a http connect , new connect ip is  192.168.43.186
[50745.072054]                           old connect ip is  192.168.43.237
[50745.078725]                                     but it isn't seted ip , so close it
[50745.607500] accepted a http connect , new connect ip is  192.168.43.186
[50745.614380]                           old connect ip is  192.168.43.237
[50745.621063]                                     but it isn't seted ip , so close it
[50746.135682] accepted a http connect , new connect ip is  192.168.43.186
[50746.142436]                           old connect ip is  192.168.43.237
[50746.149114]                                     but it isn't seted ip , so close it
[50746.675703] accepted a http connect , new connect ip is  192.168.43.186
[50746.682490]                           old connect ip is  192.168.43.237
[50746.689160]                                     but it isn't seted ip , so close it
[50747.215865] accepted a http connect , new connect ip is  192.168.43.186
[50747.222698]                           old connect ip is  192.168.43.237
[50747.229399]                                     but it isn't seted ip , so close it
[50747.755285] accepted a http connect , new connect ip is  192.168.43.186
[50747.762056]                           old connect ip is  192.168.43.237
[50747.768750]                                     but it isn't seted ip , so close it
[50748.285686] accepted a http connect , new connect ip is  192.168.43.186
[50748.292444]                           old connect ip is  192.168.43.237
[50748.299092]                                     but it isn't seted ip , so close it
[50748.825616] accepted a http connect , new connect ip is  192.168.43.186
[50748.832467]                           old connect ip is  192.168.43.237
[50748.839116]                                     but it isn't seted ip , so close it
[50749.352634] accepted a http connect , new connect ip is  192.168.43.186
[50749.359372]                           old connect ip is  192.168.43.237
[50749.366021]                                     but it isn't seted ip , so close it
[50749.885072] accepted a http connect , new connect ip is  192.168.43.186
[50749.891820]                           old connect ip is  192.168.43.237
[50749.898486]                                     but it isn't seted ip , so close it
[50750.412828] accepted a http connect , new connect ip is  192.168.43.186
[50750.419601]                           old connect ip is  192.168.43.237
[50750.426252]                                     but it isn't seted ip , so close it
[50750.939460] accepted a http connect , new connect ip is  192.168.43.186
[50750.946237]                           old connect ip is  192.168.43.237
[50750.952902]                                     but it isn't seted ip , so close it
[50751.472594] accepted a http connect , new connect ip is  192.168.43.186
[50751.479367]                           old connect ip is  192.168.43.237
[50751.486012]                                     but it isn't seted ip , so close it
[50752.005226] accepted a http connect , new connect ip is  192.168.43.186
[50752.012016]                           old connect ip is  192.168.43.237
[50752.018704]                                     but it isn't seted ip , so close it
[50752.545201] accepted a http connect , new connect ip is  192.168.43.186
[50752.551966]                           old connect ip is  192.168.43.237
[50752.558654]                                     but it isn't seted ip , so close it
[50753.085130] accepted a http connect , new connect ip is  192.168.43.186
[50753.091882]                           old connect ip is  192.168.43.237
[50753.098554]                                     but it isn't seted ip , so close it
[50753.625326] accepted a http connect , new connect ip is  192.168.43.186
[50753.632135]                           old connect ip is  192.168.43.237
[50753.638886]                                     but it isn't seted ip , so close it
[50754.166334] accepted a http connect , new connect ip is  192.168.43.186
[50754.173175]                           old connect ip is  192.168.43.237
[50754.179867]                                     but it isn't seted ip , so close it
[50754.705200] accepted a http connect , new connect ip is  192.168.43.186
[50754.711978]                           old connect ip is  192.168.43.237
[50754.718644]                                     but it isn't seted ip , so close it
[50755.245393] accepted a http connect , new connect ip is  192.168.43.186
[50755.252192]                           old connect ip is  192.168.43.237
[50755.258856]                                     but it isn't seted ip , so close it
[50755.785989] accepted a http connect , new connect ip is  192.168.43.186
[50755.792779]                           old connect ip is  192.168.43.237
[50755.799441]                                     but it isn't seted ip , so close it
[50756.319773] accepted a http connect , new connect ip is  192.168.43.186
[50756.326499]                           old connect ip is  192.168.43.237
[50756.333167]                                     but it isn't seted ip , so close it
[50756.856011] accepted a http connect , new connect ip is  192.168.43.186
[50756.862776]                           old connect ip is  192.168.43.237
[50756.869438]                                     but it isn't seted ip , so close it
[50757.385732] accepted a http connect , new connect ip is  192.168.43.186
[50757.392499]                           old connect ip is  192.168.43.237
[50757.399146]                                     but it isn't seted ip , so close it
[50757.912692] accepted a http connect , new connect ip is  192.168.43.186
[50757.919457]                           old connect ip is  192.168.43.237
[50757.926125]                                     but it isn't seted ip , so close it
[50758.439562] accepted a http connect , new connect ip is  192.168.43.186
[50758.446306]                           old connect ip is  192.168.43.237
[50758.453028]                                     but it isn't seted ip , so close it
[50758.974998] accepted a http connect , new connect ip is  192.168.43.186
[50758.981747]                           old connect ip is  192.168.43.237
[50758.988416]                                     but it isn't seted ip , so close it
[50759.519602] accepted a http connect , new connect ip is  192.168.43.186
[50759.526293]                           old connect ip is  192.168.43.237
[50759.533088]                                     but it isn't seted ip , so close it
[50760.064988] accepted a http connect , new connect ip is  192.168.43.186
[50760.071753]                           old connect ip is  192.168.43.237
[50760.078420]                                     but it isn't seted ip , so close it
[50760.606935] accepted a http connect , new connect ip is  192.168.43.186
[50760.613785]                           old connect ip is  192.168.43.237
[50760.620487]                                     but it isn't seted ip , so close it
[50761.145774] accepted a http connect , new connect ip is  192.168.43.186
[50761.152536]                           old connect ip is  192.168.43.237
[50761.159188]                                     but it isn't seted ip , so close it
[50761.685096] accepted a http connect , new connect ip is  192.168.43.186
[50761.691887]                           old connect ip is  192.168.43.237
[50761.698548]                                     but it isn't seted ip , so close it
[50762.227253] accepted a http connect , new connect ip is  192.168.43.186
[50762.234046]                           old connect ip is  192.168.43.237
[50762.240788]                                     but it isn't seted ip , so close it
[50762.765543] accepted a http connect , new connect ip is  192.168.43.186
[50762.772306]                           old connect ip is  192.168.43.237
[50762.779022]                                     but it isn't seted ip , so close it
[50763.293762] accepted a http connect , new connect ip is  192.168.43.186
[50763.300552]                           old connect ip is  192.168.43.237
[50763.307271]                                     but it isn't seted ip , so close it
[50763.836797] accepted a http connect , new connect ip is  192.168.43.186
[50763.843556]                           old connect ip is  192.168.43.237
[50763.850201]                                     but it isn't seted ip , so close it
[50764.365310] accepted a http connect , new connect ip is  192.168.43.186
[50764.372047]                           old connect ip is  192.168.43.237
[50764.378707]                                     but it isn't seted ip , so close it
[50764.907288] accepted a http connect , new connect ip is  192.168.43.186
[50764.914042]                           old connect ip is  192.168.43.237
[50764.920714]                                     but it isn't seted ip , so close it
[50765.435036] accepted a http connect , new connect ip is  192.168.43.186
[50765.441809]                           old connect ip is  192.168.43.237
[50765.448492]                                     but it isn't seted ip , so close it
[50765.976723] accepted a http connect , new connect ip is  192.168.43.186
[50765.983413]                           old connect ip is  192.168.43.237
[50765.990065]                                     but it isn't seted ip , so close it
[50766.504997] accepted a http connect , new connect ip is  192.168.43.186
[50766.511895]                           old connect ip is  192.168.43.237
[50766.518598]                                     but it isn't seted ip , so close it
[50767.045256] accepted a http connect , new connect ip is  192.168.43.186
[50767.052010]                           old connect ip is  192.168.43.237
[50767.058706]                                     but it isn't seted ip , so close it
[50767.585555] accepted a http connect , new connect ip is  192.168.43.186
[50767.592315]                           old connect ip is  192.168.43.237
[50767.599080]                                     but it isn't seted ip , so close it
[50768.125053] accepted a http connect , new connect ip is  192.168.43.186
[50768.131842]                           old connect ip is  192.168.43.237
[50768.138508]                                     but it isn't seted ip , so close it
[50768.664954] accepted a http connect , new connect ip is  192.168.43.186
[50768.671708]                           old connect ip is  192.168.43.237
[50768.678374]                                     but it isn't seted ip , so close it
[50769.195080] accepted a http connect , new connect ip is  192.168.43.186
[50769.201828]                           old connect ip is  192.168.43.237
[50769.208536]                                     but it isn't seted ip , so close it
[50769.734914] accepted a http connect , new connect ip is  192.168.43.186
[50769.741676]                           old connect ip is  192.168.43.237
[50769.748345]                                     but it isn't seted ip , so close it
[50770.276021] accepted a http connect , new connect ip is  192.168.43.186
[50770.282796]                           old connect ip is  192.168.43.237
[50770.289478]                                     but it isn't seted ip , so close it
[50770.804462] accepted a http connect , new connect ip is  192.168.43.186
[50770.811272]                           old connect ip is  192.168.43.237
[50770.817981]                                     but it isn't seted ip , so close it
[50771.333283] accepted a http connect , new connect ip is  192.168.43.186
[50771.340065]                           old connect ip is  192.168.43.237
[50771.346795]                                     but it isn't seted ip , so close it
[50771.875108] accepted a http connect , new connect ip is  192.168.43.186
[50771.881872]                           old connect ip is  192.168.43.237
[50771.888536]                                     but it isn't seted ip , so close it
[50772.402533] accepted a http connect , new connect ip is  192.168.43.186
[50772.409361]                           old connect ip is  192.168.43.237
[50772.416074]                                     but it isn't seted ip , so close it
[50772.936550] accepted a http connect , new connect ip is  192.168.43.186
[50772.943375]                           old connect ip is  192.168.43.237
[50772.950083]                                     but it isn't seted ip , so close it
[50773.466198] accepted a http connect , new connect ip is  192.168.43.186
[50773.472958]                           old connect ip is  192.168.43.237
[50773.479602]                                     but it isn't seted ip , so close it
[50774.005031] accepted a http connect , new connect ip is  192.168.43.186
[50774.011822]                           old connect ip is  192.168.43.237
[50774.018518]                                     but it isn't seted ip , so close it
[50774.544894] accepted a http connect , new connect ip is  192.168.43.186
[50774.551633]                           old connect ip is  192.168.43.237
[50774.558365]                                     but it isn't seted ip , so close it
[50775.084961] accepted a http connect , new connect ip is  192.168.43.186
[50775.091739]                           old connect ip is  192.168.43.237
[50775.098401]                                     but it isn't seted ip , so close it
[50775.625280] accepted a http connect , new connect ip is  192.168.43.186
[50775.632025]                           old connect ip is  192.168.43.237
[50775.638685]                                     but it isn't seted ip , so close it
[50776.164792] accepted a http connect , new connect ip is  192.168.43.186
[50776.171596]                           old connect ip is  192.168.43.237
[50776.178258]                                     but it isn't seted ip , so close it
[50776.695111] accepted a http connect , new connect ip is  192.168.43.186
[50776.701970]                           old connect ip is  192.168.43.237
[50776.708686]                                     but it isn't seted ip , so close it
[50777.235191] accepted a http connect , new connect ip is  192.168.43.186
[50777.241970]                           old connect ip is  192.168.43.237
[50777.248643]                                     but it isn't seted ip , so close it
[50777.768398] accepted a http connect , new connect ip is  192.168.43.186
[50777.775197]                           old connect ip is  192.168.43.237
[50777.781877]                                     but it isn't seted ip , so close it
[50778.296725] accepted a http connect , new connect ip is  192.168.43.186
[50778.303504]                           old connect ip is  192.168.43.237
[50778.310195]                                     but it isn't seted ip , so close it
[50778.835005] accepted a http connect , new connect ip is  192.168.43.186
[50778.841747]                           old connect ip is  192.168.43.237
[50778.848418]                                     but it isn't seted ip , so close it
[50779.365500] accepted a http connect , new connect ip is  192.168.43.186
[50779.372242]                           old connect ip is  192.168.43.237
[50779.378901]                                     but it isn't seted ip , so close it
[50779.905514] accepted a http connect , new connect ip is  192.168.43.186
[50779.912277]                           old connect ip is  192.168.43.237
[50779.918936]                                     but it isn't seted ip , so close it
[50780.432897] accepted a http connect , new connect ip is  192.168.43.186
[50780.439654]                           old connect ip is  192.168.43.237
[50780.446303]                                     but it isn't seted ip , so close it
[50780.964980] accepted a http connect , new connect ip is  192.168.43.186
[50780.971736]                           old connect ip is  192.168.43.237
[50780.978471]                                     but it isn't seted ip , so close it
[50781.492757] accepted a http connect , new connect ip is  192.168.43.186
[50781.499599]                           old connect ip is  192.168.43.237
[50781.506266]                                     but it isn't seted ip , so close it
[50782.026591] accepted a http connect , new connect ip is  192.168.43.186
[50782.033338]                           old connect ip is  192.168.43.237
[50782.040010]                                     but it isn't seted ip , so close it
[50782.556525] accepted a http connect , new connect ip is  192.168.43.186
[50782.563342]                           old connect ip is  192.168.43.237
[50782.570028]                                     but it isn't seted ip , so close it
[50783.095554] accepted a http connect , new connect ip is  192.168.43.186
[50783.102333]                           old connect ip is  192.168.43.237
[50783.108988]                                     but it isn't seted ip , so close it
[50783.635154] accepted a http connect , new connect ip is  192.168.43.186
[50783.641956]                           old connect ip is  192.168.43.237
[50783.648637]                                     but it isn't seted ip , so close it
[50784.175738] accepted a http connect , new connect ip is  192.168.43.186
[50784.182654]                           old connect ip is  192.168.43.237
[50784.189340]                                     but it isn't seted ip , so close it
[50784.714805] accepted a http connect , new connect ip is  192.168.43.186
[50784.721552]                           old connect ip is  192.168.43.237
[50784.728211]                                     but it isn't seted ip , so close it
[50785.245060] accepted a http connect , new connect ip is  192.168.43.186
[50785.251818]                           old connect ip is  192.168.43.237
[50785.258490]                                     but it isn't seted ip , so close it
[50785.784817] accepted a http connect , new connect ip is  192.168.43.186
[50785.791553]                           old connect ip is  192.168.43.237
[50785.798225]                                     but it isn't seted ip , so close it
[50786.311377] accepted a http connect , new connect ip is  192.168.43.186
[50786.318254]                           old connect ip is  192.168.43.237
[50786.324897]                                     but it isn't seted ip , so close it
[50786.844889] accepted a http connect , new connect ip is  192.168.43.186
[50786.851652]                           old connect ip is  192.168.43.237
[50786.858311]                                     but it isn't seted ip , so close it
[50787.371863] accepted a http connect , new connect ip is  192.168.43.186
[50787.378707]                           old connect ip is  192.168.43.237
[50787.385396]                                     but it isn't seted ip , so close it
[50787.904707] accepted a http connect , new connect ip is  192.168.43.186
[50787.911462]                           old connect ip is  192.168.43.237
[50787.918147]                                     but it isn't seted ip , so close it
[50788.432455] accepted a http connect , new connect ip is  192.168.43.186
[50788.439193]                           old connect ip is  192.168.43.237
[50788.445847]                                     but it isn't seted ip , so close it
[50788.964767] accepted a http connect , new connect ip is  192.168.43.186
[50788.971570]                           old connect ip is  192.168.43.237
[50788.978252]                                     but it isn't seted ip , so close it
[50789.491327] accepted a http connect , new connect ip is  192.168.43.186
[50789.498102]                           old connect ip is  192.168.43.237
[50789.504804]                                     but it isn't seted ip , so close it
[50790.025035] accepted a http connect , new connect ip is  192.168.43.186
[50790.031855]                           old connect ip is  192.168.43.237
[50790.038519]                                     but it isn't seted ip , so close it
[50790.564706] accepted a http connect , new connect ip is  192.168.43.186
[50790.571440]                           old connect ip is  192.168.43.237
[50790.578103]                                     but it isn't seted ip , so close it
[50791.104810] accepted a http connect , new connect ip is  192.168.43.186
[50791.111550]                           old connect ip is  192.168.43.237
[50791.118274]                                     but it isn't seted ip , so close it
[50791.644773] accepted a http connect , new connect ip is  192.168.43.186
[50791.651531]                           old connect ip is  192.168.43.237
[50791.658192]                                     but it isn't seted ip , so close it
[50792.184706] accepted a http connect , new connect ip is  192.168.43.186
[50792.191483]                           old connect ip is  192.168.43.237
[50792.198147]                                     but it isn't seted ip , so close it
[50792.715959] accepted a http connect , new connect ip is  192.168.43.186
[50792.722825]                           old connect ip is  192.168.43.237
[50792.729526]                                     but it isn't seted ip , so close it
[50793.255197] accepted a http connect , new connect ip is  192.168.43.186
[50793.262006]                           old connect ip is  192.168.43.237
[50793.268991]                                     but it isn't seted ip , so close it
[50793.794623] accepted a http connect , new connect ip is  192.168.43.186
[50793.801368]                           old connect ip is  192.168.43.237
[50793.808024]                                     but it isn't seted ip , so close it
[50794.325132] accepted a http connect , new connect ip is  192.168.43.186
[50794.331898]                           old connect ip is  192.168.43.237
[50794.338563]                                     but it isn't seted ip , so close it
[50794.865037] accepted a http connect , new connect ip is  192.168.43.186
[50794.871879]                           old connect ip is  192.168.43.237
[50794.878641]                                     but it isn't seted ip , so close it
[50795.392459] accepted a http connect , new connect ip is  192.168.43.186
[50795.399230]                           old connect ip is  192.168.43.237
[50795.405881]                                     but it isn't seted ip , so close it
[50795.934676] accepted a http connect , new connect ip is  192.168.43.186
[50795.941495]                           old connect ip is  192.168.43.237
[50795.948166]                                     but it isn't seted ip , so close it
[50796.463302] accepted a http connect , new connect ip is  192.168.43.186
[50796.470052]                           old connect ip is  192.168.43.237
[50796.476787]                                     but it isn't seted ip , so close it
[50796.994873] accepted a http connect , new connect ip is  192.168.43.186
[50797.001622]                           old connect ip is  192.168.43.237
[50797.008283]                                     but it isn't seted ip , so close it
[50797.521843] accepted a http connect , new connect ip is  192.168.43.186
[50797.528584]                           old connect ip is  192.168.43.237
[50797.535254]                                     but it isn't seted ip , so close it
[50798.054706] accepted a http connect , new connect ip is  192.168.43.186
[50798.061374]                           old connect ip is  192.168.43.237
[50798.068019]                                     but it isn't seted ip , so close it
[50798.584687] accepted a http connect , new connect ip is  192.168.43.186
[50798.591357]                           old connect ip is  192.168.43.237
[50798.598000]                                     but it isn't seted ip , so close it
[50799.114772] accepted a http connect , new connect ip is  192.168.43.186
[50799.121477]                           old connect ip is  192.168.43.237
[50799.128131]                                     but it isn't seted ip , so close it
[50799.644780] accepted a http connect , new connect ip is  192.168.43.186
[50799.651459]                           old connect ip is  192.168.43.237
[50799.658105]                                     but it isn't seted ip , so close it
[50800.184554] accepted a http connect , new connect ip is  192.168.43.186
[50800.191306]                           old connect ip is  192.168.43.237
[50800.197990]                                     but it isn't seted ip , so close it
[50800.714561] accepted a http connect , new connect ip is  192.168.43.186
[50800.721303]                           old connect ip is  192.168.43.237
[50800.727956]                                     but it isn't seted ip , so close it
[50801.244657] accepted a http connect , new connect ip is  192.168.43.186
[50801.251515]                           old connect ip is  192.168.43.237
[50801.258191]                                     but it isn't seted ip , so close it
[50801.786086] accepted a http connect , new connect ip is  192.168.43.186
[50801.792901]                           old connect ip is  192.168.43.237
[50801.799569]                                     but it isn't seted ip , so close it
[50802.317922] accepted a http connect , new connect ip is  192.168.43.186
[50802.324674]                           old connect ip is  192.168.43.237
[50802.331331]                                     but it isn't seted ip , so close it
[50802.854821] accepted a http connect , new connect ip is  192.168.43.186
[50802.861599]                           old connect ip is  192.168.43.237
[50802.868263]                                     but it isn't seted ip , so close it
[50803.381949] accepted a http connect , new connect ip is  192.168.43.186
[50803.388708]                           old connect ip is  192.168.43.237
[50803.395367]                                     but it isn't seted ip , so close it
[50803.914841] accepted a http connect , new connect ip is  192.168.43.186
[50803.921840]                           old connect ip is  192.168.43.237
[50803.928523]                                     but it isn't seted ip , so close it
[50804.442083] accepted a http connect , new connect ip is  192.168.43.186
[50804.448835]                           old connect ip is  192.168.43.237
[50804.455496]                                     but it isn't seted ip , so close it
[50804.984753] accepted a http connect , new connect ip is  192.168.43.186
[50804.991508]                           old connect ip is  192.168.43.237
[50804.998187]                                     but it isn't seted ip , so close it
[50805.511520] accepted a http connect , new connect ip is  192.168.43.186
[50805.518342]                           old connect ip is  192.168.43.237
[50805.524985]                                     but it isn't seted ip , so close it
[50806.044790] accepted a http connect , new connect ip is  192.168.43.186
[50806.051550]                           old connect ip is  192.168.43.237
[50806.058213]                                     but it isn't seted ip , so close it
[50806.584909] accepted a http connect , new connect ip is  192.168.43.186
[50806.591746]                           old connect ip is  192.168.43.237
[50806.598439]                                     but it isn't seted ip , so close it
[50807.124839] accepted a http connect , new connect ip is  192.168.43.186
[50807.131626]                           old connect ip is  192.168.43.237
[50807.138300]                                     but it isn't seted ip , so close it
[50807.664596] accepted a http connect , new connect ip is  192.168.43.186
[50807.671362]                           old connect ip is  192.168.43.237
[50807.678037]                                     but it isn't seted ip , so close it
[50808.205087] accepted a http connect , new connect ip is  192.168.43.186
[50808.211897]                           old connect ip is  192.168.43.237
[50808.218600]                                     but it isn't seted ip , so close it
[50808.744853] accepted a http connect , new connect ip is  192.168.43.186
[50808.751638]                           old connect ip is  192.168.43.237
[50808.758312]                                     but it isn't seted ip , so close it
[50809.284535] accepted a http connect , new connect ip is  192.168.43.186
[50809.291277]                           old connect ip is  192.168.43.237
[50809.297938]                                     but it isn't seted ip , so close it
[50809.812789] accepted a http connect , new connect ip is  192.168.43.186
[50809.819537]                           old connect ip is  192.168.43.237
[50809.826196]                                     but it isn't seted ip , so close it
[50810.342443] accepted a http connect , new connect ip is  192.168.43.186
[50810.349192]                           old connect ip is  192.168.43.237
[50810.355855]                                     but it isn't seted ip , so close it
[50810.874689] accepted a http connect , new connect ip is  192.168.43.186
[50810.881590]                           old connect ip is  192.168.43.237
[50810.888250]                                     but it isn't seted ip , so close it
[50811.402391] accepted a http connect , new connect ip is  192.168.43.186
[50811.409185]                           old connect ip is  192.168.43.237
[50811.415858]                                     but it isn't seted ip , so close it
[50811.934533] accepted a http connect , new connect ip is  192.168.43.186
[50811.941272]                           old connect ip is  192.168.43.237
[50811.947951]                                     but it isn't seted ip , so close it
[50812.462394] accepted a http connect , new connect ip is  192.168.43.186
[50812.469126]                           old connect ip is  192.168.43.237
[50812.475791]                                     but it isn't seted ip , so close it
[50812.994542] accepted a http connect , new connect ip is  192.168.43.186
[50813.001286]                           old connect ip is  192.168.43.237
[50813.007948]                                     but it isn't seted ip , so close it
[50813.521671] accepted a http connect , new connect ip is  192.168.43.186
[50813.528467]                           old connect ip is  192.168.43.237
[50813.535129]                                     but it isn't seted ip , so close it
[50814.064749] accepted a http connect , new connect ip is  192.168.43.186
[50814.071542]                           old connect ip is  192.168.43.237
[50814.078229]                                     but it isn't seted ip , so close it
[50814.604554] accepted a http connect , new connect ip is  192.168.43.186
[50814.611294]                           old connect ip is  192.168.43.237
[50814.617961]                                     but it isn't seted ip , so close it
[50815.144612] accepted a http connect , new connect ip is  192.168.43.186
[50815.151390]                           old connect ip is  192.168.43.237
[50815.158068]                                     but it isn't seted ip , so close it
[50815.684530] accepted a http connect , new connect ip is  192.168.43.186
[50815.691275]                           old connect ip is  192.168.43.237
[50815.697939]                                     but it isn't seted ip , so close it
[50816.224646] accepted a http connect , new connect ip is  192.168.43.186
[50816.231385]                           old connect ip is  192.168.43.237
[50816.238056]                                     but it isn't seted ip , so close it
[50816.764787] accepted a http connect , new connect ip is  192.168.43.186
[50816.771556]                           old connect ip is  192.168.43.237
[50816.778228]                                     but it isn't seted ip , so close it
[50817.295084] accepted a http connect , new connect ip is  192.168.43.186
[50817.301867]                           old connect ip is  192.168.43.237
[50817.308512]                                     but it isn't seted ip , so close it
[50817.834669] accepted a http connect , new connect ip is  192.168.43.186
[50817.841423]                           old connect ip is  192.168.43.237
[50817.848094]                                     but it isn't seted ip , so close it
[50818.361776] accepted a http connect , new connect ip is  192.168.43.186
[50818.368516]                           old connect ip is  192.168.43.237
[50818.375187]                                     but it isn't seted ip , so close it
[50818.894539] accepted a http connect , new connect ip is  192.168.43.186
[50818.901272]                           old connect ip is  192.168.43.237
[50818.907945]                                     but it isn't seted ip , so close it
[50819.425683] accepted a http connect , new connect ip is  192.168.43.186
[50819.432396]                           old connect ip is  192.168.43.237
[50819.439075]                                     but it isn't seted ip , so close it
[50819.964648] accepted a http connect , new connect ip is  192.168.43.186
[50819.971464]                           old connect ip is  192.168.43.237
[50819.978135]                                     but it isn't seted ip , so close it
[50820.496657] accepted a http connect , new connect ip is  192.168.43.186
[50820.503421]                           old connect ip is  192.168.43.237
[50820.510069]                                     but it isn't seted ip , so close it
[50821.034507] accepted a http connect , new connect ip is  192.168.43.186
[50821.041230]                           old connect ip is  192.168.43.237
[50821.047905]                                     but it isn't seted ip , so close it
[50821.574462] accepted a http connect , new connect ip is  192.168.43.186
[50821.581206]                           old connect ip is  192.168.43.237
[50821.587849]                                     but it isn't seted ip , so close it
[50822.114610] accepted a http connect , new connect ip is  192.168.43.186
[50822.121364]                           old connect ip is  192.168.43.237
[50822.128031]                                     but it isn't seted ip , so close it
[50822.654489] accepted a http connect , new connect ip is  192.168.43.186
[50822.661255]                           old connect ip is  192.168.43.237
[50822.667931]                                     but it isn't seted ip , so close it
[50823.194483] accepted a http connect , new connect ip is  192.168.43.186
[50823.201223]                           old connect ip is  192.168.43.237
[50823.207875]                                     but it isn't seted ip , so close it
[50823.734501] accepted a http connect , new connect ip is  192.168.43.186
[50823.741249]                           old connect ip is  192.168.43.237
[50823.747912]                                     but it isn't seted ip , so close it
[50824.275391] accepted a http connect , new connect ip is  192.168.43.186
[50824.282136]                           old connect ip is  192.168.43.237
[50824.288793]                                     but it isn't seted ip , so close it
[50824.814366] accepted a http connect , new connect ip is  192.168.43.186
[50824.821097]                           old connect ip is  192.168.43.237
[50824.827758]                                     but it isn't seted ip , so close it
[50825.347422] accepted a http connect , new connect ip is  192.168.43.186
[50825.354115]                           old connect ip is  192.168.43.237
[50825.360772]                                     but it isn't seted ip , so close it
[50825.884743] accepted a http connect , new connect ip is  192.168.43.186
[50825.891520]                           old connect ip is  192.168.43.237
[50825.898194]                                     but it isn't seted ip , so close it
[50826.417052] accepted a http connect , new connect ip is  192.168.43.186
[50826.423901]                           old connect ip is  192.168.43.237
[50826.430642]                                     but it isn't seted ip , so close it
[50826.954692] accepted a http connect , new connect ip is  192.168.43.186
[50826.961422]                           old connect ip is  192.168.43.237
[50826.968090]                                     but it isn't seted ip , so close it
[50827.482388] accepted a http connect , new connect ip is  192.168.43.186
[50827.489127]                           old connect ip is  192.168.43.237
[50827.495844]                                     but it isn't seted ip , so close it
[50828.010753] accepted a http connect , new connect ip is  192.168.43.186
[50828.017523]                           old connect ip is  192.168.43.237
[50828.024210]                                     but it isn't seted ip , so close it
[50828.556470] accepted a http connect , new connect ip is  192.168.43.186
[50828.563314]                           old connect ip is  192.168.43.237
[50828.569963]                                     but it isn't seted ip , so close it
[50829.088732] accepted a http connect , new connect ip is  192.168.43.186
[50829.095601]                           old connect ip is  192.168.43.237
[50829.102290]                                     but it isn't seted ip , so close it
[50829.624551] accepted a http connect , new connect ip is  192.168.43.186
[50829.631311]                           old connect ip is  192.168.43.237
[50829.637991]                                     but it isn't seted ip , so close it
[50830.164669] accepted a http connect , new connect ip is  192.168.43.186
[50830.171520]                           old connect ip is  192.168.43.237
[50830.178225]                                     but it isn't seted ip , so close it
[50830.704424] accepted a http connect , new connect ip is  192.168.43.186
[50830.711200]                           old connect ip is  192.168.43.237
[50830.717866]                                     but it isn't seted ip , so close it
[50831.244459] accepted a http connect , new connect ip is  192.168.43.186
[50831.251253]                           old connect ip is  192.168.43.237
[50831.257915]                                     but it isn't seted ip , so close it
[50831.788905] accepted a http connect , new connect ip is  192.168.43.186
[50831.795644]                           old connect ip is  192.168.43.237
[50831.802304]                                     but it isn't seted ip , so close it
[50832.324397] accepted a http connect , new connect ip is  192.168.43.186
[50832.331142]                           old connect ip is  192.168.43.237
[50832.337821]                                     but it isn't seted ip , so close it
[50832.854524] accepted a http connect , new connect ip is  192.168.43.186
[50832.861256]                           old connect ip is  192.168.43.237
[50832.867921]                                     but it isn't seted ip , so close it
[50833.380969] accepted a http connect , new connect ip is  192.168.43.186
[50833.387783]                           old connect ip is  192.168.43.237
[50833.394440]                                     but it isn't seted ip , so close it
[50833.914603] accepted a http connect , new connect ip is  192.168.43.186
[50833.921349]                           old connect ip is  192.168.43.237
[50833.927999]                                     but it isn't seted ip , so close it
[50834.441296] accepted a http connect , new connect ip is  192.168.43.186
[50834.448035]                           old connect ip is  192.168.43.237
[50834.454696]                                     but it isn't seted ip , so close it
[50834.974435] accepted a http connect , new connect ip is  192.168.43.186
[50834.981170]                           old connect ip is  192.168.43.237
[50834.987845]                                     but it isn't seted ip , so close it
[50835.501098] accepted a http connect , new connect ip is  192.168.43.186
[50835.507896]                           old connect ip is  192.168.43.237
[50835.514569]                                     but it isn't seted ip , so close it
[50836.034582] accepted a http connect , new connect ip is  192.168.43.186
[50836.041381]                           old connect ip is  192.168.43.237
[50836.048046]                                     but it isn't seted ip , so close it
[50836.561598] accepted a http connect , new connect ip is  192.168.43.186
[50836.568341]                           old connect ip is  192.168.43.237
[50836.575072]                                     but it isn't seted ip , so close it
[50837.104304] accepted a http connect , new connect ip is  192.168.43.186
[50837.111050]                           old connect ip is  192.168.43.237
[50837.117721]                                     but it isn't seted ip , so close it
[50837.645205] accepted a http connect , new connect ip is  192.168.43.186
[50837.651984]                           old connect ip is  192.168.43.237
[50837.658670]                                     but it isn't seted ip , so close it
[50838.184082] accepted a http connect , new connect ip is  192.168.43.186
[50838.190866]                           old connect ip is  192.168.43.237
[50838.197543]                                     but it isn't seted ip , so close it
[50838.724265] accepted a http connect , new connect ip is  192.168.43.186
[50838.731022]                           old connect ip is  192.168.43.237
[50838.737695]                                     but it isn't seted ip , so close it
[50839.254417] accepted a http connect , new connect ip is  192.168.43.186
[50839.261273]                           old connect ip is  192.168.43.237
[50839.267977]                                     but it isn't seted ip , so close it
[50839.781747] accepted a http connect , new connect ip is  192.168.43.186
[50839.788565]                           old connect ip is  192.168.43.237
[50839.795221]                                     but it isn't seted ip , so close it
[50840.308515] accepted a http connect , new connect ip is  192.168.43.186
[50840.315279]                           old connect ip is  192.168.43.237
[50840.321949]                                     but it isn't seted ip , so close it
[50840.844524] accepted a http connect , new connect ip is  192.168.43.186
[50840.851269]                           old connect ip is  192.168.43.237
[50840.857975]                                     but it isn't seted ip , so close it
[50841.381650] accepted a http connect , new connect ip is  192.168.43.186
[50841.388480]                           old connect ip is  192.168.43.237
[50841.395178]                                     but it isn't seted ip , so close it
[50841.915678] accepted a http connect , new connect ip is  192.168.43.186
[50841.922520]                           old connect ip is  192.168.43.237
[50841.929199]                                     but it isn't seted ip , so close it
[50842.442622] accepted a http connect , new connect ip is  192.168.43.186
[50842.449394]                           old connect ip is  192.168.43.237
[50842.456078]                                     but it isn't seted ip , so close it
[50842.974284] accepted a http connect , new connect ip is  192.168.43.186
[50842.981009]                           old connect ip is  192.168.43.237
[50842.987686]                                     but it isn't seted ip , so close it
[50843.502530] accepted a http connect , new connect ip is  192.168.43.186
[50843.509452]                           old connect ip is  192.168.43.237
[50843.516149]                                     but it isn't seted ip , so close it
[50844.034539] accepted a http connect , new connect ip is  192.168.43.186
[50844.041294]                           old connect ip is  192.168.43.237
[50844.047969]                                     but it isn't seted ip , so close it
[50844.564989] accepted a http connect , new connect ip is  192.168.43.186
[50844.571826]                           old connect ip is  192.168.43.237
[50844.578487]                                     but it isn't seted ip , so close it
[50845.104361] accepted a http connect , new connect ip is  192.168.43.186
[50845.111107]                           old connect ip is  192.168.43.237
[50845.117774]                                     but it isn't seted ip , so close it
[50845.644469] accepted a http connect , new connect ip is  192.168.43.186
[50845.651301]                           old connect ip is  192.168.43.237
[50845.657997]                                     but it isn't seted ip , so close it
[50846.171882] accepted a http connect , new connect ip is  192.168.43.186
[50846.178646]                           old connect ip is  192.168.43.237
[50846.185359]                                     but it isn't seted ip , so close it
[50846.704485] accepted a http connect , new connect ip is  192.168.43.186
[50846.711275]                           old connect ip is  192.168.43.237
[50846.718052]                                     but it isn't seted ip , so close it
[50847.244241] accepted a http connect , new connect ip is  192.168.43.186
[50847.251040]                           old connect ip is  192.168.43.237
[50847.257744]                                     but it isn't seted ip , so close it
[50847.784276] accepted a http connect , new connect ip is  192.168.43.186
[50847.791036]                           old connect ip is  192.168.43.237
[50847.797721]                                     but it isn't seted ip , so close it
[50848.324168] accepted a http connect , new connect ip is  192.168.43.186
[50848.330928]                           old connect ip is  192.168.43.237
[50848.337593]                                     but it isn't seted ip , so close it
[50848.854134] accepted a http connect , new connect ip is  192.168.43.186
[50848.860863]                           old connect ip is  192.168.43.237
[50848.867526]                                     but it isn't seted ip , so close it
[50849.385952] accepted a http connect , new connect ip is  192.168.43.186
[50849.392717]                           old connect ip is  192.168.43.237
[50849.399400]                                     but it isn't seted ip , so close it
[50849.924471] accepted a http connect , new connect ip is  192.168.43.186
[50849.931343]                           old connect ip is  192.168.43.237
[50849.938022]                                     but it isn't seted ip , so close it
[50850.452724] accepted a http connect , new connect ip is  192.168.43.186
[50850.459530]                           old connect ip is  192.168.43.237
[50850.466211]                                     but it isn't seted ip , so close it
[50850.994445] accepted a http connect , new connect ip is  192.168.43.186
[50851.001207]                           old connect ip is  192.168.43.237
[50851.007877]                                     but it isn't seted ip , so close it
[50851.521838] accepted a http connect , new connect ip is  192.168.43.186
[50851.528609]                           old connect ip is  192.168.43.237
[50851.535532]                                     but it isn't seted ip , so close it
[50852.052714] accepted a http connect , new connect ip is  192.168.43.186
[50852.059492]                           old connect ip is  192.168.43.237
[50852.066179]                                     but it isn't seted ip , so close it
[50852.579545] accepted a http connect , new connect ip is  192.168.43.186
[50852.586312]                           old connect ip is  192.168.43.237
[50852.592965]                                     but it isn't seted ip , so close it
[50853.114257] accepted a http connect , new connect ip is  192.168.43.186
[50853.121014]                           old connect ip is  192.168.43.237
[50853.127680]                                     but it isn't seted ip , so close it
[50853.659734] accepted a http connect , new connect ip is  192.168.43.186
[50853.666478]                           old connect ip is  192.168.43.237
[50853.673148]                                     but it isn't seted ip , so close it
[50854.194519] accepted a http connect , new connect ip is  192.168.43.186
[50854.201283]                           old connect ip is  192.168.43.237
[50854.207946]                                     but it isn't seted ip , so close it
[50854.734236] accepted a http connect , new connect ip is  192.168.43.186
[50854.740964]                           old connect ip is  192.168.43.237
[50854.747624]                                     but it isn't seted ip , so close it
[50855.274423] accepted a http connect , new connect ip is  192.168.43.186
[50855.281182]                           old connect ip is  192.168.43.237
[50855.287859]                                     but it isn't seted ip , so close it
[50855.814268] accepted a http connect , new connect ip is  192.168.43.186
[50855.821025]                           old connect ip is  192.168.43.237
[50855.827688]                                     but it isn't seted ip , so close it
[50856.354202] accepted a http connect , new connect ip is  192.168.43.186
[50856.360964]                           old connect ip is  192.168.43.237
[50856.367617]                                     but it isn't seted ip , so close it
[50856.894397] accepted a http connect , new connect ip is  192.168.43.186
[50856.901266]                           old connect ip is  192.168.43.237
[50856.907979]                                     but it isn't seted ip , so close it
[50857.422834] accepted a http connect , new connect ip is  192.168.43.186
[50857.429592]                           old connect ip is  192.168.43.237
[50857.436274]                                     but it isn't seted ip , so close it
[50857.954522] accepted a http connect , new connect ip is  192.168.43.186
[50857.961386]                           old connect ip is  192.168.43.237
[50857.968167]                                     but it isn't seted ip , so close it
[50858.482475] accepted a http connect , new connect ip is  192.168.43.186
[50858.489229]                           old connect ip is  192.168.43.237
[50858.495966]                                     but it isn't seted ip , so close it
[50859.015133] accepted a http connect , new connect ip is  192.168.43.186
[50859.021861]                           old connect ip is  192.168.43.237
[50859.028533]                                     but it isn't seted ip , so close it
[50859.542059] accepted a http connect , new connect ip is  192.168.43.186
[50859.548815]                           old connect ip is  192.168.43.237
[50859.555499]                                     but it isn't seted ip , so close it
[50860.074205] accepted a http connect , new connect ip is  192.168.43.186
[50860.080922]                           old connect ip is  192.168.43.237
[50860.087588]                                     but it isn't seted ip , so close it
[50860.604919] accepted a http connect , new connect ip is  192.168.43.186
[50860.611667]                           old connect ip is  192.168.43.237
[50860.618329]                                     but it isn't seted ip , so close it
[50861.144403] accepted a http connect , new connect ip is  192.168.43.186
[50861.151185]                           old connect ip is  192.168.43.237
[50861.157894]                                     but it isn't seted ip , so close it
[50861.684386] accepted a http connect , new connect ip is  192.168.43.186
[50861.691205]                           old connect ip is  192.168.43.237
[50861.697912]                                     but it isn't seted ip , so close it
[50862.224340] accepted a http connect , new connect ip is  192.168.43.186
[50862.231133]                           old connect ip is  192.168.43.237
[50862.237814]                                     but it isn't seted ip , so close it
[50862.764242] accepted a http connect , new connect ip is  192.168.43.186
[50862.771020]                           old connect ip is  192.168.43.237
[50862.777692]                                     but it isn't seted ip , so close it
[50863.304806] accepted a http connect , new connect ip is  192.168.43.186
[50863.311566]                           old connect ip is  192.168.43.237
[50863.318256]                                     but it isn't seted ip , so close it
[50863.844191] accepted a http connect , new connect ip is  192.168.43.186
[50863.850954]                           old connect ip is  192.168.43.237
[50863.857616]                                     but it isn't seted ip , so close it
[50864.384151] accepted a http connect , new connect ip is  192.168.43.186
[50864.390913]                           old connect ip is  192.168.43.237
[50864.397575]                                     but it isn't seted ip , so close it
[50864.925123] accepted a http connect , new connect ip is  192.168.43.186
[50864.931917]                           old connect ip is  192.168.43.237
[50864.938591]                                     but it isn't seted ip , so close it
[50865.452542] accepted a http connect , new connect ip is  192.168.43.186
[50865.459328]                           old connect ip is  192.168.43.237
[50865.465993]                                     but it isn't seted ip , so close it
[50865.984047] accepted a http connect , new connect ip is  192.168.43.186
[50865.990780]                           old connect ip is  192.168.43.237
[50865.997440]                                     but it isn't seted ip , so close it
[50866.510689] accepted a http connect , new connect ip is  192.168.43.186
[50866.517425]                           old connect ip is  192.168.43.237
[50866.524095]                                     but it isn't seted ip , so close it
[50867.044294] accepted a http connect , new connect ip is  192.168.43.186
[50867.051038]                           old connect ip is  192.168.43.237
[50867.057710]                                     but it isn't seted ip , so close it
[50867.571528] accepted a http connect , new connect ip is  192.168.43.186
[50867.578375]                           old connect ip is  192.168.43.237
[50867.585056]                                     but it isn't seted ip , so close it
[50868.104418] accepted a http connect , new connect ip is  192.168.43.186
[50868.111342]                           old connect ip is  192.168.43.237
[50868.118029]                                     but it isn't seted ip , so close it
[50868.643950] accepted a http connect , new connect ip is  192.168.43.186
[50868.650628]                           old connect ip is  192.168.43.237
[50868.657301]                                     but it isn't seted ip , so close it
[50869.184167] accepted a http connect , new connect ip is  192.168.43.186
[50869.190978]                           old connect ip is  192.168.43.237
[50869.197662]                                     but it isn't seted ip , so close it
[50869.724334] accepted a http connect , new connect ip is  192.168.43.186
[50869.731178]                           old connect ip is  192.168.43.237
[50869.737845]                                     but it isn't seted ip , so close it
[50870.264023] accepted a http connect , new connect ip is  192.168.43.186
[50870.270816]                           old connect ip is  192.168.43.237
[50870.277487]                                     but it isn't seted ip , so close it
[50870.803898] accepted a http connect , new connect ip is  192.168.43.186
[50870.810638]                           old connect ip is  192.168.43.237
[50870.817292]                                     but it isn't seted ip , so close it
[50871.344006] accepted a http connect , new connect ip is  192.168.43.186
[50871.350765]                           old connect ip is  192.168.43.237
[50871.357420]                                     but it isn't seted ip , so close it
[50871.884182] accepted a http connect , new connect ip is  192.168.43.186
[50871.890934]                           old connect ip is  192.168.43.237
[50871.897593]                                     but it isn't seted ip , so close it
[50872.415058] accepted a http connect , new connect ip is  192.168.43.186
[50872.421830]                           old connect ip is  192.168.43.237
[50872.428522]                                     but it isn't seted ip , so close it
[50872.954140] accepted a http connect , new connect ip is  192.168.43.186
[50872.960934]                           old connect ip is  192.168.43.237
[50872.967592]                                     but it isn't seted ip , so close it
[50873.481026] accepted a http connect , new connect ip is  192.168.43.186
[50873.487787]                           old connect ip is  192.168.43.237
[50873.494459]                                     but it isn't seted ip , so close it
[50874.014033] accepted a http connect , new connect ip is  192.168.43.186
[50874.020806]                           old connect ip is  192.168.43.237
[50874.027483]                                     but it isn't seted ip , so close it
[50874.544208] accepted a http connect , new connect ip is  192.168.43.186
[50874.551063]                           old connect ip is  192.168.43.237
[50874.557773]                                     but it isn't seted ip , so close it
[50875.084662] accepted a http connect , new connect ip is  192.168.43.186
[50875.091543]                           old connect ip is  192.168.43.237
[50875.098270]                                     but it isn't seted ip , so close it
[50875.612447] accepted a http connect , new connect ip is  192.168.43.186
[50875.619196]                           old connect ip is  192.168.43.237
[50875.625853]                                     but it isn't seted ip , so close it
[50876.154082] accepted a http connect , new connect ip is  192.168.43.186
[50876.160937]                           old connect ip is  192.168.43.237
[50876.167644]                                     but it isn't seted ip , so close it
[50876.694009] accepted a http connect , new connect ip is  192.168.43.186
[50876.700771]                           old connect ip is  192.168.43.237
[50876.707428]                                     but it isn't seted ip , so close it
[50877.234492] accepted a http connect , new connect ip is  192.168.43.186
[50877.241269]                           old connect ip is  192.168.43.237
[50877.247916]                                     but it isn't seted ip , so close it
[50877.773859] accepted a http connect , new connect ip is  192.168.43.186
[50877.780604]                           old connect ip is  192.168.43.237
[50877.787260]                                     but it isn't seted ip , so close it
[50878.304879] accepted a http connect , new connect ip is  192.168.43.186
[50878.311639]                           old connect ip is  192.168.43.237
[50878.318337]                                     but it isn't seted ip , so close it
[50878.844070] accepted a http connect , new connect ip is  192.168.43.186
[50878.850812]                           old connect ip is  192.168.43.237
[50878.857545]                                     but it isn't seted ip , so close it
[50879.383997] accepted a http connect , new connect ip is  192.168.43.186
[50879.390758]                           old connect ip is  192.168.43.237
[50879.397424]                                     but it isn't seted ip , so close it
[50879.910593] accepted a http connect , new connect ip is  192.168.43.186
[50879.917346]                           old connect ip is  192.168.43.237
[50879.924026]                                     but it isn't seted ip , so close it
[50880.442152] accepted a http connect , new connect ip is  192.168.43.186
[50880.448979]                           old connect ip is  192.168.43.237
[50880.455663]                                     but it isn't seted ip , so close it
[50880.973988] accepted a http connect , new connect ip is  192.168.43.186
[50880.980735]                           old connect ip is  192.168.43.237
[50880.987400]                                     but it isn't seted ip , so close it
[50881.500691] accepted a http connect , new connect ip is  192.168.43.186
[50881.507589]                           old connect ip is  192.168.43.237
[50881.514301]                                     but it isn't seted ip , so close it
[50882.033985] accepted a http connect , new connect ip is  192.168.43.186
[50882.040746]                           old connect ip is  192.168.43.237
[50882.047455]                                     but it isn't seted ip , so close it
[50882.560898] accepted a http connect , new connect ip is  192.168.43.186
[50882.567630]                           old connect ip is  192.168.43.237
[50882.574316]                                     but it isn't seted ip , so close it
[50883.093864] accepted a http connect , new connect ip is  192.168.43.186
[50883.100602]                           old connect ip is  192.168.43.237
[50883.107264]                                     but it isn't seted ip , so close it
[50883.622264] accepted a http connect , new connect ip is  192.168.43.186
[50883.629000]                           old connect ip is  192.168.43.237
[50883.635668]                                     but it isn't seted ip , so close it
[50884.163885] accepted a http connect , new connect ip is  192.168.43.186
[50884.170631]                           old connect ip is  192.168.43.237
[50884.177288]                                     but it isn't seted ip , so close it
[50884.693787] accepted a http connect , new connect ip is  192.168.43.186
[50884.700531]                           old connect ip is  192.168.43.237
[50884.707199]                                     but it isn't seted ip , so close it
[50885.223862] accepted a http connect , new connect ip is  192.168.43.186
[50885.230615]                           old connect ip is  192.168.43.237
[50885.237298]                                     but it isn't seted ip , so close it
[50885.763868] accepted a http connect , new connect ip is  192.168.43.186
[50885.770597]                           old connect ip is  192.168.43.237
[50885.777265]                                     but it isn't seted ip , so close it
[50886.304520] accepted a http connect , new connect ip is  192.168.43.186
[50886.311376]                           old connect ip is  192.168.43.237
[50886.318094]                                     but it isn't seted ip , so close it
[50886.844128] accepted a http connect , new connect ip is  192.168.43.186
[50886.851004]                           old connect ip is  192.168.43.237
[50886.857704]                                     but it isn't seted ip , so close it
[50887.384224] accepted a http connect , new connect ip is  192.168.43.186
[50887.391041]                           old connect ip is  192.168.43.237
[50887.397707]                                     but it isn't seted ip , so close it
[50887.924367] accepted a http connect , new connect ip is  192.168.43.186
[50887.931224]                           old connect ip is  192.168.43.237
[50887.937908]                                     but it isn't seted ip , so close it
[50888.451882] accepted a http connect , new connect ip is  192.168.43.186
[50888.458730]                           old connect ip is  192.168.43.237
[50888.465437]                                     but it isn't seted ip , so close it
[50888.983848] accepted a http connect , new connect ip is  192.168.43.186
[50888.990658]                           old connect ip is  192.168.43.237
[50888.997319]                                     but it isn't seted ip , so close it
[50889.510760] accepted a http connect , new connect ip is  192.168.43.186
[50889.517524]                           old connect ip is  192.168.43.237
[50889.524222]                                     but it isn't seted ip , so close it
[50890.044011] accepted a http connect , new connect ip is  192.168.43.186
[50890.050757]                           old connect ip is  192.168.43.237
[50890.057426]                                     but it isn't seted ip , so close it
[50890.572890] accepted a http connect , new connect ip is  192.168.43.186
[50890.579637]                           old connect ip is  192.168.43.237
[50890.586299]                                     but it isn't seted ip , so close it
[50891.115758] accepted a http connect , new connect ip is  192.168.43.186
[50891.122492]                           old connect ip is  192.168.43.237
[50891.129136]                                     but it isn't seted ip , so close it
[50891.647919] accepted a http connect , new connect ip is  192.168.43.186
[50891.654734]                           old connect ip is  192.168.43.237
[50891.661377]                                     but it isn't seted ip , so close it
[50892.186892] accepted a http connect , new connect ip is  192.168.43.186
[50892.193702]                           old connect ip is  192.168.43.237
[50892.200370]                                     but it isn't seted ip , so close it
[50892.729565] accepted a http connect , new connect ip is  192.168.43.186
[50892.736345]                           old connect ip is  192.168.43.237
[50892.743004]                                     but it isn't seted ip , so close it
[50893.273933] accepted a http connect , new connect ip is  192.168.43.186
[50893.280712]                           old connect ip is  192.168.43.237
[50893.287360]                                     but it isn't seted ip , so close it
[50893.815737] accepted a http connect , new connect ip is  192.168.43.186
[50893.822515]                           old connect ip is  192.168.43.237
[50893.829174]                                     but it isn't seted ip , so close it
[50894.360182] accepted a http connect , new connect ip is  192.168.43.186
[50894.367039]                           old connect ip is  192.168.43.237
[50894.373714]                                     but it isn't seted ip , so close it
[50894.893826] accepted a http connect , new connect ip is  192.168.43.186
[50894.900605]                           old connect ip is  192.168.43.237
[50894.907275]                                     but it isn't seted ip , so close it
[50895.433797] accepted a http connect , new connect ip is  192.168.43.186
[50895.440535]                           old connect ip is  192.168.43.237
[50895.447253]                                     but it isn't seted ip , so close it
[50895.979540] accepted a http connect , new connect ip is  192.168.43.186
[50895.986231]                           old connect ip is  192.168.43.237
[50895.992874]                                     but it isn't seted ip , so close it
[50896.505403] accepted a http connect , new connect ip is  192.168.43.186
[50896.512176]                           old connect ip is  192.168.43.237
[50896.518844]                                     but it isn't seted ip , so close it
[50897.043616] accepted a http connect , new connect ip is  192.168.43.186
[50897.050369]                           old connect ip is  192.168.43.237
[50897.057027]                                     but it isn't seted ip , so close it
[50897.570595] accepted a http connect , new connect ip is  192.168.43.186
[50897.577344]                           old connect ip is  192.168.43.237
[50897.584029]                                     but it isn't seted ip , so close it
[50898.104416] accepted a http connect , new connect ip is  192.168.43.186
[50898.111257]                           old connect ip is  192.168.43.237
[50898.117941]                                     but it isn't seted ip , so close it
[50898.634334] accepted a http connect , new connect ip is  192.168.43.186
[50898.641341]                           old connect ip is  192.168.43.237
[50898.648047]                                     but it isn't seted ip , so close it
[50899.174452] accepted a http connect , new connect ip is  192.168.43.186
[50899.181352]                           old connect ip is  192.168.43.237
[50899.188041]                                     but it isn't seted ip , so close it
[50899.717642] accepted a http connect , new connect ip is  192.168.43.186
[50899.724397]                           old connect ip is  192.168.43.237
[50899.731052]                                     but it isn't seted ip , so close it
[50900.259878] accepted a http connect , new connect ip is  192.168.43.186
[50900.266648]                           old connect ip is  192.168.43.237
[50900.273319]                                     but it isn't seted ip , so close it
[50900.796303] accepted a http connect , new connect ip is  192.168.43.186
[50900.803052]                           old connect ip is  192.168.43.237
[50900.809704]                                     but it isn't seted ip , so close it
[50901.335461] accepted a http connect , new connect ip is  192.168.43.186
[50901.342208]                           old connect ip is  192.168.43.237
[50901.348874]                                     but it isn't seted ip , so close it
[50901.873733] accepted a http connect , new connect ip is  192.168.43.186
[50901.880475]                           old connect ip is  192.168.43.237
[50901.887139]                                     but it isn't seted ip , so close it
[50902.413656] accepted a http connect , new connect ip is  192.168.43.186
[50902.420399]                           old connect ip is  192.168.43.237
[50902.427185]                                     but it isn't seted ip , so close it
[50902.953831] accepted a http connect , new connect ip is  192.168.43.186
[50902.960588]                           old connect ip is  192.168.43.237
[50902.967236]                                     but it isn't seted ip , so close it
[50903.480408] accepted a http connect , new connect ip is  192.168.43.186
[50903.487156]                           old connect ip is  192.168.43.237
[50903.493821]                                     but it isn't seted ip , so close it
[50904.013928] accepted a http connect , new connect ip is  192.168.43.186
[50904.020736]                           old connect ip is  192.168.43.237
[50904.027401]                                     but it isn't seted ip , so close it
[50904.543227] accepted a http connect , new connect ip is  192.168.43.186
[50904.550045]                           old connect ip is  192.168.43.237
[50904.556781]                                     but it isn't seted ip , so close it
[50905.083693] accepted a http connect , new connect ip is  192.168.43.186
[50905.090447]                           old connect ip is  192.168.43.237
[50905.097109]                                     but it isn't seted ip , so close it
[50905.611670] accepted a http connect , new connect ip is  192.168.43.186
[50905.618426]                           old connect ip is  192.168.43.237
[50905.625086]                                     but it isn't seted ip , so close it
[50906.143700] accepted a http connect , new connect ip is  192.168.43.186
[50906.150446]                           old connect ip is  192.168.43.237
[50906.157113]                                     but it isn't seted ip , so close it
[50906.670502] accepted a http connect , new connect ip is  192.168.43.186
[50906.677268]                           old connect ip is  192.168.43.237
[50906.683948]                                     but it isn't seted ip , so close it
[50907.204275] accepted a http connect , new connect ip is  192.168.43.186
[50907.211025]                           old connect ip is  192.168.43.237
[50907.217696]                                     but it isn't seted ip , so close it
[50907.734033] accepted a http connect , new connect ip is  192.168.43.186
[50907.740781]                           old connect ip is  192.168.43.237
[50907.747451]                                     but it isn't seted ip , so close it
[50908.273565] accepted a http connect , new connect ip is  192.168.43.186
[50908.280328]                           old connect ip is  192.168.43.237
[50908.286981]                                     but it isn't seted ip , so close it
[50908.803657] accepted a http connect , new connect ip is  192.168.43.186
[50908.810391]                           old connect ip is  192.168.43.237
[50908.817051]                                     but it isn't seted ip , so close it
[50909.334547] accepted a http connect , new connect ip is  192.168.43.186
[50909.341279]                           old connect ip is  192.168.43.237
[50909.347962]                                     but it isn't seted ip , so close it
[50909.863264] accepted a http connect , new connect ip is  192.168.43.186
[50909.870001]                           old connect ip is  192.168.43.237
[50909.876657]                                     but it isn't seted ip , so close it
[50910.392558] accepted a http connect , new connect ip is  192.168.43.186
[50910.399360]                           old connect ip is  192.168.43.237
[50910.406007]                                     but it isn't seted ip , so close it
[50910.934226] accepted a http connect , new connect ip is  192.168.43.186
[50910.941004]                           old connect ip is  192.168.43.237
[50910.947679]                                     but it isn't seted ip , so close it
[50911.476741] accepted a http connect , new connect ip is  192.168.43.186
[50911.483463]                           old connect ip is  192.168.43.237
[50911.490126]                                     but it isn't seted ip , so close it
[50912.013801] accepted a http connect , new connect ip is  192.168.43.186
[50912.020537]                           old connect ip is  192.168.43.237
[50912.027199]                                     but it isn't seted ip , so close it
[50912.540492] accepted a http connect , new connect ip is  192.168.43.186
[50912.547268]                           old connect ip is  192.168.43.237
[50912.553931]                                     but it isn't seted ip , so close it
[50913.073863] accepted a http connect , new connect ip is  192.168.43.186
[50913.080622]                           old connect ip is  192.168.43.237
[50913.087334]                                     but it isn't seted ip , so close it
[50913.601804] accepted a http connect , new connect ip is  192.168.43.186
[50913.608694]                           old connect ip is  192.168.43.237
[50913.615460]                                     but it isn't seted ip , so close it
[50914.143791] accepted a http connect , new connect ip is  192.168.43.186
[50914.150567]                           old connect ip is  192.168.43.237
[50914.157246]                                     but it isn't seted ip , so close it
[50914.670489] accepted a http connect , new connect ip is  192.168.43.186
[50914.677263]                           old connect ip is  192.168.43.237
[50914.683930]                                     but it isn't seted ip , so close it
[50915.203686] accepted a http connect , new connect ip is  192.168.43.186
[50915.210419]                           old connect ip is  192.168.43.237
[50915.217084]                                     but it isn't seted ip , so close it
[50915.733374] accepted a http connect , new connect ip is  192.168.43.186
[50915.740129]                           old connect ip is  192.168.43.237
[50915.746792]                                     but it isn't seted ip , so close it
[50916.263810] accepted a http connect , new connect ip is  192.168.43.186
[50916.270595]                           old connect ip is  192.168.43.237
[50916.277264]                                     but it isn't seted ip , so close it
[50916.803772] accepted a http connect , new connect ip is  192.168.43.186
[50916.810598]                           old connect ip is  192.168.43.237
[50916.817278]                                     but it isn't seted ip , so close it
[50917.343525] accepted a http connect , new connect ip is  192.168.43.186
[50917.350285]                           old connect ip is  192.168.43.237
[50917.356944]                                     but it isn't seted ip , so close it
[50917.873502] accepted a http connect , new connect ip is  192.168.43.186
[50917.880248]                           old connect ip is  192.168.43.237
[50917.886913]                                     but it isn't seted ip , so close it
[50918.413711] accepted a http connect , new connect ip is  192.168.43.186
[50918.420479]                           old connect ip is  192.168.43.237
[50918.427156]                                     but it isn't seted ip , so close it
[50918.954371] accepted a http connect , new connect ip is  192.168.43.186
[50918.961117]                           old connect ip is  192.168.43.237
[50918.967784]                                     but it isn't seted ip , so close it
[50919.484691] accepted a http connect , new connect ip is  192.168.43.186
[50919.491461]                           old connect ip is  192.168.43.237
[50919.498130]                                     but it isn't seted ip , so close it
[50920.023537] accepted a http connect , new connect ip is  192.168.43.186
[50920.030365]                           old connect ip is  192.168.43.237
[50920.037081]                                     but it isn't seted ip , so close it
[50920.551961] accepted a http connect , new connect ip is  192.168.43.186
[50920.558742]                           old connect ip is  192.168.43.237
[50920.565418]                                     but it isn't seted ip , so close it
[50921.094339] accepted a http connect , new connect ip is  192.168.43.186
[50921.101088]                           old connect ip is  192.168.43.237
[50921.107795]                                     but it isn't seted ip , so close it
[50921.622126] accepted a http connect , new connect ip is  192.168.43.186
[50921.628935]                           old connect ip is  192.168.43.237
[50921.635595]                                     but it isn't seted ip , so close it
[50922.155527] accepted a http connect , new connect ip is  192.168.43.186
[50922.162297]                           old connect ip is  192.168.43.237
[50922.168966]                                     but it isn't seted ip , so close it
[50922.685744] accepted a http connect , new connect ip is  192.168.43.186
[50922.692540]                           old connect ip is  192.168.43.237
[50922.699247]                                     but it isn't seted ip , so close it
[50923.223718] accepted a http connect , new connect ip is  192.168.43.186
[50923.230469]                           old connect ip is  192.168.43.237
[50923.237194]                                     but it isn't seted ip , so close it
[50923.763406] accepted a http connect , new connect ip is  192.168.43.186
[50923.770204]                           old connect ip is  192.168.43.237
[50923.776867]                                     but it isn't seted ip , so close it
[50924.303487] accepted a http connect , new connect ip is  192.168.43.186
[50924.310240]                           old connect ip is  192.168.43.237
[50924.316912]                                     but it isn't seted ip , so close it
[50924.843493] accepted a http connect , new connect ip is  192.168.43.186
[50924.850275]                           old connect ip is  192.168.43.237
[50924.856935]                                     but it isn't seted ip , so close it
[50925.373443] accepted a http connect , new connect ip is  192.168.43.186
[50925.380198]                           old connect ip is  192.168.43.237
[50925.386869]                                     but it isn't seted ip , so close it
[50925.903721] accepted a http connect , new connect ip is  192.168.43.186
[50925.910470]                           old connect ip is  192.168.43.237
[50925.917131]                                     but it isn't seted ip , so close it
[50926.443609] accepted a http connect , new connect ip is  192.168.43.186
[50926.450383]                           old connect ip is  192.168.43.237
[50926.457045]                                     but it isn't seted ip , so close it
[50926.983502] accepted a http connect , new connect ip is  192.168.43.186
[50926.990262]                           old connect ip is  192.168.43.237
[50926.996918]                                     but it isn't seted ip , so close it
[50927.513986] accepted a http connect , new connect ip is  192.168.43.186
[50927.520735]                           old connect ip is  192.168.43.237
[50927.527379]                                     but it isn't seted ip , so close it
[50928.053724] accepted a http connect , new connect ip is  192.168.43.186
[50928.060503]                           old connect ip is  192.168.43.237
[50928.067266]                                     but it isn't seted ip , so close it
[50928.581784] accepted a http connect , new connect ip is  192.168.43.186
[50928.588553]                           old connect ip is  192.168.43.237
[50928.595241]                                     but it isn't seted ip , so close it
[50929.114761] accepted a http connect , new connect ip is  192.168.43.186
[50929.121495]                           old connect ip is  192.168.43.237
[50929.128155]                                     but it isn't seted ip , so close it
[50929.641829] accepted a http connect , new connect ip is  192.168.43.186
[50929.648611]                           old connect ip is  192.168.43.237
[50929.655276]                                     but it isn't seted ip , so close it
[50930.173623] accepted a http connect , new connect ip is  192.168.43.186
[50930.180459]                           old connect ip is  192.168.43.237
[50930.187119]                                     but it isn't seted ip , so close it
[50930.700358] accepted a http connect , new connect ip is  192.168.43.186
[50930.707120]                           old connect ip is  192.168.43.237
[50930.713775]                                     but it isn't seted ip , so close it
[50931.234124] accepted a http connect , new connect ip is  192.168.43.186
[50931.240893]                           old connect ip is  192.168.43.237
[50931.247554]                                     but it isn't seted ip , so close it
[50931.773353] accepted a http connect , new connect ip is  192.168.43.186
[50931.780104]                           old connect ip is  192.168.43.237
[50931.786777]                                     but it isn't seted ip , so close it
[50932.313438] accepted a http connect , new connect ip is  192.168.43.186
[50932.320184]                           old connect ip is  192.168.43.237
[50932.326914]                                     but it isn't seted ip , so close it
[50932.853554] accepted a http connect , new connect ip is  192.168.43.186
[50932.860334]                           old connect ip is  192.168.43.237
[50932.867017]                                     but it isn't seted ip , so close it
[50933.393546] accepted a http connect , new connect ip is  192.168.43.186
[50933.400325]                           old connect ip is  192.168.43.237
[50933.406979]                                     but it isn't seted ip , so close it
[50933.933894] accepted a http connect , new connect ip is  192.168.43.186
[50933.940641]                           old connect ip is  192.168.43.237
[50933.947324]                                     but it isn't seted ip , so close it
[50934.473904] accepted a http connect , new connect ip is  192.168.43.186
[50934.480830]                           old connect ip is  192.168.43.237
[50934.487508]                                     but it isn't seted ip , so close it
[50935.023766] accepted a http connect , new connect ip is  192.168.43.186
[50935.030544]                           old connect ip is  192.168.43.237
[50935.037200]                                     but it isn't seted ip , so close it
[50935.550544] accepted a http connect , new connect ip is  192.168.43.186
[50935.557313]                           old connect ip is  192.168.43.237
[50935.563988]                                     but it isn't seted ip , so close it
[50936.083409] accepted a http connect , new connect ip is  192.168.43.186
[50936.090134]                           old connect ip is  192.168.43.237
[50936.096809]                                     but it isn't seted ip , so close it
[50936.610062] accepted a http connect , new connect ip is  192.168.43.186
[50936.616822]                           old connect ip is  192.168.43.237
[50936.623481]                                     but it isn't seted ip , so close it
[50937.143470] accepted a http connect , new connect ip is  192.168.43.186
[50937.150236]                           old connect ip is  192.168.43.237
[50937.156907]                                     but it isn't seted ip , so close it
[50937.670284] accepted a http connect , new connect ip is  192.168.43.186
[50937.677052]                           old connect ip is  192.168.43.237
[50937.683716]                                     but it isn't seted ip , so close it
[50938.213362] accepted a http connect , new connect ip is  192.168.43.186
[50938.220099]                           old connect ip is  192.168.43.237
[50938.226755]                                     but it isn't seted ip , so close it
[50938.741437] accepted a http connect , new connect ip is  192.168.43.186
[50938.748192]                           old connect ip is  192.168.43.237
[50938.754869]                                     but it isn't seted ip , so close it
[50939.273418] accepted a http connect , new connect ip is  192.168.43.186
[50939.280195]                           old connect ip is  192.168.43.237
[50939.286856]                                     but it isn't seted ip , so close it
[50939.813657] accepted a http connect , new connect ip is  192.168.43.186
[50939.820523]                           old connect ip is  192.168.43.237
[50939.827208]                                     but it isn't seted ip , so close it
[50940.353601] accepted a http connect , new connect ip is  192.168.43.186
[50940.360354]                           old connect ip is  192.168.43.237
[50940.367003]                                     but it isn't seted ip , so close it
[50940.894066] accepted a http connect , new connect ip is  192.168.43.186
[50940.900878]                           old connect ip is  192.168.43.237
[50940.907544]                                     but it isn't seted ip , so close it
[50941.434513] accepted a http connect , new connect ip is  192.168.43.186
[50941.441372]                           old connect ip is  192.168.43.237
[50941.448021]                                     but it isn't seted ip , so close it
[50941.973523] accepted a http connect , new connect ip is  192.168.43.186
[50941.980315]                           old connect ip is  192.168.43.237
[50941.986976]                                     but it isn't seted ip , so close it
[50942.516562] accepted a http connect , new connect ip is  192.168.43.186
[50942.523282]                           old connect ip is  192.168.43.237
[50942.530014]                                     but it isn't seted ip , so close it
[50943.053335] accepted a http connect , new connect ip is  192.168.43.186
[50943.060076]                           old connect ip is  192.168.43.237
[50943.066740]                                     but it isn't seted ip , so close it
[50943.579807] accepted a http connect , new connect ip is  192.168.43.186
[50943.586556]                           old connect ip is  192.168.43.237
[50943.593284]                                     but it isn't seted ip , so close it
[50944.113431] accepted a http connect , new connect ip is  192.168.43.186
[50944.120189]                           old connect ip is  192.168.43.237
[50944.126941]                                     but it isn't seted ip , so close it
[50944.641781] accepted a http connect , new connect ip is  192.168.43.186
[50944.648572]                           old connect ip is  192.168.43.237
[50944.655235]                                     but it isn't seted ip , so close it
[50945.173503] accepted a http connect , new connect ip is  192.168.43.186
[50945.180263]                           old connect ip is  192.168.43.237
[50945.186931]                                     but it isn't seted ip , so close it
[50945.700123] accepted a http connect , new connect ip is  192.168.43.186
[50945.706908]                           old connect ip is  192.168.43.237
[50945.713571]                                     but it isn't seted ip , so close it
[50946.235424] accepted a http connect , new connect ip is  192.168.43.186
[50946.242194]                           old connect ip is  192.168.43.237
[50946.248859]                                     but it isn't seted ip , so close it
[50946.773419] accepted a http connect , new connect ip is  192.168.43.186
[50946.780179]                           old connect ip is  192.168.43.237
[50946.786869]                                     but it isn't seted ip , so close it
[50947.313377] accepted a http connect , new connect ip is  192.168.43.186
[50947.320110]                           old connect ip is  192.168.43.237
[50947.326773]                                     but it isn't seted ip , so close it
[50947.843344] accepted a http connect , new connect ip is  192.168.43.186
[50947.850251]                           old connect ip is  192.168.43.237
[50947.856937]                                     but it isn't seted ip , so close it
[50948.383499] accepted a http connect , new connect ip is  192.168.43.186
[50948.390275]                           old connect ip is  192.168.43.237
[50948.396937]                                     but it isn't seted ip , so close it
[50948.923183] accepted a http connect , new connect ip is  192.168.43.186
[50948.929915]                           old connect ip is  192.168.43.237
[50948.936588]                                     but it isn't seted ip , so close it
[50949.453860] accepted a http connect , new connect ip is  192.168.43.186
[50949.460616]                           old connect ip is  192.168.43.237
[50949.467280]                                     but it isn't seted ip , so close it
[50949.980692] accepted a http connect , new connect ip is  192.168.43.186
[50949.987448]                           old connect ip is  192.168.43.237
[50949.994116]                                     but it isn't seted ip , so close it
[50950.515160] accepted a http connect , new connect ip is  192.168.43.186
[50950.521916]                           old connect ip is  192.168.43.237
[50950.528604]                                     but it isn't seted ip , so close it
[50951.054199] accepted a http connect , new connect ip is  192.168.43.186
[50951.061024]                           old connect ip is  192.168.43.237
[50951.067718]                                     but it isn't seted ip , so close it
[50951.583129] accepted a http connect , new connect ip is  192.168.43.186
[50951.589897]                           old connect ip is  192.168.43.237
[50951.596577]                                     but it isn't seted ip , so close it
[50952.125159] accepted a http connect , new connect ip is  192.168.43.186
[50952.131946]                           old connect ip is  192.168.43.237
[50952.138625]                                     but it isn't seted ip , so close it
[50952.659696] accepted a http connect , new connect ip is  192.168.43.186
[50952.666494]                           old connect ip is  192.168.43.237
[50952.673222]                                     but it isn't seted ip , so close it
[50953.193367] accepted a http connect , new connect ip is  192.168.43.186
[50953.200112]                           old connect ip is  192.168.43.237
[50953.206775]                                     but it isn't seted ip , so close it
[50953.730266] accepted a http connect , new connect ip is  192.168.43.186
[50953.737038]                           old connect ip is  192.168.43.237
[50953.743749]                                     but it isn't seted ip , so close it
[50954.265558] accepted a http connect , new connect ip is  192.168.43.186
[50954.272372]                           old connect ip is  192.168.43.237
[50954.279047]                                     but it isn't seted ip , so close it
[50954.803324] accepted a http connect , new connect ip is  192.168.43.186
[50954.810065]                           old connect ip is  192.168.43.237
[50954.816759]                                     but it isn't seted ip , so close it
[50955.343277] accepted a http connect , new connect ip is  192.168.43.186
[50955.350036]                           old connect ip is  192.168.43.237
[50955.356711]                                     but it isn't seted ip , so close it
[50955.883304] accepted a http connect , new connect ip is  192.168.43.186
[50955.890041]                           old connect ip is  192.168.43.237
[50955.896736]                                     but it isn't seted ip , so close it
[50956.423963] accepted a http connect , new connect ip is  192.168.43.186
[50956.430851]                           old connect ip is  192.168.43.237
[50956.437547]                                     but it isn't seted ip , so close it
[50956.963200] accepted a http connect , new connect ip is  192.168.43.186
[50956.970050]                           old connect ip is  192.168.43.237
[50956.976771]                                     but it isn't seted ip , so close it
[50957.504065] accepted a http connect , new connect ip is  192.168.43.186
[50957.510904]                           old connect ip is  192.168.43.237
[50957.517817]                                     but it isn't seted ip , so close it
[50958.043406] accepted a http connect , new connect ip is  192.168.43.186
[50958.050101]                           old connect ip is  192.168.43.237
[50958.056760]                                     but it isn't seted ip , so close it
[50958.571921] accepted a http connect , new connect ip is  192.168.43.186
[50958.578603]                           old connect ip is  192.168.43.237
[50958.585263]                                     but it isn't seted ip , so close it
[50959.103566] accepted a http connect , new connect ip is  192.168.43.186
[50959.110429]                           old connect ip is  192.168.43.237
[50959.117120]                                     but it isn't seted ip , so close it
[50959.630505] accepted a http connect , new connect ip is  192.168.43.186
[50959.637244]                           old connect ip is  192.168.43.237
[50959.643916]                                     but it isn't seted ip , so close it
[50960.163166] accepted a http connect , new connect ip is  192.168.43.186
[50960.169906]                           old connect ip is  192.168.43.237
[50960.176584]                                     but it isn't seted ip , so close it
[50960.691889] accepted a http connect , new connect ip is  192.168.43.186
[50960.698669]                           old connect ip is  192.168.43.237
[50960.705332]                                     but it isn't seted ip , so close it
[50961.224040] accepted a http connect , new connect ip is  192.168.43.186
[50961.230817]                           old connect ip is  192.168.43.237
[50961.237479]                                     but it isn't seted ip , so close it
[50961.751206] accepted a http connect , new connect ip is  192.168.43.186
[50961.757970]                           old connect ip is  192.168.43.237
[50961.764682]                                     but it isn't seted ip , so close it
[50962.313817] accepted a http connect , new connect ip is  192.168.43.186
[50962.320635]                           old connect ip is  192.168.43.237
[50962.327422]                                     but it isn't seted ip , so close it
[50962.853132] accepted a http connect , new connect ip is  192.168.43.186
[50962.859883]                           old connect ip is  192.168.43.237
[50962.866539]                                     but it isn't seted ip , so close it
[50963.383219] accepted a http connect , new connect ip is  192.168.43.186
[50963.389990]                           old connect ip is  192.168.43.237
[50963.396687]                                     but it isn't seted ip , so close it
[50963.924310] accepted a http connect , new connect ip is  192.168.43.186
[50963.931058]                           old connect ip is  192.168.43.237
[50963.937754]                                     but it isn't seted ip , so close it
[50964.463421] accepted a http connect , new connect ip is  192.168.43.186
[50964.470238]                           old connect ip is  192.168.43.237
[50964.476912]                                     but it isn't seted ip , so close it
[50965.003369] accepted a http connect , new connect ip is  192.168.43.186
[50965.010115]                           old connect ip is  192.168.43.237
[50965.016843]                                     but it isn't seted ip , so close it
[50965.543999] accepted a http connect , new connect ip is  192.168.43.186
[50965.550818]                           old connect ip is  192.168.43.237
[50965.557484]                                     but it isn't seted ip , so close it
[50966.083271] accepted a http connect , new connect ip is  192.168.43.186
[50966.090003]                           old connect ip is  192.168.43.237
[50966.096671]                                     but it isn't seted ip , so close it
[50966.611213] accepted a http connect , new connect ip is  192.168.43.186
[50966.617982]                           old connect ip is  192.168.43.237
[50966.624638]                                     but it isn't seted ip , so close it
[50967.143179] accepted a http connect , new connect ip is  192.168.43.186
[50967.149944]                           old connect ip is  192.168.43.237
[50967.156614]                                     but it isn't seted ip , so close it
[50967.670115] accepted a http connect , new connect ip is  192.168.43.186
[50967.676892]                           old connect ip is  192.168.43.237
[50967.683600]                                     but it isn't seted ip , so close it
[50968.203159] accepted a http connect , new connect ip is  192.168.43.186
[50968.209917]                           old connect ip is  192.168.43.237
[50968.216602]                                     but it isn't seted ip , so close it
[50968.732785] accepted a http connect , new connect ip is  192.168.43.186
[50968.739543]                           old connect ip is  192.168.43.237
[50968.746223]                                     but it isn't seted ip , so close it
[50969.273273] accepted a http connect , new connect ip is  192.168.43.186
[50969.280023]                           old connect ip is  192.168.43.237
[50969.286674]                                     but it isn't seted ip , so close it
[50969.800778] accepted a http connect , new connect ip is  192.168.43.186
[50969.807677]                           old connect ip is  192.168.43.237
[50969.814395]                                     but it isn't seted ip , so close it
[50970.334106] accepted a http connect , new connect ip is  192.168.43.186
[50970.340950]                           old connect ip is  192.168.43.237
[50970.347666]                                     but it isn't seted ip , so close it
[50970.875127] accepted a http connect , new connect ip is  192.168.43.186
[50970.881907]                           old connect ip is  192.168.43.237
[50970.888586]                                     but it isn't seted ip , so close it
[50971.415115] accepted a http connect , new connect ip is  192.168.43.186
[50971.421858]                           old connect ip is  192.168.43.237
[50971.428520]                                     but it isn't seted ip , so close it
[50971.954431] accepted a http connect , new connect ip is  192.168.43.186
[50971.961329]                           old connect ip is  192.168.43.237
[50971.968005]                                     but it isn't seted ip , so close it
[50972.493177] accepted a http connect , new connect ip is  192.168.43.186
[50972.499911]                           old connect ip is  192.168.43.237
[50972.506578]                                     but it isn't seted ip , so close it
[50973.036617] accepted a http connect , new connect ip is  192.168.43.186
[50973.043349]                           old connect ip is  192.168.43.237
[50973.050047]                                     but it isn't seted ip , so close it
[50973.568243] accepted a http connect , new connect ip is  192.168.43.186
[50973.575060]                           old connect ip is  192.168.43.237
[50973.581724]                                     but it isn't seted ip , so close it
[50974.108193] accepted a http connect , new connect ip is  192.168.43.186
[50974.114988]                           old connect ip is  192.168.43.237
[50974.121649]                                     but it isn't seted ip , so close it
[50974.639031] accepted a http connect , new connect ip is  192.168.43.186
[50974.645773]                           old connect ip is  192.168.43.237
[50974.652455]                                     but it isn't seted ip , so close it
[50975.175126] accepted a http connect , new connect ip is  192.168.43.186
[50975.181852]                           old connect ip is  192.168.43.237
[50975.188517]                                     but it isn't seted ip , so close it
[50975.714083] accepted a http connect , new connect ip is  192.168.43.186
[50975.720819]                           old connect ip is  192.168.43.237
[50975.727489]                                     but it isn't seted ip , so close it
[50976.255253] accepted a http connect , new connect ip is  192.168.43.186
[50976.262034]                           old connect ip is  192.168.43.237
[50976.268776]                                     but it isn't seted ip , so close it
[50976.790562] accepted a http connect , new connect ip is  192.168.43.186
[50976.797386]                           old connect ip is  192.168.43.237
[50976.804058]                                     but it isn't seted ip , so close it
[50977.334216] accepted a http connect , new connect ip is  192.168.43.186
[50977.340904]                           old connect ip is  192.168.43.237
[50977.347569]                                     but it isn't seted ip , so close it
[50977.873027] accepted a http connect , new connect ip is  192.168.43.186
[50977.879781]                           old connect ip is  192.168.43.237
[50977.886425]                                     but it isn't seted ip , so close it
[50978.404577] accepted a http connect , new connect ip is  192.168.43.186
[50978.411314]                           old connect ip is  192.168.43.237
[50978.418057]                                     but it isn't seted ip , so close it
[50978.943117] accepted a http connect , new connect ip is  192.168.43.186
[50978.949859]                           old connect ip is  192.168.43.237
[50978.956545]                                     but it isn't seted ip , so close it
[50979.487905] accepted a http connect , new connect ip is  192.168.43.186
[50979.494643]                           old connect ip is  192.168.43.237
[50979.501291]                                     but it isn't seted ip , so close it
[50980.026446] accepted a http connect , new connect ip is  192.168.43.186
[50980.033255]                           old connect ip is  192.168.43.237
[50980.039910]                                     but it isn't seted ip , so close it
[50980.563129] accepted a http connect , new connect ip is  192.168.43.186
[50980.569890]                           old connect ip is  192.168.43.237
[50980.576567]                                     but it isn't seted ip , so close it
[50981.103387] accepted a http connect , new connect ip is  192.168.43.186
[50981.110284]                           old connect ip is  192.168.43.237
[50981.116956]                                     but it isn't seted ip , so close it
[50981.639924] accepted a http connect , new connect ip is  192.168.43.186
[50981.646663]                           old connect ip is  192.168.43.237
[50981.653360]                                     but it isn't seted ip , so close it
[50982.173164] accepted a http connect , new connect ip is  192.168.43.186
[50982.180040]                           old connect ip is  192.168.43.237
[50982.186810]                                     but it isn't seted ip , so close it
[50982.705643] accepted a http connect , new connect ip is  192.168.43.186
[50982.712356]                           old connect ip is  192.168.43.237
[50982.719055]                                     but it isn't seted ip , so close it
[50983.242884] accepted a http connect , new connect ip is  192.168.43.186
[50983.249704]                           old connect ip is  192.168.43.237
[50983.256419]                                     but it isn't seted ip , so close it
[50983.770066] accepted a http connect , new connect ip is  192.168.43.186
[50983.776835]                           old connect ip is  192.168.43.237
[50983.783502]                                     but it isn't seted ip , so close it
[50984.312879] accepted a http connect , new connect ip is  192.168.43.186
[50984.319618]                           old connect ip is  192.168.43.237
[50984.326263]                                     but it isn't seted ip , so close it
[50984.843065] accepted a http connect , new connect ip is  192.168.43.186
[50984.849828]                           old connect ip is  192.168.43.237
[50984.856506]                                     but it isn't seted ip , so close it
[50985.382884] accepted a http connect , new connect ip is  192.168.43.186
[50985.389628]                           old connect ip is  192.168.43.237
[50985.396367]                                     but it isn't seted ip , so close it
[50985.922915] accepted a http connect , new connect ip is  192.168.43.186
[50985.929649]                           old connect ip is  192.168.43.237
[50985.936321]                                     but it isn't seted ip , so close it
[50986.452833] accepted a http connect , new connect ip is  192.168.43.186
[50986.459578]                           old connect ip is  192.168.43.237
[50986.466233]                                     but it isn't seted ip , so close it
[50986.993055] accepted a http connect , new connect ip is  192.168.43.186
[50986.999811]                           old connect ip is  192.168.43.237
[50987.006537]                                     but it isn't seted ip , so close it
[50987.533110] accepted a http connect , new connect ip is  192.168.43.186
[50987.539861]                           old connect ip is  192.168.43.237
[50987.546538]                                     but it isn't seted ip , so close it
[50988.073178] accepted a http connect , new connect ip is  192.168.43.186
[50988.080058]                           old connect ip is  192.168.43.237
[50988.086734]                                     but it isn't seted ip , so close it
[50988.602363] accepted a http connect , new connect ip is  192.168.43.186
[50988.609038]                           old connect ip is  192.168.43.237
[50988.615694]                                     but it isn't seted ip , so close it
[50989.132944] accepted a http connect , new connect ip is  192.168.43.186
[50989.139614]                           old connect ip is  192.168.43.237
[50989.146254]                                     but it isn't seted ip , so close it
[50989.658682] accepted a http connect , new connect ip is  192.168.43.186
[50989.665479]                           old connect ip is  192.168.43.237
[50989.672292]                                     but it isn't seted ip , so close it
[50990.192946] accepted a http connect , new connect ip is  192.168.43.186
[50990.199689]                           old connect ip is  192.168.43.237
[50990.206349]                                     but it isn't seted ip , so close it
[50990.719757] accepted a http connect , new connect ip is  192.168.43.186
[50990.726504]                           old connect ip is  192.168.43.237
[50990.733169]                                     but it isn't seted ip , so close it
[50991.252911] accepted a http connect , new connect ip is  192.168.43.186
[50991.259655]                           old connect ip is  192.168.43.237
[50991.266320]                                     but it isn't seted ip , so close it
[50991.779777] accepted a http connect , new connect ip is  192.168.43.186
[50991.786613]                           old connect ip is  192.168.43.237
[50991.793284]                                     but it isn't seted ip , so close it
[50992.313289] accepted a http connect , new connect ip is  192.168.43.186
[50992.320127]                           old connect ip is  192.168.43.237
[50992.326880]                                     but it isn't seted ip , so close it
[50992.842402] accepted a http connect , new connect ip is  192.168.43.186
[50992.849149]                           old connect ip is  192.168.43.237
[50992.855862]                                     but it isn't seted ip , so close it
[50993.373999] accepted a http connect , new connect ip is  192.168.43.186
[50993.380662]                           old connect ip is  192.168.43.237
[50993.387301]                                     but it isn't seted ip , so close it
[50993.902792] accepted a http connect , new connect ip is  192.168.43.186
[50993.909458]                           old connect ip is  192.168.43.237
[50993.916091]                                     but it isn't seted ip , so close it
[50994.432995] accepted a http connect , new connect ip is  192.168.43.186
[50994.439780]                           old connect ip is  192.168.43.237
[50994.446441]                                     but it isn't seted ip , so close it
[50994.973093] accepted a http connect , new connect ip is  192.168.43.186
[50994.979858]                           old connect ip is  192.168.43.237
[50994.986580]                                     but it isn't seted ip , so close it
[50995.512829] accepted a http connect , new connect ip is  192.168.43.186
[50995.519497]                           old connect ip is  192.168.43.237
[50995.526146]                                     but it isn't seted ip , so close it
[50996.042924] accepted a http connect , new connect ip is  192.168.43.186
[50996.049587]                           old connect ip is  192.168.43.237
[50996.056231]                                     but it isn't seted ip , so close it
[50996.573110] accepted a http connect , new connect ip is  192.168.43.186
[50996.579891]                           old connect ip is  192.168.43.237
[50996.586566]                                     but it isn't seted ip , so close it
[50997.112901] accepted a http connect , new connect ip is  192.168.43.186
[50997.119719]                           old connect ip is  192.168.43.237
[50997.126380]                                     but it isn't seted ip , so close it
[50997.642393] accepted a http connect , new connect ip is  192.168.43.186
[50997.649128]                           old connect ip is  192.168.43.237
[50997.655804]                                     but it isn't seted ip , so close it
[50998.172777] accepted a http connect , new connect ip is  192.168.43.186
[50998.179518]                           old connect ip is  192.168.43.237
[50998.186180]                                     but it isn't seted ip , so close it
[50998.699495] accepted a http connect , new connect ip is  192.168.43.186
[50998.706263]                           old connect ip is  192.168.43.237
[50998.712916]                                     but it isn't seted ip , so close it
[50999.226342] accepted a http connect , new connect ip is  192.168.43.186
[50999.233091]                           old connect ip is  192.168.43.237
[50999.239761]                                     but it isn't seted ip , so close it
[50999.753967] accepted a http connect , new connect ip is  192.168.43.186
[50999.760824]                           old connect ip is  192.168.43.237
[50999.767488]                                     but it isn't seted ip , so close it
[51000.292823] accepted a http connect , new connect ip is  192.168.43.186
[51000.299584]                           old connect ip is  192.168.43.237
[51000.306253]                                     but it isn't seted ip , so close it
[51000.833104] accepted a http connect , new connect ip is  192.168.43.186
[51000.839898]                           old connect ip is  192.168.43.237
[51000.846565]                                     but it isn't seted ip , so close it
[51001.373139] accepted a http connect , new connect ip is  192.168.43.186
[51001.379914]                           old connect ip is  192.168.43.237
[51001.386587]                                     but it isn't seted ip , so close it
[51001.912810] accepted a http connect , new connect ip is  192.168.43.186
[51001.919571]                           old connect ip is  192.168.43.237
[51001.926243]                                     but it isn't seted ip , so close it
[51002.452906] accepted a http connect , new connect ip is  192.168.43.186
[51002.459598]                           old connect ip is  192.168.43.237
[51002.466260]                                     but it isn't seted ip , so close it
[51002.983787] accepted a http connect , new connect ip is  192.168.43.186
[51002.990475]                           old connect ip is  192.168.43.237
[51002.997133]                                     but it isn't seted ip , so close it
[51003.522650] accepted a http connect , new connect ip is  192.168.43.186
[51003.529345]                           old connect ip is  192.168.43.237
[51003.535980]                                     but it isn't seted ip , so close it
[51004.063580] accepted a http connect , new connect ip is  192.168.43.186
[51004.070374]                           old connect ip is  192.168.43.237
[51004.077083]                                     but it isn't seted ip , so close it
[51004.606016] accepted a http connect , new connect ip is  192.168.43.186
[51004.612765]                           old connect ip is  192.168.43.237
[51004.619600]                                     but it isn't seted ip , so close it
[51005.143805] accepted a http connect , new connect ip is  192.168.43.186
[51005.150671]                           old connect ip is  192.168.43.237
[51005.157387]                                     but it isn't seted ip , so close it
[51005.671528] accepted a http connect , new connect ip is  192.168.43.186
[51005.678299]                           old connect ip is  192.168.43.237
[51005.684947]                                     but it isn't seted ip , so close it
[51006.202997] accepted a http connect , new connect ip is  192.168.43.186
[51006.209823]                           old connect ip is  192.168.43.237
[51006.216539]                                     but it isn't seted ip , so close it
[51006.731546] accepted a http connect , new connect ip is  192.168.43.186
[51006.738325]                           old connect ip is  192.168.43.237
[51006.744975]                                     but it isn't seted ip , so close it
[51007.272825] accepted a http connect , new connect ip is  192.168.43.186
[51007.279591]                           old connect ip is  192.168.43.237
[51007.286346]                                     but it isn't seted ip , so close it
[51007.800390] accepted a http connect , new connect ip is  192.168.43.186
[51007.807146]                           old connect ip is  192.168.43.237
[51007.813809]                                     but it isn't seted ip , so close it
[51008.332753] accepted a http connect , new connect ip is  192.168.43.186
[51008.339497]                           old connect ip is  192.168.43.237
[51008.346152]                                     but it isn't seted ip , so close it
[51008.872837] accepted a http connect , new connect ip is  192.168.43.186
[51008.879605]                           old connect ip is  192.168.43.237
[51008.886247]                                     but it isn't seted ip , so close it
[51009.413151] accepted a http connect , new connect ip is  192.168.43.186
[51009.419886]                           old connect ip is  192.168.43.237
[51009.426547]                                     but it isn't seted ip , so close it
[51009.952719] accepted a http connect , new connect ip is  192.168.43.186
[51009.959477]                           old connect ip is  192.168.43.237
[51009.966128]                                     but it isn't seted ip , so close it
[51010.492656] accepted a http connect , new connect ip is  192.168.43.186
[51010.499467]                           old connect ip is  192.168.43.237
[51010.506121]                                     but it isn't seted ip , so close it
[51011.032961] accepted a http connect , new connect ip is  192.168.43.186
[51011.039720]                           old connect ip is  192.168.43.237
[51011.046386]                                     but it isn't seted ip , so close it
[51011.572951] accepted a http connect , new connect ip is  192.168.43.186
[51011.579740]                           old connect ip is  192.168.43.237
[51011.586436]                                     but it isn't seted ip , so close it
[51012.112975] accepted a http connect , new connect ip is  192.168.43.186
[51012.119780]                           old connect ip is  192.168.43.237
[51012.126443]                                     but it isn't seted ip , so close it
[51012.651955] accepted a http connect , new connect ip is  192.168.43.186
[51012.658762]                           old connect ip is  192.168.43.237
[51012.665416]                                     but it isn't seted ip , so close it
[51013.182813] accepted a http connect , new connect ip is  192.168.43.186
[51013.189492]                           old connect ip is  192.168.43.237
[51013.196220]                                     but it isn't seted ip , so close it
[51013.709516] accepted a http connect , new connect ip is  192.168.43.186
[51013.716272]                           old connect ip is  192.168.43.237
[51013.722934]                                     but it isn't seted ip , so close it
[51014.239375] accepted a http connect , new connect ip is  192.168.43.186
[51014.246254]                           old connect ip is  192.168.43.237
[51014.252934]                                     but it isn't seted ip , so close it
[51014.768215] accepted a http connect , new connect ip is  192.168.43.186
[51014.774999]                           old connect ip is  192.168.43.237
[51014.781656]                                     but it isn't seted ip , so close it
[51015.303741] accepted a http connect , new connect ip is  192.168.43.186
[51015.310569]                           old connect ip is  192.168.43.237
[51015.317276]                                     but it isn't seted ip , so close it
[51015.835617] accepted a http connect , new connect ip is  192.168.43.186
[51015.842457]                           old connect ip is  192.168.43.237
[51015.849146]                                     but it isn't seted ip , so close it
[51016.364533] accepted a http connect , new connect ip is  192.168.43.186
[51016.371236]                           old connect ip is  192.168.43.237
[51016.377906]                                     but it isn't seted ip , so close it
[51016.902869] accepted a http connect , new connect ip is  192.168.43.186
[51016.909572]                           old connect ip is  192.168.43.237
[51016.916220]                                     but it isn't seted ip , so close it
[51017.432754] accepted a http connect , new connect ip is  192.168.43.186
[51017.439508]                           old connect ip is  192.168.43.237
[51017.446171]                                     but it isn't seted ip , so close it
[51017.972830] accepted a http connect , new connect ip is  192.168.43.186
[51017.979678]                           old connect ip is  192.168.43.237
[51017.986393]                                     but it isn't seted ip , so close it
[51018.513152] accepted a http connect , new connect ip is  192.168.43.186
[51018.519986]                           old connect ip is  192.168.43.237
[51018.526654]                                     but it isn't seted ip , so close it
[51019.052975] accepted a http connect , new connect ip is  192.168.43.186
[51019.059887]                           old connect ip is  192.168.43.237
[51019.066592]                                     but it isn't seted ip , so close it
[51019.580531] accepted a http connect , new connect ip is  192.168.43.186
[51019.587280]                           old connect ip is  192.168.43.237
[51019.593932]                                     but it isn't seted ip , so close it
[51020.112691] accepted a http connect , new connect ip is  192.168.43.186
[51020.119441]                           old connect ip is  192.168.43.237
[51020.126083]                                     but it isn't seted ip , so close it
[51020.640417] accepted a http connect , new connect ip is  192.168.43.186
[51020.647160]                           old connect ip is  192.168.43.237
[51020.653826]                                     but it isn't seted ip , so close it
[51021.178094] accepted a http connect , new connect ip is  192.168.43.186
[51021.184849]                           old connect ip is  192.168.43.237
[51021.191521]                                     but it isn't seted ip , so close it
[51021.705245] accepted a http connect , new connect ip is  192.168.43.186
[51021.712026]                           old connect ip is  192.168.43.237
[51021.718726]                                     but it isn't seted ip , so close it
[51022.244288] accepted a http connect , new connect ip is  192.168.43.186
[51022.251038]                           old connect ip is  192.168.43.237
[51022.257875]                                     but it isn't seted ip , so close it
[51022.791998] accepted a http connect , new connect ip is  192.168.43.186
[51022.798750]                           old connect ip is  192.168.43.237
[51022.805431]                                     but it isn't seted ip , so close it
[51023.320783] accepted a http connect , new connect ip is  192.168.43.186
[51023.327524]                           old connect ip is  192.168.43.237
[51023.334196]                                     but it isn't seted ip , so close it
[51023.852564] accepted a http connect , new connect ip is  192.168.43.186
[51023.859315]                           old connect ip is  192.168.43.237
[51023.865980]                                     but it isn't seted ip , so close it
[51024.394499] accepted a http connect , new connect ip is  192.168.43.186
[51024.401269]                           old connect ip is  192.168.43.237
[51024.407924]                                     but it isn't seted ip , so close it
[51024.928018] accepted a http connect , new connect ip is  192.168.43.186
[51024.934734]                           old connect ip is  192.168.43.237
[51024.941382]                                     but it isn't seted ip , so close it
[51025.462773] accepted a http connect , new connect ip is  192.168.43.186
[51025.469476]                           old connect ip is  192.168.43.237
[51025.476132]                                     but it isn't seted ip , so close it
[51025.992468] accepted a http connect , new connect ip is  192.168.43.186
[51025.999116]                           old connect ip is  192.168.43.237
[51026.005753]                                     but it isn't seted ip , so close it
[51026.533174] accepted a http connect , new connect ip is  192.168.43.186
[51026.539857]                           old connect ip is  192.168.43.237
[51026.546493]                                     but it isn't seted ip , so close it
[51027.059081] accepted a http connect , new connect ip is  192.168.43.186
[51027.065967]                           old connect ip is  192.168.43.237
[51027.072660]                                     but it isn't seted ip , so close it
[51027.586289] accepted a http connect , new connect ip is  192.168.43.186
[51027.593052]                           old connect ip is  192.168.43.237
[51027.599708]                                     but it isn't seted ip , so close it
[51028.122669] accepted a http connect , new connect ip is  192.168.43.186
[51028.129412]                           old connect ip is  192.168.43.237
[51028.136111]                                     but it isn't seted ip , so close it
[51028.651284] accepted a http connect , new connect ip is  192.168.43.186
[51028.658037]                           old connect ip is  192.168.43.237
[51028.664702]                                     but it isn't seted ip , so close it
[51029.192781] accepted a http connect , new connect ip is  192.168.43.186
[51029.199836]                           old connect ip is  192.168.43.237
[51029.206534]                                     but it isn't seted ip , so close it
[51029.723197] accepted a http connect , new connect ip is  192.168.43.186
[51029.730041]                           old connect ip is  192.168.43.237
[51029.736732]                                     but it isn't seted ip , so close it
[51030.264575] accepted a http connect , new connect ip is  192.168.43.186
[51030.271350]                           old connect ip is  192.168.43.237
[51030.278004]                                     but it isn't seted ip , so close it
[51030.796149] accepted a http connect , new connect ip is  192.168.43.186
[51030.803026]                           old connect ip is  192.168.43.237
[51030.809732]                                     but it isn't seted ip , so close it
[51031.333295] accepted a http connect , new connect ip is  192.168.43.186
[51031.340032]                           old connect ip is  192.168.43.237
[51031.346829]                                     but it isn't seted ip , so close it
[51031.876337] accepted a http connect , new connect ip is  192.168.43.186
[51031.883084]                           old connect ip is  192.168.43.237
[51031.889747]                                     but it isn't seted ip , so close it
[51032.414418] accepted a http connect , new connect ip is  192.168.43.186
[51032.421150]                           old connect ip is  192.168.43.237
[51032.427816]                                     but it isn't seted ip , so close it
[51032.952612] accepted a http connect , new connect ip is  192.168.43.186
[51032.959370]                           old connect ip is  192.168.43.237
[51032.966040]                                     but it isn't seted ip , so close it
[51033.482485] accepted a http connect , new connect ip is  192.168.43.186
[51033.489215]                           old connect ip is  192.168.43.237
[51033.495922]                                     but it isn't seted ip , so close it
[51034.022607] accepted a http connect , new connect ip is  192.168.43.186
[51034.029367]                           old connect ip is  192.168.43.237
[51034.036042]                                     but it isn't seted ip , so close it
[51034.562457] accepted a http connect , new connect ip is  192.168.43.186
[51034.569193]                           old connect ip is  192.168.43.237
[51034.575849]                                     but it isn't seted ip , so close it
[51035.103481] accepted a http connect , new connect ip is  192.168.43.186
[51035.110266]                           old connect ip is  192.168.43.237
[51035.116931]                                     but it isn't seted ip , so close it
[51035.645500] accepted a http connect , new connect ip is  192.168.43.186
[51035.652225]                           old connect ip is  192.168.43.237
[51035.658894]                                     but it isn't seted ip , so close it
[51036.182544] accepted a http connect , new connect ip is  192.168.43.186
[51036.189305]                           old connect ip is  192.168.43.237
[51036.195992]                                     but it isn't seted ip , so close it
[51036.712140] accepted a http connect , new connect ip is  192.168.43.186
[51036.719110]                           old connect ip is  192.168.43.237
[51036.725802]                                     but it isn't seted ip , so close it
[51037.252656] accepted a http connect , new connect ip is  192.168.43.186
[51037.259439]                           old connect ip is  192.168.43.237
[51037.266094]                                     but it isn't seted ip , so close it
[51037.780038] accepted a http connect , new connect ip is  192.168.43.186
[51037.786915]                           old connect ip is  192.168.43.237
[51037.793628]                                     but it isn't seted ip , so close it
[51038.322609] accepted a http connect , new connect ip is  192.168.43.186
[51038.329371]                           old connect ip is  192.168.43.237
[51038.336109]                                     but it isn't seted ip , so close it
[51038.850806] accepted a http connect , new connect ip is  192.168.43.186
[51038.857587]                           old connect ip is  192.168.43.237
[51038.864242]                                     but it isn't seted ip , so close it
[51039.392466] accepted a http connect , new connect ip is  192.168.43.186
[51039.399226]                           old connect ip is  192.168.43.237
[51039.405876]                                     but it isn't seted ip , so close it
[51039.921139] accepted a http connect , new connect ip is  192.168.43.186
[51039.927910]                           old connect ip is  192.168.43.237
[51039.934603]                                     but it isn't seted ip , so close it
[51040.452518] accepted a http connect , new connect ip is  192.168.43.186
[51040.459392]                           old connect ip is  192.168.43.237
[51040.466113]                                     but it isn't seted ip , so close it
[51040.994436] accepted a http connect , new connect ip is  192.168.43.186
[51041.001181]                           old connect ip is  192.168.43.237
[51041.007850]                                     but it isn't seted ip , so close it
[51041.532558] accepted a http connect , new connect ip is  192.168.43.186
[51041.539294]                           old connect ip is  192.168.43.237
[51041.546013]                                     but it isn't seted ip , so close it
[51042.072429] accepted a http connect , new connect ip is  192.168.43.186
[51042.079170]                           old connect ip is  192.168.43.237
[51042.085823]                                     but it isn't seted ip , so close it
[51042.612619] accepted a http connect , new connect ip is  192.168.43.186
[51042.619422]                           old connect ip is  192.168.43.237
[51042.626072]                                     but it isn't seted ip , so close it
[51043.152415] accepted a http connect , new connect ip is  192.168.43.186
[51043.159174]                           old connect ip is  192.168.43.237
[51043.165823]                                     but it isn't seted ip , so close it
[51043.679404] accepted a http connect , new connect ip is  192.168.43.186
[51043.686152]                           old connect ip is  192.168.43.237
[51043.692832]                                     but it isn't seted ip , so close it
[51044.212556] accepted a http connect , new connect ip is  192.168.43.186
[51044.219295]                           old connect ip is  192.168.43.237
[51044.225984]                                     but it isn't seted ip , so close it
[51044.739275] accepted a http connect , new connect ip is  192.168.43.186
[51044.746023]                           old connect ip is  192.168.43.237
[51044.752703]                                     but it isn't seted ip , so close it
[51045.272682] accepted a http connect , new connect ip is  192.168.43.186
[51045.279455]                           old connect ip is  192.168.43.237
[51045.286123]                                     but it isn't seted ip , so close it
[51045.800432] accepted a http connect , new connect ip is  192.168.43.186
[51045.807167]                           old connect ip is  192.168.43.237
[51045.813826]                                     but it isn't seted ip , so close it
[51046.332643] accepted a http connect , new connect ip is  192.168.43.186
[51046.339382]                           old connect ip is  192.168.43.237
[51046.346031]                                     but it isn't seted ip , so close it
[51046.860142] accepted a http connect , new connect ip is  192.168.43.186
[51046.866907]                           old connect ip is  192.168.43.237
[51046.873569]                                     but it isn't seted ip , so close it
[51047.392386] accepted a http connect , new connect ip is  192.168.43.186
[51047.399131]                           old connect ip is  192.168.43.237
[51047.405777]                                     but it isn't seted ip , so close it
[51047.932679] accepted a http connect , new connect ip is  192.168.43.186
[51047.939552]                           old connect ip is  192.168.43.237
[51047.946262]                                     but it isn't seted ip , so close it
[51048.475760] accepted a http connect , new connect ip is  192.168.43.186
[51048.482506]                           old connect ip is  192.168.43.237
[51048.489200]                                     but it isn't seted ip , so close it
[51049.012698] accepted a http connect , new connect ip is  192.168.43.186
[51049.019504]                           old connect ip is  192.168.43.237
[51049.026199]                                     but it isn't seted ip , so close it
[51049.552580] accepted a http connect , new connect ip is  192.168.43.186
[51049.559264]                           old connect ip is  192.168.43.237
[51049.565893]                                     but it isn't seted ip , so close it
[51050.092662] accepted a http connect , new connect ip is  192.168.43.186
[51050.099336]                           old connect ip is  192.168.43.237
[51050.105970]                                     but it isn't seted ip , so close it
[51050.622316] accepted a http connect , new connect ip is  192.168.43.186
[51050.628991]                           old connect ip is  192.168.43.237
[51050.635632]                                     but it isn't seted ip , so close it
[51051.152942] accepted a http connect , new connect ip is  192.168.43.186
[51051.159634]                           old connect ip is  192.168.43.237
[51051.166269]                                     but it isn't seted ip , so close it
[51051.680777] accepted a http connect , new connect ip is  192.168.43.186
[51051.687650]                           old connect ip is  192.168.43.237
[51051.694326]                                     but it isn't seted ip , so close it
[51052.213482] accepted a http connect , new connect ip is  192.168.43.186
[51052.220260]                           old connect ip is  192.168.43.237
[51052.226915]                                     but it isn't seted ip , so close it
[51052.740671] accepted a http connect , new connect ip is  192.168.43.186
[51052.747457]                           old connect ip is  192.168.43.237
[51052.754118]                                     but it isn't seted ip , so close it
[51053.272329] accepted a http connect , new connect ip is  192.168.43.186
[51053.279079]                           old connect ip is  192.168.43.237
[51053.285745]                                     but it isn't seted ip , so close it
[51053.804952] accepted a http connect , new connect ip is  192.168.43.186
[51053.811686]                           old connect ip is  192.168.43.237
[51053.818340]                                     but it isn't seted ip , so close it
[51054.342636] accepted a http connect , new connect ip is  192.168.43.186
[51054.349573]                           old connect ip is  192.168.43.237
[51054.356310]                                     but it isn't seted ip , so close it
[51054.871616] accepted a http connect , new connect ip is  192.168.43.186
[51054.878409]                           old connect ip is  192.168.43.237
[51054.885090]                                     but it isn't seted ip , so close it
[51055.417918] accepted a http connect , new connect ip is  192.168.43.186
[51055.424716]                           old connect ip is  192.168.43.237
[51055.431416]                                     but it isn't seted ip , so close it
[51055.964254] accepted a http connect , new connect ip is  192.168.43.186
[51055.971092]                           old connect ip is  192.168.43.237
[51055.977791]                                     but it isn't seted ip , so close it
[51056.506142] accepted a http connect , new connect ip is  192.168.43.186
[51056.512888]                           old connect ip is  192.168.43.237
[51056.519538]                                     but it isn't seted ip , so close it
[51057.046520] accepted a http connect , new connect ip is  192.168.43.186
[51057.053271]                           old connect ip is  192.168.43.237
[51057.059942]                                     but it isn't seted ip , so close it
[51057.595291] accepted a http connect , new connect ip is  192.168.43.186
[51057.602013]                           old connect ip is  192.168.43.237
[51057.608667]                                     but it isn't seted ip , so close it
[51058.148117] accepted a http connect , new connect ip is  192.168.43.186
[51058.154906]                           old connect ip is  192.168.43.237
[51058.161550]                                     but it isn't seted ip , so close it
[51058.693917] accepted a http connect , new connect ip is  192.168.43.186
[51058.700667]                           old connect ip is  192.168.43.237
[51058.707343]                                     but it isn't seted ip , so close it
[51059.245414] accepted a http connect , new connect ip is  192.168.43.186
[51059.252173]                           old connect ip is  192.168.43.237
[51059.258871]                                     but it isn't seted ip , so close it
[51059.782237] accepted a http connect , new connect ip is  192.168.43.186
[51059.788982]                           old connect ip is  192.168.43.237
[51059.795647]                                     but it isn't seted ip , so close it
[51060.339833] accepted a http connect , new connect ip is  192.168.43.186
[51060.346658]                           old connect ip is  192.168.43.237
[51060.353358]                                     but it isn't seted ip , so close it
[51060.874655] accepted a http connect , new connect ip is  192.168.43.186
[51060.881399]                           old connect ip is  192.168.43.237
[51060.888052]                                     but it isn't seted ip , so close it
[51061.416314] accepted a http connect , new connect ip is  192.168.43.186
[51061.423080]                           old connect ip is  192.168.43.237
[51061.429736]                                     but it isn't seted ip , so close it
[51061.956995] accepted a http connect , new connect ip is  192.168.43.186
[51061.963844]                           old connect ip is  192.168.43.237
[51061.970514]                                     but it isn't seted ip , so close it
[51062.492105] accepted a http connect , new connect ip is  192.168.43.186
[51062.498852]                           old connect ip is  192.168.43.237
[51062.505515]                                     but it isn't seted ip , so close it
[51063.025121] accepted a http connect , new connect ip is  192.168.43.186
[51063.031883]                           old connect ip is  192.168.43.237
[51063.038557]                                     but it isn't seted ip , so close it
[51063.564205] accepted a http connect , new connect ip is  192.168.43.186
[51063.570951]                           old connect ip is  192.168.43.237
[51063.577614]                                     but it isn't seted ip , so close it
[51064.104296] accepted a http connect , new connect ip is  192.168.43.186
[51064.111068]                           old connect ip is  192.168.43.237
[51064.117938]                                     but it isn't seted ip , so close it
[51064.642328] accepted a http connect , new connect ip is  192.168.43.186
[51064.649064]                           old connect ip is  192.168.43.237
[51064.655740]                                     but it isn't seted ip , so close it
[51065.185417] accepted a http connect , new connect ip is  192.168.43.186
[51065.192169]                           old connect ip is  192.168.43.237
[51065.198862]                                     but it isn't seted ip , so close it
[51065.719694] accepted a http connect , new connect ip is  192.168.43.186
[51065.726450]                           old connect ip is  192.168.43.237
[51065.733120]                                     but it isn't seted ip , so close it
[51066.266214] accepted a http connect , new connect ip is  192.168.43.186
[51066.273028]                           old connect ip is  192.168.43.237
[51066.279673]                                     but it isn't seted ip , so close it
[51066.799714] accepted a http connect , new connect ip is  192.168.43.186
[51066.806486]                           old connect ip is  192.168.43.237
[51066.813161]                                     but it isn't seted ip , so close it
[51067.342483] accepted a http connect , new connect ip is  192.168.43.186
[51067.349248]                           old connect ip is  192.168.43.237
[51067.355919]                                     but it isn't seted ip , so close it
[51067.869884] accepted a http connect , new connect ip is  192.168.43.186
[51067.876647]                           old connect ip is  192.168.43.237
[51067.883293]                                     but it isn't seted ip , so close it
[51068.404239] accepted a http connect , new connect ip is  192.168.43.186
[51068.410984]                           old connect ip is  192.168.43.237
[51068.417661]                                     but it isn't seted ip , so close it
[51068.944266] accepted a http connect , new connect ip is  192.168.43.186
[51068.951059]                           old connect ip is  192.168.43.237
[51068.957727]                                     but it isn't seted ip , so close it
[51069.484631] accepted a http connect , new connect ip is  192.168.43.186
[51069.491590]                           old connect ip is  192.168.43.237
[51069.498270]                                     but it isn't seted ip , so close it
[51070.024154] accepted a http connect , new connect ip is  192.168.43.186
[51070.030928]                           old connect ip is  192.168.43.237
[51070.037601]                                     but it isn't seted ip , so close it
[51070.564692] accepted a http connect , new connect ip is  192.168.43.186
[51070.571424]                           old connect ip is  192.168.43.237
[51070.578078]                                     but it isn't seted ip , so close it
[51071.104350] accepted a http connect , new connect ip is  192.168.43.186
[51071.111104]                           old connect ip is  192.168.43.237
[51071.117778]                                     but it isn't seted ip , so close it
[51071.642394] accepted a http connect , new connect ip is  192.168.43.186
[51071.649119]                           old connect ip is  192.168.43.237
[51071.655789]                                     but it isn't seted ip , so close it
[51072.184278] accepted a http connect , new connect ip is  192.168.43.186
[51072.191073]                           old connect ip is  192.168.43.237
[51072.197734]                                     but it isn't seted ip , so close it
[51072.718956] accepted a http connect , new connect ip is  192.168.43.186
[51072.725706]                           old connect ip is  192.168.43.237
[51072.732389]                                     but it isn't seted ip , so close it
[51073.264307] accepted a http connect , new connect ip is  192.168.43.186
[51073.271071]                           old connect ip is  192.168.43.237
[51073.277738]                                     but it isn't seted ip , so close it
[51073.799096] accepted a http connect , new connect ip is  192.168.43.186
[51073.805809]                           old connect ip is  192.168.43.237
[51073.812480]                                     but it isn't seted ip , so close it
[51074.329788] accepted a http connect , new connect ip is  192.168.43.186
[51074.336638]                           old connect ip is  192.168.43.237
[51074.343346]                                     but it isn't seted ip , so close it
[51074.859158] accepted a http connect , new connect ip is  192.168.43.186
[51074.866066]                           old connect ip is  192.168.43.237
[51074.872896]                                     but it isn't seted ip , so close it
[51075.402438] accepted a http connect , new connect ip is  192.168.43.186
[51075.409220]                           old connect ip is  192.168.43.237
[51075.415892]                                     but it isn't seted ip , so close it
[51075.942226] accepted a http connect , new connect ip is  192.168.43.186
[51075.948975]                           old connect ip is  192.168.43.237
[51075.955645]                                     but it isn't seted ip , so close it
[51076.469903] accepted a http connect , new connect ip is  192.168.43.186
[51076.476721]                           old connect ip is  192.168.43.237
[51076.483386]                                     but it isn't seted ip , so close it
[51077.005724] accepted a http connect , new connect ip is  192.168.43.186
[51077.012486]                           old connect ip is  192.168.43.237
[51077.019145]                                     but it isn't seted ip , so close it
[51077.544396] accepted a http connect , new connect ip is  192.168.43.186
[51077.551168]                           old connect ip is  192.168.43.237
[51077.557822]                                     but it isn't seted ip , so close it
[51078.082265] accepted a http connect , new connect ip is  192.168.43.186
[51078.089038]                           old connect ip is  192.168.43.237
[51078.095729]                                     but it isn't seted ip , so close it
[51078.627337] accepted a http connect , new connect ip is  192.168.43.186
[51078.634108]                           old connect ip is  192.168.43.237
[51078.640790]                                     but it isn't seted ip , so close it
[51079.163257] accepted a http connect , new connect ip is  192.168.43.186
[51079.170057]                           old connect ip is  192.168.43.237
[51079.176824]                                     but it isn't seted ip , so close it
[51079.702359] accepted a http connect , new connect ip is  192.168.43.186
[51079.709079]                           old connect ip is  192.168.43.237
[51079.715738]                                     but it isn't seted ip , so close it
[51080.232301] accepted a http connect , new connect ip is  192.168.43.186
[51080.238967]                           old connect ip is  192.168.43.237
[51080.245619]                                     but it isn't seted ip , so close it
[51080.758554] accepted a http connect , new connect ip is  192.168.43.186
[51080.765291]                           old connect ip is  192.168.43.237
[51080.771945]                                     but it isn't seted ip , so close it
[51081.292549] accepted a http connect , new connect ip is  192.168.43.186
[51081.299321]                           old connect ip is  192.168.43.237
[51081.305975]                                     but it isn't seted ip , so close it
[51081.822812] accepted a http connect , new connect ip is  192.168.43.186
[51081.829551]                           old connect ip is  192.168.43.237
[51081.836213]                                     but it isn't seted ip , so close it
[51082.362357] accepted a http connect , new connect ip is  192.168.43.186
[51082.369100]                           old connect ip is  192.168.43.237
[51082.375768]                                     but it isn't seted ip , so close it
[51082.889651] accepted a http connect , new connect ip is  192.168.43.186
[51082.896401]                           old connect ip is  192.168.43.237
[51082.903057]                                     but it isn't seted ip , so close it
[51083.422375] accepted a http connect , new connect ip is  192.168.43.186
[51083.429132]                           old connect ip is  192.168.43.237
[51083.435796]                                     but it isn't seted ip , so close it
[51083.962213] accepted a http connect , new connect ip is  192.168.43.186
[51083.968960]                           old connect ip is  192.168.43.237
[51083.975627]                                     but it isn't seted ip , so close it
[51084.502141] accepted a http connect , new connect ip is  192.168.43.186
[51084.508967]                           old connect ip is  192.168.43.237
[51084.515640]                                     but it isn't seted ip , so close it
[51085.042846] accepted a http connect , new connect ip is  192.168.43.186
[51085.049595]                           old connect ip is  192.168.43.237
[51085.056307]                                     but it isn't seted ip , so close it
[51085.575148] accepted a http connect , new connect ip is  192.168.43.186
[51085.581898]                           old connect ip is  192.168.43.237
[51085.588562]                                     but it isn't seted ip , so close it
[51086.112066] accepted a http connect , new connect ip is  192.168.43.186
[51086.118843]                           old connect ip is  192.168.43.237
[51086.125522]                                     but it isn't seted ip , so close it
[51086.651947] accepted a http connect , new connect ip is  192.168.43.186
[51086.658694]                           old connect ip is  192.168.43.237
[51086.665416]                                     but it isn't seted ip , so close it
[51087.191895] accepted a http connect , new connect ip is  192.168.43.186
[51087.198647]                           old connect ip is  192.168.43.237
[51087.205340]                                     but it isn't seted ip , so close it
[51087.733481] accepted a http connect , new connect ip is  192.168.43.186
[51087.740265]                           old connect ip is  192.168.43.237
[51087.746924]                                     but it isn't seted ip , so close it
[51088.272168] accepted a http connect , new connect ip is  192.168.43.186
[51088.279007]                           old connect ip is  192.168.43.237
[51088.285800]                                     but it isn't seted ip , so close it
[51088.799791] accepted a http connect , new connect ip is  192.168.43.186
[51088.806528]                           old connect ip is  192.168.43.237
[51088.813192]                                     but it isn't seted ip , so close it
[51089.332059] accepted a http connect , new connect ip is  192.168.43.186
[51089.338925]                           old connect ip is  192.168.43.237
[51089.345615]                                     but it isn't seted ip , so close it
[51089.859744] accepted a http connect , new connect ip is  192.168.43.186
[51089.866478]                           old connect ip is  192.168.43.237
[51089.873218]                                     but it isn't seted ip , so close it
[51090.392163] accepted a http connect , new connect ip is  192.168.43.186
[51090.399065]                           old connect ip is  192.168.43.237
[51090.405758]                                     but it isn't seted ip , so close it
[51090.924405] accepted a http connect , new connect ip is  192.168.43.186
[51090.931080]                           old connect ip is  192.168.43.237
[51090.937731]                                     but it isn't seted ip , so close it
[51091.462121] accepted a http connect , new connect ip is  192.168.43.186
[51091.468946]                           old connect ip is  192.168.43.237
[51091.475627]                                     but it isn't seted ip , so close it
[51092.002078] accepted a http connect , new connect ip is  192.168.43.186
[51092.008859]                           old connect ip is  192.168.43.237
[51092.015535]                                     but it isn't seted ip , so close it
[51092.542031] accepted a http connect , new connect ip is  192.168.43.186
[51092.548801]                           old connect ip is  192.168.43.237
[51092.555458]                                     but it isn't seted ip , so close it
[51093.082032] accepted a http connect , new connect ip is  192.168.43.186
[51093.088785]                           old connect ip is  192.168.43.237
[51093.095495]                                     but it isn't seted ip , so close it
[51093.621747] accepted a http connect , new connect ip is  192.168.43.186
[51093.628496]                           old connect ip is  192.168.43.237
[51093.635167]                                     but it isn't seted ip , so close it
[51094.161983] accepted a http connect , new connect ip is  192.168.43.186
[51094.168739]                           old connect ip is  192.168.43.237
[51094.175458]                                     but it isn't seted ip , so close it
[51094.701843] accepted a http connect , new connect ip is  192.168.43.186
[51094.708609]                           old connect ip is  192.168.43.237
[51094.715285]                                     but it isn't seted ip , so close it
[51095.242475] accepted a http connect , new connect ip is  192.168.43.186
[51095.249230]                           old connect ip is  192.168.43.237
[51095.255895]                                     but it isn't seted ip , so close it
[51095.769151] accepted a http connect , new connect ip is  192.168.43.186
[51095.775902]                           old connect ip is  192.168.43.237
[51095.782551]                                     but it isn't seted ip , so close it
[51096.302324] accepted a http connect , new connect ip is  192.168.43.186
[51096.309175]                           old connect ip is  192.168.43.237
[51096.315908]                                     but it isn't seted ip , so close it
[51096.834565] accepted a http connect , new connect ip is  192.168.43.186
[51096.841395]                           old connect ip is  192.168.43.237
[51096.848060]                                     but it isn't seted ip , so close it
[51097.382694] accepted a http connect , new connect ip is  192.168.43.186
[51097.389553]                           old connect ip is  192.168.43.237
[51097.396346]                                     but it isn't seted ip , so close it
[51097.909870] accepted a http connect , new connect ip is  192.168.43.186
[51097.916613]                           old connect ip is  192.168.43.237
[51097.923263]                                     but it isn't seted ip , so close it
[51098.442051] accepted a http connect , new connect ip is  192.168.43.186
[51098.448814]                           old connect ip is  192.168.43.237
[51098.455542]                                     but it isn't seted ip , so close it
[51098.981912] accepted a http connect , new connect ip is  192.168.43.186
[51098.988671]                           old connect ip is  192.168.43.237
[51098.995328]                                     but it isn't seted ip , so close it
[51099.509564] accepted a http connect , new connect ip is  192.168.43.186
[51099.516427]                           old connect ip is  192.168.43.237
[51099.523088]                                     but it isn't seted ip , so close it
[51100.053235] accepted a http connect , new connect ip is  192.168.43.186
[51100.060500]                           old connect ip is  192.168.43.237
[51100.067173]                                     but it isn't seted ip , so close it
[51100.591988] accepted a http connect , new connect ip is  192.168.43.186
[51100.598751]                           old connect ip is  192.168.43.237
[51100.605397]                                     but it isn't seted ip , so close it
[51101.131843] accepted a http connect , new connect ip is  192.168.43.186
[51101.138622]                           old connect ip is  192.168.43.237
[51101.145266]                                     but it isn't seted ip , so close it
[51101.672180] accepted a http connect , new connect ip is  192.168.43.186
[51101.678957]                           old connect ip is  192.168.43.237
[51101.685610]                                     but it isn't seted ip , so close it
[51102.215902] accepted a http connect , new connect ip is  192.168.43.186
[51102.222697]                           old connect ip is  192.168.43.237
[51102.229393]                                     but it isn't seted ip , so close it
[51102.755413] accepted a http connect , new connect ip is  192.168.43.186
[51102.762120]                           old connect ip is  192.168.43.237
[51102.768784]                                     but it isn't seted ip , so close it
[51103.291848] accepted a http connect , new connect ip is  192.168.43.186
[51103.298616]                           old connect ip is  192.168.43.237
[51103.305331]                                     but it isn't seted ip , so close it
[51103.820159] accepted a http connect , new connect ip is  192.168.43.186
[51103.826963]                           old connect ip is  192.168.43.237
[51103.833628]                                     but it isn't seted ip , so close it
[51104.351944] accepted a http connect , new connect ip is  192.168.43.186
[51104.358799]                           old connect ip is  192.168.43.237
[51104.365454]                                     but it isn't seted ip , so close it
[51104.878840] accepted a http connect , new connect ip is  192.168.43.186
[51104.885569]                           old connect ip is  192.168.43.237
[51104.892224]                                     but it isn't seted ip , so close it
[51105.411769] accepted a http connect , new connect ip is  192.168.43.186
[51105.418535]                           old connect ip is  192.168.43.237
[51105.425179]                                     but it isn't seted ip , so close it
[51105.938848] accepted a http connect , new connect ip is  192.168.43.186
[51105.945580]                           old connect ip is  192.168.43.237
[51105.952254]                                     but it isn't seted ip , so close it
[51106.471674] accepted a http connect , new connect ip is  192.168.43.186
[51106.478460]                           old connect ip is  192.168.43.237
[51106.485136]                                     but it isn't seted ip , so close it
[51107.011889] accepted a http connect , new connect ip is  192.168.43.186
[51107.018647]                           old connect ip is  192.168.43.237
[51107.025301]                                     but it isn't seted ip , so close it
[51107.551958] accepted a http connect , new connect ip is  192.168.43.186
[51107.558751]                           old connect ip is  192.168.43.237
[51107.565427]                                     but it isn't seted ip , so close it
[51108.091901] accepted a http connect , new connect ip is  192.168.43.186
[51108.098566]                           old connect ip is  192.168.43.237
[51108.105247]                                     but it isn't seted ip , so close it
[51108.621817] accepted a http connect , new connect ip is  192.168.43.186
[51108.628507]                           old connect ip is  192.168.43.237
[51108.635169]                                     but it isn't seted ip , so close it
[51109.161894] accepted a http connect , new connect ip is  192.168.43.186
[51109.168560]                           old connect ip is  192.168.43.237
[51109.175200]                                     but it isn't seted ip , so close it
[51109.687519] accepted a http connect , new connect ip is  192.168.43.186
[51109.694311]                           old connect ip is  192.168.43.237
[51109.700967]                                     but it isn't seted ip , so close it
[51110.221881] accepted a http connect , new connect ip is  192.168.43.186
[51110.228576]                           old connect ip is  192.168.43.237
[51110.235227]                                     but it isn't seted ip , so close it
[51110.751573] accepted a http connect , new connect ip is  192.168.43.186
[51110.758249]                           old connect ip is  192.168.43.237
[51110.764889]                                     but it isn't seted ip , so close it
[51111.281712] accepted a http connect , new connect ip is  192.168.43.186
[51111.288383]                           old connect ip is  192.168.43.237
[51111.295031]                                     but it isn't seted ip , so close it
[51111.807365] accepted a http connect , new connect ip is  192.168.43.186
[51111.814101]                           old connect ip is  192.168.43.237
[51111.820763]                                     but it isn't seted ip , so close it
[51112.342557] accepted a http connect , new connect ip is  192.168.43.186
[51112.349307]                           old connect ip is  192.168.43.237
[51112.355999]                                     but it isn't seted ip , so close it
[51112.874684] accepted a http connect , new connect ip is  192.168.43.186
[51112.881409]                           old connect ip is  192.168.43.237
[51112.888070]                                     but it isn't seted ip , so close it
[51113.411820] accepted a http connect , new connect ip is  192.168.43.186
[51113.418593]                           old connect ip is  192.168.43.237
[51113.425236]                                     but it isn't seted ip , so close it
[51113.938840] accepted a http connect , new connect ip is  192.168.43.186
[51113.945579]                           old connect ip is  192.168.43.237
[51113.952250]                                     but it isn't seted ip , so close it
[51114.471912] accepted a http connect , new connect ip is  192.168.43.186
[51114.478689]                           old connect ip is  192.168.43.237
[51114.485345]                                     but it isn't seted ip , so close it
[51115.012728] accepted a http connect , new connect ip is  192.168.43.186
[51115.019588]                           old connect ip is  192.168.43.237
[51115.026272]                                     but it isn't seted ip , so close it
[51115.552134] accepted a http connect , new connect ip is  192.168.43.186
[51115.558923]                           old connect ip is  192.168.43.237
[51115.565570]                                     but it isn't seted ip , so close it
[51116.092646] accepted a http connect , new connect ip is  192.168.43.186
[51116.099396]                           old connect ip is  192.168.43.237
[51116.106060]                                     but it isn't seted ip , so close it
[51116.631658] accepted a http connect , new connect ip is  192.168.43.186
[51116.638401]                           old connect ip is  192.168.43.237
[51116.645177]                                     but it isn't seted ip , so close it
[51117.171621] accepted a http connect , new connect ip is  192.168.43.186
[51117.178387]                           old connect ip is  192.168.43.237
[51117.185047]                                     but it isn't seted ip , so close it
[51117.713618] accepted a http connect , new connect ip is  192.168.43.186
[51117.720350]                           old connect ip is  192.168.43.237
[51117.726994]                                     but it isn't seted ip , so close it
[51118.251723] accepted a http connect , new connect ip is  192.168.43.186
[51118.258484]                           old connect ip is  192.168.43.237
[51118.265129]                                     but it isn't seted ip , so close it
[51118.783835] accepted a http connect , new connect ip is  192.168.43.186
[51118.790671]                           old connect ip is  192.168.43.237
[51118.797332]                                     but it isn't seted ip , so close it
[51119.321745] accepted a http connect , new connect ip is  192.168.43.186
[51119.328473]                           old connect ip is  192.168.43.237
[51119.335146]                                     but it isn't seted ip , so close it
[51119.850157] accepted a http connect , new connect ip is  192.168.43.186
[51119.856950]                           old connect ip is  192.168.43.237
[51119.863599]                                     but it isn't seted ip , so close it
[51120.392662] accepted a http connect , new connect ip is  192.168.43.186
[51120.399517]                           old connect ip is  192.168.43.237
[51120.406199]                                     but it isn't seted ip , so close it
[51120.922683] accepted a http connect , new connect ip is  192.168.43.186
[51120.929457]                           old connect ip is  192.168.43.237
[51120.936153]                                     but it isn't seted ip , so close it
[51121.469164] accepted a http connect , new connect ip is  192.168.43.186
[51121.475948]                           old connect ip is  192.168.43.237
[51121.482611]                                     but it isn't seted ip , so close it
[51122.003024] accepted a http connect , new connect ip is  192.168.43.186
[51122.009758]                           old connect ip is  192.168.43.237
[51122.016425]                                     but it isn't seted ip , so close it
[51122.541869] accepted a http connect , new connect ip is  192.168.43.186
[51122.548678]                           old connect ip is  192.168.43.237
[51122.555337]                                     but it isn't seted ip , so close it
[51123.082140] accepted a http connect , new connect ip is  192.168.43.186
[51123.088878]                           old connect ip is  192.168.43.237
[51123.095534]                                     but it isn't seted ip , so close it
[51123.621857] accepted a http connect , new connect ip is  192.168.43.186
[51123.628644]                           old connect ip is  192.168.43.237
[51123.635302]                                     but it isn't seted ip , so close it
[51124.167747] accepted a http connect , new connect ip is  192.168.43.186
[51124.174493]                           old connect ip is  192.168.43.237
[51124.181147]                                     but it isn't seted ip , so close it
[51124.703730] accepted a http connect , new connect ip is  192.168.43.186
[51124.710472]                           old connect ip is  192.168.43.237
[51124.717181]                                     but it isn't seted ip , so close it
[51125.246074] accepted a http connect , new connect ip is  192.168.43.186
[51125.252899]                           old connect ip is  192.168.43.237
[51125.259545]                                     but it isn't seted ip , so close it
[51125.785647] accepted a http connect , new connect ip is  192.168.43.186
[51125.792517]                           old connect ip is  192.168.43.237
[51125.799169]                                     but it isn't seted ip , so close it
[51126.325227] accepted a http connect , new connect ip is  192.168.43.186
[51126.331944]                           old connect ip is  192.168.43.237
[51126.338606]                                     but it isn't seted ip , so close it
[51126.866572] accepted a http connect , new connect ip is  192.168.43.186
[51126.873268]                           old connect ip is  192.168.43.237
[51126.879909]                                     but it isn't seted ip , so close it
[51127.418089] accepted a http connect , new connect ip is  192.168.43.186
[51127.424756]                           old connect ip is  192.168.43.237
[51127.431389]                                     but it isn't seted ip , so close it
[51127.958494] accepted a http connect , new connect ip is  192.168.43.186
[51127.965145]                           old connect ip is  192.168.43.237
[51127.971784]                                     but it isn't seted ip , so close it
[51128.507391] accepted a http connect , new connect ip is  192.168.43.186
[51128.514056]                           old connect ip is  192.168.43.237
[51128.520687]                                     but it isn't seted ip , so close it
[51129.058367] accepted a http connect , new connect ip is  192.168.43.186
[51129.065035]                           old connect ip is  192.168.43.237
[51129.071667]                                     but it isn't seted ip , so close it
[51129.605763] accepted a http connect , new connect ip is  192.168.43.186
[51129.612411]                           old connect ip is  192.168.43.237
[51129.619038]                                     but it isn't seted ip , so close it
[51130.144846] accepted a http connect , new connect ip is  192.168.43.186
[51130.151522]                           old connect ip is  192.168.43.237
[51130.158155]                                     but it isn't seted ip , so close it
[51130.683765] accepted a http connect , new connect ip is  192.168.43.186
[51130.690451]                           old connect ip is  192.168.43.237
[51130.697104]                                     but it isn't seted ip , so close it
[51131.236436] accepted a http connect , new connect ip is  192.168.43.186
[51131.243111]                           old connect ip is  192.168.43.237
[51131.249765]                                     but it isn't seted ip , so close it
[51131.772115] accepted a http connect , new connect ip is  192.168.43.186
[51131.778783]                           old connect ip is  192.168.43.237
[51131.785435]                                     but it isn't seted ip , so close it
[51132.321926] accepted a http connect , new connect ip is  192.168.43.186
[51132.328621]                           old connect ip is  192.168.43.237
[51132.335279]                                     but it isn't seted ip , so close it
[51132.850147] accepted a http connect , new connect ip is  192.168.43.186
[51132.856834]                           old connect ip is  192.168.43.237
[51132.863483]                                     but it isn't seted ip , so close it
[51133.381706] accepted a http connect , new connect ip is  192.168.43.186
[51133.388436]                           old connect ip is  192.168.43.237
[51133.395115]                                     but it isn't seted ip , so close it
[51133.909009] accepted a http connect , new connect ip is  192.168.43.186
[51133.915790]                           old connect ip is  192.168.43.237
[51133.922453]                                     but it isn't seted ip , so close it
[51134.441933] accepted a http connect , new connect ip is  192.168.43.186
[51134.448702]                           old connect ip is  192.168.43.237
[51134.455363]                                     but it isn't seted ip , so close it
[51134.970934] accepted a http connect , new connect ip is  192.168.43.186
[51134.977704]                           old connect ip is  192.168.43.237
[51134.984456]                                     but it isn't seted ip , so close it
[51135.511847] accepted a http connect , new connect ip is  192.168.43.186
[51135.518621]                           old connect ip is  192.168.43.237
[51135.525270]                                     but it isn't seted ip , so close it
[51136.051635] accepted a http connect , new connect ip is  192.168.43.186
[51136.058451]                           old connect ip is  192.168.43.237
[51136.065100]                                     but it isn't seted ip , so close it
[51136.592087] accepted a http connect , new connect ip is  192.168.43.186
[51136.598856]                           old connect ip is  192.168.43.237
[51136.605498]                                     but it isn't seted ip , so close it
[51137.132023] accepted a http connect , new connect ip is  192.168.43.186
[51137.138816]                           old connect ip is  192.168.43.237
[51137.145460]                                     but it isn't seted ip , so close it
[51137.672068] accepted a http connect , new connect ip is  192.168.43.186
[51137.678838]                           old connect ip is  192.168.43.237
[51137.685503]                                     but it isn't seted ip , so close it
[51138.214676] accepted a http connect , new connect ip is  192.168.43.186
[51138.221557]                           old connect ip is  192.168.43.237
[51138.228232]                                     but it isn't seted ip , so close it
[51138.761713] accepted a http connect , new connect ip is  192.168.43.186
[51138.768465]                           old connect ip is  192.168.43.237
[51138.775180]                                     but it isn't seted ip , so close it
[51139.301781] accepted a http connect , new connect ip is  192.168.43.186
[51139.308578]                           old connect ip is  192.168.43.237
[51139.315241]                                     but it isn't seted ip , so close it
[51139.831704] accepted a http connect , new connect ip is  192.168.43.186
[51139.838549]                           old connect ip is  192.168.43.237
[51139.845228]                                     but it isn't seted ip , so close it
[51140.371758] accepted a http connect , new connect ip is  192.168.43.186
[51140.378638]                           old connect ip is  192.168.43.237
[51140.385326]                                     but it isn't seted ip , so close it
[51140.901251] accepted a http connect , new connect ip is  192.168.43.186
[51140.907998]                           old connect ip is  192.168.43.237
[51140.914666]                                     but it isn't seted ip , so close it
[51141.431446] accepted a http connect , new connect ip is  192.168.43.186
[51141.438217]                           old connect ip is  192.168.43.237
[51141.444865]                                     but it isn't seted ip , so close it
[51141.958311] accepted a http connect , new connect ip is  192.168.43.186
[51141.965036]                           old connect ip is  192.168.43.237
[51141.971691]                                     but it isn't seted ip , so close it
[51142.491517] accepted a http connect , new connect ip is  192.168.43.186
[51142.498325]                           old connect ip is  192.168.43.237
[51142.504983]                                     but it isn't seted ip , so close it
[51143.018884] accepted a http connect , new connect ip is  192.168.43.186
[51143.025605]                           old connect ip is  192.168.43.237
[51143.032286]                                     but it isn't seted ip , so close it
[51143.551756] accepted a http connect , new connect ip is  192.168.43.186
[51143.558420]                           old connect ip is  192.168.43.237
[51143.565068]                                     but it isn't seted ip , so close it
[51144.091548] accepted a http connect , new connect ip is  192.168.43.186
[51144.098244]                           old connect ip is  192.168.43.237
[51144.104899]                                     but it isn't seted ip , so close it
[51144.631606] accepted a http connect , new connect ip is  192.168.43.186
[51144.638397]                           old connect ip is  192.168.43.237
[51144.645063]                                     but it isn't seted ip , so close it
[51145.171828] accepted a http connect , new connect ip is  192.168.43.186
[51145.178638]                           old connect ip is  192.168.43.237
[51145.185302]                                     but it isn't seted ip , so close it
[51145.711511] accepted a http connect , new connect ip is  192.168.43.186
[51145.718291]                           old connect ip is  192.168.43.237
[51145.724982]                                     but it isn't seted ip , so close it
[51146.251639] accepted a http connect , new connect ip is  192.168.43.186
[51146.258424]                           old connect ip is  192.168.43.237
[51146.265074]                                     but it isn't seted ip , so close it
[51146.782038] accepted a http connect , new connect ip is  192.168.43.186
[51146.788779]                           old connect ip is  192.168.43.237
[51146.795444]                                     but it isn't seted ip , so close it
[51147.321498] accepted a http connect , new connect ip is  192.168.43.186
[51147.328259]                           old connect ip is  192.168.43.237
[51147.334923]                                     but it isn't seted ip , so close it
[51147.848254] accepted a http connect , new connect ip is  192.168.43.186
[51147.855024]                           old connect ip is  192.168.43.237
[51147.861666]                                     but it isn't seted ip , so close it
[51148.381365] accepted a http connect , new connect ip is  192.168.43.186
[51148.388104]                           old connect ip is  192.168.43.237
[51148.394776]                                     but it isn't seted ip , so close it
[51148.908356] accepted a http connect , new connect ip is  192.168.43.186
[51148.915207]                           old connect ip is  192.168.43.237
[51148.921862]                                     but it isn't seted ip , so close it
[51149.441511] accepted a http connect , new connect ip is  192.168.43.186
[51149.448267]                           old connect ip is  192.168.43.237
[51149.454928]                                     but it isn't seted ip , so close it
[51149.971962] accepted a http connect , new connect ip is  192.168.43.186
[51149.978772]                           old connect ip is  192.168.43.237
[51149.985427]                                     but it isn't seted ip , so close it
[51150.511487] accepted a http connect , new connect ip is  192.168.43.186
[51150.518286]                           old connect ip is  192.168.43.237
[51150.524936]                                     but it isn't seted ip , so close it
[51151.040905] accepted a http connect , new connect ip is  192.168.43.186
[51151.047671]                           old connect ip is  192.168.43.237
[51151.054339]                                     but it isn't seted ip , so close it
[51151.581440] accepted a http connect , new connect ip is  192.168.43.186
[51151.588192]                           old connect ip is  192.168.43.237
[51151.594853]                                     but it isn't seted ip , so close it
[51152.111575] accepted a http connect , new connect ip is  192.168.43.186
[51152.118434]                           old connect ip is  192.168.43.237
[51152.125118]                                     but it isn't seted ip , so close it
[51152.651435] accepted a http connect , new connect ip is  192.168.43.186
[51152.658230]                           old connect ip is  192.168.43.237
[51152.664872]                                     but it isn't seted ip , so close it
[51153.191405] accepted a http connect , new connect ip is  192.168.43.186
[51153.198150]                           old connect ip is  192.168.43.237
[51153.204886]                                     but it isn't seted ip , so close it
[51153.731548] accepted a http connect , new connect ip is  192.168.43.186
[51153.738414]                           old connect ip is  192.168.43.237
[51153.745110]                                     but it isn't seted ip , so close it
[51154.271500] accepted a http connect , new connect ip is  192.168.43.186
[51154.278248]                           old connect ip is  192.168.43.237
[51154.284893]                                     but it isn't seted ip , so close it
[51154.811475] accepted a http connect , new connect ip is  192.168.43.186
[51154.818246]                           old connect ip is  192.168.43.237
[51154.824894]                                     but it isn't seted ip , so close it
[51155.351227] accepted a http connect , new connect ip is  192.168.43.186
[51155.357999]                           old connect ip is  192.168.43.237
[51155.364671]                                     but it isn't seted ip , so close it
[51155.881773] accepted a http connect , new connect ip is  192.168.43.186
[51155.888608]                           old connect ip is  192.168.43.237
[51155.895298]                                     but it isn't seted ip , so close it
[51156.421684] accepted a http connect , new connect ip is  192.168.43.186
[51156.428566]                           old connect ip is  192.168.43.237
[51156.435262]                                     but it isn't seted ip , so close it
[51156.952195] accepted a http connect , new connect ip is  192.168.43.186
[51156.959010]                           old connect ip is  192.168.43.237
[51156.965704]                                     but it isn't seted ip , so close it
[51157.491385] accepted a http connect , new connect ip is  192.168.43.186
[51157.498215]                           old connect ip is  192.168.43.237
[51157.504901]                                     but it isn't seted ip , so close it
[51158.019978] accepted a http connect , new connect ip is  192.168.43.186
[51158.026725]                           old connect ip is  192.168.43.237
[51158.033384]                                     but it isn't seted ip , so close it
[51158.551390] accepted a http connect , new connect ip is  192.168.43.186
[51158.558156]                           old connect ip is  192.168.43.237
[51158.564822]                                     but it isn't seted ip , so close it
[51159.091257] accepted a http connect , new connect ip is  192.168.43.186
[51159.097998]                           old connect ip is  192.168.43.237
[51159.104697]                                     but it isn't seted ip , so close it
[51159.618152] accepted a http connect , new connect ip is  192.168.43.186
[51159.624916]                           old connect ip is  192.168.43.237
[51159.631630]                                     but it isn't seted ip , so close it
[51160.151404] accepted a http connect , new connect ip is  192.168.43.186
[51160.158324]                           old connect ip is  192.168.43.237
[51160.165262]                                     but it isn't seted ip , so close it
[51160.691222] accepted a http connect , new connect ip is  192.168.43.186
[51160.697958]                           old connect ip is  192.168.43.237
[51160.704626]                                     but it isn't seted ip , so close it
[51161.231119] accepted a http connect , new connect ip is  192.168.43.186
[51161.237864]                           old connect ip is  192.168.43.237
[51161.244506]                                     but it isn't seted ip , so close it
[51161.771416] accepted a http connect , new connect ip is  192.168.43.186
[51161.778196]                           old connect ip is  192.168.43.237
[51161.784843]                                     but it isn't seted ip , so close it
[51162.311224] accepted a http connect , new connect ip is  192.168.43.186
[51162.318104]                           old connect ip is  192.168.43.237
[51162.324772]                                     but it isn't seted ip , so close it
[51162.853061] accepted a http connect , new connect ip is  192.168.43.186
[51162.859752]                           old connect ip is  192.168.43.237
[51162.866399]                                     but it isn't seted ip , so close it
[51163.391438] accepted a http connect , new connect ip is  192.168.43.186
[51163.398113]                           old connect ip is  192.168.43.237
[51163.404753]                                     but it isn't seted ip , so close it
[51163.917132] accepted a http connect , new connect ip is  192.168.43.186
[51163.923873]                           old connect ip is  192.168.43.237
[51163.930531]                                     but it isn't seted ip , so close it
[51164.456068] accepted a http connect , new connect ip is  192.168.43.186
[51164.462933]                           old connect ip is  192.168.43.237
[51164.469874]                                     but it isn't seted ip , so close it
[51164.984862] accepted a http connect , new connect ip is  192.168.43.186
[51164.991712]                           old connect ip is  192.168.43.237
[51164.998406]                                     but it isn't seted ip , so close it
[51165.531473] accepted a http connect , new connect ip is  192.168.43.186
[51165.538399]                           old connect ip is  192.168.43.237
[51165.545082]                                     but it isn't seted ip , so close it
[51166.059036] accepted a http connect , new connect ip is  192.168.43.186
[51166.065855]                           old connect ip is  192.168.43.237
[51166.072584]                                     but it isn't seted ip , so close it
[51166.591241] accepted a http connect , new connect ip is  192.168.43.186
[51166.597999]                           old connect ip is  192.168.43.237
[51166.604649]                                     but it isn't seted ip , so close it
[51167.131831] accepted a http connect , new connect ip is  192.168.43.186
[51167.138606]                           old connect ip is  192.168.43.237
[51167.145253]                                     but it isn't seted ip , so close it
[51167.672039] accepted a http connect , new connect ip is  192.168.43.186
[51167.678792]                           old connect ip is  192.168.43.237
[51167.685450]                                     but it isn't seted ip , so close it
[51168.217308] accepted a http connect , new connect ip is  192.168.43.186
[51168.224104]                           old connect ip is  192.168.43.237
[51168.230765]                                     but it isn't seted ip , so close it
[51168.761434] accepted a http connect , new connect ip is  192.168.43.186
[51168.768338]                           old connect ip is  192.168.43.237
[51168.775034]                                     but it isn't seted ip , so close it
[51169.307417] accepted a http connect , new connect ip is  192.168.43.186
[51169.314158]                           old connect ip is  192.168.43.237
[51169.320818]                                     but it isn't seted ip , so close it
[51169.855540] accepted a http connect , new connect ip is  192.168.43.186
[51169.862280]                           old connect ip is  192.168.43.237
[51169.868962]                                     but it isn't seted ip , so close it
[51170.391395] accepted a http connect , new connect ip is  192.168.43.186
[51170.398148]                           old connect ip is  192.168.43.237
[51170.404802]                                     but it isn't seted ip , so close it
[51170.918226] accepted a http connect , new connect ip is  192.168.43.186
[51170.924953]                           old connect ip is  192.168.43.237
[51170.931621]                                     but it isn't seted ip , so close it
[51171.451567] accepted a http connect , new connect ip is  192.168.43.186
[51171.458462]                           old connect ip is  192.168.43.237
[51171.465139]                                     but it isn't seted ip , so close it
[51171.979761] accepted a http connect , new connect ip is  192.168.43.186
[51171.986505]                           old connect ip is  192.168.43.237
[51171.993165]                                     but it isn't seted ip , so close it
[51172.521252] accepted a http connect , new connect ip is  192.168.43.186
[51172.528034]                           old connect ip is  192.168.43.237
[51172.534705]                                     but it isn't seted ip , so close it
[51173.048893] accepted a http connect , new connect ip is  192.168.43.186
[51173.055650]                           old connect ip is  192.168.43.237
[51173.062294]                                     but it isn't seted ip , so close it
[51173.581209] accepted a http connect , new connect ip is  192.168.43.186
[51173.587970]                           old connect ip is  192.168.43.237
[51173.594639]                                     but it isn't seted ip , so close it
[51174.127379] accepted a http connect , new connect ip is  192.168.43.186
[51174.134130]                           old connect ip is  192.168.43.237
[51174.140790]                                     but it isn't seted ip , so close it
[51174.675848] accepted a http connect , new connect ip is  192.168.43.186
[51174.682511]                           old connect ip is  192.168.43.237
[51174.689191]                                     but it isn't seted ip , so close it
[51175.211389] accepted a http connect , new connect ip is  192.168.43.186
[51175.218092]                           old connect ip is  192.168.43.237
[51175.224744]                                     but it isn't seted ip , so close it
[51175.741430] accepted a http connect , new connect ip is  192.168.43.186
[51175.748115]                           old connect ip is  192.168.43.237
[51175.754754]                                     but it isn't seted ip , so close it
[51176.281262] accepted a http connect , new connect ip is  192.168.43.186
[51176.288013]                           old connect ip is  192.168.43.237
[51176.294690]                                     but it isn't seted ip , so close it
[51176.821189] accepted a http connect , new connect ip is  192.168.43.186
[51176.827945]                           old connect ip is  192.168.43.237
[51176.834626]                                     but it isn't seted ip , so close it
[51177.361302] accepted a http connect , new connect ip is  192.168.43.186
[51177.368078]                           old connect ip is  192.168.43.237
[51177.374742]                                     but it isn't seted ip , so close it
[51177.888526] accepted a http connect , new connect ip is  192.168.43.186
[51177.895306]                           old connect ip is  192.168.43.237
[51177.901955]                                     but it isn't seted ip , so close it
[51178.421090] accepted a http connect , new connect ip is  192.168.43.186
[51178.427836]                           old connect ip is  192.168.43.237
[51178.434493]                                     but it isn't seted ip , so close it
[51178.947897] accepted a http connect , new connect ip is  192.168.43.186
[51178.954742]                           old connect ip is  192.168.43.237
[51178.961425]                                     but it isn't seted ip , so close it
[51179.481462] accepted a http connect , new connect ip is  192.168.43.186
[51179.488197]                           old connect ip is  192.168.43.237
[51179.494879]                                     but it isn't seted ip , so close it
[51180.015199] accepted a http connect , new connect ip is  192.168.43.186
[51180.022057]                           old connect ip is  192.168.43.237
[51180.028893]                                     but it isn't seted ip , so close it
[51180.551167] accepted a http connect , new connect ip is  192.168.43.186
[51180.557946]                           old connect ip is  192.168.43.237
[51180.564632]                                     but it isn't seted ip , so close it
[51181.080047] accepted a http connect , new connect ip is  192.168.43.186
[51181.086863]                           old connect ip is  192.168.43.237
[51181.093571]                                     but it isn't seted ip , so close it
[51181.621062] accepted a http connect , new connect ip is  192.168.43.186
[51181.627809]                           old connect ip is  192.168.43.237
[51181.634486]                                     but it isn't seted ip , so close it
[51182.161127] accepted a http connect , new connect ip is  192.168.43.186
[51182.167866]                           old connect ip is  192.168.43.237
[51182.174548]                                     but it isn't seted ip , so close it
[51182.704796] accepted a http connect , new connect ip is  192.168.43.186
[51182.711572]                           old connect ip is  192.168.43.237
[51182.718250]                                     but it isn't seted ip , so close it
[51183.241061] accepted a http connect , new connect ip is  192.168.43.186
[51183.247797]                           old connect ip is  192.168.43.237
[51183.254543]                                     but it isn't seted ip , so close it
[51183.783937] accepted a http connect , new connect ip is  192.168.43.186
[51183.790691]                           old connect ip is  192.168.43.237
[51183.797364]                                     but it isn't seted ip , so close it
[51184.323641] accepted a http connect , new connect ip is  192.168.43.186
[51184.330425]                           old connect ip is  192.168.43.237
[51184.337092]                                     but it isn't seted ip , so close it
[51184.863531] accepted a http connect , new connect ip is  192.168.43.186
[51184.870306]                           old connect ip is  192.168.43.237
[51184.877013]                                     but it isn't seted ip , so close it
[51185.402033] accepted a http connect , new connect ip is  192.168.43.186
[51185.408782]                           old connect ip is  192.168.43.237
[51185.415455]                                     but it isn't seted ip , so close it
[51185.938539] accepted a http connect , new connect ip is  192.168.43.186
[51185.945302]                           old connect ip is  192.168.43.237
[51185.951983]                                     but it isn't seted ip , so close it
[51186.483783] accepted a http connect , new connect ip is  192.168.43.186
[51186.490461]                           old connect ip is  192.168.43.237
[51186.497125]                                     but it isn't seted ip , so close it
[51187.013972] accepted a http connect , new connect ip is  192.168.43.186
[51187.020665]                           old connect ip is  192.168.43.237
[51187.027318]                                     but it isn't seted ip , so close it
[51187.552937] accepted a http connect , new connect ip is  192.168.43.186
[51187.559685]                           old connect ip is  192.168.43.237
[51187.566347]                                     but it isn't seted ip , so close it
[51188.083106] accepted a http connect , new connect ip is  192.168.43.186
[51188.089858]                           old connect ip is  192.168.43.237
[51188.096514]                                     but it isn't seted ip , so close it
[51188.634817] accepted a http connect , new connect ip is  192.168.43.186
[51188.641554]                           old connect ip is  192.168.43.237
[51188.648214]                                     but it isn't seted ip , so close it
[51189.171268] accepted a http connect , new connect ip is  192.168.43.186
[51189.178020]                           old connect ip is  192.168.43.237
[51189.184694]                                     but it isn't seted ip , so close it
[51189.712003] accepted a http connect , new connect ip is  192.168.43.186
[51189.718748]                           old connect ip is  192.168.43.237
[51189.725404]                                     but it isn't seted ip , so close it
[51190.251171] accepted a http connect , new connect ip is  192.168.43.186
[51190.257909]                           old connect ip is  192.168.43.237
[51190.264559]                                     but it isn't seted ip , so close it
[51190.791239] accepted a http connect , new connect ip is  192.168.43.186
[51190.798016]                           old connect ip is  192.168.43.237
[51190.804680]                                     but it isn't seted ip , so close it
[51191.335344] accepted a http connect , new connect ip is  192.168.43.186
[51191.342258]                           old connect ip is  192.168.43.237
[51191.348938]                                     but it isn't seted ip , so close it
[51191.886832] accepted a http connect , new connect ip is  192.168.43.186
[51191.893531]                           old connect ip is  192.168.43.237
[51191.900192]                                     but it isn't seted ip , so close it
[51192.425506] accepted a http connect , new connect ip is  192.168.43.186
[51192.432377]                           old connect ip is  192.168.43.237
[51192.439052]                                     but it isn't seted ip , so close it
[51192.956878] accepted a http connect , new connect ip is  192.168.43.186
[51192.963673]                           old connect ip is  192.168.43.237
[51192.970328]                                     but it isn't seted ip , so close it
[51193.491186] accepted a http connect , new connect ip is  192.168.43.186
[51193.497932]                           old connect ip is  192.168.43.237
[51193.504612]                                     but it isn't seted ip , so close it
[51194.018493] accepted a http connect , new connect ip is  192.168.43.186
[51194.025242]                           old connect ip is  192.168.43.237
[51194.031915]                                     but it isn't seted ip , so close it
[51194.551165] accepted a http connect , new connect ip is  192.168.43.186
[51194.558041]                           old connect ip is  192.168.43.237
[51194.564766]                                     but it isn't seted ip , so close it
[51195.082431] accepted a http connect , new connect ip is  192.168.43.186
[51195.089224]                           old connect ip is  192.168.43.237
[51195.096006]                                     but it isn't seted ip , so close it
[51195.620890] accepted a http connect , new connect ip is  192.168.43.186
[51195.627650]                           old connect ip is  192.168.43.237
[51195.634335]                                     but it isn't seted ip , so close it
[51196.161445] accepted a http connect , new connect ip is  192.168.43.186
[51196.168360]                           old connect ip is  192.168.43.237
[51196.175050]                                     but it isn't seted ip , so close it
[51196.701870] accepted a http connect , new connect ip is  192.168.43.186
[51196.708645]                           old connect ip is  192.168.43.237
[51196.715309]                                     but it isn't seted ip , so close it
[51197.241090] accepted a http connect , new connect ip is  192.168.43.186
[51197.247856]                           old connect ip is  192.168.43.237
[51197.254525]                                     but it isn't seted ip , so close it
[51197.784777] accepted a http connect , new connect ip is  192.168.43.186
[51197.791579]                           old connect ip is  192.168.43.237
[51197.798236]                                     but it isn't seted ip , so close it
[51198.324103] accepted a http connect , new connect ip is  192.168.43.186
[51198.330873]                           old connect ip is  192.168.43.237
[51198.337547]                                     but it isn't seted ip , so close it
[51198.874113] accepted a http connect , new connect ip is  192.168.43.186
[51198.880937]                           old connect ip is  192.168.43.237
[51198.887610]                                     but it isn't seted ip , so close it
[51199.421731] accepted a http connect , new connect ip is  192.168.43.186
[51199.428463]                           old connect ip is  192.168.43.237
[51199.435166]                                     but it isn't seted ip , so close it
[51199.953627] accepted a http connect , new connect ip is  192.168.43.186
[51199.960378]                           old connect ip is  192.168.43.237
[51199.967025]                                     but it isn't seted ip , so close it
[51200.493193] accepted a http connect , new connect ip is  192.168.43.186
[51200.499943]                           old connect ip is  192.168.43.237
[51200.506608]                                     but it isn't seted ip , so close it
[51201.031601] accepted a http connect , new connect ip is  192.168.43.186
[51201.038346]                           old connect ip is  192.168.43.237
[51201.044988]                                     but it isn't seted ip , so close it
[51201.573774] accepted a http connect , new connect ip is  192.168.43.186
[51201.580523]                           old connect ip is  192.168.43.237
[51201.587182]                                     but it isn't seted ip , so close it
[51202.108951] accepted a http connect , new connect ip is  192.168.43.186
[51202.115726]                           old connect ip is  192.168.43.237
[51202.122461]                                     but it isn't seted ip , so close it
[51202.640996] accepted a http connect , new connect ip is  192.168.43.186
[51202.647777]                           old connect ip is  192.168.43.237
[51202.654447]                                     but it isn't seted ip , so close it
[51203.169962] accepted a http connect , new connect ip is  192.168.43.186
[51203.176796]                           old connect ip is  192.168.43.237
[51203.183462]                                     but it isn't seted ip , so close it
[51203.711295] accepted a http connect , new connect ip is  192.168.43.186
[51203.718072]                           old connect ip is  192.168.43.237
[51203.724735]                                     but it isn't seted ip , so close it
[51204.254482] accepted a http connect , new connect ip is  192.168.43.186
[51204.261243]                           old connect ip is  192.168.43.237
[51204.267902]                                     but it isn't seted ip , so close it
[51204.802312] accepted a http connect , new connect ip is  192.168.43.186
[51204.809013]                           old connect ip is  192.168.43.237
[51204.815674]                                     but it isn't seted ip , so close it
[51205.340992] accepted a http connect , new connect ip is  192.168.43.186
[51205.347731]                           old connect ip is  192.168.43.237
[51205.354397]                                     but it isn't seted ip , so close it
[51205.882699] accepted a http connect , new connect ip is  192.168.43.186
[51205.889435]                           old connect ip is  192.168.43.237
[51205.896115]                                     but it isn't seted ip , so close it
[51206.414976] accepted a http connect , new connect ip is  192.168.43.186
[51206.421799]                           old connect ip is  192.168.43.237
[51206.428488]                                     but it isn't seted ip , so close it
[51206.945003] accepted a http connect , new connect ip is  192.168.43.186
[51206.951785]                           old connect ip is  192.168.43.237
[51206.958450]                                     but it isn't seted ip , so close it
[51207.491016] accepted a http connect , new connect ip is  192.168.43.186
[51207.497757]                           old connect ip is  192.168.43.237
[51207.504412]                                     but it isn't seted ip , so close it
[51208.020918] accepted a http connect , new connect ip is  192.168.43.186
[51208.027688]                           old connect ip is  192.168.43.237
[51208.034398]                                     but it isn't seted ip , so close it
[51208.560872] accepted a http connect , new connect ip is  192.168.43.186
[51208.567606]                           old connect ip is  192.168.43.237
[51208.574287]                                     but it isn't seted ip , so close it
[51209.090470] accepted a http connect , new connect ip is  192.168.43.186
[51209.097232]                           old connect ip is  192.168.43.237
[51209.103889]                                     but it isn't seted ip , so close it
[51209.630860] accepted a http connect , new connect ip is  192.168.43.186
[51209.637658]                           old connect ip is  192.168.43.237
[51209.644304]                                     but it isn't seted ip , so close it
[51210.171655] accepted a http connect , new connect ip is  192.168.43.186
[51210.178447]                           old connect ip is  192.168.43.237
[51210.185106]                                     but it isn't seted ip , so close it
[51210.712092] accepted a http connect , new connect ip is  192.168.43.186
[51210.718904]                           old connect ip is  192.168.43.237
[51210.725569]                                     but it isn't seted ip , so close it
[51211.252784] accepted a http connect , new connect ip is  192.168.43.186
[51211.259624]                           old connect ip is  192.168.43.237
[51211.266271]                                     but it isn't seted ip , so close it
[51211.792975] accepted a http connect , new connect ip is  192.168.43.186
[51211.799755]                           old connect ip is  192.168.43.237
[51211.806401]                                     but it isn't seted ip , so close it
[51212.350798] accepted a http connect , new connect ip is  192.168.43.186
[51212.357535]                           old connect ip is  192.168.43.237
[51212.364254]                                     but it isn't seted ip , so close it
[51212.891935] accepted a http connect , new connect ip is  192.168.43.186
[51212.898732]                           old connect ip is  192.168.43.237
[51212.905376]                                     but it isn't seted ip , so close it
[51213.432883] accepted a http connect , new connect ip is  192.168.43.186
[51213.439695]                           old connect ip is  192.168.43.237
[51213.446356]                                     but it isn't seted ip , so close it
[51213.966882] accepted a http connect , new connect ip is  192.168.43.186
[51213.973703]                           old connect ip is  192.168.43.237
[51213.980390]                                     but it isn't seted ip , so close it
[51214.501301] accepted a http connect , new connect ip is  192.168.43.186
[51214.508079]                           old connect ip is  192.168.43.237
[51214.514746]                                     but it isn't seted ip , so close it
[51215.030691] accepted a http connect , new connect ip is  192.168.43.186
[51215.037525]                           old connect ip is  192.168.43.237
[51215.044186]                                     but it isn't seted ip , so close it
[51215.570994] accepted a http connect , new connect ip is  192.168.43.186
[51215.577885]                           old connect ip is  192.168.43.237
[51215.584546]                                     but it isn't seted ip , so close it
[51216.102308] accepted a http connect , new connect ip is  192.168.43.186
[51216.109068]                           old connect ip is  192.168.43.237
[51216.115757]                                     but it isn't seted ip , so close it
[51216.643903] accepted a http connect , new connect ip is  192.168.43.186
[51216.650698]                           old connect ip is  192.168.43.237
[51216.657370]                                     but it isn't seted ip , so close it
[51217.182848] accepted a http connect , new connect ip is  192.168.43.186
[51217.189614]                           old connect ip is  192.168.43.237
[51217.196302]                                     but it isn't seted ip , so close it
[51217.721038] accepted a http connect , new connect ip is  192.168.43.186
[51217.727744]                           old connect ip is  192.168.43.237
[51217.734409]                                     but it isn't seted ip , so close it
[51218.250974] accepted a http connect , new connect ip is  192.168.43.186
[51218.257740]                           old connect ip is  192.168.43.237
[51218.264404]                                     but it isn't seted ip , so close it
[51218.791528] accepted a http connect , new connect ip is  192.168.43.186
[51218.798299]                           old connect ip is  192.168.43.237
[51218.805001]                                     but it isn't seted ip , so close it
[51219.331622] accepted a http connect , new connect ip is  192.168.43.186
[51219.338366]                           old connect ip is  192.168.43.237
[51219.345048]                                     but it isn't seted ip , so close it
[51219.870765] accepted a http connect , new connect ip is  192.168.43.186
[51219.877512]                           old connect ip is  192.168.43.237
[51219.884186]                                     but it isn't seted ip , so close it
[51220.410781] accepted a http connect , new connect ip is  192.168.43.186
[51220.417524]                           old connect ip is  192.168.43.237
[51220.424176]                                     but it isn't seted ip , so close it
[51220.943631] accepted a http connect , new connect ip is  192.168.43.186
[51220.950378]                           old connect ip is  192.168.43.237
[51220.957062]                                     but it isn't seted ip , so close it
[51221.480785] accepted a http connect , new connect ip is  192.168.43.186
[51221.487522]                           old connect ip is  192.168.43.237
[51221.494193]                                     but it isn't seted ip , so close it
[51222.007689] accepted a http connect , new connect ip is  192.168.43.186
[51222.014473]                           old connect ip is  192.168.43.237
[51222.021144]                                     but it isn't seted ip , so close it
[51222.540860] accepted a http connect , new connect ip is  192.168.43.186
[51222.547724]                           old connect ip is  192.168.43.237
[51222.554437]                                     but it isn't seted ip , so close it
[51223.071371] accepted a http connect , new connect ip is  192.168.43.186
[51223.078148]                           old connect ip is  192.168.43.237
[51223.084804]                                     but it isn't seted ip , so close it
[51223.610872] accepted a http connect , new connect ip is  192.168.43.186
[51223.617644]                           old connect ip is  192.168.43.237
[51223.624327]                                     but it isn't seted ip , so close it
[51224.139631] accepted a http connect , new connect ip is  192.168.43.186
[51224.146381]                           old connect ip is  192.168.43.237
[51224.153045]                                     but it isn't seted ip , so close it
[51224.680639] accepted a http connect , new connect ip is  192.168.43.186
[51224.687401]                           old connect ip is  192.168.43.237
[51224.694066]                                     but it isn't seted ip , so close it
[51225.220889] accepted a http connect , new connect ip is  192.168.43.186
[51225.227670]                           old connect ip is  192.168.43.237
[51225.234342]                                     but it isn't seted ip , so close it
[51225.760849] accepted a http connect , new connect ip is  192.168.43.186
[51225.767626]                           old connect ip is  192.168.43.237
[51225.774303]                                     but it isn't seted ip , so close it
[51226.300722] accepted a http connect , new connect ip is  192.168.43.186
[51226.307453]                           old connect ip is  192.168.43.237
[51226.314258]                                     but it isn't seted ip , so close it
[51226.840901] accepted a http connect , new connect ip is  192.168.43.186
[51226.847687]                           old connect ip is  192.168.43.237
[51226.854359]                                     but it isn't seted ip , so close it
[51227.380656] accepted a http connect , new connect ip is  192.168.43.186
[51227.387397]                           old connect ip is  192.168.43.237
[51227.394062]                                     but it isn't seted ip , so close it
[51227.920796] accepted a http connect , new connect ip is  192.168.43.186
[51227.927658]                           old connect ip is  192.168.43.237
[51227.934346]                                     but it isn't seted ip , so close it
[51228.464429] accepted a http connect , new connect ip is  192.168.43.186
[51228.471153]                           old connect ip is  192.168.43.237
[51228.477831]                                     but it isn't seted ip , so close it
[51228.995305] accepted a http connect , new connect ip is  192.168.43.186
[51229.002035]                           old connect ip is  192.168.43.237
[51229.008696]                                     but it isn't seted ip , so close it
[51229.524669] accepted a http connect , new connect ip is  192.168.43.186
[51229.531480]                           old connect ip is  192.168.43.237
[51229.538193]                                     but it isn't seted ip , so close it
[51230.060778] accepted a http connect , new connect ip is  192.168.43.186
[51230.067555]                           old connect ip is  192.168.43.237
[51230.074252]                                     but it isn't seted ip , so close it
[51230.600720] accepted a http connect , new connect ip is  192.168.43.186
[51230.607469]                           old connect ip is  192.168.43.237
[51230.614231]                                     but it isn't seted ip , so close it
[51231.128511] accepted a http connect , new connect ip is  192.168.43.186
[51231.135264]                           old connect ip is  192.168.43.237
[51231.141915]                                     but it isn't seted ip , so close it
[51231.661318] accepted a http connect , new connect ip is  192.168.43.186
[51231.668066]                           old connect ip is  192.168.43.237
[51231.674729]                                     but it isn't seted ip , so close it
[51232.200680] accepted a http connect , new connect ip is  192.168.43.186
[51232.207429]                           old connect ip is  192.168.43.237
[51232.214089]                                     but it isn't seted ip , so close it
[51232.740499] accepted a http connect , new connect ip is  192.168.43.186
[51232.747251]                           old connect ip is  192.168.43.237
[51232.753929]                                     but it isn't seted ip , so close it
[51233.280556] accepted a http connect , new connect ip is  192.168.43.186
[51233.287294]                           old connect ip is  192.168.43.237
[51233.293956]                                     but it isn't seted ip , so close it
[51233.810694] accepted a http connect , new connect ip is  192.168.43.186
[51233.817462]                           old connect ip is  192.168.43.237
[51233.824111]                                     but it isn't seted ip , so close it
[51234.350979] accepted a http connect , new connect ip is  192.168.43.186
[51234.357734]                           old connect ip is  192.168.43.237
[51234.364479]                                     but it isn't seted ip , so close it
[51234.882586] accepted a http connect , new connect ip is  192.168.43.186
[51234.889345]                           old connect ip is  192.168.43.237
[51234.896046]                                     but it isn't seted ip , so close it
[51235.420692] accepted a http connect , new connect ip is  192.168.43.186
[51235.427508]                           old connect ip is  192.168.43.237
[51235.434184]                                     but it isn't seted ip , so close it
[51235.961611] accepted a http connect , new connect ip is  192.168.43.186
[51235.968374]                           old connect ip is  192.168.43.237
[51235.975050]                                     but it isn't seted ip , so close it
[51236.500788] accepted a http connect , new connect ip is  192.168.43.186
[51236.507547]                           old connect ip is  192.168.43.237
[51236.514211]                                     but it isn't seted ip , so close it
[51237.028074] accepted a http connect , new connect ip is  192.168.43.186
[51237.034868]                           old connect ip is  192.168.43.237
[51237.041520]                                     but it isn't seted ip , so close it
[51237.555842] accepted a http connect , new connect ip is  192.168.43.186
[51237.562595]                           old connect ip is  192.168.43.237
[51237.569259]                                     but it isn't seted ip , so close it
[51238.084435] accepted a http connect , new connect ip is  192.168.43.186
[51238.091324]                           old connect ip is  192.168.43.237
[51238.098005]                                     but it isn't seted ip , so close it
[51238.620773] accepted a http connect , new connect ip is  192.168.43.186
[51238.627511]                           old connect ip is  192.168.43.237
[51238.634198]                                     but it isn't seted ip , so close it
[51239.147670] accepted a http connect , new connect ip is  192.168.43.186
[51239.154443]                           old connect ip is  192.168.43.237
[51239.161091]                                     but it isn't seted ip , so close it
[51239.690717] accepted a http connect , new connect ip is  192.168.43.186
[51239.697502]                           old connect ip is  192.168.43.237
[51239.704158]                                     but it isn't seted ip , so close it
[51240.230631] accepted a http connect , new connect ip is  192.168.43.186
[51240.237412]                           old connect ip is  192.168.43.237
[51240.244070]                                     but it isn't seted ip , so close it
[51240.771037] accepted a http connect , new connect ip is  192.168.43.186
[51240.777839]                           old connect ip is  192.168.43.237
[51240.784517]                                     but it isn't seted ip , so close it
[51241.310593] accepted a http connect , new connect ip is  192.168.43.186
[51241.317366]                           old connect ip is  192.168.43.237
[51241.324017]                                     but it isn't seted ip , so close it
[51241.854584] accepted a http connect , new connect ip is  192.168.43.186
[51241.861344]                           old connect ip is  192.168.43.237
[51241.868012]                                     but it isn't seted ip , so close it
[51242.392438] accepted a http connect , new connect ip is  192.168.43.186
[51242.399248]                           old connect ip is  192.168.43.237
[51242.405891]                                     but it isn't seted ip , so close it
[51242.934259] accepted a http connect , new connect ip is  192.168.43.186
[51242.940987]                           old connect ip is  192.168.43.237
[51242.947649]                                     but it isn't seted ip , so close it
[51243.474365] accepted a http connect , new connect ip is  192.168.43.186
[51243.481101]                           old connect ip is  192.168.43.237
[51243.487744]                                     but it isn't seted ip , so close it
[51244.004027] accepted a http connect , new connect ip is  192.168.43.186
[51244.010801]                           old connect ip is  192.168.43.237
[51244.017460]                                     but it isn't seted ip , so close it
[51244.540607] accepted a http connect , new connect ip is  192.168.43.186
[51244.547428]                           old connect ip is  192.168.43.237
[51244.554091]                                     but it isn't seted ip , so close it
[51245.069050] accepted a http connect , new connect ip is  192.168.43.186
[51245.075813]                           old connect ip is  192.168.43.237
[51245.082448]                                     but it isn't seted ip , so close it
[51245.610590] accepted a http connect , new connect ip is  192.168.43.186
[51245.617334]                           old connect ip is  192.168.43.237
[51245.623986]                                     but it isn't seted ip , so close it
[51246.137539] accepted a http connect , new connect ip is  192.168.43.186
[51246.144320]                           old connect ip is  192.168.43.237
[51246.150976]                                     but it isn't seted ip , so close it
[51246.684491] accepted a http connect , new connect ip is  192.168.43.186
[51246.691236]                           old connect ip is  192.168.43.237
[51246.698057]                                     but it isn't seted ip , so close it
[51247.221264] accepted a http connect , new connect ip is  192.168.43.186
[51247.228077]                           old connect ip is  192.168.43.237
[51247.234813]                                     but it isn't seted ip , so close it
[51247.760634] accepted a http connect , new connect ip is  192.168.43.186
[51247.767391]                           old connect ip is  192.168.43.237
[51247.774049]                                     but it isn't seted ip , so close it
[51248.300864] accepted a http connect , new connect ip is  192.168.43.186
[51248.307622]                           old connect ip is  192.168.43.237
[51248.314285]                                     but it isn't seted ip , so close it
[51248.829467] accepted a http connect , new connect ip is  192.168.43.186
[51248.836253]                           old connect ip is  192.168.43.237
[51248.842900]                                     but it isn't seted ip , so close it
[51249.370231] accepted a http connect , new connect ip is  192.168.43.186
[51249.376997]                           old connect ip is  192.168.43.237
[51249.383640]                                     but it isn't seted ip , so close it
[51249.910351] accepted a http connect , new connect ip is  192.168.43.186
[51249.917098]                           old connect ip is  192.168.43.237
[51249.923757]                                     but it isn't seted ip , so close it
[51250.450491] accepted a http connect , new connect ip is  192.168.43.186
[51250.457261]                           old connect ip is  192.168.43.237
[51250.464187]                                     but it isn't seted ip , so close it
[51250.992172] accepted a http connect , new connect ip is  192.168.43.186
[51250.998991]                           old connect ip is  192.168.43.237
[51251.005639]                                     but it isn't seted ip , so close it
[51251.530432] accepted a http connect , new connect ip is  192.168.43.186
[51251.537185]                           old connect ip is  192.168.43.237
[51251.543849]                                     but it isn't seted ip , so close it
[51252.061361] accepted a http connect , new connect ip is  192.168.43.186
[51252.068103]                           old connect ip is  192.168.43.237
[51252.074782]                                     but it isn't seted ip , so close it
[51252.600556] accepted a http connect , new connect ip is  192.168.43.186
[51252.607327]                           old connect ip is  192.168.43.237
[51252.613998]                                     but it isn't seted ip , so close it
[51253.128511] accepted a http connect , new connect ip is  192.168.43.186
[51253.135326]                           old connect ip is  192.168.43.237
[51253.141990]                                     but it isn't seted ip , so close it
[51253.670400] accepted a http connect , new connect ip is  192.168.43.186
[51253.677152]                           old connect ip is  192.168.43.237
[51253.683805]                                     but it isn't seted ip , so close it
[51254.199983] accepted a http connect , new connect ip is  192.168.43.186
[51254.206714]                           old connect ip is  192.168.43.237
[51254.213413]                                     but it isn't seted ip , so close it
[51254.730534] accepted a http connect , new connect ip is  192.168.43.186
[51254.737306]                           old connect ip is  192.168.43.237
[51254.744046]                                     but it isn't seted ip , so close it
[51255.270486] accepted a http connect , new connect ip is  192.168.43.186
[51255.277295]                           old connect ip is  192.168.43.237
[51255.283949]                                     but it isn't seted ip , so close it
[51255.810520] accepted a http connect , new connect ip is  192.168.43.186
[51255.817265]                           old connect ip is  192.168.43.237
[51255.823926]                                     but it isn't seted ip , so close it
[51256.350386] accepted a http connect , new connect ip is  192.168.43.186
[51256.357160]                           old connect ip is  192.168.43.237
[51256.363810]                                     but it isn't seted ip , so close it
[51256.890511] accepted a http connect , new connect ip is  192.168.43.186
[51256.897263]                           old connect ip is  192.168.43.237
[51256.903922]                                     but it isn't seted ip , so close it
[51257.432350] accepted a http connect , new connect ip is  192.168.43.186
[51257.439089]                           old connect ip is  192.168.43.237
[51257.445733]                                     but it isn't seted ip , so close it
[51257.971399] accepted a http connect , new connect ip is  192.168.43.186
[51257.978155]                           old connect ip is  192.168.43.237
[51257.984821]                                     but it isn't seted ip , so close it
[51258.518825] accepted a http connect , new connect ip is  192.168.43.186
[51258.525637]                           old connect ip is  192.168.43.237
[51258.532293]                                     but it isn't seted ip , so close it
[51259.057041] accepted a http connect , new connect ip is  192.168.43.186
[51259.063851]                           old connect ip is  192.168.43.237
[51259.070540]                                     but it isn't seted ip , so close it
[51259.597919] accepted a http connect , new connect ip is  192.168.43.186
[51259.604649]                           old connect ip is  192.168.43.237
[51259.611321]                                     but it isn't seted ip , so close it
[51260.137224] accepted a http connect , new connect ip is  192.168.43.186
[51260.143903]                           old connect ip is  192.168.43.237
[51260.150563]                                     but it isn't seted ip , so close it
[51260.672112] accepted a http connect , new connect ip is  192.168.43.186
[51260.678779]                           old connect ip is  192.168.43.237
[51260.685423]                                     but it isn't seted ip , so close it
[51261.220997] accepted a http connect , new connect ip is  192.168.43.186
[51261.227687]                           old connect ip is  192.168.43.237
[51261.234350]                                     but it isn't seted ip , so close it
[51261.763993] accepted a http connect , new connect ip is  192.168.43.186
[51261.770729]                           old connect ip is  192.168.43.237
[51261.777403]                                     but it isn't seted ip , so close it
[51262.305811] accepted a http connect , new connect ip is  192.168.43.186
[51262.312656]                           old connect ip is  192.168.43.237
[51262.319315]                                     but it isn't seted ip , so close it
[51262.845059] accepted a http connect , new connect ip is  192.168.43.186
[51262.851939]                           old connect ip is  192.168.43.237
[51262.858645]                                     but it isn't seted ip , so close it
[51263.398068] accepted a http connect , new connect ip is  192.168.43.186
[51263.404942]                           old connect ip is  192.168.43.237
[51263.411604]                                     but it isn't seted ip , so close it
[51263.943569] accepted a http connect , new connect ip is  192.168.43.186
[51263.950326]                           old connect ip is  192.168.43.237
[51263.956987]                                     but it isn't seted ip , so close it
[51264.482916] accepted a http connect , new connect ip is  192.168.43.186
[51264.489671]                           old connect ip is  192.168.43.237
[51264.496345]                                     but it isn't seted ip , so close it
[51265.017339] accepted a http connect , new connect ip is  192.168.43.186
[51265.024034]                           old connect ip is  192.168.43.237
[51265.030678]                                     but it isn't seted ip , so close it
[51265.553708] accepted a http connect , new connect ip is  192.168.43.186
[51265.560448]                           old connect ip is  192.168.43.237
[51265.567094]                                     but it isn't seted ip , so close it
[51266.082039] accepted a http connect , new connect ip is  192.168.43.186
[51266.088789]                           old connect ip is  192.168.43.237
[51266.095454]                                     but it isn't seted ip , so close it
[51266.620557] accepted a http connect , new connect ip is  192.168.43.186
[51266.627380]                           old connect ip is  192.168.43.237
[51266.634049]                                     but it isn't seted ip , so close it
[51267.149210] accepted a http connect , new connect ip is  192.168.43.186
[51267.155980]                           old connect ip is  192.168.43.237
[51267.162636]                                     but it isn't seted ip , so close it
[51267.680405] accepted a http connect , new connect ip is  192.168.43.186
[51267.687252]                           old connect ip is  192.168.43.237
[51267.693915]                                     but it isn't seted ip , so close it
[51268.207719] accepted a http connect , new connect ip is  192.168.43.186
[51268.214483]                           old connect ip is  192.168.43.237
[51268.221145]                                     but it isn't seted ip , so close it
[51268.741528] accepted a http connect , new connect ip is  192.168.43.186
[51268.748289]                           old connect ip is  192.168.43.237
[51268.754957]                                     but it isn't seted ip , so close it
[51269.280719] accepted a http connect , new connect ip is  192.168.43.186
[51269.287486]                           old connect ip is  192.168.43.237
[51269.294189]                                     but it isn't seted ip , so close it
[51269.808399] accepted a http connect , new connect ip is  192.168.43.186
[51269.815143]                           old connect ip is  192.168.43.237
[51269.821870]                                     but it isn't seted ip , so close it
[51270.335502] accepted a http connect , new connect ip is  192.168.43.186
[51270.342285]                           old connect ip is  192.168.43.237
[51270.348937]                                     but it isn't seted ip , so close it
[51270.880551] accepted a http connect , new connect ip is  192.168.43.186
[51270.887321]                           old connect ip is  192.168.43.237
[51270.893993]                                     but it isn't seted ip , so close it
[51271.409637] accepted a http connect , new connect ip is  192.168.43.186
[51271.416422]                           old connect ip is  192.168.43.237
[51271.423083]                                     but it isn't seted ip , so close it
[51271.949839] accepted a http connect , new connect ip is  192.168.43.186
[51271.956608]                           old connect ip is  192.168.43.237
[51271.963259]                                     but it isn't seted ip , so close it
[51272.476834] accepted a http connect , new connect ip is  192.168.43.186
[51272.483573]                           old connect ip is  192.168.43.237
[51272.490218]                                     but it isn't seted ip , so close it
[51273.006391] accepted a http connect , new connect ip is  192.168.43.186
[51273.013181]                           old connect ip is  192.168.43.237
[51273.019894]                                     but it isn't seted ip , so close it
[51273.540958] accepted a http connect , new connect ip is  192.168.43.186
[51273.547745]                           old connect ip is  192.168.43.237
[51273.554461]                                     but it isn't seted ip , so close it
[51274.080374] accepted a http connect , new connect ip is  192.168.43.186
[51274.087059]                           old connect ip is  192.168.43.237
[51274.093773]                                     but it isn't seted ip , so close it
[51274.620398] accepted a http connect , new connect ip is  192.168.43.186
[51274.627153]                           old connect ip is  192.168.43.237
[51274.633824]                                     but it isn't seted ip , so close it
[51275.150107] accepted a http connect , new connect ip is  192.168.43.186
[51275.156909]                           old connect ip is  192.168.43.237
[51275.163579]                                     but it isn't seted ip , so close it
[51275.703399] accepted a http connect , new connect ip is  192.168.43.186
[51275.710132]                           old connect ip is  192.168.43.237
[51275.716803]                                     but it isn't seted ip , so close it
[51276.233003] accepted a http connect , new connect ip is  192.168.43.186
[51276.239890]                           old connect ip is  192.168.43.237
[51276.246587]                                     but it isn't seted ip , so close it
[51276.771713] accepted a http connect , new connect ip is  192.168.43.186
[51276.778515]                           old connect ip is  192.168.43.237
[51276.785272]                                     but it isn't seted ip , so close it
[51277.324414] accepted a http connect , new connect ip is  192.168.43.186
[51277.331195]                           old connect ip is  192.168.43.237
[51277.337885]                                     but it isn't seted ip , so close it
[51277.860465] accepted a http connect , new connect ip is  192.168.43.186
[51277.867222]                           old connect ip is  192.168.43.237
[51277.873913]                                     but it isn't seted ip , so close it
[51278.400525] accepted a http connect , new connect ip is  192.168.43.186
[51278.407301]                           old connect ip is  192.168.43.237
[51278.413958]                                     but it isn't seted ip , so close it
[51278.940450] accepted a http connect , new connect ip is  192.168.43.186
[51278.947206]                           old connect ip is  192.168.43.237
[51278.953864]                                     but it isn't seted ip , so close it
[51279.480397] accepted a http connect , new connect ip is  192.168.43.186
[51279.487081]                           old connect ip is  192.168.43.237
[51279.493868]                                     but it isn't seted ip , so close it
[51280.020388] accepted a http connect , new connect ip is  192.168.43.186
[51280.027169]                           old connect ip is  192.168.43.237
[51280.033829]                                     but it isn't seted ip , so close it
[51280.560512] accepted a http connect , new connect ip is  192.168.43.186
[51280.567251]                           old connect ip is  192.168.43.237
[51280.573903]                                     but it isn't seted ip , so close it
[51281.087684] accepted a http connect , new connect ip is  192.168.43.186
[51281.094460]                           old connect ip is  192.168.43.237
[51281.101126]                                     but it isn't seted ip , so close it
[51281.620328] accepted a http connect , new connect ip is  192.168.43.186
[51281.627028]                           old connect ip is  192.168.43.237
[51281.633719]                                     but it isn't seted ip , so close it
[51282.147073] accepted a http connect , new connect ip is  192.168.43.186
[51282.153776]                           old connect ip is  192.168.43.237
[51282.160427]                                     but it isn't seted ip , so close it
[51282.680462] accepted a http connect , new connect ip is  192.168.43.186
[51282.687162]                           old connect ip is  192.168.43.237
[51282.693835]                                     but it isn't seted ip , so close it
[51283.207773] accepted a http connect , new connect ip is  192.168.43.186
[51283.214449]                           old connect ip is  192.168.43.237
[51283.221113]                                     but it isn't seted ip , so close it
[51283.734694] accepted a http connect , new connect ip is  192.168.43.186
[51283.741434]                           old connect ip is  192.168.43.237
[51283.748100]                                     but it isn't seted ip , so close it
[51284.263710] accepted a http connect , new connect ip is  192.168.43.186
[51284.270476]                           old connect ip is  192.168.43.237
[51284.277134]                                     but it isn't seted ip , so close it
[51284.800280] accepted a http connect , new connect ip is  192.168.43.186
[51284.807066]                           old connect ip is  192.168.43.237
[51284.813787]                                     but it isn't seted ip , so close it
[51285.327980] accepted a http connect , new connect ip is  192.168.43.186
[51285.334739]                           old connect ip is  192.168.43.237
[51285.341388]                                     but it isn't seted ip , so close it
[51285.860204] accepted a http connect , new connect ip is  192.168.43.186
[51285.866940]                           old connect ip is  192.168.43.237
[51285.873610]                                     but it isn't seted ip , so close it
[51286.400196] accepted a http connect , new connect ip is  192.168.43.186
[51286.406935]                           old connect ip is  192.168.43.237
[51286.413590]                                     but it isn't seted ip , so close it
[51286.940210] accepted a http connect , new connect ip is  192.168.43.186
[51286.946978]                           old connect ip is  192.168.43.237
[51286.953644]                                     but it isn't seted ip , so close it
[51287.480262] accepted a http connect , new connect ip is  192.168.43.186
[51287.487008]                           old connect ip is  192.168.43.237
[51287.493677]                                     but it isn't seted ip , so close it
[51288.020192] accepted a http connect , new connect ip is  192.168.43.186
[51288.026942]                           old connect ip is  192.168.43.237
[51288.033671]                                     but it isn't seted ip , so close it
[51288.560462] accepted a http connect , new connect ip is  192.168.43.186
[51288.567343]                           old connect ip is  192.168.43.237
[51288.574163]                                     but it isn't seted ip , so close it
[51289.090322] accepted a http connect , new connect ip is  192.168.43.186
[51289.097134]                           old connect ip is  192.168.43.237
[51289.103799]                                     but it isn't seted ip , so close it
[51289.630544] accepted a http connect , new connect ip is  192.168.43.186
[51289.637388]                           old connect ip is  192.168.43.237
[51289.644056]                                     but it isn't seted ip , so close it
[51290.164017] accepted a http connect , new connect ip is  192.168.43.186
[51290.170834]                           old connect ip is  192.168.43.237
[51290.177567]                                     but it isn't seted ip , so close it
[51290.700065] accepted a http connect , new connect ip is  192.168.43.186
[51290.706802]                           old connect ip is  192.168.43.237
[51290.713475]                                     but it isn't seted ip , so close it
[51291.227821] accepted a http connect , new connect ip is  192.168.43.186
[51291.234766]                           old connect ip is  192.168.43.237
[51291.241444]                                     but it isn't seted ip , so close it
[51291.760045] accepted a http connect , new connect ip is  192.168.43.186
[51291.766844]                           old connect ip is  192.168.43.237
[51291.773513]                                     but it isn't seted ip , so close it
[51292.300350] accepted a http connect , new connect ip is  192.168.43.186
[51292.307110]                           old connect ip is  192.168.43.237
[51292.313789]                                     but it isn't seted ip , so close it
[51292.841281] accepted a http connect , new connect ip is  192.168.43.186
[51292.848118]                           old connect ip is  192.168.43.237
[51292.854792]                                     but it isn't seted ip , so close it
[51293.380135] accepted a http connect , new connect ip is  192.168.43.186
[51293.386943]                           old connect ip is  192.168.43.237
[51293.393606]                                     but it isn't seted ip , so close it
[51293.920078] accepted a http connect , new connect ip is  192.168.43.186
[51293.926823]                           old connect ip is  192.168.43.237
[51293.933477]                                     but it isn't seted ip , so close it
[51294.461378] accepted a http connect , new connect ip is  192.168.43.186
[51294.468203]                           old connect ip is  192.168.43.237
[51294.474868]                                     but it isn't seted ip , so close it
[51295.000327] accepted a http connect , new connect ip is  192.168.43.186
[51295.007142]                           old connect ip is  192.168.43.237
[51295.013832]                                     but it isn't seted ip , so close it
[51295.570365] accepted a http connect , new connect ip is  192.168.43.186
[51295.577351]                           old connect ip is  192.168.43.237
[51295.584054]                                     but it isn't seted ip , so close it
[51296.100882] accepted a http connect , new connect ip is  192.168.43.186
[51296.107694]                           old connect ip is  192.168.43.237
[51296.114383]                                     but it isn't seted ip , so close it
[51296.644086] accepted a http connect , new connect ip is  192.168.43.186
[51296.650831]                           old connect ip is  192.168.43.237
[51296.657500]                                     but it isn't seted ip , so close it
[51297.181520] accepted a http connect , new connect ip is  192.168.43.186
[51297.188257]                           old connect ip is  192.168.43.237
[51297.194939]                                     but it isn't seted ip , so close it
[51297.720226] accepted a http connect , new connect ip is  192.168.43.186
[51297.726999]                           old connect ip is  192.168.43.237
[51297.733677]                                     but it isn't seted ip , so close it
[51298.248702] accepted a http connect , new connect ip is  192.168.43.186
[51298.255485]                           old connect ip is  192.168.43.237
[51298.262139]                                     but it isn't seted ip , so close it
[51298.778017] accepted a http connect , new connect ip is  192.168.43.186
[51298.784857]                           old connect ip is  192.168.43.237
[51298.791512]                                     but it isn't seted ip , so close it
[51299.310114] accepted a http connect , new connect ip is  192.168.43.186
[51299.316898]                           old connect ip is  192.168.43.237
[51299.323565]                                     but it isn't seted ip , so close it
[51299.850303] accepted a http connect , new connect ip is  192.168.43.186
[51299.857155]                           old connect ip is  192.168.43.237
[51299.863811]                                     but it isn't seted ip , so close it
[51300.390037] accepted a http connect , new connect ip is  192.168.43.186
[51300.396834]                           old connect ip is  192.168.43.237
[51300.403498]                                     but it isn't seted ip , so close it
[51300.930315] accepted a http connect , new connect ip is  192.168.43.186
[51300.937102]                           old connect ip is  192.168.43.237
[51300.943775]                                     but it isn't seted ip , so close it
[51301.470137] accepted a http connect , new connect ip is  192.168.43.186
[51301.476978]                           old connect ip is  192.168.43.237
[51301.483632]                                     but it isn't seted ip , so close it
[51302.010231] accepted a http connect , new connect ip is  192.168.43.186
[51302.017017]                           old connect ip is  192.168.43.237
[51302.023681]                                     but it isn't seted ip , so close it
[51302.552070] accepted a http connect , new connect ip is  192.168.43.186
[51302.558847]                           old connect ip is  192.168.43.237
[51302.565493]                                     but it isn't seted ip , so close it
[51303.082667] accepted a http connect , new connect ip is  192.168.43.186
[51303.089406]                           old connect ip is  192.168.43.237
[51303.096122]                                     but it isn't seted ip , so close it
[51303.620202] accepted a http connect , new connect ip is  192.168.43.186
[51303.626939]                           old connect ip is  192.168.43.237
[51303.633606]                                     but it isn't seted ip , so close it
[51304.147218] accepted a http connect , new connect ip is  192.168.43.186
[51304.153977]                           old connect ip is  192.168.43.237
[51304.160658]                                     but it isn't seted ip , so close it
[51304.680059] accepted a http connect , new connect ip is  192.168.43.186
[51304.686796]                           old connect ip is  192.168.43.237
[51304.693463]                                     but it isn't seted ip , so close it
[51305.216667] accepted a http connect , new connect ip is  192.168.43.186
[51305.223411]                           old connect ip is  192.168.43.237
[51305.230071]                                     but it isn't seted ip , so close it
[51305.752621] accepted a http connect , new connect ip is  192.168.43.186
[51305.759377]                           old connect ip is  192.168.43.237
[51305.766029]                                     but it isn't seted ip , so close it
[51306.280431] accepted a http connect , new connect ip is  192.168.43.186
[51306.287364]                           old connect ip is  192.168.43.237
[51306.294083]                                     but it isn't seted ip , so close it
[51306.819956] accepted a http connect , new connect ip is  192.168.43.186
[51306.826718]                           old connect ip is  192.168.43.237
[51306.833408]                                     but it isn't seted ip , so close it
[51307.360437] accepted a http connect , new connect ip is  192.168.43.186
[51307.367291]                           old connect ip is  192.168.43.237
[51307.373989]                                     but it isn't seted ip , so close it
[51307.899699] accepted a http connect , new connect ip is  192.168.43.186
[51307.906369]                           old connect ip is  192.168.43.237
[51307.913004]                                     but it isn't seted ip , so close it
[51308.432110] accepted a http connect , new connect ip is  192.168.43.186
[51308.438983]                           old connect ip is  192.168.43.237
[51308.445667]                                     but it isn't seted ip , so close it
[51308.970962] accepted a http connect , new connect ip is  192.168.43.186
[51308.977708]                           old connect ip is  192.168.43.237
[51308.984356]                                     but it isn't seted ip , so close it
[51309.510057] accepted a http connect , new connect ip is  192.168.43.186
[51309.516807]                           old connect ip is  192.168.43.237
[51309.523459]                                     but it isn't seted ip , so close it
[51310.049787] accepted a http connect , new connect ip is  192.168.43.186
[51310.056566]                           old connect ip is  192.168.43.237
[51310.063217]                                     but it isn't seted ip , so close it
[51310.590697] accepted a http connect , new connect ip is  192.168.43.186
[51310.597444]                           old connect ip is  192.168.43.237
[51310.604088]                                     but it isn't seted ip , so close it
[51311.118358] accepted a http connect , new connect ip is  192.168.43.186
[51311.125100]                           old connect ip is  192.168.43.237
[51311.131761]                                     but it isn't seted ip , so close it
[51311.650148] accepted a http connect , new connect ip is  192.168.43.186
[51311.656936]                           old connect ip is  192.168.43.237
[51311.663585]                                     but it isn't seted ip , so close it
[51312.177865] accepted a http connect , new connect ip is  192.168.43.186
[51312.184721]                           old connect ip is  192.168.43.237
[51312.191389]                                     but it isn't seted ip , so close it
[51312.710544] accepted a http connect , new connect ip is  192.168.43.186
[51312.717344]                           old connect ip is  192.168.43.237
[51312.724002]                                     but it isn't seted ip , so close it
[51313.240262] accepted a http connect , new connect ip is  192.168.43.186
[51313.247080]                           old connect ip is  192.168.43.237
[51313.253829]                                     but it isn't seted ip , so close it
[51313.779915] accepted a http connect , new connect ip is  192.168.43.186
[51313.786652]                           old connect ip is  192.168.43.237
[51313.793320]                                     but it isn't seted ip , so close it
[51314.319922] accepted a http connect , new connect ip is  192.168.43.186
[51314.326657]                           old connect ip is  192.168.43.237
[51314.333332]                                     but it isn't seted ip , so close it
[51314.860253] accepted a http connect , new connect ip is  192.168.43.186
[51314.867004]                           old connect ip is  192.168.43.237
[51314.873662]                                     but it isn't seted ip , so close it
[51315.400018] accepted a http connect , new connect ip is  192.168.43.186
[51315.406766]                           old connect ip is  192.168.43.237
[51315.413421]                                     but it isn't seted ip , so close it
[51315.940243] accepted a http connect , new connect ip is  192.168.43.186
[51315.947004]                           old connect ip is  192.168.43.237
[51315.953729]                                     but it isn't seted ip , so close it
[51316.480032] accepted a http connect , new connect ip is  192.168.43.186
[51316.486814]                           old connect ip is  192.168.43.237
[51316.493606]                                     but it isn't seted ip , so close it
[51317.019854] accepted a http connect , new connect ip is  192.168.43.186
[51317.026598]                           old connect ip is  192.168.43.237
[51317.033264]                                     but it isn't seted ip , so close it
[51317.559898] accepted a http connect , new connect ip is  192.168.43.186
[51317.566679]                           old connect ip is  192.168.43.237
[51317.573335]                                     but it isn't seted ip , so close it
[51318.102891] accepted a http connect , new connect ip is  192.168.43.186
[51318.109591]                           old connect ip is  192.168.43.237
[51318.116267]                                     but it isn't seted ip , so close it
[51318.650014] accepted a http connect , new connect ip is  192.168.43.186
[51318.656798]                           old connect ip is  192.168.43.237
[51318.663473]                                     but it isn't seted ip , so close it
[51319.181153] accepted a http connect , new connect ip is  192.168.43.186
[51319.188023]                           old connect ip is  192.168.43.237
[51319.194920]                                     but it isn't seted ip , so close it
[51319.720039] accepted a http connect , new connect ip is  192.168.43.186
[51319.726787]                           old connect ip is  192.168.43.237
[51319.733453]                                     but it isn't seted ip , so close it
[51320.249221] accepted a http connect , new connect ip is  192.168.43.186
[51320.256005]                           old connect ip is  192.168.43.237
[51320.262662]                                     but it isn't seted ip , so close it
[51320.780010] accepted a http connect , new connect ip is  192.168.43.186
[51320.786781]                           old connect ip is  192.168.43.237
[51320.793446]                                     but it isn't seted ip , so close it
[51321.307225] accepted a http connect , new connect ip is  192.168.43.186
[51321.313981]                           old connect ip is  192.168.43.237
[51321.320654]                                     but it isn't seted ip , so close it
[51321.840726] accepted a http connect , new connect ip is  192.168.43.186
[51321.847466]                           old connect ip is  192.168.43.237
[51321.854131]                                     but it isn't seted ip , so close it
[51322.379826] accepted a http connect , new connect ip is  192.168.43.186
[51322.386576]                           old connect ip is  192.168.43.237
[51322.393237]                                     but it isn't seted ip , so close it
[51322.920185] accepted a http connect , new connect ip is  192.168.43.186
[51322.927021]                           old connect ip is  192.168.43.237
[51322.933704]                                     but it isn't seted ip , so close it
[51323.459809] accepted a http connect , new connect ip is  192.168.43.186
[51323.466572]                           old connect ip is  192.168.43.237
[51323.473248]                                     but it isn't seted ip , so close it
[51323.999992] accepted a http connect , new connect ip is  192.168.43.186
[51324.006838]                           old connect ip is  192.168.43.237
[51324.013528]                                     but it isn't seted ip , so close it
[51324.539953] accepted a http connect , new connect ip is  192.168.43.186
[51324.546784]                           old connect ip is  192.168.43.237
[51324.553469]                                     but it isn't seted ip , so close it
[51325.079866] accepted a http connect , new connect ip is  192.168.43.186
[51325.086655]                           old connect ip is  192.168.43.237
[51325.093323]                                     but it isn't seted ip , so close it
[51325.611677] accepted a http connect , new connect ip is  192.168.43.186
[51325.618421]                           old connect ip is  192.168.43.237
[51325.625072]                                     but it isn't seted ip , so close it
[51326.141294] accepted a http connect , new connect ip is  192.168.43.186
[51326.148060]                           old connect ip is  192.168.43.237
[51326.154725]                                     but it isn't seted ip , so close it
[51326.679724] accepted a http connect , new connect ip is  192.168.43.186
[51326.686471]                           old connect ip is  192.168.43.237
[51326.693141]                                     but it isn't seted ip , so close it
[51327.206547] accepted a http connect , new connect ip is  192.168.43.186
[51327.213301]                           old connect ip is  192.168.43.237
[51327.219958]                                     but it isn't seted ip , so close it
[51327.739828] accepted a http connect , new connect ip is  192.168.43.186
[51327.746569]                           old connect ip is  192.168.43.237
[51327.753231]                                     but it isn't seted ip , so close it
[51328.267393] accepted a http connect , new connect ip is  192.168.43.186
[51328.274129]                           old connect ip is  192.168.43.237
[51328.280809]                                     but it isn't seted ip , so close it
[51328.799766] accepted a http connect , new connect ip is  192.168.43.186
[51328.806502]                           old connect ip is  192.168.43.237
[51328.813169]                                     but it isn't seted ip , so close it
[51329.339723] accepted a http connect , new connect ip is  192.168.43.186
[51329.346494]                           old connect ip is  192.168.43.237
[51329.353167]                                     but it isn't seted ip , so close it
[51329.879963] accepted a http connect , new connect ip is  192.168.43.186
[51329.886735]                           old connect ip is  192.168.43.237
[51329.893404]                                     but it isn't seted ip , so close it
[51330.421011] accepted a http connect , new connect ip is  192.168.43.186
[51330.427881]                           old connect ip is  192.168.43.237
[51330.434547]                                     but it isn't seted ip , so close it
[51330.959815] accepted a http connect , new connect ip is  192.168.43.186
[51330.966620]                           old connect ip is  192.168.43.237
[51330.973287]                                     but it isn't seted ip , so close it
[51331.489629] accepted a http connect , new connect ip is  192.168.43.186
[51331.496421]                           old connect ip is  192.168.43.237
[51331.503072]                                     but it isn't seted ip , so close it
[51332.017008] accepted a http connect , new connect ip is  192.168.43.186
[51332.023789]                           old connect ip is  192.168.43.237
[51332.030533]                                     but it isn't seted ip , so close it
[51332.549749] accepted a http connect , new connect ip is  192.168.43.186
[51332.556535]                           old connect ip is  192.168.43.237
[51332.563189]                                     but it isn't seted ip , so close it
[51333.089496] accepted a http connect , new connect ip is  192.168.43.186
[51333.096257]                           old connect ip is  192.168.43.237
[51333.102912]                                     but it isn't seted ip , so close it
[51333.631599] accepted a http connect , new connect ip is  192.168.43.186
[51333.638408]                           old connect ip is  192.168.43.237
[51333.645061]                                     but it isn't seted ip , so close it
[51334.161307] accepted a http connect , new connect ip is  192.168.43.186
[51334.168063]                           old connect ip is  192.168.43.237
[51334.174736]                                     but it isn't seted ip , so close it
[51334.699704] accepted a http connect , new connect ip is  192.168.43.186
[51334.706443]                           old connect ip is  192.168.43.237
[51334.713097]                                     but it isn't seted ip , so close it
[51335.226518] accepted a http connect , new connect ip is  192.168.43.186
[51335.233269]                           old connect ip is  192.168.43.237
[51335.239942]                                     but it isn't seted ip , so close it
[51335.759775] accepted a http connect , new connect ip is  192.168.43.186
[51335.766519]                           old connect ip is  192.168.43.237
[51335.773217]                                     but it isn't seted ip , so close it
[51336.287820] accepted a http connect , new connect ip is  192.168.43.186
[51336.294790]                           old connect ip is  192.168.43.237
[51336.301458]                                     but it isn't seted ip , so close it
[51336.829880] accepted a http connect , new connect ip is  192.168.43.186
[51336.836763]                           old connect ip is  192.168.43.237
[51336.843470]                                     but it isn't seted ip , so close it
[51337.372337] accepted a http connect , new connect ip is  192.168.43.186
[51337.379081]                           old connect ip is  192.168.43.237
[51337.385724]                                     but it isn't seted ip , so close it
[51337.909567] accepted a http connect , new connect ip is  192.168.43.186
[51337.916316]                           old connect ip is  192.168.43.237
[51337.922966]                                     but it isn't seted ip , so close it
[51338.449854] accepted a http connect , new connect ip is  192.168.43.186
[51338.456623]                           old connect ip is  192.168.43.237
[51338.463276]                                     but it isn't seted ip , so close it
[51338.989571] accepted a http connect , new connect ip is  192.168.43.186
[51338.996349]                           old connect ip is  192.168.43.237
[51339.003013]                                     but it isn't seted ip , so close it
[51339.531502] accepted a http connect , new connect ip is  192.168.43.186
[51339.538263]                           old connect ip is  192.168.43.237
[51339.544930]                                     but it isn't seted ip , so close it
[51340.074967] accepted a http connect , new connect ip is  192.168.43.186
[51340.081728]                           old connect ip is  192.168.43.237
[51340.088380]                                     but it isn't seted ip , so close it
[51340.619828] accepted a http connect , new connect ip is  192.168.43.186
[51340.626571]                           old connect ip is  192.168.43.237
[51340.633234]                                     but it isn't seted ip , so close it
[51341.154374] accepted a http connect , new connect ip is  192.168.43.186
[51341.161167]                           old connect ip is  192.168.43.237
[51341.167867]                                     but it isn't seted ip , so close it
[51341.690579] accepted a http connect , new connect ip is  192.168.43.186
[51341.697326]                           old connect ip is  192.168.43.237
[51341.703992]                                     but it isn't seted ip , so close it
[51342.227914] accepted a http connect , new connect ip is  192.168.43.186
[51342.235062]                           old connect ip is  192.168.43.237
[51342.241750]                                     but it isn't seted ip , so close it
[51342.823866] accepted a http connect , new connect ip is  192.168.43.186
[51342.830574]                           old connect ip is  192.168.43.237
[51342.837261]                                     but it isn't seted ip , so close it
[51343.359914] accepted a http connect , new connect ip is  192.168.43.186
[51343.366714]                           old connect ip is  192.168.43.237
[51343.373390]                                     but it isn't seted ip , so close it
[51343.896553] accepted a http connect , new connect ip is  192.168.43.186
[51343.903264]                           old connect ip is  192.168.43.237
[51343.909929]                                     but it isn't seted ip , so close it
[51344.431773] accepted a http connect , new connect ip is  192.168.43.186
[51344.438527]                           old connect ip is  192.168.43.237
[51344.445193]                                     but it isn't seted ip , so close it
[51344.969727] accepted a http connect , new connect ip is  192.168.43.186
[51344.976496]                           old connect ip is  192.168.43.237
[51344.983228]                                     but it isn't seted ip , so close it
[51345.509835] accepted a http connect , new connect ip is  192.168.43.186
[51345.516620]                           old connect ip is  192.168.43.237
[51345.523300]                                     but it isn't seted ip , so close it
[51346.049609] accepted a http connect , new connect ip is  192.168.43.186
[51346.056367]                           old connect ip is  192.168.43.237
[51346.063018]                                     but it isn't seted ip , so close it
[51346.589437] accepted a http connect , new connect ip is  192.168.43.186
[51346.596199]                           old connect ip is  192.168.43.237
[51346.602844]                                     but it isn't seted ip , so close it
[51347.129810] accepted a http connect , new connect ip is  192.168.43.186
[51347.136601]                           old connect ip is  192.168.43.237
[51347.143329]                                     but it isn't seted ip , so close it
[51347.669727] accepted a http connect , new connect ip is  192.168.43.186
[51347.676512]                           old connect ip is  192.168.43.237
[51347.683165]                                     but it isn't seted ip , so close it
[51348.197176] accepted a http connect , new connect ip is  192.168.43.186
[51348.203952]                           old connect ip is  192.168.43.237
[51348.210625]                                     but it isn't seted ip , so close it
[51348.731355] accepted a http connect , new connect ip is  192.168.43.186
[51348.738148]                           old connect ip is  192.168.43.237
[51348.744806]                                     but it isn't seted ip , so close it
[51349.261451] accepted a http connect , new connect ip is  192.168.43.186
[51349.268275]                           old connect ip is  192.168.43.237
[51349.275011]                                     but it isn't seted ip , so close it
[51349.800468] accepted a http connect , new connect ip is  192.168.43.186
[51349.807324]                           old connect ip is  192.168.43.237
[51349.814035]                                     but it isn't seted ip , so close it
[51350.328340] accepted a http connect , new connect ip is  192.168.43.186
[51350.335137]                           old connect ip is  192.168.43.237
[51350.341788]                                     but it isn't seted ip , so close it
[51350.869822] accepted a http connect , new connect ip is  192.168.43.186
[51350.876601]                           old connect ip is  192.168.43.237
[51350.883272]                                     but it isn't seted ip , so close it
[51351.409324] accepted a http connect , new connect ip is  192.168.43.186
[51351.416099]                           old connect ip is  192.168.43.237
[51351.422779]                                     but it isn't seted ip , so close it
[51351.949585] accepted a http connect , new connect ip is  192.168.43.186
[51351.956373]                           old connect ip is  192.168.43.237
[51351.963028]                                     but it isn't seted ip , so close it
[51352.489654] accepted a http connect , new connect ip is  192.168.43.186
[51352.496411]                           old connect ip is  192.168.43.237
[51352.503070]                                     but it isn't seted ip , so close it
[51353.029571] accepted a http connect , new connect ip is  192.168.43.186
[51353.036344]                           old connect ip is  192.168.43.237
[51353.042997]                                     but it isn't seted ip , so close it
[51353.569604] accepted a http connect , new connect ip is  192.168.43.186
[51353.576372]                           old connect ip is  192.168.43.237
[51353.583016]                                     but it isn't seted ip , so close it
[51354.109519] accepted a http connect , new connect ip is  192.168.43.186
[51354.116285]                           old connect ip is  192.168.43.237
[51354.123000]                                     but it isn't seted ip , so close it
[51354.649560] accepted a http connect , new connect ip is  192.168.43.186
[51354.656386]                           old connect ip is  192.168.43.237
[51354.663042]                                     but it isn't seted ip , so close it
[51355.183439] accepted a http connect , new connect ip is  192.168.43.186
[51355.190254]                           old connect ip is  192.168.43.237
[51355.196932]                                     but it isn't seted ip , so close it
[51355.729437] accepted a http connect , new connect ip is  192.168.43.186
[51355.736250]                           old connect ip is  192.168.43.237
[51355.742895]                                     but it isn't seted ip , so close it
[51356.260570] accepted a http connect , new connect ip is  192.168.43.186
[51356.267336]                           old connect ip is  192.168.43.237
[51356.274032]                                     but it isn't seted ip , so close it
[51356.799433] accepted a http connect , new connect ip is  192.168.43.186
[51356.806162]                           old connect ip is  192.168.43.237
[51356.812825]                                     but it isn't seted ip , so close it
[51357.329100] accepted a http connect , new connect ip is  192.168.43.186
[51357.335897]                           old connect ip is  192.168.43.237
[51357.342552]                                     but it isn't seted ip , so close it
[51357.870535] accepted a http connect , new connect ip is  192.168.43.186
[51357.877305]                           old connect ip is  192.168.43.237
[51357.883968]                                     but it isn't seted ip , so close it
[51358.409463] accepted a http connect , new connect ip is  192.168.43.186
[51358.416230]                           old connect ip is  192.168.43.237
[51358.422875]                                     but it isn't seted ip , so close it
[51358.950454] accepted a http connect , new connect ip is  192.168.43.186
[51358.957205]                           old connect ip is  192.168.43.237
[51358.963855]                                     but it isn't seted ip , so close it
[51359.494153] accepted a http connect , new connect ip is  192.168.43.186
[51359.500909]                           old connect ip is  192.168.43.237
[51359.507552]                                     but it isn't seted ip , so close it
[51360.039488] accepted a http connect , new connect ip is  192.168.43.186
[51360.046320]                           old connect ip is  192.168.43.237
[51360.053049]                                     but it isn't seted ip , so close it
[51360.579510] accepted a http connect , new connect ip is  192.168.43.186
[51360.586288]                           old connect ip is  192.168.43.237
[51360.592951]                                     but it isn't seted ip , so close it
[51361.119505] accepted a http connect , new connect ip is  192.168.43.186
[51361.126273]                           old connect ip is  192.168.43.237
[51361.132947]                                     but it isn't seted ip , so close it
[51361.659651] accepted a http connect , new connect ip is  192.168.43.186
[51361.666330]                           old connect ip is  192.168.43.237
[51361.672972]                                     but it isn't seted ip , so close it
[51362.186038] accepted a http connect , new connect ip is  192.168.43.186
[51362.192708]                           old connect ip is  192.168.43.237
[51362.199351]                                     but it isn't seted ip , so close it
[51362.719456] accepted a http connect , new connect ip is  192.168.43.186
[51362.726196]                           old connect ip is  192.168.43.237
[51362.732847]                                     but it isn't seted ip , so close it
[51363.246315] accepted a http connect , new connect ip is  192.168.43.186
[51363.253074]                           old connect ip is  192.168.43.237
[51363.259728]                                     but it isn't seted ip , so close it
[51363.779577] accepted a http connect , new connect ip is  192.168.43.186
[51363.786427]                           old connect ip is  192.168.43.237
[51363.793139]                                     but it isn't seted ip , so close it
[51364.311271] accepted a http connect , new connect ip is  192.168.43.186
[51364.318033]                           old connect ip is  192.168.43.237
[51364.324689]                                     but it isn't seted ip , so close it
[51364.855012] accepted a http connect , new connect ip is  192.168.43.186
[51364.861751]                           old connect ip is  192.168.43.237
[51364.868409]                                     but it isn't seted ip , so close it
[51365.391275] accepted a http connect , new connect ip is  192.168.43.186
[51365.397960]                           old connect ip is  192.168.43.237
[51365.404626]                                     but it isn't seted ip , so close it
[51365.929698] accepted a http connect , new connect ip is  192.168.43.186
[51365.936537]                           old connect ip is  192.168.43.237
[51365.943224]                                     but it isn't seted ip , so close it
[51366.463948] accepted a http connect , new connect ip is  192.168.43.186
[51366.470851]                           old connect ip is  192.168.43.237
[51366.477587]                                     but it isn't seted ip , so close it
[51367.013262] accepted a http connect , new connect ip is  192.168.43.186
[51367.019953]                           old connect ip is  192.168.43.237
[51367.026594]                                     but it isn't seted ip , so close it
[51367.553813] accepted a http connect , new connect ip is  192.168.43.186
[51367.560468]                           old connect ip is  192.168.43.237
[51367.567110]                                     but it isn't seted ip , so close it
[51368.093779] accepted a http connect , new connect ip is  192.168.43.186
[51368.100457]                           old connect ip is  192.168.43.237
[51368.107097]                                     but it isn't seted ip , so close it
[51368.631865] accepted a http connect , new connect ip is  192.168.43.186
[51368.638612]                           old connect ip is  192.168.43.237
[51368.645298]                                     but it isn't seted ip , so close it
[51369.171879] accepted a http connect , new connect ip is  192.168.43.186
[51369.178682]                           old connect ip is  192.168.43.237
[51369.185326]                                     but it isn't seted ip , so close it
[51369.711786] accepted a http connect , new connect ip is  192.168.43.186
[51369.718581]                           old connect ip is  192.168.43.237
[51369.725223]                                     but it isn't seted ip , so close it
[51370.242906] accepted a http connect , new connect ip is  192.168.43.186
[51370.249655]                           old connect ip is  192.168.43.237
[51370.256326]                                     but it isn't seted ip , so close it
[51370.781358] accepted a http connect , new connect ip is  192.168.43.186
[51370.788099]                           old connect ip is  192.168.43.237
[51370.794806]                                     but it isn't seted ip , so close it
[51371.313466] accepted a http connect , new connect ip is  192.168.43.186
[51371.320229]                           old connect ip is  192.168.43.237
[51371.326878]                                     but it isn't seted ip , so close it
[51371.849564] accepted a http connect , new connect ip is  192.168.43.186
[51371.856406]                           old connect ip is  192.168.43.237
[51371.863093]                                     but it isn't seted ip , so close it
[51372.379819] accepted a http connect , new connect ip is  192.168.43.186
[51372.386603]                           old connect ip is  192.168.43.237
[51372.393274]                                     but it isn't seted ip , so close it
[51372.919941] accepted a http connect , new connect ip is  192.168.43.186
[51372.926720]                           old connect ip is  192.168.43.237
[51372.933398]                                     but it isn't seted ip , so close it
[51373.464417] accepted a http connect , new connect ip is  192.168.43.186
[51373.471190]                           old connect ip is  192.168.43.237
[51373.477852]                                     but it isn't seted ip , so close it
[51374.003883] accepted a http connect , new connect ip is  192.168.43.186
[51374.010719]                           old connect ip is  192.168.43.237
[51374.017372]                                     but it isn't seted ip , so close it
[51374.553589] accepted a http connect , new connect ip is  192.168.43.186
[51374.560345]                           old connect ip is  192.168.43.237
[51374.566998]                                     but it isn't seted ip , so close it
[51375.091444] accepted a http connect , new connect ip is  192.168.43.186
[51375.098268]                           old connect ip is  192.168.43.237
[51375.105107]                                     but it isn't seted ip , so close it
[51375.631437] accepted a http connect , new connect ip is  192.168.43.186
[51375.638242]                           old connect ip is  192.168.43.237
[51375.644892]                                     but it isn't seted ip , so close it
[51376.173096] accepted a http connect , new connect ip is  192.168.43.186
[51376.179828]                           old connect ip is  192.168.43.237
[51376.186528]                                     but it isn't seted ip , so close it
[51376.735725] accepted a http connect , new connect ip is  192.168.43.186
[51376.742481]                           old connect ip is  192.168.43.237
[51376.749178]                                     but it isn't seted ip , so close it
[51377.267127] accepted a http connect , new connect ip is  192.168.43.186
[51377.273895]                           old connect ip is  192.168.43.237
[51377.280610]                                     but it isn't seted ip , so close it
[51377.809451] accepted a http connect , new connect ip is  192.168.43.186
[51377.816226]                           old connect ip is  192.168.43.237
[51377.822912]                                     but it isn't seted ip , so close it
[51378.337908] accepted a http connect , new connect ip is  192.168.43.186
[51378.344663]                           old connect ip is  192.168.43.237
[51378.351362]                                     but it isn't seted ip , so close it
[51378.873073] accepted a http connect , new connect ip is  192.168.43.186
[51378.879878]                           old connect ip is  192.168.43.237
[51378.886554]                                     but it isn't seted ip , so close it
[51379.409554] accepted a http connect , new connect ip is  192.168.43.186
[51379.416337]                           old connect ip is  192.168.43.237
[51379.422991]                                     but it isn't seted ip , so close it
[51379.949232] accepted a http connect , new connect ip is  192.168.43.186
[51379.955994]                           old connect ip is  192.168.43.237
[51379.962652]                                     but it isn't seted ip , so close it
[51380.490256] accepted a http connect , new connect ip is  192.168.43.186
[51380.497010]                           old connect ip is  192.168.43.237
[51380.503684]                                     but it isn't seted ip , so close it
[51381.061519] accepted a http connect , new connect ip is  192.168.43.186
[51381.068337]                           old connect ip is  192.168.43.237
[51381.075001]                                     but it isn't seted ip , so close it
[51381.588939] accepted a http connect , new connect ip is  192.168.43.186
[51381.595700]                           old connect ip is  192.168.43.237
[51381.602369]                                     but it isn't seted ip , so close it
[51382.116274] accepted a http connect , new connect ip is  192.168.43.186
[51382.123029]                           old connect ip is  192.168.43.237
[51382.129673]                                     but it isn't seted ip , so close it
[51382.651010] accepted a http connect , new connect ip is  192.168.43.186
[51382.657780]                           old connect ip is  192.168.43.237
[51382.664480]                                     but it isn't seted ip , so close it
[51383.190126] accepted a http connect , new connect ip is  192.168.43.186
[51383.196905]                           old connect ip is  192.168.43.237
[51383.203563]                                     but it isn't seted ip , so close it
[51383.729155] accepted a http connect , new connect ip is  192.168.43.186
[51383.735902]                           old connect ip is  192.168.43.237
[51383.742565]                                     but it isn't seted ip , so close it
[51384.256718] accepted a http connect , new connect ip is  192.168.43.186
[51384.263461]                           old connect ip is  192.168.43.237
[51384.270130]                                     but it isn't seted ip , so close it
[51384.786840] accepted a http connect , new connect ip is  192.168.43.186
[51384.793698]                           old connect ip is  192.168.43.237
[51384.800364]                                     but it isn't seted ip , so close it
[51385.316819] accepted a http connect , new connect ip is  192.168.43.186
[51385.323582]                           old connect ip is  192.168.43.237
[51385.330240]                                     but it isn't seted ip , so close it
[51385.851911] accepted a http connect , new connect ip is  192.168.43.186
[51385.858740]                           old connect ip is  192.168.43.237
[51385.865406]                                     but it isn't seted ip , so close it
[51386.379628] accepted a http connect , new connect ip is  192.168.43.186
[51386.386435]                           old connect ip is  192.168.43.237
[51386.393159]                                     but it isn't seted ip , so close it
[51386.919370] accepted a http connect , new connect ip is  192.168.43.186
[51386.926118]                           old connect ip is  192.168.43.237
[51386.932797]                                     but it isn't seted ip , so close it
[51387.459248] accepted a http connect , new connect ip is  192.168.43.186
[51387.465993]                           old connect ip is  192.168.43.237
[51387.472684]                                     but it isn't seted ip , so close it
[51388.000198] accepted a http connect , new connect ip is  192.168.43.186
[51388.006945]                           old connect ip is  192.168.43.237
[51388.013603]                                     but it isn't seted ip , so close it
[51388.539163] accepted a http connect , new connect ip is  192.168.43.186
[51388.545925]                           old connect ip is  192.168.43.237
[51388.552597]                                     but it isn't seted ip , so close it
[51389.079271] accepted a http connect , new connect ip is  192.168.43.186
[51389.086033]                           old connect ip is  192.168.43.237
[51389.092701]                                     but it isn't seted ip , so close it
[51389.606516] accepted a http connect , new connect ip is  192.168.43.186
[51389.613290]                           old connect ip is  192.168.43.237
[51389.619946]                                     but it isn't seted ip , so close it
[51390.134442] accepted a http connect , new connect ip is  192.168.43.186
[51390.141177]                           old connect ip is  192.168.43.237
[51390.147845]                                     but it isn't seted ip , so close it
[51390.669335] accepted a http connect , new connect ip is  192.168.43.186
[51390.676168]                           old connect ip is  192.168.43.237
[51390.682843]                                     but it isn't seted ip , so close it
[51391.210485] accepted a http connect , new connect ip is  192.168.43.186
[51391.217300]                           old connect ip is  192.168.43.237
[51391.224009]                                     but it isn't seted ip , so close it
[51391.749130] accepted a http connect , new connect ip is  192.168.43.186
[51391.755878]                           old connect ip is  192.168.43.237
[51391.762539]                                     but it isn't seted ip , so close it
[51392.275930] accepted a http connect , new connect ip is  192.168.43.186
[51392.282666]                           old connect ip is  192.168.43.237
[51392.289310]                                     but it isn't seted ip , so close it
[51392.809127] accepted a http connect , new connect ip is  192.168.43.186
[51392.815910]                           old connect ip is  192.168.43.237
[51392.822557]                                     but it isn't seted ip , so close it
[51393.337757] accepted a http connect , new connect ip is  192.168.43.186
[51393.344504]                           old connect ip is  192.168.43.237
[51393.351158]                                     but it isn't seted ip , so close it
[51393.872846] accepted a http connect , new connect ip is  192.168.43.186
[51393.879585]                           old connect ip is  192.168.43.237
[51393.886252]                                     but it isn't seted ip , so close it
[51394.402952] accepted a http connect , new connect ip is  192.168.43.186
[51394.409688]                           old connect ip is  192.168.43.237
[51394.416383]                                     but it isn't seted ip , so close it
[51394.939291] accepted a http connect , new connect ip is  192.168.43.186
[51394.946015]                           old connect ip is  192.168.43.237
[51394.952680]                                     but it isn't seted ip , so close it
[51395.479381] accepted a http connect , new connect ip is  192.168.43.186
[51395.486127]                           old connect ip is  192.168.43.237
[51395.492811]                                     but it isn't seted ip , so close it
[51396.019144] accepted a http connect , new connect ip is  192.168.43.186
[51396.025876]                           old connect ip is  192.168.43.237
[51396.032547]                                     but it isn't seted ip , so close it
[51396.559133] accepted a http connect , new connect ip is  192.168.43.186
[51396.565901]                           old connect ip is  192.168.43.237
[51396.572569]                                     but it isn't seted ip , so close it
[51397.105812] accepted a http connect , new connect ip is  192.168.43.186
[51397.112745]                           old connect ip is  192.168.43.237
[51397.119479]                                     but it isn't seted ip , so close it
[51397.649185] accepted a http connect , new connect ip is  192.168.43.186
[51397.655948]                           old connect ip is  192.168.43.237
[51397.662594]                                     but it isn't seted ip , so close it
[51398.195953] accepted a http connect , new connect ip is  192.168.43.186
[51398.202687]                           old connect ip is  192.168.43.237
[51398.209334]                                     but it isn't seted ip , so close it
[51398.749316] accepted a http connect , new connect ip is  192.168.43.186
[51398.756200]                           old connect ip is  192.168.43.237
[51398.762855]                                     but it isn't seted ip , so close it
[51399.277096] accepted a http connect , new connect ip is  192.168.43.186
[51399.283826]                           old connect ip is  192.168.43.237
[51399.290481]                                     but it isn't seted ip , so close it
[51399.809129] accepted a http connect , new connect ip is  192.168.43.186
[51399.815899]                           old connect ip is  192.168.43.237
[51399.822546]                                     but it isn't seted ip , so close it
[51400.336423] accepted a http connect , new connect ip is  192.168.43.186
[51400.343188]                           old connect ip is  192.168.43.237
[51400.349846]                                     but it isn't seted ip , so close it
[51400.869348] accepted a http connect , new connect ip is  192.168.43.186
[51400.876137]                           old connect ip is  192.168.43.237
[51400.882825]                                     but it isn't seted ip , so close it
[51401.398861] accepted a http connect , new connect ip is  192.168.43.186
[51401.405617]                           old connect ip is  192.168.43.237
[51401.412269]                                     but it isn't seted ip , so close it
[51401.939198] accepted a http connect , new connect ip is  192.168.43.186
[51401.945929]                           old connect ip is  192.168.43.237
[51401.952635]                                     but it isn't seted ip , so close it
[51402.479282] accepted a http connect , new connect ip is  192.168.43.186
[51402.486073]                           old connect ip is  192.168.43.237
[51402.492765]                                     but it isn't seted ip , so close it
[51403.018917] accepted a http connect , new connect ip is  192.168.43.186
[51403.025680]                           old connect ip is  192.168.43.237
[51403.032358]                                     but it isn't seted ip , so close it
[51403.559304] accepted a http connect , new connect ip is  192.168.43.186
[51403.566226]                           old connect ip is  192.168.43.237
[51403.572921]                                     but it isn't seted ip , so close it
[51404.099405] accepted a http connect , new connect ip is  192.168.43.186
[51404.106091]                           old connect ip is  192.168.43.237
[51404.112750]                                     but it isn't seted ip , so close it
[51404.629852] accepted a http connect , new connect ip is  192.168.43.186
[51404.636621]                           old connect ip is  192.168.43.237
[51404.643272]                                     but it isn't seted ip , so close it
[51405.169020] accepted a http connect , new connect ip is  192.168.43.186
[51405.175772]                           old connect ip is  192.168.43.237
[51405.182450]                                     but it isn't seted ip , so close it
[51405.709003] accepted a http connect , new connect ip is  192.168.43.186
[51405.715781]                           old connect ip is  192.168.43.237
[51405.722433]                                     but it isn't seted ip , so close it
[51406.237888] accepted a http connect , new connect ip is  192.168.43.186
[51406.244618]                           old connect ip is  192.168.43.237
[51406.251277]                                     but it isn't seted ip , so close it
[51406.780633] accepted a http connect , new connect ip is  192.168.43.186
[51406.787386]                           old connect ip is  192.168.43.237
[51406.794041]                                     but it isn't seted ip , so close it
[51407.309076] accepted a http connect , new connect ip is  192.168.43.186
[51407.315825]                           old connect ip is  192.168.43.237
[51407.322470]                                     but it isn't seted ip , so close it
[51407.853042] accepted a http connect , new connect ip is  192.168.43.186
[51407.859872]                           old connect ip is  192.168.43.237
[51407.866688]                                     but it isn't seted ip , so close it
[51408.383136] accepted a http connect , new connect ip is  192.168.43.186
[51408.389907]                           old connect ip is  192.168.43.237
[51408.396579]                                     but it isn't seted ip , so close it
[51408.921248] accepted a http connect , new connect ip is  192.168.43.186
[51408.928057]                           old connect ip is  192.168.43.237
[51408.934721]                                     but it isn't seted ip , so close it
[51409.473318] accepted a http connect , new connect ip is  192.168.43.186
[51409.480173]                           old connect ip is  192.168.43.237
[51409.486878]                                     but it isn't seted ip , so close it
[51410.014034] accepted a http connect , new connect ip is  192.168.43.186
[51410.020862]                           old connect ip is  192.168.43.237
[51410.027509]                                     but it isn't seted ip , so close it
[51410.555410] accepted a http connect , new connect ip is  192.168.43.186
[51410.562152]                           old connect ip is  192.168.43.237
[51410.568817]                                     but it isn't seted ip , so close it
[51411.094726] accepted a http connect , new connect ip is  192.168.43.186
[51411.101456]                           old connect ip is  192.168.43.237
[51411.108110]                                     but it isn't seted ip , so close it
[51411.642826] accepted a http connect , new connect ip is  192.168.43.186
[51411.649558]                           old connect ip is  192.168.43.237
[51411.656236]                                     but it isn't seted ip , so close it
[51412.183039] accepted a http connect , new connect ip is  192.168.43.186
[51412.189784]                           old connect ip is  192.168.43.237
[51412.196521]                                     but it isn't seted ip , so close it
[51412.734103] accepted a http connect , new connect ip is  192.168.43.186
[51412.740881]                           old connect ip is  192.168.43.237
[51412.747537]                                     but it isn't seted ip , so close it
[51413.268188] accepted a http connect , new connect ip is  192.168.43.186
[51413.274931]                           old connect ip is  192.168.43.237
[51413.281595]                                     but it isn't seted ip , so close it
[51413.810946] accepted a http connect , new connect ip is  192.168.43.186
[51413.817705]                           old connect ip is  192.168.43.237
[51413.824365]                                     but it isn't seted ip , so close it
[51414.341961] accepted a http connect , new connect ip is  192.168.43.186
[51414.348761]                           old connect ip is  192.168.43.237
[51414.355428]                                     but it isn't seted ip , so close it
[51414.891339] accepted a http connect , new connect ip is  192.168.43.186
[51414.898132]                           old connect ip is  192.168.43.237
[51414.904834]                                     but it isn't seted ip , so close it
[51415.429640] accepted a http connect , new connect ip is  192.168.43.186
[51415.436388]                           old connect ip is  192.168.43.237
[51415.443085]                                     but it isn't seted ip , so close it
[51415.972059] accepted a http connect , new connect ip is  192.168.43.186
[51415.978749]                           old connect ip is  192.168.43.237
[51415.985449]                                     but it isn't seted ip , so close it
[51416.511829] accepted a http connect , new connect ip is  192.168.43.186
[51416.518653]                           old connect ip is  192.168.43.237
[51416.525301]                                     but it isn't seted ip , so close it
[51417.052590] accepted a http connect , new connect ip is  192.168.43.186
[51417.059351]                           old connect ip is  192.168.43.237
[51417.066124]                                     but it isn't seted ip , so close it
[51417.586603] accepted a http connect , new connect ip is  192.168.43.186
[51417.593379]                           old connect ip is  192.168.43.237
[51417.600090]                                     but it isn't seted ip , so close it
[51418.131756] accepted a http connect , new connect ip is  192.168.43.186
[51418.138614]                           old connect ip is  192.168.43.237
[51418.145276]                                     but it isn't seted ip , so close it
[51418.669281] accepted a http connect , new connect ip is  192.168.43.186
[51418.676119]                           old connect ip is  192.168.43.237
[51418.682792]                                     but it isn't seted ip , so close it
[51419.197294] accepted a http connect , new connect ip is  192.168.43.186
[51419.204054]                           old connect ip is  192.168.43.237
[51419.210704]                                     but it isn't seted ip , so close it
[51419.730525] accepted a http connect , new connect ip is  192.168.43.186
[51419.737311]                           old connect ip is  192.168.43.237
[51419.743972]                                     but it isn't seted ip , so close it
[51420.258463] accepted a http connect , new connect ip is  192.168.43.186
[51420.265224]                           old connect ip is  192.168.43.237
[51420.271879]                                     but it isn't seted ip , so close it
[51420.811633] accepted a http connect , new connect ip is  192.168.43.186
[51420.818435]                           old connect ip is  192.168.43.237
[51420.825089]                                     but it isn't seted ip , so close it
[51421.349308] accepted a http connect , new connect ip is  192.168.43.186
[51421.356159]                           old connect ip is  192.168.43.237
[51421.362844]                                     but it isn't seted ip , so close it
[51421.889339] accepted a http connect , new connect ip is  192.168.43.186
[51421.896226]                           old connect ip is  192.168.43.237
[51421.902896]                                     but it isn't seted ip , so close it
[51422.421501] accepted a http connect , new connect ip is  192.168.43.186
[51422.428332]                           old connect ip is  192.168.43.237
[51422.435037]                                     but it isn't seted ip , so close it
[51422.960809] accepted a http connect , new connect ip is  192.168.43.186
[51422.967571]                           old connect ip is  192.168.43.237
[51422.974273]                                     but it isn't seted ip , so close it
[51423.501406] accepted a http connect , new connect ip is  192.168.43.186
[51423.508169]                           old connect ip is  192.168.43.237
[51423.514840]                                     but it isn't seted ip , so close it
[51424.039208] accepted a http connect , new connect ip is  192.168.43.186
[51424.045952]                           old connect ip is  192.168.43.237
[51424.052679]                                     but it isn't seted ip , so close it
[51424.566991] accepted a http connect , new connect ip is  192.168.43.186
[51424.573832]                           old connect ip is  192.168.43.237
[51424.580550]                                     but it isn't seted ip , so close it
[51425.101148] accepted a http connect , new connect ip is  192.168.43.186
[51425.107987]                           old connect ip is  192.168.43.237
[51425.114670]                                     but it isn't seted ip , so close it
[51425.639887] accepted a http connect , new connect ip is  192.168.43.186
[51425.646711]                           old connect ip is  192.168.43.237
[51425.653441]                                     but it isn't seted ip , so close it
[51426.179062] accepted a http connect , new connect ip is  192.168.43.186
[51426.185789]                           old connect ip is  192.168.43.237
[51426.192456]                                     but it isn't seted ip , so close it
[51426.724067] accepted a http connect , new connect ip is  192.168.43.186
[51426.730792]                           old connect ip is  192.168.43.237
[51426.737472]                                     but it isn't seted ip , so close it
[51427.261000] accepted a http connect , new connect ip is  192.168.43.186
[51427.267685]                           old connect ip is  192.168.43.237
[51427.274330]                                     but it isn't seted ip , so close it
[51427.799134] accepted a http connect , new connect ip is  192.168.43.186
[51427.806032]                           old connect ip is  192.168.43.237
[51427.812734]                                     but it isn't seted ip , so close it
[51428.326834] accepted a http connect , new connect ip is  192.168.43.186
[51428.333585]                           old connect ip is  192.168.43.237
[51428.340240]                                     but it isn't seted ip , so close it
[51428.859028] accepted a http connect , new connect ip is  192.168.43.186
[51428.865778]                           old connect ip is  192.168.43.237
[51428.872459]                                     but it isn't seted ip , so close it
[51429.391650] accepted a http connect , new connect ip is  192.168.43.186
[51429.398415]                           old connect ip is  192.168.43.237
[51429.405072]                                     but it isn't seted ip , so close it
[51429.928936] accepted a http connect , new connect ip is  192.168.43.186
[51429.935703]                           old connect ip is  192.168.43.237
[51429.942390]                                     but it isn't seted ip , so close it
[51430.457658] accepted a http connect , new connect ip is  192.168.43.186
[51430.464402]                           old connect ip is  192.168.43.237
[51430.471047]                                     but it isn't seted ip , so close it
[51430.989128] accepted a http connect , new connect ip is  192.168.43.186
[51430.995923]                           old connect ip is  192.168.43.237
[51431.002584]                                     but it isn't seted ip , so close it
[51431.528946] accepted a http connect , new connect ip is  192.168.43.186
[51431.535710]                           old connect ip is  192.168.43.237
[51431.542373]                                     but it isn't seted ip , so close it
[51432.068761] accepted a http connect , new connect ip is  192.168.43.186
[51432.075455]                           old connect ip is  192.168.43.237
[51432.082229]                                     but it isn't seted ip , so close it
[51432.608906] accepted a http connect , new connect ip is  192.168.43.186
[51432.615691]                           old connect ip is  192.168.43.237
[51432.622363]                                     but it isn't seted ip , so close it
[51433.152113] accepted a http connect , new connect ip is  192.168.43.186
[51433.158923]                           old connect ip is  192.168.43.237
[51433.165577]                                     but it isn't seted ip , so close it
[51433.688752] accepted a http connect , new connect ip is  192.168.43.186
[51433.695504]                           old connect ip is  192.168.43.237
[51433.702157]                                     but it isn't seted ip , so close it
[51434.228857] accepted a http connect , new connect ip is  192.168.43.186
[51434.235604]                           old connect ip is  192.168.43.237
[51434.242275]                                     but it isn't seted ip , so close it
[51434.768925] accepted a http connect , new connect ip is  192.168.43.186
[51434.775703]                           old connect ip is  192.168.43.237
[51434.782352]                                     but it isn't seted ip , so close it
[51435.297033] accepted a http connect , new connect ip is  192.168.43.186
[51435.303860]                           old connect ip is  192.168.43.237
[51435.310568]                                     but it isn't seted ip , so close it
[51435.825194] accepted a http connect , new connect ip is  192.168.43.186
[51435.832055]                           old connect ip is  192.168.43.237
[51435.838735]                                     but it isn't seted ip , so close it
[51436.354607] accepted a http connect , new connect ip is  192.168.43.186
[51436.361377]                           old connect ip is  192.168.43.237
[51436.368032]                                     but it isn't seted ip , so close it
[51436.898892] accepted a http connect , new connect ip is  192.168.43.186
[51436.905628]                           old connect ip is  192.168.43.237
[51436.912322]                                     but it isn't seted ip , so close it
[51437.425912] accepted a http connect , new connect ip is  192.168.43.186
[51437.432678]                           old connect ip is  192.168.43.237
[51437.439343]                                     but it isn't seted ip , so close it
[51437.958846] accepted a http connect , new connect ip is  192.168.43.186
[51437.965615]                           old connect ip is  192.168.43.237
[51437.972272]                                     but it isn't seted ip , so close it
[51438.486172] accepted a http connect , new connect ip is  192.168.43.186
[51438.492961]                           old connect ip is  192.168.43.237
[51438.499630]                                     but it isn't seted ip , so close it
[51439.018740] accepted a http connect , new connect ip is  192.168.43.186
[51439.025596]                           old connect ip is  192.168.43.237
[51439.032336]                                     but it isn't seted ip , so close it
[51439.558744] accepted a http connect , new connect ip is  192.168.43.186
[51439.565440]                           old connect ip is  192.168.43.237
[51439.572092]                                     but it isn't seted ip , so close it
[51440.085446] accepted a http connect , new connect ip is  192.168.43.186
[51440.092142]                           old connect ip is  192.168.43.237
[51440.098788]                                     but it isn't seted ip , so close it
[51440.618598] accepted a http connect , new connect ip is  192.168.43.186
[51440.625330]                           old connect ip is  192.168.43.237
[51440.631995]                                     but it isn't seted ip , so close it
[51441.158632] accepted a http connect , new connect ip is  192.168.43.186
[51441.165307]                           old connect ip is  192.168.43.237
[51441.172010]                                     but it isn't seted ip , so close it
[51441.698610] accepted a http connect , new connect ip is  192.168.43.186
[51441.705358]                           old connect ip is  192.168.43.237
[51441.712018]                                     but it isn't seted ip , so close it
[51442.238870] accepted a http connect , new connect ip is  192.168.43.186
[51442.245625]                           old connect ip is  192.168.43.237
[51442.252283]                                     but it isn't seted ip , so close it
[51442.778717] accepted a http connect , new connect ip is  192.168.43.186
[51442.785572]                           old connect ip is  192.168.43.237
[51442.792244]                                     but it isn't seted ip , so close it
[51443.309691] accepted a http connect , new connect ip is  192.168.43.186
[51443.316448]                           old connect ip is  192.168.43.237
[51443.323091]                                     but it isn't seted ip , so close it
[51443.849075] accepted a http connect , new connect ip is  192.168.43.186
[51443.855835]                           old connect ip is  192.168.43.237
[51443.862485]                                     but it isn't seted ip , so close it
[51444.378232] accepted a http connect , new connect ip is  192.168.43.186
[51444.384974]                           old connect ip is  192.168.43.237
[51444.391641]                                     but it isn't seted ip , so close it
[51444.921910] accepted a http connect , new connect ip is  192.168.43.186
[51444.928663]                           old connect ip is  192.168.43.237
[51444.935490]                                     but it isn't seted ip , so close it
[51445.454729] accepted a http connect , new connect ip is  192.168.43.186
[51445.461458]                           old connect ip is  192.168.43.237
[51445.468111]                                     but it isn't seted ip , so close it
[51445.989401] accepted a http connect , new connect ip is  192.168.43.186
[51445.996171]                           old connect ip is  192.168.43.237
[51446.002831]                                     but it isn't seted ip , so close it
[51446.528625] accepted a http connect , new connect ip is  192.168.43.186
[51446.535373]                           old connect ip is  192.168.43.237
[51446.542086]                                     but it isn't seted ip , so close it
[51447.056528] accepted a http connect , new connect ip is  192.168.43.186
[51447.063400]                           old connect ip is  192.168.43.237
[51447.070075]                                     but it isn't seted ip , so close it
[51447.589239] accepted a http connect , new connect ip is  192.168.43.186
[51447.596081]                           old connect ip is  192.168.43.237
[51447.602776]                                     but it isn't seted ip , so close it
[51448.128564] accepted a http connect , new connect ip is  192.168.43.186
[51448.135324]                           old connect ip is  192.168.43.237
[51448.141977]                                     but it isn't seted ip , so close it
[51448.668748] accepted a http connect , new connect ip is  192.168.43.186
[51448.675531]                           old connect ip is  192.168.43.237
[51448.682195]                                     but it isn't seted ip , so close it
[51449.212772] accepted a http connect , new connect ip is  192.168.43.186
[51449.219527]                           old connect ip is  192.168.43.237
[51449.226177]                                     but it isn't seted ip , so close it
[51449.749958] accepted a http connect , new connect ip is  192.168.43.186
[51449.756725]                           old connect ip is  192.168.43.237
[51449.763392]                                     but it isn't seted ip , so close it
[51450.290884] accepted a http connect , new connect ip is  192.168.43.186
[51450.297597]                           old connect ip is  192.168.43.237
[51450.304261]                                     but it isn't seted ip , so close it
[51450.820428] accepted a http connect , new connect ip is  192.168.43.186
[51450.827208]                           old connect ip is  192.168.43.237
[51450.833982]                                     but it isn't seted ip , so close it
[51451.360419] accepted a http connect , new connect ip is  192.168.43.186
[51451.367252]                           old connect ip is  192.168.43.237
[51451.373929]                                     but it isn't seted ip , so close it
[51451.899028] accepted a http connect , new connect ip is  192.168.43.186
[51451.905796]                           old connect ip is  192.168.43.237
[51451.912490]                                     but it isn't seted ip , so close it
[51452.428178] accepted a http connect , new connect ip is  192.168.43.186
[51452.434853]                           old connect ip is  192.168.43.237
[51452.441497]                                     but it isn't seted ip , so close it
[51452.959571] accepted a http connect , new connect ip is  192.168.43.186
[51452.966247]                           old connect ip is  192.168.43.237
[51452.972888]                                     but it isn't seted ip , so close it
[51453.486427] accepted a http connect , new connect ip is  192.168.43.186
[51453.493078]                           old connect ip is  192.168.43.237
[51453.499726]                                     but it isn't seted ip , so close it
[51454.012441] accepted a http connect , new connect ip is  192.168.43.186
[51454.019205]                           old connect ip is  192.168.43.237
[51454.025858]                                     but it isn't seted ip , so close it
[51454.548733] accepted a http connect , new connect ip is  192.168.43.186
[51454.555510]                           old connect ip is  192.168.43.237
[51454.562338]                                     but it isn't seted ip , so close it
[51455.088705] accepted a http connect , new connect ip is  192.168.43.186
[51455.095555]                           old connect ip is  192.168.43.237
[51455.102222]                                     but it isn't seted ip , so close it
[51455.628633] accepted a http connect , new connect ip is  192.168.43.186
[51455.635396]                           old connect ip is  192.168.43.237
[51455.642053]                                     but it isn't seted ip , so close it
[51456.168557] accepted a http connect , new connect ip is  192.168.43.186
[51456.175309]                           old connect ip is  192.168.43.237
[51456.181993]                                     but it isn't seted ip , so close it
[51456.708696] accepted a http connect , new connect ip is  192.168.43.186
[51456.715498]                           old connect ip is  192.168.43.237
[51456.722196]                                     but it isn't seted ip , so close it
[51457.253518] accepted a http connect , new connect ip is  192.168.43.186
[51457.260266]                           old connect ip is  192.168.43.237
[51457.266950]                                     but it isn't seted ip , so close it
[51457.788701] accepted a http connect , new connect ip is  192.168.43.186
[51457.795504]                           old connect ip is  192.168.43.237
[51457.802192]                                     but it isn't seted ip , so close it
[51458.317125] accepted a http connect , new connect ip is  192.168.43.186
[51458.323962]                           old connect ip is  192.168.43.237
[51458.330646]                                     but it isn't seted ip , so close it
[51458.845148] accepted a http connect , new connect ip is  192.168.43.186
[51458.851911]                           old connect ip is  192.168.43.237
[51458.858600]                                     but it isn't seted ip , so close it
[51459.373122] accepted a http connect , new connect ip is  192.168.43.186
[51459.379908]                           old connect ip is  192.168.43.237
[51459.386564]                                     but it isn't seted ip , so close it
[51459.909604] accepted a http connect , new connect ip is  192.168.43.186
[51459.916370]                           old connect ip is  192.168.43.237
[51459.923056]                                     but it isn't seted ip , so close it
[51460.436492] accepted a http connect , new connect ip is  192.168.43.186
[51460.443264]                           old connect ip is  192.168.43.237
[51460.449929]                                     but it isn't seted ip , so close it
[51460.969246] accepted a http connect , new connect ip is  192.168.43.186
[51460.976133]                           old connect ip is  192.168.43.237
[51460.982823]                                     but it isn't seted ip , so close it
[51461.499678] accepted a http connect , new connect ip is  192.168.43.186
[51461.506506]                           old connect ip is  192.168.43.237
[51461.513178]                                     but it isn't seted ip , so close it
[51462.038508] accepted a http connect , new connect ip is  192.168.43.186
[51462.045265]                           old connect ip is  192.168.43.237
[51462.051957]                                     but it isn't seted ip , so close it
[51462.578698] accepted a http connect , new connect ip is  192.168.43.186
[51462.585481]                           old connect ip is  192.168.43.237
[51462.592138]                                     but it isn't seted ip , so close it
[51463.118616] accepted a http connect , new connect ip is  192.168.43.186
[51463.125415]                           old connect ip is  192.168.43.237
[51463.132072]                                     but it isn't seted ip , so close it
[51463.658401] accepted a http connect , new connect ip is  192.168.43.186
[51463.665129]                           old connect ip is  192.168.43.237
[51463.671777]                                     but it isn't seted ip , so close it
[51464.200296] accepted a http connect , new connect ip is  192.168.43.186
[51464.207027]                           old connect ip is  192.168.43.237
[51464.213732]                                     but it isn't seted ip , so close it
[51464.738461] accepted a http connect , new connect ip is  192.168.43.186
[51464.745196]                           old connect ip is  192.168.43.237
[51464.751873]                                     but it isn't seted ip , so close it
[51465.278469] accepted a http connect , new connect ip is  192.168.43.186
[51465.285207]                           old connect ip is  192.168.43.237
[51465.291852]                                     but it isn't seted ip , so close it
[51465.818803] accepted a http connect , new connect ip is  192.168.43.186
[51465.825831]                           old connect ip is  192.168.43.237
[51465.832516]                                     but it isn't seted ip , so close it
[51466.346074] accepted a http connect , new connect ip is  192.168.43.186
[51466.352828]                           old connect ip is  192.168.43.237
[51466.359498]                                     but it isn't seted ip , so close it
[51466.889377] accepted a http connect , new connect ip is  192.168.43.186
[51466.896127]                           old connect ip is  192.168.43.237
[51466.902785]                                     but it isn't seted ip , so close it
[51467.417371] accepted a http connect , new connect ip is  192.168.43.186
[51467.424108]                           old connect ip is  192.168.43.237
[51467.430829]                                     but it isn't seted ip , so close it
[51467.948467] accepted a http connect , new connect ip is  192.168.43.186
[51467.955249]                           old connect ip is  192.168.43.237
[51467.961915]                                     but it isn't seted ip , so close it
[51468.474294] accepted a http connect , new connect ip is  192.168.43.186
[51468.481061]                           old connect ip is  192.168.43.237
[51468.487715]                                     but it isn't seted ip , so close it
[51469.008509] accepted a http connect , new connect ip is  192.168.43.186
[51469.015296]                           old connect ip is  192.168.43.237
[51469.021966]                                     but it isn't seted ip , so close it
[51469.548544] accepted a http connect , new connect ip is  192.168.43.186
[51469.555374]                           old connect ip is  192.168.43.237
[51469.562079]                                     but it isn't seted ip , so close it
[51470.089018] accepted a http connect , new connect ip is  192.168.43.186
[51470.095812]                           old connect ip is  192.168.43.237
[51470.102488]                                     but it isn't seted ip , so close it
[51470.628767] accepted a http connect , new connect ip is  192.168.43.186
[51470.635524]                           old connect ip is  192.168.43.237
[51470.642313]                                     but it isn't seted ip , so close it
[51471.168440] accepted a http connect , new connect ip is  192.168.43.186
[51471.175206]                           old connect ip is  192.168.43.237
[51471.181864]                                     but it isn't seted ip , so close it
[51471.708545] accepted a http connect , new connect ip is  192.168.43.186
[51471.715325]                           old connect ip is  192.168.43.237
[51471.721990]                                     but it isn't seted ip , so close it
[51472.248558] accepted a http connect , new connect ip is  192.168.43.186
[51472.255307]                           old connect ip is  192.168.43.237
[51472.262003]                                     but it isn't seted ip , so close it
[51472.788671] accepted a http connect , new connect ip is  192.168.43.186
[51472.795468]                           old connect ip is  192.168.43.237
[51472.802131]                                     but it isn't seted ip , so close it
[51473.329409] accepted a http connect , new connect ip is  192.168.43.186
[51473.336196]                           old connect ip is  192.168.43.237
[51473.342852]                                     but it isn't seted ip , so close it
[51473.868657] accepted a http connect , new connect ip is  192.168.43.186
[51473.875480]                           old connect ip is  192.168.43.237
[51473.882163]                                     but it isn't seted ip , so close it
[51474.396772] accepted a http connect , new connect ip is  192.168.43.186
[51474.403569]                           old connect ip is  192.168.43.237
[51474.410220]                                     but it isn't seted ip , so close it
[51474.939553] accepted a http connect , new connect ip is  192.168.43.186
[51474.946340]                           old connect ip is  192.168.43.237
[51474.953009]                                     but it isn't seted ip , so close it
[51475.469526] accepted a http connect , new connect ip is  192.168.43.186
[51475.476350]                           old connect ip is  192.168.43.237
[51475.483014]                                     but it isn't seted ip , so close it
[51476.008421] accepted a http connect , new connect ip is  192.168.43.186
[51476.015182]                           old connect ip is  192.168.43.237
[51476.021835]                                     but it isn't seted ip , so close it
[51476.536419] accepted a http connect , new connect ip is  192.168.43.186
[51476.543164]                           old connect ip is  192.168.43.237
[51476.549814]                                     but it isn't seted ip , so close it
[51477.078507] accepted a http connect , new connect ip is  192.168.43.186
[51477.085255]                           old connect ip is  192.168.43.237
[51477.091977]                                     but it isn't seted ip , so close it
[51477.626532] accepted a http connect , new connect ip is  192.168.43.186
[51477.633298]                           old connect ip is  192.168.43.237
[51477.639972]                                     but it isn't seted ip , so close it
[51478.168464] accepted a http connect , new connect ip is  192.168.43.186
[51478.175262]                           old connect ip is  192.168.43.237
[51478.181912]                                     but it isn't seted ip , so close it
[51478.708295] accepted a http connect , new connect ip is  192.168.43.186
[51478.715036]                           old connect ip is  192.168.43.237
[51478.721720]                                     but it isn't seted ip , so close it
[51479.248144] accepted a http connect , new connect ip is  192.168.43.186
[51479.254894]                           old connect ip is  192.168.43.237
[51479.261544]                                     but it isn't seted ip , so close it
[51479.788271] accepted a http connect , new connect ip is  192.168.43.186
[51479.795036]                           old connect ip is  192.168.43.237
[51479.801711]                                     but it isn't seted ip , so close it
[51480.331355] accepted a http connect , new connect ip is  192.168.43.186
[51480.338043]                           old connect ip is  192.168.43.237
[51480.344689]                                     but it isn't seted ip , so close it
[51480.878615] accepted a http connect , new connect ip is  192.168.43.186
[51480.885378]                           old connect ip is  192.168.43.237
[51480.892039]                                     but it isn't seted ip , so close it
[51481.412864] accepted a http connect , new connect ip is  192.168.43.186
[51481.419609]                           old connect ip is  192.168.43.237
[51481.426269]                                     but it isn't seted ip , so close it
[51481.948924] accepted a http connect , new connect ip is  192.168.43.186
[51481.955782]                           old connect ip is  192.168.43.237
[51481.962487]                                     but it isn't seted ip , so close it
[51482.477622] accepted a http connect , new connect ip is  192.168.43.186
[51482.484393]                           old connect ip is  192.168.43.237
[51482.491046]                                     but it isn't seted ip , so close it
[51483.018442] accepted a http connect , new connect ip is  192.168.43.186
[51483.025195]                           old connect ip is  192.168.43.237
[51483.031942]                                     but it isn't seted ip , so close it
[51483.551952] accepted a http connect , new connect ip is  192.168.43.186
[51483.558791]                           old connect ip is  192.168.43.237
[51483.565485]                                     but it isn't seted ip , so close it
[51484.088428] accepted a http connect , new connect ip is  192.168.43.186
[51484.095187]                           old connect ip is  192.168.43.237
[51484.101851]                                     but it isn't seted ip , so close it
[51484.628465] accepted a http connect , new connect ip is  192.168.43.186
[51484.635244]                           old connect ip is  192.168.43.237
[51484.641907]                                     but it isn't seted ip , so close it
[51485.168435] accepted a http connect , new connect ip is  192.168.43.186
[51485.175192]                           old connect ip is  192.168.43.237
[51485.181903]                                     but it isn't seted ip , so close it
[51485.708092] accepted a http connect , new connect ip is  192.168.43.186
[51485.714915]                           old connect ip is  192.168.43.237
[51485.721578]                                     but it isn't seted ip , so close it
[51486.248306] accepted a http connect , new connect ip is  192.168.43.186
[51486.255074]                           old connect ip is  192.168.43.237
[51486.261717]                                     but it isn't seted ip , so close it
[51486.788753] accepted a http connect , new connect ip is  192.168.43.186
[51486.795563]                           old connect ip is  192.168.43.237
[51486.802324]                                     but it isn't seted ip , so close it
[51487.328785] accepted a http connect , new connect ip is  192.168.43.186
[51487.335679]                           old connect ip is  192.168.43.237
[51487.342388]                                     but it isn't seted ip , so close it
[51487.868310] accepted a http connect , new connect ip is  192.168.43.186
[51487.875077]                           old connect ip is  192.168.43.237
[51487.881731]                                     but it isn't seted ip , so close it
[51488.395574] accepted a http connect , new connect ip is  192.168.43.186
[51488.402340]                           old connect ip is  192.168.43.237
[51488.408994]                                     but it isn't seted ip , so close it
[51488.928196] accepted a http connect , new connect ip is  192.168.43.186
[51488.934947]                           old connect ip is  192.168.43.237
[51488.941610]                                     but it isn't seted ip , so close it
[51489.455206] accepted a http connect , new connect ip is  192.168.43.186
[51489.461936]                           old connect ip is  192.168.43.237
[51489.468596]                                     but it isn't seted ip , so close it
[51489.989692] accepted a http connect , new connect ip is  192.168.43.186
[51489.996457]                           old connect ip is  192.168.43.237
[51490.003137]                                     but it isn't seted ip , so close it
[51490.516433] accepted a http connect , new connect ip is  192.168.43.186
[51490.523178]                           old connect ip is  192.168.43.237
[51490.529827]                                     but it isn't seted ip , so close it
[51491.048280] accepted a http connect , new connect ip is  192.168.43.186
[51491.055061]                           old connect ip is  192.168.43.237
[51491.061715]                                     but it isn't seted ip , so close it
[51491.588227] accepted a http connect , new connect ip is  192.168.43.186
[51491.594990]                           old connect ip is  192.168.43.237
[51491.601652]                                     but it isn't seted ip , so close it
[51492.128267] accepted a http connect , new connect ip is  192.168.43.186
[51492.135031]                           old connect ip is  192.168.43.237
[51492.141682]                                     but it isn't seted ip , so close it
[51492.670510] accepted a http connect , new connect ip is  192.168.43.186
[51492.677324]                           old connect ip is  192.168.43.237
[51492.683989]                                     but it isn't seted ip , so close it
[51493.208528] accepted a http connect , new connect ip is  192.168.43.186
[51493.215319]                           old connect ip is  192.168.43.237
[51493.221987]                                     but it isn't seted ip , so close it
[51493.736847] accepted a http connect , new connect ip is  192.168.43.186
[51493.743621]                           old connect ip is  192.168.43.237
[51493.750279]                                     but it isn't seted ip , so close it
[51494.264305] accepted a http connect , new connect ip is  192.168.43.186
[51494.271008]                           old connect ip is  192.168.43.237
[51494.277690]                                     but it isn't seted ip , so close it
[51494.798087] accepted a http connect , new connect ip is  192.168.43.186
[51494.804880]                           old connect ip is  192.168.43.237
[51494.811531]                                     but it isn't seted ip , so close it
[51495.338262] accepted a http connect , new connect ip is  192.168.43.186
[51495.345035]                           old connect ip is  192.168.43.237
[51495.351707]                                     but it isn't seted ip , so close it
[51495.878864] accepted a http connect , new connect ip is  192.168.43.186
[51495.885618]                           old connect ip is  192.168.43.237
[51495.892262]                                     but it isn't seted ip , so close it
[51496.411982] *********** [Normal_MIU0] is still reclaimalbe !! *************
[51496.421197] accepted a http connect , new connect ip is  192.168.43.186
[51496.427882]                           old connect ip is  192.168.43.237
[51496.434544]                                     but it isn't seted ip , so close it
[51496.958033] accepted a http connect , new connect ip is  192.168.43.186
[51496.964801]                           old connect ip is  192.168.43.237
[51496.971471]                                     but it isn't seted ip , so close it
[51497.485156] accepted a http connect , new connect ip is  192.168.43.186
[51497.491893]                           old connect ip is  192.168.43.237
[51497.498559]                                     but it isn't seted ip , so close it
[51498.018539] accepted a http connect , new connect ip is  192.168.43.186
[51498.025225]                           old connect ip is  192.168.43.237
[51498.031894]                                     but it isn't seted ip , so close it
[51498.544870] accepted a http connect , new connect ip is  192.168.43.186
[51498.551651]                           old connect ip is  192.168.43.237
[51498.558323]                                     but it isn't seted ip , so close it
[51499.088552] accepted a http connect , new connect ip is  192.168.43.186
[51499.095375]                           old connect ip is  192.168.43.237
[51499.102047]                                     but it isn't seted ip , so close it
[51499.628320] accepted a http connect , new connect ip is  192.168.43.186
[51499.635085]                           old connect ip is  192.168.43.237
[51499.641751]                                     but it isn't seted ip , so close it
[51500.168403] accepted a http connect , new connect ip is  192.168.43.186
[51500.175190]                           old connect ip is  192.168.43.237
[51500.181845]                                     but it isn't seted ip , so close it
[51500.708024] accepted a http connect , new connect ip is  192.168.43.186
[51500.714781]                           old connect ip is  192.168.43.237
[51500.721440]                                     but it isn't seted ip , so close it
[51501.248022] accepted a http connect , new connect ip is  192.168.43.186
[51501.254787]                           old connect ip is  192.168.43.237
[51501.261439]                                     but it isn't seted ip , so close it
[51501.788232] accepted a http connect , new connect ip is  192.168.43.186
[51501.794990]                           old connect ip is  192.168.43.237
[51501.801722]                                     but it isn't seted ip , so close it
[51502.328675] accepted a http connect , new connect ip is  192.168.43.186
[51502.335432]                           old connect ip is  192.168.43.237
[51502.342099]                                     but it isn't seted ip , so close it
[51502.838419] *********** [Normal_MIU0] is still reclaimalbe !! *************
[51502.868050] accepted a http connect , new connect ip is  192.168.43.186
[51502.874869]                           old connect ip is  192.168.43.237
[51502.881600]                                     but it isn't seted ip , so close it
[51503.396466] accepted a http connect , new connect ip is  192.168.43.186
[51503.403249]                           old connect ip is  192.168.43.237
[51503.409898]                                     but it isn't seted ip , so close it
[51503.925101] accepted a http connect , new connect ip is  192.168.43.186
[51503.931877]                           old connect ip is  192.168.43.237
[51503.938565]                                     but it isn't seted ip , so close it
[51504.456940] accepted a http connect , new connect ip is  192.168.43.186
[51504.463721]                           old connect ip is  192.168.43.237
[51504.470386]                                     but it isn't seted ip , so close it
[51504.998582] accepted a http connect , new connect ip is  192.168.43.186
[51505.005469]                           old connect ip is  192.168.43.237
[51505.012161]                                     but it isn't seted ip , so close it
[51505.527815] accepted a http connect , new connect ip is  192.168.43.186
[51505.534594]                           old connect ip is  192.168.43.237
[51505.541270]                                     but it isn't seted ip , so close it
[51506.069204] accepted a http connect , new connect ip is  192.168.43.186
[51506.076284]                           old connect ip is  192.168.43.237
[51506.083027]                                     but it isn't seted ip , so close it
[51506.608403] accepted a http connect , new connect ip is  192.168.43.186
[51506.615165]                           old connect ip is  192.168.43.237
[51506.621809]                                     but it isn't seted ip , so close it
[51507.148090] accepted a http connect , new connect ip is  192.168.43.186
[51507.154859]                           old connect ip is  192.168.43.237
[51507.161521]                                     but it isn't seted ip , so close it
[51507.688276] *********** [Normal_MIU0] is still reclaimalbe !! *************
[51507.696921] accepted a http connect , new connect ip is  192.168.43.186
[51507.703595]                           old connect ip is  192.168.43.237
[51507.710416]                                     but it isn't seted ip , so close it
[51508.228001] accepted a http connect , new connect ip is  192.168.43.186
[51508.234770]                           old connect ip is  192.168.43.237
[51508.241423]                                     but it isn't seted ip , so close it
[51508.768136] accepted a http connect , new connect ip is  192.168.43.186
[51508.774908]                           old connect ip is  192.168.43.237
[51508.781612]                                     but it isn't seted ip , so close it
[51509.312012] accepted a http connect , new connect ip is  192.168.43.186
[51509.318773]                           old connect ip is  192.168.43.237
[51509.325418]                                     but it isn't seted ip , so close it
[51509.850319] accepted a http connect , new connect ip is  192.168.43.186
[51509.857107]                           old connect ip is  192.168.43.237
[51509.863763]                                     but it isn't seted ip , so close it
[51510.380965] accepted a http connect , new connect ip is  192.168.43.186
[51510.387763]                           old connect ip is  192.168.43.237
[51510.394458]                                     but it isn't seted ip , so close it
[51510.918350] accepted a http connect , new connect ip is  192.168.43.186
[51510.925218]                           old connect ip is  192.168.43.237
[51510.931917]                                     but it isn't seted ip , so close it
[51511.446267] accepted a http connect , new connect ip is  192.168.43.186
[51511.452945]                           old connect ip is  192.168.43.237
[51511.459595]                                     but it isn't seted ip , so close it
[51511.836661] *********** [Normal_MIU0] is still reclaimalbe !! *************
[51511.979167] accepted a http connect , new connect ip is  192.168.43.186
[51511.985891]                           old connect ip is  192.168.43.237
[51511.992576]                                     but it isn't seted ip , so close it
[51512.510395] accepted a http connect , new connect ip is  192.168.43.186
[51512.517149]                           old connect ip is  192.168.43.237
[51512.523806]                                     but it isn't seted ip , so close it
[51513.048224] accepted a http connect , new connect ip is  192.168.43.186
[51513.055010]                           old connect ip is  192.168.43.237
[51513.061652]                                     but it isn't seted ip , so close it
[51513.441536] *********** [Normal_MIU0] is still reclaimalbe !! *************
[51513.448565] *********** [Normal_MIU0] is still reclaimalbe !! *************
[51513.455577] *********** [Normal_MIU0] is still reclaimalbe !! *************
[51513.462580] *********** [Normal_MIU0] is still reclaimalbe !! *************
[51513.576757] accepted a http connect , new connect ip is  192.168.43.186
[51513.583485]                           old connect ip is  192.168.43.237
[51513.590134]                                     but it isn't seted ip , so close it
[51514.108105] accepted a http connect , new connect ip is  192.168.43.186
[51514.114890]                           old connect ip is  192.168.43.237
[51514.121561]                                     but it isn't seted ip , so close it
[51514.638374] accepted a http connect , new connect ip is  192.168.43.186
[51514.645147]                           old connect ip is  192.168.43.237
[51514.651807]                                     but it isn't seted ip , so close it
[51515.178429] accepted a http connect , new connect ip is  192.168.43.186
[51515.185237]                           old connect ip is  192.168.43.237
[51515.191947]                                     but it isn't seted ip , so close it
[51515.717489] accepted a http connect , new connect ip is  192.168.43.186
[51515.724258]                           old connect ip is  192.168.43.237
[51515.730920]                                     but it isn't seted ip , so close it
[51516.257952] accepted a http connect , new connect ip is  192.168.43.186
[51516.264836]                           old connect ip is  192.168.43.237
[51516.271533]                                     but it isn't seted ip , so close it
[51516.798374] accepted a http connect , new connect ip is  192.168.43.186
[51516.805263]                           old connect ip is  192.168.43.237
[51516.811948]                                     but it isn't seted ip , so close it
[51517.340745] accepted a http connect , new connect ip is  192.168.43.186
[51517.347537]                           old connect ip is  192.168.43.237
[51517.354203]                                     but it isn't seted ip , so close it
[51517.877963] accepted a http connect , new connect ip is  192.168.43.186
[51517.884703]                           old connect ip is  192.168.43.237
[51517.891440]                                     but it isn't seted ip , so close it
[51518.411528] accepted a http connect , new connect ip is  192.168.43.186
[51518.418313]                           old connect ip is  192.168.43.237
[51518.424974]                                     but it isn't seted ip , so close it
[51518.949570] accepted a http connect , new connect ip is  192.168.43.186
[51518.956341]                           old connect ip is  192.168.43.237
[51518.963004]                                     but it isn't seted ip , so close it
[51519.476798] accepted a http connect , new connect ip is  192.168.43.186
[51519.483584]                           old connect ip is  192.168.43.237
[51519.490262]                                     but it isn't seted ip , so close it
[51520.008299] accepted a http connect , new connect ip is  192.168.43.186
[51520.015148]                           old connect ip is  192.168.43.237
[51520.021813]                                     but it isn't seted ip , so close it
[51520.537257] accepted a http connect , new connect ip is  192.168.43.186
[51520.543994]                           old connect ip is  192.168.43.237
[51520.550650]                                     but it isn't seted ip , so close it
[51521.067837] accepted a http connect , new connect ip is  192.168.43.186
[51521.074620]                           old connect ip is  192.168.43.237
[51521.081276]                                     but it isn't seted ip , so close it
[51521.595311] accepted a http connect , new connect ip is  192.168.43.186
[51521.602220]                           old connect ip is  192.168.43.237
[51521.608949]                                     but it isn't seted ip , so close it
[51522.138027] accepted a http connect , new connect ip is  192.168.43.186
[51522.144870]                           old connect ip is  192.168.43.237
[51522.151573]                                     but it isn't seted ip , so close it
[51522.584554] *********** [Normal_MIU0] is still reclaimalbe !! *************
[51522.679466] accepted a http connect , new connect ip is  192.168.43.186
[51522.686305]                           old connect ip is  192.168.43.237
[51522.692980]                                     but it isn't seted ip , so close it
[51523.218025] accepted a http connect , new connect ip is  192.168.43.186
[51523.224779]                           old connect ip is  192.168.43.237
[51523.231451]                                     but it isn't seted ip , so close it
[51523.758150] accepted a http connect , new connect ip is  192.168.43.186
[51523.765028]                           old connect ip is  192.168.43.237
[51523.771701]                                     but it isn't seted ip , so close it
[51524.297892] accepted a http connect , new connect ip is  192.168.43.186
[51524.304665]                           old connect ip is  192.168.43.237
[51524.311318]                                     but it isn't seted ip , so close it
[51524.397316] *********** [Normal_MIU0] is still reclaimalbe !! *************
[51524.837980] accepted a http connect , new connect ip is  192.168.43.186
[51524.844747]                           old connect ip is  192.168.43.237
[51524.851404]                                     but it isn't seted ip , so close it
[51525.378828] accepted a http connect , new connect ip is  192.168.43.186
[51525.385596]                           old connect ip is  192.168.43.237
[51525.392253]                                     but it isn't seted ip , so close it
[51525.911208] accepted a http connect , new connect ip is  192.168.43.186
[51525.917949]                           old connect ip is  192.168.43.237
[51525.924728]                                     but it isn't seted ip , so close it
[51526.438923] accepted a http connect , new connect ip is  192.168.43.186
[51526.445671]                           old connect ip is  192.168.43.237
[51526.452398]                                     but it isn't seted ip , so close it
[51526.978275] accepted a http connect , new connect ip is  192.168.43.186
[51526.985053]                           old connect ip is  192.168.43.237
[51526.991711]                                     but it isn't seted ip , so close it
[51527.505754] accepted a http connect , new connect ip is  192.168.43.186
[51527.512531]                           old connect ip is  192.168.43.237
[51527.519194]                                     but it isn't seted ip , so close it
[51528.033747] accepted a http connect , new connect ip is  192.168.43.186
[51528.040556]                           old connect ip is  192.168.43.237
[51528.047239]                                     but it isn't seted ip , so close it
[51528.561501] accepted a http connect , new connect ip is  192.168.43.186
[51528.568277]                           old connect ip is  192.168.43.237
[51528.574987]                                     but it isn't seted ip , so close it
[51529.110055] accepted a http connect , new connect ip is  192.168.43.186
[51529.116848]                           old connect ip is  192.168.43.237
[51529.123539]                                     but it isn't seted ip , so close it
[51529.647917] accepted a http connect , new connect ip is  192.168.43.186
[51529.654685]                           old connect ip is  192.168.43.237
[51529.661345]                                     but it isn't seted ip , so close it
[51530.187951] accepted a http connect , new connect ip is  192.168.43.186
[51530.194629]                           old connect ip is  192.168.43.237
[51530.201268]                                     but it isn't seted ip , so close it
[51530.717895] accepted a http connect , new connect ip is  192.168.43.186
[51530.724649]                           old connect ip is  192.168.43.237
[51530.731300]                                     but it isn't seted ip , so close it
[51531.257951] accepted a http connect , new connect ip is  192.168.43.186
[51531.264730]                           old connect ip is  192.168.43.237
[51531.271391]                                     but it isn't seted ip , so close it
[51531.798004] accepted a http connect , new connect ip is  192.168.43.186
[51531.804790]                           old connect ip is  192.168.43.237
[51531.811437]                                     but it isn't seted ip , so close it
[51532.337860] accepted a http connect , new connect ip is  192.168.43.186
[51532.344602]                           old connect ip is  192.168.43.237
[51532.351274]                                     but it isn't seted ip , so close it
[51532.867765] accepted a http connect , new connect ip is  192.168.43.186
[51532.874517]                           old connect ip is  192.168.43.237
[51532.881178]                                     but it isn't seted ip , so close it
[51533.409659] accepted a http connect , new connect ip is  192.168.43.186
[51533.416471]                           old connect ip is  192.168.43.237
[51533.423131]                                     but it isn't seted ip , so close it
[51533.947940] accepted a http connect , new connect ip is  192.168.43.186
[51533.954699]                           old connect ip is  192.168.43.237
[51533.961433]                                     but it isn't seted ip , so close it
[51534.476768] accepted a http connect , new connect ip is  192.168.43.186
[51534.483528]                           old connect ip is  192.168.43.237
[51534.490286]                                     but it isn't seted ip , so close it
[51535.018233] accepted a http connect , new connect ip is  192.168.43.186
[51535.025088]                           old connect ip is  192.168.43.237
[51535.031778]                                     but it isn't seted ip , so close it
[51535.556843] accepted a http connect , new connect ip is  192.168.43.186
[51535.563607]                           old connect ip is  192.168.43.237
[51535.570295]                                     but it isn't seted ip , so close it
[51536.087905] accepted a http connect , new connect ip is  192.168.43.186
[51536.094739]                           old connect ip is  192.168.43.237
[51536.101402]                                     but it isn't seted ip , so close it
[51536.615489] accepted a http connect , new connect ip is  192.168.43.186
[51536.622239]                           old connect ip is  192.168.43.237
[51536.628877]                                     but it isn't seted ip , so close it
[51537.157917] accepted a http connect , new connect ip is  192.168.43.186
[51537.164704]                           old connect ip is  192.168.43.237
[51537.171358]                                     but it isn't seted ip , so close it
[51537.697734] accepted a http connect , new connect ip is  192.168.43.186
[51537.704474]                           old connect ip is  192.168.43.237
[51537.711391]                                     but it isn't seted ip , so close it
[51538.226232] accepted a http connect , new connect ip is  192.168.43.186
[51538.232975]                           old connect ip is  192.168.43.237
[51538.239645]                                     but it isn't seted ip , so close it
[51538.757795] accepted a http connect , new connect ip is  192.168.43.186
[51538.764541]                           old connect ip is  192.168.43.237
[51538.771206]                                     but it isn't seted ip , so close it
[51539.297597] accepted a http connect , new connect ip is  192.168.43.186
[51539.304366]                           old connect ip is  192.168.43.237
[51539.311010]                                     but it isn't seted ip , so close it
[51539.827585] accepted a http connect , new connect ip is  192.168.43.186
[51539.834335]                           old connect ip is  192.168.43.237
[51539.840988]                                     but it isn't seted ip , so close it
[51540.368299] accepted a http connect , new connect ip is  192.168.43.186
[51540.375096]                           old connect ip is  192.168.43.237
[51540.381766]                                     but it isn't seted ip , so close it
[51540.908023] accepted a http connect , new connect ip is  192.168.43.186
[51540.914818]                           old connect ip is  192.168.43.237
[51540.921552]                                     but it isn't seted ip , so close it
[51541.439221] accepted a http connect , new connect ip is  192.168.43.186
[51541.446044]                           old connect ip is  192.168.43.237
[51541.452751]                                     but it isn't seted ip , so close it
[51541.978141] accepted a http connect , new connect ip is  192.168.43.186
[51541.984990]                           old connect ip is  192.168.43.237
[51541.991660]                                     but it isn't seted ip , so close it
[51542.511141] accepted a http connect , new connect ip is  192.168.43.186
[51542.517901]                           old connect ip is  192.168.43.237
[51542.524676]                                     but it isn't seted ip , so close it
[51543.047924] accepted a http connect , new connect ip is  192.168.43.186
[51543.054706]                           old connect ip is  192.168.43.237
[51543.061359]                                     but it isn't seted ip , so close it
[51543.575472] accepted a http connect , new connect ip is  192.168.43.186
[51543.582363]                           old connect ip is  192.168.43.237
[51543.589033]                                     but it isn't seted ip , so close it
[51544.102796] accepted a http connect , new connect ip is  192.168.43.186
[51544.109523]                           old connect ip is  192.168.43.237
[51544.116320]                                     but it isn't seted ip , so close it
[51544.637654] accepted a http connect , new connect ip is  192.168.43.186
[51544.644406]                           old connect ip is  192.168.43.237
[51544.651066]                                     but it isn't seted ip , so close it
[51545.177651] accepted a http connect , new connect ip is  192.168.43.186
[51545.184511]                           old connect ip is  192.168.43.237
[51545.191260]                                     but it isn't seted ip , so close it
[51545.718558] accepted a http connect , new connect ip is  192.168.43.186
[51545.725290]                           old connect ip is  192.168.43.237
[51545.731933]                                     but it isn't seted ip , so close it
[51546.259558] accepted a http connect , new connect ip is  192.168.43.186
[51546.266305]                           old connect ip is  192.168.43.237
[51546.272962]                                     but it isn't seted ip , so close it
[51546.797789] accepted a http connect , new connect ip is  192.168.43.186
[51546.804575]                           old connect ip is  192.168.43.237
[51546.811246]                                     but it isn't seted ip , so close it
[51547.338638] accepted a http connect , new connect ip is  192.168.43.186
[51547.345439]                           old connect ip is  192.168.43.237
[51547.352096]                                     but it isn't seted ip , so close it
[51547.877798] accepted a http connect , new connect ip is  192.168.43.186
[51547.884555]                           old connect ip is  192.168.43.237
[51547.891197]                                     but it isn't seted ip , so close it
[51548.417720] accepted a http connect , new connect ip is  192.168.43.186
[51548.424505]                           old connect ip is  192.168.43.237
[51548.431153]                                     but it isn't seted ip , so close it
[51548.958683] accepted a http connect , new connect ip is  192.168.43.186
[51548.965419]                           old connect ip is  192.168.43.237
[51548.972109]                                     but it isn't seted ip , so close it
[51549.486396] accepted a http connect , new connect ip is  192.168.43.186
[51549.493140]                           old connect ip is  192.168.43.237
[51549.499814]                                     but it isn't seted ip , so close it
[51550.017725] accepted a http connect , new connect ip is  192.168.43.186
[51550.024487]                           old connect ip is  192.168.43.237
[51550.031251]                                     but it isn't seted ip , so close it
[51550.551866] accepted a http connect , new connect ip is  192.168.43.186
[51550.558710]                           old connect ip is  192.168.43.237
[51550.565381]                                     but it isn't seted ip , so close it
[51551.097152] accepted a http connect , new connect ip is  192.168.43.186
[51551.103923]                           old connect ip is  192.168.43.237
[51551.110585]                                     but it isn't seted ip , so close it
[51551.625414] accepted a http connect , new connect ip is  192.168.43.186
[51551.632198]                           old connect ip is  192.168.43.237
[51551.638881]                                     but it isn't seted ip , so close it
[51552.153433] accepted a http connect , new connect ip is  192.168.43.186
[51552.160248]                           old connect ip is  192.168.43.237
[51552.166913]                                     but it isn't seted ip , so close it
[51552.687708] accepted a http connect , new connect ip is  192.168.43.186
[51552.694486]                           old connect ip is  192.168.43.237
[51552.701149]                                     but it isn't seted ip , so close it
[51553.228317] accepted a http connect , new connect ip is  192.168.43.186
[51553.235145]                           old connect ip is  192.168.43.237
[51553.241820]                                     but it isn't seted ip , so close it
[51553.767626] accepted a http connect , new connect ip is  192.168.43.186
[51553.774409]                           old connect ip is  192.168.43.237
[51553.781063]                                     but it isn't seted ip , so close it
[51554.307596] accepted a http connect , new connect ip is  192.168.43.186
[51554.314363]                           old connect ip is  192.168.43.237
[51554.321036]                                     but it isn't seted ip , so close it
[51554.847601] accepted a http connect , new connect ip is  192.168.43.186
[51554.854347]                           old connect ip is  192.168.43.237
[51554.861005]                                     but it isn't seted ip , so close it
[51555.388043] accepted a http connect , new connect ip is  192.168.43.186
[51555.394801]                           old connect ip is  192.168.43.237
[51555.401468]                                     but it isn't seted ip , so close it
[51555.927698] accepted a http connect , new connect ip is  192.168.43.186
[51555.934459]                           old connect ip is  192.168.43.237
[51555.941353]                                     but it isn't seted ip , so close it
[51556.456090] accepted a http connect , new connect ip is  192.168.43.186
[51556.462866]                           old connect ip is  192.168.43.237
[51556.469526]                                     but it isn't seted ip , so close it
[51556.997700] accepted a http connect , new connect ip is  192.168.43.186
[51557.004468]                           old connect ip is  192.168.43.237
[51557.011131]                                     but it isn't seted ip , so close it
[51557.525819] accepted a http connect , new connect ip is  192.168.43.186
[51557.532619]                           old connect ip is  192.168.43.237
[51557.539277]                                     but it isn't seted ip , so close it
[51558.067643] accepted a http connect , new connect ip is  192.168.43.186
[51558.074482]                           old connect ip is  192.168.43.237
[51558.081143]                                     but it isn't seted ip , so close it
[51558.597322] accepted a http connect , new connect ip is  192.168.43.186
[51558.604130]                           old connect ip is  192.168.43.237
[51558.610782]                                     but it isn't seted ip , so close it
[51559.137424] accepted a http connect , new connect ip is  192.168.43.186
[51559.144194]                           old connect ip is  192.168.43.237
[51559.150849]                                     but it isn't seted ip , so close it
[51559.677653] accepted a http connect , new connect ip is  192.168.43.186
[51559.684462]                           old connect ip is  192.168.43.237
[51559.691126]                                     but it isn't seted ip , so close it
[51560.217682] accepted a http connect , new connect ip is  192.168.43.186
[51560.224442]                           old connect ip is  192.168.43.237
[51560.231088]                                     but it isn't seted ip , so close it
[51560.757734] accepted a http connect , new connect ip is  192.168.43.186
[51560.764510]                           old connect ip is  192.168.43.237
[51560.771187]                                     but it isn't seted ip , so close it
[51561.297795] accepted a http connect , new connect ip is  192.168.43.186
[51561.304568]                           old connect ip is  192.168.43.237
[51561.311299]                                     but it isn't seted ip , so close it
[51561.837576] accepted a http connect , new connect ip is  192.168.43.186
[51561.844330]                           old connect ip is  192.168.43.237
[51561.850981]                                     but it isn't seted ip , so close it
[51562.377876] accepted a http connect , new connect ip is  192.168.43.186
[51562.384640]                           old connect ip is  192.168.43.237
[51562.391283]                                     but it isn't seted ip , so close it
[51562.917775] accepted a http connect , new connect ip is  192.168.43.186
[51562.924567]                           old connect ip is  192.168.43.237
[51562.931212]                                     but it isn't seted ip , so close it
[51563.459648] accepted a http connect , new connect ip is  192.168.43.186
[51563.466482]                           old connect ip is  192.168.43.237
[51563.473204]                                     but it isn't seted ip , so close it
[51563.988759] accepted a http connect , new connect ip is  192.168.43.186
[51563.995618]                           old connect ip is  192.168.43.237
[51564.002400]                                     but it isn't seted ip , so close it
[51564.516171] accepted a http connect , new connect ip is  192.168.43.186
[51564.522961]                           old connect ip is  192.168.43.237
[51564.529630]                                     but it isn't seted ip , so close it
[51565.057913] accepted a http connect , new connect ip is  192.168.43.186
[51565.064768]                           old connect ip is  192.168.43.237
[51565.071462]                                     but it isn't seted ip , so close it
[51565.586744] accepted a http connect , new connect ip is  192.168.43.186
[51565.593501]                           old connect ip is  192.168.43.237
[51565.600174]                                     but it isn't seted ip , so close it
[51566.117443] accepted a http connect , new connect ip is  192.168.43.186
[51566.124206]                           old connect ip is  192.168.43.237
[51566.130858]                                     but it isn't seted ip , so close it
[51566.645371] accepted a http connect , new connect ip is  192.168.43.186
[51566.652228]                           old connect ip is  192.168.43.237
[51566.658914]                                     but it isn't seted ip , so close it
[51567.177604] accepted a http connect , new connect ip is  192.168.43.186
[51567.184369]                           old connect ip is  192.168.43.237
[51567.191021]                                     but it isn't seted ip , so close it
[51567.717846] accepted a http connect , new connect ip is  192.168.43.186
[51567.724759]                           old connect ip is  192.168.43.237
[51567.731430]                                     but it isn't seted ip , so close it
[51568.257396] accepted a http connect , new connect ip is  192.168.43.186
[51568.264184]                           old connect ip is  192.168.43.237
[51568.270837]                                     but it isn't seted ip , so close it
[51568.801270] accepted a http connect , new connect ip is  192.168.43.186
[51568.808024]                           old connect ip is  192.168.43.237
[51568.814679]                                     but it isn't seted ip , so close it
[51569.337506] accepted a http connect , new connect ip is  192.168.43.186
[51569.344238]                           old connect ip is  192.168.43.237
[51569.350912]                                     but it isn't seted ip , so close it
[51569.877511] accepted a http connect , new connect ip is  192.168.43.186
[51569.884288]                           old connect ip is  192.168.43.237
[51569.890935]                                     but it isn't seted ip , so close it
[51570.417506] accepted a http connect , new connect ip is  192.168.43.186
[51570.424285]                           old connect ip is  192.168.43.237
[51570.430940]                                     but it isn't seted ip , so close it
[51570.957249] accepted a http connect , new connect ip is  192.168.43.186
[51570.964090]                           old connect ip is  192.168.43.237
[51570.970799]                                     but it isn't seted ip , so close it
[51571.488549] accepted a http connect , new connect ip is  192.168.43.186
[51571.495316]                           old connect ip is  192.168.43.237
[51571.501982]                                     but it isn't seted ip , so close it
[51572.027548] accepted a http connect , new connect ip is  192.168.43.186
[51572.034320]                           old connect ip is  192.168.43.237
[51572.041113]                                     but it isn't seted ip , so close it
[51572.555030] accepted a http connect , new connect ip is  192.168.43.186
[51572.561767]                           old connect ip is  192.168.43.237
[51572.568435]                                     but it isn't seted ip , so close it
[51573.097507] accepted a http connect , new connect ip is  192.168.43.186
[51573.104250]                           old connect ip is  192.168.43.237
[51573.110947]                                     but it isn't seted ip , so close it
[51573.624827] accepted a http connect , new connect ip is  192.168.43.186
[51573.631578]                           old connect ip is  192.168.43.237
[51573.638241]                                     but it isn't seted ip , so close it
[51574.157638] accepted a http connect , new connect ip is  192.168.43.186
[51574.164425]                           old connect ip is  192.168.43.237
[51574.171071]                                     but it isn't seted ip , so close it
[51574.685136] accepted a http connect , new connect ip is  192.168.43.186
[51574.691889]                           old connect ip is  192.168.43.237
[51574.698550]                                     but it isn't seted ip , so close it
[51575.217407] accepted a http connect , new connect ip is  192.168.43.186
[51575.224181]                           old connect ip is  192.168.43.237
[51575.230839]                                     but it isn't seted ip , so close it
[51575.757353] accepted a http connect , new connect ip is  192.168.43.186
[51575.764158]                           old connect ip is  192.168.43.237
[51575.770805]                                     but it isn't seted ip , so close it
[51576.297427] accepted a http connect , new connect ip is  192.168.43.186
[51576.304191]                           old connect ip is  192.168.43.237
[51576.310840]                                     but it isn't seted ip , so close it
[51576.837982] accepted a http connect , new connect ip is  192.168.43.186
[51576.844800]                           old connect ip is  192.168.43.237
[51576.851468]                                     but it isn't seted ip , so close it
[51577.377345] accepted a http connect , new connect ip is  192.168.43.186
[51577.384122]                           old connect ip is  192.168.43.237
[51577.390798]                                     but it isn't seted ip , so close it
[51577.917613] accepted a http connect , new connect ip is  192.168.43.186
[51577.924413]                           old connect ip is  192.168.43.237
[51577.931101]                                     but it isn't seted ip , so close it
[51578.457326] accepted a http connect , new connect ip is  192.168.43.186
[51578.464069]                           old connect ip is  192.168.43.237
[51578.470720]                                     but it isn't seted ip , so close it
[51578.997403] accepted a http connect , new connect ip is  192.168.43.186
[51579.004171]                           old connect ip is  192.168.43.237
[51579.010838]                                     but it isn't seted ip , so close it
[51579.524837] accepted a http connect , new connect ip is  192.168.43.186
[51579.531600]                           old connect ip is  192.168.43.237
[51579.538265]                                     but it isn't seted ip , so close it
[51580.054373] accepted a http connect , new connect ip is  192.168.43.186
[51580.061126]                           old connect ip is  192.168.43.237
[51580.067771]                                     but it isn't seted ip , so close it
[51580.584046] accepted a http connect , new connect ip is  192.168.43.186
[51580.590803]                           old connect ip is  192.168.43.237
[51580.597457]                                     but it isn't seted ip , so close it
[51581.117379] accepted a http connect , new connect ip is  192.168.43.186
[51581.124132]                           old connect ip is  192.168.43.237
[51581.130777]                                     but it isn't seted ip , so close it
[51581.645337] accepted a http connect , new connect ip is  192.168.43.186
[51581.652079]                           old connect ip is  192.168.43.237
[51581.658767]                                     but it isn't seted ip , so close it
[51582.177290] accepted a http connect , new connect ip is  192.168.43.186
[51582.184047]                           old connect ip is  192.168.43.237
[51582.190913]                                     but it isn't seted ip , so close it
[51582.708167] accepted a http connect , new connect ip is  192.168.43.186
[51582.714945]                           old connect ip is  192.168.43.237
[51582.721649]                                     but it isn't seted ip , so close it
[51583.247618] accepted a http connect , new connect ip is  192.168.43.186
[51583.254399]                           old connect ip is  192.168.43.237
[51583.261096]                                     but it isn't seted ip , so close it
[51583.787321] accepted a http connect , new connect ip is  192.168.43.186
[51583.794067]                           old connect ip is  192.168.43.237
[51583.800771]                                     but it isn't seted ip , so close it
[51584.327265] accepted a http connect , new connect ip is  192.168.43.186
[51584.334029]                           old connect ip is  192.168.43.237
[51584.340677]                                     but it isn't seted ip , so close it
[51584.867420] accepted a http connect , new connect ip is  192.168.43.186
[51584.874190]                           old connect ip is  192.168.43.237
[51584.880838]                                     but it isn't seted ip , so close it
[51585.413009] accepted a http connect , new connect ip is  192.168.43.186
[51585.419760]                           old connect ip is  192.168.43.237
[51585.426402]                                     but it isn't seted ip , so close it
[51585.940134] accepted a http connect , new connect ip is  192.168.43.186
[51585.946867]                           old connect ip is  192.168.43.237
[51585.953537]                                     but it isn't seted ip , so close it
[51586.482541] accepted a http connect , new connect ip is  192.168.43.186
[51586.489295]                           old connect ip is  192.168.43.237
[51586.496001]                                     but it isn't seted ip , so close it
[51587.030459] accepted a http connect , new connect ip is  192.168.43.186
[51587.037274]                           old connect ip is  192.168.43.237
[51587.043960]                                     but it isn't seted ip , so close it
[51587.559529] accepted a http connect , new connect ip is  192.168.43.186
[51587.566317]                           old connect ip is  192.168.43.237
[51587.572998]                                     but it isn't seted ip , so close it
[51588.097889] accepted a http connect , new connect ip is  192.168.43.186
[51588.104639]                           old connect ip is  192.168.43.237
[51588.111364]                                     but it isn't seted ip , so close it
[51588.629569] accepted a http connect , new connect ip is  192.168.43.186
[51588.636365]                           old connect ip is  192.168.43.237
[51588.643063]                                     but it isn't seted ip , so close it
[51589.170432] accepted a http connect , new connect ip is  192.168.43.186
[51589.177217]                           old connect ip is  192.168.43.237
[51589.183876]                                     but it isn't seted ip , so close it
[51589.705315] accepted a http connect , new connect ip is  192.168.43.186
[51589.712074]                           old connect ip is  192.168.43.237
[51589.718813]                                     but it isn't seted ip , so close it
[51590.237488] accepted a http connect , new connect ip is  192.168.43.186
[51590.244253]                           old connect ip is  192.168.43.237
[51590.250906]                                     but it isn't seted ip , so close it
[51590.777340] accepted a http connect , new connect ip is  192.168.43.186
[51590.784147]                           old connect ip is  192.168.43.237
[51590.790792]                                     but it isn't seted ip , so close it
[51591.317294] accepted a http connect , new connect ip is  192.168.43.186
[51591.324058]                           old connect ip is  192.168.43.237
[51591.330721]                                     but it isn't seted ip , so close it
[51591.846613] accepted a http connect , new connect ip is  192.168.43.186
[51591.853360]                           old connect ip is  192.168.43.237
[51591.860010]                                     but it isn't seted ip , so close it
[51592.377383] accepted a http connect , new connect ip is  192.168.43.186
[51592.384139]                           old connect ip is  192.168.43.237
[51592.390828]                                     but it isn't seted ip , so close it
[51592.917445] accepted a http connect , new connect ip is  192.168.43.186
[51592.924299]                           old connect ip is  192.168.43.237
[51592.930981]                                     but it isn't seted ip , so close it
[51593.457159] accepted a http connect , new connect ip is  192.168.43.186
[51593.463905]                           old connect ip is  192.168.43.237
[51593.470594]                                     but it isn't seted ip , so close it
[51593.997285] accepted a http connect , new connect ip is  192.168.43.186
[51594.004049]                           old connect ip is  192.168.43.237
[51594.010699]                                     but it isn't seted ip , so close it
[51594.541067] accepted a http connect , new connect ip is  192.168.43.186
[51594.547796]                           old connect ip is  192.168.43.237
[51594.554460]                                     but it isn't seted ip , so close it
[51595.077649] accepted a http connect , new connect ip is  192.168.43.186
[51595.084498]                           old connect ip is  192.168.43.237
[51595.091196]                                     but it isn't seted ip , so close it
[51595.606909] accepted a http connect , new connect ip is  192.168.43.186
[51595.613737]                           old connect ip is  192.168.43.237
[51595.620431]                                     but it isn't seted ip , so close it
[51596.146729] accepted a http connect , new connect ip is  192.168.43.186
[51596.153500]                           old connect ip is  192.168.43.237
[51596.160171]                                     but it isn't seted ip , so close it
[51596.674509] accepted a http connect , new connect ip is  192.168.43.186
[51596.681253]                           old connect ip is  192.168.43.237
[51596.687914]                                     but it isn't seted ip , so close it
[51597.207306] accepted a http connect , new connect ip is  192.168.43.186
[51597.214172]                           old connect ip is  192.168.43.237
[51597.220851]                                     but it isn't seted ip , so close it
[51597.735686] accepted a http connect , new connect ip is  192.168.43.186
[51597.742435]                           old connect ip is  192.168.43.237
[51597.749122]                                     but it isn't seted ip , so close it
[51598.277145] accepted a http connect , new connect ip is  192.168.43.186
[51598.283829]                           old connect ip is  192.168.43.237
[51598.290469]                                     but it isn't seted ip , so close it
[51598.804534] accepted a http connect , new connect ip is  192.168.43.186
[51598.811219]                           old connect ip is  192.168.43.237
[51598.817862]                                     but it isn't seted ip , so close it
[51599.337305] accepted a http connect , new connect ip is  192.168.43.186
[51599.344000]                           old connect ip is  192.168.43.237
[51599.350651]                                     but it isn't seted ip , so close it
[51599.867409] accepted a http connect , new connect ip is  192.168.43.186
[51599.874109]                           old connect ip is  192.168.43.237
[51599.880785]                                     but it isn't seted ip , so close it
[51600.407978] accepted a http connect , new connect ip is  192.168.43.186
[51600.414678]                           old connect ip is  192.168.43.237
[51600.421342]                                     but it isn't seted ip , so close it
[51600.947288] accepted a http connect , new connect ip is  192.168.43.186
[51600.953955]                           old connect ip is  192.168.43.237
[51600.960600]                                     but it isn't seted ip , so close it
[51601.474473] accepted a http connect , new connect ip is  192.168.43.186
[51601.481264]                           old connect ip is  192.168.43.237
[51601.487982]                                     but it isn't seted ip , so close it
[51602.007237] accepted a http connect , new connect ip is  192.168.43.186
[51602.013978]                           old connect ip is  192.168.43.237
[51602.020635]                                     but it isn't seted ip , so close it
[51602.547284] accepted a http connect , new connect ip is  192.168.43.186
[51602.554086]                           old connect ip is  192.168.43.237
[51602.560759]                                     but it isn't seted ip , so close it
[51603.087170] accepted a http connect , new connect ip is  192.168.43.186
[51603.094008]                           old connect ip is  192.168.43.237
[51603.100688]                                     but it isn't seted ip , so close it
[51603.614606] accepted a http connect , new connect ip is  192.168.43.186
[51603.621354]                           old connect ip is  192.168.43.237
[51603.628010]                                     but it isn't seted ip , so close it
[51604.147196] accepted a http connect , new connect ip is  192.168.43.186
[51604.153949]                           old connect ip is  192.168.43.237
[51604.160616]                                     but it isn't seted ip , so close it
[51604.675908] accepted a http connect , new connect ip is  192.168.43.186
[51604.682673]                           old connect ip is  192.168.43.237
[51604.689322]                                     but it isn't seted ip , so close it
[51605.207100] accepted a http connect , new connect ip is  192.168.43.186
[51605.213847]                           old connect ip is  192.168.43.237
[51605.220498]                                     but it isn't seted ip , so close it
[51605.738685] accepted a http connect , new connect ip is  192.168.43.186
[51605.745430]                           old connect ip is  192.168.43.237
[51605.752079]                                     but it isn't seted ip , so close it
[51606.277208] accepted a http connect , new connect ip is  192.168.43.186
[51606.283983]                           old connect ip is  192.168.43.237
[51606.290746]                                     but it isn't seted ip , so close it
[51606.828726] accepted a http connect , new connect ip is  192.168.43.186
[51606.835693]                           old connect ip is  192.168.43.237
[51606.842402]                                     but it isn't seted ip , so close it
[51607.367269] accepted a http connect , new connect ip is  192.168.43.186
[51607.374039]                           old connect ip is  192.168.43.237
[51607.380732]                                     but it isn't seted ip , so close it
[51607.907260] accepted a http connect , new connect ip is  192.168.43.186
[51607.914015]                           old connect ip is  192.168.43.237
[51607.920669]                                     but it isn't seted ip , so close it
[51608.435590] accepted a http connect , new connect ip is  192.168.43.186
[51608.442370]                           old connect ip is  192.168.43.237
[51608.449024]                                     but it isn't seted ip , so close it
[51608.967162] accepted a http connect , new connect ip is  192.168.43.186
[51608.973915]                           old connect ip is  192.168.43.237
[51608.980565]                                     but it isn't seted ip , so close it
[51609.507311] accepted a http connect , new connect ip is  192.168.43.186
[51609.514169]                           old connect ip is  192.168.43.237
[51609.520894]                                     but it isn't seted ip , so close it
[51610.047281] accepted a http connect , new connect ip is  192.168.43.186
[51610.054040]                           old connect ip is  192.168.43.237
[51610.060713]                                     but it isn't seted ip , so close it
[51610.578363] accepted a http connect , new connect ip is  192.168.43.186
[51610.585111]                           old connect ip is  192.168.43.237
[51610.591765]                                     but it isn't seted ip , so close it
[51611.124441] accepted a http connect , new connect ip is  192.168.43.186
[51611.131248]                           old connect ip is  192.168.43.237
[51611.137925]                                     but it isn't seted ip , so close it
[51611.657262] accepted a http connect , new connect ip is  192.168.43.186
[51611.664012]                           old connect ip is  192.168.43.237
[51611.670668]                                     but it isn't seted ip , so close it
[51612.202826] accepted a http connect , new connect ip is  192.168.43.186
[51612.209563]                           old connect ip is  192.168.43.237
[51612.216350]                                     but it isn't seted ip , so close it
[51612.733398] accepted a http connect , new connect ip is  192.168.43.186
[51612.740093]                           old connect ip is  192.168.43.237
[51612.746762]                                     but it isn't seted ip , so close it
[51613.267100] accepted a http connect , new connect ip is  192.168.43.186
[51613.273785]                           old connect ip is  192.168.43.237
[51613.280435]                                     but it isn't seted ip , so close it
[51613.797043] accepted a http connect , new connect ip is  192.168.43.186
[51613.803815]                           old connect ip is  192.168.43.237
[51613.810466]                                     but it isn't seted ip , so close it
[51614.337021] accepted a http connect , new connect ip is  192.168.43.186
[51614.343767]                           old connect ip is  192.168.43.237
[51614.350447]                                     but it isn't seted ip , so close it
[51614.877078] accepted a http connect , new connect ip is  192.168.43.186
[51614.883828]                           old connect ip is  192.168.43.237
[51614.890477]                                     but it isn't seted ip , so close it
[51615.417126] accepted a http connect , new connect ip is  192.168.43.186
[51615.423881]                           old connect ip is  192.168.43.237
[51615.430532]                                     but it isn't seted ip , so close it
[51615.957442] accepted a http connect , new connect ip is  192.168.43.186
[51615.964217]                           old connect ip is  192.168.43.237
[51615.970874]                                     but it isn't seted ip , so close it
[51616.497037] accepted a http connect , new connect ip is  192.168.43.186
[51616.503808]                           old connect ip is  192.168.43.237
[51616.510481]                                     but it isn't seted ip , so close it
[51617.038273] accepted a http connect , new connect ip is  192.168.43.186
[51617.045009]                           old connect ip is  192.168.43.237
[51617.051654]                                     but it isn't seted ip , so close it
[51617.578116] accepted a http connect , new connect ip is  192.168.43.186
[51617.584934]                           old connect ip is  192.168.43.237
[51617.591599]                                     but it isn't seted ip , so close it
[51618.117085] accepted a http connect , new connect ip is  192.168.43.186
[51618.123846]                           old connect ip is  192.168.43.237
[51618.130504]                                     but it isn't seted ip , so close it
[51618.647951] accepted a http connect , new connect ip is  192.168.43.186
[51618.654762]                           old connect ip is  192.168.43.237
[51618.661430]                                     but it isn't seted ip , so close it
[51619.187880] accepted a http connect , new connect ip is  192.168.43.186
[51619.194669]                           old connect ip is  192.168.43.237
[51619.201371]                                     but it isn't seted ip , so close it
[51619.717862] accepted a http connect , new connect ip is  192.168.43.186
[51619.724616]                           old connect ip is  192.168.43.237
[51619.731325]                                     but it isn't seted ip , so close it
[51620.257120] accepted a http connect , new connect ip is  192.168.43.186
[51620.263863]                           old connect ip is  192.168.43.237
[51620.270530]                                     but it isn't seted ip , so close it
[51620.787019] accepted a http connect , new connect ip is  192.168.43.186
[51620.793820]                           old connect ip is  192.168.43.237
[51620.800509]                                     but it isn't seted ip , so close it
[51621.327080] accepted a http connect , new connect ip is  192.168.43.186
[51621.333833]                           old connect ip is  192.168.43.237
[51621.340497]                                     but it isn't seted ip , so close it
[51621.867155] accepted a http connect , new connect ip is  192.168.43.186
[51621.873925]                           old connect ip is  192.168.43.237
[51621.880631]                                     but it isn't seted ip , so close it
[51622.406955] accepted a http connect , new connect ip is  192.168.43.186
[51622.413699]                           old connect ip is  192.168.43.237
[51622.420343]                                     but it isn't seted ip , so close it
[51622.948636] accepted a http connect , new connect ip is  192.168.43.186
[51622.955422]                           old connect ip is  192.168.43.237
[51622.962078]                                     but it isn't seted ip , so close it
[51623.488044] accepted a http connect , new connect ip is  192.168.43.186
[51623.494817]                           old connect ip is  192.168.43.237
[51623.501460]                                     but it isn't seted ip , so close it
[51624.027974] accepted a http connect , new connect ip is  192.168.43.186
[51624.034762]                           old connect ip is  192.168.43.237
[51624.041426]                                     but it isn't seted ip , so close it
[51624.569352] accepted a http connect , new connect ip is  192.168.43.186
[51624.576203]                           old connect ip is  192.168.43.237
[51624.583027]                                     but it isn't seted ip , so close it
[51625.109342] accepted a http connect , new connect ip is  192.168.43.186
[51625.116028]                           old connect ip is  192.168.43.237
[51625.122666]                                     but it isn't seted ip , so close it
[51625.641974] accepted a http connect , new connect ip is  192.168.43.186
[51625.648639]                           old connect ip is  192.168.43.237
[51625.655281]                                     but it isn't seted ip , so close it
[51626.176952] accepted a http connect , new connect ip is  192.168.43.186
[51626.183694]                           old connect ip is  192.168.43.237
[51626.190341]                                     but it isn't seted ip , so close it
[51626.705795] accepted a http connect , new connect ip is  192.168.43.186
[51626.712565]                           old connect ip is  192.168.43.237
[51626.719216]                                     but it isn't seted ip , so close it
[51627.249372] accepted a http connect , new connect ip is  192.168.43.186
[51627.256172]                           old connect ip is  192.168.43.237
[51627.262823]                                     but it isn't seted ip , so close it
[51627.777325] accepted a http connect , new connect ip is  192.168.43.186
[51627.784156]                           old connect ip is  192.168.43.237
[51627.790836]                                     but it isn't seted ip , so close it
[51628.318774] accepted a http connect , new connect ip is  192.168.43.186
[51628.325606]                           old connect ip is  192.168.43.237
[51628.332397]                                     but it isn't seted ip , so close it
[51628.862037] accepted a http connect , new connect ip is  192.168.43.186
[51628.868948]                           old connect ip is  192.168.43.237
[51628.875755]                                     but it isn't seted ip , so close it
[51629.398041] accepted a http connect , new connect ip is  192.168.43.186
[51629.404785]                           old connect ip is  192.168.43.237
[51629.411435]                                     but it isn't seted ip , so close it
[51629.939023] accepted a http connect , new connect ip is  192.168.43.186
[51629.945767]                           old connect ip is  192.168.43.237
[51629.952434]                                     but it isn't seted ip , so close it
[51630.482098] accepted a http connect , new connect ip is  192.168.43.186
[51630.488890]                           old connect ip is  192.168.43.237
[51630.495565]                                     but it isn't seted ip , so close it
[51631.026968] accepted a http connect , new connect ip is  192.168.43.186
[51631.033744]                           old connect ip is  192.168.43.237
[51631.040409]                                     but it isn't seted ip , so close it
[51631.567063] accepted a http connect , new connect ip is  192.168.43.186
[51631.573773]                           old connect ip is  192.168.43.237
[51631.580430]                                     but it isn't seted ip , so close it
[51632.099450] accepted a http connect , new connect ip is  192.168.43.186
[51632.106119]                           old connect ip is  192.168.43.237
[51632.112769]                                     but it isn't seted ip , so close it
[51632.635593] accepted a http connect , new connect ip is  192.168.43.186
[51632.642270]                           old connect ip is  192.168.43.237
[51632.648925]                                     but it isn't seted ip , so close it
[51633.178961] accepted a http connect , new connect ip is  192.168.43.186
[51633.185641]                           old connect ip is  192.168.43.237
[51633.192276]                                     but it isn't seted ip , so close it
[51633.706176] accepted a http connect , new connect ip is  192.168.43.186
[51633.712852]                           old connect ip is  192.168.43.237
[51633.719486]                                     but it isn't seted ip , so close it
[51634.236886] accepted a http connect , new connect ip is  192.168.43.186
[51634.243677]                           old connect ip is  192.168.43.237
[51634.250349]                                     but it isn't seted ip , so close it
[51634.767387] accepted a http connect , new connect ip is  192.168.43.186
[51634.774129]                           old connect ip is  192.168.43.237
[51634.780800]                                     but it isn't seted ip , so close it
[51635.319383] accepted a http connect , new connect ip is  192.168.43.186
[51635.326123]                           old connect ip is  192.168.43.237
[51635.332793]                                     but it isn't seted ip , so close it
[51635.857142] accepted a http connect , new connect ip is  192.168.43.186
[51635.863892]                           old connect ip is  192.168.43.237
[51635.870565]                                     but it isn't seted ip , so close it
[51636.397709] accepted a http connect , new connect ip is  192.168.43.186
[51636.404491]                           old connect ip is  192.168.43.237
[51636.411258]                                     but it isn't seted ip , so close it
[51636.937968] accepted a http connect , new connect ip is  192.168.43.186
[51636.944770]                           old connect ip is  192.168.43.237
[51636.951419]                                     but it isn't seted ip , so close it
[51637.478020] accepted a http connect , new connect ip is  192.168.43.186
[51637.484926]                           old connect ip is  192.168.43.237
[51637.491618]                                     but it isn't seted ip , so close it
[51638.017918] accepted a http connect , new connect ip is  192.168.43.186
[51638.024703]                           old connect ip is  192.168.43.237
[51638.031362]                                     but it isn't seted ip , so close it
[51638.556840] accepted a http connect , new connect ip is  192.168.43.186
[51638.563619]                           old connect ip is  192.168.43.237
[51638.570272]                                     but it isn't seted ip , so close it
[51639.098546] accepted a http connect , new connect ip is  192.168.43.186
[51639.105297]                           old connect ip is  192.168.43.237
[51639.111946]                                     but it isn't seted ip , so close it
[51639.630078] accepted a http connect , new connect ip is  192.168.43.186
[51639.636843]                           old connect ip is  192.168.43.237
[51639.643497]                                     but it isn't seted ip , so close it
[51640.166781] accepted a http connect , new connect ip is  192.168.43.186
[51640.173519]                           old connect ip is  192.168.43.237
[51640.180191]                                     but it isn't seted ip , so close it
[51640.694799] accepted a http connect , new connect ip is  192.168.43.186
[51640.701571]                           old connect ip is  192.168.43.237
[51640.708220]                                     but it isn't seted ip , so close it
[51641.238101] accepted a http connect , new connect ip is  192.168.43.186
[51641.244853]                           old connect ip is  192.168.43.237
[51641.251514]                                     but it isn't seted ip , so close it
[51641.768120] accepted a http connect , new connect ip is  192.168.43.186
[51641.774918]                           old connect ip is  192.168.43.237
[51641.781568]                                     but it isn't seted ip , so close it
[51642.307125] accepted a http connect , new connect ip is  192.168.43.186
[51642.313919]                           old connect ip is  192.168.43.237
[51642.320588]                                     but it isn't seted ip , so close it
[51642.846966] accepted a http connect , new connect ip is  192.168.43.186
[51642.853782]                           old connect ip is  192.168.43.237
[51642.860439]                                     but it isn't seted ip , so close it
[51643.387939] accepted a http connect , new connect ip is  192.168.43.186
[51643.394836]                           old connect ip is  192.168.43.237
[51643.401528]                                     but it isn't seted ip , so close it
[51643.929443] accepted a http connect , new connect ip is  192.168.43.186
[51643.936247]                           old connect ip is  192.168.43.237
[51643.942924]                                     but it isn't seted ip , so close it
[51644.466977] accepted a http connect , new connect ip is  192.168.43.186
[51644.473742]                           old connect ip is  192.168.43.237
[51644.480403]                                     but it isn't seted ip , so close it
[51645.006874] accepted a http connect , new connect ip is  192.168.43.186
[51645.013649]                           old connect ip is  192.168.43.237
[51645.020299]                                     but it isn't seted ip , so close it
[51645.546705] accepted a http connect , new connect ip is  192.168.43.186
[51645.553503]                           old connect ip is  192.168.43.237
[51645.560149]                                     but it isn't seted ip , so close it
[51646.086939] accepted a http connect , new connect ip is  192.168.43.186
[51646.093770]                           old connect ip is  192.168.43.237
[51646.100452]                                     but it isn't seted ip , so close it
[51646.621673] accepted a http connect , new connect ip is  192.168.43.186
[51646.628437]                           old connect ip is  192.168.43.237
[51646.635123]                                     but it isn't seted ip , so close it
[51647.166874] accepted a http connect , new connect ip is  192.168.43.186
[51647.173705]                           old connect ip is  192.168.43.237
[51647.180375]                                     but it isn't seted ip , so close it
[51647.695427] accepted a http connect , new connect ip is  192.168.43.186
[51647.702161]                           old connect ip is  192.168.43.237
[51647.708829]                                     but it isn't seted ip , so close it
[51648.227779] accepted a http connect , new connect ip is  192.168.43.186
[51648.234524]                           old connect ip is  192.168.43.237
[51648.241182]                                     but it isn't seted ip , so close it
[51648.756852] accepted a http connect , new connect ip is  192.168.43.186
[51648.763629]                           old connect ip is  192.168.43.237
[51648.770300]                                     but it isn't seted ip , so close it
[51649.296783] accepted a http connect , new connect ip is  192.168.43.186
[51649.303566]                           old connect ip is  192.168.43.237
[51649.310255]                                     but it isn't seted ip , so close it
[51649.827367] accepted a http connect , new connect ip is  192.168.43.186
[51649.834139]                           old connect ip is  192.168.43.237
[51649.840796]                                     but it isn't seted ip , so close it
[51650.366785] accepted a http connect , new connect ip is  192.168.43.186
[51650.373599]                           old connect ip is  192.168.43.237
[51650.380252]                                     but it isn't seted ip , so close it
[51650.906861] accepted a http connect , new connect ip is  192.168.43.186
[51650.913624]                           old connect ip is  192.168.43.237
[51650.920290]                                     but it isn't seted ip , so close it
[51651.446872] accepted a http connect , new connect ip is  192.168.43.186
[51651.453635]                           old connect ip is  192.168.43.237
[51651.460294]                                     but it isn't seted ip , so close it
[51651.986704] accepted a http connect , new connect ip is  192.168.43.186
[51651.993465]                           old connect ip is  192.168.43.237
[51652.000207]                                     but it isn't seted ip , so close it
[51652.526940] accepted a http connect , new connect ip is  192.168.43.186
[51652.533707]                           old connect ip is  192.168.43.237
[51652.540354]                                     but it isn't seted ip , so close it
[51653.066767] accepted a http connect , new connect ip is  192.168.43.186
[51653.073522]                           old connect ip is  192.168.43.237
[51653.080175]                                     but it isn't seted ip , so close it
[51653.606746] accepted a http connect , new connect ip is  192.168.43.186
[51653.613516]                           old connect ip is  192.168.43.237
[51653.620227]                                     but it isn't seted ip , so close it
[51654.146683] accepted a http connect , new connect ip is  192.168.43.186
[51654.153428]                           old connect ip is  192.168.43.237
[51654.160076]                                     but it isn't seted ip , so close it
[51654.675882] accepted a http connect , new connect ip is  192.168.43.186
[51654.682557]                           old connect ip is  192.168.43.237
[51654.689210]                                     but it isn't seted ip , so close it
[51655.206785] accepted a http connect , new connect ip is  192.168.43.186
[51655.213448]                           old connect ip is  192.168.43.237
[51655.220111]                                     but it isn't seted ip , so close it
[51655.733988] accepted a http connect , new connect ip is  192.168.43.186
[51655.740684]                           old connect ip is  192.168.43.237
[51655.747345]                                     but it isn't seted ip , so close it
[51656.266910] accepted a http connect , new connect ip is  192.168.43.186
[51656.273607]                           old connect ip is  192.168.43.237
[51656.280261]                                     but it isn't seted ip , so close it
[51656.794336] accepted a http connect , new connect ip is  192.168.43.186
[51656.801031]                           old connect ip is  192.168.43.237
[51656.807675]                                     but it isn't seted ip , so close it
[51657.327816] accepted a http connect , new connect ip is  192.168.43.186
[51657.334672]                           old connect ip is  192.168.43.237
[51657.341357]                                     but it isn't seted ip , so close it
[51657.866600] accepted a http connect , new connect ip is  192.168.43.186
[51657.873351]                           old connect ip is  192.168.43.237
[51657.880024]                                     but it isn't seted ip , so close it
[51658.406080] accepted a http connect , new connect ip is  192.168.43.186
[51658.412921]                           old connect ip is  192.168.43.237
[51658.419592]                                     but it isn't seted ip , so close it
[51658.946516] accepted a http connect , new connect ip is  192.168.43.186
[51658.953291]                           old connect ip is  192.168.43.237
[51658.959934]                                     but it isn't seted ip , so close it
[51659.486666] accepted a http connect , new connect ip is  192.168.43.186
[51659.493423]                           old connect ip is  192.168.43.237
[51659.500079]                                     but it isn't seted ip , so close it
[51660.028406] accepted a http connect , new connect ip is  192.168.43.186
[51660.035180]                           old connect ip is  192.168.43.237
[51660.041874]                                     but it isn't seted ip , so close it
[51660.567875] accepted a http connect , new connect ip is  192.168.43.186
[51660.574756]                           old connect ip is  192.168.43.237
[51660.581448]                                     but it isn't seted ip , so close it
[51661.106809] accepted a http connect , new connect ip is  192.168.43.186
[51661.113571]                           old connect ip is  192.168.43.237
[51661.120285]                                     but it isn't seted ip , so close it
[51661.639318] accepted a http connect , new connect ip is  192.168.43.186
[51661.646097]                           old connect ip is  192.168.43.237
[51661.652772]                                     but it isn't seted ip , so close it
[51662.176655] accepted a http connect , new connect ip is  192.168.43.186
[51662.183426]                           old connect ip is  192.168.43.237
[51662.190081]                                     but it isn't seted ip , so close it
[51662.709609] accepted a http connect , new connect ip is  192.168.43.186
[51662.716387]                           old connect ip is  192.168.43.237
[51662.723088]                                     but it isn't seted ip , so close it
[51663.247606] accepted a http connect , new connect ip is  192.168.43.186
[51663.254419]                           old connect ip is  192.168.43.237
[51663.261099]                                     but it isn't seted ip , so close it
[51663.778843] accepted a http connect , new connect ip is  192.168.43.186
[51663.785709]                           old connect ip is  192.168.43.237
[51663.792415]                                     but it isn't seted ip , so close it
[51664.316631] accepted a http connect , new connect ip is  192.168.43.186
[51664.323376]                           old connect ip is  192.168.43.237
[51664.330027]                                     but it isn't seted ip , so close it
[51664.844003] accepted a http connect , new connect ip is  192.168.43.186
[51664.850795]                           old connect ip is  192.168.43.237
[51664.857460]                                     but it isn't seted ip , so close it
[51665.386630] accepted a http connect , new connect ip is  192.168.43.186
[51665.393399]                           old connect ip is  192.168.43.237
[51665.400108]                                     but it isn't seted ip , so close it
[51665.926570] accepted a http connect , new connect ip is  192.168.43.186
[51665.933320]                           old connect ip is  192.168.43.237
[51665.940002]                                     but it isn't seted ip , so close it
[51666.466657] accepted a http connect , new connect ip is  192.168.43.186
[51666.473422]                           old connect ip is  192.168.43.237
[51666.480080]                                     but it isn't seted ip , so close it
[51667.006699] accepted a http connect , new connect ip is  192.168.43.186
[51667.013494]                           old connect ip is  192.168.43.237
[51667.020147]                                     but it isn't seted ip , so close it
[51667.547212] accepted a http connect , new connect ip is  192.168.43.186
[51667.554026]                           old connect ip is  192.168.43.237
[51667.560671]                                     but it isn't seted ip , so close it
[51668.074619] accepted a http connect , new connect ip is  192.168.43.186
[51668.081364]                           old connect ip is  192.168.43.237
[51668.088048]                                     but it isn't seted ip , so close it
[51668.608235] accepted a http connect , new connect ip is  192.168.43.186
[51668.615010]                           old connect ip is  192.168.43.237
[51668.621680]                                     but it isn't seted ip , so close it
[51669.147646] accepted a http connect , new connect ip is  192.168.43.186
[51669.154493]                           old connect ip is  192.168.43.237
[51669.161216]                                     but it isn't seted ip , so close it
[51669.677527] accepted a http connect , new connect ip is  192.168.43.186
[51669.684291]                           old connect ip is  192.168.43.237
[51669.690946]                                     but it isn't seted ip , so close it
[51670.218698] accepted a http connect , new connect ip is  192.168.43.186
[51670.225429]                           old connect ip is  192.168.43.237
[51670.232073]                                     but it isn't seted ip , so close it
[51670.745857] accepted a http connect , new connect ip is  192.168.43.186
[51670.752630]                           old connect ip is  192.168.43.237
[51670.759282]                                     but it isn't seted ip , so close it
[51671.287325] accepted a http connect , new connect ip is  192.168.43.186
[51671.294077]                           old connect ip is  192.168.43.237
[51671.300740]                                     but it isn't seted ip , so close it
[51671.814484] accepted a http connect , new connect ip is  192.168.43.186
[51671.821213]                           old connect ip is  192.168.43.237
[51671.827881]                                     but it isn't seted ip , so close it
[51672.346824] accepted a http connect , new connect ip is  192.168.43.186
[51672.353595]                           old connect ip is  192.168.43.237
[51672.360262]                                     but it isn't seted ip , so close it
[51672.886757] accepted a http connect , new connect ip is  192.168.43.186
[51672.893694]                           old connect ip is  192.168.43.237
[51672.900412]                                     but it isn't seted ip , so close it
[51673.427573] accepted a http connect , new connect ip is  192.168.43.186
[51673.434362]                           old connect ip is  192.168.43.237
[51673.441027]                                     but it isn't seted ip , so close it
[51673.966530] accepted a http connect , new connect ip is  192.168.43.186
[51673.973281]                           old connect ip is  192.168.43.237
[51673.979983]                                     but it isn't seted ip , so close it
[51674.507281] accepted a http connect , new connect ip is  192.168.43.186
[51674.514058]                           old connect ip is  192.168.43.237
[51674.520709]                                     but it isn't seted ip , so close it
[51675.046441] accepted a http connect , new connect ip is  192.168.43.186
[51675.053211]                           old connect ip is  192.168.43.237
[51675.059870]                                     but it isn't seted ip , so close it
[51675.587276] accepted a http connect , new connect ip is  192.168.43.186
[51675.594031]                           old connect ip is  192.168.43.237
[51675.600686]                                     but it isn't seted ip , so close it
[51676.126417] accepted a http connect , new connect ip is  192.168.43.186
[51676.133162]                           old connect ip is  192.168.43.237
[51676.139832]                                     but it isn't seted ip , so close it
[51676.667470] *********** [Normal_MIU0] is still reclaimalbe !! *************
[51676.676280] accepted a http connect , new connect ip is  192.168.43.186
[51676.682960]                           old connect ip is  192.168.43.237
[51676.689623]                                     but it isn't seted ip , so close it
[51677.216954] accepted a http connect , new connect ip is  192.168.43.186
[51677.223695]                           old connect ip is  192.168.43.237
[51677.230343]                                     but it isn't seted ip , so close it
[51677.746426] accepted a http connect , new connect ip is  192.168.43.186
[51677.753188]                           old connect ip is  192.168.43.237
[51677.759845]                                     but it isn't seted ip , so close it
[51678.286437] accepted a http connect , new connect ip is  192.168.43.186
[51678.293201]                           old connect ip is  192.168.43.237
[51678.299930]                                     but it isn't seted ip , so close it
[51678.816401] accepted a http connect , new connect ip is  192.168.43.186
[51678.823176]                           old connect ip is  192.168.43.237
[51678.829863]                                     but it isn't seted ip , so close it
[51679.358298] accepted a http connect , new connect ip is  192.168.43.186
[51679.365087]                           old connect ip is  192.168.43.237
[51679.371741]                                     but it isn't seted ip , so close it
[51679.891628] accepted a http connect , new connect ip is  192.168.43.186
[51679.898472]                           old connect ip is  192.168.43.237
[51679.905151]                                     but it isn't seted ip , so close it
[51680.420108] accepted a http connect , new connect ip is  192.168.43.186
[51680.426905]                           old connect ip is  192.168.43.237
[51680.433574]                                     but it isn't seted ip , so close it
[51680.949702] accepted a http connect , new connect ip is  192.168.43.186
[51680.956493]                           old connect ip is  192.168.43.237
[51680.963163]                                     but it isn't seted ip , so close it
[51681.486312] accepted a http connect , new connect ip is  192.168.43.186
[51681.493049]                           old connect ip is  192.168.43.237
[51681.499703]                                     but it isn't seted ip , so close it
[51682.026423] accepted a http connect , new connect ip is  192.168.43.186
[51682.033188]                           old connect ip is  192.168.43.237
[51682.039831]                                     but it isn't seted ip , so close it
[51682.566519] accepted a http connect , new connect ip is  192.168.43.186
[51682.573265]                           old connect ip is  192.168.43.237
[51682.579918]                                     but it isn't seted ip , so close it
[51683.107252] accepted a http connect , new connect ip is  192.168.43.186
[51683.114057]                           old connect ip is  192.168.43.237
[51683.120732]                                     but it isn't seted ip , so close it
[51683.646498] accepted a http connect , new connect ip is  192.168.43.186
[51683.653264]                           old connect ip is  192.168.43.237
[51683.659917]                                     but it isn't seted ip , so close it
[51684.186429] accepted a http connect , new connect ip is  192.168.43.186
[51684.193212]                           old connect ip is  192.168.43.237
[51684.199859]                                     but it isn't seted ip , so close it
[51684.714502] accepted a http connect , new connect ip is  192.168.43.186
[51684.721188]                           old connect ip is  192.168.43.237
[51684.727833]                                     but it isn't seted ip , so close it
[51685.246488] accepted a http connect , new connect ip is  192.168.43.186
[51685.253255]                           old connect ip is  192.168.43.237
[51685.259915]                                     but it isn't seted ip , so close it
[51685.779413] accepted a http connect , new connect ip is  192.168.43.186
[51685.786108]                           old connect ip is  192.168.43.237
[51685.792789]                                     but it isn't seted ip , so close it
[51686.316337] accepted a http connect , new connect ip is  192.168.43.186
[51686.323087]                           old connect ip is  192.168.43.237
[51686.329813]                                     but it isn't seted ip , so close it
[51686.845036] accepted a http connect , new connect ip is  192.168.43.186
[51686.851792]                           old connect ip is  192.168.43.237
[51686.858456]                                     but it isn't seted ip , so close it
[51687.377907] accepted a http connect , new connect ip is  192.168.43.186
[51687.384745]                           old connect ip is  192.168.43.237
[51687.391427]                                     but it isn't seted ip , so close it
[51687.916374] accepted a http connect , new connect ip is  192.168.43.186
[51687.923149]                           old connect ip is  192.168.43.237
[51687.929800]                                     but it isn't seted ip , so close it
[51688.456511] accepted a http connect , new connect ip is  192.168.43.186
[51688.463311]                           old connect ip is  192.168.43.237
[51688.469978]                                     but it isn't seted ip , so close it
[51688.996326] accepted a http connect , new connect ip is  192.168.43.186
[51689.003102]                           old connect ip is  192.168.43.237
[51689.009751]                                     but it isn't seted ip , so close it
[51689.536047] accepted a http connect , new connect ip is  192.168.43.186
[51689.542851]                           old connect ip is  192.168.43.237
[51689.549495]                                     but it isn't seted ip , so close it
[51690.076440] accepted a http connect , new connect ip is  192.168.43.186
[51690.083199]                           old connect ip is  192.168.43.237
[51690.089864]                                     but it isn't seted ip , so close it
[51690.606659] accepted a http connect , new connect ip is  192.168.43.186
[51690.613429]                           old connect ip is  192.168.43.237
[51690.620092]                                     but it isn't seted ip , so close it
[51691.146866] accepted a http connect , new connect ip is  192.168.43.186
[51691.153694]                           old connect ip is  192.168.43.237
[51691.160373]                                     but it isn't seted ip , so close it
[51691.689233] accepted a http connect , new connect ip is  192.168.43.186
[51691.695927]                           old connect ip is  192.168.43.237
[51691.702572]                                     but it isn't seted ip , so close it
[51692.216005] accepted a http connect , new connect ip is  192.168.43.186
[51692.222867]                           old connect ip is  192.168.43.237
[51692.229629]                                     but it isn't seted ip , so close it
[51692.745044] accepted a http connect , new connect ip is  192.168.43.186
[51692.751816]                           old connect ip is  192.168.43.237
[51692.758518]                                     but it isn't seted ip , so close it
[51693.286616] accepted a http connect , new connect ip is  192.168.43.186
[51693.293408]                           old connect ip is  192.168.43.237
[51693.300074]                                     but it isn't seted ip , so close it
[51693.814157] accepted a http connect , new connect ip is  192.168.43.186
[51693.820932]                           old connect ip is  192.168.43.237
[51693.827592]                                     but it isn't seted ip , so close it
[51694.346774] accepted a http connect , new connect ip is  192.168.43.186
[51694.353521]                           old connect ip is  192.168.43.237
[51694.360177]                                     but it isn't seted ip , so close it
[51694.874163] accepted a http connect , new connect ip is  192.168.43.186
[51694.880930]                           old connect ip is  192.168.43.237
[51694.887588]                                     but it isn't seted ip , so close it
[51695.416599] accepted a http connect , new connect ip is  192.168.43.186
[51695.423390]                           old connect ip is  192.168.43.237
[51695.430042]                                     but it isn't seted ip , so close it
[51695.956475] accepted a http connect , new connect ip is  192.168.43.186
[51695.963256]                           old connect ip is  192.168.43.237
[51695.969922]                                     but it isn't seted ip , so close it
[51696.496499] accepted a http connect , new connect ip is  192.168.43.186
[51696.503269]                           old connect ip is  192.168.43.237
[51696.509932]                                     but it isn't seted ip , so close it
[51697.036964] accepted a http connect , new connect ip is  192.168.43.186
[51697.043807]                           old connect ip is  192.168.43.237
[51697.050477]                                     but it isn't seted ip , so close it
[51697.576362] accepted a http connect , new connect ip is  192.168.43.186
[51697.583134]                           old connect ip is  192.168.43.237
[51697.589777]                                     but it isn't seted ip , so close it
[51698.116254] accepted a http connect , new connect ip is  192.168.43.186
[51698.123061]                           old connect ip is  192.168.43.237
[51698.129712]                                     but it isn't seted ip , so close it
[51698.656301] accepted a http connect , new connect ip is  192.168.43.186
[51698.663046]                           old connect ip is  192.168.43.237
[51698.669696]                                     but it isn't seted ip , so close it
[51699.197328] *********** [Normal_MIU0] is still reclaimalbe !! *************
[51699.206342] accepted a http connect , new connect ip is  192.168.43.186
[51699.213019]                           old connect ip is  192.168.43.237
[51699.219694]                                     but it isn't seted ip , so close it
[51699.737502] accepted a http connect , new connect ip is  192.168.43.186
[51699.744266]                           old connect ip is  192.168.43.237
[51699.750914]                                     but it isn't seted ip , so close it
[51700.276263] accepted a http connect , new connect ip is  192.168.43.186
[51700.283013]                           old connect ip is  192.168.43.237
[51700.289700]                                     but it isn't seted ip , so close it
[51700.803228] accepted a http connect , new connect ip is  192.168.43.186
[51700.809962]                           old connect ip is  192.168.43.237
[51700.816641]                                     but it isn't seted ip , so close it
[51701.336281] accepted a http connect , new connect ip is  192.168.43.186
[51701.343033]                           old connect ip is  192.168.43.237
[51701.349688]                                     but it isn't seted ip , so close it
[51701.863737] accepted a http connect , new connect ip is  192.168.43.186
[51701.870495]                           old connect ip is  192.168.43.237
[51701.877179]                                     but it isn't seted ip , so close it
[51702.406334] accepted a http connect , new connect ip is  192.168.43.186
[51702.413087]                           old connect ip is  192.168.43.237
[51702.419738]                                     but it isn't seted ip , so close it
[51702.933761] accepted a http connect , new connect ip is  192.168.43.186
[51702.940579]                           old connect ip is  192.168.43.237
[51702.947244]                                     but it isn't seted ip , so close it
[51703.467633] accepted a http connect , new connect ip is  192.168.43.186
[51703.474407]                           old connect ip is  192.168.43.237
[51703.481070]                                     but it isn't seted ip , so close it
[51703.492952] *********** [Normal_MIU0] is still reclaimalbe !! *************
[51703.499986] *********** [Normal_MIU0] is still reclaimalbe !! *************
[51703.506998] *********** [Normal_MIU0] is still reclaimalbe !! *************
[51704.024503] accepted a http connect , new connect ip is  192.168.43.186
[51704.031266]                           old connect ip is  192.168.43.237
[51704.037971]                                     but it isn't seted ip , so close it
[51704.556497] accepted a http connect , new connect ip is  192.168.43.186
[51704.563325]                           old connect ip is  192.168.43.237
[51704.569976]                                     but it isn't seted ip , so close it
[51705.096340] accepted a http connect , new connect ip is  192.168.43.186
[51705.103083]                           old connect ip is  192.168.43.237
[51705.109734]                                     but it isn't seted ip , so close it
[51705.636231] accepted a http connect , new connect ip is  192.168.43.186
[51705.643026]                           old connect ip is  192.168.43.237
[51705.649685]                                     but it isn't seted ip , so close it
[51706.176207] accepted a http connect , new connect ip is  192.168.43.186
[51706.182971]                           old connect ip is  192.168.43.237
[51706.189635]                                     but it isn't seted ip , so close it
[51706.710321] accepted a http connect , new connect ip is  192.168.43.186
[51706.717135]                           old connect ip is  192.168.43.237
[51706.723816]                                     but it isn't seted ip , so close it
[51707.246388] accepted a http connect , new connect ip is  192.168.43.186
[51707.253138]                           old connect ip is  192.168.43.237
[51707.259821]                                     but it isn't seted ip , so close it
[51707.777278] accepted a http connect , new connect ip is  192.168.43.186
[51707.784033]                           old connect ip is  192.168.43.237
[51707.790685]                                     but it isn't seted ip , so close it
[51708.316306] accepted a http connect , new connect ip is  192.168.43.186
[51708.323061]                           old connect ip is  192.168.43.237
[51708.329745]                                     but it isn't seted ip , so close it
[51708.843947] accepted a http connect , new connect ip is  192.168.43.186
[51708.850747]                           old connect ip is  192.168.43.237
[51708.857414]                                     but it isn't seted ip , so close it
[51709.386432] accepted a http connect , new connect ip is  192.168.43.186
[51709.393222]                           old connect ip is  192.168.43.237
[51709.399889]                                     but it isn't seted ip , so close it
[51709.921829] accepted a http connect , new connect ip is  192.168.43.186
[51709.928592]                           old connect ip is  192.168.43.237
[51709.935258]                                     but it isn't seted ip , so close it
[51710.457909] accepted a http connect , new connect ip is  192.168.43.186
[51710.464634]                           old connect ip is  192.168.43.237
[51710.471320]                                     but it isn't seted ip , so close it
[51710.996207] accepted a http connect , new connect ip is  192.168.43.186
[51711.002976]                           old connect ip is  192.168.43.237
[51711.009642]                                     but it isn't seted ip , so close it
[51711.536107] accepted a http connect , new connect ip is  192.168.43.186
[51711.542917]                           old connect ip is  192.168.43.237
[51711.549564]                                     but it isn't seted ip , so close it
[51712.063755] accepted a http connect , new connect ip is  192.168.43.186
[51712.070525]                           old connect ip is  192.168.43.237
[51712.077190]                                     but it isn't seted ip , so close it
[51712.596323] accepted a http connect , new connect ip is  192.168.43.186
[51712.603119]                           old connect ip is  192.168.43.237
[51712.609833]                                     but it isn't seted ip , so close it
[51713.136483] accepted a http connect , new connect ip is  192.168.43.186
[51713.143304]                           old connect ip is  192.168.43.237
[51713.149953]                                     but it isn't seted ip , so close it
[51713.676457] accepted a http connect , new connect ip is  192.168.43.186
[51713.683316]                           old connect ip is  192.168.43.237
[51713.689975]                                     but it isn't seted ip , so close it
[51714.217100] accepted a http connect , new connect ip is  192.168.43.186
[51714.223869]                           old connect ip is  192.168.43.237
[51714.230522]                                     but it isn't seted ip , so close it
[51714.748601] accepted a http connect , new connect ip is  192.168.43.186
[51714.755565]                           old connect ip is  192.168.43.237
[51714.762242]                                     but it isn't seted ip , so close it
[51715.292485] accepted a http connect , new connect ip is  192.168.43.186
[51715.299257]                           old connect ip is  192.168.43.237
[51715.305919]                                     but it isn't seted ip , so close it
[51715.877206] accepted a http connect , new connect ip is  192.168.43.186
[51715.884025]                           old connect ip is  192.168.43.237
[51715.890708]                                     but it isn't seted ip , so close it
[51716.416174] accepted a http connect , new connect ip is  192.168.43.186
[51716.422930]                           old connect ip is  192.168.43.237
[51716.429576]                                     but it isn't seted ip , so close it
[51716.956295] accepted a http connect , new connect ip is  192.168.43.186
[51716.963002]                           old connect ip is  192.168.43.237
[51716.969648]                                     but it isn't seted ip , so close it
[51717.486016] accepted a http connect , new connect ip is  192.168.43.186
[51717.492669]                           old connect ip is  192.168.43.237
[51717.499312]                                     but it isn't seted ip , so close it
[51718.016200] accepted a http connect , new connect ip is  192.168.43.186
[51718.023076]                           old connect ip is  192.168.43.237
[51718.029776]                                     but it isn't seted ip , so close it
[51718.556161] accepted a http connect , new connect ip is  192.168.43.186
[51718.562948]                           old connect ip is  192.168.43.237
[51718.569601]                                     but it isn't seted ip , so close it
[51719.096296] accepted a http connect , new connect ip is  192.168.43.186
[51719.103046]                           old connect ip is  192.168.43.237
[51719.109711]                                     but it isn't seted ip , so close it
[51719.627215] accepted a http connect , new connect ip is  192.168.43.186
[51719.633963]                           old connect ip is  192.168.43.237
[51719.640609]                                     but it isn't seted ip , so close it
[51720.166207] accepted a http connect , new connect ip is  192.168.43.186
[51720.172953]                           old connect ip is  192.168.43.237
[51720.179605]                                     but it isn't seted ip , so close it
[51720.707068] accepted a http connect , new connect ip is  192.168.43.186
[51720.713847]                           old connect ip is  192.168.43.237
[51720.720537]                                     but it isn't seted ip , so close it
[51721.246426] accepted a http connect , new connect ip is  192.168.43.186
[51721.253201]                           old connect ip is  192.168.43.237
[51721.259863]                                     but it isn't seted ip , so close it
[51721.776147] accepted a http connect , new connect ip is  192.168.43.186
[51721.783086]                           old connect ip is  192.168.43.237
[51721.789792]                                     but it isn't seted ip , so close it
[51722.304726] accepted a http connect , new connect ip is  192.168.43.186
[51722.311506]                           old connect ip is  192.168.43.237
[51722.318170]                                     but it isn't seted ip , so close it
[51722.833300] accepted a http connect , new connect ip is  192.168.43.186
[51722.840038]                           old connect ip is  192.168.43.237
[51722.846750]                                     but it isn't seted ip , so close it
[51723.366424] accepted a http connect , new connect ip is  192.168.43.186
[51723.373189]                           old connect ip is  192.168.43.237
[51723.379845]                                     but it isn't seted ip , so close it
[51723.897056] accepted a http connect , new connect ip is  192.168.43.186
[51723.903812]                           old connect ip is  192.168.43.237
[51723.910469]                                     but it isn't seted ip , so close it
[51724.436136] accepted a http connect , new connect ip is  192.168.43.186
[51724.442891]                           old connect ip is  192.168.43.237
[51724.449537]                                     but it isn't seted ip , so close it
[51724.965862] accepted a http connect , new connect ip is  192.168.43.186
[51724.972615]                           old connect ip is  192.168.43.237
[51724.979285]                                     but it isn't seted ip , so close it
[51725.506221] accepted a http connect , new connect ip is  192.168.43.186
[51725.513012]                           old connect ip is  192.168.43.237
[51725.519663]                                     but it isn't seted ip , so close it
[51726.046022] accepted a http connect , new connect ip is  192.168.43.186
[51726.052837]                           old connect ip is  192.168.43.237
[51726.059485]                                     but it isn't seted ip , so close it
[51726.586508] accepted a http connect , new connect ip is  192.168.43.186
[51726.593321]                           old connect ip is  192.168.43.237
[51726.600035]                                     but it isn't seted ip , so close it
[51727.117434] accepted a http connect , new connect ip is  192.168.43.186
[51727.124224]                           old connect ip is  192.168.43.237
[51727.130897]                                     but it isn't seted ip , so close it
[51727.655759] accepted a http connect , new connect ip is  192.168.43.186
[51727.662504]                           old connect ip is  192.168.43.237
[51727.669148]                                     but it isn't seted ip , so close it
[51728.185922] accepted a http connect , new connect ip is  192.168.43.186
[51728.192759]                           old connect ip is  192.168.43.237
[51728.199430]                                     but it isn't seted ip , so close it
[51728.726254] accepted a http connect , new connect ip is  192.168.43.186
[51728.733037]                           old connect ip is  192.168.43.237
[51728.739688]                                     but it isn't seted ip , so close it
[51729.267355] accepted a http connect , new connect ip is  192.168.43.186
[51729.274145]                           old connect ip is  192.168.43.237
[51729.280839]                                     but it isn't seted ip , so close it
[51729.794788] accepted a http connect , new connect ip is  192.168.43.186
[51729.801526]                           old connect ip is  192.168.43.237
[51729.808203]                                     but it isn't seted ip , so close it
[51730.335980] accepted a http connect , new connect ip is  192.168.43.186
[51730.342757]                           old connect ip is  192.168.43.237
[51730.349417]                                     but it isn't seted ip , so close it
[51730.863388] accepted a http connect , new connect ip is  192.168.43.186
[51730.870114]                           old connect ip is  192.168.43.237
[51730.876791]                                     but it isn't seted ip , so close it
[51731.396013] accepted a http connect , new connect ip is  192.168.43.186
[51731.402754]                           old connect ip is  192.168.43.237
[51731.409417]                                     but it isn't seted ip , so close it
[51731.923455] accepted a http connect , new connect ip is  192.168.43.186
[51731.930227]                           old connect ip is  192.168.43.237
[51731.936881]                                     but it isn't seted ip , so close it
[51732.456202] accepted a http connect , new connect ip is  192.168.43.186
[51732.462969]                           old connect ip is  192.168.43.237
[51732.469621]                                     but it isn't seted ip , so close it
[51732.996556] accepted a http connect , new connect ip is  192.168.43.186
[51733.003615]                           old connect ip is  192.168.43.237
[51733.010345]                                     but it isn't seted ip , so close it
[51733.536830] accepted a http connect , new connect ip is  192.168.43.186
[51733.543687]                           old connect ip is  192.168.43.237
[51733.550399]                                     but it isn't seted ip , so close it
[51734.075907] accepted a http connect , new connect ip is  192.168.43.186
[51734.082656]                           old connect ip is  192.168.43.237
[51734.089314]                                     but it isn't seted ip , so close it
[51734.615948] accepted a http connect , new connect ip is  192.168.43.186
[51734.622716]                           old connect ip is  192.168.43.237
[51734.629362]                                     but it isn't seted ip , so close it
[51735.156142] accepted a http connect , new connect ip is  192.168.43.186
[51735.162932]                           old connect ip is  192.168.43.237
[51735.169600]                                     but it isn't seted ip , so close it
[51735.695891] accepted a http connect , new connect ip is  192.168.43.186
[51735.702623]                           old connect ip is  192.168.43.237
[51735.709303]                                     but it isn't seted ip , so close it
[51736.235993] accepted a http connect , new connect ip is  192.168.43.186
[51736.242773]                           old connect ip is  192.168.43.237
[51736.249495]                                     but it isn't seted ip , so close it
[51736.763443] accepted a http connect , new connect ip is  192.168.43.186
[51736.770177]                           old connect ip is  192.168.43.237
[51736.776842]                                     but it isn't seted ip , so close it
[51737.296005] accepted a http connect , new connect ip is  192.168.43.186
[51737.302690]                           old connect ip is  192.168.43.237
[51737.309354]                                     but it isn't seted ip , so close it
[51737.823690] accepted a http connect , new connect ip is  192.168.43.186
[51737.830512]                           old connect ip is  192.168.43.237
[51737.837207]                                     but it isn't seted ip , so close it
[51738.385807] accepted a http connect , new connect ip is  192.168.43.186
[51738.392614]                           old connect ip is  192.168.43.237
[51738.399332]                                     but it isn't seted ip , so close it
[51738.914868] accepted a http connect , new connect ip is  192.168.43.186
[51738.921661]                           old connect ip is  192.168.43.237
[51738.928366]                                     but it isn't seted ip , so close it
[51739.456083] accepted a http connect , new connect ip is  192.168.43.186
[51739.462981]                           old connect ip is  192.168.43.237
[51739.469681]                                     but it isn't seted ip , so close it
[51739.984957] accepted a http connect , new connect ip is  192.168.43.186
[51739.991722]                           old connect ip is  192.168.43.237
[51739.998386]                                     but it isn't seted ip , so close it
[51740.533937] accepted a http connect , new connect ip is  192.168.43.186
[51740.540705]                           old connect ip is  192.168.43.237
[51740.547426]                                     but it isn't seted ip , so close it
[51741.075725] accepted a http connect , new connect ip is  192.168.43.186
[51741.082502]                           old connect ip is  192.168.43.237
[51741.089217]                                     but it isn't seted ip , so close it
[51741.615889] accepted a http connect , new connect ip is  192.168.43.186
[51741.622638]                           old connect ip is  192.168.43.237
[51741.629288]                                     but it isn't seted ip , so close it
[51742.155901] accepted a http connect , new connect ip is  192.168.43.186
[51742.162649]                           old connect ip is  192.168.43.237
[51742.169318]                                     but it isn't seted ip , so close it
[51742.695815] accepted a http connect , new connect ip is  192.168.43.186
[51742.702551]                           old connect ip is  192.168.43.237
[51742.709202]                                     but it isn't seted ip , so close it
[51743.235851] accepted a http connect , new connect ip is  192.168.43.186
[51743.242608]                           old connect ip is  192.168.43.237
[51743.249286]                                     but it isn't seted ip , so close it
[51743.763799] accepted a http connect , new connect ip is  192.168.43.186
[51743.770538]                           old connect ip is  192.168.43.237
[51743.777197]                                     but it isn't seted ip , so close it
[51744.296164] accepted a http connect , new connect ip is  192.168.43.186
[51744.302960]                           old connect ip is  192.168.43.237
[51744.309607]                                     but it isn't seted ip , so close it
[51744.823579] accepted a http connect , new connect ip is  192.168.43.186
[51744.830334]                           old connect ip is  192.168.43.237
[51744.836999]                                     but it isn't seted ip , so close it
[51745.356034] accepted a http connect , new connect ip is  192.168.43.186
[51745.362720]                           old connect ip is  192.168.43.237
[51745.369355]                                     but it isn't seted ip , so close it
[51745.886031] accepted a http connect , new connect ip is  192.168.43.186
[51745.892720]                           old connect ip is  192.168.43.237
[51745.899384]                                     but it isn't seted ip , so close it
[51746.415760] accepted a http connect , new connect ip is  192.168.43.186
[51746.422409]                           old connect ip is  192.168.43.237
[51746.429049]                                     but it isn't seted ip , so close it
[51746.944801] accepted a http connect , new connect ip is  192.168.43.186
[51746.951552]                           old connect ip is  192.168.43.237
[51746.958215]                                     but it isn't seted ip , so close it
[51747.475892] accepted a http connect , new connect ip is  192.168.43.186
[51747.482635]                           old connect ip is  192.168.43.237
[51747.489292]                                     but it isn't seted ip , so close it
[51748.015951] accepted a http connect , new connect ip is  192.168.43.186
[51748.022702]                           old connect ip is  192.168.43.237
[51748.029343]                                     but it isn't seted ip , so close it
[51748.555986] accepted a http connect , new connect ip is  192.168.43.186
[51748.562720]                           old connect ip is  192.168.43.237
[51748.569394]                                     but it isn't seted ip , so close it
[51748.839060] cfg80211: Calling CRDA to update world regulatory domain
[51749.084073] accepted a http connect , new connect ip is  192.168.43.186
[51749.090890]                           old connect ip is  192.168.43.237
[51749.097592]                                     but it isn't seted ip , so close it
[51749.232924] init: untracked pid 22781 exited
[51753.311753] Country code not found!
[51753.315361] 11D: Error setting domain info in FW
[51753.359703] ADDRCONF(NETDEV_CHANGE): wlan0: link becomes ready
[51753.532038] ADDBA RSP: Failed(c8:3a:35:34:4e:bc tid=0)
[51756.415689] accepted a http connect , new connect ip is  192.168.43.186
[51756.422437]                           old connect ip is  192.168.43.237
[51756.429089]                                     but it isn't seted ip , so close it
[51756.942158] accepted a http connect , new connect ip is  192.168.43.186
[51756.948859]                           old connect ip is  192.168.43.237
[51756.955537]                                     but it isn't seted ip , so close it
[51757.476135] accepted a http connect , new connect ip is  192.168.43.186
[51757.482899]                           old connect ip is  192.168.43.237
[51757.489645]                                     but it isn't seted ip , so close it
[51757.623157] init: untracked pid 22828 exited
[51757.652359] init: untracked pid 22829 exited
[51757.705540] init: untracked pid 17394 exited
[51757.710862] init: untracked pid 17395 exited
[51757.716097] init: untracked pid 17396 exited
[51757.720684] init: untracked pid 17397 exited
[51758.011586] accepted a http connect , new connect ip is  192.168.43.186
[51758.018418]                           old connect ip is  192.168.43.237
[51758.025127]                                     but it isn't seted ip , so close it
[51758.546814] accepted a http connect , new connect ip is  192.168.43.186
[51758.553558]                           old connect ip is  192.168.43.237
[51758.560358]                                     but it isn't seted ip , so close it
[51759.085833] accepted a http connect , new connect ip is  192.168.43.186
[51759.092599]                           old connect ip is  192.168.43.237
[51759.099269]                                     but it isn't seted ip , so close it
[51759.615098] accepted a http connect , new connect ip is  192.168.43.186
[51759.621926]                           old connect ip is  192.168.43.237
[51759.628629]                                     but it isn't seted ip , so close it
[51760.155671] accepted a http connect , new connect ip is  192.168.43.186
[51760.162442]                           old connect ip is  192.168.43.237
[51760.169112]                                     but it isn't seted ip , so close it
[51760.682637] accepted a http connect , new connect ip is  192.168.43.186
[51760.689467]                           old connect ip is  192.168.43.237
[51760.696197]                                     but it isn't seted ip , so close it
[51761.213358] accepted a http connect , new connect ip is  192.168.43.186
[51761.220166]                           old connect ip is  192.168.43.237
[51761.226836]                                     but it isn't seted ip , so close it
[51761.740831] accepted a http connect , new connect ip is  192.168.43.186
[51761.747672]                           old connect ip is  192.168.43.237
[51761.754355]                                     but it isn't seted ip , so close it
[51762.274815] accepted a http connect , new connect ip is  192.168.43.186
[51762.281578]                           old connect ip is  192.168.43.237
[51762.288296]                                     but it isn't seted ip , so close it
[51762.803627] accepted a http connect , new connect ip is  192.168.43.186
[51762.810554]                           old connect ip is  192.168.43.237
[51762.817324]                                     but it isn't seted ip , so close it
[51763.338851] accepted a http connect , new connect ip is  192.168.43.186
[51763.345702]                           old connect ip is  192.168.43.237
[51763.352461]                                     but it isn't seted ip , so close it
[51763.880773] accepted a http connect , new connect ip is  192.168.43.186
[51763.887556]                           old connect ip is  192.168.43.237
[51763.894218]                                     but it isn't seted ip , so close it
[51764.415866] accepted a http connect , new connect ip is  192.168.43.186
[51764.422626]                           old connect ip is  192.168.43.237
[51764.429293]                                     but it isn't seted ip , so close it
[51764.954552] accepted a http connect , new connect ip is  192.168.43.186
[51764.961407]                           old connect ip is  192.168.43.237
[51764.968091]                                     but it isn't seted ip , so close it
[51765.023227] wlan0: no IPv6 routers present
[51765.495891] accepted a http connect , new connect ip is  192.168.43.186
[51765.502749]                           old connect ip is  192.168.43.237
[51765.509445]                                     but it isn't seted ip , so close it
[51766.024947] accepted a http connect , new connect ip is  192.168.43.186
[51766.031694]                           old connect ip is  192.168.43.237
[51766.038355]                                     but it isn't seted ip , so close it
[51766.552428] accepted a http connect , new connect ip is  192.168.43.186
[51766.559195]                           old connect ip is  192.168.43.237
[51766.565855]                                     but it isn't seted ip , so close it
[51767.082503] accepted a http connect , new connect ip is  192.168.43.186
[51767.089299]                           old connect ip is  192.168.43.237
[51767.095972]                                     but it isn't seted ip , so close it
[51767.593398] init: untracked pid 22915 exited
[51767.613615] accepted a http connect , new connect ip is  192.168.43.186
[51767.620357]                           old connect ip is  192.168.43.237
[51767.627072]                                     but it isn't seted ip , so close it
[51767.804613] init: untracked pid 22916 exited
[51767.833686] init: untracked pid 22861 exited
[51767.839033] init: untracked pid 22862 exited
[51767.843640] init: untracked pid 22863 exited
[51767.848160] init: untracked pid 22864 exited
[51768.140591] accepted a http connect , new connect ip is  192.168.43.186
[51768.147364]                           old connect ip is  192.168.43.237
[51768.154087]                                     but it isn't seted ip , so close it
[51768.675875] accepted a http connect , new connect ip is  192.168.43.186
[51768.682627]                           old connect ip is  192.168.43.237
[51768.689323]                                     but it isn't seted ip , so close it
[51769.209082] accepted a http connect , new connect ip is  192.168.43.186
[51769.215887]                           old connect ip is  192.168.43.237
[51769.222577]                                     but it isn't seted ip , so close it
[51769.745748] accepted a http connect , new connect ip is  192.168.43.186
[51769.752584]                           old connect ip is  192.168.43.237
[51769.759259]                                     but it isn't seted ip , so close it
[51770.279655] accepted a http connect , new connect ip is  192.168.43.186
[51770.286421]                           old connect ip is  192.168.43.237
[51770.293086]                                     but it isn't seted ip , so close it
[51770.825541] accepted a http connect , new connect ip is  192.168.43.186
[51770.832195]                           old connect ip is  192.168.43.237
[51770.838845]                                     but it isn't seted ip , so close it
[51771.355576] accepted a http connect , new connect ip is  192.168.43.186
[51771.362352]                           old connect ip is  192.168.43.237
[51771.369012]                                     but it isn't seted ip , so close it
[51771.884143] accepted a http connect , new connect ip is  192.168.43.186
[51771.890881]                           old connect ip is  192.168.43.237
[51771.897536]                                     but it isn't seted ip , so close it
[51772.415839] accepted a http connect , new connect ip is  192.168.43.186
[51772.422618]                           old connect ip is  192.168.43.237
[51772.429332]                                     but it isn't seted ip , so close it
[51772.945292] accepted a http connect , new connect ip is  192.168.43.186
[51772.952173]                           old connect ip is  192.168.43.237
[51772.958843]                                     but it isn't seted ip , so close it
[51773.473577] accepted a http connect , new connect ip is  192.168.43.186
[51773.480357]                           old connect ip is  192.168.43.237
[51773.487062]                                     but it isn't seted ip , so close it
[51774.003680] accepted a http connect , new connect ip is  192.168.43.186
[51774.010450]                           old connect ip is  192.168.43.237
[51774.017159]                                     but it isn't seted ip , so close it
[51774.545828] accepted a http connect , new connect ip is  192.168.43.186
[51774.552698]                           old connect ip is  192.168.43.237
[51774.559348]                                     but it isn't seted ip , so close it
[51775.088217] accepted a http connect , new connect ip is  192.168.43.186
[51775.095022]                           old connect ip is  192.168.43.237
[51775.101683]                                     but it isn't seted ip , so close it
[51775.625785] accepted a http connect , new connect ip is  192.168.43.186
[51775.632581]                           old connect ip is  192.168.43.237
[51775.639287]                                     but it isn't seted ip , so close it
[51776.165633] accepted a http connect , new connect ip is  192.168.43.186
[51776.172429]                           old connect ip is  192.168.43.237
[51776.179099]                                     but it isn't seted ip , so close it
[51776.705553] accepted a http connect , new connect ip is  192.168.43.186
[51776.712335]                           old connect ip is  192.168.43.237
[51776.718981]                                     but it isn't seted ip , so close it
[51777.246071] accepted a http connect , new connect ip is  192.168.43.186
[51777.252856]                           old connect ip is  192.168.43.237
[51777.259507]                                     but it isn't seted ip , so close it
[51777.774208] accepted a http connect , new connect ip is  192.168.43.186
[51777.780888]                           old connect ip is  192.168.43.237
[51777.787549]                                     but it isn't seted ip , so close it
[51778.305876] accepted a http connect , new connect ip is  192.168.43.186
[51778.312668]                           old connect ip is  192.168.43.237
[51778.319339]                                     but it isn't seted ip , so close it
[51778.848968] accepted a http connect , new connect ip is  192.168.43.186
[51778.855752]                           old connect ip is  192.168.43.237
[51778.862400]                                     but it isn't seted ip , so close it
[51779.385646] accepted a http connect , new connect ip is  192.168.43.186
[51779.392433]                           old connect ip is  192.168.43.237
[51779.399097]                                     but it isn't seted ip , so close it
[51779.914567] accepted a http connect , new connect ip is  192.168.43.186
[51779.921379]                           old connect ip is  192.168.43.237
[51779.928078]                                     but it isn't seted ip , so close it
[51780.445617] accepted a http connect , new connect ip is  192.168.43.186
[51780.452311]                           old connect ip is  192.168.43.237
[51780.458981]                                     but it isn't seted ip , so close it
[51780.971583] accepted a http connect , new connect ip is  192.168.43.186
[51780.978398]                           old connect ip is  192.168.43.237
[51780.985041]                                     but it isn't seted ip , so close it
[51781.515599] accepted a http connect , new connect ip is  192.168.43.186
[51781.522411]                           old connect ip is  192.168.43.237
[51781.529084]                                     but it isn't seted ip , so close it
[51782.047352] accepted a http connect , new connect ip is  192.168.43.186
[51782.054178]                           old connect ip is  192.168.43.237
[51782.060855]                                     but it isn't seted ip , so close it
[51782.585360] accepted a http connect , new connect ip is  192.168.43.186
[51782.592098]                           old connect ip is  192.168.43.237
[51782.598844]                                     but it isn't seted ip , so close it
[51783.126419] accepted a http connect , new connect ip is  192.168.43.186
[51783.133167]                           old connect ip is  192.168.43.237
[51783.139816]                                     but it isn't seted ip , so close it
[51783.680538] accepted a http connect , new connect ip is  192.168.43.186
[51783.687343]                           old connect ip is  192.168.43.237
[51783.694061]                                     but it isn't seted ip , so close it
[51784.229454] accepted a http connect , new connect ip is  192.168.43.186
[51784.236218]                           old connect ip is  192.168.43.237
[51784.242871]                                     but it isn't seted ip , so close it
[51784.760533] accepted a http connect , new connect ip is  192.168.43.186
[51784.767318]                           old connect ip is  192.168.43.237
[51784.773981]                                     but it isn't seted ip , so close it
[51785.295601] accepted a http connect , new connect ip is  192.168.43.186
[51785.302392]                           old connect ip is  192.168.43.237
[51785.309040]                                     but it isn't seted ip , so close it
[51785.836400] accepted a http connect , new connect ip is  192.168.43.186
[51785.843151]                           old connect ip is  192.168.43.237
[51785.849816]                                     but it isn't seted ip , so close it
[51786.375799] accepted a http connect , new connect ip is  192.168.43.186
[51786.382645]                           old connect ip is  192.168.43.237
[51786.389326]                                     but it isn't seted ip , so close it
[51786.908567] accepted a http connect , new connect ip is  192.168.43.186
[51786.915422]                           old connect ip is  192.168.43.237
[51786.922132]                                     but it isn't seted ip , so close it
[51787.455508] accepted a http connect , new connect ip is  192.168.43.186
[51787.462275]                           old connect ip is  192.168.43.237
[51787.468938]                                     but it isn't seted ip , so close it
[51787.985843] accepted a http connect , new connect ip is  192.168.43.186
[51787.992674]                           old connect ip is  192.168.43.237
[51787.999330]                                     but it isn't seted ip , so close it
[51788.531552] accepted a http connect , new connect ip is  192.168.43.186
[51788.538335]                           old connect ip is  192.168.43.237
[51788.545020]                                     but it isn't seted ip , so close it
[51789.059151] accepted a http connect , new connect ip is  192.168.43.186
[51789.065958]                           old connect ip is  192.168.43.237
[51789.072656]                                     but it isn't seted ip , so close it
[51789.595208] accepted a http connect , new connect ip is  192.168.43.186
[51789.601954]                           old connect ip is  192.168.43.237
[51789.608638]                                     but it isn't seted ip , so close it
[51790.135396] accepted a http connect , new connect ip is  192.168.43.186
[51790.142129]                           old connect ip is  192.168.43.237
[51790.148776]                                     but it isn't seted ip , so close it
[51790.675561] accepted a http connect , new connect ip is  192.168.43.186
[51790.682324]                           old connect ip is  192.168.43.237
[51790.688982]                                     but it isn't seted ip , so close it
[51791.215307] accepted a http connect , new connect ip is  192.168.43.186
[51791.222039]                           old connect ip is  192.168.43.237
[51791.228724]                                     but it isn't seted ip , so close it
[51791.755614] accepted a http connect , new connect ip is  192.168.43.186
[51791.762461]                           old connect ip is  192.168.43.237
[51791.769138]                                     but it isn't seted ip , so close it
[51792.295303] accepted a http connect , new connect ip is  192.168.43.186
[51792.302031]                           old connect ip is  192.168.43.237
[51792.308695]                                     but it isn't seted ip , so close it
[51792.822691] accepted a http connect , new connect ip is  192.168.43.186
[51792.829454]                           old connect ip is  192.168.43.237
[51792.836120]                                     but it isn't seted ip , so close it
[51793.365442] accepted a http connect , new connect ip is  192.168.43.186
[51793.372241]                           old connect ip is  192.168.43.237
[51793.378896]                                     but it isn't seted ip , so close it
[51793.897209] accepted a http connect , new connect ip is  192.168.43.186
[51793.903960]                           old connect ip is  192.168.43.237
[51793.910605]                                     but it isn't seted ip , so close it
[51794.435383] accepted a http connect , new connect ip is  192.168.43.186
[51794.442254]                           old connect ip is  192.168.43.237
[51794.448966]                                     but it isn't seted ip , so close it
[51794.963830] accepted a http connect , new connect ip is  192.168.43.186
[51794.970579]                           old connect ip is  192.168.43.237
[51794.977240]                                     but it isn't seted ip , so close it
[51795.495355] accepted a http connect , new connect ip is  192.168.43.186
[51795.502096]                           old connect ip is  192.168.43.237
[51795.508753]                                     but it isn't seted ip , so close it
[51796.022971] accepted a http connect , new connect ip is  192.168.43.186
[51796.029726]                           old connect ip is  192.168.43.237
[51796.036389]                                     but it isn't seted ip , so close it
[51796.555759] accepted a http connect , new connect ip is  192.168.43.186
[51796.562520]                           old connect ip is  192.168.43.237
[51796.569184]                                     but it isn't seted ip , so close it
[51797.085184] accepted a http connect , new connect ip is  192.168.43.186
[51797.091938]                           old connect ip is  192.168.43.237
[51797.098602]                                     but it isn't seted ip , so close it
[51797.625383] accepted a http connect , new connect ip is  192.168.43.186
[51797.632158]                           old connect ip is  192.168.43.237
[51797.638833]                                     but it isn't seted ip , so close it
[51798.165330] accepted a http connect , new connect ip is  192.168.43.186
[51798.172064]                           old connect ip is  192.168.43.237
[51798.178731]                                     but it isn't seted ip , so close it
[51798.705401] accepted a http connect , new connect ip is  192.168.43.186
[51798.712161]                           old connect ip is  192.168.43.237
[51798.718830]                                     but it isn't seted ip , so close it
[51799.245585] accepted a http connect , new connect ip is  192.168.43.186
[51799.252389]                           old connect ip is  192.168.43.237
[51799.259044]                                     but it isn't seted ip , so close it
[51799.785426] accepted a http connect , new connect ip is  192.168.43.186
[51799.792175]                           old connect ip is  192.168.43.237
[51799.798838]                                     but it isn't seted ip , so close it
[51800.325630] accepted a http connect , new connect ip is  192.168.43.186
[51800.332418]                           old connect ip is  192.168.43.237
[51800.339090]                                     but it isn't seted ip , so close it
[51800.865571] accepted a http connect , new connect ip is  192.168.43.186
[51800.872439]                           old connect ip is  192.168.43.237
[51800.879219]                                     but it isn't seted ip , so close it
[51801.405268] accepted a http connect , new connect ip is  192.168.43.186
[51801.412039]                           old connect ip is  192.168.43.237
[51801.418699]                                     but it isn't seted ip , so close it
[51801.932986] accepted a http connect , new connect ip is  192.168.43.186
[51801.939744]                           old connect ip is  192.168.43.237
[51801.946464]                                     but it isn't seted ip , so close it
[51802.465394] accepted a http connect , new connect ip is  192.168.43.186
[51802.472142]                           old connect ip is  192.168.43.237
[51802.478825]                                     but it isn't seted ip , so close it
[51802.993586] accepted a http connect , new connect ip is  192.168.43.186
[51803.000343]                           old connect ip is  192.168.43.237
[51803.007028]                                     but it isn't seted ip , so close it
[51803.525378] accepted a http connect , new connect ip is  192.168.43.186
[51803.532159]                           old connect ip is  192.168.43.237
[51803.538856]                                     but it isn't seted ip , so close it
[51804.053768] accepted a http connect , new connect ip is  192.168.43.186
[51804.060580]                           old connect ip is  192.168.43.237
[51804.067224]                                     but it isn't seted ip , so close it
[51804.585630] accepted a http connect , new connect ip is  192.168.43.186
[51804.592434]                           old connect ip is  192.168.43.237
[51804.599098]                                     but it isn't seted ip , so close it
[51805.125501] accepted a http connect , new connect ip is  192.168.43.186
[51805.132375]                           old connect ip is  192.168.43.237
[51805.139072]                                     but it isn't seted ip , so close it
[51805.665392] accepted a http connect , new connect ip is  192.168.43.186
[51805.672147]                           old connect ip is  192.168.43.237
[51805.678810]                                     but it isn't seted ip , so close it
[51806.205736] accepted a http connect , new connect ip is  192.168.43.186
[51806.212503]                           old connect ip is  192.168.43.237
[51806.219149]                                     but it isn't seted ip , so close it
[51806.745269] accepted a http connect , new connect ip is  192.168.43.186
[51806.752018]                           old connect ip is  192.168.43.237
[51806.758677]                                     but it isn't seted ip , so close it
[51807.285402] accepted a http connect , new connect ip is  192.168.43.186
[51807.292163]                           old connect ip is  192.168.43.237
[51807.298889]                                     but it isn't seted ip , so close it
[51807.826373] accepted a http connect , new connect ip is  192.168.43.186
[51807.833136]                           old connect ip is  192.168.43.237
[51807.839818]                                     but it isn't seted ip , so close it
[51808.364952] accepted a http connect , new connect ip is  192.168.43.186
[51808.371753]                           old connect ip is  192.168.43.237
[51808.378412]                                     but it isn't seted ip , so close it
[51808.895615] accepted a http connect , new connect ip is  192.168.43.186
[51808.902387]                           old connect ip is  192.168.43.237
[51808.909042]                                     but it isn't seted ip , so close it
[51809.435312] accepted a http connect , new connect ip is  192.168.43.186
[51809.442038]                           old connect ip is  192.168.43.237
[51809.448728]                                     but it isn't seted ip , so close it
[51809.965269] accepted a http connect , new connect ip is  192.168.43.186
[51809.972012]                           old connect ip is  192.168.43.237
[51809.978666]                                     but it isn't seted ip , so close it
[51810.505435] accepted a http connect , new connect ip is  192.168.43.186
[51810.512207]                           old connect ip is  192.168.43.237
[51810.518873]                                     but it isn't seted ip , so close it
[51811.033495] accepted a http connect , new connect ip is  192.168.43.186
[51811.040385]                           old connect ip is  192.168.43.237
[51811.047083]                                     but it isn't seted ip , so close it
[51811.575496] accepted a http connect , new connect ip is  192.168.43.186
[51811.582323]                           old connect ip is  192.168.43.237
[51811.588985]                                     but it isn't seted ip , so close it
[51812.105203] accepted a http connect , new connect ip is  192.168.43.186
[51812.111965]                           old connect ip is  192.168.43.237
[51812.118646]                                     but it isn't seted ip , so close it
[51812.648980] accepted a http connect , new connect ip is  192.168.43.186
[51812.655758]                           old connect ip is  192.168.43.237
[51812.662499]                                     but it isn't seted ip , so close it
[51813.185265] accepted a http connect , new connect ip is  192.168.43.186
[51813.192030]                           old connect ip is  192.168.43.237
[51813.198766]                                     but it isn't seted ip , so close it
[51813.725165] accepted a http connect , new connect ip is  192.168.43.186
[51813.731896]                           old connect ip is  192.168.43.237
[51813.738579]                                     but it isn't seted ip , so close it
[51814.265107] accepted a http connect , new connect ip is  192.168.43.186
[51814.271863]                           old connect ip is  192.168.43.237
[51814.278520]                                     but it isn't seted ip , so close it
[51814.805444] accepted a http connect , new connect ip is  192.168.43.186
[51814.812290]                           old connect ip is  192.168.43.237
[51814.818975]                                     but it isn't seted ip , so close it
[51815.345139] accepted a http connect , new connect ip is  192.168.43.186
[51815.351893]                           old connect ip is  192.168.43.237
[51815.358555]                                     but it isn't seted ip , so close it
[51815.885489] accepted a http connect , new connect ip is  192.168.43.186
[51815.892403]                           old connect ip is  192.168.43.237
[51815.899128]                                     but it isn't seted ip , so close it
[51816.425143] accepted a http connect , new connect ip is  192.168.43.186
[51816.431914]                           old connect ip is  192.168.43.237
[51816.438584]                                     but it isn't seted ip , so close it
[51816.956469] accepted a http connect , new connect ip is  192.168.43.186
[51816.963182]                           old connect ip is  192.168.43.237
[51816.969857]                                     but it isn't seted ip , so close it
[51817.495294] accepted a http connect , new connect ip is  192.168.43.186
[51817.502052]                           old connect ip is  192.168.43.237
[51817.508748]                                     but it isn't seted ip , so close it
[51818.026799] accepted a http connect , new connect ip is  192.168.43.186
[51818.033607]                           old connect ip is  192.168.43.237
[51818.040257]                                     but it isn't seted ip , so close it
[51818.565213] accepted a http connect , new connect ip is  192.168.43.186
[51818.571992]                           old connect ip is  192.168.43.237
[51818.578650]                                     but it isn't seted ip , so close it
[51819.097298] accepted a http connect , new connect ip is  192.168.43.186
[51819.104041]                           old connect ip is  192.168.43.237
[51819.110776]                                     but it isn't seted ip , so close it
[51819.635180] accepted a http connect , new connect ip is  192.168.43.186
[51819.641912]                           old connect ip is  192.168.43.237
[51819.648614]                                     but it isn't seted ip , so close it
[51820.162710] accepted a http connect , new connect ip is  192.168.43.186
[51820.169471]                           old connect ip is  192.168.43.237
[51820.176136]                                     but it isn't seted ip , so close it
[51820.705058] accepted a http connect , new connect ip is  192.168.43.186
[51820.711837]                           old connect ip is  192.168.43.237
[51820.718501]                                     but it isn't seted ip , so close it
[51821.245328] accepted a http connect , new connect ip is  192.168.43.186
[51821.252083]                           old connect ip is  192.168.43.237
[51821.258750]                                     but it isn't seted ip , so close it
[51821.785110] accepted a http connect , new connect ip is  192.168.43.186
[51821.791878]                           old connect ip is  192.168.43.237
[51821.798601]                                     but it isn't seted ip , so close it
[51822.325484] accepted a http connect , new connect ip is  192.168.43.186
[51822.332304]                           old connect ip is  192.168.43.237
[51822.338968]                                     but it isn't seted ip , so close it
[51822.865464] accepted a http connect , new connect ip is  192.168.43.186
[51822.872278]                           old connect ip is  192.168.43.237
[51822.878956]                                     but it isn't seted ip , so close it
[51823.405713] accepted a http connect , new connect ip is  192.168.43.186
[51823.412665]                           old connect ip is  192.168.43.237
[51823.419335]                                     but it isn't seted ip , so close it
[51823.935245] accepted a http connect , new connect ip is  192.168.43.186
[51823.941972]                           old connect ip is  192.168.43.237
[51823.948645]                                     but it isn't seted ip , so close it
[51824.475167] accepted a http connect , new connect ip is  192.168.43.186
[51824.481853]                           old connect ip is  192.168.43.237
[51824.488523]                                     but it isn't seted ip , so close it
[51825.001862] accepted a http connect , new connect ip is  192.168.43.186
[51825.008526]                           old connect ip is  192.168.43.237
[51825.015160]                                     but it isn't seted ip , so close it
[51825.535300] accepted a http connect , new connect ip is  192.168.43.186
[51825.542040]                           old connect ip is  192.168.43.237
[51825.548713]                                     but it isn't seted ip , so close it
[51826.062663] accepted a http connect , new connect ip is  192.168.43.186
[51826.069365]                           old connect ip is  192.168.43.237
[51826.076031]                                     but it isn't seted ip , so close it
[51826.594936] accepted a http connect , new connect ip is  192.168.43.186
[51826.601693]                           old connect ip is  192.168.43.237
[51826.608353]                                     but it isn't seted ip , so close it
[51827.125360] accepted a http connect , new connect ip is  192.168.43.186
[51827.132103]                           old connect ip is  192.168.43.237
[51827.138760]                                     but it isn't seted ip , so close it
[51827.665018] accepted a http connect , new connect ip is  192.168.43.186
[51827.671766]                           old connect ip is  192.168.43.237
[51827.678446]                                     but it isn't seted ip , so close it
[51828.205143] accepted a http connect , new connect ip is  192.168.43.186
[51828.211908]                           old connect ip is  192.168.43.237
[51828.218565]                                     but it isn't seted ip , so close it
[51828.747790] accepted a http connect , new connect ip is  192.168.43.186
[51828.754603]                           old connect ip is  192.168.43.237
[51828.761261]                                     but it isn't seted ip , so close it
[51829.285171] accepted a http connect , new connect ip is  192.168.43.186
[51829.291958]                           old connect ip is  192.168.43.237
[51829.298658]                                     but it isn't seted ip , so close it
[51829.825106] accepted a http connect , new connect ip is  192.168.43.186
[51829.831964]                           old connect ip is  192.168.43.237
[51829.838666]                                     but it isn't seted ip , so close it
[51830.365048] accepted a http connect , new connect ip is  192.168.43.186
[51830.372025]                           old connect ip is  192.168.43.237
[51830.378777]                                     but it isn't seted ip , so close it
[51830.904917] accepted a http connect , new connect ip is  192.168.43.186
[51830.911662]                           old connect ip is  192.168.43.237
[51830.918398]                                     but it isn't seted ip , so close it
[51831.445175] accepted a http connect , new connect ip is  192.168.43.186
[51831.451964]                           old connect ip is  192.168.43.237
[51831.458630]                                     but it isn't seted ip , so close it
[51831.973861] accepted a http connect , new connect ip is  192.168.43.186
[51831.980596]                           old connect ip is  192.168.43.237
[51831.987322]                                     but it isn't seted ip , so close it
[51832.505040] accepted a http connect , new connect ip is  192.168.43.186
[51832.511821]                           old connect ip is  192.168.43.237
[51832.518547]                                     but it isn't seted ip , so close it
[51833.033491] accepted a http connect , new connect ip is  192.168.43.186
[51833.040254]                           old connect ip is  192.168.43.237
[51833.046936]                                     but it isn't seted ip , so close it
[51833.564994] accepted a http connect , new connect ip is  192.168.43.186
[51833.571851]                           old connect ip is  192.168.43.237
[51833.578534]                                     but it isn't seted ip , so close it
[51834.093253] accepted a http connect , new connect ip is  192.168.43.186
[51834.100076]                           old connect ip is  192.168.43.237
[51834.106722]                                     but it isn't seted ip , so close it
[51834.635094] accepted a http connect , new connect ip is  192.168.43.186
[51834.641868]                           old connect ip is  192.168.43.237
[51834.648557]                                     but it isn't seted ip , so close it
[51835.175302] accepted a http connect , new connect ip is  192.168.43.186
[51835.182223]                           old connect ip is  192.168.43.237
[51835.188890]                                     but it isn't seted ip , so close it
[51835.715240] accepted a http connect , new connect ip is  192.168.43.186
[51835.722102]                           old connect ip is  192.168.43.237
[51835.728819]                                     but it isn't seted ip , so close it
[51836.254942] accepted a http connect , new connect ip is  192.168.43.186
[51836.261677]                           old connect ip is  192.168.43.237
[51836.268335]                                     but it isn't seted ip , so close it
[51836.795204] accepted a http connect , new connect ip is  192.168.43.186
[51836.801966]                           old connect ip is  192.168.43.237
[51836.808643]                                     but it isn't seted ip , so close it
[51837.335476] accepted a http connect , new connect ip is  192.168.43.186
[51837.342229]                           old connect ip is  192.168.43.237
[51837.348870]                                     but it isn't seted ip , so close it
[51837.874903] accepted a http connect , new connect ip is  192.168.43.186
[51837.881630]                           old connect ip is  192.168.43.237
[51837.888299]                                     but it isn't seted ip , so close it
[51838.415021] accepted a http connect , new connect ip is  192.168.43.186
[51838.421773]                           old connect ip is  192.168.43.237
[51838.428436]                                     but it isn't seted ip , so close it
[51838.945325] accepted a http connect , new connect ip is  192.168.43.186
[51838.952100]                           old connect ip is  192.168.43.237
[51838.958761]                                     but it isn't seted ip , so close it
[51839.485120] accepted a http connect , new connect ip is  192.168.43.186
[51839.491901]                           old connect ip is  192.168.43.237
[51839.498612]                                     but it isn't seted ip , so close it
[51840.013299] accepted a http connect , new connect ip is  192.168.43.186
[51840.020106]                           old connect ip is  192.168.43.237
[51840.026756]                                     but it isn't seted ip , so close it
[51840.544905] accepted a http connect , new connect ip is  192.168.43.186
[51840.551661]                           old connect ip is  192.168.43.237
[51840.558318]                                     but it isn't seted ip , so close it
[51841.072391] accepted a http connect , new connect ip is  192.168.43.186
[51841.079085]                           old connect ip is  192.168.43.237
[51841.085752]                                     but it isn't seted ip , so close it
[51841.605319] accepted a http connect , new connect ip is  192.168.43.186
[51841.612134]                           old connect ip is  192.168.43.237
[51841.618807]                                     but it isn't seted ip , so close it
[51842.134043] accepted a http connect , new connect ip is  192.168.43.186
[51842.140809]                           old connect ip is  192.168.43.237
[51842.147549]                                     but it isn't seted ip , so close it
[51842.676751] accepted a http connect , new connect ip is  192.168.43.186
[51842.683502]                           old connect ip is  192.168.43.237
[51842.690225]                                     but it isn't seted ip , so close it
[51843.206772] accepted a http connect , new connect ip is  192.168.43.186
[51843.213516]                           old connect ip is  192.168.43.237
[51843.220165]                                     but it isn't seted ip , so close it
[51843.745169] accepted a http connect , new connect ip is  192.168.43.186
[51843.752031]                           old connect ip is  192.168.43.237
[51843.758714]                                     but it isn't seted ip , so close it
[51844.285053] accepted a http connect , new connect ip is  192.168.43.186
[51844.291829]                           old connect ip is  192.168.43.237
[51844.298488]                                     but it isn't seted ip , so close it
[51844.825140] accepted a http connect , new connect ip is  192.168.43.186
[51844.831927]                           old connect ip is  192.168.43.237
[51844.838587]                                     but it isn't seted ip , so close it
[51845.365039] accepted a http connect , new connect ip is  192.168.43.186
[51845.371874]                           old connect ip is  192.168.43.237
[51845.378605]                                     but it isn't seted ip , so close it
[51845.904912] accepted a http connect , new connect ip is  192.168.43.186
[51845.911657]                           old connect ip is  192.168.43.237
[51845.918322]                                     but it isn't seted ip , so close it
[51846.444822] accepted a http connect , new connect ip is  192.168.43.186
[51846.451627]                           old connect ip is  192.168.43.237
[51846.458291]                                     but it isn't seted ip , so close it
[51846.973158] accepted a http connect , new connect ip is  192.168.43.186
[51846.979920]                           old connect ip is  192.168.43.237
[51846.986574]                                     but it isn't seted ip , so close it
[51847.515122] accepted a http connect , new connect ip is  192.168.43.186
[51847.521903]                           old connect ip is  192.168.43.237
[51847.528588]                                     but it isn't seted ip , so close it
[51848.043654] accepted a http connect , new connect ip is  192.168.43.186
[51848.050484]                           old connect ip is  192.168.43.237
[51848.057146]                                     but it isn't seted ip , so close it
[51848.574931] accepted a http connect , new connect ip is  192.168.43.186
[51848.581730]                           old connect ip is  192.168.43.237
[51848.588383]                                     but it isn't seted ip , so close it
[51849.102788] accepted a http connect , new connect ip is  192.168.43.186
[51849.109550]                           old connect ip is  192.168.43.237
[51849.116216]                                     but it isn't seted ip , so close it
[51849.634842] accepted a http connect , new connect ip is  192.168.43.186
[51849.641532]                           old connect ip is  192.168.43.237
[51849.648181]                                     but it isn't seted ip , so close it
[51850.161087] accepted a http connect , new connect ip is  192.168.43.186
[51850.167753]                           old connect ip is  192.168.43.237
[51850.174395]                                     but it isn't seted ip , so close it
[51850.694786] accepted a http connect , new connect ip is  192.168.43.186
[51850.701455]                           old connect ip is  192.168.43.237
[51850.708094]                                     but it isn't seted ip , so close it
[51851.224744] accepted a http connect , new connect ip is  192.168.43.186
[51851.231415]                           old connect ip is  192.168.43.237
[51851.238056]                                     but it isn't seted ip , so close it
[51851.755253] accepted a http connect , new connect ip is  192.168.43.186
[51851.761936]                           old connect ip is  192.168.43.237
[51851.768602]                                     but it isn't seted ip , so close it
[51852.285044] accepted a http connect , new connect ip is  192.168.43.186
[51852.291904]                           old connect ip is  192.168.43.237
[51852.298607]                                     but it isn't seted ip , so close it
[51852.825037] accepted a http connect , new connect ip is  192.168.43.186
[51852.831817]                           old connect ip is  192.168.43.237
[51852.838512]                                     but it isn't seted ip , so close it
[51853.354902] accepted a http connect , new connect ip is  192.168.43.186
[51853.361654]                           old connect ip is  192.168.43.237
[51853.368318]                                     but it isn't seted ip , so close it
[51853.895860] accepted a http connect , new connect ip is  192.168.43.186
[51853.902646]                           old connect ip is  192.168.43.237
[51853.909329]                                     but it isn't seted ip , so close it
[51854.424485] accepted a http connect , new connect ip is  192.168.43.186
[51854.431250]                           old connect ip is  192.168.43.237
[51854.437998]                                     but it isn't seted ip , so close it
[51854.952989] accepted a http connect , new connect ip is  192.168.43.186
[51854.959885]                           old connect ip is  192.168.43.237
[51854.966594]                                     but it isn't seted ip , so close it
[51855.494923] accepted a http connect , new connect ip is  192.168.43.186
[51855.501684]                           old connect ip is  192.168.43.237
[51855.508335]                                     but it isn't seted ip , so close it
[51856.023849] accepted a http connect , new connect ip is  192.168.43.186
[51856.030716]                           old connect ip is  192.168.43.237
[51856.037387]                                     but it isn't seted ip , so close it
[51856.554770] accepted a http connect , new connect ip is  192.168.43.186
[51856.561506]                           old connect ip is  192.168.43.237
[51856.568203]                                     but it isn't seted ip , so close it
[51857.090166] accepted a http connect , new connect ip is  192.168.43.186
[51857.097075]                           old connect ip is  192.168.43.237
[51857.103762]                                     but it isn't seted ip , so close it
[51857.624779] accepted a http connect , new connect ip is  192.168.43.186
[51857.631525]                           old connect ip is  192.168.43.237
[51857.638197]                                     but it isn't seted ip , so close it
[51858.152204] accepted a http connect , new connect ip is  192.168.43.186
[51858.158944]                           old connect ip is  192.168.43.237
[51858.165625]                                     but it isn't seted ip , so close it
[51858.685011] accepted a http connect , new connect ip is  192.168.43.186
[51858.691903]                           old connect ip is  192.168.43.237
[51858.698575]                                     but it isn't seted ip , so close it
[51859.225247] accepted a http connect , new connect ip is  192.168.43.186
[51859.232092]                           old connect ip is  192.168.43.237
[51859.238767]                                     but it isn't seted ip , so close it
[51859.764922] accepted a http connect , new connect ip is  192.168.43.186
[51859.771675]                           old connect ip is  192.168.43.237
[51859.778341]                                     but it isn't seted ip , so close it
[51860.304702] accepted a http connect , new connect ip is  192.168.43.186
[51860.311442]                           old connect ip is  192.168.43.237
[51860.318101]                                     but it isn't seted ip , so close it
[51860.844796] accepted a http connect , new connect ip is  192.168.43.186
[51860.851558]                           old connect ip is  192.168.43.237
[51860.858239]                                     but it isn't seted ip , so close it
[51861.384836] accepted a http connect , new connect ip is  192.168.43.186
[51861.391599]                           old connect ip is  192.168.43.237
[51861.398266]                                     but it isn't seted ip , so close it
[51861.924656] accepted a http connect , new connect ip is  192.168.43.186
[51861.931445]                           old connect ip is  192.168.43.237
[51861.938135]                                     but it isn't seted ip , so close it
[51862.464764] accepted a http connect , new connect ip is  192.168.43.186
[51862.471496]                           old connect ip is  192.168.43.237
[51862.478169]                                     but it isn't seted ip , so close it
[51862.992612] accepted a http connect , new connect ip is  192.168.43.186
[51862.999365]                           old connect ip is  192.168.43.237
[51863.006031]                                     but it isn't seted ip , so close it
[51863.524939] accepted a http connect , new connect ip is  192.168.43.186
[51863.531736]                           old connect ip is  192.168.43.237
[51863.538391]                                     but it isn't seted ip , so close it
[51864.053611] accepted a http connect , new connect ip is  192.168.43.186
[51864.060368]                           old connect ip is  192.168.43.237
[51864.067052]                                     but it isn't seted ip , so close it
[51864.594848] accepted a http connect , new connect ip is  192.168.43.186
[51864.601602]                           old connect ip is  192.168.43.237
[51864.608312]                                     but it isn't seted ip , so close it
[51865.125794] accepted a http connect , new connect ip is  192.168.43.186
[51865.132677]                           old connect ip is  192.168.43.237
[51865.139337]                                     but it isn't seted ip , so close it
[51865.664927] accepted a http connect , new connect ip is  192.168.43.186
[51865.671720]                           old connect ip is  192.168.43.237
[51865.678400]                                     but it isn't seted ip , so close it
[51866.192831] accepted a http connect , new connect ip is  192.168.43.186
[51866.199614]                           old connect ip is  192.168.43.237
[51866.206281]                                     but it isn't seted ip , so close it
[51866.720765] accepted a http connect , new connect ip is  192.168.43.186
[51866.727529]                           old connect ip is  192.168.43.237
[51866.734217]                                     but it isn't seted ip , so close it
[51867.249085] accepted a http connect , new connect ip is  192.168.43.186
[51867.255883]                           old connect ip is  192.168.43.237
[51867.262536]                                     but it isn't seted ip , so close it
[51867.784846] accepted a http connect , new connect ip is  192.168.43.186
[51867.791603]                           old connect ip is  192.168.43.237
[51867.798295]                                     but it isn't seted ip , so close it
[51868.324732] accepted a http connect , new connect ip is  192.168.43.186
[51868.331547]                           old connect ip is  192.168.43.237
[51868.338292]                                     but it isn't seted ip , so close it
[51868.865027] accepted a http connect , new connect ip is  192.168.43.186
[51868.871890]                           old connect ip is  192.168.43.237
[51868.878679]                                     but it isn't seted ip , so close it
[51869.404934] accepted a http connect , new connect ip is  192.168.43.186
[51869.411854]                           old connect ip is  192.168.43.237
[51869.418557]                                     but it isn't seted ip , so close it
[51869.944802] accepted a http connect , new connect ip is  192.168.43.186
[51869.951596]                           old connect ip is  192.168.43.237
[51869.958258]                                     but it isn't seted ip , so close it
[51870.484642] accepted a http connect , new connect ip is  192.168.43.186
[51870.491409]                           old connect ip is  192.168.43.237
[51870.498069]                                     but it isn't seted ip , so close it
[51871.012951] accepted a http connect , new connect ip is  192.168.43.186
[51871.019715]                           old connect ip is  192.168.43.237
[51871.026447]                                     but it isn't seted ip , so close it
[51871.554972] accepted a http connect , new connect ip is  192.168.43.186
[51871.561674]                           old connect ip is  192.168.43.237
[51871.568322]                                     but it isn't seted ip , so close it
[51872.081425] accepted a http connect , new connect ip is  192.168.43.186
[51872.088094]                           old connect ip is  192.168.43.237
[51872.094735]                                     but it isn't seted ip , so close it
[51872.614836] accepted a http connect , new connect ip is  192.168.43.186
[51872.621502]                           old connect ip is  192.168.43.237
[51872.628135]                                     but it isn't seted ip , so close it
[51873.142852] accepted a http connect , new connect ip is  192.168.43.186
[51873.149582]                           old connect ip is  192.168.43.237
[51873.156347]                                     but it isn't seted ip , so close it
[51873.680806] accepted a http connect , new connect ip is  192.168.43.186
[51873.687701]                           old connect ip is  192.168.43.237
[51873.694408]                                     but it isn't seted ip , so close it
[51874.225694] accepted a http connect , new connect ip is  192.168.43.186
[51874.232500]                           old connect ip is  192.168.43.237
[51874.239154]                                     but it isn't seted ip , so close it
[51874.769362] accepted a http connect , new connect ip is  192.168.43.186
[51874.776157]                           old connect ip is  192.168.43.237
[51874.782817]                                     but it isn't seted ip , so close it
[51875.314876] accepted a http connect , new connect ip is  192.168.43.186
[51875.321610]                           old connect ip is  192.168.43.237
[51875.328337]                                     but it isn't seted ip , so close it
[51875.854721] accepted a http connect , new connect ip is  192.168.43.186
[51875.861449]                           old connect ip is  192.168.43.237
[51875.868114]                                     but it isn't seted ip , so close it
[51876.400191] accepted a http connect , new connect ip is  192.168.43.186
[51876.406929]                           old connect ip is  192.168.43.237
[51876.413607]                                     but it isn't seted ip , so close it
[51876.935331] accepted a http connect , new connect ip is  192.168.43.186
[51876.942133]                           old connect ip is  192.168.43.237
[51876.948822]                                     but it isn't seted ip , so close it
[51877.475032] accepted a http connect , new connect ip is  192.168.43.186
[51877.481831]                           old connect ip is  192.168.43.237
[51877.488549]                                     but it isn't seted ip , so close it
[51878.008094] accepted a http connect , new connect ip is  192.168.43.186
[51878.014981]                           old connect ip is  192.168.43.237
[51878.021661]                                     but it isn't seted ip , so close it
[51878.544821] accepted a http connect , new connect ip is  192.168.43.186
[51878.551567]                           old connect ip is  192.168.43.237
[51878.558242]                                     but it isn't seted ip , so close it
[51879.072976] accepted a http connect , new connect ip is  192.168.43.186
[51879.079814]                           old connect ip is  192.168.43.237
[51879.086480]                                     but it isn't seted ip , so close it
[51879.606616] accepted a http connect , new connect ip is  192.168.43.186
[51879.613353]                           old connect ip is  192.168.43.237
[51879.620028]                                     but it isn't seted ip , so close it
[51880.134222] accepted a http connect , new connect ip is  192.168.43.186
[51880.140954]                           old connect ip is  192.168.43.237
[51880.147617]                                     but it isn't seted ip , so close it
[51880.674615] accepted a http connect , new connect ip is  192.168.43.186
[51880.681363]                           old connect ip is  192.168.43.237
[51880.688051]                                     but it isn't seted ip , so close it
[51881.011937] cfg80211: Calling CRDA to update world regulatory domain
[51881.203083] accepted a http connect , new connect ip is  192.168.43.186
[51881.209992]                           old connect ip is  192.168.43.237
[51881.216695]                                     but it isn't seted ip , so close it
[51885.457928] Country code not found!
[51885.461502] 11D: Error setting domain info in FW
[51885.596771] ADDRCONF(NETDEV_CHANGE): wlan0: link becomes ready
[51885.609283] ADDBA RSP: Failed(c8:3a:35:34:4e:bc tid=0)
[51888.665996] accepted a http connect , new connect ip is  192.168.43.186
[51888.672804]                           old connect ip is  192.168.43.237
[51888.679475]                                     but it isn't seted ip , so close it
[51889.195258] accepted a http connect , new connect ip is  192.168.43.186
[51889.202167]                           old connect ip is  192.168.43.237
[51889.208913]                                     but it isn't seted ip , so close it
[51889.230946] init: untracked pid 22927 exited
[51889.235859] init: untracked pid 22928 exited
[51889.240672] init: untracked pid 22929 exited
[51889.245510] init: untracked pid 22930 exited
[51889.361189] init: untracked pid 23011 exited
[51889.365979] init: untracked pid 23013 exited
[51889.726588] accepted a http connect , new connect ip is  192.168.43.186
[51889.733436]                           old connect ip is  192.168.43.237
[51889.740116]                                     but it isn't seted ip , so close it
[51890.253850] accepted a http connect , new connect ip is  192.168.43.186
[51890.260610]                           old connect ip is  192.168.43.237
[51890.267288]                                     but it isn't seted ip , so close it
[51890.794402] accepted a http connect , new connect ip is  192.168.43.186
[51890.801086]                           old connect ip is  192.168.43.237
[51890.807819]                                     but it isn't seted ip , so close it
[51891.321030] accepted a http connect , new connect ip is  192.168.43.186
[51891.327811]                           old connect ip is  192.168.43.237
[51891.334473]                                     but it isn't seted ip , so close it
[51891.848568] accepted a http connect , new connect ip is  192.168.43.186
[51891.855322]                           old connect ip is  192.168.43.237
[51891.862035]                                     but it isn't seted ip , so close it
[51892.376945] accepted a http connect , new connect ip is  192.168.43.186
[51892.383680]                           old connect ip is  192.168.43.237
[51892.390329]                                     but it isn't seted ip , so close it
[51892.904871] accepted a http connect , new connect ip is  192.168.43.186
[51892.911678]                           old connect ip is  192.168.43.237
[51892.918399]                                     but it isn't seted ip , so close it
[51893.450923] accepted a http connect , new connect ip is  192.168.43.186
[51893.457642]                           old connect ip is  192.168.43.237
[51893.464348]                                     but it isn't seted ip , so close it
[51893.985202] accepted a http connect , new connect ip is  192.168.43.186
[51893.991953]                           old connect ip is  192.168.43.237
[51893.998731]                                     but it isn't seted ip , so close it
[51894.516304] accepted a http connect , new connect ip is  192.168.43.186
[51894.523080]                           old connect ip is  192.168.43.237
[51894.529761]                                     but it isn't seted ip , so close it
[51895.057843] accepted a http connect , new connect ip is  192.168.43.186
[51895.064651]                           old connect ip is  192.168.43.237
[51895.071378]                                     but it isn't seted ip , so close it
[51895.588944] accepted a http connect , new connect ip is  192.168.43.186
[51895.595716]                           old connect ip is  192.168.43.237
[51895.602376]                                     but it isn't seted ip , so close it
[51896.118113] accepted a http connect , new connect ip is  192.168.43.186
[51896.124884]                           old connect ip is  192.168.43.237
[51896.131590]                                     but it isn't seted ip , so close it
[51896.327200] wlan0: no IPv6 routers present
[51896.654530] accepted a http connect , new connect ip is  192.168.43.186
[51896.661264]                           old connect ip is  192.168.43.237
[51896.667941]                                     but it isn't seted ip , so close it
[51897.181839] accepted a http connect , new connect ip is  192.168.43.186
[51897.188575]                           old connect ip is  192.168.43.237
[51897.195236]                                     but it isn't seted ip , so close it
[51897.713704] accepted a http connect , new connect ip is  192.168.43.186
[51897.720464]                           old connect ip is  192.168.43.237
[51897.727142]                                     but it isn't seted ip , so close it
[51898.242934] accepted a http connect , new connect ip is  192.168.43.186
[51898.249713]                           old connect ip is  192.168.43.237
[51898.256387]                                     but it isn't seted ip , so close it
[51898.419865] init: untracked pid 23045 exited
[51898.424887] init: untracked pid 23046 exited
[51898.430626] init: untracked pid 23047 exited
[51898.435144] init: untracked pid 23048 exited
[51898.448292] init: untracked pid 23083 exited
[51898.773963] accepted a http connect , new connect ip is  192.168.43.186
[51898.780720]                           old connect ip is  192.168.43.237
[51898.787376]                                     but it isn't seted ip , so close it
[51899.301900] accepted a http connect , new connect ip is  192.168.43.186
[51899.308668]                           old connect ip is  192.168.43.237
[51899.315337]                                     but it isn't seted ip , so close it
[51899.837075] accepted a http connect , new connect ip is  192.168.43.186
[51899.843785]                           old connect ip is  192.168.43.237
[51899.850440]                                     but it isn't seted ip , so close it
[51900.364413] accepted a http connect , new connect ip is  192.168.43.186
[51900.371101]                           old connect ip is  192.168.43.237
[51900.377771]                                     but it isn't seted ip , so close it
[51900.890751] accepted a http connect , new connect ip is  192.168.43.186
[51900.897458]                           old connect ip is  192.168.43.237
[51900.904104]                                     but it isn't seted ip , so close it
[51901.425881] accepted a http connect , new connect ip is  192.168.43.186
[51901.432667]                           old connect ip is  192.168.43.237
[51901.439330]                                     but it isn't seted ip , so close it
[51901.964315] accepted a http connect , new connect ip is  192.168.43.186
[51901.971108]                           old connect ip is  192.168.43.237
[51901.977775]                                     but it isn't seted ip , so close it
[51902.504477] accepted a http connect , new connect ip is  192.168.43.186
[51902.511153]                           old connect ip is  192.168.43.237
[51902.517864]                                     but it isn't seted ip , so close it
[51903.030675] accepted a http connect , new connect ip is  192.168.43.186
[51903.037445]                           old connect ip is  192.168.43.237
[51903.044105]                                     but it isn't seted ip , so close it
[51903.563474] accepted a http connect , new connect ip is  192.168.43.186
[51903.570275]                           old connect ip is  192.168.43.237
[51903.576933]                                     but it isn't seted ip , so close it
[51904.091599] accepted a http connect , new connect ip is  192.168.43.186
[51904.098376]                           old connect ip is  192.168.43.237
[51904.105028]                                     but it isn't seted ip , so close it
[51904.624360] accepted a http connect , new connect ip is  192.168.43.186
[51904.631103]                           old connect ip is  192.168.43.237
[51904.637758]                                     but it isn't seted ip , so close it
[51905.151676] accepted a http connect , new connect ip is  192.168.43.186
[51905.158432]                           old connect ip is  192.168.43.237
[51905.165083]                                     but it isn't seted ip , so close it
[51905.684352] accepted a http connect , new connect ip is  192.168.43.186
[51905.691133]                           old connect ip is  192.168.43.237
[51905.697786]                                     but it isn't seted ip , so close it
[51906.213268] accepted a http connect , new connect ip is  192.168.43.186
[51906.220006]                           old connect ip is  192.168.43.237
[51906.226657]                                     but it isn't seted ip , so close it
[51906.745419] accepted a http connect , new connect ip is  192.168.43.186
[51906.752236]                           old connect ip is  192.168.43.237
[51906.758893]                                     but it isn't seted ip , so close it
[51907.275854] accepted a http connect , new connect ip is  192.168.43.186
[51907.282560]                           old connect ip is  192.168.43.237
[51907.289239]                                     but it isn't seted ip , so close it
[51907.814376] accepted a http connect , new connect ip is  192.168.43.186
[51907.821132]                           old connect ip is  192.168.43.237
[51907.827806]                                     but it isn't seted ip , so close it
[51908.354382] accepted a http connect , new connect ip is  192.168.43.186
[51908.361115]                           old connect ip is  192.168.43.237
[51908.367776]                                     but it isn't seted ip , so close it
[51908.881953] accepted a http connect , new connect ip is  192.168.43.186
[51908.888720]                           old connect ip is  192.168.43.237
[51908.895399]                                     but it isn't seted ip , so close it
[51909.413645] accepted a http connect , new connect ip is  192.168.43.186
[51909.420453]                           old connect ip is  192.168.43.237
[51909.427104]                                     but it isn't seted ip , so close it
[51909.954147] accepted a http connect , new connect ip is  192.168.43.186
[51909.960903]                           old connect ip is  192.168.43.237
[51909.967559]                                     but it isn't seted ip , so close it
[51910.485678] accepted a http connect , new connect ip is  192.168.43.186
[51910.492837]                           old connect ip is  192.168.43.237
[51910.499517]                                     but it isn't seted ip , so close it
[51911.025249] accepted a http connect , new connect ip is  192.168.43.186
[51911.032072]                           old connect ip is  192.168.43.237
[51911.038737]                                     but it isn't seted ip , so close it
[51911.553519] accepted a http connect , new connect ip is  192.168.43.186
[51911.560296]                           old connect ip is  192.168.43.237
[51911.566944]                                     but it isn't seted ip , so close it
[51912.080798] accepted a http connect , new connect ip is  192.168.43.186
[51912.087554]                           old connect ip is  192.168.43.237
[51912.094224]                                     but it isn't seted ip , so close it
[51912.608538] accepted a http connect , new connect ip is  192.168.43.186
[51912.615294]                           old connect ip is  192.168.43.237
[51912.621975]                                     but it isn't seted ip , so close it
[51913.137175] accepted a http connect , new connect ip is  192.168.43.186
[51913.143984]                           old connect ip is  192.168.43.237
[51913.150667]                                     but it isn't seted ip , so close it
[51913.674325] accepted a http connect , new connect ip is  192.168.43.186
[51913.681182]                           old connect ip is  192.168.43.237
[51913.687900]                                     but it isn't seted ip , so close it
[51914.203595] accepted a http connect , new connect ip is  192.168.43.186
[51914.210375]                           old connect ip is  192.168.43.237
[51914.217039]                                     but it isn't seted ip , so close it
[51914.744390] accepted a http connect , new connect ip is  192.168.43.186
[51914.751160]                           old connect ip is  192.168.43.237
[51914.757818]                                     but it isn't seted ip , so close it
[51915.272178] accepted a http connect , new connect ip is  192.168.43.186
[51915.278980]                           old connect ip is  192.168.43.237
[51915.285629]                                     but it isn't seted ip , so close it
[51915.804334] accepted a http connect , new connect ip is  192.168.43.186
[51915.811181]                           old connect ip is  192.168.43.237
[51915.817837]                                     but it isn't seted ip , so close it
[51916.344366] accepted a http connect , new connect ip is  192.168.43.186
[51916.351224]                           old connect ip is  192.168.43.237
[51916.357912]                                     but it isn't seted ip , so close it
[51916.884320] accepted a http connect , new connect ip is  192.168.43.186
[51916.891176]                           old connect ip is  192.168.43.237
[51916.897875]                                     but it isn't seted ip , so close it
[51917.424165] accepted a http connect , new connect ip is  192.168.43.186
[51917.430906]                           old connect ip is  192.168.43.237
[51917.437571]                                     but it isn't seted ip , so close it
[51917.964270] accepted a http connect , new connect ip is  192.168.43.186
[51917.971015]                           old connect ip is  192.168.43.237
[51917.977696]                                     but it isn't seted ip , so close it
[51918.504730] accepted a http connect , new connect ip is  192.168.43.186
[51918.511515]                           old connect ip is  192.168.43.237
[51918.518178]                                     but it isn't seted ip , so close it
[51919.044747] accepted a http connect , new connect ip is  192.168.43.186
[51919.051573]                           old connect ip is  192.168.43.237
[51919.058278]                                     but it isn't seted ip , so close it
[51919.584248] accepted a http connect , new connect ip is  192.168.43.186
[51919.591019]                           old connect ip is  192.168.43.237
[51919.597809]                                     but it isn't seted ip , so close it
[51920.115154] accepted a http connect , new connect ip is  192.168.43.186
[51920.121888]                           old connect ip is  192.168.43.237
[51920.128580]                                     but it isn't seted ip , so close it
[51920.654384] accepted a http connect , new connect ip is  192.168.43.186
[51920.661198]                           old connect ip is  192.168.43.237
[51920.667866]                                     but it isn't seted ip , so close it
[51921.182647] accepted a http connect , new connect ip is  192.168.43.186
[51921.189404]                           old connect ip is  192.168.43.237
[51921.196134]                                     but it isn't seted ip , so close it
[51921.711442] accepted a http connect , new connect ip is  192.168.43.186
[51921.718215]                           old connect ip is  192.168.43.237
[51921.724869]                                     but it isn't seted ip , so close it
[51922.241100] accepted a http connect , new connect ip is  192.168.43.186
[51922.247931]                           old connect ip is  192.168.43.237
[51922.254682]                                     but it isn't seted ip , so close it
[51922.774783] accepted a http connect , new connect ip is  192.168.43.186
[51922.781547]                           old connect ip is  192.168.43.237
[51922.788207]                                     but it isn't seted ip , so close it
[51923.314041] accepted a http connect , new connect ip is  192.168.43.186
[51923.320782]                           old connect ip is  192.168.43.237
[51923.327555]                                     but it isn't seted ip , so close it
[51923.854312] accepted a http connect , new connect ip is  192.168.43.186
[51923.861063]                           old connect ip is  192.168.43.237
[51923.867718]                                     but it isn't seted ip , so close it
[51924.394271] accepted a http connect , new connect ip is  192.168.43.186
[51924.401008]                           old connect ip is  192.168.43.237
[51924.407673]                                     but it isn't seted ip , so close it
[51924.934470] accepted a http connect , new connect ip is  192.168.43.186
[51924.941228]                           old connect ip is  192.168.43.237
[51924.947966]                                     but it isn't seted ip , so close it
[51925.474673] accepted a http connect , new connect ip is  192.168.43.186
[51925.481573]                           old connect ip is  192.168.43.237
[51925.488386]                                     but it isn't seted ip , so close it
[51926.014142] accepted a http connect , new connect ip is  192.168.43.186
[51926.020915]                           old connect ip is  192.168.43.237
[51926.027565]                                     but it isn't seted ip , so close it
[51926.554308] accepted a http connect , new connect ip is  192.168.43.186
[51926.561150]                           old connect ip is  192.168.43.237
[51926.567977]                                     but it isn't seted ip , so close it
[51927.095106] accepted a http connect , new connect ip is  192.168.43.186
[51927.101802]                           old connect ip is  192.168.43.237
[51927.108467]                                     but it isn't seted ip , so close it
[51927.634796] accepted a http connect , new connect ip is  192.168.43.186
[51927.641515]                           old connect ip is  192.168.43.237
[51927.648180]                                     but it isn't seted ip , so close it
[51928.160881] accepted a http connect , new connect ip is  192.168.43.186
[51928.167718]                           old connect ip is  192.168.43.237
[51928.174480]                                     but it isn't seted ip , so close it
[51928.703988] accepted a http connect , new connect ip is  192.168.43.186
[51928.710749]                           old connect ip is  192.168.43.237
[51928.717411]                                     but it isn't seted ip , so close it
[51929.231534] accepted a http connect , new connect ip is  192.168.43.186
[51929.238207]                           old connect ip is  192.168.43.237
[51929.244839]                                     but it isn't seted ip , so close it
[51929.764225] accepted a http connect , new connect ip is  192.168.43.186
[51929.770992]                           old connect ip is  192.168.43.237
[51929.777656]                                     but it isn't seted ip , so close it
[51930.292610] accepted a http connect , new connect ip is  192.168.43.186
[51930.299407]                           old connect ip is  192.168.43.237
[51930.306093]                                     but it isn't seted ip , so close it
[51930.834174] accepted a http connect , new connect ip is  192.168.43.186
[51930.841036]                           old connect ip is  192.168.43.237
[51930.847721]                                     but it isn't seted ip , so close it
[51931.378774] accepted a http connect , new connect ip is  192.168.43.186
[51931.385474]                           old connect ip is  192.168.43.237
[51931.392129]                                     but it isn't seted ip , so close it
[51931.914140] accepted a http connect , new connect ip is  192.168.43.186
[51931.920909]                           old connect ip is  192.168.43.237
[51931.927556]                                     but it isn't seted ip , so close it
[51932.454194] accepted a http connect , new connect ip is  192.168.43.186
[51932.460880]                           old connect ip is  192.168.43.237
[51932.467531]                                     but it isn't seted ip , so close it
[51932.984079] accepted a http connect , new connect ip is  192.168.43.186
[51932.990854]                           old connect ip is  192.168.43.237
[51932.997516]                                     but it isn't seted ip , so close it
[51933.525426] accepted a http connect , new connect ip is  192.168.43.186
[51933.532145]                           old connect ip is  192.168.43.237
[51933.538830]                                     but it isn't seted ip , so close it
[51934.064283] accepted a http connect , new connect ip is  192.168.43.186
[51934.071157]                           old connect ip is  192.168.43.237
[51934.077843]                                     but it isn't seted ip , so close it
[51934.604318] accepted a http connect , new connect ip is  192.168.43.186
[51934.611096]                           old connect ip is  192.168.43.237
[51934.617760]                                     but it isn't seted ip , so close it
[51935.131902] accepted a http connect , new connect ip is  192.168.43.186
[51935.138656]                           old connect ip is  192.168.43.237
[51935.145320]                                     but it isn't seted ip , so close it
[51935.664257] accepted a http connect , new connect ip is  192.168.43.186
[51935.671010]                           old connect ip is  192.168.43.237
[51935.677717]                                     but it isn't seted ip , so close it
[51936.206982] accepted a http connect , new connect ip is  192.168.43.186
[51936.213665]                           old connect ip is  192.168.43.237
[51936.220298]                                     but it isn't seted ip , so close it
[51936.745240] accepted a http connect , new connect ip is  192.168.43.186
[51936.751945]                           old connect ip is  192.168.43.237
[51936.758592]                                     but it isn't seted ip , so close it
[51937.272998] accepted a http connect , new connect ip is  192.168.43.186
[51937.279800]                           old connect ip is  192.168.43.237
[51937.286475]                                     but it isn't seted ip , so close it
[51937.814377] accepted a http connect , new connect ip is  192.168.43.186
[51937.821156]                           old connect ip is  192.168.43.237
[51937.827813]                                     but it isn't seted ip , so close it
[51938.354350] accepted a http connect , new connect ip is  192.168.43.186
[51938.361133]                           old connect ip is  192.168.43.237
[51938.367845]                                     but it isn't seted ip , so close it
[51938.894298] accepted a http connect , new connect ip is  192.168.43.186
[51938.901049]                           old connect ip is  192.168.43.237
[51938.907702]                                     but it isn't seted ip , so close it
[51939.434126] accepted a http connect , new connect ip is  192.168.43.186
[51939.440868]                           old connect ip is  192.168.43.237
[51939.447521]                                     but it isn't seted ip , so close it
[51939.975942] accepted a http connect , new connect ip is  192.168.43.186
[51939.982708]                           old connect ip is  192.168.43.237
[51939.989378]                                     but it isn't seted ip , so close it
[51940.513892] accepted a http connect , new connect ip is  192.168.43.186
[51940.520624]                           old connect ip is  192.168.43.237
[51940.527287]                                     but it isn't seted ip , so close it
[51941.053482] accepted a http connect , new connect ip is  192.168.43.186
[51941.060220]                           old connect ip is  192.168.43.237
[51941.066887]                                     but it isn't seted ip , so close it
[51941.584044] accepted a http connect , new connect ip is  192.168.43.186
[51941.590790]                           old connect ip is  192.168.43.237
[51941.597455]                                     but it isn't seted ip , so close it
[51942.116499] accepted a http connect , new connect ip is  192.168.43.186
[51942.123267]                           old connect ip is  192.168.43.237
[51942.130082]                                     but it isn't seted ip , so close it
[51942.655180] accepted a http connect , new connect ip is  192.168.43.186
[51942.662016]                           old connect ip is  192.168.43.237
[51942.668710]                                     but it isn't seted ip , so close it
[51943.185535] accepted a http connect , new connect ip is  192.168.43.186
[51943.192316]                           old connect ip is  192.168.43.237
[51943.198977]                                     but it isn't seted ip , so close it
[51943.724179] accepted a http connect , new connect ip is  192.168.43.186
[51943.730840]                           old connect ip is  192.168.43.237
[51943.737480]                                     but it isn't seted ip , so close it
[51944.250427] accepted a http connect , new connect ip is  192.168.43.186
[51944.257109]                           old connect ip is  192.168.43.237
[51944.263757]                                     but it isn't seted ip , so close it
[51944.784001] accepted a http connect , new connect ip is  192.168.43.186
[51944.790676]                           old connect ip is  192.168.43.237
[51944.797317]                                     but it isn't seted ip , so close it
[51945.314874] accepted a http connect , new connect ip is  192.168.43.186
[51945.321648]                           old connect ip is  192.168.43.237
[51945.328321]                                     but it isn't seted ip , so close it
[51945.853906] accepted a http connect , new connect ip is  192.168.43.186
[51945.860687]                           old connect ip is  192.168.43.237
[51945.867347]                                     but it isn't seted ip , so close it
[51946.394081] accepted a http connect , new connect ip is  192.168.43.186
[51946.400846]                           old connect ip is  192.168.43.237
[51946.407580]                                     but it isn't seted ip , so close it
[51946.933986] accepted a http connect , new connect ip is  192.168.43.186
[51946.940739]                           old connect ip is  192.168.43.237
[51946.947399]                                     but it isn't seted ip , so close it
[51947.473901] accepted a http connect , new connect ip is  192.168.43.186
[51947.480636]                           old connect ip is  192.168.43.237
[51947.487288]                                     but it isn't seted ip , so close it
[51948.013957] accepted a http connect , new connect ip is  192.168.43.186
[51948.020724]                           old connect ip is  192.168.43.237
[51948.027372]                                     but it isn't seted ip , so close it
[51948.554298] accepted a http connect , new connect ip is  192.168.43.186
[51948.561047]                           old connect ip is  192.168.43.237
[51948.567706]                                     but it isn't seted ip , so close it
[51949.094272] accepted a http connect , new connect ip is  192.168.43.186
[51949.101137]                           old connect ip is  192.168.43.237
[51949.107829]                                     but it isn't seted ip , so close it
[51949.634455] accepted a http connect , new connect ip is  192.168.43.186
[51949.641251]                           old connect ip is  192.168.43.237
[51949.647905]                                     but it isn't seted ip , so close it
[51950.162082] accepted a http connect , new connect ip is  192.168.43.186
[51950.168891]                           old connect ip is  192.168.43.237
[51950.175572]                                     but it isn't seted ip , so close it
[51950.693977] accepted a http connect , new connect ip is  192.168.43.186
[51950.700720]                           old connect ip is  192.168.43.237
[51950.707371]                                     but it isn't seted ip , so close it
[51951.222439] accepted a http connect , new connect ip is  192.168.43.186
[51951.229175]                           old connect ip is  192.168.43.237
[51951.235867]                                     but it isn't seted ip , so close it
[51951.753807] accepted a http connect , new connect ip is  192.168.43.186
[51951.760549]                           old connect ip is  192.168.43.237
[51951.767195]                                     but it isn't seted ip , so close it
[51952.281406] accepted a http connect , new connect ip is  192.168.43.186
[51952.288195]                           old connect ip is  192.168.43.237
[51952.294857]                                     but it isn't seted ip , so close it
[51952.813862] accepted a http connect , new connect ip is  192.168.43.186
[51952.820605]                           old connect ip is  192.168.43.237
[51952.827257]                                     but it isn't seted ip , so close it
[51953.342080] accepted a http connect , new connect ip is  192.168.43.186
[51953.348895]                           old connect ip is  192.168.43.237
[51953.355566]                                     but it isn't seted ip , so close it
[51953.875021] accepted a http connect , new connect ip is  192.168.43.186
[51953.881826]                           old connect ip is  192.168.43.237
[51953.888505]                                     but it isn't seted ip , so close it
[51954.415842] accepted a http connect , new connect ip is  192.168.43.186
[51954.422622]                           old connect ip is  192.168.43.237
[51954.429275]                                     but it isn't seted ip , so close it
[51954.954035] accepted a http connect , new connect ip is  192.168.43.186
[51954.960834]                           old connect ip is  192.168.43.237
[51954.967501]                                     but it isn't seted ip , so close it
[51955.494655] accepted a http connect , new connect ip is  192.168.43.186
[51955.501490]                           old connect ip is  192.168.43.237
[51955.508184]                                     but it isn't seted ip , so close it
[51956.033834] accepted a http connect , new connect ip is  192.168.43.186
[51956.040656]                           old connect ip is  192.168.43.237
[51956.047336]                                     but it isn't seted ip , so close it
[51956.566129] accepted a http connect , new connect ip is  192.168.43.186
[51956.572927]                           old connect ip is  192.168.43.237
[51956.579574]                                     but it isn't seted ip , so close it
[51957.104085] accepted a http connect , new connect ip is  192.168.43.186
[51957.110867]                           old connect ip is  192.168.43.237
[51957.117545]                                     but it isn't seted ip , so close it
[51957.643853] accepted a http connect , new connect ip is  192.168.43.186
[51957.650702]                           old connect ip is  192.168.43.237
[51957.657366]                                     but it isn't seted ip , so close it
[51958.171428] accepted a http connect , new connect ip is  192.168.43.186
[51958.178208]                           old connect ip is  192.168.43.237
[51958.184853]                                     but it isn't seted ip , so close it
[51958.714367] accepted a http connect , new connect ip is  192.168.43.186
[51958.721119]                           old connect ip is  192.168.43.237
[51958.727769]                                     but it isn't seted ip , so close it
[51959.240591] accepted a http connect , new connect ip is  192.168.43.186
[51959.247334]                           old connect ip is  192.168.43.237
[51959.254017]                                     but it isn't seted ip , so close it
[51959.773973] accepted a http connect , new connect ip is  192.168.43.186
[51959.780778]                           old connect ip is  192.168.43.237
[51959.787425]                                     but it isn't seted ip , so close it
[51960.306559] accepted a http connect , new connect ip is  192.168.43.186
[51960.313333]                           old connect ip is  192.168.43.237
[51960.320015]                                     but it isn't seted ip , so close it
[51960.844411] accepted a http connect , new connect ip is  192.168.43.186
[51960.851245]                           old connect ip is  192.168.43.237
[51960.857946]                                     but it isn't seted ip , so close it
[51961.383888] accepted a http connect , new connect ip is  192.168.43.186
[51961.390730]                           old connect ip is  192.168.43.237
[51961.397429]                                     but it isn't seted ip , so close it
[51961.923794] accepted a http connect , new connect ip is  192.168.43.186
[51961.930555]                           old connect ip is  192.168.43.237
[51961.937214]                                     but it isn't seted ip , so close it
[51962.464026] accepted a http connect , new connect ip is  192.168.43.186
[51962.470832]                           old connect ip is  192.168.43.237
[51962.477497]                                     but it isn't seted ip , so close it
[51963.003826] accepted a http connect , new connect ip is  192.168.43.186
[51963.010614]                           old connect ip is  192.168.43.237
[51963.017403]                                     but it isn't seted ip , so close it
[51963.543791] accepted a http connect , new connect ip is  192.168.43.186
[51963.550598]                           old connect ip is  192.168.43.237
[51963.557294]                                     but it isn't seted ip , so close it
[51964.083826] accepted a http connect , new connect ip is  192.168.43.186
[51964.090679]                           old connect ip is  192.168.43.237
[51964.097422]                                     but it isn't seted ip , so close it
[51964.624069] accepted a http connect , new connect ip is  192.168.43.186
[51964.630928]                           old connect ip is  192.168.43.237
[51964.637631]                                     but it isn't seted ip , so close it
[51965.155721] accepted a http connect , new connect ip is  192.168.43.186
[51965.162474]                           old connect ip is  192.168.43.237
[51965.169270]                                     but it isn't seted ip , so close it
[51965.693761] accepted a http connect , new connect ip is  192.168.43.186
[51965.700492]                           old connect ip is  192.168.43.237
[51965.707147]                                     but it isn't seted ip , so close it
[51966.221092] accepted a http connect , new connect ip is  192.168.43.186
[51966.227856]                           old connect ip is  192.168.43.237
[51966.234519]                                     but it isn't seted ip , so close it
[51966.754090] accepted a http connect , new connect ip is  192.168.43.186
[51966.760954]                           old connect ip is  192.168.43.237
[51966.767627]                                     but it isn't seted ip , so close it
[51967.282685] accepted a http connect , new connect ip is  192.168.43.186
[51967.289481]                           old connect ip is  192.168.43.237
[51967.296160]                                     but it isn't seted ip , so close it
[51967.823929] accepted a http connect , new connect ip is  192.168.43.186
[51967.830755]                           old connect ip is  192.168.43.237
[51967.837466]                                     but it isn't seted ip , so close it
[51968.351617] accepted a http connect , new connect ip is  192.168.43.186
[51968.358298]                           old connect ip is  192.168.43.237
[51968.364970]                                     but it isn't seted ip , so close it
[51968.883850] accepted a http connect , new connect ip is  192.168.43.186
[51968.890521]                           old connect ip is  192.168.43.237
[51968.897192]                                     but it isn't seted ip , so close it
[51969.410366] accepted a http connect , new connect ip is  192.168.43.186
[51969.417137]                           old connect ip is  192.168.43.237
[51969.423792]                                     but it isn't seted ip , so close it
[51969.953855] accepted a http connect , new connect ip is  192.168.43.186
[51969.960620]                           old connect ip is  192.168.43.237
[51969.967267]                                     but it isn't seted ip , so close it
[51970.493774] accepted a http connect , new connect ip is  192.168.43.186
[51970.500533]                           old connect ip is  192.168.43.237
[51970.507229]                                     but it isn't seted ip , so close it
[51971.033800] accepted a http connect , new connect ip is  192.168.43.186
[51971.040555]                           old connect ip is  192.168.43.237
[51971.047228]                                     but it isn't seted ip , so close it
[51971.573839] accepted a http connect , new connect ip is  192.168.43.186
[51971.580596]                           old connect ip is  192.168.43.237
[51971.587257]                                     but it isn't seted ip , so close it
[51972.114046] accepted a http connect , new connect ip is  192.168.43.186
[51972.120821]                           old connect ip is  192.168.43.237
[51972.127473]                                     but it isn't seted ip , so close it
[51972.653782] accepted a http connect , new connect ip is  192.168.43.186
[51972.660527]                           old connect ip is  192.168.43.237
[51972.667187]                                     but it isn't seted ip , so close it
[51973.190726] accepted a http connect , new connect ip is  192.168.43.186
[51973.197622]                           old connect ip is  192.168.43.237
[51973.204354]                                     but it isn't seted ip , so close it
[51973.733768] accepted a http connect , new connect ip is  192.168.43.186
[51973.740538]                           old connect ip is  192.168.43.237
[51973.747205]                                     but it isn't seted ip , so close it
[51974.262906] accepted a http connect , new connect ip is  192.168.43.186
[51974.269660]                           old connect ip is  192.168.43.237
[51974.276354]                                     but it isn't seted ip , so close it
[51974.792082] accepted a http connect , new connect ip is  192.168.43.186
[51974.798839]                           old connect ip is  192.168.43.237
[51974.805495]                                     but it isn't seted ip , so close it
[51975.319584] accepted a http connect , new connect ip is  192.168.43.186
[51975.326319]                           old connect ip is  192.168.43.237
[51975.333009]                                     but it isn't seted ip , so close it
[51975.853744] accepted a http connect , new connect ip is  192.168.43.186
[51975.860500]                           old connect ip is  192.168.43.237
[51975.867154]                                     but it isn't seted ip , so close it
[51976.393743] accepted a http connect , new connect ip is  192.168.43.186
[51976.400522]                           old connect ip is  192.168.43.237
[51976.407174]                                     but it isn't seted ip , so close it
[51976.933908] accepted a http connect , new connect ip is  192.168.43.186
[51976.940740]                           old connect ip is  192.168.43.237
[51976.947462]                                     but it isn't seted ip , so close it
[51977.473812] accepted a http connect , new connect ip is  192.168.43.186
[51977.480555]                           old connect ip is  192.168.43.237
[51977.487229]                                     but it isn't seted ip , so close it
[51978.013722] accepted a http connect , new connect ip is  192.168.43.186
[51978.020490]                           old connect ip is  192.168.43.237
[51978.027136]                                     but it isn't seted ip , so close it
[51978.554597] accepted a http connect , new connect ip is  192.168.43.186
[51978.561331]                           old connect ip is  192.168.43.237
[51978.567983]                                     but it isn't seted ip , so close it
[51979.093896] accepted a http connect , new connect ip is  192.168.43.186
[51979.100766]                           old connect ip is  192.168.43.237
[51979.107439]                                     but it isn't seted ip , so close it
[51979.634944] accepted a http connect , new connect ip is  192.168.43.186
[51979.641703]                           old connect ip is  192.168.43.237
[51979.648454]                                     but it isn't seted ip , so close it
[51980.171689] accepted a http connect , new connect ip is  192.168.43.186
[51980.178476]                           old connect ip is  192.168.43.237
[51980.185135]                                     but it isn't seted ip , so close it
[51980.699232] accepted a http connect , new connect ip is  192.168.43.186
[51980.705981]                           old connect ip is  192.168.43.237
[51980.712657]                                     but it isn't seted ip , so close it
[51981.228514] accepted a http connect , new connect ip is  192.168.43.186
[51981.235388]                           old connect ip is  192.168.43.237
[51981.242078]                                     but it isn't seted ip , so close it
[51981.763542] accepted a http connect , new connect ip is  192.168.43.186
[51981.770285]                           old connect ip is  192.168.43.237
[51981.776955]                                     but it isn't seted ip , so close it
[51982.290983] accepted a http connect , new connect ip is  192.168.43.186
[51982.297723]                           old connect ip is  192.168.43.237
[51982.304400]                                     but it isn't seted ip , so close it
[51982.823679] accepted a http connect , new connect ip is  192.168.43.186
[51982.830425]                           old connect ip is  192.168.43.237
[51982.837105]                                     but it isn't seted ip , so close it
[51983.353473] accepted a http connect , new connect ip is  192.168.43.186
[51983.360240]                           old connect ip is  192.168.43.237
[51983.366932]                                     but it isn't seted ip , so close it
[51983.893785] accepted a http connect , new connect ip is  192.168.43.186
[51983.900543]                           old connect ip is  192.168.43.237
[51983.907205]                                     but it isn't seted ip , so close it
[51984.433530] accepted a http connect , new connect ip is  192.168.43.186
[51984.440287]                           old connect ip is  192.168.43.237
[51984.446937]                                     but it isn't seted ip , so close it
[51984.973829] accepted a http connect , new connect ip is  192.168.43.186
[51984.980603]                           old connect ip is  192.168.43.237
[51984.987255]                                     but it isn't seted ip , so close it
[51985.513730] accepted a http connect , new connect ip is  192.168.43.186
[51985.520546]                           old connect ip is  192.168.43.237
[51985.527217]                                     but it isn't seted ip , so close it
[51986.054531] accepted a http connect , new connect ip is  192.168.43.186
[51986.061272]                           old connect ip is  192.168.43.237
[51986.067940]                                     but it isn't seted ip , so close it
[51986.593718] accepted a http connect , new connect ip is  192.168.43.186
[51986.600464]                           old connect ip is  192.168.43.237
[51986.607108]                                     but it isn't seted ip , so close it
[51987.133590] accepted a http connect , new connect ip is  192.168.43.186
[51987.140345]                           old connect ip is  192.168.43.237
[51987.146994]                                     but it isn't seted ip , so close it
[51987.673567] accepted a http connect , new connect ip is  192.168.43.186
[51987.680313]                           old connect ip is  192.168.43.237
[51987.686956]                                     but it isn't seted ip , so close it
[51988.200986] accepted a http connect , new connect ip is  192.168.43.186
[51988.207782]                           old connect ip is  192.168.43.237
[51988.214445]                                     but it isn't seted ip , so close it
[51988.743486] accepted a http connect , new connect ip is  192.168.43.186
[51988.750238]                           old connect ip is  192.168.43.237
[51988.756898]                                     but it isn't seted ip , so close it
[51989.273332] accepted a http connect , new connect ip is  192.168.43.186
[51989.280082]                           old connect ip is  192.168.43.237
[51989.286724]                                     but it isn't seted ip , so close it
[51989.813564] accepted a http connect , new connect ip is  192.168.43.186
[51989.820303]                           old connect ip is  192.168.43.237
[51989.826946]                                     but it isn't seted ip , so close it
[51990.341188] accepted a http connect , new connect ip is  192.168.43.186
[51990.347982]                           old connect ip is  192.168.43.237
[51990.354652]                                     but it isn't seted ip , so close it
[51990.873671] accepted a http connect , new connect ip is  192.168.43.186
[51990.880464]                           old connect ip is  192.168.43.237
[51990.887177]                                     but it isn't seted ip , so close it
[51991.402437] accepted a http connect , new connect ip is  192.168.43.186
[51991.409317]                           old connect ip is  192.168.43.237
[51991.416013]                                     but it isn't seted ip , so close it
[51991.944101] accepted a http connect , new connect ip is  192.168.43.186
[51991.950934]                           old connect ip is  192.168.43.237
[51991.957654]                                     but it isn't seted ip , so close it
[51992.473573] accepted a http connect , new connect ip is  192.168.43.186
[51992.480436]                           old connect ip is  192.168.43.237
[51992.487157]                                     but it isn't seted ip , so close it
[51993.013499] accepted a http connect , new connect ip is  192.168.43.186
[51993.020471]                           old connect ip is  192.168.43.237
[51993.027214]                                     but it isn't seted ip , so close it
[51993.553591] accepted a http connect , new connect ip is  192.168.43.186
[51993.560332]                           old connect ip is  192.168.43.237
[51993.567021]                                     but it isn't seted ip , so close it
[51994.093458] accepted a http connect , new connect ip is  192.168.43.186
[51994.100222]                           old connect ip is  192.168.43.237
[51994.106874]                                     but it isn't seted ip , so close it
[51994.633637] accepted a http connect , new connect ip is  192.168.43.186
[51994.640410]                           old connect ip is  192.168.43.237
[51994.647060]                                     but it isn't seted ip , so close it
[51995.173545] accepted a http connect , new connect ip is  192.168.43.186
[51995.180343]                           old connect ip is  192.168.43.237
[51995.187032]                                     but it isn't seted ip , so close it
[51995.712930] accepted a http connect , new connect ip is  192.168.43.186
[51995.719663]                           old connect ip is  192.168.43.237
[51995.726321]                                     but it isn't seted ip , so close it
[51996.240171] accepted a http connect , new connect ip is  192.168.43.186
[51996.246927]                           old connect ip is  192.168.43.237
[51996.253585]                                     but it isn't seted ip , so close it
[51996.773922] accepted a http connect , new connect ip is  192.168.43.186
[51996.780727]                           old connect ip is  192.168.43.237
[51996.787401]                                     but it isn't seted ip , so close it
[51997.303505] accepted a http connect , new connect ip is  192.168.43.186
[51997.310316]                           old connect ip is  192.168.43.237
[51997.317063]                                     but it isn't seted ip , so close it
[51997.843583] accepted a http connect , new connect ip is  192.168.43.186
[51997.850361]                           old connect ip is  192.168.43.237
[51997.857026]                                     but it isn't seted ip , so close it
[51998.371170] accepted a http connect , new connect ip is  192.168.43.186
[51998.377942]                           old connect ip is  192.168.43.237
[51998.384596]                                     but it isn't seted ip , so close it
[51998.903446] accepted a http connect , new connect ip is  192.168.43.186
[51998.910185]                           old connect ip is  192.168.43.237
[51998.916930]                                     but it isn't seted ip , so close it
[51999.443549] accepted a http connect , new connect ip is  192.168.43.186
[51999.450323]                           old connect ip is  192.168.43.237
[51999.456978]                                     but it isn't seted ip , so close it
[51999.983540] accepted a http connect , new connect ip is  192.168.43.186
[51999.990279]                           old connect ip is  192.168.43.237
[51999.996939]                                     but it isn't seted ip , so close it
[52000.523540] accepted a http connect , new connect ip is  192.168.43.186
[52000.530299]                           old connect ip is  192.168.43.237
[52000.536950]                                     but it isn't seted ip , so close it
[52001.063470] accepted a http connect , new connect ip is  192.168.43.186
[52001.070235]                           old connect ip is  192.168.43.237
[52001.076890]                                     but it isn't seted ip , so close it
[52001.603550] accepted a http connect , new connect ip is  192.168.43.186
[52001.610310]                           old connect ip is  192.168.43.237
[52001.616965]                                     but it isn't seted ip , so close it
[52002.143605] accepted a http connect , new connect ip is  192.168.43.186
[52002.150305]                           old connect ip is  192.168.43.237
[52002.156956]                                     but it isn't seted ip , so close it
[52002.673428] accepted a http connect , new connect ip is  192.168.43.186
[52002.680117]                           old connect ip is  192.168.43.237
[52002.686761]                                     but it isn't seted ip , so close it
[52003.204818] accepted a http connect , new connect ip is  192.168.43.186
[52003.211516]                           old connect ip is  192.168.43.237
[52003.218176]                                     but it isn't seted ip , so close it
[52003.744068] accepted a http connect , new connect ip is  192.168.43.186
[52003.750739]                           old connect ip is  192.168.43.237
[52003.757386]                                     but it isn't seted ip , so close it
[52004.271256] accepted a http connect , new connect ip is  192.168.43.186
[52004.278111]                           old connect ip is  192.168.43.237
[52004.285114]                                     but it isn't seted ip , so close it
[52004.813362] accepted a http connect , new connect ip is  192.168.43.186
[52004.820150]                           old connect ip is  192.168.43.237
[52004.826832]                                     but it isn't seted ip , so close it
[52005.341208] accepted a http connect , new connect ip is  192.168.43.186
[52005.347994]                           old connect ip is  192.168.43.237
[52005.354675]                                     but it isn't seted ip , so close it
[52005.873433] accepted a http connect , new connect ip is  192.168.43.186
[52005.880180]                           old connect ip is  192.168.43.237
[52005.886853]                                     but it isn't seted ip , so close it
[52006.402269] accepted a http connect , new connect ip is  192.168.43.186
[52006.409089]                           old connect ip is  192.168.43.237
[52006.415765]                                     but it isn't seted ip , so close it
[52006.933423] accepted a http connect , new connect ip is  192.168.43.186
[52006.940175]                           old connect ip is  192.168.43.237
[52006.946965]                                     but it isn't seted ip , so close it
[52007.473399] accepted a http connect , new connect ip is  192.168.43.186
[52007.480130]                           old connect ip is  192.168.43.237
[52007.486791]                                     but it isn't seted ip , so close it
[52008.013390] accepted a http connect , new connect ip is  192.168.43.186
[52008.020142]                           old connect ip is  192.168.43.237
[52008.026793]                                     but it isn't seted ip , so close it
[52008.553430] accepted a http connect , new connect ip is  192.168.43.186
[52008.560198]                           old connect ip is  192.168.43.237
[52008.566859]                                     but it isn't seted ip , so close it
[52009.094652] accepted a http connect , new connect ip is  192.168.43.186
[52009.101476]                           old connect ip is  192.168.43.237
[52009.108154]                                     but it isn't seted ip , so close it
[52009.633574] accepted a http connect , new connect ip is  192.168.43.186
[52009.640338]                           old connect ip is  192.168.43.237
[52009.647008]                                     but it isn't seted ip , so close it
[52010.173396] accepted a http connect , new connect ip is  192.168.43.186
[52010.180140]                           old connect ip is  192.168.43.237
[52010.186803]                                     but it isn't seted ip , so close it
[52010.713311] accepted a http connect , new connect ip is  192.168.43.186
[52010.720056]                           old connect ip is  192.168.43.237
[52010.726709]                                     but it isn't seted ip , so close it
[52011.241463] accepted a http connect , new connect ip is  192.168.43.186
[52011.248630]                           old connect ip is  192.168.43.237
[52011.255330]                                     but it isn't seted ip , so close it
[52011.783336] accepted a http connect , new connect ip is  192.168.43.186
[52011.790090]                           old connect ip is  192.168.43.237
[52011.796758]                                     but it isn't seted ip , so close it
[52012.313586] accepted a http connect , new connect ip is  192.168.43.186
[52012.320403]                           old connect ip is  192.168.43.237
[52012.327101]                                     but it isn't seted ip , so close it
[52012.853246] accepted a http connect , new connect ip is  192.168.43.186
[52012.859915]                           old connect ip is  192.168.43.237
[52012.866555]                                     but it isn't seted ip , so close it
[52013.379399] accepted a http connect , new connect ip is  192.168.43.186
[52013.386071]                           old connect ip is  192.168.43.237
[52013.392702]                                     but it isn't seted ip , so close it
[52013.913346] accepted a http connect , new connect ip is  192.168.43.186
[52013.920093]                           old connect ip is  192.168.43.237
[52013.926744]                                     but it isn't seted ip , so close it
[52014.453445] accepted a http connect , new connect ip is  192.168.43.186
[52014.460200]                           old connect ip is  192.168.43.237
[52014.466867]                                     but it isn't seted ip , so close it
[52014.984716] accepted a http connect , new connect ip is  192.168.43.186
[52014.991524]                           old connect ip is  192.168.43.237
[52014.998210]                                     but it isn't seted ip , so close it
[52015.514806] accepted a http connect , new connect ip is  192.168.43.186
[52015.521676]                           old connect ip is  192.168.43.237
[52015.528386]                                     but it isn't seted ip , so close it
[52016.053614] accepted a http connect , new connect ip is  192.168.43.186
[52016.060530]                           old connect ip is  192.168.43.237
[52016.067205]                                     but it isn't seted ip , so close it
[52016.593349] accepted a http connect , new connect ip is  192.168.43.186
[52016.600091]                           old connect ip is  192.168.43.237
[52016.606761]                                     but it isn't seted ip , so close it
[52017.133389] accepted a http connect , new connect ip is  192.168.43.186
[52017.140138]                           old connect ip is  192.168.43.237
[52017.146795]                                     but it isn't seted ip , so close it
[52017.673310] accepted a http connect , new connect ip is  192.168.43.186
[52017.680061]                           old connect ip is  192.168.43.237
[52017.686706]                                     but it isn't seted ip , so close it
[52018.214759] accepted a http connect , new connect ip is  192.168.43.186
[52018.221509]                           old connect ip is  192.168.43.237
[52018.228173]                                     but it isn't seted ip , so close it
[52018.753381] accepted a http connect , new connect ip is  192.168.43.186
[52018.760127]                           old connect ip is  192.168.43.237
[52018.766772]                                     but it isn't seted ip , so close it
[52019.280889] accepted a http connect , new connect ip is  192.168.43.186
[52019.287642]                           old connect ip is  192.168.43.237
[52019.294320]                                     but it isn't seted ip , so close it
[52019.813539] accepted a http connect , new connect ip is  192.168.43.186
[52019.820281]                           old connect ip is  192.168.43.237
[52019.826934]                                     but it isn't seted ip , so close it
[52020.341060] accepted a http connect , new connect ip is  192.168.43.186
[52020.347829]                           old connect ip is  192.168.43.237
[52020.354497]                                     but it isn't seted ip , so close it
[52020.876476] accepted a http connect , new connect ip is  192.168.43.186
[52020.883190]                           old connect ip is  192.168.43.237
[52020.889858]                                     but it isn't seted ip , so close it
[52021.406555] accepted a http connect , new connect ip is  192.168.43.186
[52021.413326]                           old connect ip is  192.168.43.237
[52021.419998]                                     but it isn't seted ip , so close it
[52021.954577] accepted a http connect , new connect ip is  192.168.43.186
[52021.961311]                           old connect ip is  192.168.43.237
[52021.967977]                                     but it isn't seted ip , so close it
[52022.493440] accepted a http connect , new connect ip is  192.168.43.186
[52022.500317]                           old connect ip is  192.168.43.237
[52022.507043]                                     but it isn't seted ip , so close it
[52023.033425] accepted a http connect , new connect ip is  192.168.43.186
[52023.040289]                           old connect ip is  192.168.43.237
[52023.046987]                                     but it isn't seted ip , so close it
[52023.573244] accepted a http connect , new connect ip is  192.168.43.186
[52023.579991]                           old connect ip is  192.168.43.237
[52023.586660]                                     but it isn't seted ip , so close it
[52024.113254] accepted a http connect , new connect ip is  192.168.43.186
[52024.120060]                           old connect ip is  192.168.43.237
[52024.126716]                                     but it isn't seted ip , so close it
[52024.653219] accepted a http connect , new connect ip is  192.168.43.186
[52024.659979]                           old connect ip is  192.168.43.237
[52024.666620]                                     but it isn't seted ip , so close it
[52025.193279] accepted a http connect , new connect ip is  192.168.43.186
[52025.200030]                           old connect ip is  192.168.43.237
[52025.206673]                                     but it isn't seted ip , so close it
[52025.733159] accepted a http connect , new connect ip is  192.168.43.186
[52025.739897]                           old connect ip is  192.168.43.237
[52025.746594]                                     but it isn't seted ip , so close it
[52026.261164] accepted a http connect , new connect ip is  192.168.43.186
[52026.268018]                           old connect ip is  192.168.43.237
[52026.274756]                                     but it isn't seted ip , so close it
[52026.803487] accepted a http connect , new connect ip is  192.168.43.186
[52026.810540]                           old connect ip is  192.168.43.237
[52026.817293]                                     but it isn't seted ip , so close it
[52027.338703] accepted a http connect , new connect ip is  192.168.43.186
[52027.345465]                           old connect ip is  192.168.43.237
[52027.352131]                                     but it isn't seted ip , so close it
[52027.873101] accepted a http connect , new connect ip is  192.168.43.186
[52027.879829]                           old connect ip is  192.168.43.237
[52027.886501]                                     but it isn't seted ip , so close it
[52028.401288] accepted a http connect , new connect ip is  192.168.43.186
[52028.408045]                           old connect ip is  192.168.43.237
[52028.414735]                                     but it isn't seted ip , so close it
[52028.933335] accepted a http connect , new connect ip is  192.168.43.186
[52028.940073]                           old connect ip is  192.168.43.237
[52028.946719]                                     but it isn't seted ip , so close it
[52029.473564] accepted a http connect , new connect ip is  192.168.43.186
[52029.480306]                           old connect ip is  192.168.43.237
[52029.486968]                                     but it isn't seted ip , so close it
[52030.013354] accepted a http connect , new connect ip is  192.168.43.186
[52030.020086]                           old connect ip is  192.168.43.237
[52030.026732]                                     but it isn't seted ip , so close it
[52030.553277] accepted a http connect , new connect ip is  192.168.43.186
[52030.560035]                           old connect ip is  192.168.43.237
[52030.566687]                                     but it isn't seted ip , so close it
[52031.093144] accepted a http connect , new connect ip is  192.168.43.186
[52031.099879]                           old connect ip is  192.168.43.237
[52031.106523]                                     but it isn't seted ip , so close it
[52031.633201] accepted a http connect , new connect ip is  192.168.43.186
[52031.639962]                           old connect ip is  192.168.43.237
[52031.646620]                                     but it isn't seted ip , so close it
[52032.173238] accepted a http connect , new connect ip is  192.168.43.186
[52032.179997]                           old connect ip is  192.168.43.237
[52032.186672]                                     but it isn't seted ip , so close it
[52032.713153] accepted a http connect , new connect ip is  192.168.43.186
[52032.719909]                           old connect ip is  192.168.43.237
[52032.726587]                                     but it isn't seted ip , so close it
[52033.246743] accepted a http connect , new connect ip is  192.168.43.186
[52033.253608]                           old connect ip is  192.168.43.237
[52033.260332]                                     but it isn't seted ip , so close it
[52033.783486] accepted a http connect , new connect ip is  192.168.43.186
[52033.790314]                           old connect ip is  192.168.43.237
[52033.796994]                                     but it isn't seted ip , so close it
[52034.311455] accepted a http connect , new connect ip is  192.168.43.186
[52034.318152]                           old connect ip is  192.168.43.237
[52034.324813]                                     but it isn't seted ip , so close it
[52034.843106] accepted a http connect , new connect ip is  192.168.43.186
[52034.849914]                           old connect ip is  192.168.43.237
[52034.856588]                                     but it isn't seted ip , so close it
[52035.371359] accepted a http connect , new connect ip is  192.168.43.186
[52035.378118]                           old connect ip is  192.168.43.237
[52035.384769]                                     but it isn't seted ip , so close it
[52035.903075] accepted a http connect , new connect ip is  192.168.43.186
[52035.909811]                           old connect ip is  192.168.43.237
[52035.916482]                                     but it isn't seted ip , so close it
[52036.431207] accepted a http connect , new connect ip is  192.168.43.186
[52036.438054]                           old connect ip is  192.168.43.237
[52036.444732]                                     but it isn't seted ip , so close it
[52036.973128] accepted a http connect , new connect ip is  192.168.43.186
[52036.979894]                           old connect ip is  192.168.43.237
[52036.986579]                                     but it isn't seted ip , so close it
[52037.513278] accepted a http connect , new connect ip is  192.168.43.186
[52037.520054]                           old connect ip is  192.168.43.237
[52037.526704]                                     but it isn't seted ip , so close it
[52038.053226] accepted a http connect , new connect ip is  192.168.43.186
[52038.059972]                           old connect ip is  192.168.43.237
[52038.066648]                                     but it isn't seted ip , so close it
[52038.583542] accepted a http connect , new connect ip is  192.168.43.186
[52038.590319]                           old connect ip is  192.168.43.237
[52038.597014]                                     but it isn't seted ip , so close it
[52039.116519] accepted a http connect , new connect ip is  192.168.43.186
[52039.123241]                           old connect ip is  192.168.43.237
[52039.129890]                                     but it isn't seted ip , so close it
[52039.656449] accepted a http connect , new connect ip is  192.168.43.186
[52039.663149]                           old connect ip is  192.168.43.237
[52039.669838]                                     but it isn't seted ip , so close it
[52040.193098] accepted a http connect , new connect ip is  192.168.43.186
[52040.199831]                           old connect ip is  192.168.43.237
[52040.206483]                                     but it isn't seted ip , so close it
[52040.733026] accepted a http connect , new connect ip is  192.168.43.186
[52040.739869]                           old connect ip is  192.168.43.237
[52040.746552]                                     but it isn't seted ip , so close it
[52041.260693] accepted a http connect , new connect ip is  192.168.43.186
[52041.267458]                           old connect ip is  192.168.43.237
[52041.274118]                                     but it isn't seted ip , so close it
[52041.792986] accepted a http connect , new connect ip is  192.168.43.186
[52041.799720]                           old connect ip is  192.168.43.237
[52041.806368]                                     but it isn't seted ip , so close it
[52042.320533] accepted a http connect , new connect ip is  192.168.43.186
[52042.327328]                           old connect ip is  192.168.43.237
[52042.334005]                                     but it isn't seted ip , so close it
[52042.853033] accepted a http connect , new connect ip is  192.168.43.186
[52042.859773]                           old connect ip is  192.168.43.237
[52042.866416]                                     but it isn't seted ip , so close it
[52043.380442] accepted a http connect , new connect ip is  192.168.43.186
[52043.387200]                           old connect ip is  192.168.43.237
[52043.393926]                                     but it isn't seted ip , so close it
[52043.913237] accepted a http connect , new connect ip is  192.168.43.186
[52043.920137]                           old connect ip is  192.168.43.237
[52043.926803]                                     but it isn't seted ip , so close it
[52044.440785] accepted a http connect , new connect ip is  192.168.43.186
[52044.447546]                           old connect ip is  192.168.43.237
[52044.454213]                                     but it isn't seted ip , so close it
[52044.973071] accepted a http connect , new connect ip is  192.168.43.186
[52044.979831]                           old connect ip is  192.168.43.237
[52044.986486]                                     but it isn't seted ip , so close it
[52045.513247] accepted a http connect , new connect ip is  192.168.43.186
[52045.520010]                           old connect ip is  192.168.43.237
[52045.526689]                                     but it isn't seted ip , so close it
[52046.053267] accepted a http connect , new connect ip is  192.168.43.186
[52046.060069]                           old connect ip is  192.168.43.237
[52046.066715]                                     but it isn't seted ip , so close it
[52046.592977] accepted a http connect , new connect ip is  192.168.43.186
[52046.599735]                           old connect ip is  192.168.43.237
[52046.606396]                                     but it isn't seted ip , so close it
[52047.133089] accepted a http connect , new connect ip is  192.168.43.186
[52047.139891]                           old connect ip is  192.168.43.237
[52047.146536]                                     but it isn't seted ip , so close it
[52047.673163] accepted a http connect , new connect ip is  192.168.43.186
[52047.679926]                           old connect ip is  192.168.43.237
[52047.686572]                                     but it isn't seted ip , so close it
[52048.213167] accepted a http connect , new connect ip is  192.168.43.186
[52048.219914]                           old connect ip is  192.168.43.237
[52048.226559]                                     but it isn't seted ip , so close it
[52048.753089] accepted a http connect , new connect ip is  192.168.43.186
[52048.759823]                           old connect ip is  192.168.43.237
[52048.766487]                                     but it isn't seted ip , so close it
[52049.280467] accepted a http connect , new connect ip is  192.168.43.186
[52049.287293]                           old connect ip is  192.168.43.237
[52049.293997]                                     but it isn't seted ip , so close it
[52049.809328] accepted a http connect , new connect ip is  192.168.43.186
[52049.816099]                           old connect ip is  192.168.43.237
[52049.822747]                                     but it isn't seted ip , so close it
[52050.336732] accepted a http connect , new connect ip is  192.168.43.186
[52050.343492]                           old connect ip is  192.168.43.237
[52050.350151]                                     but it isn't seted ip , so close it
[52050.874262] accepted a http connect , new connect ip is  192.168.43.186
[52050.881123]                           old connect ip is  192.168.43.237
[52050.887800]                                     but it isn't seted ip , so close it
[52051.405039] accepted a http connect , new connect ip is  192.168.43.186
[52051.411766]                           old connect ip is  192.168.43.237
[52051.418459]                                     but it isn't seted ip , so close it
[52051.942941] accepted a http connect , new connect ip is  192.168.43.186
[52051.949683]                           old connect ip is  192.168.43.237
[52051.956375]                                     but it isn't seted ip , so close it
[52052.471536] accepted a http connect , new connect ip is  192.168.43.186
[52052.478334]                           old connect ip is  192.168.43.237
[52052.485006]                                     but it isn't seted ip , so close it
[52053.002914] accepted a http connect , new connect ip is  192.168.43.186
[52053.009656]                           old connect ip is  192.168.43.237
[52053.016327]                                     but it isn't seted ip , so close it
[52053.542867] accepted a http connect , new connect ip is  192.168.43.186
[52053.549600]                           old connect ip is  192.168.43.237
[52053.556282]                                     but it isn't seted ip , so close it
[52054.083064] accepted a http connect , new connect ip is  192.168.43.186
[52054.089802]                           old connect ip is  192.168.43.237
[52054.096474]                                     but it isn't seted ip , so close it
[52054.623208] accepted a http connect , new connect ip is  192.168.43.186
[52054.630027]                           old connect ip is  192.168.43.237
[52054.636751]                                     but it isn't seted ip , so close it
[52055.163211] accepted a http connect , new connect ip is  192.168.43.186
[52055.169953]                           old connect ip is  192.168.43.237
[52055.176745]                                     but it isn't seted ip , so close it
[52055.702863] accepted a http connect , new connect ip is  192.168.43.186
[52055.709625]                           old connect ip is  192.168.43.237
[52055.716289]                                     but it isn't seted ip , so close it
[52056.242904] accepted a http connect , new connect ip is  192.168.43.186
[52056.249654]                           old connect ip is  192.168.43.237
[52056.256323]                                     but it isn't seted ip , so close it
[52056.783146] accepted a http connect , new connect ip is  192.168.43.186
[52056.789966]                           old connect ip is  192.168.43.237
[52056.796681]                                     but it isn't seted ip , so close it
[52057.312233] accepted a http connect , new connect ip is  192.168.43.186
[52057.319028]                           old connect ip is  192.168.43.237
[52057.326033]                                     but it isn't seted ip , so close it
[52057.852808] accepted a http connect , new connect ip is  192.168.43.186
[52057.859560]                           old connect ip is  192.168.43.237
[52057.866226]                                     but it isn't seted ip , so close it
[52058.380437] accepted a http connect , new connect ip is  192.168.43.186
[52058.387185]                           old connect ip is  192.168.43.237
[52058.393846]                                     but it isn't seted ip , so close it
[52058.912934] accepted a http connect , new connect ip is  192.168.43.186
[52058.919666]                           old connect ip is  192.168.43.237
[52058.926318]                                     but it isn't seted ip , so close it
[52059.440491] accepted a http connect , new connect ip is  192.168.43.186
[52059.447255]                           old connect ip is  192.168.43.237
[52059.453913]                                     but it isn't seted ip , so close it
[52059.973321] accepted a http connect , new connect ip is  192.168.43.186
[52059.980107]                           old connect ip is  192.168.43.237
[52059.986864]                                     but it isn't seted ip , so close it
[52060.513030] accepted a http connect , new connect ip is  192.168.43.186
[52060.519850]                           old connect ip is  192.168.43.237
[52060.526566]                                     but it isn't seted ip , so close it
[52061.053016] accepted a http connect , new connect ip is  192.168.43.186
[52061.059771]                           old connect ip is  192.168.43.237
[52061.066415]                                     but it isn't seted ip , so close it
[52061.581172] accepted a http connect , new connect ip is  192.168.43.186
[52061.587926]                           old connect ip is  192.168.43.237
[52061.594588]                                     but it isn't seted ip , so close it
[52062.122835] accepted a http connect , new connect ip is  192.168.43.186
[52062.129569]                           old connect ip is  192.168.43.237
[52062.136384]                                     but it isn't seted ip , so close it
[52062.652668] accepted a http connect , new connect ip is  192.168.43.186
[52062.659425]                           old connect ip is  192.168.43.237
[52062.666111]                                     but it isn't seted ip , so close it
[52063.193245] accepted a http connect , new connect ip is  192.168.43.186
[52063.200044]                           old connect ip is  192.168.43.237
[52063.206772]                                     but it isn't seted ip , so close it
[52063.733518] accepted a http connect , new connect ip is  192.168.43.186
[52063.740294]                           old connect ip is  192.168.43.237
[52063.746971]                                     but it isn't seted ip , so close it
[52064.273062] accepted a http connect , new connect ip is  192.168.43.186
[52064.279865]                           old connect ip is  192.168.43.237
[52064.286651]                                     but it isn't seted ip , so close it
[52064.812854] accepted a http connect , new connect ip is  192.168.43.186
[52064.819603]                           old connect ip is  192.168.43.237
[52064.826258]                                     but it isn't seted ip , so close it
[52065.340545] accepted a http connect , new connect ip is  192.168.43.186
[52065.347320]                           old connect ip is  192.168.43.237
[52065.353989]                                     but it isn't seted ip , so close it
[52065.873035] accepted a http connect , new connect ip is  192.168.43.186
[52065.879783]                           old connect ip is  192.168.43.237
[52065.886425]                                     but it isn't seted ip , so close it
[52066.402083] accepted a http connect , new connect ip is  192.168.43.186
[52066.408864]                           old connect ip is  192.168.43.237
[52066.415539]                                     but it isn't seted ip , so close it
[52066.943061] accepted a http connect , new connect ip is  192.168.43.186
[52066.949853]                           old connect ip is  192.168.43.237
[52066.956520]                                     but it isn't seted ip , so close it
[52067.473536] accepted a http connect , new connect ip is  192.168.43.186
[52067.480290]                           old connect ip is  192.168.43.237
[52067.486936]                                     but it isn't seted ip , so close it
[52068.012898] accepted a http connect , new connect ip is  192.168.43.186
[52068.019647]                           old connect ip is  192.168.43.237
[52068.026372]                                     but it isn't seted ip , so close it
[52068.552864] accepted a http connect , new connect ip is  192.168.43.186
[52068.559624]                           old connect ip is  192.168.43.237
[52068.566279]                                     but it isn't seted ip , so close it
[52069.093035] accepted a http connect , new connect ip is  192.168.43.186
[52069.099875]                           old connect ip is  192.168.43.237
[52069.106583]                                     but it isn't seted ip , so close it
[52069.635958] accepted a http connect , new connect ip is  192.168.43.186
[52069.642633]                           old connect ip is  192.168.43.237
[52069.649298]                                     but it isn't seted ip , so close it
[52070.172842] accepted a http connect , new connect ip is  192.168.43.186
[52070.179536]                           old connect ip is  192.168.43.237
[52070.186186]                                     but it isn't seted ip , so close it
[52070.702778] accepted a http connect , new connect ip is  192.168.43.186
[52070.709445]                           old connect ip is  192.168.43.237
[52070.716108]                                     but it isn't seted ip , so close it
[52071.232910] accepted a http connect , new connect ip is  192.168.43.186
[52071.239718]                           old connect ip is  192.168.43.237
[52071.246370]                                     but it isn't seted ip , so close it
[52071.772739] accepted a http connect , new connect ip is  192.168.43.186
[52071.779483]                           old connect ip is  192.168.43.237
[52071.786140]                                     but it isn't seted ip , so close it
[52072.304574] accepted a http connect , new connect ip is  192.168.43.186
[52072.311332]                           old connect ip is  192.168.43.237
[52072.318007]                                     but it isn't seted ip , so close it
[52072.842807] accepted a http connect , new connect ip is  192.168.43.186
[52072.849646]                           old connect ip is  192.168.43.237
[52072.856360]                                     but it isn't seted ip , so close it
[52073.371839] accepted a http connect , new connect ip is  192.168.43.186
[52073.378688]                           old connect ip is  192.168.43.237
[52073.385359]                                     but it isn't seted ip , so close it
[52073.912973] accepted a http connect , new connect ip is  192.168.43.186
[52073.919753]                           old connect ip is  192.168.43.237
[52073.926410]                                     but it isn't seted ip , so close it
[52074.440431] accepted a http connect , new connect ip is  192.168.43.186
[52074.447183]                           old connect ip is  192.168.43.237
[52074.453842]                                     but it isn't seted ip , so close it
[52074.972682] accepted a http connect , new connect ip is  192.168.43.186
[52074.979451]                           old connect ip is  192.168.43.237
[52074.986101]                                     but it isn't seted ip , so close it
[52075.503343] accepted a http connect , new connect ip is  192.168.43.186
[52075.510108]                           old connect ip is  192.168.43.237
[52075.516793]                                     but it isn't seted ip , so close it
[52076.042797] accepted a http connect , new connect ip is  192.168.43.186
[52076.049464]                           old connect ip is  192.168.43.237
[52076.056119]                                     but it isn't seted ip , so close it
[52076.582687] accepted a http connect , new connect ip is  192.168.43.186
[52076.589431]                           old connect ip is  192.168.43.237
[52076.596102]                                     but it isn't seted ip , so close it
[52077.122785] accepted a http connect , new connect ip is  192.168.43.186
[52077.129550]                           old connect ip is  192.168.43.237
[52077.136231]                                     but it isn't seted ip , so close it
[52077.662642] accepted a http connect , new connect ip is  192.168.43.186
[52077.669388]                           old connect ip is  192.168.43.237
[52077.676070]                                     but it isn't seted ip , so close it
[52078.202654] accepted a http connect , new connect ip is  192.168.43.186
[52078.209390]                           old connect ip is  192.168.43.237
[52078.216052]                                     but it isn't seted ip , so close it
[52078.742804] accepted a http connect , new connect ip is  192.168.43.186
[52078.749547]                           old connect ip is  192.168.43.237
[52078.756225]                                     but it isn't seted ip , so close it
[52079.282677] accepted a http connect , new connect ip is  192.168.43.186
[52079.289435]                           old connect ip is  192.168.43.237
[52079.296116]                                     but it isn't seted ip , so close it
[52079.822765] accepted a http connect , new connect ip is  192.168.43.186
[52079.829530]                           old connect ip is  192.168.43.237
[52079.836192]                                     but it isn't seted ip , so close it
[52080.350183] accepted a http connect , new connect ip is  192.168.43.186
[52080.356944]                           old connect ip is  192.168.43.237
[52080.363590]                                     but it isn't seted ip , so close it
[52080.892817] accepted a http connect , new connect ip is  192.168.43.186
[52080.899603]                           old connect ip is  192.168.43.237
[52080.906292]                                     but it isn't seted ip , so close it
[52081.422703] accepted a http connect , new connect ip is  192.168.43.186
[52081.429622]                           old connect ip is  192.168.43.237
[52081.436314]                                     but it isn't seted ip , so close it
[52081.962779] accepted a http connect , new connect ip is  192.168.43.186
[52081.969527]                           old connect ip is  192.168.43.237
[52081.976208]                                     but it isn't seted ip , so close it
[52082.499744] accepted a http connect , new connect ip is  192.168.43.186
[52082.506497]                           old connect ip is  192.168.43.237
[52082.513163]                                     but it isn't seted ip , so close it
[52083.033113] accepted a http connect , new connect ip is  192.168.43.186
[52083.039857]                           old connect ip is  192.168.43.237
[52083.046512]                                     but it isn't seted ip , so close it
[52083.572685] accepted a http connect , new connect ip is  192.168.43.186
[52083.579440]                           old connect ip is  192.168.43.237
[52083.586103]                                     but it isn't seted ip , so close it
[52084.113235] accepted a http connect , new connect ip is  192.168.43.186
[52084.119978]                           old connect ip is  192.168.43.237
[52084.126621]                                     but it isn't seted ip , so close it
[52084.652842] accepted a http connect , new connect ip is  192.168.43.186
[52084.659615]                           old connect ip is  192.168.43.237
[52084.666272]                                     but it isn't seted ip , so close it
[52085.192688] accepted a http connect , new connect ip is  192.168.43.186
[52085.199502]                           old connect ip is  192.168.43.237
[52085.206154]                                     but it isn't seted ip , so close it
[52085.732742] accepted a http connect , new connect ip is  192.168.43.186
[52085.739499]                           old connect ip is  192.168.43.237
[52085.746169]                                     but it isn't seted ip , so close it
[52086.272698] accepted a http connect , new connect ip is  192.168.43.186
[52086.279446]                           old connect ip is  192.168.43.237
[52086.286104]                                     but it isn't seted ip , so close it
[52086.812755] accepted a http connect , new connect ip is  192.168.43.186
[52086.819576]                           old connect ip is  192.168.43.237
[52086.826268]                                     but it isn't seted ip , so close it
[52087.343008] accepted a http connect , new connect ip is  192.168.43.186
[52087.349790]                           old connect ip is  192.168.43.237
[52087.356473]                                     but it isn't seted ip , so close it
[52087.882781] accepted a http connect , new connect ip is  192.168.43.186
[52087.889634]                           old connect ip is  192.168.43.237
[52087.896369]                                     but it isn't seted ip , so close it
[52088.411508] accepted a http connect , new connect ip is  192.168.43.186
[52088.418272]                           old connect ip is  192.168.43.237
[52088.424921]                                     but it isn't seted ip , so close it
[52088.942654] accepted a http connect , new connect ip is  192.168.43.186
[52088.949415]                           old connect ip is  192.168.43.237
[52088.956073]                                     but it isn't seted ip , so close it
[52089.470879] accepted a http connect , new connect ip is  192.168.43.186
[52089.477566]                           old connect ip is  192.168.43.237
[52089.484216]                                     but it isn't seted ip , so close it
[52090.002736] accepted a http connect , new connect ip is  192.168.43.186
[52090.009431]                           old connect ip is  192.168.43.237
[52090.016077]                                     but it isn't seted ip , so close it
[52090.528905] accepted a http connect , new connect ip is  192.168.43.186
[52090.535781]                           old connect ip is  192.168.43.237
[52090.542469]                                     but it isn't seted ip , so close it
[52091.072787] accepted a http connect , new connect ip is  192.168.43.186
[52091.079542]                           old connect ip is  192.168.43.237
[52091.086186]                                     but it isn't seted ip , so close it
[52091.612538] accepted a http connect , new connect ip is  192.168.43.186
[52091.619282]                           old connect ip is  192.168.43.237
[52091.625938]                                     but it isn't seted ip , so close it
[52092.146105] accepted a http connect , new connect ip is  192.168.43.186
[52092.152860]                           old connect ip is  192.168.43.237
[52092.159524]                                     but it isn't seted ip , so close it
[52092.682716] accepted a http connect , new connect ip is  192.168.43.186
[52092.689471]                           old connect ip is  192.168.43.237
[52092.696149]                                     but it isn't seted ip , so close it
[52093.224344] accepted a http connect , new connect ip is  192.168.43.186
[52093.231085]                           old connect ip is  192.168.43.237
[52093.237805]                                     but it isn't seted ip , so close it
[52093.762655] accepted a http connect , new connect ip is  192.168.43.186
[52093.769413]                           old connect ip is  192.168.43.237
[52093.776156]                                     but it isn't seted ip , so close it
[52094.302760] accepted a http connect , new connect ip is  192.168.43.186
[52094.309656]                           old connect ip is  192.168.43.237
[52094.316363]                                     but it isn't seted ip , so close it
[52094.842618] accepted a http connect , new connect ip is  192.168.43.186
[52094.849355]                           old connect ip is  192.168.43.237
[52094.856040]                                     but it isn't seted ip , so close it
[52095.373678] accepted a http connect , new connect ip is  192.168.43.186
[52095.380432]                           old connect ip is  192.168.43.237
[52095.387083]                                     but it isn't seted ip , so close it
[52095.901432] accepted a http connect , new connect ip is  192.168.43.186
[52095.908199]                           old connect ip is  192.168.43.237
[52095.914861]                                     but it isn't seted ip , so close it
[52096.429279] accepted a http connect , new connect ip is  192.168.43.186
[52096.436063]                           old connect ip is  192.168.43.237
[52096.442802]                                     but it isn't seted ip , so close it
[52096.962631] accepted a http connect , new connect ip is  192.168.43.186
[52096.969390]                           old connect ip is  192.168.43.237
[52096.976060]                                     but it isn't seted ip , so close it
[52097.493433] accepted a http connect , new connect ip is  192.168.43.186
[52097.500290]                           old connect ip is  192.168.43.237
[52097.506987]                                     but it isn't seted ip , so close it
[52098.032519] accepted a http connect , new connect ip is  192.168.43.186
[52098.039311]                           old connect ip is  192.168.43.237
[52098.046005]                                     but it isn't seted ip , so close it
[52098.572654] accepted a http connect , new connect ip is  192.168.43.186
[52098.579401]                           old connect ip is  192.168.43.237
[52098.586069]                                     but it isn't seted ip , so close it
[52099.112829] accepted a http connect , new connect ip is  192.168.43.186
[52099.119611]                           old connect ip is  192.168.43.237
[52099.126265]                                     but it isn't seted ip , so close it
[52099.652708] accepted a http connect , new connect ip is  192.168.43.186
[52099.659507]                           old connect ip is  192.168.43.237
[52099.666173]                                     but it isn't seted ip , so close it
[52100.192698] accepted a http connect , new connect ip is  192.168.43.186
[52100.199483]                           old connect ip is  192.168.43.237
[52100.206176]                                     but it isn't seted ip , so close it
[52100.733834] accepted a http connect , new connect ip is  192.168.43.186
[52100.740671]                           old connect ip is  192.168.43.237
[52100.747373]                                     but it isn't seted ip , so close it
[52101.272518] accepted a http connect , new connect ip is  192.168.43.186
[52101.279261]                           old connect ip is  192.168.43.237
[52101.285910]                                     but it isn't seted ip , so close it
[52101.812492] accepted a http connect , new connect ip is  192.168.43.186
[52101.819240]                           old connect ip is  192.168.43.237
[52101.825907]                                     but it isn't seted ip , so close it
[52102.345315] accepted a http connect , new connect ip is  192.168.43.186
[52102.352071]                           old connect ip is  192.168.43.237
[52102.358808]                                     but it isn't seted ip , so close it
[52102.882602] accepted a http connect , new connect ip is  192.168.43.186
[52102.889327]                           old connect ip is  192.168.43.237
[52102.896012]                                     but it isn't seted ip , so close it
[52103.410333] accepted a http connect , new connect ip is  192.168.43.186
[52103.417220]                           old connect ip is  192.168.43.237
[52103.423893]                                     but it isn't seted ip , so close it
[52103.952614] accepted a http connect , new connect ip is  192.168.43.186
[52103.959406]                           old connect ip is  192.168.43.237
[52103.966074]                                     but it isn't seted ip , so close it
[52104.480788] accepted a http connect , new connect ip is  192.168.43.186
[52104.487521]                           old connect ip is  192.168.43.237
[52104.494178]                                     but it isn't seted ip , so close it
[52105.022596] accepted a http connect , new connect ip is  192.168.43.186
[52105.029369]                           old connect ip is  192.168.43.237
[52105.036036]                                     but it isn't seted ip , so close it
[52105.554159] accepted a http connect , new connect ip is  192.168.43.186
[52105.560935]                           old connect ip is  192.168.43.237
[52105.567588]                                     but it isn't seted ip , so close it
[52106.093477] accepted a http connect , new connect ip is  192.168.43.186
[52106.100251]                           old connect ip is  192.168.43.237
[52106.106902]                                     but it isn't seted ip , so close it
[52106.632544] accepted a http connect , new connect ip is  192.168.43.186
[52106.639389]                           old connect ip is  192.168.43.237
[52106.646041]                                     but it isn't seted ip , so close it
[52107.172745] accepted a http connect , new connect ip is  192.168.43.186
[52107.179517]                           old connect ip is  192.168.43.237
[52107.186258]                                     but it isn't seted ip , so close it
[52107.701462] accepted a http connect , new connect ip is  192.168.43.186
[52107.708236]                           old connect ip is  192.168.43.237
[52107.714916]                                     but it isn't seted ip , so close it
[52108.234688] accepted a http connect , new connect ip is  192.168.43.186
[52108.241508]                           old connect ip is  192.168.43.237
[52108.248181]                                     but it isn't seted ip , so close it
[52108.783340] accepted a http connect , new connect ip is  192.168.43.186
[52108.790101]                           old connect ip is  192.168.43.237
[52108.796814]                                     but it isn't seted ip , so close it
[52109.322618] accepted a http connect , new connect ip is  192.168.43.186
[52109.329351]                           old connect ip is  192.168.43.237
[52109.336036]                                     but it isn't seted ip , so close it
[52109.867656] accepted a http connect , new connect ip is  192.168.43.186
[52109.874410]                           old connect ip is  192.168.43.237
[52109.881057]                                     but it isn't seted ip , so close it
[52110.403621] accepted a http connect , new connect ip is  192.168.43.186
[52110.410358]                           old connect ip is  192.168.43.237
[52110.417026]                                     but it isn't seted ip , so close it
[52110.942488] accepted a http connect , new connect ip is  192.168.43.186
[52110.949248]                           old connect ip is  192.168.43.237
[52110.955952]                                     but it isn't seted ip , so close it
[52111.472675] accepted a http connect , new connect ip is  192.168.43.186
[52111.479425]                           old connect ip is  192.168.43.237
[52111.486092]                                     but it isn't seted ip , so close it
[52112.007682] accepted a http connect , new connect ip is  192.168.43.186
[52112.014453]                           old connect ip is  192.168.43.237
[52112.021109]                                     but it isn't seted ip , so close it
[52112.535314] accepted a http connect , new connect ip is  192.168.43.186
[52112.542053]                           old connect ip is  192.168.43.237
[52112.548728]                                     but it isn't seted ip , so close it
[52113.072466] accepted a http connect , new connect ip is  192.168.43.186
[52113.079198]                           old connect ip is  192.168.43.237
[52113.085860]                                     but it isn't seted ip , so close it
[52113.612467] accepted a http connect , new connect ip is  192.168.43.186
[52113.619225]                           old connect ip is  192.168.43.237
[52113.625866]                                     but it isn't seted ip , so close it
[52114.152459] accepted a http connect , new connect ip is  192.168.43.186
[52114.159297]                           old connect ip is  192.168.43.237
[52114.165948]                                     but it isn't seted ip , so close it
[52114.692572] accepted a http connect , new connect ip is  192.168.43.186
[52114.699426]                           old connect ip is  192.168.43.237
[52114.706121]                                     but it isn't seted ip , so close it
[52115.232399] accepted a http connect , new connect ip is  192.168.43.186
[52115.239159]                           old connect ip is  192.168.43.237
[52115.245801]                                     but it isn't seted ip , so close it
[52115.772421] accepted a http connect , new connect ip is  192.168.43.186
[52115.779179]                           old connect ip is  192.168.43.237
[52115.785823]                                     but it isn't seted ip , so close it
[52116.312541] accepted a http connect , new connect ip is  192.168.43.186
[52116.319372]                           old connect ip is  192.168.43.237
[52116.326027]                                     but it isn't seted ip , so close it
[52116.853379] accepted a http connect , new connect ip is  192.168.43.186
[52116.860244]                           old connect ip is  192.168.43.237
[52116.866943]                                     but it isn't seted ip , so close it
[52117.385688] accepted a http connect , new connect ip is  192.168.43.186
[52117.392569]                           old connect ip is  192.168.43.237
[52117.399258]                                     but it isn't seted ip , so close it
[52117.922565] accepted a http connect , new connect ip is  192.168.43.186
[52117.929331]                           old connect ip is  192.168.43.237
[52117.936044]                                     but it isn't seted ip , so close it
[52118.451139] accepted a http connect , new connect ip is  192.168.43.186
[52118.457948]                           old connect ip is  192.168.43.237
[52118.464606]                                     but it isn't seted ip , so close it
[52118.981960] accepted a http connect , new connect ip is  192.168.43.186
[52118.988724]                           old connect ip is  192.168.43.237
[52118.995381]                                     but it isn't seted ip , so close it
[52119.516655] accepted a http connect , new connect ip is  192.168.43.186
[52119.523468]                           old connect ip is  192.168.43.237
[52119.530156]                                     but it isn't seted ip , so close it
[52120.052897] accepted a http connect , new connect ip is  192.168.43.186
[52120.059731]                           old connect ip is  192.168.43.237
[52120.066465]                                     but it isn't seted ip , so close it
[52120.582691] accepted a http connect , new connect ip is  192.168.43.186
[52120.589439]                           old connect ip is  192.168.43.237
[52120.596130]                                     but it isn't seted ip , so close it
[52121.122482] accepted a http connect , new connect ip is  192.168.43.186
[52121.129313]                           old connect ip is  192.168.43.237
[52121.136021]                                     but it isn't seted ip , so close it
[52121.662323] accepted a http connect , new connect ip is  192.168.43.186
[52121.669064]                           old connect ip is  192.168.43.237
[52121.675743]                                     but it isn't seted ip , so close it
[52122.202504] accepted a http connect , new connect ip is  192.168.43.186
[52122.209267]                           old connect ip is  192.168.43.237
[52122.215931]                                     but it isn't seted ip , so close it
[52122.742547] accepted a http connect , new connect ip is  192.168.43.186
[52122.749328]                           old connect ip is  192.168.43.237
[52122.756014]                                     but it isn't seted ip , so close it
[52123.272398] accepted a http connect , new connect ip is  192.168.43.186
[52123.279159]                           old connect ip is  192.168.43.237
[52123.285813]                                     but it isn't seted ip , so close it
[52123.812425] accepted a http connect , new connect ip is  192.168.43.186
[52123.819188]                           old connect ip is  192.168.43.237
[52123.825874]                                     but it isn't seted ip , so close it
[52124.352377] accepted a http connect , new connect ip is  192.168.43.186
[52124.359112]                           old connect ip is  192.168.43.237
[52124.365773]                                     but it isn't seted ip , so close it
[52124.892336] accepted a http connect , new connect ip is  192.168.43.186
[52124.899092]                           old connect ip is  192.168.43.237
[52124.905735]                                     but it isn't seted ip , so close it
[52125.425197] accepted a http connect , new connect ip is  192.168.43.186
[52125.431942]                           old connect ip is  192.168.43.237
[52125.438605]                                     but it isn't seted ip , so close it
[52125.962182] accepted a http connect , new connect ip is  192.168.43.186
[52125.968931]                           old connect ip is  192.168.43.237
[52125.975605]                                     but it isn't seted ip , so close it
[52126.489810] accepted a http connect , new connect ip is  192.168.43.186
[52126.496502]                           old connect ip is  192.168.43.237
[52126.503170]                                     but it isn't seted ip , so close it
[52127.022589] accepted a http connect , new connect ip is  192.168.43.186
[52127.029259]                           old connect ip is  192.168.43.237
[52127.035905]                                     but it isn't seted ip , so close it
[52127.550598] accepted a http connect , new connect ip is  192.168.43.186
[52127.557267]                           old connect ip is  192.168.43.237
[52127.563912]                                     but it isn't seted ip , so close it
[52128.083562] accepted a http connect , new connect ip is  192.168.43.186
[52128.090238]                           old connect ip is  192.168.43.237
[52128.096913]                                     but it isn't seted ip , so close it
[52128.622689] accepted a http connect , new connect ip is  192.168.43.186
[52128.629404]                           old connect ip is  192.168.43.237
[52128.636053]                                     but it isn't seted ip , so close it
[52129.183076] accepted a http connect , new connect ip is  192.168.43.186
[52129.189772]                           old connect ip is  192.168.43.237
[52129.196428]                                     but it isn't seted ip , so close it
[52129.722724] accepted a http connect , new connect ip is  192.168.43.186
[52129.729510]                           old connect ip is  192.168.43.237
[52129.736189]                                     but it isn't seted ip , so close it
[52130.262422] accepted a http connect , new connect ip is  192.168.43.186
[52130.269174]                           old connect ip is  192.168.43.237
[52130.275919]                                     but it isn't seted ip , so close it
[52130.802587] accepted a http connect , new connect ip is  192.168.43.186
[52130.809339]                           old connect ip is  192.168.43.237
[52130.816033]                                     but it isn't seted ip , so close it
[52131.330319] accepted a http connect , new connect ip is  192.168.43.186
[52131.337097]                           old connect ip is  192.168.43.237
[52131.343753]                                     but it isn't seted ip , so close it
[52131.862336] accepted a http connect , new connect ip is  192.168.43.186
[52131.869121]                           old connect ip is  192.168.43.237
[52131.875889]                                     but it isn't seted ip , so close it
[52132.395484] accepted a http connect , new connect ip is  192.168.43.186
[52132.402243]                           old connect ip is  192.168.43.237
[52132.408895]                                     but it isn't seted ip , so close it
[52132.932321] accepted a http connect , new connect ip is  192.168.43.186
[52132.939058]                           old connect ip is  192.168.43.237
[52132.945730]                                     but it isn't seted ip , so close it
[52133.465435] accepted a http connect , new connect ip is  192.168.43.186
[52133.472189]                           old connect ip is  192.168.43.237
[52133.478867]                                     but it isn't seted ip , so close it
[52134.002621] accepted a http connect , new connect ip is  192.168.43.186
[52134.009402]                           old connect ip is  192.168.43.237
[52134.016082]                                     but it isn't seted ip , so close it
[52134.532895] accepted a http connect , new connect ip is  192.168.43.186
[52134.539636]                           old connect ip is  192.168.43.237
[52134.546277]                                     but it isn't seted ip , so close it
[52135.072333] accepted a http connect , new connect ip is  192.168.43.186
[52135.079119]                           old connect ip is  192.168.43.237
[52135.085795]                                     but it isn't seted ip , so close it
[52135.601897] accepted a http connect , new connect ip is  192.168.43.186
[52135.608659]                           old connect ip is  192.168.43.237
[52135.615329]                                     but it isn't seted ip , so close it
[52136.142489] accepted a http connect , new connect ip is  192.168.43.186
[52136.149306]                           old connect ip is  192.168.43.237
[52136.156000]                                     but it isn't seted ip , so close it
[52136.682369] accepted a http connect , new connect ip is  192.168.43.186
[52136.689054]                           old connect ip is  192.168.43.237
[52136.695704]                                     but it isn't seted ip , so close it
[52137.212204] accepted a http connect , new connect ip is  192.168.43.186
[52137.218874]                           old connect ip is  192.168.43.237
[52137.225518]                                     but it isn't seted ip , so close it
[52137.752296] accepted a http connect , new connect ip is  192.168.43.186
[52137.759050]                           old connect ip is  192.168.43.237
[52137.765697]                                     but it isn't seted ip , so close it
[52138.292342] accepted a http connect , new connect ip is  192.168.43.186
[52138.299100]                           old connect ip is  192.168.43.237
[52138.305816]                                     but it isn't seted ip , so close it
[52138.832498] accepted a http connect , new connect ip is  192.168.43.186
[52138.839396]                           old connect ip is  192.168.43.237
[52138.846080]                                     but it isn't seted ip , so close it
[52139.372559] accepted a http connect , new connect ip is  192.168.43.186
[52139.379334]                           old connect ip is  192.168.43.237
[52139.385979]                                     but it isn't seted ip , so close it
[52139.912333] accepted a http connect , new connect ip is  192.168.43.186
[52139.919071]                           old connect ip is  192.168.43.237
[52139.925729]                                     but it isn't seted ip , so close it
[52140.439943] accepted a http connect , new connect ip is  192.168.43.186
[52140.446693]                           old connect ip is  192.168.43.237
[52140.453364]                                     but it isn't seted ip , so close it
[52140.972056] accepted a http connect , new connect ip is  192.168.43.186
[52140.978856]                           old connect ip is  192.168.43.237
[52140.985560]                                     but it isn't seted ip , so close it
[52141.504825] accepted a http connect , new connect ip is  192.168.43.186
[52141.511593]                           old connect ip is  192.168.43.237
[52141.518340]                                     but it isn't seted ip , so close it
[52142.043192] accepted a http connect , new connect ip is  192.168.43.186
[52142.049943]                           old connect ip is  192.168.43.237
[52142.056639]                                     but it isn't seted ip , so close it
[52142.571082] accepted a http connect , new connect ip is  192.168.43.186
[52142.577837]                           old connect ip is  192.168.43.237
[52142.584492]                                     but it isn't seted ip , so close it
[52143.112290] accepted a http connect , new connect ip is  192.168.43.186
[52143.119044]                           old connect ip is  192.168.43.237
[52143.125698]                                     but it isn't seted ip , so close it
[52143.652509] accepted a http connect , new connect ip is  192.168.43.186
[52143.659215]                           old connect ip is  192.168.43.237
[52143.665861]                                     but it isn't seted ip , so close it
[52144.182269] accepted a http connect , new connect ip is  192.168.43.186
[52144.188949]                           old connect ip is  192.168.43.237
[52144.195582]                                     but it isn't seted ip , so close it
[52144.722226] accepted a http connect , new connect ip is  192.168.43.186
[52144.728977]                           old connect ip is  192.168.43.237
[52144.735641]                                     but it isn't seted ip , so close it
[52145.262167] accepted a http connect , new connect ip is  192.168.43.186
[52145.268911]                           old connect ip is  192.168.43.237
[52145.275574]                                     but it isn't seted ip , so close it
[52145.802154] accepted a http connect , new connect ip is  192.168.43.186
[52145.808901]                           old connect ip is  192.168.43.237
[52145.815567]                                     but it isn't seted ip , so close it
[52146.342490] accepted a http connect , new connect ip is  192.168.43.186
[52146.349277]                           old connect ip is  192.168.43.237
[52146.355941]                                     but it isn't seted ip , so close it
[52146.882330] accepted a http connect , new connect ip is  192.168.43.186
[52146.889088]                           old connect ip is  192.168.43.237
[52146.895779]                                     but it isn't seted ip , so close it
[52147.415509] accepted a http connect , new connect ip is  192.168.43.186
[52147.422287]                           old connect ip is  192.168.43.237
[52147.428946]                                     but it isn't seted ip , so close it
[52147.952190] accepted a http connect , new connect ip is  192.168.43.186
[52147.958928]                           old connect ip is  192.168.43.237
[52147.965586]                                     but it isn't seted ip , so close it
[52148.479734] accepted a http connect , new connect ip is  192.168.43.186
[52148.486466]                           old connect ip is  192.168.43.237
[52148.493135]                                     but it isn't seted ip , so close it
[52149.012337] accepted a http connect , new connect ip is  192.168.43.186
[52149.019119]                           old connect ip is  192.168.43.237
[52149.025769]                                     but it isn't seted ip , so close it
[52149.540307] accepted a http connect , new connect ip is  192.168.43.186
[52149.547168]                           old connect ip is  192.168.43.237
[52149.553852]                                     but it isn't seted ip , so close it
[52150.072943] accepted a http connect , new connect ip is  192.168.43.186
[52150.079695]                           old connect ip is  192.168.43.237
[52150.086359]                                     but it isn't seted ip , so close it
[52150.600665] accepted a http connect , new connect ip is  192.168.43.186
[52150.607424]                           old connect ip is  192.168.43.237
[52150.614330]                                     but it isn't seted ip , so close it
[52151.142036] accepted a http connect , new connect ip is  192.168.43.186
[52151.148808]                           old connect ip is  192.168.43.237
[52151.155509]                                     but it isn't seted ip , so close it
[52151.682059] accepted a http connect , new connect ip is  192.168.43.186
[52151.688805]                           old connect ip is  192.168.43.237
[52151.695463]                                     but it isn't seted ip , so close it
[52152.222271] accepted a http connect , new connect ip is  192.168.43.186
[52152.229139]                           old connect ip is  192.168.43.237
[52152.235804]                                     but it isn't seted ip , so close it
[52152.762043] accepted a http connect , new connect ip is  192.168.43.186
[52152.768787]                           old connect ip is  192.168.43.237
[52152.775479]                                     but it isn't seted ip , so close it
[52153.302260] accepted a http connect , new connect ip is  192.168.43.186
[52153.309021]                           old connect ip is  192.168.43.237
[52153.315702]                                     but it isn't seted ip , so close it
[52153.842129] accepted a http connect , new connect ip is  192.168.43.186
[52153.848938]                           old connect ip is  192.168.43.237
[52153.855610]                                     but it isn't seted ip , so close it
[52154.382161] accepted a http connect , new connect ip is  192.168.43.186
[52154.388929]                           old connect ip is  192.168.43.237
[52154.395606]                                     but it isn't seted ip , so close it
[52154.922094] accepted a http connect , new connect ip is  192.168.43.186
[52154.928872]                           old connect ip is  192.168.43.237
[52154.935568]                                     but it isn't seted ip , so close it
[52155.453440] accepted a http connect , new connect ip is  192.168.43.186
[52155.460180]                           old connect ip is  192.168.43.237
[52155.466844]                                     but it isn't seted ip , so close it
[52155.992062] accepted a http connect , new connect ip is  192.168.43.186
[52155.998826]                           old connect ip is  192.168.43.237
[52156.005474]                                     but it isn't seted ip , so close it
[52156.520122] accepted a http connect , new connect ip is  192.168.43.186
[52156.526869]                           old connect ip is  192.168.43.237
[52156.533526]                                     but it isn't seted ip , so close it
[52157.052338] accepted a http connect , new connect ip is  192.168.43.186
[52157.059122]                           old connect ip is  192.168.43.237
[52157.065862]                                     but it isn't seted ip , so close it
[52157.581745] accepted a http connect , new connect ip is  192.168.43.186
[52157.588479]                           old connect ip is  192.168.43.237
[52157.595145]                                     but it isn't seted ip , so close it
[52158.121934] accepted a http connect , new connect ip is  192.168.43.186
[52158.128691]                           old connect ip is  192.168.43.237
[52158.135355]                                     but it isn't seted ip , so close it
[52158.661907] accepted a http connect , new connect ip is  192.168.43.186
[52158.668640]                           old connect ip is  192.168.43.237
[52158.675312]                                     but it isn't seted ip , so close it
[52159.202163] accepted a http connect , new connect ip is  192.168.43.186
[52159.208954]                           old connect ip is  192.168.43.237
[52159.215634]                                     but it isn't seted ip , so close it
[52159.742372] accepted a http connect , new connect ip is  192.168.43.186
[52159.749154]                           old connect ip is  192.168.43.237
[52159.755834]                                     but it isn't seted ip , so close it
[52160.282060] accepted a http connect , new connect ip is  192.168.43.186
[52160.288761]                           old connect ip is  192.168.43.237
[52160.295402]                                     but it isn't seted ip , so close it
[52160.821851] accepted a http connect , new connect ip is  192.168.43.186
[52160.828609]                           old connect ip is  192.168.43.237
[52160.835278]                                     but it isn't seted ip , so close it
[52161.362066] accepted a http connect , new connect ip is  192.168.43.186
[52161.368819]                           old connect ip is  192.168.43.237
[52161.375490]                                     but it isn't seted ip , so close it
[52161.901947] accepted a http connect , new connect ip is  192.168.43.186
[52161.908618]                           old connect ip is  192.168.43.237
[52161.915261]                                     but it isn't seted ip , so close it
[52162.432866] accepted a http connect , new connect ip is  192.168.43.186
[52162.439542]                           old connect ip is  192.168.43.237
[52162.446185]                                     but it isn't seted ip , so close it
[52162.972217] accepted a http connect , new connect ip is  192.168.43.186
[52162.979014]                           old connect ip is  192.168.43.237
[52162.985683]                                     but it isn't seted ip , so close it
[52163.500274] accepted a http connect , new connect ip is  192.168.43.186
[52163.507124]                           old connect ip is  192.168.43.237
[52163.513784]                                     but it isn't seted ip , so close it
[52164.042255] accepted a http connect , new connect ip is  192.168.43.186
[52164.049080]                           old connect ip is  192.168.43.237
[52164.055798]                                     but it isn't seted ip , so close it
[52164.574226] accepted a http connect , new connect ip is  192.168.43.186
[52164.580946]                           old connect ip is  192.168.43.237
[52164.587602]                                     but it isn't seted ip , so close it
[52165.116467] accepted a http connect , new connect ip is  192.168.43.186
[52165.123261]                           old connect ip is  192.168.43.237
[52165.129962]                                     but it isn't seted ip , so close it
[52165.648527] accepted a http connect , new connect ip is  192.168.43.186
[52165.655327]                           old connect ip is  192.168.43.237
[52165.661985]                                     but it isn't seted ip , so close it
[52166.181918] accepted a http connect , new connect ip is  192.168.43.186
[52166.188691]                           old connect ip is  192.168.43.237
[52166.195357]                                     but it isn't seted ip , so close it
[52166.712748] accepted a http connect , new connect ip is  192.168.43.186
[52166.719575]                           old connect ip is  192.168.43.237
[52166.726230]                                     but it isn't seted ip , so close it
[52167.252428] accepted a http connect , new connect ip is  192.168.43.186
[52167.259340]                           old connect ip is  192.168.43.237
[52167.266011]                                     but it isn't seted ip , so close it
[52167.792130] accepted a http connect , new connect ip is  192.168.43.186
[52167.798898]                           old connect ip is  192.168.43.237
[52167.805703]                                     but it isn't seted ip , so close it
[52168.332021] accepted a http connect , new connect ip is  192.168.43.186
[52168.338843]                           old connect ip is  192.168.43.237
[52168.345503]                                     but it isn't seted ip , so close it
[52168.871972] accepted a http connect , new connect ip is  192.168.43.186
[52168.878743]                           old connect ip is  192.168.43.237
[52168.885436]                                     but it isn't seted ip , so close it
[52169.411929] accepted a http connect , new connect ip is  192.168.43.186
[52169.418686]                           old connect ip is  192.168.43.237
[52169.425336]                                     but it isn't seted ip , so close it
[52169.952048] accepted a http connect , new connect ip is  192.168.43.186
[52169.958822]                           old connect ip is  192.168.43.237
[52169.965488]                                     but it isn't seted ip , so close it
[52170.479757] accepted a http connect , new connect ip is  192.168.43.186
[52170.486492]                           old connect ip is  192.168.43.237
[52170.493158]                                     but it isn't seted ip , so close it
[52171.021904] accepted a http connect , new connect ip is  192.168.43.186
[52171.028683]                           old connect ip is  192.168.43.237
[52171.035352]                                     but it isn't seted ip , so close it
[52171.554531] accepted a http connect , new connect ip is  192.168.43.186
[52171.561292]                           old connect ip is  192.168.43.237
[52171.567972]                                     but it isn't seted ip , so close it
[52172.091728] accepted a http connect , new connect ip is  192.168.43.186
[52172.098483]                           old connect ip is  192.168.43.237
[52172.105136]                                     but it isn't seted ip , so close it
[52172.619625] accepted a http connect , new connect ip is  192.168.43.186
[52172.626384]                           old connect ip is  192.168.43.237
[52172.633055]                                     but it isn't seted ip , so close it
[52173.161832] accepted a http connect , new connect ip is  192.168.43.186
[52173.168647]                           old connect ip is  192.168.43.237
[52173.175330]                                     but it isn't seted ip , so close it
[52173.704403] accepted a http connect , new connect ip is  192.168.43.186
[52173.711154]                           old connect ip is  192.168.43.237
[52173.717817]                                     but it isn't seted ip , so close it
[52174.251997] accepted a http connect , new connect ip is  192.168.43.186
[52174.258768]                           old connect ip is  192.168.43.237
[52174.265548]                                     but it isn't seted ip , so close it
[52174.791799] accepted a http connect , new connect ip is  192.168.43.186
[52174.798549]                           old connect ip is  192.168.43.237
[52174.805212]                                     but it isn't seted ip , so close it
[52175.332030] accepted a http connect , new connect ip is  192.168.43.186
[52175.338823]                           old connect ip is  192.168.43.237
[52175.345471]                                     but it isn't seted ip , so close it
[52175.871741] accepted a http connect , new connect ip is  192.168.43.186
[52175.878509]                           old connect ip is  192.168.43.237
[52175.885151]                                     but it isn't seted ip , so close it
[52176.411878] accepted a http connect , new connect ip is  192.168.43.186
[52176.418664]                           old connect ip is  192.168.43.237
[52176.425305]                                     but it isn't seted ip , so close it
[52176.952062] accepted a http connect , new connect ip is  192.168.43.186
[52176.958750]                           old connect ip is  192.168.43.237
[52176.965420]                                     but it isn't seted ip , so close it
[52177.482319] accepted a http connect , new connect ip is  192.168.43.186
[52177.488993]                           old connect ip is  192.168.43.237
[52177.495636]                                     but it isn't seted ip , so close it
[52178.022336] accepted a http connect , new connect ip is  192.168.43.186
[52178.029007]                           old connect ip is  192.168.43.237
[52178.035658]                                     but it isn't seted ip , so close it
[52178.552545] accepted a http connect , new connect ip is  192.168.43.186
[52178.559346]                           old connect ip is  192.168.43.237
[52178.566004]                                     but it isn't seted ip , so close it
[52179.091832] accepted a http connect , new connect ip is  192.168.43.186
[52179.098627]                           old connect ip is  192.168.43.237
[52179.105284]                                     but it isn't seted ip , so close it
[52179.621577] accepted a http connect , new connect ip is  192.168.43.186
[52179.628346]                           old connect ip is  192.168.43.237
[52179.635036]                                     but it isn't seted ip , so close it
[52180.161693] accepted a http connect , new connect ip is  192.168.43.186
[52180.168456]                           old connect ip is  192.168.43.237
[52180.175123]                                     but it isn't seted ip , so close it
[52180.701650] accepted a http connect , new connect ip is  192.168.43.186
[52180.708391]                           old connect ip is  192.168.43.237
[52180.715158]                                     but it isn't seted ip , so close it
[52181.231310] accepted a http connect , new connect ip is  192.168.43.186
[52181.238061]                           old connect ip is  192.168.43.237
[52181.244738]                                     but it isn't seted ip , so close it
[52181.772035] accepted a http connect , new connect ip is  192.168.43.186
[52181.778833]                           old connect ip is  192.168.43.237
[52181.785497]                                     but it isn't seted ip , so close it
[52182.311820] accepted a http connect , new connect ip is  192.168.43.186
[52182.318584]                           old connect ip is  192.168.43.237
[52182.325237]                                     but it isn't seted ip , so close it
[52182.852798] accepted a http connect , new connect ip is  192.168.43.186
[52182.859603]                           old connect ip is  192.168.43.237
[52182.866259]                                     but it isn't seted ip , so close it
[52183.392356] accepted a http connect , new connect ip is  192.168.43.186
[52183.399140]                           old connect ip is  192.168.43.237
[52183.405853]                                     but it isn't seted ip , so close it
[52183.931808] accepted a http connect , new connect ip is  192.168.43.186
[52183.938583]                           old connect ip is  192.168.43.237
[52183.945237]                                     but it isn't seted ip , so close it
[52184.472708] accepted a http connect , new connect ip is  192.168.43.186
[52184.479491]                           old connect ip is  192.168.43.237
[52184.486144]                                     but it isn't seted ip , so close it
[52185.011980] accepted a http connect , new connect ip is  192.168.43.186
[52185.018782]                           old connect ip is  192.168.43.237
[52185.025440]                                     but it isn't seted ip , so close it
[52185.542037] accepted a http connect , new connect ip is  192.168.43.186
[52185.548798]                           old connect ip is  192.168.43.237
[52185.555470]                                     but it isn't seted ip , so close it
[52186.081620] accepted a http connect , new connect ip is  192.168.43.186
[52186.088364]                           old connect ip is  192.168.43.237
[52186.095044]                                     but it isn't seted ip , so close it
[52186.609467] accepted a http connect , new connect ip is  192.168.43.186
[52186.616231]                           old connect ip is  192.168.43.237
[52186.622953]                                     but it isn't seted ip , so close it
[52187.141646] accepted a http connect , new connect ip is  192.168.43.186
[52187.148436]                           old connect ip is  192.168.43.237
[52187.155104]                                     but it isn't seted ip , so close it
[52187.670765] accepted a http connect , new connect ip is  192.168.43.186
[52187.677547]                           old connect ip is  192.168.43.237
[52187.684189]                                     but it isn't seted ip , so close it
[52188.211724] accepted a http connect , new connect ip is  192.168.43.186
[52188.218494]                           old connect ip is  192.168.43.237
[52188.225135]                                     but it isn't seted ip , so close it
[52188.751855] accepted a http connect , new connect ip is  192.168.43.186
[52188.758689]                           old connect ip is  192.168.43.237
[52188.765356]                                     but it isn't seted ip , so close it
[52189.292424] accepted a http connect , new connect ip is  192.168.43.186
[52189.299332]                           old connect ip is  192.168.43.237
[52189.306040]                                     but it isn't seted ip , so close it
[52189.822006] accepted a http connect , new connect ip is  192.168.43.186
[52189.828912]                           old connect ip is  192.168.43.237
[52189.835756]                                     but it isn't seted ip , so close it
[52190.362189] accepted a http connect , new connect ip is  192.168.43.186
[52190.369042]                           old connect ip is  192.168.43.237
[52190.375773]                                     but it isn't seted ip , so close it
[52190.901658] accepted a http connect , new connect ip is  192.168.43.186
[52190.908401]                           old connect ip is  192.168.43.237
[52190.915150]                                     but it isn't seted ip , so close it
[52191.441749] accepted a http connect , new connect ip is  192.168.43.186
[52191.448569]                           old connect ip is  192.168.43.237
[52191.455231]                                     but it isn't seted ip , so close it
[52191.981702] accepted a http connect , new connect ip is  192.168.43.186
[52191.988456]                           old connect ip is  192.168.43.237
[52191.995118]                                     but it isn't seted ip , so close it
[52192.509513] accepted a http connect , new connect ip is  192.168.43.186
[52192.516379]                           old connect ip is  192.168.43.237
[52192.523065]                                     but it isn't seted ip , so close it
[52193.041677] accepted a http connect , new connect ip is  192.168.43.186
[52193.048436]                           old connect ip is  192.168.43.237
[52193.055102]                                     but it isn't seted ip , so close it
[52193.569416] accepted a http connect , new connect ip is  192.168.43.186
[52193.576164]                           old connect ip is  192.168.43.237
[52193.582816]                                     but it isn't seted ip , so close it
[52194.101681] accepted a http connect , new connect ip is  192.168.43.186
[52194.108427]                           old connect ip is  192.168.43.237
[52194.115113]                                     but it isn't seted ip , so close it
[52194.629942] accepted a http connect , new connect ip is  192.168.43.186
[52194.636715]                           old connect ip is  192.168.43.237
[52194.643393]                                     but it isn't seted ip , so close it
[52195.162196] accepted a http connect , new connect ip is  192.168.43.186
[52195.168985]                           old connect ip is  192.168.43.237
[52195.175675]                                     but it isn't seted ip , so close it
[52195.694515] accepted a http connect , new connect ip is  192.168.43.186
[52195.701212]                           old connect ip is  192.168.43.237
[52195.707870]                                     but it isn't seted ip , so close it
[52196.231628] accepted a http connect , new connect ip is  192.168.43.186
[52196.238446]                           old connect ip is  192.168.43.237
[52196.245129]                                     but it isn't seted ip , so close it
[52196.771708] accepted a http connect , new connect ip is  192.168.43.186
[52196.778471]                           old connect ip is  192.168.43.237
[52196.785125]                                     but it isn't seted ip , so close it
[52197.311752] accepted a http connect , new connect ip is  192.168.43.186
[52197.318555]                           old connect ip is  192.168.43.237
[52197.325211]                                     but it isn't seted ip , so close it
[52197.851716] accepted a http connect , new connect ip is  192.168.43.186
[52197.858476]                           old connect ip is  192.168.43.237
[52197.865124]                                     but it isn't seted ip , so close it
[52198.391728] accepted a http connect , new connect ip is  192.168.43.186
[52198.398521]                           old connect ip is  192.168.43.237
[52198.405206]                                     but it isn't seted ip , so close it
[52198.931594] accepted a http connect , new connect ip is  192.168.43.186
[52198.938364]                           old connect ip is  192.168.43.237
[52198.945014]                                     but it isn't seted ip , so close it
[52199.471719] accepted a http connect , new connect ip is  192.168.43.186
[52199.478540]                           old connect ip is  192.168.43.237
[52199.485191]                                     but it isn't seted ip , so close it
[52200.011828] accepted a http connect , new connect ip is  192.168.43.186
[52200.018647]                           old connect ip is  192.168.43.237
[52200.025327]                                     but it isn't seted ip , so close it
[52200.539651] accepted a http connect , new connect ip is  192.168.43.186
[52200.546419]                           old connect ip is  192.168.43.237
[52200.553112]                                     but it isn't seted ip , so close it
[52201.069442] accepted a http connect , new connect ip is  192.168.43.186
[52201.076243]                           old connect ip is  192.168.43.237
[52201.082949]                                     but it isn't seted ip , so close it
[52201.606661] accepted a http connect , new connect ip is  192.168.43.186
[52201.613353]                           old connect ip is  192.168.43.237
[52201.620011]                                     but it isn't seted ip , so close it
[52202.141630] accepted a http connect , new connect ip is  192.168.43.186
[52202.148394]                           old connect ip is  192.168.43.237
[52202.155067]                                     but it isn't seted ip , so close it
[52202.669461] accepted a http connect , new connect ip is  192.168.43.186
[52202.676219]                           old connect ip is  192.168.43.237
[52202.682970]                                     but it isn't seted ip , so close it
[52203.202025] accepted a http connect , new connect ip is  192.168.43.186
[52203.208806]                           old connect ip is  192.168.43.237
[52203.215472]                                     but it isn't seted ip , so close it
[52203.741653] accepted a http connect , new connect ip is  192.168.43.186
[52203.748410]                           old connect ip is  192.168.43.237
[52203.755173]                                     but it isn't seted ip , so close it
[52204.281665] accepted a http connect , new connect ip is  192.168.43.186
[52204.288435]                           old connect ip is  192.168.43.237
[52204.295102]                                     but it isn't seted ip , so close it
[52204.821758] accepted a http connect , new connect ip is  192.168.43.186
[52204.828495]                           old connect ip is  192.168.43.237
[52204.835165]                                     but it isn't seted ip , so close it
[52205.361674] accepted a http connect , new connect ip is  192.168.43.186
[52205.368424]                           old connect ip is  192.168.43.237
[52205.375102]                                     but it isn't seted ip , so close it
[52205.901525] accepted a http connect , new connect ip is  192.168.43.186
[52205.908456]                           old connect ip is  192.168.43.237
[52205.915116]                                     but it isn't seted ip , so close it
[52206.441596] accepted a http connect , new connect ip is  192.168.43.186
[52206.448361]                           old connect ip is  192.168.43.237
[52206.455028]                                     but it isn't seted ip , so close it
[52206.981684] accepted a http connect , new connect ip is  192.168.43.186
[52206.988540]                           old connect ip is  192.168.43.237
[52206.995391]                                     but it isn't seted ip , so close it
[52207.514713] accepted a http connect , new connect ip is  192.168.43.186
[52207.521490]                           old connect ip is  192.168.43.237
[52207.528190]                                     but it isn't seted ip , so close it
[52208.054797] accepted a http connect , new connect ip is  192.168.43.186
[52208.061610]                           old connect ip is  192.168.43.237
[52208.068282]                                     but it isn't seted ip , so close it
[52208.584759] accepted a http connect , new connect ip is  192.168.43.186
[52208.591525]                           old connect ip is  192.168.43.237
[52208.598182]                                     but it isn't seted ip , so close it
[52209.121565] accepted a http connect , new connect ip is  192.168.43.186
[52209.128321]                           old connect ip is  192.168.43.237
[52209.135017]                                     but it isn't seted ip , so close it
[52209.649339] accepted a http connect , new connect ip is  192.168.43.186
[52209.656103]                           old connect ip is  192.168.43.237
[52209.662797]                                     but it isn't seted ip , so close it
[52210.181495] accepted a http connect , new connect ip is  192.168.43.186
[52210.188234]                           old connect ip is  192.168.43.237
[52210.194903]                                     but it isn't seted ip , so close it
[52210.709534] accepted a http connect , new connect ip is  192.168.43.186
[52210.716284]                           old connect ip is  192.168.43.237
[52210.722990]                                     but it isn't seted ip , so close it
[52211.241756] accepted a http connect , new connect ip is  192.168.43.186
[52211.248586]                           old connect ip is  192.168.43.237
[52211.255252]                                     but it isn't seted ip , so close it
[52211.781593] accepted a http connect , new connect ip is  192.168.43.186
[52211.788352]                           old connect ip is  192.168.43.237
[52211.795014]                                     but it isn't seted ip , so close it
[52212.323746] accepted a http connect , new connect ip is  192.168.43.186
[52212.330496]                           old connect ip is  192.168.43.237
[52212.337162]                                     but it isn't seted ip , so close it
[52212.861239] accepted a http connect , new connect ip is  192.168.43.186
[52212.868106]                           old connect ip is  192.168.43.237
[52212.874816]                                     but it isn't seted ip , so close it
[52213.392485] accepted a http connect , new connect ip is  192.168.43.186
[52213.399407]                           old connect ip is  192.168.43.237
[52213.406105]                                     but it isn't seted ip , so close it
[52213.931241] accepted a http connect , new connect ip is  192.168.43.186
[52213.938149]                           old connect ip is  192.168.43.237
[52213.944836]                                     but it isn't seted ip , so close it
[52214.471611] accepted a http connect , new connect ip is  192.168.43.186
[52214.478388]                           old connect ip is  192.168.43.237
[52214.485040]                                     but it isn't seted ip , so close it
[52215.011355] accepted a http connect , new connect ip is  192.168.43.186
[52215.018127]                           old connect ip is  192.168.43.237
[52215.024885]                                     but it isn't seted ip , so close it
[52215.539018] accepted a http connect , new connect ip is  192.168.43.186
[52215.545749]                           old connect ip is  192.168.43.237
[52215.552420]                                     but it isn't seted ip , so close it
[52216.071599] accepted a http connect , new connect ip is  192.168.43.186
[52216.078425]                           old connect ip is  192.168.43.237
[52216.085110]                                     but it isn't seted ip , so close it
[52216.600094] accepted a http connect , new connect ip is  192.168.43.186
[52216.606858]                           old connect ip is  192.168.43.237
[52216.613523]                                     but it isn't seted ip , so close it
[52217.141570] accepted a http connect , new connect ip is  192.168.43.186
[52217.148378]                           old connect ip is  192.168.43.237
[52217.155062]                                     but it isn't seted ip , so close it
[52217.669776] accepted a http connect , new connect ip is  192.168.43.186
[52217.676599]                           old connect ip is  192.168.43.237
[52217.683245]                                     but it isn't seted ip , so close it
[52218.201554] accepted a http connect , new connect ip is  192.168.43.186
[52218.208315]                           old connect ip is  192.168.43.237
[52218.214981]                                     but it isn't seted ip , so close it
[52218.729461] accepted a http connect , new connect ip is  192.168.43.186
[52218.736233]                           old connect ip is  192.168.43.237
[52218.742884]                                     but it isn't seted ip , so close it
[52219.261573] accepted a http connect , new connect ip is  192.168.43.186
[52219.268397]                           old connect ip is  192.168.43.237
[52219.275059]                                     but it isn't seted ip , so close it
[52219.801822] accepted a http connect , new connect ip is  192.168.43.186
[52219.808609]                           old connect ip is  192.168.43.237
[52219.815271]                                     but it isn't seted ip , so close it
[52220.341838] accepted a http connect , new connect ip is  192.168.43.186
[52220.348718]                           old connect ip is  192.168.43.237
[52220.355378]                                     but it isn't seted ip , so close it
[52220.881432] accepted a http connect , new connect ip is  192.168.43.186
[52220.888240]                           old connect ip is  192.168.43.237
[52220.894909]                                     but it isn't seted ip , so close it
[52221.421489] accepted a http connect , new connect ip is  192.168.43.186
[52221.428234]                           old connect ip is  192.168.43.237
[52221.434941]                                     but it isn't seted ip , so close it
[52221.961403] accepted a http connect , new connect ip is  192.168.43.186
[52221.968149]                           old connect ip is  192.168.43.237
[52221.974813]                                     but it isn't seted ip , so close it
[52222.501281] accepted a http connect , new connect ip is  192.168.43.186
[52222.508037]                           old connect ip is  192.168.43.237
[52222.514694]                                     but it isn't seted ip , so close it
[52223.041635] accepted a http connect , new connect ip is  192.168.43.186
[52223.048375]                           old connect ip is  192.168.43.237
[52223.055035]                                     but it isn't seted ip , so close it
[52223.572438] accepted a http connect , new connect ip is  192.168.43.186
[52223.579213]                           old connect ip is  192.168.43.237
[52223.585856]                                     but it isn't seted ip , so close it
[52224.111351] accepted a http connect , new connect ip is  192.168.43.186
[52224.118121]                           old connect ip is  192.168.43.237
[52224.124803]                                     but it isn't seted ip , so close it
[52224.639677] accepted a http connect , new connect ip is  192.168.43.186
[52224.646506]                           old connect ip is  192.168.43.237
[52224.653166]                                     but it isn't seted ip , so close it
[52225.171436] accepted a http connect , new connect ip is  192.168.43.186
[52225.178259]                           old connect ip is  192.168.43.237
[52225.184903]                                     but it isn't seted ip , so close it
[52225.702176] accepted a http connect , new connect ip is  192.168.43.186
[52225.708967]                           old connect ip is  192.168.43.237
[52225.715714]                                     but it isn't seted ip , so close it
[52226.241537] accepted a http connect , new connect ip is  192.168.43.186
[52226.248303]                           old connect ip is  192.168.43.237
[52226.254984]                                     but it isn't seted ip , so close it
[52226.781257] accepted a http connect , new connect ip is  192.168.43.186
[52226.788007]                           old connect ip is  192.168.43.237
[52226.794751]                                     but it isn't seted ip , so close it
[52227.309584] accepted a http connect , new connect ip is  192.168.43.186
[52227.316350]                           old connect ip is  192.168.43.237
[52227.322993]                                     but it isn't seted ip , so close it
[52227.841429] accepted a http connect , new connect ip is  192.168.43.186
[52227.848191]                           old connect ip is  192.168.43.237
[52227.854863]                                     but it isn't seted ip , so close it
[52228.381284] accepted a http connect , new connect ip is  192.168.43.186
[52228.388020]                           old connect ip is  192.168.43.237
[52228.394703]                                     but it isn't seted ip , so close it
[52228.921443] accepted a http connect , new connect ip is  192.168.43.186
[52228.928244]                           old connect ip is  192.168.43.237
[52228.934908]                                     but it isn't seted ip , so close it
[52229.461272] accepted a http connect , new connect ip is  192.168.43.186
[52229.468025]                           old connect ip is  192.168.43.237
[52229.474689]                                     but it isn't seted ip , so close it
[52230.001206] accepted a http connect , new connect ip is  192.168.43.186
[52230.007946]                           old connect ip is  192.168.43.237
[52230.014620]                                     but it isn't seted ip , so close it
[52230.543007] accepted a http connect , new connect ip is  192.168.43.186
[52230.549789]                           old connect ip is  192.168.43.237
[52230.556481]                                     but it isn't seted ip , so close it
[52231.081331] accepted a http connect , new connect ip is  192.168.43.186
[52231.088123]                           old connect ip is  192.168.43.237
[52231.094834]                                     but it isn't seted ip , so close it
[52231.612298] accepted a http connect , new connect ip is  192.168.43.186
[52231.619095]                           old connect ip is  192.168.43.237
[52231.625777]                                     but it isn't seted ip , so close it
[52232.151492] accepted a http connect , new connect ip is  192.168.43.186
[52232.158365]                           old connect ip is  192.168.43.237
[52232.165058]                                     but it isn't seted ip , so close it
[52232.681609] accepted a http connect , new connect ip is  192.168.43.186
[52232.688356]                           old connect ip is  192.168.43.237
[52232.695026]                                     but it isn't seted ip , so close it
[52233.221303] accepted a http connect , new connect ip is  192.168.43.186
[52233.228035]                           old connect ip is  192.168.43.237
[52233.234716]                                     but it isn't seted ip , so close it
[52233.749022] accepted a http connect , new connect ip is  192.168.43.186
[52233.755854]                           old connect ip is  192.168.43.237
[52233.762526]                                     but it isn't seted ip , so close it
[52234.281046] accepted a http connect , new connect ip is  192.168.43.186
[52234.287806]                           old connect ip is  192.168.43.237
[52234.294472]                                     but it isn't seted ip , so close it
[52234.821399] accepted a http connect , new connect ip is  192.168.43.186
[52234.828132]                           old connect ip is  192.168.43.237
[52234.834798]                                     but it isn't seted ip , so close it
[52235.361286] accepted a http connect , new connect ip is  192.168.43.186
[52235.368073]                           old connect ip is  192.168.43.237
[52235.374777]                                     but it isn't seted ip , so close it
[52235.901114] accepted a http connect , new connect ip is  192.168.43.186
[52235.907865]                           old connect ip is  192.168.43.237
[52235.914531]                                     but it isn't seted ip , so close it
[52236.428954] accepted a http connect , new connect ip is  192.168.43.186
[52236.435744]                           old connect ip is  192.168.43.237
[52236.442390]                                     but it isn't seted ip , so close it
[52236.958851] accepted a http connect , new connect ip is  192.168.43.186
[52236.965605]                           old connect ip is  192.168.43.237
[52236.972284]                                     but it isn't seted ip , so close it
[52237.501339] accepted a http connect , new connect ip is  192.168.43.186
[52237.508185]                           old connect ip is  192.168.43.237
[52237.514917]                                     but it isn't seted ip , so close it
[52238.041276] accepted a http connect , new connect ip is  192.168.43.186
[52238.048026]                           old connect ip is  192.168.43.237
[52238.054695]                                     but it isn't seted ip , so close it
[52238.570312] accepted a http connect , new connect ip is  192.168.43.186
[52238.577086]                           old connect ip is  192.168.43.237
[52238.583744]                                     but it isn't seted ip , so close it
[52239.111322] accepted a http connect , new connect ip is  192.168.43.186
[52239.118063]                           old connect ip is  192.168.43.237
[52239.124721]                                     but it isn't seted ip , so close it
[52239.639610] accepted a http connect , new connect ip is  192.168.43.186
[52239.646352]                           old connect ip is  192.168.43.237
[52239.653006]                                     but it isn't seted ip , so close it
[52240.171225] accepted a http connect , new connect ip is  192.168.43.186
[52240.177986]                           old connect ip is  192.168.43.237
[52240.184638]                                     but it isn't seted ip , so close it
[52240.699590] accepted a http connect , new connect ip is  192.168.43.186
[52240.706423]                           old connect ip is  192.168.43.237
[52240.713114]                                     but it isn't seted ip , so close it
[52241.241439] accepted a http connect , new connect ip is  192.168.43.186
[52241.248198]                           old connect ip is  192.168.43.237
[52241.254915]                                     but it isn't seted ip , so close it
[52241.770678] accepted a http connect , new connect ip is  192.168.43.186
[52241.777531]                           old connect ip is  192.168.43.237
[52241.784190]                                     but it isn't seted ip , so close it
[52242.311183] accepted a http connect , new connect ip is  192.168.43.186
[52242.317856]                           old connect ip is  192.168.43.237
[52242.324488]                                     but it isn't seted ip , so close it
[52242.841348] accepted a http connect , new connect ip is  192.168.43.186
[52242.848035]                           old connect ip is  192.168.43.237
[52242.854693]                                     but it isn't seted ip , so close it
[52243.381293] accepted a http connect , new connect ip is  192.168.43.186
[52243.388064]                           old connect ip is  192.168.43.237
[52243.394785]                                     but it isn't seted ip , so close it
[52243.921223] accepted a http connect , new connect ip is  192.168.43.186
[52243.927960]                           old connect ip is  192.168.43.237
[52243.934621]                                     but it isn't seted ip , so close it
[52244.461184] accepted a http connect , new connect ip is  192.168.43.186
[52244.468045]                           old connect ip is  192.168.43.237
[52244.474745]                                     but it isn't seted ip , so close it
[52245.001316] accepted a http connect , new connect ip is  192.168.43.186
[52245.008060]                           old connect ip is  192.168.43.237
[52245.014724]                                     but it isn't seted ip , so close it
[52245.541162] accepted a http connect , new connect ip is  192.168.43.186
[52245.547939]                           old connect ip is  192.168.43.237
[52245.554615]                                     but it isn't seted ip , so close it
[52246.081276] accepted a http connect , new connect ip is  192.168.43.186
[52246.088018]                           old connect ip is  192.168.43.237
[52246.094741]                                     but it isn't seted ip , so close it
[52246.608916] accepted a http connect , new connect ip is  192.168.43.186
[52246.615670]                           old connect ip is  192.168.43.237
[52246.622347]                                     but it isn't seted ip , so close it
[52247.141386] accepted a http connect , new connect ip is  192.168.43.186
[52247.148219]                           old connect ip is  192.168.43.237
[52247.154925]                                     but it isn't seted ip , so close it
[52247.670048] accepted a http connect , new connect ip is  192.168.43.186
[52247.676747]                           old connect ip is  192.168.43.237
[52247.683406]                                     but it isn't seted ip , so close it
[52248.203386] accepted a http connect , new connect ip is  192.168.43.186
[52248.210087]                           old connect ip is  192.168.43.237
[52248.216746]                                     but it isn't seted ip , so close it
[52248.730542] accepted a http connect , new connect ip is  192.168.43.186
[52248.737298]                           old connect ip is  192.168.43.237
[52248.743953]                                     but it isn't seted ip , so close it
[52249.271313] accepted a http connect , new connect ip is  192.168.43.186
[52249.278110]                           old connect ip is  192.168.43.237
[52249.284781]                                     but it isn't seted ip , so close it
[52249.811367] accepted a http connect , new connect ip is  192.168.43.186
[52249.818149]                           old connect ip is  192.168.43.237
[52249.824813]                                     but it isn't seted ip , so close it
[52250.351169] accepted a http connect , new connect ip is  192.168.43.186
[52250.357915]                           old connect ip is  192.168.43.237
[52250.364590]                                     but it isn't seted ip , so close it
[52250.891065] accepted a http connect , new connect ip is  192.168.43.186
[52250.897813]                           old connect ip is  192.168.43.237
[52250.904458]                                     but it isn't seted ip , so close it
[52251.431220] accepted a http connect , new connect ip is  192.168.43.186
[52251.437999]                           old connect ip is  192.168.43.237
[52251.444643]                                     but it isn't seted ip , so close it
[52251.970987] accepted a http connect , new connect ip is  192.168.43.186
[52251.977739]                           old connect ip is  192.168.43.237
[52251.984393]                                     but it isn't seted ip , so close it
[52252.500988] accepted a http connect , new connect ip is  192.168.43.186
[52252.507733]                           old connect ip is  192.168.43.237
[52252.514417]                                     but it isn't seted ip , so close it
[52253.041176] accepted a http connect , new connect ip is  192.168.43.186
[52253.047924]                           old connect ip is  192.168.43.237
[52253.054611]                                     but it isn't seted ip , so close it
[52253.582485] accepted a http connect , new connect ip is  192.168.43.186
[52253.589364]                           old connect ip is  192.168.43.237
[52253.596052]                                     but it isn't seted ip , so close it
[52254.121114] accepted a http connect , new connect ip is  192.168.43.186
[52254.127892]                           old connect ip is  192.168.43.237
[52254.134566]                                     but it isn't seted ip , so close it
[52254.649310] accepted a http connect , new connect ip is  192.168.43.186
[52254.656100]                           old connect ip is  192.168.43.237
[52254.662745]                                     but it isn't seted ip , so close it
[52255.194472] accepted a http connect , new connect ip is  192.168.43.186
[52255.201162]                           old connect ip is  192.168.43.237
[52255.207824]                                     but it isn't seted ip , so close it
[52255.726056] accepted a http connect , new connect ip is  192.168.43.186
[52255.732863]                           old connect ip is  192.168.43.237
[52255.739538]                                     but it isn't seted ip , so close it
[52256.278052] accepted a http connect , new connect ip is  192.168.43.186
[52256.284830]                           old connect ip is  192.168.43.237
[52256.291488]                                     but it isn't seted ip , so close it
[52256.821203] accepted a http connect , new connect ip is  192.168.43.186
[52256.827959]                           old connect ip is  192.168.43.237
[52256.834643]                                     but it isn't seted ip , so close it
[52257.361052] accepted a http connect , new connect ip is  192.168.43.186
[52257.367798]                           old connect ip is  192.168.43.237
[52257.374465]                                     but it isn't seted ip , so close it
[52257.901080] accepted a http connect , new connect ip is  192.168.43.186
[52257.907815]                           old connect ip is  192.168.43.237
[52257.914476]                                     but it isn't seted ip , so close it
[52258.440924] accepted a http connect , new connect ip is  192.168.43.186
[52258.447683]                           old connect ip is  192.168.43.237
[52258.454349]                                     but it isn't seted ip , so close it
[52258.968729] accepted a http connect , new connect ip is  192.168.43.186
[52258.975493]                           old connect ip is  192.168.43.237
[52258.982147]                                     but it isn't seted ip , so close it
[52259.501298] accepted a http connect , new connect ip is  192.168.43.186
[52259.508155]                           old connect ip is  192.168.43.237
[52259.514853]                                     but it isn't seted ip , so close it
[52260.030163] accepted a http connect , new connect ip is  192.168.43.186
[52260.036951]                           old connect ip is  192.168.43.237
[52260.043628]                                     but it isn't seted ip , so close it
[52260.571170] accepted a http connect , new connect ip is  192.168.43.186
[52260.577968]                           old connect ip is  192.168.43.237
[52260.584629]                                     but it isn't seted ip , so close it
[52261.111557] accepted a http connect , new connect ip is  192.168.43.186
[52261.118365]                           old connect ip is  192.168.43.237
[52261.125034]                                     but it isn't seted ip , so close it
[52261.641199] accepted a http connect , new connect ip is  192.168.43.186
[52261.648019]                           old connect ip is  192.168.43.237
[52261.654727]                                     but it isn't seted ip , so close it
[52262.181035] accepted a http connect , new connect ip is  192.168.43.186
[52262.187771]                           old connect ip is  192.168.43.237
[52262.194435]                                     but it isn't seted ip , so close it
[52262.708708] accepted a http connect , new connect ip is  192.168.43.186
[52262.715485]                           old connect ip is  192.168.43.237
[52262.722138]                                     but it isn't seted ip , so close it
[52263.241015] accepted a http connect , new connect ip is  192.168.43.186
[52263.247771]                           old connect ip is  192.168.43.237
[52263.254442]                                     but it isn't seted ip , so close it
[52263.769128] accepted a http connect , new connect ip is  192.168.43.186
[52263.775876]                           old connect ip is  192.168.43.237
[52263.782523]                                     but it isn't seted ip , so close it
[52264.300946] accepted a http connect , new connect ip is  192.168.43.186
[52264.307709]                           old connect ip is  192.168.43.237
[52264.314379]                                     but it isn't seted ip , so close it
[52264.841168] accepted a http connect , new connect ip is  192.168.43.186
[52264.847935]                           old connect ip is  192.168.43.237
[52264.854606]                                     but it isn't seted ip , so close it
[52265.380770] accepted a http connect , new connect ip is  192.168.43.186
[52265.387503]                           old connect ip is  192.168.43.237
[52265.394232]                                     but it isn't seted ip , so close it
[52265.921091] accepted a http connect , new connect ip is  192.168.43.186
[52265.927851]                           old connect ip is  192.168.43.237
[52265.934511]                                     but it isn't seted ip , so close it
[52266.461214] accepted a http connect , new connect ip is  192.168.43.186
[52266.467997]                           old connect ip is  192.168.43.237
[52266.474664]                                     but it isn't seted ip , so close it
[52267.001195] accepted a http connect , new connect ip is  192.168.43.186
[52267.008048]                           old connect ip is  192.168.43.237
[52267.014727]                                     but it isn't seted ip , so close it
[52267.541109] accepted a http connect , new connect ip is  192.168.43.186
[52267.547892]                           old connect ip is  192.168.43.237
[52267.554683]                                     but it isn't seted ip , so close it
[52268.081145] accepted a http connect , new connect ip is  192.168.43.186
[52268.087839]                           old connect ip is  192.168.43.237
[52268.094485]                                     but it isn't seted ip , so close it
[52268.609238] accepted a http connect , new connect ip is  192.168.43.186
[52268.616014]                           old connect ip is  192.168.43.237
[52268.622692]                                     but it isn't seted ip , so close it
[52269.140943] accepted a http connect , new connect ip is  192.168.43.186
[52269.147713]                           old connect ip is  192.168.43.237
[52269.154402]                                     but it isn't seted ip , so close it
[52269.669273] accepted a http connect , new connect ip is  192.168.43.186
[52269.676052]                           old connect ip is  192.168.43.237
[52269.682703]                                     but it isn't seted ip , so close it
[52270.200951] accepted a http connect , new connect ip is  192.168.43.186
[52270.207783]                           old connect ip is  192.168.43.237
[52270.214491]                                     but it isn't seted ip , so close it
[52270.729959] accepted a http connect , new connect ip is  192.168.43.186
[52270.736730]                           old connect ip is  192.168.43.237
[52270.743388]                                     but it isn't seted ip , so close it
[52271.272010] accepted a http connect , new connect ip is  192.168.43.186
[52271.278805]                           old connect ip is  192.168.43.237
[52271.285456]                                     but it isn't seted ip , so close it
[52271.801609] accepted a http connect , new connect ip is  192.168.43.186
[52271.808457]                           old connect ip is  192.168.43.237
[52271.815153]                                     but it isn't seted ip , so close it
[52272.340909] accepted a http connect , new connect ip is  192.168.43.186
[52272.347663]                           old connect ip is  192.168.43.237
[52272.354331]                                     but it isn't seted ip , so close it
[52272.881215] accepted a http connect , new connect ip is  192.168.43.186
[52272.888005]                           old connect ip is  192.168.43.237
[52272.894691]                                     but it isn't seted ip , so close it
[52273.424514] accepted a http connect , new connect ip is  192.168.43.186
[52273.431188]                           old connect ip is  192.168.43.237
[52273.437834]                                     but it isn't seted ip , so close it
[52273.960969] accepted a http connect , new connect ip is  192.168.43.186
[52273.967706]                           old connect ip is  192.168.43.237
[52273.974362]                                     but it isn't seted ip , so close it
[52274.500914] accepted a http connect , new connect ip is  192.168.43.186
[52274.507658]                           old connect ip is  192.168.43.237
[52274.514418]                                     but it isn't seted ip , so close it
[52275.030686] accepted a http connect , new connect ip is  192.168.43.186
[52275.037429]                           old connect ip is  192.168.43.237
[52275.044144]                                     but it isn't seted ip , so close it
[52275.571168] accepted a http connect , new connect ip is  192.168.43.186
[52275.577998]                           old connect ip is  192.168.43.237
[52275.584681]                                     but it isn't seted ip , so close it
[52276.110964] accepted a http connect , new connect ip is  192.168.43.186
[52276.117710]                           old connect ip is  192.168.43.237
[52276.124355]                                     but it isn't seted ip , so close it
[52276.638519] accepted a http connect , new connect ip is  192.168.43.186
[52276.645216]                           old connect ip is  192.168.43.237
[52276.651901]                                     but it isn't seted ip , so close it
[52277.171027] accepted a http connect , new connect ip is  192.168.43.186
[52277.177832]                           old connect ip is  192.168.43.237
[52277.184527]                                     but it isn't seted ip , so close it
[52277.699225] accepted a http connect , new connect ip is  192.168.43.186
[52277.706005]                           old connect ip is  192.168.43.237
[52277.712683]                                     but it isn't seted ip , so close it
[52278.230883] accepted a http connect , new connect ip is  192.168.43.186
[52278.237625]                           old connect ip is  192.168.43.237
[52278.244273]                                     but it isn't seted ip , so close it
[52278.764499] accepted a http connect , new connect ip is  192.168.43.186
[52278.771283]                           old connect ip is  192.168.43.237
[52278.777959]                                     but it isn't seted ip , so close it
[52279.301070] accepted a http connect , new connect ip is  192.168.43.186
[52279.307846]                           old connect ip is  192.168.43.237
[52279.314574]                                     but it isn't seted ip , so close it
[52279.840984] accepted a http connect , new connect ip is  192.168.43.186
[52279.847769]                           old connect ip is  192.168.43.237
[52279.854487]                                     but it isn't seted ip , so close it
[52280.380802] accepted a http connect , new connect ip is  192.168.43.186
[52280.387547]                           old connect ip is  192.168.43.237
[52280.394226]                                     but it isn't seted ip , so close it
[52280.920974] accepted a http connect , new connect ip is  192.168.43.186
[52280.927760]                           old connect ip is  192.168.43.237
[52280.934475]                                     but it isn't seted ip , so close it
[52281.461413] accepted a http connect , new connect ip is  192.168.43.186
[52281.468228]                           old connect ip is  192.168.43.237
[52281.474900]                                     but it isn't seted ip , so close it
[52281.990433] accepted a http connect , new connect ip is  192.168.43.186
[52281.997191]                           old connect ip is  192.168.43.237
[52282.003846]                                     but it isn't seted ip , so close it
[52282.530978] accepted a http connect , new connect ip is  192.168.43.186
[52282.537748]                           old connect ip is  192.168.43.237
[52282.544413]                                     but it isn't seted ip , so close it
[52283.070811] accepted a http connect , new connect ip is  192.168.43.186
[52283.077567]                           old connect ip is  192.168.43.237
[52283.084227]                                     but it isn't seted ip , so close it
[52283.614311] accepted a http connect , new connect ip is  192.168.43.186
[52283.621061]                           old connect ip is  192.168.43.237
[52283.627823]                                     but it isn't seted ip , so close it
[52284.150941] accepted a http connect , new connect ip is  192.168.43.186
[52284.157685]                           old connect ip is  192.168.43.237
[52284.164351]                                     but it isn't seted ip , so close it
[52284.682105] accepted a http connect , new connect ip is  192.168.43.186
[52284.688877]                           old connect ip is  192.168.43.237
[52284.695542]                                     but it isn't seted ip , so close it
[52285.220862] accepted a http connect , new connect ip is  192.168.43.186
[52285.227624]                           old connect ip is  192.168.43.237
[52285.234317]                                     but it isn't seted ip , so close it
[52285.750909] accepted a http connect , new connect ip is  192.168.43.186
[52285.757778]                           old connect ip is  192.168.43.237
[52285.764478]                                     but it isn't seted ip , so close it
[52286.290674] accepted a http connect , new connect ip is  192.168.43.186
[52286.297432]                           old connect ip is  192.168.43.237
[52286.304085]                                     but it isn't seted ip , so close it
[52286.818413] accepted a http connect , new connect ip is  192.168.43.186
[52286.825173]                           old connect ip is  192.168.43.237
[52286.831825]                                     but it isn't seted ip , so close it
[52287.351181] accepted a http connect , new connect ip is  192.168.43.186
[52287.357949]                           old connect ip is  192.168.43.237
[52287.364609]                                     but it isn't seted ip , so close it
[52287.891074] accepted a http connect , new connect ip is  192.168.43.186
[52287.897908]                           old connect ip is  192.168.43.237
[52287.904621]                                     but it isn't seted ip , so close it
[52288.430857] accepted a http connect , new connect ip is  192.168.43.186
[52288.437624]                           old connect ip is  192.168.43.237
[52288.444303]                                     but it isn't seted ip , so close it
[52288.971105] accepted a http connect , new connect ip is  192.168.43.186
[52288.977964]                           old connect ip is  192.168.43.237
[52288.984635]                                     but it isn't seted ip , so close it
[52289.499415] accepted a http connect , new connect ip is  192.168.43.186
[52289.506111]                           old connect ip is  192.168.43.237
[52289.512772]                                     but it isn't seted ip , so close it
[52290.025652] accepted a http connect , new connect ip is  192.168.43.186
[52290.032403]                           old connect ip is  192.168.43.237
[52290.039053]                                     but it isn't seted ip , so close it
