I/City    ( 1735): -----------------------parser.getName()--------wuhan
I/City    ( 1735): -----------------------parser--------武汉
I/City    ( 1735): -----------------------parser.getName()--------beijing
I/City    ( 1735): -----------------------parser--------北京
I/City    ( 1735): -----------------------parser.getName()--------nanning
I/City    ( 1735): -----------------------parser--------南宁
D/dalvikvm( 1143): GC_CONCURRENT freed 443K, 76% free 1407K/5763K, paused 0ms+1ms
D/dalvikvm( 1143): GC_CONCURRENT freed 459K, 77% free 1336K/5763K, paused 1ms+2ms
D/dalvikvm( 1143): GC_CONCURRENT freed 415K, 76% free 1432K/5763K, paused 1ms+1ms
D/dalvikvm( 1143): GC_CONCURRENT freed 505K, 76% free 1393K/5763K, paused 1ms+2ms
D/dalvikvm( 1143): GC_CONCURRENT freed 470K, 76% free 1418K/5763K, paused 1ms+1ms
D/dalvikvm( 1143): GC_CONCURRENT freed 474K, 76% free 1428K/5763K, paused 1ms+1ms
D/dalvikvm( 1143): GC_CONCURRENT freed 468K, 75% free 1472K/5763K, paused 1ms+1ms
V/NetUpdate( 1735): mBindRemote--->true
V/NetUpdate( 1735): Remote Invoke Success!
I/NetUpdate( 1735): --------------show()------------------
D/NetFirmwareService( 1278): setting on bind
D/dalvikvm( 1143): GC_CONCURRENT freed 547K, 76% free 1436K/5763K, paused 1ms+2ms
D/dalvikvm( 1143): GC_CONCURRENT freed 488K, 77% free 1334K/5763K, paused 1ms+1ms
I/NetUpdate( 1735): --------------hide()------------------
I/UsbUpdate( 1735): --------------show()------------------
D/dalvikvm( 1143): GC_CONCURRENT freed 394K, 76% free 1393K/5763K, paused 1ms+12ms
D/dalvikvm( 1143): GC_CONCURRENT freed 454K, 74% free 1531K/5763K, paused 1ms+1ms
D/dalvikvm( 1143): GC_CONCURRENT freed 597K, 76% free 1391K/5763K, paused 1ms+1ms
D/dalvikvm( 1143): GC_CONCURRENT freed 461K, 75% free 1441K/5763K, paused 1ms+1ms
D/dalvikvm( 1143): GC_CONCURRENT freed 518K, 78% free 1308K/5763K, paused 1ms+1ms
D/dalvikvm( 1143): GC_CONCURRENT freed 367K, 76% free 1409K/5763K, paused 1ms+1ms
D/dalvikvm( 1143): GC_CONCURRENT freed 474K, 77% free 1330K/5763K, paused 1ms+1ms
D/dalvikvm( 1143): GC_CONCURRENT freed 402K, 77% free 1325K/5763K, paused 1ms+1ms
I/VersionInfo( 1735): ----------------show()-----------------
D/dalvikvm( 1143): GC_CONCURRENT freed 396K, 77% free 1340K/5763K, paused 1ms+1ms
D/dalvikvm( 1143): GC_CONCURRENT freed 407K, 77% free 1328K/5763K, paused 1ms+1ms
V/NetUpdate( 1735): mBindRemote--->true
V/NetUpdate( 1735): Remote Invoke Success!
I/NetUpdate( 1735): --------------show()------------------
D/NetUpdate( 1735): progressValue--->4
D/NetUpdate( 1735): mWriteSD--->false
D/NetUpdate( 1735): mBootCheckZipExist--->true
D/AndroidRuntime( 1735): Shutting down VM
W/dalvikvm( 1735): threadid=1: thread exiting with uncaught exception (group=0x40fa81f8)
E/AndroidRuntime( 1735): FATAL EXCEPTION: main
E/AndroidRuntime( 1735): java.lang.ArrayIndexOutOfBoundsException: length=0; index=0
E/AndroidRuntime( 1735):        at com.coship.dvbsetting.systemsetting.childview.NetUpdate$1.handleMessage(NetUpdate.java:120)
E/AndroidRuntime( 1735):        at android.os.Handler.dispatchMessage(Handler.java:99)
E/AndroidRuntime( 1735):        at android.os.Looper.loop(Looper.java:137)
E/AndroidRuntime( 1735):        at android.app.ActivityThread.main(ActivityThread.java:4424)
E/AndroidRuntime( 1735):        at java.lang.reflect.Method.invokeNative(Native Method)
E/AndroidRuntime( 1735):        at java.lang.reflect.Method.invoke(Method.java:511)
E/AndroidRuntime( 1735):        at com.android.internal.os.ZygoteInit$MethodAndArgsCaller.run(ZygoteInit.java:848)
E/AndroidRuntime( 1735):        at com.android.internal.os.ZygoteInit.main(ZygoteInit.java:575)
E/AndroidRuntime( 1735):        at dalvik.system.NativeStart.main(Native Method)
W/ActivityManager(  979):   Force finishing activity com.coship.dvbsetting/.systemsetting.SyssetAcivity
D/dalvikvm( 1143): GC_CONCURRENT freed 394K, 77% free 1327K/5763K, paused 1ms+1ms
D/TextLayoutCache(  979): Using debug level: 0 - Debug Enabled: 0
D/dalvikvm(  979): GC_FOR_ALLOC freed 1375K, 61% free 3505K/8899K, paused 35ms
D/dalvikvm(  979): GC_FOR_ALLOC freed 30K, 54% free 4097K/8899K, paused 32ms
D/dalvikvm( 1143): GC_CONCURRENT freed 393K, 77% free 1328K/5763K, paused 1ms+1ms
I/Process (  979): Sending signal. PID: 1735 SIG: 3
I/dalvikvm( 1735): threadid=3: reacting to signal 3
W/ActivityManager(  979): Activity pause timeout for ActivityRecord{4163ede0 com.coship.dvbsetting/.systemsetting.SyssetAcivity}
I/dalvikvm( 1735): Wrote stack traces to '/data/anr/traces.txt'
D/dalvikvm( 1143): GC_CONCURRENT freed 394K, 75% free 1445K/5763K, paused 1ms+1ms
D/dalvikvm( 1143): GC_CONCURRENT freed 522K, 74% free 1526K/5763K, paused 1ms+1ms
D/dalvikvm( 1143): GC_CONCURRENT freed 577K, 77% free 1365K/5763K, paused 0ms+1ms
D/dalvikvm( 1143): GC_CONCURRENT freed 416K, 77% free 1340K/5763K, paused 1ms+1ms
D/dalvikvm( 1143): GC_CONCURRENT freed 415K, 76% free 1394K/5763K, paused 1ms+1ms
I/Process (  979): Sending signal. PID: 1735 SIG: 3
I/dalvikvm( 1735): threadid=3: reacting to signal 3
I/dalvikvm( 1735): Wrote stack traces to '/data/anr/traces.txt'
D/dalvikvm( 1143): GC_CONCURRENT freed 442K, 77% free 1344K/5763K, paused 1ms+2ms
D/dalvikvm( 1143): GC_CONCURRENT freed 416K, 76% free 1438K/5763K, paused 1ms+1ms
D/dalvikvm( 1143): GC_CONCURRENT freed 516K, 77% free 1354K/5763K, paused 1ms+1ms
D/dalvikvm( 1143): GC_CONCURRENT freed 434K, 76% free 1432K/5763K, paused 1ms+1ms
I/Process (  979): Sending signal. PID: 1735 SIG: 3
I/dalvikvm( 1735): threadid=3: reacting to signal 3
I/dalvikvm( 1735): Wrote stack traces to '/data/anr/traces.txt'
D/dalvikvm( 1143): GC_CONCURRENT freed 493K, 77% free 1332K/5763K, paused 1ms+1ms
D/dalvikvm( 1143): GC_CONCURRENT freed 407K, 78% free 1314K/5763K, paused 2ms+1ms
D/dalvikvm( 1143): GC_CONCURRENT freed 404K, 78% free 1310K/5763K, paused 1ms+1ms
D/dalvikvm( 1143): GC_CONCURRENT freed 459K, 77% free 1354K/5763K, paused 1ms+1ms
D/dalvikvm( 1143): GC_CONCURRENT freed 423K, 76% free 1425K/5763K, paused 1ms+1ms
D/dalvikvm( 1143): GC_CONCURRENT freed 487K, 77% free 1334K/5763K, paused 1ms+1ms
I/Process (  979): Sending signal. PID: 1735 SIG: 3
I/dalvikvm( 1735): threadid=3: reacting to signal 3
I/dalvikvm( 1735): Wrote stack traces to '/data/anr/traces.txt'
D/dalvikvm( 1143): GC_CONCURRENT freed 403K, 75% free 1441K/5763K, paused 1ms+1ms
I/Process ( 1735): Sending signal. PID: 1735 SIG: 9
W/InputDispatcher(  979): channel '41667118 com.coship.dvbsetting/com.coship.dvbsetting.main (server)' ~ Consumer closed input channel or an error occurred.  events=0x8
E/InputDispatcher(  979): channel '41667118 com.coship.dvbsetting/com.coship.dvbsetting.main (server)' ~ Channel is unrecoverably broken and will be disposed!
I/WindowManager(  979): WIN DEATH: Window{416677e0 com.coship.dvbsetting/com.coship.dvbsetting.systemsetting.SyssetAcivity paused=false}
I/ActivityManager(  979): Process com.coship.dvbsetting (pid 1735) has died.
W/InputDispatcher(  979): Attempted to unregister already unregistered input channel '41667118 com.coship.dvbsetting/com.coship.dvbsetting.main (server)'
I/WindowManager(  979): WINDOW DIED Window{41667118 com.coship.dvbsetting/com.coship.dvbsetting.main paused=false}
W/WindowManager(  979): Failed looking up window
W/WindowManager(  979): java.lang.IllegalArgumentException: Requested window android.os.BinderProxy@4163abb0 does not exist
W/WindowManager(  979):         at com.android.server.wm.WindowManagerService.windowForClientLocked(WindowManagerService.java:7185)
W/WindowManager(  979):         at com.android.server.wm.WindowManagerService.windowForClientLocked(WindowManagerService.java:7176)
W/WindowManager(  979):         at com.android.server.wm.WindowState$DeathRecipient.binderDied(WindowState.java:1545)
W/WindowManager(  979):         at android.os.BinderProxy.sendDeathNotice(Binder.java:417)
W/WindowManager(  979):         at dalvik.system.NativeStart.run(Native Method)
I/WindowManager(  979): WIN DEATH: null
W/ActivityManager(  979): Force removing ActivityRecord{415d8058 com.coship.dvbsetting/.main}: app died, no saved state
I/MainActivity( 1235):  onResume
D/dalvikvm( 1143): GC_CONCURRENT freed 526K, 77% free 1374K/5763K, paused 1ms+4ms
W/InputManagerService(  979): Got RemoteException sending setActive(false) notification to pid 1735 uid 1000
D/dalvikvm( 1143): GC_CONCURRENT freed 449K, 77% free 1365K/5763K, paused 1ms+1ms
D/dalvikvm( 1143): GC_CONCURRENT freed 445K, 78% free 1316K/5763K, paused 1ms+1ms
D/dalvikvm( 1143): GC_CONCURRENT freed 397K, 78% free 1305K/5763K, paused 1ms+1ms
D/dalvikvm( 1143): GC_CONCURRENT freed 392K, 78% free 1315K/5763K, paused 0ms+2ms
D/dalvikvm( 1143): GC_CONCURRENT freed 389K, 78% free 1317K/5763K, paused 1ms+1ms
D/dalvikvm( 1143): GC_CONCURRENT freed 390K, 78% free 1319K/5763K, paused 1ms+1ms
D/dalvikvm( 1143): GC_CONCURRENT freed 393K, 78% free 1319K/5763K, paused 1ms+1ms
D/dalvikvm( 1143): GC_CONCURRENT freed 393K, 78% free 1319K/5763K, paused 1ms+1ms
I/MainActivity( 1235): onClick -> 52060
I/ActivityManager(  979): START {flg=0x10000000 cmp=com.coship.dvbsetting/.main (has extras)} from pid 1235
D/dalvikvm(  979): GC_FOR_ALLOC freed 947K, 59% free 3696K/8899K, paused 34ms
I/dalvikvm-heap(  979): Grow heap (frag case) to 8.210MB for 1048592-byte allocation
D/dalvikvm(  979): GC_FOR_ALLOC freed 9K, 53% free 4710K/9987K, paused 37ms
D/dalvikvm( 1143): GC_CONCURRENT freed 426K, 78% free 1292K/5763K, paused 0ms+1ms
D/dalvikvm(  979): GC_CONCURRENT freed 8K, 53% free 4766K/9987K, paused 3ms+5ms
V/MainActivity( 1235): 启动onlineMovice，用户为  ：null
V/MainActivity( 1235): userName = null ;passwd = null ; DiviceId = null
I/ActivityManager(  979): Start proc com.coship.dvbsetting for activity com.coship.dvbsetting/.main: pid=1878 uid=1000 gids={3003, 1015, 3002, 3001, 3004}
D/OpenGLRenderer( 1235): Flushing caches (mode 1)
D/OpenGLRenderer( 1235): Flushing caches (mode 0)
D/dalvikvm(  742): GC_EXPLICIT freed 379K, 65% free 2229K/6339K, paused 3ms+20ms
I/Zygote  (  742): Preloading resources...
D/dalvikvm( 1878): GC_CONCURRENT freed 406K, 65% free 2311K/6467K, paused 4ms+3ms
D/dalvikvm( 1878): GC_FOR_ALLOC freed 30K, 65% free 2301K/6467K, paused 25ms
I/dalvikvm-heap( 1878): Grow heap (frag case) to 6.847MB for 1048592-byte allocation
D/dalvikvm( 1878): GC_CONCURRENT freed <1K, 56% free 3325K/7555K, paused 2ms+2ms
D/dalvikvm( 1878): GC_FOR_ALLOC freed <1K, 56% free 3327K/7555K, paused 24ms
I/dalvikvm-heap( 1878): Grow heap (frag case) to 14.759MB for 8294416-byte allocation
I/Process (  979): Sending signal. PID: 1878 SIG: 3
I/dalvikvm( 1878): threadid=3: reacting to signal 3
D/dalvikvm( 1878): GC_FOR_ALLOC freed <1K, 28% free 11426K/15683K, paused 27ms
D/dalvikvm( 1143): GC_CONCURRENT freed 381K, 76% free 1419K/5763K, paused 1ms+74ms
I/dalvikvm( 1878): Wrote stack traces to '/data/anr/traces.txt'
I/main_setcenter( 1878): product model ro.product.model = S1001
V/TabletStatusBar( 1129): setLightsOn(true)
D/dalvikvm(  742): GC_FOR_ALLOC freed 1062K, 65% free 2782K/7747K, paused 41ms
W/InputManagerService(  979): Starting input on non-focused client com.android.internal.view.IInputMethodClient$Stub$Proxy@41645668 (uid=10005 pid=1235)
I/ActivityManager(  979): Displayed com.coship.dvbsetting/.main: +865ms
D/dalvikvm( 1143): GC_CONCURRENT freed 504K, 76% free 1422K/5763K, paused 0ms+1ms
D/dalvikvm(  742): GC_FOR_ALLOC freed 1300K, 60% free 3499K/8579K, paused 23ms
D/dalvikvm(  742): GC_FOR_ALLOC freed 104K, 57% free 4041K/9219K, paused 24ms
D/dalvikvm( 1143): GC_CONCURRENT freed 488K, 77% free 1325K/5763K, paused 1ms+1ms
V/Zygote  (  742):  GC at 4613016
D/dalvikvm(  742): GC_EXPLICIT freed 621K, 62% free 3695K/9539K, paused 2ms+2ms
D/dalvikvm(  742): GC_FOR_ALLOC freed 878K, 57% free 4109K/9539K, paused 23ms
D/dalvikvm(  742): GC_FOR_ALLOC freed 19K, 52% free 5113K/10627K, paused 21ms
D/dalvikvm(  742): GC_FOR_ALLOC freed <1K, 52% free 5115K/10627K, paused 23ms
D/dalvikvm( 1143): GC_CONCURRENT freed 402K, 76% free 1416K/5763K, paused 1ms+1ms
D/dalvikvm(  742): GC_FOR_ALLOC freed <1K, 48% free 6139K/11715K, paused 24ms
I/main_setcenter( 1878): BackDoorIndex:0
I/main_setcenter( 1878): BackDoorKey[BackDoorIndex]:21
I/main_setcenter( 1878): KeyCode:22
V/Zygote  (  742):  GC at 4199376
D/dalvikvm( 1143): GC_CONCURRENT freed 490K, 76% free 1401K/5763K, paused 1ms+43ms
D/dalvikvm(  742): GC_EXPLICIT freed 509K, 46% free 6413K/11715K, paused 3ms+3ms
D/dalvikvm( 1143): GC_CONCURRENT freed 473K, 77% free 1366K/5763K, paused 1ms+1ms
I/Zygote  (  742): ...preloaded 379 resources in 1861ms.
I/Zygote  (  742): ...preloaded 31 resources in 14ms.
E/Zygote  (  742): ==============>delay preload Resource finished
I/main_setcenter( 1878): BackDoorIndex:0
I/main_setcenter( 1878): BackDoorKey[BackDoorIndex]:21
I/main_setcenter( 1878): KeyCode:66
D/dalvikvm( 1143): GC_CONCURRENT freed 445K, 76% free 1391K/5763K, paused 1ms+1ms
D/dalvikvm( 1143): GC_CONCURRENT freed 477K, 78% free 1316K/5763K, paused 1ms+1ms
I/ActivityManager(  979): START {cmp=com.coship.dvbsetting/.systemsetting.SyssetAcivity} from pid 1878
D/dalvikvm( 1878): GC_FOR_ALLOC freed 765K, 29% free 12068K/16899K, paused 24ms
I/dalvikvm-heap( 1878): Grow heap (frag case) to 23.295MB for 8294416-byte allocation
D/dalvikvm( 1878): GC_CONCURRENT freed 4K, 20% free 20164K/25027K, paused 2ms+4ms
I/inputMethod( 1878): ----------mo ren shurufa-------------com.android.inputmethod.pinyin/.PinyinIME
I/inputMethod( 1878): -----mLastInputMethodId.equals(id)-----id=com.android.inputmethod.pinyin/.PinyinIME
I/SyssetAcivity( 1878): product model ro.product.model = S1001
I/Resolution( 1878):  ---------------------- getgetprop persist.sys.resolution---------defvalue=0
W/ResourceType( 1878): getEntry failing because entryIndex 129 is beyond type entryCount 1
I/Storage ( 1878): ----------getPath()=/data
I/Storage ( 1878): ----------totalBlocks=831MB
I/Storage ( 1878): ----------availableBlocks_sd=762MB
I/Storage ( 1878): ----------surplusBlocks_sd=69.01MB
I/Storage ( 1878): &&&&&&&&&&&&&&&&&&&&&&&&&&&&&&& storagenumber=1----pagination=1
I/NetUpdate( 1878): mSwv--->211340
I/PppoeManager( 1878): create PppoeManager
I/EthernetManager( 1878): Init Ethernet Manager, service: android.net.ethernet.IEthernetManager$Stub$Proxy@41576e80
I/Process (  979): Sending signal. PID: 1878 SIG: 3
I/dalvikvm( 1878): threadid=3: reacting to signal 3
I/dalvikvm( 1878): Wrote stack traces to '/data/anr/traces.txt'
D/dalvikvm( 1878): GC_FOR_ALLOC freed 187K, 16% free 21621K/25539K, paused 26ms
V/TabletStatusBar( 1129): setLightsOn(true)
I/ActivityManager(  979): Displayed com.coship.dvbsetting/.systemsetting.SyssetAcivity: +754ms
D/dalvikvm( 1143): GC_CONCURRENT freed 405K, 78% free 1319K/5763K, paused 1ms+1ms
D/dalvikvm( 1143): GC_CONCURRENT freed 392K, 76% free 1406K/5763K, paused 1ms+1ms
D/dalvikvm( 1143): GC_CONCURRENT freed 484K, 78% free 1308K/5763K, paused 1ms+1ms
D/dalvikvm( 1143): GC_CONCURRENT freed 397K, 76% free 1420K/5763K, paused 0ms+1ms
I/System.out( 1878): locale ++++++++++++中文 (中国)
D/dalvikvm( 1143): GC_CONCURRENT freed 488K, 75% free 1447K/5763K, paused 2ms+1ms
D/HomePlayerLib( 1143): hostaddress count is 2
D/dalvikvm( 1143): GC_CONCURRENT freed 533K, 78% free 1314K/5763K, paused 1ms+2ms
D/dalvikvm( 1143): GC_CONCURRENT freed 389K, 77% free 1359K/5763K, paused 1ms+2ms
D/dalvikvm( 1143): GC_CONCURRENT freed 443K, 76% free 1419K/5763K, paused 0ms+1ms
D/dalvikvm( 1143): GC_CONCURRENT freed 506K, 76% free 1424K/5763K, paused 1ms+1ms
D/dalvikvm( 1143): GC_CONCURRENT freed 594K, 78% free 1303K/5763K, paused 1ms+1ms
D/dalvikvm( 1143): GC_CONCURRENT freed 370K, 78% free 1323K/5763K, paused 1ms+1ms
I/System.out( 1878): SystemPropertiesClass--->class android.media.AudioManager
W/System.err( 1878): java.lang.NoSuchMethodException: getBluetoothHeadsetAction []
W/System.err( 1878):    at java.lang.Class.getConstructorOrMethod(Class.java:460)
W/System.err( 1878):    at java.lang.Class.getMethod(Class.java:915)
W/System.err( 1878):    at com.coship.dvbsetting.systemsetting.childview.AudioOutput.getPropertiesAction(AudioOutput.java:225)
W/System.err( 1878):    at com.coship.dvbsetting.systemsetting.childview.AudioOutput.show(AudioOutput.java:176)
W/System.err( 1878):    at com.coship.dvbsetting.ExpanItem.clickandselect(ExpanItem.java:199)
W/System.err( 1878):    at com.coship.dvbsetting.ExpanItem.access$000(ExpanItem.java:33)
W/System.err( 1878):    at com.coship.dvbsetting.ExpanItem$onitemselect.onItemSelected(ExpanItem.java:151)
W/System.err( 1878):    at android.widget.AdapterView.fireOnSelected(AdapterView.java:882)
W/System.err( 1878):    at android.widget.AdapterView.access$200(AdapterView.java:48)
W/System.err( 1878):    at android.widget.AdapterView$SelectionNotifier.run(AdapterView.java:848)
W/System.err( 1878):    at android.os.Handler.handleCallback(Handler.java:605)
W/System.err( 1878):    at android.os.Handler.dispatchMessage(Handler.java:92)
W/System.err( 1878):    at android.os.Looper.loop(Looper.java:137)
W/System.err( 1878):    at android.app.ActivityThread.main(ActivityThread.java:4424)
W/System.err( 1878):    at java.lang.reflect.Method.invokeNative(Native Method)
W/System.err( 1878):    at java.lang.reflect.Method.invoke(Method.java:511)
W/System.err( 1878):    at com.android.internal.os.ZygoteInit$MethodAndArgsCaller.run(ZygoteInit.java:848)
W/System.err( 1878):    at com.android.internal.os.ZygoteInit.main(ZygoteInit.java:575)
W/System.err( 1878):    at dalvik.system.NativeStart.main(Native Method)
I/System.out( 1878): could not find class
I/System.out( 1878): [AudioOutput]:status--->false
D/dalvikvm( 1143): GC_CONCURRENT freed 371K, 74% free 1510K/5763K, paused 5ms+1ms
D/dalvikvm( 1143): GC_CONCURRENT freed 588K, 77% free 1379K/5763K, paused 1ms+2ms
I/City    ( 1878): -----------------------parser.getName()--------shenzhen
I/City    ( 1878): -----------------------parser--------深圳
I/City    ( 1878): -----------------------parser.getName()--------wuhan
I/City    ( 1878): -----------------------parser--------武汉
I/City    ( 1878): -----------------------parser.getName()--------beijing
I/City    ( 1878): -----------------------parser--------北京
D/dalvikvm( 1143): GC_CONCURRENT freed 445K, 76% free 1385K/5763K, paused 1ms+1ms
I/City    ( 1878): -----------------------parser.getName()--------nanning
I/City    ( 1878): -----------------------parser--------南宁
D/dalvikvm( 1143): GC_CONCURRENT freed 465K, 76% free 1428K/5763K, paused 1ms+18ms
D/dalvikvm( 1143): GC_CONCURRENT freed 488K, 75% free 1449K/5763K, paused 1ms+2ms
D/dalvikvm( 1143): GC_CONCURRENT freed 536K, 78% free 1302K/5763K, paused 1ms+2ms
D/dalvikvm( 1143): GC_CONCURRENT freed 388K, 77% free 1380K/5763K, paused 1ms+2ms
V/NetUpdate( 1878): mBindRemote--->true
V/NetUpdate( 1878): Remote Invoke Success!
I/NetUpdate( 1878): --------------show()------------------
D/dalvikvm( 1143): GC_CONCURRENT freed 447K, 78% free 1321K/5763K, paused 0ms+1ms
I/NetUpdate( 1878): --------------hide()------------------
I/UsbUpdate( 1878): --------------show()------------------
D/dalvikvm( 1143): GC_CONCURRENT freed 396K, 76% free 1415K/5763K, paused 1ms+1ms
D/dalvikvm( 1143): GC_CONCURRENT freed 501K, 77% free 1339K/5763K, paused 1ms+1ms
D/dalvikvm( 1143): GC_CONCURRENT freed 419K, 76% free 1431K/5763K, paused 1ms+1ms
D/dalvikvm( 1143): GC_CONCURRENT freed 504K, 76% free 1436K/5763K, paused 1ms+1ms
D/dalvikvm( 1143): GC_CONCURRENT freed 533K, 78% free 1291K/5763K, paused 1ms+1ms
I/UsbUpdate( 1878): --------------show()------------------
D/dalvikvm( 1143): GC_CONCURRENT freed 362K, 76% free 1440K/5763K, paused 1ms+1ms
D/dalvikvm( 1143): GC_CONCURRENT freed 524K, 72% free 1666K/5763K, paused 1ms+1ms
D/dalvikvm( 1143): GC_CONCURRENT freed 770K, 74% free 1548K/5891K, paused 0ms+2ms
D/dalvikvm( 1143): GC_CONCURRENT freed 626K, 75% free 1489K/5891K, paused 1ms+1ms
D/dalvikvm( 1143): GC_CONCURRENT freed 563K, 78% free 1336K/5891K, paused 1ms+1ms
D/dalvikvm( 1143): GC_CONCURRENT freed 393K, 78% free 1331K/5891K, paused 1ms+1ms
V/NetUpdate( 1878): mBindRemote--->true
V/NetUpdate( 1878): Remote Invoke Success!
I/NetUpdate( 1878): --------------show()------------------
D/NetUpdate( 1878): progressValue--->4
D/NetUpdate( 1878): mWriteSD--->false
D/NetUpdate( 1878): mBootCheckZipExist--->true
D/AndroidRuntime( 1878): Shutting down VM
W/dalvikvm( 1878): threadid=1: thread exiting with uncaught exception (group=0x40fa81f8)
E/AndroidRuntime( 1878): FATAL EXCEPTION: main
E/AndroidRuntime( 1878): java.lang.ArrayIndexOutOfBoundsException: length=0; index=0
E/AndroidRuntime( 1878):        at com.coship.dvbsetting.systemsetting.childview.NetUpdate$1.handleMessage(NetUpdate.java:120)
E/AndroidRuntime( 1878):        at android.os.Handler.dispatchMessage(Handler.java:99)
E/AndroidRuntime( 1878):        at android.os.Looper.loop(Looper.java:137)
E/AndroidRuntime( 1878):        at android.app.ActivityThread.main(ActivityThread.java:4424)
E/AndroidRuntime( 1878):        at java.lang.reflect.Method.invokeNative(Native Method)
E/AndroidRuntime( 1878):        at java.lang.reflect.Method.invoke(Method.java:511)
E/AndroidRuntime( 1878):        at com.android.internal.os.ZygoteInit$MethodAndArgsCaller.run(ZygoteInit.java:848)
E/AndroidRuntime( 1878):        at com.android.internal.os.ZygoteInit.main(ZygoteInit.java:575)
E/AndroidRuntime( 1878):        at dalvik.system.NativeStart.main(Native Method)
W/ActivityManager(  979):   Force finishing activity com.coship.dvbsetting/.systemsetting.SyssetAcivity
D/dalvikvm( 1143): GC_CONCURRENT freed 410K, 76% free 1457K/5891K, paused 3ms+1ms
D/InputEventConsistencyVerifier(  979): KeyEvent: ACTION_UP but key was not down.
D/InputEventConsistencyVerifier(  979):   in Handler (android.view.ViewRootImpl) {4146f490}
D/InputEventConsistencyVerifier(  979):   0: sent at 197496000000, KeyEvent { action=ACTION_UP, keyCode=KEYCODE_DPAD_DOWN, scanCode=108, metaState=0, flags=0x8, repeatCount=0, eventTime=197496, downTime=197283, deviceId=1, source=0x101 }
D/dalvikvm( 1143): GC_CONCURRENT freed 536K, 78% free 1327K/5891K, paused 1ms+1ms
D/dalvikvm( 1143): GC_CONCURRENT freed 412K, 78% free 1338K/5891K, paused 1ms+1ms
D/dalvikvm( 1143): GC_CONCURRENT freed 428K, 78% free 1306K/5891K, paused 1ms+1ms
I/Process (  979): Sending signal. PID: 1878 SIG: 3
I/dalvikvm( 1878): threadid=3: reacting to signal 3
W/ActivityManager(  979): Activity pause timeout for ActivityRecord{4165bd98 com.coship.dvbsetting/.systemsetting.SyssetAcivity}
I/dalvikvm( 1878): Wrote stack traces to '/data/anr/traces.txt'
D/dalvikvm( 1143): GC_CONCURRENT freed 376K, 78% free 1347K/5891K, paused 1ms+1ms
D/dalvikvm( 1143): GC_CONCURRENT freed 424K, 78% free 1342K/5891K, paused 1ms+1ms
D/dalvikvm( 1143): GC_CONCURRENT freed 425K, 78% free 1314K/5891K, paused 1ms+1ms
I/Process (  979): Sending signal. PID: 1878 SIG: 3
I/dalvikvm( 1878): threadid=3: reacting to signal 3
I/dalvikvm( 1878): Wrote stack traces to '/data/anr/traces.txt'
D/dalvikvm( 1143): GC_CONCURRENT freed 403K, 78% free 1325K/5891K, paused 1ms+1ms
D/dalvikvm( 1143): GC_CONCURRENT freed 403K, 78% free 1307K/5891K, paused 1ms+1ms
D/dalvikvm( 1143): GC_CONCURRENT freed 396K, 78% free 1306K/5891K, paused 1ms+1ms
I/Process (  979): Sending signal. PID: 1878 SIG: 3
I/dalvikvm( 1878): threadid=3: reacting to signal 3
I/dalvikvm( 1878): Wrote stack traces to '/data/anr/traces.txt'
D/dalvikvm( 1143): GC_CONCURRENT freed 394K, 76% free 1420K/5891K, paused 1ms+1ms
I/Process ( 1878): Sending signal. PID: 1878 SIG: 9
I/WindowManager(  979): WIN DEATH: Window{416d60f0 com.coship.dvbsetting/com.coship.dvbsetting.systemsetting.SyssetAcivity paused=false}
I/ActivityManager(  979): Process com.coship.dvbsetting (pid 1878) has died.
I/WindowManager(  979): WIN DEATH: Window{4161b808 com.coship.dvbsetting/com.coship.dvbsetting.main paused=false}
W/ActivityManager(  979): Force removing ActivityRecord{41658950 com.coship.dvbsetting/.main}: app died, no saved state
I/MainActivity( 1235):  onResume
W/InputManagerService(  979): Got RemoteException sending setActive(false) notification to pid 1878 uid 1000
D/dalvikvm( 1143): GC_CONCURRENT freed 486K, 78% free 1344K/5891K, paused 2ms+6ms
D/dalvikvm( 1143): GC_CONCURRENT freed 433K, 78% free 1325K/5891K, paused 1ms+1ms
D/dalvikvm( 1143): GC_CONCURRENT freed 405K, 78% free 1308K/5891K, paused 1ms+1ms
D/dalvikvm( 1143): GC_CONCURRENT freed 396K, 78% free 1314K/5891K, paused 1ms+1ms
D/dalvikvm( 1143): GC_CONCURRENT freed 394K, 78% free 1306K/5891K, paused 1ms+1ms
I/MainActivity( 1235): onClick -> 52060
I/ActivityManager(  979): START {flg=0x10000000 cmp=com.coship.dvbsetting/.main (has extras)} from pid 1235
V/MainActivity( 1235): 启动onlineMovice，用户为  ：null
V/MainActivity( 1235): userName = null ;passwd = null ; DiviceId = null
I/ActivityManager(  979): Start proc com.coship.dvbsetting for activity com.coship.dvbsetting/.main: pid=1913 uid=1000 gids={3003, 1015, 3002, 3001, 3004}
D/OpenGLRenderer( 1235): Flushing caches (mode 1)
D/OpenGLRenderer( 1235): Flushing caches (mode 0)
D/dalvikvm( 1913): GC_FOR_ALLOC freed 498K, 43% free 6688K/11715K, paused 42ms
I/dalvikvm-heap( 1913): Grow heap (frag case) to 18.041MB for 8294416-byte allocation
D/dalvikvm( 1913): GC_CONCURRENT freed 31K, 26% free 14756K/19843K, paused 5ms+2ms
I/main_setcenter( 1913): product model ro.product.model = S1001
I/Process (  979): Sending signal. PID: 1913 SIG: 3
I/dalvikvm( 1913): threadid=3: reacting to signal 3
I/dalvikvm( 1913): Wrote stack traces to '/data/anr/traces.txt'
V/TabletStatusBar( 1129): setLightsOn(true)
W/InputManagerService(  979): Starting input on non-focused client com.android.internal.view.IInputMethodClient$Stub$Proxy@41645668 (uid=10005 pid=1235)
I/ActivityManager(  979): Displayed com.coship.dvbsetting/.main: +717ms
I/main_setcenter( 1913): BackDoorIndex:0
I/main_setcenter( 1913): BackDoorKey[BackDoorIndex]:21
I/main_setcenter( 1913): KeyCode:22
I/main_setcenter( 1913): BackDoorIndex:0
I/main_setcenter( 1913): BackDoorKey[BackDoorIndex]:21
I/main_setcenter( 1913): KeyCode:66
I/ActivityManager(  979): START {cmp=com.coship.dvbsetting/.systemsetting.SyssetAcivity} from pid 1913
D/dalvikvm( 1913): GC_FOR_ALLOC freed 89K, 24% free 15097K/19843K, paused 28ms
I/dalvikvm-heap( 1913): Grow heap (frag case) to 26.253MB for 8294416-byte allocation
D/dalvikvm( 1913): GC_CONCURRENT freed 3K, 18% free 23193K/27971K, paused 2ms+3ms
I/inputMethod( 1913): ----------mo ren shurufa-------------com.android.inputmethod.pinyin/.PinyinIME
I/inputMethod( 1913): -----mLastInputMethodId.equals(id)-----id=com.android.inputmethod.pinyin/.PinyinIME
I/SyssetAcivity( 1913): product model ro.product.model = S1001
I/Resolution( 1913):  ---------------------- getgetprop persist.sys.resolution---------defvalue=0
W/ResourceType( 1913): getEntry failing because entryIndex 129 is beyond type entryCount 1
I/Storage ( 1913): ----------getPath()=/data
I/Storage ( 1913): ----------totalBlocks=831MB
I/Storage ( 1913): ----------availableBlocks_sd=762MB
I/Storage ( 1913): ----------surplusBlocks_sd=69.01MB
I/Storage ( 1913): &&&&&&&&&&&&&&&&&&&&&&&&&&&&&&& storagenumber=1----pagination=1
I/NetUpdate( 1913): mSwv--->211340
I/PppoeManager( 1913): create PppoeManager
I/EthernetManager( 1913): Init Ethernet Manager, service: android.net.ethernet.IEthernetManager$Stub$Proxy@4144eb10
D/dalvikvm( 1913): GC_FOR_ALLOC freed 83K, 15% free 24607K/28803K, paused 29ms
I/Process (  979): Sending signal. PID: 1913 SIG: 3
I/dalvikvm( 1913): threadid=3: reacting to signal 3
I/dalvikvm( 1913): Wrote stack traces to '/data/anr/traces.txt'
V/TabletStatusBar( 1129): setLightsOn(true)
I/ActivityManager(  979): Displayed com.coship.dvbsetting/.systemsetting.SyssetAcivity: +703ms
D/dalvikvm( 1143): GC_CONCURRENT freed 392K, 78% free 1306K/5891K, paused 1ms+1ms
D/dalvikvm( 1143): GC_CONCURRENT freed 392K, 76% free 1460K/5891K, paused 1ms+1ms
D/dalvikvm( 1143): GC_CONCURRENT freed 538K, 76% free 1418K/5891K, paused 1ms+1ms
D/dalvikvm( 1143): GC_CONCURRENT freed 492K, 78% free 1319K/5891K, paused 1ms+1ms
D/dalvikvm( 1143): GC_CONCURRENT freed 394K, 78% free 1319K/5891K, paused 1ms+1ms
D/UpgradeAppStoreTimerTask( 1682):  ------:: UpgradeAppStoreTimerTask execute...
D/Tools   ( 1682):  ------:: osVersion 15
D/Tools   ( 1682):  ------:: retObj = {"resultObject":null,"respseStatus":"0","respseDesc":"Success"}
D/HomePlayerLib( 1143): hostaddress count is 2
D/dalvikvm( 1143): GC_CONCURRENT freed 404K, 76% free 1425K/5891K, paused 0ms+1ms
D/dalvikvm( 1143): GC_CONCURRENT freed 516K, 76% free 1416K/5891K, paused 1ms+1ms
D/dalvikvm( 1143): GC_CONCURRENT freed 498K, 77% free 1374K/5891K, paused 1ms+0ms
D/dalvikvm( 1143): GC_CONCURRENT freed 455K, 78% free 1310K/5891K, paused 1ms+1ms
D/dalvikvm( 1143): GC_CONCURRENT freed 389K, 76% free 1433K/5891K, paused 1ms+1ms
D/dalvikvm( 1143): GC_CONCURRENT freed 517K, 76% free 1422K/5891K, paused 1ms+1ms
D/dalvikvm( 1143): GC_CONCURRENT freed 486K, 78% free 1330K/5891K, paused 0ms+1ms
D/dalvikvm( 1143): GC_CONCURRENT freed 395K, 78% free 1351K/5891K, paused 1ms+1ms
D/dalvikvm( 1143): GC_CONCURRENT freed 423K, 77% free 1370K/5891K, paused 1ms+1ms
D/dalvikvm( 1143): GC_CONCURRENT freed 437K, 77% free 1408K/5891K, paused 1ms+1ms
D/dalvikvm( 1143): GC_CONCURRENT freed 480K, 78% free 1318K/5891K, paused 1ms+1ms
D/dalvikvm( 1143): GC_CONCURRENT freed 392K, 77% free 1392K/5891K, paused 1ms+1ms
D/dalvikvm( 1143): GC_CONCURRENT freed 463K, 76% free 1438K/5891K, paused 1ms+1ms
D/dalvikvm( 1143): GC_CONCURRENT freed 507K, 76% free 1435K/5891K, paused 1ms+1ms
D/dalvikvm( 1143): GC_CONCURRENT freed 487K, 78% free 1337K/5891K, paused 1ms+1ms
D/dalvikvm( 1143): GC_CONCURRENT freed 404K, 75% free 1511K/5891K, paused 1ms+1ms
D/dalvikvm( 1143): GC_CONCURRENT freed 583K, 76% free 1414K/5891K, paused 1ms+1ms
D/dalvikvm( 1143): GC_CONCURRENT freed 540K, 78% free 1332K/5891K, paused 1ms+1ms
D/dalvikvm( 1143): GC_CONCURRENT freed 395K, 76% free 1434K/5891K, paused 0ms+1ms
D/dalvikvm( 1143): GC_CONCURRENT freed 512K, 78% free 1329K/5891K, paused 1ms+1ms
D/dalvikvm( 1143): GC_CONCURRENT freed 394K, 78% free 1329K/5891K, paused 1ms+1ms
D/dalvikvm( 1143): GC_CONCURRENT freed 402K, 78% free 1342K/5891K, paused 1ms+1ms
D/dalvikvm( 1143): GC_CONCURRENT freed 403K, 78% free 1331K/5891K, paused 1ms+1ms
D/dalvikvm( 1143): GC_CONCURRENT freed 397K, 76% free 1446K/5891K, paused 1ms+1ms
D/dalvikvm( 1143): GC_CONCURRENT freed 520K, 77% free 1386K/5891K, paused 1ms+1ms
D/dalvikvm( 1143): GC_CONCURRENT freed 465K, 78% free 1324K/5891K, paused 1ms+1ms
D/dalvikvm( 1143): GC_CONCURRENT freed 395K, 78% free 1324K/5891K, paused 1ms+1ms
D/dalvikvm( 1143): GC_CONCURRENT freed 404K, 77% free 1370K/5891K, paused 1ms+0ms
D/dalvikvm( 1143): GC_CONCURRENT freed 432K, 76% free 1415K/5891K, paused 1ms+1ms
D/dalvikvm( 1143): GC_CONCURRENT freed 482K, 76% free 1442K/5891K, paused 2ms+1ms
D/dalvikvm( 1143): GC_CONCURRENT freed 518K, 78% free 1317K/5891K, paused 1ms+1ms
D/dalvikvm( 1143): GC_CONCURRENT freed 394K, 78% free 1316K/5891K, paused 0ms+1ms
D/dalvikvm( 1143): GC_CONCURRENT freed 393K, 78% free 1307K/5891K, paused 1ms+1ms
D/dalvikvm( 1143): GC_CONCURRENT freed 366K, 78% free 1328K/5891K, paused 1ms+1ms
D/dalvikvm( 1143): GC_CONCURRENT freed 393K, 78% free 1328K/5891K, paused 0ms+0ms
D/dalvikvm( 1143): GC_CONCURRENT freed 400K, 76% free 1432K/5891K, paused 0ms+1ms
D/dalvikvm( 1143): GC_CONCURRENT freed 490K, 78% free 1329K/5891K, paused 1ms+1ms
D/dalvikvm( 1143): GC_CONCURRENT freed 394K, 78% free 1328K/5891K, paused 1ms+1ms
D/dalvikvm( 1143): GC_CONCURRENT freed 391K, 78% free 1328K/5891K, paused 0ms+1ms
D/dalvikvm( 1143): GC_CONCURRENT freed 392K, 77% free 1374K/5891K, paused 0ms+1ms
D/dalvikvm( 1143): GC_CONCURRENT freed 442K, 76% free 1442K/5891K, paused 1ms+1ms
D/dalvikvm( 1143): GC_CONCURRENT freed 518K, 76% free 1439K/5891K, paused 0ms+1ms
D/dalvikvm( 1143): GC_CONCURRENT freed 521K, 78% free 1308K/5891K, paused 1ms+1ms
D/dalvikvm( 1143): GC_CONCURRENT freed 383K, 78% free 1330K/5891K, paused 1ms+1ms
D/dalvikvm( 1143): GC_CONCURRENT freed 477K, 77% free 1386K/5891K, paused 0ms+1ms
D/dalvikvm( 1143): GC_CONCURRENT freed 462K, 78% free 1316K/5891K, paused 0ms+1ms
D/dalvikvm( 1143): GC_CONCURRENT freed 394K, 78% free 1347K/5891K, paused 1ms+1ms
D/dalvikvm( 1143): GC_CONCURRENT freed 426K, 77% free 1400K/5891K, paused 1ms+1ms
D/dalvikvm( 1143): GC_CONCURRENT freed 489K, 78% free 1320K/5891K, paused 1ms+1ms
D/dalvikvm( 1143): GC_CONCURRENT freed 395K, 78% free 1319K/5891K, paused 1ms+1ms
D/dalvikvm( 1143): GC_CONCURRENT freed 393K, 77% free 1406K/5891K, paused 1ms+1ms
D/dalvikvm( 1143): GC_CONCURRENT freed 485K, 76% free 1432K/5891K, paused 1ms+1ms
D/dalvikvm( 1143): GC_CONCURRENT freed 517K, 78% free 1316K/5891K, paused 1ms+1ms
D/dalvikvm( 1143): GC_CONCURRENT freed 406K, 78% free 1319K/5891K, paused 1ms+1ms
D/dalvikvm( 1143): GC_CONCURRENT freed 394K, 78% free 1319K/5891K, paused 1ms+1ms
D/dalvikvm( 1143): GC_CONCURRENT freed 393K, 78% free 1319K/5891K, paused 1ms+1ms
D/dalvikvm( 1143): GC_CONCURRENT freed 405K, 78% free 1332K/5891K, paused 1ms+1ms
D/dalvikvm( 1143): GC_CONCURRENT freed 420K, 78% free 1313K/5891K, paused 1ms+1ms
D/HomePlayerLib( 1143): hostaddress count is 2
D/dalvikvm( 1143): GC_CONCURRENT freed 388K, 78% free 1317K/5891K, paused 1ms+1ms
D/dalvikvm( 1143): GC_CONCURRENT freed 401K, 78% free 1330K/5891K, paused 1ms+1ms
D/dalvikvm( 1143): GC_CONCURRENT freed 416K, 78% free 1331K/5891K, paused 1ms+1ms
D/dalvikvm( 1143): GC_CONCURRENT freed 416K, 78% free 1299K/5891K, paused 1ms+1ms
D/dalvikvm( 1143): GC_CONCURRENT freed 375K, 78% free 1322K/5891K, paused 0ms+1ms
D/dalvikvm( 1143): GC_CONCURRENT freed 393K, 78% free 1323K/5891K, paused 1ms+1ms
D/dalvikvm( 1143): GC_CONCURRENT freed 394K, 75% free 1479K/5891K, paused 0ms+1ms
D/dalvikvm( 1143): GC_CONCURRENT freed 554K, 78% free 1324K/5891K, paused 1ms+1ms
D/dalvikvm( 1143): GC_CONCURRENT freed 405K, 78% free 1321K/5891K, paused 1ms+1ms
D/dalvikvm( 1143): GC_CONCURRENT freed 480K, 78% free 1352K/5891K, paused 1ms+1ms
D/dalvikvm( 1143): GC_CONCURRENT freed 415K, 76% free 1418K/5891K, paused 0ms+1ms
D/dalvikvm( 1143): GC_CONCURRENT freed 502K, 78% free 1300K/5891K, paused 1ms+1ms
D/dalvikvm( 1143): GC_CONCURRENT freed 386K, 76% free 1462K/5891K, paused 1ms+1ms
D/dalvikvm( 1143): GC_CONCURRENT freed 542K, 78% free 1328K/5891K, paused 1ms+1ms
D/dalvikvm( 1143): GC_CONCURRENT freed 406K, 78% free 1323K/5891K, paused 1ms+1ms
D/dalvikvm( 1143): GC_CONCURRENT freed 393K, 78% free 1339K/5891K, paused 1ms+1ms
D/dalvikvm( 1143): GC_CONCURRENT freed 414K, 78% free 1324K/5891K, paused 1ms+1ms
D/dalvikvm( 1143): GC_CONCURRENT freed 396K, 78% free 1323K/5891K, paused 1ms+1ms
D/dalvikvm( 1143): GC_CONCURRENT freed 394K, 78% free 1323K/5891K, paused 1ms+1ms
D/dalvikvm( 1143): GC_CONCURRENT freed 392K, 77% free 1373K/5891K, paused 1ms+1ms
D/dalvikvm( 1143): GC_CONCURRENT freed 446K, 78% free 1321K/5891K, paused 1ms+1ms
D/dalvikvm( 1143): GC_CONCURRENT freed 394K, 78% free 1319K/5891K, paused 1ms+1ms
D/dalvikvm( 1143): GC_CONCURRENT freed 392K, 78% free 1320K/5891K, paused 1ms+1ms
D/dalvikvm( 1143): GC_CONCURRENT freed 401K, 78% free 1316K/5891K, paused 1ms+1ms
D/dalvikvm( 1143): GC_CONCURRENT freed 396K, 78% free 1314K/5891K, paused 1ms+1ms
D/dalvikvm( 1143): GC_CONCURRENT freed 394K, 78% free 1331K/5891K, paused 1ms+1ms
D/dalvikvm( 1143): GC_CONCURRENT freed 406K, 78% free 1319K/5891K, paused 1ms+1ms
D/dalvikvm( 1143): GC_CONCURRENT freed 393K, 78% free 1319K/5891K, paused 1ms+1ms
D/dalvikvm( 1143): GC_CONCURRENT freed 393K, 78% free 1319K/5891K, paused 1ms+1ms
D/dalvikvm( 1143): GC_CONCURRENT freed 393K, 77% free 1365K/5891K, paused 1ms+1ms
D/dalvikvm( 1143): GC_CONCURRENT freed 453K, 78% free 1321K/5891K, paused 1ms+1ms
D/dalvikvm( 1143): GC_CONCURRENT freed 396K, 78% free 1319K/5891K, paused 1ms+1ms
D/dalvikvm( 1143): GC_CONCURRENT freed 394K, 77% free 1401K/5891K, paused 1ms+1ms
D/dalvikvm( 1143): GC_CONCURRENT freed 474K, 77% free 1402K/5891K, paused 1ms+1ms
D/dalvikvm( 1143): GC_CONCURRENT freed 486K, 76% free 1424K/5891K, paused 1ms+1ms
D/dalvikvm( 1143): GC_CONCURRENT freed 489K, 78% free 1319K/5891K, paused 0ms+1ms
D/dalvikvm( 1143): GC_CONCURRENT freed 393K, 78% free 1319K/5891K, paused 1ms+1ms
D/dalvikvm( 1143): GC_CONCURRENT freed 393K, 77% free 1406K/5891K, paused 1ms+2ms
D/dalvikvm( 1143): GC_CONCURRENT freed 485K, 78% free 1308K/5891K, paused 1ms+1ms
D/dalvikvm( 1143): GC_CONCURRENT freed 395K, 76% free 1421K/5891K, paused 1ms+1ms
D/dalvikvm( 1143): GC_CONCURRENT freed 486K, 78% free 1320K/5891K, paused 1ms+1ms
D/dalvikvm( 1143): GC_CONCURRENT freed 394K, 78% free 1319K/5891K, paused 1ms+1ms

[  222.205920] IR: [03932] scan key value is 0xea15c936 
[  222.205925]  
[  222.258436] IR: [03932] scan key value is 0xea15c936 
[  222.258441]  D/dalvikvm( 1143): GC_CONCURRENT freed 393K, 77% free 1365K/5891K, paused 1ms+1ms
D/dalvikvm( 1143): GC_CONCURRENT freed 445K, 78% free 1308K/5891K, paused 1ms+1ms

[  222.601896] IR: [03932] scan key value is 0xea15c936 
[  222.601900]  
[  222.654412] IR: [03932] scan key value is 0xea15c936 
[  222.654417]  I/System.out( 1913): locale ++++++++++++中文 (中国)

[  223.013271] IR: [03932] scan key value is 0xea15c936 
[  223.013276]  
[  223.065796] IR: [03932] scan key value is 0xea15c936 
[  223.065801]  
[  223.665183] IR: [03932] scan key value is 0xea15c936 
[  223.665188]  
[  223.717702] IR: [03932] scan key value is 0xea15c936 
[  223.717710]  D/dalvikvm( 1143): GC_CONCURRENT freed 395K, 78% free 1331K/5891K, paused 1ms+2ms
D/dalvikvm( 1143): GC_CONCURRENT freed 406K, 78% free 1319K/5891K, paused 1ms+1ms
D/dalvikvm( 1143): GC_CONCURRENT freed 394K, 78% free 1319K/5891K, paused 1ms+1ms
D/dalvikvm( 1143): GC_CONCURRENT
[  224.335532] IR: [03932] scan key value is 0xea15c936 
[  224.335537]   freed 393K, 78% free 1319K/5891K, paused 1ms+1ms

[  224.388043] IR: [03932] scan key value is 0xea15c936 
[  224.388048]  D/dalvikvm( 1143): GC_CONCURRENT freed 393K, 77% free 1401K/5891K, paused 2ms+2ms
D/dalvikvm( 1143): GC_CONCURRENT
[  224.774811] IR: [03932] scan key value is 0xea15c936 
[  224.774816]   freed 482K, 76% free 1417K/5891K, paused 1ms+2ms

[  224.827322] IR: [03932] scan key value is 0xea15c936 
[  224.827327]  I/System.out( 1913): SystemPropertiesClass--->class android.media.AudioManager
W/System.err( 1913): java.lang.NoSuchMethodException: getBluetoothHeadsetAction []
W/System.err( 1913):    at java.lang.Class.getConstructorOrMethod(Class.java:460)
W/System.err( 1913):    at java.lang.Class.getMethod(Class.java:915)
W/System.err( 1913):    at com.coship.dvbsetting.systemsetting.childview.AudioOutput.getPropertiesAction(AudioOutput.java:225)
W/System.err( 1913):    at com.coship.dvbsetting.systemsetting.childview.AudioOutput.show(AudioOutput.java:176)
W/System.err( 1913):    at com.coship.dvbsetting.ExpanItem.clickandselect(ExpanItem.java:199)
W/System.err( 1913):    at com.coship.dvbsetting.ExpanItem.access$000(ExpanItem.java:33)
W/System.err( 1913):    at com.coship.dvbsetting.ExpanItem$onitemselect.onItemSelected(ExpanItem.java:151)
W/System.err( 1913):    at android.widget.AdapterView.fireOnSelected(AdapterView.java:882)
W/System.err( 1913):    at android.widget.AdapterView.access$200(AdapterView.java:48)
W/System.err( 1913):    at android.widget.AdapterView$SelectionNotifier.run(AdapterView.java:848)
W/System.err( 1913):    at android.os.Handler.handleCallback(Handler.java:605)
W/System.err( 1913):    at android.os.Handler.dispatchMessage(Handler.java:92)
W/System.err( 1913):    at android.os.Looper.loop(Looper.java:137)
W/System.err( 1913):    at android.app.ActivityThread.main(ActivityThread.java:4424)
W/System.err( 1913):    at java.lang.reflect.Method.invokeNative(Native Method)
W/System.err( 1913):    at java.lang.reflect.Method.invoke(Method.java:511)
W/System.err( 1913):    at com.android.internal.os.ZygoteInit$MethodAndArgsCaller.run(ZygoteInit.java:848)
W/System.err( 1913):    at com.android.internal.os.ZygoteInit.main(ZygoteInit.java:575)
W/System.err( 1913):    at dalvik.system.NativeStart.main(Native Method)
I/System.out( 1913): could not find class
I/System.out( 1913): [AudioOutput]:status--->false
D/dalvikvm( 1143): GC_CONCURRENT freed 491K, 77% free 1403K/5891K, paused 1ms+2ms
D/dalvikvm( 1143): GC_CONCURRENT freed 475K, 77% free 1366K/5891K, paused 1ms+1ms

[  225.211135] IR: [03932] scan key value is 0xea15c936 
[  225.211140]  
[  225.263644] IR: [03932] scan key value is 0xea15c936 
[  225.263650]  D/AlarmManagerService(  979): Kernel timezone updated to -480 minutes west of GMT
D/dalvikvm( 1143): GC_CONCURRENT freed 444K, 77% free 1390K/5891K, paused 1ms+1ms
D/dalvikvm( 1143): GC_CONCURRENT freed 476K, 76% free 1421K/5891K, paused 1ms+1ms
D/dalvikvm( 1143): GC_CONCURRENT freed 488K, 78% free 1319K/5891K, paused 1ms+1ms
D/dalvikvm( 1143): GC_CONCURRENT freed 394K, 78% free 1319K/5891K, paused 1ms+1ms

[  225.902353] IR: [03932] scan key value is 0xea15c936 
[  225.902357]  
[  225.954866] IR: [03932] scan key value is 0xea15c936 
[  225.954871]  I/City    ( 1913): -----------------------parser.getName()--------shenzhen
I/City    ( 1913): -----------------------parser--------深圳
I/City    ( 1913): -----------------------parser.getName()--------wuhan
I/City    ( 1913): -----------------------parser--------武汉
I/City    ( 1913): -----------------------parser.getName()--------beijing
I/City    ( 1913): -----------------------parser--------北京
I/City    ( 1913): -----------------------parser.getName()--------nanning
I/City    ( 1913): -----------------------parser--------南宁
D/dalvikvm( 1143): GC_CONCURRENT freed 404K, 77% free 1377K/5891K, paused 0ms+2ms
D/dalvikvm( 1143): GC_CONCURRENT freed 450K, 78% free 1319K/5891K, paused 1ms+1ms

[  226.690183] IR: [03932] scan key value is 0xea15c936 
[  226.690188]  
[  226.742696] IR: [03932] scan key value is 0xea15c936 
[  226.742701]  
[  227.429584] IR: [03932] scan key value is 0xea15c936 
[  227.429588]  
[  227.482100] IR: [03932] scan key value is 0xea15c936 
[  227.482105]  D/dalvikvm( 1143): GC_CONCURRENT freed 392K, 78% free 1319K/5891K, paused 1ms+1ms
D/dalvikvm( 1143): GC_CONCURRENT freed 404K, 78% free 1313K/5891K, paused 1ms+1ms
D/dalvikvm( 1143): GC_CONCURRENT freed 402K, 78% free 1319K/5891K, paused 1ms+1ms
D/dalvikvm( 1143): GC_CONCURRENT freed 393K, 78% free 1322K/5891K, paused 1ms+1ms

[  228.354101] IR: [03932] scan key value is 0xea15c936 
[  228.354106]  
[  228.406625] IR: [03932] scan key value is 0xea15c936 
[  228.406634]  V/NetUpdate( 1913): mBindRemote--->true
V/NetUpdate( 1913): Remote Invoke Success!
I/NetUpdate( 1913): --------------show()------------------
D/dalvikvm( 1143): GC_CONCURRENT freed 401K, 75% free 1499K/5891K, paused 3ms+1ms
D/dalvikvm( 1143): GC_CONCURRENT freed 570K, 78% free 1320K/5891K, paused 1ms+1ms
D/dalvikvm( 1143): GC_CONCURRENT freed 395K, 77% free 1365K/5891K, paused 1ms+1ms
D/dalvikvm( 1143): GC_CONCURRENT freed 442K, 78% free 1308K/5891K, paused 1ms+1ms
D/dalvikvm( 1143): GC_CONCURRENT freed 393K, 78% free 1325K/5891K, paused 0ms+1ms
D/HomePlayerLib( 1143): hostaddress count is 2

[  229.301733] IR: [03932] scan key value is 0xea15c936 
[  229.301737]  D/dalvikvm( 1143): GC_CONCURRENT freed 366K, 78% free 1343K/5891K, paused 1ms+1ms

[  229.354246] IR: [03932] scan key value is 0xea15c936 
[  229.354251]  D/dalvikvm( 1143): GC_CONCURRENT freed 409K, 76% free 1446K/5891K, paused 1ms+0ms
I/NetUpdate( 1913): --------------hide()------------------
I/UsbUpdate( 1913): --------------show()------------------
D/dalvikvm( 1143): GC_CONCURRENT freed 537K, 76% free 1417K/5891K, paused 1ms+1ms
D/dalvikvm( 1143): GC_CONCURRENT freed 493K, 76% free 1435K/5891K, paused 1ms+2ms
D/dalvikvm( 1143): GC_CONCURRENT freed 494K, 75% free 1478K/5891K, paused 1ms+1ms
D/dalvikvm( 1143): GC_CONCURRENT freed 552K, 76% free 1436K/5891K, paused 1ms+1ms
D/dalvikvm( 1143): GC_CONCURRENT freed 512K, 78% free 1330K/5891K, paused 1ms+1ms
D/dalvikvm( 1143): GC_CONCURRENT freed 524K, 78% free 1315K/5891K, paused 0ms+1ms
D/dalvikvm( 1143): GC_CONCURRENT freed 397K, 78% free 1311K/5891K, paused 0ms+1ms
D/dalvikvm( 1143): GC_CONCURRENT freed 393K, 78% free 1309K/5891K, paused 1ms+1ms

[  229.951750] IR: [03932] scan key value is 0xea15c936 
[  229.951755]  
[  230.004264] IR: [03932] scan key value is 0xea15c936 
[  230.004269]  D/dalvikvm( 1143): GC_CONCURRENT freed 382K, 76% free 1434K/5891K, paused 9ms+1ms
D/dalvikvm( 1143): GC_CONCURRENT freed 509K, 74% free 1534K/5891K, paused 1ms+1ms
D/dalvikvm( 1143): GC_CONCURRENT freed 707K, 76% free 1443K/5891K, paused 1ms+2ms
D/dalvikvm( 1143): GC_CONCURRENT freed 513K, 76% free 1435K/5891K, paused 1ms+1ms
D/dalvikvm( 1143): GC_CONCURRENT freed 461K, 75% free 1486K/5891K, paused 1ms+1ms
V/NetUpdate( 1913): mBindRemote--->true
V/NetUpdate( 1913): Remote Invoke Success!
I/NetUpdate( 1913): --------------show()------------------
D/NetUpdate( 1913): progressValue--->4
D/NetUpdate( 1913): mWriteSD--->false
D/NetUpdate( 1913): mBootCheckZipExist--->true
D/AndroidRuntime( 1913): Shutting down VM
W/dalvikvm( 1913): threadid=1: thread exiting with uncaught exception (group=0x40fa81f8)
E/AndroidRuntime( 1913): FATAL EXCEPTION: main
E/AndroidRuntime( 1913): java.lang.ArrayIndexOutOfBoundsException: length=0; index=0
E/AndroidRuntime( 1913):        at com.coship.dvbsetting.systemsetting.childview.NetUpdate$1.handleMessage(NetUpdate.java:120)
E/AndroidRuntime( 1913):        at android.os.Handler.dispatchMessage(Handler.java:99)
E/AndroidRuntime( 1913):        at android.os.Looper.loop(Looper.java:137)
E/AndroidRuntime( 1913):        at android.app.ActivityThread.main(ActivityThread.java:4424)
E/AndroidRuntime( 1913):        at java.lang.reflect.Method.invokeNative(Native Method)
E/AndroidRuntime( 1913):        at java.lang.reflect.Method.invoke(Method.java:511)
E/AndroidRuntime( 1913):        at com.android.internal.os.ZygoteInit$MethodAndArgsCaller.run(ZygoteInit.java:848)
E/AndroidRuntime( 1913):        at com.android.internal.os.ZygoteInit.main(ZygoteInit.java:575)
E/AndroidRuntime( 1913):        at dalvik.system.NativeStart.main(Native Method)
W/ActivityManager(  979):   Force finishing activity com.coship.dvbsetting/.systemsetting.SyssetAcivity
D/dalvikvm( 1143): GC_CONCURRENT freed 547K, 74% free 1575K/5891K, paused 3ms+2ms
D/dalvikvm( 1143): GC_FOR_ALLOC freed 755K, 78% free 1323K/5891K, paused 10ms
D/dalvikvm( 1143): GC_CONCURRENT freed 25K, 75% free 1496K/5891K, paused 1ms+1ms
D/dalvikvm( 1143): GC_CONCURRENT freed 567K, 78% free 1321K/5891K, paused 1ms+1ms
D/dalvikvm( 1143): GC_CONCURRENT freed 389K, 73% free 1612K/5891K, paused 1ms+1ms
W/ActivityManager(  979): Activity pause timeout for ActivityRecord{416c23e0 com.coship.dvbsetting/.systemsetting.SyssetAcivity}
I/Process (  979): Sending signal. PID: 1913 SIG: 3
I/dalvikvm( 1913): threadid=3: reacting to signal 3
I/dalvikvm( 1913): Wrote stack traces to '/data/anr/traces.txt'
D/dalvikvm( 1143): GC_CONCURRENT freed 660K, 76% free 1460K/5891K, paused 1ms+1ms
D/dalvikvm( 1143): GC_CONCURRENT freed 528K, 76% free 1441K/5891K, paused 1ms+1ms
D/dalvikvm( 1143): GC_CONCURRENT freed 501K, 78% free 1333K/5891K, paused 1ms+1ms
I/Process (  979): Sending signal. PID: 1913 SIG: 3
I/dalvikvm( 1913): threadid=3: reacting to signal 3
I/dalvikvm( 1913): Wrote stack traces to '/data/anr/traces.txt'
D/dalvikvm( 1143): GC_CONCURRENT freed 403K, 76% free 1442K/5891K, paused 0ms+1ms
D/dalvikvm( 1143): GC_CONCURRENT freed 517K, 78% free 1308K/5891K, paused 1ms+2ms
D/dalvikvm( 1143): GC_CONCURRENT freed 367K, 76% free 1451K/5891K, paused 1ms+1ms
I/Process (  979): Sending signal. PID: 1913 SIG: 3
I/dalvikvm( 1913): threadid=3: reacting to signal 3
I/dalvikvm( 1913): Wrote stack traces to '/data/anr/traces.txt'
D/dalvikvm( 1143): GC_CONCURRENT freed 525K, 78% free 1327K/5891K, paused 1ms+1ms
D/dalvikvm( 1143): GC_CONCURRENT freed 396K, 78% free 1324K/5891K, paused 1ms+1ms
D/dalvikvm( 1143): GC_CONCURRENT freed 393K, 78% free 1324K/5891K, paused 1ms+1ms
I/Process (  979): Sending signal. PID: 1913 SIG: 3
I/dalvikvm( 1913): threadid=3: reacting to signal 3
I/dalvikvm( 1913): Wrote stack traces to '/data/anr/traces.txt'
D/dalvikvm( 1143): GC_CONCURRENT freed 393K, 78% free 1316K/5891K, paused 1ms+1ms
D/dalvikvm( 1143): GC_CONCURRENT freed 393K, 78% free 1324K/5891K, paused 1ms+1ms
D/dalvikvm( 1143): GC_CONCURRENT freed 394K, 78% free 1316K/5891K, paused 1ms+2ms
I/Process (  979): Sending signal. PID: 1913 SIG: 3
I/dalvikvm( 1913): threadid=3: reacting to signal 3
I/dalvikvm( 1913): Wrote stack traces to '/data/anr/traces.txt'
D/dalvikvm( 1143): GC_CONCURRENT freed 393K, 77% free 1388K/5891K, paused 1ms+1ms
D/dalvikvm( 1143): GC_CONCURRENT freed 455K, 76% free 1442K/5891K, paused 1ms+1ms
D/dalvikvm( 1143): GC_CONCURRENT freed 518K, 78% free 1317K/5891K, paused 0ms+1ms
I/Process (  979): Sending signal. PID: 1913 SIG: 3
I/dalvikvm( 1913): threadid=3: reacting to signal 3
I/dalvikvm( 1913): Wrote stack traces to '/data/anr/traces.txt'
D/dalvikvm( 1143): GC_CONCURRENT freed 395K, 78% free 1324K/5891K, paused 1ms+1ms
D/dalvikvm( 1143): GC_CONCURRENT freed 394K, 78% free 1316K/5891K, paused 1ms+1ms
D/dalvikvm( 1143): GC_CONCURRENT freed 393K, 78% free 1316K/5891K, paused 1ms+1ms
I/Process (  979): Sending signal. PID: 1913 SIG: 3
I/dalvikvm( 1913): threadid=3: reacting to signal 3
I/dalvikvm( 1913): Wrote stack traces to '/data/anr/traces.txt'
D/dalvikvm( 1143): GC_CONCURRENT freed 397K, 78% free 1306K/5891K, paused 1ms+1ms
D/dalvikvm( 1143): GC_CONCURRENT freed 383K, 78% free 1330K/5891K, paused 1ms+1ms
D/dalvikvm( 1143): GC_CONCURRENT freed 396K, 78% free 1328K/5891K, paused 1ms+1ms
D/dalvikvm( 1143): GC_CONCURRENT freed 394K, 77% free 1411K/5891K, paused 1ms+1ms
I/Process (  979): Sending signal. PID: 1913 SIG: 3
I/dalvikvm( 1913): threadid=3: reacting to signal 3
I/dalvikvm( 1913): Wrote stack traces to '/data/anr/traces.txt'
D/dalvikvm(  979): GC_CONCURRENT freed 1820K, 61% free 3911K/9987K, paused 2ms+5ms
