130|shell@android:/ # 
130|shell@android:/ # 
130|shell@android:/ # 
130|shell@android:/ # [ 2402.482280] IR: [03932] scan key value is 0xee11c936 
[ 2402.482285]  
[ 2402.534731] IR: [03932] scan key value is 0xee11c936 
[ 2402.534736]  
[ 2403.018742] IR: [03932] scan key value is 0xed12c936 
[ 2403.018747]  
[ 2403.071199] IR: [03932] scan key value is 0xed12c936 
[ 2403.071204]  
[ 2403.380975] IR: [03932] scan key value is 0xed12c936 
[ 2403.380980]  
[ 2403.433432] IR: [03932] scan key value is 0xed12c936 
[ 2403.433437]  
[ 2404.360085] IR: [03932] scan key value is 0xed12c936 
[ 2404.360090]  
[ 2404.412547] IR: [03932] scan key value is 0xed12c936 
[ 2404.412552]  
[ 2404.852810] IR: [03932] scan key value is 0xea15c936 
[ 2404.852815]  
[ 2404.905264] IR: [03932] scan key value is 0xea15c936 
[ 2404.905269]  
[ 2405.353727] IR: [03932] scan key value is 0xec13c936 
[ 2405.353732]  
[ 2405.406180] IR: [03932] scan key value is 0xec13c936 
[ 2405.406184]  
[ 2408.747904] IR: [03932] scan key value is 0xea15c936 
[ 2408.747909]  
[ 2408.800373] IR: [03932] scan key value is 0xea15c936 
[ 2408.800378]  
[ 2409.337678] IR: [03932] scan key value is 0xec13c936 
[ 2409.337683]  
[ 2409.390132] IR: [03932] scan key value is 0xec13c936 
[ 2409.390137]  
130|shell@android:/ # 
130|shell@android:/ # 
130|shell@android:/ # logcat
--------- beginning of /dev/log/system
I/ActivityManager(  989): START {act=com.fiship.media.programDetail cmp=com.fiship.media/.ProgramDetailActivity (has extras)} from pid 2914
I/ActivityManager(  989): Start proc com.fiship.media for activity com.fiship.media/.ProgramDetailActivity: pid=3034 uid=10012 gids={3003, 1015}
W/MountService(  989): getVolumeState(/mnt/sdcard): Unknown volume
W/InputManagerService(  989): Starting input on non-focused client com.android.internal.view.IInputMethodClient$Stub$Proxy@416a44e8 (uid=10011 pid=2914)
I/WindowManager(  989): WIN DEATH: Window{41799a18 com.fiship.media/com.fiship.media.ProgramDetailActivity paused=false}
I/ActivityManager(  989): Process com.fiship.media (pid 3034) has died.
W/ActivityManager(  989): Force removing ActivityRecord{41683ec0 com.fiship.media/.ProgramDetailActivity}: app died, no saved state
W/InputManagerService(  989): Got RemoteException sending setActive(false) notification to pid 3034 uid 10012
I/ActivityManager(  989): No longer want com.mstar.dbprovider (pid 1123): hidden #16
W/ThrottleService(  989): unable to find stats for iface rmnet0
--------- beginning of /dev/log/main
D/dalvikvm( 1155): GC_CONCURRENT freed 393K, 79% free 1308K/5955K, paused 0ms+1ms
D/dalvikvm( 1155): GC_CONCURRENT freed 394K, 78% free 1317K/5955K, paused 1ms+1ms
D/dalvikvm( 1155): GC_CONCURRENT freed 394K, 78% free 1317K/5955K, paused 1ms+1ms
D/dalvikvm( 1155): GC_CONCURRENT freed 405K, 78% free 1321K/5955K, paused 1ms+1ms
D/dalvikvm( 1155): GC_CONCURRENT freed 392K, 78% free 1321K/5955K, paused 1ms+1ms
D/dalvikvm( 1155): GC_CONCURRENT freed 393K, 78% free 1322K/5955K, paused 1ms+1ms
D/dalvikvm( 1155): GC_CONCURRENT freed 404K, 78% free 1318K/5955K, paused 1ms+1ms
D/dalvikvm( 1155): GC_CONCURRENT freed 467K, 79% free 1305K/5955K, paused 1ms+1ms
D/dalvikvm( 1155): GC_CONCURRENT freed 376K, 78% free 1321K/5955K, paused 1ms+1ms
D/dalvikvm( 1155): GC_CONCURRENT freed 392K, 78% free 1321K/5955K, paused 1ms+1ms
D/dalvikvm( 1155): GC_CONCURRENT freed 393K, 78% free 1321K/5955K, paused 1ms+1ms
D/dalvikvm( 1155): GC_CONCURRENT freed 394K, 78% free 1366K/5955K, paused 1ms+1ms
D/dalvikvm( 1155): GC_CONCURRENT freed 453K, 79% free 1306K/5955K, paused 1ms+1ms
D/dalvikvm( 1155): GC_CONCURRENT freed 384K, 79% free 1307K/5955K, paused 1ms+1ms
D/dalvikvm( 1155): GC_CONCURRENT freed 394K, 79% free 1308K/5955K, paused 1ms+1ms
D/dalvikvm( 1155): GC_CONCURRENT freed 389K, 78% free 1318K/5955K, paused 1ms+1ms
D/HomePlayerLib( 1155): hostaddress count is 2
D/dalvikvm( 1155): GC_CONCURRENT freed 402K, 77% free 1414K/5955K, paused 1ms+1ms
D/dalvikvm( 1155): GC_CONCURRENT freed 460K, 78% free 1348K/5955K, paused 1ms+1ms
D/dalvikvm( 1155): GC_CONCURRENT freed 419K, 76% free 1440K/5955K, paused 1ms+1ms
D/dalvikvm( 1155): GC_CONCURRENT freed 518K, 77% free 1411K/5955K, paused 1ms+1ms
D/dalvikvm( 1155): GC_CONCURRENT freed 482K, 77% free 1425K/5955K, paused 0ms+1ms
D/dalvikvm( 1155): GC_CONCURRENT freed 491K, 77% free 1423K/5955K, paused 1ms+1ms
D/dalvikvm( 1155): GC_CONCURRENT freed 551K, 77% free 1389K/5955K, paused 1ms+1ms
D/dalvikvm( 1155): GC_CONCURRENT freed 463K, 76% free 1431K/5955K, paused 1ms+1ms
D/dalvikvm( 1155): GC_CONCURRENT freed 502K, 77% free 1386K/5955K, paused 1ms+1ms
D/dalvikvm( 1155): GC_CONCURRENT freed 453K, 77% free 1387K/5955K, paused 1ms+1ms
D/dalvikvm( 1155): GC_CONCURRENT freed 444K, 78% free 1368K/5955K, paused 1ms+1ms
D/dalvikvm( 1155): GC_CONCURRENT freed 453K, 78% free 1365K/5955K, paused 1ms+1ms
D/dalvikvm( 1155): GC_CONCURRENT freed 433K, 77% free 1372K/5955K, paused 0ms+1ms
D/dalvikvm( 1155): GC_CONCURRENT freed 444K, 76% free 1437K/5955K, paused 1ms+1ms
D/dalvikvm( 1155): GC_CONCURRENT freed 515K, 77% free 1422K/5955K, paused 0ms+1ms
D/dalvikvm( 1155): GC_CONCURRENT freed 491K, 78% free 1342K/5955K, paused 1ms+1ms
D/dalvikvm( 1155): GC_CONCURRENT freed 427K, 78% free 1322K/5955K, paused 1ms+1ms
D/dalvikvm( 1155): GC_CONCURRENT freed 396K, 78% free 1321K/5955K, paused 1ms+1ms
D/dalvikvm( 1155): GC_CONCURRENT freed 394K, 78% free 1320K/5955K, paused 1ms+1ms
D/dalvikvm( 1155): GC_CONCURRENT freed 394K, 78% free 1320K/5955K, paused 1ms+1ms
D/dalvikvm( 1155): GC_CONCURRENT freed 404K, 79% free 1306K/5955K, paused 1ms+1ms
D/dalvikvm( 1155): GC_CONCURRENT freed 389K, 77% free 1380K/5955K, paused 1ms+1ms
D/dalvikvm( 1155): GC_CONCURRENT freed 455K, 76% free 1435K/5955K, paused 0ms+1ms
D/dalvikvm( 1155): GC_CONCURRENT freed 518K, 77% free 1424K/5955K, paused 0ms+1ms
D/dalvikvm( 1155): GC_CONCURRENT freed 487K, 78% free 1327K/5955K, paused 1ms+1ms
D/dalvikvm( 1155): GC_CONCURRENT freed 404K, 76% free 1459K/5955K, paused 1ms+1ms
D/dalvikvm( 1155): GC_CONCURRENT freed 528K, 78% free 1322K/5955K, paused 1ms+1ms
D/dalvikvm( 1155): GC_CONCURRENT freed 393K, 78% free 1321K/5955K, paused 1ms+1ms
D/dalvikvm( 1155): GC_CONCURRENT freed 393K, 78% free 1321K/5955K, paused 1ms+1ms
D/dalvikvm( 1155): GC_CONCURRENT freed 392K, 78% free 1326K/5955K, paused 1ms+1ms
D/dalvikvm( 1155): GC_CONCURRENT freed 403K, 77% free 1421K/5955K, paused 0ms+1ms
D/dalvikvm( 1155): GC_CONCURRENT freed 495K, 77% free 1373K/5955K, paused 1ms+1ms
D/HomePlayerLib( 1155): hostaddress count is 2
D/dalvikvm( 1155): GC_CONCURRENT freed 461K, 77% free 1422K/5955K, paused 0ms+1ms
D/dalvikvm( 1155): GC_CONCURRENT freed 505K, 77% free 1422K/5955K, paused 1ms+1ms
D/dalvikvm( 1155): GC_CONCURRENT freed 503K, 76% free 1430K/5955K, paused 1ms+1ms
D/dalvikvm( 1155): GC_CONCURRENT freed 495K, 76% free 1432K/5955K, paused 1ms+1ms
D/dalvikvm( 1155): GC_CONCURRENT freed 502K, 77% free 1421K/5955K, paused 1ms+1ms
D/dalvikvm( 1155): GC_CONCURRENT freed 498K, 76% free 1430K/5955K, paused 1ms+1ms
D/dalvikvm( 1155): GC_CONCURRENT freed 490K, 76% free 1448K/5955K, paused 1ms+1ms
D/dalvikvm( 1155): GC_CONCURRENT freed 514K, 78% free 1327K/5955K, paused 1ms+1ms
D/dalvikvm( 1155): GC_CONCURRENT freed 404K, 78% free 1323K/5955K, paused 1ms+1ms
D/dalvikvm( 1155): GC_CONCURRENT freed 395K, 78% free 1312K/5955K, paused 1ms+1ms
D/dalvikvm( 1155): GC_CONCURRENT freed 362K, 77% free 1404K/5955K, paused 1ms+1ms
D/dalvikvm( 1155): GC_CONCURRENT freed 477K, 78% free 1326K/5955K, paused 1ms+1ms
D/dalvikvm( 1155): GC_CONCURRENT freed 382K, 76% free 1431K/5955K, paused 1ms+1ms
D/dalvikvm( 1155): GC_CONCURRENT freed 477K, 77% free 1384K/5955K, paused 0ms+1ms
D/dalvikvm( 1155): GC_CONCURRENT freed 465K, 77% free 1423K/5955K, paused 1ms+1ms
D/dalvikvm( 1155): GC_CONCURRENT freed 487K, 77% free 1425K/5955K, paused 1ms+1ms
D/dalvikvm( 1155): GC_CONCURRENT freed 496K, 77% free 1411K/5955K, paused 1ms+1ms
D/dalvikvm( 1155): GC_CONCURRENT freed 456K, 76% free 1467K/5955K, paused 1ms+1ms
D/dalvikvm( 1155): GC_CONCURRENT freed 570K, 77% free 1405K/5955K, paused 1ms+1ms
D/dalvikvm( 1155): GC_CONCURRENT freed 466K, 76% free 1449K/5955K, paused 1ms+1ms
D/dalvikvm( 1155): GC_CONCURRENT freed 515K, 78% free 1339K/5955K, paused 0ms+1ms
D/dalvikvm( 1155): GC_CONCURRENT freed 405K, 78% free 1344K/5955K, paused 1ms+1ms
D/dalvikvm( 1155): GC_CONCURRENT freed 418K, 78% free 1323K/5955K, paused 1ms+1ms
D/dalvikvm( 1155): GC_CONCURRENT freed 404K, 78% free 1349K/5955K, paused 1ms+1ms
D/dalvikvm( 1155): GC_CONCURRENT freed 427K, 77% free 1380K/5955K, paused 1ms+1ms
D/dalvikvm( 1155): GC_CONCURRENT freed 462K, 77% free 1381K/5955K, paused 1ms+1ms
D/dalvikvm( 1155): GC_CONCURRENT freed 458K, 78% free 1311K/5955K, paused 0ms+1ms
D/dalvikvm( 1155): GC_CONCURRENT freed 397K, 79% free 1307K/5955K, paused 1ms+1ms
D/dalvikvm( 1155): GC_CONCURRENT freed 392K, 79% free 1308K/5955K, paused 1ms+1ms
D/dalvikvm( 1155): GC_CONCURRENT freed 392K, 77% free 1422K/5955K, paused 0ms+1ms
D/dalvikvm( 1155): GC_CONCURRENT freed 487K, 78% free 1322K/5955K, paused 1ms+1ms
D/dalvikvm( 1155): GC_CONCURRENT freed 394K, 78% free 1326K/5955K, paused 1ms+1ms
D/dalvikvm( 1155): GC_CONCURRENT freed 404K, 76% free 1433K/5955K, paused 1ms+1ms
D/dalvikvm( 1155): GC_CONCURRENT freed 516K, 77% free 1418K/5955K, paused 0ms+1ms
D/HomePlayerLib( 1155): hostaddress count is 2
D/dalvikvm( 1155): GC_CONCURRENT freed 506K, 78% free 1315K/5955K, paused 1ms+1ms
D/dalvikvm( 1155): GC_CONCURRENT freed 388K, 78% free 1319K/5955K, paused 0ms+1ms
D/dalvikvm( 1155): GC_CONCURRENT freed 407K, 77% free 1414K/5955K, paused 1ms+1ms
D/dalvikvm( 1155): GC_CONCURRENT freed 501K, 77% free 1424K/5955K, paused 1ms+1ms
D/dalvikvm( 1155): GC_CONCURRENT freed 491K, 77% free 1407K/5955K, paused 1ms+1ms
D/dalvikvm( 1155): GC_CONCURRENT freed 530K, 77% free 1388K/5955K, paused 0ms+1ms
D/dalvikvm( 1155): GC_CONCURRENT freed 469K, 78% free 1312K/5955K, paused 1ms+1ms
D/dalvikvm( 1155): GC_CONCURRENT freed 390K, 76% free 1431K/5955K, paused 1ms+1ms
D/dalvikvm( 1155): GC_CONCURRENT freed 493K, 76% free 1447K/5955K, paused 1ms+1ms
D/dalvikvm( 1155): GC_CONCURRENT freed 494K, 76% free 1453K/5955K, paused 1ms+1ms
D/dalvikvm( 1155): GC_CONCURRENT freed 526K, 76% free 1468K/5955K, paused 1ms+1ms
D/dalvikvm( 1155): GC_CONCURRENT freed 554K, 77% free 1409K/5955K, paused 1ms+1ms
D/dalvikvm( 1155): GC_CONCURRENT freed 463K, 77% free 1394K/5955K, paused 1ms+1ms
D/dalvikvm( 1155): GC_CONCURRENT freed 453K, 78% free 1327K/5955K, paused 1ms+1ms
D/dalvikvm( 1155): GC_CONCURRENT freed 390K, 78% free 1351K/5955K, paused 0ms+1ms
D/dalvikvm( 1155): GC_CONCURRENT freed 427K, 77% free 1422K/5955K, paused 1ms+1ms
D/dalvikvm( 1155): GC_CONCURRENT freed 561K, 78% free 1365K/5955K, paused 1ms+1ms
D/dalvikvm( 1155): GC_CONCURRENT freed 447K, 77% free 1390K/5955K, paused 1ms+1ms
D/dalvikvm( 1155): GC_CONCURRENT freed 457K, 76% free 1433K/5955K, paused 1ms+1ms
D/dalvikvm( 1155): GC_CONCURRENT freed 492K, 76% free 1452K/5955K, paused 0ms+1ms
D/dalvikvm( 1155): GC_CONCURRENT freed 539K, 78% free 1327K/5955K, paused 0ms+1ms
D/dalvikvm( 1155): GC_CONCURRENT freed 400K, 76% free 1432K/5955K, paused 1ms+1ms
D/dalvikvm( 1155): GC_CONCURRENT freed 487K, 76% free 1455K/5955K, paused 1ms+1ms
D/dalvikvm( 1155): GC_CONCURRENT freed 544K, 79% free 1300K/5955K, paused 1ms+1ms
D/dalvikvm( 1155): GC_CONCURRENT freed 375K, 77% free 1427K/5955K, paused 0ms+1ms
D/dalvikvm( 1155): GC_CONCURRENT freed 514K, 77% free 1420K/5955K, paused 1ms+1ms
D/dalvikvm( 1155): GC_CONCURRENT freed 629K, 78% free 1311K/5955K, paused 1ms+1ms
D/dalvikvm( 1155): GC_CONCURRENT freed 396K, 77% free 1423K/5955K, paused 0ms+1ms
D/dalvikvm( 1155): GC_CONCURRENT freed 487K, 78% free 1327K/5955K, paused 1ms+1ms
D/dalvikvm( 1155): GC_CONCURRENT freed 405K, 78% free 1318K/5955K, paused 1ms+1ms
D/dalvikvm( 1155): GC_CONCURRENT freed 407K, 79% free 1296K/5955K, paused 0ms+1ms
D/dalvikvm( 1155): GC_CONCURRENT freed 380K, 77% free 1422K/5955K, paused 1ms+1ms
D/dalvikvm( 1155): GC_CONCURRENT freed 487K, 77% free 1409K/5955K, paused 1ms+1ms
D/dalvikvm( 1155): GC_CONCURRENT freed 483K, 77% free 1419K/5955K, paused 1ms+1ms
D/dalvikvm( 1155): GC_CONCURRENT freed 490K, 77% free 1428K/5955K, paused 1ms+1ms
D/dalvikvm( 1155): GC_CONCURRENT freed 502K, 78% free 1310K/5955K, paused 1ms+1ms
D/dalvikvm( 1155): GC_CONCURRENT freed 398K, 78% free 1311K/5955K, paused 1ms+1ms
D/dalvikvm( 1155): GC_CONCURRENT freed 383K, 77% free 1406K/5955K, paused 1ms+1ms
D/dalvikvm( 1155): GC_CONCURRENT freed 477K, 76% free 1434K/5955K, paused 1ms+1ms
D/HomePlayerLib( 1155): hostaddress count is 2
D/dalvikvm( 1155): GC_CONCURRENT freed 497K, 76% free 1433K/5955K, paused 1ms+1ms
D/dalvikvm( 1155): GC_CONCURRENT freed 504K, 77% free 1425K/5955K, paused 1ms+1ms
D/dalvikvm( 1155): GC_CONCURRENT freed 498K, 77% free 1370K/5955K, paused 1ms+1ms
D/dalvikvm( 1155): GC_CONCURRENT freed 449K, 78% free 1316K/5955K, paused 0ms+1ms
D/dalvikvm( 1155): GC_CONCURRENT freed 400K, 77% free 1427K/5955K, paused 1ms+1ms
D/dalvikvm( 1155): GC_CONCURRENT freed 487K, 78% free 1326K/5955K, paused 1ms+1ms
D/dalvikvm( 1155): GC_CONCURRENT freed 396K, 76% free 1441K/5955K, paused 0ms+1ms
D/dalvikvm( 1155): GC_CONCURRENT freed 523K, 78% free 1313K/5955K, paused 1ms+1ms
D/dalvikvm( 1155): GC_CONCURRENT freed 394K, 78% free 1313K/5955K, paused 1ms+1ms
D/dalvikvm( 1155): GC_CONCURRENT freed 384K, 76% free 1437K/5955K, paused 1ms+1ms
D/dalvikvm( 1155): GC_CONCURRENT freed 529K, 79% free 1297K/5955K, paused 1ms+1ms
D/dalvikvm( 1155): GC_CONCURRENT freed 412K, 77% free 1397K/5955K, paused 1ms+1ms
D/dalvikvm( 1155): GC_CONCURRENT freed 464K, 76% free 1471K/5955K, paused 0ms+1ms
D/dalvikvm( 1155): GC_CONCURRENT freed 558K, 77% free 1409K/5955K, paused 1ms+1ms
D/dalvikvm( 1155): GC_CONCURRENT freed 492K, 77% free 1429K/5955K, paused 1ms+1ms
D/dalvikvm( 1155): GC_CONCURRENT freed 492K, 76% free 1441K/5955K, paused 1ms+1ms
D/dalvikvm( 1155): GC_CONCURRENT freed 522K, 75% free 1548K/5955K, paused 1ms+1ms
D/dalvikvm( 1155): GC_CONCURRENT freed 617K, 76% free 1434K/5955K, paused 0ms+1ms
D/dalvikvm( 1155): GC_CONCURRENT freed 506K, 78% free 1313K/5955K, paused 1ms+1ms
D/dalvikvm( 1155): GC_CONCURRENT freed 393K, 76% free 1431K/5955K, paused 0ms+1ms
D/dalvikvm( 1155): GC_CONCURRENT freed 510K, 77% free 1428K/5955K, paused 1ms+2ms
D/dalvikvm( 1155): GC_CONCURRENT freed 493K, 77% free 1405K/5955K, paused 1ms+1ms
D/dalvikvm( 1155): GC_CONCURRENT freed 475K, 78% free 1368K/5955K, paused 1ms+1ms
D/dalvikvm( 1155): GC_CONCURRENT freed 445K, 76% free 1433K/5955K, paused 0ms+1ms
D/dalvikvm( 1155): GC_CONCURRENT freed 516K, 77% free 1424K/5955K, paused 1ms+1ms
D/dalvikvm( 1155): GC_CONCURRENT freed 489K, 78% free 1322K/5955K, paused 1ms+1ms
D/dalvikvm( 1155): GC_CONCURRENT freed 403K, 77% free 1419K/5955K, paused 1ms+1ms
D/dalvikvm( 1155): GC_CONCURRENT freed 490K, 78% free 1321K/5955K, paused 1ms+1ms
D/dalvikvm( 1155): GC_CONCURRENT freed 394K, 77% free 1427K/5955K, paused 0ms+1ms
I/ActivityManager(  989): No longer want com.android.contacts (pid 1380): hidden #16
D/dalvikvm( 1155): GC_CONCURRENT freed 513K, 79% free 1299K/5955K, paused 1ms+1ms
D/dalvikvm( 1155): GC_CONCURRENT freed 377K, 78% free 1321K/5955K, paused 1ms+1ms
D/dalvikvm( 1155): GC_CONCURRENT freed 395K, 78% free 1321K/5955K, paused 1ms+1ms
D/dalvikvm( 1155): GC_CONCURRENT freed 394K, 78% free 1321K/5955K, paused 1ms+1ms
D/dalvikvm( 1155): GC_CONCURRENT freed 393K, 78% free 1321K/5955K, paused 1ms+1ms
D/dalvikvm( 1155): GC_CONCURRENT freed 393K, 78% free 1321K/5955K, paused 1ms+2ms
D/dalvikvm( 1155): GC_CONCURRENT freed 404K, 78% free 1315K/5955K, paused 1ms+1ms
D/HomePlayerLib( 1155): hostaddress count is 2
D/dalvikvm( 1155): GC_CONCURRENT freed 387K, 78% free 1319K/5955K, paused 1ms+1ms
D/dalvikvm( 1155): GC_CONCURRENT freed 409K, 79% free 1307K/5955K, paused 1ms+1ms
D/dalvikvm( 1155): GC_CONCURRENT freed 379K, 78% free 1323K/5955K, paused 1ms+1ms
D/dalvikvm( 1155): GC_CONCURRENT freed 390K, 78% free 1325K/5955K, paused 1ms+1ms
D/dalvikvm( 1155): GC_CONCURRENT freed 408K, 78% free 1369K/5955K, paused 1ms+1ms
D/dalvikvm( 1155): GC_CONCURRENT freed 446K, 77% free 1383K/5955K, paused 1ms+1ms
D/dalvikvm( 1155): GC_CONCURRENT freed 464K, 76% free 1429K/5955K, paused 1ms+1ms
D/dalvikvm( 1155): GC_CONCURRENT freed 487K, 76% free 1454K/5955K, paused 1ms+1ms
D/dalvikvm( 1155): GC_CONCURRENT freed 536K, 76% free 1449K/5955K, paused 0ms+1ms
D/dalvikvm( 1155): GC_CONCURRENT freed 522K, 78% free 1325K/5955K, paused 1ms+1ms
D/dalvikvm( 1155): GC_CONCURRENT freed 393K, 78% free 1366K/5955K, paused 1ms+1ms
D/dalvikvm( 1155): GC_CONCURRENT freed 434K, 78% free 1326K/5955K, paused 1ms+1ms
D/dalvikvm( 1155): GC_CONCURRENT freed 394K, 77% free 1391K/5955K, paused 1ms+1ms
D/dalvikvm( 1155): GC_CONCURRENT freed 467K, 76% free 1450K/5955K, paused 1ms+1ms
D/dalvikvm( 1155): GC_CONCURRENT freed 527K, 78% free 1327K/5955K, paused 1ms+1ms
D/dalvikvm( 1155): GC_CONCURRENT freed 399K, 78% free 1327K/5955K, paused 1ms+1ms
D/dalvikvm( 1155): GC_CONCURRENT freed 411K, 78% free 1325K/5955K, paused 1ms+1ms
D/dalvikvm( 1155): GC_CONCURRENT freed 394K, 78% free 1325K/5955K, paused 1ms+1ms
D/dalvikvm( 1155): GC_CONCURRENT freed 393K, 78% free 1325K/5955K, paused 1ms+1ms
D/dalvikvm( 1155): GC_CONCURRENT freed 406K, 78% free 1323K/5955K, paused 1ms+1ms
D/dalvikvm( 1155): GC_CONCURRENT freed 463K, 78% free 1359K/5955K, paused 0ms+1ms
D/dalvikvm( 1155): GC_CONCURRENT freed 445K, 76% free 1471K/5955K, paused 1ms+1ms
D/dalvikvm( 1155): GC_CONCURRENT freed 540K, 76% free 1430K/5955K, paused 0ms+1ms
D/dalvikvm( 1155): GC_CONCURRENT freed 526K, 77% free 1404K/5955K, paused 1ms+1ms
D/dalvikvm( 1155): GC_CONCURRENT freed 480K, 76% free 1433K/5955K, paused 0ms+1ms
D/dalvikvm( 1155): GC_CONCURRENT freed 515K, 78% free 1310K/5955K, paused 1ms+1ms
D/dalvikvm( 1155): GC_CONCURRENT freed 397K, 79% free 1297K/5955K, paused 1ms+1ms
D/dalvikvm( 1155): GC_CONCURRENT freed 374K, 76% free 1434K/5955K, paused 1ms+1ms
D/dalvikvm( 1155): GC_CONCURRENT freed 516K, 77% free 1424K/5955K, paused 1ms+1ms
D/dalvikvm( 1155): GC_CONCURRENT freed 488K, 78% free 1327K/5955K, paused 1ms+1ms
D/dalvikvm( 1155): GC_CONCURRENT freed 405K, 76% free 1434K/5955K, paused 1ms+1ms
D/dalvikvm( 1155): GC_CONCURRENT freed 518K, 79% free 1309K/5955K, paused 1ms+1ms
D/dalvikvm( 1155): GC_CONCURRENT freed 392K, 77% free 1421K/5955K, paused 0ms+1ms
D/dalvikvm( 1155): GC_CONCURRENT freed 496K, 76% free 1435K/5955K, paused 0ms+1ms
D/dalvikvm( 1155): GC_CONCURRENT freed 518K, 77% free 1424K/5955K, paused 1ms+1ms
D/dalvikvm( 1155): GC_CONCURRENT freed 486K, 78% free 1327K/5955K, paused 0ms+1ms
D/dalvikvm( 1155): GC_CONCURRENT freed 404K, 76% free 1434K/5955K, paused 0ms+1ms
D/dalvikvm( 1155): GC_CONCURRENT freed 516K, 77% free 1424K/5955K, paused 0ms+1ms
D/dalvikvm( 1155): GC_CONCURRENT freed 488K, 78% free 1327K/5955K, paused 0ms+1ms
D/dalvikvm( 1155): GC_CONCURRENT freed 509K, 78% free 1319K/5955K, paused 0ms+1ms
D/HomePlayerLib( 1155): hostaddress count is 2
D/dalvikvm( 1155): GC_CONCURRENT freed 391K, 77% free 1425K/5955K, paused 1ms+1ms
D/dalvikvm( 1155): GC_CONCURRENT freed 503K, 77% free 1427K/5955K, paused 1ms+1ms
D/dalvikvm( 1155): GC_CONCURRENT freed 488K, 77% free 1420K/5955K, paused 1ms+1ms
D/dalvikvm( 1155): GC_CONCURRENT freed 487K, 76% free 1476K/5955K, paused 1ms+1ms
D/dalvikvm( 1155): GC_CONCURRENT freed 550K, 78% free 1323K/5955K, paused 1ms+1ms
D/dalvikvm( 1155): GC_CONCURRENT freed 407K, 78% free 1343K/5955K, paused 1ms+1ms
D/dalvikvm( 1155): GC_CONCURRENT freed 420K, 78% free 1322K/5955K, paused 1ms+1ms
D/dalvikvm( 1155): GC_CONCURRENT freed 393K, 78% free 1322K/5955K, paused 1ms+1ms
D/dalvikvm( 1155): GC_CONCURRENT freed 411K, 79% free 1297K/5955K, paused 1ms+1ms
D/dalvikvm( 1155): GC_CONCURRENT freed 372K, 79% free 1310K/5955K, paused 0ms+1ms
D/dalvikvm( 1155): GC_CONCURRENT freed 392K, 78% free 1312K/5955K, paused 1ms+1ms
D/dalvikvm( 1155): GC_CONCURRENT freed 392K, 76% free 1479K/5955K, paused 1ms+1ms
D/dalvikvm( 1155): GC_CONCURRENT freed 554K, 78% free 1322K/5955K, paused 0ms+1ms
D/dalvikvm( 1155): GC_CONCURRENT freed 402K, 79% free 1306K/5955K, paused 1ms+1ms
D/dalvikvm( 1155): GC_CONCURRENT freed 392K, 78% free 1322K/5955K, paused 1ms+1ms
D/dalvikvm( 1155): GC_CONCURRENT freed 394K, 78% free 1321K/5955K, paused 1ms+1ms
D/dalvikvm( 1155): GC_CONCURRENT freed 394K, 78% free 1321K/5955K, paused 1ms+1ms
D/dalvikvm( 1155): GC_CONCURRENT freed 392K, 78% free 1321K/5955K, paused 1ms+1ms
D/dalvikvm( 1155): GC_CONCURRENT freed 393K, 78% free 1321K/5955K, paused 1ms+2ms
D/dalvikvm( 1155): GC_CONCURRENT freed 393K, 78% free 1320K/5955K, paused 1ms+1ms
D/dalvikvm( 1155): GC_CONCURRENT freed 394K, 78% free 1321K/5955K, paused 1ms+1ms
D/dalvikvm( 1155): GC_CONCURRENT freed 393K, 78% free 1326K/5955K, paused 1ms+1ms
D/dalvikvm( 1155): GC_CONCURRENT freed 405K, 78% free 1318K/5955K, paused 1ms+2ms
D/dalvikvm( 1155): GC_CONCURRENT freed 395K, 78% free 1316K/5955K, paused 1ms+1ms
D/dalvikvm( 1155): GC_CONCURRENT freed 393K, 78% free 1317K/5955K, paused 1ms+1ms
D/dalvikvm( 1155): GC_CONCURRENT freed 393K, 78% free 1317K/5955K, paused 1ms+1ms
D/dalvikvm( 1155): GC_CONCURRENT freed 393K, 78% free 1317K/5955K, paused 1ms+1ms
D/dalvikvm( 1155): GC_CONCURRENT freed 394K, 78% free 1317K/5955K, paused 1ms+1ms
D/dalvikvm( 1155): GC_CONCURRENT freed 393K, 78% free 1317K/5955K, paused 1ms+1ms
D/dalvikvm( 1155): GC_CONCURRENT freed 404K, 78% free 1322K/5955K, paused 1ms+1ms
D/dalvikvm( 1155): GC_CONCURRENT freed 403K, 78% free 1318K/5955K, paused 1ms+1ms
D/dalvikvm( 1155): GC_CONCURRENT freed 396K, 78% free 1333K/5955K, paused 1ms+1ms
D/dalvikvm( 1155): GC_CONCURRENT freed 407K, 78% free 1321K/5955K, paused 0ms+1ms
D/dalvikvm( 1155): GC_CONCURRENT freed 394K, 78% free 1321K/5955K, paused 1ms+2ms
D/dalvikvm( 1155): GC_CONCURRENT freed 392K, 78% free 1321K/5955K, paused 1ms+1ms
D/dalvikvm( 1155): GC_CONCURRENT freed 392K, 78% free 1321K/5955K, paused 1ms+1ms
D/dalvikvm( 1155): GC_CONCURRENT freed 393K, 78% free 1321K/5955K, paused 1ms+1ms
D/dalvikvm( 1155): GC_CONCURRENT freed 393K, 78% free 1322K/5955K, paused 0ms+1ms
D/dalvikvm( 1155): GC_CONCURRENT freed 404K, 78% free 1335K/5955K, paused 1ms+1ms
D/dalvikvm( 1155): GC_CONCURRENT freed 420K, 79% free 1307K/5955K, paused 1ms+1ms
D/dalvikvm( 1155): GC_CONCURRENT freed 387K, 78% free 1319K/5955K, paused 1ms+2ms
D/HomePlayerLib( 1155): hostaddress count is 2
D/dalvikvm( 1155): GC_CONCURRENT freed 402K, 78% free 1315K/5955K, paused 1ms+1ms
D/dalvikvm( 1155): GC_CONCURRENT freed 387K, 78% free 1319K/5955K, paused 1ms+1ms
D/dalvikvm( 1155): GC_CONCURRENT freed 409K, 79% free 1300K/5955K, paused 1ms+1ms
D/dalvikvm( 1155): GC_CONCURRENT freed 381K, 78% free 1321K/5955K, paused 1ms+1ms
D/dalvikvm( 1155): GC_CONCURRENT freed 406K, 78% free 1324K/5955K, paused 1ms+1ms
D/dalvikvm( 1155): GC_CONCURRENT freed 392K, 78% free 1325K/5955K, paused 1ms+1ms
D/dalvikvm( 1155): GC_CONCURRENT freed 393K, 78% free 1325K/5955K, paused 1ms+1ms
D/dalvikvm( 1155): GC_CONCURRENT freed 393K, 78% free 1324K/5955K, paused 1ms+1ms
D/dalvikvm( 1155): GC_CONCURRENT freed 392K, 78% free 1325K/5955K, paused 1ms+1ms
D/dalvikvm( 1155): GC_CONCURRENT freed 391K, 78% free 1326K/5955K, paused 1ms+1ms
D/dalvikvm( 1155): GC_CONCURRENT freed 393K, 78% free 1326K/5955K, paused 1ms+1ms
D/dalvikvm( 1155): GC_CONCURRENT freed 412K, 78% free 1323K/5955K, paused 1ms+1ms
D/dalvikvm( 1155): GC_CONCURRENT freed 409K, 79% free 1306K/5955K, paused 1ms+1ms
D/dalvikvm( 1155): GC_CONCURRENT freed 380K, 78% free 1315K/5955K, paused 1ms+1ms
D/dalvikvm( 1155): GC_CONCURRENT freed 378K, 78% free 1323K/5955K, paused 1ms+1ms
D/dalvikvm( 1155): GC_CONCURRENT freed 408K, 78% free 1320K/5955K, paused 1ms+1ms
D/dalvikvm( 1155): GC_CONCURRENT freed 397K, 78% free 1364K/5955K, paused 0ms+1ms
D/dalvikvm( 1155): GC_CONCURRENT freed 440K, 78% free 1330K/5955K, paused 1ms+1ms
D/dalvikvm( 1155): GC_CONCURRENT freed 413K, 77% free 1425K/5955K, paused 1ms+1ms
D/dalvikvm( 1155): GC_CONCURRENT freed 495K, 78% free 1367K/5955K, paused 0ms+1ms
D/dalvikvm( 1155): GC_CONCURRENT freed 450K, 78% free 1334K/5955K, paused 1ms+1ms
D/dalvikvm( 1155): GC_CONCURRENT freed 399K, 78% free 1326K/5955K, paused 1ms+2ms
D/dalvikvm( 1155): GC_CONCURRENT freed 404K, 78% free 1347K/5955K, paused 1ms+1ms
D/dalvikvm( 1155): GC_CONCURRENT freed 420K, 78% free 1323K/5955K, paused 1ms+1ms
D/dalvikvm( 1155): GC_CONCURRENT freed 396K, 78% free 1321K/5955K, paused 0ms+1ms
D/dalvikvm( 1155): GC_CONCURRENT freed 393K, 77% free 1417K/5955K, paused 1ms+1ms
D/dalvikvm( 1155): GC_CONCURRENT freed 502K, 78% free 1319K/5955K, paused 1ms+1ms
D/dalvikvm( 1155): GC_CONCURRENT freed 406K, 79% free 1298K/5955K, paused 1ms+1ms
D/dalvikvm( 1155): GC_CONCURRENT freed 376K, 78% free 1321K/5955K, paused 1ms+1ms
D/dalvikvm( 1155): GC_CONCURRENT freed 395K, 78% free 1321K/5955K, paused 1ms+1ms
D/dalvikvm( 1155): GC_CONCURRENT freed 394K, 78% free 1321K/5955K, paused 1ms+1ms
D/dalvikvm( 1155): GC_CONCURRENT freed 394K, 78% free 1321K/5955K, paused 1ms+1ms
D/dalvikvm( 1155): GC_CONCURRENT freed 394K, 78% free 1321K/5955K, paused 0ms+1ms
D/dalvikvm( 1155): GC_CONCURRENT freed 392K, 78% free 1321K/5955K, paused 1ms+1ms
D/dalvikvm( 1155): GC_CONCURRENT freed 392K, 78% free 1321K/5955K, paused 1ms+1ms
D/dalvikvm( 1155): GC_CONCURRENT freed 415K, 79% free 1305K/5955K, paused 0ms+1ms
D/dalvikvm( 1155): GC_CONCURRENT freed 383K, 77% free 1418K/5955K, paused 0ms+1ms
D/dalvikvm( 1155): GC_CONCURRENT freed 490K, 78% free 1321K/5955K, paused 1ms+1ms
D/dalvikvm( 1155): GC_CONCURRENT freed 393K, 78% free 1320K/5955K, paused 1ms+1ms
D/dalvikvm( 1155): GC_CONCURRENT freed 392K, 77% free 1408K/5955K, paused 1ms+1ms
D/dalvikvm( 1155): GC_CONCURRENT freed 484K, 76% free 1435K/5955K, paused 1ms+1ms
D/dalvikvm( 1155): GC_CONCURRENT freed 518K, 77% free 1424K/5955K, paused 1ms+1ms
D/dalvikvm( 1155): GC_CONCURRENT freed 489K, 78% free 1327K/5955K, paused 0ms+1ms
D/dalvikvm( 1155): GC_CONCURRENT freed 402K, 78% free 1310K/5955K, paused 1ms+1ms
D/dalvikvm( 1155): GC_CONCURRENT freed 396K, 77% free 1416K/5955K, paused 0ms+1ms
D/dalvikvm( 1155): GC_CONCURRENT freed 487K, 77% free 1428K/5955K, paused 1ms+1ms
D/dalvikvm( 1155): GC_CONCURRENT freed 514K, 79% free 1306K/5955K, paused 1ms+1ms
D/dalvikvm( 1155): GC_CONCURRENT freed 391K, 77% free 1415K/5955K, paused 1ms+1ms
D/HomePlayerLib( 1155): hostaddress count is 2
D/dalvikvm( 1155): GC_CONCURRENT freed 497K, 78% free 1332K/5955K, paused 1ms+1ms
D/dalvikvm( 1155): GC_CONCURRENT freed 415K, 78% free 1316K/5955K, paused 2ms+1ms
D/dalvikvm( 1155): GC_CONCURRENT freed 404K, 79% free 1296K/5955K, paused 1ms+1ms
D/dalvikvm( 1155): GC_CONCURRENT freed 372K, 78% free 1325K/5955K, paused 1ms+2ms
D/dalvikvm( 1155): GC_CONCURRENT freed 393K, 78% free 1325K/5955K, paused 1ms+1ms
D/dalvikvm( 1155): GC_CONCURRENT freed 393K, 78% free 1324K/5955K, paused 1ms+1ms
D/dalvikvm( 1155): GC_CONCURRENT freed 392K, 78% free 1325K/5955K, paused 0ms+1ms
D/dalvikvm( 1155): GC_CONCURRENT freed 393K, 78% free 1324K/5955K, paused 1ms+1ms
D/dalvikvm( 1155): GC_CONCURRENT freed 392K, 78% free 1326K/5955K, paused 1ms+2ms
D/dalvikvm( 1155): GC_CONCURRENT freed 394K, 78% free 1326K/5955K, paused 1ms+1ms
D/dalvikvm( 1155): GC_CONCURRENT freed 390K, 76% free 1447K/5955K, paused 1ms+1ms
D/dalvikvm( 1155): GC_CONCURRENT freed 512K, 76% free 1456K/5955K, paused 1ms+1ms
D/dalvikvm( 1155): GC_CONCURRENT freed 514K, 77% free 1372K/5955K, paused 1ms+1ms
D/dalvikvm( 1155): GC_CONCURRENT freed 456K, 77% free 1425K/5955K, paused 1ms+1ms
D/dalvikvm( 1155): GC_CONCURRENT freed 504K, 77% free 1428K/5955K, paused 1ms+1ms
D/dalvikvm( 1155): GC_CONCURRENT freed 487K, 78% free 1330K/5955K, paused 1ms+1ms
D/dalvikvm( 1155): GC_CONCURRENT freed 404K, 76% free 1438K/5955K, paused 1ms+1ms
V/RootManagerImpl( 2914): onFocusChange true
D/ScaleViewPanel( 2914): dispatchDraw
D/dalvikvm( 1155): GC_CONCURRENT freed 503K, 78% free 1323K/5955K, paused 1ms+1ms
D/InputEventConsistencyVerifier( 2914): KeyEvent: ACTION_UP but key was not down.
D/InputEventConsistencyVerifier( 2914):   in com.fiship.widget.viewflow.ViewFlow@4165b218
D/InputEventConsistencyVerifier( 2914):   0: sent at 2368396000000, KeyEvent { action=ACTION_UP, keyCode=KEYCODE_DPAD_DOWN, scanCode=108, metaState=0, flags=0x8, repeatCount=0, eventTime=2368396, downTime=2368184, deviceId=1, source=0x101 }
D/InputEventConsistencyVerifier( 2914):   -- recent events --
D/InputEventConsistencyVerifier( 2914):   1: sent at 1999956000000, (unhandled) KeyEvent { action=ACTION_DOWN, keyCode=KEYCODE_DPAD_UP, scanCode=103, metaState=0, flags=0x8, repeatCount=0, eventTime=1999956, downTime=1999956, deviceId=1, source=0x101 }
D/InputEventConsistencyVerifier( 2914):   2: sent at 1999296000000, (unhandled) KeyEvent { action=ACTION_UP, keyCode=KEYCODE_DPAD_DOWN, scanCode=108, metaState=0, flags=0x80000008, repeatCount=0, eventTime=1999296, downTime=1999078, deviceId=1, source=0x101 }
D/InputEventConsistencyVerifier( 2914):   3: sent at 1995845000000, (unhandled) KeyEvent { action=ACTION_DOWN, keyCode=KEYCODE_DPAD_UP, scanCode=103, metaState=0, flags=0x8, repeatCount=0, eventTime=1995845, downTime=1995845, deviceId=1, source=0x101 }
D/InputEventConsistencyVerifier( 2914):   4: sent at 1975860000000, (unhandled) KeyEvent { action=ACTION_UP, keyCode=KEYCODE_DPAD_RIGHT, scanCode=106, metaState=0, flags=0x8, repeatCount=0, eventTime=1975860, downTime=1974782, deviceId=1, source=0x101 }
D/InputEventConsistencyVerifier( 2914):   5: sent at 1975838000000, (unhandled) KeyEvent { action=ACTION_DOWN, keyCode=KEYCODE_DPAD_RIGHT, scanCode=106, metaState=0, flags=0x8, repeatCount=12, eventTime=1975838, downTime=1974782, deviceId=1, source=0x101 }
D/ScaleViewPanel( 2914): dispatchDraw
D/dalvikvm( 1155): GC_CONCURRENT freed 395K, 77% free 1427K/5955K, paused 0ms+1ms
D/dalvikvm( 1155): GC_CONCURRENT freed 512K, 79% free 1298K/5955K, paused 1ms+1ms
D/dalvikvm( 1155): GC_CONCURRENT freed 379K, 77% free 1428K/5955K, paused 1ms+1ms
D/dalvikvm( 1155): GC_CONCURRENT freed 504K, 79% free 1309K/5955K, paused 1ms+1ms
D/dalvikvm( 1155): GC_CONCURRENT freed 394K, 77% free 1421K/5955K, paused 1ms+1ms
D/dalvikvm( 1155): GC_CONCURRENT freed 495K, 77% free 1420K/5955K, paused 0ms+1ms
D/dalvikvm( 1155): GC_CONCURRENT freed 491K, 78% free 1322K/5955K, paused 1ms+2ms
D/dalvikvm( 1155): GC_CONCURRENT freed 394K, 78% free 1321K/5955K, paused 1ms+1ms
D/dalvikvm( 1155): GC_CONCURRENT freed 393K, 78% free 1321K/5955K, paused 1ms+1ms
D/dalvikvm( 1155): GC_CONCURRENT freed 459K, 79% free 1302K/5955K, paused 0ms+1ms
D/dalvikvm( 1155): GC_CONCURRENT freed 377K, 76% free 1434K/5955K, paused 1ms+1ms
I/MainActivity( 2914): onClick -> 52060
I/ActivityManager(  989): START {flg=0x10000000 cmp=com.coship.dvbsetting/.main (has extras)} from pid 2914
D/dalvikvm( 1155): GC_CONCURRENT freed 517K, 77% free 1392K/5955K, paused 1ms+1ms
D/dalvikvm(  989): GC_FOR_ALLOC freed 758K, 65% free 4143K/11715K, paused 44ms
I/dalvikvm-heap(  989): Grow heap (frag case) to 8.646MB for 1048592-byte allocation
D/dalvikvm(  989): GC_FOR_ALLOC freed 22K, 57% free 5144K/11715K, paused 37ms
D/dalvikvm( 1155): GC_CONCURRENT freed 521K, 79% free 1295K/5955K, paused 0ms+1ms
D/dalvikvm(  989): GC_CONCURRENT freed 21K, 56% free 5186K/11715K, paused 2ms+5ms
V/MainActivity( 2914): 启动onlineMovice，用户为  ：null
V/MainActivity( 2914): userName = null ;passwd = null ; DiviceId = null
D/OpenGLRenderer( 2914): Flushing caches (mode 1)
W/ResourceType(  989): Skipping entry 0x7f040005 in package table 0 because it is not complex!
D/OpenGLRenderer( 2914): Flushing caches (mode 0)
I/main_setcenter( 1740): product model ro.product.model = S1001
V/TabletStatusBar( 1142): setLightsOn(true)
W/InputManagerService(  989): Starting input on non-focused client com.android.internal.view.IInputMethodClient$Stub$Proxy@416a44e8 (uid=10011 pid=2914)
I/ActivityManager(  989): Displayed com.coship.dvbsetting/.main: +258ms
D/dalvikvm( 1155): GC_CONCURRENT freed 373K, 77% free 1419K/5955K, paused 1ms+1ms
D/dalvikvm( 1155): GC_CONCURRENT freed 501K, 79% free 1307K/5955K, paused 0ms+1ms
I/main_setcenter( 1740): BackDoorIndex:0
I/main_setcenter( 1740): BackDoorKey[BackDoorIndex]:21
I/main_setcenter( 1740): KeyCode:4
I/MainActivity( 2914):  onResume
W/InputManagerService(  989): Starting input on non-focused client com.android.internal.view.IInputMethodClient$Stub$Proxy@4142dd28 (uid=1000 pid=1740)
D/InputEventConsistencyVerifier( 2914): KeyEvent: ACTION_UP but key was not down.
D/InputEventConsistencyVerifier( 2914):   in Handler (android.view.ViewRootImpl) {417ac388}
D/InputEventConsistencyVerifier( 2914):   0: sent at 2374600000000, KeyEvent { action=ACTION_UP, keyCode=KEYCODE_BACK, scanCode=158, metaState=0, flags=0x8, repeatCount=0, eventTime=2374600, downTime=2374380, deviceId=1, source=0x101 }
D/InputEventConsistencyVerifier( 2914):   -- recent events --
D/InputEventConsistencyVerifier( 2914):   1: sent at 2371408000000, KeyEvent { action=ACTION_UP, keyCode=KEYCODE_ENTER, scanCode=28, metaState=0, flags=0x8, repeatCount=0, eventTime=2371408, downTime=2371197, deviceId=1, source=0x101 }
D/InputEventConsistencyVerifier( 2914):   2: sent at 2371197000000, KeyEvent { action=ACTION_DOWN, keyCode=KEYCODE_ENTER, scanCode=28, metaState=0, flags=0x8, repeatCount=0, eventTime=2371197, downTime=2371197, deviceId=1, source=0x101 }
D/InputEventConsistencyVerifier( 2914):   3: sent at 2368396000000, KeyEvent { action=ACTION_UP, keyCode=KEYCODE_DPAD_DOWN, scanCode=108, metaState=0, flags=0x8, repeatCount=0, eventTime=2368396, downTime=2368184, deviceId=1, source=0x101 }
D/InputEventConsistencyVerifier( 2914):   4: sent at 2368184000000, KeyEvent { action=ACTION_DOWN, keyCode=KEYCODE_DPAD_DOWN, scanCode=108, metaState=0, flags=0x8, repeatCount=0, eventTime=2368184, downTime=2368184, deviceId=1, source=0x101 }
D/InputEventConsistencyVerifier( 2914):   5: sent at 2000168000000, KeyEvent { action=ACTION_UP, keyCode=KEYCODE_DPAD_UP, scanCode=103, metaState=0, flags=0x8, repeatCount=0, eventTime=2000168, downTime=1999956, deviceId=1, source=0x101 }
D/dalvikvm( 1740): GC_EXPLICIT freed 580K, 18% free 27922K/33667K, paused 2ms+6ms
E/StrictMode( 1740): class com.coship.dvbsetting.main; instances=2; limit=1
E/StrictMode( 1740): android.os.StrictMode$InstanceCountViolation: class com.coship.dvbsetting.main; instances=2; limit=1
E/StrictMode( 1740):    at android.os.StrictMode.setClassInstanceLimit(StrictMode.java:1)
D/dalvikvm( 1155): GC_CONCURRENT freed 390K, 79% free 1309K/5955K, paused 1ms+1ms
D/dalvikvm( 1155): GC_CONCURRENT freed 392K, 79% free 1308K/5955K, paused 1ms+1ms
D/dalvikvm( 1155): GC_CONCURRENT freed 393K, 79% free 1309K/5955K, paused 1ms+1ms
D/dalvikvm( 1155): GC_CONCURRENT freed 398K, 79% free 1298K/5955K, paused 1ms+1ms
D/dalvikvm( 1155): GC_CONCURRENT freed 381K, 78% free 1322K/5955K, paused 1ms+1ms
D/dalvikvm( 1155): GC_CONCURRENT freed 396K, 78% free 1321K/5955K, paused 0ms+1ms
D/dalvikvm( 1155): GC_CONCURRENT freed 392K, 78% free 1320K/5955K, paused 1ms+1ms
D/dalvikvm( 1155): GC_CONCURRENT freed 393K, 78% free 1321K/5955K, paused 1ms+1ms
D/dalvikvm( 1155): GC_CONCURRENT freed 393K, 77% free 1427K/5955K, paused 1ms+1ms
D/HomePlayerLib( 1155): hostaddress count is 2
D/dalvikvm( 1155): GC_CONCURRENT freed 504K, 78% free 1319K/5955K, paused 0ms+1ms
D/dalvikvm( 1155): GC_CONCURRENT freed 403K, 79% free 1306K/5955K, paused 1ms+1ms
D/dalvikvm( 1155): GC_CONCURRENT freed 389K, 77% free 1384K/5955K, paused 1ms+1ms
D/dalvikvm( 1155): GC_CONCURRENT freed 445K, 78% free 1323K/5955K, paused 1ms+1ms
D/dalvikvm( 1155): GC_CONCURRENT freed 390K, 77% free 1371K/5955K, paused 1ms+1ms
D/dalvikvm( 1155): GC_CONCURRENT freed 454K, 78% free 1341K/5955K, paused 1ms+1ms
D/dalvikvm( 1155): GC_CONCURRENT freed 418K, 76% free 1464K/5955K, paused 1ms+1ms
D/dalvikvm( 1155): GC_CONCURRENT freed 531K, 77% free 1429K/5955K, paused 1ms+1ms
D/dalvikvm( 1155): GC_CONCURRENT freed 510K, 79% free 1308K/5955K, paused 1ms+1ms
D/dalvikvm( 1155): GC_CONCURRENT freed 382K, 76% free 1436K/5955K, paused 1ms+1ms
D/dalvikvm( 1155): GC_CONCURRENT freed 503K, 76% free 1440K/5955K, paused 1ms+1ms
D/dalvikvm( 1155): GC_CONCURRENT freed 631K, 78% free 1315K/5955K, paused 1ms+1ms
D/dalvikvm( 1155): GC_CONCURRENT freed 395K, 78% free 1312K/5955K, paused 1ms+1ms
D/dalvikvm( 1155): GC_CONCURRENT freed 392K, 78% free 1312K/5955K, paused 1ms+1ms
D/dalvikvm( 1155): GC_CONCURRENT freed 377K, 78% free 1322K/5955K, paused 1ms+1ms
D/dalvikvm( 1155): GC_CONCURRENT freed 395K, 78% free 1327K/5955K, paused 1ms+1ms
D/dalvikvm( 1155): GC_CONCURRENT freed 402K, 77% free 1420K/5955K, paused 1ms+1ms
D/dalvikvm( 1155): GC_CONCURRENT freed 491K, 77% free 1428K/5955K, paused 1ms+1ms
D/dalvikvm( 1155): GC_CONCURRENT freed 513K, 78% free 1346K/5955K, paused 1ms+1ms
D/dalvikvm( 1155): GC_CONCURRENT freed 418K, 78% free 1321K/5955K, paused 1ms+1ms
D/dalvikvm( 1155): GC_CONCURRENT freed 396K, 77% free 1427K/5955K, paused 1ms+1ms
D/dalvikvm( 1155): GC_CONCURRENT freed 501K, 79% free 1309K/5955K, paused 1ms+1ms
D/dalvikvm( 1155): GC_CONCURRENT freed 394K, 77% free 1380K/5955K, paused 1ms+1ms
D/dalvikvm( 1155): GC_CONCURRENT freed 455K, 76% free 1435K/5955K, paused 1ms+1ms
D/dalvikvm( 1155): GC_CONCURRENT freed 518K, 79% free 1310K/5955K, paused 0ms+1ms
D/dalvikvm( 1155): GC_CONCURRENT freed 394K, 77% free 1421K/5955K, paused 1ms+1ms
D/dalvikvm( 1155): GC_CONCURRENT freed 498K, 79% free 1310K/5955K, paused 1ms+1ms
D/dalvikvm( 1155): GC_CONCURRENT freed 396K, 77% free 1416K/5955K, paused 0ms+1ms
D/dalvikvm( 1155): GC_CONCURRENT freed 486K, 78% free 1322K/5955K, paused 1ms+1ms
D/dalvikvm( 1155): GC_CONCURRENT freed 394K, 78% free 1321K/5955K, paused 1ms+1ms
D/dalvikvm( 1155): GC_CONCURRENT freed 393K, 78% free 1321K/5955K, paused 1ms+1ms
D/dalvikvm( 1155): GC_CONCURRENT freed 393K, 78% free 1322K/5955K, paused 1ms+1ms
D/dalvikvm( 1155): GC_CONCURRENT freed 403K, 78% free 1318K/5955K, paused 1ms+1ms
D/dalvikvm( 1155): GC_CONCURRENT freed 395K, 78% free 1316K/5955K, paused 1ms+1ms
D/dalvikvm( 1155): GC_CONCURRENT freed 394K, 78% free 1317K/5955K, paused 1ms+1ms
D/dalvikvm( 1155): GC_CONCURRENT freed 393K, 78% free 1333K/5955K, paused 1ms+1ms
D/dalvikvm( 1155): GC_CONCURRENT freed 406K, 78% free 1321K/5955K, paused 1ms+1ms
D/dalvikvm( 1155): GC_CONCURRENT freed 394K, 78% free 1321K/5955K, paused 1ms+1ms
D/dalvikvm( 1155): GC_CONCURRENT freed 404K, 78% free 1316K/5955K, paused 1ms+1ms
D/HomePlayerLib( 1155): hostaddress count is 2
D/dalvikvm( 1155): GC_CONCURRENT freed 394K, 78% free 1318K/5955K, paused 1ms+1ms
D/dalvikvm( 1155): GC_CONCURRENT freed 404K, 79% free 1307K/5955K, paused 1ms+1ms
D/dalvikvm( 1155): GC_CONCURRENT freed 378K, 78% free 1323K/5955K, paused 1ms+1ms
D/dalvikvm( 1155): GC_CONCURRENT freed 390K, 78% free 1325K/5955K, paused 1ms+2ms
D/dalvikvm( 1155): GC_CONCURRENT freed 393K, 78% free 1324K/5955K, paused 1ms+2ms
D/dalvikvm( 1155): GC_CONCURRENT freed 391K, 78% free 1325K/5955K, paused 1ms+1ms
D/dalvikvm( 1155): GC_CONCURRENT freed 393K, 77% free 1371K/5955K, paused 1ms+1ms
D/dalvikvm( 1155): GC_CONCURRENT freed 443K, 76% free 1437K/5955K, paused 1ms+1ms
I/dnsmasq ( 1307): DHCPDISCOVER(uap0) 00:90:4c:78:06:f1 
I/dnsmasq ( 1307): DHCPOFFER(uap0) 192.168.43.43 00:90:4c:78:06:f1 
I/dnsmasq ( 1307): DHCPREQUEST(uap0) 192.168.43.43 00:90:4c:78:06:f1 
I/dnsmasq ( 1307): DHCPACK(uap0) 192.168.43.43 00:90:4c:78:06:f1 android-19b4f8764233c89
D/dalvikvm( 1155): GC_CONCURRENT freed 517K, 78% free 1314K/5955K, paused 0ms+1ms
D/dalvikvm( 1155): GC_CONCURRENT freed 391K, 78% free 1317K/5955K, paused 1ms+1ms
D/dalvikvm( 1155): GC_CONCURRENT freed 380K, 78% free 1324K/5955K, paused 1ms+1ms
D/dalvikvm( 1155): GC_CONCURRENT freed 390K, 78% free 1340K/5955K, paused 1ms+1ms
D/dalvikvm( 1155): GC_CONCURRENT freed 425K, 79% free 1299K/5955K, paused 1ms+1ms
D/dalvikvm( 1155): GC_CONCURRENT freed 365K, 76% free 1443K/5955K, paused 1ms+1ms
D/dalvikvm( 1155): GC_CONCURRENT freed 519K, 77% free 1428K/5955K, paused 1ms+1ms
D/dalvikvm( 1155): GC_CONCURRENT freed 501K, 78% free 1329K/5955K, paused 1ms+1ms
D/dalvikvm( 1155): GC_CONCURRENT freed 407K, 76% free 1433K/5955K, paused 0ms+1ms
D/dalvikvm( 1155): GC_CONCURRENT freed 518K, 77% free 1419K/5955K, paused 1ms+1ms
D/dalvikvm( 1155): GC_CONCURRENT freed 515K, 79% free 1297K/5955K, paused 1ms+1ms
D/dalvikvm( 1155): GC_CONCURRENT freed 371K, 78% free 1320K/5955K, paused 1ms+1ms
D/dalvikvm( 1155): GC_CONCURRENT freed 394K, 78% free 1320K/5955K, paused 1ms+1ms
D/dalvikvm( 1155): GC_CONCURRENT freed 394K, 77% free 1426K/5955K, paused 1ms+1ms
D/dalvikvm( 1155): GC_CONCURRENT freed 501K, 77% free 1381K/5955K, paused 1ms+1ms
D/dalvikvm( 1155): GC_CONCURRENT freed 457K, 76% free 1434K/5955K, paused 1ms+1ms
D/dalvikvm( 1155): GC_CONCURRENT freed 517K, 77% free 1417K/5955K, paused 1ms+1ms
D/dalvikvm( 1155): GC_CONCURRENT freed 488K, 78% free 1327K/5955K, paused 1ms+1ms
D/dalvikvm( 1155): GC_CONCURRENT freed 405K, 77% free 1418K/5955K, paused 1ms+1ms
D/dalvikvm( 1155): GC_CONCURRENT freed 488K, 78% free 1321K/5955K, paused 1ms+1ms
D/dalvikvm( 1155): GC_CONCURRENT freed 393K, 78% free 1320K/5955K, paused 0ms+1ms
D/dalvikvm( 1155): GC_CONCURRENT freed 393K, 78% free 1321K/5955K, paused 1ms+1ms
D/dalvikvm( 1155): GC_CONCURRENT freed 393K, 78% free 1321K/5955K, paused 1ms+1ms
D/dalvikvm( 1155): GC_CONCURRENT freed 391K, 78% free 1321K/5955K, paused 1ms+1ms
D/dalvikvm( 1155): GC_CONCURRENT freed 403K, 77% free 1425K/5955K, paused 1ms+1ms
D/dalvikvm( 1155): GC_CONCURRENT freed 489K, 78% free 1321K/5955K, paused 1ms+1ms
D/dalvikvm( 1155): GC_CONCURRENT freed 394K, 78% free 1321K/5955K, paused 1ms+1ms
D/dalvikvm( 1155): GC_CONCURRENT freed 393K, 78% free 1320K/5955K, paused 1ms+1ms
D/dalvikvm( 1155): GC_CONCURRENT freed 394K, 78% free 1321K/5955K, paused 1ms+1ms
D/dalvikvm( 1155): GC_CONCURRENT freed 392K, 78% free 1326K/5955K, paused 1ms+1ms
D/dalvikvm( 1155): GC_CONCURRENT freed 403K, 79% free 1309K/5955K, paused 1ms+1ms
D/dalvikvm( 1155): GC_CONCURRENT freed 396K, 79% free 1307K/5955K, paused 1ms+1ms
D/dalvikvm( 1155): GC_CONCURRENT freed 394K, 79% free 1308K/5955K, paused 1ms+1ms
D/dalvikvm( 1155): GC_CONCURRENT freed 394K, 79% free 1308K/5955K, paused 1ms+1ms
D/dalvikvm( 1155): GC_CONCURRENT freed 389K, 78% free 1320K/5955K, paused 1ms+1ms
D/HomePlayerLib( 1155): hostaddress count is 2
D/dalvikvm( 1155): GC_CONCURRENT freed 402K, 77% free 1379K/5955K, paused 1ms+1ms
D/dalvikvm( 1155): GC_CONCURRENT freed 463K, 79% free 1306K/5955K, paused 0ms+1ms
D/dalvikvm( 1155): GC_CONCURRENT freed 379K, 78% free 1322K/5955K, paused 1ms+1ms
D/dalvikvm( 1155): GC_CONCURRENT freed 390K, 77% free 1421K/5955K, paused 1ms+1ms
D/dalvikvm( 1155): GC_CONCURRENT freed 500K, 77% free 1384K/5955K, paused 1ms+1ms
D/dalvikvm( 1155): GC_CONCURRENT freed 467K, 77% free 1428K/5955K, paused 1ms+1ms
D/dalvikvm( 1155): GC_CONCURRENT freed 505K, 78% free 1322K/5955K, paused 1ms+1ms
D/dalvikvm( 1155): GC_CONCURRENT freed 394K, 78% free 1322K/5955K, paused 1ms+1ms
D/dalvikvm( 1155): GC_CONCURRENT freed 406K, 79% free 1301K/5955K, paused 0ms+1ms
D/dalvikvm( 1155): GC_CONCURRENT freed 366K, 78% free 1323K/5955K, paused 1ms+1ms
D/dalvikvm( 1155): GC_CONCURRENT freed 391K, 78% free 1324K/5955K, paused 1ms+1ms
D/dalvikvm( 1155): GC_CONCURRENT freed 414K, 77% free 1407K/5955K, paused 1ms+1ms
D/dalvikvm( 1155): GC_CONCURRENT freed 474K, 78% free 1325K/5955K, paused 1ms+1ms
V/RootManagerImpl( 2914): onFocusChange false
D/dalvikvm( 1155): GC_CONCURRENT freed 396K, 78% free 1327K/5955K, paused 1ms+1ms
D/dalvikvm( 1155): GC_CONCURRENT freed 389K, 77% free 1412K/5955K, paused 1ms+1ms
D/InputEventConsistencyVerifier( 2914): KeyEvent: ACTION_UP but key was not down.
D/InputEventConsistencyVerifier( 2914):   in android.widget.FrameLayout@41744720
D/InputEventConsistencyVerifier( 2914):   0: sent at 2402700000000, KeyEvent { action=ACTION_UP, keyCode=KEYCODE_DPAD_UP, scanCode=103, metaState=0, flags=0x8, repeatCount=0, eventTime=2402700, downTime=2402487, deviceId=1, source=0x101 }
D/InputEventConsistencyVerifier( 2914):   -- recent events --
D/InputEventConsistencyVerifier( 2914):   1: sent at 2368184000000, (unhandled) KeyEvent { action=ACTION_DOWN, keyCode=KEYCODE_DPAD_DOWN, scanCode=108, metaState=0, flags=0x8, repeatCount=0, eventTime=2368184, downTime=2368184, deviceId=1, source=0x101 }
D/InputEventConsistencyVerifier( 2914):   2: sent at 2000168000000, (unhandled) KeyEvent { action=ACTION_UP, keyCode=KEYCODE_DPAD_UP, scanCode=103, metaState=0, flags=0x80000008, repeatCount=0, eventTime=2000168, downTime=1999956, deviceId=1, source=0x101 }
D/InputEventConsistencyVerifier( 2914):   3: sent at 1999078000000, (unhandled) KeyEvent { action=ACTION_DOWN, keyCode=KEYCODE_DPAD_DOWN, scanCode=108, metaState=0, flags=0x8, repeatCount=0, eventTime=1999078, downTime=1999078, deviceId=1, source=0x101 }
D/InputEventConsistencyVerifier( 2914):   4: sent at 1998796000000, (unhandled) KeyEvent { action=ACTION_UP, keyCode=KEYCODE_DPAD_RIGHT, scanCode=106, metaState=0, flags=0x8, repeatCount=0, eventTime=1998796, downTime=1998635, deviceId=1, source=0x101 }
D/InputEventConsistencyVerifier( 2914):   5: sent at 1998635000000, (unhandled) KeyEvent { action=ACTION_DOWN, keyCode=KEYCODE_DPAD_RIGHT, scanCode=106, metaState=0, flags=0x8, repeatCount=0, eventTime=1998635, downTime=1998635, deviceId=1, source=0x101 }
D/dalvikvm( 1155): GC_CONCURRENT freed 496K, 78% free 1312K/5955K, paused 1ms+2ms
D/dalvikvm( 1155): GC_CONCURRENT freed 400K, 78% free 1316K/5955K, paused 1ms+1ms
D/dalvikvm( 1155): GC_CONCURRENT freed 394K, 78% free 1335K/5955K, paused 2ms+1ms
D/InputEventConsistencyVerifier( 2914): KeyEvent: ACTION_UP but key was not down.
D/InputEventConsistencyVerifier( 2914):   in android.widget.RadioButton@415cd3b0
D/InputEventConsistencyVerifier( 2914):   0: sent at 2403240000000, KeyEvent { action=ACTION_UP, keyCode=KEYCODE_DPAD_LEFT, scanCode=105, metaState=0, flags=0x8, repeatCount=0, eventTime=2403240, downTime=2403024, deviceId=1, source=0x101 }
D/InputEventConsistencyVerifier( 2914):   -- recent events --
D/InputEventConsistencyVerifier( 2914):   1: sent at 1997164000000, (unhandled) KeyEvent { action=ACTION_DOWN, keyCode=KEYCODE_DPAD_RIGHT, scanCode=106, metaState=0, flags=0x8, repeatCount=0, eventTime=1997164, downTime=1997164, deviceId=1, source=0x101 }
D/InputEventConsistencyVerifier( 2914):   2: sent at 1996368000000, (unhandled) KeyEvent { action=ACTION_UP, keyCode=KEYCODE_DPAD_RIGHT, scanCode=106, metaState=0, flags=0x80000008, repeatCount=0, eventTime=1996368, downTime=1996149, deviceId=1, source=0x101 }
D/InputEventConsistencyVerifier( 2914): KeyEvent: ACTION_UP but key was not down.
D/InputEventConsistencyVerifier( 2914):   in android.widget.RadioButton@415cd070
D/InputEventConsistencyVerifier( 2914):   0: sent at 2403604000000, KeyEvent { action=ACTION_UP, keyCode=KEYCODE_DPAD_LEFT, scanCode=105, metaState=0, flags=0x8, repeatCount=0, eventTime=2403604, downTime=2403386, deviceId=1, source=0x101 }
D/InputEventConsistencyVerifier( 2914):   -- recent events --
D/InputEventConsistencyVerifier( 2914):   1: sent at 1996149000000, (unhandled) KeyEvent { action=ACTION_DOWN, keyCode=KEYCODE_DPAD_RIGHT, scanCode=106, metaState=0, flags=0x8, repeatCount=0, eventTime=1996149, downTime=1996149, deviceId=1, source=0x101 }
D/InputEventConsistencyVerifier( 2914):   2: sent at 1996056000000, (unhandled) KeyEvent { action=ACTION_UP, keyCode=KEYCODE_DPAD_UP, scanCode=103, metaState=0, flags=0x80000008, repeatCount=0, eventTime=1996056, downTime=1995845, deviceId=1, source=0x101 }
D/MainActivity( 2914): position = 2
D/InputEventConsistencyVerifier( 2914): KeyEvent: ACTION_UP but key was not down.
D/InputEventConsistencyVerifier( 2914):   in android.widget.RadioButton@416e8830
D/InputEventConsistencyVerifier( 2914):   0: sent at 2404580000000, KeyEvent { action=ACTION_UP, keyCode=KEYCODE_DPAD_LEFT, scanCode=105, metaState=0, flags=0x8, repeatCount=0, eventTime=2404580, downTime=2404365, deviceId=1, source=0x101 }
D/MainActivity( 2914): position = 1
V/RootManagerImpl( 2914): onFocusChange true
D/ScaleViewPanel( 2914): dispatchDraw
D/InputEventConsistencyVerifier( 2914): KeyEvent: ACTION_UP but key was not down.
D/InputEventConsistencyVerifier( 2914):   in com.fiship.widget.viewflow.ViewFlow@4165b218
D/InputEventConsistencyVerifier( 2914):   0: sent at 2405072000000, KeyEvent { action=ACTION_UP, keyCode=KEYCODE_DPAD_DOWN, scanCode=108, metaState=0, flags=0x8, repeatCount=0, eventTime=2405072, downTime=2404858, deviceId=1, source=0x101 }
D/InputEventConsistencyVerifier( 2914):   -- recent events --
D/InputEventConsistencyVerifier( 2914):   1: sent at 2402487000000, (unhandled) KeyEvent { action=ACTION_DOWN, keyCode=KEYCODE_DPAD_UP, scanCode=103, metaState=0, flags=0x8, repeatCount=0, eventTime=2402487, downTime=2402487, deviceId=1, source=0x101 }
D/InputEventConsistencyVerifier( 2914):   2: sent at 2374600000000, (unhandled) KeyEvent { action=ACTION_UP, keyCode=KEYCODE_BACK, scanCode=158, metaState=0, flags=0x80000008, repeatCount=0, eventTime=2374600, downTime=2374380, deviceId=1, source=0x101 }
D/InputEventConsistencyVerifier( 2914):   3: sent at 2371408000000, KeyEvent { action=ACTION_UP, keyCode=KEYCODE_ENTER, scanCode=28, metaState=0, flags=0x8, repeatCount=0, eventTime=2371408, downTime=2371197, deviceId=1, source=0x101 }
D/InputEventConsistencyVerifier( 2914):   4: sent at 2371197000000, KeyEvent { action=ACTION_DOWN, keyCode=KEYCODE_ENTER, scanCode=28, metaState=0, flags=0x8, repeatCount=0, eventTime=2371197, downTime=2371197, deviceId=1, source=0x101 }
D/InputEventConsistencyVerifier( 2914):   5: sent at 2368396000000, (unhandled) KeyEvent { action=ACTION_UP, keyCode=KEYCODE_DPAD_DOWN, scanCode=108, metaState=0, flags=0x80000008, repeatCount=0, eventTime=2368396, downTime=2368184, deviceId=1, source=0x101 }
D/ScaleViewPanel( 2914): dispatchDraw
D/RecommondAgency( 2914): 13682
V/RecommondAgency( 2914): resourceCode : 13682
I/ActivityManager(  989): START {act=com.fiship.media.programDetail cmp=com.fiship.media/.ProgramDetailActivity (has extras)} from pid 2914
I/ActivityManager(  989): Start proc com.fiship.media for activity com.fiship.media/.ProgramDetailActivity: pid=3107 uid=10012 gids={3003, 1015}
W/MountService(  989): getVolumeState(/mnt/sdcard): Unknown volume
D/com.fiship.media.FeiApplication$1$run 行:64
        ( 3107): Remove outdated log file
D/ProgramDetailActivity( 3107): -- onCreate --
D/dalvikvm( 3107): GC_FOR_ALLOC freed 221K, 43% free 6725K/11651K, paused 31ms
I/dalvikvm-heap( 3107): Grow heap (frag case) to 13.684MB for 3686416-byte allocation
D/dalvikvm( 1155): GC_CONCURRENT freed 404K, 77% free 1404K/5955K, paused 3ms+1ms
D/dalvikvm( 3107): GC_CONCURRENT freed 2K, 33% free 10323K/15299K, paused 2ms+2ms
D/dalvikvm( 1155): GC_CONCURRENT freed 473K, 78% free 1368K/5955K, paused 1ms+1ms
D/dalvikvm( 3107): GC_FOR_ALLOC freed 12K, 32% 
[ 2419.728781] IR: [03932] scan key value is 0xec13c936 
[ 2419.728786]  free 10737K/15683K, paused 24ms
I/dalvikvm-heap( 3107): Grow heap (frag case) to 15.643MB for 1633296-byte allocation
D/dalvikvm( 3107): GC_FOR_ALLOC freed <1K, 29% free 12332K/17283K, paused 25ms
W/ResourceType( 3107): Failure getting entry for 0x7f0a008e (t=9 e=142) in package 0 (error -75)
W/Resources( 3107): Converting to string: TypedValue{t=0x1/d=0x7f0a008e a=-1 r=0x7f0a008e}
I/Process (  989): Sending signal. PID: 3107 SIG: 3
I/dalvikvm( 3107): threadid=3: reacting to signal 3
I/dalvikvm( 3107): Wrote stack t
[ 2419.781248] IR: [03932] scan key value is 0xec13c936 
[ 2419.781252]  races to '/data/anr/traces.txt'
D/dalvikvm( 1155): GC_CONCURRENT freed 445K, 77% free 1420K/5955K, paused 1ms+1ms
D/ProgramDetailActivity( 3107): start load program details.
D/ProgramDetailActivity( 3107): -- onResume --
D/Test    ( 3107): request Url  :http://cibn-iepg.coship.com:8088/msis/getAssetListByPackageCode?zip=1&version=V001&terminalType=1&resolution=1280*720&resourceCode=13682&userCode=80007&authKey=e55e16c8490dd6d733a0ce7e0c2a91e9
D/ProgramDetailActivity( 3107): start load program details.
D/libEGL  ( 3107): loaded /system/lib/egl/libGLES_android.so
D/libEGL  ( 3107): loaded /system/lib/egl/libEGL_mali.so
D/libEGL  ( 3107): loaded /system/lib/egl/libGLESv1_CM_mali.so
D/libEGL  ( 3107): loaded /system/lib/egl/libGLESv2_mali.so
D/dalvikvm( 1155): GC_CONCURRENT freed 491K, 77% free 1427K/5955K, paused 1ms+1ms
D/OpenGLRenderer( 3107): Enabling debug mode 0
W/InputManagerService(  989): Starting input on non-focused client com.android.internal.view.IInputMethodClient$Stub$Proxy@416a44e8 (uid=10011 pid=2914)
I/ActivityManager(  989): Displayed com.fiship.media/.ProgramDetailActivity: +940ms
D/dalvikvm( 3107): GC_CONCURRENT freed 695K, 25% free 13605K/18051K, paused 3ms+5ms
D/dalvikvm( 1155): GC_CONCURRENT freed 502K, 78% free 1340K/5955K, paused 1ms+1ms
E/StrictMode( 3107): A resource was acquired at attached stack trace but never released. See java.io.Closeable for information on avoiding resource leaks.
E/StrictMode( 3107): java.lang.Throwable: Explicit termination method 'end' not called
E/StrictMode( 3107):    at dalvik.system.CloseGuard.open(CloseGuard.java:184)
E/StrictMode( 3107):    at java.util.zip.Inflater.<init>(Inflater.java:82)
E/StrictMode( 3107):    at java.util.zip.GZIPInputStream.<init>(GZIPInputStream.java:96)
E/StrictMode( 3107):    at java.util.zip.GZIPInputStream.<init>(GZIPInputStream.java:81)
E/StrictMode( 3107):    at com.fiship.media.common.JsonCompress.unCompress(JsonCompress.java:62)
E/StrictMode( 3107):    at com.fiship.ott.transport.action.VodAction.getAssetListByPackageCode(VodAction.java:541)
E/StrictMode( 3107):    at com.fiship.media.ProgramDetailActivity$9.doInBackground(ProgramDetailActivity.java:1245)
E/StrictMode( 3107):    at com.fiship.media.ProgramDetailActivity$9.doInBackground(ProgramDetailActivity.java:1240)
E/StrictMode( 3107):    at android.os.AsyncTask$2.call(AsyncTask.java:264)
E/StrictMode( 3107):    at java.util.concurrent.FutureTask$Sync.innerRun(FutureTask.java:305)
E/StrictMode( 3107):    at java.util.concurrent.FutureTask.run(FutureTask.java:137)
E/StrictMode( 3107):    at android.os.AsyncTask$SerialExecutor$1.run(AsyncTask.java:208)
E/StrictMode( 3107):    at java.util.concurrent.ThreadPoolExecutor.runWorker(ThreadPoolExecutor.java:1076)
E/StrictMode( 3107):    at java.util.concurrent.ThreadPoolExecutor$Worker.run(ThreadPoolExecutor.java:569)
E/StrictMode( 3107):    at java.lang.Thread.run(Thread.java:856)
I/System.out( 3107): .................................>>>479
D/Test    ( 3107): request Url  :http://cibn-iepg.coship.com:8088/msis/getAssetDetail?version=V001&terminalType=1&resolution=1280*720&resourceCode=13682&userCode=80007&authKey=637e4ed1bc23a3043711234c9ca7107a
D/dalvikvm( 1155): GC_CONCURRENT freed 415K, 77% free 1418K/5955K, paused 0ms+1ms
I/ProgramDetailActivity( 3107): movie count:1
D/Test    ( 3107): request Url  :http://cibn-iepg.coship.com:8088/iuc/getBookMark?version=V001&terminalType=1&resolution=1280*720&userCode=80007&userName=80007&ResourceCode=13682&authKey=16d418585796349d66d2152af5fe6910
W/ResourceType( 3107): Failure getting entry for 0x7f0a007c (t=9 e=124) in package 0 (error -75)
D/AndroidRuntime( 3107): Shutting down VM
W/dalvikvm( 3107): threadid=1: thread exiting with uncaught exception (group=0x40fa81f8)
E/com.fiship.ott.transport.util.GlobalExceptionHandler$uncaughtException 行:43
        ( 3107): android.content.res.Resources$NotFoundException: String resource ID #0x7f0a007c
E/com.fiship.ott.transport.util.GlobalExceptionHandler$uncaughtException 行:43
        ( 3107):        at android.content.res.Resources.getText(Resources.java:247)
E/com.fiship.ott.transport.util.GlobalExceptionHandler$uncaughtException 行:43
        ( 3107):        at android.content.res.Resources.getString(Resources.java:331)
E/com.fiship.ott.transport.util.GlobalExceptionHandler$uncaughtException 行:43
        ( 3107):        at android.content.Context.getString(Context.java:282)
E/com.fiship.ott.transport.util.GlobalExceptionHandler$uncaughtException 行:43
        ( 3107):        at com.fiship.media.ProgramDetailActivity.updatMovieDetailUI(ProgramDetailActivity.java:633)
E/com.fiship.ott.transport.util.GlobalExceptionHandler$uncaughtException 行:43
        ( 3107):        at com.fiship.media.ProgramDetailActivity.access$000(ProgramDetailActivity.java:68)
E/com.fiship.ott.transport.util.GlobalExceptionHandler$uncaughtException 行:43
        ( 3107):        at com.fiship.media.ProgramDetailActivity$1.handleMessage(ProgramDetailActivity.java:193)
E/com.fiship.ott.transport.util.GlobalExceptionHandler$uncaughtException 行:43
        ( 3107):        at android.os.Handler.dispatchMessage(Handler.java:99)
E/com.fiship.ott.transport.util.GlobalExceptionHandler$uncaughtException 行:43
        ( 3107):        at android.os.Looper.loop(Looper.java:137)
E/com.fiship.ott.transport.util.GlobalExceptionHandler$uncaughtException 行:43
        ( 3107):        at android.app.ActivityThread.main(ActivityThread.java:4424)
E/com.fiship.ott.transport.util.GlobalExceptionHandler$uncaughtException 行:43
        ( 3107):        at java.lang.reflect.Method.invokeNative(Native Method)
E/com.fiship.ott.transport.util.GlobalExceptionHandler$uncaughtException 行:43
        ( 3107):        at java.lang.reflect.Method.invoke(Method.java:511)
E/com.fiship.ott.transport.util.GlobalExceptionHandler$uncaughtException 行:43
        ( 3107):        at com.android.internal.os.ZygoteInit$MethodAndArgsCaller.run(ZygoteInit.java:848)
E/com.fiship.ott.transport.util.GlobalExceptionHandler$uncaughtException 行:43
        ( 3107):        at com.android.internal.os.ZygoteInit.main(ZygoteInit.java:575)
E/com.fiship.ott.transport.util.GlobalExceptionHandler$uncaughtException 行:43
        ( 3107):        at dalvik.system.NativeStart.main(Native Method)
I/ActivityManager(  989): Process com.fiship.media (pid 3107) has died.
I/WindowManager(  989): WIN DEATH: Window{41850ca0 com.fiship.media/com.fiship.media.ProgramDetailActivity paused=false}
W/ActivityManager(  989): Force removing ActivityRecord{4160c370 com.fiship.media/.ProgramDetailActivity}: app died, no saved state
W/InputManagerService(  989): Got RemoteException sending setActive(false) notification to pid 3107 uid 10012
I/MainActivity( 2914):  onResume
D/dalvikvm( 1155): GC_CONCURRENT freed 490K, 77% free 1378K/5955K, paused 16ms+1ms
D/dalvikvm( 1155): GC_CONCURRENT freed 462K, 77% free 1381K/5955K, paused 1ms+1ms
D/dalvikvm( 1155): GC_CONCURRENT freed 458K, 77% free 1381K/5955K, paused 1ms+1ms
D/dalvikvm( 1155): GC_CONCURRENT freed 449K, 77% free 1427K/5955K, paused 1ms+1ms
D/dalvikvm( 1155): GC_CONCURRENT freed 513K, 78% free 1322K/5955K, paused 0ms+1ms
D/dalvikvm( 1155): GC_CONCURRENT freed 395K, 78% free 1321K/5955K, paused 1ms+1ms
D/dalvikvm( 1155): GC_CONCURRENT freed 404K, 77% free 1425K/5955K, paused 1ms+1ms
D/dalvikvm( 1155): GC_CONCURRENT freed 490K, 76% free 1445K/5955K, paused 1ms+1ms
D/dalvikvm( 1155): GC_CONCURRENT freed 514K, 78% free 1328K/5955K, paused 1ms+1ms
V/RootManagerImpl( 2914): onFocusChange false
V/RootManagerImpl( 2914): onFocusChange true
D/ScaleViewPanel( 2914): dispatchDraw
D/dalvikvm( 1155): GC_CONCURRENT freed 404K, 76% free 1433K/5955K, paused 1ms+1ms
D/ScaleViewPanel( 2914): dispatchDraw
D/dalvikvm( 1155): GC_CONCURRENT freed 517K, 77% free 1376K/5955K, paused 1ms+1ms
D/InputEventConsistencyVerifier( 2914): KeyEvent: ACTION_UP but key was not down.
D/InputEventConsistencyVerifier( 2914):   in com.fiship.cibn.view.ScaleViewPanel@41823798
D/InputEventConsistencyVerifier( 2914):   0: sent at 2408964000000, KeyEvent { action=ACTION_UP, keyCode=KEYCODE_DPAD_DOWN, scanCode=108, metaState=0, flags=0x8, repeatCount=0, eventTime=2408964, downTime=2408753, deviceId=1, source=0x101 }
D/ScaleViewPanel( 2914): dispatchDraw
D/dalvikvm( 1155): GC_CONCURRENT freed 448K, 78% free 1368K/5955K, paused 1ms+1ms
D/RecommondAgency( 2914): 13566
V/RecommondAgency( 2914): resourceCode : 13566
I/ActivityManager(  989): START {act=com.fiship.media.programDetail cmp=com.fiship.media/.ProgramDetailActivity (has extras)} from pid 2914
I/ActivityManager(  989): Start proc com.fiship.media for activity com.fiship.media/.ProgramDetailActivity: pid=3136 uid=10012 gids={3003, 1015}
W/MountService(  989): getVolumeState(/mnt/sdcard): Unknown volume
D/com.fiship.media.FeiApplication$1$run 行:64
        ( 3136): Remove outdated log file
D/ProgramDetailActivity( 3136): -- onCreate --
D/dalvikvm( 3136): GC_FOR_ALLOC freed 225K, 43% free 6725K/11651K, paused 34ms
I/dalvikvm-heap( 3136): Grow heap (frag case) to 13.683MB for 3686416-byte allocation
D/dalvikvm( 3136): GC_CONCURRENT freed 2K, 33% free 10323K/15299K, paused 3ms+6ms
D/dalvikvm( 3136): GC_FOR_ALLOC freed 12K, 32% free 10737K/15683K, paused 25ms
I/dalvikvm-heap( 3136): Grow heap (frag case) to 15.643MB for 1633296-byte allocation
D/dalvikvm( 3136): GC_FOR_ALLOC freed <1K, 29% free 12331K/17283K, paused 25ms
W/ResourceType( 3136): Failure getting entry for 0x7f0a008e (t=9 e=142) in package 0 (error -75)
W/Resources( 3136): Converting to string: TypedValue{t=0x1/d=0x7f0a008e a=-1 r=0x7f0a008e}
I/Process (  989): Sending signal. PID: 3136 SIG: 3
I/dalvikvm( 3136): threadid=3: reacting to signal 3
I/dalvikvm( 3136): Wrote stack traces to '/data/anr/traces.txt'
D/ProgramDetailActivity( 3136): start load program details.
D/ProgramDetailActivity( 3136): -- onResume --
D/Test    ( 3136): request Url  :http://cibn-iepg.coship.com:8088/msis/getAssetListByPackageCode?zip=1&version=V001&terminalType=1&resolution=1280*720&resourceCode=13566&userCode=80007&authKey=64a546cc38cca685ae36b8e2fc695b5b
D/ProgramDetailActivity( 3136): start load program details.
D/libEGL  ( 3136): loaded /system/lib/egl/libGLES_android.so
D/libEGL  ( 3136): loaded /system/lib/egl/libEGL_mali.so
D/libEGL  ( 3136): loaded /system/lib/egl/libGLESv1_CM_mali.so
D/libEGL  ( 3136): loaded /system/lib/egl/libGLESv2_mali.so
D/OpenGLRenderer( 3136): Enabling debug mode 0
W/InputManagerService(  989): Starting input on non-focused client com.android.internal.view.IInputMethodClient$Stub$Proxy@416a44e8 (uid=10011 pid=2914)
I/ActivityManager(  989): Displayed com.fiship.media/.ProgramDetailActivity: +933ms
D/dalvikvm( 3136): GC_CONCURRENT freed 696K, 25% free 13604K/18051K, paused 4ms+5ms
E/StrictMode( 3136): A resource was acquired at attached stack trace but never released. See java.io.Closeable for information on avoiding resource leaks.
E/StrictMode( 3136): java.lang.Throwable: Explicit termination method 'end' not called
E/StrictMode( 3136):    at dalvik.system.CloseGuard.open(CloseGuard.java:184)
E/StrictMode( 3136):    at java.util.zip.Inflater.<init>(Inflater.java:82)
E/StrictMode( 3136):    at java.util.zip.GZIPInputStream.<init>(GZIPInputStream.java:96)
E/StrictMode( 3136):    at java.util.zip.GZIPInputStream.<init>(GZIPInputStream.java:81)
E/StrictMode( 3136):    at com.fiship.media.common.JsonCompress.unCompress(JsonCompress.java:62)
E/StrictMode( 3136):    at com.fiship.ott.transport.action.VodAction.getAssetListByPackageCode(VodAction.java:541)
E/StrictMode( 3136):    at com.fiship.media.ProgramDetailActivity$9.doInBackground(ProgramDetailActivity.java:1245)
E/StrictMode( 3136):    at com.fiship.media.ProgramDetailActivity$9.doInBackground(ProgramDetailActivity.java:1240)
E/StrictMode( 3136):    at android.os.AsyncTask$2.call(AsyncTask.java:264)
E/StrictMode( 3136):    at java.util.concurrent.FutureTask$Sync.innerRun(FutureTask.java:305)
E/StrictMode( 3136):    at java.util.concurrent.FutureTask.run(FutureTask.java:137)
E/StrictMode( 3136):    at android.os.AsyncTask$SerialExecutor$1.run(AsyncTask.java:208)
E/StrictMode( 3136):    at java.util.concurrent.ThreadPoolExecutor.runWorker(ThreadPoolExecutor.java:1076)
E/StrictMode( 3136):    at java.util.concurrent.ThreadPoolExecutor$Worker.run(ThreadPoolExecutor.java:569)
E/StrictMode( 3136):    at java.lang.Thread.run(Thread.java:856)
I/System.out( 3136): .................................>>>531
D/Test    ( 3136): request Url  :http://cibn-iepg.coship.com:8088/msis/getAssetDetail?version=V001&terminalType=1&resolution=1280*720&resourceCode=13566&userCode=80007&authKey=754e078b176fb79e96af8d6ea0b314d1
I/ProgramDetailActivity( 3136): movie count:1
D/Test    ( 3136): request Url  :http://cibn-iepg.coship.com:8088/iuc/getBookMark?version=V001&terminalType=1&resolution=1280*720&userCode=80007&userName=80007&ResourceCode=13566&authKey=2709f0d8412e9a9d8be44465a36b87e6
W/ResourceType( 3136): Failure getting entry for 0x7f0a007c (t=9 e=124) in package 0 (error -75)
D/AndroidRuntime( 3136): Shutting down VM
W/dalvikvm( 3136): threadid=1: thread exiting with uncaught exception (group=0x40fa81f8)
E/com.fiship.ott.transport.util.GlobalExceptionHandler$uncaughtException 行:43
        ( 3136): android.content.res.Resources$NotFoundException: String resource ID #0x7f0a007c
E/com.fiship.ott.transport.util.GlobalExceptionHandler$uncaughtException 行:43
        ( 3136):        at android.content.res.Resources.getText(Resources.java:247)
E/com.fiship.ott.transport.util.GlobalExceptionHandler$uncaughtException 行:43
        ( 3136):        at android.content.res.Resources.getString(Resources.java:331)
E/com.fiship.ott.transport.util.GlobalExceptionHandler$uncaughtException 行:43
        ( 3136):        at android.content.Context.getString(Context.java:282)
E/com.fiship.ott.transport.util.GlobalExceptionHandler$uncaughtException 行:43
        ( 3136):        at com.fiship.media.ProgramDetailActivity.updatMovieDetailUI(ProgramDetailActivity.java:633)
E/com.fiship.ott.transport.util.GlobalExceptionHandler$uncaughtException 行:43
        ( 3136):        at com.fiship.media.ProgramDetailActivity.access$000(ProgramDetailActivity.java:68)
E/com.fiship.ott.transport.util.GlobalExceptionHandler$uncaughtException 行:43
        ( 3136):        at com.fiship.media.ProgramDetailActivity$1.handleMessage(ProgramDetailActivity.java:193)
E/com.fiship.ott.transport.util.GlobalExceptionHandler$uncaughtException 行:43
        ( 3136):        at android.os.Handler.dispatchMessage(Handler.java:99)
E/com.fiship.ott.transport.util.GlobalExceptionHandler$uncaughtException 行:43
        ( 3136):        at android.os.Looper.loop(Looper.java:137)
E/com.fiship.ott.transport.util.GlobalExceptionHandler$uncaughtException 行:43
        ( 3136):        at android.app.ActivityThread.main(ActivityThread.java:4424)
E/com.fiship.ott.transport.util.GlobalExceptionHandler$uncaughtException 行:43
        ( 3136):        at java.lang.reflect.Method.invokeNative(Native Method)
E/com.fiship.ott.transport.util.GlobalExceptionHandler$uncaughtException 行:43
        ( 3136):        at java.lang.reflect.Method.invoke(Method.java:511)
E/com.fiship.ott.transport.util.GlobalExceptionHandler$uncaughtException 行:43
        ( 3136):        at com.android.internal.os.ZygoteInit$MethodAndArgsCaller.run(ZygoteInit.java:848)
E/com.fiship.ott.transport.util.GlobalExceptionHandler$uncaughtException 行:43
        ( 3136):        at com.android.internal.os.ZygoteInit.main(ZygoteInit.java:575)
E/com.fiship.ott.transport.util.GlobalExceptionHandler$uncaughtException 行:43
        ( 3136):        at dalvik.system.NativeStart.main(Native Method)
I/WindowManager(  989): WIN DEATH: Window{415e3598 com.fiship.media/com.fiship.media.ProgramDetailActivity paused=false}
I/ActivityManager(  989): Process com.fiship.media (pid 3136) has died.
W/ActivityManager(  989): Force removing ActivityRecord{4160c618 com.fiship.media/.ProgramDetailActivity}: app died, no saved state
W/InputManagerService(  989): Got RemoteException sending setActive(false) notification to pid 3136 uid 10012
I/MainActivity( 2914):  onResume
D/dalvikvm( 1155): GC_CONCURRENT freed 441K, 75% free 1532K/5955K, paused 1ms+1ms
D/HomePlayerLib( 1155): hostaddress count is 2
D/dalvikvm( 1155): GC_CONCURRENT freed 590K, 76% free 1453K/5955K, paused 1ms+1ms
D/dalvikvm( 1155): GC_CONCURRENT freed 534K, 77% free 1426K/5955K, paused 1ms+2ms
D/dalvikvm( 1155): GC_CONCURRENT freed 498K, 78% free 1343K/5955K, paused 1ms+1ms
D/dalvikvm( 1155): GC_CONCURRENT freed 427K, 78% free 1350K/5955K, paused 1ms+2ms
D/dalvikvm( 1155): GC_CONCURRENT freed 435K, 78% free 1324K/5955K, paused 1ms+1ms
D/dalvikvm( 1155): GC_CONCURRENT freed 387K, 78% free 1339K/5955K, paused 1ms+1ms
D/dalvikvm( 1155): GC_CONCURRENT freed 415K, 79% free 1309K/5955K, paused 1ms+2ms
D/dalvikvm( 1155): GC_CONCURRENT freed 376K, 78% free 1324K/5955K, paused 1ms+1ms
D/dalvikvm( 1155): GC_CONCURRENT freed 391K, 78% free 1326K/5955K, paused 1ms+1ms
D/dalvikvm( 1155): GC_CONCURRENT freed 393K, 78% free 1326K/5955K, paused 1ms+1ms
D/dalvikvm( 1155): GC_CONCURRENT freed 412K, 79% free 1298K/5955K, paused 1ms+1ms
D/dalvikvm( 1155): GC_CONCURRENT freed 369K, 78% free 1324K/5955K, paused 1ms+1ms
D/dalvikvm( 1155): GC_CONCURRENT freed 393K, 78% free 1323K/5955K, paused 1ms+1ms
D/dalvikvm( 1155): GC_CONCURRENT freed 391K, 78% free 1325K/5955K, paused 1ms+2ms
D/dalvikvm( 1155): GC_CONCURRENT freed 392K, 78% free 1325K/5955K, paused 1ms+1ms
D/dalvikvm( 1155): GC_CONCURRENT freed 393K, 76% free 1430K/5955K, paused 1ms+1ms
D/dalvikvm( 1155): GC_CONCURRENT freed 511K, 79% free 1303K/5955K, paused 1ms+1ms
D/dalvikvm( 1155): GC_CONCURRENT freed 380K, 78% free 1335K/5955K, paused 1ms+1ms
D/dalvikvm( 1155): GC_CONCURRENT freed 410K, 78% free 1321K/5955K, paused 1ms+1ms
D/dalvikvm( 1155): GC_CONCURRENT freed 392K, 78% free 1321K/5955K, paused 0ms+1ms
D/dalvikvm( 1155): GC_CONCURRENT freed 392K, 78% free 1320K/5955K, paused 1ms+3ms
D/dalvikvm( 1155): GC_CONCURRENT freed 393K, 77% free 1427K/5955K, paused 1ms+1ms
D/dalvikvm( 1155): GC_CONCURRENT freed 512K, 79% free 1304K/5955K, paused 1ms+1ms
D/dalvikvm( 1155): GC_CONCURRENT freed 377K, 78% free 1320K/5955K, paused 1ms+1ms
D/dalvikvm( 1155): GC_CONCURRENT freed 395K, 77% free 1404K/5955K, paused 1ms+1ms
D/dalvikvm( 1155): GC_CONCURRENT freed 473K, 78% free 1322K/5955K, paused 0ms+1ms
D/dalvikvm( 1155): GC_CONCURRENT freed 394K, 78% free 1321K/5955K, paused 1ms+2ms
D/dalvikvm( 1155): GC_CONCURRENT freed 393K, 78% free 1321K/5955K, paused 1ms+1ms
D/dalvikvm( 1155): GC_CONCURRENT freed 392K, 78% free 1326K/5955K, paused 1ms+1ms
D/dalvikvm( 1155): GC_CONCURRENT freed 403K, 76% free 1434K/5955K, paused 1ms+2ms
D/dalvikvm( 1155): GC_CONCURRENT freed 517K, 77% free 1424K/5955K, paused 1ms+1ms
D/dalvikvm( 1155): GC_CONCURRENT freed 488K, 78% free 1322K/5955K, paused 1ms+1ms
D/dalvikvm( 1155): GC_CONCURRENT freed 404K, 77% free 1425K/5955K, paused 1ms+1ms
D/dalvikvm( 1155): GC_CONCURRENT freed 489K, 78% free 1322K/5955K, paused 1ms+1ms
D/dalvikvm( 1155): GC_CONCURRENT freed 394K, 78% free 1321K/5955K, paused 1ms+1ms
D/RecommondAgency( 2914): 13566
V/RecommondAgency( 2914): resourceCode : 13566
I/ActivityManager(  989): START {act=com.fiship.media.programDetail cmp=com.fiship.media/.ProgramDetailActivity (has extras)} from pid 2914
I/ActivityManager(  989): Start proc com.fiship.media for activity com.fiship.media/.ProgramDetailActivity: pid=3167 uid=10012 gids={3003, 1015}
W/MountService(  989): getVolumeState(/mnt/sdcard): Unknown volume
D/com.fiship.media.FeiApplication$1$run 行:64
        ( 3167): Remove outdated log file
D/dalvikvm( 1155): GC_CONCURRENT freed 393K, 77% free 1408K/5955K, paused 1ms+1ms
D/ProgramDetailActivity( 3167): -- onCreate --
D/dalvikvm( 3167): GC_FOR_ALLOC freed 229K, 43% free 6725K/11651K, paused 31ms
I/dalvikvm-heap( 3167): Grow heap (frag case) to 13.683MB for 3686416-byte allocation
D/dalvikvm( 3167): GC_CONCURRENT freed 1K, 33% free 10323K/15299K, paused 2ms+3ms
D/dalvikvm( 3167): GC_FOR_ALLOC freed 12K, 32% free 10736K/15683K, paused 28ms
I/dalvikvm-heap( 3167): Grow heap (frag case) to 15.642MB for 1633296-byte allocation
D/dalvikvm( 1155): GC_CONCURRENT freed 485K, 77% free 1420K/5955K, paused 1ms+1ms
D/dalvikvm( 3167): GC_FOR_ALLOC freed <1K, 29% free 12331K/17283K, paused 26ms
W/ResourceType( 3167): Failure getting entry for 0x7f0a008e (t=9 e=142) in package 0 (error -75)
W/Resources( 3167): Converting to string: TypedValue{t=0x1/d=0x7f0a008e a=-1 r=0x7f0a008e}
I/Process (  989): Sending signal. PID: 3167 SIG: 3
I/dalvikvm( 3167): threadid=3: reacting to signal 3
I/dalvikvm( 3167): Wrote stack traces to '/data/anr/traces.txt'
D/dalvikvm( 1155): GC_CONCURRENT freed 489K, 78% free 1322K/5955K, paused 1ms+2ms
D/ProgramDetailActivity( 3167): start load program details.
D/ProgramDetailActivity( 3167): -- onResume --
D/Test    ( 3167): request Url  :http://cibn-iepg.coship.com:8088/msis/getAssetListByPackageCode?zip=1&version=V001&terminalType=1&resolution=1280*720&resourceCode=13566&userCode=80007&authKey=64a546cc38cca685ae36b8e2fc695b5b
D/ProgramDetailActivity( 3167): start load program details.
D/dalvikvm( 1155): GC_CONCURRENT freed 393K, 77% free 1404K/5955K, paused 2ms+1ms
D/libEGL  ( 3167): loaded /system/lib/egl/libGLES_android.so
D/libEGL  ( 3167): loaded /system/lib/egl/libEGL_mali.so
D/libEGL  ( 3167): loaded /system/lib/egl/libGLESv1_CM_mali.so
D/libEGL  ( 3167): loaded /system/lib/egl/libGLESv2_mali.so
D/OpenGLRenderer( 3167): Enabling debug mode 0
W/InputManagerService(  989): Starting input on non-focused client com.android.internal.view.IInputMethodClient$Stub$Proxy@416a44e8 (uid=10011 pid=2914)
D/dalvikvm( 1155): GC_CONCURRENT freed 474K, 78% free 1327K/5955K, paused 1ms+1ms
I/ActivityManager(  989): Displayed com.fiship.media/.ProgramDetailActivity: +950ms
D/dalvikvm( 3167): GC_CONCURRENT freed 696K, 25% free 13615K/18051K, paused 3ms+6ms
E/StrictMode( 3167): A resource was acquired at attached stack trace but never released. See java.io.Closeable for information on avoiding resource leaks.
E/StrictMode( 3167): java.lang.Throwable: Explicit termination method 'end' not called
E/StrictMode( 3167):    at dalvik.system.CloseGuard.open(CloseGuard.java:184)
E/StrictMode( 3167):    at java.util.zip.Inflater.<init>(Inflater.java:82)
E/StrictMode( 3167):    at java.util.zip.GZIPInputStream.<init>(GZIPInputStream.java:96)
E/StrictMode( 3167):    at java.util.zip.GZIPInputStream.<init>(GZIPInputStream.java:81)
E/StrictMode( 3167):    at com.fiship.media.common.JsonCompress.unCompress(JsonCompress.java:62)
E/StrictMode( 3167):    at com.fiship.ott.transport.action.VodAction.getAssetListByPackageCode(VodAction.java:541)
E/StrictMode( 3167):    at com.fiship.media.ProgramDetailActivity$9.doInBackground(ProgramDetailActivity.java:1245)
E/StrictMode( 3167):    at com.fiship.media.ProgramDetailActivity$9.doInBackground(ProgramDetailActivity.java:1240)
E/StrictMode( 3167):    at android.os.AsyncTask$2.call(AsyncTask.java:264)
E/StrictMode( 3167):    at java.util.concurrent.FutureTask$Sync.innerRun(FutureTask.java:305)
E/StrictMode( 3167):    at java.util.concurrent.FutureTask.run(FutureTask.java:137)
E/StrictMode( 3167):    at android.os.AsyncTask$SerialExecutor$1.run(AsyncTask.java:208)
E/StrictMode( 3167):    at java.util.concurrent.ThreadPoolExecutor.runWorker(ThreadPoolExecutor.java:1076)
E/StrictMode( 3167):    at java.util.concurrent.ThreadPoolExecutor$Worker.run(ThreadPoolExecutor.java:569)
E/StrictMode( 3167):    at java.lang.Thread.run(Thread.java:856)
D/dalvikvm( 1155): GC_CONCURRENT freed 405K, 77% free 1418K/5955K, paused 2ms+1ms
I/System.out( 3167): .................................>>>638
D/Test    ( 3167): request Url  :http://cibn-iepg.coship.com:8088/msis/getAssetDetail?version=V001&terminalType=1&resolution=1280*720&resourceCode=13566&userCode=80007&authKey=754e078b176fb79e96af8d6ea0b314d1
D/dalvikvm( 1155): GC_CONCURRENT freed 490K, 77% free 1428K/5955K, paused 1ms+1ms
I/ProgramDetailActivity( 3167): movie count:1
D/Test    ( 3167): request Url  :http://cibn-iepg.coship.com:8088/iuc/getBookMark?version=V001&terminalType=1&resolution=1280*720&userCode=80007&userName=80007&ResourceCode=13566&authKey=2709f0d8412e9a9d8be44465a36b87e6
W/ResourceType( 3167): Failure getting entry for 0x7f0a007c (t=9 e=124) in package 0 (error -75)
D/AndroidRuntime( 3167): Shutting down VM
W/dalvikvm( 3167): threadid=1: thread exiting with uncaught exception (group=0x40fa81f8)
E/com.fiship.ott.transport.util.GlobalExceptionHandler$uncaughtException 行:43
        ( 3167): android.content.res.Resources$NotFoundException: String resource ID #0x7f0a007c
E/com.fiship.ott.transport.util.GlobalExceptionHandler$uncaughtException 行:43
        ( 3167):        at android.content.res.Resources.getText(Resources.java:247)
E/com.fiship.ott.transport.util.GlobalExceptionHandler$uncaughtException 行:43
        ( 3167):        at android.content.res.Resources.getString(Resources.java:331)
E/com.fiship.ott.transport.util.GlobalExceptionHandler$uncaughtException 行:43
        ( 3167):        at android.content.Context.getString(Context.java:282)
E/com.fiship.ott.transport.util.GlobalExceptionHandler$uncaughtException 行:43
        ( 3167):        at com.fiship.media.ProgramDetailActivity.updatMovieDetailUI(ProgramDetailActivity.java:633)
E/com.fiship.ott.transport.util.GlobalExceptionHandler$uncaughtException 行:43
        ( 3167):        at com.fiship.media.ProgramDetailActivity.access$000(ProgramDetailActivity.java:68)
E/com.fiship.ott.transport.util.GlobalExceptionHandler$uncaughtException 行:43
        ( 3167):        at com.fiship.media.ProgramDetailActivity$1.handleMessage(ProgramDetailActivity.java:193)
E/com.fiship.ott.transport.util.GlobalExceptionHandler$uncaughtException 行:43
        ( 3167):        at android.os.Handler.dispatchMessage(Handler.java:99)
E/com.fiship.ott.transport.util.GlobalExceptionHandler$uncaughtException 行:43
        ( 3167):        at android.os.Looper.loop(Looper.java:137)
E/com.fiship.ott.transport.util.GlobalExceptionHandler$uncaughtException 行:43
        ( 3167):        at android.app.ActivityThread.main(ActivityThread.java:4424)
E/com.fiship.ott.transport.util.GlobalExceptionHandler$uncaughtException 行:43
        ( 3167):        at java.lang.reflect.Method.invokeNative(Native Method)
E/com.fiship.ott.transport.util.GlobalExceptionHandler$uncaughtException 行:43
        ( 3167):        at java.lang.reflect.Method.invoke(Method.java:511)
E/com.fiship.ott.transport.util.GlobalExceptionHandler$uncaughtException 行:43
        ( 3167):        at com.android.internal.os.ZygoteInit$MethodAndArgsCaller.run(ZygoteInit.java:848)
E/com.fiship.ott.transport.util.GlobalExceptionHandler$uncaughtException 行:43
        ( 3167):        at com.android.internal.os.ZygoteInit.main(ZygoteInit.java:575)
E/com.fiship.ott.transport.util.GlobalExceptionHandler$uncaughtException 行:43
        ( 3167):        at dalvik.system.NativeStart.main(Native Method)
I/WindowManager(  989): WIN DEATH: Window{41732b48 com.fiship.media/com.fiship.media.ProgramDetailActivity paused=false}
I/ActivityManager(  989): Process com.fiship.media (pid 3167) has died.
W/ActivityManager(  989): Force removing ActivityRecord{4160d1f0 com.fiship.media/.ProgramDetailActivity}: app died, no saved state
I/MainActivity( 2914):  onResume
W/InputManagerService(  989): Got RemoteException sending setActive(false) notification to pid 3167 uid 10012

[ 2422.523561] IR: [03932] scan key value is 0xeb14c936 
[ 2422.523565]  V/RootManagerImpl( 2914): onFocusChange false
V/RootManagerImpl( 2914): onFocusChange true
D/ScaleViewPanel( 2914): dispatchDraw
D/ScaleViewPanel( 2914): dispatchDraw

[ 2422.576023] IR: [03932] scan key value is 0xeb14c936 
[ 2422.576028]  D/ScaleViewPanel( 2914): dispatchDraw
D/InputEventConsistencyVerifier( 2914): KeyEvent: ACTION_UP but key was not down.
D/InputEventConsistencyVerifier( 2914):   in com.fiship.cibn.view.ScaleViewPanel@41824ab0
D/InputEventConsistencyVerifier( 2914):   0: sent at 2422740000000, KeyEvent { action=ACTION_UP, keyCode=KEYCODE_DPAD_RIGHT, scanCode=106, metaState=0, flags=0x8, repeatCount=0, eventTime=2422740, downTime=2422529, deviceId=1, source=0x101 }

[ 2423.105531] IR: [03932] scan key value is 0xec13c936 
[ 2423.105536]  
[ 2423.157982] IR: [03932] scan key value is 0xec13c936 
[ 2423.157987]  D/RecommondAgency( 2914): 13608
V/RecommondAgency( 2914): resourceCode : 13608
I/ActivityManager(  989): START {act=com.fiship.media.programDetail cmp=com.fiship.media/.ProgramDetailActivity (has extras)} from pid 2914
I/ActivityManager(  989): Start proc com.fiship.media for activity com.fiship.media/.ProgramDetailActivity: pid=3195 uid=10012 gids={3003, 1015}
W/MountService(  989): getVolumeState(/mnt/sdcard): Unknown volume
D/com.fiship.media.FeiApplication$1$run 行:64
        ( 3195): Remove outdated log file
D/ProgramDetailActivity( 3195): -- onCreate --
D/dalvikvm( 3195): GC_FOR_ALLOC freed 232K, 43% free 6724K/11651K, paused 30ms
I/dalvikvm-heap( 3195): Grow heap (frag case) to 13.682MB for 3686416-byte allocation
D/dalvikvm( 3195): GC_CONCURRENT freed 1K, 33% free 10322K/15299K, paused 2ms+15ms
D/dalvikvm( 3195): GC_FOR_ALLOC freed 12K, 32% free 10736K/15683K, paused 25ms
I/dalvikvm-heap( 3195): Grow heap (frag case) to 15.642MB for 1633296-byte allocation
D/dalvikvm( 3195): GC_FOR_ALLOC freed <1K, 29% free 12330K/17283K, paused 25ms
W/ResourceType( 3195): Failure getting entry for 0x7f0a008e (t=9 e=142) in package 0 (error -75)
W/Resources( 3195): Converting to string: TypedValue{t=0x1/d=0x7f0a008e a=-1 r=0x7f0a008e}
I/Process (  989): Sending signal. PID: 3195 SIG: 3
I/dalvikvm( 3195): threadid=3: reacting to signal 3
I/dalvikvm( 3195): Wrote stack traces to '/data/anr/traces.txt'
D/ProgramDetailActivity( 3195): start load program details.
D/ProgramDetailActivity( 3195): -- onResume --
D/ProgramDetailActivity( 3195): start load program details.
D/Test    ( 3195): request Url  :http://cibn-iepg.coship.com:8088/msis/getAssetListByPackageCode?zip=1&version=V001&terminalType=1&resolution=1280*720&resourceCode=13608&userCode=80007&authKey=1dd0faa4d31039abbf254beec2bc7a5f
D/libEGL  ( 3195): loaded /system/lib/egl/libGLES_android.so
D/libEGL  ( 3195): loaded /system/lib/egl/libEGL_mali.so
D/libEGL  ( 3195): loaded /system/lib/egl/libGLESv1_CM_mali.so
D/libEGL  ( 3195): loaded /system/lib/egl/libGLESv2_mali.so
D/OpenGLRenderer( 3195): Enabling debug mode 0
W/InputManagerService(  989): Starting input on non-focused client com.android.internal.view.IInputMethodClient$Stub$Proxy@416a44e8 (uid=10011 pid=2914)
I/ActivityManager(  989): Displayed com.fiship.media/.ProgramDetailActivity: +923ms
D/dalvikvm( 3195): GC_CONCURRENT freed 696K, 25% free 13604K/18051K, paused 2ms+4ms
E/StrictMode( 3195): A resource was acquired at attached stack trace but never released. See java.io.Closeable for information on avoiding resource leaks.
E/StrictMode( 3195): java.lang.Throwable: Explicit termination method 'end' not called
E/StrictMode( 3195):    at dalvik.system.CloseGuard.open(CloseGuard.java:184)
E/StrictMode( 3195):    at java.util.zip.Inflater.<init>(Inflater.java:82)
E/StrictMode( 3195):    at java.util.zip.GZIPInputStream.<init>(GZIPInputStream.java:96)
E/StrictMode( 3195):    at java.util.zip.GZIPInputStream.<init>(GZIPInputStream.java:81)
E/StrictMode( 3195):    at com.fiship.media.common.JsonCompress.unCompress(JsonCompress.java:62)
E/StrictMode( 3195):    at com.fiship.ott.transport.action.VodAction.getAssetListByPackageCode(VodAction.java:541)
E/StrictMode( 3195):    at com.fiship.media.ProgramDetailActivity$9.doInBackground(ProgramDetailActivity.java:1245)
E/StrictMode( 3195):    at com.fiship.media.ProgramDetailActivity$9.doInBackground(ProgramDetailActivity.java:1240)
E/StrictMode( 3195):    at android.os.AsyncTask$2.call(AsyncTask.java:264)
E/StrictMode( 3195):    at java.util.concurrent.FutureTask$Sync.innerRun(FutureTask.java:305)
E/StrictMode( 3195):    at java.util.concurrent.FutureTask.run(FutureTask.java:137)
E/StrictMode( 3195):    at android.os.AsyncTask$SerialExecutor$1.run(AsyncTask.java:208)
E/StrictMode( 3195):    at java.util.concurrent.ThreadPoolExecutor.runWorker(ThreadPoolExecutor.java:1076)
E/StrictMode( 3195):    at java.util.concurrent.ThreadPoolExecutor$Worker.run(ThreadPoolExecutor.java:569)
E/StrictMode( 3195):    at java.lang.Thread.run(Thread.java:856)
I/System.out( 3195): .................................>>>566
D/Test    ( 3195): request Url  :http://cibn-iepg.coship.com:8088/msis/getAssetDetail?version=V001&terminalType=1&resolution=1280*720&resourceCode=13608&userCode=80007&authKey=d6f57d91f125603afe7cf0adcd88891d
D/HomePlayerLib( 1155): hostaddress count is 2
D/dalvikvm( 1155): GC_CONCURRENT freed 498K, 76% free 1433K/5955K, paused 1ms+1ms
I/ProgramDetailActivity( 3195): movie count:1
W/ResourceType( 3195): Failure getting entry for 0x7f0a007c (t=9 e=124) in package 0 (error -75)
D/AndroidRuntime( 3195): Shutting down VM
W/dalvikvm( 3195): threadid=1: thread exiting with uncaught exception (group=0x40fa81f8)
D/Test    ( 3195): request Url  :http://cibn-iepg.coship.com:8088/iuc/getBookMark?version=V001&terminalType=1&resolution=1280*720&userCode=80007&userName=80007&ResourceCode=13608&authKey=f9f4d75439bb0f421639f2ee7423f3c0
E/com.fiship.ott.transport.util.GlobalExceptionHandler$uncaughtException 行:43
        ( 3195): android.content.res.Resources$NotFoundException: String resource ID #0x7f0a007c
E/com.fiship.ott.transport.util.GlobalExceptionHandler$uncaughtException 行:43
        ( 3195):        at android.content.res.Resources.getText(Resources.java:247)
E/com.fiship.ott.transport.util.GlobalExceptionHandler$uncaughtException 行:43
        ( 3195):        at android.content.res.Resources.getString(Resources.java:331)
E/com.fiship.ott.transport.util.GlobalExceptionHandler$uncaughtException 行:43
        ( 3195):        at android.content.Context.getString(Context.java:282)
E/com.fiship.ott.transport.util.GlobalExceptionHandler$uncaughtException 行:43
        ( 3195):        at com.fiship.media.ProgramDetailActivity.updatMovieDetailUI(ProgramDetailActivity.java:633)
E/com.fiship.ott.transport.util.GlobalExceptionHandler$uncaughtException 行:43
        ( 3195):        at com.fiship.media.ProgramDetailActivity.access$000(ProgramDetailActivity.java:68)
E/com.fiship.ott.transport.util.GlobalExceptionHandler$uncaughtException 行:43
        ( 3195):        at com.fiship.media.ProgramDetailActivity$1.handleMessage(ProgramDetailActivity.java:193)
E/com.fiship.ott.transport.util.GlobalExceptionHandler$uncaughtException 行:43
        ( 3195):        at android.os.Handler.dispatchMessage(Handler.java:99)
E/com.fiship.ott.transport.util.GlobalExceptionHandler$uncaughtException 行:43
        ( 3195):        at android.os.Looper.loop(Looper.java:137)
E/com.fiship.ott.transport.util.GlobalExceptionHandler$uncaughtException 行:43
        ( 3195):        at android.app.ActivityThread.main(ActivityThread.java:4424)
E/com.fiship.ott.transport.util.GlobalExceptionHandler$uncaughtException 行:43
        ( 3195):        at java.lang.reflect.Method.invokeNative(Native Method)
E/com.fiship.ott.transport.util.GlobalExceptionHandler$uncaughtException 行:43
        ( 3195):        at java.lang.reflect.Method.invoke(Method.java:511)
E/com.fiship.ott.transport.util.GlobalExceptionHandler$uncaughtException 行:43
        ( 3195):        at com.android.internal.os.ZygoteInit$MethodAndArgsCaller.run(ZygoteInit.java:848)
E/com.fiship.ott.transport.util.GlobalExceptionHandler$uncaughtException 行:43
        ( 3195):        at com.android.internal.os.ZygoteInit.main(ZygoteInit.java:575)
E/com.fiship.ott.transport.util.GlobalExceptionHandler$uncaughtException 行:43
        ( 3195):        at dalvik.system.NativeStart.main(Native Method)
I/WindowManager(  989): WIN DEATH: Window{41848528 com.fiship.media/com.fiship.media.ProgramDetailActivity paused=false}
I/ActivityManager(  989): Process com.fiship.media (pid 3195) has died.
W/ActivityManager(  989): Force removing ActivityRecord{416432b0 com.fiship.media/.ProgramDetailActivity}: app died, no saved state
W/InputManagerService(  989): Got RemoteException sending setActive(false) notification to pid 3195 uid 10012
I/MainActivity( 2914):  onResume
D/dalvikvm( 1155): GC_CONCURRENT freed 504K, 77% free 1401K/5955K, paused 4ms+2ms
D/dalvikvm( 1155): GC_CONCURRENT freed 485K, 78% free 1356K/5955K, paused 1ms+2ms
D/dalvikvm( 1155): GC_CONCURRENT freed 440K, 77% free 1410K/5955K, paused 1ms+2ms
D/dalvikvm( 1155): GC_CONCURRENT freed 491K, 77% free 1428K/5955K, paused 1ms+2ms
D/dalvikvm( 1155): GC_CONCURRENT freed 524K, 79% free 1304K/5955K, paused 1ms+1ms
D/dalvikvm( 1155): GC_CONCURRENT freed 385K, 78% free 1351K/5955K, paused 0ms+1ms
D/dalvikvm( 1155): GC_CONCURRENT freed 443K, 77% free 1425K/5955K, paused 0ms+1ms
D/dalvikvm( 1155): GC_CONCURRENT freed 510K, 77% free 1377K/5955K, paused 1ms+1ms
D/dalvikvm( 1155): GC_CONCURRENT freed 454K, 76% free 1434K/5955K, paused 1ms+1ms
D/dalvikvm( 1155): GC_CONCURRENT freed 494K, 78% free 1325K/5955K, paused 1ms+1ms
D/dalvikvm( 1155): GC_CONCURRENT freed 393K, 78% free 1323K/5955K, paused 0ms+1ms
D/dalvikvm( 1155): GC_CONCURRENT freed 391K, 77% free 1412K/5955K, paused 1ms+1ms
D/dalvikvm( 1155): GC_CONCURRENT freed 495K, 76% free 1453K/5955K, paused 1ms+1ms
D/dalvikvm( 1155): GC_CONCURRENT freed 518K, 77% free 1423K/5955K, paused 1ms+1ms
D/dalvikvm( 1155): GC_CONCURRENT freed 487K, 78% free 1329K/5955K, paused 1ms+1ms
D/dalvikvm( 1155): GC_CONCURRENT freed 407K, 76% free 1433K/5955K, paused 0ms+1ms

[ 2429.124670] IR: [03932] scan key value is 0xeb14c936 
[ 2429.124675]  V/RootManagerImpl( 2914): onFocusChange false
V/RootManagerImpl( 2914): onFocusChange true
D/ScaleViewPanel( 2914): dispatchDraw

[ 2429.177118] IR: [03932] scan key value is 0xeb14c936 
[ 2429.177122]  D/ScaleViewPanel( 2914): dispatchDraw
D/InputEventConsistencyVerifier( 2914): KeyEvent: ACTION_UP but key was not down.
D/InputEventConsistencyVerifier( 2914):   in com.fiship.cibn.view.ScaleViewPanel@41628b88
D/InputEventConsistencyVerifier( 2914):   0: sent at 2429344000000, KeyEvent { action=ACTION_UP, keyCode=KEYCODE_DPAD_RIGHT, scanCode=106, metaState=0, flags=0x8, repeatCount=0, eventTime=2429344, downTime=2429130, deviceId=1, source=0x101 }

[ 2429.831828] IR: [03932] scan key value is 0xec13c936 
[ 2429.831833]  
[ 2429.884267] IR: [03932] scan key value is 0xec13c936 
[ 2429.884271]  I/MainActivity( 2914): onClick -> 52029
I/MainActivity( 2914): catalogColumnID -> 51503
I/ActivityManager(  989): START {act=com.fiship.media.cataLog cmp=com.fiship.media/.SubCatalogListActivity (has extras)} from pid 2914
D/dalvikvm(  989): GC_FOR_ALLOC freed 1836K, 65% free 4148K/11715K, paused 40ms
I/dalvikvm-heap(  989): Grow heap (frag case) to 8.651MB for 1048592-byte allocation
D/dalvikvm(  989): GC_FOR_ALLOC freed 0K, 56% free 5172K/11715K, paused 36ms
D/dalvikvm(  989): GC_CONCURRENT freed 33K, 56% free 5202K/11715K, paused 2ms+4ms
V/MainActivity( 2914): 启动onlineMovice，用户为  ：null
V/MainActivity( 2914): userName = null ;passwd = null ; DiviceId = null
I/ActivityManager(  989): Start proc com.fiship.media for activity com.fiship.media/.SubCatalogListActivity: pid=3223 uid=10012 gids={3003, 1015}
D/dalvikvm(  742): GC_EXPLICIT freed 40K, 44% free 6574K/11651K, paused 4ms+4ms
D/OpenGLRenderer( 2914): Flushing caches (mode 1)
D/dalvikvm(  742): GC_EXPLICIT freed <1K, 44% free 6574K/11651K, paused 2ms+17ms
D/OpenGLRenderer( 2914): Flushing caches (mode 0)
D/dalvikvm(  742): GC_EXPLICIT freed <1K, 44% free 6574K/11651K, paused 7ms+3ms
W/MountService(  989): getVolumeState(/mnt/sdcard): Unknown volume
D/com.fiship.media.FeiApplication$1$run 行:64
        ( 3223): Remove outdated log file
D/SubCatalogListActivity( 3223): onCreate
D/SubCatalogListActivity( 3223): -- onCreate --
D/dalvikvm( 3223): GC_FOR_ALLOC freed 232K, 43% free 6723K/11651K, paused 36ms
I/dalvikvm-heap( 3223): Grow heap (frag case) to 13.681MB for 3686416-byte allocation
D/dalvikvm( 3223): GC_CONCURRENT freed 1K, 33% free 10321K/15299K, paused 2ms+5ms
D/FeiGridView( 3223): setSelectedPositionInt
D/FeiGridView( 3223): updateSelectedItemMetadata
D/FeiGridView( 3223): no focus change, exit.
E/1111    ( 3223): 11112:51503
D/SubCatalogListActivity( 3223): -- onResume --
D/Test    ( 3223): request Url  :http://cibn-iepg.coship.com:8088/msis/getCatalog?zip=1&version=V001&terminalType=1&resolution=1280*720&catalogType=2&userCode=80007&parentId=0&accessSource=5&authKey=d3bcf57eaa3cf05a9f9dc5d226843ce6
D/libEGL  ( 3223): loaded /system/lib/egl/libGLES_android.so
D/libEGL  ( 3223): loaded /system/lib/egl/libEGL_mali.so
D/libEGL  ( 3223): loaded /system/lib/egl/libGLESv1_CM_mali.so
D/libEGL  ( 3223): loaded /system/lib/egl/libGLESv2_mali.so
I/Process (  989): Sending signal. PID: 3223 SIG: 3
I/dalvikvm( 3223): threadid=3: reacting to signal 3
I/dalvikvm( 3223): Wrote stack traces to '/data/anr/traces.txt'
D/OpenGLRenderer( 3223): Enabling debug mode 0
D/FeiGridView( 3223): layout
D/FeiGridView( 3223): setSelectedPositionInt
D/FeiGridView( 3223): updateSelectedItemMetadata
D/FeiGridView( 3223): no focus change, exit.
W/InputManagerService(  989): Starting input on non-focused client com.android.internal.view.IInputMethodClient$Stub$Proxy@416a44e8 (uid=10011 pid=2914)
D/FeiGridView( 3223): layout
D/FeiGridView( 3223): setSelectedPositionInt
D/FeiGridView( 3223): updateSelectedItemMetadata
D/FeiGridView( 3223): no focus change, exit.
I/ActivityManager(  989): Displayed com.fiship.media/.SubCatalogListActivity: +725ms
D/dalvikvm( 1155): GC_CONCURRENT freed 516K, 77% free 1417K/5955K, paused 2ms+1ms
D/dalvikvm( 1155): GC_CONCURRENT freed 487K, 78% free 1327K/5955K, paused 1ms+1ms
D/SubCatalogListActivity( 3223): onFocusChange
D/SubCatalogListActivity( 3223): getAssetList:
D/Test    ( 3223): request Url  :http://cibn-iepg.coship.com:8088/msis/getAssetList?zip=1&version=V001&terminalType=1&resolution=1280*720&pageSize=24&curPage=1&userCode=80007&queryType=0&catalogId=52013&isRecommend=&assetType=&originName=&publishDate=&authKey=4a8c162632c29735129d66d79853a3bc
D/dalvikvm( 3223): GC_CONCURRENT freed 872K, 29% free 11412K/16067K, paused 3ms+3ms
E/StrictMode( 3223): A resource was acquired at attached stack trace but never released. See java.io.Closeable for information on avoiding resource leaks.
E/StrictMode( 3223): java.lang.Throwable: Explicit termination method 'end' not called
E/StrictMode( 3223):    at dalvik.system.CloseGuard.open(CloseGuard.java:184)
E/StrictMode( 3223):    at java.util.zip.Inflater.<init>(Inflater.java:82)
E/StrictMode( 3223):    at java.util.zip.GZIPInputStream.<init>(GZIPInputStream.java:96)
E/StrictMode( 3223):    at java.util.zip.GZIPInputStream.<init>(GZIPInputStream.java:81)
E/StrictMode( 3223):    at com.fiship.media.common.JsonCompress.unCompress(JsonCompress.java:62)
E/StrictMode( 3223):    at com.fiship.ott.transport.action.VodAction.getCatalog(VodAction.java:172)
E/StrictMode( 3223):    at com.fiship.media.SubCatalogListActivity$3.doInBackground(SubCatalogListActivity.java:394)
E/StrictMode( 3223):    at com.fiship.media.SubCatalogListActivity$3.doInBackground(SubCatalogListActivity.java:390)
E/StrictMode( 3223):    at android.os.AsyncTask$2.call(AsyncTask.java:264)
E/StrictMode( 3223):    at java.util.concurrent.FutureTask$Sync.innerRun(FutureTask.java:305)
E/StrictMode( 3223):    at java.util.concurrent.FutureTask.run(FutureTask.java:137)
E/StrictMode( 3223):    at android.os.AsyncTask$SerialExecutor$1.run(AsyncTask.java:208)
E/StrictMode( 3223):    at java.util.concurrent.ThreadPoolExecutor.runWorker(ThreadPoolExecutor.java:1076)
E/StrictMode( 3223):    at java.util.concurrent.ThreadPoolExecutor$Worker.run(ThreadPoolExecutor.java:569)
E/StrictMode( 3223):    at java.lang.Thread.run(Thread.java:856)
D/dalvikvm( 1155): GC_CONCURRENT freed 405K, 77% free 1420K/5955K, paused 1ms+1ms
D/dalvikvm( 1155): GC_CONCURRENT freed 490K, 77% free 1404K/5955K, paused 2ms+2ms
E/SubCatalogListActivity( 3223): mCurrentPage:13
E/1111    ( 3223): 1111111111
D/FeiGridView( 3223): layout
D/FeiGridView( 3223): setSelectedPositionInt
D/FeiGridView( 3223): updateSelectedItemMetadata
D/FeiGridView( 3223): no focus change, exit.
D/FeiGridView( 3223): in layout makeAndAddView childrenTop=0
D/FeiGridView( 3223): try to find cached view at 0
D/FeiGridView( 3223): get new View at 0
D/ScaleViewPanel( 3223): ScaleViewPanel constructor
D/dalvikvm( 3223): GC_FOR_ALLOC freed 1316K, 31% free 11318K/16323K, paused 35ms
I/dalvikvm-heap( 3223): Grow heap (frag case) to 15.623MB for 1016112-byte allocation
D/dalvikvm( 3223): GC_FOR_ALLOC freed <1K, 30% free 12310K/17347K, paused 36ms
E/StrictMode( 3223): A resource was acquired at attached stack trace but never released. See java.io.Closeable for information on avoiding resource leaks.
E/StrictMode( 3223): java.lang.Throwable: Explicit termination method 'end' not called
E/StrictMode( 3223):    at dalvik.system.CloseGuard.open(CloseGuard.java:184)
E/StrictMode( 3223):    at java.util.zip.Inflater.<init>(Inflater.java:82)
E/StrictMode( 3223):    at java.util.zip.GZIPInputStream.<init>(GZIPInputStream.java:96)
E/StrictMode( 3223):    at java.util.zip.GZIPInputStream.<init>(GZIPInputStream.java:81)
E/StrictMode( 3223):    at com.fiship.media.common.JsonCompress.unCompress(JsonCompress.java:62)
E/StrictMode( 3223):    at com.fiship.ott.transport.action.VodAction.getAssetList(VodAction.java:344)
E/StrictMode( 3223):    at com.fiship.media.SubCatalogListActivity$4.doInBackground(SubCatalogListActivity.java:432)
E/StrictMode( 3223):    at com.fiship.media.SubCatalogListActivity$4.doInBackground(SubCatalogListActivity.java:425)
E/StrictMode( 3223):    at android.os.AsyncTask$2.call(AsyncTask.java:264)
E/StrictMode( 3223):    at java.util.concurrent.FutureTask$Sync.innerRun(FutureTask.java:305)
E/StrictMode( 3223):    at java.util.concurrent.FutureTask.run(FutureTask.java:137)
E/StrictMode( 3223):    at android.os.AsyncTask$SerialExecutor$1.run(AsyncTask.java:208)
E/StrictMode( 3223):    at java.util.concurrent.ThreadPoolExecutor.runWorker(ThreadPoolExecutor.java:1076)
E/StrictMode( 3223):    at java.util.concurrent.ThreadPoolExecutor$Worker.run(ThreadPoolExecutor.java:569)
E/StrictMode( 3223):    at java.lang.Thread.run(Thread.java:856)
D/SubCatalogListActivity( 3223): new view
D/FeiGridView( 3223): calculateLeft pos, 0 childLeft = 28
D/FeiGridView( 3223): try to find cached view at 1
D/FeiGridView( 3223): get new View at 1
D/ScaleViewPanel( 3223): ScaleViewPanel constructor
D/dalvikvm( 1155): GC_CONCURRENT freed 475K, 78% free 1368K/5955K, paused 1ms+2ms
D/SubCatalogListActivity( 3223): new view
D/FeiGridView( 3223): calculateLeft pos, 1 childLeft = 222
D/FeiGridView( 3223): updateSelectedItemMetadata
D/SubCatalogListActivity( 3223): onFocusChange
D/ScaleViewPanel( 3223): onFocusChanged: focus:true: 130
D/FeiGridView( 3223): child com.fiship.media.view.ScaleViewPanel@41f8b358 requestFocus
D/FeiGridView( 3223): child com.fiship.media.view.ScaleViewPanel@41f8b358has focus
D/FeiGridView( 3223): try to find cached view at 2
D/FeiGridView( 3223): get new View at 2
D/ScaleViewPanel( 3223): ScaleViewPanel constructor
D/SubCatalogListActivity( 3223): new view
D/FeiGridView( 3223): calculateLeft pos, 2 childLeft = 416
D/FeiGridView( 3223): updateSelectedItemMetadata
D/FeiGridView( 3223): child com.fiship.media.view.ScaleViewPanel@41f8b358has focus
D/FeiGridView( 3223): try to find cached view at 3
D/FeiGridView( 3223): get new View at 3
D/ScaleViewPanel( 3223): ScaleViewPanel constructor
D/SubCatalogListActivity( 3223): new view
D/FeiGridView( 3223): calculateLeft pos, 3 childLeft = 610
D/FeiGridView( 3223): updateSelectedItemMetadata
D/FeiGridView( 3223): child com.fiship.media.view.ScaleViewPanel@41f8b358has focus
D/FeiGridView( 3223): try to find cached view at 4
D/FeiGridView( 3223): get new View at 4
D/ScaleViewPanel( 3223): ScaleViewPanel constructor
D/SubCatalogListActivity( 3223): new view
D/FeiGridView( 3223): calculateLeft pos, 4 childLeft = 804
D/FeiGridView( 3223): updateSelectedItemMetadata
D/FeiGridView( 3223): child com.fiship.media.view.ScaleViewPanel@41f8b358has focus
D/FeiGridView( 3223): try to find cached view at 5
D/FeiGridView( 3223): get new View at 5
D/ScaleViewPanel( 3223): ScaleViewPanel constructor
D/SubCatalogListActivity( 3223): new view
D/FeiGridView( 3223): calculateLeft pos, 5 childLeft = 998
D/FeiGridView( 3223): updateSelectedItemMetadata
D/FeiGridView( 3223): child com.fiship.media.view.ScaleViewPanel@41f8b358has focus
D/FeiGridView( 3223): try to find cached view at 6
D/FeiGridView( 3223): get new View at 6
D/dalvikvm( 3223): GC_FOR_ALLOC freed 505K, 27% free 13166K/17923K, paused 33ms
D/ScaleViewPanel( 3223): ScaleViewPanel constructor
I/        ( 3223): jpeg hw mutex s_index = 290
D/SubCatalogListActivity( 3223): new view
D/FeiGridView( 3223): calculateLeft pos, 6 childLeft = 28
D/FeiGridView( 3223): updateSelectedItemMetadata
D/FeiGridView( 3223): child com.fiship.media.view.ScaleViewPanel@41f8b358has focus
D/FeiGridView( 3223): try to find cached view at 7
D/FeiGridView( 3223): get new View at 7
D/ScaleViewPanel( 3223): ScaleViewPanel constructor
D/SubCatalogListActivity( 3223): new view
D/FeiGridView( 3223): calculateLeft pos, 7 childLeft = 222
D/FeiGridView( 3223): updateSelectedItemMetadata
D/FeiGridView( 3223): child com.fiship.media.view.ScaleViewPanel@41f8b358has focus
D/FeiGridView( 3223): try to find cached view at 8
D/FeiGridView( 3223): get new View at 8
D/ScaleViewPanel( 3223): ScaleViewPanel constructor
D/SubCatalogListActivity( 3223): new view
D/FeiGridView( 3223): calculateLeft pos, 8 childLeft = 416
D/FeiGridView( 3223): updateSelectedItemMetadata
D/FeiGridView( 3223): child com.fiship.media.view.ScaleViewPanel@41f8b358has focus
D/FeiGridView( 3223): try to find cached view at 9
D/FeiGridView( 3223): get new View at 9
D/ScaleViewPanel( 3223): ScaleViewPanel constructor
D/SubCatalogListActivity( 3223): new view
D/FeiGridView( 3223): calculateLeft pos, 9 childLeft = 610
D/FeiGridView( 3223): updateSelectedItemMetadata
D/FeiGridView( 3223): child com.fiship.media.view.ScaleViewPanel@41f8b358has focus
D/FeiGridView( 3223): try to find cached view at 10
D/FeiGridView( 3223): get new View at 10
D/ScaleViewPanel( 3223): ScaleViewPanel constructor
D/SubCatalogListActivity( 3223): new view
D/FeiGridView( 3223): calculateLeft pos, 10 childLeft = 804
D/FeiGridView( 3223): updateSelectedItemMetadata
D/FeiGridView( 3223): child com.fiship.media.view.ScaleViewPanel@41f8b358has focus
D/FeiGridView( 3223): try to find cached view at 11
D/FeiGridView( 3223): get new View at 11
D/ScaleViewPanel( 3223): ScaleViewPanel constructor
D/SubCatalogListActivity( 3223): new view
D/FeiGridView( 3223): calculateLeft pos, 11 childLeft = 998
D/FeiGridView( 3223): updateSelectedItemMetadata
D/FeiGridView( 3223): child com.fiship.media.view.ScaleViewPanel@41f8b358has focus
D/FeiGridView( 3223): updateSelectedItemMetadata
D/FeiGridView( 3223): child com.fiship.media.view.ScaleViewPanel@41f8b358has focus
D/FeiGridView( 3223): getChildDrawingOrder:i = 0
D/FeiGridView( 3223): getChildDrawingOrder:index = 0
D/ScaleViewPanel( 3223): paddingBottom = :35
D/FeiGridView( 3223): getChildDrawingOrder:i = 1
D/FeiGridView( 3223): getChildDrawingOrder:index = 0
D/ScaleViewPanel( 3223): paddingBottom = :35
D/FeiGridView( 3223): getChildDrawingOrder:i = 2
D/FeiGridView( 3223): getChildDrawingOrder:index = 0
D/ScaleViewPanel( 3223): paddingBottom = :35
D/FeiGridView( 3223): getChildDrawingOrder:i = 3
D/FeiGridView( 3223): getChildDrawingOrder:index = 0
D/ScaleViewPanel( 3223): paddingBottom = :35
D/FeiGridView( 3223): getChildDrawingOrder:i = 4
D/FeiGridView( 3223): getChildDrawingOrder:index = 0
D/ScaleViewPanel( 3223): paddingBottom = :35
D/FeiGridView( 3223): getChildDrawingOrder:i = 5
D/FeiGridView( 3223): getChildDrawingOrder:index = 0
D/ScaleViewPanel( 3223): paddingBottom = :35
D/FeiGridView( 3223): getChildDrawingOrder:i = 6
D/FeiGridView( 3223): getChildDrawingOrder:index = 0
D/ScaleViewPanel( 3223): paddingBottom = :35
D/FeiGridView( 3223): getChildDrawingOrder:i = 7
D/FeiGridView( 3223): getChildDrawingOrder:index = 0
D/ScaleViewPanel( 3223): paddingBottom = :35
D/FeiGridView( 3223): getChildDrawingOrder:i = 8
D/FeiGridView( 3223): getChildDrawingOrder:index = 0
D/ScaleViewPanel( 3223): paddingBottom = :35
D/FeiGridView( 3223): getChildDrawingOrder:i = 9
D/FeiGridView( 3223): getChildDrawingOrder:index = 0
D/ScaleViewPanel( 3223): paddingBottom = :35
D/FeiGridView( 3223): getChildDrawingOrder:i = 10
D/FeiGridView( 3223): getChildDrawingOrder:index = 0
D/ScaleViewPanel( 3223): paddingBottom = :35
D/FeiGridView( 3223): getChildDrawingOrder:i = 11
D/FeiGridView( 3223): getChildDrawingOrder:index = 0
D/ScaleViewPanel( 3223): paddingBottom = :35
D/ScaleViewPanel( 3223): dispatchDraw
D/dalvikvm( 1155): GC_CONCURRENT freed 443K, 77% free 1393K/5955K, paused 1ms+1ms
D/FeiGridView( 3223): getChildDrawingOrder:i = 0
D/FeiGridView( 3223): getChildDrawingOrder:index = 0
D/ScaleViewPanel( 3223): paddingBottom = :35
D/FeiGridView( 3223): getChildDrawingOrder:i = 1
D/FeiGridView( 3223): getChildDrawingOrder:index = 0
D/ScaleViewPanel( 3223): paddingBottom = :35
D/FeiGridView( 3223): getChildDrawingOrder:i = 2
D/FeiGridView( 3223): getChildDrawingOrder:index = 0
D/ScaleViewPanel( 3223): paddingBottom = :35
D/FeiGridView( 3223): getChildDrawingOrder:i = 3
D/FeiGridView( 3223): getChildDrawingOrder:index = 0
D/ScaleViewPanel( 3223): paddingBottom = :35
D/FeiGridView( 3223): getChildDrawingOrder:i = 4
D/FeiGridView( 3223): getChildDrawingOrder:index = 0
D/ScaleViewPanel( 3223): paddingBottom = :35
D/FeiGridView( 3223): getChildDrawingOrder:i = 5
D/FeiGridView( 3223): getChildDrawingOrder:index = 0
D/ScaleViewPanel( 3223): paddingBottom = :35
D/FeiGridView( 3223): getChildDrawingOrder:i = 6
D/FeiGridView( 3223): getChildDrawingOrder:index = 0
D/ScaleViewPanel( 3223): paddingBottom = :35
D/FeiGridView( 3223): getChildDrawingOrder:i = 7
D/FeiGridView( 3223): getChildDrawingOrder:index = 0
D/ScaleViewPanel( 3223): paddingBottom = :35
D/FeiGridView( 3223): getChildDrawingOrder:i = 8
D/FeiGridView( 3223): getChildDrawingOrder:index = 0
D/ScaleViewPanel( 3223): paddingBottom = :35
D/FeiGridView( 3223): getChildDrawingOrder:i = 9
D/FeiGridView( 3223): getChildDrawingOrder:index = 0
D/ScaleViewPanel( 3223): paddingBottom = :35
D/FeiGridView( 3223): getChildDrawingOrder:i = 10
D/FeiGridView( 3223): getChildDrawingOrder:index = 0
D/ScaleViewPanel( 3223): paddingBottom = :35
D/FeiGridView( 3223): getChildDrawingOrder:i = 11
D/FeiGridView( 3223): getChildDrawingOrder:index = 0
D/ScaleViewPanel( 3223): paddingBottom = :35
D/ScaleViewPanel( 3223): dispatchDraw
D/FeiGridView( 3223): getChildDrawingOrder:i = 0
D/FeiGridView( 3223): getChildDrawingOrder:index = 0
D/FeiGridView( 3223): getChildDrawingOrder:i = 1
D/FeiGridView( 3223): getChildDrawingOrder:index = 0
D/FeiGridView( 3223): getChildDrawingOrder:i = 2
D/FeiGridView( 3223): getChildDrawingOrder:index = 0
D/FeiGridView( 3223): getChildDrawingOrder:i = 3
D/FeiGridView( 3223): getChildDrawingOrder:index = 0
D/FeiGridView( 3223): getChildDrawingOrder:i = 4
D/FeiGridView( 3223): getChildDrawingOrder:index = 0
D/FeiGridView( 3223): getChildDrawingOrder:i = 5
D/FeiGridView( 3223): getChildDrawingOrder:index = 0
D/FeiGridView( 3223): getChildDrawingOrder:i = 6
D/FeiGridView( 3223): getChildDrawingOrder:index = 0
D/FeiGridView( 3223): getChildDrawingOrder:i = 7
D/FeiGridView( 3223): getChildDrawingOrder:index = 0
D/FeiGridView( 3223): getChildDrawingOrder:i = 8
D/FeiGridView( 3223): getChildDrawingOrder:index = 0
D/FeiGridView( 3223): getChildDrawingOrder:i = 9
D/FeiGridView( 3223): getChildDrawingOrder:index = 0
D/FeiGridView( 3223): getChildDrawingOrder:i = 10
D/FeiGridView( 3223): getChildDrawingOrder:index = 0
D/FeiGridView( 3223): getChildDrawingOrder:i = 11
D/FeiGridView( 3223): getChildDrawingOrder:index = 0
I/        ( 3223): [MSOS_PRINT][003171]     ~!~mappd sharemem    
I/        ( 3223): [MSOS_PRINT][000605]     pthread_mutex_init
I/        ( 3223): [MSOS_PRINT][000607]     CHIP_InitISR
D/        ( 3223): [skia jpeg]: readbuf addr:0x1a1c2000, size: 0x100000
D/        ( 3223):  write buff addr:0x0,  size: 0x0
D/        ( 3223):  internal buff addr:0x1a2c2000,   size: 0x100000
E/        ( 3223): get vaddr failed:pvaddr_read=0x62d7b000,pvaddr_internal=0x62e7b000,pvaddr_write=0x0
D/FeiGridView( 3223): getChildDrawingOrder:i = 0
D/FeiGridView( 3223): getChildDrawingOrder:index = 0
D/FeiGridView( 3223): getChildDrawingOrder:i = 1
D/FeiGridView( 3223): getChildDrawingOrder:index = 0
D/FeiGridView( 3223): getChildDrawingOrder:i = 2
D/FeiGridView( 3223): getChildDrawingOrder:index = 0
D/FeiGridView( 3223): getChildDrawingOrder:i = 3
D/FeiGridView( 3223): getChildDrawingOrder:index = 0
D/FeiGridView( 3223): getChildDrawingOrder:i = 4
D/FeiGridView( 3223): getChildDrawingOrder:index = 0
D/FeiGridView( 3223): getChildDrawingOrder:i = 5
D/FeiGridView( 3223): getChildDrawingOrder:index = 0
D/FeiGridView( 3223): getChildDrawingOrder:i = 6
D/FeiGridView( 3223): getChildDrawingOrder:index = 0
D/FeiGridView( 3223): getChildDrawingOrder:i = 7
D/FeiGridView( 3223): getChildDrawingOrder:index = 0
D/FeiGridView( 3223): getChildDrawingOrder:i = 8
D/FeiGridView( 3223): getChildDrawingOrder:index = 0
D/FeiGridView( 3223): getChildDrawingOrder:i = 9
D/FeiGridView( 3223): getChildDrawingOrder:index = 0
D/FeiGridView( 3223): getChildDrawingOrder:i = 10
D/FeiGridView( 3223): getChildDrawingOrder:index = 0
D/FeiGridView( 3223): getChildDrawingOrder:i = 11
D/FeiGridView( 3223): getChildDrawingOrder:index = 0
D/FeiGridView( 3223): getChildDrawingOrder:i = 0
D/FeiGridView( 3223): getChildDrawingOrder:index = 0
D/FeiGridView( 3223): getChildDrawingOrder:i = 1
D/FeiGridView( 3223): getChildDrawingOrder:index = 0
D/FeiGridView( 3223): getChildDrawingOrder:i = 2
D/FeiGridView( 3223): getChildDrawingOrder:index = 0
D/FeiGridView( 3223): getChildDrawingOrder:i = 3
D/FeiGridView( 3223): getChildDrawingOrder:index = 0
D/FeiGridView( 3223): getChildDrawingOrder:i = 4
D/FeiGridView( 3223): getChildDrawingOrder:index = 0
D/FeiGridView( 3223): getChildDrawingOrder:i = 5
D/FeiGridView( 3223): getChildDrawingOrder:index = 0
D/FeiGridView( 3223): getChildDrawingOrder:i = 6
D/FeiGridView( 3223): getChildDrawingOrder:index = 0
D/FeiGridView( 3223): getChildDrawingOrder:i = 7
D/FeiGridView( 3223): getChildDrawingOrder:index = 0
D/FeiGridView( 3223): getChildDrawingOrder:i = 8
D/FeiGridView( 3223): getChildDrawingOrder:index = 0
D/FeiGridView( 3223): getChildDrawingOrder:i = 9
D/FeiGridView( 3223): getChildDrawingOrder:index = 0
D/FeiGridView( 3223): getChildDrawingOrder:i = 10
D/dalvikvm( 1155): GC_CONCURRENT freed 477K, 77% free 1400K/5955K, paused 2ms+1ms
D/FeiGridView( 3223): getChildDrawingOrder:index = 0
D/FeiGridView( 3223): getChildDrawingOrder:i = 11
D/FeiGridView( 3223): getChildDrawingOrder:index = 0
D/ScaleViewPanel( 3223): paddingBottom = :35
D/ScaleViewPanel( 3223): dispatchDraw
E/        ( 3223): get vaddr failed:pvaddr_read=0x62d7b000,pvaddr_internal=0x62e7b000,pvaddr_write=0x0
E/        ( 3223): get vaddr failed:pvaddr_read=0x62d7b000,pvaddr_internal=0x62e7b000,pvaddr_write=0x0
E/        ( 3223): get vaddr failed:pvaddr_read=0x62d7b000,pvaddr_internal=0x62e7b000,pvaddr_write=0x0
D/dalvikvm( 3223): GC_FOR_ALLOC freed 798K, 26% free 14058K/18947K, paused 50ms
D/ScaleViewPanel( 3223): ScaleViewPanel constructor
D/SubCatalogListActivity( 3223): new view
D/FeiGridView( 3223): layout
D/FeiGridView( 3223): mSelectedPosition >= 0 ,layout exit
D/FeiGridView( 3223): getChildDrawingOrder:i = 0
D/FeiGridView( 3223): getChildDrawingOrder:index = 0
D/FeiGridView( 3223): getChildDrawingOrder:i = 1
D/FeiGridView( 3223): getChildDrawingOrder:index = 0
D/FeiGridView( 3223): getChildDrawingOrder:i = 2
D/FeiGridView( 3223): getChildDrawingOrder:index = 0
D/ScaleViewPanel( 3223): paddingBottom = :35
D/FeiGridView( 3223): getChildDrawingOrder:i = 3
D/FeiGridView( 3223): getChildDrawingOrder:index = 0
D/FeiGridView( 3223): getChildDrawingOrder:i = 4
D/FeiGridView( 3223): getChildDrawingOrder:index = 0
D/FeiGridView( 3223): getChildDrawingOrder:i = 5
D/FeiGridView( 3223): getChildDrawingOrder:index = 0
D/FeiGridView( 3223): getChildDrawingOrder:i = 6
D/FeiGridView( 3223): getChildDrawingOrder:index = 0
D/FeiGridView( 3223): getChildDrawingOrder:i = 7
D/FeiGridView( 3223): getChildDrawingOrder:index = 0
D/FeiGridView( 3223): getChildDrawingOrder:i = 8
D/FeiGridView( 3223): getChildDrawingOrder:index = 0
D/FeiGridView( 3223): getChildDrawingOrder:i = 9
D/FeiGridView( 3223): getChildDrawingOrder:index = 0
D/FeiGridView( 3223): getChildDrawingOrder:i = 10
D/FeiGridView( 3223): getChildDrawingOrder:index = 0
D/FeiGridView( 3223): getChildDrawingOrder:i = 11
D/FeiGridView( 3223): getChildDrawingOrder:index = 0
E/        ( 3223): get vaddr failed:pvaddr_read=0x62d7b000,pvaddr_internal=0x62e7b000,pvaddr_write=0x0
D/dalvikvm( 1155): GC_CONCURRENT freed 475K, 77% free 1381K/5955K, paused 1ms+1ms
E/        ( 3223): get vaddr failed:pvaddr_read=0x62d7b000,pvaddr_internal=0x62e7b000,pvaddr_write=0x0
D/dalvikvm( 3223): GC_FOR_ALLOC freed 239K, 25% free 14788K/19459K, paused 34ms
E/        ( 3223): get vaddr failed:pvaddr_read=0x62d7b000,pvaddr_internal=0x62e7b000,pvaddr_write=0x0
E/        ( 3223): get vaddr failed:pvaddr_read=0x62d7b000,pvaddr_internal=0x62e7b000,pvaddr_write=0x0
D/dalvikvm( 3223): GC_FOR_ALLOC freed 375K, 23% free 16025K/20547K, paused 39ms
D/FeiGridView( 3223): layout
D/FeiGridView( 3223): mSelectedPosition >= 0 ,layout exit
D/FeiGridView( 3223): getChildDrawingOrder:i = 0
D/FeiGridView( 3223): getChildDrawingOrder:index = 0
D/FeiGridView( 3223): getChildDrawingOrder:i = 1
D/FeiGridView( 3223): getChildDrawingOrder:index = 0
D/FeiGridView( 3223): getChildDrawingOrder:i = 2
D/FeiGridView( 3223): getChildDrawingOrder:index = 0
D/FeiGridView( 3223): getChildDrawingOrder:i = 3
D/FeiGridView( 3223): getChildDrawingOrder:index = 0
D/FeiGridView( 3223): getChildDrawingOrder:i = 4
D/FeiGridView( 3223): getChildDrawingOrder:index = 0
D/ScaleViewPanel( 3223): paddingBottom = :35
D/FeiGridView( 3223): getChildDrawingOrder:i = 5
D/FeiGridView( 3223): getChildDrawingOrder:index = 0
D/FeiGridView( 3223): getChildDrawingOrder:i = 6
D/FeiGridView( 3223): getChildDrawingOrder:index = 0
D/FeiGridView( 3223): getChildDrawingOrder:i = 7
D/FeiGridView( 3223): getChildDrawingOrder:index = 0
D/FeiGridView( 3223): getChildDrawingOrder:i = 8
D/FeiGridView( 3223): getChildDrawingOrder:index = 0
D/FeiGridView( 3223): getChildDrawingOrder:i = 9
D/FeiGridView( 3223): getChildDrawingOrder:index = 0
D/dalvikvm( 1155): GC_CONCURRENT freed 459K, 78% free 1318K/5955K, paused 102ms+1ms
D/dalvikvm( 3223): GC_FOR_ALLOC freed 1672K, 29% free 15576K/21699K, paused 160ms
D/FeiGridView( 3223): getChildDrawingOrder:i = 10
D/FeiGridView( 3223): getChildDrawingOrder:index = 0
D/FeiGridView( 3223): getChildDrawingOrder:i = 11
D/FeiGridView( 3223): getChildDrawingOrder:index = 0
E/        ( 3223): get vaddr failed:pvaddr_read=0x62d7b000,pvaddr_internal=0x62e7b000,pvaddr_write=0x0
E/        ( 3223): get vaddr failed:pvaddr_read=0x62d7b000,pvaddr_internal=0x62e7b000,pvaddr_write=0x0
E/        ( 3223): get vaddr failed:pvaddr_read=0x62d7b000,pvaddr_internal=0x62e7b000,pvaddr_write=0x0
D/FeiGridView( 3223): layout
D/FeiGridView( 3223): mSelectedPosition >= 0 ,layout exit
D/FeiGridView( 3223): getChildDrawingOrder:i = 0
D/FeiGridView( 3223): getChildDrawingOrder:index = 0
D/ScaleViewPanel( 3223): paddingBottom = :35
D/FeiGridView( 3223): getChildDrawingOrder:i = 1
D/FeiGridView( 3223): getChildDrawingOrder:index = 0
D/ScaleViewPanel( 3223): paddingBottom = :35
D/FeiGridView( 3223): getChildDrawingOrder:i = 2
D/FeiGridView( 3223): getChildDrawingOrder:index = 0
D/FeiGridView( 3223): getChildDrawingOrder:i = 3
D/FeiGridView( 3223): getChildDrawingOrder:index = 0
D/FeiGridView( 3223): getChildDrawingOrder:i = 4
D/FeiGridView( 3223): getChildDrawingOrder:index = 0
D/FeiGridView( 3223): getChildDrawingOrder:i = 5
D/FeiGridView( 3223): getChildDrawingOrder:index = 0
D/FeiGridView( 3223): getChildDrawingOrder:i = 6
D/FeiGridView( 3223): getChildDrawingOrder:index = 0
D/FeiGridView( 3223): getChildDrawingOrder:i = 7
D/FeiGridView( 3223): getChildDrawingOrder:index = 0
D/FeiGridView( 3223): getChildDrawingOrder:i = 8
D/FeiGridView( 3223): getChildDrawingOrder:index = 0
D/FeiGridView( 3223): getChildDrawingOrder:i = 9
D/FeiGridView( 3223): getChildDrawingOrder:index = 0
D/FeiGridView( 3223): getChildDrawingOrder:i = 10
D/FeiGridView( 3223): getChildDrawingOrder:index = 0
D/ScaleViewPanel( 3223): paddingBottom = :35
D/FeiGridView( 3223): getChildDrawingOrder:i = 11
D/FeiGridView( 3223): getChildDrawingOrder:index = 0
D/dalvikvm( 1155): GC_CONCURRENT freed 393K, 77% free 1424K/5955K, paused 1ms+1ms
E/        ( 3223): get vaddr failed:pvaddr_read=0x62d7b000,pvaddr_internal=0x62e7b000,pvaddr_write=0x0
E/        ( 3223): get vaddr failed:pvaddr_read=0x62d7b000,pvaddr_internal=0x62e7b000,pvaddr_write=0x0
E/        ( 3223): get vaddr failed:pvaddr_read=0x62d7b000,pvaddr_internal=0x62e7b000,pvaddr_write=0x0
D/dalvikvm( 3223): GC_FOR_ALLOC freed 798K, 24% free 16676K/21699K, paused 32ms
D/dalvikvm( 1155): GC_CONCURRENT freed 511K, 78% free 1346K/5955K, paused 1ms+1ms
D/FeiGridView( 3223): layout
D/FeiGridView( 3223): mSelectedPosition >= 0 ,layout exit
E/        ( 3223): get vaddr failed:pvaddr_read=0x62d7b000,pvaddr_internal=0x62e7b000,pvaddr_write=0x0
D/FeiGridView( 3223): getChildDrawingOrder:i = 0
D/FeiGridView( 3223): getChildDrawingOrder:index = 0
D/FeiGridView( 3223): getChildDrawingOrder:i = 1
D/FeiGridView( 3223): getChildDrawingOrder:index = 0
D/FeiGridView( 3223): getChildDrawingOrder:i = 2
D/FeiGridView( 3223): getChildDrawingOrder:index = 0
D/FeiGridView( 3223): getChildDrawingOrder:i = 3
D/FeiGridView( 3223): getChildDrawingOrder:index = 0
D/ScaleViewPanel( 3223): paddingBottom = :35
D/FeiGridView( 3223): getChildDrawingOrder:i = 4
D/FeiGridView( 3223): getChildDrawingOrder:index = 0
D/FeiGridView( 3223): getChildDrawingOrder:i = 5
D/FeiGridView( 3223): getChildDrawingOrder:index = 0
D/FeiGridView( 3223): getChildDrawingOrder:i = 6
D/FeiGridView( 3223): getChildDrawingOrder:index = 0
D/FeiGridView( 3223): getChildDrawingOrder:i = 7
D/FeiGridView( 3223): getChildDrawingOrder:index = 0
D/FeiGridView( 3223): getChildDrawingOrder:i = 8
D/FeiGridView( 3223): getChildDrawingOrder:index = 0
D/FeiGridView( 3223): getChildDrawingOrder:i = 9
D/FeiGridView( 3223): getChildDrawingOrder:index = 0
D/FeiGridView( 3223): getChildDrawingOrder:i = 10
D/FeiGridView( 3223): getChildDrawingOrder:index = 0
D/FeiGridView( 3223): getChildDrawingOrder:i = 11
D/FeiGridView( 3223): getChildDrawingOrder:index = 0
E/        ( 3223): get vaddr failed:pvaddr_read=0x62d7b000,pvaddr_internal=0x62e7b000,pvaddr_write=0x0
D/FeiGridView( 3223): layout
D/FeiGridView( 3223): mSelectedPosition >= 0 ,layout exit
D/dalvikvm( 3223): GC_FOR_ALLOC freed 817K, 23% free 17168K/22211K, paused 35ms
D/FeiGridView( 3223): getChildDrawingOrder:i = 0
D/FeiGridView( 3223): getChildDrawingOrder:index = 0
D/FeiGridView( 3223): getChildDrawingOrder:i = 1
D/FeiGridView( 3223): getChildDrawingOrder:index = 0
D/FeiGridView( 3223): getChildDrawingOrder:i = 2
D/FeiGridView( 3223): getChildDrawingOrder:index = 0
D/FeiGridView( 3223): getChildDrawingOrder:i = 3
D/FeiGridView( 3223): getChildDrawingOrder:index = 0
D/FeiGridView( 3223): getChildDrawingOrder:i = 4
D/FeiGridView( 3223): getChildDrawingOrder:index = 0
D/FeiGridView( 3223): getChildDrawingOrder:i = 5
D/FeiGridView( 3223): getChildDrawingOrder:index = 0
D/FeiGridView( 3223): getChildDrawingOrder:i = 6
D/FeiGridView( 3223): getChildDrawingOrder:index = 0
D/FeiGridView( 3223): getChildDrawingOrder:i = 7
D/FeiGridView( 3223): getChildDrawingOrder:index = 0
D/FeiGridView( 3223): getChildDrawingOrder:i = 8
D/FeiGridView( 3223): getChildDrawingOrder:index = 0
D/ScaleViewPanel( 3223): paddingBottom = :35
D/FeiGridView( 3223): getChildDrawingOrder:i = 9
D/FeiGridView( 3223): getChildDrawingOrder:index = 0
D/FeiGridView( 3223): getChildDrawingOrder:i = 10
D/FeiGridView( 3223): getChildDrawingOrder:index = 0
D/FeiGridView( 3223): getChildDrawingOrder:i = 11
D/FeiGridView( 3223): getChildDrawingOrder:index = 0
D/dalvikvm( 1155): GC_CONCURRENT freed 433K, 78% free 1327K/5955K, paused 1ms+2ms
D/dalvikvm( 3223): GC_FOR_ALLOC freed 135K, 22% free 17804K/22723K, paused 39ms
D/dalvikvm( 3223): GC_FOR_ALLOC freed 128K, 23% free 18188K/23363K, paused 32ms
D/FeiGridView( 3223): layout
D/FeiGridView( 3223): mSelectedPosition >= 0 ,layout exit
D/FeiGridView( 3223): getChildDrawingOrder:i = 0
D/FeiGridView( 3223): getChildDrawingOrder:index = 0
D/FeiGridView( 3223): getChildDrawingOrder:i = 1
D/FeiGridView( 3223): getChildDrawingOrder:index = 0
D/FeiGridView( 3223): getChildDrawingOrder:i = 2
D/FeiGridView( 3223): getChildDrawingOrder:index = 0
D/FeiGridView( 3223): getChildDrawingOrder:i = 3
D/FeiGridView( 3223): getChildDrawingOrder:index = 0
D/FeiGridView( 3223): getChildDrawingOrder:i = 4
D/FeiGridView( 3223): getChildDrawingOrder:index = 0
D/FeiGridView( 3223): getChildDrawingOrder:i = 5
D/FeiGridView( 3223): getChildDrawingOrder:index = 0
D/FeiGridView( 3223): getChildDrawingOrder:i = 6
D/FeiGridView( 3223): getChildDrawingOrder:index = 0
D/FeiGridView( 3223): getChildDrawingOrder:i = 7
D/FeiGridView( 3223): getChildDrawingOrder:index = 0
D/ScaleViewPanel( 3223): paddingBottom = :35
D/FeiGridView( 3223): getChildDrawingOrder:i = 8
D/FeiGridView( 3223): getChildDrawingOrder:index = 0
D/FeiGridView( 3223): getChildDrawingOrder:i = 9
D/FeiGridView( 3223): getChildDrawingOrder:index = 0
D/FeiGridView( 3223): getChildDrawingOrder:i = 10
D/FeiGridView( 3223): getChildDrawingOrder:index = 0
D/FeiGridView( 3223): getChildDrawingOrder:i = 11
D/FeiGridView( 3223): getChildDrawingOrder:index = 0
D/dalvikvm( 3223): GC_FOR_ALLOC freed 536K, 25% free 17915K/23683K, paused 35ms
I/dalvikvm-heap( 3223): Grow heap (frag case) to 21.596MB for 524304-byte allocation
D/dalvikvm( 3223): GC_FOR_ALLOC freed <1K, 25% free 18427K/24259K, paused 111ms
D/FeiGridView( 3223): layout
D/FeiGridView( 3223): mSelectedPosition >= 0 ,layout exit
D/FeiGridView( 3223): getChildDrawingOrder:i = 0
D/FeiGridView( 3223): getChildDrawingOrder:index = 0
D/FeiGridView( 3223): getChildDrawingOrder:i = 1
D/FeiGridView( 3223): getChildDrawingOrder:index = 0
D/FeiGridView( 3223): getChildDrawingOrder:i = 2
D/FeiGridView( 3223): getChildDrawingOrder:index = 0
D/FeiGridView( 3223): getChildDrawingOrder:i = 3
D/FeiGridView( 3223): getChildDrawingOrder:index = 0
D/FeiGridView( 3223): getChildDrawingOrder:i = 4
D/FeiGridView( 3223): getChildDrawingOrder:index = 0
D/FeiGridView( 3223): getChildDrawingOrder:i = 5
D/FeiGridView( 3223): getChildDrawingOrder:index = 0
D/FeiGridView( 3223): getChildDrawingOrder:i = 6
D/FeiGridView( 3223): getChildDrawingOrder:index = 0
D/ScaleViewPanel( 3223): paddingBottom = :35
D/FeiGridView( 3223): getChildDrawingOrder:i = 7
D/FeiGridView( 3223): getChildDrawingOrder:index = 0
D/FeiGridView( 3223): getChildDrawingOrder:i = 8
D/FeiGridView( 3223): getChildDrawingOrder:index = 0
D/FeiGridView( 3223): getChildDrawingOrder:i = 9
D/FeiGridView( 3223): getChildDrawingOrder:index = 0
D/FeiGridView( 3223): getChildDrawingOrder:i = 10
D/FeiGridView( 3223): getChildDrawingOrder:index = 0
D/FeiGridView( 3223): getChildDrawingOrder:i = 11
D/FeiGridView( 3223): getChildDrawingOrder:index = 0
D/dalvikvm( 1155): GC_CONCURRENT freed 405K, 77% free 1376K/5955K, paused 1ms+2ms
D/dalvikvm( 3223): GC_FOR_ALLOC freed 1194K, 28% free 17497K/24259K, paused 35ms
D/FeiGridView( 3223): layout
D/FeiGridView( 3223): mSelectedPosition >= 0 ,layout exit
D/FeiGridView( 3223): getChildDrawingOrder:i = 0
D/FeiGridView( 3223): getChildDrawingOrder:index = 0
D/FeiGridView( 3223): getChildDrawingOrder:i = 1
D/FeiGridView( 3223): getChildDrawingOrder:index = 0
D/FeiGridView( 3223): getChildDrawingOrder:i = 2
D/FeiGridView( 3223): getChildDrawingOrder:index = 0
D/FeiGridView( 3223): getChildDrawingOrder:i = 3
D/FeiGridView( 3223): getChildDrawingOrder:index = 0
D/FeiGridView( 3223): getChildDrawingOrder:i = 4
D/FeiGridView( 3223): getChildDrawingOrder:index = 0
D/FeiGridView( 3223): getChildDrawingOrder:i = 5
D/FeiGridView( 3223): getChildDrawingOrder:index = 0
D/FeiGridView( 3223): getChildDrawingOrder:i = 6
D/FeiGridView( 3223): getChildDrawingOrder:index = 0
D/FeiGridView( 3223): getChildDrawingOrder:i = 7
D/FeiGridView( 3223): getChildDrawingOrder:index = 0
D/FeiGridView( 3223): getChildDrawingOrder:i = 8
D/FeiGridView( 3223): getChildDrawingOrder:index = 0
D/FeiGridView( 3223): getChildDrawingOrder:i = 9
D/FeiGridView( 3223): getChildDrawingOrder:index = 0
D/ScaleViewPanel( 3223): paddingBottom = :35
D/FeiGridView( 3223): getChildDrawingOrder:i = 10
D/FeiGridView( 3223): getChildDrawingOrder:index = 0
D/FeiGridView( 3223): getChildDrawingOrder:i = 11
D/FeiGridView( 3223): getChildDrawingOrder:index = 0
D/FeiGridView( 3223): layout
D/FeiGridView( 3223): mSelectedPosition >= 0 ,layout exit
D/FeiGridView( 3223): getChildDrawingOrder:i = 0
D/FeiGridView( 3223): getChildDrawingOrder:index = 0
D/FeiGridView( 3223): getChildDrawingOrder:i = 1
D/FeiGridView( 3223): getChildDrawingOrder:index = 0
D/FeiGridView( 3223): getChildDrawingOrder:i = 2
D/FeiGridView( 3223): getChildDrawingOrder:index = 0
D/FeiGridView( 3223): getChildDrawingOrder:i = 3
D/FeiGridView( 3223): getChildDrawingOrder:index = 0
D/FeiGridView( 3223): getChildDrawingOrder:i = 4
D/FeiGridView( 3223): getChildDrawingOrder:index = 0
D/FeiGridView( 3223): getChildDrawingOrder:i = 5
D/FeiGridView( 3223): getChildDrawingOrder:index = 0
D/ScaleViewPanel( 3223): paddingBottom = :35
D/FeiGridView( 3223): getChildDrawingOrder:i = 6
D/FeiGridView( 3223): getChildDrawingOrder:index = 0
D/FeiGridView( 3223): getChildDrawingOrder:i = 7
D/FeiGridView( 3223): getChildDrawingOrder:index = 0
D/FeiGridView( 3223): getChildDrawingOrder:i = 8
D/FeiGridView( 3223): getChildDrawingOrder:index = 0
D/FeiGridView( 3223): getChildDrawingOrder:i = 9
D/FeiGridView( 3223): getChildDrawingOrder:index = 0
D/FeiGridView( 3223): getChildDrawingOrder:i = 10
D/FeiGridView( 3223): getChildDrawingOrder:index = 0
D/FeiGridView( 3223): getChildDrawingOrder:i = 11
D/Fe
[ 2434.404254] IR: [03932] scan key value is 0xf10ec936 
[ 2434.404259]  iGridView( 3223): getChildDrawingOrder:index = 0
D/dalvikvm( 1155): GC_CONCURRENT freed 450K, 78% free 1322K/5955K, paused 1ms+1ms
D/dalvikvm( 1155): GC_CONCURRENT freed 394K, 78% free 1321K/5955K, paused 1ms+2ms

[ 2434.456694] IR: [03932] scan key value is 0xf10ec936 
[ 2434.456700]  D/SubCatalogListActivity( 3223): -- onRestart --
I/MainActivity( 2914):  onResume
W/InputManagerService(  989): Starting input on non-focused client com.android.internal.view.IInputMethodClient$Stub$Proxy@4166df70 (uid=10012 pid=3223)
D/dalvikvm( 1155): GC_CONCURRENT freed 418K, 77% free 1392K/5955K, paused 3ms+2ms
D/OpenGLRenderer( 3223): Flushing caches (mode 0)
D/dalvikvm( 1155): GC_CONCURRENT freed 479K, 79% free 1303K/5955K, paused 2ms+1ms
D/dalvikvm( 1155): GC_CONCURRENT freed 385K, 78% free 1322K/5955K, paused 1ms+2ms
I/ActivityManager(  989): No longer want com.coship.changetheaudiooutput (pid 1587): hidden #16
D/OpenGLRenderer( 3223): Flushing caches (mode 1)
W/ActivityManager(  989): Scheduling restart of crashed service com.coship.changetheaudiooutput/.AudioOutputServer in 5000ms
D/ScaleViewPanel( 3223): onFocusChanged: focus:false: 0
D/FeiGridView( 3223): onFocusChanged
D/FeiGridView( 3223): setSelectedPositionInt
D/FeiGridView( 3223): updateSelectedItemMetadata
D/FeiGridView( 3223): no focus change, exit.
D/FeiGridView( 3223): onFocusChanged
D/FeiGridView( 3223): setSelectedPositionInt
D/FeiGridView( 3223): updateSelectedItemMetadata
D/FeiGridView( 3223): no focus change, exit.
D/SubCatalogListActivity( 3223): onDestroy
D/dalvikvm( 1155): GC_CONCURRENT freed 396K, 78% free 1320K/5955K, paused 0ms+1ms
D/dalvikvm( 1155): GC_CONCURRENT freed 392K, 77% free 1426K/5955K, paused 1ms+1ms
D/dalvikvm( 1155): GC_CONCURRENT freed 501K, 78% free 1337K/5955K, paused 0ms+1ms
D/dalvikvm( 1155): GC_CONCURRENT freed 406K, 78% free 1323K/5955K, paused 1ms+1ms

[ 2435.901951] IR: [03932] scan key value is 0xee11c936 
[ 2435.901955]  V/RootManagerImpl( 2914): onFocusChange false
V/RootManagerImpl( 2914): onFocusChange true
D/ScaleViewPanel( 2914): dispatchDraw

[ 2435.954402] IR: [03932] scan key value is 0xee11c936 
[ 2435.954407]  D/dalvikvm( 1155): GC_CONCURRENT freed 404K, 77% free 1419K/5955K, paused 1ms+2ms
D/ScaleViewPanel( 2914): dispatchDraw
D/InputEventConsistencyVerifier( 2914): KeyEvent: ACTION_UP but key was not down.
D/InputEventConsistencyVerifier( 2914):   in com.fiship.cibn.view.ScaleViewPanel@418184f0
D/InputEventConsistencyVerifier( 2914):   0: sent at 2436120000000, KeyEvent { action=ACTION_UP, keyCode=KEYCODE_DPAD_UP, scanCode=103, metaState=0, flags=0x8, repeatCount=0, eventTime=2436120, downTime=2435907, deviceId=1, source=0x101 }
D/dalvikvm( 1155): GC_CONCURRENT freed 488K, 78% free 1321K/5955K, paused 1ms+1ms
D/dalvikvm( 1155): GC_CONCURRENT freed 393K, 78% free 1320K/5955K, paused 1ms+1ms

[ 2436.387835] IR: [03932] scan key value is 0xec13c936 
[ 2436.387840]  
[ 2436.440277] IR: [03932] scan key value is 0xec13c936 
[ 2436.440281]  D/dalvikvm( 1155): GC_CONCURRENT freed 506K, 79% free 1295K/5955K, paused 1ms+1ms
I/MainActivity( 2914): onClick -> 52025
I/MainActivity( 2914): catalogColumnID -> 51502
I/ActivityManager(  989): START {act=com.fiship.media.cataLog cmp=com.fiship.media/.SubCatalogListActivity (has extras)} from pid 2914
V/MainActivity( 2914): 启动onlineMovice，用户为  ：null
V/MainActivity( 2914): userName = null ;passwd = null ; DiviceId = null
D/SubCatalogListActivity( 3223): onCreate
D/SubCatalogListActivity( 3223): -- onCreate --
D/OpenGLRenderer( 2914): Flushing caches (mode 1)
D/FeiGridView( 3223): setSelectedPositionInt
D/FeiGridView( 3223): updateSelectedItemMetadata
D/FeiGridView( 3223): no focus change, exit.
E/1111    ( 3223): 11112:51502
D/SubCatalogListActivity( 3223): -- onResume --
D/OpenGLRenderer( 2914): Flushing caches (mode 0)
D/Test    ( 3223): request Url  :http://cibn-iepg.coship.com:8088/msis/getCatalog?zip=1&version=V001&terminalType=1&resolution=1280*720&catalogType=2&userCode=80007&parentId=0&accessSource=5&authKey=d3bcf57eaa3cf05a9f9dc5d226843ce6
D/FeiGridView( 3223): layout
D/FeiGridView( 3223): setSelectedPositionInt
D/FeiGridView( 3223): updateSelectedItemMetadata
D/FeiGridView( 3223): no focus change, exit.
D/FeiGridView( 3223): layout
D/FeiGridView( 3223): setSelectedPositionInt
D/FeiGridView( 3223): updateSelectedItemMetadata
D/FeiGridView( 3223): no focus change, exit.
W/InputManagerService(  989): Starting input on non-focused client com.android.internal.view.IInputMethodClient$Stub$Proxy@416a44e8 (uid=10011 pid=2914)
D/dalvikvm( 1155): GC_CONCURRENT freed 440K, 78% free 1363K/5955K, paused 3ms+1ms
I/ActivityManager(  989): Displayed com.fiship.media/.SubCatalogListActivity: +246ms
D/HomePlayerLib( 1155): hostaddress count is 2
D/dalvikvm( 1155): GC_CONCURRENT freed 444K, 77% free 1386K/5955K, paused 1ms+1ms
D/dalvikvm( 1155): GC_CONCURRENT freed 431K, 76% free 1460K/5955K, paused 1ms+1ms
D/SubCatalogListActivity( 3223): onFocusChange
D/dalvikvm( 1155): GC_CONCURRENT freed 529K, 77% free 1417K/5955K, paused 1ms+2ms
D/SubCatalogListActivity( 3223): getAssetList:
D/Test    ( 3223): request Url  :http://cibn-iepg.coship.com:8088/msis/getAssetList?zip=1&version=V001&terminalType=1&resolution=1280*720&pageSize=24&curPage=1&userCode=80007&queryType=0&catalogId=51522&isRecommend=&assetType=&originName=&publishDate=&authKey=f2083401124de04f7dc06b44be7ea39b
D/dalvikvm( 1155): GC_CONCURRENT freed 465K, 77% free 1424K/5955K, paused 1ms+1ms
D/dalvikvm( 1155): GC_CONCURRENT freed 505K, 77% free 1428K/5955K, paused 1ms+1ms
D/dalvikvm( 3223): GC_CONCURRENT freed 2197K, 29% free 17303K/24259K, paused 2ms+5ms
D/dalvikvm( 1155): GC_CONCURRENT freed 488K, 77% free 1408K/5955K, paused 1ms+1ms
E/StrictMode( 3223): A resource was acquired at attached stack trace but never released. See java.io.Closeable for information on avoiding resource leaks.
E/StrictMode( 3223): java.lang.Throwable: Explicit termination method 'end' not called
E/StrictMode( 3223):    at dalvik.system.CloseGuard.open(CloseGuard.java:184)
E/StrictMode( 3223):    at java.util.zip.Inflater.<init>(Inflater.java:82)
E/StrictMode( 3223):    at java.util.zip.GZIPInputStream.<init>(GZIPInputStream.java:96)
E/StrictMode( 3223):    at java.util.zip.GZIPInputStream.<init>(GZIPInputStream.java:81)
E/StrictMode( 3223):    at com.fiship.media.common.JsonCompress.unCompress(JsonCompress.java:62)
E/StrictMode( 3223):    at com.fiship.ott.transport.action.VodAction.getCatalog(VodAction.java:172)
E/StrictMode( 3223):    at com.fiship.media.SubCatalogListActivity$3.doInBackground(SubCatalogListActivity.java:394)
E/StrictMode( 3223):    at com.fiship.media.SubCatalogListActivity$3.doInBackground(SubCatalogListActivity.java:390)
E/StrictMode( 3223):    at android.os.AsyncTask$2.call(AsyncTask.java:264)
E/StrictMode( 3223):    at java.util.concurrent.FutureTask$Sync.innerRun(FutureTask.java:305)
E/StrictMode( 3223):    at java.util.concurrent.FutureTask.run(FutureTask.java:137)
E/StrictMode( 3223):    at android.os.AsyncTask$SerialExecutor$1.run(AsyncTask.java:208)
E/StrictMode( 3223):    at java.util.concurrent.ThreadPoolExecutor.runWorker(ThreadPoolExecutor.java:1076)
E/StrictMode( 3223):    at java.util.concurrent.ThreadPoolExecutor$Worker.run(ThreadPoolExecutor.java:569)
E/StrictMode( 3223):    at java.lang.Thread.run(Thread.java:856)
D/dalvikvm( 1155): GC_CONCURRENT freed 472K, 78% free 1331K/5955K, paused 1ms+1ms
E/SubCatalogListActivity( 3223): mCurrentPage:24
E/1111    ( 3223): 1111111111
E/TAG     ( 3223): mCurrentPage:1
D/FeiGridView( 3223): layout
D/FeiGridView( 3223): setSelectedPositionInt
D/FeiGridView( 3223): updateSelectedItemMetadata
D/FeiGridView( 3223): no focus change, exit.
D/FeiGridView( 3223): in layout makeAndAddView childrenTop=0
D/FeiGridView( 3223): try to find cached view at 0
D/FeiGridView( 3223): get new View at 0
D/ScaleViewPanel( 3223): ScaleViewPanel constructor
D/dalvikvm( 1155): GC_CONCURRENT freed 403K, 76% free 1438K/5955K, paused 1ms+1ms
D/SubCatalogListActivity( 3223): getAssetList:
D/SubCatalogListActivity( 3223): new view
D/Test    ( 3223): request Url  :http://cibn-iepg.coship.com:8088/msis/getAssetList?zip=1&version=V001&terminalType=1&resolution=1280*720&pageSize=24&curPage=2&userCode=80007&queryType=0&catalogId=51522&isRecommend=&assetType=&originName=&publishDate=&authKey=edf0bee76d28853c4b722df4f4fdd66d
D/FeiGridView( 3223): calculateLeft pos, 0 childLeft = 28
D/FeiGridView( 3223): try to find cached view at 1
D/FeiGridView( 3223): get new View at 1
D/ScaleViewPanel( 3223): ScaleViewPanel constructor
D/SubCatalogListActivity( 3223): new view
D/FeiGridView( 3223): calculateLeft pos, 1 childLeft = 222
D/FeiGridView( 3223): updateSelectedItemMetadata
D/SubCatalogListActivity( 3223): onFocusChange
D/ScaleViewPanel( 3223): onFocusChanged: focus:true: 130
D/FeiGridView( 3223): child com.fiship.media.view.ScaleViewPanel@420c3760 requestFocus
D/FeiGridView( 3223): child com.fiship.media.view.ScaleViewPanel@420c3760has focus
D/FeiGridView( 3223): try to find cached view at 2
D/FeiGridView( 3223): get new View at 2
D/ScaleViewPanel( 3223): ScaleViewPanel constructor
D/SubCatalogListActivity( 3223): new view
D/FeiGridView( 3223): calculateLeft pos, 2 childLeft = 416
D/FeiGridView( 3223): updateSelectedItemMetadata
D/FeiGridView( 3223): child com.fiship.media.view.ScaleViewPanel@420c3760has focus
D/FeiGridView( 3223): try to find cached view at 3
D/FeiGridView( 3223): get new View at 3
D/ScaleViewPanel( 3223): ScaleViewPanel constructor
D/SubCatalogListActivity( 3223): new view
E/        ( 3223): get vaddr failed:pvaddr_read=0x62d7b000,pvaddr_internal=0x62e7b000,pvaddr_write=0x0
D/dalvikvm( 3223): GC_CONCURRENT freed 1898K, 29% free 17347K/24259K, paused 3ms+4ms
D/FeiGridView( 3223): calculateLeft pos, 3 childLeft = 610
E/StrictMode( 3223): A resource was acquired at attached stack trace but never released. See java.io.Closeable for information on avoiding resource leaks.
E/StrictMode( 3223): java.lang.Throwable: Explicit termination method 'end' not called
E/StrictMode( 3223):    at dalvik.system.CloseGuard.open(CloseGuard.java:184)
E/StrictMode( 3223):    at java.util.zip.Inflater.<init>(Inflater.java:82)
E/StrictMode( 3223):    at java.util.zip.GZIPInputStream.<init>(GZIPInputStream.java:96)
E/StrictMode( 3223):    at java.util.zip.GZIPInputStream.<init>(GZIPInputStream.java:81)
E/StrictMode( 3223):    at com.fiship.media.common.JsonCompress.unCompress(JsonCompress.java:62)
E/StrictMode( 3223):    at com.fiship.ott.transport.action.VodAction.getAssetList(VodAction.java:344)
E/StrictMode( 3223):    at com.fiship.media.SubCatalogListActivity$4.doInBackground(SubCatalogListActivity.java:432)
E/StrictMode( 3223):    at com.fiship.media.SubCatalogListActivity$4.doInBackground(SubCatalogListActivity.java:425)
E/StrictMode( 3223):    at android.os.AsyncTask$2.call(AsyncTask.java:264)
E/StrictMode( 3223):    at java.util.concurrent.FutureTask$Sync.innerRun(FutureTask.java:305)
E/StrictMode( 3223):    at java.util.concurrent.FutureTask.run(FutureTask.java:137)
E/StrictMode( 3223):    at android.os.AsyncTask$SerialExecutor$1.run(AsyncTask.java:208)
E/StrictMode( 3223):    at java.util.concurrent.ThreadPoolExecutor.runWorker(ThreadPoolExecutor.java:1076)
E/StrictMode( 3223):    at java.util.concurrent.ThreadPoolExecutor$Worker.run(ThreadPoolExecutor.java:569)
E/StrictMode( 3223):    at java.lang.Thread.run(Thread.java:856)
D/FeiGridView( 3223): updateSelectedItemMetadata
D/FeiGridView( 3223): child com.fiship.media.view.ScaleViewPanel@420c3760has focus
D/FeiGridView( 3223): try to find cached view at 4
D/FeiGridView( 3223): get new View at 4
D/ScaleViewPanel( 3223): ScaleViewPanel constructor
D/SubCatalogListActivity( 3223): new view
D/FeiGridView( 3223): calculateLeft pos, 4 childLeft = 804
D/FeiGridView( 3223): updateSelectedItemMetadata
D/dalvikvm( 1155): GC_CONCURRENT freed 516K, 77% free 1410K/5955K, paused 1ms+1ms
D/FeiGridView( 3223): child com.fiship.media.view.ScaleViewPanel@420c3760has focus
D/FeiGridView( 3223): try to find cached view at 5
D/FeiGridView( 3223): get new View at 5
D/ScaleViewPanel( 3223): ScaleViewPanel constructor
D/SubCatalogListActivity( 3223): new view
D/FeiGridView( 3223): calculateLeft pos, 5 childLeft = 998
D/FeiGridView( 3223): updateSelectedItemMetadata
D/FeiGridView( 3223): child com.fiship.media.view.ScaleViewPanel@420c3760has focus
D/FeiGridView( 3223): try to find cached view at 6
D/FeiGridView( 3223): get new View at 6
D/ScaleViewPanel( 3223): ScaleViewPanel constructor
E/        ( 3223): get vaddr failed:pvaddr_read=0x62d7b000,pvaddr_internal=0x62e7b000,pvaddr_write=0x0
D/SubCatalogListActivity( 3223): new view
D/FeiGridView( 3223): calculateLeft pos, 6 childLeft = 28
D/FeiGridView( 3223): updateSelectedItemMetadata
D/FeiGridView( 3223): child com.fiship.media.view.ScaleViewPanel@420c3760has focus
D/FeiGridView( 3223): try to find cached view at 7
D/FeiGridView( 3223): get new View at 7
D/ScaleViewPanel( 3223): ScaleViewPanel constructor
E/        ( 3223): get vaddr failed:pvaddr_read=0x62d7b000,pvaddr_internal=0x62e7b000,pvaddr_write=0x0
D/SubCatalogListActivity( 3223): new view
D/FeiGridView( 3223): calculateLeft pos, 7 childLeft = 222
D/FeiGridView( 3223): updateSelectedItemMetadata
D/FeiGridView( 3223): child com.fiship.media.view.ScaleViewPanel@420c3760has focus
D/FeiGridView( 3223): try to find cached view at 8
D/FeiGridView( 3223): get new View at 8
D/ScaleViewPanel( 3223): ScaleViewPanel constructor
D/SubCatalogListActivity( 3223): new view
E/        ( 3223): get vaddr failed:pvaddr_read=0x62d7b000,pvaddr_internal=0x62e7b000,pvaddr_write=0x0
D/FeiGridView( 3223): calculateLeft pos, 8 childLeft = 416
D/FeiGridView( 3223): updateSelectedItemMetadata
D/FeiGridView( 3223): child com.fiship.media.view.ScaleViewPanel@420c3760has focus
D/FeiGridView( 3223): try to find cached view at 9
D/FeiGridView( 3223): get new View at 9
D/ScaleViewPanel( 3223): ScaleViewPanel constructor
E/        ( 3223): get vaddr failed:pvaddr_read=0x62d7b000,pvaddr_internal=0x62e7b000,pvaddr_write=0x0
D/SubCatalogListActivity( 3223): new view
D/FeiGridView( 3223): calculateLeft pos, 9 childLeft = 610
D/FeiGridView( 3223): updateSelectedItemMetadata
D/FeiGridView( 3223): child com.fiship.media.view.ScaleViewPanel@420c3760has focus
D/FeiGridView( 3223): try to find cached view at 10
D/FeiGridView( 3223): get new View at 10
D/ScaleViewPanel( 3223): ScaleViewPanel constructor
D/SubCatalogListActivity( 3223): new view
D/FeiGridView( 3223): calculateLeft pos, 10 childLeft = 804
D/FeiGridView( 3223): updateSelectedItemMetadata
D/FeiGridView( 3223): child com.fiship.media.view.ScaleViewPanel@420c3760has focus
D/FeiGridView( 3223): try to find cached view at 11
D/FeiGridView( 3223): get new View at 11
D/dalvikvm( 1155): GC_CONCURRENT freed 485K, 78% free 1355K/5955K, paused 1ms+1ms
E/        ( 3223): get vaddr failed:pvaddr_read=0x62d7b000,pvaddr_internal=0x62e7b000,pvaddr_write=0x0
D/ScaleViewPanel( 3223): ScaleViewPanel constructor
D/SubCatalogListActivity( 3223): new view
E/        ( 3223): get vaddr failed:pvaddr_read=0x62d7b000,pvaddr_internal=0x62e7b000,pvaddr_write=0x0
D/FeiGridView( 3223): calculateLeft pos, 11 childLeft = 998
D/FeiGridView( 3223): updateSelectedItemMetadata
D/FeiGridView( 3223): child com.fiship.media.view.ScaleViewPanel@420c3760has focus
D/FeiGridView( 3223): updateSelectedItemMetadata
D/FeiGridView( 3223): child com.fiship.media.view.ScaleViewPanel@420c3760has focus
E/        ( 3223): get vaddr failed:pvaddr_read=0x62d7b000,pvaddr_internal=0x62e7b000,pvaddr_write=0x0
D/dalvikvm( 1155): GC_CONCURRENT freed 432K, 76% free 1432K/5955K, paused 1ms+1ms
E/        ( 3223): get vaddr failed:pvaddr_read=0x62d7b000,pvaddr_internal=0x62e7b000,pvaddr_write=0x0
E/        ( 3223): get vaddr failed:pvaddr_read=0x62d7b000,pvaddr_internal=0x62e7b000,pvaddr_write=0x0
E/        ( 3223): get vaddr failed:pvaddr_read=0x62d7b000,pvaddr_internal=0x62e7b000,pvaddr_write=0x0
D/FeiGridView( 3223): getChildDrawingOrder:i = 0
D/FeiGridView( 3223): getChildDrawingOrder:index = 0
D/dalvikvm( 3223): GC_CONCURRENT freed 646K, 24% free 18645K/24259K, paused 2ms+4ms
E/        ( 3223): get vaddr failed:pvaddr_read=0x62d7b000,pvaddr_internal=0x62e7b000,pvaddr_write=0x0
D/ScaleViewPanel( 3223): paddingBottom = :35
D/FeiGridView( 3223): getChildDrawingOrder:i = 1
D/FeiGridView( 3223): getChildDrawingOrder:index = 0
D/ScaleViewPanel( 3223): paddingBottom = :35
D/FeiGridView( 3223): getChildDrawingOrder:i = 2
D/FeiGridView( 3223): getChildDrawingOrder:index = 0
D/dalvikvm( 1155): GC_CONCURRENT freed 515K, 77% free 1423K/5955K, paused 1ms+1ms
D/ScaleViewPanel( 3223): paddingBottom = :35
D/FeiGridView( 3223): getChildDrawingOrder:i = 3
D/FeiGridView( 3223): getChildDrawingOrder:index = 0
D/ScaleViewPanel( 3223): paddingBottom = :35
D/FeiGridView( 3223): getChildDrawingOrder:i = 4
D/FeiGridView( 3223): getChildDrawingOrder:index = 0
D/ScaleViewPanel( 3223): paddingBottom = :35
D/FeiGridView( 3223): getChildDrawingOrder:i = 5
D/FeiGridView( 3223): getChildDrawingOrder:index = 0
D/ScaleViewPanel( 3223): paddingBottom = :35
D/FeiGridView( 3223): getChildDrawingOrder:i = 6
D/FeiGridView( 3223): getChildDrawingOrder:index = 0
D/ScaleViewPanel( 3223): paddingBottom = :35
D/FeiGridView( 3223): getChildDrawingOrder:i = 7
D/FeiGridView( 3223): getChildDrawingOrder:index = 0
D/ScaleViewPanel( 3223): paddingBottom = :35
D/FeiGridView( 3223): getChildDrawingOrder:i = 8
D/FeiGridView( 3223): getChildDrawingOrder:index = 0
D/ScaleViewPanel( 3223): paddingBottom = :35
D/FeiGridView( 3223): getChildDrawingOrder:i = 9
D/FeiGridView( 3223): getChildDrawingOrder:index = 0
D/ScaleViewPanel( 3223): paddingBottom = :35
D/FeiGridView( 3223): getChildDrawingOrder:i = 10
D/FeiGridView( 3223): getChildDrawingOrder:index = 0
D/ScaleViewPanel( 3223): paddingBottom = :35
D/FeiGridView( 3223): getChildDrawingOrder:i = 11
D/FeiGridView( 3223): getChildDrawingOrder:index = 0
D/ScaleViewPanel( 3223): paddingBottom = :35
D/ScaleViewPanel( 3223): dispatchDraw
E/        ( 3223): get vaddr failed:pvaddr_read=0x62d7b000,pvaddr_internal=0x62e7b000,pvaddr_write=0x0
D/dalvikvm( 3223): GC_FOR_ALLOC freed 696K, 22% free 18967K/24259K, paused 33ms
D/ScaleViewPanel( 3223): ScaleViewPanel constructor
D/SubCatalogListActivity( 3223): new view
D/FeiGridView( 3223): layout
D/FeiGridView( 3223): mSelectedPosition >= 0 ,layout exit
D/FeiGridView( 3223): getChildDrawingOrder:i = 0
D/FeiGridView( 3223): getChildDrawingOrder:index = 0
E/        ( 3223): get vaddr failed:pvaddr_read=0x62d7b000,pvaddr_internal=0x62e7b000,pvaddr_write=0x0
E/        ( 3223): get vaddr failed:pvaddr_read=0x62d7b000,pvaddr_internal=0x62e7b000,pvaddr_write=0x0
E/        ( 3223): get vaddr failed:pvaddr_read=0x62d7b000,pvaddr_internal=0x62e7b000,pvaddr_write=0x0
D/ScaleViewPanel( 3223): paddingBottom = :35
D/FeiGridView( 3223): getChildDrawingOrder:i = 1
D/FeiGridView( 3223): getChildDrawingOrder:index = 0
D/ScaleViewPanel( 3223): paddingBottom = :35
D/FeiGridView( 3223): getChildDrawingOrder:i = 2
D/FeiGridView( 3223): getChildDrawingOrder:index = 0
D/ScaleViewPanel( 3223): paddingBottom = :35
D/FeiGridView( 3223): getChildDrawingOrder:i = 3
D/FeiGridView( 3223): getChildDrawingOrder:index = 0
D/ScaleViewPanel( 3223): paddingBottom = :35
D/FeiGridView( 3223): getChildDrawingOrder:i = 4
D/FeiGridView( 3223): getChildDrawingOrder:index = 0
D/ScaleViewPanel( 3223): paddingBottom = :35
D/FeiGridView( 3223): getChildDrawingOrder:i = 5
D/FeiGridView( 3223): getChildDrawingOrder:index = 0
D/ScaleViewPanel( 3223): paddingBottom = :35
D/FeiGridView( 3223): getChildDrawingOrder:i = 6
D/FeiGridView( 3223): getChildDrawingOrder:index = 0
D/ScaleViewPanel( 3223): paddingBottom = :35
D/FeiGridView( 3223): getChildDrawingOrder:i = 7
D/FeiGridView( 3223): getChildDrawingOrder:index = 0
D/ScaleViewPanel( 3223): paddingBottom = :35
D/FeiGridView( 3223): getChildDrawingOrder:i = 8
D/FeiGridView( 3223): getChildDrawingOrder:index = 0
D/ScaleViewPanel( 3223): paddingBottom = :35
D/FeiGridView( 3223): getChildDrawingOrder:i = 9
D/FeiGridView( 3223): getChildDrawingOrder:index = 0
D/ScaleViewPanel( 3223): paddingBottom = :35
D/FeiGridView( 3223): getChildDrawingOrder:i = 10
D/FeiGridView( 3223): getChildDrawingOrder:index = 0
D/ScaleViewPanel( 3223): paddingBottom = :35
D/FeiGridView( 3223): getChildDrawingOrder:i = 11
D/FeiGridView( 3223): getChildDrawingOrder:index = 0
D/ScaleViewPanel( 3223): paddingBottom = :35
D/ScaleViewPanel( 3223): dispatchDraw
E/        ( 3223): get vaddr failed:pvaddr_read=0x62d7b000,pvaddr_internal=0x62e7b000,pvaddr_write=0x0
D/dalvikvm( 1155): GC_CONCURRENT freed 508K, 78% free 1316K/5955K, paused 1ms+13ms
D/dalvikvm( 3223): GC_FOR_ALLOC freed 770K, 22% free 19407K/24579K, paused 63ms
D/FeiGridView( 3223): layout
D/FeiGridView( 3223): mSelectedPosition >= 0 ,layout exit
D/FeiGridView( 3223): getChildDrawingOrder:i = 0
D/FeiGridView( 3223): getChildDrawingOrder:index = 0
D/ScaleViewPanel( 3223): paddingBottom = :35
D/FeiGridView( 3223): getChildDrawingOrder:i = 1
D/FeiGridView( 3223): getChildDrawingOrder:index = 0
D/FeiGridView( 3223): getChildDrawingOrder:i = 2
D/FeiGridView( 3223): getChildDrawingOrder:index = 0
D/FeiGridView( 3223): getChildDrawingOrder:i = 3
D/FeiGridView( 3223): getChildDrawingOrder:index = 0
D/ScaleViewPanel( 3223): paddingBottom = :35
D/FeiGridView( 3223): getChildDrawingOrder:i = 4
D/FeiGridView( 3223): getChildDrawingOrder:index = 0
D/FeiGridView( 3223): getChildDrawingOrder:i = 5
D/FeiGridView( 3223): getChildDrawingOrder:index = 0
D/ScaleViewPanel( 3223): paddingBottom = :35
E/        ( 3223): get vaddr failed:pvaddr_read=0x62d7b000,pvaddr_internal=0x62e7b000,pvaddr_write=0x0
D/FeiGridView( 3223): getChildDrawingOrder:i = 6
D/FeiGridView( 3223): getChildDrawingOrder:index = 0
D/FeiGridView( 3223): getChildDrawingOrder:i = 7
D/FeiGridView( 3223): getChildDrawingOrder:index = 0
D/FeiGridView( 3223): getChildDrawingOrder:i = 8
D/FeiGridView( 3223): getChildDrawingOrder:index = 0
D/FeiGridView( 3223): getChildDrawingOrder:i = 9
D/FeiGridView( 3223): getChildDrawingOrder:index = 0
D/FeiGridView( 3223): getChildDrawingOrder:i = 10
D/FeiGridView( 3223): getChildDrawingOrder:index = 0
D/FeiGridView( 3223): getChildDrawingOrder:i = 11
D/FeiGridView( 3223): getChildDrawingOrder:index = 0
D/FeiGridView( 3223): getChildDrawingOrder:i = 0
D/FeiGridView( 3223): getChildDrawingOrder:index = 0
D/FeiGridView( 3223): getChildDrawingOrder:i = 1
D/FeiGridView( 3223): getChildDrawingOrder:index = 0
D/FeiGridView( 3223): getChildDrawingOrder:i = 2
D/FeiGridView( 3223): getChildDrawingOrder:index = 0
D/FeiGridView( 3223): getChildDrawingOrder:i = 3
D/FeiGridView( 3223): getChildDrawingOrder:index = 0
D/FeiGridView( 3223): getChildDrawingOrder:i = 4
D/FeiGridView( 3223): getChildDrawingOrder:index = 0
D/FeiGridView( 3223): getChildDrawingOrder:i = 5
D/FeiGridView( 3223): getChildDrawingOrder:index = 0
D/dalvikvm( 1155): GC_CONCURRENT freed 390K, 76% free 1443K/5955K, paused 6ms+2ms
D/FeiGridView( 3223): getChildDrawingOrder:i = 6
D/FeiGridView( 3223): getChildDrawingOrder:index = 0
D/FeiGridView( 3223): getChildDrawingOrder:i = 7
D/FeiGridView( 3223): getChildDrawingOrder:index = 0
D/FeiGridView( 3223): getChildDrawingOrder:i = 8
D/FeiGridView( 3223): getChildDrawingOrder:index = 0
D/FeiGridView( 3223): getChildDrawingOrder:i = 9
D/FeiGridView( 3223): getChildDrawingOrder:index = 0
D/FeiGridView( 3223): getChildDrawingOrder:i = 10
D/FeiGridView( 3223): getChildDrawingOrder:index = 0
D/FeiGridView( 3223): getChildDrawingOrder:i = 11
D/FeiGridView( 3223): getChildDrawingOrder:index = 0
D/ScaleViewPanel( 3223): paddingBottom = :35
D/ScaleViewPanel( 3223): dispatchDraw
E/        ( 3223): get vaddr failed:pvaddr_read=0x62d7b000,pvaddr_internal=0x62e7b000,pvaddr_write=0x0
D/FeiGridView( 3223): layout
D/FeiGridView( 3223): mSelectedPosition >= 0 ,layout exit
D/FeiGridView( 3223): getChildDrawingOrder:i = 0
D/FeiGridView( 3223): getChildDrawingOrder:index = 0
D/FeiGridView( 3223): getChildDrawingOrder:i = 1
D/FeiGridView( 3223): getChildDrawingOrder:index = 0
D/FeiGridView( 3223): getChildDrawingOrder:i 
[ 2439.028412] IR: [03932] scan key value is 0xf10ec936 
[ 2439.028417]  = 2
D/FeiGridView( 3223): getChildDrawingOrder:index = 0
D/ScaleViewPanel( 3223): paddingBottom = :35
D/FeiGridView( 3223): getChildDrawingOrder:i = 3
D/FeiGridView( 3223): getChildDrawingOrder:index = 0
D/FeiGridView( 3223): getChildDrawingOrder:i = 4
D/FeiGridView( 3223): getChildDrawingOrder:index = 0
D/ScaleViewPanel( 3223): paddingBottom = :35
D/FeiGridView( 3223): getChildDrawingOrder:i = 5
D/FeiGridView( 3223): getChildDrawingOrder:index = 0
D/FeiGridView( 3223): getChildDrawingOrder:i = 6
D/FeiGridView( 
[ 2439.080827] IR: [03932] scan key value is 0xf10ec936 
[ 2439.080831]  3223): getChildDrawingOrder:index = 0
D/FeiGridView( 3223): getChildDrawingOrder:i = 7
D/FeiGridView( 3223): getChildDrawingOrder:index = 0
D/FeiGridView( 3223): getChildDrawingOrder:i = 8
D/FeiGridView( 3223): getChildDrawingOrder:index = 0
D/FeiGridView( 3223): getChildDrawingOrder:i = 9
D/FeiGridView( 3223): getChildDrawingOrder:index = 0
D/FeiGridView( 3223): getChildDrawingOrder:i = 10
D/FeiGridView( 3223): getChildDrawingOrder:index = 0
D/FeiGridView( 3223): getChildDrawingOrder:i = 11
D/FeiGridView( 3223): getChildDrawingOrder:index = 0
E/        ( 3223): get vaddr failed:pvaddr_read=0x62d7b000,pvaddr_internal=0x62e7b000,pvaddr_write=0x0
D/dalvikvm( 3223): GC_FOR_ALLOC freed 1270K, 23% free 19428K/25091K, paused 34ms
E/        ( 3223): get vaddr failed:pvaddr_read=0x62d7b000,pvaddr_internal=0x62e7b000,pvaddr_write=0x0
E/        ( 3223): get vaddr failed:pvaddr_read=0x62d7b000,pvaddr_internal=0x62e7b000,pvaddr_write=0x0
D/FeiGridView( 3223): layout
D/FeiGridView( 3223): mSelectedPosition >= 0 ,layout exit
D/FeiGridView( 3223): getChildDrawingOrder:i = 0
D/FeiGridView( 3223): getChildDrawingOrder:index = 0
D/FeiGridView( 3223): getChildDrawingOrder:i = 1
D/FeiGridView( 3223): getChildDrawingOrder:index = 0
D/FeiGridView( 3223): getChildDrawingOrder:i = 2
D/FeiGridView( 3223): getChildDrawingOrder:index = 0
D/FeiGridView( 3223): getChildDrawingOrder:i = 3
D/FeiGridView( 3223): getChildDrawingOrder:index = 0
D/FeiGridView( 3223): getChildDrawingOrder:i = 4
D/FeiGridView( 3223): getChildDrawingOrder:index = 0
D/FeiGridView( 3223): getChildDrawingOrder:i = 5
D/FeiGridView( 3223): getChildDrawingOrder:index = 0
D/FeiGridView( 3223): getChildDrawingOrder:i = 6
D/FeiGridView( 3223): getChildDrawingOrder:index = 0
D/FeiGridView( 3223): getChildDrawingOrder:i = 7
D/FeiGridView( 3223): getChildDrawingOrder:index = 0
D/FeiGridView( 3223): getChildDrawingOrder:i = 8
D/FeiGridView( 3223): getChildDrawingOrder:index = 0
D/FeiGridView( 3223): getChildDrawingOrder:i = 9
D/FeiGridView( 3223): getChildDrawingOrder:index = 0
D/ScaleViewPanel( 3223): paddingBottom = :35
D/FeiGridView( 3223): getChildDrawingOrder:i = 10
D/FeiGridView( 3223): getChildDrawingOrder:index = 0
D/FeiGridView( 3223): getChildDrawingOrder:i = 11
D/FeiGridView( 3223): getChildDrawingOrder:index = 0
E/        ( 3223): get vaddr failed:pvaddr_read=0x62d7b000,pvaddr_internal=0x62e7b000,pvaddr_write=0x0
D/FeiGridView( 3223): layout
D/FeiGridView( 3223): mSelectedPosition >= 0 ,layout exit
D/FeiGridView( 3223): getChildDrawingOrder:i = 0
D/FeiGridView( 3223): getChildDrawingOrder:index = 0
D/FeiGridView( 3223): getChildDrawingOrder:i = 1
D/FeiGridView( 3223): getChildDrawingOrder:index = 0
D/FeiGridView( 3223): getChildDrawingOrder:i = 2
D/FeiGridView( 3223): getChildDrawingOrder:index = 0
D/FeiGridView( 3223): getChildDrawingOrder:i = 3
D/FeiGridView( 3223): getChildDrawingOrder:index = 0
D/FeiGridView( 3223): getChildDrawingOrder:i = 4
D/FeiGridView( 3223): getChildDrawingOrder:index = 0
D/FeiGridView( 3223): getChildDrawingOrder:i = 5
D/FeiGridView( 3223): getChildDrawingOrder:index = 0
D/FeiGridView( 3223): getChildDrawingOrder:i = 6
D/FeiGridView( 3223): getChildDrawingOrder:index = 0
D/FeiGridView( 3223): getChildDrawingOrder:i = 7
D/FeiGridView( 3223): getChildDrawingOrder:index = 0
D/FeiGridView( 3223): getChildDrawingOrder:i = 8
D/FeiGridView( 3223): getChildDrawingOrder:index = 0
D/FeiGridView( 3223): getChildDrawingOrder:i = 9
D/FeiGridView( 3223): getChildDrawingOrder:index = 0
D/FeiGridView( 3223): getChildDrawingOrder:i = 10
D/FeiGridView( 3223): getChildDrawingOrder:index = 0
D/ScaleViewPanel( 3223): paddingBottom = :35
D/FeiGridView( 3223): getChildDrawingOrder:i = 11
D/FeiGridView( 3223): getChildDrawingOrder:index = 0
E/        ( 3223): get vaddr failed:pvaddr_read=0x62d7b000,pvaddr_internal=0x62e7b000,pvaddr_write=0x0
D/dalvikvm( 1155): GC_CONCURRENT freed 520K, 76% free 1429K/5955K, paused 1ms+3ms
D/dalvikvm( 3223): GC_FOR_ALLOC freed 1053K, 22% free 19789K/25219K, paused 39ms
D/FeiGridView( 3223): layout
D/FeiGridView( 3223): mSelectedPosition >= 0 ,layout exit
D/FeiGridView( 3223): getChildDrawingOrder:i = 0
D/FeiGridView( 3223): getChildDrawingOrder:index = 0
D/FeiGridView( 3223): getChildDrawingOrder:i = 1
D/FeiGridView( 3223): getChildDrawingOrder:index = 0
D/FeiGridView( 3223): getChildDrawingOrder:i = 2
D/FeiGridView( 3223): getChildDrawingOrder:index = 0
D/FeiGridView( 3223): getChildDrawingOrder:i = 3
D/FeiGridView( 3223): getChildDrawingOrder:index = 0
D/FeiGridView( 3223): getChildDrawingOrder:i = 4
D/FeiGridView( 3223): getChildDrawingOrder:index = 0
D/FeiGridView( 3223): getChildDrawingOrder:i = 5
D/FeiGridView( 3223): getChildDrawingOrder:index = 0
D/FeiGridView( 3223): getChildDrawingOrder:i = 6
D/FeiGridView( 3223): getChildDrawingOrder:index = 0
D/FeiGridView( 3223): getChildDrawingOrder:i = 7
D/FeiGridView( 3223): getChildDrawingOrder:index = 0
D/ScaleViewPanel( 3223): paddingBottom = :35
D/FeiGridView( 3223): getChildDrawingOrder:i = 8
D/FeiGridView( 3223): getChildDrawingOrder:index = 0
D/FeiGridView( 3223): getChildDrawingOrder:i = 9
D/FeiGridView( 3223): getChildDrawingOrder:index = 0
D/FeiGridView( 3223): getChildDrawingOrder:i = 10
D/FeiGridView( 3223): getChildDrawingOrder:index = 0
D/FeiGridView( 3223): getChildDrawingOrder:i = 11
D/FeiGridView( 3223): getChildDrawingOrder:index = 0
D/dalvikvm( 3223): GC_FOR_ALLOC freed 805K, 22% free 19994K/25411K, paused 39ms
D/FeiGridView( 3223): layout
D/FeiGridView( 3223): mSelectedPosition >= 0 ,layout exit
D/FeiGridView( 3223): getChildDrawingOrder:i = 0
D/FeiGridView( 3223): getChildDrawingOrder:index = 0
D/FeiGridView( 3223): getChildDrawingOrder:i = 1
D/FeiGridView( 3223): getChildDrawingOrder:index = 0
D/FeiGridView( 3223): getChildDrawingOrder:i = 2
D/FeiGridView( 3223): getChildDrawingOrder:index = 0
D/FeiGridView( 3223): getChildDrawingOrder:i = 3
D/FeiGridView( 3223): getChildDrawingOrder:index = 0
D/FeiGridView( 3223): getChildDrawingOrder:i = 4
D/FeiGridView( 3223): getChildDrawingOrder:index = 0
D/FeiGridView( 3223): getChildDrawingOrder:i = 5
D/FeiGridView( 3223): getChildDrawingOrder:index = 0
D/FeiGridView( 3223): getChildDrawingOrder:i = 6
D/FeiGridView( 3223): getChildDrawingOrder:index = 0
D/FeiGridView( 3223): getChildDrawingOrder:i = 7
D/FeiGridView( 3223): getChildDrawingOrder:index = 0
D/FeiGridView( 3223): getChildDrawingOrder:i = 8
D/FeiGridView( 3223): getChildDrawingOrder:index = 0
D/ScaleViewPanel( 3223): paddingBottom = :35
D/FeiGridView( 3223): getChildDrawingOrder:i = 9
D/FeiGridView( 3223): getChildDrawingOrder:index = 0
D/FeiGridView( 3223): getChildDrawingOrder:i = 10
D/FeiGridView( 3223): getChildDrawingOrder:index = 0
D/FeiGridView( 3223): getChildDrawingOrder:i = 11
D/FeiGridView( 3223): getChildDrawingOrder:index = 0
D/FeiGridView( 3223): layout
D/FeiGridView( 3223): mSelectedPosition >= 0 ,layout exit
D/FeiGridView( 3223): getChildDrawingOrder:i = 0
D/FeiGridView( 3223): getChildDrawingOrder:index = 0
D/FeiGridView( 3223): getChildDrawingOrder:i = 1
D/FeiGridView( 3223): getChildDrawingOrder:index = 0
D/FeiGridView( 3223): getChildDrawingOrder:i = 2
D/FeiGridView( 3223): getChildDrawingOrder:index = 0
D/FeiGridView( 3223): getChildDrawingOrder:i = 3
D/FeiGridView( 3223): getChildDrawingOrder:index = 0
D/FeiGridView( 3223): getChildDrawingOrder:i = 4
D/FeiGridView( 3223): getChildDrawingOrder:index = 0
D/FeiGridView( 3223): getChildDrawingOrder:i = 5
D/FeiGridView( 3223): getChildDrawingOrder:index = 0
D/FeiGridView( 3223): getChildDrawingOrder:i = 6
D/FeiGridView( 3223): getChildDrawingOrder:index = 0
D/ScaleViewPanel( 3223): paddingBottom = :35
D/FeiGridView( 3223): getChildDrawingOrder:i = 7
D/FeiGridView( 3223): getChildDrawingOrder:index = 0
D/FeiGridView( 3223): getChildDrawingOrder:i = 8
D/FeiGridView( 3223): getChildDrawingOrder:index = 0
D/FeiGridView( 3223): getChildDrawingOrder:i = 9
D/FeiGridView( 3223): getChildDrawingOrder:index = 0
D/FeiGridView( 3223): getChildDrawingOrder:i = 10
D/FeiGridView( 3223): getChildDrawingOrder:index = 0
D/FeiGridView( 3223): getChildDrawingOrder:i = 11
D/FeiGridView( 3223): getChildDrawingOrder:index = 0
D/dalvikvm( 1155): GC_CONCURRENT freed 582K, 78% free 1349K/5955K, paused 2ms+1ms
E/SubCatalogListActivity( 3223): mCurrentPage:24
E/1111    ( 3223): 1111111111
E/TAG     ( 3223): mCurrentPage:2
D/SubCatalogListActivity( 3223): getAssetList:
D/FeiGridView( 3223): layout
D/FeiGridView( 3223): mSelectedPosition >= 0 ,layout exit
D/Test    ( 3223): request Url  :http://cibn-iepg.coship.com:8088/msis/getAssetList?zip=1&version=V001&terminalType=1&resolution=1280*720&pageSize=24&curPage=3&userCode=80007&queryType=0&catalogId=51522&isRecommend=&assetType=&originName=&publishDate=&authKey=dded51590d39184eae2a4b6a5cba869e
D/dalvikvm( 1155): GC_CONCURRENT freed 426K, 75% free 1502K/5955K, paused 1ms+1ms
D/dalvikvm( 3223): GC_CONCURRENT freed 2485K, 25% free 19438K/25667K, paused 3ms+5ms
E/StrictMode( 3223): A resource was acquired at attached stack trace but never released. See java.io.Closeable for information on avoiding resource leaks.
E/StrictMode( 3223): java.lang.Throwable: Explicit termination method 'end' not called
E/StrictMode( 3223):    at dalvik.system.CloseGuard.open(CloseGuard.java:184)
E/StrictMode( 3223):    at java.util.zip.Inflater.<init>(Inflater.java:82)
E/StrictMode( 3223):    at java.util.zip.GZIPInputStream.<init>(GZIPInputStream.java:96)
E/StrictMode( 3223):    at java.util.zip.GZIPInputStream.<init>(GZIPInputStream.java:81)
E/StrictMode( 3223):    at com.fiship.media.common.JsonCompress.unCompress(JsonCompress.java:62)
E/StrictMode( 3223):    at com.fiship.ott.transport.action.VodAction.getAssetList(VodAction.java:344)
E/StrictMode( 3223):    at com.fiship.media.SubCatalogListActivity$4.doInBackground(SubCatalogListActivity.java:432)
E/StrictMode( 3223):    at com.fiship.media.SubCatalogListActivity$4.doInBackground(SubCatalogListActivity.java:425)
E/StrictMode( 3223):    at android.os.AsyncTask$2.call(AsyncTask.java:264)
E/StrictMode( 3223):    at java.util.concurrent.FutureTask$Sync.innerRun(FutureTask.java:305)
E/StrictMode( 3223):    at java.util.concurrent.FutureTask.run(FutureTask.java:137)
E/StrictMode( 3223):    at android.os.AsyncTask$SerialExecutor$1.run(AsyncTask.java:208)
E/StrictMode( 3223):    at java.util.concurrent.ThreadPoolExecutor.runWorker(ThreadPoolExecutor.java:1076)
E/StrictMode( 3223):    at java.util.concurrent.ThreadPoolExecutor$Worker.run(ThreadPoolExecutor.java:569)
E/StrictMode( 3223):    at java.lang.Thread.run(Thread.java:856)
D/SubCatalogListActivity( 3223): -- onRestart --
I/MainActivity( 2914):  onResume
W/InputManagerService(  989): Starting input on non-focused client com.android.internal.view.IInputMethodClient$Stub$Proxy@4166df70 (uid=10012 pid=3223)
D/OpenGLRenderer( 3223): Flushing caches (mode 0)
E/SubCatalogListActivity( 3223): mCurrentPage:24
E/1111    ( 3223): 1111111111
E/TAG     ( 3223): mCurrentPage:3
D/SubCatalogListActivity( 3223): getAssetList:
D/Test    ( 3223): request Url  :http://cibn-iepg.coship.com:8088/msis/getAssetList?zip=1&version=V001&terminalType=1&resolution=1280*720&pageSize=24&curPage=4&userCode=80007&queryType=0&catalogId=51522&isRecommend=&assetType=&originName=&publishDate=&authKey=3496b301d237de60a7098a98bf1a214a
D/FeiGridView( 3223): layout
D/FeiGridView( 3223): mSelectedPosition >= 0 ,layout exit
D/dalvikvm( 3223): GC_CONCURRENT freed 1886K, 25% free 19472K/25667K, paused 3ms+4ms
D/OpenGLRenderer( 3223): Flushing caches (mode 1)
D/ScaleViewPanel( 3223): onFocusChanged: focus:false: 0
D/FeiGridView( 3223): onFocusChanged
D/FeiGridView( 3223): setSelectedPositionInt
D/FeiGridView( 3223): updateSelectedItemMetadata
D/FeiGridView( 3223): no focus change, exit.
D/FeiGridView( 3223): onFocusChanged
D/FeiGridView( 3223): setSelectedPositionInt
D/FeiGridView( 3223): updateSelectedItemMetadata
D/FeiGridView( 3223): no focus change, exit.
D/SubCatalogListActivity( 3223): onDestroy
D/dalvikvm( 3223): GC_EXPLICIT freed 946K, 25% free 19346K/25667K, paused 4ms+4ms
E/StrictMode( 3223): class com.fiship.media.SubCatalogListActivity; instances=2; limit=1
E/StrictMode( 3223): android.os.StrictMode$InstanceCountViolation: class com.fiship.media.SubCatalogListActivity; instances=2; limit=1
E/StrictMode( 3223):    at android.os.StrictMode.setClassInstanceLimit(StrictMode.java:1)
E/SubCatalogListActivity( 3223): mCurrentPage:22
E/1111    ( 3223): 1111111111
I/ActivityManager(  989): Start proc com.coship.changetheaudiooutput for service com.coship.changetheaudiooutput/.AudioOutputServer: pid=3270 uid=10029 gids={3002, 3001, 3004}
V/AudioOutputServer( 3270): +++++onCreate+++++

[ 2441.055767] IR: [03932] scan key value is 0xee11c936 
[ 2441.055771]  V/RootManagerImpl( 2914): onFocusChange false
V/RootManagerImpl( 2914): onFocusChange true
D/ScaleViewPanel( 2914): dispatchDraw

[ 2441.108214] IR: [03932] scan key value is 0xee11c936 
[ 2441.108219]  D/InputEventConsistencyVerifier( 2914): KeyEvent: ACTION_UP but key was not down.
D/InputEventConsistencyVerifier( 2914):   in com.fiship.cibn.view.ScaleViewPanel@418210e8
D/InputEventConsistencyVerifier( 2914):   0: sent at 2441276000000, KeyEvent { action=ACTION_UP, keyCode=KEYCODE_DPAD_UP, scanCode=103, metaState=0, flags=0x8, repeatCount=0, eventTime=2441276, downTime=2441061, deviceId=1, source=0x101 }
D/InputEventConsistencyVerifier( 2914):   -- recent events --
D/InputEventConsistencyVerifier( 2914):   1: sent at 1974782000000, (unhandled) KeyEvent { action=ACTION_DOWN, keyCode=KEYCODE_DPAD_RIGHT, scanCode=106, metaState=0, flags=0x8, repeatCount=0, eventTime=1974782, downTime=1974782, deviceId=1, source=0x101 }
D/InputEventConsistencyVerifier( 2914):   2: sent at 1974732000000, (unhandled) KeyEvent { action=ACTION_UP, keyCode=KEYCODE_DPAD_RIGHT, scanCode=106, metaState=0, flags=0x80000008, repeatCount=0, eventTime=1974732, downTime=1974520, deviceId=1, source=0x101 }
D/ScaleViewPanel( 2914): dispatchDraw

[ 2441.599652] IR: [03932] scan key value is 0xec13c936 
[ 2441.599657]  
[ 2441.652071] IR: [03932] scan key value is 0xec13c936 
[ 2441.652075]  I/MainActivity( 2914): onClick -> 52023
I/MainActivity( 2914): catalogColumnID -> 51501
I/ActivityManager(  989): START {act=com.fiship.media.cataLog cmp=com.fiship.media/.SubCatalogListActivity (has extras)} from pid 2914
V/MainActivity( 2914): 启动onlineMovice，用户为  ：null
V/MainActivity( 2914): userName = null ;passwd = null ; DiviceId = null
D/SubCatalogListActivity( 3223): onCreate
D/SubCatalogListActivity( 3223): -- onCreate --
D/OpenGLRenderer( 2914): Flushing caches (mode 1)
D/FeiGridView( 3223): setSelectedPositionInt
D/FeiGridView( 3223): updateSelectedItemMetadata
D/FeiGridView( 3223): no focus change, exit.
E/1111    ( 3223): 11112:51501
D/SubCatalogListActivity( 3223): -- onResume --
D/Test    ( 3223): request Url  :http://cibn-iepg.coship.com:8088/msis/getCatalog?zip=1&version=V001&terminalType=1&resolution=1280*720&catalogType=2&userCode=80007&parentId=0&accessSource=5&authKey=d3bcf57eaa3cf05a9f9dc5d226843ce6
D/OpenGLRenderer( 2914): Flushing caches (mode 0)
D/FeiGridView( 3223): layout
D/FeiGridView( 3223): setSelectedPositionInt
D/FeiGridView( 3223): updateSelectedItemMetadata
D/FeiGridView( 3223): no focus change, exit.
D/FeiGridView( 3223): layout
D/FeiGridView( 3223): setSelectedPositionInt
D/FeiGridView( 3223): updateSelectedItemMetadata
D/FeiGridView( 3223): no focus change, exit.
W/InputManagerService(  989): Starting input on non-focused client com.android.internal.view.IInputMethodClient$Stub$Proxy@416a44e8 (uid=10011 pid=2914)
I/ActivityManager(  989): Displayed com.fiship.media/.SubCatalogListActivity: +173ms
D/SubCatalogListActivity( 3223): onFocusChange
D/SubCatalogListActivity( 3223): getAssetList:
D/Test    ( 3223): request Url  :http://cibn-iepg.coship.com:8088/msis/getAssetList?zip=1&version=V001&terminalType=1&resolution=1280*720&pageSize=24&curPage=1&userCode=80007&queryType=0&catalogId=51520&isRecommend=&assetType=&originName=&publishDate=&authKey=e97f568e0f364a063fe6861b449f26c1
D/dalvikvm( 3223): GC_CONCURRENT freed 1928K, 25% free 19357K/25667K, paused 5ms+4ms
E/StrictMode( 3223): A resource was acquired at attached stack trace but never released. See java.io.Closeable for information on avoiding resource leaks.
E/StrictMode( 3223): java.lang.Throwable: Explicit termination method 'end' not called
E/StrictMode( 3223):    at dalvik.system.CloseGuard.open(CloseGuard.java:184)
E/StrictMode( 3223):    at java.util.zip.Inflater.<init>(Inflater.java:82)
E/StrictMode( 3223):    at java.util.zip.GZIPInputStream.<init>(GZIPInputStream.java:96)
E/StrictMode( 3223):    at java.util.zip.GZIPInputStream.<init>(GZIPInputStream.java:81)
E/StrictMode( 3223):    at com.fiship.media.common.JsonCompress.unCompress(JsonCompress.java:62)
E/StrictMode( 3223):    at com.fiship.ott.transport.action.VodAction.getCatalog(VodAction.java:172)
E/StrictMode( 3223):    at com.fiship.media.SubCatalogListActivity$3.doInBackground(SubCatalogListActivity.java:394)
E/StrictMode( 3223):    at com.fiship.media.SubCatalogListActivity$3.doInBackground(SubCatalogListActivity.java:390)
E/StrictMode( 3223):    at android.os.AsyncTask$2.call(AsyncTask.java:264)
E/StrictMode( 3223):    at java.util.concurrent.FutureTask$Sync.innerRun(FutureTask.java:305)
E/StrictMode( 3223):    at java.util.concurrent.FutureTask.run(FutureTask.java:137)
E/StrictMode( 3223):    at android.os.AsyncTask$SerialExecutor$1.run(AsyncTask.java:208)
E/StrictMode( 3223):    at java.util.concurrent.ThreadPoolExecutor.runWorker(ThreadPoolExecutor.java:1076)
E/StrictMode( 3223):    at java.util.concurrent.ThreadPoolExecutor$Worker.run(ThreadPoolExecutor.java:569)
E/StrictMode( 3223):    at java.lang.Thread.run(Thread.java:856)
E/StrictMode( 3223): A resource was acquired at attached stack trace but never released. See java.io.Closeable for information on avoiding resource leaks.
E/StrictMode( 3223): java.lang.Throwable: Explicit termination method 'end' not called
E/StrictMode( 3223):    at dalvik.system.CloseGuard.open(CloseGuard.java:184)
E/StrictMode( 3223):    at java.util.zip.Inflater.<init>(Inflater.java:82)
E/StrictMode( 3223):    at java.util.zip.GZIPInputStream.<init>(GZIPInputStream.java:96)
E/StrictMode( 3223):    at java.util.zip.GZIPInputStream.<init>(GZIPInputStream.java:81)
E/StrictMode( 3223):    at com.fiship.media.common.JsonCompress.unCompress(JsonCompress.java:62)
E/StrictMode( 3223):    at com.fiship.ott.transport.action.VodAction.getAssetList(VodAction.java:344)
E/StrictMode( 3223):    at com.fiship.media.SubCatalogListActivity$4.doInBackground(SubCatalogListActivity.java:432)
E/StrictMode( 3223):    at com.fiship.media.SubCatalogListActivity$4.doInBackground(SubCatalogListActivity.java:425)
E/StrictMode( 3223):    at android.os.AsyncTask$2.call(AsyncTask.java:264)
E/StrictMode( 3223):    at java.util.concurrent.FutureTask$Sync.innerRun(FutureTask.java:305)
E/StrictMode( 3223):    at java.util.concurrent.FutureTask.run(FutureTask.java:137)
E/StrictMode( 3223):    at android.os.AsyncTask$SerialExecutor$1.run(AsyncTask.java:208)
E/StrictMode( 3223):    at java.util.concurrent.ThreadPoolExecutor.runWorker(ThreadPoolExecutor.java:1076)
E/StrictMode( 3223):    at java.util.concurrent.ThreadPoolExecutor$Worker.run(ThreadPoolExecutor.java:569)
E/StrictMode( 3223):    at java.lang.Thread.run(Thread.java:856)
E/SubCatalogListActivity( 3223): mCurrentPage:24
E/1111    ( 3223): 1111111111
E/TAG     ( 3223): mCurrentPage:1
D/SubCatalogListActivity( 3223): getAssetList:
D/FeiGridView( 3223): layout
D/FeiGridView( 3223): setSelectedPositionInt
D/FeiGridView( 3223): updateSelectedItemMetadata
D/FeiGridView( 3223): no focus change, exit.
D/Test    ( 3223): request Url  :http://cibn-iepg.coship.com:8088/msis/getAssetList?zip=1&version=V001&terminalType=1&resolution=1280*720&pageSize=24&curPage=2&userCode=80007&queryType=0&catalogId=51520&isRecommend=&assetType=&originName=&publishDate=&authKey=e534196e014f4048d15e7ce5431e62a0
D/FeiGridView( 3223): in layout makeAndAddView childrenTop=0
D/FeiGridView( 3223): try to find cached view at 0
D/FeiGridView( 3223): get new View at 0
D/ScaleViewPanel( 3223): ScaleViewPanel constructor
D/SubCatalogListActivity( 3223): new view
D/FeiGridView( 3223): calculateLeft pos, 0 childLeft = 28
D/FeiGridView( 3223): try to find cached view at 1
D/FeiGridView( 3223): get new View at 1
D/ScaleViewPanel( 3223): ScaleViewPanel constructor
D/SubCatalogListActivity( 3223): new view
D/FeiGridView( 3223): calculateLeft pos, 1 childLeft = 222
D/FeiGridView( 3223): updateSelectedItemMetadata
D/SubCatalogListActivity( 3223): onFocusChange
D/ScaleViewPanel( 3223): onFocusChanged: focus:true: 130
D/FeiGridView( 3223): child com.fiship.media.view.ScaleViewPanel@427d23b0 requestFocus
D/FeiGridView( 3223): child com.fiship.media.view.ScaleViewPanel@427d23b0has focus
D/FeiGridView( 3223): try to find cached view at 2
D/FeiGridView( 3223): get new View at 2
D/ScaleViewPanel( 3223): ScaleViewPanel constructor
D/SubCatalogListActivity( 3223): new view
D/FeiGridView( 3223): calculateLeft pos, 2 childLeft = 416
D/FeiGridView( 3223): updateSelectedItemMetadata
D/FeiGridView( 3223): child com.fiship.media.view.ScaleViewPanel@427d23b0has focus
D/FeiGridView( 3223): try to find cached view at 3
D/FeiGridView( 3223): get new View at 3
D/ScaleViewPanel( 3223): ScaleViewPanel constructor
D/SubCatalogListActivity( 3223): new view
D/FeiGridView( 3223): calculateLeft pos, 3 childLeft = 610
D/FeiGridView( 3223): updateSelectedItemMetadata
D/FeiGridView( 3223): child com.fiship.media.view.ScaleViewPanel@427d23b0has focus
D/FeiGridView( 3223): try to find cached view at 4
D/FeiGridView( 3223): get new View at 4
D/ScaleViewPanel( 3223): ScaleViewPanel constructor
D/SubCatalogListActivity( 3223): new view
D/FeiGridView( 3223): calculateLeft pos, 4 childLeft = 804
D/FeiGridView( 3223): updateSelectedItemMetadata
D/FeiGridView( 3223): child com.fiship.media.view.ScaleViewPanel@427d23b0has focus
D/FeiGridView( 3223): try to find cached view at 5
D/FeiGridView( 3223): get new View at 5
D/ScaleViewPanel( 3223): ScaleViewPanel constructor
D/SubCatalogListActivity( 3223): new view
D/FeiGridView( 3223): calculateLeft pos, 5 childLeft = 998
D/FeiGridView( 3223): updateSelectedItemMetadata
D/FeiGridView( 3223): child com.fiship.media.view.ScaleViewPanel@427d23b0has focus
D/FeiGridView( 3223): try to find cached view at 6
D/FeiGridView( 3223): get new View at 6
D/ScaleViewPanel( 3223): ScaleViewPanel constructor
D/SubCatalogListActivity( 3223): new view
D/FeiGridView( 3223): calculateLeft pos, 6 childLeft = 28
D/FeiGridView( 3223): updateSelectedItemMetadata
D/FeiGridView( 3223): child com.fiship.media.view.ScaleViewPanel@427d23b0has focus
D/FeiGridView( 3223): try to find cached view at 7
D/FeiGridView( 3223): get new View at 7
D/ScaleViewPanel( 3223): ScaleViewPanel constructor
D/SubCatalogListActivity( 3223): new view
D/FeiGridView( 3223): calculateLeft pos, 7 childLeft = 222
D/FeiGridView( 3223): updateSelectedItemMetadata
D/FeiGridView( 3223): child com.fiship.media.view.ScaleViewPanel@427d23b0has focus
D/FeiGridView( 3223): try to find cached view at 8
D/FeiGridView( 3223): get new View at 8
D/ScaleViewPanel( 3223): ScaleViewPanel constructor
D/SubCatalogListActivity( 3223): new view
D/FeiGridView( 3223): calculateLeft pos, 8 childLeft = 416
D/FeiGridView( 3223): updateSelectedItemMetadata
D/FeiGridView( 3223): child com.fiship.media.view.ScaleViewPanel@427d23b0has focus
D/FeiGridView( 3223): try to find cached view at 9
D/FeiGridView( 3223): get new View at 9
D/ScaleViewPanel( 3223): ScaleViewPanel constructor
D/SubCatalogListActivity( 3223): new view
D/FeiGridView( 3223): calculateLeft pos, 9 childLeft = 610
D/FeiGridView( 3223): updateSelectedItemMetadata
D/FeiGridView( 3223): child com.fiship.media.view.ScaleViewPanel@427d23b0has focus
D/FeiGridView( 3223): try to find cached view at 10
D/FeiGridView( 3223): get new View at 10
D/ScaleViewPanel( 3223): ScaleViewPanel constructor
D/SubCatalogListActivity( 3223): new view
D/FeiGridView( 3223): calculateLeft pos, 10 childLeft = 804
D/FeiGridView( 3223): updateSelectedItemMetadata
D/FeiGridView( 3223): child com.fiship.media.view.ScaleViewPanel@427d23b0has focus
D/FeiGridView( 3223): try to find cached view at 11
D/FeiGridView( 3223): get new View at 11
D/ScaleViewPanel( 3223): ScaleViewPanel constructor
D/dalvikvm( 3223): GC_CONCURRENT freed 1349K, 23% free 19928K/25667K, paused 4ms+4ms
D/SubCatalogListActivity( 3223): new view
D/FeiGridView( 3223): calculateLeft pos, 11 childLeft = 998
D/FeiGridView( 3223): updateSelectedItemMetadata
D/FeiGridView( 3223): child com.fiship.media.view.ScaleViewPanel@427d23b0has focus
D/FeiGridView( 3223): updateSelectedItemMetadata
D/FeiGridView( 3223): child com.fiship.media.view.ScaleViewPanel@427d23b0has focus
D/FeiGridView( 3223): getChildDrawingOrder:i = 0
D/FeiGridView( 3223): getChildDrawingOrder:index = 0
D/ScaleViewPanel( 3223): paddingBottom = :35
D/FeiGridView( 3223): getChildDrawingOrder:i = 1
D/FeiGridView( 3223): getChildDrawingOrder:index = 0
E/        ( 3223): get vaddr failed:pvaddr_read=0x62d7b000,pvaddr_internal=0x62e7b000,pvaddr_write=0x0
D/ScaleViewPanel( 3223): paddingBottom = :35
D/FeiGridView( 3223): getChildDrawingOrder:i = 2
D/FeiGridView( 3223): getChildDrawingOrder:index = 0
E/        ( 3223): get vaddr failed:pvaddr_read=0x62d7b000,pvaddr_internal=0x62e7b000,pvaddr_write=0x0
D/ScaleViewPanel( 3223): paddingBottom = :35
D/FeiGridView( 3223): getChildDrawingOrder:i = 3
D/FeiGridView( 3223): getChildDrawingOrder:index = 0
D/ScaleViewPanel( 3223): paddingBottom = :35
D/FeiGridView( 3223): getChildDrawingOrder:i = 4
D/FeiGridView( 3223): getChildDrawingOrder:index = 0
D/ScaleViewPanel( 3223): paddingBottom = :35
D/FeiGridView( 3223): getChildDrawingOrder:i = 5
D/FeiGridView( 3223): getChildDrawingOrder:index = 0
D/ScaleViewPanel( 3223): paddingBottom = :35
D/FeiGridView( 3223): getChildDrawingOrder:i = 6
D/FeiGridView( 3223): getChildDrawingOrder:index = 0
D/ScaleViewPanel( 3223): paddingBottom = :35
E/        ( 3223): get vaddr failed:pvaddr_read=0x62d7b000,pvaddr_internal=0x62e7b000,pvaddr_write=0x0
D/FeiGridView( 3223): getChildDrawingOrder:i = 7
D/FeiGridView( 3223): getChildDrawingOrder:index = 0
D/ScaleViewPanel( 3223): paddingBottom = :35
D/FeiGridView( 3223): getChildDrawingOrder:i = 8
D/FeiGridView( 3223): getChildDrawingOrder:index = 0
E/        ( 3223): get vaddr failed:pvaddr_read=0x62d7b000,pvaddr_internal=0x62e7b000,pvaddr_write=0x0
D/ScaleViewPanel( 3223): paddingBottom = :35
D/FeiGridView( 3223): getChildDrawingOrder:i = 9
D/FeiGridView( 3223): getChildDrawingOrder:index = 0
D/ScaleViewPanel( 3223): paddingBottom = :35
D/FeiGridView( 3223): getChildDrawingOrder:i = 10
D/FeiGridView( 3223): getChildDrawingOrder:index = 0
D/ScaleViewPanel( 3223): paddingBottom = :35
D/FeiGridView( 3223): getChildDrawingOrder:i = 11
D/FeiGridView( 3223): getChildDrawingOrder:index = 0
D/ScaleViewPanel( 3223): paddingBottom = :35
D/ScaleViewPanel( 3223): dispatchDraw
E/        ( 3223): get vaddr failed:pvaddr_read=0x62d7b000,pvaddr_internal=0x62e7b000,pvaddr_write=0x0
D/dalvikvm( 3223): GC_FOR_ALLOC freed 319K, 22% free 20084K/25667K, paused 77ms
E/        ( 3223): get vaddr failed:pvaddr_read=0x62d7b000,pvaddr_internal=0x62e7b000,pvaddr_write=0x0
D/dalvikvm( 3223): GC_FOR_ALLOC freed 52K, 22% free 20243K/25859K, paused 44ms
I/dalvikvm-heap( 3223): Grow heap (frag case) to 23.518MB for 156116-byte allocation
D/dalvikvm( 3223): GC_FOR_ALLOC freed <1K, 22% free 20395K/26051K, paused 37ms
E/        ( 3223): get vaddr failed:pvaddr_read=0x62d7b000,pvaddr_internal=0x62e7b000,pvaddr_write=0x0
D/FeiGridView( 3223): getChildDrawingOrder:i = 0
D/FeiGridView( 3223): getChildDrawingOrder:index = 0
D/ScaleViewPanel( 3223): paddingBottom = :35
D/FeiGridView( 3223): getChildDrawingOrder:i = 1
D/FeiGridView( 3223): getChildDrawingOrder:index = 0
D/ScaleViewPanel( 3223): paddingBottom = :35
D/FeiGridView( 3223): getChildDrawingOrder:i = 2
D/FeiGridView( 3223): getChildDrawingOrder:index = 0
D/ScaleViewPanel( 3223): paddingBottom = :35
D/FeiGridView( 3223): getChildDrawingOrder:i = 3
D/FeiGridView( 3223): getChildDrawingOrder:index = 0
D/ScaleViewPanel( 3223): paddingBottom = :35
D/FeiGridView( 3223): getChildDrawingOrder:i = 4
D/FeiGridView( 3223): getChildDrawingOrder:index = 0
D/ScaleViewPanel( 3223): paddingBottom = :35
D/FeiGridView( 3223): getChildDrawingOrder:i = 5
D/FeiGridView( 3223): getChildDrawingOrder:index = 0
D/ScaleViewPanel( 3223): paddingBottom = :35
D/FeiGridView( 3223): getChildDrawingOrder:i = 6
D/FeiGridView( 3223): getChildDrawingOrder:index = 0
D/ScaleViewPanel( 3223): paddingBottom = :35
D/FeiGridView( 3223): getChildDrawingOrder:i = 7
D/FeiGridView( 3223): getChildDrawingOrder:index = 0
D/ScaleViewPanel( 3223): paddingBottom = :35
D/FeiGridView( 3223): getChildDrawingOrder:i = 8
D/FeiGridView( 3223): getChildDrawingOrder:index = 0
D/ScaleViewPanel( 3223): paddingBottom = :35
D/FeiGridView( 3223): getChildDrawingOrder:i = 9
D/FeiGridView( 3223): getChildDrawingOrder:index = 0
D/ScaleViewPanel( 3223): paddingBottom = :35
D/FeiGridView( 3223): getChildDrawingOrder:i = 10
D/FeiGridView( 3223): getChildDrawingOrder:index = 0
D/ScaleViewPanel( 3223): paddingBottom = :35
D/FeiGridView( 3223): getChildDrawingOrder:i = 11
D/FeiGridView( 3223): getChildDrawingOrder:index = 0
D/ScaleViewPanel( 3223): paddingBottom = :35
D/ScaleViewPanel( 3223): dispatchDraw
E/        ( 3223): get vaddr failed:pvaddr_read=0x62d7b000,pvaddr_internal=0x62e7b000,pvaddr_write=0x0
D/FeiGridView( 3223): getChildDrawingOrder:i = 0
D/FeiGridView( 3223): getChildDrawingOrder:index = 0
D/FeiGridView( 3223): getChildDrawingOrder:i = 1
D/FeiGridView( 3223): getChildDrawingOrder:index = 0
D/FeiGridView( 3223): getChildDrawingOrder:i = 2
D/FeiGridView( 3223): getChildDrawingOrder:index = 0
D/FeiGridView( 3223): getChildDrawingOrder:i = 3
D/FeiGridView( 3223): getChildDrawingOrder:index = 0
D/FeiGridView( 3223): getChildDrawingOrder:i = 4
D/FeiGridView( 3223): getChildDrawingOrder:index = 0
D/FeiGridView( 3223): getChildDrawingOrder:i = 5
D/FeiGridView( 3223): getChildDrawingOrder:index = 0
D/FeiGridView( 3223): getChildDrawingOrder:i = 6
D/FeiGridView( 3223): getChildDrawingOrder:index = 0
D/FeiGridView( 3223): getChildDrawingOrder:i = 7
D/FeiGridView( 3223): getChildDrawingOrder:index = 0
D/FeiGridView( 3223): getChildDrawingOrder:i = 8
D/FeiGridView( 3223): getChildDrawingOrder:index = 0
D/FeiGridView( 3223): getChildDrawingOrder:i = 9
D/FeiGridView( 3223): getChildDrawingOrder:index = 0
D/FeiGridView( 3223): getChildDrawingOrder:i = 10
D/FeiGridView( 3223): getChildDrawingOrder:index = 0
D/FeiGridView( 3223): getChildDrawingOrder:i = 11
D/FeiGridView( 3223): getChildDrawingOrder:index = 0
D/FeiGridView( 3223): getChildDrawingOrder:i = 0
D/FeiGridView( 3223): getChildDrawingOrder:index = 0
D/FeiGridView( 3223): getChildDrawingOrder:i = 1
D/FeiGridView( 3223): getChildDrawingOrder:index = 0
D/FeiGridView( 3223): getChildDrawingOrder:i = 2
D/FeiGridView( 3223): getChildDrawingOrder:index = 0
D/FeiGridView( 3223): getChildDrawingOrder:i = 3
D/FeiGridView( 3223): getChildDrawingOrder:index = 0
D/FeiGridView( 3223): getChildDrawingOrder:i = 4
D/FeiGridView( 3223): getChildDrawingOrder:index = 0
D/FeiGridView( 3223): getChildDrawingOrder:i = 5
D/FeiGridView( 3223): getChildDrawingOrder:index = 0
D/FeiGridView( 3223): getChildDrawingOrder:i = 6
D/FeiGridView( 3223): getChildDrawingOrder:index = 0
D/FeiGridView( 3223): getChildDrawingOrder:i = 7
D/FeiGridView( 3223): getChildDrawingOrder:index = 0
D/FeiGridView( 3223): getChildDrawingOrder:i = 8
D/FeiGridView( 3223): getChildDrawingOrder:index = 0
D/FeiGridView( 3223): getChildDrawingOrder:i = 9
D/FeiGridView( 3223): getChildDrawingOrder:index = 0
D/FeiGridView( 3223): getChildDrawingOrder:i = 10
D/FeiGridView( 3223): getChildDrawingOrder:index = 0
D/FeiGridView( 3223): getChildDrawingOrder:i = 11
D/FeiGridView( 3223): getChildDrawingOrder:index = 0
D/ScaleViewPanel( 3223): paddingBottom = :35
D/ScaleViewPanel( 3223): dispatchDraw
D/dalvikvm( 1155): GC_CONCURRENT freed 577K, 78% free 1320K/5955K, paused 0ms+1ms
D/dalvikvm( 3223): GC_FOR_ALLOC freed 367K, 21% free 20733K/26051K, paused 43ms
E/        ( 3223): get vaddr failed:pvaddr_read=0x62d7b000,pvaddr_internal=0x62e7b000,pvaddr_write=0x0
D/ScaleViewPanel( 3223): ScaleViewPanel constructor
D/SubCatalogListActivity( 3223): new view
D/FeiGridView( 3223): layout
D/FeiGridView( 3223): mSelectedPosition >= 0 ,layout exit
D/FeiGridView( 3223): getChildDrawingOrder:i = 0
D/FeiGridView( 3223): getChildDrawingOrder:index = 0
D/FeiGridView( 3223): getChildDrawingOrder:i = 1
D/FeiGridView( 3223): getChildDrawingOrder:index = 0
D/FeiGridView( 3223): getChildDrawingOrder:i = 2
D/FeiGridView( 3223): getChildDrawingOrder:index = 0
D/ScaleViewPanel( 3223): paddingBottom = :35
D/FeiGridView( 3223): getChildDrawingOrder:i = 3
D/FeiGridView( 3223): getChildDrawingOrder:index = 0
D/FeiGridView( 3223): getChildDrawingOrder:i = 4
D/FeiGridView( 3223): getChildDrawingOrder:index = 0
D/FeiGridView( 3223): getChildDrawingOrder:i = 5
D/FeiGridView( 3223): getChildDrawingOrder:index = 0
D/FeiGridView( 3223): getChildDrawingOrder:i = 6
D/FeiGridView( 3223): getChildDrawingOrder:index = 0
D/FeiGridView( 3223): getChildDrawingOrder:i = 7
D/FeiGridView( 3223): getChildDrawingOrder:index = 0
D/FeiGridView( 3223): getChildDrawingOrder:i = 8
D/FeiGridView( 3223): getChildDrawingOrder:index = 0
D/FeiGridView( 3223): getChildDrawingOrder:i = 9
D/FeiGridView( 3223): getChildDrawingOrder:index = 0
D/FeiGridView( 3223): getChildDrawingOrder:i = 10
D/FeiGridView( 3223): getChildDrawingOrder:index = 0
D/FeiGridView( 3223): getChildDrawingOrder:i = 11
D/FeiGridView( 3223): getChildDrawingOrder:index = 0
D/dalvikvm( 1155): GC_CONCURRENT freed 396K, 77% free 1416K/5955K, paused 1ms+1ms
E/        ( 3223): get vaddr failed:pvaddr_read=0x62d7b000,pvaddr_internal=0x62e7b000,pvaddr_write=0x0
D/dalvikvm( 3223): GC_FOR_ALLOC freed 650K, 22% free 20672K/26435K, paused 38ms
D/dalvikvm( 3223): GC_FOR_ALLOC freed 35K, 21% free 20954K/26435K, paused 35ms
D/dalvikvm( 1155): GC_CONCURRENT freed 488K, 76% free 1449K/5955K, paused 1ms+1ms
D/dalvikvm( 3223): GC_FOR_ALLOC freed 151K, 22% free 20973K/26627K, paused 43ms
I/dalvikvm-heap( 3223): Grow heap (frag case) to 24.333MB for 262160-byte allocation
D/dalvikvm( 3223): GC_FOR_ALLOC freed <1K, 22% free 21229K/26947K, paused 39ms
D/dalvikvm( 3223): GC_FOR_ALLOC freed 132K, 22% free 21100K/26947K, paused 44ms
I/dalvikvm-heap( 3223): Grow heap (frag case) to 24.457MB for 262160-byte allocation
D/dalvikvm( 3223): GC_FOR_ALLOC freed 0K, 22% free 21356K/27267K, paused 42ms
D/FeiGridView( 3223): layout
D/FeiGridView( 3223): mSelectedPosition >= 0 ,layout exit
D/FeiGridView( 3223): getChildDrawingOrder:i = 0
D/FeiGridView( 3223): getChildDrawingOrder:index = 0
D/FeiGridView( 3223): getChildDrawingOrder:i = 1
D/FeiGridView( 3223): getChildDrawingOrder:index = 0
D/FeiGridView( 3223): getChildDrawingOrder:i = 2
D/FeiGridView( 3223): getChildDrawingOrder:index = 0
D/FeiGridView( 3223): getChildDrawingOrder:i = 3
D/FeiGridView( 3223): getChildDrawingOrder:index = 0
D/ScaleViewPanel( 3223): paddingBottom = :35
D/FeiGridView( 3223): getChildDrawingOrder:i = 4
D/FeiGridView( 3223): getChildDrawingOrder:index = 0
D/FeiGridView( 3223): getChildDrawingOrder:i = 5
D/FeiGridView( 3223): getChildDrawingOrder:index = 0
D/FeiGridView( 3223): getChildDrawingOrder:i = 6
D/FeiGridView( 3223): getChildDrawingOrder:index = 0
D/FeiGridView( 3223): getChildDrawingOrder:i = 7
D/FeiGridView( 3223): getChildDrawingOrder:index = 0
D/FeiGridView( 3223): getChildDrawingOrder:i = 8
D/FeiGridView( 3223): getChildDrawingOrder:index = 0
D/FeiGridView( 3223): getChildDrawingOrder:i = 9
D/FeiGridView( 3223): getChildDrawingOrder:index = 0
D/FeiGridView( 3223): getChildDrawingOrder:i = 10
D/FeiGridView( 3223): getChildDrawingOrder:index = 0
D/FeiGridView( 3223): getChildDrawingOrder:i = 11
D/FeiGridView( 3223): getChildDrawingOrder:index = 0
D/FeiGridView( 3223): layout
D/FeiGridView( 3223): mSelectedPosition >= 0 ,layout exit
D/FeiGridView( 3223): getChildDrawingOrder:i = 0
D/FeiGridView( 3223): getChildDrawingOrder:index = 0
D/FeiGridView( 3223): getChildDrawingOrder:i = 1
D/FeiGridView( 3223): getChildDrawingOrder:index = 0
D/ScaleViewPanel( 3223): paddingBottom = :35
D/FeiGridView( 3223): getChildDrawingOrder:i = 2
D/FeiGridView( 3223): getChildDrawingOrder:index = 0
D/FeiGridView( 3223): getChildDrawingOrder:i = 3
D/FeiGridView( 3223): getChildDrawingOrder:index = 0
D/FeiGridView( 3223): getChildDrawingOrder:i = 4
D/FeiGridView( 3223): getChildDrawingOrder:index = 0
D/FeiGridView( 3223): getChildDrawingOrder:i = 5
D/FeiGridView( 3223): getChildDrawingOrder:index = 0
D/FeiGridView( 3223): getChildDrawingOrder:i = 6
D/FeiGridView( 3223): getChildDrawingOrder:index = 0
D/FeiGridView( 3223): getChildDrawingOrder:i = 7
D/FeiGridView( 3223): getChildDrawingOrder:index = 0
D/FeiGridView( 3223): getChildDrawingOrder:i = 8
D/FeiGridView( 3223): getChildDrawingOrder:index = 0
D/FeiGridView( 3223): getChildDrawingOrder:i = 9
D/FeiGridView( 3223): getChildDrawingOrder:index = 0
D/FeiGridView( 3223): getChildDrawingOrder:i = 10
D/FeiGridView( 3223): getChildDrawingOrder:index = 0
D/FeiGridView( 3223): getChildDrawingOrder:i = 11
D/FeiGridView( 3223): getChildDrawingOrder:index = 0
E/        ( 3223): get vaddr failed:pvaddr_read=0x62d7b000,pvaddr_internal=0x62e7b000,pvaddr_write=0x0
E/        ( 3223): get vaddr failed:pvaddr_read=0x62d7b000,pvaddr_internal=0x62e7b000,pvaddr_write=0x0
D/FeiGridView( 3223): layout
D/FeiGridView( 3223): mSelectedPosition >= 0 ,layout exit
D/FeiGridView( 3223): getChildDrawingOrder:i = 0
D/FeiGridView( 3223): getChildDrawingOrder:index = 0
D/FeiGridView( 3223): getChildDrawingOrder:i = 1
D/FeiGridView( 3223): getChildDrawingOrder:index = 0
D/FeiGridView( 3223): getChildDrawingOrder:i = 2
D/FeiGridView( 3223): getChildDrawingOrder:index = 0
D/FeiGridView( 3223): getChildDrawingOrder:i = 3
D/FeiGridView( 3223): getChildDrawingOrder:index = 0
D/FeiGridView( 3223): getChildDrawingOrder:i = 4
D/FeiGridView( 3223): getChildDrawingOrder:index = 0
D/ScaleViewPanel( 3223): paddingBottom = :35
D/FeiGridView( 3223): getChildDrawingOrder:i = 5
D/FeiGridView( 3223): getChildDrawingOrder:index = 0
D/FeiGridView( 3223): getChildDrawingOrder:i = 6
D/FeiGridView( 3223): getChildDrawingOrder:index = 0
D/FeiGridView( 3223): getChildDrawingOrder:i = 7
D/FeiGridView( 3223): getChildDrawingOrder:index = 0
D/FeiGridView( 3223): getChildDrawingOrder:i = 8
D/FeiGridView( 3223): getChildDrawingOrder:index = 0
D/FeiGridView( 3223): getChildDrawingOrder:i = 9
D/FeiGridView( 3223): getChildDrawingOrder:index = 0
D/FeiGridView( 3223): getChildDrawingOrder:i = 10
D/FeiGridView( 3223): getChildDrawingOrder:index = 0
D/FeiGridView( 3223): getChildDrawingOrder:i = 11
D/FeiGridView( 3223): getChildDrawingOrder:index = 0
E/        ( 3223): get vaddr failed:pvaddr_read=0x62d7b000,pvaddr_internal=0x62e7b000,pvaddr_write=0x0
D/dalvikvm( 1155): GC_CONCURRENT freed 526K, 76% free 1435K/5955K, paused 3ms+2ms
D/dalvikvm( 3223): GC_FOR_ALLOC freed 1518K, 25% free 20672K/27267K, paused 62ms
E/        ( 3223): get vaddr failed:pvaddr_read=0x62d7b000,pvaddr_internal=0x62e7b000,pvaddr_write=0x0
D/FeiGridView( 3223): layout
D/FeiGridView( 3223): mSelectedPosition >= 0 ,layout exit
D/FeiGridView( 3223): getChildDrawingOrder:i = 0
D/FeiGridView( 3223): getChildDrawingOrder:index = 0
D/ScaleViewPanel( 3223): paddingBottom = :35
D/FeiGridView( 3223): getChildDrawingOrder:i = 1
D/FeiGridView( 3223): getChildDrawingOrder:index = 0
D/FeiGridView( 3223): getChildDrawingOrder:i = 2
D/FeiGridView( 3223): getChildDrawingOrder:index = 0
D/FeiGridView( 3223): getChildDrawingOrder:i = 3
D/FeiGridView( 3223): getChildDrawingOrder:index = 0
D/FeiGridView( 3223): getChildDrawingOrder:i = 4
D/FeiGridView( 3223): getChildDrawingOrder:index = 0
D/FeiGridView( 3223): getChildDrawingOrder:i = 5
D/FeiGridView( 3223): getChildDrawingOrder:index = 0
D/FeiGridView( 3223): getChildDrawingOrder:i = 6
D/FeiGridView( 3223): getChildDrawingOrder:index = 0
D/FeiGridView( 3223): getChildDrawingOrder:i = 7
D/FeiGridView( 3223): getChildDrawingOrder:index = 0
D/FeiGridView( 3223): getChildDrawingOrder:i = 8
D/FeiGridView( 3223): getChildDrawingOrder:index = 0
D/FeiGridView( 3223): getChildDrawingOrder:i = 9
D/FeiGridView( 3223): getChildDrawingOrder:index = 0
D/FeiGridView( 3223): getChildDrawingOrder:i = 10
D/FeiGridView( 3223): getChildDrawingOrder:index = 0
D/FeiGridView( 3223): getChildDrawingOrder:i = 11
D/FeiGridView( 3223): getChildDrawingOrder:index = 0
D/FeiGridView( 3223): layout
D/FeiGridView( 3223): mSelectedPosition >= 0 ,layout exit
D/FeiGridView( 3223): getChildDrawingOrder:i = 0
D/FeiGridView( 3223): getChildDrawingOrder:index = 0
D/FeiGridView( 3223): getChildDrawingOrder:i = 1
D/FeiGridView( 3223): getChildDrawingOrder:index = 0
D/FeiGridView( 3223): getChildDrawingOrder:i = 2
D/FeiGridView( 3223): getChildDrawingOrder:index = 0
D/FeiGridView( 3223): getChildDrawingOrder:i = 3
D/FeiGridView( 3223): getChildDrawingOrder:index = 0
D/FeiGridView( 3223): getChildDrawingOrder:i = 4
D/FeiGridView( 3223): getChildDrawingOrder:index = 0
D/FeiGridView( 3223): getChildDrawingOrder:i = 5
D/FeiGridView( 3223): getChildDrawingOrder:index = 0
D/FeiGridView( 3223): getChildDrawingOrder:i = 6
D/FeiGridView( 3223): getChildDrawingOrder:index = 0
D/FeiGridView( 3223): getChildDrawingOrder:i = 7
D/FeiGridView( 3223): getChildDrawingOrder:index = 0
D/FeiGridView( 3223): getChildDrawingOrder:i = 8
D/FeiGridView( 3223): getChildDrawingOrder:index = 0
D/FeiGridView( 3223): getChildDrawingOrder:i = 9
D/FeiGridView( 3223): getChildDrawingOrder:index = 0
D/FeiGridView( 3223): getChildDrawingOrder:i = 10
D/FeiGridView( 3223): getChildDrawingOrder:index = 0
D/ScaleViewPanel( 3223): paddingBottom = :35
D/FeiGridView( 3223): getChildDrawingOrder:i = 11
D/FeiGridView( 3223): getChildDrawingOrder:index = 0
D/dalvikvm( 1155): GC_CONCURRENT freed 519K, 77% free 1418K/5955K, paused 2ms+1ms
E/        ( 3223): get vaddr failed:pvaddr_read=0x62d7b000,pvaddr_internal=0x62e7b000,pvaddr_write=0x0
E/        ( 3223): get vaddr failed:pvaddr_read=0x62d7b000,pvaddr_internal=0x62e7b000,pvaddr_write=0x0
D/dalvikvm( 3223): GC_CONCURRENT freed 1292K, 22% free 21304K/27267K, paused 3ms+5ms
E/        ( 3223): get vaddr failed:pvaddr_read=0x62d7b000,pvaddr_internal=0x62e7b000,pvaddr_write=0x0
E/        ( 3223): get vaddr failed:pvaddr_read=0x62d7b000,pvaddr_internal=0x62e7b000,pvaddr_write=0x0
D/dalvikvm( 1155): GC_CONCURRENT freed 487K, 78% free 1327K/5955K, paused 1ms+2ms
E/        ( 3223): get vaddr failed:pvaddr_read=0x62d7b000,pvaddr_internal=0x62e7b000,pvaddr_write=0x0
E/        ( 3223): get vaddr failed:pvaddr_read=0x62d7b000,pvaddr_internal=0x62e7b000,pvaddr_write=0x0
E/        ( 3223): get vaddr failed:pvaddr_read=0x62d7b000,pvaddr_internal=0x62e7b000,pvaddr_write=0x0
E/        ( 3223): get vaddr failed:pvaddr_read=0x62d7b000,pvaddr_internal=0x62e7b000,pvaddr_write=0x0
E/        ( 3223): get vaddr failed:pvaddr_read=0x62d7b000,pvaddr_internal=0x62e7b000,pvaddr_write=0x0
D/dalvikvm( 3223): GC_FOR_ALLOC freed 454K, 21% free 21795K/27267K, paused 39ms
E/        ( 3223): get vaddr failed:pvaddr_read=0x62d7b000,pvaddr_internal=0x62e7b000,pvaddr_write=0x0
D/FeiGridView( 3223): layout
D/FeiGridView( 3223): mSelectedPosition >= 0 ,layout exit
D/FeiGridView( 3223): getChildDrawingOrder:i = 0
D/FeiGridView( 3223): getChildDrawingOrder:index = 0
D/FeiGridView( 3223): getChildDrawingOrder:i = 1
D/FeiGridView( 3223): getChildDrawingOrder:index = 0
D/FeiGridView( 3223): getChildDrawingOrder:i = 2
D/FeiGridView( 3223): getChildDrawingOrder:index = 0
D/FeiGridView( 3223): getChildDrawingOrder:i = 3
D/FeiGridView( 3223): getChildDrawingOrder:index = 0
D/FeiGridView( 3223): getChildDrawingOrder:i = 4
D/FeiGridView( 3223): getChildDrawingOrder:index = 0
D/FeiGridView( 3223): getChildDrawingOrder:i = 5
D/FeiGridView( 3223): getChildDrawingOrder:index = 0
D/FeiGridView( 3223): getChildDrawingOrder:i = 6
D/FeiGridView( 3223): getChildDrawingOrder:index = 0
D/FeiGridView( 3223): getChildDrawingOrder:i = 7
D/FeiGridView( 3223): getChildDrawingOrder:index = 0
D/FeiGridView( 3223): getChildDrawingOrder:i = 8
D/FeiGridView( 3223): getChildDrawingOrder:index = 0
D/ScaleViewPanel( 3223): paddingBottom = :35
D/FeiGridView( 3223): getChildDrawingOrder:i = 9
D/FeiGridView( 3223): getChildDrawingOrder:index = 0
D/FeiGridView( 3223): getChildDrawingOrder:i = 10
D/FeiGridView( 3223): getChildDrawingOrder:index = 0
D/FeiGridView( 3223): getChildDrawingOrder:i = 11
D/FeiGridView( 3223): getChildDrawingOrder:index = 0
E/SubCatalogListActivity( 3223): mCurrentPage:24
E/1111    ( 3223): 1111111111
E/TAG     ( 3223): mCurrentPage:2
D/FeiGridView( 3223): layout
D/FeiGridView( 3223): mSelectedPosition >= 0 ,layout exit
D/SubCatalogListActivity( 3223): getAssetList:
D/Test    ( 3223): request Url  :http://cibn-iepg.coship.com:8088/msis/getAssetList?zip=1&version=V001&terminalType=1&resolution=1280*720&pageSize=24&curPage=3&userCode=80007&queryType=0&catalogId=51520&isRecommend=&assetType=&originName=&publishDate=&authKey=92da3073897f8c2c16b383e385825b51
D/dalvikvm( 3223): GC_FOR_ALLOC freed 509K, 22% free 21677K/27459K, paused 36ms
I/dalvikvm-heap( 3223): Grow heap (frag case) to 25.267MB for 521680-byte allocation
D/dalvikvm( 3223): GC_FOR_ALLOC freed <1K, 21% free 22186K/27971K, paused 36ms
D/FeiGridView( 3223): layout
D/FeiGridView( 3223): mSelectedPosition >= 0 ,layout exit
D/FeiGridView( 3223): getChildDrawingOrder:i = 0
D/FeiGridView( 3223): getChildDrawingOrder:index = 0
D/FeiGridView( 3223): getChildDrawingOrder:i = 1
D/FeiGridView( 3223): getChildDrawingOrder:index = 0
D/FeiGridView( 3223): getChildDrawingOrder:i = 2
D/FeiGridView( 3223): getChildDrawingOrder:index = 0
D/FeiGridView( 3223): getChildDrawingOrder:i = 3
D/FeiGridView( 3223): getChildDrawingOrder:index = 0
D/FeiGridView( 3223): getChildDrawingOrder:i = 4
D/FeiGridView( 3223): getChildDrawingOrder:index = 0
D/FeiGridView( 3223): getChildDrawingOrder:i = 5
D/FeiGridView( 3223): getChildDrawingOrder:index = 0
D/FeiGridView( 3223): getChildDrawingOrder:i = 6
D/FeiGridView( 3223): getChildDrawingOrder:index = 0
D/FeiGridView( 3223): getChildDrawingOrder:i = 7
D/FeiGridView( 3223): getChildDrawingOrder:index = 0
D/ScaleViewPanel( 3223): paddingBottom = :35
D/FeiGridView( 3223): getChildDrawingOrder:i = 8
D/FeiGridView( 3223): getChildDrawingOrder:index = 0
D/FeiGridView( 3223): getChildDrawingOrder:i = 9
D/FeiGridView( 3223): getChildDrawingOrder:index = 0
D/FeiGridView( 3223): getChildDrawingOrder:i = 10
D/FeiGridView( 3223): getChildDrawingOrder:index = 0
D/dalvikvm( 1155): GC_CONCURRENT freed 404K, 77% free 1379K/5955K, paused 1ms+1ms
D/FeiGridView( 3223): getChildDrawingOrder:i = 11
D/dalvikvm( 3223): GC_FOR_ALLOC freed 380K, 21% free 22268K/27971K, paused 40ms
D/FeiGridView( 3223): getChildDrawingOrder:index = 0
D/dalvikvm( 3223): GC_FOR_ALLOC freed 210K, 21% free 22187K/27971K, paused 36ms
D/FeiGridView( 3223): layout
D/FeiGridView( 3223): mSelectedPosition >= 0 ,layout exit
D/FeiGridView( 3223): getChildDrawingOrder:i = 0
D/FeiGridView( 3223): getChildDrawingOrder:index = 0
D/FeiGridView( 3223): getChildDrawingOrder:i = 1
D/FeiGridView( 3223): getChildDrawingOrder:index = 0
D/FeiGridView( 3223): getChildDrawingOrder:i = 2
D/FeiGridView( 3223): getChildDrawingOrder:index = 0
D/FeiGridView( 3223): getChildDrawingOrder:i = 3
D/FeiGridView( 3223): getChildDrawingOrder:index = 0
D/FeiGridView( 3223): getChildDrawingOrder:i = 4
D/FeiGridView( 3223): getChildDrawingOrder:index = 0
D/FeiGridView( 3223): getChildDrawingOrder:i = 5
D/FeiGridView( 3223): getChildDrawingOrder:index = 0
D/ScaleViewPanel( 3223): paddingBottom = :35
D/FeiGridView( 3223): getChildDrawingOrder:i = 6
D/FeiGridView( 3223): getChildDrawingOrder:index = 0
D/FeiGridView( 3223): getChildDrawingOrder:i = 7
D/FeiGridView( 3223): getChildDrawingOrder:index = 0
D/FeiGridView( 3223): getChildDrawingOrder:i = 8
D/FeiGridView( 3223): getChildDrawingOrder:index = 0
D/FeiGridView( 3223): getChildDrawingOrder:i = 9
D/FeiGridView( 3223): getChildDrawingOrder:index = 0
D/FeiGridView( 3223): getChildDrawingOrder:i = 10
D/FeiGridView( 3223): getChildDrawingOrder:index = 0
D/FeiGridView( 3223): getChildDrawingOrder:i = 11
D/FeiGridView( 3223): getChildDrawingOrder:index = 0
D/FeiGridView( 3223): layout
D/FeiGridView( 3223): mSelectedPosition >= 0 ,layout exit
D/FeiGridView( 3223): getChildDrawingOrder:i = 0
D/FeiGridView( 3223): getChildDrawingOrder:index = 0
D/FeiGridView( 3223): getChildDrawingOrder:i = 1
D/FeiGridView( 3223): getChildDrawingOrder:index = 0
D/FeiGridView( 3223): getChildDrawingOrder:i = 2
D/FeiGridView( 3223): getChildDrawingOrder:index = 0
D/FeiGridView( 3223): getChildDrawingOrder:i = 3
D/FeiGridView( 3223): getChildDrawingOrder:index = 0
D/FeiGridView( 3223): getChildDrawingOrder:i = 4
D/FeiGridView( 3223): getChildDrawingOrder:index = 0
D/FeiGridView( 3223): getChildDrawingOrder:i = 5
D/FeiGridView( 3223): getChildDrawingOrder:index = 0
D/FeiGridView( 3223): getChildDrawingOrder:i = 6
D/FeiGridView( 3223): getChildDrawingOrder:index = 0
D/ScaleViewPanel( 3223): paddingBottom = :35
D/FeiGridView( 3223): getChildDrawingOrder:i = 7
D/FeiGridView( 3223): getChildDrawingOrder:index = 0
D/FeiGridView( 3223): getChildDrawingOrder:i = 8
D/FeiGridView( 3223): getChildDrawingOrder:index = 0
D/FeiGridView( 3223): getChildDrawingOrder:i = 9
D/FeiGridView( 3223): getChildDrawingOrder:index = 0
D/FeiGridView( 3223): getChildDrawingOrder:i = 10
D/FeiGridView( 3223): getChildDrawingOrder:index = 0
D/FeiGridView( 3223): getChildDrawingOrder:i = 11
D/FeiGridView( 3223): getChildDrawingOrder:index = 0
D/dalvikvm( 1155): GC_CONCURRENT freed 450K, 77% free 1403K/5955K, paused 1ms+1ms
D/dalvikvm( 3223): GC_FOR_ALLOC freed 357K, 21% free 22185K/27971K, paused 39ms
I/dalvikvm-heap( 3223): Grow heap (frag case) to 25.516MB for 262160-byte allocation
D/dalvikvm( 3223): GC_FOR_ALLOC freed 129K, 22% free 22312K/28291K, paused 34ms
D/dalvikvm( 3223): GC_FOR_ALLOC freed 369K, 22% free 22346K/28291K, paused 35ms
I/dalvikvm-heap( 3223): Grow heap (frag case) to 25.922MB for 524304-byte allocation
D/dalvikvm( 3223): GC_FOR_ALLOC freed 0K, 21% free 22858K/28867K, paused 37ms
D/dalvikvm( 1155): GC_CONCURRENT freed 475K, 77% free 1404K/5955K, paused 2ms+2ms
E/StrictMode( 3223): A resource was acquired at attached stack trace but never released. See java.io.Closeable for information on avoiding resource leaks.
E/StrictMode( 3223): java.lang.Throwable: Explicit termination method 'end' not called
E/StrictMode( 3223):    at dalvik.system.CloseGuard.open(CloseGuard.java:184)
E/StrictMode( 3223):    at java.util.zip.Inflater.<init>(Inflater.java:82)
E/StrictMode( 3223):    at java.util.zip.GZIPInputStream.<init>(GZIPInputStream.java:96)
E/StrictMode( 3223):    at java.util.zip.GZIPInputStream.<init>(GZIPInputStream.java:81)
E/StrictMode( 3223):    at com.fiship.media.common.JsonCompress.unCompress(JsonCompress.java:62)
E/StrictMode( 3223):    at com.fiship.ott.transport.action.VodAction.getAssetList(VodAction.java:344)
E/StrictMode( 3223):    at com.fiship.media.SubCatalogListActivity$4.doInBackground(SubCatalogListActivity.java:432)
E/StrictMode( 3223):    at com.fiship.media.SubCatalogListActivity$4.doInBackground(SubCatalogListActivity.java:425)
E/StrictMode( 3223):    at android.os.AsyncTask$2.call(AsyncTask.java:264)
E/StrictMode( 3223):    at java.util.concurrent.FutureTask$Sync.innerRun(FutureTask.java:305)
E/StrictMode( 3223):    at java.util.concurrent.FutureTask.run(FutureTask.java:137)
E/StrictMode( 3223):    at android.os.AsyncTask$SerialExecutor$1.run(AsyncTask.java:208)
E/StrictMode( 3223):    at java.util.concurrent.ThreadPoolExecutor.runWorker(ThreadPoolExecutor.java:1076)
E/StrictMode( 3223):    at java.util.concurrent.ThreadPoolExecutor$Worker.run(ThreadPoolExecutor.java:569)
E/StrictMode( 3223):    at java.lang.Thread.run(Thread.java:856)
D/FeiGridView( 3223): layout
D/FeiGridView( 3223): mSelectedPosition >= 0 ,layout exit
D/FeiGridView( 3223): getChildDrawingOrder:i = 0
D/FeiGridView( 3223): getChildDrawingOrder:index = 0
D/FeiGridView( 3223): getChildDrawingOrder:i = 1
D/FeiGridView( 3223): getChildDrawingOrder:index = 0
D/FeiGridView( 3223): getChildDrawingOrder:i = 2
D/FeiGridView( 3223): getChildDrawingOrder:index = 0
D/FeiGridView( 3223): getChildDrawingOrder:i = 3
D/FeiGridView( 3223): getChildDrawingOrder:index = 0
D/FeiGridView( 3223): getChildDrawingOrder:i = 4
D/FeiGridView( 3223): getChildDrawingOrder:index = 0
D/FeiGridView( 3223): getChildDrawingOrder:i = 5
D/FeiGridView( 3223): getChildDrawingOrder:index = 0
D/FeiGridView( 3223): getChildDrawingOrder:i = 6
D/FeiGridView( 3223): getChildDrawingOrder:index = 0
D/FeiGridView( 3223): getChildDrawingOrder:i = 7
D/FeiGridView( 3223): getChildDrawingOrder:index = 0
D/FeiGridView( 3223): getChildDrawingOrder:i = 8
D/FeiGridView( 3223): getChildDrawingOrder:index = 0
D/FeiGridView( 3223): getChildDrawingOrder:i = 9
D/FeiGridView( 3223): getChildDrawingOrder:index = 0
D/ScaleViewPanel( 3223): paddingBottom = :35
D/FeiGridView( 3223): getChildDrawingOrder:i = 10
D/FeiGridView( 3223): getChildDrawingOrder:index = 0
D/FeiGridView( 3223): getChildDrawingOrder:i = 11
D/FeiGridView( 3223): getChildDrawingOrder:index = 0
E/SubCatalogListActivity( 3223): mCurrentPage:24
E/1111    ( 3223): 1111111111
E/TAG     ( 3223): mCurrentPage:3
D/FeiGridView( 3223): layout
D/FeiGridView( 3223): mSelectedPosition >= 0 ,layout exit
D/SubCatalogListActivity( 3223): getAssetList:
D/Test    ( 3223): request Url  :http://cibn-iepg.coship.com:8088/msis/getAssetList?zip=1&version=V001&terminalType=1&resolution=1280*720&pageSize=24&curPage=4&userCode=80007&queryType=0&catalogId=51520&isRecommend=&assetType=&originName=&publishDate=&authKey=1e2e8ac2828745aa5c28f7cfd1ef04cc
D/dalvikvm( 1155): GC_CONCURRENT freed 484K, 78% free 1319K/5955K, paused 1ms+1ms
D/dalvikvm( 3223): GC_CONCURRENT freed 2977K, 25% free 21800K/28867K, paused 3ms+3ms
D/dalvikvm( 1155): GC_CONCURRENT freed 396K, 77% free 1416K/5955K, paused 1ms+2ms
E/SubCatalogListActivity( 3223): mCurrentPage:24
E/1111    ( 3223): 1111111111
E/TAG     ( 3223): mCurrentPage:4
D/FeiGridView( 3223): layout
D/FeiGridView( 3223): mSelectedPosition >= 0 ,layout exit
D/SubCatalogListActivity( 3223): getAssetList:
D/Test    ( 3223): request Url  :http://cibn-iepg.coship.com:8088/msis/getAssetList?zip=1&version=V001&terminalType=1&resolution=1280*720&pageSize=24&curPage=5&userCode=80007&queryType=0&catalogId=51520&isRecommend=&assetType=&originName=&publishDate=&authKey=fedf94fb794995b448deea2ffde242f3
D/dalvikvm( 1155): GC_CONCURRENT freed 487K, 77% free 1404K/5955K, paused 1ms+1ms
D/dalvikvm( 1155): GC_CONCURRENT freed 475K, 78% free 1327K/5955K, paused 1ms+3ms
D/dalvikvm( 3223): GC_CONCURRENT freed 1874K, 25% free 21845K/28867K, paused 2ms+4ms
D/dalvikvm( 1155): GC_CONCURRENT freed 405K, 76% free 1433K/5955K, paused 0ms+1ms
E/SubCatalogListActivity( 3223): mCurrentPage:24
E/1111    ( 3223): 1111111111
E/TAG     ( 3223): mCurrentPage:5
D/SubCatalogListActivity( 3223): getAssetList:
D/FeiGridView( 3223): layout
D/FeiGridView( 3223): mSelectedPosition >= 0 ,layout exit
D/Test    ( 3223): request Url  :http://cibn-iepg.coship.com:8088/msis/getAssetList?zip=1&version=V001&terminalType=1&resolution=1280*720&pageSize=24&curPage=6&userCode=80007&queryType=0&catalogId=51520&isRecommend=&assetType=&originName=&publishDate=&authKey=282bb6fff04f1bebf5b049016054a454
D/dalvikvm( 3223): GC_CONCURRENT freed 1876K, 25% free 21937K/28867K, paused 2ms+5ms
E/StrictMode( 3223): A resource was acquired at attached stack trace but never released. See java.io.Closeable for information on avoiding resource leaks.
E/StrictMode( 3223): java.lang.Throwable: Explicit termination method 'end' not called
E/StrictMode( 3223):    at dalvik.system.CloseGuard.open(CloseGuard.java:184)
E/StrictMode( 3223):    at java.util.zip.Inflater.<init>(Inflater.java:82)
E/StrictMode( 3223):    at java.util.zip.GZIPInputStream.<init>(GZIPInputStream.java:96)
E/StrictMode( 3223):    at java.util.zip.GZIPInputStream.<init>(GZIPInputStream.java:81)
E/StrictMode( 3223):    at com.fiship.media.common.JsonCompress.unCompress(JsonCompress.java:62)
E/StrictMode( 3223):    at com.fiship.ott.transport.action.VodAction.getAssetList(VodAction.java:344)
E/StrictMode( 3223):    at com.fiship.media.SubCatalogListActivity$4.doInBackground(SubCatalogListActivity.java:432)
E/StrictMode( 3223):    at com.fiship.media.SubCatalogListActivity$4.doInBackground(SubCatalogListActivity.java:425)
E/StrictMode( 3223):    at android.os.AsyncTask$2.call(AsyncTask.java:264)
E/StrictMode( 3223):    at java.util.concurrent.FutureTask$Sync.innerRun(FutureTask.java:305)
E/StrictMode( 3223):    at java.util.concurrent.FutureTask.run(FutureTask.java:137)
E/StrictMode( 3223):    at android.os.AsyncTask$SerialExecutor$1.run(AsyncTask.java:208)
E/StrictMode( 3223):    at java.util.concurrent.ThreadPoolExecutor.runWorker(ThreadPoolExecutor.java:1076)
E/StrictMode( 3223):    at java.util.concurrent.ThreadPoolExecutor$Worker.run(ThreadPoolExecutor.java:569)
E/StrictMode( 3223):    at java.lang.Thread.run(Thread.java:856)
E/SubCatalogListActivity( 3223): mCurrentPage:24
E/1111    ( 3223): 1111111111
E/TAG     ( 3223): mCurrentPage:6
D/FeiGridView( 3223): layout
D/FeiGridView( 3223): mSelectedPosition >= 0 ,layout exit
D/SubCatalogListActivity( 3223): getAssetList:
D/Test    ( 3223): request Url  :http://cibn-iepg.coship.com:8088/msis/getAssetList?zip=1&version=V001&terminalType=1&resolution=1280*720&pageSize=24&curPage=7&userCode=80007&queryType=0&catalogId=51520&isRecommend=&assetType=&originName=&publishDate=&authKey=b6f14911d984154b07cd251029619cbb

[ 2446.547087] IR: [03932] scan key value is 0xec13c936 
[ 2446.547093]  E/WindowManager(  989): ##############################dispatchUnhandledKey

[ 2446.599502] IR: [03932] scan key value is 0xec13c936 
[ 2446.599507]  D/dalvikvm( 3223): GC_CONCURRENT freed 1924K, 24% free 21956K/28867K, paused 2ms+4ms
I/ActivityManager(  989): START {cmp=com.fiship.media/.ProgramDetailActivity (has extras)} from pid 3223
D/SubCatalogListActivity( 3223): -- onRestart --
D/ProgramDetailActivity( 3223): -- onCreate --
D/dalvikvm( 3223): GC_FOR_ALLOC freed 978K, 25% free 21857K/28867K, paused 50ms
I/dalvikvm-heap( 3223): Grow heap (frag case) to 28.460MB for 3686416-byte allocation
D/dalvikvm( 3223): GC_CONCURRENT freed 1K, 22% free 25456K/32515K, paused 3ms+4ms
D/dalvikvm( 3223): GC_FOR_ALLOC freed 11K, 21% free 25855K/32515K, paused 39ms
I/dalvikvm-heap( 3223): Grow heap (frag case) to 30.407MB for 1633296-byte allocation
D/dalvikvm( 3223): GC_FOR_ALLOC freed 1K, 20% free 27448K/34115K, paused 40ms
W/ResourceType( 3223): Failure getting entry for 0x7f0a008e (t=9 e=142) in package 0 (error -75)
W/Resources( 3223): Converting to string: TypedValue{t=0x1/d=0x7f0a008e a=-1 r=0x7f0a008e}
I/Process (  989): Sending signal. PID: 3223 SIG: 3
I/dalvikvm( 3223): threadid=3: reacting to signal 3
I/dalvikvm( 3223): Wrote stack traces to '/data/anr/traces.txt'
D/ProgramDetailActivity( 3223): start load program details.
D/ProgramDetailActivity( 3223): -- onResume --
D/Test    ( 3223): request Url  :http://cibn-iepg.coship.com:8088/msis/getAssetListByPackageCode?zip=1&version=V001&terminalType=1&resolution=1280*720&resourceCode=13542&userCode=80007&authKey=924e5cd787a7cc300eb73103e0fa2e94
E/SubCatalogListActivity( 3223): mCurrentPage:24
E/1111    ( 3223): 1111111111
E/TAG     ( 3223): mCurrentPage:7
I/Process (  989): Sending signal. PID: 3223 SIG: 3
I/dalvikvm( 3223): threadid=3: reacting to signal 3
I/dalvikvm( 3223): Wrote stack traces to '/data/anr/traces.txt'
D/ProgramDetailActivity( 3223): start load program details.
D/FeiGridView( 3223): layout
D/FeiGridView( 3223): mSelectedPosition >= 0 ,layout exit
I/Process (  989): Sending signal. PID: 3223 SIG: 3
I/dalvikvm( 3223): threadid=3: reacting to signal 3
D/dalvikvm( 3223): GC_CONCURRENT freed 747K, 17% free 28623K/34115K, paused 3ms+11ms
I/dalvikvm( 3223): Wrote stack traces to '/data/anr/traces.txt'
E/StrictMode( 3223): A resource was acquired at attached stack trace but never released. See java.io.Closeable for information on avoiding resource leaks.
E/StrictMode( 3223): java.lang.Throwable: Explicit termination method 'end' not called
E/StrictMode( 3223):    at dalvik.system.CloseGuard.open(CloseGuard.java:184)
E/StrictMode( 3223):    at java.util.zip.Inflater.<init>(Inflater.java:82)
E/StrictMode( 3223):    at java.util.zip.GZIPInputStream.<init>(GZIPInputStream.java:96)
E/StrictMode( 3223):    at java.util.zip.GZIPInputStream.<init>(GZIPInputStream.java:81)
E/StrictMode( 3223):    at com.fiship.media.common.JsonCompress.unCompress(JsonCompress.java:62)
E/StrictMode( 3223):    at com.fiship.ott.transport.action.VodAction.getAssetListByPackageCode(VodAction.java:541)
E/StrictMode( 3223):    at com.fiship.media.ProgramDetailActivity$9.doInBackground(ProgramDetailActivity.java:1245)
E/StrictMode( 3223):    at com.fiship.media.ProgramDetailActivity$9.doInBackground(ProgramDetailActivity.java:1240)
E/StrictMode( 3223):    at android.os.AsyncTask$2.call(AsyncTask.java:264)
E/StrictMode( 3223):    at java.util.concurrent.FutureTask$Sync.innerRun(FutureTask.java:305)
E/StrictMode( 3223):    at java.util.concurrent.FutureTask.run(FutureTask.java:137)
E/StrictMode( 3223):    at android.os.AsyncTask$SerialExecutor$1.run(AsyncTask.java:208)
E/StrictMode( 3223):    at java.util.concurrent.ThreadPoolExecutor.runWorker(ThreadPoolExecutor.java:1076)
E/StrictMode( 3223):    at java.util.concurrent.ThreadPoolExecutor$Worker.run(ThreadPoolExecutor.java:569)
E/StrictMode( 3223):    at java.lang.Thread.run(Thread.java:856)
I/ActivityManager(  989): Displayed com.fiship.media/.ProgramDetailActivity: +1s546ms
I/System.out( 3223): .................................>>>941
D/SubCatalogListActivity( 3223): getAssetList:
D/Test    ( 3223): request Url  :http://cibn-iepg.coship.com:8088/msis/getAssetList?zip=1&version=V001&terminalType=1&resolution=1280*720&pageSize=24&curPage=8&userCode=80007&queryType=0&catalogId=51520&isRecommend=&assetType=&originName=&publishDate=&authKey=25109baabcd2a39869edad6b374b5ee0
D/dalvikvm( 1155): GC_CONCURRENT freed 514K, 78% free 1361K/5955K, paused 0ms+1ms
D/HomePlayerLib( 1155): hostaddress count is 2
D/dalvikvm( 1155): GC_CONCURRENT freed 443K, 77% free 1404K/5955K, paused 1ms+1ms
D/dalvikvm( 1155): GC_CONCURRENT freed 478K, 77% free 1417K/5955K, paused 2ms+3ms
D/dalvikvm( 1155): GC_CONCURRENT freed 487K, 77% free 1411K/5955K, paused 1ms+1ms
D/dalvikvm( 3223): GC_CONCURRENT freed 1841K, 17% free 28715K/34307K, paused 3ms+8ms
E/StrictMode( 3223): A resource was acquired at attached stack trace but never released. See java.io.Closeable for information on avoiding resource leaks.
E/StrictMode( 3223): java.lang.Throwable: Explicit termination method 'end' not called
E/StrictMode( 3223):    at dalvik.system.CloseGuard.open(CloseGuard.java:184)
E/StrictMode( 3223):    at java.util.zip.Inflater.<init>(Inflater.java:82)
E/StrictMode( 3223):    at java.util.zip.GZIPInputStream.<init>(GZIPInputStream.java:96)
E/StrictMode( 3223):    at java.util.zip.GZIPInputStream.<init>(GZIPInputStream.java:81)
E/StrictMode( 3223):    at com.fiship.media.common.JsonCompress.unCompress(JsonCompress.java:62)
E/StrictMode( 3223):    at com.fiship.ott.transport.action.VodAction.getAssetList(VodAction.java:344)
E/StrictMode( 3223):    at com.fiship.media.SubCatalogListActivity$4.doInBackground(SubCatalogListActivity.java:432)
E/StrictMode( 3223):    at com.fiship.media.SubCatalogListActivity$4.doInBackground(SubCatalogListActivity.java:425)
E/StrictMode( 3223):    at android.os.AsyncTask$2.call(AsyncTask.java:264)
E/StrictMode( 3223):    at java.util.concurrent.FutureTask$Sync.innerRun(FutureTask.java:305)
E/StrictMode( 3223):    at java.util.concurrent.FutureTask.run(FutureTask.java:137)
E/StrictMode( 3223):    at android.os.AsyncTask$SerialExecutor$1.run(AsyncTask.java:208)
E/StrictMode( 3223):    at java.util.concurrent.ThreadPoolExecutor.runWorker(ThreadPoolExecutor.java:1076)
E/StrictMode( 3223):    at java.util.concurrent.ThreadPoolExecutor$Worker.run(ThreadPoolExecutor.java:569)
E/StrictMode( 3223):    at java.lang.Thread.run(Thread.java:856)
D/dalvikvm( 1155): GC_CONCURRENT freed 494K, 76% free 1449K/5955K, paused 1ms+1ms
E/SubCatalogListActivity( 3223): mCurrentPage:24
E/1111    ( 3223): 1111111111
E/TAG     ( 3223): mCurrentPage:8
D/FeiGridView( 3223): layout
D/FeiGridView( 3223): mSelectedPosition >= 0 ,layout exit
D/Test    ( 3223): request Url  :http://cibn-iepg.coship.com:8088/msis/getAssetDetail?version=V001&terminalType=1&resolution=1280*720&resourceCode=13542&userCode=80007&authKey=b4c5f6f42b7c4ecb813f52dcb41961e3
D/dalvikvm( 1155): GC_CONCURRENT freed 516K, 78% free 1326K/5955K, paused 1ms+1ms
I/ProgramDetailActivity( 3223): movie count:1
W/ResourceType( 3223): Failure getting entry for 0x7f0a007c (t=9 e=124) in package 0 (error -75)
D/AndroidRuntime( 3223): Shutting down VM
W/dalvikvm( 3223): threadid=1: thread exiting with uncaught exception (group=0x40fa81f8)
E/com.fiship.ott.transport.util.GlobalExceptionHandler$uncaughtException 行:43
        ( 3223): android.content.res.Resources$NotFoundException: String resource ID #0x7f0a007c
E/com.fiship.ott.transport.util.GlobalExceptionHandler$uncaughtException 行:43
        ( 3223):        at android.content.res.Resources.getText(Resources.java:247)
E/com.fiship.ott.transport.util.GlobalExceptionHandler$uncaughtException 行:43
        ( 3223):        at android.content.res.Resources.getString(Resources.java:331)
E/com.fiship.ott.transport.util.GlobalExceptionHandler$uncaughtException 行:43
        ( 3223):        at android.content.Context.getString(Context.java:282)
E/com.fiship.ott.transport.util.GlobalExceptionHandler$uncaughtException 行:43
        ( 3223):        at com.fiship.media.ProgramDetailActivity.updatMovieDetailUI(ProgramDetailActivity.java:633)
E/com.fiship.ott.transport.util.GlobalExceptionHandler$uncaughtException 行:43
        ( 3223):        at com.fiship.media.ProgramDetailActivity.access$000(ProgramDetailActivity.java:68)
E/com.fiship.ott.transport.util.GlobalExceptionHandler$uncaughtException 行:43
        ( 3223):        at com.fiship.media.ProgramDetailActivity$1.handleMessage(ProgramDetailActivity.java:193)
E/com.fiship.ott.transport.util.GlobalExceptionHandler$uncaughtException 行:43
        ( 3223):        at android.os.Handler.dispatchMessage(Handler.java:99)
E/com.fiship.ott.transport.util.GlobalExceptionHandler$uncaughtException 行:43
        ( 3223):        at android.os.Looper.loop(Looper.java:137)
E/com.fiship.ott.transport.util.GlobalExceptionHandler$uncaughtException 行:43
        ( 3223):        at android.app.ActivityThread.main(ActivityThread.java:4424)
E/com.fiship.ott.transport.util.GlobalExceptionHandler$uncaughtException 行:43
        ( 3223):        at java.lang.reflect.Method.invokeNative(Native Method)
E/com.fiship.ott.transport.util.GlobalExceptionHandler$uncaughtException 行:43
        ( 3223):        at java.lang.reflect.Method.invoke(Method.java:511)
E/com.fiship.ott.transport.util.GlobalExceptionHandler$uncaughtException 行:43
        ( 3223):        at com.android.internal.os.ZygoteInit$MethodAndArgsCaller.run(ZygoteInit.java:848)
E/com.fiship.ott.transport.util.GlobalExceptionHandler$uncaughtException 行:43
        ( 3223):        at com.android.internal.os.ZygoteInit.main(ZygoteInit.java:575)
E/com.fiship.ott.transport.util.GlobalExceptionHandler$uncaughtException 行:43
        ( 3223):        at dalvik.system.NativeStart.main(Native Method)
D/Test    ( 3223): request Url  :http://cibn-iepg.coship.com:8088/iuc/getBookMark?version=V001&terminalType=1&resolution=1280*720&userCode=80007&userName=80007&ResourceCode=13542&authKey=f1c465dc66f41c7c80129012a14793eb
I/ActivityManager(  989): Process com.fiship.media (pid 3223) has died.
I/WindowManager(  989): WIN DEATH: Window{4186f818 com.fiship.media/com.fiship.media.SubCatalogListActivity paused=false}
W/ActivityManager(  989): Force removing ActivityRecord{416c3408 com.fiship.media/.ProgramDetailActivity}: app died, no saved state
I/WindowManager(  989): WIN DEATH: Window{41852058 com.fiship.media/com.fiship.media.ProgramDetailActivity paused=false}
I/ActivityManager(  989): Start proc com.fiship.media for activity com.fiship.media/.SubCatalogListActivity: pid=3302 uid=10012 gids={3003, 1015}
D/dalvikvm( 1155): GC_CONCURRENT freed 411K, 77% free 1427K/5955K, paused 1ms+1ms
W/MountService(  989): getVolumeState(/mnt/sdcard): Unknown volume
D/com.fiship.media.FeiApplication$1$run 行:64
        ( 3302): Remove outdated log file
D/SubCatalogListActivity( 3302): onCreate
D/SubCatalogListActivity( 3302): -- onCreate --
D/dalvikvm( 1155): GC_CONCURRENT freed 509K, 76% free 1430K/5955K, paused 2ms+2ms
D/dalvikvm( 2914): GC_CONCURRENT freed 2431K, 21% free 33299K/41667K, paused 3ms+8ms
D/dalvikvm( 3302): GC_FOR_ALLOC freed 200K, 43% free 6725K/11651K, paused 53ms
I/dalvikvm-heap( 3302): Grow heap (frag case) to 13.683MB for 3686416-byte allocation
D/dalvikvm( 3302): GC_CONCURRENT freed 2K, 33% free 10323K/15299K, paused 2ms+2ms
D/dalvikvm( 1155): GC_CONCURRENT freed 513K, 71% free 1747K/5955K, paused 1ms+2ms
I/Process (  989): Sending signal. PID: 3302 SIG: 3
I/dalvikvm( 3302): threadid=3: reacting to signal 3
I/dalvikvm( 3302): Wrote stack traces to '/data/anr/traces.txt'
D/FeiGridView( 3302): setSelectedPositionInt
D/FeiGridView( 3302): updateSelectedItemMetadata
D/FeiGridView( 3302): no focus change, exit.
E/1111    ( 3302): 11112:51501
D/SubCatalogListActivity( 3302): -- onResume --
D/dalvikvm( 1155): GC_CONCURRENT freed 809K, 78% free 1335K/5955K, paused 2ms+2ms
D/Test    ( 3302): request Url  :http://cibn-iepg.coship.com:8088/msis/getCatalog?zip=1&version=V001&terminalType=1&resolution=1280*720&catalogType=2&userCode=80007&parentId=0&accessSource=5&authKey=d3bcf57eaa3cf05a9f9dc5d226843ce6
D/libEGL  ( 3302): loaded /system/lib/egl/libGLES_android.so
D/libEGL  ( 3302): loaded /system/lib/egl/libEGL_mali.so
D/libEGL  ( 3302): loaded /system/lib/egl/libGLESv1_CM_mali.so
D/libEGL  ( 3302): loaded /system/lib/egl/libGLESv2_mali.so
D/OpenGLRenderer( 3302): Enabling debug mode 0
D/FeiGridView( 3302): layout
D/FeiGridView( 3302): setSelectedPositionInt
D/FeiGridView( 3302): updateSelectedItemMetadata
D/FeiGridView( 3302): no focus change, exit.
D/FeiGridView( 3302): layout
D/FeiGridView( 3302): setSelectedPositionInt
D/FeiGridView( 3302): updateSelectedItemMetadata
D/FeiGridView( 3302): no focus change, exit.
W/InputManagerService(  989): Got RemoteException sending setActive(false) notification to pid 3223 uid 10012
I/ActivityManager(  989): Displayed com.fiship.media/.SubCatalogListActivity: +795ms
D/dalvikvm( 1155): GC_CONCURRENT freed 407K, 76% free 1439K/5955K, paused 1ms+2ms
D/dalvikvm( 1155): GC_CONCURRENT freed 517K, 76% free 1433K/5955K, paused 1ms+1ms
D/dalvikvm( 1155): GC_CONCURRENT freed 515K, 79% free 1302K/5955K, paused 1ms+1ms
D/SubCatalogListActivity( 3302): onFocusChange
D/SubCatalogListActivity( 3302): getAssetList:
D/Test    ( 3302): request Url  :http://cibn-iepg.coship.com:8088/msis/getAssetList?zip=1&version=V001&terminalType=1&resolution=1280*720&pageSize=24&curPage=1&userCode=80007&queryType=0&catalogId=51520&isRecommend=&assetType=&originName=&publishDate=&authKey=e97f568e0f364a063fe6861b449f26c1
D/dalvikvm( 1155): GC_CONCURRENT freed 375K, 76% free 1439K/5955K, paused 1ms+1ms
D/dalvikvm( 1155): GC_CONCURRENT freed 516K, 77% free 1428K/5955K, paused 0ms+1ms
D/dalvikvm( 3302): GC_CONCURRENT freed 874K, 30% free 11407K/16067K, paused 2ms+3ms
E/StrictMode( 3302): A resource was acquired at attached stack trace but never released. See java.io.Closeable for information on avoiding resource leaks.
E/StrictMode( 3302): java.lang.Throwable: Explicit termination method 'end' not called
E/StrictMode( 3302):    at dalvik.system.CloseGuard.open(CloseGuard.java:184)
E/StrictMode( 3302):    at java.util.zip.Inflater.<init>(Inflater.java:82)
E/StrictMode( 3302):    at java.util.zip.GZIPInputStream.<init>(GZIPInputStream.java:96)
E/StrictMode( 3302):    at java.util.zip.GZIPInputStream.<init>(GZIPInputStream.java:81)
E/StrictMode( 3302):    at com.fiship.media.common.JsonCompress.unCompress(JsonCompress.java:62)
E/StrictMode( 3302):    at com.fiship.ott.transport.action.VodAction.getCatalog(VodAction.java:172)
E/StrictMode( 3302):    at com.fiship.media.SubCatalogListActivity$3.doInBackground(SubCatalogListActivity.java:394)
E/StrictMode( 3302):    at com.fiship.media.SubCatalogListActivity$3.doInBackground(SubCatalogListActivity.java:390)
E/StrictMode( 3302):    at android.os.AsyncTask$2.call(AsyncTask.java:264)
E/StrictMode( 3302):    at java.util.concurrent.FutureTask$Sync.innerRun(FutureTask.java:305)
E/StrictMode( 3302):    at java.util.concurrent.FutureTask.run(FutureTask.java:137)
E/StrictMode( 3302):    at android.os.AsyncTask$SerialExecutor$1.run(AsyncTask.java:208)
E/StrictMode( 3302):    at java.util.concurrent.ThreadPoolExecutor.runWorker(ThreadPoolExecutor.java:1076)
E/StrictMode( 3302):    at java.util.concurrent.ThreadPoolExecutor$Worker.run(ThreadPoolExecutor.java:569)
E/StrictMode( 3302):    at java.lang.Thread.run(Thread.java:856)
D/dalvikvm( 1155): GC_CONCURRENT freed 500K, 78% free 1329K/5955K, paused 1ms+1ms
E/SubCatalogListActivity( 3302): mCurrentPage:24
E/1111    ( 3302): 1111111111
E/TAG     ( 3302): mCurrentPage:1
D/FeiGridView( 3302): layout
D/FeiGridView( 3302): setSelectedPositionInt
D/FeiGridView( 3302): updateSelectedItemMetadata
D/FeiGridView( 3302): no focus change, exit.
D/FeiGridView( 3302): in layout makeAndAddView childrenTop=0
D/FeiGridView( 3302): try to find cached view at 0
D/FeiGridView( 3302): get new View at 0
D/SubCatalogListActivity( 3302): getAssetList:
D/ScaleViewPanel( 3302): ScaleViewPanel constructor
D/dalvikvm( 3302): GC_FOR_ALLOC freed 1562K, 32% free 11341K/16643K, paused 35ms
I/dalvikvm-heap( 3302): Grow heap (frag case) to 15.644MB for 1016112-byte allocation
D/dalvikvm( 3302): GC_FOR_ALLOC freed <1K, 31% free 12333K/17667K, paused 28ms
D/Test    ( 3302): request Url  :http://cibn-iepg.coship.com:8088/msis/getAssetList?zip=1&version=V001&terminalType=1&resolution=1280*720&pageSize=24&curPage=2&userCode=80007&queryType=0&catalogId=51520&isRecommend=&assetType=&originName=&publishDate=&authKey=e534196e014f4048d15e7ce5431e62a0
E/StrictMode( 3302): A resource was acquired at attached stack trace but never released. See java.io.Closeable for information on avoiding resource leaks.
E/StrictMode( 3302): java.lang.Throwable: Explicit termination method 'end' not called
E/StrictMode( 3302):    at dalvik.system.CloseGuard.open(CloseGuard.java:184)
E/StrictMode( 3302):    at java.util.zip.Inflater.<init>(Inflater.java:82)
E/StrictMode( 3302):    at java.util.zip.GZIPInputStream.<init>(GZIPInputStream.java:96)
E/StrictMode( 3302):    at java.util.zip.GZIPInputStream.<init>(GZIPInputStream.java:81)
E/StrictMode( 3302):    at com.fiship.media.common.JsonCompress.unCompress(JsonCompress.java:62)
E/StrictMode( 3302):    at com.fiship.ott.transport.action.VodAction.getAssetList(VodAction.java:344)
E/StrictMode( 3302):    at com.fiship.media.SubCatalogListActivity$4.doInBackground(SubCatalogListActivity.java:432)
E/StrictMode( 3302):    at com.fiship.media.SubCatalogListActivity$4.doInBackground(SubCatalogListActivity.java:425)
E/StrictMode( 3302):    at android.os.AsyncTask$2.call(AsyncTask.java:264)
E/StrictMode( 3302):    at java.util.concurrent.FutureTask$Sync.innerRun(FutureTask.java:305)
E/StrictMode( 3302):    at java.util.concurrent.FutureTask.run(FutureTask.java:137)
E/StrictMode( 3302):    at android.os.AsyncTask$SerialExecutor$1.run(AsyncTask.java:208)
E/StrictMode( 3302):    at java.util.concurrent.ThreadPoolExecutor.runWorker(ThreadPoolExecutor.java:1076)
E/StrictMode( 3302):    at java.util.concurrent.ThreadPoolExecutor$Worker.run(ThreadPoolExecutor.java:569)
E/StrictMode( 3302):    at java.lang.Thread.run(Thread.java:856)
D/SubCatalogListActivity( 3302): new view
D/FeiGridView( 3302): calculateLeft pos, 0 childLeft = 28
D/FeiGridView( 3302): try to find cached view at 1
D/FeiGridView( 3302): get new View at 1
D/ScaleViewPanel( 3302): ScaleViewPanel constructor
D/SubCatalogListActivity( 3302): new view
I/        ( 3302): jpeg hw mutex s_index = 290
D/FeiGridView( 3302): calculateLeft pos, 1 childLeft = 222
D/FeiGridView( 3302): updateSelectedItemMetadata
D/SubCatalogListActivity( 3302): onFocusChange
D/ScaleViewPanel( 3302): onFocusChanged: focus:true: 130
D/FeiGridView( 3302): child com.fiship.media.view.ScaleViewPanel@41fcd1f8 requestFocus
D/FeiGridView( 3302): child com.fiship.media.view.ScaleViewPanel@41fcd1f8has focus
D/FeiGridView( 3302): try to find cached view at 2
D/FeiGridView( 3302): get new View at 2
D/ScaleViewPanel( 3302): ScaleViewPanel constructor
I/        ( 3302): [MSOS_PRINT][003171]     ~!~mappd sharemem    
D/SubCatalogListActivity( 3302): new view
I/        ( 3302): [MSOS_PRINT][000605]     pthread_mutex_init
I/        ( 3302): [MSOS_PRINT][000607]     CHIP_InitISR
D/        ( 3302): [skia jpeg]: readbuf addr:0x1a1c2000, size: 0x100000
D/        ( 3302):  write buff addr:0x0,  size: 0x0
D/        ( 3302):  internal buff addr:0x1a2c2000,   size: 0x100000
E/        ( 3302): get vaddr failed:pvaddr_read=0x62055000,pvaddr_internal=0x62155000,pvaddr_write=0x0
D/FeiGridView( 3302): calculateLeft pos, 2 childLeft = 416
D/FeiGridView( 3302): updateSelectedItemMetadata
D/FeiGridView( 3302): child com.fiship.media.view.ScaleViewPanel@41fcd1f8has focus
D/FeiGridView( 3302): try to find cached view at 3
D/FeiGridView( 3302): get new View at 3
E/        ( 3302): get vaddr failed:pvaddr_read=0x62055000,pvaddr_internal=0x62155000,pvaddr_write=0x0
D/ScaleViewPanel( 3302): ScaleViewPanel constructor
D/SubCatalogListActivity( 3302): new view
D/FeiGridView( 3302): calculateLeft pos, 3 childLeft = 610
D/FeiGridView( 3302): updateSelectedItemMetadata
D/FeiGridView( 3302): child com.fiship.media.view.ScaleViewPanel@41fcd1f8has focus
D/FeiGridView( 3302): try to find cached view at 4
D/FeiGridView( 3302): get new View at 4
D/ScaleViewPanel( 3302): ScaleViewPanel constructor
E/        ( 3302): get vaddr failed:pvaddr_read=0x62055000,pvaddr_internal=0x62155000,pvaddr_write=0x0
D/SubCatalogListActivity( 3302): new view
D/FeiGridView( 3302): calculateLeft pos, 4 childLeft = 804
D/FeiGridView( 3302): updateSelectedItemMetadata
D/FeiGridView( 3302): child com.fiship.media.view.ScaleViewPanel@41fcd1f8has focus
D/FeiGridView( 3302): try to find cached view at 5
D/FeiGridView( 3302): get new View at 5
D/ScaleViewPanel( 3302): ScaleViewPanel constructor
E/        ( 3302): get vaddr failed:pvaddr_read=0x62055000,pvaddr_internal=0x62155000,pvaddr_write=0x0
D/SubCatalogListActivity( 3302): new view
D/FeiGridView( 3302): calculateLeft pos, 5 childLeft = 998
D/FeiGridView( 3302): updateSelectedItemMetadata
D/FeiGridView( 3302): child com.fiship.media.view.ScaleViewPanel@41fcd1f8has focus
D/FeiGridView( 3302): try to find cached view at 6
D/FeiGridView( 3302): get new View at 6
D/ScaleViewPanel( 3302): ScaleViewPanel constructor
E/        ( 3302): get vaddr failed:pvaddr_read=0x62055000,pvaddr_internal=0x62155000,pvaddr_write=0x0
E/        ( 3302): get vaddr failed:pvaddr_read=0x62055000,pvaddr_internal=0x62155000,pvaddr_write=0x0
D/SubCatalogListActivity( 3302): new view
D/FeiGridView( 3302): calculateLeft pos, 6 childLeft = 28
D/FeiGridView( 3302): updateSelectedItemMetadata
D/FeiGridView( 3302): child com.fiship.media.view.ScaleViewPanel@41fcd1f8has focus
D/FeiGridView( 3302): try to find cached view at 7
D/FeiGridView( 3302): get new View at 7
D/ScaleViewPanel( 3302): ScaleViewPanel constructor
E/        ( 3302): get vaddr failed:pvaddr_read=0x62055000,pvaddr_internal=0x62155000,pvaddr_write=0x0
E/        ( 3302): get vaddr failed:pvaddr_read=0x62055000,pvaddr_internal=0x62155000,pvaddr_write=0x0
E/        ( 3302): get vaddr failed:pvaddr_read=0x62055000,pvaddr_internal=0x62155000,pvaddr_write=0x0
D/SubCatalogListActivity( 3302): new view
E/        ( 3302): get vaddr failed:pvaddr_read=0x62055000,pvaddr_internal=0x62155000,pvaddr_write=0x0
D/dalvikvm( 3302): GC_FOR_ALLOC freed 538K, 26% free 13486K/18051K, paused 30ms
D/FeiGridView( 3302): calculateLeft pos, 7 childLeft = 222
D/FeiGridView( 3302): updateSelectedItemMetadata
D/FeiGridView( 3302): child com.fiship.media.view.ScaleViewPanel@41fcd1f8has focus
D/FeiGridView( 3302): try to find cached view at 8
D/FeiGridView( 3302): get new View at 8
D/ScaleViewPanel( 3302): ScaleViewPanel constructor
D/SubCatalogListActivity( 3302): new view
D/FeiGridView( 3302): calculateLeft pos, 8 childLeft = 416
D/FeiGridView( 3302): updateSelectedItemMetadata
D/FeiGridView( 3302): child com.fiship.media.view.ScaleViewPanel@41fcd1f8has focus
D/FeiGridView( 3302): try to find cached view at 9
D/FeiGridView( 3302): get new View at 9
D/ScaleViewPanel( 3302): ScaleViewPanel constructor
D/SubCatalogListActivity( 3302): new view
D/FeiGridView( 3302): calculateLeft pos, 9 childLeft = 610
D/FeiGridView( 3302): updateSelectedItemMetadata
D/FeiGridView( 3302): child com.fiship.media.view.ScaleViewPanel@41fcd1f8has focus
D/FeiGridView( 3302): try to find cached view at 10
D/FeiGridView( 3302): get new View at 10
D/ScaleViewPanel( 3302): ScaleViewPanel constructor
D/SubCatalogListActivity( 3302): new view
D/FeiGridView( 3302): calculateLeft pos, 10 childLeft = 804
D/FeiGridView( 3302): updateSelectedItemMetadata
D/FeiGridView( 3302): child com.fiship.media.view.ScaleViewPanel@41fcd1f8has focus
D/FeiGridView( 3302): try to find cached view at 11
D/FeiGridView( 3302): get new View at 11
D/ScaleViewPanel( 3302): ScaleViewPanel constructor
D/dalvikvm( 3302): GC_FOR_ALLOC freed 868K, 27% free 14119K/19267K, paused 30ms
E/        ( 3302): get vaddr failed:pvaddr_read=0x62055000,pvaddr_internal=0x62155000,pvaddr_write=0x0
D/SubCatalogListActivity( 3302): new view
D/FeiGridView( 3302): calculateLeft pos, 11 childLeft = 998
D/FeiGridView( 3302): updateSelectedItemMetadata
D/FeiGridView( 3302): child com.fiship.media.view.ScaleViewPanel@41fcd1f8has focus
D/FeiGridView( 3302): updateSelectedItemMetadata
D/FeiGridView( 3302): child com.fiship.media.view.ScaleViewPanel@41fcd1f8has focus
D/FeiGridView( 3302): getChildDrawingOrder:i = 0
D/FeiGridView( 3302): getChildDrawingOrder:index = 0
E/        ( 3302): get vaddr failed:pvaddr_read=0x62055000,pvaddr_internal=0x62155000,pvaddr_write=0x0
D/ScaleViewPanel( 3302): paddingBottom = :35
D/FeiGridView( 3302): getChildDrawingOrder:i = 1
D/FeiGridView( 3302): getChildDrawingOrder:index = 0
D/ScaleViewPanel( 3302): paddingBottom = :35
D/FeiGridView( 3302): getChildDrawingOrder:i = 2
D/FeiGridView( 3302): getChildDrawingOrder:index = 0
D/ScaleViewPanel( 3302): paddingBottom = :35
D/FeiGridView( 3302): getChildDrawingOrder:i = 3
D/FeiGridView( 3302): getChildDrawingOrder:index = 0
D/ScaleViewPanel( 3302): paddingBottom = :35
D/FeiGridView( 3302): getChildDrawingOrder:i = 4
D/FeiGridView( 3302): getChildDrawingOrder:index = 0
D/ScaleViewPanel( 3302): paddingBottom = :35
D/FeiGridView( 3302): getChildDrawingOrder:i = 5
D/FeiGridView( 3302): getChildDrawingOrder:index = 0
D/ScaleViewPanel( 3302): paddingBottom = :35
D/FeiGridView( 3302): getChildDrawingOrder:i = 6
D/FeiGridView( 3302): getChildDrawingOrder:index = 0
D/ScaleViewPanel( 3302): paddingBottom = :35
E/        ( 3302): get vaddr failed:pvaddr_read=0x62055000,pvaddr_internal=0x62155000,pvaddr_write=0x0
D/FeiGridView( 3302): getChildDrawingOrder:i = 7
D/FeiGridView( 3302): getChildDrawingOrder:index = 0
D/ScaleViewPanel( 3302): paddingBottom = :35
D/FeiGridView( 3302): getChildDrawingOrder:i = 8
D/FeiGridView( 3302): getChildDrawingOrder:index = 0
D/ScaleViewPanel( 3302): paddingBottom = :35
D/FeiGridView( 3302): getChildDrawingOrder:i = 9
D/FeiGridView( 3302): getChildDrawingOrder:index = 0
D/ScaleViewPanel( 3302): paddingBottom = :35
D/FeiGridView( 3302): getChildDrawingOrder:i = 10
D/FeiGridView( 3302): getChildDrawingOrder:index = 0
D/ScaleViewPanel( 3302): paddingBottom = :35
D/FeiGridView( 3302): getChildDrawingOrder:i = 11
D/FeiGridView( 3302): getChildDrawingOrder:index = 0
E/        ( 3302): get vaddr failed:pvaddr_read=0x62055000,pvaddr_internal=0x62155000,pvaddr_write=0x0
E/        ( 3302): get vaddr failed:pvaddr_read=0x62055000,pvaddr_internal=0x62155000,pvaddr_write=0x0
D/ScaleViewPanel( 3302): paddingBottom = :35
D/ScaleViewPanel( 3302): dispatchDraw
E/        ( 3302): get vaddr failed:pvaddr_read=0x62055000,pvaddr_internal=0x62155000,pvaddr_write=0x0
D/dalvikvm( 3302): GC_FOR_ALLOC freed 1733K, 30% free 14123K/19907K, paused 63ms
E/        ( 3302): get vaddr failed:pvaddr_read=0x62055000,pvaddr_internal=0x62155000,pvaddr_write=0x0
E/        ( 3302): get vaddr failed:pvaddr_read=0x62055000,pvaddr_internal=0x62155000,pvaddr_write=0x0
E/        ( 3302): get vaddr failed:pvaddr_read=0x62055000,pvaddr_internal=0x62155000,pvaddr_write=0x0
E/        ( 3302): get vaddr failed:pvaddr_read=0x62055000,pvaddr_internal=0x62155000,pvaddr_write=0x0
D/ScaleViewPanel( 3302): ScaleViewPanel constructor
D/SubCatalogListActivity( 3302): new view
D/FeiGridView( 3302): layout
D/FeiGridView( 3302): mSelectedPosition >= 0 ,layout exit
D/FeiGridView( 3302): getChildDrawingOrder:i = 0
D/FeiGridView( 3302): getChildDrawingOrder:index = 0
D/ScaleViewPanel( 3302): paddingBottom = :35
D/FeiGridView( 3302): getChildDrawingOrder:i = 1
D/FeiGridView( 3302): getChildDrawingOrder:index = 0
D/ScaleViewPanel( 3302): paddingBottom = :35
D/FeiGridView( 3302): getChildDrawingOrder:i = 2
D/FeiGridView( 3302): getChildDrawingOrder:index = 0
D/ScaleViewPanel( 3302): paddingBottom = :35
D/FeiGridView( 3302): getChildDrawingOrder:i = 3
D/FeiGridView( 3302): getChildDrawingOrder:index = 0
D/ScaleViewPanel( 3302): paddingBottom = :35
D/FeiGridView( 3302): getChildDrawingOrder:i = 4
D/FeiGridView( 3302): getChildDrawingOrder:index = 0
D/ScaleViewPanel( 3302): paddingBottom = :35
D/FeiGridView( 3302): getChildDrawingOrder:i = 5
D/FeiGridView( 3302): getChildDrawingOrder:index = 0
D/ScaleViewPanel( 3302): paddingBottom = :35
D/FeiGridView( 3302): getChildDrawingOrder:i = 6
D/FeiGridView( 3302): getChildDrawingOrder:index = 0
D/ScaleViewPanel( 3302): paddingBottom = :35
D/FeiGridView( 3302): getChildDrawingOrder:i = 7
D/FeiGridView( 3302): getChildDrawingOrder:index = 0
D/ScaleViewPanel( 3302): paddingBottom = :35
D/FeiGridView( 3302): getChildDrawingOrder:i = 8
D/FeiGridView( 3302): getChildDrawingOrder:index = 0
D/ScaleViewPanel( 3302): paddingBottom = :35
D/FeiGridView( 3302): getChildDrawingOrder:i = 9
D/FeiGridView( 3302): getChildDrawingOrder:index = 0
D/ScaleViewPanel( 3302): paddingBottom = :35
D/FeiGridView( 3302): getChildDrawingOrder:i = 10
D/FeiGridView( 3302): getChildDrawingOrder:index = 0
D/ScaleViewPanel( 3302): paddingBottom = :35
D/FeiGridView( 3302): getChildDrawingOrder:i = 11
D/FeiGridView( 3302): getChildDrawingOrder:index = 0
D/ScaleViewPanel( 3302): paddingBottom = :35
D/ScaleViewPanel( 3302): dispatchDraw
D/dalvikvm( 3302): GC_CONCURRENT freed 735K, 24% free 15308K/19907K, paused 2ms+4ms
E/        ( 3302): get vaddr failed:pvaddr_read=0x62055000,pvaddr_internal=0x62155000,pvaddr_write=0x0
D/FeiGridView( 3302): layout
D/FeiGridView( 3302): mSelectedPosition >= 0 ,layout exit
E/        ( 3302): get vaddr failed:pvaddr_read=0x62055000,pvaddr_internal=0x62155000,pvaddr_write=0x0
D/FeiGridView( 3302): getChildDrawingOrder:i = 0
D/FeiGridView( 3302): getChildDrawingOrder:index = 0
D/FeiGridView( 3302): getChildDrawingOrder:i = 1
D/FeiGridView( 3302): getChildDrawingOrder:index = 0
D/ScaleViewPanel( 3302): paddingBottom = :35
D/FeiGridView( 3302): getChildDrawingOrder:i = 2
D/FeiGridView( 3302): getChildDrawingOrder:index = 0
D/ScaleViewPanel( 3302): paddingBottom = :35
D/FeiGridView( 3302): getChildDrawingOrder:i = 3
D/FeiGridView( 3302): getChildDrawingOrder:index = 0
D/ScaleViewPanel( 3302): paddingBottom = :35
D/FeiGridView( 3302): getChildDrawingOrder:i = 4
D/FeiGridView( 3302): getChildDrawingOrder:index = 0
D/FeiGridView( 3302): getChildDrawingOrder:i = 5
D/FeiGridView( 3302): getChildDrawingOrder:index = 0
D/FeiGridView( 3302): getChildDrawingOrder:i = 6
D/FeiGridView( 3302): getChildDrawingOrder:index = 0
D/FeiGridView( 3302): getChildDrawingOrder:i = 7
D/FeiGridView( 3302): getChildDrawingOrder:index = 0
D/FeiGridView( 3302): getChildDrawingOrder:i = 8
D/FeiGridView( 3302): getChildDrawingOrder:index = 0
D/FeiGridView( 3302): getChildDrawingOrder:i = 9
D/FeiGridView( 3302): getChildDrawingOrder:index = 0
D/FeiGridView( 3302): getChildDrawingOrder:i = 10
D/FeiGridView( 3302): getChildDrawingOrder:index = 0
D/FeiGridView( 3302): getChildDrawingOrder:i = 11
D/FeiGridView( 3302): getChildDrawingOrder:index = 0
E/        ( 3302): get vaddr failed:pvaddr_read=0x62055000,pvaddr_internal=0x62155000,pvaddr_write=0x0
D/FeiGridView( 3302): layout
D/FeiGridView( 3302): mSelectedPosition >= 0 ,layout exit
D/FeiGridView( 3302): getChildDrawingOrder:i = 0
D/FeiGridView( 3302): getChildDrawingOrder:index = 0
D/ScaleViewPanel( 3302): paddingBottom = :35
D/FeiGridView( 3302): getChildDrawingOrder:i = 1
D/FeiGridView( 3302): getChildDrawingOrder:index = 0
D/FeiGridView( 3302): getChildDrawingOrder:i = 2
D/FeiGridView( 3302): getChildDrawingOrder:index = 0
D/FeiGridView( 3302): getChildDrawingOrder:i = 3
D/FeiGridView( 3302): getChildDrawingOrder:index = 0
D/FeiGridView( 3302): getChildDrawingOrder:i = 4
D/FeiGridView( 3302): getChildDrawingOrder:index = 0
D/FeiGridView( 3302): getChildDrawingOrder:i = 5
D/FeiGridView( 3302): getChildDrawingOrder:index = 0
D/FeiGridView( 3302): getChildDrawingOrder:i = 6
D/FeiGridView( 3302): getChildDrawingOrder:index = 0
D/FeiGridView( 3302): getChildDrawingOrder:i = 7
D/FeiGridView( 3302): getChildDrawingOrder:index = 0
D/ScaleViewPanel( 3302): paddingBottom = :35
D/FeiGridView( 3302): getChildDrawingOrder:i = 8
D/FeiGridView( 3302): getChildDrawingOrder:index = 0
D/FeiGridView( 3302): getChildDrawingOrder:i = 9
D/FeiGridView( 3302): getChildDrawingOrder:index = 0
D/FeiGridView( 3302): getChildDrawingOrder:i = 10
E/        ( 3302): get vaddr failed:pvaddr_read=0x62055000,pvaddr_internal=0x62155000,pvaddr_write=0x0
D/FeiGridView( 3302): getChildDrawingOrder:index = 0
D/ScaleViewPanel( 3302): paddingBottom = :35
D/FeiGridView( 3302): getChildDrawingOrder:i = 11
D/FeiGridView( 3302): getChildDrawingOrder:index = 0
D/ScaleViewPanel( 3302): paddingBottom = :35
D/ScaleViewPanel( 3302): dispatchDraw
D/FeiGridView( 3302): layout
D/FeiGridView( 3302): mSelectedPosition >= 0 ,layout exit
D/FeiGridView( 3302): getChildDrawingOrder:i = 0
D/FeiGridView( 3302): getChildDrawingOrder:index = 0
D/FeiGridView( 3302): getChildDrawingOrder:i = 1
D/FeiGridView( 3302): getChildDrawingOrder:index = 0
D/FeiGridView( 3302): getChildDrawingOrder:i = 2
D/FeiGridView( 3302): getChildDrawingOrder:index = 0
D/FeiGridView( 3302): getChildDrawingOrder:i = 3
D/FeiGridView( 3302): getChildDrawingOrder:index = 0
D/FeiGridView( 3302): getChildDrawingOrder:i = 4
D/FeiGridView( 3302): getChildDrawingOrder:index = 0
D/FeiGridView( 3302): getChildDrawingOrder:i = 5
D/FeiGridView( 3302): getChildDrawingOrder:index = 0
D/FeiGridView( 3302): getChildDrawingOrder:i = 6
D/FeiGridView( 3302): getChildDrawingOrder:index = 0
D/FeiGridView( 3302): getChildDrawingOrder:i = 7
D/FeiGridView( 3302): getChildDrawingOrder:index = 0
D/FeiGridView( 3302): getChildDrawingOrder:i = 8
D/FeiGridView( 3302): getChildDrawingOrder:index = 0
D/ScaleViewPanel( 3302): paddingBottom = :35
D/FeiGridView( 3302): getChildDrawingOrder:i = 9
D/FeiGridView( 3302): getChildDrawingOrder:index = 0
D/FeiGridView( 3302): getChildDrawingOrder:i = 10
D/FeiGridView( 3302): getChildDrawingOrder:index = 0
D/FeiGridView( 3302): getChildDrawingOrder:i = 11
D/FeiGridView( 3302): getChildDrawingOrder:index = 0
D/dalvikvm( 3302): GC_FOR_ALLOC freed 1406K, 26% free 15606K/20995K, paused 37ms
D/FeiGridView( 3302): layout
D/FeiGridView( 3302): mSelectedPosition >= 0 ,layout exit
D/FeiGridView( 3302): getChildDrawingOrder:i = 0
D/FeiGridView( 3302): getChildDrawingOrder:index = 0
D/FeiGridView( 3302): getChildDrawingOrder:i = 1
D/FeiGridView( 3302): getChildDrawingOrder:index = 0
D/FeiGridView( 3302): getChildDrawingOrder:i = 2
D/FeiGridView( 3302): getChildDrawingOrder:index = 0
D/FeiGridView( 3302): getChildDrawingOrder:i = 3
D/FeiGridView( 3302): getChildDrawingOrder:index = 0
D/FeiGridView( 3302): getChildDrawingOrder:i = 4
D/FeiGridView( 3302): getChildDrawingOrder:index = 0
D/FeiGridView( 3302): getChildDrawingOrder:i = 5
D/FeiGridView( 3302): getChildDrawingOrder:index = 0
D/FeiGridView( 3302): getChildDrawingOrder:i = 6
D/FeiGridView( 3302): getChildDrawingOrder:index = 0
D/FeiGridView( 3302): getChildDrawingOrder:i = 7
D/FeiGridView( 3302): getChildDrawingOrder:index = 0
D/FeiGridView( 3302): getChildDrawingOrder:i = 8
D/FeiGridView( 3302): getChildDrawingOrder:index = 0
D/FeiGridView( 3302): getChildDrawingOrder:i = 9
D/FeiGridView( 3302): getChildDrawingOrder:index = 0
D/ScaleViewPanel( 3302): paddingBottom = :35
D/FeiGridView( 3302): getChildDrawingOrder:i = 10
D/FeiGridView( 3302): getChildDrawingOrder:index = 0
D/FeiGridView( 3302): getChildDrawingOrder:i = 11
D/FeiGridView( 3302): getChildDrawingOrder:index = 0
D/FeiGridView( 3302): layout
D/FeiGridView( 3302): mSelectedPosition >= 0 ,layout exit
D/FeiGridView( 3302): getChildDrawingOrder:i = 0
D/FeiGridView( 3302): getChildDrawingOrder:index = 0
D/FeiGridView( 3302): getChildDrawingOrder:i = 1
D/FeiGridView( 3302): getChildDrawingOrder:index = 0
D/FeiGridView( 3302): getChildDrawingOrder:i = 2
D/FeiGridView( 3302): getChildDrawingOrder:index = 0
D/FeiGridView( 3302): getChildDrawingOrder:i = 3
D/FeiGridView( 3302): getChildDrawingOrder:index = 0
D/FeiGridView( 3302): getChildDrawingOrder:i = 4
D/FeiGridView( 3302): getChildDrawingOrder:index = 0
D/FeiGridView( 3302): getChildDrawingOrder:i = 5
D/FeiGridView( 3302): getChildDrawingOrder:index = 0
D/ScaleViewPanel( 3302): paddingBottom = :35
D/FeiGridView( 3302): getChildDrawingOrder:i = 6
D/FeiGridView( 3302): getChildDrawingOrder:index = 0
D/FeiGridView( 3302): getChildDrawingOrder:i = 7
D/FeiGridView( 3302): getChildDrawingOrder:index = 0
D/FeiGridView( 3302): getChildDrawingOrder:i = 8
D/FeiGridView( 3302): getChildDrawingOrder:index = 0
D/FeiGridView( 3302): getChildDrawingOrder:i = 9
D/FeiGridView( 3302): getChildDrawingOrder:index = 0
D/FeiGridView( 3302): getChildDrawingOrder:i = 10
D/FeiGridView( 3302): getChildDrawingOrder:index = 0
D/FeiGridView( 3302): getChildDrawingOrder:i = 11
D/FeiGridView( 3302): getChildDrawingOrder:index = 0
D/FeiGridView( 3302): layout
D/FeiGridView( 3302): mSelectedPosition >= 0 ,layout exit
D/FeiGridView( 3302): getChildDrawingOrder:i = 0
D/FeiGridView( 3302): getChildDrawingOrder:index = 0
D/FeiGridView( 3302): getChildDrawingOrder:i = 1
D/FeiGridView( 3302): getChildDrawingOrder:index = 0
D/FeiGridView( 3302): getChildDrawingOrder:i = 2
D/FeiGridView( 3302): getChildDrawingOrder:index = 0
D/FeiGridView( 3302): getChildDrawingOrder:i = 3
D/FeiGridView( 3302): getChildDrawingOrder:index = 0
D/FeiGridView( 3302): getChildDrawingOrder:i = 4
D/FeiGridView( 3302): getChildDrawingOrder:index = 0
D/FeiGridView( 3302): getChildDrawingOrder:i = 5
D/FeiGridView( 3302): getChildDrawingOrder:index = 0
D/FeiGridView( 3302): getChildDrawingOrder:i = 6
D/FeiGridView( 3302): getChildDrawingOrder:index = 0
D/ScaleViewPanel( 3302): paddingBottom = :35
D/FeiGridView( 3302): getChildDrawingOrder:i = 7
D/FeiGridView( 3302): getChildDrawingOrder:index = 0
D/FeiGridView( 3302): getChildDrawingOrder:i = 8
D/FeiGridView( 3302): getChildDrawingOrder:index = 0
D/FeiGridView( 3302): getChildDrawingOrder:i = 9
D/FeiGridView( 3302): getChildDrawingOrder:index = 0
D/FeiGridView( 3302): getChildDrawingOrder:i = 10
D/FeiGridView( 3302): getChildDrawingOrder:index = 0
D/FeiGridView( 3302): getChildDrawingOrder:i = 11
D/FeiGridView( 3302): getChildDrawingOrder:index = 0
E/SubCatalogListActivity( 3302): mCurrentPage:24
E/1111    ( 3302): 1111111111
E/TAG     ( 3302): mCurrentPage:2
D/SubCatalogListActivity( 3302): getAssetList:
D/Test    ( 3302): request Url  :http://cibn-iepg.coship.com:8088/msis/getAssetList?zip=1&version=V001&terminalType=1&resolution=1280*720&pageSize=24&curPage=3&userCode=80007&queryType=0&catalogId=51520&isRecommend=&assetType=&originName=&publishDate=&authKey=92da3073897f8c2c16b383e385825b51
D/FeiGridView( 3302): layout
D/FeiGridView( 3302): mSelectedPosition >= 0 ,layout exit
D/dalvikvm( 3302): GC_CONCURRENT freed 2665K, 31% free 14918K/21315K, paused 2ms+4ms
E/SubCatalogListActivity( 3302): mCurrentPage:24
E/1111    ( 3302): 1111111111
E/TAG     ( 3302): mCurrentPage:3
D/SubCatalogListActivity( 3302): getAssetList:
D/FeiGridView( 3302): layout
D/FeiGridView( 3302): mSelectedPosition >= 0 ,layout exit
D/Test    ( 3302): request Url  :http://cibn-iepg.coship.com:8088/msis/getAssetList?zip=1&version=V001&terminalType=1&resolution=1280*720&pageSize=24&curPage=4&userCode=80007&queryType=0&catalogId=51520&isRecommend=&assetType=&originName=&publishDate=&authKey=1e2e8ac2828745aa5c28f7cfd1ef04cc
D/dalvikvm( 3302): GC_CONCURRENT freed 1819K, 29% free 15136K/21315K, paused 2ms+3ms
E/StrictMode( 3302): A resource was acquired at attached stack trace but never released. See java.io.Closeable for information on avoiding resource leaks.
E/StrictMode( 3302): java.lang.Throwable: Explicit termination method 'end' not called
E/StrictMode( 3302):    at dalvik.system.CloseGuard.open(CloseGuard.java:184)
E/StrictMode( 3302):    at java.util.zip.Inflater.<init>(Inflater.java:82)
E/StrictMode( 3302):    at java.util.zip.GZIPInputStream.<init>(GZIPInputStream.java:96)
E/StrictMode( 3302):    at java.util.zip.GZIPInputStream.<init>(GZIPInputStream.java:81)
E/StrictMode( 3302):    at com.fiship.media.common.JsonCompress.unCompress(JsonCompress.java:62)
E/StrictMode( 3302):    at com.fiship.ott.transport.action.VodAction.getAssetList(VodAction.java:344)
E/StrictMode( 3302):    at com.fiship.media.SubCatalogListActivity$4.doInBackground(SubCatalogListActivity.java:432)
E/StrictMode( 3302):    at com.fiship.media.SubCatalogListActivity$4.doInBackground(SubCatalogListActivity.java:425)
E/StrictMode( 3302):    at android.os.AsyncTask$2.call(AsyncTask.java:264)
E/StrictMode( 3302):    at java.util.concurrent.FutureTask$Sync.innerRun(FutureTask.java:305)
E/StrictMode( 3302):    at java.util.concurrent.FutureTask.run(FutureTask.java:137)
E/StrictMode( 3302):    at android.os.AsyncTask$SerialExecutor$1.run(AsyncTask.java:208)
E/StrictMode( 3302):    at java.util.concurrent.ThreadPoolExecutor.runWorker(ThreadPoolExecutor.java:1076)
E/StrictMode( 3302):    at java.util.concurrent.ThreadPoolExecutor$Worker.run(ThreadPoolExecutor.java:569)
E/StrictMode( 3302):    at java.lang.Thread.run(Thread.java:856)
E/SubCatalogListActivity( 3302): mCurrentPage:24
E/1111    ( 3302): 1111111111
E/TAG     ( 3302): mCurrentPage:4
D/FeiGridView( 3302): layout
D/FeiGridView( 3302): mSelectedPosition >= 0 ,layout exit
D/SubCatalogListActivity( 3302): getAssetList:
D/Test    ( 3302): request Url  :http://cibn-iepg.coship.com:8088/msis/getAssetList?zip=1&version=V001&terminalType=1&resolution=1280*720&pageSize=24&curPage=5&userCode=80007&queryType=0&catalogId=51520&isRecommend=&assetType=&originName=&publishDate=&authKey=fedf94fb794995b448deea2ffde242f3
D/dalvikvm( 3302): GC_CONCURRENT freed 1935K, 29% free 15178K/21315K, paused 2ms+3ms
D/dalvikvm( 1155): GC_CONCURRENT freed 403K, 77% free 1403K/5955K, paused 1ms+2ms
E/SubCatalogListActivity( 3302): mCurrentPage:24
E/1111    ( 3302): 1111111111
E/TAG     ( 3302): mCurrentPage:5
D/FeiGridView( 3302): layout
D/FeiGridView( 3302): mSelectedPosition >= 0 ,layout exit
D/SubCatalogListActivity( 3302): getAssetList:
D/Test    ( 3302): request Url  :http://cibn-iepg.coship.com:8088/msis/getAssetList?zip=1&version=V001&terminalType=1&resolution=1280*720&pageSize=24&curPage=6&userCode=80007&queryType=0&catalogId=51520&isRecommend=&assetType=&originName=&publishDate=&authKey=282bb6fff04f1bebf5b049016054a454
D/dalvikvm( 3302): GC_CONCURRENT freed 2019K, 30% free 15087K/21315K, paused 2ms+3ms
E/SubCatalogListActivity( 3302): mCurrentPage:24
E/1111    ( 3302): 1111111111
E/TAG     ( 3302): mCurrentPage:6
D/FeiGridView( 3302): layout
D/FeiGridView( 3302): mSelectedPosition >= 0 ,layout exit
D/SubCatalogListActivity( 3302): getAssetList:
D/Test    ( 3302): request Url  :http://cibn-iepg.coship.com:8088/msis/getAssetList?zip=1&version=V001&terminalType=1&resolution=1280*720&pageSize=24&curPage=7&userCode=80007&queryType=0&catalogId=51520&isRecommend=&assetType=&originName=&publishDate=&authKey=b6f14911d984154b07cd251029619cbb
D/dalvikvm( 3302): GC_CONCURRENT freed 1886K, 30% free 15122K/21315K, paused 3ms+4ms
E/StrictMode( 3302): A resource was acquired at attached stack trace but never released. See java.io.Closeable for information on avoiding resource leaks.
E/StrictMode( 3302): java.lang.Throwable: Explicit termination method 'end' not called
E/StrictMode( 3302):    at dalvik.system.CloseGuard.open(CloseGuard.java:184)
E/StrictMode( 3302):    at java.util.zip.Inflater.<init>(Inflater.java:82)
E/StrictMode( 3302):    at java.util.zip.GZIPInputStream.<init>(GZIPInputStream.java:96)
E/StrictMode( 3302):    at java.util.zip.GZIPInputStream.<init>(GZIPInputStream.java:81)
E/StrictMode( 3302):    at com.fiship.media.common.JsonCompress.unCompress(JsonCompress.java:62)
E/StrictMode( 3302):    at com.fiship.ott.transport.action.VodAction.getAssetList(VodAction.java:344)
E/StrictMode( 3302):    at com.fiship.media.SubCatalogListActivity$4.doInBackground(SubCatalogListActivity.java:432)
E/StrictMode( 3302):    at com.fiship.media.SubCatalogListActivity$4.doInBackground(SubCatalogListActivity.java:425)
E/StrictMode( 3302):    at android.os.AsyncTask$2.call(AsyncTask.java:264)
E/StrictMode( 3302):    at java.util.concurrent.FutureTask$Sync.innerRun(FutureTask.java:305)
E/StrictMode( 3302):    at java.util.concurrent.FutureTask.run(FutureTask.java:137)
E/StrictMode( 3302):    at android.os.AsyncTask$SerialExecutor$1.run(AsyncTask.java:208)
E/StrictMode( 3302):    at java.util.concurrent.ThreadPoolExecutor.runWorker(ThreadPoolExecutor.java:1076)
E/StrictMode( 3302):    at java.util.concurrent.ThreadPoolExecutor$Worker.run(ThreadPoolExecutor.java:569)
E/StrictMode( 3302):    at java.lang.Thread.run(Thread.java:856)
E/SubCatalogListActivity( 3302): mCurrentPage:24
E/1111    ( 3302): 1111111111
E/TAG     ( 3302): mCurrentPage:7
D/FeiGridView( 3302): layout
D/FeiGridView( 3302): mSelectedPosition >= 0 ,layout exit
D/SubCatalogListActivity( 3302): getAssetList:
D/Test    ( 3302): request Url  :http://cibn-iepg.coship.com:8088/msis/getAssetList?zip=1&version=V001&terminalType=1&resolution=1280*720&pageSize=24&curPage=8&userCode=80007&queryType=0&catalogId=51520&isRecommend=&assetType=&originName=&publishDate=&authKey=25109baabcd2a39869edad6b374b5ee0
D/dalvikvm( 3302): GC_CONCURRENT freed 1876K, 29% free 15166K/21315K, paused 2ms+4ms
E/SubCatalogListActivity( 3302): mCurrentPage:24
E/1111    ( 3302): 1111111111
E/TAG     ( 3302): mCurrentPage:8
D/FeiGridView( 3302): layout
D/FeiGridView( 3302): mSelectedPosition >= 0 ,layout exit
D/SubCatalogListActivity( 3302): getAssetList:
D/Test    ( 3302): request Url  :http://cibn-iepg.coship.com:8088/msis/getAssetList?zip=1&version=V001&terminalType=1&resolution=1280*720&pageSize=24&curPage=9&userCode=80007&queryType=0&catalogId=51520&isRecommend=&assetType=&originName=&publishDate=&authKey=2a39d0a540fe738c872cde3992361a38
D/dalvikvm( 1155): GC_CONCURRENT freed 473K, 75% free 1490K/5955K, paused 1ms+1ms
D/dalvikvm( 3302): GC_CONCURRENT freed 1903K, 29% free 15187K/21315K, paused 2ms+3ms
D/dalvikvm( 1155): GC_CONCURRENT freed 565K, 78% free 1320K/5955K, paused 2ms+1ms
E/SubCatalogListActivity( 3302): mCurrentPage:16
E/1111    ( 3302): 1111111111
D/FeiGridView( 3302): layout
D/FeiGridView( 3302): mSelectedPosition >= 0 ,layout exit
D/dalvikvm( 1155): GC_CONCURRENT freed 398K, 78% free 1316K/5955K, paused 0ms+1ms
D/dalvikvm( 1155): GC_CONCURRENT freed 487K, 78% free 1338K/5955K, paused 1ms+1ms
D/dalvikvm( 1155): GC_CONCURRENT freed 421K, 79% free 1300K/5955K, paused 1ms+1ms
D/dalvikvm( 1155): GC_CONCURRENT freed 364K, 78% free 1321K/5955K, paused 1ms+1ms
D/dalvikvm( 1155): GC_CONCURRENT freed 391K, 78% free 1326K/5955K, paused 0ms+1ms
D/dalvikvm( 1155): GC_CONCURRENT freed 404K, 78% free 1310K/5955K, paused 0ms+1ms
D/dalvikvm( 1155): GC_CONCURRENT freed 394K, 77% free 1422K/5955K, paused 1ms+1ms
D/dalvikvm( 1155): GC_CONCURRENT freed 486K, 77% free 1404K/5955K, paused 0ms+1ms
D/dalvikvm( 1155): GC_CONCURRENT freed 474K, 78% free 1322K/5955K, paused 1ms+1ms
D/dalvikvm( 1155): GC_CONCURRENT freed 403K, 78% free 1318K/5955K, paused 1ms+2ms
D/dalvikvm( 1155): GC_CONCURRENT freed 396K, 78% free 1316K/5955K, paused 1ms+1ms
D/dalvikvm( 1155): GC_CONCURRENT freed 390K, 78% free 1318K/5955K, paused 1ms+1ms
D/HomePlayerLib( 1155): hostaddress count is 2
D/dalvikvm( 1155): GC_CONCURRENT freed 402K, 78% free 1315K/5955K, paused 1ms+1ms
D/dalvikvm( 1155): GC_CONCURRENT freed 387K, 78% free 1319K/5955K, paused 1ms+1ms
D/dalvikvm( 1155): GC_CONCURRENT freed 403K, 78% free 1316K/5955K, paused 0ms+1ms
D/dalvikvm( 1155): GC_CONCURRENT freed 378K, 78% free 1324K/5955K, paused 1ms+1ms
D/dalvikvm( 1155): GC_CONCURRENT freed 399K, 78% free 1322K/5955K, paused 1ms+1ms
D/dalvikvm( 1155): GC_CONCURRENT freed 408K, 77% free 1421K/5955K, paused 1ms+1ms
D/dalvikvm( 1155): GC_CONCURRENT freed 500K, 78% free 1323K/5955K, paused 1ms+1ms
D/dalvikvm( 1155): GC_CONCURRENT freed 407K, 78% free 1324K/5955K, paused 1ms+1ms
D/dalvikvm( 1155): GC_CONCURRENT freed 395K, 78% free 1326K/5955K, paused 1ms+1ms
D/dalvikvm( 1155): GC_CONCURRENT freed 406K, 78% free 1313K/5955K, paused 1ms+1ms
D/dalvikvm( 1155): GC_CONCURRENT freed 398K, 79% free 1300K/5955K, paused 1ms+1ms
D/dalvikvm( 1155): GC_CONCURRENT freed 360K, 78% free 1364K/5955K, paused 1ms+1ms
D/dalvikvm( 1155): GC_CONCURRENT freed 438K, 76% free 1430K/5955K, paused 1ms+1ms
D/dalvikvm( 1155): GC_CONCURRENT freed 500K, 78% free 1345K/5955K, paused 1ms+1ms
D/dalvikvm( 1155): GC_CONCURRENT freed 428K, 77% free 1427K/5955K, paused 1ms+1ms
D/dalvikvm( 1155): GC_CONCURRENT freed 492K, 77% free 1406K/5955K, paused 1ms+1ms
D/dalvikvm( 1155): GC_CONCURRENT freed 475K, 78% free 1321K/5955K, paused 0ms+1ms
D/dalvikvm( 1155): GC_CONCURRENT freed 394K, 78% free 1326K/5955K, paused 1ms+2ms
