D/anim    (  313): anim = android.graphics.drawable.AnimationDrawable@417256b8
E/NetlinkListener(   87): recvmsg mBuffer:
E/NetlinkListener(   87):  (add@/module/snd_usb_audio)
E/NetlinkListener(   86): recvmsg mBuffer:
E/NetlinkListener(   86):  (add@/module/snd_usb_audio)
W/Vold    (   86): subsys:module
D/NetlinkEvent(   86): NL param 'DEVPATH=/module/snd_usb_audio'
E/NetlinkListener(   87): recvmsg mBuffer:
E/NetlinkListener(   87):  (add@/bus/usb/drivers/snd-usb-audio)
E/NetlinkListener(   86): recvmsg mBuffer:
E/NetlinkListener(   86):  (add@/bus/usb/drivers/snd-usb-audio)
W/Vold    (   86): subsys:drivers
D/NetlinkEvent(   86): NL param 'DEVPATH=/bus/usb/drivers/snd-usb-audio'
D/PackageManager(  171): Waiting for scaning 2nd and 3rd done
E/NetlinkListener(   87): recvmsg mBuffer:
E/NetlinkListener(   87):  (add@/module/snd_usb_caiaq)
E/NetlinkListener(   86): recvmsg mBuffer:
E/NetlinkListener(   86):  (add@/module/snd_usb_caiaq)
W/Vold    (   86): subsys:module
D/NetlinkEvent(   86): NL param 'DEVPATH=/module/snd_usb_caiaq'
E/NetlinkListener(   87): recvmsg mBuffer:
E/NetlinkListener(   87):  (add@/bus/usb/drivers/snd-usb-caiaq)
E/NetlinkListener(   86): recvmsg mBuffer:
E/NetlinkListener(   86):  (add@/bus/usb/drivers/snd-usb-caiaq)
W/Vold    (   86): subsys:drivers
D/NetlinkEvent(   86): NL param 'DEVPATH=/bus/usb/drivers/snd-usb-caiaq'
E/NetlinkListener(   87): recvmsg mBuffer:
E/NetlinkListener(   87):  (add@/module/cfg80211)
E/NetlinkListener(   86): recvmsg mBuffer:
E/NetlinkListener(   86):  (add@/module/cfg80211)
W/Vold    (   86): subsys:module
D/NetlinkEvent(   86): NL param 'DEVPATH=/module/cfg80211'
E/NetlinkListener(   87): recvmsg mBuffer:
E/NetlinkListener(   87):  (add@/class/ieee80211)
E/NetlinkListener(   86): recvmsg mBuffer:
E/NetlinkListener(   86):  (add@/class/ieee80211)
W/Vold    (   86): subsys:class
D/NetlinkEvent(   86): NL param 'DEVPATH=/class/ieee80211'
E/NetlinkListener(   87): recvmsg mBuffer:
E/NetlinkListener(   87):  (add@/devices/platform/regulatory.0)
E/NetlinkListener(   86): recvmsg mBuffer:
E/NetlinkListener(   86):  (add@/devices/platform/regulatory.0)
W/Vold    (   86): subsys:platform
D/NetlinkEvent(   86): NL param 'DEVPATH=/devices/platform/regulatory.0'
D/NetlinkEvent(   86): NL param 'MODALIAS=platform:regulatory'
E/NetlinkListener(   86): recvmsg mBuffer:
E/NetlinkListener(   86):  (change@/devices/platform/regulatory.0)
W/Vold    (   86): subsys:platform
D/NetlinkEvent(   86): NL param 'DEVPATH=/devices/platform/regulatory.0'
D/NetlinkEvent(   86): NL param 'MODALIAS=platform:regulatory'
D/NetlinkEvent(   86): NL param 'COUNTRY=00'
E/NetlinkListener(   87): recvmsg mBuffer:
E/NetlinkListener(   87):  (change@/devices/platform/regulatory.0)
D/UpdateUtil(  313): ========================================================
D/UpdateUtil(  313): In startCheckUpdate, check result is 0
D/anim    (  313):  msg.what = 1310
D/anim    (  313): CANCLE anim 6
E/NetlinkListener(   87): recvmsg mBuffer:
E/NetlinkListener(   87):  (add@/module/mac80211)
E/NetlinkListener(   86): recvmsg mBuffer:
E/NetlinkListener(   86):  (add@/module/mac80211)
W/Vold    (   86): subsys:module
D/NetlinkEvent(   86): NL param 'DEVPATH=/module/mac80211'
E/NetlinkListener(   87): recvmsg mBuffer:
E/NetlinkListener(   87):  (add@/module/rtutil5572sta)
E/NetlinkListener(   86): recvmsg mBuffer:
E/NetlinkListener(   86):  (add@/module/rtutil5572sta)
W/Vold    (   86): subsys:module
D/NetlinkEvent(   86): NL param 'DEVPATH=/module/rtutil5572sta'
D/dalvikvm(  550): DexOpt: load 169ms, verify+opt 558ms
D/PackageManager(  171): Launcher Waiting for scaning 2nd and 3rd done
D/PackageManager(  171): Waiting for scaning 2nd and 3rd done
E/        (  171):  Server not created, wait!
D/PackageManager(  171): Launcher Waiting for scaning 2nd and 3rd done
D/PackageManager(  171): Waiting for scaning 2nd and 3rd done
D/PackageManager(  171): ==> send ACTION_PACKAGE_ADDED to launcher!!!
W/PackageManager(  171): Unknown permission android.permission.WRITE_OWNER_DATA in package com.coship.Multimedia
W/PackageManager(  171): Unknown permission android.permission.READ_OWNER_DATA in package com.coship.Multimedia
I/PackageManager(  171): Running dexopt on: com.android.packageinstaller
D/PackageManager(  171): ==> send ACTION_PACKAGE_ADDED to launcher!!!
D/PackageManager(  171): Launcher Waiting for scaning 2nd and 3rd done
D/PackageManager(  171): Waiting for scaning 2nd and 3rd done
D/dalvikvm(  171): GC_CONCURRENT freed 650K, 9% free 8141K/8903K, paused 2ms+3ms
I/PackageManager(  171): Running dexopt on: com.android.phone
D/PackageManager(  171): ==> send ACTION_PACKAGE_ADDED to launcher!!!
W/PackageManager(  171): Unknown permission android.permission.ADD_SYSTEM_SERVICE in package com.android.phone
E/NetlinkListener(   87): recvmsg mBuffer:
E/NetlinkListener(   87):  (add@/module/rt5572sta)
E/NetlinkListener(   86): recvmsg mBuffer:
E/NetlinkListener(   86):  (add@/module/rt5572sta)
W/Vold    (   86): subsys:module
D/NetlinkEvent(   86): NL param 'DEVPATH=/module/rt5572sta'
E/NetlinkListener(   87): recvmsg mBuffer:
E/NetlinkListener(   87):  (add@/module/rtnet5572sta)
E/NetlinkListener(   86): recvmsg mBuffer:
E/NetlinkListener(   86):  (add@/module/rtnet5572sta)
W/Vold    (   86): subsys:module
D/NetlinkEvent(   86): NL param 'DEVPATH=/module/rtnet5572sta'
E/NetlinkListener(   87): recvmsg mBuffer:
E/NetlinkListener(   87):  (add@/devices/platform/MtkUsbHcd.1/usb2/2-1/net/wlan0)
D/Tethering(  171): interfaceAdded wlan0
E/NetlinkListener(   86): recvmsg mBuffer:
E/NetlinkListener(   86):  (add@/devices/platform/MtkUsbHcd.1/usb2/2-1/net/wlan0)
W/Vold    (   86): subsys:net
D/NetlinkEvent(   86): NL param 'DEVPATH=/devices/platform/MtkUsbHcd.1/usb2/2-1/net/wlan0'
D/NetlinkEvent(   86): NL param 'INTERFACE=wlan0'
D/NetlinkEvent(   86): NL param 'IFINDEX=5'
E/NetlinkListener(   87): recvmsg mBuffer:
E/NetlinkListener(   87):  (add@/devices/platform/MtkUsbHcd.1/usb2/2-1/net/wlan0/queues/rx-0)
E/NetlinkListener(   86): recvmsg mBuffer:
E/NetlinkListener(   86):  (add@/devices/platform/MtkUsbHcd.1/usb2/2-1/net/wlan0/queues/rx-0)
W/Vold    (   86): subsys:queues
D/NetlinkEvent(   86): NL param 'DEVPATH=/devices/platform/MtkUsbHcd.1/usb2/2-1/net/wlan0/queues/rx-0'
E/NetlinkListener(   87): recvmsg mBuffer:
E/NetlinkListener(   87):  (add@/devices/platform/MtkUsbHcd.1/usb2/2-1/net/wlan0/queues/tx-0)
E/NetlinkListener(   86): recvmsg mBuffer:
E/NetlinkListener(   86):  (add@/devices/platform/MtkUsbHcd.1/usb2/2-1/net/wlan0/queues/tx-0)
W/Vold    (   86): subsys:queues
D/NetlinkEvent(   86): NL param 'DEVPATH=/devices/platform/MtkUsbHcd.1/usb2/2-1/net/wlan0/queues/tx-0'
E/NetlinkListener(   87): recvmsg mBuffer:
E/NetlinkListener(   87):  (/NetlinkListener(   87): recvmsg mBuffer:
E/NetlinkListener(   87):  (add@/bus/usb/drivers/rtusbSTA)
E/NetlinkListener(   86): recvmsg mBuffer:
E/NetlinkListener(   86):  (add@/bus/usb/drivers/rtusbSTA)
W/Vold    (   86): subsys:drivers
D/NetlinkEvent(   86): NL param 'DEVPATH=/bus/usb/drivers/rtusbSTA'
D/PackageManager(  171): Launcher Waiting for scaning 2nd and 3rd done
D/PackageManager(  171): Waiting for scaning 2nd and 3rd done
D/SetupWizard(  313):  send msg:1216,send result:true
D/anim    (  313):  msg.what = 1216
D/Tethering(  171): sendTetherStateChangedBroadcast 1, 0, 0
D/Tethering(  171): interfaceLinkStateChanged wlan0, false
D/Tethering(  171): interfaceStatusChanged wlan0, false
E/WifiStateMachine(  171): Nat_test:sendMessage CMD_TETHER_STATE_CHANGE
D/Tethering(  171): InitialState.processMessage what=4
D/StateMachine(  171): handleMessage: E msg.what=131101
D/StateMachine(  171): processMsg: DriverUnloadedState
D/WifiStateMachine(  171): DriverUnloadedState{ what=131101 when=-1ms obj=android.net.wifi.WifiStateMachine$TetherStateChange@4123cf48 }
D/StateMachine(  171): processMsg: DefaultState
D/Tethering(  171): sendTetherStateChangedBroadcast 0, 0, 0
D/WifiStateMachine(  171): DefaultState{ what=131101 when=-1ms obj=android.net.wifi.WifiStateMachine$TetherStateChange@4123cf48 }
D/StateMachine(  171): handleMessage: X
E/WifiStateMachine(  171): Nat_test:sendMessage CMD_TETHER_STATE_CHANGE
D/StateMachine(  171): handleMessage: E msg.what=131101
D/StateMachine(  171): processMsg: DriverUnloadedState
D/WifiStateMachine(  171): DriverUnloadedState{ what=131101 when=0 obj=android.net.wifi.WifiStateMachine$TetherStateChange@4127c7f0 }
D/StateMachine(  171): processMsg: DefaultState
D/WifiStateMachine(  171): DefaultState{ what=131101 when=0 obj=android.net.wifi.WifiStateMachine$TetherStateChange@4127c7f0 }
D/StateMachine(  171): handleMessage: X
I/PackageManager(  171): Running dexopt on: com.svox.pico
D/PackageManager(  171): ==> send ACTION_PACKAGE_ADDED to launcher!!!
D/PackageManager(  171): Launcher Waiting for scaning 2nd and 3rd done
D/PackageManager(  171): Waiting for scaning 2nd and 3rd done
D/PackageManager(  171): Launcher Waiting for scaning 2nd and 3rd done
D/PackageManager(  171): Waiting for scaning 2nd and 3rd done
D/SetupWizard(  313):  switch  panel mode toonline 1970-1-2 8:00:18
I/ActivityManager(  171): START {act=android.intent.action.MAIN cat=[android.intent.category.HOME] flg=0x10000000 cmp=tv.icntv.ott/.icntv (has extras)} from pid 313
W/ActivityManager(  171): Activity is launching as a new task, so cancelling activity result.
I/PackageManager(  171): Running dexopt on: com.android.inputmethod.pinyin
D/PackageManager(  171): ==> send ACTION_PACKAGE_ADDED to launcher!!!
D/PermissionCache(   89): checking android.permission.READ_FRAME_BUFFER for uid=1000 => granted (1000 us)
E/        (  171):  Server not created, wait!
D/dalvikvm(  171): GC_CONCURRENT freed 620K, 9% free 8302K/9031K, paused 2ms+4ms
D/SetupWizard(  313): onPause
D/SetupWizard(  313): nsThread state is TERMINATED
D/SetupWizard(  313):  enter onActivityResult 0
D/SetupWizard(  313):  onActivityResult call finish() 
D/SetupWizard(  313): onResume
D/SetupWizard(  313): onResume: flag = 1
W/[SETUP_WIZARD](  313): NormalStartThread.run(): in
D/SetupWizard(  313): onPause
D/SetupWizard(  313):  send msg:1212,send result:true
D/AReceiver(  313): mStep= 3
D/AReceiver(  313): needUpdateId= false
D/AReceiver(  313): needUpdateId = false
D/AReceiver(  313): Net is Success!
D/SetupWizard(  313):  connected network type number is 9
W/[SETUP_WIZARD](  313): NormalStartThread.run(): cv == EventNormalStartup, sendMessage(NormalStartThread_CONNECT_SERVER)
D/SetupWizard(  313):  send msg:1204,send result:true
D/PackageManager(  171): Launcher Waiting for scaning 2nd and 3rd done
D/PackageManager(  171): Waiting for scaning 2nd and 3rd done
I/PackageManager(  171): Running dexopt on: com.android.settings
D/PackageManager(  171): ==> send ACTION_PACKAGE_ADDED to launcher!!!
W/PackageManager(  171): Unknown permission com.google.android.googleapps.permission.GOOGLE_AUTH in package com.android.settings
W/ActivityManager(  171): Activity pause timeout for ActivityRecord{41038250 com.ysten.setupwizard/.SetupWizard}
I/Process (  171): Sending signal. PID: 313 SIG: 3
I/dalvikvm(  313): threadid=3: reacting to signal 3
I/dalvikvm(  313): Wrote stack traces to '/data/anr/traces.txt'
I/PackageManager(  171): Running dexopt on: com.android.sharedstoragebackup
D/PackageManager(  171): ==> send ACTION_PACKAGE_ADDED to launcher!!!
D/dalvikvm(  576): Not late-enabling CheckJNI (already on)
I/ActivityManager(  171): Start proc tv.icntv.ott for activity tv.icntv.ott/.icntv: pid=576 uid=10002 gids={3003, 1015, 1023}
D/dalvikvm(  110): GC_EXPLICIT freed 37K, 6% free 5066K/5379K, paused 0ms+1ms
D/dalvikvm(  110): GC_EXPLICIT freed <1K, 6% free 5065K/5379K, paused 1ms+1ms
D/dalvikvm(  110): GC_EXPLICIT freed <1K, 6% free 5065K/5379K, paused 1ms+0ms
D/PackageManager(  171): Launcher Waiting for scaning 2nd and 3rd done
D/PackageManager(  171): Waiting for scaning 2nd and 3rd done
D/dalvikvm(  171): GC_CONCURRENT freed 488K, 7% free 8535K/9159K, paused 2ms+3ms
I/PackageManager(  171): Running dexopt on: com.android.speechrecorder
D/PackageManager(  171): ==> send ACTION_PACKAGE_ADDED to launcher!!!
W/SetupWizard(  313):  force to exit the NormalStartThread
D/PackageManager(  171): Launcher Waiting for scaning 2nd and 3rd done
I/PackageManager(  171): Running dexopt on: com.android.providers.userdictionary
D/PackageManager(  171): ==> send ACTION_PACKAGE_ADDED to launcher!!!
D/PackageManager(  171): Waiting for scaning 2nd and 3rd done
D/SetupWizard(  313): nsThread state is TERMINATED
E/PhonePolicy(  576): Could not preload class for phone policy: com.android.internal.policy.impl.PhoneWindow$ContextMenuCallback
I/Gefo Activity(  576): activity lifecycle onCreate
D/Gefo Activity(  576):  xxxxxxxxxxxxxx registerNetworkListener xxxxxxxxxxxxxx
I/PackageManager(  171): Running dexopt on: com.android.videoeditor
D/PackageManager(  171): ==> send ACTION_PACKAGE_ADDED to launcher!!!
W/PackageManager(  171): Unknown permission android.permission.READ_EXTERNAL_STORAGE in package com.android.videoeditor
I/Gefo Activity(  576): register receiver android.net.conn.CONNECTIVITY_CHANGE
I/Process (  171): Sending signal. PID: 576 SIG: 3
I/dalvikvm(  576): threadid=3: reacting to signal 3
I/dalvikvm(  576): Wrote stack traces to '/data/anr/traces.txt'
D/Seth log(  576): starting mode is ----- mode ==online
I/Gefo Activity(  576): Gefo version:V4.1.1.7
E/$$$$$$$$$$$$$$$$(  576): data != null
D/anim    (  313):  msg.what = 1212
D/anim    (  313): set anim 3
D/anim    (  313):  msg.what = 1204
D/anim    (  313): CANCLE anim 3
D/anim    (  313): set anim 4
D/anim    (  313):  msg.what = 1218
D/anim    (  313): anim = android.graphics.drawable.AnimationDrawable@4177d308
D/PackageManager(  171): Launcher Waiting for scaning 2nd and 3rd done
D/dalvikvm(  576): GC_CONCURRENT freed 185K, 6% free 5337K/5639K, paused 1ms+2ms
D/PackageManager(  171): Waiting for scaning 2nd and 3rd done
D/dalvikvm(  576): GC_FOR_ALLOC freed 177K, 5% free 5562K/5831K, paused 10ms
D/TextLayoutCache(  576): Using debug level: 0 - Debug Enabled: 0
I/Gefo Activity(  576): activity lifecycle onStart pid:576
I/Gefo Activity(  576): activity lifecycle onResume
D/Gefo Activity(  576):  xxxxxxxxxxxxxx registerNetworkListener xxxxxxxxxxxxxx
D/dalvikvm(  576): GC_CONCURRENT freed 64K, 4% free 5907K/6151K, paused 1ms+0ms
I/Gefo Activity(  576): register receiver android.net.conn.CONNECTIVITY_CHANGE
D/PackageManager(  171): Launcher Waiting for scaning 2nd and 3rd done
D/PackageManager(  171): Waiting for scaning 2nd and 3rd done
I/Process (  171): Sending signal. PID: 576 SIG: 3
I/dalvikvm(  576): threadid=3: reacting to signal 3
I/dalvikvm(  576): Wrote stack traces to '/data/anr/traces.txt'
D/Gefo Activity(  576):  xxxxxxxxxxxxxxxxx network status is changed  action=android.net.conn.CONNECTIVITY_CHANGE xxxxxxxxxxxxxxxxxxxxxxxx
D/Gefo Activity(  576):  xxxxxxxxxxxxxxxxx network status is changed  mode=online xxxxxxxxxxxxxxxxxxxxxxxx
D/Gefo Activity(  576):  xxxxxxxxxxxxxxxxx network is connected xxxxxxxx
D/Gefo Activity(  576):  xxxxxxxxxxxxxxxxx network status is changed  action=android.net.conn.CONNECTIVITY_CHANGE xxxxxxxxxxxxxxxxxxxxxxxx
D/Gefo Activity(  576):  xxxxxxxxxxxxxxxxx network status is changed  mode=online xxxxxxxxxxxxxxxxxxxxxxxx
D/Gefo Activity(  576):  xxxxxxxxxxxxxxxxx network is connected xxxxxxxx
D/libEGL  (  576): loaded /system/lib/egl/libGLES_android.so
D/libEGL  (  576): loaded /system/lib/egl/libEGL_mali.so
D/libEGL  (  576): loaded /system/lib/egl/libGLESv1_CM_mali.so
D/libEGL  (  576): loaded /system/lib/egl/libGLESv2_mali.so
I/SurfaceTexture(   89): Current total buffer count= 3, mSynchronousMode=1
I/SurfaceTexture(   89): Query min-undequeue size=1
D/OpenGLRenderer(  576): Enabling debug mode 0
I/Product (  576): @@@@@@@@@@@@@@@@@@@@@@jkjkj84:62:23:0b:da:bb
I/Product (  576): @@@@@@@@@@@@@@@@@@@@@@jkjkj284:62:23:0b:da:bb
I/GefoBrowserView(  576): EthernetDevInfo mac:84:62:23:0b:da:bb
D/dalvikvm(  576): Trying to load lib /data/data/tv.icntv.ott/res/lib/libgefo.so 0x40f37848
I/PackageManager(  171): Running dexopt on: com.android.vpndialogs
D/PackageManager(  171): ==> send ACTION_PACKAGE_ADDED to launcher!!!
W/ActivityManager(  171): Timeout of broadcast BroadcastRecord{4105bd68 android.intent.action.BOOT_COMPLETED} - receiver=android.os.BinderProxy@412611b0, started 10001ms ago
W/ActivityManager(  171): Receiver during timeout: ResolveInfo{4111f6e0 com.coship.FactoryTest.BootReceiver p=0 o=0 m=0x108000}
D/PackageManager(  171): Launcher Waiting for scaning 2nd and 3rd done
E/        (  171):  Server not created, wait!
D/PackageManager(  171): Waiting for scaning 2nd and 3rd done
D/PackageManager(  171): Launcher Waiting for scaning 2nd and 3rd done
D/PackageManager(  171): Waiting for scaning 2nd and 3rd done
D/PackageManager(  171): Launcher Waiting for scaning 2nd and 3rd done
D/PackageManager(  171): Waiting for scaning 2nd and 3rd done
D/dalvikvm(  624): Not late-enabling CheckJNI (already on)
I/ActivityManager(  171): Start proc com.dlna.renderer for broadcast com.dlna.renderer/.BootReceiver: pid=624 uid=10029 gids={3003, 1015, 1023}
I/dalvikvm(  624): Turning on JNI app bug workarounds for target SDK version 6...
D/PackageManager(  171): Launcher Waiting for scaning 2nd and 3rd done
D/PackageManager(  171): Waiting for scaning 2nd and 3rd done
E/        (  171): [AndroSetAcfg_RPC_IPC]_ipc_new_connect_thd start 
E/        (  171): [AndroSetAcfg_RPC_IPC]ipc_SettingAcfg_Andro_Cb:itemCountID=0,ptSettingInfo->eType=1
E/        (  171): [AndroSetAcfg_RPC_IPC]before call ptSettingInfo[0]->uInfo.eVidSolution=0
I/<mtkcfg jni.cpp>(  171): MTKCFG_JNI: starting Android runtime.
I/<mtkcfg jni.cpp>(  171): acfgGetPara get class start!
I/<mtkcfg jni.cpp>(  171): acfgGetPara GetMethodID start!
I/<mtkcfg jni.cpp>(  171): acfgGetPara GetMethodID end!
I/<mtkcfg_jni>(  171): getResolution: start!
I/liuhong (  171): the current resolution is:6
I/<mtkcfg jni.cpp>(  171): acfgGetPara CallIntMethod start!
I/<mtkcfg_jni>(  171): getResolution: start!
I/liuhong (  171): the current resolution is:6
I/<mtkcfg jni.cpp>(  171): acfgGetPara call the function , get the android flash value 6.
I/<mtkcfg jni.cpp>(  171): acfgGetPara call the function after the value 6.
E/        (  171): [AndroSetAcfg_RPC_IPC]after call ptSettingInfo[0]->uInfo.eVidSolution=6
E/        (  171): [AndroSetAcfg_RPC_IPC]cpFlag =1
E/        (  171): [AndroSetAcfg_RPC_IPC]ipc_SettingAcfg_Andro_Cb:itemCountID=1,ptSettingInfo->eType=2
E/        (  171): [AndroSetAcfg_RPC_IPC]before call ptSettingInfo[1]->uInfo.eVidSolution=0
I/<mtkcfg jni.cpp>(  171): MTKCFG_JNI: starting Android runtime.
I/<mtkcfg jni.cpp>(  171): acfgGetPara get class start!
I/<mtkcfg jni.cpp>(  171): acfgGetPara GetMethodID start!
I/<mtkcfg jni.cpp>(  171): acfgGetPara GetMethodID end!
I/<mtkcfg_jni>(  171): getScreenSize: start!
I/<mtkcfg jni.cpp>(  171): acfgGetPara CallIntMethod start!
I/<mtkcfg_jni>(  171): getScreenSize: start!
I/<mtkcfg jni.cpp>(  171): acfgGetPara call the function , get the android flash value 0.
I/<mtkcfg jni.cpp>(  171): acfgGetPara call the function after the value 0.0,1000,1000
E/        (  171): [AndroSetAcfg_RPC_IPC]after call ptSettingInfo[1]->uInfo.eVidSolution=0
E/        (  171): [AndroSetAcfg_RPC_IPC]cpFlag =1
E/        (  171): [AndroSetAcfg_RPC_IPC]ipc_SettingAcfg_Andro_Cb:itemCountID=2,ptSettingInfo->eType=3
E/        (  171): [AndroSetAcfg_RPC_IPC]before call ptSettingInfo[2]->uInfo.eVidSolution=0
I/<mtkcfg jni.cpp>(  171): MTKCFG_JNI: starting Android runtime.
I/<mtkcfg jni.cpp>(  171): acfgGetPara get class start!
I/<mtkcfg jni.cpp>(  171): acfgGetPara GetMethodID start!
I/<mtkcfg jni.cpp>(  171): acfgGetPara GetMethodID end!
I/<mtkcfg_jni>(  171): getAspectRatio: start!
I/Process (  171): Sending signal. PID: 576 SIG: 3
I/dalvikvm(  576): threadid=3: reacting to signal 3
I/<mtkcfg jni.cpp>(  171): acfgGetPara CallIntMethod start!
I/<mtkcfg_jni>(  171): getAspectRatio: start!
W/<MTKCfgManagerService>(  171): fail to get iTVAspectRatio!
W/<MTKCfgManagerService>(  171): android.provider.Settings$SettingNotFoundException: tv_aspectratio
W/<MTKCfgManagerService>(  171):        at android.provider.Settings$System.getInt(Settings.java:900)
W/<MTKCfgManagerService>(  171):        at com.android.server.MTKCfgManagerService.getAspectRatio(MTKCfgManagerService.java:688)
W/<MTKCfgManagerService>(  171):        at com.android.server.mtkcfgjni.getAspectRatio(MTKCfgManagerService.java:264)
W/<MTKCfgManagerService>(  171):        at dalvik.system.NativeStart.run(Native Method)
I/<mtkcfg jni.cpp>(  171): acfgGetPara call the function , get the android flash value 0.
I/<mtkcfg jni.cpp>(  171): acfgGetPara call the function after the value 6.
W/<MTKCfgManagerService>(  171): fail to get iTVAspectRatio!
W/<MTKCfgManagerService>(  171): android.provider.Settings$SettingNotFoundException: tv_aspectratio
W/<MTKCfgManagerService>(  171):        at android.provider.Settings$System.getInt(Settings.java:900)
W/<MTKCfgManagerService>(  171):        at com.android.server.MTKCfgManagerService.getAspectRatio(MTKCfgManagerService.java:688)
W/<MTKCfgManagerService>(  171):        at com.android.server.mtkcfgjni.getAspectRatio(MTKCfgManagerService.java:264)
W/<MTKCfgManagerService>(  171):        at dalvik.system.NativeStart.run(Native Method)
E/        (  171): [AndroSetAcfg_RPC_IPC]after call ptSettingInfo[2]->uInfo.eVidSolution=6
E/        (  171): [AndroSetAcfg_RPC_IPC]cpFlag =1
E/        (  171): [AndroSetAcfg_RPC_IPC]ipc_SettingAcfg_Andro_Cb:itemCountID=3,ptSettingInfo->eType=4
E/        (  171): [AndroSetAcfg_RPC_IPC]before call ptSettingInfo[3]->uInfo.eVidSolution=0
I/<mtkcfg jni.cpp>(  171): MTKCFG_JNI: starting Android runtime.
I/<mtkcfg jni.cpp>(  171): acfgGetPara get class start!
I/<mtkcfg jni.cpp>(  171): acfgGetPara GetMethodID start!
I/<mtkcfg jni.cpp>(  171): acfgGetPara GetMethodID end!
I/<mtkcfg_jni>(  171): getHdmiOutput: start!
I/<MTKCfgManagerService>(  171): getHdmiOutput  value= 0
I/<mtkcfg jni.cpp>(  171): acfgGetPara CallIntMethod start!
I/<mtkcfg_jni>(  171): getHdmiOutput: start!
I/<MTKCfgManagerService>(  171): getHdmiOutput  value= 0
I/<mtkcfg jni.cpp>(  171): acfgGetPara call the function , get the android flash value 0.
I/<mtkcfg jni.cpp>(  171): acfgGetPara call the function after the value 0.
E/        (  171): [AndroSetAcfg_RPC_IPC]after call ptSettingInfo[3]->uInfo.eVidSolution=0
E/        (  171): [AndroSetAcfg_RPC_IPC]cpFlag =1
E/        (  171): [AndroSetAcfg_RPC_IPC]ipc_SettingAcfg_Andro_Cb:itemCountID=4,ptSettingInfo->eType=5
E/        (  171): [AndroSetAcfg_RPC_IPC]before call ptSettingInfo[4]->uInfo.eVidSolution=0
I/<mtkcfg jni.cpp>(  171): MTKCFG_JNI: starting Android runtime.
I/<mtkcfg jni.cpp>(  171): acfgGetPara get class start!
I/<mtkcfg jni.cpp>(  171): acfgGetPara GetMethodID start!
I/<mtkcfg jni.cpp>(  171): acfgGetPara GetMethodID end!
I/<mtkcfg_jni>(  171): getSpdifOutput: start!
I/<MTKCfgManagerService>(  171): getSpdifOutput  value= 0
I/<mtkcfg jni.cpp>(  171): acfgGetPara CallIntMethod start!
I/<mtkcfg_jni>(  171): getSpdifOutput: start!
I/<MTKCfgManagerService>(  171): getSpdifOutput  value= 0
I/<mtkcfg jni.cpp>(  171): acfgGetPara call the function , get the android flash value 0.
I/<mtkcfg jni.cpp>(  171): acfgGetPara call the function after the value 0.
E/        (  171): [AndroSetAcfg_RPC_IPC]after call ptSettingInfo[4]->uInfo.eVidSolution=0
E/        (  171): [AndroSetAcfg_RPC_IPC]cpFlag =1
E/        (  171): [AndroSetAcfg_RPC_IPC]ipc_SettingAcfg_Andro_Cb:itemCountID=5,ptSettingInfo->eType=6
E/        (  171): [AndroSetAcfg_RPC_IPC]before call ptSettingInfo[5]->uInfo.eVidSolution=0
I/<mtkcfg jni.cpp>(  171): MTKCFG_JNI: starting Android runtime.
I/<mtkcfg jni.cpp>(  171): acfgGetPara get class start!
I/<mtkcfg jni.cpp>(  171): acfgGetPara GetMethodID start!
I/<mtkcfg jni.cpp>(  171): acfgGetPara GetMethodID end!
I/<mtkcfg_jni>(  171): getVolume: start!
I/<mtkcfg jni.cpp>(  171): acfgGetPara CallIntMethod start!
I/<mtkcfg_jni>(  171): getVolume: start!
I/<mtkcfg jni.cpp>(  171): acfgGetPara call the function , get the android flash value 0.
I/<mtkcfg jni.cpp>(  171): acfgGetPara call the function after the value 0.
E/        (  171): [AndroSetAcfg_RPC_IPC]after call ptSettingInfo[5]->uInfo.eVidSolution=4
E/        (  171): [AndroSetAcfg_RPC_IPC]cpFlag =1
E/        (  171): [AndroSetAcfg_RPC_IPC]ipc_SettingAcfg_Andro_Cb:itemCountID=6,ptSettingInfo->eType=7
E/        (  171): [AndroSetAcfg_RPC_IPC]before call ptSettingInfo[6]->uInfo.eVidSolution=0
I/<mtkcfg jni.cpp>(  171): MTKCFG_JNI: starting Android runtime.
I/<mtkcfg jni.cpp>(  171): acfgGetPara get class start!
I/<mtkcfg jni.cpp>(  171): acfgGetPara GetMethodID start!
I/<mtkcfg jni.cpp>(  171): acfgGetPara GetMethodID end!
I/<mtkcfg_jni>(  171): getPowerDown: start!
I/<mtkcfg jni.cpp>(  171): acfgGetPara CallIntMethod start!
I/<mtkcfg_jni>(  171): getPowerDown: start!
W/<MTKCfgManagerService>(  171): fail to get power down!
W/<MTKCfgManagerService>(  171): android.provider.Settings$SettingNotFoundException: notification_str
W/<MTKCfgManagerService>(  171):        at android.provider.Settings$System.getInt(Settings.java:900)
W/<MTKCfgManagerService>(  171):        at com.android.server.MTKCfgManagerService.getPowerDown(MTKCfgManagerService.java:734)
W/<MTKCfgManagerService>(  171):        at com.android.server.mtkcfgjni.getPowerDown(MTKCfgManagerService.java:324)
W/<MTKCfgManagerService>(  171):        at dalvik.system.NativeStart.run(Native Method)
I/<mtkcfg jni.cpp>(  171): acfgGetPara call the function , get the android flash value 0.
I/<mtkcfg jni.cpp>(  171): acfgGetPara call the function after the value 1.
E/        (  171): [AndroSetAcfg_RPC_IPC]after call ptSettingInfo[6]->uInfo.eVidSolution=1
E/        (  171): [AndroSetAcfg_RPC_IPC]cpFlag =1
E/        (  171): [AndroSetAcfg_RPC_IPC]ipc_SettingAcfg_Andro_Cb:itemCountID=7,ptSettingInfo->eType=8
E/        (  171): [AndroSetAcfg_RPC_IPC]before call ptSettingInfo[7]->uInfo.eVidSolution=0
I/<mtkcfg jni.cpp>(  171): MTKCFG_JNI: starting Android runtime.
I/<mtkcfg jni.cpp>(  171): acfgGetPara get class start!
I/<mtkcfg jni.cpp>(  171): acfgGetPara GetMethodID start!
I/<mtkcfg jni.cpp>(  171): acfgGetPara GetMethodID end!
W/<MTKCfgManagerService>(  171): fail to get power down!
W/<MTKCfgManagerService>(  171): android.provider.Settings$SettingNotFoundException: notification_str
W/<MTKCfgManagerService>(  171):        at android.provider.Settings$System.getInt(Settings.java:900)
W/<MTKCfgManagerService>(  171):        at com.android.server.MTKCfgManagerService.getPowerDown(MTKCfgManagerService.java:734)
W/<MTKCfgManagerService>(  171):        at com.android.server.mtkcfgjni.getPowerDown(MTKCfgManagerService.java:324)
W/<MTKCfgManagerService>(  171):        at dalvik.system.NativeStart.run(Native Method)
I/<mtkcfg_jni>(  171): getOsdDisplayRect: start!
I/<mtkcfg jni.cpp>(  171): acfgGetPara CallObjectMethod start!
W/<MTKCfgManagerService>(  171): fail to get getOsdDisplayRect!
W/<MTKCfgManagerService>(  171): android.provider.Settings$SettingNotFoundException: screen_osd_size_x
W/<MTKCfgManagerService>(  171):        at android.provider.Settings$System.getInt(Settings.java:900)
W/<MTKCfgManagerService>(  171):        at com.android.server.MTKCfgManagerService.getOsdDisplayRect(MTKCfgManagerService.java:764)
W/<MTKCfgManagerService>(  171):        at com.android.server.mtkcfgjni.getOsdDisplayRect(MTKCfgManagerService.java:249)
W/<MTKCfgManagerService>(  171):        at dalvik.system.NativeStart.run(Native Method)
I/<mtkcfg_jni>(  171): getOsdDisplayRect: start!
I/<mtkcfg jni.cpp>(  171): acfgGetPara call the function after the value 0.0,1000,1000
E/        (  171): [AndroSetAcfg_RPC_IPC]after call ptSettingInfo[7]->uInfo.eVidSolution=0
E/        (  171): [AndroSetAcfg_RPC_IPC]cpFlag =1
E/        (  171): [AndroSetAcfg_RPC_IPC]ipc_SettingAcfg_Andro_Cb:itemCountID=8,ptSettingInfo->eType=9
E/        (  171): [AndroSetAcfg_RPC_IPC]before call ptSettingInfo[8]->uInfo.eVidSolution=0
I/<mtkcfg jni.cpp>(  171): MTKCFG_JNI: starting Android runtime.
W/<MTKCfgManagerService>(  171): fail to get getOsdDisplayRect!
W/<MTKCfgManagerService>(  171): android.provider.Settings$SettingNotFoundException: screen_osd_size_x
W/<MTKCfgManagerService>(  171):        at android.provider.Settings$System.getInt(Settings.java:900)
W/<MTKCfgManagerService>(  171):        at com.android.server.MTKCfgManagerService.getOsdDisplayRect(MTKCfgManagerService.java:764)
W/<MTKCfgManagerService>(  171):        at com.android.server.mtkcfgjni.getOsdDisplayRect(MTKCfgManagerService.java:249)
W/<MTKCfgManagerService>(  171):        at dalvik.system.NativeStart.run(Native Method)
I/<mtkcfg jni.cpp>(  171): acfgGetPara get class start!
I/<mtkcfg jni.cpp>(  171): acfgGetPara GetMethodID start!
I/<mtkcfg jni.cpp>(  171): acfgGetPara GetMethodID end!
I/<mtkcfg_jni>(  171): getFastLogo: start!
I/<mtkcfg jni.cpp>(  171): acfgGetPara CallIntMethod start!
W/<MTKCfgManagerService>(  171): fail to get fastlogo
W/<MTKCfgManagerService>(  171): android.provider.Settings$SettingNotFoundException: fast_logo
W/<MTKCfgManagerService>(  171):        at android.provider.Settings$System.getInt(Settings.java:900)
W/<MTKCfgManagerService>(  171):        at com.android.server.MTKCfgManagerService.getFastLogo(MTKCfgManagerService.java:651)
W/<MTKCfgManagerService>(  171):        at com.android.server.mtkcfgjni.getFastLogo(MTKCfgManagerService.java:339)
W/<MTKCfgManagerService>(  171):        at dalvik.system.NativeStart.run(Native Method)
I/<mtkcfg_jni>(  171): getFastLogo: start!
I/<mtkcfg jni.cpp>(  171): acfgGetPara call the function , get the android flash value 0.
I/<mtkcfg jni.cpp>(  171): acfgGetPara call the function after the value 0.
W/<MTKCfgManagerService>(  171): fail to get fastlogo
W/<MTKCfgManagerService>(  171): android.provider.Settings$SettingNotFoundException: fast_logo
W/<MTKCfgManagerService>(  171):        at android.provider.Settings$System.getInt(Settings.java:900)
W/<MTKCfgManagerService>(  171):        at com.android.server.MTKCfgManagerService.getFastLogo(MTKCfgManagerService.java:651)
W/<MTKCfgManagerService>(  171):        at com.android.server.mtkcfgjni.getFastLogo(MTKCfgManagerService.java:339)
W/<MTKCfgManagerService>(  171):        at dalvik.system.NativeStart.run(Native Method)
E/        (  171): [AndroSetAcfg_RPC_IPC]after call ptSettingInfo[8]->uInfo.eVidSolution=0
E/        (  171): [AndroSetAcfg_RPC_IPC]cpFlag =1
E/        (  171): [AndroSetAcfg_RPC_IPC]ipc_SettingAcfg_Andro_Cb:itemCountID=9,ptSettingInfo->eType=10
E/        (  171): [AndroSetAcfg_RPC_IPC]before call ptSettingInfo[9]->uInfo.eVidSolution=0
I/<mtkcfg jni.cpp>(  171): MTKCFG_JNI: starting Android runtime.
I/<mtkcfg jni.cpp>(  171): acfgGetPara get class start!
I/<mtkcfg jni.cpp>(  171): acfgGetPara GetMethodID start!
I/<mtkcfg jni.cpp>(  171): acfgGetPara GetMethodID end!
I/<mtkcfg_jni>(  171): getDownMix: start!
I/<mtkcfg jni.cpp>(  171): acfgGetPara CallIntMethod start!
W/<MTKCfgManagerService>(  171): fail to get downmix
W/<MTKCfgManagerService>(  171): android.provider.Settings$SettingNotFoundException: down_mix
W/<MTKCfgManagerService>(  171):        at android.provider.Settings$System.getInt(Settings.java:900)
W/<MTKCfgManagerService>(  171):        at com.android.server.MTKCfgManagerService.getDownMix(MTKCfgManagerService.java:675)
W/<MTKCfgManagerService>(  171):        at com.android.server.mtkcfgjni.getDownMix(MTKCfgManagerService.java:369)
W/<MTKCfgManagerService>(  171):        at dalvik.system.NativeStart.run(Native Method)
I/<mtkcfg_jni>(  171): getDownMix: start!
I/<mtkcfg jni.cpp>(  171): acfgGetPara call the function , get the android flash value 0.
I/<mtkcfg jni.cpp>(  171): acfgGetPara call the function after the value 1.
E/        (  171): [AndroSetAcfg_RPC_IPC]after call ptSettingInfo[9]->uInfo.eVidSolution=1
E/        (  171): [AndroSetAcfg_RPC_IPC]cpFlag =1
E/        (  171): [AndroSetAcfg_RPC_IPC]ipc_SettingAcfg_Andro_Cb:itemCountID=10,ptSettingInfo->eType=11
E/        (  171): [AndroSetAcfg_RPC_IPC]before call ptSettingInfo[10]->uInfo.eVidSolution=0
I/<mtkcfg jni.cpp>(  171): MTKCFG_JNI: starting Android runtime.
W/<MTKCfgManagerService>(  171): fail to get downmix
W/<MTKCfgManagerService>(  171): android.provider.Settings$SettingNotFoundException: down_mix
W/<MTKCfgManagerService>(  171):        at android.provider.Settings$System.getInt(Settings.java:900)
W/<MTKCfgManagerService>(  171):        at com.android.server.MTKCfgManagerService.getDownMix(MTKCfgManagerService.java:675)
W/<MTKCfgManagerService>(  171):        at com.android.server.mtkcfgjni.getDownMix(MTKCfgManagerService.java:369)
W/<MTKCfgManagerService>(  171):        at dalvik.system.NativeStart.run(Native Method)
I/<mtkcfg jni.cpp>(  171): acfgGetPara get class start!
I/<mtkcfg jni.cpp>(  171): acfgGetPara GetMethodID start!
I/<mtkcfg jni.cpp>(  171): acfgGetPara GetMethodID end!
I/<mtkcfg_jni>(  171): getDrcMode: start!
I/<mtkcfg jni.cpp>(  171): acfgGetPara CallIntMethod start!
W/<MTKCfgManagerService>(  171): fail to get drcmode
W/<MTKCfgManagerService>(  171): android.provider.Settings$SettingNotFoundException: drc_mode
W/<MTKCfgManagerService>(  171):        at android.provider.Settings$System.getInt(Settings.java:900)
W/<MTKCfgManagerService>(  171):        at com.android.server.MTKCfgManagerService.getDrcMode(MTKCfgManagerService.java:663)
W/<MTKCfgManagerService>(  171):        at com.android.server.mtkcfgjni.getDrcMode(MTKCfgManagerService.java:354)
W/<MTKCfgManagerService>(  171):        at dalvik.system.NativeStart.run(Native Method)
I/<mtkcfg_jni>(  171): getDrcMode: start!
I/<mtkcfg jni.cpp>(  171): acfgGetPara call the function , get the android flash value 2.
I/<mtkcfg jni.cpp>(  171): acfgGetPara call the function after the value 3.
W/<MTKCfgManagerService>(  171): fail to get drcmode
W/<MTKCfgManagerService>(  171): android.provider.Settings$SettingNotFoundException: drc_mode
W/<MTKCfgManagerService>(  171):        at android.provider.Settings$System.getInt(Settings.java:900)
W/<MTKCfgManagerService>(  171):        at com.android.server.MTKCfgManagerService.getDrcMode(MTKCfgManagerService.java:663)
W/<MTKCfgManagerService>(  171):        at com.android.server.mtkcfgjni.getDrcMode(MTKCfgManagerService.java:354)
W/<MTKCfgManagerService>(  171):        at dalvik.system.NativeStart.run(Native Method)
E/        (  171): [AndroSetAcfg_RPC_IPC]after call ptSettingInfo[10]->uInfo.eVidSolution=3
E/        (  171): [AndroSetAcfg_RPC_IPC]cpFlag =1
E/        (  171): [AndroSetAcfg_RPC_IPC]ipc_SettingAcfg_Andro_Cb:itemCountID=11,ptSettingInfo->eType=12
E/        (  171): [AndroSetAcfg_RPC_IPC]before call ptSettingInfo[11]->uInfo.eVidSolution=0
I/<mtkcfg jni.cpp>(  171): MTKCFG_JNI: starting Android runtime.
I/<mtkcfg jni.cpp>(  171): acfgGetPara get class start!
I/<mtkcfg jni.cpp>(  171): acfgGetPara GetMethodID start!
I/<mtkcfg jni.cpp>(  171): acfgGetPara GetMethodID end!
I/<mtkcfg jni.cpp>(  171): acfgGetPara CallIntMethod start!
W/<MTKCfgManagerService>(  171): fail to get brightness!
W/<MTKCfgManagerService>(  171): android.provider.Settings$SettingNotFoundException: brightness
W/<MTKCfgManagerService>(  171):        at android.provider.Settings$System.getInt(Settings.java:900)
W/<MTKCfgManagerService>(  171):        at com.android.server.MTKCfgManagerService.getBrightness(MTKCfgManagerService.java:792)
W/<MTKCfgManagerService>(  171):        at com.android.server.mtkcfgjni.getBrightness(MTKCfgManagerService.java:383)
W/<MTKCfgManagerService>(  171):        at dalvik.system.NativeStart.run(Native Method)
I/<mtkcfg jni.cpp>(  171): acfgGetPara call the function , get the android flash value 50.
I/<mtkcfg jni.cpp>(  171): acfgGetPara call the function after the value 50.
E/        (  171): [AndroSetAcfg_RPC_IPC]after call ptSettingInfo[11]->uInfo.eVidSolution=50
E/        (  171): [AndroSetAcfg_RPC_IPC]cpFlag =1
E/        (  171): [AndroSetAcfg_RPC_IPC]ipc_SettingAcfg_Andro_Cb:itemCountID=12,ptSettingInfo->eType=13
E/        (  171): [AndroSetAcfg_RPC_IPC]before call ptSettingInfo[12]->uInfo.eVidSolution=0
I/<mtkcfg jni.cpp>(  171): MTKCFG_JNI: starting Android runtime.
W/<MTKCfgManagerService>(  171): fail to get brightness!
W/<MTKCfgManagerService>(  171): android.provider.Settings$SettingNotFoundException: brightness
W/<MTKCfgManagerService>(  171):        at android.provider.Settings$System.getInt(Settings.java:900)
W/<MTKCfgManagerService>(  171):        at com.android.server.MTKCfgManagerService.getBrightness(MTKCfgManagerService.java:792)
W/<MTKCfgManagerService>(  171):        at com.android.server.mtkcfgjni.getBrightness(MTKCfgManagerService.java:383)
W/<MTKCfgManagerService>(  171):        at dalvik.system.NativeStart.run(Native Method)
I/<mtkcfg jni.cpp>(  171): acfgGetPara get class start!
I/<mtkcfg jni.cpp>(  171): acfgGetPara GetMethodID start!
I/<mtkcfg jni.cpp>(  171): acfgGetPara GetMethodID end!
I/<mtkcfg jni.cpp>(  171): acfgGetPara CallIntMethod start!
W/<MTKCfgManagerService>(  171): fail to get contrast!
W/<MTKCfgManagerService>(  171): android.provider.Settings$SettingNotFoundException: contrast
W/<MTKCfgManagerService>(  171):        at android.provider.Settings$System.getInt(Settings.java:900)
W/<MTKCfgManagerService>(  171):        at com.android.server.MTKCfgManagerService.getContrast(MTKCfgManagerService.java:808)
W/<MTKCfgManagerService>(  171):        at com.android.server.mtkcfgjni.getContrast(MTKCfgManagerService.java:397)
W/<MTKCfgManagerService>(  171):        at dalvik.system.NativeStart.run(Native Method)
I/<mtkcfg jni.cpp>(  171): acfgGetPara call the function , get the android flash value 50.
I/<mtkcfg jni.cpp>(  171): acfgGetPara call the function after the value 50.
E/        (  171): [AndroSetAcfg_RPC_IPC]after call ptSettingInfo[12]->uInfo.eVidSolution=50
E/        (  171): [AndroSetAcfg_RPC_IPC]cpFlag =1
E/        (  171): [AndroSetAcfg_RPC_IPC]ipc_SettingAcfg_Andro_Cb:itemCountID=13,ptSettingInfo->eType=14
E/        (  171): [AndroSetAcfg_RPC_IPC]before call ptSettingInfo[13]->uInfo.eVidSolution=0
I/<mtkcfg jni.cpp>(  171): MTKCFG_JNI: starting Android runtime.
W/<MTKCfgManagerService>(  171): fail to get contrast!
W/<MTKCfgManagerService>(  171): android.provider.Settings$SettingNotFoundException: contrast
W/<MTKCfgManagerService>(  171):        at android.provider.Settings$System.getInt(Settings.java:900)
W/<MTKCfgManagerService>(  171):        at com.android.server.MTKCfgManagerService.getContrast(MTKCfgManagerService.java:808)
W/<MTKCfgManagerService>(  171):        at com.android.server.mtkcfgjni.getContrast(MTKCfgManagerService.java:397)
W/<MTKCfgManagerService>(  171):        at dalvik.system.NativeStart.run(Native Method)
I/<mtkcfg jni.cpp>(  171): acfgGetPara get class start!
I/<mtkcfg jni.cpp>(  171): acfgGetPara GetMethodID start!
I/<mtkcfg jni.cpp>(  171): acfgGetPara GetMethodID end!
I/<mtkcfg jni.cpp>(  171): acfgGetPara CallIntMethod start!
W/<MTKCfgManagerService>(  171): fail to get saturation!
W/<MTKCfgManagerService>(  171): android.provider.Settings$SettingNotFoundException: saturation
W/<MTKCfgManagerService>(  171):        at android.provider.Settings$System.getInt(Settings.java:900)
W/<MTKCfgManagerService>(  171):        at com.android.server.MTKCfgManagerService.getSaturation(MTKCfgManagerService.java:824)
W/<MTKCfgManagerService>(  171):        at com.android.server.mtkcfgjni.getSaturation(MTKCfgManagerService.java:411)
W/<MTKCfgManagerService>(  171):        at dalvik.system.NativeStart.run(Native Method)
I/<mtkcfg jni.cpp>(  171): acfgGetPara call the function , get the android flash value 50.
I/<mtkcfg jni.cpp>(  171): acfgGetPara call the function after the value 50.
E/        (  171): [AndroSetAcfg_RPC_IPC]after call ptSettingInfo[13]->uInfo.eVidSolution=50
E/        (  171): [AndroSetAcfg_RPC_IPC]cpFlag =1
E/        (  171): [AndroSetAcfg_RPC_IPC]ipc_SettingAcfg_Andro_Cb:itemCountID=14,ptSettingInfo->eType=15
E/        (  171): [AndroSetAcfg_RPC_IPC]before call ptSettingInfo[14]->uInfo.eVidSolution=0
I/<mtkcfg jni.cpp>(  171): MTKCFG_JNI: starting Android runtime.
W/<MTKCfgManagerService>(  171): fail to get saturation!
W/<MTKCfgManagerService>(  171): android.provider.Settings$SettingNotFoundException: saturation
W/<MTKCfgManagerService>(  171):        at android.provider.Settings$System.getInt(Settings.java:900)
W/<MTKCfgManagerService>(  171):        at com.android.server.MTKCfgManagerService.getSaturation(MTKCfgManagerService.java:824)
W/<MTKCfgManagerService>(  171):        at com.android.server.mtkcfgjni.getSaturation(MTKCfgManagerService.java:411)
W/<MTKCfgManagerService>(  171):        at dalvik.system.NativeStart.run(Native Method)
I/<mtkcfg jni.cpp>(  171): acfgGetPara get class start!
I/<mtkcfg jni.cpp>(  171): acfgGetPara GetMethodID start!
I/<mtkcfg jni.cpp>(  171): acfgGetPara GetMethodID end!
I/<mtkcfg jni.cpp>(  171): acfgGetPara CallIntMethod start!
W/<MTKCfgManagerService>(  171): fail to get hue!
W/<MTKCfgManagerService>(  171): android.provider.Settings$SettingNotFoundException: hue
W/<MTKCfgManagerService>(  171):        at android.provider.Settings$System.getInt(Settings.java:900)
W/<MTKCfgManagerService>(  171):        at com.android.server.MTKCfgManagerService.getHue(MTKCfgManagerService.java:840)
W/<MTKCfgManagerService>(  171):        at com.android.server.mtkcfgjni.getHue(MTKCfgManagerService.java:425)
W/<MTKCfgManagerService>(  171):        at dalvik.system.NativeStart.run(Native Method)
I/<mtkcfg jni.cpp>(  171): acfgGetPara call the function , get the android flash value 50.
I/<mtkcfg jni.cpp>(  171): acfgGetPara call the function after the value 50.
E/        (  171): [AndroSetAcfg_RPC_IPC]after call ptSettingInfo[14]->uInfo.eVidSolution=50
E/        (  171): [AndroSetAcfg_RPC_IPC]cpFlag =1
W/<MTKCfgManagerService>(  171): fail to get hue!
W/<MTKCfgManagerService>(  171): android.provider.Settings$SettingNotFoundException: hue
W/<MTKCfgManagerService>(  171):        at android.provider.Settings$System.getInt(Settings.java:900)
W/<MTKCfgManagerService>(  171):        at com.android.server.MTKCfgManagerService.getHue(MTKCfgManagerService.java:840)
W/<MTKCfgManagerService>(  171):        at com.android.server.mtkcfgjni.getHue(MTKCfgManagerService.java:425)
W/<MTKCfgManagerService>(  171):        at dalvik.system.NativeStart.run(Native Method)
D/PackageManager(  171): Launcher Waiting for scaning 2nd and 3rd done
D/PackageManager(  171): Waiting for scaning 2nd and 3rd done
D/PackageManager(  171): Launcher Waiting for scaning 2nd and 3rd done
E/        (  171):  Server not created, wait!
E/NetlinkListener(   87): recvmsg mBuffer:
E/NetlinkListener(   87):  (add@/module/fusion)
E/NetlinkListener(   86): recvmsg mBuffer:
E/NetlinkListener(   86):  (add@/module/fusion)
W/Vold    (   86): subsys:module
D/NetlinkEvent(   86): NL param 'DEVPATH=/module/fusion'
E/NetlinkListener(   87): recvmsg mBuffer:
E/NetlinkListener(   87):  (add@/class/fusion)
E/NetlinkListener(   86): recvmsg mBuffer:
E/NetlinkListener(   86):  (add@/class/fusion)
W/Vold    (   86): subsys:class
D/NetlinkEvent(   86): NL param 'DEVPATH=/class/fusion'
E/NetlinkListener(   87): recvmsg mBuffer:
E/NetlinkListener(   87):  (add@/devices/virtual/fusion/fusion0)
E/NetlinkListener(   86): recvmsg mBuffer:
E/NetlinkListener(   86):  (add@/devices/virtual/fusion/fusion0)
E/NetlinkListener(   87): recvmsg mBuffer:
E/NetlinkListener(   87):  (add@/devices/virtual/fusion/fusion1)
W/Vold    (   86): subsys:fusion
D/NetlinkEvent(   86): NL param 'DEVPATH=/devices/virtual/fusion/fusion0'
D/NetlinkEvent(   86): NL param 'MAJOR=248'
D/NetlinkEvent(   86): NL param 'MINOR=0'
D/NetlinkEvent(   86): NL param 'DEVNAME=fusion0'
E/NetlinkListener(   87): recvmsg mBuffer:
E/NetlinkListener(   87):  (add@/devices/virtual/fusion/fusion2)
E/NetlinkListener(   86): recvmsg mBuffer:
E/NetlinkListener(   86):  (add@/devices/virtual/fusion/fusion1)
W/Vold    (   86): subsys:fusion
E/NetlinkListener(   87): recvmsg mBuffer:
E/NetlinkListener(   87):  (add@/devices/virtual/fusion/fusion3)
D/NetlinkEvent(   86): NL param 'DEVPATH=/devices/virtual/fusion/fusion1'
D/NetlinkEvent(   86): NL param 'MAJOR=248'
D/NetlinkEvent(   86): NL param 'MINOR=1'
D/NetlinkEvent(   86): NL param 'DEVNAME=fusion1'
E/NetlinkListener(   87): recvmsg mBuffer:
E/NetlinkListener(   87):  (add@/devices/virtual/fusion/fusion4)
E/NetlinkListener(   86): recvmsg mBuffer:
E/NetlinkListener(   86):  (add@/devices/virtual/fusion/fusion2)
W/Vold    (   86): subsys:fusion
E/NetlinkListener(   87): recvmsg mBuffer:
E/NetlinkListener(   87):  (add@/devices/virtual/fusion/fusion5)
D/NetlinkEvent(   86): NL param 'DEVPATH=/devices/virtual/fusion/fusion2'
D/NetlinkEvent(   86): NL param 'MAJOR=248'
D/NetlinkEvent(   86): NL param 'MINOR=2'
D/NetlinkEvent(   86): NL param 'DEVNAME=fusion2'
E/NetlinkListener(   87): recvmsg mBuffer:
E/NetlinkListener(   87):  (add@/devices/virtual/fusion/fusion6)
E/NetlinkListener(   86): recvmsg mBuffer:
E/NetlinkListener(   86):  (add@/devices/virtual/fusion/fusion3)
W/Vold    (   86): subsys:fusion
E/NetlinkListener(   87): recvmsg mBuffer:
E/NetlinkListener(   87):  (add@/devices/virtual/fusion/fusion7)
D/NetlinkEvent(   86): NL param 'DEVPATH=/devices/virtual/fusion/fusion3'
D/NetlinkEvent(   86): NL param 'MAJOR=248'
D/NetlinkEvent(   86): NL param 'MINOR=3'
D/NetlinkEvent(   86): NL param 'DEVNAME=fusion3'
E/NetlinkListener(   86): recvmsg mBuffer:
E/NetlinkListener(   86):  (add@/devices/virtual/fusion/fusion4)
W/Vold    (   86): subsys:fusion
D/NetlinkEvent(   86): NL param 'DEVPATH=/devices/virtual/fusion/fusion4'
D/NetlinkEvent(   86): NL param 'MAJOR=248'
D/NetlinkEvent(   86): NL param 'MINOR=4'
D/NetlinkEvent(   86): NL param 'DEVNAME=fusion4'
E/NetlinkListener(   86): recvmsg mBuffer:
E/NetlinkListener(   86):  (add@/devices/virtual/fusion/fusion5)
W/Vold    (   86): subsys:fusion
D/NetlinkEvent(   86): NL param 'DEVPATH=/devices/virtual/fusion/fusion5'
D/NetlinkEvent(   86): NL param 'MAJOR=248'
D/NetlinkEvent(   86): NL param 'MINOR=5'
D/NetlinkEvent(   86): NL param 'DEVNAME=fusion5'
E/NetlinkListener(   86): recvmsg mBuffer:
E/NetlinkListener(   86):  (add@/devices/virtual/fusion/fusion6)
W/Vold    (   86): subsys:fusion
D/NetlinkEvent(   86): NL param 'DEVPATH=/devices/virtual/fusion/fusion6'
D/NetlinkEvent(   86): NL param 'MAJOR=248'
D/NetlinkEvent(   86): NL param 'MINOR=6'
D/NetlinkEvent(   86): NL param 'DEVNAME=fusion6'
E/NetlinkListener(   86): recvmsg mBuffer:
E/NetlinkListener(   86):  (add@/devices/virtual/fusion/fusion7)
W/Vold    (   86): subsys:fusion
D/NetlinkEvent(   86): NL param 'DEVPATH=/devices/virtual/fusion/fusion7'
D/NetlinkEvent(   86): NL param 'MAJOR=248'
D/NetlinkEvent(   86): NL param 'MINOR=7'
D/NetlinkEvent(   86): NL param 'DEVNAME=fusion7'
E/NetlinkListener(   86): recvmsg mBuffer:
E/NetlinkListener(   86):  (add@/module/jdec)
W/Vold    (   86): subsys:module
D/NetlinkEvent(   86): NL param 'DEVPATH=/module/jdec'
E/NetlinkListener(   87): recvmsg mBuffer:
E/NetlinkListener(   87):  (add@/module/jdec)
E/NetlinkListener(   87): recvmsg mBuffer:
E/NetlinkListener(   87):  (add@/devices/virtual/misc/jdec)
E/NetlinkListener(   86): recvmsg mBuffer:
E/NetlinkListener(   86):  (add@/devices/virtual/misc/jdec)
W/Vold    (   86): subsys:misc
D/NetlinkEvent(   86): NL param 'DEVPATH=/devices/virtual/misc/jdec'
D/NetlinkEvent(   86): NL param 'MAJOR=10'
D/NetlinkEvent(   86): NL param 'MINOR=122'
D/NetlinkEvent(   86): NL param 'DEVNAME=jdec'
E/NetlinkListener(   86): recvmsg mBuffer:
E/NetlinkListener(   86):  (add@/module/png)
W/Vold    (   86): subsys:module
D/NetlinkEvent(   86): NL param 'DEVPATH=/module/png'
E/NetlinkListener(   87): recvmsg mBuffer:
E/NetlinkListener(   87):  (add@/module/png)
E/NetlinkListener(   86): recvmsg mBuffer:
E/NetlinkListener(   86):  (add@/devices/virtual/misc/png)
W/Vold    (   86): subsys:misc
D/NetlinkEvent(   86): NL param 'DEVPATH=/devices/virtual/misc/png'
D/NetlinkEvent(   86): NL param 'MAJOR=10'
D/NetlinkEvent(   86): NL param 'MINOR=121'
D/NetlinkEvent(   86): NL param 'DEVNAME=png'
E/NetlinkListener(   87): recvmsg mBuffer:
E/NetlinkListener(   87):  (add@/devices/virtual/misc/png)
E/NetlinkListener(   86): recvmsg mBuffer:
E/NetlinkListener(   86):  (add@/module/awdetector)
W/Vold    (   86): subsys:module
D/NetlinkEvent(   86): NL param 'DEVPATH=/module/awdetector'
E/NetlinkListener(   87): recvmsg mBuffer:
E/NetlinkListener(   87):  (add@/module/awdetector)
E/NetlinkListener(   86): recvmsg mBuffer:
E/NetlinkListener(   86):  (add@/module/adec_omx)
W/Vold    (   86): subsys:module
D/NetlinkEvent(   86): NL param 'DEVPATH=/module/adec_omx'
E/NetlinkListener(   87): recvmsg mBuffer:
E/NetlinkListener(   87):  (add@/module/adec_omx)
E/NetlinkListener(   86): recvmsg mBuffer:
E/NetlinkListener(   86):  (add@/devices/virtual/misc/adec_omx)
W/Vold    (   86): subsys:misc
D/NetlinkEvent(   86): NL param 'DEVPATH=/devices/virtual/misc/adec_omx'
D/NetlinkEvent(   86): NL param 'MAJOR=10'
D/NetlinkEvent(   86): NL param 'MINOR=115'
D/NetlinkEvent(   86): NL param 'DEVNAME=adec_omx'
E/NetlinkListener(   87): recvmsg mBuffer:
E/NetlinkListener(   87):  (add@/devices/virtual/misc/adec_omx)
E/NetlinkListener(   86): recvmsg mBuffer:
E/NetlinkListener(   86):  (add@/module/vdec_omx)
W/Vold    (   86): subsys:module
D/NetlinkEvent(   86): NL param 'DEVPATH=/module/vdec_omx'
E/NetlinkListener(   87): recvmsg mBuffer:
E/NetlinkListener(   87):  (add@/module/vdec_omx)
E/NetlinkListener(   86): recvmsg mBuffer:
E/NetlinkListener(   86):  (add@/devices/virtual/misc/vdec_omx)
W/Vold    (   86): subsys:misc
D/NetlinkEvent(   86): NL param 'DEVPATH=/devices/virtual/misc/vdec_omx'
D/NetlinkEvent(   86): NL param 'MAJOR=10'
D/NetlinkEvent(   86): NL param 'MINOR=114'
D/NetlinkEvent(   86): NL param 'DEVNAME=vdec_omx'
E/NetlinkListener(   87): recvmsg mBuffer:
