E/NetlinkListener(   87):  (add@/devices/virtual/misc/vdec_omx)
E/NetlinkListener(   86): recvmsg mBuffer:
E/NetlinkListener(   86):  (add@/module/fbmomx)
W/Vold    (   86): subsys:module
D/NetlinkEvent(   86): NL param 'DEVPATH=/module/fbmomx'
E/NetlinkListener(   87): recvmsg mBuffer:
E/NetlinkListener(   87):  (add@/module/fbmomx)
E/NetlinkListener(   87): recvmsg mBuffer:
E/NetlinkListener(   87):  (add@/devices/virtual/misc/fbmomx)
E/NetlinkListener(   86): recvmsg mBuffer:
E/NetlinkListener(   86):  (add@/devices/virtual/misc/fbmomx)
W/Vold    (   86): subsys:misc
D/NetlinkEvent(   86): NL param 'DEVPATH=/devices/virtual/misc/fbmomx'
D/NetlinkEvent(   86): NL param 'MAJOR=10'
D/NetlinkEvent(   86): NL param 'MINOR=125'
D/NetlinkEvent(   86): NL param 'DEVNAME=fbmomx'
E/NetlinkListener(   86): recvmsg mBuffer:
E/NetlinkListener(   86):  (add@/module/splitter)
W/Vold    (   86): subsys:module
D/NetlinkEvent(   86): NL param 'DEVPATH=/module/splitter'
E/NetlinkListener(   87): recvmsg mBuffer:
E/NetlinkListener(   87):  (add@/module/splitter)
E/NetlinkListener(   86): recvmsg mBuffer:
E/NetlinkListener(   86):  (add@/module/vdecopenmax)
W/Vold    (   86): subsys:module
D/NetlinkEvent(   86): NL param 'DEVPATH=/module/vdecopenmax'
E/NetlinkListener(   86): recvmsg mBuffer:
E/NetlinkListener(   86):  (add@/devices/virtual/misc/vdecopenmax)
W/Vold    (   86): subsys:misc
D/NetlinkEvent(   86): NL param 'DEVPATH=/devices/virtual/misc/vdecopenmax'
D/NetlinkEvent(   86): NL param 'MAJOR=10'
D/NetlinkEvent(   86): NL param 'MINOR=127'
D/NetlinkEvent(   86): NL param 'DEVNAME=vdecopenmax'
E/NetlinkListener(   87): recvmsg mBuffer:
E/NetlinkListener(   87):  (add@/module/vdecopenmax)
E/NetlinkListener(   87): recvmsg mBuffer:
E/NetlinkListener(   87):  (add@/devices/virtual/misc/vdecopenmax)
E/NetlinkListener(   86): recvmsg mBuffer:
E/NetlinkListener(   86):  (add@/module/vdpomx)
W/Vold    (   86): subsys:module
D/NetlinkEvent(   86): NL param 'DEVPATH=/module/vdpomx'
E/NetlinkListener(   87): recvmsg mBuffer:
E/NetlinkListener(   87):  (add@/module/vdpomx)
E/NetlinkListener(   87): recvmsg mBuffer:
E/NetlinkListener(   87):  (add@/devices/virtual/misc/vdpomx)
E/NetlinkListener(   86): recvmsg mBuffer:
E/NetlinkListener(   86):  (add@/devices/virtual/misc/vdpomx)
W/Vold    (   86): subsys:misc
D/NetlinkEvent(   86): NL param 'DEVPATH=/devices/virtual/misc/vdpomx'
D/NetlinkEvent(   86): NL param 'MAJOR=10'
D/NetlinkEvent(   86): NL param 'MINOR=128'
D/NetlinkEvent(   86): NL param 'DEVNAME=vdpomx'
E/NetlinkListener(   86): recvmsg mBuffer:
E/NetlinkListener(   86):  (add@/module/mtvencdev)
W/Vold    (   86): subsys:module
D/NetlinkEvent(   86): NL param 'DEVPATH=/module/mtvencdev'
E/NetlinkListener(   86): recvmsg mBuffer:
E/NetlinkListener(   86):  (add@/devices/virtual/misc/mtvencdev)
W/Vold    (   86): subsys:misc
D/NetlinkEvent(   86): NL param 'DEVPATH=/devices/virtual/misc/mtvencdev'
D/NetlinkEvent(   86): NL param 'MAJOR=10'
D/NetlinkEvent(   86): NL param 'MINOR=126'
D/NetlinkEvent(   86): NL param 'DEVNAME=mtvencdev'
E/NetlinkListener(   87): recvmsg mBuffer:
E/NetlinkListener(   87):  (add@/module/mtvencdev)
E/NetlinkListener(   87): recvmsg mBuffer:
E/NetlinkListener(   87):  (add@/devices/virtual/misc/mtvencdev)
W/dalvikvm(  171): threadid=2: spin on suspend #1 threadid=10 (pcf=0)
W/dalvikvm(  171): threadid=2: spin on suspend resolved in 1154 msec
D/PackageManager(  171): Waiting for scaning 2nd and 3rd done
D/PackageManager(  171): Launcher Waiting for scaning 2nd and 3rd done
I/PackageManager(  171): Running dexopt on: com.android.smspush
D/PackageManager(  171): ==> send ACTION_PACKAGE_ADDED to launcher!!!
I/dalvikvm(  576): Wrote stack traces to '/data/anr/traces.txt'
D/dalvikvm(  171): GC_CONCURRENT freed 859K, 11% free 8520K/9479K, paused 2ms+3ms
D/PackageManager(  171): Launcher Waiting for scaning 2nd and 3rd done
D/PackageManager(  171): Waiting for scaning 2nd and 3rd done
D/PackageManager(  171): Launcher Waiting for scaning 2nd and 3rd done
D/PackageManager(  171): Waiting for scaning 2nd and 3rd done
E/        (  171): RPC_MALLOC()...
E/        (  171): rpcu_os_tls_set()...
E/        (  171): ct sock  send()...
E/        (  171): ct recv()...
E/        (  171): ----------ipc_open_client-------thread=0x20def18-----
E/        (  171): sn 7
E/        (  171): sn 8
I/Process (  171): Sending signal. PID: 576 SIG: 3
I/dalvikvm(  576): threadid=3: reacting to signal 3
I/Process (  171): Sending signal. PID: 463 SIG: 3
I/dalvikvm(  463): threadid=3: reacting to signal 3
E/<mtkcfg jni.cpp>(  171): IMtkCfg_Open return success = 0
D/dalvikvm(  576): Added shared lib /data/data/tv.icntv.ott/res/lib/libgefo.so 0x40f37848
I/dalvikvm(  576): Wrote stack traces to '/data/anr/traces.txt'
I/Process (  171): Sending signal. PID: 171 SIG: 3
I/dalvikvm(  171): threadid=3: reacting to signal 3
E/<mtkcfg jni.cpp>(  171): IMtkCfg_EvtRegCallback return success = 0
E/<mtkcfg jni.cpp>(  171): registerHDMICallBack end
D/dalvikvm(  171): ExtrMon: insns 0x0 not valid (0x0 - 0x0)
I/Process (  171): Sending signal. PID: 245 SIG: 3
D/PackageManager(  171): Launcher Waiting for scaning 2nd and 3rd done
I/dalvikvm(  245): threadid=3: reacting to signal 3
D/PackageManager(  171): Waiting for scaning 2nd and 3rd done
I/<mtkcfg jni.cpp>(  171): ------HDMI State Changed '0'
I/dalvikvm(  171): Wrote stack traces to '/data/anr/traces.txt'
D/dalvikvm(  171): GC_CONCURRENT freed 599K, 9% free 8713K/9479K, paused 3ms+4ms
I/Process (  171): Sending signal. PID: 576 SIG: 3
I/dalvikvm(  576): threadid=3: reacting to signal 3
I/dalvikvm(  576): Wrote stack traces to '/data/anr/traces.txt'
E/dalvikvm(  463): Unable to open stack trace file '/data/anr/traces.txt': Permission denied
I/dalvikvm(  245): Wrote stack traces to '/data/anr/traces.txt'
I/gefo-browser(  576): browserHOME:/data/data/tv.icntv.ott/res
I/gefo-browser(  576): Login mac:
I/gefo-browser(  576): Browser Version:V4.1.1.7
I/gefo-browser(  576): Browser Platform:android4.0.1
I/gefo-browser(  576): Browser Product:TPV401
W/PackageManager(  171): Unknown permission android.permission.READ_EXTERNAL_STORAGE in package com.android.videoeditor
W/PackageManager(  171): Unknown permission com.google.android.googleapps.permission.GOOGLE_AUTH in package com.android.settings
W/PackageManager(  171): Not granting permission android.permission.INSTALL_PACKAGES to package com.fiship.cibn (protectionLevel=3 flags=0x18be44)
V/DmrService(  624): Service onCreate()
W/PackageManager(  171): Unknown permission android.permission.ADD_SYSTEM_SERVICE in package com.android.phone
W/PackageManager(  171): Unknown permission com.android.launcher.permission.INSTALL_SHORTCUT in package com.wandoujia.phoenix2
W/PackageManager(  171): Unknown permission com.android.launcher.permission.CREATE_SHORTCUT in package com.wandoujia.phoenix2
W/PackageManager(  171): Unknown permission com.android.launcher.permission.UNINSTALL_SHORTCUT in package com.wandoujia.phoenix2
W/PackageManager(  171): Unknown permission org.adw.launcher.permission.READ_SETTINGS in package com.wandoujia.phoenix2
W/PackageManager(  171): Unknown permission org.adw.launcher.permission.WRITE_SETTINGS in package com.wandoujia.phoenix2
W/PackageManager(  171): Unknown permission com.qihoo360.launcher.permission.READ_SETTINGS in package com.wandoujia.phoenix2
W/PackageManager(  171): Unknown permission com.qihoo360.launcher.permission.WRITE_SETTINGS in package com.wandoujia.phoenix2
W/PackageManager(  171): Unknown permission com.lge.launcher.permission.READ_SETTINGS in package com.wandoujia.phoenix2
W/PackageManager(  171): Unknown permission com.lge.launcher.permission.WRITE_SETTINGS in package com.wandoujia.phoenix2
W/PackageManager(  171): Unknown permission net.qihoo.launcher.permission.READ_SETTINGS in package com.wandoujia.phoenix2
W/PackageManager(  171): Unknown permission net.qihoo.launcher.permission.WRITE_SETTINGS in package com.wandoujia.phoenix2
W/PackageManager(  171): Unknown permission org.adwfreak.launcher.permission.READ_SETTINGS in package com.wandoujia.phoenix2
W/PackageManager(  171): Unknown permission org.adwfreak.launcher.permission.WRITE_SETTINGS in package com.wandoujia.phoenix2
W/PackageManager(  171): Unknown permission com.huawei.launcher3.permission.READ_SETTINGS in package com.wandoujia.phoenix2
W/PackageManager(  171): Unknown permission com.huawei.launcher3.permission.WRITE_SETTINGS in package com.wandoujia.phoenix2
W/PackageManager(  171): Unknown permission com.fede.launcher.permission.READ_SETTINGS in package com.wandoujia.phoenix2
W/PackageManager(  171): Unknown permission com.fede.launcher.permission.WRITE_SETTINGS in package com.wandoujia.phoenix2
W/PackageManager(  171): Unknown permission com.sec.android.app.twlauncher.settings.READ_SETTINGS in package com.wandoujia.phoenix2
W/PackageManager(  171): Unknown permission com.sec.android.app.twlauncher.settings.WRITE_SETTINGS in package com.wandoujia.phoenix2
W/PackageManager(  171): Not granting permission android.permission.ACCESS_DRM to package com.wandoujia.phoenix2 (protectionLevel=2 flags=0x8be44)
D/PackageManager(  171): Launcher Waiting for scaning 2nd and 3rd done
D/PackageManager(  171): Waiting for scaning 2nd and 3rd done
W/PackageManager(  171): Unknown permission com.google.android.googleapps.permission.ACCESS_GOOGLE_PASSWORD in package com.android.development
W/PackageManager(  171): Unknown permission com.google.android.googleapps.permission.GOOGLE_AUTH in package com.android.development
W/PackageManager(  171): Unknown permission com.google.android.googleapps.permission.GOOGLE_AUTH.ALL_SERVICES in package com.android.development
W/PackageManager(  171): Unknown permission com.google.android.googleapps.permission.GOOGLE_AUTH.YouTubeUser in package com.android.development
W/PackageManager(  171): Unknown permission com.android.launcher.permission.INSTALL_SHORTCUT in package com.estrongs.android.pop
W/PackageManager(  171): Unknown permission com.android.launcher.permission.UNINSTALL_SHORTCUT in package com.estrongs.android.pop
W/PackageManager(  171): Unknown permission com.estrongs.android.pop.PERMISSION in package com.estrongs.android.pop
W/PackageManager(  171): Unknown permission android.permission.WRITE_OWNER_DATA in package com.coship.Multimedia
W/PackageManager(  171): Unknown permission android.permission.READ_OWNER_DATA in package com.coship.Multimedia
W/PackageManager(  171): Unknown permission android.permission.RAISED_THREAD_PRIORITY in package tv.icntv.ott
D/dalvikvm(  171): GC_EXPLICIT freed 287K, 9% free 8687K/9543K, paused 2ms+3ms
D/GefoMediaPlayer(  576): current thread id: 1
D/YLog    (  576): QOSASS_Allowed = true, p = 1
D/YLog    (  576): init YstenLog
I/PlayerInfo(  576): VersionInfo=13.01.07&PlayerName=Android4.0_TPV
D/YLog    (  576): get message:1
I/YLog    (  576): what = 1, tag = PlayerInfo, module = 402, message = VersionInfo=13.01.07&PlayerName=Android4.0_TPV
I/Gefo Activity(  576): display size:1280,720
D/dalvikvm(  624): GC_CONCURRENT freed 175K, 6% free 5335K/5639K, paused 1ms+1ms
D/PackageManager(  171): Launcher Waiting for scaning 2nd and 3rd done
D/PackageManager(  171): Waiting for scaning 2nd and 3rd done
I/Process (  171): Sending signal. PID: 576 SIG: 3
I/dalvikvm(  576): threadid=3: reacting to signal 3
I/PackageManager(  171): Running dexopt on: com.mediatek.androidbox
D/dalvikvm(  624): GC_CONCURRENT freed 207K, 5% free 5609K/5895K, paused 1ms+1ms
I/Process (  171): Sending signal. PID: 624 SIG: 3
I/dalvikvm(  624): threadid=3: reacting to signal 3
I/dalvikvm(  576): Wrote stack traces to '/data/anr/traces.txt'
D/dalvikvm(  576): GC_FOR_ALLOC freed 158K, 5% free 5998K/6279K, paused 15ms
I/dalvikvm-heap(  576): Grow heap (frag case) to 9.434MB for 3686416-byte allocation
I/ActivityManager(  171): Start proc com.wandoujia.phoenix2 for broadcast com.wandoujia.phoenix2/com.wandoujia.phoenix4.receiver.ConnectivityChangedReceiver: pid=722 uid=10028 gids={3003, 1007, 1015, 1023, 1006}
I/dalvikvm(  624): Wrote stack traces to '/data/anr/traces.txt'
D/dalvikvm(  576): GC_FOR_ALLOC freed <1K, 4% free 9598K/9927K, paused 14ms
D/GefoWebView(  [  306.429989] ----> schedule
[  317.827140] ----> time  [12, -594625008]
[  317.827161] ----> icoutn:nr  [92, 76],drop=1
576): startBrowser = file:///data/data/tv.icntv.ott/res/is/panel/panel.html
I/Process (  171): Sending signal. PID: 576 SIG: 3
I/dalvikvm(  576): threadid=3: reacting to signal 3
I/gefo-browser(  576): browserURL:file:///data/data/tv.icntv.ott/res/is/panel/panel.html
I/dalvikvm(  576): Wrote stack traces to '/data/anr/traces.txt'
D/dalvikvm(  576): GC_CONCURRENT freed 4K, 4% free 9599K/9927K, paused 1ms+1ms
D/dalvikvm(  624): GC_CONCURRENT freed 384K, 8% free 5689K/6151K, paused 0ms+3ms
D/PackageManager(  171): Launcher Waiting for scaning 2nd and 3rd done
D/PackageManager(  171): Waiting for scaning 2nd and 3rd done
D/dalvikvm(  624): GC_CONCURRENT freed 406K, 9% free 5709K/6215K, paused 1ms+1ms
I/Process (  171): Sending signal. PID: 576 SIG: 3
I/dalvikvm(  576): threadid=3: reacting to signal 3
I/gefo-browser(  576): ***gefo config cache capacities***total:83886080bite,max:41943040bite,min:5242880bite
I/gefo-browser(  576): ***gefo config page cache capacity***capacity:3
D/dalvikvm(  624): GC_CONCURRENT freed 548K, 10% free 5714K/6343K, paused 1ms+1ms
D/PackageManager(  171): Launcher Waiting for scaning 2nd and 3rd done
D/PackageManager(  171): Waiting for scaning 2nd and 3rd done
E/ActivityManager(  171): Start proc com.wandoujia.phoenix2 for broadcast com.wandoujia.phoenix2/com.wandoujia.phoenix4.receiver.ConnectivityChangedReceiver: pid=722 uid=10028 gids={3003, 1007, 1015, 1023, 1006}Load: 21.7 / 5.38 / 1.8
E/ActivityManager(  171): CPU usage from 0ms to 5604ms later:
E/ActivityManager(  171):   21% 572/bdpprog: 10% user + 10% kernel / faults: 4633 minor 136 major
E/ActivityManager(  171):   16% 171/system_server: 11% user + 5.7% kernel / faults: 1382 minor 9 major
E/ActivityManager(  171):   8.2% 624/com.dlna.renderer: 5.7% user + 2.5% kernel / faults: 2825 minor 9 major
E/ActivityManager(  171):   4.8% 33/mmcqd/0: 0% user + 4.8% kernel
E/ActivityManager(  171):   3.5% 576/tv.icntv.ott: 1.7% user + 1.7% kernel / faults: 1845 minor 31 major
E/ActivityManager(  171):   1.2% 17/kworker/0:1: 0% user + 1.2% kernel
E/ActivityManager(  171):   1% 170/kworker/u:2: 0% user + 1% kernel
E/ActivityManager(  171):   0.7% 480/bdp_wrapper: 0.1% user + 0.5% kernel
E/ActivityManager(  171):   0.5% 70/VSYNC: 0% user + 0.5% kernel
E/ActivityManager(  171):   0.3% 32/kworker/u:1: 0% user + 0.3% kernel
E/ActivityManager(  171):   0% 72/GfxThrea00: 0% user + 0% kernel
E/ActivityManager(  171):   0.1% 245/com.android.systemui: 0% user + 0% kernel / faults: 22 minor
E/ActivityManager(  171):   0.1% 371/android.process.media: 0.1% user + 0% kernel / faults: 51 minor
E/ActivityManager(  171):   0.1% 59/CECTask Thread: 0.1% user + 0% kernel
E/ActivityManager(  171):   0% 116/sh: 0% user + 0% kernel / faults: 28 minor 1 major
E/ActivityManager(  171):   0.1% 313/com.ysten.setupwizard: 0% user + 0.1% kernel / faults: 106 minor
E/ActivityManager(  171):   0.1% 503/AudFLSRC: 0% user + 0.1% kernel
E/ActivityManager(  171):  +0% 649/SPT0_TH: 0% user + 0% kernel
E/ActivityManager(  171):  +0% 650/SPT1_TH: 0% user + 0% kernel
E/ActivityManager(  171):  +0% 651/SPT2_TH: 0% user + 0% kernel
E/ActivityManager(  171):  +0% 652/SPT3_TH: 0% user + 0% kernel
E/ActivityManager(  171):  +0% 720/dexopt: 0% user + 0% kernel
E/ActivityManager(  171):  +0% 722/com.wandoujia.phoenix2: 0% user + 0% kernel
E/ActivityManager(  171): 87% TOTAL: 15% user + 18% kernel + 54% iowait
E/ActivityManager(  171): CPU usage from 4602ms to 5153ms later:
E/ActivityManager(  171):   37% 624/com.dlna.renderer: 28% user + 8.9% kernel / faults: 1587 minor 2 major
E/ActivityManager(  171):     25% 624/m.dlna.renderer: 20% user + 4.4% kernel
E/ActivityManager(  171):     8.9% 631/Compiler: 5.9% user + 2.9% kernel
E/ActivityManager(  171):     2.9% 627/GC: 2.9% user + 0% kernel
E/ActivityManager(  171):   10% 171/system_server: 5.3% user + 5.3% kernel / faults: 28 minor
E/ActivityManager(  171):     8.9% 187/ActivityManager: 3.5% user + 5.3% kernel
E/ActivityManager(  171):     1.7% 193/Thread-23: 0% user + 1.7% kernel
E/ActivityManager(  171):   7.2% 33/mmcqd/0: 0% user + 7.2% kernel
E/ActivityManager(  171):   5.5% 576/tv.icntv.ott: 3.7% user + 1.8% kernel / faults: 142 minor 1 major
E/ActivityManager(  171):     1.8% 576/tv.icntv.ott: 1.8% user + 0% kernel
E/ActivityManager(  171):    +0% 719/YstenLog: 0% user + 0% kernel
E/ActivityManager(  171):   0.9% 17/kworker/0:1: 0% user + 0.9% kernel
E/ActivityManager(  171):   1.7% 170/kworker/u:2: 0% user + 1.7% kernel
E/ActivityManager(  171):   1% 480/bdp_wrapper: 0% user + 1% kernel
E/ActivityManager(  171):     1% 480/bdp_wrapper: 0% user + 1% kernel
E/ActivityManager(  171):  +0% 720/dexopt: 0% user + 0% kernel
E/ActivityManager(  171): 99% TOTAL: 21% user + 20% kernel + 56% iowait
W/ActivityManager(  171): Launch timeout has expired, giving up wake lock!
W/ActivityManager(  171): Killing ProcessRecord{41279ed8 463:com.coship.FactoryTest/10024}: background ANR
I/Process (  171): Sending signal. PID: 576 SIG: 3
I/gefo-browser(  576): ***gefo config history capacity***capacity:5
I/ActivityManager(  171): Process com.coship.FactoryTest (pid 463) has died.
D/dalvikvm(  624): GC_CONCURRENT freed 431K, 10% free 5720K/6343K, paused 1ms+1ms
D/dalvikvm(  722): GC_CONCURRENT freed 148K, 5% free 5408K/5639K, paused 1ms+1ms
D/PackageManager(  171): Launcher Waiting for scaning 2nd and 3rd done
D/PackageManager(  171): Waiting for scaning 2nd and 3rd done
I/Process (  171): Sending signal. PID: 576 SIG: 3
I/dalvikvm(  576): Wrote stack traces to '/data/anr/traces.txt'
I/dalvikvm(  576): threadid=3: reacting to signal 3
D/dalvikvm(  624): GC_CONCURRENT freed 394K, 10% free 5720K/6343K, paused 1ms+1ms
I/gefo-browser(  576): ***gefo config max http connect***max:8
D/dalvikvm(  720): DexOpt: load 20ms, verify+opt 702ms
W/ActivityManager(  171): Activity idle timeout for ActivityRecord{411d6230 tv.icntv.ott/.icntv}
D/PackageManager(  171): Launcher Waiting for scaning 2nd and 3rd done
D/PackageManager(  171): Waiting for scaning 2nd and 3rd done
I/dalvikvm(  576): Wrote stack traces to '/data/anr/traces.txt'
I/ActivityThread(  722): Pub com.wandoujia.thumbnail;com.wandoujia.imagecache: com.wandoujia.phoenix2.providers.ThumbProvider
V/MediaRenderer(  624): uri = /description.xml
I/System.out(  624): GET /description.xml HTTP/1.1
I/System.out(  624): Accept: text/xml, application/xml
I/System.out(  624): User-Agent: Mozilla/4.0 (compatible; UPnP/1.0; Windows NT/5.1)
I/System.out(  624): Host: 192.168.2.2:39520
I/System.out(  624): Connection: Keep-Alive
I/System.out(  624): Cache-Control: no-cache
I/System.out(  624): Pragma: no-cache
I/System.out(  624): 
D/PackageManager(  171): Launcher Waiting for scaning 2nd and 3rd done
D/PackageManager(  171): Waiting for scaning 2nd and 3rd done
I/ActivityThread(  722): Pub com.wandoujia.phoenix4.download: com.wandoujia.phoenix4.download.lib.rpc.DownloadProvider
I/ActivityThread(  722): Pub com.wandoujia.app;com.wandoujia.image;com.wandoujia.photosync;com.wandoujia.share;com.wandoujia.sync;com.wandoujia.offlinetask: com.wandoujia.phoenix2.providers.PhoenixProvider
W/System.err(  576): java.net.ConnectException: failed to connect to /127.0.0.1 (port 8087) after 3000ms: isConnected failed: ECONNREFUSED (Connection refused)
W/System.err(  576):    at libcore.io.IoBridge.isConnected(IoBridge.java:214)
W/System.err(  576):    at libcore.io.IoBridge.connectErrno(IoBridge.java:152)
W/System.err(  576):    at libcore.io.IoBridge.connect(IoBridge.java:112)
W/System.err(  576):    at java.net.PlainSocketImpl.connect(PlainSocketImpl.java:192)
W/System.err(  576):    at java.net.PlainSocketImpl.connect(PlainSocketImpl.java:459)
W/System.err(  576):    at java.net.Socket.connect(Socket.java:842)
W/System.err(  576):    at libcore.net.http.HttpConnection.<init>(HttpConnection.java:77)
W/System.err(  576):    at libcore.net.http.HttpConnection.<init>(HttpConnection.java:50)
I/ActivityManager(  171): Displayed tv.icntv.ott/.icntv: +11s211ms
D/SetupWizard(  313): ***********SetupWizard stop at time : 2010-1-1 8:00:10
D/SetupWizard(  313): isFinish is true
D/SetupWizard(  313): nsThread state is TERMINATED
D/SetupWizard(  313):  onDestroy finish at 2010-1-1 8:00:10
I/ActivityManager(  171): Process com.ysten.setupwizard (pid 313) has died.
W/InputDispatcher(  171): channel '4111a180 com.ysten.setupwizard/com.ysten.setupwizard.SetupWizard (server)' ~ Consumer closed input channel or an error occurred.  events=0x8
E/InputDispatcher(  171): channel '4111a180 com.ysten.setupwizard/com.ysten.setupwizard.SetupWizard (server)' ~ Channel is unrecoverably broken and will be disposed!
D/PackageManager(  171): Launcher Waiting for scaning 2nd and 3rd done
D/PackageManager(  171): Waiting for scaning 2nd and 3rd done
W/System.err(  576):    at libcore.net.http.HttpConnection$Address.connect(HttpConnection.java:351)
W/System.err(  576):    at libcore.net.http.HttpConnectionPool.get(HttpConnectionPool.java:86)
W/System.err(  576):    at libcore.net.http.HttpConnection.connect(HttpConnection.java:128)
W/System.err(  576):    at libcore.net.http.HttpEngine.openSocketConnection(HttpEngine.java:308)
W/System.err(  576):    at libcore.net.http.HttpEngine.connect(HttpEngine.java:303)
W/System.err(  576):    at libcore.net.http.HttpEngine.sendSocketRequest(HttpEngine.java:282)
W/System.err(  576):    at libcore.net.http.HttpEngine.sendRequest(HttpEngine.java:232)
W/System.err(  576):    at libcore.net.http.HttpURLConnectionImpl.connect(HttpURLConnectionImpl.java:80)
W/System.err(  576):    at libcore.net.http.HttpURLConnectionImpl.getOutputStream(HttpURLConnectionImpl.java:188)
W/System.err(  576):    at tv.icntv.ott.YLog.sendLogUp(YLog.java:128)
W/System.err(  576):    at tv.icntv.ott.YLog.handleMessage(YLog.java:385)
W/System.err(  576):    at android.os.Handler.dispatchMessage(Handler.java:95)
W/System.err(  576):    at android.os.Looper.loop(Looper.java:137)
W/System.err(  576):    at android.os.HandlerThread.run(HandlerThread.java:60)
W/System.err(  576): Caused by: libcore.io.ErrnoException: isConnected failed: ECONNREFUSED (Connection refused)
W/InputDispatcher(  171): Attempted to unregister already unregistered input channel '4111a180 com.ysten.setupwizard/com.ysten.setupwizard.SetupWizard (server)'
I/WindowManager(  171): WIN DEATH: Window{4111a180 com.ysten.setupwizard/com.ysten.setupwizard.SetupWizard paused=false}
I/WindowManager(  171): WINDOW DIED Window{4111a180 com.ysten.setupwizard/com.ysten.setupwizard.SetupWizard paused=false}
W/System.err(  576):    at libcore.io.IoBridge.isConnected(IoBridge.java:201)
W/System.err(  576):    ... 21 more
I/gefo-browser(  576): ***gefo config curl timeout***timeout:60s
D/upgradeService(  421): Package Path is /data/data/com.coship.usbupgrade/cache
D/upgradeService(  421): The upgrade file path is /data/data/com.coship.usbupgrade/cache/upgradeflag.ini
D/upgradeService(  421): start to delete upgrade file!
D/dalvikvm(  722): Trying to load lib /data/data/com.wandoujia.phoenix2/lib/libudid.so 0x40f32bb0
I/gefo-browser(  576): ***[plugin info][homeDirectoryPath][/data/data/tv.icntv.ott/res]
I/gefo-browser(  576): ***[plugin info][dlopen befor][/data/data/tv.icntv.ott/res/lib/libyst-ime.so]
I/gefo-browser(  576): ***[plugin info][dlopen ok][/data/data/tv.icntv.ott/res/lib/libyst-ime.so]
I/gefo-plugin(  576): NP_Initialize:begin
I/gefo-plugin(  576): NP_Initialize:end
I/gefo-plugin(  576): NP_GetValue:1
I/gefo-plugin(  576): NP_GetValue:2
I/gefo-plugin(  576): NP_GetMIMEDescription:application/yst-ime::android-java
I/gefo-browser(  576): ***[plugin info][dlopen befor][/data/data/tv.icntv.ott/res/lib/libyst-service.so]
I/gefo-browser(  576): ***[plugin info][dlopen ok][/data/data/tv.icntv.ott/res/lib/libyst-service.so]
I/gefo-plugin(  576): NP_Initialize:begin
I/gefo-plugin(  576): NP_Initialize:end
I/gefo-plugin(  576): NP_GetValue:1
I/gefo-plugin(  576): NP_GetValue:2
I/gefo-plugin(  576): NP_GetMIMEDescription:application/yst-service::android-java
I/gefo-browser(  576): ***[plugin info][dlopen befor][/data/data/tv.icntv.ott/res/lib/libyst-widget.so]
D/dalvikvm(  722): Added shared lib /data/data/com.wandoujia.phoenix2/lib/libudid.so 0x40f32bb0
E/MTKCfgManager(  447): get mtkcfg service OK
D/BootCompleted  cuihuijuan--789(  447): test 
E/<MTKCfgManagerService>(  171): showSDWarningMsg  
E/<mtkcfg jni.cpp>(  171): ------------ShowSDWarning Msg-------------
E/<mtkcfg jni.cpp>(  171): IMtkCfg_Init
E/        (  171): sn 1
E/        (  171): sn 2
E/        (  171): sn 3
E/        (  171): sn 4
E/        (  171): sn 5
E/        (  171): sn 6
E/        (  171): Open Client:mtkcfg
E/        (  171): server address:/tmp/mtkcfg
E/        (  171): ipc_open_client create CT socket fd: 189
E/        (  171): create it socket()
E/        (  171): ipc_open_client create IT socket fd: 190
E/        (  171): ct connect()...
E/        (  171): ct connect(),file:0...
E/        (  171): RPC_MALLOC()...
E/        (  171): ----------ipc_open_client-------thread=0x2066080-----
E/        (  171): sn 7
E/        (  171): sn 8
E/<mtkcfg jni.cpp>(  171): IMtkCfg_Terminate
D/PackageManager(  171): Launcher Waiting for scaning 2nd and 3rd done
D/PackageManager(  171): Waiting for scaning 2nd and 3rd done
I/gefo-browser(  576): ***[plugin info][dlopen ok][/data/data/tv.icntv.ott/res/lib/libyst-widget.so]
I/gefo-plugin(  576): NP_Initialize:begin
I/gefo-plugin(  576): NP_Initialize:end
I/gefo-plugin(  576): NP_GetValue:1
I/gefo-plugin(  576): NP_GetValue:2
I/gefo-plugin(  576): NP_GetMIMEDescription:application/yst-widget::android-java
I/gefo-browser(  576): ***[plugin info][dlopen befor][/data/data/tv.icntv.ott/res/lib/libyst-widgetmanager.so]
I/gefo-browser(  576): ***[plugin info][dlopen ok][/data/data/tv.icntv.ott/res/lib/libyst-widgetmanager.so]
I/gefo-plugin(  576): NP_Initialize:begin
I/gefo-plugin(  576): NP_Initialize:end
I/gefo-plugin(  576): NP_GetValue:1
I/gefo-plugin(  576): NP_GetValue:2
I/gefo-plugin(  576): NP_GetMIMEDescription:application/yst-widgetmanager::android-java
I/gefo-browser(  576): ***[plugin info][dlopen befor][/data/data/tv.icntv.ott/res/lib/libyst-player.so]
I/dalvikvm(  722): Could not find method android.app.Notification$Builder.addAction, referenced from method com.wandoujia.phoenix2.photosync.b.handleMessage
W/dalvikvm(  722): VFY: unable to resolve virtual method 159: Landroid/app/Notification$Builder;.addAction (ILjava/lang/CharSequence;Landroid/app/PendingIntent;)Landroid/app/Notification$Builder;
D/dalvikvm(  722): VFY: replacing opcode 0x6e at 0x0092
I/gefo-browser(  576): ***[plugin info][dlopen ok][/data/data/tv.icntv.ott/res/lib/libyst-player.so]
I/gefo-plugin(  576): NP_Initialize:begin
I/gefo-plugin(  576): NP_Initialize:end
I/gefo-plugin(  576): NP_GetValue:1
I/gefo-plugin(  576): NP_GetValue:2
I/gefo-plugin(  576): NP_GetMIMEDescription:application/yst-player::android-java
I/gefo-browser(  576): ***[plugin info][dlopen befor][/data/data/tv.icntv.ott/res/lib/libyst-base.so]
I/gefo-browser(  576): ***[plugin info][dlopen ok][/data/data/tv.icntv.ott/res/lib/libyst-base.so]
I/gefo-plugin(  576): NP_Initialize:begin
I/gefo-plugin(  576): NP_Initialize:end
I/gefo-plugin(  576): NP_GetValue:1
I/gefo-plugin(  576): NP_GetValue:2
I/gefo-plugin(  576): NP_GetMIMEDescription:application/yst-base::android-java
D/dalvikvm(  722): GC_CONCURRENT freed 214K, 6% free 5641K/5959K, paused 1ms+1ms
D/dalvikvm(  722): DexOpt: unable to opt direct call 0x009a at 0xba in Lcom/wandoujia/phoenix2/photosync/b;.handleMessage
I/dalvikvm(  722): Could not find method android.app.Notification$Builder.addAction, referenced from method com.wandoujia.phoenix2.appwash.controller.AppWashController.a
W/dalvikvm(  722): VFY: unable to resolve virtual method 159: Landroid/app/Notification$Builder;.addAction (ILjava/lang/CharSequence;Landroid/app/PendingIntent;)Landroid/app/Notification$Builder;
D/dalvikvm(  722): VFY: replacing opcode 0x6e at 0x00f5
D/dalvikvm(  722): GC_CONCURRENT freed 177K, 5% free 5920K/6215K, paused 1ms+1ms
D/PackageManager(  171): Launcher Waiting for scaning 2nd and 3rd done
D/PackageManager(  171): Waiting for scaning 2nd and 3rd done
D/dalvikvm(  722): GC_CONCURRENT freed 242K, 6% free 6120K/6471K, paused 1ms+1ms
I/gefo-plugin(  576): [BASE_PLUGIN] CBasePlugin::CBasePlugin(): before call IDeviceLogin()
D/AlarmManagerService(  171): Kernel timezone updated to -480 minutes west of GMT
D/dalvikvm(  171): GC_EXPLICIT freed 746K, 14% free 8460K/9735K, paused 3ms+4ms
E/NotificationService(  171): Ignoring notification with icon==0: Notification(contentView=null vibrate=null,sound=null,defaults=0x0,flags=0x62)
D/PackageManager(  171): Launcher Waiting for scaning 2nd and 3rd done
D/PackageManager(  171): Waiting for scaning 2nd and 3rd done
D/PackageManager(  171): ==> send ACTION_PACKAGE_ADDED to launcher!!!
D/dalvikvm(  722): GC_CONCURRENT freed 294K, 7% free 6258K/6663K, paused 1ms+1ms
I/UsageStats(  171): Deleting usage file : usage-19700102
D/SystemClock(  171): Setting time of day to sec=1370749691
W/PackageParser(  171): No actions in intent filter at /system/app/dvbSettings.apk Binary XML file line #99
W/PackageParser(  171): No actions in intent filter at /system/app/dvbSettings.apk Binary XML file line #107
W/PackageParser(  171): No actions in intent filter at /system/app/dvbSettings.apk Binary XML file line #115
W/PackageParser(  171): No actions in intent filter at /system/app/dvbSettings.apk Binary XML file line #123
W/PackageParser(  171): No actions in intent filter at /system/app/dvbSettings.apk Binary XML file line #131
W/PackageParser(  171): No actions in intent filter at /system/app/dvbSettings.apk Binary XML file line #137
W/PackageParser(  171): No actions in intent filter at /system/app/dvbSettings.apk Binary XML file line #151
W/PackageParser(  171): No actions in intent filter at /system/app/dvbSettings.apk Binary XML file line #159
W/PackageParser(  171): No actions in intent filter at /system/app/dvbSettings.apk Binary XML file line #168
W/PackageParser(  171): No actions in intent filter at /system/app/dvbSettings.apk Binary XML file line #176
W/PackageParser(  171): No actions in intent filter at /system/app/dvbSettings.apk Binary XML file line #183
W/PackageParser(  171): No actions in intent filter at /system/app/dvbSettings.apk Binary XML file line #190
W/PackageParser(  171): No actions in intent filter at /system/app/dvbSettings.apk Binary XML file line #197
W/PackageParser(  171): No actions in intent filter at /system/app/dvbSettings.apk Binary XML file line #205
W/PackageParser(  171): No actions in intent filter at /system/app/dvbSettings.apk Binary XML file line #212
W/PackageParser(  171): No actions in intent filter at /system/app/dvbSettings.apk Binary XML file line #219
W/PackageParser(  171): No actions in intent filter at /system/app/dvbSettings.apk Binary XML file line #226
W/PackageManager(  171): Unable to update from com.android.settings to com.coship.dvbsetting: old package still exists
I/PackageManager(  171): Running dexopt on: com.coship.dvbsetting
D/PackageManager(  171): Launcher Waiting for scaning 2nd and 3rd done
D/PackageManager(  171): Waiting for scaning 2nd and 3rd done
D/dalvikvm(  171): GC_FOR_ALLOC freed 405K, 12% free 8574K/9735K, paused 29ms
I/gefo-plugin(  576): [BASE_PLUGIN] CBasePlugin::CBasePlugin(): end call IDeviceLogin(), ret = 111 +++ 3 
I/gefo-plugin(  576): NPP_New:0x2203898
D/dalvikvm(  624): GC_CONCURRENT freed 381K, 10% free 5729K/6343K, paused 1ms+1ms
D/dalvikvm(  722): Trying to load lib /data/data/com.wandoujia.phoenix2/lib/libcipher.so 0x40f32bb0
D/PackageManager(  171): Launcher Waiting for scaning 2nd and 3rd done
D/PackageManager(  171): Waiting for scaning 2nd and 3rd done
D/dalvikvm(  722): Added shared lib /data/data/com.wandoujia.phoenix2/lib/libcipher.so 0x40f32bb0
D/dalvikvm(  722): No JNI_OnLoad found in /data/data/com.wandoujia.phoenix2/lib/libcipher.so 0x40f32bb0, skipping init
D/dalvikvm(  773): DexOpt: 'Ljunit/framework/Assert;' has an earlier definition; blocking out
D/dalvikvm(  773): DexOpt: 'Ljunit/framework/Test;' has an earlier definition; blocking out
D/dalvikvm(  773): DexOpt: 'Ljunit/framework/TestCase;' has an earlier definition; blocking out
D/dalvikvm(  773): DexOpt: 'Ljunit/framework/TestResult;' has an earlier definition; blocking out
D/dalvikvm(  773): DexOpt: 'Ljunit/framework/TestSuite;' has an earlier definition; blocking out
D/dalvikvm(  773): DexOpt: 'Ljunit/framework/TestListener;' has an earlier definition; blocking out
D/dalvikvm(  773): DexOpt: 'Ljunit/extensions/ActiveTestSuite$1;' has an earlier definition; blocking out
D/dalvikvm(  773): DexOpt: 'Ljunit/extensions/ActiveTestSuite;' has an earlier definition; blocking out
D/dalvikvm(  773): DexOpt: 'Ljunit/extensions/ExceptionTestCase;' has an earlier definition; blocking out
D/dalvikvm(  773): DexOpt: 'Ljunit/extensions/TestDecorator;' has an earlier definition; blocking out
D/dalvikvm(  773): DexOpt: 'Ljunit/extensions/RepeatedTest;' has an earlier definition; blocking out
D/dalvikvm(  773): DexOpt: 'Ljunit/framework/Protectable;' has an earlier definition; blocking out
D/dalvikvm(  773): DexOpt: 'Ljunit/extensions/TestSetup$1;' has an earlier definition; blocking out
D/dalvikvm(  773): DexOpt: 'Ljunit/extensions/TestSetup;' has an earlier definition; blocking out
D/dalvikvm(  773): DexOpt: 'Ljunit/framework/AssertionFailedError;' has an earlier definition; blocking out
D/dalvikvm(  773): DexOpt: 'Ljunit/framework/ComparisonFailure;' has an earlier definition; blocking out
D/dalvikvm(  773): DexOpt: 'Ljunit/framework/TestFailure;' has an earlier definition; blocking out
D/dalvikvm(  773): DexOpt: 'Ljunit/framework/TestResult$1;' has an earlier definition; blocking out
D/dalvikvm(  773): DexOpt: 'Ljunit/framework/TestSuite$1;' has an earlier definition; blocking out
D/dalvikvm(  773): DexOpt: 'Lorg/json/JSONTokener;' has an earlier definition; blocking out
D/dalvikvm(  773): DexOpt: 'Lorg/json/JSONArray;' has an earlier definition; blocking out
D/dalvikvm(  773): DexOpt: 'Lorg/json/JSONException;' has an earlier definition; blocking out
D/dalvikvm(  773): DexOpt: 'Lorg/json/JSONObject$1;' has an earlier definition; blocking out
D/dalvikvm(  773): DexOpt: 'Lorg/json/JSONObject;' has an earlier definition; blocking out
D/dalvikvm(  773): DexOpt: 'Lorg/json/JSONStringer;' has an earlier definition; blocking out
D/dalvikvm(  171): GC_FOR_ALLOC freed 112K, 12% free 8604K/9735K, paused 136ms
D/dalvikvm(  171): GC_FOR_ALLOC freed 61K, 12% free 8628K/9735K, paused 62ms
D/dalvikvm(  171): GC_FOR_ALLOC freed 59K, 12% free 8654K/9735K, paused 39ms
I/dalvikvm-heap(  171): Grow heap (frag case) to 8.565MB for 43768-byte allocation
D/dalvikvm(  171): GC_FOR_ALLOC freed 28K, 12% free 8668K/9799K, paused 52ms
I/dalvikvm-heap(  171): Grow heap (frag case) to 8.579MB for 43768-byte allocation
D/dalvikvm(  171): GC_FOR_ALLOC freed 28K, 12% free 8683K/9863K, paused 83ms
D/PackageManager(  171): Launcher Waiting for scaning 2nd and 3rd done
D/PackageManager(  171): Waiting for scaning 2nd and 3rd done
D/dalvikvm(  171): GC_FOR_ALLOC freed 36K, 12% free 8699K/9863K, paused 76ms
I/dalvikvm-heap(  171): Grow heap (frag case) to 8.629MB for 65640-byte allocation
I/dalvikvm(  773): DexOpt: not resolving ambiguous class 'Lorg/json/JSONObject;'
I/dalvikvm(  773): DexOpt: not resolving ambiguous class 'Lorg/json/JSONObject;'
D/PackageManager(  171): Launcher Waiting for scaning 2nd and 3rd done
D/PackageManager(  171): Waiting for scaning 2nd and 3rd done
D/dalvikvm(  171): GC_FOR_ALLOC freed <1K, 13% free 8762K/9991K, paused 57ms
I/dalvikvm(  773): DexOpt: not resolving ambiguous class 'Lorg/json/JSONObject;'
I/dalvikvm(  773): DexOpt: not resolving ambiguous class 'Lorg/json/JSONObject;'
I/dalvikvm(  773): DexOpt: not resolving ambiguous class 'Lorg/json/JSONObject;'
I/dalvikvm(  773): DexOpt: not resolving ambiguous class 'Lorg/json/JSONObject;'
I/dalvikvm(  773): DexOpt: not resolving ambiguous class 'Lorg/json/JSONObject;'
I/dalvikvm(  773): DexOpt: not resolving ambiguous class 'Lorg/json/JSONObject;'
I/dalvikvm(  773): DexOpt: not resolving ambiguous class 'Lorg/json/JSONObject;'
I/dalvikvm(  773): DexOpt: not resolving ambiguous class 'Lorg/json/JSONObject;'
I/dalvikvm(  773): DexOpt: not resolving ambiguous class 'Lorg/json/JSONObject;'
I/dalvikvm(  773): DexOpt: not resolving ambiguous class 'Lorg/json/JSONObject;'
I/dalvikvm(  773): DexOpt: not resolving ambiguous class 'Lorg/json/JSONObject;'
D/dalvikvm(  773): DexOpt: not verifying/optimizing 'Ljunit/framework/Assert;': multiple definitions
D/dalvikvm(  773): DexOpt: not verifying/optimizing 'Ljunit/framework/Test;': multiple definitions
D/dalvikvm(  773): DexOpt: not verifying/optimizing 'Ljunit/framework/TestCase;': multiple definitions
I/dalvikvm(  773): DexOpt: not resolving ambiguous class 'Ljunit/framework/TestCase;'
D/dalvikvm(  773): DexOpt: not verifying/optimizing 'Ljunit/framework/TestResult;': multiple definitions
I/dalvikvm(  773): DexOpt: not resolving ambiguous class 'Ljunit/framework/TestResult;'
D/dalvikvm(  773): DexOpt: not verifying/optimizing 'Ljunit/framework/TestSuite;': multiple definitions
I/dalvikvm(  773): DexOpt: not resolving ambiguous class 'Ljunit/framework/TestSuite;'
I/dalvikvm(  773): DexOpt: not resolving ambiguous class 'Ljunit/framework/TestResult;'
I/dalvikvm(  773): DexOpt: not resolving ambiguous class 'Ljunit/framework/Test;'
I/dalvikvm(  773): DexOpt: not resolving ambiguous class 'Ljunit/framework/TestFailure;'
I/dalvikvm(  773): DexOpt: not resolving ambiguous class 'Lorg/json/JSONObject;'
I/dalvikvm(  773): DexOpt: not resolving ambiguous class 'Lorg/json/JSONArray;'
D/dalvikvm(  171): GC_FOR_ALLOC freed 85K, 13% free 8741K/9991K, paused 156ms
I/dalvikvm(  773): DexOpt: not resolving ambiguous class 'Ljunit/framework/TestResult;'
D/dalvikvm(  773): DexOpt: not verifying/optimizing 'Ljunit/framework/TestListener;': multiple definitions
I/dalvikvm(  773): DexOpt: not resolving ambiguous class 'Ljunit/framework/TestSuite;'
D/dalvikvm(  773): DexOpt: not verifying/optimizing 'Ljunit/extensions/ActiveTestSuite$1;': multiple definitions
D/dalvikvm(  773): DexOpt: not verifying/optimizing 'Ljunit/extensions/ActiveTestSuite;': multiple definitions
D/dalvikvm(  773): DexOpt: not verifying/optimizing 'Ljunit/extensions/ExceptionTestCase;': multiple definitions
D/dalvikvm(  773): DexOpt: not verifying/optimizing 'Ljunit/extensions/TestDecorator;': multiple definitions
D/dalvikvm(  773): DexOpt: not verifying/optimizing 'Ljunit/extensions/RepeatedTest;': multiple definitions
D/dalvikvm(  773): DexOpt: not verifying/optimizing 'Ljunit/framework/Protectable;': multiple definitions
D/dalvikvm(  773): DexOpt: not verifying/optimizing 'Ljunit/extensions/TestSetup$1;': multiple definitions
D/dalvikvm(  773): DexOpt: not verifying/optimizing 'Ljunit/extensions/TestSetup;': multiple definitions
D/dalvikvm(  773): DexOpt: not verifying/optimizing 'Ljunit/framework/AssertionFailedError;': multiple definitions
D/dalvikvm(  773): DexOpt: not verifying/optimizing 'Ljunit/framework/ComparisonFailure;': multiple definitions
D/dalvikvm(  773): DexOpt: not verifying/optimizing 'Ljunit/framework/TestFailure;': multiple definitions
D/dalvikvm(  773): DexOpt: not verifying/optimizing 'Ljunit/framework/TestResult$1;': multiple definitions
D/dalvikvm(  773): DexOpt: not verifying/optimizing 'Ljunit/framework/TestSuite$1;': multiple definitions
I/dalvikvm(  773): DexOpt: not resolving ambiguous class 'Ljunit/framework/TestSuite;'
I/dalvikvm(  773): DexOpt: not resolving ambiguous class 'Ljunit/framework/Test;'
I/dalvikvm(  773): DexOpt: not resolving ambiguous class 'Ljunit/framework/Test;'
I/dalvikvm(  773): DexOpt: not resolving ambiguous class 'Ljunit/framework/TestResult;'
I/dalvikvm(  773): DexOpt: not resolving ambiguous class 'Ljunit/framework/TestResult;'
I/dalvikvm(  773): DexOpt: not resolving ambiguous class 'Ljunit/framework/TestFailure;'
I/dalvikvm(  773): DexOpt: not resolving ambiguous class 'Ljunit/framework/TestResult;'
D/dalvikvm(  171): GC_FOR_ALLOC freed 85K, 13% free 8784K/9991K, paused 111ms
D/dalvikvm(  171): GC_FOR_ALLOC freed 42K, 12% free 8805K/9991K, paused 64ms
D/dalvikvm(  171): GC_FOR_ALLOC freed 42K, 12% free 8826K/9991K, paused 64ms
D/PackageManager(  171): Launcher Waiting for scaning 2nd and 3rd done
D/PackageManager(  171): Waiting for scaning 2nd and 3rd done
I/dalvikvm(  773): DexOpt: not resolving ambiguous class 'Lorg/json/JSONTokener;'
I/dalvikvm(  773): DexOpt: not resolving ambiguous class 'Lorg/json/JSONObject;'
I/dalvikvm(  773): DexOpt: not resolving ambiguous class 'Lorg/json/JSONObject;'
I/dalvikvm(  773): DexOpt: not resolving ambiguous class 'Lorg/json/JSONObject;'
D/dalvikvm(  773): DexOpt: not verifying/optimizing 'Lorg/json/JSONTokener;': multiple definitions
I/dalvikvm(  773): DexOpt: not resolving ambiguous class 'Lorg/json/JSONTokener;'
D/dalvikvm(  773): DexOpt: not verifying/optimizing 'Lorg/json/JSONArray;': multiple definitions
D/dalvikvm(  773): DexOpt: not verifying/optimizing 'Lorg/json/JSONException;': multiple definitions
I/dalvikvm(  773): DexOpt: not resolving ambiguous class 'Lorg/json/JSONException;'
D/dalvikvm(  773): DexOpt: not verifying/optimizing 'Lorg/json/JSONObject$1;': multiple definitions
D/dalvikvm(  773): DexOpt: not verifying/optimizing 'Lorg/json/JSONObject;': multiple definitions
I/dalvikvm(  773): DexOpt: not resolving ambiguous class 'Lorg/json/JSONException;'
D/dalvikvm(  773): DexOpt: not verifying/optimizing 'Lorg/json/JSONStringer;': multiple definitions
I/dalvikvm(  773): DexOpt: not resolving ambiguous class 'Lorg/json/JSONObject;'
I/dalvikvm(  773): DexOpt: not resolving ambiguous class 'Lorg/json/JSONObject;'
I/dalvikvm(  773): DexOpt: not resolving ambiguous class 'Lorg/json/JSONObject;'
I/dalvikvm(  773): DexOpt: not resolving ambiguous class 'Lorg/json/JSONException;'
I/dalvikvm(  773): DexOpt: not resolving ambiguous class 'Lorg/json/JSONTokener;'
D/dalvikvm(  773): DexOpt: load 209ms, verify+opt 1636ms
D/PackageManager(  171): Launcher Waiting for scaning 2nd and 3rd done
D/PackageManager(  171): Waiting for scaning 2nd and 3rd done
D/dalvikvm(  722): GC_CONCURRENT freed 201K, 5% free 6498K/6791K, paused 1ms+1ms
D/dalvikvm(  171): GC_FOR_ALLOC freed 43K, 12% free 8848K/9991K, paused 33ms
I/dalvikvm-heap(  171): Grow heap (frag case) to 8.806MB for 98448-byte allocation
D/dalvikvm(  171): GC_FOR_ALLOC freed 0K, 12% free 8944K/10119K, paused 32ms
D/dalvikvm(  171): GC_FOR_ALLOC freed 64K, 13% free 8880K/10119K, paused 29ms
D/dalvikvm(  624): GC_CONCURRENT freed 361K, 9% free 5773K/6343K, paused 1ms+1ms
D/dalvikvm(  171): GC_FOR_ALLOC freed 64K, 12% free 8912K/10119K, paused 29ms
I/dalvikvm-heap(  171): Grow heap (frag case) to 8.870MB for 98448-byte allocation
D/dalvikvm(  171): GC_FOR_ALLOC freed 0K, 13% free 9009K/10247K, paused 27ms
D/dalvikvm(  171): GC_FOR_ALLOC freed 64K, 13% free 8945K/10247K, paused 26ms
I/dalvikvm-heap(  171): Grow heap (frag case) to 8.901MB for 98448-byte allocation
D/dalvikvm(  171): GC_FOR_ALLOC freed 0K, 13% free 9041K/10375K, paused 27ms
D/dalvikvm(  171): GC_FOR_ALLOC freed 128K, 14% free 9015K/10375K, paused 27ms
D/PackageManager(  171): Launcher Waiting for scaning 2nd and 3rd done
D/PackageManager(  171): Waiting for scaning 2nd and 3rd done
D/dalvikvm(  722): GC_CONCURRENT freed 293K, 7% free 6622K/7047K, paused 1ms+2ms
D/PackageManager(  171): ==> send ACTION_PACKAGE_ADDED to launcher!!!
W/PackageManager(  171): Unknown permission com.google.android.googleapps.permission.GOOGLE_AUTH in package com.coship.dvbsetting
D/PackageManager(  171): Launcher Waiting for scaning 2nd and 3rd done
D/PackageManager(  171): Waiting for scaning 2nd and 3rd done
D/PackageManager(  171): ==> sendBroadcast <ACTION_PACKAGE_ADDED> only use last pkg info to notify system
I/ActivityManager(  171): Start proc com.android.phone for added application com.android.phone: pid=800 uid=1001 gids={3002, 3001, 3003}
D/PackageManager(  171): finish 3rd app scanning /system/app
W/PackageManager(  171): Unknown permission android.permission.READ_EXTERNAL_STORAGE in package com.android.videoeditor
W/PackageManager(  171): Unknown permission com.google.android.googleapps.permission.GOOGLE_AUTH in package com.android.settings
W/PackageManager(  171): Not granting permission android.permission.INSTALL_PACKAGES to package com.fiship.cibn (protectionLevel=3 flags=0x18be44)
W/PackageManager(  171): Unknown permission android.permission.ADD_SYSTEM_SERVICE in package com.android.phone
W/PackageManager(  171): Unknown permission com.google.android.googleapps.permission.GOOGLE_AUTH in package com.coship.dvbsetting
D/PackageManager(  171): generateServicesMap(android.accounts.AccountAuthenticator): 1 services unchanged
W/PackageManager(  171): Unknown permission com.android.launcher.permission.INSTALL_SHORTCUT in package com.wandoujia.phoenix2
W/PackageManager(  171): Unknown permission com.android.launcher.permission.CREATE_SHORTCUT in package com.wandoujia.phoenix2
W/PackageManager(  171): Unknown permission com.android.launcher.permission.UNINSTALL_SHORTCUT in package com.wandoujia.phoenix2
W/PackageManager(  171): Unknown permission org.adw.launcher.permission.READ_SETTINGS in package com.wandoujia.phoenix2
W/PackageManager(  171): Unknown permission org.adw.launcher.permission.WRITE_SETTINGS in package com.wandoujia.phoenix2
W/PackageManager(  171): Unknown permission com.qihoo360.launcher.permission.READ_SETTINGS in package com.wandoujia.phoenix2
W/PackageManager(  171): Unknown permission com.qihoo360.launcher.permission.WRITE_SETTINGS in package com.wandoujia.phoenix2
W/PackageManager(  171): Unknown permission com.lge.launcher.permission.READ_SETTINGS in package com.wandoujia.phoenix2
W/PackageManager(  171): Unknown permission com.lge.launcher.permission.WRITE_SETTINGS in package com.wandoujia.phoenix2
W/PackageManager(  171): Unknown permission net.qihoo.launcher.permission.READ_SETTINGS in package com.wandoujia.phoenix2
W/PackageManager(  171): Unknown permission net.qihoo.launcher.permission.WRITE_SETTINGS in package com.wandoujia.phoenix2
W/PackageManager(  171): Unknown permission org.adwfreak.launcher.permission.READ_SETTINGS in package com.wandoujia.phoenix2
W/PackageManager(  171): Unknown permission org.adwfreak.launcher.permission.WRITE_SETTINGS in package com.wandoujia.phoenix2
W/PackageManager(  171): Unknown permission com.huawei.launcher3.permission.READ_SETTINGS in package com.wandoujia.phoenix2
W/PackageManager(  171): Unknown permission com.huawei.launcher3.permission.WRITE_SETTINGS in package com.wandoujia.phoenix2
W/PackageManager(  171): Unknown permission com.fede.launcher.permission.READ_SETTINGS in package com.wandoujia.phoenix2
W/PackageManager(  171): Unknown permission com.fede.launcher.permission.WRITE_SETTINGS in package com.wandoujia.phoenix2
W/PackageManager(  171): Unknown permission com.sec.android.app.twlauncher.settings.READ_SETTINGS in package com.wandoujia.phoenix2
W/PackageManager(  171): Unknown permission com.sec.android.app.twlauncher.settings.WRITE_SETTINGS in package com.wandoujia.phoenix2
W/PackageManager(  171): Not granting permission android.permission.ACCESS_DRM to package com.wandoujia.phoenix2 (protectionLevel=2 flags=0x8be44)
W/PackageManager(  171): Unknown permission com.google.android.googleapps.permission.ACCESS_GOOGLE_PASSWORD in package com.android.development
W/PackageManager(  171): Unknown permission com.google.android.googleapps.permission.GOOGLE_AUTH in package com.android.development
W/PackageManager(  171): Unknown permission com.google.android.googleapps.permission.GOOGLE_AUTH.ALL_SERVICES in package com.android.development
W/PackageManager(  171): Unknown permission com.google.android.googleapps.permission.GOOGLE_AUTH.YouTubeUser in package com.android.development
W/PackageManager(  171): Unknown permission com.android.launcher.permission.INSTALL_SHORTCUT in package com.estrongs.android.pop
W/PackageManager(  171): Unknown permission com.android.launcher.permission.UNINSTALL_SHORTCUT in package com.estrongs.android.pop
W/PackageManager(  171): Unknown permission com.estrongs.android.pop.PERMISSION in package com.estrongs.android.pop
W/PackageManager(  171): Unknown permission android.permission.WRITE_OWNER_DATA in package com.coship.Multimedia
W/PackageManager(  171): Unknown permission android.permission.READ_OWNER_DATA in package com.coship.Multimedia
W/PackageManager(  171): Unknown permission android.permission.RAISED_THREAD_PRIORITY in package tv.icntv.ott
D/PackageManager(  171): generateServicesMap(android.content.SyncAdapter): 0 services unchanged
D/PackageManager(  171): finish 3rd app permission
D/BackupManagerService(  171): Received broadcast Intent { act=android.intent.action.PACKAGE_ADDED dat=package:com.coship.dvbsetting flg=0x40000000 (has extras) }
V/BackupManagerService(  171): addPackageParticipantsLocked: #1
W/RecognitionManagerService(  171): no available voice recognition services found
W/ActivityManager(  171): Unable to find app for caller android.app.ApplicationThreadProxy@41132288 (pid=-1) when starting: Intent { act=android.intent.action.MAIN cat=[android.intent.category.LAUNCHER] flg=0x10000000 cmp=com.coship.FactoryTest/.MainActivity }
D/PackageManager(  171): Scaning 2nd and 3rd done!!! Wiping data is started...
W/Searchables(  171): No global search activity found
I/ActivityThread(  800): Pub icc: com.android.phone.IccProvider
D/dalvikvm(  171): GC_CONCURRENT freed 773K, 12% free 9162K/10375K, paused 2ms+3ms
