V/BackupManagerService(  169): addPackageParticipantsLocked: #1
W/RecognitionManagerService(  169): no available voice recognition services found
I/ActivityManager(  169): Start proc com.android.smspush for service com.android.smspush/.WapPushManager: pid=739 uid=10028 gids={}
E/ActivityThread(  698): Failed to find provider info for call_log
W/ActivityManager(  169): Unable to start service Intent { act=com.android.ussd.IExtendedNetworkService }: not found
D/StatusBar.NetworkController(  246): ------------------EthernetManager is on ----------
D/StatusBar.NetworkController(  246): ------------------getLinkStatus ----------
D/StatusBar.NetworkController(  246): ------------------mEthernetConnected is  ----------true
D/StatusBar.NetworkController(  246): ------------------EthernetManager is on :status_bar_settings_ethernet_connected 4444444444----------
D/StatusBar.NetworkController(  246): ------------------EthernetManager is on 14-14-14-14-14----------
D/StatusBar.NetworkController(  246): ------------------EthernetManager is on 15-15-15-15-15----------
D/StatusBar.NetworkController(  246): ------------------EthernetManager is on :status_bar_settings_ethernet_connected 333333333----------
D/StatusBar.NetworkController(  246): ------------------EthernetManager is on ----------
D/StatusBar.NetworkController(  246): ------------------getLinkStatus ----------
D/StatusBar.NetworkController(  246): ------------------mEthernetConnected is  ----------true
D/StatusBar.NetworkController(  246): ------------------EthernetManager is on :status_bar_settings_ethernet_connected 4444444444----------
D/StatusBar.NetworkController(  246): ------------------EthernetManager is on 14-14-14-14-14----------
D/StatusBar.NetworkController(  246): ------------------EthernetManager is on 15-15-15-15-15----------
D/StatusBar.NetworkController(  246): ------------------EthernetManager is on :status_bar_settings_ethernet_connected 333333333----------
D/StatusBar.NetworkController(  246): ------------------EthernetManager is on ----------
D/StatusBar.NetworkController(  246): ------------------getLinkStatus ----------
D/StatusBar.NetworkController(  246): ------------------mEthernetConnected is  ----------true
D/StatusBar.NetworkController(  246): ------------------EthernetManager is on :status_bar_settings_ethernet_connected 4444444444----------
D/StatusBar.NetworkController(  246): ------------------EthernetManager is on 14-14-14-14-14----------
D/StatusBar.NetworkController(  246): ------------------EthernetManager is on 15-15-15-15-15----------
D/StatusBar.NetworkController(  246): ------------------EthernetManager is on :status_bar_settings_ethernet_connected 333333333----------
I/ActivityManager(  169): Process com.ysten.setupwizard (pid 314) has died.
I/WindowManager(  169): WIN DEATH: Window{4112bc10 com.ysten.setupwizard/com.ysten.setupwizard.SetupWizard paused=false}
W/ActivityManager(  169): Timeout of broadcast BroadcastRecord{41223808 com.android.server.action.NETWORK_STATS_POLL} - receiver=android.app.LoadedApk$ReceiverDispatcher$InnerReceiver@411105e0, started 10001ms ago
W/ActivityManager(  169): Receiver during timeout: BroadcastFilter{41113af8 ReceiverList{41116438 169 system/1000 local:411105e0}}
I/ActivityManager(  169): Start proc com.android.inputmethod.pinyin for service com.android.inputmethod.pinyin/.PinyinIME: pid=769 uid=10021 gids={3003}
I/ActivityManager(  169): Process com.android.checkHDMI (pid 439) has died.
W/ActivityManager(  169): Activity destroy timeout for ActivityRecord{41116790 com.ysten.setupwizard/.SetupWizard}
I/ActivityManager(  169): START {act=android.intent.action.MAIN cat=[android.intent.category.LAUNCHER] flg=0x10000000 pkg=damai.apk} from pid 823
W/ActivityManager(  169): finishReceiver called but no pending broadcasts
I/ActivityManager(  169): START {act=android.intent.action.MAIN cat=[android.intent.category.HOME] flg=0x10200000 cmp=tv.icntv.ott/.icntv} from pid 169
I/ActivityManager(  169): START {act=android.intent.action.MAIN cat=[android.intent.category.HOME] flg=0x10200000 cmp=tv.icntv.ott/.icntv} from pid 169
I/ActivityManager(  169): START {act=android.intent.action.MAIN cat=[android.intent.category.HOME] flg=0x10200000 cmp=tv.icntv.ott/.icntv} from pid 169
I/ActivityManager(  169): START {act=android.intent.action.MAIN cat=[android.intent.category.HOME] flg=0x10200000 cmp=tv.icntv.ott/.icntv} from pid 169
I/ActivityManager(  169): START {act=android.intent.action.MAIN cat=[android.intent.category.HOME] flg=0x10200000 cmp=tv.icntv.ott/.icntv} from pid 169
I/ActivityManager(  169): START {act=android.intent.action.MAIN cat=[android.intent.category.HOME] flg=0x10200000 cmp=tv.icntv.ott/.icntv} from pid 169
I/ActivityManager(  169): START {act=com.ysten.setupwizard.SetupWizard flg=0x10000000 cmp=com.ysten.setupwizard/.SetupWizard (has extras)} from pid 685
W/ActivityManager(  169): Activity is launching as a new task, so cancelling activity result.
I/ActivityManager(  169): Process tv.icntv.ott (pid 685) has died.
I/WindowManager(  169): WIN DEATH: Window{41159900 tv.icntv.ott/tv.icntv.ott.icntv paused=true}
W/WindowManager(  169): Force-removing child win Window{4125d5d8 SurfaceView paused=false} from container Window{41159900 tv.icntv.ott/tv.icntv.ott.icntv paused=true}
W/ActivityManager(  169): Force removing ActivityRecord{411fe138 tv.icntv.ott/.icntv}: app died, no saved state
W/WindowManager(  169): Force-removing child win Window{4119b668 SurfaceView paused=false} from container Window{41159900 tv.icntv.ott/tv.icntv.ott.icntv paused=true}
W/WindowManager(  169): Failed looking up window
W/WindowManager(  169): java.lang.IllegalArgumentException: Requested window android.os.BinderProxy@411a0430 does not exist
W/WindowManager(  169):         at com.android.server.wm.WindowManagerService.windowForClientLocked(WindowManagerService.java:7184)
W/WindowManager(  169):         at com.android.server.wm.WindowManagerService.windowForClientLocked(WindowManagerService.java:7175)
W/WindowManager(  169):         at com.android.server.wm.WindowState$DeathRecipient.binderDied(WindowState.java:1552)
W/WindowManager(  169):         at android.os.BinderProxy.sendDeathNotice(Binder.java:417)
W/WindowManager(  169):         at dalvik.system.NativeStart.run(Native Method)
I/WindowManager(  169): WIN DEATH: null
W/WindowManager(  169): Failed looking up window
W/WindowManager(  169): java.lang.IllegalArgumentException: Requested window android.os.BinderProxy@4122adb0 does not exist
W/WindowManager(  169):         at com.android.server.wm.WindowManagerService.windowForClientLocked(WindowManagerService.java:7184)
W/WindowManager(  169):         at com.android.server.wm.WindowManagerService.windowForClientLocked(WindowManagerService.java:7175)
W/WindowManager(  169):         at com.android.server.wm.WindowState$DeathRecipient.binderDied(WindowState.java:1552)
W/WindowManager(  169):         at android.os.BinderProxy.sendDeathNotice(Binder.java:417)
W/WindowManager(  169):         at dalvik.system.NativeStart.run(Native Method)
I/WindowManager(  169): WIN DEATH: null
I/WindowManager(  169): WIN DEATH: Window{41330e88 tv.icntv.ott/tv.icntv.ott.icntv paused=true}
I/WindowManager(  169): WINDOW DIED Window{41330e88 tv.icntv.ott/tv.icntv.ott.icntv paused=true}
I/ActivityManager(  169): Start proc com.ysten.setupwizard for activity com.ysten.setupwizard/.SetupWizard: pid=881 uid=1000 gids={3002, 3001, 3003, 1007, 1015, 1023, 2001}
W/ActivityThread(  881): ClassLoader.loadClass: The class loader returned by Thread.getContextClassLoader() may fail for processes that host multiple applications. You should explicitly specify a context class loader. For example: Thread.setContextClassLoader(getClass().getClassLoader());
V/TabletStatusBar(  246): setLightsOn(true)
W/InputManagerService(  169): Got RemoteException sending setActive(false) notification to pid 685 uid 10008
I/ActivityManager(  169): START {act=android.intent.action.MAIN cat=[android.intent.category.HOME] flg=0x10000000 cmp=tv.icntv.ott/.icntv (has extras)} from pid 881
W/ActivityManager(  169): Activity is launching as a new task, so cancelling activity result.
W/ActivityManager(  169): Activity pause timeout for ActivityRecord{4121b8a0 com.ysten.setupwizard/.SetupWizard}
I/ActivityManager(  169): Start proc tv.icntv.ott for activity tv.icntv.ott/.icntv: pid=906 uid=10008 gids={3003, 1015, 1023}
I/ActivityManager(  169): Process com.ysten.setupwizard (pid 881) has died.
I/WindowManager(  169): WIN DEATH: Window{4125e588 com.ysten.setupwizard/com.ysten.setupwizard.SetupWizard paused=false}
W/ActivityManager(  169): Activity destroy timeout for ActivityRecord{4121b8a0 com.ysten.setupwizard/.SetupWizard}
W/BackupManagerService(  169): dataChanged but no participant pkg='com.android.providers.settings' uid=10008
I/WindowManager(  169): WIN DEATH: Window{411cf8e8 tv.icntv.ott/tv.icntv.ott.icntv paused=false}
W/WindowManager(  169): Force-removing child win Window{41c725b8 SurfaceView paused=false} from container Window{411cf8e8 tv.icntv.ott/tv.icntv.ott.icntv paused=false}
I/ActivityManager(  169): Process tv.icntv.ott (pid 906) has died.
W/ActivityManager(  169): Force removing ActivityRecord{4128c210 tv.icntv.ott/.icntv}: app died, no saved state
W/WindowManager(  169): Force-removing child win Window{41c71a40 SurfaceView paused=false} from container Window{411cf8e8 tv.icntv.ott/tv.icntv.ott.icntv paused=false}
W/WindowManager(  169): Failed looking up window
W/WindowManager(  169): java.lang.IllegalArgumentException: Requested window android.os.BinderProxy@41c71878 does not exist
W/WindowManager(  169):         at com.android.server.wm.WindowManagerService.windowForClientLocked(WindowManagerService.java:7184)
W/WindowManager(  169):         at com.android.server.wm.WindowManagerService.windowForClientLocked(WindowManagerService.java:7175)
W/WindowManager(  169):         at com.android.server.wm.WindowState$DeathRecipient.binderDied(WindowState.java:1552)
W/WindowManager(  169):         at android.os.BinderProxy.sendDeathNotice(Binder.java:417)
W/WindowManager(  169):         at dalvik.system.NativeStart.run(Native Method)
I/WindowManager(  169): WIN DEATH: null
W/WindowManager(  169): Failed looking up window
W/WindowManager(  169): java.lang.IllegalArgumentException: Requested window android.os.BinderProxy@41c72450 does not exist
W/WindowManager(  169):         at com.android.server.wm.WindowManagerService.windowForClientLocked(WindowManagerService.java:7184)
W/WindowManager(  169):         at com.android.server.wm.WindowManagerService.windowForClientLocked(WindowManagerService.java:7175)
W/WindowManager(  169):         at com.android.server.wm.WindowState$DeathRecipient.binderDied(WindowState.java:1552)
W/WindowManager(  169):         at android.os.BinderProxy.sendDeathNotice(Binder.java:417)
W/WindowManager(  169):         at dalvik.system.NativeStart.run(Native Method)
I/WindowManager(  169): WIN DEATH: null
I/WindowManager(  169): WIN DEATH: Window{412f2ba0 tv.icntv.ott/tv.icntv.ott.icntv paused=false}
I/ActivityManager(  169): START {act=android.intent.action.MAIN cat=[android.intent.category.HOME] flg=0x10000000 cmp=tv.icntv.ott/.icntv} from pid 0
I/WindowManager(  169): WINDOW DIED Window{412f2ba0 tv.icntv.ott/tv.icntv.ott.icntv paused=false}
I/ActivityManager(  169): Start proc tv.icntv.ott for activity tv.icntv.ott/.icntv: pid=1025 uid=10008 gids={3003, 1015, 1023}
W/InputManagerService(  169): Got RemoteException sending setActive(false) notification to pid 906 uid 10008
I/ActivityManager(  169): START {act=android.intent.action.MAIN cat=[android.intent.category.LAUNCHER] flg=0x10000000 pkg=com.coship.dvbsetting cmp=com.coship.dvbsetting/.main} from pid 1025
I/ActivityManager(  169): Start proc com.coship.dvbsetting for activity com.coship.dvbsetting/.main: pid=1059 uid=1000 gids={3002, 3001, 3003, 1007, 1015, 1023, 2001}
I/ActivityManager(  169): START {cmp=com.coship.dvbsetting/.netsetting.netSet} from pid 1059
I/EthernetManager( 1059): Init Ethernet Manager, service: android.net.ethernet.IEthernetManager$Stub$Proxy@41fbb498
E/EthernetService(  169): getSavedConfig
E/EthernetService(  169): ifName: eth0 ipaddr:192.168.2.38 netmask:255.255.255.0 getway:192.168.2.1 dns:192.168.2.1
E/EthernetService(  169): getSavedConfig
E/EthernetService(  169): ifName: eth0 ipaddr:192.168.2.38 netmask:255.255.255.0 getway:192.168.2.1 dns:192.168.2.1
E/EthernetService(  169): getSavedConfig
E/EthernetService(  169): ifName: eth0 ipaddr:192.168.2.38 netmask:255.255.255.0 getway:192.168.2.1 dns:192.168.2.1
E/ActivityThread( 1059): Activity com.coship.dvbsetting.netsetting.netSet has leaked IntentReceiver com.coship.dvbsetting.pppoe.PPPOESetting$1@4225cf98 that was originally registered here. Are you missing a call to unregisterReceiver()?
E/ActivityThread( 1059): android.app.IntentReceiverLeaked: Activity com.coship.dvbsetting.netsetting.netSet has leaked IntentReceiver com.coship.dvbsetting.pppoe.PPPOESetting$1@4225cf98 that was originally registered here. Are you missing a call to unregisterReceiver()?
E/ActivityThread( 1059):        at android.app.LoadedApk$ReceiverDispatcher.<init>(LoadedApk.java:763)
E/ActivityThread( 1059):        at android.app.LoadedApk.getReceiverDispatcher(LoadedApk.java:567)
E/ActivityThread( 1059):        at android.app.ContextImpl.registerReceiverInternal(ContextImpl.java:1056)
E/ActivityThread( 1059):        at android.app.ContextImpl.registerReceiver(ContextImpl.java:1043)
E/ActivityThread( 1059):        at android.app.ContextImpl.registerReceiver(ContextImpl.java:1037)
E/ActivityThread( 1059):        at android.content.ContextWrapper.registerReceiver(ContextWrapper.java:341)
E/ActivityThread( 1059):        at com.coship.dvbsetting.pppoe.PPPOESetting.<init>(PPPOESetting.java:174)
E/ActivityThread( 1059):        at com.coship.dvbsetting.pppoe.PPPOESetting.getInstance(PPPOESetting.java:150)
E/ActivityThread( 1059):        at com.coship.dvbsetting.netsetting.netSet.onCreate(netSet.java:102)
E/ActivityThread( 1059):        at android.app.Activity.performCreate(Activity.java:4468)
E/ActivityThread( 1059):        at android.app.Instrumentation.callActivityOnCreate(Instrumentation.java:1049)
E/ActivityThread( 1059):        at android.app.ActivityThread.performLaunchActivity(ActivityThread.java:1920)
E/ActivityThread( 1059):        at android.app.ActivityThread.handleLaunchActivity(ActivityThread.java:1981)
E/ActivityThread( 1059):        at android.app.ActivityThread.access$600(ActivityThread.java:123)
E/ActivityThread( 1059):        at android.app.ActivityThread$H.handleMessage(ActivityThread.java:1147)
E/ActivityThread( 1059):        at android.os.Handler.dispatchMessage(Handler.java:99)
E/ActivityThread( 1059):        at android.os.Looper.loop(Looper.java:137)
E/ActivityThread( 1059):        at android.app.ActivityThread.main(ActivityThread.java:4424)
E/ActivityThread( 1059):        at java.lang.reflect.Method.invokeNative(Native Method)
E/ActivityThread( 1059):        at java.lang.reflect.Method.invoke(Method.java:511)
E/ActivityThread( 1059):        at com.android.internal.os.ZygoteInit$MethodAndArgsCaller.run(ZygoteInit.java:788)
E/ActivityThread( 1059):        at com.android.internal.os.ZygoteInit.main(ZygoteInit.java:555)
E/ActivityThread( 1059):        at dalvik.system.NativeStart.main(Native Method)
W/InputManagerService(  169): Starting input on non-focused client com.android.internal.view.IInputMethodClient$Stub$Proxy@4132dcf0 (uid=1000 pid=1059)
I/ActivityManager(  169): START {act=com.ysten.setupwizard.SetupWizard flg=0x10000000 cmp=com.ysten.setupwizard/.SetupWizard (has extras)} from pid 1025
W/ActivityManager(  169): Activity is launching as a new task, so cancelling activity result.
I/ActivityManager(  169): Start proc com.ysten.setupwizard for activity com.ysten.setupwizard/.SetupWizard: pid=1104 uid=1000 gids={3002, 3001, 3003, 1007, 1015, 1023, 2001}
I/ActivityManager(  169): Process tv.icntv.ott (pid 1025) has died.
I/WindowManager(  169): WIN DEATH: Window{41155ae8 tv.icntv.ott/tv.icntv.ott.icntv paused=false}
W/ActivityManager(  169): Force removing ActivityRecord{4114f938 tv.icntv.ott/.icntv}: app died, no saved state
W/WindowManager(  169): Force-removing child win Window{412fd8f8 SurfaceView paused=false} from container Window{41155ae8 tv.icntv.ott/tv.icntv.ott.icntv paused=false}
W/WindowManager(  169): Force-removing child win Window{412fcd30 SurfaceView paused=false} from container Window{41155ae8 tv.icntv.ott/tv.icntv.ott.icntv paused=false}
W/WindowManager(  169): Failed looking up window
W/WindowManager(  169): java.lang.IllegalArgumentException: Requested window android.os.BinderProxy@412fcb68 does not exist
W/WindowManager(  169):         at com.android.server.wm.WindowManagerService.windowForClientLocked(WindowManagerService.java:7184)
W/WindowManager(  169):         at com.android.server.wm.WindowManagerService.windowForClientLocked(WindowManagerService.java:7175)
W/WindowManager(  169):         at com.android.server.wm.WindowState$DeathRecipient.binderDied(WindowState.java:1552)
W/WindowManager(  169):         at android.os.BinderProxy.sendDeathNotice(Binder.java:417)
W/WindowManager(  169):         at dalvik.system.NativeStart.run(Native Method)
I/WindowManager(  169): WIN DEATH: null
W/WindowManager(  169): Failed looking up window
W/WindowManager(  169): java.lang.IllegalArgumentException: Requested window android.os.BinderProxy@412fd790 does not exist
W/WindowManager(  169):         at com.android.server.wm.WindowManagerService.windowForClientLocked(WindowManagerService.java:7184)
W/WindowManager(  169):         at com.android.server.wm.WindowManagerService.windowForClientLocked(WindowManagerService.java:7175)
W/WindowManager(  169):         at com.android.server.wm.WindowState$DeathRecipient.binderDied(WindowState.java:1552)
W/WindowManager(  169):         at android.os.BinderProxy.sendDeathNotice(Binder.java:417)
W/WindowManager(  169):         at com.android.server.SystemServer.init1(Native Method)
W/WindowManager(  169):         at com.android.server.SystemServer.main(SystemServer.java:848)
W/WindowManager(  169):         at java.lang.reflect.Method.invokeNative(Native Method)
W/WindowManager(  169):         at java.lang.reflect.Method.invoke(Method.java:511)
W/WindowManager(  169):         at com.android.internal.os.ZygoteInit$MethodAndArgsCaller.run(ZygoteInit.java:788)
W/WindowManager(  169):         at com.android.internal.os.ZygoteInit.main(ZygoteInit.java:555)
W/WindowManager(  169):         at dalvik.system.NativeStart.main(Native Method)
I/WindowManager(  169): WIN DEATH: null
W/ActivityThread( 1104): ClassLoader.loadClass: The class loader returned by Thread.getContextClassLoader() may fail for processes that host multiple applications. You should explicitly specify a context class loader. For example: Thread.setContextClassLoader(getClass().getClassLoader());
W/InputManagerService(  169): Got RemoteException sending setActive(false) notification to pid 1025 uid 10008
V/TabletStatusBar(  246): setLightsOn(true)
I/ActivityManager(  169): START {act=android.intent.action.MAIN cat=[android.intent.category.HOME] flg=0x10000000 cmp=tv.icntv.ott/.icntv (has extras)} from pid 1104
W/ActivityManager(  169): Activity is launching as a new task, so cancelling activity result.
W/ActivityManager(  169): Activity pause timeout for ActivityRecord{41116790 com.ysten.setupwizard/.SetupWizard}
I/ActivityManager(  169): Start proc tv.icntv.ott for activity tv.icntv.ott/.icntv: pid=1129 uid=10008 gids={3003, 1015, 1023}
I/ActivityManager(  169): Process com.ysten.setupwizard (pid 1104) has died.
I/WindowManager(  169): WIN DEATH: Window{41264cf8 com.ysten.setupwizard/com.ysten.setupwizard.SetupWizard paused=false}
I/ActivityManager(  169): START {act=com.ysten.setupwizard.SetupWizard flg=0x10000000 cmp=com.ysten.setupwizard/.SetupWizard (has extras)} from pid 1129
W/ActivityManager(  169): Activity is launching as a new task, so cancelling activity result.
I/ActivityManager(  169): Process tv.icntv.ott (pid 1129) has died.
W/ActivityManager(  169): Force removing ActivityRecord{4121b1b8 tv.icntv.ott/.icntv}: app died, no saved state
I/WindowManager(  169): WIN DEATH: Window{41118728 tv.icntv.ott/tv.icntv.ott.icntv paused=true}
W/WindowManager(  169): Force-removing child win Window{411ff7a8 SurfaceView paused=false} from container Window{41118728 tv.icntv.ott/tv.icntv.ott.icntv paused=true}
W/WindowManager(  169): Force-removing child win Window{41148ce0 SurfaceView paused=false} from container Window{41118728 tv.icntv.ott/tv.icntv.ott.icntv paused=true}
I/WindowManager(  169): WIN DEATH: Window{4119cd38 tv.icntv.ott/tv.icntv.ott.icntv paused=true}
W/WindowManager(  169): Failed looking up window
W/WindowManager(  169): java.lang.IllegalArgumentException: Requested window android.os.BinderProxy@41188928 does not exist
W/WindowManager(  169):         at com.android.server.wm.WindowManagerService.windowForClientLocked(WindowManagerService.java:7184)
W/WindowManager(  169):         at com.android.server.wm.WindowManagerService.windowForClientLocked(WindowManagerService.java:7175)
W/WindowManager(  169):         at com.android.server.wm.WindowState$DeathRecipient.binderDied(WindowState.java:1552)
W/WindowManager(  169):         at android.os.BinderProxy.sendDeathNotice(Binder.java:417)
W/WindowManager(  169):         at dalvik.system.NativeStart.run(Native Method)
I/WindowManager(  169): WIN DEATH: null
W/WindowManager(  169): Failed looking up window
W/WindowManager(  169): java.lang.IllegalArgumentException: Requested window android.os.BinderProxy@41269c70 does not exist
W/WindowManager(  169):         at com.android.server.wm.WindowManagerService.windowForClientLocked(WindowManagerService.java:7184)
W/WindowManager(  169):         at com.android.server.wm.WindowManagerService.windowForClientLocked(WindowManagerService.java:7175)
W/WindowManager(  169):         at com.android.server.wm.WindowState$DeathRecipient.binderDied(WindowState.java:1552)
W/WindowManager(  169):         at android.os.BinderProxy.sendDeathNotice(Binder.java:417)
W/WindowManager(  169):         at com.android.server.SystemServer.init1(Native Method)
W/WindowManager(  169):         at com.android.server.SystemServer.main(SystemServer.java:848)
W/WindowManager(  169):         at java.lang.reflect.Method.invokeNative(Native Method)
W/WindowManager(  169):         at java.lang.reflect.Method.invoke(Method.java:511)
W/WindowManager(  169):         at com.android.internal.os.ZygoteInit$MethodAndArgsCaller.run(ZygoteInit.java:788)
W/WindowManager(  169):         at com.android.internal.os.ZygoteInit.main(ZygoteInit.java:555)
W/WindowManager(  169):         at dalvik.system.NativeStart.main(Native Method)
I/WindowManager(  169): WIN DEATH: null
I/WindowManager(  169): WINDOW DIED Window{41118728 tv.icntv.ott/tv.icntv.ott.icntv paused=true}
I/ActivityManager(  169): Start proc com.ysten.setupwizard for activity com.ysten.setupwizard/.SetupWizard: pid=1164 uid=1000 gids={3002, 3001, 3003, 1007, 1015, 1023, 2001}
W/ActivityThread( 1164): ClassLoader.loadClass: The class loader returned by Thread.getContextClassLoader() may fail for processes that host multiple applications. You should explicitly specify a context class loader. For example: Thread.setContextClassLoader(getClass().getClassLoader());
W/InputManagerService(  169): Got RemoteException sending setActive(false) notification to pid 1129 uid 10008
V/TabletStatusBar(  246): setLightsOn(true)
W/ActivityManager(  169): Activity destroy timeout for ActivityRecord{41116790 com.ysten.setupwizard/.SetupWizard}
I/ActivityManager(  169): START {act=android.intent.action.MAIN cat=[android.intent.category.HOME] flg=0x10000000 cmp=tv.icntv.ott/.icntv (has extras)} from pid 1164
W/ActivityManager(  169): Activity is launching as a new task, so cancelling activity result.
W/ActivityManager(  169): Activity pause timeout for ActivityRecord{412778d8 com.ysten.setupwizard/.SetupWizard}
I/ActivityManager(  169): Start proc tv.icntv.ott for activity tv.icntv.ott/.icntv: pid=1186 uid=10008 gids={3003, 1015, 1023}
I/WindowManager(  169): WIN DEATH: Window{418adda8 com.ysten.setupwizard/com.ysten.setupwizard.SetupWizard paused=false}
I/ActivityManager(  169): Process com.ysten.setupwizard (pid 1164) has died.
W/ActivityManager(  169): Activity destroy timeout for ActivityRecord{412778d8 com.ysten.setupwizard/.SetupWizard}
I/ActivityManager(  169): START {act=android.intent.action.MAIN cat=[android.intent.category.HOME] flg=0x10200000 cmp=tv.icntv.ott/.icntv} from pid 169
I/ActivityManager(  169): START {act=android.intent.action.MAIN cat=[android.intent.category.HOME] flg=0x10200000 cmp=tv.icntv.ott/.icntv} from pid 169
I/ActivityManager(  169): START {act=android.intent.action.MAIN cat=[android.intent.category.HOME] flg=0x10200000 cmp=tv.icntv.ott/.icntv} from pid 169
I/ActivityManager(  169): START {act=android.intent.action.MAIN cat=[android.intent.category.HOME] flg=0x10200000 cmp=tv.icntv.ott/.icntv} from pid 169
I/ActivityManager(  169): START {act=com.ysten.setupwizard.SetupWizard flg=0x10000000 cmp=com.ysten.setupwizard/.SetupWizard (has extras)} from pid 1186
W/ActivityManager(  169): Activity is launching as a new task, so cancelling activity result.
I/ActivityManager(  169): Process tv.icntv.ott (pid 1186) has died.
I/WindowManager(  169): WINDOW DIED Window{4119aef0 tv.icntv.ott/tv.icntv.ott.icntv paused=true}
W/WindowManager(  169): Force-removing child win Window{411af0b0 SurfaceView paused=false} from container Window{4119aef0 tv.icntv.ott/tv.icntv.ott.icntv paused=true}
W/ActivityManager(  169): Force removing ActivityRecord{411924c0 tv.icntv.ott/.icntv}: app died, no saved state
W/WindowManager(  169): Force-removing child win Window{4119b668 SurfaceView paused=false} from container Window{4119aef0 tv.icntv.ott/tv.icntv.ott.icntv paused=true}
W/WindowManager(  169): Failed looking up window
W/WindowManager(  169): java.lang.IllegalArgumentException: Requested window android.os.BinderProxy@4129e228 does not exist
W/WindowManager(  169):         at com.android.server.wm.WindowManagerService.windowForClientLocked(WindowManagerService.java:7184)
W/WindowManager(  169):         at com.android.server.wm.WindowManagerService.windowForClientLocked(WindowManagerService.java:7175)
W/WindowManager(  169):         at com.android.server.wm.WindowState$DeathRecipient.binderDied(WindowState.java:1552)
W/WindowManager(  169):         at android.os.BinderProxy.sendDeathNotice(Binder.java:417)
W/WindowManager(  169):         at com.android.server.SystemServer.init1(Native Method)
W/WindowManager(  169):         at com.android.server.SystemServer.main(SystemServer.java:848)
W/WindowManager(  169):         at java.lang.reflect.Method.invokeNative(Native Method)
W/WindowManager(  169):         at java.lang.reflect.Method.invoke(Method.java:511)
W/WindowManager(  169):         at com.android.internal.os.ZygoteInit$MethodAndArgsCaller.run(ZygoteInit.java:788)
W/WindowManager(  169):         at com.android.internal.os.ZygoteInit.main(ZygoteInit.java:555)
W/WindowManager(  169):         at dalvik.system.NativeStart.main(Native Method)
I/WindowManager(  169): WIN DEATH: null
W/WindowManager(  169): Failed looking up window
W/WindowManager(  169): java.lang.IllegalArgumentException: Requested window android.os.BinderProxy@4111a488 does not exist
W/WindowManager(  169):         at com.android.server.wm.WindowManagerService.windowForClientLocked(WindowManagerService.java:7184)
W/WindowManager(  169):         at com.android.server.wm.WindowManagerService.windowForClientLocked(WindowManagerService.java:7175)
W/WindowManager(  169):         at com.android.server.wm.WindowState$DeathRecipient.binderDied(WindowState.java:1552)
W/WindowManager(  169):         at android.os.BinderProxy.sendDeathNotice(Binder.java:417)
W/WindowManager(  169):         at dalvik.system.NativeStart.run(Native Method)
I/WindowManager(  169): WIN DEATH: null
I/WindowManager(  169): WIN DEATH: Window{4125d5d8 tv.icntv.ott/tv.icntv.ott.icntv paused=true}
I/WindowManager(  169): WINDOW DIED Window{4125d5d8 tv.icntv.ott/tv.icntv.ott.icntv paused=true}
I/ActivityManager(  169): Start proc com.ysten.setupwizard for activity com.ysten.setupwizard/.SetupWizard: pid=1292 uid=1000 gids={3002, 3001, 3003, 1007, 1015, 1023, 2001}
W/ActivityThread( 1292): ClassLoader.loadClass: The class loader returned by Thread.getContextClassLoader() may fail for processes that host multiple applications. You should explicitly specify a context class loader. For example: Thread.setContextClassLoader(getClass().getClassLoader());
V/TabletStatusBar(  246): setLightsOn(true)
W/InputManagerService(  169): Got RemoteException sending setActive(false) notification to pid 1186 uid 10008
I/ActivityManager(  169): START {act=android.intent.action.MAIN cat=[android.intent.category.HOME] flg=0x10000000 cmp=tv.icntv.ott/.icntv (has extras)} from pid 1292
W/ActivityManager(  169): Activity is launching as a new task, so cancelling activity result.
W/ActivityManager(  169): Activity pause timeout for ActivityRecord{412640d0 com.ysten.setupwizard/.SetupWizard}
I/ActivityManager(  169): Start proc tv.icntv.ott for activity tv.icntv.ott/.icntv: pid=1315 uid=10008 gids={3003, 1015, 1023}
I/ActivityManager(  169): Process com.ysten.setupwizard (pid 1292) has died.
I/WindowManager(  169): WIN DEATH: Window{41325d38 com.ysten.setupwizard/com.ysten.setupwizard.SetupWizard paused=false}
W/ActivityManager(  169): Activity destroy timeout for ActivityRecord{412640d0 com.ysten.setupwizard/.SetupWizard}
E/NetlinkListener(   87): recvmsg mBuffer:
E/NetlinkListener(   87):  (?)
E/NetlinkListener(   87): recvmsg mBuffer:
E/NetlinkListener(   87):  (?)
E/NetlinkListener(   87): recvmsg mBuffer:
E/NetlinkListener(   87):  (?)
E/NetlinkListener(   87): recvmsg mBuffer:
E/NetlinkListener(   87):  (?)
E/NetlinkListener(   87): recvmsg mBuffer:
E/NetlinkListener(   87):  (?)
E/NetlinkListener(   87): recvmsg mBuffer:
E/NetlinkListener(   87):  (?)
E/NetlinkListener(   87): recvmsg mBuffer:
E/NetlinkListener(   87):  (?)
E/NetlinkListener(   87): recvmsg mBuffer:
E/NetlinkListener(   87):  (?)
E/NetlinkListener(   87): recvmsg mBuffer:
E/NetlinkListener(   87):  (?)
E/NetlinkListener(   87): recvmsg mBuffer:
E/NetlinkListener(   87):  (?)
E/NetlinkListener(   87): recvmsg mBuffer:
E/NetlinkListener(   87):  (?)
E/NetlinkListener(   87): recvmsg mBuffer:
E/NetlinkListener(   87):  (?)
E/NetlinkListener(   87): recvmsg mBuffer:
E/NetlinkListener(   87):  (?)
E/NetlinkListener(   87): recvmsg mBuffer:
E/NetlinkListener(   87):  (?)
E/NetlinkListener(   87): recvmsg mBuffer:
E/NetlinkListener(   87):  (?)
E/NetlinkListener(   87): recvmsg mBuffer:
E/NetlinkListener(   87):  (?)
E/NetlinkListener(   87): recvmsg mBuffer:
E/NetlinkListener(   87):  (?)
E/NetlinkListener(   87): recvmsg mBuffer:
E/NetlinkListener(   87):  (?)
E/NetlinkListener(   87): recvmsg mBuffer:
E/NetlinkListener(   87):  (?)
E/NetlinkListener(   87): recvmsg mBuffer:
E/NetlinkListener(   87):  (?)
E/NetlinkListener(   87): recvmsg mBuffer:
E/NetlinkListener(   87):  (?)
E/NetlinkListener(   87): recvmsg mBuffer:
E/NetlinkListener(   87):  (?)
E/NetlinkListener(   87): recvmsg mBuffer:
E/NetlinkListener(   87):  (?)
E/NetlinkListener(   87): recvmsg mBuffer:
E/NetlinkListener(   87):  (?)
E/NetlinkListener(   87): recvmsg mBuffer:
E/NetlinkListener(   87):  (?)
E/NetlinkListener(   87): recvmsg mBuffer:
E/NetlinkListener(   87):  (?)
E/NetlinkListener(   87): recvmsg mBuffer:
E/NetlinkListener(   87):  (?)
E/NetlinkListener(   87): recvmsg mBuffer:
E/NetlinkListener(   87):  (?)
E/NetlinkListener(   87): recvmsg mBuffer:
E/NetlinkListener(   87):  (?)
E/NetlinkListener(   87): recvmsg mBuffer:
E/NetlinkListener(   87):  (?)
E/NetlinkListener(   87): recvmsg mBuffer:
E/NetlinkListener(   87):  (?)
E/NetlinkListener(   87): recvmsg mBuffer:
E/NetlinkListener(   87):  (?)
E/NetlinkListener(   87): recvmsg mBuffer:
E/NetlinkListener(   87):  (?)
E/NetlinkListener(   87): recvmsg mBuffer:
E/NetlinkListener(   87):  (?)
E/NetlinkListener(   87): recvmsg mBuffer:
E/NetlinkListener(   87):  (?)
E/NetlinkListener(   87): recvmsg mBuffer:
E/NetlinkListener(   87):  (?)
E/NetlinkListener(   87): recvmsg mBuffer:
E/NetlinkListener(   87):  (?)
E/NetlinkListener(   87): recvmsg mBuffer:
E/NetlinkListener(   87):  (?)
E/NetlinkListener(   87): recvmsg mBuffer:
E/NetlinkListener(   87):  (?)
E/NetlinkListener(   87): recvmsg mBuffer:
E/NetlinkListener(   87):  (?)
E/NetlinkListener(   87): recvmsg mBuffer:
E/NetlinkListener(   87):  (?)
E/NetlinkListener(   87): recvmsg mBuffer:
E/NetlinkListener(   87):  (?)
E/NetlinkListener(   87): recvmsg mBuffer:
E/NetlinkListener(   87):  (?)
E/NetlinkListener(   87): recvmsg mBuffer:
E/NetlinkListener(   87):  (?)
E/NetlinkListener(   87): recvmsg mBuffer:
E/NetlinkListener(   87):  (?)
E/NetlinkListener(   87): recvmsg mBuffer:
E/NetlinkListener(   87):  (?)
E/NetlinkListener(   87): recvmsg mBuffer:
E/NetlinkListener(   87):  (?)
E/NetlinkListener(   87): recvmsg mBuffer:
E/NetlinkListener(   87):  (?)
E/NetlinkListener(   87): recvmsg mBuffer:
E/NetlinkListener(   87):  (?)
E/NetlinkListener(   87): recvmsg mBuffer:
E/NetlinkListener(   87):  (?)
E/NetlinkListener(   87): recvmsg mBuffer:
E/NetlinkListener(   87):  (?)
E/NetlinkListener(   87): recvmsg mBuffer:
E/NetlinkListener(   87):  (?)
E/NetlinkListener(   87): recvmsg mBuffer:
E/NetlinkListener(   87):  (?)
E/NetlinkListener(   87): recvmsg mBuffer:
E/NetlinkListener(   87):  (?)
E/NetlinkListener(   87): recvmsg mBuffer:
E/NetlinkListener(   87):  (?)
E/NetlinkListener(   87): recvmsg mBuffer:
E/NetlinkListener(   87):  (?)
E/NetlinkListener(   87): recvmsg mBuffer:
E/NetlinkListener(   87):  (?)
E/NetlinkListener(   87): recvmsg mBuffer:
E/NetlinkListener(   87):  (?)
E/NetlinkListener(   87): recvmsg mBuffer:
E/NetlinkListener(   87):  (?)
E/NetlinkListener(   87): recvmsg mBuffer:
E/NetlinkListener(   87):  (?)
I/ActivityManager(  169): START {act=com.ysten.setupwizard.SetupWizard flg=0x10000000 cmp=com.ysten.setupwizard/.SetupWizard (has extras)} from pid 1315
W/ActivityManager(  169): Activity is launching as a new task, so cancelling activity result.
I/WindowManager(  169): WIN DEATH: Window{412efa48 tv.icntv.ott/tv.icntv.ott.icntv paused=true}
I/ActivityManager(  169): Process tv.icntv.ott (pid 1315) has died.
W/WindowManager(  169): Force-removing child win Window{412906f0 SurfaceView paused=false} from container Window{412efa48 tv.icntv.ott/tv.icntv.ott.icntv paused=true}
W/ActivityManager(  169): Force removing ActivityRecord{41245000 tv.icntv.ott/.icntv}: app died, no saved state
W/WindowManager(  169): Force-removing child win Window{41288a38 SurfaceView paused=false} from container Window{412efa48 tv.icntv.ott/tv.icntv.ott.icntv paused=true}
W/WindowManager(  169): Failed looking up window
W/WindowManager(  169): java.lang.IllegalArgumentException: Requested window android.os.BinderProxy@41290588 does not exist
W/WindowManager(  169):         at com.android.server.wm.WindowManagerService.windowForClientLocked(WindowManagerService.java:7184)
W/WindowManager(  169):         at com.android.server.wm.WindowManagerService.windowForClientLocked(WindowManagerService.java:7175)
W/WindowManager(  169):         at com.android.server.wm.WindowState$DeathRecipient.binderDied(WindowState.java:1552)
W/WindowManager(  169):         at android.os.BinderProxy.sendDeathNotice(Binder.java:417)
W/WindowManager(  169):         at dalvik.system.NativeStart.run(Native Method)
I/WindowManager(  169): WIN DEATH: null
W/WindowManager(  169): Failed looking up window
W/WindowManager(  169): java.lang.IllegalArgumentException: Requested window android.os.BinderProxy@41288870 does not exist
W/WindowManager(  169):         at com.android.server.wm.WindowManagerService.windowForClientLocked(WindowManagerService.java:71[ 7741.846958] ----> schedule
[ 7753.266389] ----> time  [12, -548611392]
[ 7753.266409] ----> icoutn:nr  [691, 397],drop=1
84)
W/WindowManager(  169):         at com.android.server.wm.WindowManagerService.windowForClientLocked(WindowManagerService.java:7175)
W/WindowManager(  169):         at com.android.server.wm.WindowState$DeathRecipient.binderDied(WindowState.java:1552)
W/WindowManager(  169):         at android.os.BinderProxy.sendDeathNotice(Binder.java:417)
W/WindowManager(  169):         at dalvik.system.NativeStart.run(Native Method)
I/WindowManager(  169): WIN DEATH: null
I/WindowManager(  169): WIN DEATH: Window{41300eb0 tv.icntv.ott/tv.icntv.ott.icntv paused=true}
I/WindowManager(  169): WINDOW DIED Window{41300eb0 tv.icntv.ott/tv.icntv.ott.icntv paused=true}
I/ActivityManager(  169): Start proc com.ysten.setupwizard for activity com.ysten.setupwizard/.SetupWizard: pid=1514 uid=1000 gids={3002, 3001, 3003, 1007, 1015, 1023, 2001}
W/ActivityThread( 1514): ClassLoader.loadClass: The class loader returned by Thread.getContextClassLoader() may fail for processes that host multiple applications. You should explicitly specify a context class loader. For example: Thread.setContextClassLoader(getClass().getClassLoader());
W/InputManagerService(  169): Got RemoteException sending setActive(false) notification to pid 1315 uid 10008
V/TabletStatusBar(  246): setLightsOn(true)
I/ActivityManager(  169): START {act=android.intent.action.MAIN cat=[android.intent.category.HOME] flg=0x10000000 cmp=tv.icntv.ott/.icntv (has extras)} from pid 1514
W/ActivityManager(  169): Activity is launching as a new task, so cancelling activity result.
W/ActivityManager(  169): Activity pause timeout for ActivityRecord{41262128 com.ysten.setupwizard/.SetupWizard}
I/ActivityManager(  169): Start proc tv.icntv.ott for activity tv.icntv.ott/.icntv: pid=1537 uid=10008 gids={3003, 1015, 1023}
I/WindowManager(  169): WINDOW DIED Window{412eda00 com.ysten.setupwizard/com.ysten.setupwizard.SetupWizard paused=false}
I/ActivityManager(  169): Process com.ysten.setupwizard (pid 1514) has died.
W/WindowManager(  169): Failed looking up window
W/WindowManager(  169): java.lang.IllegalArgumentException: Requested window android.os.BinderProxy@412f3258 does not exist
W/WindowManager(  169):         at com.android.server.wm.WindowManagerService.windowForClientLocked(WindowManagerService.java:7184)
W/WindowManager(  169):         at com.android.server.wm.WindowManagerService.windowForClientLocked(WindowManagerService.java:7175)
W/WindowManager(  169):         at com.android.server.wm.WindowState$DeathRecipient.binderDied(WindowState.java:1552)
W/WindowManager(  169):         at android.os.BinderProxy.sendDeathNotice(Binder.java:417)
W/WindowManager(  169):         at dalvik.system.NativeStart.run(Native Method)
I/WindowManager(  169): WIN DEATH: null
W/ActivityManager(  169): Activity destroy timeout for ActivityRecord{41262128 com.ysten.setupwizard/.SetupWizard}
I/ActivityManager(  169): START {act=com.ysten.setupwizard.SetupWizard flg=0x10000000 cmp=com.ysten.setupwizard/.SetupWizard (has extras)} from pid 1537
W/ActivityManager(  169): Activity is launching as a new task, so cancelling activity result.
I/WindowManager(  169): WIN DEATH: Window{4114ddc0 tv.icntv.ott/tv.icntv.ott.icntv paused=true}
I/ActivityManager(  169): Process tv.icntv.ott (pid 1537) has died.
W/WindowManager(  169): Force-removing child win Window{42905a08 SurfaceView paused=false} from container Window{4114ddc0 tv.icntv.ott/tv.icntv.ott.icntv paused=true}
W/ActivityManager(  169): Force removing ActivityRecord{411c7b68 tv.icntv.ott/.icntv}: app died, no saved state
W/WindowManager(  169): Force-removing child win Window{42904e90 SurfaceView paused=false} from container Window{4114ddc0 tv.icntv.ott/tv.icntv.ott.icntv paused=true}
W/WindowManager(  169): Failed looking up window
W/WindowManager(  169): java.lang.IllegalArgumentException: Requested window android.os.BinderProxy@429058a0 does not exist
W/WindowManager(  169):         at com.android.server.wm.WindowManagerService.windowForClientLocked(WindowManagerService.java:7184)
W/WindowManager(  169):         at com.android.server.wm.WindowManagerService.windowForClientLocked(WindowManagerService.java:7175)
W/WindowManager(  169):         at com.android.server.wm.WindowState$DeathRecipient.binderDied(WindowState.java:1552)
W/WindowManager(  169):         at android.os.BinderProxy.sendDeathNotice(Binder.java:417)
W/WindowManager(  169):         at dalvik.system.NativeStart.run(Native Method)
I/WindowManager(  169): WIN DEATH: null
W/WindowManager(  169): Failed looking up window
W/WindowManager(  169): java.lang.IllegalArgumentException: Requested window android.os.BinderProxy@42904cc8 does not exist
W/WindowManager(  169):         at com.android.server.wm.WindowManagerService.windowForClientLocked(WindowManagerService.java:7184)
W/WindowManager(  169):         at com.android.server.wm.WindowManagerService.windowForClientLocked(WindowManagerService.java:7175)
W/WindowManager(  169):         at com.android.server.wm.WindowState$DeathRecipient.binderDied(WindowState.java:1552)
W/WindowManager(  169):         at android.os.BinderProxy.sendDeathNotice(Binder.java:417)
W/WindowManager(  169):         at dalvik.system.NativeStart.run(Native Method)
I/WindowManager(  169): WIN DEATH: null
I/WindowManager(  169): WIN DEATH: Window{411bfcb0 tv.icntv.ott/tv.icntv.ott.icntv paused=true}
I/WindowManager(  169): WINDOW DIED Window{411bfcb0 tv.icntv.ott/tv.icntv.ott.icntv paused=true}
I/ActivityManager(  169): Start proc com.ysten.setupwizard for activity com.ysten.setupwizard/.SetupWizard: pid=1589 uid=1000 gids={3002, 3001, 3003, 1007, 1015, 1023, 2001}
W/ActivityThread( 1589): ClassLoader.loadClass: The class loader returned by Thread.getContextClassLoader() may fail for processes that host multiple applications. You should explicitly specify a context class loader. For example: Thread.setContextClassLoader(getClass().getClassLoader());
V/TabletStatusBar(  246): setLightsOn(true)
W/InputManagerService(  169): Got RemoteException sending setActive(false) notification to pid 1537 uid 10008
I/ActivityManager(  169): START {act=android.intent.action.MAIN cat=[android.intent.category.HOME] flg=0x10000000 cmp=tv.icntv.ott/.icntv (has extras)} from pid 1589
W/ActivityManager(  169): Activity is launching as a new task, so cancelling activity result.
W/ActivityManager(  169): Activity pause timeout for ActivityRecord{41c63b78 com.ysten.setupwizard/.SetupWizard}
I/ActivityManager(  169): Start proc tv.icntv.ott for activity tv.icntv.ott/.icntv: pid=1613 uid=10008 gids={3003, 1015, 1023}
I/ActivityManager(  169): Process com.ysten.setupwizard (pid 1589) has died.
I/WindowManager(  169): WIN DEATH: Window{4191c3d0 com.ysten.setupwizard/com.ysten.setupwizard.SetupWizard paused=false}
E/NetlinkListener(   87): recvmsg mBuffer:
E/NetlinkListener(   87):  (?)
W/ActivityManager(  169): Activity destroy timeout for ActivityRecord{41c63b78 com.ysten.setupwizard/.SetupWizard}
E/NetlinkListener(   87): recvmsg mBuffer:
E/NetlinkListener(   87):  (?)
E/NetlinkListener(   87): recvmsg mBuffer:
E/NetlinkListener(   87):  (?)
I/ActivityManager(  169): START {act=android.intent.action.MAIN cat=[android.intent.category.HOME] flg=0x10200000 cmp=tv.icntv.ott/.icntv} from pid 169
I/ActivityManager(  169): START {act=android.intent.action.MAIN cat=[android.intent.category.HOME] flg=0x10200000 cmp=tv.icntv.ott/.icntv} from pid 169
I/ActivityManager(  169): START {act=android.intent.action.MAIN cat=[android.intent.category.HOME] flg=0x10200000 cmp=tv.icntv.ott/.icntv} from pid 169
I/ActivityManager(  169): START {act=com.ysten.setupwizard.SetupWizard flg=0x10000000 cmp=com.ysten.setupwizard/.SetupWizard (has extras)} from pid 1613
W/ActivityManager(  169): Activity is launching as a new task, so cancelling activity result.
I/WindowManager(  169): WIN DEATH: Window{418d8698 tv.icntv.ott/tv.icntv.ott.icntv paused=true}
I/ActivityManager(  169): Process tv.icntv.ott (pid 1613) has died.
W/WindowManager(  169): Force-removing child win Window{428fae20 SurfaceView paused=false} from container Window{418d8698 tv.icntv.ott/tv.icntv.ott.icntv paused=true}
W/ActivityManager(  169): Force removing ActivityRecord{411f6130 tv.icntv.ott/.icntv}: app died, no saved state
W/WindowManager(  169): Force-removing child win Window{41159900 SurfaceView paused=false} from container Window{418d8698 tv.icntv.ott/tv.icntv.ott.icntv paused=true}
I/WindowManager(  169): WIN DEATH: Window{4119aef0 tv.icntv.ott/tv.icntv.ott.icntv paused=true}
W/WindowManager(  169): Failed looking up window
W/WindowManager(  169): java.lang.IllegalArgumentException: Requested window android.os.BinderProxy@428fa1c8 does not exist
W/WindowManager(  169):         at com.android.server.wm.WindowManagerService.windowForClientLocked(WindowManagerService.java:7184)
W/WindowManager(  169):         at com.android.server.wm.WindowManagerService.windowForClientLocked(WindowManagerService.java:7175)
W/WindowManager(  169):         at com.android.server.wm.WindowState$DeathRecipient.binderDied(WindowState.java:1552)
W/WindowManager(  169):         at android.os.BinderProxy.sendDeathNotice(Binder.java:417)
W/WindowManager(  169):         at dalvik.system.NativeStart.run(Native Method)
I/WindowManager(  169): WIN DEATH: null
W/WindowManager(  169): Failed looking up window
W/WindowManager(  169): java.lang.IllegalArgumentException: Requested window android.os.BinderProxy@41262b00 does not exist
W/WindowManager(  169):         at com.android.server.wm.WindowManagerService.windowForClientLocked(WindowManagerService.java:7184)
W/WindowManager(  169):         at com.android.server.wm.WindowManagerService.windowForClientLocked(WindowManagerService.java:7175)
W/WindowManager(  169):         at com.android.server.wm.WindowState$DeathRecipient.binderDied(WindowState.java:1552)
W/WindowManager(  169):         at android.os.BinderProxy.sendDeathNotice(Binder.java:417)
W/WindowManager(  169):         at dalvik.system.NativeStart.run(Native Method)
I/WindowManager(  169): WIN DEATH: null
I/WindowManager(  169): WINDOW DIED Window{4119aef0 tv.icntv.ott/tv.icntv.ott.icntv paused=true}
I/ActivityManager(  169): Start proc com.ysten.setupwizard for activity com.ysten.setupwizard/.SetupWizard: pid=1841 uid=1000 gids={3002, 3001, 3003, 1007, 1015, 1023, 2001}
W/ActivityThread( 1841): ClassLoader.loadClass: The class loader returned by Thread.getContextClassLoader() may fail for processes that host multiple applications. You should explicitly specify a context class loader. For example: Thread.setContextClassLoader(getClass().getClassLoader());
V/TabletStatusBar(  246): setLightsOn(true)
W/InputManagerService(  169): Got RemoteException sending setActive(false) notification to pid 1613 uid 10008
I/ActivityManager(  169): START {act=android.intent.action.MAIN cat=[android.intent.category.HOME] flg=0x10000000 cmp=tv.icntv.ott/.icntv (has extras)} from pid 1841
W/ActivityManager(  169): Activity is launching as a new task, so cancelling activity result.
W/ActivityManager(  169): Activity pause timeout for ActivityRecord{4119d0c8 com.ysten.setupwizard/.SetupWizard}
I/ActivityManager(  169): Start proc tv.icntv.ott for activity tv.icntv.ott/.icntv: pid=1865 uid=10008 gids={3003, 1015, 1023}
I/ActivityManager(  169): Process com.ysten.setupwizard (pid 1841) has died.
I/WindowManager(  169): WIN DEATH: Window{418aca98 com.ysten.setupwizard/com.ysten.setupwizard.SetupWizard paused=false}
W/ActivityManager(  169): Activity destroy timeout for ActivityRecord{4119d0c8 com.ysten.setupwizard/.SetupWizard}
I/ActivityManager(  169): START {act=com.ysten.setupwizard.SetupWizard flg=0x10000000 cmp=com.ysten.setupwizard/.SetupWizard (has extras)} from pid 1865
W/ActivityManager(  169): Activity is launching as a new task, so cancelling activity result.
I/WindowManager(  169): WIN DEATH: Window{428f9790 tv.icntv.ott/tv.icntv.ott.icntv paused=true}
I/ActivityManager(  169): Process tv.icntv.ott (pid 1865) has died.
W/ActivityManager(  169): Force removing ActivityRecord{4127bdd0 tv.icntv.ott/.icntv}: app died, no saved state
W/WindowManager(  169): Force-removing child win Window{412f83d0 SurfaceView paused=false} from container Window{428f9790 tv.icntv.ott/tv.icntv.ott.icntv paused=true}
W/WindowManager(  169): Force-removing child win Window{42905378 SurfaceView paused=false} from container Window{428f9790 tv.icntv.ott/tv.icntv.ott.icntv paused=true}
W/WindowManager(  169): Failed looking up window
W/WindowManager(  169): java.lang.IllegalArgumentException: Requested window android.os.BinderProxy@429051b0 does not exist
W/WindowManager(  169):         at com.android.server.wm.WindowManagerService.windowForClientLocked(WindowManagerService.java:7184)
W/WindowManager(  169):         at com.android.server.wm.WindowManagerService.windowForClientLocked(WindowManagerService.java:7175)
W/WindowManager(  169):         at com.android.server.wm.WindowState$DeathRecipient.binderDied(WindowState.java:1552)
W/WindowManager(  169):         at android.os.BinderProxy.sendDeathNotice(Binder.java:417)
W/WindowManager(  169):         at dalvik.system.NativeStart.run(Native Method)
I/WindowManager(  169): WIN DEATH: null
W/WindowManager(  169): Failed looking up window
W/WindowManager(  169): java.lang.IllegalArgumentException: Requested window android.os.BinderProxy@4114e2d0 does not exist
W/WindowManager(  169):         at com.android.server.wm.WindowManagerService.windowForClientLocked(WindowManagerService.java:7184)
W/WindowManager(  169):         at com.android.server.wm.WindowManagerService.windowForClientLocked(WindowManagerService.java:7175)
W/WindowManager(  169):         at com.android.server.wm.WindowState$DeathRecipient.binderDied(WindowState.java:1552)
