I/MountService(  168): onEvent:: raw= 605 Volume usbdisk3 /mnt/vold/usbdisk3 state changed from 0 (No-Media) to 2 (Pending) cooked =  605 Volume usbdisk3 /mnt/vold/usbdisk3 state changed from 0 (No-Media) to 2 (Pending)
I/MountService(  168): notifyVolumeStateChanged::removed
I/MountService(  168): onEvent:: raw= 630 Volume usbdisk3 /mnt/vold/usbdisk3 disk inserted (8:16) cooked =  630 Volume usbdisk3 /mnt/vold/usbdisk3 disk inserted (8:16)
I/MountService(  168): key:/mnt/vold/usbdisk1
I/MountService(  168): value:mounted
I/MountService(  168): key:/mnt/sdcard
I/MountService(  168): value:mounted
I/MountService(  168): key:/mnt/vold/satahdd
I/MountService(  168): value:removed
I/MountService(  168): key:/mnt/vold/usbdisk3
I/MountService(  168): value:removed
I/MountService(  168): key:/mnt/vold/usbdisk2
I/MountService(  168): value:removed
I/MountService(  168): mVolume[0]: /mnt/sdcard
I/MountService(  168): mVolume[1]: /mnt/vold/usbdisk1
I/MountService(  168): mVolume[2]: /mnt/vold/usbdisk2
I/MountService(  168): mVolume[3]: /mnt/vold/usbdisk3
I/MountService(  168): mVolume[4]: /mnt/vold/satahdd
I/MountService(  168): doMountVolume: Mouting usbdisk3
D/VoldCmdListener(   86): volume mount usbdisk3
W/Vold    (   86): get partition mount point:minor:16,mVolumeMinor:16-->/mnt/vold/usbdisk3
W/Vold    (   86):  
W/MountService(  168): Insertion mount failed (-1)
D/DirectVolume(   86): send msg for add partition path.
W/Vold    (   86): get partition mount point:minor:17,mVolumeMinor:16-->/mnt/vold/usbdisk3/sdb1
W/Vold    (   86):  
W/Vold    (   86): get partition mount point:minor:17,mVolumeMinor:16-->/mnt/vold/usbdisk3/sdb1
W/Vold    (   86):  
E/DirectVolume(   86): create mountPoint (/mnt/vold/usbdisk3/sdb1) successfully
D/DirectVolume(   86): Dv:partAdd: Got all partitions - ready to rock!
W/Vold    (   86): Get vold.firstMountDevice=sdcard 
W/Vold    (   86):  
D/Vold    (   86): Volume usbdisk3 state changing 2 (Pending) -> 1 (Idle-Unmounted)
W/Vold    (   86): get partition mount point:minor:0 volume minor:16,mountpoint=/mnt/vold/usbdisk3
W/Vold    (   86):  
W/Vold    (   86): get partition mount point:minor:0 volume minor:16,mountpoint=/mnt/vold/usbdisk3
W/Vold    (   86):  
W/Vold    (   86): get partition mount point:minor:0 volume minor:16,mountpoint=/mnt/vold/usbdisk3
W/Vold    (   86):  
W/Vold    (   86): get partition mount point:minor:0 volume minor:16,mountpoint=/mnt/vold/usbdisk3
W/Vold    (   86):  
D/Vold    (   86): Mountpoint(0) = /mnt/vold/usbdisk3, sChangeNotifyLabel = /mnt/vold/usbdisk3
W/Vold    (   86): get partition mount point:minor:0 volume minor:16,mountpoint=/mnt/vold/usbdisk3
W/Vold    (   86):  
I/MountService(  168): onEvent:: raw= 633 Volume usbdisk3 /mnt/vold/usbdisk3/sdb1 partition mounted (8:16) cooked =  633 Volume usbdisk3 /mnt/vold/usbdisk3/sdb1 partition mounted (8:16)
W/Vold    (   86): get partition mount point:minor:16,mVolumeMinor:16-->/mnt/vold/usbdisk3
W/Vold    (   86):  
E/DirectVolume(   86):  DeviceNodes:maj:main[8:17]
E/DirectVolume(   86):  mDiskNumParts=1
E/Vold    (   86): flags=0,primaryStorage=0
W/Vold    (   86): Get vold.firstMountDevice=sdcard 
W/Vold    (   86):  
D/Vold    (   86): Volume usbdisk3 state changing 1 (Idle-Unmounted) -> 3 (Checking)
W/Vold    (   86): get partition mount point:minor:0 volume minor:16,mountpoint=/mnt/vold/usbdisk3
W/Vold    (   86):  
W/Vold    (   86): get partition mount point:minor:0 volume minor:16,mountpoint=/mnt/vold/usbdisk3
W/Vold    (   86):  
I/MountService(  168): StorageVolume [mAllowMassStorage=false, mDescription=ÄÚ²¿´æ´¢¿Õ¼ä, mEmulated=false, mMaxFileSize=0, mMtpReserveSpace=100, mPath=/mnt/sdcard, mRemovable=true, mStorageId=65537]
W/Vold    (   86): get partition mount point:minor:0 volume minor:16,mountpoint=/mnt/vold/usbdisk3
W/Vold    (   86):  
W/Vold    (   86): get partition mount point:minor:0 volume minor:16,mountpoint=/mnt/vold/usbdisk3
W/Vold    (   86):  
D/Vold    (   86): Mountpoint(0) = /mnt/vold/usbdisk3, sChangeNotifyLabel = /mnt/vold/usbdisk3
W/Vold    (   86): get partition mount point:minor:0 volume minor:16,mountpoint=/mnt/vold/usbdisk3
W/Vold    (   86):  
I/Vold    (   86): /dev/block/vold/8:17 being considered for volume usbdisk3
W/Vold    (   86): get partition mount point:minor:17,mVolumeMinor:16-->/mnt/vold/usbdisk3/sdb1
W/Vold    (   86):  
I/MountService(  168): StorageVolume [mAllowMassStorage=false, mDescription=USB ´æ´¢Æ÷, mEmulated=false, mMaxFileSize=0, mMtpReserveSpace=0, mPath=/mnt/vold/usbdisk1, mRemovable=true, mStorageId=131073]
I/MountService(  168): StorageVolume [mAllowMassStorage=false, mDescription=USB ´æ´¢Æ÷, mEmulated=false, mMaxFileSize=0, mMtpReserveSpace=0, mPath=/mnt/vold/usbdisk2, mRemovable=true, mStorageId=196609]
I/MountService(  168): StorageVolume [mAllowMassStorage=false, mDescription=USB ´æ´¢Æ÷, mEmulated=false, mMaxFileSize=0, mMtpReserveSpace=0, mPath=/mnt/vold/usbdisk3, mRemovable=true, mStorageId=262145]
I/MountService(  168): mVolume[3] disk: /mnt/vold/usbdisk3
I/MountService(  168): mVolume[3] partition: /mnt/vold/usbdisk3/sdb1
I/MountService(  168): StorageVolume [mAllowMassStorage=false, mDescription=USB ´æ´¢Æ÷, mEmulated=false, mMaxFileSize=0, mMtpReserveSpace=0, mPath=/mnt/vold/satahdd, mRemovable=true, mStorageId=327681]
I/MountService(  168): sdcard path = /mnt/sdcard. usbdisk path =/mnt/vold/usbdisk1/sda1
I/MountService(  168): sdcard path = /mnt/sdcard. usbdisk path =/mnt/vold/usbdisk3/sdb1
I/MountService(  168): onEvent:: raw= 605 Volume usbdisk3 /mnt/vold/usbdisk3 state changed from 2 (Pending) to 1 (Idle-Unmounted) cooked =  605 Volume usbdisk3 /mnt/vold/usbdisk3 state changed from 2 (Pending) to 1 (Idle-Unmounted)
I/MountService(  168): notifyVolumeStateChanged::removed
I/MountService(  168): updating volume state for media bad removal nofs and unmountable
D/MountService(  168): volume state changed for /mnt/vold/usbdisk3 (removed -> unmounted)
D/MountService(  168): sendStorageIntent Intent { act=android.intent.action.MEDIA_UNMOUNTED dat=file:///mnt/vold/usbdisk3 (has extras) }
I/MountService(  168): onEvent:: raw= 605 Volume usbdisk3 /mnt/vold/usbdisk3 state changed from 1 (Idle-Unmounted) to 3 (Checking) cooked =  605 Volume usbdisk3 /mnt/vold/usbdisk3 state changed from 1 (Idle-Unmounted) to 3 (Checking)
I/MountService(  168): notifyVolumeStateChanged::unmounted
I/MountService(  168): updating volume state checking
D/MountService(  168): volume state changed for /mnt/vold/usbdisk3 (unmounted -> checking)
D/MountService(  168): sendStorageIntent Intent { act=android.intent.action.MEDIA_CHECKING dat=file:///mnt/vold/usbdisk3 (has extras) }
I/Vold    (   86): /dev/block/vold/8:17 being considered mount to /mnt/vold/usbdisk3/sdb1 for volume usbdisk3
E/Vold    (   86): mount error=0
I/Vold    (   86):   VFAT mount /mnt/vold/usbdisk3/sdb1 successfully
E/Vold    (   86): Volume usbdisk3 found mounting 1 partition sucessfully:(
W/Vold    (   86): Get vold.firstMountDevice=sdcard 
W/Vold    (   86):  
D/Vold    (   86): Volume usbdisk3 state changing 3 (Checking) -> 4 (Mounted)
W/Vold    (   86): get partition mount point:minor:0 volume minor:16,mountpoint=/mnt/vold/usbdisk3
W/Vold    (   86):  
W/Vold    (   86): get partition mount point:minor:0 volume minor:16,mountpoint=/mnt/vold/usbdisk3
W/Vold    (   86):  
W/Vold    (   86): get partition mount point:minor:0 volume minor:16,mountpoint=/mnt/vold/usbdisk3
W/Vold    (   86):  
W/Vold    (   86): get partition mount point:minor:0 volume minor:16,mountpoint=/mnt/vold/usbdisk3
W/Vold    (   86):  
D/Vold    (   86): Mountpoint(0) = /mnt/vold/usbdisk3, sChangeNotifyLabel = /mnt/vold/usbdisk3
W/Vold    (   86): get partition mount point:minor:0 volume minor:16,mountpoint=/mnt/vold/usbdisk3
W/Vold    (   86):  
I/MountService(  168): onEvent:: raw= 605 Volume usbdisk3 /mnt/vold/usbdisk3 state changed from 3 (Checking) to 4 (Mounted) cooked =  605 Volume usbdisk3 /mnt/vold/usbdisk3 state changed from 3 (Checking) to 4 (Mounted)
I/MountService(  168): notifyVolumeStateChanged::checking
I/MountService(  168): updating volume state mounted
D/MountService(  168): volume state changed for /mnt/vold/usbdisk3 (checking -> mounted)
I/MountService(  168): mStorageNum = 2
I/MountService(  168): key:/mnt/vold/usbdisk1
I/MountService(  168): value:mounted
I/MountService(  168): key:/mnt/sdcard
I/MountService(  168): value:mounted
I/MountService(  168): key:/mnt/vold/satahdd
I/MountService(  168): value:removed
I/MountService(  168): key:/mnt/vold/usbdisk3
I/MountService(  168): value:mounted
I/MountService(  168): key:/mnt/vold/usbdisk2
I/MountService(  168): value:removed
I/MountService(  168): mVolume[0]: /mnt/sdcard
I/MountService(  168): mPartitions[0]: /mnt/sdcard
I/MountService(  168): mVolume[1]: /mnt/vold/usbdisk1
I/MountService(  168): mPartitions[0]: /mnt/vold/usbdisk1/sda1
I/MountService(  168): mVolume[2]: /mnt/vold/usbdisk2
I/MountService(  168): mVolume[3]: /mnt/vold/usbdisk3
I/MountService(  168): mPartitions[0]: /mnt/vold/usbdisk3/sdb1
I/MountService(  168): mVolume[4]: /mnt/vold/satahdd
D/MountService(  168): sendStorageIntent Intent { act=android.intent.action.MEDIA_MOUNTED dat=file:///mnt/vold/usbdisk3 (has extras) }
E/NetlinkListener(   86): recvmsg mBuffer:
E/NetlinkListener(   86):  (remove@/devices/platform/MTK_MSDC_1.1/mmc_host/mmc1/mmc1:e624/block/mmcblk1/mmcblk1p1)
W/Vold    (   86): subsys:block
D/NetlinkEvent(   86): NL param 'DEVPATH=/devices/platform/MTK_MSDC_1.1/mmc_host/mmc1/mmc1:e624/block/mmcblk1/mmcblk1p1'
D/NetlinkEvent(   86): NL param 'MAJOR=179'
D/NetlinkEvent(   86): NL param 'MINOR=97'
D/NetlinkEvent(   86): NL param 'DEVNAME=mmcblk1p1'
D/NetlinkEvent(   86): NL param 'DEVTYPE=partition'
D/NetlinkEvent(   86): NL param 'PARTN=1'
D/DirectVolume(   86): send msg for remove partition path.
W/Vold    (   86): get partition mount point:minor:97,mVolumeMinor:96-->/mnt/sdcard
W/Vold    (   86):  
W/Vold    (   86): get partition mount point:minor:97,mVolumeMinor:96-->/mnt/sdcard
W/Vold    (   86):  
D/DirectVolume(   86): Volume sdcard /mnt/sdcard partition 179:97 removed
D/DirectVolume(   86): Volume sdcard all partition  removed
W/Vold    (   86): get partition mount point:minor:97,mVolumeMinor:96-->/mnt/sdcard
W/Vold    (   86):  
W/Vold    (   86): Get vold.firstMountDevice=sdcard 
W/Vold    (   86):  
E/NetlinkListener(   87): recvmsg mBuffer:
E/NetlinkListener(   87):  (remove@/devices/platform/MTK_MSDC_1.1/mmc_host/mmc1/mmc1:e624/block/mmcblk1/mmcblk1p1)
E/DirectVolume(   86):  DeviceNodes:maj:main[179:97]
E/DirectVolume(   86):  mDiskNumParts=1
W/Vold    (   86): Get vold.firstMountDevice=sdcard 
W/Vold    (   86):  
D/Vold    (   86): Volume sdcard state changing 4 (Mounted) -> 5 (Unmounting)
W/Vold    (   86): get partition mount point:minor:0 volume minor:96,mountpoint=/mnt/sdcard
W/Vold    (   86):  
W/Vold    (   86): get partition mount point:minor:0 volume minor:96,mountpoint=/mnt/sdcard
W/Vold    (   86):  
W/Vold    (   86): get partition mount point:minor:0 volume minor:96,mountpoint=/mnt/sdcard
W/Vold    (   86):  
D/Vold    (   86): Mountpoint(0) = /mnt/sdcard, sChangeNotifyLabel = /mnt/sdcard
W/Vold    (   86): get partition mount point:minor:0 volume minor:96,mountpoint=/mnt/sdcard
W/Vold    (   86):  
I/MountService(  168): onEvent:: raw= 634 Volume sdcard /mnt/sdcard partition unmounted (179:96) cooked =  634 Volume sdcard /mnt/sdcard partition unmounted (179:96)
I/MountService(  168): StorageVolume [mAllowMassStorage=false, mDescription=ÄÚ²¿´æ´¢¿Õ¼ä, mEmulated=false, mMaxFileSize=0, mMtpReserveSpace=100, mPath=/mnt/sdcard, mRemovable=true, mStorageId=65537]
I/MountService(  168): mVolume[0] disk: /mnt/sdcard
I/MountService(  168): StorageVolume [mAllowMassStorage=false, mDescription=USB ´æ´¢Æ÷, mEmulated=false, mMaxFileSize=0, mMtpReserveSpace=0, mPath=/mnt/vold/usbdisk1, mRemovable=true, mStorageId=131073]
I/MountService(  168): StorageVolume [mAllowMassStorage=false, mDescription=USB ´æ´¢Æ÷, mEmulated=false, mMaxFileSize=0, mMtpReserveSpace=0, mPath=/mnt/vold/usbdisk2, mRemovable=true, mStorageId=196609]
I/MountService(  168): StorageVolume [mAllowMassStorage=false, mDescription=USB ´æ´¢Æ÷, mEmulated=false, mMaxFileSize=0, mMtpReserveSpace=0, mPath=/mnt/vold/usbdisk3, mRemovable=true, mStorageId=262145]
I/MountService(  168): StorageVolume [mAllowMassStorage=false, mDescription=USB ´æ´¢Æ÷, mEmulated=false, mMaxFileSize=0, mMtpReserveSpace=0, mPath=/mnt/vold/satahdd, mRemovable=true, mStorageId=327681]
I/MountService(  168): sdcard path = null. usbdisk path =/mnt/vold/usbdisk1/sda1
I/MountService(  168): sdcard path = null. usbdisk path =/mnt/vold/usbdisk3/sdb1
I/MountService(  168): onEvent:: raw= 632 Volume sdcard /mnt/sdcard bad removal (179:97) cooked =  632 Volume sdcard /mnt/sdcard bad removal (179:97)
I/MountService(  168): Sending unmounted event first
D/MountService(  168): volume state changed for /mnt/sdcard (mounted -> unmounted)
E/NetlinkListener(   87): recvmsg mBuffer:
E/NetlinkListener(   87):  (remove@/devices/virtual/bdi/179:96)
E/NetlinkListener(   87): recvmsg mBuffer:
E/NetlinkListener(   87):  (remove@/devices/platform/MTK_MSDC_1.1/mmc_host/mmc1/mmc1:e624/block/mmcblk1)
E/NetlinkListener(   87): recvmsg mBuffer:
E/NetlinkListener(   87):  (remove@/devices/platform/MTK_MSDC_1.1/mmc_host/mmc1/mmc1:e624)
D/VoldCmdListener(   86): asec list
I/MountService(  168): Sending media bad removal
D/MountService(  168): volume state changed for /mnt/sdcard (unmounted -> bad_removal)
D/MountService(  168): sendStorageIntent Intent { act=android.intent.action.MEDIA_BAD_REMOVAL dat=file:///mnt/sdcard (has extras) }
I/MountService(  168): onEvent:: raw= 605 Volume sdcard /mnt/sdcard state changed from 4 (Mounted) to 5 (Unmounting) cooked =  605 Volume sdcard /mnt/sdcard state changed from 4 (Mounted) to 5 (Unmounting)
I/MountService(  168): notifyVolumeStateChanged::bad_removal
D/MountService(  168): sendStorageIntent Intent { act=android.intent.action.MEDIA_EJECT dat=file:///mnt/sdcard (has extras) }
W/Vold    (   86): get partition mount point:minor:97,mVolumeMinor:96-->/mnt/sdcard
W/Vold    (   86):  
I/Vold    (   86): /mnt/secure/staging/.android_secure sucessfully unmounted
I/Vold    (   86): /mnt/secure/asec sucessfully unmounted
I/Vold    (   86): /mnt/secure/staging sucessfully unmounted
E/Vold    (   86): Unable to remove dir (/mnt/sdcard)
W/Vold    (   86): get partition mount point:minor:0 volume minor:96,mountpoint=/mnt/sdcard
W/Vold    (   86):  
I/Vold    (   86): /mnt/sdcard unmounted sucessfully
W/Vold    (   86): Get vold.firstMountDevice=sdcard 
W/Vold    (   86):  
D/Vold    (   86): Volume sdcard state changing 5 (Unmounting) -> 1 (Idle-Unmounted)
W/Vold    (   86): get partition mount point:minor:0 volume minor:96,mountpoint=/mnt/sdcard
W/Vold    (   86):  
W/Vold    (   86): get partition mount point:minor:0 volume minor:96,mountpoint=/mnt/sdcard
W/Vold    (   86):  
W/Vold    (   86): get partition mount point:minor:0 volume minor:96,mountpoint=/mnt/sdcard
W/Vold    (   86):  
D/Vold    (   86): Mountpoint(0) = /mnt/sdcard, sChangeNotifyLabel = /mnt/sdcard
W/Vold    (   86): get partition mount point:minor:0 volume minor:96,mountpoint=/mnt/sdcard
W/Vold    (   86):  
D/DirectVolume(   86): Crisis averted
E/NetlinkListener(   86): recvmsg mBuffer:
E/NetlinkListener(   86):  (remove@/devices/virtual/bdi/179:96)
W/Vold    (   86): subsys:bdi
D/NetlinkEvent(   86): NL param 'DEVPATH=/devices/virtual/bdi/179:96'
I/MountService(  168): onEvent:: raw= 605 Volume sdcard /mnt/sdcard state changed from 5 (Unmounting) to 1 (Idle-Unmounted) cooked =  605 Volume sdcard /mnt/sdcard state changed from 5 (Unmounting) to 1 (Idle-Unmounted)
I/MountService(  168): notifyVolumeStateChanged::bad_removal
E/NetlinkListener(   86): recvmsg mBuffer:
E/NetlinkListener(   86):  (remove@/devices/platform/MTK_MSDC_1.1/mmc_host/mmc1/mmc1:e624/block/mmcblk1)
W/Vold    (   86): subsys:block
D/NetlinkEvent(   86): NL param 'DEVPATH=/devices/platform/MTK_MSDC_1.1/mmc_host/mmc1/mmc1:e624/block/mmcblk1'
D/NetlinkEvent(   86): NL param 'MAJOR=179'
D/NetlinkEvent(   86): NL param 'MINOR=96'
D/NetlinkEvent(   86): NL param 'DEVNAME=mmcblk1'
D/NetlinkEvent(   86): NL param 'DEVTYPE=disk'
D/NetlinkEvent(   86): NL param 'NPARTS=0'
W/DirectVolume(   86): Get vold.firstMountDevice=sdcard 
W/DirectVolume(   86):  
W/Vold    (   86): get partition mount point:minor:96,mVolumeMinor:96-->/mnt/sdcard
W/Vold    (   86):  
D/DirectVolume(   86): Volume sdcard /mnt/sdcard disk 179:96 removed
W/Vold    (   86): get partition mount point:minor:96,mVolumeMinor:96-->/mnt/sdcard
W/Vold    (   86):  
W/Vold    (   86): get partition mount point:minor:0 volume minor:96,mountpoint=/mnt/sdcard
W/Vold    (   86):  
W/Vold    (   86): get partition mount point:minor:0 volume minor:96,mountpoint=/mnt/sdcard
W/Vold    (   86):  
I/MountService(  168): onEvent:: raw= 631 Volume sdcard /mnt/sdcard disk removed (179:96) cooked =  631 Volume sdcard /mnt/sdcard disk removed (179:96)
I/MountService(  168): mStorageNum = 2
I/MountService(  168): key:/mnt/vold/usbdisk1
I/MountService(  168): value:mounted
I/MountService(  168): key:/mnt/sdcard
I/MountService(  168): value:bad_removal
I/MountService(  168): key:/mnt/vold/satahdd
I/MountService(  168): value:removed
I/MountService(  168): key:/mnt/vold/usbdisk3
I/MountService(  168): value:mounted
I/MountService(  168): key:/mnt/vold/usbdisk2
I/MountService(  168): value:removed
W/Vold    (   86): Get vold.firstMountDevice=sdcard 
W/Vold    (   86):  
D/Vold    (   86): Volume sdcard state changing 1 (Idle-Unmounted) -> 0 (No-Media)
W/Vold    (   86): get partition mount point:minor:0 volume minor:96,mountpoint=/mnt/sdcard
W/Vold    (   86):  
W/Vold    (   86): get partition mount point:minor:0 volume minor:96,mountpoint=/mnt/sdcard
W/Vold    (   86):  
W/Vold    (   86): get partition mount point:minor:0 volume minor:96,mountpoint=/mnt/sdcard
W/Vold    (   86):  
D/Vold    (   86): Mountpoint(0) = /mnt/sdcard, sChangeNotifyLabel = /mnt/sdcard
W/Vold    (   86): get partition mount point:minor:0 volume minor:96,mountpoint=/mnt/sdcard
W/Vold    (   86):  
W/Vold    (   86): get partition mount point:minor:97,mVolumeMinor:96-->/mnt/sdcard
W/Vold    (   86):  
I/MountService(  168): onEvent:: raw= 605 Volume sdcard /mnt/sdcard state changed from 1 (Idle-Unmounted) to 0 (No-Media) cooked =  605 Volume sdcard /mnt/sdcard state changed from 1 (Idle-Unmounted) to 0 (No-Media)
I/MountService(  168): notifyVolumeStateChanged::bad_removal
E/NetlinkListener(   86): recvmsg mBuffer:
E/NetlinkListener(   86):  (remove@/devices/platform/MTK_MSDC_1.1/mmc_host/mmc1/mmc1:e624)
W/Vold    (   86): subsys:mmc
D/NetlinkEvent(   86): NL param 'DEVPATH=/devices/platform/MTK_MSDC_1.1/mmc_host/mmc1/mmc1:e624'
D/NetlinkEvent(   86): NL param 'MMC_TYPE=SD'
D/NetlinkEvent(   86): NL param 'MMC_NAME=SU08G'
D/NetlinkEvent(   86): NL param 'MODALIAS=mmc:block'
E/NetlinkListener(   87): recvmsg mBuffer:
E/NetlinkListener(   87):  (remove@/devices/platform/MtkUsbHcd.2/usb3/3-1/3-1:1.0/host2/target2:0:0/2:0:0:0/bsg/2:0:0:0)
E/NetlinkListener(   86): recvmsg mBuffer:
E/NetlinkListener(   86):  (remove@/devices/platform/MtkUsbHcd.2/usb3/3-1/3-1:1.0/host2/target2:0:0/2:0:0:0/bsg/2:0:0:0)
W/Vold    (   86): subsys:bsg
D/NetlinkEvent(   86): NL param 'DEVPATH=/devices/platform/MtkUsbHcd.2/usb3/3-1/3-1:1.0/host2/target2:0:0/2:0:0:0/bsg/2:0:0:0'
D/NetlinkEvent(   86): NL param 'MAJOR=253'
D/NetlinkEvent(   86): NL param 'MINOR=1'
D/NetlinkEvent(   86): NL param 'DEVNAME=bsg/2:0:0:0'
E/NetlinkListener(   86): recvmsg mBuffer:
E/NetlinkListener(   86):  (remove@/devices/platform/MtkUsbHcd.2/usb3/3-1/3-1:1.0/host2/target2:0:0/2:0:0:0/scsi_device/2:0:0:0)
W/Vold    (   86): subsys:scsi_device
D/NetlinkEvent(   86): NL param 'DEVPATH=/devices/platform/MtkUsbHcd.2/usb3/3-1/3-1:1.0/host2/target2:0:0/2:0:0:0/scsi_device/2:0:0:0'
E/NetlinkListener(   87): recvmsg mBuffer:
E/NetlinkListener(   87):  (remove@/devices/platform/MtkUsbHcd.2/usb3/3-1/3-1:1.0/host2/target2:0:0/2:0:0:0/scsi_device/2:0:0:0)
E/NetlinkListener(   86): recvmsg mBuffer:
E/NetlinkListener(   86):  (remove@/devices/platform/MtkUsbHcd.2/usb3/3-1/3-1:1.0/host2/target2:0:0/2:0:0:0/scsi_disk/2:0:0:0)
W/Vold    (   86): subsys:scsi_disk
D/NetlinkEvent(   86): NL param 'DEVPATH=/devices/platform/MtkUsbHcd.2/usb3/3-1/3-1:1.0/host2/target2:0:0/2:0:0:0/scsi_disk/2:0:0:0'
E/NetlinkListener(   87): recvmsg mBuffer:
E/NetlinkListener(   87):  (remove@/devices/platform/MtkUsbHcd.2/usb3/3-1/3-1:1.0/host2/target2:0:0/2:0:0:0/scsi_disk/2:0:0:0)
E/NetlinkListener(   87): recvmsg mBuffer:
E/NetlinkListener(   87):  (remove@/devices/platform/MtkUsbHcd.2/usb3/3-1/3-1:1.0/host2/target2:0:0/2:0:0:0/block/sdb/sdb1)
E/NetlinkListener(   86): recvmsg mBuffer:
E/NetlinkListener(   86):  (remove@/devices/platform/MtkUsbHcd.2/usb3/3-1/3-1:1.0/host2/target2:0:0/2:0:0:0/block/sdb/sdb1)
W/Vold    (   86): subsys:block
D/NetlinkEvent(   86): NL param 'DEVPATH=/devices/platform/MtkUsbHcd.2/usb3/3-1/3-1:1.0/host2/target2:0:0/2:0:0:0/block/sdb/sdb1'
D/NetlinkEvent(   86): NL param 'MAJOR=8'
D/NetlinkEvent(   86): NL param 'MINOR=17'
D/NetlinkEvent(   86): NL param 'DEVNAME=sdb1'
D/NetlinkEvent(   86): NL param 'DEVTYPE=partition'
D/NetlinkEvent(   86): NL param 'PARTN=1'
D/DirectVolume(   86): send msg for remove partition path.
W/Vold    (   86): get partition mount point:minor:17,mVolumeMinor:16-->/mnt/vold/usbdisk3/sdb1
W/Vold    (   86):  
W/Vold    (   86): get partition mount point:minor:17,mVolumeMinor:16-->/mnt/vold/usbdisk3/sdb1
W/Vold    (   86):  
D/DirectVolume(   86): Volume usbdisk3 /mnt/vold/usbdisk3/sdb1 partition 8:17 removed
D/DirectVolume(   86): Volume usbdisk3 all partition  removed
W/Vold    (   86): get partition mount point:minor:17,mVolumeMinor:16-->/mnt/vold/usbdisk3/sdb1
W/Vold    (   86):  
W/Vold    (   86): Get vold.firstMountDevice=none 
W/Vold    (   86):  
E/DirectVolume(   86):  DeviceNodes:maj:main[8:17]
E/DirectVolume(   86):  mDiskNumParts=1
W/Vold    (   86): Get vold.firstMountDevice=none 
W/Vold    (   86):  
D/Vold    (   86): Volume usbdisk3 state changing 4 (Mounted) -> 5 (Unmounting)
W/Vold    (   86): get partition mount point:minor:0 volume minor:16,mountpoint=/mnt/vold/usbdisk3
W/Vold    (   86):  
W/Vold    (   86): get partition mount point:minor:0 volume minor:16,mountpoint=/mnt/vold/usbdisk3
W/Vold    (   86):  
W/Vold    (   86): get partition mount point:minor:0 volume minor:16,mountpoint=/mnt/vold/usbdisk3
W/Vold    (   86):  
W/Vold    (   86): get partition mount point:minor:0 volume minor:16,mountpoint=/mnt/vold/usbdisk3
W/Vold    (   86):  
D/Vold    (   86): Mountpoint(0) = /mnt/vold/usbdisk3, sChangeNotifyLabel = /mnt/vold/usbdisk3
W/Vold    (   86): get partition mount point:minor:0 volume minor:16,mountpoint=/mnt/vold/usbdisk3
W/Vold    (   86):  
I/MountService(  168): onEvent:: raw= 634 Volume usbdisk3 /mnt/vold/usbdisk3/sdb1 partition unmounted (8:16) cooked =  634 Volume usbdisk3 /mnt/vold/usbdisk3/sdb1 partition unmounted (8:16)
I/MountService(  168): StorageVolume [mAllowMassStorage=false, mDescription=ÄÚ²¿´æ´¢¿Õ¼ä, mEmulated=false, mMaxFileSize=0, mMtpReserveSpace=100, mPath=/mnt/sdcard, mRemovable=true, mStorageId=65537]
I/MountService(  168): StorageVolume [mAllowMassStorage=false, mDescription=USB ´æ´¢Æ÷, mEmulated=false, mMaxFileSize=0, mMtpReserveSpace=0, mPath=/mnt/vold/usbdisk1, mRemovable=true, mStorageId=131073]
I/MountService(  168): StorageVolume [mAllowMassStorage=false, mDescription=USB ´æ´¢Æ÷, mEmulated=false, mMaxFileSize=0, mMtpReserveSpace=0, mPath=/mnt/vold/usbdisk2, mRemovable=true, mStorageId=196609]
I/MountService(  168): StorageVolume [mAllowMassStorage=false, mDescription=USB ´æ´¢Æ÷, mEmulated=false, mMaxFileSize=0, mMtpReserveSpace=0, mPath=/mnt/vold/usbdisk3, mRemovable=true, mStorageId=262145]
I/MountService(  168): mVolume[3] disk: /mnt/vold/usbdisk3
I/MountService(  168): StorageVolume [mAllowMassStorage=false, mDescription=USB ´æ´¢Æ÷, mEmulated=false, mMaxFileSize=0, mMtpReserveSpace=0, mPath=/mnt/vold/satahdd, mRemovable=true, mStorageId=327681]
I/MountService(  168): sdcard path = null. usbdisk path =/mnt/vold/usbdisk1/sda1
I/MountService(  168): onEvent:: raw= 632 Volume usbdisk3 /mnt/vold/usbdisk3/sdb1 bad removal (8:17) cooked =  632 Volume usbdisk3 /mnt/vold/usbdisk3/sdb1 bad removal (8:17)
I/MountService(  168): Sending unmounted event first
D/MountService(  168): volume state changed for /mnt/vold/usbdisk3/sdb1 (null -> unmounted)
I/MountService(  168): Sending media bad removal
D/MountService(  168): volume state changed for /mnt/vold/usbdisk3/sdb1 (unmounted -> bad_removal)
D/MountService(  168): sendStorageIntent Intent { act=android.intent.action.MEDIA_BAD_REMOVAL dat=file:///mnt/vold/usbdisk3/sdb1 (has extras) }
I/MountService(  168): onEvent:: raw= 605 Volume usbdisk3 /mnt/vold/usbdisk3 state changed from 4 (Mounted) to 5 (Unmounting) cooked =  605 Volume usbdisk3 /mnt/vold/usbdisk3 state changed from 4 (Mounted) to 5 (Unmounting)
I/MountService(  168): notifyVolumeStateChanged::mounted
D/MountService(  168): sendStorageIntent Intent { act=android.intent.action.MEDIA_EJECT dat=file:///mnt/vold/usbdisk3 (has extras) }
E/NetlinkListener(   87): recvmsg mBuffer:
E/NetlinkListener(   87):  (remove@/devices/virtual/bdi/8:16)
E/NetlinkListener(   87): recvmsg mBuffer:
E/NetlinkListener(   87):  (remove@/devices/platform/MtkUsbHcd.2/usb3/3-1/3-1:1.0/host2/target2:0:0/2:0:0:0/block/sdb)
E/NetlinkListener(   87): recvmsg mBuffer:
E/NetlinkListener(   87):  (remove@/devices/platform/MtkUsbHcd.2/usb3/3-1/3-1:1.0/host2/target2:0:0/2:0:0:0)
E/NetlinkListener(   87): recvmsg mBuffer:
E/NetlinkListener(   87):  (remove@/devices/platform/MtkUsbHcd.2/usb3/3-1/3-1:1.0/host2/scsi_host/host2)
E/NetlinkListener(   87): recvmsg mBuffer:
E/NetlinkListener(   87):  (remove@/devices/platform/MtkUsbHcd.2/usb3/3-1/3-1:1.0/host2)
E/NetlinkListener(   87): recvmsg mBuffer:
E/NetlinkListener(   87):  (remove@/devices/platform/MtkUsbHcd.2/usb3/3-1/3-1:1.0)
E/NetlinkListener(   87): recvmsg mBuffer:
E/NetlinkListener(   87):  (remove@/devices/platform/MtkUsbHcd.2/usb3/3-1)
W/Vold    (   86): get partition mount point:minor:17,mVolumeMinor:16-->/mnt/vold/usbdisk3/sdb1
W/Vold    (   86):  
I/Vold    (   86): /mnt/secure/staging/.android_secure sucessfully unmounted
I/Vold    (   86): /mnt/secure/asec sucessfully unmounted
E/NetlinkListener(   87): recvmsg mBuffer:
E/NetlinkListener(   87):  (remove@/host2/target2:0:0)
I/Vold    (   86): /mnt/secure/staging sucessfully unmounted
E/Vold    (   86): remove dir (/mnt/vold/usbdisk3/sdb1) successfully
W/Vold    (   86): get partition mount point:minor:0 volume minor:16,mountpoint=/mnt/vold/usbdisk3
W/Vold    (   86):  
I/Vold    (   86): /mnt/vold/usbdisk3 unmounted sucessfully
W/Vold    (   86): Get vold.firstMountDevice=none 
W/Vold    (   86):  
D/Vold    (   86): Volume usbdisk3 state changing 5 (Unmounting) -> 1 (Idle-Unmounted)
W/Vold    (   86): get partition mount point:minor:0 volume minor:16,mountpoint=/mnt/vold/usbdisk3
W/Vold    (   86):  
W/Vold    (   86): get partition mount point:minor:0 volume minor:16,mountpoint=/mnt/vold/usbdisk3
W/Vold    (   86):  
W/Vold    (   86): get partition mount point:minor:0 volume minor:16,mountpoint=/mnt/vold/usbdisk3
W/Vold    (   86):  
W/Vold    (   86): get partition mount point:minor:0 volume minor:16,mountpoint=/mnt/vold/usbdisk3
W/Vold    (   86):  
D/Vold    (   86): Mountpoint(0) = /mnt/vold/usbdisk3, sChangeNotifyLabel = /mnt/vold/usbdisk3
W/Vold    (   86): get partition mount point:minor:0 volume minor:16,mountpoint=/mnt/vold/usbdisk3
W/Vold    (   86):  
D/DirectVolume(   86): Crisis averted
I/MountService(  168): onEvent:: raw= 605 Volume usbdisk3 /mnt/vold/usbdisk3 state changed from 5 (Unmounting) to 1 (Idle-Unmounted) cooked =  605 Volume usbdisk3 /mnt/vold/usbdisk3 state changed from 5 (Unmounting) to 1 (Idle-Unmounted)
I/MountService(  168): notifyVolumeStateChanged::mounted
I/MountService(  168): updating volume state for media bad removal nofs and unmountable
D/MountService(  168): volume state changed for /mnt/vold/usbdisk3 (mounted -> unmounted)
E/NetlinkListener(   86): recvmsg mBuffer:
E/NetlinkListener(   86):  (remove@/devices/virtual/bdi/8:16)
W/Vold    (   86): subsys:bdi
D/NetlinkEvent(   86): NL param 'DEVPATH=/devices/virtual/bdi/8:16'
E/NetlinkListener(   86): recvmsg mBuffer:
E/NetlinkListener(   86):  (remove@/devices/platform/MtkUsbHcd.2/usb3/3-1/3-1:1.0/host2/target2:0:0/2:0:0:0/block/sdb)
W/Vold    (   86): subsys:block
D/NetlinkEvent(   86): NL param 'DEVPATH=/devices/platform/MtkUsbHcd.2/usb3/3-1/3-1:1.0/host2/target2:0:0/2:0:0:0/block/sdb'
D/NetlinkEvent(   86): NL param 'MAJOR=8'
D/NetlinkEvent(   86): NL param 'MINOR=16'
D/NetlinkEvent(   86): NL param 'DEVNAME=sdb'
D/NetlinkEvent(   86): NL param 'DEVTYPE=disk'
D/NetlinkEvent(   86): NL param 'NPARTS=0'
W/DirectVolume(   86): Get vold.firstMountDevice=none 
W/DirectVolume(   86):  
W/Vold    (   86): get partition mount point:minor:16,mVolumeMinor:16-->/mnt/vold/usbdisk3
W/Vold    (   86):  
D/DirectVolume(   86): Volume usbdisk3 /mnt/vold/usbdisk3 disk 8:16 removed
W/Vold    (   86): get partition mount point:minor:16,mVolumeMinor:16-->/mnt/vold/usbdisk3
W/Vold    (   86):  
W/Vold    (   86): get partition mount point:minor:0 volume minor:16,mountpoint=/mnt/vold/usbdisk3
W/Vold    (   86):  
W/Vold    (   86): get partition mount point:minor:0 volume minor:16,mountpoint=/mnt/vold/usbdisk3
W/Vold    (   86):  
W/Vold    (   86): get partition mount point:minor:0 volume minor:16,mountpoint=/mnt/vold/usbdisk3
W/Vold    (   86):  
W/Vold    (   86): Get vold.firstMountDevice=none 
W/Vold    (   86):  
D/Vold    (   86): Volume usbdisk3 state changing 1 (Idle-Unmounted) -> 0 (No-Media)
W/Vold    (   86): get partition mount point:minor:0 volume minor:16,mountpoint=/mnt/vold/usbdisk3
W/Vold    (   86):  
W/Vold    (   86): get partition mount point:minor:0 volume minor:16,mountpoint=/mnt/vold/usbdisk3
W/Vold    (   86):  
W/Vold    (   86): get partition mount point:minor:0 volume minor:16,mountpoint=/mnt/vold/usbdisk3
W/Vold    (   86):  
W/Vold    (   86): get partition mount point:minor:0 volume minor:16,mountpoint=/mnt/vold/usbdisk3
W/Vold    (   86):  
D/Vold    (   86): Mountpoint(0) = /mnt/vold/usbdisk3, sChangeNotifyLabel = /mnt/vold/usbdisk3
W/Vold    (   86): get partition mount point:minor:0 volume minor:16,mountpoint=/mnt/vold/usbdisk3
W/Vold    (   86):  
W/Vold    (   86): get partition mount point:minor:17,mVolumeMinor:16-->/mnt/vold/usbdisk3/sdb1
W/Vold    (   86):  
E/NetlinkListener(   86): recvmsg mBuffer:
E/NetlinkListener(   86):  (remove@/devices/platform/MtkUsbHcd.2/usb3/3-1/3-1:1.0/host2/target2:0:0/2:0:0:0)
W/Vold    (   86): subsys:scsi
D/NetlinkEvent(   86): NL param 'DEVPATH=/devices/platform/MtkUsbHcd.2/usb3/3-1/3-1:1.0/host2/target2:0:0/2:0:0:0'
D/NetlinkEvent(   86): NL param 'DEVTYPE=scsi_device'
D/NetlinkEvent(   86): NL param 'MODALIAS=scsi:t-0x00'
E/NetlinkListener(   86): recvmsg mBuffer:
E/NetlinkListener(   86):  (remove@/devices/platform/MtkUsbHcd.2/usb3/3-1/3-1:1.0/host2/scsi_host/host2)
W/Vold    (   86): subsys:scsi_host
D/NetlinkEvent(   86): NL param 'DEVPATH=/devices/platform/MtkUsbHcd.2/usb3/3-1/3-1:1.0/host2/scsi_host/host2'
E/NetlinkListener(   86): recvmsg mBuffer:
E/NetlinkListener(   86):  (remove@/devices/platform/MtkUsbHcd.2/usb3/3-1/3-1:1.0/host2)
W/Vold    (   86): subsys:scsi
D/NetlinkEvent(   86): NL param 'DEVPATH=/devices/platform/MtkUsbHcd.2/usb3/3-1/3-1:1.0/host2'
D/NetlinkEvent(   86): NL param 'DEVTYPE=scsi_host'
E/NetlinkListener(   86): recvmsg mBuffer:
E/NetlinkListener(   86):  (remove@/devices/platform/MtkUsbHcd.2/usb3/3-1/3-1:1.0)
W/Vold    (   86): subsys:usb
D/NetlinkEvent(   86): NL param 'DEVPATH=/devices/platform/MtkUsbHcd.2/usb3/3-1/3-1:1.0'
D/NetlinkEvent(   86): NL param 'DEVTYPE=usb_interface'
D/NetlinkEvent(   86): NL param 'DEVICE=/proc/bus/usb/003/002'
D/NetlinkEvent(   86): NL param 'PRODUCT=951/1665/100'
D/NetlinkEvent(   86): NL param 'TYPE=0/0/0'
D/NetlinkEvent(   86): NL param 'INTERFACE=8/6/80'
D/NetlinkEvent(   86): NL param 'MODALIAS=usb:v0951p1665d0100dc00dsc00dp00ic08isc06ip50'
E/NetlinkListener(   86): recvmsg mBuffer:
E/NetlinkListener(   86):  (remove@/devices/platform/MtkUsbHcd.2/usb3/3-1)
W/Vold    (   86): subsys:usb
D/NetlinkEvent(   86): NL param 'DEVPATH=/devices/platform/MtkUsbHcd.2/usb3/3-1'
D/NetlinkEvent(   86): NL param 'MAJOR=189'
D/NetlinkEvent(   86): NL param 'MINOR=257'
D/NetlinkEvent(   86): NL param 'DEVNAME=bus/usb/003/002'
D/NetlinkEvent(   86): NL param 'DEVTYPE=usb_device'
D/NetlinkEvent(   86): NL param 'DEVICE=/proc/bus/usb/003/002'
D/NetlinkEvent(   86): NL param 'PRODUCT=951/1665/100'
D/NetlinkEvent(   86): NL param 'TYPE=0/0/0'
D/NetlinkEvent(   86): NL param 'BUSNUM=003'
D/NetlinkEvent(   86): NL param 'DEVNUM=002'
E/NetlinkListener(   86): recvmsg mBuffer:
E/NetlinkListener(   86):  (remove@/host2/target2:0:0)
W/Vold    (   86): subsys:scsi
D/NetlinkEvent(   86): NL param 'DEVPATH=/host2/target2:0:0'
D/NetlinkEvent(   86): NL param 'DEVTYPE=scsi_target'
D/MountService(  168): sendStorageIntent Intent { act=android.intent.action.MEDIA_UNMOUNTED dat=file:///mnt/vold/usbdisk3 (has extras) }
I/MountService(  168): onEvent:: raw= 631 Volume usbdisk3 /mnt/vold/usbdisk3 disk removed (8:16) cooked =  631 Volume usbdisk3 /mnt/vold/usbdisk3 disk removed (8:16)
I/MountService(  168): mStorageNum = 1
I/MountService(  168): key:/mnt/vold/usbdisk1
I/MountService(  168): value:mounted
I/MountService(  168): key:/mnt/vold/usbdisk3/sdb1
I/MountService(  168): value:bad_removal
I/MountService(  168): key:/mnt/sdcard
I/MountService(  168): value:bad_removal
I/MountService(  168): key:/mnt/vold/satahdd
I/MountService(  168): value:removed
I/MountService(  168): key:/mnt/vold/usbdisk3
I/MountService(  168): value:unmounted
I/MountService(  168): key:/mnt/vold/usbdisk2
I/MountService(  168): value:removed
I/MountService(  168): Sending unmounted event first
W/MountService(  168): Duplicate state transition (unmounted -> unmounted) for /mnt/vold/usbdisk3
D/MountService(  168): sendStorageIntent Intent { act=unmounted dat=file:///mnt/vold/usbdisk3 (has extras) }
I/MountService(  168): Sending media removed
D/MountService(  168): volume state changed for /mnt/vold/usbdisk3 (unmounted -> removed)
D/MountService(  168): sendStorageIntent Intent { act=android.intent.action.MEDIA_REMOVED dat=file:///mnt/vold/usbdisk3 (has extras) }
I/MountService(  168): onEvent:: raw= 605 Volume usbdisk3 /mnt/vold/usbdisk3 state changed from 1 (Idle-Unmounted) to 0 (No-Media) cooked =  605 Volume usbdisk3 /mnt/vold/usbdisk3 state changed from 1 (Idle-Unmounted) to 0 (No-Media)
I/MountService(  168): notifyVolumeStateChanged::removed
--------- beginning of /dev/log/main
E/CmpbPlayerManager(   96): [CmpbPlayerManager][CMPB_BP_CHECK_PLAYER] pPlayer  0x7fefb0 
I/CmpbPlayerManager(   96): [CmpbPlayerManager] vCheckPlayer :0x7fefb0
E/CmpbPlayer(   92): [CMPBPLAYER][ERROR][CmpbMgrThread]line:4602 ===========>: this 0x7fefb0 need 0, mState=5
D/MediaProvider(  390): object removed 780
D/MediaProvider(  390): object removed 560
D/MediaProvider(  390): object removed 273
D/MediaProvider(  390): object removed 1231
D/MediaProvider(  390): object removed 1524
D/MediaProvider(  390): object removed 298
D/MediaProvider(  390): object removed 1442
D/MediaProvider(  390): object removed 212
D/MediaProvider(  390): object removed 1261
D/MediaProvider(  390): object removed 600
D/MediaProvider(  390): object removed 32
D/MediaProvider(  390): object removed 1607
D/MediaProvider(  390): object removed 119
D/MediaProvider(  390): object removed 1091
E/CmpbPlayerManager(   92): [CmpbPlayerManager] Found media.playermanager, LINE 970 
E/CmpbPlayerManager(   92): [CmpbPlayerManager] fgBpNeedStopPlayer pPlayer  0x7fefb0 
E/CmpbPlayerManager(   96): [CmpbPlayerManager][CMPB_BP_CHECK_PLAYER] pPlayer  0x7fefb0 
I/CmpbPlayerManager(   96): [CmpbPlayerManager] vCheckPlayer :0x7fefb0
E/CmpbPlayer(   92): [CMPBPLAYER][ERROR][CmpbMgrThread]line:4602 ===========>: this 0x7fefb0 need 0, mState=5
D/MediaProvider(  390): object removed 186
D/MediaProvider(  390): object removed 883
D/MediaProvider(  390): object removed 910
D/MediaProvider(  390): object removed 283
D/MediaProvider(  390): object removed 1254
D/MediaProvider(  390): object removed 1020
D/MediaProvider(  390): object removed 503
D/MediaProvider(  390): object removed 1390
D/MediaProvider(  390): object removed 1150
D/MediaProvider(  390): object removed 924
D/MediaProvider(  390): object removed 1605
D/MediaProvider(  390): object removed 1267
D/MediaProvider(  390): object removed 494
D/MediaProvider(  390): object removed 406
E/CmpbPlayerManager(   92): [CmpbPlayerManager] Found media.playermanager, LINE 970 
E/CmpbPlayerManager(   92): [CmpbPlayerManager] fgBpNeedStopPlayer pPlayer  0x7fefb0 
E/CmpbPlayerManager(   96): [CmpbPlayerManager][CMPB_BP_CHECK_PLAYER] pPlayer  0x7fefb0 
I/CmpbPlayerManager(   96): [CmpbPlayerManager] vCheckPlayer :0x7fefb0
E/CmpbPlayer(   92): [CMPBPLAYER][ERROR][CmpbMgrThread]line:4602 ===========>: this 0x7fefb0 need 0, mState=5
D/MediaProvider(  390): object removed 536
D/MediaProvider(  390): object removed 367
D/dalvikvm(  390): GC_CONCURRENT freed 403K, 15% free 5883K/6855K, paused 1ms+6ms
D/MediaProvider(  390): object removed 237
D/MediaProvider(  390): object removed 1371
D/MediaProvider(  390): object removed 1294
D/MediaProvider(  390): object removed 1543
D/MediaProvider(  390): object removed 601
D/MediaProvider(  390): object removed 915
D/MediaProvider(  390): object removed 1123
D/MediaProvider(  390): object removed 1050
D/MediaProvider(  390): object removed 1321
D/MediaProvider(  390): object removed 1130
D/MediaProvider(  390): object removed 230
D/MediaProvider(  390): object removed 803
D/MediaProvider(  390): object removed 1433
D/MediaProvider(  390): object removed 588
D/MediaProvider(  390): object removed 112
D/MediaProvider(  390): object removed 310
E/CmpbPlayerManager(   92): [CmpbPlayerManager] Found media.playermanager, LINE 970 
E/CmpbPlayerManager(   92): [CmpbPlayerManager] fgBpNeedStopPlayer pPlayer  0x7fefb0 
E/CmpbPlayerManager(   96): [CmpbPlayerManager][CMPB_BP_CHECK_PLAYER] pPlayer  0x7fefb0 
I/CmpbPlayerManager(   96): [CmpbPlayerManager] vCheckPlayer :0x7fefb0
E/CmpbPlayer(   92): [CMPBPLAYER][ERROR][CmpbMgrThread]line:4602 ===========>: this 0x7fefb0 need 0, mState=5
D/MediaProvider(  390): object removed 325
D/MediaProvider(  390): object removed 145
D/MediaProvider(  390): object removed 1346
D/MediaProvider(  390): object removed 24
D/MediaProvider(  390): object removed 1714
D/MediaProvider(  390): object removed 1178
D/MediaProvider(  390): object removed 199
D/MediaProvider(  390): object removed 476
D/MediaProvider(  390): object removed 93
D/MediaProvider(  390): object removed 81
D/MediaProvider(  390): object removed 830
E/CmpbPlayerManager(   92): [CmpbPlayerManager] Found media.playermanager, LINE 970 
E/CmpbPlayerManager(   92): [CmpbPlayerManager] fgBpNeedStopPlayer pPlayer  0x7fefb0 
E/CmpbPlayerManager(   96): [CmpbPlayerManager][CMPB_BP_CHECK_PLAYER] pPlayer  0x7fefb0 
I/CmpbPlayerManager(   96): [CmpbPlayerManager] vCheckPlayer :0x7fefb0
E/CmpbPlayer(   92): [CMPBPLAYER][ERROR][CmpbMgrThread]line:4602 ===========>: this 0x7fefb0 need 0, mState=5
D/MediaProvider(  390): object removed 1741
D/MediaProvider(  390): object removed 814
D/MediaProvider(  390): object removed 1095
D/MediaProvider(  390): object removed 861
D/MediaProvider(  390): object removed 671
D/MediaProvider(  390): object removed 203
D/MediaProvider(  390): object removed 1825
D/MediaProvider(  390): object removed 1597
D/MediaProvider(  390): object removed 1316
D/MediaProvider(  390): object removed 1594
D/MediaProvider(  390): object removed 527
D/MediaProvider(  390): object removed 935
D/MediaProvider(  390): object removed 539
D/MediaProvider(  390): object removed 97
E/CmpbPlayerManager(   92): [CmpbPlayerManager] Found media.playermanager, LINE 970 
E/CmpbPlayerManager(   92): [CmpbPlayerManager] fgBpNeedStopPlayer pPlayer  0x7fefb0 
E/CmpbPlayerManager(   96): [CmpbPlayerManager][CMPB_BP_CHECK_PLAYER] pPlayer  0x7fefb0 
I/CmpbPlayerManager(   96): [CmpbPlayerManager] vCheckPlayer :0x7fefb0
E/CmpbPlayer(   92): [CMPBPLAYER][ERROR][CmpbMgrThread]line:4602 ===========>: this 0x7fefb0 need 0, mState=5
D/MediaProvider(  390): object removed 667
D/MediaProvider(  390): object removed 441
D/MediaProvider(  390): object removed 1235
D/MediaProvider(  390): object removed 103
D/MediaProvider(  390): object removed 1259
D/MediaProvider(  390): object removed 628
D/MediaProvider(  390): object removed 666
D/MediaProvider(  390): object removed 1725
D/MediaProvider(  390): object removed 1167
D/MediaProvider(  390): object removed 673
D/MediaProvider(  390): object removed 655
D/MediaProvider(  390): object removed 300
D/MediaProvider(  390): object removed 707
D/dalvikvm(  390): GC_CONCURRENT freed 404K, 15% free 5865K/6855K, paused 2ms+2ms
E/CmpbPlayerManager(   92): [CmpbPlayerManager] Found media.playermanager, LINE 970 
E/CmpbPlayerManager(   92): [CmpbPlayerManager] fgBpNeedStopPlayer pPlayer  0x7fefb0 
E/CmpbPlayerManager(   96): [CmpbPlayerManager][CMPB_BP_CHECK_PLAYER] pPlayer  0x7fefb0 
I/CmpbPlayerManager(   96): [CmpbPlayerManager] vCheckPlayer :0x7fefb0
E/CmpbPlayer(   92): [CMPBPLAYER][ERROR][CmpbMgrThread]line:4602 ===========>: this 0x7fefb0 need 0, mState=5
D/MediaProvider(  390): object removed 1169
D/MediaProvider(  390): object removed 1147
D/MediaProvider(  390): object removed 63
D/MediaProvider(  390): object removed 1563
D/MediaProvider(  390): object removed 741
D/MediaProvider(  390): object removed 264
D/MediaProvider(  390): object removed 980
D/MediaProvider(  390): object removed 583
D/MediaProvider(  390): object removed 1578
E/CmpbPlayerManager(   92): [CmpbPlayerManager] Found media.playermanager, LINE 970 
E/CmpbPlayerManager(   92): [CmpbPlayerManager] fgBpNeedStopPlayer pPlayer  0x7fefb0 
E/CmpbPlayerManager(   96): [CmpbPlayerManager][CMPB_BP_CHECK_PLAYER] pPlayer  0x7fefb0 
I/CmpbPlayerManager(   96): [CmpbPlayerManager] vCheckPlayer :0x7fefb0
E/CmpbPlayer(   92): [CMPBPLAYER][ERROR][CmpbMgrThread]line:4602 ===========>: this 0x7fefb0 need 0, mState=5
D/MediaProvider(  390): object removed 656
D/MediaProvider(  390): object removed 1546
D/MediaProvider(  390): object removed 1041
D/MediaProvider(  390): object removed 868
D/MediaProvider(  390): object removed 1120
D/MediaProvider(  390): object removed 1245
D/MediaProvider(  390): object removed 938
D/MediaProvider(  390): object removed 1451
D/MediaProvider(  390): object removed 944
D/MediaProvider(  390): object removed 468
E/CmpbPlayerManager(   92): [CmpbPlayerManager] Found media.playermanager, LINE 970 
E/CmpbPlayerManager(   92): [CmpbPlayerManager] fgBpNeedStopPlayer pPlayer  0x7fefb0 
E/CmpbPlayerManager(   96): [CmpbPlayerManager][CMPB_BP_CHECK_PLAYER] pPlayer  0x7fefb0 
I/CmpbPlayerManager(   96): [CmpbPlayerManager] vCheckPlayer :0x7fefb0
E/CmpbPlayer(   92): [CMPBPLAYER][ERROR][CmpbMgrThread]line:4602 ===========>: this 0x7fefb0 need 0, mState=5
D/MediaProvider(  390): object removed 841
D/MediaProvider(  390): object removed 1280
D/MediaProvider(  390): object removed 963
D/MediaProvider(  390): object removed 69
D/MediaProvider(  390): object removed 1493
D/MediaProvider(  390): object removed 128
D/MediaProvider(  390): object removed 262
D/MediaProvider(  390): object removed 1528
D/MediaProvider(  390): object removed 1271
D/MediaProvider(  390): object removed 1136
D/MediaProvider(  390): object removed 1656
D/MediaProvider(  390): object removed 253
D/MediaProvider(  390): object removed 970
D/MediaProvider(  390): object removed 328
D/MediaProvider(  390): object removed 220
E/CmpbPlayerManager(   92): [CmpbPlayerManager] Found media.playermanager, LINE 970 
E/CmpbPlayerManager(   92): [CmpbPlayerManager] fgBpNeedStopPlayer pPlayer  0x7fefb0 
E/CmpbPlayerManager(   96): [CmpbPlayerManager][CMPB_BP_CHECK_PLAYER] pPlayer  0x7fefb0 
I/CmpbPlayerManager(   96): [CmpbPlayerManager] vCheckPlayer :0x7fefb0
E/CmpbPlayer(   92): [CMPBPLAYER][ERROR][CmpbMgrThread]line:4602 ===========>: this 0x7fefb0 need 0, mState=5
D/MediaProvider(  390): object removed 173
D/MediaProvider(  390): object removed 56
D/MediaProvider(  390): object removed 997
D/MediaProvider(  390): object removed 77
D/MediaProvider(  390): object removed 64
D/MediaProvider(  390): object removed 322
D/MediaProvider(  390): object removed 1318
D/MediaProvider(  390): object removed 80
D/MediaProvider(  390): object removed 1401
D/MediaProvider(  390): object removed 1054
D/MediaProvider(  390): object removed 652
E/CmpbPlayerManager(   92): [CmpbPlayerManager] Found media.playermanager, LINE 970 
E/CmpbPlayerManager(   92): [CmpbPlayerManager] fgBpNeedStopPlayer pPlayer  0x7fefb0 
E/CmpbPlayerManager(   96): [CmpbPlayerManager][CMPB_BP_CHECK_PLAYER] pPlayer  0x7fefb0 
I/CmpbPlayerManager(   96): [CmpbPlayerManager] vCheckPlayer :0x7fefb0
E/CmpbPlayer(   92): [CMPBPLAYER][ERROR][CmpbMgrThread]line:4602 ===========>: this 0x7fefb0 need 0, mState=5
D/MediaProvider(  390): object removed 29
D/MediaProvider(  390): object removed 1566
D/MediaProvider(  390): object removed 1248
D/MediaProvider(  390): object removed 699
D/MediaProvider(  390): object removed 649
D/MediaProvider(  390): object removed 1688
D/MediaProvider(  390): object removed 356
D/MediaProvider(  390): object removed 1217
D/MediaProvider(  390): object removed 499
D/dalvikvm(  390): GC_CONCURRENT freed 404K, 15% free 5846K/6855K, paused 1ms+2ms
D/MediaProvider(  390): object removed 1435
D/MediaProvider(  390): object removed 714
D/MediaProvider(  390): object removed 1584
D/MediaProvider(  390): object removed 916
D/MediaProvider(  390): object removed 475
D/MediaProvider(  390): object removed 1850
D/MediaProvider(  390): object removed 332
D/MediaProvider(  390): object removed 168
E/CmpbPlayerManager(   92): [CmpbPlayerManager] Found media.playermanager, LINE 970 
E/CmpbPlayerManager(   92): [CmpbPlayerManager] fgBpNeedStopPlayer pPlayer  0x7fefb0 
E/CmpbPlayerManager(   96): [CmpbPlayerManager][CMPB_BP_CHECK_PLAYER] pPlayer  0x7fefb0 
I/CmpbPlayerManager(   96): [CmpbPlayerManager] vCheckPlayer :0x7fefb0
E/CmpbPlayer(   92): [CMPBPLAYER][ERROR][CmpbMgrThread]line:4602 ===========>: this 0x7fefb0 need 0, mState=5
D/MediaProvider(  390): object removed 889
D/MediaProvider(  390): object removed 797
D/MediaProvider(  390): object removed 6
D/MediaProvider(  390): object removed 951
D/MediaProvider(  390): object removed 1671
D/MediaProvider(  390): object removed 1735
D/MediaProvider(  390): object removed 1386
D/MediaProvider(  390): object removed 663
D/MediaProvider(  390): object removed 412
D/MediaProvider(  390): object removed 1469
D/MediaProvider(  390): object removed 301
D/MediaProvider(  390): object removed 1183
D/MediaProvider(  390): object removed 1081
E/CmpbPlayerManager(   92): [CmpbPlayerManager] Found media.playermanager, LINE 970 
E/CmpbPlayerManager(   92): [CmpbPlayerManager] fgBpNeedStopPlayer pPlayer  0x7fefb0 
E/CmpbPlayerManager(   96): [CmpbPlayerManager][CMPB_BP_CHECK_PLAYER] pPlayer  0x7fefb0 
I/CmpbPlayerManager(   96): [CmpbPlayerManager] vCheckPlayer :0x7fefb0
E/CmpbPlayer(   92): [CMPBPLAYER][ERROR][CmpbMgrThread]line:4602 ===========>: this 0x7fefb0 need 0, mState=5
D/MediaProvider(  390): object removed 1175
D/MediaProvider(  390): object removed 816
D/MediaProvider(  390): object removed 50
D/MediaProvider(  390): object removed 473
D/MediaProvider(  390): object removed 1561
D/MediaProvider(  390): object removed 1288
D/MediaProvider(  390): object removed 1484
D/MediaProvider(  390): object removed 1603
D/MediaProvider(  390): object removed 1591
D/MediaProvider(  390): object removed 1664
D/MediaProvider(  390): object removed 896
D/MediaProvider(  390): object removed 1470
D/MediaProvider(  390): object removed 1600
D/MediaProvider(  390): object removed 272
D/MediaProvider(  390): object removed 91
D/MediaProvider(  390): object removed 744
D/MediaProvider(  390): object removed 48
D/MediaProvider(  390): object removed 717
D/MediaProvider(  390): object removed 1068
D/MediaProvider(  390): object removed 1542
E/CmpbPlayerManager(   92): [CmpbPlayerManager] Found media.playermanager, LINE 970 
E/CmpbPlayerManager(   92): [CmpbPlayerManager] fgBpNeedStopPlayer pPlayer  0x7fefb0 
E/CmpbPlayerManager(   96): [CmpbPlayerManager][CMPB_BP_CHECK_PLAYER] pPlayer  0x7fefb0 
I/CmpbPlayerManager(   96): [CmpbPlayerManager] vCheckPlayer :0x7fefb0
E/CmpbPlayer(   92): [CMPBPLAYER][ERROR][CmpbMgrThread]line:4602 ===========>: this 0x7fefb0 need 0, mState=5
D/MediaProvider(  390): object removed 354
D/MediaProvider(  390): object removed 1199
D/MediaProvider(  390): object removed 531
D/MediaProvider(  390): object removed 893
D/MediaProvider(  390): object removed 1356
D/MediaProvider(  390): object removed 110
D/MediaProvider(  390): object removed 293
E/CmpbPlayerManager(   92): [CmpbPlayerManager] Found media.playermanager, LINE 970 
E/CmpbPlayerManager(   92): [CmpbPlayerManager] fgBpNeedStopPlayer pPlayer  0x7fefb0 
E/CmpbPlayerManager(   96): [CmpbPlayerManager][CMPB_BP_CHECK_PLAYER] pPlayer  0x7fefb0 
I/CmpbPlayerManager(   96): [CmpbPlayerManager] vCheckPlayer :0x7fefb0
E/CmpbPlayer(   92): [CMPBPLAYER][ERROR][CmpbMgrThread]line:4602 ===========>: this 0x7fefb0 need 0, mState=5
D/MediaProvider(  390): object removed 1168
D/MediaProvider(  390): object removed 1296
D/MediaProvider(  390): object removed 767
D/MediaProvider(  390): object removed 510
D/MediaProvider(  390): object removed 549
D/MediaProvider(  390): object removed 586
