E/CmpbPlayerManager(   92): [CmpbPlayerManager] fgBpNeedStopPlayer pPlayer  0x7fefb0 
E/CmpbPlayerManager(   96): [CmpbPlayerManager][CMPB_BP_CHECK_PLAYER] pPlayer  0x7fefb0 
I/CmpbPlayerManager(   96): [CmpbPlayerManager] vCheckPlayer :0x7fefb0
E/CmpbPlayer(   92): [CMPBPLAYER][ERROR][CmpbMgrThread]line:4602 ===========>: this 0x7fefb0 need 0, mState=5
D/MediaProvider(  390): object removed 192
D/MediaProvider(  390): object removed 976
D/MediaProvider(  390): object removed 1077
D/MediaProvider(  390): object removed 926
D/MediaProvider(  390): object removed 14
D/MediaProvider(  390): object removed 1114
D/MediaProvider(  390): object removed 664
D/MediaProvider(  390): object removed 142
D/MediaProvider(  390): object removed 1767
D/MediaProvider(  390): object removed 440
D/MediaProvider(  390): object removed 1847
D/MediaProvider(  390): object removed 1628
D/MediaProvider(  390): object removed 85
D/MediaProvider(  390): object removed 1278
E/CmpbPlayerManager(   92): [CmpbPlayerManager] Found media.playermanager, LINE 970 
E/CmpbPlayerManager(   92): [CmpbPlayerManager] fgBpNeedStopPlayer pPlayer  0x7fefb0 
E/CmpbPlayerManager(   96): [CmpbPlayerManager][CMPB_BP_CHECK_PLAYER] pPlayer  0x7fefb0 
I/CmpbPlayerManager(   96): [CmpbPlayerManager] vCheckPlayer :0x7fefb0
E/CmpbPlayer(   92): [CMPBPLAYER][ERROR][CmpbMgrThread]line:4602 ===========>: this 0x7fefb0 need 0, mState=5
D/MediaProvider(  390): object removed 1648
D/MediaProvider(  390): object removed 250
D/MediaProvider(  390): object removed 847
D/MediaProvider(  390): object removed 1380
D/MediaProvider(  390): object removed 366
D/MediaProvider(  390): object removed 400
D/MediaProvider(  390): object removed 793
D/MediaProvider(  390): object removed 1667
D/MediaProvider(  390): object removed 1127
E/CmpbPlayerManager(   92): [CmpbPlayerManager] Found media.playermanager, LINE 970 
E/CmpbPlayerManager(   92): [CmpbPlayerManager] fgBpNeedStopPlayer pPlayer  0x7fefb0 
E/CmpbPlayerManager(   96): [CmpbPlayerManager][CMPB_BP_CHECK_PLAYER] pPlayer  0x7fefb0 
I/CmpbPlayerManager(   96): [CmpbPlayerManager] vCheckPlayer :0x7fefb0
E/CmpbPlayer(   92): [CMPBPLAYER][ERROR][CmpbMgrThread]line:4602 ===========>: this 0x7fefb0 need 0, mState=5
D/MediaProvider(  390): object removed 1353
D/MediaProvider(  390): object removed 894
D/MediaProvider(  390): object removed 1631
D/MediaProvider(  390): object removed 1093
D/MediaProvider(  390): object removed 716
D/MediaProvider(  390): object removed 1819
D/dalvikvm(  390): GC_CONCURRENT freed 405K, 19% free 5611K/6855K, paused 1ms+2ms
D/MediaProvider(  390): object removed 1335
D/MediaProvider(  390): object removed 1719
D/MediaProvider(  390): object removed 1388
D/MediaProvider(  390): object removed 1421
D/MediaProvider(  390): object removed 1355
D/MediaProvider(  390): object removed 425
D/MediaProvider(  390): object removed 725
D/MediaProvider(  390): object removed 880
D/MediaProvider(  390): object removed 458
E/CmpbPlayerManager(   92): [CmpbPlayerManager] Found media.playermanager, LINE 970 
E/CmpbPlayerManager(   92): [CmpbPlayerManager] fgBpNeedStopPlayer pPlayer  0x7fefb0 
E/CmpbPlayerManager(   96): [CmpbPlayerManager][CMPB_BP_CHECK_PLAYER] pPlayer  0x7fefb0 
I/CmpbPlayerManager(   96): [CmpbPlayerManager] vCheckPlayer :0x7fefb0
E/CmpbPlayer(   92): [CMPBPLAYER][ERROR][CmpbMgrThread]line:4602 ===========>: this 0x7fefb0 need 0, mState=5
D/MediaProvider(  390): object removed 1131
D/MediaProvider(  390): object removed 1323
D/MediaProvider(  390): object removed 1305
D/MediaProvider(  390): object removed 1511
D/MediaProvider(  390): object removed 4
D/MediaProvider(  390): object removed 1787
D/MediaProvider(  390): object removed 959
D/MediaProvider(  390): object removed 1024
D/MediaProvider(  390): object removed 1592
D/MediaProvider(  390): object removed 1062
D/MediaProvider(  390): object removed 1212
D/MediaProvider(  390): object removed 748
D/MediaProvider(  390): object removed 18
D/MediaProvider(  390): object removed 385
D/MediaProvider(  390): object removed 395
D/MediaProvider(  390): object removed 851
D/MediaProvider(  390): object removed 1161
E/CmpbPlayerManager(   92): [CmpbPlayerManager] Found media.playermanager, LINE 970 
E/CmpbPlayerManager(   92): [CmpbPlayerManager] fgBpNeedStopPlayer pPlayer  0x7fefb0 
E/CmpbPlayerManager(   96): [CmpbPlayerManager][CMPB_BP_CHECK_PLAYER] pPlayer  0x7fefb0 
I/CmpbPlayerManager(   96): [CmpbPlayerManager] vCheckPlayer :0x7fefb0
E/CmpbPlayer(   92): [CMPBPLAYER][ERROR][CmpbMgrThread]line:4602 ===========>: this 0x7fefb0 need 0, mState=5
D/MediaProvider(  390): object removed 60
D/MediaProvider(  390): object removed 620
D/MediaProvider(  390): object removed 1585
D/MediaProvider(  390): object removed 452
D/MediaProvider(  390): object removed 1573
D/MediaProvider(  390): object removed 621
D/MediaProvider(  390): object removed 388
D/MediaProvider(  390): object removed 1775
D/MediaProvider(  390): object removed 710
D/MediaProvider(  390): object removed 1051
D/MediaProvider(  390): object removed 808
D/MediaProvider(  390): object removed 1385
E/CmpbPlayerManager(   92): [CmpbPlayerManager] Found media.playermanager, LINE 970 
E/CmpbPlayerManager(   92): [CmpbPlayerManager] fgBpNeedStopPlayer pPlayer  0x7fefb0 
E/CmpbPlayerManager(   96): [CmpbPlayerManager][CMPB_BP_CHECK_PLAYER] pPlayer  0x7fefb0 
I/CmpbPlayerManager(   96): [CmpbPlayerManager] vCheckPlayer :0x7fefb0
E/CmpbPlayer(   92): [CMPBPLAYER][ERROR][CmpbMgrThread]line:4602 ===========>: this 0x7fefb0 need 0, mState=5
D/MediaProvider(  390): object removed 661
D/MediaProvider(  390): object removed 1313
D/MediaProvider(  390): object removed 1803
D/MediaProvider(  390): object removed 340
D/MediaProvider(  390): object removed 1828
D/MediaProvider(  390): object removed 838
D/MediaProvider(  390): object removed 742
D/MediaProvider(  390): object removed 1357
D/MediaProvider(  390): object removed 993
D/MediaProvider(  390): object removed 1495
D/MediaProvider(  390): object removed 1544
D/MediaProvider(  390): object removed 1342
D/MediaProvider(  390): object removed 987
D/MediaProvider(  390): object removed 1550
D/MediaProvider(  390): object removed 1801
E/CmpbPlayerManager(   92): [CmpbPlayerManager] Found media.playermanager, LINE 970 
E/CmpbPlayerManager(   92): [CmpbPlayerManager] fgBpNeedStopPlayer pPlayer  0x7fefb0 
E/CmpbPlayerManager(   96): [CmpbPlayerManager][CMPB_BP_CHECK_PLAYER] pPlayer  0x7fefb0 
I/CmpbPlayerManager(   96): [CmpbPlayerManager] vCheckPlayer :0x7fefb0
E/CmpbPlayer(   92): [CMPBPLAYER][ERROR][CmpbMgrThread]line:4602 ===========>: this 0x7fefb0 need 0, mState=5
D/MediaProvider(  390): object removed 1808
D/dalvikvm(  390): GC_CONCURRENT freed 402K, 19% free 5596K/6855K, paused 1ms+2ms
D/MediaProvider(  390): object removed 565
D/MediaProvider(  390): object removed 462
D/MediaProvider(  390): object removed 1739
D/MediaProvider(  390): object removed 856
D/MediaProvider(  390): object removed 937
D/MediaProvider(  390): object removed 1255
D/MediaProvider(  390): object removed 635
D/MediaProvider(  390): object removed 1015
D/MediaProvider(  390): object removed 1679
D/MediaProvider(  390): object removed 286
D/MediaProvider(  390): object removed 1237
D/MediaProvider(  390): object removed 1352
D/MediaProvider(  390): object removed 1149
D/MediaProvider(  390): object removed 461
D/MediaProvider(  390): object removed 66
D/MediaProvider(  390): object removed 519
D/MediaProvider(  390): object removed 1579
D/MediaProvider(  390): object removed 20
E/CmpbPlayerManager(   92): [CmpbPlayerManager] Found media.playermanager, LINE 970 
E/CmpbPlayerManager(   92): [CmpbPlayerManager] fgBpNeedStopPlayer pPlayer  0x7fefb0 
E/CmpbPlayerManager(   96): [CmpbPlayerManager][CMPB_BP_CHECK_PLAYER] pPlayer  0x7fefb0 
I/CmpbPlayerManager(   96): [CmpbPlayerManager] vCheckPlayer :0x7fefb0
E/CmpbPlayer(   92): [CMPBPLAYER][ERROR][CmpbMgrThread]line:4602 ===========>: this 0x7fefb0 need 0, mState=5
D/MediaProvider(  390): object removed 1148
D/MediaProvider(  390): object removed 1834
D/MediaProvider(  390): object removed 1582
D/MediaProvider(  390): object removed 801
D/MediaProvider(  390): object removed 983
D/MediaProvider(  390): object removed 587
D/MediaProvider(  390): object removed 302
D/MediaProvider(  390): object removed 846
D/MediaProvider(  390): object removed 597
D/MediaProvider(  390): object removed 1618
D/MediaProvider(  390): object removed 1004
D/MediaProvider(  390): object removed 1395
D/MediaProvider(  390): object removed 1479
D/MediaProvider(  390): object removed 872
D/MediaProvider(  390): object removed 1366
D/MediaProvider(  390): object removed 389
D/MediaProvider(  390): object removed 768
E/CmpbPlayerManager(   92): [CmpbPlayerManager] Found media.playermanager, LINE 970 
E/CmpbPlayerManager(   92): [CmpbPlayerManager] fgBpNeedStopPlayer pPlayer  0x7fefb0 
E/CmpbPlayerManager(   96): [CmpbPlayerManager][CMPB_BP_CHECK_PLAYER] pPlayer  0x7fefb0 
I/CmpbPlayerManager(   96): [CmpbPlayerManager] vCheckPlayer :0x7fefb0
E/CmpbPlayer(   92): [CMPBPLAYER][ERROR][CmpbMgrThread]line:4602 ===========>: this 0x7fefb0 need 0, mState=5
D/MediaProvider(  390): object removed 147
D/MediaProvider(  390): object removed 1285
D/MediaProvider(  390): object removed 1389
D/MediaProvider(  390): object removed 688
D/MediaProvider(  390): object removed 1522
D/MediaProvider(  390): object removed 1516
D/MediaProvider(  390): object removed 1194
D/MediaProvider(  390): object removed 1378
D/MediaProvider(  390): object removed 86
D/MediaProvider(  390): object removed 10
D/MediaProvider(  390): object removed 1586
D/MediaProvider(  390): object removed 398
D/MediaProvider(  390): object removed 319
E/CmpbPlayerManager(   92): [CmpbPlayerManager] Found media.playermanager, LINE 970 
E/CmpbPlayerManager(   92): [CmpbPlayerManager] fgBpNeedStopPlayer pPlayer  0x7fefb0 
E/CmpbPlayerManager(   96): [CmpbPlayerManager][CMPB_BP_CHECK_PLAYER] pPlayer  0x7fefb0 
I/CmpbPlayerManager(   96): [CmpbPlayerManager] vCheckPlayer :0x7fefb0
E/CmpbPlayer(   92): [CMPBPLAYER][ERROR][CmpbMgrThread]line:4602 ===========>: this 0x7fefb0 need 0, mState=5
D/MediaProvider(  390): object removed 314
D/MediaProvider(  390): object removed 1726
D/MediaProvider(  390): object removed 1228
D/MediaProvider(  390): object removed 570
D/MediaProvider(  390): object removed 1291
D/MediaProvider(  390): object removed 698
D/dalvikvm(  390): GC_CONCURRENT freed 403K, 19% free 5579K/6855K, paused 1ms+2ms
D/MediaProvider(  390): object removed 1047
D/MediaProvider(  390): object removed 1043
D/MediaProvider(  390): object removed 318
D/MediaProvider(  390): object removed 8
D/MediaProvider(  390): object removed 1059
D/MediaProvider(  390): object removed 132
D/MediaProvider(  390): object removed 1345
D/MediaProvider(  390): object removed 90
D/MediaProvider(  390): object removed 251
E/CmpbPlayerManager(   92): [CmpbPlayerManager] Found media.playermanager, LINE 970 
E/CmpbPlayerManager(   92): [CmpbPlayerManager] fgBpNeedStopPlayer pPlayer  0x7fefb0 
E/CmpbPlayerManager(   96): [CmpbPlayerManager][CMPB_BP_CHECK_PLAYER] pPlayer  0x7fefb0 
I/CmpbPlayerManager(   96): [CmpbPlayerManager] vCheckPlayer :0x7fefb0
E/CmpbPlayer(   92): [CMPBPLAYER][ERROR][CmpbMgrThread]line:4602 ===========>: this 0x7fefb0 need 0, mState=5
D/MediaProvider(  390): object removed 392
D/MediaProvider(  390): object removed 1554
D/MediaProvider(  390): object removed 376
D/MediaProvider(  390): object removed 552
D/MediaProvider(  390): object removed 1804
D/MediaProvider(  390): object removed 466
D/MediaProvider(  390): object removed 798
D/MediaProvider(  390): object removed 157
D/MediaProvider(  390): object removed 1697
D/MediaProvider(  390): object removed 1303
D/MediaProvider(  390): object removed 256
D/MediaProvider(  390): object removed 618
D/MediaProvider(  390): object removed 573
D/MediaProvider(  390): object removed 724
D/MediaProvider(  390): object removed 558
D/MediaProvider(  390): object removed 279
E/CmpbPlayerManager(   92): [CmpbPlayerManager] Found media.playermanager, LINE 970 
E/CmpbPlayerManager(   92): [CmpbPlayerManager] fgBpNeedStopPlayer pPlayer  0x7fefb0 
E/CmpbPlayerManager(   96): [CmpbPlayerManager][CMPB_BP_CHECK_PLAYER] pPlayer  0x7fefb0 
I/CmpbPlayerManager(   96): [CmpbPlayerManager] vCheckPlayer :0x7fefb0
E/CmpbPlayer(   92): [CMPBPLAYER][ERROR][CmpbMgrThread]line:4602 ===========>: this 0x7fefb0 need 0, mState=5
D/MediaProvider(  390): object removed 1829
D/MediaProvider(  390): object removed 1166
D/MediaProvider(  390): object removed 1636
D/MediaProvider(  390): object removed 874
D/MediaProvider(  390): object removed 1075
D/MediaProvider(  390): object removed 434
D/MediaProvider(  390): object removed 607
D/MediaProvider(  390): object removed 765
D/MediaProvider(  390): object removed 1737
D/MediaProvider(  390): object removed 246
D/MediaProvider(  390): object removed 198
D/MediaProvider(  390): object removed 1806
D/MediaProvider(  390): object removed 822
D/MediaProvider(  390): object removed 545
D/MediaProvider(  390): object removed 114
D/MediaProvider(  390): object removed 341
D/MediaProvider(  390): object removed 1766
E/CmpbPlayerManager(   92): [CmpbPlayerManager] Found media.playermanager, LINE 970 
E/CmpbPlayerManager(   92): [CmpbPlayerManager] fgBpNeedStopPlayer pPlayer  0x7fefb0 
E/CmpbPlayerManager(   96): [CmpbPlayerManager][CMPB_BP_CHECK_PLAYER] pPlayer  0x7fefb0 
I/CmpbPlayerManager(   96): [CmpbPlayerManager] vCheckPlayer :0x7fefb0
E/CmpbPlayer(   92): [CMPBPLAYER][ERROR][CmpbMgrThread]line:4602 ===========>: this 0x7fefb0 need 0, mState=5
D/MediaProvider(  390): object removed 1786
D/MediaProvider(  390): object removed 1701
D/MediaProvider(  390): object removed 259
D/MediaProvider(  390): object removed 1750
D/MediaProvider(  390): object removed 1560
D/MediaProvider(  390): object removed 923
D/MediaProvider(  390): object removed 677
D/MediaProvider(  390): object removed 393
D/MediaProvider(  390): object removed 352
D/MediaProvider(  390): object removed 1071
D/MediaProvider(  390): object removed 1066
D/MediaProvider(  390): object removed 421
E/CmpbPlayerManager(   92): [CmpbPlayerManager] Found media.playermanager, LINE 970 
E/CmpbPlayerManager(   92): [CmpbPlayerManager] fgBpNeedStopPlayer pPlayer  0x7fefb0 
E/CmpbPlayerManager(   96): [CmpbPlayerManager][CMPB_BP_CHECK_PLAYER] pPlayer  0x7fefb0 
I/CmpbPlayerManager(   96): [CmpbPlayerManager] vCheckPlayer :0x7fefb0
E/CmpbPlayer(   92): [CMPBPLAYER][ERROR][CmpbMgrThread]line:4602 ===========>: this 0x7fefb0 need 0, mState=5
D/dalvikvm(  390): GC_CONCURRENT freed 403K, 19% free 5560K/6855K, paused 1ms+2ms
D/MediaProvider(  390): object removed 873
D/MediaProvider(  390): object removed 504
D/MediaProvider(  390): object removed 390
D/MediaProvider(  390): object removed 1011
D/MediaProvider(  390): object removed 1219
D/MediaProvider(  390): object removed 1181
D/MediaProvider(  390): object removed 1310
D/MediaProvider(  390): object removed 482
D/MediaProvider(  390): object removed 172
D/MediaProvider(  390): object removed 930
D/MediaProvider(  390): object removed 646
D/MediaProvider(  390): object removed 516
D/MediaProvider(  390): object removed 9
D/MediaProvider(  390): object removed 369
D/MediaProvider(  390): object removed 1411
D/MediaProvider(  390): object removed 1753
D/MediaProvider(  390): object removed 1813
E/CmpbPlayerManager(   92): [CmpbPlayerManager] Found media.playermanager, LINE 970 
E/CmpbPlayerManager(   92): [CmpbPlayerManager] fgBpNeedStopPlayer pPlayer  0x7fefb0 
E/CmpbPlayerManager(   96): [CmpbPlayerManager][CMPB_BP_CHECK_PLAYER] pPlayer  0x7fefb0 
I/CmpbPlayerManager(   96): [CmpbPlayerManager] vCheckPlayer :0x7fefb0
E/CmpbPlayer(   92): [CMPBPLAYER][ERROR][CmpbMgrThread]line:4602 ===========>: this 0x7fefb0 need 0, mState=5
D/MediaProvider(  390): object removed 881
D/MediaProvider(  390): object removed 1654
D/MediaProvider(  390): object removed 38
D/MediaProvider(  390): object removed 682
D/MediaProvider(  390): object removed 1821
D/MediaProvider(  390): object removed 1157
D/MediaProvider(  390): object removed 1476
D/MediaProvider(  390): object removed 1152
D/MediaProvider(  390): object removed 680
D/MediaProvider(  390): object removed 1003
D/MediaProvider(  390): object removed 584
E/CmpbPlayerManager(   92): [CmpbPlayerManager] Found media.playermanager, LINE 970 
E/CmpbPlayerManager(   92): [CmpbPlayerManager] fgBpNeedStopPlayer pPlayer  0x7fefb0 
E/CmpbPlayerManager(   96): [CmpbPlayerManager][CMPB_BP_CHECK_PLAYER] pPlayer  0x7fefb0 
I/CmpbPlayerManager(   96): [CmpbPlayerManager] vCheckPlayer :0x7fefb0
E/CmpbPlayer(   92): [CMPBPLAYER][ERROR][CmpbMgrThread]line:4602 ===========>: this 0x7fefb0 need 0, mState=5
D/MediaProvider(  390): object removed 950
D/MediaProvider(  390): object removed 1663
D/MediaProvider(  390): object removed 879
D/MediaProvider(  390): object removed 433
D/MediaProvider(  390): object removed 37
D/MediaProvider(  390): object removed 1490
D/MediaProvider(  390): object removed 101
D/MediaProvider(  390): object removed 371
D/MediaProvider(  390): object removed 541
D/MediaProvider(  390): object removed 99
D/MediaProvider(  390): object removed 78
D/MediaProvider(  390): object removed 555
D/MediaProvider(  390): object removed 575
E/CmpbPlayerManager(   92): [CmpbPlayerManager] Found media.playermanager, LINE 970 
E/CmpbPlayerManager(   92): [CmpbPlayerManager] fgBpNeedStopPlayer pPlayer  0x7fefb0 
E/CmpbPlayerManager(   96): [CmpbPlayerManager][CMPB_BP_CHECK_PLAYER] pPlayer  0x7fefb0 
I/CmpbPlayerManager(   96): [CmpbPlayerManager] vCheckPlayer :0x7fefb0
E/CmpbPlayer(   92): [CMPBPLAYER][ERROR][CmpbMgrThread]line:4602 ===========>: this 0x7fefb0 need 0, mState=5
D/MediaProvider(  390): object removed 1443
D/MediaProvider(  390): object removed 839
D/MediaProvider(  390): object removed 779
D/MediaProvider(  390): object removed 546
D/MediaProvider(  390): object removed 1256
D/MediaProvider(  390): object removed 169
D/MediaProvider(  390): object removed 559
D/MediaProvider(  390): object removed 752
D/MediaProvider(  390): object removed 269
D/MediaProvider(  390): object removed 115
D/MediaProvider(  390): object removed 52
D/MediaProvider(  390): object removed 1359
D/MediaProvider(  390): object removed 1222
D/dalvikvm(  390): GC_CONCURRENT freed 402K, 20% free 5543K/6855K, paused 1ms+3ms
D/MediaProvider(  390): object removed 756
D/MediaProvider(  390): object removed 892
D/MediaProvider(  390): object removed 1287
D/MediaProvider(  390): object removed 616
D/MediaProvider(  390): object removed 571
D/MediaProvider(  390): object removed 263
D/MediaProvider(  390): object removed 469
D/MediaProvider(  390): object removed 1763
D/MediaProvider(  390): object removed 833
D/MediaProvider(  390): object removed 1347
E/CmpbPlayerManager(   92): [CmpbPlayerManager] Found media.playermanager, LINE 970 
E/CmpbPlayerManager(   92): [CmpbPlayerManager] fgBpNeedStopPlayer pPlayer  0x7fefb0 
E/CmpbPlayerManager(   96): [CmpbPlayerManager][CMPB_BP_CHECK_PLAYER] pPlayer  0x7fefb0 
I/CmpbPlayerManager(   96): [CmpbPlayerManager] vCheckPlayer :0x7fefb0
E/CmpbPlayer(   92): [CMPBPLAYER][ERROR][CmpbMgrThread]line:4602 ===========>: this 0x7fefb0 need 0, mState=5
D/MediaProvider(  390): object removed 821
D/MediaProvider(  390): object removed 633
D/MediaProvider(  390): object removed 303
D/MediaProvider(  390): obj[ 3804.825239] ----> schedule
[ 3816.199970] ----> time  [12, -636637440]
[ 3816.199986] ----> icoutn:nr  [44, 17],drop=1
ect removed 1182
D/MediaProvider(  390): object removed 709
D/MediaProvider(  390): object removed 665
D/MediaProvider(  390): object removed 124
D/MediaProvider(  390): object removed 134
D/MediaProvider(  390): object removed 156
D/MediaProvider(  390): object removed 1765
D/MediaProvider(  390): object removed 1107
D/MediaProvider(  390): object removed 936
D/MediaProvider(  390): object removed 415
D/MediaProvider(  390): object removed 1540
D/MediaProvider(  390): object removed 832
D/MediaProvider(  390): object removed 1552
D/MediaProvider(  390): object removed 31
D/MediaProvider(  390): object removed 685
D/MediaProvider(  390): object removed 1567
E/CmpbPlayerManager(   92): [CmpbPlayerManager] Found media.playermanager, LINE 970 
E/CmpbPlayerManager(   92): [CmpbPlayerManager] fgBpNeedStopPlayer pPlayer  0x7fefb0 
E/CmpbPlayerManager(   96): [CmpbPlayerManager][CMPB_BP_CHECK_PLAYER] pPlayer  0x7fefb0 
I/CmpbPlayerManager(   96): [CmpbPlayerManager] vCheckPlayer :0x7fefb0
E/CmpbPlayer(   92): [CMPBPLAYER][ERROR][CmpbMgrThread]line:4602 ===========>: this 0x7fefb0 need 0, mState=5
D/MediaProvider(  390): object removed 1553
D/MediaProvider(  390): object removed 1556
D/MediaProvider(  390): object removed 608
D/MediaProvider(  390): object removed 1482
D/MediaProvider(  390): object removed 1040
D/MediaProvider(  390): object removed 386
D/MediaProvider(  390): object removed 436
D/MediaProvider(  390): object removed 1570
D/MediaProvider(  390): object removed 1439
D/MediaProvider(  390): object removed 1836
D/MediaProvider(  390): object removed 95
D/MediaProvider(  390): object removed 849
D/MediaProvider(  390): object removed 738
D/MediaProvider(  390): object removed 380
D/MediaProvider(  390): object removed 375
D/MediaProvider(  390): object removed 1461
D/MediaProvider(  390): object removed 1839
D/MediaProvider(  390): attachVolume: external
W/MediaScanner(  390): Error opening directory '/mnt/sdcard/', skipping: Permission denied.
V/MediaScanner(  390): pruneDeadThumbnailFiles... android.database.sqlite.SQLiteCursor@40fe3548
V/MediaScanner(  390): /pruneDeadThumbnailFiles... android.database.sqlite.SQLiteCursor@40fe3548
D/dalvikvm(  390): GC_CONCURRENT freed 432K, 20% free 5498K/6855K, paused 1ms+1ms
E/CmpbPlayerManager(   92): [CmpbPlayerManager] Found media.playermanager, LINE 970 
E/CmpbPlayerManager(   92): [CmpbPlayerManager] fgBpNeedStopPlayer pPlayer  0x7fefb0 
E/CmpbPlayerManager(   96): [CmpbPlayerManager][CMPB_BP_CHECK_PLAYER] pPlayer  0x7fefb0 
I/CmpbPlayerManager(   96): [CmpbPlayerManager] vCheckPlayer :0x7fefb0
E/CmpbPlayer(   92): [CMPBPLAYER][ERROR][CmpbMgrThread]line:4602 ===========>: this 0x7fefb0 need 0, mState=5
E/CmpbPlayerManager(   92): [CmpbPlayerManager] Found media.playermanager, LINE 970 
E/CmpbPlayerManager(   92): [CmpbPlayerManager] fgBpNeedStopPlayer pPlayer  0x7fefb0 
E/CmpbPlayerManager(   96): [CmpbPlayerManager][CMPB_BP_CHECK_PLAYER] pPlayer  0x7fefb0 
I/CmpbPlayerManager(   96): [CmpbPlayerManager] vCheckPlayer :0x7fefb0
E/CmpbPlayer(   92): [CMPBPLAYER][ERROR][CmpbMgrThread]line:4602 ===========>: this 0x7fefb0 need 0, mState=5
E/CmpbPlayerManager(   92): [CmpbPlayerManager] Found media.playermanager, LINE 970 
E/CmpbPlayerManager(   92): [CmpbPlayerManager] fgBpNeedStopPlayer pPlayer  0x7fefb0 
E/CmpbPlayerManager(   96): [CmpbPlayerManager][CMPB_BP_CHECK_PLAYER] pPlayer  0x7fefb0 
I/CmpbPlayerManager(   96): [CmpbPlayerManager] vCheckPlayer :0x7fefb0
E/CmpbPlayer(   92): [CMPBPLAYER][ERROR][CmpbMgrThread]line:4602 ===========>: this 0x7fefb0 need 0, mState=5
E/CmpbPlayerManager(   92): [CmpbPlayerManager] Found media.playermanager, LINE 970 
E/CmpbPlayerManager(   92): [CmpbPlayerManager] fgBpNeedStopPlayer pPlayer  0x7fefb0 
E/CmpbPlayerManager(   96): [CmpbPlayerManager][CMPB_BP_CHECK_PLAYER] pPlayer  0x7fefb0 
I/CmpbPlayerManager(   96): [CmpbPlayerManager] vCheckPlayer :0x7fefb0
E/CmpbPlayer(   92): [CMPBPLAYER][ERROR][CmpbMgrThread]line:4602 ===========>: this 0x7fefb0 need 0, mState=5
E/CmpbPlayerManager(   92): [CmpbPlayerManager] Found media.playermanager, LINE 970 
E/CmpbPlayerManager(   92): [CmpbPlayerManager] fgBpNeedStopPlayer pPlayer  0x7fefb0 
E/CmpbPlayerManager(   96): [CmpbPlayerManager][CMPB_BP_CHECK_PLAYER] pPlayer  0x7fefb0 
I/CmpbPlayerManager(   96): [CmpbPlayerManager] vCheckPlayer :0x7fefb0
E/CmpbPlayer(   92): [CMPBPLAYER][ERROR][CmpbMgrThread]line:4602 ===========>: this 0x7fefb0 need 0, mState=5
E/CmpbPlayerManager(   92): [CmpbPlayerManager] Found media.playermanager, LINE 970 
E/CmpbPlayerManager(   92): [CmpbPlayerManager] fgBpNeedStopPlayer pPlayer  0x7fefb0 
E/CmpbPlayerManager(   96): [CmpbPlayerManager][CMPB_BP_CHECK_PLAYER] pPlayer  0x7fefb0 
I/CmpbPlayerManager(   96): [CmpbPlayerManager] vCheckPlayer :0x7fefb0
E/CmpbPlayer(   92): [CMPBPLAYER][ERROR][CmpbMgrThread]line:4602 ===========>: this 0x7fefb0 need 0, mState=5
E/CmpbPlayerManager(   92): [CmpbPlayerManager] Found media.playermanager, LINE 970 
E/CmpbPlayerManager(   92): [CmpbPlayerManager] fgBpNeedStopPlayer pPlayer  0x7fefb0 
E/CmpbPlayerManager(   96): [CmpbPlayerManager][CMPB_BP_CHECK_PLAYER] pPlayer  0x7fefb0 
I/CmpbPlayerManager(   96): [CmpbPlayerManager] vCheckPlayer :0x7fefb0
E/CmpbPlayer(   92): [CMPBPLAYER][ERROR][CmpbMgrThread]line:4602 ===========>: this 0x7fefb0 need 0, mState=5
E/CmpbPlayerManager(   92): [CmpbPlayerManager] Found media.playermanager, LINE 970 
E/CmpbPlayerManager(   92): [CmpbPlayerManager] fgBpNeedStopPlayer pPlayer  0x7fefb0 
E/CmpbPlayerManager(   96): [CmpbPlayerManager][CMPB_BP_CHECK_PLAYER] pPlayer  0x7fefb0 
I/CmpbPlayerManager(   96): [CmpbPlayerManager] vCheckPlayer :0x7fefb0
E/CmpbPlayer(   92): [CMPBPLAYER][ERROR][CmpbMgrThread]line:4602 ===========>: this 0x7fefb0 need 0, mState=5
E/CmpbPlayerManager(   92): [CmpbPlayerManager] Found media.playermanager, LINE 970 
E/CmpbPlayerManager(   92): [CmpbPlayerManager] fgBpNeedStopPlayer pPlayer  0x7fefb0 
E/CmpbPlayerManager(   96): [CmpbPlayerManager][CMPB_BP_CHECK_PLAYER] pPlayer  0x7fefb0 
I/CmpbPlayerManager(   96): [CmpbPlayerManager] vCheckPlayer :0x7fefb0
E/CmpbPlayer(   92): [CMPBPLAYER][ERROR][CmpbMgrThread]line:4602 ===========>: this 0x7fefb0 need 0, mState=5
E/CmpbPlayerManager(   92): [CmpbPlayerManager] Found media.playermanager, LINE 970 
E/CmpbPlayerManager(   92): [CmpbPlayerManager] fgBpNeedStopPlayer pPlayer  0x7fefb0 
E/CmpbPlayerManager(   96): [CmpbPlayerManager][CMPB_BP_CHECK_PLAYER] pPlayer  0x7fefb0 
I/CmpbPlayerManager(   96): [CmpbPlayerManager] vCheckPlayer :0x7fefb0
E/CmpbPlayer(   92): [CMPBPLAYER][ERROR][CmpbMgrThread]line:4602 ===========>: this 0x7fefb0 need 0, mState=5
E/CmpbPlayerManager(   92): [CmpbPlayerManager] Found media.playermanager, LINE 970 
E/CmpbPlayerManager(   92): [CmpbPlayerManager] fgBpNeedStopPlayer pPlayer  0x7fefb0 
E/CmpbPlayerManager(   96): [CmpbPlayerManager][CMPB_BP_CHECK_PLAYER] pPlayer  0x7fefb0 
I/CmpbPlayerManager(   96): [CmpbPlayerManager] vCheckPlayer :0x7fefb0
E/CmpbPlayer(   92): [CMPBPLAYER][ERROR][CmpbMgrThread]line:4602 ===========>: this 0x7fefb0 need 0, mState=5
E/CmpbPlayerManager(   92): [CmpbPlayerManager] Found media.playermanager, LINE 970 
E/CmpbPlayerManager(   92): [CmpbPlayerManager] fgBpNeedStopPlayer pPlayer  0x7fefb0 
E/CmpbPlayerManager(   96): [CmpbPlayerManager][CMPB_BP_CHECK_PLAYER] pPlayer  0x7fefb0 
I/CmpbPlayerManager(   96): [CmpbPlayerManager] vCheckPlayer :0x7fefb0
E/CmpbPlayer(   92): [CMPBPLAYER][ERROR][CmpbMgrThread]line:4602 ===========>: this 0x7fefb0 need 0, mState=5
E/CmpbPlayerManager(   92): [CmpbPlayerManager] Found media.playermanager, LINE 970 
E/CmpbPlayerManager(   92): [CmpbPlayerManager] fgBpNeedStopPlayer pPlayer  0x7fefb0 
E/CmpbPlayerManager(   96): [CmpbPlayerManager][CMPB_BP_CHECK_PLAYER] pPlayer  0x7fefb0 
I/CmpbPlayerManager(   96): [CmpbPlayerManager] vCheckPlayer :0x7fefb0
E/CmpbPlayer(   92): [CMPBPLAYER][ERROR][CmpbMgrThread]line:4602 ===========>: this 0x7fefb0 need 0, mState=5
E/CmpbPlayerManager(   92): [CmpbPlayerManager] Found media.playermanager, LINE 970 
E/CmpbPlayerManager(   92): [CmpbPlayerManager] fgBpNeedStopPlayer pPlayer  0x7fefb0 
E/CmpbPlayerManager(   96): [CmpbPlayerManager][CMPB_BP_CHECK_PLAYER] pPlayer  0x7fefb0 
I/CmpbPlayerManager(   96): [CmpbPlayerManager] vCheckPlayer :0x7fefb0
E/CmpbPlayer(   92): [CMPBPLAYER][ERROR][CmpbMgrThread]line:4602 ===========>: this 0x7fefb0 need 0, mState=5
E/CmpbPlayerManager(   92): [CmpbPlayerManager] Found media.playermanager, LINE 970 
E/CmpbPlayerManager(   92): [CmpbPlayerManager] fgBpNeedStopPlayer pPlayer  0x7fefb0 
E/CmpbPlayerManager(   96): [CmpbPlayerManager][CMPB_BP_CHECK_PLAYER] pPlayer  0x7fefb0 
I/CmpbPlayerManager(   96): [CmpbPlayerManager] vCheckPlayer :0x7fefb0
E/CmpbPlayer(   92): [CMPBPLAYER][ERROR][CmpbMgrThread]line:4602 ===========>: this 0x7fefb0 need 0, mState=5
E/CmpbPlayerManager(   92): [CmpbPlayerManager] Found media.playermanager, LINE 970 
E/CmpbPlayerManager(   92): [CmpbPlayerManager] fgBpNeedStopPlayer pPlayer  0x7fefb0 
E/CmpbPlayerManager(   96): [CmpbPlayerManager][CMPB_BP_CHECK_PLAYER] pPlayer  0x7fefb0 
I/CmpbPlayerManager(   96): [CmpbPlayerManager] vCheckPlayer :0x7fefb0
E/CmpbPlayer(   92): [CMPBPLAYER][ERROR][CmpbMgrThread]line:4602 ===========>: this 0x7fefb0 need 0, mState=5
E/CmpbPlayerManager(   92): [CmpbPlayerManager] Found media.playermanager, LINE 970 
E/CmpbPlayerManager(   92): [CmpbPlayerManager] fgBpNeedStopPlayer pPlayer  0x7fefb0 
E/CmpbPlayerManager(   96): [CmpbPlayerManager][CMPB_BP_CHECK_PLAYER] pPlayer  0x7fefb0 
I/CmpbPlayerManager(   96): [CmpbPlayerManager] vCheckPlayer :0x7fefb0
E/CmpbPlayer(   92): [CMPBPLAYER][ERROR][CmpbMgrThread]line:4602 ===========>: this 0x7fefb0 need 0, mState=5
E/CmpbPlayerManager(   92): [CmpbPlayerManager] Found media.playermanager, LINE 970 
E/CmpbPlayerManager(   92): [CmpbPlayerManager] fgBpNeedStopPlayer pPlayer  0x7fefb0 
E/CmpbPlayerManager(   96): [CmpbPlayerManager][CMPB_BP_CHECK_PLAYER] pPlayer  0x7fefb0 
I/CmpbPlayerManager(   96): [CmpbPlayerManager] vCheckPlayer :0x7fefb0
E/CmpbPlayer(   92): [CMPBPLAYER][ERROR][CmpbMgrThread]line:4602 ===========>: this 0x7fefb0 need 0, mState=5
E/CmpbPlayerManager(   92): [CmpbPlayerManager] Found media.playermanager, LINE 970 
E/CmpbPlayerManager(   92): [CmpbPlayerManager] fgBpNeedStopPlayer pPlayer  0x7fefb0 
E/CmpbPlayerManager(   96): [CmpbPlayerManager][CMPB_BP_CHECK_PLAYER] pPlayer  0x7fefb0 
I/CmpbPlayerManager(   96): [CmpbPlayerManager] vCheckPlayer :0x7fefb0
E/CmpbPlayer(   92): [CMPBPLAYER][ERROR][CmpbMgrThread]line:4602 ===========>: this 0x7fefb0 need 0, mState=5
E/CmpbPlayerManager(   92): [CmpbPlayerManager] Found media.playermanager, LINE 970 
E/CmpbPlayerManager(   92): [CmpbPlayerManager] fgBpNeedStopPlayer pPlayer  0x7fefb0 
E/CmpbPlayerManager(   96): [CmpbPlayerManager][CMPB_BP_CHECK_PLAYER] pPlayer  0x7fefb0 
I/CmpbPlayerManager(   96): [CmpbPlayerManager] vCheckPlayer :0x7fefb0
E/CmpbPlayer(   92): [CMPBPLAYER][ERROR][CmpbMgrThread]line:4602 ===========>: this 0x7fefb0 need 0, mState=5
E/CmpbPlayerManager(   92): [CmpbPlayerManager] Found media.playermanager, LINE 970 
E/CmpbPlayerManager(   92): [CmpbPlayerManager] fgBpNeedStopPlayer pPlayer  0x7fefb0 
E/CmpbPlayerManager(   96): [CmpbPlayerManager][CMPB_BP_CHECK_PLAYER] pPlayer  0x7fefb0 
I/CmpbPlayerManager(   96): [CmpbPlayerManager] vCheckPlayer :0x7fefb0
E/CmpbPlayer(   92): [CMPBPLAYER][ERROR][CmpbMgrThread]line:4602 ===========>: this 0x7fefb0 need 0, mState=5
E/CmpbPlayerManager(   92): [CmpbPlayerManager] Found media.playermanager, LINE 970 
E/CmpbPlayerManager(   92): [CmpbPlayerManager] fgBpNeedStopPlayer pPlayer  0x7fefb0 
E/CmpbPlayerManager(   96): [CmpbPlayerManager][CMPB_BP_CHECK_PLAYER] pPlayer  0x7fefb0 
I/CmpbPlayerManager(   96): [CmpbPlayerManager] vCheckPlayer :0x7fefb0
E/CmpbPlayer(   92): [CMPBPLAYER][ERROR][CmpbMgrThread]line:4602 ===========>: this 0x7fefb0 need 0, mState=5
E/CmpbPlayerManager(   92): [CmpbPlayerManager] Found media.playermanager, LINE 970 
E/CmpbPlayerManager(   92): [CmpbPlayerManager] fgBpNeedStopPlayer pPlayer  0x7fefb0 
E/CmpbPlayerManager(   96): [CmpbPlayerManager][CMPB_BP_CHECK_PLAYER] pPlayer  0x7fefb0 
I/CmpbPlayerManager(   96): [CmpbPlayerManager] vCheckPlayer :0x7fefb0
E/CmpbPlayer(   92): [CMPBPLAYER][ERROR][CmpbMgrThread]line:4602 ===========>: this 0x7fefb0 need 0, mState=5
E/CmpbPlayerManager(   92): [CmpbPlayerManager] Found media.playermanager, LINE 970 
E/CmpbPlayerManager(   92): [CmpbPlayerManager] fgBpNeedStopPlayer pPlayer  0x7fefb0 
E/CmpbPlayerManager(   96): [CmpbPlayerManager][CMPB_BP_CHECK_PLAYER] pPlayer  0x7fefb0 
I/CmpbPlayerManager(   96): [CmpbPlayerManager] vCheckPlayer :0x7fefb0
E/CmpbPlayer(   92): [CMPBPLAYER][ERROR][CmpbMgrThread]line:4602 ===========>: this 0x7fefb0 need 0, mState=5
E/CmpbPlayerManager(   92): [CmpbPlayerManager] Found media.playermanager, LINE 970 
E/CmpbPlayerManager(   92): [CmpbPlayerManager] fgBpNeedStopPlayer pPlayer  0x7fefb0 
E/CmpbPlayerManager(   96): [CmpbPlayerManager][CMPB_BP_CHECK_PLAYER] pPlayer  0x7fefb0 
I/CmpbPlayerManager(   96): [CmpbPlayerManager] vCheckPlayer :0x7fefb0
E/CmpbPlayer(   92): [CMPBPLAYER][ERROR][CmpbMgrThread]line:4602 ===========>: this 0x7fefb0 need 0, mState=5
E/CmpbPlayerManager(   92): [CmpbPlayerManager] Found media.playermanager, LINE 970 
E/CmpbPlayerManager(   92): [CmpbPlayerManager] fgBpNeedStopPlayer pPlayer  0x7fefb0 
E/CmpbPlayerManager(   96): [CmpbPlayerManager][CMPB_BP_CHECK_PLAYER] pPlayer  0x7fefb0 
I/CmpbPlayerManager(   96): [CmpbPlayerManager] vCheckPlayer :0x7fefb0
E/CmpbPlayer(   92): [CMPBPLAYER][ERROR][CmpbMgrThread]line:4602 ===========>: this 0x7fefb0 need 0, mState=5
E/CmpbPlayerManager(   92): [CmpbPlayerManager] Found media.playermanager, LINE 970 
E/CmpbPlayerManager(   92): [CmpbPlayerManager] fgBpNeedStopPlayer pPlayer  0x7fefb0 
E/CmpbPlayerManager(   96): [CmpbPlayerManager][CMPB_BP_CHECK_PLAYER] pPlayer  0x7fefb0 
I/CmpbPlayerManager(   96): [CmpbPlayerManager] vCheckPlayer :0x7fefb0
E/CmpbPlayer(   92): [CMPBPLAYER][ERROR][CmpbMgrThread]line:4602 ===========>: this 0x7fefb0 need 0, mState=5
E/CmpbPlayerManager(   92): [CmpbPlayerManager] Found media.playermanager, LINE 970 
E/CmpbPlayerManager(   92): [CmpbPlayerManager] fgBpNeedStopPlayer pPlayer  0x7fefb0 
E/CmpbPlayerManager(   96): [CmpbPlayerManager][CMPB_BP_CHECK_PLAYER] pPlayer  0x7fefb0 
I/CmpbPlayerManager(   96): [CmpbPlayerManager] vCheckPlayer :0x7fefb0
E/CmpbPlayer(   92): [CMPBPLAYER][ERROR][CmpbMgrThread]line:4602 ===========>: this 0x7fefb0 need 0, mState=5
E/CmpbPlayerManager(   92): [CmpbPlayerManager] Found media.playermanager, LINE 970 
E/CmpbPlayerManager(   92): [CmpbPlayerManager] fgBpNeedStopPlayer pPlayer  0x7fefb0 
E/CmpbPlayerManager(   96): [CmpbPlayerManager][CMPB_BP_CHECK_PLAYER] pPlayer  0x7fefb0 
I/CmpbPlayerManager(   96): [CmpbPlayerManager] vCheckPlayer :0x7fefb0
E/CmpbPlayer(   92): [CMPBPLAYER][ERROR][CmpbMgrThread]line:4602 ===========>: this 0x7fefb0 need 0, mState=5
E/CmpbPlayerManager(   92): [CmpbPlayerManager] Found media.playermanager, LINE 970 
E/CmpbPlayerManager(   92): [CmpbPlayerManager] fgBpNeedStopPlayer pPlayer  0x7fefb0 
E/CmpbPlayerManager(   96): [CmpbPlayerManager][CMPB_BP_CHECK_PLAYER] pPlayer  0x7fefb0 
I/CmpbPlayerManager(   96): [CmpbPlayerManager] vCheckPlayer :0x7fefb0
E/CmpbPlayer(   92): [CMPBPLAYER][ERROR][CmpbMgrThread]line:4602 ===========>: this 0x7fefb0 need 0, mState=5
E/CmpbPlayerManager(   92): [CmpbPlayerManager] Found media.playermanager, LINE 970 
E/CmpbPlayerManager(   92): [CmpbPlayerManager] fgBpNeedStopPlayer pPlayer  0x7fefb0 
E/CmpbPlayerManager(   96): [CmpbPlayerManager][CMPB_BP_CHECK_PLAYER] pPlayer  0x7fefb0 
I/CmpbPlayerManager(   96): [CmpbPlayerManager] vCheckPlayer :0x7fefb0
E/CmpbPlayer(   92): [CMPBPLAYER][ERROR][CmpbMgrThread]line:4602 ===========>: this 0x7fefb0 need 0, mState=5
E/CmpbPlayerManager(   92): [CmpbPlayerManager] Found media.playermanager, LINE 970 
E/CmpbPlayerManager(   92): [CmpbPlayerManager] fgBpNeedStopPlayer pPlayer  0x7fefb0 
E/CmpbPlayerManager(   96): [CmpbPlayerManager][CMPB_BP_CHECK_PLAYER] pPlayer  0x7fefb0 
I/CmpbPlayerManager(   96): [CmpbPlayerManager] vCheckPlayer :0x7fefb0
E/CmpbPlayer(   92): [CMPBPLAYER][ERROR][CmpbMgrThread]line:4602 ===========>: this 0x7fefb0 need 0, mState=5
E/CmpbPlayerManager(   92): [CmpbPlayerManager] Found media.playermanager, LINE 970 
E/CmpbPlayerManager(   92): [CmpbPlayerManager] fgBpNeedStopPlayer pPlayer  0x7fefb0 
E/CmpbPlayerManager(   96): [CmpbPlayerManager][CMPB_BP_CHECK_PLAYER] pPlayer  0x7fefb0 
I/CmpbPlayerManager(   96): [CmpbPlayerManager] vCheckPlayer :0x7fefb0
E/CmpbPlayer(   92): [CMPBPLAYER][ERROR][CmpbMgrThread]line:4602 ===========>: this 0x7fefb0 need 0, mState=5
E/CmpbPlayerManager(   92): [CmpbPlayerManager] Found media.playermanager, LINE 970 
E/CmpbPlayerManager(   92): [CmpbPlayerManager] fgBpNeedStopPlayer pPlayer  0x7fefb0 
E/CmpbPlayerManager(   96): [CmpbPlayerManager][CMPB_BP_CHECK_PLAYER] pPlayer  0x7fefb0 
I/CmpbPlayerManager(   96): [CmpbPlayerManager] vCheckPlayer :0x7fefb0
E/CmpbPlayer(   92): [CMPBPLAYER][ERROR][CmpbMgrThread]line:4602 ===========>: this 0x7fefb0 need 0, mState=5
E/CmpbPlayerManager(   92): [CmpbPlayerManager] Found media.playermanager, LINE 970 
E/CmpbPlayerManager(   92): [CmpbPlayerManager] fgBpNeedStopPlayer pPlayer  0x7fefb0 
E/CmpbPlayerManager(   96): [CmpbPlayerManager][CMPB_BP_CHECK_PLAYER] pPlayer  0x7fefb0 
I/CmpbPlayerManager(   96): [CmpbPlayerManager] vCheckPlayer :0x7fefb0
E/CmpbPlayer(   92): [CMPBPLAYER][ERROR][CmpbMgrThread]line:4602 ===========>: this 0x7fefb0 need 0, mState=5
E/CmpbPlayerManager(   92): [CmpbPlayerManager] Found media.playermanager, LINE 970 
E/CmpbPlayerManager(   92): [CmpbPlayerManager] fgBpNeedStopPlayer pPlayer  0x7fefb0 
E/CmpbPlayerManager(   96): [CmpbPlayerManager][CMPB_BP_CHECK_PLAYER] pPlayer  0x7fefb0 
I/CmpbPlayerManager(   96): [CmpbPlayerManager] vCheckPlayer :0x7fefb0
E/CmpbPlayer(   92): [CMPBPLAYER][ERROR][CmpbMgrThread]line:4602 ===========>: this 0x7fefb0 need 0, mState=5
E/CmpbPlayerManager(   92): [CmpbPlayerManager] Found media.playermanager, LINE 970 
E/CmpbPlayerManager(   92): [CmpbPlayerManager] fgBpNeedStopPlayer pPlayer  0x7fefb0 
E/CmpbPlayerManager(   96): [CmpbPlayerManager][CMPB_BP_CHECK_PLAYER] pPlayer  0x7fefb0 
I/CmpbPlayerManager(   96): [CmpbPlayerManager] vCheckPlayer :0x7fefb0
E/CmpbPlayer(   92): [CMPBPLAYER][ERROR][CmpbMgrThread]line:4602 ===========>: this 0x7fefb0 need 0, mState=5
E/CmpbPlayerManager(   92): [CmpbPlayerManager] Found media.playermanager, LINE 970 
E/CmpbPlayerManager(   92): [CmpbPlayerManager] fgBpNeedStopPlayer pPlayer  0x7fefb0 
E/CmpbPlayerManager(   96): [CmpbPlayerManager][CMPB_BP_CHECK_PLAYER] pPlayer  0x7fefb0 
I/CmpbPlayerManager(   96): [CmpbPlayerManager] vCheckPlayer :0x7fefb0
E/CmpbPlayer(   92): [CMPBPLAYER][ERROR][CmpbMgrThread]line:4602 ===========>: this 0x7fefb0 need 0, mState=5
E/CmpbPlayerManager(   92): [CmpbPlayerManager] Found media.playermanager, LINE 970 
E/CmpbPlayerManager(   92): [CmpbPlayerManager] fgBpNeedStopPlayer pPlayer  0x7fefb0 
E/CmpbPlayerManager(   96): [CmpbPlayerManager][CMPB_BP_CHECK_PLAYER] pPlayer  0x7fefb0 
I/CmpbPlayerManager(   96): [CmpbPlayerManager] vCheckPlayer :0x7fefb0
E/CmpbPlayer(   92): [CMPBPLAYER][ERROR][CmpbMgrThread]line:4602 ===========>: this 0x7fefb0 need 0, mState=5
E/CmpbPlayerManager(   92): [CmpbPlayerManager] Found media.playermanager, LINE 970 
E/CmpbPlayerManager(   92): [CmpbPlayerManager] fgBpNeedStopPlayer pPlayer  0x7fefb0 
E/CmpbPlayerManager(   96): [CmpbPlayerManager][CMPB_BP_CHECK_PLAYER] pPlayer  0x7fefb0 
I/CmpbPlayerManager(   96): [CmpbPlayerManager] vCheckPlayer :0x7fefb0
E/CmpbPlayer(   92): [CMPBPLAYER][ERROR][CmpbMgrThread]line:4602 ===========>: this 0x7fefb0 need 0, mState=5
E/CmpbPlayerManager(   92): [CmpbPlayerManager] Found media.playermanager, LINE 970 
E/CmpbPlayerManager(   92): [CmpbPlayerManager] fgBpNeedStopPlayer pPlayer  0x7fefb0 
E/CmpbPlayerManager(   96): [CmpbPlayerManager][CMPB_BP_CHECK_PLAYER] pPlayer  0x7fefb0 
I/CmpbPlayerManager(   96): [CmpbPlayerManager] vCheckPlayer :0x7fefb0
E/CmpbPlayer(   92): [CMPBPLAYER][ERROR][CmpbMgrThread]line:4602 ===========>: this 0x7fefb0 need 0, mState=5
E/CmpbPlayerManager(   92): [CmpbPlayerManager] Found media.playermanager, LINE 970 
E/CmpbPlayerManager(   92): [CmpbPlayerManager] fgBpNeedStopPlayer pPlayer  0x7fefb0 
E/CmpbPlayerManager(   96): [CmpbPlayerManager][CMPB_BP_CHECK_PLAYER] pPlayer  0x7fefb0 
I/CmpbPlayerManager(   96): [CmpbPlayerManager] vCheckPlayer :0x7fefb0
E/CmpbPlayer(   92): [CMPBPLAYER][ERROR][CmpbMgrThread]line:4602 ===========>: this 0x7fefb0 need 0, mState=5
E/CmpbPlayerManager(   92): [CmpbPlayerManager] Found media.playermanager, LINE 970 
E/CmpbPlayerManager(   92): [CmpbPlayerManager] fgBpNeedStopPlayer pPlayer  0x7fefb0 
E/CmpbPlayerManager(   96): [CmpbPlayerManager][CMPB_BP_CHECK_PLAYER] pPlayer  0x7fefb0 
I/CmpbPlayerManager(   96): [CmpbPlayerManager] vCheckPlayer :0x7fefb0
E/CmpbPlayer(   92): [CMPBPLAYER][ERROR][CmpbMgrThread]line:4602 ===========>: this 0x7fefb0 need 0, mState=5
E/EventHub(  168): send pin = 24,value = 0
V/PinyinIME(  737): onKeyDown:23
I/PinyinIME(  737): onKeyDown:System handler the keyevent
I/MainActivity(  973): keyCode:23
E/EventHub(  168): send pin = 24,value = 0
I/PinyinIME(  737): onKeyUp:23
I/PinyinIME(  737): onKeyUp:System handler the keyevent
E/CmpbPlayerManager(   92): [CmpbPlayerManager] Found media.playermanager, LINE 970 
E/CmpbPlayerManager(   92): [CmpbPlayerManager] fgBpNeedStopPlayer pPlayer  0x7fefb0 
E/CmpbPlayerManager(   96): [CmpbPlayerManager][CMPB_BP_CHECK_PLAYER] pPlayer  0x7fefb0 
I/CmpbPlayerManager(   96): [CmpbPlayerManager] vCheckPlayer :0x7fefb0
E/CmpbPlayer(   92): [CMPBPLAYER][ERROR][CmpbMgrThread]line:4602 ===========>: this 0x7fefb0 need 0, mState=5
E/CmpbPlayerManager(   92): [CmpbPlayerManager] Found media.playermanager, LINE 970 
E/CmpbPlayerManager(   92): [CmpbPlayerManager] fgBpNeedStopPlayer pPlayer  0x7fefb0 
E/CmpbPlayerManager(   96): [CmpbPlayerManager][CMPB_BP_CHECK_PLAYER] pPlayer  0x7fefb0 
I/CmpbPlayerManager(   96): [CmpbPlayerManager] vCheckPlayer :0x7fefb0
E/CmpbPlayer(   92): [CMPBPLAYER][ERROR][CmpbMgrThread]line:4602 ===========>: this 0x7fefb0 need 0, mState=5
E/CmpbPlayerManager(   92): [CmpbPlayerManager] Found media.playermanager, LINE 970 
E/CmpbPlayerManager(   92): [CmpbPlayerManager] fgBpNeedStopPlayer pPlayer  0x7fefb0 
E/CmpbPlayerManager(   96): [CmpbPlayerManager][CMPB_BP_CHECK_PLAYER] pPlayer  0x7fefb0 
I/CmpbPlayerManager(   96): [CmpbPlayerManager] vCheckPlayer :0x7fefb0
E/CmpbPlayer(   92): [CMPBPLAYER][ERROR][CmpbMgrThread]line:4602 ===========>: this 0x7fefb0 need 0, mState=5
E/EventHub(  168): send pin = 24,value = 0
V/PinyinIME(  737): onKeyDown:4
I/PinyinIME(  737): onKeyDown:System handler the keyevent
I/MainActivity(  973): keyCode:4
I/MainActivity(  973): You press the return key!
E/CmpbPlayerManager(   92): [CmpbPlayerManager] Found media.playermanager, LINE 970 
E/CmpbPlayerManager(   92): [CmpbPlayerManager] fgBpNeedStopPlayer pPlayer  0x7fefb0 
E/CmpbPlayerManager(   96): [CmpbPlayerManager][CMPB_BP_CHECK_PLAYER] pPlayer  0x7fefb0 
I/CmpbPlayerManager(   96): [CmpbPlayerManager] vCheckPlayer :0x7fefb0
E/CmpbPlayer(   92): [CMPBPLAYER][ERROR][CmpbMgrThread]line:4602 ===========>: this 0x7fefb0 need 0, mState=5
E/EventHub(  168): send pin = 24,value = 0
I/PinyinIME(  737): onKeyUp:4
I/PinyinIME(  737): onKeyUp:System handler the keyevent
E/EventHub(  168): send pin = 24,value = 0
V/PinyinIME(  737): onKeyDown:85
I/PinyinIME(  737): onKeyDown:System handler the keyevent
I/MainActivity(  973): keyCode:85
E/EventHub(  168): send pin = 24,value = 0
I/PinyinIME(  737): onKeyUp:85
I/PinyinIME(  737): onKeyUp:System handler the keyevent
E/CmpbPlayerManager(   92): [CmpbPlayerManager] Found media.playermanager, LINE 970 
E/CmpbPlayerManager(   92): [CmpbPlayerManager] fgBpNeedStopPlayer pPlayer  0x7fefb0 
E/CmpbPlayerManager(   96): [CmpbPlayerManager][CMPB_BP_CHECK_PLAYER] pPlayer  0x7fefb0 
I/CmpbPlayerManager(   96): [CmpbPlayerManager] vCheckPlayer :0x7fefb0
E/CmpbPlayer(   92): [CMPBPLAYER][ERROR][CmpbMgrThread]line:4602 ===========>: this 0x7fefb0 need 0, mState=5
E/EventHub(  168): send pin = 24,value = 0
V/PinyinIME(  737): onKeyDown:23
I/PinyinIME(  737): onKeyDown:System handler the keyevent
I/MainActivity(  973): keyCode:23
E/EventHub(  168): send pin = 24,value = 0
I/PinyinIME(  737): onKeyUp:23
I/PinyinIME(  737): onKeyUp:System handler the keyevent
E/EventHub(  168): send pin = 24,value = 0
V/PinyinIME(  737): onKeyDown:22
I/PinyinIME(  737): onKeyDown:System handler the keyevent
I/MainActivity(  973): keyCode:22
E/EventHub(  168): send pin = 24,value = 0
I/PinyinIME(  737): onKeyUp:22
I/PinyinIME(  737): onKeyUp:System handler the keyevent
E/CmpbPlayerManager(   92): [CmpbPlayerManager] Found media.playermanager, LINE 970 
E/CmpbPlayerManager(   92): [CmpbPlayerManager] fgBpNeedStopPlayer pPlayer  0x7fefb0 
E/CmpbPlayerManager(   96): [CmpbPlayerManager][CMPB_BP_CHECK_PLAYER] pPlayer  0x7fefb0 
I/CmpbPlayerManager(   96): [CmpbPlayerManager] vCheckPlayer :0x7fefb0
E/CmpbPlayer(   92): [CMPBPLAYER][ERROR][CmpbMgrThread]line:4602 ===========>: this 0x7fefb0 need 0, mState=5
E/EventHub(  168): send pin = 24,value = 0
V/PinyinIME(  737): onKeyDown:21
I/PinyinIME(  737): onKeyDown:System handler the keyevent
I/MainActivity(  973): keyCode:21
E/EventHub(  168): send pin = 24,value = 0
I/PinyinIME(  737): onKeyUp:21
I/PinyinIME(  737): onKeyUp:System handler the keyevent
E/CmpbPlayerManager(   92): [CmpbPlayerManager] Found media.playermanager, LINE 970 
E/CmpbPlayerManager(   92): [CmpbPlayerManager] fgBpNeedStopPlayer pPlayer  0x7fefb0 
E/CmpbPlayerManager(   96): [CmpbPlayerManager][CMPB_BP_CHECK_PLAYER] pPlayer  0x7fefb0 
I/CmpbPlayerManager(   96): [CmpbPlayerManager] vCheckPlayer :0x7fefb0
E/CmpbPlayer(   92): [CMPBPLAYER][ERROR][CmpbMgrThread]line:4602 ===========>: this 0x7fefb0 need 0, mState=5
E/EventHub(  168): send pin = 24,value = 0
V/PinyinIME(  737): onKeyDown:20
I/PinyinIME(  737): onKeyDown:System handler the keyevent
I/MainActivity(  973): keyCode:20
E/EventHub(  168): send pin = 24,value = 0
I/PinyinIME(  737): onKeyUp:20
I/PinyinIME(  737): onKeyUp:System handler the keyevent
E/EventHub(  168): send pin = 24,value = 0
V/PinyinIME(  737): onKeyDown:23
I/PinyinIME(  737): onKeyDown:System handler the keyevent
I/MainActivity(  973): keyCode:23
E/EventHub(  168): send pin = 24,value = 0
I/PinyinIME(  737): onKeyUp:23
I/PinyinIME(  737): onKeyUp:System handler the keyevent
E/CmpbPlayerManager(   92): [CmpbPlayerManager] Found media.playermanager, LINE 970 
E/CmpbPlayerManager(   92): [CmpbPlayerManager] fgBpNeedStopPlayer pPlayer  0x7fefb0 
E/CmpbPlayerManager(   96): [CmpbPlayerManager][CMPB_BP_CHECK_PLAYER] pPlayer  0x7fefb0 
I/CmpbPlayerManager(   96): [CmpbPlayerManager] vCheckPlayer :0x7fefb0
E/CmpbPlayer(   92): [CMPBPLAYER][ERROR][CmpbMgrThread]line:4602 ===========>: this 0x7fefb0 need 0, mState=5
E/EventHub(  168): send pin = 24,value = 0
V/PinyinIME(  737): onKeyDown:4
I/PinyinIME(  737): onKeyDown:System handler the keyevent
I/MainActivity(  973): keyCode:4
I/MainActivity(  973): You press the return key!
E/EventHub(  168): send pin = 24,value = 0
I/PinyinIME(  737): onKeyUp:4
I/PinyinIME(  737): onKeyUp:System handler the keyevent
E/EventHub(  168): send pin = 24,value = 0
V/PinyinIME(  737): onKeyDown:4
I/PinyinIME(  737): onKeyDown:System handler the keyevent
I/MainActivity(  973): keyCode:4
I/MainActivity(  973): You press the return key!
E/EventHub(  168): send pin = 24,value = 0
I/PinyinIME(  737): onKeyUp:4
I/PinyinIME(  737): onKeyUp:System handler the keyevent
E/EventHub(  168): send pin = 24,value = 0
V/PinyinIME(  737): onKeyDown:4
I/PinyinIME(  737): onKeyDown:System handler the keyevent
I/MainActivity(  973): keyCode:4
I/MainActivity(  973): You press the return key!
E/EventHub(  168): send pin = 24,value = 0
I/PinyinIME(  737): onKeyUp:4
I/PinyinIME(  737): onKeyUp:System handler the keyevent
E/CmpbPlayerManager(   92): [CmpbPlayerManager] Found media.playermanager, LINE 970 
E/CmpbPlayerManager(   92): [CmpbPlayerManager] fgBpNeedStopPlayer pPlayer  0x7fefb0 
E/CmpbPlayerManager(   96): [CmpbPlayerManager][CMPB_BP_CHECK_PLAYER] pPlayer  0x7fefb0 
I/CmpbPlayerManager(   96): [CmpbPlayerManager] vCheckPlayer :0x7fefb0
E/CmpbPlayer(   92): [CMPBPLAYER][ERROR][CmpbMgrThread]line:4602 ===========>: this 0x7fefb0 need 0, mState=5
E/EventHub(  168): send pin = 24,value = 0
V/PinyinIME(  737): onKeyDown:4
I/PinyinIME(  737): onKeyDown:System handler the keyevent
I/MainActivity(  973): keyCode:4
I/MainActivity(  973): You press the return key!
E/EventHub(  168): send pin = 24,value = 0
I/PinyinIME(  737): onKeyUp:4
I/PinyinIME(  737): onKeyUp:System handler the keyevent
E/EventHub(  168): send pin = 24,value = 0
V/PinyinIME(  737): onKeyDown:4
I/PinyinIME(  737): onKeyDown:System handler the keyevent
I/MainActivity(  973): keyCode:4
I/MainActivity(  973): You press the return key!
E/EventHub(  168): send pin = 24,value = 0
I/PinyinIME(  737): onKeyUp:4
I/PinyinIME(  737): onKeyUp:System handler the keyevent
E/EventHub(  168): send pin = 24,value = 0
V/PinyinIME(  737): onKeyDown:4
I/PinyinIME(  737): onKeyDown:System handler the keyevent
I/MainActivity(  973): keyCode:4
I/MainActivity(  973): You press the return key!
E/EventHub(  168): send pin = 24,value = 0
I/PinyinIME(  737): onKeyUp:4
I/PinyinIME(  737): onKeyUp:System handler the keyevent
E/EventHub(  168): send pin = 24,value = 0
V/PinyinIME(  737): onKeyDown:4
I/PinyinIME(  737): onKeyDown:System handler the keyevent
I/MainActivity(  973): keyCode:4
I/MainActivity(  973): You press the return key!
E/EventHub(  168): send pin = 24,value = 0
I/PinyinIME(  737): onKeyUp:4
I/PinyinIME(  737): onKeyUp:System handler the keyevent
E/EventHub(  168): send pin = 24,value = 0
V/PinyinIME(  737): onKeyDown:4
I/PinyinIME(  737): onKeyDown:System handler the keyevent
I/MainActivity(  973): keyCode:4
I/MainActivity(  973): You press the return key!
E/EventHub(  168): send pin = 24,value = 0
I/PinyinIME(  737): onKeyUp:4
I/PinyinIME(  737): onKeyUp:System handler the keyevent
