D/aaa     (  612): currentTime = 1370604032153,previousTime = 1370604031029
D/aaa     (  612): currentTime - previousTime)>=150
I/Gefo Activity(  612): 0onKeyDown:19
I/GefoWebView(  612): 0 sendKeyEvent:19
E/EventHub(  168): send pin = 24,value = 0
I/PinyinIME(  737): onKeyUp:19
I/PinyinIME(  737): onKeyUp:System handler the keyevent
D/Seth Log(  612): Launcher dispatchKeyEvent event = 19
D/aaa     (  612): currentTime = 1370604032222,previousTime = 1370604032153
D/aaa     (  612): currentTime - previousTime)<150
E/EventHub(  168): send pin = 24,value = 0
V/PinyinIME(  737): onKeyDown:22
I/PinyinIME(  737): onKeyDown:System handler the keyevent
D/Seth Log(  612): Launcher dispatchKeyEvent event = 22
D/aaa     (  612): currentTime = 1370604032996,previousTime = 1370604032153
D/aaa     (  612): currentTime - previousTime)>=150
I/Gefo Activity(  612): 0onKeyDown:22
I/GefoWebView(  612): 0 sendKeyEvent:22
E/EventHub(  168): send pin = 24,value = 0
I/PinyinIME(  737): onKeyUp:22
I/PinyinIME(  737): onKeyUp:System handler the keyevent
D/Seth Log(  612): Launcher dispatchKeyEvent event = 22
D/aaa     (  612): currentTime = 1370604033065,previousTime = 1370604032996
D/aaa     (  612): currentTime - previousTime)<150
E/CmpbPlayerManager(   92): [CmpbPlayerManager] Found media.playermanager, LINE 970 
E/CmpbPlayerManager(   92): [CmpbPlayerManager] fgBpNeedStopPlayer pPlayer  0x7fefb0 
E/CmpbPlayerManager(   96): [CmpbPlayerManager][CMPB_BP_CHECK_PLAYER] pPlayer  0x7fefb0 
I/CmpbPlayerManager(   96): [CmpbPlayerManager] vCheckPlayer :0x7fefb0
E/CmpbPlayer(   92): [CMPBPLAYER][ERROR][CmpbMgrThread]line:4602 ===========>: this 0x7fefb0 need 0, mState=-1
E/CmpbPlayer(   92): [CMPBPLAYER][ERROR][CmpbMgrThread]line:4613 Abnormal State -1 but should not exit here
E/EventHub(  168): send pin = 24,value = 0
V/PinyinIME(  737): onKeyDown:23
I/PinyinIME(  737): onKeyDown:System handler the keyevent
D/Seth Log(  612): Launcher dispatchKeyEvent event = 23
D/aaa     (  612): currentTime = 1370604034258,previousTime = 1370604032996
D/aaa     (  612): currentTime - previousTime)>=150
I/Gefo Activity(  612): 0onKeyDown:23
I/GefoWebView(  612): 0 sendKeyEvent:23
E/EventHub(  168): send pin = 24,value = 0
I/PinyinIME(  737): onKeyUp:23
I/PinyinIME(  737): onKeyUp:System handler the keyevent
D/Seth Log(  612): Launcher dispatchKeyEvent event = 23
D/aaa     (  612): currentTime = 1370604034327,previousTime = 1370604034258
D/aaa     (  612): currentTime - previousTime)<150
E/CmpbPlayerManager(   92): [CmpbPlayerManager] Found media.playermanager, LINE 970 
E/CmpbPlayerManager(   92): [CmpbPlayerManager] fgBpNeedStopPlayer pPlayer  0x7fefb0 
E/CmpbPlayerManager(   96): [CmpbPlayerManager][CMPB_BP_CHECK_PLAYER] pPlayer  0x7fefb0 
I/CmpbPlayerManager(   96): [CmpbPlayerManager] vCheckPlayer :0x7fefb0
E/CmpbPlayer(   92): [CMPBPLAYER][ERROR][CmpbMgrThread]line:4602 ===========>: this 0x7fefb0 need 0, mState=-1
E/CmpbPlayer(   92): [CMPBPLAYER][ERROR][CmpbMgrThread]line:4613 Abnormal State -1 but should not exit here
E/CmpbPlayerManager(   92): [CmpbPlayerManager] Found media.playermanager, LINE 970 
E/CmpbPlayerManager(   92): [CmpbPlayerManager] fgBpNeedStopPlayer pPlayer  0x7fefb0 
E/CmpbPlayerManager(   96): [CmpbPlayerManager][CMPB_BP_CHECK_PLAYER] pPlayer  0x7fefb0 
I/CmpbPlayerManager(   96): [CmpbPlayerManager] vCheckPlayer :0x7fefb0
E/CmpbPlayer(   92): [CMPBPLAYER][ERROR][CmpbMgrThread]line:4602 ===========>: this 0x7fefb0 need 0, mState=-1
E/CmpbPlayer(   92): [CMPBPLAYER][ERROR][CmpbMgrThread]line:4613 Abnormal State -1 but should not exit here
E/EventHub(  168): send pin = 24,value = 0
V/PinyinIME(  737): onKeyDown:19
I/PinyinIME(  737): onKeyDown:System handler the keyevent
D/Seth Log(  612): Launcher dispatchKeyEvent event = 19
D/aaa     (  612): currentTime = 1370604039049,previousTime = 1370604034258
D/aaa     (  612): currentTime - previousTime)>=150
I/Gefo Activity(  612): 0onKeyDown:19
I/GefoWebView(  612): 0 sendKeyEvent:19
D/audio_hw_primary(   92): select_output_device 0x40002
E/EventHub(  168): send pin = 24,value = 0
I/PinyinIME(  737): onKeyUp:19
I/PinyinIME(  737): onKeyUp:System handler the keyevent
D/Seth Log(  612): Launcher dispatchKeyEvent event = 19
D/aaa     (  612): currentTime = 1370604039118,previousTime = 1370604039049
D/aaa     (  612): currentTime - previousTime)<150
E/EventHub(  168): send pin = 24,value = 0
V/PinyinIME(  737): onKeyDown:22
I/PinyinIME(  737): onKeyDown:System handler the keyevent
D/Seth Log(  612): Launcher dispatchKeyEvent event = 22
D/aaa     (  612): currentTime = 1370604039574,previousTime = 1370604039049
D/aaa     (  612): currentTime - previousTime)>=150
I/Gefo Activity(  612): 0onKeyDown:22
I/GefoWebView(  612): 0 sendKeyEvent:22
E/CmpbPlayerManager(   92): [CmpbPlayerManager] Found media.playermanager, LINE 970 
E/CmpbPlayerManager(   92): [CmpbPlayerManager] fgBpNeedStopPlayer pPlayer  0x7fefb0 
E/CmpbPlayerManager(   96): [CmpbPlayerManager][CMPB_BP_CHECK_PLAYER] pPlayer  0x7fefb0 
I/CmpbPlayerManager(   96): [CmpbPlayerManager] vCheckPlayer :0x7fefb0
E/CmpbPlayer(   92): [CMPBPLAYER][ERROR][CmpbMgrThread]line:4602 ===========>: this 0x7fefb0 need 0, mState=-1
E/CmpbPlayer(   92): [CMPBPLAYER][ERROR][CmpbMgrThread]line:4613 Abnormal State -1 but should not exit here
E/EventHub(  168): send pin = 24,value = 0
I/PinyinIME(  737): onKeyUp:22
I/PinyinIME(  737): onKeyUp:System handler the keyevent
D/Seth Log(  612): Launcher dispatchKeyEvent event = 22
D/aaa     (  612): currentTime = 1370604039642,previousTime = 1370604039574
D/aaa     (  612): currentTime - previousTime)<150
E/EventHub(  168): send pin = 24,value = 0
V/PinyinIME(  737): onKeyDown:23
I/PinyinIME(  737): onKeyDown:System handler the keyevent
D/Seth Log(  612): Launcher dispatchKeyEvent event = 23
D/aaa     (  612): currentTime = 1370604040166,previousTime = 1370604039574
D/aaa     (  612): currentTime - previousTime)>=150
I/Gefo Activity(  612): 0onKeyDown:23
I/GefoWebView(  612): 0 sendKeyEvent:23
E/EventHub(  168): send pin = 24,value = 0
I/PinyinIME(  737): onKeyUp:23
I/PinyinIME(  737): onKeyUp:System handler the keyevent
D/Seth Log(  612): Launcher dispatchKeyEvent event = 23
D/aaa     (  612): currentTime = 1370604040236,previousTime = 1370604040166
D/aaa     (  612): currentTime - previousTime)<150
E/CmpbPlayerManager(   92): [CmpbPlayerManager] Found media.playermanager, LINE 970 
E/CmpbPlayerManager(   92): [CmpbPlayerManager] fgBpNeedStopPlayer pPlayer  0x7fefb0 
E/CmpbPlayerManager(   96): [CmpbPlayerManager][CMPB_BP_CHECK_PLAYER] pPlayer  0x7fefb0 
I/CmpbPlayerManager(   96): [CmpbPlayerManager] vCheckPlayer :0x7fefb0
E/CmpbPlayer(   92): [CMPBPLAYER][ERROR][CmpbMgrThread]line:4602 ===========>: this 0x7fefb0 need 0, mState=-1
E/CmpbPlayer(   92): [CMPBPLAYER][ERROR][CmpbMgrThread]line:4613 Abnormal State -1 but should not exit here
E/EventHub(  168): send pin = 24,value = 0
V/PinyinIME(  737): onKeyDown:22
I/PinyinIME(  737): onKeyDown:System handler the keyevent
D/Seth Log(  612): Launcher dispatchKeyEvent event = 22
D/aaa     (  612): currentTime = 1370604043039,previousTime = 1370604040166
D/aaa     (  612): currentTime - previousTime)>=150
I/Gefo Activity(  612): 0onKeyDown:22
I/GefoWebView(  612): 0 sendKeyEvent:22
E/EventHub(  168): send pin = 24,value = 0
I/PinyinIME(  737): onKeyUp:22
I/PinyinIME(  737): onKeyUp:System handler the keyevent
D/Seth Log(  612): Launcher dispatchKeyEvent event = 22
D/aaa     (  612): currentTime = 1370604043108,previousTime = 1370604043039
D/aaa     (  612): currentTime - previousTime)<150
E/EventHub(  168): send pin = 24,value = 0
V/PinyinIME(  737): onKeyDown:23
I/PinyinIME(  737): onKeyDown:System handler the keyevent
D/Seth Log(  612): Launcher dispatchKeyEvent event = 23
D/aaa     (  612): currentTime = 1370604043447,previousTime = 1370604043039
D/aaa     (  612): currentTime - previousTime)>=150
I/Gefo Activity(  612): 0onKeyDown:23
I/GefoWebView(  612): 0 sendKeyEvent:23
E/EventHub(  168): send pin = 24,value = 0
I/PinyinIME(  737): onKeyUp:23
I/PinyinIME(  737): onKeyUp:System handler the keyevent
D/Seth Log(  612): Launcher dispatchKeyEvent event = 23
D/aaa     (  612): currentTime = 1370604043517,previousTime = 1370604043447
D/aaa     (  612): currentTime - previousTime)<150
E/CmpbPlayerManager(   92): [CmpbPlayerManager] Found media.playermanager, LINE 970 
E/CmpbPlayerManager(   92): [CmpbPlayerManager] fgBpNeedStopPlayer pPlayer  0x7fefb0 
E/CmpbPlayerManager(   96): [CmpbPlayerManager][CMPB_BP_CHECK_PLAYER] pPlayer  0x7fefb0 
I/CmpbPlayerManager(   96): [CmpbPlayerManager] vCheckPlayer :0x7fefb0
E/CmpbPlayer(   92): [CMPBPLAYER][ERROR][CmpbMgrThread]line:4602 ===========>: this 0x7fefb0 need 0, mState=-1
E/CmpbPlayer(   92): [CMPBPLAYER][ERROR][CmpbMgrThread]line:4613 Abnormal State -1 but should not exit here
E/EventHub(  168): send pin = 24,value = 0
V/PinyinIME(  737): onKeyDown:21
I/PinyinIME(  737): onKeyDown:System handler the keyevent
D/Seth Log(  612): Launcher dispatchKeyEvent event = 21
D/aaa     (  612): currentTime = 1370604044276,previousTime = 1370604043447
D/aaa     (  612): currentTime - previousTime)>=150
I/Gefo Activity(  612): 0onKeyDown:21
I/GefoWebView(  612): 0 sendKeyEvent:21
E/EventHub(  168): send pin = 24,value = 0
I/PinyinIME(  737): onKeyUp:21
I/PinyinIME(  737): onKeyUp:System handler the keyevent
D/Seth Log(  612): Launcher dispatchKeyEvent event = 21
D/aaa     (  612): currentTime = 1370604044346,previousTime = 1370604044276
D/aaa     (  612): currentTime - previousTime)<150
E/EventHub(  168): send pin = 24,value = 0
V/PinyinIME(  737): onKeyDown:21
I/PinyinIME(  737): onKeyDown:System handler the keyevent
D/Seth Log(  612): Launcher dispatchKeyEvent event = 21
D/aaa     (  612): currentTime = 1370604044776,previousTime = 1370604044276
D/aaa     (  612): currentTime - previousTime)>=150
I/Gefo Activity(  612): 0onKeyDown:21
I/GefoWebView(  612): 0 sendKeyEvent:21
E/EventHub(  168): send pin = 24,value = 0
I/PinyinIME(  737): onKeyUp:21
I/PinyinIME(  737): onKeyUp:System handler the keyevent
D/Seth Log(  612): Launcher dispatchKeyEvent event = 21
D/aaa     (  612): currentTime = 1370604044846,previousTime = 1370604044776
D/aaa     (  612): currentTime - previousTime)<150
E/EventHub(  168): send pin = 24,value = 0
V/PinyinIME(  737): onKeyDown:21
I/PinyinIME(  737): onKeyDown:System handler the keyevent
D/Seth Log(  612): Launcher dispatchKeyEvent event = 21
D/aaa     (  612): currentTime = 1370604045491,previousTime = 1370604044776
D/aaa     (  612): currentTime - previousTime)>=150
I/Gefo Activity(  612): 0onKeyDown:21
I/GefoWebView(  612): 0 sendKeyEvent:21
E/EventHub(  168): send pin = 24,value = 0
I/PinyinIME(  737): onKeyUp:21
I/PinyinIME(  737): onKeyUp:System handler the keyevent
D/Seth Log(  612): Launcher dispatchKeyEvent event = 21
D/aaa     (  612): currentTime = 1370604045560,previousTime = 1370604045491
D/aaa     (  612): currentTime - previousTime)<150
E/CmpbPlayerManager(   92): [CmpbPlayerManager] Found media.playermanager, LINE 970 
E/CmpbPlayerManager(   92): [CmpbPlayerManager] fgBpNeedStopPlayer pPlayer  0x7fefb0 
E/CmpbPlayerManager(   96): [CmpbPlayerManager][CMPB_BP_CHECK_PLAYER] pPlayer  0x7fefb0 
I/CmpbPlayerManager(   96): [CmpbPlayerManager] vCheckPlayer :0x7fefb0
E/CmpbPlayer(   92): [CMPBPLAYER][ERROR][CmpbMgrThread]line:4602 ===========>: this 0x7fefb0 need 0, mState=-1
E/CmpbPlayer(   92): [CMPBPLAYER][ERROR][CmpbMgrThread]line:4613 Abnormal State -1 but should not exit here
E/EventHub(  168): send pin = 24,value = 0
V/PinyinIME(  737): onKeyDown:22
I/PinyinIME(  737): onKeyDown:System handler the keyevent
D/Seth Log(  612): Launcher dispatchKeyEvent event = 22
D/aaa     (  612): currentTime = 1370604045913,previousTime = 1370604045491
D/aaa     (  612): currentTime - previousTime)>=150
I/Gefo Activity(  612): 0onKeyDown:22
I/GefoWebView(  612): 0 sendKeyEvent:22
E/EventHub(  168): send pin = 24,value = 0
I/PinyinIME(  737): onKeyUp:22
I/PinyinIME(  737): onKeyUp:System handler the keyevent
D/Seth Log(  612): Launcher dispatchKeyEvent event = 22
D/aaa     (  612): currentTime = 1370604045983,previousTime = 1370604045913
D/aaa     (  612): currentTime - previousTime)<150
E/EventHub(  168): send pin = 24,value = 0
V/PinyinIME(  737): onKeyDown:22
I/PinyinIME(  737): onKeyDown:System handler the keyevent
D/Seth Log(  612): Launcher dispatchKeyEvent event = 22
D/aaa     (  612): currentTime = 1370604046534,previousTime = 1370604045913
D/aaa     (  612): currentTime - previousTime)>=150
I/Gefo Activity(  612): 0onKeyDown:22
I/GefoWebView(  612): 0 sendKeyEvent:22
E/EventHub(  168): send pin = 24,value = 0
I/PinyinIME(  737): onKeyUp:22
I/PinyinIME(  737): onKeyUp:System handler the keyevent
D/Seth Log(  612): Launcher dispatchKeyEvent event = 22
D/aaa     (  612): currentTime = 1370604046604,previousTime = 1370604046534
D/aaa     (  612): currentTime - previousTime)<150
E/EventHub(  168): send pin = 24,value = 0
V/PinyinIME(  737): onKeyDown:22
I/PinyinIME(  737): onKeyDown:System handler the keyevent
D/Seth Log(  612): Launcher dispatchKeyEvent event = 22
D/aaa     (  612): currentTime = 1370604047042,previousTime = 1370604046534
D/aaa     (  612): currentTime - previousTime)>=150
I/Gefo Activity(  612): 0onKeyDown:22
I/GefoWebView(  612): 0 sendKeyEvent:22
E/EventHub(  168): send pin = 24,value = 0
I/PinyinIME(  737): onKeyUp:22
I/PinyinIME(  737): onKeyUp:System handler the keyevent
D/Seth Log(  612): Launcher dispatchKeyEvent event = 22
D/aaa     (  612): currentTime = 1370604047110,previousTime = 1370604047042
D/aaa     (  612): currentTime - previousTime)<150
E/EventHub(  168): send pin = 24,value = 0
V/PinyinIME(  737): onKeyDown:22
I/PinyinIME(  737): onKeyDown:System handler the keyevent
D/Seth Log(  612): Launcher dispatchKeyEvent event = 22
D/aaa     (  612): currentTime = 1370604047433,previousTime = 1370604047042
D/aaa     (  612): currentTime - previousTime)>=150
I/Gefo Activity(  612): 0onKeyDown:22
I/GefoWebView(  612): 0 sendKeyEvent:22
E/EventHub(  168): send pin = 24,value = 0
I/PinyinIME(  737): onKeyUp:22
I/PinyinIME(  737): onKeyUp:System handler the keyevent
D/Seth Log(  612): Launcher dispatchKeyEvent event = 22
D/aaa     (  612): currentTime = 1370604047503,previousTime = 1370604047433
D/aaa     (  612): currentTime - previousTime)<150
E/CmpbPlayerManager(   92): [CmpbPlayerManager] Found media.playermanager, LINE 970 
E/CmpbPlayerManager(   92): [CmpbPlayerManager] fgBpNeedStopPlayer pPlayer  0x7fefb0 
E/CmpbPlayerManager(   96): [CmpbPlayerManager][CMPB_BP_CHECK_PLAYER] pPlayer  0x7fefb0 
I/CmpbPlayerManager(   96): [CmpbPlayerManager] vCheckPlayer :0x7fefb0
E/CmpbPlayer(   92): [CMPBPLAYER][ERROR][CmpbMgrThread]line:4602 ===========>: this 0x7fefb0 need 0, mState=-1
E/CmpbPlayer(   92): [CMPBPLAYER][ERROR][CmpbMgrThread]line:4613 Abnormal State -1 but should not exit here
E/EventHub(  168): send pin = 24,value = 0
V/PinyinIME(  737): onKeyDown:22
I/PinyinIME(  737): onKeyDown:System handler the keyevent
D/Seth Log(  612): Launcher dispatchKeyEvent event = 22
D/aaa     (  612): currentTime = 1370604047801,previousTime = 1370604047433
D/aaa     (  612): currentTime - previousTime)>=150
I/Gefo Activity(  612): 0onKeyDown:22
I/GefoWebView(  612): 0 sendKeyEvent:22
E/EventHub(  168): send pin = 24,value = 0
I/PinyinIME(  737): onKeyUp:22
I/PinyinIME(  737): onKeyUp:System handler the keyevent
D/Seth Log(  612): Launcher dispatchKeyEvent event = 22
D/aaa     (  612): currentTime = 1370604047871,previousTime = 1370604047801
D/aaa     (  612): currentTime - previousTime)<150
E/EventHub(  168): send pin = 24,value = 0
V/PinyinIME(  737): onKeyDown:22
I/PinyinIME(  737): onKeyDown:System handler the keyevent
D/Seth Log(  612): Launcher dispatchKeyEvent event = 22
D/aaa     (  612): currentTime = 1370604047908,previousTime = 1370604047801
D/aaa     (  612): currentTime - previousTime)<150
E/EventHub(  168): send pin = 24,value = 0
I/PinyinIME(  737): onKeyUp:22
I/PinyinIME(  737): onKeyUp:System handler the keyevent
D/Seth Log(  612): Launcher dispatchKeyEvent event = 22
D/aaa     (  612): currentTime = 1370604047976,previousTime = 1370604047801
D/aaa     (  612): currentTime - previousTime)>=150
E/EventHub(  168): send pin = 24,value = 0
V/PinyinIME(  737): onKeyDown:22
I/PinyinIME(  737): onKeyDown:System handler the keyevent
D/Seth Log(  612): Launcher dispatchKeyEvent event = 22
D/aaa     (  612): currentTime = 1370604048111,previousTime = 1370604047976
D/aaa     (  612): currentTime - previousTime)<150
E/EventHub(  168): send pin = 24,value = 0
I/PinyinIME(  737): onKeyUp:22
I/PinyinIME(  737): onKeyUp:System handler the keyevent
D/Seth Log(  612): Launcher dispatchKeyEvent event = 22
D/aaa     (  612): currentTime = 1370604048181,previousTime = 1370604047976
D/aaa     (  612): currentTime - previousTime)>=150
D/InputEventConsistencyVerifier(  612): KeyEvent: ACTION_UP but key was not down.
D/InputEventConsistencyVerifier(  612):   in com.android.internal.policy.impl.PhoneWindow$DecorView@40f5ae68
D/InputEventConsistencyVerifier(  612):   0: sent at 3682425000000, KeyEvent { action=ACTION_UP, keyCode=KEYCODE_DPAD_RIGHT, scanCode=106, metaState=0, flags=0x8, repeatCount=0, eventTime=3682425, downTime=3682355, deviceId=1, source=0x701 }
D/InputEventConsistencyVerifier(  612):   -- recent events --
D/InputEventConsistencyVerifier(  612):   1: sent at 3682220000000, (unhandled) KeyEvent { action=ACTION_UP, keyCode=KEYCODE_DPAD_RIGHT, scanCode=106, metaState=0, flags=0x8, repeatCount=0, eventTime=3682220, downTime=3682150, deviceId=1, source=0x701 }
D/InputEventConsistencyVerifier(  612):   2: sent at 3682043000000, (unhandled) KeyEvent { action=ACTION_DOWN, keyCode=KEYCODE_DPAD_RIGHT, scanCode=106, metaState=0, flags=0x8, repeatCount=0, eventTime=3682043, downTime=3682043, deviceId=1, source=0x701 }
D/InputEventConsistencyVerifier(  612):   3: sent at 3681677000000, (unhandled) KeyEvent { action=ACTION_DOWN, keyCode=KEYCODE_DPAD_RIGHT, scanCode=106, metaState=0, flags=0x8, repeatCount=0, eventTime=3681677, downTime=3681677, deviceId=1, source=0x701 }
D/InputEventConsistencyVerifier(  612):   4: sent at 3681284000000, (unhandled) KeyEvent { action=ACTION_DOWN, keyCode=KEYCODE_DPAD_RIGHT, scanCode=106, metaState=0, flags=0x8, repeatCount=0, eventTime=3681284, downTime=3681284, deviceId=1, source=0x701 }
D/InputEventConsistencyVerifier(  612):   5: sent at 3680779000000, (unhandled) KeyEvent { action=ACTION_DOWN, keyCode=KEYCODE_DPAD_RIGHT, scanCode=106, metaState=0, flags=0x8, repeatCount=0, eventTime=3680779, downTime=3680779, deviceId=1, source=0x701 }
E/EventHub(  168): send pin = 24,value = 0
V/PinyinIME(  737): onKeyDown:22
I/PinyinIME(  737): onKeyDown:System handler the keyevent
D/Seth Log(  612): Launcher dispatchKeyEvent event = 22
D/aaa     (  612): currentTime = 1370604048569,previousTime = 1370604048181
D/aaa     (  612): currentTime - previousTime)>=150
I/Gefo Activity(  612): 0onKeyDown:22
I/GefoWebView(  612): 0 sendKeyEvent:22
E/EventHub(  168): send pin = 24,value = 0
I/PinyinIME(  737): onKeyUp:22
I/PinyinIME(  737): onKeyUp:System handler the keyevent
D/Seth Log(  612): Launcher dispatchKeyEvent event = 22
D/aaa     (  612): currentTime = 1370604048639,previousTime = 1370604048569
D/aaa     (  612): currentTime - previousTime)<150
E/EventHub(  168): send pin = 24,value = 0
V/PinyinIME(  737): onKeyDown:22
I/PinyinIME(  737): onKeyDown:System handler the keyevent
D/Seth Log(  612): Launcher dispatchKeyEvent event = 22
D/aaa     (  612): currentTime = 1370604048993,previousTime = 1370604048569
D/aaa     (  612): currentTime - previousTime)>=150
I/Gefo Activity(  612): 0onKeyDown:22
I/GefoWebView(  612): 0 sendKeyEvent:22
E/EventHub(  168): send pin = 24,value = 0
I/PinyinIME(  737): onKeyUp:22
I/PinyinIME(  737): onKeyUp:System handler the keyevent
D/Seth Log(  612): Launcher dispatchKeyEvent event = 22
D/aaa     (  612): currentTime = 1370604049063,previousTime = 1370604048993
D/aaa     (  612): currentTime - previousTime)<150
E/EventHub(  168): send pin = 24,value = 0
V/PinyinIME(  737): onKeyDown:22
I/PinyinIME(  737): onKeyDown:System handler the keyevent
D/Seth Log(  612): Launcher dispatchKeyEvent event = 22
D/aaa     (  612): currentTime = 1370604049488,previousTime = 1370604048993
D/aaa     (  612): currentTime - previousTime)>=150
I/Gefo Activity(  612): 0onKeyDown:22
I/GefoWebView(  612): 0 sendKeyEvent:22
E/EventHub(  168): send pin = 24,value = 0
I/PinyinIME(  737): onKeyUp:22
I/PinyinIME(  737): onKeyUp:System handler the keyevent
D/Seth Log(  612): Launcher dispatchKeyEvent event = 22
D/aaa     (  612): currentTime = 1370604049558,previousTime = 1370604049488
D/aaa     rThread]line:4602 ===========>: this 0x7fefb0 need 0, mState=-1
E/CmpbPlayer(   92): [CMPBPLAYER][ERROR][CmpbMgrThread]line:4613 Abnormal State -1 but should not exit here
E/CmpbPlayerManager(   92): [CmpbPlayerManager] Found media.playermanager, LINE 970 
E/CmpbPlayerManager(   92): [CmpbPlayerManager] fgBpNeedStopPlayer pPlayer  0x7fefb0 
E/CmpbPlayerManager(   96): [CmpbPlayerManager][CMPB_BP_CHECK_PLAYER] pPlayer  0x7fefb0 
I/CmpbPlayerManager(   96): [CmpbPlayerManager] vCheckPlayer :0x7fefb0
E/CmpbPlayer(   92): [CMPBPLAYER][ERROR][CmpbMgrThread]line:4602 ===========>: this 0x7fefb0 need 0, mState=-1
E/CmpbPlayer(   92): [CMPBPLAYER][ERROR][CmpbMgrThread]line:4613 Abnormal State -1 but should not exit here
E/CmpbPlayerManager(   92): [CmpbPlayerManager] Found media.playermanager, LINE 970 
E/CmpbPlayerManager(   92): [CmpbPlayerManager] fgBpNeedStopPlayer pPlayer  0x7fefb0 
E/CmpbPlayerManager(   96): [CmpbPlayerManager][CMPB_BP_CHECK_PLAYER] pPlayer  0x7fefb0 
I/CmpbPlayerManager(   96): [CmpbPlayerManager] vCheckPlayer :0x7fefb0
E/CmpbPlayer(   92): [CMPBPLAYER][ERROR][CmpbMgrThread]line:4602 ===========>: this 0x7fefb0 need 0, mState=-1
E/CmpbPlayer(   92): [CMPBPLAYER][ERROR][CmpbMgrThread]line:4613 Abnormal State -1 but should not exit here
E/CmpbPlayerManager(   92): [CmpbPlayerManager] Found media.playermanager, LINE 970 
E/CmpbPlayerManager(   92): [CmpbPlayerManager] fgBpNeedStopPlayer pPlayer  0x7fefb0 
E/CmpbPlayerManager(   96): [CmpbPlayerManager][CMPB_BP_CHECK_PLAYER] pPlayer  0x7fefb0 
I/CmpbPlayerManager(   96): [CmpbPlayerManager] vCheckPlayer :0x7fefb0
E/CmpbPlayer(   92): [CMPBPLAYER][ERROR][CmpbMgrThread]line:4602 ===========>: this 0x7fefb0 need 0, mState=-1
E/CmpbPlayer(   92): [CMPBPLAYER][ERROR][CmpbMgrThread]line:4613 Abnormal State -1 but should not exit here
E/CmpbPlayerManager(   92): [CmpbPlayerManager] Found media.playermanager, LINE 970 
E/CmpbPlayerManager(   92): [CmpbPlayerManager] fgBpNeedStopPlayer pPlayer  0x7fefb0 
E/CmpbPlayerManager(   96): [CmpbPlayerManager][CMPB_BP_CHECK_PLAYER] pPlayer  0x7fefb0 
I/CmpbPlayerManager(   96): [CmpbPlayerManager] vCheckPlayer :0x7fefb0
E/CmpbPlayer(   92): [CMPBPLAYER][ERROR][CmpbMgrThread]line:4602 ===========>: this 0x7fefb0 need 0, mState=-1
E/CmpbPlayer(   92): [CMPBPLAYER][ERROR][CmpbMgrThread]line:4613 Abnormal State -1 but should not exit here
E/CmpbPlayerManager(   92): [CmpbPlayerManager] Found media.playermanager, LINE 970 
E/CmpbPlayerManager(   92): [CmpbPlayerManager] fgBpNeedStopPlayer pPlayer  0x7fefb0 
E/CmpbPlayerManager(   96): [CmpbPlayerManager][CMPB_BP_CHECK_PLAYER] pPlayer  0x7fefb0 
I/CmpbPlayerManager(   96): [CmpbPlayerManager] vCheckPlayer :0x7fefb0
E/CmpbPlayer(   92): [CMPBPLAYER][ERROR][CmpbMgrThread]line:4602 ===========>: this 0x7fefb0 need 0, mState=-1
E/CmpbPlayer(   92): [CMPBPLAYER][ERROR][CmpbMgrThread]line:4613 Abnormal State -1 but should not exit here
E/CmpbPlayerManager(   92): [CmpbPlayerManager] Found media.playermanager, LINE 970 
E/CmpbPlayerManager(   92): [CmpbPlayerManager] fgBpNeedStopPlayer pPlayer  0x7fefb0 
E/CmpbPlayerManager(   96): [CmpbPlayerManager][CMPB_BP_CHECK_PLAYER] pPlayer  0x7fefb0 
I/CmpbPlayerManager(   96): [CmpbPlayerManager] vCheckPlayer :0x7fefb0
E/CmpbPlayer(   92): [CMPBPLAYER][ERROR][CmpbMgrThread]line:4602 ===========>: this 0x7fefb0 need 0, mState=-1
E/CmpbPlayer(   92): [CMPBPLAYER][ERROR][CmpbMgrThread]line:4613 Abnormal State -1 but should not exit here
E/CmpbPlayerManager(   92): [CmpbPlayerManager] Found media.playermanager, LINE 970 
E/CmpbPlayerManager(   92): [CmpbPlayerManager] fgBpNeedStopPlayer pPlayer  0x7fefb0 
E/CmpbPlayerManager(   96): [CmpbPlayerManager][CMPB_BP_CHECK_PLAYER] pPlayer  0x7fefb0 
I/CmpbPlayerManager(   96): [CmpbPlayerManager] vCheckPlayer :0x7fefb0
E/CmpbPlayer(   92): [CMPBPLAYER][ERROR][CmpbMgrThread]line:4602 ===========>: this 0x7fefb0 need 0, mState=-1
E/CmpbPlayer(   92): [CMPBPLAYER][ERROR][CmpbMgrThread]line:4613 Abnormal State -1 but should not exit here
E/CmpbPlayerManager(   92): [CmpbPlayerManager] Found media.playermanager, LINE 970 
E/CmpbPlayerManager(   92): [CmpbPlayerManager] fgBpNeedStopPlayer pPlayer  0x7fefb0 
E/CmpbPlayerManager(   96): [CmpbPlayerManager][CMPB_BP_CHECK_PLAYER] pPlayer  0x7fefb0 
I/CmpbPlayerManager(   96): [CmpbPlayerManager] vCheckPlayer :0x7fefb0
E/CmpbPlayer(   92): [CMPBPLAYER][ERROR][CmpbMgrThread]line:4602 ===========>: this 0x7fefb0 need 0, mState=-1
E/CmpbPlayer(   92): [CMPBPLAYER][ERROR][CmpbMgrThread]line:4613 Abnormal State -1 but should not exit here
E/CmpbPlayerManager(   92): [CmpbPlayerManager] Found media.playermanager, LINE 970 
E/CmpbPlayerManager(   92): [CmpbPlayerManager] fgBpNeedStopPlayer pPlayer  0x7fefb0 
E/CmpbPlayerManager(   96): [CmpbPlayerManager][CMPB_BP_CHECK_PLAYER] pPlayer  0x7fefb0 
I/CmpbPlayerManager(   96): [CmpbPlayerManager] vCheckPlayer :0x7fefb0
E/CmpbPlayer(   92): [CMPBPLAYER][ERROR][CmpbMgrThread]line:4602 ===========>: this 0x7fefb0 need 0, mState=-1
E/CmpbPlayer(   92): [CMPBPLAYER][ERROR][CmpbMgrThread]line:4613 Abnormal State -1 but should not exit here
E/CmpbPlayerManager(   92): [CmpbPlayerManager] Found media.playermanager, LINE 970 
E/CmpbPlayerManager(   92): [CmpbPlayerManager] fgBpNeedStopPlayer pPlayer  0x7fefb0 
E/CmpbPlayerManager(   96): [CmpbPlayerManager][CMPB_BP_CHECK_PLAYER] pPlayer  0x7fefb0 
I/CmpbPlayerManager(   96): [CmpbPlayerManager] vCheckPlayer :0x7fefb0
E/CmpbPlayer(   92): [CMPBPLAYER][ERROR][CmpbMgrThread]line:4602 ===========>: this 0x7fefb0 need 0, mState=-1
E/CmpbPlayer(   92): [CMPBPLAYER][ERROR][CmpbMgrThread]line:4613 Abnormal State -1 but should not exit here
E/CmpbPlayerManager(   92): [CmpbPlayerManager] Found media.playermanager, LINE 970 
E/CmpbPlayerManager(   92): [CmpbPlayerManager] fgBpNeedStopPlayer pPlayer  0x7fefb0 
E/CmpbPlayerManager(   96): [CmpbPlayerManager][CMPB_BP_CHECK_PLAYER] pPlayer  0x7fefb0 
I/CmpbPlayerManager(   96): [CmpbPlayerManager] vCheckPlayer :0x7fefb0
E/CmpbPlayer(   92): [CMPBPLAYER][ERROR][CmpbMgrThread]line:4602 ===========>: this 0x7fefb0 need 0, mState=-1
E/CmpbPlayer(   92): [CMPBPLAYER][ERROR][CmpbMgrThread]line:4613 Abnormal State -1 but should not exit here
E/CmpbPlayerManager(   92): [CmpbPlayerManager] Found media.playermanager, LINE 970 
E/CmpbPlayerManager(   92): [CmpbPlayerManager] fgBpNeedStopPlayer pPlayer  0x7fefb0 
E/CmpbPlayerManager(   96): [CmpbPlayerManager][CMPB_BP_CHECK_PLAYER] pPlayer  0x7fefb0 
I/CmpbPlayerManager(   96): [CmpbPlayerManager] vCheckPlayer :0x7fefb0
E/CmpbPlayer(   92): [CMPBPLAYER][ERROR][CmpbMgrThread]line:4602 ===========>: this 0x7fefb0 need 0, mState=-1
E/CmpbPlayer(   92): [CMPBPLAYER][ERROR][CmpbMgrThread]line:4613 Abnormal State -1 but should not exit here
E/CmpbPlayerManager(   92): [CmpbPlayerManager] Found media.playermanager, LINE 97[ 3816.466084] ----> schedule
[ 3827.840991] ----> time  [11, 362362264]
[ 3827.841007] ----> icoutn:nr  [85, 3],drop=1
0 
E/CmpbPlayerManager(   92): [CmpbPlayerManager] fgBpNeedStopPlayer pPlayer  0x7fefb0 
E/CmpbPlayerManager(   96): [CmpbPlayerManager][CMPB_BP_CHECK_PLAYER] pPlayer  0x7fefb0 
I/CmpbPlayerManager(   96): [CmpbPlayerManager] vCheckPlayer :0x7fefb0
E/CmpbPlayer(   92): [CMPBPLAYER][ERROR][CmpbMgrThread]line:4602 ===========>: this 0x7fefb0 need 0, mState=-1
E/CmpbPlayer(   92): [CMPBPLAYER][ERROR][CmpbMgrThread]line:4613 Abnormal State -1 but should not exit here
E/CmpbPlayerManager(   92): [CmpbPlayerManager] Found media.playermanager, LINE 970 
E/CmpbPlayerManager(   92): [CmpbPlayerManager] fgBpNeedStopPlayer pPlayer  0x7fefb0 
E/CmpbPlayerManager(   96): [CmpbPlayerManager][CMPB_BP_CHECK_PLAYER] pPlayer  0x7fefb0 
I/CmpbPlayerManager(   96): [CmpbPlayerManager] vCheckPlayer :0x7fefb0
E/CmpbPlayer(   92): [CMPBPLAYER][ERROR][CmpbMgrThread]line:4602 ===========>: this 0x7fefb0 need 0, mState=-1
E/CmpbPlayer(   92): [CMPBPLAYER][ERROR][CmpbMgrThread]line:4613 Abnormal State -1 but should not exit here
E/CmpbPlayerManager(   92): [CmpbPlayerManager] Found media.playermanager, LINE 970 
E/CmpbPlayerManager(   92): [CmpbPlayerManager] fgBpNeedStopPlayer pPlayer  0x7fefb0 
E/CmpbPlayerManager(   96): [CmpbPlayerManager][CMPB_BP_CHECK_PLAYER] pPlayer  0x7fefb0 
I/CmpbPlayerManager(   96): [CmpbPlayerManager] vCheckPlayer :0x7fefb0
E/CmpbPlayer(   92): [CMPBPLAYER][ERROR][CmpbMgrThread]line:4602 ===========>: this 0x7fefb0 need 0, mState=-1
E/CmpbPlayer(   92): [CMPBPLAYER][ERROR][CmpbMgrThread]line:4613 Abnormal State -1 but should not exit here
E/CmpbPlayerManager(   92): [CmpbPlayerManager] Found media.playermanager, LINE 970 
E/CmpbPlayerManager(   92): [CmpbPlayerManager] fgBpNeedStopPlayer pPlayer  0x7fefb0 
E/CmpbPlayerManager(   96): [CmpbPlayerManager][CMPB_BP_CHECK_PLAYER] pPlayer  0x7fefb0 
I/CmpbPlayerManager(   96): [CmpbPlayerManager] vCheckPlayer :0x7fefb0
E/CmpbPlayer(   92): [CMPBPLAYER][ERROR][CmpbMgrThread]line:4602 ===========>: this 0x7fefb0 need 0, mState=-1
E/CmpbPlayer(   92): [CMPBPLAYER][ERROR][CmpbMgrThread]line:4613 Abnormal State -1 but should not exit here
E/EventHub(  168): send pin = 24,value = 0
V/PinyinIME(  737): onKeyDown:21
I/PinyinIME(  737): onKeyDown:System handler the keyevent
D/Seth Log(  612): Launcher dispatchKeyEvent event = 21
D/aaa     (  612): currentTime = 1370604143885,previousTime = 1370604100453
D/aaa     (  612): currentTime - previousTime)>=150
I/Gefo Activity(  612): 0onKeyDown:21
I/GefoWebView(  612): 0 sendKeyEvent:21
D/audio_hw_primary(   92): select_output_device 0x40002
E/EventHub(  168): send pin = 24,value = 0
I/PinyinIME(  737): onKeyUp:21
I/PinyinIME(  737): onKeyUp:System handler the keyevent
D/Seth Log(  612): Launcher dispatchKeyEvent event = 21
D/aaa     (  612): currentTime = 1370604143954,previousTime = 1370604143885
D/aaa     (  612): currentTime - previousTime)<150
E/EventHub(  168): send pin = 24,value = 0
V/PinyinIME(  737): onKeyDown:21
I/PinyinIME(  737): onKeyDown:System handler the keyevent
D/Seth Log(  612): Launcher dispatchKeyEvent event = 21
D/aaa     (  612): currentTime = 1370604144973,previousTime = 1370604143885
D/aaa     (  612): currentTime - previousTime)>=150
I/Gefo Activity(  612): 0onKeyDown:21
I/GefoWebView(  612): 0 sendKeyEvent:21
E/EventHub(  168): send pin = 24,value = 0
I/PinyinIME(  737): onKeyUp:21
I/PinyinIME(  737): onKeyUp:System handler the keyevent
D/Seth Log(  612): Launcher dispatchKeyEvent event = 21
D/aaa     (  612): currentTime = 1370604145045,previousTime = 1370604144973
D/aaa     (  612): currentTime - previousTime)<150
E/EventHub(  168): send pin = 24,value = 0
V/PinyinIME(  737): onKeyDown:22
I/PinyinIME(  737): onKeyDown:System handler the keyevent
D/Seth Log(  612): Launcher dispatchKeyEvent event = 22
D/aaa     (  612): currentTime = 1370604145470,previousTime = 1370604144973
D/aaa     (  612): currentTime - previousTime)>=150
I/Gefo Activity(  612): 0onKeyDown:22
I/GefoWebView(  612): 0 sendKeyEvent:22
E/EventHub(  168): send pin = 24,value = 0
I/PinyinIME(  737): onKeyUp:22
I/PinyinIME(  737): onKeyUp:System handler the keyevent
D/Seth Log(  612): Launcher dispatchKeyEvent event = 22
D/aaa     (  612): currentTime = 1370604145539,previousTime = 1370604145470
D/aaa     (  612): currentTime - previousTime)<150
E/CmpbPlayerManager(   92): [CmpbPlayerManager] Found media.playermanager, LINE 970 
E/CmpbPlayerManager(   92): [CmpbPlayerManager] fgBpNeedStopPlayer pPlayer  0x7fefb0 
E/CmpbPlayerManager(   96): [CmpbPlayerManager][CMPB_BP_CHECK_PLAYER] pPlayer  0x7fefb0 
I/CmpbPlayerManager(   96): [CmpbPlayerManager] vCheckPlayer :0x7fefb0
E/CmpbPlayer(   92): [CMPBPLAYER][ERROR][CmpbMgrThread]line:4602 ===========>: this 0x7fefb0 need 0, mState=-1
E/CmpbPlayer(   92): [CMPBPLAYER][ERROR][CmpbMgrThread]line:4613 Abnormal State -1 but should not exit here
E/EventHub(  168): send pin = 24,value = 0
V/PinyinIME(  737): onKeyDown:22
I/PinyinIME(  737): onKeyDown:System handler the keyevent
D/Seth Log(  612): Launcher dispatchKeyEvent event = 22
D/aaa     (  612): currentTime = 1370604145836,previousTime = 1370604145470
D/aaa     (  612): currentTime - previousTime)>=150
I/Gefo Activity(  612): 0onKeyDown:22
I/GefoWebView(  612): 0 sendKeyEvent:22
E/EventHub(  168): send pin = 24,value = 0
I/PinyinIME(  737): onKeyUp:22
I/PinyinIME(  737): onKeyUp:System handler the keyevent
D/Seth Log(  612): Launcher dispatchKeyEvent event = 22
D/aaa     (  612): currentTime = 1370604145906,previousTime = 1370604145836
D/aaa     (  612): currentTime - previousTime)<150
E/EventHub(  168): send pin = 24,value = 0
V/PinyinIME(  737): onKeyDown:22
I/PinyinIME(  737): onKeyDown:System handler the keyevent
D/Seth Log(  612): Launcher dispatchKeyEvent event = 22
D/aaa     (  612): currentTime = 1370604146104,previousTime = 1370604145836
D/aaa     (  612): currentTime - previousTime)>=150
I/Gefo Activity(  612): 0onKeyDown:22
I/GefoWebView(  612): 0 sendKeyEvent:22
E/EventHub(  168): send pin = 24,value = 0
I/PinyinIME(  737): onKeyUp:22
I/PinyinIME(  737): onKeyUp:System handler the keyevent
D/Seth Log(  612): Launcher dispatchKeyEvent event = 22
D/aaa     (  612): currentTime = 1370604146172,previousTime = 1370604146104
D/aaa     (  612): currentTime - previousTime)<150
E/CmpbPlayerManager(   92): [CmpbPlayerManager] Found media.playermanager, LINE 970 
E/CmpbPlayerManager(   92): [CmpbPlayerManager] fgBpNeedStopPlayer pPlayer  0x7fefb0 
E/CmpbPlayerManager(   96): [CmpbPlayerManager][CMPB_BP_CHECK_PLAYER] pPlayer  0x7fefb0 
I/CmpbPlayerManager(   96): [CmpbPlayerManager] vCheckPlayer :0x7fefb0
E/CmpbPlayer(   92): [CMPBPLAYER][ERROR][CmpbMgrThread]line:4602 ===========>: this 0x7fefb0 need 0, mState=-1
E/CmpbPlayer(   92): [CMPBPLAYER][ERROR][CmpbMgrThread]line:4613 Abnormal State -1 but should not exit here
E/CmpbPlayerManager(   92): [CmpbPlayerManager] Found media.playermanager, LINE 970 
E/CmpbPlayerManager(   92): [CmpbPlayerManager] fgBpNeedStopPlayer pPlayer  0x7fefb0 
E/CmpbPlayerManager(   96): [CmpbPlayerManager][CMPB_BP_CHECK_PLAYER] pPlayer  0x7fefb0 
I/CmpbPlayerManager(   96): [CmpbPlayerManager] vCheckPlayer :0x7fefb0
E/CmpbPlayer(   92): [CMPBPLAYER][ERROR][CmpbMgrThread]line:4602 ===========>: this 0x7fefb0 need 0, mState=-1
E/CmpbPlayer(   92): [CMPBPLAYER][ERROR][CmpbMgrThread]line:4613 Abnormal State -1 but should not exit here
E/CmpbPlayerManager(   92): [CmpbPlayerManager] Found media.playermanager, LINE 970 
E/CmpbPlayerManager(   92): [CmpbPlayerManager] fgBpNeedStopPlayer pPlayer  0x7fefb0 
E/CmpbPlayerManager(   96): [CmpbPlayerManager][CMPB_BP_CHECK_PLAYER] pPlayer  0x7fefb0 
I/CmpbPlayerManager(   96): [CmpbPlayerManager] vCheckPlayer :0x7fefb0
E/CmpbPlayer(   92): [CMPBPLAYER][ERROR][CmpbMgrThread]line:4602 ===========>: this 0x7fefb0 need 0, mState=-1
E/CmpbPlayer(   92): [CMPBPLAYER][ERROR][CmpbMgrThread]line:4613 Abnormal State -1 but should not exit here
E/CmpbPlayerManager(   92): [CmpbPlayerManager] Found media.playermanager, LINE 970 
E/CmpbPlayerManager(   92): [CmpbPlayerManager] fgBpNeedStopPlayer pPlayer  0x7fefb0 
E/CmpbPlayerManager(   96): [CmpbPlayerManager][CMPB_BP_CHECK_PLAYER] pPlayer  0x7fefb0 
I/CmpbPlayerManager(   96): [CmpbPlayerManager] vCheckPlayer :0x7fefb0
E/CmpbPlayer(   92): [CMPBPLAYER][ERROR][CmpbMgrThread]line:4602 ===========>: this 0x7fefb0 need 0, mState=-1
E/CmpbPlayer(   92): [CMPBPLAYER][ERROR][CmpbMgrThread]line:4613 Abnormal State -1 but should not exit here
E/CmpbPlayerManager(   92): [CmpbPlayerManager] Found media.playermanager, LINE 970 
E/CmpbPlayerManager(   92): [CmpbPlayerManager] fgBpNeedStopPlayer pPlayer  0x7fefb0 
E/CmpbPlayerManager(   96): [CmpbPlayerManager][CMPB_BP_CHECK_PLAYER] pPlayer  0x7fefb0 
I/CmpbPlayerManager(   96): [CmpbPlayerManager] vCheckPlayer :0x7fefb0
E/CmpbPlayer(   92): [CMPBPLAYER][ERROR][CmpbMgrThread]line:4602 ===========>: this 0x7fefb0 need 0, mState=-1
E/CmpbPlayer(   92): [CMPBPLAYER][ERROR][CmpbMgrThread]line:4613 Abnormal State -1 but should not exit here
E/CmpbPlayerManager(   92): [CmpbPlayerManager] Found media.playermanager, LINE 970 
E/CmpbPlayerManager(   92): [CmpbPlayerManager] fgBpNeedStopPlayer pPlayer  0x7fefb0 
E/CmpbPlayerManager(   96): [CmpbPlayerManager][CMPB_BP_CHECK_PLAYER] pPlayer  0x7fefb0 
I/CmpbPlayerManager(   96): [CmpbPlayerManager] vCheckPlayer :0x7fefb0
E/CmpbPlayer(   92): [CMPBPLAYER][ERROR][CmpbMgrThread]line:4602 ===========>: this 0x7fefb0 need 0, mState=-1
E/CmpbPlayer(   92): [CMPBPLAYER][ERROR][CmpbMgrThread]line:4613 Abnormal State -1 but should not exit here
E/CmpbPlayerManager(   92): [CmpbPlayerManager] Found media.playermanager, LINE 970 
E/CmpbPlayerManager(   92): [CmpbPlayerManager] fgBpNeedStopPlayer pPlayer  0x7fefb0 
E/CmpbPlayerManager(   96): [CmpbPlayerManager][CMPB_BP_CHECK_PLAYER] pPlayer  0x7fefb0 
I/CmpbPlayerManager(   96): [CmpbPlayerManager] vCheckPlayer :0x7fefb0
E/CmpbPlayer(   92): [CMPBPLAYER][ERROR][CmpbMgrThread]line:4602 ===========>: this 0x7fefb0 need 0, mState=-1
E/CmpbPlayer(   92): [CMPBPLAYER][ERROR][CmpbMgrThread]line:4613 Abnormal State -1 but should not exit here
E/CmpbPlayerManager(   92): [CmpbPlayerManager] Found media.playermanager, LINE 970 
E/CmpbPlayerManager(   92): [CmpbPlayerManager] fgBpNeedStopPlayer pPlayer  0x7fefb0 
E/CmpbPlayerManager(   96): [CmpbPlayerManager][CMPB_BP_CHECK_PLAYER] pPlayer  0x7fefb0 
I/CmpbPlayerManager(   96): [CmpbPlayerManager] vCheckPlayer :0x7fefb0
E/CmpbPlayer(   92): [CMPBPLAYER][ERROR][CmpbMgrThread]line:4602 ===========>: this 0x7fefb0 need 0, mState=-1
E/CmpbPlayer(   92): [CMPBPLAYER][ERROR][CmpbMgrThread]line:4613 Abnormal State -1 but should not exit here
E/CmpbPlayerManager(   92): [CmpbPlayerManager] Found media.playermanager, LINE 970 
E/CmpbPlayerManager(   92): [CmpbPlayerManager] fgBpNeedStopPlayer pPlayer  0x7fefb0 
E/CmpbPlayerManager(   96): [CmpbPlayerManager][CMPB_BP_CHECK_PLAYER] pPlayer  0x7fefb0 
I/CmpbPlayerManager(   96): [CmpbPlayerManager] vCheckPlayer :0x7fefb0
E/CmpbPlayer(   92): [CMPBPLAYER][ERROR][CmpbMgrThread]line:4602 ===========>: this 0x7fefb0 need 0, mState=-1
E/CmpbPlayer(   92): [CMPBPLAYER][ERROR][CmpbMgrThread]line:4613 Abnormal State -1 but should not exit here
E/CmpbPlayerManager(   92): [CmpbPlayerManager] Found media.playermanager, LINE 970 
E/CmpbPlayerManager(   92): [CmpbPlayerManager] fgBpNeedStopPlayer pPlayer  0x7fefb0 
E/CmpbPlayerManager(   96): [CmpbPlayerManager][CMPB_BP_CHECK_PLAYER] pPlayer  0x7fefb0 
I/CmpbPlayerManager(   96): [CmpbPlayerManager] vCheckPlayer :0x7fefb0
E/CmpbPlayer(   92): [CMPBPLAYER][ERROR][CmpbMgrThread]line:4602 ===========>: this 0x7fefb0 need 0, mState=-1
E/CmpbPlayer(   92): [CMPBPLAYER][ERROR][CmpbMgrThread]line:4613 Abnormal State -1 but should not exit here
E/CmpbPlayerManager(   92): [CmpbPlayerManager] Found media.playermanager, LINE 970 
E/CmpbPlayerManager(   92): [CmpbPlayerManager] fgBpNeedStopPlayer pPlayer  0x7fefb0 
E/CmpbPlayerManager(   96): [CmpbPlayerManager][CMPB_BP_CHECK_PLAYER] pPlayer  0x7fefb0 
I/CmpbPlayerManager(   96): [CmpbPlayerManager] vCheckPlayer :0x7fefb0
E/CmpbPlayer(   92): [CMPBPLAYER][ERROR][CmpbMgrThread]line:4602 ===========>: this 0x7fefb0 need 0, mState=-1
E/CmpbPlayer(   92): [CMPBPLAYER][ERROR][CmpbMgrThread]line:4613 Abnormal State -1 but should not exit here
E/CmpbPlayerManager(   92): [CmpbPlayerManager] Found media.playermanager, LINE 970 
E/CmpbPlayerManager(   92): [CmpbPlayerManager] fgBpNeedStopPlayer pPlayer  0x7fefb0 
E/CmpbPlayerManager(   96): [CmpbPlayerManager][CMPB_BP_CHECK_PLAYER] pPlayer  0x7fefb0 
I/CmpbPlayerManager(   96): [CmpbPlayerManager] vCheckPlayer :0x7fefb0
E/CmpbPlayer(   92): [CMPBPLAYER][ERROR][CmpbMgrThread]line:4602 ===========>: this 0x7fefb0 need 0, mState=-1
E/CmpbPlayer(   92): [CMPBPLAYER][ERROR][CmpbMgrThread]line:4613 Abnormal State -1 but should not exit here
E/CmpbPlayerManager(   92): [CmpbPlayerManager] Found media.playermanager, LINE 970 
E/CmpbPlayerManager(   92): [CmpbPlayerManager] fgBpNeedStopPlayer pPlayer  0x7fefb0 
E/CmpbPlayerManager(   96): [CmpbPlayerManager][CMPB_BP_CHECK_PLAYER] pPlayer  0x7fefb0 
I/CmpbPlayerManager(   96): [CmpbPlayerManager] vCheckPlayer :0x7fefb0
E/CmpbPlayer(   92): [CMPBPLAYER][ERROR][CmpbMgrThread]line:4602 ===========>: this 0x7fefb0 need 0, mState=-1
E/CmpbPlayer(   92): [CMPBPLAYER][ERROR][CmpbMgrThread]line:4613 Abnormal State -1 but should not exit here
E/CmpbPlayerManager(   92): [CmpbPlayerManager] Found media.playermanager, LINE 970 
E/CmpbPlayerManager(   92): [CmpbPlayerManager] fgBpNeedStopPlayer pPlayer  0x7fefb0 
E/CmpbPlayerManager(   96): [CmpbPlayerManager][CMPB_BP_CHECK_PLAYER] pPlayer  0x7fefb0 
I/CmpbPlayerManager(   96): [CmpbPlayerManager] vCheckPlayer :0x7fefb0
E/CmpbPlayer(   92): [CMPBPLAYER][ERROR][CmpbMgrThread]line:4602 ===========>: this 0x7fefb0 need 0, mState=-1
E/CmpbPlayer(   92): [CMPBPLAYER][ERROR][CmpbMgrThread]line:4613 Abnormal State -1 but should not exit here
E/CmpbPlayerManager(   92): [CmpbPlayerManager] Found media.playermanager, LINE 970 
E/CmpbPlayerManager(   92): [CmpbPlayerManager] fgBpNeedStopPlayer pPlayer  0x7fefb0 
E/CmpbPlayerManager(   96): [CmpbPlayerManager][CMPB_BP_CHECK_PLAYER] pPlayer  0x7fefb0 
I/CmpbPlayerManager(   96): [CmpbPlayerManager] vCheckPlayer :0x7fefb0
E/CmpbPlayer(   92): [CMPBPLAYER][ERROR][CmpbMgrThread]line:4602 ===========>: this 0x7fefb0 need 0, mState=-1
E/CmpbPlayer(   92): [CMPBPLAYER][ERROR][CmpbMgrThread]line:4613 Abnormal State -1 but should not exit here
E/CmpbPlayerManager(   92): [CmpbPlayerManager] Found media.playermanager, LINE 970 
E/CmpbPlayerManager(   92): [CmpbPlayerManager] fgBpNeedStopPlayer pPlayer  0x7fefb0 
E/CmpbPlayerManager(   96): [CmpbPlayerManager][CMPB_BP_CHECK_PLAYER] pPlayer  0x7fefb0 
I/CmpbPlayerManager(   96): [CmpbPlayerManager] vCheckPlayer :0x7fefb0
E/CmpbPlayer(   92): [CMPBPLAYER][ERROR][CmpbMgrThread]line:4602 ===========>: this 0x7fefb0 need 0, mState=-1
E/CmpbPlayer(   92): [CMPBPLAYER][ERROR][CmpbMgrThread]line:4613 Abnormal State -1 but should not exit here
E/CmpbPlayerManager(   92): [CmpbPlayerManager] Found media.playermanager, LINE 970 
E/CmpbPlayerManager(   92): [CmpbPlayerManager] fgBpNeedStopPlayer pPlayer  0x7fefb0 
E/CmpbPlayerManager(   96): [CmpbPlayerManager][CMPB_BP_CHECK_PLAYER] pPlayer  0x7fefb0 
I/CmpbPlayerManager(   96): [CmpbPlayerManager] vCheckPlayer :0x7fefb0
E/CmpbPlayer(   92): [CMPBPLAYER][ERROR][CmpbMgrThread]line:4602 ===========>: this 0x7fefb0 need 0, mState=-1
E/CmpbPlayer(   92): [CMPBPLAYER][ERROR][CmpbMgrThread]line:4613 Abnormal State -1 but should not exit here
E/CmpbPlayerManager(   92): [CmpbPlayerManager] Found media.playermanager, LINE 970 
E/CmpbPlayerManager(   92): [CmpbPlayerManager] fgBpNeedStopPlayer pPlayer  0x7fefb0 
E/CmpbPlayerManager(   96): [CmpbPlayerManager][CMPB_BP_CHECK_PLAYER] pPlayer  0x7fefb0 
I/CmpbPlayerManager(   96): [CmpbPlayerManager] vCheckPlayer :0x7fefb0
E/CmpbPlayer(   92): [CMPBPLAYER][ERROR][CmpbMgrThread]line:4602 ===========>: this 0x7fefb0 need 0, mState=-1
E/CmpbPlayer(   92): [CMPBPLAYER][ERROR][CmpbMgrThread]line:4613 Abnormal State -1 but should not exit here
E/CmpbPlayerManager(   92): [CmpbPlayerManager] Found media.playermanager, LINE 970 
E/CmpbPlayerManager(   92): [CmpbPlayerManager] fgBpNeedStopPlayer pPlayer  0x7fefb0 
E/CmpbPlayerManager(   96): [CmpbPlayerManager][CMPB_BP_CHECK_PLAYER] pPlayer  0x7fefb0 
I/CmpbPlayerManager(   96): [CmpbPlayerManager] vCheckPlayer :0x7fefb0
E/CmpbPlayer(   92): [CMPBPLAYER][ERROR][CmpbMgrThread]line:4602 ===========>: this 0x7fefb0 need 0, mState=-1
E/CmpbPlayer(   92): [CMPBPLAYER][ERROR][CmpbMgrThread]line:4613 Abnormal State -1 but should not exit here
E/CmpbPlayerManager(   92): [CmpbPlayerManager] Found media.playermanager, LINE 970 
E/CmpbPlayerManager(   92): [CmpbPlayerManager] fgBpNeedStopPlayer pPlayer  0x7fefb0 
E/CmpbPlayerManager(   96): [CmpbPlayerManager][CMPB_BP_CHECK_PLAYER] pPlayer  0x7fefb0 
I/CmpbPlayerManager(   96): [CmpbPlayerManager] vCheckPlayer :0x7fefb0
E/CmpbPlayer(   92): [CMPBPLAYER][ERROR][CmpbMgrThread]line:4602 ===========>: this 0x7fefb0 need 0, mState=-1
E/CmpbPlayer(   92): [CMPBPLAYER][ERROR][CmpbMgrThread]line:4613 Abnormal State -1 but should not exit here
E/CmpbPlayerManager(   92): [CmpbPlayerManager] Found media.playermanager, LINE 970 
E/CmpbPlayerManager(   92): [CmpbPlayerManager] fgBpNeedStopPlayer pPlayer  0x7fefb0 
E/CmpbPlayerManager(   96): [CmpbPlayerManager][CMPB_BP_CHECK_PLAYER] pPlayer  0x7fefb0 
I/CmpbPlayerManager(   96): [CmpbPlayerManager] vCheckPlayer :0x7fefb0
E/CmpbPlayer(   92): [CMPBPLAYER][ERROR][CmpbMgrThread]line:4602 ===========>: this 0x7fefb0 need 0, mState=-1
E/CmpbPlayer(   92): [CMPBPLAYER][ERROR][CmpbMgrThread]line:4613 Abnormal State -1 but should not exit here
E/CmpbPlayerManager(   92): [CmpbPlayerManager] Found media.playermanager, LINE 970 
E/CmpbPlayerManager(   92): [CmpbPlayerManager] fgBpNeedStopPlayer pPlayer  0x7fefb0 
E/CmpbPlayerManager(   96): [CmpbPlayerManager][CMPB_BP_CHECK_PLAYER] pPlayer  0x7fefb0 
I/CmpbPlayerManager(   96): [CmpbPlayerManager] vCheckPlayer :0x7fefb0
E/CmpbPlayer(   92): [CMPBPLAYER][ERROR][CmpbMgrThread]line:4602 ===========>: this 0x7fefb0 need 0, mState=-1
E/CmpbPlayer(   92): [CMPBPLAYER][ERROR][CmpbMgrThread]line:4613 Abnormal State -1 but should not exit here
^C
