V/MediaPlayer( 3787): getCurrentPosition
V/MediaPlayerService(   92): getCurrentPosition
I/        (   92): CmpbHttpLiveStreaming::getCurrentPosition!
I/        (   92): 
I/        (   92):  This playlist is slide or appending , duration must be 0!!
I/        (   92): CmpbHttpLiveStreaming::getCurrentPosition(return 0.000000) [0] exit!
V/MediaPlayerService(   92): [22] getCurrentPosition = 0
E/CmpbPlayerManager(   92): [CmpbPlayerManager] Found media.playermanager, LINE 970 
E/CmpbPlayerManager(   92): [CmpbPlayerManager] fgBpNeedStopPlayer pPlayer  0xd39ea8 
E/CmpbPlayerManager(   97): [CmpbPlayerManager][CMPB_BP_CHECK_PLAYER] pPlayer  0xd39ea8 
I/CmpbPlayerManager(   97): [CmpbPlayerManager] vCheckPlayer :0xd39ea8
E/CmpbPlayer(   92): [CMPBPLAYER][ERROR][CmpbMgrThread]line:4602 ===========>: this 0xd39ea8 need 0, mState=5
I/gefo-plugin( 3787): hasProperty:getBufferingProgress
I/gefo-plugin( 3787): hasProperty:getBufferingProgress
I/gefo-plugin( 3787): hasMethod:getBufferingProgress
I/gefo-plugin( 3787): invoke:getBufferingProgress:0
I/gefo-plugin( 3787): 14 invokeJavaFunGetBufferingProgress result:0
I/gefo-browser( 3787): [log][playerCore onBufferingStart bufferNumber -> 0]
I/gefo-plugin( 3787): hasProperty:getBufferingProgress
I/gefo-plugin( 3787): hasProperty:getBufferingProgress
I/gefo-plugin( 3787): hasMethod:getBufferingProgress
I/gefo-plugin( 3787): invoke:getBufferingProgress:0
I/gefo-plugin( 3787): 14 invokeJavaFunGetBufferingProgress result:0
I/gefo-browser( 3787): [log][playerCore onBufferingStart bufferNumber -> 0]
I/gefo-plugin( 3787): hasProperty:getBufferingProgress
I/gefo-plugin( 3787): hasProperty:getBufferingProgress
I/gefo-plugin( 3787): hasMethod:getBufferingProgress
I/gefo-plugin( 3787): invoke:getBufferingProgress:0
I/gefo-plugin( 3787): 14 invokeJavaFunGetBufferingProgress result:0
I/gefo-browser( 3787): [log][playerCore onBufferingStart bufferNumber -> 0]
I/gefo-plugin( 3787): hasProperty:getBufferingProgress
I/gefo-plugin( 3787): hasProperty:getBufferingProgress
I/gefo-plugin( 3787): hasMethod:getBufferingProgress
I/gefo-plugin( 3787): invoke:getBufferingProgress:0
I/gefo-plugin( 3787): 14 invokeJavaFunGetBufferingProgress result:0
I/gefo-browser( 3787): [log][playerCore onBufferingStart bufferNumber -> 0]
D/Playlist(   92): [popMoniterEvent][1380]-------
D/Playlist(   92): PlaylistPlayer::popMoniterEvent wakeup with event size:1
D/Playlist(   92): 
I/gefo-plugin( 3787): hasProperty:getBufferingProgress
I/gefo-plugin( 3787): hasProperty:getBufferingProgress
I/gefo-plugin( 3787): hasMethod:getBufferingProgress
I/gefo-plugin( 3787): invoke:getBufferingProgress:0
I/gefo-plugin( 3787): 14 invokeJavaFunGetBufferingProgress result:0
I/gefo-browser( 3787): [log][playerCore onBufferingStart bufferNumber -> 0]
I/gefo-plugin( 3787): hasProperty:getBufferingProgress
I/gefo-plugin( 3787): hasProperty:getBufferingProgress
I/gefo-plugin( 3787): hasMethod:getBufferingProgress
I/gefo-plugin( 3787): invoke:getBufferingProgress:0
I/gefo-plugin( 3787): 14 invokeJavaFunGetBufferingProgress result:0
I/gefo-browser( 3787): [log][playerCore onBufferingStart bufferNumber -> 0]
I/gefo-plugin( 3787): hasProperty:getBufferingProgress
I/gefo-plugin( 3787): hasProperty:getBufferingProgress
I/gefo-plugin( 3787): hasMethod:getBufferingProgress
I/gefo-plugin( 3787): invoke:getBufferingProgress:0
I/gefo-plugin( 3787): 14 invokeJavaFunGetBufferingProgress result:0
I/gefo-browser( 3787): [log][playerCore onBufferingStart bufferNumber -> 0]
I/gefo-plugin( 3787): hasProperty:getBufferingProgress
I/gefo-plugin( 3787): hasProperty:getBufferingProgress
I/gefo-plugin( 3787): hasMethod:getBufferingProgress
I/gefo-plugin( 3787): invoke:getBufferingProgress:0
I/gefo-plugin( 3787): 14 invokeJavaFunGetBufferingProgress result:0
I/gefo-browser( 3787): [log][playerCore onBufferingStart bufferNumber -> 0]
D/dalvikvm( 3462): GC_CONCURRENT freed 2053K, 14% free 14168K/16455K, paused 2ms+2ms
I/gefo-plugin( 3787): hasProperty:getBufferingProgress
I/gefo-plugin( 3787): hasProperty:getBufferingProgress
I/gefo-plugin( 3787): hasMethod:getBufferingProgress
I/gefo-plugin( 3787): invoke:getBufferingProgress:0
I/gefo-plugin( 3787): 14 invokeJavaFunGetBufferingProgress result:0
I/gefo-browser( 3787): [log][playerCore onBufferingStart bufferNumber -> 0]
D/Playlist(   92): [popMoniterEvent][1380]-------
D/Playlist(   92): PlaylistPlayer::popMoniterEvent wakeup with event size:1
D/Playlist(   92): 
V/MediaPlayer( 3787): getCurrentPosition
V/MediaPlayerService(   92): getCurrentPosition
I/        (   92): CmpbHttpLiveStreaming::getCurrentPosition!
I/        (   92): 
I/        (   92):  This playlist is slide or appending , duration must be 0!!
I/        (   92): CmpbHttpLiveStreaming::getCurrentPosition(return 0.000000) [0] exit!
V/MediaPlayerService(   92): [22] getCurrentPosition = 0
I/gefo-plugin( 3787): hasProperty:getBufferingProgress
I/gefo-plugin( 3787): hasProperty:getBufferingProgress
I/gefo-plugin( 3787): hasMethod:getBufferingProgress
I/gefo-plugin( 3787): invoke:getBufferingProgress:0
I/gefo-plugin( 3787): 14 invokeJavaFunGetBufferingProgress result:0
I/gefo-browser( 3787): [log][playerCore onBufferingStart bufferNumber -> 0]
I/gefo-plugin( 3787): hasProperty:getBufferingProgress
I/gefo-plugin( 3787): hasProperty:getBufferingProgress
I/gefo-plugin( 3787): hasMethod:getBufferingProgress
I/gefo-plugin( 3787): invoke:getBufferingProgress:0
I/gefo-plugin( 3787): 14 invokeJavaFunGetBufferingProgress result:0
I/gefo-browser( 3787): [log][playerCore onBufferingStart bufferNumber -> 0]
I/gefo-plugin( 3787): hasProperty:getBufferingProgress
I/gefo-plugin( 3787): hasProperty:getBufferingProgress
I/gefo-plugin( 3787): hasMethod:getBufferingProgress
I/gefo-plugin( 3787): invoke:getBufferingProgress:0
I/gefo-plugin( 3787): 14 invokeJavaFunGetBufferingProgress result:0
I/gefo-browser( 3787): [log][playerCore onBufferingStart bufferNumber -> 0]
I/gefo-plugin( 3787): hasProperty:getBufferingProgress
I/gefo-plugin( 3787): hasProperty:getBufferingProgress
I/gefo-plugin( 3787): hasMethod:getBufferingProgress
I/gefo-plugin( 3787): invoke:getBufferingProgress:0
I/gefo-plugin( 3787): 14 invokeJavaFunGetBufferingProgress result:0
I/gefo-browser( 3787): [log][playerCore onBufferingStart bufferNumber -> 0]
D/Playlist(   92): [popMoniterEvent][1380]-------
D/Playlist(   92): PlaylistPlayer::popMoniterEvent wakeup with event size:1
D/Playlist(   92): 
I/gefo-plugin( 3787): hasProperty:getBufferingProgress
I/gefo-plugin( 3787): hasProperty:getBufferingProgress
I/gefo-plugin( 3787): hasMethod:getBufferingProgress
I/gefo-plugin( 3787): invoke:getBufferingProgress:0
I/gefo-plugin( 3787): 14 invokeJavaFunGetBufferingProgress result:0
I/gefo-browser( 3787): [log][playerCore onBufferingStart bufferNumber -> 0]
I/gefo-plugin( 3787): hasProperty:getBufferingProgress
I/gefo-plugin( 3787): hasProperty:getBufferingProgress
I/gefo-plugin( 3787): hasMethod:getBufferingProgress
I/gefo-plugin( 3787): invoke:getBufferingProgress:0
I/gefo-plugin( 3787): 14 invokeJavaFunGetBufferingProgress result:0
I/gefo-browser( 3787): [log][playerCore onBufferingStart bufferNumber -> 0]
I/gefo-plugin( 3787): hasProperty:getBufferingProgress
I/gefo-plugin( 3787): hasProperty:getBufferingProgress
I/gefo-plugin( 3787): hasMethod:getBufferingProgress
I/gefo-plugin( 3787): invoke:getBufferingProgress:0
I/gefo-plugin( 3787): 14 invokeJavaFunGetBufferingProgress result:0
I/gefo-browser( 3787): [log][playerCore onBufferingStart bufferNumber -> 0]
I/gefo-plugin( 3787): hasProperty:getBufferingProgress
I/gefo-plugin( 3787): hasProperty:getBufferingProgress
I/gefo-plugin( 3787): hasMethod:getBufferingProgress
I/gefo-plugin( 3787): invoke:getBufferingProgress:0
I/gefo-plugin( 3787): 14 invokeJavaFunGetBufferingProgress result:0
I/gefo-browser( 3787): [log][playerCore onBufferingStart bufferNumber -> 0]
I/gefo-plugin( 3787): hasProperty:getBufferingProgress
I/gefo-plugin( 3787): hasProperty:getBufferingProgress
I/gefo-plugin( 3787): hasMethod:getBufferingProgress
I/gefo-plugin( 3787): invoke:getBufferingProgress:0
I/gefo-plugin( 3787): 14 invokeJavaFunGetBufferingProgress result:0
I/gefo-browser( 3787): [log][playerCore onBufferingStart bufferNumber -> 0]
D/Playlist(   92): [popMoniterEvent][1380]-------
D/Playlist(   92): PlaylistPlayer::popMoniterEvent wakeup with event size:1
D/Playlist(   92): 
V/MediaPlayer( 3787): getCurrentPosition
V/MediaPlayerService(   92): getCurrentPosition
I/        (   92): CmpbHttpLiveStreaming::getCurrentPosition!
I/        (   92): 
I/        (   92):  This playlist is slide or appending , duration must be 0!!
I/        (   92): CmpbHttpLiveStreaming::getCurrentPosition(return 0.000000) [0] exit!
V/MediaPlayerService(   92): [22] getCurrentPosition = 0
I/gefo-plugin( 3787): hasProperty:getBufferingProgress
I/gefo-plugin( 3787): hasProperty:getBufferingProgress
I/gefo-plugin( 3787): hasMethod:getBufferingProgress
I/gefo-plugin( 3787): invoke:getBufferingProgress:0
I/gefo-plugin( 3787): 14 invokeJavaFunGetBufferingProgress result:0
I/gefo-browser( 3787): [log][playerCore onBufferingStart bufferNumber -> 0]
E/CmpbPlayerManager(   92): [CmpbPlayerManager] Found media.playermanager, LINE 970 
E/CmpbPlayerManager(   92): [CmpbPlayerManager] fgBpNeedStopPlayer pPlayer  0xd39ea8 
E/CmpbPlayerManager(   97): [CmpbPlayerManager][CMPB_BP_CHECK_PLAYER] pPlayer  0xd39ea8 
I/CmpbPlayerManager(   97): [CmpbPlayerManager] vCheckPlayer :0xd39ea8
E/CmpbPlayer(   92): [CMPBPLAYER][ERROR][CmpbMgrThread]line:4602 ===========>: this 0xd39ea8 need 0, mState=5
I/gefo-plugin( 3787): hasProperty:getBufferingProgress
I/gefo-plugin( 3787): hasProperty:getBufferingProgress
I/gefo-plugin( 3787): hasMethod:getBufferingProgress
I/gefo-plugin( 3787): invoke:getBufferingProgress:0
I/gefo-plugin( 3787): 14 invokeJavaFunGetBufferingProgress result:0
I/gefo-browser( 3787): [log][playerCore onBufferingStart bufferNumber -> 0]
I/gefo-plugin( 3787): hasProperty:getBufferingProgress
I/gefo-plugin( 3787): hasProperty:getBufferingProgress
I/gefo-plugin( 3787): hasMethod:getBufferingProgress
I/gefo-plugin( 3787): invoke:getBufferingProgress:0
I/gefo-plugin( 3787): 14 invokeJavaFunGetBufferingProgress result:0
I/gefo-browser( 3787): [log][playerCore onBufferingStart bufferNumber -> 0]
I/gefo-plugin( 3787): hasProperty:getBufferingProgress
I/gefo-plugin( 3787): hasProperty:getBufferingProgress
I/gefo-plugin( 3787): hasMethod:getBufferingProgress
I/gefo-plugin( 3787): invoke:getBufferingProgress:0
I/gefo-plugin( 3787): 14 invokeJavaFunGetBufferingProgress result:0
I/gefo-browser( 3787): [log][playerCore onBufferingStart bufferNumber -> 0]
I/gefo-plugin( 3787): hasProperty:getBufferingProgress
I/gefo-plugin( 3787): hasProperty:getBufferingProgress
I/gefo-plugin( 3787): hasMethod:getBufferingProgress
I/gefo-plugin( 3787): invoke:getBufferingProgress:0
I/gefo-plugin( 3787): 14 invokeJavaFunGetBufferingProgress result:0
I/gefo-browser( 3787): [log][playerCore onBufferingStart bufferNumber -> 0]
D/Playlist(   92): [popMoniterEvent][1380]-------
D/Playlist(   92): PlaylistPlayer::popMoniterEvent wakeup with event size:1
D/Playlist(   92): 
I/gefo-plugin( 3787): hasProperty:getBufferingProgress
I/gefo-plugin( 3787): hasProperty:getBufferingProgress
I/gefo-plugin( 3787): hasMethod:getBufferingProgress
I/gefo-plugin( 3787): invoke:getBufferingProgress:0
I/gefo-plugin( 3787): 14 invokeJavaFunGetBufferingProgress result:0
I/gefo-browser( 3787): [log][playerCore onBufferingStart bufferNumber -> 0]
I/gefo-plugin( 3787): hasProperty:getBufferingProgress
I/gefo-plugin( 3787): hasProperty:getBufferingProgress
I/gefo-plugin( 3787): hasMethod:getBufferingProgress
I/gefo-plugin( 3787): invoke:getBufferingProgress:0
I/gefo-plugin( 3787): 14 invokeJavaFunGetBufferingProgress result:0
I/gefo-browser( 3787): [log][playerCore onBufferingStart bufferNumber -> 0]
I/gefo-plugin( 3787): hasProperty:getBufferingProgress
I/gefo-plugin( 3787): hasProperty:getBufferingProgress
I/gefo-plugin( 3787): hasMethod:getBufferingProgress
I/gefo-plugin( 3787): invoke:getBufferingProgress:0
I/gefo-plugin( 3787): 14 invokeJavaFunGetBufferingProgress result:0
I/gefo-browser( 3787): [log][playerCore onBufferingStart bufferNumber -> 0]
I/gefo-plugin( 3787): hasProperty:getBufferingProgress
I/gefo-plugin( 3787): hasProperty:getBufferingProgress
I/gefo-plugin( 3787): hasMethod:getBufferingProgress
I/gefo-plugin( 3787): invoke:getBufferingProgress:0
I/gefo-plugin( 3787): 14 invokeJavaFunGetBufferingProgress result:0
I/gefo-browser( 3787): [log][playerCore onBufferingStart bufferNumber -> 0]
D/Playlist(   92): [timedwait][144]-------
D/Playlist(   92): TimedWait fail, 110
D/Playlist(   92): 
D/Playlist(   92): [popDownloadTask][653]-------
D/Playlist(   92): Playlist::popDownloadTask() pop timedwait end
D/Playlist(   92): 
D/Playlist(   92): [popDownloadTask][489]-------
D/Playlist(   92): Playlist::popDownloadTask(): pt_media seq = 51057, switch stream=0
D/Playlist(   92): 
D/Playlist(   92): [popDownloadTask][560]-------
D/Playlist(   92): Playlist::popDownloadTask() before check memory!
D/Playlist(   92): 
D/Playlist(   92): [CanContinueDonwload][454]-------
D/Playlist(   92): CanContinueDonwload: buffer data total memory size=0
D/Playlist(   92): 
D/Playlist(   92): [get_next_media_file][3443]-------
D/Playlist(   92): end of playlist!! 
D/Playlist(   92): 
D/Playlist(   92): [popDownloadTask][609]-------
D/Playlist(   92): Playlist::popDownloadTask() pt_download_hls->ext_x_endlist =0
D/Playlist(   92): 
D/Playlist(   92): [update_m3u_playlist][1387]-------
D/Playlist(   92): *** update started http://tvindexlive01.sc.cibntv.tv:8080/ysten-business/live/cctv-10/184278.m3u8, (3)!!***
D/Playlist(   92): 
D/Playlist(   92): [getHostUrl][258]-------
D/Playlist(   92): ps_hostUrl=http://tvindexlive01.sc.cibntv.tv:8080/ysten-business/live/cctv-10
D/Playlist(   92): 
D/Playlist(   92): [request_playlist][3053]-------
D/Playlist(   92): Enter request_playlist, ps_url = http://tvindexlive01.sc.cibntv.tv:8080/ysten-business/live/cctv-10/184278.m3u8
D/Playlist(   92): 
D/Playlist(   92): [get_playlist_type][2472]-------
D/Playlist(   92): get_playlist_type
D/Playlist(   92): 
D/Playlist(   92): [request_playlist][3084]-------
D/Playlist(   92): Enter request_playlist playlist(http://tvindexlive01.sc.cibntv.tv:8080/ysten-business/live/cctv-10/184278.m3u8) hasn't downloaded
D/Playlist(   92): 
D/Playlist(   92): [download_playlist][2855]-------
D/Playlist(   92): Enter download_playlist, ps_url = http://tvindexlive01.sc.cibntv.tv:8080/ysten-business/live/cctv-10/184278.m3u8
D/Playlist(   92): 
I/gefo-plugin( 3787): hasProperty:getBufferingProgress
I/gefo-plugin( 3787): hasProperty:getBufferingProgress
I/gefo-plugin( 3787): hasMethod:getBufferingProgress
I/gefo-plugin( 3787): invoke:getBufferingProgress:0
I/gefo-plugin( 3787): 14 invokeJavaFunGetBufferingProgress result:0
I/gefo-browser( 3787): [log][playerCore onBufferingStart bufferNumber -> 0]
D/Playlist(   92): [popMoniterEvent][1380]-------
D/Playlist(   92): PlaylistPlayer::popMoniterEvent wakeup with event size:1
D/Playlist(   92): 
V/MediaPlayer( 3787): getCurrentPosition
V/MediaPlayerService(   92): getCurrentPosition
I/        (   92): CmpbHttpLiveStreaming::getCurrentPosition!
I/        (   92): 
I/        (   92):  This playlist is slide or appending , duration must be 0!!
I/        (   92): CmpbHttpLiveStreaming::getCurrentPosition(return 0.000000) [0] exit!
V/MediaPlayerService(   92): [22] getCurrentPosition = 0
I/gefo-plugin( 3787): hasProperty:getBufferingProgress
I/gefo-plugin( 3787): hasProperty:getBufferingProgress
I/gefo-plugin( 3787): hasMethod:getBufferingProgress
I/gefo-plugin( 3787): invoke:getBufferingProgress:0
I/gefo-plugin( 3787): 14 invokeJavaFunGetBufferingProgress result:0
I/gefo-browser( 3787): [log][playerCore onBufferingStart bufferNumber -> 0]
D/Playlist(   92): [http_download_with_change_request_retry][4257]-------
D/Playlist(   92): curl_easy_perform time return 0
D/Playlist(   92): 
D/Playlist(   92): [http_need_redownload_file][4145]-------
D/Playlist(   92): http_need_redownload_file parsed http result code:200
D/Playlist(   92): 
D/Playlist(   92): [download_playlist][2894]-------
D/Playlist(   92): download_playlist http response code 200
D/Playlist(   92): 
D/Playlist(   92): [download_playlist][2917]-------
D/Playlist(   92): ---[INFO]---http://tvindexlive01.sc.cibntv.tv:8080/ysten-business/live/cctv-10/184278.m3u8 downloaded 
D/Playlist(   92): 
D/Playlist(   92): [request_playlist][3127]-------
D/Playlist(   92): replace host url tohttp://tvindexlive01.sc.cibntv.tv:8080/ysten-business/live/cctv-10
D/Playlist(   92): 
D/Playlist(   92): [request_playlist][3169]-------
D/Playlist(   92): playlist playback duration is 35.000!!
D/Playlist(   92): 
D/Playlist(   92): [update_m3u_playlist][1471]-------
D/Playlist(   92): minfo_first->ps_url = http://tvlive01.sc.cibntv.tv/live/cctv-10/cctv-10_20130609_153933_153945.ts
D/Playlist(   92): 
D/Playlist(   92): [update_m3u_playlist][1474]-------
D/Playlist(   92): the last sequence number 51057 !!
D/Playlist(   92): 
D/Playlist(   92): [update_m3u_playlist][1479]-------
D/Playlist(   92): --TYPE_EVENT_SLIDING-- 
D/Playlist(   92): 
D/Playlist(   92): [update_m3u_playlist][1515]-------
D/Playlist(   92): minfo_in_new sequence number is 51056, http://tvlive01.sc.cibntv.tv/live/cctv-10/cctv-10_20130609_153933_153945.ts !
D/Playlist(   92): 
D/Playlist(   92): [update_m3u_playlist][1516]-------
D/Playlist(   92): minfo_in_old sequence number is 51056, http://tvlive01.sc.cibntv.tv/live/cctv-10/cctv-10_20130609_153933_153945.ts !
D/Playlist(   92): 
D/Playlist(   92): [update_m3u_playlist][1526]-------
D/Playlist(   92): minfo_in_new ps_url is http://tvlive01.sc.cibntv.tv/live/cctv-10/cctv-10_20130609_153933_153945.ts!
D/Playlist(   92): 
D/Playlist(   92): [update_m3u_playlist][1515]-------
D/Playlist(   92): minfo_in_new sequence number is 51057, http://tvlive01.sc.cibntv.tv/live/cctv-10/cctv-10_20130609_153945_153956.ts !
D/Playlist(   92): 
D/Playlist(   92): [update_m3u_playlist][1516]-------
D/Playlist(   92): minfo_in_old sequence number is 51057, http://tvlive01.sc.cibntv.tv/live/cctv-10/cctv-10_20130609_153945_153956.ts !
D/Playlist(   92): 
D/Playlist(   92): [update_m3u_playlist][1526]-------
D/Playlist(   92): minfo_in_new ps_url is http://tvlive01.sc.cibntv.tv/live/cctv-10/cctv-10_20130609_153945_153956.ts!
D/Playlist(   92): 
D/Playlist(   92): [free_media_char_buffer][1198]-------
D/Playlist(   92): free media file 51055
D/Playlist(   92): 
D/Playlist(   92): [free_media_char_buffer][1198]-------
D/Playlist(   92): free media file 51056
D/Playlist(   92): 
D/Playlist(   92): [free_media_char_buffer][1198]-------
D/Playlist(   92): free media file 51057
D/Playlist(   92): 
D/Playlist(   92): [update_m3u_playlist][1581]-------
D/Playlist(   92): next sequence number 51057 !!
D/Playlist(   92): 
D/Playlist(   92): [update_m3u_playlist][1597]-------
D/Playlist(   92): update m3u playlist success!
D/Playlist(   92): 
D/Playlist(   92): [popDownloadTask][626]-------
D/Playlist(   92): Playlist::popDownloadTask() pop again
D/Playlist(   92): 
D/Playlist(   92): [nextToPlay][1270]-------
D/Playlist(   92): [popDownloadTask][469]-------
D/Playlist(   92): Playlist::popDownloadTask() enter!
D/Playlist(   92): Playlist::nextToPlay()pauseDownload = 0, bUpdating = 0, bNeedUpdate = 1
D/Playlist(   92): 
D/Playlist(   92): 
D/Playlist(   92): [nextToPlay][1262]-------
D/Playlist(   92): Playlist::nextToPlay()pauseDownload = 0, bUpdating = 0, bNeedUpdate = 1
D/Playlist(   92): 
D/Playlist(   92): [popDownloadTask][489]-------
D/Playlist(   92): Playlist::popDownloadTask(): pt_media seq = 51057, switch stream=0
D/Playlist(   92): 
D/Playlist(   92): [popDownloadTask][560]-------
D/Playlist(   92): Playlist::popDownloadTask() before check memory!
D/Playlist(   92): 
D/Playlist(   92): [CanContinueDonwload][454]-------
D/Playlist(   92): CanContinueDonwload: buffer data total memory size=0
D/Playlist(   92): 
D/Playlist(   92): [popDownloadTask][577]-------
D/Playlist(   92): Playlist::popDownloadTask() pt_media = http://tvlive01.sc.cibntv.tv/live/cctv-10/cctv-10_20130609_153955_154007.ts, status = 0
D/Playlist(   92): 
D/Playlist(   92): [http_live_streaming_thread][3716]-------
D/Playlist(   92): http_live_streaming_thread pop sequence_number = 51058!
D/Playlist(   92): 
I/gefo-plugin( 3787): hasProperty:getBufferingProgress
I/gefo-plugin( 3787): hasProperty:getBufferingProgress
I/gefo-plugin( 3787): hasMethod:getBufferingProgress
I/gefo-plugin( 3787): invoke:getBufferingProgress:0
I/gefo-plugin( 3787): 14 invokeJavaFunGetBufferingProgress result:0
I/gefo-browser( 3787): [log][playerCore onBufferingStart bufferNumber -> 0]
D/Playlist(   92): [consumeHeaderData][429]-------
D/Playlist(   92): Jinlong get content length :1252644
D/Playlist(   92): 
D/Playlist(   92): [consumeContentData][490]-------
D/Playlist(   92): create PushBuffer for sizeof:1277952
D/Playlist(   92): 
D/Playlist(   92): [nextToPlay][1270]-------
D/Playlist(   92): Playlist::nextToPlay()pauseDownload = 0, bUpdating = 0, bNeedUpdate = 1
D/Playlist(   92): 
D/Playlist(   92): [nextToPlay][1323]-------
D/Playlist(   92): Playlist::nextToPlay() return media with seq_num=51058
D/Playlist(   92): 
D/Playlist(   92): [pushmode_thread][1810]-------
D/Playlist(   92): Playlist::pushmode_thread Begin nextToPlay
D/Playlist(   92): 
D/Playlist(   92): [pushmode_thread][1645]-------
D/Playlist(   92): Playlist::pushmode_thread [51058] ps_url = http://tvlive01.sc.cibntv.tv/live/cctv-10/cctv-10_20130609_153955_154007.ts 1
D/Playlist(   92): 
I/gefo-plugin( 3787): hasProperty:getBufferingProgress
I/gefo-plugin( 3787): hasProperty:getBufferingProgress
I/gefo-plugin( 3787): hasMethod:getBufferingProgress
I/gefo-plugin( 3787): invoke:getBufferingProgress:0
I/gefo-plugin( 3787): 14 invokeJavaFunGetBufferingProgress result:0
I/gefo-browser( 3787): [log][playerCore onBufferingStart bufferNumber -> 0]
I/gefo-plugin( 3787): hasProperty:getBufferingProgress
I/gefo-plugin( 3787): hasProperty:getBufferingProgress
I/gefo-plugin( 3787): hasMethod:getBufferingProgress
I/gefo-plugin( 3787): invoke:getBufferingProgress:0
I/gefo-plugin( 3787): 14 invokeJavaFunGetBufferingProgress result:0
I/gefo-browser( 3787): [log][playerCore onBufferingStart bufferNumber -> 0]
I/gefo-plugin( 3787): hasProperty:getBufferingProgress
I/gefo-plugin( 3787): hasProperty:getBufferingProgress
I/gefo-plugin( 3787): hasMethod:getBufferingProgress
I/gefo-plugin( 3787): invoke:getBufferingProgress:0
I/gefo-plugin( 3787): 14 invokeJavaFunGetBufferingProgress result:0
I/gefo-browser( 3787): [log][playerCore onBufferingStart bufferNumber -> 0]
D/Playlist(   92): [popMoniterEvent][1380]-------
D/Playlist(   92): PlaylistPlayer::popMoniterEvent wakeup with event size:1
D/Playlist(   92): 
I/gefo-plugin( 3787): hasProperty:getBufferingProgress
I/gefo-plugin( 3787): hasProperty:getBufferingProgress
I/gefo-plugin( 3787): hasMethod:getBufferingProgress
I/gefo-plugin( 3787): invoke:getBufferingProgress:0
I/gefo-plugin( 3787): 14 invokeJavaFunGetBufferingProgress result:0
I/gefo-browser( 3787): [log][playerCore onBufferingStart bufferNumber -> 0]
I/gefo-plugin( 3787): hasProperty:getBufferingProgress
I/gefo-plugin( 3787): hasProperty:getBufferingProgress
I/gefo-plugin( 3787): hasMethod:getBufferingProgress
I/gefo-plugin( 3787): invoke:getBufferingProgress:0
I/gefo-plugin( 3787): 14 invokeJavaFunGetBufferingProgress result:0
I/gefo-browser( 3787): [log][playerCore onBufferingStart bufferNumber -> 0]
I/gefo-plugin( 3787): hasProperty:getBufferingProgress
I/gefo-plugin( 3787): hasProperty:getBufferingProgress
I/gefo-plugin( 3787): hasMethod:getBufferingProgress
I/gefo-plugin( 3787): invoke:getBufferingProgress:0
I/gefo-plugin( 3787): 14 invokeJavaFunGetBufferingProgress result:0
I/gefo-browser( 3787): [log][playerCore onBufferingStart bufferNumber -> 0]
I/gefo-plugin( 3787): hasProperty:getBufferingProgress
I/gefo-plugin( 3787): hasProperty:getBufferingProgress
I/gefo-plugin( 3787): hasMethod:getBufferingProgress
I/gefo-plugin( 3787): invoke:getBufferingProgress:0
I/gefo-plugin( 3787): 14 invokeJavaFunGetBufferingProgress result:0
I/gefo-browser( 3787): [log][playerCore onBufferingStart bufferNumber -> 0]
D/Playlist(   92): [popMoniterEvent][1380]-------
D/Playlist(   92): PlaylistPlayer::popMoniterEvent wakeup with event size:1
D/Playlist(   92): 
V/MediaPlayer( 3787): getCurrentPosition
V/MediaPlayerService(   92): getCurrentPosition
I/        (   92): CmpbHttpLiveStreaming::getCurrentPosition!
I/        (   92): 
I/        (   92):  This playlist is slide or appending , duration must be 0!!
I/        (   92): CmpbHttpLiveStreaming::getCurrentPosition(return 0.000000) [0] exit!
V/MediaPlayerService(   92): [22] getCurrentPosition = 0
I/gefo-plugin( 3787): hasProperty:getBufferingProgress
I/gefo-plugin( 3787): hasProperty:getBufferingProgress
I/gefo-plugin( 3787): hasMethod:getBufferingProgress
I/gefo-plugin( 3787): invoke:getBufferingProgress:0
I/gefo-plugin( 3787): 14 invokeJavaFunGetBufferingProgress result:0
I/gefo-browser( 3787): [log][playerCore onBufferingStart bufferNumber -> 0]
E/CmpbPlayerManager(   92): [CmpbPlayerManager] Found media.playermanager, LINE 970 
E/CmpbPlayerManager(   92): [CmpbPlayerManager] fgBpNeedStopPlayer pPlayer  0xd39ea8 
E/CmpbPlayerManager(   97): [CmpbPlayerManager][CMPB_BP_CHECK_PLAYER] pPlayer  0xd39ea8 
I/CmpbPlayerManager(   97): [CmpbPlayerManager] vCheckPlayer :0xd39ea8
E/CmpbPlayer(   92): [CMPBPLAYER][ERROR][CmpbMgrThread]line:4602 ===========>: this 0xd39ea8 need 0, mState=5
I/gefo-plugin( 3787): hasProperty:getBufferingProgress
I/gefo-plugin( 3787): hasProperty:getBufferingProgress
I/gefo-plugin( 3787): hasMethod:getBufferingProgress
I/gefo-plugin( 3787): invoke:getBufferingProgress:0
I/gefo-plugin( 3787): 14 invokeJavaFunGetBufferingProgress result:0
I/gefo-browser( 3787): [log][playerCore onBufferingStart bufferNumber -> 0]
I/gefo-plugin( 3787): hasProperty:getBufferingProgress
I/gefo-plugin( 3787): hasProperty:getBufferingProgress
I/gefo-plugin( 3787): hasMethod:getBufferingProgress
I/gefo-plugin( 3787): invoke:getBufferingProgress:0
I/gefo-plugin( 3787): 14 invokeJavaFunGetBufferingProgress result:0
I/gefo-browser( 3787): [log][playerCore onBufferingStart bufferNumber -> 0]
I/gefo-plugin( 3787): hasProperty:getBufferingProgress
I/gefo-plugin( 3787): hasProperty:getBufferingProgress
I/gefo-plugin( 3787): hasMethod:getBufferingProgress
I/gefo-plugin( 3787): invoke:getBufferingProgress:0
I/gefo-plugin( 3787): 14 invokeJavaFunGetBufferingProgress result:0
I/gefo-browser( 3787): [log][playerCore onBufferingStart bufferNumber -> 0]
I/gefo-plugin( 3787): hasProperty:getBufferingProgress
I/gefo-plugin( 3787): hasProperty:getBufferingProgress
I/gefo-plugin( 3787): hasMethod:getBufferingProgress
I/gefo-plugin( 3787): invoke:getBufferingProgress:0
I/gefo-plugin( 3787): 14 invokeJavaFunGetBufferingProgress result:0
I/gefo-browser( 3787): [log][playerCore onBufferingStart bufferNumber -> 0]
D/Playlist(   92): [popMoniterEvent][1380]-------
D/Playlist(   92): PlaylistPlayer::popMoniterEvent wakeup with event size:1
D/Playlist(   92): 
D/Playlist(   92): [http_download_with_change_request_retry][4257]-------
D/Playlist(   92): curl_easy_perform time return 0
D/Playlist(   92): 
D/Playlist(   92): [http_need_redownload_media][4216]-------
D/Playlist(   92): http_need_redownload_media parsed http result code:206
D/Playlist(   92): 
D/Playlist(   92): [download_media_file][3599]-------
D/Playlist(   92): http://tvlive01.sc.cibntv.tv/live/cctv-10/cctv-10_20130609_153955_154007.ts download result:0,  1252644/1252644 downloaded!
D/Playlist(   92): 
D/Playlist(   92): [download_media_file][3621]-------
D/Playlist(   92): media_seq:51058, donwnload speed 817.46 KBps
D/Playlist(   92): 
D/Playlist(   92): [endPush][132]-------
D/Playlist(   92): 
D/Playlist(   92): [popDownloadTask][469]-------
D/Playlist(   92): Playlist::popDownloadTask() enter!
D/Playlist(   92): 
D/Playlist(   92): [popDownloadTask][489]-------
D/Playlist(   92): Playlist::popDownloadTask(): pt_media seq = 51058, switch stream=0
D/Playlist(   92): 
D/Playlist(   92): [popDownloadTask][560]-------
D/Playlist(   92): Playlist::popDownloadTask() before check memory!
D/Playlist(   92): 
D/Playlist(   92): [CanContinueDonwload][454]-------
D/Playlist(   92): CanContinueDonwload: buffer data total memory size=0
D/Playlist(   92): 
D/Playlist(   92): [get_next_media_file][3443]-------
D/Playlist(   92): end of playlist!! 
D/Playlist(   92): 
D/Playlist(   92): [popDownloadTask][609]-------
D/Playlist(   92): Playlist::popDownloadTask() pt_download_hls->ext_x_endlist =0
D/Playlist(   92): 
D/Playlist(   92): [update_m3u_playlist][1387]-------
D/Playlist(   92): *** update started http://tvindexlive01.sc.cibntv.tv:8080/ysten-business/live/cctv-10/184278.m3u8, (1)!!***
D/Playlist(   92): 
D/Playlist(   92): [getHostUrl][258]-------
D/Playlist(   92): ps_hostUrl=http://tvindexlive01.sc.cibntv.tv:8080/ysten-business/live/cctv-10
D/Playlist(   92): 
D/Playlist(   92): [request_playlist][3053]-------
D/Playlist(   92): Enter request_playlist, ps_url = http://tvindexlive01.sc.cibntv.tv:8080/ysten-business/live/cctv-10/184278.m3u8
D/Playlist(   92): 
D/Playlist(   92): [get_playlist_type][2472]-------
D/Playlist(   92): get_playlist_type
D/Playlist(   92): 
D/Playlist(   92): [request_playlist][3084]-------
D/Playlist(   92): Enter request_playlist playlist(http://tvindexlive01.sc.cibntv.tv:8080/ysten-business/live/cctv-10/184278.m3u8) hasn't downloaded
D/Playlist(   92): 
D/Playlist(   92): [download_playlist][2855]-------
D/Playlist(   92): Enter download_playlist, ps_url = http://tvindexlive01.sc.cibntv.tv:8080/ysten-business/live/cctv-10/184278.m3u8
D/Playlist(   92): 
D/Playlist(   92): [pushmode_thread][1804]-------
D/Playlist(   92): Playlist::pushmode_thread Have sent finished one media file
D/Playlist(   92): 
D/Playlist(   92): [free_media_char_buffer][1198]-------
D/Playlist(   92): free media file 51058
D/Playlist(   92): 
D/Playlist(   92): [free_media_char_buffer][1213]-------
D/Playlist(   92): free media data
D/Playlist(   92): 
D/Playlist(   92): [pushmode_thread][1807]-------
D/Playlist(   92): Playlist::pushmode_thread [51058] complete push ps_url = http://tvlive01.sc.cibntv.tv/live/cctv-10/cctv-10_20130609_153955_154007.ts
D/Playlist(   92): 
D/Playlist(   92): [nextToPlay][1233]-------
D/Playlist(   92): Playlist::nextToPlay() enter!
D/Playlist(   92): 
D/Playlist(   92): [nextToPlay][1262]-------
D/Playlist(   92): Playlist::nextToPlay()pauseDownload = 0, bUpdating = 0, bNeedUpdate = 1
D/Playlist(   92): 
D/HomePlayerLib( 3462): hostaddress count is 1
I/gefo-plugin( 3787): hasProperty:getBufferingProgress
I/gefo-plugin( 3787): hasProperty:getBufferingProgress
I/gefo-plugin( 3787): hasMethod:getBufferingProgress
I/gefo-plugin( 3787): invoke:getBufferingProgress:0
I/gefo-plugin( 3787): 14 invokeJavaFunGetBufferingProgress result:0
I/gefo-browser( 3787): [log][playerCore onBufferingStart bufferNumber -> 0]
D/Playlist(   92): [http_download_with_change_request_retry][4257]-------
D/Playlist(   92): curl_easy_perform time return 0
D/Playlist(   92): 
D/Playlist(   92): [http_need_redownload_file][4145]-------
D/Playlist(   92): http_need_redownload_file parsed http result code:200
D/Playlist(   92): 
D/Playlist(   92): [download_playlist][2894]-------
D/Playlist(   92): download_playlist http response code 200
D/Playlist(   92): 
D/Playlist(   92): [download_playlist][2917]-------
D/Playlist(   92): ---[INFO]---http://tvindexlive01.sc.cibntv.tv:8080/ysten-business/live/cctv-10/184278.m3u8 downloaded 
D/Playlist(   92): 
D/Playlist(   92): [request_playlist][3127]-------
D/Playlist(   92): replace host url tohttp://tvindexlive01.sc.cibntv.tv:8080/ysten-business/live/cctv-10
D/Playlist(   92): 
D/Playlist(   92): [request_playlist][3169]-------
D/Playlist(   92): playlist playback duration is 35.000!!
D/Playlist(   92): 
D/Playlist(   92): [update_m3u_playlist][1420]-------
D/Playlist(   92): new playlist http://tvindexlive01.sc.cibntv.tv:8080/ysten-business/live/cctv-10/184278.m3u8 is the same as the last one!!
D/Playlist(   92): 
D/Playlist(   92): [free_media_char_buffer][1198]-------
D/Playlist(   92): free media file 51056
D/Playlist(   92): 
D/Playlist(   92): [free_media_char_buffer][1198]-------
D/Playlist(   92): free media file 51057
D/Playlist(   92): 
D/Playlist(   92): [free_media_char_buffer][1198]-------
D/Playlist(   92): free media file 51058
D/Playlist(   92): 
D/Playlist(   92): [update_m3u_playlist][1422]-------
D/Playlist(   92): current update retry time:0!!
I/gefo-plugin( 3787): hasMethod:getBufferingProgress
I/gefo-plugin( 3787): invoke:getBufferingProgress:0
I/gefo-plugin( 3787): 14 invokeJavaFunGetBufferingProgress result:0
I/gefo-browser( 3787): [log][playerCore onBufferingStart bufferNumber -> 0]
I/gefo-plugin( 3787): hasProperty:getBufferingProgress
I/gefo-plugin( 3787): hasProperty:getBufferingProgress
I/gefo-plugin( 3787): hasMethod:getBufferingProgress
I/gefo-plugin( 3787): invoke:getBufferingProgress:0
I/gefo-plugin( 3787): 14 invokeJavaFunGetBufferingProgress result:0
I/gefo-browser( 3787): [log][playerCore onBufferingStart bufferNumber -> 0]
I/gefo-plugin( 3787): hasProperty:getBufferingProgress
I/gefo-plugin( 3787): hasProperty:getBufferingProgress
I/gefo-plugin( 3787): hasMethod:getBufferingProgress
I/gefo-plugin( 3787): invoke:getBufferingProgress:0
I/gefo-plugin( 3787): 14 invokeJavaFunGetBufferingProgress result:0
I/gefo-browser( 3787): [log][playerCore onBufferingStart bufferNumber -> 0]
D/Playlist(   92): [popMoniterEvent][1380]-------
D/Playlist(   92): PlaylistPlayer::popMoniterEvent wakeup with event size:1
D/Playlist(   92): 
D/dalvikvm( 3462): GC_CONCURRENT freed 2037K, 14% free 14168K/16455K, paused 1ms+2ms
I/gefo-plugin( 3787): hasProperty:getBufferingProgress
I/gefo-plugin( 3787): hasProperty:getBufferingProgress
I/gefo-plugin( 3787): hasMethod:getBufferingProgress
I/gefo-plugin( 3787): invoke:getBufferingProgress:0
I/gefo-plugin( 3787): 14 invokeJavaFunGetBufferingProgress result:0
I/gefo-browser( 3787): [log][playerCore onBufferingStart bufferNumber -> 0]
I/gefo-plugin( 3787): hasProperty:getBufferingProgress
I/gefo-plugin( 3787): hasProperty:getBufferingProgress
I/gefo-plugin( 3787): hasMethod:getBufferingProgress
I/gefo-plugin( 3787): invoke:getBufferingProgress:0
I/gefo-plugin( 3787): 14 invokeJavaFunGetBufferingProgress result:0
I/gefo-browser( 3787): [log][playerCore onBufferingStart bufferNumber -> 0]
I/gefo-plugin( 3787): hasProperty:getBufferingProgress
I/gefo-plugin( 3787): hasProperty:getBufferingProgress
I/gefo-plugin( 3787): hasMethod:getBufferingProgress
I/gefo-plugin( 3787): invoke:getBufferingProgress:0
I/gefo-plugin( 3787): 14 invokeJavaFunGetBufferingProgress result:0
I/gefo-browser( 3787): [log][playerCore onBufferingStart bufferNumber -> 0]
I/gefo-plugin( 3787): hasProperty:getBufferingProgress
I/gefo-plugin( 3787): hasProperty:getBufferingProgress
I/gefo-plugin( 3787): hasMethod:getBufferingProgress
I/gefo-plugin( 3787): invoke:getBufferingProgress:0
I/gefo-plugin( 3787): 14 invokeJavaFunGetBufferingProgress result:0
I/gefo-browser( 3787): [log][playerCore onBufferingStart bufferNumber -> 0]
I/gefo-plugin( 3787): hasProperty:getBufferingProgress
I/gefo-plugin( 3787): hasProperty:getBufferingProgress
I/gefo-plugin( 3787): hasMethod:getBufferingProgress
I/gefo-plugin( 3787): invoke:getBufferingProgress:0
I/gefo-plugin( 3787): 14 invokeJavaFunGetBufferingProgress result:0
I/gefo-browser( 3787): [log][playerCore onBufferingStart bufferNumber -> 0]
V/MediaPlayer( 3787): getCurrentPosition
V/MediaPlayerService(   92): getCurrentPosition
I/        (   92): CmpbHttpLiveStreaming::getCurrentPosition!
I/        (   92): 
I/        (   92):  This playlist is slide or appending , duration must be 0!!
I/        (   92): CmpbHttpLiveStreaming::getCurrentPosition(return 0.000000) [0] exit!
V/MediaPlayerService(   92): [22] getCurrentPosition = 0
D/Playlist(   92): [popMoniterEvent][1380]-------
D/Playlist(   92): PlaylistPlayer::popMoniterEvent wakeup with event size:1
D/Playlist(   92): 
I/gefo-plugin( 3787): hasProperty:getBufferingProgress
I/gefo-plugin( 3787): hasProperty:getBufferingProgress
I/gefo-plugin( 3787): hasMethod:getBufferingProgress
I/gefo-plugin( 3787): invoke:getBufferingProgress:0
I/gefo-plugin( 3787): 14 invokeJavaFunGetBufferingProgress result:0
I/gefo-browser( 3787): [log][playerCore onBufferingStart bufferNumber -> 0]
E/CmpbPlayerManager(   92): [CmpbPlayerManager] Found media.playermanager, LINE 970 
E/CmpbPlayerManager(   92): [CmpbPlayerManager] fgBpNeedStopPlayer pPlayer  0xd39ea8 
E/CmpbPlayerManager(   97): [CmpbPlayerManager][CMPB_BP_CHECK_PLAYER] pPlayer  0xd39ea8 
I/CmpbPlayerManager(   97): [CmpbPlayerManager] vCheckPlayer :0xd39ea8
E/CmpbPlayer(   92): [CMPBPLAYER][ERROR][CmpbMgrThread]line:4602 ===========>: this 0xd39ea8 need 0, mState=5
I/gefo-plugin( 3787): hasProperty:getBufferingProgress
I/gefo-plugin( 3787): hasProperty:getBufferingProgress
I/gefo-plugin( 3787): hasMethod:getBufferingProgress
I/gefo-plugin( 3787): invoke:getBufferingProgress:0
I/gefo-plugin( 3787): 14 invokeJavaFunGetBufferingProgress result:0
I/gefo-browser( 3787): [log][playerCore onBufferingStart bufferNumber -> 0]
I/gefo-plugin( 3787): hasProperty:getBufferingProgress
I/gefo-plugin( 3787): hasProperty:getBufferingProgress
I/gefo-plugin( 3787): hasMethod:getBufferingProgress
I/gefo-plugin( 3787): invoke:getBufferingProgress:0
I/gefo-plugin( 3787): 14 invokeJavaFunGetBufferingProgress result:0
I/gefo-browser( 3787): [log][playerCore onBufferingStart bufferNumber -> 0]
I/gefo-plugin( 3787): hasProperty:getBufferingProgress
I/gefo-plugin( 3787): hasProperty:getBufferingProgress
I/gefo-plugin( 3787): hasMethod:getBufferingProgress
I/gefo-plugin( 3787): invoke:getBufferingProgress:0
I/gefo-plugin( 3787): 14 invokeJavaFunGetBufferingProgress result:0
I/gefo-browser( 3787): [log][playerCore onBufferingStart bufferNumber -> 0]
I/gefo-plugin( 3787): hasProperty:getBufferingProgress
I/gefo-plugin( 3787): hasProperty:getBufferingProgress
I/gefo-plugin( 3787): hasMethod:getBufferingProgress
I/gefo-plugin( 3787): invoke:getBufferingProgress:0
I/gefo-plugin( 3787): 14 invokeJavaFunGetBufferingProgress result:0
I/gefo-browser( 3787): [log][playerCore onBufferingStart bufferNumber -> 0]
D/Playlist(   92): [popMoniterEvent][1380]-------
D/Playlist(   92): PlaylistPlayer::popMoniterEvent wakeup with event size:1
D/Playlist(   92): 
I/gefo-plugin( 3787): hasProperty:getBufferingProgress
I/gefo-plugin( 3787): hasProperty:getBufferingProgress
I/gefo-plugin( 3787): hasMethod:getBufferingProgress
I/gefo-plugin( 3787): invoke:getBufferingProgress:0
I/gefo-plugin( 3787): 14 invokeJavaFunGetBufferingProgress result:0
I/gefo-browser( 3787): [log][playerCore onBufferingStart bufferNumber -> 0]
I/gefo-plugin( 3787): hasProperty:getBufferingProgress
I/gefo-plugin( 3787): hasProperty:getBufferingProgress
I/gefo-plugin( 3787): hasMethod:getBufferingProgress
I/gefo-plugin( 3787): invoke:getBufferingProgress:0
I/gefo-plugin( 3787): 14 invokeJavaFunGetBufferingProgress result:0
I/gefo-browser( 3787): [log][playerCore onBufferingStart bufferNumber -> 0]
I/gefo-plugin( 3787): hasProperty:getBufferingProgress
I/gefo-plugin( 3787): hasProperty:getBufferingProgress
I/gefo-plugin( 3787): hasMethod:getBufferingProgress
I/gefo-plugin( 3787): invoke:getBufferingProgress:0
I/gefo-plugin( 3787): 14 invokeJavaFunGetBufferingProgress result:0
I/gefo-browser( 3787): [log][playerCore onBufferingStart bufferNumber -> 0]
I/gefo-plugin( 3787): hasProperty:getBufferingProgress
I/gefo-plugin( 3787): hasProperty:getBufferingProgress
I/gefo-plugin( 3787): hasMethod:getBufferingProgress
I/gefo-plugin( 3787): invoke:getBufferingProgress:0
I/gefo-plugin( 3787): 14 invokeJavaFunGetBufferingProgress result:0
I/gefo-browser( 3787): [log][playerCore onBufferingStart bufferNumber -> 0]
D/dalvikvm( 3462): GC_CONCURRENT freed 1939K, 14% free 14159K/16455K, paused 1ms+3ms
V/MediaPlayer( 3787): getCurrentPosition
V/MediaPlayerService(   92): getCurrentPosition
I/        (   92): CmpbHttpLiveStreaming::getCurrentPosition!
I/        (   92): 
I/        (   92):  This playlist is slide or appending , duration must be 0!!
I/        (   92): CmpbHttpLiveStreaming::getCurrentPosition(return 0.000000) [0] exit!
V/MediaPlayerService(   92): [22] getCurrentPosition = 0
D/Playlist(   92): [popMoniterEvent][1380]-------
D/Playlist(   92): PlaylistPlayer::popMoniterEvent wakeup with event size:1
D/Playlist(   92): 
I/gefo-plugin( 3787): hasProperty:getBufferingProgress
I/gefo-plugin( 3787): hasProperty:getBufferingProgress
I/gefo-plugin( 3787): hasMethod:getBufferingProgress
I/gefo-plugin( 3787): invoke:getBufferingProgress:0
I/gefo-plugin( 3787): 14 invokeJavaFunGetBufferingProgress result:0
I/gefo-browser( 3787): [log][playerCore onBufferingStart bufferNumber -> 0]
I/gefo-plugin( 3787): hasProperty:getBufferingProgress
I/gefo-plugin( 3787): hasProperty:getBufferingProgress
I/gefo-plugin( 3787): hasMethod:getBufferingProgress
I/gefo-plugin( 3787): invoke:getBufferingProgress:0
I/gefo-plugin( 3787): 14 invokeJavaFunGetBufferingProgress result:0
I/gefo-browser( 3787): [log][playerCore onBufferingStart bufferNumber -> 0]
I/gefo-plugin( 3787): hasProperty:getBufferingProgress
I/gefo-plugin( 3787): hasProperty:getBufferingProgress
I/gefo-plugin( 3787): hasMethod:getBufferingProgress
I/gefo-plugin( 3787): invoke:getBufferingProgress:0
I/gefo-plugin( 3787): 14 invokeJavaFunGetBufferingProgress result:0
I/gefo-browser( 3787): [log][playerCore onBufferingStart bufferNumber -> 0]
I/gefo-plugin( 3787): hasProperty:getBufferingProgress
I/gefo-plugin( 3787): hasProperty:getBufferingProgress
I/gefo-plugin( 3787): hasMethod:getBufferingProgress
I/gefo-plugin( 3787): invoke:getBufferingProgress:0
I/gefo-plugin( 3787): 14 invokeJavaFunGetBufferingProgress result:0
I/gefo-browser( 3787): [log][playerCore onBufferingStart bufferNumber -> 0]
I/gefo-plugin( 3787): hasProperty:getBufferingProgress
I/gefo-plugin( 3787): hasProperty:getBufferingProgress
I/gefo-plugin( 3787): hasMethod:getBufferingProgress
I/gefo-plugin( 3787): invoke:getBufferingProgress:0
I/gefo-plugin( 3787): 14 invokeJavaFunGetBufferingProgress result:0
I/gefo-browser( 3787): [log][playerCore onBufferingStart bufferNumber -> 0]
D/Playlist(   92): [popMoniterEvent][1380]-------
D/Playlist(   92): PlaylistPlayer::popMoniterEvent wakeup with event size:1
D/Playlist(   92): 
I/gefo-plugin( 3787): hasProperty:getBufferingProgress
I/gefo-plugin( 3787): hasProperty:getBufferingProgress
I/gefo-plugin( 3787): hasMethod:getBufferingProgress
I/gefo-plugin( 3787): invoke:getBufferingProgress:0
I/gefo-plugin( 3787): 14 invokeJavaFunGetBufferingProgress result:0
I/gefo-browser( 3787): [log][playerCore onBufferingStart bufferNumber -> 0]
I/gefo-plugin( 3787): hasProperty:getBufferingProgress
I/gefo-plugin( 3787): hasProperty:getBufferingProgress
I/gefo-plugin( 3787): hasMethod:getBufferingProgress
I/gefo-plugin( 3787): invoke:getBufferingProgress:0
I/gefo-plugin( 3787): 14 invokeJavaFunGetBufferingProgress result:0
I/gefo-browser( 3787): [log][playerCore onBufferingStart bufferNumber -> 0]
I/gefo-plugin( 3787): hasProperty:getBufferingProgress
I/gefo-plugin( 3787): hasProperty:getBufferingProgress
I/gefo-plugin( 3787): hasMethod:getBufferingProgress
I/gefo-plugin( 3787): invoke:getBufferingProgress:0
I/gefo-plugin( 3787): 14 invokeJavaFunGetBufferingProgress result:0
I/gefo-browser( 3787): [log][playerCore onBufferingStart bufferNumber -> 0]
I/gefo-plugin( 3787): hasProperty:getBufferingProgress
I/gefo-plugin( 3787): hasProperty:getBufferingProgress
I/gefo-plugin( 3787): hasMethod:getBufferingProgress
I/gefo-plugin( 3787): invoke:getBufferingProgress:0
I/gefo-plugin( 3787): 14 invokeJavaFunGetBufferingProgress result:0
I/gefo-browser( 3787): [log][playerCore onBufferingStart bufferNumber -> 0]
I/gefo-plugin( 3787): hasProperty:getBufferingProgress
I/gefo-plugin( 3787): hasProperty:getBufferingProgress
I/gefo-plugin( 3787): hasMethod:getBufferingProgress
I/gefo-plugin( 3787): invoke:getBufferingProgress:0
I/gefo-plugin( 3787): 14 invokeJavaFunGetBufferingProgress result:0
I/gefo-browser( 3787): [log][playerCore onBufferingStart bufferNumber -> 0]
V/MediaPlayer( 3787): getCurrentPosition
V/MediaPlayerService(   92): getCurrentPosition
I/        (   92): CmpbHttpLiveStreaming::getCurrentPosition!
I/        (   92): 
I/        (   92):  This playlist is slide or appending , duration must be 0!!
I/        (   92): CmpbHttpLiveStreaming::getCurrentPosition(return 0.000000) [0] exit!
V/MediaPlayerService(   92): [22] getCurrentPosition = 0
D/Playlist(   92): [popMoniterEvent][1380]-------
D/Playlist(   92): PlaylistPlayer::popMoniterEvent wakeup with event size:1
D/Playlist(   92): 
D/dalvikvm( 3462): GC_CONCURRENT freed 1937K, 14% free 14157K/16455K, paused 1ms+2ms
E/CmpbPlayerManager(   92): [CmpbPlayerManager] Found media.playermanager, LINE 970 
E/CmpbPlayerManager(   92): [CmpbPlayerManager] fgBpNeedStopPlayer pPlayer  0xd39ea8 
E/CmpbPlayerManager(   97): [CmpbPlayerManager][CMPB_BP_CHECK_PLAYER] pPlayer  0xd39ea8 
I/CmpbPlayerManager(   97): [CmpbPlayerManager] vCheckPlayer :0xd39ea8
E/CmpbPlayer(   92): [CMPBPLAYER][ERROR][CmpbMgrThread]line:4602 ===========>: this 0xd39ea8 need 0, mState=5
I/gefo-plugin( 3787): hasProperty:getBufferingProgress
I/gefo-plugin( 3787): hasProperty:getBufferingProgress
I/gefo-plugin( 3787): hasMethod:getBufferingProgress
I/gefo-plugin( 3787): invoke:getBufferingProgress:0
I/gefo-plugin( 3787): 14 invokeJavaFunGetBufferingProgress result:0
I/gefo-browser( 3787): [log][playerCore onBufferingStart bufferNumber -> 0]
I/gefo-plugin( 3787): hasProperty:getBufferingProgress
I/gefo-plugin( 3787): hasProperty:getBufferingProgress
I/gefo-plugin( 3787): hasMethod:getBufferingProgress
I/gefo-plugin( 3787): invoke:getBufferingProgress:0
I/gefo-plugin( 3787): 14 invokeJavaFunGetBufferingProgress result:0
I/gefo-browser( 3787): [log][playerCore onBufferingStart bufferNumber -> 0]
I/gefo-plugin( 3787): hasProperty:getBufferingProgress
I/gefo-plugin( 3787): hasProperty:getBufferingProgress
I/gefo-plugin( 3787): hasMethod:getBufferingProgress
I/gefo-plugin( 3787): invoke:getBufferingProgress:0
I/gefo-plugin( 3787): 14 invokeJavaFunGetBufferingProgress result:0
I/gefo-browser( 3787): [log][playerCore onBufferingStart bufferNumber -> 0]
I/gefo-plugin( 3787): hasProperty:getBufferingProgress
I/gefo-plugin( 3787): hasProperty:getBufferingProgress
I/gefo-plugin( 3787): hasMethod:getBufferingProgress
I/gefo-plugin( 3787): invoke:getBufferingProgress:0
I/gefo-plugin( 3787): 14 invokeJavaFunGetBufferingProgress result:0
I/gefo-browser( 3787): [log][playerCore onBufferingStart bufferNumber -> 0]
I/gefo-plugin( 3787): hasProperty:getBufferingProgress
I/gefo-plugin( 3787): hasProperty:getBufferingProgress
I/gefo-plugin( 3787): hasMethod:getBufferingProgress
I/gefo-plugin( 3787): invoke:getBufferingProgress:0
I/gefo-plugin( 3787): 14 invokeJavaFunGetBufferingProgress result:0
I/gefo-browser( 3787): [log][playerCore onBufferingStart bufferNumber -> 0]
D/Playlist(   92): [popMoniterEvent][1380]-------
D/Playlist(   92): PlaylistPlayer::popMoniterEvent wakeup with event size:1
D/Playlist(   92): 
I/gefo-plugin( 3787): hasProperty:getBufferingProgress
I/gefo-plugin( 3787): hasProperty:getBufferingProgress
I/gefo-plugin( 3787): hasMethod:getBufferingProgress
I/gefo-plugin( 3787): invoke:getBufferingProgress:0
I/gefo-plugin( 3787): 14 invokeJavaFunGetBufferingProgress result:0
I/gefo-browser( 3787): [log][playerCore onBufferingStart bufferNumber -> 0]
I/gefo-plugin( 3787): hasProperty:getBufferingProgress
I/gefo-plugin( 3787): hasProperty:getBufferingProgress
I/gefo-plugin( 3787): hasMethod:getBufferingProgress
I/gefo-plugin( 3787): invoke:getBufferingProgress:0
I/gefo-plugin( 3787): 14 invokeJavaFunGetBufferingProgress result:0
I/gefo-browser( 3787): [log][playerCore onBufferingStart bufferNumber -> 0]
I/gefo-plugin( 3787): hasProperty:getBufferingProgress
I/gefo-plugin( 3787): hasProperty:getBufferingProgress
I/gefo-plugin( 3787): hasMethod:getBufferingProgress
I/gefo-plugin( 3787): invoke:getBufferingProgress:0
I/gefo-plugin( 3787): 14 invokeJavaFunGetBufferingProgress result:0
I/gefo-browser( 3787): [log][playerCore onBufferingStart bufferNumber -> 0]
D/Playlist(   92): [timedwait][144]-------
D/Playlist(   92): TimedWait fail, 110
D/Playlist(   92): 
D/Playlist(   92): [popDownloadTask][653]-------
D/Playlist(   92): Playlist::popDownloadTask() pop timedwait end
D/Playlist(   92): 
D/Playlist(   92): [popDownloadTask][489]-------
D/Playlist(   92): Playlist::popDownloadTask(): pt_media seq = 51058, switch stream=0
D/Playlist(   92): 
D/Playlist(   92): [popDownloadTask][560]-------
D/Playlist(   92): Playlist::popDownloadTask() before check memory!
D/Playlist(   92): 
D/Playlist(   92): [CanContinueDonwload][454]-------
D/Playlist(   92): CanContinueDonwload: buffer data total memory size=0
D/Playlist(   92): 
D/Playlist(   92): [get_next_media_file][3443]-------
D/Playlist(   92): end of playlist!! 
D/Playlist(   92): 
D/Playlist(   92): [popDownloadTask][609]-------
D/Playlist(   92): Playlist::popDownloadTask() pt_download_hls->ext_x_endlist =0
D/Playlist(   92): 
D/Playlist(   92): [update_m3u_playlist][1387]-------
D/Playlist(   92): *** update started http://tvindexlive01.sc.cibntv.tv:8080/ysten-business/live/cctv-10/184278.m3u8, (2)!!***
D/Playlist(   92): 
D/Playlist(   92): [getHostUrl][258]-------
D/Playlist(   92): ps_hostUrl=http://tvindexlive01.sc.cibntv.tv:8080/ysten-business/live/cctv-10
D/Playlist(   92): 
D/Playlist(   92): [request_playlist][3053]-------
