shell@android:/data/app # logcat

--------- beginning of /dev/log/system
I/Vold    (   86): Vold 2.1 (the revenge) firing up
E/DirectVolume(   86): default mPartIdx=-1
W/Vold    (   86): Get vold.firstMountDevice=none 
W/Vold    (   86):  
D/Vold    (   86): Volume usbdisk1 state changing -1 (Initializing) -> 0 (No-Media)
W/Vold    (   86): get partition mount point:minor:0,mVolumeMinor:0-->/mnt/vold/usbdisk1
W/Vold    (   86):  
W/Vold    (   86): get partition mount point:minor:0,mVolumeMinor:0-->/mnt/vold/usbdisk1
W/Vold    (   86):  
W/Vold    (   86): get partition mount point:minor:0,mVolumeMinor:0-->/mnt/vold/usbdisk1
W/Vold    (   86):  
W/Vold    (   86): get partition mount point:minor:0,mVolumeMinor:0-->/mnt/vold/usbdisk1
W/Vold    (   86):  
D/Vold    (   86): Mountpoint(0) = /mnt/vold/usbdisk1, sChangeNotifyLabel = /mnt/vold/usbdisk1
W/Vold    (   86): get partition mount point:minor:0,mVolumeMinor:0-->/mnt/vold/usbdisk1
W/Vold    (   86):  
E/DirectVolume(   86): default mPartIdx=-1
W/Vold    (   86): Get vold.firstMountDevice=none 
W/Vold    (   86):  
D/Vold    (   86): Volume usbdisk2 state changing -1 (Initializing) -> 0 (No-Media)
W/Vold    (   86): get partition mount point:minor:0,mVolumeMinor:0-->/mnt/vold/usbdisk2
W/Vold    (   86):  
W/Vold    (   86): get partition mount point:minor:0,mVolumeMinor:0-->/mnt/vold/usbdisk2
W/Vold    (   86):  
W/Vold    (   86): get partition mount point:minor:0,mVolumeMinor:0-->/mnt/vold/usbdisk2
W/Vold    (   86):  
W/Vold    (   86): get partition mount point:minor:0,mVolumeMinor:0-->/mnt/vold/usbdisk2
W/Vold    (   86):  
D/Vold    (   86): Mountpoint(0) = /mnt/vold/usbdisk2, sChangeNotifyLabel = /mnt/vold/usbdisk2
W/Vold    (   86): get partition mount point:minor:0,mVolumeMinor:0-->/mnt/vold/usbdisk2
W/Vold    (   86):  
E/DirectVolume(   86): default mPartIdx=-1
W/Vold    (   86): Get vold.firstMountDevice=none 
W/Vold    (   86):  
D/Vold    (   86): Volume usbdisk3 state changing -1 (Initializing) -> 0 (No-Media)
W/Vold    (   86): get partition mount point:minor:0,mVolumeMinor:0-->/mnt/vold/usbdisk3
W/Vold    (   86):  
W/Vold    (   86): get partition mount point:minor:0,mVolumeMinor:0-->/mnt/vold/usbdisk3
W/Vold    (   86):  
W/Vold    (   86): get partition mount point:minor:0,mVolumeMinor:0-->/mnt/vold/usbdisk3
W/Vold    (   86):  
W/Vold    (   86): get partition mount point:minor:0,mVolumeMinor:0-->/mnt/vold/usbdisk3
W/Vold    (   86):  
D/Vold    (   86): Mountpoint(0) = /mnt/vold/usbdisk3, sChangeNotifyLabel = /mnt/vold/usbdisk3
W/Vold    (   86): get partition mount point:minor:0,mVolumeMinor:0-->/mnt/vold/usbdisk3
W/Vold    (   86):  
E/DirectVolume(   86): default mPartIdx=-1
W/Vold    (   86): Get vold.firstMountDevice=none 
W/Vold    (   86):  
D/Vold    (   86): Volume sdcard state changing -1 (Initializing) -> 0 (No-Media)
W/Vold    (   86): get partition mount point:minor:0,mVolumeMinor:0-->/mnt/sdcard
W/Vold    (   86):  
W/Vold    (   86): get partition mount point:minor:0,mVolumeMinor:0-->/mnt/sdcard
W/Vold    (   86):  
D/Vold    (   86): Mountpoint(0) = /mnt/sdcard, sChangeNotifyLabel = /mnt/vold/none
W/Vold    (   86): get partition mount point:minor:0,mVolumeMinor:0-->/mnt/sdcard
W/Vold    (   86):  
E/DirectVolume(   86): default mPartIdx=-1
W/Vold    (   86): Get vold.firstMountDevice=none 
W/Vold    (   86):  
D/Vold    (   86): Volume satahdd state changing -1 (Initializing) -> 0 (No-Media)
W/Vold    (   86): get partition mount point:minor:0,mVolumeMinor:0-->/mnt/vold/satahdd
W/Vold    (   86):  
W/Vold    (   86): get partition mount point:minor:0,mVolumeMinor:0-->/mnt/vold/satahdd
W/Vold    (   86):  
W/Vold    (   86): get partition mount point:minor:0,mVolumeMinor:0-->/mnt/vold/satahdd
W/Vold    (   86):  
W/Vold    (   86): get partition mount point:minor:0,mVolumeMinor:0-->/mnt/vold/satahdd
W/Vold    (   86):  
D/Vold    (   86): Mountpoint(0) = /mnt/vold/satahdd, sChangeNotifyLabel = /mnt/vold/satahdd
W/Vold    (   86): get partition mount point:minor:0,mVolumeMinor:0-->/mnt/vold/satahdd
W/Vold    (   86):  
E/NetlinkListener(   86): recvmsg mBuffer:
E/NetlinkListener(   86):  (add@/devices/virtual/block/ram0)
W/Vold    (   86): subsys:block
D/NetlinkEvent(   86): NL param 'DEVPATH=/devices/virtual/block/ram0'
D/NetlinkEvent(   86): NL param 'MAJOR=1'
D/NetlinkEvent(   86): NL param 'MINOR=0'
D/NetlinkEvent(   86): NL param 'DEVNAME=ram0'
D/NetlinkEvent(   86): NL param 'DEVTYPE=disk'
D/NetlinkEvent(   86): NL param 'NPARTS=0'
E/NetlinkListener(   86): recvmsg mBuffer:
E/NetlinkListener(   86):  (add@/devices/virtual/block/loop0)
W/Vold    (   86): subsys:block
D/NetlinkEvent(   86): NL param 'DEVPATH=/devices/virtual/block/loop0'
D/NetlinkEvent(   86): NL param 'MAJOR=7'
D/NetlinkEvent(   86): NL param 'MINOR=0'
D/NetlinkEvent(   86): NL param 'DEVNAME=loop0'
D/NetlinkEvent(   86): NL param 'DEVTYPE=disk'
D/NetlinkEvent(   86): NL param 'NPARTS=0'
E/NetlinkListener(   86): recvmsg mBuffer:
E/NetlinkListener(   86):  (add@/devices/virtual/block/loop1)
W/Vold    (   86): subsys:block
D/NetlinkEvent(   86): NL param 'DEVPATH=/devices/virtual/block/loop1'
D/NetlinkEvent(   86): NL param 'MAJOR=7'
D/NetlinkEvent(   86): NL param 'MINOR=1'
D/NetlinkEvent(   86): NL param 'DEVNAME=loop1'
D/NetlinkEvent(   86): NL param 'DEVTYPE=disk'
D/NetlinkEvent(   86): NL param 'NPARTS=0'
E/NetlinkListener(   86): recvmsg mBuffer:
E/NetlinkListener(   86):  (add@/devices/virtual/block/loop2)
W/Vold    (   86): subsys:block
D/NetlinkEvent(   86): NL param 'DEVPATH=/devices/virtual/block/loop2'
D/NetlinkEvent(   86): NL param 'MAJOR=7'
D/NetlinkEvent(   86): NL param 'MINOR=2'
D/NetlinkEvent(   86): NL param 'DEVNAME=loop2'
D/NetlinkEvent(   86): NL param 'DEVTYPE=disk'
D/NetlinkEvent(   86): NL param 'NPARTS=0'
E/NetlinkListener(   86): recvmsg mBuffer:
E/NetlinkListener(   86):  (add@/devices/virtual/block/loop3)
W/Vold    (   86): subsys:block
D/NetlinkEvent(   86): NL param 'DEVPATH=/devices/virtual/block/loop3'
D/NetlinkEvent(   86): NL param 'MAJOR=7'
D/NetlinkEvent(   86): NL param 'MINOR=3'
D/NetlinkEvent(   86): NL param 'DEVNAME=loop3'
D/NetlinkEvent(   86): NL param 'DEVTYPE=disk'
D/NetlinkEvent(   86): NL param 'NPARTS=0'
E/NetlinkListener(   86): recvmsg mBuffer:
E/NetlinkListener(   86):  (add@/devices/virtual/block/loop4)
W/Vold    (   86): subsys:block
D/NetlinkEvent(   86): NL param 'DEVPATH=/devices/virtual/block/loop4'
D/NetlinkEvent(   86): NL param 'MAJOR=7'
D/NetlinkEvent(   86): NL param 'MINOR=4'
D/NetlinkEvent(   86): NL param 'DEVNAME=loop4'
D/NetlinkEvent(   86): NL param 'DEVTYPE=disk'
D/NetlinkEvent(   86): NL param 'NPARTS=0'
E/NetlinkListener(   86): recvmsg mBuffer:
E/NetlinkListener(   86):  (add@/devices/virtual/block/loop5)
W/Vold    (   86): subsys:block
D/NetlinkEvent(   86): NL param 'DEVPATH=/devices/virtual/block/loop5'
D/NetlinkEvent(   86): NL param 'MAJOR=7'
D/NetlinkEvent(   86): NL param 'MINOR=5'
D/NetlinkEvent(   86): NL param 'DEVNAME=loop5'
D/NetlinkEvent(   86): NL param 'DEVTYPE=disk'
D/NetlinkEvent(   86): NL param 'NPARTS=0'
E/NetlinkListener(   86): recvmsg mBuffer:
E/NetlinkListener(   86):  (add@/devices/virtual/block/loop6)
W/Vold    (   86): subsys:block
D/NetlinkEvent(   86): NL param 'DEVPATH=/devices/virtual/block/loop6'
D/NetlinkEvent(   86): NL param 'MAJOR=7'
D/NetlinkEvent(   86): NL param 'MINOR=6'
D/NetlinkEvent(   86): NL param 'DEVNAME=loop6'
D/NetlinkEvent(   86): NL param 'DEVTYPE=disk'
D/NetlinkEvent(   86): NL param 'NPARTS=0'
E/NetlinkListener(   86): recvmsg mBuffer:
E/NetlinkListener(   86):  (add@/devices/virtual/block/loop7)
W/Vold    (   86): subsys:block
D/NetlinkEvent(   86): NL param 'DEVPATH=/devices/virtual/block/loop7'
D/NetlinkEvent(   86): NL param 'MAJOR=7'
D/NetlinkEvent(   86): NL param 'MINOR=7'
D/NetlinkEvent(   86): NL param 'DEVNAME=loop7'
D/NetlinkEvent(   86): NL param 'DEVTYPE=disk'
D/NetlinkEvent(   86): NL param 'NPARTS=0'
E/NetlinkListener(   86): recvmsg mBuffer:
E/NetlinkListener(   86):  (add@/devices/platform/MTK_MSDC_0.0/mmc_host/mmc0/mmc0:0001/block/mmcblk0)
W/Vold    (   86): subsys:block
D/NetlinkEvent(   86): NL param 'DEVPATH=/devices/platform/MTK_MSDC_0.0/mmc_host/mmc0/mmc0:0001/block/mmcblk0'
D/NetlinkEvent(   86): NL param 'MAJOR=179'
D/NetlinkEvent(   86): NL param 'MINOR=0'
D/NetlinkEvent(   86): NL param 'DEVNAME=mmcblk0'
D/NetlinkEvent(   86): NL param 'DEVTYPE=disk'
D/NetlinkEvent(   86): NL param 'NPARTS=23'
E/NetlinkListener(   86): recvmsg mBuffer:
E/NetlinkListener(   86):  (add@/devices/platform/MTK_MSDC_0.0/mmc_host/mmc0/mmc0:0001/block/mmcblk0/mmcblk0p1)
W/Vold    (   86): subsys:block
D/NetlinkEvent(   86): NL param 'DEVPATH=/devices/platform/MTK_MSDC_0.0/mmc_host/mmc0/mmc0:0001/block/mmcblk0/mmcblk0p1'
D/NetlinkEvent(   86): NL param 'MAJOR=179'
D/NetlinkEvent(   86): NL param 'MINOR=1'
D/NetlinkEvent(   86): NL param 'DEVNAME=mmcblk0p1'
D/NetlinkEvent(   86): NL param 'DEVTYPE=partition'
D/NetlinkEvent(   86): NL param 'PARTN=1'
D/NetlinkEvent(   86): NL param 'PARTNAME=boot_1'
E/NetlinkListener(   86): recvmsg mBuffer:
E/NetlinkListener(   86):  (add@/devices/platform/MTK_MSDC_0.0/mmc_host/mmc0/mmc0:0001/block/mmcblk0/mmcblk0p2)
W/Vold    (   86): subsys:block
D/NetlinkEvent(   86): NL param 'DEVPATH=/devices/platform/MTK_MSDC_0.0/mmc_host/mmc0/mmc0:0001/block/mmcblk0/mmcblk0p2'
D/NetlinkEvent(   86): NL param 'MAJOR=179'
D/NetlinkEvent(   86): NL param 'MINOR=2'
D/NetlinkEvent(   86): NL param 'DEVNAME=mmcblk0p2'
D/NetlinkEvent(   86): NL param 'DEVTYPE=partition'
D/NetlinkEvent(   86): NL param 'PARTN=2'
D/NetlinkEvent(   86): NL param 'PARTNAME=part_info_1'
E/NetlinkListener(   86): recvmsg mBuffer:
E/NetlinkListener(   86):  (add@/devices/platform/MTK_MSDC_0.0/mmc_host/mmc0/mmc0:0001/block/mmcblk0/mmcblk0p3)
W/Vold    (   86): subsys:block
D/NetlinkEvent(   86): NL param 'DEVPATH=/devices/platform/MTK_MSDC_0.0/mmc_host/mmc0/mmc0:0001/block/mmcblk0/mmcblk0p3'
D/NetlinkEvent(   86): NL param 'MAJOR=179'
D/NetlinkEvent(   86): NL param 'MINOR=3'
D/NetlinkEvent(   86): NL param 'DEVNAME=mmcblk0p3'
D/NetlinkEvent(   86): NL param 'DEVTYPE=partition'
D/NetlinkEvent(   86): NL param 'PARTN=3'
D/NetlinkEvent(   86): NL param 'PARTNAME=part_info_2'
E/NetlinkListener(   86): recvmsg mBuffer:
E/NetlinkListener(   86):  (add@/devices/platform/MTK_MSDC_0.0/mmc_host/mmc0/mmc0:0001/block/mmcblk0/mmcblk0p4)
W/Vold    (   86): subsys:block
D/NetlinkEvent(   86): NL param 'DEVPATH=/devices/platform/MTK_MSDC_0.0/mmc_host/mmc0/mmc0:0001/block/mmcblk0/mmcblk0p4'
D/NetlinkEvent(   86): NL param 'MAJOR=179'
D/NetlinkEvent(   86): NL param 'MINOR=4'
D/NetlinkEvent(   86): NL param 'DEVNAME=mmcblk0p4'
D/NetlinkEvent(   86): NL param 'DEVTYPE=partition'
D/NetlinkEvent(   86): NL param 'PARTN=4'
D/NetlinkEvent(   86): NL param 'PARTNAME=mac_addr_1'
E/NetlinkListener(   86): recvmsg mBuffer:
E/NetlinkListener(   86):  (add@/devices/platform/MTK_MSDC_0.0/mmc_host/mmc0/mmc0:0001/block/mmcblk0/mmcblk0p5)
W/Vold    (   86): subsys:block
D/NetlinkEvent(   86): NL param 'DEVPATH=/devices/platform/MTK_MSDC_0.0/mmc_host/mmc0/mmc0:0001/block/mmcblk0/mmcblk0p5'
D/NetlinkEvent(   86): NL param 'MAJOR=179'
D/NetlinkEvent(   86): NL param 'MINOR=5'
D/NetlinkEvent(   86): NL param 'DEVNAME=mmcblk0p5'
D/NetlinkEvent(   86): NL param 'DEVTYPE=partition'
D/NetlinkEvent(   86): NL param 'PARTN=5'
D/NetlinkEvent(   86): NL param 'PARTNAME=mac_addr_2'
E/NetlinkListener(   86): recvmsg mBuffer:
E/NetlinkListener(   86):  (add@/devices/platform/MTK_MSDC_0.0/mmc_host/mmc0/mmc0:0001/block/mmcblk0/mmcblk0p6)
W/Vold    (   86): subsys:block
D/NetlinkEvent(   86): NL param 'DEVPATH=/devices/platform/MTK_MSDC_0.0/mmc_host/mmc0/mmc0:0001/block/mmcblk0/mmcblk0p6'
D/NetlinkEvent(   86): NL param 'MAJOR=179'
D/NetlinkEvent(   86): NL param 'MINOR=6'
D/NetlinkEvent(   86): NL param 'DEVNAME=mmcblk0p6'
D/NetlinkEvent(   86): NL param 'DEVTYPE=partition'
D/NetlinkEvent(   86): NL param 'PARTN=6'
D/NetlinkEvent(   86): NL param 'PARTNAME=key_block_1'
E/NetlinkListener(   86): recvmsg mBuffer:
E/NetlinkListener(   86):  (add@/devices/platform/MTK_MSDC_0.0/mmc_host/mmc0/mmc0:0001/block/mmcblk0/mmcblk0p7)
W/Vold    (   86): subsys:block
D/NetlinkEvent(   86): NL param 'DEVPATH=/devices/platform/MTK_MSDC_0.0/mmc_host/mmc0/mmc0:0001/block/mmcblk0/mmcblk0p7'
D/NetlinkEvent(   86): NL param 'MAJOR=179'
D/NetlinkEvent(   86): NL param 'MINOR=7'
D/NetlinkEvent(   86): NL param 'DEVNAME=mmcblk0p7'
D/NetlinkEvent(   86): NL param 'DEVTYPE=partition'
D/NetlinkEvent(   86): NL param 'PARTN=7'
D/NetlinkEvent(   86): NL param 'PARTNAME=key_block_2'
E/NetlinkListener(   86): recvmsg mBuffer:
E/NetlinkListener(   86):  (add@/devices/platform/MTK_MSDC_0.0/mmc_host/mmc0/mmc0:0001/block/mmcblk0/mmcblk0p8)
W/Vold    (   86): subsys:block
D/NetlinkEvent(   86): NL param 'DEVPATH=/devices/platform/MTK_MSDC_0.0/mmc_host/mmc0/mmc0:0001/block/mmcblk0/mmcblk0p8'
D/NetlinkEvent(   86): NL param 'MAJOR=179'
D/NetlinkEvent(   86): NL param 'MINOR=8'
D/NetlinkEvent(   86): NL param 'DEVNAME=mmcblk0p8'
D/NetlinkEvent(   86): NL param 'DEVTYPE=partition'
D/NetlinkEvent(   86): NL param 'PARTN=8'
D/NetlinkEvent(   86): NL param 'PARTNAME=fe_bin_1'
E/NetlinkListener(   86): recvmsg mBuffer:
E/NetlinkListener(   86):  (add@/devices/platform/MTK_MSDC_0.0/mmc_host/mmc0/mmc0:0001/block/mmcblk0/mmcblk0p9)
W/Vold    (   86): subsys:block
D/NetlinkEvent(   86): NL param 'DEVPATH=/devices/platform/MTK_MSDC_0.0/mmc_host/mmc0/mmc0:0001/block/mmcblk0/mmcblk0p9'
D/NetlinkEvent(   86): NL param 'MAJOR=179'
D/NetlinkEvent(   86): NL param 'MINOR=9'
D/NetlinkEvent(   86): NL param 'DEVNAME=mmcblk0p9'
D/NetlinkEvent(   86): NL param 'DEVTYPE=partition'
D/NetlinkEvent(   86): NL param 'PARTN=9'
D/NetlinkEvent(   86): NL param 'PARTNAME=fe_bin_2'
E/NetlinkListener(   86): recvmsg mBuffer:
E/NetlinkListener(   86):  (add@/devices/platform/MTK_MSDC_0.0/mmc_host/mmc0/mmc0:0001/block/mmcblk0/mmcblk0p10)
W/Vold    (   86): subsys:block
D/NetlinkEvent(   86): NL param 'DEVPATH=/devices/platform/MTK_MSDC_0.0/mmc_host/mmc0/mmc0:0001/block/mmcblk0/mmcblk0p10'
D/NetlinkEvent(   86): NL param 'MAJOR=179'
D/NetlinkEvent(   86): NL param 'MINOR=10'
D/NetlinkEvent(   86): NL param 'DEVNAME=mmcblk0p10'
D/NetlinkEvent(   86): NL param 'DEVTYPE=partition'
D/NetlinkEvent(   86): NL param 'PARTN=10'
D/NetlinkEvent(   86): NL param 'PARTNAME=fe_test_data'
E/NetlinkListener(   86): recvmsg mBuffer:
E/NetlinkListener(   86):  (add@/devices/platform/MTK_MSDC_0.0/mmc_host/mmc0/mmc0:0001/block/mmcblk0/mmcblk0p11)
W/Vold    (   86): subsys:block
D/NetlinkEvent(   86): NL param 'DEVPATH=/devices/platform/MTK_MSDC_0.0/mmc_host/mmc0/mmc0:0001/block/mmcblk0/mmcblk0p11'
D/NetlinkEvent(   86): NL param 'MAJOR=179'
D/NetlinkEvent(   86): NL param 'MINOR=11'
D/NetlinkEvent(   86): NL param 'DEVNAME=mmcblk0p11'
D/NetlinkEvent(   86): NL param 'DEVTYPE=partition'
D/NetlinkEvent(   86): NL param 'PARTN=11'
D/NetlinkEvent(   86): NL param 'PARTNAME=fe_parameters'
E/NetlinkListener(   86): recvmsg mBuffer:
E/NetlinkListener(   86):  (add@/devices/platform/MTK_MSDC_0.0/mmc_host/mmc0/mmc0:0001/block/mmcblk0/mmcblk0p12)
W/Vold    (   86): subsys:block
D/NetlinkEvent(   86): NL param 'DEVPATH=/devices/platform/MTK_MSDC_0.0/mmc_host/mmc0/mmc0:0001/block/mmcblk0/mmcblk0p12'
D/NetlinkEvent(   86): NL param 'MAJOR=179'
D/NetlinkEvent(   86): NL param 'MINOR=12'
D/NetlinkEvent(   86): NL param 'DEVNAME=mmcblk0p12'
D/NetlinkEvent(   86): NL param 'DEVTYPE=partition'
D/NetlinkEvent(   86): NL param 'PARTN=12'
D/NetlinkEvent(   86): NL param 'PARTNAME=fe_power_curve'
E/NetlinkListener(   86): recvmsg mBuffer:
E/NetlinkListener(   86):  (add@/devices/platform/MTK_MSDC_0.0/mmc_host/mmc0/mmc0:0001/block/mmcblk0/mmcblk0p13)
W/Vold    (   86): subsys:block
D/NetlinkEvent(   86): NL param 'DEVPATH=/devices/platform/MTK_MSDC_0.0/mmc_host/mmc0/mmc0:0001/block/mmcblk0/mmcblk0p13'
D/NetlinkEvent(   86): NL param 'MAJOR=179'
D/NetlinkEvent(   86): NL param 'MINOR=13'
D/NetlinkEvent(   86): NL param 'DEVNAME=mmcblk0p13'
D/NetlinkEvent(   86): NL param 'DEVTYPE=partition'
D/NetlinkEvent(   86): NL param 'PARTN=13'
D/NetlinkEvent(   86): NL param 'PARTNAME=kernel_1'
E/NetlinkListener(   86): recvmsg mBuffer:
E/NetlinkListener(   86):  (add@/devices/platform/MTK_MSDC_0.0/mmc_host/mmc0/mmc0:0001/block/mmcblk0/mmcblk0p14)
W/Vold    (   86): subsys:block
D/NetlinkEvent(   86): NL param 'DEVPATH=/devices/platform/MTK_MSDC_0.0/mmc_host/mmc0/mmc0:0001/block/mmcblk0/mmcblk0p14'
D/NetlinkEvent(   86): NL param 'MAJOR=179'
D/NetlinkEvent(   86): NL param 'MINOR=14'
D/NetlinkEvent(   86): NL param 'DEVNAME=mmcblk0p14'
D/NetlinkEvent(   86): NL param 'DEVTYPE=partition'
D/NetlinkEvent(   86): NL param 'PARTN=14'
D/NetlinkEvent(   86): NL param 'PARTNAME=upg_status'
E/NetlinkListener(   86): recvmsg mBuffer:
E/NetlinkListener(   86):  (add@/devices/platform/MTK_MSDC_0.0/mmc_host/mmc0/mmc0:0001/block/mmcblk0/mmcblk0p15)
W/Vold    (   86): subsys:block
D/NetlinkEvent(   86): NL param 'DEVPATH=/devices/platform/MTK_MSDC_0.0/mmc_host/mmc0/mmc0:0001/block/mmcblk0/mmcblk0p15'
D/NetlinkEvent(   86): NL param 'MAJOR=179'
D/NetlinkEvent(   86): NL param 'MINOR=15'
D/NetlinkEvent(   86): NL param 'DEVNAME=mmcblk0p15'
D/NetlinkEvent(   86): NL param 'DEVTYPE=partition'
D/NetlinkEvent(   86): NL param 'PARTN=15'
D/NetlinkEvent(   86): NL param 'PARTNAME=fast_init_logo'
E/NetlinkListener(   86): recvmsg mBuffer:
E/NetlinkListener(   86):  (add@/devices/platform/MTK_MSDC_0.0/mmc_host/mmc0/mmc0:0001/block/mmcblk0/mmcblk0p16)
W/Vold    (   86): subsys:block
D/NetlinkEvent(   86): NL param 'DEVPATH=/devices/platform/MTK_MSDC_0.0/mmc_host/mmc0/mmc0:0001/block/mmcblk0/mmcblk0p16'
D/NetlinkEvent(   86): NL param 'MAJOR=179'
D/NetlinkEvent(   86): NL param 'MINOR=16'
D/NetlinkEvent(   86): NL param 'DEVNAME=mmcblk0p16'
D/NetlinkEvent(   86): NL param 'DEVTYPE=partition'
D/NetlinkEvent(   86): NL param 'PARTN=16'
D/NetlinkEvent(   86): NL param 'PARTNAME=fast_init_param'
E/NetlinkListener(   86): recvmsg mBuffer:
E/NetlinkListener(   86):  (add@/devices/platform/MTK_MSDC_0.0/mmc_host/mmc0/mmc0:0001/block/mmcblk0/mmcblk0p17)
W/Vold    (   86): subsys:block
D/NetlinkEvent(   86): NL param 'DEVPATH=/devices/platform/MTK_MSDC_0.0/mmc_host/mmc0/mmc0:0001/block/mmcblk0/mmcblk0p17'
D/NetlinkEvent(   86): NL param 'MAJOR=179'
D/NetlinkEvent(   86): NL param 'MINOR=17'
D/NetlinkEvent(   86): NL param 'DEVNAME=mmcblk0p17'
D/NetlinkEvent(   86): NL param 'DEVTYPE=partition'
D/NetlinkEvent(   86): NL param 'PARTN=17'
D/NetlinkEvent(   86): NL param 'PARTNAME=log_raw'
E/NetlinkListener(   86): recvmsg mBuffer:
E/NetlinkListener(   86):  (add@/devices/platform/MTK_MSDC_0.0/mmc_host/mmc0/mmc0:0001/block/mmcblk0/mmcblk0p18)
W/Vold    (   86): subsys:block
D/NetlinkEvent(   86): NL param 'DEVPATH=/devices/platform/MTK_MSDC_0.0/mmc_host/mmc0/mmc0:0001/block/mmcblk0/mmcblk0p18'
D/NetlinkEvent(   86): NL param 'MAJOR=179'
D/NetlinkEvent(   86): NL param 'MINOR=18'
D/NetlinkEvent(   86): NL param 'DEVNAME=mmcblk0p18'
D/NetlinkEvent(   86): NL param 'DEVTYPE=partition'
D/NetlinkEvent(   86): NL param 'PARTN=18'
D/NetlinkEvent(   86): NL param 'PARTNAME=set_raw'
E/NetlinkListener(   86): recvmsg mBuffer:
E/NetlinkListener(   86):  (add@/devices/platform/MTK_MSDC_0.0/mmc_host/mmc0/mmc0:0001/block/mmcblk0/mmcblk0p19)
W/Vold    (   86): subsys:block
D/NetlinkEvent(   86): NL param 'DEVPATH=/devices/platform/MTK_MSDC_0.0/mmc_host/mmc0/mmc0:0001/block/mmcblk0/mmcblk0p19'
D/NetlinkEvent(   86): NL param 'MAJOR=179'
D/NetlinkEvent(   86): NL param 'MINOR=19'
D/NetlinkEvent(   86): NL param 'DEVNAME=mmcblk0p19'
D/NetlinkEvent(   86): NL param 'DEVTYPE=partition'
D/NetlinkEvent(   86): NL param 'PARTN=19'
D/NetlinkEvent(   86): NL param 'PARTNAME=misc'
E/NetlinkListener(   86): recvmsg mBuffer:
E/NetlinkListener(   86):  (add@/devices/platform/MTK_MSDC_0.0/mmc_host/mmc0/mmc0:0001/block/mmcblk0/mmcblk0p20)
W/Vold    (   86): subsys:block
D/NetlinkEvent(   86): NL param 'DEVPATH=/devices/platform/MTK_MSDC_0.0/mmc_host/mmc0/mmc0:0001/block/mmcblk0/mmcblk0p20'
D/NetlinkEvent(   86): NL param 'MAJOR=179'
D/NetlinkEvent(   86): NL param 'MINOR=20'
D/NetlinkEvent(   86): NL param 'DEVNAME=mmcblk0p20'
D/NetlinkEvent(   86): NL param 'DEVTYPE=partition'
D/NetlinkEvent(   86): NL param 'PARTN=20'
D/NetlinkEvent(   86): NL param 'PARTNAME=recovery'
E/NetlinkListener(   86): recvmsg mBuffer:
E/NetlinkListener(   86):  (add@/devices/platform/MTK_MSDC_0.0/mmc_host/mmc0/mmc0:0001/block/mmcblk0/mmcblk0p21)
W/Vold    (   86): subsys:block
D/NetlinkEvent(   86): NL param 'DEVPATH=/devices/platform/MTK_MSDC_0.0/mmc_host/mmc0/mmc0:0001/block/mmcblk0/mmcblk0p21'
D/NetlinkEvent(   86): NL param 'MAJOR=179'
D/NetlinkEvent(   86): NL param 'MINOR=21'
D/NetlinkEvent(   86): NL param 'DEVNAME=mmcblk0p21'
D/NetlinkEvent(   86): NL param 'DEVTYPE=partition'
D/NetlinkEvent(   86): NL param 'PARTN=21'
D/NetlinkEvent(   86): NL param 'PARTNAME=cache'
E/NetlinkListener(   86): recvmsg mBuffer:
E/NetlinkListener(   86):  (add@/devices/platform/MTK_MSDC_0.0/mmc_host/mmc0/mmc0:0001/block/mmcblk0/mmcblk0p22)
W/Vold    (   86): subsys:block
D/NetlinkEvent(   86): NL param 'DEVPATH=/devices/platform/MTK_MSDC_0.0/mmc_host/mmc0/mmc0:0001/block/mmcblk0/mmcblk0p22'
D/NetlinkEvent(   86): NL param 'MAJOR=179'
D/NetlinkEvent(   86): NL param 'MINOR=22'
D/NetlinkEvent(   86): NL param 'DEVNAME=mmcblk0p22'
D/NetlinkEvent(   86): NL param 'DEVTYPE=partition'
D/NetlinkEvent(   86): NL param 'PARTN=22'
D/NetlinkEvent(   86): NL param 'PARTNAME=ubi0'
E/NetlinkListener(   86): recvmsg mBuffer:
E/NetlinkListener(   86):  (add@/devices/platform/MTK_MSDC_0.0/mmc_host/mmc0/mmc0:0001/block/mmcblk0/mmcblk0p23)
W/Vold    (   86): subsys:block
D/NetlinkEvent(   86): NL param 'DEVPATH=/devices/platform/MTK_MSDC_0.0/mmc_host/mmc0/mmc0:0001/block/mmcblk0/mmcblk0p23'
D/NetlinkEvent(   86): NL param 'MAJOR=179'
D/NetlinkEvent(   86): NL param 'MINOR=23'
D/NetlinkEvent(   86): NL param 'DEVNAME=mmcblk0p23'
D/NetlinkEvent(   86): NL param 'DEVTYPE=partition'
D/NetlinkEvent(   86): NL param 'PARTN=23'
D/NetlinkEvent(   86): NL param 'PARTNAME=ubi1'
E/NetlinkListener(   86): recvmsg mBuffer:
E/NetlinkListener(   86):  (add@/devices/virtual/block/zram0)
W/Vold    (   86): subsys:block
D/NetlinkEvent(   86): NL param 'DEVPATH=/devices/virtual/block/zram0'
D/NetlinkEvent(   86): NL param 'MAJOR=253'
D/NetlinkEvent(   86): NL param 'MINOR=0'
D/NetlinkEvent(   86): NL param 'DEVNAME=zram0'
D/NetlinkEvent(   86): NL param 'DEVTYPE=disk'
D/NetlinkEvent(   86): NL param 'NPARTS=0'
W/SystemServer(  169): System clock is before 1970; setting to 1970.
I/SystemServer(  169): Entered the Android system server!
I/SystemServer(  169): Power Manager
I/SystemServer(  169): Activity Manager
I/ActivityManager(  169): Memory class: 48
I/SystemServer(  169): Telephony Registry
I/ActivityManager(  169): Enabled StrictMode logging for AThread's Looper
I/SystemServer(  169): Package Manager
W/PackageManager(  169): Running ENG build: no pre-dexopt!
W/PackageManager(  169): Library not found: /system/framework/com.android.future.usb.accessory.jar
I/Installer(  169): connecting...
I/PackageManager(  169): Time to scan packages: 8.076 seconds
W/PackageManager(  169): Unknown permission android.permission.READ_EXTERNAL_STORAGE in package com.douguo.hisensetv
W/PackageManager(  169): Not granting permission android.permission.WRITE_APN_SETTINGS to package com.baidu.BaiduMap.tv (protectionLevel=3 flags=0x8b844)
W/PackageManager(  169): Unknown permission android.permission.ACCESS_GPS in package com.baidu.BaiduMap.tv
W/PackageManager(  169): Unknown permission android.permission.RAISED_THREAD_PRIORITY in package tv.icntv.ott
I/SystemServer(  169): Account Manager
I/SystemServer(  169): Content Manager
I/SystemServer(  169): System Content Providers
I/SystemServer(  169): Lights Service
I/SystemServer(  169): Battery Service
I/SystemServer(  169): Vibrator Service
I/SystemServer(  169): Alarm Manager
I/SystemServer(  169): Init Watchdog
I/SystemServer(  169): Window Manager
I/InputManager(  169): Initializing input manager
W/StatusBarManager(  169): warning: no STATUS_BAR_SERVICE
I/InputManager(  169): Starting input manager
I/WindowManager(  169): Enabled StrictMode for PolicyThread's Looper
I/WindowManager(  169): Enabled StrictMode logging for WMThread's Looper
I/SystemServer(  169): Input Method Service
W/InputManagerService(  169): Couldn't create dir.: /data/system/inputmethod
I/SystemServer(  169): Accessibility Manager
I/ActivityManager(  169): Config changed: {1.0 0mcc0mnc zh_CN layoutdir=0 sw720dp w1280dp h672dp lrg long land ?uimode ?night finger -keyb/v/h dpad/v s.2}
I/SystemServer(  169): Device Policy
I/SystemServer(  169): Status Bar
I/SystemServer(  169): Clipboard Service
I/SystemServer(  169): NetworkManagement Service
I/SystemServer(  169): Text Service Manager Service
I/SystemServer(  169): NetworkStats Service
I/SystemServer(  169): NetworkPolicy Service
I/SystemServer(  169): Wi-Fi P2pService
D/WifiP2pService(  169): P2pDisabledState
I/SystemServer(  169): Wi-Fi Service
D/WifiP2pService(  169): P2pDisabledState{ what=69633 when=0 }
D/WifiP2pService(  169): DefaultState{ what=69633 when=0 }
D/WifiP2pService(  169): P2pDisabledState{ what=69632 when=0 obj=com.android.internal.util.AsyncChannel@41039b78 }
D/WifiP2pService(  169): DefaultState{ what=69632 when=0 obj=com.android.internal.util.AsyncChannel@41039b78 }
D/WifiP2pService(  169): Full connection with WifiStateMachine established
I/SystemServer(  169): Connectivity Service
D/ConnectivityService(  169): ConnectivityService starting up
D/ConnectivityService(  169): Starting Ethernet Service.
V/EthernetStateTracker(  169): EthernetStateTracker Starts...
V/EthernetService(  169): EthernetService constructor
I/EthernetService(  169): liuhong  you create a BroadcastReceiver here
D/EthernetService(  169): ethernet no delay
V/EthernetService(  169): device 0 name eth0
V/EthernetService(  169): setState, mEthState=0, state=2
E/EthernetService(  169): getSavedConfig
E/EthernetService(  169): ifName: eth0 ipaddr:0.0.0.0 netmask:255.255.255.255 getway:0.0.0.0 dns:0.0.0.0
I/EthernetService(  169): initInterface eth0
E/NetlinkListener(   87): recvmsg mBuffer:
E/NetlinkListener(   87):  (?
W/EthernetService(  169): reset Connection . 
W/EthernetService(  169): remove Message EVENT_DHCP_START
I/EthernetService(  169): switch mode to: dhcp for interface: eth0
D/EthernetService(  169): I/F is not up yet, not to do dhcp
E/NetlinkListener(   87): recvmsg mBuffer:
E/NetlinkListener(   87):  (?
V/EthernetStateTracker(  169): start to monitor the ethernet devices
I/EthernetManager(  169): Init Ethernet Manager, service: com.android.server.EthernetService@4104a858
D/ConnectivityService(  169): Starting PPPOE Service.
I/EthernetService(  169): report new state DISCONNECTED on dev eth0
V/EthernetService(  169): update network state tracker
I/EthernetService(  169): report new state DISCONNECTED on dev eth0
V/EthernetService(  169): update network state tracker
D/NetworkManagementService(  169): rsp <213 00:0c:e7:06:00:00 0.0.0.0 0 [up broadcast multicast]>
D/NetworkManagementService(  169): flags <[up broadcast multicast]>
D/NetworkManagementService(  169): Registering observer
V/EthernetService(  169): setState, mEthState=2, state=2
E/EthernetService(  169): getSavedConfig
E/EthernetService(  169): ifName: eth0 ipaddr:0.0.0.0 netmask:255.255.255.255 getway:0.0.0.0 dns:0.0.0.0
I/EthernetService(  169): reset device eth0
I/EthernetService(  169): switch mode to: dhcp for interface: eth0
D/EthernetService(  169): I/F is not up yet, not to do dhcp
E/MobileDataStateTracker(  169): default: Ignoring feature request because could not acquire PhoneService
E/MobileDataStateTracker(  169): default: Could not enable APN type "default"
D/NetworkManagementService(  169): Registering observer
D/NetworkManagementService(  169): Registering observer
I/WifiService(  169): WifiService starting up with Wi-Fi disabled
I/SystemServer(  169): Mount Service
D/MountService(  169): got storage path: /mnt/sdcard description: ÄÚ²¿´æ´¢¿Õ¼ä primary: true removable: true emulated: false mtpReserve: 100 allowMassStorage: false maxFileSize: 0
D/MountService(  169): got storage path: /mnt/vold/usbdisk1 description: USB ´æ´¢Æ÷ primary: false removable: true emulated: false mtpReserve: 0 allowMassStorage: false maxFileSize: 0
D/MountService(  169): got storage path: /mnt/vold/usbdisk2 description: USB ´æ´¢Æ÷ primary: false removable: true emulated: false mtpReserve: 0 allowMassStorage: false maxFileSize: 0
D/MountService(  169): got storage path: /mnt/vold/usbdisk3 description: USB ´æ´¢Æ÷ primary: false removable: true emulated: false mtpReserve: 0 allowMassStorage: false maxFileSize: 0
D/MountService(  169): got storage path: /mnt/vold/satahdd description: USB ´æ´¢Æ÷ primary: false removable: true emulated: false mtpReserve: 0 allowMassStorage: false maxFileSize: 0
I/SystemServer(  169): Notification Manager
D/VoldCmdListener(   86): volume list
W/Vold    (   86): get partition mount point:minor:0,mVolumeMinor:0-->/mnt/vold/usbdisk1
W/Vold    (   86):  
W/Vold    (   86): get partition mount point:minor:0,mVolumeMinor:0-->/mnt/vold/usbdisk2
W/Vold    (   86):  
W/Vold    (   86): get partition mount point:minor:0,mVolumeMinor:0-->/mnt/vold/usbdisk3
W/Vold    (   86):  
W/Vold    (   86): get partition mount point:minor:0,mVolumeMinor:0-->/mnt/sdcard
W/Vold    (   86):  
W/Vold    (   86): get partition mount point:minor:0,mVolumeMinor:0-->/mnt/vold/satahdd
W/Vold    (   86):  
I/SystemServer(  169): Device Storage Monitor
I/MountService(  169): Updating valid state removed
D/MountService(  169): volume state changed for /mnt/vold/usbdisk1 (null -> removed)
I/MountService(  169): Updating valid state removed
D/MountService(  169): volume state changed for /mnt/vold/usbdisk2 (null -> removed)
I/MountService(  169): Updating valid state removed
D/MountService(  169): volume state changed for /mnt/vold/usbdisk3 (null -> removed)
I/MountService(  169): Updating valid state removed
D/MountService(  169): volume state changed for /mnt/sdcard (null -> removed)
I/MountService(  169): Updating valid state removed
D/MountService(  169): volume state changed for /mnt/vold/satahdd (null -> removed)
I/SystemServer(  169): Location Manager
I/SystemServer(  169): Country Detector
I/SystemServer(  169): Search Service
I/SystemServer(  169): DropBox Service
I/SystemServer(  169): Wallpaper Service
I/SystemServer(  169): Audio Service
I/SystemServer(  169): USB Service
I/SystemServer(  169): UI Mode Manager Service
I/SystemServer(  169): mtk config Service
I/SystemServer(  169): wfd Service
I/SystemServer(  169): Backup Service
V/BackupManagerService(  169): Initializing package tracking
V/BackupManagerService(  169): No ancestral data
V/BackupManagerService(  169): addPackageParticipantsLocked: all
I/BackupManagerService(  169): New app android never backed up; scheduling
I/BackupManagerService(  169): New app com.android.inputmethod.latin never backed up; scheduling
I/BackupManagerService(  169): New app com.android.providers.settings never backed up; scheduling
V/BackupManagerService(  169): Registering transport android/com.android.internal.backup.LocalTransport = com.android.internal.backup.LocalTransport@4112a2f0
V/BackupManagerService(  169): Starting with transport android/com.android.internal.backup.LocalTransport
V/BackupManagerService(  169): Google transport not present
I/BackupManagerService(  169): Found stale backup journal, scheduling
I/BackupManagerService(  169):   android
I/BackupManagerService(  169):   com.android.inputmethod.latin
I/BackupManagerService(  169):   com.android.providers.settings
I/BackupManagerService(  169): Backup enabled => false
I/BackupManagerService(  169): Opting out of backup
I/SystemServer(  169): AppWidget Service
I/SystemServer(  169): Recognition Service
I/SystemServer(  169): DiskStats Service
I/SystemServer(  169): SamplingProfiler Service
I/SystemServer(  169): NetworkTimeUpdateService
D/PowerManagerService(  169): system ready!
I/ActivityManager(  169): System now ready
I/SystemServer(  169): Making services ready
D/SystemServer(  169): Starting service: Intent { cmp=com.android.systemui/.SystemUIService }
I/ActivityManager(  169): Start proc com.android.systemui for service com.android.systemui/.SystemUIService: pid=246 uid=1000 gids={3002, 3001, 3003, 1007, 1015, 1023, 2001}
D/NetworkManagementService(  169): enabling bandwidth control
D/SystemUIService(  246): loading: class com.android.systemui.statusbar.tablet.TabletStatusBar
D/SystemUIService(  246): running: com.android.systemui.statusbar.tablet.TabletStatusBar@40f685f8
I/StatusBar.HeightReceiver(  246): Resizing status bar plugged=false height=48 old=0
D/NetworkManagementService(  169): Registering observer
D/NetworkManagementService(  169): Registering observer
I/ActivityManager(  169): Config changed: {1.0 0mcc0mnc zh_CN layoutdir=0 sw720dp w1280dp h672dp lrg long land finger -keyb/v/h dpad/v s.3}
W/RecognitionManagerService(  169): no available voice recognition services found
W/InputManagerService(  169): Ignoring setImeWindowStatus of uid 1000 token: null
I/ActivityManager(  169): Start proc com.android.inputmethod.latin for service com.android.inputmethod.latin/.LatinIME: pid=297 uid=10000 gids={}
I/ActivityManager(  169): START {act=android.intent.action.MAIN cat=[android.intent.category.SETUPWIZARD] flg=0x10000000 cmp=com.ysten.setupwizard/.SetupWizard} from pid 0
I/ActivityManager(  169): Start proc com.ysten.setupwizard for activity com.ysten.setupwizard/.SetupWizard: pid=314 uid=1000 gids={3002, 3001, 3003, 1007, 1015, 1023, 2001}
I/SystemServer(  169): Enabled StrictMode for system server main thread.
I/EthernetService(  169): received disconnected events, stack=false HW=false
I/EthernetService(  169): dhcp hardware unconnected, you send boradcast to handle it.
I/EthernetService(  169):  broadcastConnectionEvent : 4
I/EthernetService(  169): received disconnected events, stack=false HW=false
I/EthernetService(  169): dhcp hardware unconnected, you send boradcast to handle it.
I/EthernetService(  169):  broadcastConnectionEvent : 4
E/ActivityThread(  297): Failed to find provider info for com.android.inputmethod.latin.dictionarypack
E/ActivityThread(  297): Failed to find provider info for user_dictionary
E/ActivityThread(  297): Failed to find provider info for user_dictionary
E/ActivityThread(  297): Failed to find provider info for com.android.contacts
I/StatusBarManagerService(  169): registerStatusBar bar=com.android.internal.statusbar.IStatusBar$Stub$Proxy@4118e660
D/SystemUIService(  246): loading: class com.android.systemui.power.PowerUI
D/SystemUIService(  246): running: com.android.systemui.power.PowerUI@4106b3b8
I/StatusBar.HeightReceiver(  246): Resizing status bar plugged=false height=48 old=48
I/StatusBar.HeightReceiver(  246): Resizing status bar plugged=false height=48 old=48
D/WifiService(  169): New client listening to asynchronous messages
D/StatusBar.NetworkController(  246): receive the EthernetManager.ETHERNET_STATE_CHANGED_ACTION broadcast
I/EthernetManager(  246): Init Ethernet Manager, service: android.net.ethernet.IEthernetManager$Stub$Proxy@40fcefc0
D/StatusBar.NetworkController(  246): updateEthernetState:intent=Intent { act=android.net.ethernet.ETHERNET_STATE_CHANGED flg=0x10000000 (has extras) }
D/StatusBar.NetworkController(  246): updateEthernetState:get ethernet state, value= EthernetManager.XXX 4
D/StatusBar.NetworkController(  246): ------------------EthernetManager is on ----------
D/StatusBar.NetworkController(  246): ------------------getLinkStatus ----------
D/StatusBar.NetworkController(  246): ------------------mEthernetConnected is  ----------false
D/StatusBar.NetworkController(  246): ------------------EthernetManager is on :status_bar_settings_ethernet_connected 77777777777----------
D/StatusBar.NetworkController(  246): ------------------EthernetManager is on 14-14-14-14-14----------
D/StatusBar.NetworkController(  246): ------------------EthernetManager is on 15-15-15-15-15----------
D/StatusBar.NetworkController(  246): ------------------EthernetManager is on :status_bar_settings_ethernet_connected 333333333----------
V/EthernetService(  169): report interface is up for eth0
E/NetlinkListener(   87): recvmsg mBuffer:
E/NetlinkListener(   87):  (?
I/EthernetService(  169): interface up event, kick off connection request
E/EthernetService(  169): getSavedConfig
E/EthernetService(  169): ifName: eth0 ipaddr:0.0.0.0 netmask:255.255.255.255 getway:0.0.0.0 dns:0.0.0.0
I/EthernetService(  169): switch mode to: dhcp for interface: eth0
D/EthernetService(  169): DhcpHandler: DHCP request started
I/EthernetService(  169): report new state CONNECTED on dev eth0
V/EthernetService(  169): update network state tracker
I/EthernetService(  169): received HW connected, stack=false HW=false
D/EthernetService(  169): DhcpHandler:hank DHCP request succeeded: addr: 192.168.2.38/24 mRoutes: 0.0.0.0/0 -> 192.168.2.1 |  dns: 192.168.2.1,192.168.99.5 dhcpServer: 192.168.2.1 leaseDuration: 1800
I/EthernetService(  169): received configured succeeded, stack=false HW=true
I/EthernetService(  169):  broadcastConnectionInfo: true
I/EthernetService(  169):  broadcastConnectionEvent : 1
V/EthernetStateTracker(  169): receive NETWORK_STATE_CHANGED_ACTION
D/ConnectivityService(  169): ConnectivityChange for ETH: CONNECTED/CONNECTED
D/PowerManagerService(  169): bootCompleted
V/DevicePolicyManagerService(  169): Sending password expiration notifications for action android.intent.action.BOOT_COMPLETED
I/ActivityManager(  169): Start proc android.process.media for broadcast com.android.providers.downloads/.DownloadReceiver: pid=373 uid=10004 gids={1015, 1023, 1024, 2001, 3003, 3007}
V/TabletStatusBar(  246): setLightsOn(true)
D/StatusBar.NetworkController(  246): receive the EthernetManager.ETHERNET_STATE_CHANGED_ACTION broadcast
D/StatusBar.NetworkController(  246): updateEthernetState:intent=Intent { act=android.net.ethernet.ETHERNET_STATE_CHANGED flg=0x10000000 (has extras) }
D/StatusBar.NetworkController(  246): updateEthernetState:get ethernet state, value= EthernetManager.EVENT_INTERFACE_CONFIGURATION_SUCCEEDED 1
D/StatusBar.NetworkController(  246): ------------------EthernetManager is on ----------
D/StatusBar.NetworkController(  246): ------------------getLinkStatus ----------
D/StatusBar.NetworkController(  246): ------------------mEthernetConnected is  ----------true
D/StatusBar.NetworkController(  246): ------------------EthernetManager is on :status_bar_settings_ethernet_connected 4444444444----------
D/StatusBar.NetworkController(  246): ------------------EthernetManager is on 14-14-14-14-14----------
D/StatusBar.NetworkController(  246): ------------------EthernetManager is on 15-15-15-15-15----------
D/StatusBar.NetworkController(  246): ------------------EthernetManager is on :status_bar_settings_ethernet_connected 333333333----------
I/ActivityManager(  169): Start proc com.coship.usbupgrade for broadcast com.coship.usbupgrade/.upgradeReceive: pid=426 uid=10005 gids={1015, 1023, 2001}
W/ActivityThread(  314): ClassLoader.loadClass: The class loader returned by Thread.getContextClassLoader() may fail for processes that host multiple applications. You should explicitly specify a context class loader. For example: Thread.setContextClassLoader(getClass().getClassLoader());
I/ActivityManager(  169): Start proc com.android.checkHDMI for broadcast com.android.checkHDMI/.HDMIcheckOnBoot: pid=439 uid=10006 gids={}
W/PackageManager(  169): StaleDexCacheError when reading apk: /system/app/apk/testHDMIcheck.apk
W/PackageManager(  169): dalvik.system.StaleDexCacheError: /system/app/apk/testHDMIcheck.apk
W/PackageManager(  169):        at dalvik.system.DexFile.isDexOptNeeded(Native Method)
W/PackageManager(  169):        at com.android.server.pm.PackageManagerService.performDexOptLI(PackageManagerService.java:3311)
W/PackageManager(  169):        at com.android.server.pm.PackageManagerService.performDexOpt(PackageManagerService.java:3296)
W/PackageManager(  169):        at com.android.server.am.ActivityManagerService.ensurePackageDexOpt(ActivityManagerService.java:1814)
W/PackageManager(  169):        at com.android.server.am.ActivityManagerService.attachApplicationLocked(ActivityManagerService.java:3907)
W/PackageManager(  169):        at com.android.server.am.ActivityManagerService.attachApplication(ActivityManagerService.java:4044)
W/PackageManager(  169):        at android.app.ActivityManagerNative.onTransact(ActivityManagerNative.java:347)
W/PackageManager(  169):        at com.android.server.am.ActivityManagerService.onTransact(ActivityManagerService.java:1559)
W/PackageManager(  169):        at android.os.Binder.execTransact(Binder.java:338)
W/PackageManager(  169):        at dalvik.system.NativeStart.run(Native Method)
W/PackageManager(  169): StaleDexCacheError when reading apk: /system/app/apk/testHDMIcheck.apk
W/PackageManager(  169): dalvik.system.StaleDexCacheError: /system/app/apk/testHDMIcheck.apk
W/PackageManager(  169):        at dalvik.system.DexFile.isDexOptNeeded(Native Method)
W/PackageManager(  169):        at com.android.server.pm.PackageManagerService.performDexOptLI(PackageManagerService.java:3311)
W/PackageManager(  169):        at com.android.server.pm.PackageManagerService.performDexOpt(PackageManagerService.java:3296)
W/PackageManager(  169):        at com.android.server.am.ActivityManagerService.ensurePackageDexOpt(ActivityManagerService.java:1814)
W/PackageManager(  169):        at com.android.server.am.ActivityManagerService.processCurBroadcastLocked(ActivityManagerService.java:12842)
W/PackageManager(  169):        at com.android.server.am.ActivityManagerService.attachApplicationLocked(ActivityManagerService.java:3997)
W/PackageManager(  169):        at com.android.server.am.ActivityManagerService.attachApplication(ActivityManagerService.java:4044)
W/PackageManager(  169):        at android.app.ActivityManagerNative.onTransact(ActivityManagerNative.java:347)
W/PackageManager(  169):        at com.android.server.am.ActivityManagerService.onTransact(ActivityManagerService.java:1559)
W/PackageManager(  169):        at android.os.Binder.execTransact(Binder.java:338)
W/PackageManager(  169):        at dalvik.system.NativeStart.run(Native Method)
E/AndroidRuntime(  439): FATAL EXCEPTION: main
E/AndroidRuntime(  439): java.lang.RuntimeException: Unable to instantiate receiver com.android.checkHDMI.HDMIcheckOnBoot: java.lang.ClassNotFoundException: com.android.checkHDMI.HDMIcheckOnBoot
E/AndroidRuntime(  439):        at android.app.ActivityThread.handleReceiver(ActivityThread.java:2100)
E/AndroidRuntime(  439):        at android.app.ActivityThread.access$1500(ActivityThread.java:123)
E/AndroidRuntime(  439):        at android.app.ActivityThread$H.handleMessage(ActivityThread.java:1197)
E/AndroidRuntime(  439):        at android.os.Handler.dispatchMessage(Handler.java:99)
E/AndroidRuntime(  439):        at android.os.Looper.loop(Looper.java:137)
E/AndroidRuntime(  439):        at android.app.ActivityThread.main(ActivityThread.java:4424)
E/AndroidRuntime(  439):        at java.lang.reflect.Method.invokeNative(Native Method)
E/AndroidRuntime(  439):        at java.lang.reflect.Method.invoke(Method.java:511)
E/AndroidRuntime(  439):        at com.android.internal.os.ZygoteInit$MethodAndArgsCaller.run(ZygoteInit.java:788)
E/AndroidRuntime(  439):        at com.android.internal.os.ZygoteInit.main(ZygoteInit.java:555)
E/AndroidRuntime(  439):        at dalvik.system.NativeStart.main(Native Method)
E/AndroidRuntime(  439): Caused by: java.lang.ClassNotFoundException: com.android.checkHDMI.HDMIcheckOnBoot
E/AndroidRuntime(  439):        at dalvik.system.BaseDexClassLoader.findClass(BaseDexClassLoader.java:61)
E/AndroidRuntime(  439):        at java.lang.ClassLoader.loadClass(ClassLoader.java:501)
E/AndroidRuntime(  439):        at java.lang.ClassLoader.loadClass(ClassLoader.java:461)
E/AndroidRuntime(  439):        at android.app.ActivityThread.handleReceiver(ActivityThread.java:2095)
E/AndroidRuntime(  439):        ... 10 more
I/ActivityManager(  169): Start proc com.android.warningmsg for broadcast com.android.warningmsg/.BootCompleted: pid=452 uid=10003 gids={}
D/StatusBar.NetworkController(  246): ------------------EthernetManager is on ----------
D/StatusBar.NetworkController(  246): ------------------getLinkStatus ----------
D/StatusBar.NetworkController(  246): ------------------mEthernetConnected is  ----------true
D/StatusBar.NetworkController(  246): ------------------EthernetManager is on :status_bar_settings_ethernet_connected 4444444444----------
D/StatusBar.NetworkController(  246): ------------------EthernetManager is on 14-14-14-14-14----------
D/StatusBar.NetworkController(  246): ------------------EthernetManager is on 15-15-15-15-15----------
D/StatusBar.NetworkController(  246): ------------------EthernetManager is on :status_bar_settings_ethernet_connected 333333333----------
I/ActivityManager(  169): Start proc com.baidu.BaiduMap.tv for broadcast com.baidu.BaiduMap.tv/.ConnectionChangeReceiver: pid=487 uid=10014 gids={3003, 1015, 1023, 1006}
E/NetlinkListener(   87): recvmsg mBuffer:
E/NetlinkListener(   87):  (add@/module/bdpdrv)
E/NetlinkListener(   86): recvmsg mBuffer:
E/NetlinkListener(   86):  (add@/module/bdpdrv)
W/Vold    (   86): subsys:module
D/NetlinkEvent(   86): NL param 'DEVPATH=/module/bdpdrv'
E/NetlinkListener(   87): recvmsg mBuffer:
E/NetlinkListener(   87):  (add@/module/alsa_mt85xx)
E/NetlinkListener(   87): recvmsg mBuffer:
E/NetlinkListener(   87):  (add@/bus/platform/drivers/snd_mt85xx)
E/NetlinkListener(   87): recvmsg mBuffer:
E/NetlinkListener(   87):  (add@/devices/platform/snd_mt85xx.0)
E/NetlinkListener(   86): recvmsg mBuffer:
E/NetlinkListener(   86):  (add@/module/alsa_mt85xx)
W/Vold    (   86): subsys:module
D/NetlinkEvent(   86): NL param 'DEVPATH=/module/alsa_mt85xx'
E/NetlinkListener(   86): recvmsg mBuffer:
E/NetlinkListener(   86):  (add@/bus/platform/drivers/snd_mt85xx)
W/Vold    (   86): subsys:drivers
D/NetlinkEvent(   86): NL param 'DEVPATH=/bus/platform/drivers/snd_mt85xx'
E/NetlinkListener(   86): recvmsg mBuffer:
E/NetlinkListener(   86):  (add@/devices/platform/snd_mt85xx.0)
W/Vold    (   86): subsys:platform
D/NetlinkEvent(   86): NL param 'DEVPATH=/devices/platform/snd_mt85xx.0'
D/NetlinkEvent(   86): NL param 'MODALIAS=platform:snd_mt85xx'
E/NetlinkListener(   87): recvmsg mBuffer:
E/NetlinkListener(   87):  (add@/devices/platform/snd_mt85xx.0/sound/card0)
E/NetlinkListener(   87): recvmsg mBuffer:
E/NetlinkListener(   87):  (add@/devices/platform/snd_mt85xx.0/sound/card0/pcmC0D0p)
E/NetlinkListener(   87): recvmsg mBuffer:
E/NetlinkListener(   87):  (add@/devices/platform/snd_mt85xx.0/sound/card0/pcmC0D0c)
E/NetlinkListener(   86): recvmsg mBuffer:
E/NetlinkListener(   86):  (add@/devices/platform/snd_mt85xx.0/sound/card0)
W/Vold    (   86): subsys:sound
D/NetlinkEvent(   86): NL param 'DEVPATH=/devices/platform/snd_mt85xx.0/sound/card0'
E/NetlinkListener(   86): recvmsg mBuffer:
E/NetlinkListener(   86):  (add@/devices/platform/snd_mt85xx.0/sound/card0/pcmC0D0p)
W/Vold    (   86): subsys:sound
D/NetlinkEvent(   86): NL param 'DEVPATH=/devices/platform/snd_mt85xx.0/sound/card0/pcmC0D0p'
D/NetlinkEvent(   86): NL param 'MAJOR=116'
D/NetlinkEvent(   86): NL param 'MINOR=16'
D/NetlinkEvent(   86): NL param 'DEVNAME=snd/pcmC0D0p'
E/NetlinkListener(   86): recvmsg mBuffer:
E/NetlinkListener(   86):  (add@/devices/platform/snd_mt85xx.0/sound/card0/pcmC0D0c)
W/Vold    (   86): subsys:sound
D/NetlinkEvent(   86): NL param 'DEVPATH=/devices/platform/snd_mt85xx.0/sound/card0/pcmC0D0c'
D/NetlinkEvent(   86): NL param 'MAJOR=116'
D/NetlinkEvent(   86): NL param 'MINOR=24'
D/NetlinkEvent(   86): NL param 'DEVNAME=snd/pcmC0D0c'
E/NetlinkListener(   87): recvmsg mBuffer:
E/NetlinkListener(   87):  (add@/devices/platform/snd_mt85xx.0/sound/card0/dsp)
E/NetlinkListener(   86): recvmsg mBuffer:
E/NetlinkListener(   86):  (add@/devices/platform/snd_mt85xx.0/sound/card0/dsp)
W/Vold    (   86): subsys:sound
D/NetlinkEvent(   86): NL param 'DEVPATH=/devices/platform/snd_mt85xx.0/sound/card0/dsp'
D/NetlinkEvent(   86): NL param 'MAJOR=14'
D/NetlinkEvent(   86): NL param 'MINOR=3'
D/NetlinkEvent(   86): NL param 'DEVNAME=dsp'
E/NetlinkListener(   87): recvmsg mBuffer:
E/NetlinkListener(   87):  (add@/devices/platform/snd_mt85xx.0/sound/card0/audio)
E/NetlinkListener(   86): recvmsg mBuffer:
E/NetlinkListener(   86):  (add@/devices/platform/snd_mt85xx.0/sound/card0/audio)
W/Vold    (   86): subsys:sound
D/NetlinkEvent(   86): NL param 'DEVPATH=/devices/platform/snd_mt85xx.0/sound/card0/audio'
D/NetlinkEvent(   86): NL param 'MAJOR=14'
D/NetlinkEvent(   86): NL param 'MINOR=4'
D/NetlinkEvent(   86): NL param 'DEVNAME=audio'
E/NetlinkListener(   87): recvmsg mBuffer:
E/NetlinkListener(   87):  (add@/devices/platform/snd_mt85xx.0/sound/card0/controlC0)
E/NetlinkListener(   86): recvmsg mBuffer:
E/NetlinkListener(   86):  (add@/devices/platform/snd_mt85xx.0/sound/card0/controlC0)
W/Vold    (   86): subsys:sound
D/NetlinkEvent(   86): NL param 'DEVPATH=/devices/platform/snd_mt85xx.0/sound/card0/controlC0'
D/NetlinkEvent(   86): NL param 'MAJOR=116'
D/NetlinkEvent(   86): NL param 'MINOR=0'
D/NetlinkEvent(   86): NL param 'DEVNAME=snd/controlC0'
E/NetlinkListener(   87): recvmsg mBuffer:
E/NetlinkListener(   87):  (add@/devices/platform/snd_mt85xx.0/sound/card0/mixer)
E/NetlinkListener(   86): recvmsg mBuffer:
E/NetlinkListener(   86):  (add@/devices/platform/snd_mt85xx.0/sound/card0/mixer)
W/Vold    (   86): subsys:sound
D/NetlinkEvent(   86): NL param 'DEVPATH=/devices/platform/snd_mt85xx.0/sound/card0/mixer'
D/NetlinkEvent(   86): NL param 'MAJOR=14'
