W/PackageManager(  168): Unknown permission com.google.android.googleapps.permission.GOOGLE_AUTH in package com.coship.dvbsetting
W/PackageManager(  168): Unknown permission com.google.android.googleapps.permission.ACCESS_GOOGLE_PASSWORD in package com.android.development
W/PackageManager(  168): Unknown permission com.google.android.googleapps.permission.GOOGLE_AUTH in package com.android.development
W/PackageManager(  168): Unknown permission com.google.android.googleapps.permission.GOOGLE_AUTH.ALL_SERVICES in package com.android.development
W/PackageManager(  168): Unknown permission com.google.android.googleapps.permission.GOOGLE_AUTH.YouTubeUser in package com.android.development
W/PackageManager(  168): Unknown permission android.permission.RAISED_THREAD_PRIORITY in package tv.icntv.ott
W/ActivityManager(  168): Unable to find app for caller android.app.ApplicationThreadProxy@41174bd0 (pid=-1) when starting: Intent { act=android.intent.action.MAIN cat=[android.intent.category.LAUNCHER] flg=0x10000000 cmp=com.coship.FactoryTest/.MainActivity }
D/BackupManagerService(  168): Received broadcast Intent { act=android.intent.action.PACKAGE_ADDED dat=package:com.android.backupconfirm flg=0x40000000 (has extras) }
V/BackupManagerService(  168): addPackageParticipantsLocked: #1
W/RecognitionManagerService(  168): no available voice recognition services found
W/ProcessStats(  168): Skipping unknown process pid 706
I/ActivityManager(  168): Start proc com.android.inputmethod.pinyin for service com.android.inputmethod.pinyin/.PinyinIME: pid=737 uid=10010 gids={3003}
I/ActivityManager(  168): Start proc com.android.smspush for service com.android.smspush/.WapPushManager: pid=755 uid=10014 gids={}
E/ActivityThread(  707): Failed to find provider info for call_log
I/ActivityManager(  168): Process com.ysten.setupwizard (pid 310) has died.
I/WindowManager(  168): WIN DEATH: Window{41192e68 com.ysten.setupwizard/com.ysten.setupwizard.SetupWizard paused=false}
W/ActivityManager(  168): Unable to start service Intent { act=com.android.ussd.IExtendedNetworkService }: not found
W/ActivityManager(  168): Timeout of broadcast BroadcastRecord{412054c8 com.android.server.action.NETWORK_STATS_POLL} - receiver=android.app.LoadedApk$ReceiverDispatcher$InnerReceiver@410ff430, started 10013ms ago
W/ActivityManager(  168): Receiver during timeout: BroadcastFilter{41117fb0 ReceiverList{4111ae68 168 system/1000 local:410ff430}}
D/StatusBar.NetworkController(  242): ------------------EthernetManager is on ----------
D/StatusBar.NetworkController(  242): ------------------getLinkStatus ----------
D/StatusBar.NetworkController(  242): ------------------mEthernetConnected is  ----------true
D/StatusBar.NetworkController(  242): ------------------EthernetManager is on :status_bar_settings_ethernet_connected 4444444444----------
D/StatusBar.NetworkController(  242): ------------------EthernetManager is on 14-14-14-14-14----------
D/StatusBar.NetworkController(  242): ------------------EthernetManager is on 15-15-15-15-15----------
D/StatusBar.NetworkController(  242): ------------------EthernetManager is on :status_bar_settings_ethernet_connected 333333333----------
D/StatusBar.NetworkController(  242): ------------------EthernetManager is on ----------
D/StatusBar.NetworkController(  242): ------------------getLinkStatus ----------
D/StatusBar.NetworkController(  242): ------------------mEthernetConnected is  ----------true
D/StatusBar.NetworkController(  242): ------------------EthernetManager is on :status_bar_settings_ethernet_connected 4444444444----------
D/StatusBar.NetworkController(  242): ------------------EthernetManager is on 14-14-14-14-14----------
D/StatusBar.NetworkController(  242): ------------------EthernetManager is on 15-15-15-15-15----------
D/StatusBar.NetworkController(  242): ------------------EthernetManager is on :status_bar_settings_ethernet_connected 333333333----------
D/StatusBar.NetworkController(  242): ------------------EthernetManager is on ----------
D/StatusBar.NetworkController(  242): ------------------getLinkStatus ----------
D/StatusBar.NetworkController(  242): ------------------mEthernetConnected is  ----------true
D/StatusBar.NetworkController(  242): ------------------EthernetManager is on :status_bar_settings_ethernet_connected 4444444444----------
D/StatusBar.NetworkController(  242): ------------------EthernetManager is on 14-14-14-14-14----------
D/StatusBar.NetworkController(  242): ------------------EthernetManager is on 15-15-15-15-15----------
D/StatusBar.NetworkController(  242): ------------------EthernetManager is on :status_bar_settings_ethernet_connected 333333333----------
W/ActivityManager(  168): Activity destroy timeout for ActivityRecord{41102fd8 com.ysten.setupwizard/.SetupWizard}
I/ActivityManager(  168): START {act=android.intent.action.MAIN cat=[android.intent.category.LAUNCHER] flg=0x10000000 pkg=com.coship.dvbsetting cmp=com.coship.dvbsetting/.main} from pid 612
I/ActivityManager(  168): Start proc com.coship.dvbsetting for activity com.coship.dvbsetting/.main: pid=812 uid=1000 gids={3002, 3001, 3003, 1007, 1015, 1023, 2001}
I/ActivityManager(  168): START {cmp=com.coship.dvbsetting/.netsetting.netSet} from pid 812
I/EthernetManager(  812): Init Ethernet Manager, service: android.net.ethernet.IEthernetManager$Stub$Proxy@41fb4da8
E/EthernetService(  168): getSavedConfig
E/EthernetService(  168): ifName: eth0 ipaddr:192.168.2.19 netmask:255.255.255.0 getway:192.168.2.1 dns:192.168.2.1
E/EthernetService(  168): getSavedConfig
E/EthernetService(  168): ifName: eth0 ipaddr:192.168.2.19 netmask:255.255.255.0 getway:192.168.2.1 dns:192.168.2.1
E/EthernetService(  168): getSavedConfig
E/EthernetService(  168): ifName: eth0 ipaddr:192.168.2.19 netmask:255.255.255.0 getway:192.168.2.1 dns:192.168.2.1
W/ActivityManager(  168): finishReceiver called but no pending broadcasts
E/ActivityThread(  812): Activity com.coship.dvbsetting.netsetting.netSet has leaked IntentReceiver com.coship.dvbsetting.pppoe.PPPOESetting$1@42252328 that was originally registered here. Are you missing a call to unregisterReceiver()?
E/ActivityThread(  812): android.app.IntentReceiverLeaked: Activity com.coship.dvbsetting.netsetting.netSet has leaked IntentReceiver com.coship.dvbsetting.pppoe.PPPOESetting$1@42252328 that was originally registered here. Are you missing a call to unregisterReceiver()?
E/ActivityThread(  812):        at android.app.LoadedApk$ReceiverDispatcher.<init>(LoadedApk.java:763)
E/ActivityThread(  812):        at android.app.LoadedApk.getReceiverDispatcher(LoadedApk.java:567)
E/ActivityThread(  812):        at android.app.ContextImpl.registerReceiverInternal(ContextImpl.java:1056)
E/ActivityThread(  812):        at android.app.ContextImpl.registerReceiver(ContextImpl.java:1043)
E/ActivityThread(  812):        at android.app.ContextImpl.registerReceiver(ContextImpl.java:1037)
E/ActivityThread(  812):        at android.content.ContextWrapper.registerReceiver(ContextWrapper.java:341)
E/ActivityThread(  812):        at com.coship.dvbsetting.pppoe.PPPOESetting.<init>(PPPOESetting.java:174)
E/ActivityThread(  812):        at com.coship.dvbsetting.pppoe.PPPOESetting.getInstance(PPPOESetting.java:150)
E/ActivityThread(  812):        at com.coship.dvbsetting.netsetting.netSet.onCreate(netSet.java:102)
E/ActivityThread(  812):        at android.app.Activity.performCreate(Activity.java:4468)
E/ActivityThread(  812):        at android.app.Instrumentation.callActivityOnCreate(Instrumentation.java:1049)
E/ActivityThread(  812):        at android.app.ActivityThread.performLaunchActivity(ActivityThread.java:1920)
E/ActivityThread(  812):        at android.app.ActivityThread.handleLaunchActivity(ActivityThread.java:1981)
E/ActivityThread(  812):        at android.app.ActivityThread.access$600(ActivityThread.java:123)
E/ActivityThread(  812):        at android.app.ActivityThread$H.handleMessage(ActivityThread.java:1147)
E/ActivityThread(  812):        at android.os.Handler.dispatchMessage(Handler.java:99)
E/ActivityThread(  812):        at android.os.Looper.loop(Looper.java:137)
E/ActivityThread(  812):        at android.app.ActivityThread.main(ActivityThread.java:4424)
E/ActivityThread(  812):        at java.lang.reflect.Method.invokeNative(Native Method)
E/ActivityThread(  812):        at java.lang.reflect.Method.invoke(Method.java:511)
E/ActivityThread(  812):        at com.android.internal.os.ZygoteInit$MethodAndArgsCaller.run(ZygoteInit.java:788)
E/ActivityThread(  812):        at com.android.internal.os.ZygoteInit.main(ZygoteInit.java:555)
E/ActivityThread(  812):        at dalvik.system.NativeStart.main(Native Method)
W/InputManagerService(  168): Starting input on non-focused client com.android.internal.view.IInputMethodClient$Stub$Proxy@41195d58 (uid=1000 pid=812)
I/ActivityManager(  168): START {act=android.intent.action.MAIN cat=[android.intent.category.HOME] flg=0x10200000 cmp=android/com.android.internal.app.ResolverActivity} from pid 168
I/ActivityManager(  168): START {act=android.intent.action.MAIN cat=[android.intent.category.HOME] flg=0x10200000 cmp=android/com.android.internal.app.ResolverActivity} from pid 168
I/ActivityManager(  168): START {act=android.intent.action.MAIN cat=[android.intent.category.HOME] flg=0x13200000 cmp=com.coship.FactoryTest/.MainActivity} from pid 168
I/ActivityManager(  168): Start proc com.coship.FactoryTest for activity com.coship.FactoryTest/.MainActivity: pid=973 uid=10024 gids={3003}
I/EthernetManager(  973): Init Ethernet Manager, service: android.net.ethernet.IEthernetManager$Stub$Proxy@40f4c320
E/NetlinkListener(   87): recvmsg mBuffer:
E/NetlinkListener(   87):  (add@/devices/platform/MTK_MSDC_1.1/mmc_host/mmc1/mmc1:e624)
E/NetlinkListener(   86): recvmsg mBuffer:
E/NetlinkListener(   86):  (add@/devices/platform/MTK_MSDC_1.1/mmc_host/mmc1/mmc1:e624)
W/Vold    (   86): subsys:mmc
D/NetlinkEvent(   86): NL param 'DEVPATH=/devices/platform/MTK_MSDC_1.1/mmc_host/mmc1/mmc1:e624'
D/NetlinkEvent(   86): NL param 'MMC_TYPE=SD'
D/NetlinkEvent(   86): NL param 'MMC_NAME=SU08G'
D/NetlinkEvent(   86): NL param 'MODALIAS=mmc:block'
E/NetlinkListener(   87): recvmsg mBuffer:
E/NetlinkListener(   87):  (add@/devices/virtual/bdi/179:96)
E/NetlinkListener(   86): recvmsg mBuffer:
E/NetlinkListener(   86):  (add@/devices/virtual/bdi/179:96)
W/Vold    (   86): subsys:bdi
D/NetlinkEvent(   86): NL param 'DEVPATH=/devices/virtual/bdi/179:96'
E/NetlinkListener(   87): recvmsg mBuffer:
E/NetlinkListener(   87):  (add@/devices/platform/MTK_MSDC_1.1/mmc_host/mmc1/mmc1:e624/block/mmcblk1)
E/NetlinkListener(   86): recvmsg mBuffer:
E/NetlinkListener(   86):  (add@/devices/platform/MTK_MSDC_1.1/mmc_host/mmc1/mmc1:e624/block/mmcblk1)
W/Vold    (   86): subsys:block
D/NetlinkEvent(   86): NL param 'DEVPATH=/devices/platform/MTK_MSDC_1.1/mmc_host/mmc1/mmc1:e624/block/mmcblk1'
D/NetlinkEvent(   86): NL param 'MAJOR=179'
D/NetlinkEvent(   86): NL param 'MINOR=96'
D/NetlinkEvent(   86): NL param 'DEVNAME=mmcblk1'
D/NetlinkEvent(   86): NL param 'DEVTYPE=disk'
D/NetlinkEvent(   86): NL param 'NPARTS=1'
W/DirectVolume(   86): Get vold.firstMountDevice=none 
W/DirectVolume(   86):  
W/DirectVolume(   86):  Set vold.firstMountDevice=sdcard 
W/DirectVolume(   86):  
D/DirectVolume(   86): Dv::diskIns - waiting for 1 partitions (mask 0x2).mVolumeMinor=96
W/Vold    (   86): Get vold.firstMountDevice=sdcard 
W/Vold    (   86):  
D/Vold    (   86): Volume sdcard state changing 0 (No-Media) -> 2 (Pending)
W/Vold    (   86): get partition mount point:minor:0 volume minor:96,mountpoint=/mnt/sdcard
W/Vold    (   86):  
W/Vold    (   86): get partition mount point:minor:0 volume minor:96,mountpoint=/mnt/sdcard
W/Vold    (   86):  
W/Vold    (   86): get partition mount point:minor:0 volume minor:96,mountpoint=/mnt/sdcard
W/Vold    (   86):  
D/Vold    (   86): Mountpoint(0) = /mnt/sdcard, sChangeNotifyLabel = /mnt/sdcard
W/Vold    (   86): get partition mount point:minor:0 volume minor:96,mountpoint=/mnt/sdcard
W/Vold    (   86):  
W/Vold    (   86): get partition mount point:minor:96,mVolumeMinor:96-->/mnt/sdcard
W/Vold    (   86):  
E/NetlinkListener(   87): recvmsg mBuffer:
E/NetlinkListener(   87):  (add@/devices/platform/MTK_MSDC_1.1/mmc_host/mmc1/mmc1:e624/block/mmcblk1/mmcblk1p1)
E/NetlinkListener(   86): recvmsg mBuffer:
E/NetlinkListener(   86):  (add@/devices/platform/MTK_MSDC_1.1/mmc_host/mmc1/mmc1:e624/block/mmcblk1/mmcblk1p1)
W/Vold    (   86): subsys:block
D/NetlinkEvent(   86): NL param 'DEVPATH=/devices/platform/MTK_MSDC_1.1/mmc_host/mmc1/mmc1:e624/block/mmcblk1/mmcblk1p1'
D/NetlinkEvent(   86): NL param 'MAJOR=179'
D/NetlinkEvent(   86): NL param 'MINOR=97'
D/NetlinkEvent(   86): NL param 'DEVNAME=mmcblk1p1'
D/NetlinkEvent(   86): NL param 'DEVTYPE=partition'
D/NetlinkEvent(   86): NL param 'PARTN=1'
W/DirectVolume(   86): Get vold.firstMountDevice=sdcard 
W/DirectVolume(   86):  
D/DirectVolume(   86): Dv:partAdd: part_num = 1, minor = 97
W/Vold    (   86): get partition mount point:minor:96,mVolumeMinor:96-->/mnt/sdcard
W/Vold    (   86):  
D/DirectVolume(   86): Dv:partAdd: partMountPoint=/mnt/sdcard
W/Vold    (   86): add partition mount point:minor:97,mVolumeMinor:96-->/mnt/sdcard
W/Vold    (   86):  
W/Vold    (   86): get partition mount point:minor:97,mVolumeMinor:96-->/mnt/sdcard
W/Vold    (   86):  
I/MountService(  168): onEvent:: raw= 605 Volume sdcard /mnt/sdcard state changed from 0 (No-Media) to 2 (Pending) cooked =  605 Volume sdcard /mnt/sdcard state changed from 0 (No-Media) to 2 (Pending)
I/MountService(  168): notifyVolumeStateChanged::removed
I/MountService(  168): onEvent:: raw= 630 Volume sdcard /mnt/sdcard disk inserted (179:96) cooked =  630 Volume sdcard /mnt/sdcard disk inserted (179:96)
I/MountService(  168): key:/mnt/vold/usbdisk1
I/MountService(  168): value:removed
I/MountService(  168): key:/mnt/sdcard
I/MountService(  168): value:removed
D/DirectVolume(   86): send msg for add partition path.
W/Vold    (   86): get partition mount point:minor:97,mVolumeMinor:96-->/mnt/sdcard
W/Vold    (   86):  
W/Vold    (   86): get partition mount point:minor:97,mVolumeMinor:96-->/mnt/sdcard
W/Vold    (   86):  
I/MountService(  168): key:/mnt/vold/satahdd
E/DirectVolume(   86): Unable to create mountPoint (/mnt/sdcard)
D/DirectVolume(   86): Dv:partAdd: Got all partitions - ready to rock!
W/Vold    (   86): Get vold.firstMountDevice=sdcard 
W/Vold    (   86):  
I/MountService(  168): value:removed
D/Vold    (   86): Volume sdcard state changing 2 (Pending) -> 1 (Idle-Unmounted)
W/Vold    (   86): get partition mount point:minor:0 volume minor:96,mountpoint=/mnt/sdcard
W/Vold    (   86):  
W/Vold    (   86): get partition mount point:minor:0 volume minor:96,mountpoint=/mnt/sdcard
W/Vold    (   86):  
W/Vold    (   86): get partition mount point:minor:0 volume minor:96,mountpoint=/mnt/sdcard
W/Vold    (   86):  
D/Vold    (   86): Mountpoint(0) = /mnt/sdcard, sChangeNotifyLabel = /mnt/sdcard
W/Vold    (   86): get partition mount point:minor:0 volume minor:96,mountpoint=/mnt/sdcard
W/Vold    (   86):  
I/MountService(  168): key:/mnt/vold/usbdisk3
I/MountService(  168): value:removed
I/MountService(  168): key:/mnt/vold/usbdisk2
I/MountService(  168): value:removed
I/MountService(  168): mVolume[0]: /mnt/sdcard
I/MountService(  168): mVolume[1]: /mnt/vold/usbdisk1
I/MountService(  168): mVolume[2]: /mnt/vold/usbdisk2
I/MountService(  168): mVolume[3]: /mnt/vold/usbdisk3
I/MountService(  168): mVolume[4]: /mnt/vold/satahdd
I/MountService(  168): onEvent:: raw= 633 Volume sdcard /mnt/sdcard partition mounted (179:96) cooked =  633 Volume sdcard /mnt/sdcard partition mounted (179:96)
I/MountService(  168): doMountVolume: Mouting sdcard
I/MountService(  168): StorageVolume [mAllowMassStorage=false, mDescription=ÄÚ²¿´æ´¢¿Õ¼ä, mEmulated=false, mMaxFileSize=0, mMtpReserveSpace=100, mPath=/mnt/sdcard, mRemovable=true, mStorageId=65537]
I/MountService(  168): mVolume[0] disk: /mnt/sdcard
I/MountService(  168): mVolume[0] partition: /mnt/sdcard
I/MountService(  168): StorageVolume [mAllowMassStorage=false, mDescription=USB ´æ´¢Æ÷, mEmulated=false, mMaxFileSize=0, mMtpReserveSpace=0, mPath=/mnt/vold/usbdisk1, mRemovable=true, mStorageId=131073]
D/VoldCmdListener(   86): volume mount sdcard
W/Vold    (   86): get partition mount point:minor:96,mVolumeMinor:96-->/mnt/sdcard
W/Vold    (   86):  
E/DirectVolume(   86):  DeviceNodes:maj:main[179:97]
E/DirectVolume(   86):  mDiskNumParts=1
E/Vold    (   86): flags=0,primaryStorage=1
W/Vold    (   86): Get vold.firstMountDevice=sdcard 
W/Vold    (   86):  
I/MountService(  168): StorageVolume [mAllowMassStorage=false, mDescription=USB ´æ´¢Æ÷, mEmulated=false, mMaxFileSize=0, mMtpReserveSpace=0, mPath=/mnt/vold/usbdisk2, mRemovable=true, mStorageId=196609]
D/Vold    (   86): Volume sdcard state changing 1 (Idle-Unmounted) -> 3 (Checking)
W/Vold    (   86): get partition mount point:minor:0 volume minor:96,mountpoint=/mnt/sdcard
W/Vold    (   86):  
W/Vold    (   86): get partition mount point:minor:0 volume minor:96,mountpoint=/mnt/sdcard
W/Vold    (   86):  
W/Vold    (   86): get partition mount point:minor:0 volume minor:96,mountpoint=/mnt/sdcard
W/Vold    (   86):  
D/Vold    (   86): Mountpoint(0) = /mnt/sdcard, sChangeNotifyLabel = /mnt/sdcard
W/Vold    (   86): get partition mount point:minor:0 volume minor:96,mountpoint=/mnt/sdcard
W/Vold    (   86):  
I/Vold    (   86): /dev/block/vold/179:97 being considered for volume sdcard
W/Vold    (   86): get partition mount point:minor:97,mVolumeMinor:96-->/mnt/sdcard
W/Vold    (   86):  
I/MountService(  168): StorageVolume [mAllowMassStorage=false, mDescription=USB ´æ´¢Æ÷, mEmulated=false, mMaxFileSize=0, mMtpReserveSpace=0, mPath=/mnt/vold/usbdisk3, mRemovable=true, mStorageId=262145]
I/MountService(  168): StorageVolume [mAllowMassStorage=false, mDescription=USB ´æ´¢Æ÷, mEmulated=false, mMaxFileSize=0, mMtpReserveSpace=0, mPath=/mnt/vold/satahdd, mRemovable=true, mStorageId=327681]
I/MountService(  168): onEvent:: raw= 605 Volume sdcard /mnt/sdcard state changed from 2 (Pending) to 1 (Idle-Unmounted) cooked =  605 Volume sdcard /mnt/sdcard state changed from 2 (Pending) to 1 (Idle-Unmounted)
I/MountService(  168): notifyVolumeStateChanged::removed
I/MountService(  168): updating volume state for media bad removal nofs and unmountable
D/MountService(  168): volume state changed for /mnt/sdcard (removed -> unmounted)
D/MountService(  168): sendStorageIntent Intent { act=android.intent.action.MEDIA_UNMOUNTED dat=file:///mnt/sdcard (has extras) }
I/MountService(  168): onEvent:: raw= 605 Volume sdcard /mnt/sdcard state changed from 1 (Idle-Unmounted) to 3 (Checking) cooked =  605 Volume sdcard /mnt/sdcard state changed from 1 (Idle-Unmounted) to 3 (Checking)
I/MountService(  168): notifyVolumeStateChanged::unmounted
I/MountService(  168): updating volume state checking
D/MountService(  168): volume state changed for /mnt/sdcard (unmounted -> checking)
D/MountService(  168): sendStorageIntent Intent { act=android.intent.action.MEDIA_CHECKING dat=file:///mnt/sdcard (has extras) }
I/Vold    (   86): /dev/block/vold/179:97 being considered mount to /mnt/sdcard for volume sdcard
I/Vold    (   86): Device /dev/block/vold/179:97, target /mnt/sdcard mounted @ /mnt/secure/staging . as sdcard
E/Vold    (   86): mount error=0
I/Vold    (   86):   VFAT mount /mnt/sdcard successfully
E/Vold    (   86): Volume sdcard found mounting 1 partition sucessfully:(
W/Vold    (   86): Get vold.firstMountDevice=sdcard 
W/Vold    (   86):  
D/Vold    (   86): Volume sdcard state changing 3 (Checking) -> 4 (Mounted)
W/Vold    (   86): get partition mount point:minor:0 volume minor:96,mountpoint=/mnt/sdcard
W/Vold    (   86):  
W/Vold    (   86): get partition mount point:minor:0 volume minor:96,mountpoint=/mnt/sdcard
W/Vold    (   86):  
W/Vold    (   86): get partition mount point:minor:0 volume minor:96,mountpoint=/mnt/sdcard
W/Vold    (   86):  
D/Vold    (   86): Mountpoint(0) = /mnt/sdcard, sChangeNotifyLabel = /mnt/sdcard
W/Vold    (   86): get partition mount point:minor:0 volume minor:96,mountpoint=/mnt/sdcard
W/Vold    (   86):  
I/MountService(  168): onEvent:: raw= 605 Volume sdcard /mnt/sdcard state changed from 3 (Checking) to 4 (Mounted) cooked =  605 Volume sdcard /mnt/sdcard state changed from 3 (Checking) to 4 (Mounted)
I/MountService(  168): notifyVolumeStateChanged::checking
I/MountService(  168): updating volume state mounted
D/MountService(  168): volume state changed for /mnt/sdcard (checking -> mounted)
W/MountService(  168): Insertion mount failed (-1)
I/MountService(  168): mStorageNum = 0
I/MountService(  168): key:/mnt/vold/usbdisk1
I/MountService(  168): value:removed
I/MountService(  168): key:/mnt/sdcard
I/MountService(  168): value:mounted
I/MountService(  168): key:/mnt/vold/satahdd
I/MountService(  168): value:removed
I/MountService(  168): key:/mnt/vold/usbdisk3
I/MountService(  168): value:removed
I/MountService(  168): key:/mnt/vold/usbdisk2
I/MountService(  168): value:removed
I/MountService(  168): mVolume[0]: /mnt/sdcard
I/MountService(  168): mPartitions[0]: /mnt/sdcard
I/MountService(  168): mVolume[1]: /mnt/vold/usbdisk1
I/MountService(  168): mVolume[2]: /mnt/vold/usbdisk2
I/MountService(  168): mVolume[3]: /mnt/vold/usbdisk3
I/MountService(  168): mVolume[4]: /mnt/vold/satahdd
D/MountService(  168): sendStorageIntent Intent { act=android.intent.action.MEDIA_MOUNTED dat=file:///mnt/sdcard (has extras) }
D/VoldCmdListener(   86): asec list
D/VoldCmdListener(   86): asec path com.estrongs.android.pop-1
D/VoldCmdListener(   86): asec path com.tencent.mm-1
D/VoldCmdListener(   86): asec path com.adobe.flashplayer-1
D/VoldCmdListener(   86): asec path com.uc.browser-1
D/VoldCmdListener(   86): asec path InternetRadio.all-1
D/VoldCmdListener(   86): asec path com.youdao.dict-1
D/VoldCmdListener(   86): asec path com.ucamera.ucam-1
D/VoldCmdListener(   86): asec path cn.Longmaster.PhonePlus.Activity-1
D/VoldCmdListener(   86): asec path com.tencent.mobileqq-1
D/VoldCmdListener(   86): asec path com.autonavi.minimap-1
D/VoldCmdListener(   86): asec path com.kugou.android-1
D/VoldCmdListener(   86): asec path com.blovestorm-1
D/VoldCmdListener(   86): asec path com.sina.weibo-2
D/VoldCmdListener(   86): asec path com.callmaster.skin.black-1
D/VoldCmdListener(   86): asec path com.imangi.templerun2-1
D/VoldCmdListener(   86): asec path com.rssdio-1
D/VoldCmdListener(   86): asec path com.nxb.manydic-1
D/VoldCmdListener(   86): asec path cn.com.kuting.activity-1
D/VoldCmdListener(   86): asec path com.melodis.midomiMusicIdentifier.freemium-1
D/VoldCmdListener(   86): asec path com.myzaker.ZAKER_Phone-1
D/VoldCmdListener(   86): asec path com.dataviz.docstogo-1
I/PackageManager(  168): Platform changed from 0 to 15; regranting permissions for external storage
W/PackageManager(  168): Unknown permission com.google.android.googleapps.permission.GOOGLE_AUTH in package com.android.settings
W/PackageManager(  168): Unknown permission android.permission.READ_EXTERNAL_STORAGE in package com.android.videoeditor
W/PackageManager(  168): Unknown permission android.permission.ADD_SYSTEM_SERVICE in package com.android.phone
W/PackageManager(  168): Unknown permission com.google.android.googleapps.permission.GOOGLE_AUTH in package com.coship.dvbsetting
W/PackageManager(  168): Unknown permission com.google.android.googleapps.permission.ACCESS_GOOGLE_PASSWORD in package com.android.development
W/PackageManager(  168): Unknown permission com.google.android.googleapps.permission.GOOGLE_AUTH in package com.android.development
W/PackageManager(  168): Unknown permission com.google.android.googleapps.permission.GOOGLE_AUTH.ALL_SERVICES in package com.android.development
W/PackageManager(  168): Unknown permission com.google.android.googleapps.permission.GOOGLE_AUTH.YouTubeUser in package com.android.development
W/PackageManager(  168): Unknown permission android.permission.RAISED_THREAD_PRIORITY in package tv.icntv.ott
E/NetlinkListener(   86): recvmsg mBuffer:
E/NetlinkListener(   86):  (add@/devices/platform/MtkUsbHcd.0/usb1/1-1)
W/Vold    (   86): subsys:usb
D/NetlinkEvent(   86): NL param 'DEVPATH=/devices/platform/MtkUsbHcd.0/usb1/1-1'
D/NetlinkEvent(   86): NL param 'MAJOR=189'
D/NetlinkEvent(   86): NL param 'MINOR=1'
D/NetlinkEvent(   86): NL param 'DEVNAME=bus/usb/001/002'
D/NetlinkEvent(   86): NL param 'DEVTYPE=usb_device'
D/NetlinkEvent(   86): NL param 'DEVICE=/proc/bus/usb/001/002'
D/NetlinkEvent(   86): NL param 'PRODUCT=951/1665/100'
D/NetlinkEvent(   86): NL param 'TYPE=0/0/0'
D/NetlinkEvent(   86): NL param 'BUSNUM=001'
D/NetlinkEvent(   86): NL param 'DEVNUM=002'
E/NetlinkListener(   86): recvmsg mBuffer:
E/NetlinkListener(   86):  (add@/devices/platform/MtkUsbHcd.0/usb1/1-1/1-1:1.0)
W/Vold    (   86): subsys:usb
D/NetlinkEvent(   86): NL param 'DEVPATH=/devices/platform/MtkUsbHcd.0/usb1/1-1/1-1:1.0'
D/NetlinkEvent(   86): NL param 'DEVTYPE=usb_interface'
D/NetlinkEvent(   86): NL param 'DEVICE=/proc/bus/usb/001/002'
D/NetlinkEvent(   86): NL param 'PRODUCT=951/1665/100'
D/NetlinkEvent(   86): NL param 'TYPE=0/0/0'
D/NetlinkEvent(   86): NL param 'INTERFACE=8/6/80'
D/NetlinkEvent(   86): NL param 'MODALIAS=usb:v0951p1665d0100dc00dsc00dp00ic08isc06ip50'
E/NetlinkListener(   87): recvmsg mBuffer:
E/NetlinkListener(   87):  (add@/devices/platform/MtkUsbHcd.0/usb1/1-1)
E/NetlinkListener(   87): recvmsg mBuffer:
E/NetlinkListener(   87):  (add@/devices/platform/MtkUsbHcd.0/usb1/1-1/1-1:1.0)
E/NetlinkListener(   86): recvmsg mBuffer:
E/NetlinkListener(   86):  (add@/devices/platform/MtkUsbHcd.0/usb1/1-1/1-1:1.0/host1)
W/Vold    (   86): subsys:scsi
D/NetlinkEvent(   86): NL param 'DEVPATH=/devices/platform/MtkUsbHcd.0/usb1/1-1/1-1:1.0/host1'
D/NetlinkEvent(   86): NL param 'DEVTYPE=scsi_host'
E/NetlinkListener(   86): recvmsg mBuffer:
E/NetlinkListener(   86):  (add@/devices/platform/MtkUsbHcd.0/usb1/1-1/1-1:1.0/host1/scsi_host/host1)
W/Vold    (   86): subsys:scsi_host
D/NetlinkEvent(   86): NL param 'DEVPATH=/devices/platform/MtkUsbHcd.0/usb1/1-1/1-1:1.0/host1/scsi_host/host1'
E/NetlinkListener(   87): recvmsg mBuffer:
E/NetlinkListener(   87):  (add@/devices/platform/MtkUsbHcd.0/usb1/1-1/1-1:1.0/host1)
E/NetlinkListener(   87): recvmsg mBuffer:
E/NetlinkListener(   87):  (add@/devices/platform/MtkUsbHcd.0/usb1/1-1/1-1:1.0/host1/scsi_host/host1)
E/NetlinkListener(   86): recvmsg mBuffer:
E/NetlinkListener(   86):  (add@/devices/platform/MtkUsbHcd.0/usb1/1-1/1-1:1.0/host1/target1:0:0)
W/Vold    (   86): subsys:scsi
D/NetlinkEvent(   86): NL param 'DEVPATH=/devices/platform/MtkUsbHcd.0/usb1/1-1/1-1:1.0/host1/target1:0:0'
D/NetlinkEvent(   86): NL param 'DEVTYPE=scsi_target'
E/NetlinkListener(   86): recvmsg mBuffer:
E/NetlinkListener(   86):  (add@/devices/platform/MtkUsbHcd.0/usb1/1-1/1-1:1.0/host1/target1:0:0/1:0:0:0)
W/Vold    (   86): subsys:scsi
D/NetlinkEvent(   86): NL param 'DEVPATH=/devices/platform/MtkUsbHcd.0/usb1/1-1/1-1:1.0/host1/target1:0:0/1:0:0:0'
D/NetlinkEvent(   86): NL param 'DEVTYPE=scsi_device'
D/NetlinkEvent(   86): NL param 'MODALIAS=scsi:t-0x00'
E/NetlinkListener(   86): recvmsg mBuffer:
E/NetlinkListener(   86):  (add@/devices/platform/MtkUsbHcd.0/usb1/1-1/1-1:1.0/host1/target1:0:0/1:0:0:0/scsi_disk/1:0:0:0)
W/Vold    (   86): subsys:scsi_disk
D/NetlinkEvent(   86): NL param 'DEVPATH=/devices/platform/MtkUsbHcd.0/usb1/1-1/1-1:1.0/host1/target1:0:0/1:0:0:0/scsi_disk/1:0:0:0'
E/NetlinkListener(   86): recvmsg mBuffer:
E/NetlinkListener(   86):  (add@/devices/platform/MtkUsbHcd.0/usb1/1-1/1-1:1.0/host1/target1:0:0/1:0:0:0/scsi_device/1:0:0:0)
W/Vold    (   86): subsys:scsi_device
D/NetlinkEvent(   86): NL param 'DEVPATH=/devices/platform/MtkUsbHcd.0/usb1/1-1/1-1:1.0/host1/target1:0:0/1:0:0:0/scsi_device/1:0:0:0'
E/NetlinkListener(   86): recvmsg mBuffer:
E/NetlinkListener(   86):  (add@/devices/platform/MtkUsbHcd.0/usb1/1-1/1-1:1.0/host1/target1:0:0/1:0:0:0/bsg/1:0:0:0)
W/Vold    (   86): subsys:bsg
D/NetlinkEvent(   86): NL param 'DEVPATH=/devices/platform/MtkUsbHcd.0/usb1/1-1/1-1:1.0/host1/target1:0:0/1:0:0:0/bsg/1:0:0:0'
D/NetlinkEvent(   86): NL param 'MAJOR=253'
D/NetlinkEvent(   86): NL param 'MINOR=0'
D/NetlinkEvent(   86): NL param 'DEVNAME=bsg/1:0:0:0'
E/NetlinkListener(   87): recvmsg mBuffer:
E/NetlinkListener(   87):  (add@/devices/platform/MtkUsbHcd.0/usb1/1-1/1-1:1.0/host1/target1:0:0)
E/NetlinkListener(   87): recvmsg mBuffer:
E/NetlinkListener(   87):  (add@/devices/platform/MtkUsbHcd.0/usb1/1-1/1-1:1.0/host1/target1:0:0/1:0:0:0)
E/NetlinkListener(   87): recvmsg mBuffer:
E/NetlinkListener(   87):  (add@/devices/platform/MtkUsbHcd.0/usb1/1-1/1-1:1.0/host1/target1:0:0/1:0:0:0/scsi_disk/1:0:0:0)
E/NetlinkListener(   87): recvmsg mBuffer:
E/NetlinkListener(   87):  (add@/devices/platform/MtkUsbHcd.0/usb1/1-1/1-1:1.0/host1/target1:0:0/1:0:0:0/scsi_device/1:0:0:0)
E/NetlinkListener(   87): recvmsg mBuffer:
E/NetlinkListener(   87):  (add@/devices/platform/MtkUsbHcd.0/usb1/1-1/1-1:1.0/host1/target1:0:0/1:0:0:0/bsg/1:0:0:0)
E/NetlinkListener(   86): recvmsg mBuffer:
E/NetlinkListener(   86):  (add@/devices/virtual/bdi/8:0)
W/Vold    (   86): subsys:bdi
D/NetlinkEvent(   86): NL param 'DEVPATH=/devices/virtual/bdi/8:0'
E/NetlinkListener(   87): recvmsg mBuffer:
E/NetlinkListener(   87):  (add@/devices/virtual/bdi/8:0)
E/NetlinkListener(   86): recvmsg mBuffer:
E/NetlinkListener(   86):  (add@/devices/platform/MtkUsbHcd.0/usb1/1-1/1-1:1.0/host1/target1:0:0/1:0:0:0/block/sda)
W/Vold    (   86): subsys:block
D/NetlinkEvent(   86): NL param 'DEVPATH=/devices/platform/MtkUsbHcd.0/usb1/1-1/1-1:1.0/host1/target1:0:0/1:0:0:0/block/sda'
D/NetlinkEvent(   86): NL param 'MAJOR=8'
D/NetlinkEvent(   86): NL param 'MINOR=0'
D/NetlinkEvent(   86): NL param 'DEVNAME=sda'
D/NetlinkEvent(   86): NL param 'DEVTYPE=disk'
D/NetlinkEvent(   86): NL param 'NPARTS=1'
W/DirectVolume(   86): Get vold.firstMountDevice=sdcard 
W/DirectVolume(   86):  
D/DirectVolume(   86): Dv::diskIns - waiting for 1 partitions (mask 0x2).mVolumeMinor=0
W/Vold    (   86): Get vold.firstMountDevice=sdcard 
W/Vold    (   86):  
D/Vold    (   86): Volume usbdisk1 state changing 0 (No-Media) -> 2 (Pending)
W/Vold    (   86): get partition mount point:minor:0,mVolumeMinor:0-->/mnt/vold/usbdisk1
W/Vold    (   86):  
W/Vold    (   86): get partition mount point:minor:0,mVolumeMinor:0-->/mnt/vold/usbdisk1
W/Vold    (   86):  
W/Vold    (   86): get partition mount point:minor:0,mVolumeMinor:0-->/mnt/vold/usbdisk1
W/Vold    (   86):  
W/Vold    (   86): get partition mount point:minor:0,mVolumeMinor:0-->/mnt/vold/usbdisk1
W/Vold    (   86):  
D/Vold    (   86): Mountpoint(0) = /mnt/vold/usbdisk1, sChangeNotifyLabel = /mnt/vold/usbdisk1
W/Vold    (   86): get partition mount point:minor:0,mVolumeMinor:0-->/mnt/vold/usbdisk1
W/Vold    (   86):  
W/Vold    (   86): get partition mount point:minor:0,mVolumeMinor:0-->/mnt/vold/usbdisk1
W/Vold    (   86):  
E/NetlinkListener(   86): recvmsg mBuffer:
E/NetlinkListener(   86):  (add@/devices/platform/MtkUsbHcd.0/usb1/1-1/1-1:1.0/host1/target1:0:0/1:0:0:0/block/sda/sda1)
W/Vold    (   86): subsys:block
D/NetlinkEvent(   86): NL param 'DEVPATH=/devices/platform/MtkUsbHcd.0/usb1/1-1/1-1:1.0/host1/target1:0:0/1:0:0:0/block/sda/sda1'
D/NetlinkEvent(   86): NL param 'MAJOR=8'
D/NetlinkEvent(   86): NL param 'MINOR=1'
D/NetlinkEvent(   86): NL param 'DEVNAME=sda1'
D/NetlinkEvent(   86): NL param 'DEVTYPE=partition'
D/NetlinkEvent(   86): NL param 'PARTN=1'
W/DirectVolume(   86): Get vold.firstMountDevice=sdcard 
W/DirectVolume(   86):  
D/DirectVolume(   86): Dv:partAdd: part_num = 1, minor = 1
W/Vold    (   86): get partition mount point:minor:0,mVolumeMinor:0-->/mnt/vold/usbdisk1
W/Vold    (   86):  
D/DirectVolume(   86): Dv:partAdd: partMountPoint=/mnt/vold/usbdisk1/sda1
W/Vold    (   86): add partition mount point:minor:1,mVolumeMinor:0-->/mnt/vold/usbdisk1/sda1
W/Vold    (   86):  
E/NetlinkListener(   87): recvmsg mBuffer:
E/NetlinkListener(   87):  (add@/devices/platform/MtkUsbHcd.0/usb1/1-1/1-1:1.0/host1/target1:0:0/1:0:0:0/block/sda)
E/NetlinkListener(   87): recvmsg mBuffer:
E/NetlinkListener(   87):  (add@/devices/platform/MtkUsbHcd.0/usb1/1-1/1-1:1.0/host1/target1:0:0/1:0:0:0/block/sda/sda1)
I/MountService(  168): onEvent:: raw= 605 Volume usbdisk1 /mnt/vold/usbdisk1 state changed from 0 (No-Media) to 2 (Pending) cooked =  605 Volume usbdisk1 /mnt/vold/usbdisk1 state changed from 0 (No-Media) to 2 (Pending)
I/MountService(  168): notifyVolumeStateChanged::removed
W/Vold    (   86): get partition mount point:minor:1,mVolumeMinor:0-->/mnt/vold/usbdisk1/sda1
W/Vold    (   86):  
D/DirectVolume(   86): send msg for add partition path.
W/Vold    (   86): get partition mount point:minor:1,mVolumeMinor:0-->/mnt/vold/usbdisk1/sda1
W/Vold    (   86):  
W/Vold    (   86): get partition mount point:minor:1,mVolumeMinor:0-->/mnt/vold/usbdisk1/sda1
W/Vold    (   86):  
E/DirectVolume(   86): create mountPoint (/mnt/vold/usbdisk1/sda1) successfully
D/DirectVolume(   86): Dv:partAdd: Got all partitions - ready to rock!
W/Vold    (   86): Get vold.firstMountDevice=sdcard 
W/Vold    (   86):  
D/Vold    (   86): Volume usbdisk1 state changing 2 (Pending) -> 1 (Idle-Unmounted)
W/Vold    (   86): get partition mount point:minor:0,mVolumeMinor:0-->/mnt/vold/usbdisk1
W/Vold    (   86):  
W/Vold    (   86): get partition mount point:minor:0,mVolumeMinor:0-->/mnt/vold/usbdisk1
W/Vold    (   86):  
W/Vold    (   86): get partition mount point:minor:0,mVolumeMinor:0-->/mnt/vold/usbdisk1
W/Vold    (   86):  
W/Vold    (   86): get partition mount point:minor:0,mVolumeMinor:0-->/mnt/vold/usbdisk1
W/Vold    (   86):  
D/Vold    (   86): Mountpoint(0) = /mnt/vold/usbdisk1, sChangeNotifyLabel = /mnt/vold/usbdisk1
W/Vold    (   86): get partition mount point:minor:0,mVolumeMinor:0-->/mnt/vold/usbdisk1
W/Vold    (   86):  
I/MountService(  168): onEvent:: raw= 630 Volume usbdisk1 /mnt/vold/usbdisk1 disk inserted (8:0) cooked =  630 Volume usbdisk1 /mnt/vold/usbdisk1 disk inserted (8:0)
I/MountService(  168): key:/mnt/vold/usbdisk1
I/MountService(  168): value:removed
I/MountService(  168): key:/mnt/sdcard
I/MountService(  168): value:mounted
I/MountService(  168): key:/mnt/vold/satahdd
I/MountService(  168): value:removed
I/MountService(  168): key:/mnt/vold/usbdisk3
I/MountService(  168): value:removed
I/MountService(  168): key:/mnt/vold/usbdisk2
I/MountService(  168): value:removed
I/MountService(  168): mVolume[0]: /mnt/sdcard
I/MountService(  168): mVolume[1]: /mnt/vold/usbdisk1
I/MountService(  168): mVolume[2]: /mnt/vold/usbdisk2
I/MountService(  168): mVolume[3]: /mnt/vold/usbdisk3
I/MountService(  168): mVolume[4]: /mnt/vold/satahdd
I/MountService(  168): onEvent:: raw= 633 Volume usbdisk1 /mnt/vold/usbdisk1/sda1 partition mounted (8:0) cooked =  633 Volume usbdisk1 /mnt/vold/usbdisk1/sda1 partition mounted (8:0)
I/MountService(  168): StorageVolume [mAllowMassStorage=false, mDescription=ÄÚ²¿´æ´¢¿Õ¼ä, mEmulated=false, mMaxFileSize=0, mMtpReserveSpace=100, mPath=/mnt/sdcard, mRemovable=true, mStorageId=65537]
I/MountService(  168): StorageVolume [mAllowMassStorage=false, mDescription=USB ´æ´¢Æ÷, mEmulated=false, mMaxFileSize=0, mMtpReserveSpace=0, mPath=/mnt/vold/usbdisk1, mRemovable=true, mStorageId=131073]
I/MountService(  168): mVolume[1] disk: /mnt/vold/usbdisk1
I/MountService(  168): mVolume[1] partition: /mnt/vold/usbdisk1/sda1
I/MountService(  168): StorageVolume [mAllowMassStorage=false, mDescription=USB ´æ´¢Æ÷, mEmulated=false, mMaxFileSize=0, mMtpReserveSpace=0, mPath=/mnt/vold/usbdisk2, mRemovable=true, mStorageId=196609]
I/MountService(  168): StorageVolume [mAllowMassStorage=false, mDescription=USB ´æ´¢Æ÷, mEmulated=false, mMaxFileSize=0, mMtpReserveSpace=0, mPath=/mnt/vold/usbdisk3, mRemovable=true, mStorageId=262145]
I/MountService(  168): StorageVolume [mAllowMassStorage=false, mDescription=USB ´æ´¢Æ÷, mEmulated=false, mMaxFileSize=0, mMtpReserveSpace=0, mPath=/mnt/vold/satahdd, mRemovable=true, mStorageId=327681]
I/MountService(  168): sdcard path = /mnt/sdcard. usbdisk path =/mnt/vold/usbdisk1/sda1
I/MountService(  168): doMountVolume: Mouting usbdisk1
I/MountService(  168): onEvent:: raw= 605 Volume usbdisk1 /mnt/vold/usbdisk1 state changed from 2 (Pending) to 1 (Idle-Unmounted) cooked =  605 Volume usbdisk1 /mnt/vold/usbdisk1 state changed from 2 (Pending) to 1 (Idle-Unmounted)
I/MountService(  168): notifyVolumeStateChanged::removed
I/MountService(  168): updating volume state for media bad removal nofs and unmountable
D/MountService(  168): volume state changed for /mnt/vold/usbdisk1 (removed -> unmounted)
D/VoldCmdList[ 3793.111526] ----> schedule
[ 3804.486028] ----> time  [11, 362362264]
[ 3804.486043] ----> icoutn:nr  [48, 35],drop=1
ener(   86): volume mount usbdisk1
W/Vold    (   86): get partition mount point:minor:0,mVolumeMinor:0-->/mnt/vold/usbdisk1
W/Vold    (   86):  
E/DirectVolume(   86):  DeviceNodes:maj:main[8:1]
E/DirectVolume(   86):  mDiskNumParts=1
E/Vold    (   86): flags=0,primaryStorage=0
W/Vold    (   86): Get vold.firstMountDevice=sdcard 
W/Vold    (   86):  
D/Vold    (   86): Volume usbdisk1 state changing 1 (Idle-Unmounted) -> 3 (Checking)
W/Vold    (   86): get partition mount point:minor:0,mVolumeMinor:0-->/mnt/vold/usbdisk1
W/Vold    (   86):  
W/Vold    (   86): get partition mount point:minor:0,mVolumeMinor:0-->/mnt/vold/usbdisk1
W/Vold    (   86):  
W/Vold    (   86): get partition mount point:minor:0,mVolumeMinor:0-->/mnt/vold/usbdisk1
W/Vold    (   86):  
W/Vold    (   86): get partition mount point:minor:0,mVolumeMinor:0-->/mnt/vold/usbdisk1
W/Vold    (   86):  
D/Vold    (   86): Mountpoint(0) = /mnt/vold/usbdisk1, sChangeNotifyLabel = /mnt/vold/usbdisk1
W/Vold    (   86): get partition mount point:minor:0,mVolumeMinor:0-->/mnt/vold/usbdisk1
W/Vold    (   86):  
I/Vold    (   86): /dev/block/vold/8:1 being considered for volume usbdisk1
W/Vold    (   86): get partition mount point:minor:1,mVolumeMinor:0-->/mnt/vold/usbdisk1/sda1
W/Vold    (   86):  
D/MountService(  168): sendStorageIntent Intent { act=android.intent.action.MEDIA_UNMOUNTED dat=file:///mnt/vold/usbdisk1 (has extras) }
I/MountService(  168): onEvent:: raw= 605 Volume usbdisk1 /mnt/vold/usbdisk1 state changed from 1 (Idle-Unmounted) to 3 (Checking) cooked =  605 Volume usbdisk1 /mnt/vold/usbdisk1 state changed from 1 (Idle-Unmounted) to 3 (Checking)
I/MountService(  168): notifyVolumeStateChanged::unmounted
I/MountService(  168): updating volume state checking
D/MountService(  168): volume state changed for /mnt/vold/usbdisk1 (unmounted -> checking)
D/MountService(  168): sendStorageIntent Intent { act=android.intent.action.MEDIA_CHECKING dat=file:///mnt/vold/usbdisk1 (has extras) }
I/Vold    (   86): /dev/block/vold/8:1 being considered mount to /mnt/vold/usbdisk1/sda1 for volume usbdisk1
E/Vold    (   86): mount error=0
I/Vold    (   86):   VFAT mount /mnt/vold/usbdisk1/sda1 successfully
E/Vold    (   86): Volume usbdisk1 found mounting 1 partition sucessfully:(
W/Vold    (   86): Get vold.firstMountDevice=sdcard 
W/Vold    (   86):  
D/Vold    (   86): Volume usbdisk1 state changing 3 (Checking) -> 4 (Mounted)
W/Vold    (   86): get partition mount point:minor:0,mVolumeMinor:0-->/mnt/vold/usbdisk1
W/Vold    (   86):  
W/Vold    (   86): get partition mount point:minor:0,mVolumeMinor:0-->/mnt/vold/usbdisk1
W/Vold    (   86):  
W/Vold    (   86): get partition mount point:minor:0,mVolumeMinor:0-->/mnt/vold/usbdisk1
W/Vold    (   86):  
W/Vold    (   86): get partition mount point:minor:0,mVolumeMinor:0-->/mnt/vold/usbdisk1
W/Vold    (   86):  
D/Vold    (   86): Mountpoint(0) = /mnt/vold/usbdisk1, sChangeNotifyLabel = /mnt/vold/usbdisk1
W/Vold    (   86): get partition mount point:minor:0,mVolumeMinor:0-->/mnt/vold/usbdisk1
W/Vold    (   86):  
I/MountService(  168): onEvent:: raw= 605 Volume usbdisk1 /mnt/vold/usbdisk1 state changed from 3 (Checking) to 4 (Mounted) cooked =  605 Volume usbdisk1 /mnt/vold/usbdisk1 state changed from 3 (Checking) to 4 (Mounted)
I/MountService(  168): notifyVolumeStateChanged::checking
I/MountService(  168): updating volume state mounted
D/MountService(  168): volume state changed for /mnt/vold/usbdisk1 (checking -> mounted)
I/MountService(  168): mStorageNum = 1
I/MountService(  168): key:/mnt/vold/usbdisk1
I/MountService(  168): value:mounted
I/MountService(  168): key:/mnt/sdcard
I/MountService(  168): value:mounted
I/MountService(  168): key:/mnt/vold/satahdd
I/MountService(  168): value:removed
I/MountService(  168): key:/mnt/vold/usbdisk3
I/MountService(  168): value:removed
I/MountService(  168): key:/mnt/vold/usbdisk2
I/MountService(  168): value:removed
I/MountService(  168): mVolume[0]: /mnt/sdcard
I/MountService(  168): mPartitions[0]: /mnt/sdcard
I/MountService(  168): mVolume[1]: /mnt/vold/usbdisk1
I/MountService(  168): mPartitions[0]: /mnt/vold/usbdisk1/sda1
I/MountService(  168): mVolume[2]: /mnt/vold/usbdisk2
I/MountService(  168): mVolume[3]: /mnt/vold/usbdisk3
I/MountService(  168): mVolume[4]: /mnt/vold/satahdd
D/MountService(  168): sendStorageIntent Intent { act=android.intent.action.MEDIA_MOUNTED dat=file:///mnt/vold/usbdisk1 (has extras) }
W/MountService(  168): Insertion mount failed (-1)
E/NetlinkListener(   86): recvmsg mBuffer:
E/NetlinkListener(   86):  (add@/devices/platform/MtkUsbHcd.2/usb3/3-1)
W/Vold    (   86): subsys:usb
D/NetlinkEvent(   86): NL param 'DEVPATH=/devices/platform/MtkUsbHcd.2/usb3/3-1'
D/NetlinkEvent(   86): NL param 'MAJOR=189'
D/NetlinkEvent(   86): NL param 'MINOR=257'
D/NetlinkEvent(   86): NL param 'DEVNAME=bus/usb/003/002'
D/NetlinkEvent(   86): NL param 'DEVTYPE=usb_device'
D/NetlinkEvent(   86): NL param 'DEVICE=/proc/bus/usb/003/002'
D/NetlinkEvent(   86): NL param 'PRODUCT=951/1665/100'
D/NetlinkEvent(   86): NL param 'TYPE=0/0/0'
D/NetlinkEvent(   86): NL param 'BUSNUM=003'
D/NetlinkEvent(   86): NL param 'DEVNUM=002'
E/NetlinkListener(   87): recvmsg mBuffer:
E/NetlinkListener(   87):  (add@/devices/platform/MtkUsbHcd.2/usb3/3-1)
E/NetlinkListener(   87): recvmsg mBuffer:
E/NetlinkListener(   87):  (add@/devices/platform/MtkUsbHcd.2/usb3/3-1/3-1:1.0)
E/NetlinkListener(   86): recvmsg mBuffer:
E/NetlinkListener(   86):  (add@/devices/platform/MtkUsbHcd.2/usb3/3-1/3-1:1.0)
W/Vold    (   86): subsys:usb
D/NetlinkEvent(   86): NL param 'DEVPATH=/devices/platform/MtkUsbHcd.2/usb3/3-1/3-1:1.0'
D/NetlinkEvent(   86): NL param 'DEVTYPE=usb_interface'
D/NetlinkEvent(   86): NL param 'DEVICE=/proc/bus/usb/003/002'
D/NetlinkEvent(   86): NL param 'PRODUCT=951/1665/100'
D/NetlinkEvent(   86): NL param 'TYPE=0/0/0'
D/NetlinkEvent(   86): NL param 'INTERFACE=8/6/80'
D/NetlinkEvent(   86): NL param 'MODALIAS=usb:v0951p1665d0100dc00dsc00dp00ic08isc06ip50'
E/NetlinkListener(   86): recvmsg mBuffer:
E/NetlinkListener(   86):  (add@/devices/platform/MtkUsbHcd.2/usb3/3-1/3-1:1.0/host2)
W/Vold    (   86): subsys:scsi
D/NetlinkEvent(   86): NL param 'DEVPATH=/devices/platform/MtkUsbHcd.2/usb3/3-1/3-1:1.0/host2'
D/NetlinkEvent(   86): NL param 'DEVTYPE=scsi_host'
E/NetlinkListener(   87): recvmsg mBuffer:
E/NetlinkListener(   87):  (add@/devices/platform/MtkUsbHcd.2/usb3/3-1/3-1:1.0/host2)
E/NetlinkListener(   86): recvmsg mBuffer:
E/NetlinkListener(   86):  (add@/devices/platform/MtkUsbHcd.2/usb3/3-1/3-1:1.0/host2/scsi_host/host2)
W/Vold    (   86): subsys:scsi_host
D/NetlinkEvent(   86): NL param 'DEVPATH=/devices/platform/MtkUsbHcd.2/usb3/3-1/3-1:1.0/host2/scsi_host/host2'
E/NetlinkListener(   87): recvmsg mBuffer:
E/NetlinkListener(   87):  (add@/devices/platform/MtkUsbHcd.2/usb3/3-1/3-1:1.0/host2/scsi_host/host2)
E/NetlinkListener(   87): recvmsg mBuffer:
E/NetlinkListener(   87):  (add@/devices/platform/MtkUsbHcd.2/usb3/3-1/3-1:1.0/host2/target2:0:0)
E/NetlinkListener(   86): recvmsg mBuffer:
E/NetlinkListener(   86):  (add@/devices/platform/MtkUsbHcd.2/usb3/3-1/3-1:1.0/host2/target2:0:0)
W/Vold    (   86): subsys:scsi
D/NetlinkEvent(   86): NL param 'DEVPATH=/devices/platform/MtkUsbHcd.2/usb3/3-1/3-1:1.0/host2/target2:0:0'
D/NetlinkEvent(   86): NL param 'DEVTYPE=scsi_target'
E/NetlinkListener(   87): recvmsg mBuffer:
E/NetlinkListener(   87):  (add@/devices/platform/MtkUsbHcd.2/usb3/3-1/3-1:1.0/host2/target2:0:0/2:0:0:0)
E/NetlinkListener(   86): recvmsg mBuffer:
E/NetlinkListener(   86):  (add@/devices/platform/MtkUsbHcd.2/usb3/3-1/3-1:1.0/host2/target2:0:0/2:0:0:0)
W/Vold    (   86): subsys:scsi
D/NetlinkEvent(   86): NL param 'DEVPATH=/devices/platform/MtkUsbHcd.2/usb3/3-1/3-1:1.0/host2/target2:0:0/2:0:0:0'
D/NetlinkEvent(   86): NL param 'DEVTYPE=scsi_device'
D/NetlinkEvent(   86): NL param 'MODALIAS=scsi:t-0x00'
E/NetlinkListener(   87): recvmsg mBuffer:
E/NetlinkListener(   87):  (add@/devices/platform/MtkUsbHcd.2/usb3/3-1/3-1:1.0/host2/target2:0:0/2:0:0:0/scsi_disk/2:0:0:0)
E/NetlinkListener(   86): recvmsg mBuffer:
E/NetlinkListener(   86):  (add@/devices/platform/MtkUsbHcd.2/usb3/3-1/3-1:1.0/host2/target2:0:0/2:0:0:0/scsi_disk/2:0:0:0)
W/Vold    (   86): subsys:scsi_disk
D/NetlinkEvent(   86): NL param 'DEVPATH=/devices/platform/MtkUsbHcd.2/usb3/3-1/3-1:1.0/host2/target2:0:0/2:0:0:0/scsi_disk/2:0:0:0'
E/NetlinkListener(   87): recvmsg mBuffer:
E/NetlinkListener(   87):  (add@/devices/platform/MtkUsbHcd.2/usb3/3-1/3-1:1.0/host2/target2:0:0/2:0:0:0/scsi_device/2:0:0:0)
E/NetlinkListener(   86): recvmsg mBuffer:
E/NetlinkListener(   86):  (add@/devices/platform/MtkUsbHcd.2/usb3/3-1/3-1:1.0/host2/target2:0:0/2:0:0:0/scsi_device/2:0:0:0)
W/Vold    (   86): subsys:scsi_device
D/NetlinkEvent(   86): NL param 'DEVPATH=/devices/platform/MtkUsbHcd.2/usb3/3-1/3-1:1.0/host2/target2:0:0/2:0:0:0/scsi_device/2:0:0:0'
E/NetlinkListener(   86): recvmsg mBuffer:
E/NetlinkListener(   86):  (add@/devices/platform/MtkUsbHcd.2/usb3/3-1/3-1:1.0/host2/target2:0:0/2:0:0:0/bsg/2:0:0:0)
W/Vold    (   86): subsys:bsg
D/NetlinkEvent(   86): NL param 'DEVPATH=/devices/platform/MtkUsbHcd.2/usb3/3-1/3-1:1.0/host2/target2:0:0/2:0:0:0/bsg/2:0:0:0'
D/NetlinkEvent(   86): NL param 'MAJOR=253'
D/NetlinkEvent(   86): NL param 'MINOR=1'
D/NetlinkEvent(   86): NL param 'DEVNAME=bsg/2:0:0:0'
E/NetlinkListener(   87): recvmsg mBuffer:
E/NetlinkListener(   87):  (add@/devices/platform/MtkUsbHcd.2/usb3/3-1/3-1:1.0/host2/target2:0:0/2:0:0:0/bsg/2:0:0:0)
E/NetlinkListener(   87): recvmsg mBuffer:
E/NetlinkListener(   87):  (add@/devices/virtual/bdi/8:16)
E/NetlinkListener(   86): recvmsg mBuffer:
E/NetlinkListener(   86):  (add@/devices/virtual/bdi/8:16)
W/Vold    (   86): subsys:bdi
D/NetlinkEvent(   86): NL param 'DEVPATH=/devices/virtual/bdi/8:16'
E/NetlinkListener(   87): recvmsg mBuffer:
E/NetlinkListener(   87):  (add@/devices/platform/MtkUsbHcd.2/usb3/3-1/3-1:1.0/host2/target2:0:0/2:0:0:0/block/sdb)
E/NetlinkListener(   87): recvmsg mBuffer:
E/NetlinkListener(   87):  (add@/devices/platform/MtkUsbHcd.2/usb3/3-1/3-1:1.0/host2/target2:0:0/2:0:0:0/block/sdb/sdb1)
E/NetlinkListener(   86): recvmsg mBuffer:
E/NetlinkListener(   86):  (add@/devices/platform/MtkUsbHcd.2/usb3/3-1/3-1:1.0/host2/target2:0:0/2:0:0:0/block/sdb)
W/Vold    (   86): subsys:block
D/NetlinkEvent(   86): NL param 'DEVPATH=/devices/platform/MtkUsbHcd.2/usb3/3-1/3-1:1.0/host2/target2:0:0/2:0:0:0/block/sdb'
D/NetlinkEvent(   86): NL param 'MAJOR=8'
D/NetlinkEvent(   86): NL param 'MINOR=16'
D/NetlinkEvent(   86): NL param 'DEVNAME=sdb'
D/NetlinkEvent(   86): NL param 'DEVTYPE=disk'
D/NetlinkEvent(   86): NL param 'NPARTS=1'
W/DirectVolume(   86): Get vold.firstMountDevice=sdcard 
W/DirectVolume(   86):  
D/DirectVolume(   86): Dv::diskIns - waiting for 1 partitions (mask 0x2).mVolumeMinor=16
W/Vold    (   86): Get vold.firstMountDevice=sdcard 
W/Vold    (   86):  
D/Vold    (   86): Volume usbdisk3 state changing 0 (No-Media) -> 2 (Pending)
W/Vold    (   86): get partition mount point:minor:0 volume minor:16,mountpoint=/mnt/vold/usbdisk3
W/Vold    (   86):  
W/Vold    (   86): get partition mount point:minor:0 volume minor:16,mountpoint=/mnt/vold/usbdisk3
W/Vold    (   86):  
W/Vold    (   86): get partition mount point:minor:0 volume minor:16,mountpoint=/mnt/vold/usbdisk3
W/Vold    (   86):  
W/Vold    (   86): get partition mount point:minor:0 volume minor:16,mountpoint=/mnt/vold/usbdisk3
W/Vold    (   86):  
D/Vold    (   86): Mountpoint(0) = /mnt/vold/usbdisk3, sChangeNotifyLabel = /mnt/vold/usbdisk3
W/Vold    (   86): get partition mount point:minor:0 volume minor:16,mountpoint=/mnt/vold/usbdisk3
W/Vold    (   86):  
W/Vold    (   86): get partition mount point:minor:16,mVolumeMinor:16-->/mnt/vold/usbdisk3
W/Vold    (   86):  
E/NetlinkListener(   86): recvmsg mBuffer:
E/NetlinkListener(   86):  (add@/devices/platform/MtkUsbHcd.2/usb3/3-1/3-1:1.0/host2/target2:0:0/2:0:0:0/block/sdb/sdb1)
W/Vold    (   86): subsys:block
D/NetlinkEvent(   86): NL param 'DEVPATH=/devices/platform/MtkUsbHcd.2/usb3/3-1/3-1:1.0/host2/target2:0:0/2:0:0:0/block/sdb/sdb1'
D/NetlinkEvent(   86): NL param 'MAJOR=8'
D/NetlinkEvent(   86): NL param 'MINOR=17'
D/NetlinkEvent(   86): NL param 'DEVNAME=sdb1'
D/NetlinkEvent(   86): NL param 'DEVTYPE=partition'
D/NetlinkEvent(   86): NL param 'PARTN=1'
W/DirectVolume(   86): Get vold.firstMountDevice=sdcard 
W/DirectVolume(   86):  
D/DirectVolume(   86): Dv:partAdd: part_num = 1, minor = 17
W/Vold    (   86): get partition mount point:minor:16,mVolumeMinor:16-->/mnt/vold/usbdisk3
W/Vold    (   86):  
D/DirectVolume(   86): Dv:partAdd: partMountPoint=/mnt/vold/usbdisk3/sdb1
W/Vold    (   86): add partition mount point:minor:17,mVolumeMinor:16-->/mnt/vold/usbdisk3/sdb1
W/Vold    (   86):  
W/Vold    (   86): get partition mount point:minor:17,mVolumeMinor:16-->/mnt/vold/usbdisk3/sdb1
W/Vold    (   86):  
