I/System.out( 1026):    at libcore.io.IoBridge.connectErrno(IoBridge.java:152)
I/System.out( 1026):    at libcore.io.IoBridge.connect(IoBridge.java:112)
I/System.out( 1026):    at java.net.PlainSocketImpl.connect(PlainSocketImpl.java:192)
I/System.out( 1026):    at java.net.PlainSocketImpl.connect(PlainSocketImpl.java:459)
I/System.out( 1026):    at java.net.Socket.connect(Socket.java:842)
I/System.out( 1026):    at org.cybergarage.http.HTTPRequest.post(HTTPRequest.java:409)
I/System.out( 1026):    at org.cybergarage.http.HTTPRequest.post(HTTPRequest.java:476)
I/System.out( 1026):    at org.cybergarage.xml.Parser.parse(Parser.java:85)
I/System.out( 1026):    at org.cybergarage.upnp.Service.getSCPDNode(Service.java:386)
I/System.out( 1026):    at org.cybergarage.upnp.Service.getSCPDNode(Service.java:430)
I/System.out( 1026):    at org.cybergarage.upnp.Service.getActionList(Service.java:469)
I/System.out( 1026):    at org.cybergarage.upnp.Service.getAction(Service.java:488)
I/System.out( 1026):    at org.cybergarage.upnp.std.av.controller.MediaController.browse(MediaController.java:112)
I/System.out( 1026):    at org.cybergarage.upnp.std.av.controller.MediaController.browseDirectChildren(MediaController.java:204)
I/System.out( 1026):    at org.cybergarage.upnp.std.av.controller.MediaController.browse(MediaController.java:254)
I/System.out( 1026):    at stp.homeplayerlib.MediaServiceDeviceItem.getChilds(MediaServiceDeviceItem.java:140)
I/System.out( 1026):    at stp.homeplayerlib.MediaServiceDeviceItem.getChilds(MediaServiceDeviceItem.java:13)
I/System.out( 1026):    at com.coship.Multimedia.view.ContentItemShow$GetChildsTask.doInBackground(ContentItemShow.java:102)
I/System.out( 1026):    at com.coship.Multimedia.view.ContentItemShow$GetChildsTask.doInBackground(ContentItemShow.java:89)
I/System.out( 1026):    at android.os.AsyncTask$2.call(AsyncTask.java:264)
I/System.out( 1026):    at java.util.concurrent.FutureTask$Sync.innerRun(FutureTask.java:305)
I/System.out( 1026):    at java.util.concurrent.FutureTask.run(FutureTask.java:137)
I/System.out( 1026):    at android.os.AsyncTask$SerialExecutor$1.run(AsyncTask.java:208)
I/System.out( 1026):    at java.util.concurrent.ThreadPoolExecutor.runWorker(ThreadPoolExecutor.java:1076)
I/System.out( 1026):    at java.util.concurrent.ThreadPoolExecutor$Worker.run(ThreadPoolExecutor.java:569)
I/System.out( 1026):    at java.lang.Thread.run(Thread.java:856)
I/System.out( 1026): Caused by: libcore.io.ErrnoException: isConnected failed: ECONNREFUSED (Connection refused)
I/SurfaceTexture(   89): Current total buffer count= 3, mSynchronousMode=1
I/SurfaceTexture(   89): Query min-undequeue size=1
I/System.out( 1026):    at libcore.io.IoBridge.isConnected(IoBridge.java:201)
I/System.out( 1026):    ... 26 more
I/System.out( 1026): CyberGarage warning : java.io.FileNotFoundException: /ContentDirectory/7687/scpd.xml: open failed: ENOENT (No such file or directory)
I/System.out( 1026): org.cybergarage.xml.ParserException: java.io.FileNotFoundException: /ContentDirectory/7687/scpd.xml: open failed: ENOENT (No such file or directory)
I/System.out( 1026):    at org.cybergarage.xml.Parser.parse(Parser.java:107)
I/System.out( 1026):    at org.cybergarage.upnp.Service.getSCPDNode(Service.java:392)
I/System.out( 1026):    at org.cybergarage.upnp.Service.getSCPDNode(Service.java:440)
I/System.out( 1026):    at org.cybergarage.upnp.Service.getActionList(Service.java:469)
I/System.out( 1026):    at org.cybergarage.upnp.Service.getAction(Service.java:488)
I/System.out( 1026):    at org.cybergarage.upnp.std.av.controller.MediaController.browse(MediaController.java:112)
I/System.out( 1026):    at org.cybergarage.upnp.std.av.controller.MediaController.browseDirectChildren(MediaController.java:204)
I/System.out( 1026):    at org.cybergarage.upnp.std.av.controller.MediaController.browse(MediaController.java:254)
I/System.out( 1026):    at stp.homeplayerlib.MediaServiceDeviceItem.getChilds(MediaServiceDeviceItem.java:140)
I/System.out( 1026):    at stp.homeplayerlib.MediaServiceDeviceItem.getChilds(MediaServiceDeviceItem.java:13)
I/System.out( 1026):    at com.coship.Multimedia.view.ContentItemShow$GetChildsTask.doInBackground(ContentItemShow.java:102)
I/System.out( 1026):    at com.coship.Multimedia.view.ContentItemShow$GetChildsTask.doInBackground(ContentItemShow.java:89)
I/System.out( 1026):    at android.os.AsyncTask$2.call(AsyncTask.java:264)
I/System.out( 1026):    at java.util.concurrent.FutureTask$Sync.innerRun(FutureTask.java:305)
I/System.out( 1026):    at java.util.concurrent.FutureTask.run(FutureTask.java:137)
I/System.out( 1026):    at android.os.AsyncTask$SerialExecutor$1.run(AsyncTask.java:208)
I/System.out( 1026):    at java.util.concurrent.ThreadPoolExecutor.runWorker(ThreadPoolExecutor.java:1076)
I/System.out( 1026):    at java.util.concurrent.ThreadPoolExecutor$Worker.run(ThreadPoolExecutor.java:569)
I/System.out( 1026):    at java.lang.Thread.run(Thread.java:856)
I/System.out( 1026): Caused by: java.io.FileNotFoundException: /ContentDirectory/7687/scpd.xml: open failed: ENOENT (No such file or directory)
I/System.out( 1026):    at libcore.io.IoBridge.open(IoBridge.java:406)
I/System.out( 1026):    at java.io.FileInputStream.<init>(FileInputStream.java:78)
I/System.out( 1026):    at org.cybergarage.xml.Parser.parse(Parser.java:101)
I/System.out( 1026):    ... 18 more
I/System.out( 1026): Caused by: libcore.io.ErrnoException: open failed: ENOENT (No such file or directory)
I/System.out( 1026):    at libcore.io.Posix.open(Native Method)
I/System.out( 1026):    at libcore.io.BlockGuardOs.open(BlockGuardOs.java:110)
I/System.out( 1026):    at libcore.io.IoBridge.open(IoBridge.java:390)
I/System.out( 1026):    ... 20 more
D/HomePlayerLib( 1026): current page is 1 rangeOfPages size is 1 should be equal
D/HomePlayerLib( 1026): this page is first go to, currentPage is 1 file count is 0
I/System.out( 1026): browse 0, BrowseMetadata, 0, 100
D/System.out( 1026): host is 192.168.2.13 port is 62625
I/System.out( 1026): CyberGarage warning : failed to connect to /192.168.2.13 (port 62625) after 5000ms: isConnected failed: ECONNREFUSED (Connection refused)
I/System.out( 1026): java.net.ConnectException: failed to connect to /192.168.2.13 (port 62625) after 5000ms: isConnected failed: ECONNREFUSED (Connection refused)
I/System.out( 1026):    at libcore.io.IoBridge.isConnected(IoBridge.java:214)
I/System.out( 1026):    at libcore.io.IoBridge.connectErrno(IoBridge.java:152)
I/System.out( 1026):    at libcore.io.IoBridge.connect(IoBridge.java:112)
I/System.out( 1026):    at java.net.PlainSocketImpl.connect(PlainSocketImpl.java:192)
I/System.out( 1026):    at java.net.PlainSocketImpl.connect(PlainSocketImpl.java:459)
I/System.out( 1026):    at java.net.Socket.connect(Socket.java:842)
I/System.out( 1026):    at org.cybergarage.http.HTTPRequest.post(HTTPRequest.java:409)
I/System.out( 1026):    at org.cybergarage.http.HTTPRequest.post(HTTPRequest.java:476)
I/System.out( 1026):    at org.cybergarage.xml.Parser.parse(Parser.java:85)
I/System.out( 1026):    at org.cybergarage.upnp.Service.getSCPDNode(Service.java:386)
I/System.out( 1026):    at org.cybergarage.upnp.Service.getSCPDNode(Service.java:430)
I/System.out( 1026):    at org.cybergarage.upnp.Service.getActionList(Service.java:469)
I/System.out( 1026):    at org.cybergarage.upnp.Service.getAction(Service.java:488)
I/System.out( 1026):    at org.cybergarage.upnp.std.av.controller.MediaController.browse(MediaController.java:112)
I/System.out( 1026):    at org.cybergarage.upnp.std.av.controller.MediaController.browseMetaData(MediaController.java:186)
I/System.out( 1026):    at stp.homeplayerlib.MediaServiceDeviceItem.getChilds(MediaServiceDeviceItem.java:82)
I/System.out( 1026):    at stp.homeplayerlib.MediaServiceDeviceItem.getChilds(MediaServiceDeviceItem.java:13)
I/System.out( 1026):    at com.coship.Multimedia.view.ContentItemShow$GetChildsTask.doInBackground(ContentItemShow.java:106)
I/System.out( 1026):    at com.coship.Multimedia.view.ContentItemShow$GetChildsTask.doInBackground(ContentItemShow.java:89)
I/System.out( 1026):    at android.os.AsyncTask$2.call(AsyncTask.java:264)
I/System.out( 1026):    at java.util.concurrent.FutureTask$Sync.innerRun(FutureTask.java:305)
I/System.out( 1026):    at java.util.concurrent.FutureTask.run(FutureTask.java:137)
I/System.out( 1026):    at android.os.AsyncTask$SerialExecutor$1.run(AsyncTask.java:208)
I/System.out( 1026):    at java.util.concurrent.ThreadPoolExecutor.runWorker(ThreadPoolExecutor.java:1076)
I/System.out( 1026):    at java.util.concurrent.ThreadPoolExecutor$Worker.run(ThreadPoolExecutor.java:569)
I/System.out( 1026):    at java.lang.Thread.run(Thread.java:856)
I/System.out( 1026): Caused by: libcore.io.ErrnoException: isConnected failed: ECONNREFUSED (Connection refused)
I/System.out( 1026):    at libcore.io.IoBridge.isConnected(IoBridge.java:201)
I/System.out( 1026):    ... 25 more
I/System.out( 1026): CyberGarage warning : java.io.FileNotFoundException: /ContentDirectory/7687/scpd.xml: open failed: ENOENT (No such file or directory)
I/System.out( 1026): org.cybergarage.xml.ParserException: java.io.FileNotFoundException: /ContentDirectory/7687/scpd.xml: open failed: ENOENT (No such file or directory)
I/System.out( 1026):    at org.cybergarage.xml.Parser.parse(Parser.java:107)
I/System.out( 1026):    at org.cybergarage.upnp.Service.getSCPDNode(Service.java:392)
I/System.out( 1026):    at org.cybergarage.upnp.Service.getSCPDNode(Service.java:440)
I/System.out( 1026):    at org.cybergarage.upnp.Service.getActionList(Service.java:469)
I/System.out( 1026):    at org.cybergarage.upnp.Service.getAction(Service.java:488)
I/System.out( 1026):    at org.cybergarage.upnp.std.av.controller.MediaController.browse(MediaController.java:112)
I/System.out( 1026):    at org.cybergarage.upnp.std.av.controller.MediaController.browseMetaData(MediaController.java:186)
I/System.out( 1026):    at stp.homeplayerlib.MediaServiceDeviceItem.getChilds(MediaServiceDeviceItem.java:82)
I/System.out( 1026):    at stp.homeplayerlib.MediaServiceDeviceItem.getChilds(MediaServiceDeviceItem.java:13)
I/System.out( 1026):    at com.coship.Multimedia.view.ContentItemShow$GetChildsTask.doInBackground(ContentItemShow.java:106)
I/System.out( 1026):    at com.coship.Multimedia.view.ContentItemShow$GetChildsTask.doInBackground(ContentItemShow.java:89)
I/System.out( 1026):    at android.os.AsyncTask$2.call(AsyncTask.java:264)
I/System.out( 1026):    at java.util.concurrent.FutureTask$Sync.innerRun(FutureTask.java:305)
I/System.out( 1026):    at java.util.concurrent.FutureTask.run(FutureTask.java:137)
I/System.out( 1026):    at android.os.AsyncTask$SerialExecutor$1.run(AsyncTask.java:208)
I/System.out( 1026):    at java.util.concurrent.ThreadPoolExecutor.runWorker(ThreadPoolExecutor.java:1076)
I/System.out( 1026):    at java.util.concurrent.ThreadPoolExecutor$Worker.run(ThreadPoolExecutor.java:569)
I/System.out( 1026):    at java.lang.Thread.run(Thread.java:856)
I/System.out( 1026): Caused by: java.io.FileNotFoundException: /ContentDirectory/7687/scpd.xml: open failed: ENOENT (No such file or directory)
I/System.out( 1026):    at libcore.io.IoBridge.open(IoBridge.java:406)
I/System.out( 1026):    at java.io.FileInputStream.<init>(FileInputStream.java:78)
I/System.out( 1026):    at org.cybergarage.xml.Parser.parse(Parser.java:101)
I/System.out( 1026):    ... 17 more
I/System.out( 1026): Caused by: libcore.io.ErrnoException: open failed: ENOENT (No such file or directory)
I/System.out( 1026):    at libcore.io.Posix.open(Native Method)
I/System.out( 1026):    at libcore.io.BlockGuardOs.open(BlockGuardOs.java:110)
I/System.out( 1026):    at libcore.io.IoBridge.open(IoBridge.java:390)
I/System.out( 1026):    ... 19 more
I/System.out( 1026): browse 0, BrowseDirectChildren, 0, 100
D/System.out( 1026): host is 192.168.2.13 port is 62625
I/System.out( 1026): CyberGarage warning : failed to connect to /192.168.2.13 (port 62625) after 5000ms: isConnected failed: ECONNREFUSED (Connection refused)
I/System.out( 1026): java.net.ConnectException: failed to connect to /192.168.2.13 (port 62625) after 5000ms: isConnected failed: ECONNREFUSED (Connection refused)
I/System.out( 1026):    at libcore.io.IoBridge.isConnected(IoBridge.java:214)
I/System.out( 1026):    at libcore.io.IoBridge.connectErrno(IoBridge.java:152)
I/System.out( 1026):    at libcore.io.IoBridge.connect(IoBridge.java:112)
I/System.out( 1026):    at java.net.PlainSocketImpl.connect(PlainSocketImpl.java:192)
I/System.out( 1026):    at java.net.PlainSocketImpl.connect(PlainSocketImpl.java:459)
I/System.out( 1026):    at java.net.Socket.connect(Socket.java:842)
I/System.out( 1026):    at org.cybergarage.http.HTTPRequest.post(HTTPRequest.java:409)
I/System.out( 1026):    at org.cybergarage.http.HTTPRequest.post(HTTPRequest.java:476)
I/System.out( 1026):    at org.cybergarage.xml.Parser.parse(Parser.java:85)
I/System.out( 1026):    at org.cybergarage.upnp.Service.getSCPDNode(Service.java:386)
I/System.out( 1026):    at org.cybergarage.upnp.Service.getSCPDNode(Service.java:430)
I/System.out( 1026):    at org.cybergarage.upnp.Service.getActionList(Service.java:469)
I/System.out( 1026):    at org.cybergarage.upnp.Service.getAction(Service.java:488)
I/System.out( 1026):    at org.cybergarage.upnp.std.av.controller.MediaController.browse(MediaController.java:112)
I/System.out( 1026):    at org.cybergarage.upnp.std.av.controller.MediaController.browseDirectChildren(MediaController.java:204)
I/System.out( 1026):    at org.cybergarage.upnp.std.av.controller.MediaController.browse(MediaController.java:254)
I/System.out( 1026):    at stp.homeplayerlib.MediaServiceDeviceItem.getChilds(MediaServiceDeviceItem.java:85)
I/System.out( 1026):    at stp.homeplayerlib.MediaServiceDeviceItem.getChilds(MediaServiceDeviceItem.java:13)
I/System.out( 1026):    at com.coship.Multimedia.view.ContentItemShow$GetChildsTask.doInBackground(ContentItemShow.java:106)
I/System.out( 1026):    at com.coship.Multimedia.view.ContentItemShow$GetChildsTask.doInBackground(ContentItemShow.java:89)
I/System.out( 1026):    at android.os.AsyncTask$2.call(AsyncTask.java:264)
I/System.out( 1026):    at java.util.concurrent.FutureTask$Sync.innerRun(FutureTask.java:305)
I/System.out( 1026):    at java.util.concurrent.FutureTask.run(FutureTask.java:137)
I/System.out( 1026):    at android.os.AsyncTask$SerialExecutor$1.run(AsyncTask.java:208)
I/System.out( 1026):    at java.util.concurrent.ThreadPoolExecutor.runWorker(ThreadPoolExecutor.java:1076)
I/System.out( 1026):    at java.util.concurrent.ThreadPoolExecutor$Worker.run(ThreadPoolExecutor.java:569)
I/System.out( 1026):    at java.lang.Thread.run(Thread.java:856)
I/System.out( 1026): Caused by: libcore.io.ErrnoException: isConnected failed: ECONNREFUSED (Connection refused)
I/System.out( 1026):    at libcore.io.IoBridge.isConnected(IoBridge.java:201)
I/System.out( 1026):    ... 26 more
I/System.out( 1026): CyberGarage warning : java.io.FileNotFoundException: /ContentDirectory/7687/scpd.xml: open failed: ENOENT (No such file or directory)
I/System.out( 1026): org.cybergarage.xml.ParserException: java.io.FileNotFoundException: /ContentDirectory/7687/scpd.xml: open failed: ENOENT (No such file or directory)
I/System.out( 1026):    at org.cybergarage.xml.Parser.parse(Parser.java:107)
I/System.out( 1026):    at org.cybergarage.upnp.Service.getSCPDNode(Service.java:392)
I/System.out( 1026):    at org.cybergarage.upnp.Service.getSCPDNode(Service.java:440)
I/System.out( 1026):    at org.cybergarage.upnp.Service.getActionList(Service.java:469)
I/System.out( 1026):    at org.cybergarage.upnp.Service.getAction(Service.java:488)
I/System.out( 1026):    at org.cybergarage.upnp.std.av.controller.MediaController.browse(MediaController.java:112)
I/System.out( 1026):    at org.cybergarage.upnp.std.av.controller.MediaController.browseDirectChildren(MediaController.java:204)
I/System.out( 1026):    at org.cybergarage.upnp.std.av.controller.MediaController.browse(MediaController.java:254)
I/System.out( 1026):    at stp.homeplayerlib.MediaServiceDeviceItem.getChilds(MediaServiceDeviceItem.java:85)
I/System.out( 1026):    at stp.homeplayerlib.MediaServiceDeviceItem.getChilds(MediaServiceDeviceItem.java:13)
I/System.out( 1026):    at com.coship.Multimedia.view.ContentItemShow$GetChildsTask.doInBackground(ContentItemShow.java:106)
I/System.out( 1026):    at com.coship.Multimedia.view.ContentItemShow$GetChildsTask.doInBackground(ContentItemShow.java:89)
I/System.out( 1026):    at android.os.AsyncTask$2.call(AsyncTask.java:264)
I/System.out( 1026):    at java.util.concurrent.FutureTask$Sync.innerRun(FutureTask.java:305)
I/System.out( 1026):    at java.util.concurrent.FutureTask.run(FutureTask.java:137)
I/System.out( 1026):    at android.os.AsyncTask$SerialExecutor$1.run(AsyncTask.java:208)
I/System.out( 1026):    at java.util.concurrent.ThreadPoolExecutor.runWorker(ThreadPoolExecutor.java:1076)
I/System.out( 1026):    at java.util.concurrent.ThreadPoolExecutor$Worker.run(ThreadPoolExecutor.java:569)
I/System.out( 1026):    at java.lang.Thread.run(Thread.java:856)
I/System.out( 1026): Caused by: java.io.FileNotFoundException: /ContentDirectory/7687/scpd.xml: open failed: ENOENT (No such file or directory)
I/System.out( 1026):    at libcore.io.IoBridge.open(IoBridge.java:406)
I/System.out( 1026):    at java.io.FileInputStream.<init>(FileInputStream.java:78)
I/System.out( 1026):    at org.cybergarage.xml.Parser.parse(Parser.java:101)
I/System.out( 1026):    ... 18 more
I/System.out( 1026): Caused by: libcore.io.ErrnoException: open failed: ENOENT (No such file or directory)
I/System.out( 1026):    at libcore.io.Posix.open(Native Method)
I/System.out( 1026):    at libcore.io.BlockGuardOs.open(BlockGuardOs.java:110)
I/System.out( 1026):    at libcore.io.IoBridge.open(IoBridge.java:390)
I/System.out( 1026):    ... 20 more
D/HomePlayerLib( 1026): this page has been got,currrent page is  1 file count is 0
V/iView   ( 1026): +++++++++++listdata size +++++++++++++1
D/dalvikvm( 1026): GC_CONCURRENT freed 2041K, 7% free 41378K/44039K, paused 2ms+6ms
E/EventHub(  171): send pin = 24,value = 0
V/PinyinIME(  824): onKeyDown:22
I/PinyinIME(  824): onKeyDown:System handler the keyevent
V/iView   ( 1026): ++++arg0++++android.widget.GridView@43018020+++++arg1++++true
E/EventHub(  171): send pin = 24,value = 0
I/PinyinIME(  824): onKeyUp:22
I/PinyinIME(  824): onKeyUp:System handler the keyevent
D/InputEventConsistencyVerifier( 1026): KeyEvent: ACTION_UP but key was not down.
D/InputEventConsistencyVerifier( 1026):   in android.widget.LinearLayout@431f0b68
D/InputEventConsistencyVerifier( 1026):   0: sent at 2462957000000, KeyEvent { action=ACTION_UP, keyCode=KEYCODE_DPAD_RIGHT, scanCode=106, metaState=0, flags=0x8, repeatCount=0, eventTime=2462957, downTime=2462887, deviceId=1, source=0x701 }
D/InputEventConsistencyVerifier( 1026):   -- recent events --
D/InputEventConsistencyVerifier( 1026):   1: sent at 2460101000000, (unhandled) KeyEvent { action=ACTION_DOWN, keyCode=KEYCODE_DPAD_LEFT, scanCode=105, metaState=0, flags=0x8, repeatCount=0, eventTime=2460101, downTime=2460101, deviceId=1, source=0x701 }
D/InputEventConsistencyVerifier( 1026):   2: sent at 2459785000000, (unhandled) KeyEvent { action=ACTION_UP, keyCode=KEYCODE_DPAD_DOWN, scanCode=108, metaState=0, flags=0x8, repeatCount=0, eventTime=2459785, downTime=2459715, deviceId=1, source=0x701 }
D/InputEventConsistencyVerifier( 1026):   3: sent at 2459715000000, (unhandled) KeyEvent { action=ACTION_DOWN, keyCode=KEYCODE_DPAD_DOWN, scanCode=108, metaState=0, flags=0x8, repeatCount=0, eventTime=2459715, downTime=2459715, deviceId=1, source=0x701 }
D/InputEventConsistencyVerifier( 1026):   4: sent at 2459019000000, (unhandled) KeyEvent { action=ACTION_UP, keyCode=KEYCODE_DPAD_DOWN, scanCode=108, metaState=0, flags=0x8, repeatCount=0, eventTime=2459019, downTime=2458948, deviceId=1, source=0x701 }
D/InputEventConsistencyVerifier( 1026):   5: sent at 2458948000000, (unhandled) KeyEvent { action=ACTION_DOWN, keyCode=KEYCODE_DPAD_DOWN, scanCode=108, metaState=0, flags=0x8, repeatCount=0, eventTime=2458948, downTime=2458948, deviceId=1, source=0x701 }
D/dalvikvm( 1026): GC_CONCURRENT freed 2043K, 7% free 41375K/44039K, paused 2ms+6ms
D/dalvikvm( 1026): GC_CONCURRENT freed 2029K, 7% free 41394K/44039K, paused 2ms+5ms
E/EventHub(  171): send pin = 24,value = 0
V/PinyinIME(  824): onKeyDown:23
I/PinyinIME(  824): onKeyDown:System handler the keyevent
E/EventHub(  171): send pin = 24,value = 0
I/PinyinIME(  824): onKeyUp:23
I/PinyinIME(  824): onKeyUp:System handler the keyevent
I/SurfaceTexture(   89): Current total buffer count= 3, mSynchronousMode=1
I/SurfaceTexture(   89): Query min-undequeue size=1
I/XXXX    ( 1026): Read /mnt/vold/
D/dalvikvm( 1026): GC_CONCURRENT freed 2059K, 7% free 41383K/44039K, paused 2ms+6ms
I/XXXX    ( 1026): usbdiskChild length is 4
I/XXXX    ( 1026): Read /mnt/vold/
I/XXXX    ( 1026): usbdiskChild length is 4
V/iView   ( 1026): +++++++++++listdata size +++++++++++++4
D/dalvikvm( 1026): GC_CONCURRENT freed 2025K, 6% free 41405K/44039K, paused 2ms+7ms
D/dalvikvm( 1026): GC_CONCURRENT freed 2011K, 6% free 41442K/44039K, paused 2ms+7ms
D/dalvikvm( 1026): GC_CONCURRENT freed 2079K, 6% free 41407K/44039K, paused 2ms+8ms
E/EventHub(  171): send pin = 24,value = 0
V/PinyinIME(  824): onKeyDown:22
I/PinyinIME(  824): onKeyDown:System handler the keyevent
E/EventHub(  171): send pin = 24,value = 0
I/PinyinIME(  824): onKeyUp:22
I/PinyinIME(  824): onKeyUp:System handler the keyevent
D/dalvikvm( 1026): GC_CONCURRENT freed 2026K, 6% free 41424K/44039K, paused 2ms+6ms
D/dalvikvm( 1026): GC_CONCURRENT freed 1936K, 6% free 41414K/44039K, paused 2ms+5ms
E/EventHub(  171): send pin = 24,value = 0
V/PinyinIME(  824): onKeyDown:22
I/PinyinIME(  824): onKeyDown:System handler the keyevent
E/EventHub(  171): send pin = 24,value = 0
I/PinyinIME(  824): onKeyUp:22
I/PinyinIME(  824): onKeyUp:System handler the keyevent
E/EventHub(  171): send pin = 24,value = 0
V/PinyinIME(  824): onKeyDown:22
I/PinyinIME(  824): onKeyDown:System handler the keyevent
E/EventHub(  171): send pin = 24,value = 0
I/PinyinIME(  824): onKeyUp:22
I/PinyinIME(  824): onKeyUp:System handler the keyevent
D/dalvikvm( 1026): GC_CONCURRENT freed 1929K, 6% free 41412K/44039K, paused 3ms+8ms
E/EventHub(  171): send pin = 24,value = 0
V/PinyinIME(  824): onKeyDown:23
I/PinyinIME(  824): onKeyDown:System handler the keyevent
E/EventHub(  171): send pin = 24,value = 0
I/PinyinIME(  824): onKeyUp:23
I/PinyinIME(  824): onKeyUp:System handler the keyevent
I/System.out( 1026): browse 0, BrowseMetadata, 0, 100
I/SurfaceTexture(   89): Current total buffer count= 3, mSynchronousMode=1
I/SurfaceTexture(   89): Query min-undequeue size=1
D/System.out( 1026): host is 192.168.2.13 port is 62625
I/System.out( 1026): CyberGarage warning : failed to connect to /192.168.2.13 (port 62625) after 5000ms: isConnected failed: ECONNREFUSED (Connection refused)
I/System.out( 1026): java.net.ConnectException: failed to connect to /192.168.2.13 (port 62625) after 5000ms: isConnected failed: ECONNREFUSED (Connection refused)
I/System.out( 1026):    at libcore.io.IoBridge.isConnected(IoBridge.java:214)
I/System.out( 1026):    at libcore.io.IoBridge.connectErrno(IoBridge.java:152)
I/System.out( 1026):    at libcore.io.IoBridge.connect(IoBridge.java:112)
I/System.out( 1026):    at java.net.PlainSocketImpl.connect(PlainSocketImpl.java:192)
I/System.out( 1026):    at java.net.PlainSocketImpl.connect(PlainSocketImpl.java:459)
I/System.out( 1026):    at java.net.Socket.connect(Socket.java:842)
I/System.out( 1026):    at org.cybergarage.http.HTTPRequest.post(HTTPRequest.java:409)
I/System.out( 1026):    at org.cybergarage.http.HTTPRequest.post(HTTPRequest.java:476)
I/System.out( 1026):    at org.cybergarage.xml.Parser.parse(Parser.java:85)
I/System.out( 1026):    at org.cybergarage.upnp.Service.getSCPDNode(Service.java:386)
I/System.out( 1026):    at org.cybergarage.upnp.Service.getSCPDNode(Service.java:430)
I/System.out( 1026):    at org.cybergarage.upnp.Service.getActionList(Service.java:469)
I/System.out( 1026):    at org.cybergarage.upnp.Service.getAction(Service.java:488)
I/System.out( 1026):    at org.cybergarage.upnp.std.av.controller.MediaController.browse(MediaController.java:112)
I/System.out( 1026):    at org.cybergarage.upnp.std.av.controller.MediaController.browseMetaData(MediaController.java:186)
I/System.out( 1026):    at stp.homeplayerlib.MediaServiceDeviceItem.getChilds(MediaServiceDeviceItem.java:137)
I/System.out( 1026):    at stp.homeplayerlib.MediaServiceDeviceItem.getChilds(MediaServiceDeviceItem.java:13)
I/System.out( 1026):    at com.coship.Multimedia.view.ContentItemShow$GetChildsTask.doInBackground(ContentItemShow.java:102)
I/System.out( 1026):    at com.coship.Multimedia.view.ContentItemShow$GetChildsTask.doInBackground(ContentItemShow.java:89)
I/System.out( 1026):    at android.os.AsyncTask$2.call(AsyncTask.java:264)
I/System.out( 1026):    at java.util.concurrent.FutureTask$Sync.innerRun(FutureTask.java:305)
I/System.out( 1026):    at java.util.concurrent.FutureTask.run(FutureTask.java:137)
I/System.out( 1026):    at android.os.AsyncTask$SerialExecutor$1.run(AsyncTask.java:208)
I/System.out( 1026):    at java.util.concurrent.ThreadPoolExecutor.runWorker(ThreadPoolExecutor.java:1076)
I/System.out( 1026):    at java.util.concurrent.ThreadPoolExecutor$Worker.run(ThreadPoolExecutor.java:569)
I/System.out( 1026):    at java.lang.Thread.run(Thread.java:856)
I/System.out( 1026): Caused by: libcore.io.ErrnoException: isConnected failed: ECONNREFUSED (Connection refused)
I/System.out( 1026):    at libcore.io.IoBridge.isConnected(IoBridge.java:201)
I/System.out( 1026):    ... 25 more
I/System.out( 1026): CyberGarage warning : java.io.FileNotFoundException: /ContentDirectory/7687/scpd.xml: open failed: ENOENT (No such file or directory)
I/System.out( 1026): org.cybergarage.xml.ParserException: java.io.FileNotFoundException: /ContentDirectory/7687/scpd.xml: open failed: ENOENT (No such file or directory)
I/System.out( 1026):    at org.cybergarage.xml.Parser.parse(Parser.java:107)
I/System.out( 1026):    at org.cybergarage.upnp.Service.getSCPDNode(Service.java:392)
I/System.out( 1026):    at org.cybergarage.upnp.Service.getSCPDNode(Service.java:440)
I/System.out( 1026):    at org.cybergarage.upnp.Service.getActionList(Service.java:469)
I/System.out( 1026):    at org.cybergarage.upnp.Service.getAction(Service.java:488)
I/System.out( 1026):    at org.cybergarage.upnp.std.av.controller.MediaController.browse(MediaController.java:112)
I/System.out( 1026):    at org.cybergarage.upnp.std.av.controller.MediaController.browseMetaData(MediaController.java:186)
I/System.out( 1026):    at stp.homeplayerlib.MediaServiceDeviceItem.getChilds(MediaServiceDeviceItem.java:137)
I/System.out( 1026):    at stp.homeplayerlib.MediaServiceDeviceItem.getChilds(MediaServiceDeviceItem.java:13)
I/System.out( 1026):    at com.coship.Multimedia.view.ContentItemShow$GetChildsTask.doInBackground(ContentItemShow.java:102)
I/System.out( 1026):    at com.coship.Multimedia.view.ContentItemShow$GetChildsTask.doInBackground(ContentItemShow.java:89)
I/System.out( 1026):    at android.os.AsyncTask$2.call(AsyncTask.java:264)
I/System.out( 1026):    at java.util.concurrent.FutureTask$Sync.innerRun(FutureTask.java:305)
I/System.out( 1026):    at java.util.concurrent.FutureTask.run(FutureTask.java:137)
I/System.out( 1026):    at android.os.AsyncTask$SerialExecutor$1.run(AsyncTask.java:208)
I/System.out( 1026):    at java.util.concurrent.ThreadPoolExecutor.runWorker(ThreadPoolExecutor.java:1076)
I/System.out( 1026):    at java.util.concurrent.ThreadPoolExecutor$Worker.run(ThreadPoolExecutor.java:569)
I/System.out( 1026):    at java.lang.Thread.run(Thread.java:856)
I/System.out( 1026): Caused by: java.io.FileNotFoundException: /ContentDirectory/7687/scpd.xml: open failed: ENOENT (No such file or directory)
I/System.out( 1026):    at libcore.io.IoBridge.open(IoBridge.java:406)
I/System.out( 1026):    at java.io.FileInputStream.<init>(FileInputStream.java:78)
I/System.out( 1026):    at org.cybergarage.xml.Parser.parse(Parser.java:101)
I/System.out( 1026):    ... 17 more
I/System.out( 1026): Caused by: libcore.io.ErrnoException: open failed: ENOENT (No such file or directory)
I/System.out( 1026):    at libcore.io.Posix.open(Native Method)
I/System.out( 1026):    at libcore.io.BlockGuardOs.open(BlockGuardOs.java:110)
I/System.out( 1026):    at libcore.io.IoBridge.open(IoBridge.java:390)
I/System.out( 1026):    ... 19 more
I/System.out( 1026): browse 0, BrowseDirectChildren, 0, 100
D/System.out( 1026): host is 192.168.2.13 port is 62625
I/System.out( 1026): CyberGarage warning : failed to connect to /192.168.2.13 (port 62625) after 5000ms: isConnected failed: ECONNREFUSED (Connection refused)
I/System.out( 1026): java.net.ConnectException: failed to connect to /192.168.2.13 (port 62625) after 5000ms: isConnected failed: ECONNREFUSED (Connection refused)
I/System.out( 1026):    at libcore.io.IoBridge.isConnected(IoBridge.java:214)
I/System.out( 1026):    at libcore.io.IoBridge.connectErrno(IoBridge.java:152)
I/System.out( 1026):    at libcore.io.IoBridge.connect(IoBridge.java:112)
I/System.out( 1026):    at java.net.PlainSocketImpl.connect(PlainSocketImpl.java:192)
I/System.out( 1026):    at java.net.PlainSocketImpl.connect(PlainSocketImpl.java:459)
I/System.out( 1026):    at java.net.Socket.connect(Socket.java:842)
I/System.out( 1026):    at org.cybergarage.http.HTTPRequest.post(HTTPRequest.java:409)
I/System.out( 1026):    at org.cybergarage.http.HTTPRequest.post(HTTPRequest.java:476)
I/System.out( 1026):    at org.cybergarage.xml.Parser.parse(Parser.java:85)
I/System.out( 1026):    at org.cybergarage.upnp.Service.getSCPDNode(Service.java:386)
I/System.out( 1026):    at org.cybergarage.upnp.Service.getSCPDNode(Service.java:430)
I/System.out( 1026):    at org.cybergarage.upnp.Service.getActionList(Service.java:469)
I/System.out( 1026):    at org.cybergarage.upnp.Service.getAction(Service.java:488)
I/System.out( 1026):    at org.cybergarage.upnp.std.av.controller.MediaController.browse(MediaController.java:112)
I/System.out( 1026):    at org.cybergarage.upnp.std.av.controller.MediaController.browseDirectChildren(MediaController.java:204)
I/System.out( 1026):    at org.cybergarage.upnp.std.av.controller.MediaController.browse(MediaController.java:254)
I/System.out( 1026):    at stp.homeplayerlib.MediaServiceDeviceItem.getChilds(MediaServiceDeviceItem.java:140)
I/System.out( 1026):    at stp.homeplayerlib.MediaServiceDeviceItem.getChilds(MediaServiceDeviceItem.java:13)
I/System.out( 1026):    at com.coship.Multimedia.view.ContentItemShow$GetChildsTask.doInBackground(ContentItemShow.java:102)
I/System.out( 1026):    at com.coship.Multimedia.view.ContentItemShow$GetChildsTask.doInBackground(ContentItemShow.java:89)
I/System.out( 1026):    at android.os.AsyncTask$2.call(AsyncTask.java:264)
I/System.out( 1026):    at java.util.concurrent.FutureTask$Sync.innerRun(FutureTask.java:305)
I/System.out( 1026):    at java.util.concurrent.FutureTask.run(FutureTask.java:137)
I/System.out( 1026):    at android.os.AsyncTask$SerialExecutor$1.run(AsyncTask.java:208)
I/System.out( 1026):    at java.util.concurrent.ThreadPoolExecutor.runWorker(ThreadPoolExecutor.java:1076)
I/System.out( 1026):    at java.util.concurrent.ThreadPoolExecutor$Worker.run(ThreadPoolExecutor.java:569)
I/System.out( 1026):    at java.lang.Thread.run(Thread.java:856)
I/System.out( 1026): Caused by: libcore.io.ErrnoException: isConnected failed: ECONNREFUSED (Connection refused)
I/System.out( 1026):    at libcore.io.IoBridge.isConnected(IoBridge.java:201)
I/System.out( 1026):    ... 26 more
I/System.out( 1026): CyberGarage warning : java.io.FileNotFoundException: /ContentDirectory/7687/scpd.xml: open failed: ENOENT (No such file or directory)
I/System.out( 1026): org.cybergarage.xml.ParserException: java.io.FileNotFoundException: /ContentDirectory/7687/scpd.xml: open failed: ENOENT (No such file or directory)
I/System.out( 1026):    at org.cybergarage.xml.Parser.parse(Parser.java:107)
I/System.out( 1026):    at org.cybergarage.upnp.Service.getSCPDNode(Service.java:392)
I/System.out( 1026):    at org.cybergarage.upnp.Service.getSCPDNode(Service.java:440)
I/System.out( 1026):    at org.cybergarage.upnp.Service.getActionList(Service.java:469)
I/System.out( 1026):    at org.cybergarage.upnp.Service.getAction(Service.java:488)
I/System.out( 1026):    at org.cybergarage.upnp.std.av.controller.MediaController.browse(MediaController.java:112)
I/System.out( 1026):    at org.cybergarage.upnp.std.av.controller.MediaController.browseDirectChildren(MediaController.java:204)
I/System.out( 1026):    at org.cybergarage.upnp.std.av.controller.MediaController.browse(MediaController.java:254)
I/System.out( 1026):    at stp.homeplayerlib.MediaServiceDeviceItem.getChilds(MediaServiceDeviceItem.java:140)
I/System.out( 1026):    at stp.homeplayerlib.MediaServiceDeviceItem.getChilds(MediaServiceDeviceItem.java:13)
I/System.out( 1026):    at com.coship.Multimedia.view.ContentItemShow$GetChildsTask.doInBackground(ContentItemShow.java:102)
I/System.out( 1026):    at com.coship.Multimedia.view.ContentItemShow$GetChildsTask.doInBackground(ContentItemShow.java:89)
I/System.out( 1026):    at android.os.AsyncTask$2.call(AsyncTask.java:264)
I/System.out( 1026):    at java.util.concurrent.FutureTask$Sync.innerRun(FutureTask.java:305)
I/System.out( 1026):    at java.util.concurrent.FutureTask.run(FutureTask.java:137)
I/System.out( 1026):    at android.os.AsyncTask$SerialExecutor$1.run(AsyncTask.java:208)
I/System.out( 1026):    at java.util.concurrent.ThreadPoolExecutor.runWorker(ThreadPoolExecutor.java:1076)
I/System.out( 1026):    at java.util.concurrent.ThreadPoolExecutor$Worker.run(ThreadPoolExecutor.java:569)
I/System.out( 1026):    at java.lang.Thread.run(Thread.java:856)
I/System.out( 1026): Caused by: java.io.FileNotFoundException: /ContentDirectory/7687/scpd.xml: open failed: ENOENT (No such file or directory)
I/System.out( 1026):    at libcore.io.IoBridge.open(IoBridge.java:406)
I/System.out( 1026):    at java.io.FileInputStream.<init>(FileInputStream.java:78)
I/System.out( 1026):    at org.cybergarage.xml.Parser.parse(Parser.java:101)
I/System.out( 1026):    ... 18 more
I/System.out( 1026): Caused by: libcore.io.ErrnoException: open failed: ENOENT (No such file or directory)
I/System.out( 1026):    at libcore.io.Posix.open(Native Method)
I/System.out( 1026):    at libcore.io.BlockGuardOs.open(BlockGuardOs.java:110)
I/System.out( 1026):    at libcore.io.IoBridge.open(IoBridge.java:390)
I/System.out( 1026):    ... 20 more
D/HomePlayerLib( 1026): current page is 1 rangeOfPages size is 1 should be equal
D/HomePlayerLib( 1026): this page is first go to, currentPage is 1 file count is 0
I/System.out( 1026): browse 0, BrowseMetadata, 0, 100
D/System.out( 1026): host is 192.168.2.13 port is 62625
I/System.out( 1026): CyberGarage warning : failed to connect to /192.168.2.13 (port 62625) after 5000ms: isConnected failed: ECONNREFUSED (Connection refused)
I/System.out( 1026): java.net.ConnectException: failed to connect to /192.168.2.13 (port 62625) after 5000ms: isConnected failed: ECONNREFUSED (Connection refused)
I/System.out( 1026):    at libcore.io.IoBridge.isConnected(IoBridge.java:214)
I/System.out( 1026):    at libcore.io.IoBridge.connectErrno(IoBridge.java:152)
I/System.out( 1026):    at libcore.io.IoBridge.connect(IoBridge.java:112)
I/System.out( 1026):    at java.net.PlainSocketImpl.connect(PlainSocketImpl.java:192)
I/System.out( 1026):    at java.net.PlainSocketImpl.connect(PlainSocketImpl.java:459)
I/System.out( 1026):    at java.net.Socket.connect(Socket.java:842)
I/System.out( 1026):    at org.cybergarage.http.HTTPRequest.post(HTTPRequest.java:409)
I/System.out( 1026):    at org.cybergarage.http.HTTPRequest.post(HTTPRequest.java:476)
I/System.out( 1026):    at org.cybergarage.xml.Parser.parse(Parser.java:85)
I/System.out( 1026):    at org.cybergarage.upnp.Service.getSCPDNode(Service.java:386)
I/System.out( 1026):    at org.cybergarage.upnp.Service.getSCPDNode(Service.java:430)
I/System.out( 1026):    at org.cybergarage.upnp.Service.getActionList(Service.java:469)
I/System.out( 1026):    at org.cybergarage.upnp.Service.getAction(Service.java:488)
I/System.out( 1026):    at org.cybergarage.upnp.std.av.controller.MediaController.browse(MediaController.java:112)
I/System.out( 1026):    at org.cybergarage.upnp.std.av.controller.MediaController.browseMetaData(MediaController.java:186)
I/System.out( 1026):    at stp.homeplayerlib.MediaServiceDeviceItem.getChilds(MediaServiceDeviceItem.java:82)
I/System.out( 1026):    at stp.homeplayerlib.MediaServiceDeviceItem.getChilds(MediaServiceDeviceItem.java:13)
I/System.out( 1026):    at com.coship.Multimedia.view.ContentItemShow$GetChildsTask.doInBackground(ContentItemShow.java:106)
I/System.out( 1026):    at com.coship.Multimedia.view.ContentItemShow$GetChildsTask.doInBackground(ContentItemShow.java:89)
I/System.out( 1026):    at android.os.AsyncTask$2.call(AsyncTask.java:264)
I/System.out( 1026):    at java.util.concurrent.FutureTask$Sync.innerRun(FutureTask.java:305)
I/System.out( 1026):    at java.util.concurrent.FutureTask.run(FutureTask.java:137)
I/System.out( 1026):    at android.os.AsyncTask$SerialExecutor$1.run(AsyncTask.java:208)
I/System.out( 1026):    at java.util.concurrent.ThreadPoolExecutor.runWorker(ThreadPoolExecutor.java:1076)
I/System.out( 1026):    at java.util.concurrent.ThreadPoolExecutor$Worker.run(ThreadPoolExecutor.java:569)
I/System.out( 1026):    at java.lang.Thread.run(Thread.java:856)
I/System.out( 1026): Caused by: libcore.io.ErrnoException: isConnected failed: ECONNREFUSED (Connection refused)
I/System.out( 1026):    at libcore.io.IoBridge.isConnected(IoBridge.java:201)
I/System.out( 1026):    ... 25 more
I/System.out( 1026): CyberGarage warning : java.io.FileNotFoundException: /ContentDirectory/7687/scpd.xml: open failed: ENOENT (No such file or directory)
I/System.out( 1026): org.cybergarage.xml.ParserException: java.io.FileNotFoundException: /ContentDirectory/7687/scpd.xml: open failed: ENOENT (No such file or directory)
I/System.out( 1026):    at org.cybergarage.xml.Parser.parse(Parser.java:107)
I/System.out( 1026):    at org.cybergarage.upnp.Service.getSCPDNode(Service.java:392)
I/System.out( 1026):    at org.cybergarage.upnp.Service.getSCPDNode(Service.java:440)
I/System.out( 1026):    at org.cybergarage.upnp.Service.getActionList(Service.java:469)
I/System.out( 1026):    at org.cybergarage.upnp.Service.getAction(Service.java:488)
I/System.out( 1026):    at org.cybergarage.upnp.std.av.controller.MediaController.browse(MediaController.java:112)
I/System.out( 1026):    at org.cybergarage.upnp.std.av.controller.MediaController.browseMetaData(MediaController.java:186)
I/System.out( 1026):    at stp.homeplayerlib.MediaServiceDeviceItem.getChilds(MediaServiceDeviceItem.java:82)
I/System.out( 1026):    at stp.homeplayerlib.MediaServiceDeviceItem.getChilds(MediaServiceDeviceItem.java:13)
I/System.out( 1026):    at com.coship.Multimedia.view.ContentItemShow$GetChildsTask.doInBackground(ContentItemShow.java:106)
I/System.out( 1026):    at com.coship.Multimedia.view.ContentItemShow$GetChildsTask.doInBackground(ContentItemShow.java:89)
I/System.out( 1026):    at android.os.AsyncTask$2.call(AsyncTask.java:264)
I/System.out( 1026):    at java.util.concurrent.FutureTask$Sync.innerRun(FutureTask.java:305)
I/System.out( 1026):    at java.util.concurrent.FutureTask.run(FutureTask.java:137)
I/System.out( 1026):    at android.os.AsyncTask$SerialExecutor$1.run(AsyncTask.java:208)
I/System.out( 1026):    at java.util.concurrent.ThreadPoolExecutor.runWorker(ThreadPoolExecutor.java:1076)
I/System.out( 1026):    at java.util.concurrent.ThreadPoolExecutor$Worker.run(ThreadPoolExecutor.java:569)
I/System.out( 1026):    at java.lang.Thread.run(Thread.java:856)
I/System.out( 1026): Caused by: java.io.FileNotFoundException: /ContentDirectory/7687/scpd.xml: open failed: ENOENT (No such file or directory)
I/System.out( 1026):    at libcore.io.IoBridge.open(IoBridge.java:406)
I/System.out( 1026):    at java.io.FileInputStream.<init>(FileInputStream.java:78)
I/System.out( 1026):    at org.cybergarage.xml.Parser.parse(Parser.java:101)
I/System.out( 1026):    ... 17 more
I/System.out( 1026): Caused by: libcore.io.ErrnoException: open failed: ENOENT (No such file or directory)
I/System.out( 1026):    at libcore.io.Posix.open(Native Method)
I/System.out( 1026):    at libcore.io.BlockGuardOs.open(BlockGuardOs.java:110)
I/System.out( 1026):    at libcore.io.IoBridge.open(IoBridge.java:390)
I/System.out( 1026):    ... 19 more
I/System.out( 1026): browse 0, BrowseDirectChildren, 0, 100
D/System.out( 1026): host is 192.168.2.13 port is 62625
I/System.out( 1026): CyberGarage warning : failed to connect to /192.168.2.13 (port 62625) after 5000ms: isConnected failed: ECONNREFUSED (Connection refused)
I/System.out( 1026): java.net.ConnectException: failed to connect to /192.168.2.13 (port 62625) after 5000ms: isConnected failed: ECONNREFUSED (Connection refused)
I/System.out( 1026):    at libcore.io.IoBridge.isConnected(IoBridge.java:214)
I/System.out( 1026):    at libcore.io.IoBridge.connectErrno(IoBridge.java:152)
I/System.out( 1026):    at libcore.io.IoBridge.connect(IoBridge.java:112)
I/System.out( 1026):    at java.net.PlainSocketImpl.connect(PlainSocketImpl.java:192)
I/System.out( 1026):    at java.net.PlainSocketImpl.connect(PlainSocketImpl.java:459)
I/System.out( 1026):    at java.net.Socket.connect(Socket.java:842)
I/System.out( 1026):    at org.cybergarage.http.HTTPRequest.post(HTTPRequest.java:409)
I/System.out( 1026):    at org.cybergarage.http.HTTPRequest.post(HTTPRequest.java:476)
I/System.out( 1026):    at org.cybergarage.xml.Parser.parse(Parser.java:85)
I/System.out( 1026):    at org.cybergarage.upnp.Service.getSCPDNode(Service.java:386)
I/System.out( 1026):    at org.cybergarage.upnp.Service.getSCPDNode(Service.java:430)
I/System.out( 1026):    at org.cybergarage.upnp.Service.getActionList(Service.java:469)
I/System.out( 1026):    at org.cybergarage.upnp.Service.getAction(Service.java:488)
I/System.out( 1026):    at org.cybergarage.upnp.std.av.controller.MediaController.browse(MediaController.java:112)
I/System.out( 1026):    at org.cybergarage.upnp.std.av.controller.MediaController.browseDirectChildren(MediaController.java:204)
I/System.out( 1026):    at org.cybergarage.upnp.std.av.controller.MediaController.browse(MediaController.java:254)
I/System.out( 1026):    at stp.homeplayerlib.MediaServiceDeviceItem.getChilds(MediaServiceDeviceItem.java:85)
I/System.out( 1026):    at stp.homeplayerlib.MediaServiceDeviceItem.getChilds(MediaServiceDeviceItem.java:13)
I/System.out( 1026):    at com.coship.Multimedia.view.ContentItemShow$GetChildsTask.doInBackground(ContentItemShow.java:106)
I/System.out( 1026):    at com.coship.Multimedia.view.ContentItemShow$GetChildsTask.doInBackground(ContentItemShow.java:89)
I/System.out( 1026):    at android.os.AsyncTask$2.call(AsyncTask.java:264)
I/System.out( 1026):    at java.util.concurrent.FutureTask$Sync.innerRun(FutureTask.java:305)
I/System.out( 1026):    at java.util.concurrent.FutureTask.run(FutureTask.java:137)
I/System.out( 1026):    at android.os.AsyncTask$SerialExecutor$1.run(AsyncTask.java:208)
I/System.out( 1026):    at java.util.concurrent.ThreadPoolExecutor.runWorker(ThreadPoolExecutor.java:1076)
I/System.out( 1026):    at java.util.concurrent.ThreadPoolExecutor$Worker.run(ThreadPoolExecutor.java:569)
I/System.out( 1026):    at java.lang.Thread.run(Thread.java:856)
I/System.out( 1026): Caused by: libcore.io.ErrnoException: isConnected failed: ECONNREFUSED (Connection refused)
I/System.out( 1026):    at libcore.io.IoBridge.isConnected(IoBridge.java:201)
I/System.out( 1026):    ... 26 more
I/System.out( 1026): CyberGarage warning : java.io.FileNotFoundException: /ContentDirectory/7687/scpd.xml: open failed: ENOENT (No such file or directory)
I/System.out( 1026): org.cybergarage.xml.ParserException: java.io.FileNotFoundException: /ContentDirectory/7687/scpd.xml: open failed: ENOENT (No such file or directory)
I/System.out( 1026):    at org.cybergarage.xml.Parser.parse(Parser.java:107)
I/System.out( 1026):    at org.cybergarage.upnp.Service.getSCPDNode(Service.java:392)
I/System.out( 1026):    at org.cybergarage.upnp.Service.getSCPDNode(Service.java:440)
I/System.out( 1026):    at org.cybergarage.upnp.Service.getActionList(Service.java:469)
I/System.out( 1026):    at org.cybergarage.upnp.Service.getAction(Service.java:488)
I/System.out( 1026):    at org.cybergarage.upnp.std.av.controller.MediaController.browse(MediaController.java:112)
I/System.out( 1026):    at org.cybergarage.upnp.std.av.controller.MediaController.browseDirectChildren(MediaController.java:204)
I/System.out( 1026):    at org.cybergarage.upnp.std.av.controller.MediaController.browse(MediaController.java:254)
I/System.out( 1026):    at stp.homeplayerlib.MediaServiceDeviceItem.getChilds(MediaServiceDeviceItem.java:85)
I/System.out( 1026):    at stp.homeplayerlib.MediaServiceDeviceItem.getChilds(MediaServiceDeviceItem.java:13)
I/System.out( 1026):    at com.coship.Multimedia.view.ContentItemShow$GetChildsTask.doInBackground(ContentItemShow.java:106)
I/System.out( 1026):    at com.coship.Multimedia.view.ContentItemShow$GetChildsTask.doInBackground(ContentItemShow.java:89)
I/System.out( 1026):    at android.os.AsyncTask$2.call(AsyncTask.java:264)
I/System.out( 1026):    at java.util.concurrent.FutureTask$Sync.innerRun(FutureTask.java:305)
I/System.out( 1026):    at java.util.concurrent.FutureTask.run(FutureTask.java:137)
I/System.out( 1026):    at android.os.AsyncTask$SerialExecutor$1.run(AsyncTask.java:208)
I/System.out( 1026):    at java.util.concurrent.ThreadPoolExecutor.runWorker(ThreadPoolExecutor.java:1076)
I/System.out( 1026):    at java.util.concurrent.ThreadPoolExecutor$Worker.run(ThreadPoolExecutor.java:569)
I/System.out( 1026):    at java.lang.Thread.run(Thread.java:856)
I/System.out( 1026): Caused by: java.io.FileNotFoundException: /ContentDirectory/7687/scpd.xml: open failed: ENOENT (No such file or directory)
I/System.out( 1026):    at libcore.io.IoBridge.open(IoBridge.java:406)
I/System.out( 1026):    at java.io.FileInputStream.<init>(FileInputStream.java:78)
I/System.out( 1026):    at org.cybergarage.xml.Parser.parse(Parser.java:101)
I/System.out( 1026):    ... 18 more
I/System.out( 1026): Caused by: libcore.io.ErrnoException: open failed: ENOENT (No such file or directory)
I/System.out( 1026):    at libcore.io.Posix.open(Native Method)
I/System.out( 1026):    at libcore.io.BlockGuardOs.open(BlockGuardOs.java:110)
I/System.out( 1026):    at libcore.io.IoBridge.open(IoBridge.java:390)
I/System.out( 1026):    ... 20 more
D/HomePlayerLib( 1026): this page has been got,currrent page is  1 file count is 0
V/iView   ( 1026): +++++++++++listdata size +++++++++++++1
D/HomePlayerLib( 1026): hostaddress count is 1
D/dalvikvm( 1026): GC_CONCURRENT freed 2083K, 7% free 41372K/44039K, paused 2ms+7ms
D/dalvikvm( 1026): GC_CONCURRENT freed 2034K, 7% free 41392K/44039K, paused 2ms+5ms
D/dalvikvm( 1026): GC_CONCURRENT freed 2030K, 6% free 41410K/44039K, paused 2ms+8ms
D/dalvikvm( 1026): GC_CONCURRENT freed 2064K, 7% free 41393K/44039K, paused 2ms+7ms
D/dalvikvm( 1026): GC_CONCURRENT freed 2043K, 7% free 41392K/44039K, paused 2ms+6ms
D/dalvikvm( 1026): GC_CONCURRENT freed 2064K, 7% free 41365K/44039K, paused 2ms+6ms
D/dalvikvm( 1026): GC_CONCURRENT freed 2006K, 6% free 41405K/44039K, paused 2ms+7ms
D/dalvikvm( 1026): GC_CONCURRENT freed 2025K, 7% free 41380K/44039K, paused 2ms+6ms
D/dalvikvm( 1026): GC_CONCURRENT freed 1917K, 7% free 41385K/44039K, paused 2ms+7ms
D/dalvikvm( 1026): GC_CONCURRENT freed 2057K, 7% free 41365K/44039K, paused 2ms+6ms
D/dalvikvm( 1026): GC_CONCURRENT freed 2032K, 7% free 41376K/44039K, paused 1ms+7ms
D/dalvikvm( 1026): GC_CONCURRENT freed 2029K, 7% free 41389K/44039K, paused 2ms+5ms
D/dalvikvm( 1026): GC_CONCURRENT freed 2041K, 6% free 41409K/44039K, paused 1ms+7ms
D/dalvikvm( 1026): GC_CONCURRENT freed 2050K, 6% free 41398K/44039K, paused 2ms+7ms
D/dalvikvm( 1026): GC_CONCURRENT freed 2032K, 6% free 41413K/44039K, paused 2ms+7ms
D/dalvikvm( 1026): GC_CONCURRENT freed 2071K, 7% free 41389K/44039K, paused 2ms+6ms
D/dalvikvm( 1026): GC_CONCURRENT freed 2003K, 6% free 41461K/44039K, paused 2ms+6ms
I/XXXX    ( 1026): Read /mnt/vold/
I/XXXX    ( 1026): usbdiskChild length is 4
I/XXXX    ( 1026): Read /mnt/vold/
I/XXXX    ( 1026): usbdiskChild length is 4
D/dalvikvm( 1026): GC_CONCURRENT freed 2082K, 6% free 41427K/44039K, paused 2ms+7ms
D/dalvikvm( 1026): GC_CONCURRENT freed 2066K, 6% free 41399K/44039K, paused 2ms+7ms
D/HomePlayerLib( 1026): hostaddress count is 1
D/dalvikvm( 1026): GC_CONCURRENT freed 2076K, 7% free 41369K/44039K, paused 2ms+5ms
D/dalvikvm( 1026): GC_CONCURRENT freed 1973K, 7% free 41388K/44039K, paused 2ms+7ms
D/dalvikvm( 1026): GC_CONCURRENT freed 2056K, 7% free 41377K/44039K, paused 2ms+5ms
D/dalvikvm( 1026): GC_CONCURRENT freed 2023K, 6% free 41397K/44039K, paused 2ms+7ms
D/dalvikvm( 1026): GC_CONCURRENT freed 2050K, 7% free 41384K/44039K, paused 2ms+6ms
E/EventHub(  171): send pin = 24,value = 0
V/PinyinIME(  824): onKeyDown:21
I/PinyinIME(  824): onKeyDown:System handler the keyevent
V/iView   ( 1026): ++++arg0++++android.widget.GridView@43018020+++++arg1++++false
E/EventHub(  171): send pin = 24,value = 0
I/PinyinIME(  824): onKeyUp:21
I/PinyinIME(  824): onKeyUp:System handler the keyevent
D/InputEventConsistencyVerifier( 1026): KeyEvent: ACTION_UP but key was not down.
D/InputEventConsistencyVerifier( 1026):   in android.widget.ListView@42f52298
