D/InputEventConsistencyVerifier( 1026):   0: sent at 2481431000000, KeyEvent { action=ACTION_UP, keyCode=KEYCODE_DPAD_LEFT, scanCode=105, metaState=0, flags=0x8, repeatCount=0, eventTime=2481431, downTime=2481361, deviceId=1, source=0x701 }
D/InputEventConsistencyVerifier( 1026):   -- recent events --
D/InputEventConsistencyVerifier( 1026):   1: sent at 2462887000000, (unhandled) KeyEvent { action=ACTION_DOWN, keyCode=KEYCODE_DPAD_RIGHT, scanCode=106, metaState=0, flags=0x8, repeatCount=0, eventTime=2462887, downTime=2462887, deviceId=1, source=0x701 }
D/InputEventConsistencyVerifier( 1026):   2: sent at 2461271000000, (unhandled) KeyEvent { action=ACTION_DOWN, keyCode=KEYCODE_DPAD_RIGHT, scanCode=106, metaState=0, flags=0x8, repeatCount=0, eventTime=2461271, downTime=2461271, deviceId=1, source=0x701 }
D/InputEventConsistencyVerifier( 1026):   3: sent at 2460627000000, (unhandled) KeyEvent { action=ACTION_UP, keyCode=KEYCODE_DPAD_DOWN, scanCode=108, metaState=0, flags=0x8, repeatCount=0, eventTime=2460627, downTime=2460557, deviceId=1, source=0x701 }
D/InputEventConsistencyVerifier( 1026):   4: sent at 2460557000000, KeyEvent { action=ACTION_DOWN, keyCode=KEYCODE_DPAD_DOWN, scanCode=108, metaState=0, flags=0x8, repeatCount=0, eventTime=2460557, downTime=2460557, deviceId=1, source=0x701 }
D/InputEventConsistencyVerifier( 1026):   5: sent at 2460172000000, (unhandled) KeyEvent { action=ACTION_UP, keyCode=KEYCODE_DPAD_LEFT, scanCode=105, metaState=0, flags=0x80000008, repeatCount=0, eventTime=2460172, downTime=2460101, deviceId=1, source=0x701 }
D/dalvikvm( 1026): GC_CONCURRENT freed 2032K, 6% free 41399K/44039K, paused 2ms+7ms
E/EventHub(  171): send pin = 24,value = 0
V/PinyinIME(  824): onKeyDown:20
I/PinyinIME(  824): onKeyDown:System handler the keyevent
D/audio_hw_primary(   92): select_output_device 0x40002
E/EventHub(  171): send pin = 24,value = 0
I/PinyinIME(  824): onKeyUp:20
I/PinyinIME(  824): onKeyUp:System handler the keyevent
D/dalvikvm( 1026): GC_CONCURRENT freed 1968K, 6% free 41403K/44039K, paused 2ms+7ms
D/dalvikvm( 1026): GC_CONCURRENT freed 1941K, 6% free 41399K/44039K, paused 2ms+6ms
E/EventHub(  171): send pin = 24,value = 0
V/PinyinIME(  824): onKeyDown:22
I/PinyinIME(  824): onKeyDown:System handler the keyevent
E/EventHub(  171): send pin = 24,value = 0
I/PinyinIME(  824): onKeyUp:22
I/PinyinIME(  824): onKeyUp:System handler the keyevent
D/InputEventConsistencyVerifier( 1026): KeyEvent: ACTION_UP but key was not down.
D/InputEventConsistencyVerifier( 1026):   in android.widget.LinearLayout@42f15188
D/InputEventConsistencyVerifier( 1026):   0: sent at 2482463000000, KeyEvent { action=ACTION_UP, keyCode=KEYCODE_DPAD_RIGHT, scanCode=106, metaState=0, flags=0x8, repeatCount=0, eventTime=2482463, downTime=2482393, deviceId=1, source=0x701 }
D/InputEventConsistencyVerifier( 1026):   -- recent events --
D/InputEventConsistencyVerifier( 1026):   1: sent at 2461814000000, KeyEvent { action=ACTION_UP, keyCode=KEYCODE_DPAD_CENTER, scanCode=606, metaState=0, flags=0x8, repeatCount=0, eventTime=2461814, downTime=2461744, deviceId=1, source=0x701 }
D/InputEventConsistencyVerifier( 1026):   2: sent at 2461744000000, KeyEvent { action=ACTION_DOWN, keyCode=KEYCODE_DPAD_CENTER, scanCode=606, metaState=0, flags=0x8, repeatCount=0, eventTime=2461744, downTime=2461744, deviceId=1, source=0x701 }
D/InputEventConsistencyVerifier( 1026):   3: sent at 2461341000000, (unhandled) KeyEvent { action=ACTION_UP, keyCode=KEYCODE_DPAD_RIGHT, scanCode=106, metaState=0, flags=0x80000008, repeatCount=0, eventTime=2461341, downTime=2461271, deviceId=1, source=0x701 }
D/InputEventConsistencyVerifier( 1026):   4: sent at 2353971000000, KeyEvent { action=ACTION_UP, keyCode=KEYCODE_DPAD_CENTER, scanCode=606, metaState=0, flags=0x8, repeatCount=0, eventTime=2353971, downTime=2353901, deviceId=1, source=0x701 }
D/InputEventConsistencyVerifier( 1026):   5: sent at 2353901000000, KeyEvent { action=ACTION_DOWN, keyCode=KEYCODE_DPAD_CENTER, scanCode=606, metaState=0, flags=0x8, repeatCount=0, eventTime=2353901, downTime=2353901, deviceId=1, source=0x701 }
E/EventHub(  171): send pin = 24,value = 0
V/PinyinIME(  824): onKeyDown:23
I/PinyinIME(  824): onKeyDown:System handler the keyevent
E/EventHub(  171): send pin = 24,value = 0
I/PinyinIME(  824): onKeyUp:23
I/PinyinIME(  824): onKeyUp:System handler the keyevent
I/System.out( 1026): browse 0, BrowseMetadata, 0, 100
D/dalvikvm( 1026): GC_CONCURRENT freed 2046K, 6% free 41400K/44039K, paused 3ms+8ms
I/SurfaceTexture(   89): Current total buffer count= 3, mSynchronousMode=1
I/SurfaceTexture(   89): Query min-undequeue size=1
I/System.out( 1026): browse 0, BrowseDirectChildren, 0, 100
D/HomePlayerLib( 1026): current page is 1 rangeOfPages size is 1 should be equal
D/HomePlayerLib( 1026): this page is first go to, currentPage is 1 file count is 19
I/System.out( 1026): browse 0, BrowseMetadata, 0, 100
D/dalvikvm( 1026): GC_CONCURRENT freed 1810K, 6% free 41566K/44039K, paused 2ms+6ms
I/System.out( 1026): browse 0, BrowseDirectChildren, 0, 100
D/HomePlayerLib( 1026): this page has been got,currrent page is  1 file count is 19
V/iView   ( 1026): +++++++++++listdata size +++++++++++++18
D/dalvikvm( 1026): GC_CONCURRENT freed 1889K, 6% free 41635K/44039K, paused 3ms+8ms
E/EventHub(  171): send pin = 24,value = 0
V/PinyinIME(  824): onKeyDown:22
I/PinyinIME(  824): onKeyDown:System handler the keyevent
V/iView   ( 1026): ++++arg0++++android.widget.GridView@43018020+++++arg1++++true
E/EventHub(  171): send pin = 24,value = 0
I/PinyinIME(  824): onKeyUp:22
I/PinyinIME(  824): onKeyUp:System handler the keyevent
D/InputEventConsistencyVerifier( 1026): KeyEvent: ACTION_UP but key was not down.
D/InputEventConsistencyVerifier( 1026):   in android.widget.LinearLayout@431f0b68
D/InputEventConsistencyVerifier( 1026):   0: sent at 2485197000000, KeyEvent { action=ACTION_UP, keyCode=KEYCODE_DPAD_RIGHT, scanCode=106, metaState=0, flags=0x8, repeatCount=0, eventTime=2485197, downTime=2485127, deviceId=1, source=0x701 }
D/InputEventConsistencyVerifier( 1026):   -- recent events --
D/InputEventConsistencyVerifier( 1026):   1: sent at 2481361000000, (unhandled) KeyEvent { action=ACTION_DOWN, keyCode=KEYCODE_DPAD_LEFT, scanCode=105, metaState=0, flags=0x8, repeatCount=0, eventTime=2481361, downTime=2481361, deviceId=1, source=0x701 }
D/InputEventConsistencyVerifier( 1026):   2: sent at 2467578000000, KeyEvent { action=ACTION_UP, keyCode=KEYCODE_DPAD_CENTER, scanCode=606, metaState=0, flags=0x8, repeatCount=0, eventTime=2467578, downTime=2467508, deviceId=1, source=0x701 }
D/InputEventConsistencyVerifier( 1026):   3: sent at 2467508000000, KeyEvent { action=ACTION_DOWN, keyCode=KEYCODE_DPAD_CENTER, scanCode=606, metaState=0, flags=0x8, repeatCount=0, eventTime=2467508, downTime=2467508, deviceId=1, source=0x701 }
D/InputEventConsistencyVerifier( 1026):   4: sent at 2467016000000, (unhandled) KeyEvent { action=ACTION_UP, keyCode=KEYCODE_DPAD_RIGHT, scanCode=106, metaState=0, flags=0x8, repeatCount=0, eventTime=2467016, downTime=2466945, deviceId=1, source=0x701 }
D/InputEventConsistencyVerifier( 1026):   5: sent at 2466945000000, KeyEvent { action=ACTION_DOWN, keyCode=KEYCODE_DPAD_RIGHT, scanCode=106, metaState=0, flags=0x8, repeatCount=0, eventTime=2466945, downTime=2466945, deviceId=1, source=0x701 }
D/dalvikvm( 1026): GC_CONCURRENT freed 2021K, 6% free 41641K/44039K, paused 2ms+6ms
D/dalvikvm( 1026): GC_CONCURRENT freed 2018K, 6% free 41670K/44039K, paused 2ms+8ms
E/EventHub(  171): send pin = 24,value = 0
V/PinyinIME(  824): onKeyDown:20
I/PinyinIME(  824): onKeyDown:System handler the keyevent
E/EventHub(  171): send pin = 24,value = 0
I/PinyinIME(  824): onKeyUp:20
I/PinyinIME(  824): onKeyUp:System handler the keyevent
D/dalvikvm( 1026): GC_CONCURRENT freed 2045K, 6% free 41663K/44039K, paused 2ms+6ms
E/EventHub(  171): send pin = 24,value = 0
V/PinyinIME(  824): onKeyDown:23
I/PinyinIME(  824): onKeyDown:System handler the keyevent
E/EventHub(  171): send pin = 24,value = 0
I/PinyinIME(  824): onKeyUp:23
I/PinyinIME(  824): onKeyUp:System handler the keyevent
I/System.out( 1026): browse 0\¸ßÇåÍ¼Æ¬, BrowseMetadata, 0, 100
I/SurfaceTexture(   89): Current total buffer count= 3, mSynchronousMode=1
I/SurfaceTexture(   89): Query min-undequeue size=1
I/System.out( 1026): browse 0\¸ßÇåÍ¼Æ¬, BrowseDirectChildren, 0, 100
D/dalvikvm( 1026): GC_CONCURRENT freed 2040K, 6% free 41670K/44039K, paused 2ms+8ms
D/dalvikvm( 1026): GC_CONCURRENT freed 1787K, 5% free 41931K/44039K, paused 2ms+5ms
D/HomePlayerLib( 1026): current page is 1 rangeOfPages size is 1 should be equal
D/HomePlayerLib( 1026): this page is first go to, currentPage is 1 file count is 62
I/System.out( 1026): browse 0\¸ßÇåÍ¼Æ¬, BrowseMetadata, 0, 100
D/dalvikvm( 1026): GC_CONCURRENT freed 2080K, 5% free 41938K/44103K, paused 2ms+9ms
I/System.out( 1026): browse 0\¸ßÇåÍ¼Æ¬, BrowseDirectChildren, 0, 100
D/dalvikvm( 1026): GC_FOR_ALLOC freed 1452K, 5% free 41934K/44103K, paused 40ms
D/dalvikvm( 1026): GC_CONCURRENT freed 1884K, 5% free 42098K/44103K, paused 2ms+8ms
D/HomePlayerLib( 1026): this page has been got,currrent page is  1 file count is 62
V/iView   ( 1026): +++++++++++listdata size +++++++++++++62
D/HomePlayerLib( 1026): loadBitmapFromUrl picOverLargeCache:{}
D/HomePlayerLib( 1026): will decode url is http://192.168.2.13:59737/%25/%E9%AB%98%E6%B8%85%E5%9B%BE%E7%89%87%5Cd7513b04b998d7f77a89477e.jpg
W/System.err( 1026): java.io.IOException: open failed: EACCES (Permission denied)
W/System.err( 1026):    at java.io.File.createNewFile(File.java:940)
W/System.err( 1026):    at stp.homeplayerlib.DecodeBitmapUtil.loadBitmapFromUrl(DecodeBitmapUtil.java:262)
W/System.err( 1026):    at com.coship.Multimedia.utils.Tools.getBitmap(Tools.java:70)
W/System.err( 1026):    at com.coship.Multimedia.ImageWindow.AsyncImageLoader$2.run(AsyncImageLoader.java:52)
W/System.err( 1026):    at java.util.concurrent.Executors$RunnableAdapter.call(Executors.java:442)
W/System.err( 1026):    at java.util.concurrent.FutureTask$Sync.innerRun(FutureTask.java:305)
W/System.err( 1026):    at java.util.concurrent.FutureTask.run(FutureTask.java:137)
W/System.err( 1026):    at java.util.concurrent.ThreadPoolExecutor.runWorker(ThreadPoolExecutor.java:1076)
W/System.err( 1026):    at java.util.concurrent.ThreadPoolExecutor$Worker.run(ThreadPoolExecutor.java:569)
W/System.err( 1026):    at java.lang.Thread.run(Thread.java:856)
W/System.err( 1026): Caused by: libcore.io.ErrnoException: open failed: EACCES (Permission denied)
W/System.err( 1026):    at libcore.io.Posix.open(Native Method)
W/System.err( 1026):    at libcore.io.BlockGuardOs.open(BlockGuardOs.java:110)
W/System.err( 1026):    at java.io.File.createNewFile(File.java:933)
W/System.err( 1026):    ... 9 more
D/HomePlayerLib( 1026): loadBitmapFromUrl picOverLargeCache:{}
D/HomePlayerLib( 1026): will decode url is http://192.168.2.13:59737/%25/%E9%AB%98%E6%B8%85%E5%9B%BE%E7%89%87%5Ced1432c7d3bcb0f138db497a.jpg
W/System.err( 1026): java.io.IOException: open failed: EACCES (Permission denied)
W/System.err( 1026):    at java.io.File.createNewFile(File.java:940)
W/System.err( 1026):    at stp.homeplayerlib.DecodeBitmapUtil.loadBitmapFromUrl(DecodeBitmapUtil.java:262)
W/System.err( 1026):    at com.coship.Multimedia.utils.Tools.getBitmap(Tools.java:70)
W/System.err( 1026):    at com.coship.Multimedia.ImageWindow.AsyncImageLoader$2.run(AsyncImageLoader.java:52)
W/System.err( 1026):    at java.util.concurrent.Executors$RunnableAdapter.call(Executors.java:442)
W/System.err( 1026):    at java.util.concurrent.FutureTask$Sync.innerRun(FutureTask.java:305)
W/System.err( 1026):    at java.util.concurrent.FutureTask.run(FutureTask.java:137)
W/System.err( 1026):    at java.util.concurrent.ThreadPoolExecutor.runWorker(ThreadPoolExecutor.java:1076)
W/System.err( 1026):    at java.util.concurrent.ThreadPoolExecutor$Worker.run(ThreadPoolExecutor.java:569)
W/System.err( 1026):    at java.lang.Thread.run(Thread.java:856)
W/System.err( 1026): Caused by: libcore.io.ErrnoException: open failed: EACCES (Permission denied)
W/System.err( 1026):    at libcore.io.Posix.open(Native Method)
W/System.err( 1026):    at libcore.io.BlockGuardOs.open(BlockGuardOs.java:110)
W/System.err( 1026):    at java.io.File.createNewFile(File.java:933)
W/System.err( 1026):    ... 9 more
D/HomePlayerLib( 1026): loadBitmapFromUrl picOverLargeCache:{}
D/HomePlayerLib( 1026): will decode url is http://192.168.2.13:59737/%25/%E9%AB%98%E6%B8%85%E5%9B%BE%E7%89%87%5C6d8f0ffdda6e8d0b5d600867.jpg
W/System.err( 1026): java.io.IOException: open failed: EACCES (Permission denied)
W/System.err( 1026):    at java.io.File.createNewFile(File.java:940)
W/System.err( 1026):    at stp.homeplayerlib.DecodeBitmapUtil.loadBitmapFromUrl(DecodeBitmapUtil.java:262)
W/System.err( 1026):    at com.coship.Multimedia.utils.Tools.getBitmap(Tools.java:70)
W/System.err( 1026):    at com.coship.Multimedia.ImageWindow.AsyncImageLoader$2.run(AsyncImageLoader.java:52)
W/System.err( 1026):    at java.util.concurrent.Executors$RunnableAdapter.call(Executors.java:442)
W/System.err( 1026):    at java.util.concurrent.FutureTask$Sync.innerRun(FutureTask.java:305)
W/System.err( 1026):    at java.util.concurrent.FutureTask.run(FutureTask.java:137)
W/System.err( 1026):    at java.util.concurrent.ThreadPoolExecutor.runWorker(ThreadPoolExecutor.java:1076)
W/System.err( 1026):    at java.util.concurrent.ThreadPoolExecutor$Worker.run(ThreadPoolExecutor.java:569)
W/System.err( 1026):    at java.lang.Thread.run(Thread.java:856)
W/System.err( 1026): Caused by: libcore.io.ErrnoException: open failed: EACCES (Permission denied)
W/System.err( 1026):    at libcore.io.Posix.open(Native Method)
W/System.err( 1026):    at libcore.io.BlockGuardOs.open(BlockGuardOs.java:110)
W/System.err( 1026):    at java.io.File.createNewFile(File.java:933)
W/System.err( 1026):    ... 9 more
D/HomePlayerLib( 1026): loadBitmapFromUrl picOverLargeCache:{}
D/HomePlayerLib( 1026): will decode url is http://192.168.2.13:59737/%25/%E9%AB%98%E6%B8%85%E5%9B%BE%E7%89%87%5C25f1a78f413bbb93b21bbaa0.jpg
W/System.err( 1026): java.io.IOException: open failed: EACCES (Permission denied)
W/System.err( 1026):    at java.io.File.createNewFile(File.java:940)
W/System.err( 1026):    at stp.homeplayerlib.DecodeBitmapUtil.loadBitmapFromUrl(DecodeBitmapUtil.java:262)
W/System.err( 1026):    at com.coship.Multimedia.utils.Tools.getBitmap(Tools.java:70)
W/System.err( 1026):    at com.coship.Multimedia.ImageWindow.AsyncImageLoader$2.run(AsyncImageLoader.java:52)
W/System.err( 1026):    at java.util.concurrent.Executors$RunnableAdapter.call(Executors.java:442)
W/System.err( 1026):    at java.util.concurrent.FutureTask$Sync.innerRun(FutureTask.java:305)
W/System.err( 1026):    at java.util.concurrent.FutureTask.run(FutureTask.java:137)
W/System.err( 1026):    at java.util.concurrent.ThreadPoolExecutor.runWorker(ThreadPoolExecutor.java:1076)
W/System.err( 1026):    at java.util.concurrent.ThreadPoolExecutor$Worker.run(ThreadPoolExecutor.java:569)
W/System.err( 1026):    at java.lang.Thread.run(Thread.java:856)
W/System.err( 1026): Caused by: libcore.io.ErrnoException: open failed: EACCES (Permission denied)
W/System.err( 1026):    at libcore.io.Posix.open(Native Method)
W/System.err( 1026):    at libcore.io.BlockGuardOs.open(BlockGuardOs.java:110)
W/System.err( 1026):    at java.io.File.createNewFile(File.java:933)
W/System.err( 1026):    ... 9 more
D/HomePlayerLib( 1026): loadBitmapFromUrl picOverLargeCache:{}
D/HomePlayerLib( 1026): will decode url is http://192.168.2.13:59737/%25/%E9%AB%98%E6%B8%85%E5%9B%BE%E7%89%87%5C86fa7107a58a68a1267fb502.jpg
D/dalvikvm( 1026): GC_EXPLICIT freed 2192K, 6% free 41986K/44231K, paused 2ms+11ms
W/System.err( 1026): java.io.IOException: open failed: EACCES (Permission denied)
W/System.err( 1026):    at java.io.File.createNewFile(File.java:940)
W/System.err( 1026):    at stp.homeplayerlib.DecodeBitmapUtil.loadBitmapFromUrl(DecodeBitmapUtil.java:262)
W/System.err( 1026):    at com.coship.Multimedia.utils.Tools.getBitmap(Tools.java:70)
W/System.err( 1026):    at com.coship.Multimedia.ImageWindow.AsyncImageLoader$2.run(AsyncImageLoader.java:52)
W/System.err( 1026):    at java.util.concurrent.Executors$RunnableAdapter.call(Executors.java:442)
W/System.err( 1026):    at java.util.concurrent.FutureTask$Sync.innerRun(FutureTask.java:305)
W/System.err( 1026):    at java.util.concurrent.FutureTask.run(FutureTask.java:137)
W/System.err( 1026):    at java.util.concurrent.ThreadPoolExecutor.runWorker(ThreadPoolExecutor.java:1076)
W/System.err( 1026):    at java.util.concurrent.ThreadPoolExecutor$Worker.run(ThreadPoolExecutor.java:569)
W/System.err( 1026):    at java.lang.Thread.run(Thread.java:856)
W/System.err( 1026): Caused by: libcore.io.ErrnoException: open failed: EACCES (Permission denied)
W/System.err( 1026):    at libcore.io.Posix.open(Native Method)
W/System.err( 1026):    at libcore.io.BlockGuardOs.open(BlockGuardOs.java:110)
W/System.err( 1026):    at java.io.File.createNewFile(File.java:933)
W/System.err( 1026):    ... 9 more
D/HomePlayerLib( 1026): loadBitmapFromUrl picOverLargeCache:{}
D/HomePlayerLib( 1026): will decode url is http://192.168.2.13:59737/%25/%E9%AB%98%E6%B8%85%E5%9B%BE%E7%89%87%5Cd8cfd963dd47e08142169403.jpg
W/System.err( 1026): java.io.IOException: open failed: EACCES (Permission denied)
W/System.err( 1026):    at java.io.File.createNewFile(File.java:940)
W/System.err( 1026):    at stp.homeplayerlib.DecodeBitmapUtil.loadBitmapFromUrl(DecodeBitmapUtil.java:262)
W/System.err( 1026):    at com.coship.Multimedia.utils.Tools.getBitmap(Tools.java:70)
W/System.err( 1026):    at com.coship.Multimedia.ImageWindow.AsyncImageLoader$2.run(AsyncImageLoader.java:52)
W/System.err( 1026):    at java.util.concurrent.Executors$RunnableAdapter.call(Executors.java:442)
W/System.err( 1026):    at java.util.concurrent.FutureTask$Sync.innerRun(FutureTask.java:305)
W/System.err( 1026):    at java.util.concurrent.FutureTask.run(FutureTask.java:137)
W/System.err( 1026):    at java.util.concurrent.ThreadPoolExecutor.runWorker(ThreadPoolExecutor.java:1076)
W/System.err( 1026):    at java.util.concurrent.ThreadPoolExecutor$Worker.run(ThreadPoolExecutor.java:569)
W/System.err( 1026):    at java.lang.Thread.run(Thread.java:856)
W/System.err( 1026): Caused by: libcore.io.ErrnoException: open failed: EACCES (Permission denied)
W/System.err( 1026):    at libcore.io.Posix.open(Native Method)
W/System.err( 1026):    at libcore.io.BlockGuardOs.open(BlockGuardOs.java:110)
W/System.err( 1026):    at java.io.File.createNewFile(File.java:933)
W/System.err( 1026):    ... 9 more
D/dalvikvm( 1026): GC_EXPLICIT freed 669K, 6% free 41914K/44231K, paused 2ms+14ms
D/HomePlayerLib( 1026): loadBitmapFromUrl picOverLargeCache:{}
D/HomePlayerLib( 1026): will decode url is http://192.168.2.13:59737/%25/%E9%AB%98%E6%B8%85%E5%9B%BE%E7%89%87%5Cc6e312d1bbda739c572c840f.jpg
W/System.err( 1026): java.io.IOException: open failed: EACCES (Permission denied)
W/System.err( 1026):    at java.io.File.createNewFile(File.java:940)
W/System.err( 1026):    at stp.homeplayerlib.DecodeBitmapUtil.loadBitmapFromUrl(DecodeBitmapUtil.java:262)
W/System.err( 1026):    at com.coship.Multimedia.utils.Tools.getBitmap(Tools.java:70)
W/System.err( 1026):    at com.coship.Multimedia.ImageWindow.AsyncImageLoader$2.run(AsyncImageLoader.java:52)
W/System.err( 1026):    at java.util.concurrent.Executors$RunnableAdapter.call(Executors.java:442)
W/System.err( 1026):    at java.util.concurrent.FutureTask$Sync.innerRun(FutureTask.java:305)
W/System.err( 1026):    at java.util.concurrent.FutureTask.run(FutureTask.java:137)
W/System.err( 1026):    at java.util.concurrent.ThreadPoolExecutor.runWorker(ThreadPoolExecutor.java:1076)
W/System.err( 1026):    at java.util.concurrent.ThreadPoolExecutor$Worker.run(ThreadPoolExecutor.java:569)
W/System.err( 1026):    at java.lang.Thread.run(Thread.java:856)
W/System.err( 1026): Caused by: libcore.io.ErrnoException: open failed: EACCES (Permission denied)
W/System.err( 1026):    at libcore.io.Posix.open(Native Method)
W/System.err( 1026):    at libcore.io.BlockGuardOs.open(BlockGuardOs.java:110)
W/System.err( 1026):    at java.io.File.createNewFile(File.java:933)
W/System.err( 1026):    ... 9 more
D/dalvikvm( 1026): GC_EXPLICIT freed 533K, 6% free 41874K/44231K, paused 2ms+12ms
D/HomePlayerLib( 1026): loadBitmapFromUrl picOverLargeCache:{}
D/HomePlayerLib( 1026): will decode url is http://192.168.2.13:59737/%25/%E9%AB%98%E6%B8%85%E5%9B%BE%E7%89%87%5C5424f37d6904848929388ac7.jpg
W/System.err( 1026): java.io.IOException: open failed: EACCES (Permission denied)
W/System.err( 1026):    at java.io.File.createNewFile(File.java:940)
W/System.err( 1026):    at stp.homeplayerlib.DecodeBitmapUtil.loadBitmapFromUrl(DecodeBitmapUtil.java:262)
W/System.err( 1026):    at com.coship.Multimedia.utils.Tools.getBitmap(Tools.java:70)
W/System.err( 1026):    at com.coship.Multimedia.ImageWindow.AsyncImageLoader$2.run(AsyncImageLoader.java:52)
W/System.err( 1026):    at java.util.concurrent.Executors$RunnableAdapter.call(Executors.java:442)
W/System.err( 1026):    at java.util.concurrent.FutureTask$Sync.innerRun(FutureTask.java:305)
W/System.err( 1026):    at java.util.concurrent.FutureTask.run(FutureTask.java:137)
W/System.err( 1026):    at java.util.concurrent.ThreadPoolExecutor.runWorker(ThreadPoolExecutor.java:1076)
W/System.err( 1026):    at java.util.concurrent.ThreadPoolExecutor$Worker.run(ThreadPoolExecutor.java:569)
W/System.err( 1026):    at java.lang.Thread.run(Thread.java:856)
W/System.err( 1026): Caused by: libcore.io.ErrnoException: open failed: EACCES (Permission denied)
W/System.err( 1026):    at libcore.io.Posix.open(Native Method)
W/System.err( 1026):    at libcore.io.BlockGuardOs.open(BlockGuardOs.java:110)
W/System.err( 1026):    at java.io.File.createNewFile(File.java:933)
W/System.err( 1026):    ... 9 more
D/dalvikvm( 1026): GC_EXPLICIT freed 581K, 6% free 41919K/44231K, paused 2ms+13ms
D/HomePlayerLib( 1026): loadBitmapFromUrl picOverLargeCache:{}
D/HomePlayerLib( 1026): will decode url is http://192.168.2.13:59737/%25/%E9%AB%98%E6%B8%85%E5%9B%BE%E7%89%87%5C4f08a6099044766b6b60fbeb.jpg
W/System.err( 1026): java.io.IOException: open failed: EACCES (Permission denied)
W/System.err( 1026):    at java.io.File.createNewFile(File.java:940)
W/System.err( 1026):    at stp.homeplayerlib.DecodeBitmapUtil.loadBitmapFromUrl(DecodeBitmapUtil.java:262)
W/System.err( 1026):    at com.coship.Multimedia.utils.Tools.getBitmap(Tools.java:70)
W/System.err( 1026):    at com.coship.Multimedia.ImageWindow.AsyncImageLoader$2.run(AsyncImageLoader.java:52)
W/System.err( 1026):    at java.util.concurrent.Executors$RunnableAdapter.call(Executors.java:442)
W/System.err( 1026):    at java.util.concurrent.FutureTask$Sync.innerRun(FutureTask.java:305)
W/System.err( 1026):    at java.util.concurrent.FutureTask.run(FutureTask.java:137)
W/System.err( 1026):    at java.util.concurrent.ThreadPoolExecutor.runWorker(ThreadPoolExecutor.java:1076)
W/System.err( 1026):    at java.util.concurrent.ThreadPoolExecutor$Worker.run(ThreadPoolExecutor.java:569)
W/System.err( 1026):    at java.lang.Thread.run(Thread.java:856)
W/System.err( 1026): Caused by: libcore.io.ErrnoException: open failed: EACCES (Permission denied)
W/System.err( 1026):    at libcore.io.Posix.open(Native Method)
W/System.err( 1026):    at libcore.io.BlockGuardOs.open(BlockGuardOs.java:110)
W/System.err( 1026):    at java.io.File.createNewFile(File.java:933)
W/System.err( 1026):    ... 9 more
D/dalvikvm( 1026): GC_EXPLICIT freed 606K, 6% free 41958K/44231K, paused 2ms+13ms
D/HomePlayerLib( 1026): loadBitmapFromUrl picOverLargeCache:{}
D/HomePlayerLib( 1026): will decode url is http://192.168.2.13:59737/%25/%E9%AB%98%E6%B8%85%E5%9B%BE%E7%89%87%5Cf36f84fadfd71854034f56a8.jpg
W/System.err( 1026): java.io.IOException: open failed: EACCES (Permission denied)
W/System.err( 1026):    at java.io.File.createNewFile(File.java:940)
W/System.err( 1026):    at stp.homeplayerlib.DecodeBitmapUtil.loadBitmapFromUrl(DecodeBitmapUtil.java:262)
W/System.err( 1026):    at com.coship.Multimedia.utils.Tools.getBitmap(Tools.java:70)
W/System.err( 1026):    at com.coship.Multimedia.ImageWindow.AsyncImageLoader$2.run(AsyncImageLoader.java:52)
W/System.err( 1026):    at java.util.concurrent.Executors$RunnableAdapter.call(Executors.java:442)
W/System.err( 1026):    at java.util.concurrent.FutureTask$Sync.innerRun(FutureTask.java:305)
W/System.err( 1026):    at java.util.concurrent.FutureTask.run(FutureTask.java:137)
W/System.err( 1026):    at java.util.concurrent.ThreadPoolExecutor.runWorker(ThreadPoolExecutor.java:1076)
W/System.err( 1026):    at java.util.concurrent.ThreadPoolExecutor$Worker.run(ThreadPoolExecutor.java:569)
W/System.err( 1026):    at java.lang.Thread.run(Thread.java:856)
W/System.err( 1026): Caused by: libcore.io.ErrnoException: open failed: EACCES (Permission denied)
W/System.err( 1026):    at libcore.io.Posix.open(Native Method)
W/System.err( 1026):    at libcore.io.BlockGuardOs.open(BlockGuardOs.java:110)
W/System.err( 1026):    at java.io.File.createNewFile(File.java:933)
W/System.err( 1026):    ... 9 more
D/dalvikvm( 1026): GC_EXPLICIT freed 595K, 6% free 41919K/44231K, paused 2ms+11ms
D/HomePlayerLib( 1026): loadBitmapFromUrl picOverLargeCache:{}
D/HomePlayerLib( 1026): will decode url is http://192.168.2.13:59737/%25/%E9%AB%98%E6%B8%85%E5%9B%BE%E7%89%87%5C572f402bd03a21a1e6cd40b4.jpg
W/System.err( 1026): java.io.IOException: open failed: EACCES (Permission denied)
W/System.err( 1026):    at java.io.File.createNewFile(File.java:940)
W/System.err( 1026):    at stp.homeplayerlib.DecodeBitmapUtil.loadBitmapFromUrl(DecodeBitmapUtil.java:262)
W/System.err( 1026):    at com.coship.Multimedia.utils.Tools.getBitmap(Tools.java:70)
W/System.err( 1026):    at com.coship.Multimedia.ImageWindow.AsyncImageLoader$2.run(AsyncImageLoader.java:52)
W/System.err( 1026):    at java.util.concurrent.Executors$RunnableAdapter.call(Executors.java:442)
W/System.err( 1026):    at java.util.concurrent.FutureTask$Sync.innerRun(FutureTask.java:305)
W/System.err( 1026):    at java.util.concurrent.FutureTask.run(FutureTask.java:137)
W/System.err( 1026):    at java.util.concurrent.ThreadPoolExecutor.runWorker(ThreadPoolExecutor.java:1076)
W/System.err( 1026):    at java.util.concurrent.ThreadPoolExecutor$Worker.run(ThreadPoolExecutor.java:569)
W/System.err( 1026):    at java.lang.Thread.run(Thread.java:856)
W/System.err( 1026): Caused by: libcore.io.ErrnoException: open failed: EACCES (Permission denied)
W/System.err( 1026):    at libcore.io.Posix.open(Native Method)
W/System.err( 1026):    at libcore.io.BlockGuardOs.open(BlockGuardOs.java:110)
W/System.err( 1026):    at java.io.File.createNewFile(File.java:933)
W/System.err( 1026):    ... 9 more
D/dalvikvm( 1026): GC_EXPLICIT freed 633K, 6% free 41925K/44231K, paused 2ms+12ms
D/dalvikvm( 1026): GC_EXPLICIT freed 97K, 6% free 41830K/44231K, paused 2ms+8ms
D/dalvikvm( 1026): GC_EXPLICIT freed 223K, 6% free 41833K/44231K, paused 2ms+9ms
D/dalvikvm( 1026): GC_EXPLICIT freed 6K, 6% free 41826K/44231K, paused 2ms+8ms
D/dalvikvm( 1026): GC_EXPLICIT freed 220K, 6% free 41832K/44231K, paused 3ms+9ms
E/EventHub(  171): send pin = 24,value = 0
E/EventHub(  171): send pin = 24,value = 0
V/PinyinIME(  824): onKeyDown:22
I/PinyinIME(  824): onKeyDown:System handler the keyevent
I/PinyinIME(  824): onKeyUp:22
I/PinyinIME(  824): onKeyUp:System handler the keyevent
D/audio_hw_primary(   92): select_output_device 0x40002
D/HomePlayerLib( 1026): hostaddress count is 1
D/dalvikvm( 1026): GC_FOR_ALLOC freed 1537K, 6% free 41872K/44231K, paused 47ms
D/dalvikvm( 1026): GC_FOR_ALLOC freed 1704K, 6% free 41895K/44231K, paused 41ms
D/dalvikvm( 1026): GC_FOR_ALLOC freed 1680K, 6% free 41883K/44231K, paused 49ms
E/EventHub(  171): send pin = 24,value = 0
V/PinyinIME(  824): onKeyDown:23
I/PinyinIME(  824): onKeyDown:System handler the keyevent
E/EventHub(  171): send pin = 24,value = 0
I/PinyinIME(  824): onKeyUp:23
I/PinyinIME(  824): onKeyUp:System handler the keyevent
D/dalvikvm( 1026): GC_FOR_ALLOC freed 1658K, 6% free 41883K/44231K, paused 40ms
I/ActivityManager(  171): START {cmp=com.coship.Multimedia/.ImageWindow.ImageWindow (has extras)} from pid 1026
V/imageView( 1026): +++++screenWidth++++1280+++++screenHeight++++720
D/dalvikvm( 1026): GC_FOR_ALLOC freed 1604K, 6% free 41864K/44231K, paused 41ms
I/dalvikvm-heap( 1026): Grow heap (frag case) to 41.733MB for 820528-byte allocation
D/dalvikvm( 1026): GC_FOR_ALLOC freed 2K, 6% free 42663K/45063K, paused 36ms
D/dalvikvm( 1026): GC_FOR_ALLOC freed 1999K, 9% free 41444K/45063K, paused 38ms
D/dalvikvm( 1026): GC_FOR_ALLOC freed 245K, 8% free 41711K/45063K, paused 33ms
I/dalvikvm-heap( 1026): Grow heap (frag case) to 44.298MB for 3666576-byte allocation
D/dalvikvm( 1026): GC_FOR_ALLOC freed 8K, 7% free 45283K/48647K, paused 32ms
D/dalvikvm( 1026): GC_CONCURRENT freed 232K, 7% free 45395K/48647K, paused 3ms+7ms
I/Process (  171): Sending signal. PID: 1026 SIG: 3
I/dalvikvm( 1026): threadid=3: reacting to signal 3
D/dalvikvm( 1026): GC_FOR_ALLOC freed 946K, 7% free 45544K/48647K, paused 35ms
I/dalvikvm-heap( 1026): Grow heap (frag case) to 44.780MB for 246420-byte allocation
I/dalvikvm( 1026): Wrote stack traces to '/data/anr/traces.txt'
D/dalvikvm( 1026): GC_FOR_ALLOC freed 0K, 7% free 45785K/48903K, paused 38ms
D/dalvikvm( 1026): GC_FOR_ALLOC freed 1564K, 9% free 44688K/48903K, paused 34ms
I/System.out( 1026): browse 0, BrowseMetadata, 0, 100
V/ImageWindow( 1026): +++++++++++++++++++-1
D/dalvikvm( 1026): GC_FOR_ALLOC freed 222K, 8% free 45372K/48903K, paused 32ms
I/dalvikvm-heap( 1026): Forcing collection of SoftReferences for 298216-byte allocation
D/dalvikvm( 1026): GC_BEFORE_OOM freed 7K, 8% free 45364K/48903K, paused 36ms
E/dalvikvm-heap( 1026): Out of memory on a 298216-byte allocation.
I/dalvikvm( 1026): "main" prio=5 tid=1 RUNNABLE
I/dalvikvm( 1026):   | group="main" sCount=0 dsCount=0 obj=0x40a3e460 self=0x1b0e828
I/dalvikvm( 1026):   | sysTid=1026 nice=0 sched=0/0 cgrp=default handle=1074345412
I/dalvikvm( 1026):   | schedstat=( 65160000000 20560000000 176157 ) utm=5517 stm=999 core=1
I/dalvikvm( 1026):   at android.graphics.Bitmap.nativeCreate(Native Method)
I/dalvikvm( 1026):   at android.graphics.Bitmap.createBitmap(Bitmap.java:605)
I/dalvikvm( 1026):   at android.graphics.Bitmap.createBitmap(Bitmap.java:551)
I/dalvikvm( 1026):   at com.coship.Multimedia.utils.Tools.bitmapRoom(Tools.java:130)
I/dalvikvm( 1026):   at com.coship.Multimedia.view.VolbarView.init(VolbarView.java:76)
I/dalvikvm( 1026):   at com.coship.Multimedia.view.VolbarView.getInstance(VolbarView.java:61)
I/dalvikvm( 1026):   at com.coship.Multimedia.ImageWindow.ImageWindow.initVolbar(ImageWindow.java:227)
I/dalvikvm( 1026):   at com.coship.Multimedia.ImageWindow.ImageWindow.onCreate(ImageWindow.java:171)
I/dalvikvm( 1026):   at android.app.Activity.performCreate(Activity.java:4468)
I/dalvikvm( 1026):   at android.app.Instrumentation.callActivityOnCreate(Instrumentation.java:1049)
I/dalvikvm( 1026):   at android.app.ActivityThread.performLaunchActivity(ActivityThread.java:1920)
I/dalvikvm( 1026):   at android.app.ActivityThread.handleLaunchActivity(ActivityThread.java:1981)
I/dalvikvm( 1026):   at android.app.ActivityThread.access$600(ActivityThread.java:123)
I/dalvikvm( 1026):   at android.app.ActivityThread$H.handleMessage(ActivityThread.java:1147)
I/dalvikvm( 1026):   at android.os.Handler.dispatchMessage(Handler.java:99)
I/dalvikvm( 1026):   at android.os.Looper.loop(Looper.java:137)
I/dalvikvm( 1026):   at android.app.ActivityThread.main(ActivityThread.java:4424)
I/dalvikvm( 1026):   at java.lang.reflect.Method.invokeNative(Native Method)
I/dalvikvm( 1026):   at java.lang.reflect.Method.invoke(Method.java:511)
I/dalvikvm( 1026):   at com.android.internal.os.ZygoteInit$MethodAndArgsCaller.run(ZygoteInit.java:788)
I/dalvikvm( 1026):   at com.android.internal.os.ZygoteInit.main(ZygoteInit.java:555)
I/dalvikvm( 1026):   at dalvik.system.NativeStart.main(Native Method)
I/dalvikvm( 1026): 
D/AndroidRuntime( 1026): Shutting down VM
W/dalvikvm( 1026): threadid=1: thread exiting with uncaught exception (group=0x40a3d1f8)
E/AndroidRuntime( 1026): FATAL EXCEPTION: main
E/AndroidRuntime( 1026): java.lang.OutOfMemoryError
E/AndroidRuntime( 1026):        at android.graphics.Bitmap.nativeCreate(Native Method)
E/AndroidRuntime( 1026):        at android.graphics.Bitmap.createBitmap(Bitmap.java:605)
E/AndroidRuntime( 1026):        at android.graphics.Bitmap.createBitmap(Bitmap.java:551)
E/AndroidRuntime( 1026):        at com.coship.Multimedia.utils.Tools.bitmapRoom(Tools.java:130)
E/AndroidRuntime( 1026):        at com.coship.Multimedia.view.VolbarView.init(VolbarView.java:76)
E/AndroidRuntime( 1026):        at com.coship.Multimedia.view.VolbarView.getInstance(VolbarView.java:61)
E/AndroidRuntime( 1026):        at com.coship.Multimedia.ImageWindow.ImageWindow.initVolbar(ImageWindow.java:227)
E/AndroidRuntime( 1026):        at com.coship.Multimedia.ImageWindow.ImageWindow.onCreate(ImageWindow.java:171)
E/AndroidRuntime( 1026):        at android.app.Activity.performCreate(Activity.java:4468)
E/AndroidRuntime( 1026):        at android.app.Instrumentation.callActivityOnCreate(Instrumentation.java:1049)
E/AndroidRuntime( 1026):        at android.app.ActivityThread.performLaunchActivity(ActivityThread.java:1920)
E/AndroidRuntime( 1026):        at android.app.ActivityThread.handleLaunchActivity(ActivityThread.java:1981)
E/AndroidRuntime( 1026):        at android.app.ActivityThread.access$600(ActivityThread.java:123)
E/AndroidRuntime( 1026):        at android.app.ActivityThread$H.handleMessage(ActivityThread.java:1147)
E/AndroidRuntime( 1026):        at android.os.Handler.dispatchMessage(Handler.java:99)
E/AndroidRuntime( 1026):        at android.os.Looper.loop(Looper.java:137)
E/AndroidRuntime( 1026):        at android.app.ActivityThread.main(ActivityThread.java:4424)
E/AndroidRuntime( 1026):        at java.lang.reflect.Method.invokeNative(Native Method)
E/AndroidRuntime( 1026):        at java.lang.reflect.Method.invoke(Method.java:511)
E/AndroidRuntime( 1026):        at com.android.internal.os.ZygoteInit$MethodAndArgsCaller.run(ZygoteInit.java:788)
E/AndroidRuntime( 1026):        at com.android.internal.os.ZygoteInit.main(ZygoteInit.java:555)
E/AndroidRuntime( 1026):        at dalvik.system.NativeStart.main(Native Method)
W/ActivityManager(  171):   Force finishing activity com.coship.Multimedia/.ImageWindow.ImageWindow
W/ActivityManager(  171):   Force finishing activity com.coship.Multimedia/.ImageWindow.ImageShow
I/System.out( 1026): browse 0, BrowseDirectChildren, 0, 100
I/Process (  171): Sending signal. PID: 1026 SIG: 3
I/dalvikvm( 1026): threadid=3: reacting to signal 3
I/dalvikvm( 1026): Wrote stack traces to '/data/anr/traces.txt'
D/HomePlayerLib( 1026): loadBitmapFromUrl picOverLargeCache:{}
D/HomePlayerLib( 1026): will decode url is http://192.168.2.13:59737/%25/%E9%AB%98%E6%B8%85%E5%9B%BE%E7%89%87%5Cd7513b04b998d7f77a89477e.jpg
W/System.err( 1026): java.io.IOException: open failed: EACCES (Permission denied)
W/System.err( 1026):    at java.io.File.createNewFile(File.java:940)
W/System.err( 1026):    at stp.homeplayerlib.DecodeBitmapUtil.loadBitmapFromUrl(DecodeBitmapUtil.java:262)
W/System.err( 1026):    at com.coship.Multimedia.ImageWindow.ImageWindow.setData(ImageWindow.java:356)
W/System.err( 1026):    at com.coship.Multimedia.ImageWindow.ImageWindow.access$3600(ImageWindow.java:54)
W/System.err( 1026):    at com.coship.Multimedia.ImageWindow.ImageWindow$showTimerTask.run(ImageWindow.java:957)
W/System.err( 1026):    at java.util.Timer$TimerImpl.run(Timer.java:284)
W/System.err( 1026): Caused by: libcore.io.ErrnoException: open failed: EACCES (Permission denied)
W/System.err( 1026):    at libcore.io.Posix.open(Native Method)
W/System.err( 1026):    at libcore.io.BlockGuardOs.open(BlockGuardOs.java:110)
W/System.err( 1026):    at java.io.File.createNewFile(File.java:933)
W/System.err( 1026):    ... 5 more
D/dalvikvm( 1026): GC_CONCURRENT freed 2390K, 8% free 45017K/48903K, paused 2ms+7ms
W/ActivityManager(  171): Activity pause timeout for ActivityRecord{41139780 com.coship.Multimedia/.ImageWindow.ImageWindow}
I/Process (  171): Sending signal. PID: 1026 SIG: 3
I/dalvikvm( 1026): threadid=3: reacting to signal 3
I/dalvikvm( 1026): Wrote stack traces to '/data/anr/traces.txt'
D/HomePlayerLib( 1026): this page has been got,currrent page is  1 file count is 19
I/System.out( 1026): browse 0, BrowseMetadata, 0, 100
D/dalvikvm( 1026): GC_CONCURRENT freed 1972K, 8% free 45092K/48903K, paused 2ms+5ms
I/System.out( 1026): browse 0, BrowseDirectChildren, 0, 100
I/Process (  171): Sending signal. PID: 1026 SIG: 3
I/dalvikvm( 1026): threadid=3: reacting to signal 3
I/dalvikvm( 1026): Wrote stack traces to '/data/anr/traces.txt'
D/dalvikvm( 1026): GC_CONCURRENT freed 1971K, 8% free 45168K/48903K, paused 2ms+8ms
D/HomePlayerLib( 1026): this page has been got,currrent page is  1 file count is 19
I/Process (  171): Sending signal. PID: 1026 SIG: 3
I/dalvikvm( 1026): threadid=3: reacting to signal 3
I/dalvikvm( 1026): Wrote stack traces to '/data/anr/traces.txt'
D/dalvikvm( 1026): GC_CONCURRENT freed 2191K, 8% free 45023K/48903K, paused 2ms+6ms
I/Process (  171): Sending signal. PID: 1026 SIG: 3
I/dalvikvm( 1026): threadid=3: reacting to signal 3
I/dalvikvm( 1026): Wrote stack traces to '/data/anr/traces.txt'
I/Process (  171): Sending signal. PID: 1026 SIG: 3
I/dalvikvm( 1026): threadid=3: reacting to signal 3
I/dalvikvm( 1026): Wrote stack traces to '/data/anr/traces.txt'
I/Process (  171): Sending signal. PID: 1026 SIG: 3
I/dalvikvm( 1026): threadid=3: reacting to signal 3
I/dalvikvm( 1026): Wrote stack traces to '/data/anr/traces.txt'
I/Process (  171): Sending signal. PID: 1026 SIG: 3
I/dalvikvm( 1026): threadid=3: reacting to signal 3
I/dalvikvm( 1026): Wrote stack traces to '/data/anr/traces.txt'
I/Process (  171): Sending signal. PID: 1026 SIG: 3
I/dalvikvm( 1026): threadid=3: reacting to signal 3
I/dalvikvm( 1026): Wrote stack traces to '/data/anr/traces.txt'
I/Process (  171): Sending signal. PID: 1026 SIG: 3
I/dalvikvm( 1026): threadid=3: reacting to signal 3
I/dalvikvm( 1026): Wrote stack traces to '/data/anr/traces.txt'
I/Process (  171): Sending signal. PID: 1026 SIG: 3
I/dalvikvm( 1026): threadid=3: reacting to signal 3
I/dalvikvm( 1026): Wrote stack traces to '/data/anr/traces.txt'
D/dalvikvm( 1026): GC_CONCURRENT freed 2024K, 8% free 45040K/48903K, paused 2ms+8ms
I/Process (  171): Sending signal. PID: 1026 SIG: 3
I/dalvikvm( 1026): threadid=3: reacting to signal 3
I/dalvikvm( 1026): Wrote stack traces to '/data/anr/traces.txt'
D/dalvikvm( 1026): GC_CONCURRENT freed 1966K, 8% free 45035K/48903K, paused 4ms+6ms
I/Process (  171): Sending signal. PID: 1026 SIG: 3
I/dalvikvm( 1026): threadid=3: reacting to signal 3
I/dalvikvm( 1026): Wrote stack traces to '/data/anr/traces.txt'
I/Process (  171): Sending signal. PID: 1026 SIG: 3
I/dalvikvm( 1026): threadid=3: reacting to signal 3
I/dalvikvm( 1026): Wrote stack traces to '/data/anr/traces.txt'
D/dalvikvm( 1026): GC_CONCURRENT freed 1999K, 8% free 45083K/48903K, paused 2ms+6ms
I/Process (  171): Sending signal. PID: 1026 SIG: 3
I/dalvikvm( 1026): threadid=3: reacting to signal 3
I/dalvikvm( 1026): Wrote stack traces to '/data/anr/traces.txt'
D/dalvikvm( 1026): GC_CONCURRENT freed 1986K, 8% free 45276K/48903K, paused 2ms+7ms
I/Process (  171): Sending signal. PID: 1026 SIG: 3
I/dalvikvm( 1026): threadid=3: reacting to signal 3
D/dalvikvm( 1026): GC_CONCURRENT freed 2247K, 8% free 45076K/48903K, paused 2ms+6ms
I/dalvikvm( 1026): Wrote stack traces to '/data/anr/traces.txt'
I/Process (  171): Sending signal. PID: 1026 SIG: 3
I/dalvikvm( 1026): threadid=3: reacting to signal 3
D/dalvikvm( 1026): GC_CONCURRENT freed 1985K, 8% free 45041K/48903K, paused 2ms+7ms
I/dalvikvm( 1026): Wrote stack traces to '/data/anr/traces.txt'
D/HomePlayerLib( 1026): hostaddress count is 1
D/dalvikvm( 1026): GC_CONCURRENT freed 2021K, 8% free 45062K/48903K, paused 2ms+7ms
I/Process (  171): Sending signal. PID: 1026 SIG: 3
I/dalvikvm( 1026): threadid=3: reacting to signal 3
I/dalvikvm( 1026): Wrote stack traces to '/data/anr/traces.txt'
D/dalvikvm( 1026): GC_CONCURRENT freed 2050K, 8% free 45057K/48903K, paused 3ms+7ms
W/ActivityManager(  171): Launch timeout has expired, giving up wake lock!
I/Process (  171): Sending signal. PID: 1026 SIG: 3
I/dalvikvm( 1026): threadid=3: reacting to signal 3
I/dalvikvm( 1026): Wrote stack traces to '/data/anr/traces.txt'
W/ActivityManager(  171): Activity idle timeout for ActivityRecord{41139780 com.coship.Multimedia/.ImageWindow.ImageWindow}
D/dalvikvm( 1026): GC_CONCURRENT freed 1954K, 8% free 45030K/48903K, paused 2ms+5ms
D/dalvikvm( 1026): GC_CONCURRENT freed 2025K, 8% free 45052K/48903K, paused 2ms+6ms
W/ActivityManager(  171): Activity idle timeout for ActivityRecord{41118630 com.coship.Multimedia/.main}
D/dalvikvm( 1026): GC_CONCURRENT freed 2046K, 8% free 45053K/48903K, paused 2ms+8ms
D/dalvikvm( 1026): GC_CONCURRENT freed 2026K, 8% free 45033K/48903K, paused 2ms+6ms
D/dalvikvm( 1026): GC_CONCURRENT freed 2026K, 8% free 45054K/48903K, paused 2ms+8ms
D/dalvikvm( 1026): GC_CONCURRENT freed 2039K, 8% free 45063K/48903K, paused 2ms+8ms
D/dalvikvm( 1026): GC_CONCURRENT freed 2081K, 8% free 45030K/48903K, paused 2ms+6ms
D/dalvikvm( 1026): GC_CONCURRENT freed 2007K, 8% free 45070K/48903K, paused 2ms+6ms
D/dalvikvm( 1026): GC_CONCURRENT freed 2050K, 8% free 45046K/48903K, paused 2ms+6ms
D/dalvikvm( 1026): GC_CONCURRENT freed 2048K, 8% free 45030K/48903K, paused 2ms+6ms
D/dalvikvm( 1026): GC_CONCURRENT freed 2021K, 8% free 45056K/48903K, paused 3ms+5ms
D/dalvikvm( 1026): GC_CONCURRENT freed 2036K, 8% free 45068K/48903K, paused 2ms+6ms
D/dalvikvm( 1026): GC_CONCURRENT freed 2063K, 8% free 45051K/48903K, paused 2ms+7ms
D/HomePlayerLib( 1026): hostaddress count is 1
D/dalvikvm( 1026): GC_CONCURRENT freed 2040K, 8% free 45056K/48903K, paused 2ms+5ms
D/dalvikvm( 1026): GC_CONCURRENT freed 2037K, 8% free 45067K/48903K, paused 2ms+7ms
W/ActivityManager(  171): Activity destroy timeout for ActivityRecord{41d04c98 com.coship.Multimedia/.ImageWindow.ImageShow}
W/ActivityManager(  171): Activity destroy timeout for ActivityRecord{41139780 com.coship.Multimedia/.ImageWindow.ImageWindow}
D/dalvikvm( 1026): GC_CONCURRENT freed 1973K, 8% free 45062K/48903K, paused 2ms+5ms
D/dalvikvm( 1026): GC_CONCURRENT freed 1996K, 8% free 45075K/48903K, paused 2ms+6ms
D/dalvikvm( 1026): GC_CONCURRENT freed 2078K, 8% free 45043K/48903K, paused 2ms+8ms
D/dalvikvm( 1026): GC_CONCURRENT freed 2067K, 8% free 45020K/48903K, paused 2ms+5ms
D/dalvikvm( 1026): GC_CONCURRENT freed 2012K, 8% free 45054K/48903K, paused 2ms+6ms
D/dalvikvm( 1026): GC_CONCURRENT freed 2024K, 8% free 45076K/48903K, paused 2ms+7ms
D/dalvikvm( 1026): GC_CONCURRENT freed 2053K, 8% free 45070K/48903K, paused 2ms+8ms
D/dalvikvm( 1026): GC_CONCURRENT freed 2074K, 8% free 45041K/48903K, paused 2ms+7ms
D/dalvikvm( 1026): GC_CONCURRENT freed 2045K, 8% free 45038K/48903K, paused 2ms+6ms
D/dalvikvm( 1026): GC_CONCURRENT freed 2020K, 8% free 45063K/48903K, paused 2ms+7ms
D/dalvikvm( 1026): GC_CONCURRENT freed 2043K, 8% free 45067K/48903K, paused 3ms+5ms
D/dalvikvm( 1026): GC_CONCURRENT freed 2067K, 8% free 45029K/48903K, paused 3ms+6ms
D/dalvikvm( 1026): GC_CONCURRENT freed 2000K, 8% free 45063K/48903K, paused 2ms+7ms
D/dalvikvm( 1026): GC_CONCURRENT freed 1966K, 8% free 45043K/48903K, paused 2ms+6ms
D/dalvikvm( 1026): GC_CONCURRENT freed 2022K, 8% free 45084K/48903K, paused 2ms+5ms
D/HomePlayerLib( 1026): hostaddress count is 1
D/dalvikvm( 1026): GC_CONCURRENT freed 2075K, 8% free 45056K/48903K, paused 2ms+7ms
D/dalvikvm( 1026): GC_CONCURRENT freed 2007K, 8% free 45051K/48903K, paused 2ms+7ms
D/dalvikvm( 1026): GC_CONCURRENT freed 1948K, 8% free 45038K/48903K, paused 2ms+7ms
D/dalvikvm( 1026): GC_CONCURRENT freed 1983K, 8% free 45050K/48903K, paused 3ms+6ms
D/dalvikvm( 1026): GC_CONCURRENT freed 2021K, 8% free 45075K/48903K, paused 2ms+7ms
D/dalvikvm( 1026): GC_CONCURRENT freed 2086K, 8% free 45030K/48903K, paused 2ms+7ms
D/dalvikvm( 1026): GC_CONCURRENT freed 2014K, 8% free 45060K/48903K, paused 2ms+6ms
D/dalvikvm( 1026): GC_CONCURRENT freed 2047K, 8% free 45060K/48903K, paused 2ms+8ms
D/dalvikvm( 1026): GC_CONCURRENT freed 2050K, 8% free 45072K/48903K, paused 2ms+5ms
D/dalvikvm( 1026): GC_CONCURRENT freed 2024K, 8% free 45082K/48903K, paused 3ms+6ms
D/dalvikvm( 1026): GC_CONCURRENT freed 2061K, 8% free 45072K/48903K, paused 2ms+6ms
D/dalvikvm( 1026): GC_CONCURRENT freed 2072K, 8% free 45066K/48903K, paused 2ms+6ms
D/dalvikvm( 1026): GC_CONCURRENT freed 2050K, 8% free 45029K/48903K, paused 2ms+6ms
D/dalvikvm( 1026): GC_CONCURRENT freed 2038K, 8% free 45030K/48903K, paused 2ms+5ms
D/dalvikvm( 1026): GC_CONCURRENT freed 2036K, 8% free 45040K/48903K, paused 2ms+6ms
D/dalvikvm( 1026): GC_CONCURRENT freed 2005K, 8% free 45058K/48903K, paused 2ms+5ms
D/HomePlayerLib( 1026): hostaddress count is 1
D/dalvikvm( 1026): GC_CONCURRENT freed 2071K, 8% free 45030K/48903K, paused 2ms+5ms
D/dalvikvm( 1026): GC_CONCURRENT freed 2002K, 8% free 45070K/48903K, paused 2ms+6ms
D/dalvikvm( 1026): GC_CONCURRENT freed 2053K, 8% free 45064K/48903K, paused 2ms+5ms
D/dalvikvm( 1026): GC_CONCURRENT freed 2054K, 8% free 45054K/48903K, paused 2ms+8ms
D/dalvikvm( 1026): GC_CONCURRENT freed 2060K, 8% free 45030K/48903K, paused 2ms+7ms
D/dalvikvm( 1026): GC_CONCURRENT freed 1905K, 8% free 45051K/48903K, paused 2ms+6ms
D/dalvikvm( 1026): GC_CONCURRENT freed 1990K, 8% free 45055K/48903K, paused 2ms+7ms
D/dalvikvm( 1026): GC_CONCURRENT freed 2060K, 8% free 45040K/48903K, paused 2ms+7ms
D/dalvikvm( 1026): GC_CONCURRENT freed 2011K, 8% free 45077K/48903K, paused 2ms+6ms
D/dalvikvm( 1026): GC_CONCURRENT freed 2039K, 8% free 45085K/48903K, paused 2ms+8ms
D/dalvikvm( 1026): GC_CONCURRENT freed 2078K, 8% free 45055K/48903K, paused 2ms+5ms
D/dalvikvm( 1026): GC_CONCURRENT freed 2055K, 8% free 45047K/48903K, paused 2ms+8ms
D/dalvikvm( 1026): GC_CONCURRENT freed 2061K, 8% free 45033K/48903K, paused 2ms+7ms
D/dalvikvm( 1026): GC_CONCURRENT freed 2035K, 8% free 45039K/48903K, paused 2ms+7ms
D/dalvikvm( 1026): GC_CONCURRENT freed 2006K, 8% free 45081K/48903K, paused 2ms+6ms
D/dalvikvm( 1026): GC_CONCURRENT freed 2080K, 8% free 45048K/48903K, paused 2ms+8ms
D/dalvikvm( 1026): GC_CONCURRENT freed 1998K, 8% free 45066K/48903K, paused 2ms+7ms
D/dalvikvm( 1026): GC_CONCURRENT freed 2068K, 8% free 45039K/48903K, paused 3ms+7ms
D/HomePlayerLib( 1026): hostaddress count is 1
D/dalvikvm( 1026): GC_CONCURRENT freed 2034K, 8% free 45053K/48903K, paused 2ms+8ms
D/dalvikvm( 1026): GC_CONCURRENT freed 2045K, 8% free 45055K/48903K, paused 2ms+8ms
D/dalvikvm( 1026): GC_CONCURRENT freed 2030K, 8% free 45064K/48903K, paused 3ms+6ms
D/dalvikvm( 1026): GC_CONCURRENT freed 2047K, 8% free 45064K/48903K, paused 2ms+7ms
D/dalvikvm( 1026): GC_CONCURRENT freed 2015K, 8% free 45083K/48903K, paused 2ms+5ms
D/dalvikvm( 1026): GC_CONCURRENT freed 2078K, 8% free 45050K/48903K, paused 2ms+8ms
E/NetlinkListener(   87): recvmsg mBuffer:
E/NetlinkListener(   87):  (?)
D/dalvikvm( 1026): GC_CONCURRENT freed 2034K, 8% free 45064K/48903K, paused 2ms+6ms
D/dalvikvm( 1026): GC_CONCURRENT freed 1988K, 8% free 45074K/48903K, paused 2ms+7ms
D/dalvikvm( 1026): GC_CONCURRENT freed 2048K, 8% free 45058K/48903K, paused 2ms+7ms
D/dalvikvm( 1026): GC_CONCURRENT freed 1994K, 8% free 45044K/48903K, paused 2ms+7ms
D/dalvikvm( 1026): GC_CONCURRENT freed 2052K, 8% free 45040K/48903K, paused 3ms+7ms
D/dalvikvm( 1026): GC_CONCURRENT freed 2025K, 8% free 45057K/48903K, paused 2ms+5ms
D/dalvikvm( 1026): GC_CONCURRENT freed 2034K, 8% free 45070K/48903K, paused 2ms+7ms
D/dalvikvm( 1026): GC_CONCURRENT freed 2045K, 8% free 45070K/48903K, paused 2ms+6ms
D/dalvikvm( 1026): GC_CONCURRENT freed 2052K, 8% free 45055K/48903K, paused 2ms+7ms
D/dalvikvm( 1026): GC_CONCURRENT freed 1962K, 8% free 45035K/48903K, paused 2ms+7ms
D/dalvikvm( 1026): GC_CONCURRENT freed 2045K, 8% free 45034K/48903K, paused 2ms+7ms
D/dalvikvm( 1026): GC_CONCURRENT freed 2046K, 8% free 45034K/48903K, paused 2ms+4ms
D/dalvikvm( 1026): GC_CONCURRENT freed 2011K, 8% free 45071K/48903K, paused 2ms+7ms
D/dalvikvm( 1026): GC_CONCURRENT freed 1989K, 8% free 45032K/48903K, paused 2ms+5ms
D/dalvikvm( 1026): GC_CONCURRENT freed 2041K, 8% free 45030K/48903K, paused 2ms+7ms
D/HomePlayerLib( 1026): hostaddress count is 1
D/dalvikvm( 1026): GC_CONCURRENT freed 2026K, 8% free 45051K/48903K, paused 2ms+8ms
D/dalvikvm( 1026): GC_CONCURRENT freed 2041K, 8% free 45048K/48903K, paused 2ms+7ms
D/dalvikvm( 1026): GC_CONCURRENT freed 1999K, 8% free 45081K/48903K, paused 3ms+5ms
D/dalvikvm( 1026): GC_CONCURRENT freed 2056K, 8% free 45073K/48903K, paused 2ms+7ms
D/dalvikvm( 1026): GC_CONCURRENT freed 2075K, 8% free 45045K/48903K, paused 2ms+6ms
D/dalvikvm( 1026): GC_CONCURRENT freed 1985K, 8% free 45046K/48903K, paused 2ms+6ms
D/dalvikvm( 1026): GC_CONCURRENT freed 2029K, 8% free 45060K/48903K, paused 2ms+6ms
D/dalvikvm( 1026): GC_C[ 2597.043171] ----> schedule
[ 2608.436188] ----> time  [11, 404374696]
[ 2608.436203] ----> icoutn:nr  [84, 61],drop=1
ONCURRENT freed 1938K, 8% free 45046K/48903K, paused 2ms+7ms
D/dalvikvm( 1026): GC_CONCURRENT freed 2002K, 8% free 45087K/48903K, paused 2ms+8ms
D/dalvikvm( 1026): GC_CONCURRENT freed 2051K, 8% free 45080K/48903K, paused 2ms+8ms
D/dalvikvm( 1026): GC_CONCURRENT freed 2066K, 8% free 45061K/48903K, paused 2ms+8ms
D/dalvikvm( 1026): GC_CONCURRENT freed 2064K, 8% free 45045K/48903K, paused 2ms+7ms
D/dalvikvm( 1026): GC_CONCURRENT freed 1969K, 8% free 45049K/48903K, paused 3ms+6ms
D/dalvikvm( 1026): GC_CONCURRENT freed 2058K, 8% free 45030K/48903K, paused 2ms+6ms
