D/StrictMode( 1026):    at java.net.NetworkInterface.getByName(NetworkInterface.java:114)
D/StrictMode( 1026):    at java.net.NetworkInterface.getNetworkInterfacesList(NetworkInterface.java:270)
D/StrictMode( 1026):    at java.net.NetworkInterface.getNetworkInterfaces(NetworkInterface.java:262)
D/StrictMode( 1026):    at org.cybergarage.net.HostInterface.getNHostAddresses(HostInterface.java:152)
D/StrictMode( 1026):    at org.cybergarage.http.HTTPServerList.open(HTTPServerList.java:83)
D/StrictMode( 1026):    at org.cybergarage.http.HTTPServerList.open(HTTPServerList.java:107)
D/StrictMode( 1026):    at org.cybergarage.upnp.ControlPoint.start(ControlPoint.java:837)
D/StrictMode( 1026):    at stp.homeplayerlib.ContentManager.startControlPoint(ContentManager.java:210)
D/StrictMode( 1026):    at com.coship.Multimedia.view.uView.USBListenerInit(uView.java:117)
D/StrictMode( 1026):    at com.coship.Multimedia.view.uView.init(uView.java:101)
D/StrictMode( 1026):    at com.coship.Multimedia.view.uView.getInstance(uView.java:84)
D/StrictMode( 1026):    at com.coship.Multimedia.ImageWindow.ImageShow.init(ImageShow.java:95)
D/StrictMode( 1026):    at com.coship.Multimedia.ImageWindow.ImageShow.onCreate(ImageShow.java:66)
D/StrictMode( 1026):    at android.app.Activity.performCreate(Activity.java:4468)
D/StrictMode( 1026):    at android.app.Instrumentation.callActivityOnCreate(Instrumentation.java:1049)
D/StrictMode( 1026):    at android.app.ActivityThread.performLaunchActivity(ActivityThread.java:1920)
D/StrictMode( 1026):    at android.app.ActivityThread.handleLaunchActivity(ActivityThread.java:1981)
D/StrictMode( 1026):    at android.app.ActivityThread.access$600(ActivityThread.java:123)
D/StrictMode( 1026):    at android.app.ActivityThread$H.handleMessage(ActivityThread.java:1147)
D/StrictMode( 1026):    at android.os.Handler.dispatchMessage(Handler.java:99)
D/StrictMode( 1026):    at android.os.Looper.loop(Looper.java:137)
D/StrictMode( 1026):    at android.app.ActivityThread.main(ActivityThread.java:4424)
D/StrictMode( 1026):    at java.lang.reflect.Method.invokeNative(Native Method)
D/StrictMode( 1026):    at java.lang.reflect.Method.invoke(Method.java:511)
D/StrictMode( 1026):    at com.android.internal.os.ZygoteInit$MethodAndArgsCaller.run(ZygoteInit.java:788)
D/StrictMode( 1026):    at com.android.internal.os.ZygoteInit.main(ZygoteInit.java:555)
D/StrictMode( 1026):    at dalvik.system.NativeStart.main(Native Method)
D/StrictMode( 1026): StrictMode policy violation; ~duration=231 ms: android.os.StrictMode$StrictModeDiskReadViolation: policy=23 violation=2
D/StrictMode( 1026):    at android.os.StrictMode$AndroidBlockGuardPolicy.onReadFromDisk(StrictMode.java:1092)
D/StrictMode( 1026):    at libcore.io.BlockGuardOs.read(BlockGuardOs.java:148)
D/StrictMode( 1026):    at libcore.io.IoBridge.read(IoBridge.java:422)
D/StrictMode( 1026):    at java.io.RandomAccessFile.read(RandomAccessFile.java:290)
D/StrictMode( 1026):    at java.io.RandomAccessFile.read(RandomAccessFile.java:272)
D/StrictMode( 1026):    at libcore.io.IoUtils.readFileAsBytes(IoUtils.java:119)
D/StrictMode( 1026):    at libcore.io.IoUtils.readFileAsString(IoUtils.java:109)
D/StrictMode( 1026):    at java.net.NetworkInterface.readIntFile(NetworkInterface.java:200)
D/StrictMode( 1026):    at java.net.NetworkInterface.getByName(NetworkInterface.java:114)
D/StrictMode( 1026):    at java.net.NetworkInterface.getNetworkInterfacesList(NetworkInterface.java:270)
D/StrictMode( 1026):    at java.net.NetworkInterface.getNetworkInterfaces(NetworkInterface.java:262)
D/StrictMode( 1026):    at org.cybergarage.net.HostInterface.getNHostAddresses(HostInterface.java:152)
D/StrictMode( 1026):    at org.cybergarage.http.HTTPServerList.open(HTTPServerList.java:83)
D/StrictMode( 1026):    at org.cybergarage.http.HTTPServerList.open(HTTPServerList.java:107)
D/StrictMode( 1026):    at org.cybergarage.upnp.ControlPoint.start(ControlPoint.java:837)
D/StrictMode( 1026):    at stp.homeplayerlib.ContentManager.startControlPoint(ContentManager.java:210)
D/StrictMode( 1026):    at com.coship.Multimedia.view.uView.USBListenerInit(uView.java:117)
D/StrictMode( 1026):    at com.coship.Multimedia.view.uView.init(uView.java:101)
D/StrictMode( 1026):    at com.coship.Multimedia.view.uView.getInstance(uView.java:84)
D/StrictMode( 1026):    at com.coship.Multimedia.ImageWindow.ImageShow.init(ImageShow.java:95)
D/StrictMode( 1026):    at com.coship.Multimedia.ImageWindow.ImageShow.onCreate(ImageShow.java:66)
D/StrictMode( 1026):    at android.app.Activity.performCreate(Activity.java:4468)
D/StrictMode( 1026):    at android.app.Instrumentation.callActivityOnCreate(Instrumentation.java:1049)
D/StrictMode( 1026):    at android.app.ActivityThread.performLaunchActivity(ActivityThread.java:1920)
D/StrictMode( 1026):    at android.app.ActivityThread.handleLaunchActivity(ActivityThread.java:1981)
D/StrictMode( 1026):    at android.app.ActivityThread.access$600(ActivityThread.java:123)
D/StrictMode( 1026):    at android.app.ActivityThread$H.handleMessage(ActivityThread.java:1147)
D/StrictMode( 1026):    at android.os.Handler.dispatchMessage(Handler.java:99)
D/StrictMode( 1026):    at android.os.Looper.loop(Looper.java:137)
D/StrictMode( 1026):    at android.app.ActivityThread.main(ActivityThread.java:4424)
D/StrictMode( 1026):    at java.lang.reflect.Method.invokeNative(Native Method)
D/StrictMode( 1026):    at java.lang.reflect.Method.invoke(Method.java:511)
D/StrictMode( 1026):    at com.android.internal.os.ZygoteInit$MethodAndArgsCaller.run(ZygoteInit.java:788)
D/StrictMode( 1026):    at com.android.internal.os.ZygoteInit.main(ZygoteInit.java:555)
D/StrictMode( 1026):    at dalvik.system.NativeStart.main(Native Method)
D/StrictMode( 1026): StrictMode policy violation; ~duration=226 ms: android.os.StrictMode$StrictModeDiskReadViolation: policy=23 violation=2
D/StrictMode( 1026):    at android.os.StrictMode$AndroidBlockGuardPolicy.onReadFromDisk(StrictMode.java:1092)
D/StrictMode( 1026):    at libcore.io.BlockGuardOs.open(BlockGuardOs.java:106)
D/StrictMode( 1026):    at libcore.io.IoBridge.open(IoBridge.java:390)
D/StrictMode( 1026):    at java.io.FileInputStream.<init>(FileInputStream.java:78)
D/StrictMode( 1026):    at java.io.FileInputStream.<init>(FileInputStream.java:105)
D/StrictMode( 1026):    at java.io.FileReader.<init>(FileReader.java:66)
D/StrictMode( 1026):    at java.net.NetworkInterface.collectIpv6Addresses(NetworkInterface.java:135)
D/StrictMode( 1026):    at java.net.NetworkInterface.getByName(NetworkInterface.java:117)
D/StrictMode( 1026):    at java.net.NetworkInterface.getNetworkInterfacesList(NetworkInterface.java:270)
D/StrictMode( 1026):    at java.net.NetworkInterface.getNetworkInterfaces(NetworkInterface.java:262)
D/StrictMode( 1026):    at org.cybergarage.net.HostInterface.getNHostAddresses(HostInterface.java:152)
D/StrictMode( 1026):    at org.cybergarage.http.HTTPServerList.open(HTTPServerList.java:83)
D/StrictMode( 1026):    at org.cybergarage.http.HTTPServerList.open(HTTPServerList.java:107)
D/StrictMode( 1026):    at org.cybergarage.upnp.ControlPoint.start(ControlPoint.java:837)
D/StrictMode( 1026):    at stp.homeplayerlib.ContentManager.startControlPoint(ContentManager.java:210)
D/StrictMode( 1026):    at com.coship.Multimedia.view.uView.USBListenerInit(uView.java:117)
D/StrictMode( 1026):    at com.coship.Multimedia.view.uView.init(uView.java:101)
D/StrictMode( 1026):    at com.coship.Multimedia.view.uView.getInstance(uView.java:84)
D/StrictMode( 1026):    at com.coship.Multimedia.ImageWindow.ImageShow.init(ImageShow.java:95)
D/StrictMode( 1026):    at com.coship.Multimedia.ImageWindow.ImageShow.onCreate(ImageShow.java:66)
D/StrictMode( 1026):    at android.app.Activity.performCreate(Activity.java:4468)
D/StrictMode( 1026):    at android.app.Instrumentation.callActivityOnCreate(Instrumentation.java:1049)
D/StrictMode( 1026):    at android.app.ActivityThread.performLaunchActivity(ActivityThread.java:1920)
D/StrictMode( 1026):    at android.app.ActivityThread.handleLaunchActivity(ActivityThread.java:1981)
D/StrictMode( 1026):    at android.app.ActivityThread.access$600(ActivityThread.java:123)
D/StrictMode( 1026):    at android.app.ActivityThread$H.handleMessage(ActivityThread.java:1147)
D/StrictMode( 1026):    at android.os.Handler.dispatchMessage(Handler.java:99)
D/StrictMode( 1026):    at android.os.Looper.loop(Looper.java:137)
D/StrictMode( 1026):    at android.app.ActivityThread.main(ActivityThread.java:4424)
D/StrictMode( 1026):    at java.lang.reflect.Method.invokeNative(Native Method)
D/StrictMode( 1026):    at java.lang.reflect.Method.invoke(Method.java:511)
D/StrictMode( 1026):    at com.android.internal.os.ZygoteInit$MethodAndArgsCaller.run(ZygoteInit.java:788)
D/StrictMode( 1026):    at com.android.internal.os.ZygoteInit.main(ZygoteInit.java:555)
D/StrictMode( 1026):    at dalvik.system.NativeStart.main(Native Method)
D/StrictMode( 1026): StrictMode policy violation; ~duration=222 ms: android.os.StrictMode$StrictModeDiskReadViolation: policy=23 violation=2
D/StrictMode( 1026):    at android.os.StrictMode$AndroidBlockGuardPolicy.onReadFromDisk(StrictMode.java:1092)
D/StrictMode( 1026):    at libcore.io.BlockGuardOs.read(BlockGuardOs.java:148)
D/StrictMode( 1026):    at libcore.io.IoBridge.read(IoBridge.java:422)
D/StrictMode( 1026):    at java.io.FileInputStream.read(FileInputStream.java:179)
D/StrictMode( 1026):    at java.io.InputStreamReader.read(InputStreamReader.java:244)
D/StrictMode( 1026):    at java.io.BufferedReader.fillBuf(BufferedReader.java:130)
D/StrictMode( 1026):    at java.io.BufferedReader.readLine(BufferedReader.java:354)
D/StrictMode( 1026):    at java.net.NetworkInterface.collectIpv6Addresses(NetworkInterface.java:138)
D/StrictMode( 1026):    at java.net.NetworkInterface.getByName(NetworkInterface.java:117)
D/StrictMode( 1026):    at java.net.NetworkInterface.getNetworkInterfacesList(NetworkInterface.java:270)
D/StrictMode( 1026):    at java.net.NetworkInterface.getNetworkInterfaces(NetworkInterface.java:262)
D/StrictMode( 1026):    at org.cybergarage.net.HostInterface.getNHostAddresses(HostInterface.java:152)
D/StrictMode( 1026):    at org.cybergarage.http.HTTPServerList.open(HTTPServerList.java:83)
D/StrictMode( 1026):    at org.cybergarage.http.HTTPServerList.open(HTTPServerList.java:107)
D/StrictMode( 1026):    at org.cybergarage.upnp.ControlPoint.start(ControlPoint.java:837)
D/StrictMode( 1026):    at stp.homeplayerlib.ContentManager.startControlPoint(ContentManager.java:210)
D/StrictMode( 1026):    at com.coship.Multimedia.view.uView.USBListenerInit(uView.java:117)
D/StrictMode( 1026):    at com.coship.Multimedia.view.uView.init(uView.java:101)
D/StrictMode( 1026):    at com.coship.Multimedia.view.uView.getInstance(uView.java:84)
D/StrictMode( 1026):    at com.coship.Multimedia.ImageWindow.ImageShow.init(ImageShow.java:95)
D/StrictMode( 1026):    at com.coship.Multimedia.ImageWindow.ImageShow.onCreate(ImageShow.java:66)
D/StrictMode( 1026):    at android.app.Activity.performCreate(Activity.java:4468)
D/StrictMode( 1026):    at android.app.Instrumentation.callActivityOnCreate(Instrumentation.java:1049)
D/StrictMode( 1026):    at android.app.ActivityThread.performLaunchActivity(ActivityThread.java:1920)
D/StrictMode( 1026):    at android.app.ActivityThread.handleLaunchActivity(ActivityThread.java:1981)
D/StrictMode( 1026):    at android.app.ActivityThread.access$600(ActivityThread.java:123)
D/StrictMode( 1026):    at android.app.ActivityThread$H.handleMessage(ActivityThread.java:1147)
D/StrictMode( 1026):    at android.os.Handler.dispatchMessage(Handler.java:99)
D/StrictMode( 1026):    at android.os.Looper.loop(Looper.java:137)
D/StrictMode( 1026):    at android.app.ActivityThread.main(ActivityThread.java:4424)
D/StrictMode( 1026):    at java.lang.reflect.Method.invokeNative(Native Method)
D/StrictMode( 1026):    at java.lang.reflect.Method.invoke(Method.java:511)
D/StrictMode( 1026):    at com.android.internal.os.ZygoteInit$MethodAndArgsCaller.run(ZygoteInit.java:788)
D/StrictMode( 1026):    at com.android.internal.os.ZygoteInit.main(ZygoteInit.java:555)
D/StrictMode( 1026):    at dalvik.system.NativeStart.main(Native Method)
I/XXXX    ( 1026): Read /mnt/vold/
I/XXXX    ( 1026): usbdiskChild length is 4
I/XXXX    ( 1026): Read /mnt/vold/
I/XXXX    ( 1026): usbdiskChild length is 4
I/SurfaceTexture(   89): Current total buffer count= 3, mSynchronousMode=1
I/SurfaceTexture(   89): Query min-undequeue size=1
I/Process (  171): Sending signal. PID: 1026 SIG: 3
I/dalvikvm( 1026): threadid=3: reacting to signal 3
I/dalvikvm( 1026): Wrote stack traces to '/data/anr/traces.txt'
I/ActivityManager(  171): Displayed com.coship.Multimedia/.ImageWindow.ImageShow: +598ms
D/OpenGLRenderer( 1026): Flushing caches (mode 0)
D/uView   ( 1026): --------------renderer---------
W/uView   ( 1026): do default in switch-case in ContentWindow!
D/dalvikvm( 1026): GC_CONCURRENT freed 1972K, 7% free 41142K/44039K, paused 5ms+11ms
I/XXXX    ( 1026): Read /mnt/vold/
I/XXXX    ( 1026): usbdiskChild length is 4
I/XXXX    ( 1026): Read /mnt/vold/
I/XXXX    ( 1026): usbdiskChild length is 4
D/dalvikvm( 1026): GC_CONCURRENT freed 2054K, 7% free 41136K/44039K, paused 2ms+7ms
I/XXXX    ( 1026): Read /mnt/vold/
I/XXXX    ( 1026): usbdiskChild length is 4
I/XXXX    ( 1026): Read /mnt/vold/
I/XXXX    ( 1026): usbdiskChild length is 4
D/dalvikvm( 1026): GC_CONCURRENT freed 2025K, 7% free 41158K/44039K, paused 2ms+7ms
E/EventHub(  171): send pin = 24,value = 0
V/PinyinIME(  824): onKeyDown:20
I/PinyinIME(  824): onKeyDown:System handler the keyevent
E/EventHub(  171): send pin = 24,value = 0
I/PinyinIME(  824): onKeyUp:20
I/PinyinIME(  824): onKeyUp:System handler the keyevent
D/dalvikvm( 1026): GC_CONCURRENT freed 2060K, 7% free 41144K/44039K, paused 2ms+7ms
E/EventHub(  171): send pin = 24,value = 0
V/PinyinIME(  824): onKeyDown:20
I/PinyinIME(  824): onKeyDown:System handler the keyevent
E/EventHub(  171): send pin = 24,value = 0
I/PinyinIME(  824): onKeyUp:20
I/PinyinIME(  824): onKeyUp:System handler the keyevent
D/uView   ( 1026): --------------renderer---------
W/uView   ( 1026): do default in switch-case in ContentWindow!
D/dalvikvm( 1026): GC_CONCURRENT freed 1981K, 7% free 41211K/44039K, paused 2ms+8ms
I/XXXX    ( 1026): Read /mnt/vold/
I/XXXX    ( 1026): usbdiskChild length is 4
I/XXXX    ( 1026): Read /mnt/vold/
I/XXXX    ( 1026): usbdiskChild length is 4
E/EventHub(  171): send pin = 24,value = 0
V/PinyinIME(  824): onKeyDown:22
I/PinyinIME(  824): onKeyDown:System handler the keyevent
E/EventHub(  171): send pin = 24,value = 0
I/PinyinIME(  824): onKeyUp:22
I/PinyinIME(  824): onKeyUp:System handler the keyevent
D/InputEventConsistencyVerifier( 1026): KeyEvent: ACTION_UP but key was not down.
D/InputEventConsistencyVerifier( 1026):   in android.widget.LinearLayout@42f15188
D/InputEventConsistencyVerifier( 1026):   0: sent at 2353594000000, KeyEvent { action=ACTION_UP, keyCode=KEYCODE_DPAD_RIGHT, scanCode=106, metaState=0, flags=0x8, repeatCount=0, eventTime=2353594, downTime=2353524, deviceId=1, source=0x701 }
D/dalvikvm( 1026): GC_CONCURRENT freed 1940K, 7% free 41196K/44039K, paused 2ms+8ms
E/EventHub(  171): send pin = 24,value = 0
V/PinyinIME(  824): onKeyDown:23
I/PinyinIME(  824): onKeyDown:System handler the keyevent
E/EventHub(  171): send pin = 24,value = 0
I/PinyinIME(  824): onKeyUp:23
I/PinyinIME(  824): onKeyUp:System handler the keyevent
I/System.out( 1026): browse 0, BrowseMetadata, 0, 100
I/SurfaceTexture(   89): Current total buffer count= 3, mSynchronousMode=1
I/SurfaceTexture(   89): Query min-undequeue size=1
D/uView   ( 1026): --------------renderer---------
V/ContentItemShow( 1026): +++++BlockDead++++
W/uView   ( 1026): do default in switch-case in ContentWindow!
I/System.out( 1026): browse 0, BrowseDirectChildren, 0, 100
D/HomePlayerLib( 1026): current page is 1 rangeOfPages size is 1 should be equal
D/HomePlayerLib( 1026): this page is first go to, currentPage is 1 file count is 7
I/System.out( 1026): browse 0, BrowseMetadata, 0, 100
I/System.out( 1026): browse 0, BrowseDirectChildren, 0, 100
D/HomePlayerLib( 1026): this page has been got,currrent page is  1 file count is 7
V/iView   ( 1026): +++++++++++listdata size +++++++++++++1
E/EventHub(  171): send pin = 24,value = 0
V/PinyinIME(  824): onKeyDown:21
I/PinyinIME(  824): onKeyDown:System handler the keyevent
E/EventHub(  171): send pin = 24,value = 0
I/PinyinIME(  824): onKeyUp:21
I/PinyinIME(  824): onKeyUp:System handler the keyevent
D/uView   ( 1026): --------------renderer---------
W/uView   ( 1026): do default in switch-case in ContentWindow!
D/dalvikvm( 1026): GC_CONCURRENT freed 1898K, 7% free 41345K/44039K, paused 2ms+5ms
I/XXXX    ( 1026): Read /mnt/vold/
I/XXXX    ( 1026): usbdiskChild length is 4
I/XXXX    ( 1026): Read /mnt/vold/
I/XXXX    ( 1026): usbdiskChild length is 4
D/uView   ( 1026): --------------renderer---------
W/uView   ( 1026): do default in switch-case in ContentWindow!
I/XXXX    ( 1026): Read /mnt/vold/
I/XXXX    ( 1026): usbdiskChild length is 4
I/XXXX    ( 1026): Read /mnt/vold/
I/XXXX    ( 1026): usbdiskChild length is 4
I/XXXX    ( 1026): Read /mnt/vold/
I/XXXX    ( 1026): usbdiskChild length is 4
I/XXXX    ( 1026): Read /mnt/vold/
I/XXXX    ( 1026): usbdiskChild length is 4
D/dalvikvm( 1026): GC_CONCURRENT freed 1999K, 7% free 41360K/44039K, paused 2ms+8ms
E/EventHub(  171): send pin = 24,value = 0
V/PinyinIME(  824): onKeyDown:22
I/PinyinIME(  824): onKeyDown:System handler the keyevent
V/iView   ( 1026): ++++arg0++++android.widget.GridView@43018020+++++arg1++++true
E/EventHub(  171)[ 2585.575432] ----> schedule
[ 2596.967439] ----> time  [11, 404374696]
[ 2596.967455] ----> icoutn:nr  [43, 26],drop=1
: send pin = 24,value = 0
I/PinyinIME(  824): onKeyUp:22
I/PinyinIME(  824): onKeyUp:System handler the keyevent
D/InputEventConsistencyVerifier( 1026): KeyEvent: ACTION_UP but key was not down.
D/InputEventConsistencyVerifier( 1026):   in android.widget.LinearLayout@431f0b68
D/InputEventConsistencyVerifier( 1026):   0: sent at 2356583000000, KeyEvent { action=ACTION_UP, keyCode=KEYCODE_DPAD_RIGHT, scanCode=106, metaState=0, flags=0x8, repeatCount=0, eventTime=2356583, downTime=2356512, deviceId=1, source=0x701 }
D/dalvikvm( 1026): GC_CONCURRENT freed 2005K, 7% free 41341K/44039K, paused 2ms+8ms
E/EventHub(  171): send pin = 24,value = 0
V/PinyinIME(  824): onKeyDown:23
I/PinyinIME(  824): onKeyDown:System handler the keyevent
E/EventHub(  171): send pin = 24,value = 0
I/PinyinIME(  824): onKeyUp:23
I/PinyinIME(  824): onKeyUp:System handler the keyevent
I/SurfaceTexture(   89): Current total buffer count= 3, mSynchronousMode=1
I/SurfaceTexture(   89): Query min-undequeue size=1
I/XXXX    ( 1026): Read /mnt/vold/
I/XXXX    ( 1026): usbdiskChild length is 4
I/XXXX    ( 1026): Read /mnt/vold/
I/XXXX    ( 1026): usbdiskChild length is 4
V/iView   ( 1026): +++++++++++listdata size +++++++++++++3
D/dalvikvm( 1026): GC_CONCURRENT freed 1933K, 7% free 41338K/44039K, paused 2ms+4ms
D/dalvikvm( 1026): GC_CONCURRENT freed 2021K, 7% free 41365K/44039K, paused 2ms+8ms
D/dalvikvm( 1026): GC_CONCURRENT freed 2023K, 7% free 41389K/44039K, paused 2ms+7ms
D/dalvikvm( 1026): GC_CONCURRENT freed 2111K, 7% free 41322K/44039K, paused 3ms+4ms
D/dalvikvm( 1026): GC_CONCURRENT freed 2020K, 7% free 41349K/44039K, paused 2ms+7ms
D/HomePlayerLib( 1026): hostaddress count is 1
D/dalvikvm( 1026): GC_CONCURRENT freed 2015K, 7% free 41377K/44039K, paused 2ms+6ms
D/dalvikvm( 1026): GC_CONCURRENT freed 2056K, 7% free 41369K/44039K, paused 2ms+7ms
D/dalvikvm( 1026): GC_CONCURRENT freed 2025K, 7% free 41348K/44039K, paused 2ms+7ms
D/dalvikvm( 1026): GC_CONCURRENT freed 2054K, 7% free 41326K/44039K, paused 2ms+7ms
D/dalvikvm( 1026): GC_CONCURRENT freed 1989K, 7% free 41385K/44039K, paused 2ms+8ms
D/dalvikvm( 1026): GC_CONCURRENT freed 2082K, 7% free 41350K/44039K, paused 2ms+7ms
D/dalvikvm( 1026): GC_CONCURRENT freed 2007K, 7% free 41379K/44039K, paused 2ms+8ms
D/dalvikvm( 1026): GC_CONCURRENT freed 2072K, 7% free 41328K/44039K, paused 2ms+5ms
D/dalvikvm( 1026): GC_CONCURRENT freed 2034K, 7% free 41326K/44039K, paused 2ms+7ms
D/dalvikvm( 1026): GC_CONCURRENT freed 2016K, 7% free 41358K/44039K, paused 2ms+7ms
D/dalvikvm( 1026): GC_CONCURRENT freed 2027K, 7% free 41347K/44039K, paused 2ms+6ms
D/dalvikvm( 1026): GC_CONCURRENT freed 2047K, 7% free 41341K/44039K, paused 2ms+7ms
D/dalvikvm( 1026): GC_CONCURRENT freed 2002K, 7% free 41376K/44039K, paused 2ms+8ms
D/dalvikvm( 1026): GC_CONCURRENT freed 2041K, 7% free 41332K/44039K, paused 2ms+6ms
D/dalvikvm( 1026): GC_CONCURRENT freed 2037K, 7% free 41341K/44039K, paused 2ms+6ms
D/dalvikvm( 1026): GC_CONCURRENT freed 1958K, 7% free 41348K/44039K, paused 2ms+6ms
D/HomePlayerLib( 1026): hostaddress count is 1
D/dalvikvm( 1026): GC_CONCURRENT freed 2059K, 7% free 41337K/44039K, paused 2ms+7ms
D/dalvikvm( 1026): GC_CONCURRENT freed 2009K, 7% free 41374K/44039K, paused 2ms+6ms
D/dalvikvm( 1026): GC_CONCURRENT freed 2051K, 7% free 41371K/44039K, paused 2ms+5ms
D/dalvikvm( 1026): GC_CONCURRENT freed 2048K, 7% free 41370K/44039K, paused 2ms+6ms
D/dalvikvm( 1026): GC_CONCURRENT freed 2046K, 7% free 41370K/44039K, paused 2ms+7ms
D/dalvikvm( 1026): GC_CONCURRENT freed 2064K, 7% free 41353K/44039K, paused 2ms+6ms
D/dalvikvm( 1026): GC_CONCURRENT freed 2046K, 7% free 41354K/44039K, paused 2ms+7ms
D/dalvikvm( 1026): GC_CONCURRENT freed 2058K, 7% free 41336K/44039K, paused 1ms+6ms
D/dalvikvm( 1026): GC_CONCURRENT freed 2039K, 7% free 41337K/44039K, paused 2ms+6ms
D/dalvikvm( 1026): GC_CONCURRENT freed 2012K, 7% free 41371K/44039K, paused 2ms+7ms
D/dalvikvm( 1026): GC_CONCURRENT freed 2076K, 7% free 41343K/44039K, paused 1ms+6ms
D/dalvikvm( 1026): GC_CONCURRENT freed 2033K, 7% free 41355K/44039K, paused 2ms+7ms
D/System.out( 1026): host is 192.168.2.43 port is 39520
I/System.out( 1026): CyberGarage warning : failed to connect to /192.168.2.43 (port 39520) after 5000ms: isConnected failed: ECONNREFUSED (Connection refused)
I/System.out( 1026): java.net.ConnectException: failed to connect to /192.168.2.43 (port 39520) after 5000ms: isConnected failed: ECONNREFUSED (Connection refused)
I/System.out( 1026):    at libcore.io.IoBridge.isConnected(IoBridge.java:214)
I/System.out( 1026):    at libcore.io.IoBridge.connectErrno(IoBridge.java:152)
I/System.out( 1026):    at libcore.io.IoBridge.connect(IoBridge.java:112)
I/System.out( 1026):    at java.net.PlainSocketImpl.connect(PlainSocketImpl.java:192)
I/System.out( 1026):    at java.net.PlainSocketImpl.connect(PlainSocketImpl.java:459)
I/System.out( 1026):    at java.net.Socket.connect(Socket.java:842)
I/System.out( 1026):    at org.cybergarage.http.HTTPRequest.post(HTTPRequest.java:409)
I/System.out( 1026):    at org.cybergarage.http.HTTPRequest.post(HTTPRequest.java:476)
I/System.out( 1026):    at org.cybergarage.xml.Parser.parse(Parser.java:85)
I/System.out( 1026):    at org.cybergarage.upnp.ControlPoint.addDevice(ControlPoint.java:255)
I/System.out( 1026):    at org.cybergarage.upnp.ControlPoint.notifyReceived(ControlPoint.java:511)
I/System.out( 1026):    at org.cybergarage.upnp.ssdp.SSDPNotifySocket.run(SSDPNotifySocket.java:138)
I/System.out( 1026):    at java.lang.Thread.run(Thread.java:856)
I/System.out( 1026): Caused by: libcore.io.ErrnoException: isConnected failed: ECONNREFUSED (Connection refused)
I/System.out( 1026):    at libcore.io.IoBridge.isConnected(IoBridge.java:201)
I/System.out( 1026):    ... 12 more
I/System.out( 1026): CyberGarage warning : NOTIFY * HTTP/1.1
I/System.out( 1026): Server: Linux/2.6.35.13+ UPnP/1.0 CyberLinkJava/1.8
I/System.out( 1026): Cache-Control: max-age=1800
I/System.out( 1026): Location: http://192.168.2.43:39520/description.xml
I/System.out( 1026): NTS: ssdp:alive
I/System.out( 1026): NT: upnp:rootdevice
I/System.out( 1026): USN: uuid:00000000-0192-0168-0002-000000000043::upnp:rootdevice
I/System.out( 1026): HOST: 239.255.255.250:1900
I/System.out( 1026): 
I/System.out( 1026): CyberGarage warning : HTTP comunication failed: no answer from peer.Unable to retrive resoure -> http://192.168.2.43:39520/description.xml
I/System.out( 1026): org.cybergarage.xml.ParserException: HTTP comunication failed: no answer from peer.Unable to retrive resoure -> http://192.168.2.43:39520/description.xml
I/System.out( 1026):    at org.cybergarage.xml.Parser.parse(Parser.java:87)
I/System.out( 1026):    at org.cybergarage.upnp.ControlPoint.addDevice(ControlPoint.java:255)
I/System.out( 1026):    at org.cybergarage.upnp.ControlPoint.notifyReceived(ControlPoint.java:511)
I/System.out( 1026):    at org.cybergarage.upnp.ssdp.SSDPNotifySocket.run(SSDPNotifySocket.java:138)
I/System.out( 1026):    at java.lang.Thread.run(Thread.java:856)
D/dalvikvm( 1026): GC_CONCURRENT freed 2046K, 7% free 41355K/44039K, paused 2ms+8ms
D/dalvikvm( 1026): GC_CONCURRENT freed 2028K, 7% free 41373K/44039K, paused 2ms+8ms
D/dalvikvm( 1026): GC_CONCURRENT freed 2068K, 7% free 41345K/44039K, paused 2ms+4ms
D/dalvikvm( 1026): GC_CONCURRENT freed 1943K, 7% free 41324K/44039K, paused 2ms+7ms
D/dalvikvm( 1026): GC_CONCURRENT freed 2029K, 7% free 41340K/44039K, paused 2ms+6ms
D/uView   ( 1026): --------------renderer---------
W/uView   ( 1026): do default in switch-case in ContentWindow!
I/XXXX    ( 1026): Read /mnt/vold/
I/XXXX    ( 1026): usbdiskChild length is 4
I/XXXX    ( 1026): Read /mnt/vold/
I/XXXX    ( 1026): usbdiskChild length is 4
D/dalvikvm( 1026): GC_CONCURRENT freed 2020K, 7% free 41382K/44039K, paused 1ms+5ms
D/HomePlayerLib( 1026): hostaddress count is 1
D/dalvikvm( 1026): GC_CONCURRENT freed 2067K, 7% free 41360K/44039K, paused 2ms+5ms
D/dalvikvm( 1026): GC_CONCURRENT freed 2037K, 7% free 41371K/44039K, paused 2ms+6ms
D/dalvikvm( 1026): GC_CONCURRENT freed 2029K, 7% free 41384K/44039K, paused 2ms+6ms
D/dalvikvm( 1026): GC_CONCURRENT freed 2080K, 7% free 41351K/44039K, paused 2ms+8ms
D/dalvikvm( 1026): GC_CONCURRENT freed 2034K, 7% free 41365K/44039K, paused 2ms+7ms
I/XXXX    ( 1026): Read /mnt/vold/
I/XXXX    ( 1026): usbdiskChild length is 4
I/XXXX    ( 1026): Read /mnt/vold/
I/XXXX    ( 1026): usbdiskChild length is 4
D/dalvikvm( 1026): GC_CONCURRENT freed 2015K, 7% free 41395K/44039K, paused 2ms+5ms
D/dalvikvm( 1026): GC_CONCURRENT freed 2078K, 7% free 41362K/44039K, paused 2ms+7ms
D/dalvikvm( 1026): GC_CONCURRENT freed 2023K, 7% free 41384K/44039K, paused 2ms+5ms
D/dalvikvm( 1026): GC_CONCURRENT freed 2022K, 6% free 41409K/44039K, paused 2ms+7ms
D/dalvikvm( 1026): GC_CONCURRENT freed 2076K, 7% free 41380K/44039K, paused 2ms+8ms
D/dalvikvm( 1026): GC_CONCURRENT freed 2005K, 6% free 41407K/44039K, paused 2ms+5ms
D/dalvikvm( 1026): GC_CONCURRENT freed 2061K, 7% free 41394K/44039K, paused 2ms+6ms
D/dalvikvm( 1026): GC_CONCURRENT freed 2015K, 7% free 41369K/44039K, paused 2ms+6ms
D/dalvikvm( 1026): GC_CONCURRENT freed 2037K, 7% free 41365K/44039K, paused 2ms+6ms
D/dalvikvm( 1026): GC_CONCURRENT freed 2022K, 7% free 41386K/44039K, paused 2ms+6ms
D/dalvikvm( 1026): GC_CONCURRENT freed 2071K, 7% free 41363K/44039K, paused 2ms+7ms
D/dalvikvm( 1026): GC_CONCURRENT freed 2034K, 7% free 41372K/44039K, paused 2ms+7ms
D/dalvikvm( 1026): GC_CONCURRENT freed 2026K, 7% free 41394K/44039K, paused 2ms+7ms
D/dalvikvm( 1026): GC_CONCURRENT freed 2059K, 7% free 41372K/44039K, paused 2ms+5ms
D/dalvikvm( 1026): GC_CONCURRENT freed 2035K, 7% free 41384K/44039K, paused 2ms+7ms
D/dalvikvm( 1026): GC_CONCURRENT freed 2028K, 6% free 41399K/44039K, paused 1ms+8ms
D/dalvikvm( 1026): GC_CONCURRENT freed 2053K, 7% free 41393K/44039K, paused 2ms+5ms
D/dalvikvm( 1026): GC_CONCURRENT freed 2066K, 7% free 41372K/44039K, paused 2ms+7ms
D/dalvikvm( 1026): GC_CONCURRENT freed 1973K, 7% free 41356K/44039K, paused 2ms+7ms
D/dalvikvm( 1026): GC_CONCURRENT freed 1997K, 6% free 41401K/44039K, paused 2ms+5ms
D/HomePlayerLib( 1026): hostaddress count is 1
D/dalvikvm( 1026): GC_CONCURRENT freed 2045K, 7% free 41390K/44039K, paused 2ms+6ms
D/dalvikvm( 1026): GC_CONCURRENT freed 2045K, 7% free 41391K/44039K, paused 2ms+7ms
D/dalvikvm( 1026): GC_CONCURRENT freed 2054K, 7% free 41385K/44039K, paused 2ms+7ms
D/dalvikvm( 1026): GC_CONCURRENT freed 2070K, 7% free 41358K/44039K, paused 2ms+6ms
D/dalvikvm( 1026): GC_CONCURRENT freed 1994K, 7% free 41347K/44039K, paused 2ms+6ms
D/dalvikvm( 1026): GC_CONCURRENT freed 1993K, 7% free 41355K/44039K, paused 2ms+7ms
D/dalvikvm( 1026): GC_CONCURRENT freed 2008K, 7% free 41388K/44039K, paused 2ms+7ms
D/dalvikvm( 1026): GC_CONCURRENT freed 2041K, 7% free 41394K/44039K, paused 2ms+7ms
D/dalvikvm( 1026): GC_CONCURRENT freed 2023K, 6% free 41419K/44039K, paused 2ms+8ms
D/dalvikvm( 1026): GC_CONCURRENT freed 2092K, 7% free 41374K/44039K, paused 2ms+6ms
D/dalvikvm( 1026): GC_CONCURRENT freed 2009K, 7% free 41366K/44039K, paused 2ms+6ms
D/dalvikvm( 1026): GC_CONCURRENT freed 2020K, 7% free 41381K/44039K, paused 2ms+6ms
D/dalvikvm( 1026): GC_CONCURRENT freed 2058K, 7% free 41370K/44039K, paused 2ms+5ms
D/dalvikvm( 1026): GC_CONCURRENT freed 2015K, 6% free 41403K/44039K, paused 2ms+7ms
D/dalvikvm( 1026): GC_CONCURRENT freed 1967K, 6% free 41403K/44039K, paused 2ms+8ms
D/dalvikvm( 1026): GC_CONCURRENT freed 1979K, 7% free 41376K/44039K, paused 2ms+6ms
D/dalvikvm( 1026): GC_CONCURRENT freed 2063K, 7% free 41361K/44039K, paused 2ms+6ms
D/dalvikvm( 1026): GC_CONCURRENT freed 2036K, 7% free 41361K/44039K, paused 2ms+5ms
D/HomePlayerLib( 1026): hostaddress count is 1
D/dalvikvm( 1026): GC_CONCURRENT freed 2022K, 7% free 41387K/44039K, paused 2ms+6ms
D/dalvikvm( 1026): GC_CONCURRENT freed 2024K, 6% free 41410K/44039K, paused 2ms+6ms
D/dalvikvm( 1026): GC_CONCURRENT freed 2062K, 7% free 41396K/44039K, paused 2ms+6ms
D/dalvikvm( 1026): GC_CONCURRENT freed 2069K, 7% free 41375K/44039K, paused 2ms+8ms
D/dalvikvm( 1026): GC_CONCURRENT freed 2032K, 7% free 41395K/44039K, paused 2ms+5ms
D/dalvikvm( 1026): GC_CONCURRENT freed 2051K, 7% free 41386K/44039K, paused 2ms+8ms
D/dalvikvm( 1026): GC_CONCURRENT freed 2073K, 7% free 41355K/44039K, paused 2ms+5ms
D/dalvikvm( 1026): GC_CONCURRENT freed 2037K, 7% free 41363K/44039K, paused 2ms+5ms
D/dalvikvm( 1026): GC_CONCURRENT freed 2018K, 7% free 41385K/44039K, paused 2ms+7ms
D/dalvikvm( 1026): GC_CONCURRENT freed 2040K, 7% free 41392K/44039K, paused 2ms+7ms
D/dalvikvm( 1026): GC_CONCURRENT freed 2057K, 7% free 41382K/44039K, paused 2ms+6ms
D/dalvikvm( 1026): GC_CONCURRENT freed 1939K, 7% free 41367K/44039K, paused 3ms+5ms
D/dalvikvm( 1026): GC_CONCURRENT freed 2023K, 7% free 41388K/44039K, paused 1ms+7ms
D/dalvikvm( 1026): GC_CONCURRENT freed 2068K, 7% free 41360K/44039K, paused 2ms+7ms
D/dalvikvm( 1026): GC_CONCURRENT freed 2000K, 6% free 41407K/44039K, paused 2ms+6ms
D/dalvikvm( 1026): GC_CONCURRENT freed 1946K, 7% free 41388K/44039K, paused 2ms+7ms
D/dalvikvm( 1026): GC_CONCURRENT freed 2002K, 7% free 41379K/44039K, paused 2ms+8ms
D/dalvikvm( 1026): GC_CONCURRENT freed 2051K, 7% free 41376K/44039K, paused 2ms+8ms
D/dalvikvm( 1026): GC_CONCURRENT freed 2027K, 7% free 41387K/44039K, paused 2ms+8ms
D/HomePlayerLib( 1026): hostaddress count is 1
D/dalvikvm( 1026): GC_CONCURRENT freed 2069K, 7% free 41366K/44039K, paused 2ms+7ms
D/dalvikvm( 1026): GC_CONCURRENT freed 2026K, 7% free 41387K/44039K, paused 2ms+6ms
D/dalvikvm( 1026): GC_CONCURRENT freed 2055K, 7% free 41380K/44039K, paused 2ms+7ms
D/dalvikvm( 1026): GC_CONCURRENT freed 2037K, 7% free 41391K/44039K, paused 2ms+4ms
D/dalvikvm( 1026): GC_CONCURRENT freed 2049K, 7% free 41381K/44039K, paused 2ms+5ms
D/dalvikvm( 1026): GC_CONCURRENT freed 2036K, 7% free 41392K/44039K, paused 2ms+6ms
D/dalvikvm( 1026): GC_CONCURRENT freed 2056K, 7% free 41384K/44039K, paused 2ms+5ms
D/dalvikvm( 1026): GC_CONCURRENT freed 2070K, 7% free 41362K/44039K, paused 2ms+6ms
D/dalvikvm( 1026): GC_CONCURRENT freed 2023K, 7% free 41383K/44039K, paused 2ms+6ms
D/dalvikvm( 1026): GC_CONCURRENT freed 2043K, 7% free 41388K/44039K, paused 2ms+7ms
D/dalvikvm( 1026): GC_CONCURRENT freed 2073K, 7% free 41360K/44039K, paused 2ms+7ms
D/dalvikvm( 1026): GC_CONCURRENT freed 1991K, 6% free 41404K/44039K, paused 2ms+6ms
D/dalvikvm( 1026): GC_CONCURRENT freed 2056K, 7% free 41395K/44039K, paused 2ms+6ms
D/HomePlayerLib( 1026): hostaddress count is 1
D/dalvikvm( 1026): GC_CONCURRENT freed 2058K, 7% free 41378K/44039K, paused 2ms+6ms
D/dalvikvm( 1026): GC_CONCURRENT freed 2020K, 7% free 41392K/44039K, paused 2ms+8ms
D/dalvikvm( 1026): GC_CONCURRENT freed 2021K, 6% free 41414K/44039K, paused 2ms+7ms
D/dalvikvm( 1026): GC_CONCURRENT freed 2081K, 7% free 41378K/44039K, paused 2ms+8ms
D/dalvikvm( 1026): GC_CONCURRENT freed 2043K, 7% free 41382K/44039K, paused 2ms+6ms
D/dalvikvm( 1026): GC_CONCURRENT freed 2074K, 7% free 41355K/44039K, paused 2ms+6ms
D/dalvikvm( 1026): GC_CONCURRENT freed 1997K, 6% free 41400K/44039K, paused 2ms+7ms
D/dalvikvm( 1026): GC_CONCURRENT freed 2070K, 7% free 41375K/44039K, paused 2ms+7ms
D/dalvikvm( 1026): GC_CONCURRENT freed 2047K, 7% free 41371K/44039K, paused 1ms+6ms
D/dalvikvm( 1026): GC_CONCURRENT freed 2055K, 7% free 41363K/44039K, paused 2ms+7ms
D/dalvikvm( 1026): GC_CONCURRENT freed 2044K, 7% free 41364K/44039K, paused 2ms+6ms
D/dalvikvm( 1026): GC_CONCURRENT freed 2037K, 7% free 41374K/44039K, paused 2ms+6ms
D/dalvikvm( 1026): GC_CONCURRENT freed 2015K, 6% free 41405K/44039K, paused 2ms+6ms
D/dalvikvm( 1026): GC_CONCURRENT freed 2062K, 7% free 41391K/44039K, paused 2ms+5ms
D/dalvikvm( 1026): GC_CONCURRENT freed 2055K, 7% free 41383K/44039K, paused 2ms+7ms
D/dalvikvm( 1026): GC_CONCURRENT freed 2029K, 7% free 41380K/44039K, paused 2ms+6ms
D/dalvikvm( 1026): GC_CONCURRENT freed 1980K, 7% free 41363K/44039K, paused 2ms+6ms
D/dalvikvm( 1026): GC_CONCURRENT freed 2009K, 6% free 41401K/44039K, paused 2ms+6ms
D/dalvikvm( 1026): GC_CONCURRENT freed 2052K, 7% free 41397K/44039K, paused 2ms+7ms
D/dalvikvm( 1026): GC_CONCURRENT freed 2055K, 7% free 41392K/44039K, paused 2ms+5ms
D/dalvikvm( 1026): GC_CONCURRENT freed 2068K, 7% free 41367K/44039K, paused 2ms+5ms
D/HomePlayerLib( 1026): hostaddress count is 1
D/dalvikvm( 1026): GC_CONCURRENT freed 2057K, 7% free 41353K/44039K, paused 2ms+7ms
D/dalvikvm( 1026): GC_CONCURRENT freed 2006K, 7% free 41395K/44039K, paused 2ms+7ms
D/dalvikvm( 1026): GC_CONCURRENT freed 2057K, 7% free 41385K/44039K, paused 2ms+7ms
D/dalvikvm( 1026): GC_CONCURRENT freed 2029K, 6% free 41403K/44039K, paused 2ms+7ms
D/dalvikvm( 1026): GC_CONCURRENT freed 2077K, 7% free 41363K/44039K, paused 2ms+6ms
D/dalvikvm( 1026): GC_CONCURRENT freed 2023K, 7% free 41378K/44039K, paused 2ms+6ms
D/dalvikvm( 1026): GC_CONCURRENT freed 2024K, 7% free 41395K/44039K, paused 2ms+5ms
D/dalvikvm( 1026): GC_CONCURRENT freed 2074K, 7% free 41365K/44039K, paused 2ms+7ms
D/dalvikvm( 1026): GC_CONCURRENT freed 2015K, 7% free 41396K/44039K, paused 2ms+8ms
D/dalvikvm( 1026): GC_CONCURRENT freed 2054K, 7% free 41370K/44039K, paused 3ms+5ms
D/dalvikvm( 1026): GC_CONCURRENT freed 2051K, 7% free 41366K/44039K, paused 2ms+5ms
D/dalvikvm( 1026): GC_CONCURRENT freed 2021K, 7% free 41377K/44039K, paused 2ms+8ms
D/dalvikvm( 1026): GC_CONCURRENT freed 1958K, 7% free 41374K/44039K, paused 2ms+6ms
D/dalvikvm( 1026): GC_CONCURRENT freed 2062K, 7% free 41356K/44039K, paused 2ms+7ms
D/dalvikvm( 1026): GC_CONCURRENT freed 1979K, 7% free 41339K/44039K, paused 2ms+5ms
D/dalvikvm( 1026): GC_CONCURRENT freed 1998K, 7% free 41389K/44039K, paused 2ms+8ms
D/dalvikvm( 1026): GC_CONCURRENT freed 2043K, 7% free 41385K/44039K, paused 2ms+6ms
D/dalvikvm( 1026): GC_CONCURRENT freed 2058K, 7% free 41359K/44039K, paused 2ms+5ms
D/dalvikvm( 1026): GC_CONCURRENT freed 2021K, 7% free 41383K/44039K, paused 2ms+6ms
D/dalvikvm( 1026): GC_CONCURRENT freed 2053K, 7% free 41378K/44039K, paused 2ms+8ms
D/dalvikvm( 1026): GC_CONCURRENT freed 2036K, 7% free 41389K/44039K, paused 2ms+6ms
D/dalvikvm( 1026): GC_CONCURRENT freed 2055K, 7% free 41381K/44039K, paused 2ms+6ms
D/dalvikvm( 1026): GC_CONCURRENT freed 2038K, 7% free 41390K/44039K, paused 2ms+8ms
D/dalvikvm( 1026): GC_CONCURRENT freed 2082K, 7% free 41353K/44039K, paused 2ms+6ms
D/HomePlayerLib( 1026): hostaddress count is 1
D/dalvikvm( 1026): GC_CONCURRENT freed 1972K, 7% free 41390K/44039K, paused 2ms+6ms
D/dalvikvm( 1026): GC_CONCURRENT freed 2001K, 7% free 41377K/44039K, paused 3ms+6ms
D/dalvikvm( 1026): GC_CONCURRENT freed 1989K, 7% free 41379K/44039K, paused 2ms+6ms
D/dalvikvm( 1026): GC_CONCURRENT freed 2032K, 7% free 41390K/44039K, paused 2ms+8ms
D/dalvikvm( 1026): GC_CONCURRENT freed 2065K, 7% free 41369K/44039K, paused 2ms+6ms
D/dalvikvm( 1026): GC_CONCURRENT freed 2054K, 7% free 41359K/44039K, paused 2ms+7ms
D/dalvikvm( 1026): GC_CONCURRENT freed 2038K, 7% free 41363K/44039K, paused 2ms+7ms
D/dalvikvm( 1026): GC_CONCURRENT freed 2013K, 7% free 41397K/44039K, paused 2ms+7ms
D/dalvikvm( 1026): GC_CONCURRENT freed 2061K, 7% free 41376K/44039K, paused 2ms+6ms
D/dalvikvm( 1026): GC_CONCURRENT freed 2024K, 7% free 41367K/44039K, paused 2ms+6ms
D/dalvikvm( 1026): GC_CONCURRENT freed 2040K, 7% free 41369K/44039K, paused 2ms+5ms
D/dalvikvm( 1026): GC_CONCURRENT freed 2029K, 7% free 41387K/44039K, paused 2ms+6ms
D/dalvikvm( 1026): GC_CONCURRENT freed 2049K, 7% free 41377K/44039K, paused 2ms+5ms
D/dalvikvm( 1026): GC_CONCURRENT freed 2035K, 7% free 41390K/44039K, paused 1ms+6ms
D/dalvikvm( 1026): GC_CONCURRENT freed 2038K, 7% free 41394K/44039K, paused 2ms+5ms
D/dalvikvm( 1026): GC_CONCURRENT freed 2056K, 7% free 41385K/44039K, paused 2ms+8ms
D/dalvikvm( 1026): GC_CONCURRENT freed 2046K, 7% free 41380K/44039K, paused 2ms+7ms
D/dalvikvm( 1026): GC_CONCURRENT freed 2025K, 7% free 41388K/44039K, paused 2ms+6ms
D/dalvikvm( 1026): GC_CONCURRENT freed 2055K, 7% free 41370K/44039K, paused 2ms+6ms
D/dalvikvm( 1026): GC_CONCURRENT freed 2034K, 7% free 41384K/44039K, paused 2ms+6ms
D/dalvikvm( 1026): GC_CONCURRENT freed 2065K, 7% free 41362K/44039K, paused 2ms+7ms
D/dalvikvm( 1026): GC_CONCURRENT freed 2018K, 7% free 41389K/44039K, paused 2ms+7ms
D/HomePlayerLib( 1026): hostaddress count is 1
D/dalvikvm( 1026): GC_CONCURRENT freed 2058K, 7% free 41378K/44039K, paused 2ms+6ms
D/dalvikvm( 1026): GC_CONCURRENT freed 2036K, 7% free 41389K/44039K, paused 2ms+6ms
D/dalvikvm( 1026): GC_CONCURRENT freed 2024K, 7% free 41360K/44039K, paused 2ms+7ms
E/EventHub(  171): send pin = 24,value = 0
V/PinyinIME(  824): onKeyDown:20
I/PinyinIME(  824): onKeyDown:System handler the keyevent
E/EventHub(  171): send pin = 24,value = 0
I/PinyinIME(  824): onKeyUp:20
I/PinyinIME(  824): onKeyUp:System handler the keyevent
D/dalvikvm( 1026): GC_CONCURRENT freed 2011K, 7% free 41397K/44039K, paused 2ms+7ms
D/HomePlayerLib( 1026): hostaddress count is 1
D/dalvikvm( 1026): GC_CONCURRENT freed 2066K, 7% free 41379K/44039K, paused 2ms+8ms
E/EventHub(  171): send pin = 24,value = 0
D/dalvikvm( 1026): GC_CONCURRENT freed 2034K, 7% free 41392K/44039K, paused 2ms+7ms
V/PinyinIME(  824): onKeyDown:20
I/PinyinIME(  824): onKeyDown:System handler the keyevent
E/EventHub(  171): send pin = 24,value = 0
I/PinyinIME(  824): onKeyUp:20
I/PinyinIME(  824): onKeyUp:System handler the keyevent
D/dalvikvm( 1026): GC_CONCURRENT freed 2057K, 7% free 41383K/44039K, paused 2ms+6ms
E/EventHub(  171): send pin = 24,value = 0
V/PinyinIME(  824): onKeyDown:21
I/PinyinIME(  824): onKeyDown:System handler the keyevent
V/iView   ( 1026): ++++arg0++++android.widget.GridView@43018020+++++arg1++++false
E/EventHub(  171): send pin = 24,value = 0
I/PinyinIME(  824): onKeyUp:21
I/PinyinIME(  824): onKeyUp:System handler the keyevent
D/InputEventConsistencyVerifier( 1026): KeyEvent: ACTION_UP but key was not down.
D/InputEventConsistencyVerifier( 1026):   in android.widget.ListView@42f52298
D/InputEventConsistencyVerifier( 1026):   0: sent at 2460172000000, KeyEvent { action=ACTION_UP, keyCode=KEYCODE_DPAD_LEFT, scanCode=105, metaState=0, flags=0x8, repeatCount=0, eventTime=2460172, downTime=2460101, deviceId=1, source=0x701 }
D/InputEventConsistencyVerifier( 1026):   -- recent events --
D/InputEventConsistencyVerifier( 1026):   1: sent at 2356512000000, (unhandled) KeyEvent { action=ACTION_DOWN, keyCode=KEYCODE_DPAD_RIGHT, scanCode=106, metaState=0, flags=0x8, repeatCount=0, eventTime=2356512, downTime=2356512, deviceId=1, source=0x701 }
D/InputEventConsistencyVerifier( 1026):   2: sent at 2355405000000, (unhandled) KeyEvent { action=ACTION_UP, keyCode=KEYCODE_DPAD_LEFT, scanCode=105, metaState=0, flags=0x8, repeatCount=0, eventTime=2355405, downTime=2355334, deviceId=1, source=0x701 }
D/InputEventConsistencyVerifier( 1026):   3: sent at 2355334000000, (unhandled) KeyEvent { action=ACTION_DOWN, keyCode=KEYCODE_DPAD_LEFT, scanCode=105, metaState=0, flags=0x8, repeatCount=0, eventTime=2355334, downTime=2355334, deviceId=1, source=0x701 }
D/InputEventConsistencyVerifier( 1026):   4: sent at 2353524000000, (unhandled) KeyEvent { action=ACTION_DOWN, keyCode=KEYCODE_DPAD_RIGHT, scanCode=106, metaState=0, flags=0x8, repeatCount=0, eventTime=2353524, downTime=2353524, deviceId=1, source=0x701 }
D/InputEventConsistencyVerifier( 1026):   5: sent at 2352557000000, (unhandled) KeyEvent { action=ACTION_UP, keyCode=KEYCODE_DPAD_DOWN, scanCode=108, metaState=0, flags=0x8, repeatCount=0, eventTime=2352557, downTime=2352486, deviceId=1, source=0x701 }
E/EventHub(  171): send pin = 24,value = 0
V/PinyinIME(  824): onKeyDown:20
I/PinyinIME(  824): onKeyDown:System handler the keyevent
D/audio_hw_primary(   92): select_output_device 0x40002
E/EventHub(  171): send pin = 24,value = 0
I/PinyinIME(  824): onKeyUp:20
I/PinyinIME(  824): onKeyUp:System handler the keyevent
D/dalvikvm( 1026): GC_CONCURRENT freed 2032K, 6% free 41398K/44039K, paused 2ms+8ms
E/EventHub(  171): send pin = 24,value = 0
V/PinyinIME(  824): onKeyDown:22
I/PinyinIME(  824): onKeyDown:System handler the keyevent
E/EventHub(  171): send pin = 24,value = 0
I/PinyinIME(  824): onKeyUp:22
I/PinyinIME(  824): onKeyUp:System handler the keyevent
D/InputEventConsistencyVerifier( 1026): KeyEvent: ACTION_UP but key was not down.
D/InputEventConsistencyVerifier( 1026):   in android.widget.LinearLayout@42f15188
D/InputEventConsistencyVerifier( 1026):   0: sent at 2461341000000, KeyEvent { action=ACTION_UP, keyCode=KEYCODE_DPAD_RIGHT, scanCode=106, metaState=0, flags=0x8, repeatCount=0, eventTime=2461341, downTime=2461271, deviceId=1, source=0x701 }
D/InputEventConsistencyVerifier( 1026):   -- recent events --
D/InputEventConsistencyVerifier( 1026):   1: sent at 2353971000000, KeyEvent { action=ACTION_UP, keyCode=KEYCODE_DPAD_CENTER, scanCode=606, metaState=0, flags=0x8, repeatCount=0, eventTime=2353971, downTime=2353901, deviceId=1, source=0x701 }
D/InputEventConsistencyVerifier( 1026):   2: sent at 2353901000000, KeyEvent { action=ACTION_DOWN, keyCode=KEYCODE_DPAD_CENTER, scanCode=606, metaState=0, flags=0x8, repeatCount=0, eventTime=2353901, downTime=2353901, deviceId=1, source=0x701 }
D/InputEventConsistencyVerifier( 1026):   3: sent at 2353594000000, (unhandled) KeyEvent { action=ACTION_UP, keyCode=KEYCODE_DPAD_RIGHT, scanCode=106, metaState=0, flags=0x80000008, repeatCount=0, eventTime=2353594, downTime=2353524, deviceId=1, source=0x701 }
E/EventHub(  171): send pin = 24,value = 0
V/PinyinIME(  824): onKeyDown:23
I/PinyinIME(  824): onKeyDown:System handler the keyevent
D/dalvikvm( 1026): GC_CONCURRENT freed 2053K, 7% free 41387K/44039K, paused 2ms+6ms
E/EventHub(  171): send pin = 24,value = 0
I/PinyinIME(  824): onKeyUp:23
I/PinyinIME(  824): onKeyUp:System handler the keyevent
I/System.out( 1026): browse 0, BrowseMetadata, 0, 100
D/System.out( 1026): host is 192.168.2.13 port is 62625
I/System.out( 1026): CyberGarage warning : failed to connect to /192.168.2.13 (port 62625) after 5000ms: isConnected failed: ECONNREFUSED (Connection refused)
I/System.out( 1026): java.net.ConnectException: failed to connect to /192.168.2.13 (port 62625) after 5000ms: isConnected failed: ECONNREFUSED (Connection refused)
I/System.out( 1026):    at libcore.io.IoBridge.isConnected(IoBridge.java:214)
I/System.out( 1026):    at libcore.io.IoBridge.connectErrno(IoBridge.java:152)
I/System.out( 1026):    at libcore.io.IoBridge.connect(IoBridge.java:112)
I/System.out( 1026):    at java.net.PlainSocketImpl.connect(PlainSocketImpl.java:192)
I/System.out( 1026):    at java.net.PlainSocketImpl.connect(PlainSocketImpl.java:459)
I/System.out( 1026):    at java.net.Socket.connect(Socket.java:842)
I/System.out( 1026):    at org.cybergarage.http.HTTPRequest.post(HTTPRequest.java:409)
I/System.out( 1026):    at org.cybergarage.http.HTTPRequest.post(HTTPRequest.java:476)
I/System.out( 1026):    at org.cybergarage.xml.Parser.parse(Parser.java:85)
I/System.out( 1026):    at org.cybergarage.upnp.Service.getSCPDNode(Service.java:386)
I/System.out( 1026):    at org.cybergarage.upnp.Service.getSCPDNode(Service.java:430)
I/System.out( 1026):    at org.cybergarage.upnp.Service.getActionList(Service.java:469)
I/System.out( 1026):    at org.cybergarage.upnp.Service.getAction(Service.java:488)
I/System.out( 1026):    at org.cybergarage.upnp.std.av.controller.MediaController.browse(MediaController.java:112)
I/System.out( 1026):    at org.cybergarage.upnp.std.av.controller.MediaController.browseMetaData(MediaController.java:186)
I/System.out( 1026):    at stp.homeplayerlib.MediaServiceDeviceItem.getChilds(MediaServiceDeviceItem.java:137)
I/System.out( 1026):    at stp.homeplayerlib.MediaServiceDeviceItem.getChilds(MediaServiceDeviceItem.java:13)
I/System.out( 1026):    at com.coship.Multimedia.view.ContentItemShow$GetChildsTask.doInBackground(ContentItemShow.java:102)
I/System.out( 1026):    at com.coship.Multimedia.view.ContentItemShow$GetChildsTask.doInBackground(ContentItemShow.java:89)
I/System.out( 1026):    at android.os.AsyncTask$2.call(AsyncTask.java:264)
I/System.out( 1026):    at java.util.concurrent.FutureTask$Sync.innerRun(FutureTask.java:305)
I/System.out( 1026):    at java.util.concurrent.FutureTask.run(FutureTask.java:137)
I/System.out( 1026):    at android.os.AsyncTask$SerialExecutor$1.run(AsyncTask.java:208)
I/System.out( 1026):    at java.util.concurrent.ThreadPoolExecutor.runWorker(ThreadPoolExecutor.java:1076)
I/System.out( 1026):    at java.util.concurrent.ThreadPoolExecutor$Worker.run(ThreadPoolExecutor.java:569)
I/System.out( 1026):    at java.lang.Thread.run(Thread.java:856)
I/System.out( 1026): Caused by: libcore.io.ErrnoException: isConnected failed: ECONNREFUSED (Connection refused)
I/System.out( 1026):    at libcore.io.IoBridge.isConnected(IoBridge.java:201)
I/System.out( 1026):    ... 25 more
I/System.out( 1026): CyberGarage warning : java.io.FileNotFoundException: /ContentDirectory/7687/scpd.xml: open failed: ENOENT (No such file or directory)
I/System.out( 1026): org.cybergarage.xml.ParserException: java.io.FileNotFoundException: /ContentDirectory/7687/scpd.xml: open failed: ENOENT (No such file or directory)
I/System.out( 1026):    at org.cybergarage.xml.Parser.parse(Parser.java:107)
I/System.out( 1026):    at org.cybergarage.upnp.Service.getSCPDNode(Service.java:392)
I/System.out( 1026):    at org.cybergarage.upnp.Service.getSCPDNode(Service.java:440)
I/System.out( 1026):    at org.cybergarage.upnp.Service.getActionList(Service.java:469)
I/System.out( 1026):    at org.cybergarage.upnp.Service.getAction(Service.java:488)
I/System.out( 1026):    at org.cybergarage.upnp.std.av.controller.MediaController.browse(MediaController.java:112)
I/System.out( 1026):    at org.cybergarage.upnp.std.av.controller.MediaController.browseMetaData(MediaController.java:186)
I/System.out( 1026):    at stp.homeplayerlib.MediaServiceDeviceItem.getChilds(MediaServiceDeviceItem.java:137)
I/System.out( 1026):    at stp.homeplayerlib.MediaServiceDeviceItem.getChilds(MediaServiceDeviceItem.java:13)
I/System.out( 1026):    at com.coship.Multimedia.view.ContentItemShow$GetChildsTask.doInBackground(ContentItemShow.java:102)
I/System.out( 1026):    at com.coship.Multimedia.view.ContentItemShow$GetChildsTask.doInBackground(ContentItemShow.java:89)
I/System.out( 1026):    at android.os.AsyncTask$2.call(AsyncTask.java:264)
I/System.out( 1026):    at java.util.concurrent.FutureTask$Sync.innerRun(FutureTask.java:305)
I/System.out( 1026):    at java.util.concurrent.FutureTask.run(FutureTask.java:137)
I/System.out( 1026):    at android.os.AsyncTask$SerialExecutor$1.run(AsyncTask.java:208)
I/System.out( 1026):    at java.util.concurrent.ThreadPoolExecutor.runWorker(ThreadPoolExecutor.java:1076)
I/System.out( 1026):    at java.util.concurrent.ThreadPoolExecutor$Worker.run(ThreadPoolExecutor.java:569)
I/System.out( 1026):    at java.lang.Thread.run(Thread.java:856)
I/System.out( 1026): Caused by: java.io.FileNotFoundException: /ContentDirectory/7687/scpd.xml: open failed: ENOENT (No such file or directory)
I/System.out( 1026):    at libcore.io.IoBridge.open(IoBridge.java:406)
I/System.out( 1026):    at java.io.FileInputStream.<init>(FileInputStream.java:78)
I/System.out( 1026):    at org.cybergarage.xml.Parser.parse(Parser.java:101)
I/System.out( 1026):    ... 17 more
I/System.out( 1026): Caused by: libcore.io.ErrnoException: open failed: ENOENT (No such file or directory)
I/System.out( 1026):    at libcore.io.Posix.open(Native Method)
I/System.out( 1026):    at libcore.io.BlockGuardOs.open(BlockGuardOs.java:110)
I/System.out( 1026):    at libcore.io.IoBridge.open(IoBridge.java:390)
I/System.out( 1026):    ... 19 more
I/System.out( 1026): browse 0, BrowseDirectChildren, 0, 100
D/System.out( 1026): host is 192.168.2.13 port is 62625
I/System.out( 1026): CyberGarage warning : failed to connect to /192.168.2.13 (port 62625) after 5000ms: isConnected failed: ECONNREFUSED (Connection refused)
I/System.out( 1026): java.net.ConnectException: failed to connect to /192.168.2.13 (port 62625) after 5000ms: isConnected failed: ECONNREFUSED (Connection refused)
I/System.out( 1026):    at libcore.io.IoBridge.isConnected(IoBridge.java:214)
