D/NetlinkEvent(   86): NL param 'DEVPATH=/devices/platform/MtkUsbHcd.2/usb3/3-1/3-1:1.0'
D/NetlinkEvent(   86): NL param 'DEVTYPE=usb_interface'
D/NetlinkEvent(   86): NL param 'DEVICE=/proc/bus/usb/003/002'
D/NetlinkEvent(   86): NL param 'PRODUCT=951/1665/100'
D/NetlinkEvent(   86): NL param 'TYPE=0/0/0'
D/NetlinkEvent(   86): NL param 'INTERFACE=8/6/80'
D/NetlinkEvent(   86): NL param 'MODALIAS=usb:v0951p1665d0100dc00dsc00dp00ic08isc06ip50'
E/NetlinkListener(   86): recvmsg mBuffer:
E/NetlinkListener(   86):  (remove@/devices/platform/MtkUsbHcd.2/usb3/3-1)
W/Vold    (   86): subsys:usb
D/NetlinkEvent(   86): NL param 'DEVPATH=/devices/platform/MtkUsbHcd.2/usb3/3-1'
D/NetlinkEvent(   86): NL param 'MAJOR=189'
D/NetlinkEvent(   86): NL param 'MINOR=257'
D/NetlinkEvent(   86): NL param 'DEVNAME=bus/usb/003/002'
D/NetlinkEvent(   86): NL param 'DEVTYPE=usb_device'
D/NetlinkEvent(   86): NL param 'DEVICE=/proc/bus/usb/003/002'
D/NetlinkEvent(   86): NL param 'PRODUCT=951/1665/100'
D/NetlinkEvent(   86): NL param 'TYPE=0/0/0'
D/NetlinkEvent(   86): NL param 'BUSNUM=003'
D/NetlinkEvent(   86): NL param 'DEVNUM=002'
E/NetlinkListener(   86): recvmsg mBuffer:
E/NetlinkListener(   86):  (remove@/host1/target1:0:0)
W/Vold    (   86): subsys:scsi
D/NetlinkEvent(   86): NL param 'DEVPATH=/host1/target1:0:0'
D/NetlinkEvent(   86): NL param 'DEVTYPE=scsi_target'
D/MountService(  171): sendStorageIntent Intent { act=android.intent.action.MEDIA_UNMOUNTED dat=file:///mnt/vold/usbdisk3 (has extras) }
I/MountService(  171): onEvent:: raw= 631 Volume usbdisk3 /mnt/vold/usbdisk3 disk removed (8:0) cooked =  631 Volume usbdisk3 /mnt/vold/usbdisk3 disk removed (8:0)
I/MountService(  171): mStorageNum = 0
I/MountService(  171): key:/mnt/vold/usbdisk1
I/MountService(  171): value:removed
I/MountService(  171): key:/mnt/sdcard
I/MountService(  171): value:removed
I/MountService(  171): key:/mnt/vold/satahdd
I/MountService(  171): value:removed
I/MountService(  171): key:/mnt/vold/usbdisk3/sda1
I/MountService(  171): value:bad_removal
I/MountService(  171): key:/mnt/vold/usbdisk3
I/MountService(  171): value:unmounted
I/MountService(  171): key:/mnt/vold/usbdisk2
I/MountService(  171): value:removed
I/MountService(  171): Sending unmounted event first
W/MountService(  171): Duplicate state transition (unmounted -> unmounted) for /mnt/vold/usbdisk3
D/MountService(  171): sendStorageIntent Intent { act=unmounted dat=file:///mnt/vold/usbdisk3 (has extras) }
I/MountService(  171): Sending media removed
D/MountService(  171): volume state changed for /mnt/vold/usbdisk3 (unmounted -> removed)
D/MountService(  171): sendStorageIntent Intent { act=android.intent.action.MEDIA_REMOVED dat=file:///mnt/vold/usbdisk3 (has extras) }
I/MountService(  171): onEvent:: raw= 605 Volume usbdisk3 /mnt/vold/usbdisk3 state changed from 1 (Idle-Unmounted) to 0 (No-Media) cooked =  605 Volume usbdisk3 /mnt/vold/usbdisk3 state changed from 1 (Idle-Unmounted) to 0 (No-Media)
I/MountService(  171): notifyVolumeStateChanged::removed
I/ActivityManager(  171): START {cmp=com.coship.Multimedia/.MovieWindow.MovieWindow (has extras)} from pid 1026
E/NetlinkListener(   87): recvmsg mBuffer:
E/NetlinkListener(   87):  (?)
E/NetlinkListener(   87): recvmsg mBuffer:
E/NetlinkListener(   87):  (?)
E/NetlinkListener(   87): recvmsg mBuffer:
E/NetlinkListener(   87):  (?)
E/NetlinkListener(   87): recvmsg mBuffer:
E/NetlinkListener(   87):  (?)
E/NetlinkListener(   87): recvmsg mBuffer:
E/NetlinkListener(   87):  (?)
E/NetlinkListener(   87): recvmsg mBuffer:
E/NetlinkListener(   87):  (?)
E/NetlinkListener(   87): recvmsg mBuffer:
E/NetlinkListener(   87):  (?)
E/NetlinkListener(   87): recvmsg mBuffer:
E/NetlinkListener(   87):  (?)
E/NetlinkListener(   87): recvmsg mBuffer:
E/NetlinkListener(   87):  (?)
E/NetlinkListener(   87): recvmsg mBuffer:
E/NetlinkListener(   87):  (?)
E/NetlinkListener(   87): recvmsg mBuffer:
E/NetlinkListener(   87):  (?)
E/NetlinkListener(   87): recvmsg mBuffer:
E/NetlinkListener(   87):  (?)
E/NetlinkListener(   87): recvmsg mBuffer:
E/NetlinkListener(   87):  (?)
E/NetlinkListener(   87): recvmsg mBuffer:
E/NetlinkListener(   87):  (?)
E/NetlinkListener(   87): recvmsg mBuffer:
E/NetlinkListener(   87):  (?)
E/NetlinkListener(   87): recvmsg mBuffer:
E/NetlinkListener(   87):  (?)
E/NetlinkListener(   87): recvmsg mBuffer:
E/NetlinkListener(   87):  (?)
E/NetlinkListener(   87): recvmsg mBuffer:
E/NetlinkListener(   87):  (?)
E/NetlinkListener(   87): recvmsg mBuffer:
E/NetlinkListener(   87):  (?)
E/NetlinkListener(   87): recvmsg mBuffer:
E/NetlinkListener(   87):  (?)
E/NetlinkListener(   87): recvmsg mBuffer:
E/NetlinkListener(   87):  (?)
E/NetlinkListener(   87): recvmsg mBuffer:
E/NetlinkListener(   87):  (?)
E/NetlinkListener(   87): recvmsg mBuffer:
E/NetlinkListener(   87):  (?)
E/NetlinkListener(   87): recvmsg mBuffer:
E/NetlinkListener(   87):  (?)
E/NetlinkListener(   87): recvmsg mBuffer:
E/NetlinkListener(   87):  (?)
E/NetlinkListener(   87): recvmsg mBuffer:
E/NetlinkListener(   87):  (?)
E/NetlinkListener(   87): recvmsg mBuffer:
E/NetlinkListener(   87):  (?)
E/NetlinkListener(   87): recvmsg mBuffer:
E/NetlinkListener(   87):  (?)
E/NetlinkListener(   87): recvmsg mBuffer:
E/NetlinkListener(   87):  (?)
E/NetlinkListener(   87): recvmsg mBuffer:
E/NetlinkListener(   87):  (?)
E/NetlinkListener(   87): recvmsg mBuffer:
E/NetlinkListener(   87):  (?)
E/NetlinkListener(   87): recvmsg mBuffer:
E/NetlinkListener(   87):  (?)
E/NetlinkListener(   87): recvmsg mBuffer:
E/NetlinkListener(   87):  (?)
E/NetlinkListener(   87): recvmsg mBuffer:
E/NetlinkListener(   87):  (?)
E/NetlinkListener(   87): recvmsg mBuffer:
E/NetlinkListener(   87):  (?)
E/NetlinkListener(   87): recvmsg mBuffer:
E/NetlinkListener(   87):  (?)
E/NetlinkListener(   87): recvmsg mBuffer:
E/NetlinkListener(   87):  (?)
E/NetlinkListener(   87): recvmsg mBuffer:
E/NetlinkListener(   87):  (?)
E/NetlinkListener(   87): recvmsg mBuffer:
E/NetlinkListener(   87):  (?)
E/NetlinkListener(   87): recvmsg mBuffer:
E/NetlinkListener(   87):  (?)
E/NetlinkListener(   87): recvmsg mBuffer:
E/NetlinkListener(   87):  (?)
E/NetlinkListener(   87): recvmsg mBuffer:
E/NetlinkListener(   87):  (?)
E/NetlinkListener(   87): recvmsg mBuffer:
E/NetlinkListener(   87):  (?)
E/NetlinkListener(   87): recvmsg mBuffer:
E/NetlinkListener(   87):  (?)
E/NetlinkListener(   87): recvmsg mBuffer:
E/NetlinkListener(   87):  (?)
E/NetlinkListener(   87): recvmsg mBuffer:
E/NetlinkListener(   87):  (?)
E/NetlinkListener(   87): recvmsg mBuffer:
E/NetlinkListener(   87):  (?)
E/NetlinkListener(   87): recvmsg mBuffer:
E/NetlinkListener(   87):  (?)
--------- beginning of /dev/log/main
E/CmpbPlayerManager(   92): [CmpbPlayerManager] fgBpNeedStopPlayer pPlayer  0x1ab7f18 
E/CmpbPlayerManager(   96): [CmpbPlayerManager][CMPB_BP_CHECK_PLAYER] pPlayer  0x1ab7f18 
I/CmpbPlayerManager(   96): [CmpbPlayerManager] vCheckPlayer :0x1ab7f18
E/CmpbPlayer(   92): [CMPBPLAYER][ERROR][CmpbMgrThread]line:4602 ===========>: this 0x1ab7f18 need 0, mState=5
I/CmpbPlayer(   92): [CMPBPLAYER][INFO][MediaPbCallback]line:1874 IMTK_PB_CTRL_EVENT_CUR_TIME_UPDATE 148000 
I/CmpbPlayer(   92): [CMPBPLAYER][INFO][isPlaying]line:3679 cmpb_isPlaying = 1, mSeekDoneNeedPlay = 0, m_bProtocolPlayerUsed=0 
V/MediaPlayerService(   92): [34] isPlaying: 1
V/MediaPlayer( 1026): isPlaying: 1
I/CmpbPlayer(   92): [CMPBPLAYER][INFO][isPlaying]line:3679 cmpb_isPlaying = 1, mSeekDoneNeedPlay = 0, m_bProtocolPlayerUsed=0 
V/MediaPlayerService(   92): [34] isPlaying: 1
V/MediaPlayer( 1026): isPlaying: 1
V/MediaPlayer( 1026): getCurrentPosition
V/MediaPlayerService(   92): getCurrentPosition
D/CmpbPlayer(   92): [CMPBPLAYER][DEBUG][getCurrentPosition]line:3854 Current time(0xbea869d4, 148000)!
V/MediaPlayerService(   92): [34] getCurrentPosition = 148000
V/MediaPlayer( 1026): getDuration
V/MediaPlayer( 1026): getDuration
V/MediaPlayer( 1026): getDuration
V/MediaPlayer( 1026): getDuration
V/MediaPlayer( 1026): getDuration
I/CmpbPlayer(   92): [CMPBPLAYER][INFO][MediaPbCallback]line:1874 IMTK_PB_CTRL_EVENT_CUR_TIME_UPDATE 149000 
I/CmpbPlayer(   92): [CMPBPLAYER][INFO][isPlaying]line:3679 cmpb_isPlaying = 1, mSeekDoneNeedPlay = 0, m_bProtocolPlayerUsed=0 
V/MediaPlayerService(   92): [34] isPlaying: 1
V/MediaPlayer( 1026): isPlaying: 1
I/CmpbPlayer(   92): [CMPBPLAYER][INFO][isPlaying]line:3679 cmpb_isPlaying = 1, mSeekDoneNeedPlay = 0, m_bProtocolPlayerUsed=0 
V/MediaPlayerService(   92): [34] isPlaying: 1
V/MediaPlayer( 1026): isPlaying: 1
V/MediaPlayer( 1026): getCurrentPosition
V/MediaPlayerService(   92): getCurrentPosition
D/CmpbPlayer(   92): [CMPBPLAYER][DEBUG][getCurrentPosition]line:3854 Current time(0x423c1d54, 149000)!
V/MediaPlayerService(   92): [34] getCurrentPosition = 149000
V/MediaPlayer( 1026): getDuration
V/MediaPlayer( 1026): getDuration
V/MediaPlayer( 1026): getDuration
V/MediaPlayer( 1026): getDuration
V/MediaPlayer( 1026): getDuration
E/CmpbPlayerManager(   92): [CmpbPlayerManager] Found media.playermanager, LINE 970 
E/CmpbPlayerManager(   92): [CmpbPlayerManager] fgBpNeedStopPlayer pPlayer  0x1ab7f18 
E/CmpbPlayerManager(   96): [CmpbPlayerManager][CMPB_BP_CHECK_PLAYER] pPlayer  0x1ab7f18 
I/CmpbPlayerManager(   96): [CmpbPlayerManager] vCheckPlayer :0x1ab7f18
E/CmpbPlayer(   92): [CMPBPLAYER][ERROR][CmpbMgrThread]line:4602 ===========>: this 0x1ab7f18 need 0, mState=5
D/dalvikvm( 1026): GC_CONCURRENT freed 2021K, 9% free 40163K/43783K, paused 2ms+8ms
I/CmpbPlayer(   92): [CMPBPLAYER][INFO][MediaPbCallback]line:1874 IMTK_PB_CTRL_EVENT_CUR_TIME_UPDATE 150000 
D/dalvikvm( 1026): GC_CONCURRENT freed 2054K, 9% free 40151K/43783K, paused 1ms+7ms
I/CmpbPlayer(   92): [CMPBPLAYER][INFO][isPlaying]line:3679 cmpb_isPlaying = 1, mSeekDoneNeedPlay = 0, m_bProtocolPlayerUsed=0 
V/MediaPlayerService(   92): [34] isPlaying: 1
V/MediaPlayer( 1026): isPlaying: 1
I/CmpbPlayer(   92): [CMPBPLAYER][INFO][isPlaying]line:3679 cmpb_isPlaying = 1, mSeekDoneNeedPlay = 0, m_bProtocolPlayerUsed=0 
V/MediaPlayerService(   92): [34] isPlaying: 1
V/MediaPlayer( 1026): isPlaying: 1
V/MediaPlayer( 1026): getCurrentPosition
V/MediaPlayerService(   92): getCurrentPosition
D/CmpbPlayer(   92): [CMPBPLAYER][DEBUG][getCurrentPosition]line:3854 Current time(0x41ad8d54, 150000)!
V/MediaPlayerService(   92): [34] getCurrentPosition = 150000
V/MediaPlayer( 1026): getDuration
V/MediaPlayer( 1026): getDuration
V/MediaPlayer( 1026): getDuration
V/MediaPlayer( 1026): getDuration
V/MediaPlayer( 1026): getDuration
I/CmpbPlayer(   92): [CMPBPLAYER][INFO][MediaPbCallback]line:1874 IMTK_PB_CTRL_EVENT_CUR_TIME_UPDATE 151000 
D/dalvikvm( 1026): GC_CONCURRENT freed 2044K, 9% free 40142K/43783K, paused 2ms+6ms
D/dalvikvm( 1026): GC_CONCURRENT freed 2005K, 9% free 40185K/43783K, paused 2ms+7ms
I/CmpbPlayer(   92): [CMPBPLAYER][INFO][isPlaying]line:3679 cmpb_isPlaying = 1, mSeekDoneNeedPlay = 0, m_bProtocolPlayerUsed=0 
V/MediaPlayerService(   92): [34] isPlaying: 1
V/MediaPlayer( 1026): isPlaying: 1
I/CmpbPlayer(   92): [CMPBPLAYER][INFO][isPlaying]line:3679 cmpb_isPlaying = 1, mSeekDoneNeedPlay = 0, m_bProtocolPlayerUsed=0 
V/MediaPlayerService(   92): [34] isPlaying: 1
V/MediaPlayer( 1026): isPlaying: 1
V/MediaPlayer( 1026): getCurrentPosition
V/MediaPlayerService(   92): getCurrentPosition
D/CmpbPlayer(   92): [CMPBPLAYER][DEBUG][getCurrentPosition]line:3854 Current time(0x41338d54, 151000)!
V/MediaPlayerService(   92): [34] getCurrentPosition = 151000
V/MediaPlayer( 1026): getDuration
V/MediaPlayer( 1026): getDuration
V/MediaPlayer( 1026): getDuration
V/MediaPlayer( 1026): getDuration
V/MediaPlayer( 1026): getDuration
E/CmpbPlayerManager(   92): [CmpbPlayerManager] Found media.playermanager, LINE 970 
E/CmpbPlayerManager(   92): [CmpbPlayerManager] fgBpNeedStopPlayer pPlayer  0x1ab7f18 
E/CmpbPlayerManager(   96): [CmpbPlayerManager][CMPB_BP_CHECK_PLAYER] pPlayer  0x1ab7f18 
I/CmpbPlayerManager(   96): [CmpbPlayerManager] vCheckPlayer :0x1ab7f18
E/CmpbPlayer(   92): [CMPBPLAYER][ERROR][CmpbMgrThread]line:4602 ===========>: this 0x1ab7f18 need 0, mState=5
I/CmpbPlayer(   92): [CMPBPLAYER][INFO][MediaPbCallback]line:1874 IMTK_PB_CTRL_EVENT_CUR_TIME_UPDATE 152000 
D/dalvikvm( 1026): GC_CONCURRENT freed 2074K, 9% free 40151K/43783K, paused 3ms+6ms
I/CmpbPlayer(   92): [CMPBPLAYER][INFO][isPlaying]line:3679 cmpb_isPlaying = 1, mSeekDoneNeedPlay = 0, m_bProtocolPlayerUsed=0 
V/MediaPlayerService(   92): [34] isPlaying: 1
V/MediaPlayer( 1026): isPlaying: 1
I/CmpbPlayer(   92): [CMPBPLAYER][INFO][isPlaying]line:3679 cmpb_isPlaying = 1, mSeekDoneNeedPlay = 0, m_bProtocolPlayerUsed=0 
V/MediaPlayerService(   92): [34] isPlaying: 1
V/MediaPlayer( 1026): isPlaying: 1
V/MediaPlayer( 1026): getCurrentPosition
V/MediaPlayerService(   92): getCurrentPosition
D/CmpbPlayer(   92): [CMPBPLAYER][DEBUG][getCurrentPosition]line:3854 Current time(0xbea869d4, 152000)!
V/MediaPlayerService(   92): [34] getCurrentPosition = 152000
V/MediaPlayer( 1026): getDuration
V/MediaPlayer( 1026): getDuration
V/MediaPlayer( 1026): getDuration
V/MediaPlayer( 1026): getDuration
V/MediaPlayer( 1026): getDuration
I/CmpbPlayer(   92): [CMPBPLAYER][INFO][MediaPbCallback]line:1874 IMTK_PB_CTRL_EVENT_CUR_TIME_UPDATE 153000 
I/CmpbPlayer(   92): [CMPBPLAYER][INFO][isPlaying]line:3679 cmpb_isPlaying = 1, mSeekDoneNeedPlay = 0, m_bProtocolPlayerUsed=0 
V/MediaPlayerService(   92): [34] isPlaying: 1
V/MediaPlayer( 1026): isPlaying: 1
I/CmpbPlayer(   92): [CMPBPLAYER][INFO][isPlaying]line:3679 cmpb_isPlaying = 1, mSeekDoneNeedPlay = 0, m_bProtocolPlayerUsed=0 
V/MediaPlayerService(   92): [34] isPlaying: 1
V/MediaPlayer( 1026): isPlaying: 1
V/MediaPlayer( 1026): getCurrentPosition
V/MediaPlayerService(   92): getCurrentPosition
D/CmpbPlayer(   92): [CMPBPLAYER][DEBUG][getCurrentPosition]line:3854 Current time(0x423c1d54, 153000)!
V/MediaPlayerService(   92): [34] getCurrentPosition = 153000
V/MediaPlayer( 1026): getDuration
V/MediaPlayer( 1026): getDuration
V/MediaPlayer( 1026): getDuration
V/MediaPlayer( 1026): getDuration
V/MediaPlayer( 1026): getDuration
E/CmpbPlayerManager(   92): [CmpbPlayerManager] Found media.playermanager, LINE 970 
E/CmpbPlayerManager(   92): [CmpbPlayerManager] fgBpNeedStopPlayer pPlayer  0x1ab7f18 
E/CmpbPlayerManager(   96): [CmpbPlayerManager][CMPB_BP_CHECK_PLAYER] pPlayer  0x1ab7f18 
I/CmpbPlayerManager(   96): [CmpbPlayerManager] vCheckPlayer :0x1ab7f18
E/CmpbPlayer(   92): [CMPBPLAYER][ERROR][CmpbMgrThread]line:4602 ===========>: this 0x1ab7f18 need 0, mState=5
I/CmpbPlayer(   92): [CMPBPLAYER][INFO][MediaPbCallback]line:1874 IMTK_PB_CTRL_EVENT_CUR_TIME_UPDATE 154000 
D/HomePlayerLib( 1026): hostaddress count is 1
D/dalvikvm( 1026): GC_CONCURRENT freed 2061K, 9% free 40137K/43783K, paused 3ms+9ms
I/CmpbPlayer(   92): [CMPBPLAYER][INFO][isPlaying]line:3679 cmpb_isPlaying = 1, mSeekDoneNeedPlay = 0, m_bProtocolPlayerUsed=0 
V/MediaPlayerService(   92): [34] isPlaying: 1
V/MediaPlayer( 1026): isPlaying: 1
I/CmpbPlayer(   92): [CMPBPLAYER][INFO][isPlaying]line:3679 cmpb_isPlaying = 1, mSeekDoneNeedPlay = 0, m_bProtocolPlayerUsed=0 
V/MediaPlayerService(   92): [34] isPlaying: 1
V/MediaPlayer( 1026): isPlaying: 1
V/MediaPlayer( 1026): getCurrentPosition
V/MediaPlayerService(   92): getCurrentPosition
D/CmpbPlayer(   92): [CMPBPLAYER][DEBUG][getCurrentPosition]line:3854 Current time(0x41ad8d54, 154000)!
V/MediaPlayerService(   92): [34] getCurrentPosition = 154000
V/MediaPlayer( 1026): getDuration
V/MediaPlayer( 1026): getDuration
V/MediaPlayer( 1026): getDuration
V/MediaPlayer( 1026): getDuration
V/MediaPlayer( 1026): getDuration
D/dalvikvm( 1026): GC_CONCURRENT freed 2023K, 9% free 40162K/43783K, paused 2ms+5ms
I/CmpbPlayer(   92): [CMPBPLAYER][INFO][MediaPbCallback]line:1874 IMTK_PB_CTRL_EVENT_CUR_TIME_UPDATE 155000 
D/dalvikvm( 1026): GC_CONCURRENT freed 2046K, 9% free 40163K/43783K, paused 2ms+7ms
I/CmpbPlayer(   92): [CMPBPLAYER][INFO][isPlaying]line:3679 cmpb_isPlaying = 1, mSeekDoneNeedPlay = 0, m_bProtocolPlayerUsed=0 
V/MediaPlayerService(   92): [34] isPlaying: 1
V/MediaPlayer( 1026): isPlaying: 1
I/CmpbPlayer(   92): [CMPBPLAYER][INFO][isPlaying]line:3679 cmpb_isPlaying = 1, mSeekDoneNeedPlay = 0, m_bProtocolPlayerUsed=0 
V/MediaPlayerService(   92): [34] isPlaying: 1
V/MediaPlayer( 1026): isPlaying: 1
V/MediaPlayer( 1026): getCurrentPosition
V/MediaPlayerService(   92): getCurrentPosition
D/CmpbPlayer(   92): [CMPBPLAYER][DEBUG][getCurrentPosition]line:3854 Current time(0x41338d54, 155000)!
V/MediaPlayerService(   92): [34] getCurrentPosition = 155000
V/MediaPlayer( 1026): getDuration
V/MediaPlayer( 1026): getDuration
V/MediaPlayer( 1026): getDuration
V/MediaPlayer( 1026): getDuration
V/MediaPlayer( 1026): getDuration
E/CmpbPlayerManager(   92): [CmpbPlayerManager] Found media.playermanager, LINE 970 
E/CmpbPlayerManager(   92): [CmpbPlayerManager] fgBpNeedStopPlayer pPlayer  0x1ab7f18 
E/CmpbPlayerManager(   96): [CmpbPlayerManager][CMPB_BP_CHECK_PLAYER] pPlayer  0x1ab7f18 
I/CmpbPlayerManager(   96): [CmpbPlayerManager] vCheckPlayer :0x1ab7f18
E/CmpbPlayer(   92): [CMPBPLAYER][ERROR][CmpbMgrThread]line:4602 ===========>: this 0x1ab7f18 need 0, mState=5
I/CmpbPlayer(   92): [CMPBPLAYER][INFO][MediaPbCallback]line:1874 IMTK_PB_CTRL_EVENT_CUR_TIME_UPDATE 156000 
D/dalvikvm( 1026): GC_CONCURRENT freed 2053K, 9% free 40167K/43783K, paused 3ms+5ms
D/dalvikvm( 1026): GC_CONCURRENT freed 1975K, 9% free 40135K/43783K, paused 1ms+6ms
I/CmpbPlayer(   92): [CMPBPLAYER][INFO][isPlaying]line:3679 cmpb_isPlaying = 1, mSeekDoneNeedPlay = 0, m_bProtocolPlayerUsed=0 
V/MediaPlayerService(   92): [34] isPlaying: 1
V/MediaPlayer( 1026): isPlaying: 1
I/CmpbPlayer(   92): [CMPBPLAYER][INFO][isPlaying]line:3679 cmpb_isPlaying = 1, mSeekDoneNeedPlay = 0, m_bProtocolPlayerUsed=0 
V/MediaPlayerService(   92): [34] isPlaying: 1
V/MediaPlayer( 1026): isPlaying: 1
V/MediaPlayer( 1026): getCurrentPosition
V/MediaPlayerService(   92): getCurrentPosition
D/CmpbPlayer(   92): [CMPBPLAYER][DEBUG][getCurrentPosition]line:3854 Current time(0xbea869d4, 156000)!
V/MediaPlayerService(   92): [34] getCurrentPosition = 156000
V/MediaPlayer( 1026): getDuration
V/MediaPlayer( 1026): getDuration
V/MediaPlayer( 1026): getDuration
V/MediaPlayer( 1026): getDuration
V/MediaPlayer( 1026): getDuration
I/CmpbPlayer(   92): [CMPBPLAYER][INFO][MediaPbCallback]line:1874 IMTK_PB_CTRL_EVENT_CUR_TIME_UPDATE 157000 
I/CmpbPlayer(   92): [CMPBPLAYER][INFO][isPlaying]line:3679 cmpb_isPlaying = 1, mSeekDoneNeedPlay = 0, m_bProtocolPlayerUsed=0 
V/MediaPlayerService(   92): [34] isPlaying: 1
V/MediaPlayer( 1026): isPlaying: 1
I/CmpbPlayer(   92): [CMPBPLAYER][INFO][isPlaying]line:3679 cmpb_isPlaying = 1, mSeekDoneNeedPlay = 0, m_bProtocolPlayerUsed=0 
V/MediaPlayerService(   92): [34] isPlaying: 1
V/MediaPlayer( 1026): isPlaying: 1
V/MediaPlayer( 1026): getCurrentPosition
V/MediaPlayerService(   92): getCurrentPosition
D/CmpbPlayer(   92): [CMPBPLAYER][DEBUG][getCurrentPosition]line:3854 Current time(0x423c1d54, 157000)!
V/MediaPlayerService(   92): [34] getCurrentPosition = 157000
V/MediaPlayer( 1026): getDuration
V/MediaPlayer( 1026): getDuration
V/MediaPlayer( 1026): getDuration
V/MediaPlayer( 1026): getDuration
V/MediaPlayer( 1026): getDuration
E/CmpbPlayerManager(   92): [CmpbPlayerManager] Found media.playermanager, LINE 970 
E/CmpbPlayerManager(   92): [CmpbPlayerManager] fgBpNeedStopPlayer pPlayer  0x1ab7f18 
E/CmpbPlayerManager(   96): [CmpbPlayerManager][CMPB_BP_CHECK_PLAYER] pPlayer  0x1ab7f18 
I/CmpbPlayerManager(   96): [CmpbPlayerManager] vCheckPlayer :0x1ab7f18
E/CmpbPlayer(   92): [CMPBPLAYER][ERROR][CmpbMgrThread]line:4602 ===========>: this 0x1ab7f18 need 0, mState=5
I/CmpbPlayer(   92): [CMPBPLAYER][INFO][MediaPbCallback]line:1874 IMTK_PB_CTRL_EVENT_CUR_TIME_UPDATE 158000 
E/NetlinkListener(   87): recvmsg mBuffer:
E/NetlinkListener(   87):  (?)
I/CmpbPlayer(   92): [CMPBPLAYER][INFO][isPlaying]line:3679 cmpb_isPlaying = 1, mSeekDoneNeedPlay = 0, m_bProtocolPlayerUsed=0 
V/MediaPlayerService(   92): [34] isPlaying: 1
V/MediaPlayer( 1026): isPlaying: 1
I/CmpbPlayer(   92): [CMPBPLAYER][INFO][isPlaying]line:3679 cmpb_isPlaying = 1, mSeekDoneNeedPlay = 0, m_bProtocolPlayerUsed=0 
V/MediaPlayerService(   92): [34] isPlaying: 1
V/MediaPlayer( 1026): isPlaying: 1
V/MediaPlayer( 1026): getCurrentPosition
V/MediaPlayerService(   92): getCurrentPosition
D/CmpbPlayer(   92): [CMPBPLAYER][DEBUG][getCurrentPosition]line:3854 Current time(0x41ad8d54, 158000)!
V/MediaPlayerService(   92): [34] getCurrentPosition = 158000
V/MediaPlayer( 1026): getDuration
V/MediaPlayer( 1026): getDuration
V/MediaPlayer( 1026): getDuration
V/MediaPlayer( 1026): getDuration
V/MediaPlayer( 1026): getDuration
I/CmpbPlayer(   92): [CMPBPLAYER][INFO][MediaPbCallback]line:1874 IMTK_PB_CTRL_EVENT_CUR_TIME_UPDATE 159000 
E/NetlinkListener(   87): recvmsg mBuffer:
E/NetlinkListener(   87):  (?)
I/CmpbPlayer(   92): [CMPBPLAYER][INFO][isPlaying]line:3679 cmpb_isPlaying = 1, mSeekDoneNeedPlay = 0, m_bProtocolPlayerUsed=0 
V/MediaPlayerService(   92): [34] isPlaying: 1
V/MediaPlayer( 1026): isPlaying: 1
I/CmpbPlayer(   92): [CMPBPLAYER][INFO][isPlaying]line:3679 cmpb_isPlaying = 1, mSeekDoneNeedPlay = 0, m_bProtocolPlayerUsed=0 
V/MediaPlayerService(   92): [34] isPlaying: 1
V/MediaPlayer( 1026): isPlaying: 1
V/MediaPlayer( 1026): getCurrentPosition
V/MediaPlayerService(   92): getCurrentPosition
D/CmpbPlayer(   92): [CMPBPLAYER][DEBUG][getCurrentPosition]line:3854 Current time(0x41338d54, 159000)!
V/MediaPlayerService(   92): [34] getCurrentPosition = 159000
V/MediaPlayer( 1026): getDuration
V/MediaPlayer( 1026): getDuration
V/MediaPlayer( 1026): getDuration
V/MediaPlayer( 1026): getDuration
V/MediaPlayer( 1026): getDuration
E/CmpbPlayerManager(   92): [CmpbPlayerManager] Found media.playermanager, LINE 970 
E/CmpbPlayerManager(   92): [CmpbPlayerManager] fgBpNeedStopPlayer pPlayer  0x1ab7f18 
E/CmpbPlayerManager(   96): [CmpbPlayerManager][CMPB_BP_CHECK_PLAYER] pPlayer  0x1ab7f18 
I/CmpbPlayerManager(   96): [CmpbPlayerManager] vCheckPlayer :0x1ab7f18
E/CmpbPlayer(   92): [CMPBPLAYER][ERROR][CmpbMgrThread]line:4602 ===========>: this 0x1ab7f18 need 0, mState=5
I/CmpbPlayer(   92): [CMPBPLAYER][INFO][MediaPbCallback]line:1874 IMTK_PB_CTRL_EVENT_CUR_TIME_UPDATE 160000 
I/CmpbPlayer(   92): [CMPBPLAYER][INFO][isPlaying]line:3679 cmpb_isPlaying = 1, mSeekDoneNeedPlay = 0, m_bProtocolPlayerUsed=0 
V/MediaPlayerService(   92): [34] isPlaying: 1
V/MediaPlayer( 1026): isPlaying: 1
I/CmpbPlayer(   92): [CMPBPLAYER][INFO][isPlaying]line:3679 cmpb_isPlaying = 1, mSeekDoneNeedPlay = 0, m_bProtocolPlayerUsed=0 
V/MediaPlayerService(   92): [34] isPlaying: 1
V/MediaPlayer( 1026): isPlaying: 1
V/MediaPlayer( 1026): getCurrentPosition
V/MediaPlayerService(   92): getCurrentPosition
D/CmpbPlayer(   92): [CMPBPLAYER][DEBUG][getCurrentPosition]line:3854 Current time(0xbea869d4, 160000)!
V/MediaPlayerService(   92): [34] getCurrentPosition = 160000
V/MediaPlayer( 1026): getDuration
V/MediaPlayer( 1026): getDuration
V/MediaPlayer( 1026): getDuration
V/MediaPlayer( 1026): getDuration
V/MediaPlayer( 1026): getDuration
E/NetlinkListener(   87): recvmsg mBuffer:
E/NetlinkListener(   87):  (?)
I/CmpbPlayer(   92): [CMPBPLAYER][INFO][MediaPbCallback]line:1874 IMTK_PB_CTRL_EVENT_CUR_TIME_UPDATE 161000 
D/dalvikvm( 1026): GC_CONCURRENT freed 2007K, 9% free 40166K/43783K, paused 2ms+7ms
D/dalvikvm( 1026): GC_CONCURRENT freed 2057K, 9% free 40156K/43783K, paused 2ms+7ms
I/CmpbPlayer(   92): [CMPBPLAYER][INFO][isPlaying]line:3679 cmpb_isPlaying = 1, mSeekDoneNeedPlay = 0, m_bProtocolPlayerUsed=0 
V/MediaPlayerService(   92): [34] isPlaying: 1
V/MediaPlayer( 1026): isPlaying: 1
I/CmpbPlayer(   92): [CMPBPLAYER][INFO][isPlaying]line:3679 cmpb_isPlaying = 1, mSeekDoneNeedPlay = 0, m_bProtocolPlayerUsed=0 
V/MediaPlayerService(   92): [34] isPlaying: 1
V/MediaPlayer( 1026): isPlaying: 1
V/MediaPlayer( 1026): getCurrentPosition
V/MediaPlayerService(   92): getCurrentPosition
D/CmpbPlayer(   92): [CMPBPLAYER][DEBUG][getCurrentPosition]line:3854 Current time(0x423c1d54, 161000)!
V/MediaPlayerService(   92): [34] getCurrentPosition = 161000
V/MediaPlayer( 1026): getDuration
V/MediaPlayer( 1026): getDuration
V/MediaPlayer( 1026): getDuration
V/MediaPlayer( 1026): getDuration
V/MediaPlayer( 1026): getDuration
E/CmpbPlayerManager(   92): [CmpbPlayerManager] Found media.playermanager, LINE 970 
E/CmpbPlayerManager(   92): [CmpbPlayerManager] fgBpNeedStopPlayer pPlayer  0x1ab7f18 
E/CmpbPlayerManager(   96): [CmpbPlayerManager][CMPB_BP_CHECK_PLAYER] pPlayer  0x1ab7f18 
I/CmpbPlayerManager(   96): [CmpbPlayerManager] vCheckPlayer :0x1ab7f18
E/CmpbPlayer(   92): [CMPBPLAYER][ERROR][CmpbMgrThread]line:4602 ===========>: this 0x1ab7f18 need 0, mState=5
I/CmpbPlayer(   92): [CMPBPLAYER][INFO][MediaPbCallback]line:1874 IMTK_PB_CTRL_EVENT_CUR_TIME_UPDATE 162000 
D/dalvikvm( 1026): GC_CONCURRENT freed 2063K, 9% free 40141K/43783K, paused 4ms+5ms
D/dalvikvm( 1026): GC_CONCURRENT freed 1994K, 9% free 40199K/43783K, paused 3ms+7ms
I/CmpbPlayer(   92): [CMPBPLAYER][INFO][isPlaying]line:3679 cmpb_isPlaying = 1, mSeekDoneNeedPlay = 0, m_bProtocolPlayerUsed=0 
V/MediaPlayerService(   92): [34] isPlaying: 1
V/MediaPlayer( 1026): isPlaying: 1
I/CmpbPlayer(   92): [CMPBPLAYER][INFO][isPlaying]line:3679 cmpb_isPlaying = 1, mSeekDoneNeedPlay = 0, m_bProtocolPlayerUsed=0 
V/MediaPlayerService(   92): [34] isPlaying: 1
V/MediaPlayer( 1026): isPlaying: 1
V/MediaPlayer( 1026): getCurrentPosition
V/MediaPlayerService(   92): getCurrentPosition
D/CmpbPlayer(   92): [CMPBPLAYER][DEBUG][getCurrentPosition]line:3854 Current time(0x41ad8d54, 162000)!
V/MediaPlayerService(   92): [34] getCurrentPosition = 162000
V/MediaPlayer( 1026): getDuration
V/MediaPlayer( 1026): getDuration
V/MediaPlayer( 1026): getDuration
V/MediaPlayer( 1026): getDuration
V/MediaPlayer( 1026): getDuration
D/dalvikvm( 1026): GC_CONCURRENT freed 2085K, 9% free 40162K/43783K, paused 1ms+8ms
I/CmpbPlayer(   92): [CMPBPLAYER][INFO][MediaPbCallback]line:1874 IMTK_PB_CTRL_EVENT_CUR_TIME_UPDATE 163000 
D/dalvikvm( 1026): GC_CONCURRENT freed 2044K, 9% free 40165K/43783K, paused 2ms+8ms
I/CmpbPlayer(   92): [CMPBPLAYER][INFO][isPlaying]line:3679 cmpb_isPlaying = 1, mSeekDoneNeedPlay = 0, m_bProtocolPlayerUsed=0 
V/MediaPlayerService(   92): [34] isPlaying: 1
V/MediaPlayer( 1026): isPlaying: 1
I/CmpbPlayer(   92): [CMPBPLAYER][INFO][isPlaying]line:3679 cmpb_isPlaying = 1, mSeekDoneNeedPlay = 0, m_bProtocolPlayerUsed=0 
V/MediaPlayerService(   92): [34] isPlaying: 1
V/MediaPlayer( 1026): isPlaying: 1
V/MediaPlayer( 1026): getCurrentPosition
V/MediaPlayerService(   92): getCurrentPosition
D/CmpbPlayer(   92): [CMPBPLAYER][DEBUG][getCurrentPosition]line:3854 Current time(0x41338d54, 163000)!
V/MediaPlayerService(   92): [34] getCurrentPosition = 163000
V/MediaPlayer( 1026): getDuration
V/MediaPlayer( 1026): getDuration
V/MediaPlayer( 1026): getDuration
V/MediaPlayer( 1026): getDuration
V/MediaPlayer( 1026): getDuration
E/CmpbPlayerManager(   92): [CmpbPlayerManager] Found media.playermanager, LINE 970 
E/CmpbPlayerManager(   92): [CmpbPlayerManager] fgBpNeedStopPlayer pPlayer  0x1ab7f18 
E/CmpbPlayerManager(   96): [CmpbPlayerManager][CMPB_BP_CHECK_PLAYER] pPlayer  0x1ab7f18 
I/CmpbPlayerManager(   96): [CmpbPlayerManager] vCheckPlayer :0x1ab7f18
E/CmpbPlayer(   92): [CMPBPLAYER][ERROR][CmpbMgrThread]line:4602 ===========>: this 0x1ab7f18 need 0, mState=5
I/CmpbPlayer(   92): [CMPBPLAYER][INFO][MediaPbCallback]line:1874 IMTK_PB_CTRL_EVENT_CUR_TIME_UPDATE 164000 
D/dalvikvm( 1026): GC_CONCURRENT freed 1964K, 9% free 40132K/43783K, paused 2ms+6ms
D/dalvikvm( 1026): GC_CONCURRENT freed 2014K, 9% free 40166K/43783K, paused 2ms+6ms
I/CmpbPlayer(   92): [CMPBPLAYER][INFO][isPlaying]line:3679 cmpb_isPlaying = 1, mSeekDoneNeedPlay = 0, m_bProtocolPlayerUsed=0 
V/MediaPlayerService(   92): [34] isPlaying: 1
V/MediaPlayer( 1026): isPlaying: 1
I/CmpbPlayer(   92): [CMPBPLAYER][INFO][isPlaying]line:3679 cmpb_isPlaying = 1, mSeekDoneNeedPlay = 0, m_bProtocolPlayerUsed=0 
V/MediaPlayerService(   92): [34] isPlaying: 1
V/MediaPlayer( 1026): isPlaying: 1
V/MediaPlayer( 1026): getCurrentPosition
V/MediaPlayerService(   92): getCurrentPosition
D/CmpbPlayer(   92): [CMPBPLAYER][DEBUG][getCurrentPosition]line:3854 Current time(0xbea869d4, 164000)!
V/MediaPlayerService(   92): [34] getCurrentPosition = 164000
V/MediaPlayer( 1026): getDuration
V/MediaPlayer( 1026): getDuration
V/MediaPlayer( 1026): getDuration
V/MediaPlayer( 1026): getDuration
V/MediaPlayer( 1026): getDuration
D/dalvikvm( 1026): GC_CONCURRENT freed 2028K, 9% free 40154K/43783K, paused 2ms+8ms
I/CmpbPlayer(   92): [CMPBPLAYER][INFO][MediaPbCallback]line:1874 IMTK_PB_CTRL_EVENT_CUR_TIME_UPDATE 165000 
D/HomePlayerLib( 1026): hostaddress count is 1
D/dalvikvm( 1026): GC_CONCURRENT freed 2065K, 9% free 40137K/43783K, paused 2ms+8ms
D/dalvikvm( 1026): GC_CONCURRENT freed 2009K, 9% free 40175K/43783K, paused 2ms+7ms
I/CmpbPlayer(   92): [CMPBPLAYER][INFO][isPlaying]line:3679 cmpb_isPlaying = 1, mSeekDoneNeedPlay = 0, m_bProtocolPlayerUsed=0 
V/MediaPlayerService(   92): [34] isPlaying: 1
V/MediaPlayer( 1026): isPlaying: 1
I/CmpbPlayer(   92): [CMPBPLAYER][INFO][isPlaying]line:3679 cmpb_isPlaying = 1, mSeekDoneNeedPlay = 0, m_bProtocolPlayerUsed=0 
V/MediaPlayerService(   92): [34] isPlaying: 1
V/MediaPlayer( 1026): isPlaying: 1
V/MediaPlayer( 1026): getCurrentPosition
V/MediaPlayerService(   92): getCurrentPosition
D/CmpbPlayer(   92): [CMPBPLAYER][DEBUG][getCurrentPosition]line:3854 Current time(0x423c1d54, 165000)!
V/MediaPlayerService(   92): [34] getCurrentPosition = 165000
V/MediaPlayer( 1026): getDuration
V/MediaPlayer( 1026): getDuration
V/MediaPlayer( 1026): getDuration
V/MediaPlayer( 1026): getDuration
V/MediaPlayer( 1026): getDuration
E/CmpbPlayerManager(   92): [CmpbPlayerManager] Found media.playermanager, LINE 970 
E/CmpbPlayerManager(   92): [CmpbPlayerManager] fgBpNeedStopPlayer pPlayer  0x1ab7f18 
E/CmpbPlayerManager(   96): [CmpbPlayerManager][CMPB_BP_CHECK_PLAYER] pPlayer  0x1ab7f18 
I/CmpbPlayerManager(   96): [CmpbPlayerManager] vCheckPlayer :0x1ab7f18
E/CmpbPlayer(   92): [CMPBPLAYER][ERROR][CmpbMgrThread]line:4602 ===========>: this 0x1ab7f18 need 0, mState=5
I/CmpbPlayer(   92): [CMPBPLAYER][INFO][MediaPbCallback]line:1874 IMTK_PB_CTRL_EVENT_CUR_TIME_UPDATE 166000 
D/dalvikvm( 1026): GC_CONCURRENT freed 1971K, 9% free 40145K/43783K, paused 2ms+5ms
I/CmpbPlayer(   92): [CMPBPLAYER][INFO][isPlaying]line:3679 cmpb_isPlaying = 1, mSeekDoneNeedPlay = 0, m_bProtocolPlayerUsed=0 
V/MediaPlayerService(   92): [34] isPlaying: 1
V/MediaPlayer( 1026): isPlaying: 1
I/CmpbPlayer(   92): [CMPBPLAYER][INFO][isPlaying]line:3679 cmpb_isPlaying = 1, mSeekDoneNeedPlay = 0, m_bProtocolPlayerUsed=0 
V/MediaPlayerService(   92): [34] isPlaying: 1
V/MediaPlayer( 1026): isPlaying: 1
V/MediaPlayer( 1026): getCurrentPosition
V/MediaPlayerService(   92): getCurrentPosition
D/CmpbPlayer(   92): [CMPBPLAYER][DEBUG][getCurrentPosition]line:3854 Current time(0x41ad8d54, 166000)!
V/MediaPlayerService(   92): [34] getCurrentPosition = 166000
V/MediaPlayer( 1026): getDuration
V/MediaPlayer( 1026): getDuration
V/MediaPlayer( 1026): getDuration
V/MediaPlayer( 1026): getDuration
V/MediaPlayer( 1026): getDuration
I/CmpbPlayer(   92): [CMPBPLAYER][INFO][MediaPbCallback]line:1874 IMTK_PB_CTRL_EVENT_CUR_TIME_UPDATE 167000 
D/dalvikvm( 1026): GC_CONCURRENT freed 2007K, 9% free 40179K/43783K, paused 2ms+5ms
D/dalvikvm( 1026): GC_CONCURRENT freed 2060K, 9% free 40164K/43783K, paused 2ms+5ms
I/CmpbPlayer(   92): [CMPBPLAYER][INFO][isPlaying]line:3679 cmpb_isPlaying = 1, mSeekDoneNeedPlay = 0, m_bProtocolPlayerUsed=0 
V/MediaPlayerService(   92): [34] isPlaying: 1
V/MediaPlayer( 1026): isPlaying: 1
I/CmpbPlayer(   92): [CMPBPLAYER][INFO][isPlaying]line:3679 cmpb_isPlaying = 1, mSeekDoneNeedPlay = 0, m_bProtocolPlayerUsed=0 
V/MediaPlayerService(   92): [34] isPlaying: 1
V/MediaPlayer( 1026): isPlaying: 1
V/MediaPlayer( 1026): getCurrentPosition
V/MediaPlayerService(   92): getCurrentPosition
D/CmpbPlayer(   92): [CMPBPLAYER][DEBUG][getCurrentPosition]line:3854 Current time(0x41338d54, 167000)!
V/MediaPlayerService(   92): [34] getCurrentPosition = 167000
V/MediaPlayer( 1026): getDuration
V/MediaPlayer( 1026): getDuration
V/MediaPlayer( 1026): getDuration
V/MediaPlayer( 1026): getDuration
V/MediaPlayer( 1026): getDuration
E/CmpbPlayerManager(   92): [CmpbPlayerManager] Found media.playermanager, LINE 970 
E/CmpbPlayerManager(   92): [CmpbPlayerManager] fgBpNeedStopPlayer pPlayer  0x1ab7f18 
E/CmpbPlayerManager(   96): [CmpbPlayerManager][CMPB_BP_CHECK_PLAYER] pPlayer  0x1ab7f18 
I/CmpbPlayerManager(   96): [CmpbPlayerManager] vCheckPlayer :0x1ab7f18
E/CmpbPlayer(   92): [CMPBPLAYER][ERROR][CmpbMgrThread]line:4602 ===========>: this 0x1ab7f18 need 0, mState=5
I/CmpbPlayer(   92): [CMPBPLAYER][INFO][MediaPbCallback]line:1874 IMTK_PB_CTRL_EVENT_CUR_TIME_UPDATE 168000 
D/dalvikvm( 1026): GC_CONCURRENT freed 2066K, 9% free 40134K/43783K, paused 2ms+7ms
I/CmpbPlayer(   92): [CMPBPLAYER][INFO][isPlaying]line:3679 cmpb_isPlaying = 1, mSeekDoneNeedPlay = 0, m_bProtocolPlayerUsed=0 
V/MediaPlayerService(   92): [34] isPlaying: 1
V/MediaPlayer( 1026): isPlaying: 1
I/CmpbPlayer(   92): [CMPBPLAYER][INFO][isPlaying]line:3679 cmpb_isPlaying = 1, mSeekDoneNeedPlay = 0, m_bProtocolPlayerUsed=0 
V/MediaPlayerService(   92): [34] isPlaying: 1
V/MediaPlayer( 1026): isPlaying: 1
V/MediaPlayer( 1026): getCurrentPosition
V/MediaPlayerService(   92): getCurrentPosition
D/CmpbPlayer(   92): [CMPBPLAYER][DEBUG][getCurrentPosition]line:3854 Current time(0xbea869d4, 168000)!
V/MediaPlayerService(   92): [34] getCurrentPosition = 168000
V/MediaPlayer( 1026): getDuration
V/MediaPlayer( 1026): getDuration
V/MediaPlayer( 1026): getDuration
V/MediaPlayer( 1026): getDuration
V/MediaPlayer( 1026): getDuration
I/CmpbPlayer(   92): [CMPBPLAYER][INFO][MediaPbCallback]line:1874 IMTK_PB_CTRL_EVENT_CUR_TIME_UPDATE 169000 
I/CmpbPlayer(   92): [CMPBPLAYER][INFO][isPlaying]line:3679 cmpb_isPlaying = 1, mSeekDoneNeedPlay = 0, m_bProtocolPlayerUsed=0 
V/MediaPlayerService(   92): [34] isPlaying: 1
V/MediaPlayer( 1026): isPlaying: 1
I/CmpbPlayer(   92): [CMPBPLAYER][INFO][isPlaying]line:3679 cmpb_isPlaying = 1, mSeekDoneNeedPlay = 0, m_bProtocolPlayerUsed=0 
V/MediaPlayerService(   92): [34] isPlaying: 1
V/MediaPlayer( 1026): isPlaying: 1
V/MediaPlayer( 1026): getCurrentPosition
V/MediaPlayerService(   92): getCurrentPosition
D/CmpbPlayer(   92): [CMPBPLAYER][DEBUG][getCurrentPosition]line:3854 Current time(0x423c1d54, 169000)!
V/MediaPlayerService(   92): [34] getCurrentPosition = 169000
V/MediaPlayer( 1026): getDuration
V/MediaPlayer( 1026): getDuration
V/MediaPlayer( 1026): getDuration
V/MediaPlayer( 1026): getDuration
V/MediaPlayer( 1026): getDuration
E/CmpbPlayerManager(   92): [CmpbPlayerManager] Found media.playermanager, LINE 970 
E/CmpbPlayerManager(   92): [CmpbPlayerManager] fgBpNeedStopPlayer pPlayer  0x1ab7f18 
E/CmpbPlayerManager(   96): [CmpbPlayerManager][CMPB_BP_CHECK_PLAYER] pPlayer  0x1ab7f18 
I/CmpbPlayerManager(   96): [CmpbPlayerManager] vCheckPlayer :0x1ab7f18
E/CmpbPlayer(   92): [CMPBPLAYER][ERROR][CmpbMgrThread]line:4602 ===========>: this 0x1ab7f18 need 0, mState=5
I/CmpbPlayer(   92): [CMPBPLAYER][INFO][MediaPbCallback]line:1874 IMTK_PB_CTRL_EVENT_CUR_TIME_UPDATE 170000 
E/NetlinkListener(   87): recvmsg mBuffer:
E/NetlinkListener(   87):  (?)
I/CmpbPlayer(   92): [CMPBPLAYER][INFO][isPlaying]line:3679 cmpb_isPlaying = 1, mSeekDoneNeedPlay = 0, m_bProtocolPlayerUsed=0 
V/MediaPlayerService(   92): [34] isPlaying: 1
V/MediaPlayer( 1026): isPlaying: 1
I/CmpbPlayer(   92): [CMPBPLAYER][INFO][isPlaying]line:3679 cmpb_isPlaying = 1, mSeekDoneNeedPlay = 0, m_bProtocolPlayerUsed=0 
V/MediaPlayerService(   92): [34] isPlaying: 1
V/MediaPlayer( 1026): isPlaying: 1
V/MediaPlayer( 1026): getCurrentPosition
V/MediaPlayerService(   92): getCurrentPosition
D/CmpbPlayer(   92): [CMPBPLAYER][DEBUG][getCurrentPosition]line:3854 Current time(0x41ad8d54, 170000)!
V/MediaPlayerService(   92): [34] getCurrentPosition = 170000
V/MediaPlayer( 1026): getDuration
V/MediaPlayer( 1026): getDuration
V/MediaPlayer( 1026): getDuration
V/MediaPlayer( 1026): getDuration
V/MediaPlayer( 1026): getDuration
I/CmpbPlayer(   92): [CMPBPLAYER][INFO][MediaPbCallback]line:1874 IMTK_PB_CTRL_EVENT_CUR_TIME_UPDATE 171000 
E/NetlinkListener(   87): recvmsg mBuffer:
E/NetlinkListener(   87):  (?)
I/CmpbPlayer(   92): [CMPBPLAYER][INFO][isPlaying]line:3679 cmpb_isPlaying = 1, mSeekDoneNeedPlay = 0, m_bProtocolPlayerUsed=0 
V/MediaPlayerService(   92): [34] isPlaying: 1
V/MediaPlayer( 1026): isPlaying: 1
I/CmpbPlayer(   92): [CMPBPLAYER][INFO][isPlaying]line:3679 cmpb_isPlaying = 1, mSeekDoneNeedPlay = 0, m_bProtocolPlayerUsed=0 
V/MediaPlayerService(   92): [34] isPlaying: 1
V/MediaPlayer( 1026): isPlaying: 1
V/MediaPlayer( 1026): getCurrentPosition
V/MediaPlayerService(   92): getCurrentPosition
D/CmpbPlayer(   92): [CMPBPLAYER][DEBUG][getCurrentPosition]line:3854 Current time(0x41338d54, 171000)!
V/MediaPlayerService(   92): [34] getCurrentPosition = 171000
V/MediaPlayer( 1026): getDuration
V/MediaPlayer( 1026): getDuration
V/MediaPlayer( 1026): getDuration
V/MediaPlayer( 1026): getDuration
V/MediaPlayer( 1026): getDuration
E/CmpbPlayerManager(   92): [CmpbPlayerManager] Found media.playermanager, LINE 970 
E/CmpbPlayerManager(   92): [CmpbPlayerManager] fgBpNeedStopPlayer pPlayer  0x1ab7f18 
E/CmpbPlayerManager(   96): [CmpbPlayerManager][CMPB_BP_CHECK_PLAYER] pPlayer  0x1ab7f18 
I/CmpbPlayerManager(   96): [CmpbPlayerManager] vCheckPlayer :0x1ab7f18
E/CmpbPlayer(   92): [CMPBPLAYER][ERROR][CmpbMgrThread]line:4602 ===========>: this 0x1ab7f18 need 0, mState=5
I/CmpbPlayer(   92): [CMPBPLAYER][INFO][MediaPbCallback]line:1874 IMTK_PB_CTRL_EVENT_CUR_TIME_UPDATE 172000 
I/CmpbPlayer(   92): [CMPBPLAYER][INFO][isPlaying]line:3679 cmpb_isPlaying = 1, mSeekDoneNeedPlay = 0, m_bProtocolPlayerUsed=0 
V/MediaPlayerService(   92): [34] isPlaying: 1
V/MediaPlayer( 1026): isPlaying: 1
I/CmpbPlayer(   92): [CMPBPLAYER][INFO][isPlaying]line:3679 cmpb_isPlaying = 1, mSeekDoneNeedPlay = 0, m_bProtocolPlayerUsed=0 
V/MediaPlayerService(   92): [34] isPlaying: 1
V/MediaPlayer( 1026): isPlaying: 1
V/MediaPlayer( 1026): getCurrentPosition
V/MediaPlayerService(   92): getCurrentPosition
D/CmpbPlayer(   92): [CMPBPLAYER][DEBUG][getCurrentPosition]line:3854 Current time(0xbea869d4, 172000)!
V/MediaPlayerService(   92): [34] getCurrentPosition = 172000
V/MediaPlayer( 1026): getDuration
V/MediaPlayer( 1026): getDuration
V/MediaPlayer( 1026): getDuration
V/MediaPlayer( 1026): getDuration
V/MediaPlayer( 1026): getDuration
D/dalvikvm( 1026): GC_CONCURRENT freed 1988K, 9% free 40195K/43783K, paused 2ms+7ms
I/CmpbPlayer(   92): [CMPBPLAYER][INFO][MediaPbCallback]line:1874 IMTK_PB_CTRL_EVENT_CUR_TIME_UPDATE 173000 
D/dalvikvm( 1026): GC_CONCURRENT freed 2023K, 9% free 40177K/43783K, paused 2ms+6ms
D/dalvikvm( 1026): GC_CONCURRENT freed 2056K, 9% free 40165K/43783K, paused 2ms+7ms
I/CmpbPlayer(   92): [CMPBPLAYER][INFO][isPlaying]line:3679 cmpb_isPlaying = 1, mSeekDoneNeedPlay = 0, m_bProtocolPlayerUsed=0 
V/MediaPlayerService(   92): [34] isPlaying: 1
V/MediaPlayer( 1026): isPlaying: 1
I/CmpbPlayer(   92): [CMPBPLAYER][INFO][isPlaying]line:3679 cmpb_isPlaying = 1, mSeekDoneNeedPlay = 0, m_bProtocolPlayerUsed=0 
V/MediaPlayerService(   92): [34] isPlaying: 1
V/MediaPlayer( 1026): isPlaying: 1
V/MediaPlayer( 1026): getCurrentPosition
V/MediaPlayerService(   92): getCurrentPosition
D/CmpbPlayer(   92): [CMPBPLAYER][DEBUG][getCurrentPosition]line:3854 Current time(0x423c1d54, 173000)!
V/MediaPlayerService(   92): [34] getCurrentPosition = 173000
V/MediaPlayer( 1026): getDuration
V/MediaPlayer( 1026): getDuration
V/MediaPlayer( 1026): getDuration
V/MediaPlayer( 1026): getDuration
V/MediaPlayer( 1026): getDuration
E/CmpbPlayerManager(   92): [CmpbPlayerManager] Found media.playermanager, LINE 970 
E/CmpbPlayerManager(   92): [CmpbPlayerManager] fgBpNeedStopPlayer pPlayer  0x1ab7f18 
E/CmpbPlayerManager(   96): [CmpbPlayerManager][CMPB_BP_CHECK_PLAYER] pPlayer  0x1ab7f18 
I/CmpbPlayerManager(   96): [CmpbPlayerManager] vCheckPlayer :0x1ab7f18
E/CmpbPlayer(   92): [CMPBPLAYER][ERROR][CmpbMgrThread]line:4602 ===========>: this 0x1ab7f18 need 0, mState=5
I/CmpbPlayer(   92): [CMPBPLAYER][INFO][MediaPbCallback]line:1874 IMTK_PB_CTRL_EVENT_CUR_TIME_UPDATE 174000 
D/dalvikvm( 1026): GC_CONCURRENT freed 2070K, 9% free 40143K/43783K, paused 2ms+6ms
D/dalvikvm( 1026): GC_CONCURRENT freed 2012K, 9% free 40170K/43783K, paused 1ms+8ms
I/CmpbPlayer(   92): [CMPBPLAYER][INFO][isPlaying]line:3679 cmpb_isPlaying = 1, mSeekDoneNeedPlay = 0, m_bProtocolPlayerUsed=0 
V/MediaPlayerService(   92): [34] isPlaying: 1
V/MediaPlayer( 1026): isPlaying: 1
I/CmpbPlayer(   92): [CMPBPLAYER][INFO][isPlaying]line:3679 cmpb_isPlaying = 1, mSeekDoneNeedPlay = 0, m_bProtocolPlayerUsed=0 
V/MediaPlayerService(   92): [34] isPlaying: 1
V/MediaPlayer( 1026): isPlaying: 1
V/MediaPlayer( 1026): getCurrentPosition
V/MediaPlayerService(   92): getCurrentPosition
D/CmpbPlayer(   92): [CMPBPLAYER][DEBUG][getCurrentPosition]line:3854 Current time(0x41ad8d54, 174000)!
V/MediaPlayerService(   92): [34] getCurrentPosition = 174000
V/MediaPlayer( 1026): getDuration
V/MediaPlayer( 1026): getDuration
V/MediaPlayer( 1026): getDuration
V/MediaPlayer( 1026): getDuration
V/MediaPlayer( 1026): getDuration
I/CmpbPlayer(   92): [CMPBPLAYER][INFO][MediaPbCallback]line:1874 IMTK_PB_CTRL_EVENT_CUR_TIME_UPDATE 175000 
D/dalvikvm( 1026): GC_CONCURRENT freed 2011K, 9% free 40148K/43783K, paused 2ms+7ms
I/CmpbPlayer(   92): [CMPBPLAYER][INFO][isPlaying]line:3679 cmpb_isPlaying = 1, mSeekDoneNeedPlay = 0, m_bProtocolPlayerUsed=0 
V/MediaPlayerService(   92): [34] isPlaying: 1
V/MediaPlayer( 1026): isPlaying: 1
I/CmpbPlayer(   92): [CMPBPLAYER][INFO][isPlaying]line:3679 cmpb_isPlaying = 1, mSeekDoneNeedPlay = 0, m_bProtocolPlayerUsed=0 
V/MediaPlayerService(   92): [34] isPlaying: 1
V/MediaPlayer( 1026): isPlaying: 1
V/MediaPlayer( 1026): getCurrentPosition
V/MediaPlayerService(   92): getCurrentPosition
D/CmpbPlayer(   92): [CMPBPLAYER][DEBUG][getCurrentPosition]line:3854 Current time(0x41338d54, 175000)!
V/MediaPlayerService(   92): [34] getCurrentPosition = 175000
V/MediaPlayer( 1026): getDuration
V/MediaPlayer( 1026): getDuration
V/MediaPlayer( 1026): getDuration
V/MediaPlayer( 1026): getDuration
V/MediaPlayer( 1026): getDuration
E/CmpbPlayerManager(   92): [CmpbPlayerManager] Found media.playermanager, LINE 970 
E/CmpbPlayerManager(   92): [CmpbPlayerManager] fgBpNeedStopPlayer pPlayer  0x1ab7f18 
E/CmpbPlayerManager(   96): [CmpbPlayerManager][CMPB_BP_CHECK_PLAYER] pPlayer  0x1ab7f18 
I/CmpbPlayerManager(   96): [CmpbPlayerManager] vCheckPlayer :0x1ab7f18
E/CmpbPlayer(   92): [CMPBPLAYER][ERROR][CmpbMgrThread]line:4602 ===========>: this 0x1ab7f18 need 0, mState=5
D/HomePlayerLib( 1026): hostaddress count is 1
D/dalvikvm( 1026): GC_CONCURRENT freed 2051K, 9% free 40144K/43783K, paused 2ms+6ms
I/CmpbPlayer(   92): [CMPBPLAYER][INFO][MediaPbCallback]line:1874 IMTK_PB_CTRL_EVENT_CUR_TIME_UPDATE 176000 
D/dalvikvm( 1026): GC_CONCURRENT freed 2021K, 9% free 40170K/43783K, paused 1ms+9ms
I/CmpbPlayer(   92): [CMPBPLAYER][INFO][isPlaying]line:3679 cmpb_isPlaying = 1, mSeekDoneNeedPlay = 0, m_bProtocolPlayerUsed=0 
V/MediaPlayerService(   92): [34] isPlaying: 1
V/MediaPlayer( 1026): isPlaying: 1
I/CmpbPlayer(   92): [CMPBPLAYER][INFO][isPlaying]line:3679 cmpb_isPlaying = 1, mSeekDoneNeedPlay = 0, m_bProtocolPlayerUsed=0 
V/MediaPlayerService(   92): [34] isPlaying: 1
V/MediaPlayer( 1026): isPlaying: 1
V/MediaPlayer( 1026): getCurrentPosition
V/MediaPlayerService(   92): getCurrentPosition
D/CmpbPlayer(   92): [CMPBPLAYER][DEBUG][getCurrentPosition]line:3854 Current time(0xbea869d4, 176000)!
V/MediaPlayerService(   92): [34] getCurrentPosition = 176000
V/MediaPlayer( 1026): getDuration
V/MediaPlayer( 1026): getDuration
V/MediaPlayer( 1026): getDuration
V/MediaPlayer( 1026): getDuration
V/MediaPlayer( 1026): getDuration
D/dalvikvm( 1026): GC_CONCURRENT freed 2069K, 9% free 40143K/43783K, paused 2ms+4ms
I/CmpbPlayer(   92): [CMPBPLAYER][INFO][MediaPbCallback]line:1874 IMTK_PB_CTRL_EVENT_CUR_TIME_UPDATE 177000 
I/CmpbPlayer(   92): [CMPBPLAYER][INFO][isPlaying]line:3679 cmpb_isPlaying = 1, mSeekDoneNeedPlay = 0, m_bProtocolPlayerUsed=0 
V/MediaPlayerService(   92): [34] isPlaying: 1
V/MediaPlayer( 1026): isPlaying: 1
I/CmpbPlayer(   92): [CMPBPLAYER][INFO][isPlaying]line:3679 cmpb_isPlaying = 1, mSeekDoneNeedPlay = 0, m_bProtocolPlayerUsed=0 
V/MediaPlayerService(   92): [34] isPlaying: 1
V/MediaPlayer( 1026): isPlaying: 1
V/MediaPlayer( 1026): getCurrentPosition
V/MediaPlayerService(   92): getCurrentPosition
D/CmpbPlayer(   92): [CMPBPLAYER][DEBUG][getCurrentPosition]line:3854 Current time(0x423c1d54, 177000)!
V/MediaPlayerService(   92): [34] getCurrentPosition = 177000
V/MediaPlayer( 1026): getDuration
V/MediaPlayer( 1026): getDuration
V/MediaPlayer( 1026): getDuration
V/MediaPlayer( 1026): getDuration
V/MediaPlayer( 1026): getDuration
E/CmpbPlayerManager(   92): [CmpbPlayerManager] Found media.playermanager, LINE 970 
E/CmpbPlayerManager(   92): [CmpbPlayerManager] fgBpNeedStopPlayer pPlayer  0x1ab7f18 
E/CmpbPlayerManager(   96): [CmpbPlayerManager][CMPB_BP_CHECK_PLAYER] pPlayer  0x1ab7f18 
I/CmpbPlayerManager(   96): [CmpbPlayerManager] vCheckPlayer :0x1ab7f18
E/CmpbPlayer(   92): [CMPBPLAYER][ERROR][CmpbMgrThread]line:4602 ===========>: this 0x1ab7f18 need 0, mState=5
I/CmpbPlayer(   92): [CMPBPLAYER][INFO][MediaPbCallback]line:1874 IMTK_PB_CTRL_EVENT_CUR_TIME_UPDATE 178000 
D/dalvikvm( 1026): GC_CONCURRENT freed 2007K, 9% free 40169K/43783K, paused 2ms+7ms
D/dalvikvm( 1026): GC_CONCURRENT freed 2062K, 9% free 40151K/43783K, paused 2ms+5ms
I/CmpbPlayer(   92): [CMPBPLAYER][INFO][isPlaying]line:3679 cmpb_isPlaying = 1, mSeekDoneNeedPlay = 0, m_bProtocolPlayerUsed=0 
V/MediaPlayerService(   92): [34] isPlaying: 1
V/MediaPlayer( 1026): isPlaying: 1
I/CmpbPlayer(   92): [CMPBPLAYER][INFO][isPlaying]line:3679 cmpb_isPlaying = 1, mSeekDoneNeedPlay = 0, m_bProtocolPlayerUsed=0 
V/MediaPlayerService(   92): [34] isPlaying: 1
V/MediaPlayer( 1026): isPlaying: 1
V/MediaPlayer( 1026): getCurrentPosition
V/MediaPlayerService(   92): getCurrentPosition
D/CmpbPlayer(   92): [CMPBPLAYER][DEBUG][getCurrentPosition]line:3854 Current time(0x41ad8d54, 178000)!
V/MediaPlayerService(   92): [34] getCurrentPosition = 178000
V/MediaPlayer( 1026): getDuration
V/MediaPlayer( 1026): getDuration
V/MediaPlayer( 1026): getDuration
V/MediaPlayer( 1026): getDuration
V/MediaPlayer( 1026): getDuration
I/CmpbPlayer(   92): [CMPBPLAYER][INFO][MediaPbCallback]line:1874 IMTK_PB_CTRL_EVENT_CUR_TIME_UPDATE 179000 
E/NetlinkListener(   87): recvmsg mBuffer:
E/NetlinkListener(   87):  (?)
I/CmpbPlayer(   92): [CMPBPLAYER][INFO][isPlaying]line:3679 cmpb_isPlaying = 1, mSeekDoneNeedPlay = 0, m_bProtocolPlayerUsed=0 
V/MediaPlayerService(   92): [34] isPlaying: 1
V/MediaPlayer( 1026): isPlaying: 1
I/CmpbPlayer(   92): [CMPBPLAYER][INFO][isPlaying]line:3679 cmpb_isPlaying = 1, mSeekDoneNeedPlay = 0, m_bProtocolPlayerUsed=0 
V/MediaPlayerService(   92): [34] isPlaying: 1
V/MediaPlayer( 1026): isPlaying: 1
V/MediaPlayer( 1026): getCurrentPosition
V/MediaPlayerService(   92): getCurrentPosition
D/CmpbPlayer(   92): [CMPBPLAYER][DEBUG][getCurrentPosition]line:3854 Current time(0x41338d54, 179000)!
V/MediaPlayerService(   92): [34] getCurrentPosition = 179000
V/MediaPlayer( 1026): getDuration
V/MediaPlayer( 1026): getDuration
V/MediaPlayer( 1026): getDuration
V/MediaPlayer( 1026): getDuration
V/MediaPlayer( 1026): getDuration
E/CmpbPlayerManager(   92): [CmpbPlayerManager] Found media.playermanager, LINE 970 
E/CmpbPlayerManager(   92): [CmpbPlayerManager] fgBpNeedStopPlayer pPlayer  0x1ab7f18 
E/CmpbPlayerManager(   96): [CmpbPlayerManager][CMPB_BP_CHECK_PLAYER] pPlayer  0x1ab7f18 
I/CmpbPlayerManager(   96): [CmpbPlayerManager] vCheckPlayer :0x1ab7f18
E/CmpbPlayer(   92): [CMPBPLAYER][ERROR][CmpbMgrThread]line:4602 ===========>: this 0x1ab7f18 need 0, mState=5
I/CmpbPlayer(   92): [CMPBPLAYER][INFO][MediaPbCallback]line:1874 IMTK_PB_CTRL_EVENT_CUR_TIME_UPDATE 180000 
E/NetlinkListener(   87): recvmsg mBuffer:
E/NetlinkListener(   87):  (?)
I/CmpbPlayer(   92): [CMPBPLAYER][INFO][isPlaying]line:3679 cmpb_isPlaying = 1, mSeekDoneNeedPlay = 0, m_bProtocolPlayerUsed=0 
V/MediaPlayerService(   92): [34] isPlaying: 1
V/MediaPlayer( 1026): isPlaying: 1
I/CmpbPlayer(   92): [CMPBPLAYER][INFO][isPlaying]line:3679 cmpb_isPlaying = 1, mSeekDoneNeedPlay = 0, m_bProtocolPlayerUsed=0 
V/MediaPlayerService(   92): [34] isPlaying: 1
V/MediaPlayer( 1026): isPlaying: 1
V/MediaPlayer( 1026): getCurrentPosition
V/MediaPlayerService(   92): getCurrentPosition
D/CmpbPlayer(   92): [CMPBPLAYER][DEBUG][getCurrentPosition]line:3854 Current time(0xbea869d4, 180000)!
V/MediaPlayerService(   92): [34] getCurrentPosition = 180000
V/MediaPlayer( 1026): getDuration
V/MediaPlayer( 1026): getDuration
V/MediaPlayer( 1026): getDuration
V/MediaPlayer( 1026): getDuration
V/MediaPlayer( 1026): getDuration
I/CmpbPlayer(   92): [CMPBPLAYER][INFO][MediaPbCallback]line:1874 IMTK_PB_CTRL_EVENT_CUR_TIME_UPDATE 181000 
I/CmpbPlayer(   92): [CMPBPLAYER][INFO][isPlaying]line:3679 cmpb_isPlaying = 1, mSeekDoneNeedPlay = 0, m_bProtocolPlayerUsed=0 
V/MediaPlayerService(   92): [34] isPlaying: 1
V/MediaPlayer( 1026): isPlaying: 1
I/CmpbPlayer(   92): [CMPBPLAYER][INFO][isPlaying]line:3679 cmpb_isPlaying = 1, mSeekDoneNeedPlay = 0, m_bProtocolPlayerUsed=0 
V/MediaPlayerService(   92): [34] isPlaying: 1
V/MediaPlayer( 1026): isPlaying: 1
V/MediaPlayer( 1026): getCurrentPosition
V/MediaPlayerService(   92): getCurrentPosition
