D/StatusBar.NetworkController(  532): ------------------mEthernetConnected is  ----------false
D/StatusBar.NetworkController(  532): ------------------EthernetManager is on 11-11-11-11-11----------
D/StatusBar.NetworkController(  532): ------------------EthernetManager is on 13-13-13-13-13-13----------
D/StatusBar.NetworkController(  532): ------------------EthernetManager is on ----------
D/StatusBar.NetworkController(  532): ------------------getLinkStatus ----------
D/StatusBar.NetworkController(  532): ------------------mEthernetConnected is  ----------false
D/StatusBar.NetworkController(  532): ------------------EthernetManager is on 11-11-11-11-11----------
D/StatusBar.NetworkController(  532): ------------------EthernetManager is on 13-13-13-13-13-13----------
D/StatusBar.NetworkController(  532): ------------------EthernetManager is on ----------
D/StatusBar.NetworkController(  532): ------------------getLinkStatus ----------
D/StatusBar.NetworkController(  532): ------------------mEthernetConnected is  ----------false
D/StatusBar.NetworkController(  532): ------------------EthernetManager is on 11-11-11-11-11----------
D/StatusBar.NetworkController(  532): ------------------EthernetManager is on 13-13-13-13-13-13----------
D/StatusBar.NetworkController(  532): ------------------EthernetManager is on ----------
D/StatusBar.NetworkController(  532): ------------------getLinkStatus ----------
D/StatusBar.NetworkController(  532): ------------------mEthernetConnected is  ----------false
D/StatusBar.NetworkController(  532): ------------------EthernetManager is on 11-11-11-11-11----------
D/StatusBar.NetworkController(  532): ------------------EthernetManager is on 13-13-13-13-13-13----------
D/StatusBar.NetworkController(  532): ------------------EthernetManager is on ----------
D/StatusBar.NetworkController(  532): ------------------getLinkStatus ----------
D/StatusBar.NetworkController(  532): ------------------mEthernetConnected is  ----------false
D/StatusBar.NetworkController(  532): ------------------EthernetManager is on 11-11-11-11-11----------
D/StatusBar.NetworkController(  532): ------------------EthernetManager is on 13-13-13-13-13-13----------
D/StatusBar.NetworkController(  532): ------------------EthernetManager is on ----------
D/StatusBar.NetworkController(  532): ------------------getLinkStatus ----------
D/StatusBar.NetworkController(  532): ------------------mEthernetConnected is  ----------false
D/StatusBar.NetworkController(  532): ------------------EthernetManager is on 11-11-11-11-11----------
D/StatusBar.NetworkController(  532): ------------------EthernetManager is on 13-13-13-13-13-13----------
D/StatusBar.NetworkController(  532): ------------------EthernetManager is on ----------
D/StatusBar.NetworkController(  532): ------------------getLinkStatus ----------
D/StatusBar.NetworkController(  532): ------------------mEthernetConnected is  ----------false
D/StatusBar.NetworkController(  532): ------------------EthernetManager is on 11-11-11-11-11----------
D/StatusBar.NetworkController(  532): ------------------EthernetManager is on 13-13-13-13-13-13----------
D/StatusBar.NetworkController(  532): ------------------EthernetManager is on ----------
D/StatusBar.NetworkController(  532): ------------------getLinkStatus ----------
D/StatusBar.NetworkController(  532): ------------------mEthernetConnected is  ----------false
D/StatusBar.NetworkController(  532): ------------------EthernetManager is on 11-11-11-11-11----------
D/StatusBar.NetworkController(  532): ------------------EthernetManager is on 13-13-13-13-13-13----------
D/StatusBar.NetworkController(  532): ------------------EthernetManager is on ----------
D/StatusBar.NetworkController(  532): ------------------getLinkStatus ----------
D/StatusBar.NetworkController(  532): ------------------mEthernetConnected is  ----------false
D/StatusBar.NetworkController(  532): ------------------EthernetManager is on 11-11-11-11-11----------
D/StatusBar.NetworkController(  532): ------------------EthernetManager is on 13-13-13-13-13-13----------
D/StatusBar.NetworkController(  532): ------------------EthernetManager is on ----------
D/StatusBar.NetworkController(  532): ------------------getLinkStatus ----------
D/StatusBar.NetworkController(  532): ------------------mEthernetConnected is  ----------false
D/StatusBar.NetworkController(  532): ------------------EthernetManager is on 11-11-11-11-11----------
D/StatusBar.NetworkController(  532): ------------------EthernetManager is on 13-13-13-13-13-13----------
D/StatusBar.NetworkController(  532): ------------------EthernetManager is on ----------
D/StatusBar.NetworkController(  532): ------------------getLinkStatus ----------
D/StatusBar.NetworkController(  532): ------------------mEthernetConnected is  ----------false
D/StatusBar.NetworkController(  532): ------------------EthernetManager is on 11-11-11-11-11----------
D/StatusBar.NetworkController(  532): ------------------EthernetManager is on 13-13-13-13-13-13----------
D/StatusBar.NetworkController(  532): ------------------EthernetManager is on ----------
D/StatusBar.NetworkController(  532): ------------------getLinkStatus ----------
D/StatusBar.NetworkController(  532): ------------------mEthernetConnected is  ----------false
D/StatusBar.NetworkController(  532): ------------------EthernetManager is on 11-11-11-11-11----------
D/StatusBar.NetworkController(  532): ------------------EthernetManager is on 13-13-13-13-13-13----------
D/StatusBar.NetworkController(  532): ------------------EthernetManager is on ----------
D/StatusBar.NetworkController(  532): ------------------getLinkStatus ----------
D/StatusBar.NetworkController(  532): ------------------mEthernetConnected is  ----------false
D/StatusBar.NetworkController(  532): ------------------EthernetManager is on 11-11-11-11-11----------
D/StatusBar.NetworkController(  532): ------------------EthernetManager is on 13-13-13-13-13-13----------
D/StatusBar.NetworkController(  532): ------------------EthernetManager is on ----------
D/StatusBar.NetworkController(  532): ------------------getLinkStatus ----------
D/StatusBar.NetworkController(  532): ------------------mEthernetConnected is  ----------false
D/StatusBar.NetworkController(  532): ------------------EthernetManager is on 11-11-11-11-11----------
D/StatusBar.NetworkController(  532): ------------------EthernetManager is on 13-13-13-13-13-13----------
D/StatusBar.NetworkController(  532): ------------------EthernetManager is on ----------
D/StatusBar.NetworkController(  532): ------------------getLinkStatus ----------
D/StatusBar.NetworkController(  532): ------------------mEthernetConnected is  ----------false
D/StatusBar.NetworkController(  532): ------------------EthernetManager is on 11-11-11-11-11----------
D/StatusBar.NetworkController(  532): ------------------EthernetManager is on 13-13-13-13-13-13----------
D/StatusBar.NetworkController(  532): ------------------EthernetManager is on ----------
D/StatusBar.NetworkController(  532): ------------------getLinkStatus ----------
D/StatusBar.NetworkController(  532): ------------------mEthernetConnected is  ----------false
D/StatusBar.NetworkController(  532): ------------------EthernetManager is on 11-11-11-11-11----------
D/StatusBar.NetworkController(  532): ------------------EthernetManager is on 13-13-13-13-13-13----------
D/StatusBar.NetworkController(  532): ------------------EthernetManager is on ----------
D/StatusBar.NetworkController(  532): ------------------getLinkStatus ----------
D/StatusBar.NetworkController(  532): ------------------mEthernetConnected is  ----------false
D/StatusBar.NetworkController(  532): ------------------EthernetManager is on 11-11-11-11-11----------
D/StatusBar.NetworkController(  532): ------------------EthernetManager is on 13-13-13-13-13-13----------
D/StatusBar.NetworkController(  532): ------------------EthernetManager is on ----------
D/StatusBar.NetworkController(  532): ------------------getLinkStatus ----------
D/StatusBar.NetworkController(  532): ------------------mEthernetConnected is  ----------false
D/StatusBar.NetworkController(  532): ------------------EthernetManager is on 11-11-11-11-11----------
D/StatusBar.NetworkController(  532): ------------------EthernetManager is on 13-13-13-13-13-13----------
D/StatusBar.NetworkController(  532): ------------------EthernetManager is on ----------
D/StatusBar.NetworkController(  532): ------------------getLinkStatus ----------
D/StatusBar.NetworkController(  532): ------------------mEthernetConnected is  ----------false
D/StatusBar.NetworkController(  532): ------------------EthernetManager is on 11-11-11-11-11----------
D/StatusBar.NetworkController(  532): ------------------EthernetManager is on 13-13-13-13-13-13----------
D/StatusBar.NetworkController(  532): ------------------EthernetManager is on ----------
D/StatusBar.NetworkController(  532): ------------------getLinkStatus ----------
D/StatusBar.NetworkController(  532): ------------------mEthernetConnected is  ----------false
D/StatusBar.NetworkController(  532): ------------------EthernetManager is on 11-11-11-11-11----------
D/StatusBar.NetworkController(  532): ------------------EthernetManager is on 13-13-13-13-13-13----------
D/StatusBar.NetworkController(  532): ------------------EthernetManager is on ----------
D/StatusBar.NetworkController(  532): ------------------getLinkStatus ----------
D/StatusBar.NetworkController(  532): ------------------mEthernetConnected is  ----------false
D/StatusBar.NetworkController(  532): ------------------EthernetManager is on 11-11-11-11-11----------
D/StatusBar.NetworkController(  532): ------------------EthernetManager is on 13-13-13-13-13-13----------
D/StatusBar.NetworkController(  532): ------------------EthernetManager is on ----------
D/StatusBar.NetworkController(  532): ------------------getLinkStatus ----------
D/StatusBar.NetworkController(  532): ------------------mEthernetConnected is  ----------false
D/StatusBar.NetworkController(  532): ------------------EthernetManager is on 11-11-11-11-11----------
D/StatusBar.NetworkController(  532): ------------------EthernetManager is on 13-13-13-13-13-13----------
D/StatusBar.NetworkController(  532): ------------------EthernetManager is on ----------
D/StatusBar.NetworkController(  532): ------------------getLinkStatus ----------
D/StatusBar.NetworkController(  532): ------------------mEthernetConnected is  ----------false
D/StatusBar.NetworkController(  532): ------------------EthernetManager is on 11-11-11-11-11----------
D/StatusBar.NetworkController(  532): ------------------EthernetManager is on 13-13-13-13-13-13----------
D/StatusBar.NetworkController(  532): ------------------EthernetManager is on ----------
D/StatusBar.NetworkController(  532): ------------------getLinkStatus ----------
D/StatusBar.NetworkController(  532): ------------------mEthernetConnected is  ----------false
D/StatusBar.NetworkController(  532): ------------------EthernetManager is on 11-11-11-11-11----------
D/StatusBar.NetworkController(  532): ------------------EthernetManager is on 13-13-13-13-13-13----------
D/StatusBar.NetworkController(  532): ------------------EthernetManager is on ----------
D/StatusBar.NetworkController(  532): ------------------getLinkStatus ----------
D/StatusBar.NetworkController(  532): ------------------mEthernetConnected is  ----------false
D/StatusBar.NetworkController(  532): ------------------EthernetManager is on 11-11-11-11-11----------
D/StatusBar.NetworkController(  532): ------------------EthernetManager is on 13-13-13-13-13-13----------
--------- beginning of /dev/log/main
V/MtkOmxMp3Dec(  264): pBitStreamBuf=0x416dba80,pBitStreamRead=0x416dce18,pBitStreamRead[0]=0xff,pBitStreamRead[1]=0xfb,pBitStreamRead[2]=0xb2,pBitStreamRead[3]=0x64,pBitStreamRead[4]=0xe0
V/MtkOmxMp3Dec(  264): i=2,ulBytesConsumed=627,mBufferLength=6897,mMp3Dec->handle->PCMSamplesPerCH=1152 mMp3Dec->handle->CHNumber=2
V/MtkOmxMp3Dec(  264): mOutputNum=3,pOutputBuf->nAllocLen =46080, pOutputBuf->nFilledLen=13824 ,mOutputFrameLength=4608
V/MtkOmxMp3Dec(  264): ulBytesConsumed=627, nBitStreamSize=1254, ulNumSamplesOut=2304
V/MtkOmxMp3Dec(  264): pBitStreamBuf=0x416dba80,pBitStreamRead=0x416dd08b,pBitStreamRead[0]=0xff,pBitStreamRead[1]=0xfb,pBitStreamRead[2]=0xb2,pBitStreamRead[3]=0x64,pBitStreamRead[4]=0xe7
V/MtkOmxMp3Dec(  264): i=3,ulBytesConsumed=627,mBufferLength=6897,mMp3Dec->handle->PCMSamplesPerCH=1152 mMp3Dec->handle->CHNumber=2
V/MtkOmxMp3Dec(  264): mOutputNum=4,pOutputBuf->nAllocLen =46080, pOutputBuf->nFilledLen=18432 ,mOutputFrameLength=4608
V/MtkOmxMp3Dec(  264): ulBytesConsumed=627, nBitStreamSize=627, ulNumSamplesOut=2304
V/MtkOmxMp3Dec(  264): pBitStreamBuf=0x416dba80,pBitStreamRead=0x416dd2fe,pBitStreamRead[0]=0xff,pBitStreamRead[1]=0xfb,pBitStreamRead[2]=0xb2,pBitStreamRead[3]=0x64,pBitStreamRead[4]=0xe7
V/MtkOmxMp3Dec(  264): i=4,ulBytesConsumed=627,mBufferLength=6897,mMp3Dec->handle->PCMSamplesPerCH=1152 mMp3Dec->handle->CHNumber=2
V/MtkOmxMp3Dec(  264): mOutputNum=5,pOutputBuf->nAllocLen =46080, pOutputBuf->nFilledLen=23040 ,mOutputFrameLength=4608
V/MtkOmxMp3Dec(  264): ulBytesConsumed=627, nBitStreamSize=0, ulNumSamplesOut=2304
V/MtkOmxMp3Dec(  264): MP3 @@ QueueOutputBuffer (2)
V/MtkOmxMp3Dec(  264): DecodeAudio ----QueueOutputBuffer
V/MtkOmxMp3Dec(  264): DecodeAudio ---- HandleEmptyBufferDone
V/MtkOmxMp3Dec(  264): In DecodeAudio -- pInputBuf:0x2d8c98 , pOutputBuf :0x2d9450
V/MtkOmxMp3Dec(  264): In DecodeAudio -- pInputBuf->pBuffer:0x416df520 , pOutputBuf->pBuffer :0x4293e800
V/MtkOmxMp3Dec(  264): In DecodeAudio -- pInputBuf->nOffset =0,pOutputBuf->nOffset =0
V/MtkOmxMp3Dec(  264): In DecodeAudio -- pInputBuf->nFilledLen =6896,pOutputBuf->nFilledLen =23040
V/MtkOmxMp3Dec(  264): In DecodeAudio -- pInputBuf->nTimeStamp =61779591,pOutputBuf->nTimeStamp =61648978
V/MtkOmxMp3Dec(  264): new input buffer pointer 0x416df520 length 6896 !
V/MtkOmxMp3Dec(  264): pBitStreamBuf=0x416df520,pBitStreamRead=0x416df520,pBitStreamRead[0]=0xff,pBitStreamRead[1]=0xfb,pBitStreamRead[2]=0xb2,pBitStreamRead[3]=0x64,pBitStreamRead[4]=0xdf
V/MtkOmxMp3Dec(  264): i=0,ulBytesConsumed=627,mBufferLength=6896,mMp3Dec->handle->PCMSamplesPerCH=1152 mMp3Dec->handle->CHNumber=2
V/MtkOmxMp3Dec(  264): mOutputNum=6,pOutputBuf->nAllocLen =46080, pOutputBuf->nFilledLen=27648 ,mOutputFrameLength=4608
V/MtkOmxMp3Dec(  264): ulBytesConsumed=627, nBitStreamSize=6269, ulNumSamplesOut=2304
V/MtkOmxMp3Dec(  264): pBitStreamBuf=0x416df520,pBitStreamRead=0x416df793,pBitStreamRead[0]=0xff,pBitStreamRead[1]=0xfb,pBitStreamRead[2]=0xb2,pBitStreamRead[3]=0x64,pBitStreamRead[4]=0xe5
V/MtkOmxMp3Dec(  264): i=1,ulBytesConsumed=627,mBufferLength=6896,mMp3Dec->handle->PCMSamplesPerCH=1152 mMp3Dec->handle->CHNumber=2
V/MtkOmxMp3Dec(  264): mOutputNum=7,pOutputBuf->nAllocLen =46080, pOutputBuf->nFilledLen=32256 ,mOutputFrameLength=4608
V/MtkOmxMp3Dec(  264): ulBytesConsumed=627, nBitStreamSize=5642, ulNumSamplesOut=2304
V/MtkOmxMp3Dec(  264): pBitStreamBuf=0x416df520,pBitStreamRead=0x416dfa06,pBitStreamRead[0]=0xff,pBitStreamRead[1]=0xfb,pBitStreamRead[2]=0xb2,pBitStreamRead[3]=0x64,pBitStreamRead[4]=0xd0
V/MtkOmxMp3Dec(  264): i=2,ulBytesConsumed=627,mBufferLength=6896,mMp3Dec->handle->PCMSamplesPerCH=1152 mMp3Dec->handle->CHNumber=2
V/MtkOmxMp3Dec(  264): mOutputNum=8,pOutputBuf->nAllocLen =46080, pOutputBuf->nFilledLen=36864 ,mOutputFrameLength=4608
V/MtkOmxMp3Dec(  264): ulBytesConsumed=627, nBitStreamSize=5015, ulNumSamplesOut=2304
V/MtkOmxMp3Dec(  264): pBitStreamBuf=0x416df520,pBitStreamRead=0x416dfc79,pBitStreamRead[0]=0xff,pBitStreamRead[1]=0xfb,pBitStreamRead[2]=0xb2,pBitStreamRead[3]=0x64,pBitStreamRead[4]=0x14
V/MtkOmxMp3Dec(  264): i=3,ulBytesConsumed=627,mBufferLength=6896,mMp3Dec->handle->PCMSamplesPerCH=1152 mMp3Dec->handle->CHNumber=2
V/MtkOmxMp3Dec(  264): mOutputNum=9,pOutputBuf->nAllocLen =46080, pOutputBuf->nFilledLen=41472 ,mOutputFrameLength=4608
V/MtkOmxMp3Dec(  264): ulBytesConsumed=627, nBitStreamSize=4388, ulNumSamplesOut=2304
V/MtkOmxMp3Dec(  264): pBitStreamBuf=0x416df520,pBitStreamRead=0x416dfeec,pBitStreamRead[0]=0xff,pBitStreamRead[1]=0xfb,pBitStreamRead[2]=0xb2,pBitStreamRead[3]=0x64,pBitStreamRead[4]=0x26
V/MtkOmxMp3Dec(  264): i=4,ulBytesConsumed=627,mBufferLength=6896,mMp3Dec->handle->PCMSamplesPerCH=1152 mMp3Dec->handle->CHNumber=2
V/MtkOmxMp3Dec(  264): mOutputNum=10,pOutputBuf->nAllocLen =46080, pOutputBuf->nFilledLen=46080 ,mOutputFrameLength=4608
V/MtkOmxMp3Dec(  264): ulBytesConsumed=627, nBitStreamSize=3761, ulNumSamplesOut=2304
V/MtkOmxMp3Dec(  264): pInputBuf->nFilledLen =3761
V/MtkOmxMp3Dec(  264): DecodeAudio ---- HandleFillBufferDone: 61648978
V/MtkOmxMp3Dec(  264): DecodeAudio ----QueueInputBuffer
V/MtkOmxMp3Dec(  264): MP3 @@ QueueInputBuffer (5)
V/MediaPlayerService(  264): [6] isPlaying: 1
V/MediaPlayer( 1415): isPlaying: 1
V/MediaPlayerService(  264): [6] isPlaying: 1
V/MediaPlayer( 1415): isPlaying: 1
V/MediaPlayer( 1415): getCurrentPosition
V/MediaPlayerService(  264): getCurrentPosition
V/MediaPlayerService(  264): [6] getCurrentPosition = 59559
V/MediaPlayerService(  264): [6] isPlaying: 1
V/MediaPlayer( 1415): isPlaying: 1
V/MediaPlayerService(  264): [6] isPlaying: 1
V/MediaPlayer( 1415): isPlaying: 1
V/MediaPlayer( 1415): getCurrentPosition
V/MediaPlayerService(  264): getCurrentPosition
V/MediaPlayerService(  264): [6] getCurrentPosition = 59559
V/MediaPlayerService(  264): [6] isPlaying: 1
V/MediaPlayer( 1415): isPlaying: 1
V/MediaPlayerService(  264): [6] isPlaying: 1
V/MediaPlayer( 1415): isPlaying: 1
V/MediaPlayer( 1415): getCurrentPosition
V/MediaPlayerService(  264): getCurrentPosition
V/MediaPlayerService(  264): [6] getCurrentPosition = 59559
V/MediaPlayerService(  264): [6] isPlaying: 1
V/MediaPlayer( 1415): isPlaying: 1
V/MediaPlayerService(  264): [6] isPlaying: 1
V/MediaPlayer( 1415): isPlaying: 1
V/MediaPlayer( 1415): getCurrentPosition
V/MediaPlayerService(  264): getCurrentPosition
V/MediaPlayerService(  264): [6] getCurrentPosition = 59603
V/MtkOmxMp3Dec(  264): In DecodeAudio -- pInputBuf:0x2d8c98 , pOutputBuf :0x2d9590
V/MtkOmxMp3Dec(  264): In DecodeAudio -- pInputBuf->pBuffer:0x416df520 , pOutputBuf->pBuffer :0x42949c00
V/MtkOmxMp3Dec(  264): In DecodeAudio -- pInputBuf->nOffset =0,pOutputBuf->nOffset =0
V/MtkOmxMp3Dec(  264): In DecodeAudio -- pInputBuf->nFilledLen =3761,pOutputBuf->nFilledLen =0
V/MtkOmxMp3Dec(  264): In DecodeAudio -- pInputBuf->nTimeStamp =61779591,pOutputBuf->nTimeStamp =59559183
V/MtkOmxMp3Dec(  264): old input buffer,set last decode position pLastBitStreamRead 0x416e015f
V/MtkOmxMp3Dec(  264): New pOutputBuf->nTimeStamp = 61910203 ,pInputBuf->nTimeStamp=61779591 ,mInSampleCount=5760 mOutputPcmMode.nSamplingRate=44100
V/MtkOmxMp3Dec(  264): pBitStreamBuf=0x416df520,pBitStreamRead=0x416e015f,pBitStreamRead[0]=0xff,pBitStreamRead[1]=0xfb,pBitStreamRead[2]=0xb0,pBitStreamRead[3]=0x64,pBitStreamRead[4]=0x4a
V/MtkOmxMp3Dec(  264): i=0,ulBytesConsumed=626,mBufferLength=6896,mMp3Dec->handle->PCMSamplesPerCH=1152 mMp3Dec->handle->CHNumber=2
V/MtkOmxMp3Dec(  264): mOutputNum=1,pOutputBuf->nAllocLen =46080, pOutputBuf->nFilledLen=4608 ,mOutputFrameLength=4608
V/MtkOmxMp3Dec(  264): ulBytesConsumed=626, nBitStreamSize=3135, ulNumSamplesOut=2304
V/MtkOmxMp3Dec(  264): pBitStreamBuf=0x416df520,pBitStreamRead=0x416e03d1,pBitStreamRead[0]=0xff,pBitStreamRead[1]=0xfb,pBitStreamRead[2]=0xb2,pBitStreamRead[3]=0x64,pBitStreamRead[4]=0x68
V/MtkOmxMp3Dec(  264): i=1,ulBytesConsumed=627,mBufferLength=6896,mMp3Dec->handle->PCMSamplesPerCH=1152 mMp3Dec->handle->CHNumber=2
V/MtkOmxMp3Dec(  264): mOutputNum=2,pOutputBuf->nAllocLen =46080, pOutputBuf->nFilledLen=9216 ,mOutputFrameLength=4608
V/MtkOmxMp3Dec(  264): ulBytesConsumed=627, nBitStreamSize=2508, ulNumSamplesOut=2304
V/MtkOmxMp3Dec(  264): pBitStreamBuf=0x416df520,pBitStreamRead=0x416e0644,pBitStreamRead[0]=0xff,pBitStreamRead[1]=0xfb,pBitStreamRead[2]=0xb2,pBitStreamRead[3]=0x64,pBitStreamRead[4]=0x8c
V/MtkOmxMp3Dec(  264): i=2,ulBytesConsumed=627,mBufferLength=6896,mMp3Dec->handle->PCMSamplesPerCH=1152 mMp3Dec->handle->CHNumber=2
V/MtkOmxMp3Dec(  264): mOutputNum=3,pOutputBuf->nAllocLen =46080, pOutputBuf->nFilledLen=13824 ,mOutputFrameLength=4608
V/MtkOmxMp3Dec(  264): ulBytesConsumed=627, nBitStreamSize=1881, ulNumSamplesOut=2304
V/MtkOmxMp3Dec(  264): pBitStreamBuf=0x416df520,pBitStreamRead=0x416e08b7,pBitStreamRead[0]=0xff,pBitStreamRead[1]=0xfb,pBitStreamRead[2]=0xb2,pBitStreamRead[3]=0x64,pBitStreamRead[4]=0xb6
V/MtkOmxMp3Dec(  264): i=3,ulBytesConsumed=627,mBufferLength=6896,mMp3Dec->handle->PCMSamplesPerCH=1152 mMp3Dec->handle->CHNumber=2
V/MtkOmxMp3Dec(  264): mOutputNum=4,pOutputBuf->nAllocLen =46080, pOutputBuf->nFilledLen=18432 ,mOutputFrameLength=4608
V/MtkOmxMp3Dec(  264): ulBytesConsumed=627, nBitStreamSize=1254, ulNumSamplesOut=2304
V/MtkOmxMp3Dec(  264): pBitStreamBuf=0x416df520,pBitStreamRead=0x416e0b2a,pBitStreamRead[0]=0xff,pBitStreamRead[1]=0xfb,pBitStreamRead[2]=0xb2,pBitStreamRead[3]=0x64,pBitStreamRead[4]=0xe0
V/MtkOmxMp3Dec(  264): i=4,ulBytesConsumed=627,mBufferLength=6896,mMp3Dec->handle->PCMSamplesPerCH=1152 mMp3Dec->handle->CHNumber=2
V/MtkOmxMp3Dec(  264): mOutputNum=5,pOutputBuf->nAllocLen =46080, pOutputBuf->nFilledLen=23040 ,mOutputFrameLength=4608
V/MtkOmxMp3Dec(  264): ulBytesConsumed=627, nBitStreamSize=627, ulNumSamplesOut=2304
V/MtkOmxMp3Dec(  264): pBitStreamBuf=0x416df520,pBitStreamRead=0x416e0d9d,pBitStreamRead[0]=0xff,pBitStreamRead[1]=0xfb,pBitStreamRead[2]=0xb2,pBitStreamRead[3]=0x64,pBitStreamRead[4]=0xf1
V/MtkOmxMp3Dec(  264): i=5,ulBytesConsumed=627,mBufferLength=6896,mMp3Dec->handle->PCMSamplesPerCH=1152 mMp3Dec->handle->CHNumber=2
V/MtkOmxMp3Dec(  264): mOutputNum=6,pOutputBuf->nAllocLen =46080, pOutputBuf->nFilledLen=27648 ,mOutputFrameLength=4608
V/MtkOmxMp3Dec(  264): ulBytesConsumed=627, nBitStreamSize=0, ulNumSamplesOut=2304
V/MtkOmxMp3Dec(  264): MP3 @@ QueueOutputBuffer (3)
V/MtkOmxMp3Dec(  264): DecodeAudio ----QueueOutputBuffer
V/MtkOmxMp3Dec(  264): DecodeAudio ---- HandleEmptyBufferDone
V/MtkOmxMp3Dec(  264): In DecodeAudio -- pInputBuf:0x2d8d68 , pOutputBuf :0x2d9590
V/MtkOmxMp3Dec(  264): In DecodeAudio -- pInputBuf->pBuffer:0x416e2fc0 , pOutputBuf->pBuffer :0x42949c00
V/MtkOmxMp3Dec(  264): In DecodeAudio -- pInputBuf->nOffset =0,pOutputBuf->nOffset =0
V/MtkOmxMp3Dec(  264): In DecodeAudio -- pInputBuf->nFilledLen =6896,pOutputBuf->nFilledLen =27648
V/MtkOmxMp3Dec(  264): In DecodeAudio -- pInputBuf->nTimeStamp =62066938,pOutputBuf->nTimeStamp =61910203
V/MtkOmxMp3Dec(  264): new input buffer pointer 0x416e2fc0 length 6896 !
V/MtkOmxMp3Dec(  264): pBitStreamBuf=0x416e2fc0,pBitStreamRead=0x416e2fc0,pBitStreamRead[0]=0xff,pBitStreamRead[1]=0xfb,pBitStreamRead[2]=0xb2,pBitStreamRead[3]=0x64,pBitStreamRead[4]=0xf4
V/MtkOmxMp3Dec(  264): i=0,ulBytesConsumed=627,mBufferLength=6896,mMp3Dec->handle->PCMSamplesPerCH=1152 mMp3Dec->handle->CHNumber=2
V/MtkOmxMp3Dec(  264): mOutputNum=7,pOutputBuf->nAllocLen =46080, pOutputBuf->nFilledLen=32256 ,mOutputFrameLength=4608
V/MtkOmxMp3Dec(  264): ulBytesConsumed=627, nBitStreamSize=6269, ulNumSamplesOut=2304
V/MtkOmxMp3Dec(  264): pBitStreamBuf=0x416e2fc0,pBitStreamRead=0x416e3233,pBitStreamRead[0]=0xff,pBitStreamRead[1]=0xfb,pBitStreamRead[2]=0xb2,pBitStreamRead[3]=0x64,pBitStreamRead[4]=0xee
V/MtkOmxMp3Dec(  264): i=1,ulBytesConsumed=627,mBufferLength=6896,mMp3Dec->handle->PCMSamplesPerCH=1152 mMp3Dec->handle->CHNumber=2
V/MtkOmxMp3Dec(  264): mOutputNum=8,pOutputBuf->nAllocLen =46080, pOutputBuf->nFilledLen=36864 ,mOutputFrameLength=4608
V/MtkOmxMp3Dec(  264): ulBytesConsumed=627, nBitStreamSize=5642, ulNumSamplesOut=2304
V/MtkOmxMp3Dec(  264): pBitStreamBuf=0x416e2fc0,pBitStreamRead=0x416e34a6,pBitStreamRead[0]=0xff,pBitStreamRead[1]=0xfb,pBitStreamRead[2]=0xb2,pBitStreamRead[3]=0x64,pBitStreamRead[4]=0xf6
V/MtkOmxMp3Dec(  264): i=2,ulBytesConsumed=627,mBufferLength=6896,mMp3Dec->handle->PCMSamplesPerCH=1152 mMp3Dec->handle->CHNumber=2
V/MtkOmxMp3Dec(  264): mOutputNum=9,pOutputBuf->nAllocLen =46080, pOutputBuf->nFilledLen=41472 ,mOutputFrameLength=4608
V/MtkOmxMp3Dec(  264): ulBytesConsumed=627, nBitStreamSize=5015, ulNumSamplesOut=2304
V/MtkOmxMp3Dec(  264): pBitStreamBuf=0x416e2fc0,pBitStreamRead=0x416e3719,pBitStreamRead[0]=0xff,pBitStreamRead[1]=0xfb,pBitStreamRead[2]=0xb2,pBitStreamRead[3]=0x64,pBitStreamRead[4]=0xf7
V/MtkOmxMp3Dec(  264): i=3,ulBytesConsumed=627,mBufferLength=6896,mMp3Dec->handle->PCMSamplesPerCH=1152 mMp3Dec->handle->CHNumber=2
V/MtkOmxMp3Dec(  264): mOutputNum=10,pOutputBuf->nAllocLen =46080, pOutputBuf->nFilledLen=46080 ,mOutputFrameLength=4608
V/MtkOmxMp3Dec(  264): ulBytesConsumed=627, nBitStreamSize=4388, ulNumSamplesOut=2304
V/MtkOmxMp3Dec(  264): pInputBuf->nFilledLen =4388
V/MtkOmxMp3Dec(  264): DecodeAudio ---- HandleFillBufferDone: 61910203
V/MtkOmxMp3Dec(  264): DecodeAudio ----QueueInputBuffer
V/MtkOmxMp3Dec(  264): MP3 @@ QueueInputBuffer (6)
V/MediaPlayerService(  264): [6] isPlaying: 1
V/MediaPlayer( 1415): isPlaying: 1
V/MediaPlayerService(  264): [6] isPlaying: 1
V/MediaPlayer( 1415): isPlaying: 1
V/MediaPlayer( 1415): getCurrentPosition
V/MediaPlayerService(  264): getCurrentPosition
V/MediaPlayerService(  264): [6] getCurrentPosition = 59820
D/HomePlayerLib( 1415): hostaddress count is 1
V/MediaPlayerService(  264): [6] isPlaying: 1
V/MediaPlayer( 1415): isPlaying: 1
V/MediaPlayerService(  264): [6] isPlaying: 1
V/MediaPlayer( 1415): isPlaying: 1
V/MediaPlayer( 1415): getCurrentPosition
V/MediaPlayerService(  264): getCurrentPosition
V/MediaPlayerService(  264): [6] getCurrentPosition = 59820
D/dalvikvm( 1415): GC_CONCURRENT freed 2070K, 19% free 36138K/44295K, paused 1ms+13ms
V/MtkOmxMp3Dec(  264): In DecodeAudio -- pInputBuf:0x2d8d68 , pOutputBuf :0x2d96d0
V/MtkOmxMp3Dec(  264): In DecodeAudio -- pInputBuf->pBuffer:0x416e2fc0 , pOutputBuf->pBuffer :0x42955000
V/MtkOmxMp3Dec(  264): In DecodeAudio -- pInputBuf->nOffset =0,pOutputBuf->nOffset =0
V/MtkOmxMp3Dec(  264): In DecodeAudio -- pInputBuf->nFilledLen =4388,pOutputBuf->nFilledLen =0
V/MtkOmxMp3Dec(  264): In DecodeAudio -- pInputBuf->nTimeStamp =62066938,pOutputBuf->nTimeStamp =59820407
V/MtkOmxMp3Dec(  264): old input buffer,set last decode position pLastBitStreamRead 0x416e398c
V/MtkOmxMp3Dec(  264): New pOutputBuf->nTimeStamp = 62171427 ,pInputBuf->nTimeStamp=62066938 ,mInSampleCount=4608 mOutputPcmMode.nSamplingRate=44100
V/MtkOmxMp3Dec(  264): pBitStreamBuf=0x416e2fc0,pBitStreamRead=0x416e398c,pBitStreamRead[0]=0xff,pBitStreamRead[1]=0xfb,pBitStreamRead[2]=0xb2,pBitStreamRead[3]=0x64,pBitStreamRead[4]=0xf6
V/MtkOmxMp3Dec(  264): i=0,ulBytesConsumed=627,mBufferLength=6896,mMp3Dec->handle->PCMSamplesPerCH=1152 mMp3Dec->handle->CHNumber=2
V/MtkOmxMp3Dec(  264): mOutputNum=1,pOutputBuf->nAllocLen =46080, pOutputBuf->nFilledLen=4608 ,mOutputFrameLength=4608
V/MtkOmxMp3Dec(  264): ulBytesConsumed=627, nBitStreamSize=3761, ulNumSamplesOut=2304
V/MtkOmxMp3Dec(  264): pBitStreamBuf=0x416e2fc0,pBitStreamRead=0x416e3bff,pBitStreamRead[0]=0xff,pBitStreamRead[1]=0xfb,pBitStreamRead[2]=0xb2,pBitStreamRead[3]=0x64,pBitStreamRead[4]=0xf4
V/MtkOmxMp3Dec(  264): i=1,ulBytesConsumed=627,mBufferLength=6896,mMp3Dec->handle->PCMSamplesPerCH=1152 mMp3Dec->handle->CHNumber=2
V/MtkOmxMp3Dec(  264): mOutputNum=2,pOutputBuf->nAllocLen =46080, pOutputBuf->nFilledLen=9216 ,mOutputFrameLength=4608
V/MtkOmxMp3Dec(  264): ulBytesConsumed=627, nBitStreamSize=3134, ulNumSamplesOut=2304
V/MtkOmxMp3Dec(  264): pBitStreamBuf=0x416e2fc0,pBitStreamRead=0x416e3e72,pBitStreamRead[0]=0xff,pBitStreamRead[1]=0xfb,pBitStreamRead[2]=0xb2,pBitStreamRead[3]=0x64,pBitStreamRead[4]=0xd6
V/MtkOmxMp3Dec(  264): i=2,ulBytesConsumed=627,mBufferLength=6896,mMp3Dec->handle->PCMSamplesPerCH=1152 mMp3Dec->handle->CHNumber=2
V/MtkOmxMp3Dec(  264): mOutputNum=3,pOutputBuf->nAllocLen =46080, pOutputBuf->nFilledLen=13824 ,mOutputFrameLength=4608
V/MtkOmxMp3Dec(  264): ulBytesConsumed=627, nBitStreamSize=2507, ulNumSamplesOut=2304
V/MtkOmxMp3Dec(  264): pBitStreamBuf=0x416e2fc0,pBitStreamRead=0x416e40e5,pBitStreamRead[0]=0xff,pBitStreamRead[1]=0xfb,pBitStreamRead[2]=0xb2,pBitStreamRead[3]=0x64,pBitStreamRead[4]=0xc9
V/MtkOmxMp3Dec(  264): i=3,ulBytesConsumed=627,mBufferLength=6896,mMp3Dec->handle->PCMSamplesPerCH=1152 mMp3Dec->handle->CHNumber=2
V/MtkOmxMp3Dec(  264): mOutputNum=4,pOutputBuf->nAllocLen =46080, pOutputBuf->nFilledLen=18432 ,mOutputFrameLength=4608
V/MtkOmxMp3Dec(  264): ulBytesConsumed=627, nBitStreamSize=1880, ulNumSamplesOut=2304
V/MtkOmxMp3Dec(  264): pBitStreamBuf=0x416e2fc0,pBitStreamRead=0x416e4358,pBitStreamRead[0]=0xff,pBitStreamRead[1]=0xfb,pBitStreamRead[2]=0xb2,pBitStreamRead[3]=0x64,pBitStreamRead[4]=0xcd
V/MtkOmxMp3Dec(  264): i=4,ulBytesConsumed=627,mBufferLength=6896,mMp3Dec->handle->PCMSamplesPerCH=1152 mMp3Dec->handle->CHNumber=2
V/MtkOmxMp3Dec(  264): mOutputNum=5,pOutputBuf->nAllocLen =46080, pOutputBuf->nFilledLen=23040 ,mOutputFrameLength=4608
V/MtkOmxMp3Dec(  264): ulBytesConsumed=627, nBitStreamSize=1253, ulNumSamplesOut=2304
V/MtkOmxMp3Dec(  264): pBitStreamBuf=0x416e2fc0,pBitStreamRead=0x416e45cb,pBitStreamRead[0]=0xff,pBitStreamRead[1]=0xfb,pBitStreamRead[2]=0xb2,pBitStreamRead[3]=0x64,pBitStreamRead[4]=0xcf
V/MtkOmxMp3Dec(  264): i=5,ulBytesConsumed=627,mBufferLength=6896,mMp3Dec->handle->PCMSamplesPerCH=1152 mMp3Dec->handle->CHNumber=2
V/MtkOmxMp3Dec(  264): mOutputNum=6,pOutputBuf->nAllocLen =46080, pOutputBuf->nFilledLen=27648 ,mOutputFrameLength=4608
V/MtkOmxMp3Dec(  264): ulBytesConsumed=627, nBitStreamSize=626, ulNumSamplesOut=2304
V/MtkOmxMp3Dec(  264): pBitStreamBuf=0x416e2fc0,pBitStreamRead=0x416e483e,pBitStreamRead[0]=0xff,pBitStreamRead[1]=0xfb,pBitStreamRead[2]=0xb0,pBitStreamRead[3]=0x64,pBitStreamRead[4]=0xe2
V/MtkOmxMp3Dec(  264): i=6,ulBytesConsumed=626,mBufferLength=6896,mMp3Dec->handle->PCMSamplesPerCH=1152 mMp3Dec->handle->CHNumber=2
V/MtkOmxMp3Dec(  264): mOutputNum=7,pOutputBuf->nAllocLen =46080, pOutputBuf->nFilledLen=32256 ,mOutputFrameLength=4608
V/MtkOmxMp3Dec(  264): ulBytesConsumed=626, nBitStreamSize=0, ulNumSamplesOut=2304
V/MtkOmxMp3Dec(  264): MP3 @@ QueueOutputBuffer (4)
V/MtkOmxMp3Dec(  264): DecodeAudio ----QueueOutputBuffer
V/MtkOmxMp3Dec(  264): DecodeAudio ---- HandleEmptyBufferDone
V/MtkOmxMp3Dec(  264): In DecodeAudio -- pInputBuf:0x2d8e38 , pOutputBuf :0x2d96d0
V/MtkOmxMp3Dec(  264): In DecodeAudio -- pInputBuf->pBuffer:0x416e6a60 , pOutputBuf->pBuffer :0x42955000
V/MtkOmxMp3Dec(  264): In DecodeAudio -- pInputBuf->nOffset =0,pOutputBuf->nOffset =0
V/MtkOmxMp3Dec(  264): In DecodeAudio -- pInputBuf->nFilledLen =6897,pOutputBuf->nFilledLen =32256
V/MtkOmxMp3Dec(  264): In DecodeAudio -- pInputBuf->nTimeStamp =62354285,pOutputBuf->nTimeStamp =62171427
V/MtkOmxMp3Dec(  264): new input buffer pointer 0x416e6a60 length 6897 !
V/MtkOmxMp3Dec(  264): pBitStreamBuf=0x416e6a60,pBitStreamRead=0x416e6a60,pBitStreamRead[0]=0xff,pBitStreamRead[1]=0xfb,pBitStreamRead[2]=0xb2,pBitStreamRead[3]=0x64,pBitStreamRead[4]=0xdb
V/MtkOmxMp3Dec(  264): i=0,ulBytesConsumed=627,mBufferLength=6897,mMp3Dec->handle->PCMSamplesPerCH=1152 mMp3Dec->handle->CHNumber=2
V/MtkOmxMp3Dec(  264): mOutputNum=8,pOutputBuf->nAllocLen =46080, pOutputBuf->nFilledLen=36864 ,mOutputFrameLength=4608
V/MtkOmxMp3Dec(  264): ulBytesConsumed=627, nBitStreamSize=6270, ulNumSamplesOut=2304
V/MtkOmxMp3Dec(  264): pBitStreamBuf=0x416e6a60,pBitStreamRead=0x416e6cd3,pBitStreamRead[0]=0xff,pBitStreamRead[1]=0xfb,pBitStreamRead[2]=0xb2,pBitStreamRead[3]=0x64,pBitStreamRead[4]=0xf1
V/MtkOmxMp3Dec(  264): i=1,ulBytesConsumed=627,mBufferLength=6897,mMp3Dec->handle->PCMSamplesPerCH=1152 mMp3Dec->handle->CHNumber=2
V/MtkOmxMp3Dec(  264): mOutputNum=9,pOutputBuf->nAllocLen =46080, pOutputBuf->nFilledLen=41472 ,mOutputFrameLength=4608
V/MtkOmxMp3Dec(  264): ulBytesConsumed=627, nBitStreamSize=5643, ulNumSamplesOut=2304
V/MtkOmxMp3Dec(  264): pBitStreamBuf=0x416e6a60,pBitStreamRead=0x416e6f46,pBitStreamRead[0]=0xff,pBitStreamRead[1]=0xfb,pBitStreamRead[2]=0xb2,pBitStreamRead[3]=0x64,pBitStreamRead[4]=0xda
V/MtkOmxMp3Dec(  264): i=2,ulBytesConsumed=627,mBufferLength=6897,mMp3Dec->handle->PCMSamplesPerCH=1152 mMp3Dec->handle->CHNumber=2
V/MtkOmxMp3Dec(  264): mOutputNum=10,pOutputBuf->nAllocLen =46080, pOutputBuf->nFilledLen=46080 ,mOutputFrameLength=4608
V/MtkOmxMp3Dec(  264): ulBytesConsumed=627, nBitStreamSize=5016, ulNumSamplesOut=2304
V/MtkOmxMp3Dec(  264): pInputBuf->nFilledLen =5016
V/MtkOmxMp3Dec(  264): DecodeAudio ---- HandleFillBufferDone: 62171427
V/MtkOmxMp3Dec(  264): DecodeAudio ----QueueInputBuffer
V/MtkOmxMp3Dec(  264): MP3 @@ QueueInputBuffer (7)
V/MediaPlayerService(  264): [6] isPlaying: 1
V/MediaPlayer( 1415): isPlaying: 1
V/MediaPlayerService(  264): [6] isPlaying: 1
V/MediaPlayer( 1415): isPlaying: 1
V/MediaPlayer( 1415): getCurrentPosition
V/MediaPlayerService(  264): getCurrentPosition
V/MediaPlayerService(  264): [6] getCurrentPosition = 60082
V/MediaPlayerService(  264): [6] isPlaying: 1
V/MediaPlayer( 1415): isPlaying: 1
V/MediaPlayerService(  264): [6] isPlaying: 1
V/MediaPlayer( 1415): isPlaying: 1
V/MediaPlayer( 1415): getCurrentPosition
V/MediaPlayerService(  264): getCurrentPosition
V/MediaPlayerService(  264): [6] getCurrentPosition = 60082
V/MediaPlayerService(  264): [6] isPlaying: 1
V/MediaPlayer( 1415): isPlaying: 1
V/MtkOmxMp3Dec(  264): In DecodeAudio -- pInputBuf:0x2d8e38 , pOutputBuf :0x2d99b8
V/MtkOmxMp3Dec(  264): In DecodeAudio -- pInputBuf->pBuffer:0x416e6a60 , pOutputBuf->pBuffer :0x42960400
V/MtkOmxMp3Dec(  264): In DecodeAudio -- pInputBuf->nOffset =0,pOutputBuf->nOffset =0
V/MtkOmxMp3Dec(  264): In DecodeAudio -- pInputBuf->nFilledLen =5016,pOutputBuf->nFilledLen =0
V/MediaPlayerService(  264): [6] isPlaying: 1
V/MtkOmxMp3Dec(  264): In DecodeAudio -- pInputBuf->nTimeStamp =62354285,pOutputBuf->nTimeStamp =60081632
V/MtkOmxMp3Dec(  264): old input buffer,set last decode position pLastBitStreamRead 0x416e71b9
V/MtkOmxMp3Dec(  264): New pOutputBuf->nTimeStamp = 62432652 ,pInputBuf->nTimeStamp=62354285 ,mInSampleCount=3456 mOutputPcmMode.nSamplingRate=44100
V/MtkOmxMp3Dec(  264): pBitStreamBuf=0x416e6a60,pBitStreamRead=0x416e71b9,pBitStreamRead[0]=0xff,pBitStreamRead[1]=0xfb,pBitStreamRead[2]=0xb2,pBitStreamRead[3]=0x64,pBitStreamRead[4]=0xe5
V/MediaPlayer( 1415): isPlaying: 1
V/MediaPlayer( 1415): getCurrentPosition
V/MediaPlayerService(  264): getCurrentPosition
V/MediaPlayerService(  264): [6] getCurrentPosition = 60343
V/MtkOmxMp3Dec(  264): i=0,ulBytesConsumed=627,mBufferLength=6897,mMp3Dec->handle->PCMSamplesPerCH=1152 mMp3Dec->handle->CHNumber=2
V/MtkOmxMp3Dec(  264): mOutputNum=1,pOutputBuf->nAllocLen =46080, pOutputBuf->nFilledLen=4608 ,mOutputFrameLength=4608
V/MtkOmxMp3Dec(  264): ulBytesConsumed=627, nBitStreamSize=4389, ulNumSamplesOut=2304
V/MtkOmxMp3Dec(  264): pBitStreamBuf=0x416e6a60,pBitStreamRead=0x416e742c,pBitStreamRead[0]=0xff,pBitStreamRead[1]=0xfb,pBitStreamRead[2]=0xb2,pBitStreamRead[3]=0x64,pBitStreamRead[4]=0xd8
V/MtkOmxMp3Dec(  264): i=1,ulBytesConsumed=627,mBufferLength=6897,mMp3Dec->handle->PCMSamplesPerCH=1152 mMp3Dec->handle->CHNumber=2
V/MtkOmxMp3Dec(  264): mOutputNum=2,pOutputBuf->nAllocLen =46080, pOutputBuf->nFilledLen=9216 ,mOutputFrameLength=4608
V/MtkOmxMp3Dec(  264): ulBytesConsumed=627, nBitStreamSize=3762, ulNumSamplesOut=2304
V/MtkOmxMp3Dec(  264): pBitStreamBuf=0x416e6a60,pBitStreamRead=0x416e769f,pBitStreamRead[0]=0xff,pBitStreamRead[1]=0xfb,pBitStreamRead[2]=0xb2,pBitStreamRead[3]=0x64,pBitStreamRead[4]=0xcc
V/MtkOmxMp3Dec(  264): i=2,ulBytesConsumed=627,mBufferLength=6897,mMp3Dec->handle->PCMSamplesPerCH=1152 mMp3Dec->handle->CHNumber=2
V/MtkOmxMp3Dec(  264): mOutputNum=3,pOutputBuf->nAllocLen =46080, pOutputBuf->nFilledLen=13824 ,mOutputFrameLength=4608
V/MtkOmxMp3Dec(  264): ulBytesConsumed=627, nBitStreamSize=3135, ulNumSamplesOut=2304
V/MtkOmxMp3Dec(  264): pBitStreamBuf=0x416e6a60,pBitStreamRead=0x416e7912,pBitStreamRead[0]=0xff,pBitStreamRead[1]=0xfb,pBitStreamRead[2]=0xb2,pBitStreamRead[3]=0x64,pBitStreamRead[4]=0xbf
V/MtkOmxMp3Dec(  264): i=3,ulBytesConsumed=627,mBufferLength=6897,mMp3Dec->handle->PCMSamplesPerCH=1152 mMp3Dec->handle->CHNumber=2
V/MtkOmxMp3Dec(  264): mOutputNum=4,pOutputBuf->nAllocLen =46080, pOutputBuf->nFilledLen=18432 ,mOutputFrameLength=4608
V/MtkOmxMp3Dec(  264): ulBytesConsumed=627, nBitStreamSize=2508, ulNumSamplesOut=2304
V/MtkOmxMp3Dec(  264): pBitStreamBuf=0x416e6a60,pBitStreamRead=0x416e7b85,pBitStreamRead[0]=0xff,pBitStreamRead[1]=0xfb,pBitStreamRead[2]=0xb2,pBitStreamRead[3]=0x64,pBitStreamRead[4]=0x9d
V/MtkOmxMp3Dec(  264): i=4,ulBytesConsumed=627,mBufferLength=6897,mMp3Dec->handle->PCMSamplesPerCH=1152 mMp3Dec->handle->CHNumber=2
V/MtkOmxMp3Dec(  264): mOutputNum=5,pOutputBuf->nAllocLen =46080, pOutputBuf->nFilledLen=23040 ,mOutputFrameLength=4608
V/MtkOmxMp3Dec(  264): ulBytesConsumed=627, nBitStreamSize=1881, ulNumSamplesOut=2304
V/MtkOmxMp3Dec(  264): pBitStreamBuf=0x416e6a60,pBitStreamRead=0x416e7df8,pBitStreamRead[0]=0xff,pBitStreamRead[1]=0xfb,pBitStreamRead[2]=0xb2,pBitStreamRead[3]=0x64,pBitStreamRead[4]=0xa9
V/MtkOmxMp3Dec(  264): i=5,ulBytesConsumed=627,mBufferLength=6897,mMp3Dec->handle->PCMSamplesPerCH=1152 mMp3Dec->handle->CHNumber=2
V/MtkOmxMp3Dec(  264): mOutputNum=6,pOutputBuf->nAllocLen =46080, pOutputBuf->nFilledLen=27648 ,mOutputFrameLength=4608
V/MtkOmxMp3Dec(  264): ulBytesConsumed=627, nBitStreamSize=1254, ulNumSamplesOut=2304
V/MtkOmxMp3Dec(  264): pBitStreamBuf=0x416e6a60,pBitStreamRead=0x416e806b,pBitStreamRead[0]=0xff,pBitStreamRead[1]=0xfb,pBitStreamRead[2]=0xb2,pBitStreamRead[3]=0x64,pBitStreamRead[4]=0xbe
V/MtkOmxMp3Dec(  264): i=6,ulBytesConsumed=627,mBufferLength=6897,mMp3Dec->handle->PCMSamplesPerCH=1152 mMp3Dec->handle->CHNumber=2
V/MtkOmxMp3Dec(  264): mOutputNum=7,pOutputBuf->nAllocLen =46080, pOutputBuf->nFilledLen=32256 ,mOutputFrameLength=4608
V/MtkOmxMp3Dec(  264): ulBytesConsumed=627, nBitStreamSize=627, ulNumSamplesOut=2304
V/MtkOmxMp3Dec(  264): pBitStreamBuf=0x416e6a60,pBitStreamRead=0x416e82de,pBitStreamRead[0]=0xff,pBitStreamRead[1]=0xfb,pBitStreamRead[2]=0xb2,pBitStreamRead[3]=0x64,pBitStreamRead[4]=0xc8
V/MtkOmxMp3Dec(  264): i=7,ulBytesConsumed=627,mBufferLength=6897,mMp3Dec->handle->PCMSamplesPerCH=1152 mMp3Dec->handle->CHNumber=2
V/MtkOmxMp3Dec(  264): mOutputNum=8,pOutputBuf->nAllocLen =46080, pOutputBuf->nFilledLen=36864 ,mOutputFrameLength=4608
V/MtkOmxMp3Dec(  264): ulBytesConsumed=627, nBitStreamSize=0, ulNumSamplesOut=2304
V/MtkOmxMp3Dec(  264): MP3 @@ QueueOutputBuffer (5)
V/MtkOmxMp3Dec(  264): DecodeAudio ----QueueOutputBuffer
V/MtkOmxMp3Dec(  264): DecodeAudio ---- HandleEmptyBufferDone
V/MtkOmxMp3Dec(  264): In DecodeAudio -- pInputBuf:0x2d8f08 , pOutputBuf :0x2d99b8
V/MtkOmxMp3Dec(  264): In DecodeAudio -- pInputBuf->pBuffer:0x416ea500 , pOutputBuf->pBuffer :0x42960400
V/MtkOmxMp3Dec(  264): In DecodeAudio -- pInputBuf->nOffset =0,pOutputBuf->nOffset =0
V/MtkOmxMp3Dec(  264): In DecodeAudio -- pInputBuf->nFilledLen =6896,pOutputBuf->nFilledLen =36864
V/MtkOmxMp3Dec(  264): In DecodeAudio -- pInputBuf->nTimeStamp =62641632,pOutputBuf->nTimeStamp =62432652
V/MtkOmxMp3Dec(  264): new input buffer pointer 0x416ea500 length 6896 !
V/MtkOmxMp3Dec(  264): pBitStreamBuf=0x416ea500,pBitStreamRead=0x416ea500,pBitStreamRead[0]=0xff,pBitStreamRead[1]=0xfb,pBitStreamRead[2]=0xb2,pBitStreamRead[3]=0x64,pBitStreamRead[4]=0xbd
V/MtkOmxMp3Dec(  264): i=0,ulBytesConsumed=627,mBufferLength=6896,mMp3Dec->handle->PCMSamplesPerCH=1152 mMp3Dec->handle->CHNumber=2
V/MtkOmxMp3Dec(  264): mOutputNum=9,pOutputBuf->nAllocLen =46080, pOutputBuf->nFilledLen=41472 ,mOutputFrameLength=4608
V/MtkOmxMp3Dec(  264): ulBytesConsumed=627, nBitStreamSize=6269, ulNumSamplesOut=2304
V/MtkOmxMp3Dec(  264): pBitStreamBuf=0x416ea500,pBitStreamRead=0x416ea773,pBitStreamRead[0]=0xff,pBitStreamRead[1]=0xfb,pBitStreamRead[2]=0xb2,pBitStreamRead[3]=0x64,pBitStreamRead[4]=0xb8
V/MtkOmxMp3Dec(  264): i=1,ulBytesConsumed=627,mBufferLength=6896,mMp3Dec->handle->PCMSamplesPerCH=1152 mMp3Dec->handle->CHNumber=2
V/MtkOmxMp3Dec(  264): mOutputNum=10,pOutputBuf->nAllocLen =46080, pOutputBuf->nFilledLen=46080 ,mOutputFrameLength=4608
V/MtkOmxMp3Dec(  264): ulBytesConsumed=627, nBitStreamSize=5642, ulNumSamplesOut=2304
V/MtkOmxMp3Dec(  264): pInputBuf->nFilledLen =5642
V/MtkOmxMp3Dec(  264): DecodeAudio ---- HandleFillBufferDone: 62432652
V/MtkOmxMp3Dec(  264): DecodeAudio ----QueueInputBuffer
V/MtkOmxMp3Dec(  264): MP3 @@ QueueInputBuffer (8)
D/dalvikvm( 1415): GC_CONCURRENT freed 2031K, 19% free 36154K/44295K, paused 1ms+5ms
V/MediaPlayerService(  264): [6] isPlaying: 1
V/MediaPlayer( 1415): isPlaying: 1
V/MediaPlayerService(  264): [6] isPlaying: 1
V/MediaPlayer( 1415): isPlaying: 1
V/MediaPlayer( 1415): getCurrentPosition
V/MediaPlayerService(  264): getCurrentPosition
V/MediaPlayerService(  264): [6] getCurrentPosition = 60343
D/StateMachine(  432): handleMessage: E msg.what=131155
D/StateMachine(  432): processMsg: ConnectedState
D/WifiStateMachine(  432): ConnectedState{ what=131155 when=-4ms arg1=2 }
D/WifiHW  (  432): send cmd is SIGNAL_POLL 
D/StateMachine(  432): handleMessage: X
V/MediaPlayerService(  264): [6] isPlaying: 1
V/MediaPlayer( 1415): isPlaying: 1
V/MediaPlayerService(  264): [6] isPlaying: 1
V/MediaPlayer( 1415): isPlaying: 1
V/MediaPlayer( 1415): getCurrentPosition
V/MediaPlayerService(  264): getCurrentPosition
V/MediaPlayerService(  264): [6] getCurrentPosition = 60343
D/StatusBar.NetworkController(  532): ------------------EthernetManager is on ----------
D/StatusBar.NetworkController(  532): ------------------getLinkStatus ----------
E/ethernet(  432): Can not read /sys/class/net/eth0/carrier
D/StatusBar.NetworkController(  532): ------------------mEthernetConnected is  ----------false
D/StatusBar.NetworkController(  532): ------------------EthernetManager is on 11-11-11-11-11----------
D/StatusBar.NetworkController(  532): ------------------EthernetManager is on 13-13-13-13-13-13----------
V/MtkOmxMp3Dec(  264): In DecodeAudio -- pInputBuf:0x2d8f08 , pOutputBuf :0x2d9af8
V/MtkOmxMp3Dec(  264): In DecodeAudio -- pInputBuf->pBuffer:0x416ea500 , pOutputBuf->pBuffer :0x4296b800
V/MtkOmxMp3Dec(  264): In DecodeAudio -- pInputBuf->nOffset =0,pOutputBuf->nOffset =0
V/MtkOmxMp3Dec(  264): In DecodeAudio -- pInputBuf->nFilledLen =5642,pOutputBuf->nFilledLen =0
V/MtkOmxMp3Dec(  264): In DecodeAudio -- pInputBuf->nTimeStamp =62641632,pOutputBuf->nTimeStamp =60342857
V/MtkOmxMp3Dec(  264): old input buffer,set last decode position pLastBitStreamRead 0x416ea9e6
V/MtkOmxMp3Dec(  264): New pOutputBuf->nTimeStamp = 62693876 ,pInputBuf->nTimeStamp=62641632 ,mInSampleCount=2304 mOutputPcmMode.nSamplingRate=44100
V/MtkOmxMp3Dec(  264): pBitStreamBuf=0x416ea500,pBitStreamRead=0x416ea9e6,pBitStreamRead[0]=0xff,pBitStreamRead[1]=0xfb,pBitStreamRead[2]=0xb2,pBitStreamRead[3]=0x64,pBitStreamRead[4]=0xb0
V/MtkOmxMp3Dec(  264): i=0,ulBytesConsumed=627,mBufferLength=6896,mMp3Dec->handle->PCMSamplesPerCH=1152 mMp3Dec->handle->CHNumber=2
V/MtkOmxMp3Dec(  264): mOutputNum=1,pOutputBuf->nAllocLen =46080, pOutputBuf->nFilledLen=4608 ,mOutputFrameLength=4608
V/MtkOmxMp3Dec(  264): ulBytesConsumed=627, nBitStreamSize=5015, ulNumSamplesOut=2304
V/MtkOmxMp3Dec(  264): pBitStreamBuf=0x416ea500,pBitStreamRead=0x416eac59,pBitStreamRead[0]=0xff,pBitStreamRead[1]=0xfb,pBitStreamRead[2]=0xb2,pBitStreamRead[3]=0x64,pBitStreamRead[4]=0xbb
V/MtkOmxMp3Dec(  264): i=1,ulBytesConsumed=627,mBufferLength=6896,mMp3Dec->handle->PCMSamplesPerCH=1152 mMp3Dec->handle->CHNumber=2
V/MtkOmxMp3Dec(  264): mOutputNum=2,pOutputBuf->nAllocLen =46080, pOutputBuf->nFilledLen=9216 ,mOutputFrameLength=4608
V/MtkOmxMp3Dec(  264): ulBytesConsumed=627, nBitStreamSize=4388, ulNumSamplesOut=2304
V/MtkOmxMp3Dec(  264): pBitStreamBuf=0x416ea500,pBitStreamRead=0x416eaecc,pBitStreamRead[0]=0xff,pBitStreamRead[1]=0xfb,pBitStreamRead[2]=0xb0,pBitStreamRead[3]=0x64,pBitStreamRead[4]=0xc0
V/MtkOmxMp3Dec(  264): i=2,ulBytesConsumed=626,mBufferLength=6896,mMp3Dec->handle->PCMSamplesPerCH=1152 mMp3Dec->handle->CHNumber=2
V/MtkOmxMp3Dec(  264): mOutputNum=3,pOutputBuf->nAllocLen =46080, pOutputBuf->nFilledLen=13824 ,mOutputFrameLength=4608
V/MtkOmxMp3Dec(  264): ulBytesConsumed=626, nBitStreamSize=3762, ulNumSamplesOut=2304
V/MtkOmxMp3Dec(  264): pBitStreamBuf=0x416ea500,pBitStreamRead=0x416eb13e,pBitStreamRead[0]=0xff,pBitStreamRead[1]=0xfb,pBitStreamRead[2]=0xb2,pBitStreamRead[3]=0x64,pBitStreamRead[4]=0xc1
V/MtkOmxMp3Dec(  264): i=3,ulBytesConsumed=627,mBufferLength=6896,mMp3Dec->handle->PCMSamplesPerCH=1152 mMp3Dec->handle->CHNumber=2
V/MtkOmxMp3Dec(  264): mOutputNum=4,pOutputBuf->nAllocLen =46080, pOutputBuf->nFilledLen=18432 ,mOutputFrameLength=4608
V/MtkOmxMp3Dec(  264): ulBytesConsumed=627, nBitStreamSize=3135, ulNumSamplesOut=2304
V/MtkOmxMp3Dec(  264): pBitStreamBuf=0x416ea500,pBitStreamRead=0x416eb3b1,pBitStreamRead[0]=0xff,pBitStreamRead[1]=0xfb,pBitStreamRead[2]=0xb2,pBitStreamRead[3]=0x64,pBitStreamRead[4]=0xc2
V/MtkOmxMp3Dec(  264): i=4,ulBytesConsumed=627,mBufferLength=6896,mMp3Dec->handle->PCMSamplesPerCH=1152 mMp3Dec->handle->CHNumber=2
V/MtkOmxMp3Dec(  264): mOutputNum=5,pOutputBuf->nAllocLen =46080, pOutputBuf->nFilledLen=23040 ,mOutputFrameLength=4608
V/MtkOmxMp3Dec(  264): ulBytesConsumed=627, nBitStreamSize=2508, ulNumSamplesOut=2304
V/MtkOmxMp3Dec(  264): pBitStreamBuf=0x416ea500,pBitStreamRead=0x416eb624,pBitStreamRead[0]=0xff,pBitStreamRead[1]=0xfb,pBitStreamRead[2]=0xb2,pBitStreamRead[3]=0x64,pBitStreamRead[4]=0xb7
V/MtkOmxMp3Dec(  264): i=5,ulBytesConsumed=627,mBufferLength=6896,mMp3Dec->handle->PCMSamplesPerCH=1152 mMp3Dec->handle->CHNumber=2
V/MtkOmxMp3Dec(  264): mOutputNum=6,pOutputBuf->nAllocLen =46080, pOutputBuf->nFilledLen=27648 ,mOutputFrameLength=4608
V/MtkOmxMp3Dec(  264): ulBytesConsumed=627, nBitStreamSize=1881, ulNumSamplesOut=2304
V/MtkOmxMp3Dec(  264): pBitStreamBuf=0x416ea500,pBitStreamRead=0x416eb897,pBitStreamRead[0]=0xff,pBitStreamRead[1]=0xfb,pBitStreamRead[2]=0xb2,pBitStreamRead[3]=0x64,pBitStreamRead[4]=0x9e
V/MtkOmxMp3Dec(  264): i=6,ulBytesConsumed=627,mBufferLength=6896,mMp3Dec->handle->PCMSamplesPerCH=1152 mMp3Dec->handle->CHNumber=2
V/MtkOmxMp3Dec(  264): mOutputNum=7,pOutputBuf->nAllocLen =46080, pOutputBuf->nFilledLen=32256 ,mOutputFrameLength=4608
V/MtkOmxMp3Dec(  264): ulBytesConsumed=627, nBitStreamSize=1254, ulNumSamplesOut=2304
V/MtkOmxMp3Dec(  264): pBitStreamBuf=0x416ea500,pBitStreamRead=0x416ebb0a,pBitStreamRead[0]=0xff,pBitStreamRead[1]=0xfb,pBitStreamRead[2]=0xb2,pBitStreamRead[3]=0x64,pBitStreamRead[4]=0x8f
V/MtkOmxMp3Dec(  264): i=7,ulBytesConsumed=627,mBufferLength=6896,mMp3Dec->handle->PCMSamplesPerCH=1152 mMp3Dec->handle->CHNumber=2
V/MtkOmxMp3Dec(  264): mOutputNum=8,pOutputBuf->nAllocLen =46080, pOutputBuf->nFilledLen=36864 ,mOutputFrameLength=4608
V/MtkOmxMp3Dec(  264): ulBytesConsumed=627, nBitStreamSize=627, ulNumSamplesOut=2304
V/MtkOmxMp3Dec(  264): pBitStreamBuf=0x416ea500,pBitStreamRead=0x416ebd7d,pBitStreamRead[0]=0xff,pBitStreamRead[1]=0xfb,pBitStreamRead[2]=0xb2,pBitStreamRead[3]=0x64,pBitStreamRead[4]=0xa5
V/MtkOmxMp3Dec(  264): i=8,ulBytesConsumed=627,mBufferLength=6896,mMp3Dec->handle->PCMSamplesPerCH=1152 mMp3Dec->handle->CHNumber=2
V/MtkOmxMp3Dec(  264): mOutputNum=9,pOutputBuf->nAllocLen =46080, pOutputBuf->nFilledLen=41472 ,mOutputFrameLength=4608
V/MtkOmxMp3Dec(  264): ulBytesConsumed=627, nBitStreamSize=0, ulNumSamplesOut=2304
V/MtkOmxMp3Dec(  264): MP3 @@ QueueOutputBuffer (6)
V/MtkOmxMp3Dec(  264): DecodeAudio ----QueueOutputBuffer
V/MtkOmxMp3Dec(  264): DecodeAudio ---- HandleEmptyBufferDone
V/MtkOmxMp3Dec(  264): In DecodeAudio -- pInputBuf:0x2d9048 , pOutputBuf :0x2d9af8
V/MtkOmxMp3Dec(  264): In DecodeAudio -- pInputBuf->pBuffer:0x416edfa0 , pOutputBuf->pBuffer :0x4296b800
V/MtkOmxMp3Dec(  264): In DecodeAudio -- pInputBuf->nOffset =0,pOutputBuf->nOffset =0
V/MtkOmxMp3Dec(  264): In DecodeAudio -- pInputBuf->nFilledLen =6896,pOutputBuf->nFilledLen =41472
V/MtkOmxMp3Dec(  264): In DecodeAudio -- pInputBuf->nTimeStamp =62928979,pOutputBuf->nTimeStamp =62693876
V/MtkOmxMp3Dec(  264): new input buffer pointer 0x416edfa0 length 6896 !
V/MtkOmxMp3Dec(  264): pBitStreamBuf=0x416edfa0,pBitStreamRead=0x416edfa0,pBitStreamRead[0]=0xff,pBitStreamRead[1]=0xfb,pBitStreamRead[2]=0xb2,pBitStreamRead[3]=0x64,pBitStreamRead[4]=0xaa
V/MtkOmxMp3Dec(  264): i=0,ulBytesConsumed=627,mBufferLength=6896,mMp3Dec->handle->PCMSamplesPerCH=1152 mMp3Dec->handle->CHNumber=2
V/MtkOmxMp3Dec(  264): mOutputNum=10,pOutputBuf->nAllocLen =46080, pOutputBuf->nFilledLen=46080 ,mOutputFrameLength=4608
V/MtkOmxMp3Dec(  264): ulBytesConsumed=627, nBitStreamSize=6269, ulNumSamplesOut=2304
V/MtkOmxMp3Dec(  264): pInputBuf->nFilledLen =6269
V/MtkOmxMp3Dec(  264): DecodeAudio ---- HandleFillBufferDone: 62693876
V/MtkOmxMp3Dec(  264): DecodeAudio ----QueueInputBuffer
V/MtkOmxMp3Dec(  264): MP3 @@ QueueInputBuffer (9)
V/MediaPlayerService(  264): [6] isPlaying: 1
V/MediaPlayer( 1415): isPlaying: 1
V/MediaPlayerService(  264): [6] isPlaying: 1
V/MediaPlayer( 1415): isPlaying: 1
V/MediaPlayer( 1415): getCurrentPosition
V/MediaPlayerService(  264): getCurrentPosition
V/MediaPlayerService(  264): [6] getCurrentPosition = 60604
V/MediaPlayerService(  264): [6] isPlaying: 1
V/MediaPlayer( 1415): isPlaying: 1
V/MediaPlayerService(  264): [6] isPlaying: 1
V/MediaPlayer( 1415): isPlaying: 1
V/MediaPlayer( 1415): getCurrentPosition
V/MediaPlayerService(  264): getCurrentPosition
V/MediaPlayerService(  264): [6] getCurrentPosition = 60604
V/MediaPlayerService(  264): [6] isPlaying: 1
V/MediaPlayer( 1415): isPlaying: 1
V/MediaPlayerService(  264): [6] isPlaying: 1
V/MediaPlayer( 1415): isPlaying: 1
V/MediaPlayer( 1415): getCurrentPosition
V/MediaPlayerService(  264): getCurrentPosition
V/MediaPlayerService(  264): [6] getCurrentPosition = 60627
