
shell@android:/ # 
shell@android:/ # 
shell@android:/ # 
shell@android:/ # logcat
--------- beginning of /dev/log/system
D/StatusBar.NetworkController(  532): ------------------EthernetManager is on ----------
D/StatusBar.NetworkController(  532): ------------------getLinkStatus ----------
D/StatusBar.NetworkController(  532): ------------------mEthernetConnected is  ----------false
D/StatusBar.NetworkController(  532): ------------------EthernetManager is on 11-11-11-11-11----------
D/StatusBar.NetworkController(  532): ------------------EthernetManager is on 13-13-13-13-13-13----------
D/StatusBar.NetworkController(  532): ------------------EthernetManager is on ----------
D/StatusBar.NetworkController(  532): ------------------getLinkStatus ----------
D/StatusBar.NetworkController(  532): ------------------mEthernetConnected is  ----------false
D/StatusBar.NetworkController(  532): ------------------EthernetManager is on 11-11-11-11-11----------
D/StatusBar.NetworkController(  532): ------------------EthernetManager is on 13-13-13-13-13-13----------
D/StatusBar.NetworkController(  532): ------------------EthernetManager is on ----------
D/StatusBar.NetworkController(  532): ------------------getLinkStatus ----------
D/StatusBar.NetworkController(  532): ------------------mEthernetConnected is  ----------false
D/StatusBar.NetworkController(  532): ------------------EthernetManager is on 11-11-11-11-11----------
D/StatusBar.NetworkController(  532): ------------------EthernetManager is on 13-13-13-13-13-13----------
D/StatusBar.NetworkController(  532): ------------------EthernetManager is on ----------
D/StatusBar.NetworkController(  532): ------------------getLinkStatus ----------
D/StatusBar.NetworkController(  532): ------------------mEthernetConnected is  ----------false
D/StatusBar.NetworkController(  532): ------------------EthernetManager is on 11-11-11-11-11----------
D/StatusBar.NetworkController(  532): ------------------EthernetManager is on 13-13-13-13-13-13----------
D/StatusBar.NetworkController(  532): ------------------EthernetManager is on ----------
D/StatusBar.NetworkController(  532): ------------------getLinkStatus ----------
D/StatusBar.NetworkController(  532): ------------------mEthernetConnected is  ----------false
D/StatusBar.NetworkController(  532): ------------------EthernetManager is on 11-11-11-11-11----------
D/StatusBar.NetworkController(  532): ------------------EthernetManager is on 13-13-13-13-13-13----------
D/StatusBar.NetworkController(  532): ------------------EthernetManager is on ----------
D/StatusBar.NetworkController(  532): ------------------getLinkStatus ----------
D/StatusBar.NetworkController(  532): ------------------mEthernetConnected is  ----------false
D/StatusBar.NetworkController(  532): ------------------EthernetManager is on 11-11-11-11-11----------
D/StatusBar.NetworkController(  532): ------------------EthernetManager is on 13-13-13-13-13-13----------
D/StatusBar.NetworkController(  532): ------------------EthernetManager is on ----------
D/StatusBar.NetworkController(  532): ------------------getLinkStatus ----------
D/StatusBar.NetworkController(  532): ------------------mEthernetConnected is  ----------false
D/StatusBar.NetworkController(  532): ------------------EthernetManager is on 11-11-11-11-11----------
D/StatusBar.NetworkController(  532): ------------------EthernetManager is on 13-13-13-13-13-13----------
D/StatusBar.NetworkController(  532): ------------------EthernetManager is on ----------
D/StatusBar.NetworkController(  532): ------------------getLinkStatus ----------
D/StatusBar.NetworkController(  532): ------------------mEthernetConnected is  ----------false
D/StatusBar.NetworkController(  532): ------------------EthernetManager is on 11-11-11-11-11----------
D/StatusBar.NetworkController(  532): ------------------EthernetManager is on 13-13-13-13-13-13----------
D/StatusBar.NetworkController(  532): ------------------EthernetManager is on ----------
D/StatusBar.NetworkController(  532): ------------------getLinkStatus ----------
D/StatusBar.NetworkController(  532): ------------------mEthernetConnected is  ----------false
D/StatusBar.NetworkController(  532): ------------------EthernetManager is on 11-11-11-11-11----------
D/StatusBar.NetworkController(  532): ------------------EthernetManager is on 13-13-13-13-13-13----------
D/StatusBar.NetworkController(  532): ------------------EthernetManager is on ----------
D/StatusBar.NetworkController(  532): ------------------getLinkStatus ----------
D/StatusBar.NetworkController(  532): ------------------mEthernetConnected is  ----------false
D/StatusBar.NetworkController(  532): ------------------EthernetManager is on 11-11-11-11-11----------
D/StatusBar.NetworkController(  532): ------------------EthernetManager is on 13-13-13-13-13-13----------
D/StatusBar.NetworkController(  532): ------------------EthernetManager is on ----------
D/StatusBar.NetworkController(  532): ------------------getLinkStatus ----------
D/StatusBar.NetworkController(  532): ------------------mEthernetConnected is  ----------false
D/StatusBar.NetworkController(  532): ------------------EthernetManager is on 11-11-11-11-11----------
D/StatusBar.NetworkController(  532): ------------------EthernetManager is on 13-13-13-13-13-13----------
D/StatusBar.NetworkController(  532): ------------------EthernetManager is on ----------
D/StatusBar.NetworkController(  532): ------------------getLinkStatus ----------
D/StatusBar.NetworkController(  532): ------------------mEthernetConnected is  ----------false
D/StatusBar.NetworkController(  532): ------------------EthernetManager is on 11-11-11-11-11----------
D/StatusBar.NetworkController(  532): ------------------EthernetManager is on 13-13-13-13-13-13----------
D/StatusBar.NetworkController(  532): ------------------EthernetManager is on ----------
D/StatusBar.NetworkController(  532): ------------------getLinkStatus ----------
D/StatusBar.NetworkController(  532): ------------------mEthernetConnected is  ----------false
D/StatusBar.NetworkController(  532): ------------------EthernetManager is on 11-11-11-11-11----------
D/StatusBar.NetworkController(  532): ------------------EthernetManager is on 13-13-13-13-13-13----------
D/StatusBar.NetworkController(  532): ------------------EthernetManager is on ----------
D/StatusBar.NetworkController(  532): ------------------getLinkStatus ----------
D/StatusBar.NetworkController(  532): ------------------mEthernetConnected is  ----------false
D/StatusBar.NetworkController(  532): ------------------EthernetManager is on 11-11-11-11-11----------
D/StatusBar.NetworkController(  532): ------------------EthernetManager is on 13-13-13-13-13-13----------
D/StatusBar.NetworkController(  532): ------------------EthernetManager is on ----------
D/StatusBar.NetworkController(  532): ------------------getLinkStatus ----------
D/StatusBar.NetworkController(  532): ------------------mEthernetConnected is  ----------false
D/StatusBar.NetworkController(  532): ------------------EthernetManager is on 11-11-11-11-11----------
D/StatusBar.NetworkController(  532): ------------------EthernetManager is on 13-13-13-13-13-13----------
D/StatusBar.NetworkController(  532): ------------------EthernetManager is on ----------
D/StatusBar.NetworkController(  532): ------------------getLinkStatus ----------
D/StatusBar.NetworkController(  532): ------------------mEthernetConnected is  ----------false
D/StatusBar.NetworkController(  532): ------------------EthernetManager is on 11-11-11-11-11----------
D/StatusBar.NetworkController(  532): ------------------EthernetManager is on 13-13-13-13-13-13----------
D/StatusBar.NetworkController(  532): ------------------EthernetManager is on ----------
D/StatusBar.NetworkController(  532): ------------------getLinkStatus ----------
D/StatusBar.NetworkController(  532): ------------------mEthernetConnected is  ----------false
D/StatusBar.NetworkController(  532): ------------------EthernetManager is on 11-11-11-11-11----------
D/StatusBar.NetworkController(  532): ------------------EthernetManager is on 13-13-13-13-13-13----------
D/StatusBar.NetworkController(  532): ------------------EthernetManager is on ----------
D/StatusBar.NetworkController(  532): ------------------getLinkStatus ----------
D/StatusBar.NetworkController(  532): ------------------mEthernetConnected is  ----------false
D/StatusBar.NetworkController(  532): ------------------EthernetManager is on 11-11-11-11-11----------
D/StatusBar.NetworkController(  532): ------------------EthernetManager is on 13-13-13-13-13-13----------
E/NetlinkListener(  265): recvmsg mBuffer:
E/NetlinkListener(  265):  (D)
E/NetlinkListener(  265): recvmsg mBuffer:
E/NetlinkListener(  265):  (/ConnectivityService(  432): ConnectivityChange for WIFI: DISCONNECTED/DISCONNECTED
D/StatusBar.NetworkController(  532): ------------------EthernetManager is on ----------
D/StatusBar.NetworkController(  532): ------------------getLinkStatus ----------
D/ConnectivityService(  432): Attempting to switch to mobile
V/EthernetService(  432): setState, mEthState=2, state=2
E/EthernetService(  432): getSavedConfig
E/EthernetService(  432): ifName: eth0 ipaddr:192.168.2.6 netmask:255.255.255.0 getway:192.168.2.1 dns:192.168.2.1
I/EthernetService(  432): reset device eth0
D/StatusBar.NetworkController(  532): ------------------mEthernetConnected is  ----------false
D/StatusBar.NetworkController(  532): ------------------EthernetManager is on :status_bar_settings_ethernet_connected 77777777777----------
D/StatusBar.NetworkController(  532): ------------------EthernetManager is on 14-14-14-14-14----------
D/StatusBar.NetworkController(  532): ------------------EthernetManager is on 15-15-15-15-15----------
D/StatusBar.NetworkController(  532): ------------------EthernetManager is on :status_bar_settings_ethernet_connected 333333333----------
I/EthernetService(  432): report new state DISCONNECTED on dev eth0
V/EthernetService(  432): update network state tracker
E/NetlinkListener(  265): recvmsg mBuffer:
E/NetlinkListener(  265):  (?
E/NetlinkListener(  265): recvmsg mBuffer:
E/NetlinkListener(  265):  (?
I/EthernetService(  432): switch mode to: dhcp for interface: eth0
D/ConnectivityService(  432): Attempting to switch to ETH
E/ConnectivityService(  432): Exception trying to remove a route: java.lang.IllegalStateException: Unable to communicate with native dameon to add routes - com.android.server.NativeDaemonConnectorException: Cmd {interface route remove wlan0 default 192.168.2.1 32 0.0.0.0} failed with code 400 : {Failed to remove route from default table (No such process)}
E/ConnectivityService(  432): Exception trying to remove a route: java.lang.IllegalStateException: Unable to communicate with native dameon to add routes - com.android.server.NativeDaemonConnectorException: Cmd {interface route remove wlan0 default 0.0.0.0 0 192.168.2.1} failed with code 400 : {Failed to remove route from default table (No such process)}
D/ConnectivityService(  432): resetConnections(wlan0, 3)
I/EthernetService(  432): report new state DISCONNECTED on dev eth0
V/EthernetService(  432): update network state tracker
I/EthernetService(  432): received disconnected events, stack=false HW=false
I/EthernetService(  432): dhcp hardware unconnected, you send boradcast to handle it.
I/EthernetService(  432):  broadcastConnectionEvent : 4
I/EthernetService(  432): received disconnected events, stack=false HW=false
I/EthernetService(  432): dhcp hardware unconnected, you send boradcast to handle it.
I/EthernetService(  432):  broadcastConnectionEvent : 4
D/StatusBar.NetworkController(  532): receive the EthernetManager.ETHERNET_STATE_CHANGED_ACTION broadcast
D/StatusBar.NetworkController(  532): updateEthernetState:intent=Intent { act=android.net.ethernet.ETHERNET_STATE_CHANGED flg=0x10000000 (has extras) }
D/StatusBar.NetworkController(  532): updateEthernetState:get ethernet state, value= EthernetManager.XXX 4
D/StatusBar.NetworkController(  532): ------------------EthernetManager is on ----------
D/StatusBar.NetworkController(  532): ------------------getLinkStatus ----------
D/StatusBar.NetworkController(  532): ------------------mEthernetConnected is  ----------false
D/StatusBar.NetworkController(  532): ------------------EthernetManager is on :status_bar_settings_ethernet_connected 77777777777----------
D/StatusBar.NetworkController(  532): ------------------EthernetManager is on 14-14-14-14-14----------
D/StatusBar.NetworkController(  532): ------------------EthernetManager is on 15-15-15-15-15----------
D/StatusBar.NetworkController(  532): ------------------EthernetManager is on :status_bar_settings_ethernet_connected 333333333----------
D/StatusBar.NetworkController(  532): receive the EthernetManager.ETHERNET_STATE_CHANGED_ACTION broadcast
D/StatusBar.NetworkController(  532): updateEthernetState:intent=Intent { act=android.net.ethernet.ETHERNET_STATE_CHANGED flg=0x10000000 (has extras) }
D/StatusBar.NetworkController(  532): updateEthernetState:get ethernet state, value= EthernetManager.XXX 4
D/StatusBar.NetworkController(  532): ------------------EthernetManager is on ----------
D/StatusBar.NetworkController(  532): ------------------getLinkStatus ----------
D/StatusBar.NetworkController(  532): ------------------mEthernetConnected is  ----------false
D/StatusBar.NetworkController(  532): ------------------EthernetManager is on :status_bar_settings_ethernet_connected 77777777777----------
D/StatusBar.NetworkController(  532): ------------------EthernetManager is on 14-14-14-14-14----------
D/StatusBar.NetworkController(  532): ------------------EthernetManager is on 15-15-15-15-15----------
D/StatusBar.NetworkController(  532): ------------------EthernetManager is on :status_bar_settings_ethernet_connected 333333333----------
D/ConnectivityService(  432): ConnectivityChange for WIFI: DISCONNECTED/DISCONNECTED
D/ConnectivityService(  432): Attempting to switch to mobile
V/EthernetService(  432): setState, mEthState=2, state=2
E/EthernetService(  432): getSavedConfig
E/EthernetService(  432): ifName: eth0 ipaddr:192.168.2.6 netmask:255.255.255.0 getway:192.168.2.1 dns:192.168.2.1
I/EthernetService(  432): reset device eth0
I/EthernetService(  432): switch mode to: dhcp for interface: eth0
D/ConnectivityService(  432): Attempting to switch to ETH
D/ConnectivityService(  432): resetConnections(wlan0, 3)
D/EthernetService(  432): I/F is not up yet, not to do dhcp
E/NetlinkListener(  265): recvmsg mBuffer:
E/NetlinkListener(  265):  (8)
D/StatusBar.NetworkController(  532): ------------------EthernetManager is on ----------
D/StatusBar.NetworkController(  532): ------------------getLinkStatus ----------
D/StatusBar.NetworkController(  532): ------------------mEthernetConnected is  ----------false
D/StatusBar.NetworkController(  532): ------------------EthernetManager is on :status_bar_settings_ethernet_connected 77777777777----------
D/StatusBar.NetworkController(  532): ------------------EthernetManager is on 14-14-14-14-14----------
D/StatusBar.NetworkController(  532): ------------------EthernetManager is on 15-15-15-15-15----------
D/StatusBar.NetworkController(  532): ------------------EthernetManager is on :status_bar_settings_ethernet_connected 333333333----------
V/EthernetService(  432): report interface is up for eth0
E/NetlinkListener(  265): recvmsg mBuffer:
E/NetlinkListener(  265):  (?
I/EthernetService(  432): interface up event, kick off connection request
E/EthernetService(  432): getSavedConfig
E/EthernetService(  432): ifName: eth0 ipaddr:192.168.2.6 netmask:255.255.255.0 getway:192.168.2.1 dns:192.168.2.1
I/EthernetService(  432): switch mode to: dhcp for interface: eth0
D/EthernetService(  432): DhcpHandler: DHCP request started
D/StatusBar.NetworkController(  532): ------------------EthernetManager is on ----------
D/StatusBar.NetworkController(  532): ------------------getLinkStatus ----------
D/StatusBar.NetworkController(  532): ------------------mEthernetConnected is  ----------true
D/StatusBar.NetworkController(  532): ------------------EthernetManager is on :status_bar_settings_ethernet_connected 4444444444----------
D/StatusBar.NetworkController(  532): ------------------EthernetManager is on 14-14-14-14-14----------
D/StatusBar.NetworkController(  532): ------------------EthernetManager is on 15-15-15-15-15----------
D/StatusBar.NetworkController(  532): ------------------EthernetManager is on :status_bar_settings_ethernet_connected 333333333----------
I/EthernetService(  432): report new state CONNECTED on dev eth0
V/EthernetService(  432): update network state tracker
I/EthernetService(  432): received HW connected, stack=false HW=false
D/EthernetService(  432): DhcpHandler:hank DHCP request succeeded: addr: 192.168.2.2/24 mRoutes: 0.0.0.0/0 -> 192.168.2.1 |  dns: 192.168.2.1,192.168.99.5 dhcpServer: 192.168.2.1 leaseDuration: 1800
I/EthernetService(  432): received configured succeeded, stack=false HW=true
I/EthernetService(  432):  broadcastConnectionInfo: true
I/EthernetService(  432):  broadcastConnectionEvent : 1
V/EthernetStateTracker(  432): receive NETWORK_STATE_CHANGED_ACTION
D/ConnectivityService(  432): ConnectivityChange for ETH: CONNECTED/CONNECTED
D/StatusBar.NetworkController(  532): receive the EthernetManager.ETHERNET_STATE_CHANGED_ACTION broadcast
D/StatusBar.NetworkController(  532): updateEthernetState:intent=Intent { act=android.net.ethernet.ETHERNET_STATE_CHANGED flg=0x10000000 (has extras) }
D/StatusBar.NetworkController(  532): updateEthernetState:get ethernet state, value= EthernetManager.EVENT_INTERFACE_CONFIGURATION_SUCCEEDED 1
D/StatusBar.NetworkController(  532): ------------------EthernetManager is on ----------
D/StatusBar.NetworkController(  532): ------------------getLinkStatus ----------
D/StatusBar.NetworkController(  532): ------------------mEthernetConnected is  ----------true
D/StatusBar.NetworkController(  532): ------------------EthernetManager is on :status_bar_settings_ethernet_connected 4444444444----------
D/StatusBar.NetworkController(  532): ------------------EthernetManager is on 14-14-14-14-14----------
D/StatusBar.NetworkController(  532): ------------------EthernetManager is on 15-15-15-15-15----------
D/StatusBar.NetworkController(  532): ------------------EthernetManager is on :status_bar_settings_ethernet_connected 333333333----------
D/ConnectivityService(  432): NetTransition Wakelock for WifiStateMachine released by timeout
W/InputManagerService(  432): Window already focused, ignoring focus gain of: com.android.internal.view.IInputMethodClient$Stub$Proxy@41173b20
D/StatusBar.NetworkController(  532): ------------------EthernetManager is on ----------
D/StatusBar.NetworkController(  532): ------------------getLinkStatus ----------
D/StatusBar.NetworkController(  532): ------------------mEthernetConnected is  ----------true
D/StatusBar.NetworkController(  532): ------------------EthernetManager is on :status_bar_settings_ethernet_connected 4444444444----------
D/StatusBar.NetworkController(  532): ------------------EthernetManager is on 14-14-14-14-14----------
D/StatusBar.NetworkController(  532): ------------------EthernetManager is on 15-15-15-15-15----------
D/StatusBar.NetworkController(  532): ------------------EthernetManager is on :status_bar_settings_ethernet_connected 333333333----------
E/NetlinkListener(  265): recvmsg mBuffer:
E/NetlinkListener(  265):  (8)
E/NetlinkListener(  265): recvmsg mBuffer:
E/NetlinkListener(  265):  (8)
E/NetlinkListener(  265): recvmsg mBuffer:
E/NetlinkListener(  265):  (<)
E/NetlinkListener(  265): recvmsg mBuffer:
E/NetlinkListener(  265):  (D)
E/NetlinkListener(  265): recvmsg mBuffer:
E/NetlinkListener(  265):  (d)
E/NetlinkListener(  265): recvmsg mBuffer:
E/NetlinkListener(  265):  (D)
E/NetlinkListener(  265): recvmsg mBuffer:
E/NetlinkListener(  265):  (/StatusBar.NetworkController(  532): ------------------EthernetManager is on ----------
D/StatusBar.NetworkController(  532): ------------------getLinkStatus ----------
D/StatusBar.NetworkController(  532): ------------------mEthernetConnected is  ----------true
D/StatusBar.NetworkController(  532): ------------------EthernetManager is on :status_bar_settings_ethernet_connected 4444444444----------
D/StatusBar.NetworkController(  532): ------------------EthernetManager is on 14-14-14-14-14----------
D/StatusBar.NetworkController(  532): ------------------EthernetManager is on 15-15-15-15-15----------
D/StatusBar.NetworkController(  532): ------------------EthernetManager is on :status_bar_settings_ethernet_connected 333333333----------
D/ConnectivityService(  432): ConnectivityChange for WIFI: CONNECTED/CONNECTED
D/ConnectivityService(  432): two network is both Default
D/ConnectivityService(  432): forbid MutiNetCoexist at the same time
D/ConnectivityService(  432): Policy requires ETH teardown
E/EthernetService(  432): getSavedConfig
D/StatusBar.NetworkController(  532): ------------------EthernetManager is on ----------
D/StatusBar.NetworkController(  532): ------------------getLinkStatus ----------
E/EthernetService(  432): ifName: eth0 ipaddr:192.168.2.2 netmask:255.255.255.0 getway:192.168.2.1 dns:192.168.2.1
I/EthernetService(  432): stop dhcp and interface
D/StatusBar.NetworkController(  532): ------------------mEthernetConnected is  ----------true
D/StatusBar.NetworkController(  532): ------------------EthernetManager is on 11-11-11-11-11----------
D/StatusBar.NetworkController(  532): ------------------EthernetManager is on 13-13-13-13-13-13----------
D/StatusBar.NetworkController(  532): ------------------EthernetManager is on ----------
D/StatusBar.NetworkController(  532): ------------------getLinkStatus ----------
D/StatusBar.NetworkController(  532): ------------------mEthernetConnected is  ----------true
D/StatusBar.NetworkController(  532): ------------------EthernetManager is on 11-11-11-11-11----------
D/StatusBar.NetworkController(  532): ------------------EthernetManager is on 13-13-13-13-13-13----------
I/EthernetService(  432): report new state DISCONNECTED on dev eth0
V/EthernetService(  432): update network state tracker
E/NetlinkListener(  265): recvmsg mBuffer:
E/NetlinkListener(  265):  (?
I/EthernetService(  432): received disconnected events, stack=true HW=true
I/EthernetService(  432): dhcp hardware unconnected, you send boradcast to handle it.
E/EthernetService(  432): getSavedConfig
E/EthernetService(  432): ifName: eth0 ipaddr:192.168.2.2 netmask:255.255.255.0 getway:192.168.2.1 dns:192.168.2.1
I/EthernetService(  432): stop dhcp and interface
D/ConnectivityService(  432): ConnectivityChange for WIFI: CONNECTED/CONNECTED
D/ConnectivityService(  432): handleConnectivityChange: address are the same reset per doReset linkProperty[1]: resetMask=0
I/EthernetService(  432):  broadcastConnectionInfo: false
I/EthernetService(  432):  broadcastConnectionEvent : 4
V/EthernetStateTracker(  432): receive NETWORK_STATE_CHANGED_ACTION
D/ConnectivityService(  432): ConnectivityChange for ETH: DISCONNECTED/DISCONNECTED
D/ConnectivityService(  432): Attempting to switch to mobile
D/ConnectivityService(  432): Attempting to switch to WIFI
D/StatusBar.NetworkController(  532): receive the EthernetManager.ETHERNET_STATE_CHANGED_ACTION broadcast
D/StatusBar.NetworkController(  532): updateEthernetState:intent=Intent { act=android.net.ethernet.ETHERNET_STATE_CHANGED flg=0x10000000 (has extras) }
D/StatusBar.NetworkController(  532): updateEthernetState:get ethernet state, value= EthernetManager.XXX 4
D/StatusBar.NetworkController(  532): ------------------EthernetManager is on ----------
D/StatusBar.NetworkController(  532): ------------------getLinkStatus ----------
D/StatusBar.NetworkController(  532): ------------------mEthernetConnected is  ----------false
D/StatusBar.NetworkController(  532): ------------------EthernetManager is on 11-11-11-11-11----------
D/StatusBar.NetworkController(  532): ------------------EthernetManager is on 13-13-13-13-13-13----------
D/StatusBar.NetworkController(  532): ------------------EthernetManager is on ----------
D/StatusBar.NetworkController(  532): ------------------getLinkStatus ----------
D/StatusBar.NetworkController(  532): ------------------mEthernetConnected is  ----------false
D/StatusBar.NetworkController(  532): ------------------EthernetManager is on 11-11-11-11-11----------
D/StatusBar.NetworkController(  532): ------------------EthernetManager is on 13-13-13-13-13-13----------
D/StatusBar.NetworkController(  532): ------------------EthernetManager is on ----------
D/StatusBar.NetworkController(  532): ------------------getLinkStatus ----------
D/StatusBar.NetworkController(  532): ------------------mEthernetConnected is  ----------false
D/StatusBar.NetworkController(  532): ------------------EthernetManager is on 11-11-11-11-11----------
D/StatusBar.NetworkController(  532): ------------------EthernetManager is on 13-13-13-13-13-13----------
D/StatusBar.NetworkController(  532): ------------------EthernetManager is on ----------
D/StatusBar.NetworkController(  532): ------------------getLinkStatus ----------
D/StatusBar.NetworkController(  532): ------------------mEthernetConnected is  ----------false
D/StatusBar.NetworkController(  532): ------------------EthernetManager is on 11-11-11-11-11----------
D/StatusBar.NetworkController(  532): ------------------EthernetManager is on 13-13-13-13-13-13----------
D/StatusBar.NetworkController(  532): ------------------EthernetManager is on ----------
D/StatusBar.NetworkController(  532): ------------------getLinkStatus ----------
D/StatusBar.NetworkController(  532): ------------------mEthernetConnected is  ----------false
D/StatusBar.NetworkController(  532): ------------------EthernetManager is on 11-11-11-11-11----------
D/StatusBar.NetworkController(  532): ------------------EthernetManager is on 13-13-13-13-13-13----------
E/NetlinkListener(  265): recvmsg mBuffer:
E/NetlinkListener(  265):  (?)
E/NetlinkListener(  265): recvmsg mBuffer:
E/NetlinkListener(  265):  (?)
D/StatusBar.NetworkController(  532): ------------------EthernetManager is on ----------
D/StatusBar.NetworkController(  532): ------------------getLinkStatus ----------
D/StatusBar.NetworkController(  532): ------------------mEthernetConnected is  ----------false
D/StatusBar.NetworkController(  532): ------------------EthernetManager is on 11-11-11-11-11----------
D/StatusBar.NetworkController(  532): ------------------EthernetManager is on 13-13-13-13-13-13----------
D/StatusBar.NetworkController(  532): ------------------EthernetManager is on ----------
D/StatusBar.NetworkController(  532): ------------------getLinkStatus ----------
D/StatusBar.NetworkController(  532): ------------------mEthernetConnected is  ----------false
D/StatusBar.NetworkController(  532): ------------------EthernetManager is on 11-11-11-11-11----------
D/StatusBar.NetworkController(  532): ------------------EthernetManager is on 13-13-13-13-13-13----------
D/StatusBar.NetworkController(  532): ------------------EthernetManager is on ----------
D/StatusBar.NetworkController(  532): ------------------getLinkStatus ----------
D/StatusBar.NetworkController(  532): ------------------mEthernetConnected is  ----------false
D/StatusBar.NetworkController(  532): ------------------EthernetManager is on 11-11-11-11-11----------
D/StatusBar.NetworkController(  532): ------------------EthernetManager is on 13-13-13-13-13-13----------
D/StatusBar.NetworkController(  532): ------------------EthernetManager is on ----------
D/StatusBar.NetworkController(  532): ------------------getLinkStatus ----------
D/StatusBar.NetworkController(  532): ------------------mEthernetConnected is  ----------false
D/StatusBar.NetworkController(  532): ------------------EthernetManager is on 11-11-11-11-11----------
D/StatusBar.NetworkController(  532): ------------------EthernetManager is on 13-13-13-13-13-13----------
D/StatusBar.NetworkController(  532): ------------------EthernetManager is on ----------
D/StatusBar.NetworkController(  532): ------------------getLinkStatus ----------
D/StatusBar.NetworkController(  532): ------------------mEthernetConnected is  ----------false
D/StatusBar.NetworkController(  532): ------------------EthernetManager is on 11-11-11-11-11----------
D/StatusBar.NetworkController(  532): ------------------EthernetManager is on 13-13-13-13-13-13----------
D/StatusBar.NetworkController(  532): ------------------EthernetManager is on ----------
D/StatusBar.NetworkController(  532): ------------------getLinkStatus ----------
D/StatusBar.NetworkController(  532): ------------------mEthernetConnected is  ----------false
D/StatusBar.NetworkController(  532): ------------------EthernetManager is on 11-11-11-11-11----------
D/StatusBar.NetworkController(  532): ------------------EthernetManager is on 13-13-13-13-13-13----------
E/NetlinkListener(  265): recvmsg mBuffer:
E/NetlinkListener(  265):  (?)
D/StatusBar.NetworkController(  532): ------------------EthernetManager is on ----------
D/StatusBar.NetworkController(  532): ------------------getLinkStatus ----------
D/StatusBar.NetworkController(  532): ------------------mEthernetConnected is  ----------false
D/StatusBar.NetworkController(  532): ------------------EthernetManager is on 11-11-11-11-11----------
D/StatusBar.NetworkController(  532): ------------------EthernetManager is on 13-13-13-13-13-13----------
D/StatusBar.NetworkController(  532): ------------------EthernetManager is on ----------
D/StatusBar.NetworkController(  532): ------------------getLinkStatus ----------
D/StatusBar.NetworkController(  532): ------------------mEthernetConnected is  ----------false
D/StatusBar.NetworkController(  532): ------------------EthernetManager is on 11-11-11-11-11----------
D/StatusBar.NetworkController(  532): ------------------EthernetManager is on 13-13-13-13-13-13----------
D/StatusBar.NetworkController(  532): ------------------EthernetManager is on ----------
D/StatusBar.NetworkController(  532): ------------------getLinkStatus ----------
D/StatusBar.NetworkController(  532): ------------------mEthernetConnected is  ----------false
D/StatusBar.NetworkController(  532): ------------------EthernetManager is on 11-11-11-11-11----------
D/StatusBar.NetworkController(  532): ------------------EthernetManager is on 13-13-13-13-13-13----------
D/StatusBar.NetworkController(  532): ------------------EthernetManager is on ----------
D/StatusBar.NetworkController(  532): ------------------getLinkStatus ----------
D/StatusBar.NetworkController(  532): ------------------mEthernetConnected is  ----------false
D/StatusBar.NetworkController(  532): ------------------EthernetManager is on 11-11-11-11-11----------
D/StatusBar.NetworkController(  532): ------------------EthernetManager is on 13-13-13-13-13-13----------
E/NetlinkListener(  265): recvmsg mBuffer:
E/NetlinkListener(  265):  (?)
D/StatusBar.NetworkController(  532): ------------------EthernetManager is on ----------
D/StatusBar.NetworkController(  532): ------------------getLinkStatus ----------
D/StatusBar.NetworkController(  532): ------------------mEthernetConnected is  ----------false
D/StatusBar.NetworkController(  532): ------------------EthernetManager is on 11-11-11-11-11----------
D/StatusBar.NetworkController(  532): ------------------EthernetManager is on 13-13-13-13-13-13----------
D/StatusBar.NetworkController(  532): ------------------EthernetManager is on ----------
D/StatusBar.NetworkController(  532): ------------------getLinkStatus ----------
D/StatusBar.NetworkController(  532): ------------------mEthernetConnected is  ----------false
D/StatusBar.NetworkController(  532): ------------------EthernetManager is on 11-11-11-11-11----------
D/StatusBar.NetworkController(  532): ------------------EthernetManager is on 13-13-13-13-13-13----------
D/StatusBar.NetworkController(  532): ------------------EthernetManager is on ----------
D/StatusBar.NetworkController(  532): ------------------getLinkStatus ----------
D/StatusBar.NetworkController(  532): ------------------mEthernetConnected is  ----------false
D/StatusBar.NetworkController(  532): ------------------EthernetManager is on 11-11-11-11-11----------
D/StatusBar.NetworkController(  532): ------------------EthernetManager is on 13-13-13-13-13-13----------
D/StatusBar.NetworkController(  532): ------------------EthernetManager is on ----------
D/StatusBar.NetworkController(  532): ------------------getLinkStatus ----------
D/StatusBar.NetworkController(  532): ------------------mEthernetConnected is  ----------false
D/StatusBar.NetworkController(  532): ------------------EthernetManager is on 11-11-11-11-11----------
D/StatusBar.NetworkController(  532): ------------------EthernetManager is on 13-13-13-13-13-13----------
D/StatusBar.NetworkController(  532): ------------------EthernetManager is on ----------
D/StatusBar.NetworkController(  532): ------------------getLinkStatus ----------
D/StatusBar.NetworkController(  532): ------------------mEthernetConnected is  ----------false
D/StatusBar.NetworkController(  532): ------------------EthernetManager is on 11-11-11-11-11----------
D/StatusBar.NetworkController(  532): ------------------EthernetManager is on 13-13-13-13-13-13----------
D/StatusBar.NetworkController(  532): ------------------EthernetManager is on ----------
D/StatusBar.NetworkController(  532): ------------------getLinkStatus ----------
D/StatusBar.NetworkController(  532): ------------------mEthernetConnected is  ----------false
D/StatusBar.NetworkController(  532): ------------------EthernetManager is on 11-11-11-11-11----------
D/StatusBar.NetworkController(  532): ------------------EthernetManager is on 13-13-13-13-13-13----------
D/StatusBar.NetworkController(  532): ------------------EthernetManager is on ----------
D/StatusBar.NetworkController(  532): ------------------getLinkStatus ----------
D/StatusBar.NetworkController(  532): ------------------mEthernetConnected is  ----------false
D/StatusBar.NetworkController(  532): ------------------EthernetManager is on 11-11-11-11-11----------
D/StatusBar.NetworkController(  532): ------------------EthernetManager is on 13-13-13-13-13-13----------
D/StatusBar.NetworkController(  532): ------------------EthernetManager is on ----------
D/StatusBar.NetworkController(  532): ------------------getLinkStatus ----------
D/StatusBar.NetworkController(  532): ------------------mEthernetConnected is  ----------false
D/StatusBar.NetworkController(  532): ------------------EthernetManager is on 11-11-11-11-11----------
D/StatusBar.NetworkController(  532): ------------------EthernetManager is on 13-13-13-13-13-13----------
E/NetlinkListener(  265): recvmsg mBuffer:
E/NetlinkListener(  265):  (?)
D/StatusBar.NetworkController(  532): ------------------EthernetManager is on ----------
D/StatusBar.NetworkController(  532): ------------------getLinkStatus ----------
D/StatusBar.NetworkController(  532): ------------------mEthernetConnected is  ----------false
D/StatusBar.NetworkController(  532): ------------------EthernetManager is on 11-11-11-11-11----------
D/StatusBar.NetworkController(  532): ------------------EthernetManager is on 13-13-13-13-13-13----------
D/StatusBar.NetworkController(  532): ------------------EthernetManager is on ----------
D/StatusBar.NetworkController(  532): ------------------getLinkStatus ----------
D/StatusBar.NetworkController(  532): ------------------mEthernetConnected is  ----------false
D/StatusBar.NetworkController(  532): ------------------EthernetManager is on 11-11-11-11-11----------
D/StatusBar.NetworkController(  532): ------------------EthernetManager is on 13-13-13-13-13-13----------
D/StatusBar.NetworkController(  532): ------------------EthernetManager is on ----------
D/StatusBar.NetworkController(  532): ------------------getLinkStatus ----------
D/StatusBar.NetworkController(  532): ------------------mEthernetConnected is  ----------false
D/StatusBar.NetworkController(  532): ------------------EthernetManager is on 11-11-11-11-11----------
D/StatusBar.NetworkController(  532): ------------------EthernetManager is on 13-13-13-13-13-13----------
D/StatusBar.NetworkController(  532): ------------------EthernetManager is on ----------
D/StatusBar.NetworkController(  532): ------------------getLinkStatus ----------
D/StatusBar.NetworkController(  532): ------------------mEthernetConnected is  ----------false
D/StatusBar.NetworkController(  532): ------------------EthernetManager is on 11-11-11-11-11----------
D/StatusBar.NetworkController(  532): ------------------EthernetManager is on 13-13-13-13-13-13----------
D/StatusBar.NetworkController(  532): ------------------EthernetManager is on ----------
D/StatusBar.NetworkController(  532): ------------------getLinkStatus ----------
D/StatusBar.NetworkController(  532): ------------------mEthernetConnected is  ----------false
D/StatusBar.NetworkController(  532): ------------------EthernetManager is on 11-11-11-11-11----------
D/StatusBar.NetworkController(  532): ------------------EthernetManager is on 13-13-13-13-13-13----------
D/StatusBar.NetworkController(  532): ------------------EthernetManager is on ----------
D/StatusBar.NetworkController(  532): ------------------getLinkStatus ----------
D/StatusBar.NetworkController(  532): ------------------mEthernetConnected is  ----------false
D/StatusBar.NetworkController(  532): ------------------EthernetManager is on 11-11-11-11-11----------
D/StatusBar.NetworkController(  532): ------------------EthernetManager is on 13-13-13-13-13-13----------
D/StatusBar.NetworkController(  532): ------------------EthernetManager is on ----------
D/StatusBar.NetworkController(  532): ------------------getLinkStatus ----------
D/StatusBar.NetworkController(  532): ------------------mEthernetConnected is  ----------false
D/StatusBar.NetworkController(  532): ------------------EthernetManager is on 11-11-11-11-11----------
D/StatusBar.NetworkController(  532): ------------------EthernetManager is on 13-13-13-13-13-13----------
D/StatusBar.NetworkController(  532): ------------------EthernetManager is on ----------
D/StatusBar.NetworkController(  532): ------------------getLinkStatus ----------
D/StatusBar.NetworkController(  532): ------------------mEthernetConnected is  ----------false
D/StatusBar.NetworkController(  532): ------------------EthernetManager is on 11-11-11-11-11----------
D/StatusBar.NetworkController(  532): ------------------EthernetManager is on 13-13-13-13-13-13----------
D/StatusBar.NetworkController(  532): ------------------EthernetManager is on ----------
D/StatusBar.NetworkController(  532): ------------------getLinkStatus ----------
D/StatusBar.NetworkController(  532): ------------------mEthernetConnected is  ----------false
D/StatusBar.NetworkController(  532): ------------------EthernetManager is on 11-11-11-11-11----------
D/StatusBar.NetworkController(  532): ------------------EthernetManager is on 13-13-13-13-13-13----------
D/StatusBar.NetworkController(  532): ------------------EthernetManager is on ----------
D/StatusBar.NetworkController(  532): ------------------getLinkStatus ----------
D/StatusBar.NetworkController(  532): ------------------mEthernetConnected is  ----------false
D/StatusBar.NetworkController(  532): ------------------EthernetManager is on 11-11-11-11-11----------
D/StatusBar.NetworkController(  532): ------------------EthernetManager is on 13-13-13-13-13-13----------
D/StatusBar.NetworkController(  532): ------------------EthernetManager is on ----------
D/StatusBar.NetworkController(  532): ------------------getLinkStatus ----------
D/StatusBar.NetworkController(  532): ------------------mEthernetConnected is  ----------false
D/StatusBar.NetworkController(  532): ------------------EthernetManager is on 11-11-11-11-11----------
D/StatusBar.NetworkController(  532): ------------------EthernetManager is on 13-13-13-13-13-13----------
D/StatusBar.NetworkController(  532): ------------------EthernetManager is on ----------
D/StatusBar.NetworkController(  532): ------------------getLinkStatus ----------
D/StatusBar.NetworkController(  532): ------------------mEthernetConnected is  ----------false
D/StatusBar.NetworkController(  532): ------------------EthernetManager is on 11-11-11-11-11----------
D/StatusBar.NetworkController(  532): ------------------EthernetManager is on 13-13-13-13-13-13----------
E/NetlinkListener(  265): recvmsg mBuffer:
E/NetlinkListener(  265):  (?)
D/StatusBar.NetworkController(  532): ------------------EthernetManager is on ----------
D/StatusBar.NetworkController(  532): ------------------getLinkStatus ----------
D/StatusBar.NetworkController(  532): ------------------mEthernetConnected is  ----------false
D/StatusBar.NetworkController(  532): ------------------EthernetManager is on 11-11-11-11-11----------
D/StatusBar.NetworkController(  532): ------------------EthernetManager is on 13-13-13-13-13-13----------
D/StatusBar.NetworkController(  532): ------------------EthernetManager is on ----------
D/StatusBar.NetworkController(  532): ------------------getLinkStatus ----------
D/StatusBar.NetworkController(  532): ------------------mEthernetConnected is  ----------false
D/StatusBar.NetworkController(  532): ------------------EthernetManager is on 11-11-11-11-11----------
D/StatusBar.NetworkController(  532): ------------------EthernetManager is on 13-13-13-13-13-13----------
E/NetlinkListener(  265): recvmsg mBuffer:
E/NetlinkListener(  265):  (?)
E/NetlinkListener(  265): recvmsg mBuffer:
E/NetlinkListener(  265):  (?)
D/StatusBar.NetworkController(  532): ------------------EthernetManager is on ----------
D/StatusBar.NetworkController(  532): ------------------getLinkStatus ----------
D/StatusBar.NetworkController(  532): ------------------mEthernetConnected is  ----------false
D/StatusBar.NetworkController(  532): ------------------EthernetManager is on 11-11-11-11-11----------
D/StatusBar.NetworkController(  532): ------------------EthernetManager is on 13-13-13-13-13-13----------
D/StatusBar.NetworkController(  532): ------------------EthernetManager is on ----------
D/StatusBar.NetworkController(  532): ------------------getLinkStatus ----------
D/StatusBar.NetworkController(  532): ------------------mEthernetConnected is  ----------false
D/StatusBar.NetworkController(  532): ------------------EthernetManager is on 11-11-11-11-11----------
D/StatusBar.NetworkController(  532): ------------------EthernetManager is on 13-13-13-13-13-13----------
D/StatusBar.NetworkController(  532): ------------------EthernetManager is on ----------
D/StatusBar.NetworkController(  532): ------------------getLinkStatus ----------
D/StatusBar.NetworkController(  532): ------------------mEthernetConnected is  ----------false
D/StatusBar.NetworkController(  532): ------------------EthernetManager is on 11-11-11-11-11----------
D/StatusBar.NetworkController(  532): ------------------EthernetManager is on 13-13-13-13-13-13----------
D/StatusBar.NetworkController(  532): ------------------EthernetManager is on ----------
D/StatusBar.NetworkController(  532): ------------------getLinkStatus ----------
D/StatusBar.NetworkController(  532): ------------------mEthernetConnected is  ----------false
D/StatusBar.NetworkController(  532): ------------------EthernetManager is on 11-11-11-11-11----------
D/StatusBar.NetworkController(  532): ------------------EthernetManager is on 13-13-13-13-13-13----------
D/StatusBar.NetworkController(  532): ------------------EthernetManager is on ----------
D/StatusBar.NetworkController(  532): ------------------getLinkStatus ----------
D/StatusBar.NetworkController(  532): ------------------mEthernetConnected is  ----------false
D/StatusBar.NetworkController(  532): ------------------EthernetManager is on 11-11-11-11-11----------
D/StatusBar.NetworkController(  532): ------------------EthernetManager is on 13-13-13-13-13-13----------
W/InputManagerService(  432): Window already focused, ignoring focus gain of: com.android.internal.view.IInputMethodClient$Stub$Proxy@428e4c50
D/StatusBar.NetworkController(  532): ------------------EthernetManager is on ----------
D/StatusBar.NetworkController(  532): ------------------getLinkStatus ----------
D/StatusBar.NetworkController(  532): ------------------mEthernetConnected is  ----------false
D/StatusBar.NetworkController(  532): ------------------EthernetManager is on 11-11-11-11-11----------
D/StatusBar.NetworkController(  532): ------------------EthernetManager is on 13-13-13-13-13-13----------
W/BackupManagerService(  432): dataChanged but no participant pkg='com.android.providers.settings' uid=10001
I/ActivityManager(  432): Process tv.icntv.ott (pid 1665) has died.
I/WindowManager(  432): WIN DEATH: Window{41149238 tv.icntv.ott/tv.icntv.ott.icntv paused=false}
W/WindowManager(  432): Force-removing child win Window{415e3c40 SurfaceView paused=false} from container Window{41149238 tv.icntv.ott/tv.icntv.ott.icntv paused=false}
W/ActivityManager(  432): Force removing ActivityRecord{411ba768 tv.icntv.ott/.icntv}: app died, no saved state
W/WindowManager(  432): Force-removing child win Window{43655ee0 SurfaceView paused=false} from container Window{41149238 tv.icntv.ott/tv.icntv.ott.icntv paused=false}
W/WindowManager(  432): Failed looking up window
W/WindowManager(  432): java.lang.IllegalArgumentException: Requested window android.os.BinderProxy@4366b630 does not exist
W/WindowManager(  432):         at com.android.server.wm.WindowManagerService.windowForClientLocked(WindowManagerService.java:7184)
W/WindowManager(  432):         at com.android.server.wm.WindowManagerService.windowForClientLocked(WindowManagerService.java:7175)
W/WindowManager(  432):         at com.android.server.wm.WindowState$DeathRecipient.binderDied(WindowState.java:1552)
W/WindowManager(  432):         at android.os.BinderProxy.sendDeathNotice(Binder.java:417)
W/WindowManager(  432):         at dalvik.system.NativeStart.run(Native Method)
I/WindowManager(  432): WIN DEATH: null
W/WindowManager(  432): Failed looking up window
W/WindowManager(  432): java.lang.IllegalArgumentException: Requested window android.os.BinderProxy@43657ee0 does not exist
W/WindowManager(  432):         at com.android.server.wm.WindowManagerService.windowForClientLocked(WindowManagerService.java:7184)
W/WindowManager(  432):         at com.android.server.wm.WindowManagerService.windowForClientLocked(WindowManagerService.java:7175)
W/WindowManager(  432):         at com.android.server.wm.WindowState$DeathRecipient.binderDied(WindowState.java:1552)
W/WindowManager(  432):         at android.os.BinderProxy.sendDeathNotice(Binder.java:417)
W/WindowManager(  432):         at dalvik.system.NativeStart.run(Native Method)
I/WindowManager(  432): WIN DEATH: null
I/WindowManager(  432): WIN DEATH: Window{411d7af0 tv.icntv.ott/tv.icntv.ott.icntv paused=false}
I/WindowManager(  432): WINDOW DIED Window{411d7af0 tv.icntv.ott/tv.icntv.ott.icntv paused=false}
I/ActivityManager(  432): START {act=android.intent.action.MAIN cat=[android.intent.category.HOME] flg=0x10000000 cmp=tv.icntv.ott/.icntv} from pid 0
I/ActivityManager(  432): Start proc tv.icntv.ott for activity tv.icntv.ott/.icntv: pid=1920 uid=10001 gids={3003, 1015, 1023}
W/InputManagerService(  432): Got RemoteException sending setActive(false) notification to pid 1665 uid 10001
D/StatusBar.NetworkController(  532): ------------------EthernetManager is on ----------
D/StatusBar.NetworkController(  532): ------------------getLinkStatus ----------
D/StatusBar.NetworkController(  532): ------------------mEthernetConnected is  ----------false
D/StatusBar.NetworkController(  532): ------------------EthernetManager is on 11-11-11-11-11----------
D/StatusBar.NetworkController(  532): ------------------EthernetManager is on 13-13-13-13-13-13----------
D/StatusBar.NetworkController(  532): ------------------EthernetManager is on ----------
D/StatusBar.NetworkController(  532): ------------------getLinkStatus ----------
D/StatusBar.NetworkController(  532): ------------------mEthernetConnected is  ----------false
D/StatusBar.NetworkController(  532): ------------------EthernetManager is on 11-11-11-11-11----------
D/StatusBar.NetworkController(  532): ------------------EthernetManager is on 13-13-13-13-13-13----------
D/StatusBar.NetworkController(  532): ------------------EthernetManager is on ----------
D/StatusBar.NetworkController(  532): ------------------getLinkStatus ----------
D/StatusBar.NetworkController(  532): ------------------mEthernetConnected is  ----------false
D/StatusBar.NetworkController(  532): ------------------EthernetManager is on 11-11-11-11-11----------
D/StatusBar.NetworkController(  532): ------------------EthernetManager is on 13-13-13-13-13-13----------
D/StatusBar.NetworkController(  532): ------------------EthernetManager is on ----------
D/StatusBar.NetworkController(  532): ------------------getLinkStatus ----------
D/StatusBar.NetworkController(  532): ------------------mEthernetConnected is  ----------false
D/StatusBar.NetworkController(  532): ------------------EthernetManager is on 11-11-11-11-11----------
D/StatusBar.NetworkController(  532): ------------------EthernetManager is on 13-13-13-13-13-13----------
D/StatusBar.NetworkController(  532): ------------------EthernetManager is on ----------
D/StatusBar.NetworkController(  532): ------------------getLinkStatus ----------
D/StatusBar.NetworkController(  532): ------------------mEthernetConnected is  ----------false
D/StatusBar.NetworkController(  532): ------------------EthernetManager is on 11-11-11-11-11----------
D/StatusBar.NetworkController(  532): ------------------EthernetManager is on 13-13-13-13-13-13----------
