D/StatusBar.NetworkController(  532): ------------------EthernetManager is on ----------
D/StatusBar.NetworkController(  532): ------------------getLinkStatus ----------
D/StatusBar.NetworkController(  532): ------------------mEthernetConnected is  ----------false
D/StatusBar.NetworkController(  532): ------------------EthernetManager is on 11-11-11-11-11----------
D/StatusBar.NetworkController(  532): ------------------EthernetManager is on 13-13-13-13-13-13----------
D/StatusBar.NetworkController(  532): ------------------EthernetManager is on ----------
D/StatusBar.NetworkController(  532): ------------------getLinkStatus ----------
D/StatusBar.NetworkController(  532): ------------------mEthernetConnected is  ----------false
D/StatusBar.NetworkController(  532): ------------------EthernetManager is on 11-11-11-11-11----------
D/StatusBar.NetworkController(  532): ------------------EthernetManager is on 13-13-13-13-13-13----------
D/StatusBar.NetworkController(  532): ------------------EthernetManager is on ----------
D/StatusBar.NetworkController(  532): ------------------getLinkStatus ----------
D/StatusBar.NetworkController(  532): ------------------mEthernetConnected is  ----------false
D/StatusBar.NetworkController(  532): ------------------EthernetManager is on 11-11-11-11-11----------
D/StatusBar.NetworkController(  532): ------------------EthernetManager is on 13-13-13-13-13-13----------
D/StatusBar.NetworkController(  532): ------------------EthernetManager is on ----------
D/StatusBar.NetworkController(  532): ------------------getLinkStatus ----------
D/StatusBar.NetworkController(  532): ------------------mEthernetConnected is  ----------false
D/StatusBar.NetworkController(  532): ------------------EthernetManager is on 11-11-11-11-11----------
D/StatusBar.NetworkController(  532): ------------------EthernetManager is on 13-13-13-13-13-13----------
D/StatusBar.NetworkController(  532): ------------------EthernetManager is on ----------
D/StatusBar.NetworkController(  532): ------------------getLinkStatus ----------
D/StatusBar.NetworkController(  532): ------------------mEthernetConnected is  ----------false
D/StatusBar.NetworkController(  532): ------------------EthernetManager is on 11-11-11-11-11----------
D/StatusBar.NetworkController(  532): ------------------EthernetManager is on 13-13-13-13-13-13----------
E/NetlinkListener(  265): recvmsg mBuffer:
E/NetlinkListener(  265):  (add@/devices/platform/MtkUsbHcd.2/usb3/3-1)
E/NetlinkListener(   90): recvmsg mBuffer:
E/NetlinkListener(   90):  (add@/devices/platform/MtkUsbHcd.2/usb3/3-1)
W/Vold    (   90): subsys:usb
D/NetlinkEvent(   90): NL param 'DEVPATH=/devices/platform/MtkUsbHcd.2/usb3/3-1'
D/NetlinkEvent(   90): NL param 'MAJOR=189'
D/NetlinkEvent(   90): NL param 'MINOR=258'
D/NetlinkEvent(   90): NL param 'DEVNAME=bus/usb/003/003'
D/NetlinkEvent(   90): NL param 'DEVTYPE=usb_device'
D/NetlinkEvent(   90): NL param 'DEVICE=/proc/bus/usb/003/003'
D/NetlinkEvent(   90): NL param 'PRODUCT=951/1665/100'
D/NetlinkEvent(   90): NL param 'TYPE=0/0/0'
D/NetlinkEvent(   90): NL param 'BUSNUM=003'
D/NetlinkEvent(   90): NL param 'DEVNUM=003'
E/NetlinkListener(   90): recvmsg mBuffer:
E/NetlinkListener(   90):  (add@/devices/platform/MtkUsbHcd.2/usb3/3-1/3-1:1.0)
W/Vold    (   90): subsys:usb
D/NetlinkEvent(   90): NL param 'DEVPATH=/devices/platform/MtkUsbHcd.2/usb3/3-1/3-1:1.0'
D/NetlinkEvent(   90): NL param 'DEVTYPE=usb_interface'
D/NetlinkEvent(   90): NL param 'DEVICE=/proc/bus/usb/003/003'
D/NetlinkEvent(   90): NL param 'PRODUCT=951/1665/100'
D/NetlinkEvent(   90): NL param 'TYPE=0/0/0'
D/NetlinkEvent(   90): NL param 'INTERFACE=8/6/80'
D/NetlinkEvent(   90): NL param 'MODALIAS=usb:v0951p1665d0100dc00dsc00dp00ic08isc06ip50'
E/NetlinkListener(  265): recvmsg mBuffer:
E/NetlinkListener(  265):  (add@/devices/platform/MtkUsbHcd.2/usb3/3-1/3-1:1.0)
E/NetlinkListener(  265): recvmsg mBuffer:
E/NetlinkListener(  265):  (add@/devices/platform/MtkUsbHcd.2/usb3/3-1/3-1:1.0/host1)
E/NetlinkListener(  265): recvmsg mBuffer:
E/NetlinkListener(  265):  (add@/devices/platform/MtkUsbHcd.2/usb3/3-1/3-1:1.0/host1/scsi_host/host1)
E/NetlinkListener(   90): recvmsg mBuffer:
E/NetlinkListener(   90):  (add@/devices/platform/MtkUsbHcd.2/usb3/3-1/3-1:1.0/host1)
W/Vold    (   90): subsys:scsi
D/NetlinkEvent(   90): NL param 'DEVPATH=/devices/platform/MtkUsbHcd.2/usb3/3-1/3-1:1.0/host1'
D/NetlinkEvent(   90): NL param 'DEVTYPE=scsi_host'
E/NetlinkListener(   90): recvmsg mBuffer:
E/NetlinkListener(   90):  (add@/devices/platform/MtkUsbHcd.2/usb3/3-1/3-1:1.0/host1/scsi_host/host1)
W/Vold    (   90): subsys:scsi_host
D/NetlinkEvent(   90): NL param 'DEVPATH=/devices/platform/MtkUsbHcd.2/usb3/3-1/3-1:1.0/host1/scsi_host/host1'
D/StatusBar.NetworkController(  532): ------------------EthernetManager is on ----------
D/StatusBar.NetworkController(  532): ------------------getLinkStatus ----------
D/StatusBar.NetworkController(  532): ------------------mEthernetConnected is  ----------false
D/StatusBar.NetworkController(  532): ------------------EthernetManager is on 11-11-11-11-11----------
D/StatusBar.NetworkController(  532): ------------------EthernetManager is on 13-13-13-13-13-13----------
D/StatusBar.NetworkController(  532): ------------------EthernetManager is on ----------
D/StatusBar.NetworkController(  532): ------------------getLinkStatus ----------
D/StatusBar.NetworkController(  532): ------------------mEthernetConnected is  ----------false
D/StatusBar.NetworkController(  532): ------------------EthernetManager is on 11-11-11-11-11----------
D/StatusBar.NetworkController(  532): ------------------EthernetManager is on 13-13-13-13-13-13----------
E/NetlinkListener(  265): recvmsg mBuffer:
E/NetlinkListener(  265):  (add@/devices/platform/MtkUsbHcd.2/usb3/3-1/3-1:1.0/host1/target1:0:0)
E/NetlinkListener(   90): recvmsg mBuffer:
E/NetlinkListener(   90):  (add@/devices/platform/MtkUsbHcd.2/usb3/3-1/3-1:1.0/host1/target1:0:0)
W/Vold    (   90): subsys:scsi
D/NetlinkEvent(   90): NL param 'DEVPATH=/devices/platform/MtkUsbHcd.2/usb3/3-1/3-1:1.0/host1/target1:0:0'
D/NetlinkEvent(   90): NL param 'DEVTYPE=scsi_target'
E/NetlinkListener(  265): recvmsg mBuffer:
E/NetlinkListener(  265):  (add@/devices/platform/MtkUsbHcd.2/usb3/3-1/3-1:1.0/host1/target1:0:0/1:0:0:0)
E/NetlinkListener(   90): recvmsg mBuffer:
E/NetlinkListener(   90):  (add@/devices/platform/MtkUsbHcd.2/usb3/3-1/3-1:1.0/host1/target1:0:0/1:0:0:0)
W/Vold    (   90): subsys:scsi
D/NetlinkEvent(   90): NL param 'DEVPATH=/devices/platform/MtkUsbHcd.2/usb3/3-1/3-1:1.0/host1/target1:0:0/1:0:0:0'
D/NetlinkEvent(   90): NL param 'DEVTYPE=scsi_device'
D/NetlinkEvent(   90): NL param 'MODALIAS=scsi:t-0x00'
E/NetlinkListener(  265): recvmsg mBuffer:
E/NetlinkListener(  265):  (add@/devices/platform/MtkUsbHcd.2/usb3/3-1/3-1:1.0/host1/target1:0:0/1:0:0:0/scsi_disk/1:0:0:0)
E/NetlinkListener(   90): recvmsg mBuffer:
E/NetlinkListener(   90):  (add@/devices/platform/MtkUsbHcd.2/usb3/3-1/3-1:1.0/host1/target1:0:0/1:0:0:0/scsi_disk/1:0:0:0)
W/Vold    (   90): subsys:scsi_disk
D/NetlinkEvent(   90): NL param 'DEVPATH=/devices/platform/MtkUsbHcd.2/usb3/3-1/3-1:1.0/host1/target1:0:0/1:0:0:0/scsi_disk/1:0:0:0'
E/NetlinkListener(  265): recvmsg mBuffer:
E/NetlinkListener(  265):  (add@/devices/platform/MtkUsbHcd.2/usb3/3-1/3-1:1.0/host1/target1:0:0/1:0:0:0/scsi_device/1:0:0:0)
E/NetlinkListener(   90): recvmsg mBuffer:
E/NetlinkListener(   90):  (add@/devices/platform/MtkUsbHcd.2/usb3/3-1/3-1:1.0/host1/target1:0:0/1:0:0:0/scsi_device/1:0:0:0)
W/Vold    (   90): subsys:scsi_device
D/NetlinkEvent(   90): NL param 'DEVPATH=/devices/platform/MtkUsbHcd.2/usb3/3-1/3-1:1.0/host1/target1:0:0/1:0:0:0/scsi_device/1:0:0:0'
E/NetlinkListener(  265): recvmsg mBuffer:
E/NetlinkListener(  265):  (add@/devices/platform/MtkUsbHcd.2/usb3/3-1/3-1:1.0/host1/target1:0:0/1:0:0:0/bsg/1:0:0:0)
E/NetlinkListener(   90): recvmsg mBuffer:
E/NetlinkListener(   90):  (add@/devices/platform/MtkUsbHcd.2/usb3/3-1/3-1:1.0/host1/target1:0:0/1:0:0:0/bsg/1:0:0:0)
W/Vold    (   90): subsys:bsg
D/NetlinkEvent(   90): NL param 'DEVPATH=/devices/platform/MtkUsbHcd.2/usb3/3-1/3-1:1.0/host1/target1:0:0/1:0:0:0/bsg/1:0:0:0'
D/NetlinkEvent(   90): NL param 'MAJOR=253'
D/NetlinkEvent(   90): NL param 'MINOR=0'
D/NetlinkEvent(   90): NL param 'DEVNAME=bsg/1:0:0:0'
D/StatusBar.NetworkController(  532): ------------------EthernetManager is on ----------
D/StatusBar.NetworkController(  532): ------------------getLinkStatus ----------
D/StatusBar.NetworkController(  532): ------------------mEthernetConnected is  ----------false
D/StatusBar.NetworkController(  532): ------------------EthernetManager is on 11-11-11-11-11----------
D/StatusBar.NetworkController(  532): ------------------EthernetManager is on 13-13-13-13-13-13----------
D/StatusBar.NetworkController(  532): ------------------EthernetManager is on ----------
D/StatusBar.NetworkController(  532): ------------------getLinkStatus ----------
D/StatusBar.NetworkController(  532): ------------------mEthernetConnected is  ----------false
D/StatusBar.NetworkController(  532): ------------------EthernetManager is on 11-11-11-11-11----------
D/StatusBar.NetworkController(  532): ------------------EthernetManager is on 13-13-13-13-13-13----------
E/NetlinkListener(  265): recvmsg mBuffer:
E/NetlinkListener(  265):  (add@/devices/virtual/bdi/8:0)
E/NetlinkListener(   90): recvmsg mBuffer:
E/NetlinkListener(   90):  (add@/devices/virtual/bdi/8:0)
W/Vold    (   90): subsys:bdi
D/NetlinkEvent(   90): NL param 'DEVPATH=/devices/virtual/bdi/8:0'
E/NetlinkListener(  265): recvmsg mBuffer:
E/NetlinkListener(  265):  (add@/devices/platform/MtkUsbHcd.2/usb3/3-1/3-1:1.0/host1/target1:0:0/1:0:0:0/block/sda)
E/NetlinkListener(  265): recvmsg mBuffer:
E/NetlinkListener(  265):  (add@/devices/platform/MtkUsbHcd.2/usb3/3-1/3-1:1.0/host1/target1:0:0/1:0:0:0/block/sda/sda1)
E/NetlinkListener(   90): recvmsg mBuffer:
E/NetlinkListener(   90):  (add@/devices/platform/MtkUsbHcd.2/usb3/3-1/3-1:1.0/host1/target1:0:0/1:0:0:0/block/sda)
W/Vold    (   90): subsys:block
D/NetlinkEvent(   90): NL param 'DEVPATH=/devices/platform/MtkUsbHcd.2/usb3/3-1/3-1:1.0/host1/target1:0:0/1:0:0:0/block/sda'
D/NetlinkEvent(   90): NL param 'MAJOR=8'
D/NetlinkEvent(   90): NL param 'MINOR=0'
D/NetlinkEvent(   90): NL param 'DEVNAME=sda'
D/NetlinkEvent(   90): NL param 'DEVTYPE=disk'
D/NetlinkEvent(   90): NL param 'NPARTS=1'
W/DirectVolume(   90): Get vold.firstMountDevice=none 
W/DirectVolume(   90):  
W/DirectVolume(   90):  Set vold.firstMountDevice=usbdisk3 
W/DirectVolume(   90):  
D/DirectVolume(   90): Dv::diskIns - waiting for 1 partitions (mask 0x2).mVolumeMinor=0
W/Vold    (   90): Get vold.firstMountDevice=usbdisk3 
W/Vold    (   90):  
D/Vold    (   90): Volume usbdisk3 state changing 0 (No-Media) -> 2 (Pending)
W/Vold    (   90): get partition mount point:minor:0,mVolumeMinor:0-->/mnt/vold/usbdisk3
W/Vold    (   90):  
W/Vold    (   90): get partition mount point:minor:0,mVolumeMinor:0-->/mnt/vold/usbdisk3
W/Vold    (   90):  
W/Vold    (   90): get partition mount point:minor:0,mVolumeMinor:0-->/mnt/vold/usbdisk3
W/Vold    (   90):  
D/Vold    (   90): Mountpoint(0) = /mnt/vold/usbdisk3, sChangeNotifyLabel = /mnt/sdcard
W/Vold    (   90): get partition mount point:minor:0,mVolumeMinor:0-->/mnt/vold/usbdisk3
W/Vold    (   90):  
W/Vold    (   90): get partition mount point:minor:0,mVolumeMinor:0-->/mnt/vold/usbdisk3
W/Vold    (   90):  
E/NetlinkListener(   90): recvmsg mBuffer:
E/NetlinkListener(   90):  (add@/devices/platform/MtkUsbHcd.2/usb3/3-1/3-1:1.0/host1/target1:0:0/1:0:0:0/block/sda/sda1)
W/Vold    (   90): subsys:block
D/NetlinkEvent(   90): NL param 'DEVPATH=/devices/platform/MtkUsbHcd.2/usb3/3-1/3-1:1.0/host1/target1:0:0/1:0:0:0/block/sda/sda1'
D/NetlinkEvent(   90): NL param 'MAJOR=8'
D/NetlinkEvent(   90): NL param 'MINOR=1'
D/NetlinkEvent(   90): NL param 'DEVNAME=sda1'
D/NetlinkEvent(   90): NL param 'DEVTYPE=partition'
D/NetlinkEvent(   90): NL param 'PARTN=1'
W/DirectVolume(   90): Get vold.firstMountDevice=usbdisk3 
W/DirectVolume(   90):  
D/DirectVolume(   90): Dv:partAdd: part_num = 1, minor = 1
W/Vold    (   90): get partition mount point:minor:0,mVolumeMinor:0-->/mnt/vold/usbdisk3
W/Vold    (   90):  
D/DirectVolume(   90): Dv:partAdd: partMountPoint=/mnt/vold/usbdisk3/sda1
W/Vold    (   90): add partition mount point:minor:1,mVolumeMinor:0-->/mnt/vold/usbdisk3/sda1
W/Vold    (   90):  
W/Vold    (   90): get partition mount point:minor:1,mVolumeMinor:0-->/mnt/vold/usbdisk3/sda1
W/Vold    (   90):  
I/MountService(  432): onEvent:: raw= 605 Volume usbdisk3 /mnt/vold/usbdisk3 state changed from 0 (No-Media) to 2 (Pending) cooked =  605 Volume usbdisk3 /mnt/vold/usbdisk3 state changed from 0 (No-Media) to 2 (Pending)
I/MountService(  432): notifyVolumeStateChanged::removed
I/MountService(  432): onEvent:: raw= 630 Volume usbdisk3 /mnt/vold/usbdisk3 disk inserted (8:0) cooked =  630 Volume usbdisk3 /mnt/vold/usbdisk3 disk inserted (8:0)
I/MountService(  432): key:/mnt/vold/usbdisk1
I/MountService(  432): value:removed
I/MountService(  432): key:/mnt/sdcard
I/MountService(  432): value:removed
I/MountService(  432): key:/mnt/vold/satahdd
I/MountService(  432): value:removed
I/MountService(  432): key:/mnt/vold/usbdisk3
I/MountService(  432): value:removed
I/MountService(  432): key:/mnt/vold/usbdisk2
I/MountService(  432): value:removed
I/MountService(  432): mVolume[0]: /mnt/sdcard
I/MountService(  432): mVolume[1]: /mnt/vold/usbdisk1
I/MountService(  432): mVolume[2]: /mnt/vold/usbdisk2
I/MountService(  432): mVolume[3]: /mnt/vold/usbdisk3
I/MountService(  432): mVolume[4]: /mnt/vold/satahdd
E/Vold    (   90): open /var/local/external_storage_status.txt fail
D/DirectVolume(   90): send msg for add partition path.
W/Vold    (   90): get partition mount point:minor:1,mVolumeMinor:0-->/mnt/vold/usbdisk3/sda1
W/Vold    (   90):  
W/Vold    (   90): get partition mount point:minor:1,mVolumeMinor:0-->/mnt/vold/usbdisk3/sda1
W/Vold    (   90):  
E/DirectVolume(   90): create mountPoint (/mnt/vold/usbdisk3/sda1) successfully
D/DirectVolume(   90): Dv:partAdd: Got all partitions - ready to rock!
W/Vold    (   90): Get vold.firstMountDevice=usbdisk3 
W/Vold    (   90):  
D/Vold    (   90): Volume usbdisk3 state changing 2 (Pending) -> 1 (Idle-Unmounted)
W/Vold    (   90): get partition mount point:minor:0,mVolumeMinor:0-->/mnt/vold/usbdisk3
W/Vold    (   90):  
W/Vold    (   90): get partition mount point:minor:0,mVolumeMinor:0-->/mnt/vold/usbdisk3
W/Vold    (   90):  
W/Vold    (   90): get partition mount point:minor:0,mVolumeMinor:0-->/mnt/vold/usbdisk3
W/Vold    (   90):  
D/Vold    (   90): Mountpoint(0) = /mnt/vold/usbdisk3, sChangeNotifyLabel = /mnt/sdcard
W/Vold    (   90): get partition mount point:minor:0,mVolumeMinor:0-->/mnt/vold/usbdisk3
W/Vold    (   90):  
I/MountService(  432): doMountVolume: Mouting usbdisk3
D/VoldCmdListener(   90): volume mount usbdisk3
W/Vold    (   90): get partition mount point:minor:0,mVolumeMinor:0-->/mnt/vold/usbdisk3
W/Vold    (   90):  
E/DirectVolume(   90):  DeviceNodes:maj:main[8:1]
E/DirectVolume(   90):  mDiskNumParts=1
E/Vold    (   90): flags=0,primaryStorage=0
W/Vold    (   90): Get vold.firstMountDevice=usbdisk3 
W/Vold    (   90):  
D/Vold    (   90): Volume usbdisk3 state changing 1 (Idle-Unmounted) -> 3 (Checking)
W/Vold    (   90): get partition mount point:minor:0,mVolumeMinor:0-->/mnt/vold/usbdisk3
W/Vold    (   90):  
W/Vold    (   90): get partition mount point:minor:0,mVolumeMinor:0-->/mnt/vold/usbdisk3
W/Vold    (   90):  
W/Vold    (   90): get partition mount point:minor:0,mVolumeMinor:0-->/mnt/vold/usbdisk3
W/Vold    (   90):  
D/Vold    (   90): Mountpoint(0) = /mnt/vold/usbdisk3, sChangeNotifyLabel = /mnt/sdcard
W/Vold    (   90): get partition mount point:minor:0,mVolumeMinor:0-->/mnt/vold/usbdisk3
W/Vold    (   90):  
I/Vold    (   90): /dev/block/vold/8:1 being considered for volume usbdisk3
W/Vold    (   90): get partition mount point:minor:1,mVolumeMinor:0-->/mnt/vold/usbdisk3/sda1
W/Vold    (   90):  
I/MountService(  432): onEvent:: raw= 633 Volume usbdisk3 /mnt/vold/usbdisk3/sda1 partition mounted (8:0) cooked =  633 Volume usbdisk3 /mnt/vold/usbdisk3/sda1 partition mounted (8:0)
I/MountService(  432): StorageVolume [mAllowMassStorage=false, mDescription=, mEmulated=false, mMaxFileSize=0, mMtpReserveSpace=100, mPath=/mnt/sdcard, mRemovable=true, mStorageId=65537]
I/MountService(  432): StorageVolume [mAllowMassStorage=false, mDescription=USB , mEmulated=false, mMaxFileSize=0, mMtpReserveSpace=0, mPath=/mnt/vold/usbdisk1, mRemovable=true, mStorageId=131073]
I/MountService(  432): StorageVolume [mAllowMassStorage=false, mDescription=USB , mEmulated=false, mMaxFileSize=0, mMtpReserveSpace=0, mPath=/mnt/vold/usbdisk2, mRemovable=true, mStorageId=196609]
I/MountService(  432): StorageVolume [mAllowMassStorage=false, mDescription=USB , mEmulated=false, mMaxFileSize=0, mMtpReserveSpace=0, mPath=/mnt/vold/usbdisk3, mRemovable=true, mStorageId=262145]
I/MountService(  432): mVolume[3] disk: /mnt/vold/usbdisk3
I/MountService(  432): mVolume[3] partition: /mnt/vold/usbdisk3/sda1
I/MountService(  432): StorageVolume [mAllowMassStorage=false, mDescription=USB , mEmulated=false, mMaxFileSize=0, mMtpReserveSpace=0, mPath=/mnt/vold/satahdd, mRemovable=true, mStorageId=327681]
I/MountService(  432): sdcard path = null. usbdisk path =/mnt/vold/usbdisk3/sda1
I/MountService(  432): onEvent:: raw= 605 Volume usbdisk3 /mnt/vold/usbdisk3 state changed from 2 (Pending) to 1 (Idle-Unmounted) cooked =  605 Volume usbdisk3 /mnt/vold/usbdisk3 state changed from 2 (Pending) to 1 (Idle-Unmounted)
I/MountService(  432): notifyVolumeStateChanged::removed
I/MountService(  432): updating volume state for media bad removal nofs and unmountable
I/Vold    (   90): /dev/block/vold/8:1 being considered mount to /mnt/vold/usbdisk3/sda1 for volume usbdisk3
D/MountService(  432): volume state changed for /mnt/vold/usbdisk3 (removed -> unmounted)
D/MountService(  432): sendStorageIntent Intent { act=android.intent.action.MEDIA_UNMOUNTED dat=file:///mnt/vold/usbdisk3 (has extras) }
I/MountService(  432): onEvent:: raw= 605 Volume usbdisk3 /mnt/vold/usbdisk3 state changed from 1 (Idle-Unmounted) to 3 (Checking) cooked =  605 Volume usbdisk3 /mnt/vold/usbdisk3 state changed from 1 (Idle-Unmounted) to 3 (Checking)
I/MountService(  432): notifyVolumeStateChanged::unmounted
I/MountService(  432): updating volume state checking
D/MountService(  432): volume state changed for /mnt/vold/usbdisk3 (unmounted -> checking)
D/MountService(  432): sendStorageIntent Intent { act=android.intent.action.MEDIA_CHECKING dat=file:///mnt/vold/usbdisk3 (has extras) }
E/Vold    (   90): mount error=0
I/Vold    (   90):   VFAT mount /mnt/vold/usbdisk3/sda1 successfully
E/Vold    (   90): Volume usbdisk3 found mounting 1 partition sucessfully:(
W/Vold    (   90): Get vold.firstMountDevice=usbdisk3 
W/Vold    (   90):  
D/Vold    (   90): Volume usbdisk3 state changing 3 (Checking) -> 4 (Mounted)
W/Vold    (   90): get partition mount point:minor:0,mVolumeMinor:0-->/mnt/vold/usbdisk3
W/Vold    (   90):  
W/Vold    (   90): get partition mount point:minor:0,mVolumeMinor:0-->/mnt/vold/usbdisk3
W/Vold    (   90):  
W/Vold    (   90): get partition mount point:minor:0,mVolumeMinor:0-->/mnt/vold/usbdisk3
W/Vold    (   90):  
D/Vold    (   90): Mountpoint(0) = /mnt/vold/usbdisk3, sChangeNotifyLabel = /mnt/sdcard
W/Vold    (   90): get partition mount point:minor:0,mVolumeMinor:0-->/mnt/vold/usbdisk3
W/Vold    (   90):  
I/MountService(  432): onEvent:: raw= 605 Volume usbdisk3 /mnt/vold/usbdisk3 state changed from 3 (Checking) to 4 (Mounted) cooked =  605 Volume usbdisk3 /mnt/vold/usbdisk3 state changed from 3 (Checking) to 4 (Mounted)
I/MountService(  432): notifyVolumeStateChanged::checking
I/MountService(  432): updating volume state mounted
D/MountService(  432): volume state changed for /mnt/vold/usbdisk3 (checking -> mounted)
W/MountService(  432): Insertion mount failed (-1)
I/MountService(  432): mStorageNum = 1
I/MountService(  432): key:/mnt/vold/usbdisk1
I/MountService(  432): value:removed
I/MountService(  432): key:/mnt/sdcard
I/MountService(  432): value:removed
I/MountService(  432): key:/mnt/vold/satahdd
I/MountService(  432): value:removed
I/MountService(  432): key:/mnt/vold/usbdisk3
I/MountService(  432): value:mounted
I/MountService(  432): key:/mnt/vold/usbdisk2
I/MountService(  432): value:removed
I/MountService(  432): mVolume[0]: /mnt/sdcard
I/MountService(  432): mVolume[1]: /mnt/vold/usbdisk1
I/MountService(  432): mVolume[2]: /mnt/vold/usbdisk2
I/MountService(  432): mVolume[3]: /mnt/vold/usbdisk3
I/MountService(  432): mPartitions[0]: /mnt/vold/usbdisk3/sda1
I/MountService(  432): mVolume[4]: /mnt/vold/satahdd
D/MountService(  432): sendStorageIntent Intent { act=android.intent.action.MEDIA_MOUNTED dat=file:///mnt/vold/usbdisk3 (has extras) }
I/ActivityManager(  432): START {act=android.intent.action.MAIN cat=[android.intent.category.LAUNCHER] flg=0x10000000 pkg=com.coship.Multimedia cmp=com.coship.Multimedia/.main} from pid 1920
I/ActivityManager(  432): START {cmp=com.coship.Multimedia/.ImageWindow.ImageShow} from pid 1415
D/StatusBar.NetworkController(  532): ------------------EthernetManager is on ----------
D/StatusBar.NetworkController(  532): ------------------getLinkStatus ----------
D/StatusBar.NetworkController(  532): ------------------mEthernetConnected is  ----------false
D/StatusBar.NetworkController(  532): ------------------EthernetManager is on 11-11-11-11-11----------
D/StatusBar.NetworkController(  532): ------------------EthernetManager is on 13-13-13-13-13-13----------
D/StatusBar.NetworkController(  532): ------------------EthernetManager is on ----------
D/StatusBar.NetworkController(  532): ------------------getLinkStatus ----------
D/StatusBar.NetworkController(  532): ------------------mEthernetConnected is  ----------false
D/StatusBar.NetworkController(  532): ------------------EthernetManager is on 11-11-11-11-11----------
D/StatusBar.NetworkController(  532): ------------------EthernetManager is on 13-13-13-13-13-13----------
D/StatusBar.NetworkController(  532): ------------------EthernetManager is on ----------
D/StatusBar.NetworkController(  532): ------------------getLinkStatus ----------
D/StatusBar.NetworkController(  532): ------------------mEthernetConnected is  ----------false
D/StatusBar.NetworkController(  532): ------------------EthernetManager is on 11-11-11-11-11----------
D/StatusBar.NetworkController(  532): ------------------EthernetManager is on 13-13-13-13-13-13----------
D/StatusBar.NetworkController(  532): ------------------EthernetManager is on ----------
D/StatusBar.NetworkController(  532): ------------------getLinkStatus ----------
D/StatusBar.NetworkController(  532): ------------------mEthernetConnected is  ----------false
D/StatusBar.NetworkController(  532): ------------------EthernetManager is on 11-11-11-11-11----------
D/StatusBar.NetworkController(  532): ------------------EthernetManager is on 13-13-13-13-13-13----------
D/StatusBar.NetworkController(  532): ------------------EthernetManager is on ----------
D/StatusBar.NetworkController(  532): ------------------getLinkStatus ----------
D/StatusBar.NetworkController(  532): ------------------mEthernetConnected is  ----------false
D/StatusBar.NetworkController(  532): ------------------EthernetManager is on 11-11-11-11-11----------
D/StatusBar.NetworkController(  532): ------------------EthernetManager is on 13-13-13-13-13-13----------
D/StatusBar.NetworkController(  532): ------------------EthernetManager is on ----------
D/StatusBar.NetworkController(  532): ------------------getLinkStatus ----------
D/StatusBar.NetworkController(  532): ------------------mEthernetConnected is  ----------false
D/StatusBar.NetworkController(  532): ------------------EthernetManager is on 11-11-11-11-11----------
D/StatusBar.NetworkController(  532): ------------------EthernetManager is on 13-13-13-13-13-13----------
D/StatusBar.NetworkController(  532): ------------------EthernetManager is on ----------
D/StatusBar.NetworkController(  532): ------------------getLinkStatus ----------
D/StatusBar.NetworkController(  532): ------------------mEthernetConnected is  ----------false
D/StatusBar.NetworkController(  532): ------------------EthernetManager is on 11-11-11-11-11----------
D/StatusBar.NetworkController(  532): ------------------EthernetManager is on 13-13-13-13-13-13----------
D/StatusBar.NetworkController(  532): ------------------EthernetManager is on ----------
D/StatusBar.NetworkController(  532): ------------------getLinkStatus ----------
D/StatusBar.NetworkController(  532): ------------------mEthernetConnected is  ----------false
D/StatusBar.NetworkController(  532): ------------------EthernetManager is on 11-11-11-11-11----------
D/StatusBar.NetworkController(  532): ------------------EthernetManager is on 13-13-13-13-13-13----------
D/StatusBar.NetworkController(  532): ------------------EthernetManager is on ----------
D/StatusBar.NetworkController(  532): ------------------getLinkStatus ----------
D/StatusBar.NetworkController(  532): ------------------mEthernetConnected is  ----------false
D/StatusBar.NetworkController(  532): ------------------EthernetManager is on 11-11-11-11-11----------
D/StatusBar.NetworkController(  532): ------------------EthernetManager is on 13-13-13-13-13-13----------
E/NetlinkListener(  265): recvmsg mBuffer:
E/NetlinkListener(  265):  (?)
D/StatusBar.NetworkController(  532): ------------------EthernetManager is on ----------
D/StatusBar.NetworkController(  532): ------------------getLinkStatus ----------
D/StatusBar.NetworkController(  532): ------------------mEthernetConnected is  ----------false
D/StatusBar.NetworkController(  532): ------------------EthernetManager is on 11-11-11-11-11----------
D/StatusBar.NetworkController(  532): ------------------EthernetManager is on 13-13-13-13-13-13----------
D/StatusBar.NetworkController(  532): ------------------EthernetManager is on ----------
D/StatusBar.NetworkController(  532): ------------------getLinkStatus ----------
D/StatusBar.NetworkController(  532): ------------------mEthernetConnected is  ----------false
D/StatusBar.NetworkController(  532): ------------------EthernetManager is on 11-11-11-11-11----------
D/StatusBar.NetworkController(  532): ------------------EthernetManager is on 13-13-13-13-13-13----------
D/StatusBar.NetworkController(  532): ------------------EthernetManager is on ----------
D/StatusBar.NetworkController(  532): ------------------getLinkStatus ----------
D/StatusBar.NetworkController(  532): ------------------mEthernetConnected is  ----------false
D/StatusBar.NetworkController(  532): ------------------EthernetManager is on 11-11-11-11-11----------
D/StatusBar.NetworkController(  532): ------------------EthernetManager is on 13-13-13-13-13-13----------
D/StatusBar.NetworkController(  532): ------------------EthernetManager is on ----------
D/StatusBar.NetworkController(  532): ------------------getLinkStatus ----------
D/StatusBar.NetworkController(  532): ------------------mEthernetConnected is  ----------false
D/StatusBar.NetworkController(  532): ------------------EthernetManager is on 11-11-11-11-11----------
D/StatusBar.NetworkController(  532): ------------------EthernetManager is on 13-13-13-13-13-13----------
D/StatusBar.NetworkController(  532): ------------------EthernetManager is on ----------
D/StatusBar.NetworkController(  532): ------------------getLinkStatus ----------
D/StatusBar.NetworkController(  532): ------------------mEthernetConnected is  ----------false
D/StatusBar.NetworkController(  532): ------------------EthernetManager is on 11-11-11-11-11----------
D/StatusBar.NetworkController(  532): ------------------EthernetManager is on 13-13-13-13-13-13----------
D/StatusBar.NetworkController(  532): ------------------EthernetManager is on ----------
D/StatusBar.NetworkController(  532): ------------------getLinkStatus ----------
D/StatusBar.NetworkController(  532): ------------------mEthernetConnected is  ----------false
D/StatusBar.NetworkController(  532): ------------------EthernetManager is on 11-11-11-11-11----------
D/StatusBar.NetworkController(  532): ------------------EthernetManager is on 13-13-13-13-13-13----------
D/StatusBar.NetworkController(  532): ------------------EthernetManager is on ----------
D/StatusBar.NetworkController(  532): ------------------getLinkStatus ----------
D/StatusBar.NetworkController(  532): ------------------mEthernetConnected is  ----------false
D/StatusBar.NetworkController(  532): ------------------EthernetManager is on 11-11-11-11-11----------
D/StatusBar.NetworkController(  532): ------------------EthernetManager is on 13-13-13-13-13-13----------
D/StatusBar.NetworkController(  532): ------------------EthernetManager is on ----------
D/StatusBar.NetworkController(  532): ------------------getLinkStatus ----------
D/StatusBar.NetworkController(  532): ------------------mEthernetConnected is  ----------false
D/StatusBar.NetworkController(  532): ------------------EthernetManager is on 11-11-11-11-11----------
D/StatusBar.NetworkController(  532): ------------------EthernetManager is on 13-13-13-13-13-13----------
D/StatusBar.NetworkController(  532): ------------------EthernetManager is on ----------
D/StatusBar.NetworkController(  532): ------------------getLinkStatus ----------
D/StatusBar.NetworkController(  532): ------------------mEthernetConnected is  ----------false
D/StatusBar.NetworkController(  532): ------------------EthernetManager is on 11-11-11-11-11----------
D/StatusBar.NetworkController(  532): ------------------EthernetManager is on 13-13-13-13-13-13----------
D/StatusBar.NetworkController(  532): ------------------EthernetManager is on ----------
D/StatusBar.NetworkController(  532): ------------------getLinkStatus ----------
D/StatusBar.NetworkController(  532): ------------------mEthernetConnected is  ----------false
D/StatusBar.NetworkController(  532): ------------------EthernetManager is on 11-11-11-11-11----------
D/StatusBar.NetworkController(  532): ------------------EthernetManager is on 13-13-13-13-13-13----------
D/StatusBar.NetworkController(  532): ------------------EthernetManager is on ----------
D/StatusBar.NetworkController(  532): ------------------getLinkStatus ----------
D/StatusBar.NetworkController(  532): ------------------mEthernetConnected is  ----------false
D/StatusBar.NetworkController(  532): ------------------EthernetManager is on 11-11-11-11-11----------
D/StatusBar.NetworkController(  532): ------------------EthernetManager is on 13-13-13-13-13-13----------
D/StatusBar.NetworkController(  532): ------------------EthernetManager is on ----------
D/StatusBar.NetworkController(  532): ------------------getLinkStatus ----------
D/StatusBar.NetworkController(  532): ------------------mEthernetConnected is  ----------false
D/StatusBar.NetworkController(  532): ------------------EthernetManager is on 11-11-11-11-11----------
D/StatusBar.NetworkController(  532): ------------------EthernetManager is on 13-13-13-13-13-13----------
D/StatusBar.NetworkController(  532): ------------------EthernetManager is on ----------
D/StatusBar.NetworkController(  532): ------------------getLinkStatus ----------
D/StatusBar.NetworkController(  532): ------------------mEthernetConnected is  ----------false
D/StatusBar.NetworkController(  532): ------------------EthernetManager is on 11-11-11-11-11----------
D/StatusBar.NetworkController(  532): ------------------EthernetManager is on 13-13-13-13-13-13----------
D/StatusBar.NetworkController(  532): ------------------EthernetManager is on ----------
D/StatusBar.NetworkController(  532): ------------------getLinkStatus ----------
D/StatusBar.NetworkController(  532): ------------------mEthernetConnected is  ----------false
D/StatusBar.NetworkController(  532): ------------------EthernetManager is on 11-11-11-11-11----------
D/StatusBar.NetworkController(  532): ------------------EthernetManager is on 13-13-13-13-13-13----------
D/StatusBar.NetworkController(  532): ------------------EthernetManager is on ----------
D/StatusBar.NetworkController(  532): ------------------getLinkStatus ----------
D/StatusBar.NetworkController(  532): ------------------mEthernetConnected is  ----------false
D/StatusBar.NetworkController(  532): ------------------EthernetManager is on 11-11-11-11-11----------
D/StatusBar.NetworkController(  532): ------------------EthernetManager is on 13-13-13-13-13-13----------
D/StatusBar.NetworkController(  532): ------------------EthernetManager is on ----------
D/StatusBar.NetworkController(  532): ------------------getLinkStatus ----------
D/StatusBar.NetworkController(  532): ------------------mEthernetConnected is  ----------false
D/StatusBar.NetworkController(  532): ------------------EthernetManager is on 11-11-11-11-11----------
D/StatusBar.NetworkController(  532): ------------------EthernetManager is on 13-13-13-13-13-13----------
D/StatusBar.NetworkController(  532): ------------------EthernetManager is on ----------
D/StatusBar.NetworkController(  532): ------------------getLinkStatus ----------
D/StatusBar.NetworkController(  532): ------------------mEthernetConnected is  ----------false
D/StatusBar.NetworkController(  532): ------------------EthernetManager is on 11-11-11-11-11----------
D/StatusBar.NetworkController(  532): ------------------EthernetManager is on 13-13-13-13-13-13----------
D/StatusBar.NetworkController(  532): ------------------EthernetManager is on ----------
D/StatusBar.NetworkController(  532): ------------------getLinkStatus ----------
D/StatusBar.NetworkController(  532): ------------------mEthernetConnected is  ----------false
D/StatusBar.NetworkController(  532): ------------------EthernetManager is on 11-11-11-11-11----------
D/StatusBar.NetworkController(  532): ------------------EthernetManager is on 13-13-13-13-13-13----------
D/StatusBar.NetworkController(  532): ------------------EthernetManager is on ----------
D/StatusBar.NetworkController(  532): ------------------getLinkStatus ----------
D/StatusBar.NetworkController(  532): ------------------mEthernetConnected is  ----------false
D/StatusBar.NetworkController(  532): ------------------EthernetManager is on 11-11-11-11-11----------
D/StatusBar.NetworkController(  532): ------------------EthernetManager is on 13-13-13-13-13-13----------
D/StatusBar.NetworkController(  532): ------------------EthernetManager is on ----------
D/StatusBar.NetworkController(  532): ------------------getLinkStatus ----------
D/StatusBar.NetworkController(  532): ------------------mEthernetConnected is  ----------false
D/StatusBar.NetworkController(  532): ------------------EthernetManager is on 11-11-11-11-11----------
D/StatusBar.NetworkController(  532): ------------------EthernetManager is on 13-13-13-13-13-13----------
D/StatusBar.NetworkController(  532): ------------------EthernetManager is on ----------
D/StatusBar.NetworkController(  532): ------------------getLinkStatus ----------
D/StatusBar.NetworkController(  532): ------------------mEthernetConnected is  ----------false
D/StatusBar.NetworkController(  532): ------------------EthernetManager is on 11-11-11-11-11----------
D/StatusBar.NetworkController(  532): ------------------EthernetManager is on 13-13-13-13-13-13----------
D/StatusBar.NetworkController(  532): ------------------EthernetManager is on ----------
D/StatusBar.NetworkController(  532): ------------------getLinkStatus ----------
D/StatusBar.NetworkController(  532): ------------------mEthernetConnected is  ----------false
D/StatusBar.NetworkController(  532): ------------------EthernetManager is on 11-11-11-11-11----------
D/StatusBar.NetworkController(  532): ------------------EthernetManager is on 13-13-13-13-13-13----------
D/StatusBar.NetworkController(  532): ------------------EthernetManager is on ----------
D/StatusBar.NetworkController(  532): ------------------getLinkStatus ----------
D/StatusBar.NetworkController(  532): ------------------mEthernetConnected is  ----------false
D/StatusBar.NetworkController(  532): ------------------EthernetManager is on 11-11-11-11-11----------
D/StatusBar.NetworkController(  532): ------------------EthernetManager is on 13-13-13-13-13-13----------
D/StatusBar.NetworkController(  532): ------------------EthernetManager is on ----------
D/StatusBar.NetworkController(  532): ------------------getLinkStatus ----------
D/StatusBar.NetworkController(  532): ------------------mEthernetConnected is  ----------false
D/StatusBar.NetworkController(  532): ------------------EthernetManager is on 11-11-11-11-11----------
D/StatusBar.NetworkController(  532): ------------------EthernetManager is on 13-13-13-13-13-13----------
D/StatusBar.NetworkController(  532): ------------------EthernetManager is on ----------
D/StatusBar.NetworkController(  532): ------------------getLinkStatus ----------
D/StatusBar.NetworkController(  532): ------------------mEthernetConnected is  ----------false
D/StatusBar.NetworkController(  532): ------------------EthernetManager is on 11-11-11-11-11----------
D/StatusBar.NetworkController(  532): ------------------EthernetManager is on 13-13-13-13-13-13----------
D/StatusBar.NetworkController(  532): ------------------EthernetManager is on ----------
D/StatusBar.NetworkController(  532): ------------------getLinkStatus ----------
D/StatusBar.NetworkController(  532): ------------------mEthernetConnected is  ----------false
D/StatusBar.NetworkController(  532): ------------------EthernetManager is on 11-11-11-11-11----------
D/StatusBar.NetworkController(  532): ------------------EthernetManager is on 13-13-13-13-13-13----------
D/StatusBar.NetworkController(  532): ------------------EthernetManager is on ----------
D/StatusBar.NetworkController(  532): ------------------getLinkStatus ----------
D/StatusBar.NetworkController(  532): ------------------mEthernetConnected is  ----------false
D/StatusBar.NetworkController(  532): ------------------EthernetManager is on 11-11-11-11-11----------
D/StatusBar.NetworkController(  532): ------------------EthernetManager is on 13-13-13-13-13-13----------
D/StatusBar.NetworkController(  532): ------------------EthernetManager is on ----------
D/StatusBar.NetworkController(  532): ------------------getLinkStatus ----------
D/StatusBar.NetworkController(  532): ------------------mEthernetConnected is  ----------false
D/StatusBar.NetworkController(  532): ------------------EthernetManager is on 11-11-11-11-11----------
D/StatusBar.NetworkController(  532): ------------------EthernetManager is on 13-13-13-13-13-13----------
D/StatusBar.NetworkController(  532): ------------------EthernetManager is on ----------
D/StatusBar.NetworkController(  532): ------------------getLinkStatus ----------
D/StatusBar.NetworkController(  532): ------------------mEthernetConnected is  ----------false
D/StatusBar.NetworkController(  532): ------------------EthernetManager is on 11-11-11-11-11----------
D/StatusBar.NetworkController(  532): ------------------EthernetManager is on 13-13-13-13-13-13----------
D/StatusBar.NetworkController(  532): ------------------EthernetManager is on ----------
D/StatusBar.NetworkController(  532): ------------------getLinkStatus ----------
D/StatusBar.NetworkController(  532): ------------------mEthernetConnected is  ----------false
D/StatusBar.NetworkController(  532): ------------------EthernetManager is on 11-11-11-11-11----------
D/StatusBar.NetworkController(  532): ------------------EthernetManager is on 13-13-13-13-13-13----------
D/StatusBar.NetworkController(  532): ------------------EthernetManager is on ----------
D/StatusBar.NetworkController(  532): ------------------getLinkStatus ----------
D/StatusBar.NetworkController(  532): ------------------mEthernetConnected is  ----------false
D/StatusBar.NetworkController(  532): ------------------EthernetManager is on 11-11-11-11-11----------
D/StatusBar.NetworkController(  532): ------------------EthernetManager is on 13-13-13-13-13-13----------
D/StatusBar.NetworkController(  532): ------------------EthernetManager is on ----------
D/StatusBar.NetworkController(  532): ------------------getLinkStatus ----------
D/StatusBar.NetworkController(  532): ------------------mEthernetConnected is  ----------false
D/StatusBar.NetworkController(  532): ------------------EthernetManager is on 11-11-11-11-11----------
D/StatusBar.NetworkController(  532): ------------------EthernetManager is on 13-13-13-13-13-13----------
D/StatusBar.NetworkController(  532): ------------------EthernetManager is on ----------
D/StatusBar.NetworkController(  532): ------------------getLinkStatus ----------
D/StatusBar.NetworkController(  532): ------------------mEthernetConnected is  ----------false
D/StatusBar.NetworkController(  532): ------------------EthernetManager is on 11-11-11-11-11----------
D/StatusBar.NetworkController(  532): ------------------EthernetManager is on 13-13-13-13-13-13----------
D/StatusBar.NetworkController(  532): ------------------EthernetManager is on ----------
D/StatusBar.NetworkController(  532): ------------------getLinkStatus ----------
D/StatusBar.NetworkController(  532): ------------------mEthernetConnected is  ----------false
D/StatusBar.NetworkController(  532): ------------------EthernetManager is on 11-11-11-11-11----------
D/StatusBar.NetworkController(  532): ------------------EthernetManager is on 13-13-13-13-13-13----------
D/StatusBar.NetworkController(  532): ------------------EthernetManager is on ----------
D/StatusBar.NetworkController(  532): ------------------getLinkStatus ----------
D/StatusBar.NetworkController(  532): ------------------mEthernetConnected is  ----------false
D/StatusBar.NetworkController(  532): ------------------EthernetManager is on 11-11-11-11-11----------
D/StatusBar.NetworkController(  532): ------------------EthernetManager is on 13-13-13-13-13-13----------
D/StatusBar.NetworkController(  532): ------------------EthernetManager is on ----------
D/StatusBar.NetworkController(  532): ------------------getLinkStatus ----------
D/StatusBar.NetworkController(  532): ------------------mEthernetConnected is  ----------false
D/StatusBar.NetworkController(  532): ------------------EthernetManager is on 11-11-11-11-11----------
D/StatusBar.NetworkController(  532): ------------------EthernetManager is on 13-13-13-13-13-13----------
D/StatusBar.NetworkController(  532): ------------------EthernetManager is on ----------
D/StatusBar.NetworkController(  532): ------------------getLinkStatus ----------
D/StatusBar.NetworkController(  532): ------------------mEthernetConnected is  ----------false
D/StatusBar.NetworkController(  532): ------------------EthernetManager is on 11-11-11-11-11----------
D/StatusBar.NetworkController(  532): ------------------EthernetManager is on 13-13-13-13-13-13----------
D/StatusBar.NetworkController(  532): ------------------EthernetManager is on ----------
D/StatusBar.NetworkController(  532): ------------------getLinkStatus ----------
D/StatusBar.NetworkController(  532): ------------------mEthernetConnected is  ----------false
D/StatusBar.NetworkController(  532): ------------------EthernetManager is on 11-11-11-11-11----------
D/StatusBar.NetworkController(  532): ------------------EthernetManager is on 13-13-13-13-13-13----------
D/StatusBar.NetworkController(  532): ------------------EthernetManager is on ----------
D/StatusBar.NetworkController(  532): ------------------getLinkStatus ----------
D/StatusBar.NetworkController(  532): ------------------mEthernetConnected is  ----------false
D/StatusBar.NetworkController(  532): ------------------EthernetManager is on 11-11-11-11-11----------
D/StatusBar.NetworkController(  532): ------------------EthernetManager is on 13-13-13-13-13-13----------
D/StatusBar.NetworkController(  532): ------------------EthernetManager is on ----------
D/StatusBar.NetworkController(  532): ------------------getLinkStatus ----------
D/StatusBar.NetworkController(  532): ------------------mEthernetConnected is  ----------false
D/StatusBar.NetworkController(  532): ------------------EthernetManager is on 11-11-11-11-11----------
D/StatusBar.NetworkController(  532): ------------------EthernetManager is on 13-13-13-13-13-13----------
D/StatusBar.NetworkController(  532): ------------------EthernetManager is on ----------
D/StatusBar.NetworkController(  532): ------------------getLinkStatus ----------
D/StatusBar.NetworkController(  532): ------------------mEthernetConnected is  ----------false
D/StatusBar.NetworkController(  532): ------------------EthernetManager is on 11-11-11-11-11----------
D/StatusBar.NetworkController(  532): ------------------EthernetManager is on 13-13-13-13-13-13----------
D/StatusBar.NetworkController(  532): ------------------EthernetManager is on ----------
D/StatusBar.NetworkController(  532): ------------------getLinkStatus ----------
D/StatusBar.NetworkController(  532): ------------------mEthernetConnected is  ----------false
D/StatusBar.NetworkController(  532): ------------------EthernetManager is on 11-11-11-11-11----------
D/StatusBar.NetworkController(  532): ------------------EthernetManager is on 13-13-13-13-13-13----------
D/StatusBar.NetworkController(  532): ------------------EthernetManager is on ----------
D/StatusBar.NetworkController(  532): ------------------getLinkStatus ----------
D/StatusBar.NetworkController(  532): ------------------mEthernetConnected is  ----------false
D/StatusBar.NetworkController(  532): ------------------EthernetManager is on 11-11-11-11-11----------
D/StatusBar.NetworkController(  532): ------------------EthernetManager is on 13-13-13-13-13-13----------
D/StatusBar.NetworkController(  532): ------------------EthernetManager is on ----------
D/StatusBar.NetworkController(  532): ------------------getLinkStatus ----------
D/StatusBar.NetworkController(  532): ------------------mEthernetConnected is  ----------false
D/StatusBar.NetworkController(  532): ------------------EthernetManager is on 11-11-11-11-11----------
D/StatusBar.NetworkController(  532): ------------------EthernetManager is on 13-13-13-13-13-13----------
D/StatusBar.NetworkController(  532): ------------------EthernetManager is on ----------
D/StatusBar.NetworkController(  532): ------------------getLinkStatus ----------
D/StatusBar.NetworkController(  532): ------------------mEthernetConnected is  ----------false
D/StatusBar.NetworkController(  532): ------------------EthernetManager is on 11-11-11-11-11----------
D/StatusBar.NetworkController(  532): ------------------EthernetManager is on 13-13-13-13-13-13----------
D/StatusBar.NetworkController(  532): ------------------EthernetManager is on ----------
D/StatusBar.NetworkController(  532): ------------------getLinkStatus ----------
D/StatusBar.NetworkController(  532): ------------------mEthernetConnected is  ----------false
D/StatusBar.NetworkController(  532): ------------------EthernetManager is on 11-11-11-11-11----------
D/StatusBar.NetworkController(  532): ------------------EthernetManager is on 13-13-13-13-13-13----------
D/StatusBar.NetworkController(  532): ------------------EthernetManager is on ----------
D/StatusBar.NetworkController(  532): ------------------getLinkStatus ----------
D/StatusBar.NetworkController(  532): ------------------mEthernetConnected is  ----------false
D/StatusBar.NetworkController(  532): ------------------EthernetManager is on 11-11-11-11-11----------
D/StatusBar.NetworkController(  532): ------------------EthernetManager is on 13-13-13-13-13-13----------
D/StatusBar.NetworkController(  532): ------------------EthernetManager is on ----------
D/StatusBar.NetworkController(  532): ------------------getLinkStatus ----------
D/StatusBar.NetworkController(  532): ------------------mEthernetConnected is  ----------false
D/StatusBar.NetworkController(  532): ------------------EthernetManager is on 11-11-11-11-11----------
D/StatusBar.NetworkController(  532): ------------------EthernetManager is on 13-13-13-13-13-13----------
D/StatusBar.NetworkController(  532): ------------------EthernetManager is on ----------
D/StatusBar.NetworkController(  532): ------------------getLinkStatus ----------
D/StatusBar.NetworkController(  532): ------------------mEthernetConnected is  ----------false
D/StatusBar.NetworkController(  532): ------------------EthernetManager is on 11-11-11-11-11----------
D/StatusBar.NetworkController(  532): ------------------EthernetManager is on 13-13-13-13-13-13----------
D/StatusBar.NetworkController(  532): ------------------EthernetManager is on ----------
D/StatusBar.NetworkController(  532): ------------------getLinkStatus ----------
D/StatusBar.NetworkController(  532): ------------------mEthernetConnected is  ----------false
D/StatusBar.NetworkController(  532): ------------------EthernetManager is on 11-11-11-11-11----------
D/StatusBar.NetworkController(  532): ------------------EthernetManager is on 13-13-13-13-13-13----------
D/StatusBar.NetworkController(  532): ------------------EthernetManager is on ----------
D/StatusBar.NetworkController(  532): ------------------getLinkStatus ----------
D/StatusBar.NetworkController(  532): ------------------mEthernetConnected is  ----------false
D/StatusBar.NetworkController(  532): ------------------EthernetManager is on 11-11-11-11-11----------
D/StatusBar.NetworkController(  532): ------------------EthernetManager is on 13-13-13-13-13-13----------
D/StatusBar.NetworkController(  532): ------------------EthernetManager is on ----------
