V/MtkOmxMp3Dec(  264): In DecodeAudio -- pInputBuf:0x2d9048 , pOutputBuf :0x2d9c38
V/MtkOmxMp3Dec(  264): In DecodeAudio -- pInputBuf->pBuffer:0x416edfa0 , pOutputBuf->pBuffer :0x42976c00
V/MtkOmxMp3Dec(  264): In DecodeAudio -- pInputBuf->nOffset =0,pOutputBuf->nOffset =0
V/MtkOmxMp3Dec(  264): In DecodeAudio -- pInputBuf->nFilledLen =6269,pOutputBuf->nFilledLen =0
V/MtkOmxMp3Dec(  264): In DecodeAudio -- pInputBuf->nTimeStamp =62928979,pOutputBuf->nTimeStamp =60604081
V/MtkOmxMp3Dec(  264): old input buffer,set last decode position pLastBitStreamRead 0x416ee213
V/MtkOmxMp3Dec(  264): New pOutputBuf->nTimeStamp = 62955101 ,pInputBuf->nTimeStamp=62928979 ,mInSampleCount=1152 mOutputPcmMode.nSamplingRate=44100
V/MtkOmxMp3Dec(  264): pBitStreamBuf=0x416edfa0,pBitStreamRead=0x416ee213,pBitStreamRead[0]=0xff,pBitStreamRead[1]=0xfb,pBitStreamRead[2]=0xb2,pBitStreamRead[3]=0x64,pBitStreamRead[4]=0xcb
V/MtkOmxMp3Dec(  264): i=0,ulBytesConsumed=627,mBufferLength=6896,mMp3Dec->handle->PCMSamplesPerCH=1152 mMp3Dec->handle->CHNumber=2
V/MtkOmxMp3Dec(  264): mOutputNum=1,pOutputBuf->nAllocLen =46080, pOutputBuf->nFilledLen=4608 ,mOutputFrameLength=4608
V/MtkOmxMp3Dec(  264): ulBytesConsumed=627, nBitStreamSize=5642, ulNumSamplesOut=2304
V/MtkOmxMp3Dec(  264): pBitStreamBuf=0x416edfa0,pBitStreamRead=0x416ee486,pBitStreamRead[0]=0xff,pBitStreamRead[1]=0xfb,pBitStreamRead[2]=0xb2,pBitStreamRead[3]=0x64,pBitStreamRead[4]=0xd9
V/MtkOmxMp3Dec(  264): i=1,ulBytesConsumed=627,mBufferLength=6896,mMp3Dec->handle->PCMSamplesPerCH=1152 mMp3Dec->handle->CHNumber=2
V/MtkOmxMp3Dec(  264): mOutputNum=2,pOutputBuf->nAllocLen =46080, pOutputBuf->nFilledLen=9216 ,mOutputFrameLength=4608
V/MtkOmxMp3Dec(  264): ulBytesConsumed=627, nBitStreamSize=5015, ulNumSamplesOut=2304
V/MtkOmxMp3Dec(  264): pBitStreamBuf=0x416edfa0,pBitStreamRead=0x416ee6f9,pBitStreamRead[0]=0xff,pBitStreamRead[1]=0xfb,pBitStreamRead[2]=0xb2,pBitStreamRead[3]=0x64,pBitStreamRead[4]=0xe9
V/MtkOmxMp3Dec(  264): i=2,ulBytesConsumed=627,mBufferLength=6896,mMp3Dec->handle->PCMSamplesPerCH=1152 mMp3Dec->handle->CHNumber=2
V/MtkOmxMp3Dec(  264): mOutputNum=3,pOutputBuf->nAllocLen =46080, pOutputBuf->nFilledLen=13824 ,mOutputFrameLength=4608
V/MtkOmxMp3Dec(  264): ulBytesConsumed=627, nBitStreamSize=4388, ulNumSamplesOut=2304
V/MtkOmxMp3Dec(  264): pBitStreamBuf=0x416edfa0,pBitStreamRead=0x416ee96c,pBitStreamRead[0]=0xff,pBitStreamRead[1]=0xfb,pBitStreamRead[2]=0xb2,pBitStreamRead[3]=0x64,pBitStreamRead[4]=0xe5
V/MtkOmxMp3Dec(  264): i=3,ulBytesConsumed=627,mBufferLength=6896,mMp3Dec->handle->PCMSamplesPerCH=1152 mMp3Dec->handle->CHNumber=2
V/MtkOmxMp3Dec(  264): mOutputNum=4,pOutputBuf->nAllocLen =46080, pOutputBuf->nFilledLen=18432 ,mOutputFrameLength=4608
V/MtkOmxMp3Dec(  264): ulBytesConsumed=627, nBitStreamSize=3761, ulNumSamplesOut=2304
V/MtkOmxMp3Dec(  264): pBitStreamBuf=0x416edfa0,pBitStreamRead=0x416eebdf,pBitStreamRead[0]=0xff,pBitStreamRead[1]=0xfb,pBitStreamRead[2]=0xb2,pBitStreamRead[3]=0x64,pBitStreamRead[4]=0xe2
V/MtkOmxMp3Dec(  264): i=4,ulBytesConsumed=627,mBufferLength=6896,mMp3Dec->handle->PCMSamplesPerCH=1152 mMp3Dec->handle->CHNumber=2
V/MtkOmxMp3Dec(  264): mOutputNum=5,pOutputBuf->nAllocLen =46080, pOutputBuf->nFilledLen=23040 ,mOutputFrameLength=4608
V/MtkOmxMp3Dec(  264): ulBytesConsumed=627, nBitStreamSize=3134, ulNumSamplesOut=2304
V/MtkOmxMp3Dec(  264): pBitStreamBuf=0x416edfa0,pBitStreamRead=0x416eee52,pBitStreamRead[0]=0xff,pBitStreamRead[1]=0xfb,pBitStreamRead[2]=0xb2,pBitStreamRead[3]=0x64,pBitStreamRead[4]=0xdd
V/MtkOmxMp3Dec(  264): i=5,ulBytesConsumed=627,mBufferLength=6896,mMp3Dec->handle->PCMSamplesPerCH=1152 mMp3Dec->handle->CHNumber=2
V/MtkOmxMp3Dec(  264): mOutputNum=6,pOutputBuf->nAllocLen =46080, pOutputBuf->nFilledLen=27648 ,mOutputFrameLength=4608
V/MtkOmxMp3Dec(  264): ulBytesConsumed=627, nBitStreamSize=2507, ulNumSamplesOut=2304
V/MtkOmxMp3Dec(  264): pBitStreamBuf=0x416edfa0,pBitStreamRead=0x416ef0c5,pBitStreamRead[0]=0xff,pBitStreamRead[1]=0xfb,pBitStreamRead[2]=0xb2,pBitStreamRead[3]=0x64,pBitStreamRead[4]=0xe2
V/MtkOmxMp3Dec(  264): i=6,ulBytesConsumed=627,mBufferLength=6896,mMp3Dec->handle->PCMSamplesPerCH=1152 mMp3Dec->handle->CHNumber=2
V/MtkOmxMp3Dec(  264): mOutputNum=7,pOutputBuf->nAllocLen =46080, pOutputBuf->nFilledLen=32256 ,mOutputFrameLength=4608
V/MtkOmxMp3Dec(  264): ulBytesConsumed=627, nBitStreamSize=1880, ulNumSamplesOut=2304
V/MtkOmxMp3Dec(  264): pBitStreamBuf=0x416edfa0,pBitStreamRead=0x416ef338,pBitStreamRead[0]=0xff,pBitStreamRead[1]=0xfb,pBitStreamRead[2]=0xb2,pBitStreamRead[3]=0x64,pBitStreamRead[4]=0xe1
V/MtkOmxMp3Dec(  264): i=7,ulBytesConsumed=627,mBufferLength=6896,mMp3Dec->handle->PCMSamplesPerCH=1152 mMp3Dec->handle->CHNumber=2
V/MtkOmxMp3Dec(  264): mOutputNum=8,pOutputBuf->nAllocLen =46080, pOutputBuf->nFilledLen=36864 ,mOutputFrameLength=4608
V/MtkOmxMp3Dec(  264): ulBytesConsumed=627, nBitStreamSize=1253, ulNumSamplesOut=2304
V/MtkOmxMp3Dec(  264): pBitStreamBuf=0x416edfa0,pBitStreamRead=0x416ef5ab,pBitStreamRead[0]=0xff,pBitStreamRead[1]=0xfb,pBitStreamRead[2]=0xb2,pBitStreamRead[3]=0x64,pBitStreamRead[4]=0xdb
V/MtkOmxMp3Dec(  264): i=8,ulBytesConsumed=627,mBufferLength=6896,mMp3Dec->handle->PCMSamplesPerCH=1152 mMp3Dec->handle->CHNumber=2
V/MtkOmxMp3Dec(  264): mOutputNum=9,pOutputBuf->nAllocLen =46080, pOutputBuf->nFilledLen=41472 ,mOutputFrameLength=4608
V/MtkOmxMp3Dec(  264): ulBytesConsumed=627, nBitStreamSize=626, ulNumSamplesOut=2304
V/MtkOmxMp3Dec(  264): pBitStreamBuf=0x416edfa0,pBitStreamRead=0x416ef81e,pBitStreamRead[0]=0xff,pBitStreamRead[1]=0xfb,pBitStreamRead[2]=0xb0,pBitStreamRead[3]=0x64,pBitStreamRead[4]=0xdf
V/MtkOmxMp3Dec(  264): i=9,ulBytesConsumed=626,mBufferLength=6896,mMp3Dec->handle->PCMSamplesPerCH=1152 mMp3Dec->handle->CHNumber=2
V/MtkOmxMp3Dec(  264): mOutputNum=10,pOutputBuf->nAllocLen =46080, pOutputBuf->nFilledLen=46080 ,mOutputFrameLength=4608
V/MtkOmxMp3Dec(  264): ulBytesConsumed=626, nBitStreamSize=0, ulNumSamplesOut=2304
V/MtkOmxMp3Dec(  264): DecodeAudio ---- HandleFillBufferDone: 62955101
V/MtkOmxMp3Dec(  264): DecodeAudio ---- HandleEmptyBufferDone
D/dalvikvm( 1415): GC_CONCURRENT freed 2043K, 19% free 36159K/44295K, paused 1ms+12ms
V/MediaPlayerService(  264): [6] isPlaying: 1
V/MediaPlayer( 1415): isPlaying: 1
V/MediaPlayerService(  264): [6] isPlaying: 1
V/MediaPlayer( 1415): isPlaying: 1
V/MediaPlayer( 1415): getCurrentPosition
V/MediaPlayerService(  264): getCurrentPosition
V/MediaPlayerService(  264): [6] getCurrentPosition = 60865
V/MediaPlayerService(  264): [6] isPlaying: 1
V/MediaPlayer( 1415): isPlaying: 1
V/MediaPlayerService(  264): [6] isPlaying: 1
V/MediaPlayer( 1415): isPlaying: 1
V/MediaPlayer( 1415): getCurrentPosition
V/MediaPlayerService(  264): getCurrentPosition
V/MediaPlayerService(  264): [6] getCurrentPosition = 60865
V/MtkOmxMp3Dec(  264): In DecodeAudio -- pInputBuf:0x2d87b0 , pOutputBuf :0x2d9d78
V/MtkOmxMp3Dec(  264): In DecodeAudio -- pInputBuf->pBuffer:0x416cd000 , pOutputBuf->pBuffer :0x42982000
V/MtkOmxMp3Dec(  264): In DecodeAudio -- pInputBuf->nOffset =0,pOutputBuf->nOffset =0
V/MtkOmxMp3Dec(  264): In DecodeAudio -- pInputBuf->nFilledLen =6897,pOutputBuf->nFilledLen =0
V/MtkOmxMp3Dec(  264): In DecodeAudio -- pInputBuf->nTimeStamp =63216326,pOutputBuf->nTimeStamp =60865306
V/MtkOmxMp3Dec(  264): new input buffer pointer 0x416cd000 length 6897 !
V/MtkOmxMp3Dec(  264): New pOutputBuf->nTimeStamp = 63216326 ,pInputBuf->nTimeStamp=63216326 ,mInSampleCount=0 mOutputPcmMode.nSamplingRate=44100
V/MtkOmxMp3Dec(  264): pBitStreamBuf=0x416cd000,pBitStreamRead=0x416cd000,pBitStreamRead[0]=0xff,pBitStreamRead[1]=0xfb,pBitStreamRead[2]=0xb2,pBitStreamRead[3]=0x64,pBitStreamRead[4]=0xed
V/MtkOmxMp3Dec(  264): i=0,ulBytesConsumed=627,mBufferLength=6897,mMp3Dec->handle->PCMSamplesPerCH=1152 mMp3Dec->handle->CHNumber=2
V/MtkOmxMp3Dec(  264): mOutputNum=1,pOutputBuf->nAllocLen =46080, pOutputBuf->nFilledLen=4608 ,mOutputFrameLength=4608
V/MtkOmxMp3Dec(  264): ulBytesConsumed=627, nBitStreamSize=6270, ulNumSamplesOut=2304
V/MtkOmxMp3Dec(  264): pBitStreamBuf=0x416cd000,pBitStreamRead=0x416cd273,pBitStreamRead[0]=0xff,pBitStreamRead[1]=0xfb,pBitStreamRead[2]=0xb2,pBitStreamRead[3]=0x64,pBitStreamRead[4]=0xd2
V/MtkOmxMp3Dec(  264): i=1,ulBytesConsumed=627,mBufferLength=6897,mMp3Dec->handle->PCMSamplesPerCH=1152 mMp3Dec->handle->CHNumber=2
V/MtkOmxMp3Dec(  264): mOutputNum=2,pOutputBuf->nAllocLen =46080, pOutputBuf->nFilledLen=9216 ,mOutputFrameLength=4608
V/MtkOmxMp3Dec(  264): ulBytesConsumed=627, nBitStreamSize=5643, ulNumSamplesOut=2304
V/MtkOmxMp3Dec(  264): pBitStreamBuf=0x416cd000,pBitStreamRead=0x416cd4e6,pBitStreamRead[0]=0xff,pBitStreamRead[1]=0xfb,pBitStreamRead[2]=0xb2,pBitStreamRead[3]=0x64,pBitStreamRead[4]=0xc7
V/MtkOmxMp3Dec(  264): i=2,ulBytesConsumed=627,mBufferLength=6897,mMp3Dec->handle->PCMSamplesPerCH=1152 mMp3Dec->handle->CHNumber=2
V/MtkOmxMp3Dec(  264): mOutputNum=3,pOutputBuf->nAllocLen =46080, pOutputBuf->nFilledLen=13824 ,mOutputFrameLength=4608
V/MtkOmxMp3Dec(  264): ulBytesConsumed=627, nBitStreamSize=5016, ulNumSamplesOut=2304
V/MtkOmxMp3Dec(  264): pBitStreamBuf=0x416cd000,pBitStreamRead=0x416cd759,pBitStreamRead[0]=0xff,pBitStreamRead[1]=0xfb,pBitStreamRead[2]=0xb2,pBitStreamRead[3]=0x64,pBitStreamRead[4]=0xba
V/MtkOmxMp3Dec(  264): i=3,ulBytesConsumed=627,mBufferLength=6897,mMp3Dec->handle->PCMSamplesPerCH=1152 mMp3Dec->handle->CHNumber=2
V/MtkOmxMp3Dec(  264): mOutputNum=4,pOutputBuf->nAllocLen =46080, pOutputBuf->nFilledLen=18432 ,mOutputFrameLength=4608
V/MtkOmxMp3Dec(  264): ulBytesConsumed=627, nBitStreamSize=4389, ulNumSamplesOut=2304
V/MtkOmxMp3Dec(  264): pBitStreamBuf=0x416cd000,pBitStreamRead=0x416cd9cc,pBitStreamRead[0]=0xff,pBitStreamRead[1]=0xfb,pBitStreamRead[2]=0xb2,pBitStreamRead[3]=0x64,pBitStreamRead[4]=0xb0
V/MtkOmxMp3Dec(  264): i=4,ulBytesConsumed=627,mBufferLength=6897,mMp3Dec->handle->PCMSamplesPerCH=1152 mMp3Dec->handle->CHNumber=2
V/MtkOmxMp3Dec(  264): mOutputNum=5,pOutputBuf->nAllocLen =46080, pOutputBuf->nFilledLen=23040 ,mOutputFrameLength=4608
V/MtkOmxMp3Dec(  264): ulBytesConsumed=627, nBitStreamSize=3762, ulNumSamplesOut=2304
V/MtkOmxMp3Dec(  264): pBitStreamBuf=0x416cd000,pBitStreamRead=0x416cdc3f,pBitStreamRead[0]=0xff,pBitStreamRead[1]=0xfb,pBitStreamRead[2]=0xb2,pBitStreamRead[3]=0x64,pBitStreamRead[4]=0xa2
V/MtkOmxMp3Dec(  264): i=5,ulBytesConsumed=627,mBufferLength=6897,mMp3Dec->handle->PCMSamplesPerCH=1152 mMp3Dec->handle->CHNumber=2
V/MtkOmxMp3Dec(  264): mOutputNum=6,pOutputBuf->nAllocLen =46080, pOutputBuf->nFilledLen=27648 ,mOutputFrameLength=4608
V/MtkOmxMp3Dec(  264): ulBytesConsumed=627, nBitStreamSize=3135, ulNumSamplesOut=2304
V/MtkOmxMp3Dec(  264): pBitStreamBuf=0x416cd000,pBitStreamRead=0x416cdeb2,pBitStreamRead[0]=0xff,pBitStreamRead[1]=0xfb,pBitStreamRead[2]=0xb2,pBitStreamRead[3]=0x64,pBitStreamRead[4]=0xa0
V/MtkOmxMp3Dec(  264): i=6,ulBytesConsumed=627,mBufferLength=6897,mMp3Dec->handle->PCMSamplesPerCH=1152 mMp3Dec->handle->CHNumber=2
V/MtkOmxMp3Dec(  264): mOutputNum=7,pOutputBuf->nAllocLen =46080, pOutputBuf->nFilledLen=32256 ,mOutputFrameLength=4608
V/MtkOmxMp3Dec(  264): ulBytesConsumed=627, nBitStreamSize=2508, ulNumSamplesOut=2304
V/MtkOmxMp3Dec(  264): pBitStreamBuf=0x416cd000,pBitStreamRead=0x416ce125,pBitStreamRead[0]=0xff,pBitStreamRead[1]=0xfb,pBitStreamRead[2]=0xb2,pBitStreamRead[3]=0x64,pBitStreamRead[4]=0x8a
V/MtkOmxMp3Dec(  264): i=7,ulBytesConsumed=627,mBufferLength=6897,mMp3Dec->handle->PCMSamplesPerCH=1152 mMp3Dec->handle->CHNumber=2
V/MtkOmxMp3Dec(  264): mOutputNum=8,pOutputBuf->nAllocLen =46080, pOutputBuf->nFilledLen=36864 ,mOutputFrameLength=4608
V/MtkOmxMp3Dec(  264): ulBytesConsumed=627, nBitStreamSize=1881, ulNumSamplesOut=2304
V/MtkOmxMp3Dec(  264): pBitStreamBuf=0x416cd000,pBitStreamRead=0x416ce398,pBitStreamRead[0]=0xff,pBitStreamRead[1]=0xfb,pBitStreamRead[2]=0xb2,pBitStreamRead[3]=0x64,pBitStreamRead[4]=0x79
V/MtkOmxMp3Dec(  264): i=8,ulBytesConsumed=627,mBufferLength=6897,mMp3Dec->handle->PCMSamplesPerCH=1152 mMp3Dec->handle->CHNumber=2
V/MtkOmxMp3Dec(  264): mOutputNum=9,pOutputBuf->nAllocLen =46080, pOutputBuf->nFilledLen=41472 ,mOutputFrameLength=4608
V/MtkOmxMp3Dec(  264): ulBytesConsumed=627, nBitStreamSize=1254, ulNumSamplesOut=2304
V/MtkOmxMp3Dec(  264): pBitStreamBuf=0x416cd000,pBitStreamRead=0x416ce60b,pBitStreamRead[0]=0xff,pBitStreamRead[1]=0xfb,pBitStreamRead[2]=0xb2,pBitStreamRead[3]=0x64,pBitStreamRead[4]=0x72
V/MtkOmxMp3Dec(  264): i=9,ulBytesConsumed=627,mBufferLength=6897,mMp3Dec->handle->PCMSamplesPerCH=1152 mMp3Dec->handle->CHNumber=2
V/MtkOmxMp3Dec(  264): mOutputNum=10,pOutputBuf->nAllocLen =46080, pOutputBuf->nFilledLen=46080 ,mOutputFrameLength=4608
V/MtkOmxMp3Dec(  264): ulBytesConsumed=627, nBitStreamSize=627, ulNumSamplesOut=2304
V/MtkOmxMp3Dec(  264): pInputBuf->nFilledLen =627
V/MtkOmxMp3Dec(  264): DecodeAudio ---- HandleFillBufferDone: 63216326
V/MtkOmxMp3Dec(  264): DecodeAudio ----QueueInputBuffer
V/MtkOmxMp3Dec(  264): MP3 @@ QueueInputBuffer (0)
V/MediaPlayerService(  264): [6] isPlaying: 1
V/MediaPlayer( 1415): isPlaying: 1
V/MediaPlayerService(  264): [6] isPlaying: 1
V/MediaPlayer( 1415): isPlaying: 1
V/MediaPlayer( 1415): getCurrentPosition
V/MediaPlayerService(  264): getCurrentPosition
V/MediaPlayerService(  264): [6] getCurrentPosition = 61127
V/MediaPlayerService(  264): [6] isPlaying: 1
V/MediaPlayer( 1415): isPlaying: 1
V/MediaPlayerService(  264): [6] isPlaying: 1
V/MediaPlayer( 1415): isPlaying: 1
V/MediaPlayer( 1415): getCurrentPosition
V/MediaPlayerService(  264): getCurrentPosition
V/MediaPlayerService(  264): [6] getCurrentPosition = 61127
V/MediaPlayerService(  264): [6] isPlaying: 1
V/MediaPlayer( 1415): isPlaying: 1
V/MediaPlayerService(  264): [6] isPlaying: 1
V/MediaPlayer( 1415): isPlaying: 1
V/MediaPlayer( 1415): getCurrentPosition
V/MediaPlayerService(  264): getCurrentPosition
V/MediaPlayerService(  264): [6] getCurrentPosition = 61139
V/MtkOmxMp3Dec(  264): In DecodeAudio -- pInputBuf:0x2d87b0 , pOutputBuf :0x2d91d0
V/MtkOmxMp3Dec(  264): In DecodeAudio -- pInputBuf->pBuffer:0x416cd000 , pOutputBuf->pBuffer :0x42928000
V/MtkOmxMp3Dec(  264): In DecodeAudio -- pInputBuf->nOffset =0,pOutputBuf->nOffset =0
V/MtkOmxMp3Dec(  264): In DecodeAudio -- pInputBuf->nFilledLen =627,pOutputBuf->nFilledLen =0
V/MtkOmxMp3Dec(  264): In DecodeAudio -- pInputBuf->nTimeStamp =63216326,pOutputBuf->nTimeStamp =61126530
V/MtkOmxMp3Dec(  264): old input buffer,set last decode position pLastBitStreamRead 0x416ce87e
V/MtkOmxMp3Dec(  264): New pOutputBuf->nTimeStamp = 63477550 ,pInputBuf->nTimeStamp=63216326 ,mInSampleCount=11520 mOutputPcmMode.nSamplingRate=44100
V/MtkOmxMp3Dec(  264): pBitStreamBuf=0x416cd000,pBitStreamRead=0x416ce87e,pBitStreamRead[0]=0xff,pBitStreamRead[1]=0xfb,pBitStreamRead[2]=0xb2,pBitStreamRead[3]=0x64,pBitStreamRead[4]=0x7b
V/MtkOmxMp3Dec(  264): i=0,ulBytesConsumed=627,mBufferLength=6897,mMp3Dec->handle->PCMSamplesPerCH=1152 mMp3Dec->handle->CHNumber=2
V/MtkOmxMp3Dec(  264): mOutputNum=1,pOutputBuf->nAllocLen =46080, pOutputBuf->nFilledLen=4608 ,mOutputFrameLength=4608
V/MtkOmxMp3Dec(  264): ulBytesConsumed=627, nBitStreamSize=0, ulNumSamplesOut=2304
V/MtkOmxMp3Dec(  264): MP3 @@ QueueOutputBuffer (0)
V/MtkOmxMp3Dec(  264): DecodeAudio ----QueueOutputBuffer
V/MtkOmxMp3Dec(  264): DecodeAudio ---- HandleEmptyBufferDone
V/MtkOmxMp3Dec(  264): In DecodeAudio -- pInputBuf:0x2d8888 , pOutputBuf :0x2d91d0
V/MtkOmxMp3Dec(  264): In DecodeAudio -- pInputBuf->pBuffer:0x416d0aa0 , pOutputBuf->pBuffer :0x42928000
V/MtkOmxMp3Dec(  264): In DecodeAudio -- pInputBuf->nOffset =0,pOutputBuf->nOffset =0
V/MtkOmxMp3Dec(  264): In DecodeAudio -- pInputBuf->nFilledLen =6896,pOutputBuf->nFilledLen =4608
V/MtkOmxMp3Dec(  264): In DecodeAudio -- pInputBuf->nTimeStamp =63503673,pOutputBuf->nTimeStamp =63477550
V/MtkOmxMp3Dec(  264): new input buffer pointer 0x416d0aa0 length 6896 !
V/MtkOmxMp3Dec(  264): pBitStreamBuf=0x416d0aa0,pBitStreamRead=0x416d0aa0,pBitStreamRead[0]=0xff,pBitStreamRead[1]=0xfb,pBitStreamRead[2]=0xb2,pBitStreamRead[3]=0x64,pBitStreamRead[4]=0x9e
V/MtkOmxMp3Dec(  264): i=0,ulBytesConsumed=627,mBufferLength=6896,mMp3Dec->handle->PCMSamplesPerCH=1152 mMp3Dec->handle->CHNumber=2
V/MtkOmxMp3Dec(  264): mOutputNum=2,pOutputBuf->nAllocLen =46080, pOutputBuf->nFilledLen=9216 ,mOutputFrameLength=4608
V/MtkOmxMp3Dec(  264): ulBytesConsumed=627, nBitStreamSize=6269, ulNumSamplesOut=2304
V/MtkOmxMp3Dec(  264): pBitStreamBuf=0x416d0aa0,pBitStreamRead=0x416d0d13,pBitStreamRead[0]=0xff,pBitStreamRead[1]=0xfb,pBitStreamRead[2]=0xb2,pBitStreamRead[3]=0x64,pBitStreamRead[4]=0xc1
V/MtkOmxMp3Dec(  264): i=1,ulBytesConsumed=627,mBufferLength=6896,mMp3Dec->handle->PCMSamplesPerCH=1152 mMp3Dec->handle->CHNumber=2
V/MtkOmxMp3Dec(  264): mOutputNum=3,pOutputBuf->nAllocLen =46080, pOutputBuf->nFilledLen=13824 ,mOutputFrameLength=4608
V/MtkOmxMp3Dec(  264): ulBytesConsumed=627, nBitStreamSize=5642, ulNumSamplesOut=2304
V/MtkOmxMp3Dec(  264): pBitStreamBuf=0x416d0aa0,pBitStreamRead=0x416d0f86,pBitStreamRead[0]=0xff,pBitStreamRead[1]=0xfb,pBitStreamRead[2]=0xb2,pBitStreamRead[3]=0x64,pBitStreamRead[4]=0xdd
V/MtkOmxMp3Dec(  264): i=2,ulBytesConsumed=627,mBufferLength=6896,mMp3Dec->handle->PCMSamplesPerCH=1152 mMp3Dec->handle->CHNumber=2
V/MtkOmxMp3Dec(  264): mOutputNum=4,pOutputBuf->nAllocLen =46080, pOutputBuf->nFilledLen=18432 ,mOutputFrameLength=4608
V/MtkOmxMp3Dec(  264): ulBytesConsumed=627, nBitStreamSize=5015, ulNumSamplesOut=2304
V/MtkOmxMp3Dec(  264): pBitStreamBuf=0x416d0aa0,pBitStreamRead=0x416d11f9,pBitStreamRead[0]=0xff,pBitStreamRead[1]=0xfb,pBitStreamRead[2]=0xb2,pBitStreamRead[3]=0x64,pBitStreamRead[4]=0xe1
V/MtkOmxMp3Dec(  264): i=3,ulBytesConsumed=627,mBufferLength=6896,mMp3Dec->handle->PCMSamplesPerCH=1152 mMp3Dec->handle->CHNumber=2
V/MtkOmxMp3Dec(  264): mOutputNum=5,pOutputBuf->nAllocLen =46080, pOutputBuf->nFilledLen=23040 ,mOutputFrameLength=4608
V/MtkOmxMp3Dec(  264): ulBytesConsumed=627, nBitStreamSize=4388, ulNumSamplesOut=2304
V/MtkOmxMp3Dec(  264): pBitStreamBuf=0x416d0aa0,pBitStreamRead=0x416d146c,pBitStreamRead[0]=0xff,pBitStreamRead[1]=0xfb,pBitStreamRead[2]=0xb0,pBitStreamRead[3]=0x64,pBitStreamRead[4]=0xe3
V/MtkOmxMp3Dec(  264): i=4,ulBytesConsumed=626,mBufferLength=6896,mMp3Dec->handle->PCMSamplesPerCH=1152 mMp3Dec->handle->CHNumber=2
V/MtkOmxMp3Dec(  264): mOutputNum=6,pOutputBuf->nAllocLen =46080, pOutputBuf->nFilledLen=27648 ,mOutputFrameLength=4608
V/MtkOmxMp3Dec(  264): ulBytesConsumed=626, nBitStreamSize=3762, ulNumSamplesOut=2304
V/MtkOmxMp3Dec(  264): pBitStreamBuf=0x416d0aa0,pBitStreamRead=0x416d16de,pBitStreamRead[0]=0xff,pBitStreamRead[1]=0xfb,pBitStreamRead[2]=0xb2,pBitStreamRead[3]=0x64,pBitStreamRead[4]=0xeb
V/MtkOmxMp3Dec(  264): i=5,ulBytesConsumed=627,mBufferLength=6896,mMp3Dec->handle->PCMSamplesPerCH=1152 mMp3Dec->handle->CHNumber=2
V/MtkOmxMp3Dec(  264): mOutputNum=7,pOutputBuf->nAllocLen =46080, pOutputBuf->nFilledLen=32256 ,mOutputFrameLength=4608
V/MtkOmxMp3Dec(  264): ulBytesConsumed=627, nBitStreamSize=3135, ulNumSamplesOut=2304
V/MtkOmxMp3Dec(  264): pBitStreamBuf=0x416d0aa0,pBitStreamRead=0x416d1951,pBitStreamRead[0]=0xff,pBitStreamRead[1]=0xfb,pBitStreamRead[2]=0xb2,pBitStreamRead[3]=0x64,pBitStreamRead[4]=0xdb
V/MtkOmxMp3Dec(  264): i=6,ulBytesConsumed=627,mBufferLength=6896,mMp3Dec->handle->PCMSamplesPerCH=1152 mMp3Dec->handle->CHNumber=2
V/MtkOmxMp3Dec(  264): mOutputNum=8,pOutputBuf->nAllocLen =46080, pOutputBuf->nFilledLen=36864 ,mOutputFrameLength=4608
V/MtkOmxMp3Dec(  264): ulBytesConsumed=627, nBitStreamSize=2508, ulNumSamplesOut=2304
V/MtkOmxMp3Dec(  264): pBitStreamBuf=0x416d0aa0,pBitStreamRead=0x416d1bc4,pBitStreamRead[0]=0xff,pBitStreamRead[1]=0xfb,pBitStreamRead[2]=0xb2,pBitStreamRead[3]=0x64,pBitStreamRead[4]=0xdc
V/MtkOmxMp3Dec(  264): i=7,ulBytesConsumed=627,mBufferLength=6896,mMp3Dec->handle->PCMSamplesPerCH=1152 mMp3Dec->handle->CHNumber=2
V/MtkOmxMp3Dec(  264): mOutputNum=9,pOutputBuf->nAllocLen =46080, pOutputBuf->nFilledLen=41472 ,mOutputFrameLength=4608
V/MtkOmxMp3Dec(  264): ulBytesConsumed=627, nBitStreamSize=1881, ulNumSamplesOut=2304
V/MtkOmxMp3Dec(  264): pBitStreamBuf=0x416d0aa0,pBitStreamRead=0x416d1e37,pBitStreamRead[0]=0xff,pBitStreamRead[1]=0xfb,pBitStreamRead[2]=0xb2,pBitStreamRead[3]=0x64,pBitStreamRead[4]=0xdf
V/MtkOmxMp3Dec(  264): i=8,ulBytesConsumed=627,mBufferLength=6896,mMp3Dec->handle->PCMSamplesPerCH=1152 mMp3Dec->handle->CHNumber=2
V/MtkOmxMp3Dec(  264): mOutputNum=10,pOutputBuf->nAllocLen =46080, pOutputBuf->nFilledLen=46080 ,mOutputFrameLength=4608
V/MtkOmxMp3Dec(  264): ulBytesConsumed=627, nBitStreamSize=1254, ulNumSamplesOut=2304
V/MtkOmxMp3Dec(  264): pInputBuf->nFilledLen =1254
V/MtkOmxMp3Dec(  264): DecodeAudio ---- HandleFillBufferDone: 63477550
V/MtkOmxMp3Dec(  264): DecodeAudio ----QueueInputBuffer
V/MtkOmxMp3Dec(  264): MP3 @@ QueueInputBuffer (1)
V/MediaPlayerService(  264): [6] isPlaying: 1
V/MediaPlayer( 1415): isPlaying: 1
V/MediaPlayerService(  264): [6] isPlaying: 1
V/MediaPlayer( 1415): isPlaying: 1
V/MediaPlayer( 1415): getCurrentPosition
V/MediaPlayerService(  264): getCurrentPosition
V/MediaPlayerService(  264): [6] getCurrentPosition = 61388
V/MediaPlayerService(  264): [6] isPlaying: 1
V/MediaPlayer( 1415): isPlaying: 1
V/MediaPlayerService(  264): [6] isPlaying: 1
V/MediaPlayer( 1415): isPlaying: 1
V/MediaPlayer( 1415): getCurrentPosition
V/MediaPlayerService(  264): getCurrentPosition
V/MediaPlayerService(  264): [6] getCurrentPosition = 61388
V/MtkOmxMp3Dec(  264): In DecodeAudio -- pInputBuf:0x2d8888 , pOutputBuf :0x2d9310
V/MtkOmxMp3Dec(  264): In DecodeAudio -- pInputBuf->pBuffer:0x416d0aa0 , pOutputBuf->pBuffer :0x42933400
V/MtkOmxMp3Dec(  264): In DecodeAudio -- pInputBuf->nOffset =0,pOutputBuf->nOffset =0
V/MtkOmxMp3Dec(  264): In DecodeAudio -- pInputBuf->nFilledLen =1254,pOutputBuf->nFilledLen =0
V/MtkOmxMp3Dec(  264): In DecodeAudio -- pInputBuf->nTimeStamp =63503673,pOutputBuf->nTimeStamp =61387754
V/MtkOmxMp3Dec(  264): old input buffer,set last decode position pLastBitStreamRead 0x416d20aa
V/MtkOmxMp3Dec(  264): New pOutputBuf->nTimeStamp = 63738775 ,pInputBuf->nTimeStamp=63503673 ,mInSampleCount=10368 mOutputPcmMode.nSamplingRate=44100
V/MtkOmxMp3Dec(  264): pBitStreamBuf=0x416d0aa0,pBitStreamRead=0x416d20aa,pBitStreamRead[0]=0xff,pBitStreamRead[1]=0xfb,pBitStreamRead[2]=0xb2,pBitStreamRead[3]=0x64,pBitStreamRead[4]=0xe8
V/MtkOmxMp3Dec(  264): i=0,ulBytesConsumed=627,mBufferLength=6896,mMp3Dec->handle->PCMSamplesPerCH=1152 mMp3Dec->handle->CHNumber=2
V/MtkOmxMp3Dec(  264): mOutputNum=1,pOutputBuf->nAllocLen =46080, pOutputBuf->nFilledLen=4608 ,mOutputFrameLength=4608
V/MtkOmxMp3Dec(  264): ulBytesConsumed=627, nBitStreamSize=627, ulNumSamplesOut=2304
V/MtkOmxMp3Dec(  264): pBitStreamBuf=0x416d0aa0,pBitStreamRead=0x416d231d,pBitStreamRead[0]=0xff,pBitStreamRead[1]=0xfb,pBitStreamRead[2]=0xb2,pBitStreamRead[3]=0x64,pBitStreamRead[4]=0xdb
V/MtkOmxMp3Dec(  264): i=1,ulBytesConsumed=627,mBufferLength=6896,mMp3Dec->handle->PCMSamplesPerCH=1152 mMp3Dec->handle->CHNumber=2
V/MtkOmxMp3Dec(  264): mOutputNum=2,pOutputBuf->nAllocLen =46080, pOutputBuf->nFilledLen=9216 ,mOutputFrameLength=4608
V/MtkOmxMp3Dec(  264): ulBytesConsumed=627, nBitStreamSize=0, ulNumSamplesOut=2304
V/MtkOmxMp3Dec(  264): MP3 @@ QueueOutputBuffer (1)
V/MtkOmxMp3Dec(  264): DecodeAudio ----QueueOutputBuffer
V/MtkOmxMp3Dec(  264): DecodeAudio ---- HandleEmptyBufferDone
V/MtkOmxMp3Dec(  264): In DecodeAudio -- pInputBuf:0x2d8928 , pOutputBuf :0x2d9310
V/MtkOmxMp3Dec(  264): In DecodeAudio -- pInputBuf->pBuffer:0x416d4540 , pOutputBuf->pBuffer :0x42933400
V/MtkOmxMp3Dec(  264): In DecodeAudio -- pInputBuf->nOffset =0,pOutputBuf->nOffset =0
V/MtkOmxMp3Dec(  264): In DecodeAudio -- pInputBuf->nFilledLen =6896,pOutputBuf->nFilledLen =9216
V/MtkOmxMp3Dec(  264): In DecodeAudio -- pInputBuf->nTimeStamp =63791020,pOutputBuf->nTimeStamp =63738775
V/MtkOmxMp3Dec(  264): new input buffer pointer 0x416d4540 length 6896 !
V/MtkOmxMp3Dec(  264): pBitStreamBuf=0x416d4540,pBitStreamRead=0x416d4540,pBitStreamRead[0]=0xff,pBitStreamRead[1]=0xfb,pBitStreamRead[2]=0xb2,pBitStreamRead[3]=0x64,pBitStreamRead[4]=0xdd
V/MtkOmxMp3Dec(  264): i=0,ulBytesConsumed=627,mBufferLength=6896,mMp3Dec->handle->PCMSamplesPerCH=1152 mMp3Dec->handle->CHNumber=2
V/MtkOmxMp3Dec(  264): mOutputNum=3,pOutputBuf->nAllocLen =46080, pOutputBuf->nFilledLen=13824 ,mOutputFrameLength=4608
V/MtkOmxMp3Dec(  264): ulBytesConsumed=627, nBitStreamSize=6269, ulNumSamplesOut=2304
V/MtkOmxMp3Dec(  264): pBitStreamBuf=0x416d4540,pBitStreamRead=0x416d47b3,pBitStreamRead[0]=0xff,pBitStreamRead[1]=0xfb,pBitStreamRead[2]=0xb2,pBitStreamRead[3]=0x64,pBitStreamRead[4]=0xd4
V/MtkOmxMp3Dec(  264): i=1,ulBytesConsumed=627,mBufferLength=6896,mMp3Dec->handle->PCMSamplesPerCH=1152 mMp3Dec->handle->CHNumber=2
V/MtkOmxMp3Dec(  264): mOutputNum=4,pOutputBuf->nAllocLen =46080, pOutputBuf->nFilledLen=18432 ,mOutputFrameLength=4608
V/MtkOmxMp3Dec(  264): ulBytesConsumed=627, nBitStreamSize=5642, ulNumSamplesOut=2304
V/MtkOmxMp3Dec(  264): pBitStreamBuf=0x416d4540,pBitStreamRead=0x416d4a26,pBitStreamRead[0]=0xff,pBitStreamRead[1]=0xfb,pBitStreamRead[2]=0xb2,pBitStreamRead[3]=0x64,pBitStreamRead[4]=0xc7
V/MtkOmxMp3Dec(  264): i=2,ulBytesCon[ 2613.883917] ----> schedule
[ 2613.895331] Mali<2>: Session has ended
[ 2615.812432] Rcv Wcid(1) AddBAReq
[ 2615.812452] Start Seq = 00000000
[ 2617.747686] [ALSA] playback_trigger cmd = 0
[ 2617.747772] [ALSA] playback_hw_free
[ 2617.747788] [ALSA] operator: close, substream = 0xEDB35E00
[ 2617.749142] [Drv_FS] DrvFSUnMount: #81: return 0
[ 2618.004799] [ALSA] operator: open, substream = 0xEDB35E00
[ 2618.004820] [ALSA] substream->pcm->device = 0x0
[ 2618.004831] [ALSA] substream->number = 0
[ 2618.004948] [ALSA] playback_hw_params
[ 2618.005123] [AUD][AUD_CODEC][11] Non fixed length mode gets streaming buffer, SA = 0xdfea9f00,Size = 0x18000
[ 2618.005154] [ALSA] playback_prepare pcm_buffer_size = 65536 bytes pcm_period_size = 4096 bytes
[ 2618.005168] [ALSA] playback_prepare dma_area = 0xDFEA9F00 dma_bytes = 0x10000
[ 2618.005183] [ALSA] playback_prepare rate = 48000 format = 2 (bitwidth = 16) channels = 2
[ 2618.005196] [ALSA] playback_prepare runtime->delay = 0 frames start_threshold = 1 frames
[ 2618.005398] [ALSA] playback_trigger cmd = 1
[ 2624.500318] [ALSA] playback_trigger cmd = 0
[ 2624.500409] [ALSA] playback_hw_free
[ 2624.500427] [ALSA] operator: close, substream = 0xEDB35E00
[ 2624.501161] [Drv_FS] DrvFSUnMount: #81: return 0
[ 2624.958265] [ALSA] operator: open, substream = 0xEDB35E00
[ 2624.958303] [ALSA] substream->pcm->device = 0x0
[ 2624.958320] [ALSA] substream->number = 0
[ 2624.958434] [ALSA] playback_hw_params
[ 2624.958560] [AUD][AUD_CODEC][11] Non fixed length mode gets streaming buffer, SA = 0xdfea9f00,Size = 0x18000
[ 2624.958581] [ALSA] playback_prepare pcm_buffer_size = 65536 bytes pcm_period_size = 4096 bytes
[ 2624.958594] [ALSA] playback_prepare dma_area = 0xDFEA9F00 dma_bytes = 0x10000
[ 2624.958608] [ALSA] playback_prepare rate = 48000 format = 2 (bitwidth = 16) channels = 2
[ 2624.958620] [ALSA] playback_prepare runtime->delay = 0 frames start_threshold = 1 frames
[ 2624.958740] [ALSA] playback_trigger cmd = 1
[ 2625.471446] ----> time  [12, -400567584]
[ 2625.471470] ----> icoutn:nr  [132, 95],drop=1
sumed=627,mBufferLength=6896,mMp3Dec->handle->PCMSamplesPerCH=1152 mMp3Dec->handle->CHNumber=2
V/MtkOmxMp3Dec(  264): mOutputNum=5,pOutputBuf->nAllocLen =46080, pOutputBuf->nFilledLen=23040 ,mOutputFrameLength=4608
V/MtkOmxMp3Dec(  264): ulBytesConsumed=627, nBitStreamSize=5015, ulNumSamplesOut=2304
V/MtkOmxMp3Dec(  264): pBitStreamBuf=0x416d4540,pBitStreamRead=0x416d4c99,pBitStreamRead[0]=0xff,pBitStreamRead[1]=0xfb,pBitStreamRead[2]=0xb2,pBitStreamRead[3]=0x64,pBitStreamRead[4]=0xec
V/MtkOmxMp3Dec(  264): i=3,ulBytesConsumed=627,mBufferLength=6896,mMp3Dec->handle->PCMSamplesPerCH=1152 mMp3Dec->handle->CHNumber=2
V/MtkOmxMp3Dec(  264): mOutputNum=6,pOutputBuf->nAllocLen =46080, pOutputBuf->nFilledLen=27648 ,mOutputFrameLength=4608
V/MtkOmxMp3Dec(  264): ulBytesConsumed=627, nBitStreamSize=4388, ulNumSamplesOut=2304
V/MtkOmxMp3Dec(  264): pBitStreamBuf=0x416d4540,pBitStreamRead=0x416d4f0c,pBitStreamRead[0]=0xff,pBitStreamRead[1]=0xfb,pBitStreamRead[2]=0xb2,pBitStreamRead[3]=0x64,pBitStreamRead[4]=0xf0
V/MtkOmxMp3Dec(  264): i=4,ulBytesConsumed=627,mBufferLength=6896,mMp3Dec->handle->PCMSamplesPerCH=1152 mMp3Dec->handle->CHNumber=2
V/MtkOmxMp3Dec(  264): mOutputNum=7,pOutputBuf->nAllocLen =46080, pOutputBuf->nFilledLen=32256 ,mOutputFrameLength=4608
V/MtkOmxMp3Dec(  264): ulBytesConsumed=627, nBitStreamSize=3761, ulNumSamplesOut=2304
V/MtkOmxMp3Dec(  264): pBitStreamBuf=0x416d4540,pBitStreamRead=0x416d517f,pBitStreamRead[0]=0xff,pBitStreamRead[1]=0xfb,pBitStreamRead[2]=0xb2,pBitStreamRead[3]=0x64,pBitStreamRead[4]=0xd3
V/MtkOmxMp3Dec(  264): i=5,ulBytesConsumed=627,mBufferLength=6896,mMp3Dec->handle->PCMSamplesPerCH=1152 mMp3Dec->handle->CHNumber=2
V/MtkOmxMp3Dec(  264): mOutputNum=8,pOutputBuf->nAllocLen =46080, pOutputBuf->nFilledLen=36864 ,mOutputFrameLength=4608
V/MtkOmxMp3Dec(  264): ulBytesConsumed=627, nBitStreamSize=3134, ulNumSamplesOut=2304
V/MtkOmxMp3Dec(  264): pBitStreamBuf=0x416d4540,pBitStreamRead=0x416d53f2,pBitStreamRead[0]=0xff,pBitStreamRead[1]=0xfb,pBitStreamRead[2]=0xb2,pBitStreamRead[3]=0x64,pBitStreamRead[4]=0xe0
V/MtkOmxMp3Dec(  264): i=6,ulBytesConsumed=627,mBufferLength=6896,mMp3Dec->handle->PCMSamplesPerCH=1152 mMp3Dec->handle->CHNumber=2
V/MtkOmxMp3Dec(  264): mOutputNum=9,pOutputBuf->nAllocLen =46080, pOutputBuf->nFilledLen=41472 ,mOutputFrameLength=4608
V/MtkOmxMp3Dec(  264): ulBytesConsumed=627, nBitStreamSize=2507, ulNumSamplesOut=2304
V/MtkOmxMp3Dec(  264): pBitStreamBuf=0x416d4540,pBitStreamRead=0x416d5665,pBitStreamRead[0]=0xff,pBitStreamRead[1]=0xfb,pBitStreamRead[2]=0xb2,pBitStreamRead[3]=0x64,pBitStreamRead[4]=0xf2
V/MtkOmxMp3Dec(  264): i=7,ulBytesConsumed=627,mBufferLength=6896,mMp3Dec->handle->PCMSamplesPerCH=1152 mMp3Dec->handle->CHNumber=2
V/MtkOmxMp3Dec(  264): mOutputNum=10,pOutputBuf->nAllocLen =46080, pOutputBuf->nFilledLen=46080 ,mOutputFrameLength=4608
V/MtkOmxMp3Dec(  264): ulBytesConsumed=627, nBitStreamSize=1880, ulNumSamplesOut=2304
V/MtkOmxMp3Dec(  264): pInputBuf->nFilledLen =1880
V/MtkOmxMp3Dec(  264): DecodeAudio ---- HandleFillBufferDone: 63738775
V/MtkOmxMp3Dec(  264): DecodeAudio ----QueueInputBuffer
V/MtkOmxMp3Dec(  264): MP3 @@ QueueInputBuffer (2)
V/MediaPlayerService(  264): [6] isPlaying: 1
V/MediaPlayer( 1415): isPlaying: 1
V/MediaPlayerService(  264): [6] isPlaying: 1
V/MediaPlayer( 1415): isPlaying: 1
V/MediaPlayer( 1415): getCurrentPosition
V/MediaPlayerService(  264): getCurrentPosition
V/MediaPlayerService(  264): [6] getCurrentPosition = 61649
V/MediaPlayerService(  264): [6] isPlaying: 1
V/MediaPlayer( 1415): isPlaying: 1
V/MediaPlayerService(  264): [6] isPlaying: 1
V/MediaPlayer( 1415): isPlaying: 1
V/MediaPlayer( 1415): getCurrentPosition
V/MediaPlayerService(  264): getCurrentPosition
V/MediaPlayerService(  264): [6] getCurrentPosition = 61649
D/dalvikvm( 1415): GC_CONCURRENT freed 2037K, 19% free 36169K/44295K, paused 2ms+11ms
V/MediaPlayerService(  264): [6] isPlaying: 1
V/MediaPlayer( 1415): isPlaying: 1
V/MediaPlayerService(  264): [6] isPlaying: 1
V/MediaPlayer( 1415): isPlaying: 1
V/MediaPlayer( 1415): getCurrentPosition
V/MediaPlayerService(  264): getCurrentPosition
V/MediaPlayerService(  264): [6] getCurrentPosition = 61651
V/MtkOmxMp3Dec(  264): In DecodeAudio -- pInputBuf:0x2d8928 , pOutputBuf :0x2d9450
V/MtkOmxMp3Dec(  264): In DecodeAudio -- pInputBuf->pBuffer:0x416d4540 , pOutputBuf->pBuffer :0x4293e800
V/MtkOmxMp3Dec(  264): In DecodeAudio -- pInputBuf->nOffset =0,pOutputBuf->nOffset =0
V/MtkOmxMp3Dec(  264): In DecodeAudio -- pInputBuf->nFilledLen =1880,pOutputBuf->nFilledLen =0
V/MtkOmxMp3Dec(  264): In DecodeAudio -- pInputBuf->nTimeStamp =63791020,pOutputBuf->nTimeStamp =61648978
V/MtkOmxMp3Dec(  264): old input buffer,set last decode position pLastBitStreamRead 0x416d58d8
V/MtkOmxMp3Dec(  264): New pOutputBuf->nTimeStamp = 63999999 ,pInputBuf->nTimeStamp=63791020 ,mInSampleCount=9216 mOutputPcmMode.nSamplingRate=44100
V/MtkOmxMp3Dec(  264): pBitStreamBuf=0x416d4540,pBitStreamRead=0x416d58d8,pBitStreamRead[0]=0xff,pBitStreamRead[1]=0xfb,pBitStreamRead[2]=0xb2,pBitStreamRead[3]=0x64,pBitStreamRead[4]=0xda
V/MtkOmxMp3Dec(  264): i=0,ulBytesConsumed=627,mBufferLength=6896,mMp3Dec->handle->PCMSamplesPerCH=1152 mMp3Dec->handle->CHNumber=2
V/MtkOmxMp3Dec(  264): mOutputNum=1,pOutputBuf->nAllocLen =46080, pOutputBuf->nFilledLen=4608 ,mOutputFrameLength=4608
V/MtkOmxMp3Dec(  264): ulBytesConsumed=627, nBitStreamSize=1253, ulNumSamplesOut=2304
V/MtkOmxMp3Dec(  264): pBitStreamBuf=0x416d4540,pBitStreamRead=0x416d5b4b,pBitStreamRead[0]=0xff,pBitStreamRead[1]=0xfb,pBitStreamRead[2]=0xb0,pBitStreamRead[3]=0x64,pBitStreamRead[4]=0xe7
V/MtkOmxMp3Dec(  264): i=1,ulBytesConsumed=626,mBufferLength=6896,mMp3Dec->handle->PCMSamplesPerCH=1152 mMp3Dec->handle->CHNumber=2
<FACTORY>send message failed -1 @L151
<AND_STUB>ERROR!!,recv AND_STUB_KEY_MSG 
<AND_STUB>private message id is 0
<FACTORY>send message failed -1 @L151
<AND_STUB>ERROR!!,recv AND_STUB_KEY_MSG 
<AND_STUB>private message id is 0
<FACTORY>send message failed -1 @L151
<AND_STUB>ERROR!!,recv AND_STUB_KEY_MSG 
<AND_STUB>private message id is 0
<FACTORY>send message failed -1 @L151
<AND_STUB>ERROR!!,recv AND_STUB_KEY_MSG 
<AND_STUB>private message id is 0
<FACTORY>send message failed -1 @L151
<AND_STUB>ERROR!!,recv AND_STUB_KEY_MSG 
<AND_STUB>private message id is 0
<FACTORY>send message failed -1 @L151
<AND_STUB>ERROR!!,recv AND_STUB_KEY_MSG 
<AND_STUB>private message id is 0
<FACTORY>send message failed -1 @L151
<AND_STUB>ERROR!!,recv AND_STUB_KEY_MSG 
<AND_STUB>private message id is 0
<FACTORY>send message failed -1 @L151
<AND_STUB>ERROR!!,recv AND_STUB_KEY_MSG 
<AND_STUB>private message id is 0
<FACTORY>send message failed -1 @L151
<AND_STUB>ERROR!!,recv AND_STUB_KEY_MSG 
<AND_STUB>private message id is 0
<AND_STUB>ERROR!!,recv AND_STUB_KEY_MSG 
<FACTORY>send message failed -1 @L151
<AND_STUB>private message id is 0
<FACTORY>send message failed -1 @L151
<AND_STUB>ERROR!!,recv AND_STUB_KEY_MSG 
<AND_STUB>private message id is 0
<FACTORY>send message failed -1 @L151
<AND_STUB>ERROR!!,recv AND_STUB_KEY_MSG 
<AND_STUB>private message id is 0
<FACTORY>send message failed -1 @L151
<AND_STUB>ERROR!!,recv AND_STUB_KEY_MSG 
<AND_STUB>private message id is 0
<FACTORY>send message failed -1 @L151
<AND_STUB>ERROR!!,recv AND_STUB_KEY_MSG 
<AND_STUB>private message id is 0
<FACTORY>send message failed -1 @L151
<AND_STUB>ERROR!!,recv AND_STUB_KEY_MSG 
<AND_STUB>private message id is 0
<FACTORY>send message failed -1 @L151
<AND_STUB>ERROR!!,recv AND_STUB_KEY_MSG 
<AND_STUB>private message id is 0
<FACTORY>send message failed -1 @L151
<AND_STUB>ERROR!!,recv AND_STUB_KEY_MSG 
<AND_STUB>private message id is 0
<FACTORY>send message failed -1 @L151
<AND_STUB>ERROR!!,recv AND_STUB_KEY_MSG 
<AND_STUB>private message id is 0
<FACTORY>send message failed -1 @L151
<AND_STUB>ERROR!!,recv AND_STUB_KEY_MSG 
<AND_STUB>private message id is 0
<FACTORY>send message failed -1 @L151
<AND_STUB>ERROR!!,recv AND_STUB_KEY_MSG 
<AND_STUB>private message id is 0
<FACTORY>send message failed -1 @L151
<AND_STUB>ERROR!!,recv AND_STUB_KEY_MSG 
<AND_STUB>private message id is 0
<FACTORY>send message failed -1 @L151
<AND_STUB>ERROR!!,recv AND_STUB_KEY_MSG 
<AND_STUB>private message id is 0
<FACTORY>send message failed -1 @L151
<AND_STUB>ERROR!!,recv AND_STUB_KEY_MSG 
<AND_STUB>private message id is 0
V/MtkOmxMp3Dec(  264): mOutputNum=2,pOutputBuf->nAllocLen =46080, pOutputBuf->nFilledLen=9216 ,mOutputFrameLength=4608
V/MtkOmxMp3Dec(  264): ulBytesConsumed=626, nBitStreamSize=627, ulNumSamplesOut=2304
V/MtkOmxMp3Dec(  264): pBitStreamBuf=0x416d4540,pBitStreamRead=0x416d5dbd,pBitStreamRead[0]=0xff,pBitStreamRead[1]=0xfb,pBitStreamRead[2]=0xb2,pBitStreamRead[3]=0x64,pBitStreamRead[4]=0xe6
V/MtkOmxMp3Dec(  264): i=2,ulBytesConsumed=627,mBufferLength=6896,mMp3Dec->handle->PCMSamplesPerCH=1152 mMp3Dec->handle->CHNumber=2
V/MtkOmxMp3Dec(  264): mOutputNum=3,pOutputBuf->nAllocLen =46080, pOutputBuf->nFilledLen=13824 ,mOutputFrameLength=4608
V/MtkOmxMp3Dec(  264): ulBytesConsumed=627, nBitStreamSize=0, ulNumSamplesOut=2304
V/MtkOmxMp3Dec(  264): MP3 @@ QueueOutputBuffer (2)
V/MtkOmxMp3Dec(  264): DecodeAudio ----QueueOutputBuffer
V/MtkOmxMp3Dec(  264): DecodeAudio ---- HandleEmptyBufferDone
V/MtkOmxMp3Dec(  264): In DecodeAudio -- pInputBuf:0x2d89f8 , pOutputBuf :0x2d9450
V/MtkOmxMp3Dec(  264): In DecodeAudio -- pInputBuf->pBuffer:0x416d7fe0 , pOutputBuf->pBuffer :0x4293e800
V/MtkOmxMp3Dec(  264): In DecodeAudio -- pInputBuf->nOffset =0,pOutputBuf->nOffset =0
V/MtkOmxMp3Dec(  264): In DecodeAudio -- pInputBuf->nFilledLen =6897,pOutputBuf->nFilledLen =13824
V/MtkOmxMp3Dec(  264): In DecodeAudio -- pInputBuf->nTimeStamp =64078367,pOutputBuf->nTimeStamp =63999999
V/MtkOmxMp3Dec(  264): new input buffer pointer 0x416d7fe0 length 6897 !
V/MtkOmxMp3Dec(  264): pBitStreamBuf=0x416d7fe0,pBitStreamRead=0x416d7fe0,pBitStreamRead[0]=0xff,pBitStreamRead[1]=0xfb,pBitStreamRead[2]=0xb2,pBitStreamRead[3]=0x64,pBitStreamRead[4]=0xd7
V/MtkOmxMp3Dec(  264): i=0,ulBytesConsumed=627,mBufferLength=6897,mMp3Dec->handle->PCMSamplesPerCH=1152 mMp3Dec->handle->CHNumber=2
V/MtkOmxMp3Dec(  264): mOutputNum=4,pOutputBuf->nAllocLen =46080, pOutputBuf->nFilledLen=18432 ,mOutputFrameLength=4608
V/MtkOmxMp3Dec(  264): ulBytesConsumed=627, nBitStreamSize=6270, ulNumSamplesOut=2304
V/MtkOmxMp3Dec(  264): pBitStreamBuf=0x416d7fe0,pBitStreamRead=0x416d8253,pBitStreamRead[0]=0xff,pBitStreamRead[1]=0xfb,pBitStreamRead[2]=0xb2,pBitStreamRead[3]=0x64,pBitStreamRead[4]=0xd9
V/MtkOmxMp3Dec(  264): i=1,ulBytesConsumed=627,mBufferLength=6897,mMp3Dec->handle->PCMSamplesPerCH=1152 mMp3Dec->handle->CHNumber=2
V/MtkOmxMp3Dec(  264): mOutputNum=5,pOutputBuf->nAllocLen =46080, pOutputBuf->nFilledLen=23040 ,mOutputFrameLength=4608
V/MtkOmxMp3Dec(  264): ulBytesConsumed=627, nBitStreamSize=5643, ulNumSamplesOut=2304
V/MtkOmxMp3Dec(  264): pBitStreamBuf=0x416d7fe0,pBitStreamRead=0x416d84c6,pBitStreamRead[0]=0xff,pBitStreamRead[1]=0xfb,pBitStreamRead[2]=0xb2,pBitStreamRead[3]=0x64,pBitStreamRead[4]=0xd7
V/MtkOmxMp3Dec(  264): i=2,ulBytesConsumed=627,mBufferLength=6897,mMp3Dec->handle->PCMSamplesPerCH=1152 mMp3Dec->handle->CHNumber=2
V/MtkOmxMp3Dec(  264): mOutputNum=6,pOutputBuf->nAllocLen =46080, pOutputBuf->nFilledLen=27648 ,mOutputFrameLength=4608
V/MtkOmxMp3Dec(  264): ulBytesConsumed=627, nBitStreamSize=5016, ulNumSamplesOut=2304
V/MtkOmxMp3Dec(  264): pBitStreamBuf=0x416d7fe0,pBitStreamRead=0x416d8739,pBitStreamRead[0]=0xff,pBitStreamRead[1]=0xfb,pBitStreamRead[2]=0xb2,pBitStreamRead[3]=0x64,pBitStreamRead[4]=0xe5
V/MtkOmxMp3Dec(  264): i=3,ulBytesConsumed=627,mBufferLength=6897,mMp3Dec->handle->PCMSamplesPerCH=1152 mMp3Dec->handle->CHNumber=2
V/MtkOmxMp3Dec(  264): mOutputNum=7,pOutputBuf->nAllocLen =46080, pOutputBuf->nFilledLen=32256 ,mOutputFrameLength=4608
V/MtkOmxMp3Dec(  264): ulBytesConsumed=627, nBitStreamSize=4389, ulNumSamplesOut=2304
V/MtkOmxMp3Dec(  264): pBitStreamBuf=0x416d7fe0,pBitStreamRead=0x416d89ac,pBitStreamRead[0]=0xff,pBitStreamRead[1]=0xfb,pBitStreamRead[2]=0xb2,pBitStreamRead[3]=0x64,pBitStreamRead[4]=0xe1
V/MtkOmxMp3Dec(  264): i=4,ulBytesConsumed=627,mBufferLength=6897,mMp3Dec->handle->PCMSamplesPerCH=1152 mMp3Dec->handle->CHNumber=2
V/MtkOmxMp3Dec(  264): mOutputNum=8,pOutputBuf->nAllocLen =46080, pOutputBuf->nFilledLen=36864 ,mOutputFrameLength=4608
V/MtkOmxMp3Dec(  264): ulBytesConsumed=627, nBitStreamSize=3762, ulNumSamplesOut=2304
V/MtkOmxMp3Dec(  264): pBitStreamBuf=0x416d7fe0,pBitStreamRead=0x416d8c1f,pBitStreamRead[0]=0xff,pBitStreamRead[1]=0xfb,pBitStreamRead[2]=0xb2,pBitStreamRead[3]=0x64,pBitStreamRead[4]=0xe5
V/MtkOmxMp3Dec(  264): i=5,ulBytesConsumed=627,mBufferLength=6897,mMp3Dec->handle->PCMSamplesPerCH=1152 mMp3Dec->handle->CHNumber=2
V/MtkOmxMp3Dec(  264): mOutputNum=9,pOutputBuf->nAllocLen =46080, pOutputBuf->nFilledLen=41472 ,mOutputFrameLength=4608
V/MtkOmxMp3Dec(  264): ulBytesConsumed=627, nBitStreamSize=3135, ulNumSamplesOut=2304
V/MtkOmxMp3Dec(  264): pBitStreamBuf=0x416d7fe0,pBitStreamRead=0x416d8e92,pBitStreamRead[0]=0xff,pBitStreamRead[1]=0xfb,pBitStreamRead[2]=0xb2,pBitStreamRead[3]=0x64,pBitStreamRead[4]=0xe1
V/MtkOmxMp3Dec(  264): i=6,ulBytesConsumed=627,mBufferLength=6897,mMp3Dec->handle->PCMSamplesPerCH=1152 mMp3Dec->handle->CHNumber=2
V/MtkOmxMp3Dec(  264): mOutputNum=10,pOutputBuf->nAllocLen =46080, pOutputBuf->nFilledLen=46080 ,mOutputFrameLength=4608
V/MtkOmxMp3Dec(  264): ulBytesConsumed=627, nBitStreamSize=2508, ulNumSamplesOut=2304
V/MtkOmxMp3Dec(  264): pInputBuf->nFilledLen =2508
V/MtkOmxMp3Dec(  264): DecodeAudio ---- HandleFillBufferDone: 63999999
V/MtkOmxMp3Dec(  264): DecodeAudio ----QueueInputBuffer
V/MtkOmxMp3Dec(  264): MP3 @@ QueueInputBuffer (3)
V/MediaPlayerService(  264): [6] isPlaying: 1
V/MediaPlayer( 1415): isPlaying: 1
V/MediaPlayerService(  264): [6] isPlaying: 1
V/MediaPlayer( 1415): isPlaying: 1
V/MediaPlayer( 1415): getCurrentPosition
V/MediaPlayerService(  264): getCurrentPosition
V/MediaPlayerService(  264): [6] getCurrentPosition = 61910
V/MediaPlayerService(  264): [6] isPlaying: 1
V/MediaPlayer( 1415): isPlaying: 1
V/MediaPlayerService(  264): [6] isPlaying: 1
V/MediaPlayer( 1415): isPlaying: 1
V/MediaPlayer( 1415): getCurrentPosition
V/MediaPlayerService(  264): getCurrentPosition
V/MediaPlayerService(  264): [6] getCurrentPosition = 61910
V/MediaPlayerService(  264): [6] isPlaying: 1
V/MediaPlayer( 1415): isPlaying: 1
V/MediaPlayerService(  264): [6] isPlaying: 1
V/MediaPlayer( 1415): isPlaying: 1
V/MediaPlayer( 1415): getCurrentPosition
V/MediaPlayerService(  264): getCurrentPosition
V/MediaPlayerService(  264): [6] getCurrentPosition = 61950
V/MtkOmxMp3Dec(  264): In DecodeAudio -- pInputBuf:0x2d89f8 , pOutputBuf :0x2d9590
V/MtkOmxMp3Dec(  264): In DecodeAudio -- pInputBuf->pBuffer:0x416d7fe0 , pOutputBuf->pBuffer :0x42949c00
V/MtkOmxMp3Dec(  264): In DecodeAudio -- pInputBuf->nOffset =0,pOutputBuf->nOffset =0
V/MtkOmxMp3Dec(  264): In DecodeAudio -- pInputBuf->nFilledLen =2508,pOutputBuf->nFilledLen =0
V/MtkOmxMp3Dec(  264): In DecodeAudio -- pInputBuf->nTimeStamp =64078367,pOutputBuf->nTimeStamp =61910203
V/MtkOmxMp3Dec(  264): old input buffer,set last decode position pLastBitStreamRead 0x416d9105
V/MtkOmxMp3Dec(  264): New pOutputBuf->nTimeStamp = 64261224 ,pInputBuf->nTimeStamp=64078367 ,mInSampleCount=8064 mOutputPcmMode.nSamplingRate=44100
V/MtkOmxMp3Dec(  264): pBitStreamBuf=0x416d7fe0,pBitStreamRead=0x416d9105,pBitStreamRead[0]=0xff,pBitStreamRead[1]=0xfb,pBitStreamRead[2]=0xb2,pBitStreamRead[3]=0x64,pBitStreamRead[4]=0xf4
V/MtkOmxMp3Dec(  264): i=0,ulBytesConsumed=627,mBufferLength=6897,mMp3Dec->handle->PCMSamplesPerCH=1152 mMp3Dec->handle->CHNumber=2
V/MtkOmxMp3Dec(  264): mOutputNum=1,pOutputBuf->nAllocLen =46080, pOutputBuf->nFilledLen=4608 ,mOutputFrameLength=4608
V/MtkOmxMp3Dec(  264): ulBytesConsumed=627, nBitStreamSize=1881, ulNumSamplesOut=2304
V/MtkOmxMp3Dec(  264): pBitStreamBuf=0x416d7fe0,pBitStreamRead=0x416d9378,pBitStreamRead[0]=0xff,pBitStreamRead[1]=0xfb,pBitStreamRead[2]=0xb2,pBitStreamRead[3]=0x64,pBitStreamRead[4]=0xe6
V/MtkOmxMp3Dec(  264): i=1,ulBytesConsumed=627,mBufferLength=6897,mMp3Dec->handle->PCMSamplesPerCH=1152 mMp3Dec->handle->CHNumber=2
V/MtkOmxMp3Dec(  264): mOutputNum=2,pOutputBuf->nAllocLen =46080, pOutputBuf->nFilledLen=9216 ,mOutputFrameLength=4608
V/MtkOmxMp3Dec(  264): ulBytesConsumed=627, nBitStreamSize=1254, ulNumSamplesOut=2304
V/MtkOmxMp3Dec(  264): pBitStreamBuf=0x416d7fe0,pBitStreamRead=0x416d95eb,pBitStreamRead[0]=0xff,pBitStreamRead[1]=0xfb,pBitStreamRead[2]=0xb2,pBitStreamRead[3]=0x64,pBitStreamRead[4]=0xd6
V/MtkOmxMp3Dec(  264): i=2,ulBytesConsumed=627,mBufferLength=6897,mMp3Dec->handle->PCMSamplesPerCH=1152 mMp3Dec->handle->CHNumber=2
V/MtkOmxMp3Dec(  264): mOutputNum=3,pOutputBuf->nAllocLen =46080, pOutputBuf->nFilledLen=13824 ,mOutputFrameLength=4608
V/MtkOmxMp3Dec(  264): ulBytesConsumed=627, nBitStreamSize=627, ulNumSamplesOut=2304
V/MtkOmxMp3Dec(  264): pBitStreamBuf=0x416d7fe0,pBitStreamRead=0x416d985e,pBitStreamRead[0]=0xff,pBitStreamRead[1]=0xfb,pBitStreamRead[2]=0xb2,pBitStreamRead[3]=0x64,pBitStreamRead[4]=0xf7
V/MtkOmxMp3Dec(  264): i=3,ulBytesConsumed=627,mBufferLength=6897,mMp3Dec->handle->PCMSamplesPerCH=1152 mMp3Dec->handle->CHNumber=2
V/MtkOmxMp3Dec(  264): mOutputNum=4,pOutputBuf->nAllocLen =46080, pOutputBuf->nFilledLen=18432 ,mOutputFrameLength=4608
V/MtkOmxMp3Dec(  264): ulBytesConsumed=627, nBitStreamSize=0, ulNumSamplesOut=2304
V/MtkOmxMp3Dec(  264): MP3 @@ QueueOutputBuffer (3)
V/MtkOmxMp3Dec(  264): DecodeAudio ----QueueOutputBuffer
V/MtkOmxMp3Dec(  264): DecodeAudio ---- HandleEmptyBufferDone
V/MtkOmxMp3Dec(  264): In DecodeAudio -- pInputBuf:0x2d8ac8 , pOutputBuf :0x2d9590
V/MtkOmxMp3Dec(  264): In DecodeAudio -- pInputBuf->pBuffer:0x416dba80 , pOutputBuf->pBuffer :0x42949c00
V/MtkOmxMp3Dec(  264): In DecodeAudio -- pInputBuf->nOffset =0,pOutputBuf->nOffset =0
V/MtkOmxMp3Dec(  264): In DecodeAudio -- pInputBuf->nFilledLen =6896,pOutputBuf->nFilledLen =18432
V/MtkOmxMp3Dec(  264): In DecodeAudio -- pInputBuf->nTimeStamp =64365714,pOutputBuf->nTimeStamp =64261224
V/MtkOmxMp3Dec(  264): new input buffer pointer 0x416dba80 length 6896 !
V/MtkOmxMp3Dec(  264): pBitStreamBuf=0x416dba80,pBitStreamRead=0x416dba80,pBitStreamRead[0]=0xff,pBitStreamRead[1]=0xfb,pBitStreamRead[2]=0xb2,pBitStreamRead[3]=0x64,pBitStreamRead[4]=0xd3
V/MtkOmxMp3Dec(  264): i=0,ulBytesConsumed=627,mBufferLength=6896,mMp3Dec->handle->PCMSamplesPerCH=1152 mMp3Dec->handle->CHNumber=2
V/MtkOmxMp3Dec(  264): mOutputNum=5,pOutputBuf->nAllocLen =46080, pOutputBuf->nFilledLen=23040 ,mOutputFrameLength=4608
V/MtkOmxMp3Dec(  264): ulBytesConsumed=627, nBitStreamSize=6269, ulNumSamplesOut=2304
V/MtkOmxMp3Dec(  264): pBitStreamBuf=0x416dba80,pBitStreamRead=0x416dbcf3,pBitStreamRead[0]=0xff,pBitStreamRead[1]=0xfb,pBitStreamRead[2]=0xb2,pBitStreamRead[3]=0x64,pBitStreamRead[4]=0xdf
V/MtkOmxMp3Dec(  264): i=1,ulBytesConsumed=627,mBufferLength=6896,mMp3Dec->handle->PCMSamplesPerCH=1152 mMp3Dec->handle->CHNumber=2
V/MtkOmxMp3Dec(  264): mOutputNum=6,pOutputBuf->nAllocLen =46080, pOutputBuf->nFilledLen=27648 ,mOutputFrameLength=4608
V/MtkOmxMp3Dec(  264): ulBytesConsumed=627, nBitStreamSize=5642, ulNumSamplesOut=2304
V/MtkOmxMp3Dec(  264): pBitStreamBuf=0x416dba80,pBitStreamRead=0x416dbf66,pBitStreamRead[0]=0xff,pBitStreamRead[1]=0xfb,pBitStreamRead[2]=0xb2,pBitStreamRead[3]=0x64,pBitStreamRead[4]=0xdc
V/MtkOmxMp3Dec(  264): i=2,ulBytesConsumed=627,mBufferLength=6896,mMp3Dec->handle->PCMSamplesPerCH=1152 mMp3Dec->handle->CHNumber=2
V/MtkOmxMp3Dec(  264): mOutputNum=7,pOutputBuf->nAllocLen =46080, pOutputBuf->nFilledLen=32256 ,mOutputFrameLength=4608
V/MtkOmxMp3Dec(  264): ulBytesConsumed=627, nBitStreamSize=5015, ulNumSamplesOut=2304
V/MtkOmxMp3Dec(  264): pBitStreamBuf=0x416dba80,pBitStreamRead=0x416dc1d9,pBitStreamRead[0]=0xff,pBitStreamRead[1]=0xfb,pBitStreamRead[2]=0xb2,pBitStreamRead[3]=0x64,pBitStreamRead[4]=0xde
V/MtkOmxMp3Dec(  264): i=3,ulBytesConsumed=627,mBufferLength=6896,mMp3Dec->handle->PCMSamplesPerCH=1152 mMp3Dec->handle->CHNumber=2
V/MtkOmxMp3Dec(  264): mOutputNum=8,pOutputBuf->nAllocLen =46080, pOutputBuf->nFilledLen=36864 ,mOutputFrameLength=4608
V/MtkOmxMp3Dec(  264): ulBytesConsumed=627, nBitStreamSize=4388, ulNumSamplesOut=2304
V/MtkOmxMp3Dec(  264): pBitStreamBuf=0x416dba80,pBitStreamRead=0x416dc44c,pBitStreamRead[0]=0xff,pBitStreamRead[1]=0xfb,pBitStreamRead[2]=0xb0,pBitStreamRead[3]=0x64,pBitStreamRead[4]=0xea
V/MtkOmxMp3Dec(  264): i=4,ulBytesConsumed=626,mBufferLength=6896,mMp3Dec->handle->PCMSamplesPerCH=1152 mMp3Dec->handle->CHNumber=2
V/MtkOmxMp3Dec(  264): mOutputNum=9,pOutputBuf->nAllocLen =46080, pOutputBuf->nFilledLen=41472 ,mOutputFrameLength=4608
V/MtkOmxMp3Dec(  264): ulBytesConsumed=626, nBitStreamSize=3762, ulNumSamplesOut=2304
V/MtkOmxMp3Dec(  264): pBitStreamBuf=0x416dba80,pBitStreamRead=0x416dc6be,pBitStreamRead[0]=0xff,pBitStreamRead[1]=0xfb,pBitStreamRead[2]=0xb2,pBitStreamRead[3]=0x64,pBitStreamRead[4]=0xf0
V/MtkOmxMp3Dec(  264): i=5,ulBytesConsumed=627,mBufferLength=6896,mMp3Dec->handle->PCMSamplesPerCH=1152 mMp3Dec->handle->CHNumber=2
V/MtkOmxMp3Dec(  264): mOutputNum=10,pOutputBuf->nAllocLen =46080, pOutputBuf->nFilledLen=46080 ,mOutputFrameLength=4608
V/MtkOmxMp3Dec(  264): ulBytesConsumed=627, nBitStreamSize=3135, ulNumSamplesOut=2304
V/MtkOmxMp3Dec(  264): pInputBuf->nFilledLen =3135
V/MtkOmxMp3Dec(  264): DecodeAudio ---- HandleFillBufferDone: 64261224
V/MtkOmxMp3Dec(  264): DecodeAudio ----QueueInputBuffer
V/MtkOmxMp3Dec(  264): MP3 @@ QueueInputBuffer (4)
V/MediaPlayerService(  264): [6] isPlaying: 1
V/MediaPlayer( 1415): isPlaying: 1
V/MediaPlayerService(  264): [6] isPlaying: 1
V/MediaPlayer( 1415): isPlaying: 1
V/MediaPlayer( 1415): getCurrentPosition
V/MediaPlayerService(  264): getCurrentPosition
V/MediaPlayerService(  264): [6] getCurrentPosition = 62171
V/MediaPlayerService(  264): [6] isPlaying: 1
V/MediaPlayer( 1415): isPlaying: 1
V/MediaPlayerService(  264): [6] isPlaying: 1
V/MediaPlayer( 1415): isPlaying: 1
V/MediaPlayer( 1415): getCurrentPosition
V/MediaPlayerService(  264): getCurrentPosition
V/MediaPlayerService(  264): [6] getCurrentPosition = 62171
D/dalvikvm( 1415): GC_CONCURRENT freed 1971K, 19% free 36151K/44295K, paused 2ms+10ms
V/MtkOmxMp3Dec(  264): In DecodeAudio -- pInputBuf:0x2d8ac8 , pOutputBuf :0x2d96d0
V/MtkOmxMp3Dec(  264): In DecodeAudio -- pInputBuf->pBuffer:0x416dba80 , pOutputBuf->pBuffer :0x42955000
V/MtkOmxMp3Dec(  264): In DecodeAudio -- pInputBuf->nOffset =0,pOutputBuf->nOffset =0
