130|shell@android:/ $ logcat
--------- beginning of /dev/log/system
I/ActivityManager(  978): Enabled StrictMode logging for AThread's Looper
I/SystemServer(  978): Telephony Registry
I/SystemServer(  978): Package Manager
W/PackageManager(  978): Running ENG build: no pre-dexopt!
W/PackageManager(  978): Library not found: /system/framework/com.android.future.usb.accessory.jar
W/PackageParser(  978): No actions in intent filter at /system/app/Bluetooth.apk Binary XML file line #125
I/PackageParser(  978): com.coship.HS: compat added android.permission.WRITE_EXTERNAL_STORAGE android.permission.READ_PHONE_STATE
W/PackageParser(  978): No actions in intent filter at /system/app/Contacts.apk Binary XML file line #525
W/PackageParser(  978): No actions in intent filter at /system/app/FlyUI_HomePlayer.apk Binary XML file line #114
W/PackageParser(  978): No actions in intent filter at /system/app/FlyUI_HomePlayer.apk Binary XML file line #120
I/PackageParser(  978): com.coship.Multimedia: compat added android.permission.READ_PHONE_STATE
W/PackageParser(  978): No actions in intent filter at /system/app/FlyUI_Portal.apk Binary XML file line #196
W/PackageParser(  978): Problem in package /system/app/STB-Settings.apk:
W/PackageParser(  978): Unknown element under <activity>: data at /system/app/STB-Settings.apk Binary XML file line #145
W/PackageParser(  978): Problem in package /system/app/STB-Settings.apk:
W/PackageParser(  978): Unknown element under <activity>: action at /system/app/STB-Settings.apk Binary XML file line #231
W/PackageParser(  978): Problem in package /system/app/STB-Settings.apk:
W/PackageParser(  978): Unknown element under <activity>: action at /system/app/STB-Settings.apk Binary XML file line #232
W/PackageParser(  978): Problem in package /system/app/STB-Settings.apk:
W/PackageParser(  978): Unknown element under <activity>: action at /system/app/STB-Settings.apk Binary XML file line #289
W/PackageParser(  978): Problem in package /system/app/STB-Settings.apk:
W/PackageParser(  978): Unknown element under <activity>: action at /system/app/STB-Settings.apk Binary XML file line #393
W/PackageParser(  978): Problem in package /system/app/STB-Settings.apk:
W/PackageParser(  978): Unknown element under <activity>: action at /system/app/STB-Settings.apk Binary XML file line #394
W/PackageParser(  978): No actions in intent filter at /system/app/com.coship.NetworkNavigation.apk Binary XML file line #24
W/PackageParser(  978): No actions in intent filter at /system/app/com.coship.NetworkNavigation.apk Binary XML file line #31
W/PackageParser(  978): No actions in intent filter at /system/app/com.coship.NetworkNavigation.apk Binary XML file line #38
W/PackageParser(  978): No actions in intent filter at /system/app/com.coship.NetworkNavigation.apk Binary XML file line #45
W/PackageParser(  978): No actions in intent filter at /system/app/com.coship.NetworkNavigation.apk Binary XML file line #52
W/PackageParser(  978): No actions in intent filter at /system/app/com.coship.app.vaf.apk Binary XML file line #58
W/PackageParser(  978): No actions in intent filter at /system/app/com.coship.dvbsetting.apk Binary XML file line #103
W/PackageParser(  978): No actions in intent filter at /system/app/com.coship.dvbsetting.apk Binary XML file line #111
W/PackageParser(  978): No actions in intent filter at /system/app/com.coship.dvbsetting.apk Binary XML file line #119
W/PackageParser(  978): No actions in intent filter at /system/app/com.coship.dvbsetting.apk Binary XML file line #127
W/PackageParser(  978): No actions in intent filter at /system/app/com.coship.dvbsetting.apk Binary XML file line #135
W/PackageParser(  978): No actions in intent filter at /system/app/com.coship.dvbsetting.apk Binary XML file line #141
W/PackageParser(  978): No actions in intent filter at /system/app/com.coship.dvbsetting.apk Binary XML file line #155
W/PackageParser(  978): No actions in intent filter at /system/app/com.coship.dvbsetting.apk Binary XML file line #163
W/PackageParser(  978): No actions in intent filter at /system/app/com.coship.dvbsetting.apk Binary XML file line #172
W/PackageParser(  978): No actions in intent filter at /system/app/com.coship.dvbsetting.apk Binary XML file line #180
W/PackageParser(  978): No actions in intent filter at /system/app/com.coship.dvbsetting.apk Binary XML file line #187
W/PackageParser(  978): No actions in intent filter at /system/app/com.coship.dvbsetting.apk Binary XML file line #195
W/PackageParser(  978): No actions in intent filter at /system/app/com.coship.dvbsetting.apk Binary XML file line #202
W/PackageParser(  978): No actions in intent filter at /system/app/com.coship.dvbsetting.apk Binary XML file line #210
W/PackageParser(  978): No actions in intent filter at /system/app/com.coship.dvbsetting.apk Binary XML file line #217
W/PackageParser(  978): No actions in intent filter at /system/app/com.coship.dvbsetting.apk Binary XML file line #223
W/PackageParser(  978): No actions in intent filter at /system/app/com.coship.dvbsetting.apk Binary XML file line #230
W/PackageParser(  978): No actions in intent filter at /system/app/com.coship.dvbsetting.apk Binary XML file line #236
I/PackageParser(  978): com.coship.dvbsetting: compat added android.permission.READ_PHONE_STATE
W/PackageManager(  978): Unable to update from com.android.settings to com.coship.dvbsetting: old package still exists
I/Installer(  978): connecting...
I/PackageManager(  978): Time to scan packages: 4.889 seconds
W/PackageManager(  978): Unknown permission android.permission.APPWIDGET_LIST in package com.biaoqi.stbwidget.host
W/PackageManager(  978): Unknown permission com.android.launcher.permission.READ_SETTINGS in package com.coship.dvbsetting
W/PackageManager(  978): Unknown permission com.android.launcher.permission.WRITE_SETTINGS in package com.coship.dvbsetting
W/PackageManager(  978): Unknown permission android.permission.APPWIDGET_LIST in package com.mstar.appwidget
W/PackageManager(  978): Unknown permission android.permission.ADD_SYSTEM_SERVICE in package com.coship.sdp.sce.tvappstore
W/PackageManager(  978): Unknown permission android.permission.READ_EXTERNAL_STORAGE in package com.coship.sdp.sce.tvappstore
W/PackageManager(  978): Unknown permission com.google.android.gm.permission.WRITE_GMAIL in package com.coship.sdp.sce.tvappstore
W/PackageManager(  978): Unknown permission com.google.android.gm.permission.READ_GMAIL in package com.coship.sdp.sce.tvappstore
W/PackageManager(  978): Unknown permission com.android.launcher.permission.INSTALL_SHORTCUT in package com.android.browser
W/PackageManager(  978): Unknown permission com.google.android.gm.permission.WRITE_GMAIL in package com.coship.app.vaf
W/PackageManager(  978): Unknown permission com.google.android.gm.permission.READ_GMAIL in package com.coship.app.vaf
W/PackageManager(  978): Unknown permission com.android.launcher.permission.READ_SETTINGS in package com.coship.app.vaf
W/PackageManager(  978): Unknown permission com.android.launcher.permission.WRITE_SETTINGS in package com.coship.app.vaf
W/PackageManager(  978): Unknown permission com.google.android.gm.permission.WRITE_GMAIL in package com.coship.TestApp
W/PackageManager(  978): Unknown permission com.google.android.gm.permission.READ_GMAIL in package com.coship.TestApp
W/PackageManager(  978): Unknown permission com.android.launcher.permission.READ_SETTINGS in package com.coship.TestApp
W/PackageManager(  978): Unknown permission com.android.launcher.permission.WRITE_SETTINGS in package com.coship.TestApp
W/PackageManager(  978): Unknown permission android.permission.WRITE_OWNER_DATA in package com.iflytek.speech
W/PackageManager(  978): Unknown permission android.permission.BAIDU_LOCATION_SERVICE in package com.iflytek.speech
W/PackageManager(  978): Unknown permission android.permission.WRITE_OWNER_DATA in package com.coship.UpdateApp
W/PackageManager(  978): Unknown permission android.permission.READ_OWNER_DATA in package com.coship.UpdateApp
W/PackageManager(  978): Unknown permission android.permission.ADD_SYSTEM_SERVICE in package com.coship.netfirmware
W/PackageManager(  978): Unknown permission android.permission.READ_SETTINGS in package com.android.settings
W/PackageManager(  978): Unknown permission com.android.launcher.permission.READ_SETTINGS in package com.android.settings
W/PackageManager(  978): Unknown permission com.android.launcher.permission.WRITE_SETTINGS in package com.android.settings
W/PackageManager(  978): Unknown permission android.webkit.permission.PLUGIN in package com.adobe.flashplayer
W/PackageManager(  978): Unknown permission android.permission.READ_OWNER_DATA in package com.adobe.flashplayer
W/PackageManager(  978): Unknown permission android.permission.WRITE_OWNER_DATA in package com.adobe.flashplayer
W/PackageManager(  978): Unknown permission android.permission.READ_EXTERNAL_STORAGE in package com.adobe.flashplayer
W/PackageManager(  978): Unknown permission android.permission.WRITE_OWNER_DATA in package com.coship.Multimedia
W/PackageManager(  978): Unknown permission android.permission.READ_OWNER_DATA in package com.coship.Multimedia
W/PackageManager(  978): Unknown permission android.permission.WRITE_OWNER_DATA in package com.coship.NetworkNavigation
W/PackageManager(  978): Unknown permission android.permission.READ_OWNER_DATA in package com.coship.NetworkNavigation
I/SystemServer(  978): Account Manager
I/SystemServer(  978): Content Manager
I/SystemServer(  978): System Content Providers
I/SystemServer(  978): Lights Service
I/SystemServer(  978): Battery Service
I/SystemServer(  978): Pppoe Service
I/SystemServer(  978): Vibrator Service
I/SystemServer(  978): Alarm Manager
I/SystemServer(  978): Init Watchdog
I/SystemServer(  978): Window Manager
I/InputManager(  978): Initializing input manager
W/StatusBarManager(  978): warning: no STATUS_BAR_SERVICE
I/InputManager(  978): Starting input manager
I/WindowManager(  978): Enabled StrictMode logging for WMThread's Looper
I/WindowManager(  978): Enabled StrictMode for PolicyThread's Looper
I/SystemServer(  978): Bluetooth Service
I/SystemServer(  978): Input Method Service
W/InputManagerService(  978): Couldn't create dir.: /data/system/inputmethod
I/SystemServer(  978): Accessibility Manager
I/ActivityManager(  978): Config changed: {1.0 0mcc0mnc zh_CN layoutdir=0 sw720dp w1280dp h720dp xlrg long land ?uimode ?night -touch -keyb/v/h -nav/h s.2}
I/SystemServer(  978): TV
I/SystemServer(  978): Device Policy
I/SystemServer(  978): Status Bar
I/SystemServer(  978): Clipboard Service
I/SystemServer(  978): NetworkManagement Service
I/SystemServer(  978): Text Service Manager Service
W/TextServicesManagerService(  978): no available spell checker services found
I/SystemServer(  978): NetworkStats Service
I/SystemServer(  978): NetworkPolicy Service
I/SystemServer(  978): Wi-Fi P2pService
D/WifiP2pService(  978): P2pDisabledState
E/WifiP2pService(  978): Failed to reload sta firmware java.lang.NullPointerException
D/WifiP2pService(  978): mThisDevice.deviceAddress=a6:a8:20:13:03:6e
I/SystemServer(  978): Wi-Fi Service
D/WifiP2pService(  978): P2pDisabledState{ what=69633 when=0 }
D/WifiP2pService(  978): DefaultState{ what=69633 when=0 }
D/WifiP2pService(  978): P2pDisabledState{ what=69632 when=0 obj=com.android.internal.util.AsyncChannel@4150d608 }
D/WifiP2pService(  978): DefaultState{ what=69632 when=-1ms obj=com.android.internal.util.AsyncChannel@4150d608 }
D/WifiP2pService(  978): Full connection with WifiStateMachine established
D/WifiP2pService(  978): P2pDisabledState{ what=69633 when=0 }
D/WifiP2pService(  978): DefaultState{ what=69633 when=0 }
D/WifiP2pService(  978): P2pDisabledState{ what=69632 when=0 obj=com.android.internal.util.AsyncChannel@41560540 }
D/WifiP2pService(  978): DefaultState{ what=69632 when=0 obj=com.android.internal.util.AsyncChannel@41560540 }
D/WifiP2pService(  978): Full connection with WifiStateMachine established
I/SystemServer(  978): Connectivity Service
D/ConnectivityService(  978): ConnectivityService starting up
E/ConnectivityService(  978): Error in radioAttributes - ignoring attempt to redefine type 1
D/ConnectivityService(  978): Starting Pppoe StateTracker
D/ConnectivityService(  978): Starting Ethernet Service.
V/EthernetStateTracker(  978): Ethernet State Tracker v1.0.6
V/EthernetStateTracker(  978): successed to init device!
I/EthernetService(  978): Ethernet dev enabled 2
V/EthernetService(  978): device 0 name eth0
V/EthernetStateTracker(  978): start to monitor the ethernet devices . . .
I/EthernetManager(  978): Init Ethernet Manager, service: com.android.server.EthernetService@4156b0e8
I/EthernetStateTracker(  978): reset device eth0
V/EthernetMonitor(  978): go poll events
D/EthernetStateTracker(  978): DhcpHandler: DHCP request started
I/EthernetStateTracker(  978): trigger dhcp for device eth0
I/EthernetStateTracker(  978): reset device eth0
I/EthernetStateTracker(  978): trigger dhcp for device eth0
E/MobileDataStateTracker(  978): default: Ignoring feature request because could not acquire PhoneService
E/MobileDataStateTracker(  978): default: Could not enable APN type "default"
D/NetworkManagementService(  978): Registering observer
D/NetworkManagementService(  978): Registering observer
I/WifiService(  978): WifiService starting up with Wi-Fi disabled
I/WifiService(  978): WifiService starting up with Wi-Fi AP enabled
D/WifiP2pService(  978): P2pDisabledState{ what=331907 when=0 }
I/SystemServer(  978): Throttle Service
I/SystemServer(  978): Mount Service
D/MountService(  978): got storage path: /mnt/sdcard description: USB ´æ´¢Æ÷ primary: true removable: false emulated: false mtpReserve: 0 allowMassStorage: false maxFileSize: 0
D/MountService(  978): mExternalStoragePath:/mnt/sdcard
I/SystemServer(  978): Notification Manager
I/SystemServer(  978): Device Storage Monitor
D/VoldCmdListener(  738): volume list
I/SystemServer(  978): Location Manager
I/SystemServer(  978): Country Detector
V/EthernetMonitor(  978): get event 
V/EthernetMonitor(  978): go poll events
I/SystemServer(  978): Search Service
I/SystemServer(  978): DropBox Service
I/SystemServer(  978): Wallpaper Service
I/SystemServer(  978): Audio Service
I/SystemServer(  978): Camera Observer
I/SystemServer(  978): Microphone Observer
I/SystemServer(  978): Wired Accessory Observer
I/SystemServer(  978): USB Service
I/SystemServer(  978): UI Mode Manager Service
I/SystemServer(  978): Backup Service
V/BackupManagerService(  978): Initializing package tracking
V/BackupManagerService(  978): No ancestral data
V/BackupManagerService(  978): addPackageParticipantsLocked: all
I/BackupManagerService(  978): New app android never backed up; scheduling
I/BackupManagerService(  978): New app com.android.browser never backed up; scheduling
I/BackupManagerService(  978): New app com.android.providers.settings never backed up; scheduling
I/BackupManagerService(  978): New app com.android.providers.userdictionary never backed up; scheduling
I/BackupManagerService(  978): New app com.android.sharedstoragebackup never backed up; scheduling
V/BackupManagerService(  978): Registering transport android/com.android.internal.backup.LocalTransport = com.android.internal.backup.LocalTransport@415b3f08
V/BackupManagerService(  978): Starting with transport android/com.android.internal.backup.LocalTransport
V/BackupManagerService(  978): Google transport not present
I/BackupManagerService(  978): Backup enabled => false
I/BackupManagerService(  978): Opting out of backup
I/SystemServer(  978): AppWidget Service
I/SystemServer(  978): Recognition Service
I/SystemServer(  978): DiskStats Service
I/SystemServer(  978): SamplingProfiler Service
I/SystemServer(  978): NetworkTimeUpdateService
D/PowerManagerService(  978): system ready!
I/ActivityManager(  978): System now ready
I/SystemServer(  978): Making services ready
I/ActivityManager(  978): Start proc com.mstar.dbprovider for content provider com.mstar.dbprovider/.MstTvUserSettingProvider: pid=1124 uid=10018 gids={}
V/EthernetMonitor(  978): get event 
V/EthernetMonitor(  978): go poll events
V/EthernetMonitor(  978): get event 
V/EthernetMonitor(  978): go poll events
V/EthernetMonitor(  978): get event 
V/EthernetMonitor(  978): go poll events
D/SystemServer(  978): Starting service: Intent { cmp=com.android.systemui/.SystemUIService }
I/ActivityManager(  978): Start proc com.android.systemui for service com.android.systemui/.SystemUIService: pid=1142 uid=1000 gids={3003, 1015, 3002, 3001, 3004}
D/NetworkManagementService(  978): enabling bandwidth control
I/ActivityManager(  978): Start proc com.coship.Multimedia for broadcast com.coship.Multimedia/.view.BootCompletedReceiver: pid=1155 uid=1000 gids={3003, 1015, 3002, 3001, 3004}
D/SystemUIService( 1142): loading: class com.android.systemui.statusbar.tablet.TabletStatusBar
D/SystemUIService( 1142): running: com.android.systemui.statusbar.tablet.TabletStatusBar@413aec70
W/ActivityManager(  978): Permission Denial: broadcasting Intent { act=android.net.conn.TETHER_STATE_CHANGED flg=0x30000000 (has extras) } from null (pid=-1, uid=-1) requires android.permission.CONNECTIVITY_INTERNAL due to registered receiver BroadcastFilter{415c8500 ReceiverList{415cb1e8 978 system/1000 local:415b8668}}
D/NetworkManagementService(  978): Registering observer
D/NetworkManagementService(  978): Registering observer
I/ActivityManager(  978): Config changed: {1.0 0mcc0mnc zh_CN layoutdir=0 sw720dp w1280dp h720dp xlrg long land -touch -keyb/v/h -nav/h s.3}
W/RecognitionManagerService(  978): no available voice recognition services found
W/InputManagerService(  978): Ignoring setImeWindowStatus of uid 1000 token: null
I/ActivityManager(  978): Start proc com.android.inputmethod.pinyin for service com.android.inputmethod.pinyin/.PinyinIME: pid=1210 uid=10021 gids={3003}
D/NetworkManagementService(  978): Registering observer
I/SystemServer(  978): SIP Service
W/ThrottleService(  978): unable to find stats for iface rmnet0
I/ActivityManager(  978): Start proc com.fiship.cibn for added application com.fiship.cibn: pid=1245 uid=10006 gids={3003, 1015}
I/ActivityManager(  978): Start proc com.coship.stpservice for added application com.coship.stpservice: pid=1251 uid=1000 gids={3003, 1015, 3002, 3001, 3004}
I/ActivityManager(  978): Start proc com.coship.sdp.sce.tvappstore for added application com.coship.sdp.sce.tvappstore: pid=1267 uid=1000 gids={3003, 1015, 3002, 3001, 3004}
I/ActivityManager(  978): Start proc com.coship.easycontrolime for added application com.coship.easycontrolime: pid=1277 uid=10012 gids={3003}
I/ActivityManager(  978): Start proc com.coship.netfirmware for added application com.coship.netfirmware: pid=1291 uid=1000 gids={3003, 1015, 3002, 3001, 3004}
D/ActivityManager(  978): propValue:2
D/ActivityManager(  978): start launcher......
I/ActivityManager(  978): START {act=android.intent.action.MAIN cat=[android.intent.category.HOME,android.intent.category.DISABLE_THIRD_LAUNCHER] flg=0x10000000 cmp=com.fiship.cibn/.MainActivity} from pid 0
I/SystemServer(  978): Enabled StrictMode for system server main thread.
I/EthernetStateTracker(  978): received interface reset event
I/EthernetStateTracker(  978): reset device eth0
I/EthernetStateTracker(  978): trigger dhcp for device eth0
D/NetworkManagementService(  978): rsp <213 a4:a8:20:13:03:6e 0.0.0.0 0 [up broadcast running multicast]>
D/NetworkManagementService(  978): flags <[up broadcast running multicast]>
V/EthernetMonitor(  978): get event 
V/EthernetMonitor(  978): go poll events
D/ConnectivityService(  978): special network not available
I/StatusBar.HeightReceiver( 1142): Resizing status bar plugged=false height=48 old=0
I/ActivityManager(  978): Start proc com.google.process.gapps for service com.google.android.location/.NetworkLocationService: pid=1320 uid=10013 gids={3003, 1015, 2001, 1007}
W/MountService(  978): getVolumeState(/mnt/sdcard): Unknown volume
W/ActivityThread( 1320): ClassLoader.loadClass: The class loader returned by Thread.getContextClassLoader() may fail for processes that host multiple applications. You should explicitly specify a context class loader. For example: Thread.setContextClassLoader(getClass().getClassLoader());
W/MountService(  978): getVolumeState(/mnt/sdcard): Unknown volume
I/StatusBarManagerService(  978): registerStatusBar bar=com.android.internal.statusbar.IStatusBar$Stub$Proxy@415bfaa8
D/SystemUIService( 1142): loading: class com.android.systemui.power.PowerUI
D/SystemUIService( 1142): running: com.android.systemui.power.PowerUI@4165c808
I/ActivityManager(  978): Start proc com.android.phone for content provider com.android.providers.telephony/.TelephonyProvider: pid=1354 uid=1001 gids={1015}
I/StatusBar.HeightReceiver( 1142): Resizing status bar plugged=false height=48 old=48
I/StatusBar.HeightReceiver( 1142): Resizing status bar plugged=false height=48 old=48
D/WifiService(  978): New client listening to asynchronous messages
I/ActivityManager(  978): Memory class: 64
D/PowerManagerService(  978): bootCompleted
V/DevicePolicyManagerService(  978): Sending password expiration notifications for action android.intent.action.BOOT_COMPLETED
I/ActivityManager(  978): Start proc com.android.contacts for broadcast com.android.contacts/.calllog.CallLogReceiver: pid=1393 uid=10001 gids={3003, 1015}
V/WiredAccessoryObserver(  978): init()
W/WiredAccessoryObserver(  978): This kernel does not have wired headset support
W/WiredAccessoryObserver(  978): This kernel does not have wired headset support
W/WiredAccessoryObserver(  978): This kernel does not have wired headset support
I/ActivityManager(  978): Start proc android.process.acore for content provider com.android.providers.contacts/.CallLogProvider: pid=1427 uid=10001 gids={3003, 1015}
I/ActivityManager(  978): Start proc com.coship.HS for broadcast com.coship.HS/.AutoStartReceiver: pid=1439 uid=1000 gids={3003, 1015, 3002, 3001, 3004}
I/ActivityManager(  978): Start proc android.process.media for content provider com.android.providers.downloads/.DownloadProvider: pid=1451 uid=10011 gids={1015, 1023, 1024, 2001, 3003, 3007}
I/MicrophoneObserver(  978): Microphone PLUG_IN
V/EthernetMonitor(  978): get event eth0:16:
V/EthernetMonitor(  978): dev: eth0 ev 16
V/EthernetStateTracker(  978): report interface is up for eth0
V/EthernetMonitor(  978): go poll events
I/EthernetStateTracker(  978): received interface up event, kick off connection request
I/EthernetStateTracker(  978): IntentBroadcast, event=5
I/EthernetStateTracker(  978): reset device eth0
I/EthernetStateTracker(  978): trigger dhcp for device eth0
E/EthernetStateTracker(  978): DhcpHandler: DHCP request failed: DHCP result was failed
W/ActivityManager(  978): Timeout of broadcast BroadcastRecord{4160f748 android.intent.action.BOOT_COMPLETED} - receiver=android.os.BinderProxy@4164ba98, started 17776ms ago
W/ActivityManager(  978): Receiver during timeout: ResolveInfo{41633068 com.coship.HS.AutoStartReceiver p=0 o=0 m=0x108000}
I/ActivityManager(  978): Start proc com.android.providers.calendar for broadcast com.android.providers.calendar/.CalendarReceiver: pid=1522 uid=10007 gids={3003, 1015}
W/ActivityManager(  978): finishReceiver called but none active
W/MountService(  978): getVolumeState(/mnt/sdcard): Unknown volume
E/ActivityManager(  978): Load: 10.62 / 2.56 / 0.85
E/ActivityManager(  978): CPU usage from 24192ms to 569ms ago:
E/ActivityManager(  978):   42% 1245/com.fiship.cibn: 36% user + 6.2% kernel / faults: 20721 minor 23 major
E/ActivityManager(  978):   20% 444/mmcqd: 0% user + 20% kernel
E/ActivityManager(  978):   14% 978/system_server: 9.4% user + 4.6% kernel / faults: 4927 minor 32 major
E/ActivityManager(  978):   10% 754/ld-linux.so.3: 4.2% user + 5.9% kernel / faults: 432 minor 75 major
E/ActivityManager(  978):   8.6% 1142/com.android.systemui: 6.7% user + 1.9% kernel / faults: 6503 minor 5 major
E/ActivityManager(  978):   5.8% 744/mediaserver: 3.5% user + 2.3% kernel / faults: 316 minor
E/ActivityManager(  978):   2.7% 1032/surfaceflinger: 0.5% user + 2.1% kernel / faults: 138 minor
E/ActivityManager(  978):   1.6% 289/kswapd0: 0% user + 1.6% kernel
E/ActivityManager(  978):   0.5% 8/events/1: 0.5% user + 0% kernel
E/ActivityManager(  978):   0.8% 1//init: 0% user + 0.7% kernel / faults: 324 minor
E/ActivityManager(  978):   0.3% 192/eMMC_bg_thread: 0.3% user + 0% kernel
E/ActivityManager(  978):   0.5% 742/zygote: 0.1% user + 0.4% kernel / faults: 352 minor
E/ActivityManager(  978):   0.2% 775/mali/0: 0% user + 0.2% kernel
E/ActivityManager(  978):   0.2% 777/mali-pmm-wq: 0% user + 0.2% kernel
E/ActivityManager(  978):   0.1% 1316/dnsmasq: 0% user + 0.1% kernel / faults: 14 minor
E/ActivityManager(  978):   0% 739/netd: 0% user + 0% kernel / faults: 99 minor
E/ActivityManager(  978):   0% 750/mdnsd: 0% user + 0% kernel / faults: 70 minor
E/ActivityManager(  978):   0% 2/kthreadd: 0% user + 0% kernel
E/ActivityManager(  978):   0% 10/khelper: 0% user + 0% kernel
E/ActivityManager(  978):   0% 486/ueventd: 0% user + 0% kernel / faults: 8 minor
E/ActivityManager(  978):   0% 721/jbd2/mmcblk5-8: 0% user + 0% kernel
E/ActivityManager(  978):   0% 737/servicemanager: 0% user + 0% kernel / faults: 5 minor
E/ActivityManager(  978):   0% 738/vold: 0% user + 0% kernel / faults: 27 minor
E/ActivityManager(  978):   0% 864/flush-179:0: 0% user + 0% kernel
E/ActivityManager(  978):   0% 897/usb-storage: 0% user + 0% kernel
E/ActivityManager(  978):   0% 1137/hostapd: 0% user + 0% kernel / faults: 8 minor
E/ActivityManager(  978):   0% 1210/com.android.inputmethod.pinyin: 0% user + 0% kernel / faults: 55 minor
E/ActivityManager(  978):   0% 1291/com.coship.netfirmware: 0% user + 0% kernel / faults: 58 minor
E/ActivityManager(  978):  +0% 1354/com.android.phone: 0% user + 0% kernel
E/ActivityManager(  978):  +0% 1393/com.android.contacts: 0% user + 0% kernel
E/ActivityManager(  978):  +0% 1427/android.process.acore: 0% user + 0% kernel
E/ActivityManager(  978):  +0% 1439/com.coship.HS: 0% user + 0% kernel
E/ActivityManager(  978):  +0% 1451/android.process.media: 0% user + 0% kernel
E/ActivityManager(  978):  +0% 1488/snd-bt-scod: 0% user + 0% kernel
E/ActivityManager(  978):  +0% 1489/snd-bt-msbc-dec: 0% user + 0% kernel
E/ActivityManager(  978):  +0% 1508/cw880_msg_tx: 0% user + 0% kernel
E/ActivityManager(  978):  +0% 1509/cw880_msg_rx: 0% user + 0% kernel
E/ActivityManager(  978):  +0% 1510/cw880_msg_sdio_: 0% user + 0% kernel
E/ActivityManager(  978):  +0% 1511/cw880_threadfn: 0% user + 0% kernel
E/ActivityManager(  978):  +0% 1512/cw880_http_thre: 0% user + 0% kernel
E/ActivityManager(  978): 91% TOTAL: 12% user + 12% kernel + 66% iowait
E/ActivityManager(  978): CPU usage from 1157ms to 1695ms later:
E/ActivityManager(  978):   96% 1427/android.process.acore: 70% user + 25% kernel / faults: 1236 minor 2 major
E/ActivityManager(  978):     52% 1427/d.process.acore: 40% user + 12% kernel
E/ActivityManager(  978):     30% 1435/Compiler: 20% user + 10% kernel
E/ActivityManager(  978):     7.2% 1430/GC: 7.2% user + 0% kernel
E/ActivityManager(  978):     5.4% 1505/ApplicationsPro: 0% user + 5.4% kernel
E/ActivityManager(  978):   22% 742/zygote: 18% user + 4.5% kernel / faults: 1746 minor 5 major
E/ActivityManager(  978):     22% 742/zygote: 18% user + 4.5% kernel
E/ActivityManager(  978):   40% 978/system_server: 24% user + 16% kernel / faults: 328 minor
E/ActivityManager(  978):     14% 1000/ActivityManager: 7.4% user + 7.4% kernel
E/ActivityManager(  978):     5.5% 992/Binder Thread #: 1.8% user + 3.7% kernel
E/ActivityManager(  978):     3.7% 985/Compiler: 3.7% user + 0% kernel
E/ActivityManager(  978):     3.7% 1304/Binder Thread #: 3.7% user + 0% kernel
E/ActivityManager(  978):     1.8% 991/Binder Thread #: 1.8% user + 0% kernel
E/ActivityManager(  978):     1.8% 1060/FileObserver: 1.8% user + 0% kernel
E/ActivityManager(  978):     1.8% 1076/PowerManagerSer: 0% user + 1.8% kernel
E/ActivityManager(  978):     1.8% 1106/DHCP Handler Th: 0% user + 1.8% kernel
E/ActivityManager(  978):     1.8% 1306/Binder Thread #: 1.8% user + 0% kernel
E/ActivityManager(  978):     1.8% 1310/Binder Thread #: 1.8% user + 0% kernel
E/ActivityManager(  978):     1.8% 1311/Binder Thread #: 0% user + 1.8% kernel
E/ActivityManager(  978):   37% 444/mmcqd: 0% user + 37% kernel
E/ActivityManager(  978):   15% 1451/android.process.media: 15% user + 0% kernel / faults: 672 minor 1 major
E/ActivityManager(  978):     13% 1451/d.process.media: 13% user + 0% kernel
E/ActivityManager(  978):     4.1% 1459/Compiler: 4.1% user + 0% kernel
E/ActivityManager(  978):    +0% 1538/thumbs thread: 0% user + 0% kernel
E/ActivityManager(  978):   18% 754/ld-linux.so.3: 11% user + 7.4% kernel
E/ActivityManager(  978):     14% 1065/CECMonitor: 5.5% user + 9.2% kernel
E/ActivityManager(  978):     1.8% 1021/754Linux hotplu: 0% user + 1.8% kernel
E/ActivityManager(  978):   12% 1439/com.coship.HS: 8.2% user + 4.1% kernel / faults: 456 minor 6 major
E/ActivityManager(  978):     10% 1439/com.coship.HS: 6.8% user + 4.1% kernel
E/ActivityManager(  978):     1.3% 1478/Binder Thread #: 1.3% user + 0% kernel
E/ActivityManager(  978):    +0% 1536/Thread-57: 0% user + 0% kernel
E/ActivityManager(  978):    +0% 1537/BluetoothHandsf: 0% user + 0% kernel
E/ActivityManager(  978):   13% 1522/com.andro
W/ActivityManager(  978): Killing ProcessRecord{41615028 1439:com.coship.HS/1000}: background ANR
I/ActivityManager(  978): Process com.coship.HS (pid 1439) has died.
W/ActivityManager(  978): Scheduling restart of crashed service com.coship.HS/.BluetoothHeadsetService in 5000ms
W/ActivityManager(  978): Scheduling restart of crashed service com.coship.HS/.HSEventMonitorService in 15000ms
W/ActivityManager(  978): Failure sending broadcast Intent { act=android.intent.action.BATTERY_CHANGED flg=0x60000000 (has extras) }
W/ActivityManager(  978): android.os.DeadObjectException
W/ActivityManager(  978):       at android.os.BinderProxy.transact(Native Method)
W/ActivityManager(  978):       at android.content.IIntentReceiver$Stub$Proxy.performReceive(IIntentReceiver.java:121)
W/ActivityManager(  978):       at com.android.server.am.ActivityManagerService.performReceiveLocked(ActivityManagerService.java:13193)
W/ActivityManager(  978):       at com.android.server.am.ActivityManagerService.deliverToRegisteredReceiverLocked(ActivityManagerService.java:13255)
W/ActivityManager(  978):       at com.android.server.am.ActivityManagerService.processNextBroadcast(ActivityManagerService.java:13313)
W/ActivityManager(  978):       at com.android.server.am.ActivityManagerService.access$100(ActivityManagerService.java:160)
W/ActivityManager(  978):       at com.android.server.am.ActivityManagerService$2.handleMessage(ActivityManagerService.java:1014)
W/ActivityManager(  978):       at android.os.Handler.dispatchMessage(Handler.java:99)
W/ActivityManager(  978):       at android.os.Looper.loop(Looper.java:137)
W/ActivityManager(  978):       at com.android.server.am.ActivityManagerService$AThread.run(ActivityManagerService.java:1435)
I/ActivityManager(  978): Start proc com.coship.cw880 for broadcast com.coship.cw880/.BootCw880Recive: pid=1551 uid=1000 gids={3003, 1015, 3002, 3001, 3004}
D/EthernetStateTracker(  978): DhcpHandler: DHCP request started
I/EthernetStateTracker(  978): configureInterfaceAutoIP : ipaddr 169.254.1.57 gateway 0.0.0.0 netmask 255.255.0.0 dns1 0.0.0.0 dns2 0.0.0.0 DHCP server 0.0.0.0 lease 0 seconds
V/EthernetMonitor(  978): get event eth0:20:
V/EthernetMonitor(  978): dev: eth0 ev 20
I/EthernetStateTracker(  978): report new state CONNECTED on dev eth0
V/EthernetStateTracker(  978): update network state tracker
V/EthernetStateTracker(  978): configureInterfaceAutoIP succeeded
V/EthernetMonitor(  978): go poll events
I/EthernetStateTracker(  978): received HW connected, stack=false CC=true
I/ActivityManager(  978): START {flg=0x10000000 cmp=com.google.android.gsf/.update.SystemUpdateInstallDialog} from pid 1320
I/ActivityManager(  978): Start proc com.android.settings for broadcast com.android.settings/.SettingGlobalReceiver: pid=1589 uid=1000 gids={3003, 1015, 3002, 3001, 3004}
W/InputManagerService(  978): Window already focused, ignoring focus gain of: com.android.internal.view.IInputMethodClient$Stub$Proxy@415eb5d8
I/ActivityManager(  978): Start proc com.coship.changetheaudiooutput for broadcast com.coship.changetheaudiooutput/.BootCompletedReceiver: pid=1603 uid=10033 gids={3002, 3001, 3004}
I/ActivityManager(  978): Start proc com.biaoqi.stbwidget.host for broadcast com.biaoqi.stbwidget.host/.NetworkStatusChangeReceiver: pid=1620 uid=10028 gids={3003}
I/ActivityManager(  978): Start proc com.coship.HS for service com.coship.HS/.BluetoothHeadsetService: pid=1640 uid=1000 gids={3003, 1015, 3002, 3001, 3004}
V/EthernetMonitor(  978): get event eth0:21:
V/EthernetMonitor(  978): dev: eth0 ev 21
V/EthernetStateTracker(  978): report address is removed for eth0
V/EthernetMonitor(  978): go poll events
I/EthernetStateTracker(  978): received interface address remove event
V/EthernetMonitor(  978): get event eth0:20:
V/EthernetMonitor(  978): dev: eth0 ev 20
I/EthernetStateTracker(  978): report new state CONNECTED on dev eth0
V/EthernetStateTracker(  978): update network state tracker
V/EthernetStateTracker(  978): getEthernetIPAddr : 192.168.2.18
V/EthernetStateTracker(  978): configureInterfaceAutoIP skip!!
V/EthernetMonitor(  978): go poll events
I/EthernetStateTracker(  978): received HW connected, stack=true CC=true
D/EthernetStateTracker(  978): DhcpHandler: DHCP request succeeded: addr: 192.168.2.18/24 mRoutes: 0.0.0.0/0 -> 192.168.2.1 |  dns: 192.168.2.1,192.168.99.5 dhcpServer: 192.168.2.1 leaseDuration: 1800
I/EthernetStateTracker(  978): received configured succeeded, stack=true CC=true
D/ConnectivityService(  978): ConnectivityChange for ETH: CONNECTED/CONNECTED
I/EthernetStateTracker(  978): IntentBroadcast, event=1
I/ActivityManager(  978): Process com.coship.sdp.sce.tvappstore (pid 1267) has died.
W/ActivityManager(  978): Scheduling restart of crashed service com.coship.sdp.sce.tvappstore/.app.service.AppStoreCoreService in 11784ms
I/ActivityManager(  978): Start proc com.coship.sdp.sce.tvappstore for restart com.coship.sdp.sce.tvappstore: pid=1707 uid=1000 gids={3003, 1015, 3002, 3001, 3004}
W/MountService(  978): getVolumeState(/mnt/sdcard): Unknown volume
W/MountService(  978): getVolumeState(/mnt/sdcard): Unknown volume
D/ConnectivityService(  978): handleInetConditionHoldEnd: net=9, condition=0, published condition=0
W/MountService(  978): getVolumeState(/mnt/sdcard): Unknown volume
I/ActivityManager(  978): START {flg=0x10000000 cmp=com.coship.dvbsetting/.main (has extras)} from pid 1245
I/ActivityManager(  978): Start proc com.coship.dvbsetting for activity com.coship.dvbsetting/.main: pid=1766 uid=1000 gids={3003, 1015, 3002, 3001, 3004}
V/TabletStatusBar( 1142): setLightsOn(true)
W/InputManagerService(  978): Starting input on non-focused client com.android.internal.view.IInputMethodClient$Stub$Proxy@415d2070 (uid=10006 pid=1245)
I/ActivityManager(  978): START {cmp=com.coship.dvbsetting/.netsetting.netSet} from pid 1766
I/EthernetManager( 1766): Init Ethernet Manager, service: android.net.ethernet.IEthernetManager$Stub$Proxy@4151a7e0
V/TabletStatusBar( 1142): setLightsOn(true)
W/ThrottleService(  978): unable to find stats for iface rmnet0
V/TabletStatusBar( 1142): setLightsOn(true)
E/ActivityThread( 1766): Activity com.coship.dvbsetting.netsetting.netSet has leaked ServiceConnection android.bluetooth.BluetoothHeadset$1@414881d0 that was originally bound here
E/ActivityThread( 1766): android.app.ServiceConnectionLeaked: Activity com.coship.dvbsetting.netsetting.netSet has leaked ServiceConnection android.bluetooth.BluetoothHeadset$1@414881d0 that was originally bound here
E/ActivityThread( 1766):        at android.app.LoadedApk$ServiceDispatcher.<init>(LoadedApk.java:936)
E/ActivityThread( 1766):        at android.app.LoadedApk.getServiceDispatcher(LoadedApk.java:830)
E/ActivityThread( 1766):        at android.app.ContextImpl.bindService(ContextImpl.java:1142)
E/ActivityThread( 1766):        at android.content.ContextWrapper.bindService(ContextWrapper.java:370)
E/ActivityThread( 1766):        at android.bluetooth.BluetoothHeadset.<init>(BluetoothHeadset.java:231)
E/ActivityThread( 1766):        at android.bluetooth.BluetoothAdapter.getProfileProxy(BluetoothAdapter.java:1168)
E/ActivityThread( 1766):        at com.coship.dvbsetting.bluetooth.HeadsetProfile.<init>(HeadsetProfile.java:111)
E/ActivityThread( 1766):        at com.coship.dvbsetting.netsetting.BluetoothSet.init(BluetoothSet.java:160)
E/ActivityThread( 1766):        at com.coship.dvbsetting.netsetting.BluetoothSet.<init>(BluetoothSet.java:131)
E/ActivityThread( 1766):        at com.coship.dvbsetting.netsetting.BluetoothSet.getInstance(BluetoothSet.java:110)
E/ActivityThread( 1766):        at com.coship.dvbsetting.netsetting.netSet.onCreate(netSet.java:81)
E/ActivityThread( 1766):        at android.app.Activity.performCreate(Activity.java:4465)
E/ActivityThread( 1766):        at android.app.Instrumentation.callActivityOnCreate(Instrumentation.java:1049)
E/ActivityThread( 1766):        at android.app.ActivityThread.performLaunchActivity(ActivityThread.java:1920)
E/ActivityThread( 1766):        at android.app.ActivityThread.handleLaunchActivity(ActivityThread.java:1981)
E/ActivityThread( 1766):        at android.app.ActivityThread.access$600(ActivityThread.java:123)
E/ActivityThread( 1766):        at android.app.ActivityThread$H.handleMessage(ActivityThread.java:1147)
E/ActivityThread( 1766):        at android.os.Handler.dispatchMessage(Handler.java:99)
E/ActivityThread( 1766):        at android.os.Looper.loop(Looper.java:137)
E/ActivityThread( 1766):        at android.app.ActivityThread.main(ActivityThread.java:4424)
E/ActivityThread( 1766):        at java.lang.reflect.Method.invokeNative(Native Method)
E/ActivityThread( 1766):        at java.lang.reflect.Method.invoke(Method.java:511)
E/ActivityThread( 1766):        at com.android.internal.os.ZygoteInit$MethodAndArgsCaller.run(ZygoteInit.java:848)
E/ActivityThread( 1766):        at com.android.internal.os.ZygoteInit.main(ZygoteInit.java:575)
E/ActivityThread( 1766):        at dalvik.system.NativeStart.main(Native Method)
W/ActivityManager(  978): Unbind failed: could not find connection for android.os.BinderProxy@4166b3a0
W/InputManagerService(  978): Starting input on non-focused client com.android.internal.view.IInputMethodClient$Stub$Proxy@4163b8f0 (uid=1000 pid=1766)
I/ActivityManager(  978): START {act=com.fiship.media.watchHistory cmp=com.fiship.media/.CoverFlowHistoryActivity (has extras)} from pid 1245
I/ActivityManager(  978): Start proc com.fiship.media for activity com.fiship.media/.CoverFlowHistoryActivity: pid=1846 uid=10000 gids={3003, 1015}
W/MountService(  978): getVolumeState(/mnt/sdcard): Unknown volume
W/ActivityThread( 1291): ClassLoader.loadClass: The class loader returned by Thread.getContextClassLoader() may fail for processes that host multiple applications. You should explicitly specify a context class loader. For example: Thread.setContextClassLoader(getClass().getClassLoader());
W/ThrottleService(  978): unable to find stats for iface rmnet0
W/ThrottleService(  978): unable to find stats for iface rmnet0
I/ActivityManager(  978): Process com.fiship.media (pid 1846) has died.
I/WindowManager(  978): WIN DEATH: Window{41625278 com.fiship.media/com.fiship.media.CoverFlowHistoryActivity paused=false}
W/ActivityManager(  978): Force removing ActivityRecord{415f3f10 com.fiship.media/.CoverFlowHistoryActivity}: app died, no saved state
W/InputManagerService(  978): Got RemoteException sending setActive(false) notification to pid 1846 uid 10000
I/ActivityManager(  978): START {act=com.fiship.media.cibn.cataLog cmp=com.fiship.media/.CoverFlowExample (has extras)} from pid 1245
I/ActivityManager(  978): Start proc com.fiship.media for activity com.fiship.media/.CoverFlowExample: pid=2533 uid=10000 gids={3003, 1015}
W/MountService(  978): getVolumeState(/mnt/sdcard): Unknown volume
W/InputManagerService(  978): Starting input on non-focused client com.android.internal.view.IInputMethodClient$Stub$Proxy@415d2070 (uid=10006 pid=1245)
I/ActivityManager(  978): START {cmp=com.fiship.media/.ProgramDetailActivity (has extras)} from pid 2533
I/ActivityManager(  978): START {flg=0x78000000 cmp=com.fiship.media/.player.VideoPlayer (has extras)} from pid 2533
W/ThrottleService(  978): unable to find stats for iface rmnet0
D/NetworkManagementService(  978): rsp <213 a4:a8:20:13:03:6e 192.168.43.1 24 [up broadcast running multicast]>
D/NetworkManagementService(  978): flags <[up broadcast running multicast]>
V/EthernetMonitor(  978): get event 
V/EthernetMonitor(  978): go poll events
D/WifiP2pService(  978): P2pDisabledState{ what=139265 when=-1ms }
D/WifiP2pService(  978): wait for wifi sta and softap disabled!!
V/EthernetMonitor(  978): get event 
V/EthernetMonitor(  978): go poll events
V/EthernetMonitor(  978): get event 
V/EthernetMonitor(  978): go poll events
D/WifiP2pService(  978): wifi sta and softap disable!!
D/WifiP2pService(  978): WaitForWifiDisableState
D/WifiP2pService(  978): WaitForWifiDisableState{ what=139271 when=-1s10ms }
D/WifiP2pService(  978): P2pDisabledState{ what=139271 when=-1s10ms }
D/WifiP2pService(  978): DefaultState{ what=139271 when=-1s10ms }
D/WifiP2pService(  978): WaitForWifiDisableState{ what=331908 when=-1ms }
D/NetworkManagementService(  978): rsp <213 a6:a8:20:13:03:6e 0.0.0.0 0 [down broadcast multicast]>
D/NetworkManagementService(  978): flags <[down broadcast multicast]>
D/WifiP2pService(  978): P2pEnablingState
V/EthernetMonitor(  978): get event 
V/EthernetMonitor(  978): go poll events
D/WifiP2pService(  978): P2pEnablingState{ what=147457 when=0 }
D/WifiP2pService(  978): P2p start successful
D/WifiP2pService(  978): P2pEnabledState
D/WifiP2pService(  978): DeviceAddress: a6:a8:20:13:03:6e
D/WifiP2pService(  978): InactiveState
D/WifiP2pService(  978): InactiveState{ what=139271 when=-18ms }
D/WifiP2pService(  978): P2pEnabledState{ what=139271 when=-19ms }
D/WifiP2pService(  978): InactiveState{ what=147477 when=0 obj=Device: Android_97f6
D/WifiP2pService(  978):  deviceAddress: 02:0a:eb:65:f1:fe
D/WifiP2pService(  978):  primary type: 8-0050F204-5
D/WifiP2pService(  978):  secondary type: null
D/WifiP2pService(  978):  wps: 392
D/WifiP2pService(  978):  grpcapab: 8
D/WifiP2pService(  978):  devcapab: 34
D/WifiP2pService(  978):  status: 3
D/WifiP2pService(  978):  wfdInfo: WFD enabled: trueWFD DeviceInfo: 273
D/WifiP2pService(  978):  WFD CtrlPort: 7236
D/WifiP2pService(  978):  WFD MaxThroughput: 300 }
D/WifiP2pService(  978): P2pEnabledState{ what=147477 when=0 obj=Device: Android_97f6
D/WifiP2pService(  978):  deviceAddress: 02:0a:eb:65:f1:fe
D/WifiP2pService(  978):  primary type: 8-0050F204-5
D/WifiP2pService(  978):  secondary type: null
D/WifiP2pService(  978):  wps: 392
D/WifiP2pService(  978):  grpcapab: 8
D/WifiP2pService(  978):  devcapab: 34
D/WifiP2pService(  978):  status: 3
D/WifiP2pService(  978):  wfdInfo: WFD enabled: trueWFD DeviceInfo: 273
D/WifiP2pService(  978):  WFD CtrlPort: 7236
D/WifiP2pService(  978):  WFD MaxThroughput: 300 }
D/WifiP2pService(  978): InactiveState{ what=139286 when=0 arg2=1 }
D/WifiP2pService(  978): P2pEnabledState{ what=139286 when=-19ms arg2=1 }
D/WifiP2pService(  978): DefaultState{ what=139286 when=-19ms arg2=1 }
D/WifiP2pService(  978): InactiveState{ what=147477 when=0 obj=Device: Android_1860
D/WifiP2pService(  978):  deviceAddress: 02:90:4c:78:03:ff
D/WifiP2pService(  978):  primary type: 10-0050F204-5
D/WifiP2pService(  978):  secondary type: null
D/WifiP2pService(  978):  wps: 392
D/WifiP2pService(  978):  grpcapab: 0
D/WifiP2pService(  978):  devcapab: 36
D/WifiP2pService(  978):  status: 3
D/WifiP2pService(  978):  wfdInfo: WFD enabled: trueWFD DeviceInfo: 16
D/WifiP2pService(  978):  WFD CtrlPort: 8554
D/WifiP2pService(  978):  WFD MaxThroughput: 20 }
D/WifiP2pService(  978): P2pEnabledState{ what=147477 when=0 obj=Device: Android_1860
D/WifiP2pService(  978):  deviceAddress: 02:90:4c:78:03:ff
D/WifiP2pService(  978):  primary type: 10-0050F204-5
D/WifiP2pService(  978):  secondary type: null
D/WifiP2pService(  978):  wps: 392
D/WifiP2pService(  978):  grpcapab: 0
D/WifiP2pService(  978):  devcapab: 36
D/WifiP2pService(  978):  status: 3
D/WifiP2pService(  978):  wfdInfo: WFD enabled: trueWFD DeviceInfo: 16
D/WifiP2pService(  978):  WFD CtrlPort: 8554
D/WifiP2pService(  978):  WFD MaxThroughput: 20 }
D/WifiP2pService(  978): InactiveState{ what=139286 when=0 arg2=2 }
D/WifiP2pService(  978): P2pEnabledState{ what=139286 when=0 arg2=2 }
D/WifiP2pService(  978): DefaultState{ what=139286 when=0 arg2=2 }
D/WifiP2pService(  978): InactiveState{ what=147479 when=0 obj=
D/WifiP2pService(  978):  address: 02:90:4c:78:03:ff
D/WifiP2pService(  978):  wps:  setup: 0
D/WifiP2pService(  978):  BSSID: null
D/WifiP2pService(  978):  pin: null
D/WifiP2pService(  978): IP assignment: UNASSIGNED
D/WifiP2pService(  978): Proxy settings: UNASSIGNED
D/WifiP2pService(  978): LinkAddresses: [] Routes: [] DnsAddresses: [] 
D/WifiP2pService(  978): 
D/WifiP2pService(  978):  groupOwnerIntent: 14
D/WifiP2pService(  978):  persist: SYSTEM_DEFAULT
D/WifiP2pService(  978):  freq: 5180 }
D/WifiP2pService(  978): UserAuthorizingGroupNegotiationState
D/WifiP2pService(  978): UserAuthorizingGroupNegotiationState{ what=143366 when=0 }
D/WifiP2pService(  978): UserAuthorizingGroupNegotiationState{ what=139274 when=0 obj=
D/WifiP2pService(  978):  address: 02:90:4c:78:03:ff
D/WifiP2pService(  978):  wps:  setup: 0
D/WifiP2pService(  978):  BSSID: null
D/WifiP2pService(  978):  pin: null
D/WifiP2pService(  978): IP assignment: UNASSIGNED
D/WifiP2pService(  978): Proxy settings: UNASSIGNED
D/WifiP2pService(  978): LinkAddresses: [] Routes: [] DnsAddresses: [] 
D/WifiP2pService(  978): 
D/WifiP2pService(  978):  groupOwnerIntent: 14
D/WifiP2pService(  978):  persist: SYSTEM_DEFAULT
D/WifiP2pService(  978):  freq: 5180 }
D/WifiP2pService(  978): InactiveState{ what=139274 when=-1ms obj=
D/WifiP2pService(  978):  address: 02:90:4c:78:03:ff
D/WifiP2pService(  978):  wps:  setup: 0
D/WifiP2pService(  978):  BSSID: null
D/WifiP2pService(  978):  pin: null
D/WifiP2pService(  978): IP assignment: UNASSIGNED
D/WifiP2pService(  978): Proxy settings: UNASSIGNED
D/WifiP2pService(  978): LinkAddresses: [] Routes: [] DnsAddresses: [] 
D/WifiP2pService(  978): 
D/WifiP2pService(  978):  groupOwnerIntent: 14
D/WifiP2pService(  978):  persist: SYSTEM_DEFAULT
D/WifiP2pService(  978):  freq: 5180 }
D/WifiP2pService(  978): P2pEnabledState{ what=139274 when=-1ms obj=
D/WifiP2pService(  978):  address: 02:90:4c:78:03:ff
D/WifiP2pService(  978):  wps:  setup: 0
D/WifiP2pService(  978):  BSSID: null
D/WifiP2pService(  978):  pin: null
D/WifiP2pService(  978): IP assignment: UNASSIGNED
D/WifiP2pService(  978): Proxy settings: UNASSIGNED
D/WifiP2pService(  978): LinkAddresses: [] Routes: [] DnsAddresses: [] 
D/WifiP2pService(  978): 
D/WifiP2pService(  978):  groupOwnerIntent: 14
D/WifiP2pService(  978):  persist: SYSTEM_DEFAULT
D/WifiP2pService(  978):  freq: 5180 }
D/WifiP2pService(  978): P2pEnabledState sending connect
D/WifiNative(  978): P2P_CONNECT 02:90:4c:78:03:ff pbc go_intent=14 
D/WifiP2pService(  978): GroupNegotiationState
D/WifiP2pService(  978): GroupNegotiationState{ what=139286 when=0 arg2=3 }
D/WifiP2pService(  978): P2pEnabledState{ what=139286 when=-1ms arg2=3 }
D/WifiP2pService(  978): DefaultState{ what=139286 when=-2ms arg2=3 }
D/WifiP2pService(  978): GroupNegotiationState{ what=147481 when=0 }
D/WifiP2pService(  978): GroupNegotiationState go success
D/WifiP2pService(  978): GroupNegotiationState{ what=147462 when=-1ms obj=android.net.wifi.StateChangeResult@41647a98 }
D/WifiP2pService(  978): P2pEnabledState{ what=147462 when=-1ms obj=android.net.wifi.StateChangeResult@41647a98 }
D/WifiP2pService(  978): DefaultState{ what=147462 when=-1ms obj=android.net.wifi.StateChangeResult@41647a98 }
E/WifiP2pService(  978): Unhandled message { what=147462 when=-3ms obj=android.net.wifi.StateChangeResult@41647a98 }
V/EthernetMonitor(  978): get event 
V/EthernetMonitor(  978): go poll events
V/EthernetMonitor(  978): get event 
V/EthernetMonitor(  978): go poll events
D/WifiP2pService(  978): GroupNegotiationState{ what=147459 when=0 obj=a6:a8:20:13:03:6e }
D/WifiP2pService(  978): P2pEnabledState{ what=147459 when=0 obj=a6:a8:20:13:03:6e }
D/WifiP2pService(  978): DefaultState{ what=147459 when=0 obj=a6:a8:20:13:03:6e }
E/WifiP2pService(  978): Unhandled message { what=147459 when=0 obj=a6:a8:20:13:03:6e }
D/WifiP2pService(  978): GroupNegotiationState{ what=147462 when=0 obj=android.net.wifi.StateChangeResult@4169b8f0 }
D/WifiP2pService(  978): P2pEnabledState{ what=147462 when=0 obj=android.net.wifi.StateChangeResult@4169b8f0 }
D/WifiP2pService(  978): DefaultState{ what=147462 when=0 obj=android.net.wifi.StateChangeResult@4169b8f0 }
E/WifiP2pService(  978): Unhandled message { what=147462 when=0 obj=android.net.wifi.StateChangeResult@4169b8f0 }
D/WifiP2pService(  978): GroupNegotiationState{ what=147483 when=0 }
D/WifiP2pService(  978): GroupNegotiationState go success
D/WifiP2pService(  978): GroupNegotiationState{ what=147485 when=-1ms obj=network: "DIRECT-MR"
D/WifiP2pService(  978):  isGO: true
D/WifiP2pService(  978):  GO: Device: 
D/WifiP2pService(  978):  deviceAddress: a6:a8:20:13:03:6e
D/WifiP2pService(  978):  primary type: null
D/WifiP2pService(  978):  secondary type: null
D/WifiP2pService(  978):  wps: 0
D/WifiP2pService(  978):  grpcapab: 0
D/WifiP2pService(  978):  devcapab: 0
D/WifiP2pService(  978):  status: 4
