D/WifiP2pService(  978):  wfdInfo: null
D/WifiP2pService(  978):  interface: wfd0 }
D/WifiP2pService(  978): P2pEnabledState{ what=147485 when=-1ms obj=network: "DIRECT-MR"
D/WifiP2pService(  978):  isGO: true
D/WifiP2pService(  978):  GO: Device: 
D/WifiP2pService(  978):  deviceAddress: a6:a8:20:13:03:6e
D/WifiP2pService(  978):  primary type: null
D/WifiP2pService(  978):  secondary type: null
D/WifiP2pService(  978):  wps: 0
D/WifiP2pService(  978):  grpcapab: 0
D/WifiP2pService(  978):  devcapab: 0
D/WifiP2pService(  978):  status: 4
D/WifiP2pService(  978):  wfdInfo: null
D/WifiP2pService(  978):  interface: wfd0 }
D/WifiP2pService(  978): P2pEnabledState group started
D/NetworkManagementService(  978): rsp <213 a6:a8:20:13:03:6e 0.0.0.0 0 [up broadcast running multicast]>
D/NetworkManagementService(  978): flags <[up broadcast running multicast]>
V/EthernetMonitor(  978): get event 
V/EthernetMonitor(  978): go poll events
D/WifiP2pService(  978): Started Dhcp server on wfd0
D/WifiP2pService(  978): GroupCreatedState
D/WifiP2pService(  978): sending p2p connection changed broadcast
D/WifiP2pService(  978): GroupCreatedState{ what=147498 when=0 obj=02:90:4c:78:83:ff }
D/WifiP2pService(  978): GroupCreatedState ap sta connected
D/WifiP2pService(  978): miracst connect 192.168.49.2:8554
D/WifiP2pService(  978): GroupCreatedState{ what=147498 when=-6ms obj=02:90:4c:78:83:ff }
D/WifiP2pService(  978): GroupCreatedState ap sta connected
D/WifiP2pService(  978): miracst connect 192.168.49.2:8554
D/WifiP2pService(  978): GroupCreatedState{ what=139286 when=-8ms arg2=4 }
D/WifiP2pService(  978): P2pEnabledState{ what=139286 when=-9ms arg2=4 }
D/WifiP2pService(  978): DefaultState{ what=139286 when=-9ms arg2=4 }
D/WifiP2pService(  978): GroupCreatedState{ what=139286 when=-1ms arg2=5 }
D/WifiP2pService(  978): P2pEnabledState{ what=139286 when=-2ms arg2=5 }
D/WifiP2pService(  978): DefaultState{ what=139286 when=-2ms arg2=5 }
W/ActivityManager(  978): Activity pause timeout for ActivityRecord{41610310 com.fiship.media/.player.VideoPlayer}
I/BootReceiver(  978): Copying /data/tombstones/tombstone_05 to DropBox (SYSTEM_TOMBSTONE)
W/ActivityManager(  978): Duplicate finish request for ActivityRecord{41610310 com.fiship.media/.player.VideoPlayer}
W/ActivityManager(  978): Duplicate finish request for ActivityRecord{41610310 com.fiship.media/.player.VideoPlayer}
W/ActivityManager(  978): Duplicate finish request for ActivityRecord{41610310 com.fiship.media/.player.VideoPlayer}
D/WifiP2pService(  978): GroupCreatedState{ what=147497 when=-1ms obj=02:90:4c:78:83:ff }
D/WifiP2pService(  978): Removed client 02:90:4c:78:03:ff
D/WifiP2pService(  978): Client list empty, remove non-persistent p2p group
V/EthernetMonitor(  978): get event 
V/EthernetMonitor(  978): go poll events
E/WifiP2pService(  978): GroupCreatedState ap sta disconnected
D/WifiP2pService(  978): GroupCreatedState{ what=147497 when=-36ms obj=02:90:4c:78:83:ff }
E/WifiP2pService(  978): Disconnect on unknown device address : 02:90:4c:78:83:ff
D/WifiP2pService(  978): GroupCreatedState{ what=147486 when=-31ms obj=network: null
D/WifiP2pService(  978):  isGO: true
D/WifiP2pService(  978):  GO: null
D/WifiP2pService(  978):  interface: wfd0 }
E/WifiP2pService(  978): GroupCreatedState group removed
D/WifiP2pService(  978): Stopped Dhcp server
V/EthernetMonitor(  978): get event 
V/EthernetMonitor(  978): go poll events
D/WifiP2pService(  978): sending p2p connection changed broadcast
D/WifiP2pService(  978): InactiveState
D/WifiP2pService(  978): InactiveState{ what=147478 when=-65ms obj=Device: 
D/WifiP2pService(  978):  deviceAddress: 02:90:4c:78:03:ff
D/WifiP2pService(  978):  primary type: null
D/WifiP2pService(  978):  secondary type: null
D/WifiP2pService(  978):  wps: 0
D/WifiP2pService(  978):  grpcapab: 0
D/WifiP2pService(  978):  devcapab: 0
D/WifiP2pService(  978):  status: 4
D/WifiP2pService(  978):  wfdInfo: null }
D/WifiP2pService(  978): P2pEnabledState{ what=147478 when=-65ms obj=Device: 
D/WifiP2pService(  978):  deviceAddress: 02:90:4c:78:03:ff
D/WifiP2pService(  978):  primary type: null
D/WifiP2pService(  978):  secondary type: null
D/WifiP2pService(  978):  wps: 0
D/WifiP2pService(  978):  grpcapab: 0
D/WifiP2pService(  978):  devcapab: 0
D/WifiP2pService(  978):  status: 4
D/WifiP2pService(  978):  wfdInfo: null }
D/WifiP2pService(  978): InactiveState{ what=147462 when=-67ms obj=android.net.wifi.StateChangeResult@415f7210 }
D/WifiP2pService(  978): P2pEnabledState{ what=147462 when=-67ms obj=android.net.wifi.StateChangeResult@415f7210 }
D/WifiP2pService(  978): DefaultState{ what=147462 when=-67ms obj=android.net.wifi.StateChangeResult@415f7210 }
E/WifiP2pService(  978): Unhandled message { what=147462 when=-68ms obj=android.net.wifi.StateChangeResult@415f7210 }
D/WifiP2pService(  978): InactiveState{ what=139286 when=-41ms arg2=6 }
D/WifiP2pService(  978): P2pEnabledState{ what=139286 when=-41ms arg2=6 }
D/WifiP2pService(  978): DefaultState{ what=139286 when=-41ms arg2=6 }
D/WifiP2pService(  978): InactiveState{ what=147478 when=-21ms obj=Device: 
D/WifiP2pService(  978):  deviceAddress: 02:0a:eb:65:f1:fe
D/WifiP2pService(  978):  primary type: null
D/WifiP2pService(  978):  secondary type: null
D/WifiP2pService(  978):  wps: 0
D/WifiP2pService(  978):  grpcapab: 0
D/WifiP2pService(  978):  devcapab: 0
D/WifiP2pService(  978):  status: 4
D/WifiP2pService(  978):  wfdInfo: null }
D/WifiP2pService(  978): P2pEnabledState{ what=147478 when=-21ms obj=Device: 
D/WifiP2pService(  978):  deviceAddress: 02:0a:eb:65:f1:fe
D/WifiP2pService(  978):  primary type: null
D/WifiP2pService(  978):  secondary type: null
D/WifiP2pService(  978):  wps: 0
D/WifiP2pService(  978):  grpcapab: 0
D/WifiP2pService(  978):  devcapab: 0
D/WifiP2pService(  978):  status: 4
D/WifiP2pService(  978):  wfdInfo: null }
D/WifiP2pService(  978): InactiveState{ what=139268 when=-19ms }
D/WifiP2pService(  978): P2pEnabledState{ what=139268 when=-19ms }
D/WifiP2pService(  978): P2pDisablingState
D/WifiP2pService(  978): stopping supplicant
D/WifiP2pService(  978): P2pDisablingState{ what=331907 when=-24ms }
D/WifiP2pService(  978): DefaultState{ what=331907 when=-24ms }
D/WifiP2pService(  978): P2pDisablingState{ what=139268 when=0 }
V/EthernetMonitor(  978): get event 
V/EthernetMonitor(  978): go poll events
D/WifiP2pService(  978): P2pDisablingState{ what=147458 when=0 }
D/WifiP2pService(  978): Supplicant connection lost
D/WifiP2pService(  978): P2pDisabledState
D/WifiP2pService(  978): P2pDisabledState{ what=331907 when=-33m56s801ms }
D/WifiP2pService(  978): P2pDisabledState{ what=139268 when=-33m56s803ms }
D/WifiP2pService(  978): P2pDisabledState{ what=139271 when=-977ms }
D/WifiP2pService(  978): DefaultState{ what=139271 when=-977ms }
D/WifiP2pService(  978): P2pDisabledState{ what=139286 when=-942ms arg2=7 }
D/WifiP2pService(  978): DefaultState{ what=139286 when=-943ms arg2=7 }
D/WifiP2pService(  978): P2pDisabledState{ what=139286 when=-946ms arg2=8 }
D/WifiP2pService(  978): DefaultState{ what=139286 when=-947ms arg2=8 }
V/EthernetMonitor(  978): get event 
V/EthernetMonitor(  978): go poll events
V/EthernetMonitor(  978): get event 
V/EthernetMonitor(  978): go poll events
V/EthernetMonitor(  978): get event 
V/EthernetMonitor(  978): go poll events
V/EthernetMonitor(  978): get event 
V/EthernetMonitor(  978): go poll events
D/NetworkManagementService(  978): rsp <213 a4:a8:20:13:03:6e 0.0.0.0 0 [up broadcast running multicast]>
D/NetworkManagementService(  978): flags <[up broadcast running multicast]>
V/EthernetMonitor(  978): get event 
V/EthernetMonitor(  978): go poll events
D/WifiP2pService(  978): P2pDisabledState{ what=143363 when=-67ms arg1=1 }
D/WifiP2pService(  978): DefaultState{ what=143363 when=-68ms arg1=1 }
W/ThrottleService(  978): unable to find stats for iface rmnet0
--------- beginning of /dev/log/main
D/dalvikvm( 1155): GC_CONCURRENT freed 396K, 79% free 1309K/5955K, paused 0ms+1ms
D/dalvikvm( 1155): GC_CONCURRENT freed 394K, 78% free 1318K/5955K, paused 1ms+1ms
D/dalvikvm( 1155): GC_CONCURRENT freed 394K, 79% free 1309K/5955K, paused 1ms+1ms
D/dalvikvm( 1155): GC_CONCURRENT freed 394K, 79% free 1309K/5955K, paused 0ms+1ms
D/dalvikvm( 1155): GC_CONCURRENT freed 391K, 79% free 1309K/5955K, paused 1ms+1ms
D/dalvikvm( 1155): GC_CONCURRENT freed 392K, 79% free 1309K/5955K, paused 1ms+1ms
D/dalvikvm( 1155): GC_CONCURRENT freed 393K, 78% free 1311K/5955K, paused 1ms+1ms
D/dalvikvm( 1155): GC_CONCURRENT freed 400K, 79% free 1300K/5955K, paused 0ms+1ms
D/dalvikvm( 1155): GC_CONCURRENT freed 383K, 78% free 1324K/5955K, paused 1ms+1ms
D/dalvikvm( 1155): GC_CONCURRENT freed 407K, 79% free 1307K/5955K, paused 1ms+1ms
D/HomePlayerLib( 1155): hostaddress count is 2
D/dalvikvm( 1155): GC_CONCURRENT freed 387K, 78% free 1320K/5955K, paused 1ms+1ms
D/dalvikvm( 1155): GC_CONCURRENT freed 401K, 79% free 1307K/5955K, paused 1ms+1ms
D/dalvikvm( 1155): GC_CONCURRENT freed 389K, 78% free 1321K/5955K, paused 0ms+1ms
D/dalvikvm( 1155): GC_CONCURRENT freed 405K, 79% free 1309K/5955K, paused 1ms+1ms
D/dalvikvm( 1155): GC_CONCURRENT freed 391K, 79% free 1302K/5955K, paused 1ms+1ms
D/dalvikvm( 1155): GC_CONCURRENT freed 374K, 78% free 1325K/5955K, paused 1ms+1ms
D/dalvikvm( 1155): GC_CONCURRENT freed 390K, 78% free 1324K/5955K, paused 1ms+1ms
D/dalvikvm( 1155): GC_CONCURRENT freed 360K, 75% free 1498K/5955K, paused 0ms+1ms
D/dalvikvm( 1155): GC_CONCURRENT freed 560K, 78% free 1326K/5955K, paused 1ms+1ms
D/dalvikvm( 1155): GC_CONCURRENT freed 393K, 78% free 1327K/5955K, paused 1ms+1ms
D/dalvikvm( 1155): GC_CONCURRENT freed 403K, 78% free 1313K/5955K, paused 0ms+1ms
D/dalvikvm( 1155): GC_CONCURRENT freed 387K, 78% free 1314K/5955K, paused 1ms+1ms
D/dalvikvm( 1155): GC_CONCURRENT freed 397K, 79% free 1301K/5955K, paused 1ms+1ms
D/dalvikvm( 1155): GC_CONCURRENT freed 381K, 78% free 1323K/5955K, paused 0ms+1ms
D/dalvikvm( 1155): GC_CONCURRENT freed 393K, 78% free 1322K/5955K, paused 1ms+1ms
D/dalvikvm( 1155): GC_CONCURRENT freed 392K, 78% free 1322K/5955K, paused 1ms+1ms
D/dalvikvm( 1155): GC_CONCURRENT freed 393K, 78% free 1322K/5955K, paused 1ms+1ms
D/dalvikvm( 1155): GC_CONCURRENT freed 393K, 78% free 1322K/5955K, paused 1ms+1ms
D/dalvikvm( 1155): GC_CONCURRENT freed 393K, 78% free 1323K/5955K, paused 1ms+1ms
D/dalvikvm( 1155): GC_CONCURRENT freed 402K, 78% free 1310K/5955K, paused 1ms+1ms
D/dalvikvm( 1155): GC_CONCURRENT freed 395K, 79% free 1309K/5955K, paused 1ms+1ms
D/dalvikvm( 1155): GC_CONCURRENT freed 394K, 79% free 1309K/5955K, paused 1ms+1ms
D/dalvikvm( 1155): GC_CONCURRENT freed 393K, 79% free 1309K/5955K, paused 1ms+1ms
D/dalvikvm( 1320): GC_CONCURRENT freed 382K, 71% free 1760K/5955K, paused 1ms+3ms
I/CheckinService( 1320): Preparing to send checkin request
I/EventLogService( 1320): Accumulating logs since 1371221069118
D/dalvikvm( 1155): GC_CONCURRENT freed 391K, 78% free 1310K/5955K, paused 1ms+1ms
W/CheckinRequestBuilder( 1320): Unknown phone type: 0 id=null
I/CheckinTask( 1320): Sending checkin request (1014 bytes)
D/dalvikvm( 1155): GC_CONCURRENT freed 392K, 78% free 1311K/5955K, paused 0ms+1ms
D/dalvikvm( 1155): GC_CONCURRENT freed 393K, 77% free 1381K/5955K, paused 1ms+1ms
E/CheckinTask( 1320): Checkin failed: https://android.clients.google.com/checkin (request #0)
E/CheckinTask( 1320): java.io.IOException: Rejected response from server: HTTP/1.1 400 invalid hardware identifier: "000000000000" is not a valid MAC address (expect 12 hex digits)
E/CheckinTask( 1320):   at com.google.android.gsf.checkin.CheckinTask.parseResponse(CheckinTask.java:313)
E/CheckinTask( 1320):   at com.google.android.gsf.checkin.CheckinTask.sendRequest(CheckinTask.java:261)
E/CheckinTask( 1320):   at com.google.android.gsf.checkin.CheckinTask.doInBackground(CheckinTask.java:150)
E/CheckinTask( 1320):   at com.google.android.gsf.checkin.CheckinService$1.doInBackground(CheckinService.java:221)
E/CheckinTask( 1320):   at com.google.android.gsf.checkin.CheckinService$1.doInBackground(CheckinService.java:214)
E/CheckinTask( 1320):   at android.os.AsyncTask$2.call(AsyncTask.java:264)
E/CheckinTask( 1320):   at java.util.concurrent.FutureTask$Sync.innerRun(FutureTask.java:305)
E/CheckinTask( 1320):   at java.util.concurrent.FutureTask.run(FutureTask.java:137)
E/CheckinTask( 1320):   at java.util.concurrent.ThreadPoolExecutor.runWorker(ThreadPoolExecutor.java:1076)
E/CheckinTask( 1320):   at java.util.concurrent.ThreadPoolExecutor$Worker.run(ThreadPoolExecutor.java:569)
E/CheckinTask( 1320):   at java.lang.Thread.run(Thread.java:856)
D/dalvikvm( 1155): GC_CONCURRENT freed 456K, 78% free 1320K/5955K, paused 0ms+1ms
D/dalvikvm( 1155): GC_CONCURRENT freed 396K, 79% free 1309K/5955K, paused 1ms+1ms
D/dalvikvm( 1155): GC_CONCURRENT freed 392K, 79% free 1309K/5955K, paused 1ms+1ms
D/dalvikvm( 1155): GC_CONCURRENT freed 392K, 78% free 1310K/5955K, paused 1ms+1ms
D/dalvikvm( 1155): GC_CONCURRENT freed 393K, 78% free 1310K/5955K, paused 1ms+1ms
D/dalvikvm( 1155): GC_CONCURRENT freed 393K, 79% free 1309K/5955K, paused 1ms+1ms
D/dalvikvm( 1155): GC_CONCURRENT freed 393K, 79% free 1310K/5955K, paused 0ms+1ms
D/dalvikvm( 1155): GC_CONCURRENT freed 392K, 78% free 1310K/5955K, paused 1ms+1ms
D/dalvikvm( 1155): GC_CONCURRENT freed 398K, 79% free 1300K/5955K, paused 0ms+1ms
D/dalvikvm( 1155): GC_CONCURRENT freed 384K, 78% free 1323K/5955K, paused 0ms+1ms
D/dalvikvm( 1155): GC_CONCURRENT freed 396K, 78% free 1322K/5955K, paused 1ms+1ms
D/dalvikvm( 1155): GC_CONCURRENT freed 392K, 78% free 1322K/5955K, paused 1ms+1ms
D/dalvikvm( 1155): GC_CONCURRENT freed 392K, 78% free 1322K/5955K, paused 1ms+1ms
D/dalvikvm( 1155): GC_CONCURRENT freed 393K, 78% free 1322K/5955K, paused 1ms+1ms
D/dalvikvm( 1155): GC_CONCURRENT freed 393K, 78% free 1322K/5955K, paused 1ms+1ms
D/dalvikvm( 1155): GC_CONCURRENT freed 393K, 78% free 1322K/5955K, paused 1ms+1ms
D/dalvikvm( 1155): GC_CONCURRENT freed 393K, 78% free 1323K/5955K, paused 1ms+1ms
D/dalvikvm( 1155): GC_CONCURRENT freed 401K, 78% free 1310K/5955K, paused 1ms+1ms
D/dalvikvm( 1155): GC_CONCURRENT freed 396K, 79% free 1309K/5955K, paused 1ms+1ms
D/dalvikvm( 1155): GC_CONCURRENT freed 394K, 79% free 1309K/5955K, paused 1ms+1ms
D/dalvikvm( 1155): GC_CONCURRENT freed 394K, 79% free 1309K/5955K, paused 1ms+0ms
D/dalvikvm( 1155): GC_CONCURRENT freed 394K, 79% free 1309K/5955K, paused 1ms+2ms
D/dalvikvm( 1155): GC_CONCURRENT freed 393K, 79% free 1310K/5955K, paused 1ms+1ms
D/dalvikvm( 1155): GC_CONCURRENT freed 394K, 79% free 1309K/5955K, paused 1ms+1ms
D/dalvikvm( 1155): GC_CONCURRENT freed 391K, 78% free 1310K/5955K, paused 1ms+1ms
D/dalvikvm( 1155): GC_CONCURRENT freed 404K, 77% free 1381K/5955K, paused 1ms+1ms
D/dalvikvm( 1155): GC_CONCURRENT freed 468K, 79% free 1298K/5955K, paused 0ms+1ms
D/dalvikvm( 1155): GC_CONCURRENT freed 368K, 78% free 1322K/5955K, paused 1ms+0ms
D/dalvikvm( 1155): GC_CONCURRENT freed 393K, 78% free 1322K/5955K, paused 0ms+1ms
D/dalvikvm( 1155): GC_CONCURRENT freed 393K, 78% free 1322K/5955K, paused 1ms+1ms
D/dalvikvm( 1155): GC_CONCURRENT freed 403K, 78% free 1317K/5955K, paused 1ms+1ms
D/HomePlayerLib( 1155): hostaddress count is 2
D/dalvikvm( 1155): GC_CONCURRENT freed 394K, 78% free 1319K/5955K, paused 0ms+1ms
D/dalvikvm( 1155): GC_CONCURRENT freed 404K, 79% free 1308K/5955K, paused 0ms+1ms
D/dalvikvm( 1155): GC_CONCURRENT freed 378K, 78% free 1324K/5955K, paused 1ms+1ms
D/dalvikvm( 1155): GC_CONCURRENT freed 390K, 78% free 1326K/5955K, paused 1ms+1ms
D/dalvikvm( 1155): GC_CONCURRENT freed 392K, 78% free 1326K/5955K, paused 1ms+1ms
D/dalvikvm( 1155): GC_CONCURRENT freed 392K, 78% free 1325K/5955K, paused 1ms+1ms
D/dalvikvm( 1155): GC_CONCURRENT freed 392K, 78% free 1327K/5955K, paused 1ms+1ms
D/dalvikvm( 1155): GC_CONCURRENT freed 393K, 78% free 1325K/5955K, paused 1ms+1ms
D/dalvikvm( 1155): GC_CONCURRENT freed 411K, 79% free 1299K/5955K, paused 1ms+1ms
D/dalvikvm( 1155): GC_CONCURRENT freed 365K, 78% free 1323K/5955K, paused 1ms+1ms
D/dalvikvm( 1155): GC_CONCURRENT freed 397K, 77% free 1377K/5955K, paused 1ms+1ms
D/dalvikvm( 1155): GC_CONCURRENT freed 459K, 78% free 1315K/5955K, paused 1ms+1ms
D/dalvikvm( 1155): GC_CONCURRENT freed 396K, 78% free 1322K/5955K, paused 1ms+1ms
D/dalvikvm( 1155): GC_CONCURRENT freed 406K, 78% free 1325K/5955K, paused 1ms+1ms
D/dalvikvm( 1155): GC_CONCURRENT freed 390K, 78% free 1327K/5955K, paused 1ms+1ms
D/dalvikvm( 1155): GC_CONCURRENT freed 409K, 79% free 1304K/5955K, paused 1ms+1ms
D/dalvikvm( 1155): GC_CONCURRENT freed 376K, 78% free 1321K/5955K, paused 1ms+0ms
D/dalvikvm( 1155): GC_CONCURRENT freed 394K, 78% free 1322K/5955K, paused 0ms+1ms
D/dalvikvm( 1155): GC_CONCURRENT freed 394K, 78% free 1322K/5955K, paused 1ms+0ms
D/dalvikvm( 1155): GC_CONCURRENT freed 392K, 78% free 1322K/5955K, paused 1ms+1ms
D/dalvikvm( 1155): GC_CONCURRENT freed 392K, 78% free 1322K/5955K, paused 0ms+1ms
D/dalvikvm( 1155): GC_CONCURRENT freed 393K, 78% free 1322K/5955K, paused 1ms+1ms
D/dalvikvm( 1155): GC_CONCURRENT freed 392K, 78% free 1322K/5955K, paused 1ms+1ms
D/dalvikvm( 1155): GC_CONCURRENT freed 392K, 78% free 1323K/5955K, paused 0ms+1ms
D/dalvikvm( 1155): GC_CONCURRENT freed 404K, 78% free 1319K/5955K, paused 1ms+1ms
D/dalvikvm( 1155): GC_CONCURRENT freed 396K, 79% free 1309K/5955K, paused 0ms+1ms
D/dalvikvm( 1155): GC_CONCURRENT freed 394K, 79% free 1309K/5955K, paused 1ms+0ms
D/dalvikvm( 1155): GC_CONCURRENT freed 394K, 78% free 1318K/5955K, paused 0ms+1ms
D/dalvikvm( 1155): GC_CONCURRENT freed 404K, 77% free 1420K/5955K, paused 1ms+1ms
D/dalvikvm( 1155): GC_CONCURRENT freed 506K, 79% free 1302K/5955K, paused 1ms+1ms
D/dalvikvm( 1155): GC_CONCURRENT freed 385K, 78% free 1323K/5955K, paused 1ms+1ms
D/dalvikvm( 1155): GC_CONCURRENT freed 396K, 78% free 1322K/5955K, paused 1ms+1ms
D/dalvikvm( 1155): GC_CONCURRENT freed 392K, 78% free 1322K/5955K, paused 1ms+1ms
D/dalvikvm( 1155): GC_CONCURRENT freed 392K, 78% free 1322K/5955K, paused 1ms+1ms
D/dalvikvm( 1155): GC_CONCURRENT freed 393K, 78% free 1322K/5955K, paused 1ms+1ms
D/dalvikvm( 1155): GC_CONCURRENT freed 393K, 78% free 1322K/5955K, paused 1ms+1ms
D/dalvikvm( 1155): GC_CONCURRENT freed 393K, 78% free 1322K/5955K, paused 1ms+1ms
D/dalvikvm( 1155): GC_CONCURRENT freed 393K, 78% free 1323K/5955K, paused 1ms+1ms
D/dalvikvm( 1155): GC_CONCURRENT freed 405K, 78% free 1319K/5955K, paused 1ms+1ms
D/dalvikvm( 1155): GC_CONCURRENT freed 407K, 78% free 1321K/5955K, paused 1ms+1ms
D/dalvikvm( 1155): GC_CONCURRENT freed 393K, 78% free 1322K/5955K, paused 1ms+1ms
D/dalvikvm( 1155): GC_CONCURRENT freed 393K, 78% free 1322K/5955K, paused 0ms+1ms
D/dalvikvm( 1155): GC_CONCURRENT freed 393K, 78% free 1322K/5955K, paused 1ms+1ms
D/dalvikvm( 1155): GC_CONCURRENT freed 393K, 78% free 1322K/5955K, paused 1ms+1ms
D/dalvikvm( 1155): GC_CONCURRENT freed 393K, 78% free 1322K/5955K, paused 1ms+1ms
D/dalvikvm( 1155): GC_CONCURRENT freed 391K, 78% free 1323K/5955K, paused 1ms+1ms
D/dalvikvm( 1155): GC_CONCURRENT freed 402K, 78% free 1319K/5955K, paused 0ms+1ms
D/dalvikvm( 1155): GC_CONCURRENT freed 396K, 78% free 1317K/5955K, paused 0ms+1ms
D/dalvikvm( 1155): GC_CONCURRENT freed 404K, 78% free 1322K/5955K, paused 1ms+1ms
D/dalvikvm( 1155): GC_CONCURRENT freed 393K, 78% free 1322K/5955K, paused 0ms+1ms
D/dalvikvm( 1155): GC_CONCURRENT freed 404K, 78% free 1316K/5955K, paused 0ms+1ms
D/HomePlayerLib( 1155): hostaddress count is 2
D/dalvikvm( 1155): GC_CONCURRENT freed 387K, 78% free 1323K/5955K, paused 1ms+1ms
D/dalvikvm( 1155): GC_CONCURRENT freed 406K, 76% free 1439K/5955K, paused 1ms+1ms
D/dalvikvm( 1155): GC_CONCURRENT freed 519K, 78% free 1318K/5955K, paused 1ms+1ms
D/dalvikvm( 1155): GC_CONCURRENT freed 379K, 78% free 1324K/5955K, paused 0ms+1ms
D/dalvikvm( 1155): GC_CONCURRENT freed 389K, 78% free 1326K/5955K, paused 1ms+1ms
D/dalvikvm( 1155): GC_CONCURRENT freed 392K, 78% free 1325K/5955K, paused 1ms+1ms
D/dalvikvm( 1155): GC_CONCURRENT freed 391K, 78% free 1327K/5955K, paused 0ms+1ms
D/dalvikvm( 1155): GC_CONCURRENT freed 402K, 78% free 1322K/5955K, paused 1ms+1ms
D/dalvikvm( 1155): GC_CONCURRENT freed 393K, 78% free 1313K/5955K, paused 1ms+2ms
D/dalvikvm( 1155): GC_CONCURRENT freed 391K, 78% free 1318K/5955K, paused 1ms+0ms
D/dalvikvm( 1155): GC_CONCURRENT freed 380K, 78% free 1326K/5955K, paused 1ms+1ms
D/dalvikvm( 1155): GC_CONCURRENT freed 383K, 77% free 1416K/5955K, paused 0ms+1ms
D/dalvikvm( 1155): GC_CONCURRENT freed 480K, 78% free 1328K/5955K, paused 1ms+1ms
D/dalvikvm( 1155): GC_CONCURRENT freed 393K, 78% free 1327K/5955K, paused 1ms+1ms
D/dalvikvm( 1155): GC_CONCURRENT freed 403K, 78% free 1322K/5955K, paused 0ms+1ms
D/dalvikvm( 1155): GC_CONCURRENT freed 395K, 78% free 1322K/5955K, paused 1ms+1ms
D/dalvikvm( 1155): GC_CONCURRENT freed 394K, 78% free 1313K/5955K, paused 1ms+0ms
D/dalvikvm( 1155): GC_CONCURRENT freed 377K, 78% free 1323K/5955K, paused 0ms+1ms
D/dalvikvm( 1155): GC_CONCURRENT freed 394K, 78% free 1322K/5955K, paused 0ms+1ms
D/dalvikvm( 1155): GC_CONCURRENT freed 393K, 78% free 1322K/5955K, paused 0ms+1ms
D/dalvikvm( 1155): GC_CONCURRENT freed 393K, 78% free 1322K/5955K, paused 1ms+1ms
D/dalvikvm( 1155): GC_CONCURRENT freed 393K, 78% free 1322K/5955K, paused 1ms+1ms
D/dalvikvm( 1155): GC_CONCURRENT freed 393K, 78% free 1323K/5955K, paused 1ms+1ms
D/dalvikvm( 1155): GC_CONCURRENT freed 401K, 78% free 1319K/5955K, paused 1ms+1ms
D/dalvikvm( 1155): GC_CONCURRENT freed 396K, 78% free 1317K/5955K, paused 1ms+1ms
D/dalvikvm( 1155): GC_CONCURRENT freed 394K, 79% free 1309K/5955K, paused 1ms+1ms
D/dalvikvm( 1155): GC_CONCURRENT freed 394K, 77% free 1418K/5955K, paused 1ms+1ms
D/dalvikvm( 1155): GC_CONCURRENT freed 497K, 78% free 1318K/5955K, paused 1ms+1ms
D/dalvikvm( 1155): GC_CONCURRENT freed 404K, 79% free 1298K/5955K, paused 3ms+1ms
D/dalvikvm( 1155): GC_CONCURRENT freed 376K, 78% free 1323K/5955K, paused 1ms+1ms
D/dalvikvm( 1155): GC_CONCURRENT freed 395K, 78% free 1322K/5955K, paused 1ms+1ms
D/dalvikvm( 1155): GC_CONCURRENT freed 392K, 78% free 1322K/5955K, paused 1ms+1ms
D/dalvikvm( 1155): GC_CONCURRENT freed 392K, 78% free 1322K/5955K, paused 0ms+1ms
D/dalvikvm( 1155): GC_CONCURRENT freed 393K, 78% free 1322K/5955K, paused 1ms+1ms
D/dalvikvm( 1155): GC_CONCURRENT freed 393K, 78% free 1322K/5955K, paused 1ms+1ms
D/dalvikvm( 1155): GC_CONCURRENT freed 393K, 78% free 1322K/5955K, paused 1ms+1ms
D/dalvikvm( 1155): GC_CONCURRENT freed 393K, 78% free 1323K/5955K, paused 1ms+1ms
D/dalvikvm( 1155): GC_CONCURRENT freed 404K, 78% free 1319K/5955K, paused 1ms+2ms
D/dalvikvm( 1155): GC_CONCURRENT freed 396K, 79% free 1308K/5955K, paused 1ms+1ms
D/dalvikvm( 1155): GC_CONCURRENT freed 392K, 79% free 1309K/5955K, paused 1ms+1ms
D/dalvikvm( 1155): GC_CONCURRENT freed 392K, 78% free 1310K/5955K, paused 1ms+1ms
D/dalvikvm( 1155): GC_CONCURRENT freed 393K, 79% free 1309K/5955K, paused 0ms+1ms
D/dalvikvm( 1155): GC_CONCURRENT freed 393K, 78% free 1318K/5955K, paused 1ms+1ms
D/dalvikvm( 1155): GC_CONCURRENT freed 404K, 78% free 1322K/5955K, paused 1ms+0ms
D/dalvikvm( 1155): GC_CONCURRENT freed 392K, 78% free 1323K/5955K, paused 0ms+1ms
D/dalvikvm( 1155): GC_CONCURRENT freed 404K, 78% free 1319K/5955K, paused 0ms+1ms
D/dalvikvm( 1155): GC_CONCURRENT freed 396K, 78% free 1317K/5955K, paused 1ms+1ms
D/dalvikvm( 1155): GC_CONCURRENT freed 394K, 79% free 1310K/5955K, paused 1ms+1ms
D/dalvikvm( 1155): GC_CONCURRENT freed 394K, 78% free 1310K/5955K, paused 1ms+1ms
D/dalvikvm( 1155): GC_CONCURRENT freed 393K, 78% free 1310K/5955K, paused 0ms+1ms
D/dalvikvm( 1155): GC_CONCURRENT freed 389K, 78% free 1320K/5955K, paused 1ms+1ms
D/HomePlayerLib( 1155): hostaddress count is 2
D/dalvikvm( 1155): GC_CONCURRENT freed 401K, 78% free 1317K/5955K, paused 1ms+1ms
D/dalvikvm( 1155): GC_CONCURRENT freed 395K, 78% free 1320K/5955K, paused 0ms+1ms
D/dalvikvm( 1155): GC_CONCURRENT freed 405K, 79% free 1308K/5955K, paused 1ms+1ms
D/dalvikvm( 1155): GC_CONCURRENT freed 386K, 78% free 1314K/5955K, paused 0ms+1ms
D/dalvikvm( 1155): GC_CONCURRENT freed 397K, 79% free 1303K/5955K, paused 1ms+1ms
D/dalvikvm( 1155): GC_CONCURRENT freed 380K, 78% free 1321K/5955K, paused 1ms+1ms
D/dalvikvm( 1155): GC_CONCURRENT freed 391K, 78% free 1314K/5955K, paused 1ms+1ms
D/dalvikvm( 1155): GC_CONCURRENT freed 393K, 78% free 1312K/5955K, paused 1ms+1ms
D/dalvikvm( 1155): GC_CONCURRENT freed 391K, 78% free 1315K/5955K, paused 1ms+1ms
D/dalvikvm( 1155): GC_CONCURRENT freed 401K, 79% free 1298K/5955K, paused 1ms+1ms
D/dalvikvm( 1155): GC_CONCURRENT freed 379K, 78% free 1322K/5955K, paused 0ms+1ms
D/dalvikvm( 1155): GC_CONCURRENT freed 394K, 78% free 1313K/5955K, paused 0ms+1ms
D/dalvikvm( 1155): GC_CONCURRENT freed 393K, 78% free 1312K/5955K, paused 1ms+1ms
D/dalvikvm( 1155): GC_CONCURRENT freed 391K, 78% free 1322K/5955K, paused 1ms+1ms
D/dalvikvm( 1155): GC_CONCURRENT freed 431K, 78% free 1356K/5955K, paused 1ms+1ms
D/dalvikvm( 1155): GC_CONCURRENT freed 435K, 78% free 1322K/5955K, paused 1ms+1ms
D/dalvikvm( 1155): GC_CONCURRENT freed 405K, 79% free 1301K/5955K, paused 1ms+1ms
D/dalvikvm( 1155): GC_CONCURRENT freed 377K, 78% free 1320K/5955K, paused 1ms+1ms
D/dalvikvm( 1155): GC_CONCURRENT freed 398K, 78% free 1317K/5955K, paused 1ms+1ms
D/dalvikvm( 1155): GC_CONCURRENT freed 392K, 78% free 1318K/5955K, paused 0ms+1ms
D/dalvikvm( 1155): GC_CONCURRENT freed 405K, 78% free 1322K/5955K, paused 1ms+1ms
D/dalvikvm( 1155): GC_CONCURRENT freed 393K, 78% free 1322K/5955K, paused 1ms+1ms
D/dalvikvm( 1155): GC_CONCURRENT freed 393K, 78% free 1322K/5955K, paused 1ms+1ms
D/dalvikvm( 1155): GC_CONCURRENT freed 393K, 78% free 1322K/5955K, paused 1ms+0ms
D/dalvikvm( 1155): GC_CONCURRENT freed 393K, 78% free 1323K/5955K, paused 1ms+1ms
D/dalvikvm( 1155): GC_CONCURRENT freed 401K, 78% free 1319K/5955K, paused 1ms+1ms
D/dalvikvm( 1155): GC_CONCURRENT freed 396K, 78% free 1317K/5955K, paused 1ms+1ms
D/dalvikvm( 1155): GC_CONCURRENT freed 394K, 78% free 1318K/5955K, paused 1ms+1ms
D/dalvikvm( 1155): GC_CONCURRENT freed 394K, 78% free 1318K/5955K, paused 1ms+1ms
D/dalvikvm( 1155): GC_CONCURRENT freed 393K, 78% free 1318K/5955K, paused 1ms+1ms
D/dalvikvm( 1155): GC_CONCURRENT freed 404K, 78% free 1322K/5955K, paused 0ms+1ms
D/dalvikvm( 1155): GC_CONCURRENT freed 392K, 78% free 1322K/5955K, paused 0ms+1ms
D/dalvikvm( 1155): GC_CONCURRENT freed 393K, 78% free 1323K/5955K, paused 1ms+1ms
D/dalvikvm( 1155): GC_CONCURRENT freed 402K, 78% free 1319K/5955K, paused 1ms+1ms
D/dalvikvm( 1155): GC_CONCURRENT freed 395K, 78% free 1317K/5955K, paused 1ms+1ms
D/dalvikvm( 1155): GC_CONCURRENT freed 394K, 78% free 1318K/5955K, paused 0ms+1ms
D/dalvikvm( 1155): GC_CONCURRENT freed 393K, 78% free 1310K/5955K, paused 1ms+1ms
D/dalvikvm( 1155): GC_CONCURRENT freed 393K, 78% free 1318K/5955K, paused 0ms+1ms
D/dalvikvm( 1155): GC_CONCURRENT freed 393K, 78% free 1310K/5955K, paused 1ms+1ms
D/dalvikvm( 1155): GC_CONCURRENT freed 393K, 78% free 1310K/5955K, paused 1ms+1ms
D/dalvikvm( 1155): GC_CONCURRENT freed 392K, 78% free 1311K/5955K, paused 1ms+1ms
D/dalvikvm( 1155): GC_CONCURRENT freed 399K, 79% free 1300K/5955K, paused 1ms+1ms
D/dalvikvm( 1155): GC_CONCURRENT freed 383K, 78% free 1323K/5955K, paused 1ms+1ms
D/dalvikvm( 1155): GC_CONCURRENT freed 396K, 78% free 1322K/5955K, paused 1ms+1ms
D/dalvikvm( 1155): GC_CONCURRENT freed 392K, 78% free 1322K/5955K, paused 1ms+1ms
D/dalvikvm( 1155): GC_CONCURRENT freed 392K, 78% free 1322K/5955K, paused 1ms+1ms
D/dalvikvm( 1155): GC_CONCURRENT freed 393K, 78% free 1322K/5955K, paused 1ms+0ms
D/dalvikvm( 1155): GC_CONCURRENT freed 393K, 78% free 1322K/5955K, paused 1ms+1ms
D/dalvikvm( 1155): GC_CONCURRENT freed 393K, 78% free 1322K/5955K, paused 0ms+1ms
D/dalvikvm( 1155): GC_CONCURRENT freed 391K, 78% free 1323K/5955K, paused 1ms+1ms
D/dalvikvm( 1155): GC_CONCURRENT freed 403K, 78% free 1335K/5955K, paused 0ms+1ms
D/dalvikvm( 1155): GC_CONCURRENT freed 407K, 78% free 1322K/5955K, paused 0ms+1ms
D/dalvikvm( 1155): GC_CONCURRENT freed 394K, 78% free 1322K/5955K, paused 1ms+1ms
D/dalvikvm( 1155): GC_CONCURRENT freed 393K, 78% free 1322K/5955K, paused 0ms+1ms
D/dalvikvm( 1155): GC_CONCURRENT freed 393K, 78% free 1322K/5955K, paused 1ms+1ms
D/dalvikvm( 1155): GC_CONCURRENT freed 404K, 79% free 1308K/5955K, paused 0ms+1ms
D/HomePlayerLib( 1155): hostaddress count is 2
D/dalvikvm( 1155): GC_CONCURRENT freed 387K, 78% free 1320K/5955K, paused 1ms+1ms
D/dalvikvm( 1155): GC_CONCURRENT freed 410K, 79% free 1308K/5955K, paused 1ms+1ms
D/dalvikvm( 1155): GC_CONCURRENT freed 378K, 78% free 1324K/5955K, paused 1ms+1ms
D/dalvikvm( 1155): GC_CONCURRENT freed 391K, 78% free 1324K/5955K, paused 1ms+1ms
D/dalvikvm( 1155): GC_CONCURRENT freed 391K, 78% free 1326K/5955K, paused 1ms+1ms
D/dalvikvm( 1155): GC_CONCURRENT freed 393K, 78% free 1325K/5955K, paused 1ms+0ms
D/dalvikvm( 1155): GC_CONCURRENT freed 378K, 78% free 1334K/5955K, paused 1ms+2ms
D/dalvikvm( 1155): GC_CONCURRENT freed 418K, 78% free 1323K/5955K, paused 1ms+0ms
D/dalvikvm( 1155): GC_CONCURRENT freed 392K, 78% free 1325K/5955K, paused 0ms+1ms
D/dalvikvm( 1155): GC_CONCURRENT freed 401K, 78% free 1322K/5955K, paused 1ms+0ms
D/dalvikvm( 1155): GC_CONCURRENT freed 407K, 78% free 1324K/5955K, paused 1ms+1ms
D/dalvikvm( 1155): GC_CONCURRENT freed 393K, 78% free 1326K/5955K, paused 1ms+1ms
D/dalvikvm( 1155): GC_CONCURRENT freed 393K, 78% free 1326K/5955K, paused 1ms+1ms
D/dalvikvm( 1155): GC_CONCURRENT freed 406K, 78% free 1324K/5955K, paused 1ms+1ms
D/dalvikvm( 1155): GC_CONCURRENT freed 394K, 78% free 1322K/5955K, paused 0ms+1ms
D/dalvikvm( 1155): GC_CONCURRENT freed 392K, 78% free 1322K/5955K, paused 1ms+1ms
D/dalvikvm( 1155): GC_CONCURRENT freed 393K, 78% free 1323K/5955K, paused 1ms+1ms
D/dalvikvm( 1155): GC_CONCURRENT freed 404K, 78% free 1335K/5955K, paused 1ms+1ms
D/dalvikvm( 1155): GC_CONCURRENT freed 409K, 78% free 1322K/5955K, paused 1ms+1ms
D/dalvikvm( 1155): GC_CONCURRENT freed 404K, 78% free 1316K/5955K, paused 0ms+1ms
D/dalvikvm( 1155): GC_CONCURRENT freed 402K, 78% free 1322K/5955K, paused 1ms+1ms
D/dalvikvm( 1155): GC_CONCURRENT freed 392K, 78% free 1322K/5955K, paused 1ms+1ms
D/dalvikvm( 1155): GC_CONCURRENT freed 393K, 78% free 1322K/5955K, paused 1ms+1ms
D/dalvikvm( 1155): GC_CONCURRENT freed 393K, 78% free 1323K/5955K, paused 1ms+1ms
D/dalvikvm( 1155): GC_CONCURRENT freed 403K, 78% free 1319K/5955K, paused 1ms+1ms
D/dalvikvm( 1155): GC_CONCURRENT freed 395K, 78% free 1317K/5955K, paused 1ms+1ms
D/dalvikvm( 1155): GC_CONCURRENT freed 394K, 78% free 1318K/5955K, paused 1ms+1ms
D/dalvikvm( 1155): GC_CONCURRENT freed 394K, 78% free 1318K/5955K, paused 1ms+1ms
D/dalvikvm( 1155): GC_CONCURRENT freed 405K, 78% free 1322K/5955K, paused 0ms+1ms
D/dalvikvm( 1155): GC_CONCURRENT freed 392K, 78% free 1322K/5955K, paused 1ms+1ms
D/dalvikvm( 1155): GC_CONCURRENT freed 393K, 78% free 1322K/5955K, paused 1ms+1ms
D/dalvikvm( 1155): GC_CONCURRENT freed 393K, 78% free 1323K/5955K, paused 1ms+1ms
D/dalvikvm( 1155): GC_CONCURRENT freed 404K, 78% free 1319K/5955K, paused 1ms+1ms
D/dalvikvm( 1155): GC_CONCURRENT freed 396K, 78% free 1317K/5955K, paused 1ms+1ms
D/dalvikvm( 1155): GC_CONCURRENT freed 394K, 78% free 1318K/5955K, paused 1ms+1ms
D/dalvikvm( 1155): GC_CONCURRENT freed 404K, 78% free 1322K/5955K, paused 1ms+1ms
D/dalvikvm( 1155): GC_CONCURRENT freed 392K, 78% free 1322K/5955K, paused 1ms+1ms
D/dalvikvm( 1155): GC_CONCURRENT freed 393K, 78% free 1322K/5955K, paused 1ms+1ms
D/dalvikvm( 1155): GC_CONCURRENT freed 393K, 78% free 1322K/5955K, paused 1ms+1ms
D/dalvikvm( 1155): GC_CONCURRENT freed 393K, 78% free 1323K/5955K, paused 1ms+1ms
D/dalvikvm( 1155): GC_CONCURRENT freed 404K, 78% free 1319K/5955K, paused 0ms+1ms
D/dalvikvm( 1155): GC_CONCURRENT freed 407K, 79% free 1305K/5955K, paused 0ms+1ms
D/dalvikvm( 1155): GC_CONCURRENT freed 381K, 79% free 1309K/5955K, paused 1ms+1ms
D/dalvikvm( 1155): GC_CONCURRENT freed 393K, 78% free 1318K/5955K, paused 1ms+1ms
D/dalvikvm( 1155): GC_CONCURRENT freed 393K, 78% free 1318K/5955K, paused 1ms+1ms
D/dalvikvm( 1155): GC_CONCURRENT freed 393K, 78% free 1318K/5955K, paused 1ms+1ms
D/dalvikvm( 1155): GC_CONCURRENT freed 393K, 78% free 1310K/5955K, paused 1ms+1ms
D/MiracastControl( 1251): receive addr: 192.168.2.17:54863 msgType: easysetting msgData: action=getnetwork&type=p2p
D/MiracastControl( 1251): send addr: 192.168.2.17:54863 msgType: easysetting msgData: state=off&action=getnetwork&result=success&mac=a6:a8:20:13:03:6e&type=p2p&name=tc123
D/HomePlayerLib( 1155): hostaddress count is 2
D/dalvikvm( 1155): GC_CONCURRENT freed 389K, 77% free 1425K/5955K, paused 1ms+1ms
D/dalvikvm( 1155): GC_CONCURRENT freed 503K, 78% free 1321K/5955K, paused 1ms+1ms
D/dalvikvm( 1155): GC_CONCURRENT freed 404K, 79% free 1308K/5955K, paused 1ms+1ms
D/dalvikvm( 1155): GC_CONCURRENT freed 378K, 78% free 1324K/5955K, paused 1ms+1ms
D/dalvikvm( 1155): GC_CONCURRENT freed 389K, 78% free 1327K/5955K, paused 1ms+1ms
D/dalvikvm( 1155): GC_CONCURRENT freed 392K, 78% free 1325K/5955K, paused 1ms+1ms
D/dalvikvm( 1155): GC_CONCURRENT freed 401K, 78% free 1313K/5955K, paused 0ms+1ms
D/dalvikvm( 1155): GC_CONCURRENT freed 395K, 78% free 1313K/5955K, paused 0ms+1ms
D/dalvikvm( 1155): GC_CONCURRENT freed 371K, 78% free 1349K/5955K, paused 1ms+1ms
D/dalvikvm( 1155): GC_CONCURRENT freed 427K, 78% free 1321K/5955K, paused 1ms+1ms
D/dalvikvm( 1155): GC_CONCURRENT freed 392K, 78% free 1313K/5955K, paused 1ms+1ms
D/dalvikvm( 1155): GC_CONCURRENT freed 392K, 78% free 1312K/5955K, paused 1ms+1ms
D/dalvikvm( 1155): GC_CONCURRENT freed 373K, 78% free 1352K/5955K, paused 0ms+1ms
D/MiracastControl( 1251): receive addr: 192.168.2.17:47750 msgType: easysetting msgData: action=setnetwork&type=p2p&name=Android_1860&mac=02:90:4c:78:03:ff&state=on
D/MiracastControl( 1251): send addr: 192.168.2.17:47750 msgType: easysetting msgData: state=on&action=setnetwork&result=success&mac=a6:a8:20:13:03:6e&type=p2p&name=tc123
D/WifiStateMachine(  978): gary test mWifiApState = 10
D/CommandListener(  739): Setting iface cfg
D/NetworkManagementService(  978): rsp <213 a4:a8:20:13:03:6e 192.168.43.1 24 [up broadcast running multicast]>
D/NetworkManagementService(  978): flags <[up broadcast running multicast]>
V/EthernetMonitor(  978): get event 
V/EthernetMonitor(  978): go poll events
D/CommandListener(  739): Trying to bring up uap0
D/CommandListener(  739): broadcast flag ignored
I/BootCompletedReceiver( 1155): [onReceive] Action??????android.net.wifi.WIFI_AP_STATE_CHANGED
V/BootCompletedReceiver( 1155): ++++mWifiApState++++10
E/WifiApStateMachine(  978): Error resetting interface uap0, :java.lang.IllegalStateException: Unable to communicate with native daemon to interface setcfg - com.android.server.NativeDaemonConnectorException: Cmd {interface setcfg uap0 0.0.0.0 0 [up broadcast running multicast]} failed with code 501 : {Flag unsupported}
D/Tethering(  978): Untethering uap0
D/Tethering(  978): TetheredState.processMessage what=3
D/dalvikvm( 1155): GC_CONCURRENT freed 428K, 79% free 1308K/5955K, paused 1ms+1ms
D/Tethering(  978): Untethered uap0
D/Tethering(  978): sendTetherStateChangedBroadcast 1, 0, 0
D/Tethering(  978): TetherModeAliveState.processMessage what=2
D/TetherController(  739): Stopping tethering services
I/dnsmasq ( 2672): exiting on receipt of SIGTERM
D/TetherController(  739): Tethering services stopped
D/MiracastControl( 1251): enableWifiP2PMode mIsWifiStaPreEnable:false mIsWifiApPreEnable:true
D/TetherController(  739): Setting IP forward enable = 0
D/WifiP2pService(  978): P2pDisabledState{ what=139265 when=-1ms }
D/WifiP2pService(  978): wait for wifi sta and softap disabled!!
D/Tethering(  978): notifying tethered with iface =null
W/NetworkStats(  978): dropping UID delta from unknown iface: iface=uap0 uid=0 set=DEFAULT tag=0x0 rxBytes=9257 rxPackets=18 txBytes=10069 txPackets=27 operations=0
D/SoftapController(  739): Stopping Softap service
W/hostapd ( 2671): uap0: Could not connect to kernel driver
W/GpsLocationProvider(  978): Failed to enable location provider
D/Tethering(  978): InitialState.processMessage what=4
D/Tethering(  978): sendTetherStateChangedBroadcast 0, 0, 0
V/EthernetMonitor(  978): get event 
V/EthernetMonitor(  978): go poll events
V/EthernetMonitor(  978): get event 
V/EthernetMonitor(  978): go poll events
D/SoftapController(  739): Softap service stopped: 0
D/dalvikvm( 1155): GC_CONCURRENT freed 393K, 79% free 1299K/5955K, paused 1ms+1ms
D/dalvikvm( 1155): GC_CONCURRENT freed 373K, 78% free 1319K/5955K, paused 0ms+1ms
D/dalvikvm( 1155): GC_CONCURRENT freed 396K, 78% free 1317K/5955K, paused 1ms+1ms
D/SoftapController(  739): Softap driver stop: 0
E/WifiHW  (  739): wifi_change_fw_path: STA
D/SoftapController(  739): Softap fwReload - Ok
D/WifiApStateMachine(  978): isDriverShouldRemove = true
D/dalvikvm(  978): GC_CONCURRENT freed 724K, 66% free 3554K/10179K, paused 6ms+5ms
D/WifiStateMachine(  978): gary test mWifiApState = 11
I/BootCompletedReceiver( 1155): [onReceive] Action??????android.net.wifi.WIFI_AP_STATE_CHANGED
V/BootCompletedReceiver( 1155): ++++mWifiApState++++11
D/dalvikvm( 1155): GC_CONCURRENT freed 396K, 79% free 1309K/5955K, paused 1ms+1ms
D/dalvikvm( 1155): GC_CONCURRENT freed 394K, 79% free 1309K/5955K, paused 1ms+1ms
D/WifiP2pService(  978): wifi sta and softap disable!!
D/WifiP2pService(  978): WaitForWifiDisableState
D/WifiP2pService(  978): WaitForWifiDisableState{ what=139271 when=-998ms arg2=9 }
D/WifiP2pService(  978): P2pDisabledState{ what=139271 when=-998ms arg2=9 }
D/WifiP2pService(  978): DefaultState{ what=139271 when=-998ms arg2=9 }
D/WifiP2pManager( 1251): Ignored { what=139267 when=0 }
D/WifiApStateMachine(  978): wifip2pservice p2p_enable_proceed
E/WifiHW  (  739): wifi_change_fw_path: P2P
E/MiracastControl( 1251):  discover fail 2
E/WifiHW  (  739): get_wifi_device_num is 1
D/WifiP2pService(  978): WaitForWifiDisableState{ what=331908 when=0 }
D/WifiHW  (  739): wifi_driver has loaded!
D/SoftapController(  739): Softap fwReload - Ok
D/NetworkManagementService(  978): rsp <213 a6:a8:20:13:03:6e 0.0.0.0 0 [down broadcast multicast]>
D/NetworkManagementService(  978): flags <[down broadcast multicast]>
D/CommandListener(  739): Setting iface cfg
D/CommandListener(  739): Trying to bring down wfd0
D/CommandListener(  739): broadcast flag ignored
D/CommandListener(  739): multicast flag ignored
D/WifiHW  (  978): config_file = /data/misc/wifi/p2p_supplicant.conf
D/WifiHW  (  978): ctl.start daemon_cmd = mrl_supplicant:-iwfd0 -c/data/misc/wifi/p2p_supplicant.conf
D/WifiP2pService(  978): P2pEnablingState
I/wpa_supplicant( 2720): rfkill: Cannot open RFKILL control device
V/EthernetMonitor(  978): get event 
V/EthernetMonitor(  978): go poll events
D/dalvikvm( 1155): GC_CONCURRENT freed 393K, 79% free 1309K/5955K, paused 1ms+1ms
D/WifiP2pService(  978): P2pEnablingState{ what=147457 when=0 }
D/WifiP2pService(  978): P2p start successful
D/WifiP2pService(  978): P2pEnabledState
I/TabletStatusBar( 1142): receiver broadcast
D/MiracastControl( 1251): android.net.wifi.p2p.STATE_CHANGED
I/TabletStatusBar( 1142): the p2pdevices is null or UNAVAILABLE
I/TabletStatusBar( 1142): receiver broadcast
I/TabletStatusBar( 1142): the p2pdevices is null or UNAVAILABLE
D/MiracastControl( 1251): android.net.wifi.p2p.THIS_DEVICE_CHANGED
D/MiracastControl( 1251): P2p This Device Name is : tc123
D/MiracastControl( 1251): current:4 pre:4
D/WifiP2pService(  978): DeviceAddress: a6:a8:20:13:03:6e
D/WifiP2pService(  978): InactiveState
D/MiracastControl( 1251): android.net.wifi.p2p.THIS_DEVICE_CHANGED
D/MiracastControl( 1251): P2p This Device Name is : tc123
D/MiracastControl( 1251): current:3 pre:4
I/TabletStatusBar( 1142): receiver broadcast
I/TabletStatusBar( 1142): the p2pdevices status is :3
D/WifiP2pService(  978): InactiveState{ what=139271 when=0 }
D/WifiP2pService(  978): P2pEnabledState{ what=139271 when=0 }
D/dalvikvm( 1155): GC_CONCURRENT freed 391K, 78% free 1310K/5955K, paused 1ms+1ms
D/dalvikvm( 1155): GC_CONCURRENT freed 391K, 78% free 1318K/5955K, paused 0ms+1ms
D/dalvikvm( 1155): GC_CONCURRENT freed 393K, 78% free 1319K/5955K, paused 0ms+1ms
D/dalvikvm( 1155): GC_CONCURRENT freed 405K, 79% free 1299K/5955K, paused 1ms+1ms
D/dalvikvm( 1155): GC_CONCURRENT freed 375K, 78% free 1322K/5955K, paused 1ms+1ms
D/dalvikvm( 1155): GC_CONCURRENT freed 394K, 78% free 1322K/5955K, paused 1ms+1ms
D/dalvikvm( 1155): GC_CONCURRENT freed 392K, 78% free 1322K/5955K, paused 2ms+1ms
D/dalvikvm( 1155): GC_CONCURRENT freed 393K, 78% free 1322K/5955K, paused 1ms+1ms
D/dalvikvm( 1155): GC_CONCURRENT freed 393K, 78% free 1322K/5955K, paused 1ms+1ms
D/dalvikvm( 1155): GC_CONCURRENT freed 391K, 78% free 1322K/5955K, paused 1ms+1ms
D/dalvikvm( 1155): GC_CONCURRENT freed 392K, 78% free 1322K/5955K, paused 1ms+1ms
D/dalvikvm( 1155): GC_CONCURRENT freed 393K, 78% free 1322K/5955K, paused 1ms+1ms
D/dalvikvm( 1155): GC_CONCURRENT freed 401K, 78% free 1319K/5955K, paused 1ms+1ms
D/dalvikvm( 1155): GC_CONCURRENT freed 396K, 79% free 1309K/5955K, paused 5ms+1ms
D/dalvikvm( 1155): GC_CONCURRENT freed 407K, 77% free 1409K/5955K, paused 1ms+1ms
D/dalvikvm( 1155): GC_CONCURRENT freed 473K, 77% free 1409K/5955K, paused 0ms+1ms
D/dalvikvm( 1155): GC_CONCURRENT freed 485K, 78% free 1320K/5955K, paused 1ms+1ms
D/dalvikvm( 1155): GC_CONCURRENT freed 397K, 78% free 1317K/5955K, paused 1ms+1ms
I/wpa_supplicant( 2720): wfd0: P2P-DEVICE-FOUND 02:90:4c:78:03:ff p2p_dev_addr=02:90:4c:78:03:ff pri_dev_type=10-0050F204-5 name='Android_1860' config_methods=0x188 dev_capab=0x24 group_capab=0x0 wfd_dev_info=0x0000060010216a0014
I/TabletStatusBar( 1142): receiver broadcast
D/MiracastControl( 1251): android.net.wifi.p2p.PEERS_CHANGED
D/WifiP2pService(  978): InactiveState{ what=147477 when=0 obj=Device: Android_1860
D/WifiP2pService(  978):  deviceAddress: 02:90:4c:78:03:ff
D/WifiP2pService(  978):  primary type: 10-0050F204-5
D/WifiP2pService(  978):  secondary type: null
D/WifiP2pService(  978):  wps: 392
D/WifiP2pService(  978):  grpcapab: 0
D/WifiP2pService(  978):  devcapab: 36
D/WifiP2pService(  978):  status: 3
D/WifiP2pService(  978):  wfdInfo: WFD enabled: trueWFD DeviceInfo: 16
D/WifiP2pService(  978):  WFD CtrlPort: 8554
D/WifiP2pService(  978):  WFD MaxThroughput: 20 }
D/WifiP2pService(  978): P2pEnabledState{ what=147477 when=0 obj=Device: Android_1860
D/WifiP2pService(  978):  deviceAddress: 02:90:4c:78:03:ff
D/WifiP2pService(  978):  primary type: 10-0050F204-5
D/WifiP2pService(  978):  secondary type: null
D/WifiP2pService(  978):  wps: 392
D/WifiP2pService(  978):  grpcapab: 0
D/WifiP2pService(  978):  devcapab: 36
D/WifiP2pService(  978):  status: 3
D/WifiP2pService(  978):  wfdInfo: WFD enabled: trueWFD DeviceInfo: 16
D/WifiP2pService(  978):  WFD CtrlPort: 8554
D/WifiP2pService(  978):  WFD MaxThroughput: 20 }
D/WifiP2pService(  978): InactiveState{ what=139286 when=0 arg2=10 }
D/WifiP2pService(  978): P2pEnabledState{ what=139286 when=0 arg2=10 }
D/WifiP2pService(  978): DefaultState{ what=139286 when=0 arg2=10 }
D/dalvikvm( 1155): GC_CONCURRENT freed 394K, 78% free 1318K/5955K, paused 1ms+1ms
D/dalvikvm( 1155): GC_CONCURRENT freed 404K, 78% free 1322K/5955K, paused 1ms+1ms
I/wpa_supplicant( 2720): wfd0: P2P-GO-NEG-REQUEST 02:90:4c:78:03:ff dev_passwd_id=4
D/WifiP2pService(  978): InactiveState{ what=147479 when=-1ms obj=
D/WifiP2pService(  978):  address: 02:90:4c:78:03:ff
D/WifiP2pService(  978):  wps:  setup: 0
D/WifiP2pService(  978):  BSSID: null
D/WifiP2pService(  978):  pin: null
D/WifiP2pService(  978): IP assignment: UNASSIGNED
D/WifiP2pService(  978): Proxy settings: UNASSIGNED
D/WifiP2pService(  978): LinkAddresses: [] Routes: [] DnsAddresses: [] 
D/WifiP2pService(  978): 
D/WifiP2pService(  978):  groupOwnerIntent: 14
D/WifiP2pService(  978):  persist: SYSTEM_DEFAULT
D/WifiP2pService(  978):  freq: 5180 }
D/WifiP2pService(  978): UserAuthorizingGroupNegotiationState
D/dalvikvm( 1155): GC_CONCURRENT freed 392K, 78% free 1322K/5955K, paused 1ms+1ms
D/WifiP2pService(  978): UserAuthorizingGroupNegotiationState{ what=143366 when=0 }
D/WifiP2pService(  978): UserAuthorizingGroupNegotiationState{ what=139274 when=0 obj=
D/WifiP2pService(  978):  address: 02:90:4c:78:03:ff
D/WifiP2pService(  978):  wps:  setup: 0
D/WifiP2pService(  978):  BSSID: null
D/WifiP2pService(  978):  pin: null
D/WifiP2pService(  978): IP assignment: UNASSIGNED
D/WifiP2pService(  978): Proxy settings: UNASSIGNED
D/WifiP2pService(  978): LinkAddresses: [] Routes: [] DnsAddresses: [] 
D/WifiP2pService(  978): 
D/WifiP2pService(  978):  groupOwnerIntent: 14
D/WifiP2pService(  978):  persist: SYSTEM_DEFAULT
D/WifiP2pService(  978):  freq: 5180 }
D/WifiP2pService(  978): InactiveState{ what=139274 when=0 obj=
D/WifiP2pService(  978):  address: 02:90:4c:78:03:ff
D/WifiP2pService(  978):  wps:  setup: 0
D/WifiP2pService(  978):  BSSID: null
D/WifiP2pService(  978):  pin: null
D/WifiP2pService(  978): IP assignment: UNASSIGNED
D/WifiP2pService(  978): Proxy settings: UNASSIGNED
D/WifiP2pService(  978): LinkAddresses: [] Routes: [] DnsAddresses: [] 
D/WifiP2pService(  978): 
D/WifiP2pService(  978):  groupOwnerIntent: 14
D/WifiP2pService(  978):  persist: SYSTEM_DEFAULT
D/WifiP2pService(  978):  freq: 5180 }
D/WifiP2pService(  978): P2pEnabledState{ what=139274 when=-1ms obj=
D/WifiP2pService(  978):  address: 02:90:4c:78:03:ff
D/WifiP2pService(  978):  wps:  setup: 0
D/WifiP2pService(  978):  BSSID: null
D/WifiP2pService(  978):  pin: null
D/WifiP2pService(  978): IP assignment: UNASSIGNED
D/WifiP2pService(  978): Proxy settings: UNASSIGNED
D/WifiP2pService(  978): LinkAddresses: [] Routes: [] DnsAddresses: [] 
D/WifiP2pService(  978): 
D/WifiP2pService(  978):  groupOwnerIntent: 14
D/WifiP2pService(  978):  persist: SYSTEM_DEFAULT
D/WifiP2pService(  978):  freq: 5180 }
D/WifiP2pService(  978): P2pEnabledState sending connect
E/wpa_supplicant( 2720): wpa_driver_nl80211_driver_cmd: failed to issue private commands
E/wpa_supplicant( 2720): ret = -1 (Operation not permitted)
I/WifiNative(  978): when p2pconnect groupOwnerIntent :14; freq :-1
D/WifiNative(  978): P2P_CONNECT 02:90:4c:78:03:ff pbc go_intent=14 
I/TabletStatusBar( 1142): receiver broadcast
D/MiracastControl( 1251): android.net.wifi.p2p.PEERS_CHANGED
D/WifiP2pService(  978): GroupNegotiationState
D/WifiP2pService(  978): GroupNegotiationState{ what=139286 when=0 arg2=11 }
D/WifiP2pService(  978): P2pEnabledState{ what=139286 when=0 arg2=11 }
D/WifiP2pService(  978): DefaultState{ what=139286 when=-1ms arg2=11 }
I/wpa_supplicant( 2720): wfd0: P2P-GO-NEG-SUCCESS 
D/WifiP2pService(  978): GroupNegotiationState{ what=147481 when=0 }
D/WifiP2pService(  978): GroupNegotiationState go success
D/WifiP2pService(  978): GroupNegotiationState{ what=147462 when=0 obj=android.net.wifi.StateChangeResult@415e88d8 }
D/WifiP2pService(  978): P2pEnabledState{ what=147462 when=0 obj=android.net.wifi.StateChangeResult@415e88d8 }
D/WifiP2pService(  978): DefaultState{ what=147462 when=0 obj=android.net.wifi.StateChangeResult@415e88d8 }
E/WifiP2pService(  978): Unhandled message { what=147462 when=0 obj=android.net.wifi.StateChangeResult@415e88d8 }
E/wpa_supplicant( 2720): Failed to create interface m.wfd0: -95 (Operation not supported on transport endpoint)
W/wpa_supplicant( 2720): nl80211: Driver does not support monitor interface type - try to run without it
E/wpa_supplicant( 2720): Failed to update rate sets in kernel module
W/wpa_supplicant( 2720): Could not connect to kernel driver.
E/wpa_supplicant( 2720): Using interface wfd0 with hwaddr a6:a8:20:13:03:6e and ssid 'DIRECT-yy'
D/dalvikvm( 1155): GC_CONCURRENT freed 434K, 78% free 1368K/5955K, paused 0ms+1ms
V/EthernetMonitor(  978): get event 
V/EthernetMonitor(  978): go poll events
E/wpa_supplicant( 2720): Could not set HT capabilities for kernel driver
E/wpa_supplicant( 2720): Failed to set CTS protect in kernel driver
E/wpa_supplicant( 2720): Failed to set Short Slot Time option in kernel driver
E/wpa_supplicant( 2720): Could not set preamble for kernel driver
V/EthernetMonitor(  978): get event 
V/EthernetMonitor(  978): go poll events
I/wpa_supplicant( 2720): wfd0: CTRL-EVENT-CONNECTED - Connection to a6:a8:20:13:03:6e completed (auth) [id=0 id_str=]
E/wpa_supplicant( 2720): Could not set HT capabilities for kernel driver
E/wpa_supplicant( 2720): Failed to set CTS protect in kernel driver
E/wpa_supplicant( 2720): Failed to set Short Slot Time option in kernel driver
E/wpa_supplicant( 2720): Could not set preamble for kernel driver
D/WifiP2pService(  978): GroupNegotiationState{ what=147459 when=-1ms obj=a6:a8:20:13:03:6e }
D/WifiP2pService(  978): P2pEnabledState{ what=147459 when=-1ms obj=a6:a8:20:13:03:6e }
D/WifiP2pService(  978): DefaultState{ what=147459 when=-1ms obj=a6:a8:20:13:03:6e }
E/WifiP2pService(  978): Unhandled message { what=147459 when=-1ms obj=a6:a8:20:13:03:6e }
D/WifiP2pService(  978): GroupNegotiationState{ what=147462 when=-1ms obj=android.net.wifi.StateChangeResult@416265c8 }
D/WifiP2pService(  978): P2pEnabledState{ what=147462 when=-1ms obj=android.net.wifi.StateChangeResult@416265c8 }
D/WifiP2pService(  978): DefaultState{ what=147462 when=-1ms obj=android.net.wifi.StateChangeResult@416265c8 }
E/WifiP2pService(  978): Unhandled message { what=147462 when=-1ms obj=android.net.wifi.StateChangeResult@416265c8 }
D/dalvikvm( 1155): GC_CONCURRENT freed 444K, 78% free 1319K/5955K, paused 1ms+1ms
E/wpa_supplicant( 2720): Could not set HT capabilities for kernel driver
E/wpa_supplicant( 2720): Failed to set CTS protect in kernel driver
E/wpa_supplicant( 2720): Failed to set Short Slot Time option in kernel driver
E/wpa_supplicant( 2720): Could not set preamble for kernel driver
I/wpa_supplicant( 2720): wfd0: CTRL-EVENT-EAP-STARTED 02:90:4c:78:83:ff
I/wpa_supplicant( 2720): wfd0: CTRL-EVENT-EAP-PROPOSED-METHOD vendor=0 method=1
I/wpa_supplicant( 2720): wfd0: CTRL-EVENT-EAP-PROPOSED-METHOD vendor=14122 method=254
D/dalvikvm( 1155): GC_CONCURRENT freed 397K, 76% free 1433K/5955K, paused 1ms+0ms
