D/dalvikvm( 1155): GC_CONCURRENT freed 513K, 78% free 1311K/5955K, paused 1ms+1ms
I/wpa_supplicant( 2720): wfd0: WPS-REG-SUCCESS 02:90:4c:78:83:ff 71a82e02-6182-5d41-b237-604553a1e8e0
I/wpa_supplicant( 2720): wfd0: P2P-GROUP-FORMATION-SUCCESS 
E/wpa_supplicant( 2720): Could not set HT capabilities for kernel driver
E/wpa_supplicant( 2720): Failed to set CTS protect in kernel driver
E/wpa_supplicant( 2720): Failed to set Short Slot Time option in kernel driver
E/wpa_supplicant( 2720): Could not set preamble for kernel driver
I/wpa_supplicant( 2720): wfd0: P2P-GROUP-STARTED wfd0 GO ssid="DIRECT-yy" freq=2437 passphrase="nSbaMeSY" go_dev_addr=a6:a8:20:13:03:6e
D/WifiP2pService(  978): GroupNegotiationState{ what=147483 when=-1ms }
D/WifiP2pService(  978): GroupNegotiationState go success
E/wpa_supplicant( 2720): Could not set HT capabilities for kernel driver
E/wpa_supplicant( 2720): Failed to set CTS protect in kernel driver
E/wpa_supplicant( 2720): Failed to set Short Slot Time option in kernel driver
E/wpa_supplicant( 2720): Could not set preamble for kernel driver
D/WifiP2pService(  978): GroupNegotiationState{ what=147485 when=0 obj=network: "DIRECT-yy"
D/WifiP2pService(  978):  isGO: true
D/WifiP2pService(  978):  GO: Device: 
D/WifiP2pService(  978):  deviceAddress: a6:a8:20:13:03:6e
D/WifiP2pService(  978):  primary type: null
D/WifiP2pService(  978):  secondary type: null
D/WifiP2pService(  978):  wps: 0
D/WifiP2pService(  978):  grpcapab: 0
D/WifiP2pService(  978):  devcapab: 0
D/WifiP2pService(  978):  status: 4
D/WifiP2pService(  978):  wfdInfo: null
D/WifiP2pService(  978):  interface: wfd0 }
D/WifiP2pService(  978): P2pEnabledState{ what=147485 when=-1ms obj=network: "DIRECT-yy"
D/WifiP2pService(  978):  isGO: true
D/WifiP2pService(  978):  GO: Device: 
D/WifiP2pService(  978):  deviceAddress: a6:a8:20:13:03:6e
D/WifiP2pService(  978):  primary type: null
D/WifiP2pService(  978):  secondary type: null
D/WifiP2pService(  978):  wps: 0
D/WifiP2pService(  978):  grpcapab: 0
D/WifiP2pService(  978):  devcapab: 0
D/WifiP2pService(  978):  status: 4
D/WifiP2pService(  978):  wfdInfo: null
D/WifiP2pService(  978):  interface: wfd0 }
D/WifiP2pService(  978): P2pEnabledState group started
D/NetworkManagementService(  978): rsp <213 a6:a8:20:13:03:6e 0.0.0.0 0 [up broadcast running multicast]>
D/NetworkManagementService(  978): flags <[up broadcast running multicast]>
D/CommandListener(  739): Setting iface cfg
D/CommandListener(  739): Trying to bring up wfd0
D/TetherController(  739): Starting tethering services
I/wpa_supplicant( 2720): wfd0: CTRL-EVENT-EAP-FAILURE 02:90:4c:78:83:ff
V/EthernetMonitor(  978): get event 
V/EthernetMonitor(  978): go poll events
D/TetherController(  739): Tethering services running
D/WifiP2pService(  978): Started Dhcp server on wfd0
D/WifiP2pService(  978): GroupCreatedState
D/WifiP2pService(  978): sending p2p connection changed broadcast
I/TabletStatusBar( 1142): receiver broadcast
D/MiracastControl( 1251): android.net.wifi.p2p.THIS_DEVICE_CHANGED
D/MiracastControl( 1251): P2p This Device Name is : tc123
D/MiracastControl( 1251): current:0 pre:3
I/TabletStatusBar( 1142): receiver broadcast
D/MiracastControl( 1251): android.net.wifi.p2p.CONNECTION_STATE_CHANGE
E/wpa_supplicant( 2720): Could not set HT capabilities for kernel driver
E/wpa_supplicant( 2720): Failed to set CTS protect in kernel driver
E/wpa_supplicant( 2720): Failed to set Short Slot Time option in kernel driver
E/wpa_supplicant( 2720): Could not set preamble for kernel driver
I/dnsmasq ( 2723): started, version 2.51 cachesize 150
I/dnsmasq ( 2723): compile time options: no-IPv6 GNU-getopt no-DBus no-I18N DHCP no-scripts no-TFTP
W/dnsmasq ( 2723): warning: no upstream servers configured
I/dnsmasq ( 2723): DHCP, IP range 192.168.49.2 -- 192.168.49.2, lease time 1h
I/dnsmasq ( 2723): read /etc/hosts - 1 addresses
D/dalvikvm( 1155): GC_CONCURRENT freed 393K, 79% free 1310K/5955K, paused 1ms+1ms
D/dalvikvm( 1155): GC_CONCURRENT freed 393K, 79% free 1310K/5955K, paused 1ms+1ms
E/wpa_supplicant( 2720): Could not set HT capabilities for kernel driver
E/wpa_supplicant( 2720): Failed to set CTS protect in kernel driver
E/wpa_supplicant( 2720): Failed to set Short Slot Time option in kernel driver
E/wpa_supplicant( 2720): Could not set preamble for kernel driver
I/wpa_supplicant( 2720): wfd0: AP-STA-CONNECTED 02:90:4c:78:83:ff dev_addr=02:90:4c:78:03:ff
I/wpa_supplicant( 2720): wfd0: AP-STA-CONNECTED 02:90:4c:78:83:ff dev_addr=02:90:4c:78:03:ff
D/WifiP2pService(  978): GroupCreatedState{ what=147498 when=0 obj=02:90:4c:78:83:ff }
D/WifiP2pService(  978): GroupCreatedState ap sta connected
I/TabletStatusBar( 1142): receiver broadcast
D/MiracastControl( 1251): android.net.wifi.p2p.PEERS_CHANGED
D/WifiP2pService(  978): miracst connect 192.168.49.2:8554
D/WifiP2pService(  978): GroupCreatedState{ what=147498 when=-4ms obj=02:90:4c:78:83:ff }
I/TabletStatusBar( 1142): receiver broadcast
D/MiracastControl( 1251): android.net.wifi.p2p.PEERS_CHANGED
D/WifiP2pService(  978): GroupCreatedState ap sta connected
D/WifiP2pService(  978): miracst connect 192.168.49.2:8554
D/WifiP2pService(  978): GroupCreatedState{ what=139286 when=-5ms arg2=12 }
D/WifiP2pService(  978): P2pEnabledState{ what=139286 when=-5ms arg2=12 }
D/WifiP2pService(  978): DefaultState{ what=139286 when=-5ms arg2=12 }
D/WifiP2pService(  978): GroupCreatedState{ what=139286 when=-3ms arg2=13 }
D/WifiP2pService(  978): P2pEnabledState{ what=139286 when=-3ms arg2=13 }
D/WifiP2pService(  978): DefaultState{ what=139286 when=-3ms arg2=13 }
D/dalvikvm( 1155): GC_CONCURRENT freed 407K, 79% free 1304K/5955K, paused 2ms+1ms
D/dalvikvm( 1155): GC_CONCURRENT freed 378K, 78% free 1322K/5955K, paused 1ms+1ms
D/dalvikvm( 1155): GC_CONCURRENT freed 393K, 77% free 1428K/5955K, paused 1ms+1ms
D/dalvikvm( 1155): GC_CONCURRENT freed 513K, 78% free 1323K/5955K, paused 0ms+1ms
D/dalvikvm( 1155): GC_CONCURRENT freed 395K, 78% free 1322K/5955K, paused 1ms+1ms
D/dalvikvm( 1155): GC_CONCURRENT freed 393K, 78% free 1322K/5955K, paused 1ms+1ms
D/dalvikvm( 1155): GC_CONCURRENT freed 404K, 78% free 1319K/5955K, paused 1ms+1ms
D/dalvikvm( 1155): GC_CONCURRENT freed 459K, 79% free 1308K/5955K, paused 0ms+1ms
D/HomePlayerLib( 1155): hostaddress count is 2
D/dalvikvm( 1155): GC_CONCURRENT freed 389K, 78% free 1320K/5955K, paused 1ms+1ms
D/dalvikvm( 1155): GC_CONCURRENT freed 401K, 79% free 1308K/5955K, paused 0ms+1ms
D/dalvikvm( 1155): GC_CONCURRENT freed 389K, 78% free 1321K/5955K, paused 1ms+1ms
D/dalvikvm( 1155): GC_CONCURRENT freed 412K, 79% free 1300K/5955K, paused 1ms+1ms
D/dalvikvm( 1155): GC_CONCURRENT freed 367K, 78% free 1324K/5955K, paused 1ms+1ms
D/dalvikvm( 1155): GC_CONCURRENT freed 391K, 78% free 1326K/5955K, paused 1ms+1ms
D/dalvikvm( 1155): GC_CONCURRENT freed 394K, 78% free 1326K/5955K, paused 1ms+0ms
D/dalvikvm( 1155): GC_CONCURRENT freed 393K, 78% free 1325K/5955K, paused 1ms+1ms
D/dalvikvm( 1155): GC_CONCURRENT freed 392K, 78% free 1326K/5955K, paused 1ms+1ms
D/dalvikvm( 1155): GC_CONCURRENT freed 409K, 77% free 1408K/5955K, paused 1ms+1ms
D/dalvikvm( 1155): GC_CONCURRENT freed 482K, 78% free 1311K/5955K, paused 1ms+0ms
D/dalvikvm( 1155): GC_CONCURRENT freed 393K, 78% free 1313K/5955K, paused 1ms+1ms
D/dalvikvm( 1155): GC_CONCURRENT freed 392K, 78% free 1322K/5955K, paused 1ms+1ms
D/dalvikvm( 1155): GC_CONCURRENT freed 405K, 78% free 1324K/5955K, paused 1ms+1ms
D/dalvikvm( 1155): GC_CONCURRENT freed 391K, 78% free 1326K/5955K, paused 1ms+1ms
D/dalvikvm( 1155): GC_CONCURRENT freed 404K, 78% free 1312K/5955K, paused 1ms+1ms
D/dalvikvm( 1155): GC_CONCURRENT freed 391K, 78% free 1315K/5955K, paused 0ms+1ms
D/dalvikvm( 1155): GC_CONCURRENT freed 400K, 79% free 1304K/5955K, paused 1ms+1ms
I/dnsmasq ( 2723): DHCPDISCOVER(wfd0) 02:90:4c:78:83:ff 
I/dnsmasq ( 2723): DHCPOFFER(wfd0) 192.168.49.2 02:90:4c:78:83:ff 
I/dnsmasq ( 2723): DHCPREQUEST(wfd0) 192.168.49.2 02:90:4c:78:83:ff 
I/dnsmasq ( 2723): DHCPACK(wfd0) 192.168.49.2 02:90:4c:78:83:ff android-1860196aa0422c37
D/dalvikvm( 1155): GC_CONCURRENT freed 381K, 78% free 1321K/5955K, paused 1ms+1ms
D/dalvikvm( 1155): GC_CONCURRENT freed 398K, 78% free 1317K/5955K, paused 1ms+1ms
I/appdemo ( 2726): Debug_Modul_Init,ModulMin:0,ModulMax:70 
I/ServiceManager( 2726): Waiting for service mstar.thirdpartytvmanager...
I/ServiceManager( 2726): Waiting for service mstar.thirdpartytvmanager...
I/ServiceManager( 2726): Waiting for service mstar.thirdpartytvmanager...
D/dalvikvm( 1155): GC_CONCURRENT freed 404K, 79% free 1306K/5955K, paused 1ms+1ms
D/dalvikvm( 1155): GC_CONCURRENT freed 392K, 78% free 1322K/5955K, paused 0ms+1ms
I/ServiceManager( 2726): Waiting for service mstar.thirdpartytvmanager...
D/dalvikvm( 1155): GC_CONCURRENT freed 393K, 78% free 1322K/5955K, paused 1ms+1ms
D/dalvikvm( 1155): GC_CONCURRENT freed 393K, 78% free 1322K/5955K, paused 1ms+1ms
D/dalvikvm( 1155): GC_CONCURRENT freed 393K, 78% free 1322K/5955K, paused 1ms+1ms
D/dalvikvm( 1155): GC_CONCURRENT freed 393K, 78% free 1322K/5955K, paused 1ms+1ms
D/dalvikvm( 1155): GC_CONCURRENT freed 401K, 78% free 1319K/5955K, paused 1ms+1ms
D/dalvikvm( 1155): GC_CONCURRENT freed 396K, 79% free 1309K/5955K, paused 0ms+1ms
D/dalvikvm( 1155): GC_CONCURRENT freed 394K, 79% free 1309K/5955K, paused 1ms+1ms
I/ServiceManager( 2726): Waiting for service mstar.thirdpartytvmanager...
D/dalvikvm( 1155): GC_CONCURRENT freed 394K, 78% free 1318K/5955K, paused 1ms+1ms
D/dalvikvm( 1155): GC_CONCURRENT freed 394K, 78% free 1310K/5955K, paused 1ms+1ms
D/dalvikvm( 1155): GC_CONCURRENT freed 392K, 79% free 1310K/5955K, paused 1ms+1ms
D/dalvikvm( 1155): GC_CONCURRENT freed 392K, 78% free 1310K/5955K, paused 1ms+1ms
D/dalvikvm( 1155): GC_CONCURRENT freed 393K, 78% free 1319K/5955K, paused 1ms+1ms
D/dalvikvm( 1155): GC_CONCURRENT freed 404K, 79% free 1299K/5955K, paused 1ms+0ms
D/dalvikvm( 1155): GC_CONCURRENT freed 380K, 78% free 1323K/5955K, paused 1ms+1ms
D/dalvikvm( 1155): GC_CONCURRENT freed 394K, 78% free 1321K/5955K, paused 0ms+1ms
D/dalvikvm( 1155): GC_CONCURRENT freed 393K, 77% free 1428K/5955K, paused 1ms+1ms
D/dalvikvm( 1155): GC_CONCURRENT freed 501K, 78% free 1311K/5955K, paused 1ms+1ms
I/ServiceManager( 2726): Waiting for service mstar.thirdpartytvmanager...
D/dalvikvm( 1155): GC_CONCURRENT freed 394K, 78% free 1319K/5955K, paused 1ms+1ms
D/dalvikvm( 1155): GC_CONCURRENT freed 404K, 79% free 1299K/5955K, paused 1ms+1ms
D/dalvikvm( 1155): GC_CONCURRENT freed 378K, 78% free 1323K/5955K, paused 0ms+0ms
D/dalvikvm( 1155): GC_CONCURRENT freed 394K, 78% free 1322K/5955K, paused 1ms+1ms
D/dalvikvm( 1155): GC_CONCURRENT freed 394K, 78% free 1322K/5955K, paused 1ms+1ms
D/dalvikvm( 1155): GC_CONCURRENT freed 393K, 78% free 1322K/5955K, paused 1ms+1ms
I/ServiceManager( 2726): Waiting for service mstar.thirdpartytvmanager...
D/dalvikvm( 1155): GC_CONCURRENT freed 393K, 78% free 1322K/5955K, paused 1ms+1ms
D/dalvikvm( 1155): GC_CONCURRENT freed 393K, 78% free 1322K/5955K, paused 1ms+1ms
I/ServiceManager( 2726): Waiting for service mstar.thirdpartytvmanager...
I/ServiceManager( 2726): Waiting for service mstar.thirdpartytvmanager...
D/dalvikvm( 1155): GC_CONCURRENT freed 404K, 79% free 1308K/5955K, paused 0ms+1ms
D/HomePlayerLib( 1155): hostaddress count is 2
D/dalvikvm( 1155): GC_CONCURRENT freed 394K, 78% free 1319K/5955K, paused 1ms+1ms
D/dalvikvm( 1155): GC_CONCURRENT freed 404K, 79% free 1308K/5955K, paused 1ms+1ms
D/dalvikvm( 1155): GC_CONCURRENT freed 378K, 78% free 1324K/5955K, paused 1ms+1ms
D/dalvikvm( 1155): GC_CONCURRENT freed 390K, 78% free 1326K/5955K, paused 0ms+1ms
D/dalvikvm( 1155): GC_CONCURRENT freed 392K, 78% free 1325K/5955K, paused 0ms+1ms
D/dalvikvm( 1155): GC_CONCURRENT freed 391K, 78% free 1326K/5955K, paused 0ms+1ms
D/dalvikvm( 1155): GC_CONCURRENT freed 389K, 77% free 1371K/5955K, paused 1ms+1ms
D/dalvikvm( 1155): GC_CONCURRENT freed 440K, 76% free 1443K/5955K, paused 1ms+1ms
I/ServiceManager( 2726): Waiting for service mstar.thirdpartytvmanager...
D/dalvikvm( 1155): GC_CONCURRENT freed 498K, 78% free 1339K/5955K, paused 1ms+1ms
D/dalvikvm( 1155): GC_CONCURRENT freed 394K, 78% free 1331K/5955K, paused 1ms+1ms
D/dalvikvm( 1155): GC_CONCURRENT freed 407K, 78% free 1333K/5955K, paused 1ms+1ms
D/dalvikvm( 1155): GC_CONCURRENT freed 392K, 78% free 1335K/5955K, paused 1ms+1ms
D/dalvikvm( 1155): GC_CONCURRENT freed 392K, 78% free 1336K/5955K, paused 1ms+1ms
D/dalvikvm( 1155): GC_CONCURRENT freed 393K, 77% free 1397K/5955K, paused 0ms+1ms
D/dalvikvm( 1155): GC_CONCURRENT freed 454K, 78% free 1338K/5955K, paused 1ms+0ms
D/dalvikvm( 1155): GC_CONCURRENT freed 396K, 78% free 1333K/5955K, paused 1ms+1ms
D/dalvikvm( 1155): GC_CONCURRENT freed 392K, 78% free 1335K/5955K, paused 1ms+1ms
D/dalvikvm( 1155): GC_CONCURRENT freed 393K, 78% free 1335K/5955K, paused 1ms+1ms
D/dalvikvm( 1155): GC_CONCURRENT freed 406K, 76% free 1439K/5955K, paused 1ms+1ms
I/ServiceManager( 2726): Waiting for service mstar.thirdpartytvmanager...
D/dalvikvm( 1155): GC_CONCURRENT freed 514K, 79% free 1310K/5955K, paused 0ms+1ms
D/dalvikvm( 1155): GC_CONCURRENT freed 378K, 78% free 1331K/5955K, paused 1ms+1ms
D/dalvikvm( 1155): GC_CONCURRENT freed 394K, 78% free 1331K/5955K, paused 1ms+1ms
D/dalvikvm( 1155): GC_CONCURRENT freed 392K, 78% free 1331K/5955K, paused 1ms+1ms
I/ServiceManager( 2726): Waiting for service mstar.thirdpartytvmanager...
D/dalvikvm( 1155): GC_CONCURRENT freed 392K, 78% free 1331K/5955K, paused 1ms+1ms
D/dalvikvm( 1155): GC_CONCURRENT freed 393K, 78% free 1331K/5955K, paused 1ms+1ms
D/dalvikvm( 1155): GC_CONCURRENT freed 392K, 78% free 1331K/5955K, paused 1ms+1ms
D/dalvikvm( 1155): GC_CONCURRENT freed 403K, 78% free 1335K/5955K, paused 1ms+0ms
D/HomePlayerLib( 1155): hostaddress count is 2
D/dalvikvm( 1155): GC_CONCURRENT freed 379K, 78% free 1357K/5955K, paused 1ms+1ms
D/dalvikvm( 1155): GC_CONCURRENT freed 417K, 77% free 1403K/5955K, paused 1ms+1ms
D/dalvikvm( 1155): GC_CONCURRENT freed 477K, 78% free 1327K/5955K, paused 1ms+1ms
D/dalvikvm( 1155): GC_CONCURRENT freed 378K, 78% free 1334K/5955K, paused 1ms+1ms
D/dalvikvm( 1155): GC_CONCURRENT freed 391K, 78% free 1336K/5955K, paused 1ms+1ms
D/dalvikvm( 1155): GC_CONCURRENT freed 392K, 78% free 1336K/5955K, paused 1ms+1ms
D/dalvikvm( 1155): GC_CONCURRENT freed 402K, 78% free 1323K/5955K, paused 1ms+1ms
D/dalvikvm( 1155): GC_CONCURRENT freed 375K, 78% free 1361K/5955K, paused 0ms+1ms
I/ServiceManager( 2726): Waiting for service mstar.thirdpartytvmanager...
D/dalvikvm( 1155): GC_CONCURRENT freed 424K, 78% free 1336K/5955K, paused 1ms+1ms
D/dalvikvm( 1155): GC_CONCURRENT freed 390K, 78% free 1332K/5955K, paused 1ms+1ms
D/dalvikvm( 1155): GC_CONCURRENT freed 407K, 78% free 1334K/5955K, paused 1ms+1ms
D/dalvikvm( 1155): GC_CONCURRENT freed 392K, 78% free 1336K/5955K, paused 1ms+1ms
D/dalvikvm( 1155): GC_CONCURRENT freed 393K, 78% free 1336K/5955K, paused 1ms+1ms
D/dalvikvm( 1155): GC_CONCURRENT freed 393K, 78% free 1336K/5955K, paused 0ms+1ms
D/dalvikvm( 1155): GC_CONCURRENT freed 401K, 76% free 1446K/5955K, paused 1ms+1ms
D/dalvikvm( 1155): GC_CONCURRENT freed 515K, 77% free 1390K/5955K, paused 1ms+1ms
D/dalvikvm( 1155): GC_CONCURRENT freed 448K, 77% free 1380K/5955K, paused 1ms+1ms
I/ServiceManager( 2726): Waiting for service mstar.thirdpartytvmanager...
D/dalvikvm( 1155): GC_CONCURRENT freed 454K, 78% free 1331K/5955K, paused 1ms+1ms
D/dalvikvm( 1155): GC_CONCURRENT freed 397K, 78% free 1327K/5955K, paused 1ms+1ms
D/dalvikvm( 1155): GC_CONCURRENT freed 394K, 78% free 1319K/5955K, paused 1ms+1ms
D/dalvikvm( 1155): GC_CONCURRENT freed 403K, 78% free 1311K/5955K, paused 1ms+1ms
D/dalvikvm( 1155): GC_CONCURRENT freed 394K, 78% free 1310K/5955K, paused 1ms+1ms
D/dalvikvm( 1155): GC_CONCURRENT freed 393K, 78% free 1319K/5955K, paused 1ms+1ms
D/dalvikvm( 1155): GC_CONCURRENT freed 393K, 78% free 1319K/5955K, paused 1ms+1ms
I/ServiceManager( 2726): Waiting for service mstar.thirdpartytvmanager...
D/dalvikvm( 1155): GC_CONCURRENT freed 393K, 78% free 1311K/5955K, paused 1ms+1ms
D/dalvikvm( 1155): GC_CONCURRENT freed 398K, 79% free 1300K/5955K, paused 1ms+1ms
D/dalvikvm( 1155): GC_CONCURRENT freed 382K, 78% free 1324K/5955K, paused 1ms+2ms
D/dalvikvm( 1155): GC_CONCURRENT freed 396K, 78% free 1322K/5955K, paused 1ms+1ms
D/dalvikvm( 1155): GC_CONCURRENT freed 394K, 78% free 1322K/5955K, paused 1ms+1ms
D/dalvikvm( 1155): GC_CONCURRENT freed 394K, 78% free 1322K/5955K, paused 1ms+1ms
D/dalvikvm( 1155): GC_CONCURRENT freed 393K, 78% free 1322K/5955K, paused 1ms+1ms
E/dapi_getservice( 2726):  Get ThirdPartyTvManager Fail 
I/ServiceManager( 2726): Waiting for service mstar.dmxmanager...
D/dalvikvm( 1155): GC_CONCURRENT freed 392K, 78% free 1322K/5955K, paused 0ms+1ms
D/dalvikvm( 1155): GC_CONCURRENT freed 392K, 78% free 1323K/5955K, paused 1ms+1ms
D/dalvikvm( 1155): GC_CONCURRENT freed 393K, 78% free 1323K/5955K, paused 1ms+1ms
D/dalvikvm( 1155): GC_CONCURRENT freed 404K, 78% free 1319K/5955K, paused 1ms+1ms
D/dalvikvm( 1155): GC_CONCURRENT freed 396K, 78% free 1318K/5955K, paused 0ms+1ms
D/dalvikvm( 1155): GC_CONCURRENT freed 405K, 79% free 1306K/5955K, paused 1ms+0ms
I/ServiceManager( 2726): Waiting for service mstar.dmxmanager...
D/dalvikvm( 1155): GC_CONCURRENT freed 393K, 78% free 1322K/5955K, paused 0ms+1ms
D/dalvikvm( 1155): GC_CONCURRENT freed 393K, 78% free 1322K/5955K, paused 1ms+1ms
D/dalvikvm( 1155): GC_CONCURRENT freed 393K, 78% free 1322K/5955K, paused 1ms+1ms
D/dalvikvm( 1155): GC_CONCURRENT freed 393K, 78% free 1323K/5955K, paused 1ms+1ms
D/dalvikvm( 1155): GC_CONCURRENT freed 393K, 78% free 1323K/5955K, paused 0ms+1ms
D/dalvikvm( 1155): GC_CONCURRENT freed 401K, 78% free 1320K/5955K, paused 1ms+1ms
D/dalvikvm( 1155): GC_CONCURRENT freed 396K, 78% free 1318K/5955K, paused 0ms+1ms
I/ServiceManager( 2726): Waiting for service mstar.dmxmanager...
D/dalvikvm( 1155): GC_CONCURRENT freed 394K, 78% free 1318K/5955K, paused 1ms+1ms
D/dalvikvm( 1155): GC_CONCURRENT freed 394K, 78% free 1318K/5955K, paused 1ms+1ms
D/dalvikvm( 1155): GC_CONCURRENT freed 393K, 78% free 1310K/5955K, paused 1ms+1ms
D/dalvikvm( 1155): GC_CONCURRENT freed 389K, 78% free 1321K/5955K, paused 1ms+0ms
I/ServiceManager( 2726): Waiting for service mstar.dmxmanager...
I/ServiceManager( 2726): Waiting for service mstar.dmxmanager...
D/dalvikvm( 1155): GC_CONCURRENT freed 401K, 79% free 1308K/5955K, paused 1ms+1ms
D/HomePlayerLib( 1155): hostaddress count is 2
D/dalvikvm( 1155): GC_CONCURRENT freed 394K, 78% free 1320K/5955K, paused 1ms+1ms
D/dalvikvm( 1155): GC_CONCURRENT freed 404K, 79% free 1309K/5955K, paused 1ms+1ms
D/dalvikvm( 1155): GC_CONCURRENT freed 378K, 78% free 1324K/5955K, paused 1ms+1ms
D/dalvikvm( 1155): GC_CONCURRENT freed 390K, 78% free 1326K/5955K, paused 1ms+1ms
D/dalvikvm( 1155): GC_CONCURRENT freed 402K, 78% free 1348K/5955K, paused 1ms+1ms
D/dalvikvm( 1155): GC_CONCURRENT freed 423K, 78% free 1325K/5955K, paused 1ms+1ms
D/dalvikvm( 1155): GC_CONCURRENT freed 397K, 76% free 1446K/5955K, paused 1ms+1ms
D/dalvikvm( 1155): GC_CONCURRENT freed 520K, 78% free 1340K/5955K, paused 1ms+1ms
D/dalvikvm( 1155): GC_CONCURRENT freed 404K, 78% free 1323K/5955K, paused 0ms+1ms
D/dalvikvm( 1155): GC_CONCURRENT freed 407K, 78% free 1325K/5955K, paused 0ms+1ms
D/dalvikvm( 1155): GC_CONCURRENT freed 392K, 77% free 1372K/5955K, paused 0ms+1ms
I/ServiceManager( 2726): Waiting for service mstar.dmxmanager...
D/dalvikvm( 1155): GC_CONCURRENT freed 443K, 78% free 1327K/5955K, paused 1ms+1ms
D/dalvikvm( 1155): GC_CONCURRENT freed 391K, 78% free 1326K/5955K, paused 1ms+1ms
D/dalvikvm( 1155): GC_CONCURRENT freed 408K, 79% free 1302K/5955K, paused 1ms+1ms
D/dalvikvm( 1155): GC_CONCURRENT freed 373K, 78% free 1315K/5955K, paused 1ms+1ms
D/dalvikvm( 1155): GC_CONCURRENT freed 397K, 78% free 1314K/5955K, paused 0ms+1ms
D/dalvikvm( 1155): GC_CONCURRENT freed 394K, 78% free 1315K/5955K, paused 1ms+1ms
D/dalvikvm( 1155): GC_CONCURRENT freed 378K, 78% free 1324K/5955K, paused 1ms+1ms
D/dalvikvm( 1155): GC_CONCURRENT freed 395K, 78% free 1323K/5955K, paused 1ms+1ms
I/ServiceManager( 2726): Waiting for service mstar.dmxmanager...
I/ServiceManager( 2726): Waiting for service mstar.dmxmanager...
I/ServiceManager( 2726): Waiting for service mstar.dmxmanager...
D/dalvikvm( 1155): GC_CONCURRENT freed 392K, 78% free 1328K/5955K, paused 0ms+1ms
D/dalvikvm( 1155): GC_CONCURRENT freed 402K, 78% free 1319K/5955K, paused 1ms+1ms
D/dalvikvm( 1155): GC_CONCURRENT freed 396K, 78% free 1318K/5955K, paused 1ms+1ms
D/dalvikvm( 1155): GC_CONCURRENT freed 394K, 78% free 1318K/5955K, paused 1ms+1ms
D/dalvikvm( 1155): GC_CONCURRENT freed 393K, 78% free 1310K/5955K, paused 1ms+1ms
I/ServiceManager( 2726): Waiting for service mstar.dmxmanager...
D/dalvikvm( 1155): GC_CONCURRENT freed 392K, 78% free 1318K/5955K, paused 1ms+1ms
D/dalvikvm( 1155): GC_CONCURRENT freed 405K, 78% free 1322K/5955K, paused 1ms+1ms
D/dalvikvm( 1155): GC_CONCURRENT freed 393K, 78% free 1323K/5955K, paused 1ms+1ms
D/dalvikvm( 1155): GC_CONCURRENT freed 393K, 78% free 1323K/5955K, paused 1ms+1ms
D/dalvikvm( 1155): GC_CONCURRENT freed 404K, 78% free 1319K/5955K, paused 1ms+1ms
D/dalvikvm( 1155): GC_CONCURRENT freed 395K, 78% free 1318K/5955K, paused 1ms+1ms
D/dalvikvm( 1155): GC_CONCURRENT freed 393K, 78% free 1318K/5955K, paused 1ms+1ms
D/dalvikvm( 1155): GC_CONCURRENT freed 393K, 78% free 1310K/5955K, paused 1ms+1ms
D/dalvikvm( 1155): GC_CONCURRENT freed 393K, 78% free 1318K/5955K, paused 1ms+1ms
I/ServiceManager( 2726): Waiting for service mstar.dmxmanager...
D/dalvikvm( 1155): GC_CONCURRENT freed 393K, 78% free 1319K/5955K, paused 1ms+1ms
D/dalvikvm( 1155): GC_CONCURRENT freed 393K, 78% free 1319K/5955K, paused 0ms+1ms
D/dalvikvm( 1155): GC_CONCURRENT freed 404K, 78% free 1323K/5955K, paused 1ms+1ms
D/dalvikvm( 1155): GC_CONCURRENT freed 403K, 78% free 1319K/5955K, paused 0ms+1ms
I/ServiceManager( 2726): Waiting for service mstar.dmxmanager...
D/dalvikvm( 1155): GC_CONCURRENT freed 396K, 79% free 1309K/5955K, paused 1ms+1ms
D/dalvikvm( 1155): GC_CONCURRENT freed 394K, 79% free 1310K/5955K, paused 0ms+1ms
D/dalvikvm( 1155): GC_CONCURRENT freed 394K, 78% free 1310K/5955K, paused 1ms+1ms
D/dalvikvm( 1155): GC_CONCURRENT freed 392K, 78% free 1310K/5955K, paused 1ms+1ms
D/dalvikvm( 1155): GC_CONCURRENT freed 392K, 78% free 1319K/5955K, paused 0ms+1ms
D/dalvikvm( 1155): GC_CONCURRENT freed 393K, 78% free 1311K/5955K, paused 1ms+1ms
D/dalvikvm( 1155): GC_CONCURRENT freed 393K, 78% free 1319K/5955K, paused 1ms+1ms
I/ServiceManager( 2726): Waiting for service mstar.dmxmanager...
D/dalvikvm( 1155): GC_CONCURRENT freed 404K, 79% free 1299K/5955K, paused 1ms+1ms
I/ServiceManager( 2726): Waiting for service mstar.dmxmanager...
I/ServiceManager( 2726): Waiting for service mstar.dmxmanager...
D/dalvikvm( 1155): GC_CONCURRENT freed 378K, 78% free 1323K/5955K, paused 1ms+1ms
D/dalvikvm( 1155): GC_CONCURRENT freed 394K, 78% free 1322K/5955K, paused 1ms+1ms
D/dalvikvm( 1155): GC_CONCURRENT freed 394K, 78% free 1322K/5955K, paused 1ms+1ms
D/dalvikvm( 1155): GC_CONCURRENT freed 393K, 78% free 1322K/5955K, paused 1ms+1ms
D/dalvikvm( 1155): GC_CONCURRENT freed 391K, 78% free 1322K/5955K, paused 1ms+1ms
E/dapi_getservice( 2726):  Get DmxManager Fail 
I/ServiceManager( 2726): Waiting for service mstar.scmanager...
D/dalvikvm( 1155): GC_CONCURRENT freed 392K, 78% free 1322K/5955K, paused 1ms+0ms
D/dalvikvm( 1155): GC_CONCURRENT freed 395K, 76% free 1443K/5955K, paused 1ms+1ms
D/HomePlayerLib( 1155): hostaddress count is 2
D/dalvikvm( 1155): GC_CONCURRENT freed 530K, 78% free 1317K/5955K, paused 1ms+1ms
D/dalvikvm( 1155): GC_CONCURRENT freed 388K, 78% free 1320K/5955K, paused 1ms+1ms
D/dalvikvm( 1155): GC_CONCURRENT freed 403K, 79% free 1309K/5955K, paused 1ms+1ms
D/dalvikvm( 1155): GC_CONCURRENT freed 382K, 77% free 1381K/5955K, paused 1ms+1ms
D/dalvikvm( 1155): GC_CONCURRENT freed 451K, 78% free 1353K/5955K, paused 1ms+1ms
D/dalvikvm( 1155): GC_CONCURRENT freed 416K, 78% free 1327K/5955K, paused 1ms+1ms
D/dalvikvm( 1155): GC_CONCURRENT freed 409K, 78% free 1327K/5955K, paused 1ms+1ms
D/dalvikvm( 1155): GC_CONCURRENT freed 402K, 76% free 1454K/5955K, paused 1ms+1ms
D/dalvikvm( 1155): GC_CONCURRENT freed 593K, 78% free 1321K/5955K, paused 0ms+1ms
D/dalvikvm( 1155): GC_CONCURRENT freed 382K, 78% free 1324K/5955K, paused 1ms+1ms
D/dalvikvm( 1155): GC_CONCURRENT freed 390K, 78% free 1326K/5955K, paused 1ms+1ms
D/dalvikvm( 1155): GC_CONCURRENT freed 393K, 78% free 1325K/5955K, paused 0ms+1ms
I/ServiceManager( 2726): Waiting for service mstar.scmanager...
D/dalvikvm( 1155): GC_CONCURRENT freed 392K, 77% free 1413K/5955K, paused 1ms+1ms
D/dalvikvm( 1155): GC_CONCURRENT freed 496K, 78% free 1311K/5955K, paused 0ms+1ms
D/dalvikvm( 1155): GC_CONCURRENT freed 396K, 78% free 1319K/5955K, paused 1ms+1ms
D/dalvikvm( 1155): GC_CONCURRENT freed 396K, 79% free 1309K/5955K, paused 1ms+1ms
D/dalvikvm( 1155): GC_CONCURRENT freed 392K, 79% free 1309K/5955K, paused 1ms+1ms
D/dalvikvm( 1155): GC_CONCURRENT freed 392K, 78% free 1318K/5955K, paused 0ms+1ms
D/dalvikvm( 1155): GC_CONCURRENT freed 393K, 79% free 1310K/5955K, paused 1ms+1ms
I/ServiceManager( 2726): Waiting for service mstar.scmanager...
D/dalvikvm( 1155): GC_CONCURRENT freed 393K, 78% free 1319K/5955K, paused 1ms+1ms
D/dalvikvm( 1155): GC_CONCURRENT freed 393K, 78% free 1310K/5955K, paused 1ms+1ms
I/ServiceManager( 2726): Waiting for service mstar.scmanager...
D/dalvikvm( 1155): GC_CONCURRENT freed 398K, 79% free 1298K/5955K, paused 1ms+1ms
D/dalvikvm( 1155): GC_CONCURRENT freed 381K, 78% free 1324K/5955K, paused 0ms+1ms
D/dalvikvm( 1155): GC_CONCURRENT freed 396K, 78% free 1322K/5955K, paused 0ms+1ms
D/dalvikvm( 1155): GC_CONCURRENT freed 394K, 78% free 1322K/5955K, paused 1ms+1ms
D/dalvikvm( 1155): GC_CONCURRENT freed 393K, 78% free 1322K/5955K, paused 1ms+1ms
I/ServiceManager( 2726): Waiting for service mstar.scmanager...
D/dalvikvm( 1155): GC_CONCURRENT freed 393K, 78% free 1322K/5955K, paused 0ms+1ms
D/dalvikvm( 1155): GC_CONCURRENT freed 392K, 78% free 1364K/5955K, paused 1ms+1ms
D/dalvikvm( 1155): GC_CONCURRENT freed 432K, 78% free 1323K/5955K, paused 1ms+1ms
D/dalvikvm( 1155): GC_CONCURRENT freed 404K, 78% free 1319K/5955K, paused 1ms+1ms
D/dalvikvm( 1155): GC_CONCURRENT freed 396K, 78% free 1318K/5955K, paused 0ms+1ms
D/dalvikvm( 1155): GC_CONCURRENT freed 394K, 78% free 1318K/5955K, paused 1ms+1ms
I/ServiceManager( 2726): Waiting for service mstar.scmanager...
D/dalvikvm( 1155): GC_CONCURRENT freed 405K, 78% free 1322K/5955K, paused 1ms+1ms
D/dalvikvm( 1155): GC_CONCURRENT freed 392K, 78% free 1322K/5955K, paused 1ms+1ms
D/dalvikvm( 1155): GC_CONCURRENT freed 393K, 78% free 1323K/5955K, paused 1ms+1ms
D/dalvikvm( 1155): GC_CONCURRENT freed 393K, 78% free 1323K/5955K, paused 1ms+1ms
D/dalvikvm( 1155): GC_CONCURRENT freed 393K, 78% free 1323K/5955K, paused 1ms+0ms
I/ServiceManager( 2726): Waiting for service mstar.scmanager...
D/dalvikvm( 1155): GC_CONCURRENT freed 400K, 78% free 1322K/5955K, paused 1ms+1ms
D/dalvikvm( 1155): GC_CONCURRENT freed 420K, 79% free 1310K/5955K, paused 1ms+1ms
D/dalvikvm( 1155): GC_CONCURRENT freed 392K, 78% free 1310K/5955K, paused 1ms+1ms
I/ServiceManager( 2726): Waiting for service mstar.scmanager...
D/dalvikvm( 1155): GC_CONCURRENT freed 393K, 79% free 1310K/5955K, paused 1ms+1ms
D/dalvikvm( 1155): GC_CONCURRENT freed 393K, 78% free 1319K/5955K, paused 1ms+1ms
D/dalvikvm( 1155): GC_CONCURRENT freed 393K, 78% free 1311K/5955K, paused 1ms+1ms
D/dalvikvm( 1155): GC_CONCURRENT freed 393K, 78% free 1319K/5955K, paused 1ms+1ms
D/dalvikvm( 1155): GC_CONCURRENT freed 404K, 79% free 1299K/5955K, paused 1ms+1ms
D/dalvikvm( 1155): GC_CONCURRENT freed 377K, 78% free 1323K/5955K, paused 1ms+2ms
D/dalvikvm( 1155): GC_CONCURRENT freed 395K, 78% free 1322K/5955K, paused 1ms+1ms
I/ServiceManager( 2726): Waiting for service mstar.scmanager...
D/dalvikvm( 1155): GC_CONCURRENT freed 394K, 78% free 1322K/5955K, paused 1ms+1ms
D/dalvikvm( 1155): GC_CONCURRENT freed 394K, 78% free 1322K/5955K, paused 1ms+1ms
I/ServiceManager( 2726): Waiting for service mstar.scmanager...
I/ServiceManager( 2726): Waiting for service mstar.scmanager...
D/dalvikvm( 1155): GC_CONCURRENT freed 404K, 79% free 1308K/5955K, paused 0ms+1ms
D/HomePlayerLib( 1155): hostaddress count is 2
D/dalvikvm( 1155): GC_CONCURRENT freed 427K, 78% free 1321K/5955K, paused 1ms+1ms
D/dalvikvm( 1155): GC_CONCURRENT freed 410K, 79% free 1308K/5955K, paused 1ms+0ms
D/dalvikvm( 1155): GC_CONCURRENT freed 379K, 78% free 1324K/5955K, paused 1ms+1ms
D/dalvikvm( 1155): GC_CONCURRENT freed 390K, 78% free 1326K/5955K, paused 0ms+1ms
D/dalvikvm( 1155): GC_CONCURRENT freed 395K, 78% free 1316K/5955K, paused 1ms+1ms
D/dalvikvm( 1155): GC_CONCURRENT freed 398K, 78% free 1327K/5955K, paused 1ms+1ms
D/dalvikvm( 1155): GC_CONCURRENT freed 401K, 78% free 1311K/5955K, paused 1ms+1ms
D/dalvikvm( 1155): GC_CONCURRENT freed 376K, 78% free 1325K/5955K, paused 1ms+1ms
I/ServiceManager( 2726): Waiting for service mstar.scmanager...
D/dalvikvm( 1155): GC_CONCURRENT freed 391K, 78% free 1327K/5955K, paused 0ms+1ms
D/dalvikvm( 1155): GC_CONCURRENT freed 401K, 78% free 1320K/5955K, paused 1ms+1ms
D/dalvikvm( 1155): GC_CONCURRENT freed 382K, 78% free 1324K/5955K, paused 1ms+1ms
D/dalvikvm( 1155): GC_CONCURRENT freed 394K, 78% free 1325K/5955K, paused 1ms+1ms
D/dalvikvm( 1155): GC_CONCURRENT freed 391K, 78% free 1326K/5955K, paused 0ms+1ms
D/dalvikvm( 1155): GC_CONCURRENT freed 393K, 78% free 1325K/5955K, paused 1ms+0ms
D/dalvikvm( 1155): GC_CONCURRENT freed 391K, 78% free 1326K/5955K, paused 1ms+1ms
D/dalvikvm( 1155): GC_CONCURRENT freed 393K, 78% free 1325K/5955K, paused 1ms+1ms
D/dalvikvm( 1155): GC_CONCURRENT freed 392K, 78% free 1327K/5955K, paused 1ms+1ms
D/dalvikvm( 1155): GC_CONCURRENT freed 393K, 78% free 1327K/5955K, paused 0ms+1ms
I/ServiceManager( 2726): Waiting for service mstar.scmanager...
D/dalvikvm( 1155): GC_CONCURRENT freed 409K, 79% free 1303K/5955K, paused 1ms+1ms
I/ServiceManager( 2726): Waiting for service mstar.scmanager...
D/dalvikvm( 1155): GC_CONCURRENT freed 376K, 78% free 1322K/5955K, paused 1ms+1ms
D/dalvikvm( 1155): GC_CONCURRENT freed 393K, 78% free 1322K/5955K, paused 1ms+1ms
D/dalvikvm( 1155): GC_CONCURRENT freed 394K, 78% free 1322K/5955K, paused 1ms+1ms
D/dalvikvm( 1155): GC_CONCURRENT freed 393K, 78% free 1322K/5955K, paused 1ms+1ms
D/dalvikvm( 1155): GC_CONCURRENT freed 393K, 78% free 1322K/5955K, paused 0ms+1ms
D/dalvikvm( 1155): GC_CONCURRENT freed 393K, 78% free 1322K/5955K, paused 1ms+1ms
I/ServiceManager( 2726): Waiting for service mstar.scmanager...
E/dapi_getservice( 2726):  Get ScManager Fail 
I/ServiceManager( 2726): Waiting for service mstar.PictureManager...
D/dalvikvm( 1155): GC_CONCURRENT freed 392K, 78% free 1323K/5955K, paused 1ms+1ms
D/dalvikvm( 1155): GC_CONCURRENT freed 392K, 78% free 1328K/5955K, paused 1ms+1ms
D/dalvikvm( 1155): GC_CONCURRENT freed 404K, 78% free 1320K/5955K, paused 1ms+1ms
D/dalvikvm( 1155): GC_CONCURRENT freed 397K, 79% free 1309K/5955K, paused 0ms+1ms
D/dalvikvm( 1155): GC_CONCURRENT freed 394K, 79% free 1309K/5955K, paused 1ms+1ms
D/dalvikvm( 1155): GC_CONCURRENT freed 392K, 78% free 1318K/5955K, paused 1ms+1ms
I/ServiceManager( 2726): Waiting for service mstar.PictureManager...
D/dalvikvm( 1155): GC_CONCURRENT freed 405K, 78% free 1322K/5955K, paused 1ms+0ms
D/dalvikvm( 1155): GC_CONCURRENT freed 393K, 78% free 1322K/5955K, paused 1ms+1ms
D/dalvikvm( 1155): GC_CONCURRENT freed 393K, 78% free 1323K/5955K, paused 1ms+1ms
D/dalvikvm( 1155): GC_CONCURRENT freed 393K, 78% free 1323K/5955K, paused 0ms+1ms
I/ServiceManager( 2726): Waiting for service mstar.PictureManager...
I/ServiceManager( 2726): Waiting for service mstar.PictureManager...
D/dalvikvm( 1155): GC_CONCURRENT freed 403K, 78% free 1319K/5955K, paused 0ms+1ms
D/dalvikvm( 1155): GC_CONCURRENT freed 395K, 79% free 1309K/5955K, paused 0ms+1ms
D/dalvikvm( 1155): GC_CONCURRENT freed 393K, 79% free 1310K/5955K, paused 1ms+0ms
D/dalvikvm( 1155): GC_CONCURRENT freed 393K, 79% free 1310K/5955K, paused 1ms+1ms
D/dalvikvm( 1155): GC_CONCURRENT freed 394K, 79% free 1310K/5955K, paused 1ms+1ms
D/dalvikvm( 1155): GC_CONCURRENT freed 391K, 78% free 1310K/5955K, paused 1ms+1ms
D/dalvikvm( 1155): GC_CONCURRENT freed 392K, 78% free 1310K/5955K, paused 1ms+1ms
I/ServiceManager( 2726): Waiting for service mstar.PictureManager...
D/dalvikvm( 1155): GC_CONCURRENT freed 393K, 78% free 1341K/5955K, paused 1ms+1ms
D/dalvikvm( 1155): GC_CONCURRENT freed 415K, 78% free 1319K/5955K, paused 1ms+1ms
D/dalvikvm( 1155): GC_CONCURRENT freed 395K, 79% free 1309K/5955K, paused 1ms+1ms
D/dalvikvm( 1155): GC_CONCURRENT freed 393K, 79% free 1309K/5955K, paused 0ms+1ms
D/dalvikvm( 1155): GC_CONCURRENT freed 392K, 79% free 1310K/5955K, paused 1ms+1ms
D/dalvikvm( 1155): GC_CONCURRENT freed 393K, 78% free 1310K/5955K, paused 0ms+1ms
D/dalvikvm( 1155): GC_CONCURRENT freed 393K, 78% free 1319K/5955K, paused 1ms+1ms
D/dalvikvm( 1155): GC_CONCURRENT freed 393K, 79% free 1310K/5955K, paused 0ms+1ms
D/dalvikvm( 1155): GC_CONCURRENT freed 392K, 78% free 1310K/5955K, paused 1ms+1ms
I/ServiceManager( 2726): Waiting for service mstar.PictureManager...
D/dalvikvm( 1155): GC_CONCURRENT freed 397K, 79% free 1300K/5955K, paused 1ms+1ms
D/dalvikvm( 1155): GC_CONCURRENT freed 384K, 77% free 1422K/5955K, paused 1ms+1ms
D/dalvikvm( 1155): GC_CONCURRENT freed 504K, 78% free 1311K/5955K, paused 0ms+1ms
D/dalvikvm( 1155): GC_CONCURRENT freed 395K, 79% free 1310K/5955K, paused 1ms+1ms
I/ServiceManager( 2726): Waiting for service mstar.PictureManager...
D/dalvikvm( 1155): GC_CONCURRENT freed 389K, 78% free 1320K/5955K, paused 0ms+1ms
D/HomePlayerLib( 1155): hostaddress count is 2
D/dalvikvm( 1155): GC_CONCURRENT freed 408K, 79% free 1306K/5955K, paused 1ms+1ms
D/dalvikvm( 1155): GC_CONCURRENT freed 389K, 78% free 1320K/5955K, paused 1ms+1ms
D/dalvikvm( 1155): GC_CONCURRENT freed 405K, 79% free 1308K/5955K, paused 0ms+1ms
D/dalvikvm( 1155): GC_CONCURRENT freed 392K, 77% free 1393K/5955K, paused 1ms+0ms
D/dalvikvm( 1155): GC_CONCURRENT freed 471K, 78% free 1328K/5955K, paused 1ms+1ms
D/dalvikvm( 1155): GC_CONCURRENT freed 393K, 78% free 1325K/5955K, paused 1ms+1ms
I/ServiceManager( 2726): Waiting for service mstar.PictureManager...
D/dalvikvm( 1155): GC_CONCURRENT freed 401K, 77% free 1412K/5955K, paused 1ms+1ms
D/dalvikvm( 1155): GC_CONCURRENT freed 455K, 78% free 1350K/5955K, paused 1ms+1ms
D/dalvikvm( 1155): GC_CONCURRENT freed 427K, 78% free 1321K/5955K, paused 1ms+1ms
D/dalvikvm( 1155): GC_CONCURRENT freed 391K, 78% free 1323K/5955K, paused 1ms+1ms
D/dalvikvm( 1155): GC_CONCURRENT freed 393K, 78% free 1315K/5955K, paused 1ms+1ms
D/dalvikvm( 1155): GC_CONCURRENT freed 392K, 78% free 1312K/5955K, paused 1ms+1ms
D/dalvikvm( 1155): GC_CONCURRENT freed 397K, 79% free 1303K/5955K, paused 1ms+1ms
D/dalvikvm( 1155): GC_CONCURRENT freed 381K, 78% free 1328K/5955K, paused 1ms+1ms
D/dalvikvm( 1155): GC_CONCURRENT freed 407K, 78% free 1324K/5955K, paused 1ms+1ms
D/dalvikvm( 1155): GC_CONCURRENT freed 396K, 78% free 1322K/5955K, paused 1ms+1ms
I/ServiceManager( 2726): Waiting for service mstar.PictureManager...
D/dalvikvm( 1155): GC_CONCURRENT freed 393K, 78% free 1323K/5955K, paused 1ms+1ms
D/dalvikvm( 1155): GC_CONCURRENT freed 393K, 78% free 1322K/5955K, paused 0ms+1ms
D/dalvikvm( 1155): GC_CONCURRENT freed 393K, 78% free 1322K/5955K, paused 1ms+1ms
D/dalvikvm( 1155): GC_CONCURRENT freed 392K, 78% free 1323K/5955K, paused 1ms+1ms
D/dalvikvm( 1155): GC_CONCURRENT freed 392K, 78% free 1323K/5955K, paused 1ms+1ms
D/dalvikvm( 1155): GC_CONCURRENT freed 404K, 78% free 1319K/5955K, paused 1ms+1ms
I/ServiceManager( 2726): Waiting for service mstar.PictureManager...
D/dalvikvm( 1155): GC_CONCURRENT freed 396K, 78% free 1318K/5955K, paused 1ms+1ms
D/dalvikvm( 1155): GC_CONCURRENT freed 394K, 79% free 1309K/5955K, paused 1ms+1ms
D/dalvikvm( 1155): GC_CONCURRENT freed 389K, 78% free 1320K/5955K, paused 1ms+1ms
I/ServiceManager( 2726): Waiting for service mstar.PictureManager...
D/dalvikvm( 1155): GC_CONCURRENT freed 389K, 78% free 1322K/5955K, paused 1ms+1ms
D/dalvikvm( 1155): GC_CONCURRENT freed 392K, 78% free 1322K/5955K, paused 1ms+1ms
D/dalvikvm( 1155): GC_CONCURRENT freed 393K, 78% free 1323K/5955K, paused 0ms+1ms
I/ServiceManager( 2726): Waiting for service mstar.PictureManager...
D/dalvikvm( 1155): GC_CONCURRENT freed 393K, 78% free 1323K/5955K, paused 1ms+1ms
D/dalvikvm( 1155): GC_CONCURRENT freed 404K, 78% free 1319K/5955K, paused 1ms+1ms
D/dalvikvm( 1155): GC_CONCURRENT freed 407K, 79% free 1305K/5955K, paused 1ms+1ms
D/dalvikvm( 1155): GC_CONCURRENT freed 381K, 79% free 1309K/5955K, paused 1ms+1ms
D/dalvikvm( 1155): GC_CONCURRENT freed 393K, 79% free 1310K/5955K, paused 1ms+1ms
D/dalvikvm( 1155): GC_CONCURRENT freed 393K, 78% free 1318K/5955K, paused 1ms+1ms
I/wpa_supplicant( 2720): wfd0: AP-STA-DISCONNECTED 02:90:4c:78:83:ff
I/wpa_supplicant( 2720): wfd0: AP-STA-DISCONNECTED 02:90:4c:78:83:ff
E/wpa_supplicant( 2720): Could not set HT capabilities for kernel driver
E/wpa_supplicant( 2720): Failed to set CTS protect in kernel driver
E/wpa_supplicant( 2720): Failed to set Short Slot Time option in kernel driver
E/wpa_supplicant( 2720): Could not set preamble for kernel driver
D/WifiP2pService(  978): GroupCreatedState{ what=147497 when=0 obj=02:90:4c:78:83:ff }
I/wpa_supplicant( 2720): wfd0: P2P-GROUP-REMOVED wfd0 GO reason=REQUESTED
I/wpa_supplicant( 2720): wfd0: P2P-DEVICE-LOST p2p_dev_addr=02:90:4c:78:03:ff
W/wpa_supplicant( 2720): Could not connect to kernel driver.
D/WifiP2pService(  978): Removed client 02:90:4c:78:03:ff
D/WifiP2pService(  978): Client list empty, remove non-persistent p2p group
I/ServiceManager( 2726): Waiting for service mstar.PictureManager...
V/EthernetMonitor(  978): get event 
V/EthernetMonitor(  978): go poll events
I/TabletStatusBar( 1142): receiver broadcast
D/MiracastControl( 1251): android.net.wifi.p2p.PEERS_CHANGED
E/WifiP2pService(  978): GroupCreatedState ap sta disconnected
D/WifiP2pService(  978): GroupCreatedState{ what=147497 when=-36ms obj=02:90:4c:78:83:ff }
E/WifiP2pService(  978): Disconnect on unknown device address : 02:90:4c:78:[ 2694.081476] Can not set data rate in disconnected state
83:ff
D/WifiP2pService(  978): GroupCreatedState{ what=147486 when=-32ms obj=network: null
D/WifiP2pService(  978):  isGO: true
D/WifiP2pService(  978):  GO: null
D/WifiP2pService(  978):  interface: wfd0 }
E/WifiP2pService(  978): GroupCreatedState group removed
E/Miracast( 1155): Miracast onReceive
D/TetherController(  739): Stopping tethering services
I/dnsmasq ( 2723): exiting on receipt of SIGTERM
D/TetherController(  739): Tethering services stopped
D/WifiP2pService(  978): Stopped Dhcp server
D/CommandListener(  739): Clearing all IP addresses on wfd0
V/EthernetMonitor(  978): get event 
V/EthernetMonitor(  978): go poll events
I/TabletStatusBar( 1142): receiver broadcast
I/TabletStatusBar( 1142): the p2pdevices status is :3
D/MiracastControl( 1251): android.net.wifi.p2p.THIS_DEVICE_CHANGED
D/MiracastControl( 1251): P2p This Device Name is : tc123
D/MiracastControl( 1251): current:3 pre:0
D/MiracastControl( 1251): disableWifiP2PMode mIsWifiStaPreEnable:false mIsWifiApPreEnable:true
D/WifiP2pService(  978): sending p2p connection changed broadcast
I/TabletStatusBar( 1142): receiver broadcast
E/Miracast( 1155): Miracast onReceive
D/WifiP2pService(  978): InactiveState
D/WifiP2pService(  978): InactiveState{ what=147478 when=-68ms obj=Device: 
D/WifiP2pService(  978):  deviceAddress: 02:90:4c:78:03:ff
D/WifiP2pService(  978):  primary type: null
D/WifiP2pService(  978):  secondary type: null
D/WifiP2pService(  978):  wps: 0
D/WifiP2pService(  978):  grpcapab: 0
D/WifiP2pService(  978):  devcapab: 0
D/WifiP2pService(  978):  status: 4
D/WifiP2pService(  978):  wfdInfo: null }
D/WifiP2pService(  978): P2pEnabledState{ what=147478 when=-69ms obj=Device: 
D/WifiP2pService(  978):  deviceAddress: 02:90:4c:78:03:ff
D/WifiP2pService(  978):  primary type: null
D/WifiP2pService(  978):  secondary type: null
D/WifiP2pService(  978):  wps: 0
D/WifiP2pService(  978):  grpcapab: 0
D/WifiP2pService(  978):  devcapab: 0
D/WifiP2pService(  978):  status: 4
D/WifiP2pService(  978):  wfdInfo: null }
D/WifiP2pService(  978): InactiveState{ what=147462 when=-69ms obj=android.net.wifi.StateChangeResult@416cf290 }
D/WifiP2pService(  978): P2pEnabledState{ what=147462 when=-69ms obj=android.net.wifi.StateChangeResult@416cf290 }
D/WifiP2pService(  978): DefaultState{ what=147462 when=-70ms obj=android.net.wifi.StateChangeResult@416cf290 }
E/WifiP2pService(  978): Unhandled message { what=147462 when=-70ms obj=android.net.wifi.StateChangeResult@416cf290 }
D/WifiP2pService(  978): InactiveState{ what=139286 when=-41ms arg2=14 }
D/WifiP2pService(  978): P2pEnabledState{ what=139286 when=-41ms arg2=14 }
I/TabletStatusBar( 1142): receiver broadcast
D/WifiP2pService(  978): DefaultState{ what=139286 when=-41ms arg2=14 }
D/WifiP2pService(  978): InactiveState{ what=139268 when=-20ms }
D/WifiP2pService(  978): P2pEnabledState{ what=139268 when=-20ms }
I/TabletStatusBar( 1142): receiver broadcast
I/TabletStatusBar( 1142): the p2pdevices is null or UNAVAILABLE
D/WifiP2pService(  978): P2pDisablingState
D/WifiP2pService(  978): stopping supplicant
D/WifiP2pService(  978): P2pDisablingState{ what=331907 when=-24ms }
D/WifiP2pService(  978): DefaultState{ what=331907 when=-24ms }
D/WifiP2pService(  978): P2pDisablingState{ what=139268 when=0 }
D/dalvikvm( 1155): GC_CONCURRENT freed 397K, 79% free 1310K/5955K, paused 0ms+1ms
V/EthernetMonitor(  978): get event 
V/EthernetMonitor(  978): go poll events
I/wpa_supplicant( 2720): wfd0: CTRL-EVENT-TERMINATING 
D/WifiP2pService(  978): P2pDisablingState{ what=147458 when=-1ms }
D/WifiP2pService(  978): Supplicant connection lost
D/MiracastControl( 1251): android.net.wifi.p2p.CONNECTION_STATE_CHANGE
D/MiracastControl( 1251): android.net.wifi.p2p.PEERS_CHANGED
D/WifiP2pManager( 1251): Ignored { what=139270 when=-79ms }
D/MiracastControl( 1251): android.net.wifi.p2p.STATE_CHANGED
W/GpsLocationProvider(  978): Failed to enable location provider
D/dalvikvm( 1155): GC_CONCURRENT freed 393K, 78% free 1310K/5955K, paused 1ms+1ms
E/WifiHW  (  739): wifi_change_fw_path: STA
D/WifiP2pService(  978): P2pDisabledState
D/SoftapController(  739): Softap fwReload - Ok
D/MiracastControl( 1251): android.net.wifi.p2p.THIS_DEV[ 2695.131301] ADDRCONF(NETDEV_UP): uap0: link is not ready
ICE_CHANGED
D/MiracastControl( 1251): P2p This Device Name is : tc123
D/MiracastControl( 1251): current:4 pre:3
I/TabletStatusBar( 1142): receiver broadcast
I/TabletStatusBar( 1142): the p2pdevices is null or UNAVAILABLE
D/WifiP2pService(  978): P2pDisabledState{ what=331907 when=-44m55s114ms }
D/WifiP2pService(  978): P2pDisabledState{ what=139268 when=-44m55s114ms }
D/WifiP2pService(  978): P2pDisabledState{ what=139286 when=-993ms arg2=15 }
D/WifiP2pService(  978): DefaultState{ what=139286 when=-994ms arg2=15 }
D/WifiStateMachine(  978): gary test mWifiApState = 12
D/WifiP2pService(  978): P2pDisabledState{ what=139271 when=-984ms }
D/WifiP2pService(  978): DefaultState{ what=139271 when=-985ms }
I/BootCompletedReceiver( 1155): [onReceive] Action??????android.net.wifi.WIFI_AP_STATE_CHANGED
V/BootCompletedReceiver( 1155): ++++mWifiApState++++12
E/WifiHW  (  978): get_wifi_device_num is 1
D/WifiHW  (  978): wifi_driver has loaded!
E/WifiHW  (  739): wifi_change_fw_path: AP
D/SoftapController(  739): Softap fwReload - Ok
V/EthernetMonitor(  978): get event 
V/EthernetMonitor(  978): go poll events
D/dalvikvm( 1155): GC_CONCURRENT freed 395K, 78% free 1319K/5955K, paused 1ms+1ms
D/dalvikvm( 1155): GC_CONCURRENT freed 404K, 79% free 1299K/5955K, paused 1ms+1ms
D/dalvikvm( 1155): GC_CONCURRENT freed 378K, 78% free 1322K/5955K, paused 0ms+1ms
D/SoftapController(  739): Softap driver start: 0
D/SoftapController(  739): write cmd interface=uap0
D/SoftapController(  739): driver=nl80211
D/SoftapController(  739): ctrl_interface=/data/misc/wifi/hostapd
D/SoftapController(  739): ssid=@tc123_36e
D/SoftapController(  739): channel=6
D/SoftapController(  739): hw_mode=g
D/SoftapController(  739): ieee80211n=1
D/SoftapController(  739): Softap startap - Ok
E/hostapd ( 2744): Configuration file: /data/misc/wifi/ho[ 2695.983967] ADDRCONF(NETDEV_UP): uap0: link is not ready
stapd.conf
I/hostapd ( 2744): rfkill: Cannot open RFKILL control device
V/EthernetMonitor(  978): get event 
V/EthernetMonitor(  978): go poll events
E/hostapd ( 2744): Fai[ 2696.003973] ADDRCONF(NETDEV_CHANGE): uap0: link becomes ready
led to create interface mon.uap0: -95 (Operation not supported on transport endpoint)
V/EthernetMonitor(  978): get event 
W/hostapd ( 2744): uap0: Could not connect to kernel driver
E/hostapd ( 2744): Using interface uap0 with hwaddr a4:a8:20:13:03:6e and ssid "@tc123_36e"
V/EthernetMonitor(  978): go poll events
V/EthernetMonitor(  978): get event 
V/EthernetMonitor(  978): go poll events
D/Tethering(  978): sendTetherStateChangedBroadcast 1, 0, 0
W/NetworkStats(  978): dropping UID delta from unknown iface: iface=wfd0 uid=0 set=DEFAULT tag=0x0 rxBytes=9798 rxPackets=25 txBytes=11734 txPackets=74 operations=0
W/NetworkStats(  978): dropping UID delta from unknown iface: iface=uap0 uid=0 set=DEFAULT tag=0x0 rxBytes=0 rxPackets=0 txBytes=80 txPackets=2 operations=0
D/dalvikvm( 1155): GC_CONCURRENT freed 395K, 77% free 1428K/5955K, paused 3ms+1ms
D/NetworkManagementService(  978): rsp <213 a4:a8:20:13:03:6e 0.0.0.0 0 [up broadcast running multicast]>
D/WifiStateMachine(  978): gary test mWifiApState = 13
D/CommandListener(  739): Setting iface cfg
D/CommandListener(  739): Trying to bring up uap0
D/NetworkManagementService(  978): flags <[up broadcast running multicast]>
V/EthernetMonitor(  978): get event 
V/EthernetMonitor(  978): go poll events
I/BootCompletedReceiver( 1155): [onReceive] Action??????android.net.wifi.WIFI_AP_STATE_CHANGED
V/BootCompletedReceiver( 1155): ++++mWifiApState++++13
W/BootCompletedReceiver( 1155): stop mediarenerer because IP changed
D/Tethering(  978): Tethering uap0
D/Tethering(  978): InitialState.processMessage what=2
D/Tethering(  978): sendTetherStateChangedBroadcast 0, 0, 0
D/Tethering(  978): Tethered uap0
D/Tethering(  978): sendTetherStateChangedBroadcast 0, 1, 0
D/dalvikvm( 1155): GC_CONCURRENT freed 459K, 75% free 1523K/5955K, paused 1ms+1ms
D/Tethering(  978): MasterInitialState.processMessage what=1
D/TetherController(  739): Setting IP forward enable = 1
D/TetherController(  739): Starting tethering services
W/NetworkStats(  978): dropping UID delta from unknown iface: iface=uap0 uid=0 set=DEFAULT tag=0x0 rxBytes=0 rxPackets=0 txBytes=48 txPackets=1 operations=0
D/TetherController(  739): Tethering services running
D/TetherController(  739): setDnsForwarders(0 = '8.8.8.8')
D/TetherController(  739): setDnsForwarders(1 = '8.8.4.4')
D/TetherController(  739): Sending update msg to dnsmasq [update_dns:8.8.8.8:8.8.4.4]
D/Tethering(  978): chooseUpstreamType(true), preferredApn =5, got type=9
D/TetherController(  739): setDnsForwarders(0 = '192.168.2.1')
D/TetherController(  739): setDnsForwarders(1 = '192.168.99.5')
D/TetherController(  739): Sending update msg to dnsmasq [update_dns:192.168.2.1:192.168.99.5]
D/Tethering(  978): notifying tethered with iface =eth0
D/Tethering(  978): TetheredState.processMessage what=12
D/dalvikvm(  978): GC_CONCURRENT freed 643K, 64% free 3684K/10179K, paused 2ms+4ms
D/dalvikvm( 1155): GC_CONCURRENT freed 554K, 76% free 1481K/5955K, paused 1ms+1ms
I/dnsmasq ( 2745): started, version 2.51 cachesize 150
I/dnsmasq ( 2745): compile time options: no-IPv6 GNU-getopt no-DBus no-I18N DHCP no-scripts no-TFTP
W/dnsmasq ( 2745): warning: no upstream servers configured
I/dnsmasq ( 2745): DHCP, IP range 192.168.48.2 -- 192.168.48.254, lease time 1h
I/dnsmasq ( 2745): DHCP, IP range 192.168.47.2 -- 192.168.47.254, lease time 1h
I/dnsmasq ( 2745): DHCP, IP range 192.168.46.2 -- 192.168.46.254, lease time 1h
I/dnsmasq ( 2745): DHCP, IP range 192.168.45.2 -- 192.168.45.254, lease time 1h
I/dnsmasq ( 2745): DHCP, IP range 192.168.44.2 -- 192.168.44.254, lease time 1h
I/dnsmasq ( 2745): DHCP, IP range 192.168.43.2 -- 192.168.43.254, lease time 1h
I/dnsmasq ( 2745): DHCP, IP range 192.168.42.2 -- 192.168.42.254, lease time 1h
I/dnsmasq ( 2745): read /etc/hosts - 1 addresses
I/dnsmasq ( 2745): using nameserver 8.8.4.4#53
I/dnsmasq ( 2745): using nameserver 8.8.8.8#53
D/HomePlayerLib( 1155): hostaddress count is 2
D/dalvikvm( 1155): GC_CONCURRENT freed 505K, 75% free 1496K/5955K, paused 1ms+3ms
D/dalvikvm( 1155): GC_CONCURRENT freed 515K, 77% free 1372K/5955K, paused 1ms+1ms
D/dalvikvm( 1155): GC_CONCURRENT freed 383K, 77% free 1382K/5955K, paused 1ms+1ms
D/dalvikvm( 1155): GC_CONCURRENT freed 421K, 78% free 1358K/5955K, paused 0ms+1ms
D/dalvikvm( 1155): GC_CONCURRENT freed 392K, 78% free 1359K/5955K, paused 1ms+1ms
D/dalvikvm( 1155): GC_CONCURRENT freed 394K, 78% free 1359K/5955K, paused 1ms+1ms
D/dalvikvm( 1155): GC_CONCURRENT freed 387K, 77% free 1384K/5955K, paused 2ms+1ms
D/dalvikvm( 1155): GC_CONCURRENT freed 405K, 77% free 1372K/5955K, paused 1ms+1ms
D/dalvikvm( 1155): GC_CONCURRENT freed 409K, 77% free 1372K/5955K, paused 1ms+1ms
D/dalvikvm( 1155): GC_CONCURRENT freed 397K, 77% free 1372K/5955K, paused 1ms+1ms
D/dalvikvm( 1155): GC_CONCURRENT freed 407K, 78% free 1359K/5955K, paused 1ms+1ms
D/dalvikvm( 1155): GC_CONCURRENT freed 398K, 78% free 1357K/5955K, paused 1ms+1ms
D/dalvikvm( 1155): GC_CONCURRENT freed 386K, 78% free 1359K/5955K, paused 1ms+1ms
D/dalvikvm( 1155): GC_CONCURRENT freed 385K, 78% free 1359K/5955K, paused 1ms+1ms
D/dalvikvm( 1155): GC_CONCURRENT freed 386K, 78% free 1359K/5955K, paused 1ms+1ms
D/dalvikvm( 1155): GC_CONCURRENT freed 396K, 78% free 1347K/5955K, paused 1ms+1ms
D/dalvikvm( 1155): GC_CONCURRENT freed 370K, 78% free 1365K/5955K, paused 1ms+1ms
