                                       [10560.400970] star: Tx descriptor full
                                                                              D/Playlist(   92): [popMoniterEvent][1417]-------
D/Playlist(   92): PlaylistPlayer::popMoniterEvent wakeup with event size:1
D/Playlist(   92): 
D/Playlist(   92): [http_download_with_change_request_retry][4260]-------
D/Playlist(   92): curl_easy_perform time return 0
D/Playlist(   92): 
D/Playlist(   92): [http_need_redownload_media][4219]-------
D/Playlist(   92): http_need_redownload_media parsed http result code:200
D/Playlist(   92): 
D/Playlist(   92): [download_media_file][3600]-------
D/Playlist(   92): http://cibn-live.coship.com:8090/live/coship_TWSX0000112101100000_2000/228537864.ts download result:0,  2293600/2293600 downloaded!
D/Playlist(   92): 
D/Playlist(   92): [download_media_file][3622]-------
D/Playlist(   92): media_seq:228537863, donwnload speed 5939.47 KBps
D/Playlist(   92): 
D/Playlist(   92): [endPush][132]-------
D/Playlist(   92): 
D/Playlist(   92): [notifyMediaStatus][1375]-------
D/Playlist(   92): notifyMediaStatus: status = 2!!
D/Playlist(   92): 
D/Playlist(   92): [popDownloadTask][471]-------
D/Playlist(   92): Playlist::popDownloadTask() enter!
D/Playlist(   92): 
D/Playlist(   92): [popDownloadTask][491]-------
D/Playlist(   92): Playlist::popDownloadTask(): pt_media seq = 228537863, switch stream=0
D/Playlist(   92): 
D/Playlist(   92): [popDownloadTask][562]-------
D/Playlist(   92): Playlist::popDownloadTask() before check memory!
D/Playlist(   92): 
D/Playlist(   92): [CanContinueDonwload][456]-------
D/Playlist(   92): CanContinueDonwload: buffer data total memory size=20480000
D/Playlist(   92): 
D/Playlist(   92): [popDownloadTask][579]-------
D/Playlist(   92): Playlist::popDownloadTask() pt_media = http://cibn-live.coship.com:8090/live/coship_TWSX0000112101100000_2000/228537865.ts, status = 0
D/Playlist(   92): 
D/Playlist(   92): [http_live_streaming_thread][3717]-------
D/Playlist(   92): http_live_streaming_thread pop sequence_number = 228537864!
D/Playlist(   92): 
D/Playlist(   92): [consumeHeaderData][429]-------
D/Playlist(   92): Jinlong get content length :3375728
D/Playlist(   92): 
D/Playlist(   92): [consumeContentData][490]-------
D/Playlist(   92): create PushBuffer for sizeof:3407872
[10560.671968] star: Tx descriptor full
                                       D/Playlist(   92): 
D/Playlist(   92): [notifyMediaStatus][1375]-------
D/Playlist(   92): notifyMediaStatus: status = 1!!
D/Playlist(   92): 
E/NetlinkListener(   87): recvmsg mBuffer:
E/NetlinkListener(   87):  (?)
I/        (   92): CmpbHttpLiveStreaming::getBufferPercent: i4_ret=170
V/MediaPlayerService(   92): [35] notify (0x1e7de80, 3, 17, 0)
V/MediaPlayer( 3406): message received msg=3, ext1=17, ext2=0
V/MediaPlayer( 3406): buffering 17
V/MediaPlayer( 3406): callback application
V/MediaPlayer( 3406): back from callback
[10560.881939] star: Tx descriptor full
                                       D/Playlist(   92): [popMoniterEvent][1417]-------
D/Playlist(   92): PlaylistPlayer::popMoniterEvent wakeup with event size:1
D/Playlist(   92): 
E/NetlinkListener(   87): recvmsg mBuffer:
E/NetlinkListener(   87):  (?)
D/Playlist(   92): [http_download_with_change_request_retry][4260]-------
D/Playlist(   92): curl_easy_perform time return 0
D/Playlist(   92): 
D/Playlist(   92): [http_need_redownload_media][4219]-------
D/Playlist(   92): http_need_redownload_media parsed http result code:200
D/Playlist(   92): 
D/Playlist(   92): [download_media_file][3600]-------
D/Playlist(   92): http://cibn-live.coship.com:8090/live/coship_TWSX0000112101100000_2000/228537865.ts download result:0,  3375728/3375728 downloaded!
D/Playlist(   92): 
D/Playlist(   92): [download_media_file][3622]-------
D/Playlist(   92): media_seq:228537864, donwnload speed 5864.11 KBps
D/Playlist(   92): 
D/Playlist(   92): [endPush][132]-------
D/Playlist(   92): 
D/Playlist(   92): [notifyMediaStatus][1375]-------
D/Playlist(   92): notifyMediaStatus: status = 2!!
D/Playlist(   92): 
D/Playlist(   92): [popDownloadTask][471]-------
D/Playlist(   92): Playlist::popDownloadTask() enter!
D/Playlist(   92): 
D/Playlist(   92): [popDownloadTask][491]-------
D/Playlist(   92): Playlist::popDownloadTask(): pt_media seq = 228537864, switch stream=0
D/Playlist(   92): 
D/Playlist(   92): [popDownloadTask][562]-------
D/Playlist(   92): Playlist::popDownloadTask() before check memory!
D/Playlist(   92): 
D/Playlist(   92): [CanContinueDonwload][456]-------
D/Playlist(   92): CanContinueDonwload: buffer data total memory size=23887872
D/Playlist(   92): 
D/Playlist(   92): [popDownloadTask][579]-------
D/Playlist(   92): Playlist::popDownloadTask() pt_media = http://cibn-live.coship.com:8090/live/coship_TWSX0000112101100000_2000/228537866.ts, status = 0
D/Playlist(   92): 
D/Playlist(   92): [http_live_streaming_thread][3717]-------
D/Playlist(   92): http_live_streaming_thread pop sequence_number = 228537865!
D/Playlist(   92): 
D/Playlist(   92): [consumeHeaderData][429]-------
D/Playlist(   92): Jinlong get content length :2608500
D/Playlist(   92): 
D/Playlist(   92): [consumeContentData][490]-------
D/Playlist(   92): create PushBuffer for sizeof:2621440
D/Playlist(   92): 
D/Playlist(   92): [notifyMediaStatus][1375]-------
D/Playlist(   92): notifyMediaStatus: status = 1!!
D/Playlist(   92): 
<FACTORY>send message failed -1 @L151
<AND_STUB>ERROR!!,recv AND_STUB_KEY_MSG 
<AND_STUB>private message id is 0
E/EventHub(  180): send pin = 24,value = 0
V/PinyinIME(  918): onKeyDown:22
I/PinyinIME(  918): onKeyDown:System handler the keyevent
I/VideoPlayer( 3406): [dispatchKeyEvent] ACTION:0 keycode:22
I/        (   92): CmpbHttpLiveStreaming::getBufferPercent: i4_ret=172
V/MediaPlayerService(   92): [35] notify (0x1e7de80, 3, 17, 0)
V/MediaPlayer( 3406): message received msg=3, ext1=17, ext2=0
V/MediaPlayer( 3406): buffering 17
V/MediaPlayer( 3406): callback application
V/MediaPlayer( 3406): back from callback
<FACTORY>send message failed -1 @L151
<AND_STUB>ERROR!!,recv AND_STUB_KEY_MSG 
<AND_STUB>private message id is 0
E/EventHub(  180): send pin = 24,value = 0
I/PinyinIME(  918): onKeyUp:22
I/PinyinIME(  918): onKeyUp:System handler the keyevent
I/VideoPlayer( 3406): [dispatchKeyEvent] ACTION:1 keycode:22
D/InputEventConsistencyVerifier( 3406): KeyEvent: ACTION_UP but key was not down.
D/InputEventConsistencyVerifier( 3406):   in com.android.internal.policy.impl.PhoneWindow$DecorView@42947660
D/InputEventConsistencyVerifier( 3406):   0: sent at 10590655000000, KeyEvent { action=ACTION_UP, keyCode=KEYCODE_DPAD_RIGHT, scanCode=106, metaState=0, flags=0x8, repeatCount=0, eventTime=10590655, downTime=10590584, deviceId=1, source=0x701 }
D/InputEventConsistencyVerifier( 3406):   -- recent events --
D/InputEventConsistencyVerifier( 3406):   1: sent at 10582763000000, (unhandled) KeyEvent { action=ACTION_UP, keyCode=KEYCODE_DPAD_RIGHT, scanCode=106, metaState=0, flags=0x80000008, repeatCount=0, eventTime=10582763, downTime=10582689, deviceId=1, source=0x701 }
D/InputEventConsistencyVerifier( 3406):   2: sent at 10582654000000, (unhandled) KeyEvent { action=ACTION_UP, keyCode=KEYCODE_DPAD_RIGHT, scanCode=106, metaState=0, flags=0x80000008, repeatCount=0, eventTime=10582654, downTime=10582581, deviceId=1, source=0x701 }
D/InputEventConsistencyVerifier( 3406):   3: sent at 10582544000000, (unhandled) KeyEvent { action=ACTION_UP, keyCode=KEYCODE_DPAD_RIGHT, scanCode=106, metaState=0, flags=0x80000008, repeatCount=0, eventTime=10582544, downTime=10582473, deviceId=1, source=0x701 }
D/InputEventConsistencyVerifier( 3406):   4: sent at 10582436000000, (unhandled) KeyEvent { action=ACTION_UP, keyCode=KEYCODE_DPAD_RIGHT, scanCode=106, metaState=0, flags=0x80000008, repeatCount=0, eventTime=10582436, downTime=10582366, deviceId=1, source=0x701 }
D/InputEventConsistencyVerifier( 3406):   5: sent at 10582329000000, (unhandled) KeyEvent { action=ACTION_UP, keyCode=KEYCODE_DPAD_RIGHT, scanCode=106, metaState=0, flags=0x80000008, repeatCount=0, eventTime=10582329, downTime=10582259, deviceId=1, source=0x701 }
E/NetlinkListener(   87): recvmsg mBuffer:
E/NetlinkListener(   87):  (?)
D/Playlist(   92): [popMoniterEvent][1417]-------
D/Playlist(   92): PlaylistPlayer::popMoniterEvent wakeup with event size:1
D/Playlist(   92): 
D/Playlist(   92): [http_download_with_change_request_retry][4260]-------
D/Playlist(   92): curl_easy_perform time return 0
D/Playlist(   92): 
D/Playlist(   92): [http_need_redownload_media][4219]-------
D/Playlist(   92): http_need_redownload_media parsed http result code:200
D/Playlist(   92): 
D/Playlist(   92): [download_media_file][3600]-------
D/Playlist(   92): http://cibn-live.coship.com:8090/live/coship_TWSX0000112101100000_2000/228537866.ts download result:0,  2608500/2608500 downloaded!
D/Playlist(   92): 
D/Playlist(   92): [download_media_file][3622]-------
D/Playlist(   92): media_seq:228537865, donwnload speed 5722.73 KBps
D/Playlist(   92): 
D/Playlist(   92): [endPush][132]-------
D/Playlist(   92): 
D/Playlist(   92): [notifyMediaStatus][1375]-------
D/Playlist(   92): notifyMediaStatus: status = 2!!
D/Playlist(   92): 
D/Playlist(   92): [popDownloadTask][471]-------
D/Playlist(   92): Playlist::popDownloadTask() enter!
D/Playlist(   92): 
D/Playlist(   92): [popDownloadTask][491]-------
D/Playlist(   92): Playlist::popDownloadTask(): pt_media seq = 228537865, switch stream=0
D/Playlist(   92): 
D/Playlist(   92): [popDownloadTask][562]-------
D/Playlist(   92): Playlist::popDownloadTask() before check memory!
D/Playlist(   92): 
D/Playlist(   92): [CanContinueDonwload][456]-------
D/Playlist(   92): CanContinueDonwload: buffer data total memory size=26509312
D/Playlist(   92): 
D/Playlist(   92): [popDownloadTask][579]-------
D/Playlist(   92): Playlist::popDownloadTask() pt_media = http://cibn-live.coship.com:8090/live/coship_TWSX0000112101100000_2000/228537867.ts, status = 0
D/Playlist(   92): 
D/Playlist(   92): [http_live_streaming_thread][3717]-------
D/Playlist(   92): http_live_streaming_thread pop sequence_number = 228537866!
D/Playlist(   92): 
<FACTORY>send message failed -1 @L151
<AND_STUB>ERROR!!,recv AND_STUB_KEY_MSG 
<AND_STUB>private message id is 0
E/EventHub(  180): send pin = 24,value = 0
V/PinyinIME(  918): onKeyDown:22
I/PinyinIME(  918): onKeyDown:System handler the keyevent
I/VideoPlayer( 3406): [dispatchKeyEvent] ACTION:0 keycode:22
<FACTORY>send message failed -1 @L151
<AND_STUB>ERROR!!,recv AND_STUB_KEY_MSG 
<AND_STUB>private message id is 0
E/EventHub(  180): send pin = 24,value = 0
I/PinyinIME(  918): onKeyUp:22
I/PinyinIME(  918): onKeyUp:System handler the keyevent
I/VideoPlayer( 3406): [dispatchKeyEvent] ACTION:1 keycode:22
D/InputEventConsistencyVerifier( 3406): KeyEvent: ACTION_UP but key was not down.
D/InputEventConsistencyVerifier( 3406):   in com.android.internal.policy.impl.PhoneWindow$DecorView@42947660
D/InputEventConsistencyVerifier( 3406):   0: sent at 10591019000000, KeyEvent { action=ACTION_UP, keyCode=KEYCODE_DPAD_RIGHT, scanCode=106, metaState=0, flags=0x8, repeatCount=0, eventTime=10591019, downTime=10590948, deviceId=1, source=0x701 }
D/InputEventConsistencyVerifier( 3406):   -- recent events --
D/InputEventConsistencyVerifier( 3406):   1: sent at 10590655000000, (unhandled) KeyEvent { action=ACTION_UP, keyCode=KEYCODE_DPAD_RIGHT, scanCode=106, metaState=0, flags=0x80000008, repeatCount=0, eventTime=10590655, downTime=10590584, deviceId=1, source=0x701 }
D/InputEventConsistencyVerifier( 3406):   2: sent at 10582763000000, (unhandled) KeyEvent { action=ACTION_UP, keyCode=KEYCODE_DPAD_RIGHT, scanCode=106, metaState=0, flags=0x80000008, repeatCount=0, eventTime=10582763, downTime=10582689, deviceId=1, source=0x701 }
D/InputEventConsistencyVerifier( 3406):   3: sent at 10582654000000, (unhandled) KeyEvent { action=ACTION_UP, keyCode=KEYCODE_DPAD_RIGHT, scanCode=106, metaState=0, flags=0x80000008, repeatCount=0, eventTime=10582654, downTime=10582581, deviceId=1, source=0x701 }
D/InputEventConsistencyVerifier( 3406):   4: sent at 10582544000000, (unhandled) KeyEvent { action=ACTION_UP, keyCode=KEYCODE_DPAD_RIGHT, scanCode=106, metaState=0, flags=0x80000008, repeatCount=0, eventTime=10582544, downTime=10582473, deviceId=1, source=0x701 }
D/InputEventConsistencyVerifier( 3406):   5: sent at 10582436000000, (unhandled) KeyEvent { action=ACTION_UP, keyCode=KEYCODE_DPAD_RIGHT, scanCode=106, metaState=0, flags=0x80000008, repeatCount=0, eventTime=10582436, downTime=10582366, deviceId=1, source=0x701 }
<FACTORY>send message failed -1 @L151
<AND_STUB>ERROR!!,recv AND_STUB_KEY_MSG 
<AND_STUB>private message id is 0
E/EventHub(  180): send pin = 24,value = 0
V/PinyinIME(  918): onKeyDown:22
I/PinyinIME(  918): onKeyDown:System handler the keyevent
I/VideoPlayer( 3406): [dispatchKeyEvent] ACTION:0 keycode:22
[10561.778856] star: Tx descriptor full
                                       D/Playlist(   92): [consumeHeaderData][429]-------
D/Playlist(   92): Jinlong get content length :3609788
D/Playlist(   92): 
D/Playlist(   92): [consumeContentData][490]-------
D/Playlist(   92): create PushBuffer for sizeof:3637248
D/Playlist(   92): 
D/Playlist(   92): [notifyMediaStatus][1375]-------
D/Playlist(   92): notifyMediaStatus: status = 1!!
D/Playlist(   92): 
<FACTORY>send message failed -1 @L151
<AND_STUB>ERROR!!,recv AND_STUB_KEY_MSG 
<AND_STUB>private message id is 0
[10561.833521] star: Tx descriptor full
                                       [10561.835020] star: Tx descriptor full
                                                                              E/EventHub(  180): send pin = 24,value = 0
I/        (   92): CmpbHttpLiveStreaming::getBufferPercent: i4_ret=174
V/MediaPlayerService(   92): [35] notify (0x1e7de80, 3, 17, 0)
V/MediaPlayer( 3406): message received msg=3, ext1=17, ext2=0
V/MediaPlayer( 3406): buffering 17
V/MediaPlayer( 3406): callback application
V/MediaPlayer( 3406): back from callback
I/PinyinIME(  918): onKeyUp:22
I/PinyinIME(  918): onKeyUp:System handler the keyevent
I/VideoPlayer( 3406): [dispatchKeyEvent] ACTION:1 keycode:22
D/InputEventConsistencyVerifier( 3406): KeyEvent: ACTION_UP but key was not down.
D/InputEventConsistencyVerifier( 3406):   in com.android.internal.policy.impl.PhoneWindow$DecorView@42947660
D/InputEventConsistencyVerifier( 3406):   0: sent at 10591127000000, KeyEvent { action=ACTION_UP, keyCode=KEYCODE_DPAD_RIGHT, scanCode=106, metaState=0, flags=0x8, repeatCount=0, eventTime=10591127, downTime=10591056, deviceId=1, source=0x701 }
D/InputEventConsistencyVerifier( 3406):   -- recent events --
D/InputEventConsistencyVerifier( 3406):   1: sent at 10591019000000, (unhandled) KeyEvent { action=ACTION_UP, keyCode=KEYCODE_DPAD_RIGHT, scanCode=106, metaState=0, flags=0x80000008, repeatCount=0, eventTime=10591019, downTime=10590948, deviceId=1, source=0x701 }
D/InputEventConsistencyVerifier( 3406):   2: sent at 10590655000000, (unhandled) KeyEvent { action=ACTION_UP, keyCode=KEYCODE_DPAD_RIGHT, scanCode=106, metaState=0, flags=0x80000008, repeatCount=0, eventTime=10590655, downTime=10590584, deviceId=1, source=0x701 }
D/InputEventConsistencyVerifier( 3406):   3: sent at 10582763000000, (unhandled) KeyEvent { action=ACTION_UP, keyCode=KEYCODE_DPAD_RIGHT, scanCode=106, metaState=0, flags=0x80000008, repeatCount=0, eventTime=10582763, downTime=10582689, deviceId=1, source=0x701 }
D/InputEventConsistencyVerifier( 3406):   4: sent at 10582654000000, (unhandled) KeyEvent { action=ACTION_UP, keyCode=KEYCODE_DPAD_RIGHT, scanCode=106, metaState=0, flags=0x80000008, repeatCount=0, eventTime=10582654, downTime=10582581, deviceId=1, source=0x701 }
D/InputEventConsistencyVerifier( 3406):   5: sent at 10582544000000, (unhandled) KeyEvent { action=ACTION_UP, keyCode=KEYCODE_DPAD_RIGHT, scanCode=106, metaState=0, flags=0x80000008, repeatCount=0, eventTime=10582544, downTime=10582473, deviceId=1, source=0x701 }
<FACTORY>send message failed -1 @L151
<AND_STUB>ERROR!!,recv AND_STUB_KEY_MSG 
<AND_STUB>private message id is 0
E/EventHub(  180): send pin = 24,value = 0
V/PinyinIME(  918): onKeyDown:22
I/PinyinIME(  918): onKeyDown:System handler the keyevent
I/VideoPlayer( 3406): [dispatchKeyEvent] ACTION:0 keycode:22
<FACTORY>send message failed -1 @L151
<AND_STUB>ERROR!!,recv AND_STUB_KEY_MSG 
<AND_STUB>private message id is 0
E/EventHub(  180): send pin = 24,value = 0
I/PinyinIME(  918): onKeyUp:22
I/PinyinIME(  918): onKeyUp:System handler the keyevent
E/NetlinkListener(   87): recvmsg mBuffer:
E/NetlinkListener(   87):  (?)
I/VideoPlayer( 3406): [dispatchKeyEvent] ACTION:1 keycode:22
D/InputEventConsistencyVerifier( 3406): KeyEvent: ACTION_UP but key was not down.
D/InputEventConsistencyVerifier( 3406):   in com.android.internal.policy.impl.PhoneWindow$DecorView@42947660
D/InputEventConsistencyVerifier( 3406):   0: sent at 10591234000000, KeyEvent { action=ACTION_UP, keyCode=KEYCODE_DPAD_RIGHT, scanCode=106, metaState=0, flags=0x8, repeatCount=0, eventTime=10591234, downTime=10591163, deviceId=1, source=0x701 }
D/InputEventConsistencyVerifier( 3406):   -- recent events --
D/InputEventConsistencyVerifier( 3406):   1: sent at 10591127000000, (unhandled) KeyEvent { action=ACTION_UP, keyCode=KEYCODE_DPAD_RIGHT, scanCode=106, metaState=0, flags=0x80000008, repeatCount=0, eventTime=10591127, downTime=10591056, deviceId=1, source=0x701 }
D/InputEventConsistencyVerifier( 3406):   2: sent at 10591019000000, (unhandled) KeyEvent { action=ACTION_UP, keyCode=KEYCODE_DPAD_RIGHT, scanCode=106, metaState=0, flags=0x80000008, repeatCount=0, eventTime=10591019, downTime=10590948, deviceId=1, source=0x701 }
D/InputEventConsistencyVerifier( 3406):   3: sent at 10590655000000, (unhandled) KeyEvent { action=ACTION_UP, keyCode=KEYCODE_DPAD_RIGHT, scanCode=106, metaState=0, flags=0x80000008, repeatCount=0, eventTime=10590655, downTime=10590584, deviceId=1, source=0x701 }
D/InputEventConsistencyVerifier( 3406):   4: sent at 10582763000000, (unhandled) KeyEvent { action=ACTION_UP, keyCode=KEYCODE_DPAD_RIGHT, scanCode=106, metaState=0, flags=0x80000008, repeatCount=0, eventTime=10582763, downTime=10582689, deviceId=1, source=0x701 }
D/InputEventConsistencyVerifier( 3406):   5: sent at 10582654000000, (unhandled) KeyEvent { action=ACTION_UP, keyCode=KEYCODE_DPAD_RIGHT, scanCode=106, metaState=0, flags=0x80000008, repeatCount=0, eventTime=10582654, downTime=10582581, deviceId=1, source=0x701 }
<FACTORY>send message failed -1 @L151
<AND_STUB>ERROR!!,recv AND_STUB_KEY_MSG 
<AND_STUB>private message id is 0
E/EventHub(  180): send pin = 24,value = 0
V/PinyinIME(  918): onKeyDown:22
I/PinyinIME(  918): onKeyDown:System handler the keyevent
I/VideoPlayer( 3406): [dispatchKeyEvent] ACTION:0 keycode:22
D/Playlist(   92): [popMoniterEvent][1417]-------
D/Playlist(   92): PlaylistPlayer::popMoniterEvent wakeup with event size:1
D/Playlist(   92): 
<FACTORY>send message failed -1 @L151
<AND_STUB>ERROR!!,recv AND_STUB_KEY_MSG 
<AND_STUB>private message id is 0
E/EventHub(  180): send pin = 24,value = 0
I/PinyinIME(  918): onKeyUp:22
I/PinyinIME(  918): onKeyUp:System handler the keyevent
I/VideoPlayer( 3406): [dispatchKeyEvent] ACTION:1 keycode:22
D/InputEventConsistencyVerifier( 3406): KeyEvent: ACTION_UP but key was not down.
D/InputEventConsistencyVerifier( 3406):   in com.android.internal.policy.impl.PhoneWindow$DecorView@42947660
D/InputEventConsistencyVerifier( 3406):   0: sent at 10591347000000, KeyEvent { action=ACTION_UP, keyCode=KEYCODE_DPAD_RIGHT, scanCode=106, metaState=0, flags=0x8, repeatCount=0, eventTime=10591347, downTime=10591272, deviceId=1, source=0x701 }
D/InputEventConsistencyVerifier( 3406):   -- recent events --
D/InputEventConsistencyVerifier( 3406):   1: sent at 10591234000000, (unhandled) KeyEvent { action=ACTION_UP, keyCode=KEYCODE_DPAD_RIGHT, scanCode=106, metaState=0, flags=0x80000008, repeatCount=0, eventTime=10591234, downTime=10591163, deviceId=1, source=0x701 }
D/InputEventConsistencyVerifier( 3406):   2: sent at 10591127000000, (unhandled) KeyEvent { action=ACTION_UP, keyCode=KEYCODE_DPAD_RIGHT, scanCode=106, metaState=0, flags=0x80000008, repeatCount=0, eventTime=10591127, downTime=10591056, deviceId=1, source=0x701 }
D/InputEventConsistencyVerifier( 3406):   3: sent at 10591019000000, (unhandled) KeyEvent { action=ACTION_UP, keyCode=KEYCODE_DPAD_RIGHT, scanCode=106, metaState=0, flags=0x80000008, repeatCount=0, eventTime=10591019, downTime=10590948, deviceId=1, source=0x701 }
D/InputEventConsistencyVerifier( 3406):   4: sent at 10590655000000, (unhandled) KeyEvent { action=ACTION_UP, keyCode=KEYCODE_DPAD_RIGHT, scanCode=106, metaState=0, flags=0x80000008, repeatCount=0, eventTime=10590655, downTime=10590584, deviceId=1, source=0x701 }
D/InputEventConsistencyVerifier( 3406):   5: sent at 10582763000000, (unhandled) KeyEvent { action=ACTION_UP, keyCode=KEYCODE_DPAD_RIGHT, scanCode=106, metaState=0, flags=0x80000008, repeatCount=0, eventTime=10582763, downTime=10582689, deviceId=1, source=0x701 }
<FACTORY>send message failed -1 @L151
<AND_STUB>ERROR!!,recv AND_STUB_KEY_MSG 
<AND_STUB>private message id is 0
E/EventHub(  180): send pin = 24,value = 0
V/PinyinIME(  918): onKeyDown:22
I/PinyinIME(  918): onKeyDown:System handler the keyevent
I/VideoPlayer( 3406): [dispatchKeyEvent] ACTION:0 keycode:22
D/dalvikvm( 2498): GC_CONCURRENT freed 457K, 12% free 5768K/6535K, paused 13ms+10ms
D/HomePlayerLib( 2498): hostaddress count is 1
<FACTORY>send message failed -1 @L151
<AND_STUB>ERROR!!,recv AND_STUB_KEY_MSG 
<AND_STUB>private message id is 0
E/EventHub(  180): send pin = 24,value = 0
I/PinyinIME(  918): onKeyUp:22
I/PinyinIME(  918): onKeyUp:System handler the keyevent
I/VideoPlayer( 3406): [dispatchKeyEvent] ACTION:1 keycode:22
D/InputEventConsistencyVerifier( 3406): KeyEvent: ACTION_UP but key was not down.
D/InputEventConsistencyVerifier( 3406):   in com.android.internal.policy.impl.PhoneWindow$DecorView@42947660
D/InputEventConsistencyVerifier( 3406):   0: sent at 10591450000000, KeyEvent { action=ACTION_UP, keyCode=KEYCODE_DPAD_RIGHT, scanCode=106, metaState=0, flags=0x8, repeatCount=0, eventTime=10591450, downTime=10591380, deviceId=1, source=0x701 }
D/InputEventConsistencyVerifier( 3406):   -- recent events --
D/InputEventConsistencyVerifier( 3406):   1: sent at 10591347000000, (unhandled) KeyEvent { action=ACTION_UP, keyCode=KEYCODE_DPAD_RIGHT, scanCode=106, metaState=0, flags=0x80000008, repeatCount=0, eventTime=10591347, downTime=10591272, deviceId=1, source=0x701 }
D/InputEventConsistencyVerifier( 3406):   2: sent at 10591234000000, (unhandled) KeyEvent { action=ACTION_UP, keyCode=KEYCODE_DPAD_RIGHT, scanCode=106, metaState=0, flags=0x80000008, repeatCount=0, eventTime=10591234, downTime=10591163, deviceId=1, source=0x701 }
D/InputEventConsistencyVerifier( 3406):   3: sent at 10591127000000, (unhandled) KeyEvent { action=ACTION_UP, keyCode=KEYCODE_DPAD_RIGHT, scanCode=106, metaState=0, flags=0x80000008, repeatCount=0, eventTime=10591127, downTime=10591056, deviceId=1, source=0x701 }
D/InputEventConsistencyVerifier( 3406):   4: sent at 10591019000000, (unhandled) KeyEvent { action=ACTION_UP, keyCode=KEYCODE_DPAD_RIGHT, scanCode=106, metaState=0, flags=0x80000008, repeatCount=0, eventTime=10591019, downTime=10590948, deviceId=1, source=0x701 }
D/InputEventConsistencyVerifier( 3406):   5: sent at 10590655000000, (unhandled) KeyEvent { action=ACTION_UP, keyCode=KEYCODE_DPAD_RIGHT, scanCode=106, metaState=0, flags=0x80000008, repeatCount=0, eventTime=10590655, downTime=10590584, deviceId=1, source=0x701 }
<FACTORY>send message failed -1 @L151
<AND_STUB>ERROR!!,recv AND_STUB_KEY_MSG 
<AND_STUB>private message id is 0
D/dalvikvm( 2498): GC_CONCURRENT freed 492K, 12% free 5788K/6535K, paused 2ms+2ms
E/EventHub(  180): send pin = 24,value = 0
V/PinyinIME(  918): onKeyDown:22
I/PinyinIME(  918): onKeyDown:System handler the keyevent
I/VideoPlayer( 3406): [dispatchKeyEvent] ACTION:0 keycode:22
<FACTORY>send message failed -1 @L151
<AND_STUB>ERROR!!,recv AND_STUB_KEY_MSG 
<AND_STUB>private message id is 0
E/EventHub(  180): send pin = 24,value = 0
I/PinyinIME(  918): onKeyUp:22
I/PinyinIME(  918): onKeyUp:System handler the keyevent
I/VideoPlayer( 3406): [dispatchKeyEvent] ACTION:1 keycode:22
D/InputEventConsistencyVerifier( 3406): KeyEvent: ACTION_UP but key was not down.
D/InputEventConsistencyVerifier( 3406):   in com.android.internal.policy.impl.PhoneWindow$DecorView@42947660
D/InputEventConsistencyVerifier( 3406):   0: sent at 10591558000000, KeyEvent { action=ACTION_UP, keyCode=KEYCODE_DPAD_RIGHT, scanCode=106, metaState=0, flags=0x8, repeatCount=0, eventTime=10591558, downTime=10591488, deviceId=1, source=0x701 }
D/InputEventConsistencyVerifier( 3406):   -- recent events --
D/InputEventConsistencyVerifier( 3406):   1: sent at 10591450000000, (unhandled) KeyEvent { action=ACTION_UP, keyCode=KEYCODE_DPAD_RIGHT, scanCode=106, metaState=0, flags=0x80000008, repeatCount=0, eventTime=10591450, downTime=10591380, deviceId=1, source=0x701 }
D/InputEventConsistencyVerifier( 3406):   2: sent at 10591347000000, (unhandled) KeyEvent { action=ACTION_UP, keyCode=KEYCODE_DPAD_RIGHT, scanCode=106, metaState=0, flags=0x80000008, repeatCount=0, eventTime=10591347, downTime=10591272, deviceId=1, source=0x701 }
D/InputEventConsistencyVerifier( 3406):   3: sent at 10591234000000, (unhandled) KeyEvent { action=ACTION_UP, keyCode=KEYCODE_DPAD_RIGHT, scanCode=106, metaState=0, flags=0x80000008, repeatCount=0, eventTime=10591234, downTime=10591163, deviceId=1, source=0x701 }
D/InputEventConsistencyVerifier( 3406):   4: sent at 10591127000000, (unhandled) KeyEvent { action=ACTION_UP, keyCode=KEYCODE_DPAD_RIGHT, scanCode=106, metaState=0, flags=0x80000008, repeatCount=0, eventTime=10591127, downTime=10591056, deviceId=1, source=0x701 }
D/InputEventConsistencyVerifier( 3406):   5: sent at 10591019000000, (unhandled) KeyEvent { action=ACTION_UP, keyCode=KEYCODE_DPAD_RIGHT, scanCode=106, metaState=0, flags=0x80000008, repeatCount=0, eventTime=10591019, downTime=10590948, deviceId=1, source=0x701 }
E/NetlinkListener(   87): recvmsg mBuffer:
E/NetlinkListener(   87):  (?)
<FACTORY>send message failed -1 @L151
<AND_STUB>ERROR!!,recv AND_STUB_KEY_MSG 
<AND_STUB>private message id is 0
D/dalvikvm( 2498): GC_CONCURRENT freed 528K, 12% free 5763K/6535K, paused 1ms+1ms
E/EventHub(  180): send pin = 24,value = 0
V/PinyinIME(  918): onKeyDown:22
I/PinyinIME(  918): onKeyDown:System handler the keyevent
I/VideoPlayer( 3406): [dispatchKeyEvent] ACTION:0 keycode:22
I/        (   92): CmpbHttpLiveStreaming::getBufferPercent: i4_ret=174
V/MediaPlayerService(   92): [35] notify (0x1e7de80, 3, 17, 0)
V/MediaPlayer( 3406): message received msg=3, ext1=17, ext2=0
V/MediaPlayer( 3406): buffering 17
V/MediaPlayer( 3406): callback application
V/MediaPlayer( 3406): back from callback
<FACTORY>send message failed -1 @L151
<AND_STUB>ERROR!!,recv AND_STUB_KEY_MSG 
<AND_STUB>private message id is 0
E/EventHub(  180): send pin = 24,value = 0
I/PinyinIME(  918): onKeyUp:22
I/PinyinIME(  918): onKeyUp:System handler the keyevent
I/VideoPlayer( 3406): [dispatchKeyEvent] ACTION:1 keycode:22
D/InputEventConsistencyVerifier( 3406): KeyEvent: ACTION_UP but key was not down.
D/InputEventConsistencyVerifier( 3406):   in com.android.internal.policy.impl.PhoneWindow$DecorView@42947660
D/InputEventConsistencyVerifier( 3406):   0: sent at 10591664000000, KeyEvent { action=ACTION_UP, keyCode=KEYCODE_DPAD_RIGHT, scanCode=106, metaState=0, flags=0x8, repeatCount=0, eventTime=10591664, downTime=10591594, deviceId=1, source=0x701 }
D/InputEventConsistencyVerifier( 3406):   -- recent events --
D/InputEventConsistencyVerifier( 3406):   1: sent at 10591558000000, (unhandled) KeyEvent { action=ACTION_UP, keyCode=KEYCODE_DPAD_RIGHT, scanCode=106, metaState=0, flags=0x80000008, repeatCount=0, eventTime=10591558, downTime=10591488, deviceId=1, source=0x701 }
D/InputEventConsistencyVerifier( 3406):   2: sent at 10591450000000, (unhandled) KeyEvent { action=ACTION_UP, keyCode=KEYCODE_DPAD_RIGHT, scanCode=106, metaState=0, flags=0x80000008, repeatCount=0, eventTime=10591450, downTime=10591380, deviceId=1, source=0x701 }
D/InputEventConsistencyVerifier( 3406):   3: sent at 10591347000000, (unhandled) KeyEvent { action=ACTION_UP, keyCode=KEYCODE_DPAD_RIGHT, scanCode=106, metaState=0, flags=0x80000008, repeatCount=0, eventTime=10591347, downTime=10591272, deviceId=1, source=0x701 }
D/InputEventConsistencyVerifier( 3406):   4: sent at 10591234000000, (unhandled) KeyEvent { action=ACTION_UP, keyCode=KEYCODE_DPAD_RIGHT, scanCode=106, metaState=0, flags=0x80000008, repeatCount=0, eventTime=10591234, downTime=10591163, deviceId=1, source=0x701 }
D/InputEventConsistencyVerifier( 3406):   5: sent at 10591127000000, (unhandled) KeyEvent { action=ACTION_UP, keyCode=KEYCODE_DPAD_RIGHT, scanCode=106, metaState=0, flags=0x80000008, repeatCount=0, eventTime=10591127, downTime=10591056, deviceId=1, source=0x701 }
D/Playlist(   92): [pushmode_thread][1822]-------
D/Playlist(   92): Playlist::pushmode_thread Have sent finished one media file
D/Playlist(   92): 
D/Playlist(   92): [free_media_char_buffer][1198]-------
D/Playlist(   92): free media file 228537852
D/Playlist(   92): 
D/Playlist(   92): [free_media_char_buffer][1213]-------
D/Playlist(   92): free media data
D/Playlist(   92): 
D/Playlist(   92): [pushmode_thread][1825]-------
D/Playlist(   92): Playlist::pushmode_thread [228537852] complete push ps_url = http://cibn-live.coship.com:8090/live/coship_TWSX0000112101100000_2000/228537853.ts
D/Playlist(   92): 
D/Playlist(   92): [nextToPlay][1243]-------
D/Playlist(   92): Playlist::nextToPlay() enter!
D/Playlist(   92): 
D/Playlist(   92): [nextToPlay][1347]-------
D/Playlist(   92): Playlist::nextToPlay() return media with seq_num=228537853
D/Playlist(   92): 
D/Playlist(   92): [pushmode_thread][1828]-------
D/Playlist(   92): Playlist::pushmode_thread Begin nextToPlay
D/Playlist(   92): 
D/Playlist(   92): [pushmode_thread][1663]-------
D/Playlist(   92): Playlist::pushmode_thread [228537853] ps_url = http://cibn-live.coship.com:8090/live/coship_TWSX0000112101100000_2000/228537854.ts 2
D/Playlist(   92): 
<FACTORY>send message failed -1 @L151
<AND_STUB>ERROR!!,recv AND_STUB_KEY_MSG 
<AND_STUB>private message id is 0
D/dalvikvm( 2498): GC_CONCURRENT freed 398K, 12% free 5797K/6535K, paused 1ms+1ms
E/EventHub(  180): send pin = 24,value = 0
V/PinyinIME(  918): onKeyDown:22
I/PinyinIME(  918): onKeyDown:System handler the keyevent
I/VideoPlayer( 3406): [dispatchKeyEvent] ACTION:0 keycode:22
D/Playlist(   92): [http_download_with_change_request_retry][4260]-------
D/Playlist(   92): curl_easy_perform time return 0
D/Playlist(   92): 
D/Playlist(   92): [http_need_redownload_media][4219]-------
D/Playlist(   92): http_need_redownload_media parsed http result code:200
D/Playlist(   92): 
D/Playlist(   92): [download_media_file][3600]-------
D/Playlist(   92): http://cibn-live.coship.com:8090/live/coship_TWSX0000112101100000_2000/228537867.ts download result:0,  3609788/3609788 downloaded!
D/Playlist(   92): 
D/Playlist(   92): [download_media_file][3622]-------
D/Playlist(   92): media_seq:228537866, donwnload speed 4107.39 KBps
D/Playlist(   92): 
D/Playlist(   92): [endPush][132]-------
D/Playlist(   92): 
D/Playlist(   92): [notifyMediaStatus][1375]-------
D/Playlist(   92): notifyMediaStatus: status = 2!!
D/Playlist(   92): 
D/Playlist(   92): [popDownloadTask][471]-------
D/Playlist(   92): Playlist::popDownloadTask() enter!
D/Playlist(   92): 
D/Playlist(   92): [popDownloadTask][491]-------
D/Playlist(   92): Playlist::popDownloadTask(): pt_media seq = 228537866, switch stream=0
D/Playlist(   92): 
D/Playlist(   92): [popDownloadTask][562]-------
D/Playlist(   92): Playlist::popDownloadTask() before check memory!
D/Playlist(   92): 
D/Playlist(   92): [CanContinueDonwload][456]-------
D/Playlist(   92): CanContinueDonwload: buffer data total memory size=28573696
D/Playlist(   92): 
D/Playlist(   92): [popDownloadTask][579]-------
D/Playlist(   92): Playlist::popDownloadTask() pt_media = http://cibn-live.coship.com:8090/live/coship_TWSX0000112101100000_2000/228537868.ts, status = 0
D/Playlist(   92): 
D/Playlist(   92): [http_live_streaming_thread][3717]-------
D/Playlist(   92): http_live_streaming_thread pop sequence_number = 228537867!
D/Playlist(   92): 
<FACTORY>send message failed -1 @L151
<AND_STUB>ERROR!!,recv AND_STUB_KEY_MSG 
<AND_STUB>private message id is 0
E/EventHub(  180): send pin = 24,value = 0
I/PinyinIME(  918): onKeyUp:22
I/PinyinIME(  918): onKeyUp:System handler the keyevent
I/VideoPlayer( 3406): [dispatchKeyEvent] ACTION:1 keycode:22
D/InputEventConsistencyVerifier( 3406): KeyEvent: ACTION_UP but key was not down.
D/InputEventConsistencyVerifier( 3406):   in com.android.internal.policy.impl.PhoneWindow$DecorView@42947660
D/InputEventConsistencyVerifier( 3406):   0: sent at 10591772000000, KeyEvent { action=ACTION_UP, keyCode=KEYCODE_DPAD_RIGHT, scanCode=106, metaState=0, flags=0x8, repeatCount=0, eventTime=10591772, downTime=10591701, deviceId=1, source=0x701 }
D/InputEventConsistencyVerifier( 3406):   -- recent events --
D/InputEventConsistencyVerifier( 3406):   1: sent at 10591664000000, (unhandled) KeyEvent { action=ACTION_UP, keyCode=KEYCODE_DPAD_RIGHT, scanCode=106, metaState=0, flags=0x80000008, repeatCount=0, eventTime=10591664, downTime=10591594, deviceId=1, source=0x701 }
D/InputEventConsistencyVerifier( 3406):   2: sent at 10591558000000, (unhandled) KeyEvent { action=ACTION_UP, keyCode=KEYCODE_DPAD_RIGHT, scanCode=106, metaState=0, flags=0x80000008, repeatCount=0, eventTime=10591558, downTime=10591488, deviceId=1, source=0x701 }
D/InputEventConsistencyVerifier( 3406):   3: sent at 10591450000000, (unhandled) KeyEvent { action=ACTION_UP, keyCode=KEYCODE_DPAD_RIGHT, scanCode=106, metaState=0, flags=0x80000008, repeatCount=0, eventTime=10591450, downTime=10591380, deviceId=1, source=0x701 }
D/InputEventConsistencyVerifier( 3406):   4: sent at 10591347000000, (unhandled) KeyEvent { action=ACTION_UP, keyCode=KEYCODE_DPAD_RIGHT, scanCode=106, metaState=0, flags=0x80000008, repeatCount=0, eventTime=10591347, downTime=10591272, deviceId=1, source=0x701 }
D/InputEventConsistencyVerifier( 3406):   5: sent at 10591234000000, (unhandled) KeyEvent { action=ACTION_UP, keyCode=KEYCODE_DPAD_RIGHT, scanCode=106, metaState=0, flags=0x80000008, repeatCount=0, eventTime=10591234, downTime=10591163, deviceId=1, source=0x701 }
<FACTORY>send message failed -1 @L151
<AND_STUB>ERROR!!,recv AND_STUB_KEY_MSG 
<AND_STUB>private message id is 0
E/EventHub(  180): send pin = 24,value = 0
V/PinyinIME(  918): onKeyDown:22
I/PinyinIME(  918): onKeyDown:System handler the keyevent
I/VideoPlayer( 3406): [dispatchKeyEvent] ACTION:0 keycode:22
D/Playlist(   92): [consumeHeaderData][429]-------
D/Playlist(   92): Jinlong get content length :3515788
D/Playlist(   92): 
D/Playlist(   92): [consumeContentData][490]-------
D/Playlist(   92): create PushBuffer for sizeof:3538944
[10562.526389] star: Tx descriptor full
                                       D/Playlist(   92): 
D/Playlist(   92): [popMoniterEvent][1417]-------
D/Playlist(   92): PlaylistPlayer::popMoniterEvent wakeup with event size:1
D/Playlist(   92): 
D/Playlist(   92): [notifyMediaStatus][1375]-------
D/Playlist(   92): notifyMediaStatus: status = 1!!
D/Playlist(   92): 
<FACTORY>send message failed -1 @L151
<AND_STUB>ERROR!!,recv AND_STUB_KEY_MSG 
<AND_STUB>private message id is 0
E/EventHub(  180): send pin = 24,value = 0
I/PinyinIME(  918): onKeyUp:22
I/PinyinIME(  918): onKeyUp:System handler the keyevent
I/VideoPlayer( 3406): [dispatchKeyEvent] ACTION:1 keycode:22
D/InputEventConsistencyVerifier( 3406): KeyEvent: ACTION_UP but key was not down.
D/InputEventConsistencyVerifier( 3406):   in com.android.internal.policy.impl.PhoneWindow$DecorView@42947660
D/InputEventConsistencyVerifier( 3406):   0: sent at 10591879000000, KeyEvent { action=ACTION_UP, keyCode=KEYCODE_DPAD_RIGHT, scanCode=106, metaState=0, flags=0x8, repeatCount=0, eventTime=10591879, downTime=10591809, deviceId=1, source=0x701 }
D/InputEventConsistencyVerifier( 3406):   -- recent events --
D/InputEventConsistencyVerifier( 3406):   1: sent at 10591772000000, (unhandled) KeyEvent { action=ACTION_UP, keyCode=KEYCODE_DPAD_RIGHT, scanCode=106, metaState=0, flags=0x80000008, repeatCount=0, eventTime=10591772, downTime=10591701, deviceId=1, source=0x701 }
D/InputEventConsistencyVerifier( 3406):   2: sent at 10591664000000, (unhandled) KeyEvent { action=ACTION_UP, keyCode=KEYCODE_DPAD_RIGHT, scanCode=106, metaState=0, flags=0x80000008, repeatCount=0, eventTime=10591664, downTime=10591594, deviceId=1, source=0x701 }
D/InputEventConsistencyVerifier( 3406):   3: sent at 10591558000000, (unhandled) KeyEvent { action=ACTION_UP, keyCode=KEYCODE_DPAD_RIGHT, scanCode=106, metaState=0, flags=0x80000008, repeatCount=0, eventTime=10591558, downTime=10591488, deviceId=1, source=0x701 }
D/InputEventConsistencyVerifier( 3406):   4: sent at 10591450000000, (unhandled) KeyEvent { action=ACTION_UP, keyCode=KEYCODE_DPAD_RIGHT, scanCode=106, metaState=0, flags=0x80000008, repeatCount=0, eventTime=10591450, downTime=10591380, deviceId=1, source=0x701 }
D/InputEventConsistencyVerifier( 3406):   5: sent at 10591347000000, (unhandled) KeyEvent { action=ACTION_UP, keyCode=KEYCODE_DPAD_RIGHT, scanCode=106, metaState=0, flags=0x80000008, repeatCount=0, eventTime=10591347, downTime=10591272, deviceId=1, source=0x701 }
D/dalvikvm( 2498): GC_CONCURRENT freed 495K, 12% free 5797K/6535K, paused 1ms+2ms
<FACTORY>send message failed -1 @L151
<AND_STUB>ERROR!!,recv AND_STUB_KEY_MSG 
<AND_STUB>private message id is 0
E/EventHub(  180): send pin = 24,value = 0
V/PinyinIME(  918): onKeyDown:22
I/PinyinIME(  918): onKeyDown:System handler the keyevent
I/VideoPlayer( 3406): [dispatchKeyEvent] ACTION:0 keycode:22
E/EventHub(  180): send pin = 24,value = 0
I/PinyinIME(  918): onKeyUp:22
<FACTORY>send message failed -1 @L151
<AND_STUB>ERROR!!,recv AND_STUB_KEY_MSG 
<AND_STUB>private message id is 0
I/PinyinIME(  918): onKeyUp:System handler the keyevent
I/VideoPlayer( 3406): [dispatchKeyEvent] ACTION:1 keycode:22
D/InputEventConsistencyVerifier( 3406): KeyEvent: ACTION_UP but key was not down.
D/InputEventConsistencyVerifier( 3406):   in com.android.internal.policy.impl.PhoneWindow$DecorView@42947660
D/InputEventConsistencyVerifier( 3406):   0: sent at 10591987000000, KeyEvent { action=ACTION_UP, keyCode=KEYCODE_DPAD_RIGHT, scanCode=106, metaState=0, flags=0x8, repeatCount=0, eventTime=10591987, downTime=10591917, deviceId=1, source=0x701 }
D/InputEventConsistencyVerifier( 3406):   -- recent events --
D/InputEventConsistencyVerifier( 3406):   1: sent at 10591879000000, (unhandled) KeyEvent { action=ACTION_UP, keyCode=KEYCODE_DPAD_RIGHT, scanCode=106, metaState=0, flags=0x80000008, repeatCount=0, eventTime=10591879, downTime=10591809, deviceId=1, source=0x701 }
D/InputEventConsistencyVerifier( 3406):   2: sent at 10591772000000, (unhandled) KeyEvent { action=ACTION_UP, keyCode=KEYCODE_DPAD_RIGHT, scanCode=106, metaState=0, flags=0x80000008, repeatCount=0, eventTime=10591772, downTime=10591701, deviceId=1, source=0x701 }
D/InputEventConsistencyVerifier( 3406):   3: sent at 10591664000000, (unhandled) KeyEvent { action=ACTION_UP, keyCode=KEYCODE_DPAD_RIGHT, scanCode=106, metaState=0, flags=0x80000008, repeatCount=0, eventTime=10591664, downTime=10591594, deviceId=1, source=0x701 }
D/InputEventConsistencyVerifier( 3406):   4: sent at 10591558000000, (unhandled) KeyEvent { action=ACTION_UP, keyCode=KEYCODE_DPAD_RIGHT, scanCode=106, metaState=0, flags=0x80000008, repeatCount=0, eventTime=10591558, downTime=10591488, deviceId=1, source=0x701 }
D/InputEventConsistencyVerifier( 3406):   5: sent at 10591450000000, (unhandled) KeyEvent { action=ACTION_UP, keyCode=KEYCODE_DPAD_RIGHT, scanCode=106, metaState=0, flags=0x80000008, repeatCount=0, eventTime=10591450, downTime=10591380, deviceId=1, source=0x701 }
E/NetlinkListener(   87): recvmsg mBuffer:
E/NetlinkListener(   87):  (?)
<FACTORY>send message failed -1 @L151
<AND_STUB>ERROR!!,recv AND_STUB_KEY_MSG 
<AND_STUB>private message id is 0
E/EventHub(  180): send pin = 24,value = 0
V/PinyinIME(  918): onKeyDown:22
I/PinyinIME(  918): onKeyDown:System handler the keyevent
I/VideoPlayer( 3406): [dispatchKeyEvent] ACTION:0 keycode:22
[10562.741664] star: Tx descriptor full
                                       [10562.748156] star: Tx descriptor full
                                                                              [10562.748422] star: Tx descriptor full
                                                                                                                     <FACTORY>send message failed -1 @L151
<AND_STUB>ERROR!!,recv AND_STUB_KEY_MSG 
<AND_STUB>private message id is 0
E/EventHub(  180): send pin = 24,value = 0
I/PinyinIME(  918): onKeyUp:22
I/PinyinIME(  918): onKeyUp:System handler the keyevent
I/VideoPlayer( 3406): [dispatchKeyEvent] ACTION:1 keycode:22
D/InputEventConsistencyVerifier( 3406): KeyEvent: ACTION_UP but key was not down.
D/InputEventConsistencyVerifier( 3406):   in com.android.internal.policy.impl.PhoneWindow$DecorView@42947660
D/InputEventConsistencyVerifier( 3406):   0: sent at 10592094000000, KeyEvent { action=ACTION_UP, keyCode=KEYCODE_DPAD_RIGHT, scanCode=106, metaState=0, flags=0x8, repeatCount=0, eventTime=10592094, downTime=10592024, deviceId=1, source=0x701 }
D/InputEventConsistencyVerifier( 3406):   -- recent events --
D/InputEventConsistencyVerifier( 3406):   1: sent at 10591987000000, (unhandled) KeyEvent { action=ACTION_UP, keyCode=KEYCODE_DPAD_RIGHT, scanCode=106, metaState=0, flags=0x80000008, repeatCount=0, eventTime=10591987, downTime=10591917, deviceId=1, source=0x701 }
D/InputEventConsistencyVerifier( 3406):   2: sent at 10591879000000, (unhandled) KeyEvent { action=ACTION_UP, keyCode=KEYCODE_DPAD_RIGHT, scanCode=106, metaState=0, flags=0x80000008, repeatCount=0, eventTime=10591879, downTime=10591809, deviceId=1, source=0x701 }
D/InputEventConsistencyVerifier( 3406):   3: sent at 10591772000000, (unhandled) KeyEvent { action=ACTION_UP, keyCode=KEYCODE_DPAD_RIGHT, scanCode=106, metaState=0, flags=0x80000008, repeatCount=0, eventTime=10591772, downTime=10591701, deviceId=1, source=0x701 }
D/InputEventConsistencyVerifier( 3406):   4: sent at 10591664000000, (unhandled) KeyEvent { action=ACTION_UP, keyCode=KEYCODE_DPAD_RIGHT, scanCode=106, metaState=0, flags=0x80000008, repeatCount=0, eventTime=10591664, downTime=10591594, deviceId=1, source=0x701 }
D/InputEventConsistencyVerifier( 3406):   5: sent at 10591558000000, (unhandled) KeyEvent { action=ACTION_UP, keyCode=KEYCODE_DPAD_RIGHT, scanCode=106, metaState=0, flags=0x80000008, repeatCount=0, eventTime=10591558, downTime=10591488, deviceId=1, source=0x701 }
<FACTORY>send message failed -1 @L151
<AND_STUB>ERROR!!,recv AND_STUB_KEY_MSG 
<AND_STUB>private message id is 0
E/EventHub(  180): send pin = 24,value = 0
I/        (   92): CmpbHttpLiveStreaming::getBufferPercent: i4_ret=176
V/MediaPlayerService(   92): [35] notify (0x1e7de80, 3, 17, 0)
V/PinyinIME(  918): onKeyDown:22
I/PinyinIME(  918): onKeyDown:System handler the keyevent
V/MediaPlayer( 3406): message received msg=3, ext1=17, ext2=0
V/MediaPlayer( 3406): buffering 17
V/MediaPlayer( 3406): callback application
V/MediaPlayer( 3406): back from callback
I/VideoPlayer( 3406): [dispatchKeyEvent] ACTION:0 keycode:22
D/dalvikvm( 2498): GC_CONCURRENT freed 536K, 12% free 5783K/6535K, paused 18ms+2ms
<FACTORY>send message failed -1 @L151
<AND_STUB>ERROR!!,recv AND_STUB_KEY_MSG 
<AND_STUB>private message id is 0
E/EventHub(  180): send pin = 24,value = 0
I/PinyinIME(  918): onKeyUp:22
I/PinyinIME(  918): onKeyUp:System handler the keyevent
I/VideoPlayer( 3406): [dispatchKeyEvent] ACTION:1 keycode:22
D/InputEventConsistencyVerifier( 3406): KeyEvent: ACTION_UP but key was not down.
D/InputEventConsistencyVerifier( 3406):   in com.android.internal.policy.impl.PhoneWindow$DecorView@42947660
D/InputEventConsistencyVerifier( 3406):   0: sent at 10592202000000, KeyEvent { action=ACTION_UP, keyCode=KEYCODE_DPAD_RIGHT, scanCode=106, metaState=0, flags=0x8, repeatCount=0, eventTime=10592202, downTime=10592132, deviceId=1, source=0x701 }
D/InputEventConsistencyVerifier( 3406):   -- recent events --
D/InputEventConsistencyVerifier( 3406):   1: sent at 10592094000000, (unhandled) KeyEvent { action=ACTION_UP, keyCode=KEYCODE_DPAD_RIGHT, scanCode=106, metaState=0, flags=0x80000008, repeatCount=0, eventTime=10592094, downTime=10592024, deviceId=1, source=0x701 }
D/InputEventConsistencyVerifier( 3406):   2: sent at 10591987000000, (unhandled) KeyEvent { action=ACTION_UP, keyCode=KEYCODE_DPAD_RIGHT, scanCode=106, metaState=0, flags=0x80000008, repeatCount=0, eventTime=10591987, downTime=10591917, deviceId=1, source=0x701 }
D/InputEventConsistencyVerifier( 3406):   3: sent at 10591879000000, (unhandled) KeyEvent { action=ACTION_UP, keyCode=KEYCODE_DPAD_RIGHT, scanCode=106, metaState=0, flags=0x80000008, repeatCount=0, eventTime=10591879, downTime=10591809, deviceId=1, source=0x701 }
D/InputEventConsistencyVerifier( 3406):   4: sent at 10591772000000, (unhandled) KeyEvent { action=ACTION_UP, keyCode=KEYCODE_DPAD_RIGHT, scanCode=106, metaState=0, flags=0x80000008, repeatCount=0, eventTime=10591772, downTime=10591701, deviceId=1, source=0x701 }
D/InputEventConsistencyVerifier( 3406):   5: sent at 10591664000000, (unhandled) KeyEvent { action=ACTION_UP, keyCode=KEYCODE_DPAD_RIGHT, scanCode=106, metaState=0, flags=0x80000008, repeatCount=0, eventTime=10591664, downTime=10591594, deviceId=1, source=0x701 }
<FACTORY>send message failed -1 @L151
<AND_STUB>ERROR!!,recv AND_STUB_KEY_MSG 
<AND_STUB>private message id is 0
E/EventHub(  180): send pin = 24,value = 0
V/PinyinIME(  918): onKeyDown:22
I/PinyinIME(  918): onKeyDown:System handler the keyevent
I/VideoPlayer( 3406): [dispatchKeyEvent] ACTION:0 keycode:22
<FACTORY>send message failed -1 @L151
<AND_STUB>ERROR!!,recv AND_STUB_KEY_MSG 
<AND_STUB>private message id is 0
E/EventHub(  180): send pin = 24,value = 0
I/PinyinIME(  918): onKeyUp:22
I/PinyinIME(  918): onKeyUp:System handler the keyevent
I/VideoPlayer( 3406): [dispatchKeyEvent] ACTION:1 keycode:22
D/InputEventConsistencyVerifier( 3406): KeyEvent: ACTION_UP but key was not down.
D/InputEventConsistencyVerifier( 3406):   in com.android.internal.policy.impl.PhoneWindow$DecorView@42947660
D/InputEventConsistencyVerifier( 3406):   0: sent at 10592311000000, KeyEvent { action=ACTION_UP, keyCode=KEYCODE_DPAD_RIGHT, scanCode=106, metaState=0, flags=0x8, repeatCount=0, eventTime=10592311, downTime=10592240, deviceId=1, source=0x701 }
D/InputEventConsistencyVerifier( 3406):   -- recent events --
D/InputEventConsistencyVerifier( 3406):   1: sent at 10592202000000, (unhandled) KeyEvent { action=ACTION_UP, keyCode=KEYCODE_DPAD_RIGHT, scanCode=106, metaState=0, flags=0x80000008, repeatCount=0, eventTime=10592202, downTime=10592132, deviceId=1, source=0x701 }
D/InputEventConsistencyVerifier( 3406):   2: sent at 10592094000000, (unhandled) KeyEvent { action=ACTION_UP, keyCode=KEYCODE_DPAD_RIGHT, scanCode=106, metaState=0, flags=0x80000008, repeatCount=0, eventTime=10592094, downTime=10592024, deviceId=1, source=0x701 }
D/InputEventConsistencyVerifier( 3406):   3: sent at 10591987000000, (unhandled) KeyEvent { action=ACTION_UP, keyCode=KEYCODE_DPAD_RIGHT, scanCode=106, metaState=0, flags=0x80000008, repeatCount=0, eventTime=10591987, downTime=10591917, deviceId=1, source=0x701 }
D/InputEventConsistencyVerifier( 3406):   4: sent at 10591879000000, (unhandled) KeyEvent { action=ACTION_UP, keyCode=KEYCODE_DPAD_RIGHT, scanCode=106, metaState=0, flags=0x80000008, repeatCount=0, eventTime=10591879, downTime=10591809, deviceId=1, source=0x701 }
D/InputEventConsistencyVerifier( 3406):   5: sent at 10591772000000, (unhandled) KeyEvent { action=ACTION_UP, keyCode=KEYCODE_DPAD_RIGHT, scanCode=106, metaState=0, flags=0x80000008, repeatCount=0, eventTime=10591772, downTime=10591701, deviceId=1, source=0x701 }
<FACTORY>send message failed -1 @L151
<AND_STUB>ERROR!!,recv AND_STUB_KEY_MSG 
<AND_STUB>private message id is 0
E/EventHub(  180): send pin = 24,value = 0
V/PinyinIME(  918): onKeyDown:22
I/PinyinIME(  918): onKeyDown:System handler the keyevent
I/VideoPlayer( 3406): [dispatchKeyEvent] ACTION:0 keycode:22
D/Playlist(   92): [popMoniterEvent][1417]-------
D/Playlist(   92): PlaylistPlayer::popMoniterEvent wakeup with event size:1
D/Playlist(   92): 
E/NetlinkListener(   87): recvmsg mBuffer:
E/NetlinkListener(   87):  (?)
D/dalvikvm( 2498): GC_CONCURRENT freed 455K, 12% free 5767K/6535K, paused 1ms+1ms
D/Playlist(   92): [http_download_with_change_request_retry][4260]-------
D/Playlist(   92): curl_easy_perform time return 0
D/Playlist(   92): 
D/Playlist(   92): [http_need_redownload_media][4219]-------
D/Playlist(   92): http_need_redownload_media parsed http result code:200
D/Playlist(   92): 
D/Playlist(   92): [download_media_file][3600]-------
D/Playlist(   92): http://cibn-live.coship.com:8090/live/coship_TWSX0000112101100000_2000/228537868.ts download result:0,  3515788/3515788 downloaded!
D/Playlist(   92): 
D/Playlist(   92): [download_media_file][3622]-------
D/Playlist(   92): media_seq:228537867, donwnload speed 5018.08 KBps
D/Playlist(   92): 
D/Playlist(   92): [endPush][132]-------
D/Playlist(   92): 
D/Playlist(   92): [notifyMediaStatus][1375]-------
D/Playlist(   92): notifyMediaStatus: status = 2!!
D/Playlist(   92): 
D/Playlist(   92): [popDownloadTask][471]-------
D/Playlist(   92): Playlist::popDownloadTask() enter!
D/Playlist(   92): 
D/Playlist(   92): [popDownloadTask][491]-------
