D/InputEventConsistencyVerifier( 3406):   3: sent at 10594995000000, (unhandled) KeyEvent { action=ACTION_UP, keyCode=KEYCODE_DPAD_RIGHT, scanCode=106, metaState=0, flags=0x80000008, repeatCount=0, eventTime=10594995, downTime=10594924, deviceId=1, source=0x701 }
D/InputEventConsistencyVerifier( 3406):   4: sent at 10594887000000, (unhandled) KeyEvent { action=ACTION_UP, keyCode=KEYCODE_DPAD_RIGHT, scanCode=106, metaState=0, flags=0x80000008, repeatCount=0, eventTime=10594887, downTime=10594817, deviceId=1, source=0x701 }
D/InputEventConsistencyVerifier( 3406):   5: sent at 10594780000000, (unhandled) KeyEvent { action=ACTION_UP, keyCode=KEYCODE_DPAD_RIGHT, scanCode=106, metaState=0, flags=0x80000008, repeatCount=0, eventTime=10594780, downTime=10594710, deviceId=1, source=0x701 }
E/EventHub(  180): send pin = 24,value = 0
V/PinyinIME(  918): onKeyDown:22
I/PinyinIME(  918): onKeyDown:System handler the keyevent
I/VideoPlayer( 3406): [dispatchKeyEvent] ACTION:0 keycode:22
D/Playlist(   92): [popMoniterEvent][1417]-------
D/Playlist(   92): PlaylistPlayer::popMoniterEvent wakeup with event size:1
D/Playlist(   92): 
E/EventHub(  180): send pin = 24,value = 0
I/PinyinIME(  918): onKeyUp:22
I/PinyinIME(  918): onKeyUp:System handler the keyevent
I/VideoPlayer( 3406): [dispatchKeyEvent] ACTION:1 keycode:22
D/InputEventConsistencyVerifier( 3406): KeyEvent: ACTION_UP but key was not down.
D/InputEventConsistencyVerifier( 3406):   in com.android.internal.policy.impl.PhoneWindow$DecorView@42947660
D/InputEventConsistencyVerifier( 3406):   0: sent at 10595424000000, KeyEvent { action=ACTION_UP, keyCode=KEYCODE_DPAD_RIGHT, scanCode=106, metaState=0, flags=0x8, repeatCount=0, eventTime=10595424, downTime=10595354, deviceId=1, source=0x701 }
D/InputEventConsistencyVerifier( 3406):   -- recent events --
D/InputEventConsistencyVerifier( 3406):   1: sent at 10595317000000, (unhandled) KeyEvent { action=ACTION_UP, keyCode=KEYCODE_DPAD_RIGHT, scanCode=106, metaState=0, flags=0x80000008, repeatCount=0, eventTime=10595317, downTime=10595247, deviceId=1, source=0x701 }
D/InputEventConsistencyVerifier( 3406):   2: sent at 10595210000000, (unhandled) KeyEvent { action=ACTION_UP, keyCode=KEYCODE_DPAD_RIGHT, scanCode=106, metaState=0, flags=0x80000008, repeatCount=0, eventTime=10595210, downTime=10595139, deviceId=1, source=0x701 }
D/InputEventConsistencyVerifier( 3406):   3: sent at 10595102000000, (unhandled) KeyEvent { action=ACTION_UP, keyCode=KEYCODE_DPAD_RIGHT, scanCode=106, metaState=0, flags=0x80000008, repeatCount=0, eventTime=10595102, downTime=10595032, deviceId=1, source=0x701 }
D/InputEventConsistencyVerifier( 3406):   4: sent at 10594995000000, (unhandled) KeyEvent { action=ACTION_UP, keyCode=KEYCODE_DPAD_RIGHT, scanCode=106, metaState=0, flags=0x80000008, repeatCount=0, eventTime=10594995, downTime=10594924, deviceId=1, source=0x701 }
D/InputEventConsistencyVerifier( 3406):   5: sent at 10594887000000, (unhandled) KeyEvent { action=ACTION_UP, keyCode=KEYCODE_DPAD_RIGHT, scanCode=106, metaState=0, flags=0x80000008, repeatCount=0, eventTime=10594887, downTime=10594817, deviceId=1, source=0x701 }
E/EventHub(  180): send pin = 24,value = 0
V/PinyinIME(  918): onKeyDown:22
I/PinyinIME(  918): onKeyDown:System handler the keyevent
I/VideoPlayer( 3406): [dispatchKeyEvent] ACTION:0 keycode:22
E/EventHub(  180): send pin = 24,value = 0
I/PinyinIME(  918): onKeyUp:22
I/PinyinIME(  918): onKeyUp:System handler the keyevent
I/VideoPlayer( 3406): [dispatchKeyEvent] ACTION:1 keycode:22
D/InputEventConsistencyVerifier( 3406): KeyEvent: ACTION_UP but key was not down.
D/InputEventConsistencyVerifier( 3406):   in com.android.internal.policy.impl.PhoneWindow$DecorView@42947660
D/InputEventConsistencyVerifier( 3406):   0: sent at 10595532000000, KeyEvent { action=ACTION_UP, keyCode=KEYCODE_DPAD_RIGHT, scanCode=106, metaState=0, flags=0x8, repeatCount=0, eventTime=10595532, downTime=10595461, deviceId=1, source=0x701 }
D/InputEventConsistencyVerifier( 3406):   -- recent events --
D/InputEventConsistencyVerifier( 3406):   1: sent at 10595424000000, (unhandled) KeyEvent { action=ACTION_UP, keyCode=KEYCODE_DPAD_RIGHT, scanCode=106, metaState=0, flags=0x80000008, repeatCount=0, eventTime=10595424, downTime=10595354, deviceId=1, source=0x701 }
D/InputEventConsistencyVerifier( 3406):   2: sent at 10595317000000, (unhandled) KeyEvent { action=ACTION_UP, keyCode=KEYCODE_DPAD_RIGHT, scanCode=106, metaState=0, flags=0x80000008, repeatCount=0, eventTime=10595317, downTime=10595247, deviceId=1, source=0x701 }
D/InputEventConsistencyVerifier( 3406):   3: sent at 10595210000000, (unhandled) KeyEvent { action=ACTION_UP, keyCode=KEYCODE_DPAD_RIGHT, scanCode=106, metaState=0, flags=0x80000008, repeatCount=0, eventTime=10595210, downTime=10595139, deviceId=1, source=0x701 }
D/InputEventConsistencyVerifier( 3406):   4: sent at 10595102000000, (unhandled) KeyEvent { action=ACTION_UP, keyCode=KEYCODE_DPAD_RIGHT, scanCode=106, metaState=0, flags=0x80000008, repeatCount=0, eventTime=10595102, downTime=10595032, deviceId=1, source=0x701 }
D/InputEventConsistencyVerifier( 3406):   5: sent at 10594995000000, (unhandled) KeyEvent { action=ACTION_UP, keyCode=KEYCODE_DPAD_RIGHT, scanCode=106, metaState=0, flags=0x80000008, repeatCount=0, eventTime=10594995, downTime=10594924, deviceId=1, source=0x701 }
E/EventHub(  180): send pin = 24,value = 0
V/PinyinIME(  918): onKeyDown:22
I/PinyinIME(  918): onKeyDown:System handler the keyevent
I/VideoPlayer( 3406): [dispatchKeyEvent] ACTION:0 keycode:22
E/EventHub(  180): send pin = 24,value = 0
I/PinyinIME(  918): onKeyUp:22
I/PinyinIME(  918): onKeyUp:System handler the keyevent
I/VideoPlayer( 3406): [dispatchKeyEvent] ACTION:1 keycode:22
I/        (   92): CmpbHttpLiveStreaming::getBufferPercent: i4_ret=176
V/MediaPlayerService(   92): [35] notify (0x1e7de80, 3, 17, 0)
V/MediaPlayer( 3406): message received msg=3, ext1=17, ext2=0
V/MediaPlayer( 3406): buffering 17
V/MediaPlayer( 3406): callback application
V/MediaPlayer( 3406): back from callback
D/InputEventConsistencyVerifier( 3406): KeyEvent: ACTION_UP but key was not down.
D/InputEventConsistencyVerifier( 3406):   in com.android.internal.policy.impl.PhoneWindow$DecorView@42947660
D/InputEventConsistencyVerifier( 3406):   0: sent at 10595639000000, KeyEvent { action=ACTION_UP, keyCode=KEYCODE_DPAD_RIGHT, scanCode=106, metaState=0, flags=0x8, repeatCount=0, eventTime=10595639, downTime=10595569, deviceId=1, source=0x701 }
D/InputEventConsistencyVerifier( 3406):   -- recent events --
D/InputEventConsistencyVerifier( 3406):   1: sent at 10595532000000, (unhandled) KeyEvent { action=ACTION_UP, keyCode=KEYCODE_DPAD_RIGHT, scanCode=106, metaState=0, flags=0x80000008, repeatCount=0, eventTime=10595532, downTime=10595461, deviceId=1, source=0x701 }
D/InputEventConsistencyVerifier( 3406):   2: sent at 10595424000000, (unhandled) KeyEvent { action=ACTION_UP, keyCode=KEYCODE_DPAD_RIGHT, scanCode=106, metaState=0, flags=0x80000008, repeatCount=0, eventTime=10595424, downTime=10595354, deviceId=1, source=0x701 }
D/InputEventConsistencyVerifier( 3406):   3: sent at 10595317000000, (unhandled) KeyEvent { action=ACTION_UP, keyCode=KEYCODE_DPAD_RIGHT, scanCode=106, metaState=0, flags=0x80000008, repeatCount=0, eventTime=10595317, downTime=10595247, deviceId=1, source=0x701 }
D/InputEventConsistencyVerifier( 3406):   4: sent at 10595210000000, (unhandled) KeyEvent { action=ACTION_UP, keyCode=KEYCODE_DPAD_RIGHT, scanCode=106, metaState=0, flags=0x80000008, repeatCount=0, eventTime=10595210, downTime=10595139, deviceId=1, source=0x701 }
D/InputEventConsistencyVerifier( 3406):   5: sent at 10595102000000, (unhandled) KeyEvent { action=ACTION_UP, keyCode=KEYCODE_DPAD_RIGHT, scanCode=106, metaState=0, flags=0x80000008, repeatCount=0, eventTime=10595102, downTime=10595032, deviceId=1, source=0x701 }
E/EventHub(  180): send pin = 24,value = 0
V/PinyinIME(  918): onKeyDown:22
I/PinyinIME(  918): onKeyDown:System handler the keyevent
I/VideoPlayer( 3406): [dispatchKeyEvent] ACTION:0 keycode:22
E/EventHub(  180): send pin = 24,value = 0
I/PinyinIME(  918): onKeyUp:22
I/PinyinIME(  918): onKeyUp:System handler the keyevent
I/VideoPlayer( 3406): [dispatchKeyEvent] ACTION:1 keycode:22
D/InputEventConsistencyVerifier( 3406): KeyEvent: ACTION_UP but key was not down.
D/InputEventConsistencyVerifier( 3406):   in com.android.internal.policy.impl.PhoneWindow$DecorView@42947660
D/InputEventConsistencyVerifier( 3406):   0: sent at 10595746000000, KeyEvent { action=ACTION_UP, keyCode=KEYCODE_DPAD_RIGHT, scanCode=106, metaState=0, flags=0x8, repeatCount=0, eventTime=10595746, downTime=10595676, deviceId=1, source=0x701 }
D/InputEventConsistencyVerifier( 3406):   -- recent events --
D/InputEventConsistencyVerifier( 3406):   1: sent at 10595639000000, (unhandled) KeyEvent { action=ACTION_UP, keyCode=KEYCODE_DPAD_RIGHT, scanCode=106, metaState=0, flags=0x80000008, repeatCount=0, eventTime=10595639, downTime=10595569, deviceId=1, source=0x701 }
D/InputEventConsistencyVerifier( 3406):   2: sent at 10595532000000, (unhandled) KeyEvent { action=ACTION_UP, keyCode=KEYCODE_DPAD_RIGHT, scanCode=106, metaState=0, flags=0x80000008, repeatCount=0, eventTime=10595532, downTime=10595461, deviceId=1, source=0x701 }
D/InputEventConsistencyVerifier( 3406):   3: sent at 10595424000000, (unhandled) KeyEvent { action=ACTION_UP, keyCode=KEYCODE_DPAD_RIGHT, scanCode=106, metaState=0, flags=0x80000008, repeatCount=0, eventTime=10595424, downTime=10595354, deviceId=1, source=0x701 }
D/InputEventConsistencyVerifier( 3406):   4: sent at 10595317000000, (unhandled) KeyEvent { action=ACTION_UP, keyCode=KEYCODE_DPAD_RIGHT, scanCode=106, metaState=0, flags=0x80000008, repeatCount=0, eventTime=10595317, downTime=10595247, deviceId=1, source=0x701 }
D/InputEventConsistencyVerifier( 3406):   5: sent at 10595210000000, (unhandled) KeyEvent { action=ACTION_UP, keyCode=KEYCODE_DPAD_RIGHT, scanCode=106, metaState=0, flags=0x80000008, repeatCount=0, eventTime=10595210, downTime=10595139, deviceId=1, source=0x701 }
E/EventHub(  180): send pin = 24,value = 0
V/PinyinIME(  918): onKeyDown:22
I/PinyinIME(  918): onKeyDown:System handler the keyevent
I/VideoPlayer( 3406): [dispatchKeyEvent] ACTION:0 keycode:22
E/EventHub(  180): send pin = 24,value = 0
I/PinyinIME(  918): onKeyUp:22
I/PinyinIME(  918): onKeyUp:System handler the keyevent
I/VideoPlayer( 3406): [dispatchKeyEvent] ACTION:1 keycode:22
D/InputEventConsistencyVerifier( 3406): KeyEvent: ACTION_UP but key was not down.
D/InputEventConsistencyVerifier( 3406):   in com.android.internal.policy.impl.PhoneWindow$DecorView@42947660
D/InputEventConsistencyVerifier( 3406):   0: sent at 10595854000000, KeyEvent { action=ACTION_UP, keyCode=KEYCODE_DPAD_RIGHT, scanCode=106, metaState=0, flags=0x8, repeatCount=0, eventTime=10595854, downTime=10595784, deviceId=1, source=0x701 }
D/InputEventConsistencyVerifier( 3406):   -- recent events --
D/InputEventConsistencyVerifier( 3406):   1: sent at 10595746000000, (unhandled) KeyEvent { action=ACTION_UP, keyCode=KEYCODE_DPAD_RIGHT, scanCode=106, metaState=0, flags=0x80000008, repeatCount=0, eventTime=10595746, downTime=10595676, deviceId=1, source=0x701 }
D/InputEventConsistencyVerifier( 3406):   2: sent at 10595639000000, (unhandled) KeyEvent { action=ACTION_UP, keyCode=KEYCODE_DPAD_RIGHT, scanCode=106, metaState=0, flags=0x80000008, repeatCount=0, eventTime=10595639, downTime=10595569, deviceId=1, source=0x701 }
D/InputEventConsistencyVerifier( 3406):   3: sent at 10595532000000, (unhandled) KeyEvent { action=ACTION_UP, keyCode=KEYCODE_DPAD_RIGHT, scanCode=106, metaState=0, flags=0x80000008, repeatCount=0, eventTime=10595532, downTime=10595461, deviceId=1, source=0x701 }
D/InputEventConsistencyVerifier( 3406):   4: sent at 10595424000000, (unhandled) KeyEvent { action=ACTION_UP, keyCode=KEYCODE_DPAD_RIGHT, scanCode=106, metaState=0, flags=0x80000008, repeatCount=0, eventTime=10595424, downTime=10595354, deviceId=1, source=0x701 }
D/InputEventConsistencyVerifier( 3406):   5: sent at 10595317000000, (unhandled) KeyEvent { action=ACTION_UP, keyCode=KEYCODE_DPAD_RIGHT, scanCode=106, metaState=0, flags=0x80000008, repeatCount=0, eventTime=10595317, downTime=10595247, deviceId=1, source=0x701 }
E/EventHub(  180): send pin = 24,value = 0
V/PinyinIME(  918): onKeyDown:22
I/PinyinIME(  918): onKeyDown:System handler the keyevent
I/VideoPlayer( 3406): [dispatchKeyEvent] ACTION:0 keycode:22
D/Playlist(   92): [popMoniterEvent][1417]-------
D/Playlist(   92): PlaylistPlayer::popMoniterEvent wakeup with event size:1
D/Playlist(   92): 
E/EventHub(  180): send pin = 24,value = 0
I/PinyinIME(  918): onKeyUp:22
I/PinyinIME(  918): onKeyUp:System handler the keyevent
I/VideoPlayer( 3406): [dispatchKeyEvent] ACTION:1 keycode:22
D/InputEventConsistencyVerifier( 3406): KeyEvent: ACTION_UP but key was not down.
D/InputEventConsistencyVerifier( 3406):   in com.android.internal.policy.impl.PhoneWindow$DecorView@42947660
D/InputEventConsistencyVerifier( 3406):   0: sent at 10595961000000, KeyEvent { action=ACTION_UP, keyCode=KEYCODE_DPAD_RIGHT, scanCode=106, metaState=0, flags=0x8, repeatCount=0, eventTime=10595961, downTime=10595891, deviceId=1, source=0x701 }
D/InputEventConsistencyVerifier( 3406):   -- recent events --
D/InputEventConsistencyVerifier( 3406):   1: sent at 10595854000000, (unhandled) KeyEvent { action=ACTION_UP, keyCode=KEYCODE_DPAD_RIGHT, scanCode=106, metaState=0, flags=0x80000008, repeatCount=0, eventTime=10595854, downTime=10595784, deviceId=1, source=0x701 }
D/InputEventConsistencyVerifier( 3406):   2: sent at 10595746000000, (unhandled) KeyEvent { action=ACTION_UP, keyCode=KEYCODE_DPAD_RIGHT, scanCode=106, metaState=0, flags=0x80000008, repeatCount=0, eventTime=10595746, downTime=10595676, deviceId=1, source=0x701 }
D/InputEventConsistencyVerifier( 3406):   3: sent at 10595639000000, (unhandled) KeyEvent { action=ACTION_UP, keyCode=KEYCODE_DPAD_RIGHT, scanCode=106, metaState=0, flags=0x80000008, repeatCount=0, eventTime=10595639, downTime=10595569, deviceId=1, source=0x701 }
D/InputEventConsistencyVerifier( 3406):   4: sent at 10595532000000, (unhandled) KeyEvent { action=ACTION_UP, keyCode=KEYCODE_DPAD_RIGHT, scanCode=106, metaState=0, flags=0x80000008, repeatCount=0, eventTime=10595532, downTime=10595461, deviceId=1, source=0x701 }
D/InputEventConsistencyVerifier( 3406):   5: sent at 10595424000000, (unhandled) KeyEvent { action=ACTION_UP, keyCode=KEYCODE_DPAD_RIGHT, scanCode=106, metaState=0, flags=0x80000008, repeatCount=0, eventTime=10595424, downTime=10595354, deviceId=1, source=0x701 }
E/EventHub(  180): send pin = 24,value = 0
V/PinyinIME(  918): onKeyDown:22
I/PinyinIME(  918): onKeyDown:System handler the keyevent
I/VideoPlayer( 3406): [dispatchKeyEvent] ACTION:0 keycode:22
E/EventHub(  180): send pin = 24,value = 0
I/PinyinIME(  918): onKeyUp:22
I/PinyinIME(  918): onKeyUp:System handler the keyevent
I/VideoPlayer( 3406): [dispatchKeyEvent] ACTION:1 keycode:22
D/InputEventConsistencyVerifier( 3406): KeyEvent: ACTION_UP but key was not down.
D/InputEventConsistencyVerifier( 3406):   in com.android.internal.policy.impl.PhoneWindow$DecorView@42947660
D/InputEventConsistencyVerifier( 3406):   0: sent at 10596069000000, KeyEvent { action=ACTION_UP, keyCode=KEYCODE_DPAD_RIGHT, scanCode=106, metaState=0, flags=0x8, repeatCount=0, eventTime=10596069, downTime=10595998, deviceId=1, source=0x701 }
D/InputEventConsistencyVerifier( 3406):   -- recent events --
D/InputEventConsistencyVerifier( 3406):   1: sent at 10595961000000, (unhandled) KeyEvent { action=ACTION_UP, keyCode=KEYCODE_DPAD_RIGHT, scanCode=106, metaState=0, flags=0x80000008, repeatCount=0, eventTime=10595961, downTime=10595891, deviceId=1, source=0x701 }
D/InputEventConsistencyVerifier( 3406):   2: sent at 10595854000000, (unhandled) KeyEvent { action=ACTION_UP, keyCode=KEYCODE_DPAD_RIGHT, scanCode=106, metaState=0, flags=0x80000008, repeatCount=0, eventTime=10595854, downTime=10595784, deviceId=1, source=0x701 }
D/InputEventConsistencyVerifier( 3406):   3: sent at 10595746000000, (unhandled) KeyEvent { action=ACTION_UP, keyCode=KEYCODE_DPAD_RIGHT, scanCode=106, metaState=0, flags=0x80000008, repeatCount=0, eventTime=10595746, downTime=10595676, deviceId=1, source=0x701 }
D/InputEventConsistencyVerifier( 3406):   4: sent at 10595639000000, (unhandled) KeyEvent { action=ACTION_UP, keyCode=KEYCODE_DPAD_RIGHT, scanCode=106, metaState=0, flags=0x80000008, repeatCount=0, eventTime=10595639, downTime=10595569, deviceId=1, source=0x701 }
D/InputEventConsistencyVerifier( 3406):   5: sent at 10595532000000, (unhandled) KeyEvent { action=ACTION_UP, keyCode=KEYCODE_DPAD_RIGHT, scanCode=106, metaState=0, flags=0x80000008, repeatCount=0, eventTime=10595532, downTime=10595461, deviceId=1, source=0x701 }
E/EventHub(  180): send pin = 24,value = 0
V/PinyinIME(  918): onKeyDown:22
I/PinyinIME(  918): onKeyDown:System handler the keyevent
I/VideoPlayer( 3406): [dispatchKeyEvent] ACTION:0 keycode:22
I/        (   92): CmpbHttpLiveStreaming::getBufferPercent: i4_ret=176
V/MediaPlayerService(   92): [35] notify (0x1e7de80, 3, 17, 0)
V/MediaPlayer( 3406): message received msg=3, ext1=17, ext2=0
V/MediaPlayer( 3406): buffering 17
V/MediaPlayer( 3406): callback application
V/MediaPlayer( 3406): back from callback
E/EventHub(  180): send pin = 24,value = 0
I/PinyinIME(  918): onKeyUp:22
I/PinyinIME(  918): onKeyUp:System handler the keyevent
I/VideoPlayer( 3406): [dispatchKeyEvent] ACTION:1 keycode:22
D/InputEventConsistencyVerifier( 3406): KeyEvent: ACTION_UP but key was not down.
D/InputEventConsistencyVerifier( 3406):   in com.android.internal.policy.impl.PhoneWindow$DecorView@42947660
D/InputEventConsistencyVerifier( 3406):   0: sent at 10596176000000, KeyEvent { action=ACTION_UP, keyCode=KEYCODE_DPAD_RIGHT, scanCode=106, metaState=0, flags=0x8, repeatCount=0, eventTime=10596176, downTime=10596106, deviceId=1, source=0x701 }
D/InputEventConsistencyVerifier( 3406):   -- recent events --
D/InputEventConsistencyVerifier( 3406):   1: sent at 10596069000000, (unhandled) KeyEvent { action=ACTION_UP, keyCode=KEYCODE_DPAD_RIGHT, scanCode=106, metaState=0, flags=0x80000008, repeatCount=0, eventTime=10596069, downTime=10595998, deviceId=1, source=0x701 }
D/InputEventConsistencyVerifier( 3406):   2: sent at 10595961000000, (unhandled) KeyEvent { action=ACTION_UP, keyCode=KEYCODE_DPAD_RIGHT, scanCode=106, metaState=0, flags=0x80000008, repeatCount=0, eventTime=10595961, downTime=10595891, deviceId=1, source=0x701 }
D/InputEventConsistencyVerifier( 3406):   3: sent at 10595854000000, (unhandled) KeyEvent { action=ACTION_UP, keyCode=KEYCODE_DPAD_RIGHT, scanCode=106, metaState=0, flags=0x80000008, repeatCount=0, eventTime=10595854, downTime=10595784, deviceId=1, source=0x701 }
D/InputEventConsistencyVerifier( 3406):   4: sent at 10595746000000, (unhandled) KeyEvent { action=ACTION_UP, keyCode=KEYCODE_DPAD_RIGHT, scanCode=106, metaState=0, flags=0x80000008, repeatCount=0, eventTime=10595746, downTime=10595676, deviceId=1, source=0x701 }
D/InputEventConsistencyVerifier( 3406):   5: sent at 10595639000000, (unhandled) KeyEvent { action=ACTION_UP, keyCode=KEYCODE_DPAD_RIGHT, scanCode=106, metaState=0, flags=0x80000008, repeatCount=0, eventTime=10595639, downTime=10595569, deviceId=1, source=0x701 }
D/Playlist(   92): [pushmode_thread][1822]-------
D/Playlist(   92): Playlist::pushmode_thread Have sent finished one media file
D/Playlist(   92): 
D/Playlist(   92): [free_media_char_buffer][1198]-------
D/Playlist(   92): free media file 228537853
D/Playlist(   92): 
D/Playlist(   92): [free_media_char_buffer][1213]-------
D/Playlist(   92): free media data
D/Playlist(   92): 
D/Playlist(   92): [pushmode_thread][1825]-------
D/Playlist(   92): Playlist::pushmode_thread [228537853] complete push ps_url = http://cibn-live.coship.com:8090/live/coship_TWSX0000112101100000_2000/228537854.ts
D/Playlist(   92): 
D/Playlist(   92): [nextToPlay][1243]-------
D/Playlist(   92): Playlist::nextToPlay() enter!
D/Playlist(   92): 
D/Playlist(   92): [nextToPlay][1347]-------
D/Playlist(   92): Playlist::nextToPlay() return media with seq_num=228537854
D/Playlist(   92): 
D/Playlist(   92): [popDownloadTask][568]-------
D/Playlist(   92): [pushmode_thread][1828]-------
D/Playlist(   92): Playlist::pushmode_thread Begin nextToPlay
D/Playlist(   92): Playlist::popDownloadTask() resume from pushWaiter!
D/Playlist(   92): 
D/Playlist(   92): 
D/Playlist(   92): [pushmode_thread][1663]-------
D/Playlist(   92): [popDownloadTask][491]-------
D/Playlist(   92): Playlist::pushmode_thread [228537854] ps_url = http://cibn-live.coship.com:8090/live/coship_TWSX0000112101100000_2000/228537855.ts 2
D/Playlist(   92): Playlist::popDownloadTask(): pt_media seq = 228537867, switch stream=0
D/Playlist(   92): 
D/Playlist(   92): 
D/Playlist(   92): [popDownloadTask][562]-------
D/Playlist(   92): Playlist::popDownloadTask() before check memory!
D/Playlist(   92): 
D/Playlist(   92): [CanContinueDonwload][456]-------
D/Playlist(   92): CanContinueDonwload: buffer data total memory size=30375936
D/Playlist(   92): 
D/Playlist(   92): [popDownloadTask][579]-------
D/Playlist(   92): Playlist::popDownloadTask() pt_media = http://cibn-live.coship.com:8090/live/coship_TWSX0000112101100000_2000/228537869.ts, status = 0
D/Playlist(   92): 
D/Playlist(   92): [http_live_streaming_thread][3717]-------
D/Playlist(   92): http_live_streaming_thread pop sequence_number = 228537868!
D/Playlist(   92): 
E/EventHub(  180): send pin = 24,value = 0
V/PinyinIME(  918): onKeyDown:22
I/PinyinIME(  918): onKeyDown:System handler the keyevent
I/VideoPlayer( 3406): [dispatchKeyEvent] ACTION:0 keycode:22
E/EventHub(  180): send pin = 24,value = 0
I/PinyinIME(  918): onKeyUp:22
I/PinyinIME(  918): onKeyUp:System handler the keyevent
I/VideoPlayer( 3406): [dispatchKeyEvent] ACTION:1 keycode:22
D/InputEventConsistencyVerifier( 3406): KeyEvent: ACTION_UP but key was not down.
D/InputEventConsistencyVerifier( 3406):   in com.android.internal.policy.impl.PhoneWindow$DecorView@42947660
D/InputEventConsistencyVerifier( 3406):   0: sent at 10596283000000, KeyEvent { action=ACTION_UP, keyCode=KEYCODE_DPAD_RIGHT, scanCode=106, metaState=0, flags=0x8, repeatCount=0, eventTime=10596283, downTime=10596213, deviceId=1, source=0x701 }
D/InputEventConsistencyVerifier( 3406):   -- recent events --
D/InputEventConsistencyVerifier( 3406):   1: sent at 10596176000000, (unhandled) KeyEvent { action=ACTION_UP, keyCode=KEYCODE_DPAD_RIGHT, scanCode=106, metaState=0, flags=0x80000008, repeatCount=0, eventTime=10596176, downTime=10596106, deviceId=1, source=0x701 }
D/InputEventConsistencyVerifier( 3406):   2: sent at 10596069000000, (unhandled) KeyEvent { action=ACTION_UP, keyCode=KEYCODE_DPAD_RIGHT, scanCode=106, metaState=0, flags=0x80000008, repeatCount=0, eventTime=10596069, downTime=10595998, deviceId=1, source=0x701 }
D/InputEventConsistencyVerifier( 3406):   3: sent at 10595961000000, (unhandled) KeyEvent { action=ACTION_UP, keyCode=KEYCODE_DPAD_RIGHT, scanCode=106, metaState=0, flags=0x80000008, repeatCount=0, eventTime=10595961, downTime=10595891, deviceId=1, source=0x701 }
D/InputEventConsistencyVerifier( 3406):   4: sent at 10595854000000, (unhandled) KeyEvent { action=ACTION_UP, keyCode=KEYCODE_DPAD_RIGHT, scanCode=106, metaState=0, flags=0x80000008, repeatCount=0, eventTime=10595854, downTime=10595784, deviceId=1, source=0x701 }
D/InputEventConsistencyVerifier( 3406):   5: sent at 10595746000000, (unhandled) KeyEvent { action=ACTION_UP, keyCode=KEYCODE_DPAD_RIGHT, scanCode=106, metaState=0, flags=0x80000008, repeatCount=0, eventTime=10595746, downTime=10595676, deviceId=1, source=0x701 }
D/Playlist(   92): [consumeHeaderData][429]-------
D/Playlist(   92): Jinlong get content length :3355236
D/Playlist(   92): 
D/Playlist(   92): [consumeContentData][490]-------
D/Playlist(   92): create PushBuffer for sizeof:3375104
D/Playlist(   92): 
E/EventHub(  180): send pin = 24,value = 0
V/PinyinIME(  918): onKeyDown:22
I/PinyinIME(  918): onKeyDown:System handler the keyevent
I/VideoPlayer( 3406): [dispatchKeyEvent] ACTION:0 keycode:22
D/Playlist(   92): [notifyMediaStatus][1375]-------
D/Playlist(   92): notifyMediaStatus: status = 1!!
D/Playlist(   92): 
E/EventHub(  180): send pin = 24,value = 0
I/PinyinIME(  918): onKeyUp:22
I/PinyinIME(  918): onKeyUp:System handler the keyevent
D/Playlist(   92): [popMoniterEvent][1417]-------
D/Playlist(   92): PlaylistPlayer::popMoniterEvent wakeup with event size:1
D/Playlist(   92): 
I/VideoPlayer( 3406): [dispatchKeyEvent] ACTION:1 keycode:22
D/InputEventConsistencyVerifier( 3406): KeyEvent: ACTION_UP but key was not down.
D/InputEventConsistencyVerifier( 3406):   in com.android.internal.policy.impl.PhoneWindow$DecorView@42947660
D/InputEventConsistencyVerifier( 3406):   0: sent at 10596392000000, KeyEvent { action=ACTION_UP, keyCode=KEYCODE_DPAD_RIGHT, scanCode=106, metaState=0, flags=0x8, repeatCount=0, eventTime=10596392, downTime=10596322, deviceId=1, source=0x701 }
D/InputEventConsistencyVerifier( 3406):   -- recent events --
D/InputEventConsistencyVerifier( 3406):   1: sent at 10596283000000, (unhandled) KeyEvent { action=ACTION_UP, keyCode=KEYCODE_DPAD_RIGHT, scanCode=106, metaState=0, flags=0x80000008, repeatCount=0, eventTime=10596283, downTime=10596213, deviceId=1, source=0x701 }
D/InputEventConsistencyVerifier( 3406):   2: sent at 10596176000000, (unhandled) KeyEvent { action=ACTION_UP, keyCode=KEYCODE_DPAD_RIGHT, scanCode=106, metaState=0, flags=0x80000008, repeatCount=0, eventTime=10596176, downTime=10596106, deviceId=1, source=0x701 }
D/InputEventConsistencyVerifier( 3406):   3: sent at 10596069000000, (unhandled) KeyEvent { action=ACTION_UP, keyCode=KEYCODE_DPAD_RIGHT, scanCode=106, metaState=0, flags=0x80000008, repeatCount=0, eventTime=10596069, downTime=10595998, deviceId=1, source=0x701 }
D/InputEventConsistencyVerifier( 3406):   4: sent at 10595961000000, (unhandled) KeyEvent { action=ACTION_UP, keyCode=KEYCODE_DPAD_RIGHT, scanCode=106, metaState=0, flags=0x80000008, repeatCount=0, eventTime=10595961, downTime=10595891, deviceId=1, source=0x701 }
D/InputEventConsistencyVerifier( 3406):   5: sent at 10595854000000, (unhandled) KeyEvent { action=ACTION_UP, keyCode=KEYCODE_DPAD_RIGHT, scanCode=106, metaState=0, flags=0x80000008, repeatCount=0, eventTime=10595854, downTime=10595784, deviceId=1, source=0x701 }
E/NetlinkListener(   87): recvmsg mBuffer:
E/NetlinkListener(   87):  (?)
I/        (   92): CmpbHttpLiveStreaming::getBufferPercent: i4_ret=178
V/MediaPlayerService(   92): [35] notify (0x1e7de80, 3, 17, 0)
V/MediaPlayer( 3406): message received msg=3, ext1=17, ext2=0
V/MediaPlayer( 3406): buffering 17
V/MediaPlayer( 3406): callback application
V/MediaPlayer( 3406): back from callback
D/Playlist(   92): [http_download_with_change_request_retry][4260]-------
D/Playlist(   92): curl_easy_perform time return 0
D/Playlist(   92): 
D/Playlist(   92): [http_need_redownload_media][4219]-------
D/Playlist(   92): http_need_redownload_media parsed http result code:200
D/Playlist(   92): 
D/Playlist(   92): [download_media_file][3600]-------
D/Playlist(   92): http://cibn-live.coship.com:8090/live/coship_TWSX0000112101100000_2000/228537869.ts download result:0,  3355236/3355236 downloaded!
D/Playlist(   92): 
D/Playlist(   92): [download_media_file][3622]-------
D/Playlist(   92): media_seq:228537868, donwnload speed 6299.28 KBps
D/Playlist(   92): 
D/Playlist(   92): [endPush][132]-------
D/Playlist(   92): 
D/Playlist(   92): [notifyMediaStatus][1375]-------
D/Playlist(   92): notifyMediaStatus: status = 2!!
D/Playlist(   92): 
D/Playlist(   92): [popDownloadTask][471]-------
D/Playlist(   92): Playlist::popDownloadTask() enter!
D/Playlist(   92): 
D/Playlist(   92): [popDownloadTask][491]-------
D/Playlist(   92): Playlist::popDownloadTask(): pt_media seq = 228537868, switch stream=0
D/Playlist(   92): 
D/Playlist(   92): [popDownloadTask][562]-------
D/Playlist(   92): Playlist::popDownloadTask() before check memory!
D/Playlist(   92): 
D/Playlist(   92): [CanContinueDonwload][456]-------
D/Playlist(   92): CanContinueDonwload: buffer data total memory size=33751040
D/Playlist(   92): 
D/Playlist(   92): [popDownloadTask][566]-------
D/Playlist(   92): Playlist::popDownloadTask() before pushWaiter wait for memory too high!
D/Playlist(   92): 
D/Playlist(   92): [popMoniterEvent][1417]-------
D/Playlist(   92): PlaylistPlayer::popMoniterEvent wakeup with event size:1
D/Playlist(   92): 
I/        (   92): CmpbHttpLiveStreaming::getBufferPercent: i4_ret=178
V/MediaPlayerService(   92): [35] notify (0x1e7de80, 3, 17, 0)
V/MediaPlayer( 3406): message received msg=3, ext1=17, ext2=0
V/MediaPlayer( 3406): buffering 17
V/MediaPlayer( 3406): callback application
V/MediaPlayer( 3406): back from callback
V/MediaPlayer( 3406): seekTo 1466000
V/MediaPlayer( 3406): getDuration
V/MediaPlayerService(   92): [35] seekTo(1466000)
I/CmpbPlayer(   92): [CMPBPLAYER][INFO][seekTo]line:3716 Seek to 1466000 ms
I/CmpbPlayer(   92): [CMPBPLAYER][INFO][getDuration]line:3886 getDuration enter(0xbefdc940), mTotalDuration=0
I/        (   92): CmpbHttpLiveStreaming::getDuration!
I/        (   92): CmpbHttpLiveStreaming::getDuration(return 3000.000) exit!
I/CmpbPlayer(   92): [CMPBPLAYER][INFO][seekTo]line:3720 Duration: 3000000 ms 
I/        (   92): CmpbHttpLiveStreaming::SeekTo(1466000)!
D/Playlist(   92): [timeseek][486]-------
D/Playlist(   92): PlaylistPlayer::timeseek(1466.000) enter!
D/Playlist(   92): 
D/Playlist(   92): [timeseek][504]-------
D/Playlist(   92): PlaylistPlayer::timeseek() mState = 3!
D/Playlist(   92): 
D/Playlist(   92): [pause][393]-------
D/Playlist(   92): Playlist::pause() enter!
D/Playlist(   92): 
D/Playlist(   92): [pause][397]-------
D/Playlist(   92): Playlist::pause() Before pushWaiter notifyAll!
D/Playlist(   92): 
D/Playlist(   92): [pause][404]-------
D/Playlist(   92): Playlist::pause() Before pusher paused!
D/Playlist(   92): 
D/Playlist(   92): [popDownloadTask][568]-------
D/Playlist(   92): Playlist::popDownloadTask() resume from pushWaiter!
D/Playlist(   92): 
D/Playlist(   92): [popDownloadTask][480]-------
D/Playlist(   92): Playlist::popDownloadTask() need pause download!
D/Playlist(   92): 
D/Playlist(   92): [popMoniterEvent][1417]-------
D/Playlist(   92): PlaylistPlayer::popMoniterEvent wakeup with event size:1
D/Playlist(   92): 
I/        (   92): CmpbHttpLiveStreaming::getBufferPercent: i4_ret=178
V/MediaPlayerService(   92): [35] notify (0x1e7de80, 3, 17, 0)
V/MediaPlayer( 3406): message received msg=3, ext1=17, ext2=0
D/Playlist(   92): [pushmode_thread][1822]-------
D/Playlist(   92): Playlist::pushmode_thread Have sent finished one media file
D/Playlist(   92): 
D/Playlist(   92): [free_media_char_buffer][1198]-------
D/Playlist(   92): free media file 228537854
D/Playlist(   92): 
D/Playlist(   92): [free_media_char_buffer][1213]-------
D/Playlist(   92): free media data
D/Playlist(   92): 
D/Playlist(   92): [pushmode_thread][1825]-------
D/Playlist(   92): Playlist::pushmode_thread [228537854] complete push ps_url = http://cibn-live.coship.com:8090/live/coship_TWSX0000112101100000_2000/228537855.ts
D/Playlist(   92): 
D/Playlist(   92): [nextToPlay][1243]-------
D/Playlist(   92): Playlist::nextToPlay() enter!
D/Playlist(   92): 
D/Playlist(   92): [nextToPlay][1272]-------
D/Playlist(   92): Playlist::nextToPlay()pauseDownload = 1, bUpdating = 0, bNeedUpdate = 1
D/Playlist(   92): 
D/Playlist(   92): [pause][408]-------
D/Playlist(   92): Playlist::pause() Before downloader paused!
D/Playlist(   92): 
D/Playlist(   92): [pause][412]-------
D/Playlist(   92): Playlist::pause() exit success!
D/Playlist(   92): 
D/Playlist(   92): [seekMediaByTime][1082]-------
D/Playlist(   92): Playlist::seekMediaByTime find it seq_num=228538022
D/Playlist(   92): 
D/Playlist(   92): [select][967]-------
D/Playlist(   92): Playlist::select enter minfo==null?no!
D/Playlist(   92): 
D/Playlist(   92): [select][980]-------
D/Playlist(   92): Playlist::select iSeq = 228538023!
D/Playlist(   92): 
D/Playlist(   92): [select][1005]-------
D/Playlist(   92): Playlist::select tmpMedia seq = 228537855, status=2!
D/Playlist(   92): 
D/Playlist(   92): [free_media_char_buffer][1198]-------
D/Playlist(   92): free media file 228537855
D/Playlist(   92): 
D/Playlist(   92): [free_media_char_buffer][1213]-------
D/Playlist(   92): free media data
D/Playlist(   92): 
D/Playlist(   92): [select][1005]-------
D/Playlist(   92): Playlist::select tmpMedia seq = 228537856, status=2!
D/Playlist(   92): 
D/Playlist(   92): [free_media_char_buffer][1198]-------
D/Playlist(   92): free media file 228537856
D/Playlist(   92): 
D/Playlist(   92): [free_media_char_buffer][1213]-------
D/Playlist(   92): free media data
D/Playlist(   92): 
D/Playlist(   92): [select][1005]-------
D/Playlist(   92): Playlist::select tmpMedia seq = 228537857, status=2!
D/Playlist(   92): 
D/Playlist(   92): [free_media_char_buffer][1198]-------
D/Playlist(   92): free media file 228537857
D/Playlist(   92): 
D/Playlist(   92): [free_media_char_buffer][1213]-------
D/Playlist(   92): free media data
D/Playlist(   92): 
D/Playlist(   92): [select][1005]-------
D/Playlist(   92): Playlist::select tmpMedia seq = 228537858, status=2!
D/Playlist(   92): 
D/Playlist(   92): [free_media_char_buffer][1198]-------
D/Playlist(   92): free media file 228537858
D/Playlist(   92): 
D/Playlist(   92): [free_media_char_buffer][1213]-------
D/Playlist(   92): free media data
D/Playlist(   92): 
D/Playlist(   92): [select][1005]-------
D/Playlist(   92): Playlist::select tmpMedia seq = 228537859, status=2!
D/Playlist(   92): 
D/Playlist(   92): [free_media_char_buffer][1198]-------
D/Playlist(   92): free media file 228537859
D/Playlist(   92): 
D/Playlist(   92): [free_media_char_buffer][1213]-------
D/Playlist(   92): free media data
D/Playlist(   92): 
D/Playlist(   92): [select][1005]-------
D/Playlist(   92): Playlist::select tmpMedia seq = 228537860, status=2!
D/Playlist(   92): 
D/Playlist(   92): [free_media_char_buffer][1198]-------
D/Playlist(   92): free media file 228537860
D/Playlist(   92): 
D/Playlist(   92): [free_media_char_buffer][1213]-------
D/Playlist(   92): free media data
D/Playlist(   92): 
D/Playlist(   92): [select][1005]-------
D/Playlist(   92): Playlist::select tmpMedia seq = 228537861, status=2!
D/Playlist(   92): 
D/Playlist(   92): [free_media_char_buffer][1198]-------
D/Playlist(   92): free media file 228537861
D/Playlist(   92): 
D/Playlist(   92): [free_media_char_buffer][1213]-------
D/Playlist(   92): free media data
D/Playlist(   92): 
D/Playlist(   92): [select][1005]-------
D/Playlist(   92): Playlist::select tmpMedia seq = 228537862, status=2!
D/Playlist(   92): 
D/Playlist(   92): [free_media_char_buffer][1198]-------
D/Playlist(   92): free media file 228537862
D/Playlist(   92): 
D/Playlist(   92): [free_media_char_buffer][1213]-------
D/Playlist(   92): free media data
D/Playlist(   92): 
D/Playlist(   92): [select][1005]-------
D/Playlist(   92): Playlist::select tmpMedia seq = 228537863, status=2!
D/Playlist(   92): 
D/Playlist(   92): [free_media_char_buffer][1198]-------
[10576.218558] [ESM] i4ESM_FifoMemSet, hdl:0x1, size:0x109000
                                                             D/Playlist(   92): free media file 228537863
[10576.218584] [ESM] i4ESM_FifoMemSet, type:0x5, size:0x109000
                                                              D/Playlist(   92): 
D/Playlist(   92): [free_media_char_buffer][1213]-------
D/Playlist(   92): free media data
D/Playlist(   92): 
D/Playlist(   92): [select][1005]-------
D/Playlist(   92): Playlist::select tmpMedia seq = 228537864, status=2!
D/Playlist(   92): 
D/Playlist(   92): [free_media_char_buffer][1198]-------
D/Playlist(   92): free media file 228537864
D/Playlist(   92): 
D/Playlist(   92): [free_media_char_buffer][1213]-------
D/Playlist(   92): free media data
D/Playlist(   92): 
[10576.220069] [ESM] i4ESM_FifoMemSet, fifo, sa:0xdfeea000, ea:0xdfff3000
                                                                         [10576.220097] [ESM] i4ESM_FifoMemSet, au, sa:0xf6d4e000, size:0x61a80
           D/Playlist(   92): [select][1005]-------
D/Playlist(   92): Playlist::select tmpMedia seq = 228537865, status=2!
D/Playlist(   92): 
D/Playlist(   92): [free_media_char_buffer][1198]-------
D/Playlist(   92): free media file 228537865
D/Playlist(   92): 
D/Playlist(   92): [free_media_char_buffer][1213]-------
D/Playlist(   92): free media data
D/Playlist(   92): 
D/Playlist(   92): [select][1005]-------
D/Playlist(   92): Playlist::select tmpMedia seq = 228537866, status=2!
D/Playlist(   92): 
D/Playlist(   92): [free_media_char_buffer][1198]-------
D/Playlist(   92): free media file 228537866
D/Playlist(   92): 
D/Playlist(   92): [free_media_char_buffer][1213]-------
D/Playlist(   92): free media data
D/Playlist(   92): [10576.221310] [ESM] i4ESM_FifoMemSet, mapped sa:0x1feea000

D/Playlist(   92): [select][1005]-------
D/Playlist(   92): Playlist::select tmpMedia seq = 228537867, status=2!
[10576.221483] [AUD][AUD_MW] Set DISC TYPE = AUD_DEC_CGMS_FMT_OTHERS. 
                                                                      D/Playlist(   92): 
D/Playlist(   92): [free_media_char_buffer][1198]-------
[MPC] MPC_SET_AUDIO_INF_CODEC_[16]
D/Playlist(   92): free media file 228537867
[MTKPBCTRL] <MPCWP>MPC: Send MPC_SCMD_SET_ELM_STR_INF, return 0x21000100 
[MTKPBCTRL] <MPCWP>MPC: Send MPC_CMD_SET_PLAY_MODE, return 0x21000100 
D/Playlist(   92): 
D/Playlist(   92): [free_media_char_buffer][1213]-------
D/Playlist(   92): free media data
D/Playlist(   92): 
D/Playlist(   92): [select][1005]-------
D/Playlist(   92): Playlist::select tmpMedia seq = 228537868, status=2!
D/Playlist(   92): 
D/Playlist(   92): [free_media_char_buffer][1198]-------
D/Playlist(   92): free media file 228537868
D/Playlist(   92): 
D/Playlist(   92): [free_media_char_buffer][1213]-------
D/Playlist(   92): free media data
D/Playlist(   92): 
D/Playlist(   92): [select][1049]-------
D/Playlist(   92): Playlist::select pt_cur_media is [228538022]!
D/Playlist(   92): 
D/Playlist(   92): [timeseek][553]-------
D/Playlist(   92): PlaylistPlayer::timeseek realTime=1464.000!
D/Playlist(   92): 
D/Playlist(   92): [setVideoFreeze][1247]-------
D/Playlist(   92): PlaylistPlayer::setVideoFreeze bFlag = 1)
D/Playlist(   92): 
D/Playlist(   92): [timeseek][559]-------
D/Playlist(   92): PlaylistPlayer::timeseek() before IMtkPb_Ctrl_Stop!
D/Playlist(   92): 
D/Playlist(   92): [timeseek][561]-------
D/Playlist(   92): PlaylistPlayer::timeseek() after IMtkPb_Ctrl_Stop!
D/Playlist(   92): 
D/Playlist(   92): [timeseek][567]-------
D/Playlist(   92): PlaylistPlayer::timeseek playbcak stop ok
D/Playlist(   92): 
D/Playlist(   92): [resume][417]-------
D/Playlist(   92): Playlist::resume() enter!
D/Playlist(   92): 
D/Playlist(   92): [resume][428]-------
D/Playlist(   92): Playlist::resume() exit success!
D/Playlist(   92): 
D/Playlist(   92): [notifyStatus][878]-------
D/Playlist(   92): [nextToPlay][1280]-------
D/Playlist(   92): event = 12
D/Playlist(   92): 
D/Playlist(   92): Playlist::nextToPlay()pauseDownload = 0, bUpdating = 0, bNeedUpdate = 1
D/Playlist(   92): 
I/        (   92): CmpbHttpLiveStreaming::notifyPlaylistPlayerListener(12)
D/Playlist(   92): [nextToPlay][1272]-------
D/Playlist(   92): Playlist::nextToPlay()pauseDownload = 0, bUpdating = 0, bNeedUpdate = 1
V/MediaPlayerService(   92): [35] notify (0x1e7de80, 200, 32773, 0)
D/Playlist(   92): 
D/Playlist(   92): [popDownloadTask][484]-------
D/Playlist(   92): Playlist::popDownloadTask() need resume download!
D/Playlist(   92): 
D/Playlist(   92): [popDownloadTask][491]-------
D/Playlist(   92): Playlist::popDownloadTask(): pt_media seq = 228538022, switch stream=0
D/Playlist(   92): [timeseek][574]-------
D/Playlist(   92): 
D/Playlist(   92): [popDownloadTask][562]-------
D/Playlist(   92): Playlist::popDownloadTask() before check memory!
D/Playlist(   92): 
D/Playlist(   92): PlaylistPlayer::timeseek(1466.000) exit success and return real:1464000!
D/Playlist(   92): [CanContinueDonwload][456]-------
D/Playlist(   92): 
D/Playlist(   92): CanContinueDonwload: buffer data total memory size=0
I/        (   92): CmpbHttpLiveStreaming::SeekTo exit!
D/Playlist(   92): 
D/Playlist(   92): [popDownloadTask][579]-------
D/Playlist(   92): Playlist::popDownloadTask() pt_media = http://cibn-live.coship.com:8090/live/coship_TWSX0000112101100000_2000/228538024.ts, status = 0
D/Playlist(   92): 
D/Playlist(   92): [http_live_streaming_thread][3717]-------
D/Playlist(   92): http_live_streaming_thread pop sequence_number = 228538023!
D/Playlist(   92): 
V/MediaPlayer( 3406): buffering 17
V/MediaPlayer( 3406): callback application
V/MediaPlayer( 3406): back from callback
V/MediaPlayer( 3406): message received msg=200, ext1=32773, ext2=0
W/MediaPlayer( 3406): info/warning (32773, 0)
V/MediaPlayer( 3406): callback application
V/MediaPlayer( 3406): back from callback
I/MediaPlayer( 3406): Info (32773,0)
D/Playlist(   92): [consumeHeaderData][429]-------
D/Playlist(   92): Jinlong get content length :1654964
D/Playlist(   92): 
D/Playlist(   92): [consumeContentData][490]-------
D/Playlist(   92): create PushBuffer for sizeof:1671168
D/Playlist(   92): 
D/Playlist(   92): [notifyMediaStatus][1375]-------
D/Playlist(   92): notifyMediaStatus: status = 1!!
D/Playlist(   92): 
D/Playlist(   92): [nextToPlay][1280]-------
D/Playlist(   92): Playlist::nextToPlay()pauseDownload = 0, bUpdating = 0, bNeedUpdate = 1
D/Playlist(   92): 
D/Playlist(   92): [nextToPlay][1347]-------
D/Playlist(   92): Playlist::nextToPlay() return media with seq_num=228538023
D/Playlist(   92): 
D/Playlist(   92): [pushmode_thread][1828]-------
D/Playlist(   92): Playlist::pushmode_thread Begin nextToPlay
D/Playlist(   92): 
D/Playlist(   92): [pushmode_thread][1663]-------
D/Playlist(   92): Playlist::pushmode_thread [228538023] ps_url = http://cibn-live.coship.com:8090/live/coship_TWSX0000112101100000_2000/228538024.ts 1
D/Playlist(   92): 
D/Playlist(   92): [setMediaInfo][928]-------
D/Playlist(   92): setMediaInfo fCMPBHandle = 0 - push mode
D/Playlist(   92): 
D/Playlist(   92): [getMediaInfo][1015]-------
D/Playlist(   92): getMediaInfo fCMPBHandle = 0 - push mode
D/Playlist(   92): 
D/Playlist(   92): [getMediaInfo][1158]-------
D/Playlist(   92): ---[INFO]---TS MEDIA INFO:packet type:188!
D/Playlist(   92): 
D/Playlist(   92): [getMediaInfo][1159]-------
D/Playlist(   92): ---[INFO]---TS MEDIA INFO:video codec:3!
D/Playlist(   92): 
D/Playlist(   92): [getMediaInfo][1160]-------
D/Playlist(   92): ---[INFO]---TS MEDIA INFO:video pid:1001!
D/Playlist(   92): 
D/Playlist(   92): [getMediaInfo][1161]-------
D/Playlist(   92): ---[INFO]---TS MEDIA INFO:audio codec:3!
D/Playlist(   92): 
D/Playlist(   92): [getMediaInfo][1162]-------
D/Playlist(   92): ---[INFO]---TS MEDIA INFO:audio pid:1002!
D/Playlist(   92): 
D/Playlist(   92): [setMediaInfo][962]-------
D/Playlist(   92): Before SetMediaInfo current state = 4
D/Playlist(   92): 
E/NetlinkListener(   87): recvmsg mBuffer:
E/NetlinkListener(   87):  (?)
I/        (   92): CmpbHttpLiveStreaming::getBufferPercent: i4_ret=488
V/MediaPlayerService(   92): [35] notify (0x1e7de80, 3, 48, 0)
V/MediaPlayer( 3406): message received msg=3, ext1=48, ext2=0
V/MediaPlayer( 3406): buffering 48
V/MediaPlayer( 3406): callback application
V/MediaPlayer( 3406): back from callback
D/Playlist(   92): [setMediaInfo][979]-------
D/Playlist(   92): SetMediaInfo IMtkPb_Ctrl_SetExtraInfo i4_ret = 0
D/Playlist(   92): 
D/Playlist(   92): [http_download_with_change_request_retry][4260]-------
D/Playlist(   92): curl_easy_perform time return 0
D/Playlist(   92): 
D/Playlist(   92): [http_need_redownload_media][4219]-------
D/Playlist(   92): http_need_redownload_media parsed http result code:200
D/Playlist(   92): 
D/Playlist(   92): [download_media_file][3600]-------
D/Playlist(   92): http://cibn-live.coship.com:8090/live/coship_TWSX0000112101100000_2000/228538024.ts download result:0,  1654964/1654964 downloaded!
D/Playlist(   92): 
D/Playlist(   92): [download_media_file][3622]-------
D/Playlist(   92): media_seq:228538023, donwnload speed 4780.17 KBps
D/Playlist(   92): 
D/Playlist(   92): [endPush][132]-------
D/Playlist(   92): 
D/Playlist(   92): [notifyMediaStatus][1375]-------
D/Playlist(   92): notifyMediaStatus: status = 2!!
D/Playlist(   92): 
D/Playlist(   92): [popDownloadTask][471]-------
D/Playlist(   92): Playlist::popDownloadTask() enter!
D/Playlist(   92): 
D/Playlist(   92): [popDownloadTask][491]-------
D/Playlist(   92): Playlist::popDownloadTask(): pt_media seq = 228538023, switch stream=0
D/Playlist(   92): 
D/Playlist(   92): [popDownloadTask][562]-------
D/Playlist(   92): Playlist::popDownloadTask() before check memory!
D/Playlist(   92): 
D/Playlist(   92): [CanContinueDonwload][456]-------
D/Playlist(   92): CanContinueDonwload: buffer data total memory size=0
D/Playlist(   92): 
D/Playlist(   92): [popDownloadTask][579]-------
D/Playlist(   92): Playlist::popDownloadTask() pt_media = http://cibn-live.coship.com:8090/live/coship_TWSX0000112101100000_2000/228538025.ts, status = 0
D/Playlist(   92): 
D/Playlist(   92): [http_live_streaming_thread][3717]-------
D/Playlist(   92): http_live_streaming_thread pop sequence_number = 228538024!
D/Playlist(   92): 
D/Playlist(   92): [setMediaInfo][990]-------
D/Playlist(   92): ---[INFO]---SetEngineParam - push mode
D/Playlist(   92): 
E/        (   92): <Client> Find client[0] info succeed, @Line: 2471 
E/        (   92): <Client> t_client_info[0].e_buf_mod=3, @Line: 2492 
D/Playlist(   92): [play][297]-------
D/Playlist(   92): PlaylistPlayer::play() enter!
D/Playlist(   92): 
D/Playlist(   92): [play][317]-------
D/Playlist(   92): PlaylistPlayer::play() before IMtkPb_Ctrl_SetDisplayRectangle!
D/Playlist(   92): 
D/Playlist(   92): [consumeHeaderData][429]-------
D/Playlist(   92): Jinlong get content length :1946740
D/Playlist(   92): 
D/Playlist(   92): [consumeContentData][490]-------
D/Playlist(   92): create PushBuffer for sizeof:1966080
D/Playlist(   92): 
D/Playlist(   92): [notifyMediaStatus][1375]-------
D/Playlist(   92): notifyMediaStatus: status = 1!!
D/Playlist(   92): 
D/Playlist(   92): [play][321]-------
D/Playlist(   92): PlaylistPlayer::play() after IMtkPb_Ctrl_SetDisplayRectangle, ret=0!
D/Playlist(   92): 
D/Playlist(   92): [play][330]-------
D/Playlist(   92): PlaylistPlayer::play() before IMtkPb_Ctrl_Play!
D/Playlist(   92): 
E/NetlinkListener(   87): recvmsg mBuffer:
E/NetlinkListener(   87):  (?)
I/        (   92): CmpbHttpLiveStreaming::getBufferPercent: i4_ret=490
V/MediaPlayerService(   92): [35] notify (0x1e7de80, 3, 49, 0)
V/MediaPlayer( 3406): message received msg=3, ext1=49, ext2=0
V/MediaPlayer( 3406): buffering 49
V/MediaPlayer( 3406): callback application
V/MediaPlayer( 3406): back from callback
D/Playlist(   92): [http_download_with_change_request_retry][4260]-------
D/Playlist(   92): curl_easy_perform time return 0
D/Playlist(   92): 
D/Playlist(   92): [http_need_redownload_media][4219]-------
D/Playlist(   92): http_need_redownload_media parsed http result code:200
D/Playlist(   92): 
D/Playlist(   92): [download_media_file][3600]-------
D/Playlist(   92): http://cibn-live.coship.com:8090/live/coship_TWSX0000112101100000_2000/228538025.ts download result:0,  1946740/1946740 downloaded!
D/Playlist(   92): 
D/Playlist(   92): [download_media_file][3622]-------
D/Playlist(   92): media_seq:228538024, donwnload speed 4624.21 KBps
D/Playlist(   92): 
D/Playlist(   92): [endPush][132]-------
D/Playlist(   92): 
D/Playlist(   92): [notifyMediaStatus][1375]-------
D/Playlist(   92): notifyMediaStatus: status = 2!!
D/Playlist(   92): 
D/Playlist(   92): [popDownloadTask][471]-------
D/Playlist(   92): Playlist::popDownloadTask() enter!
D/Playlist(   92): 
D/Playlist(   92): [popDownloadTask][491]-------
D/Playlist(   92): Playlist::popDownloadTask(): pt_media seq = 228538024, switch stream=0
D/Playlist(   92): 
D/Playlist(   92): [popDownloadTask][562]-------
D/Playlist(   92): Playlist::popDownloadTask() before check memory!
D/Playlist(   92): 
D/Playlist(   92): [CanContinueDonwload][456]-------
D/Playlist(   92): CanContinueDonwload: buffer data total memory size=1966080
D/Playlist(   92): 
D/Playlist(   92): [popDownloadTask][579]-------
D/Playlist(   92): Playlist::popDownloadTask() pt_media = http://cibn-live.coship.com:8090/live/coship_TWSX0000112101100000_2000/228538026.ts, status = 0
D/Playlist(   92): 
D/Playlist(   92): [http_live_streaming_thread][3717]-------
D/Playlist(   92): http_live_streaming_thread pop sequence_number = 228538025!
D/Playlist(   92): 
D/Playlist(   92): [consumeHeaderData][429]-------
D/Playlist(   92): Jinlong get content length :2289088
D/Playlist(   92): 
D/Playlist(   92): [consumeContentData][490]-------
D/Playlist(   92): create PushBuffer for sizeof:2293760
D/Playlist(   92): 
D/Playlist(   92): [notifyMediaStatus][1375]-------
D/Playlist(   92): notifyMediaStatus: status = 1!!
D/Playlist(   92): 
E/NetlinkListener(   87): recvmsg mBuffer:
E/NetlinkListener(   87):  (?)
D/Playlist(   92): [http_download_with_change_request_retry][4260]-------
D/Playlist(   92): curl_easy_perform time return 0
D/Playlist(   92): 
D/Playlist(   92): [http_need_redownload_media][4219]-------
D/Playlist(   92): http_need_redownload_media parsed http result code:200
D/Playlist(   92): 
D/Playlist(   92): [download_media_file][3600]-------
D/Playlist(   92): http://cibn-live.coship.com:8090/live/coship_TWSX0000112101100000_2000/228538026.ts download result:0,  2289088/2289088 downloaded!
D/Playlist(   92): 
D/Playlist(   92): [download_media_file][3622]-------
