W/System.err( 1157):    at libcore.net.http.HttpEngine.sendRequest(HttpEngine.java:232)
W/System.err( 1157):    at libcore.net.http.HttpURLConnectionImpl.getResponse(HttpURLConnectionImpl.java:273)
W/System.err( 1157):    at libcore.net.http.HttpURLConnectionImpl.getInputStream(HttpURLConnectionImpl.java:168)
W/System.err( 1157):    at com.fiship.cibn.common.ImageUtilImpl.GetInputStream(ImageUtilImpl.java:44)
W/System.err( 1157):    at com.fiship.cibn.common.ImageUtilImpl.getData(ImageUtilImpl.java:69)
W/System.err( 1157):    at com.fiship.cibn.controller.VideoDataTask.run(VideoDataTask.java:60)
W/System.err( 1157):    at com.fiship.cibn.controller.PortalRefreshService$SerialExecutor$1.run(PortalRefreshService.java:442)
W/System.err( 1157):    at java.util.concurrent.ThreadPoolExecutor.runWorker(ThreadPoolExecutor.java:1076)
W/System.err( 1157):    at java.util.concurrent.Thread
[  199.567344] IR: [03932] scan key value is 0xed128000 
[  199.567349]  PoolExecutor$Worker.run(ThreadPoolExecutor.java:569)
W/System.err( 1157):    at java.lang.Thread.run(Thread.java:856)
E/WindowManager(  925): ##############################dispatchUnhandledKey
E/WindowManager(  925): ##############################dispatchUnhandledKey
I/MainActivity( 1157): Connect to PortalMS-Server  Address: http://cibn-iepg.coship.com:8080
W/System.err( 1157): java.net.UnknownHostException: Unable to resolve host "cibn-iepg.coship.com": No address associated with hostname
W/System.err( 1157):    at java.net.InetAddress.lookupHostByName(InetAddress.java:400)
W/System.err( 1157):    at java.net.InetAddress.getAllByNameImpl(InetAddress.java:242)
W/System.err( 1157):    at java.net.InetAddress.getAllByName(InetAddress.java:220)
W/System.err( 1157):    at org.apache.http.impl.conn.DefaultClientConnectionOperator.openConnection(DefaultClientConnectionOperator.java:137)
W/System.err( 1157):    at org.apache.http.impl.conn.AbstractPoolEntry.open(AbstractPoolEntry.java:164)
W/System.err( 1157):    at org.apache.http.impl.conn.AbstractPooledConnAdapter.open(AbstractPooledConnAdapter.java:119)
W/System.err( 1157):    at org.apache.http.impl.client.DefaultRequestDirector.execute(DefaultRequestDirector.java:360)
W/System.err( 1157):    at org.apache.http.impl.client.AbstractHttpClient.execute(AbstractHttpClient.java:555)
W/System.err( 1157):    at org.apache.http.impl.client.AbstractHttpClient.execute(AbstractHttpClient.java:487)
W/System.err( 1157):    at org.apache.http.impl.client.AbstractHttpClient.execute(AbstractHttpClient.java:465)
W/System.err( 1157):    at com.fiship.cibn.common.NetworkUtil.isConnectToServerByHttp(NetworkUtil.java:39)
W/System.err( 1157):    at com.fiship.cibn.MainActivity$5.run(MainActivity.java:583)
W/System.err( 1157):    at java.lang.Thread.run(Thread.java:856)
I/MainActivity( 1157): Can't Connect to PortalMS-Server!  Address: http://cibn-iepg.coship.com:8080
D/MonitorCw880( 1224): Current Remote Host is null, continue, counter=0
D/InputEventConsistencyVerifier( 1157): KeyEvent: ACTION_UP but key was not down.
D/InputEventConsistencyVerifier( 1157):   in android.widget.RadioButton@417af9e0
D/InputEventConsistencyVerifier( 1157):   0: sent at 199736000000, KeyEvent { action=ACTION_UP, keyCode=KEYCODE_DPAD_LEFT, scanCode=105, metaState=0, flags=0x8, repeatCount=0, eventTime=199736, downTime=199574, deviceId=1, source=0x101 }
D/InputEventConsistencyVerifier( 1157):   -- recent events --
D/InputEventConsistencyVerifier( 1157):   1: sent at 197926000000, (unhandled) KeyEvent { action=ACTION_DOWN, keyCode=KEYCODE_DPAD_RIGHT, scanCode=106, metaState=0, flags=0x8, repeatCount=0, eventTime=197926, downTime=197926, deviceId=1, source=0x101 }
D/InputEventConsistencyVerifier( 1157):   2: sent at 197872000000, (unhandled) KeyEvent { action=ACTION_UP, keyCode=KEYCODE_DPAD_RIGHT, scanCode=106, metaState=0, flags=0x8, repeatCount=0, eventTime=197872, downTime=197711, deviceId=1, source=0x101 }
D/InputEventConsistencyVerifier( 1157):   3: sent at 45691000000, (unhandled) KeyEvent { action=ACTION_DOWN, keyCode=KEYCODE_DPAD_RIGHT, scanCode=106, metaState=0, flags=0x8, repeatCount=0, eventTime=45691, downTime=45691, deviceId=1, source=0x101 }
D/InputEventConsistencyVerifier( 1157):   4: sent at 45080000000, (unhandled) KeyEvent {
[  199.886440] IR: [03932] scan key value is 0xed128000 
[  199.886445]   action=ACTION_UP, keyCode=KEYCODE_DPAD_RIGHT, scanCode=106, metaState=0, flags=0x80000008, repeatCount=0, eventTime=45080, downTime=44859, deviceId=1, source=0x101 }

[  199.946301] IR: [03932] scan key value is 0xed128000 
[  199.946306]  D/InputEventConsistencyVerifier( 1157): KeyEvent: ACTION_UP but key was not down.
D/InputEventConsistencyVerifier( 1157):   in android.widget.RadioButton@417af3b0
D/InputEventConsistencyVerifier( 1157):   0: sent at 200112000000, KeyEvent { action=ACTION_UP, keyCode=KEYCODE_DPAD_LEFT, scanCode=105, metaState=0, flags=0x8, repeatCount=0, eventTime=200112, downTime=199893, deviceId=1, source=0x101 }
D/InputEventConsistencyVerifier( 1157):   -- recent events --
D/InputEventConsistencyVerifier( 1157):   1: 
[  200.196745] IR: [03932] scan key value is 0xed128000 
[  200.196750]  sent at 197711000000, (unhandled) KeyEvent { action=ACTION_DOWN, keyCode=KEYCODE_DPAD_RIGHT, scanCode=106, metaState=0, flags=0x8, repeatCount=0, eventTime=197711, downTime=197711, deviceId=1, source=0x101 }
D/InputEventConsistencyVerifier( 1157):   2: sent at 197636000000, (unhandled) KeyEvent { action=ACTION_UP, keyCode=KEYCODE_DPAD_RIGHT, scanCode=106, metaState=0, flags=0x8, repeatCount=0, eventTime=197636, downTime=197477, deviceId=1, source=0x101 }
D/InputEventConsistencyVerifier( 1157):   3: sent at 44859000000, (unhandled) KeyEvent { action=ACTION_DOWN, keyCode=KEYCODE_DPAD_RIGHT, scanCode=1
[  200.256599] IR: [03932] scan key value is 0xed128000 
[  200.256605]  06, metaState=0, flags=0x8, repeatCount=0, eventTime=44859, downTime=44859, deviceId=1, source=0x101 }
D/InputEventConsistencyVerifier( 1157):   4: sent at 44652000000, (unhandled) KeyEvent { action=ACTION_UP, keyCode=KEYCODE_DPAD_RIGHT, scanCode=106, metaState=0, flags=0x80000008, repeatCount=0, eventTime=44652, downTime=44430, deviceId=1, source=0x101 }

[  200.440702] IR: [03932] scan key value is 0xed128000 
[  200.440707]  D/InputEventConsistencyVerifier( 1157): KeyEvent: ACTION_UP but key was not down.
D/InputEventConsistencyVerifier( 1157):   in android.widget.RadioButton@417aed80
D/InputEventConsistencyVerifier( 1157):   0: sent at 200428000000, KeyEvent { action=ACTION
[  200.500533] IR: [03932] scan key value is 0xed128000 
[  200.500538]  _UP, keyCode=KEYCODE_DPAD_LEFT, scanCode=105, metaState=0, flags=0x8, repeatCount=0, eventTime=200428, downTime=200203, deviceId=1, source=0x101 }
D/InputEventConsistencyVerifier( 1157):   -- recent events --
D/InputEventConsistencyVerifier( 1157):   1: sent at 197477000000, (unhandled) KeyEvent { action=ACTION_DOWN, keyCode=KEYCODE_DPAD_RIGHT, scanCode=106, metaState=0, flags=0x8, repeatCount=0, eventTime=197477, downTime=197477, deviceId=1, source=0x101 }
D/InputEventConsistencyVerifier( 1157):   2: sent at 197408000000, (unhandled) KeyEvent { action=ACTION_UP, keyCode=KEYCODE_DPAD_RIGHT, scanCode=106, metaState=0, flags=0x8, repeatCount=0, eventTime=197408, downTime=197247, deviceId=1, source=0x101 }
D/InputEventConsistencyVerifier( 1157):   3: sent at 44430000000, (unhandled) KeyEvent { action=ACTION_DOWN, keyCode=KEYCODE_DPAD_RIGHT, scanCode=106, metaState=0, flags=0x8, repeatCount=0, eventTime=44430, downTime=44430, deviceId=1, source=0x101 }
D/InputEventConsistencyVerifier( 1157):   4: sent at 44144000000, (unhandled) KeyEvent { action=ACTION_UP, keyCode=KEYCODE_DPAD_RIGHT, scanCode=106, metaState=0, flags=0x80000008, repeatCount=0, eventTime=44144, downTime=43924, deviceId=1, source=0x101 }
D/MonitorCw880( 1224): Current Remote Host is null, continue, counter=0

[  200.684625] IR: [03932] scan key value is 0xed128000 
[  200.684630]  D/InputEventConsistencyVerifier( 1157): KeyEvent: ACTION_UP but key was not down.
D/InputEventConsistencyVerifier( 1157):   in android.widget.RadioButton@417a0b28
D/InputEventConsistencyVerifier( 1157):   0: sent at 200668000000, KeyEvent { action=ACTION_UP, keyCode=KEYCODE_DPAD_LEFT, scanCode=105, metaState=0, flags=0x8, repeatCount=0, eventTime=200668, downTime=200447, deviceId=1, source=0x101 }
D/InputEventConsistencyVerifier( 1157):   -- recent events --
D/InputEventConsistencyVerifier( 1157):   1: 
[  200.744477] IR: [03932] scan key value is 0xed128000 
[  200.744482]  sent at 197247000000, (unhandled) KeyEvent { action=ACTION_DOWN, keyCode=KEYCODE_DPAD_RIGHT, scanCode=106, metaState=0, flags=0x8, repeatCount=0, eventTime=197247, downTime=197247, deviceId=1, source=0x101 }
D/InputEventConsistencyVerifier( 1157):   2: sent at 196888000000, (unhandled) KeyEvent { action=ACTION_UP, keyCode=KEYCODE_BACK, scanCode=158, metaState=0, flags=0x8, repeatCount=0, eventTime=196888, downTime=196669, deviceId=1, source=0x101 }
D/InputEventConsistencyVerifier( 1157):   3: sent at 196669000000, (unhandled) KeyEvent { action=ACTION_DOWN, keyCode=KEYCODE_BACK, scanCode=158, metaState=0, flags=0x8, repeatCount=0, eventTime=196669, downTime=196669, deviceId=1, source=0x101 }
D/InputEventConsistencyVerifier( 1157):   4: sent at 196612000000, (unhandled) KeyEvent { action=ACTION_UP, keyCode=KEYCODE_BACK, scanCode=158, metaState=0, flags=0x8, repeatCount=0, eventTime=196612, downTime=196180, deviceId=1, source=0x101 }
D/InputEventConsistencyVerifier( 1157):   5: sent at 196180000000, (unhandled) KeyEvent { action=ACTION_DOWN, keyCode=KEYCODE_BACK, scanCode=158, metaState=0, flags=0x8, repeatCount=0, eventTime=196180, downTime=196180, deviceId=1, source=0x101 }
E/WindowManager(  925): ##############################dispatchUnhandledKey
D/MainActivity( 1157): position = 0

[  200.928586] IR: [03932] scan key value is 0xed128000 
[  200.928594]  E/WindowManager(  925): ##############################dispatchUnhandledKey

[  201.150407] IR: [03932] scan key value is 0xed128000 
[  201.150412]  E/WindowManager(  925): ##############################dispatchUnhandledKey

[  201.367415] IR: [03932] scan key value is 0xed128000 
[  201.367421]  E/WindowManager(  925): ##############################dispatchUnhandledKey

[  201.427272] IR: [03932] scan key value is 0xed128000 
[  201.427276]  D/MonitorCw880( 1224): Current Remote Host is null, continue, counter=0
I/PortalRefreshService( 1157): Thread: Start to download Portal-Data!
V/IDataTaskEntity( 1157): http://cibn-iepg.coship.com:8088/iepg/videoInfo!getVideoList.action?queryType=1&start=1&limit=10&orderFlag=1
V/IDataTaskEntity( 1157): http://cibn-iepg.coship.com:8088/iepg/videoInfo!getVideoList.action?queryType=3&start=1&limit=10&orderFlag=1
V/IDataTaskEntity( 1157): http://cibn-iepg.coship.com:8088/iepg/videoInfo!getVideoList.action?queryType=4&start=1&limit=10&orderFlag=1
V/IDataTaskEntity( 1157): http://cibn-iepg.coship.com:8088/iepg/videoInfo!getVideoList.action?queryType=8&start=1&limit=10&orderFlag=1
W/System.err( 1157): java.net.UnknownHostException: Unable to resolve host "cibn-iepg.coship.com": No address associated with hostname
W/System.err( 1157):    at java.net.InetAddress.lookupHostByName(InetAddress.java:400)
W/System.err( 1157):    at java.net.InetAddress.getAllByNameImpl(InetAddress.java:242)
W/System.err( 1157):    at java.net.InetAddress.getAllByName(InetAddress.java:220)
W/System.err( 1157):    at libcore.net.http.HttpConnection.<init>(HttpConnection.java:71)
W/System.err( 1157):    at libcore.net.http.HttpConnection.<init>(HttpConnection.java:50)
W/System.err( 1157):    at libcore.net.http.HttpConnection$Address.connect(HttpConnection.java:351)
W/System.err( 1157):    at libcore.net.http.HttpConnectionPool.get(HttpConnectionPool.java:86)
W/System.err( 1157):    at libcore.net.http.HttpConnection.connect(HttpConnection.java:128)
W/System.err( 1157):    at libcore.net.http.HttpEngine.openSocketConnection(HttpEngine.java:308)
W/System.err( 1157):    at libcore.net.http.HttpEngine.connect(HttpEngine.java:303)
W/System.err( 1157):    at libcore.net.http.HttpEngine.sendSocketRequest(HttpEngine.java:282)
W/System.err( 1157):    at libcore.net.http.HttpEngine.sendRequest(HttpEngine.java:232)
W/System.err( 1157):    at libcore.net.http.HttpURLConnectionImpl.getResponse(HttpURLConnectionImpl.java:273)
W/System.err( 1157):    at libcore.net.http.HttpURLConnectionImpl.getInputStream(HttpURLConnectionImpl.java:168)
W/System.err( 1157):    at com.fiship.cibn.common.ImageUtilImpl.GetInputStream(ImageUtilImpl.java:44)
W/System.err( 1157):    at com.fiship.cibn.common.ImageUtilImpl.getData(ImageUtilImpl.java:69)
W/System.err( 1157):    at com.fiship.cibn.controller.VideoDataTask.run(VideoDataTask.java:60)
W/System.err( 1157):    at com.fiship.cibn.controller.PortalRefreshService$SerialExecutor$1.run(PortalRefreshService.java:442)
W/System.err( 1157):    at java.util.concurrent.ThreadPoolExecutor.runWorker(ThreadPoolExecutor.java:1076)
W/System.err( 1157):    at java.util.concurrent.ThreadPoolExecutor$Worker.run(ThreadPoolExecutor.java:569)
W/System.err( 1157):    at java.lang.Thread.run(Thread.java:856)
I/PortalRefreshService( 1157): NetWorkState connect ERROR...
I/PortalRefreshService( 1157): PortalService DownlaodThread Stop...
W/System.err( 1157): java.net.UnknownHostException: Unable to resolve host "cibn-iepg.coship.com": No address associated with hostname
W/System.err( 1157):    at java.net.InetAddress.lookupHostByName(InetAddress.java:400)
W/System.err( 1157):    at java.net.InetAddress.getAllByNameImpl(InetAddress.java:242)
W/System.err( 1157):    at java.net.InetAddress.getAllByName(InetAddress.java:220)
W/System.err( 1157):    at libcore.net.http.HttpConnection.<init>(HttpConnection.java:71)
W/System.err( 1157):    at libcore.net.http.HttpConnection.<init>(HttpConnection.java:50)
W/System.err( 1157):    at libcore.net.http.HttpConnection$Address.connect(HttpConnection.java:351)
W/System.err( 1157):    at libcore.net.http.HttpConnectionPool.get(HttpConnectionPool.java:86)
W/System.err( 1157):    at libcore.net.http.HttpConnection.connect(HttpConnection.java:128)
W/System.err( 1157):    at libcore.net.http.HttpEngine.openSocketConnection(HttpEngine.java:308)
W/System.err( 1157):    at libcore.net.http.HttpEngine.connect(HttpEngine.java:303)
W/System.err( 1157):    at libcore.net.http.HttpEngine.sendSocketRequest(HttpEngine.java:282)
W/System.err( 1157):    at libcore.net.http.HttpEngine.sendRequest(HttpEngine.java:232)
W/System.err( 1157):    at libcore.net.http.HttpURLConnectionImpl.getResponse(HttpURLConnectionImpl.java:273)
W/System.err( 1157):    at libcore.net.http.HttpURLConnectionImpl.getInputStream(HttpURLConnectionImpl.java:168)
W/System.err( 1157):    at com.fiship.cibn.common.ImageUtilImpl.GetInputStream(ImageUtilImpl.java:44)
W/System.err( 1157):    at com.fiship.cibn.common.ImageUtilImpl.getData(ImageUtilImpl.java:69)
W/System.err( 1157):    at com.fiship.cibn.controller.VideoDataTask.run(VideoDataTask.java:60)
W/System.err( 1157):    at com.fiship.cibn.controller.PortalRefreshService$SerialExecutor$1.run(PortalRefreshService.java:442)
W/System.err( 1157):    at java.util.concurrent.ThreadPoolExecutor.runWorker(ThreadPoolExecutor.java:1076)
W/System.err( 1157):    at java.util.concurrent.ThreadPoolExecutor$Worker.run(ThreadPoolExecutor.java:569)
W/System.err( 1157):    at java.lang.Thread.run(Thread.java:856)
W/System.err( 1157): java.net.UnknownHostException: Unable to resolve host "cibn-iepg.coship.com": No address associated with hostname
W/System.err( 1157):    at java.net.InetAddress.lookupHost
[  202.239403] IR: [03932] scan key value is 0xf10e8000 
[  202.239408]  ByName(InetAddress.java:400)
W/System.err( 1157):    at java.net.InetAddress.getAllByNameImpl(InetAddress.java:242)
W/System.err( 1157):    at java.net.InetAddress.getAllByName(InetAddress.java:220)
W/System.err( 1157):    at libcore.net.http.HttpConnection.<init>(HttpConnection.java:71)
W/System.err( 1157):    at libcore.net.http.HttpConnection.<init>(HttpConnection.java:50)
W/System.err( 1157):    at libcore.net.http.HttpConnection$Address.connect(HttpConnection.java:351)
W/System.err( 1157):    at libcore.net.http.HttpConnectionPool.get(HttpConnectionPool.java:86)
W/System.err( 1157):    at libcore.net.ht
[  202.299294] IR: [03932] scan key value is 0xf10e8000 
[  202.299299]  tp.HttpConnection.connect(HttpConnection.java:128)
W/System.err( 1157):    at libcore.net.http.HttpEngine.openSocketConnection(HttpEngine.java:308)
W/System.err( 1157):    at libcore.net.http.HttpEngine.connect(HttpEngine.java:303)
W/System.err( 1157):    at libcore.net.http.HttpEngine.sendSocketRequest(HttpEngine.java:282)
W/System.err( 1157):    at libcore.net.http.HttpEngine.sendRequest(HttpEngine.java:232)
W/System.err( 1157):    at libcore.net.http.HttpURLConnectionImpl.getResponse(HttpURLConnectionImpl.java:273)
W/System.err( 1157):    at libcore.net.http.HttpURLConnectionImpl.getInputStream(HttpURLConnectionImpl.java:168)
W/System.err( 1157):    at com.fiship.cibn.common.ImageUtilImpl.GetInputStream(ImageUtilImpl.java:44)
W/System.err( 1157):    at com.fiship.cibn.common.ImageUtilImpl.getData(ImageUtilImpl.java:69)
W/System.err( 1157):    at com.fiship.cibn.controller.VideoDataTask.run(VideoDataTask.java:60)
W/System.err( 1157):    at com.fiship.cibn.controller.PortalRefreshService$SerialExecutor$1.run(PortalRefreshService.java:442)
W/System.err( 1157):    at java.util.concurrent.ThreadPoolExecutor.runWorker(ThreadPoolExecutor.java:1076)
W/System.err( 1157):    at java.util.concurrent.ThreadPoolExecutor$Worker.run(ThreadPoolExecutor.java:569)
W/System.err( 1157):    at java.lang.Thread.run(Thread.java:856)
W/System.err( 1157): java.net.UnknownHostException: Unable to resolve host "cibn-iepg.coship.com": No address associated with hostname
W/System.err( 1157):    at java.net.InetAddress.lookupHostByName(InetAddress.java:400)
W/System.err( 1157):    at java.net.InetAddress.getAllByNameImpl(InetAddress.java:242)
W/System.err( 1157):    at java.net.InetAddress.getAllByName(InetAddress.java:220)
W/System.err( 1157):    at libcore.net.http.HttpConnection.<init>(HttpConnection.java:71)
W/System.err( 1157):    at libcore.net.http.HttpConnection.<init>(HttpConnection.java:50)
W/System.err( 1157):    at libcore.net.http.HttpConnection$Address.connect(HttpConnection.java:351)
W/System.err( 1157):    at libcore.net.http.HttpConnectionPool.get(HttpConnectionPool.java:86)
W/System.err( 1157):    at libcore.net.http.HttpConnection.connect(HttpConnection.java:128)
W/System.err( 1157):    at libcore.net.http.HttpEngine.openSocketConnection(HttpEngine.java:308)
W/System.err( 1157):    at libcore.net.http.HttpEngine.connect(HttpEngine.java:303)
W/System.err( 1157):    at libcore.net.http.HttpEngine.sendSocketRequest(HttpEngine.java:282)
W/System.err( 1157):    at libcore.net.http.HttpEngine.sendRequest(HttpEngine.java:232)
W/System.err( 1157):    at libcore.net.http.HttpURLConnectionImpl.getResponse(HttpURLConnectionImpl.java:273)
W/System.err( 1157):    at libcore.net.http.HttpURLConnectionImpl.getInputStream(HttpURLConnectionImpl.java:168)
W/System.err( 1157):    at com.fiship.cibn.common.ImageUtilImpl.GetInputStream(
[  202.552447] IR: [03932] scan key value is 0xf10e8000 
[  202.552451]  ImageUtilImpl.java:44)
W/System.err( 1157):    at com.fiship.cibn.common.ImageUtilImpl.getData(ImageUtilImpl.java:69)
W/System.err( 1157):    at com.fiship.cibn.controller.VideoDataTask.run(VideoDataTask.java:60)
W/System.err( 1157):    at com.fiship.cibn.controller.PortalRefreshService$SerialExecutor$1.run(PortalRefreshService.java:442)
W/System.err( 1157):    at java.util.concurrent.ThreadPoolExecutor.runWorker(ThreadPoolExecutor.java:1076)
W/System.err( 1157):    at java.util.concurrent.ThreadPoolExecutor$Worker.run(ThreadPoolExecutor.java:569)
W/System.err( 1157):    at java.lang.Thread.run(Thread.java:856)

[  202.612339] IR: [03932] scan key value is 0xf10e8000 
[  202.612344]  D/MonitorCw880( 1224): Current Remote Host is null, continue, counter=0

[  202.803461] IR: [03932] scan key value is 0xf10e8000 
[  202.803466]  
[  202.863363] IR: [03932] scan key value is 0xf10e8000 
[  202.863367]  I/MainActivity( 1157): Connect to PortalMS-Server  Address: http://cibn-iepg.coship.com:8080
W/System.err( 1157): java.net.UnknownHostException: Unable to resolve host "cibn-iepg.coship.com": No address associated with hostname
W/System.err( 1157):    at java.net.InetAddress.lookupHostByName(InetAddress.java:400)
W/System.err( 1157):    at java.net.InetAddress.getAllByNameImpl(InetAddress.java:242)
W/System.err( 1157):    at java.net.InetAddress.getAllByName(InetAddress.java:220)
W/System.err( 1157):    at org.apache.http.impl.conn.DefaultClientConnectionOperator.openConnection(DefaultClientConnectionOperator.java:137)
W/System.err( 1157):    at org.apache.http.impl.conn.AbstractPoolEntry.open(AbstractPoolEntry.java:164)
W/System.err( 1157):    at org.apache.http.impl.conn.AbstractPooledConnAdapter.open(AbstractPooledConnAdapter.java:119)
W/System.err( 1157):    at org.apache.http.impl.client.DefaultRequestDirector.execute(DefaultRequestDirector.java:360)
W/System.err( 1157):    at org.apache.http.impl.client.AbstractHttpClient.execute(AbstractHttpClient.java:555)
W/System.err( 1157):    at org.apache.http.impl.client.AbstractHttpClient.execute(AbstractHttpClient.java:487)
W/System.err( 1157):    at org.apache.http.impl.client.AbstractHttpClient.execute(AbstractHttpClient.java:465)
W/System.err( 1157):    at com.fiship.cibn.common.NetworkUtil.isConnectToServerByHttp(NetworkUtil.java:39)
W/System.err( 1157):    at com.fiship.cibn.MainActivity$5.run(MainActivity.java:583)
W/System.err( 1157):    at java.lang.Thread.run(Thread.java:856)
I/MainActivity( 1157): Can't Connect to PortalMS-Server!  Address: http://cibn-iepg.coship.com:8080
D/MonitorCw880( 1224): Current Remote Host is null, continue, counter=0

[  203.819208] IR: [03932] scan key value is 0x8f708000 
[  203.819214]  
[  203.879033] IR: [03932] scan key value is 0x8f708000 
[  203.879038]  W/WindowManager(  925): Unable to find ITelephony interface.
D/MonitorCw880( 1224): Current Remote Host is null, continue, counter=0
I/PortalRefreshService( 1157): Thread: Start to download Portal-Data!
V/IDataTaskEntity( 1157): http://cibn-iepg.coship.com:8088/iepg/videoInfo!getVideoList.action?queryType=1&start=1&limit=10&orderFlag=1
V/IDataTaskEntity( 1157): http://cibn-iepg.coship.com:8088/iepg/videoInfo!getVideoList.action?queryType=3&start=1&limit=10&orderFlag=1
V/IDataTaskEntity( 1157): http://cibn-iepg.coship.com:8088/iepg/videoInfo!getVideoList.action?queryType=4&start=1&limit=10&orderFlag=1
V/IDataTaskEntity( 1157): http://cibn-iepg.coship.com:8088/iepg/videoInfo!getVideoList.action?queryType=8&start=1&limit=10&orderFlag=1
W/System.err( 1157): java.net.UnknownHostException: Unable to resolve host "cibn-iepg.coship.com": No address associated with hostname
W/System.err( 1157):    at java.net.InetAddress.lookupHostByName(InetAddress.java:400)
W/System.err( 1157):    at java.net.InetAddress.getAllByNameImpl(InetAddress.java:242)
W/System.err( 1157):    at java.net.InetAddress.getAllByName(InetAddress.java:220)
W/System.err( 1157):    at libcore.net.http.HttpConnection.<init>(HttpConnection.java:71)
W/System.err( 1157):    at libcore.net.http.HttpConnection.<init>(HttpConnection.java:50)
W/System.err( 1157):    at libcore.net.http.HttpConnection$Address.connect(HttpConnection.java:351)
W/System.err( 1157):    at libcore.net.http.HttpConnectionPool.get(HttpConnectionPool.java:86)
W/System.err( 1157):    at libcore.net.http.HttpConnection.connect(HttpConnection.java:128)
W/System.err( 1157):    at libcore.net.http.HttpEngine.openSocketConnection(HttpEngine.java:308)
W/System.err( 1157):    at libcore.net.http.HttpEngine.connect(HttpEngine.java:303)
W/System.err( 1157):    at libcore.net.http.HttpEngine.sendSocketRequest(HttpEngine.java:282)
W/System.err( 1157):    at libcore.net.http.HttpEngine.sendRequest(HttpEngine.java:232)
W/System.err( 1157):    at libcore.net.http.HttpURLConnectionImpl.getResponse(HttpURLConnectionImpl.java:273)
W/System.err( 1157):    at libcore.net.http.HttpURLConnectionImpl.getInputStream(HttpURLConnectionImpl.java:168)
W/System.err( 1157):    at com.fiship.cibn.common.ImageUtilImpl.GetInputStream(ImageUtilImpl.java:44)
W/System.err( 1157):    at com.fiship.cibn.common.ImageUtilImpl.getData(ImageUtilImpl.java:69)
W/System.err( 1157):    at com.fiship.cibn.controller.VideoDataTask.run(VideoDataTask.java:60)
W/System.err( 1157):    at com.fiship.cibn.controller.PortalRefreshService$SerialExecutor$1.run(PortalRefreshService.java:442)
W/System.err( 1157):    at java.util.concurrent.ThreadPoolExecutor.runWorker(ThreadPoolExecutor.java:1076)
W/System.err( 1157):    at java.util.concurrent.ThreadPoolExecutor$Worker.run(ThreadPoolExecutor.java:569)
W/System.err( 1157):    at java.lang.Thread.run(Thread.java:856)
I/PortalRefreshService( 1157): NetWorkState connect ERROR...
I/PortalRefreshService( 1157): PortalService DownlaodThread Stop...
W/System.err( 1157): java.net.UnknownHostException: Unable to resolve host "cibn-iepg.coship.com": No address associated with hostname
W/System.err( 1157):    at java.net.InetAddress.lookupHostByName(InetAddress.java:400)
W/System.err( 1157):    at java.net.InetAddress.getAllByNameImpl(InetAddress.java:242)
W/System.err( 1157):    at java.net.InetAddress.getAllByName(InetAddress.java:220)
W/System.err( 1157):    at libcore.net.http.HttpConnection.<init>(HttpConnection.java:71)
W/System.err( 1157):    at libcore.net.http.HttpConnection.<init>(HttpConnection.java:50)
W/System.err( 1157):    at libcore.net.http.HttpConnection$Address.connect(HttpConnection.java:351)
W/System.err( 1157):    at libcore.net.http.HttpConnectionPool.get(HttpConnectionPool.java:86)
W/System.err( 1157):    at libcore.net.http.HttpConnection.connect(HttpConnection.java:128)
W/System.err( 1157):    at libcore.net.http.HttpEngine.openSocketConnection(HttpEngine.java:308)
W/System.err( 1157):    at libcore.net.http.HttpEngine.connect(HttpEngine.java:303)
W/System.err( 1157):    at libcore.net.http.HttpEngine.sendSocketRequest(HttpEngine.java:282)
W/System.err( 1157):    at libcore.net.http.HttpEngine.sendRequest(HttpEngine.java:232)
W/System.err( 1157):    at libcore.net.http.HttpURLConnectionImpl.getResponse(HttpURLConnectionImpl.java:273)
W/System.err( 1157):    at libcore.net.http.HttpURLConnectionImpl.getInputStream(HttpURLConnectionImpl.java:168)
W/System.err( 1157):    at com.fiship.cibn.common.ImageUtilImpl.GetInputStream(ImageUtilImpl.java:44)
W/System.err( 1157):    at com.fiship.cibn.common.ImageUtilImpl.getData(ImageUtilImpl.java:69)
W/System.err( 1157):    at com.fiship.cibn.controller.VideoDataTask.run(VideoDataTask.java:60)
W/System.err( 1157):    at com.fiship.cibn.controller.PortalRefreshService$SerialExecutor$1.run(PortalRefreshService.java:442)
W/System.err( 1157):    at java.util.concurrent.ThreadPoolExecutor.runWorker(ThreadPoolExecutor.java:1076)
W/System.err( 1157):    at java.util.concurrent.ThreadPoolExecutor$Worker.run(ThreadPoolExecutor.java:569)
W/System.err( 1157):    at java.lang.Thread.run(Thread.java:856)
W/System.err( 1157): java.net.UnknownHostException: Unable to resolve host "cibn-iepg.coship.com": No address associated with hostname
W/System.err( 1157):    at java.net.InetAddress.lookupHostByName(InetAddress.java:400)
W/System.err( 1157):    at java.net.InetAddress.getAllByNameImpl(InetAddress.java:242)
W/System.err( 1157):    at java.net.InetAddress.getAllByName(InetAddress.java:220)
W/System.err( 1157):    at libcore.net.http.HttpConnection.<init>(HttpConnection.java:71)
W/System.err( 1157):    at libcore.net.http.HttpConnection.<init>(HttpConnection.java:50)
W/System.err( 1157):    at libcore.net.http.HttpConnection$Address.connect(HttpConnection.java:351)
W/System.err( 1157):    at libcore.net.http.HttpConnectionPool.get(HttpConnectionPool.java:86)
W/System.err( 1157):    at libcore.net.http.HttpConnection.connect(HttpConnection.java:128)
W/System.err( 1157):    at libcore.net.http.HttpEngine.openSocketConnection(HttpEngine.java:308)
W/System.err( 1157):    at libcore.net.http.HttpEngine.connect(HttpEngine.java:303)
W/System.err( 1157):    at libcore.net.http.HttpEngine.sendSocketRequest(HttpEngine.java:282)
W/System.err( 1157):    at libcore.net.http.HttpEngine.sendRequest(HttpEngine.java:232)
W/System.err( 1157):    at libcore.net.http.HttpURLConnectionImpl.getResponse(HttpURLConnectionImpl.java:273)
W/System.err( 1157):    at libcore.net.http.HttpURLConnectionImpl.getInputStream(HttpURLConnectionImpl.java:168)
W/System.err( 1157):    at com.fiship.cibn.common.ImageUtilImpl.GetInputStream(ImageUtilImpl.java:44)
W/System.err( 1157):    at com.fiship.cibn.common.ImageUtilImpl.getData(ImageUtilImpl.java:69)
W/System.err( 1157):    at com.fiship.cibn.controller.VideoDataTask.run(VideoDataTask.java:60)
W/System.err( 1157):    at com.fiship.cibn.controller.PortalRefreshService$SerialExecutor$1.run(PortalRefreshService.java:442)
W/System.err( 1157):    at java.util.concurrent.ThreadPoolExecutor.runWorker(ThreadPoolExecutor.java:1076)
W/System.err( 1157):    at java.util.concurrent.ThreadPoolExecutor$Worker.run(ThreadPoolExecutor.java:569)
W/System.err( 1157):    at java.lang.Thread.run(Thread.java:856)
W/System.err( 1157): java.net.UnknownHostException: Unable to resolve host "cibn-iepg.coship.com": No address associated with hostname
W/System.err( 1157):    at java.net.InetAddress.lookupHostByName(InetAddress.java:400)
W/System.err( 1157):    at java.net.InetAddress.getAllByNameImpl(InetAddress.java:242)
W/System.err( 1157):    at java.net.InetAddress.getAllByName(InetAddress.java:220)
W/System.err( 1157):    at libcore.net.http.HttpConnection.<init>(HttpConnection.java:71)
W/System.err( 1157):    at libcore.net.http.HttpConnection.<init>(HttpConnection.java:50)
W/System.err( 1157):    at libcore.net.http.HttpConnection$Address.connect(HttpConnection.java:351)
W/System.err( 1157):    at libcore.net.http.HttpConnectionPool.get(HttpConnectionPool.java:86)
W/System.err( 1157):    at libcore.net.http.HttpConnection.connect(HttpConnection.java:128)
W/System.err( 1157):    at libcore.net.http.HttpEngine.openSocketConnection(HttpEngine.java:308)
W/System.err( 1157):    at libcore.net.http.HttpEngine.connect(HttpEngine.java:303)
W/System.err( 1157):    at libcore.net.http.HttpEngine.sendSocketRequest(HttpEngine.java:282)
W/System.err( 1157):    at libcore.net.http.HttpEngine.sendRequest(HttpEngine.java:232)
W/System.err( 1157):    at libcore.net.http.HttpURLConnectionImpl.getResponse(HttpURLConnectionImpl.java:273)
W/System.err( 1157):    at libcore.net.http.HttpURLConnectionImpl.getInputStream(HttpURLConnectionImpl.java:168)
W/System.err( 1157):    at com.fiship.cibn.common.ImageUtilImpl.GetInputStream(ImageUtilImpl.java:44)
W/System.err( 1157):    at com.fiship.cibn.common.ImageUtilImpl.getData(ImageUtilImpl.java:69)
W/System.err( 1157):    at com.fiship.cibn.controller.VideoDataTask.run(VideoDataTask.java:60)
W/System.err( 1157):    at com.fiship.cibn.controller.PortalRefreshService$SerialExecutor$1.run(PortalRefreshService.java:442)
W/System.err( 1157):    at java.util.concurrent.ThreadPoolExecutor.runWorker(ThreadPoolExecutor.java:1076)
W/System.err( 1157):    at java.util.concurrent.ThreadPoolExecutor$Worker.run(ThreadPoolExecutor.java:569)
W/System.err( 1157):    at java.lang.Thread.run(Thread.java:856)
D/MonitorCw880( 1224): Current Remote Host is null, continue, counter=0
D/MonitorCw880( 1224): Current Remote Host is null, continue, counter=0
I/MainActivity( 1157): Connect to PortalMS-Server  Address: http://cibn-iepg.coship.com:8080
W/System.err( 1157): java.net.UnknownHostException: Unable to resolve host "cibn-iepg.coship.com": No address associated with hostname
W/System.err( 1157):    at java.net.InetAddress.lookupHostByName(InetAddress.java:426)
W/System.err( 1157):    at java.net.InetAddress.getAllByNameImpl(InetAddress.java:242)
W/System.err( 1157):    at java.net.InetAddress.getAllByName(InetAddress.java:220)
W/System.err( 1157):    at org.apache.http.impl.conn.DefaultClientConnectionOperator.openConnection(DefaultClientConnectionOperator.java:137)
W/System.err( 1157):    at org.apache.http.impl.conn.AbstractPoolEntry.open(AbstractPoolEntry.java:164)
W/System.err( 1157):    at org.apache.http.impl.conn.AbstractPooledConnAdapter.open(AbstractPooledConnAdapter.java:119)
W/System.err( 1157):    at org.apache.http.impl.client.DefaultRequestDirector.execute(DefaultRequestDirector.java:360)
W/System.err( 1157):    at org.apache.http.impl.client.AbstractHttpClient.execute(AbstractHttpClient.java:555)
W/System.err( 1157):    at org.apache.http.impl.client.AbstractHttpClient.execute(AbstractHttpClient.java:487)
W/System.err( 1157):    at org.apache.http.impl.client.AbstractHttpClient.execute(AbstractHttpClient.java:465)
W/System.err( 1157):    at com.fiship.cibn.common.NetworkUtil.isConnectToServerByHttp(NetworkUtil.java:39)
W/System.err( 1157):    at com.fiship.cibn.MainActivity$5.run(MainActivity.java:583)
W/System.err( 1157):    at java.lang.Thread.run(Thread.java:856)
W/System.err( 1157): Caused by: libcore.io.GaiException: getaddrinfo failed: EAI_NODATA (No address associated with hostname)
W/System.err( 1157):    at libcore.io.Posix.getaddrinfo(Native Method)
W/System.err( 1157):    at libcore.io.ForwardingOs.getaddrinfo(ForwardingOs.java:55)
W/System.err( 1157):    at java.net.InetAddress.lookupHostByName(InetAddress.java:411)
W/System.err( 1157):    ... 12 more
I/MainActivity( 1157): Can't Connect to PortalMS-Server!  Address: http://cibn-iepg.coship.com:8080
D/MonitorCw880( 1224): Current Remote Host is null, continue, counter=0
I/PortalRefreshService( 1157): Thread: Start to download Portal-Data!
V/IDataTaskEntity( 1157): http://cibn-iepg.coship.com:8088/iepg/videoInfo!getVideoList.action?queryType=1&start=1&limit=10&orderFlag=1
V/IDataTaskEntity( 1157): http://cibn-iepg.coship.com:8088/iepg/videoInfo!getVideoList.action?queryType=3&start=1&limit=10&orderFlag=1
V/IDataTaskEntity( 1157): http://cibn-iepg.coship.com:8088/iepg/videoInfo!getVideoList.action?queryType=4&start=1&limit=10&orderFlag=1
V/IDataTaskEntity( 1157): http://cibn-iepg.coship.com:8088/iepg/videoInfo!getVideoList.action?queryType=8&start=1&limit=10&orderFlag=1
W/System.err( 1157): java.net.UnknownHostException: Unable to resolve host "cibn-iepg.coship.com": No address associated with hostname
W/System.err( 1157):    at java.net.InetAddress.lookupHostByName(InetAddress.java:400)
W/System.err( 1157):    at java.net.InetAddress.getAllByNameImpl(InetAddress.java:242)
W/System.err( 1157):    at java.net.InetAddress.getAllByName(InetAddress.java:220)
W/System.err( 1157):    at libcore.net.http.HttpConnection.<init>(HttpConnection.java:71)
W/System.err( 1157):    at libcore.net.http.HttpConnection.<init>(HttpConnection.java:50)
W/System.err( 1157):    at libcore.net.http.HttpConnection$Address.connect(HttpConnection.java:351)
W/System.err( 1157):    at libcore.net.http.HttpConnectionPool.get(HttpConnectionPool.java:86)
W/System.err( 1157):    at libcore.net.http.HttpConnection.connect(HttpConnection.java:128)
W/System.err( 1157):    at libcore.net.http.HttpEngine.openSocketConnection(HttpEngine.java:308)
W/System.err( 1157):    at libcore.net.http.HttpEngine.connect(HttpEngine.java:303)
W/System.err( 1157):    at libcore.net.http.HttpEngine.sendSocketRequest(HttpEngine.java:282)
W/System.err( 1157):    at libcore.net.http.HttpEngine.sendRequest(HttpEngine.java:232)
W/System.err( 1157):    at libcore.net.http.HttpURLConnectionImpl.getResponse(HttpURLConnectionImpl.java:273)
W/System.err( 1157):    at libcore.net.http.HttpURLConnectionImpl.getInputStream(HttpURLConnectionImpl.java:168)
W/System.err( 1157):    at com.fiship.cibn.common.ImageUtilImpl.GetInputStream(ImageUtilImpl.java:44)
W/System.err( 1157):    at com.fiship.cibn.common.ImageUtilImpl.getData(ImageUtilImpl.java:69)
W/System.err( 1157):    at com.fiship.cibn.controller.VideoDataTask.run(VideoDataTask.java:60)
W/System.err( 1157):    at com.fiship.cibn.controller.PortalRefreshService$SerialExecutor$1.run(PortalRefreshService.java:442)
W/System.err( 1157):    at java.util.concurrent.ThreadPoolExecutor.runWorker(ThreadPoolExecutor.java:1076)
W/System.err( 1157):    at java.util.concurrent.ThreadPoolExecutor$Worker.run(ThreadPoolExecutor.java:569)
W/System.err( 1157):    at java.lang.Thread.run(Thread.java:856)
I/PortalRefreshService( 1157): NetWorkState connect ERROR...
I/PortalRefreshService( 1157): PortalService DownlaodThread Stop...
W/System.err( 1157): java.net.UnknownHostException: Unable to resolve host "cibn-iepg.coship.com": No address associated with hostname
W/System.err( 1157):    at java.net.InetAddress.lookupHostByName(InetAddress.java:400)
W/System.err( 1157):    at java.net.InetAddress.getAllByNameImpl(InetAddress.java:242)
W/System.err( 1157):    at java.net.InetAddress.getAllByName(InetAddress.java:220)
W/System.err( 1157):    at libcore.net.http.HttpConnection.<init>(HttpConnection.java:71)
W/System.err( 1157):    at libcore.net.http.HttpConnection.<init>(HttpConnection.java:50)
W/System.err( 1157):    at libcore.net.http.HttpConnection$Address.connect(HttpConnection.java:351)
W/System.err( 1157):    at libcore.net.http.HttpConnectionPool.get(HttpConnectionPool.java:86)
W/System.err( 1157):    at libcore.net.http.HttpConnection.connect(HttpConnection.java:128)
W/System.err( 1157):    at libcore.net.http.HttpEngine.openSocketConnection(HttpEngine.java:308)
W/System.err( 1157):    at libcore.net.http.HttpEngine.connect(HttpEngine.java:303)
W/System.err( 1157):    at libcore.net.http.HttpEngine.sendSocketRequest(HttpEngine.java:282)
W/System.err( 1157):    at libcore.net.http.HttpEngine.sendRequest(HttpEngine.java:232)
W/System.err( 1157):    at libcore.net.http.HttpURLConnectionImpl.getResponse(HttpURLConnectionImpl.java:273)
W/System.err( 1157):    at libcore.net.http.HttpURLConnectionImpl.getInputStream(HttpURLConnectionImpl.java:168)
W/System.err( 1157):    at com.fiship.cibn.common.ImageUtilImpl.GetInputStream(ImageUtilImpl.java:44)
W/System.err( 1157):    at com.fiship.cibn.common.ImageUtilImpl.getData(ImageUtilImpl.java:69)
W/System.err( 1157):    at com.fiship.cibn.controller.VideoDataTask.run(VideoDataTask.java:60)
W/System.err( 1157):    at com.fiship.cibn.controller.PortalRefreshService$SerialExecutor$1.run(PortalRefreshService.java:442)
W/System.err( 1157):    at java.util.concurrent.ThreadPoolExecutor.runWorker(ThreadPoolExecutor.java:1076)
W/System.err( 1157):    at java.util.concurrent.ThreadPoolExecutor$Worker.run(ThreadPoolExecutor.java:569)
W/System.err( 1157):    at java.lang.Thread.run(Thread.java:856)
W/System.err( 1157): java.net.UnknownHostException: Unable to resolve host "cibn-iepg.coship.com": No address associated with hostname
W/System.err( 1157):    at java.net.InetAddress.lookupHostByName(InetAddress.java:400)
W/System.err( 1157):    at java.net.InetAddress.getAllByNameImpl(InetAddress.java:242)
W/System.err( 1157):    at java.net.InetAddress.getAllByName(InetAddress.java:220)
W/System.err( 1157):    at libcore.net.http.HttpConnection.<init>(HttpConnection.java:71)
W/System.err( 1157):    at libcore.net.http.HttpConnection.<init>(HttpConnection.java:50)
W/System.err( 1157):    at libcore.net.http.HttpConnection$Address.connect(HttpConnection.java:351)
W/System.err( 1157):    at libcore.net.http.HttpConnectionPool.get(HttpConnectionPool.java:86)
W/System.err( 1157):    at libcore.net.http.HttpConnection.connect(HttpConnection.java:128)
W/System.err( 1157):    at libcore.net.http.HttpEngine.openSocketConnection(HttpEngine.java:308)
W/System.err( 1157):    at libcore.net.http.HttpEngine.connect(HttpEngine.java:303)
W/System.err( 1157):    at libcore.net.http.HttpEngine.sendSocketRequest(HttpEngine.java:282)
W/System.err( 1157):    at libcore.net.http.HttpEngine.sendRequest(HttpEngine.java:232)
W/System.err( 1157):    at libcore.net.http.HttpURLConnectionImpl.getResponse(HttpURLConnectionImpl.java:273)
W/System.err( 1157):    at libcore.net.http.HttpURLConnectionImpl.getInputStream(HttpURLConnectionImpl.java:168)
W/System.err( 1157):    at com.fiship.cibn.common.ImageUtilImpl.GetInputStream(ImageUtilImpl.java:44)
W/System.err( 1157):    at com.fiship.cibn.common.ImageUtilImpl.getData(ImageUtilImpl.java:69)
W/System.err( 1157):    at com.fiship.cibn.controller.VideoDataTask.run(VideoDataTask.java:60)
W/System.err( 1157):    at com.fiship.cibn.controller.PortalRefreshService$SerialExecutor$1.run(PortalRefreshService.java:442)
W/System.err( 1157):    at java.util.concurrent.ThreadPoolExecutor.runWorker(ThreadPoolExecutor.java:1076)
W/System.err( 1157):    at java.util.concurrent.ThreadPoolExecutor$Worker.run(ThreadPoolExecutor.java:569)
W/System.err( 1157):    at java.lang.Thread.run(Thread.java:856)
W/System.err( 1157): java.net.UnknownHostException: Unable to resolve host "cibn-iepg.coship.com": No address associated with hostname
W/System.err( 1157):    at java.net.InetAddress.lookupHostByName(InetAddress.java:400)
W/System.err( 1157):    at java.net.InetAddress.getAllByNameImpl(InetAddress.java:242)
W/System.err( 1157):    at java.net.InetAddress.getAllByName(InetAddress.java:220)
W/System.err( 1157):    at libcore.net.http.HttpConnection.<init>(HttpConnection.java:71)
W/System.err( 1157):    at libcore.net.http.HttpConnection.<init>(HttpConnection.java:50)
W/System.err( 1157):    at libcore.net.http.HttpConnection$Address.connect(HttpConnection.java:351)
W/System.err( 1157):    at libcore.net.http.HttpConnectionPool.get(HttpConnectionPool.java:86)
W/System.err( 1157):    at libcore.net.http.HttpConnection.connect(HttpConnection.java:128)
W/System.err( 1157):    at libcore.net.http.HttpEngine.openSocketConnection(HttpEngine.java:308)
W/System.err( 1157):    at libcore.net.http.HttpEngine.connect(HttpEngine.java:303)
W/System.err( 1157):    at libcore.net.http.HttpEngine.sendSocketRequest(HttpEngine.java:282)
W/System.err( 1157):    at libcore.net.http.HttpEngine.sendRequest(HttpEngine.java:232)
W/System.err( 1157):    at libcore.net.http.HttpURLConnectionImpl.getResponse(HttpURLConnectionImpl.java:273)
W/System.err( 1157):    at libcore.net.http.HttpURLConnectionImpl.getInputStream(HttpURLConnectionImpl.java:168)
W/System.err( 1157):    at com.fiship.cibn.common.ImageUtilImpl.GetInputStream(ImageUtilImpl.java:44)
W/System.err( 1157):    at com.fiship.cibn.common.ImageUtilImpl.getData(ImageUtilImpl.java:69)
W/System.err( 1157):    at com.fiship.cibn.controller.VideoDataTask.run(VideoDataTask.java:60)
W/System.err( 1157):    at com.fiship.cibn.controller.PortalRefreshService$SerialExecutor$1.run(PortalRefreshService.java:442)
W/System.err( 1157):    at java.util.concurrent.ThreadPoolExecutor.runWorker(ThreadPoolExecutor.java:1076)
W/System.err( 1157):    at java.util.concurrent.ThreadPoolExecutor$Worker.run(ThreadPoolExecutor.java:569)
W/System.err( 1157):    at java.lang.Thread.run(Thread.java:856)
D/MonitorCw880( 1224): Current Remote Host is null, continue, counter=0
D/MonitorCw880( 1224): Current Remote Host is null, continue, counter=0
D/MonitorCw880( 1224): Current Remote Host is null, continue, counter=0
I/PortalRefreshService( 1157): Thread: Start to download Portal-Data!
V/IDataTaskEntity( 1157): http://cibn-iepg.coship.com:8088/iepg/videoInfo!getVideoList.action?queryType=1&start=1&limit=10&orderFlag=1
W/System.err( 1157): java.net.UnknownHostException: Unable to resolve host "cibn-iepg.coship.com": No address associated with hostname
W/System.err( 1157):    at java.net.InetAddress.lookupHostByName(InetAddress.java:400)
W/System.err( 1157):    at java.net.InetAddress.getAllByNameImpl(InetAddress.java:242)
W/System.err( 1157):    at java.net.InetAddress.getAllByName(InetAddress.java:220)
W/System.err( 1157):    at libcore.net.http.HttpConnection.<init>(HttpConnection.java:71)
W/System.err( 1157):    at libcore.net.http.HttpConnection.<init>(HttpConnection.java:50)
W/System.err( 1157):    at libcore.net.http.HttpConnection$Address.connect(HttpConnection.java:351)
W/System.err( 1157):    at libcore.net.http.HttpConnectionPool.get(HttpConnectionPool.java:86)
W/System.err( 1157):    at libcore.net.http.HttpConnection.connect(HttpConnection.java:128)
W/System.err( 1157):    at libcore.net.http.HttpEngine.openSocketConnection(HttpEngine.java:308)
W/System.err( 1157):    at libcore.net.http.HttpEngine.connect(HttpEngine.java:303)
W/System.err( 1157):    at libcore.net.http.HttpEngine.sendSocketRequest(HttpEngine.java:282)
W/System.err( 1157):    at libcore.net.http.HttpEngine.sendRequest(HttpEngine.java:232)
W/System.err( 1157):    at libcore.net.http.HttpURLConnectionImpl.getResponse(HttpURLConnectionImpl.java:273)
W/System.err( 1157):    at libcore.net.http.HttpURLConnectionImpl.getInputStream(HttpURLConnectionImpl.java:168)
W/System.err( 1157):    at com.fiship.cibn.common.ImageUtilImpl.GetInputStream(ImageUtilImpl.java:44)
W/System.err( 1157):    at com.fiship.cibn.common.ImageUtilImpl.getData(ImageUtilImpl.java:69)
W/System.err( 1157):    at com.fiship.cibn.controller.VideoDataTask.run(VideoDataTask.java:60)
W/System.err( 1157):    at com.fiship.cibn.controller.PortalRefreshService$SerialExecutor$1.run(PortalRefreshService.java:442)
W/System.err( 1157):    at java.util.concurrent.ThreadPoolExecutor.runWorker(ThreadPoolExecutor.java:1076)
W/System.err( 1157):    at java.util.concurrent.ThreadPoolExecutor$Worker.run(ThreadPoolExecutor.java:569)
W/System.err( 1157):    at java.lang.Thread.run(Thread.java:856)
V/IDataTaskEntity( 1157): http://cibn-iepg.coship.com:8088/iepg/videoInfo!getVideoList.action?queryType=3&start=1&limit=10&orderFlag=1
W/System.err( 1157): java.net.UnknownHostException: Unable to resolve host "cibn-iepg.coship.com": No address associated with hostname
W/System.err( 1157):    at java.net.InetAddress.lookupHostByName(InetAddress.java:400)
W/System.err( 1157):    at java.net.InetAddress.getAllByNameImpl(InetAddress.java:242)
W/System.err( 1157):    at java.net.InetAddress.getAllByName(InetAddress.java:220)
W/System.err( 1157):    at libcore.net.http.HttpConnection.<init>(HttpConnection.java:71)
W/System.err( 1157):    at libcore.net.http.HttpConnection.<init>(HttpConnection.java:50)
W/System.err( 1157):    at libcore.net.http.HttpConnection$Address.connect(HttpConnection.java:351)
W/System.err( 1157):    at libcore.net.http.HttpConnectionPool.get(HttpConnectionPool.java:86)
W/System.err( 1157):    at libcore.net.http.HttpConnection.connect(HttpConnection.java:128)
W/System.err( 1157):    at libcore.net.http.HttpEngine.openSocketConnection(HttpEngine.java:308)
W/System.err( 1157):    at libcore.net.http.HttpEngine.connect(HttpEngine.java:303)
W/System.err( 1157):    at libcore.net.http.HttpEngine.sendSocketRequest(HttpEngine.java:282)
W/System.err( 1157):    at libcore.net.http.HttpEngine.sendRequest(HttpEngine.java:232)
W/System.err( 1157):    at libcore.net.http.HttpURLConnectionImpl.getResponse(HttpURLConnectionImpl.java:273)
W/System.err( 1157):    at libcore.net.http.HttpURLConnectionImpl.getInputStream(HttpURLConnectionImpl.java:168)
W/System.err( 1157):    at com.fiship.cibn.common.ImageUtilImpl.GetInputStream(ImageUtilImpl.java:44)
W/System.err( 1157):    at com.fiship.cibn.common.ImageUtilImpl.getData(ImageUtilImpl.java:69)
W/System.err( 1157):    at com.fiship.cibn.controller.VideoDataTask.run(VideoDataTask.java:60)
W/System.err( 1157):    at com.fiship.cibn.controller.PortalRefreshService$SerialExecutor$1.run(PortalRefreshService.java:442)
W/System.err( 1157):    at java.util.concurrent.ThreadPoolExecutor.runWorker(ThreadPoolExecutor.java:1076)
W/System.err( 1157):    at java.util.concurrent.ThreadPoolExecutor$Worker.run(ThreadPoolExecutor.java:569)
W/System.err( 1157):    at java.lang.Thread.run(Thread.java:856)
V/IDataTaskEntity( 1157): http://cibn-iepg.coship.com:8088/iepg/videoInfo!getVideoList.action?queryType=4&start=1&limit=10&orderFlag=1
W/System.err( 1157): java.net.UnknownHostException: Unable to resolve host "cibn-iepg.coship.com": No address associated with hostname
W/System.err( 1157):    at java.net.InetAddress.lookupHostByName(InetAddress.java:400)
W/System.err( 1157):    at java.net.InetAddress.getAllByNameImpl(InetAddress.java:242)
W/System.err( 1157):    at java.net.InetAddress.getAllByName(InetAddress.java:220)
W/System.err( 1157):    at libcore.net.http.HttpConnection.<init>(HttpConnection.java:71)
W/System.err( 1157):    at libcore.net.http.HttpConnection.<init>(HttpConnection.java:50)
W/System.err( 1157):    at libcore.net.http.HttpConnection$Address.connect(HttpConnection.java:351)
W/System.err( 1157):    at libcore.net.http.HttpConnectionPool.get(HttpConnectionPool.java:86)
W/System.err( 1157):    at libcore.net.http.HttpConnection.connect(HttpConnection.java:128)
W/System.err( 1157):    at libcore.net.http.HttpEngine.openSocketConnection(HttpEngine.java:308)
W/System.err( 1157):    at libcore.net.http.HttpEngine.connect(HttpEngine.java:303)
W/System.err( 1157):    at libcore.net.http.HttpEngine.sendSocketRequest(HttpEngine.java:282)
W/System.err( 1157):    at libcore.net.http.HttpEngine.sendRequest(HttpEngine.java:232)
W/System.err( 1157):    at libcore.net.http.HttpURLConnectionImpl.getResponse(HttpURLConnectionImpl.java:273)
W/System.err( 1157):    at libcore.net.http.HttpURLConnectionImpl.getInputStream(HttpURLConnectionImpl.java:168)
W/System.err( 1157):    at com.fiship.cibn.common.ImageUtilImpl.GetInputStream(ImageUtilImpl.java:44)
W/System.err( 1157):    at com.fiship.cibn.common.ImageUtilImpl.getData(ImageUtilImpl.java:69)
W/System.err( 1157):    at com.fiship.cibn.controller.VideoDataTask.run(VideoDataTask.java:60)
