I/MainActivity( 1223): Connect to PortalMS-Server  Address: http://cibn-iepg.coship.com:8080
W/System.err( 1223): java.net.UnknownHostException: Unable to resolve host "cibn-iepg.coship.com": No address associated with hostname
W/System.err( 1223):    at java.net.InetAddress.lookupHostByName(InetAddress.java:426)
W/System.err( 1223):    at java.net.InetAddress.getAllByNameImpl(InetAddress.java:242)
W/System.err( 1223):    at java.net.InetAddress.getAllByName(InetAddress.java:220)
W/System.err( 1223):    at org.apache.http.impl.conn.DefaultClientConnectionOperator.openConnection(DefaultClientConnectionOperator.java:137)
W/System.err( 1223):    at org.apache.http.impl.conn.AbstractPoolEntry.open(AbstractPoolEntry.java:164)
W/System.err( 1223):    at org.apache.http.impl.conn.AbstractPooledConnAdapter.open(AbstractPooledConnAdapter.java:119)
W/System.err( 1223):    at org.apache.http.impl.client.DefaultRequestDirector.execute(DefaultRequestDirector.java:360)
W/System.err( 1223):    at org.apache.http.impl.client.AbstractHttpClient.execute(AbstractHttpClient.java:555)
W/System.err( 1223):    at org.apache.http.impl.client.AbstractHttpClient.execute(AbstractHttpClient.java:487)
W/System.err( 1223):    at org.apache.http.impl.client.AbstractHttpClient.execute(AbstractHttpClient.java:465)
W/System.err( 1223):    at com.fiship.cibn.common.NetworkUtil.isConnectToServerByHttp(NetworkUtil.java:39)
W/System.err( 1223):    at com.fiship.cibn.MainActivity$5.run(MainActivity.java:583)
W/System.err( 1223):    at java.lang.Thread.run(Thread.java:856)
W/System.err( 1223): Caused by: libcore.io.GaiException: getaddrinfo failed: EAI_NODATA (No address associated with hostname)
W/System.err( 1223):    at libcore.io.Posix.getaddrinfo(Native Method)
W/System.err( 1223):    at libcore.io.ForwardingOs.getaddrinfo(ForwardingOs.java:55)
W/System.err( 1223):    at java.net.InetAddress.lookupHostByName(InetAddress.java:411)
W/System.err( 1223):    ... 12 more
I/MainActivity( 1223): Can't Connect to PortalMS-Server!  Address: http://cibn-iepg.coship.com:8080
D/MonitorCw880( 1287): Current Remote Host is null, continue, counter=0
D/MonitorCw880( 1287): Current Remote Host is null, continue, counter=0
D/MonitorCw880( 1287): Current Remote Host is null, continue, counter=0
D/MonitorCw880( 1287): Current Remote Host is null, continue, counter=0
I/MainActivity( 1223): Connect to PortalMS-Server  Address: http://cibn-iepg.coship.com:8080
W/System.err( 1223): java.net.UnknownHostException: Unable to resolve host "cibn-iepg.coship.com": No address associated with hostname
W/System.err( 1223):    at java.net.InetAddress.lookupHostByName(InetAddress.java:400)
W/System.err( 1223):    at java.net.InetAddress.getAllByNameImpl(InetAddress.java:242)
W/System.err( 1223):    at java.net.InetAddress.getAllByName(InetAddress.java:220)
W/System.err( 1223):    at org.apache.http.impl.conn.DefaultClientConnectionOperator.openConnection(DefaultClientConnectionOperator.java:137)
W/System.err( 1223):    at org.apache.http.impl.conn.AbstractPoolEntry.open(AbstractPoolEntry.java:164)
W/System.err( 1223):    at org.apache.http.impl.conn.AbstractPooledConnAdapter.open(AbstractPooledConnAdapter.java:119)
W/System.err( 1223):    at org.apache.http.impl.client.DefaultRequestDirector.execute(DefaultRequestDirector.java:360)
W/System.err( 1223):    at org.apache.http.impl.client.AbstractHttpClient.execute(AbstractHttpClient.java:555)
W/System.err( 1223):    at org.apache.http.impl.client.AbstractHttpClient.execute(AbstractHttpClient.java:487)
W/System.err( 1223):    at org.apache.http.impl.client.AbstractHttpClient.execute(AbstractHttpClient.java:465)
W/System.err( 1223):    at com.fiship.cibn.common.NetworkUtil.isConnectToServerByHttp(NetworkUtil.java:39)
W/System.err( 1223):    at com.fiship.cibn.MainActivity$5.run(MainActivity.java:583)
W/System.err( 1223):    at java.lang.Thread.run(Thread.java:856)
I/MainActivity( 1223): Can't Connect to PortalMS-Server!  Address: http://cibn-iepg.coship.com:8080
D/MonitorCw880( 1287): Current Remote Host is null, continue, counter=0
D/MonitorCw880( 1287): Current Remote Host is null, continue, counter=0
D/MonitorCw880( 1287): Current Remote Host is null, continue, counter=0
D/MonitorCw880( 1287): Current Remote Host is null, continue, counter=0
I/MainActivity( 1223): Connect to PortalMS-Server  Address: http://cibn-iepg.coship.com:8080
W/System.err( 1223): java.net.UnknownHostException: Unable to resolve host "cibn-iepg.coship.com": No address associated with hostname
W/System.err( 1223):    at java.net.InetAddress.lookupHostByName(InetAddress.java:400)
W/System.err( 1223):    at java.net.InetAddress.getAllByNameImpl(InetAddress.java:242)
W/System.err( 1223):    at java.net.InetAddress.getAllByName(InetAddress.java:220)
W/System.err( 1223):    at org.apache.http.impl.conn.DefaultClientConnectionOperator.openConnection(DefaultClientConnectionOperator.java:137)
W/System.err( 1223):    at org.apache.http.impl.conn.AbstractPoolEntry.open(AbstractPoolEntry.java:164)
W/System.err( 1223):    at org.apache.http.impl.conn.AbstractPooledConnAdapter.open(AbstractPooledConnAdapter.java:119)
W/System.err( 1223):    at org.apache.http.impl.client.DefaultRequestDirector.execute(DefaultRequestDirector.java:360)
W/System.err( 1223):    at org.apache.http.impl.client.AbstractHttpClient.execute(AbstractHttpClient.java:555)
W/System.err( 1223):    at org.apache.http.impl.client.AbstractHttpClient.execute(AbstractHttpClient.java:487)
W/System.err( 1223):    at org.apache.http.impl.client.AbstractHttpClient.execute(AbstractHttpClient.java:465)
W/System.err( 1223):    at com.fiship.cibn.common.NetworkUtil.isConnectToServerByHttp(NetworkUtil.java:39)
W/System.err( 1223):    at com.fiship.cibn.MainActivity$5.run(MainActivity.java:583)
W/System.err( 1223):    at java.lang.Thread.run(Thread.java:856)
I/MainActivity( 1223): Can't Connect to PortalMS-Server!  Address: http://cibn-iepg.coship.com:8080
D/MonitorCw880( 1287): Current Remote Host is null, continue, counter=0
D/MonitorCw880( 1287): Current Remote Host is null, continue, counter=0
D/MonitorCw880( 1287): Current Remote Host is null, continue, counter=0
D/MonitorCw880( 1287): Current Remote Host is null, continue, counter=0
I/MainActivity( 1223): Connect to PortalMS-Server  Address: http://cibn-iepg.coship.com:8080
W/System.err( 1223): java.net.UnknownHostException: Unable to resolve host "cibn-iepg.coship.com": No address associated with hostname
W/System.err( 1223):    at java.net.InetAddress.lookupHostByName(InetAddress.java:426)
W/System.err( 1223):    at java.net.InetAddress.getAllByNameImpl(InetAddress.java:242)
W/System.err( 1223):    at java.net.InetAddress.getAllByName(InetAddress.java:220)
W/System.err( 1223):    at org.apache.http.impl.conn.DefaultClientConnectionOperator.openConnection(DefaultClientConnectionOperator.java:137)
W/System.err( 1223):    at org.apache.http.impl.conn.AbstractPoolEntry.open(AbstractPoolEntry.java:164)
W/System.err( 1223):    at org.apache.http.impl.conn.AbstractPooledConnAdapter.open(AbstractPooledConnAdapter.java:119)
W/System.err( 1223):    at org.apache.http.impl.client.DefaultRequestDirector.execute(DefaultRequestDirector.java:360)
W/System.err( 1223):    at org.apache.http.impl.client.AbstractHttpClient.execute(AbstractHttpClient.java:555)
W/System.err( 1223):    at org.apache.http.impl.client.AbstractHttpClient.execute(AbstractHttpClient.java:487)
W/System.err( 1223):    at org.apache.http.impl.client.AbstractHttpClient.execute(AbstractHttpClient.java:465)
W/System.err( 1223):    at com.fiship.cibn.common.NetworkUtil.isConnectToServerByHttp(NetworkUtil.java:39)
W/System.err( 1223):    at com.fiship.cibn.MainActivity$5.run(MainActivity.java:583)
W/System.err( 1223):    at java.lang.Thread.run(Thread.java:856)
W/System.err( 1223): Caused by: libcore.io.GaiException: getaddrinfo failed: EAI_NODATA (No address associated with hostname)
W/System.err( 1223):    at libcore.io.Posix.getaddrinfo(Native Method)
W/System.err( 1223):    at libcore.io.ForwardingOs.getaddrinfo(ForwardingOs.java:55)
W/System.err( 1223):    at java.net.InetAddress.lookupHostByName(InetAddress.java:411)
W/System.err( 1223):    ... 12 more
I/MainActivity( 1223): Can't Connect to PortalMS-Server!  Address: http://cibn-iepg.coship.com:8080
D/MonitorCw880( 1287): Current Remote Host is null, continue, counter=0
D/MonitorCw880( 1287): Current Remote Host is null, continue, counter=0
D/MonitorCw880( 1287): Current Remote Host is null, continue, counter=0
D/MonitorCw880( 1287): Current Remote Host is null, continue, counter=0
I/MainActivity( 1223): Connect to PortalMS-Server  Address: http://cibn-iepg.coship.com:8080
W/System.err( 1223): java.net.UnknownHostException: Unable to resolve host "cibn-iepg.coship.com": No address associated with hostname
W/System.err( 1223):    at java.net.InetAddress.lookupHostByName(InetAddress.java:400)
W/System.err( 1223):    at java.net.InetAddress.getAllByNameImpl(InetAddress.java:242)
W/System.err( 1223):    at java.net.InetAddress.getAllByName(InetAddress.java:220)
W/System.err( 1223):    at org.apache.http.impl.conn.DefaultClientConnectionOperator.openConnection(DefaultClientConnectionOperator.java:137)
W/System.err( 1223):    at org.apache.http.impl.conn.AbstractPoolEntry.open(AbstractPoolEntry.java:164)
W/System.err( 1223):    at org.apache.http.impl.conn.AbstractPooledConnAdapter.open(AbstractPooledConnAdapter.java:119)
W/System.err( 1223):    at org.apache.http.impl.client.DefaultRequestDirector.execute(DefaultRequestDirector.java:360)
W/System.err( 1223):    at org.apache.http.impl.client.AbstractHttpClient.execute(AbstractHttpClient.java:555)
W/System.err( 1223):    at org.apache.http.impl.client.AbstractHttpClient.execute(AbstractHttpClient.java:487)
W/System.err( 1223):    at org.apache.http.impl.client.AbstractHttpClient.execute(AbstractHttpClient.java:465)
W/System.err( 1223):    at com.fiship.cibn.common.NetworkUtil.isConnectToServerByHttp(NetworkUtil.java:39)
W/System.err( 1223):    at com.fiship.cibn.MainActivity$5.run(MainActivity.java:583)
W/System.err( 1223):    at java.lang.Thread.run(Thread.java:856)
I/MainActivity( 1223): Can't Connect to PortalMS-Server!  Address: http://cibn-iepg.coship.com:8080
D/MonitorCw880( 1287): Current Remote Host is null, continue, counter=0
D/MonitorCw880( 1287): Current Remote Host is null, continue, counter=0
D/MonitorCw880( 1287): Current Remote Host is null, continue, counter=0
D/MonitorCw880( 1287): Current Remote Host is null, continue, counter=0
I/MainActivity( 1223): Connect to PortalMS-Server  Address: http://cibn-iepg.coship.com:8080
W/System.err( 1223): java.net.UnknownHostException: Unable to resolve host "cibn-iepg.coship.com": No address associated with hostname
W/System.err( 1223):    at java.net.InetAddress.lookupHostByName(InetAddress.java:400)
W/System.err( 1223):    at java.net.InetAddress.getAllByNameImpl(InetAddress.java:242)
W/System.err( 1223):    at java.net.InetAddress.getAllByName(InetAddress.java:220)
W/System.err( 1223):    at org.apache.http.impl.conn.DefaultClientConnectionOperator.openConnection(DefaultClientConnectionOperator.java:137)
W/System.err( 1223):    at org.apache.http.impl.conn.AbstractPoolEntry.open(AbstractPoolEntry.java:164)
W/System.err( 1223):    at org.apache.http.impl.conn.AbstractPooledConnAdapter.open(AbstractPooledConnAdapter.java:119)
W/System.err( 1223):    at org.apache.http.impl.client.DefaultRequestDirector.execute(DefaultRequestDirector.java:360)
W/System.err( 1223):    at org.apache.http.impl.client.AbstractHttpClient.execute(AbstractHttpClient.java:555)
W/System.err( 1223):    at org.apache.http.impl.client.AbstractHttpClient.execute(AbstractHttpClient.java:487)
W/System.err( 1223):    at org.apache.http.impl.client.AbstractHttpClient.execute(AbstractHttpClient.java:465)
W/System.err( 1223):    at com.fiship.cibn.common.NetworkUtil.isConnectToServerByHttp(NetworkUtil.java:39)
W/System.err( 1223):    at com.fiship.cibn.MainActivity$5.run(MainActivity.java:583)
W/System.err( 1223):    at java.lang.Thread.run(Thread.java:856)
I/MainActivity( 1223): Can't Connect to PortalMS-Server!  Address: http://cibn-iepg.coship.com:8080
D/MonitorCw880( 1287): Current Remote Host is null, continue, counter=0
D/MonitorCw880( 1287): Current Remote Host is null, continue, counter=0
D/MonitorCw880( 1287): Current Remote Host is null, continue, counter=0
D/MonitorCw880( 1287): Current Remote Host is null, continue, counter=0
I/MainActivity( 1223): Connect to PortalMS-Server  Address: http://cibn-iepg.coship.com:8080
W/System.err( 1223): java.net.UnknownHostException: Unable to resolve host "cibn-iepg.coship.com": No address associated with hostname
W/System.err( 1223):    at java.net.InetAddress.lookupHostByName(InetAddress.java:426)
W/System.err( 1223):    at java.net.InetAddress.getAllByNameImpl(InetAddress.java:242)
W/System.err( 1223):    at java.net.InetAddress.getAllByName(InetAddress.java:220)
W/System.err( 1223):    at org.apache.http.impl.conn.DefaultClientConnectionOperator.openConnection(DefaultClientConnectionOperator.java:137)
W/System.err( 1223):    at org.apache.http.impl.conn.AbstractPoolEntry.open(AbstractPoolEntry.java:164)
W/System.err( 1223):    at org.apache.http.impl.conn.AbstractPooledConnAdapter.open(AbstractPooledConnAdapter.java:119)
W/System.err( 1223):    at org.apache.http.impl.client.DefaultRequestDirector.execute(DefaultRequestDirector.java:360)
W/System.err( 1223):    at org.apache.http.impl.client.AbstractHttpClient.execute(AbstractHttpClient.java:555)
W/System.err( 1223):    at org.apache.http.impl.client.AbstractHttpClient.execute(AbstractHttpClient.java:487)
W/System.err( 1223):    at org.apache.http.impl.client.AbstractHttpClient.execute(AbstractHttpClient.java:465)
W/System.err( 1223):    at com.fiship.cibn.common.NetworkUtil.isConnectToServerByHttp(NetworkUtil.java:39)
W/System.err( 1223):    at com.fiship.cibn.MainActivity$5.run(MainActivity.java:583)
W/System.err( 1223):    at java.lang.Thread.run(Thread.java:856)
W/System.err( 1223): Caused by: libcore.io.GaiException: getaddrinfo failed: EAI_NODATA (No address associated with hostname)
W/System.err( 1223):    at libcore.io.Posix.getaddrinfo(Native Method)
W/System.err( 1223):    at libcore.io.ForwardingOs.getaddrinfo(ForwardingOs.java:55)
W/System.err( 1223):    at java.net.InetAddress.lookupHostByName(InetAddress.java:411)
W/System.err( 1223):    ... 12 more
I/MainActivity( 1223): Can't Connect to PortalMS-Server!  Address: http://cibn-iepg.coship.com:8080
D/MonitorCw880( 1287): Current Remote Host is null, continue, counter=0
D/MonitorCw880( 1287): Current Remote Host is null, continue, counter=0
D/MonitorCw880( 1287): Current Remote Host is null, continue, counter=0
D/MonitorCw880( 1287): Current Remote Host is null, continue, counter=0
I/MainActivity( 1223): Connect to PortalMS-Server  Address: http://cibn-iepg.coship.com:8080
W/System.err( 1223): java.net.UnknownHostException: Unable to resolve host "cibn-iepg.coship.com": No address associated with hostname
W/System.err( 1223):    at java.net.InetAddress.lookupHostByName(InetAddress.java:400)
W/System.err( 1223):    at java.net.InetAddress.getAllByNameImpl(InetAddress.java:242)
W/System.err( 1223):    at java.net.InetAddress.getAllByName(InetAddress.java:220)
W/System.err( 1223):    at org.apache.http.impl.conn.DefaultClientConnectionOperator.openConnection(DefaultClientConnectionOperator.java:137)
W/System.err( 1223):    at org.apache.http.impl.conn.AbstractPoolEntry.open(AbstractPoolEntry.java:164)
W/System.err( 1223):    at org.apache.http.impl.conn.AbstractPooledConnAdapter.open(AbstractPooledConnAdapter.java:119)
W/System.err( 1223):    at org.apache.http.impl.client.DefaultRequestDirector.execute(DefaultRequestDirector.java:360)
W/System.err( 1223):    at org.apache.http.impl.client.AbstractHttpClient.execute(AbstractHttpClient.java:555)
W/System.err( 1223):    at org.apache.http.impl.client.AbstractHttpClient.execute(AbstractHttpClient.java:487)
W/System.err( 1223):    at org.apache.http.impl.client.AbstractHttpClient.execute(AbstractHttpClient.java:465)
W/System.err( 1223):    at com.fiship.cibn.common.NetworkUtil.isConnectToServerByHttp(NetworkUtil.java:39)
W/System.err( 1223):    at com.fiship.cibn.MainActivity$5.run(MainActivity.java:583)
W/System.err( 1223):    at java.lang.Thread.run(Thread.java:856)
I/MainActivity( 1223): Can't Connect to PortalMS-Server!  Address: http://cibn-iepg.coship.com:8080
D/MonitorCw880( 1287): Current Remote Host is null, continue, counter=0
D/MonitorCw880( 1287): Current Remote Host is null, continue, counter=0
D/MonitorCw880( 1287): Current Remote Host is null, continue, counter=0
D/MonitorCw880( 1287): Current Remote Host is null, continue, counter=0
I/MainActivity( 1223): Connect to PortalMS-Server  Address: http://cibn-iepg.coship.com:8080
W/System.err( 1223): java.net.UnknownHostException: Unable to resolve host "cibn-iepg.coship.com": No address associated with hostname
W/System.err( 1223):    at java.net.InetAddress.lookupHostByName(InetAddress.java:400)
W/System.err( 1223):    at java.net.InetAddress.getAllByNameImpl(InetAddress.java:242)
W/System.err( 1223):    at java.net.InetAddress.getAllByName(InetAddress.java:220)
W/System.err( 1223):    at org.apache.http.impl.conn.DefaultClientConnectionOperator.openConnection(DefaultClientConnectionOperator.java:137)
W/System.err( 1223):    at org.apache.http.impl.conn.AbstractPoolEntry.open(AbstractPoolEntry.java:164)
W/System.err( 1223):    at org.apache.http.impl.conn.AbstractPooledConnAdapter.open(AbstractPooledConnAdapter.java:119)
W/System.err( 1223):    at org.apache.http.impl.client.DefaultRequestDirector.execute(DefaultRequestDirector.java:360)
W/System.err( 1223):    at org.apache.http.impl.client.AbstractHttpClient.execute(AbstractHttpClient.java:555)
W/System.err( 1223):    at org.apache.http.impl.client.AbstractHttpClient.execute(AbstractHttpClient.java:487)
W/System.err( 1223):    at org.apache.http.impl.client.AbstractHttpClient.execute(AbstractHttpClient.java:465)
W/System.err( 1223):    at com.fiship.cibn.common.NetworkUtil.isConnectToServerByHttp(NetworkUtil.java:39)
W/System.err( 1223):    at com.fiship.cibn.MainActivity$5.run(MainActivity.java:583)
W/System.err( 1223):    at java.lang.Thread.run(Thread.java:856)
I/MainActivity( 1223): Can't Connect to PortalMS-Server!  Address: http://cibn-iepg.coship.com:8080
D/MonitorCw880( 1287): Current Remote Host is null, continue, counter=0
D/MonitorCw880( 1287): Current Remote Host is null, continue, counter=0
D/MonitorCw880( 1287): Current Remote Host is null, continue, counter=0
D/MonitorCw880( 1287): Current Remote Host is null, continue, counter=0
I/MainActivity( 1223): Connect to PortalMS-Server  Address: http://cibn-iepg.coship.com:8080
W/System.err( 1223): java.net.UnknownHostException: Unable to resolve host "cibn-iepg.coship.com": No address associated with hostname
W/System.err( 1223):    at java.net.InetAddress.lookupHostByName(InetAddress.java:426)
W/System.err( 1223):    at java.net.InetAddress.getAllByNameImpl(InetAddress.java:242)
W/System.err( 1223):    at java.net.InetAddress.getAllByName(InetAddress.java:220)
W/System.err( 1223):    at org.apache.http.impl.conn.DefaultClientConnectionOperator.openConnection(DefaultClientConnectionOperator.java:137)
W/System.err( 1223):    at org.apache.http.impl.conn.AbstractPoolEntry.open(AbstractPoolEntry.java:164)
W/System.err( 1223):    at org.apache.http.impl.conn.AbstractPooledConnAdapter.open(AbstractPooledConnAdapter.java:119)
W/System.err( 1223):    at org.apache.http.impl.client.DefaultRequestDirector.execute(DefaultRequestDirector.java:360)
W/System.err( 1223):    at org.apache.http.impl.client.AbstractHttpClient.execute(AbstractHttpClient.java:555)
W/System.err( 1223):    at org.apache.http.impl.client.AbstractHttpClient.execute(AbstractHttpClient.java:487)
W/System.err( 1223):    at org.apache.http.impl.client.AbstractHttpClient.execute(AbstractHttpClient.java:465)
W/System.err( 1223):    at com.fiship.cibn.common.NetworkUtil.isConnectToServerByHttp(NetworkUtil.java:39)
W/System.err( 1223):    at com.fiship.cibn.MainActivity$5.run(MainActivity.java:583)
W/System.err( 1223):    at java.lang.Thread.run(Thread.java:856)
W/System.err( 1223): Caused by: libcore.io.GaiException: getaddrinfo failed: EAI_NODATA (No address associated with hostname)
W/System.err( 1223):    at libcore.io.Posix.getaddrinfo(Native Method)
W/System.err( 1223):    at libcore.io.ForwardingOs.getaddrinfo(ForwardingOs.java:55)
W/System.err( 1223):    at java.net.InetAddress.lookupHostByName(InetAddress.java:411)
W/System.err( 1223):    ... 12 more
I/MainActivity( 1223): Can't Connect to PortalMS-Server!  Address: http://cibn-iepg.coship.com:8080
D/MonitorCw880( 1287): Current Remote Host is null, continue, counter=0
D/MonitorCw880( 1287): Current Remote Host is null, continue, counter=0
D/MonitorCw880( 1287): Current Remote Host is null, continue, counter=0
D/MonitorCw880( 1287): Current Remote Host is null, continue, counter=0
I/MainActivity( 1223): Connect to PortalMS-Server  Address: http://cibn-iepg.coship.com:8080
W/System.err( 1223): java.net.UnknownHostException: Unable to resolve host "cibn-iepg.coship.com": No address associated with hostname
W/System.err( 1223):    at java.net.InetAddress.lookupHostByName(InetAddress.java:400)
W/System.err( 1223):    at java.net.InetAddress.getAllByNameImpl(InetAddress.java:242)
W/System.err( 1223):    at java.net.InetAddress.getAllByName(InetAddress.java:220)
W/System.err( 1223):    at org.apache.http.impl.conn.DefaultClientConnectionOperator.openConnection(DefaultClientConnectionOperator.java:137)
W/System.err( 1223):    at org.apache.http.impl.conn.AbstractPoolEntry.open(AbstractPoolEntry.java:164)
W/System.err( 1223):    at org.apache.http.impl.conn.AbstractPooledConnAdapter.open(AbstractPooledConnAdapter.java:119)
W/System.err( 1223):    at org.apache.http.impl.client.DefaultRequestDirector.execute(DefaultRequestDirector.java:360)
W/System.err( 1223):    at org.apache.http.impl.client.AbstractHttpClient.execute(AbstractHttpClient.java:555)
W/System.err( 1223):    at org.apache.http.impl.client.AbstractHttpClient.execute(AbstractHttpClient.java:487)
W/System.err( 1223):    at org.apache.http.impl.client.AbstractHttpClient.execute(AbstractHttpClient.java:465)
W/System.err( 1223):    at com.fiship.cibn.common.NetworkUtil.isConnectToServerByHttp(NetworkUtil.java:39)
W/System.err( 1223):    at com.fiship.cibn.MainActivity$5.run(MainActivity.java:583)
W/System.err( 1223):    at java.lang.Thread.run(Thread.java:856)
I/MainActivity( 1223): Can't Connect to PortalMS-Server!  Address: http://cibn-iepg.coship.com:8080
D/MonitorCw880( 1287): Current Remote Host is null, continue, counter=0
D/MonitorCw880( 1287): Current Remote Host is null, continue, counter=0
D/MonitorCw880( 1287): Current Remote Host is null, continue, counter=0
D/MonitorCw880( 1287): Current Remote Host is null, continue, counter=0
I/MainActivity( 1223): Connect to PortalMS-Server  Address: http://cibn-iepg.coship.com:8080
W/System.err( 1223): java.net.UnknownHostException: Unable to resolve host "cibn-iepg.coship.com": No address associated with hostname
W/System.err( 1223):    at java.net.InetAddress.lookupHostByName(InetAddress.java:400)
W/System.err( 1223):    at java.net.InetAddress.getAllByNameImpl(InetAddress.java:242)
W/System.err( 1223):    at java.net.InetAddress.getAllByName(InetAddress.java:220)
W/System.err( 1223):    at org.apache.http.impl.conn.DefaultClientConnectionOperator.openConnection(DefaultClientConnectionOperator.java:137)
W/System.err( 1223):    at org.apache.http.impl.conn.AbstractPoolEntry.open(AbstractPoolEntry.java:164)
W/System.err( 1223):    at org.apache.http.impl.conn.AbstractPooledConnAdapter.open(AbstractPooledConnAdapter.java:119)
W/System.err( 1223):    at org.apache.http.impl.client.DefaultRequestDirector.execute(DefaultRequestDirector.java:360)
W/System.err( 1223):    at org.apache.http.impl.client.AbstractHttpClient.execute(AbstractHttpClient.java:555)
W/System.err( 1223):    at org.apache.http.impl.client.AbstractHttpClient.execute(AbstractHttpClient.java:487)
W/System.err( 1223):    at org.apache.http.impl.client.AbstractHttpClient.execute(AbstractHttpClient.java:465)
W/System.err( 1223):    at com.fiship.cibn.common.NetworkUtil.isConnectToServerByHttp(NetworkUtil.java:39)
W/System.err( 1223):    at com.fiship.cibn.MainActivity$5.run(MainActivity.java:583)
W/System.err( 1223):    at java.lang.Thread.run(Thread.java:856)
I/MainActivity( 1223): Can't Connect to PortalMS-Server!  Address: http://cibn-iepg.coship.com:8080
D/MonitorCw880( 1287): Current Remote Host is null, continue, counter=0
D/MonitorCw880( 1287): Current Remote Host is null, continue, counter=0
D/MonitorCw880( 1287): Current Remote Host is null, continue, counter=0
D/MonitorCw880( 1287): Current Remote Host is null, continue, counter=0
I/MainActivity( 1223): Connect to PortalMS-Server  Address: http://cibn-iepg.coship.com:8080
W/System.err( 1223): java.net.UnknownHostException: Unable to resolve host "cibn-iepg.coship.com": No address associated with hostname
W/System.err( 1223):    at java.net.InetAddress.lookupHostByName(InetAddress.java:426)
W/System.err( 1223):    at java.net.InetAddress.getAllByNameImpl(InetAddress.java:242)
W/System.err( 1223):    at java.net.InetAddress.getAllByName(InetAddress.java:220)
D/dalvikvm( 1223): GC_CONCURRENT freed 1948K, 18% free 26636K/32323K, paused 1ms+6ms
W/System.err( 1223):    at org.apache.http.impl.conn.DefaultClientConnectionOperator.openConnection(DefaultClientConnectionOperator.java:137)
W/System.err( 1223):    at org.apache.http.impl.conn.AbstractPoolEntry.open(AbstractPoolEntry.java:164)
W/System.err( 1223):    at org.apache.http.impl.conn.AbstractPooledConnAdapter.open(AbstractPooledConnAdapter.java:119)
W/System.err( 1223):    at org.apache.http.impl.client.DefaultRequestDirector.execute(DefaultRequestDirector.java:360)
W/System.err( 1223):    at org.apache.http.impl.client.AbstractHttpClient.execute(AbstractHttpClient.java:555)
W/System.err( 1223):    at org.apache.http.impl.client.AbstractHttpClient.execute(AbstractHttpClient.java:487)
W/System.err( 1223):    at org.apache.http.impl.client.AbstractHttpClient.execute(AbstractHttpClient.java:465)
W/System.err( 1223):    at com.fiship.cibn.common.NetworkUtil.isConnectToServerByHttp(NetworkUtil.java:39)
W/System.err( 1223):    at com.fiship.cibn.MainActivity$5.run(MainActivity.java:583)
W/System.err( 1223):    at java.lang.Thread.run(Thread.java:856)
W/System.err( 1223): Caused by: libcore.io.GaiException: getaddrinfo failed: EAI_NODATA (No address associated with hostname)
W/System.err( 1223):    at libcore.io.Posix.getaddrinfo(Native Method)
W/System.err( 1223):    at libcore.io.ForwardingOs.getaddrinfo(ForwardingOs.java:55)
W/System.err( 1223):    at java.net.InetAddress.lookupHostByName(InetAddress.java:411)
W/System.err( 1223):    ... 12 more
I/MainActivity( 1223): Can't Connect to PortalMS-Server!  Address: http://cibn-iepg.coship.com:8080
D/MonitorCw880( 1287): Current Remote Host is null, continue, counter=0
D/MonitorCw880( 1287): Current Remote Host is null, continue, counter=0
D/MonitorCw880( 1287): Current Remote Host is null, continue, counter=0
D/MonitorCw880( 1287): Current Remote Host is null, continue, counter=0
I/MainActivity( 1223): Connect to PortalMS-Server  Address: http://cibn-iepg.coship.com:8080
W/System.err( 1223): java.net.UnknownHostException: Unable to resolve host "cibn-iepg.coship.com": No address associated with hostname
W/System.err( 1223):    at java.net.InetAddress.lookupHostByName(InetAddress.java:400)
W/System.err( 1223):    at java.net.InetAddress.getAllByNameImpl(InetAddress.java:242)
W/System.err( 1223):    at java.net.InetAddress.getAllByName(InetAddress.java:220)
W/System.err( 1223):    at org.apache.http.impl.conn.DefaultClientConnectionOperator.openConnection(DefaultClientConnectionOperator.java:137)
W/System.err( 1223):    at org.apache.http.impl.conn.AbstractPoolEntry.open(AbstractPoolEntry.java:164)
W/System.err( 1223):    at org.apache.http.impl.conn.AbstractPooledConnAdapter.open(AbstractPooledConnAdapter.java:119)
W/System.err( 1223):    at org.apache.http.impl.client.DefaultRequestDirector.execute(DefaultRequestDirector.java:360)
W/System.err( 1223):    at org.apache.http.impl.client.AbstractHttpClient.execute(AbstractHttpClient.java:555)
W/System.err( 1223):    at org.apache.http.impl.client.AbstractHttpClient.execute(AbstractHttpClient.java:487)
W/System.err( 1223):    at org.apache.http.impl.client.AbstractHttpClient.execute(AbstractHttpClient.java:465)
W/System.err( 1223):    at com.fiship.cibn.common.NetworkUtil.isConnectToServerByHttp(NetworkUtil.java:39)
W/System.err( 1223):    at com.fiship.cibn.MainActivity$5.run(MainActivity.java:583)
W/System.err( 1223):    at java.lang.Thread.run(Thread.java:856)
I/MainActivity( 1223): Can't Connect to PortalMS-Server!  Address: http://cibn-iepg.coship.com:8080
D/MonitorCw880( 1287): Current Remote Host is null, continue, counter=0
D/MonitorCw880( 1287): Current Remote Host is null, continue, counter=0
D/MonitorCw880( 1287): Current Remote Host is null, continue, counter=0
D/MonitorCw880( 1287): Current Remote Host is null, continue, counter=0
I/MainActivity( 1223): Connect to PortalMS-Server  Address: http://cibn-iepg.coship.com:8080
W/System.err( 1223): java.net.UnknownHostException: Unable to resolve host "cibn-iepg.coship.com": No address associated with hostname
W/System.err( 1223):    at java.net.InetAddress.lookupHostByName(InetAddress.java:400)
W/System.err( 1223):    at java.net.InetAddress.getAllByNameImpl(InetAddress.java:242)
W/System.err( 1223):    at java.net.InetAddress.getAllByName(InetAddress.java:220)
W/System.err( 1223):    at org.apache.http.impl.conn.DefaultClientConnectionOperator.openConnection(DefaultClientConnectionOperator.java:137)
W/System.err( 1223):    at org.apache.http.impl.conn.AbstractPoolEntry.open(AbstractPoolEntry.java:164)
W/System.err( 1223):    at org.apache.http.impl.conn.AbstractPooledConnAdapter.open(AbstractPooledConnAdapter.java:119)
W/System.err( 1223):    at org.apache.http.impl.client.DefaultRequestDirector.execute(DefaultRequestDirector.java:360)
W/System.err( 1223):    at org.apache.http.impl.client.AbstractHttpClient.execute(AbstractHttpClient.java:555)
W/System.err( 1223):    at org.apache.http.impl.client.AbstractHttpClient.execute(AbstractHttpClient.java:487)
W/System.err( 1223):    at org.apache.http.impl.client.AbstractHttpClient.execute(AbstractHttpClient.java:465)
W/System.err( 1223):    at com.fiship.cibn.common.NetworkUtil.isConnectToServerByHttp(NetworkUtil.java:39)
W/System.err( 1223):    at com.fiship.cibn.MainActivity$5.run(MainActivity.java:583)
W/System.err( 1223):    at java.lang.Thread.run(Thread.java:856)
I/MainActivity( 1223): Can't Connect to PortalMS-Server!  Address: http://cibn-iepg.coship.com:8080
D/MonitorCw880( 1287): Current Remote Host is null, continue, counter=0
D/MonitorCw880( 1287): Current Remote Host is null, continue, counter=0
D/MonitorCw880( 1287): Current Remote Host is null, continue, counter=0
D/MonitorCw880( 1287): Current Remote Host is null, continue, counter=0
I/MainActivity( 1223): Connect to PortalMS-Server  Address: http://cibn-iepg.coship.com:8080
W/System.err( 1223): java.net.UnknownHostException: Unable to resolve host "cibn-iepg.coship.com": No address associated with hostname
W/System.err( 1223):    at java.net.InetAddress.lookupHostByName(InetAddress.java:426)
W/System.err( 1223):    at java.net.InetAddress.getAllByNameImpl(InetAddress.java:242)
W/System.err( 1223):    at java.net.InetAddress.getAllByName(InetAddress.java:220)
W/System.err( 1223):    at org.apache.http.impl.conn.DefaultClientConnectionOperator.openConnection(DefaultClientConnectionOperator.java:137)
W/System.err( 1223):    at org.apache.http.impl.conn.AbstractPoolEntry.open(AbstractPoolEntry.java:164)
W/System.err( 1223):    at org.apache.http.impl.conn.AbstractPooledConnAdapter.open(AbstractPooledConnAdapter.java:119)
W/System.err( 1223):    at org.apache.http.impl.client.DefaultRequestDirector.execute(DefaultRequestDirector.java:360)
W/System.err( 1223):    at org.apache.http.impl.client.AbstractHttpClient.execute(AbstractHttpClient.java:555)
W/System.err( 1223):    at org.apache.http.impl.client.AbstractHttpClient.execute(AbstractHttpClient.java:487)
W/System.err( 1223):    at org.apache.http.impl.client.AbstractHttpClient.execute(AbstractHttpClient.java:465)
W/System.err( 1223):    at com.fiship.cibn.common.NetworkUtil.isConnectToServerByHttp(NetworkUtil.java:39)
W/System.err( 1223):    at com.fiship.cibn.MainActivity$5.run(MainActivity.java:583)
W/System.err( 1223):    at java.lang.Thread.run(Thread.java:856)
W/System.err( 1223): Caused by: libcore.io.GaiException: getaddrinfo failed: EAI_NODATA (No address associated with hostname)
W/System.err( 1223):    at libcore.io.Posix.getaddrinfo(Native Method)
W/System.err( 1223):    at libcore.io.ForwardingOs.getaddrinfo(ForwardingOs.java:55)
W/System.err( 1223):    at java.net.InetAddress.lookupHostByName(InetAddress.java:411)
W/System.err( 1223):    ... 12 more
I/MainActivity( 1223): Can't Connect to PortalMS-Server!  Address: http://cibn-iepg.coship.com:8080
D/MonitorCw880( 1287): Current Remote Host is null, continue, counter=0
D/MonitorCw880( 1287): Current Remote Host is null, continue, counter=0
D/MonitorCw880( 1287): Current Remote Host is null, continue, counter=0
D/MonitorCw880( 1287): Current Remote Host is null, continue, counter=0
I/MainActivity( 1223): Connect to PortalMS-Server  Address: http://cibn-iepg.coship.com:8080
W/System.err( 1223): java.net.UnknownHostException: Unable to resolve host "cibn-iepg.coship.com": No address associated with hostname
W/System.err( 1223):    at java.net.InetAddress.lookupHostByName(InetAddress.java:400)
W/System.err( 1223):    at java.net.InetAddress.getAllByNameImpl(InetAddress.java:242)
W/System.err( 1223):    at java.net.InetAddress.getAllByName(InetAddress.java:220)
W/System.err( 1223):    at org.apache.http.impl.conn.DefaultClientConnectionOperator.openConnection(DefaultClientConnectionOperator.java:137)
W/System.err( 1223):    at org.apache.http.impl.conn.AbstractPoolEntry.open(AbstractPoolEntry.java:164)
W/System.err( 1223):    at org.apache.http.impl.conn.AbstractPooledConnAdapter.open(AbstractPooledConnAdapter.java:119)
W/System.err( 1223):    at org.apache.http.impl.client.DefaultRequestDirector.execute(DefaultRequestDirector.java:360)
W/System.err( 1223):    at org.apache.http.impl.client.AbstractHttpClient.execute(AbstractHttpClient.java:555)
W/System.err( 1223):    at org.apache.http.impl.client.AbstractHttpClient.execute(AbstractHttpClient.java:487)
W/System.err( 1223):    at org.apache.http.impl.client.AbstractHttpClient.execute(AbstractHttpClient.java:465)
W/System.err( 1223):    at com.fiship.cibn.common.NetworkUtil.isConnectToServerByHttp(NetworkUtil.java:39)
W/System.err( 1223):    at com.fiship.cibn.MainActivity$5.run(MainActivity.java:583)
W/System.err( 1223):    at java.lang.Thread.run(Thread.java:856)
I/MainActivity( 1223): Can't Connect to PortalMS-Server!  Address: http://cibn-iepg.coship.com:8080
D/MonitorCw880( 1287): Current Remote Host is null, continue, counter=0
D/MonitorCw880( 1287): Current Remote Host is null, continue, counter=0
D/MonitorCw880( 1287): Current Remote Host is null, continue, counter=0
D/MonitorCw880( 1287): Current Remote Host is null, continue, counter=0
I/MainActivity( 1223): Connect to PortalMS-Server  Address: http://cibn-iepg.coship.com:8080
W/System.err( 1223): java.net.UnknownHostException: Unable to resolve host "cibn-iepg.coship.com": No address associated with hostname
W/System.err( 1223):    at java.net.InetAddress.lookupHostByName(InetAddress.java:400)
W/System.err( 1223):    at java.net.InetAddress.getAllByNameImpl(InetAddress.java:242)
W/System.err( 1223):    at java.net.InetAddress.getAllByName(InetAddress.java:220)
W/System.err( 1223):    at org.apache.http.impl.conn.DefaultClientConnectionOperator.openConnection(DefaultClientConnectionOperator.java:137)
W/System.err( 1223):    at org.apache.http.impl.conn.AbstractPoolEntry.open(AbstractPoolEntry.java:164)
W/System.err( 1223):    at org.apache.http.impl.conn.AbstractPooledConnAdapter.open(AbstractPooledConnAdapter.java:119)
W/System.err( 1223):    at org.apache.http.impl.client.DefaultRequestDirector.execute(DefaultRequestDirector.java:360)
W/System.err( 1223):    at org.apache.http.impl.client.AbstractHttpClient.execute(AbstractHttpClient.java:555)
W/System.err( 1223):    at org.apache.http.impl.client.AbstractHttpClient.execute(AbstractHttpClient.java:487)
W/System.err( 1223):    at org.apache.http.impl.client.AbstractHttpClient.execute(AbstractHttpClient.java:465)
W/System.err( 1223):    at com.fiship.cibn.common.NetworkUtil.isConnectToServerByHttp(NetworkUtil.java:39)
W/System.err( 1223):    at com.fiship.cibn.MainActivity$5.run(MainActivity.java:583)
W/System.err( 1223):    at java.lang.Thread.run(Thread.java:856)
I/MainActivity( 1223): Can't Connect to PortalMS-Server!  Address: http://cibn-iepg.coship.com:8080
D/MonitorCw880( 1287): Current Remote Host is null, continue, counter=0
D/MonitorCw880( 1287): Current Remote Host is null, continue, counter=0
D/MonitorCw880( 1287): Current Remote Host is null, continue, counter=0
D/MonitorCw880( 1287): Current Remote Host is null, continue, counter=0
I/MainActivity( 1223): Connect to PortalMS-Server  Address: http://cibn-iepg.coship.com:8080
W/System.err( 1223): java.net.UnknownHostException: Unable to resolve host "cibn-iepg.coship.com": No address associated with hostname
W/System.err( 1223):    at java.net.InetAddress.lookupHostByName(InetAddress.java:426)
W/System.err( 1223):    at java.net.InetAddress.getAllByNameImpl(InetAddress.java:242)
W/System.err( 1223):    at java.net.InetAddress.getAllByName(InetAddress.java:220)
W/System.err( 1223):    at org.apache.http.impl.conn.DefaultClientConnectionOperator.openConnection(DefaultClientConnectionOperator.java:137)
W/System.err( 1223):    at org.apache.http.impl.conn.AbstractPoolEntry.open(AbstractPoolEntry.java:164)
W/System.err( 1223):    at org.apache.http.impl.conn.AbstractPooledConnAdapter.open(AbstractPooledConnAdapter.java:119)
W/System.err( 1223):    at org.apache.http.impl.client.DefaultRequestDirector.execute(DefaultRequestDirector.java:360)
W/System.err( 1223):    at org.apache.http.impl.client.AbstractHttpClient.execute(AbstractHttpClient.java:555)
W/System.err( 1223):    at org.apache.http.impl.client.AbstractHttpClient.execute(AbstractHttpClient.java:487)
W/System.err( 1223):    at org.apache.http.impl.client.AbstractHttpClient.execute(AbstractHttpClient.java:465)
W/System.err( 1223):    at com.fiship.cibn.common.NetworkUtil.isConnectToServerByHttp(NetworkUtil.java:39)
W/System.err( 1223):    at com.fiship.cibn.MainActivity$5.run(MainActivity.java:583)
W/System.err( 1223):    at java.lang.Thread.run(Thread.java:856)
W/System.err( 1223): Caused by: libcore.io.GaiException: getaddrinfo failed: EAI_NODATA (No address associated with hostname)
W/System.err( 1223):    at libcore.io.Posix.getaddrinfo(Native Method)
W/System.err( 1223):    at libcore.io.ForwardingOs.getaddrinfo(ForwardingOs.java:55)
W/System.err( 1223):    at java.net.InetAddress.lookupHostByName(InetAddress.java:411)
W/System.err( 1223):    ... 12 more
I/MainActivity( 1223): Can't Connect to PortalMS-Server!  Address: http://cibn-iepg.coship.com:8080
D/MonitorCw880( 1287): Current Remote Host is null, continue, counter=0
D/MonitorCw880( 1287): Current Remote Host is null, continue, counter=0
D/MonitorCw880( 1287): Current Remote Host is null, continue, counter=0
D/MonitorCw880( 1287): Current Remote Host is null, continue, counter=0
I/MainActivity( 1223): Connect to PortalMS-Server  Address: http://cibn-iepg.coship.com:8080
W/System.err( 1223): java.net.UnknownHostException: Unable to resolve host "cibn-iepg.coship.com": No address associated with hostname
W/System.err( 1223):    at java.net.InetAddress.lookupHostByName(InetAddress.java:400)
W/System.err( 1223):    at java.net.InetAddress.getAllByNameImpl(InetAddress.java:242)
W/System.err( 1223):    at java.net.InetAddress.getAllByName(InetAddress.java:220)
W/System.err( 1223):    at org.apache.http.impl.conn.DefaultClientConnectionOperator.openConnection(DefaultClientConnectionOperator.java:137)
W/System.err( 1223):    at org.apache.http.impl.conn.AbstractPoolEntry.open(AbstractPoolEntry.java:164)
W/System.err( 1223):    at org.apache.http.impl.conn.AbstractPooledConnAdapter.open(AbstractPooledConnAdapter.java:119)
W/System.err( 1223):    at org.apache.http.impl.client.DefaultRequestDirector.execute(DefaultRequestDirector.java:360)
W/System.err( 1223):    at org.apache.http.impl.client.AbstractHttpClient.execute(AbstractHttpClient.java:555)
W/System.err( 1223):    at org.apache.http.impl.client.AbstractHttpClient.execute(AbstractHttpClient.java:487)
W/System.err( 1223):    at org.apache.http.impl.client.AbstractHttpClient.execute(AbstractHttpClient.java:465)
W/System.err( 1223):    at com.fiship.cibn.common.NetworkUtil.isConnectToServerByHttp(NetworkUtil.java:39)
W/System.err( 1223):    at com.fiship.cibn.MainActivity$5.run(MainActivity.java:583)
W/System.err( 1223):    at java.lang.Thread.run(Thread.java:856)
I/MainActivity( 1223): Can't Connect to PortalMS-Server!  Address: http://cibn-iepg.coship.com:8080
D/MonitorCw880( 1287): Current Remote Host is null, continue, counter=0
D/MonitorCw880( 1287): Current Remote Host is null, continue, counter=0
D/MonitorCw880( 1287): Current Remote Host is null, continue, counter=0
D/MonitorCw880( 1287): Current Remote Host is null, continue, counter=0
I/MainActivity( 1223): Connect to PortalMS-Server  Address: http://cibn-iepg.coship.com:8080
W/System.err( 1223): java.net.UnknownHostException: Unable to resolve host "cibn-iepg.coship.com": No address associated with hostname
W/System.err( 1223):    at java.net.InetAddress.lookupHostByName(InetAddress.java:400)
W/System.err( 1223):    at java.net.InetAddress.getAllByNameImpl(InetAddress.java:242)
W/System.err( 1223):    at java.net.InetAddress.getAllByName(InetAddress.java:220)
W/System.err( 1223):    at org.apache.http.impl.conn.DefaultClientConnectionOperator.openConnection(DefaultClientConnectionOperator.java:137)
W/System.err( 1223):    at org.apache.http.impl.conn.AbstractPoolEntry.open(AbstractPoolEntry.java:164)
W/System.err( 1223):    at org.apache.http.impl.conn.AbstractPooledConnAdapter.open(AbstractPooledConnAdapter.java:119)
W/System.err( 1223):    at org.apache.http.impl.client.DefaultRequestDirector.execute(DefaultRequestDirector.java:360)
W/System.err( 1223):    at org.apache.http.impl.client.AbstractHttpClient.execute(AbstractHttpClient.java:555)
W/System.err( 1223):    at org.apache.http.impl.client.AbstractHttpClient.execute(AbstractHttpClient.java:487)
W/System.err( 1223):    at org.apache.http.impl.client.AbstractHttpClient.execute(AbstractHttpClient.java:465)
W/System.err( 1223):    at com.fiship.cibn.common.NetworkUtil.isConnectToServerByHttp(NetworkUtil.java:39)
W/System.err( 1223):    at com.fiship.cibn.MainActivity$5.run(MainActivity.java:583)
W/System.err( 1223):    at java.lang.Thread.run(Thread.java:856)
I/MainActivity( 1223): Can't Connect to PortalMS-Server!  Address: http://cibn-iepg.coship.com:8080
D/MonitorCw880( 1287): Current Remote Host is null, continue, counter=0
D/MonitorCw880( 1287): Current Remote Host is null, continue, counter=0
D/MonitorCw880( 1287): Current Remote Host is null, continue, counter=0
D/MonitorCw880( 1287): Current Remote Host is null, continue, counter=0
I/MainActivity( 1223): Connect to PortalMS-Server  Address: http://cibn-iepg.coship.com:8080
W/System.err( 1223): java.net.UnknownHostException: Unable to resolve host "cibn-iepg.coship.com": No address associated with hostname
W/System.err( 1223):    at java.net.InetAddress.lookupHostByName(InetAddress.java:426)
W/System.err( 1223):    at java.net.InetAddress.getAllByNameImpl(InetAddress.java:242)
W/System.err( 1223):    at java.net.InetAddress.getAllByName(InetAddress.java:220)
W/System.err( 1223):    at org.apache.http.impl.conn.DefaultClientConnectionOperator.openConnection(DefaultClientConnectionOperator.java:137)
W/System.err( 1223):    at org.apache.http.impl.conn.AbstractPoolEntry.open(AbstractPoolEntry.java:164)
W/System.err( 1223):    at org.apache.http.impl.conn.AbstractPooledConnAdapter.open(AbstractPooledConnAdapter.java:119)
W/System.err( 1223):    at org.apache.http.impl.client.DefaultRequestDirector.execute(DefaultRequestDirector.java:360)
W/System.err( 1223):    at org.apache.http.impl.client.AbstractHttpClient.execute(AbstractHttpClient.java:555)
W/System.err( 1223):    at org.apache.http.impl.client.AbstractHttpClient.execute(AbstractHttpClient.java:487)
W/System.err( 1223):    at org.apache.http.impl.client.AbstractHttpClient.execute(AbstractHttpClient.java:465)
W/System.err( 1223):    at com.fiship.cibn.common.NetworkUtil.isConnectToServerByHttp(NetworkUtil.java:39)
W/System.err( 1223):    at com.fiship.cibn.MainActivity$5.run(MainActivity.java:583)
W/System.err( 1223):    at java.lang.Thread.run(Thread.java:856)
W/System.err( 1223): Caused by: libcore.io.GaiException: getaddrinfo failed: EAI_NODATA (No address associated with hostname)
W/System.err( 1223):    at libcore.io.Posix.getaddrinfo(Native Method)
W/System.err( 1223):    at libcore.io.ForwardingOs.getaddrinfo(ForwardingOs.java:55)
W/System.err( 1223):    at java.net.InetAddress.lookupHostByName(InetAddress.java:411)
W/System.err( 1223):    ... 12 more
I/MainActivity( 1223): Can't Connect to PortalMS-Server!  Address: http://cibn-iepg.coship.com:8080
D/MonitorCw880( 1287): Current Remote Host is null, continue, counter=0
D/MonitorCw880( 1287): Current Remote Host is null, continue, counter=0
D/MonitorCw880( 1287): Current Remote Host is null, continue, counter=0
D/MonitorCw880( 1287): Current Remote Host is null, continue, counter=0
I/MainActivity( 1223): Connect to PortalMS-Server  Address: http://cibn-iepg.coship.com:8080
W/System.err( 1223): java.net.UnknownHostException: Unable to resolve host "cibn-iepg.coship.com": No address associated with hostname
W/System.err( 1223):    at java.net.InetAddress.lookupHostByName(InetAddress.java:400)
W/System.err( 1223):    at java.net.InetAddress.getAllByNameImpl(InetAddress.java:242)
W/System.err( 1223):    at java.net.InetAddress.getAllByName(InetAddress.java:220)
W/System.err( 1223):    at org.apache.http.impl.conn.DefaultClientConnectionOperator.openConnection(DefaultClientConnectionOperator.java:137)
W/System.err( 1223):    at org.apache.http.impl.conn.AbstractPoolEntry.open(AbstractPoolEntry.java:164)
W/System.err( 1223):    at org.apache.http.impl.conn.AbstractPooledConnAdapter.open(AbstractPooledConnAdapter.java:119)
W/System.err( 1223):    at org.apache.http.impl.client.DefaultRequestDirector.execute(DefaultRequestDirector.java:360)
W/System.err( 1223):    at org.apache.http.impl.client.AbstractHttpClient.execute(AbstractHttpClient.java:555)
W/System.err( 1223):    at org.apache.http.impl.client.AbstractHttpClient.execute(AbstractHttpClient.java:487)
W/System.err( 1223):    at org.apache.http.impl.client.AbstractHttpClient.execute(AbstractHttpClient.java:465)
W/System.err( 1223):    at com.fiship.cibn.common.NetworkUtil.isConnectToServerByHttp(NetworkUtil.java:39)
W/System.err( 1223):    at com.fiship.cibn.MainActivity$5.run(MainActivity.java:583)
W/System.err( 1223):    at java.lang.Thread.run(Thread.java:856)
I/MainActivity( 1223): Can't Connect to PortalMS-Server!  Address: http://cibn-iepg.coship.com:8080
D/MonitorCw880( 1287): Current Remote Host is null, continue, counter=0
D/MonitorCw880( 1287): Current Remote Host is null, continue, counter=0
D/MonitorCw880( 1287): Current Remote Host is null, continue, counter=0
D/MonitorCw880( 1287): Current Remote Host is null, continue, counter=0
I/MainActivity( 1223): Connect to PortalMS-Server  Address: http://cibn-iepg.coship.com:8080
W/System.err( 1223): java.net.UnknownHostException: Unable to resolve host "cibn-iepg.coship.com": No address associated with hostname
W/System.err( 1223):    at java.net.InetAddress.lookupHostByName(InetAddress.java:400)
W/System.err( 1223):    at java.net.InetAddress.getAllByNameImpl(InetAddress.java:242)
W/System.err( 1223):    at java.net.InetAddress.getAllByName(InetAddress.java:220)
W/System.err( 1223):    at org.apache.http.impl.conn.DefaultClientConnectionOperator.openConnection(DefaultClientConnectionOperator.java:137)
W/System.err( 1223):    at org.apache.http.impl.conn.AbstractPoolEntry.open(AbstractPoolEntry.java:164)
W/System.err( 1223):    at org.apache.http.impl.conn.AbstractPooledConnAdapter.open(AbstractPooledConnAdapter.java:119)
W/System.err( 1223):    at org.apache.http.impl.client.DefaultRequestDirector.execute(DefaultRequestDirector.java:360)
W/System.err( 1223):    at org.apache.http.impl.client.AbstractHttpClient.execute(AbstractHttpClient.java:555)
W/System.err( 1223):    at org.apache.http.impl.client.AbstractHttpClient.execute(AbstractHttpClient.java:487)
W/System.err( 1223):    at org.apache.http.impl.client.AbstractHttpClient.execute(AbstractHttpClient.java:465)
W/System.err( 1223):    at com.fiship.cibn.common.NetworkUtil.isConnectToServerByHttp(NetworkUtil.java:39)
W/System.err( 1223):    at com.fiship.cibn.MainActivity$5.run(MainActivity.java:583)
W/System.err( 1223):    at java.lang.Thread.run(Thread.java:856)
I/MainActivity( 1223): Can't Connect to PortalMS-Server!  Address: http://cibn-iepg.coship.com:8080
D/MonitorCw880( 1287): Current Remote Host is null, continue, counter=0
D/MonitorCw880( 1287): Current Remote Host is null, continue, counter=0
