D/StrictMode( 1290):    at android.os.StrictMode$AndroidBlockGuardPolicy.onNetwork(StrictMode.java:1105)
D/StrictMode( 1290):    at libcore.io.BlockGuardOs.recvfrom(BlockGuardOs.java:163)
D/StrictMode( 1290):    at libcore.io.IoBridge.recvfrom(IoBridge.java:503)
D/StrictMode( 1290):    at java.net.PlainSocketImpl.read(PlainSocketImpl.java:488)
D/StrictMode( 1290):    at java.net.PlainSocketImpl.access$000(PlainSocketImpl.java:46)
D/StrictMode( 1290):    at java.net.PlainSocketImpl$PlainSocketInputStream.read(PlainSocketImpl.java:240)
D/StrictMode( 1290):    at java.io.InputStream.read(InputStream.java:163)
D/StrictMode( 1290):    at java.io.BufferedInputStream.fillbuf(BufferedInputStream.java:142)
D/StrictMode( 1290):    at java.io.BufferedInputStream.read(BufferedInputStream.java:227)
D/StrictMode( 1290):    at libcore.io.Streams.readAsciiLine(Streams.java:201)
D/StrictMode( 1290):    at libcore.net.http.HttpEngine.readResponseHeaders(HttpEngine.java:544)
D/StrictMode( 1290):    at libcore.net.http.HttpEngine.readResponse(HttpEngine.java:784)
D/StrictMode( 1290):    at libcore.net.http.HttpURLConnectionImpl.getResponse(HttpURLConnectionImpl.java:274)
D/StrictMode( 1290):    at libcore.net.http.HttpURLConnectionImpl.getInputStream(HttpURLConnectionImpl.java:168)
D/StrictMode( 1290):    at com.coship.netfirmware.downloads.HttpDownLoad.getInputStream(HttpDownLoad.java:66)
D/StrictMode( 1290):    at com.coship.netfirmware.downloads.HttpDownLoad.downfile(HttpDownLoad.java:43)
D/StrictMode( 1290):    at com.coship.netfirmware.NetFirmwareService.downFileFormService(NetFirmwareService.java:1504)
D/StrictMode( 1290):    at com.coship.netfirmware.NetFirmwareService.access$4800(NetFirmwareService.java:69)
D/StrictMode( 1290):    at com.coship.netfirmware.NetFirmwareService$6.run(NetFirmwareService.java:1147)
D/StrictMode( 1290): StrictMode policy violation: android.os.StrictMode$StrictModeNetworkViolation: policy=23 violation=4
D/StrictMode( 1290):    at android.os.StrictMode$AndroidBlockGuardPolicy.onNetwork(StrictMode.java:1105)
D/StrictMode( 1290):    at libcore.io.BlockGuardOs.recvfrom(BlockGuardOs.java:163)
D/StrictMode( 1290):    at libcore.io.IoBridge.recvfrom(IoBridge.java:503)
D/StrictMode( 1290):    at java.net.PlainSocketImpl.read(PlainSocketImpl.java:488)
D/StrictMode( 1290):    at java.net.PlainSocketImpl.access$000(PlainSocketImpl.java:46)
D/StrictMode( 1290):    at java.net.PlainSocketImpl$PlainSocketInputStream.read(PlainSocketImpl.java:240)
D/StrictMode( 1290):    at java.io.InputStream.read(InputStream.java:163)
D/StrictMode( 1290):    at java.io.BufferedInputStream.fillbuf(BufferedInputStream.java:142)
D/StrictMode( 1290):    at java.io.BufferedInputStream.read(BufferedInputStream.java:227)
D/StrictMode( 1290):    at libcore.io.Streams.readAsciiLine(Streams.java:201)
D/StrictMode( 1290):    at libcore.net.http.HttpEngine.readHeaders(HttpEngine.java:587)
D/StrictMode( 1290):    at libcore.net.http.HttpEngine.readResponseHeaders(HttpEngine.java:545)
D/StrictMode( 1290):    at libcore.net.http.HttpEngine.readResponse(HttpEngine.java:784)
D/StrictMode( 1290):    at libcore.net.http.HttpURLConnectionImpl.getResponse(HttpURLConnectionImpl.java:274)
D/StrictMode( 1290):    at libcore.net.http.HttpURLConnectionImpl.getInputStream(HttpURLConnectionImpl.java:168)
D/StrictMode( 1290):    at com.coship.netfirmware.downloads.HttpDownLoad.getInputStream(HttpDownLoad.java:66)
D/StrictMode( 1290):    at com.coship.netfirmware.downloads.HttpDownLoad.downfile(HttpDownLoad.java:43)
D/StrictMode( 1290):    at com.coship.netfirmware.NetFirmwareService.downFileFormService(NetFirmwareService.java:1504)
D/StrictMode( 1290):    at com.coship.netfirmware.NetFirmwareService.access$4800(NetFirmwareService.java:69)
D/StrictMode( 1290):    at com.coship.netfirmware.NetFirmwareService$6.run(NetFirmwareService.java:1147)
I/FileUtils( 1290): mkdirPath--->/data/data/com.coship.netfirmware/
I/FileUtils( 1290): createNewFilePath--->/data/data/com.coship.netfirmware/versioncode.dat
I/FileUtils( 1290): file--->versioncode.dat
D/StrictMode( 1290): StrictMode policy violation: android.os.StrictMode$StrictModeDiskReadViolation: policy=23 violation=2
D/StrictMode( 1290):    at android.os.StrictMode$AndroidBlockGuardPolicy.onReadFromDisk(StrictMode.java:1089)
D/StrictMode( 1290):    at libcore.io.BlockGuardOs.open(BlockGuardOs.java:106)
D/StrictMode( 1290):    at libcore.io.IoBridge.open(IoBridge.java:390)
D/StrictMode( 1290):    at java.io.FileOutputStream.<init>(FileOutputStream.java:88)
D/StrictMode( 1290):    at java.io.FileOutputStream.<init>(FileOutputStream.java:73)
D/StrictMode( 1290):    at com.coship.netfirmware.downloads.FileUtils.writeToPathFromInput(FileUtils.java:78)
D/StrictMode( 1290):    at com.coship.netfirmware.downloads.HttpDownLoad.downfile(HttpDownLoad.java:44)
D/StrictMode( 1290):    at com.coship.netfirmware.NetFirmwareService.downFileFormService(NetFirmwareService.java:1504)
D/StrictMode( 1290):    at com.coship.netfirmware.NetFirmwareService.access$4800(NetFirmwareService.java:69)
D/StrictMode( 1290):    at com.coship.netfirmware.NetFirmwareService$6.run(NetFirmwareService.java:1147)
D/StrictMode( 1290): StrictMode policy violation: android.os.StrictMode$StrictModeDiskWriteViolation: policy=23 violation=1
D/StrictMode( 1290):    at android.os.StrictMode$AndroidBlockGuardPolicy.onWriteToDisk(StrictMode.java:1063)
D/StrictMode( 1290):    at libcore.io.BlockGuardOs.write(BlockGuardOs.java:190)
D/StrictMode( 1290):    at libcore.io.IoBridge.write(IoBridge.java:447)
D/StrictMode( 1290):    at java.io.FileOutputStream.write(FileOutputStream.java:187)
D/StrictMode( 1290):    at java.io.OutputStream.write(OutputStream.java:82)
D/StrictMode( 1290):    at com.coship.netfirmware.downloads.FileUtils.writeToPathFromInput(FileUtils.java:81)
D/StrictMode( 1290):    at com.coship.netfirmware.downloads.HttpDownLoad.downfile(HttpDownLoad.java:44)
D/StrictMode( 1290):    at com.coship.netfirmware.NetFirmwareService.downFileFormService(NetFirmwareService.java:1504)
D/StrictMode( 1290):    at com.coship.netfirmware.NetFirmwareService.access$4800(NetFirmwareService.java:69)
D/StrictMode( 1290):    at com.coship.netfirmware.NetFirmwareService$6.run(NetFirmwareService.java:1147)
I/HttpDownLoad( 1290): resultFile--->/data/data/com.coship.netfirmware/versioncode.dat
D/StrictMode( 1290): StrictMode policy violation: android.os.StrictMode$StrictModeDiskReadViolation: policy=23 violation=2
D/StrictMode( 1290):    at android.os.StrictMode$AndroidBlockGuardPolicy.onReadFromDisk(StrictMode.java:1089)
D/StrictMode( 1290):    at libcore.io.BlockGuardOs.open(BlockGuardOs.java:106)
D/StrictMode( 1290):    at libcore.io.IoBridge.open(IoBridge.java:390)
D/StrictMode( 1290):    at java.io.FileInputStream.<init>(FileInputStream.java:78)
D/StrictMode( 1290):    at java.io.FileInputStream.<init>(FileInputStream.java:105)
D/StrictMode( 1290):    at com.coship.netfirmware.NetFirmwareService.getUpdateInfo(NetFirmwareService.java:1527)
D/StrictMode( 1290):    at com.coship.netfirmware.NetFirmwareService.downFileFormService(NetFirmwareService.java:1506)
D/StrictMode( 1290):    at com.coship.netfirmware.NetFirmwareService.access$4800(NetFirmwareService.java:69)
D/StrictMode( 1290):    at com.coship.netfirmware.NetFirmwareService$6.run(NetFirmwareService.java:1147)
D/StrictMode( 1290): StrictMode policy violation: android.os.StrictMode$StrictModeDiskReadViolation: policy=23 violation=2
D/StrictMode( 1290):    at android.os.StrictMode$AndroidBlockGuardPolicy.onReadFromDisk(StrictMode.java:1089)
D/StrictMode( 1290):    at libcore.io.BlockGuardOs.read(BlockGuardOs.java:148)
D/StrictMode( 1290):    at libcore.io.IoBridge.read(IoBridge.java:422)
D/StrictMode( 1290):    at java.io.FileInputStream.read(FileInputStream.java:179)
D/StrictMode( 1290):    at java.io.InputStreamReader.read(InputStreamReader.java:244)
D/StrictMode( 1290):    at java.io.BufferedReader.fillBuf(BufferedReader.java:130)
D/StrictMode( 1290):    at java.io.BufferedReader.readLine(BufferedReader.java:354)
D/StrictMode( 1290):    at com.coship.netfirmware.NetFirmwareService.getUpdateInfo(NetFirmwareService.java:1531)
D/StrictMode( 1290):    at com.coship.netfirmware.NetFirmwareService.downFileFormService(NetFirmwareService.java:1506)
D/StrictMode( 1290):    at com.coship.netfirmware.NetFirmwareService.access$4800(NetFirmwareService.java:69)
D/StrictMode( 1290):    at com.coship.netfirmware.NetFirmwareService$6.run(NetFirmwareService.java:1147)
D/StrictMode( 1290): StrictMode policy violation: android.os.StrictMode$StrictModeDiskReadViolation: policy=23 violation=2
D/StrictMode( 1290):    at android.os.StrictMode$AndroidBlockGuardPolicy.onReadFromDisk(StrictMode.java:1089)
D/StrictMode( 1290):    at libcore.io.BlockGuardOs.read(BlockGuardOs.java:148)
D/StrictMode( 1290):    at libcore.io.IoBridge.read(IoBridge.java:422)
D/StrictMode( 1290):    at java.io.FileInputStream.read(FileInputStream.java:179)
D/StrictMode( 1290):    at java.io.InputStreamReader.read(InputStreamReader.java:244)
D/StrictMode( 1290):    at java.io.BufferedReader.fillBuf(BufferedReader.java:130)
D/StrictMode( 1290):    at java.io.BufferedReader.readLine(BufferedReader.java:390)
D/StrictMode( 1290):    at com.coship.netfirmware.NetFirmwareService.getUpdateInfo(NetFirmwareService.java:1551)
D/StrictMode( 1290):    at com.coship.netfirmware.NetFirmwareService.downFileFormService(NetFirmwareService.java:1506)
D/StrictMode( 1290):    at com.coship.netfirmware.NetFirmwareService.access$4800(NetFirmwareService.java:69)
D/StrictMode( 1290):    at com.coship.netfirmware.NetFirmwareService$6.run(NetFirmwareService.java:1147)
D/StrictMode( 1290): StrictMode policy violation: android.os.StrictMode$StrictModeDiskReadViolation: policy=23 violation=2
D/StrictMode( 1290):    at android.os.StrictMode$AndroidBlockGuardPolicy.onReadFromDisk(StrictMode.java:1089)
D/StrictMode( 1290):    at libcore.io.BlockGuardOs.read(BlockGuardOs.java:148)
D/StrictMode( 1290):    at libcore.io.IoBridge.read(IoBridge.java:422)
D/StrictMode( 1290):    at java.io.FileInputStream.read(FileInputStream.java:179)
D/StrictMode( 1290):    at java.io.InputStreamReader.read(InputStreamReader.java:244)
D/StrictMode( 1290):    at java.io.BufferedReader.fillBuf(BufferedReader.java:130)
D/StrictMode( 1290):    at java.io.BufferedReader.readLine(BufferedReader.java:354)
D/StrictMode( 1290):    at com.coship.netfirmware.NetFirmwareService.getUpdateInfo(NetFirmwareService.java:1551)
D/StrictMode( 1290):    at com.coship.netfirmware.NetFirmwareService.downFileFormService(NetFirmwareService.java:1506)
D/StrictMode( 1290):    at com.coship.netfirmware.NetFirmwareService.access$4800(NetFirmwareService.java:69)
D/StrictMode( 1290):    at com.coship.netfirmware.NetFirmwareService$6.run(NetFirmwareService.java:1147)
I/NetFirmwareService( 1290): v--->211311
I/NetFirmwareService( 1290): q--->00001
I/NetFirmwareService( 1290): c--->00001
I/FileUtils( 1290): mkFilePath--->/data/data/com.coship.netfirmware/description_211311.dat
D/StrictMode( 1290): StrictMode policy violation: android.os.StrictMode$StrictModeNetworkViolation: policy=23 violation=4
D/StrictMode( 1290):    at android.os.StrictMode$AndroidBlockGuardPolicy.onNetwork(StrictMode.java:1105)
D/StrictMode( 1290):    at libcore.io.BlockGuardOs.recvfrom(BlockGuardOs.java:163)
D/StrictMode( 1290):    at libcore.io.IoBridge.recvfrom(IoBridge.java:503)
D/StrictMode( 1290):    at java.net.PlainSocketImpl.read(PlainSocketImpl.java:488)
D/StrictMode( 1290):    at java.net.PlainSocketImpl.access$000(PlainSocketImpl.java:46)
D/StrictMode( 1290):    at java.net.PlainSocketImpl$PlainSocketInputStream.read(PlainSocketImpl.java:240)
D/StrictMode( 1290):    at java.io.BufferedInputStream.fillbuf(BufferedInputStream.java:168)
D/StrictMode( 1290):    at java.io.BufferedInputStream.read(BufferedInputStream.java:227)
D/StrictMode( 1290):    at libcore.net.http.HttpConnection.isStale(HttpConnection.java:256)
D/StrictMode( 1290):    at libcore.net.http.HttpConnectionPool.get(HttpConnectionPool.java:71)
D/StrictMode( 1290):    at libcore.net.http.HttpConnection.connect(HttpConnection.java:128)
D/StrictMode( 1290):    at libcore.net.http.HttpEngine.openSocketConnection(HttpEngine.java:308)
D/StrictMode( 1290):    at libcore.net.http.HttpEngine.connect(HttpEngine.java:303)
D/StrictMode( 1290):    at libcore.net.http.HttpEngine.sendSocketRequest(HttpEngine.java:282)
D/StrictMode( 1290):    at libcore.net.http.HttpEngine.sendRequest(HttpEngine.java:232)
D/StrictMode( 1290):    at libcore.net.http.HttpURLConnectionImpl.getResponse(HttpURLConnectionImpl.java:273)
D/StrictMode( 1290):    at libcore.net.http.HttpURLConnectionImpl.getInputStream(HttpURLConnectionImpl.java:168)
D/StrictMode( 1290):    at com.coship.netfirmware.downloads.HttpDownLoad.getInputStream(HttpDownLoad.java:66)
D/StrictMode( 1290):    at com.coship.netfirmware.downloads.HttpDownLoad.downfile(HttpDownLoad.java:43)
D/StrictMode( 1290):    at com.coship.netfirmware.NetFirmwareService.downFileFormService(NetFirmwareService.java:1511)
D/StrictMode( 1290):    at com.coship.netfirmware.NetFirmwareService.access$4800(NetFirmwareService.java:69)
D/StrictMode( 1290):    at com.coship.netfirmware.NetFirmwareService$6.run(NetFirmwareService.java:1147)
D/StrictMode( 1290): StrictMode policy violation: android.os.StrictMode$StrictModeNetworkViolation: policy=23 violation=4
D/StrictMode( 1290):    at android.os.StrictMode$AndroidBlockGuardPolicy.onNetwork(StrictMode.java:1105)
D/StrictMode( 1290):    at libcore.io.BlockGuardOs.recvfrom(BlockGuardOs.java:163)
D/StrictMode( 1290):    at libcore.io.IoBridge.recvfrom(IoBridge.java:503)
D/StrictMode( 1290):    at java.net.PlainSocketImpl.read(PlainSocketImpl.java:488)
D/StrictMode( 1290):    at java.net.PlainSocketImpl.access$000(PlainSocketImpl.java:46)
D/StrictMode( 1290):    at java.net.PlainSocketImpl$PlainSocketInputStream.read(PlainSocketImpl.java:240)
D/StrictMode( 1290):    at java.io.BufferedInputStream.fillbuf(BufferedInputStream.java:168)
D/StrictMode( 1290):    at java.io.BufferedInputStream.read(BufferedInputStream.java:227)
D/StrictMode( 1290):    at libcore.io.Streams.readAsciiLine(Streams.java:201)
D/StrictMode( 1290):    at libcore.net.http.HttpEngine.readResponseHeaders(HttpEngine.java:544)
D/StrictMode( 1290):    at libcore.net.http.HttpEngine.readResponse(HttpEngine.java:784)
D/StrictMode( 1290):    at libcore.net.http.HttpURLConnectionImpl.getResponse(HttpURLConnectionImpl.java:274)
D/StrictMode( 1290):    at libcore.net.http.HttpURLConnectionImpl.getInputStream(HttpURLConnectionImpl.java:168)
D/StrictMode( 1290):    at com.coship.netfirmware.downloads.HttpDownLoad.getInputStream(HttpDownLoad.java:66)
D/StrictMode( 1290):    at com.coship.netfirmware.downloads.HttpDownLoad.downfile(HttpDownLoad.java:43)
D/StrictMode( 1290):    at com.coship.netfirmware.NetFirmwareService.downFileFormService(NetFirmwareService.java:1511)
D/StrictMode( 1290):    at com.coship.netfirmware.NetFirmwareService.access$4800(NetFirmwareService.java:69)
D/StrictMode( 1290):    at com.coship.netfirmware.NetFirmwareService$6.run(NetFirmwareService.java:1147)
D/StrictMode( 1290): StrictMode policy violation: android.os.StrictMode$StrictModeNetworkViolation: policy=23 violation=4
D/StrictMode( 1290):    at android.os.StrictMode$AndroidBlockGuardPolicy.onNetwork(StrictMode.java:1105)
D/StrictMode( 1290):    at libcore.io.BlockGuardOs.recvfrom(BlockGuardOs.java:163)
D/StrictMode( 1290):    at libcore.io.IoBridge.recvfrom(IoBridge.java:503)
D/StrictMode( 1290):    at java.net.PlainSocketImpl.read(PlainSocketImpl.java:488)
D/StrictMode( 1290):    at java.net.PlainSocketImpl.access$000(PlainSocketImpl.java:46)
D/StrictMode( 1290):    at java.net.PlainSocketImpl$PlainSocketInputStream.read(PlainSocketImpl.java:240)
D/StrictMode( 1290):    at java.io.InputStream.read(InputStream.java:163)
D/StrictMode( 1290):    at java.io.BufferedInputStream.fillbuf(BufferedInputStream.java:142)
D/StrictMode( 1290):    at java.io.BufferedInputStream.read(BufferedInputStream.java:227)
D/StrictMode( 1290):    at libcore.io.Streams.readAsciiLine(Streams.java:201)
D/StrictMode( 1290):    at libcore.net.http.HttpEngine.readHeaders(HttpEngine.java:587)
D/StrictMode( 1290):    at libcore.net.http.HttpEngine.readResponseHeaders(HttpEngine.java:545)
D/StrictMode( 1290):    at libcore.net.http.HttpEngine.readResponse(HttpEngine.java:784)
D/StrictMode( 1290):    at libcore.net.http.HttpURLConnectionImpl.getResponse(HttpURLConnectionImpl.java:274)
D/StrictMode( 1290):    at libcore.net.http.HttpURLConnectionImpl.getInputStream(HttpURLConnectionImpl.java:168)
D/StrictMode( 1290):    at com.coship.netfirmware.downloads.HttpDownLoad.getInputStream(HttpDownLoad.java:66)
D/StrictMode( 1290):    at com.coship.netfirmware.downloads.HttpDownLoad.downfile(HttpDownLoad.java:43)
D/StrictMode( 1290):    at com.coship.netfirmware.NetFirmwareService.downFileFormService(NetFirmwareService.java:1511)
D/StrictMode( 1290):    at com.coship.netfirmware.NetFirmwareService.access$4800(NetFirmwareService.java:69)
D/StrictMode( 1290):    at com.coship.netfirmware.NetFirmwareService$6.run(NetFirmwareService.java:1147)
I/FileUtils( 1290): mkdirPath--->/data/data/com.coship.netfirmware/
I/FileUtils( 1290): createNewFilePath--->/data/data/com.coship.netfirmware/description_211311.dat
I/FileUtils( 1290): file--->description_211311.dat
D/StrictMode( 1290): StrictMode policy violation: android.os.StrictMode$StrictModeDiskReadViolation: policy=23 violation=2
D/StrictMode( 1290):    at android.os.StrictMode$AndroidBlockGuardPolicy.onReadFromDisk(StrictMode.java:1089)
D/StrictMode( 1290):    at libcore.io.BlockGuardOs.open(BlockGuardOs.java:106)
D/StrictMode( 1290):    at libcore.io.IoBridge.open(IoBridge.java:390)
D/StrictMode( 1290):    at java.io.FileOutputStream.<init>(FileOutputStream.java:88)
D/StrictMode( 1290):    at java.io.FileOutputStream.<init>(FileOutputStream.java:73)
D/StrictMode( 1290):    at com.coship.netfirmware.downloads.FileUtils.writeToPathFromInput(FileUtils.java:78)
D/StrictMode( 1290):    at com.coship.netfirmware.downloads.HttpDownLoad.downfile(HttpDownLoad.java:44)
D/StrictMode( 1290):    at com.coship.netfirmware.NetFirmwareService.downFileFormService(NetFirmwareService.java:1511)
D/StrictMode( 1290):    at com.coship.netfirmware.NetFirmwareService.access$4800(NetFirmwareService.java:69)
D/StrictMode( 1290):    at com.coship.netfirmware.NetFirmwareService$6.run(NetFirmwareService.java:1147)
D/StrictMode( 1290): StrictMode policy violation: android.os.StrictMode$StrictModeNetworkViolation: policy=23 violation=4
D/StrictMode( 1290):    at android.os.StrictMode$AndroidBlockGuardPolicy.onNetwork(StrictMode.java:1105)
D/StrictMode( 1290):    at libcore.io.BlockGuardOs.recvfrom(BlockGuardOs.java:163)
D/StrictMode( 1290):    at libcore.io.IoBridge.recvfrom(IoBridge.java:503)
D/StrictMode( 1290):    at java.net.PlainSocketImpl.read(PlainSocketImpl.java:488)
D/StrictMode( 1290):    at java.net.PlainSocketImpl.access$000(PlainSocketImpl.java:46)
D/StrictMode( 1290):    at java.net.PlainSocketImpl$PlainSocketInputStream.read(PlainSocketImpl.java:240)
D/StrictMode( 1290):    at java.io.BufferedInputStream.read(BufferedInputStream.java:304)
D/StrictMode( 1290):    at libcore.net.http.FixedLengthInputStream.read(FixedLengthInputStream.java:45)
D/StrictMode( 1290):    at java.io.InputStream.read(InputStream.java:163)
D/StrictMode( 1290):    at com.coship.netfirmware.downloads.FileUtils.writeToPathFromInput(FileUtils.java:80)
D/StrictMode( 1290):    at com.coship.netfirmware.downloads.HttpDownLoad.downfile(HttpDownLoad.java:44)
D/StrictMode( 1290):    at com.coship.netfirmware.NetFirmwareService.downFileFormService(NetFirmwareService.java:1511)
D/StrictMode( 1290):    at com.coship.netfirmware.NetFirmwareService.access$4800(NetFirmwareService.java:69)
D/StrictMode( 1290):    at com.coship.netfirmware.NetFirmwareService$6.run(NetFirmwareService.java:1147)
D/StrictMode( 1290): StrictMode policy violation: android.os.StrictMode$StrictModeDiskWriteViolation: policy=23 violation=1
D/StrictMode( 1290):    at android.os.StrictMode$AndroidBlockGuardPolicy.onWriteToDisk(StrictMode.java:1063)
D/StrictMode( 1290):    at libcore.io.BlockGuardOs.write(BlockGuardOs.java:190)
D/StrictMode( 1290):    at libcore.io.IoBridge.write(IoBridge.java:447)
D/StrictMode( 1290):    at java.io.FileOutputStream.write(FileOutputStream.java:187)
D/StrictMode( 1290):    at java.io.OutputStream.write(OutputStream.java:82)
D/StrictMode( 1290):    at com.coship.netfirmware.downloads.FileUtils.writeToPathFromInput(FileUtils.java:81)
D/StrictMode( 1290):    at com.coship.netfirmware.downloads.HttpDownLoad.downfile(HttpDownLoad.java:44)
D/StrictMode( 1290):    at com.coship.netfirmware.NetFirmwareService.downFileFormService(NetFirmwareService.java:1511)
D/StrictMode( 1290):    at com.coship.netfirmware.NetFirmwareService.access$4800(NetFirmwareService.java:69)
D/StrictMode( 1290):    at com.coship.netfirmware.NetFirmwareService$6.run(NetFirmwareService.java:1147)
I/HttpDownLoad( 1290): resultFile--->/data/data/com.coship.netfirmware/description_211311.dat
D/StrictMode( 1290): StrictMode policy violation: android.os.StrictMode$StrictModeDiskReadViolation: policy=23 violation=2
D/StrictMode( 1290):    at android.os.StrictMode$AndroidBlockGuardPolicy.onReadFromDisk(StrictMode.java:1089)
D/StrictMode( 1290):    at libcore.io.BlockGuardOs.open(BlockGuardOs.java:106)
D/StrictMode( 1290):    at libcore.io.IoBridge.open(IoBridge.java:390)
D/StrictMode( 1290):    at java.io.FileInputStream.<init>(FileInputStream.java:78)
D/StrictMode( 1290):    at java.io.FileInputStream.<init>(FileInputStream.java:105)
D/StrictMode( 1290):    at com.coship.netfirmware.NetFirmwareService.getUpdateInfo(NetFirmwareService.java:1527)
D/StrictMode( 1290):    at com.coship.netfirmware.NetFirmwareService.downFileFormService(NetFirmwareService.java:1512)
D/StrictMode( 1290):    at com.coship.netfirmware.NetFirmwareService.access$4800(NetFirmwareService.java:69)
D/StrictMode( 1290):    at com.coship.netfirmware.NetFirmwareService$6.run(NetFirmwareService.java:1147)
D/dalvikvm( 1290): GC_CONCURRENT freed 543K, 80% free 1707K/8515K, paused 2ms+2ms
D/StrictMode( 1290): StrictMode policy violation: android.os.StrictMode$StrictModeDiskReadViolation: policy=23 violation=2
D/StrictMode( 1290):    at android.os.StrictMode$AndroidBlockGuardPolicy.onReadFromDisk(StrictMode.java:1089)
D/StrictMode( 1290):    at libcore.io.BlockGuardOs.read(BlockGuardOs.java:148)
D/StrictMode( 1290):    at libcore.io.IoBridge.read(IoBridge.java:422)
D/StrictMode( 1290):    at java.io.FileInputStream.read(FileInputStream.java:179)
D/StrictMode( 1290):    at java.io.InputStreamReader.read(InputStreamReader.java:244)
D/StrictMode( 1290):    at java.io.BufferedReader.fillBuf(BufferedReader.java:130)
D/StrictMode( 1290):    at java.io.BufferedReader.readLine(BufferedReader.java:354)
D/StrictMode( 1290):    at com.coship.netfirmware.NetFirmwareService.getUpdateInfo(NetFirmwareService.java:1531)
D/StrictMode( 1290):    at com.coship.netfirmware.NetFirmwareService.downFileFormService(NetFirmwareService.java:1512)
D/StrictMode( 1290):    at com.coship.netfirmware.NetFirmwareService.access$4800(NetFirmwareService.java:69)
D/StrictMode( 1290):    at com.coship.netfirmware.NetFirmwareService$6.run(NetFirmwareService.java:1147)
D/StrictMode( 1290): StrictMode policy violation: android.os.StrictMode$StrictModeDiskReadViolation: policy=23 violation=2
D/StrictMode( 1290):    at android.os.StrictMode$AndroidBlockGuardPolicy.onReadFromDisk(StrictMode.java:1089)
D/StrictMode( 1290):    at libcore.io.BlockGuardOs.read(BlockGuardOs.java:148)
D/StrictMode( 1290):    at libcore.io.IoBridge.read(IoBridge.java:422)
D/StrictMode( 1290):    at java.io.FileInputStream.read(FileInputStream.java:179)
D/StrictMode( 1290):    at java.io.InputStreamReader.read(InputStreamReader.java:244)
D/StrictMode( 1290):    at java.io.BufferedReader.fillBuf(BufferedReader.java:130)
D/StrictMode( 1290):    at java.io.BufferedReader.readLine(BufferedReader.java:390)
D/StrictMode( 1290):    at com.coship.netfirmware.NetFirmwareService.getUpdateInfo(NetFirmwareService.java:1551)
D/StrictMode( 1290):    at com.coship.netfirmware.NetFirmwareService.downFileFormService(NetFirmwareService.java:1512)
D/StrictMode( 1290):    at com.coship.netfirmware.NetFirmwareService.access$4800(NetFirmwareService.java:69)
D/StrictMode( 1290):    at com.coship.netfirmware.NetFirmwareService$6.run(NetFirmwareService.java:1147)
D/StrictMode( 1290): StrictMode policy violation: android.os.StrictMode$StrictModeDiskReadViolation: policy=23 violation=2
D/StrictMode( 1290):    at android.os.StrictMode$AndroidBlockGuardPolicy.onReadFromDisk(StrictMode.java:1089)
D/StrictMode( 1290):    at libcore.io.BlockGuardOs.read(BlockGuardOs.java:148)
D/StrictMode( 1290):    at libcore.io.IoBridge.read(IoBridge.java:422)
D/StrictMode( 1290):    at java.io.FileInputStream.read(FileInputStream.java:179)
D/StrictMode( 1290):    at java.io.InputStreamReader.read(InputStreamReader.java:244)
D/StrictMode( 1290):    at java.io.BufferedReader.fillBuf(BufferedReader.java:130)
D/StrictMode( 1290):    at java.io.BufferedReader.readLine(BufferedReader.java:354)
D/StrictMode( 1290):    at com.coship.netfirmware.NetFirmwareService.getUpdateInfo(NetFirmwareService.java:1535)
D/StrictMode( 1290):    at com.coship.netfirmware.NetFirmwareService.downFileFormService(NetFirmwareService.java:1512)
D/StrictMode( 1290):    at com.coship.netfirmware.NetFirmwareService.access$4800(NetFirmwareService.java:69)
D/StrictMode( 1290):    at com.coship.netfirmware.NetFirmwareService$6.run(NetFirmwareService.java:1147)
I/NetFirmwareService( 1290): packageSize--->203150867
I/NetFirmwareService( 1290): MD5--->438176851d193bbcdbe46cf48323e048
V/NetFirmwareService( 1290): MSG_LOAD_DAT_STATUS_mNetUpdate--->true
D/NetFirmwareService( 1290): Network Connection Success!
D/NetFirmwareService( 1290): Upgrade File Load Success!
D/NetFirmwareService( 1290): serverURL = www.stp_firmware.coship.com
D/NetFirmwareService( 1290): CheckUpgradeTimer mCheckTime = 5
D/NetFirmwareService( 1290): startTimer
D/NetFirmwareService( 1290): removeTimer
D/MonitorCw880( 2483): currentRemoteHost is null ,continue
D/NetFirmwareService( 1290): MSG_CREATE_CHECK_THREAD
D/NetFirmwareService( 1290): MSG_CHECK_UPGRADE
D/NetFirmwareService( 1290): Download URL = http://update.feifeikan.com/Fbox/002101/versioncode.dat
D/NetFirmwareService( 1290): Save file in path = /data/data/com.coship.netfirmware/versionCode.dat
D/NetFirmwareService( 1290): Set download thread number = 2
D/dalvikvm( 1290): GC_CONCURRENT freed 438K, 80% free 1713K/8515K, paused 1ms+2ms
D/DownloadTask( 1290): server accept range
D/dalvikvm( 1290): GC_FOR_ALLOC freed 302K, 81% free 1700K/8515K, paused 39ms
I/dalvikvm-heap( 1290): Grow heap (frag case) to 5.760MB for 524304-byte allocation
D/dalvikvm( 1290): GC_FOR_ALLOC freed <1K, 75% free 2212K/8515K, paused 25ms
D/dalvikvm( 1290): GC_CONCURRENT freed 0K, 75% free 2212K/8515K, paused 1ms+1ms
D/NetFirmwareService( 1290): ret--->true
D/NetFirmwareService( 1290): DownloadConstants.TASK_STATUS_RUNNING
D/dalvikvm( 1290): GC_CONCURRENT freed 55K, 69% free 2701K/8515K, paused 1ms+10ms
D/NetFirmwareService( 1290): MSG_VER_CODE_STATUS_CHANGE
D/NetFirmwareService( 1290): MSG_VER_CODE_STATUS_CHANGE
D/DownloadXpress( 1290): filePart0 final status: 491
D/DownloadXpress( 1290): filePart1 final status: 491
W/DownloadTask( 1290): There has a file named /data/data/com.coship.netfirmware/versionCode.dat already
D/NetFirmwareService( 1290): DownloadConstants.TASK_STATUS_COMPLETED
D/NetFirmwareService( 1290): MSG_VER_CODE_STATUS_CHANGE
D/NetFirmwareService( 1290): MSG_CHECK_VERSION_CODE
D/NetFirmwareService( 1290): checkVersionCode
D/NetFirmwareService( 1290): analysisVersionCodeData
I/NetFirmwareService( 1290): mVersionCodeFile--->49
D/NetFirmwareService( 1290): verCode = 211311
D/NetFirmwareService( 1290): Description URL = null
D/NetFirmwareService( 1290): MSG_GET_DESCRIPTION
D/NetFirmwareService( 1290): Download URL = http://update.feifeikan.com/Fbox/002101/description_211311.dat
D/NetFirmwareService( 1290): Save file in path = /data/data/com.coship.netfirmware/description.dat
D/NetFirmwareService( 1290): Set download thread number = 2
D/dalvikvm( 1290): GC_CONCURRENT freed 611K, 68% free 2733K/8515K, paused 1ms+2ms
D/DownloadTask( 1290): server accept range
D/dalvikvm( 1290): GC_CONCURRENT freed 214K, 62% free 3280K/8515K, paused 2ms+2ms
D/NetFirmwareService( 1290): MSG_DESCRIPT_STATUS_CHANGE
D/NetFirmwareService( 1290): MSG_DESCRIPT_STATUS_CHANGE
D/MonitorCw880( 2483): currentRemoteHost is null ,continue
D/DownloadXpress( 1290): filePart0 final status: 491
D/DownloadXpress( 1290): filePart1 final status: 491
D/dalvikvm( 1290): GC_CONCURRENT freed 1373K, 68% free 2756K/8515K, paused 2ms+13ms
W/DownloadTask( 1290): There has a file named /data/data/com.coship.netfirmware/description.dat already
D/NetFirmwareService( 1290): DownloadConstants.TASK_STATUS_COMPLETED
D/NetFirmwareService( 1290): MSG_DESCRIPT_STATUS_CHANGE
D/NetFirmwareService( 1290): MSG_CHECK_DESCRIPTION
D/DescriptionInfo( 1290): version=p7373.i13111_2013-03-18
D/DescriptionInfo( 1290): versionCode=211311
D/DescriptionInfo( 1290): compatibleDevice=002101
D/DescriptionInfo( 1290): sn=
D/DescriptionInfo( 1290): mac=
D/DescriptionInfo( 1290): updateType=notify
D/DescriptionInfo( 1290): speed=0
D/DescriptionInfo( 1290): checkTime=0
D/DescriptionInfo( 1290): packageSize=203150867
D/DescriptionInfo( 1290): md5=438176851d193bbcdbe46cf48323e048
D/DescriptionInfo( 1290): packageUrl=
D/DescriptionInfo( 1290): version code = 211311
D/DescriptionInfo( 1290): machine id = 0
D/DescriptionInfo( 1290): hardware id = 0
D/DescriptionInfo( 1290): update package size = 203150867
D/NetFirmwareService( 1290): The description info is valid
D/NetFirmwareService( 1290): The description version code = 211311
D/NetFirmwareService( 1290): The description machine ID = 0
D/NetFirmwareService( 1290): The description hardware ID = 0
V/NetFirmwareService( 1290): .datNum != PcNum
D/HomePlayerLib( 1645): hostaddress count is 1
D/P2PENGINE_TEST( 1994): <2013-04-01 10:28:58>
D/P2PENGINE_TEST( 1994): [DEBUG] [Dispatcher] [thread_dispatch] begin, session:0, msg:PC_Timeout, status:empty
D/P2PENGINE_TEST( 1994): <2013-04-01 10:28:58>
D/P2PENGINE_TEST( 1994): [DEBUG] [Dispatcher] [thread_dispatch] begin, session:0, msg:PC_Timeout, status:empty
D/P2PENGINE_TEST( 1994): <2013-04-01 10:28:58>
D/P2PENGINE_TEST( 1994): [DEBUG] [Dispatcher] [thread_dispatch] begin, session:0, msg:PC_Timeout, status:empty
D/P2PENGINE_TEST( 1994): [DEBUG] [Dispatcher] [thread_dispatch] ended, session:0, msg:PC_Timeout, status:empty
D/P2PENGINE_TEST( 1994): [DEBUG] [Dispatcher] [thread_dispatch] ended, session:0, msg:PC_Timeout, status:empty
D/P2PENGINE_TEST( 1994): [DEBUG] [Dispatcher] [thread_dispatch] ended, session:0, msg:PC_Timeout, status:empty
D/dalvikvm( 1645): GC_CONCURRENT freed 2072K, 45% free 7361K/13379K, paused 9ms+35ms
D/MonitorCw880( 2483): currentRemoteHost is null ,continue
D/dalvikvm( 1645): GC_CONCURRENT freed 2079K, 47% free 7207K/13379K, paused 2ms+141ms
D/MonitorCw880( 2483): currentRemoteHost is null ,continue
D/P2PENGINE_TEST( 1994): <2013-04-01 10:29:08>
D/P2PENGINE_TEST( 1994): [DEBUG] [Dispatcher] [thread_dispatch] begin, session:0, msg:PC_Timeout, status:empty
D/P2PENGINE_TEST( 1994): <2013-04-01 10:29:08>
D/P2PENGINE_TEST( 1994): [DEBUG] [Dispatcher] [thread_dispatch] begin, session:0, msg:PC_Timeout, status:empty
D/P2PENGINE_TEST( 1994): <2013-04-01 10:29:08>
D/P2PENGINE_TEST( 1994): [DEBUG] [Dispatcher] [thread_dispatch] begin, session:0, msg:PC_Timeout, status:empty
D/P2PENGINE_TEST( 1994): [DEBUG] [Dispatcher] [thread_dispatch] ended, session:0, msg:PC_Timeout, status:empty
D/P2PENGINE_TEST( 1994): [DEBUG] [Dispatcher] [thread_dispatch] ended, session:0, msg:PC_Timeout, status:empty
D/P2PENGINE_TEST( 1994): [DEBUG] [Dispatcher] [thread_dispatch] ended, session:0, msg:PC_Timeout, status:empty
D/MonitorCw880( 2483): currentRemoteHost is null ,continue
D/HomePlayerLib( 1645): hostaddress count is 1
D/dalvikvm( 1645): GC_CONCURRENT freed 1930K, 46% free 7324K/13379K, paused 2ms+47ms
D/MonitorCw880( 2483): currentRemoteHost is null ,continue
D/P2PENGINE_TEST( 1994): <2013-04-01 10:29:18>
D/P2PENGINE_TEST( 1994): [DEBUG] [Dispatcher] [thread_dispatch] begin, session:0, msg:PC_Timeout, status:empty
D/P2PENGINE_TEST( 1994): <2013-04-01 10:29:18>
D/P2PENGINE_TEST( 1994): [DEBUG] [Dispatcher] [thread_dispatch] begin, session:0, msg:PC_Timeout, status:empty
D/P2PENGINE_TEST( 1994): <2013-04-01 10:29:18>
D/P2PENGINE_TEST( 1994): [DEBUG] [Dispatcher] [thread_dispatch] begin, session:0, msg:PC_Timeout, status:empty
D/P2PENGINE_TEST( 1994): [DEBUG] [Dispatcher] [thread_dispatch] ended, session:0, msg:PC_Timeout, status:empty
D/P2PENGINE_TEST( 1994): [DEBUG] [Dispatcher] [thread_dispatch] ended, session:0, msg:PC_Timeout, status:empty
D/P2PENGINE_TEST( 1994): [DEBUG] [Dispatcher] [thread_dispatch] ended, session:0, msg:PC_Timeout, status:empty
D/dalvikvm( 1645): GC_CONCURRENT freed 2014K, 46% free 7342K/13379K, paused 40ms+74ms
D/MonitorCw880( 2483): currentRemoteHost is null ,continue
D/MonitorCw880( 2483): currentRemoteHost is null ,continue
D/P2PENGINE_TEST( 1994): <2013-04-01 10:29:28>
D/P2PENGINE_TEST( 1994): [DEBUG] [Dispatcher] [thread_dispatch] begin, session:0, msg:PC_Timeout, status:empty
D/P2PENGINE_TEST( 1994): <2013-04-01 10:29:28>
D/P2PENGINE_TEST( 1994): [DEBUG] [Dispatcher] [thread_dispatch] begin, session:0, msg:PC_Timeout, status:empty
D/P2PENGINE_TEST( 1994): <2013-04-01 10:29:28>
D/P2PENGINE_TEST( 1994): [DEBUG] [Dispatcher] [thread_dispatch] begin, session:0, msg:PC_Timeout, status:empty
D/P2PENGINE_TEST( 1994): [DEBUG] [Dispatcher] [thread_dispatch] ended, session:0, msg:PC_Timeout, status:empty
D/P2PENGINE_TEST( 1994): [DEBUG] [Dispatcher] [thread_dispatch] ended, session:0, msg:PC_Timeout, status:empty
D/P2PENGINE_TEST( 1994): [DEBUG] [Dispatcher] [thread_dispatch] ended, session:0, msg:PC_Timeout, status:empty
D/HomePlayerLib( 1645): hostaddress count is 1
D/MonitorCw880( 2483): currentRemoteHost is null ,continue
D/dalvikvm( 1645): GC_CONCURRENT freed 2062K, 45% free 7363K/13379K, paused 56ms+67ms
D/MonitorCw880( 2483): currentRemoteHost is null ,continue
D/dalvikvm( 1645): GC_CONCURRENT freed 2051K, 46% free 7357K/13379K, paused 53ms+81ms
D/P2PENGINE_TEST( 1994): <2013-04-01 10:29:38>
D/P2PENGINE_TEST( 1994): [DEBUG] [Dispatcher] [thread_dispatch] begin, session:0, msg:PC_Timeout, status:empty
D/P2PENGINE_TEST( 1994): <2013-04-01 10:29:38>
D/P2PENGINE_TEST( 1994): [DEBUG] [Dispatcher] [thread_dispatch] begin, session:0, msg:PC_Timeout, status:empty
D/P2PENGINE_TEST( 1994): <2013-04-01 10:29:38>
D/P2PENGINE_TEST( 1994): [DEBUG] [Dispatcher] [thread_dispatch] begin, session:0, msg:PC_Timeout, status:empty
D/P2PENGINE_TEST( 1994): [DEBUG] [Dispatcher] [thread_dispatch] ended, session:0, msg:PC_Timeout, status:empty
D/P2PENGINE_TEST( 1994): [DEBUG] [Dispatcher] [thread_dispatch] ended, session:0, msg:PC_Timeout, status:empty
D/P2PENGINE_TEST( 1994): [DEBUG] [Dispatcher] [thread_dispatch] ended, session:0, msg:PC_Timeout, status:empty
D/MonitorCw880( 2483): currentRemoteHost is null ,continue
D/MonitorCw880( 2483): currentRemoteHost is null ,continue
D/HomePlayerLib( 1645): hostaddress count is 1
D/P2PENGINE_TEST( 1994): <2013-04-01 10:29:48>
D/P2PENGINE_TEST( 1994): [DEBUG] [Dispatcher] [thread_dispatch] begin, session:0, msg:PC_Timeout, status:empty
D/P2PENGINE_TEST( 1994): <2013-04-01 10:29:48>
D/P2PENGINE_TEST( 1994): [DEBUG] [Dispatcher] [thread_dispatch] begin, session:0, msg:PC_Timeout, status:empty
D/P2PENGINE_TEST( 1994): <2013-04-01 10:29:48>
D/P2PENGINE_TEST( 1994): [DEBUG] [Dispatcher] [thread_dispatch] begin, session:0, msg:PC_Timeout, status:empty
D/P2PENGINE_TEST( 1994): [DEBUG] [Dispatcher] [thread_dispatch] ended, session:0, msg:PC_Timeout, status:empty
D/P2PENGINE_TEST( 1994): [DEBUG] [Dispatcher] [thread_dispatch] ended, session:0, msg:PC_Timeout, status:empty
D/P2PENGINE_TEST( 1994): [DEBUG] [Dispatcher] [thread_dispatch] ended, session:0, msg:PC_Timeout, status:empty
V/NetFirmwareService( 1290): Network is connected!
V/NetFirmwareService( 1290): mServicePath--->http://update.feifeikan.com/Fbox
I/NetFirmwareService( 1290): mHwvStr--->002101
I/NetFirmwareService( 1290): mSwv--->211311
I/FileUtils( 1290): mkFilePath--->/data/data/com.coship.netfirmware/versioncode.dat
D/StrictMode( 1290): StrictMode policy violation: android.os.StrictMode$StrictModeNetworkViolation: policy=23 violation=4
D/StrictMode( 1290):    at android.os.StrictMode$AndroidBlockGuardPolicy.onNetwork(StrictMode.java:1105)
D/StrictMode( 1290):    at libcore.io.BlockGuardOs.recvfrom(BlockGuardOs.java:163)
D/StrictMode( 1290):    at libcore.io.IoBridge.recvfrom(IoBridge.java:503)
D/StrictMode( 1290):    at java.net.PlainSocketImpl.read(PlainSocketImpl.java:488)
D/StrictMode( 1290):    at java.net.PlainSocketImpl.access$000(PlainSocketImpl.java:46)
D/StrictMode( 1290):    at java.net.PlainSocketImpl$PlainSocketInputStream.read(PlainSocketImpl.java:240)
D/StrictMode( 1290):    at java.io.BufferedInputStream.fillbuf(BufferedInputStream.java:168)
D/StrictMode( 1290):    at java.io.BufferedInputStream.read(BufferedInputStream.java:227)
D/StrictMode( 1290):    at libcore.net.http.HttpConnection.isStale(HttpConnection.java:256)
D/StrictMode( 1290):    at libcore.net.http.HttpConnectionPool.get(HttpConnectionPool.java:71)
D/StrictMode( 1290):    at libcore.net.http.HttpConnection.connect(HttpConnection.java:128)
D/StrictMode( 1290):    at libcore.net.http.HttpEngine.openSocketConnection(HttpEngine.java:308)
D/StrictMode( 1290):    at libcore.net.http.HttpEngine.connect(HttpEngine.java:303)
D/StrictMode( 1290):    at libcore.net.http.HttpEngine.sendSocketRequest(HttpEngine.java:282)
D/StrictMode( 1290):    at libcore.net.http.HttpEngine.sendRequest(HttpEngine.java:232)
D/StrictMode( 1290):    at libcore.net.http.HttpURLConnectionImpl.getResponse(HttpURLConnectionImpl.java:273)
D/StrictMode( 1290):    at libcore.net.http.HttpURLConnectionImpl.getInputStream(HttpURLConnectionImpl.java:168)
D/StrictMode( 1290):    at com.coship.netfirmware.downloads.HttpDownLoad.getInputStream(HttpDownLoad.java:66)
D/StrictMode( 1290):    at com.coship.netfirmware.downloads.HttpDownLoad.downfile(HttpDownLoad.java:43)
D/StrictMode( 1290):    at com.coship.netfirmware.NetFirmwareService.downFileFormService(NetFirmwareService.java:1504)
D/StrictMode( 1290):    at com.coship.netfirmware.NetFirmwareService.access$4800(NetFirmwareService.java:69)
D/StrictMode( 1290):    at com.coship.netfirmware.NetFirmwareService$6.run(NetFirmwareService.java:1147)
D/StrictMode( 1290): StrictMode policy violation: android.os.StrictMode$StrictModeNetworkViolation: policy=23 violation=4
D/StrictMode( 1290):    at android.os.StrictMode$AndroidBlockGuardPolicy.onNetwork(StrictMode.java:1105)
D/StrictMode( 1290):    at java.net.InetAddress.lookupHostByName(InetAddress.java:391)
D/StrictMode( 1290):    at java.net.InetAddress.getAllByNameImpl(InetAddress.java:242)
D/StrictMode( 1290):    at java.net.InetAddress.getAllByName(InetAddress.java:220)
D/StrictMode( 1290):    at libcore.net.http.HttpConnection.<init>(HttpConnection.java:71)
D/StrictMode( 1290):    at libcore.net.http.HttpConnection.<init>(HttpConnection.java:50)
D/StrictMode( 1290):    at libcore.net.http.HttpConnection$Address.connect(HttpConnection.java:351)
D/StrictMode( 1290):    at libcore.net.http.HttpConnectionPool.get(HttpConnectionPool.java:86)
D/StrictMode( 1290):    at libcore.net.http.HttpConnection.connect(HttpConnection.java:128)
D/StrictMode( 1290):    at libcore.net.http.HttpEngine.openSocketConnection(HttpEngine.java:308)
D/StrictMode( 1290):    at libcore.net.http.HttpEngine.connect(HttpEngine.java:303)
D/StrictMode( 1290):    at libcore.net.http.HttpEngine.sendSocketRequest(HttpEngine.java:282)
D/StrictMode( 1290):    at libcore.net.http.HttpEngine.sendRequest(HttpEngine.java:232)
D/StrictMode( 1290):    at libcore.net.http.HttpURLConnectionImpl.getResponse(HttpURLConnectionImpl.java:273)
D/StrictMode( 1290):    at libcore.net.http.HttpURLConnectionImpl.getInputStream(HttpURLConnectionImpl.java:168)
D/StrictMode( 1290):    at com.coship.netfirmware.downloads.HttpDownLoad.getInputStream(HttpDownLoad.java:66)
D/StrictMode( 1290):    at com.coship.netfirmware.downloads.HttpDownLoad.downfile(HttpDownLoad.java:43)
D/StrictMode( 1290):    at com.coship.netfirmware.NetFirmwareService.downFileFormService(NetFirmwareService.java:1504)
D/StrictMode( 1290):    at com.coship.netfirmware.NetFirmwareService.access$4800(NetFirmwareService.java:69)
D/StrictMode( 1290):    at com.coship.netfirmware.NetFirmwareService$6.run(NetFirmwareService.java:1147)
D/StrictMode( 1290): StrictMode policy violation: android.os.StrictMode$StrictModeNetworkViolation: policy=23 violation=4
D/StrictMode( 1290):    at android.os.StrictMode$AndroidBlockGuardPolicy.onNetwork(StrictMode.java:1105)
D/StrictMode( 1290):    at libcore.io.BlockGuardOs.connect(BlockGuardOs.java:84)
D/StrictMode( 1290):    at libcore.io.IoBridge.connectErrno(IoBridge.java:127)
D/StrictMode( 1290):    at libcore.io.IoBridge.connect(IoBridge.java:112)
D/StrictMode( 1290):    at java.net.PlainSocketImpl.connect(PlainSocketImpl.java:192)
D/StrictMode( 1290):    at java.net.PlainSocketImpl.connect(PlainSocketImpl.java:459)
D/StrictMode( 1290):    at java.net.Socket.connect(Socket.java:842)
D/StrictMode( 1290):    at libcore.net.http.HttpConnection.<init>(HttpConnection.java:77)
D/StrictMode( 1290):    at libcore.net.http.HttpConnection.<init>(HttpConnection.java:50)
D/StrictMode( 1290):    at libcore.net.http.HttpConnection$Address.connect(HttpConnection.java:351)
D/StrictMode( 1290):    at libcore.net.http.HttpConnectionPool.get(HttpConnectionPool.java:86)
D/StrictMode( 1290):    at libcore.net.http.HttpConnection.connect(HttpConnection.java:128)
D/StrictMode( 1290):    at libcore.net.http.HttpEngine.openSocketConnection(HttpEngine.java:308)
D/StrictMode( 1290):    at libcore.net.http.HttpEngine.connect(HttpEngine.java:303)
D/StrictMode( 1290):    at libcore.net.http.HttpEngine.sendSocketRequest(HttpEngine.java:282)
D/StrictMode( 1290):    at libcore.net.http.HttpEngine.sendRequest(HttpEngine.java:232)
D/StrictMode( 1290):    at libcore.net.http.HttpURLConnectionImpl.getResponse(HttpURLConnectionImpl.java:273)
D/StrictMode( 1290):    at libcore.net.http.HttpURLConnectionImpl.getInputStream(HttpURLConnectionImpl.java:168)
D/StrictMode( 1290):    at com.coship.netfirmware.downloads.HttpDownLoad.getInputStream(HttpDownLoad.java:66)
D/StrictMode( 1290):    at com.coship.netfirmware.downloads.HttpDownLoad.downfile(HttpDownLoad.java:43)
D/StrictMode( 1290):    at com.coship.netfirmware.NetFirmwareService.downFileFormService(NetFirmwareService.java:1504)
D/StrictMode( 1290):    at com.coship.netfirmware.NetFirmwareService.access$4800(NetFirmwareService.java:69)
D/StrictMode( 1290):    at com.coship.netfirmware.NetFirmwareService$6.run(NetFirmwareService.java:1147)
D/StrictMode( 1290): StrictMode policy violation: android.os.StrictMode$StrictModeNetworkViolation: policy=23 violation=4
D/StrictMode( 1290):    at android.os.StrictMode$AndroidBlockGuardPolicy.onNetwork(StrictMode.java:1105)
D/StrictMode( 1290):    at libcore.io.BlockGuardOs.recvfrom(BlockGuardOs.java:163)
D/StrictMode( 1290):    at libcore.io.IoBridge.recvfrom(IoBridge.java:503)
D/StrictMode( 1290):    at java.net.PlainSocketImpl.read(PlainSocketImpl.java:488)
D/StrictMode( 1290):    at java.net.PlainSocketImpl.access$000(PlainSocketImpl.java:46)
D/StrictMode( 1290):    at java.net.PlainSocketImpl$PlainSocketInputStream.read(PlainSocketImpl.java:240)
D/StrictMode( 1290):    at java.io.InputStream.read(InputStream.java:163)
D/StrictMode( 1290):    at java.io.BufferedInputStream.fillbuf(BufferedInputStream.java:142)
D/StrictMode( 1290):    at java.io.BufferedInputStream.read(BufferedInputStream.java:227)
D/StrictMode( 1290):    at libcore.io.Streams.readAsciiLine(Streams.java:201)
D/StrictMode( 1290):    at libcore.net.http.HttpEngine.readResponseHeaders(HttpEngine.java:544)
D/StrictMode( 1290):    at libcore.net.http.HttpEngine.readResponse(HttpEngine.java:784)
D/StrictMode( 1290):    at libcore.net.http.HttpURLConnectionImpl.getResponse(HttpURLConnectionImpl.java:274)
D/StrictMode( 1290):    at libcore.net.http.HttpURLConnectionImpl.getInputStream(HttpURLConnectionImpl.java:168)
D/StrictMode( 1290):    at com.coship.netfirmware.downloads.HttpDownLoad.getInputStream(HttpDownLoad.java:66)
D/StrictMode( 1290):    at com.coship.netfirmware.downloads.HttpDownLoad.downfile(HttpDownLoad.java:43)
D/StrictMode( 1290):    at com.coship.netfirmware.NetFirmwareService.downFileFormService(NetFirmwareService.java:1504)
D/StrictMode( 1290):    at com.coship.netfirmware.NetFirmwareService.access$4800(NetFirmwareService.java:69)
D/StrictMode( 1290):    at com.coship.netfirmware.NetFirmwareService$6.run(NetFirmwareService.java:1147)
D/dalvikvm( 1645): GC_CONCURRENT freed 2071K, 46% free 7327K/13379K, paused 2ms+71ms
D/StrictMode( 1290): StrictMode policy violation: android.os.StrictMode$StrictModeNetworkViolation: policy=23 violation=4
D/StrictMode( 1290):    at android.os.StrictMode$AndroidBlockGuardPolicy.onNetwork(StrictMode.java:1105)
D/StrictMode( 1290):    at libcore.io.BlockGuardOs.recvfrom(BlockGuardOs.java:163)
D/StrictMode( 1290):    at libcore.io.IoBridge.recvfrom(IoBridge.java:503)
D/StrictMode( 1290):    at java.net.PlainSocketImpl.read(PlainSocketImpl.java:488)
D/StrictMode( 1290):    at java.net.PlainSocketImpl.access$000(PlainSocketImpl.java:46)
D/StrictMode( 1290):    at java.net.PlainSocketImpl$PlainSocketInputStream.read(PlainSocketImpl.java:240)
D/StrictMode( 1290):    at java.io.InputStream.read(InputStream.java:163)
D/StrictMode( 1290):    at java.io.BufferedInputStream.fillbuf(BufferedInputStream.java:142)
D/StrictMode( 1290):    at java.io.BufferedInputStream.read(BufferedInputStream.java:227)
D/StrictMode( 1290):    at libcore.io.Streams.readAsciiLine(Streams.java:201)
D/StrictMode( 1290):    at libcore.net.http.HttpEngine.readHeaders(HttpEngine.java:587)
D/StrictMode( 1290):    at libcore.net.http.HttpEngine.readResponseHeaders(HttpEngine.java:545)
D/StrictMode( 1290):    at libcore.net.http.HttpEngine.readResponse(HttpEngine.java:784)
D/StrictMode( 1290):    at libcore.net.http.HttpURLConnectionImpl.getResponse(HttpURLConnectionImpl.java:274)
D/StrictMode( 1290):    at libcore.net.http.HttpURLConnectionImpl.getInputStream(HttpURLConnectionImpl.java:168)
D/StrictMode( 1290):    at com.coship.netfirmware.downloads.HttpDownLoad.getInputStream(HttpDownLoad.java:66)
D/StrictMode( 1290):    at com.coship.netfirmware.downloads.HttpDownLoad.downfile(HttpDownLoad.java:43)
D/StrictMode( 1290):    at com.coship.netfirmware.NetFirmwareService.downFileFormService(NetFirmwareService.java:1504)
D/StrictMode( 1290):    at com.coship.netfirmware.NetFirmwareService.access$4800(NetFirmwareService.java:69)
D/StrictMode( 1290):    at com.coship.netfirmware.NetFirmwareService$6.run(NetFirmwareService.java:1147)
I/FileUtils( 1290): mkdirPath--->/data/data/com.coship.netfirmware/
I/FileUtils( 1290): createNewFilePath--->/data/data/com.coship.netfirmware/versioncode.dat
I/FileUtils( 1290): file--->versioncode.dat
D/StrictMode( 1290): StrictMode policy violation: android.os.StrictMode$StrictModeDiskReadViolation: policy=23 violation=2
D/StrictMode( 1290):    at android.os.StrictMode$AndroidBlockGuardPolicy.onReadFromDisk(StrictMode.java:1089)
D/StrictMode( 1290):    at libcore.io.BlockGuardOs.open(BlockGuardOs.java:106)
D/StrictMode( 1290):    at libcore.io.IoBridge.open(IoBridge.java:390)
D/StrictMode( 1290):    at java.io.FileOutputStream.<init>(FileOutputStream.java:88)
D/StrictMode( 1290):    at java.io.FileOutputStream.<init>(FileOutputStream.java:73)
D/StrictMode( 1290):    at com.coship.netfirmware.downloads.FileUtils.writeToPathFromInput(FileUtils.java:78)
D/StrictMode( 1290):    at com.coship.netfirmware.downloads.HttpDownLoad.downfile(HttpDownLoad.java:44)
D/StrictMode( 1290):    at com.coship.netfirmware.NetFirmwareService.downFileFormService(NetFirmwareService.java:1504)
D/StrictMode( 1290):    at com.coship.netfirmware.NetFirmwareService.access$4800(NetFirmwareService.java:69)
D/StrictMode( 1290):    at com.coship.netfirmware.NetFirmwareService$6.run(NetFirmwareService.java:1147)
D/StrictMode( 1290): StrictMode policy violation: android.os.StrictMode$StrictModeDiskWriteViolation: policy=23 violation=1
D/StrictMode( 1290):    at android.os.StrictMode$AndroidBlockGuardPolicy.onWriteToDisk(StrictMode.java:1063)
D/StrictMode( 1290):    at libcore.io.BlockGuardOs.write(BlockGuardOs.java:190)
D/StrictMode( 1290):    at libcore.io.IoBridge.write(IoBridge.java:447)
D/StrictMode( 1290):    at java.io.FileOutputStream.write(FileOutputStream.java:187)
D/StrictMode( 1290):    at java.io.OutputStream.write(OutputStream.java:82)
D/StrictMode( 1290):    at com.coship.netfirmware.downloads.FileUtils.writeToPathFromInput(FileUtils.java:81)
D/StrictMode( 1290):    at com.coship.netfirmware.downloads.HttpDownLoad.downfile(HttpDownLoad.java:44)
D/StrictMode( 1290):    at com.coship.netfirmware.NetFirmwareService.downFileFormService(NetFirmwareService.java:1504)
D/StrictMode( 1290):    at com.coship.netfirmware.NetFirmwareService.access$4800(NetFirmwareService.java:69)
D/StrictMode( 1290):    at com.coship.netfirmware.NetFirmwareService$6.run(NetFirmwareService.java:1147)
I/HttpDownLoad( 1290): resultFile--->/data/data/com.coship.netfirmware/versioncode.dat
D/StrictMode( 1290): StrictMode policy violation: android.os.StrictMode$StrictModeDiskReadViolation: policy=23 violation=2
