[ 3449.074644] binder: release proc 2313, transaction 100930, not freed
[ 3450.692236] [irq_proc_open][373] -16
[ 3463.038314] [irq_proc_open][373] -16
[ 3474.495131] [irq_proc_open][373] -16
[ 3662.077044] [irq_proc_open][373] -16
[ 3876.173192] [irq_proc_open][373] -16
[ 3888.774994] [irq_proc_open][373] -16
[ 3925.975669] [irq_proc_open][373] -16

130|shell@android:/ $ logcat                                                   
--------- beginning of /dev/log/system
W/PackageParser(  948): No actions in intent filter at /system/app/TZ_MST6A801_SDK4.0_WasuTV4ICS_Release_1.0.0.39_201302012009.apk Binary XML file line #245
W/PackageParser(  948): No actions in intent filter at /system/app/TZ_MST6A801_SDK4.0_WasuTV4ICS_Release_1.0.0.39_201302012009.apk Binary XML file line #254
W/PackageParser(  948): No actions in intent filter at /system/app/TZ_MST6A801_SDK4.0_WasuTV4ICS_Release_1.0.0.39_201302012009.apk Binary XML file line #262
W/PackageParser(  948): No actions in intent filter at /system/app/TZ_MST6A801_SDK4.0_WasuTV4ICS_Release_1.0.0.39_201302012009.apk Binary XML file line #270
W/PackageParser(  948): No actions in intent filter at /system/app/TZ_MST6A801_SDK4.0_WasuTV4ICS_Release_1.0.0.39_201302012009.apk Binary XML file line #279
W/PackageParser(  948): No actions in intent filter at /system/app/TZ_MST6A801_SDK4.0_WasuTV4ICS_Release_1.0.0.39_201302012009.apk Binary XML file line #287
W/PackageParser(  948): No actions in intent filter at /system/app/TZ_MST6A801_SDK4.0_WasuTV4ICS_Release_1.0.0.39_201302012009.apk Binary XML file line #296
W/PackageParser(  948): No actions in intent filter at /system/app/TZ_MST6A801_SDK4.0_WasuTV4ICS_Release_1.0.0.39_201302012009.apk Binary XML file line #305
I/PackageParser(  948): com.iflytek.vaf.TouchKey: compat added android.permission.WRITE_EXTERNAL_STORAGE android.permission.READ_PHONE_STATE
W/PackageParser(  948): No actions in intent filter at /system/app/com.coship.Multimedia.apk Binary XML file line #97
W/PackageParser(  948): No actions in intent filter at /system/app/com.coship.Multimedia.apk Binary XML file line #104
I/PackageParser(  948): com.coship.Multimedia: compat added android.permission.READ_PHONE_STATE
W/PackageParser(  948): No actions in intent filter at /system/app/com.coship.NetworkNavigation.apk Binary XML file line #24
W/PackageParser(  948): No actions in intent filter at /system/app/com.coship.NetworkNavigation.apk Binary XML file line #31
W/PackageParser(  948): No actions in intent filter at /system/app/com.coship.NetworkNavigation.apk Binary XML file line #38
W/PackageParser(  948): No actions in intent filter at /system/app/com.coship.NetworkNavigation.apk Binary XML file line #45
W/PackageParser(  948): No actions in intent filter at /system/app/com.coship.NetworkNavigation.apk Binary XML file line #52
I/PackageParser(  948): com.coship.dvbplayer: compat added android.permission.READ_PHONE_STATE
W/PackageParser(  948): No actions in intent filter at /system/app/com.coship.dvbsetting.apk Binary XML file line #102
W/PackageParser(  948): No actions in intent filter at /system/app/com.coship.dvbsetting.apk Binary XML file line #110
W/PackageParser(  948): No actions in intent filter at /system/app/com.coship.dvbsetting.apk Binary XML file line #118
W/PackageParser(  948): No actions in intent filter at /system/app/com.coship.dvbsetting.apk Binary XML file line #126
W/PackageParser(  948): No actions in intent filter at /system/app/com.coship.dvbsetting.apk Binary XML file line #134
W/PackageParser(  948): No actions in intent filter at /system/app/com.coship.dvbsetting.apk Binary XML file line #140
W/PackageParser(  948): No actions in intent filter at /system/app/com.coship.dvbsetting.apk Binary XML file line #154
W/PackageParser(  948): No actions in intent filter at /system/app/com.coship.dvbsetting.apk Binary XML file line #162
W/PackageParser(  948): No actions in intent filter at /system/app/com.coship.dvbsetting.apk Binary XML file line #171
W/PackageParser(  948): No actions in intent filter at /system/app/com.coship.dvbsetting.apk Binary XML file line #179
W/PackageParser(  948): No actions in intent filter at /system/app/com.coship.dvbsetting.apk Binary XML file line #186
W/PackageParser(  948): No actions in intent filter at /system/app/com.coship.dvbsetting.apk Binary XML file line #194
W/PackageParser(  948): No actions in intent filter at /system/app/com.coship.dvbsetting.apk Binary XML file line #201
W/PackageParser(  948): No actions in intent filter at /system/app/com.coship.dvbsetting.apk Binary XML file line #209
W/PackageParser(  948): No actions in intent filter at /system/app/com.coship.dvbsetting.apk Binary XML file line #216
W/PackageParser(  948): No actions in intent filter at /system/app/com.coship.dvbsetting.apk Binary XML file line #222
W/PackageParser(  948): No actions in intent filter at /system/app/com.coship.dvbsetting.apk Binary XML file line #229
W/PackageParser(  948): No actions in intent filter at /system/app/com.coship.dvbsetting.apk Binary XML file line #235
I/PackageParser(  948): com.coship.dvbsetting: compat added android.permission.READ_PHONE_STATE
W/PackageManager(  948): Unable to update from com.android.settings to com.coship.dvbsetting: old package still exists
W/PackageParser(  948): No actions in intent filter at /system/app/com.coship.netfirmware.apk Binary XML file line #36
W/PackageParser(  948): No actions in intent filter at /system/app/com.coship.startwizard.apk Binary XML file line #39
W/PackageParser(  948): No actions in intent filter at /system/app/com.coship.startwizard.apk Binary XML file line #46
W/PackageParser(  948): No actions in intent filter at /system/app/com.coship.startwizard.apk Binary XML file line #53
W/PackageParser(  948): No actions in intent filter at /system/app/com.coship.startwizard.apk Binary XML file line #60
W/PackageParser(  948): No actions in intent filter at /system/app/com.coship.startwizard.apk Binary XML file line #67
W/PackageParser(  948): No actions in intent filter at /system/app/com.coship.startwizard.apk Binary XML file line #74
W/PackageParser(  948): No actions in intent filter at /system/app/com.coship.startwizard.apk Binary XML file line #81
W/PackageParser(  948): No actions in intent filter at /system/app/com.coship.startwizard.apk Binary XML file line #88
W/PackageParser(  948): No actions in intent filter at /system/app/com.coship.startwizard.apk Binary XML file line #95
W/PackageParser(  948): No actions in intent filter at /system/app/com.coship.startwizard.apk Binary XML file line #103
I/Installer(  948): connecting...
W/PackageManager(  948): Application package com.aidufei.movieonline already installed.  Skipping duplicate.
I/PackageManager(  948): Time to scan packages: 4.264 seconds
W/PackageManager(  948): Unknown permission android.permission.APPWIDGET_LIST in package com.iflytek.vaf
W/PackageManager(  948): Unknown permission android.permission.APPWIDGET_LIST in package com.biaoqi.stbwidget.host
W/PackageManager(  948): Unknown permission android.permission.APPWIDGET_LIST in package com.mstar.appwidget
W/PackageManager(  948): Unknown permission android.permission.ADD_SYSTEM_SERVICE in package com.coship.sdp.sce.tvappstore
W/PackageManager(  948): Unknown permission android.permission.READ_EXTERNAL_STORAGE in package com.coship.sdp.sce.tvappstore
W/PackageManager(  948): Unknown permission com.google.android.gm.permission.WRITE_GMAIL in package com.coship.sdp.sce.tvappstore
W/PackageManager(  948): Unknown permission com.google.android.gm.permission.READ_GMAIL in package com.coship.sdp.sce.tvappstore
W/PackageManager(  948): Unknown permission com.google.android.gm.permission.WRITE_GMAIL in package com.coship.app.vaf
W/PackageManager(  948): Unknown permission com.google.android.gm.permission.READ_GMAIL in package com.coship.app.vaf
W/PackageManager(  948): Unknown permission com.google.android.gm.permission.WRITE_GMAIL in package com.coship.TestApp
W/PackageManager(  948): Unknown permission com.google.android.gm.permission.READ_GMAIL in package com.coship.TestApp
W/PackageManager(  948): Unknown permission android.permission.WRITE_OWNER_DATA in package com.iflytek.speech
W/PackageManager(  948): Unknown permission android.permission.BAIDU_LOCATION_SERVICE in package com.iflytek.speech
W/PackageManager(  948): Unknown permission com.google.android.gm.permission.WRITE_GMAIL in package com.ts.gaya.coship
W/PackageManager(  948): Unknown permission com.google.android.gm.permission.READ_GMAIL in package com.ts.gaya.coship
W/PackageManager(  948): Unknown permission android.permission.APPWIDGET_LIST in package com.iflytek.xiri.recorder.svc
W/PackageManager(  948): Unknown permission android.permission.ADD_SYSTEM_SERVICE in package com.coship.netfirmware
W/PackageManager(  948): Unknown permission android.permission.READ_SETTINGS in package com.android.settings
W/PackageManager(  948): Unknown permission com.android.permission.READ_LOGS in package cn.tvbox
W/PackageManager(  948): Not granting permission android.permission.DEVICE_POWER to package cn.tvbox (protectionLevel=2 flags=0xbe45)
W/PackageManager(  948): Unknown permission android.webkit.permission.PLUGIN in package com.adobe.flashplayer
W/PackageManager(  948): Unknown permission android.permission.READ_OWNER_DATA in package com.adobe.flashplayer
W/PackageManager(  948): Unknown permission android.permission.WRITE_OWNER_DATA in package com.adobe.flashplayer
W/PackageManager(  948): Unknown permission android.permission.READ_EXTERNAL_STORAGE in package com.adobe.flashplayer
W/PackageManager(  948): Not granting permission android.permission.DIAGNOSTIC to package com.sihuatech.wasutv4ics (protectionLevel=2 flags=0xbe45)
W/PackageManager(  948): Unknown permission android.permission.ACCESS_COARSE_UPDATES in package com.sihuatech.wasutv4ics
W/PackageManager(  948): Unknown permission android.permission.READ_OWNER_DATA in package com.sihuatech.wasutv4ics
W/PackageManager(  948): Unknown permission android.permission.WRITE_OWNER_DATA in package com.sihuatech.wasutv4ics
W/PackageManager(  948): Not granting permission android.permission.CLEAR_APP_USER_DATA to package com.sihuatech.wasutv4ics (protectionLevel=2 flags=0xbe45)
W/PackageManager(  948): Not granting permission android.permission.INJECT_EVENTS to package com.sihuatech.wasutv4ics (protectionLevel=2 flags=0xbe45)
W/PackageManager(  948): Not granting permission android.permission.DEVICE_POWER to package com.sihuatech.wasutv4ics (protectionLevel=2 flags=0xbe45)
W/PackageManager(  948): Unknown permission android.permission.WRITE_OWNER_DATA in package com.coship.Multimedia
W/PackageManager(  948): Unknown permission android.permission.READ_OWNER_DATA in package com.coship.Multimedia
W/PackageManager(  948): Unknown permission android.permission.WRITE_OWNER_DATA in package com.coship.NetworkNavigation
W/PackageManager(  948): Unknown permission android.permission.READ_OWNER_DATA in package com.coship.NetworkNavigation
I/SystemServer(  948): Account Manager
I/SystemServer(  948): Content Manager
I/SystemServer(  948): System Content Providers
I/SystemServer(  948): Lights Service
I/SystemServer(  948): Battery Service
I/SystemServer(  948): Pppoe Service
I/SystemServer(  948): Vibrator Service
I/SystemServer(  948): Alarm Manager
I/SystemServer(  948): Init Watchdog
I/SystemServer(  948): Window Manager
I/InputManager(  948): Initializing input manager
W/StatusBarManager(  948): warning: no STATUS_BAR_SERVICE
I/InputManager(  948): Starting input manager
I/WindowManager(  948): Enabled StrictMode for PolicyThread's Looper
I/WindowManager(  948): Enabled StrictMode logging for WMThread's Looper
I/SystemServer(  948): Bluetooth Service
I/SystemServer(  948): Input Method Service
W/InputManagerService(  948): Couldn't create dir.: /data/system/inputmethod
I/SystemServer(  948): Accessibility Manager
I/ActivityManager(  948): Config changed: {1.0 0mcc0mnc zh_CN layoutdir=0 sw720dp w1280dp h720dp xlrg long land ?uimode ?night -touch -keyb/v/h -nav/h s.2}
I/SystemServer(  948): TV
I/SystemServer(  948): Device Policy
I/SystemServer(  948): Status Bar
I/SystemServer(  948): Clipboard Service
I/SystemServer(  948): NetworkManagement Service
I/SystemServer(  948): Text Service Manager Service
W/TextServicesManagerService(  948): no available spell checker services found
I/SystemServer(  948): NetworkStats Service
I/SystemServer(  948): NetworkPolicy Service
I/SystemServer(  948): Wi-Fi P2pService
D/WifiP2pService(  948): P2pDisabledState
E/WifiP2pService(  948): Failed to reload sta firmware java.lang.NullPointerException
I/SystemServer(  948): Wi-Fi Service
D/WifiP2pService(  948): P2pDisabledState{ what=69633 when=0 }
D/WifiP2pService(  948): DefaultState{ what=69633 when=0 }
D/WifiP2pService(  948): P2pDisabledState{ what=69632 when=0 obj=com.android.internal.util.AsyncChannel@4151d090 }
D/WifiP2pService(  948): DefaultState{ what=69632 when=-1ms obj=com.android.internal.util.AsyncChannel@4151d090 }
D/WifiP2pService(  948): Full connection with WifiStateMachine established
D/WifiP2pService(  948): P2pDisabledState{ what=69633 when=0 }
D/WifiP2pService(  948): DefaultState{ what=69633 when=0 }
D/WifiP2pService(  948): P2pDisabledState{ what=69632 when=0 obj=com.android.internal.util.AsyncChannel@415aef18 }
D/WifiP2pService(  948): DefaultState{ what=69632 when=0 obj=com.android.internal.util.AsyncChannel@415aef18 }
D/WifiP2pService(  948): Full connection with WifiStateMachine established
I/SystemServer(  948): Connectivity Service
D/ConnectivityService(  948): ConnectivityService starting up
E/ConnectivityService(  948): Error in radioAttributes - ignoring attempt to redefine type 1
D/ConnectivityService(  948): Starting Pppoe StateTracker
D/ConnectivityService(  948): Starting Ethernet Service.
V/EthernetStateTracker(  948): Ethernet State Tracker v1.0.6
V/EthernetStateTracker(  948): successed to init device!
I/EthernetService(  948): Ethernet dev enabled 2
V/EthernetService(  948): device 0 name eth0
V/EthernetStateTracker(  948): start to monitor the ethernet devices . . .
I/EthernetManager(  948): Init Ethernet Manager, service: com.android.server.EthernetService@41531780
I/EthernetStateTracker(  948): reset device eth0
V/EthernetMonitor(  948): go poll events
I/EthernetStateTracker(  948): set ip manually ipaddr 192.168.1.2 gateway 192.168.1.1 netmask 255.255.255.0 dns1 0.0.0.0 dns2 0.0.0.0 DHCP server 0.0.0.0 lease 0 seconds
V/EthernetMonitor(  948): get event eth0:16:
V/EthernetMonitor(  948): dev: eth0 ev 16
V/EthernetStateTracker(  948): report interface is up for eth0
V/EthernetStateTracker(  948): Static IP configuration succeeded
I/EthernetStateTracker(  948): reset device eth0
I/EthernetStateTracker(  948): set ip manually ipaddr 192.168.1.2 gateway 192.168.1.1 netmask 255.255.255.0 dns1 0.0.0.0 dns2 0.0.0.0 DHCP server 0.0.0.0 lease 0 seconds
V/EthernetStateTracker(  948): Static IP configuration succeeded
E/MobileDataStateTracker(  948): default: Ignoring feature request because could not acquire PhoneService
E/MobileDataStateTracker(  948): default: Could not enable APN type "default"
D/NetworkManagementService(  948): Registering observer
D/NetworkManagementService(  948): Registering observer
I/WifiService(  948): WifiService starting up with Wi-Fi enabled
D/WifiP2pService(  948): P2pDisabledState{ what=131203 when=0 }
I/WifiService(  948): WifiService starting up with Wi-Fi AP disabled
I/SystemServer(  948): Throttle Service
I/SystemServer(  948): Mount Service
D/MountService(  948): got storage path: /mnt/sdcard description: USB 存储器 primary: true removable: false emulated: false mtpReserve: 0 allowMassStorage: false maxFileSize: 0
D/MountService(  948): mExternalStoragePath:/mnt/sdcard
I/SystemServer(  948): Notification Manager
I/SystemServer(  948): Device Storage Monitor
I/SystemServer(  948): Location Manager
I/SystemServer(  948): Country Detector
I/SystemServer(  948): Search Service
I/SystemServer(  948): DropBox Service
I/SystemServer(  948): Wallpaper Service
I/SystemServer(  948): Audio Service
V/EthernetMonitor(  948): go poll events
V/EthernetMonitor(  948): get event eth0:20:
V/EthernetMonitor(  948): dev: eth0 ev 20
I/EthernetStateTracker(  948): report new state CONNECTED on dev eth0
V/EthernetStateTracker(  948): update network state tracker
V/EthernetMonitor(  948): go poll events
D/VoldCmdListener(  733): volume list
I/SystemServer(  948): Camera Observer
I/SystemServer(  948): Microphone Observer
I/SystemServer(  948): Wired Accessory Observer
I/SystemServer(  948): USB Service
I/SystemServer(  948): UI Mode Manager Service
I/SystemServer(  948): Backup Service
V/BackupManagerService(  948): Initializing package tracking
V/BackupManagerService(  948): No ancestral data
V/BackupManagerService(  948): addPackageParticipantsLocked: all
I/BackupManagerService(  948): New app android never backed up; scheduling
I/BackupManagerService(  948): New app com.android.browser never backed up; scheduling
I/BackupManagerService(  948): New app com.android.providers.settings never backed up; scheduling
I/BackupManagerService(  948): New app com.android.providers.userdictionary never backed up; scheduling
I/BackupManagerService(  948): New app com.android.sharedstoragebackup never backed up; scheduling
V/BackupManagerService(  948): Registering transport android/com.android.internal.backup.LocalTransport = com.android.internal.backup.LocalTransport@41642318
V/BackupManagerService(  948): Starting with transport android/com.android.internal.backup.LocalTransport
V/BackupManagerService(  948): Google transport not present
I/BackupManagerService(  948): Backup enabled => false
I/BackupManagerService(  948): Opting out of backup
I/SystemServer(  948): AppWidget Service
I/SystemServer(  948): Recognition Service
I/SystemServer(  948): DiskStats Service
I/SystemServer(  948): SamplingProfiler Service
I/SystemServer(  948): NetworkTimeUpdateService
D/PowerManagerService(  948): system ready!
I/ActivityManager(  948): System now ready
I/SystemServer(  948): Making services ready
I/ActivityManager(  948): Start proc com.mstar.dbprovider for content provider com.mstar.dbprovider/.MstTvUserSettingProvider: pid=1128 uid=10015 gids={}
D/SystemServer(  948): Starting service: Intent { cmp=com.android.systemui/.SystemUIService }
I/ActivityManager(  948): Start proc com.android.systemui for service com.android.systemui/.SystemUIService: pid=1145 uid=1000 gids={3003, 1015, 3002, 3001, 3004}
D/NetworkManagementService(  948): enabling bandwidth control
D/SystemUIService( 1145): loading: class com.android.systemui.statusbar.tablet.TabletStatusBar
D/SystemUIService( 1145): running: com.android.systemui.statusbar.tablet.TabletStatusBar@413aec70
D/NetworkManagementService(  948): rsp <213 a4:a8:0f:ff:ff:0e 0.0.0.0 0 [down broadcast multicast]>
D/NetworkManagementService(  948): flags <[down broadcast multicast]>
V/EthernetMonitor(  948): get event 
V/EthernetMonitor(  948): go poll events
D/NetworkManagementService(  948): Registering observer
D/NetworkManagementService(  948): Registering observer
I/ActivityManager(  948): Config changed: {1.0 0mcc0mnc zh_CN layoutdir=0 sw720dp w1280dp h720dp xlrg long land -touch -keyb/v/h -nav/h s.3}
W/RecognitionManagerService(  948): no available voice recognition services found
I/StatusBar.HeightReceiver( 1145): Resizing status bar plugged=false height=48 old=0
W/InputManagerService(  948): Ignoring setImeWindowStatus of uid 1000 token: null
I/ActivityManager(  948): Start proc com.android.inputmethod.pinyin for service com.android.inputmethod.pinyin/.PinyinIME: pid=1240 uid=10018 gids={3003}
D/NetworkManagementService(  948): Registering observer
I/SystemServer(  948): SIP Service
W/ThrottleService(  948): unable to find stats for iface rmnet0
I/ActivityManager(  948): Start proc com.coship.easycontrolime for added application com.coship.easycontrolime: pid=1275 uid=10033 gids={3003}
I/ActivityManager(  948): Start proc com.coship.netfirmware for added application com.coship.netfirmware: pid=1290 uid=1000 gids={3003, 1015, 3002, 3001, 3004}
I/ActivityManager(  948): Start proc com.iflytek.vaf.TouchKey for added application com.iflytek.vaf.TouchKey: pid=1303 uid=10029 gids={1015}
I/ActivityManager(  948): START {act=android.intent.action.MAIN cat=[android.intent.category.HOME] flg=0x10000000 cmp=com.ts.gaya.coship/.MainActivity} from pid 0
I/ActivityManager(  948): Start proc com.ts.gaya.coship for activity com.ts.gaya.coship/.MainActivity: pid=1318 uid=10039 gids={3002, 3001, 3004, 3003, 1015}
I/SystemServer(  948): Enabled StrictMode for system server main thread.
I/EthernetStateTracker(  948): received interface reset event
I/EthernetStateTracker(  948): reset device eth0
I/EthernetStateTracker(  948): set ip manually ipaddr 192.168.1.2 gateway 192.168.1.1 netmask 255.255.255.0 dns1 0.0.0.0 dns2 0.0.0.0 DHCP server 0.0.0.0 lease 0 seconds
V/EthernetStateTracker(  948): Static IP configuration succeeded
I/EthernetStateTracker(  948): received configured succeeded, stack=false CC=false
D/ConnectivityService(  948): ConnectivityChange for ETH: CONNECTED/CONNECTED
I/EthernetStateTracker(  948): IntentBroadcast, event=1
I/EthernetStateTracker(  948): received configured succeeded, stack=true CC=true
I/EthernetStateTracker(  948): setState, skip: 1
E/ConnectivityService(  948): exception setting default dns interface: java.lang.IllegalStateException: Error communicating with native daemon to set dns for interface
I/ActivityManager(  948): Start proc com.android.settings for broadcast com.android.settings/.SettingGlobalReceiver: pid=1337 uid=1000 gids={3003, 1015, 3002, 3001, 3004}
I/EthernetStateTracker(  948): IntentBroadcast, event=1
I/EthernetStateTracker(  948): received interface up event, kick off connection request
I/EthernetStateTracker(  948): IntentBroadcast, event=5
I/EthernetStateTracker(  948): reset device eth0
I/EthernetStateTracker(  948): set ip manually ipaddr 192.168.1.2 gateway 192.168.1.1 netmask 255.255.255.0 dns1 0.0.0.0 dns2 0.0.0.0 DHCP server 0.0.0.0 lease 0 seconds
V/EthernetStateTracker(  948): Static IP configuration succeeded
I/EthernetStateTracker(  948): received HW connected, stack=false CC=true
I/ActivityManager(  948): Start proc com.google.process.gapps for service com.google.android.location/.NetworkLocationService: pid=1355 uid=10010 gids={3003, 1015, 2001, 1007}
I/ActivityManager(  948): Start proc com.biaoqi.stbwidget.host for broadcast com.biaoqi.stbwidget.host/.NetworkStatusChangeReceiver: pid=1368 uid=10026 gids={3003}
I/StatusBarManagerService(  948): registerStatusBar bar=com.android.internal.statusbar.IStatusBar$Stub$Proxy@416d4528
V/TabletStatusBar( 1145): setLightsOn(true)
D/SystemUIService( 1145): loading: class com.android.systemui.power.PowerUI
D/SystemUIService( 1145): running: com.android.systemui.power.PowerUI@41427378
I/StatusBar.HeightReceiver( 1145): Resizing status bar plugged=false height=48 old=48
I/StatusBar.HeightReceiver( 1145): Resizing status bar plugged=false height=48 old=48
I/ActivityManager(  948): Start proc com.android.contacts for broadcast com.android.contacts/.calllog.CallLogReceiver: pid=1383 uid=10000 gids={3003, 1015}
I/EthernetStateTracker(  948): received configured succeeded, stack=true CC=true
I/EthernetStateTracker(  948): setState, skip: 1
I/EthernetStateTracker(  948): IntentBroadcast, event=1
I/EthernetStateTracker(  948): received configured succeeded, stack=true CC=true
I/EthernetStateTracker(  948): setState, skip: 1
I/EthernetStateTracker(  948): IntentBroadcast, event=1
D/PowerManagerService(  948): bootCompleted
V/DevicePolicyManagerService(  948): Sending password expiration notifications for action android.intent.action.BOOT_COMPLETED
V/WiredAccessoryObserver(  948): init()
W/WiredAccessoryObserver(  948): This kernel does not have wired headset support
W/WiredAccessoryObserver(  948): This kernel does not have wired headset support
W/WiredAccessoryObserver(  948): This kernel does not have wired headset support
D/WifiService(  948): New client listening to asynchronous messages
I/ActivityManager(  948): Start proc com.coship.HS for broadcast com.coship.HS/.AutoStartReceiver: pid=1435 uid=1000 gids={3003, 1015, 3002, 3001, 3004}
I/BootReceiver(  948): Copying /data/tombstones/tombstone_00 to DropBox (SYSTEM_TOMBSTONE)
V/EthernetMonitor(  948): get event 
V/EthernetMonitor(  948): go poll events
V/EthernetMonitor(  948): get event 
V/EthernetMonitor(  948): go poll events
V/EthernetMonitor(  948): get event 
V/EthernetMonitor(  948): go poll events
V/EthernetMonitor(  948): get event 
V/EthernetMonitor(  948): go poll events
V/EthernetMonitor(  948): get event 
V/EthernetMonitor(  948): go poll events
V/EthernetMonitor(  948): get event 
V/EthernetMonitor(  948): go poll events
V/EthernetMonitor(  948): get event 
V/EthernetMonitor(  948): go poll events
V/EthernetMonitor(  948): get event 
V/EthernetMonitor(  948): go poll events
I/ActivityManager(  948): Start proc android.process.acore for content provider com.android.providers.contacts/.CallLogProvider: pid=1461 uid=10000 gids={3003, 1015}
I/ActivityManager(  948): Start proc android.process.media for content provider com.android.providers.downloads/.DownloadProvider: pid=1475 uid=10009 gids={1015, 1023, 1024, 2001, 3003, 3007}
I/ActivityManager(  948): Start proc com.android.providers.calendar for broadcast com.android.providers.calendar/.CalendarReceiver: pid=1489 uid=10004 gids={3003, 1015}
I/ActivityManager(  948): Start proc com.android.phone for content provider com.android.providers.telephony/.TelephonyProvider: pid=1505 uid=1001 gids={1015}
V/TabletStatusBar( 1145): setLightsOn(true)
W/MountService(  948): getVolumeState(/mnt/sdcard): Unknown volume
V/EthernetMonitor(  948): get event 
V/EthernetMonitor(  948): go poll events
W/ProcessStats(  948): Skipping unknown process pid 1536
I/ActivityManager(  948): Start proc com.coship.cw880 for broadcast com.coship.cw880/.BootCw880Recive: pid=1551 uid=1000 gids={3003, 1015, 3002, 3001, 3004}
D/ConnectivityService(  948): ConnectivityChange for WIFI: CONNECTED/CONNECTED
D/ConnectivityService(  948): Policy requires ETH teardown
I/EthernetStateTracker(  948): stop dhcp and interface
V/EthernetMonitor(  948): get event eth0:17:
V/EthernetMonitor(  948): dev: eth0 ev 17
I/EthernetStateTracker(  948): report new state DISCONNECTED on dev eth0
V/EthernetStateTracker(  948): update network state tracker
V/EthernetMonitor(  948): go poll events
I/EthernetStateTracker(  948): received disconnected events, stack=true CC=true
V/EthernetMonitor(  948): get event eth0:21:
V/EthernetMonitor(  948): dev: eth0 ev 21
V/EthernetStateTracker(  948): report address is removed for eth0
I/EthernetStateTracker(  948): stop dhcp and interface
W/EthernetStateTracker(  948): stopInterface --> clearAddresses ret = true
I/EthernetStateTracker(  948): IntentBroadcast, event=4
V/EthernetMonitor(  948): go poll events
I/PppoeStateTracker(  948): receive EthernetStateTracker.EVENT_HW_DISCONNECTED
I/EthernetStateTracker(  948): received interface address remove event
V/EthernetStateTracker(  948): configureInterfaceAutoIP skip!
D/ConnectivityService(  948): ConnectivityChange for WIFI: CONNECTED/CONNECTED
D/ConnectivityService(  948): handleConnectivityChange: address are the same reset per doReset linkProperty[1]: resetMask=0
D/ConnectivityService(  948): ConnectivityChange for ETH: DISCONNECTED/DISCONNECTED
E/MobileDataStateTracker(  948): default: Ignoring feature request because could not acquire PhoneService
E/MobileDataStateTracker(  948): default: Could not enable APN type "default"
D/ConnectivityService(  948): Attempting to switch to mobile
D/ConnectivityService(  948): Attempting to switch to WIFI
D/ConnectivityService(  948): Attempting to switch to pppoe
I/ActivityManager(  948): START {flg=0x10000000 cmp=com.google.android.gsf/.update.SystemUpdateInstallDialog} from pid 1355
I/ActivityManager(  948): Start proc com.aidufei.movieonline for broadcast com.aidufei.movieonline/com.aidufei.otoService.BootReceiver: pid=1585 uid=1000 gids={3003, 1015, 3002, 3001, 3004}
W/InputManagerService(  948): Window already focused, ignoring focus gain of: com.android.internal.view.IInputMethodClient$Stub$Proxy@41765f60
I/ActivityManager(  948): Start proc com.iflytek.vac for broadcast com.iflytek.vaf/com.iflytek.vocmd.Loader: pid=1599 uid=10027 gids={3003, 1015}
I/ActivityManager(  948): Start proc com.coship.changetheaudiooutput for broadcast com.coship.changetheaudiooutput/.BootCompletedReceiver: pid=1617 uid=10031 gids={3002, 3001, 3004}
I/ActivityManager(  948): Start proc com.iflytek.vaf.svc.rec for service com.iflytek.vaf/.svc.VAFSvc: pid=1632 uid=10027 gids={3003, 1015}
I/ActivityManager(  948): Start proc com.coship.Multimedia for broadcast com.coship.Multimedia/.view.BootCompletedReceiver: pid=1645 uid=1000 gids={3003, 1015, 3002, 3001, 3004}
I/ActivityManager(  948): Start proc com.iflytek.xiri.recorder.svc for service com.iflytek.xiri.recorder.svc/.PCMRecorderSvc: pid=1657 uid=10028 gids={3003, 1015}
I/ActivityManager(  948): Start proc com.coship.TestApp for broadcast com.coship.TestApp/.BootCompletedReceiver: pid=1679 uid=1000 gids={3003, 1015, 3002, 3001, 3004}
I/ActivityManager(  948): Start proc com.iflytek.speech for service com.iflytek.speech/.SpeechService: pid=1690 uid=10023 gids={1015, 3003, 1007}
I/ActivityManager(  948): Start proc com.coship.startwizard for broadcast com.coship.startwizard/.service.BootBroadcastReceiver: pid=1708 uid=1000 gids={3003, 1015, 3002, 3001, 3004}
I/ActivityManager(  948): Start proc com.coship.stpservice for broadcast com.coship.stpservice/.StpReceiver: pid=1728 uid=1000 gids={3003, 1015, 3002, 3001, 3004}
W/ActivityManager(  948): Permission Denial: receiving Intent { act=android.intent.action.BOOT_COMPLETED } to cn.tvbox requires android.permission.RECEIVE_BOOT_COMPLETED due to sender null (uid 1000)
I/ActivityManager(  948): Start proc com.coship.sdp.sce.tvappstore for broadcast com.coship.sdp.sce.tvappstore/.listener.BootCompletedReceiver: pid=1742 uid=1000 gids={3003, 1015, 3002, 3001, 3004}
W/MountService(  948): getVolumeState(/mnt/sdcard): Unknown volume
W/MountService(  948): getVolumeState(/mnt/sdcard): Unknown volume
I/ActivityManager(  948): Start proc cn.tvbox for broadcast cn.tvbox/.receiver.NetworkConnectivityReceiver: pid=1771 uid=10034 gids={1015, 3003}
I/ActivityManager(  948): Start proc com.coship.adjustthevolume for broadcast com.coship.adjustthevolume/.BootCompletedReceiver: pid=1828 uid=1000 gids={3003, 1015, 3002, 3001, 3004}
V/CheckBackdoors( 1728): add new backdoor. actionName=com.coship.adjustthevolume, backdoor.mBackdoorKey=0x5252525252
V/CheckBackdoors( 1728): add new backdoor. actionName=com.coship.adjustthevolume.Volup, backdoor.mBackdoorKey=0x18
V/CheckBackdoors( 1728): add new backdoor. actionName=com.coship.adjustthevolume.VolDown, backdoor.mBackdoorKey=0x19
D/ConnectivityService(  948): handleInetConditionHoldEnd: net=1, condition=0, published condition=0
I/ActivityManager(  948): Process com.coship.sdp.sce.tvappstore (pid 1742) has died.
W/ActivityManager(  948): Scheduling restart of crashed service com.coship.sdp.sce.tvappstore/.app.service.AppStoreCoreService in 5000ms
I/ActivityManager(  948): Start proc com.iflytek.xiri.remotecmd for service com.iflytek.xiri.remotecmd/com.iflytek.xiri.vocmd.MyService: pid=1872 uid=10030 gids={}
I/ActivityManager(  948): Start proc com.coship.sdp.sce.tvappstore for service com.coship.sdp.sce.tvappstore/.app.service.AppStoreCoreService: pid=1914 uid=1000 gids={3003, 1015, 3002, 3001, 3004}
W/MountService(  948): getVolumeState(/mnt/sdcard): Unknown volume
W/MountService(  948): getVolumeState(/mnt/sdcard): Unknown volume
W/ThrottleService(  948): unable to find stats for iface rmnet0
I/ActivityManager(  948): START {act=android.intent.action.MAIN cat=[android.intent.category.LAUNCHER] flg=0x10000000 pkg=com.sihuatech.wasutv4ics cmp=com.sihuatech.wasutv4ics/.ui.RegisterActivity} from pid 1318
I/ActivityManager(  948): Start proc com.sihuatech.wasutv4ics for activity com.sihuatech.wasutv4ics/.ui.RegisterActivity: pid=1994 uid=10024 gids={3003, 1006, 1015}
I/UsageStats(  948): Deleting usage file : usage-20070101
V/TabletStatusBar( 1145): setLightsOn(true)
W/InputManagerService(  948): Starting input on non-focused client com.android.internal.view.IInputMethodClient$Stub$Proxy@416b8a00 (uid=10039 pid=1318)
I/ActivityManager(  948): START {flg=0x10000 cmp=com.sihuatech.wasutv4ics/.ui.DemoHomeActivity} from pid 1994
V/TabletStatusBar( 1145): setLightsOn(true)
V/TabletStatusBar( 1145): setLightsOn(true)
W/InputManagerService(  948): Starting input on non-focused client com.android.internal.view.IInputMethodClient$Stub$Proxy@416e95d8 (uid=10024 pid=1994)
I/ActivityManager(  948): START {act=android.intent.action.MAIN cat=[android.intent.category.LAUNCHER] flg=0x10000000 pkg=com.sihuatech.wasutv4ics cmp=com.sihuatech.wasutv4ics/.ui.RegisterActivity} from pid 1318
V/TabletStatusBar( 1145): setLightsOn(true)
W/InputManagerService(  948): Starting input on non-focused client com.android.internal.view.IInputMethodClient$Stub$Proxy@416b8a00 (uid=10039 pid=1318)
I/ActivityManager(  948): START {flg=0x10000 cmp=com.sihuatech.wasutv4ics/.ui.DemoHomeActivity} from pid 1994
V/TabletStatusBar( 1145): setLightsOn(true)
W/ThrottleService(  948): unable to find stats for iface rmnet0
I/ActivityManager(  948): START {cmp=com.sihuatech.wasutv4ics/com.sihuatech.search.search.NewPlay (has extras)} from pid 1994
V/TabletStatusBar( 1145): setLightsOn(true)
V/TabletStatusBar( 1145): setLightsOn(true)
I/ActivityManager(  948): START {cmp=com.sihuatech.wasutv4ics/com.sihuatech.search.search.NewPlay (has extras)} from pid 1994
V/TabletStatusBar( 1145): setLightsOn(true)
V/CheckBackdoors( 1728): this is backdoor.
V/CheckBackdoors( 1728): Intent(com.coship.adjustthevolume.VolDown)
V/CheckBackdoors( 1728): add new backdoor. actionName=com.coship.adjustthevolume.VolumeKey, backdoor.mBackdoorKey=0x15
V/CheckBackdoors( 1728): add new backdoor. actionName=com.coship.adjustthevolume.VolumeKey, backdoor.mBackdoorKey=0x16
V/CheckBackdoors( 1728): add new backdoor. actionName=com.coship.adjustthevolume.VolumeKey, backdoor.mBackdoorKey=0x4
V/CheckBackdoors( 1728): this is backdoor.
V/CheckBackdoors( 1728): Intent(com.coship.adjustthevolume.VolDown)
V/CheckBackdoors( 1728): this is backdoor.
V/CheckBackdoors( 1728): Intent(com.coship.adjustthevolume.VolDown)
V/CheckBackdoors( 1728): this is backdoor.
V/CheckBackdoors( 1728): Intent(com.coship.adjustthevolume.VolDown)
V/CheckBackdoors( 1728): this is backdoor.
V/CheckBackdoors( 1728): Intent(com.coship.adjustthevolume.VolDown)
V/CheckBackdoors( 1728): this is backdoor.
V/CheckBackdoors( 1728): Intent(com.coship.adjustthevolume.VolDown)
V/CheckBackdoors( 1728): now remove the backdoor: index =3, actionName=com.coship.adjustthevolume.VolumeKey, backdoor.mBackdoorKey=0x15
V/CheckBackdoors( 1728): now remove the backdoor: index =3, actionName=com.coship.adjustthevolume.VolumeKey, backdoor.mBackdoorKey=0x16
V/CheckBackdoors( 1728): now remove the backdoor: index =3, actionName=com.coship.adjustthevolume.VolumeKey, backdoor.mBackdoorKey=0x4
V/TabletStatusBar( 1145): setLightsOn(true)
W/ThrottleService(  948): unable to find stats for iface rmnet0
I/ActivityManager(  948): START {flg=0x58000000 cmp=com.coship.dvbplayer/.main (has extras)} from pid 1585
I/ActivityManager(  948): Start proc com.coship.dvbplayer for activity com.coship.dvbplayer/.main: pid=2313 uid=10032 gids={3003, 1015}
V/TabletStatusBar( 1145): setLightsOn(true)
W/InputManagerService(  948): Starting input on non-focused client com.android.internal.view.IInputMethodClient$Stub$Proxy@416e95d8 (uid=10024 pid=1994)
I/ActivityManager(  948): START {flg=0x58000000 cmp=com.coship.dvbplayer/.main (has extras)} from pid 1585
V/TabletStatusBar( 1145): setLightsOn(true)
W/InputManagerService(  948): Starting input on non-focused client com.android.internal.view.IInputMethodClient$Stub$Proxy@41492c10 (uid=10032 pid=2313)
I/ActivityManager(  948): START {flg=0x58000000 cmp=com.coship.dvbplayer/.main (has extras)} from pid 1585
V/TabletStatusBar( 1145): setLightsOn(true)
W/InputManagerService(  948): Starting input on non-focused client com.android.internal.view.IInputMethodClient$Stub$Proxy@416e95d8 (uid=10024 pid=1994)
V/TabletStatusBar( 1145): setLightsOn(true)
W/InputManagerService(  948): Starting input on non-focused client com.android.internal.view.IInputMethodClient$Stub$Proxy@41492c10 (uid=10032 pid=2313)
I/ActivityManager(  948): START {flg=0x58000000 cmp=com.coship.dvbplayer/.main (has extras)} from pid 1585
V/TabletStatusBar( 1145): setLightsOn(true)
W/InputManagerService(  948): Starting input on non-focused client com.android.internal.view.IInputMethodClient$Stub$Proxy@416e95d8 (uid=10024 pid=1994)
W/ActivityManager(  948): Activity pause timeout for ActivityRecord{41792638 com.coship.dvbplayer/.main}
V/TabletStatusBar( 1145): setLightsOn(true)
W/InputManagerService(  948): Starting input on non-focused client com.android.internal.view.IInputMethodClient$Stub$Proxy@41492c10 (uid=10032 pid=2313)
I/ActivityManager(  948): START {flg=0x58000000 cmp=com.coship.dvbplayer/.main (has extras)} from pid 1585
V/TabletStatusBar( 1145): setLightsOn(true)
W/InputManagerService(  948): Starting input on non-focused client com.android.internal.view.IInputMethodClient$Stub$Proxy@416e95d8 (uid=10024 pid=1994)
V/TabletStatusBar( 1145): setLightsOn(true)
W/InputManagerService(  948): Starting input on non-focused client com.android.internal.view.IInputMethodClient$Stub$Proxy@41492c10 (uid=10032 pid=2313)
I/ActivityManager(  948): START {flg=0x58000000 cmp=com.coship.dvbplayer/.main (has extras)} from pid 1585
V/TabletStatusBar( 1145): setLightsOn(true)
W/InputManagerService(  948): Starting input on non-focused client com.android.internal.view.IInputMethodClient$Stub$Proxy@416e95d8 (uid=10024 pid=1994)
W/InputManagerService(  948): Window already focused, ignoring focus gain of: com.android.internal.view.IInputMethodClient$Stub$Proxy@416620c0
I/ActivityManager(  948): No longer want com.coship.changetheaudiooutput (pid 1617): hidden #16
I/ActivityManager(  948): No longer want android.process.acore (pid 1461): hidden #17
I/ActivityManager(  948): No longer want com.coship.cw880 (pid 1551): hidden #18
I/ActivityManager(  948): No longer want com.android.contacts (pid 1383): hidden #19
W/ActivityManager(  948): Scheduling restart of crashed service com.coship.changetheaudiooutput/.AudioOutputServer in 5000ms
W/ActivityManager(  948): Scheduling restart of crashed service com.coship.cw880/.MonitorCw880 in 14998ms
I/ActivityManager(  948): No longer want com.coship.TestApp (pid 1679): hidden #16
V/TabletStatusBar( 1145): setLightsOn(true)
W/InputManagerService(  948): Starting input on non-focused client com.android.internal.view.IInputMethodClient$Stub$Proxy@41492c10 (uid=10032 pid=2313)
I/ActivityManager(  948): No longer want com.coship.startwizard (pid 1708): hidden #16
I/ActivityManager(  948): Start proc com.coship.changetheaudiooutput for service com.coship.changetheaudiooutput/.AudioOutputServer: pid=2469 uid=10031 gids={3002, 3001, 3004}
I/ActivityManager(  948): Start proc com.coship.cw880 for service com.coship.cw880/.MonitorCw880: pid=2483 uid=1000 gids={3003, 1015, 3002, 3001, 3004}
I/ActivityManager(  948): No longer want com.android.settings (pid 1337): hidden #16
I/ActivityManager(  948): START {flg=0x58000000 cmp=com.coship.dvbplayer/.main (has extras)} from pid 1585
V/TabletStatusBar( 1145): setLightsOn(true)
W/InputManagerService(  948): Starting input on non-focused client com.android.internal.view.IInputMethodClient$Stub$Proxy@416e95d8 (uid=10024 pid=1994)
V/TabletStatusBar( 1145): setLightsOn(true)
W/InputManagerService(  948): Starting input on non-focused client com.android.internal.view.IInputMethodClient$Stub$Proxy@41492c10 (uid=10032 pid=2313)
W/ThrottleService(  948): unable to find stats for iface rmnet0
I/ActivityManager(  948): START {flg=0x78000000 cmp=com.coship.dvbplayer/.main (has extras)} from pid 1585
V/TabletStatusBar( 1145): setLightsOn(true)
W/InputManagerService(  948): Starting input on non-focused client com.android.internal.view.IInputMethodClient$Stub$Proxy@416e95d8 (uid=10024 pid=1994)
I/ActivityManager(  948): START {act=android.intent.LOOKBACK_PLAYER cmp=com.coship.dvbplayer/.videoplayer.VideoPlayer (has extras)} from pid 2313
V/TabletStatusBar( 1145): setLightsOn(true)
V/TabletStatusBar( 1145): setLightsOn(true)
W/ActivityManager(  948): Duplicate finish request for ActivityRecord{4167dd38 com.coship.dvbplayer/.videoplayer.VideoPlayer}
W/InputManagerService(  948): Starting input on non-focused client com.android.internal.view.IInputMethodClient$Stub$Proxy@41492c10 (uid=10032 pid=2313)
I/ActivityManager(  948): START {flg=0x78000000 cmp=com.coship.dvbplayer/.main (has extras)} from pid 1585
V/TabletStatusBar( 1145): setLightsOn(true)
W/InputManagerService(  948): Starting input on non-focused client com.android.internal.view.IInputMethodClient$Stub$Proxy@416e95d8 (uid=10024 pid=1994)
I/ActivityManager(  948): START {act=android.intent.LOOKBACK_PLAYER cmp=com.coship.dvbplayer/.videoplayer.VideoPlayer (has extras)} from pid 2313
V/TabletStatusBar( 1145): setLightsOn(true)
W/ActivityManager(  948): Duplicate finish request for ActivityRecord{4163e218 com.coship.dvbplayer/.videoplayer.VideoPlayer}
V/TabletStatusBar( 1145): setLightsOn(true)
W/InputManagerService(  948): Starting input on non-focused client com.android.internal.view.IInputMethodClient$Stub$Proxy@41492c10 (uid=10032 pid=2313)
I/ActivityManager(  948): START {flg=0x78000000 cmp=com.coship.dvbplayer/.main (has extras)} from pid 1585
V/TabletStatusBar( 1145): setLightsOn(true)
W/InputManagerService(  948): Starting input on non-focused client com.android.internal.view.IInputMethodClient$Stub$Proxy@416e95d8 (uid=10024 pid=1994)
I/ActivityManager(  948): START {act=android.intent.LOOKBACK_PLAYER cmp=com.coship.dvbplayer/.videoplayer.VideoPlayer (has extras)} from pid 2313
V/TabletStatusBar( 1145): setLightsOn(true)
W/ThrottleService(  948): unable to find stats for iface rmnet0
I/ActivityManager(  948): No longer want com.iflytek.vac (pid 1599): hidden #16
W/ActivityManager(  948): Scheduling restart of crashed service com.iflytek.vaf/com.iflytek.vocmd.StartService in 5000ms
W/ActivityManager(  948): Scheduling restart of crashed service com.iflytek.vaf/com.iflytek.vocmd.Context in 14992ms
W/ActivityManager(  948): Scheduling restart of crashed service com.iflytek.vaf/com.iflytek.vac.Manager in 24992ms
V/TabletStatusBar( 1145): setLightsOn(true)
E/ActivityThread( 1632): Service com.iflytek.vaf.svc.VAFSvc has leaked IntentReceiver com.iflytek.vaf.svc.RemoteClientMonitor$5@4162b060 that was originally registered here. Are you missing a call to unregisterReceiver()?
E/ActivityThread( 1632): android.app.IntentReceiverLeaked: Service com.iflytek.vaf.svc.VAFSvc has leaked IntentReceiver com.iflytek.vaf.svc.RemoteClientMonitor$5@4162b060 that was originally registered here. Are you missing a call to unregisterReceiver()?
E/ActivityThread( 1632):        at android.app.LoadedApk$ReceiverDispatcher.<init>(LoadedApk.java:763)
E/ActivityThread( 1632):        at android.app.LoadedApk.getReceiverDispatcher(LoadedApk.java:567)
E/ActivityThread( 1632):        at android.app.ContextImpl.registerReceiverInternal(ContextImpl.java:1068)
E/ActivityThread( 1632):        at android.app.ContextImpl.registerReceiver(ContextImpl.java:1055)
E/ActivityThread( 1632):        at android.app.ContextImpl.registerReceiver(ContextImpl.java:1049)
E/ActivityThread( 1632):        at android.content.ContextWrapper.registerReceiver(ContextWrapper.java:341)
E/ActivityThread( 1632):        at com.iflytek.vaf.svc.RemoteClientMonitor.<init>(RemoteClientMonitor.java:270)
E/ActivityThread( 1632):        at com.iflytek.vaf.svc.VAFSvc$VafSvcImp.<init>(VAFSvc.java:268)
E/ActivityThread( 1632):        at com.iflytek.vaf.svc.VAFSvc.onCreate(VAFSvc.java:795)
E/ActivityThread( 1632):        at android.app.ActivityThread.handleCreateService(ActivityThread.java:2253)
E/ActivityThread( 1632):        at android.app.ActivityThread.access$1600(ActivityThread.java:123)
E/ActivityThread( 1632):        at android.app.ActivityThread$H.handleMessage(ActivityThread.java:1201)
E/ActivityThread( 1632):        at android.os.Handler.dispatchMessage(Handler.java:99)
E/ActivityThread( 1632):        at android.os.Looper.loop(Looper.java:137)
E/ActivityThread( 1632):        at android.app.ActivityThread.main(ActivityThread.java:4424)
E/ActivityThread( 1632):        at java.lang.reflect.Method.invokeNative(Native Method)
E/ActivityThread( 1632):        at java.lang.reflect.Method.invoke(Method.java:511)
E/ActivityThread( 1632):        at com.android.internal.os.ZygoteInit$MethodAndArgsCaller.run(ZygoteInit.java:848)
E/ActivityThread( 1632):        at com.android.internal.os.ZygoteInit.main(ZygoteInit.java:575)
E/ActivityThread( 1632):        at dalvik.system.NativeStart.main(Native Method)
E/ActivityThread( 1632): Service com.iflytek.vaf.svc.VAFSvc has leaked IntentReceiver com.iflytek.vaf.svc.CheckNetWork$1@4142f4d8 that was originally registered here. Are you missing a call to unregisterReceiver()?
E/ActivityThread( 1632): android.app.IntentReceiverLeaked: Service com.iflytek.vaf.svc.VAFSvc has leaked IntentReceiver com.iflytek.vaf.svc.CheckNetWork$1@4142f4d8 that was originally registered here. Are you missing a call to unregisterReceiver()?
E/ActivityThread( 1632):        at android.app.LoadedApk$ReceiverDispatcher.<init>(LoadedApk.java:763)
E/ActivityThread( 1632):        at android.app.LoadedApk.getReceiverDispatcher(LoadedApk.java:567)
E/ActivityThread( 1632):        at android.app.ContextImpl.registerReceiverInternal(ContextImpl.java:1068)
E/ActivityThread( 1632):        at android.app.ContextImpl.registerReceiver(ContextImpl.java:1055)
E/ActivityThread( 1632):        at android.app.ContextImpl.registerReceiver(ContextImpl.java:1049)
E/ActivityThread( 1632):        at android.content.ContextWrapper.registerReceiver(ContextWrapper.java:341)
E/ActivityThread( 1632):        at com.iflytek.vaf.svc.CheckNetWork.init(CheckNetWork.java:130)
E/ActivityThread( 1632):        at com.iflytek.vaf.svc.Talker.<init>(Talker.java:319)
E/ActivityThread( 1632):        at com.iflytek.vaf.svc.VAFSvc$VafSvcImp.<init>(VAFSvc.java:267)
E/ActivityThread( 1632):        at com.iflytek.vaf.svc.VAFSvc.onCreate(VAFSvc.java:795)
E/ActivityThread( 1632):        at android.app.ActivityThread.handleCreateService(ActivityThread.java:2253)
E/ActivityThread( 1632):        at android.app.ActivityThread.access$1600(ActivityThread.java:123)
E/ActivityThread( 1632):        at android.app.ActivityThread$H.handleMessage(ActivityThread.java:1201)
E/ActivityThread( 1632):        at android.os.Handler.dispatchMessage(Handler.java:99)
E/ActivityThread( 1632):        at android.os.Looper.loop(Looper.java:137)
E/ActivityThread( 1632):        at android.app.ActivityThread.main(ActivityThread.java:4424)
E/ActivityThread( 1632):        at java.lang.reflect.Method.invokeNative(Native Method)
E/ActivityThread( 1632):        at java.lang.reflect.Method.invoke(Method.java:511)
E/ActivityThread( 1632):        at com.android.internal.os.ZygoteInit$MethodAndArgsCaller.run(ZygoteInit.java:848)
E/ActivityThread( 1632):        at com.android.internal.os.ZygoteInit.main(ZygoteInit.java:575)
E/ActivityThread( 1632):        at dalvik.system.NativeStart.main(Native Method)
E/ActivityThread( 1632): Service com.iflytek.vaf.svc.VAFSvc has leaked ServiceConnection com.iflytek.vaf.svc.Talker$3@415a7630 that was originally bound here
E/ActivityThread( 1632): android.app.ServiceConnectionLeaked: Service com.iflytek.vaf.svc.VAFSvc has leaked ServiceConnection com.iflytek.vaf.svc.Talker$3@415a7630 that was originally bound here
E/ActivityThread( 1632):        at android.app.LoadedApk$ServiceDispatcher.<init>(LoadedApk.java:936)
E/ActivityThread( 1632):        at android.app.LoadedApk.getServiceDispatcher(LoadedApk.java:830)
E/ActivityThread( 1632):        at android.app.ContextImpl.bindService(ContextImpl.java:1142)
E/ActivityThread( 1632):        at android.content.ContextWrapper.bindService(ContextWrapper.java:370)
E/ActivityThread( 1632):        at com.iflytek.vaf.svc.Talker.<init>(Talker.java:320)
E/ActivityThread( 1632):        at com.iflytek.vaf.svc.VAFSvc$VafSvcImp.<init>(VAFSvc.java:267)
E/ActivityThread( 1632):        at com.iflytek.vaf.svc.VAFSvc.onCreate(VAFSvc.java:795)
E/ActivityThread( 1632):        at android.app.ActivityThread.handleCreateService(ActivityThread.java:2253)
E/ActivityThread( 1632):        at android.app.ActivityThread.access$1600(ActivityThread.java:123)
E/ActivityThread( 1632):        at android.app.ActivityThread$H.handleMessage(ActivityThread.java:1201)
E/ActivityThread( 1632):        at android.os.Handler.dispatchMessage(Handler.java:99)
E/ActivityThread( 1632):        at android.os.Looper.loop(Looper.java:137)
E/ActivityThread( 1632):        at android.app.ActivityThread.main(ActivityThread.java:4424)
E/ActivityThread( 1632):        at java.lang.reflect.Method.invokeNative(Native Method)
E/ActivityThread( 1632):        at java.lang.reflect.Method.invoke(Method.java:511)
E/ActivityThread( 1632):        at com.android.internal.os.ZygoteInit$MethodAndArgsCaller.run(ZygoteInit.java:848)
E/ActivityThread( 1632):        at com.android.internal.os.ZygoteInit.main(ZygoteInit.java:575)
E/ActivityThread( 1632):        at dalvik.system.NativeStart.main(Native Method)
E/ActivityThread( 1632): Service com.iflytek.vaf.svc.VAFSvc has leaked ServiceConnection com.iflytek.business.speech.SpeechServiceUtil$2@41496a00 that was originally bound here
