D/StrictMode( 1328):    at java.io.BufferedReader.fillBuf(BufferedReader.java:130)
D/StrictMode( 1328):    at java.io.BufferedReader.readLine(BufferedReader.java:354)
D/StrictMode( 1328):    at com.coship.netfirmware.NetFirmwareService.getUpdateInfo(NetFirmwareService.java:1535)
D/StrictMode( 1328):    at com.coship.netfirmware.NetFirmwareService.downFileFormService(NetFirmwareService.java:1512)
D/StrictMode( 1328):    at com.coship.netfirmware.NetFirmwareService.access$4800(NetFirmwareService.java:69)
D/StrictMode( 1328):    at com.coship.netfirmware.NetFirmwareService$6.run(NetFirmwareService.java:1147)
I/NetFirmwareService( 1328): packageSize--->203150867
I/NetFirmwareService( 1328): MD5--->438176851d193bbcdbe46cf48323e048
V/NetFirmwareService( 1328): MSG_LOAD_DAT_STATUS_mNetUpdate--->true
D/NetFirmwareService( 1328): Network Connection Success!
D/NetFirmwareService( 1328): Upgrade File Load Success!
I//lib/ld-linux.so.3(  743): Read Bandwidthtable.bin
D/NetFirmwareService( 1328): serverURL = www.stp_firmware.coship.com
D/NetFirmwareService( 1328): CheckUpgradeTimer mCheckTime = 5
D/NetFirmwareService( 1328): startTimer
D/NetFirmwareService( 1328): removeTimer
D/MstarPlayer(  739): Get E_EVENT_DECODE_FIRST_FRAME_DONE event.
D/MstarPlayer(  739): E_EVENT_PLAYING_OK
I//lib/ld-linux.so.3(  743): enPQMNRType is 1
I//lib/ld-linux.so.3(  743): enPQFLType is 1
I//lib/ld-linux.so.3(  743):    [Plugins_PatchPQ]Customer Path PQ Add here
I//lib/ld-linux.so.3(  743): [CI][HbbTV-VOD]<INFO>:[1364803531.731271] MM setup display done
I//lib/ld-linux.so.3(  743): Video is in playing state.
D/MstarPlayer(  739): Read DisplayRectangle FIFO x 0, y 0, w 1280, h 720
D/MstarPlayer(  739): setDisplayRectangle  x 0, y 0, w 1280, h 720
D/IMMPlayer(  739): Send MM_SetDisplayRectangle
D/IMMPlayer(  739): u32Item:1
D/IMMPlayer(  739): stRect u16X:0
D/IMMPlayer(  739): stRect u16Y:0
D/IMMPlayer(  739): stRect u16Height:720
D/IMMPlayer(  739): stRect u16Width:1280
I//lib/ld-linux.so.3(  743): Video PAR Width: 640, Height: 480.
I//lib/ld-linux.so.3(  743): Video Aspect Ratio: 4x3.
I//lib/ld-linux.so.3(  743): 1. Display Rect: x: 0, y: 0, width: 1280, height: 720.
I//lib/ld-linux.so.3(  743): 2. Display Rect: x: 160, y: 0, width: 960, height: 720.
I//lib/ld-linux.so.3(  743): CropRect u16X=0, u16Y=0, u16Width=640, u16Height=480
I//lib/ld-linux.so.3(  743): DispRect u16X=160, u16Y=0, u16Width=960, u16Height=720
I//lib/ld-linux.so.3(  743): Crop Win, X: 0, Y: 0, W: 640, H: 480.
I//lib/ld-linux.so.3(  743): Diso Win, X: 160, Y: 0, W: 960, H: 720.
I//lib/ld-linux.so.3(  743): [MApi_Video] CropWin assigned: x,y,w,h=0,0,640,480
I//lib/ld-linux.so.3(  743): [MApi_Video] DstWin assigned: x,y,w,h=160,0,960,720
I//lib/ld-linux.so.3(  743): [MApi_Video] SrcWin1[Win=0]: x,y,w,h=261,43,640,480
I//lib/ld-linux.so.3(  743): [MApi_Video] CropWin1: x,y,w,h=0,0,640,480
I//lib/ld-linux.so.3(  743): [MApi_Video] DispWin1: x,y,w,h=160,0,960,720
I//lib/ld-linux.so.3(  743): === open 3D OverScan ===
I//lib/ld-linux.so.3(  743): [MApi_Video] SrcWin2: x,y,w,h=261,43,640,480
I//lib/ld-linux.so.3(  743): [MApi_Video] CropWin2: x,y,w,h=0,0,640,480
I//lib/ld-linux.so.3(  743): [MApi_Video] DispWin2: x,y,w,h=160,0,960,720
I//lib/ld-linux.so.3(  743): [MApi_Video] SrcWin3: x,y,w,h=261,43,640,480
I//lib/ld-linux.so.3(  743): [MApi_Video] CropWin3: x,y,w,h=0,0,640,480
I//lib/ld-linux.so.3(  743): [MApi_Video] DispWin3: x,y,w,h=160,0,960,720
I//lib/ld-linux.so.3(  743): [MApi_Video] SrcWin5[Win=0]: x,y,w,h=261,43,640,480
I//lib/ld-linux.so.3(  743): [MApi_Video] CropWin5: x,y,w,h=0,0,640,480
I//lib/ld-linux.so.3(  743): [MApi_Video] DispWin5: x,y,w,h=160,0,960,720
I//lib/ld-linux.so.3(  743): [MApi_Video] DLC cap Hstart=a1, Hend=461, Vstart=5a, Vend=276
D/IMMPlayer(  739): Get ret:0
I//lib/ld-linux.so.3(  743): STC Updated by Video: (12128039->19512068)
I//lib/ld-linux.so.3(  743): Audio Sync STC mode.(TS) 
I//lib/ld-linux.so.3(  743): FrmCnt:7(0,0,0) Rate:411815 Sys:4337345 STC:19512229 VPTS:19512068 APTS:19512224 Delay:-120(41) V:0 A:13 VES:0x4e6e0 AES:0x0 PCM:0x4300 AudioErr:0x0
I//lib/ld-linux.so.3(  743): 1st Decode & Display Ready!!
I//lib/ld-linux.so.3(  743): Display Msg: 33.
I//lib/ld-linux.so.3(  743): Screen Setting: 1.
I//lib/ld-linux.so.3(  743): 2. Set Black Screen OFF.
I//lib/ld-linux.so.3(  743): Clr Sync STC
I//lib/ld-linux.so.3(  743): [CI][HbbTV-VOD]<INFO>:[1364803532.949835] MM play done
E/ServerHandler( 1593): receiveRequest
V/OtORequest( 1593): parseCommand
V/OtORequest( 1593): get command=103
V/OtORequest( 1593): parse OtORequest: cmd=103 paramLength=0 bufferlen=8
D/OtOService( 1593): client request get status.playType:3
D/OtOService( 1593): callback N: 1
D/OtOService( 1593): send callback: 101
D/dvb_ServiceAdapter( 4209): dvb_ResultCallBack: what:101   arg1:0
D/OtOService( 1593): VOB　sync :com.aidufei.otoService.PlayEvent@41cfa710
E/ServerAdapter( 1593): ServerAdapter:0
E/ServerHandler( 1593): Send:com.aidufei.protocol.oto.OtOStatusRequest@4219caa0
D/ServerHandler( 1593): ServerHandler send request:103:{"ResourceInfo":{"ProductCode":"","PlayType":2,"ResourceCode":"","ResourceName":" "},"Status":{"ReturnCode":100,"Description":"ok"},"PlayStatus":0,"Volume":0}
V/ServerHandler( 1593): ServerHandler send DatagramPacket:/192.168.1.103-[B@42cc0fa0
D/OtOService( 1593): send callback obj: com.aidufei.otoService.IServiceCallBack$Stub$Proxy@42aafc10
E/ServerAdapter( 1593): ServerAdapter:0
E/ServerHandler( 1593): Send:com.aidufei.protocol.oto.OtOStatusRequest@41af7c10
D/ServerHandler( 1593): ServerHandler send request:103:{"Status":{"ReturnCode":99,"Description":"status sync processing"},"PlayStatus":0,"Volume":0}
V/ServerHandler( 1593): ServerHandler send DatagramPacket:/192.168.1.103-[B@42865468
D/DataSource_M3U8(  739): 
D/DataSource_M3U8(  739):  Warnig::  getValidBufferLength()  <  Codec require !!!
D/dhcpcd  ( 1373): sending DHCP_DISCOVER with xid 0xee576dd4, next in 63.30 seconds
I//lib/ld-linux.so.3(  743): FrmCnt:47(0,2,3) Rate:25 Sys:4338886 STC:19513770 VPTS:19513708 APTS:19513790 Delay:-21(41) V:0 A:25 VES:0x135b60 AES:0x8020 PCM:0x4be00 AudioErr:0x0
E/ServerHandler( 1593): receiveRequest
V/OtORequest( 1593): parseCommand
V/OtORequest( 1593): get command=103
V/OtORequest( 1593): parse OtORequest: cmd=103 paramLength=0 bufferlen=8
D/OtOService( 1593): client request get status.playType:3
D/OtOService( 1593): callback N: 1
D/OtOService( 1593): send callback: 101
D/dvb_ServiceAdapter( 4209): dvb_ResultCallBack: what:101   arg1:0
D/OtOService( 1593): VOB　sync :com.aidufei.otoService.PlayEvent@41bce508
E/ServerAdapter( 1593): ServerAdapter:0
E/ServerHandler( 1593): Send:com.aidufei.protocol.oto.OtOStatusRequest@41bce828
D/ServerHandler( 1593): ServerHandler send request:103:{"ResourceInfo":{"ProductCode":"","PlayType":2,"ResourceCode":"","ResourceName":" "},"Status":{"ReturnCode":100,"Description":"ok"},"PlayStatus":0,"Volume":0}
V/ServerHandler( 1593): ServerHandler send DatagramPacket:/192.168.1.103-[B@41745340
D/OtOService( 1593): send callback obj: com.aidufei.otoService.IServiceCallBack$Stub$Proxy@42aafc10
E/ServerAdapter( 1593): ServerAdapter:0
E/ServerHandler( 1593): Send:com.aidufei.protocol.oto.OtOStatusRequest@41b78a10
D/ServerHandler( 1593): ServerHandler send request:103:{"Status":{"ReturnCode":99,"Description":"status sync processing"},"PlayStatus":0,"Volume":0}
V/ServerHandler( 1593): ServerHandler send DatagramPacket:/192.168.1.103-[B@415ca7c8
D/MonitorCw880( 3036): currentRemoteHost is null ,continue
I//lib/ld-linux.so.3(  743): FrmCnt:85(0,2,4) Rate:24 Sys:4340415 STC:19515299 VPTS:19515268 APTS:19515313 Delay:10(41) V:0 A:20 VES:0x10f720 AES:0x8020 PCM:0x4b580 AudioErr:0x0
D/NetFirmwareService( 1328): MSG_CREATE_CHECK_THREAD
D/dalvikvm( 1328): GC_CONCURRENT freed 503K, 82% free 1680K/9027K, paused 1ms+2ms
D/NetFirmwareService( 1328): MSG_CHECK_UPGRADE
D/NetFirmwareService( 1328): Download URL = http://update.feifeikan.com/Fbox/002101/versioncode.dat
D/NetFirmwareService( 1328): Save file in path = /data/data/com.coship.netfirmware/versionCode.dat
D/NetFirmwareService( 1328): Set download thread number = 2
D/dalvikvm( 1328): GC_CONCURRENT freed 342K, 81% free 1763K/9027K, paused 2ms+3ms
D/DownloadTask( 1328): server accept range
D/dalvikvm( 1328): GC_FOR_ALLOC freed 137K, 81% free 1721K/9027K, paused 16ms
I/dalvikvm-heap( 1328): Grow heap (frag case) to 5.781MB for 524304-byte allocation
D/dalvikvm( 1328): GC_FOR_ALLOC freed <1K, 76% free 2233K/9027K, paused 15ms
D/dalvikvm( 1328): GC_CONCURRENT freed 26K, 76% free 2207K/9027K, paused 2ms+1ms
D/NetFirmwareService( 1328): DownloadConstants.TASK_STATUS_RUNNING
D/NetFirmwareService( 1328): ret--->true
D/dalvikvm( 1328): GC_CONCURRENT freed 2K, 70% free 2746K/9027K, paused 2ms+2ms
D/NetFirmwareService( 1328): MSG_VER_CODE_STATUS_CHANGE
D/NetFirmwareService( 1328): MSG_VER_CODE_STATUS_CHANGE
D/DownloadXpress( 1328): filePart0 final status: 491
D/DownloadXpress( 1328): filePart1 final status: 491
E/ServerHandler( 1593): receiveRequest
V/OtORequest( 1593): parseCommand
V/OtORequest( 1593): get command=103
V/OtORequest( 1593): parse OtORequest: cmd=103 paramLength=0 bufferlen=8
D/OtOService( 1593): client request get status.playType:3
D/OtOService( 1593): callback N: 1
D/OtOService( 1593): send callback: 101
D/dvb_ServiceAdapter( 4209): dvb_ResultCallBack: what:101   arg1:0
D/OtOService( 1593): VOB　sync :com.aidufei.otoService.PlayEvent@41afe520
E/ServerAdapter( 1593): ServerAdapter:0
E/ServerHandler( 1593): Send:com.aidufei.protocol.oto.OtOStatusRequest@41bc31f0
D/ServerHandler( 1593): ServerHandler send request:103:{"ResourceInfo":{"ProductCode":"","PlayType":2,"ResourceCode":"","ResourceName":" "},"Status":{"ReturnCode":100,"Description":"ok"},"PlayStatus":0,"Volume":0}
V/ServerHandler( 1593): ServerHandler send DatagramPacket:/192.168.1.103-[B@41bc9ff8
D/OtOService( 1593): send callback obj: com.aidufei.otoService.IServiceCallBack$Stub$Proxy@42aafc10
E/ServerAdapter( 1593): ServerAdapter:0
E/ServerHandler( 1593): Send:com.aid^C
