D/StrictMode( 1328):    at libcore.net.http.HttpURLConnectionImpl.getResponse(HttpURLConnectionImpl.java:273)
D/StrictMode( 1328):    at libcore.net.http.HttpURLConnectionImpl.getInputStream(HttpURLConnectionImpl.java:168)
D/StrictMode( 1328):    at com.coship.netfirmware.downloads.HttpDownLoad.getInputStream(HttpDownLoad.java:66)
D/StrictMode( 1328):    at com.coship.netfirmware.downloads.HttpDownLoad.downfile(HttpDownLoad.java:43)
D/StrictMode( 1328):    at com.coship.netfirmware.NetFirmwareService.downFileFormService(NetFirmwareService.java:1511)
D/StrictMode( 1328):    at com.coship.netfirmware.NetFirmwareService.access$4800(NetFirmwareService.java:69)
D/StrictMode( 1328):    at com.coship.netfirmware.NetFirmwareService$6.run(NetFirmwareService.java:1147)
D/StrictMode( 1328): StrictMode policy violation: android.os.StrictMode$StrictModeNetworkViolation: policy=23 violation=4
D/StrictMode( 1328):    at android.os.StrictMode$AndroidBlockGuardPolicy.onNetwork(StrictMode.java:1105)
D/StrictMode( 1328):    at libcore.io.BlockGuardOs.recvfrom(BlockGuardOs.java:163)
D/StrictMode( 1328):    at libcore.io.IoBridge.recvfrom(IoBridge.java:503)
D/StrictMode( 1328):    at java.net.PlainSocketImpl.read(PlainSocketImpl.java:488)
D/StrictMode( 1328):    at java.net.PlainSocketImpl.access$000(PlainSocketImpl.java:46)
D/StrictMode( 1328):    at java.net.PlainSocketImpl$PlainSocketInputStream.read(PlainSocketImpl.java:240)
D/StrictMode( 1328):    at java.io.BufferedInputStream.fillbuf(BufferedInputStream.java:168)
D/StrictMode( 1328):    at java.io.BufferedInputStream.read(BufferedInputStream.java:227)
D/StrictMode( 1328):    at libcore.io.Streams.readAsciiLine(Streams.java:201)
D/StrictMode( 1328):    at libcore.net.http.HttpEngine.readResponseHeaders(HttpEngine.java:544)
D/StrictMode( 1328):    at libcore.net.http.HttpEngine.readResponse(HttpEngine.java:784)
D/StrictMode( 1328):    at libcore.net.http.HttpURLConnectionImpl.getResponse(HttpURLConnectionImpl.java:274)
D/StrictMode( 1328):    at libcore.net.http.HttpURLConnectionImpl.getInputStream(HttpURLConnectionImpl.java:168)
D/StrictMode( 1328):    at com.coship.netfirmware.downloads.HttpDownLoad.getInputStream(HttpDownLoad.java:66)
D/StrictMode( 1328):    at com.coship.netfirmware.downloads.HttpDownLoad.downfile(HttpDownLoad.java:43)
D/StrictMode( 1328):    at com.coship.netfirmware.NetFirmwareService.downFileFormService(NetFirmwareService.java:1511)
D/StrictMode( 1328):    at com.coship.netfirmware.NetFirmwareService.access$4800(NetFirmwareService.java:69)
D/StrictMode( 1328):    at com.coship.netfirmware.NetFirmwareService$6.run(NetFirmwareService.java:1147)
D/StrictMode( 1328): StrictMode policy violation: android.os.StrictMode$StrictModeNetworkViolation: policy=23 violation=4
D/StrictMode( 1328):    at android.os.StrictMode$AndroidBlockGuardPolicy.onNetwork(StrictMode.java:1105)
D/StrictMode( 1328):    at libcore.io.BlockGuardOs.recvfrom(BlockGuardOs.java:163)
D/StrictMode( 1328):    at libcore.io.IoBridge.recvfrom(IoBridge.java:503)
D/StrictMode( 1328):    at java.net.PlainSocketImpl.read(PlainSocketImpl.java:488)
D/StrictMode( 1328):    at java.net.PlainSocketImpl.access$000(PlainSocketImpl.java:46)
D/StrictMode( 1328):    at java.net.PlainSocketImpl$PlainSocketInputStream.read(PlainSocketImpl.java:240)
D/StrictMode( 1328):    at java.io.InputStream.read(InputStream.java:163)
D/StrictMode( 1328):    at java.io.BufferedInputStream.fillbuf(BufferedInputStream.java:142)
D/StrictMode( 1328):    at java.io.BufferedInputStream.read(BufferedInputStream.java:227)
D/StrictMode( 1328):    at libcore.io.Streams.readAsciiLine(Streams.java:201)
D/StrictMode( 1328):    at libcore.net.http.HttpEngine.readHeaders(HttpEngine.java:587)
D/StrictMode( 1328):    at libcore.net.http.HttpEngine.readResponseHeaders(HttpEngine.java:545)
D/StrictMode( 1328):    at libcore.net.http.HttpEngine.readResponse(HttpEngine.java:784)
D/StrictMode( 1328):    at libcore.net.http.HttpURLConnectionImpl.getResponse(HttpURLConnectionImpl.java:274)
D/StrictMode( 1328):    at libcore.net.http.HttpURLConnectionImpl.getInputStream(HttpURLConnectionImpl.java:168)
D/StrictMode( 1328):    at com.coship.netfirmware.downloads.HttpDownLoad.getInputStream(HttpDownLoad.java:66)
D/StrictMode( 1328):    at com.coship.netfirmware.downloads.HttpDownLoad.downfile(HttpDownLoad.java:43)
D/StrictMode( 1328):    at com.coship.netfirmware.NetFirmwareService.downFileFormService(NetFirmwareService.java:1511)
D/StrictMode( 1328):    at com.coship.netfirmware.NetFirmwareService.access$4800(NetFirmwareService.java:69)
D/StrictMode( 1328):    at com.coship.netfirmware.NetFirmwareService$6.run(NetFirmwareService.java:1147)
I/FileUtils( 1328): mkdirPath--->/data/data/com.coship.netfirmware/
I/FileUtils( 1328): createNewFilePath--->/data/data/com.coship.netfirmware/description_211311.dat
I/FileUtils( 1328): file--->description_211311.dat
D/StrictMode( 1328): StrictMode policy violation: android.os.StrictMode$StrictModeDiskReadViolation: policy=23 violation=2
D/StrictMode( 1328):    at android.os.StrictMode$AndroidBlockGuardPolicy.onReadFromDisk(StrictMode.java:1089)
D/StrictMode( 1328):    at libcore.io.BlockGuardOs.open(BlockGuardOs.java:106)
D/StrictMode( 1328):    at libcore.io.IoBridge.open(IoBridge.java:390)
D/StrictMode( 1328):    at java.io.FileOutputStream.<init>(FileOutputStream.java:88)
D/StrictMode( 1328):    at java.io.FileOutputStream.<init>(FileOutputStream.java:73)
D/StrictMode( 1328):    at com.coship.netfirmware.downloads.FileUtils.writeToPathFromInput(FileUtils.java:78)
D/StrictMode( 1328):    at com.coship.netfirmware.downloads.HttpDownLoad.downfile(HttpDownLoad.java:44)
D/StrictMode( 1328):    at com.coship.netfirmware.NetFirmwareService.downFileFormService(NetFirmwareService.java:1511)
D/StrictMode( 1328):    at com.coship.netfirmware.NetFirmwareService.access$4800(NetFirmwareService.java:69)
D/StrictMode( 1328):    at com.coship.netfirmware.NetFirmwareService$6.run(NetFirmwareService.java:1147)
D/StrictMode( 1328): StrictMode policy violation: android.os.StrictMode$StrictModeNetworkViolation: policy=23 violation=4
D/StrictMode( 1328):    at android.os.StrictMode$AndroidBlockGuardPolicy.onNetwork(StrictMode.java:1105)
D/StrictMode( 1328):    at libcore.io.BlockGuardOs.recvfrom(BlockGuardOs.java:163)
D/StrictMode( 1328):    at libcore.io.IoBridge.recvfrom(IoBridge.java:503)
D/StrictMode( 1328):    at java.net.PlainSocketImpl.read(PlainSocketImpl.java:488)
D/StrictMode( 1328):    at java.net.PlainSocketImpl.access$000(PlainSocketImpl.java:46)
D/StrictMode( 1328):    at java.net.PlainSocketImpl$PlainSocketInputStream.read(PlainSocketImpl.java:240)
D/StrictMode( 1328):    at java.io.BufferedInputStream.read(BufferedInputStream.java:304)
D/StrictMode( 1328):    at libcore.net.http.FixedLengthInputStream.read(FixedLengthInputStream.java:45)
D/StrictMode( 1328):    at java.io.InputStream.read(InputStream.java:163)
D/StrictMode( 1328):    at com.coship.netfirmware.downloads.FileUtils.writeToPathFromInput(FileUtils.java:80)
D/StrictMode( 1328):    at com.coship.netfirmware.downloads.HttpDownLoad.downfile(HttpDownLoad.java:44)
D/StrictMode( 1328):    at com.coship.netfirmware.NetFirmwareService.downFileFormService(NetFirmwareService.java:1511)
D/StrictMode( 1328):    at com.coship.netfirmware.NetFirmwareService.access$4800(NetFirmwareService.java:69)
D/StrictMode( 1328):    at com.coship.netfirmware.NetFirmwareService$6.run(NetFirmwareService.java:1147)
D/StrictMode( 1328): StrictMode policy violation: android.os.StrictMode$StrictModeDiskWriteViolation: policy=23 violation=1
D/StrictMode( 1328):    at android.os.StrictMode$AndroidBlockGuardPolicy.onWriteToDisk(StrictMode.java:1063)
D/StrictMode( 1328):    at libcore.io.BlockGuardOs.write(BlockGuardOs.java:190)
D/StrictMode( 1328):    at libcore.io.IoBridge.write(IoBridge.java:447)
D/StrictMode( 1328):    at java.io.FileOutputStream.write(FileOutputStream.java:187)
D/StrictMode( 1328):    at java.io.OutputStream.write(OutputStream.java:82)
D/StrictMode( 1328):    at com.coship.netfirmware.downloads.FileUtils.writeToPathFromInput(FileUtils.java:81)
D/StrictMode( 1328):    at com.coship.netfirmware.downloads.HttpDownLoad.downfile(HttpDownLoad.java:44)
D/StrictMode( 1328):    at com.coship.netfirmware.NetFirmwareService.downFileFormService(NetFirmwareService.java:1511)
D/StrictMode( 1328):    at com.coship.netfirmware.NetFirmwareService.access$4800(NetFirmwareService.java:69)
D/StrictMode( 1328):    at com.coship.netfirmware.NetFirmwareService$6.run(NetFirmwareService.java:1147)
I/HttpDownLoad( 1328): resultFile--->/data/data/com.coship.netfirmware/description_211311.dat
D/StrictMode( 1328): StrictMode policy violation: android.os.StrictMode$StrictModeDiskReadViolation: policy=23 violation=2
D/StrictMode( 1328):    at android.os.StrictMode$AndroidBlockGuardPolicy.onReadFromDisk(StrictMode.java:1089)
D/StrictMode( 1328):    at libcore.io.BlockGuardOs.open(BlockGuardOs.java:106)
D/StrictMode( 1328):    at libcore.io.IoBridge.open(IoBridge.java:390)
D/StrictMode( 1328):    at java.io.FileInputStream.<init>(FileInputStream.java:78)
D/StrictMode( 1328):    at java.io.FileInputStream.<init>(FileInputStream.java:105)
D/StrictMode( 1328):    at com.coship.netfirmware.NetFirmwareService.getUpdateInfo(NetFirmwareService.java:1527)
D/StrictMode( 1328):    at com.coship.netfirmware.NetFirmwareService.downFileFormService(NetFirmwareService.java:1512)
D/StrictMode( 1328):    at com.coship.netfirmware.NetFirmwareService.access$4800(NetFirmwareService.java:69)
D/StrictMode( 1328):    at com.coship.netfirmware.NetFirmwareService$6.run(NetFirmwareService.java:1147)
D/dalvikvm( 1328): GC_CONCURRENT freed 3059K, 83% free 1619K/9027K, paused 1ms+2ms
D/StrictMode( 1328): StrictMode policy violation: android.os.StrictMode$StrictModeDiskReadViolation: policy=23 violation=2
D/StrictMode( 1328):    at android.os.StrictMode$AndroidBlockGuardPolicy.onReadFromDisk(StrictMode.java:1089)
D/StrictMode( 1328):    at libcore.io.BlockGuardOs.read(BlockGuardOs.java:148)
D/StrictMode( 1328):    at libcore.io.IoBridge.read(IoBridge.java:422)
D/StrictMode( 1328):    at java.io.FileInputStream.read(FileInputStream.java:179)
D/StrictMode( 1328):    at java.io.InputStreamReader.read(InputStreamReader.java:244)
D/StrictMode( 1328):    at java.io.BufferedReader.fillBuf(BufferedReader.java:130)
D/StrictMode( 1328):    at java.io.BufferedReader.readLine(BufferedReader.java:354)
D/StrictMode( 1328):    at com.coship.netfirmware.NetFirmwareService.getUpdateInfo(NetFirmwareService.java:1531)
D/StrictMode( 1328):    at com.coship.netfirmware.NetFirmwareService.downFileFormService(NetFirmwareService.java:1512)
D/StrictMode( 1328):    at com.coship.netfirmware.NetFirmwareService.access$4800(NetFirmwareService.java:69)
D/StrictMode( 1328):    at com.coship.netfirmware.NetFirmwareService$6.run(NetFirmwareService.java:1147)
D/StrictMode( 1328): StrictMode policy violation: android.os.StrictMode$StrictModeDiskReadViolation: policy=23 violation=2
D/StrictMode( 1328):    at android.os.StrictMode$AndroidBlockGuardPolicy.onReadFromDisk(StrictMode.java:1089)
D/StrictMode( 1328):    at libcore.io.BlockGuardOs.read(BlockGuardOs.java:148)
D/StrictMode( 1328):    at libcore.io.IoBridge.read(IoBridge.java:422)
D/StrictMode( 1328):    at java.io.FileInputStream.read(FileInputStream.java:179)
D/StrictMode( 1328):    at java.io.InputStreamReader.read(InputStreamReader.java:244)
D/StrictMode( 1328):    at java.io.BufferedReader.fillBuf(BufferedReader.java:130)
D/StrictMode( 1328):    at java.io.BufferedReader.readLine(BufferedReader.java:390)
D/StrictMode( 1328):    at com.coship.netfirmware.NetFirmwareService.getUpdateInfo(NetFirmwareService.java:1551)
D/StrictMode( 1328):    at com.coship.netfirmware.NetFirmwareService.downFileFormService(NetFirmwareService.java:1512)
D/StrictMode( 1328):    at com.coship.netfirmware.NetFirmwareService.access$4800(NetFirmwareService.java:69)
D/StrictMode( 1328):    at com.coship.netfirmware.NetFirmwareService$6.run(NetFirmwareService.java:1147)
D/StrictMode( 1328): StrictMode policy violation: android.os.StrictMode$StrictModeDiskReadViolation: policy=23 violation=2
D/StrictMode( 1328):    at android.os.StrictMode$AndroidBlockGuardPolicy.onReadFromDisk(StrictMode.java:1089)
D/StrictMode( 1328):    at libcore.io.BlockGuardOs.read(BlockGuardOs.java:148)
D/StrictMode( 1328):    at libcore.io.IoBridge.read(IoBridge.java:422)
D/StrictMode( 1328):    at java.io.FileInputStream.read(FileInputStream.java:179)
D/StrictMode( 1328):    at java.io.InputStreamReader.read(InputStreamReader.java:244)
D/StrictMode( 1328):    at java.io.BufferedReader.fillBuf(BufferedReader.java:130)
D/StrictMode( 1328):    at java.io.BufferedReader.readLine(BufferedReader.java:354)
D/StrictMode( 1328):    at com.coship.netfirmware.NetFirmwareService.getUpdateInfo(NetFirmwareService.java:1535)
D/StrictMode( 1328):    at com.coship.netfirmware.NetFirmwareService.downFileFormService(NetFirmwareService.java:1512)
D/StrictMode( 1328):    at com.coship.netfirmware.NetFirmwareService.access$4800(NetFirmwareService.java:69)
D/StrictMode( 1328):    at com.coship.netfirmware.NetFirmwareService$6.run(NetFirmwareService.java:1147)
I/NetFirmwareService( 1328): packageSize--->203150867
I/NetFirmwareService( 1328): MD5--->438176851d193bbcdbe46cf48323e048
V/NetFirmwareService( 1328): MSG_LOAD_DAT_STATUS_mNetUpdate--->true
D/NetFirmwareService( 1328): Network Connection Success!
D/NetFirmwareService( 1328): Upgrade File Load Success!
D/NetFirmwareService( 1328): serverURL = www.stp_firmware.coship.com
D/NetFirmwareService( 1328): CheckUpgradeTimer mCheckTime = 5
D/NetFirmwareService( 1328): startTimer
D/NetFirmwareService( 1328): removeTimer
D/MonitorCw880( 1547): currentRemoteHost is null ,continue
D/CheckNetWork( 1640): isOk true
D/CheckNetWork( 1640): ActInfoNetworkInfo: type: WIFI[], state: CONNECTED/CONNECTED, reason: (unspecified), extra: (none), roaming: false, failover: false, isAvailable: true
D/CheckNetWork( 1640): infoNetworkInfo: type: WIFI[], state: CONNECTED/CONNECTED, reason: (unspecified), extra: (none), roaming: false, failover: false, isAvailable: true
D/dhcpcd  ( 1373): sending DHCP_DISCOVER with xid 0x9593713f, next in 7.98 seconds
D/HomePlayerLib( 1656): hostaddress count is 1
D/dalvikvm( 1656): GC_CONCURRENT freed 2061K, 45% free 7346K/13315K, paused 2ms+3ms
D/dalvikvm( 1656): GC_CONCURRENT freed 2048K, 46% free 7275K/13315K, paused 2ms+3ms
D/NetFirmwareService( 1328): MSG_CREATE_CHECK_THREAD
D/NetFirmwareService( 1328): MSG_CHECK_UPGRADE
D/NetFirmwareService( 1328): Download URL = http://update.feifeikan.com/Fbox/002101/versioncode.dat
D/NetFirmwareService( 1328): Save file in path = /data/data/com.coship.netfirmware/versionCode.dat
D/NetFirmwareService( 1328): Set download thread number = 2
D/dalvikvm( 1328): GC_CONCURRENT freed 390K, 82% free 1627K/9027K, paused 1ms+2ms
D/DownloadTask( 1328): server accept range
D/dalvikvm( 1328): GC_FOR_ALLOC freed 267K, 82% free 1655K/9027K, paused 16ms
I/dalvikvm-heap( 1328): Grow heap (frag case) to 5.716MB for 524304-byte allocation
D/dalvikvm( 1328): GC_FOR_ALLOC freed <1K, 76% free 2167K/9027K, paused 16ms
D/dalvikvm( 1328): GC_CONCURRENT freed 0K, 76% free 2168K/9027K, paused 1ms+2ms
D/NetFirmwareService( 1328): ret--->true
D/NetFirmwareService( 1328): DownloadConstants.TASK_STATUS_RUNNING
D/dalvikvm( 1328): GC_CONCURRENT freed 28K, 71% free 2688K/9027K, paused 1ms+1ms
D/NetFirmwareService( 1328): MSG_VER_CODE_STATUS_CHANGE
D/NetFirmwareService( 1328): MSG_VER_CODE_STATUS_CHANGE
D/DownloadXpress( 1328): filePart1 final status: 491
D/DownloadXpress( 1328): filePart0 final status: 491
W/DownloadTask( 1328): There has a file named /data/data/com.coship.netfirmware/versionCode.dat already
D/NetFirmwareService( 1328): DownloadConstants.TASK_STATUS_COMPLETED
D/NetFirmwareService( 1328): MSG_VER_CODE_STATUS_CHANGE
D/NetFirmwareService( 1328): MSG_CHECK_VERSION_CODE
D/NetFirmwareService( 1328): checkVersionCode
D/NetFirmwareService( 1328): analysisVersionCodeData
I/NetFirmwareService( 1328): mVersionCodeFile--->49
D/NetFirmwareService( 1328): verCode = 211311
D/NetFirmwareService( 1328): Description URL = null
D/NetFirmwareService( 1328): MSG_GET_DESCRIPTION
D/NetFirmwareService( 1328): Download URL = http://update.feifeikan.com/Fbox/002101/description_211311.dat
D/NetFirmwareService( 1328): Save file in path = /data/data/com.coship.netfirmware/description.dat
D/NetFirmwareService( 1328): Set download thread number = 2
D/dalvikvm( 1328): GC_CONCURRENT freed 638K, 71% free 2688K/9027K, paused 1ms+2ms
D/MonitorCw880( 1547): currentRemoteHost is null ,continue
D/DownloadTask( 1328): server accept range
D/dalvikvm( 1328): GC_CONCURRENT freed 1242K, 76% free 2194K/9027K, paused 2ms+2ms
D/dalvikvm( 1328): GC_CONCURRENT freed 28K, 71% free 2681K/9027K, paused 1ms+1ms
D/NetFirmwareService( 1328): MSG_DESCRIPT_STATUS_CHANGE
D/NetFirmwareService( 1328): MSG_DESCRIPT_STATUS_CHANGE
D/DownloadXpress( 1328): filePart1 final status: 491
D/DownloadXpress( 1328): filePart0 final status: 491
W/DownloadTask( 1328): There has a file named /data/data/com.coship.netfirmware/description.dat already
D/NetFirmwareService( 1328): DownloadConstants.TASK_STATUS_COMPLETED
D/NetFirmwareService( 1328): MSG_DESCRIPT_STATUS_CHANGE
D/NetFirmwareService( 1328): MSG_CHECK_DESCRIPTION
D/DescriptionInfo( 1328): version=p7373.i13111_2013-03-18
D/DescriptionInfo( 1328): versionCode=211311
D/DescriptionInfo( 1328): compatibleDevice=002101
D/DescriptionInfo( 1328): sn=
D/DescriptionInfo( 1328): mac=
D/DescriptionInfo( 1328): updateType=notify
D/DescriptionInfo( 1328): speed=0
D/DescriptionInfo( 1328): checkTime=0
D/DescriptionInfo( 1328): packageSize=203150867
D/DescriptionInfo( 1328): md5=438176851d193bbcdbe46cf48323e048
D/DescriptionInfo( 1328): packageUrl=
D/DescriptionInfo( 1328): version code = 211311
D/DescriptionInfo( 1328): machine id = 0
D/DescriptionInfo( 1328): hardware id = 0
D/DescriptionInfo( 1328): update package size = 203150867
D/NetFirmwareService( 1328): The description info is valid
D/NetFirmwareService( 1328): The description version code = 211311
D/NetFirmwareService( 1328): The description machine ID = 0
D/NetFirmwareService( 1328): The description hardware ID = 0
V/NetFirmwareService( 1328): .datNum != PcNum
D/dalvikvm( 1328): GC_CONCURRENT freed 658K, 71% free 2670K/9027K, paused 1ms+1ms
D/dhcpcd  ( 1373): sending DHCP_DISCOVER with xid 0x9593713f, next in 16.27 seconds
D/MonitorCw880( 1547): currentRemoteHost is null ,continue
D/HomePlayerLib( 1656): hostaddress count is 1
D/dalvikvm( 1656): GC_CONCURRENT freed 1987K, 46% free 7240K/13315K, paused 3ms+3ms
D/dalvikvm( 1656): GC_CONCURRENT freed 1957K, 46% free 7215K/13315K, paused 3ms+3ms
D/MonitorCw880( 1547): currentRemoteHost is null ,continue
D/dalvikvm(  948): GC_CONCURRENT freed 804K, 61% free 4378K/10947K, paused 2ms+5ms
D/MonitorCw880( 1547): currentRemoteHost is null ,continue
V/OtORequest( 1593): parseCommand
V/OtORequest( 1593): get command=100
V/OtORequest( 1593): parse OtORequest: cmd=100 paramLength=104 bufferlen=108
V/OtORequest( 1593): parse param: param={"UUID":"f8a44b85-34d5-43e6-8e88-7a9189cb8773","TerminalType":5,"UserName":"lylyly","UserCode":"lylye":"lyly
W/System.err( 1593): org.json.JSONException: Unterminated object at character 103 of {"UUID":"f8a44b85-34d5-43e6-8e88-7a9189cb8773","TerminalType":5,"UserName":"lylyly","UserCode":"lylye":"lyly
W/System.err( 1593):    at org.json.JSONTokener.syntaxError(JSONTokener.java:450)
W/System.err( 1593):    at org.json.JSONTokener.readObject(JSONTokener.java:394)
W/System.err( 1593):    at org.json.JSONTokener.nextValue(JSONTokener.java:100)
W/System.err( 1593):    at com.aidufei.protocol.oto.OtOAnnounceRequest.getParam(OtOAnnounceRequest.java:67)
W/System.err( 1593):    at com.aidufei.protocol.oto.OtORequest.fromBytes(OtORequest.java:86)
W/System.err( 1593):    at com.aidufei.protocol.oto.OtORequest.parseCommand(OtORequest.java:136)
W/System.err( 1593):    at com.aidufei.otoService.DeviceAnnounce.handleAnnounce(DeviceAnnounce.java:126)
W/System.err( 1593):    at com.aidufei.otoService.DeviceAnnounce.handleRemote(DeviceAnnounce.java:183)
W/System.err( 1593):    at com.aidufei.otoService.DeviceAnnounce.run(DeviceAnnounce.java:194)
W/System.err( 1593):    at java.lang.Thread.run(Thread.java:856)
E/DeviceAnnounce( 1593):  send announce to 192.168.1.103:9011
E/DeviceAnnounce( 1593): Receive Announce ip:192.168.1.103,port:9011
D/HomePlayerLib( 1656): hostaddress count is 1
D/dalvikvm( 1656): GC_CONCURRENT freed 1913K, 46% free 7238K/13315K, paused 2ms+3ms
D/dalvikvm( 1656): GC_CONCURRENT freed 1952K, 46% free 7270K/13315K, paused 2ms+3ms
D/dhcpcd  ( 1373): sending DHCP_DISCOVER with xid 0x9593713f, next in 32.51 seconds
D/MonitorCw880( 1547): currentRemoteHost is null ,continue
E/ServerHandler( 1593): receiveRequest
V/OtORequest( 1593): parseCommand
V/OtORequest( 1593): get command=101
V/OtORequest( 1593): parse OtORequest: cmd=101 paramLength=126 bufferlen=134
V/OtORequest( 1593): parse param: param={"ResourceInfo":{"ProductCode":"","PlayType":2,"ResourceCode":"10032","ResourceName":"剧场"},"UserCode":"lylyly","SubID":""}bID":""}
E/ServerAdapter( 1593): onPlay ---------
E/ServerAdapter( 1593): onPlay =========
E/OtOService( 1593): client request play. info=com.aidufei.protocol.oto.ResourceInfo@41b089a0
D/OtOService( 1593): PLAY_VOB
V/OtOService( 1593): client request play. info.code()=10032
I/ActivityManager(  948): START {flg=0x58000000 cmp=com.coship.dvbplayer/.main (has extras)} from pid 1593
D/dalvikvm(  948): GC_FOR_ALLOC freed 183K, 61% free 4336K/10947K, paused 39ms
I/dalvikvm-heap(  948): Grow heap (frag case) to 8.834MB for 1048592-byte allocation
D/dalvikvm(  948): GC_FOR_ALLOC freed 2K, 52% free 5357K/10947K, paused 38ms
D/dalvikvm(  948): GC_CONCURRENT freed <1K, 51% free 5422K/10947K, paused 2ms+4ms
E/ServerAdapter( 1593): play
E/ServerHandler( 1593): Send:com.aidufei.protocol.oto.OtOPlayRequest@417379d8
V/OtOPlayRequest( 1593): Play Request: {"ResourceInfo":{"ProductCode":"","PlayType":2,"ResourceCode":"10032","ResourceName":"剧场"},"Status":{"ReturnCode":100,"Description":"start to play"}}
D/ServerHandler( 1593): ServerHandler send request:101:{"ResourceInfo":{"ProductCode":"","PlayType":2,"ResourceCode":"10032","ResourceName":"剧场"},"Status":{"ReturnCode":100,"Description":"start to play"}}
V/OtOPlayRequest( 1593): Play Request: {"ResourceInfo":{"ProductCode":"","PlayType":2,"ResourceCode":"10032","ResourceName":"剧场"},"Status":{"ReturnCode":100,"Description":"start to play"}}
V/ServerHandler( 1593): ServerHandler send DatagramPacket:/192.168.1.103-[B@41b7d5d0
I/DVB_main( 2129): [onCreate] begin
D/OpenGLRenderer( 1593): Flushing caches (mode 1)
D/dvb_ServiceAdapter( 2129): start bind service.
I/dvb_OTTPlayer( 2129): [getInstance] begin..............
I/dvb_OTTPlayer( 2129): [init]  init begin .........
D/OpenGLRenderer( 1593): Flushing caches (mode 0)
I/dvb_Dvblist( 2129): [setVisibility]  dvblist_view show:false
I/dvb_Dvblist( 2129): [setVisibility]  dvblist_view show:true
I/dvb_OTTService( 2129): [getservicelist] begin: servicetype:HDTV
E/dvb_OTTService( 2129): [getlist] load service buffer,num:1  name:CCTV-1(高清)
E/dvb_OTTService( 2129): [getlist] load service buffer,num:2  name:CCTV-高清综合
E/dvb_OTTService( 2129): [getlist] load service buffer,num:3  name:北京卫视(高清)
E/dvb_OTTService( 2129): [getlist] load service buffer,num:4  name:湖南卫视(高清)
E/dvb_OTTService( 2129): [getlist] load service buffer,num:5  name:浙江卫视(高清)
E/dvb_OTTService( 2129): [getlist] load service buffer,num:6  name:江苏卫视(高清)
E/dvb_OTTService( 2129): [getlist] load service buffer,num:7  name:深圳卫视(高清)
E/dvb_OTTService( 2129): [getlist] load service buffer,num:8  name:广东卫视(高清)
E/dvb_OTTService( 2129): [getlist] load service buffer,num:9  name:东方卫视(高清)
I/dvb_OTTService( 2129): [play] begin
I/dvb_OTTPlayer( 2129): [isPlaying ] :false
I/dvb_OTTPlayer( 2129): [play] mediaplayer is null creat it .....
I/dvb_OTTPlayer( 2129): [initMediaplayer] new MediaPlayer END....  mediaplayer:android.media.MediaPlayer@4186b370
D/dvb_OTTPlayer( 2129): Send broadcast: channelCode 10046 type 2
I/dvb_OTTPlayer( 2129): [play] code :10046 name:
I/dvb_LoadTips( 2129): [gethandler] objInstance:com.coship.dvbplayer.LoadTips@4163c638
I/dvb_LoadTips( 2129): [gethandler] objInstance  mHandler:Handler (com.coship.dvbplayer.LoadTips$1) {42a57838}
D/OtOService( 1593): TVContentReceiver: ACTION_TV_CONTENT_CHANGED, playType: 2 ,resourceCode: 10046
I/dvb_LoadTips( 2129): [gethandler] objInstance:com.coship.dvbplayer.LoadTips@4163c638
I/dvb_LoadTips( 2129): [gethandler] objInstance  mHandler:Handler (com.coship.dvbplayer.LoadTips$1) {42a57838}
D/ServerAdapter( 1593): Server addr: http://wasu.feifeikan.com:8080/
I/TAG     ( 2129): ------init---------1
I/TAG     ( 2129): ------init---------2
I/TAG     ( 2129): ------init---------3
I/TAG     ( 2129): ------init---------4
I/TAG     ( 2129): ------init---------5
I/TAG     ( 2129): ------init---------6
I/TAG     ( 2129): ------init---------7
I/TAG     ( 2129): ------init---------8
I/TAG     ( 2129): ------init---------9
E/ServerHandler( 1593): Send:com.aidufei.protocol.oto.OtOContentRequest@415521a0
D/ServerHandler( 1593): ServerHandler send request:200:{"ResourceInfo":{"ProductCode":"","PlayType":2,"ResourceCode":"10046","ResourceName":""},"Status":{"ReturnCode":100,"Description":"TVContentChanged"},"ServerAddr":"http:\/\/wasu.feifeikan.com:8080\/","Volume":-1}
I/dvb_OTTPlayer( 2129): [GetPlayURLThread] begin code:10046
V/ServerHandler( 1593): ServerHandler send DatagramPacket:/192.168.1.103-[B@41bc4fc0
I/message ( 2129): requestUrl  :http://wasu.feifeikan.com:8080/msis/getPlayURL?version=V001&terminalType=2&resolution=1280*720&resourceCode=10046&productCode=&userCode=&playType=2&delay=0&shifttime=0&shiftend=0&timecode=0&authKey=2d039133e13b4a2f2f0cf1041ecb9b29
D/dalvikvm( 2129): GC_FOR_ALLOC freed 2166K, 20% free 26429K/32963K, paused 36ms
I/DVB_main( 2129): [checkbundle] channelResourceCode:10032 playType:2
I/DVB_main( 2129): [checkbundle]:   get channelResourceCode:10032++++++++++playType+++++++++++2
I/DVB_main( 2129): [handleIntent] get intent ,playType:2
I/dvb_OTTPlayer( 2129): [getInstance] begin..............
D/dvb_OTTPlayer( 2129): Send broadcast: channelCode 10032 type 2
I/dvb_OTTPlayer( 2129): [play] code :10032 name:
I/dvb_LoadTips( 2129): [gethandler] objInstance:com.coship.dvbplayer.LoadTips@4163c638
I/dvb_LoadTips( 2129): [gethandler] objInstance  mHandler:Handler (com.coship.dvbplayer.LoadTips$1) {42a57838}
I/dvb_LoadTips( 2129): [gethandler] objInstance:com.coship.dvbplayer.LoadTips@4163c638
I/dvb_LoadTips( 2129): [gethandler] objInstance  mHandler:Handler (com.coship.dvbplayer.LoadTips$1) {42a57838}
I/DVB_main( 2129): onStart
I/DVB_main( 2129): onResume
D/OtOService( 1593): TVContentReceiver: ACTION_TV_CONTENT_CHANGED, playType: 2 ,resourceCode: 10032
D/ServerAdapter( 1593): Server addr: http://wasu.feifeikan.com:8080/
E/ServerHandler( 1593): Send:com.aidufei.protocol.oto.OtOContentRequest@4151a500
D/ServerHandler( 1593): ServerHandler send request:200:{"ResourceInfo":{"ProductCode":"","PlayType":2,"ResourceCode":"10032","ResourceName":""},"Status":{"ReturnCode":100,"Description":"TVContentChanged"},"ServerAddr":"http:\/\/wasu.feifeikan.com:8080\/","Volume":-1}
V/ServerHandler( 1593): ServerHandler send DatagramPacket:/192.168.1.103-[B@416db658
I/dvb_OTTPlayer( 2129): [getInstance] begin..............
D/dvb_ServiceAdapter( 2129): serviceConnection:com.aidufei.otoService.IotoService$Stub$Proxy@4159ebb0
V/OtOService( 1593): registerCallback:com.aidufei.otoService.IServiceCallBack$Stub$Proxy@4158cf98
I/dvb_LoadTips( 2129): [mHandler] ~~~~~~~~~~~~~~~~~~~~~~~~~mHandler:Handler (com.coship.dvbplayer.LoadTips$1) {42a57838} msg.what:3 msg.obj:
I/dvb_LoadTips( 2129): [mHandler] ~~~~~~~~~~~~~~~~~~~~~~~~~mHandler:Handler (com.coship.dvbplayer.LoadTips$1) {42a57838} msg.what:3 msg.obj:
V/TabletStatusBar( 1160): setLightsOn(true)
E/dvb_OTTPlayer( 2129): [surfaceCreated]  holder:android.view.SurfaceView$4@4154d468
E/dvb_OTTPlayer( 2129): [surfaceChanged]  mediaplayer:android.media.MediaPlayer@4186b370
E/dvb_OTTPlayer( 2129): [surfaceChanged]  holder:android.view.SurfaceView$4@4154d468  format:4  width:1280 height:720
E/dvb_OTTPlayer( 2129): [surfaceChanged]  mediaplayer:android.media.MediaPlayer@4186b370
I/message ( 2129): message  :{"ret":"0","palyURL":"http://live.feifeikan.com/live/coship,BJWSHD.m3u8?fmt=x264_0k_mpegts&sora=1&sk=23B2B3E9C12FABF3FECC34C64A6447CE&UUID=2191070b-ef79-49d1-980e-753243b8f6be&userCode=default&userName=default&spCode=484581254562&productCode=2&resourceCode=10046&subId=123&resourceName=&authType=2","retInfo":""}
I/System.out( 2129): message--->{"ret":"0","palyURL":"http://live.feifeikan.com/live/coship,BJWSHD.m3u8?fmt=x264_0k_mpegts&sora=1&sk=23B2B3E9C12FABF3FECC34C64A6447CE&UUID=2191070b-ef79-49d1-980e-753243b8f6be&userCode=default&userName=default&spCode=484581254562&productCode=2&resourceCode=10046&subId=123&resourceName=&authType=2","retInfo":""}
E/dvb_OTTPlayer( 2129): [GetPlayURLThread]  url:http://live.feifeikan.com/live/coship,BJWSHD.m3u8?fmt=x264_0k_mpegts&sora=1&sk=23B2B3E9C12FABF3FECC34C64A6447CE&UUID=2191070b-ef79-49d1-980e-753243b8f6be&userCode=default&userName=default&spCode=484581254562&productCode=2&resourceCode=10046&subId=123&resourceName=&authType=2
I/dvb_OTTPlayer( 2129): [play] String path:http://live.feifeikan.com/live/coship,BJWSHD.m3u8?fmt=x264_0k_mpegts&sora=1&sk=23B2B3E9C12FABF3FECC34C64A6447CE&UUID=2191070b-ef79-49d1-980e-753243b8f6be&userCode=default&userName=default&spCode=484581254562&productCode=2&resourceCode=10046&subId=123&resourceName=&authType=2
D/MediaPlayerService(  739):  Create MstarPlayer
D/MstarPlayer(  739): Create MstarPlayer:0x3d9a8,Version:Release Mstar player lib Version:0015,Base CL:690305  Date:2012/11/06
D/MstarPlayer(  739): TV Local Time :  Mon Apr  1 15:08:26 2013
D/MstarPlayer([  911.770849] [irq_proc_open][373] -16
  739):  
D/MstarPlayer(  739): setInstance: 0x3d9a8
D/MstarPlayer(  739): mstar player set listener
D/MstarPlayer(  739): MstarPlayer::initCheck
D/MediaPlayerService(  739): [9] setVideoSurfaceTexture(0x656868)
D/MstarPlayer(  739): MstarPlayer::setVideoSurfaceTexture 
D/MstarPlayer(  739): open mHwcFifoFD = 29
D/MediaPlayerService(  739): [9] setVideoSurfaceTexture(0x647578)
D/MstarPlayer(  739): MstarPlayer::prepareAsync
D/MstarPlayer(  739): 
D/MstarPlayer(  739):  MstarPlayer::doSetDataSource
D/MstarPlayer(  739): MstarPlayer::clearAllSource
D/MstarPlayer(  739): 
D/MstarPlayer(  739):  MstarPlayer::doSetDataSource: url=http://live.feifeikan.com/live/coship,BJWSHD.m3u8?fmt=x264_0k_mpegts&sora=1&sk=23B2B3E9C12FABF3FECC34C64A6447CE&UUID=2191070b-ef79-49d1-980e-753243b8f6be&userCode=default&userName=default&spCode=484581254562&productCode=2&resourceCode=10046&subId=123&resourceName=&authType=2
D/Downloader(  739): Release Mstar Content Source CL:493363  Date:2013/03/20
D/Downloader(  739): Curl Version:libcurl/7.21.7 OpenSSL/1.0.0e
D/Downloader(  739): [downloadThread]init a multi curl done.curlm:0x507d8 pRingBuffer:0x51a98
D/DataSource_M3U8(  739): [M3U8]ContentSource_M3U8 contruct done
D/DataSource_M3U8(  739): [M3U8] try parseURLs=http://live.feifeikan.com/live/coship,BJWSHD.m3u8?fmt=x264_0k_mpegts&sora=1&sk=23B2B3E9C12FABF3FECC34C64A6447CE&UUID=2191070b-ef79-49d1-980e-753243b8f6be&userCode=default&userName=default&spCode=484581254562&productCode=2&resourceCode=10046&subId=123&resourceName=&authType=2
D/DataSource_M3U8(  739): bg thread ready to run
D/DataSource_M3U8(  739): bg thread 225104
D/DataSource_M3U8(  739): bg thread ready to run
D/Downloader(  739): [downloadThread]Downloader::removeTask  
I/Process (  948): Sending signal. PID: 2129 SIG: 3
I/dalvikvm( 2129): threadid=3: reacting to signal 3
I/dalvikvm( 2129): Wrote stack traces to '/data/anr/traces.txt'
I/ActivityManager(  948): Displayed com.coship.dvbplayer/.main: +541ms
I/dvb_OTTPlayer( 2129): [GetPlayURLThread] begin code:10032
I/message ( 2129): requestUrl  :http://wasu.feifeikan.com:8080/msis/getPlayURL?version=V001&terminalType=2&resolution=1280*720&resourceCode=10032&productCode=&userCode=&playType=2&delay=0&shifttime=0&shiftend=0&timecode=0&authKey=ac900a6241407931fcf0efafef9a267a
W/InputManagerService(  948): Starting input on non-focused client com.android.internal.view.IInputMethodClient$Stub$Proxy@4163f728 (uid=1000 pid=1593)
D/Downloader(  739): Content-Length: 295
D/Downloader(  739): 
D/Downloader(  739): Content-Type: text/plain; charset=UTF-8
D/Downloader(  739): 
D/Downloader(  739): Downloadserver bandWidth:10442
D/Downloader(  739): Downloadserver bandWidth:10442
D/Downloader(  739): Downloadserver bandWidth:10442
D/Downloader(  739): Downloadserver bandWidth:10442
D/DataSource_M3U8(  739): parseURLs : waiting 210 ms 
D/DataSource_M3U8(  739):  mDownloadingTask.fileSize:295 
D/DataSource_M3U8(  739): [M3U8] file: NULL line 
D/DataSource_M3U8(  739): HLS=====>> Live Stream!!!!
D/DataSource_M3U8(  739):  bMultAlterBandwidthStream = 1  urlNum=1 
D/Downloader(  739): [downloadThread]background worker recv DOWNLOADER_COMMAND_REMOVE_TASK
D/Downloader(  739): [downloadThread]Downloader::removeTask  
D/Downloader(  739): [downloadThread]DOWNLOADER_COMMAND_REMOVE_TASK done
I/message ( 2129): message  :{"ret":"0","palyURL":"http://live.feifeikan.com/live/coship,CCTV1HD.m3u8?fmt=x264_0k_mpegts&sora=1&sk=108A03EA6E9FB62C170EF450480F6BB7&UUID=c3ba28bc-8281-4bf6-9ff6-e1ad1e99946a&userCode=default&userName=default&spCode=484581254562&productCode=2&resourceCode=10032&subId=123&resourceName=&authType=2","retInfo":""}
I/System.out( 2129): message--->{"ret":"0","palyURL":"http://live.feifeikan.com/live/coship,CCTV1HD.m3u8?fmt=x264_0k_mpegts&sora=1&sk=108A03EA6E9FB62C170EF450480F6BB7&UUID=c3ba28bc-8281-4bf6-9ff6-e1ad1e99946a&userCode=default&userName=default&spCode=484581254562&productCode=2&resourceCode=10032&subId=123&resourceName=&authType=2","retInfo":""}
E/dvb_OTTPlayer( 2129): [GetPlayURLThread]  url:http://live.feifeikan.com/live/coship,CCTV1HD.m3u8?fmt=x264_0k_mpegts&sora=1&sk=108A03EA6E9FB62C170EF450480F6BB7&UUID=c3ba28bc-8281-4bf6-9ff6-e1ad1e99946a&userCode=default&userName=default&spCode=484581254562&productCode=2&resourceCode=10032&subId=123&resourceName=&authType=2
I/dvb_OTTPlayer( 2129): [play] String path:http://live.feifeikan.com/live/coship,CCTV1HD.m3u8?fmt=x264_0k_mpegts&sora=1&sk=108A03EA6E9FB62C170EF450480F6BB7&UUID=c3ba28bc-8281-4bf6-9ff6-e1ad1e99946a&userCode=default&userName=default&spCode=484581254562&productCode=2&resourceCode=10032&subId=123&resourceName=&authType=2
D/MstarPlayer(  739): ==========MstarPlayer::reset : 0x3d9a8==========
D/DataSource_M3U8(  739): [M3U8] try parseURLs=http://live.feifeikan.com/live/hls/908.m3u8?fmt=x264_0k_mpegts&sora=1&sk=23B2B3E9C12FABF3FECC34C64A6447CE&UUID=2191070b-ef79-49d1-980e-753243b8f6be&userCode=default&userName=default&spCode=484581254562&productCode=2&resourceCode=10046&subId=123&resourceName=&authType=2
D/DataSource_M3U8(  739): bSupportAutoChangeServer = 1 
D/DataSource_M3U8(  739): u32HLSSreamNum[0]===>u32BandWidth:800000 
D/DataSource_M3U8(  739): getHLSPlayListInex  DownloadBandWidth:0   uInDex=0
D/Downloader(  739): [downloadThread]Downloader::removeTask  
D/Downloader(  739): [downloadThread]background worker recv DOWNLOADER_COMMAND_REMOVE_TASK
D/Downloader(  739): [downloadThread]Downloader::removeTask  
D/Downloader(  739): [downloadThread]DOWNLOADER_COMMAND_REMOVE_TASK done
D/DataSource_M3U8(  739): 
D/DataSource_M3U8(  739):  parseM3u8SubStreamType :  E_CONTENT_VIDEO_TS
D/DataSource_M3U8(  739): [M3U8]----->post cmd for start first url:http://live.feifeikan.com/live/hls/908.m3u8?fmt=x264_0k_mpegts&sora=1&sk=23B2B3E9C12FABF3FECC34C64A6447CE&UUID=2191070b-ef79-49d1-980e-753243b8f6be&userCode=default&userName=default&spCode=484581254562&productCode=2&resourceCode=10046&subId=123&resourceName=&authType=2, knowedFileSize:0
D/MstarPlayer(  739): exit async proc thread
D/MstarPlayer(  739): request to exit async thread
D/MediaPlayerService(  739): [9] notify (0x50da8, 3, 100, 0)
D/Downloader(  739): [downloadThread]Downloader::removeTask  
D/MstarPlayer(  739): MstarPlayer::doPrepare
D/MstarPlayer(  739): create MSrv_MM_PlayerInterface
D/MstarPlayer(  739): E_CONTENT_VIDEO_TS
D/MstarPlayer(  739): ===> GET source FILE Size -1 
D/MstarPlayer(  739): play content is video
D/MMPlayer(  739): constructor: 0x36d88
D/MMPlayer(  739): 
D/MMPlayer(  739): connect
D/MMPlayer(  739): 
D/MMPlayer(  739): getMMPlayerService
D/IMMPlayerService(  739): Send CONNECT
D/IMMPlayer(  739): Send INITIALIZE
I//lib/ld-linux.so.3(  743): V/MMPlayerService( 758 1066): MMPlayerService::connect(callingPid 739, client 0x2a186428)
I//lib/ld-linux.so.3(  743): V/MMPlayerService( 758 1066): MMPlayerService::Client constructor(callingPid 739)
I//lib/ld-linux.so.3(  743): MMPlayerService::Client::MM_Initialize()
I//lib/ld-linux.so.3(  743): MSrv_MM_PhotoPlayer::Initialize().
I//lib/ld-linux.so.3(  743): mapi_cpcodec::Initialize(). eDecoderPath:2
I//lib/ld-linux.so.3(  743): Thread name: mapi_cpcodec.
I//lib/ld-linux.so.3(  743): MIU interval 0x60000000.
I//lib/ld-linux.so.3(  743): E_MMAP_ID_XC_MAIN_FB PA: 0x17bc1000, VA: 0x457ff000, size: 0x1800000, IsMIU0: 1.
I//lib/ld-linux.so.3(  743): E_MMAP_ID_PHOTO_SHAREMEM PA: 0x167bc000, VA: 0x443fa000, size: 0x400, IsMIU0: 1.
I//lib/ld-linux.so.3(  743): E_MMAP_ID_JPD_READ PA: 0x167bc400, VA: 0x443fa400, size: 0x50080, IsMIU0: 1.
I//lib/ld-linux.so.3(  743): E_MMAP_ID_JPD_WRITE PA: 0x1680c480, VA: 0x4444a480, size: 0x3fc000, IsMIU0: 1.
I//lib/ld-linux.so.3(  743): E_MMAP_ID_PHOTO_DISPLAY PA: 0x163c0000, VA: 0x43ffe000, size: 0x3fc000, IsMIU0: 1.
I//lib/ld-linux.so.3(  743): E_MMAP_ID_PHOTO_INTER PA: 0x16c08480, VA: 0x44846480, size: 0x630000, IsMIU0: 1.
I//lib/ld-linux.so.3(  743): E_MMAP_ID_PHOTO_MPO_INTER PA: 0x17238480, VA: 0x44e76480, size: 0x3fc000, IsMIU0: 1.
I//lib/ld-linux.so.3(  743): E_MMAP_ID_VDPLAYER_DATA PA: 0x163c0000, VA: 0x43ffe000, size: 0x1000, IsMIU0: 1.
I//lib/ld-linux.so.3(  743): E_MMAP_ID_VDPLAYER_BITSTREAM PA: 0x16d40000, VA: 0x4497e000, size: 0x400000, IsMIU0: 1.
I//lib/ld-linux.so.3(  743): E_MMAP_ID_VDPLAYER_BITSTREAM_EXT PA: 0x16940000, VA: 0x4457e000, size: 0x400000, IsMIU0: 1.
I//lib/ld-linux.so.3(  743): E_MMAP_ID_SUBTITLE PA: 0x16740000, VA: 0x4437e000, size: 0x1e0000, IsMIU0: 1.
I//lib/ld-linux.so.3(  743): E_MMAP_ID_MAD_DEC PA: 0x15c40000, VA: 0x4387e000, size: 0x280000, IsMIU0: 1.
I//lib/ld-linux.so.3(  743): E_MMAP_ID_VDEC_CPU PA: 0x1b800000, VA: 0x4943e000, size: 0x200000, IsMIU0: 1.
I//lib/ld-linux.so.3(  743): E_MMAP_ID_VDEC_FRAMEBUFFER PA: 0x1ba00000, VA: 0x4963e000, size: 0x1b00000, IsMIU0: 1.
I//lib/ld-linux.so.3(  743): E_MMAP_ID_VDEC_FRAMEBUFFERSD PA: 0x1ba00000, VA: 0x4963e000, size: 0x1b00000, IsMIU0: 1.
I//lib/ld-linux.so.3(  743): E_MMAP_ID_VDEC_BITSTREAM PA: 0x1d500000, VA: 0x4b13e000, size: 0x800000, IsMIU0: 1.
I//lib/ld-linux.so.3(  743): E_MMAP_ID_VDEC_MVC_FRAMEBUFFER PA: 0x1ba00000, VA: 0x4963e000, size: 0x2b00000, IsMIU0: 1.
I//lib/ld-linux.so.3(  743): E_MMAP_ID_VDEC_MVC_BITSTREAM PA: 0x1e500000, VA: 0x4c13e000, size: 0x1600000, IsMIU0: 1.
I//lib/ld-linux.so.3(  743): E_MMAP_ID_DMX_SECBUF PA: 0xd0000, VA: 0x4120e000, size: 0x70000, IsMIU0: 1.
I//lib/ld-linux.so.3(  743): ???????? Important,The MMAP ID(110) does not existed!, please check it...
I//lib/ld-linux.so.3(  743): ???????? Please update the right system configure...
I//lib/ld-linux.so.3(  743): ???????? Important,The MMAP ID(111) does not existed!, please check it...
I//lib/ld-linux.so.3(  743): ???????? Please update the right system configure...
I//lib/ld-linux.so.3(  743): Panel width: 1280, heigt: 720.
I//lib/ld-linux.so.3(  743): MPO SBS width: 1792, heigt: 504.
I//lib/ld-linux.so.3(  743): Output Buffer start: 0x4444a480, BUS address start: 0x5680c480, size: 0x3fc000.
I//lib/ld-linux.so.3(  743): Display Buffer start: 0x43ffe000, BUS address start: 0x563c0000, size: 0x3fc000.
I//lib/ld-linux.so.3(  743): Internal Buffer start: 0x44846480, BUS address start: 0x56c08480, size: 0x630000.
I//lib/ld-linux.so.3(  743): MPO Internal Buffer start: 0x44e76480, BUS address start: 0x57238480, size: 0x3fc000.
I//lib/ld-linux.so.3(  743): MSrv_MM_PhotoPlayer::Initialize() Done.
I//lib/ld-linux.so.3(  743): >>> MSrv_MM_VideoPlayer  Initialize 
I//lib/ld-linux.so.3(  743): mapi_cpcodec::Initialize(). eDecoderPath:2
I//lib/ld-linux.so.3(  743): ******Amplifier_TI5707_SWMute(0)
I//lib/ld-linux.so.3(  743): 5707write fail = 7
I//lib/ld-linux.so.3(  743): 5707write fail = 7
I//lib/ld-linux.so.3(  743): 5707write fail = 7
I//lib/ld-linux.so.3(  743): 5707write fail = 7
D/IMMPlayer(  739): Get ret:0
D/IMMPlayer(  739): Send PLAYER_COMMAND_ADD_EVENT_RECIPIENT_FPTR
D/IMMPlayer(  739): Get ret:1
D/IMMPlayer(  739): Send MM_SetPlayerTimeOutValue
D/IMMPlayer(  739): pTimeOutInfo->u32FileIOTimeOut:4294967295
D/IMMPlayer(  739): pTimeOutInfo->u32FileReadTimeOut:4294967295
D/IMMPlayer(  739): pTimeOutInfo->u32FileSeekTimeOut:4294967295
D/IMMPlayer(  739): pTimeOutInfo->u32DecodeCtrlTimeOut:4294967295
D/IMMPlayer(  739): pTimeOutInfo->u32ESBuffCtrlTimeOut:-1
D/IMMPlayer(  739): Get ret:0
D/IMMPlayer(  739): Send MM_CreateMediaItem
D/IMMPlayer(  739): stMedia.u32FileID:329688
D/IMMPlayer(  739): stMedia.u32FileSecondID:0
D/IMMPlayer(  739): stMedia.u32FileThirdID:0
D/IMMPlayer(  739): stMedia.u32FileFourthID:0
D/IMMPlayer(  739): stMedia.u64FileLength:18446744073709551615
D/IMMPlayer(  739): stMedia.eMediaType:2
D/IMMPlayer(  739): stMedia.eMediaFileType:2
D/IMMPlayer(  739): stMedia.eMediaCreateMode:0
D/IMMPlayer(  739): stMedia.u32CtlFlag:66
I//lib/ld-linux.so.3(  743): 5707write fail = 6
I//lib/ld-linux.so.3(  743): Panel width: 01280, heigt: 720.
I//lib/ld-linux.so.3(  743): Thread name: MM_Audio.
I//lib/ld-linux.so.3(  743): Thread name: MM_Audio.
D/IMMPlayer(  739): Get ret:0
D/MstarPlayer(  739): media item 0x1
D/MstarPlayer(  739): MstarPlayer::doPrepare done
I//lib/ld-linux.so.3(  743): Video Item Info, file ID: 0x507d8, file length: 0xffffffff 0xffffffff.
I//lib/ld-linux.so.3(  743): Output Resolution: DISPLAY_DACOUT_576P or DISPLAY_DACOUT_720P_50 or DISPLAY_DACOUT_1080P_50.
I//lib/ld-linux.so.3(  743): >>>GetDRMSetting From EEPROM
I//lib/ld-linux.so.3(  743): mapi_cpcodec::CreateMedia(): 911758.
I//lib/ld-linux.so.3(  743): 1 File ID: 0x507d8, 2 File ID: 0x0, 3 File ID: 0x0, 4 File ID: 0x0.
I//lib/ld-linux.so.3(  743): File size: 0xffffffff ffffffff.
I//lib/ld-linux.so.3(  743): Media Type: 0, File Type: 2, Create Mode: 0.
I//lib/ld-linux.so.3(  743): mapi_cpcodec::videoCreateMedia().
I//lib/ld-linux.so.3(  743): Reconfigure Buffer.
I//lib/ld-linux.so.3(  743): E_MMAP_ID_VDEC_FRAMEBUFFER PA: 0x1ba00000, VA: 0x4963e000, size: 0x1b00000, IsMIU0: 1.
I//lib/ld-linux.so.3(  743): E_MMAP_ID_VDEC_FRAMEBUFFERSD PA: 0x1ba00000, VA: 0x4963e000, size: 0x1b00000, IsMIU0: 1.
I//lib/ld-linux.so.3(  743): E_MMAP_ID_VDEC_BITSTREAM PA: 0x1d500000, VA: 0x4b13e000, size: 0x800000, IsMIU0: 1.
I//lib/ld-linux.so.3(  743): E_MMAP_ID_VDEC_MVC_FRAMEBUFFER PA: 0x1ba00000, VA: 0x4963e000, size: 0x2b00000, IsMIU0: 1.
I//lib/ld-linux.so.3(  743): E_MMAP_ID_VDEC_MVC_BITSTREAM PA: 0x1e500000, VA: 0x4c13e000, size: 0x1600000, IsMIU0: 1.
I//lib/ld-linux.so.3(  743): Copy TSP FW bin 2a16e548 -> 4120e000; 4400
I//lib/ld-linux.so.3(  743): drop error frame.
I//lib/ld-linux.so.3(  743): pCodecMedia eFileType:2,eAppType:0 
I//lib/ld-linux.so.3(  743): default unseekable Stream mode config: Set preload size 0x4000
I//lib/ld-linux.so.3(  743): Stream mode. Set read header require size: MIN_REQUIRE_SIZE
I//lib/ld-linux.so.3(  743): Stream mode. for ts,Set read header probe option: (E_VDP_READ_HEADER_PROBE_AUDIO_DISABLE | E_VDP_READ_HEADER_PROBE_DURATION_DISABLE)
I//lib/ld-linux.so.3(  743): >>>>  DRM start  DRM MODEL ID  0x3031
I//lib/ld-linux.so.3(  743): LoadDRMMemory();
I//lib/ld-linux.so.3(  743): Display Msg: 29.
I//lib/ld-linux.so.3(  743):  set Frame buffer info  MAX_FRAMENUM 4   MAX_FIELDNUM  16
I//lib/ld-linux.so.3(  743): Enable TS Subtitle codec state  1
I//lib/ld-linux.so.3(  743): [CI][HbbTV-VOD]<INFO>:[1364800107.091776] MM init start
I//lib/ld-linux.so.3(  743): videoCreateMedia Done.
I//lib/ld-linux.so.3(  743): Create CP Ccodec Video Media Done.
I//lib/ld-linux.so.3(  743): Device or resource busy
I//lib/ld-linux.so.3(  743): Cannot open interrupt descriptor for irq=147 Auth OK
I//lib/ld-linux.so.3(  743): Check S/W IP Statue
I//lib/ld-linux.so.3(  743): [0]:OFF; [1]:OFF; [2]:OFF; [3]:ON
I//lib/ld-linux.so.3(  743): [4]:OFF; [5]:OFF; [6]:OFF; [7]:OFF
I//lib/ld-linux.so.3(  743): [8]:OFF; [9]:OFF; [10]:OFF; [11]:ON
I//lib/ld-linux.so.3(  743): [12]:ON; [13]:OFF; [14]:OFF; [15]:OFF
I//lib/ld-linux.so.3(  743): [16]:OFF; [17]:OFF; [18]:OFF; [19]:ON
I//lib/ld-linux.so.3(  743): [20]:ON; [21]:ON; [22]:ON; [23]:ON
I//lib/ld-linux.so.3(  743): [24]:OFF; [25]:OFF; [26]:OFF; [27]:ON
I//lib/ld-linux.so.3(  743): [28]:ON; [29]:ON; [30]:ON; [31]:OFF
I//lib/ld-linux.so.3(  743): [32]:OFF; [33]:ON; [34]:ON; [35]:OFF
I//lib/ld-linux.so.3(  743): [36]:OFF; [37]:OFF; [38]:OFF; [39]:ON
I//lib/ld-linux.so.3(  743): [40]:ON; [41]:OFF; [42]:OFF; [43]:OFF
I//lib/ld-linux.so.3(  743): [44]:OFF; [45]:OFF; [46]:OFF; [47]:OFF
I//lib/ld-linux.so.3(  743): [48]:OFF; [49]:OFF; [50]:OFF; [51]:OFF
I//lib/ld-linux.so.3(  743): [52]:OFF; [53]:OFF; [54]:OFF; [55]:OFF
I//lib/ld-linux.so.3(  743): [56]:OFF; [57]:OFF; [58]:OFF; [59]:OFF
I//lib/ld-linux.so.3(  743): [60]:OFF; [61]:OFF; [62]:OFF; [63]:OFF
I//lib/ld-linux.so.3(  743): Subtitle File Open Fail !!
D/MstarPlayer(  739): player waiting exit
I//lib/ld-linux.so.3(  743): Attached File Open Fail !!
I//lib/ld-linux.so.3(  743): Audio File Fail!!
I//lib/ld-linux.so.3(  743): Blocking Read: 0, size: 0x1000.
D/MstarPlayer(  739): player waiting exit
I//lib/ld-linux.so.3(  743): Blocking Read: 0, size: 0x8000.
I//lib/ld-linux.so.3(  743): File format : TS
D/MstarPlayer(  739): player waiting exit
I//lib/ld-linux.so.3(  743): Blocking Read: 0, size: 0x20000.
I//lib/ld-linux.so.3(  743): Bitrate = 262144 Byte/s, Duration = -1 ms
I//lib/ld-linux.so.3(  743): PackSize = 28200 Byte.
I//lib/ld-linux.so.3(  743): ==============================================================================================
I//lib/ld-linux.so.3(  743): Data:MIU0; Bits:MIU0; MAD:MIU0; MVD:MIU0; SVD:MIU0; FB:MIU0; TSP:MIU0; FBL:No
I//lib/ld-linux.so.3(  743): Bit Buffer:0x4497e000      Size:0x400000
I//lib/ld-linux.so.3(  743): Subtitle Bit Buffer:0x4437e000     Size:0x1b0000
I//lib/ld-linux.so.3(  743): MAD Buffer:0x4387e000
I//lib/ld-linux.so.3(  743): MADExt Buffer:0x4457e000   Size:0x400000
I//lib/ld-linux.so.3(  743): VDEC FW Buffer:0x4943e000  Size:0x200000
I//lib/ld-linux.so.3(  743): Frame Buffer:0x4963e000    Size:0x1b00000
I//lib/ld-linux.so.3(  743): MVD Buffer:0x4b13e000      Size:0x800000
I//lib/ld-linux.so.3(  743): TSP FW Buffer:0x4120e000   Size:0x70000
I//lib/ld-linux.so.3(  743): Data Buffer:0x163d1000     Size:0x36f000
I//lib/ld-linux.so.3(  743): Attached File Buffer Size:0xffffffff
I//lib/ld-linux.so.3(  743): -> Demuxer:0x164f8000      Size:0x248000
I//lib/ld-linux.so.3(  743): -> SeqHeader:0x4400f000    Size:0x1000
I//lib/ld-linux.so.3(  743): -> MOV Table:0x4963e000    Size:0x1b00000
I//lib/ld-linux.so.3(  743): -> MOV Static:0x44010000   Size:0x100000
I//lib/ld-linux.so.3(  743): -> DRM Payload:0x44110000  Size:0x4000
I//lib/ld-linux.so.3(  743): -> DRM Playback Context:0x44114000 Size:0x1000
I//lib/ld-linux.so.3(  743): -> MADExtend:0x44116000    Size:0x20000
I//lib/ld-linux.so.3(  743): -> NonCache Area:0x44115000        Size:0x1000
I//lib/ld-linux.so.3(  743): -> Reserved Size:0x0
I//lib/ld-linux.so.3(  743): ==============================================================================================
I//lib/ld-linux.so.3(  743): Initialize TS HW
I//lib/ld-linux.so.3(  743): HAL_VPU_EX_SetDbgLevel eLevel=0x1
D/MstarPlayer(  739): exit async proc thread
D/MonitorCw880( 1547): currentRemoteHost is null ,continue
I//lib/ld-linux.so.3(  743): Load AAC Audio Codec.
I//lib/ld-linux.so.3(  743): ========AAC Audio Codec========
I//lib/ld-linux.so.3(  743): ===== Check Audio Decoder Protection from hash-key IP =====
I//lib/ld-linux.so.3(  743): Hash-key Support DD.
I//lib/ld-linux.so.3(  743): Hash-key Support DD+.
I//lib/ld-linux.so.3(  743): Hash-key Support Generic HE-AAC !!
I//lib/ld-linux.so.3(  743): Hash-key Support WMA.
I//lib/ld-linux.so.3(  743): Hash-key Support DRA.
I//lib/ld-linux.so.3(  743): ===== Check Protection IP End                         =====
I//lib/ld-linux.so.3(  743): ******Amplifier_TI5707_SWMute(0)
I//lib/ld-linux.so.3(  743): 5707write fail = 7
I//lib/ld-linux.so.3(  743): 5707write fail = 7
I//lib/ld-linux.so.3(  743): 5707write fail = 7
I//lib/ld-linux.so.3(  743): 5707write fail = 7
I//lib/ld-linux.so.3(  743): 5707write fail = 6
D/MstarPlayer(  739): player waiting exit
I//lib/ld-linux.so.3(  743): DS enable = 0
D/MstarPlayer(  739): player waiting exit
D/MstarPlayer(  739): player waiting exit
D/MstarPlayer(  739): player waiting exit
I//lib/ld-linux.so.3(  743): Blocking Read: 0, size: 0x4000.
D/MstarPlayer(  739): player waiting exit
D/MstarPlayer(  739): player waiting exit
D/MstarPlayer(  739): player waiting exit
D/MstarPlayer(  739): player waiting exit
D/MstarPlayer(  739): player waiting exit
D/MstarPlayer(  739): player waiting exit
D/MstarPlayer(  739): player waiting exit
D/MstarPlayer(  739): Get E_EVENT_INIT_OK event.
D/DataSource_M3U8(  739): 
D/DataSource_M3U8(  739):  notify : 0 
D/IMMPlayer(  739): Send MM_EnableSubtitleShow
D/IMMPlayer(  739): u32Item:1
D/IMMPlayer(  739): bEnable:1
I//lib/ld-linux.so.3(  743): To ask Dynscaling Size from vdec  0xc00
I//lib/ld-linux.so.3(  743): jim:xxxxxxxxxxxxxxxxxxxxxxxxxxxxxxxxxxxxxxxxxxxxxxx
