D/dhcpcd  ( 1373): sending DHCP_DISCOVER with xid 0x46d6aaba, next in 32.44 seconds
W/InputManagerService(  948): Window already focused, ignoring focus gain of: com.android.internal.view.IInputMethodClient$Stub$Proxy@4174a1c8
I/ActivityManager(  948): START {cmp=com.aidufei.movieonline/.ProgramDetailActivity (has extras)} from pid 1593
D/dalvikvm( 1593): GC_FOR_ALLOC freed 793K, 37% free 20387K/31939K, paused 37ms
I/dalvikvm-heap( 1593): Grow heap (frag case) to 25.762MB for 2361616-byte allocation
D/dalvikvm( 1593): GC_CONCURRENT freed 1422K, 34% free 21270K/31939K, paused 2ms+5ms
D/dalvikvm( 1593): GC_FOR_ALLOC freed 9K, 29% free 22858K/31939K, paused 35ms
D/ProgramDetailActivity( 1593): start load program details.
D/NetTransportUtil( 1593): request Url  :http://wasu.feifeikan.com:8080/msis/getAssetDetail?version=V001&terminalType=1&resolution=1280*720&resourceCode=11500&userCode=null&authKey=cb0d830173d5adee32d13a16440ba978
I/ActivityManager(  948): Displayed com.aidufei.movieonline/.ProgramDetailActivity: +373ms
D/MonitorCw880( 1547): currentRemoteHost is null ,continue
I/ProgramDetailActivity( 1593): movie count:1
D/NetTransportUtil( 1593): request Url  :http://wasu.feifeikan.com:8080/msis/getRelateAsset?version=V001&terminalType=1&resolution=1280*720&userCode=null&resourceCode=11500&authKey=d22e708ab450d3fbae4ecb4282835605
D/VodAction( 1593): getRelateAssetList:{"ret":"0","assetList":[{"resourceCode":10774,"type":"0","assetName":"人再囧途之泰囧","assetENName":null,"mlName":"中文","captionName":"国语","assetTypes":"喜剧片","originName":"内地","issuerName":null,"trackType":"1","chapters":1,"viewLevel":"1","describ":null,"director":"徐峥","leadingActor":"徐峥;黄渤;王宝强;陶虹;谢楠","screenWriter":null,"prize":null,"keyWord":"人再囧途之泰囧;王宝强;陶虹;徐峥;黄渤;谢楠;徐峥;喜剧片","status":"1","recommendationLevel":8,"remark":null,"publishDate":"2012-12-12","letter":"renzaijiongtuzhitaijiong","assetTypeIds":"10009","letterAb":"RZJTZTJ","providerID":"coshipott","stbSuggestedPrice":0.00,"ottSuggestedPrice":0.00,"showType":"Movie","series":null,"contentNibbleLevel_1":0,"contentNibbleLevel_2":0,"stbLicensingWindowStart":null,"stbLicensingWindowEnd":null,"ottLicensingWindowStart":null,"ottLicensingWindowEnd":null,"summaryLong":"徐峥和王宝强泰国相逢，再遇囧事一箩筐，徐峥饰演的成功商务男依旧对王宝强充满鄙视。两人先后上演在寺庙遇到人妖和电梯里误会美女的无奈事件。而黄渤饰演的表情严肃黑衣男，与两人纠缠不休，三人更是险些丧命……","summaryMedium":null,"summaryShort":"徐峥、王宝强和黄渤泰国相逢，再遇囧事一箩筐，三人笑料迭出","propagationPriority":8,"year":null,"cityCode":"100000","gradeCode":"P","playCount":1404,"createTime":"2013-03-04 15:16:22","vcr":"FRAB","isRecommend":0,"playTime":0,"videoType":0,"posterInfo":[{"resolution":null,"terminalType":0,"serverLocalPath":"http://photo.feifeikan.com:80/ott-poster/poster_root/movie_poster/TWSX1000000000000254/poster/256x383/20130304151846332_0175.jpg","PosterID":10182,"OwnerCode":"10774","PosterType":1,"FileName":"人再囧途之泰囧.jpg","UploadTime":"2013-03-04 15:18:46","FileSize":31525,"Status":1,"LocalPath":"http://photo.feifeikan.com:80/ott-poster/poster_root/movie_poster/TWSX1000000000000254/poster/256x383/20130304151846332_0175.jpg","Width":256,"Height":383,"Platform":null}],"product":null,"favoriteDate":null,"assetID":"TWSX1000000000000254"},{"resourceCode":11677,"type":"0","assetName":"101次求婚","assetENName":null,"mlName":"中文","captionName":"国语","assetTypes":"爱情片","originName":"内地","issuerName":null,"trackType":"1","chapters":1,"viewLevel":"1","describ":null,"director":"陈正道","leadingActor":"黄渤;林志玲;高以翔;秦海璐;武田铁矢;王迅","screenWriter":null,"prize":null,"keyWord":"101次求婚;高以翔;秦海璐;武田铁矢;林志玲;黄渤;王迅;陈正道;爱情片","status":"1","recommendationLevel":8,"remark":null,"publishDate":"2013-02-12","letter":"101ciqiuhun","assetTypeIds":"10000","letterAb":"101CQH","providerID":"coshipott","stbSuggestedPrice":0.00,"ottSuggestedPrice":0.00,"showType":"Movie","series":null,"contentNibbleLevel_1":0,"contentNibbleLevel_2":0,"stbLicensingWindowStart":null,"stbLicensingWindowEnd":null,"ottLicensingWindowStart":null,"ottLicensingWindowEnd":null,"summaryLong":"乐团的大提琴手叶薰（林志玲 饰）因为三年前的未婚夫许卓（高以翔 饰）因车祸缺席婚礼而受到伤害，三年来美丽高雅的她虽然身边追求者不断，自己却无法再爱上一个人。不期然的是，黄达（黄渤 饰），一个平凡的不能再平凡，在相亲路上饱受挫折的包工头闯入她的生活，打破了叶薰原本宁静的生活。二人因为一次黄达帮叶薰解围了一场演变成闹剧的相亲而相识，叶薰更是帮黄达要回了被拖欠许久的工程款。在一来一往的相处中，黄达逐渐被叶薰独特的气质吸引，不顾一切的展开了对叶薰的爱情攻势。而叶薰也在想方设法的回绝黄达的过程中对这个执着的为自己付出的男人渐生情愫。然而就在叶薰为黄达的真情所动时，消失了三年的许卓重新出现在了她的生活中，成了二人感情的最大障碍…","summaryMedium":null,"summaryShort":"该片改编自1991年的
                                                                                                                                   I/ActivityManager(  948): START {flg=0x78000000 cmp=com.aidufei.movieonline/.player.VideoPlayer (has extras)} from pid 1593
D/dalvikvm( 1593): GC_CONCURRENT freed 1078K, 26% free 23719K/31939K, paused 3ms+6ms
D/dalvikvm( 1593): GC_FOR_ALLOC freed 741K, 23% free 24665K/31939K, paused 36ms
I/Utils   ( 1593): SystemPropertiesClass:class android.os.SystemProperties
W/Utils   ( 1593): ~~~~~~~~~~~~~~~~~~~~~~method:public static java.lang.String android.os.SystemProperties.get(java.lang.String,java.lang.String)
W/Utils   ( 1593): ~~~~~~~~~~~~~~~~~~~~~~returnvalue:32
I/VideoPlayer( 1593): playSource:2
I/VideoPlayer( 1593): getLivePlayEvent playEvent:null
D/VideoPlayer( 1593): subId:---resourceCode:11500---timeCode:0
D/OpenGLRenderer( 1593): Flushing caches (mode 0)
D/OtOService( 1593): TVContentReceiver: ACTION_TV_CONTENT_CHANGED, playType: 1 ,resourceCode: 11500
D/ServerAdapter( 1593): Server addr: http://wasu.feifeikan.com:8080/
E/ServerHandler( 1593): Send:com.aidufei.protocol.oto.OtOContentRequest@415a8190
D/ServerHandler( 1593): ServerHandler send request:200:{"ResourceInfo":{"TimeCode":0,"PlayType":1,"ResourceName":"","ProductCode":"","ResourceCode":"11500","Duration":0},"Status":{"ReturnCode":100,"Description":"TVContentChanged"},"ServerAddr":"http:\/\/wasu.feifeikan.com:8080\/","Volume":-1}
V/ServerHandler( 1593): ServerHandler send DatagramPacket:/192.168.1.103-[B@41665428
D/MediaControler( 1593): surfaceChanged
I/ActivityManager(  948): Displayed com.aidufei.movieonline/.player.VideoPlayer: +272ms
D/OpenGLRenderer( 1593): Flushing caches (mode 0)
D/NetTransportUtil( 1593): request Url  :http://wasu.feifeikan.com:8080/msis/getPlayURL?version=V001&terminalType=2&resolution=1280*720&resourceCode=11500&playType=1&delay=0&shifttime=0&shiftend=0&timecode=0&urlType=3&authKey=2af0db09016381217016297b5acbd5bd
D/ProgramDetailActivity( 1593): initRelateResource:10
E/        ( 1593): get vaddr failed:pvaddr_read=0x5cf62000,pvaddr_internal=0x5d062000,pvaddr_write=0x0
D/VideoPlayer( 1593): play url:http://vod.feifeikan.com/vod/coshipott,TWSX1000000000000898.m3u8?fmt=x264_0k_mpegts&sora=1&timecode=0&sk=C7A2F65BA4FBC2B3E36D26713C33D6A2&UUID=f63b2d4e-9eb0-4bab-90d6-b4d4711e967f&userCode=default&userName=default&spCode=484581254562&productCode=1&resourceCode=11500&subId=123&resourceName=&authType=2
E/MediaPlayer( 1593): stop called in state 1
E/MediaPlayer( 1593): error (-38, 0)
E/        ( 1593): get vaddr failed:pvaddr_read=0x5cf62000,pvaddr_internal=0x5d062000,pvaddr_write=0x0
D/MediaPlayerService(  739):  Create MstarPlayer
D/MstarPlayer(  739): Create MstarPlayer:0x3d9a8,Version:Release Mstar player lib Version:0015,Base CL:690305  Date:2012/11/06
D/MstarPlayer(  739): TV Local Time :  Mon Apr  1 15:09:34 2013
D/MstarPlayer(  739):  
D/MstarPlayer(  739): setInstance: 0x3d9a8
D/MstarPlayer(  739): mstar player set listener
D/MstarPlayer(  739): MstarPlayer::initCheck
D/MediaPlayerService(  739): [12] setVideoSurfaceTexture(0x21ed98)
D/MstarPlayer(  739): MstarPlayer::setVideoSurfaceTexture 
D/MstarPlayer(  739): open mHwcFifoFD = 29
D/MstarPlayer(  739): MstarPlayer::prepareAsync
D/MstarPlayer(  739): 
D/MstarPlayer(  739):  MstarPlayer::doSetDataSource
D/MstarPlayer(  739): MstarPlayer::clearAllSource
D/MstarPlayer(  739): 
D/MstarPlayer(  739):  MstarPlayer::doSetDataSource: url=http://vod.feifeikan.com/vod/coshipott,TWSX1000000000000898.m3u8?fmt=x264_0k_mpegts&sora=1&timecode=0&sk=C7A2F65BA4FBC2B3E36D26713C33D6A2&UUID=f63b2d4e-9eb0-4bab-90d6-b4d4711e967f&userCode=default&userName=default&spCode=484581254562&productCode=1&resourceCode=11500&subId=123&resourceName=&authType=2
D/Downloader(  739): Release Mstar Content Source CL:493363  Date:2013/03/20
D/InputEventConsistencyVerifier( 1593): KeyEvent: ACTION_UP but key was not down.
D/InputEventConsistencyVerifier( 1593):   in Handler (android.view.ViewRootImpl) {4216c530}
D/InputEventConsistencyVerifier( 1593):   0: sent at 977861000000, KeyEvent { action=ACTION_UP, keyCode=KEYCODE_DPAD_LEFT, scanCode=105, metaState=0, flags=0x8, repeatCount=0, eventTime=977861, downTime=977701, deviceId=2, source=0x101 }
D/Downloader(  739): Curl Version:libcurl/7.21.7 OpenSSL/1.0.0e
D/Downloader(  739): [downloadThread]init a multi curl done.curlm:0x507d8 pRingBuffer:0x51a98
D/DataSource_M3U8(  739): [M3U8]ContentSource_M3U8 contruct done
D/DataSource_M3U8(  739): [M3U8] try parseURLs=http://vod.feifeikan.com/vod/coshipott,TWSX1000000000000898.m3u8?fmt=x264_0k_mpegts&sora=1&timecode=0&sk=C7A2F65BA4FBC2B3E36D26713C33D6A2&UUID=f63b2d4e-9eb0-4bab-90d6-b4d4711e967f&userCode=default&userName=default&spCode=484581254562&productCode=1&resourceCode=11500&subId=123&resourceName=&authType=2
D/DataSource_M3U8(  739): bg thread ready to run
D/DataSource_M3U8(  739): bg thread 242776
D/DataSource_M3U8(  739): bg thread ready to run
D/Downloader(  739): [downloadThread]Downloader::removeTask  
E/MediaControler( 1593): seek:0
D/InputEventConsistencyVerifier( 1593): KeyEvent: ACTION_UP but key was not down.
D/InputEventConsistencyVerifier( 1593):   in com.android.internal.policy.impl.PhoneWindow$DecorView@417ee658
D/InputEventConsistencyVerifier( 1593):   0: sent at 977752000000, KeyEvent { action=ACTION_UP, keyCode=KEYCODE_DPAD_LEFT, scanCode=105, metaState=0, flags=0x28, repeatCount=0, eventTime=977752, downTime=977701, deviceId=2, source=0x101 }
E/WindowManager(  948): ##############################dispatchUnhandledKey
D/Downloader(  739): Location: http://61.187.102.42/vod.feifeikan.com/vod/coshipott,TWSX1000000000000898.m3u8?fmt=x264_0k_mpegts&sora=1&timecode=0&sk=C7A2F65BA4FBC2B3E36D26713C33D6A2&UUID=f63b2d4e-9eb0-4bab-90d6-b4d4711e967f&userCode=default&userName=default&spCode=484581254562&productCode=1&resourceCode=11500&subId=123&resourceName=&authType=2
D/Downloader(  739): 
E/WindowManager(  948): ##############################dispatchUnhandledKey
D/Downloader(  739): Content-Type: application/vnd.apple.mpegurl
D/Downloader(  739): 
D/Downloader(  739): Content-Length: 95
D/Downloader(  739): 
D/Downloader(  739): Downloadserver bandWidth:667
D/Downloader(  739): Downloadserver bandWidth:667
D/Downloader(  739): Downloadserver bandWidth:667
D/Downloader(  739): Downloadserver bandWidth:667
D/DataSource_M3U8(  739): parseURLs : waiting 1130 ms 
D/DataSource_M3U8(  739):  mDownloadingTask.fileSize:95 
D/DataSource_M3U8(  739): [M3U8] file: NULL line 
D/DataSource_M3U8(  739): HLS=====>> Live Stream!!!!
D/DataSource_M3U8(  739):  bMultAlterBandwidthStream = 1  urlNum=1 
D/Downloader(  739): [downloadThread]background worker recv DOWNLOADER_COMMAND_REMOVE_TASK
D/Downloader(  739): [downloadThread]Downloader::removeTask  
D/Downloader(  739): [downloadThread]DOWNLOADER_COMMAND_REMOVE_TASK done
D/DataSource_M3U8(  739): [M3U8] try parseURLs=http://61.187.102.42/vod.feifeikan.com/vod/coshipottTWSX1000000000000898_900.m3u8
D/Downloader(  739): [downloadThread]Downloader::removeTask  
D/Downloader(  739): Content-Type: application/vnd.apple.mpegurl
D/Downloader(  739): 
D/Downloader(  739): Content-Length: 108515
D/Downloader(  739): 
D/Downloader(  739): Downloadserver bandWidth:909979
D/Downloader(  739): Downloadserver bandWidth:909979
D/Downloader(  739): Downloadserver bandWidth:909979
D/Downloader(  739): Downloadserver bandWidth:909979
D/DataSource_M3U8(  739): parseURLs : waiting 950 ms 
D/DataSource_M3U8(  739):  mDownloadingTask.fileSize:108515 
D/DataSource_M3U8(  739): [M3U8]clear mFragements[0]
D/DataSource_M3U8(  739): bSupportAutoChangeServer = 1 
D/DataSource_M3U8(  739): u32HLSSreamNum[0]===>u32BandWidth:968000 
D/DataSource_M3U8(  739): getHLSPlayListInex  DownloadBandWidth:909979   uInDex=0
D/Downloader(  739): [downloadThread]background worker recv DOWNLOADER_COMMAND_REMOVE_TASK
D/Downloader(  739): [downloadThread]Downloader::removeTask  
D/Downloader(  739): [downloadThread]DOWNLOADER_COMMAND_REMOVE_TASK done
D/DataSource_M3U8(  739): 
D/DataSource_M3U8(  739):  parseM3u8SubStreamType :  E_CONTENT_VIDEO_TS
D/DataSource_M3U8(  739): [M3U8]----->post cmd for start first url:http://61.187.102.42/vod.feifeikan.com/vod/coshipottTWSX1000000000000898_900/2.ts, knowedFileSize:0
D/MstarPlayer(  739): MstarPlayer::doPrepare
D/MstarPlayer(  739): create MSrv_MM_PlayerInterface
D/MstarPlayer(  739): E_CONTENT_VIDEO_TS
D/MstarPlayer(  739): ===> GET source FILE Size -1 
D/MstarPlayer(  739): play content is video
D/MMPlayer(  739): constructor: 0x449a8
D/MMPlayer(  739): 
D/MMPlayer(  739): connect
D/MMPlayer(  739): 
D/MMPlayer(  739): getMMPlayerService
D/IMMPlayerService(  73[  981.153984] [irq_proc_open][373] -16
9): Send CONNECT
D/Downloader(  739): [downloadThread]Downloader::removeTask  
D/IMMPlayer(  739): Send INITIALIZE
I//lib/ld-linux.so.3(  743): V/MMPlayerService( 758 758): MMPlayerService::connect(callingPid 739, client 0x2a186428)
I//lib/ld-linux.so.3(  743): V/MMPlayerService( 758 758): MMPlayerService::Client constructor(callingPid 739)
I//lib/ld-linux.so.3(  743): MMPlayerService::Client::MM_Initialize()
I//lib/ld-linux.so.3(  743): MSrv_MM_PhotoPlayer::Initialize().
I//lib/ld-linux.so.3(  743): mapi_cpcodec::Initialize(). eDecoderPath:2
I//lib/ld-linux.so.3(  743): MIU interval 0x60000000.
I//lib/ld-linux.so.3(  743): E_MMAP_ID_XC_MAIN_FB PA: 0x17bc1000, VA: 0x457ff000, size: 0x1800000, IsMIU0: 1.
I//lib/ld-linux.so.3(  743): E_MMAP_ID_PHOTO_SHAREMEM PA: 0x167bc000, VA: 0x443fa000, size: 0x400, IsMIU0: 1.
I//lib/ld-linux.so.3(  743): E_MMAP_ID_JPD_READ PA: 0x167bc400, VA: 0x443fa400, size: 0x50080, IsMIU0: 1.
I//lib/ld-linux.so.3(  743): E_MMAP_ID_JPD_WRITE PA: 0x1680c480, VA: 0x4444a480, size: 0x3fc000, IsMIU0: 1.
I//lib/ld-linux.so.3(  743): E_MMAP_ID_PHOTO_DISPLAY PA: 0x163c0000, VA: 0x43ffe000, size: 0x3fc000, IsMIU0: 1.
I//lib/ld-linux.so.3(  743): E_MMAP_ID_PHOTO_INTER PA: 0x16c08480, VA: 0x44846480, size: 0x630000, IsMIU0: 1.
I//lib/ld-linux.so.3(  743): E_MMAP_ID_PHOTO_MPO_INTER PA: 0x17238480, VA: 0x44e76480, size: 0x3fc000, IsMIU0: 1.
I//lib/ld-linux.so.3(  743): E_MMAP_ID_VDPLAYER_DATA PA: 0x163c0000, VA: 0x43ffe000, size: 0x1000, IsMIU0: 1.
I//lib/ld-linux.so.3(  743): E_MMAP_ID_VDPLAYER_BITSTREAM PA: 0x16d40000, VA: 0x4497e000, size: 0x400000, IsMIU0: 1.
I//lib/ld-linux.so.3(  743): E_MMAP_ID_VDPLAYER_BITSTREAM_EXT PA: 0x16940000, VA: 0x4457e000, size: 0x400000, IsMIU0: 1.
I//lib/ld-linux.so.3(  743): E_MMAP_ID_SUBTITLE PA: 0x16740000, VA: 0x4437e000, size: 0x1e0000, IsMIU0: 1.
I//lib/ld-linux.so.3(  743): E_MMAP_ID_MAD_DEC PA: 0x15c40000, VA: 0x4387e000, size: 0x280000, IsMIU0: 1.
I//lib/ld-linux.so.3(  743): E_MMAP_ID_VDEC_CPU PA: 0x1b800000, VA: 0x4943e000, size: 0x200000, IsMIU0: 1.
I//lib/ld-linux.so.3(  743): E_MMAP_ID_VDEC_FRAMEBUFFER PA: 0x1ba00000, VA: 0x4963e000, size: 0x1b00000, IsMIU0: 1.
I//lib/ld-linux.so.3(  743): E_MMAP_ID_VDEC_FRAMEBUFFERSD PA: 0x1ba00000, VA: 0x4963e000, size: 0x1b00000, IsMIU0: 1.
I//lib/ld-linux.so.3(  743): E_MMAP_ID_VDEC_BITSTREAM PA: 0x1d500000, VA: 0x4b13e000, size: 0x800000, IsMIU0: 1.
I//lib/ld-linux.so.3(  743): E_MMAP_ID_VDEC_MVC_FRAMEBUFFER PA: 0x1ba00000, VA: 0x4963e000, size: 0x2b00000, IsMIU0: 1.
I//lib/ld-linux.so.3(  743): E_MMAP_ID_VDEC_MVC_BITSTREAM PA: 0x1e500000, VA: 0x4c13e000, size: 0x1600000, IsMIU0: 1.
I//lib/ld-linux.so.3(  743): E_MMAP_ID_DMX_SECBUF PA: 0xd0000, VA: 0x4120e000, size: 0x70000, IsMIU0: 1.
I//lib/ld-linux.so.3(  743): Thread name: mapi_cpcodec.
I//lib/ld-linux.so.3(  743): ???????? Important,The MMAP ID(110) does not existed!, please check it...
I//lib/ld-linux.so.3(  743): ???????? Please update the right system configure...
I//lib/ld-linux.so.3(  743): ???????? Important,The MMAP ID(111) does not existed!, please check it...
I//lib/ld-linux.so.3(  743): ???????? Please update the right system configure...
I//lib/ld-linux.so.3(  743): Panel width: 1280, heigt: 720.
I//lib/ld-linux.so.3(  743): MPO SBS width: 1792, heigt: 504.
I//lib/ld-linux.so.3(  743): Output Buffer start: 0x4444a480, BUS address start: 0x5680c480, size: 0x3fc000.
I//lib/ld-linux.so.3(  743): Display Buffer start: 0x43ffe000, BUS address start: 0x563c0000, size: 0x3fc000.
I//lib/ld-linux.so.3(  743): Internal Buffer start: 0x44846480, BUS address start: 0x56c08480, size: 0x630000.
I//lib/ld-linux.so.3(  743): MPO Internal Buffer start: 0x44e76480, BUS address start: 0x57238480, size: 0x3fc000.
I//lib/ld-linux.so.3(  743): MSrv_MM_PhotoPlayer::Initialize() Done.
I//lib/ld-linux.so.3(  743): >>> MSrv_MM_VideoPlayer  Initialize 
I//lib/ld-linux.so.3(  743): mapi_cpcodec::Initialize(). eDecoderPath:2
I//lib/ld-linux.so.3(  743): ******Amplifier_TI5707_SWMute(0)
I//lib/ld-linux.so.3(  743): 5707write fail = 7
I//lib/ld-linux.so.3(  743): 5707write fail = 7
I//lib/ld-linux.so.3(  743): 5707write fail = 7
I//lib/ld-linux.so.3(  743): 5707write fail = 7
D/IMMPlayer(  739): Get ret:0
D/IMMPlayer(  739): Send PLAYER_COMMAND_ADD_EVENT_RECIPIENT_FPTR
D/IMMPlayer(  739): Get ret:1
D/IMMPlayer(  739): Send MM_SetPlayerTimeOutValue
D/IMMPlayer(  739): pTimeOutInfo->u32FileIOTimeOut:4294967295
D/IMMPlayer(  739): pTimeOutInfo->u32FileReadTimeOut:4294967295
D/IMMPlayer(  739): pTimeOutInfo->u32FileSeekTimeOut:4294967295
D/IMMPlayer(  739): pTimeOutInfo->u32DecodeCtrlTimeOut:4294967295
D/IMMPlayer(  739): pTimeOutInfo->u32ESBuffCtrlTimeOut:-1
I//lib/ld-linux.so.3(  743): 5707write fail = 6
I//lib/ld-linux.so.3(  743): Panel width: 01280, heigt: 720.
I//lib/ld-linux.so.3(  743): Thread name: MM_Audio.
I//lib/ld-linux.so.3(  743): Thread name: MM_Audio.
D/IMMPlayer(  739): Get ret:0
D/IMMPlayer(  739): Send MM_SetStreamTotalTime
D/IMMPlayer(  739): u32TotalTime:6593999
D/IMMPlayer(  739): Get ret:0
D/IMMPlayer(  739): Send MM_CreateMediaItem
D/IMMPlayer(  739): stMedia.u32FileID:329688
D/IMMPlayer(  739): stMedia.u32FileSecondID:0
D/IMMPlayer(  739): stMedia.u32FileThirdID:0
D/IMMPlayer(  739): stMedia.u32FileFourthID:0
D/IMMPlayer(  739): stMedia.u64FileLength:18446744073709551615
D/IMMPlayer(  739): stMedia.eMediaType:2
D/IMMPlayer(  739): stMedia.eMediaFileType:2
D/IMMPlayer(  739): stMedia.eMediaCreateMode:0
D/IMMPlayer(  739): stMedia.u32CtlFlag:66
D/Downloader(  739): Content-Length: 841676
D/Downloader(  739): 
D/IMMPlayer(  739): Get ret:0
D/MstarPlayer(  739): media item 0x1
D/MstarPlayer(  739): MstarPlayer::doPrepare done
I//lib/ld-linux.so.3(  743): Video Item Info, file ID: 0x507d8, file length: 0xffffffff 0xffffffff.
I//lib/ld-linux.so.3(  743): Output Resolution: DISPLAY_DACOUT_576P or DISPLAY_DACOUT_720P_50 or DISPLAY_DACOUT_1080P_50.
I//lib/ld-linux.so.3(  743): >>>GetDRMSetting From EEPROM
I//lib/ld-linux.so.3(  743): mapi_cpcodec::CreateMedia(): 981138.
I//lib/ld-linux.so.3(  743): 1 File ID: 0x507d8, 2 File ID: 0x0, 3 File ID: 0x0, 4 File ID: 0x0.
I//lib/ld-linux.so.3(  743): File size: 0xffffffff ffffffff.
I//lib/ld-linux.so.3(  743): Media Type: 0, File Type: 2, Create Mode: 0.
I//lib/ld-linux.so.3(  743): mapi_cpcodec::videoCreateMedia().
I//lib/ld-linux.so.3(  743): Reconfigure Buffer.
I//lib/ld-linux.so.3(  743): E_MMAP_ID_VDEC_FRAMEBUFFER PA: 0x1ba00000, VA: 0x4963e000, size: 0x1b00000, IsMIU0: 1.
I//lib/ld-linux.so.3(  743): E_MMAP_ID_VDEC_FRAMEBUFFERSD PA: 0x1ba00000, VA: 0x4963e000, size: 0x1b00000, IsMIU0: 1.
I//lib/ld-linux.so.3(  743): E_MMAP_ID_VDEC_BITSTREAM PA: 0x1d500000, VA: 0x4b13e000, size: 0x800000, IsMIU0: 1.
I//lib/ld-linux.so.3(  743): E_MMAP_ID_VDEC_MVC_FRAMEBUFFER PA: 0x1ba00000, VA: 0x4963e000, size: 0x2b00000, IsMIU0: 1.
I//lib/ld-linux.so.3(  743): E_MMAP_ID_VDEC_MVC_BITSTREAM PA: 0x1e500000, VA: 0x4c13e000, size: 0x1600000, IsMIU0: 1.
I//lib/ld-linux.so.3(  743): Copy TSP FW bin 2a16e548 -> 4120e000; 4400
I//lib/ld-linux.so.3(  743): drop error frame.
I//lib/ld-linux.so.3(  743): pCodecMedia eFileType:2,eAppType:0 
I//lib/ld-linux.so.3(  743): default unseekable Stream mode config: Set preload size 0x4000
I//lib/ld-linux.so.3(  743): Stream mode. Set read header require size: MIN_REQUIRE_SIZE
I//lib/ld-linux.so.3(  743): Stream mode. for ts,Set read header probe option: (E_VDP_READ_HEADER_PROBE_AUDIO_DISABLE | E_VDP_READ_HEADER_PROBE_DURATION_DISABLE)
I//lib/ld-linux.so.3(  743): TS total time is 6593999
I//lib/ld-linux.so.3(  743): >>>>  DRM start  DRM MODEL ID  0x3031
I//lib/ld-linux.so.3(  743): LoadDRMMemory();
I//lib/ld-linux.so.3(  743): Display Msg: 29.
I//lib/ld-linux.so.3(  743):  set Frame buffer info  MAX_FRAMENUM 4   MAX_FIELDNUM  16
I//lib/ld-linux.so.3(  743): Enable TS Subtitle codec state  1
I//lib/ld-linux.so.3(  743): [CI][HbbTV-VOD]<INFO>:[1364800176.471370] MM init start
I//lib/ld-linux.so.3(  743): videoCreateMedia Done.
I//lib/ld-linux.so.3(  743): Create CP Ccodec Video Media Done.
I//lib/ld-linux.so.3(  743): Device or resource busy
I//lib/ld-linux.so.3(  743): Cannot open interrupt descriptor for irq=147 Auth OK
I//lib/ld-linux.so.3(  743): Check S/W IP Statue
I//lib/ld-linux.so.3(  743): [0]:OFF; [1]:OFF; [2]:OFF; [3]:ON
I//lib/ld-linux.so.3(  743): [4]:OFF; [5]:OFF; [6]:OFF; [7]:OFF
I//lib/ld-linux.so.3(  743): [8]:OFF; [9]:OFF; [10]:OFF; [11]:ON
I//lib/ld-linux.so.3(  743): [12]:ON; [13]:OFF; [14]:OFF; [15]:OFF
I//lib/ld-linux.so.3(  743): [16]:OFF; [17]:OFF; [18]:OFF; [19]:ON
I//lib/ld-linux.so.3(  743): [20]:ON; [21]:ON; [22]:ON; [23]:ON
I//lib/ld-linux.so.3(  743): [24]:OFF; [25]:OFF; [26]:OFF; [27]:ON
I//lib/ld-linux.so.3(  743): [28]:ON; [29]:ON; [30]:ON; [31]:OFF
I//lib/ld-linux.so.3(  743): [32]:OFF; [33]:ON; [34]:ON; [35]:OFF
I//lib/ld-linux.so.3(  743): [36]:OFF; [37]:OFF; [38]:OFF; [39]:ON
I//lib/ld-linux.so.3(  743): [40]:ON; [41]:OFF; [42]:OFF; [43]:OFF
I//lib/ld-linux.so.3(  743): [44]:OFF; [45]:OFF; [46]:OFF; [47]:OFF
I//lib/ld-linux.so.3(  743): [48]:OFF; [49]:OFF; [50]:OFF; [51]:OFF
I//lib/ld-linux.so.3(  743): [52]:OFF; [53]:OFF; [54]:OFF; [55]:OFF
I//lib/ld-linux.so.3(  743): [56]:OFF; [57]:OFF; [58]:OFF; [59]:OFF
I//lib/ld-linux.so.3(  743): [60]:OFF; [61]:OFF; [62]:OFF; [63]:OFF
I//lib/ld-linux.so.3(  743): Subtitle File Open Fail !!
I//lib/ld-linux.so.3(  743): Attached File Open Fail !!
I//lib/ld-linux.so.3(  743): Audio File Fail!!
I//lib/ld-linux.so.3(  743): Blocking Read: 0, size: 0x1000.
D/MediaPlayerService(  739): [12] notify (0x50da8, 3, 1, 0)
I//lib/ld-linux.so.3(  743): Blocking Read: 200, size: 0x8000.
I//lib/ld-linux.so.3(  743): File format : TS
D/HomePlayerLib( 1656): hostaddress count is 1
D/dalvikvm( 1656): GC_CONCURRENT freed 2054K, 45% free 7332K/13315K, paused 4ms+3ms
I//lib/ld-linux.so.3(  743): Blocking Read: 305, size: 0x20000.
I//lib/ld-linux.so.3(  743): Bitrate = 262144 Byte/s, Duration = 6593999 ms
I//lib/ld-linux.so.3(  743): PackSize = 28200 Byte.
I//lib/ld-linux.so.3(  743): ==============================================================================================
I//lib/ld-linux.so.3(  743): Data:MIU0; Bits:MIU0; MAD:MIU0; MVD:MIU0; SVD:MIU0; FB:MIU0; TSP:MIU0; FBL:No
I//lib/ld-linux.so.3(  743): Bit Buffer:0x4497e000      Size:0x400000
I//lib/ld-linux.so.3(  743): Subtitle Bit Buffer:0x4437e000     Size:0x1b0000
I//lib/ld-linux.so.3(  743): MAD Buffer:0x4387e000
I//lib/ld-linux.so.3(  743): MADExt Buffer:0x4457e000   Size:0x400000
I//lib/ld-linux.so.3(  743): VDEC FW Buffer:0x4943e000  Size:0x200000
I//lib/ld-linux.so.3(  743): Frame Buffer:0x4963e000    Size:0x1b00000
I//lib/ld-linux.so.3(  743): MVD Buffer:0x4b13e000      Size:0x800000
I//lib/ld-linux.so.3(  743): TSP FW Buffer:0x4120e000   Size:0x70000
I//lib/ld-linux.so.3(  743): Data Buffer:0x163d1000     Size:0x36f000
I//lib/ld-linux.so.3(  743): Attached File Buffer Size:0xffffffff
I//lib/ld-linux.so.3(  743): -> Demuxer:0x164f8000      Size:0x248000
I//lib/ld-linux.so.3(  743): -> SeqHeader:0x4400f000    Size:0x1000
I//lib/ld-linux.so.3(  743): -> MOV Table:0x4963e000    Size:0x1b00000
I//lib/ld-linux.so.3(  743): -> MOV Static:0x44010000   Size:0x100000
I//lib/ld-linux.so.3(  743): -> DRM Payload:0x44110000  Size:0x4000
I//lib/ld-linux.so.3(  743): -> DRM Playback Context:0x44114000 Size:0x1000
I//lib/ld-linux.so.3(  743): -> MADExtend:0x44116000    Size:0x20000
I//lib/ld-linux.so.3(  743): -> NonCache Area:0x44115000        Size:0x1000
I//lib/ld-linux.so.3(  743): -> Reserved Size:0x0
I//lib/ld-linux.so.3(  743): ==============================================================================================
I//lib/ld-linux.so.3(  743): Initialize TS HW
I//lib/ld-linux.so.3(  743): HAL_VPU_EX_SetDbgLevel eLevel=0x1
I//lib/ld-linux.so.3(  743): Load AAC Audio Codec.
I//lib/ld-linux.so.3(  743): ========AAC Audio Codec========
I//lib/ld-linux.so.3(  743): ===== Check Audio Decoder Protection from hash-key IP =====
I//lib/ld-linux.so.3(  743): Hash-key Support DD.
I//lib/ld-linux.so.3(  743): Hash-key Support DD+.
I//lib/ld-linux.so.3(  743): Hash-key Support Generic HE-AAC !!
I//lib/ld-linux.so.3(  743): Hash-key Support WMA.
I//lib/ld-linux.so.3(  743): Hash-key Support DRA.
I//lib/ld-linux.so.3(  743): ===== Check Protection IP End                         =====
I//lib/ld-linux.so.3(  743): ******Amplifier_TI5707_SWMute(0)
I//lib/ld-linux.so.3(  743): 5707write fail = 7
I//lib/ld-linux.so.3(  743): 5707write fail = 7
I//lib/ld-linux.so.3(  743): 5707write fail = 7
I//lib/ld-linux.so.3(  743): 5707write fail = 7
I//lib/ld-linux.so.3(  743): 5707write fail = 6
I//lib/ld-linux.so.3(  743): DS enable = 0
I//lib/ld-linux.so.3(  743): Blocking Read: 0, size: 0x4000.
I//lib/ld-linux.so.3(  743): To ask Dynscaling Size from vdec  0xc00
I//lib/ld-linux.so.3(  743): jim:xxxxxxxxxxxxxxxxxxxxxxxxxxxxxxxxxxxxxxxxxxxxxxx
I//lib/ld-linux.so.3(  743):  Size(1280x560), Disp(1280x560), Par(1x1), FrameRate:29970, Interlace:0
I//lib/ld-linux.so.3(  743): 1st sequence header Decode Ready!! **
D/MonitorCw880( 1547): currentRemoteHost is null ,continue
D/MstarPlayer(  739): Get E_EVENT_INIT_OK event.
D/DataSource_M3U8(  739): 
D/DataSource_M3U8(  739):  notify : 0 
D/IMMPlayer(  739): Send MM_EnableSubtitleShow
D/IMMPlayer(  739): u32Item:1
D/IMMPlayer(  739): bEnable:1
I//lib/ld-linux.so.3(  743): [CI][HbbTV-VOD]<INFO>:[1364800177.323829] MM init done
D/IMMPlayer(  739): Get ret:1
D/MstarPlayer(  739): <<<<<set init done flag
D/MstarPlayer(  739): <<<<<<<<<Init done
D/IMMPlayer(  739): Send MM_GetMetaData
D/IMMPlayer(  739): u32Item:1
D/IMMPlayer(  739): eMetadata:11
D/IMMPlayer(  739): u32BuffSize:4
D/IMMPlayer(  739): Get ret:0
D/IMMPlayer(  739): Send MM_GetMetaData
D/IMMPlayer(  739): u32Item:1
D/IMMPlayer(  739): eMetadata:12
D/IMMPlayer(  739): u32BuffSize:4
D/IMMPlayer(  739): Get ret:0
D/MediaPlayerService(  739): [12] notify (0x50da8, 5, 1280, 560)
D/MstarPlayer(  739): MstarPlayer::initRender
V/MediaControler( 1593): onVideoSizeChanged called
I//lib/ld-linux.so.3(  743): E_CPCODEC_MSG_INIT_OK: 981992.
D/MstarPlayer(  739): MstarPlayer::initRender Done.
D/MstarPlayer(  739): prepare done....video size 1280,560
D/MediaPlayerService(  739): [12] notify (0x50da8, 1, 0, 0)
D/MediaControler( 1593): onPrepared ok
D/MediaControler( 1593): width:1280
D/MediaControler( 1593): height:560
D/MediaControler( 1593): start play
D/MstarPlayer(  739): MstarPlayer::setLooping=0
D/MstarPlayer(  739): playerType
D/MstarPlayer(  739): MstarPlayer::setLooping=0
D/IMMPlayer(  739): Send MM_Play
D/IMMPlayer(  739): u32Item:1
D/IMMPlayer(  739): Get ret:0
I//lib/ld-linux.so.3(  743): mapi_cpcodec::Play(): 982007.
I//lib/ld-linux.so.3(  743): [CI][HbbTV-VOD]<INFO>:[1364800177.340045] MM play start
D/MediaControler( 1593): start play
D/VideoPlayer( 1593): onPlayStart
D/NetTransportUtil( 1593): request Url  :http://wasu.feifeikan.com:8080/msis/getRelateAsset?version=V001&terminalType=1&resolution=1280*720&userCode=null&resourceCode=11500&authKey=d22e708ab450d3fbae4ecb4282835605
I//lib/ld-linux.so.3(  743): MApp_VDPlayer_Play
I//lib/ld-linux.so.3(  743): [CI][HbbTV-VOD]<INFO>:[1364800177.349401] MM setup display start
I//lib/ld-linux.so.3(  743): Display Msg: 33.
I//lib/ld-linux.so.3(  743): Screen Setting: 1.
I//lib/ld-linux.so.3(  743): Set Black Screen ON.
I//lib/ld-linux.so.3(  743): Video set up display.
I//lib/ld-linux.so.3(  743): Scaler frame buffer mode.
I//lib/ld-linux.so.3(  743): stDisplayInfo.u32OutputRate: 0.
I//lib/ld-linux.so.3(  743): Display Msg: 28.
I//lib/ld-linux.so.3(  743): Video Width: 1280, Height: 560, FrameRate: 29970, Interlace: 0.
I//lib/ld-linux.so.3(  743): crop: left=0, right=0, top=0, bottom=0
I//lib/ld-linux.so.3(  743): Video Type: 2.
I//lib/ld-linux.so.3(  743): Video PAR Width: 1280, Height: 560.
I//lib/ld-linux.so.3(  743): Video Aspect Ratio: 16x7.
I//lib/ld-linux.so.3(  743): 1. Display Rect: x: 0, y: 0, width: 1280, height: 720.
I//lib/ld-linux.so.3(  743): 2. Display Rect: x: 0, y: 80, width: 1280, height: 560.
I//lib/ld-linux.so.3(  743): CropRect u16X=0, u16Y=0, u16Width=1280, u16Height=560
I//lib/ld-linux.so.3(  743): DispRect u16X=0, u16Y=80, u16Width=1280, u16Height=560
I//lib/ld-linux.so.3(  743): Scaler start: 0x17bc1000, size: 0x1800000.
I//lib/ld-linux.so.3(  743): MVOP switch to MIU 0.
I//lib/ld-linux.so.3(  743): ->u16FrameRate = 29970
I//lib/ld-linux.so.3(  743): ->u8Interlace = 0
I//lib/ld-linux.so.3(  743): ->u16HorSize = 1280
I//lib/ld-linux.so.3(  743): ->u16VerSize = 560
I//lib/ld-linux.so.3(  743): Crop Win, X: 0, Y: 0, W: 1280, H: 560.
I//lib/ld-linux.so.3(  743): Diso Win, X: 0, Y: 80, W: 1280, H: 560.
I//lib/ld-linux.so.3(  743): [MApi_Video] CropWin assigned: x,y,w,h=0,0,1280,560
I//lib/ld-linux.so.3(  743): [MApi_Video] DstWin assigned: x,y,w,h=0,80,1280,560
I//lib/ld-linux.so.3(  743): [MApi_Video] SrcWin1[Win=0]: x,y,w,h=152,18,1280,560
I//lib/ld-linux.so.3(  743): [MApi_Video] CropWin1: x,y,w,h=0,0,1280,560
I//lib/ld-linux.so.3(  743): [MApi_Video] DispWin1: x,y,w,h=0,80,1280,560
I//lib/ld-linux.so.3(  743): === open 3D OverScan ===
I//lib/ld-linux.so.3(  743): [MApi_Video] SrcWin2: x,y,w,h=152,18,1280,560
I//lib/ld-linux.so.3(  743): [MApi_Video] CropWin2: x,y,w,h=0,0,1280,560
I//lib/ld-linux.so.3(  743): [MApi_Video] DispWin2: x,y,w,h=0,80,1280,560
I//lib/ld-linux.so.3(  743): [MApi_Video] SrcWin3: x,y,w,h=152,18,1280,560
I//lib/ld-linux.so.3(  743): [MApi_Video] CropWin3: x,y,w,h=0,0,1280,560
I//lib/ld-linux.so.3(  743): [MApi_Video] DispWin3: x,y,w,h=0,80,1280,560
I//lib/ld-linux.so.3(  743): [MApi_Video] SrcWin5[Win=0]: x,y,w,h=152,18,1280,560
I//lib/ld-linux.so.3(  743): [MApi_Video] CropWin5: x,y,w,h=0,0,1280,560
I//lib/ld-linux.so.3(  743): [MApi_Video] DispWin5: x,y,w,h=0,80,1280,560
D/MediaControler( 1593): surfaceChanged
D/MediaPlayerService(  739): [12] setVideoSurfaceTexture(0x3b710)
I//lib/ld-linux.so.3(  743): [MApi_Video] DLC cap Hstart=1, Hend=501, Vstart=46, Vend=1ea
I//lib/ld-linux.so.3(  743): Read Bandwidthtable.bin
D/MstarPlayer(  739): Get E_EVENT_DECODE_FIRST_FRAME_DONE event.
D/dalvikvm( 1656): GC_CONCURRENT freed 2039K, 45% free 7407K/13315K, paused 3ms+4ms
I//lib/ld-linux.so.3(  743): enPQMNRType is 1
I//lib/ld-linux.so.3(  743): enPQFLType is 1
I//lib/ld-linux.so.3(  743):    [Plugins_PatchPQ]Customer Path PQ Add here
I//lib/ld-linux.so.3(  743): [CI][HbbTV-VOD]<INFO>:[1364800177.591925] MM setup display done
D/MstarPlayer(  739): Read DisplayRectangle FIFO x 0, y 0, w 1280, h 720
D/MstarPlayer(  739): setDisplayRectangle  x 0, y 0, w 1280, h 720
D/IMMPlayer(  739): Send MM_SetDisplayRectangle
D/IMMPlayer(  739): u32Item:1
D/IMMPlayer(  739): stRect u16X:0
D/IMMPlayer(  739): stRect u16Y:0
D/IMMPlayer(  739): stRect u16Height:720
D/IMMPlayer(  739): stRect u16Width:1280
I//lib/ld-linux.so.3(  743): Video PAR Width: 1280, Height: 560.
I//lib/ld-linux.so.3(  743): Video Aspect Ratio: 16x7.
I//lib/ld-linux.so.3(  743): 1. Display Rect: x: 0, y: 0, width: 1280, height: 720.
I//lib/ld-linux.so.3(  743): 2. Display Rect: x: 0, y: 80, width: 1280, height: 560.
I//lib/ld-linux.so.3(  743): CropRect u16X=0, u16Y=0, u16Width=1280, u16Height=560
I//lib/ld-linux.so.3(  743): DispRect u16X=0, u16Y=80, u16Width=1280, u16Height=560
I//lib/ld-linux.so.3(  743): Crop Win, X: 0, Y: 0, W: 1280, H: 560.
I//lib/ld-linux.so.3(  743): Diso Win, X: 0, Y: 80, W: 1280, H: 560.
I//lib/ld-linux.so.3(  743): [MApi_Video] CropWin assigned: x,y,w,h=0,0,1280,560
I//lib/ld-linux.so.3(  743): [MApi_Video] DstWin assigned: x,y,w,h=0,80,1280,560
I//lib/ld-linux.so.3(  743): [MApi_Video] SrcWin1[Win=0]: x,y,w,h=152,18,1280,560
I//lib/ld-linux.so.3(  743): [MApi_Video] CropWin1: x,y,w,h=0,0,1280,560
I//lib/ld-linux.so.3(  743): [MApi_Video] DispWin1: x,y,w,h=0,80,1280,560
I//lib/ld-linux.so.3(  743): === open 3D OverScan ===
I//lib/ld-linux.so.3(  743): [MApi_Video] SrcWin2: x,y,w,h=152,18,1280,560
I//lib/ld-linux.so.3(  743): [MApi_Video] CropWin2: x,y,w,h=0,0,1280,560
I//lib/ld-linux.so.3(  743): [MApi_Video] DispWin2: x,y,w,h=0,80,1280,560
I//lib/ld-linux.so.3(  743): [MApi_Video] SrcWin3: x,y,w,h=152,18,1280,560
I//lib/ld-linux.so.3(  743): [MApi_Video] CropWin3: x,y,w,h=0,0,1280,560
I//lib/ld-linux.so.3(  743): [MApi_Video] DispWin3: x,y,w,h=0,80,1280,560
I//lib/ld-linux.so.3(  743): [MApi_Video] SrcWin5[Win=0]: x,y,w,h=152,18,1280,560
I//lib/ld-linux.so.3(  743): [MApi_Video] CropWin5: x,y,w,h=0,0,1280,560
I//lib/ld-linux.so.3(  743): [MApi_Video] DispWin5: x,y,w,h=0,80,1280,560
I//lib/ld-linux.so.3(  743): [MApi_Video] DLC cap Hstart=1, Hend=501, Vstart=46, Vend=1ea
D/MstarPlayer(  739): MstarPlayer::getDuration  mFlag: 0x5
D/VideoPlayer( 1593): onPlayStart duration:6593 timeCode:0
D/VodAction( 1593): getRelateAssetList:{"ret":"0","assetList":[{"resourceCode":10774,"type":"0","assetName":"人再囧途之泰囧","assetENName":null,"mlName":"中文","captionName":"国语","assetTypes":"喜剧片","originName":"内地","issuerName":null,"trackType":"1","chapters":1,"viewLevel":"1","describ":null,"director":"徐峥","leadingActor":"徐峥;黄渤;王宝强;陶虹;谢楠","screenWriter":null,"prize":null,"keyWord":"人再囧途之泰囧;王宝强;陶虹;徐峥;黄渤;谢楠;徐峥;喜剧片","status":"1","recommendationLevel":8,"remark":null,"publishDate":"2012-12-12","letter":"renzaijiongtuzhitaijiong","assetTypeIds":"10009","letterAb":"RZJTZTJ","providerID":"coshipott","stbSuggestedPrice":0.00,"ottSuggestedPrice":0.00,"showType":"Movie","series":null,"contentNibbleLevel_1":0,"contentNibbleLevel_2":0,"stbLicensingWindowStart":null,"stbLicensingWindowEnd":null,"ottLicensingWindowStart":null,"ottLicensingWindowEnd":null,"summaryLong":"徐峥和王宝强泰国相逢，再遇囧事一箩筐，徐峥饰演的成功商务男依旧对王宝强充满鄙视。两人先后上演在寺庙遇到人妖和电梯里误会美女的无奈事件。而黄渤饰演的表情严肃黑衣男，与两人纠缠不休，三人更是险些丧命……","summaryMedium":null,"summaryShort":"徐峥、王宝强和黄渤泰国相逢，再遇囧事一箩筐，三人笑料迭出","propagationPriority":8,"year":null,"cityCode":"100000","gradeCode":"P","playCount":1404,"createTime":"2013-03-04 15:16:22","vcr":"FRAB","isRecommend":0,"playTime":0,"videoType":0,"posterInfo":[{"resolution":null,"terminalType":0,"serverLocalPath":"http://photo.feifeikan.com:80/ott-poster/poster_root/movie_poster/TWSX1000000000000254/poster/256x383/20130304151846332_0175.jpg","PosterID":10182,"OwnerCode":"10774","PosterType":1,"FileName":"人再囧途之泰囧.jpg","UploadTime":"2013-03-04 15:18:46","FileSize":31525,"Status":1,"LocalPath":"http://photo.feifeikan.com:80/ott-poster/poster_root/movie_poster/TWSX1000000000000254/poster/256x383/20130304151846332_0175.jpg","Width":256,"Height":383,"Platform":null}],"product":null,"favoriteDate":null,"assetID":"TWSX1000000000000254"},{"resourceCode":11677,"type":"0","assetName":"101次求婚","assetENName":null,"mlName":"中文","captionName":"国语","assetTypes":"爱情片","originName":"内地","issuerName":null,"trackType":"1","chapters":1,"viewLevel":"1","describ":null,"director":"陈正道","leadingActor":"黄渤;林志玲;高以翔;秦海璐;武田铁矢;王迅","screenWriter":null,"prize":null,"keyWord":"101次求婚;高以翔;秦海璐;武田铁矢;林志玲;黄渤;王迅;陈正道;爱情片","status":"1","recommendationLevel":8,"remark":null,"publishDate":"2013-02-12","letter":"101ciqiuhun","assetTypeIds":"10000","letterAb":"101CQH","providerID":"coshipott","stbSuggestedPrice":0.00,"ottSuggestedPrice":0.00,"showType":"Movie","series":null,"contentNibbleLevel_1":0,"contentNibbleLevel_2":0,"stbLicensingWindowStart":null,"stbLicensingWindowEnd":null,"ottLicensingWindowStart":null,"ottLicensingWindowEnd":null,"summaryLong":"乐团的大提琴手叶薰（林志玲 饰）因为三年前的未婚夫许卓（高以翔 饰）因车祸缺席婚礼而受到伤害，三年来美丽高雅的她虽然身边追求者不断，自己却无法再爱上一个人。不期然的是，黄达（黄渤 饰），一个平凡的不能再平凡，在相亲路上饱受挫折的包工头闯入她的生活，打破了叶薰原本宁静的生活。二人因为一次黄达帮叶薰解围了一场演变成闹剧的相亲而相识，叶薰更是帮黄达要回了被拖欠许久的工程款。在一来一往的相处中，黄达逐渐被叶薰独特的气质吸引，不顾一切的展开了对叶薰的爱情攻势。而叶薰也在想方设法的回绝黄达的过程中对这个执着的为自己付出的男人渐生情愫。然而就在叶薰为黄达的真情所动时，消失了三年的许卓重新出现在了她的生活中，成了二人感情的最大障碍…","summaryMedium":null,"summaryShort":"该片改编自1991年的
                                                                                                                                   D/dalvikvm( 1593): GC_CONCURRENT freed 888K, 20% free 25697K/31939K, paused 3ms+6ms
D/MstarPlayer(  739): E_EVENT_PLAYING_OK
I//lib/ld-linux.so.3(  743): Video is in playing state.
D/IMMPlayer(  739): Get ret:0
D/InputEventConsistencyVerifier( 1593): KeyEvent: ACTION_UP but key was not down.
D/InputEventConsistencyVerifier( 1593):   in com.android.internal.policy.impl.PhoneWindow$DecorView@417ee658
D/InputEventConsistencyVerifier( 1593):   0: sent at 982821000000, KeyEvent { action=ACTION_UP, keyCode=KEYCODE_BACK, scanCode=158, metaState=0, flags=0x8, repeatCount=0, eventTime=982821, downTime=982660, deviceId=2, source=0x101 }
D/InputEventConsistencyVerifier( 1593):   -- recent events --
D/InputEventConsistencyVerifier( 1593):   1: sent at 977752000000, (unhandled) KeyEvent { action=ACTION_UP, keyCode=KEYCODE_DPAD_LEFT, scanCode=105, metaState=0, flags=0x80000028, repeatCount=0, eventTime=977752, downTime=977701, deviceId=2, source=0x101 }
D/VideoPlayer( 1593): loadRecommendRelResource size:10
I//lib/ld-linux.so.3(  743): STC Updated by Video: (1572394->600934)
D/Downloader(  739): Downloadserver bandWidth:2646779
D/Downloader(  739): Downloadserver bandWidth:2646779
D/Downloader(  739): Downloadserver bandWidth:2646779
D/Downloader(  739): Downloadserver bandWidth:2646779
D/DataSource_M3U8(  739): 
D/DataSource_M3U8(  739):  Warnig::  getValidBufferLength()  <  Codec require !!!
I//lib/ld-linux.so.3(  743): Audio Sync STC mode.(TS) 
I//lib/ld-linux.so.3(  743): FrmCnt:5(0,0,0) Rate:90163 Sys:983704 STC:601614 VPTS:600934 APTS:601608 Delay:-647(33) V:0 A:14 VES:0x52460 AES:0x0 PCM:0x0 AudioErr:0x0
I//lib/ld-linux.so.3(  743): 1st Decode & Display Ready!!
I//lib/ld-linux.so.3(  743): Display Msg: 33.
I//lib/ld-linux.so.3(  743): Screen Setting: 1.
I//lib/ld-linux.so.3(  743): 2. Set Black Screen OFF.
I//lib/ld-linux.so.3(  743): Clr Sync STC
D/DataSource_M3U8(  739): u32HLSSreamNum[0]===>u32BandWidth:968000 
D/DataSource_M3U8(  739): getHLSPlayListInex  DownloadBandWidth:2646779   uInDex=0
D/DataSource_M3U8(  739): [M3U8] checkShouldStartNext :[1](841676/841676)   sequence:0  start next:2  
D/DataSource_M3U8(  739): 
D/DataSource_M3U8(  739): 
D/DataSource_M3U8(  739): 
D/DataSource_M3U8(  739): [M3U8]-7----->This :0x50878 --> post cmd for start next url:http://61.187.102.42/vod.feifeikan.com/vod/coshipottTWSX1000000000000898_900/3.ts, knowedFileSize:0, mCurDowningIndex:1
D/DataSource_M3U8(  739): 
D/DataSource_M3U8(  739): 
D/Downloader(  739): [downloadThread]Downloader::removeTask  
D/Downloader(  739): [downloadThread]task have range string:0- 
I//lib/ld-linux.so.3(  743): [CI][HbbTV-VOD]<INFO>:[1364800179.311020] MM play done
D/DataSource_M3U8(  739): 
D/DataSource_M3U8(  739):  Warnig::  getValidBufferLength()  <  Codec require !!!
I/MediaControler( 1593): pause called isPlaying:
I/MediaControler( 1593): pause called
D/MstarPlayer(  739): MstarPlayer::pause
D/IMMPlayer(  739): Send MM_SetTrickMode
D/IMMPlayer(  739): u32Item:1
D/IMMPlayer(  739): stTrickInfo->eMode:1
D/IMMPlayer(  739): stTrickInfo->eSpeed:1
D/IMMPlayer(  739): Get ret:0
D/VideoPlayer( 1593): onPlayPause
I//lib/ld-linux.so.3(  743): 1. Mode: 1, Speed: 1.
I//lib/ld-linux.so.3(  743): SetTrickMode, Mode: 1, Speed: 1.
I//lib/ld-linux.so.3(  743): Send to Co-processor: eMode: 0, eSpeed: 0.
D/InputEventConsistencyVerifier( 1593): KeyEvent: ACTION_UP but key was not down.
D/InputEventConsistencyVerifier( 1593):   in com.android.internal.policy.impl.PhoneWindow$DecorView@417ee658
D/InputEventConsistencyVerifier( 1593):   0: sent at 985461000000, KeyEvent { action=ACTION_UP, keyCode=KEYCODE_BACK, scanCode=158, metaState=0, flags=0x8, repeatCount=0, eventTime=985461, downTime=985131, deviceId=2, source=0x101 }
D/InputEventConsistencyVerifier( 1593):   -- recent events --
D/InputEventConsistencyVerifier( 1593):   1: sent at 982821000000, (unhandled) KeyEvent { action=ACTION_UP, keyCode=KEYCODE_BACK, scanCode=158, metaState=0, flags=0x80000008, repeatCount=0, eventTime=982821, downTime=982660, deviceId=2, source=0x101 }
D/InputEventConsistencyVerifier( 1593):   2: sent at 977752000000, (unhandled) KeyEvent { action=ACTION_UP, keyCode=KEYCODE_DPAD_LEFT, scanCode=105, metaState=0, flags=0x80000028, repeatCount=0, eventTime=977752, downTime=977701, deviceId=2, source=0x101 }
E/        ( 1593): get vaddr failed:pvaddr_read=0x5cf62000,pvaddr_internal=0x5d062000,pvaddr_write=0x0
D/dalvikvm( 1593): GC_FOR_ALLOC freed 1265K, 20% free 25795K/31939K, paused 59ms
I/dalvikvm-heap( 1593): Grow heap (frag case) to 29.166MB for 392208-byte allocation
D/dalvikvm( 1593): GC_FOR_ALLOC freed 4K, 20% free 26174K/32323K, paused 39ms
D/DataSource_M3U8(  739): 
D/DataSource_M3U8(  739):  Warnig::  getValidBufferLength()  <  Codec require !!!
D/MonitorCw880( 1547): currentRemoteHost is null ,continue
D/DataSource_M3U8(  739): 
D/DataSource_M3U8(  739):  Warnig::  getValidBufferLength()  <  Codec require !!!
D/VideoPlayer( 1593): clicked id:2131296325
D/VideoPlayer( 1593): onPause
D/MediaControler( 1593): stop
D/MstarPlayer(  739): MstarPlayer::stop
D/MstarPlayer(  739): request to exit async thread
D/DataSource_M3U8(  739): 
D/DataSource_M3U8(  739): Warning : ForceContentSourceReset
D/MstarPlayer(  739): exit async proc thread
D/IMMPlayer(  739): Send MM_Stop
D/IMMPlayer(  739): u32Item:1
D/MstarPlayer(  739): player waiting exit
I//lib/ld-linux.so.3(  743): MApp_VDPlayer_Stop interrupt
D/MstarPlayer(  739): player waiting exit
I//lib/ld-linux.so.3(  743): MApp_VDPlayer_Stop
I//lib/ld-linux.so.3(  743): E_VDP_DECODE_STATE_STOP --> E_VDP_DECODE_STATE_STANDBY
I//lib/ld-linux.so.3(  743): E_VDP_PHASE_DECODE --> E_VDP_PHASE_STOP
I//lib/ld-linux.so.3(  743): Clear ES buffer
I//lib/ld-linux.so.3(  743): E_VDP_PHASE_STOP --> E_VDP_PHASE_STANDBY
I//lib/ld-linux.so.3(  743): Error code 0; Stop Pos:0x0f7da0 Time:1473
I//lib/ld-linux.so.3(  743): Get MB_VDPLAYER_STOP command.
D/IMMPlayer(  739): Get ret:0
D/IMMPlayer(  739): Send MM_DeleteMediaItem
D/IMMPlayer(  739): u32Item:1
D/IMMPlayer(  739): Get ret:0
D/IMMPlayer(  739): Send PLAYER_COMMAND_REMOVE_EVENT_RECIPIENT_FPTR
D/IMMPlayer(  739): Get ret:1
D/IMMPlayer(  739): Send FINALIZE
I//lib/ld-linux.so.3(  743): Sbtitle de-init: 0.
I//lib/ld-linux.so.3(  743): MMPlayerService::Client::MM_Finalize()
I//lib/ld-linux.so.3(  743): MSrv_MM_PhotoPlayer::Finalize().
I//lib/ld-linux.so.3(  743): mapi_cpcodec::Finalize().
I//lib/ld-linux.so.3(  743): mapi_cpcodec::Finalize().
I//lib/ld-linux.so.3(  743): Do mapi_cpcodec::Finalize().
D/IMMPlayer(  739): Get ret:0
D/MMPlayer(  739): disconnect
D/MMPlayer(  739): 
D/IMMPlayer(  739): Send DISCONNECT
D/MMPlayer(  739): destructor: 0x449a8
D/MMPlayer(  739): 
D/MMPlayer(  739): disconnect
D/MMPlayer(  739): 
D/MstarPlayer(  739): MstarPlayer::clearAllSource
D/Downloader(  739): Enter Downloader::ForceExit ! 
D/DataSource_M3U8(  739): [M3U8]request to exit download thread
D/DataSource_M3U8(  739): [ContentSource_M3U8] DownloadThread Exit Done..
D/DataSource_M3U8(  739): [M3U8]request to exit mPlaylistThread thread
I//lib/ld-linux.so.3(  743): MM_Finalize done
I//lib/ld-linux.so.3(  743): V/MMPlayerService( 758 1066): disconnect(callingPid 739, clientPid 739)
I//lib/ld-linux.so.3(  743): V/MMPlayerService( 758 1066): Disconnet finalize OK.
I//lib/ld-linux.so.3(  743): V/MMPlayerService( 758 1066): removeClient(callingPid 739)
I//lib/ld-linux.so.3(  743): V/MMPlayerService( 758 1043): MMPlayerService::Client destructor(callingPid 739)
W/ActivityManager(  948): Activity pause timeout for ActivityRecord{41690a90 com.aidufei.movieonline/.player.VideoPlayer}
I/Process (  948): Sending signal. PID: 1593 SIG: 3
I/dalvikvm( 1593): threadid=3: reacting to signal 3
I/dalvikvm( 1593): Wrote stack traces to '/data/anr/traces.txt'
D/Downloader(  739): Enter Downloader::ForceExit ! 
D/Downloader(  739): [downloadThread]Downloader::removeTask  
D/Downloader(  739): ~Downloader
D/DataSource_M3U8(  739): [M3U8]~ContentSource_M3U8 done.
D/MstarPlayer(  739): setInstance: 0x0
D/MstarPlayer(  739): ==========MstarPlayer::reset : 0x3d9a8==========
D/MstarPlayer(  739): MstarPlayer::clearAllSource
D/MstarPlayer(  739): setInstance: 0x0
D/MstarPlayer(  739): reset done
D/MstarPlayer(  739): 
D/MstarPlayer(  739): =======Destroy mstar player  : 0x3d9a8========
D/VideoPlayer( 1593): onPlayStop
D/OtOService( 1593): TVContentReceiver: ACTION_TV_CONTENT_CHANGED, playType: 0 ,resourceCode: null
D/ServerAdapter( 1593): Server addr: http://wasu.feifeikan.com:8080/
E/ServerHandler( 1593): Send:com.aidufei.protocol.oto.OtOContentRequest@41ba2078
D/ServerHandler( 1593): ServerHandler send request:200:{"Status":{"ReturnCode":100,"Description":"TVContentChanged"},"ServerAddr":"http:\/\/wasu.feifeikan.com:8080\/","Volume":-1}
V/ServerHandler( 1593): ServerHandler send DatagramPacket:/192.168.1.103-[B@4216f198
D/OpenGLRenderer( 1593): Flushing caches (mode 0)
D/MediaControler( 1593): onDestroy
D/VideoPlayer( 1593): onPlayStop
D/OpenGLRenderer( 1593): Flushing caches (mode 0)
D/dalvikvm(  948): GC_CONCURRENT freed 2125K, 60% free 4423K/10947K, paused 7ms+6ms
D/MonitorCw880( 1547): currentRemoteHost is null ,continue
D/HomePlayerLib( 1656): hostaddress count is 1
D/dalvikvm( 1656): GC_CONCURRENT freed 2123K, 45% free 7410K/13315K, paused 2ms+4ms
D/dalvikvm( 1656): GC_CONCURRENT freed 2121K, 46% free 7230K/13315K, paused 2ms+4ms
E/ServerHandler( 1593): receiveRequest
V/OtORequest( 1593): parseCommand
V/OtORequest( 1593): get command=101
V/OtORequest( 1593): parse OtORequest: cmd=101 paramLength=126 bufferlen=134
V/OtORequest( 1593): parse param: param={"ResourceInfo":{"ProductCode":"","PlayType":2,"ResourceCode":"10032","ResourceName":"剧场"},"UserCode":"lylyly","SubID":""}bID":""}
E/ServerAdapter( 1593): onPlay ---------
E/ServerAdapter( 1593): onPlay =========
E/OtOService( 1593): client request play. info=com.aidufei.protocol.oto.ResourceInfo@41d00738
D/OtOService( 1593): PLAY_VOB
V/OtOService( 1593): client request play. info.code()=10032
I/ActivityManager(  948): START {flg=0x58000000 cmp=com.coship.dvbplayer/.main (has extras)} from pid 1593
D/dalvikvm(  948): GC_FOR_ALLOC freed 103K, 61% free 4341K/10947K, paused 43ms
I/dalvikvm-heap(  948): Grow heap (frag case) to 8.840MB for 1048592-byte allocation
D/dalvikvm(  948): GC_FOR_ALLOC freed 3K, 52% free 5361K/10947K, paused 39ms
D/dalvikvm(  948): GC_CONCURRENT freed <1K, 52% free 5361K/10947K, paused 2ms+4ms
E/ServerAdapter( 1593): play
E/ServerHandler( 1593): Send:com.aidufei.protocol.oto.OtOPlayRequest@41804b40
V/OtOPlayRequest( 1593): Play Request: {"ResourceInfo":{"ProductCode":"","PlayType":2,"ResourceCode":"10032","ResourceName":"剧场"},"Status":{"ReturnCode":100,"Description":"start to play"}}
D/ServerHandler( 1593): ServerHandler send request:101:{"ResourceInfo":{"ProductCode":"","PlayType":2,"ResourceCode":"10032","ResourceName":"剧场"},"Status":{"ReturnCode":100,"Description":"start to play"}}
V/OtOPlayRequest( 1593): Play Request: {"ResourceInfo":{"ProductCode":"","PlayType":2,"ResourceCode":"10032","ResourceName":"剧场"},"Status":{"ReturnCode":100,"Description":"start to play"}}
V/ServerHandler( 1593): ServerHandler send DatagramPacket:/192.168.1.103-[B@42cd80f0
I/DVB_main( 2129): [onCreate] begin
D/dvb_ServiceAdapter( 2129): start bind service.
D/OpenGLRenderer( 1593): Flushing caches (mode 1)
I/dvb_OTTPlayer( 2129): [getInstance] begin..............
I/dvb_OTTPlayer( 2129): [init]  init begin .........
D/OpenGLRenderer( 1593): Flushing caches (mode 0)
I/dvb_Dvblist( 2129): [setVisibility]  dvblist_view show:false
I/dvb_Dvblist( 2129): [setVisibility]  dvblist_view show:true
I/dvb_OTTService( 2129): [getservicelist] begin: servicetype:HDTV
E/dvb_OTTService( 2129): [getlist] load service buffer,num:1  name:CCTV-1(高清)
E/dvb_OTTService( 2129): [getlist] load service buffer,num:2  name:CCTV-高清综合
E/dvb_OTTService( 2129): [getlist] load service buffer,num:3  name:北京卫视(高清)
E/dvb_OTTService( 2129): [getlist] load service buffer,num:4  name:湖南卫视(高清)
E/dvb_OTTService( 2129): [getlist] load service buffer,num:5  name:浙江卫视(高清)
E/dvb_OTTService( 2129): [getlist] load service buffer,num:6  name:江苏卫视(高清)
E/dvb_OTTService( 2129): [getlist] load service buffer,num:7  name:深圳卫视(高清)
E/dvb_OTTService( 2129): [getlist] load service buffer,num:8  name:广东卫视(高清)
E/dvb_OTTService( 2129): [getlist] load service buffer,num:9  name:东方卫视(高清)
I/dvb_OTTService( 2129): [play] begin
I/dvb_OTTPlayer( 2129): [isPlaying ] :false
I/dvb_OTTPlayer( 2129): [play] mediaplayer is null creat it .....
I/dvb_OTTPlayer( 2129): [initMediaplayer] new MediaPlayer END....  mediaplayer:android.media.MediaPlayer@416cefd8
D/dvb_OTTPlayer( 2129): Send broadcast: channelCode 10032 type 2
I/dvb_OTTPlayer( 2129): [play] code :10032 name:
I/dvb_LoadTips( 2129): [gethandler] objInstance:com.coship.dvbplayer.LoadTips@4186a1f0
I/dvb_LoadTips( 2129): [gethandler] objInstance  mHandler:Handler (com.coship.dvbplayer.LoadTips$1) {42a25158}
I/dvb_LoadTips( 2129): [gethandler] objInstance:com.coship.dvbplayer.LoadTips@4186a1f0
