04-01 15:06:00.480 D/BatteryService(  405): mBatteryLevel92isPowered():trueActivityManagerNative.isSystemReady():true
04-01 15:06:00.480 D/BatteryService(  405): mAcOnlinefalsemUsbOnline:truemBatteryStatus 2
04-01 15:06:00.490 D/ActivityManager(  405): mBatteryStatusReceiver, action=android.intent.action.BATTERY_CHANGED
04-01 15:06:00.490 D/ActivityManager(  405): mBatteryStatusReceiver, plugged=2, mBatteryStatusPlugged=2, fakeShutdownMode=false
04-01 15:06:05.024 I/ActivityManager(  405): Config changed: {1.0 0mcc0mnc zh_CN sw360dp w360dp h620dp nrml long port finger -keyb/v/h -nav/h s.54}
04-01 15:06:07.547 D/StatusBar.NetworkControllerDS(  946): updateTelephonySignalStrength: !hasService()
04-01 15:06:30.569 D/StatusBar.NetworkControllerDS(  946): updateTelephonySignalStrength: !hasService()
04-01 15:06:55.073 W/MountService(  405): getVolumeState(/storage/sdcard0/external_sd): Unknown volume
04-01 15:06:55.073 W/MountService(  405): getVolumeState(/mnt/sdcard-ext): Unknown volume
04-01 15:06:55.073 W/MountService(  405): getVolumeState(/mnt/ext_sdcard): Unknown volume
04-01 15:06:55.073 W/MountService(  405): getVolumeState(/mnt/sdcard2): Unknown volume
04-01 15:06:55.073 W/MountService(  405): getVolumeState(/mnt/emmc): Unknown volume
04-01 15:06:55.073 W/MountService(  405): getVolumeState(/mnt/extSdCard): Unknown volume
04-01 15:06:55.073 W/MountService(  405): getVolumeState(/mnt/sdcard/SD_CARD): Unknown volume
04-01 15:06:55.073 W/MountService(  405): getVolumeState(/mnt/sdcard/extra_sd): Unknown volume
04-01 15:06:55.073 W/MountService(  405): getVolumeState(/mnt/extrasd_bind): Unknown volume
04-01 15:06:55.073 W/MountService(  405): getVolumeState(/mnt/sdcard/ext_sd): Unknown volume
04-01 15:06:55.073 W/MountService(  405): getVolumeState(/storage/extSdCard): Unknown volume
04-01 15:06:55.073 W/MountService(  405): getVolumeState(/mnt/sdcard/external_SD): Unknown volume
04-01 15:06:55.073 W/MountService(  405): getVolumeState(/mnt/sdcard/external_sd): Unknown volume
04-01 15:06:55.213 W/MountService(  405): getVolumeState(/storage/sdcard0/external_sd): Unknown volume
04-01 15:06:55.213 W/MountService(  405): getVolumeState(/mnt/sdcard-ext): Unknown volume
04-01 15:06:55.213 W/MountService(  405): getVolumeState(/mnt/ext_sdcard): Unknown volume
04-01 15:06:55.213 W/MountService(  405): getVolumeState(/mnt/sdcard2): Unknown volume
04-01 15:06:55.213 W/MountService(  405): getVolumeState(/mnt/emmc): Unknown volume
04-01 15:06:55.213 W/MountService(  405): getVolumeState(/mnt/extSdCard): Unknown volume
04-01 15:06:55.213 W/MountService(  405): getVolumeState(/mnt/sdcard/SD_CARD): Unknown volume
04-01 15:06:55.213 W/MountService(  405): getVolumeState(/mnt/sdcard/extra_sd): Unknown volume
04-01 15:06:55.213 W/MountService(  405): getVolumeState(/mnt/extrasd_bind): Unknown volume
04-01 15:06:55.223 W/MountService(  405): getVolumeState(/mnt/sdcard/ext_sd): Unknown volume
04-01 15:06:55.223 W/MountService(  405): getVolumeState(/storage/extSdCard): Unknown volume
04-01 15:06:55.223 W/MountService(  405): getVolumeState(/mnt/sdcard/external_SD): Unknown volume
04-01 15:06:55.223 W/MountService(  405): getVolumeState(/mnt/sdcard/external_sd): Unknown volume
04-01 15:07:08.976 D/StatusBar.NetworkControllerDS(  946): updateTelephonySignalStrength: !hasService()
04-01 15:07:59.075 W/MountService(  405): getVolumeState(/storage/sdcard0/external_sd): Unknown volume
04-01 15:07:59.075 W/MountService(  405): getVolumeState(/mnt/sdcard-ext): Unknown volume
04-01 15:07:59.075 W/MountService(  405): getVolumeState(/mnt/ext_sdcard): Unknown volume
04-01 15:07:59.075 W/MountService(  405): getVolumeState(/mnt/sdcard2): Unknown volume
04-01 15:07:59.075 W/MountService(  405): getVolumeState(/mnt/emmc): Unknown volume
04-01 15:07:59.075 W/MountService(  405): getVolumeState(/mnt/extSdCard): Unknown volume
04-01 15:07:59.075 W/MountService(  405): getVolumeState(/mnt/sdcard/SD_CARD): Unknown volume
04-01 15:07:59.075 W/MountService(  405): getVolumeState(/mnt/sdcard/extra_sd): Unknown volume
04-01 15:07:59.075 W/MountService(  405): getVolumeState(/mnt/extrasd_bind): Unknown volume
04-01 15:07:59.075 W/MountService(  405): getVolumeState(/mnt/sdcard/ext_sd): Unknown volume
04-01 15:07:59.075 W/MountService(  405): getVolumeState(/storage/extSdCard): Unknown volume
04-01 15:07:59.075 W/MountService(  405): getVolumeState(/mnt/sdcard/external_SD): Unknown volume
04-01 15:07:59.075 W/MountService(  405): getVolumeState(/mnt/sdcard/external_sd): Unknown volume
04-01 15:07:59.205 W/MountService(  405): getVolumeState(/storage/sdcard0/external_sd): Unknown volume
04-01 15:07:59.205 W/MountService(  405): getVolumeState(/mnt/sdcard-ext): Unknown volume
04-01 15:07:59.205 W/MountService(  405): getVolumeState(/mnt/ext_sdcard): Unknown volume
04-01 15:07:59.205 W/MountService(  405): getVolumeState(/mnt/sdcard2): Unknown volume
04-01 15:07:59.205 W/MountService(  405): getVolumeState(/mnt/emmc): Unknown volume
04-01 15:07:59.205 W/MountService(  405): getVolumeState(/mnt/extSdCard): Unknown volume
04-01 15:07:59.205 W/MountService(  405): getVolumeState(/mnt/sdcard/SD_CARD): Unknown volume
04-01 15:07:59.205 W/MountService(  405): getVolumeState(/mnt/sdcard/extra_sd): Unknown volume
04-01 15:07:59.205 W/MountService(  405): getVolumeState(/mnt/extrasd_bind): Unknown volume
04-01 15:07:59.215 W/MountService(  405): getVolumeState(/mnt/sdcard/ext_sd): Unknown volume
04-01 15:07:59.215 W/MountService(  405): getVolumeState(/storage/extSdCard): Unknown volume
04-01 15:07:59.215 W/MountService(  405): getVolumeState(/mnt/sdcard/external_SD): Unknown volume
04-01 15:07:59.215 W/MountService(  405): getVolumeState(/mnt/sdcard/external_sd): Unknown volume
04-01 15:08:16.402 D/PhoneStatusBar(  946): addNotification score=0
04-01 15:08:20.076 I/ActivityManager(  405): START {cmp=com.aidufei.ott.activity/com.unitend.udrm.player.VideoPlayer (has extras) u=0} from pid 9639
04-01 15:08:20.156 I/ActivityManager(  405): Config changed: {1.0 0mcc0mnc zh_CN sw360dp w640dp h340dp nrml long land finger -keyb/v/h -nav/h s.55}
04-01 15:08:25.771 D/StatusBar.NetworkControllerDS(  946): updateTelephonySignalStrength: !hasService()
04-01 15:08:40.316 W/InputMethodManagerService(  405): Window already focused, ignoring focus gain of: com.android.internal.view.IInputMethodClient$Stub$Proxy@41d91a28 attribute=android.view.inputmethod.EditorInfo@4177a3a8
04-01 15:08:42.137 W/ThrottleService(  405): unable to find stats for iface rmnet0
04-01 15:08:55.040 W/MountService(  405): getVolumeState(/storage/sdcard0/external_sd): Unknown volume
04-01 15:08:55.040 W/MountService(  405): getVolumeState(/mnt/sdcard-ext): Unknown volume
04-01 15:08:55.040 W/MountService(  405): getVolumeState(/mnt/ext_sdcard): Unknown volume
04-01 15:08:55.040 W/MountService(  405): getVolumeState(/mnt/sdcard2): Unknown volume
04-01 15:08:55.040 W/MountService(  405): getVolumeState(/mnt/emmc): Unknown volume
04-01 15:08:55.040 W/MountService(  405): getVolumeState(/mnt/extSdCard): Unknown volume
04-01 15:08:55.050 W/MountService(  405): getVolumeState(/mnt/sdcard/SD_CARD): Unknown volume
04-01 15:08:55.050 W/MountService(  405): getVolumeState(/mnt/sdcard/extra_sd): Unknown volume
04-01 15:08:55.050 W/MountService(  405): getVolumeState(/mnt/extrasd_bind): Unknown volume
04-01 15:08:55.050 W/MountService(  405): getVolumeState(/mnt/sdcard/ext_sd): Unknown volume
04-01 15:08:55.050 W/MountService(  405): getVolumeState(/storage/extSdCard): Unknown volume
04-01 15:08:55.050 W/MountService(  405): getVolumeState(/mnt/sdcard/external_SD): Unknown volume
04-01 15:08:55.050 W/MountService(  405): getVolumeState(/mnt/sdcard/external_sd): Unknown volume
04-01 15:08:55.250 W/MountService(  405): getVolumeState(/storage/sdcard0/external_sd): Unknown volume
04-01 15:08:55.250 W/MountService(  405): getVolumeState(/mnt/sdcard-ext): Unknown volume
04-01 15:08:55.260 W/MountService(  405): getVolumeState(/mnt/ext_sdcard): Unknown volume
04-01 15:08:55.260 W/MountService(  405): getVolumeState(/mnt/sdcard2): Unknown volume
04-01 15:08:55.260 W/MountService(  405): getVolumeState(/mnt/emmc): Unknown volume
04-01 15:08:55.260 W/MountService(  405): getVolumeState(/mnt/extSdCard): Unknown volume
04-01 15:08:55.260 W/MountService(  405): getVolumeState(/mnt/sdcard/SD_CARD): Unknown volume
04-01 15:08:55.260 W/MountService(  405): getVolumeState(/mnt/sdcard/extra_sd): Unknown volume
04-01 15:08:55.260 W/MountService(  405): getVolumeState(/mnt/extrasd_bind): Unknown volume
04-01 15:08:55.260 W/MountService(  405): getVolumeState(/mnt/sdcard/ext_sd): Unknown volume
04-01 15:08:55.260 W/MountService(  405): getVolumeState(/storage/extSdCard): Unknown volume
04-01 15:08:55.260 W/MountService(  405): getVolumeState(/mnt/sdcard/external_SD): Unknown volume
04-01 15:08:55.260 W/MountService(  405): getVolumeState(/mnt/sdcard/external_sd): Unknown volume
04-01 15:08:59.054 D/StatusBar.NetworkControllerDS(  946): updateTelephonySignalStrength: !hasService()
04-01 15:09:01.947 D/StatusBar.NetworkControllerDS(  946): updateTelephonySignalStrength: !hasService()
04-01 15:09:03.158 D/NetworkPolicy(  405): setNetworkTemplateEnabled(): match rule = 1
04-01 15:09:07.862 I/ActivityManager(  405): Config changed: {1.0 0mcc0mnc zh_CN sw360dp w360dp h620dp nrml long port finger -keyb/v/h -nav/h s.56}
04-01 15:09:09.174 I/ActivityManager(  405): START {cmp=com.aidufei.ott.activity/com.unitend.udrm.player.VideoPlayer (has extras) u=0} from pid 9639
04-01 15:09:09.254 I/ActivityManager(  405): Config changed: {1.0 0mcc0mnc zh_CN sw360dp w640dp h340dp nrml long land finger -keyb/v/h -nav/h s.57}
04-01 15:09:09.624 D/StatusBar.NetworkControllerDS(  946): updateTelephonySignalStrength: !hasService()
04-01 15:09:14.409 D/StatusBar.NetworkControllerDS(  946): updateTelephonySignalStrength: !hasService()
04-01 15:09:19.624 D/NetworkPolicy(  405): setNetworkTemplateEnabled(): match rule = 1
04-01 15:09:22.096 D/StatusBar.NetworkControllerDS(  946): updateTelephonySignalStrength: !hasService()
04-01 15:09:33.778 D/NetworkPolicy(  405): setNetworkTemplateEnabled(): match rule = 1
04-01 15:09:37.451 D/StatusBar.NetworkControllerDS(  946): updateTelephonySignalStrength: !hasService()
04-01 15:09:55.059 W/MountService(  405): getVolumeState(/storage/sdcard0/external_sd): Unknown volume
04-01 15:09:55.059 W/MountService(  405): getVolumeState(/mnt/sdcard-ext): Unknown volume
04-01 15:09:55.059 W/MountService(  405): getVolumeState(/mnt/ext_sdcard): Unknown volume
04-01 15:09:55.059 W/MountService(  405): getVolumeState(/mnt/sdcard2): Unknown volume
04-01 15:09:55.059 W/MountService(  405): getVolumeState(/mnt/emmc): Unknown volume
04-01 15:09:55.059 W/MountService(  405): getVolumeState(/mnt/extSdCard): Unknown volume
04-01 15:09:55.059 W/MountService(  405): getVolumeState(/mnt/sdcard/SD_CARD): Unknown volume
04-01 15:09:55.059 W/MountService(  405): getVolumeState(/mnt/sdcard/extra_sd): Unknown volume
04-01 15:09:55.059 W/MountService(  405): getVolumeState(/mnt/extrasd_bind): Unknown volume
04-01 15:09:55.059 W/MountService(  405): getVolumeState(/mnt/sdcard/ext_sd): Unknown volume
04-01 15:09:55.069 W/MountService(  405): getVolumeState(/storage/extSdCard): Unknown volume
04-01 15:09:55.069 W/MountService(  405): getVolumeState(/mnt/sdcard/external_SD): Unknown volume
04-01 15:09:55.069 W/MountService(  405): getVolumeState(/mnt/sdcard/external_sd): Unknown volume
04-01 15:09:55.209 W/MountService(  405): getVolumeState(/storage/sdcard0/external_sd): Unknown volume
04-01 15:09:55.209 W/MountService(  405): getVolumeState(/mnt/sdcard-ext): Unknown volume
04-01 15:09:55.209 W/MountService(  405): getVolumeState(/mnt/ext_sdcard): Unknown volume
04-01 15:09:55.209 W/MountService(  405): getVolumeState(/mnt/sdcard2): Unknown volume
04-01 15:09:55.209 W/MountService(  405): getVolumeState(/mnt/emmc): Unknown volume
04-01 15:09:55.209 W/MountService(  405): getVolumeState(/mnt/extSdCard): Unknown volume
04-01 15:09:55.219 W/MountService(  405): getVolumeState(/mnt/sdcard/SD_CARD): Unknown volume
04-01 15:09:55.229 W/MountService(  405): getVolumeState(/mnt/sdcard/extra_sd): Unknown volume
04-01 15:09:55.229 W/MountService(  405): getVolumeState(/mnt/extrasd_bind): Unknown volume
04-01 15:09:55.229 W/MountService(  405): getVolumeState(/mnt/sdcard/ext_sd): Unknown volume
04-01 15:09:55.229 W/MountService(  405): getVolumeState(/storage/extSdCard): Unknown volume
04-01 15:09:55.229 W/MountService(  405): getVolumeState(/mnt/sdcard/external_SD): Unknown volume
04-01 15:09:55.229 W/MountService(  405): getVolumeState(/mnt/sdcard/external_sd): Unknown volume
04-01 15:10:02.736 W/InputMethodManagerService(  405): Window already focused, ignoring focus gain of: com.android.internal.view.IInputMethodClient$Stub$Proxy@4178cf88 attribute=android.view.inputmethod.EditorInfo@41dec498
04-01 15:10:51.694 D/StatusBar.NetworkControllerDS(  946): updateTelephonySignalStrength: !hasService()
04-01 15:10:55.057 W/MountService(  405): getVolumeState(/storage/sdcard0/external_sd): Unknown volume
04-01 15:10:55.057 W/MountService(  405): getVolumeState(/mnt/sdcard-ext): Unknown volume
04-01 15:10:55.057 W/MountService(  405): getVolumeState(/mnt/ext_sdcard): Unknown volume
04-01 15:10:55.057 W/MountService(  405): getVolumeState(/mnt/sdcard2): Unknown volume
04-01 15:10:55.057 W/MountService(  405): getVolumeState(/mnt/emmc): Unknown volume
04-01 15:10:55.057 W/MountService(  405): getVolumeState(/mnt/extSdCard): Unknown volume
04-01 15:10:55.057 W/MountService(  405): getVolumeState(/mnt/sdcard/SD_CARD): Unknown volume
04-01 15:10:55.057 W/MountService(  405): getVolumeState(/mnt/sdcard/extra_sd): Unknown volume
04-01 15:10:55.057 W/MountService(  405): getVolumeState(/mnt/extrasd_bind): Unknown volume
04-01 15:10:55.057 W/MountService(  405): getVolumeState(/mnt/sdcard/ext_sd): Unknown volume
04-01 15:10:55.057 W/MountService(  405): getVolumeState(/storage/extSdCard): Unknown volume
04-01 15:10:55.057 W/MountService(  405): getVolumeState(/mnt/sdcard/external_SD): Unknown volume
04-01 15:10:55.067 W/MountService(  405): getVolumeState(/mnt/sdcard/external_sd): Unknown volume
04-01 15:10:55.197 W/MountService(  405): getVolumeState(/storage/sdcard0/external_sd): Unknown volume
04-01 15:10:55.197 W/MountService(  405): getVolumeState(/mnt/sdcard-ext): Unknown volume
04-01 15:10:55.197 W/MountService(  405): getVolumeState(/mnt/ext_sdcard): Unknown volume
04-01 15:10:55.197 W/MountService(  405): getVolumeState(/mnt/sdcard2): Unknown volume
04-01 15:10:55.197 W/MountService(  405): getVolumeState(/mnt/emmc): Unknown volume
04-01 15:10:55.197 W/MountService(  405): getVolumeState(/mnt/extSdCard): Unknown volume
04-01 15:10:55.197 W/MountService(  405): getVolumeState(/mnt/sdcard/SD_CARD): Unknown volume
04-01 15:10:55.197 W/MountService(  405): getVolumeState(/mnt/sdcard/extra_sd): Unknown volume
04-01 15:10:55.197 W/MountService(  405): getVolumeState(/mnt/extrasd_bind): Unknown volume
04-01 15:10:55.197 W/MountService(  405): getVolumeState(/mnt/sdcard/ext_sd): Unknown volume
04-01 15:10:55.197 W/MountService(  405): getVolumeState(/storage/extSdCard): Unknown volume
04-01 15:10:55.197 W/MountService(  405): getVolumeState(/mnt/sdcard/external_SD): Unknown volume
04-01 15:10:55.197 W/MountService(  405): getVolumeState(/mnt/sdcard/external_sd): Unknown volume
04-01 15:10:58.761 D/NetworkPolicy(  405): setNetworkTemplateEnabled(): match rule = 1
04-01 15:11:30.081 D/StatusBar.NetworkControllerDS(  946): updateTelephonySignalStrength: !hasService()
04-01 15:11:48.910 D/TelephonyRegistry(  405): onCallStateChanged  mCallIncomingNumber:
04-01 15:11:48.910 D/TelephonyRegistry(  405): getCallStateForAllSims  state:0
04-01 15:11:49.030 I/ActivityManager(  405): Process com.tencent.mm (pid 8891) has died.
04-01 15:11:55.066 W/MountService(  405): getVolumeState(/storage/sdcard0/external_sd): Unknown volume
04-01 15:11:55.066 W/MountService(  405): getVolumeState(/mnt/sdcard-ext): Unknown volume
04-01 15:11:55.066 W/MountService(  405): getVolumeState(/mnt/ext_sdcard): Unknown volume
04-01 15:11:55.066 W/MountService(  405): getVolumeState(/mnt/sdcard2): Unknown volume
04-01 15:11:55.066 W/MountService(  405): getVolumeState(/mnt/emmc): Unknown volume
04-01 15:11:55.066 W/MountService(  405): getVolumeState(/mnt/extSdCard): Unknown volume
04-01 15:11:55.066 W/MountService(  405): getVolumeState(/mnt/sdcard/SD_CARD): Unknown volume
04-01 15:11:55.066 W/MountService(  405): getVolumeState(/mnt/sdcard/extra_sd): Unknown volume
04-01 15:11:55.066 W/MountService(  405): getVolumeState(/mnt/extrasd_bind): Unknown volume
04-01 15:11:55.066 W/MountService(  405): getVolumeState(/mnt/sdcard/ext_sd): Unknown volume
04-01 15:11:55.066 W/MountService(  405): getVolumeState(/storage/extSdCard): Unknown volume
04-01 15:11:55.066 W/MountService(  405): getVolumeState(/mnt/sdcard/external_SD): Unknown volume
04-01 15:11:55.076 W/MountService(  405): getVolumeState(/mnt/sdcard/external_sd): Unknown volume
04-01 15:11:55.236 W/MountService(  405): getVolumeState(/storage/sdcard0/external_sd): Unknown volume
04-01 15:11:55.236 W/MountService(  405): getVolumeState(/mnt/sdcard-ext): Unknown volume
04-01 15:11:55.236 W/MountService(  405): getVolumeState(/mnt/ext_sdcard): Unknown volume
04-01 15:11:55.236 W/MountService(  405): getVolumeState(/mnt/sdcard2): Unknown volume
04-01 15:11:55.236 W/MountService(  405): getVolumeState(/mnt/emmc): Unknown volume
04-01 15:11:55.236 W/MountService(  405): getVolumeState(/mnt/extSdCard): Unknown volume
04-01 15:11:55.236 W/MountService(  405): getVolumeState(/mnt/sdcard/SD_CARD): Unknown volume
04-01 15:11:55.236 W/MountService(  405): getVolumeState(/mnt/sdcard/extra_sd): Unknown volume
04-01 15:11:55.236 W/MountService(  405): getVolumeState(/mnt/extrasd_bind): Unknown volume
04-01 15:11:55.236 W/MountService(  405): getVolumeState(/mnt/sdcard/ext_sd): Unknown volume
04-01 15:11:55.246 W/MountService(  405): getVolumeState(/storage/extSdCard): Unknown volume
04-01 15:11:55.246 W/MountService(  405): getVolumeState(/mnt/sdcard/external_SD): Unknown volume
04-01 15:11:55.246 W/MountService(  405): getVolumeState(/mnt/sdcard/external_sd): Unknown volume
04-01 15:12:37.117 D/BatteryService(  405): mAcOnlinefalsemUsbOnline:truemBatteryStatus 2
04-01 15:12:37.117 D/BatteryService(  405): mBatteryLevel93isPowered():trueActivityManagerNative.isSystemReady():true
04-01 15:12:37.127 D/BatteryService(  405): mAcOnlinefalsemUsbOnline:truemBatteryStatus 2
04-01 15:12:37.127 D/ActivityManager(  405): mBatteryStatusReceiver, action=android.intent.action.BATTERY_CHANGED
04-01 15:12:37.127 D/ActivityManager(  405): mBatteryStatusReceiver, plugged=2, mBatteryStatusPlugged=2, fakeShutdownMode=false
04-01 15:12:55.044 W/MountService(  405): getVolumeState(/storage/sdcard0/external_sd): Unknown volume
04-01 15:12:55.044 W/MountService(  405): getVolumeState(/mnt/sdcard-ext): Unknown volume
04-01 15:12:55.044 W/MountService(  405): getVolumeState(/mnt/ext_sdcard): Unknown volume
04-01 15:12:55.044 W/MountService(  405): getVolumeState(/mnt/sdcard2): Unknown volume
04-01 15:12:55.044 W/MountService(  405): getVolumeState(/mnt/emmc): Unknown volume
04-01 15:12:55.044 W/MountService(  405): getVolumeState(/mnt/extSdCard): Unknown volume
04-01 15:12:55.044 W/MountService(  405): getVolumeState(/mnt/sdcard/SD_CARD): Unknown volume
04-01 15:12:55.044 W/MountService(  405): getVolumeState(/mnt/sdcard/extra_sd): Unknown volume
04-01 15:12:55.044 W/MountService(  405): getVolumeState(/mnt/extrasd_bind): Unknown volume
04-01 15:12:55.044 W/MountService(  405): getVolumeState(/mnt/sdcard/ext_sd): Unknown volume
04-01 15:12:55.044 W/MountService(  405): getVolumeState(/storage/extSdCard): Unknown volume
04-01 15:12:55.044 W/MountService(  405): getVolumeState(/mnt/sdcard/external_SD): Unknown volume
04-01 15:12:55.044 W/MountService(  405): getVolumeState(/mnt/sdcard/external_sd): Unknown volume
04-01 15:12:55.194 W/MountService(  405): getVolumeState(/storage/sdcard0/external_sd): Unknown volume
04-01 15:12:55.194 W/MountService(  405): getVolumeState(/mnt/sdcard-ext): Unknown volume
04-01 15:12:55.194 W/MountService(  405): getVolumeState(/mnt/ext_sdcard): Unknown volume
04-01 15:12:55.194 W/MountService(  405): getVolumeState(/mnt/sdcard2): Unknown volume
04-01 15:12:55.194 W/MountService(  405): getVolumeState(/mnt/emmc): Unknown volume
04-01 15:12:55.194 W/MountService(  405): getVolumeState(/mnt/extSdCard): Unknown volume
04-01 15:12:55.194 W/MountService(  405): getVolumeState(/mnt/sdcard/SD_CARD): Unknown volume
04-01 15:12:55.194 W/MountService(  405): getVolumeState(/mnt/sdcard/extra_sd): Unknown volume
04-01 15:12:55.194 W/MountService(  405): getVolumeState(/mnt/extrasd_bind): Unknown volume
04-01 15:12:55.194 W/MountService(  405): getVolumeState(/mnt/sdcard/ext_sd): Unknown volume
04-01 15:12:55.194 W/MountService(  405): getVolumeState(/storage/extSdCard): Unknown volume
04-01 15:12:55.194 W/MountService(  405): getVolumeState(/mnt/sdcard/external_SD): Unknown volume
04-01 15:12:55.194 W/MountService(  405): getVolumeState(/mnt/sdcard/external_sd): Unknown volume
04-01 15:13:55.083 W/MountService(  405): getVolumeState(/storage/sdcard0/external_sd): Unknown volume
04-01 15:13:55.083 W/MountService(  405): getVolumeState(/mnt/sdcard-ext): Unknown volume
04-01 15:13:55.083 W/MountService(  405): getVolumeState(/mnt/ext_sdcard): Unknown volume
04-01 15:13:55.083 W/MountService(  405): getVolumeState(/mnt/sdcard2): Unknown volume
04-01 15:13:55.083 W/MountService(  405): getVolumeState(/mnt/emmc): Unknown volume
04-01 15:13:55.083 W/MountService(  405): getVolumeState(/mnt/extSdCard): Unknown volume
04-01 15:13:55.083 W/MountService(  405): getVolumeState(/mnt/sdcard/SD_CARD): Unknown volume
04-01 15:13:55.083 W/MountService(  405): getVolumeState(/mnt/sdcard/extra_sd): Unknown volume
04-01 15:13:55.083 W/MountService(  405): getVolumeState(/mnt/extrasd_bind): Unknown volume
04-01 15:13:55.083 W/MountService(  405): getVolumeState(/mnt/sdcard/ext_sd): Unknown volume
04-01 15:13:55.093 W/MountService(  405): getVolumeState(/storage/extSdCard): Unknown volume
04-01 15:13:55.093 W/MountService(  405): getVolumeState(/mnt/sdcard/external_SD): Unknown volume
04-01 15:13:55.093 W/MountService(  405): getVolumeState(/mnt/sdcard/external_sd): Unknown volume
04-01 15:13:55.243 W/MountService(  405): getVolumeState(/storage/sdcard0/external_sd): Unknown volume
04-01 15:13:55.243 W/MountService(  405): getVolumeState(/mnt/sdcard-ext): Unknown volume
04-01 15:13:55.243 W/MountService(  405): getVolumeState(/mnt/ext_sdcard): Unknown volume
04-01 15:13:55.243 W/MountService(  405): getVolumeState(/mnt/sdcard2): Unknown volume
04-01 15:13:55.243 W/MountService(  405): getVolumeState(/mnt/emmc): Unknown volume
04-01 15:13:55.243 W/MountService(  405): getVolumeState(/mnt/extSdCard): Unknown volume
04-01 15:13:55.243 W/MountService(  405): getVolumeState(/mnt/sdcard/SD_CARD): Unknown volume
04-01 15:13:55.243 W/MountService(  405): getVolumeState(/mnt/sdcard/extra_sd): Unknown volume
04-01 15:13:55.243 W/MountService(  405): getVolumeState(/mnt/extrasd_bind): Unknown volume
04-01 15:13:55.243 W/MountService(  405): getVolumeState(/mnt/sdcard/ext_sd): Unknown volume
04-01 15:13:55.243 W/MountService(  405): getVolumeState(/storage/extSdCard): Unknown volume
04-01 15:13:55.243 W/MountService(  405): getVolumeState(/mnt/sdcard/external_SD): Unknown volume
04-01 15:13:55.243 W/MountService(  405): getVolumeState(/mnt/sdcard/external_sd): Unknown volume
04-01 15:14:55.061 W/MountService(  405): getVolumeState(/storage/sdcard0/external_sd): Unknown volume
04-01 15:14:55.061 W/MountService(  405): getVolumeState(/mnt/sdcard-ext): Unknown volume
04-01 15:14:55.061 W/MountService(  405): getVolumeState(/mnt/ext_sdcard): Unknown volume
04-01 15:14:55.061 W/MountService(  405): getVolumeState(/mnt/sdcard2): Unknown volume
04-01 15:14:55.061 W/MountService(  405): getVolumeState(/mnt/emmc): Unknown volume
04-01 15:14:55.061 W/MountService(  405): getVolumeState(/mnt/extSdCard): Unknown volume
04-01 15:14:55.061 W/MountService(  405): getVolumeState(/mnt/sdcard/SD_CARD): Unknown volume
04-01 15:14:55.061 W/MountService(  405): getVolumeState(/mnt/sdcard/extra_sd): Unknown volume
04-01 15:14:55.061 W/MountService(  405): getVolumeState(/mnt/extrasd_bind): Unknown volume
04-01 15:14:55.061 W/MountService(  405): getVolumeState(/mnt/sdcard/ext_sd): Unknown volume
04-01 15:14:55.061 W/MountService(  405): getVolumeState(/storage/extSdCard): Unknown volume
04-01 15:14:55.061 W/MountService(  405): getVolumeState(/mnt/sdcard/external_SD): Unknown volume
04-01 15:14:55.071 W/MountService(  405): getVolumeState(/mnt/sdcard/external_sd): Unknown volume
04-01 15:14:55.201 W/MountService(  405): getVolumeState(/storage/sdcard0/external_sd): Unknown volume
04-01 15:14:55.201 W/MountService(  405): getVolumeState(/mnt/sdcard-ext): Unknown volume
04-01 15:14:55.201 W/MountService(  405): getVolumeState(/mnt/ext_sdcard): Unknown volume
04-01 15:14:55.201 W/MountService(  405): getVolumeState(/mnt/sdcard2): Unknown volume
04-01 15:14:55.201 W/MountService(  405): getVolumeState(/mnt/emmc): Unknown volume
04-01 15:14:55.201 W/MountService(  405): getVolumeState(/mnt/extSdCard): Unknown volume
04-01 15:14:55.201 W/MountService(  405): getVolumeState(/mnt/sdcard/SD_CARD): Unknown volume
04-01 15:14:55.201 W/MountService(  405): getVolumeState(/mnt/sdcard/extra_sd): Unknown volume
04-01 15:14:55.211 W/MountService(  405): getVolumeState(/mnt/extrasd_bind): Unknown volume
04-01 15:14:55.211 W/MountService(  405): getVolumeState(/mnt/sdcard/ext_sd): Unknown volume
04-01 15:14:55.211 W/MountService(  405): getVolumeState(/storage/extSdCard): Unknown volume
04-01 15:14:55.211 W/MountService(  405): getVolumeState(/mnt/sdcard/external_SD): Unknown volume
04-01 15:14:55.211 W/MountService(  405): getVolumeState(/mnt/sdcard/external_sd): Unknown volume
04-01 15:15:55.060 W/MountService(  405): getVolumeState(/storage/sdcard0/external_sd): Unknown volume
04-01 15:15:55.060 W/MountService(  405): getVolumeState(/mnt/sdcard-ext): Unknown volume
04-01 15:15:55.060 W/MountService(  405): getVolumeState(/mnt/ext_sdcard): Unknown volume
04-01 15:15:55.060 W/MountService(  405): getVolumeState(/mnt/sdcard2): Unknown volume
04-01 15:15:55.060 W/MountService(  405): getVolumeState(/mnt/emmc): Unknown volume
04-01 15:15:55.060 W/MountService(  405): getVolumeState(/mnt/extSdCard): Unknown volume
04-01 15:15:55.060 W/MountService(  405): getVolumeState(/mnt/sdcard/SD_CARD): Unknown volume
04-01 15:15:55.060 W/MountService(  405): getVolumeState(/mnt/sdcard/extra_sd): Unknown volume
04-01 15:15:55.060 W/MountService(  405): getVolumeState(/mnt/extrasd_bind): Unknown volume
04-01 15:15:55.060 W/MountService(  405): getVolumeState(/mnt/sdcard/ext_sd): Unknown volume
04-01 15:15:55.060 W/MountService(  405): getVolumeState(/storage/extSdCard): Unknown volume
04-01 15:15:55.060 W/MountService(  405): getVolumeState(/mnt/sdcard/external_SD): Unknown volume
04-01 15:15:55.060 W/MountService(  405): getVolumeState(/mnt/sdcard/external_sd): Unknown volume
04-01 15:15:55.200 W/MountService(  405): getVolumeState(/storage/sdcard0/external_sd): Unknown volume
04-01 15:15:55.200 W/MountService(  405): getVolumeState(/mnt/sdcard-ext): Unknown volume
04-01 15:15:55.200 W/MountService(  405): getVolumeState(/mnt/ext_sdcard): Unknown volume
04-01 15:15:55.200 W/MountService(  405): getVolumeState(/mnt/sdcard2): Unknown volume
04-01 15:15:55.200 W/MountService(  405): getVolumeState(/mnt/emmc): Unknown volume
04-01 15:15:55.200 W/MountService(  405): getVolumeState(/mnt/extSdCard): Unknown volume
04-01 15:15:55.200 W/MountService(  405): getVolumeState(/mnt/sdcard/SD_CARD): Unknown volume
04-01 15:15:55.200 W/MountService(  405): getVolumeState(/mnt/sdcard/extra_sd): Unknown volume
04-01 15:15:55.200 W/MountService(  405): getVolumeState(/mnt/extrasd_bind): Unknown volume
04-01 15:15:55.200 W/MountService(  405): getVolumeState(/mnt/sdcard/ext_sd): Unknown volume
04-01 15:15:55.200 W/MountService(  405): getVolumeState(/storage/extSdCard): Unknown volume
04-01 15:15:55.200 W/MountService(  405): getVolumeState(/mnt/sdcard/external_SD): Unknown volume
04-01 15:15:55.210 W/MountService(  405): getVolumeState(/mnt/sdcard/external_sd): Unknown volume
04-01 15:16:55.128 W/MountService(  405): getVolumeState(/storage/sdcard0/external_sd): Unknown volume
04-01 15:16:55.128 W/MountService(  405): getVolumeState(/mnt/sdcard-ext): Unknown volume
04-01 15:16:55.128 W/MountService(  405): getVolumeState(/mnt/ext_sdcard): Unknown volume
04-01 15:16:55.128 W/MountService(  405): getVolumeState(/mnt/sdcard2): Unknown volume
04-01 15:16:55.128 W/MountService(  405): getVolumeState(/mnt/emmc): Unknown volume
04-01 15:16:55.128 W/MountService(  405): getVolumeState(/mnt/extSdCard): Unknown volume
04-01 15:16:55.128 W/MountService(  405): getVolumeState(/mnt/sdcard/SD_CARD): Unknown volume
04-01 15:16:55.128 W/MountService(  405): getVolumeState(/mnt/sdcard/extra_sd): Unknown volume
04-01 15:16:55.128 W/MountService(  405): getVolumeState(/mnt/extrasd_bind): Unknown volume
04-01 15:16:55.128 W/MountService(  405): getVolumeState(/mnt/sdcard/ext_sd): Unknown volume
04-01 15:16:55.128 W/MountService(  405): getVolumeState(/storage/extSdCard): Unknown volume
04-01 15:16:55.128 W/MountService(  405): getVolumeState(/mnt/sdcard/external_SD): Unknown volume
04-01 15:16:55.128 W/MountService(  405): getVolumeState(/mnt/sdcard/external_sd): Unknown volume
04-01 15:16:55.258 W/MountService(  405): getVolumeState(/storage/sdcard0/external_sd): Unknown volume
04-01 15:16:55.258 W/MountService(  405): getVolumeState(/mnt/sdcard-ext): Unknown volume
04-01 15:16:55.258 W/MountService(  405): getVolumeState(/mnt/ext_sdcard): Unknown volume
04-01 15:16:55.268 W/MountService(  405): getVolumeState(/mnt/sdcard2): Unknown volume
04-01 15:16:55.268 W/MountService(  405): getVolumeState(/mnt/emmc): Unknown volume
04-01 15:16:55.268 W/MountService(  405): getVolumeState(/mnt/extSdCard): Unknown volume
04-01 15:16:55.268 W/MountService(  405): getVolumeState(/mnt/sdcard/SD_CARD): Unknown volume
04-01 15:16:55.268 W/MountService(  405): getVolumeState(/mnt/sdcard/extra_sd): Unknown volume
04-01 15:16:55.268 W/MountService(  405): getVolumeState(/mnt/extrasd_bind): Unknown volume
04-01 15:16:55.268 W/MountService(  405): getVolumeState(/mnt/sdcard/ext_sd): Unknown volume
04-01 15:16:55.268 W/MountService(  405): getVolumeState(/storage/extSdCard): Unknown volume
04-01 15:16:55.268 W/MountService(  405): getVolumeState(/mnt/sdcard/external_SD): Unknown volume
04-01 15:16:55.268 W/MountService(  405): getVolumeState(/mnt/sdcard/external_sd): Unknown volume
04-01 15:17:55.087 W/MountService(  405): getVolumeState(/storage/sdcard0/external_sd): Unknown volume
04-01 15:17:55.087 W/MountService(  405): getVolumeState(/mnt/sdcard-ext): Unknown volume
04-01 15:17:55.087 W/MountService(  405): getVolumeState(/mnt/ext_sdcard): Unknown volume
04-01 15:17:55.087 W/MountService(  405): getVolumeState(/mnt/sdcard2): Unknown volume
04-01 15:17:55.087 W/MountService(  405): getVolumeState(/mnt/emmc): Unknown volume
04-01 15:17:55.087 W/MountService(  405): getVolumeState(/mnt/extSdCard): Unknown volume
04-01 15:17:55.087 W/MountService(  405): getVolumeState(/mnt/sdcard/SD_CARD): Unknown volume
04-01 15:17:55.087 W/MountService(  405): getVolumeState(/mnt/sdcard/extra_sd): Unknown volume
04-01 15:17:55.087 W/MountService(  405): getVolumeState(/mnt/extrasd_bind): Unknown volume
04-01 15:17:55.087 W/MountService(  405): getVolumeState(/mnt/sdcard/ext_sd): Unknown volume
04-01 15:17:55.087 W/MountService(  405): getVolumeState(/storage/extSdCard): Unknown volume
04-01 15:17:55.087 W/MountService(  405): getVolumeState(/mnt/sdcard/external_SD): Unknown volume
04-01 15:17:55.087 W/MountService(  405): getVolumeState(/mnt/sdcard/external_sd): Unknown volume
04-01 15:17:55.227 W/MountService(  405): getVolumeState(/storage/sdcard0/external_sd): Unknown volume
04-01 15:17:55.227 W/MountService(  405): getVolumeState(/mnt/sdcard-ext): Unknown volume
04-01 15:17:55.227 W/MountService(  405): getVolumeState(/mnt/ext_sdcard): Unknown volume
04-01 15:17:55.227 W/MountService(  405): getVolumeState(/mnt/sdcard2): Unknown volume
04-01 15:17:55.227 W/MountService(  405): getVolumeState(/mnt/emmc): Unknown volume
04-01 15:17:55.237 W/MountService(  405): getVolumeState(/mnt/extSdCard): Unknown volume
04-01 15:17:55.237 W/MountService(  405): getVolumeState(/mnt/sdcard/SD_CARD): Unknown volume
04-01 15:17:55.237 W/MountService(  405): getVolumeState(/mnt/sdcard/extra_sd): Unknown volume
04-01 15:17:55.237 W/MountService(  405): getVolumeState(/mnt/extrasd_bind): Unknown volume
04-01 15:17:55.237 W/MountService(  405): getVolumeState(/mnt/sdcard/ext_sd): Unknown volume
04-01 15:17:55.237 W/MountService(  405): getVolumeState(/storage/extSdCard): Unknown volume
04-01 15:17:55.237 W/MountService(  405): getVolumeState(/mnt/sdcard/external_SD): Unknown volume
04-01 15:17:55.237 W/MountService(  405): getVolumeState(/mnt/sdcard/external_sd): Unknown volume
04-01 15:18:42.133 W/ThrottleService(  405): unable to find stats for iface rmnet0
04-01 15:18:47.858 D/StatusBar.NetworkControllerDS(  946): updateTelephonySignalStrength: !hasService()
04-01 15:18:47.998 I/ActivityManager(  405): START {act=android.intent.action.MAIN cat=[android.intent.category.HOME] flg=0x10200000 cmp=com.android.launcher/com.android.launcher2.Launcher u=0} from pid 405
04-01 15:18:48.109 I/ActivityManager(  405): Config changed: {1.0 0mcc0mnc zh_CN sw360dp w360dp h620dp nrml long port finger -keyb/v/h -nav/h s.58}
04-01 15:18:49.510 I/ActivityManager(  405): START {act=android.intent.action.MAIN cat=[android.intent.category.LAUNCHER] flg=0x10200000 cmp=com.aidufei.ott.activity/.MainTabHostActivity bnds=[532,834][704,1028] u=0} from pid 1046
04-01 15:18:49.600 I/ActivityManager(  405): Config changed: {1.0 0mcc0mnc zh_CN sw360dp w640dp h340dp nrml long land finger -keyb/v/h -nav/h s.59}
04-01 15:18:53.594 D/BatteryService(  405): mAcOnlinefalsemUsbOnline:truemBatteryStatus 2
04-01 15:18:53.594 D/BatteryService(  405): mBatteryLevel94isPowered():trueActivityManagerNative.isSystemReady():true
04-01 15:18:53.594 D/BatteryService(  405): mAcOnlinefalsemUsbOnline:truemBatteryStatus 2
04-01 15:18:53.594 D/ActivityManager(  405): mBatteryStatusReceiver, action=android.intent.action.BATTERY_CHANGED
04-01 15:18:53.594 D/ActivityManager(  405): mBatteryStatusReceiver, plugged=2, mBatteryStatusPlugged=2, fakeShutdownMode=false
04-01 15:18:55.055 W/MountService(  405): getVolumeState(/storage/sdcard0/external_sd): Unknown volume
04-01 15:18:55.055 W/MountService(  405): getVolumeState(/mnt/sdcard-ext): Unknown volume
04-01 15:18:55.055 W/MountService(  405): getVolumeState(/mnt/ext_sdcard): Unknown volume
04-01 15:18:55.055 W/MountService(  405): getVolumeState(/mnt/sdcard2): Unknown volume
04-01 15:18:55.055 W/MountService(  405): getVolumeState(/mnt/emmc): Unknown volume
04-01 15:18:55.055 W/MountService(  405): getVolumeState(/mnt/extSdCard): Unknown volume
04-01 15:18:55.055 W/MountService(  405): getVolumeState(/mnt/sdcard/SD_CARD): Unknown volume
04-01 15:18:55.055 W/MountService(  405): getVolumeState(/mnt/sdcard/extra_sd): Unknown volume
04-01 15:18:55.055 W/MountService(  405): getVolumeState(/mnt/extrasd_bind): Unknown volume
04-01 15:18:55.055 W/MountService(  405): getVolumeState(/mnt/sdcard/ext_sd): Unknown volume
04-01 15:18:55.055 W/MountService(  405): getVolumeState(/storage/extSdCard): Unknown volume
04-01 15:18:55.055 W/MountService(  405): getVolumeState(/mnt/sdcard/external_SD): Unknown volume
04-01 15:18:55.055 W/MountService(  405): getVolumeState(/mnt/sdcard/external_sd): Unknown volume
04-01 15:18:55.215 W/MountService(  405): getVolumeState(/storage/sdcard0/external_sd): Unknown volume
04-01 15:18:55.215 W/MountService(  405): getVolumeState(/mnt/sdcard-ext): Unknown volume
04-01 15:18:55.215 W/MountService(  405): getVolumeState(/mnt/ext_sdcard): Unknown volume
04-01 15:18:55.215 W/MountService(  405): getVolumeState(/mnt/sdcard2): Unknown volume
04-01 15:18:55.215 W/MountService(  405): getVolumeState(/mnt/emmc): Unknown volume
04-01 15:18:55.215 W/MountService(  405): getVolumeState(/mnt/extSdCard): Unknown volume
04-01 15:18:55.215 W/MountService(  405): getVolumeState(/mnt/sdcard/SD_CARD): Unknown volume
04-01 15:18:55.215 W/MountService(  405): getVolumeState(/mnt/sdcard/extra_sd): Unknown volume
04-01 15:18:55.215 W/MountService(  405): getVolumeState(/mnt/extrasd_bind): Unknown volume
04-01 15:18:55.215 W/MountService(  405): getVolumeState(/mnt/sdcard/ext_sd): Unknown volume
04-01 15:18:55.215 W/MountService(  405): getVolumeState(/storage/extSdCard): Unknown volume
04-01 15:18:55.215 W/MountService(  405): getVolumeState(/mnt/sdcard/external_SD): Unknown volume
04-01 15:18:55.225 W/MountService(  405): getVolumeState(/mnt/sdcard/external_sd): Unknown volume
04-01 15:18:56.006 I/ActivityManager(  405): Config changed: {1.0 0mcc0mnc zh_CN sw360dp w360dp h620dp nrml long port finger -keyb/v/h -nav/h s.60}
04-01 15:18:57.338 I/ActivityManager(  405): START {cmp=com.aidufei.ott.activity/com.unitend.udrm.player.VideoPlayer (has extras) u=0} from pid 9639
04-01 15:18:57.408 I/ActivityManager(  405): Config changed: {1.0 0mcc0mnc zh_CN sw360dp w640dp h340dp nrml long land finger -keyb/v/h -nav/h s.61}
04-01 15:19:05.546 D/NetworkPolicy(  405): setNetworkTemplateEnabled(): match rule = 1
04-01 15:19:16.016 D/StatusBar.NetworkControllerDS(  946): updateTelephonySignalStrength: !hasService()
04-01 15:19:21.141 D/StatusBar.NetworkControllerDS(  946): updateTelephonySignalStrength: !hasService()
04-01 15:19:22.552 W/InputMethodManagerService(  405): Window already focused, ignoring focus gain of: com.android.internal.view.IInputMethodClient$Stub$Proxy@419b2918 attribute=android.view.inputmethod.EditorInfo@41d6f5b8
04-01 15:19:33.943 D/StatusBar.NetworkControllerDS(  946): updateTelephonySignalStrength: !hasService()
04-01 15:19:55.074 W/MountService(  405): getVolumeState(/storage/sdcard0/external_sd): Unknown volume
04-01 15:19:55.074 W/MountService(  405): getVolumeState(/mnt/sdcard-ext): Unknown volume
04-01 15:19:55.074 W/MountService(  405): getVolumeState(/mnt/ext_sdcard): Unknown volume
04-01 15:19:55.074 W/MountService(  405): getVolumeState(/mnt/sdcard2): Unknown volume
04-01 15:19:55.074 W/MountService(  405): getVolumeState(/mnt/emmc): Unknown volume
04-01 15:19:55.074 W/MountService(  405): getVolumeState(/mnt/extSdCard): Unknown volume
04-01 15:19:55.074 W/MountService(  405): getVolumeState(/mnt/sdcard/SD_CARD): Unknown volume
04-01 15:19:55.074 W/MountService(  405): getVolumeState(/mnt/sdcard/extra_sd): Unknown volume
04-01 15:19:55.074 W/MountService(  405): getVolumeState(/mnt/extrasd_bind): Unknown volume
04-01 15:19:55.074 W/MountService(  405): getVolumeState(/mnt/sdcard/ext_sd): Unknown volume
04-01 15:19:55.074 W/MountService(  405): getVolumeState(/storage/extSdCard): Unknown volume
04-01 15:19:55.074 W/MountService(  405): getVolumeState(/mnt/sdcard/external_SD): Unknown volume
04-01 15:19:55.074 W/MountService(  405): getVolumeState(/mnt/sdcard/external_sd): Unknown volume
04-01 15:19:55.224 W/MountService(  405): getVolumeState(/storage/sdcard0/external_sd): Unknown volume
04-01 15:19:55.224 W/MountService(  405): getVolumeState(/mnt/sdcard-ext): Unknown volume
04-01 15:19:55.224 W/MountService(  405): getVolumeState(/mnt/ext_sdcard): Unknown volume
04-01 15:19:55.224 W/MountService(  405): getVolumeState(/mnt/sdcard2): Unknown volume
04-01 15:19:55.224 W/MountService(  405): getVolumeState(/mnt/emmc): Unknown volume
04-01 15:19:55.224 W/MountService(  405): getVolumeState(/mnt/extSdCard): Unknown volume
04-01 15:19:55.224 W/MountService(  405): getVolumeState(/mnt/sdcard/SD_CARD): Unknown volume
04-01 15:19:55.224 W/MountService(  405): getVolumeState(/mnt/sdcard/extra_sd): Unknown volume
04-01 15:19:55.224 W/MountService(  405): getVolumeState(/mnt/extrasd_bind): Unknown volume
04-01 15:19:55.224 W/MountService(  405): getVolumeState(/mnt/sdcard/ext_sd): Unknown volume
04-01 15:19:55.224 W/MountService(  405): getVolumeState(/storage/extSdCard): Unknown volume
04-01 15:19:55.224 W/MountService(  405): getVolumeState(/mnt/sdcard/external_SD): Unknown volume
04-01 15:19:55.224 W/MountService(  405): getVolumeState(/mnt/sdcard/external_sd): Unknown volume
04-01 15:20:53.301 D/StatusBar.NetworkControllerDS(  946): updateTelephonySignalStrength: !hasService()
04-01 15:20:55.062 W/MountService(  405): getVolumeState(/storage/sdcard0/external_sd): Unknown volume
04-01 15:20:55.062 W/MountService(  405): getVolumeState(/mnt/sdcard-ext): Unknown volume
04-01 15:20:55.062 W/MountService(  405): getVolumeState(/mnt/ext_sdcard): Unknown volume
04-01 15:20:55.062 W/MountService(  405): getVolumeState(/mnt/sdcard2): Unknown volume
04-01 15:20:55.062 W/MountService(  405): getVolumeState(/mnt/emmc): Unknown volume
04-01 15:20:55.062 W/MountService(  405): getVolumeState(/mnt/extSdCard): Unknown volume
04-01 15:20:55.062 W/MountService(  405): getVolumeState(/mnt/sdcard/SD_CARD): Unknown volume
04-01 15:20:55.062 W/MountService(  405): getVolumeState(/mnt/sdcard/extra_sd): Unknown volume
04-01 15:20:55.062 W/MountService(  405): getVolumeState(/mnt/extrasd_bind): Unknown volume
04-01 15:20:55.062 W/MountService(  405): getVolumeState(/mnt/sdcard/ext_sd): Unknown volume
04-01 15:20:55.062 W/MountService(  405): getVolumeState(/storage/extSdCard): Unknown volume
04-01 15:20:55.062 W/MountService(  405): getVolumeState(/mnt/sdcard/external_SD): Unknown volume
04-01 15:20:55.062 W/MountService(  405): getVolumeState(/mnt/sdcard/external_sd): Unknown volume
04-01 15:20:55.263 W/MountService(  405): getVolumeState(/storage/sdcard0/external_sd): Unknown volume
04-01 15:20:55.263 W/MountService(  405): getVolumeState(/mnt/sdcard-ext): Unknown volume
04-01 15:20:55.263 W/MountService(  405): getVolumeState(/mnt/ext_sdcard): Unknown volume
04-01 15:20:55.263 W/MountService(  405): getVolumeState(/mnt/sdcard2): Unknown volume
04-01 15:20:55.263 W/MountService(  405): getVolumeState(/mnt/emmc): Unknown volume
04-01 15:20:55.263 W/MountService(  405): getVolumeState(/mnt/extSdCard): Unknown volume
04-01 15:20:55.263 W/MountService(  405): getVolumeState(/mnt/sdcard/SD_CARD): Unknown volume
04-01 15:20:55.263 W/MountService(  405): getVolumeState(/mnt/sdcard/extra_sd): Unknown volume
04-01 15:20:55.263 W/MountService(  405): getVolumeState(/mnt/extrasd_bind): Unknown volume
04-01 15:20:55.263 W/MountService(  405): getVolumeState(/mnt/sdcard/ext_sd): Unknown volume
04-01 15:20:55.263 W/MountService(  405): getVolumeState(/storage/extSdCard): Unknown volume
04-01 15:20:55.263 W/MountService(  405): getVolumeState(/mnt/sdcard/external_SD): Unknown volume
04-01 15:20:55.263 W/MountService(  405): getVolumeState(/mnt/sdcard/external_sd): Unknown volume
04-01 15:20:55.993 D/NetworkPolicy(  405): setNetworkTemplateEnabled(): match rule = 1
04-01 15:21:01.058 D/NetworkPolicy(  405): setNetworkTemplateEnabled(): match rule = 1
04-01 15:21:06.514 D/PhoneStatusBar(  946): addNotification score=0
04-01 15:21:07.995 I/ActivityManager(  405): Config changed: {1.0 0mcc0mnc zh_CN sw360dp w360dp h620dp nrml long port finger -keyb/v/h -nav/h s.62}
04-01 15:21:09.236 I/ActivityManager(  405): START {cmp=com.aidufei.ott.activity/com.unitend.udrm.player.VideoPlayer (has extras) u=0} from pid 9639
04-01 15:21:09.356 I/ActivityManager(  405): Config changed: {1.0 0mcc0mnc zh_CN sw360dp w640dp h340dp nrml long land finger -keyb/v/h -nav/h s.63}
04-01 15:21:10.858 D/NetworkPolicy(  405): setNetworkTemplateEnabled(): match rule = 1
04-01 15:21:17.354 D/NetworkPolicy(  405): setNetworkTemplateEnabled(): match rule = 1
04-01 15:21:30.417 W/InputMethodManagerService(  405): Window already focused, ignoring focus gain of: com.android.internal.view.IInputMethodClient$Stub$Proxy@4128ae88 attribute=android.view.inputmethod.EditorInfo@4174e050
04-01 15:21:41.948 D/StatusBar.NetworkControllerDS(  946): updateTelephonySignalStrength: !hasService()
04-01 15:21:53.790 I/ActivityManager(  405): Config changed: {1.0 0mcc0mnc zh_CN sw360dp w360dp h620dp nrml long port finger -keyb/v/h -nav/h s.64}
04-01 15:21:55.071 W/MountService(  405): getVolumeState(/storage/sdcard0/external_sd): Unknown volume
04-01 15:21:55.071 W/MountService(  405): getVolumeState(/mnt/sdcard-ext): Unknown volume
04-01 15:21:55.071 W/MountService(  405): getVolumeState(/mnt/ext_sdcard): Unknown volume
04-01 15:21:55.071 W/MountService(  405): getVolumeState(/mnt/sdcard2): Unknown volume
04-01 15:21:55.071 W/MountService(  405): getVolumeState(/mnt/emmc): Unknown volume
04-01 15:21:55.071 W/MountService(  405): getVolumeState(/mnt/extSdCard): Unknown volume
04-01 15:21:55.071 W/MountService(  405): getVolumeState(/mnt/sdcard/SD_CARD): Unknown volume
04-01 15:21:55.071 W/MountService(  405): getVolumeState(/mnt/sdcard/extra_sd): Unknown volume
04-01 15:21:55.071 W/MountService(  405): getVolumeState(/mnt/extrasd_bind): Unknown volume
04-01 15:21:55.081 W/MountService(  405): getVolumeState(/mnt/sdcard/ext_sd): Unknown volume
04-01 15:21:55.081 W/MountService(  405): getVolumeState(/storage/extSdCard): Unknown volume
04-01 15:21:55.081 W/MountService(  405): getVolumeState(/mnt/sdcard/external_SD): Unknown volume
04-01 15:21:55.081 W/MountService(  405): getVolumeState(/mnt/sdcard/external_sd): Unknown volume
04-01 15:21:55.231 W/MountService(  405): getVolumeState(/storage/sdcard0/external_sd): Unknown volume
04-01 15:21:55.231 W/MountService(  405): getVolumeState(/mnt/sdcard-ext): Unknown volume
04-01 15:21:55.231 W/MountService(  405): getVolumeState(/mnt/ext_sdcard): Unknown volume
04-01 15:21:55.231 W/MountService(  405): getVolumeState(/mnt/sdcard2): Unknown volume
04-01 15:21:55.231 W/MountService(  405): getVolumeState(/mnt/emmc): Unknown volume
04-01 15:21:55.241 W/MountService(  405): getVolumeState(/mnt/extSdCard): Unknown volume
04-01 15:21:55.241 W/MountService(  405): getVolumeState(/mnt/sdcard/SD_CARD): Unknown volume
04-01 15:21:55.241 W/MountService(  405): getVolumeState(/mnt/sdcard/extra_sd): Unknown volume
04-01 15:21:55.241 W/MountService(  405): getVolumeState(/mnt/extrasd_bind): Unknown volume
04-01 15:21:55.241 W/MountService(  405): getVolumeState(/mnt/sdcard/ext_sd): Unknown volume
04-01 15:21:55.241 W/MountService(  405): getVolumeState(/storage/extSdCard): Unknown volume
04-01 15:21:55.251 W/MountService(  405): getVolumeState(/mnt/sdcard/external_SD): Unknown volume
04-01 15:21:55.251 W/MountService(  405): getVolumeState(/mnt/sdcard/external_sd): Unknown volume
04-01 15:22:55.110 W/MountService(  405): getVolumeState(/storage/sdcard0/external_sd): Unknown volume
04-01 15:22:55.110 W/MountService(  405): getVolumeState(/mnt/sdcard-ext): Unknown volume
04-01 15:22:55.110 W/MountService(  405): getVolumeState(/mnt/ext_sdcard): Unknown volume
04-01 15:22:55.110 W/MountService(  405): getVolumeState(/mnt/sdcard2): Unknown volume
04-01 15:22:55.110 W/MountService(  405): getVolumeState(/mnt/emmc): Unknown volume
04-01 15:22:55.110 W/MountService(  405): getVolumeState(/mnt/extSdCard): Unknown volume
04-01 15:22:55.110 W/MountService(  405): getVolumeState(/mnt/sdcard/SD_CARD): Unknown volume
04-01 15:22:55.110 W/MountService(  405): getVolumeState(/mnt/sdcard/extra_sd): Unknown volume
04-01 15:22:55.110 W/MountService(  405): getVolumeState(/mnt/extrasd_bind): Unknown volume
04-01 15:22:55.110 W/MountService(  405): getVolumeState(/mnt/sdcard/ext_sd): Unknown volume
04-01 15:22:55.110 W/MountService(  405): getVolumeState(/storage/extSdCard): Unknown volume
04-01 15:22:55.110 W/MountService(  405): getVolumeState(/mnt/sdcard/external_SD): Unknown volume
04-01 15:22:55.110 W/MountService(  405): getVolumeState(/mnt/sdcard/external_sd): Unknown volume
04-01 15:22:55.250 W/MountService(  405): getVolumeState(/storage/sdcard0/external_sd): Unknown volume
04-01 15:22:55.250 W/MountService(  405): getVolumeState(/mnt/sdcard-ext): Unknown volume
04-01 15:22:55.250 W/MountService(  405): getVolumeState(/mnt/ext_sdcard): Unknown volume
04-01 15:22:55.250 W/MountService(  405): getVolumeState(/mnt/sdcard2): Unknown volume
04-01 15:22:55.250 W/MountService(  405): getVolumeState(/mnt/emmc): Unknown volume
04-01 15:22:55.250 W/MountService(  405): getVolumeState(/mnt/extSdCard): Unknown volume
04-01 15:22:55.250 W/MountService(  405): getVolumeState(/mnt/sdcard/SD_CARD): Unknown volume
04-01 15:22:55.250 W/MountService(  405): getVolumeState(/mnt/sdcard/extra_sd): Unknown volume
04-01 15:22:55.250 W/MountService(  405): getVolumeState(/mnt/extrasd_bind): Unknown volume
04-01 15:22:55.250 W/MountService(  405): getVolumeState(/mnt/sdcard/ext_sd): Unknown volume
04-01 15:22:55.250 W/MountService(  405): getVolumeState(/storage/extSdCard): Unknown volume
04-01 15:22:55.250 W/MountService(  405): getVolumeState(/mnt/sdcard/external_SD): Unknown volume
04-01 15:22:55.250 W/MountService(  405): getVolumeState(/mnt/sdcard/external_sd): Unknown volume
04-01 15:22:59.724 I/ActivityManager(  405): START {cmp=com.aidufei.ott.activity/.LiveProgramActivity (has extras) u=0} from pid 9639
