E/MaliEGL (10185): void __egl_platform_dequeue_buffer(egl_surface*):1131 [EGL-ERROR] failed to dequeue buffer from native window (0x22b750); err = -19, buf = 0x0
E/SurfaceTexture( 1049): [SurfaceView] dequeueBuffer: SurfaceTexture has been abandoned!
E/MaliEGL (10185): void __egl_platform_dequeue_buffer(egl_surface*):1131 [EGL-ERROR] failed to dequeue buffer from native window (0x22b750); err = -19, buf = 0x0
E/SurfaceTexture( 1049): [SurfaceView] dequeueBuffer: SurfaceTexture has been abandoned!
E/MaliEGL (10185): void __egl_platform_dequeue_buffer(egl_surface*):1131 [EGL-ERROR] failed to dequeue buffer from native window (0x22b750); err = -19, buf = 0x0
E/SurfaceTexture( 1049): [SurfaceView] dequeueBuffer: SurfaceTexture has been abandoned!
E/MaliEGL (10185): void __egl_platform_dequeue_buffer(egl_surface*):1131 [EGL-ERROR] failed to dequeue buffer from native window (0x22b750); err = -19, buf = 0x0
E/SurfaceTexture( 1049): [SurfaceView] dequeueBuffer: SurfaceTexture has been abandoned!
E/MaliEGL (10185): void __egl_platform_dequeue_buffer(egl_surface*):1131 [EGL-ERROR] failed to dequeue buffer from native window (0x22b750); err = -19, buf = 0x0
E/SurfaceTexture( 1049): [SurfaceView] dequeueBuffer: SurfaceTexture has been abandoned!
E/MaliEGL (10185): void __egl_platform_dequeue_buffer(egl_surface*):1131 [EGL-ERROR] failed to dequeue buffer from native window (0x22b750); err = -19, buf = 0x0
E/SurfaceTexture( 1049): [SurfaceView] dequeueBuffer: SurfaceTexture has been abandoned!
E/MaliEGL (10185): void __egl_platform_dequeue_buffer(egl_surface*):1131 [EGL-ERROR] failed to dequeue buffer from native window (0x22b750); err = -19, buf = 0x0
E/SurfaceTexture( 1049): [SurfaceView] dequeueBuffer: SurfaceTexture has been abandoned!
E/MaliEGL (10185): void __egl_platform_dequeue_buffer(egl_surface*):1131 [EGL-ERROR] failed to dequeue buffer from native window (0x22b750); err = -19, buf = 0x0
E/SurfaceTexture( 1049): [SurfaceView] dequeueBuffer: SurfaceTexture has been abandoned!
E/MaliEGL (10185): void __egl_platform_dequeue_buffer(egl_surface*):1131 [EGL-ERROR] failed to dequeue buffer from native window (0x22b750); err = -19, buf = 0x0
E/SurfaceTexture( 1049): [SurfaceView] dequeueBuffer: SurfaceTexture has been abandoned!
E/MaliEGL (10185): void __egl_platform_dequeue_buffer(egl_surface*):1131 [EGL-ERROR] failed to dequeue buffer from native window (0x22b750); err = -19, buf = 0x0
E/SurfaceTexture( 1049): [SurfaceView] dequeueBuffer: SurfaceTexture has been abandoned!
E/MaliEGL (10185): void __egl_platform_dequeue_buffer(egl_surface*):1131 [EGL-ERROR] failed to dequeue buffer from native window (0x22b750); err = -19, buf = 0x0
E/SurfaceTexture( 1049): [SurfaceView] dequeueBuffer: SurfaceTexture has been abandoned!
E/MaliEGL (10185): void __egl_platform_dequeue_buffer(egl_surface*):1131 [EGL-ERROR] failed to dequeue buffer from native window (0x22b750); err = -19, buf = 0x0
E/SurfaceTexture( 1049): [SurfaceView] dequeueBuffer: SurfaceTexture has been abandoned!
E/MaliEGL (10185): void __egl_platform_dequeue_buffer(egl_surface*):1131 [EGL-ERROR] failed to dequeue buffer from native window (0x22b750); err = -19, buf = 0x0
E/SurfaceTexture( 1049): [SurfaceView] dequeueBuffer: SurfaceTexture has been abandoned!
E/MaliEGL (10185): void __egl_platform_dequeue_buffer(egl_surface*):1131 [EGL-ERROR] failed to dequeue buffer from native window (0x22b750); err = -19, buf = 0x0
E/SurfaceTexture( 1049): [SurfaceView] dequeueBuffer: SurfaceTexture has been abandoned!
E/MaliEGL (10185): void __egl_platform_dequeue_buffer(egl_surface*):1131 [EGL-ERROR] failed to dequeue buffer from native window (0x22b750); err = -19, buf = 0x0
E/SurfaceTexture( 1049): [SurfaceView] dequeueBuffer: SurfaceTexture has been abandoned!
E/MaliEGL (10185): void __egl_platform_dequeue_buffer(egl_surface*):1131 [EGL-ERROR] failed to dequeue buffer from native window (0x22b750); err = -19, buf = 0x0
E/SurfaceTexture( 1049): [SurfaceView] dequeueBuffer: SurfaceTexture has been abandoned!
E/MaliEGL (10185): void __egl_platform_dequeue_buffer(egl_surface*):1131 [EGL-ERROR] failed to dequeue buffer from native window (0x22b750); err = -19, buf = 0x0
E/SurfaceTexture( 1049): [SurfaceView] dequeueBuffer: SurfaceTexture has been abandoned!
E/MaliEGL (10185): void __egl_platform_dequeue_buffer(egl_surface*):1131 [EGL-ERROR] failed to dequeue buffer from native window (0x22b750); err = -19, buf = 0x0
E/SurfaceTexture( 1049): [SurfaceView] dequeueBuffer: SurfaceTexture has been abandoned!
E/MaliEGL (10185): void __egl_platform_dequeue_buffer(egl_surface*):1131 [EGL-ERROR] failed to dequeue buffer from native window (0x22b750); err = -19, buf = 0x0
E/SurfaceTexture( 1049): [SurfaceView] dequeueBuffer: SurfaceTexture has been abandoned!
E/MaliEGL (10185): void __egl_platform_dequeue_buffer(egl_surface*):1131 [EGL-ERROR] failed to dequeue buffer from native window (0x22b750); err = -19, buf = 0x0
E/SurfaceTexture( 1049): [SurfaceView] dequeueBuffer: SurfaceTexture has been abandoned!
E/MaliEGL (10185): void __egl_platform_dequeue_buffer(egl_surface*):1131 [EGL-ERROR] failed to dequeue buffer from native window (0x22b750); err = -19, buf = 0x0
E/SurfaceTexture( 1049): [SurfaceView] dequeueBuffer: SurfaceTexture has been abandoned!
E/MaliEGL (10185): void __egl_platform_dequeue_buffer(egl_surface*):1131 [EGL-ERROR] failed to dequeue buffer from native window (0x22b750); err = -19, buf = 0x0
E/SurfaceTexture( 1049): [SurfaceView] dequeueBuffer: SurfaceTexture has been abandoned!
E/MaliEGL (10185): void __egl_platform_dequeue_buffer(egl_surface*):1131 [EGL-ERROR] failed to dequeue buffer from native window (0x22b750); err = -19, buf = 0x0
E/SurfaceTexture( 1049): [SurfaceView] dequeueBuffer: SurfaceTexture has been abandoned!
E/MaliEGL (10185): void __egl_platform_dequeue_buffer(egl_surface*):1131 [EGL-ERROR] failed to dequeue buffer from native window (0x22b750); err = -19, buf = 0x0
E/SurfaceTexture( 1049): [SurfaceView] dequeueBuffer: SurfaceTexture has been abandoned!
E/MaliEGL (10185): void __egl_platform_dequeue_buffer(egl_surface*):1131 [EGL-ERROR] failed to dequeue buffer from native window (0x22b750); err = -19, buf = 0x0
E/SurfaceTexture( 1049): [SurfaceView] dequeueBuffer: SurfaceTexture has been abandoned!
E/MaliEGL (10185): void __egl_platform_dequeue_buffer(egl_surface*):1131 [EGL-ERROR] failed to dequeue buffer from native window (0x22b750); err = -19, buf = 0x0
E/SurfaceTexture( 1049): [SurfaceView] dequeueBuffer: SurfaceTexture has been abandoned!
E/MaliEGL (10185): void __egl_platform_dequeue_buffer(egl_surface*):1131 [EGL-ERROR] failed to dequeue buffer from native window (0x22b750); err = -19, buf = 0x0
E/SurfaceTexture( 1049): [SurfaceView] dequeueBuffer: SurfaceTexture has been abandoned!
E/MaliEGL (10185): void __egl_platform_dequeue_buffer(egl_surface*):1131 [EGL-ERROR] failed to dequeue buffer from native window (0x22b750); err = -19, buf = 0x0
E/SurfaceTexture( 1049): [SurfaceView] dequeueBuffer: SurfaceTexture has been abandoned!
E/MaliEGL (10185): void __egl_platform_dequeue_buffer(egl_surface*):1131 [EGL-ERROR] failed to dequeue buffer from native window (0x22b750); err = -19, buf = 0x0
E/SurfaceTexture( 1049): [SurfaceView] dequeueBuffer: SurfaceTexture has been abandoned!
E/MaliEGL (10185): void __egl_platform_dequeue_buffer(egl_surface*):1131 [EGL-ERROR] failed to dequeue buffer from native window (0x22b750); err = -19, buf = 0x0
E/SurfaceTexture( 1049): [SurfaceView] dequeueBuffer: SurfaceTexture has been abandoned!
E/MaliEGL (10185): void __egl_platform_dequeue_buffer(egl_surface*):1131 [EGL-ERROR] failed to dequeue buffer from native window (0x22b750); err = -19, buf = 0x0
E/SurfaceTexture( 1049): [SurfaceView] dequeueBuffer: SurfaceTexture has been abandoned!
E/MaliEGL (10185): void __egl_platform_dequeue_buffer(egl_surface*):1131 [EGL-ERROR] failed to dequeue buffer from native window (0x22b750); err = -19, buf = 0x0
E/SurfaceTexture( 1049): [SurfaceView] dequeueBuffer: SurfaceTexture has been abandoned!
E/MaliEGL (10185): void __egl_platform_dequeue_buffer(egl_surface*):1131 [EGL-ERROR] failed to dequeue buffer from native window (0x22b750); err = -19, buf = 0x0
E/SurfaceTexture( 1049): [SurfaceView] dequeueBuffer: SurfaceTexture has been abandoned!
E/MaliEGL (10185): void __egl_platform_dequeue_buffer(egl_surface*):1131 [EGL-ERROR] failed to dequeue buffer from native window (0x22b750); err = -19, buf = 0x0
E/SurfaceTexture( 1049): [SurfaceView] dequeueBuffer: SurfaceTexture has been abandoned!
E/MaliEGL (10185): void __egl_platform_dequeue_buffer(egl_surface*):1131 [EGL-ERROR] failed to dequeue buffer from native window (0x22b750); err = -19, buf = 0x0
E/SurfaceTexture( 1049): [SurfaceView] dequeueBuffer: SurfaceTexture has been abandoned!
E/MaliEGL (10185): void __egl_platform_dequeue_buffer(egl_surface*):1131 [EGL-ERROR] failed to dequeue buffer from native window (0x22b750); err = -19, buf = 0x0
E/SurfaceTexture( 1049): [SurfaceView] dequeueBuffer: SurfaceTexture has been abandoned!
E/MaliEGL (10185): void __egl_platform_dequeue_buffer(egl_surface*):1131 [EGL-ERROR] failed to dequeue buffer from native window (0x22b750); err = -19, buf = 0x0
E/SurfaceTexture( 1049): [SurfaceView] dequeueBuffer: SurfaceTexture has been abandoned!
E/MaliEGL (10185): void __egl_platform_dequeue_buffer(egl_surface*):1131 [EGL-ERROR] failed to dequeue buffer from native window (0x22b750); err = -19, buf = 0x0
E/SurfaceTexture( 1049): [SurfaceView] dequeueBuffer: SurfaceTexture has been abandoned!
E/MaliEGL (10185): void __egl_platform_dequeue_buffer(egl_surface*):1131 [EGL-ERROR] failed to dequeue buffer from native window (0x22b750); err = -19, buf = 0x0
E/SurfaceTexture( 1049): [SurfaceView] dequeueBuffer: SurfaceTexture has been abandoned!
E/MaliEGL (10185): void __egl_platform_dequeue_buffer(egl_surface*):1131 [EGL-ERROR] failed to dequeue buffer from native window (0x22b750); err = -19, buf = 0x0
E/SurfaceTexture( 1049): [SurfaceView] dequeueBuffer: SurfaceTexture has been abandoned!
E/MaliEGL (10185): void __egl_platform_dequeue_buffer(egl_surface*):1131 [EGL-ERROR] failed to dequeue buffer from native window (0x22b750); err = -19, buf = 0x0
E/SurfaceTexture( 1049): [SurfaceView] dequeueBuffer: SurfaceTexture has been abandoned!
E/MaliEGL (10185): void __egl_platform_dequeue_buffer(egl_surface*):1131 [EGL-ERROR] failed to dequeue buffer from native window (0x22b750); err = -19, buf = 0x0
E/SurfaceTexture( 1049): [SurfaceView] dequeueBuffer: SurfaceTexture has been abandoned!
E/MaliEGL (10185): void __egl_platform_dequeue_buffer(egl_surface*):1131 [EGL-ERROR] failed to dequeue buffer from native window (0x22b750); err = -19, buf = 0x0
E/SurfaceTexture( 1049): [SurfaceView] dequeueBuffer: SurfaceTexture has been abandoned!
E/MaliEGL (10185): void __egl_platform_dequeue_buffer(egl_surface*):1131 [EGL-ERROR] failed to dequeue buffer from native window (0x22b750); err = -19, buf = 0x0
E/SurfaceTexture( 1049): [SurfaceView] dequeueBuffer: SurfaceTexture has been abandoned!
E/MaliEGL (10185): void __egl_platform_dequeue_buffer(egl_surface*):1131 [EGL-ERROR] failed to dequeue buffer from native window (0x22b750); err = -19, buf = 0x0
E/SurfaceTexture( 1049): [SurfaceView] dequeueBuffer: SurfaceTexture has been abandoned!
E/MaliEGL (10185): void __egl_platform_dequeue_buffer(egl_surface*):1131 [EGL-ERROR] failed to dequeue buffer from native window (0x22b750); err = -19, buf = 0x0
V/audio_hw_primary( 9880): out_get_latency ret 10ms
E/SurfaceTexture( 1049): [SurfaceView] dequeueBuffer: SurfaceTexture has been abandoned!
E/MaliEGL (10185): void __egl_platform_dequeue_buffer(egl_surface*):1131 [EGL-ERROR] failed to dequeue buffer from native window (0x22b750); err = -19, buf = 0x0
E/SurfaceTexture( 1049): [SurfaceView] dequeueBuffer: SurfaceTexture has been abandoned!
E/MaliEGL (10185): void __egl_platform_dequeue_buffer(egl_surface*):1131 [EGL-ERROR] failed to dequeue buffer from native window (0x22b750); err = -19, buf = 0x0
E/SurfaceTexture( 1049): [SurfaceView] dequeueBuffer: SurfaceTexture has been abandoned!
E/MaliEGL (10185): void __egl_platform_dequeue_buffer(egl_surface*):1131 [EGL-ERROR] failed to dequeue buffer from native window (0x22b750); err = -19, buf = 0x0
E/SurfaceTexture( 1049): [SurfaceView] dequeueBuffer: SurfaceTexture has been abandoned!
E/MaliEGL (10185): void __egl_platform_dequeue_buffer(egl_surface*):1131 [EGL-ERROR] failed to dequeue buffer from native window (0x22b750); err = -19, buf = 0x0
E/SurfaceTexture( 1049): [SurfaceView] dequeueBuffer: SurfaceTexture has been abandoned!
E/MaliEGL (10185): void __egl_platform_dequeue_buffer(egl_surface*):1131 [EGL-ERROR] failed to dequeue buffer from native window (0x22b750); err = -19, buf = 0x0
E/SurfaceTexture( 1049): [SurfaceView] dequeueBuffer: SurfaceTexture has been abandoned!
E/MaliEGL (10185): void __egl_platform_dequeue_buffer(egl_surface*):1131 [EGL-ERROR] failed to dequeue buffer from native window (0x22b750); err = -19, buf = 0x0
E/SurfaceTexture( 1049): [SurfaceView] dequeueBuffer: SurfaceTexture has been abandoned!
E/MaliEGL (10185): void __egl_platform_dequeue_buffer(egl_surface*):1131 [EGL-ERROR] failed to dequeue buffer from native window (0x22b750); err = -19, buf = 0x0
E/SurfaceTexture( 1049): [SurfaceView] dequeueBuffer: SurfaceTexture has been abandoned!
E/MaliEGL (10185): void __egl_platform_dequeue_buffer(egl_surface*):1131 [EGL-ERROR] failed to dequeue buffer from native window (0x22b750); err = -19, buf = 0x0
E/SurfaceTexture( 1049): [SurfaceView] dequeueBuffer: SurfaceTexture has been abandoned!
E/MaliEGL (10185): void __egl_platform_dequeue_buffer(egl_surface*):1131 [EGL-ERROR] failed to dequeue buffer from native window (0x22b750); err = -19, buf = 0x0
E/SurfaceTexture( 1049): [SurfaceView] dequeueBuffer: SurfaceTexture has been abandoned!
E/MaliEGL (10185): void __egl_platform_dequeue_buffer(egl_surface*):1131 [EGL-ERROR] failed to dequeue buffer from native window (0x22b750); err = -19, buf = 0x0
E/SurfaceTexture( 1049): [SurfaceView] dequeueBuffer: SurfaceTexture has been abandoned!
E/MaliEGL (10185): void __egl_platform_dequeue_buffer(egl_surface*):1131 [EGL-ERROR] failed to dequeue buffer from native window (0x22b750); err = -19, buf = 0x0
E/SurfaceTexture( 1049): [SurfaceView] dequeueBuffer: SurfaceTexture has been abandoned!
D/libEGL  (13178): loaded /system/lib/egl/libGLES_android.so
E/MaliEGL (10185): void __egl_platform_dequeue_buffer(egl_surface*):1131 [EGL-ERROR] failed to dequeue buffer from native window (0x22b750); err = -19, buf = 0x0
E/SurfaceTexture( 1049): [SurfaceView] dequeueBuffer: SurfaceTexture has been abandoned!
E/MaliEGL (10185): void __egl_platform_dequeue_buffer(egl_surface*):1131 [EGL-ERROR] failed to dequeue buffer from native window (0x22b750); err = -19, buf = 0x0
E/SurfaceTexture( 1049): [SurfaceView] dequeueBuffer: SurfaceTexture has been abandoned!
E/MaliEGL (10185): void __egl_platform_dequeue_buffer(egl_surface*):1131 [EGL-ERROR] failed to dequeue buffer from native window (0x22b750); err = -19, buf = 0x0
E/SurfaceTexture( 1049): [SurfaceView] dequeueBuffer: SurfaceTexture has been abandoned!
E/MaliEGL (10185): void __egl_platform_dequeue_buffer(egl_surface*):1131 [EGL-ERROR] failed to dequeue buffer from native window (0x22b750); err = -19, buf = 0x0
E/SurfaceTexture( 1049): [SurfaceView] dequeueBuffer: SurfaceTexture has been abandoned!
E/MaliEGL (10185): void __egl_platform_dequeue_buffer(egl_surface*):1131 [EGL-ERROR] failed to dequeue buffer from native window (0x22b750); err = -19, buf = 0x0
E/SurfaceTexture( 1049): [SurfaceView] dequeueBuffer: SurfaceTexture has been abandoned!
E/MaliEGL (10185): void __egl_platform_dequeue_buffer(egl_surface*):1131 [EGL-ERROR] failed to dequeue buffer from native window (0x22b750); err = -19, buf = 0x0
E/SurfaceTexture( 1049): [SurfaceView] dequeueBuffer: SurfaceTexture has been abandoned!
E/MaliEGL (10185): void __egl_platform_dequeue_buffer(egl_surface*):1131 [EGL-ERROR] failed to dequeue buffer from native window (0x22b750); err = -19, buf = 0x0
E/SurfaceTexture( 1049): [SurfaceView] dequeueBuffer: SurfaceTexture has been abandoned!
E/MaliEGL (10185): void __egl_platform_dequeue_buffer(egl_surface*):1131 [EGL-ERROR] failed to dequeue buffer from native window (0x22b750); err = -19, buf = 0x0
E/SurfaceTexture( 1049): [SurfaceView] dequeueBuffer: SurfaceTexture has been abandoned!
E/MaliEGL (10185): void __egl_platform_dequeue_buffer(egl_surface*):1131 [EGL-ERROR] failed to dequeue buffer from native window (0x22b750); err = -19, buf = 0x0
E/SurfaceTexture( 1049): [SurfaceView] dequeueBuffer: SurfaceTexture has been abandoned!
E/MaliEGL (10185): void __egl_platform_dequeue_buffer(egl_surface*):1131 [EGL-ERROR] failed to dequeue buffer from native window (0x22b750); err = -19, buf = 0x0
E/SurfaceTexture( 1049): [SurfaceView] dequeueBuffer: SurfaceTexture has been abandoned!
E/MaliEGL (10185): void __egl_platform_dequeue_buffer(egl_surface*):1131 [EGL-ERROR] failed to dequeue buffer from native window (0x22b750); err = -19, buf = 0x0
E/SurfaceTexture( 1049): [SurfaceView] dequeueBuffer: SurfaceTexture has been abandoned!
E/MaliEGL (10185): void __egl_platform_dequeue_buffer(egl_surface*):1131 [EGL-ERROR] failed to dequeue buffer from native window (0x22b750); err = -19, buf = 0x0
E/SurfaceTexture( 1049): [SurfaceView] dequeueBuffer: SurfaceTexture has been abandoned!
E/MaliEGL (10185): void __egl_platform_dequeue_buffer(egl_surface*):1131 [EGL-ERROR] failed to dequeue buffer from native window (0x22b750); err = -19, buf = 0x0
E/SurfaceTexture( 1049): [SurfaceView] dequeueBuffer: SurfaceTexture has been abandoned!
E/MaliEGL (10185): void __egl_platform_dequeue_buffer(egl_surface*):1131 [EGL-ERROR] failed to dequeue buffer from native window (0x22b750); err = -19, buf = 0x0
E/SurfaceTexture( 1049): [SurfaceView] dequeueBuffer: SurfaceTexture has been abandoned!
E/MaliEGL (10185): void __egl_platform_dequeue_buffer(egl_surface*):1131 [EGL-ERROR] failed to dequeue buffer from native window (0x22b750); err = -19, buf = 0x0
E/SurfaceTexture( 1049): [SurfaceView] dequeueBuffer: SurfaceTexture has been abandoned!
E/MaliEGL (10185): void __egl_platform_dequeue_buffer(egl_surface*):1131 [EGL-ERROR] failed to dequeue buffer from native window (0x22b750); err = -19, buf = 0x0
E/SurfaceTexture( 1049): [SurfaceView] dequeueBuffer: SurfaceTexture has been abandoned!
E/MaliEGL (10185): void __egl_platform_dequeue_buffer(egl_surface*):1131 [EGL-ERROR] failed to dequeue buffer from native window (0x22b750); err = -19, buf = 0x0
E/SurfaceTexture( 1049): [SurfaceView] dequeueBuffer: SurfaceTexture has been abandoned!
E/MaliEGL (10185): void __egl_platform_dequeue_buffer(egl_surface*):1131 [EGL-ERROR] failed to dequeue buffer from native window (0x22b750); err = -19, buf = 0x0
E/SurfaceTexture( 1049): [SurfaceView] dequeueBuffer: SurfaceTexture has been abandoned!
E/MaliEGL (10185): void __egl_platform_dequeue_buffer(egl_surface*):1131 [EGL-ERROR] failed to dequeue buffer from native window (0x22b750); err = -19, buf = 0x0
E/SurfaceTexture( 1049): [SurfaceView] dequeueBuffer: SurfaceTexture has been abandoned!
E/MaliEGL (10185): void __egl_platform_dequeue_buffer(egl_surface*):1131 [EGL-ERROR] failed to dequeue buffer from native window (0x22b750); err = -19, buf = 0x0
E/SurfaceTexture( 1049): [SurfaceView] dequeueBuffer: SurfaceTexture has been abandoned!
E/MaliEGL (10185): void __egl_platform_dequeue_buffer(egl_surface*):1131 [EGL-ERROR] failed to dequeue buffer from native window (0x22b750); err = -19, buf = 0x0
E/SurfaceTexture( 1049): [SurfaceView] dequeueBuffer: SurfaceTexture has been abandoned!
E/MaliEGL (10185): void __egl_platform_dequeue_buffer(egl_surface*):1131 [EGL-ERROR] failed to dequeue buffer from native window (0x22b750); err = -19, buf = 0x0
E/SurfaceTexture( 1049): [SurfaceView] dequeueBuffer: SurfaceTexture has been abandoned!
E/MaliEGL (10185): void __egl_platform_dequeue_buffer(egl_surface*):1131 [EGL-ERROR] failed to dequeue buffer from native window (0x22b750); err = -19, buf = 0x0
E/SurfaceTexture( 1049): [SurfaceView] dequeueBuffer: SurfaceTexture has been abandoned!
E/MaliEGL (10185): void __egl_platform_dequeue_buffer(egl_surface*):1131 [EGL-ERROR] failed to dequeue buffer from native window (0x22b750); err = -19, buf = 0x0
E/SurfaceTexture( 1049): [SurfaceView] dequeueBuffer: SurfaceTexture has been abandoned!
E/MaliEGL (10185): void __egl_platform_dequeue_buffer(egl_surface*):1131 [EGL-ERROR] failed to dequeue buffer from native window (0x22b750); err = -19, buf = 0x0
E/SurfaceTexture( 1049): [SurfaceView] dequeueBuffer: SurfaceTexture has been abandoned!
E/MaliEGL (10185): void __egl_platform_dequeue_buffer(egl_surface*):1131 [EGL-ERROR] failed to dequeue buffer from native window (0x22b750); err = -19, buf = 0x0
E/SurfaceTexture( 1049): [SurfaceView] dequeueBuffer: SurfaceTexture has been abandoned!
E/MaliEGL (10185): void __egl_platform_dequeue_buffer(egl_surface*):1131 [EGL-ERROR] failed to dequeue buffer from native window (0x22b750); err = -19, buf = 0x0
E/SurfaceTexture( 1049): [SurfaceView] dequeueBuffer: SurfaceTexture has been abandoned!
E/MaliEGL (10185): void __egl_platform_dequeue_buffer(egl_surface*):1131 [EGL-ERROR] failed to dequeue buffer from native window (0x22b750); err = -19, buf = 0x0
E/SurfaceTexture( 1049): [SurfaceView] dequeueBuffer: SurfaceTexture has been abandoned!
E/MaliEGL (10185): void __egl_platform_dequeue_buffer(egl_surface*):1131 [EGL-ERROR] failed to dequeue buffer from native window (0x22b750); err = -19, buf = 0x0
E/SurfaceTexture( 1049): [SurfaceView] dequeueBuffer: SurfaceTexture has been abandoned!
E/MaliEGL (10185): void __egl_platform_dequeue_buffer(egl_surface*):1131 [EGL-ERROR] failed to dequeue buffer from native window (0x22b750); err = -19, buf = 0x0
E/SurfaceTexture( 1049): [SurfaceView] dequeueBuffer: SurfaceTexture has been abandoned!
E/MaliEGL (10185): void __egl_platform_dequeue_buffer(egl_surface*):1131 [EGL-ERROR] failed to dequeue buffer from native window (0x22b750); err = -19, buf = 0x0
E/SurfaceTexture( 1049): [SurfaceView] dequeueBuffer: SurfaceTexture has been abandoned!
E/MaliEGL (10185): void __egl_platform_dequeue_buffer(egl_surface*):1131 [EGL-ERROR] failed to dequeue buffer from native window (0x22b750); err = -19, buf = 0x0
E/SurfaceTexture( 1049): [SurfaceView] dequeueBuffer: SurfaceTexture has been abandoned!
E/MaliEGL (10185): void __egl_platform_dequeue_buffer(egl_surface*):1131 [EGL-ERROR] failed to dequeue buffer from native window (0x22b750); err = -19, buf = 0x0
E/SurfaceTexture( 1049): [SurfaceView] dequeueBuffer: SurfaceTexture has been abandoned!
E/MaliEGL (10185): void __egl_platform_dequeue_buffer(egl_surface*):1131 [EGL-ERROR] failed to dequeue buffer from native window (0x22b750); err = -19, buf = 0x0
E/SurfaceTexture( 1049): [SurfaceView] dequeueBuffer: SurfaceTexture has been abandoned!
E/MaliEGL (10185): void __egl_platform_dequeue_buffer(egl_surface*):1131 [EGL-ERROR] failed to dequeue buffer from native window (0x22b750); err = -19, buf = 0x0
E/SurfaceTexture( 1049): [SurfaceView] dequeueBuffer: SurfaceTexture has been abandoned!
E/MaliEGL (10185): void __egl_platform_dequeue_buffer(egl_surface*):1131 [EGL-ERROR] failed to dequeue buffer from native window (0x22b750); err = -19, buf = 0x0
E/SurfaceTexture( 1049): [SurfaceView] dequeueBuffer: SurfaceTexture has been abandoned!
E/MaliEGL (10185): void __egl_platform_dequeue_buffer(egl_surface*):1131 [EGL-ERROR] failed to dequeue buffer from native window (0x22b750); err = -19, buf = 0x0
E/SurfaceTexture( 1049): [SurfaceView] dequeueBuffer: SurfaceTexture has been abandoned!
E/MaliEGL (10185): void __egl_platform_dequeue_buffer(egl_surface*):1131 [EGL-ERROR] failed to dequeue buffer from native window (0x22b750); err = -19, buf = 0x0
E/SurfaceTexture( 1049): [SurfaceView] dequeueBuffer: SurfaceTexture has been abandoned!
E/MaliEGL (10185): void __egl_platform_dequeue_buffer(egl_surface*):1131 [EGL-ERROR] failed to dequeue buffer from native window (0x22b750); err = -19, buf = 0x0
E/SurfaceTexture( 1049): [SurfaceView] dequeueBuffer: SurfaceTexture has been abandoned!
E/MaliEGL (10185): void __egl_platform_dequeue_buffer(egl_surface*):1131 [EGL-ERROR] failed to dequeue buffer from native window (0x22b750); err = -19, buf = 0x0
E/SurfaceTexture( 1049): [SurfaceView] dequeueBuffer: SurfaceTexture has been abandoned!
E/MaliEGL (10185): void __egl_platform_dequeue_buffer(egl_surface*):1131 [EGL-ERROR] failed to dequeue buffer from native window (0x22b750); err = -19, buf = 0x0
E/SurfaceTexture( 1049): [SurfaceView] dequeueBuffer: SurfaceTexture has been abandoned!
E/MaliEGL (10185): void __egl_platform_dequeue_buffer(egl_surface*):1131 [EGL-ERROR] failed to dequeue buffer from native window (0x22b750); err = -19, buf = 0x0
E/SurfaceTexture( 1049): [SurfaceView] dequeueBuffer: SurfaceTexture has been abandoned!
E/MaliEGL (10185): void __egl_platform_dequeue_buffer(egl_surface*):1131 [EGL-ERROR] failed to dequeue buffer from native window (0x22b750); err = -19, buf = 0x0
E/SurfaceTexture( 1049): [SurfaceView] dequeueBuffer: SurfaceTexture has been abandoned!
E/MaliEGL (10185): void __egl_platform_dequeue_buffer(egl_surface*):1131 [EGL-ERROR] failed to dequeue buffer from native window (0x22b750); err = -19, buf = 0x0
E/SurfaceTexture( 1049): [SurfaceView] dequeueBuffer: SurfaceTexture has been abandoned!
E/MaliEGL (10185): void __egl_platform_dequeue_buffer(egl_surface*):1131 [EGL-ERROR] failed to dequeue buffer from native window (0x22b750); err = -19, buf = 0x0
E/SurfaceTexture( 1049): [SurfaceView] dequeueBuffer: SurfaceTexture has been abandoned!
E/MaliEGL (10185): void __egl_platform_dequeue_buffer(egl_surface*):1131 [EGL-ERROR] failed to dequeue buffer from native window (0x22b750); err = -19, buf = 0x0
E/SurfaceTexture( 1049): [SurfaceView] dequeueBuffer: SurfaceTexture has been abandoned!
E/MaliEGL (10185): void __egl_platform_dequeue_buffer(egl_surface*):1131 [EGL-ERROR] failed to dequeue buffer from native window (0x22b750); err = -19, buf = 0x0
E/SurfaceTexture( 1049): [SurfaceView] dequeueBuffer: SurfaceTexture has been abandoned!
E/MaliEGL (10185): void __egl_platform_dequeue_buffer(egl_surface*):1131 [EGL-ERROR] failed to dequeue buffer from native window (0x22b750); err = -19, buf = 0x0
E/SurfaceTexture( 1049): [SurfaceView] dequeueBuffer: SurfaceTexture has been abandoned!
E/MaliEGL (10185): void __egl_platform_dequeue_buffer(egl_surface*):1131 [EGL-ERROR] failed to dequeue buffer from native window (0x22b750); err = -19, buf = 0x0
E/SurfaceTexture( 1049): [SurfaceView] dequeueBuffer: SurfaceTexture has been abandoned!
E/MaliEGL (10185): void __egl_platform_dequeue_buffer(egl_surface*):1131 [EGL-ERROR] failed to dequeue buffer from native window (0x22b750); err = -19, buf = 0x0
E/SurfaceTexture( 1049): [SurfaceView] dequeueBuffer: SurfaceTexture has been abandoned!
E/MaliEGL (10185): void __egl_platform_dequeue_buffer(egl_surface*):1131 [EGL-ERROR] failed to dequeue buffer from native window (0x22b750); err = -19, buf = 0x0
E/SurfaceTexture( 1049): [SurfaceView] dequeueBuffer: SurfaceTexture has been abandoned!
E/MaliEGL (10185): void __egl_platform_dequeue_buffer(egl_surface*):1131 [EGL-ERROR] failed to dequeue buffer from native window (0x22b750); err = -19, buf = 0x0
E/SurfaceTexture( 1049): [SurfaceView] dequeueBuffer: SurfaceTexture has been abandoned!
E/InputQueue-JNI(10040): channel '41525248 NotificationPanel (client)' ~ Publisher closed input channel or an error occurred.  events=0x8
E/MaliEGL (10185): void __egl_platform_dequeue_buffer(egl_surface*):1131 [EGL-ERROR] failed to dequeue buffer from native window (0x22b750); err = -19, buf = 0x0
E/InputQueue-JNI(10040): channel '41628530 RecentsPanel (client)' ~ Publisher closed input channel or an error occurred.  events=0x8
E/SurfaceTexture( 1049): [SurfaceView] dequeueBuffer: SurfaceTexture has been abandoned!
E/InputQueue-JNI(10040): channel '41634758 InputMethodsPanel (client)' ~ Publisher closed input channel or an error occurred.  events=0x8
E/MaliEGL (10185): void __egl_platform_dequeue_buffer(egl_surface*):1131 [EGL-ERROR] failed to dequeue buffer from native window (0x22b750); err = -19, buf = 0x0
E/InputQueue-JNI(10040): channel '4163f428 CompatModePanel (client)' ~ Publisher closed input channel or an error occurred.  events=0x8
E/SurfaceTexture( 1049): [SurfaceView] dequeueBuffer: SurfaceTexture has been abandoned!
E/MaliEGL (10185): void __egl_platform_dequeue_buffer(egl_surface*):1131 [EGL-ERROR] failed to dequeue buffer from native window (0x22b750); err = -19, buf = 0x0
E/InputQueue-JNI(10040): channel '415729b8 StatusBar (client)' ~ Publisher closed input channel or an error occurred.  events=0x8
E/SurfaceTexture( 1049): [SurfaceView] dequeueBuffer: SurfaceTexture has been abandoned!
E/MaliEGL (10185): void __egl_platform_dequeue_buffer(egl_surface*):1131 [EGL-ERROR] failed to dequeue buffer from native window (0x22b750); err = -19, buf = 0x0
E/InputQueue-JNI(10185): channel '416443e8 com.ts.gaya.coship/com.ts.gaya.coship.MainActivity (client)' ~ Publisher closed input channel or an error occurred.  events=0x8
E/InputQueue-JNI(10040): channel '4161d380 com.android.systemui.ImageWallpaper (client)' ~ Publisher closed input channel or an error occurred.  events=0x8
E/SurfaceTexture( 1049): [SurfaceView] dequeueBuffer: SurfaceTexture has been abandoned!
E/MaliEGL (10185): void __egl_platform_dequeue_buffer(egl_surface*):1131 [EGL-ERROR] failed to dequeue buffer from native window (0x22b750); err = -19, buf = 0x0
E/SurfaceTexture( 1049): [SurfaceView] dequeueBuffer: SurfaceTexture has been abandoned!
E/MaliEGL (10185): void __egl_platform_dequeue_buffer(egl_surface*):1131 [EGL-ERROR] failed to dequeue buffer from native window (0x22b750); err = -19, buf = 0x0
I/Zygote  ( 9882): Exit zygote because system server (9910) has terminated
E/SurfaceTexture( 1049): [SurfaceView] dequeueBuffer: SurfaceTexture has been abandoned!
E/MaliEGL (10185): void __egl_platform_dequeue_buffer(egl_surface*):1131 [EGL-ERROR] failed to dequeue buffer from native window (0x22b750); err = -19, buf = 0x0
E/SurfaceTexture( 1049): [SurfaceView] dequeueBuffer: SurfaceTexture has been abandoned!
E/MaliEGL (10185): void __egl_platform_dequeue_buffer(egl_surface*):1131 [EGL-ERROR] failed to dequeue buffer from native window (0x22b750); err = -19, buf = 0x0
E/SurfaceTexture( 1049): [SurfaceView] dequeueBuffer: SurfaceTexture has been abandoned!
E/MaliEGL (10185): void __egl_platform_dequeue_buffer(egl_surface*):1131 [EGL-ERROR] failed to dequeue buffer from native window (0x22b750); err = -19, buf = 0x0
E/SurfaceTexture( 1049): [SurfaceView] dequeueBuffer: SurfaceTexture has been abandoned!
E/MaliEGL (10185): void __egl_platform_dequeue_buffer(egl_surface*):1131 [EGL-ERROR] failed to dequeue buffer from native window (0x22b750); err = -19, buf = 0x0
E/SurfaceTexture( 1049): [SurfaceView] dequeueBuffer: SurfaceTexture has been abandoned!
E/MaliEGL (10185): void __egl_platform_dequeue_buffer(egl_surface*):1131 [EGL-ERROR] failed to dequeue buffer from native window (0x22b750); err = -19, buf = 0x0
E/SurfaceTexture( 1049): [SurfaceView] dequeueBuffer: SurfaceTexture has been abandoned!
E/MaliEGL (10185): void __egl_platform_dequeue_buffer(egl_surface*):1131 [EGL-ERROR] failed to dequeue buffer from native window (0x22b750); err = -19, buf = 0x0
E/SurfaceTexture( 1049): [SurfaceView] dequeueBuffer: SurfaceTexture has been abandoned!
E/MaliEGL (10185): void __egl_platform_dequeue_buffer(egl_surface*):1131 [EGL-ERROR] failed to dequeue buffer from native window (0x22b750); err = -19, buf = 0x0
E/SurfaceTexture( 1049): [SurfaceView] [58811.504225] request_suspend_state: wakeup (0->0) at 58811501213302 (2013-03-30 01:35:01.584147393 UTC)
dequeueBuffer: SurfaceTexture has been abandoned!
E/MaliEGL (10185): void __egl_platform_dequeue_buffer(egl_surface*):1131 [EGL-ERROR] failed to dequeue buffer from native window (0x22b750); err = -19, buf = 0x0
E/SurfaceTexture( 1049): [SurfaceView] dequeueBuffer: SurfaceTexture has been abandoned!
E/MaliEGL (10185): void __egl_platform_dequeue_buffer(egl_surface*):1131 [EGL-ERROR] failed to dequeue buffer from native window (0x22b750); err = -19, buf = 0x0
E/SurfaceTexture( 1049): [SurfaceView] dequeueBuffer: SurfaceTexture has been abandoned!
E/MaliEGL (10185): void __egl_platform_dequeue_buffer(egl_surface*):1131 [EGL-ERROR] failed to dequeue buffer from native window (0x22b750); err = -19, buf = 0x0
E/SurfaceTexture( 1049): [SurfaceView] dequeueBuffer: SurfaceTexture has been abandoned!
E/MaliEGL (10185): void __egl_platform_dequeue_buffer(egl_surface*):1131 [EGL-ERROR] failed to dequeue buffer from native window (0x22b750); err = -19, buf = 0x0
E/SurfaceTexture( 1049): [SurfaceView] dequeueBuffer: SurfaceTexture has been abandoned!
E/MaliEGL (10185): void __egl_platform_dequeue_buffer(egl_surface*):1131 [EGL-ERROR] failed to dequeue buffer from native window (0x22b750); err = -19, buf = 0x0
E/SurfaceTexture( 1049): [SurfaceView] dequeueBuffer: SurfaceTexture has been abandoned!
E/MaliEGL (10185): void __egl_platform_dequeue_buffer(egl_surface*):1131 [EGL-ERROR] failed to dequeue buffer from native window (0x22b750); err = -19, buf = 0x0
E/SurfaceTexture( 1049): [SurfaceView] dequeueBuffer: SurfaceTexture has been abandoned!
E/MaliEGL (10185): void __egl_platform_dequeue_buffer(egl_surface*):1131 [EGL-ERROR] failed to dequeue buffer from native window (0x22b750); err = -19, buf = 0x0
E/SurfaceTexture( 1049): [SurfaceView] dequeueBuffer: SurfaceTexture has been abandoned!
E/MaliEGL (10185): void __egl_platform_dequeue_buffer(egl_surface*):1131 [EGL-ERROR] failed to dequeue buffer from native window (0x22b750); err = -19, buf = 0x0
E/SurfaceTexture( 1049): [SurfaceView] dequeueBuffer: SurfaceTexture has been abandoned!
E/MaliEGL (10185): void __egl_platform_dequeue_buffer(egl_surface*):1131 [EGL-ERROR] failed to dequeue buffer from native window (0x22b750); err = -19, buf = 0x0
E/SurfaceTexture( 1049): [SurfaceView] dequeueBuffer: SurfaceTexture has been abandoned!
E/MaliEGL (10185): void __egl_platform_dequeue_buffer(egl_surface*):1131 [EGL-ERROR] failed to dequeue buffer from native window (0x22b750); err = -19, buf = 0x0
E/SurfaceTexture( 1049): [SurfaceView] dequeueBuffer: SurfaceTexture has been abandoned!
E/MaliEGL (10185): void __egl_platform_dequeue_buffer(egl_surface*):1131 [EGL-ERROR] failed to dequeue buffer from native window (0x22b750); err = -19, buf = 0x0
E/SurfaceTexture( 1049): [SurfaceView] dequeueBuffer: SurfaceTexture has been abandoned!
E/MaliEGL (10185): void __egl_platform_dequeue_buffer(egl_surface*):1131 [EGL-ERROR] failed to dequeue buffer from native window (0x22b750); err = -19, buf = 0x0
E/SurfaceTexture( 1049): [SurfaceView] dequeueBuffer: SurfaceTexture has been abandoned!
E/MaliEGL (10185): void __egl_platform_dequeue_buffer(egl_surface*):1131 [EGL-ERROR] failed to dequeue buffer from native window (0x22b750); err = -19, buf = 0x0
E/SurfaceTexture( 1049): [SurfaceView] dequeueBuffer: SurfaceTexture has been abandoned!
I/ServiceManager(  732): service 'bluetoothheadset' died
W/AudioSystem(13178): AudioFlinger server died!
I/ServiceManager(  732): service 'media.audio_flinger' died
I/ServiceManager(  732): service 'media.player' died
I/ServiceManager(  732): service 'media.camera' died
I/ServiceManager(  732): service 'media.audio_policy' died
I/Netd    (13185): Netd 1.0 starting
D/libEGL  (13178): loaded /system/lib/egl/libEGL_mali.so
D/libEGL  (13178): loaded /system/lib/egl/libGLESv1_CM_mali.so
D/libEGL  (13178): loaded /system/lib/egl/libGLESv2_mali.so
I/ServiceManager(13178): Waiting for service media.player...
E/Netd    (13185): Unable to create netlink socket: Protocol not supported
E/Netd    (13185): Unable to open quota2 logging socket
D/AndroidRuntime(13186): 
D/AndroidRuntime(13186): >>>>>> AndroidRuntime START com.android.internal.os.ZygoteInit <<<<<<
D/AndroidRuntime(13186): CheckJNI is ON
I/ethernet(13186): Loading ethernet jni class
I/SamplingProfilerIntegration(13186): Profiling disabled.
I/        (13184): ServiceManager: 0xfdc8
D/dalvikvm(13186): GC_EXPLICIT freed 27K, 91% free 406K/4096K, paused 0ms+1ms
E/audio_hw_btsco(13184): open btsco device
E/AudioFlinger(13184): couldn't open audio hw device in audio.btsco (Success)
I/AudioFlinger(13184): Loaded btsco audio interface from Default audio HW HAL (audio)
I/AudioFlinger(13184): Using 'Default audio HW HAL' (audio.btsco) as the primary audio interface
D/dalvikvm(13186): GC_EXPLICIT freed <1K, 91% free 405K/4096K, paused 1ms+1ms
D/dalvikvm(13186): GC_EXPLICIT freed <1K, 91% free 405K/4096K, paused 0ms+0ms
V/audio_hw_primary(13184): 
V/audio_hw_primary(13184): adev_open -------------------- build Mar 28 2013 12:07:51
E/AudioFlinger(13184): couldn't open audio hw device in audio.primary (Success)
I/AudioFlinger(13184): Loaded primary audio interface from MStar audio HW HAL (audio)
E/AudioFlinger(13184): couldn't open audio hw device in audio.a2dp (Success)
I/AudioFlinger(13184): Loaded a2dp audio interface from A2DP Audio HW HAL (audio)
I/CameraService(13184): CameraService started (pid=13184)
I/dalvikvm(13186): System server process 13211 has been created
I/Zygote  (13186): Accepting command socket connections
V/audio_hw_primary(13184): adev_open_output_stream dev:2 fmt/chn/sr 0 0 0
V/audio_hw_primary(13184): adev_open_output_stream: Open PCM_OUT ch/sr/fmt 2/44100/0, ps/pc 1024/4
I/tinyalsa(13184): open /dev/snd/pcmC0D0p in Block mode
V/audio_hw_primary(13184): out_get_buffer_size:10ms=1024 frame, should 16 align!
V/audio_hw_primary(13184): out_get_latency ret 10ms
V/audio_hw_primary(13184): out_get_latency ret 10ms
I/AudioFlinger(13184): AudioFlinger's thread 0x21348 ready to run
V/audio_hw_primary(13184): out_get_latency ret 10ms
W/AudioFlinger(13184): Thread AudioOut_1 cannot connect to the power manager service
V/audio_hw_primary(13184): out_set_parameters: routing=2
I/AudioPolicyService(13184): Loaded audio policy from LEGACY Audio Policy HAL (audio_policy)
E/BatteryService(13211): acOnlinePath not found
E/BatteryService(13211): usbOnlinePath not found
E/BatteryService(13211): batteryStatusPath not found
E/BatteryService(13211): batteryHealthPath not found
E/BatteryService(13211): batteryPresentPath not found
E/BatteryService(13211): batteryCapacityPath not found
E/BatteryService(13211): batteryVoltagePath not found
E/BatteryService(13211): batteryTemperaturePath not found
E/BatteryService(13211): batteryTechnologyPath not found
I/sysproc (13211): Entered system_init()
I/sysproc (13211): ServiceManager: 0xf4c30
D/SensorService(13211): nuSensorService starting...
I/SensorService(13211): Goldfish 3-axis Accelerometer
I/SensorService(13211): Goldfish 3-axis Magnetic field sensor
I/SensorService(13211): Goldfish Orientation sensor
I/SensorService(13211): Goldfish Temperature sensor
I/sysproc (13211): System server: starting Android runtime.
I/sysproc (13211): System server: starting Android services.
D/SensorService(13211): nuSensorService thread starting...
I/SystemServer(13211): Entered the Android system server!
I/sysproc (13211): System server: entering thread pool.
I/SystemServer(13211): Entropy Service
I/SystemServer(13211): Power Manager
D/dalvikvm(13211): GC_CONCURRENT freed 149K, 86% free 646K/4483K, paused 0ms+1ms
I/SystemServer(13211): Activity Manager
I/ActivityManager(13211): Memory class: 64
E/AC3Extractor(13184): Rsyn Fail
D/MediaPlayerService(13184): countTracks = 1
D/MediaPlayerService(13184): mime = audio/mpeg
D/MediaPlayerService(13184): videoCnt = 0, audioCnt = 1
D/MediaPlayerService(13184): Mpeg audio III
I/MS_OMX_Plugin(13184): MSOMXPlugin::MSOMXPlugin
I/MS_OMX_Plugin(13184): Get libMS_OMX_Core.so
D/MS_OMX_CORE(13184): MS_OMX_Init :
D/dalvikvm(13211): GC_CONCURRENT freed 201K, 82% free 902K/4803K, paused 1ms+1ms
D/MS_OMX_CORE(13184): MIU_INTERVAL: 0x60000000, VDEC Start: 0x1b800000, size: 0x2500000
D/MS_OMX_Core(13184): MIU_INTERVAL: 0x60000000, ADEC Start: 0x15900000, size: 0x5c0000
I/        (13184): [MSOS_PRINT][003171]     ~!~mappd sharemem    
I/        (13184): [MSOS_PRINT][000605]     pthread_mutex_init
I/        (13184): [MSOS_PRINT][000607]     CHIP_InitISR
I/MS_OMX_Plugin(13184): MSOMXPlugin::enumerateComponents
I/MS_OMX_Plugin(13184): MSOMXPlugin::enumerateComponents
I/MS_OMX_Plugin(13184): MSOMXPlugin::enumerateComponents
I/MS_OMX_Plugin(13184): MSOMXPlugin::enumerateComponents
I/MS_OMX_Plugin(13184): MSOMXPlugin::enumerateComponents
I/MS_OMX_Plugin(13184): MSOMXPlugin::enumerateComponents
I/MS_OMX_Plugin(13184): MSOMXPlugin::enumerateComponents
I/MS_OMX[58812.294006] init: no such service 'hciattach'
_Plugin(13184): MSOMXPlugin::enumerateComponents
I/MS_OMX_Plugin(13184): MSOMXPlugin::enumerateComponents
I/MS_OMX_Plugin(13184): MSOMXPlugin::enumerateComponents
I/MS_OMX_Plugin(13184): MSOMXPlugin::enumerateComponents
I/MS_OMX_Plugin(13184): MSOMXPlugin::enumerateComponents
I/MS_OMX_Plugin(13184): MSOMXPlugin::enumerateComponents
E/AC3Extractor(13184): Rsyn Fail
I/ActivityManager(13211): Enabled StrictMode logging for AThread's Looper
I/SystemServer(13211): Telephony Registry
I/SystemServer(13211): Package Manager
D/dalvikvm(1[58812.345491] init: no such service 'hciattach'
3211): GC_CONCURRENT freed 330K, 81% free 998K/5059K, paused 1ms+1ms
E/StrictMode(13211): A resource was acquired at attached stack trace but never released. See java.io.Closeable for information on avoiding resource leaks.
E/StrictMode(13211): java.lang.Throwable: Explicit termination method 'close' not called
E/StrictMode(13211):    at dalvik.system.CloseGuard.open(CloseGuard.java:184)
E/StrictMode(13211):    at java.io.FileInputStream.<init>(FileInputStream.java:80)
E/StrictMode(13211):    at com.android.server.pm.UserManager.readUserList(UserManager.java:114)
E/StrictMode(13211):    at com.android.server.pm.UserManager.<init>(UserManager.java:81)
E/StrictMode(13211):    at com.android.server.pm.UserManager.<init>(UserManager.java:85)
E/StrictMode(13211):    at com.android.server.pm.PackageManagerService.<init>(PackageManagerService.java:923)
E/StrictMode(13211):    at com.android.server.pm.PackageManagerService.main(PackageManagerService.java:833)
E/StrictMode(13211):    at com.android.server.ServerThread.run(SystemServer.java:167)
D/StrictMode(13211): No activity manager; failed to Dropbox violation.
D/dalvikvm(13211): GC_CONCURRENT freed 468K, 81% free 1003K/5251K, paused 2ms+1ms
D/OMXCodec(13184): Attempting to allocate OMX node 'OMX.google.mp3.decoder'
D/OMXCodec(13184): Successfully allocated OMX node 'OMX.google.mp3.decoder'
D/MediaPlayerService(13184): [1] notify (0x23af0, 5, 0, 0)
D/MediaPlayerService(13184): [1] notify (0x23af0, 1, 0, 0)
D/MediaPlayerService(13184): [1] notify (0x23af0, 4, 0, 0)
I/        (13178): jpeg hw mutex s_index = 290
I/        (13178): [MSOS_PRINT][003171]     ~!~mappd sharemem    
I/        (13178): [MSOS_PRINT][000605]     pthread_mutex_init
I/        (13178): [MSOS_PRINT][000607]     CHIP_InitISR
D/        (13178): [skia jpeg]: readbuf addr:0x1a1c2000, size: 0x100000
D/        (13178):  write buff addr:0x0,  size: 0x0
D/        (13178):  internal buff addr:0x1a2c2000,   size: 0x100000
E/        (13178): get vaddr failed:pvaddr_read=0x4749d000,pvaddr_internal=0x4759d000,pvaddr_write=0x0
W/PackageManager(13211): Running ENG build: no pre-dexopt!
W/PackageManager(13211): Library not found: /system/framework/com.android.future.usb.accessory.jar
E/        (13178): get vaddr failed:pvaddr_read=0x4749d000,pvaddr_internal=0x4759d000,pvaddr_write=0x0
D/dalvikvm(13211): GC_CONCURRENT freed 232K, 78% free 1166K/5251K, paused 2ms+1ms
E/        (13178): get vaddr failed:pvaddr_read=0x4749d000,pvaddr_internal=0x4759d000,pvaddr_write=0x0
W/PackageParser(13211): No actions in intent filter at /system/app/Bluetooth.apk Binary XML file line #125
I/PackageParser(13211): com.coship.HS: compat added android.permission.WRITE_EXTERNAL_STORAGE android.permission.READ_PHONE_STATE
E/        (13178): get vaddr failed:pvaddr_read=0x4749d000,pvaddr_internal=0x4759d000,pvaddr_write=0x0
E/        (13178): get vaddr failed:pvaddr_read=0x4749d000,pvaddr_internal=0x4759d000,pvaddr_write=0x0
W/PackageParser(13211): No actions in intent filter at /system/app/Contacts.apk Binary XML file line #525
W/PackageParser(13211): No actions in intent filter at /system/app/Coship_VAF.apk Binary XML file line #58
I/PackageParser(13211): com.coship.cw880: compat added android.permission.WRITE_EXTERNAL_STORAGE android.permission.READ_PHONE_STATE
E/        (13178): get vaddr failed:pvaddr_read=0x4749d000,pvaddr_internal=0x4759d000,pvaddr_write=0x0
D/dalvikvm(13211): GC_CONCURRENT freed 118K, 73% free 1453K/5315K, paused 1ms+3ms
E/        (13178): get vaddr failed:pvaddr_read=0x4749d000,pvaddr_internal=0x4759d000,pvaddr_write=0x0
E/        (13178): get vaddr failed:pvaddr_read=0x4749d000,pvaddr_internal=0x4759d000,pvaddr_write=0x0
W/PackageParser(13211): Problem in package /system/app/STB-Settings.apk:
W/PackageParser(13211): Unknown element under <activity>: data at /system/app/STB-Settings.apk Binary XML file line #145
W/PackageParser(13211): Problem in package /system/app/STB-Settings.apk:
W/PackageParser(13211): Unknown element under <activity>: action at /system/app/STB-Settings.apk Binary XML file line #231
W/PackageParser(13211): Problem in package /system/app/STB-Settings.apk:
W/PackageParser(13211): Unknown element under <activity>: action at /system/app/STB-Settings.apk Binary XML file line #232
W/PackageParser(13211): Problem in package /system/app/STB-Settings.apk:
W/PackageParser(13211): Unknown element under <activity>: action at /system/app/STB-Settings.apk Binary XML file line #289
W/PackageParser(13211): Problem in package /system/app/STB-Settings.apk:
W/PackageParser(13211): Unknown element under <activity>: action at /system/app/STB-Settings.apk Binary XML file line #393
W/PackageParser(13211): Problem in package /system/app/STB-Settings.apk:
W/PackageParser(13211): Unknown element under <activity>: action at /system/app/STB-Settings.apk Binary XML file line #394
E/        (13178): get vaddr failed:pvaddr_read=0x4749d000,pvaddr_internal=0x4759d000,pvaddr_write=0x0
W/PackageParser(13211): No actions in intent filter at /system/app/TZ_MST6A801_SDK4.0_WasuTV4ICS_Release_1.0.0.39_201302012009.apk Binary XML file line #134
W/PackageParser(13211): No actions in intent filter at /system/app/TZ_MST6A801_SDK4.0_WasuTV4ICS_Release_1.0.0.39_201302012009.apk Binary XML file line #147
W/PackageParser(13211): No actions in intent filter at /system/app/TZ_MST6A801_SDK4.0_WasuTV4ICS_Release_1.0.0.39_201302012009.apk Binary XML file line #154
W/PackageParser(13211): No actions in intent filter at /system/app/TZ_MST6A801_SDK4.0_WasuTV4ICS_Release_1.0.0.39_201302012009.apk Binary XML file line #225
W/PackageParser(13211): No actions in intent filter at /system/app/TZ_MST6A801_SDK4.0_WasuTV4ICS_Release_1.0.0.39_201302012009.apk Binary XML file line #245
W/PackageParser(13211): No actions in intent filter at /system/app/TZ_MST6A801_SDK4.0_WasuTV4ICS_Release_1.0.0.39_201302012009.apk Binary XML file line #254
W/PackageParser(13211): No actions in intent filter at /system/app/TZ_MST6A801_SDK4.0_WasuTV4ICS_Release_1.0.0.39_201302012009.apk Binary XML file line #262
W/PackageParser(13211): No actions in intent filter at /system/app/TZ_MST6A801_SDK4.0_WasuTV4ICS_Release_1.0.0.39_201302012009.apk Binary XML file line #270
W/PackageParser(13211): No actions in intent filter at /system/app/TZ_MST6A801_SDK4.0_WasuTV4ICS_Release_1.0.0.39_201302012009.apk Binary XML file line #279
W/PackageParser(13211): No actions in intent filter at /system/app/TZ_MST6A801_SDK4.0_WasuTV4ICS_Release_1.0.0.39_201302012009.apk Binary XML file line #287
W/PackageParser(13211): No actions in intent filter at /system/app/TZ_MST6A801_SDK4.0_WasuTV4ICS_Release_1.0.0.39_201302012009.apk Binary XML file line #296
W/PackageParser(13211): No actions in intent filter at /system/app/TZ_MST6A801_SDK4.0_WasuTV4ICS_Release_1.0.0.39_201302012009.apk Binary XML file line #305
D/dalvikvm(13211): GC_CONCURRENT freed 243K, 71% free 1689K/5635K, paused 1ms+4ms
E/        (13178): get vaddr failed:pvaddr_read=0x4749d000,pvaddr_internal=0x4759d000,pvaddr_write=0x0
I/PackageParser(13211): com.iflytek.vaf.TouchKey: compat added android.permission.WRITE_EXTERNAL_STORAGE android.permission.READ_PHONE_STATE
W/PackageParser(13211): No actions in intent filter at /system/app/com.coship.Multimedia.apk Binary XML file line #97
W/PackageParser(13211): No actions in intent filter at /system/app/com.coship.Multimedia.apk Binary XML file line #104
I/PackageParser(13211): com.coship.Multimedia: compat added android.permission.READ_PHONE_STATE
W/PackageParser(13211): No actions in intent filter at /system/app/com.coship.NetworkNavigation.apk Binary XML file line #24
W/PackageParser(13211): No actions in intent filter at /system/app/com.coship.NetworkNavigation.apk Binary XML file line #31
W/PackageParser(13211): No actions in intent filter at /system/app/com.coship.NetworkNavigation.apk Binary XML file line #38
W/PackageParser(13211): No actions in intent filter at /system/app/com.coship.NetworkNavigation.apk Binary XML file line #45
W/PackageParser(13211): No actions in intent filter at /system/app/com.coship.NetworkNavigation.apk Binary XML file line #52
I/PackageParser(13211): com.coship.dvbplayer: compat added android.permission.READ_PHONE_STATE
W/PackageParser(13211): No actions in intent filter at /system/app/com.coship.dvbsetting.apk Binary XML file line #102
W/PackageParser(13211): No actions in intent filter at /system/app/com.coship.dvbsetting.apk Binary XML file line #110
W/PackageParser(13211): No actions in intent filter at /system/app/com.coship.dvbsetting.apk Binary XML file line #118
