I/DEBUG   ( 5298):  r0 00000000  r1 5b7e7318  r2 5b7e6c8c  r3 5b9088a4
I/DEBUG   ( 5298):  r4 00000000  r5 00000000  r6 0000021c  r7 5b9088a0
I/DEBUG   ( 5298):  r8 00000000  r9 5b9088a0  10 00000184  fp 00000080
I/DEBUG   ( 5298):  ip 00000000  sp 5b908860  lr 5b7d7f5b  pc 5b7d7e3a  cpsr 40000030
I/DEBUG   ( 5298):  d0  6d616e2e707061e8  d1  9ea3e9afaee83daf
I/DEBUG   ( 5298):  d2  656d69742c313dad  d3  303030323d7475e7
I/DEBUG   ( 5298):  d4  5f7061772c6c6c75  d5  69773d79786f7270
I/DEBUG   ( 5298):  d6  6d2e74656e2c6966  d7  30303a30303d6361
I/DEBUG   ( 5298):  d8  0000000000000000  d9  0000000000000000
I/DEBUG   ( 5298):  d10 0000000000000000  d11 0000000000000000
I/DEBUG   ( 5298):  d12 0000000000000000  d13 0000000000000000
I/DEBUG   ( 5298):  d14 0000000000000000  d15 0000000000000000
I/DEBUG   ( 5298):  d16 0000000000000004  d17 0000000000000000
I/DEBUG   ( 5298):  d18 4000000000000000  d19 bfb1be5a93a83e1d
I/DEBUG   ( 5298):  d20 3f1155e54e7e8408  d21 bebbbc6c1a570a20
I/DEBUG   ( 5298):  d22 3ff0000000000000  d23 3fede16b9c24a98f
I/DEBUG   ( 5298):  d24 3e66376972bea4d0  d25 0000000000000000
I/DEBUG   ( 5298):  d26 3fc39a09d078c69f  d27 0000000000000000
I/DEBUG   ( 5298):  d28 0000000000000000  d29 0000000000000000
I/DEBUG   ( 5298):  d30 0000000000000000  d31 0000000000000000
I/DEBUG   ( 5298):  scr 60000010
I/DEBUG   ( 5298): 
I/aglSystem.Resources(13410): [11.4587:0.0243] [Info in cResources::_DoOpen]: (modules/aglSystem/src/Resources.cpp:710)
I/aglSystem.Resources(13410): 'scripts/libs/oo.aq' opened from the '/data/data/com.ts.gaya.coship/app_appdata//AppleTV_Wasu.gpk' data file.
I/aglSystem.ScriptAutomation(13410): [11.4617:0.0030] [Info in std_import]: (modules/aglSystem/src/ScriptAutomation.cpp:294)
I/aglSystem.ScriptAutomation(13410): aglScript-Import: agl script 'libs/oo.aq' imported in the root table.
I/aglSystem.Resources(13410): [11.4632:0.0015] [Info in cResources::_DoOpen]: (modules/aglSystem/src/Resources.cpp:710)
I/aglSystem.Resources(13410): 'scripts/libs/object.aq' opened from the '/data/data/com.ts.gaya.coship/app_appdata//AppleTV_Wasu.gpk' data file.
I/aglSystem.ScriptAutomation(13410): [11.4675:0.0043] [Info in std_import]: (modules/aglSystem/src/ScriptAutomation.cpp:294)
I/aglSystem.ScriptAutomation(13410): aglScript-Import: agl script 'libs/object.aq' imported in the root table.
I/aglSystem.ScriptAutomation(13410): [11.4692:0.0016] [Info in std_import]: (modules/aglSystem/src/ScriptAutomation.cpp:294)
I/aglSystem.ScriptAutomation(13410): aglScript-Import: agl script 'downloader.aq' imported in the root table.
I/aglSystem.Resources(13410): [11.4908:0.0216] [Info in cResources::_DoOpen]: (modules/aglSystem/src/Resources.cpp:691)
I/aglSystem.Resources(13410): 'scripts/events/NetworkDisconnected.aq' opened from the '/data/data/com.ts.gaya.coship/app_appdata//AppleTV_Wasu.gpk' data file.
I/aglSystem.Resources(13410): [11.4955:0.0047] [Info in cResources::_DoOpen]: (modules/aglSystem/src/Resources.cpp:691)
I/aglSystem.Resources(13410): 'scripts/actions/Select.aq' opened from the '/data/data/com.ts.gaya.coship/app_appdata//AppleTV_Wasu.gpk' data file.
V/aglSendDebugString(13410): Loading cached action sink 'Select'.
I/aglSystem.Resources(13410): [12.0000:0.5045] [Info in cResources::_DoOpen]: (modules/aglSystem/src/Resources.cpp:691)
I/aglSystem.Resources(13410): 'coship_tvui/icons_3d/icons.scene' opened from the '/data/data/com.ts.gaya.coship/app_appdata//AppleTV_Wasu.gpk' data file.
V/aglSendDebugString(13410): >>> GLES1 VertexArray (VBO): FVF:Position|Normal|ColorA|Tex1(2)|Tex2(2)|Tangent|BiNormal, NumVertex: 8, Stride: 68, Size: 544b (0.000518799MB) !
V/aglSendDebugString(13410): >>> GLES1 IndexArray VBO: PT: TriangleList, MaxVertexIndex:8, NumIndices: 12, Stride: 2, Size: 24b (2.28882e-05MB) !
I/FileUtils(13389): mkdirPath--->/data/data/com.coship.netfirmware/
I/FileUtils(13389): createNewFilePath--->/data/data/com.coship.netfirmware/versioncode.dat
I/FileUtils(13389): file--->versioncode.dat
D/StrictMode(13389): StrictMode policy violation: android.os.StrictMode$StrictModeDiskReadViolation: policy=23 violation=2
D/StrictMode(13389):    at android.os.StrictMode$AndroidBlockGuardPolicy.onReadFromDisk(StrictMode.java:1089)
D/StrictMode(13389):    at libcore.io.BlockGuardOs.open(BlockGuardOs.java:106)
D/StrictMode(13389):    at libcore.io.IoBridge.open(IoBridge.java:390)
D/StrictMode(13389):    at java.io.FileOutputStream.<init>(FileOutputStream.java:88)
D/StrictMode(13389):    at java.io.FileOutputStream.<init>(FileOutputStream.java:73)
D/StrictMode(13389):    at com.coship.netfirmware.downloads.FileUtils.writeToPathFromInput(FileUtils.java:78)
D/StrictMode(13389):    at com.coship.netfirmware.downloads.HttpDownLoad.downfile(HttpDownLoad.java:44)
D/StrictMode(13389):    at com.coship.netfirmware.NetFirmwareService.downFileFormService(NetFirmwareService.java:1504)
D/StrictMode(13389):    at com.coship.netfirmware.NetFirmwareService.access$4800(NetFirmwareService.java:69)
D/StrictMode(13389):    at com.coship.netfirmware.NetFirmwareService$6.run(NetFirmwareService.java:1147)
D/StrictMode(13389): StrictMode policy violation: android.os.StrictMode$StrictModeDiskWriteViolation: policy=23 violation=1
D/StrictMode(13389):    at android.os.StrictMode$AndroidBlockGuardPolicy.onWriteToDisk(StrictMode.java:1063)
D/StrictMode(13389):    at libcore.io.BlockGuardOs.write(BlockGuardOs.java:190)
D/StrictMode(13389):    at libcore.io.IoBridge.write(IoBridge.java:447)
D/StrictMode(13389):    at java.io.FileOutputStream.write(FileOutputStream.java:187)
D/StrictMode(13389):    at java.io.OutputStream.write(OutputStream.java:82)
D/StrictMode(13389):    at com.coship.netfirmware.downloads.FileUtils.writeToPathFromInput(FileUtils.java:81)
D/StrictMode(13389):    at com.coship.netfirmware.downloads.HttpDownLoad.downfile(HttpDownLoad.java:44)
D/StrictMode(13389):    at com.coship.netfirmware.NetFirmwareService.downFileFormService(NetFirmwareService.java:1504)
D/StrictMode(13389):    at com.coship.netfirmware.NetFirmwareService.access$4800(NetFirmwareService.java:69)
D/StrictMode(13389):    at com.coship.netfirmware.NetFirmwareService$6.run(NetFirmwareService.java:1147)
I/HttpDownLoad(13389): resultFile--->/data/data/com.coship.netfirmware/versioncode.dat
V/aglSendDebugString(13410): ADD RIGID MESH [0,0,6]
D/StrictMode(13389): StrictMode policy violation: android.os.StrictMode$StrictModeDiskReadViolation: policy=23 violation=2
D/StrictMode(13389):    at android.os.StrictMode$AndroidBlockGuardPolicy.onReadFromDisk(StrictMode.java:1089)
D/StrictMode(13389):    at libcore.io.BlockGuardOs.open(BlockGuardOs.java:106)
D/StrictMode(13389):    at libcore.io.IoBridge.open(IoBridge.java:390)
D/StrictMode(13389):    at java.io.FileInputStream.<init>(FileInputStream.java:78)
D/StrictMode(13389):    at java.io.FileInputStream.<init>(FileInputStream.java:105)
D/StrictMode(13389):    at com.coship.netfirmware.NetFirmwareService.getUpdateInfo(NetFirmwareService.java:1527)
D/StrictMode(13389):    at com.coship.netfirmware.NetFirmwareService.downFileFormService(NetFirmwareService.java:1506)
D/StrictMode(13389):    at com.coship.netfirmware.NetFirmwareService.access$4800(NetFirmwareService.java:69)
D/StrictMode(13389):    at com.coship.netfirmware.NetFirmwareService$6.run(NetFirmwareService.java:1147)
D/StrictMode(13389): StrictMode policy violation: android.os.StrictMode$StrictModeDiskReadViolation: policy=23 violation=2
D/StrictMode(13389):    at android.os.StrictMode$AndroidBlockGuardPolicy.onReadFromDisk(StrictMode.java:1089)
D/StrictMode(13389):    at libcore.io.BlockGuardOs.read(BlockGuardOs.java:148)
D/StrictMode(13389):    at libcore.io.IoBridge.read(IoBridge.java:422)
D/StrictMode(13389):    at java.io.FileInputStream.read(FileInputStream.java:179)
D/StrictMode(13389):    at java.io.InputStreamReader.read(InputStreamReader.java:244)
D/StrictMode(13389):    at java.io.BufferedReader.fillBuf(BufferedReader.java:130)
D/StrictMode(13389):    at java.io.BufferedReader.readLine(BufferedReader.java:354)
D/StrictMode(13389):    at com.coship.netfirmware.NetFirmwareService.getUpdateInfo(NetFirmwareService.java:1531)
D/StrictMode(13389):    at com.coship.netfirmware.NetFirmwareService.downFileFormService(NetFirmwareService.java:1506)
D/StrictMode(13389):    at com.coship.netfirmware.NetFirmwareService.access$4800(NetFirmwareService.java:69)
D/StrictMode(13389):    at com.coship.netfirmware.NetFirmwareService$6.run(NetFirmwareService.java:1147)
V/aglSendDebugString(13410): ADD RIGID MESH [0,6,6]
V/aglSendDebugString(13410): >>> GLES1 IndexArray VBO: PT: TriangleList, MaxVertexIndex:8, NumIndices: 12, Stride: 2, Size: 24b (2.28882e-05MB) !
V/aglSendDebugString(13410): >>> GLES1 VertexArray (VBO): FVF:Position|Normal|ColorA|Tex1(2)|Tangent|BiNormal, NumVertex: 8, Stride: 60, Size: 480b (0.000457764MB) !
I/aglCharacters(13410): [12.0000:0.0000] [Info in sVertexArrayInitializer::GetVA[it]]: (k:/Work/Platform/KronosSDK-pierre/include/agl/Graphics/Utils/VertexArrayInitializer.h:191)
I/aglCharacters(13410): # FVF Position|Normal|ColorA|Tex1(2)|Tangent|BiNormal (stride 60), 8 vertices, 0.47 Kb
V/aglSendDebugString(13410): >>> GLES1 IndexArray VBO: PT: TriangleList, MaxVertexIndex:8, NumIndices: 12, Stride: 2, Size: 24b (2.28882e-05MB) !
D/StrictMode(13389): StrictMode policy violation: android.os.StrictMode$StrictModeDiskReadViolation: policy=23 violation=2
D/StrictMode(13389):    at android.os.StrictMode$AndroidBlockGuardPolicy.onReadFromDisk(StrictMode.java:1089)
D/StrictMode(13389):    at libcore.io.BlockGuardOs.read(BlockGuardOs.java:148)
D/StrictMode(13389):    at libcore.io.IoBridge.read(IoBridge.java:422)
D/StrictMode(13389):    at java.io.FileInputStream.read(FileInputStream.java:179)
D/StrictMode(13389):    at java.io.InputStreamReader.read(InputStreamReader.java:244)
D/StrictMode(13389):    at java.io.BufferedReader.fillBuf(BufferedReader.java:130)
D/StrictMode(13389):    at java.io.BufferedReader.readLine(BufferedReader.java:390)
D/StrictMode(13389):    at com.coship.netfirmware.NetFirmwareService.getUpdateInfo(NetFirmwareService.java:1551)
D/StrictMode(13389):    at com.coship.netfirmware.NetFirmwareService.downFileFormService(NetFirmwareService.java:1506)
D/StrictMode(13389):    at com.coship.netfirmware.NetFirmwareService.access$4800(NetFirmwareService.java:69)
D/StrictMode(13389):    at com.coship.netfirmware.NetFirmwareService$6.run(NetFirmwareService.java:1147)
D/Multimedia_BackService(13709): onIpChanged called,new ip is 192.168.2.105
D/dalvikvm(13438): GC_CONCURRENT freed 344K, 75% free 1403K/5443K, paused 1ms+2ms
D/StrictMode(13389): StrictMode policy violation: android.os.StrictMode$StrictModeDiskReadViolation: policy=23 violation=2
D/StrictMode(13389):    at android.os.StrictMode$AndroidBlockGuardPolicy.onReadFromDisk(StrictMode.java:1089)
D/StrictMode(13389):    at libcore.io.BlockGuardOs.read(BlockGuardOs.java:148)
D/StrictMode(13389):    at libcore.io.IoBridge.read(IoBridge.java:422)
D/StrictMode(13389):    at java.io.FileInputStream.read(FileInputStream.java:179)
D/StrictMode(13389):    at java.io.InputStreamReader.read(InputStreamReader.java:244)
D/StrictMode(13389):    at java.io.BufferedReader.fillBuf(BufferedReader.java:130)
D/StrictMode(13389):    at java.io.BufferedReader.readLine(BufferedReader.java:354)
D/StrictMode(13389):    at com.coship.netfirmware.NetFirmwareService.getUpdateInfo(NetFirmwareService.java:1551)
D/StrictMode(13389):    at com.coship.netfirmware.NetFirmwareService.downFileFormService(NetFirmwareService.java:1506)
D/StrictMode(13389):    at com.coship.netfirmware.NetFirmwareService.access$4800(NetFirmwareService.java:69)
D/StrictMode(13389):    at com.coship.netfirmware.NetFirmwareService$6.run(NetFirmwareService.java:1147)
I/NetFirmwareService(13389): v--->211311
I/NetFirmwareService(13389): q--->00001
I/NetFirmwareService(13389): c--->00001
I/FileUtils(13389): mkFilePath--->/data/data/com.coship.netfirmware/description_211311.dat
D/StrictMode(13389): StrictMode policy violation: android.os.StrictMode$StrictModeNetworkViolation: policy=23 violation=4
D/StrictMode(13389):    at android.os.StrictMode$AndroidBlockGuardPolicy.onNetwork(StrictMode.java:1105)
D/StrictMode(13389):    at libcore.io.BlockGuardOs.recvfrom(BlockGuardOs.java:163)
D/StrictMode(13389):    at libcore.io.IoBridge.recvfrom(IoBridge.java:503)
D/StrictMode(13389):    at java.net.PlainSocketImpl.read(PlainSocketImpl.java:488)
D/StrictMode(13389):    at java.net.PlainSocketImpl.access$000(PlainSocketImpl.java:46)
D/StrictMode(13389):    at java.net.PlainSocketImpl$PlainSocketInputStream.read(PlainSocketImpl.java:240)
D/StrictMode(13389):    at java.io.BufferedInputStream.fillbuf(BufferedInputStream.java:168)
D/StrictMode(13389):    at java.io.BufferedInputStream.read(BufferedInputStream.java:227)
D/StrictMode(13389):    at libcore.net.http.HttpConnection.isStale(HttpConnection.java:256)
D/StrictMode(13389):    at libcore.net.http.HttpConnectionPool.get(HttpConnectionPool.java:71)
D/StrictMode(13389):    at libcore.net.http.HttpConnection.connect(HttpConnection.java:128)
D/StrictMode(13389):    at libcore.net.http.HttpEngine.openSocketConnection(HttpEngine.java:308)
D/StrictMode(13389):    at libcore.net.http.HttpEngine.connect(HttpEngine.java:303)
D/StrictMode(13389):    at libcore.net.http.HttpEngine.sendSocketRequest(HttpEngine.java:282)
D/StrictMode(13389):    at libcore.net.http.HttpEngine.sendRequest(HttpEngine.java:232)
D/StrictMode(13389):    at libcore.net.http.HttpURLConnectionImpl.getResponse(HttpURLConnectionImpl.java:273)
D/StrictMode(13389):    at libcore.net.http.HttpURLConnectionImpl.getInputStream(HttpURLConnectionImpl.java:168)
D/StrictMode(13389):    at com.coship.netfirmware.downloads.HttpDownLoad.getInputStream(HttpDownLoad.java:66)
D/StrictMode(13389):    at com.coship.netfirmware.downloads.HttpDownLoad.downfile(HttpDownLoad.java:43)
D/StrictMode(13389):    at com.coship.netfirmware.NetFirmwareService.downFileFormService(NetFirmwareService.java:1511)
D/StrictMode(13389):    at com.coship.netfirmware.NetFirmwareService.access$4800(NetFirmwareService.java:69)
D/StrictMode(13389):    at com.coship.netfirmware.NetFirmwareService$6.run(NetFirmwareService.java:1147)
D/dalvikvm(13709): GC_CONCURRENT freed 770K, 62% free 2755K/7235K, paused 2ms+7ms
D/StrictMode(13389): StrictMode policy violation: android.os.StrictMode$StrictModeNetworkViolation: policy=23 violation=4
D/StrictMode(13389):    at android.os.StrictMode$AndroidBlockGuardPolicy.onNetwork(StrictMode.java:1105)
D/StrictMode(13389):    at libcore.io.BlockGuardOs.recvfrom(BlockGuardOs.java:163)
D/StrictMode(13389):    at libcore.io.IoBridge.recvfrom(IoBridge.java:503)
D/StrictMode(13389):    at java.net.PlainSocketImpl.read(PlainSocketImpl.java:488)
D/StrictMode(13389):    at java.net.PlainSocketImpl.access$000(PlainSocketImpl.java:46)
D/StrictMode(13389):    at java.net.PlainSocketImpl$PlainSocketInputStream.read(PlainSocketImpl.java:240)
D/StrictMode(13389):    at java.io.BufferedInputStream.fillbuf(BufferedInputStream.java:168)
D/StrictMode(13389):    at java.io.BufferedInputStream.read(BufferedInputStream.java:227)
D/StrictMode(13389):    at libcore.io.Streams.readAsciiLine(Streams.java:201)
D/StrictMode(13389):    at libcore.net.http.HttpEngine.readResponseHeaders(HttpEngine.java:544)
D/StrictMode(13389):    at libcore.net.http.HttpEngine.readResponse(HttpEngine.java:784)
D/StrictMode(13389):    at libcore.net.http.HttpURLConnectionImpl.getResponse(HttpURLConnectionImpl.java:274)
D/StrictMode(13389):    at libcore.net.http.HttpURLConnectionImpl.getInputStream(HttpURLConnectionImpl.java:168)
D/StrictMode(13389):    at com.coship.netfirmware.downloads.HttpDownLoad.getInputStream(HttpDownLoad.java:66)
D/StrictMode(13389):    at com.coship.netfirmware.downloads.HttpDownLoad.downfile(HttpDownLoad.java:43)
D/StrictMode(13389):    at com.coship.netfirmware.NetFirmwareService.downFileFormService(NetFirmwareService.java:1511)
D/StrictMode(13389):    at com.coship.netfirmware.NetFirmwareService.access$4800(NetFirmwareService.java:69)
D/StrictMode(13389):    at com.coship.netfirmware.NetFirmwareService$6.run(NetFirmwareService.java:1147)
D/dalvikvm(13823): No JNI_OnLoad found in /system/lib/libcs_BootLoader.so 0x415c2690, skipping init
I/StpNative(13823): Stp JNI_OnLoad
I/ServiceManager(13823): Waiting for service mstar.thirdpartytvmanager...
D/StrictMode(13389): StrictMode policy violation: android.os.StrictMode$StrictModeNetworkViolation: policy=23 violation=4
D/StrictMode(13389):    at android.os.StrictMode$AndroidBlockGuardPolicy.onNetwork(StrictMode.java:1105)
D/StrictMode(13389):    at libcore.io.BlockGuardOs.recvfrom(BlockGuardOs.java:163)
D/StrictMode(13389):    at libcore.io.IoBridge.recvfrom(IoBridge.java:503)
D/StrictMode(13389):    at java.net.PlainSocketImpl.read(PlainSocketImpl.java:488)
D/StrictMode(13389):    at java.net.PlainSocketImpl.access$000(PlainSocketImpl.java:46)
D/StrictMode(13389):    at java.net.PlainSocketImpl$PlainSocketInputStream.read(PlainSocketImpl.java:240)
D/StrictMode(13389):    at java.io.InputStream.read(InputStream.java:163)
D/StrictMode(13389):    at java.io.BufferedInputStream.fillbuf(BufferedInputStream.java:142)
D/StrictMode(13389):    at java.io.BufferedInputStream.read(BufferedInputStream.java:227)
D/StrictMode(13389):    at libcore.io.Streams.readAsciiLine(Streams.java:201)
D/StrictMode(13389):    at libcore.net.http.HttpEngine.readHeaders(HttpEngine.java:587)
D/StrictMode(13389):    at libcore.net.http.HttpEngine.readResponseHeaders(HttpEngine.java:545)
D/StrictMode(13389):    at libcore.net.http.HttpEngine.readResponse(HttpEngine.java:784)
D/StrictMode(13389):    at libcore.net.http.HttpURLConnectionImpl.getResponse(HttpURLConnectionImpl.java:274)
D/StrictMode(13389):    at libcore.net.http.HttpURLConnectionImpl.getInputStream(HttpURLConnectionImpl.java:168)
D/StrictMode(13389):    at com.coship.netfirmware.downloads.HttpDownLoad.getInputStream(HttpDownLoad.java:66)
D/StrictMode(13389):    at com.coship.netfirmware.downloads.HttpDownLoad.downfile(HttpDownLoad.java:43)
D/StrictMode(13389):    at com.coship.netfirmware.NetFirmwareService.downFileFormService(NetFirmwareService.java:1511)
D/StrictMode(13389):    at com.coship.netfirmware.NetFirmwareService.access$4800(NetFirmwareService.java:69)
D/StrictMode(13389):    at com.coship.netfirmware.NetFirmwareService$6.run(NetFirmwareService.java:1147)
I/FileUtils(13389): mkdirPath--->/data/data/com.coship.netfirmware/
I/FileUtils(13389): createNewFilePath--->/data/data/com.coship.netfirmware/description_211311.dat
I/FileUtils(13389): file--->description_211311.dat
D/StrictMode(13389): StrictMode policy violation: android.os.StrictMode$StrictModeDiskReadViolation: policy=23 violation=2
D/StrictMode(13389):    at android.os.StrictMode$AndroidBlockGuardPolicy.onReadFromDisk(StrictMode.java:1089)
D/StrictMode(13389):    at libcore.io.BlockGuardOs.open(BlockGuardOs.java:106)
D/StrictMode(13389):    at libcore.io.IoBridge.open(IoBridge.java:390)
D/StrictMode(13389):    at java.io.FileOutputStream.<init>(FileOutputStream.java:88)
D/StrictMode(13389):    at java.io.FileOutputStream.<init>(FileOutputStream.java:73)
D/StrictMode(13389):    at com.coship.netfirmware.downloads.FileUtils.writeToPathFromInput(FileUtils.java:78)
D/StrictMode(13389):    at com.coship.netfirmware.downloads.HttpDownLoad.downfile(HttpDownLoad.java:44)
D/StrictMode(13389):    at com.coship.netfirmware.NetFirmwareService.downFileFormService(NetFirmwareService.java:1511)
D/StrictMode(13389):    at com.coship.netfirmware.NetFirmwareService.access$4800(NetFirmwareService.java:69)
D/StrictMode(13389):    at com.coship.netfirmware.NetFirmwareService$6.run(NetFirmwareService.java:1147)
I/aglSystem.Resources(13410): [12.0000:0.0000] [Info in cResources::_DoOpen]: (modules/aglSystem/src/Resources.cpp:710)
I/aglSystem.Resources(13410): 'scripts/entities/Gallery.aq' opened from the '/data/data/com.ts.gaya.coship/app_appdata//AppleTV_Wasu.gpk' data file.
D/StrictMode(13389): StrictMode policy violation: android.os.StrictMode$StrictModeNetworkViolation: policy=23 violation=4
D/StrictMode(13389):    at android.os.StrictMode$AndroidBlockGuardPolicy.onNetwork(StrictMode.java:1105)
D/StrictMode(13389):    at libcore.io.BlockGuardOs.recvfrom(BlockGuardOs.java:163)
D/StrictMode(13389):    at libcore.io.IoBridge.recvfrom(IoBridge.java:503)
D/StrictMode(13389):    at java.net.PlainSocketImpl.read(PlainSocketImpl.java:488)
D/StrictMode(13389):    at java.net.PlainSocketImpl.access$000(PlainSocketImpl.java:46)
D/StrictMode(13389):    at java.net.PlainSocketImpl$PlainSocketInputStream.read(PlainSocketImpl.java:240)
D/StrictMode(13389):    at java.io.InputStream.read(InputStream.java:163)
D/StrictMode(13389):    at java.io.BufferedInputStream.fillbuf(BufferedInputStream.java:142)
D/StrictMode(13389):    at java.io.BufferedInputStream.read(BufferedInputStream.java:309)
D/StrictMode(13389):    at libcore.net.http.FixedLengthInputStream.read(FixedLengthInputStream.java:45)
D/StrictMode(13389):    at java.io.InputStream.read(InputStream.java:163)
D/StrictMode(13389):    at com.coship.netfirmware.downloads.FileUtils.writeToPathFromInput(FileUtils.java:80)
D/StrictMode(13389):    at com.coship.netfirmware.downloads.HttpDownLoad.downfile(HttpDownLoad.java:44)
D/StrictMode(13389):    at com.coship.netfirmware.NetFirmwareService.downFileFormService(NetFirmwareService.java:1511)
D/StrictMode(13389):    at com.coship.netfirmware.NetFirmwareService.access$4800(NetFirmwareService.java:69)
D/StrictMode(13389):    at com.coship.netfirmware.NetFirmwareService$6.run(NetFirmwareService.java:1147)
D/StrictMode(13389): StrictMode policy violation: android.os.StrictMode$StrictModeDiskWriteViolation: policy=23 violation=1
D/StrictMode(13389):    at android.os.StrictMode$AndroidBlockGuardPolicy.onWriteToDisk(StrictMode.java:1063)
D/StrictMode(13389):    at libcore.io.BlockGuardOs.write(BlockGuardOs.java:190)
D/StrictMode(13389):    at libcore.io.IoBridge.write(IoBridge.java:447)
D/StrictMode(13389):    at java.io.FileOutputStream.write(FileOutputStream.java:187)
D/StrictMode(13389):    at java.io.OutputStream.write(OutputStream.java:82)
D/StrictMode(13389):    at com.coship.netfirmware.downloads.FileUtils.writeToPathFromInput(FileUtils.java:81)
D/StrictMode(13389):    at com.coship.netfirmware.downloads.HttpDownLoad.downfile(HttpDownLoad.java:44)
D/StrictMode(13389):    at com.coship.netfirmware.NetFirmwareService.downFileFormService(NetFirmwareService.java:1511)
D/StrictMode(13389):    at com.coship.netfirmware.NetFirmwareService.access$4800(NetFirmwareService.java:69)
D/StrictMode(13389):    at com.coship.netfirmware.NetFirmwareService$6.run(NetFirmwareService.java:1147)
I/HttpDownLoad(13389): resultFile--->/data/data/com.coship.netfirmware/description_211311.dat
D/StrictMode(13389): StrictMode policy violation: android.os.StrictMode$StrictModeDiskReadViolation: policy=23 violation=2
D/StrictMode(13389):    at android.os.StrictMode$AndroidBlockGuardPolicy.onReadFromDisk(StrictMode.java:1089)
D/StrictMode(13389):    at libcore.io.BlockGuardOs.open(BlockGuardOs.java:106)
D/StrictMode(13389):    at libcore.io.IoBridge.open(IoBridge.java:390)
D/StrictMode(13389):    at java.io.FileInputStream.<init>(FileInputStream.java:78)
D/StrictMode(13389):    at java.io.FileInputStream.<init>(FileInputStream.java:105)
D/StrictMode(13389):    at com.coship.netfirmware.NetFirmwareService.getUpdateInfo(NetFirmwareService.java:1527)
D/StrictMode(13389):    at com.coship.netfirmware.NetFirmwareService.do[58846.462699] Thread-73: unhandled page fault (11) at 0x0000021c, code 0x017
wnFileFormServic[58846.471351] [COREDUMP] SIGNR:11
[58846.471356] 
e(NetFirmwareService.java:1512)
D/StrictMode(13389):    at com.coship.netfirmware.NetFirmwareService.access$4800(NetFirmwareService.java:69)
D/StrictMode(13389):    at com.coship.netfirmware.NetFirmwareService$6.run(NetFirmwareService.java:1147)
D/dalvikvm(13389): GC_CONCURRENT freed 427K, 83% free 852K/4995K, paused 1ms+1ms
D/StrictMode(13389): StrictMode policy violation: android.os.StrictMode$StrictModeDiskReadViolation: policy=23 violation=2
D/StrictMode(13389):    at android.os.StrictMode$AndroidBlockGuardPolicy.onReadFromDisk(StrictMode.java:1089)
D/StrictMode(13389):    at libcore.io.BlockGuardOs.read(BlockGuardOs.java:148)
D/StrictMode(13389):    at libcore.io.IoBridge.read(IoBridge.java:422)
D/StrictMode(13389):    at java.io.FileInputStream.read(FileInputStream.java:179)
D/StrictMode(13389):    at java.io.InputStreamReader.read(InputStreamReader.java:244)
D/StrictMode(13389):    at java.io.BufferedReader.fillBuf(BufferedReader.java:130)
D/StrictMode(13389):    at java.io.BufferedReader.readLine(BufferedReader.java:354)
D/StrictMode(13389):    at com.coship.netfirmware.NetFirmwareService.getUpdateInfo(NetFirmwareService.java:1531)
D/StrictMode(13389):    at com.coship.netfirmware.NetFirmwareService.downFileFormService(NetFirmwareService.java:1512)
D/StrictMode(13389):    at com.coship.netfirmware.NetFirmwareService.access$4800(NetFirmwareService.java:69)
D/StrictMode(13389):    at com.coship.netfirmware.NetFirmwareService$6.run(NetFirmwareService.java:1147)
D/StrictMode(13389): StrictMode policy violation: android.os.StrictMode$StrictModeDiskReadViolation: policy=23 violation=2
D/StrictMode(13389):    at android.os.StrictMode$AndroidBlockGuardPolicy.onReadFromDisk(StrictMode.java:1089)
D/StrictMode(13389):    at libcore.io.BlockGuardOs.read(BlockGuardOs.java:148)
D/StrictMode(13389):    at libcore.io.IoBridge.read(IoBridge.java:422)
D/StrictMode(13389):    at java.io.FileInputStream.read(FileInputStream.java:179)
D/StrictMode(13389):    at java.io.InputStreamReader.read(InputStreamReader.java:244)
D/StrictMode(13389):    at java.io.BufferedReader.fillBuf(BufferedReader.java:130)
D/StrictMode(13389):    at java.io.BufferedReader.readLine(BufferedReader.java:390)
D/StrictMode(13389):    at com.coship.netfirmware.NetFirmwareService.getUpdateInfo(NetFirmwareService.java:1551)
D/StrictMode(13389):    at com.coship.netfirmware.NetFirmwareService.downFileFormService(NetFirmwareService.java:1512)
D/StrictMode(13389):    at com.coship.netfirmware.NetFirmwareService.access$4800(NetFirmwareService.java:69)
D/StrictMode(13389):    at com.coship.netfirmware.NetFirmwareService$6.run(NetFirmwareService.java:1147)
D/StrictMode(13389): StrictMode policy violation: android.os.StrictMode$StrictModeDiskReadViolation: policy=23 violation=2
D/StrictMode(13389):    at android.os.StrictMode$AndroidBlockGuardPolicy.onReadFromDisk(StrictMode.java:1089)
D/StrictMode(13389):    at libcore.io.BlockGuardOs.read(BlockGuardOs.java:148)
D/StrictMode(13389):    at libcore.io.IoBridge.read(IoBridge.java:422)
D/StrictMode(13389):    at java.io.FileInputStream.read(FileInputStream.java:179)
D/StrictMode(13389):    at java.io.InputStreamReader.read(InputStreamReader.java:244)
D/StrictMode(13389):    at java.io.BufferedReader.fillBuf(BufferedReader.java:130)
D/StrictMode(13389):    at java.io.BufferedReader.readLine(BufferedReader.java:354)
D/StrictMode(13389):    at com.coship.netfirmware.NetFirmwareService.getUpdateInfo(NetFirmwareService.java:1535)
D/StrictMode(13389):    at com.coship.netfirmware.NetFirmwareService.downFileFormService(NetFirmwareService.java:1512)
D/StrictMode(13389):    at com.coship.netfirmware.NetFirmwareService.access$4800(NetFirmwareService.java:69)
D/StrictMode(13389):    at com.coship.netfirmware.NetFirmwareService$6.run(NetFirmwareService.java:1147)
I/NetFirmwareService(13389): packageSize--->203078416
I/NetFirmwareService(13389): MD5--->9fdbef1aaa66251c79dc139abb837520
V/NetFirmwareService(13389): MSG_LOAD_DAT_STATUS_mNetUpdate--->true
D/NetFirmwareService(13389): Network Connection Success!
D/NetFirmwareService(13389): Upgrade File Load Success!
D/NetFirmwareService(13389): serverURL = www.stp_firmware.coship.com
D/NetFirmwareService(13389): CheckUpgradeTimer mCheckTime = 5
D/NetFirmwareService(13389): startTimer
D/NetFirmwareService(13389): removeTimer
I/ActivityManager(13211): Process com.coship.sdp.sce.tvappstore (pid 13369) has died.
W/ActivityManager(13211): Scheduling restart of crashed service com.coship.sdp.sce.tvappstore/.app.service.AppStoreCoreService in 1250ms
I/DEBUG   ( 5298):          #00  pc 0002fe3a  /system/lib/libvitvmsc.so
I/DEBUG   ( 5298):          #01  pc 0002ff56  /system/lib/libvitvmsc.so (cfg_get_string_value)
I/DEBUG   ( 5298):          #02  pc 0000d102  /system/lib/libvitvmsc.so (read_common_conf)
I/DEBUG   ( 5298):          #03  pc 0000d5f8  /system/lib/libvitvmsc.so (read_synth_conf)
I/DEBUG   ( 5298):          #04  pc 0000e9c2  /system/lib/libvitvmsc.so (create_conf_inst)
I/DEBUG   ( 5298):          #05  pc 00016fa8  /system/lib/libvitvmsc.so (QTTSInit)
I/DEBUG   ( 5298):          #06  pc 0000c53a  /system/lib/libvitvmsc.so (Java_com_iflytek_msc_MSC_QTTSInit)
I/DEBUG   ( 5298):          #07  pc 0001ec70  /system/lib/libdvm.so (dvmPlatformInvoke)
I/DEBUG   ( 5298):          #08  pc 00059004  /system/lib/libdvm.so (_Z16dvmCallJNIMethodPKjP6JValuePK6MethodP6Thread)
I/DEBUG   ( 5298): 
I/DEBUG   ( 5298): code around pc:
I/DEBUG   ( 5298): 5b7d7e18 000300da 23844a02 447a009b 477050d0  .....J.#..zD.PpG
I/DEBUG   ( 5298): 5b7d7e28 000300ca 464fb5f8 b4c04646 00b62687  ......OFFF...&..
I/DEBUG   ( 5298): 5b7d7e38 59801c05 46914688 fd66f000 2c001c04  ...Y.F.F..f....,
I/DEBUG   ( 5298): 5b7d7e48 1c21d01b f00059a8 1c21fd4d 59a81c07  ..!..Y..M.!....Y
I/DEBUG   ( 5298): 5b7d7e58 fd6cf000 1c041c39 f0044640 2800fd6b  ..l.9...@F..k..(
I/DEBUG   ( 5298): 
I/DEBUG   ( 5298): code around lr:
I/DEBUG   ( 5298): 5b7d7f38 60179300 1c1ae7d0 4b01e7ec e7cd9300  ...`.......K....
I/DEBUG   ( 5298): 5b7d7f48 00002784 00002785 1c1fb5f8 f7ff9e06  .'...'..........
I/DEBUG   ( 5298): 5b7d7f58 1e04ff69 25c8d017 f0045960 2800fcc7  i......%`Y.....(
I/DEBUG   ( 5298): 5b7d7f68 9b07d00f d0132b00 1c185961 fd6cf004  .....+..aY....l.
I/DEBUG   ( 5298): 5b7d7f78 d00d2800 58e023c8 fcb8f004 42986833  .(...#.X....3h.B
I/DEBUG   ( 5298): 
I/DEBUG   ( 5298): stack:
I/DEBUG   ( 5298):     5b908820  5b908988  
I/DEBUG   ( 5298):     5b908824  5b908bcc  
I/DEBUG   ( 5298):     5b908828  403d46c8  /system/lib/libicui18n.so
I/DEBUG   ( 5298):     5b90882c  000000f6  
I/DEBUG   ( 5298):     5b908830  001abfc6  [heap]
I/DEBUG   ( 5298):     5b908834  5b908b70  
I/DEBUG   ( 5298):     5b908838  0000000c  
I/DEBUG   ( 5298):     5b90883c  000000f7  
I/DEBUG   ( 5298):     5b908840  5b908874  
I/DEBUG   ( 5298):     5b908844  001abfc6  [heap]
I/DEBUG   ( 5298):     5b908848  001abed0  [heap]
I/DEBUG   ( 5298):     5b90884c  40019f13  /system/lib/libc.so
I/DEBUG   ( 5298):     5b908850  000000f6  
I/DEBUG   ( 5298):     5b908854  5b7dc07b  /system/lib/libvitvmsc.so
I/DEBUG   ( 5298):     5b908858  df0027ad  
I/DEBUG   ( 5298):     5b90885c  00000000  
I/DEBUG   ( 5298): #00 5b908860  00000000  
I/DEBUG   ( 5298):     5b908864  5b9088a0  
I/DEBUG   ( 5298):     5b908868  5b9088a4  
I/DEBUG   ( 5298):     5b90886c  00000000  
I/DEBUG   ( 5298):     5b908870  5b8077bc  /system/lib/libvitvmsc.so
I/DEBUG   ( 5298):     5b908874  5b9088a0  
I/DEBUG   ( 5298):     5b908878  5b9088a4  
I/DEBUG   ( 5298):     5b90887c  5b7d7f5b  /system/lib/libvitvmsc.so
I/DEBUG   ( 5298): #01 5b908880  5b9088a4  
I/DEBUG   ( 5298):     5b908884  00000000  
I/DEBUG   ( 5298):     5b908888  5b8077bc  /system/lib/libvitvmsc.so
I/DEBUG   ( 5298):     5b90888c  5b9088a4  
I/DEBUG   ( 5298):     5b908890  001ac820  [heap]
I/DEBUG   ( 5298):     5b908894  5b7b5107  /system/lib/libvitvmsc.so
I/aglSystem.Resources(13410): [12.0000:0.0000] [Info in cResources::_DoOpen]: (modules/aglSystem/src/Resources.cpp:710)
I/aglSystem.Resources(13410): 'scripts/entities/SelectionHelper.aq' opened from the '/data/data/com.ts.gaya.coship/app_appdata//AppleTV_Wasu.gpk' data file.
I/aglSystem.ScriptAutomation(13410): [12.0016:0.0016] [Info in std_import]: (modules/aglSystem/src/ScriptAutomation.cpp:294)
I/aglSystem.ScriptAutomation(13410): aglScript-Import: agl script 'entities/SelectionHelper.aq' imported in the root table.
I/aglSystem.Resources(13410): [12.0033:0.0017] [Info in cResources::_DoOpen]: (modules/aglSystem/src/Resources.cpp:710)
I/aglSystem.Resources(13410): 'scripts/visibility.aq' opened from the '/data/data/com.ts.gaya.coship/app_appdata//AppleTV_Wasu.gpk' data file.
I/ActivityManager(13211): Start proc com.coship.sdp.sce.tvappstore for restart com.coship.sdp.sce.tvappstore: pid=13847 uid=1000 gids={3003, 1015, 3002, 3001, 3004}
D/SettingGlobalReceiver==>(13632): android.net.ethernet.ETHERNET_STATE_CHANGED
I/aglSystem.ScriptAutomation(13410): [12.0366:0.0333] [Info in std_import]: (modules/aglSystem/src/ScriptAutomation.cpp:294)
I/aglSystem.ScriptAutomation(13410): aglScript-Import: agl script 'visibility.aq' imported in the root table.
V/aglSendDebugString(13410): >>> GLES1 VertexArray (VBO): FVF:Position|Normal|ColorA|Tex1(2), NumVertex: 24, Stride: 36, Size: 864b (0.000823975MB) !
V/aglSendDebugString(13410): >>> GLES1 IndexArray VBO: PT: TriangleList, MaxVertexIndex:24, NumIndices: 36, Stride: 2, Size: 72b (6.86646e-05MB) !
V/aglSendDebugString(13410): >>> GLES1 VertexArray (VBO): FVF:Position|Normal|ColorA|Tex1(2), NumVertex: 24, Stride: 36, Size: 864b (0.000823975MB) !
V/aglSendDebugString(13410): >>> GLES1 IndexArray VBO: PT: TriangleList, MaxVertexIndex:24, NumIndices: 36, Stride: 2, Size: 72b (6.86646e-05MB) !
V/aglSendDebugString(13410): >>> GLES1 VertexArray (VBO): FVF:Position|Normal|ColorA|Tex1(2), NumVertex: 24, Stride: 36, Size: 864b (0.000823975MB) !
V/aglSendDebugString(13410): >>> GLES1 IndexArray VBO: PT: TriangleList, MaxVertexIndex:24, NumIndices: 36, Stride: 2, Size: 72b (6.86646e-05MB) !
I/ActivityManager(13211): Start proc com.biaoqi.stbwidget.host for broadcast com.biaoqi.stbwidget.host/.NetworkStatusChangeReceiver: pid=13858 uid=10027 gids={3003}
V/aglSendDebugString(13410): >>> GLES1 VertexArray (VBO): FVF:Position|Normal|ColorA|Tex1(2), NumVertex: 24, Stride: 36, Size: 864b (0.000823975MB) !
V/aglSendDebugString(13410): >>> GLES1 IndexArray VBO: PT: TriangleList, MaxVertexIndex:24, NumIndices: 36, Stride: 2, Size: 72b (6.86646e-05MB) !
V/aglSendDebugString(13410): >>> GLES1 VertexArray (VBO): FVF:Position|Normal|ColorA|Tex1(2), NumVertex: 24, Stride: 36, Size: 864b (0.000823975MB) !
V/aglSendDebugString(13410): >>> GLES1 IndexArray VBO: PT: TriangleList, MaxVertexIndex:24, NumIndices: 36, Stride: 2, Size: 72b (6.86646e-05MB) !
V/aglSendDebugString(13410): >>> GLES1 VertexArray (VBO): FVF:Position|Normal|ColorA|Tex1(2), NumVertex: 24, Stride: 36, Size: 864b (0.000823975MB) !
V/aglSendDebugString(13410): >>> GLES1 IndexArray VBO: PT: TriangleList, MaxVertexIndex:24, NumIndices: 36, Stride: 2, Size: 72b (6.86646e-05MB) !
V/aglSendDebugString(13410): >>> GLES1 VertexArray (VBO): FVF:Position|Normal|ColorA|Tex1(2), NumVertex: 24, Stride: 36, Size: 864b (0.000823975MB) !
V/aglSendDebugString(13410): >>> GLES1 IndexArray VBO: PT: TriangleList, MaxVertexIndex:24, NumIndices: 36, Stride: 2, Size: 72b (6.86646e-05MB) !
V/aglSendDebugString(13410): >>> GLES1 VertexArray (VBO): FVF:Position|Normal|ColorA|Tex1(2), NumVertex: 24, Stride: 36, Size: 864b (0.000823975MB) !
V/aglSendDebugString(13410): >>> GLES1 IndexArray VBO: PT: TriangleList, MaxVertexIndex:24, NumIndices: 36, Stride: 2, Size: 72b (6.86646e-05MB) !
V/aglSendDebugString(13410): >>> GLES1 VertexArray (VBO): FVF:Position|Normal|ColorA|Tex1(2), NumVertex: 24, Stride: 36, Size: 864b (0.000823975MB) !
V/aglSendDebugString(13410): >>> GLES1 IndexArray VBO: PT: TriangleList, MaxVertexIndex:24, NumIndices: 36, Stride: 2, Size: 72b (6.86646e-05MB) !
V/aglSendDebugString(13410): >>> GLES1 VertexArray (VBO): FVF:Position|Normal|ColorA|Tex1(2), NumVertex: 24, Stride: 36, Size: 864b (0.000823975MB) !
V/aglSendDebugString(13410): >>> GLES1 IndexArray VBO: PT: TriangleList, MaxVertexIndex:24, NumIndices: 36, Stride: 2, Size: 72b (6.86646e-05MB) !
V/aglSendDebugString(13410): Loading cached action sink 'GalleryResize'.
I/NetworkStatusChangeReceiver(13858): action::::::::android.net.ethernet.ETHERNET_STATE_CHANGED
I/System.out(13858): ?
                                                       D/StartService(13661): mReceiverCheck onReceive
I/aglSystem.Resources(13410): [12.2305:0.1939] [Info in cResources::_DoOpen]: (modules/aglSystem/src/Resources.cpp:691)
I/aglSystem.Resources(13410): 'scripts/actions/GalleryUpdate.aq' opened from the '/data/data/com.ts.gaya.coship/app_appdata//AppleTV_Wasu.gpk' data file.
I/aglSystem.Resources(13410): [12.2579:0.0274] [Info in cResources::_DoOpen]: (modules/aglSystem/src/Resources.cpp:691)
I/aglSystem.Resources(13410): 'scripts/events/AppIconAdded.aq' opened from the '/data/data/com.ts.gaya.coship/app_appdata//AppleTV_Wasu.gpk' data file.
V/aglSendDebugString(13410): Loading cached action sink 'EntityRequestNumAppIcons'.
I/aglSystem.Resources(13410): [12.2650:0.0071] [Info in cResources::_DoOpen]: (modules/aglSystem/src/Resources.cpp:691)
I/aglSystem.Resources(13410): 'scripts/events/AppIconRemoved.aq' opened from the '/data/data/com.ts.gaya.coship/app_appdata//AppleTV_Wasu.gpk' data file.
V/aglSendDebugString(13410): Loading cached action sink 'EntityRequestNumAppIcons'.
D/dalvikvm(13518): GC_CONCURRENT freed 233K, 82% free 883K/4867K, paused 1ms+2ms
I/aglSystem.Resources(13410): [12.3070:0.0421] [Info in cResources::_DoOpen]: (modules/aglSystem/src/Resources.cpp:691)
I/aglSystem.Resources(13410): 'scripts/events/GalleryDragBegin.aq' opened from the '/data/data/com.ts.gaya.coship/app_appdata//AppleTV_Wasu.gpk' data file.
D/BootReceiver(13647): startOtOService
E/OtOService(13647): onStart
I/FeiApplication(13647): SystemPropertiesClass:class android.os.SystemProperties
W/FeiApplication(13647): ~~~~~~~~~~~~~~~~~~~~~~method:public static java.lang.String android.os.SystemProperties.get(java.lang.String,java.lang.String)
W/FeiApplication(13647): ~~~~~~~~~~~~~~~~~~~~~~returnvalue:SmartBox8899
I/BootCompletedReceiver(13709): [onReceive] Actionandroid.net.conn.CONNECTIVITY_CHANGE
I/BootCompletedReceiver(13709): [onReceive] Intent.ACTION_BOOT_COMPLETEDandroid.intent.action.BOOT_COMPLETED
D/BootCompletedReceiver(13709): [onReceive] renderer was configed as autoboot,start backservice
D/Multimedia_BackService(13709): BackService onStart called
D/Multimedia_BackService(13709): device Name:SmartBox8899
I/AirplayService(13709): in setAirplayDevName
D/com.ts.gaya.coship.NetworkStateReceiver(13410): Network connectivity change
W/com.ts.gaya.coship.NetworkStateReceiver(13410):     at com.ts.gaya.coship.NetworkStateReceiver.onReceive(NetworkStateReceiver.java:18)
D/com.ts.gaya.coship.MainActivity(13410): Skipped internet state changes, was not initialized yet;
W/com.ts.gaya.coship.MainActivity(13410):     at com.ts.gaya.coship.MainActivity.updateInternetState(MainActivity.java:123)
D/dalvikvm(13647): GC_CONCURRENT freed 502K, 72% free 1737K/6083K, paused 2ms+14ms
I/aglSystem.Resources(13410): [12.4518:0.1448] [Info in cResources::_DoOpen]: (modules/aglSystem/src/Resources.cpp:691)
I/aglSystem.Resources(13410): 'scripts/actions/EntityRequestAppIcon.aq' opened from the '/data/data/com.ts.gaya.coship/app_appdata//AppleTV_Wasu.gpk' data file.
I/ActivityManager(13211): Start proc cn.tvbox for broadcast cn.tvbox/.receiver.NetworkConnectivityReceiver: pid=13875 uid=10036 gids={1015, 3003}
I/aglSystem.Resources(13410): [12.5022:0.0504] [Info in cResources::_DoOpen]: (modules/aglSystem/src/Resources.cpp:691)
I/aglSystem.Resources(13410): 'scripts/actions/EntityRequestAppText.aq' opened from the '/data/data/com.ts.gaya.coship/app_appdata//AppleTV_Wasu.gpk' data file.
V/aglSendDebugString(13410): Loading cached action sink 'EntityRequestLaunchApp'.
V/aglSendDebugString(13410): Loading cached action sink 'Select'.
I/aglSystem.Resources(13410): [12.5205:0.0183] [Info in cResources::_DoOpen]: (modules/aglSystem/src/Resources.cpp:691)
I/aglSystem.Resources(13410): 'scripts/actions/DebugVarAVarB.aq' opened from the '/data/data/com.ts.gaya.coship/app_appdata//AppleTV_Wasu.gpk' data file.
W/MountService(13211): getVolumeState(/mnt/usb/sda1): Unknown volume
I/dalvikvm(13875): Turning on JNI app bug workarounds for target SDK version 8...
I/aglSystem.Resources(13410): [13.0000:0.4795] [Info in cResources::_DoOpen]: (modules/aglSystem/src/Resources.cpp:691)
I/aglSystem.Resources(13410): 'coship_tvui/selected/selected_1.scene' opened from the '/data/data/com.ts.gaya.coship/app_appdata//AppleTV_Wasu.gpk' data file.
V/aglSendDebugString(13410): >>> GLES1 VertexArray (VBO): FVF:Position|Normal|ColorA|Tex1(2)|Tex2(2)|Tangent|BiNormal, NumVertex: 176, Stride: 68, Size: 11968b (0.0114136MB) !
W/MountService(13211): getVolumeState(/mnt/usb/sda1): Unknown volume
V/aglSendDebugString(13410): >>> GLES1 IndexArray VBO: PT: TriangleList, MaxVertexIndex:176, NumIndices: 264, Stride: 2, Size: 528b (0.00050354MB) !
V/aglSendDebugString(13410): ADD RIGID MESH [0,0,264]
V/aglSendDebugString(13410): >>> GLES1 IndexArray VBO: PT: TriangleList, MaxVertexIndex:176, NumIndices: 264, Stride: 2, Size: 528b (0.00050354MB) !
V/aglSendDebugString(13410): >>> GLES1 VertexArray (VBO): FVF:Position|Normal|ColorA|Tex1(2)|Tangent|BiNormal, NumVertex: 176, Stride: 60, Size: 10560b (0.0100708MB) !
I/aglCharacters(13410): [13.0000:0.0000] [Info in sVertexArrayInitializer::GetVA[it]]: (k:/Work/Platform/KronosSDK-pierre/include/agl/Graphics/Utils/VertexArrayInitializer.h:191)
I/aglCharacters(13410): # FVF Position|Normal|ColorA|Tex1(2)|Tangent|BiNormal (stride 60), 176 vertices, 10.31 Kb
V/aglSendDebugString(13410): >>> GLES1 IndexArray VBO: PT: TriangleList, MaxVertexIndex:176, NumIndices: 264, Stride: 2, Size: 528b (0.00050354MB) !
I/ServiceManager(13823): Waiting for service mstar.thirdpartytvmanager...
D/dalvikvm(13647): GC_CONCURRENT freed 395K, 72% free 1738K/6083K, paused 3ms+15ms
D/DeviceAnnounce(13647): resetSocket
D/ServerAdapter(13647): resetDeviceAnnounce
V/aglSendDebugString(13410): >>> GLES1 VertexArray (VBO): FVF:Position|Normal|ColorA|Tex1(2), NumVertex: 24, Stride: 36, Size: 864b (0.000823975MB) !
V/aglSendDebugString(13410): >>> GLES1 IndexArray VBO: PT: TriangleList, MaxVertexIndex:24, NumIndices: 36, Stride: 2, Size: 72b (6.86646e-05MB) !
V/aglSendDebugString(13410): >>> GLES1 VertexArray (VBO): FVF:Position|Normal|ColorA|Tex1(2), NumVertex: 24, Stride: 36, Size: 864b (0.000823975MB) !
V/aglSendDebugString(13410): >>> GLES1 IndexArray VBO: PT: TriangleList, MaxVertexIndex:24, NumIndices: 36, Stride: 2, Size: 72b (6.86646e-05MB) !
V/aglSendDebugString(13410): >>> GLES1 VertexArray (VBO): FVF:Position|Normal|ColorA|Tex1(2), NumVertex: 24, Stride: 36, Size: 864b (0.000823975MB) !
V/aglSendDebugString(13410): >>> GLES1 IndexArray VBO: PT: TriangleList, MaxVertexIndex:24, NumIndices: 36, Stride: 2, Size: 72b (6.86646e-05MB) !
V/aglSendDebugString(13410): >>> GLES1 VertexArray (VBO): FVF:Position|Normal|ColorA|Tex1(2), NumVertex: 24, Stride: 36, Size: 864b (0.000823975MB) !
V/aglSendDebugString(13410): >>> GLES1 IndexArray VBO: PT: TriangleList, MaxVertexIndex:24, NumIndices: 36, Stride: 2, Size: 72b (6.86646e-05MB) !
V/aglSendDebugString(13410): >>> GLES1 VertexArray (VBO): FVF:Position|Normal|ColorA|Tex1(2), NumVertex: 24, Stride: 36, Size: 864b (0.000823975MB) !
V/aglSendDebugString(13410): >>> GLES1 IndexArray VBO: PT: TriangleList, MaxVertexIndex:24, NumIndices: 36, Stride: 2, Size: 72b (6.86646e-05MB) !
V/aglSendDebugString(13410): >>> GLES1 VertexArray (VBO): FVF:Position|Normal|ColorA|Tex1(2), NumVertex: 24, Stride: 36, Size: 864b (0.000823975MB) !
V/aglSendDebugString(13410): >>> GLES1 IndexArray VBO: PT: TriangleList, MaxVertexIndex:24, NumIndices: 36, Stride: 2, Size: 72b (6.86646e-05MB) !
V/aglSendDebugString(13410): >>> GLES1 VertexArray (VBO): FVF:Position|Normal|ColorA|Tex1(2), NumVertex: 24, Stride: 36, Size: 864b (0.000823975MB) !
V/aglSendDebugString(13410): >>> GLES1 IndexArray VBO: PT: TriangleList, MaxVertexIndex:24, NumIndices: 36, Stride: 2, Size: 72b (6.86646e-05MB) !
V/aglSendDebugString(13410): >>> GLES1 VertexArray (VBO): FVF:Position|Normal|ColorA|Tex1(2), NumVertex: 24, Stride: 36, Size: 864b (0.000823975MB) !
V/aglSendDebugString(13410): >>> GLES1 IndexArray VBO: PT: TriangleList, MaxVertexIndex:24, NumIndices: 36, Stride: 2, Size: 72b (6.86646e-05MB) !
V/aglSendDebugString(13410): >>> GLES1 VertexArray (VBO): FVF:Position|Normal|ColorA|Tex1(2), NumVertex: 24, Stride: 36, Size: 864b (0.000823975MB) !
V/aglSendDebugString(13410): >>> GLES1 IndexArray VBO: PT: TriangleList, MaxVertexIndex:24, NumIndices: 36, Stride: 2, Size: 72b (6.86646e-05MB) !
V/aglSendDebugString(13410): >>> GLES1 VertexArray (VBO): FVF:Position|Normal|ColorA|Tex1(2), NumVertex: 24, Stride: 36, Size: 864b (0.000823975MB) !
V/aglSendDebugString(13410): >>> GLES1 IndexArray VBO: PT: TriangleList, MaxVertexIndex:24, NumIndices: 36, Stride: 2, Size: 72b (6.86646e-05MB) !
V/aglSendDebugString(13410): >>> GLES1 VertexArray (VBO): FVF:Position|Normal|ColorA|Tex1(2), NumVertex: 24, Stride: 36, Size: 864b (0.000823975MB) !
V/aglSendDebugString(13410): >>> GLES1 IndexArray VBO: PT: TriangleList, MaxVertexIndex:24, NumIndices: 36, Stride: 2, Size: 72b (6.86646e-05MB) !
V/aglSendDebugString(13410): >>> GLES1 VertexArray (VBO): FVF:Position|Normal|ColorA|Tex1(2), NumVertex: 24, Stride: 36, Size: 864b (0.000823975MB) !
V/aglSendDebugString(13410): >>> GLES1 IndexArray VBO: PT: TriangleList, MaxVertexIndex:24, NumIndices: 36, Stride: 2, Size: 72b (6.86646e-05MB) !
V/aglSendDebugString(13410): >>> GLES1 VertexArray (VBO): FVF:Position|Normal|ColorA|Tex1(2), NumVertex: 24, Stride: 36, Size: 864b (0.000823975MB) !
V/aglSendDebugString(13410): >>> GLES1 IndexArray VBO: PT: TriangleList, MaxVertexIndex:24, NumIndices: 36, Stride: 2, Size: 72b (6.86646e-05MB) !
V/aglSendDebugString(13410): >>> GLES1 VertexArray (VBO): FVF:Position|Normal|ColorA|Tex1(2), NumVertex: 24, Stride: 36, Size: 864b (0.000823975MB) !
V/aglSendDebugString(13410): >>> GLES1 IndexArray VBO: PT: TriangleList, MaxVertexIndex:24, NumIndices: 36, Stride: 2, Size: 72b (6.86646e-05MB) !
V/aglSendDebugString(13410): >>> GLES1 VertexArray (VBO): FVF:Position|Normal|ColorA|Tex1(2), NumVertex: 24, Stride: 36, Size: 864b (0.000823975MB) !
V/aglSendDebugString(13410): >>> GLES1 IndexArray VBO: PT: TriangleList, MaxVertexIndex:24, NumIndices: 36, Stride: 2, Size: 72b (6.86646e-05MB) !
V/aglSendDebugString(13410): >>> GLES1 VertexArray (VBO): FVF:Position|Normal|ColorA|Tex1(2), NumVertex: 4, Stride: 36, Size: 144b (0.000137329MB) !
V/aglSendDebugString(13410): >>> GLES1 IndexArray VBO: PT: TriangleList, MaxVertexIndex:4, NumIndices: 6, Stride: 2, Size: 12b (1.14441e-05MB) !
D/HomePlayerLib(13709): MediaRenderer will start with ip addrss 192.168.2.105
V/aglSendDebugString(13410): >>> GLES1 VertexArray (VBO): FVF:Position|Normal|ColorA|Tex1(2), NumVertex: 24, Stride: 36, Size: 864b (0.000823975MB) !
V/aglSendDebugString(13410): >>> GLES1 IndexArray VBO: PT: TriangleList, MaxVertexIndex:24, NumIndices: 36, Stride: 2, Size: 72b (6.86646e-05MB) !
D/dalvikvm(13211): GC_CONCURRENT freed 503K, 58% free 3265K/7619K, paused 2ms+16ms
V/aglSendDebugString(13410): >>> GLES1 VertexArray (VBO): FVF:Position|Normal|ColorA|Tex1(2), NumVertex: 4, Stride: 36, Size: 144b (0.000137329MB) !
V/aglSendDebugString(13410): >>> GLES1 IndexArray VBO: PT: TriangleList, MaxVertexIndex:4, NumIndices: 6, Stride: 2, Size: 12b (1.14441e-05MB) !
V/aglSendDebugString(13410): >>> GLES1 VertexArray (VBO): FVF:Position|Normal|ColorA|Tex1(2), NumVertex: 24, Stride: 36, Size: 864b (0.000823975MB) !
V/aglSendDebugString(13410): >>> GLES1 IndexArray VBO: PT: TriangleList, MaxVertexIndex:24, NumIndices: 36, Stride: 2, Size: 72b (6.86646e-05MB) !
V/aglSendDebugString(13410): >>> GLES1 VertexArray (VBO): FVF:Position|Normal|ColorA|Tex1(2), NumVertex: 24, Stride: 36, Size: 864b (0.000823975MB) !
V/aglSendDebugString(13410): >>> GLES1 IndexArray VBO: PT: TriangleList, MaxVertexIndex:24, NumIndices: 36, Stride: 2, Size: 72b (6.86646e-05MB) !
I/aglSystem.Resources(13410): [13.3122:0.3122] [Info in cResources::_DoOpen]: (modules/aglSystem/src/Resources.cpp:691)
I/aglSystem.Resources(13410): 'coship_tvui/selected/wasutv_410x543_s.scene' opened from the '/data/data/com.ts.gaya.coship/app_appdata//AppleTV_Wasu.gpk' data file.
V/aglSendDebugString(13410): >>> GLES1 VertexArray (VBO): FVF:Position|Normal|ColorA|Tex1(2)|Tex2(2)|Tangent|BiNormal, NumVertex: 95, Stride: 68, Size: 6460b (0.00616074MB) !
V/aglSendDebugString(13410): >>> GLES1 IndexArray VBO: PT: TriangleList, MaxVertexIndex:95, NumIndices: 144, Stride: 2, Size: 288b (0.000274658MB) !
V/aglSendDebugString(13410): ADD RIGID MESH [0,0,120]
V/aglSendDebugString(13410): ADD RIGID MESH [0,120,24]
V/aglSendDebugString(13410): >>> GLES1 IndexArray VBO: PT: TriangleList, MaxVertexIndex:95, NumIndices: 144, Stride: 2, Size: 288b (0.000274658MB) !
V/aglSendDebugString(13410): >>> GLES1 VertexArray (VBO): FVF:Position|Normal|ColorA|Tex1(2)|Tangent|BiNormal, NumVertex: 95, Stride: 60, Size: 5700b (0.00543594MB) !
I/aglCharacters(13410): [13.3221:0.0099] [Info in sVertexArrayInitializer::GetVA[it]]: (k:/Work/Platform/KronosSDK-pierre/include/agl/Graphics/Utils/VertexArrayInitializer.h:191)
I/aglCharacters(13410): # FVF Position|Normal|ColorA|Tex1(2)|Tangent|BiNormal (stride 60), 95 vertices, 5.57 Kb
V/aglSendDebugString(13410): >>> GLES1 IndexArray VBO: PT: TriangleList, MaxVertexIndex:95, NumIndices: 144, Stride: 2, Size: 288b (0.000274658MB) !
I/aglSystem.Resources(13410): [13.3597:0.0376] [Info in cResources::_DoOpen]: (modules/aglSystem/src/Resources.cpp:691)
I/aglSystem.Resources(13410): 'scripts/actions/EntityRequestText.aq' opened from the '/data/data/com.ts.gaya.coship/app_appdata//AppleTV_Wasu.gpk' data file.
