W/PackageParser(13211): No actions in intent filter at /system/app/com.coship.dvbsetting.apk Binary XML file line #126
W/PackageParser(13211): No actions in intent filter at /system/app/com.coship.dvbsetting.apk Binary XML file line #134
W/PackageParser(13211): No actions in intent filter at /system/app/com.coship.dvbsetting.apk Binary XML file line #140
W/PackageParser(13211): No actions in intent filter at /system/app/com.coship.dvbsetting.apk Binary XML file line #154
W/PackageParser(13211): No actions in intent filter at /system/app/com.coship.dvbsetting.apk Binary XML file line #162
W/PackageParser(13211): No actions in intent filter at /system/app/com.coship.dvbsetting.apk Binary XML file line #171
W/PackageParser(13211): No actions in intent filter at /system/app/com.coship.dvbsetting.apk Binary XML file line #179
W/PackageParser(13211): No actions in intent filter at /system/app/com.coship.dvbsetting.apk Binary XML file line #186
W/PackageParser(13211): No actions in intent filter at /system/app/com.coship.dvbsetting.apk Binary XML file line #194
W/PackageParser(13211): No actions in intent filter at /system/app/com.coship.dvbsetting.apk Binary XML file line #201
W/PackageParser(13211): No actions in intent filter at /system/app/com.coship.dvbsetting.apk Binary XML file line #209
W/PackageParser(13211): No actions in intent filter at /system/app/com.coship.dvbsetting.apk Binary XML file line #216
W/PackageParser(13211): No actions in intent filter at /system/app/com.coship.dvbsetting.apk Binary XML file line #222
W/PackageParser(13211): No actions in intent filter at /system/app/com.coship.dvbsetting.apk Binary XML file line #229
W/PackageParser(13211): No actions in intent filter at /system/app/com.coship.dvbsetting.apk Binary XML file line #235
I/PackageParser(13211): com.coship.dvbsetting: compat added android.permission.READ_PHONE_STATE
W/PackageManager(13211): Unable to update from com.android.settings to com.coship.dvbsetting: old package still exists
W/PackageParser(13211): No actions in intent filter at /system/app/com.coship.netfirmware.apk Binary XML file line #36
E/        (13178): get vaddr failed:pvaddr_read=0x4749d000,pvaddr_internal=0x4759d000,pvaddr_write=0x0
W/PackageParser(13211): No actions in intent filter at /system/app/com.coship.startwizard.apk Binary XML file line #39
W/PackageParser(13211): No actions in intent filter at /system/app/com.coship.startwizard.apk Binary XML file line #46
W/PackageParser(13211): No actions in intent filter at /system/app/com.coship.startwizard.apk Binary XML file line #53
W/PackageParser(13211): No actions in intent filter at /system/app/com.coship.startwizard.apk Binary XML file line #60
W/PackageParser(13211): No actions in intent filter at /system/app/com.coship.startwizard.apk Binary XML file line #67
W/PackageParser(13211): No actions in intent filter at /system/app/com.coship.startwizard.apk Binary XML file line #74
W/PackageParser(13211): No actions in intent filter at /system/app/com.coship.startwizard.apk Binary XML file line #81
W/PackageParser(13211): No actions in intent filter at /system/app/com.coship.startwizard.apk Binary XML file line #88
W/PackageParser(13211): No actions in intent filter at /system/app/com.coship.startwizard.apk Binary XML file line #95
W/PackageParser(13211): No actions in intent filter at /system/app/com.coship.startwizard.apk Binary XML file line #103
D/dalvikvm(13211): GC_CONCURRENT freed 283K, 70% free 1796K/5827K, paused 1ms+3ms
E/        (13178): get vaddr failed:pvaddr_read=0x4749d000,pvaddr_internal=0x4759d000,pvaddr_write=0x0
D/PackageManager(13211): No files in app dir /vendor/app
I/installd(  741): new connection
I/Installer(13211): connecting...
E/        (13178): get vaddr failed:pvaddr_read=0x4749d000,pvaddr_internal=0x4759d000,pvaddr_write=0x0
E/        (13178): get vaddr failed:pvaddr_read=0x4749d000,pvaddr_internal=0x4759d000,pvaddr_write=0x0
E/        (13178): get vaddr failed:pvaddr_read=0x4749d000,pvaddr_internal=0x4759d000,pvaddr_write=0x0
E/        (13178): get vaddr failed:pvaddr_read=0x4749d000,pvaddr_internal=0x4759d000,pvaddr_write=0x0
E/        (13178): get vaddr failed:pvaddr_read=0x4749d000,pvaddr_internal=0x4759d000,pvaddr_write=0x0
I/PackageManager(13211): Time to scan packages: 2.657 seconds
W/PackageManager(13211): Unknown permission android.permission.APPWIDGET_LIST in package com.iflytek.vaf
W/PackageManager(13211): Unknown permission android.permission.APPWIDGET_LIST in package com.biaoqi.stbwidget.host
W/PackageManager(13211): Unknown permission android.permission.APPWIDGET_LIST in package com.mstar.appwidget
W/PackageManager(13211): Unknown permission android.permission.ADD_SYSTEM_SERVICE in package com.coship.sdp.sce.tvapp[58813.517900] ADDRCONF(NETDEV_UP): uap0: link is not ready
store
W/PackageManager(13211): Unknown permission android.permission.READ_EXTERNAL_STORAGE in package com.coship.sdp.sce.tvappstore
W/PackageManager(13211): Unknown permission com.google.android.gm.permission.WRITE_GMAIL in package com.coship.sdp.sce.tva[58813.545667] CMD_RESP: cmd 0xb0 error, result=0x1
ppstore
W/PackageManager(13211): Unknown permission com.google.android.gm.permission.READ_GMAIL in package com.coship.sdp.sce.tvappstore
W/PackageManager(13211): Unknown permission com.google.android.gm.permission.WRITE_GMAIL in package com.coship.app.vaf
W/PackageManager(13211): Unknown permission com.google.android.gm.permission.READ_GMAIL in package com.coship.app.vaf
W/PackageManager(13211): Unknown permission com.google.android.gm.permission.WRITE_GMAIL in package com.coship.TestApp
W/PackageManager(13211): Unknown permission com.google.android.gm.permission.READ_GMAIL in package com.coship.TestApp
W/PackageManager(13211): Unknown permission android.permission.WRITE_OWNER_DATA in package com.iflytek.speech
W/PackageManager(13211): Unknown permission android.permission.BAIDU_LOCATION_SERVICE in package com.iflytek.speech
W/PackageManager(13211): Unknown permission com.google.android.gm.permission.WRITE_GMAIL in package com.ts.gaya.coship
W/PackageManager(13211): Unknown permission com.google.android.gm.permission.READ_GMAIL in package com.ts.gaya.coship
W/PackageManager(13211): Unknown permission android.permission.APPWIDGET_LIST in package com.iflytek.xiri.recorder.svc
W/PackageManager(13211): Unknown permission android.permission.ADD_SYSTEM_SERVICE in package com.coship.netfirmware
W/PackageManager(13211): Unknown permission android.permission.READ_SETTINGS in package com.android.settings
W/PackageManager(13211): Unknown permission com.android.permission.READ_LOGS in package cn.tvbox
W/PackageManager(13211): Not granting permission android.permission.DEVICE_POWER to package cn.tvbox (protectionLevel=2 flags=0xbe45)
W/PackageManager(13211): Unknown permission android.webkit.permission.PLUGIN in package com.adobe.flashplayer
W/PackageManager(13211): Unknown permission android.permission.READ_OWNER_DATA in package com.adobe.flashplayer
W/PackageManager(13211): Unknown permission android.permission.WRITE_OWNER_DATA in package com.adobe.flashplayer
W/PackageManager(13211): Unknown permission android.permission.READ_EXTERNAL_STORAGE in package com.adobe.flashplayer
W/PackageManager(13211): Not granting permission android.permission.DIAGNOSTIC to package com.sihuatech.wasutv4ics (protectionLevel=2 flags=0xbe45)
W/PackageManager(13211): Unknown permission android.permission.ACCESS_COARSE_UPDATES in package com.sihuatech.wasutv4ics
W/PackageManager(13211): Unknown permission android.permission.READ_OWNER_DATA in package com.sihuatech.wasutv4ics
W/PackageManager(13211): Unknown permission android.permission.WRITE_OWNER_DATA in package com.sihuatech.wasutv4ics
W/PackageManager(13211): Not granting permission android.permission.CLEAR_APP_USER_DATA to package com.sihuatech.wasutv4ics (protectionLevel=2 flags=0xbe45)
W/PackageManager(13211): Not granting permission android.permission.INJECT_EVENTS to package com.sihuatech.wasutv4ics (protectionLevel=2 flags=0xbe45)
W/PackageManager(13211): Not granting permission android.permission.DEVICE_POWER to package com.sihuatech.wasutv4ics (protectionLevel=2 flags=0xbe45)
W/PackageManager(13211): Unknown permission android.permission.WRITE_OWNER_DATA in package com.coship.Multimedia
W/PackageManager(13211): Unknown permission android.permission.READ_OWNER_DATA in package com.coship.Multimedia
W/PackageManager(13211): Unknown permission android.permission.WRITE_OWNER_DATA in package com.coship.NetworkNavigation
W/PackageManager(13211): Unknown permission android.permission.READ_OWNER_DATA in package com.coship.NetworkNavigation
E/        (13178): get vaddr failed:pvaddr_read=0x4749d000,pvaddr_internal=0x4759d000,pvaddr_write=0x0
D/dalvikvm(13211): GC_EXPLICIT freed 398K, 71% free 1768K/5955K, paused 0ms+1ms
I/SystemServer(13211): Account Manager
D/PackageManager(13211): generateServicesMap(android.accounts.AccountAuthenticator): 1 services unchanged
I/SystemServer(13211): Content Manager
D/PackageManager(13211): generateServicesMap(android.content.SyncAdapter): 1 services unchanged
E/        (13178): get vaddr failed:pvaddr_read=0x4749d000,pvaddr_internal=0x4759d000,pvaddr_write=0x0
I/SystemServer(13211): System Content Providers
I/ActivityThread(13211): Pub settings: com.android.providers.settings.SettingsProvider
D/SettingsProvider(13211): cache for settings table 'secure' rows=56; fullycached=true
D/SettingsProvider(13211): cache for settings table 'system' rows=55; fullycached=true
D/dalvikvm(13211): GC_CONCURRENT freed 234K, 67% free 1993K/5955K, paused 1ms+1ms
I/SystemServer(13211): Lights Service
I/SystemServer(13211): Battery Service
I/SystemServer(13211): Pppoe Service
I/SystemServer(13211): Vibrator Service
E/        (13178): get vaddr failed:pvaddr_read=0x4749d000,pvaddr_internal=0x4759d000,pvaddr_write=0x0
I/power   (13211): *** set_screen_state 1
D/AlarmManagerService(13211): Kernel timezone updated to -480 minutes west of GMT
I/SystemServer(13211): Alarm Manager
I/SystemServer(13211): Init Watchdog
I/SystemServer(13211): Window Manager
E/PhonePolicy(13211): Could not preload class for phone policy: com.android.internal.policy.impl.PhoneWindow$ContextMenuCallback
I/InputManager(13211): Initializing input manager
W/StatusBarManager(13211): warning: no STATUS_BAR_SERVICE
E/AC3Extractor(13184): Rsyn Fail
D/MediaPlayerService(13184): countTracks = 1
D/MediaPlayerService(13184): mime = audio/vorbis
D/MediaPlayerService(13184): videoCnt = 0, audioCnt = 1
D/MediaPlayerService(13184): Ogg
E/AC3Extractor(13184): Rsyn Fail
D/OMXCodec(13184): Attempting to allocate OMX node 'OMX.google.vorbis.decoder'
E/        (13178): get vaddr failed:pvaddr_read=0x4749d000,pvaddr_internal=0x4759d000,pvaddr_write=0x0
I/InputManager(13211): Starting input manager
I/WindowManager(13211): Enabled StrictMode for PolicyThread's Looper
I/WindowManager(13211): Enabled StrictMode logging for WMThread's Looper
I/SystemServer(13211): Bluetooth Service
W/BluetoothService(13211): Bluetooth daemons already running - runtime restart? 
I/bluedroid(13211): Stopping bluetoothd deamon
D/OMXCodec(13184): Successfully allocated OMX node 'OMX.google.vorbis.decoder'
I/EventHub(13211): New device: id=1, fd=86, path='/dev/input/event5', name='Stp MT-touch', classes=0x14, configuration='/system/usr/idc/Stp_MT-touch.idc', keyLayout='', keyCharacterMap='', builtinKeyboard=false
E/EventHub(13211): could not get driver version for /dev/input/mouse2, Not a typewriter
E/AC3Extractor(13184): Rsyn Fail
D/MediaPlayerService(13184): countTracks = 1
D/MediaPlayerService(13184): mime = audio/vorbis
D/MediaPlayerService(13184): videoCnt = 0, audioCnt = 1
D/MediaPlayerService(13184): Ogg
E/AC3Extractor(13184): Rsyn Fail
D/OMXCodec(13184): Attempting to allocate OMX node 'OMX.google.vorbis.decoder'
D/OMXCodec(13184): Successfully allocated OMX node 'OMX.google.vorbis.decoder'
I/EventHub(13211): New device: id=2, fd=89, path='/dev/input/event4', name='Stp touch', classes=0x4, configuration='/system/usr/idc/Stp_touch.idc', keyLayout='', keyCharacterMap='', builtinKeyboard=false
E/EventHub(13211): could not get driver version for /dev/input/mouse1, Not a typewriter
D/EventHub(13211): No input device configuration file found for device 'Stp mouse'.
I/EventHub(13211): New device: id=3, fd=91, path='/dev/input/event3', name='Stp mouse', classes=0x8, configuration='', keyLayout='', keyCharacterMap='', builtinKeyboard=false
E/EventHub(13211): could not get driver version for /dev/input/mouse0, Not a typewriter
E/        (13178): get vaddr failed:pvaddr_read=0x4749d000,pvaddr_internal=0x4759d000,pvaddr_write=0x0
D/EventHub(13211): No input device configuration file found for device 'VIkeyboard'.
I/EventHub(13211): New device: id=4, fd=92, path='/dev/input/event2', name='VIkeyboard', classes=0x23, configuration='', keyLayout='/system/usr/keylayout/Vendor_0001_Product_0001.kl', keyCharacterMap='/system/usr/keychars/Generic.kcm', builtinKeyboard=false
D/EventHub(13211): No input device configuration file found for device 'MStar Smart TV Keypad'.
I/EventHub(13211): New device: id=5, fd=93, path='/dev/input/event1', name='MStar Smart TV Keypad', classes=0x1, configuration='', keyLayout='/system/usr/keylayout/Vendor_3697_Product_0002.kl', keyCharacterMap='/system/usr/keychars/Generic.kcm', builtinKeyboard=false
D/EventHub(13211): No input device configuration file found for device 'Coship Smart DVB IR Receiver'.
I/EventHub(13211): New device: id=6, fd=94, path='/dev/input/event0', name='Coship Smart DVB IR Receiver', classes=0x1, configuration='', keyLayout='/system/usr/keylayout/Vendor_0080_Product_0001.kl', keyCharacterMap='/system/usr/keychars/Generic.kcm', builtinKeyboard=false
E/EventHub(13211): could not get driver version for /dev/input/mice, Not a typewriter
I/InputReader(13211): Device added: id=6, name='Coship Smart DVB IR Receiver', sources=0x00000101
I/InputReader(13211): Device added: id=5, name='MStar Smart TV Keypad', sources=0x00000101
I/InputReader(13211): Device added: id=4, name='VIkeyboard', sources=0x00000301
I/InputReader(13211): Device added: id=3, name='Stp mouse', sources=0x00002002
I/InputReader(13211):   Touch device 'Stp touch' could not query the properties of its associated display 0.  The device will be inoperable until the display size becomes available.
I/InputReader(13211): Device added: id=2, name='Stp touch', sources=0x00001002
I/InputReader(13211):   Touch device 'Stp MT-touch' could not query the properties of its associated display 0.  The device will be inoperable until the display size becomes available.
I/InputReader(13211): Device added: id=1, name='Stp MT-touch', sources=0x00001002
E/        (13178): get vaddr failed:pvaddr_read=0x4749d000,pvaddr_internal=0x4759d000,pvaddr_write=0x0
E/        (13178): get vaddr failed:pvaddr_read=0x4749d000,pvaddr_internal=0x4759d000,pvaddr_write=0x0
I/bluedroid(13211): Stopping hciattach deamon
I/BluetoothProfileState(13211): Message:Entering Stable State
D/dalvikvm(13211): GC_CONCURRENT freed 318K, 66% free 2091K/6147K, paused 1ms+2ms
I/BluetoothProfileState(13211): Message:Entering Stable State
I/BluetoothProfileState(13211): Message:Entering Stable State
E/        (13178): get vaddr failed:pvaddr_read=0x4749d000,pvaddr_internal=0x4759d000,pvaddr_write=0x0
I/SystemServer(13211): Input Method Service
D/BluetoothAdapterStateMachine(13211): PowerOff process message: 5
I/bluedroid(13211): Starting hciattach daemon
W/InputManagerService(13211): Couldn't create dir.: /data/system/inputmethod
I/SystemServer(13211): Accessibility Manager
I/InputReader(13211): Reconfiguring input devices.  changes=0x00000004
I/InputReader(13211): Device reconfigured: id=1, name='Stp MT-touch', surface size is now 1280x720, mode is 1
I/InputReader(13211): Device reconfigured: id=2, name='Stp touch', surface size is now 1280x720, mode is 1
I/ActivityManager(13211): Config changed: {1.0 0mcc0mnc zh_CN layoutdir=0 sw720dp w1280dp h720dp xlrg long land ?uimode ?night -touch -keyb/v/h -nav/h s.2}
I/SystemServer(13211): TV
I/SystemServer(13211): Device Policy
I/SystemServer(13211): Status Bar
I/SystemServer(13211): Clipboard Service
I/SystemServer(13211): NetworkManagement Service
I/SystemServer(13211): Text Service Manager Service
W/TextServicesManagerService(13211): no available spell checker services found
I/SystemServer(13211): NetworkStats Service
I/SystemServer(13211): NetworkPolicy Service
I/SystemServer(13211): Wi-Fi P2pService
D/WifiP2pService(13211): P2pDisabledState
E/WifiP2pService(13211): Failed to reload sta firmware java.lang.NullPointerException
I/SystemServer(13211): Wi-Fi Service
D/WifiMonitor(13211): sleep for a while until usb.init.done 
D/WifiP2pService(13211): P2pDisabledState{ what=69633 when=0 }
D/WifiP2pService(13211): DefaultState{ what=69633 when=0 }
D/WifiP2pService(13211): P2pDisabledState{ what=69632 when=0 obj=com.android.internal.util.AsyncChannel@4157afb0 }
D/WifiP2pService(13211): DefaultState{ what=69632 when=0 obj=com.android.internal.util.AsyncChannel@4157afb0 }
D/WifiP2pService(13211): Full connection with WifiStateMachine established
D/WifiP2pService(13211): P2pDisabledState{ what=69633 when=-1ms }
D/WifiP2pService(13211): DefaultState{ what=69633 when=-1ms }
D/WifiP2pService(13211): P2pDisabledState{ what=69632 when=0 obj=com.android.internal.util.AsyncChannel@415798a8 }
D/WifiP2pService(13211): DefaultState{ what=69632 when=0 obj=com.android.internal.util.AsyncChannel@415798a8 }
D/WifiP2pService(13211): Full connection with WifiStateMachine established
I/SystemServer(13211): Connectivity Service
D/ConnectivityService(13211): ConnectivityService starting up
E/ConnectivityService(13211): Error in radioAttributes - ignoring attempt to redefine type 1
D/ConnectivityService(13211): Starting Pppoe StateTracker
I/ethernet(13211): interface eth0:2 found
E/ethernet(13211): android_net_ethernet_initEthernetNative exited with success
D/ConnectivityService(13211): Starting Ethernet Service.
V/EthernetStateTracker(13211): Ethernet State Tracker v1.0.6
V/EthernetStateTracker(13211): successed to init device!
I/ethernet(13211): User ask for device name on 0, list:19E9B8, total:1
D/NetUtils(13211): android_net_utils_resetConnections in env=0xf5b28 clazz=0x9fa00001 iface=eth0 mask=0x3
I/EthernetService(13211): Ethernet dev enabled 2
V/EthernetService(13211): device 0 name eth0
V/EthernetStateTracker(13211): start to monitor the ethernet devices . . .
I/EthernetManager(13211): Init Ethernet Manager, service: com.android.server.EthernetService@41553b50
I/EthernetStateTracker(13211): reset device eth0
V/EthernetMonitor(13211): go poll events
I/bluedroid(13211): bt_enable: ret: 0, errno: 0
I/bluedroid(13211): Starting bluetoothd deamon
E/BluetoothEventLoop.cpp(13211): get_adapter_path: D-Bus error: org.freedesktop.DBus.Error.ServiceUnknown (The name org.bluez was not provided by any .service files)
E/BluetoothEventLoop.cpp(13211): get_adapter_path: D-Bus error: org.freedesktop.DBus.Error.ServiceUnknown (The name org.bluez was not provided by any .service files)
E/        (13178): get vaddr failed:pvaddr_read=0x4749d000,pvaddr_internal=0x4759d000,pvaddr_write=0x0
D/NetUtils(13211): android_net_utils_resetConnections in env=0xf5b28 clazz=0xa0d00001 iface=eth0 mask=0x3
I/EthernetStateTracker(13211): trigger dhcp for device eth0
D/EthernetStateTracker(13211): DhcpHandler: DHCP request started
I/EthernetStateTracker(13211): reset device eth0
E/BluetoothEventLoop.cpp(13211): get_adapter_path: D-Bus error: org.bluez.Error.NoSuchAdapter (No such adapter)
E/BluetoothEventLoop.cpp(13211): failure setting up Event Loop!
I/EthernetStateTracker(13211): trigger dhcp for device eth0
E/MobileDataStateTracker(13211): default: Ignoring feature request because could not acquire PhoneService
E/MobileDataStateTracker(13211): default: Could not enable APN type "default"
D/NetworkManagementService(13211): Registering observer
D/NetworkManagementService(13211): Registering observer
I/WifiService(13211): WifiService starting up with Wi-Fi disabled
I/WifiService(13211): WifiService starting up with Wi-Fi AP enabled
I/SystemServer(13211): Throttle Service
I/SystemServer(13211): Mount Service
D/MountService(13211): got storage path: /mnt/sdcard description: USB ?primary: true removable: false emulated: false mtpReserve: 0 allowMassStorage: false maxFileSize: 0
D/MountService(13211): mExternalStoragePath:/mnt/sdcard
D/WifiStateMachine(13211): isDriverShouldRemove = true
E/WifiHW  (13185): wifi_change_fw_path: AP
D/SoftapController(13185): Softap fwReload - Ok
I/SystemServer(13211): Notification Manager
I/SystemServer(13211): Device Storage Monitor
I/SystemServer(13211): Location Manager
I/SystemServer(13211): Country Detector
I/SystemServer(13211): Search Service
I/SystemServer(13211): DropBox Service
I/SystemServer(13211): Wallpaper Service
D/VoldCmdListener(  733): volume list
D/dalvikvm(13211): GC_CONCURRENT freed 195K, 63% free 2336K/6275K, paused 2ms+3ms
E/        (13178): get vaddr failed:pvaddr_read=0x4749d000,pvaddr_internal=0x4759d000,pvaddr_write=0x0
I/SystemServer(13211): Audio Service
I/        (13211): tvmanager JNI_OnLoad
I/ServiceManager(13211): Waiting for service mstar.TvManager...
E/        (13178): get vaddr failed:pvaddr_read=0x4749d000,pvaddr_internal=0x4759d000,pvaddr_write=0x0
E/        (13178): get vaddr failed:pvaddr_read=0x4749d000,pvaddr_internal=0x4759d000,pvaddr_write=0x0
E/        (13178): get vaddr failed:pvaddr_read=0x4749d000,pvaddr_internal=0x4759d000,pvaddr_write=0x0
D/WifiHW  (13211): detect_wifi_device!!!
D/WifiHW  (13211): path  = /dev/bus/usb/001
D/WifiHW  (13211): path  = /dev/bus/usb/002
D/WifiHW  (13211): path  = /dev/bus/usb/003
E/WifiHW  (13211): get_wifi_device_num is 1
D/WifiHW  (13211): ===================device_count = 1
D/WifiHW  (13211): is_wifi_device_exist
E/WifiHW  (13211): get_wifi_device_num is 1
E/        (13178): get vaddr failed:pvaddr_read=0x4749d000,pvaddr_internal=0x4759d000,pvaddr_write=0x0
D/SoftapController(13185): Softap driver start: 0
D/SoftapController(13185): write cmd interface=uap0
D/SoftapController(13185): driver=nl80211
D/SoftapController(13185): ctrl_interface=/data/misc/wifi/hostapd
D/SoftapController(13185): ssid=SmartBox8899
D/SoftapController(13185): channel=6
D/SoftapController(13185): hw_mode=g
D/SoftapController(13185): ieee80211n=1
D/SoftapController(13185): Softap startap - Ok
E/hostapd (13290): Configuration file: /data/misc/wifi/hostapd.conf
I/hostapd (13290): rfkill: Cannot open RFKILL control device
E/BluetoothService.cpp(13211): setBluetoothTetheringNative true
V/EthernetMonitor(13211): get event 
V/EthernetMonitor(13211): go poll events
D/BluetoothEventLoop(13211): Property Changed: Discoverable : false
D/BluetoothEventLoop(13211): Property Changed: Pairable : false
D/BluetoothEventLoop(13211): Property Changed: Powered : false
D/BluetoothEventLoop(13211): Property Changed: UUIDs : 5
D/BluetoothAdapterStateMachine(13211): WarmUp process message: 1
D/BluetoothAdapterStateMachine(13211): WarmUp process message: 53
D/BluetoothAdapterStateMachine(13211): WarmUp process message: 54
E/hostapd (13290): Failed to create interface mon.uap0: -95 (Operation not supported on transport endpoint)
D/BluetoothEventLoop(13211): Property Changed: UUIDs : 6
V/EthernetMonitor(13211): get event 
V/EthernetMonitor(13211): go poll events
D/BluetoothEventLoop(13211): Property Changed: UUIDs : 7
D/BluetoothEventLoop(13211): Property Changed: UUIDs : 8
D/BluetoothEventLoop(13211): Property Changed: UUIDs : 9
D/BluetoothAdapterStateMachine(13211): WarmUp process message: 51
D/BluetoothAdapterStateMachine(13211): HotOff process message: 1
D/BluetoothAdapterStateMachine(13211): Bluetooth state 10 -> 11
V/EthernetMonitor(13211): get event 
V/EthernetMonitor(13211): go poll events
W/hostapd (13290): uap0: Could not connect to kernel driver
E/hostapd (13290): Using interface uap0 with hwaddr a4:a8:20:13:03:30 and ssid "SmartBox8899"
E/hostapd (13290): Failed to set beacon parameters
E/        (13178): get vaddr failed:pvaddr_read=0x4749d000,pvaddr_internal=0x4759d000,pvaddr_write=0x0
D/BluetoothEventLoop(13211): Property Changed: Powered : true
D/BluetoothEventLoop(13211): Property Changed: Pairable : true
D/BluetoothAdapterStateMachine(13211): Switching process message: 54
D/BluetoothEventLoop(13211): Property Changed: Class : 5898240
D/BluetoothEventLoop(13211): Property Changed: Pairable : true
D/BluetoothEventLoop(13211): Property Changed: Discoverable : true
D/BluetoothAdapterStateMachine(13211): Switching process message: 53
D/BluetoothAdapterStateMachine(13211): Bluetooth state 11 -> 12
D/BluetoothService(13211): BT Discoverable for 0 seconds
E/        (13178): get vaddr failed:pvaddr_read=0x4749d000,pvaddr_internal=0x4759d000,pvaddr_write=0x0
I/ServiceManager(13211): Waiting for service mstar.TvManager...
E/        (13178): get vaddr failed:pvaddr_read=0x4749d000,pvaddr_internal=0x4759d000,pvaddr_write=0x0
E/        (13178): get vaddr failed:pvaddr_read=0x4749d000,pvaddr_internal=0x4759d000,pvaddr_write=0x0
E/        (13178): get vaddr failed:pvaddr_read=0x4749d000,pvaddr_internal=0x4759d000,pvaddr_write=0x0
E/        (13178): get vaddr failed:pvaddr_read=0x4749d000,pvaddr_internal=0x4759d000,pvaddr_write=0x0
E/        (13178): get vaddr failed:pvaddr_read=0x4749d000,pvaddr_internal=0x4759d000,pvaddr_write=0x0
E/        (13178): get vaddr failed:pvaddr_read=0x4749d000,pvaddr_internal=0x4759d000,pvaddr_write=0x0
I/ServiceManager(13211): Waiting for service mstar.TvManager...
E/        (13178): get vaddr failed:pvaddr_read=0x4749d000,pvaddr_internal=0x4759d000,pvaddr_write=0x0
E/        (13178): get vaddr failed:pvaddr_read=0x4749d000,pvaddr_internal=0x4759d000,pvaddr_write=0x0
I/ServiceManager(13178): Waiting for service media.audio_flinger...
I/ServiceManager(13211): Waiting for service mstar.TvManager...
I/ServiceManager(13178): Waiting for service media.audio_flinger...
I/ServiceManager(13211): Waiting for service mstar.TvManager...
I/ServiceManager(13178): Waiting for service media.audio_flinger...
D/dalvikvm(13211): GC_CONCURRENT freed 443K, 65% free 2337K/6531K, paused 1ms+2ms
I/ServiceManager(13178): Waiting for service media.audio_flinger...
I/ServiceManager(13211): Waiting for service mstar.TvManager...
D/MediaPlayerService(13184): [1] notify (0x23af0, 2, 0, 0)
I/ServiceManager(13178): Waiting for service media.audio_flinger...
I/ServiceManager(13211): Waiting for service mstar.TvManager...
W/AudioSystem(13178): AudioFlinger not published, waiting...
I/ServiceManager(13211): Waiting for service mstar.TvManager...
I/ServiceManager(13178): Waiting for service media.audio_flinger...
I/ServiceManager(13211): Waiting for service mstar.TvManager...
I/ServiceManager(13178): Waiting for service media.audio_flinger...
I/ServiceManager(13211): Waiting for service mstar.TvManager...
I/ServiceManager(13178): Waiting for service media.audio_flinger...
I/ServiceManager(13178): Waiting for service media.audio_flinger...
I/ServiceManager(13211): Waiting for service mstar.TvManager...
I/ServiceManager(13178): Waiting for service media.audio_flinger...
I/ServiceManager(13211): Waiting for service mstar.TvManager...
D/dalvikvm(13211): GC_CONCURRENT freed 447K, 65% free 2333K/6531K, paused 2ms+2ms
W/AudioSystem(13178): AudioFlinger not published, waiting...
I/ServiceManager(13211): Waiting for service mstar.TvManager...
I/ServiceManager(13178): Waiting for service media.audio_flinger...
I/ServiceManager(13211): Waiting for service mstar.TvManager...
I/ServiceManager(13178): Waiting for service media.audio_flinger...
I/ServiceManager(13211): Waiting for service mstar.TvManager...
I/ServiceManager(13178): Waiting for service media.audio_flinger...
W/dalvikvm(13211): Exception Ljava/lang/RuntimeException; thrown while initializing Lcom/tvos/common/TvManager;
W/SystemServer(13211): ***********************************************
F/SystemServer(13211): BOOT FAILURE starting Audio Service
F/SystemServer(13211): java.lang.ExceptionInInitializerError
F/SystemServer(13211):  at android.media.AudioService.<init>(AudioService.java:212)
F/SystemServer(13211):  at com.android.server.ServerThread.run(SystemServer.java:490)
F/SystemServer(13211): Caused by: java.lang.RuntimeException: can't connect to tvmanager server.please check tvos server 
F/SystemServer(13211): 
F/SystemServer(13211):  at com.tvos.common.TvManager.native_init(Native Method)
F/SystemServer(13211):  at com.tvos.common.TvManager.<clinit>(TvManager.java:243)
F/SystemServer(13211):  ... 2 more
I/SystemServer(13211): Camera Observer
I/SystemServer(13211): Microphone Observer
I/SystemServer(13211): Wired Accessory Observer
I/SystemServer(13211): USB Service
I/SystemServer(13211): UI Mode Manager Service
I/SystemServer(13211): Backup Service
D/dalvikvm(13211): GC_CONCURRENT freed 348K, 63% free 2455K/6531K, paused 2ms+2ms
D/dalvikvm(13211): GC_CONCURRENT freed 202K, 60% free 2666K/6595K, paused 2ms+2ms
V/BackupManagerService(13211): Initializing package tracking
V/BackupManagerService(13211): No ancestral data
V/BackupManagerService(13211): addPackageParticipantsLocked: all
I/BackupManagerService(13211): New app android never backed up; scheduling
I/BackupManagerService(13211): New app com.android.browser never backed up; scheduling
I/BackupManagerService(13211): New app com.android.providers.settings never backed up; scheduling
I/BackupManagerService(13211): New app com.android.providers.userdictionary never backed up; scheduling
I/BackupManagerService(13211): New app com.android.sharedstoragebackup never backed up; scheduling
V/BackupManagerService(13211): Registering transport android/com.android.internal.backup.LocalTransport = com.android.internal.backup.LocalTransport@41619c68
V/BackupManagerService(13211): Starting with transport android/com.android.internal.backup.LocalTransport
V/BackupManagerService(13211): Google transport not present
I/BackupManagerService(13211): Backup enabled => false
I/BackupManagerService(13211): Opting out of backup
I/SystemServer(13211): AppWidget Service
I/SystemServer(13211): Recognition Service
I/SystemServer(13211): DiskStats Service
I/SystemServer(13211): SamplingProfiler Service
I/WindowManager(13211): SAFE MODE not enabled
D/dalvikvm(13211): JIT started for system_server
I/SystemServer(13211): NetworkTimeUpdateService
D/PowerManagerService(13211): system ready!
I/ActivityManager(13211): System now ready
I/dalvikvm(13211): Rejecting re-init on previously-failed class Lcom/tvos/common/TvManager; v=0x0
I/SystemServer(13211): Making services ready
W/System.err(13211): java.lang.NoClassDefFoundError: com/tvos/common/TvManager
W/System.err(13211):    at com.mstar.tv.service.TvServiceServer.systemReady(TvServiceServer.java:69)
W/System.err(13211):    at com.android.server.ServerThread$1.run(SystemServer.java:686)
W/System.err(13211):    at com.android.server.am.ActivityManagerService.systemReady(ActivityManagerService.java:7357)
W/System.err(13211):    at com.android.server.ServerThread.run(SystemServer.java:681)
I/TvServiceServer(13211): -----------------ready start mstar tv service.
I/dalvikvm(13211): Rejecting re-init on previously-failed class Lcom/tvos/common/TvManager; v=0x0
W/SystemServer(13211): ***********************************************
F/SystemServer(13211): BOOT FAILURE making TV ready
F/SystemServer(13211): java.lang.NoClassDefFoundError: com/tvos/common/TvManager
F/SystemServer(13211):  at com.mstar.tv.service.MstarTvServiceServerImpl.<init>(MstarTvServiceServerImpl.java:64)
F/SystemServer(13211):  at com.mstar.tv.service.TvServiceServer.systemReady(TvServiceServer.java:84)
F/SystemServer(13211):  at com.android.server.ServerThread$1.run(SystemServer.java:686)
F/SystemServer(13211):  at com.android.server.am.ActivityManagerService.systemReady(ActivityManagerService.java:7357)
F/SystemServer(13211):  at com.android.server.ServerThread.run(SystemServer.java:681)
D/SystemServer(13211): Starting service: Intent { cmp=com.android.systemui/.SystemUIService }
I/Zygote  (13211): Process: zygote socket opened
I/ActivityManager(13211): Start proc com.android.systemui for service com.android.systemui/.SystemUIService: pid=13295 uid=1000 gids={3003, 1015, 3002, 3001, 3004}
D/NetworkManagementService(13211): enabling bandwidth control
E/BandwidthController(13185): runIptablesCmd(): failed /system/bin/ip6tables -F res=768
E/BandwidthController(13185): runIptablesCmd(): failed /system/bin/iptables -N costly_shared res=256
E/BandwidthController(13185): runIptablesCmd(): failed /system/bin/ip6tables -N costly_shared res=768
E/BandwidthController(13185): runIptablesCmd(): failed /system/bin/ip6tables -F INPUT res=768
E/BandwidthController(13185): runIptablesCmd(): failed /system/bin/ip6tables -A INPUT -i lo --jump ACCEPT res=768
E/BandwidthController(13185): runIptablesCmd(): failed /system/bin/ip6tables -A INPUT -m owner --socket-exists res=512
E/BandwidthController(13185): runIptablesCmd(): failed /system/bin/ip6tables -F OUTPUT res=768
I/ServiceManager(13178): Waiting for service media.audio_flinger...
E/BandwidthController(13185): runIptablesCmd(): failed /system/bin/ip6tables -A OUTPUT -o lo --jump ACCEPT res=768
E/BandwidthController(13185): runIptablesCmd(): failed /system/bin/ip6tables -A OUTPUT -m owner --socket-exists res=512
E/BandwidthController(13185): runIptablesCmd(): failed /system/bin/ip6tables -F costly_shared res=768
E/BandwidthController(13185): runIptablesCmd(): failed /system/bin/iptables -A costly_shared --jump penalty_box res=512
E/BandwidthController(13185): runIptablesCmd(): failed /system/bin/ip6tables -A costly_shared --jump penalty_box res=768
E/BandwidthController(13185): runIptablesCmd(): failed /system/bin/ip6tables -A costly_shared -m owner --socket-exists res=512
E/BandwidthController(13185): runIptablesCmd(): failed /system/bin/ip6tables -A costly_shared --jump ACCEPT res=768
F/NetworkManagementService(13211): problem enabling bandwidth controls
F/NetworkManagementService(13211): com.android.server.NativeDaemonConnectorException: Cmd {bandwidth enable} failed with code 400 : {Bandwidth command failed}
F/NetworkManagementService(13211):      at com.android.server.NativeDaemonConnector.doCommandLocked(NativeDaemonConnector.java:281)
F/NetworkManagementService(13211):      at com.android.server.NativeDaemonConnector.doCommand(NativeDaemonConnector.java:241)
F/NetworkManagementService(13211):      at com.android.server.NetworkManagementService.systemReady(NetworkManagementService.java:186)
F/NetworkManagementService(13211):      at com.android.server.ServerThread$1.run(SystemServer.java:698)
F/NetworkManagementService(13211):      at com.android.server.am.ActivityManagerService.systemReady(ActivityManagerService.java:7357)
F/NetworkManagementService(13211):      at com.android.server.ServerThread.run(SystemServer.java:681)
D/dalvikvm(13295): GC_CONCURRENT freed 122K, 85% free 674K/4483K, paused 1ms+1ms
D/SystemUIService(13295): loading: class com.android.systemui.statusbar.tablet.TabletStatusBar
I/System.out(13295): ?.0.92012-6-26REV:4719
D/SystemUIService(13295): running: com.android.systemui.statusbar.tablet.TabletStatusBar@413bcf40
D/NetworkManagementService(13211): Registering observer
D/NetworkManagementService(13211): Registering observer
D/dalvikvm(13211): GC_CONCURRENT freed 412K, 60% free 2822K/6915K, paused 2ms+2ms
E/PhonePolicy(13295): Could not preload class for phone policy: com.android.internal.policy.impl.PhoneWindow$ContextMenuCallback
I/ActivityManager(13211): Config changed: {1.0 0mcc0mnc zh_CN layoutdir=0 sw720dp w1280dp h720dp xlrg long land -touch -keyb/v/h -nav/h s.3}
W/RecognitionManagerService(13211): no available voice recognition services found
D/dalvikvm(13295): GC_FOR_ALLOC freed 22K, 85% free 710K/4483K, paused 10ms
I/dalvikvm-heap(13295): Grow heap (frag case) to 5.621MB for 1395776-byte allocation
W/InputManagerService(13211): Ignoring setImeWindowStatus of uid 1000 token: null
D/dalvikvm(13295): GC_CONCURRENT freed <1K, 65% free 2073K/5891K, paused 1ms+4ms
I/ActivityManager(13211): Start proc com.android.inputmethod.pinyin for service com.android.inputmethod.pinyin/.PinyinIME: pid=13349 uid=10019 gids={3003}
D/NetworkManagementService(13211): Registering observer
I/SystemServer(13211): SIP Service
D/dalvikvm(13295): GC_FOR_ALLOC freed <1K, 65% free 2076K/5891K, paused 20ms
I/dalvikvm-heap(13295): Grow heap (frag case) to 6.216MB for 621428-byte allocation
D/dalvikvm(13295): GC_FOR_ALLOC freed 0K, 59% free 2683K/6531K, paused 20ms
I/ActivityManager(13211): Start proc com.coship.sdp.sce.tvappstore for added application com.coship.sdp.sce.tvappstore: pid=13369 uid=1000 gids={3003, 1015, 3002, 3001, 3004}
D/dalvikvm(13378): Not late-enabling CheckJNI (already on)
D/dalvikvm(13295): GC_CONCURRENT freed 0K, 59% free 2683K/6531K, paused 1ms+1ms
I/ActivityManager(13211): Start proc com.coship.easycontrolime for added application com.coship.easycontrolime: pid=13378 uid=10010 gids={3003}
E/PhonePolicy(13349): Could not preload class for phone policy: com.android.internal.policy.impl.PhoneWindow$ContextMenuCallback
I/ActivityManager(13211): Start proc com.coship.netfirmware for added application com.coship.netfirmware: pid=13389 uid=1000 gids={3003, 1015, 3002, 3001, 3004}
I/ActivityManager(13211): Start proc com.iflytek.vaf.TouchKey for added application com.iflytek.vaf.TouchKey: pid=13398 uid=10030 gids={1015}
I/ActivityManager(13211): START {act=android.intent.action.MAIN cat=[android.intent.category.HOME] flg=0x10000000 cmp=com.ts.gaya.coship/.MainActivity} from pid 0
D/dalvikvm(13410): Not late-enabling CheckJNI (already on)
D/TextLayoutCache(13295): Using debug level: 0 - Debug Enabled: 0
I/ActivityManager(13211): Start proc com.ts.gaya.coship for activity com.ts.gaya.coship/.MainActivity: pid=13410 uid=10035 gids={3002, 3001, 3004, 3003, 1015}
I/SystemServer(13211): Enabled StrictMode for system server main thread.
I/EthernetStateTracker(13211): received interface reset event
D/NetUtils(13211): android_net_utils_resetConnections in env=0xf5b28 clazz=0xde000001 iface=eth0 mask=0x3
I/EthernetStateTracker(13211): reset device eth0
D/dalvikvm(13349): GC_CONCURRENT freed 114K, 85% free 702K/4547K, paused 1ms+0ms
D/WifiStateMachine(13211): gary test mWifiApState = 13
V/audio_hw_primary(13184): adev_set_parameters: bluetooth_enabled=true
V/audio_hw_primary(13184): out_get_latency ret 10ms
I/EthernetStateTracker(13211): trigger dhcp for device eth0
V/audio_hw_primary(13184): adev_set_parameters: A2dpSuspended=false
W/GpsLocationProvider(13211): Could not open GPS configuration file /etc/gps.conf
W/ThrottleService(13211): unable to find stats for iface rmnet0
I/dalvikvm(13410): Turning on JNI app bug workarounds for target SDK version 8...
I/ActivityManager(13211): Start proc com.google.process.gapps for service com.google.android.location/.NetworkLocationService: pid=13438 uid=10011 gids={3003, 1015, 2001, 1007}
D/dalvikvm(13369): GC_CONCURRENT freed 136K, 84% free 746K/4611K, paused 1ms+0ms
I/dalvikvm(13438): Turning on JNI app bug workarounds for target SDK version 10...
W/GpsLocationProvider(13211): Failed to enable location provider
D/dalvikvm(13295): GC_FOR_ALLOC freed 1414K, 79% free 1390K/6531K, paused 19ms
I/dalvikvm-heap(13295): Grow heap (frag case) to 5.955MB for 1048592-byte allocation
I/ServiceManager(13178): Waiting for service media.audio_flinger...
I/System.out(13410): W/ jvmName: dalvik
I/System.out(13410): W/ osName: linux
D/dalvikvm(13295): GC_CONCURRENT freed 1K, 64% free 2413K/6531K, paused 1ms+1ms
I/System.out(13410): W/ osArch: armv7l
I/System.out(13410): I/ Trying to load Module 'aglSystem' (ra).
I/System.out(13410): I/ Loading Module 'aglSystem' from 'aglSystem_armv6_ra'.
I/StatusBar.HeightReceiver(13295): Resizing status bar plugged=false height=48 old=0
I/ActivityThread(13438): Pub com.google.settings: com.google.android.gsf.settings.GoogleSettingsProvider
I/ActivityThread(13438): Pub com.google.android.gsf.gservices: com.google.android.gsf.gservices.GservicesProvider
I/GservicesProvider(13438): Gservices pushing to system: true; secure: true
I/ActivityThread(13438): Pub subscribedfeeds: com.google.android.gsf.subscribedfeeds.SubscribedFeedsProvider
D/dalvikvm(13438): GC_CONCURRENT freed 143K, 86% free 653K/4483K, paused 1ms+1ms
V/aglSendDebugString(13410): ### LOAD_STATIC_ID(System,system_setProperty,"setProperty",(Ljava/lang/String;Ljava/lang/String;)Ljava/lang/String;)
V/aglSendDebugString(13410): # Loaded JVM class java/lang/System.
V/aglSendDebugString(13410): ### LOAD_STATIC_ID(System,system_getProperty,"getProperty",(Ljava/lang/String;)Ljava/lang/String;)
V/aglSendDebugString(13410): ### LOAD_FUN_ID(NIOByteBuffer,nioByteBuffer_array,"array",()[B)
V/aglSendDebugString(13410): # Loaded JVM class java/nio/ByteBuffer.
V/aglSendDebugString(13410): ### LOAD_FUN_ID(NIOIntBuffer,nioIntBuffer_array,"array",()[I)
V/aglSendDebugString(13410): # Loaded JVM class java/nio/IntBuffer.
V/aglSendDebugString(13410): ### LOAD_FUN_ID(NIOCharBuffer,nioCharBuffer_array,"array",()[C)
V/aglSendDebugString(13410): # Loaded JVM class java/nio/CharBuffer.
V/aglSendDebugString(13410): ### LOAD_FUN_ID(NIODoubleBuffer,nioDoubleBuffer_array,"array",()[D)
V/aglSendDebugString(13410): # Loaded JVM class java/nio/DoubleBuffer.
V/aglSendDebugString(13410): ### LOAD_FUN_ID(NIOFloatBuffer,nioFloatBuffer_array,"array",()[F)
V/aglSendDebugString(13410): # Loaded JVM class java/nio/FloatBuffer.
V/aglSendDebugString(13410): ### LOAD_FUN_ID(NIOLongBuffer,nioLongBuffer_array,"array",()[J)
V/aglSendDebugString(13410): # Loaded JVM class java/nio/LongBuffer.
V/aglSendDebugString(13410): ### LOAD_FUN_ID(NIOShortBuffer,nioShortBuffer_array,"array",()[S)
V/aglSendDebugString(13410): # Loaded JVM class java/nio/ShortBuffer.
V/aglSendDebugString(13410): ### LOAD_STATIC_ID(Loader,putMemberOffsetMethodID,"putMemberOffset",(Ljava/lang/String;Ljava/lang/String;I)V)
V/aglSendDebugString(13410): # Loaded JVM class ni/types/util/Loader.
V/aglSendDebugString(13410): ### LOAD_FUN_ID(Pointer,initMethodID,"init",(JJ)V)
V/aglSendDebugString(13410): # Loaded JVM class ni/types/Pointer.
V/aglSendDebugString(13410): ### LOAD_VAR_ID(Pointer,addressFieldID,"address",J)
V/aglSendDebugString(13410): ### LOAD_VAR_ID(Pointer,positionFieldID,"position",I)
V/aglSendDebugString(13410): ### LOAD_FUN_ID(RefCountedPointer,refCountedConstructorMethodID,"<init>",(JJ)V)
V/aglSendDebugString(13410): # Loaded JVM class ni/types/RefCountedPointer.
V/aglSendDebugString(13410): ### LOAD_VAR_ID(RefCountedPointer,refCountedObjPtrFieldID,"objPtr",J)
V/aglSendDebugString(13410): ### LOAD_STATIC_ID(RefCountedPointer,refCounted_cache,"cache",(JJLjava/lang/Object;)V)
V/aglSendDebugString(13410): ### LOAD_STATIC_ID(RefCountedPointer,refCounted_obtain,"obtain",(JJ)Ljava/lang/Object;)
V/aglSendDebugString(13410): ### LOAD_FUN_ID(Number,Number_byteValue,"byteValue",()B)
V/aglSendDebugString(13410): # Loaded JVM class java/lang/Number.
V/aglSendDebugString(13410): ### LOAD_FUN_ID(Number,Number_shortValue,"shortValue",()S)
V/aglSendDebugString(13410): ### LOAD_FUN_ID(Number,Number_intValue,"intValue",()I)
V/aglSendDebugString(13410): ### LOAD_FUN_ID(Number,Number_longValue,"longValue",()J)
V/aglSendDebugString(13410): ### LOAD_FUN_ID(Number,Number_floatValue,"floatValue",()F)
V/aglSendDebugString(13410): ### LOAD_FUN_ID(Number,Number_doubleValue,"doubleValue",()D)
V/aglSendDebugString(13410): ### LOAD_STATIC_ID(Byte,Byte_static_valueOf,"valueOf",(B)Ljava/lang/Byte;)
V/aglSendDebugString(13410): # Loaded JVM class java/lang/Byte.
V/aglSendDebugString(13410): ### LOAD_STATIC_ID(Short,Short_static_valueOf,"valueOf",(S)Ljava/lang/Short;)
D/dalvikvm(13369): GC_CONCURRENT freed 434K, 84% free 802K/4931K, paused 1ms+1ms
V/aglSendDebugString(13410): # Loaded JVM class java/lang/Short.
V/aglSendDebugString(13410): ### LOAD_STATIC_ID(Integer,Integer_static_valueOf,"valueOf",(I)Ljava/lang/Integer;)
V/aglSendDebugString(13410): # Loaded JVM class java/lang/Integer.
V/aglSendDebugString(13410): ### LOAD_STATIC_ID(Long,Long_static_valueOf,"valueOf",(J)Ljava/lang/Long;)
V/aglSendDebugString(13410): # Loaded JVM class java/lang/Long.
V/aglSendDebugString(13410): ### LOAD_STATIC_ID(Float,Float_static_valueOf,"valueOf",(F)Ljava/lang/Float;)
V/aglSendDebugString(13410): # Loaded JVM class java/lang/Float.
V/aglSendDebugString(13410): ### LOAD_STATIC_ID(Double,Double_static_valueOf,"valueOf",(D)Ljava/lang/Double;)
V/aglSendDebugString(13410): # Loaded JVM class java/lang/Double.
V/aglSendDebugString(13410): ### LOAD_FUN_ID(Boolean,Boolean_booleanValue,"booleanValue",()Z)
V/aglSendDebugString(13410): # Loaded JVM class java/lang/Boolean.
V/aglSendDebugString(13410): ### LOAD_STATIC_ID(Boolean,Boolean_static_valueOf,"valueOf",(Z)Ljava/lang/Boolean;)
V/aglSendDebugString(13410): ### LOAD_VAR_ID(UUID,UUID_DataHi,"dataHi",J)
V/aglSendDebugString(13410): # Loaded JVM class ni/types/UUID.
V/aglSendDebugString(13410): ### LOAD_VAR_ID(UUID,UUID_DataLo,"dataLo",J)
V/aglSendDebugString(13410): ### LOAD_VAR_ID(Vector2l,Vector2l_x,"x",I)
V/aglSendDebugString(13410): # Loaded JVM class ni/types/Vector2l.
V/aglSendDebugString(13410): ### LOAD_VAR_ID(Vector2l,Vector2l_y,"y",I)
V/aglSendDebugString(13410): ### LOAD_VAR_ID(Vector3l,Vector3l_x,"x",I)
V/aglSendDebugString(13410): # Loaded JVM class ni/types/Vector3l.
V/aglSendDebugString(13410): ### LOAD_VAR_ID(Vector3l,Vector3l_y,"y",I)
V/aglSendDebugString(13410): ### LOAD_VAR_ID(Vector3l,Vector3l_z,"z",I)
V/aglSendDebugString(13410): ### LOAD_VAR_ID(Vector4l,Vector4l_x,"x",I)
V/aglSendDebugString(13410): # Loaded JVM class ni/types/Vector4l.
V/aglSendDebugString(13410): ### LOAD_VAR_ID(Vector4l,Vector4l_y,"y",I)
V/aglSendDebugString(13410): ### LOAD_VAR_ID(Vector4l,Vector4l_z,"z",I)
V/aglSendDebugString(13410): ### LOAD_VAR_ID(Vector4l,Vector4l_w,"w",I)
V/aglSendDebugString(13410): ### LOAD_VAR_ID(Vector2f,Vector2f_x,"x",F)
V/aglSendDebugString(13410): # Loaded JVM class ni/types/Vector2f.
V/aglSendDebugString(13410): ### LOAD_VAR_ID(Vector2f,Vector2f_y,"y",F)
V/aglSendDebugString(13410): ### LOAD_VAR_ID(Vector3f,Vector3f_x,"x",F)
V/aglSendDebugString(13410): # Loaded JVM class ni/types/Vector3f.
V/aglSendDebugString(13410): ### LOAD_VAR_ID(Vector3f,Vector3f_y,"y",F)
V/aglSendDebugString(13410): ### LOAD_VAR_ID(Vector3f,Vector3f_z,"z",F)
V/aglSendDebugString(13410): ### LOAD_VAR_ID(Vector4f,Vector4f_x,"x",F)
V/aglSendDebugString(13410): # Loaded JVM class ni/types/Vector4f.
V/aglSendDebugString(13410): ### LOAD_VAR_ID(Vector4f,Vector4f_y,"y",F)
V/aglSendDebugString(13410): ### LOAD_VAR_ID(Vector4f,Vector4f_z,"z",F)
V/aglSendDebugString(13410): ### LOAD_VAR_ID(Vector4f,Vector4f_w,"w",F)
V/aglSendDebugString(13410): ### LOAD_VAR_ID(Matrixf,Matrixf_11,"_11",F)
V/aglSendDebugString(13410): # Loaded JVM class ni/types/Matrixf.
V/aglSendDebugString(13410): ### LOAD_VAR_ID(Matrixf,Matrixf_12,"_12",F)
V/aglSendDebugString(13410): ### LOAD_VAR_ID(Matrixf,Matrixf_13,"_13",F)
V/aglSendDebugString(13410): ### LOAD_VAR_ID(Matrixf,Matrixf_14,"_14",F)
V/aglSendDebugString(13410): ### LOAD_VAR_ID(Matrixf,Matrixf_21,"_21",F)
V/aglSendDebugString(13410): ### LOAD_VAR_ID(Matrixf,Matrixf_22,"_22",F)
V/aglSendDebugString(13410): ### LOAD_VAR_ID(Matrixf,Matrixf_23,"_23",F)
V/aglSendDebugString(13410): ### LOAD_VAR_ID(Matrixf,Matrixf_24,"_24",F)
V/aglSendDebugString(13410): ### LOAD_VAR_ID(Matrixf,Matrixf_31,"_31",F)
V/aglSendDebugString(13410): ### LOAD_VAR_ID(Matrixf,Matrixf_32,"_32",F)
V/aglSendDebugString(13410): ### LOAD_VAR_ID(Matrixf,Matrixf_33,"_33",F)
V/aglSendDebugString(13410): ### LOAD_VAR_ID(Matrixf,Matrixf_34,"_34",F)
V/aglSendDebugString(13410): ### LOAD_VAR_ID(Matrixf,Matrixf_41,"_41",F)
V/aglSendDebugString(13410): ### LOAD_VAR_ID(Matrixf,Matrixf_42,"_42",F)
V/aglSendDebugString(13410): ### LOAD_VAR_ID(Matrixf,Matrixf_43,"_43",F)
V/aglSendDebugString(13410): ### LOAD_VAR_ID(Matrixf,Matrixf_44,"_44",F)
V/aglSendDebugString(13410): ### LOAD_VAR_ID(Color3ub,Color3ub_x,"x",B)
V/aglSendDebugString(13410): # Loaded JVM class ni/types/Color3ub.
V/aglSendDebugString(13410): ### LOAD_VAR_ID(Color3ub,Color3ub_y,"y",B)
V/aglSendDebugString(13410): ### LOAD_VAR_ID(Color3ub,Color3ub_z,"z",B)
V/aglSendDebugString(13410): ### LOAD_VAR_ID(Color4ub,Color4ub_x,"x",B)
V/aglSendDebugString(13410): # Loaded JVM class ni/types/Color4ub.
V/aglSendDebugString(13410): ### LOAD_VAR_ID(Color4ub,Color4ub_y,"y",B)
V/aglSendDebugString(13410): ### LOAD_VAR_ID(Color4ub,Color4ub_z,"z",B)
V/aglSendDebugString(13410): ### LOAD_VAR_ID(Color4ub,Color4ub_w,"w",B)
I/System.out(13410): I/ Trying to load Module 'aglSystem' (ra).
V/aglSendDebugString(13410): 
V/aglSendDebugString(13410): ======================
V/aglSendDebugString(13410):  agl System Startup ! 
V/aglSendDebugString(13410):  Release (UTF8) 
V/aglSendDebugString(13410):  Built on Mar  8 2012
V/aglSendDebugString(13410): ======================
V/aglSendDebugString(13410): = PlatformStartup
V/aglSendDebugString(13410): = MemoryStartup
V/aglSendDebugString(13410): = ConfigStartup
V/aglSendDebugString(13410): = TimerStartup
V/aglSendDebugString(13410): = FileSystemStartup
V/aglSendDebugString(13410): = InitialTime
V/aglSendDebugString(13410): = MessageSystemStartup
V/aglSendDebugString(13410): = ModuleManager
V/aglSendDebugString(13410): = DataTableStartup
V/aglSendDebugString(13410): ...Done...
V/aglSendDebugString(13410): ======================
I/aglSystem.Log(13410): [0.0533] [Info in cSystem::_InitializeLogFromCmdLine]: (modules/aglSystem/src/Log.cpp:93)
I/aglSystem.Log(13410): System Config:
I/aglSystem.Log(13410): - process-cmdline:   com.ts.gaya.coship                                                          
I/aglSystem.Log(13410): - process-num-args:  1
I/aglSystem.Log(13410): - process-param[0]:  com.ts.gaya.coship
I/aglSystem.Log(13410): - args-num-files:  0
I/aglSystem.Log(13410): - cwd:         /
I/aglSystem.Log(13410): - app-name:    com
