D/StrictMode(10157):    at java.io.BufferedReader.readLine(BufferedReader.java:354)
D/StrictMode(10157):    at com.coship.netfirmware.NetFirmwareService.getUpdateInfo(NetFirmwareService.java:1531)
D/StrictMode(10157):    at com.coship.netfirmware.NetFirmwareService.downFileFormService(NetFirmwareService.java:1512)
D/StrictMode(10157):    at com.coship.netfirmware.NetFirmwareService.access$4800(NetFirmwareService.java:69)
D/StrictMode(10157):    at com.coship.netfirmware.NetFirmwareService$6.run(NetFirmwareService.java:1147)
D/StrictMode(10157): StrictMode policy violation: android.os.StrictMode$StrictModeDiskReadViolation: policy=23 violation=2
D/StrictMode(10157):    at android.os.StrictMode$AndroidBlockGuardPolicy.onReadFromDisk(StrictMode.java:1089)
D/StrictMode(10157):    at libcore.io.BlockGuardOs.read(BlockGuardOs.java:148)
D/StrictMode(10157):    at libcore.io.IoBridge.read(IoBridge.java:422)
D/StrictMode(10157):    at java.io.FileInputStream.read(FileInputStream.java:179)
D/StrictMode(10157):    at java.io.InputStreamReader.read(InputStreamReader.java:244)
D/StrictMode(10157):    at java.io.BufferedReader.fillBuf(BufferedReader.java:130)
D/StrictMode(10157):    at java.io.BufferedReader.readLine(BufferedReader.java:390)
D/StrictMode(10157):    at com.coship.netfirmware.NetFirmwareService.getUpdateInfo(NetFirmwareService.java:1551)
D/StrictMode(10157):    at com.coship.netfirmware.NetFirmwareService.downFileFormService(NetFirmwareService.java:1512)
D/StrictMode(10157):    at com.coship.netfirmware.NetFirmwareService.access$4800(NetFirmwareService.java:69)
D/StrictMode(10157):    at com.coship.netfirmware.NetFirmwareService$6.run(NetFirmwareService.java:1147)
D/StrictMode(10157): StrictMode policy violation: android.os.StrictMode$StrictModeDiskReadViolation: policy=23 violation=2
D/StrictMode(10157):    at android.os.StrictMode$AndroidBlockGuardPolicy.onReadFromDisk(StrictMode.java:1089)
D/StrictMode(10157):    at libcore.io.BlockGuardOs.read(BlockGuardOs.java:148)
D/StrictMode(10157):    at libcore.io.IoBridge.read(IoBridge.java:422)
D/StrictMode(10157):    at java.io.FileInputStream.read(FileInputStream.java:179)
D/StrictMode(10157):    at java.io.InputStreamReader.read(InputStreamReader.java:244)
D/StrictMode(10157):    at java.io.BufferedReader.fillBuf(BufferedReader.java:130)
D/StrictMode(10157):    at java.io.BufferedReader.readLine(BufferedReader.java:354)
D/StrictMode(10157):    at com.coship.netfirmware.NetFirmwareService.getUpdateInfo(NetFirmwareService.java:1535)
D/StrictMode(10157):    at com.coship.netfirmware.NetFirmwareService.downFileFormService(NetFirmwareService.java:1512)
D/StrictMode(10157):    at com.coship.netfirmware.NetFirmwareService.access$4800(NetFirmwareService.java:69)
D/StrictMode(10157):    at com.coship.netfirmware.NetFirmwareService$6.run(NetFirmwareService.java:1147)
I/NetFirmwareService(10157): packageSize--->203078416
I/NetFirmwareService(10157): MD5--->9fdbef1aaa66251c79dc139abb837520
V/NetFirmwareService(10157): MSG_LOAD_DAT_STATUS_mNetUpdate--->true
D/NetFirmwareService(10157): Network Connection Success!
D/NetFirmwareService(10157): Upgrade File Load Success!
D/dalvikvm(10157): GC_CONCURRENT freed 1905K, 79% free 2294K/10755K, paused 2ms+4ms
D/NetFirmwareService(10157): serverURL = www.stp_firmware.coship.com
D/NetFirmwareService(10157): CheckUpgradeTimer mCheckTime = 5
D/NetFirmwareService(10157): startTimer
D/NetFirmwareService(10157): removeTimer
D/dalvikvm(10515): GC_CONCURRENT freed 1945K, 47% free 7258K/13635K, paused 2ms+4ms
D/MonitorCw880(11057): currentRemoteHost is null ,continue
D/dalvikvm(10515): GC_CONCURRENT freed 1949K, 47% free 7260K/13635K, paused 2ms+3ms
D/NetFirmwareService(10157): MSG_CREATE_CHECK_THREAD
D/NetFirmwareService(10157): MSG_CHECK_UPGRADE
D/NetFirmwareService(10157): Download URL = http://update.feifeikan.com/Fbox/002102/versioncode.dat
D/NetFirmwareService(10157): Save file in path = /data/data/com.coship.netfirmware/versionCode.dat
D/NetFirmwareService(10157): Set download thread number = 2
D/DownloadTask(10157): server accept range
D/dalvikvm(10157): GC_CONCURRENT freed 432K, 77% free 2480K/10755K, paused 2ms+4ms
D/dalvikvm(10157): GC_FOR_ALLOC freed 125K, 74% free 2867K/10755K, paused 28ms
D/NetFirmwareService(10157): ret--->true
D/NetFirmwareService(10157): DownloadConstants.TASK_STATUS_RUNNING
D/NetFirmwareService(10157): MSG_VER_CODE_STATUS_CHANGE
D/NetFirmwareService(10157): MSG_VER_CODE_STATUS_CHANGE
D/DownloadXpress(10157): filePart1 final status: 491
D/DownloadXpress(10157): filePart0 final status: 491
D/dalvikvm(10157): GC_CONCURRENT freed 230K, 69% free 3354K/10755K, paused 3ms+6ms
D/dalvikvm(10515): GC_CONCURRENT freed 1957K, 47% free 7343K/13635K, paused 3ms+3ms
W/DownloadTask(10157): There has a file named /data/data/com.coship.netfirmware/versionCode.dat already
D/NetFirmwareService(10157): DownloadConstants.TASK_STATUS_COMPLETED
D/NetFirmwareService(10157): MSG_VER_CODE_STATUS_CHANGE
D/NetFirmwareService(10157): MSG_CHECK_VERSION_CODE
D/NetFirmwareService(10157): checkVersionCode
D/NetFirmwareService(10157): analysisVersionCodeData
I/NetFirmwareService(10157): mVersionCodeFile--->49
D/NetFirmwareService(10157): verCode = 211311
D/NetFirmwareService(10157): Description URL = null
D/NetFirmwareService(10157): MSG_GET_DESCRIPTION
D/NetFirmwareService(10157): Download URL = http://update.feifeikan.com/Fbox/002102/description_211311.dat
D/NetFirmwareService(10157): Save file in path = /data/data/com.coship.netfirmware/description.dat
D/NetFirmwareService(10157): Set download thread number = 2
D/DownloadTask(10157): server accept range
D/dalvikvm(10157): GC_FOR_ALLOC freed 647K, 69% free 3385K/10755K, paused 25ms
D/dalvikvm(10157): GC_FOR_ALLOC freed 56K, 64% free 3874K/10755K, paused 23ms
D/NetFirmwareService(10157): MSG_CHECK_UPGRADE
D/NetFirmwareService(10157): Download URL = http://update.feifeikan.com/Fbox/002102/versioncode.dat
D/NetFirmwareService(10157): Save file in path = /data/data/com.coship.netfirmware/versionCode.dat
D/NetFirmwareService(10157): Set download thread number = 2
D/DownloadXpress(10157): filePart0 final status: 491
D/DownloadXpress(10157): filePart1 final status: 491
D/dalvikvm(10157): GC_CONCURRENT freed 481K, 59% free 4469K/10755K, paused 3ms+4ms
D/DownloadTask(10157): server accept range
D/NetFirmwareService(10157): DownloadConstants.TASK_STATUS_RUNNING
D/NetFirmwareService(10157): ret--->true
D/NetFirmwareService(10157): MSG_DESCRIPT_STATUS_CHANGE
D/NetFirmwareService(10157): MSG_DESCRIPT_STATUS_CHANGE
D/dalvikvm(10515): GC_CONCURRENT freed 2041K, 47% free 7344K/13635K, paused 3ms+4ms
D/dalvikvm(10157): GC_CONCURRENT freed 244K, 50% free 5451K/10755K, paused 3ms+4ms
D/NetFirmwareService(10157): MSG_VER_CODE_STATUS_CHANGE
D/NetFirmwareService(10157): MSG_VER_CODE_STATUS_CHANGE
D/DownloadXpress(10157): filePart0 final status: 491
D/DownloadXpress(10157): filePart1 final status: 491
W/DownloadTask(10157): There has a file named /data/data/com.coship.netfirmware/description.dat already
D/NetFirmwareService(10157): DownloadConstants.TASK_STATUS_COMPLETED
D/NetFirmwareService(10157): MSG_DESCRIPT_STATUS_CHANGE
D/NetFirmwareService(10157): MSG_CHECK_DESCRIPTION
D/DescriptionInfo(10157): version=p7373.i13111_2013-03-18
D/DescriptionInfo(10157): versionCode=211311
D/DescriptionInfo(10157): compatibleDevice=002102
D/DescriptionInfo(10157): sn=
D/DescriptionInfo(10157): mac=
D/DescriptionInfo(10157): updateType=notify
D/DescriptionInfo(10157): speed=0
D/DescriptionInfo(10157): checkTime=0
D/DescriptionInfo(10157): packageSize=203078416
D/DescriptionInfo(10157): md5=9fdbef1aaa66251c79dc139abb837520
D/DescriptionInfo(10157): packageUrl=
D/DescriptionInfo(10157): version code = 211311
D/DescriptionInfo(10157): machine id = 0
D/DescriptionInfo(10157): hardware id = 0
D/DescriptionInfo(10157): update package size = 203078416
D/NetFirmwareService(10157): The description info is valid
D/NetFirmwareService(10157): The description version code = 211311
D/NetFirmwareService(10157): The description machine ID = 0
D/NetFirmwareService(10157): The description hardware ID = 0
V/NetFirmwareService(10157): .datNum != PcNum
W/DownloadTask(10157): There has a file named /data/data/com.coship.netfirmware/versionCode.dat already
D/NetFirmwareService(10157): DownloadConstants.TASK_STATUS_COMPLETED
D/NetFirmwareService(10157): MSG_VER_CODE_STATUS_CHANGE
D/NetFirmwareService(10157): MSG_CHECK_VERSION_CODE
D/NetFirmwareService(10157): checkVersionCode
D/NetFirmwareService(10157): analysisVersionCodeData
I/NetFirmwareService(10157): mVersionCodeFile--->49
D/NetFirmwareService(10157): verCode = 211311
D/NetFirmwareService(10157): Description URL = null
D/NetFirmwareService(10157): MSG_GET_DESCRIPTION
D/NetFirmwareService(10157): Download URL = http://update.feifeikan.com/Fbox/002102/description_211311.dat
D/NetFirmwareService(10157): Save file in path = /data/data/com.coship.netfirmware/description.dat
D/NetFirmwareService(10157): Set download thread number = 2
D/DownloadTask(10157): server accept range
D/dalvikvm(10157): GC_FOR_ALLOC freed 2168K, 59% free 4417K/10755K, paused 26ms
D/NetFirmwareService(10157): MSG_DESCRIPT_STATUS_CHANGE
D/NetFirmwareService(10157): MSG_DESCRIPT_STATUS_CHANGE
D/dalvikvm(10157): GC_CONCURRENT freed 225K, 50% free 5402K/10755K, paused 2ms+3ms
D/DownloadXpress(10157): filePart1 final status: 491
D/DownloadXpress(10157): filePart0 final status: 491
W/DownloadTask(10157): There has a file named /data/data/com.coship.netfirmware/description.dat already
D/NetFirmwareService(10157): DownloadConstants.TASK_STATUS_COMPLETED
D/NetFirmwareService(10157): MSG_DESCRIPT_STATUS_CHANGE
D/NetFirmwareService(10157): MSG_CHECK_DESCRIPTION
D/DescriptionInfo(10157): version=p7373.i13111_2013-03-18
D/DescriptionInfo(10157): versionCode=211311
D/DescriptionInfo(10157): compatibleDevice=002102
D/DescriptionInfo(10157): sn=
D/DescriptionInfo(10157): mac=
D/DescriptionInfo(10157): updateType=notify
D/DescriptionInfo(10157): speed=0
D/DescriptionInfo(10157): checkTime=0
D/DescriptionInfo(10157): packageSize=203078416
D/DescriptionInfo(10157): md5=9fdbef1aaa66251c79dc139abb837520
D/DescriptionInfo(10157): packageUrl=
D/DescriptionInfo(10157): version code = 211311
D/DescriptionInfo(10157): machine id = 0
D/DescriptionInfo(10157): hardware id = 0
D/DescriptionInfo(10157): update package size = 203078416
D/NetFirmwareService(10157): The description info is valid
D/NetFirmwareService(10157): The description version code = 211311
D/NetFirmwareService(10157): The description machine ID = 0
D/NetFirmwareService(10157): The description hardware ID = 0
V/NetFirmwareService(10157): .datNum != PcNum
D/MonitorCw880(11057): currentRemoteHost is null ,continue
D/dalvikvm(10515): GC_CONCURRENT freed 2045K, 47% free 7258K/13635K, paused 2ms+3ms
D/HomePlayerLib(10515): hostaddress count is 2
D/dalvikvm(10515): GC_CONCURRENT freed 1949K, 47% free 7245K/13635K, paused 2ms+3ms
D/dalvikvm(10515): GC_CONCURRENT freed 1940K, 47% free 7259K/13635K, paused 2ms+3ms
D/dalvikvm(10515): GC_CONCURRENT freed 1939K, 47% free 7250K/13635K, paused 2ms+3ms
D/dalvikvm(10515): GC_CONCURRENT freed 1947K, 47% free 7235K/13635K, paused 3ms+3ms
D/MonitorCw880(11057): currentRemoteHost is null ,continue
D/dalvikvm(10515): GC_CONCURRENT freed 1932K, 47% free 7262K/13635K, paused 3ms+3ms
D/CheckNetWork(10501): isOk true
D/CheckNetWork(10501): ActInfoNetworkInfo: type: ETH[], state: CONNECTED/CONNECTED, reason: (unspecified), extra: (none), roaming: false, failover: false, isAvailable: true
D/CheckNetWork(10501): infoNetworkInfo: type: ETH[], state: CONNECTED/CONNECTED, reason: (unspecified), extra: (none), roaming: false, failover: false, isAvailable: true
D/dalvikvm(10515): GC_CONCURRENT freed 1952K, 47% free 7233K/13635K, paused 2ms+3ms
D/MonitorCw880(11057): currentRemoteHost is null ,continue
D/HomePlayerLib(10515): hostaddress count is 2
D/dalvikvm(10515): GC_CONCURRENT freed 1942K, 48% free 7214K/13635K, paused 2ms+2ms
D/dalvikvm(10515): GC_CONCURRENT freed 1892K, 46% free 7369K/13635K, paused 2ms+3ms
D/dalvikvm(10515): GC_CONCURRENT freed 2043K, 47% free 7271K/13635K, paused 2ms+3ms
D/dalvikvm(10515): GC_CONCURRENT freed 1966K, 47% free 7258K/13635K, paused 2ms+3ms
D/MonitorCw880(11057): currentRemoteHost is null ,continue
D/dalvikvm(10515): GC_CONCURRENT freed 1953K, 47% free 7260K/13635K, paused 2ms+4ms
D/dalvikvm(10515): GC_CONCURRENT freed 1941K, 47% free 7258K/13635K, paused 2ms+3ms
D/dalvikvm(10515): GC_CONCURRENT freed 1946K, 47% free 7260K/13635K, paused 2ms+4ms
D/dalvikvm(10515): GC_CONCURRENT freed 1958K, 47% free 7260K/13635K, paused 2ms+3ms
D/MonitorCw880(11057): currentRemoteHost is null ,continue
D/dalvikvm(10515): GC_CONCURRENT freed 2028K, 47% free 7260K/13635K, paused 2ms+3ms
D/HomePlayerLib(10515): hostaddress count is 2
D/dalvikvm(10515): GC_CONCURRENT freed 1958K, 47% free 7346K/13635K, paused 2ms+3ms
D/dalvikvm(10515): GC_CONCURRENT freed 2035K, 47% free 7261K/13635K, paused 4ms+3ms
D/dalvikvm(10515): GC_CONCURRENT freed 1939K, 47% free 7257K/13635K, paused 2ms+3ms
D/MonitorCw880(11057): currentRemoteHost is null ,continue
D/dalvikvm(10515): GC_CONCURRENT freed 1950K, 47% free 7246K/13635K, paused 2ms+3ms
D/dalvikvm(10515): GC_CONCURRENT freed 1932K, 47% free 7243K/13635K, paused 2ms+3ms
D/dalvikvm(10515): GC_CONCURRENT freed 1937K, 47% free 7259K/13635K, paused 2ms+3ms
D/MonitorCw880(11057): currentRemoteHost is null ,continue
I/CheckinService(10247): Preparing to send checkin request
I/EventLogService(10247): Accumulating logs since 1364606518581
D/dalvikvm(10247): GC_CONCURRENT freed 628K, 63% free 2666K/7171K, paused 3ms+3ms
W/CheckinRequestBuilder(10247): Unknown phone type: 0 id=null
I/CheckinTask(10247): Sending checkin request (1056 bytes)
E/CheckinTask(10247): Checkin failed: https://android.clients.google.com/checkin (request #0)
E/CheckinTask(10247): java.io.IOException: Rejected response from server: HTTP/1.1 400 invalid hardware identifier: "000000000000" is not a valid MAC address (expect 12 hex digits)
E/CheckinTask(10247):   at com.google.android.gsf.checkin.CheckinTask.parseResponse(CheckinTask.java:313)
E/CheckinTask(10247):   at com.google.android.gsf.checkin.CheckinTask.sendRequest(CheckinTask.java:261)
E/CheckinTask(10247):   at com.google.android.gsf.checkin.CheckinTask.doInBackground(CheckinTask.java:150)
E/CheckinTask(10247):   at com.google.android.gsf.checkin.CheckinService$1.doInBackground(CheckinService.java:221)
E/CheckinTask(10247):   at com.google.android.gsf.checkin.CheckinService$1.doInBackground(CheckinService.java:214)
E/CheckinTask(10247):   at android.os.AsyncTask$2.call(AsyncTask.java:264)
E/CheckinTask(10247):   at java.util.concurrent.FutureTask$Sync.innerRun(FutureTask.java:305)
E/CheckinTask(10247):   at java.util.concurrent.FutureTask.run(FutureTask.java:137)
E/CheckinTask(10247):   at java.util.concurrent.ThreadPoolExecutor.runWorker(ThreadPoolExecutor.java:1076)
E/CheckinTask(10247):   at java.util.concurrent.ThreadPoolExecutor$Worker.run(ThreadPoolExecutor.java:569)
E/CheckinTask(10247):   at java.lang.Thread.run(Thread.java:856)
D/HomePlayerLib(10515): hostaddress count is 2
D/dalvikvm(10515): GC_CONCURRENT freed 1963K, 47% free 7252K/13635K, paused 2ms+3ms
D/selena.android.view.AndroidAppWindow(10185): [KBD] inputKey : 22, isDown: true
W/selena.android.view.AndroidAppWindow(10185):     at selena.android.view.AndroidAppWindow.inputKey(AndroidAppWindow.java:136)
D/dalvikvm(10515): GC_CONCURRENT freed 1949K, 46% free 7400K/13635K, paused 3ms+4ms
D/MonitorCw880(11057): currentRemoteHost is null ,continue
D/dalvikvm(10185): GREF has increased to 201
D/selena.android.app.SelenaActivity(10185): [KBD] dispatchKeyEvent: KeyEvent { action=ACTION_DOWN, keyCode=KEYCODE_DPAD_RIGHT, scanCode=106, metaState=0, flags=0x8, repeatCount=0, eventTime=58805388, downTime=58805388, deviceId=6, source=0x101 }
W/selena.android.app.SelenaActivity(10185):     at selena.android.app.SelenaActivity.dispatchKeyEvent(SelenaActivity.java:179)
D/selena.android.app.SelenaActivity(10185): [KBD] onKeyDown: 22, KeyEvent { action=ACTION_DOWN, keyCode=KEYCODE_DPAD_RIGHT, scanCode=106, metaState=0, flags=0x8, repeatCount=0, eventTime=58805388, downTime=58805388, deviceId=6, source=0x101 }
W/selena.android.app.SelenaActivity(10185):     at selena.android.app.SelenaActivity.onKeyDown(SelenaActivity.java:167)
E/WindowManager( 9910): ##############################dispatchUnhandledKey
I/TvServiceServer( 9910): TvMsgHandler handler msg:257
I/TvServiceServer( 9910): -----------------ready start mstar tv service.
I/dalvikvm( 9910): Rejecting re-init on previously-failed class Lcom/tvos/common/TvManager; v=0x0
W/dalvikvm( 9910): threadid=68: thread exiting with uncaught exception (group=0x40fa81f8)
E/AndroidRuntime( 9910): *** FATAL EXCEPTION IN SYSTEM PROCESS: StrLooperThread
E/AndroidRuntime( 9910): java.lang.NoClassDefFoundError: com/tvos/common/TvManager
E/AndroidRuntime( 9910):        at com.mstar.tv.service.MstarTvServiceServerImpl.<init>(MstarTvServiceServerImpl.java:64)
E/AndroidRuntime( 9910):        at com.mstar.tv.service.TvServiceServer$1.run(TvServiceServer.java:152)
E/AndroidRuntime( 9910):        at java.lang.Thread.run(Thread.java:856)
D/selena.android.view.AndroidAppWindow(10185): [KBD] inputKey : 22, isDown: false
W/selena.android.view.AndroidAppWindow(10185):     at selena.android.view.AndroidAppWindow.inputKey(AndroidAppWindow.java:136)
I/Process ( 9910): Sending signal. PID: 9910 SIG: 9
D/selena.android.app.SelenaActivity(10185): [KBD] dispatchKeyEvent: KeyEvent { action=ACTION_UP, keyCode=KEYCODE_DPAD_RIGHT, scanCode=106, metaState=0, flags=0x8, repeatCount=0, eventTime=58805548, downTime=58805388, deviceId=6, source=0x101 }
W/selena.android.app.SelenaActivity(10185):     at selena.android.app.SelenaActivity.dispatchKeyEvent(SelenaActivity.java:179)
D/selena.android.app.SelenaActivity(10185): [KBD] onKeyUp: 22, KeyEvent { action=ACTION_UP, keyCode=KEYCODE_DPAD_RIGHT, scanCode=106, metaState=0, flags=0x8, repeatCount=0, eventTime=58805548, downTime=58805388, deviceId=6, source=0x101 }
W/selena.android.app.SelenaActivity(10185):     at selena.android.app.SelenaActivity.onKeyUp(SelenaActivity.java:173)
W/Sensors (10185): sensorservice died [0x1694f8]
I/ActivityThread(10501): [58805.931551] alarm_release: clear alarm, pending 0
Removing dead co[58805.936730] alarm_release: clear alarm, pending 0
ntent provider: [58805.942880] alarm_release: clear alarm, pending 0
settings
I/Acti[58805.949063] alarm_release: clear alarm, pending 0
vityThread(10470): Removing dead content provider: settings
I/ActivityThread(10144): Removing dead content provider: settings
I/ActivityThread(10040): Removing dead content provider: settings
I/ActivityThread(10247): Removing dead content provider: settings
D/dalvikvm(10157): GREF has decreased to 111
I/ActivityThread(10094): Removing dead content provider: settings
E/SurfaceTexture( 1049): [SurfaceView] dequeueBuffer: SurfaceTexture has been abandoned!
E/MaliEGL (10185): void __egl_platform_dequeue_buffer(egl_surface*):1131 [EGL-ERROR] failed to dequeue buffer from native window (0x22b750); err = -19, buf = 0x0
E/SurfaceTexture( 1049): [SurfaceView] dequeueBuffer: SurfaceTexture has been abandoned!
E/MaliEGL (10185): void __egl_platform_dequeue_buffer(egl_surface*):1131 [EGL-ERROR] failed to dequeue buffer from native window (0x22b750); err = -19, buf = 0x0
I/ServiceManager(  732): service 'package' died
I/ServiceManager(  732): service 'vibrator' died
I/ServiceManager(  732): service 'pppoe' died
I/ServiceManager(  732): service 'batteryinfo' died
I/ServiceManager(  732): service 'content' died
I/ServiceManager(  732): service 'sensorservice' died
I/ServiceManager(  732): service 'entropy' died
I/ServiceManager(  732): service 'usagestats' died
I/ServiceManager(  732): service 'power' died
I/ServiceManager(  732): service 'telephony.registry' died
I/ServiceManager(  732): service 'activity' died
I/ServiceManager(  732): service 'meminfo' died
I/ServiceManager(  732): service 'gfxinfo' died
I/ServiceManager(  732): service 'cpuinfo' died
I/ServiceManager(  732): service 'permission' died
I/ServiceManager(  732): service 'battery' died
I/ServiceManager(  732): service 'tv_services' died
I/ServiceManager(  732): service 'device_policy' died
I/ServiceManager(  732): service 'window' died
I/ServiceManager(  732): service 'alarm' died
I/ServiceManager(  732): service 'account' died
I/ServiceManager(  732): service 'hardware' died
I/ServiceManager(  732): service 'netstats' died
I/ServiceManager(  732): service 'netpolicy' died
I/ServiceManager(  732): service 'network_management' died
I/ServiceManager(  732): service 'bluetooth' died
I/ServiceManager(  732): service 'bluetooth_a2dp' died
I/ServiceManager(  732): service 'clipboard' died
I/ServiceManager(  732): service 'statusbar' died
I/ServiceManager(  732): service 'samplingprofiler' died
I/ServiceManager(  732): service 'diskstats' died
I/ServiceManager(  732): service 'appwidget' died
I/ServiceManager(  732): service 'backup' died
I/ServiceManager(  732): service 'accessibility' died
I/ServiceManager(  732): service 'input_method' died
I/ServiceManager(  732): service 'textservices' died
I/ServiceManager(  732): service 'wifip2p' died
I/ServiceManager(  732): service 'wifi' died
I/ServiceManager(  732): service 'usb' died
I/ServiceManager(  732): service 'ethernet' died
I/ServiceManager(  732): service 'throttle' died
I/ServiceManager(  732): service 'connectivity' died
I/ServiceManager(  732): service 'dropbox' died
I/ServiceManager(  732): service 'wallpaper' died
I/ServiceManager(  732): service 'location' died
I/ServiceManager(  732): service 'country_detector' died
I/ServiceManager(  732): service 'search' died
I/ServiceManager(  732): service 'mount' died
I/ServiceManager(  732): service 'notification' died
I/ServiceManager(  732): service 'devicestoragemonitor' died
I/ServiceManager(  732): service 'uimode' died
I/ServiceManager(  732): service 'sip' died
E/SurfaceTexture( 1049): [SurfaceView] dequeueBuffer: SurfaceTexture has been abandoned!
E/MaliEGL (10185): void __egl_platform_dequeue_buffer(egl_surface*):1131 [EGL-ERROR] failed to dequeue buffer from native window (0x22b750); err = -19, buf = 0x0
E/SurfaceTexture( 1049): [SurfaceView] dequeueBuffer: SurfaceTexture has been abandoned!
E/MaliEGL (10185): void __egl_platform_dequeue_buffer(egl_surface*):1131 [EGL-ERROR] failed to dequeue buffer from native window (0x22b750); err = -19, buf = 0x0
E/MaliEGL (10185): void __egl_platform_dequeue_buffer(egl_surface*):1131 [EGL-ERROR] failed to dequeue buffer from [58806.315778] request_suspend_state: wakeup (0->0) at 58806312763598 (2013-03-30 01:34:56.395695741 UTC)
native window (0x22b750); err = -19, buf = 0x0
E/SurfaceTexture( 1049): [SurfaceView] dequeueBuffer: SurfaceTexture has been abandoned!
E/MaliEGL (10185): void __egl_platform_dequeue_buffer(egl_surface*):1131 [EGL-ERROR] failed to dequeue buffer from native window (0x22b750); err = -19, buf = 0x0
E/SurfaceTexture( 1049): [SurfaceView] dequeueBuffer: SurfaceTexture has been abandoned!
E/MaliEGL (10185): void __egl_platform_dequeue_buffer(egl_surface*):1131 [EGL-ERROR] failed to dequeue buffer from native window (0x22b750); err = -19, buf = 0x0
E/SurfaceTexture( 1049): [SurfaceView] dequeueBuffer: SurfaceTexture has been abandoned!
E/MaliEGL (10185): void __egl_platform_dequeue_buffer(egl_surface*):1131 [EGL-ERROR] failed to dequeue buffer from native window (0x22b750); err = -19, buf = 0x0
E/SurfaceTexture( 1049): [SurfaceView] de[58806.409346] init: untracked pid 9881 exited
queueBuffer: SurfaceTexture has [58806.416605] init: untracked pid 10040 exited
[58806.421468] init: untracked pid 10094 exited

E/MaliEGL (1018[58806.427097] init: untracked pid 10144 exited
5): void __egl_p[58806.432935] init: untracked pid 10157 exited
latform_dequeue_[58806.439113] init: untracked pid 10172 exited
buffer(egl_surfa[58806.444212] init: untracked pid 10247 exited
ce*):1131 [EGL-E[58806.449756] init: untracked pid 10260 exited
RROR] failed to [58806.455692] init: untracked pid 10303 exited
dequeue buffer f[58806.461036] init: untracked pid 10322 exited
rom native windo[58806.466706] init: untracked pid 10364 exited
w (0x22b750); er[58806.472386] init: untracked pid 10391 exited
r = -19, buf = 0[58806.478045] init: untracked pid 10402 exited
x0
E/SurfaceTex[58806.484204] init: untracked pid 10454 exited
ture( 1049): [Su[58806.489375] init: untracked pid 10470 exited
rfaceView] deque[58806.495076] init: untracked pid 10501 exited
ueBuffer: Surfac[58806.500723] init: untracked pid 10515 exited
eTexture has bee[58806.506380] init: untracked pid 10529 exited
n abandoned!
E/MaliEGL (10185): void __egl_platform_dequeue_buffer(egl_surface*[58806.516298] init: untracked pid 10559 exited
[58806.516407] init: untracked pid 10629 exited
[58806.516491] init: untracked pid 10659 exited
[58806.516580] init: untracked pid 11044 exited
[58806.516693] init: untracked pid 11057 exited
[58806.516783] init: untracked pid 9994 exited
[58806.516858] init: untracked pid 10211 exited
):1131 [EGL-ERRO[58806.532697] [0014701629][MAD_ALSA][000680]     <6>Free PCM HW resource
[58806.532710] [0014701629][MAD_ALSA][000596]     <6>Close 'subdevice #0'(0) of MStar ALSA playback device
R] failed to dequeue buffer from native window ([58806.569096] [0014701642][MAD_ALSA][000417]     <6>Close software timer.
[58806.578829] [0014701644][MAD_ALSA][000415]     <6>Exit MStar PCM playback engine

E/SurfaceTexture( 1049): [SurfaceView] dequeueB[58806.589748] init: untracked pid 9880 exited
uffer: SurfaceTexture has been abandoned!
E/MaliEGL (10185): void __egl_platform_dequeue_buffer(egl_surface*):1131 [EGL-ERROR] failed to dequeue buffer from native window (0x22b750); err = -19, buf = 0x0
E/SurfaceTexture( 1049): [SurfaceView] dequeueBuffer: SurfaceTexture has been abandoned!
E/MaliEGL (10185): void __egl_platform_dequeue_buffer(egl_surface*):1131 [EGL-ERROR] failed to dequeue buffer from native window (0x22b750); err = -19, buf = 0x0
E/SurfaceTexture( 1049): [SurfaceView] dequeueBuffer: SurfaceTexture has been abandoned!
E/MaliEGL (10185): void __egl_platform_dequeue_buffer(egl_surface*):1131 [EGL-ERROR] failed to dequeue buffer from native window (0x22b750); err = -19, buf = 0x0
E/SurfaceTexture( 1049): [SurfaceView] dequeueBuffer: Su[58806.661035] init: untracked pid 10185 exited
rfaceTexture has been abandoned!
E/MaliEGL (10185): void __egl_platform_dequeue_buffer(egl_surface*):1131 [EGL-ERROR] failed to dequeue buffer from native window (0x22b750); err = -19, buf = 0x0
E/SurfaceTexture( 1049): [SurfaceView] dequeueBuffer: SurfaceTexture has been abandoned!
E/MaliEGL (10185): void __egl_platform_dequeue_buffer(egl_surface*):1131 [EGL-ERROR] failed to dequeue buffer from native window (0x22b750); err = -19, buf = 0x0
E/SurfaceTexture( 1049): [SurfaceView] dequeueBuffer: SurfaceTexture has been abandoned!
E/MaliEGL (10185): void __egl_platform_dequeue_buffer(egl_surface*):1131 [EGL-ERROR] failed to dequeue buffer from native window (0x22b750); err = -19, buf = 0x0
E/SurfaceTexture( 1049): [SurfaceView] dequeueBuffer: SurfaceTexture has been abandoned!
E/MaliEGL (10185): void __egl_platform_dequeue_buffer(egl_surface*):1131 [EGL-ERROR] failed to dequeue buffer from native window (0x22b750); err = -19, buf = 0x0
E/SurfaceTexture( 1049): [SurfaceView] dequeueBuffer: SurfaceTexture has been abandoned!
E/MaliEGL (10185): void __egl_platform_dequeue_buffer(egl_surface*):1131 [EGL-ERROR] failed to dequeue buffer from native window (0x22b750); err = -19, buf = 0x0
E/SurfaceTexture( 1049): [SurfaceView] dequeueBuffer: SurfaceTexture has been abandoned!
E/MaliEGL (10185): void __egl_platform_dequeue_buffer(egl_surface*):1131 [EGL-ERROR] failed to dequeue buffer from native window (0x22b750); err = -19, buf = 0x0
E/SurfaceTexture( 1049): [SurfaceView] dequeueBuffer: SurfaceTexture has been abandoned!
E/MaliEGL (10185): void __egl_platform_dequeue_buffer(egl_surface*):1131 [EGL-ERROR] failed to dequeue buffer from native window (0x22b750); err = -19, buf = 0x0
E/SurfaceTexture( 1049): [SurfaceView] dequeueBuffer: SurfaceTexture has been abandoned!
E/MaliEGL (10185): void __egl_platform_dequeue_buffer(egl_surface*):1131 [EGL-ERROR] failed to dequeue buffer from native window (0x22b750); err = -19, buf = 0x0
E/SurfaceTexture( 1049): [SurfaceView] dequeueBuffer: SurfaceTexture has been abandoned!
E/MaliEGL (10185): void __egl_platform_dequeue_buffer(egl_surface*):1131 [EGL-ERROR] failed to dequeue buffer from native window (0x22b750); err = -19, buf = 0x0
E/SurfaceTexture( 1049): [SurfaceView] dequeueBuffer: SurfaceTexture has been abandoned!
E/MaliEGL (10185): void __egl_platform_dequeue_buffer(egl_surface*):1131 [EGL-ERROR] failed to dequeue buffer from native window (0x22b750); err = -19, buf = 0x0
E/SurfaceTexture( 1049): [SurfaceView] dequeueBuffer: SurfaceTexture has been abandoned!
E/MaliEGL (10185): void __egl_platform_dequeue_buffer(egl_surface*):1131 [EGL-ERROR] failed to dequeue buffer from native window (0x22b750); err = -19, buf = 0x0
E/SurfaceTexture( 1049): [SurfaceView] dequeueBuffer: SurfaceTexture has been abandoned!
E/MaliEGL (10185): void __egl_platform_dequeue_buffer(egl_surface*):1131 [EGL-ERROR] failed to dequeue buffer from native window (0x22b750); err = -19, buf = 0x0
E/SurfaceTexture( 1049): [SurfaceView] dequeueBuffer: SurfaceTexture has been abandoned!
E/MaliEGL (10185): void __egl_platform_dequeue_buffer(egl_surface*):1131 [EGL-ERROR] failed to dequeue buffer from native window (0x22b750); err = -19, buf = 0x0
E/SurfaceTexture( 1049): [SurfaceView] dequeueBuffer: SurfaceTexture has been abandoned!
E/MaliEGL (10185): void __egl_platform_dequeue_buffer(egl_surface*):1131 [EGL-ERROR] failed to dequeue buffer from native window (0x22b750); err = -19, buf = 0x0
E/SurfaceTexture( 1049): [SurfaceView] dequeueBuffer: SurfaceTexture has been abandoned!
E/MaliEGL (10185): void __egl_platform_dequeue_buffer(egl_surface*):1131 [EGL-ERROR] failed to dequeue buffer from native window (0x22b750); err = -19, buf = 0x0
E/SurfaceTexture( 1049): [SurfaceView] dequeueBuffer: SurfaceTexture has been abandoned!
E/MaliEGL (10185): void __egl_platform_dequeue_buffer(egl_surface*):1131 [EGL-ERROR] failed to dequeue buffer from native window (0x22b750); err = -19, buf = 0x0
E/SurfaceTexture( 1049): [SurfaceView] dequeueBuffer: SurfaceTexture has been abandoned!
E/MaliEGL (10185): void __egl_platform_dequeue_buffer(egl_surface*):1131 [EGL-ERROR] failed to dequeue buffer from native window (0x22b750); err = -19, buf = 0x0
E/SurfaceTexture( 1049): [SurfaceView] dequeueBuffer: SurfaceTexture has been abandoned!
E/MaliEGL (10185): void __egl_platform_dequeue_buffer(egl_surface*):1131 [EGL-ERROR] failed to dequeue buffer from native window (0x22b750); err = -19, buf = 0x0
E/SurfaceTexture( 1049): [SurfaceView] dequeueBuffer: SurfaceTexture has been abandoned!
E/MaliEGL (10185): void __egl_platform_dequeue_buffer(egl_surface*):1131 [EGL-ERROR] failed to dequeue buffer from native window (0x22b750); err = -19, buf = 0x0
E/SurfaceTexture( 1049): [SurfaceView] dequeueBuffer: SurfaceTexture has been abandoned!
E/MaliEGL (10185): void __egl_platform_dequeue_buffer(egl_surface*):1131 [EGL-ERROR] failed to dequeue buffer from native window (0x22b750); err = -19, buf = 0x0
E/SurfaceTexture( 1049): [SurfaceView] dequeueBuffer: SurfaceTexture has been abandoned!
E/MaliEGL (10185): void __egl_platform_dequeue_buffer(egl_surface*):1131 [EGL-ERROR] failed to dequeue buffer from native window (0x22b750); err = -19, buf = 0x0
E/SurfaceTexture( 1049): [SurfaceView] dequeueBuffer: SurfaceTexture has been abandoned!
E/MaliEGL (10185): void __egl_platform_dequeue_buffer(egl_surface*):1131 [EGL-ERROR] failed to dequeue buffer from native window (0x22b750); err = -19, buf = 0x0
E/SurfaceTexture( 1049): [SurfaceView] dequeueBuffer: SurfaceTexture has been abandoned!
E/MaliEGL (10185): void __egl_platform_dequeue_buffer(egl_surface*):1131 [EGL-ERROR] failed to dequeue buffer from native window (0x22b750); err = -19, buf = 0x0
E/SurfaceTexture( 1049): [SurfaceView] dequeueBuffer: SurfaceTexture has been abandoned!
E/MaliEGL (10185): void __egl_platform_dequeue_buffer(egl_surface*):1131 [EGL-ERROR] failed to dequeue buffer from native window (0x22b750); err = -19, buf = 0x0
E/SurfaceTexture( 1049): [SurfaceView] dequeueBuffer: SurfaceTexture has been abandoned!
E/MaliEGL (10185): void __egl_platform_dequeue_buffer(egl_surface*):1131 [EGL-ERROR] failed to dequeue buffer from native window (0x22b750); err = -19, buf = 0x0
E/SurfaceTexture( 1049): [SurfaceView] dequeueBuffer: SurfaceTexture has been abandoned!
E/MaliEGL (10185): void __egl_platform_dequeue_buffer(egl_surface*):1131 [EGL-ERROR] failed to dequeue buffer from native window (0x22b750); err = -19, buf = 0x0
E/SurfaceTexture( 1049): [SurfaceView] dequeueBuffer: SurfaceTexture has been abandoned!
E/MaliEGL (10185): void __egl_platform_dequeue_buffer(egl_surface*):1131 [EGL-ERROR] failed to dequeue buffer from native window (0x22b750); err = -19, buf = 0x0
E/SurfaceTexture( 1049): [SurfaceView] dequeueBuffer: SurfaceTexture has been abandoned!
E/MaliEGL (10185): void __egl_platform_dequeue_buffer(egl_surface*):1131 [EGL-ERROR] failed to dequeue buffer from native window (0x22b750); err = -19, buf = 0x0
E/SurfaceTexture( 1049): [SurfaceView] dequeueBuffer: SurfaceTexture has been abandoned!
E/MaliEGL (10185): void __egl_platform_dequeue_buffer(egl_surface*):1131 [EGL-ERROR] failed to dequeue buffer from native window (0x22b750); err = -19, buf = 0x0
E/SurfaceTexture( 1049): [SurfaceView] dequeueBuffer: SurfaceTexture has been abandoned!
E/MaliEGL (10185): void __egl_platform_dequeue_buffer(egl_surface*):1131 [EGL-ERROR] failed to dequeue buffer from native window (0x22b750); err = -19, buf = 0x0
E/SurfaceTexture( 1049): [SurfaceView] dequeueBuffer: SurfaceTexture has been abandoned!
E/MaliEGL (10185): void __egl_platform_dequeue_buffer(egl_surface*):1131 [EGL-ERROR] failed to dequeue buffer from native window (0x22b750); err = -19, buf = 0x0
E/SurfaceTexture( 1049): [SurfaceView] dequeueBuffer: SurfaceTexture has been abandoned!
E/MaliEGL (10185): void __egl_platform_dequeue_buffer(egl_surface*):1131 [EGL-ERROR] failed to dequeue buffer from native window (0x22b750); err = -19, buf = 0x0
E/SurfaceTexture( 1049): [SurfaceView] dequeueBuffer: SurfaceTexture has been abandoned!
E/MaliEGL (10185): void __egl_platform_dequeue_buffer(egl_surface*):1131 [EGL-ERROR] failed to dequeue buffer from native window (0x22b750); err = -19, buf = 0x0
E/SurfaceTexture( 1049): [SurfaceView] dequeueBuffer: SurfaceTexture has been abandoned!
E/MaliEGL (10185): void __egl_platform_dequeue_bu[58807.398624] [0014701849][MAD_ALSA][000514]     <6>Open 'subdevice #0'(0) of MStar ALSA playback device
ffer(egl_surface[58807.409067] [0014701852][MAD_ALSA][000401]     <6>Open software timer.
*):1131 [EGL-ERR[58807.416991] [0014701854][MAD_ALSA][000669]     <6>Configure PCM HW resource
OR] failed to dequeue buffer from native window (0x22b750); err = -19, buf = 0x0
E/SurfaceTexture( 1049): [SurfaceView] dequeueBuffer: SurfaceTexture has been abandoned!
E/MaliEGL (10185): void __egl_platform_dequeue_buffer(egl_surface*):1131 [EGL-ERROR] failed to dequeue buffer from native window (0x22b750); err = -19, buf = 0x0
E/SurfaceTexture( 1049): [SurfaceView] dequeueBuffer: SurfaceTexture has been abandoned!
E/MaliEGL (10185): void __egl_platform_dequeue_buffer(egl_surface*):1131 [EGL-ERROR] failed to dequeue buffer from native window (0x22b750); err = -19, buf = 0x0
E/SurfaceTexture( 1049): [SurfaceView] dequeueBuffer: SurfaceTexture has been abandoned!
E/MaliEGL (10185): void __egl_platform_dequeue_buffer(egl_surface*):1131 [EGL-ERROR] failed to dequeue buffer from native window (0x22b750); err = -19, buf = 0x0
E/SurfaceTexture( 1049): [SurfaceView] dequeueBuffer: SurfaceTexture has been abandoned!
E/MaliEGL (10185): void __egl_platform_dequeue_buffer(egl_surface*):1131 [EGL-ERROR] failed to dequeue buffer from native window (0x22b750); err = -19, buf = 0x0
E/SurfaceTexture( 1049): [SurfaceView] dequeueBuffer: SurfaceTexture has been abandoned!
E/MaliEGL (10185): void __egl_platform_dequeue_buffer(egl_surface*):1131 [EGL-ERROR] failed to dequeue buffer from native window (0x22b750); err = -19, buf = 0x0
E/SurfaceTexture( 1049): [SurfaceView] dequeueBuffer: SurfaceTexture has been abandoned!
E/MaliEGL (10185): void __egl_platform_dequeue_buffer(egl_surface*):1131 [EGL-ERROR] failed to dequeue buffer from native window (0x22b750); err = -19, buf = 0x0
E/SurfaceTexture( 1049): [SurfaceView] dequeueBuffer: SurfaceTexture has been abandoned!
E/MaliEGL (10185): void __egl_platform_dequeue_buffer(egl_surface*):1131 [EGL-ERROR] failed to dequeue buffer from native window (0x22b750); err = -19, buf = 0x0
E/SurfaceTexture( 1049): [SurfaceView] dequeueBuffer: SurfaceTexture has been abandoned!
E/MaliEGL (10185): void __egl_platform_dequeue_buffer(egl_surface*):1131 [EGL-ERROR] failed to dequeue buffer from native window (0x22b750); err = -19, buf = 0x0
E/SurfaceTexture( 1049): [SurfaceView] dequeueBuffer: SurfaceTexture has been abandoned!
E/MaliEGL (10185): void __egl_platform_dequeue_buffer(egl_surface*):1131 [EGL-ERROR] failed to dequeue buffer from native window (0x22b750); err = -19, buf = 0x0
E/SurfaceTexture( 1049): [SurfaceView] dequeueBuffer: SurfaceTexture has been abandoned!
E/MaliEGL (10185): void __egl_platform_dequeue_buffer(egl_surface*):1131 [EGL-ERROR] failed to dequeue buffer from native window (0x22b750); err = -19, buf = 0x0
E/SurfaceTexture( 1049): [SurfaceView] dequeueBuffer: SurfaceTexture has been abandoned!
E/MaliEGL (10185): void __egl_platform_dequeue_buffer(egl_surface*):1131 [EGL-ERROR] failed to dequeue buffer from native window (0x22b750); err = -19, buf = 0x0
E/SurfaceTexture( 1049): [SurfaceView] dequeueBuffer: SurfaceTexture has been abandoned!
E/MaliEGL (10185): void __egl_platform_dequeue_buffer(egl_surface*):1131 [EGL-ERROR] failed to dequeue buffer from native window (0x22b750); err = -19, buf = 0x0
E/SurfaceTexture( 1049): [SurfaceView] dequeueBuffer: SurfaceTexture has been abandoned!
E/MaliEGL (10185): void __egl_platform_dequeue_buffer(egl_surface*):1131 [EGL-ERROR] failed to dequeue buffer from native window (0x22b750); err = -19, buf = 0x0
E/SurfaceTexture( 1049): [SurfaceView] dequeueBuffer: SurfaceTexture has been abandoned!
E/MaliEGL (10185): void __egl_platform_dequeue_buffer(egl_surface*):1131 [EGL-ERROR] failed to dequeue buffer from native window (0x22b750); err = -19, buf = 0x0
E/SurfaceTexture( 1049): [SurfaceView] dequeueBuffer: SurfaceTexture has been abandoned!
E/MaliEGL (10185): void __egl_platform_dequeue_buffer(egl_surface*):1131 [EGL-ERROR] failed to dequeue buffer from native window (0x22b750); err = -19, buf = 0x0
E/SurfaceTexture( 1049): [SurfaceView] dequeueBuffer: SurfaceTexture has been abandoned!
E/MaliEGL (10185): void __egl_platform_dequeue_buffer(egl_surface*):1131 [EGL-ERROR] failed to dequeue buffer from native window (0x22b750); err = -19, buf = 0x0
E/SurfaceTexture( 1049): [SurfaceView] dequeueBuffer: SurfaceTexture has been abandoned!
E/MaliEGL (10185): void __egl_platform_dequeue_buffer(egl_surface*):1131 [EGL-ERROR] failed to dequeue buffer from native window (0x22b750); err = -19, buf = 0x0
E/SurfaceTexture( 1049): [SurfaceView] dequeueBuffer: SurfaceTexture has been abandoned!
E/MaliEGL (10185): void __egl_platform_dequeue_buffer(egl_surface*):1131 [EGL-ERROR] failed to dequeue buffer from native window (0x22b750); err = -19, buf = 0x0
E/SurfaceTexture( 1049): [SurfaceView] dequeueBuffer: SurfaceTexture has been abandoned!
E/MaliEGL (10185): void __egl_platform_dequeue_buffer(egl_surface*):1131 [EGL-ERROR] failed to dequeue buffer from native window (0x22b750); err = -19, buf = 0x0
E/SurfaceTexture( 1049): [SurfaceView] dequeueBuffer: SurfaceTexture has been abandoned!
E/MaliEGL (10185): void __egl_platform_dequeue_buffer(egl_surface*):1131 [EGL-ERROR] failed to dequeue buffer from native window (0x22b750); err = -19, buf = 0x0
E/SurfaceTexture( 1049): [SurfaceView] dequeueBuffer: SurfaceTexture has been abandoned!
E/MaliEGL (10185): void __egl_platform_dequeue_buffer(egl_surface*):1131 [EGL-ERROR] failed to dequeue buffer from native window (0x22b750); err = -19, buf = 0x0
E/SurfaceTexture( 1049): [SurfaceView] dequeueBuffer: SurfaceTexture has been abandoned!
E/MaliEGL (10185): void __egl_platform_dequeue_buffer(egl_surface*):1131 [EGL-ERROR] failed to dequeue buffer from native window (0x22b750); err = -19, buf = 0x0
E/SurfaceTexture( 1049): [SurfaceView] dequeueBuffer: SurfaceTexture has been abandoned!
E/MaliEGL (10185): void __egl_platform_dequeue_buffer(egl_surface*):1131 [EGL-ERROR] failed to dequeue buffer from native window (0x22b750); err = -19, buf = 0x0
E/SurfaceTexture( 1049): [SurfaceView] dequeueBuffer: SurfaceTexture has been abandoned!
E/MaliEGL (10185): void __egl_platform_dequeue_buffer(egl_surface*):1131 [EGL-ERROR] failed to dequeue buffer from native window (0x22b750); err = -19, buf = 0x0
E/SurfaceTexture( 1049): [SurfaceView] dequeueBuffer: SurfaceTexture has been abandoned!
E/MaliEGL (10185): void __egl_platform_dequeue_buffer(egl_surface*):1131 [EGL-ERROR] failed to dequeue buffer from native window (0x22b750); err = -19, buf = 0x0
E/SurfaceTexture( 1049): [SurfaceView] dequeueBuffer: SurfaceTexture has been abandoned!
E/MaliEGL (10185): void __egl_platform_dequeue_buffer(egl_surface*):1131 [EGL-ERROR] failed to dequeue buffer from native window (0x22b750); err = -19, buf = 0x0
E/SurfaceTexture( 1049): [SurfaceView] dequeueBuffer: SurfaceTexture has been abandoned!
E/MaliEGL (10185): void __egl_platform_dequeue_buffer(egl_surface*):1131 [EGL-ERROR] failed to dequeue buffer from native window (0x22b750); err = -19, buf = 0x0
E/SurfaceTexture( 1049): [SurfaceView] dequeueBuffer: SurfaceTexture has been abandoned!
E/MaliEGL (10185): void __egl_platform_dequeue_buffer(egl_surface*):1131 [EGL-ERROR] failed to dequeue buffer from native window (0x22b750); err = -19, buf = 0x0
E/SurfaceTexture( 1049): [SurfaceView] dequeueBuffer: SurfaceTexture has been abandoned!
E/MaliEGL (10185): void __egl_platform_dequeue_buffer(egl_surface*):1131 [EGL-ERROR] failed to dequeue buffer from native window (0x22b750); err = -19, buf = 0x0
E/SurfaceTexture( 1049): [SurfaceView] dequeueBuffer: SurfaceTexture has been abandoned!
E/MaliEGL (10185): void __egl_platform_dequeue_buffer(egl_surface*):1131 [EGL-ERROR] failed to dequeue buffer from native window (0x22b750); err = -19, buf = 0x0
E/SurfaceTexture( 1049): [SurfaceView] dequeueBuffer: SurfaceTexture has been abandoned!
E/MaliEGL (10185): void __egl_platform_dequeue_buffer(egl_surface*):1131 [EGL-ERROR] failed to dequeue buffer from native window (0x22b750); err = -19, buf = 0x0
E/SurfaceTexture( 1049): [SurfaceView] dequeueBuffer: SurfaceTexture has been abandoned!
E/MaliEGL (10185): void __egl_platform_dequeue_buffer(egl_surface*):1131 [EGL-ERROR] failed to dequeue buffer from native window (0x22b750); err = -19, buf = 0x0
E/SurfaceTexture( 1049): [SurfaceView] dequeueBuffer: SurfaceTexture has been abandoned!
E/MaliEGL (10185): void __egl_platform_dequeue_buffer(egl_surface*):1131 [EGL-ERROR] failed to dequeue buffer from native window (0x22b750); err = -19, buf = 0x0
E/SurfaceTexture( 1049): [SurfaceView] dequeueBuffer: SurfaceTexture has been abandoned!
E/MaliEGL (10185): void __egl_platform_dequeue_buffer(egl_surface*):1131 [EGL-ERROR] failed to dequeue buffer from native window (0x22b750); err = -19, buf = 0x0
E/SurfaceTexture( 1049): [SurfaceView] dequeueBuffer: SurfaceTexture has been abandoned!
E/MaliEGL (10185): void __egl_platform_dequeue_buffer(egl_surface*):1131 [EGL-ERROR] failed to dequeue buffer from native window (0x22b750); err = -19, buf = 0x0
E/SurfaceTexture( 1049): [SurfaceView] dequeueBuffer: SurfaceTexture has been abandoned!
E/MaliEGL (10185): void __egl_platform_dequeue_buffer(egl_surface*):1131 [EGL-ERROR] failed to dequeue buffer from native window (0x22b750); err = -19, buf = 0x0
E/SurfaceTexture( 1049): [SurfaceView] dequeueBuffer: SurfaceTexture has been abandoned!
E/MaliEGL (10185): void __egl_platform_dequeue_buffer(egl_surface*):1131 [EGL-ERROR] failed to dequeue buffer from native window (0x22b750); err = -19, buf = 0x0
E/SurfaceTexture( 1049): [SurfaceView] dequeueBuffer: SurfaceTexture has been abandoned!
E/MaliEGL (10185): void __egl_platform_dequeue_buffer(egl_surface*):1131 [EGL-ERROR] failed to dequeue buffer from native window (0x22b750); err = -19, buf = 0x0
E/SurfaceTexture( 1049): [SurfaceView] dequeueBuffer: SurfaceTex[58808.273277] [0014702068][MAD_ALSA][000735]     <6>Target sample rate is 44100
ture has been ab[58808.280540] [0014702070][MAD_ALSA][000830]     <6>Target channel mode is 2
andoned!
E/Mali[58808.288788] [0014702072][MAD_ALSA][000334]     <6>Initiate MStar PCM playback engine
EGL (10185): voi[58808.298284] [0014702074][MAD_ALSA][000882]     <6>Wake up Playback Monitor 0
d __egl_platform_dequeue_buffer(egl_surface*):1131 [EGL-ERROR] failed to dequeue buffer from native window (0x22b750); err = -19, buf = 0x0
E/SurfaceTexture( 1049): [SurfaceView] dequeueBuffer: SurfaceTexture has been abandoned!
E/MaliEGL (10185): void __egl_platform_dequeue_buffer(egl_surface*):1131 [EGL-ERROR] failed to dequeue buffer from native window (0x22b750); err = -19, buf = 0x0
E/SurfaceTexture( 1049): [SurfaceView] dequeueBuffer: SurfaceTexture has been abandoned!
E/MaliEGL (10185): void __egl_platform_dequeue_buffer(egl_surface*):1131 [EGL-ERROR] failed to dequeue buffer from native window (0x22b750); err = -19, buf = 0x0
E/SurfaceTexture( 1049): [SurfaceView] dequeueBuffer: SurfaceTexture has been abandoned!
E/MaliEGL (10185): void __egl_platform_dequeue_buffer(egl_surface*):1131 [EGL-ERROR] failed to dequeue buffer from native window (0x22b750); err = -19, buf = 0x0
E/SurfaceTexture( 1049): [SurfaceView] dequeueBuffer: SurfaceTexture has been abandoned!
E/MaliEGL (10185): void __egl_platform_dequeue_buffer(egl_surface*):1131 [EGL-ERROR] failed to dequeue buffer from native window (0x22b750); err = -19, buf = 0x0
E/SurfaceTexture( 1049): [SurfaceView] dequeueBuffer: SurfaceTexture has been abandoned!
E/MaliEGL (10185): void __egl_platform_dequeue_buffer(egl_surface*):1131 [EGL-ERROR] failed to dequeue buffer from native window (0x22b750); err = -19, buf = 0x0
E/SurfaceTexture( 1049): [SurfaceView] dequeueBuffer: SurfaceTexture has been abandoned!
E/MaliEGL (10185): void __egl_platform_dequeue_buffer(egl_surface*):1131 [EGL-ERROR] failed to dequeue buffer from native window (0x22b750); err = -19, buf = 0x0
E/SurfaceTexture( 1049): [SurfaceView] dequeueBuffer: SurfaceTexture has been abandoned!
E/MaliEGL (10185): void __egl_platform_dequeue_buffer(egl_surface*):1131 [EGL-ERROR] failed to dequeue buffer from native window (0x22b750); err = -19, buf = 0x0
E/SurfaceTexture( 1049): [SurfaceView] dequeueBuffer: SurfaceTexture has been abandoned!
E/MaliEGL (10185): void __egl_platform_dequeue_buffer(egl_surface*):1131 [EGL-ERROR] failed to dequeue buffer from native window (0x22b750); err = -19, buf = 0x0
E/SurfaceTexture( 1049): [SurfaceView] dequeueBuffer: SurfaceTexture has been abandoned!
E/MaliEGL (10185): void __egl_platform_dequeue_buffer(egl_surface*):1131 [EGL-ERROR] failed to dequeue buffer from native window (0x22b750); err = -19, buf = 0x0
E/SurfaceTexture( 1049): [SurfaceView] dequeueBuffer: SurfaceTexture has been abandoned!
E/MaliEGL (10185): void __egl_platform_dequeue_buffer(egl_surface*):1131 [EGL-ERROR] failed to dequeue buffer from native window (0x22b750); err = -19, buf = 0x0
E/SurfaceTexture( 1049): [SurfaceView] dequeueBuffer: SurfaceTexture has been abandoned!
E/MaliEGL (10185): void __egl_platform_dequeue_buffer(egl_surface*):1131 [EGL-ERROR] failed to dequeue buffer from native window (0x22b750); err = -19, buf = 0x0
E/SurfaceTexture( 1049): [SurfaceView] dequeueBuffer: SurfaceTexture has been abandoned!
E/MaliEGL (10185): void __egl_platform_dequeue_buffer(egl_surface*):1131 [EGL-ERROR] failed to dequeue buffer from native window (0x22b750); err = -19, buf = 0x0
E/SurfaceTexture( 1049): [SurfaceView] dequeueBuffer: SurfaceTexture has been abandoned!
E/MaliEGL (10185): void __egl_platform_dequeue_buffer(egl_surface*):1131 [EGL-ERROR] failed to dequeue buffer from native window (0x22b750); err = -19, buf = 0x0
E/SurfaceTexture( 1049): [SurfaceView] dequeueBuffer: SurfaceTexture has been abandoned!
E/MaliEGL (10185): void __egl_platform_dequeue_buffer(egl_surface*):1131 [EGL-ERROR] failed to dequeue buffer from native window (0x22b750); err = -19, buf = 0x0
E/SurfaceTexture( 1049): [SurfaceView] dequeueBuffer: SurfaceTexture has been abandoned!
E/MaliEGL (10185): void __egl_platform_dequeue_buffer(egl_surface*):1131 [EGL-ERROR] failed to dequeue buffer from native window (0x22b750); err = -19, buf = 0x0
E/SurfaceTexture( 1049): [SurfaceView] dequeueBuffer: SurfaceTexture has been abandoned!
E/MaliEGL (10185): void __egl_platform_dequeue_buffer(egl_surface*):1131 [EGL-ERROR] failed to dequeue buffer from native window (0x22b750); err = -19, buf = 0x0
E/SurfaceTexture( 1049): [SurfaceView] dequeueBuffer: SurfaceTexture has been abandoned!
E/MaliEGL (10185): void __egl_platform_dequeue_buffer(egl_surface*):1131 [EGL-ERROR] failed to dequeue buffer from native window (0x22b750); err = -19, buf = 0x0
E/SurfaceTexture( 1049): [SurfaceView] dequeueBuffer: SurfaceTexture has been abandoned!
E/MaliEGL (10185): void __egl_platform_dequeue_buffer(egl_surface*):1131 [EGL-ERROR] failed to dequeue buffer from native window (0x22b750); err = -19, buf = 0x0
E/SurfaceTexture( 1049): [SurfaceView] dequeueBuffer: SurfaceTexture has been abandoned!
