D/InputEventConsistencyVerifier( 4188):   -- recent events --
D/InputEventConsistencyVerifier( 4188):   1: sent at 5269864973000, MotionEvent { action=ACTION_HOVER_MOVE, id[0]=0, x[0]=807.05695, y[0]=284.75006, toolType[0]=TOOL_TYPE_MOUSE, buttonState=0, metaState=0, flags=0x0, edgeFlags=0x0, pointerCount=1, historySize=0, eventTime=5269864, downTime=5246837, deviceId=17, source=0x2002 }
D/InputEventConsistencyVerifier( 4188):   2: sent at 5269733000000, (unhandled) KeyEvent { action=ACTION_UP, keyCode=KEYCODE_DPAD_DOWN, scanCode=108, metaState=0, flags=0x80000008, repeatCount=0, eventTime=5269733, downTime=5269568, deviceId=7, source=0x101 }
D/InputEventConsistencyVerifier( 4188):   3: sent at 5269612666000, MotionEvent { action=ACTION_HOVER_MOVE, id[0]=0, x[0]=807.05695, y[0]=244.75006, toolType[0]=TOOL_TYPE_MOUSE, buttonState=0, metaState=0, flags=0x0, edgeFlags=0x0, pointerCount=1, historySize=0, eventTime=5269612, downTime=5246837, deviceId=17, source=0x2002 }
D/InputEventConsistencyVerifier( 4188):   4: sent at 5269273000000, (unhandled) KeyEvent { action=ACTION_UP, keyCode=KEYCODE_DPAD_DOWN, scanCode=108, metaState=0, flags=0x80000008, repeatCount=0, eventTime=5269273, downTime=5269109, deviceId=7, source=0x101 }
D/InputEventConsistencyVerifier( 4188):   5: sent at 5269154122000, MotionEvent { action=ACTION_HOVER_ENTER, id[0]=0, x[0]=807.05695, y[0]=234.75006, toolType[0]=TOOL_TYPE_MOUSE, buttonState=0, metaState=0, flags=0x0, edgeFlags=0x0, pointerCount=1, historySize=0, eventTime=5269154, downTime=5246837, deviceId=17, source=0x2002 }
D/BrowserActivity( 4188): ***************** Key Code: 20*******************
D/BrowserActivity( 4188): getCurrentWebView() enter
D/BrowserActivity( 4188): return default
V/zb.wu   ( 4188): moveCursor: x:0   y:53
I/zb.wu   ( 4188): [Client Process]jni_MouseMove be called.  X:0,Y:53
I/zb.wu   ( 4188): [Client Process]start call RPC  function......
I/browserService( 4188): [Client Process]Send E_MOVE_CURSOR
I/browserService(  745): [Service Process]Receive E_MOVE_CURSOR
I/browserService(  745): [Service Process]BrowserService::moveCursor(callingPid 4188) (x:0  y:53)
I/browserService(  745): move x:0,y:53
I/zb.wu   ( 4188): [Client Process]end of call RPC function. ret=0
D/BrowserActivity( 4188): touch X=807.05695,Y=337.75006
D/BrowserActivity( 4188): ***************** Key Code: 20*******************
D/InputEventConsistencyVerifier( 4188): KeyEvent: ACTION_UP but key was not down.
D/InputEventConsistencyVerifier( 4188):   in com.android.internal.policy.impl.PhoneWindow$DecorView@416b0890
D/InputEventConsistencyVerifier( 4188):   0: sent at 5270293000000, KeyEvent { action=ACTION_UP, keyCode=KEYCODE_DPAD_DOWN, scanCode=108, metaState=0, flags=0x8, repeatCount=0, eventTime=5270293, downTime=5270128, deviceId=7, source=0x101 }
D/InputEventConsistencyVerifier( 4188):   -- recent events --
D/InputEventConsistencyVerifier( 4188):   1: sent at 5270141969000, MotionEvent { action=ACTION_HOVER_MOVE, id[0]=0, x[0]=807.05695, y[0]=337.75006, toolType[0]=TOOL_TYPE_MOUSE, buttonState=0, metaState=0, flags=0x0, edgeFlags=0x0, pointerCount=1, historySize=0, eventTime=5270141, downTime=5246837, deviceId=17, source=0x2002 }
D/InputEventConsistencyVerifier( 4188):   2: sent at 5270013000000, (unhandled) KeyEvent { action=ACTION_UP, keyCode=KEYCODE_DPAD_DOWN, scanCode=108, metaState=0, flags=0x80000008, repeatCount=0, eventTime=5270013, downTime=5269846, deviceId=7, source=0x101 }
D/InputEventConsistencyVerifier( 4188):   3: sent at 5269864973000, MotionEvent { action=ACTION_HOVER_MOVE, id[0]=0, x[0]=807.05695, y[0]=284.75006, toolType[0]=TOOL_TYPE_MOUSE, buttonState=0, metaState=0, flags=0x0, edgeFlags=0x0, pointerCount=1, historySize=0, eventTime=5269864, downTime=5246837, deviceId=17, source=0x2002 }
D/InputEventConsistencyVerifier( 4188):   4: sent at 5269733000000, (unhandled) KeyEvent { action=ACTION_UP, keyCode=KEYCODE_DPAD_DOWN, scanCode=108, metaState=0, flags=0x80000008, repeatCount=0, eventTime=5269733, downTime=5269568, deviceId=7, source=0x101 }
D/InputEventConsistencyVerifier( 4188):   5: sent at 5269612666000, MotionEvent { action=ACTION_HOVER_MOVE, id[0]=0, x[0]=807.05695, y[0]=244.75006, toolType[0]=TOOL_TYPE_MOUSE, buttonState=0, metaState=0, flags=0x0, edgeFlags=0x0, pointerCount=1, historySize=0, eventTime=5269612, downTime=5246837, deviceId=17, source=0x2002 }
D/BrowserActivity( 4188): ***************** Key Code: 20*******************
D/BrowserActivity( 4188): getCurrentWebView() enter
D/BrowserActivity( 4188): return default
V/zb.wu   ( 4188): moveCursor: x:0   y:58
I/zb.wu   ( 4188): [Client Process]jni_MouseMove be called.  X:0,Y:58
I/zb.wu   ( 4188): [Client Process]start call RPC  function......
I/browserService( 4188): [Client Process]Send E_MOVE_CURSOR
I/browserService(  745): [Service Process]Receive E_MOVE_CURSOR
I/browserService(  745): [Service Process]BrowserService::moveCursor(callingPid 4188) (x:0  y:58)
I/browserService(  745): move x:0,y:58
I/zb.wu   ( 4188): [Client Process]end of call RPC function. ret=0
D/BrowserActivity( 4188): touch X=807.05695,Y=395.75006
D/BrowserActivity( 4188): ***************** Key Code: 20*******************
D/InputEventConsistencyVerifier( 4188): KeyEvent: ACTION_UP but key was not down.
D/InputEventConsistencyVerifier( 4188):   in com.android.internal.policy.impl.PhoneWindow$DecorView@416b0890
D/InputEventConsistencyVerifier( 4188):   0: sent at 5270525000000, KeyEvent { action=ACTION_UP, keyCode=KEYCODE_DPAD_DOWN, scanCode=108, metaState=0, flags=0x8, repeatCount=0, eventTime=5270525, downTime=5270362, deviceId=7, source=0x101 }
D/InputEventConsistencyVerifier( 4188):   -- recent events --
D/InputEventConsistencyVerifier( 4188):   1: sent at 5270396652000, MotionEvent { action=ACTION_HOVER_MOVE, id[0]=0, x[0]=807.05695, y[0]=395.75006, toolType[0]=TOOL_TYPE_MOUSE, buttonState=0, metaState=0, flags=0x0, edgeFlags=0x0, pointerCount=1, historySize=0, eventTime=5270396, downTime=5246837, deviceId=17, source=0x2002 }
D/InputEventConsistencyVerifier( 4188):   2: sent at 5270293000000, (unhandled) KeyEvent { action=ACTION_UP, keyCode=KEYCODE_DPAD_DOWN, scanCode=108, metaState=0, flags=0x80000008, repeatCount=0, eventTime=5270293, downTime=5270128, deviceId=7, source=0x101 }
D/InputEventConsistencyVerifier( 4188):   3: sent at 5270141969000, MotionEvent { action=ACTION_HOVER_MOVE, id[0]=0, x[0]=807.05695, y[0]=337.75006, toolType[0]=TOOL_TYPE_MOUSE, buttonState=0, metaState=0, flags=0x0, edgeFlags=0x0, pointerCount=1, historySize=0, eventTime=5270141, downTime=5246837, deviceId=17, source=0x2002 }
D/InputEventConsistencyVerifier( 4188):   4: sent at 5270013000000, (unhandled) KeyEvent { action=ACTION_UP, keyCode=KEYCODE_DPAD_DOWN, scanCode=108, metaState=0, flags=0x80000008, repeatCount=0, eventTime=5270013, downTime=5269846, deviceId=7, source=0x101 }
D/InputEventConsistencyVerifier( 4188):   5: sent at 5269864973000, MotionEvent { action=ACTION_HOVER_MOVE, id[0]=0, x[0]=807.05695, y[0]=284.75006, toolType[0]=TOOL_TYPE_MOUSE, buttonState=0, metaState=0, flags=0x0, edgeFlags=0x0, pointerCount=1, historySize=0, eventTime=5269864, downTime=5246837, deviceId=17, source=0x2002 }
D/BrowserActivity( 4188): ***************** Key Code: 20*******************
D/BrowserActivity( 4188): getCurrentWebView() enter
D/BrowserActivity( 4188): return default
V/zb.wu   ( 4188): moveCursor: x:0   y:67
I/zb.wu   ( 4188): [Client Process]jni_MouseMove be called.  X:0,Y:67
I/zb.wu   ( 4188): [Client Process]start call RPC  function......
I/browserService( 4188): [Client Process]Send E_MOVE_CURSOR
I/browserService(  745): [Service Process]Receive E_MOVE_CURSOR
I/browserService(  745): [Service Process]BrowserService::moveCursor(callingPid 4188) (x:0  y:67)
I/browserService(  745): move x:0,y:67
I/zb.wu   ( 4188): [Client Process]end of call RPC function. ret=0
D/BrowserActivity( 4188): touch X=807.05695,Y=462.75006
D/BrowserActivity( 4188): ***************** Key Code: 20*******************
D/InputEventConsistencyVerifier( 4188): KeyEvent: ACTION_UP but key was not down.
D/InputEventConsistencyVerifier( 4188):   in com.android.internal.policy.impl.PhoneWindow$DecorView@416b0890
D/InputEventConsistencyVerifier( 4188):   0: sent at 5270729000000, KeyEvent { action=ACTION_UP, keyCode=KEYCODE_DPAD_DOWN, scanCode=108, metaState=0, flags=0x8, repeatCount=0, eventTime=5270729, downTime=5270570, deviceId=7, source=0x101 }
D/InputEventConsistencyVerifier( 4188):   -- recent events --
D/InputEventConsistencyVerifier( 4188):   1: sent at 5270625202000, MotionEvent { action=ACTION_HOVER_MOVE, id[0]=0, x[0]=807.05695, y[0]=462.75006, toolType[0]=TOOL_TYPE_MOUSE, buttonState=0, metaState=0, flags=0x0, edgeFlags=0x0, pointerCount=1, historySize=0, eventTime=5270625, downTime=5246837, deviceId=17, source=0x2002 }
D/InputEventConsistencyVerifier( 4188):   2: sent at 5270525000000, (unhandled) KeyEvent { action=ACTION_UP, keyCode=KEYCODE_DPAD_DOWN, scanCode=108, metaState=0, flags=0x80000008, repeatCount=0, eventTime=5270525, downTime=5270362, deviceId=7, source=0x101 }
D/InputEventConsistencyVerifier( 4188):   3: sent at 5270396652000, MotionEvent { action=ACTION_HOVER_MOVE, id[0]=0, x[0]=807.05695, y[0]=395.75006, toolType[0]=TOOL_TYPE_MOUSE, buttonState=0, metaState=0, flags=0x0, edgeFlags=0x0, pointerCount=1, historySize=0, eventTime=5270396, downTime=5246837, deviceId=17, source=0x2002 }
D/InputEventConsistencyVerifier( 4188):   4: sent at 5270293000000, (unhandled) KeyEvent { action=ACTION_UP, keyCode=KEYCODE_DPAD_DOWN, scanCode=108, metaState=0, flags=0x80000008, repeatCount=0, eventTime=5270293, downTime=5270128, deviceId=7, source=0x101 }
D/InputEventConsistencyVerifier( 4188):   5: sent at 5270141969000, MotionEvent { action=ACTION_HOVER_MOVE, id[0]=0, x[0]=807.05695, y[0]=337.75006, toolType[0]=TOOL_TYPE_MOUSE, buttonState=0, metaState=0, flags=0x0, edgeFlags=0x0, pointerCount=1, historySize=0, eventTime=5270141, downTime=5246837, deviceId=17, source=0x2002 }
D/BrowserActivity( 4188): ***************** Key Code: 20*******************
D/BrowserActivity( 4188): getCurrentWebView() enter
D/BrowserActivity( 4188): return default
V/zb.wu   ( 4188): moveCursor: x:0   y:70
I/zb.wu   ( 4188): [Client Process]jni_MouseMove be called.  X:0,Y:70
I/zb.wu   ( 4188): [Client Process]start call RPC  function......
I/browserService( 4188): [Client Process]Send E_MOVE_CURSOR
I/browserService(  745): [Service Process]Receive E_MOVE_CURSOR
I/browserService(  745): [Service Process]BrowserService::moveCursor(callingPid 4188) (x:0  y:70)
I/browserService(  745): move x:0,y:70
I/zb.wu   ( 4188): [Client Process]end of call RPC function. ret=0
D/BrowserActivity( 4188): touch X=807.05695,Y=532.75006
D/BrowserActivity( 4188): ***************** Key Code: 20*******************
D/InputEventConsistencyVerifier( 4188): KeyEvent: ACTION_UP but key was not down.
D/InputEventConsistencyVerifier( 4188):   in com.android.internal.policy.impl.PhoneWindow$DecorView@416b0890
D/InputEventConsistencyVerifier( 4188):   0: sent at 5270949000000, KeyEvent { action=ACTION_UP, keyCode=KEYCODE_DPAD_DOWN, scanCode=108, metaState=0, flags=0x8, repeatCount=0, eventTime=5270949, downTime=5270790, deviceId=7, source=0x101 }
D/InputEventConsistencyVerifier( 4188):   -- recent events --
D/InputEventConsistencyVerifier( 4188):   1: sent at 5270836700000, MotionEvent { action=ACTION_HOVER_MOVE, id[0]=0, x[0]=807.05695, y[0]=532.75006, toolType[0]=TOOL_TYPE_MOUSE, buttonState=0, metaState=0, flags=0x0, edgeFlags=0x0, pointerCount=1, historySize=0, eventTime=5270836, downTime=5246837, deviceId=17, source=0x2002 }
D/InputEventConsistencyVerifier( 4188):   2: sent at 5270729000000, (unhandled) KeyEvent { action=ACTION_UP, keyCode=KEYCODE_DPAD_DOWN, scanCode=108, metaState=0, flags=0x80000008, repeatCount=0, eventTime=5270729, downTime=5270570, deviceId=7, source=0x101 }
D/InputEventConsistencyVerifier( 4188):   3: sent at 5270625202000, MotionEvent { action=ACTION_HOVER_MOVE, id[0]=0, x[0]=807.05695, y[0]=462.75006, toolType[0]=TOOL_TYPE_MOUSE, buttonState=0, metaState=0, flags=0x0, edgeFlags=0x0, pointerCount=1, historySize=0, eventTime=5270625, downTime=5246837, deviceId=17, source=0x2002 }
D/InputEventConsistencyVerifier( 4188):   4: sent at 5270525000000, (unhandled) KeyEvent { action=ACTION_UP, keyCode=KEYCODE_DPAD_DOWN, scanCode=108, metaState=0, flags=0x80000008, repeatCount=0, eventTime=5270525, downTime=5270362, deviceId=7, source=0x101 }
D/InputEventConsistencyVerifier( 4188):   5: sent at 5270396652000, MotionEvent { action=ACTION_HOVER_MOVE, id[0]=0, x[0]=807.05695, y[0]=395.75006, toolType[0]=TOOL_TYPE_MOUSE, buttonState=0, metaState=0, flags=0x0, edgeFlags=0x0, pointerCount=1, historySize=0, eventTime=5270396, downTime=5246837, deviceId=17, source=0x2002 }
D/BrowserActivity( 4188): ***************** Key Code: 20*******************
D/BrowserActivity( 4188): getCurrentWebView() enter
D/BrowserActivity( 4188): return default
V/zb.wu   ( 4188): moveCursor: x:0   y:69
I/zb.wu   ( 4188): [Client Process]jni_MouseMove be called.  X:0,Y:69
I/zb.wu   ( 4188): [Client Process]start call RPC  function......
I/browserService( 4188): [Client Process]Send E_MOVE_CURSOR
I/browserService(  745): [Service Process]Receive E_MOVE_CURSOR
I/browserService(  745): [Service Process]BrowserService::moveCursor(callingPid 4188) (x:0  y:69)
I/browserService(  745): move x:0,y:69
I/zb.wu   ( 4188): [Client Process]end of call RPC function. ret=0
D/BrowserActivity( 4188): touch X=807.05695,Y=601.75006
D/MonitorCw880( 2912): currentRemoteHost is null ,continue
D/BrowserActivity( 4188): ***************** Key Code: 20*******************
D/InputEventConsistencyVerifier( 4188): KeyEvent: ACTION_UP but key was not down.
D/InputEventConsistencyVerifier( 4188):   in com.android.internal.policy.impl.PhoneWindow$DecorView@416b0890
D/InputEventConsistencyVerifier( 4188):   0: sent at 5271161000000, KeyEvent { action=ACTION_UP, keyCode=KEYCODE_DPAD_DOWN, scanCode=108, metaState=0, flags=0x8, repeatCount=0, eventTime=5271161, downTime=5271002, deviceId=7, source=0x101 }
D/InputEventConsistencyVerifier( 4188):   -- recent events --
D/InputEventConsistencyVerifier( 4188):   1: sent at 5271045297000, MotionEvent { action=ACTION_HOVER_MOVE, id[0]=0, x[0]=807.05695, y[0]=601.75006, toolType[0]=TOOL_TYPE_MOUSE, buttonState=0, metaState=0, flags=0x0, edgeFlags=0x0, pointerCount=1, historySize=0, eventTime=5271045, downTime=5246837, deviceId=17, source=0x2002 }
D/InputEventConsistencyVerifier( 4188):   2: sent at 5270949000000, (unhandled) KeyEvent { action=ACTION_UP, keyCode=KEYCODE_DPAD_DOWN, scanCode=108, metaState=0, flags=0x80000008, repeatCount=0, eventTime=5270949, downTime=5270790, deviceId=7, source=0x101 }
D/InputEventConsistencyVerifier( 4188):   3: sent at 5270836700000, MotionEvent { action=ACTION_HOVER_MOVE, id[0]=0, x[0]=807.05695, y[0]=532.75006, toolType[0]=TOOL_TYPE_MOUSE, buttonState=0, metaState=0, flags=0x0, edgeFlags=0x0, pointerCount=1, historySize=0, eventTime=5270836, downTime=5246837, deviceId=17, source=0x2002 }
D/InputEventConsistencyVerifier( 4188):   4: sent at 5270729000000, (unhandled) KeyEvent { action=ACTION_UP, keyCode=KEYCODE_DPAD_DOWN, scanCode=108, metaState=0, flags=0x80000008, repeatCount=0, eventTime=5270729, downTime=5270570, deviceId=7, source=0x101 }
D/InputEventConsistencyVerifier( 4188):   5: sent at 5270625202000, MotionEvent { action=ACTION_HOVER_MOVE, id[0]=0, x[0]=807.05695, y[0]=462.75006, toolType[0]=TOOL_TYPE_MOUSE, buttonState=0, metaState=0, flags=0x0, edgeFlags=0x0, pointerCount=1, historySize=0, eventTime=5270625, downTime=5246837, deviceId=17, source=0x2002 }
D/BrowserActivity( 4188): ***************** Key Code: 20*******************
D/BrowserActivity( 4188): getCurrentWebView() enter
D/BrowserActivity( 4188): return default
V/zb.wu   ( 4188): moveCursor: x:0   y:68
I/zb.wu   ( 4188): [Client Process]jni_MouseMove be called.  X:0,Y:68
I/zb.wu   ( 4188): [Client Process]start call RPC  function......
I/browserService( 4188): [Client Process]Send E_MOVE_CURSOR
I/browserService(  745): [Service Process]Receive E_MOVE_CURSOR
I/browserService(  745): [Service Process]BrowserService::moveCursor(callingPid 4188) (x:0  y:68)
I/browserService(  745): move x:0,y:68
I/zb.wu   ( 4188): [Client Process]end of call RPC function. ret=0
D/BrowserActivity( 4188): touch X=807.05695,Y=669.75006
D/BrowserActivity( 4188): ***************** Key Code: 20*******************
D/InputEventConsistencyVerifier( 4188): KeyEvent: ACTION_UP but key was not down.
D/InputEventConsistencyVerifier( 4188):   in com.android.internal.policy.impl.PhoneWindow$DecorView@416b0890
D/InputEventConsistencyVerifier( 4188):   0: sent at 5271389000000, KeyEvent { action=ACTION_UP, keyCode=KEYCODE_DPAD_DOWN, scanCode=108, metaState=0, flags=0x8, repeatCount=0, eventTime=5271389, downTime=5271227, deviceId=7, source=0x101 }
D/InputEventConsistencyVerifier( 4188):   -- recent events --
D/InputEventConsistencyVerifier( 4188):   1: sent at 5271266381000, MotionEvent { action=ACTION_HOVER_MOVE, id[0]=0, x[0]=807.05695, y[0]=669.75006, toolType[0]=TOOL_TYPE_MOUSE, buttonState=0, metaState=0, flags=0x0, edgeFlags=0x0, pointerCount=1, historySize=0, eventTime=5271266, downTime=5246837, deviceId=17, source=0x2002 }
D/InputEventConsistencyVerifier( 4188):   2: sent at 5271161000000, (unhandled) KeyEvent { action=ACTION_UP, keyCode=KEYCODE_DPAD_DOWN, scanCode=108, metaState=0, flags=0x80000008, repeatCount=0, eventTime=5271161, downTime=5271002, deviceId=7, source=0x101 }
D/InputEventConsistencyVerifier( 4188):   3: sent at 5271045297000, MotionEvent { action=ACTION_HOVER_MOVE, id[0]=0, x[0]=807.05695, y[0]=601.75006, toolType[0]=TOOL_TYPE_MOUSE, buttonState=0, metaState=0, flags=0x0, edgeFlags=0x0, pointerCount=1, historySize=0, eventTime=5271045, downTime=5246837, deviceId=17, source=0x2002 }
D/InputEventConsistencyVerifier( 4188):   4: sent at 5270949000000, (unhandled) KeyEvent { action=ACTION_UP, keyCode=KEYCODE_DPAD_DOWN, scanCode=108, metaState=0, flags=0x80000008, repeatCount=0, eventTime=5270949, downTime=5270790, deviceId=7, source=0x101 }
D/InputEventConsistencyVerifier( 4188):   5: sent at 5270836700000, MotionEvent { action=ACTION_HOVER_MOVE, id[0]=0, x[0]=807.05695, y[0]=532.75006, toolType[0]=TOOL_TYPE_MOUSE, buttonState=0, metaState=0, flags=0x0, edgeFlags=0x0, pointerCount=1, historySize=0, eventTime=5270836, downTime=5246837, deviceId=17, source=0x2002 }
D/BrowserActivity( 4188): ***************** Key Code: 20*******************
D/BrowserActivity( 4188): getCurrentWebView() enter
D/BrowserActivity( 4188): return default
V/zb.wu   ( 4188): moveCursor: x:0   y:65
I/zb.wu   ( 4188): [Client Process]jni_MouseMove be called.  X:0,Y:65
I/zb.wu   ( 4188): [Client Process]start call RPC  function......
I/browserService( 4188): [Client Process]Send E_MOVE_CURSOR
I/browserService(  745): [Service Process]Receive E_MOVE_CURSOR
I/browserService(  745): [Service Process]BrowserService::moveCursor(callingPid 4188) (x:0  y:65)
I/browserService(  745): move x:0,y:65
I/zb.wu   ( 4188): [Client Process]end of call RPC function. ret=0
D/BrowserActivity( 4188): touch X=807.05695,Y=719.0
D/BrowserActivity( 4188): ***************** Key Code: 20*******************
D/InputEventConsistencyVerifier( 4188): KeyEvent: ACTION_UP but key was not down.
D/InputEventConsistencyVerifier( 4188):   in com.android.internal.policy.impl.PhoneWindow$DecorView@416b0890
D/InputEventConsistencyVerifier( 4188):   0: sent at 5271621000000, KeyEvent { action=ACTION_UP, keyCode=KEYCODE_DPAD_DOWN, scanCode=108, metaState=0, flags=0x8, repeatCount=0, eventTime=5271621, downTime=5271461, deviceId=7, source=0x101 }
D/InputEventConsistencyVerifier( 4188):   -- recent events --
D/InputEventConsistencyVerifier( 4188):   1: sent at 5271497327000, (unhandled) MotionEvent { action=ACTION_HOVER_MOVE, id[0]=0, x[0]=807.05695, y[0]=719.0, toolType[0]=TOOL_TYPE_MOUSE, buttonState=0, metaState=0, flags=0x1, edgeFlags=0x0, pointerCount=1, historySize=0, eventTime=5271497, downTime=5246837, deviceId=17, source=0x2002 }
D/InputEventConsistencyVerifier( 4188):   2: sent at 5271389000000, (unhandled) KeyEvent { action=ACTION_UP, keyCode=KEYCODE_DPAD_DOWN, scanCode=108, metaState=0, flags=0x80000008, repeatCount=0, eventTime=5271389, downTime=5271227, deviceId=7, source=0x101 }
D/InputEventConsistencyVerifier( 4188):   3: sent at 5271266381000, MotionEvent { action=ACTION_HOVER_MOVE, id[0]=0, x[0]=807.05695, y[0]=669.75006, toolType[0]=TOOL_TYPE_MOUSE, buttonState=0, metaState=0, flags=0x0, edgeFlags=0x0, pointerCount=1, historySize=0, eventTime=5271266, downTime=5246837, deviceId=17, source=0x2002 }
D/InputEventConsistencyVerifier( 4188):   4: sent at 5271161000000, (unhandled) KeyEvent { action=ACTION_UP, keyCode=KEYCODE_DPAD_DOWN, scanCode=108, metaState=0, flags=0x80000008, repeatCount=0, eventTime=5271161, downTime=5271002, deviceId=7, source=0x101 }
D/InputEventConsistencyVerifier( 4188):   5: sent at 5271045297000, MotionEvent { action=ACTION_HOVER_MOVE, id[0]=0, x[0]=807.05695, y[0]=601.75006, toolType[0]=TOOL_TYPE_MOUSE, buttonState=0, metaState=0, flags=0x0, edgeFlags=0x0, pointerCount=1, historySize=0, eventTime=5271045, downTime=5246837, deviceId=17, source=0x2002 }
D/BrowserActivity( 4188): ***************** Key Code: 20*******************
D/BrowserActivity( 4188): getCurrentWebView() enter
D/BrowserActivity( 4188): return default
D/BrowserActivity( 4188): w.getScrollY():0
D/BrowserActivity( 4188): screenHeight:720
D/BrowserActivity( 4188): w.getContentHeight():5144
D/BrowserActivity( 4188): w.getScale():1.0
D/plugin  ( 4188): flash(4201): [531]static int16 AndroidPlugin::HandleEvent(NPP_t*, void*) evt->eventType = 5
D/plugin  ( 4188): flash(4201): [2075]int16 AndroidPlugin::HandleLifeCycleEvent(const ANPEvent*) evt->eventType = 5
D/plugin  ( 4188): flash(4201): $$$$$$$$ AndroidPlugin::HandleLifeCycleEvent kOffScreen_ANPLifecycleAction
D/BrowserActivity( 4188): ***************** Key Code: 20*******************
D/InputEventConsistencyVerifier( 4188): KeyEvent: ACTION_UP but key was not down.
D/InputEventConsistencyVerifier( 4188):   in com.android.internal.policy.impl.PhoneWindow$DecorView@416b0890
D/InputEventConsistencyVerifier( 4188):   0: sent at 5271925000000, KeyEvent { action=ACTION_UP, keyCode=KEYCODE_DPAD_DOWN, scanCode=108, metaState=0, flags=0x8, repeatCount=0, eventTime=5271925, downTime=5271761, deviceId=7, source=0x101 }
D/InputEventConsistencyVerifier( 4188):   -- recent events --
D/InputEventConsistencyVerifier( 4188):   1: sent at 5271621000000, (unhandled) KeyEvent { action=ACTION_UP, keyCode=KEYCODE_DPAD_DOWN, scanCode=108, metaState=0, flags=0x80000008, repeatCount=0, eventTime=5271621, downTime=5271461, deviceId=7, source=0x101 }
D/InputEventConsistencyVerifier( 4188):   2: sent at 5271497327000, (unhandled) MotionEvent { action=ACTION_HOVER_MOVE, id[0]=0, x[0]=807.05695, y[0]=719.0, toolType[0]=TOOL_TYPE_MOUSE, buttonState=0, metaState=0, flags=0x1, edgeFlags=0x0, pointerCount=1, historySize=0, eventTime=5271497, downTime=5246837, deviceId=17, source=0x2002 }
D/InputEventConsistencyVerifier( 4188):   3: sent at 5271389000000, (unhandled) KeyEvent { action=ACTION_UP, keyCode=KEYCODE_DPAD_DOWN, scanCode=108, metaState=0, flags=0x80000008, repeatCount=0, eventTime=5271389, downTime=5271227, deviceId=7, source=0x101 }
D/InputEventConsistencyVerifier( 4188):   4: sent at 5271266381000, MotionEvent { action=ACTION_HOVER_MOVE, id[0]=0, x[0]=807.05695, y[0]=669.75006, toolType[0]=TOOL_TYPE_MOUSE, buttonState=0, metaState=0, flags=0x0, edgeFlags=0x0, pointerCount=1, historySize=0, eventTime=5271266, downTime=5246837, deviceId=17, source=0x2002 }
D/InputEventConsistencyVerifier( 4188):   5: sent at 5271161000000, (unhandled) KeyEvent { action=ACTION_UP, keyCode=KEYCODE_DPAD_DOWN, scanCode=108, metaState=0, flags=0x80000008, repeatCount=0, eventTime=5271161, downTime=5271002, deviceId=7, source=0x101 }
D/BrowserActivity( 4188): ***************** Key Code: 20*******************
D/BrowserActivity( 4188): getCurrentWebView() enter
D/BrowserActivity( 4188): return default
D/BrowserActivity( 4188): w.getScrollY():50
D/BrowserActivity( 4188): screenHeight:720
D/BrowserActivity( 4188): w.getContentHeight():5144
D/BrowserActivity( 4188): w.getScale():1.0
D/BrowserActivity( 4188): ***************** Key Code: 20*******************
D/InputEventConsistencyVerifier( 4188): KeyEvent: ACTION_UP but key was not down.
D/InputEventConsistencyVerifier( 4188):   in com.android.internal.policy.impl.PhoneWindow$DecorView@416b0890
D/InputEventConsistencyVerifier( 4188):   0: sent at 5272193000000, KeyEvent { action=ACTION_UP, keyCode=KEYCODE_DPAD_DOWN, scanCode=108, metaState=0, flags=0x8, repeatCount=0, eventTime=5272193, downTime=5272030, deviceId=7, source=0x101 }
D/InputEventConsistencyVerifier( 4188):   -- recent events --
D/InputEventConsistencyVerifier( 4188):   1: sent at 5271925000000, (unhandled) KeyEvent { action=ACTION_UP, keyCode=KEYCODE_DPAD_DOWN, scanCode=108, metaState=0, flags=0x80000008, repeatCount=0, eventTime=5271925, downTime=5271761, deviceId=7, source=0x101 }
D/InputEventConsistencyVerifier( 4188):   2: sent at 5271621000000, (unhandled) KeyEvent { action=ACTION_UP, keyCode=KEYCODE_DPAD_DOWN, scanCode=108, metaState=0, flags=0x80000008, repeatCount=0, eventTime=5271621, downTime=5271461, deviceId=7, source=0x101 }
D/InputEventConsistencyVerifier( 4188):   3: sent at 5271497327000, (unhandled) MotionEvent { action=ACTION_HOVER_MOVE, id[0]=0, x[0]=807.05695, y[0]=719.0, toolType[0]=TOOL_TYPE_MOUSE, buttonState=0, metaState=0, flags=0x1, edgeFlags=0x0, pointerCount=1, historySize=0, eventTime=5271497, downTime=5246837, deviceId=17, source=0x2002 }
D/InputEventConsistencyVerifier( 4188):   4: sent at 5271389000000, (unhandled) KeyEvent { action=ACTION_UP, keyCode=KEYCODE_DPAD_DOWN, scanCode=108, metaState=0, flags=0x80000008, repeatCount=0, eventTime=5271389, downTime=5271227, deviceId=7, source=0x101 }
D/InputEventConsistencyVerifier( 4188):   5: sent at 5271266381000, MotionEvent { action=ACTION_HOVER_MOVE, id[0]=0, x[0]=807.05695, y[0]=669.75006, toolType[0]=TOOL_TYPE_MOUSE, buttonState=0, metaState=0, flags=0x0, edgeFlags=0x0, pointerCount=1, historySize=0, eventTime=5271266, downTime=5246837, deviceId=17, source=0x2002 }
D/BrowserActivity( 4188): ***************** Key Code: 20*******************
D/BrowserActivity( 4188): getCurrentWebView() enter
D/BrowserActivity( 4188): return default
D/BrowserActivity( 4188): w.getScrollY():100
D/BrowserActivity( 4188): screenHeight:720
D/BrowserActivity( 4188): w.getContentHeight():5144
D/BrowserActivity( 4188): w.getScale():1.0
D/BrowserActivity( 4188): ***************** Key Code: 20*******************
D/InputEventConsistencyVerifier( 4188): KeyEvent: ACTION_UP but key was not down.
D/InputEventConsistencyVerifier( 4188):   in com.android.internal.policy.impl.PhoneWindow$DecorView@416b0890
D/InputEventConsistencyVerifier( 4188):   0: sent at 5272689000000, KeyEvent { action=ACTION_UP, keyCode=KEYCODE_DPAD_DOWN, scanCode=108, metaState=0, flags=0x8, repeatCount=0, eventTime=5272689, downTime=5272530, deviceId=7, source=0x101 }
D/InputEventConsistencyVerifier( 4188):   -- recent events --
D/InputEventConsistencyVerifier( 4188):   1: sent at 5272193000000, (unhandled) KeyEvent { action=ACTION_UP, keyCode=KEYCODE_DPAD_DOWN, scanCode=108, metaState=0, flags=0x80000008, repeatCount=0, eventTime=5272193, downTime=5272030, deviceId=7, source=0x101 }
D/InputEventConsistencyVerifier( 4188):   2: sent at 5271925000000, (unhandled) KeyEvent { action=ACTION_UP, keyCode=KEYCODE_DPAD_DOWN, scanCode=108, metaState=0, flags=0x80000008, repeatCount=0, eventTime=5271925, downTime=5271761, deviceId=7, source=0x101 }
D/InputEventConsistencyVerifier( 4188):   3: sent at 5271621000000, (unhandled) KeyEvent { action=ACTION_UP, keyCode=KEYCODE_DPAD_DOWN, scanCode=108, metaState=0, flags=0x80000008, repeatCount=0, eventTime=5271621, downTime=5271461, deviceId=7, source=0x101 }
D/InputEventConsistencyVerifier( 4188):   4: sent at 5271497327000, (unhandled) MotionEvent { action=ACTION_HOVER_MOVE, id[0]=0, x[0]=807.05695, y[0]=719.0, toolType[0]=TOOL_TYPE_MOUSE, buttonState=0, metaState=0, flags=0x1, edgeFlags=0x0, pointerCount=1, historySize=0, eventTime=5271497, downTime=5246837, deviceId=17, source=0x2002 }
D/InputEventConsistencyVerifier( 4188):   5: sent at 5271389000000, (unhandled) KeyEvent { action=ACTION_UP, keyCode=KEYCODE_DPAD_DOWN, scanCode=108, metaState=0, flags=0x80000008, repeatCount=0, eventTime=5271389, downTime=5271227, deviceId=7, source=0x101 }
D/BrowserActivity( 4188): ***************** Key Code: 20*******************
D/BrowserActivity( 4188): getCurrentWebView() enter
D/BrowserActivity( 4188): return default
D/BrowserActivity( 4188): w.getScrollY():150
D/BrowserActivity( 4188): screenHeight:720
D/BrowserActivity( 4188): w.getContentHeight():5144
D/BrowserActivity( 4188): w.getScale():1.0
D/BrowserActivity( 4188): ***************** Key Code: 20*******************
D/InputEventConsistencyVerifier( 4188): KeyEvent: ACTION_UP but key was not down.
D/InputEventConsistencyVerifier( 4188):   in com.android.internal.policy.impl.PhoneWindow$DecorView@416b0890
D/InputEventConsistencyVerifier( 4188):   0: sent at 5272917000000, KeyEvent { action=ACTION_UP, keyCode=KEYCODE_DPAD_DOWN, scanCode=108, metaState=0, flags=0x8, repeatCount=0, eventTime=5272917, downTime=5272755, deviceId=7, source=0x101 }
D/InputEventConsistencyVerifier( 4188):   -- recent events --
D/InputEventConsistencyVerifier( 4188):   1: sent at 5272689000000, (unhandled) KeyEvent { action=ACTION_UP, keyCode=KEYCODE_DPAD_DOWN, scanCode=108, metaState=0, flags=0x80000008, repeatCount=0, eventTime=5272689, downTime=5272530, deviceId=7, source=0x101 }
D/InputEventConsistencyVerifier( 4188):   2: sent at 5272193000000, (unhandled) KeyEvent { action=ACTION_UP, keyCode=KEYCODE_DPAD_DOWN, scanCode=108, metaState=0, flags=0x80000008, repeatCount=0, eventTime=5272193, downTime=5272030, deviceId=7, source=0x101 }
D/InputEventConsistencyVerifier( 4188):   3: sent at 5271925000000, (unhandled) KeyEvent { action=ACTION_UP, keyCode=KEYCODE_DPAD_DOWN, scanCode=108, metaState=0, flags=0x80000008, repeatCount=0, eventTime=5271925, downTime=5271761, deviceId=7, source=0x101 }
D/InputEventConsistencyVerifier( 4188):   4: sent at 5271621000000, (unhandled) KeyEvent { action=ACTION_UP, keyCode=KEYCODE_DPAD_DOWN, scanCode=108, metaState=0, flags=0x80000008, repeatCount=0, eventTime=5271621, downTime=5271461, deviceId=7, source=0x101 }
D/InputEventConsistencyVerifier( 4188):   5: sent at 5271497327000, (unhandled) MotionEvent { action=ACTION_HOVER_MOVE, id[0]=0, x[0]=807.05695, y[0]=719.0, toolType[0]=TOOL_TYPE_MOUSE, buttonState=0, metaState=0, flags=0x1, edgeFlags=0x0, pointerCount=1, historySize=0, eventTime=5271497, downTime=5246837, deviceId=17, source=0x2002 }
D/BrowserActivity( 4188): --------------------- on load resource --------------------
D/BrowserActivity( 4188): ***************** Key Code: 20*******************
D/BrowserActivity( 4188): getCurrentWebView() enter
D/BrowserActivity( 4188): return default
D/BrowserActivity( 4188): w.getScrollY():200
D/BrowserActivity( 4188): screenHeight:720
D/BrowserActivity( 4188): w.getContentHeight():5144
D/BrowserActivity( 4188): w.getScale():1.0
D/BrowserActivity( 4188): ***************** Key Code: 20*******************
D/InputEventConsistencyVerifier( 4188): KeyEvent: ACTION_UP but key was not down.
D/InputEventConsistencyVerifier( 4188):   in com.android.internal.policy.impl.PhoneWindow$DecorView@416b0890
D/InputEventConsistencyVerifier( 4188):   0: sent at 5273177000000, KeyEvent { action=ACTION_UP, keyCode=KEYCODE_DPAD_DOWN, scanCode=108, metaState=0, flags=0x8, repeatCount=0, eventTime=5273177, downTime=5273015, deviceId=7, source=0x101 }
D/InputEventConsistencyVerifier( 4188):   -- recent events --
D/InputEventConsistencyVerifier( 4188):   1: sent at 5272917000000, (unhandled) KeyEvent { action=ACTION_UP, keyCode=KEYCODE_DPAD_DOWN, scanCode=108, metaState=0, flags=0x80000008, repeatCount=0, eventTime=5272917, downTime=5272755, deviceId=7, source=0x101 }
D/InputEventConsistencyVerifier( 4188):   2: sent at 5272689000000, (unhandled) KeyEvent { action=ACTION_UP, keyCode=KEYCODE_DPAD_DOWN, scanCode=108, metaState=0, flags=0x80000008, repeatCount=0, eventTime=5272689, downTime=5272530, deviceId=7, source=0x101 }
D/InputEventConsistencyVerifier( 4188):   3: sent at 5272193000000, (unhandled) KeyEvent { action=ACTION_UP, keyCode=KEYCODE_DPAD_DOWN, scanCode=108, metaState=0, flags=0x80000008, repeatCount=0, eventTime=5272193, downTime=5272030, deviceId=7, source=0x101 }
D/InputEventConsistencyVerifier( 4188):   4: sent at 5271925000000, (unhandled) KeyEvent { action=ACTION_UP, keyCode=KEYCODE_DPAD_DOWN, scanCode=108, metaState=0, flags=0x80000008, repeatCount=0, eventTime=5271925, downTime=5271761, deviceId=7, source=0x101 }
D/InputEventConsistencyVerifier( 4188):   5: sent at 5271621000000, (unhandled) KeyEvent { action=ACTION_UP, keyCode=KEYCODE_DPAD_DOWN, scanCode=108, metaState=0, flags=0x80000008, repeatCount=0, eventTime=5271621, downTime=5271461, deviceId=7, source=0x101 }
D/BrowserActivity( 4188): ***************** Key Code: 20*******************
D/BrowserActivity( 4188): getCurrentWebView() enter
D/BrowserActivity( 4188): return default
D/BrowserActivity( 4188): w.getScrollY():250
D/BrowserActivity( 4188): screenHeight:720
D/BrowserActivity( 4188): w.getContentHeight():5144
D/BrowserActivity( 4188): w.getScale():1.0
D/BrowserActivity( 4188): ***************** Key Code: 20*******************
D/InputEventConsistencyVerifier( 4188): KeyEvent: ACTION_UP but key was not down.
D/InputEventConsistencyVerifier( 4188):   in com.android.internal.policy.impl.PhoneWindow$DecorView@416b0890
D/InputEventConsistencyVerifier( 4188):   0: sent at 5273417000000, KeyEvent { action=ACTION_UP, keyCode=KEYCODE_DPAD_DOWN, scanCode=108, metaState=0, flags=0x8, repeatCount=0, eventTime=5273417, downTime=5273249, deviceId=7, source=0x101 }
D/InputEventConsistencyVerifier( 4188):   -- recent events --
D/InputEventConsistencyVerifier( 4188):   1: sent at 5273177000000, (unhandled) KeyEvent { action=ACTION_UP, keyCode=KEYCODE_DPAD_DOWN, scanCode=108, metaState=0, flags=0x80000008, repeatCount=0, eventTime=5273177, downTime=5273015, deviceId=7, source=0x101 }
D/InputEventConsistencyVerifier( 4188):   2: sent at 5272917000000, (unhandled) KeyEvent { action=ACTION_UP, keyCode=KEYCODE_DPAD_DOWN, scanCode=108, metaState=0, flags=0x80000008, repeatCount=0, eventTime=5272917, downTime=5272755, deviceId=7, source=0x101 }
D/InputEventConsistencyVerifier( 4188):   3: sent at 5272689000000, (unhandled) KeyEvent { action=ACTION_UP, keyCode=KEYCODE_DPAD_DOWN, scanCode=108, metaState=0, flags=0x80000008, repeatCount=0, eventTime=5272689, downTime=5272530, deviceId=7, source=0x101 }
D/InputEventConsistencyVerifier( 4188):   4: sent at 5272193000000, (unhandled) KeyEvent { action=ACTION_UP, keyCode=KEYCODE_DPAD_DOWN, scanCode=108, metaState=0, flags=0x80000008, repeatCount=0, eventTime=5272193, downTime=5272030, deviceId=7, source=0x101 }
D/InputEventConsistencyVerifier( 4188):   5: sent at 5271925000000, (unhandled) KeyEvent { action=ACTION_UP, keyCode=KEYCODE_DPAD_DOWN, scanCode=108, metaState=0, flags=0x80000008, repeatCount=0, eventTime=5271925, downTime=5271761, deviceId=7, source=0x101 }
D/BrowserActivity( 4188): ***************** Key Code: 20*******************
D/BrowserActivity( 4188): getCurrentWebView() enter
D/BrowserActivity( 4188): return default
D/BrowserActivity( 4188): w.getScrollY():300
D/BrowserActivity( 4188): screenHeight:720
D/BrowserActivity( 4188): w.getContentHeight():5144
D/BrowserActivity( 4188): w.getScale():1.0
D/BrowserActivity( 4188): ***************** Key Code: 20*******************
D/InputEventConsistencyVerifier( 4188): KeyEvent: ACTION_UP but key was not down.
D/InputEventConsistencyVerifier( 4188):   in com.android.internal.policy.impl.PhoneWindow$DecorView@416b0890
D/InputEventConsistencyVerifier( 4188):   0: sent at 5273653000000, KeyEvent { action=ACTION_UP, keyCode=KEYCODE_DPAD_DOWN, scanCode=108, metaState=0, flags=0x8, repeatCount=0, eventTime=5273653, downTime=5273492, deviceId=7, source=0x101 }
D/InputEventConsistencyVerifier( 4188):   -- recent events --
D/InputEventConsistencyVerifier( 4188):   1: sent at 5273417000000, (unhandled) KeyEvent { action=ACTION_UP, keyCode=KEYCODE_DPAD_DOWN, scanCode=108, metaState=0, flags=0x80000008, repeatCount=0, eventTime=5273417, downTime=5273249, deviceId=7, source=0x101 }
D/InputEventConsistencyVerifier( 4188):   2: sent at 5273177000000, (unhandled) KeyEvent { action=ACTION_UP, keyCode=KEYCODE_DPAD_DOWN, scanCode=108, metaState=0, flags=0x80000008, repeatCount=0, eventTime=5273177, downTime=5273015, deviceId=7, source=0x101 }
D/InputEventConsistencyVerifier( 4188):   3: sent at 5272917000000, (unhandled) KeyEvent { action=ACTION_UP, keyCode=KEYCODE_DPAD_DOWN, scanCode=108, metaState=0, flags=0x80000008, repeatCount=0, eventTime=5272917, downTime=5272755, deviceId=7, source=0x101 }
D/InputEventConsistencyVerifier( 4188):   4: sent at 5272689000000, (unhandled) KeyEvent { action=ACTION_UP, keyCode=KEYCODE_DPAD_DOWN, scanCode=108, metaState=0, flags=0x80000008, repeatCount=0, eventTime=5272689, downTime=5272530, deviceId=7, source=0x101 }
D/InputEventConsistencyVerifier( 4188):   5: sent at 5272193000000, (unhandled) KeyEvent { action=ACTION_UP, keyCode=KEYCODE_DPAD_DOWN, scanCode=108, metaState=0, flags=0x80000008, repeatCount=0, eventTime=5272193, downTime=5272030, deviceId=7, source=0x101 }
D/BrowserActivity( 4188): ***************** Key Code: 20*******************
D/BrowserActivity( 4188): getCurrentWebView() enter
D/BrowserActivity( 4188): return default
D/BrowserActivity( 4188): w.getScrollY():350
D/BrowserActivity( 4188): screenHeight:720
D/BrowserActivity( 4188): w.getContentHeight():5144
D/BrowserActivity( 4188): w.getScale():1.0
D/BrowserActivity( 4188): ***************** Key Code: 20*******************
D/InputEventConsistencyVerifier( 4188): KeyEvent: ACTION_UP but key was not down.
D/InputEventConsistencyVerifier( 4188):   in com.android.internal.policy.impl.PhoneWindow$DecorView@416b0890
D/InputEventConsistencyVerifier( 4188):   0: sent at 5273885000000, KeyEvent { action=ACTION_UP, keyCode=KEYCODE_DPAD_DOWN, scanCode=108, metaState=0, flags=0x8, repeatCount=0, eventTime=5273885, downTime=5273726, deviceId=7, source=0x101 }
D/InputEventConsistencyVerifier( 4188):   -- recent events --
D/InputEventConsistencyVerifier( 4188):   1: sent at 5273653000000, (unhandled) KeyEvent { action=ACTION_UP, keyCode=KEYCODE_DPAD_DOWN, scanCode=108, metaState=0, flags=0x80000008, repeatCount=0, eventTime=5273653, downTime=5273492, deviceId=7, source=0x101 }
D/InputEventConsistencyVerifier( 4188):   2: sent at 5273417000000, (unhandled) KeyEvent { action=ACTION_UP, keyCode=KEYCODE_DPAD_DOWN, scanCode=108, metaState=0, flags=0x80000008, repeatCount=0, eventTime=5273417, downTime=5273249, deviceId=7, source=0x101 }
D/InputEventConsistencyVerifier( 4188):   3: sent at 5273177000000, (unhandled) KeyEvent { action=ACTION_UP, keyCode=KEYCODE_DPAD_DOWN, scanCode=108, metaState=0, flags=0x80000008, repeatCount=0, eventTime=5273177, downTime=5273015, deviceId=7, source=0x101 }
D/InputEventConsistencyVerifier( 4188):   4: sent at 5272917000000, (unhandled) KeyEvent { action=ACTION_UP, keyCode=KEYCODE_DPAD_DOWN, scanCode=108, metaState=0, flags=0x80000008, repeatCount=0, eventTime=5272917, downTime=5272755, deviceId=7, source=0x101 }
D/InputEventConsistencyVerifier( 4188):   5: sent at 5272689000000, (unhandled) KeyEvent { action=ACTION_UP, keyCode=KEYCODE_DPAD_DOWN, scanCode=108, metaState=0, flags=0x80000008, repeatCount=0, eventTime=5272689, downTime=5272530, deviceId=7, source=0x101 }
E/        ( 4188): get vaddr failed:pvaddr_read=0x62d3c000,pvaddr_internal=0x62e3c000,pvaddr_write=0x0
D/BrowserActivity( 4188): ***************** Key Code: 20*******************
D/BrowserActivity( 4188): getCurrentWebView() enter
D/BrowserActivity( 4188): return default
D/BrowserActivity( 4188): w.getScrollY():400
D/BrowserActivity( 4188): screenHeight:720
D/BrowserActivity( 4188): w.getContentHeight():5144
D/BrowserActivity( 4188): w.getScale():1.0
D/BrowserActivity( 4188): ***************** Key Code: 20*******************
D/InputEventConsistencyVerifier( 4188): KeyEvent: ACTION_UP but key was not down.
D/InputEventConsistencyVerifier( 4188):   in com.android.internal.policy.impl.PhoneWindow$DecorView@416b0890
D/InputEventConsistencyVerifier( 4188):   0: sent at 5274125000000, KeyEvent { action=ACTION_UP, keyCode=KEYCODE_DPAD_DOWN, scanCode=108, metaState=0, flags=0x8, repeatCount=0, eventTime=5274125, downTime=5273964, deviceId=7, source=0x101 }
D/InputEventConsistencyVerifier( 4188):   -- recent events --
D/InputEventConsistencyVerifier( 4188):   1: sent at 5273885000000, (unhandled) KeyEvent { action=ACTION_UP, keyCode=KEYCODE_DPAD_DOWN, scanCode=108, metaState=0, flags=0x80000008, repeatCount=0, eventTime=5273885, downTime=5273726, deviceId=7, source=0x101 }
D/InputEventConsistencyVerifier( 4188):   2: sent at 5273653000000, (unhandled) KeyEvent { action=ACTION_UP, keyCode=KEYCODE_DPAD_DOWN, scanCode=108, metaState=0, flags=0x80000008, repeatCount=0, eventTime=5273653, downTime=5273492, deviceId=7, source=0x101 }
D/InputEventConsistencyVerifier( 4188):   3: sent at 5273417000000, (unhandled) KeyEvent { action=ACTION_UP, keyCode=KEYCODE_DPAD_DOWN, scanCode=108, metaState=0, flags=0x80000008, repeatCount=0, eventTime=5273417, downTime=5273249, deviceId=7, source=0x101 }
D/InputEventConsistencyVerifier( 4188):   4: sent at 5273177000000, (unhandled) KeyEvent { action=ACTION_UP, keyCode=KEYCODE_DPAD_DOWN, scanCode=108, metaState=0, flags=0x80000008, repeatCount=0, eventTime=5273177, downTime=5273015, deviceId=7, source=0x101 }
D/InputEventConsistencyVerifier( 4188):   5: sent at 5272917000000, (unhandled) KeyEvent { action=ACTION_UP, keyCode=KEYCODE_DPAD_DOWN, scanCode=108, metaState=0, flags=0x80000008, repeatCount=0, eventTime=5272917, downTime=5272755, deviceId=7, source=0x101 }
D/BrowserActivity( 4188): ***************** Key Code: 20*******************
D/BrowserActivity( 4188): getCurrentWebView() enter
D/BrowserActivity( 4188): return default
D/BrowserActivity( 4188): w.getScrollY():450
D/BrowserActivity( 4188): screenHeight:720
D/BrowserActivity( 4188): w.getContentHeight():5144
D/BrowserActivity( 4188): w.getScale():1.0
D/BrowserActivity( 4188): ***************** Key Code: 20*******************
D/InputEventConsistencyVerifier( 4188): KeyEvent: ACTION_UP but key was not down.
D/InputEventConsistencyVerifier( 4188):   in com.android.internal.policy.impl.PhoneWindow$DecorView@416b0890
D/InputEventConsistencyVerifier( 4188):   0: sent at 5274381000000, KeyEvent { action=ACTION_UP, keyCode=KEYCODE_DPAD_DOWN, scanCode=108, metaState=0, flags=0x8, repeatCount=0, eventTime=5274381, downTime=5274220, deviceId=7, source=0x101 }
D/InputEventConsistencyVerifier( 4188):   -- recent events --
D/InputEventConsistencyVerifier( 4188):   1: sent at 5274125000000, (unhandled) KeyEvent { action=ACTION_UP, keyCode=KEYCODE_DPAD_DOWN, scanCode=108, metaState=0, flags=0x80000008, repeatCount=0, eventTime=5274125, downTime=5273964, deviceId=7, source=0x101 }
D/InputEventConsistencyVerifier( 4188):   2: sent at 5273885000000, (unhandled) KeyEvent { action=ACTION_UP, keyCode=KEYCODE_DPAD_DOWN, scanCode=108, metaState=0, flags=0x80000008, repeatCount=0, eventTime=5273885, downTime=5273726, deviceId=7, source=0x101 }
D/InputEventConsistencyVerifier( 4188):   3: sent at 5273653000000, (unhandled) KeyEvent { action=ACTION_UP, keyCode=KEYCODE_DPAD_DOWN, scanCode=108, metaState=0, flags=0x80000008, repeatCount=0, eventTime=5273653, downTime=5273492, deviceId=7, source=0x101 }
D/InputEventConsistencyVerifier( 4188):   4: sent at 5273417000000, (unhandled) KeyEvent { action=ACTION_UP, keyCode=KEYCODE_DPAD_DOWN, scanCode=108, metaState=0, flags=0x80000008, repeatCount=0, eventTime=5273417, downTime=5273249, deviceId=7, source=0x101 }
D/InputEventConsistencyVerifier( 4188):   5: sent at 5273177000000, (unhandled) KeyEvent { action=ACTION_UP, keyCode=KEYCODE_DPAD_DOWN, scanCode=108, metaState=0, flags=0x80000008, repeatCount=0, eventTime=5273177, downTime=5273015, deviceId=7, source=0x101 }
D/BrowserActivity( 4188): --------------------- on load resource --------------------
D/BrowserActivity( 4188): --------------------- on load resource --------------------
D/BrowserActivity( 4188): --------------------- on load resource --------------------
D/BrowserActivity( 4188): ***************** Key Code: 20*******************
D/BrowserActivity( 4188): getCurrentWebView() enter
D/BrowserActivity( 4188): return default
D/BrowserActivity( 4188): w.getScrollY():500
D/BrowserActivity( 4188): screenHeight:720
D/BrowserActivity( 4188): w.getContentHeight():5144
D/BrowserActivity( 4188): w.getScale():1.0
D/BrowserActivity( 4188): ***************** Key Code: 20*******************
D/InputEventConsistencyVerifier( 4188): KeyEvent: ACTION_UP but key was not down.
D/InputEventConsistencyVerifier( 4188):   in com.android.internal.policy.impl.PhoneWindow$DecorView@416b0890
D/InputEventConsistencyVerifier( 4188):   0: sent at 5274649000000, KeyEvent { action=ACTION_UP, keyCode=KEYCODE_DPAD_DOWN, scanCode=108, metaState=0, flags=0x8, repeatCount=0, eventTime=5274649, downTime=5274490, deviceId=7, source=0x101 }
D/InputEventConsistencyVerifier( 4188):   -- recent events --
D/InputEventConsistencyVerifier( 4188):   1: sent at 5274381000000, (unhandled) KeyEvent { action=ACTION_UP, keyCode=KEYCODE_DPAD_DOWN, scanCode=108, metaState=0, flags=0x80000008, repeatCount=0, eventTime=5274381, downTime=5274220, deviceId=7, source=0x101 }
D/InputEventConsistencyVerifier( 4188):   2: sent at 5274125000000, (unhandled) KeyEvent { action=ACTION_UP, keyCode=KEYCODE_DPAD_DOWN, scanCode=108, metaState=0, flags=0x80000008, repeatCount=0, eventTime=5274125, downTime=5273964, deviceId=7, source=0x101 }
D/InputEventConsistencyVerifier( 4188):   3: sent at 5273885000000, (unhandled) KeyEvent { action=ACTION_UP, keyCode=KEYCODE_DPAD_DOWN, scanCode=108, metaState=0, flags=0x80000008, repeatCount=0, eventTime=5273885, downTime=5273726, deviceId=7, source=0x101 }
D/InputEventConsistencyVerifier( 4188):   4: sent at 5273653000000, (unhandled) KeyEvent { action=ACTION_UP, keyCode=KEYCODE_DPAD_DOWN, scanCode=108, metaState=0, flags=0x80000008, repeatCount=0, eventTime=5273653, downTime=5273492, deviceId=7, source=0x101 }
D/InputEventConsistencyVerifier( 4188):   5: sent at 5273417000000, (unhandled) KeyEvent { action=ACTION_UP, keyCode=KEYCODE_DPAD_DOWN, scanCode=108, metaState=0, flags=0x80000008, repeatCount=0, eventTime=5273417, downTime=5273249, deviceId=7, source=0x101 }
E/        ( 4188): get vaddr failed:pvaddr_read=0x62d3c000,pvaddr_internal=0x62e3c000,pvaddr_write=0x0
E/        ( 4188): get vaddr failed:pvaddr_read=0x62d3c000,pvaddr_internal=0x62e3c000,pvaddr_write=0x0
E/        ( 4188): get vaddr failed:pvaddr_read=0x62d3c000,pvaddr_internal=0x62e3c000,pvaddr_write=0x0
E/        ( 4188): get vaddr failed:pvaddr_read=0x62d3c000,pvaddr_internal=0x62e3c000,pvaddr_write=0x0
E/        ( 4188): get vaddr failed:pvaddr_read=0x62d3c000,pvaddr_internal=0x62e3c000,pvaddr_write=0x0
E/        ( 4188): get vaddr failed:pvaddr_read=0x62d3c000,pvaddr_internal=0x62e3c000,pvaddr_write=0x0
D/BrowserActivity( 4188): ***************** Key Code: 20*******************
D/BrowserActivity( 4188): getCurrentWebView() enter
D/BrowserActivity( 4188): return default
D/BrowserActivity( 4188): w.getScrollY():550
D/BrowserActivity( 4188): screenHeight:720
D/BrowserActivity( 4188): w.getContentHeight():5144
D/BrowserActivity( 4188): w.getScale():1.0
D/BrowserActivity( 4188): ***************** Key Code: 20*******************
D/InputEventConsistencyVerifier( 4188): KeyEvent: ACTION_UP but key was not down.
D/InputEventConsistencyVerifier( 4188):   in com.android.internal.policy.impl.PhoneWindow$DecorView@416b0890
D/InputEventConsistencyVerifier( 4188):   0: sent at 5275457000000, KeyEvent { action=ACTION_UP, keyCode=KEYCODE_DPAD_DOWN, scanCode=108, metaState=0, flags=0x8, repeatCount=0, eventTime=5275457, downTime=5275297, deviceId=7, source=0x101 }
D/InputEventConsistencyVerifier( 4188):   -- recent events --
D/InputEventConsistencyVerifier( 4188):   1: sent at 5274649000000, (unhandled) KeyEvent { action=ACTION_UP, keyCode=KEYCODE_DPAD_DOWN, scanCode=108, metaState=0, flags=0x80000008, repeatCount=0, eventTime=5274649, downTime=5274490, deviceId=7, source=0x101 }
D/InputEventConsistencyVerifier( 4188):   2: sent at 5274381000000, (unhandled) KeyEvent { action=ACTION_UP, keyCode=KEYCODE_DPAD_DOWN, scanCode=108, metaState=0, flags=0x80000008, repeatCount=0, eventTime=5274381, downTime=5274220, deviceId=7, source=0x101 }
D/InputEventConsistencyVerifier( 4188):   3: sent at 5274125000000, (unhandled) KeyEvent { action=ACTION_UP, keyCode=KEYCODE_DPAD_DOWN, scanCode=108, metaState=0, flags=0x80000008, repeatCount=0, eventTime=5274125, downTime=5273964, deviceId=7, source=0x101 }
D/InputEventConsistencyVerifier( 4188):   4: sent at 5273885000000, (unhandled) KeyEvent { action=ACTION_UP, keyCode=KEYCODE_DPAD_DOWN, scanCode=108, metaState=0, flags=0x80000008, repeatCount=0, eventTime=5273885, downTime=5273726, deviceId=7, source=0x101 }
D/InputEventConsistencyVerifier( 4188):   5: sent at 5273653000000, (unhandled) KeyEvent { action=ACTION_UP, keyCode=KEYCODE_DPAD_DOWN, scanCode=108, metaState=0, flags=0x80000008, repeatCount=0, eventTime=5273653, downTime=5273492, deviceId=7, source=0x101 }
D/BrowserActivity( 4188): ***************** Key Code: 20*******************
D/BrowserActivity( 4188): getCurrentWebView() enter
D/BrowserActivity( 4188): return default
