D/plugin  ( 4188): flash(4201): window.location is http://cpro.baidu.com/cpro/ui/uijs.php?rs=0&tu=u1042625&tn=text_default_960_90&n=90086089_cpr&adn=4&rsi1=90&rsi0=960&rad=&rss0=?23FFFFFF&conBW=0&rss1=?23FFFFFF&conOP=0&rss2=?230000FF&titFF=?25E5?25AE?258B?25E4?25BD?2593&titFS=12&titTA=left&rss3=?23444444&rss4=?23008000&rss5=&rss6=?23e10900&rsi5=4&ts=1&at=6&ch=0&cad=1&aurl=&rss7=&cpa=1&fv=11&cn=1&if=16&word=http?3A?2F?2Fwww.iqiyi.com?2Fdianying?2F20130316?2F776d10c51ad89ed3.html&refer=http?3A?2F?2Fwww.iqiyi.com?2Fdianying?2F20130316?2F776d10c51ad89ed3.html&ready=1&jk=fd6685c71a84d718&jn=3&lmt=1364841724&csp=1280,720&csn=1280,720&ccd=32&chi=4&cja=false&cpl=1&cmi=2&cce=true&csl=zh-CN&did=1&rt=68&dt=1364872001&ev=67108864&c01=0&prt=1364872001018&i3=f&anatp=0&stid=0&lunum=6
D/plugin  ( 4188): flash(4201): top.location is [object]
D/plugin  ( 4188): flash(4201): AndroidPlugin::Initialize - Leaving this:b2ee80, m_nativeWindow=0  
D/plugin  ( 4188): flash(4201): NewPlugin player=0x68348000
D/plugin  ( 4188): flash(4201): AndroidPlugin::SetWindow: this:b2ee80, thread 1d0b98, x,y,w,h [144 2117 960 90], clip[l,t,r,b]=[144 2117 1104 2207]
D/BrowserActivity( 4188): onPageFinished(WebView view, String url) leave
E/Web Console( 4188): Unsafe JavaScript attempt to access frame with URL http://www.iqiyi.com/dianying/20130316/776d10c51ad89ed3.html from frame with URL http://cpro.baidu.com/cpro/ui/uijs.php?rs=0&tu=u1042625&tn=text_default_960_90&n=90086089_cpr&adn=4&rsi1=90&rsi0=960&rad=&rss0=%23FFFFFF&conBW=0&rss1=%23FFFFFF&conOP=0&rss2=%230000FF&titFF=%25E5%25AE%258B%25E4%25BD%2593&titFS=12&titTA=left&rss3=%23444444&rss4=%23008000&rss5=&rss6=%23e10900&rsi5=4&ts=1&at=6&ch=0&cad=1&aurl=&rss7=&cpa=1&fv=11&cn=1&if=16&word=http%3A%2F%2Fwww.iqiyi.com%2Fdianying%2F20130316%2F776d10c51ad89ed3.html&refer=http%3A%2F%2Fwww.iqiyi.com%2Fdianying%2F20130316%2F776d10c51ad89ed3.html&ready=1&jk=fd6685c71a84d718&jn=3&lmt=1364841724&csp=1280,720&csn=1280,720&ccd=32&chi=4&cja=false&cpl=1&cmi=2&cce=true&csl=zh-CN&did=1&rt=68&dt=1364872001&ev=67108864&c01=0&prt=1364872001018&i3=f&anatp=0&stid=0&lunum=6. Domains, protocols and ports must match.
E/Web Console( 4188):  at null:1
D/BrowserActivity( 4188): --------------------- on load resource --------------------
D/BrowserActivity( 4188): --------------------- on load resource --------------------
D/BrowserActivity( 4188): --------------------- on load resource --------------------
D/BrowserActivity( 4188): --------------------- on load resource --------------------
D/BrowserActivity( 4188): ***************** Key Code: 20*******************
D/BrowserActivity( 4188): getCurrentWebView() enter
D/BrowserActivity( 4188): return default
V/zb.wu   ( 4188): moveCursor: x:0   y:10
I/zb.wu   ( 4188): [Client Process]jni_MouseMove be called.  X:0,Y:10
I/zb.wu   ( 4188): [Client Process]start call RPC  function......
I/browserService( 4188): [Client Process]Send E_MOVE_CURSOR
I/browserService(  745): [Service Process]Receive E_MOVE_CURSOR
I/browserService(  745): [Service Process]BrowserService::moveCursor(callingPid 4188) (x:0  y:10)
I/browserService(  745): move x:0,y:10
I/zb.wu   ( 4188): [Client Process]end of call RPC function. ret=0
D/BrowserActivity( 4188): --------------------- on load resource --------------------
D/BrowserActivity( 4188): --------------------- on load resource --------------------
D/BrowserActivity( 4188): touch X=470.05695,Y=648.0
D/BrowserActivity( 4188): ***************** Key Code: 20*******************
D/InputEventConsistencyVerifier( 4188): KeyEvent: ACTION_UP but key was not down.
D/InputEventConsistencyVerifier( 4188):   in com.android.internal.policy.impl.PhoneWindow$DecorView@416b0890
D/InputEventConsistencyVerifier( 4188):   0: sent at 5297817000000, KeyEvent { action=ACTION_UP, keyCode=KEYCODE_DPAD_DOWN, scanCode=108, metaState=0, flags=0x8, repeatCount=0, eventTime=5297817, downTime=5297657, deviceId=7, source=0x101 }
D/InputEventConsistencyVerifier( 4188):   -- recent events --
D/InputEventConsistencyVerifier( 4188):   1: sent at 5297712005000, MotionEvent { action=ACTION_HOVER_MOVE, id[0]=0, x[0]=470.05695, y[0]=648.0, toolType[0]=TOOL_TYPE_MOUSE, buttonState=0, metaState=0, flags=0x0, edgeFlags=0x0, pointerCount=1, historySize=0, eventTime=5297712, downTime=5292522, deviceId=17, source=0x2002 }
D/InputEventConsistencyVerifier( 4188):   2: sent at 5292669000000, (unhandled) KeyEvent { action=ACTION_UP, keyCode=KEYCODE_ENTER, scanCode=28, metaState=0, flags=0x80000008, repeatCount=0, eventTime=5292669, downTime=5292508, deviceId=7, source=0x101 }
D/InputEventConsistencyVerifier( 4188):   3: sent at 5292522318000, MotionEvent { action=ACTION_HOVER_MOVE, id[0]=0, x[0]=470.05695, y[0]=638.0, toolType[0]=TOOL_TYPE_MOUSE, buttonState=0, metaState=0, flags=0x0, edgeFlags=0x0, pointerCount=1, historySize=0, eventTime=5292522, downTime=5292522, deviceId=17, source=0x2002 }
D/InputEventConsistencyVerifier( 4188):   4: sent at 5292522318000, MotionEvent { action=ACTION_HOVER_ENTER, id[0]=0, x[0]=470.05695, y[0]=638.0, toolType[0]=TOOL_TYPE_MOUSE, buttonState=0, metaState=0, flags=0x0, edgeFlags=0x0, pointerCount=1, historySize=0, eventTime=5292522, downTime=5292522, deviceId=17, source=0x2002 }
D/InputEventConsistencyVerifier( 4188):   5: sent at 5292522318000, MotionEvent { action=ACTION_UP, id[0]=0, x[0]=470.05695, y[0]=638.0, toolType[0]=TOOL_TYPE_MOUSE, buttonState=0, metaState=0, flags=0x0, edgeFlags=0x0, pointerCount=1, historySize=0, eventTime=5292522, downTime=5292522, deviceId=17, source=0x2002 }
D/plugin  ( 4188): flash(4201): entering NPPlugin::NewStream, plugin=a931a0
D/plugin  ( 4188): flash(4201): AndroidURLStreamProvider constructor
D/plugin  ( 4188): flash(4201): window.location is http://www.iqiyi.com/dianying/20130316/776d10c51ad89ed3.html
D/plugin  ( 4188): flash(4201): window.location is http://www.iqiyi.com/dianying/20130316/776d10c51ad89ed3.html
D/plugin  ( 4188): flash(4201): Cache Sizes: bindings 32, metadata 1, methods 32
D/plugin  ( 4188): flash(4201): JIT mode: 0
D/plugin  ( 4188): flash(4201): JIT CSE: on
D/plugin  ( 4188): flash(4201): JIT inlining: on
D/plugin  ( 4188): flash(4201): JIT hardening: on
D/plugin  ( 4188): flash(4201): TSafeThread::Start #1903512
D/plugin  ( 4188): flash(4271): ThreadStartProc #9709536
D/plugin  ( 4188): flash(4271): TSafeThread::Run #9709536
D/plugin  ( 4188): flash(4271): TSafeThread::Thread Attached #9709536
D/plugin  ( 4188): flash(4201): gleanCount=240
D/plugin  ( 4188): flash(4201): PlatformPlayer::AdjustMainWindow 500,375
D/plugin  ( 4188): flash(4201): entering NPPlugin::NewStream, plugin=b2ee80
D/plugin  ( 4188): flash(4201): entering NPPlugin::DestroyStream reason=0, plugin=a931a0
D/plugin  ( 4188): flash(4201): StreamClose for http://www.iqiyi.com/player/cupid/common/clear.swf?r=chz8md
D/plugin  ( 4188): flash(4201): SetDataComplete(success=true len=44393) for http://www.iqiyi.com/player/cupid/common/clear.swf?r=chz8md
D/BrowserActivity( 4188): --------------------- on load resource --------------------
D/BrowserActivity( 4188): --------------------- on load resource --------------------
D/BrowserActivity( 4188): --------------------- on load resource --------------------
D/BrowserActivity( 4188): --------------------- on load resource --------------------
D/BrowserActivity( 4188): --------------------- on load resource --------------------
D/BrowserActivity( 4188): --------------------- on load resource --------------------
D/BrowserActivity( 4188): --------------------- on load resource --------------------
D/BrowserActivity( 4188): --------------------- on load resource --------------------
D/BrowserActivity( 4188): --------------------- on load resource --------------------
D/BrowserActivity( 4188): --------------------- on load resource --------------------
D/plugin  ( 4188): flash(4201): [531]static int16 AndroidPlugin::HandleEvent(NPP_t*, void*) evt->eventType = 4
D/plugin  ( 4188): flash(4201): AndroidPlugin::HandleEvent: Draw Event Type !! - plugin=a931a0
D/plugin  ( 4188): flash(4201): AndroidPlugin::AcquireNativeWindow - plugin =a931a0, npp instance = d75280 result =b0f688 
D/plugin  ( 4188): flash(4201): SUCCESS loading libAndorid: function ANativeWindow_fromSurface
D/plugin  ( 4188): flash(4201): SUCCESS loading libAndorid: function ANativeWindow_acquire
D/plugin  ( 4188): flash(4201): SUCCESS loading libAndorid: function ANativeWindow_release
D/plugin  ( 4188): flash(4201): SUCCESS loading libAndorid: function ANativeWindow_setBuffersGeometry
D/plugin  ( 4188): flash(4201): SUCCESS loading libAndorid: function ANativeWindow_lock
D/plugin  ( 4188): flash(4201): SUCCESS loading libAndorid: function ANativeWindow_unlockAndPost
D/plugin  ( 4188): flash(4201): AndroidPlugin, InitNativeWindow, setBuffersGeometry succeed w,h=(1,1),winFormat=4 
D/plugin  ( 4188): flash(4201): kDraw_ANPEventType coming in while not in full screen mode 1 1
D/plugin  ( 4188): flash(4201): kDraw_ANPEventType, call OnSurfaceChanged(), m_nativeWindow=b0f688, m_drawingModel=4
D/plugin  ( 4188): flash(4201): [JP] AndroidPlugin::OnSurfaceChanged -  Entering: this:a931a0, surfaceBitFormat, m_surfaceWidth, m_surfaceHeight, m_widthAndHeightKnown, m_windowWidth, m_windowHeight = (2,kRGB_565_ANPBitmapFormat,1,1,1,1,1)
D/plugin  ( 4188): flash(4201): [JP] GetScreenResolution 1280 720
D/plugin  ( 4188): flash(4201): [JP] Status bar height 719
D/plugin  ( 4188): flash(4201): AndroidPlugin::OnSurfaceChanged ANativeWindow_setBuffersGeometry succeed ! 
D/plugin  ( 4188):  
D/plugin  ( 4188): flash(4201): ================== Entering PlatformPlayer::RespondToSurfaceChanged - format,width,height,bgc,zoom -<2,1,1,ff000000,1.00>plugin=a931a0
D/plugin  ( 4188): flash(4201): PlatformPlayer::ClientRect <0,0,1,1>
D/plugin  ( 4188): flash(4201): Creating DISPLAY CONTEXT W,H = 1,1
D/plugin  ( 4188): flash(4201): ****************************************************************************
D/plugin  ( 4188): flash(4201): ***************        ::CreateDisplayContext  useGPU = 0      ************
D/plugin  ( 4188): flash(4201): ****************************************************************************
D/plugin  ( 4188): flash(4201): Creating an AndroidDisplayContext W,H = 1,1
D/plugin  ( 4188): flash(4201): AndroidDisplayContext::AndroidDisplayContext format = kRGB_565_ANPBitmapFormat, pick pixRGB565
D/plugin  ( 4188): flash(4201): Androiddisplaycontext NativeWindow Drawing Model, calling CreateAndroidNativeWindowCanvas  
D/plugin  ( 4188): flash(4201): AndroidNativeWindowCanvas::AndroidNativeWindowCanvas(width=1, height=1, format=(0)pixRGB565)
D/plugin  ( 4188): flash(4201):  *** USES_OFFSCREEN_MEMORYBUFFER for NativeWindow rendering, stride=4, pitch=8, w=1,h=1 
D/plugin  ( 4188):  
D/plugin  ( 4188): flash(4201): [531]static int16 AndroidPlugin::HandleEvent(NPP_t*, void*) evt->eventType = 5
D/plugin  ( 4188): flash(4201): [2075]int16 AndroidPlugin::HandleLifeCycleEvent(const ANPEvent*) evt->eventType = 5
D/plugin  ( 4188): flash(4201): $$$$$$$$ AndroidPlugin::HandleLifeCycleEvent kOnScreen_ANPLifecycleAction
D/plugin  ( 4188): flash(4201): entering NPPlugin::DestroyStream reason=0, plugin=b2ee80
D/BrowserActivity( 4188): --------------------- on load resource --------------------
D/BrowserActivity( 4188): --------------------- on load resource --------------------
D/BrowserActivity( 4188): --------------------- on load resource --------------------
D/BrowserActivity( 4188): --------------------- on load resource --------------------
D/BrowserActivity( 4188): --------------------- on load resource --------------------
E/        ( 4188): get vaddr failed:pvaddr_read=0x62d3c000,pvaddr_internal=0x62e3c000,pvaddr_write=0x0
D/BrowserActivity( 4188): --------------------- on load resource --------------------
D/BrowserActivity( 4188): --------------------- on load resource --------------------
D/plugin  ( 4188): flash(4201): AndroidURLStreamProvider destructor pPlayer = 6829e000 m_npstream= 0
D/plugin  ( 4188): flash(4201): Begin InitGlobalObject for http://www.iqiyi.com/player/cupid/common/clear.swf?r=chz8md
D/plugin  ( 4188): flash(4201): PlatformPlayer::GetScreenDPI returning 160
D/plugin  ( 4188): flash(4201): ++[ PineONE ]++ Entered SystemCapabilitiesQuery function +++
D/plugin  ( 4188): flash(4201): PlatformPlayer::GetScreenDPI returning 160
D/plugin  ( 4188): flash(4201): AndroidURLStreamProvider constructor
D/plugin  ( 4188): flash(4201): AndroidURLStreamProvider constructor
D/plugin  ( 4188): flash(4201): AndroidURLStreamProvider::RequestUrl "http://msg.iqiyi.com/vpb.gif?flag=rptusr&newusr=0&suid=fae9c9628187604ee609dba1e7e4635f&tn=0.7118675201199949"
D/plugin  ( 4188): flash(4201): AndroidURLStreamProvider::RequestUrl "http://127.0.0.1:11200/command?sender=page&mark=qiyi&dacl=normal&cmd=startacc"
D/MonitorCw880( 2912): currentRemoteHost is null ,continue
D/plugin  ( 4188): flash(4201): [531]static int16 AndroidPlugin::HandleEvent(NPP_t*, void*) evt->eventType = 4
D/plugin  ( 4188): flash(4201): AndroidPlugin::HandleEvent: Draw Event Type !! - plugin=b2ee80
D/plugin  ( 4188): flash(4201): AndroidPlugin::AcquireNativeWindow - plugin =b2ee80, npp instance = 4c1958 result =b043f8 
D/plugin  ( 4188): flash(4201): AndroidPlugin, InitNativeWindow, setBuffersGeometry succeed w,h=(960,90),winFormat=4 
D/plugin  ( 4188): flash(4201): kDraw_ANPEventType coming in while not in full screen mode 960 90
D/plugin  ( 4188): flash(4201): kDraw_ANPEventType, call OnSurfaceChanged(), m_nativeWindow=b043f8, m_drawingModel=4
D/plugin  ( 4188): flash(4201): [JP] AndroidPlugin::OnSurfaceChanged -  Entering: this:b2ee80, surfaceBitFormat, m_surfaceWidth, m_surfaceHeight, m_widthAndHeightKnown, m_windowWidth, m_windowHeight = (2,kRGB_565_ANPBitmapFormat,960,90,1,960,90)
D/plugin  ( 4188): flash(4201): [JP] GetScreenResolution 1280 720
D/plugin  ( 4188): flash(4201): [JP] Status bar height 630
D/plugin  ( 4188): flash(4201): AndroidPlugin::OnSurfaceChanged ANativeWindow_setBuffersGeometry succeed ! 
D/plugin  ( 4188):  
D/plugin  ( 4188): flash(4201): ================== Entering PlatformPlayer::RespondToSurfaceChanged - format,width,height,bgc,zoom -<2,960,90,ffffffff,1.00>plugin=b2ee80
D/plugin  ( 4188): flash(4201): PlatformPlayer::ClientRect <0,0,960,90>
E/        ( 4188): get vaddr failed:pvaddr_read=0x62d3c000,pvaddr_internal=0x62e3c000,pvaddr_write=0x0
D/plugin  ( 4188): flash(4201): Creating DISPLAY CONTEXT W,H = 960,90
D/plugin  ( 4188): flash(4201): ****************************************************************************
D/plugin  ( 4188): flash(4201): ***************        ::CreateDisplayContext  useGPU = 0      ************
D/plugin  ( 4188): flash(4201): ****************************************************************************
D/plugin  ( 4188): flash(4201): Creating an AndroidDisplayContext W,H = 960,90
D/plugin  ( 4188): flash(4201): AndroidDisplayContext::AndroidDisplayContext format = kRGB_565_ANPBitmapFormat, pick pixRGB565
D/plugin  ( 4188): flash(4201): Androiddisplaycontext NativeWindow Drawing Model, calling CreateAndroidNativeWindowCanvas  
D/plugin  ( 4188): flash(4201): AndroidNativeWindowCanvas::AndroidNativeWindowCanvas(width=960, height=90, format=(0)pixRGB565)
D/plugin  ( 4188): flash(4201):  *** USES_OFFSCREEN_MEMORYBUFFER for NativeWindow rendering, stride=960, pitch=1920, w=960,h=90 
D/plugin  ( 4188):  
D/plugin  ( 4188): flash(4201): kDraw_ANPEventType, PluginNotStarted, call RequestStartPlayer 
D/BrowserActivity( 4188): --------------------- on load resource --------------------
D/BrowserActivity( 4188): --------------------- on load resource --------------------
D/BrowserActivity( 4188): --------------------- on load resource --------------------
D/BrowserActivity( 4188): --------------------- on load resource --------------------
D/BrowserActivity( 4188): --------------------- on load resource --------------------
D/BrowserActivity( 4188): --------------------- on load resource --------------------
D/BrowserActivity( 4188): --------------------- on load resource --------------------
D/BrowserActivity( 4188): --------------------- on load resource --------------------
D/BrowserActivity( 4188): --------------------- on load resource --------------------
D/BrowserActivity( 4188): --------------------- on load resource --------------------
E/        ( 4188): get vaddr failed:pvaddr_read=0x62d3c000,pvaddr_internal=0x62e3c000,pvaddr_write=0x0
D/BrowserActivity( 4188): --------------------- on load resource --------------------
D/BrowserActivity( 4188): --------------------- on load resource --------------------
D/BrowserActivity( 4188): --------------------- on load resource --------------------
D/plugin  ( 4188): flash(4201): entering NPPlugin::NewStream, plugin=a931a0
D/plugin  ( 4188): flash(4201): window.location is http://www.iqiyi.com/dianying/20130316/776d10c51ad89ed3.html
D/plugin  ( 4188): flash(4201): entering NPPlugin::DestroyStream reason=0, plugin=a931a0
E/        ( 4188): get vaddr failed:pvaddr_read=0x62d3c000,pvaddr_internal=0x62e3c000,pvaddr_write=0x0
E/        ( 4188): get vaddr failed:pvaddr_read=0x62d3c000,pvaddr_internal=0x62e3c000,pvaddr_write=0x0
D/BrowserActivity( 4188): --------------------- on load resource --------------------
D/BrowserActivity( 4188): --------------------- on load resource --------------------
D/BrowserActivity( 4188): --------------------- on load resource --------------------
E/        ( 4188): get vaddr failed:pvaddr_read=0x62d3c000,pvaddr_internal=0x62e3c000,pvaddr_write=0x0
E/        ( 4188): get vaddr failed:pvaddr_read=0x62d3c000,pvaddr_internal=0x62e3c000,pvaddr_write=0x0
E/        ( 4188): get vaddr failed:pvaddr_read=0x62d3c000,pvaddr_internal=0x62e3c000,pvaddr_write=0x0
E/        ( 4188): get vaddr failed:pvaddr_read=0x62d3c000,pvaddr_internal=0x62e3c000,pvaddr_write=0x0
D/plugin  ( 4188): flash(4201): [531]static int16 AndroidPlugin::HandleEvent(NPP_t*, void*) evt->eventType = 6
D/plugin  ( 4188): flash(4201): AndroidPlugin::HandleEvent: kCustom_ANPEventType, evt=4, plugin=a931a0
D/plugin  ( 4188): flash(4201): AndroidPlugin::HandleCustomEvent kAndroidFlashMsg_UrlNotify  plugin a931a0,current thread 1d0b98
D/plugin  ( 4188): flash(4201): AndroidURLStreamProvider destructor pPlayer = 6829e000 m_npstream= 0
D/plugin  ( 4188): flash(4201): AndroidURLStreamProvider destructor pPlayer = 6829e000 m_npstream= 0
E/        ( 4188): get vaddr failed:pvaddr_read=0x62d3c000,pvaddr_internal=0x62e3c000,pvaddr_write=0x0
E/        ( 4188): get vaddr failed:pvaddr_read=0x62d3c000,pvaddr_internal=0x62e3c000,pvaddr_write=0x0
E/        ( 4188): get vaddr failed:pvaddr_read=0x62d3c000,pvaddr_internal=0x62e3c000,pvaddr_write=0x0
E/        ( 4188): get vaddr failed:pvaddr_read=0x62d3c000,pvaddr_internal=0x62e3c000,pvaddr_write=0x0
E/        ( 4188): get vaddr failed:pvaddr_read=0x62d3c000,pvaddr_internal=0x62e3c000,pvaddr_write=0x0
E/        ( 4188): get vaddr failed:pvaddr_read=0x62d3c000,pvaddr_internal=0x62e3c000,pvaddr_write=0x0
E/        ( 4188): get vaddr failed:pvaddr_read=0x62d3c000,pvaddr_internal=0x62e3c000,pvaddr_write=0x0
E/        ( 4188): get vaddr failed:pvaddr_read=0x62d3c000,pvaddr_internal=0x62e3c000,pvaddr_write=0x0
E/        ( 4188): get vaddr failed:pvaddr_read=0x62d3c000,pvaddr_internal=0x62e3c000,pvaddr_write=0x0
E/        ( 4188): get vaddr failed:pvaddr_read=0x62d3c000,pvaddr_internal=0x62e3c000,pvaddr_write=0x0
E/        ( 4188): get vaddr failed:pvaddr_read=0x62d3c000,pvaddr_internal=0x62e3c000,pvaddr_write=0x0
E/        ( 4188): get vaddr failed:pvaddr_read=0x62d3c000,pvaddr_internal=0x62e3c000,pvaddr_write=0x0
D/BrowserActivity( 4188): --------------------- on load resource --------------------
D/BrowserActivity( 4188): --------------------- on load resource --------------------
D/MonitorCw880( 2912): currentRemoteHost is null ,continue
D/BrowserActivity( 4188): --------------------- on load resource --------------------
D/BrowserActivity( 4188): getDefaultVideoPoster() enter
D/BrowserActivity( 4188): getDefaultVideoPoster() leave
V/HTML5VideoView( 4188): HTML5VideoFullScreen  ctor..
D/BrowserActivity( 4188): onShowCustomView() enter
V/audio_hw_primary(  739): out_get_latency ret 10ms
D/BrowserActivity( 4188): onFocusChange() enter
D/BrowserActivity( 4188): getCurrentWebView() enter
D/BrowserActivity( 4188): return default
D/BrowserActivity( 4188): onFocusChange() leave
D/BrowserActivity( 4188): setFullscreen(boolean enabled) enter
D/BrowserActivity( 4188): setFullscreen(boolean enabled) leave
D/BrowserActivity( 4188): onShowCustomView() leave
D/BrowserActivity( 4188): getVideoLoadingProgressView() enter
D/BrowserActivity( 4188): getVideoLoadingProgressView() leave
V/HTML5VideoView( 4188): HTML5VideoFullScreen surfaceCreated
W/MediaPlayer.java( 4188): setScreenOnWhilePlaying(true) is ineffective without a SurfaceHolder
D/MediaPlayer.java( 4188): Couldn't open file on client side, trying server side
D/MediaPlayerService(  739):  Create MstarPlayer
D/MstarPlayer(  739): Create MstarPlayer:0x3d068,Version:Release Mstar player lib Version:0015,Base CL:690305  Date:2012/11/06
D/MstarPlayer(  739): TV Local Time :  Tue Apr  2 11:06:51 2013
D/MstarPlayer(  739):  
D/MstarPlayer(  739): setInstance: 0x3d068
D/MstarPlayer(  739): mstar player set listener
D/MstarPlayer(  739): MstarPlayer::initCheck
D/MediaPlayerService(  739): [21] setVideoSurfaceTexture(0x3a9f8)
D/MstarPlayer(  739): MstarPlayer::setVideoSurfaceTexture 
D/MstarPlayer(  739): open mHwcFifoFD = 21
D/MstarPlayer(  739): MstarPlayer::prepareAsync
D/MstarPlayer(  739): 
D/MstarPlayer(  739):  MstarPlayer::doSetDataSource
D/MstarPlayer(  739): MstarPlayer::clearAllSource
D/MstarPlayer(  739): 
D/MstarPlayer(  739):  MstarPlayer::doSetDataSource: url=http://meta.video.qiyi.com/130/5bde74849ae9767a549301f04018815e.m3u8
D/Downloader(  739): Release Mstar Content Source CL:493363  Date:2013/03/20
E/        ( 4188): get vaddr failed:pvaddr_read=0x62d3c000,pvaddr_internal=0x62e3c000,pvaddr_write=0x0
E/        ( 4188): get vaddr failed:pvaddr_read=0x62d3c000,pvaddr_internal=0x62e3c000,pvaddr_write=0x0
E/        ( 4188): get vaddr failed:pvaddr_read=0x62d3c000,pvaddr_internal=0x62e3c000,pvaddr_write=0x0
D/Downloader(  739): Curl Version:libcurl/7.21.7 OpenSSL/1.0.0e
D/Downloader(  739): [downloadThread]init a multi curl done.curlm:0x3ded8 pRingBuffer:0x26cd20
D/DataSource_M3U8(  739): [M3U8]ContentSource_M3U8 contruct done
D/DataSource_M3U8(  739): [M3U8] try parseURLs=http://meta.video.qiyi.com/130/5bde74849ae9767a549301f04018815e.m3u8
D/DataSource_M3U8(  739): bg thread ready to run
D/Downloader(  739): [downloadThread]Downloader::removeTask  
E/        ( 4188): get vaddr failed:pvaddr_read=0x62d3c000,pvaddr_internal=0x62e3c000,pvaddr_write=0x0
D/DataSource_M3U8(  739): bg thread ready to run
D/DataSource_M3U8(  739): bg thread 230848
E/        ( 4188): get vaddr failed:pvaddr_read=0x62d3c000,pvaddr_internal=0x62e3c000,pvaddr_write=0x0
D/Downloader(  739): Content-Type: application/octet-stream
D/Downloader(  739): 
D/Downloader(  739): Content-Length: 111293
D/Downloader(  739): 
D/Downloader(  739): Downloadserver bandWidth:2056221
D/Downloader(  739): Downloadserver bandWidth:2056221
D/Downloader(  739): Downloadserver bandWidth:2056221
D/Downloader(  739): Downloadserver bandWidth:2056221
D/DataSource_M3U8(  739): parseURLs : waiting 440 ms 
D/DataSource_M3U8(  739):  mDownloadingTask.fileSize:111293 
D/DataSource_M3U8(  739):  bMultAlterBandwidthStream = 0  urlNum=667 
D/DataSource_M3U8(  739): 
D/DataSource_M3U8(  739):   parseURLs Success! urlNum : 667  
D/DataSource_M3U8(  739): bSupportAutoChangeServer = 0 
D/Downloader(  739): [downloadThread]background worker recv DOWNLOADER_COMMAND_REMOVE_TASK
D/Downloader(  739): [downloadThread]Downloader::removeTask  
D/Downloader(  739): [downloadThread]DOWNLOADER_COMMAND_REMOVE_TASK done
D/DataSource_M3U8(  739): 
D/DataSource_M3U8(  739):  parseM3u8SubStreamType :  E_CONTENT_VIDEO_TS
D/DataSource_M3U8(  739): [M3U8]----->post cmd for start first url:http://data.video.qiyi.com/videos/movie/20130315/c8da60cd09b683c9d173092821d449f1.ts?start=0&end=2368920&hsize=2707&tag=0&v=&contentlength=1895792, knowedFileSize:1895792
D/MstarPlayer(  739): MstarPlayer::doPrepare
D/MstarPlayer(  739): create MSrv_MM_PlayerInterface
D/MstarPlayer(  739): E_CONTENT_VIDEO_TS
D/MstarPlayer(  739): ===> GET source FILE Size -1 
D/MstarPlayer(  739): play content is video
D/MMPlayer(  739): constructor: 0x38588
D/MMPlayer(  739): 
D/MMPlayer(  739): connect
D/MMPlayer(  739): 
D/MMPlayer(  739): getMMPlayerService
D/IMMPlayerService(  739): Send CONNECT
D/Downloader([ 5307.318647] [irq_proc_open][373] -16
  739): [downloadThread]Downloader::removeTask  
D/Downloader(  739): [downloadThread]it is a knowed file size:1895792
D/IMMPlayer(  739): Send INITIALIZE
I//lib/ld-linux.so.3(  743): V/MMPlayerService( 758 758): MMPlayerService::connect(callingPid 739, client 0x70c00c80)
I//lib/ld-linux.so.3(  743): V/MMPlayerService( 758 758): MMPlayerService::Client constructor(callingPid 739)
I//lib/ld-linux.so.3(  743): MMPlayerService::Client::MM_Initialize()
I//lib/ld-linux.so.3(  743): MSrv_MM_PhotoPlayer::Initialize().
I//lib/ld-linux.so.3(  743): mapi_cpcodec::Initialize(). eDecoderPath:2
I//lib/ld-linux.so.3(  743): MIU interval 0x60000000.
I//lib/ld-linux.so.3(  743): E_MMAP_ID_XC_MAIN_FB PA: 0x17bc1000, VA: 0x457c2000, size: 0x1800000, IsMIU0: 1.
I//lib/ld-linux.so.3(  743): E_MMAP_ID_PHOTO_SHAREMEM PA: 0x167bc000, VA: 0x443bd000, size: 0x400, IsMIU0: 1.
I//lib/ld-linux.so.3(  743): E_MMAP_ID_JPD_READ PA: 0x167bc400, VA: 0x443bd400, size: 0x50080, IsMIU0: 1.
I//lib/ld-linux.so.3(  743): E_MMAP_ID_JPD_WRITE PA: 0x1680c480, VA: 0x4440d480, size: 0x3fc000, IsMIU0: 1.
I//lib/ld-linux.so.3(  743): E_MMAP_ID_PHOTO_DISPLAY PA: 0x163c0000, VA: 0x43fc1000, size: 0x3fc000, IsMIU0: 1.
I//lib/ld-linux.so.3(  743): E_MMAP_ID_PHOTO_INTER PA: 0x16c08480, VA: 0x44809480, size: 0x630000, IsMIU0: 1.
I//lib/ld-linux.so.3(  743): E_MMAP_ID_PHOTO_MPO_INTER PA: 0x17238480, VA: 0x44e39480, size: 0x3fc000, IsMIU0: 1.
I//lib/ld-linux.so.3(  743): E_MMAP_ID_VDPLAYER_DATA PA: 0x163c0000, VA: 0x43fc1000, size: 0x1000, IsMIU0: 1.
I//lib/ld-linux.so.3(  743): E_MMAP_ID_VDPLAYER_BITSTREAM PA: 0x16d40000, VA: 0x44941000, size: 0x400000, IsMIU0: 1.
I//lib/ld-linux.so.3(  743): E_MMAP_ID_VDPLAYER_BITSTREAM_EXT PA: 0x16940000, VA: 0x44541000, size: 0x400000, IsMIU0: 1.
I//lib/ld-linux.so.3(  743): E_MMAP_ID_SUBTITLE PA: 0x16740000, VA: 0x44341000, size: 0x1e0000, IsMIU0: 1.
I//lib/ld-linux.so.3(  743): E_MMAP_ID_MAD_DEC PA: 0x15c40000, VA: 0x43841000, size: 0x280000, IsMIU0: 1.
I//lib/ld-linux.so.3(  743): E_MMAP_ID_VDEC_CPU PA: 0x1b800000, VA: 0x49401000, size: 0x200000, IsMIU0: 1.
I//lib/ld-linux.so.3(  743): E_MMAP_ID_VDEC_FRAMEBUFFER PA: 0x1ba00000, VA: 0x49601000, size: 0x1b00000, IsMIU0: 1.
I//lib/ld-linux.so.3(  743): E_MMAP_ID_VDEC_FRAMEBUFFERSD PA: 0x1ba00000, VA: 0x49601000, size: 0x1b00000, IsMIU0: 1.
I//lib/ld-linux.so.3(  743): E_MMAP_ID_VDEC_BITSTREAM PA: 0x1d500000, VA: 0x4b101000, size: 0x800000, IsMIU0: 1.
I//lib/ld-linux.so.3(  743): E_MMAP_ID_VDEC_MVC_FRAMEBUFFER PA: 0x1ba00000, VA: 0x49601000, size: 0x2b00000, IsMIU0: 1.
I//lib/ld-linux.so.3(  743): E_MMAP_ID_VDEC_MVC_BITSTREAM PA: 0x1e500000, VA: 0x4c101000, size: 0x1600000, IsMIU0: 1.
I//lib/ld-linux.so.3(  743): E_MMAP_ID_DMX_SECBUF PA: 0xd0000, VA: 0x411d1000, size: 0x70000, IsMIU0: 1.
I//lib/ld-linux.so.3(  743): Thread name: mapi_cpcodec.
I//lib/ld-linux.so.3(  743): ???????? Important,The MMAP ID(110) does not existed!, please check it...
I//lib/ld-linux.so.3(  743): ???????? Please update the right system configure...
I//lib/ld-linux.so.3(  743): ???????? Important,The MMAP ID(111) does not existed!, please check it...
I//lib/ld-linux.so.3(  743): ???????? Please update the right system configure...
I//lib/ld-linux.so.3(  743): Panel width: 1280, heigt: 720.
I//lib/ld-linux.so.3(  743): MPO SBS width: 1792, heigt: 504.
I//lib/ld-linux.so.3(  743): Output Buffer start: 0x4440d480, BUS address start: 0x5680c480, size: 0x3fc000.
I//lib/ld-linux.so.3(  743): Display Buffer start: 0x43fc1000, BUS address start: 0x563c0000, size: 0x3fc000.
I//lib/ld-linux.so.3(  743): Internal Buffer start: 0x44809480, BUS address start: 0x56c08480, size: 0x630000.
I//lib/ld-linux.so.3(  743): MPO Internal Buffer start: 0x44e39480, BUS address start: 0x57238480, size: 0x3fc000.
I//lib/ld-linux.so.3(  743): MSrv_MM_PhotoPlayer::Initialize() Done.
I//lib/ld-linux.so.3(  743): >>> MSrv_MM_VideoPlayer  Initialize 
I//lib/ld-linux.so.3(  743): mapi_cpcodec::Initialize(). eDecoderPath:2
I//lib/ld-linux.so.3(  743): ******Amplifier_TI5707_SWMute(0)
I//lib/ld-linux.so.3(  743): 5707write fail = 7
I//lib/ld-linux.so.3(  743): 5707write fail = 7
I//lib/ld-linux.so.3(  743): 5707write fail = 7
I//lib/ld-linux.so.3(  743): 5707write fail = 7
D/IMMPlayer(  739): Get ret:0
D/IMMPlayer(  739): Send PLAYER_COMMAND_ADD_EVENT_RECIPIENT_FPTR
D/IMMPlayer(  739): Get ret:1
D/IMMPlayer(  739): Send MM_SetPlayerTimeOutValue
D/IMMPlayer(  739): pTimeOutInfo->u32FileIOTimeOut:4294967295
D/IMMPlayer(  739): pTimeOutInfo->u32FileReadTimeOut:4294967295
D/IMMPlayer(  739): pTimeOutInfo->u32FileSeekTimeOut:4294967295
D/IMMPlayer(  739): pTimeOutInfo->u32DecodeCtrlTimeOut:4294967295
D/IMMPlayer(  739): pTimeOutInfo->u32ESBuffCtrlTimeOut:-1
D/IMMPlayer(  739): Get ret:0
D/IMMPlayer(  739): Send MM_SetStreamTotalTime
D/IMMPlayer(  739): u32TotalTime:5887000
D/IMMPlayer(  739): Get ret:0
D/IMMPlayer(  739): Send MM_CreateMediaItem
D/IMMPlayer(  739): stMedia.u32FileID:253656
D/IMMPlayer(  739): stMedia.u32FileSecondID:0
D/IMMPlayer(  739): stMedia.u32FileThirdID:0
D/IMMPlayer(  739): stMedia.u32FileFourthID:0
D/IMMPlayer(  739): stMedia.u64FileLength:18446744073709551615
D/IMMPlayer(  739): stMedia.eMediaType:2
D/IMMPlayer(  739): stMedia.eMediaFileType:2
D/IMMPlayer(  739): stMedia.eMediaCreateMode:0
D/IMMPlayer(  739): stMedia.u32CtlFlag:66
I//lib/ld-linux.so.3(  743): 5707write fail = 6
I//lib/ld-linux.so.3(  743): Panel width: 01280, heigt: 720.
I//lib/ld-linux.so.3(  743): Thread name: MM_Audio.
I//lib/ld-linux.so.3(  743): Thread name: MM_Audio.
D/IMMPlayer(  739): Get ret:0
D/MstarPlayer(  739): media item 0x1
D/MstarPlayer(  739): MstarPlayer::doPrepare done
I//lib/ld-linux.so.3(  743): Video Item Info, file ID: 0x3ded8, file length: 0xffffffff 0xffffffff.
I//lib/ld-linux.so.3(  743): Output Resolution: DISPLAY_DACOUT_576P or DISPLAY_DACOUT_720P_50 or DISPLAY_DACOUT_1080P_50.
I//lib/ld-linux.so.3(  743): >>>GetDRMSetting From EEPROM
I//lib/ld-linux.so.3(  743): mapi_cpcodec::CreateMedia(): 5307298.
I//lib/ld-linux.so.3(  743): 1 File ID: 0x3ded8, 2 File ID: 0x0, 3 File ID: 0x0, 4 File ID: 0x0.
I//lib/ld-linux.so.3(  743): File size: 0xffffffff ffffffff.
I//lib/ld-linux.so.3(  743): Media Type: 0, File Type: 2, Create Mode: 0.
I//lib/ld-linux.so.3(  743): mapi_cpcodec::videoCreateMedia().
I//lib/ld-linux.so.3(  743): Reconfigure Buffer.
I//lib/ld-linux.so.3(  743): E_MMAP_ID_VDEC_FRAMEBUFFER PA: 0x1ba00000, VA: 0x49601000, size: 0x1b00000, IsMIU0: 1.
I//lib/ld-linux.so.3(  743): E_MMAP_ID_VDEC_FRAMEBUFFERSD PA: 0x1ba00000, VA: 0x49601000, size: 0x1b00000, IsMIU0: 1.
I//lib/ld-linux.so.3(  743): E_MMAP_ID_VDEC_BITSTREAM PA: 0x1d500000, VA: 0x4b101000, size: 0x800000, IsMIU0: 1.
I//lib/ld-linux.so.3(  743): E_MMAP_ID_VDEC_MVC_FRAMEBUFFER PA: 0x1ba00000, VA: 0x49601000, size: 0x2b00000, IsMIU0: 1.
I//lib/ld-linux.so.3(  743): E_MMAP_ID_VDEC_MVC_BITSTREAM PA: 0x1e500000, VA: 0x4c101000, size: 0x1600000, IsMIU0: 1.
I//lib/ld-linux.so.3(  743): Copy TSP FW bin 70c02a28 -> 411d1000; 4400
I//lib/ld-linux.so.3(  743): drop error frame.
I//lib/ld-linux.so.3(  7[ 5307.946575] 
[ 5307.946584] irq_proc_write
43): pCodecMedia eFileType:2,eAppType:0 
I//lib/ld-linux.so.3(  743): default unseekable Stream mode config: Set preload size 0x4000
I//lib/ld-linux.so.3(  743): Stream mode. Set read header require size: MIN_REQUIRE_SIZE
I//lib/ld-linux.so.3(  743): Stream mode. for ts,Set read header probe option: (E_VDP_READ_HEADER_PROBE_AUDIO_DISABLE | E_VDP_READ_HEADER_PROBE_DURATION_DISABLE)
I//lib/ld-linux.so.3(  743): TS total time is 5887000
I//lib/ld-linux.so.3(  743): >>>>  DRM start  DRM MODEL ID  0x3031
I[ 5307.994781] 
[ 5307.994790] irq_proc_write
//lib/ld-linux.so.3(  743): LoadDRMMemory();
I//lib/ld-linux.so.3(  743): Display Msg: 29.
I//lib/ld-linux.so.3(  743):  set Frame buffer info  MAX_FRAMENUM 4   MAX_FIELDNUM  16
I//lib/ld-linux.so.3(  743): Enable TS Subtitle codec state  1
I//lib/ld-linux.so.3(  743): [CI][HbbTV-VOD]<INFO>:[1364872011.709902] MM init start
I//lib/ld-linux.so.3(  743): videoCreateMedia Done.
I//lib/ld-linux.so.3(  743): Create CP Ccodec Video Media Done.
I//lib/ld-linux.so.3(  743): Device or resource busy
I//lib/ld-linux.so.3(  743): Cannot open interrupt descriptor for irq=147 Auth OK
I//lib/ld-linux.so.3(  743): Check S/W IP Statue
I//lib/ld-linux.so.3(  743): [0]:OFF; [1]:OFF; [2]:OFF; [3]:ON
I//lib/ld-linux.so.3(  743): [4]:OFF; [5]:OFF; [6]:OFF; [7]:OFF
I//lib/ld-linux.so.3(  743): [8]:OFF; [9]:OFF; [10]:OFF; [11]:ON
I//lib/ld-linux.so.3(  743): [12]:ON; [13]:OFF; [14]:OFF; [15]:OFF
I//lib/ld-linux.so.3(  743): [16]:OFF; [17]:OFF; [18]:OFF; [19]:ON
I//lib/ld-linux.so.3(  743): [20]:ON; [21]:ON; [22]:ON; [23]:ON
I//lib/ld-linux.so.3(  743): [24]:OFF; [25]:OFF; [26]:OFF; [27]:ON
I//lib/ld-linux.so.3(  743): [28]:ON; [29]:ON; [30]:ON; [31]:OFF
I//lib/ld-linux.so.3(  743): [32]:OFF; [33]:ON; [34]:ON; [35]:OFF
I//lib/ld-linux.so.3(  743): [36]:OFF; [37]:OFF; [38]:OFF; [39]:ON
I//lib/ld-linux.so.3(  743): [40]:ON; [41]:OFF; [42]:OFF; [43]:OFF
I//lib/ld-linux.so.3(  743): [44]:OFF; [45]:OFF; [46]:OFF; [47]:OFF
I//lib/ld-linux.so.3(  743): [48]:OFF; [49]:OFF; [50]:OFF; [51]:OFF
I//lib/ld-linux.so.3(  743): [52]:OFF; [53]:OFF; [54]:OFF; [55]:OFF
I//lib/ld-linux.so.3(  743): [56]:OFF; [57]:OFF; [58]:OFF; [59]:OFF
I//lib/ld-linux.so.3(  743): [60]:OFF; [61]:OFF; [62]:OFF; [63]:OFF
I//lib/ld-linux.so.3(  743): Subtitle File Open Fail !!
I//lib/ld-linux.so.3(  743): Attached File Open Fail !!
I//lib/ld-linux.so.3(  743): Audio File Fail!!
D/MediaPlayerService(  739): [21] notify (0x257c0, 3, 1, 0)
D/BrowserActivity( 4188): --------------------- on load resource --------------------
I//lib/ld-linux.so.3(  743): Blocking Read: 305, size: 0x1000.
I//lib/ld-linux.so.3(  743): Blocking Read: 0, size: 0x8000.
I//lib/ld-linux.so.3(  743): File format : TS
I//lib/ld-linux.so.3(  743): Blocking Read: 302, size: 0x20000.
I//lib/ld-linux.so.3(  743): Bitrate = 262144 Byte/s, Duration = 5887000 ms
I//lib/ld-linux.so.3(  743): PackSize = 28200 Byte.
I//lib/ld-linux.so.3(  743): ==============================================================================================
I//lib/ld-linux.so.3(  743): Data:MIU0; Bits:MIU0; MAD:MIU0; MVD:MIU0; SVD:MIU0; FB:MIU0; TSP:MIU0; FBL:No
I//lib/ld-linux.so.3(  743): Bit Buffer:0x44941000      Size:0x400000
I//lib/ld-linux.so.3(  743): Subtitle Bit Buffer:0x44341000     Size:0x1b0000
I//lib/ld-linux.so.3(  743): MAD Buffer:0x43841000
I//lib/ld-linux.so.3(  743): MADExt Buffer:0x44541000   Size:0x400000
I//lib/ld-linux.so.3(  743): VDEC FW Buffer:0x49401000  Size:0x200000
I//lib/ld-linux.so.3(  743): Frame Buffer:0x49601000    Size:0x1b00000
I//lib/ld-linux.so.3(  743): MVD Buffer:0x4b101000      Size:0x800000
I//lib/ld-linux.so.3(  743): TSP FW Buffer:0x411d1000   Size:0x70000
I//lib/ld-linux.so.3(  743): Data Buffer:0x163d1000     Size:0x36f000
I//lib/ld-linux.so.3(  743): Attached File Buffer Size:0xffffffff
I//lib/ld-linux.so.3(  743): -> Demuxer:0x164f8000      Size:0x248000
I//lib/ld-linux.so.3(  743): -> SeqHeader:0x43fd2000    Size:0x1000
I//lib/ld-linux.so.3(  743): -> MOV Table:0x49601000    Size:0x1b00000
I//lib/ld-linux.so.3(  743): -> MOV Static:0x43fd3000   Size:0x100000
I//lib/ld-linux.so.3(  743): -> DRM Payload:0x440d3000  Size:0x4000
I//lib/ld-linux.so.3(  743): -> DRM Playback Context:0x440d7000 Size:0x1000
I//lib/ld-linux.so.3(  743): -> MADExtend:0x440d9000    Size:0x20000
I//lib/ld-linux.so.3(  743): -> NonCache Area:0x440d8000        Size:0x1000
I//lib/ld-linux.so.3(  743): -> Reserved Size:0x0
I//lib/ld-linux.so.3(  743): ==============================================================================================
I//lib/ld-linux.so.3(  743): Initialize TS HW
I//lib/ld-linux.so.3(  743): HAL_VPU_EX_SetDbgLevel eLevel=0x1
I//lib/ld-linux.so.3(  743): Load AAC Audio Codec.
I//lib/ld-linux.so.3(  743): ========AAC Audio Codec========
I//lib/ld-linux.so.3(  743): ===== Check Audio Decoder Protection from hash-key IP =====
I//lib/ld-linux.so.3(  743): Hash-key Support DD.
I//lib/ld-linux.so.3(  743): Hash-key Support DD+.
I//lib/ld-linux.so.3(  743): Hash-key Support Generic HE-AAC !!
I//lib/ld-linux.so.3(  743): Hash-key Support WMA.
I//lib/ld-linux.so.3(  743): Hash-key Support DRA.
I//lib/ld-linux.so.3(  743): ===== Check Protection IP End                         =====
I//lib/ld-linux.so.3(  743): ******Amplifier_TI5707_SWMute(0)
I//lib/ld-linux.so.3(  743): 5707write fail = 7
I//lib/ld-linux.so.3(  743): 5707write fail = 7
I//lib/ld-linux.so.3(  743): 5707write fail = 7
I//lib/ld-linux.so.3(  743): 5707write fail = 7
I//lib/ld-linux.so.3(  743): 5707write fail = 6
I//lib/ld-linux.so.3(  743): DS enable = 0
I//lib/ld-linux.so.3(  743): Blocking Read: 0, size: 0x4000.
I//lib/ld-linux.so.3(  743): To ask Dynscaling Size from vdec  0xc00
I//lib/ld-linux.so.3(  743): jim:xxxxxxxxxxxxxxxxxxxxxxxxxxxxxxxxxxxxxxxxxxxxxxx
I//lib/ld-linux.so.3(  743):  Size(1280x528), Disp(1280x528), Par(1x1), FrameRate:25000, Interlace:0
I//lib/ld-linux.so.3(  743): 1st sequence header Decode Ready!! **
D/MstarPlayer(  739): Get E_EVENT_INIT_OK event.
D/DataSource_M3U8(  739): 
D/DataSource_M3U8(  739):  notify : 0 
D/IMMPlayer(  739): Send MM_EnableSubtitleShow
D/IMMPlayer(  739): u32Item:1
D/IMMPlayer(  739): bEnable:1
D/IMMPlayer(  739): Get ret:1
D/MstarPlayer(  739): <<<<<set init done flag
D/MstarPlayer(  739): <<<<<<<<<Init done
D/IMMPlayer(  739): Send MM_GetMetaData
D/IMMPlayer(  739): u32Item:1
D/IMMPlayer(  739): eMetadata:11
D/IMMPlayer(  739): u32BuffSize:4
D/IMMPlayer(  739): Get ret:0
D/IMMPlayer(  739): Send MM_GetMetaData
D/IMMPlayer(  739): u32Item:1
D/IMMPlayer(  739): eMetadata:12
D/IMMPlayer(  739): u32BuffSize:4
D/IMMPlayer(  739): Get ret:0
D/MediaPlayerService(  739): [21] notify (0x257c0, 5, 1280, 528)
D/MstarPlayer(  739): MstarPlayer::initRender
I//lib/ld-linux.so.3(  743): [CI][HbbTV-VOD]<INFO>:[1364872012.511878] MM init done
I//lib/ld-linux.so.3(  743): E_CPCODEC_MSG_INIT_OK: 5308102.
D/MstarPlayer(  739): MstarPlayer::initRender Done.
D/MstarPlayer(  739): prepare done....video size 1280,528
D/MediaPlayerService(  739): [21] notify (0x257c0, 1, 0, 0)
D/MstarPlayer(  739): MstarPlayer::getDuration  mFlag: 0x4
D/MstarPlayer(  739): ==========MstarPlayer::seekTo 0
D/MstarPlayer(  739): 
D/MstarPlayer(  739):  seekTo... ,do nothing
D/MediaPlayerService(  739): [21] notify (0x257c0, 4, 0, 0)
D/MstarPlayer(  739): MstarPlayer::setLooping=0
D/MstarPlayer(  739): playerType
D/MstarPlayer(  739): MstarPlayer::setLooping=0
D/IMMPlayer(  739): Send MM_Play
D/IMMPlayer(  739): u32Item:1
D/IMMPlayer(  739): Get ret:0
I//lib/ld-linux.so.3(  743): mapi_cpcodec::Play(): 5308159.
I//lib/ld-linux.so.3(  743): [CI][HbbTV-VOD]<INFO>:[1364872012.569945] MM play start
D/MediaPlayer( 4188): getMetadata
D/MstarPlayer(  739): MstarPlayer::getMetadata
D/IMMPlayer(  739): Send MM_GetMetaData
D/IMMPlayer(  739): u32Item:1
D/IMMPlayer(  739): eMetadata:20
D/IMMPlayer(  739): u32BuffSize:4
D/IMMPlayer(  739): Get ret:0
D/MstarPlayer(  739): media is seekable
D/MstarPlayer(  739): seekable media
D/IMMPlayer(  739): Send MM_GetMetaData
D/IMMPlayer(  739): u32Item:1
D/IMMPlayer(  739): eMetadata:24
D/IMMPlayer(  739): u32BuffSize:4
D/IMMPlayer(  739): Get ret:0
D/IMMPlayer(  739): Send MM_GetMetaData
D/IMMPlayer(  739): u32Item:1
D/IMMPlayer(  739): eMetadata:25
D/IMMPlayer(  739): u32BuffSize:4
D/IMMPlayer(  739): Get ret:0
D/IMMPlayer(  739): Send MM_GetMetaData
D/IMMPlayer(  739): u32Item:1
D/IMMPlayer(  739): eMetadata:26
D/IMMPlayer(  739): u32BuffSize:4
D/IMMPlayer(  739): Get ret:0
D/IMMPlayer(  739): Send MM_GetMetaData
D/IMMPlayer(  739): u32Item:1
D/IMMPlayer(  739): eMetadata:27
D/IMMPlayer(  739): u32BuffSize:4
D/IMMPlayer(  739): Get ret:0
D/IMMPlayer(  739): Send MM_GetMetaData
D/IMMPlayer(  739): u32Item:1
D/IMMPlayer(  739): eMetadata:22
D/IMMPlayer(  739): u32BuffSize:4
D/IMMPlayer(  739): Get ret:0
D/IMMPlayer(  739): Send MM_GetAudioTrackInfo
D/IMMPlayer(  739): u32Item:1
D/IMMPlayer(  739): TrackID:0
D/IMMPlayer(  739): Get pu32Info:6
D/IMMPlayer(  739): Get ret:0
D/IMMPlayer(  739): Send MM_GetMetaData
D/IMMPlayer(  739): u32Item:1
D/IMMPlayer(  739): eMetadata:18
D/IMMPlayer(  739): u32BuffSize:4
D/IMMPlayer(  739): Get ret:0
D/Metadata(  739): Metadata::appendCString16, len 2, str H
D/IMMPlayer(  739): Send MM_GetMetaData
D/IMMPlayer(  739): u32Item:1
D/IMMPlayer(  739): eMetadata:19
D/IMMPlayer(  739): u32BuffSize:4
D/IMMPlayer(  739): Get ret:0
D/Metadata(  739): Metadata::appendCString16, len 2, str A
D/IMMPlayer(  739): Send MM_GetAudioTrackID
D/IMMPlayer(  739): u32Item:1
D/IMMPlayer(  739): Get pu8TrackID:0
D/IMMPlayer(  739): Get ret:0
D/IMMPlayer(  739): Send MM_GetMetaData
D/IMMPlayer(  739): u32Item:1
D/IMMPlayer(  739): eMetadata:35
D/IMMPlayer(  739): u32BuffSize:4
D/IMMPlayer(  739): Get ret:0
D/IMMPlayer(  739): Send MM_GetMetaData
D/IMMPlayer(  739): u32Item:1
D/IMMPlayer(  739): eMetadata:10
D/IMMPlayer(  739): u32BuffSize:4
D/IMMPlayer(  739): Get ret:0
D/IMMPlayer(  739): Send MM_GetMetaData
D/IMMPlayer(  739): u32Item:1
D/IMMPlayer(  739): eMetadata:19
D/IMMPlayer(  739): u32BuffSize:4
I//lib/ld-linux.so.3(  743): Support Trick mode.
I//lib/ld-linux.so.3(  743): ------------------------------- H264-------------
D/IMMPlayer(  739): Get ret:0
E/Metadata(  739): Bad key 62
D/IMMPlayer(  739): Send MM_GetDrmInfo
D/IMMPlayer(  739): u32Item:1
D/IMMPlayer(  739): Get ret:0
D/IMMPlayer(  739): Send MM_GetResumePlay
D/IMMPlayer(  739): u32Item:1
D/IMMPlayer(  739): Get pstResumeInfo->u64FilePos:0
D/IMMPlayer(  739): Get pstResumeInfo->u32PTS:0
D/IMMPlayer(  739): Get ret:0
D/IMMPlayer(  739): Send MM_GetMetaData
D/IMMPlayer(  739): u32Item:1
D/IMMPlayer(  739): eMetadata:15
D/IMMPlayer(  739): u32BuffSize:4
D/IMMPlayer(  739): Get ret:0
D/IMMPlayer(  739): Send MM_GetMetaData
D/IMMPlayer(  739): u32Item:1
D/IMMPlayer(  739): eMetadata:11
D/IMMPlayer(  739): u32BuffSize:4
D/IMMPlayer(  739): Get ret:0
D/IMMPlayer(  739): Send MM_GetMetaData
D/IMMPlayer(  739): u32Item:1
D/IMMPlayer(  739): eMetadata:12
D/IMMPlayer(  739): u32BuffSize:4
D/IMMPlayer(  739): Get ret:0
D/IMMPlayer(  739): Send MM_GetMetaData
D/IMMPlayer(  739): u32Item:1
D/IMMPlayer(  739): eMetadata:22
D/IMMPlayer(  739): u32BuffSize:4
D/IMMPlayer(  739): Get ret:0
D/IMMPlayer(  739): Send MM_GetMetaData
D/IMMPlayer(  739): u32Item:1
D/IMMPlayer(  739): eMetadata:23
D/IMMPlayer(  739): u32BuffSize:4
D/IMMPlayer(  739): Get ret:0
D/IMMPlayer(  739): Send MM_GetMetaData
D/IMMPlayer(  739): u32Item:1
D/IMMPlayer(  739): eMetadata:57
D/IMMPlayer(  739): u32BuffSize:4
D/IMMPlayer(  739): Get ret:1
E/media.Metadata( 4188): LAST_SYSTEM=60
E/media.Metadata( 4188): LAST_SYSTEM=60
E/media.Metadata( 4188): LAST_SYSTEM=60
E/media.Metadata( 4188): LAST_SYSTEM=60
E/media.Metadata( 4188): LAST_SYSTEM=60
E/media.Metadata( 4188): LAST_SYSTEM=60
E/media.Metadata( 4188): LAST_SYSTEM=60
E/media.Metadata( 4188): LAST_SYSTEM=60
E/media.Metadata( 4188): LAST_SYSTEM=60
E/media.Metadata( 4188): LAST_SYSTEM=60
E/media.Metadata( 4188): LAST_SYSTEM=60
E/media.Metadata( 4188): LAST_SYSTEM=60
E/media.Metadata( 4188): LAST_SYSTEM=60
E/media.Metadata( 4188): LAST_SYSTEM=60
E/media.Metadata( 4188): LAST_SYSTEM=60
E/media.Metadata( 4188): LAST_SYSTEM=60
E/media.Metadata( 4188): LAST_SYSTEM=60
E/media.Metadata( 4188): LAST_SYSTEM=60
E/media.Metadata( 4188): LAST_SYSTEM=60
E/media.Metadata( 4188): LAST_SYSTEM=60
E/media.Metadata( 4188): LAST_SYSTEM=60
E/media.Metadata( 4188): LAST_SYSTEM=60
E/media.Metadata( 4188): LAST_SYSTEM=60
E/media.Metadata( 4188): LAST_SYSTEM=60
E/media.Metadata( 4188): LAST_SYSTEM=60
E/media.Metadata( 4188): LAST_SYSTEM=60
E/media.Metadata( 4188): LAST_SYSTEM=60
E/media.Metadata( 4188): LAST_SYSTEM=60
E/media.Metadata( 4188): LAST_SYSTEM=60
E/media.Metadata( 4188): LAST_SYSTEM=60
E/media.Metadata( 4188): LAST_SYSTEM=60
I//lib/ld-linux.so.3(  743): MApp_VDPlayer_Play
I//lib/ld-linux.so.3(  743): [CI][HbbTV-VOD]<INFO>:[1364872012.586334] MM setup display start
I//lib/ld-linux.so.3(  743): Display Msg: 33.
I//lib/ld-linux.so.3(  743): Screen Setting: 1.
I//lib/ld-linux.so.3(  743): Set Black Screen ON.
I//lib/ld-linux.so.3(  743): Video set up display.
I//lib/ld-linux.so.3(  743): Scaler frame buffer mode.
I//lib/ld-linux.so.3(  743): stDisplayInfo.u32OutputRate: 0.
I//lib/ld-linux.so.3(  743): Display Msg: 28.
I//lib/ld-linux.so.3(  743): Video Width: 1280, Height: 528, FrameRate: 25000, Interlace: 0.
I//lib/ld-linux.so.3(  743): crop: left=0, right=0, top=0, bottom=0
I//lib/ld-linux.so.3(  743): Video Type: 2.
I//lib/ld-linux.so.3(  743): Video PAR Width: 1280, Height: 528.
I//lib/ld-linux.so.3(  743): Video Aspect Ratio: 80x33.
I//lib/ld-linux.so.3(  743): 1. Display Rect: x: 0, y: 0, width: 1280, height: 720.
I//lib/ld-linux.so.3(  743): 2. Display Rect: x: 0, y: 96, width: 1280, height: 528.
I//lib/ld-linux.so.3(  743): CropRect u16X=0, u16Y=0, u16Width=1280, u16Height=528
I//lib/ld-linux.so.3(  743): DispRect u16X=0, u16Y=96, u16Width=1280, u16Height=528
I//lib/ld-linux.so.3(  743): Scaler start: 0x17bc1000, size: 0x1800000.
I//lib/ld-linux.so.3(  743): MVOP switch to MIU 0.
I//lib/ld-linux.so.3(  743): ->u16FrameRate = 25000
I//lib/ld-linux.so.3(  743): ->u8Interlace = 0
I//lib/ld-linux.so.3(  743): ->u16HorSize = 1280
I//lib/ld-linux.so.3(  743): ->u16VerSize = 528
I//lib/ld-linux.so.3(  743): STC Updated by Video: (43584987->80)
I//lib/ld-linux.so.3(  743): Crop Win, X: 0, Y: 0, W: 1280, H: 528.
I//lib/ld-linux.so.3(  743): Diso Win, X: 0, Y: 96, W: 1280, H: 528.
I//lib/ld-linux.so.3(  743): [MApi_Video] CropWin assigned: x,y,w,h=0,0,1280,528
I//lib/ld-linux.so.3(  743): [MApi_Video] DstWin assigned: x,y,w,h=0,96,1280,528
I//lib/ld-linux.so.3(  743): [MApi_Video] SrcWin1[Win=0]: x,y,w,h=152,19,1280,528
I//lib/ld-linux.so.3(  743): [MApi_Video] CropWin1: x,y,w,h=0,0,1280,528
I//lib/ld-linux.so.3(  743): [MApi_Video] DispWin1: x,y,w,h=0,96,1280,528
I//lib/ld-linux.so.3(  743): === open 3D OverScan ===
I//lib/ld-linux.so.3(  743): [MApi_Video] SrcWin2: x,y,w,h=152,19,1280,528
I//lib/ld-linux.so.3(  743): [MApi_Video] CropWin2: x,y,w,h=0,0,1280,528
I//lib/ld-linux.so.3(  743): [MApi_Video] DispWin2: x,y,w,h=0,96,1280,528
I//lib/ld-linux.so.3(  743): [MApi_Video] SrcWin3: x,y,w,h=152,19,1280,528
I//lib/ld-linux.so.3(  743): [MApi_Video] CropWin3: x,y,w,h=0,0,1280,528
I//lib/ld-linux.so.3(  743): [MApi_Video] DispWin3: x,y,w,h=0,96,1280,528
I//lib/ld-linux.so.3(  743): [MApi_Video] SrcWin5[Win=0]: x,y,w,h=152,19,1280,528
I//lib/ld-linux.so.3(  743): [MApi_Video] CropWin5: x,y,w,h=0,0,1280,528
I//lib/ld-linux.so.3(  743): [MApi_Video] DispWin5: x,y,w,h=0,96,1280,528
I//lib/ld-linux.so.3(  743): [MApi_Video] DLC cap Hstart=1, Hend=501, Vstart=42, Vend=1ce
I//lib/ld-linux.so.3(  743): Read Bandwidthtable.bin
D/MstarPlayer(  739): Get E_EVENT_DECODE_FIRST_FRAME_DONE event.
I//lib/ld-linux.so.3(  743): enPQMNRType is 1
I//lib/ld-linux.so.3(  743): enPQFLType is 1
I//lib/ld-linux.so.3(  743):    [Plugins_PatchPQ]Customer Path PQ Add here
I//lib/ld-linux.so.3(  743): [CI][HbbTV-VOD]<INFO>:[1364872012.829995] MM setup display done
D/MstarPlayer(  739): Read DisplayRectangle FIFO x 0, y 96, w 1280, h 528
D/MstarPlayer(  739): setDisplayRectangle  x 0, y 96, w 1280, h 528
D/IMMPlayer(  739): Send MM_SetDisplayRectangle
D/IMMPlayer(  739): u32Item:1
D/IMMPlayer(  739): stRect u16X:0
D/IMMPlayer(  739): stRect u16Y:96
D/IMMPlayer(  739): stRect u16Height:528
D/IMMPlayer(  739): stRect u16Width:1280
I//lib/ld-linux.so.3(  743): Video PAR Width: 1280, Height: 528.
I//lib/ld-linux.so.3(  743): Video Aspect Ratio: 80x33.
I//lib/ld-linux.so.3(  743): 1. Display Rect: x: 0, y: 96, width: 1280, height: 528.
I//lib/ld-linux.so.3(  743): 2. Display Rect: x: 0, y: 96, width: 1280, height: 528.
I//lib/ld-linux.so.3(  743): CropRect u16X=0, u16Y=0, u16Width=1280, u16Height=528
I//lib/ld-linux.so.3(  743): DispRect u16X=0, u16Y=96, u16Width=1280, u16Height=528
D/MstarPlayer(  739): E_EVENT_PLAYING_OK
I//lib/ld-linux.so.3(  743): Video is in playing state.
I//lib/ld-linux.so.3(  743): Audio Sync STC mode.(TS) 
I//lib/ld-linux.so.3(  743): FrmCnt:12(0,0,0) Rate:0 Sys:5308447 STC:348 VPTS:80 APTS:345 Delay:-228(40) V:6 A:12 VES:0x2cc10 AES:0x2510 PCM:0xac00 AudioErr:0x0
I//lib/ld-linux.so.3(  743): 1st Decode & Display Ready!!
I//lib/ld-linux.so.3(  743): Crop Win, X: 0, Y: 0, W: 1280, H: 528.
I//lib/ld-linux.so.3(  743): Diso Win, X: 0, Y: 96, W: 1280, H: 528.
I//lib/ld-linux.so.3(  743): [MApi_Video] CropWin assigned: x,y,w,h=0,0,1280,528
I//lib/ld-linux.so.3(  743): [MApi_Video] DstWin assigned: x,y,w,h=0,96,1280,528
I//lib/ld-linux.so.3(  743): [MApi_Video] SrcWin1[Win=0]: x,y,w,h=152,19,1280,528
I//lib/ld-linux.so.3(  743): [MApi_Video] CropWin1: x,y,w,h=0,0,1280,528
I//lib/ld-linux.so.3(  743): [MApi_Video] DispWin1: x,y,w,h=0,96,1280,528
I//lib/ld-linux.so.3(  743): === open 3D OverScan ===
I//lib/ld-linux.so.3(  743): [MApi_Video] SrcWin2: x,y,w,h=152,19,1280,528
I//lib/ld-linux.so.3(  743): [MApi_Video] CropWin2: x,y,w,h=0,0,1280,528
I//lib/ld-linux.so.3(  743): [MApi_Video] DispWin2: x,y,w,h=0,96,1280,528
I//lib/ld-linux.so.3(  743): [MApi_Video] SrcWin3: x,y,w,h=152,19,1280,528
