D/InputEventConsistencyVerifier( 4188):   4: sent at 5322977000000, (unhandled) KeyEvent { action=ACTION_UP, keyCode=KEYCODE_DPAD_RIGHT, scanCode=106, metaState=0, flags=0x8, repeatCount=0, eventTime=5322977, downTime=5322816, deviceId=7, source=0x101 }
D/InputEventConsistencyVerifier( 4188):   5: sent at 5322816000000, KeyEvent { action=ACTION_DOWN, keyCode=KEYCODE_DPAD_RIGHT, scanCode=106, metaState=0, flags=0x8, repeatCount=0, eventTime=5322816, downTime=5322816, deviceId=7, source=0x101 }
D/MstarPlayer(  739): MstarPlayer::setLooping=0
D/MstarPlayer(  739): playerType
D/MstarPlayer(  739): MstarPlayer::setLooping=0
D/IMMPlayer(  739): Send MM_SetTrickMode
D/IMMPlayer(  739): u32Item:1
D/IMMPlayer(  739): stTrickInfo->eMode:0
D/IMMPlayer(  739): stTrickInfo->eSpeed:1
D/IMMPlayer(  739): Get ret:0
I//lib/ld-linux.so.3(  743): 1. Mode: 0, Speed: 1.
I//lib/ld-linux.so.3(  743): SetTrickMode, Mode: 0, Speed: 1.
I//lib/ld-linux.so.3(  743): Send to Co-processor: eMode: 0, eSpeed: 1.
D/Downloader(  739): Downloadserver bandWidth:3378486
D/Downloader(  739): Downloadserver bandWidth:3378486
D/Downloader(  739): Downloadserver bandWidth:3378486
D/Downloader(  739): Downloadserver bandWidth:3378486
D/DataSource_M3U8(  739): [M3U8] checkShouldStartNext :[28](864048/864048)   sequence:0  start next:29  
D/DataSource_M3U8(  739): 
D/DataSource_M3U8(  739): 
D/DataSource_M3U8(  739): 
D/DataSource_M3U8(  739): [M3U8]-7----->This :0x54910 --> post cmd for start next url:http://data.video.qiyi.com/videos/movie/20130315/c8da60cd09b683c9d173092821d449f1.ts?start=39096251&end=41211906&hsize=2707&tag=1&v=&contentlength=646720, knowedFileSize:646720, mCurDowningIndex:28
D/DataSource_M3U8(  739): 
D/DataSource_M3U8(  739): 
D/Downloader(  739): [downloadThread]Downloader::removeTask  
D/Downloader(  739): [downloadThread]it is a knowed file size:646720
D/Downloader(  739): [downloadThread]task have range string:0- 
D/DataSource_M3U8(  739): 
D/DataSource_M3U8(  739):  Warnig::  getValidBufferLength()  <  Codec require !!!
D/MstarPlayer(  739): Get Others event : 22
I//lib/ld-linux.so.3(  743): FrmCnt:445(0,7,17) Rate:6 Sys:5330400 STC:243550 VPTS:243520 APTS:243581 Delay:10(40) V:30 A:60 VES:0x1187c0 AES:0x8000 PCM:0x4bd80 AudioErr:0x0
D/MonitorCw880( 2912): currentRemoteHost is null ,continue
D/DataSource_M3U8(  739): 
D/DataSource_M3U8(  739):  Warnig::  getValidBufferLength()  <  Codec require !!!
I//lib/ld-linux.so.3(  743): FrmCnt:482(0,7,17) Rate:24 Sys:5331906 STC:245056 VPTS:245040 APTS:245092 Delay:24(40) V:0 A:69 VES:0x21c610 AES:0x7e90 PCM:0x4b100 AudioErr:0x0
D/DataSource_M3U8(  739): 
D/DataSource_M3U8(  739):  Warnig::  getValidBufferLength()  <  Codec require !!!
W/InputManagerService( 1111): Window already focused, ignoring focus gain of: com.android.internal.view.IInputMethodClient$Stub$Proxy@417803f8
D/Downloader(  739): Downloadserver bandWidth:2049825
D/Downloader(  739): Downloadserver bandWidth:2049825
D/Downloader(  739): Downloadserver bandWidth:2049825
D/Downloader(  739): Downloadserver bandWidth:2049825
D/BrowserActivity( 4188): ***************** Key Code: 66*******************
D/BrowserActivity( 4188): getCurrentWebView() enter
D/BrowserActivity( 4188): return default
I/zb.wu   ( 4188): [Client Process]jni_MouseLeftClick  be  called.....
I/zb.wu   ( 4188): [Client Process]start call RPC  function......
I/browserService( 4188): [Client Process]Send E_MOUSE_LEFT_CLICK
I/browserService(  745): [Service Process]Receive E_MOUSE_LEFT_CLICK
I/browserService(  745): [Service Process]BrowserService::mouseLeftClick(callingPid 4188)
I/zb.wu   ( 4188): [Client Process]end of call RPC function. ret=0
D/BrowserActivity( 4188): touch X=470.05695,Y=561.0
D/BrowserActivity( 4188): ***************** Key Code: 66*******************
D/InputEventConsistencyVerifier( 4188): KeyEvent: ACTION_UP but key was not down.
D/InputEventConsistencyVerifier( 4188):   in com.android.internal.policy.impl.PhoneWindow$DecorView@416b0890
D/InputEventConsistencyVerifier( 4188):   0: sent at 5332966000000, KeyEvent { action=ACTION_UP, keyCode=KEYCODE_ENTER, scanCode=28, metaState=0, flags=0x28, repeatCount=0, eventTime=5332966, downTime=5332946, deviceId=7, source=0x101 }
D/InputEventConsistencyVerifier( 4188):   -- recent events --
D/InputEventConsistencyVerifier( 4188):   1: sent at 5332954478000, MotionEvent { action=ACTION_DOWN, id[0]=0, x[0]=470.05695, y[0]=561.0, toolType[0]=TOOL_TYPE_MOUSE, buttonState=BUTTON_PRIMARY, metaState=0, flags=0x0, edgeFlags=0x0, pointerCount=1, historySize=0, eventTime=5332954, downTime=5332954, deviceId=17, source=0x2002 }
D/InputEventConsistencyVerifier( 4188):   2: sent at 5332954478000, MotionEvent { action=ACTION_HOVER_EXIT, id[0]=0, x[0]=470.05695, y[0]=561.0, toolType[0]=TOOL_TYPE_MOUSE, buttonState=BUTTON_PRIMARY, metaState=0, flags=0x0, edgeFlags=0x0, pointerCount=1, historySize=0, eventTime=5332954, downTime=5332954, deviceId=17, source=0x2002 }
D/InputEventConsistencyVerifier( 4188):   3: sent at 5328213638000, MotionEvent { action=ACTION_HOVER_MOVE, id[0]=0, x[0]=470.05695, y[0]=561.0, toolType[0]=TOOL_TYPE_MOUSE, buttonState=0, metaState=0, flags=0x0, edgeFlags=0x0, pointerCount=1, historySize=0, eventTime=5328213, downTime=5328213, deviceId=17, source=0x2002 }
D/InputEventConsistencyVerifier( 4188):   4: sent at 5328213638000, MotionEvent { action=ACTION_HOVER_ENTER, id[0]=0, x[0]=470.05695, y[0]=561.0, toolType[0]=TOOL_TYPE_MOUSE, buttonState=0, metaState=0, flags=0x0, edgeFlags=0x0, pointerCount=1, historySize=0, eventTime=5328213, downTime=5328213, deviceId=17, source=0x2002 }
D/InputEventConsistencyVerifier( 4188):   5: sent at 5328213638000, MotionEvent { action=ACTION_UP, id[0]=0, x[0]=470.05695, y[0]=561.0, toolType[0]=TOOL_TYPE_MOUSE, buttonState=0, metaState=0, flags=0x0, edgeFlags=0x0, pointerCount=1, historySize=0, eventTime=5328213, downTime=5328213, deviceId=17, source=0x2002 }
D/BrowserActivity( 4188): dispatchKeyEvent(KeyEvent event) enter
D/BrowserActivity( 4188): unprocessed, return
D/BrowserActivity( 4188): touch X=470.05695,Y=561.0
D/BrowserActivity( 4188): touch X=470.05695,Y=561.0
D/InputEventConsistencyVerifier( 4188): KeyEvent: ACTION_UP but key was not down.
D/InputEventConsistencyVerifier( 4188):   in Handler (android.view.ViewRootImpl) {41ebd4a0}
D/InputEventConsistencyVerifier( 4188):   0: sent at 5333105000000, KeyEvent { action=ACTION_UP, keyCode=KEYCODE_ENTER, scanCode=28, metaState=0, flags=0x8, repeatCount=0, eventTime=5333105, downTime=5332946, deviceId=7, source=0x101 }
D/MstarPlayer(  739): MstarPlayer::pause
D/IMMPlayer(  739): Send MM_SetTrickMode
D/IMMPlayer(  739): u32Item:1
D/IMMPlayer(  739): stTrickInfo->eMode:1
D/IMMPlayer(  739): stTrickInfo->eSpeed:1
D/IMMPlayer(  739): Get ret:0
I//lib/ld-linux.so.3(  743): 1. Mode: 1, Speed: 1.
I//lib/ld-linux.so.3(  743): SetTrickMode, Mode: 1, Speed: 1.
I//lib/ld-linux.so.3(  743): Send to Co-processor: eMode: 0, eSpeed: 0.
D/DataSource_M3U8(  739): [M3U8] checkShouldStartNext :[29](646720/646720)   sequence:0  start next:30  
D/DataSource_M3U8(  739): 
D/DataSource_M3U8(  739): 
D/DataSource_M3U8(  739): 
D/DataSource_M3U8(  739): [M3U8]-7----->This :0x54910 --> post cmd for start next url:http://data.video.qiyi.com/videos/movie/20130315/c8da60cd09b683c9d173092821d449f1.ts?start=39914160&end=41623379&hsize=2707&tag=1&v=&contentlength=725304, knowedFileSize:725304, mCurDowningIndex:29
D/DataSource_M3U8(  739): 
D/DataSource_M3U8(  739): 
D/Downloader(  739): [downloadThread]Downloader::removeTask  
D/Downloader(  739): [downloadThread]it is a knowed file size:725304
D/Downloader(  739): [downloadThread]task have range string:0- 
D/DataSource_M3U8(  739): 
D/DataSource_M3U8(  739):  Warnig::  getValidBufferLength()  <  Codec require !!!
D/InputEventConsistencyVerifier( 4188): KeyEvent: ACTION_UP but key was not down.
D/InputEventConsistencyVerifier( 4188):   in com.android.internal.policy.impl.PhoneWindow$DecorView@41ecac78
D/InputEventConsistencyVerifier( 4188):   0: sent at 5333897000000, KeyEvent { action=ACTION_UP, keyCode=KEYCODE_ENTER, scanCode=28, metaState=0, flags=0x8, repeatCount=0, eventTime=5333897, downTime=5333737, deviceId=7, source=0x101 }
D/InputEventConsistencyVerifier( 4188):   -- recent events --
D/InputEventConsistencyVerifier( 4188):   1: sent at 5333105000000, KeyEvent { action=ACTION_UP, keyCode=KEYCODE_ENTER, scanCode=28, metaState=0, flags=0x80000008, repeatCount=0, eventTime=5333105, downTime=5332946, deviceId=7, source=0x101 }
D/InputEventConsistencyVerifier( 4188):   2: sent at 5329505000000, KeyEvent { action=ACTION_UP, keyCode=KEYCODE_ENTER, scanCode=28, metaState=0, flags=0x80000008, repeatCount=0, eventTime=5329505, downTime=5329342, deviceId=7, source=0x101 }
D/InputEventConsistencyVerifier( 4188):   3: sent at 5328361000000, KeyEvent { action=ACTION_UP, keyCode=KEYCODE_ENTER, scanCode=28, metaState=0, flags=0x80000008, repeatCount=0, eventTime=5328361, downTime=5328198, deviceId=7, source=0x101 }
D/InputEventConsistencyVerifier( 4188):   4: sent at 5323773000000, KeyEvent { action=ACTION_UP, keyCode=KEYCODE_ENTER, scanCode=28, metaState=0, flags=0x8, repeatCount=0, eventTime=5323773, downTime=5323611, deviceId=7, source=0x101 }
D/InputEventConsistencyVerifier( 4188):   5: sent at 5323611000000, (unhandled) KeyEvent { action=ACTION_DOWN, keyCode=KEYCODE_ENTER, scanCode=28, metaState=0, flags=0x8, repeatCount=0, eventTime=5323611, downTime=5323611, deviceId=7, source=0x101 }
D/MstarPlayer(  739): MstarPlayer::setLooping=0
D/MstarPlayer(  739): playerType
D/MstarPlayer(  739): MstarPlayer::setLooping=0
D/IMMPlayer(  739): Send MM_SetTrickMode
D/IMMPlayer(  739): u32Item:1
D/IMMPlayer(  739): stTrickInfo->eMode:0
D/IMMPlayer(  739): stTrickInfo->eSpeed:1
D/IMMPlayer(  739): Get ret:0
I//lib/ld-linux.so.3(  743): 1. Mode: 0, Speed: 1.
I//lib/ld-linux.so.3(  743): SetTrickMode, Mode: 0, Speed: 1.
I//lib/ld-linux.so.3(  743): Send to Co-processor: eMode: 0, eSpeed: 1.
D/MstarPlayer(  739): Get Others event : 22
I//lib/ld-linux.so.3(  743): FrmCnt:518(0,7,17) Rate:16 Sys:5334072 STC:246328 VPTS:246280 APTS:246385 Delay:-8(40) V:8 A:78 VES:0x22b980 AES:0x8010 PCM:0x4b200 AudioErr:0x0
D/MstarPlayer(  739): MstarPlayer::pause
D/IMMPlayer(  739): Send MM_SetTrickMode
D/IMMPlayer(  739): u32Item:1
D/IMMPlayer(  739): stTrickInfo->eMode:1
D/IMMPlayer(  739): stTrickInfo->eSpeed:1
D/IMMPlayer(  739): Get ret:0
I//lib/ld-linux.so.3(  743): 1. Mode: 1, Speed: 1.
I//lib/ld-linux.so.3(  743): SetTrickMode, Mode: 1, Speed: 1.
I//lib/ld-linux.so.3(  743): Send to Co-processor: eMode: 0, eSpeed: 0.
D/DataSource_M3U8(  739): 
D/DataSource_M3U8(  739):  Warnig::  getValidBufferLength()  <  Codec require !!!
D/InputEventConsistencyVerifier( 4188): KeyEvent: ACTION_DOWN but key is already down and this event is not a key repeat.
D/InputEventConsistencyVerifier( 4188):   in android.webkit.HTML5VideoFullScreen$FullScreenMediaController@415e4160
D/InputEventConsistencyVerifier( 4188):   0: sent at 5335451000000, KeyEvent { action=ACTION_DOWN, keyCode=KEYCODE_ENTER, scanCode=28, metaState=0, flags=0x8, repeatCount=0, eventTime=5335451, downTime=5335451, deviceId=7, source=0x101 }
D/InputEventConsistencyVerifier( 4188):   -- recent events --
D/InputEventConsistencyVerifier( 4188):   1: sent at 5334792000000, KeyEvent { action=ACTION_DOWN, keyCode=KEYCODE_ENTER, scanCode=28, metaState=0, flags=0x8, repeatCount=0, eventTime=5334792, downTime=5334792, deviceId=7, source=0x101 }
D/InputEventConsistencyVerifier( 4188):   2: sent at 5323611000000, (unhandled) KeyEvent { action=ACTION_DOWN, keyCode=KEYCODE_ENTER, scanCode=28, metaState=0, flags=0x8, repeatCount=0, eventTime=5323611, downTime=5323611, deviceId=7, source=0x101 }
D/InputEventConsistencyVerifier( 4188):   3: sent at 5322977000000, (unhandled) KeyEvent { action=ACTION_UP, keyCode=KEYCODE_DPAD_RIGHT, scanCode=106, metaState=0, flags=0x80000008, repeatCount=0, eventTime=5322977, downTime=5322816, deviceId=7, source=0x101 }
D/InputEventConsistencyVerifier( 4188):   4: sent at 5322685000000, (unhandled) KeyEvent { action=ACTION_UP, keyCode=KEYCODE_DPAD_RIGHT, scanCode=106, metaState=0, flags=0x80000008, repeatCount=0, eventTime=5322685, downTime=5322525, deviceId=7, source=0x101 }
D/InputEventConsistencyVerifier( 4188):   5: sent at 5322113000000, (unhandled) KeyEvent { action=ACTION_UP, keyCode=KEYCODE_DPAD_DOWN, scanCode=108, metaState=0, flags=0x8, repeatCount=0, eventTime=5322113, downTime=5321952, deviceId=7, source=0x101 }
D/MstarPlayer(  739): MstarPlayer::setLooping=0
D/MstarPlayer(  739): playerType
D/MstarPlayer(  739): MstarPlayer::setLooping=0
D/IMMPlayer(  739): Send MM_SetTrickMode
D/IMMPlayer(  739): u32Item:1
D/IMMPlayer(  739): stTrickInfo->eMode:0
D/IMMPlayer(  739): stTrickInfo->eSpeed:1
D/IMMPlayer(  739): Get ret:0
I//lib/ld-linux.so.3(  743): 1. Mode: 0, Speed: 1.
I//lib/ld-linux.so.3(  743): SetTrickMode, Mode: 0, Speed: 1.
I//lib/ld-linux.so.3(  743): Send to Co-processor: eMode: 0, eSpeed: 1.
D/Downloader(  739): Downloadserver bandWidth:2380973
D/Downloader(  739): Downloadserver bandWidth:2380973
D/Downloader(  739): Downloadserver bandWidth:2380973
D/Downloader(  739): Downloadserver bandWidth:2380973
D/DataSource_M3U8(  739): [M3U8] checkShouldStartNext :[30](725304/725304)   sequence:0  start next:31  
D/DataSource_M3U8(  739): 
D/DataSource_M3U8(  739): 
D/DataSource_M3U8(  739): 
D/DataSource_M3U8(  739): [M3U8]-7----->This :0x54910 --> post cmd for start next url:http://data.video.qiyi.com/videos/movie/20130315/c8da60cd09b683c9d173092821d449f1.ts?start=40521740&end=42156475&hsize=2707&tag=1&v=&contentlength=834156, knowedFileSize:834156, mCurDowningIndex:30
D/DataSource_M3U8(  739): 
D/DataSource_M3U8(  739): 
D/Downloader(  739): [downloadThread]Downloader::removeTask  
D/Downloader(  739): [downloadThread]it is a knowed file size:834156
D/Downloader(  739): [downloadThread]task have range string:0- 
D/MonitorCw880( 2912): currentRemoteHost is null ,continue
D/DataSource_M3U8(  739): 
D/DataSource_M3U8(  739):  Warnig::  getValidBufferLength()  <  Codec require !!!
D/MstarPlayer(  739): Get Others event : 22
I//lib/ld-linux.so.3(  743): FrmCnt:538(0,7,18) Rate:9 Sys:5336134 STC:247267 VPTS:247240 APTS:247354 Delay:14(40) V:18 A:93 VES:0x248290 AES:0x8000 PCM:0x4b600 AudioErr:0x0
D/InputEventConsistencyVerifier( 4188): KeyEvent: ACTION_DOWN but key is already down and this event is not a key repeat.
D/InputEventConsistencyVerifier( 4188):   in android.webkit.HTML5VideoFullScreen$FullScreenMediaController@415e4160
D/InputEventConsistencyVerifier( 4188):   0: sent at 5336771000000, KeyEvent { action=ACTION_DOWN, keyCode=KEYCODE_ENTER, scanCode=28, metaState=0, flags=0x8, repeatCount=0, eventTime=5336771, downTime=5336771, deviceId=7, source=0x101 }
D/InputEventConsistencyVerifier( 4188):   -- recent events --
D/InputEventConsistencyVerifier( 4188):   1: sent at 5335451000000, KeyEvent { action=ACTION_DOWN, keyCode=KEYCODE_ENTER, scanCode=28, metaState=0, flags=0x80000008, repeatCount=0, eventTime=5335451, downTime=5335451, deviceId=7, source=0x101 }
D/InputEventConsistencyVerifier( 4188):   2: sent at 5334792000000, KeyEvent { action=ACTION_DOWN, keyCode=KEYCODE_ENTER, scanCode=28, metaState=0, flags=0x8, repeatCount=0, eventTime=5334792, downTime=5334792, deviceId=7, source=0x101 }
D/InputEventConsistencyVerifier( 4188):   3: sent at 5323611000000, (unhandled) KeyEvent { action=ACTION_DOWN, keyCode=KEYCODE_ENTER, scanCode=28, metaState=0, flags=0x8, repeatCount=0, eventTime=5323611, downTime=5323611, deviceId=7, source=0x101 }
D/InputEventConsistencyVerifier( 4188):   4: sent at 5322977000000, (unhandled) KeyEvent { action=ACTION_UP, keyCode=KEYCODE_DPAD_RIGHT, scanCode=106, metaState=0, flags=0x80000008, repeatCount=0, eventTime=5322977, downTime=5322816, deviceId=7, source=0x101 }
D/InputEventConsistencyVerifier( 4188):   5: sent at 5322685000000, (unhandled) KeyEvent { action=ACTION_UP, keyCode=KEYCODE_DPAD_RIGHT, scanCode=106, metaState=0, flags=0x80000008, repeatCount=0, eventTime=5322685, downTime=5322525, deviceId=7, source=0x101 }
D/DataSource_M3U8(  739): ----------UpdatePlaylistThread runing... 
D/MstarPlayer(  739): MstarPlayer::pause
D/IMMPlayer(  739): Send MM_SetTrickMode
D/IMMPlayer(  739): u32Item:1
D/IMMPlayer(  739): stTrickInfo->eMode:1
D/IMMPlayer(  739): stTrickInfo->eSpeed:1
I//lib/ld-linux.so.3(  743): 1. Mode: 1, Speed: 1.
I//lib/ld-linux.so.3(  743): SetTrickMode, Mode: 1, Speed: 1.
I//lib/ld-linux.so.3(  743): Send to Co-processor: eMode: 0, eSpeed: 0.
D/IMMPlayer(  739): Get ret:0
D/DataSource_M3U8(  739): 
D/DataSource_M3U8(  739):  Warnig::  getValidBufferLength()  <  Codec require !!!
D/InputEventConsistencyVerifier( 4188): KeyEvent: ACTION_DOWN but key is already down and this event is not a key repeat.
D/InputEventConsistencyVerifier( 4188):   in android.webkit.HTML5VideoFullScreen$FullScreenMediaController@415e4160
D/InputEventConsistencyVerifier( 4188):   0: sent at 5337420000000, KeyEvent { action=ACTION_DOWN, keyCode=KEYCODE_ENTER, scanCode=28, metaState=0, flags=0x8, repeatCount=0, eventTime=5337420, downTime=5337420, deviceId=7, source=0x101 }
D/InputEventConsistencyVerifier( 4188):   -- recent events --
D/InputEventConsistencyVerifier( 4188):   1: sent at 5336771000000, KeyEvent { action=ACTION_DOWN, keyCode=KEYCODE_ENTER, scanCode=28, metaState=0, flags=0x80000008, repeatCount=0, eventTime=5336771, downTime=5336771, deviceId=7, source=0x101 }
D/InputEventConsistencyVerifier( 4188):   2: sent at 5335451000000, KeyEvent { action=ACTION_DOWN, keyCode=KEYCODE_ENTER, scanCode=28, metaState=0, flags=0x80000008, repeatCount=0, eventTime=5335451, downTime=5335451, deviceId=7, source=0x101 }
D/InputEventConsistencyVerifier( 4188):   3: sent at 5334792000000, KeyEvent { action=ACTION_DOWN, keyCode=KEYCODE_ENTER, scanCode=28, metaState=0, flags=0x8, repeatCount=0, eventTime=5334792, downTime=5334792, deviceId=7, source=0x101 }
D/InputEventConsistencyVerifier( 4188):   4: sent at 5323611000000, (unhandled) KeyEvent { action=ACTION_DOWN, keyCode=KEYCODE_ENTER, scanCode=28, metaState=0, flags=0x8, repeatCount=0, eventTime=5323611, downTime=5323611, deviceId=7, source=0x101 }
D/InputEventConsistencyVerifier( 4188):   5: sent at 5322977000000, (unhandled) KeyEvent { action=ACTION_UP, keyCode=KEYCODE_DPAD_RIGHT, scanCode=106, metaState=0, flags=0x80000008, repeatCount=0, eventTime=5322977, downTime=5322816, deviceId=7, source=0x101 }
D/Downloader(  739): Downloadserver bandWidth:3958035
D/Downloader(  739): Downloadserver bandWidth:3958035
D/Downloader(  739): Downloadserver bandWidth:3958035
D/Downloader(  739): Downloadserver bandWidth:3958035
D/MstarPlayer(  739): MstarPlayer::setLooping=0
D/MstarPlayer(  739): playerType
D/MstarPlayer(  739): MstarPlayer::setLooping=0
D/IMMPlayer(  739): Send MM_SetTrickMode
D/IMMPlayer(  739): u32Item:1
D/IMMPlayer(  739): stTrickInfo->eMode:0
D/IMMPlayer(  739): stTrickInfo->eSpeed:1
D/IMMPlayer(  739): Get ret:0
I//lib/ld-linux.so.3(  743): 1. Mode: 0, Speed: 1.
I//lib/ld-linux.so.3(  743): SetTrickMode, Mode: 0, Speed: 1.
I//lib/ld-linux.so.3(  743): Send to Co-processor: eMode: 0, eSpeed: 1.
D/DataSource_M3U8(  739): [M3U8] checkShouldStartNext :[31](834156/834156)   sequence:0  start next:32  
D/DataSource_M3U8(  739): 
D/DataSource_M3U8(  739): 
D/DataSource_M3U8(  739): 
D/DataSource_M3U8(  739): [M3U8]-7----->This :0x54910 --> post cmd for start next url:http://data.video.qiyi.com/videos/movie/20130315/c8da60cd09b683c9d173092821d449f1.ts?start=41903300&end=42746850&hsize=2707&tag=1&v=&contentlength=433716, knowedFileSize:433716, mCurDowningIndex:31
D/DataSource_M3U8(  739): 
D/DataSource_M3U8(  739): 
D/Downloader(  739): [downloadThread]Downloader::removeTask  
D/Downloader(  739): [downloadThread]it is a knowed file size:433716
D/Downloader(  739): [downloadThread]task have range string:0- 
D/DataSource_M3U8(  739): 
D/DataSource_M3U8(  739):  Warnig::  getValidBufferLength()  <  Codec require !!!
D/MstarPlayer(  739): Get Others event : 22
I//lib/ld-linux.so.3(  743): FrmCnt:559(0,7,18) Rate:10 Sys:5338177 STC:248107 VPTS:248120 APTS:248218 Delay:53(40) V:26 A:117 VES:0x292f80 AES:0x8000 PCM:0x4c300 AudioErr:0x0
D/InputEventConsistencyVerifier( 4188): KeyEvent: ACTION_DOWN but key is already down and this event is not a key repeat.
D/InputEventConsistencyVerifier( 4188):   in android.webkit.HTML5VideoFullScreen$FullScreenMediaController@415e4160
D/InputEventConsistencyVerifier( 4188):   0: sent at 5338712000000, KeyEvent { action=ACTION_DOWN, keyCode=KEYCODE_ENTER, scanCode=28, metaState=0, flags=0x8, repeatCount=0, eventTime=5338712, downTime=5338712, deviceId=7, source=0x101 }
D/InputEventConsistencyVerifier( 4188):   -- recent events --
D/InputEventConsistencyVerifier( 4188):   1: sent at 5337420000000, KeyEvent { action=ACTION_DOWN, keyCode=KEYCODE_ENTER, scanCode=28, metaState=0, flags=0x80000008, repeatCount=0, eventTime=5337420, downTime=5337420, deviceId=7, source=0x101 }
D/InputEventConsistencyVerifier( 4188):   2: sent at 5336771000000, KeyEvent { action=ACTION_DOWN, keyCode=KEYCODE_ENTER, scanCode=28, metaState=0, flags=0x80000008, repeatCount=0, eventTime=5336771, downTime=5336771, deviceId=7, source=0x101 }
D/InputEventConsistencyVerifier( 4188):   3: sent at 5335451000000, KeyEvent { action=ACTION_DOWN, keyCode=KEYCODE_ENTER, scanCode=28, metaState=0, flags=0x80000008, repeatCount=0, eventTime=5335451, downTime=5335451, deviceId=7, source=0x101 }
D/InputEventConsistencyVerifier( 4188):   4: sent at 5334792000000, KeyEvent { action=ACTION_DOWN, keyCode=KEYCODE_ENTER, scanCode=28, metaState=0, flags=0x8, repeatCount=0, eventTime=5334792, downTime=5334792, deviceId=7, source=0x101 }
D/InputEventConsistencyVerifier( 4188):   5: sent at 5323611000000, (unhandled) KeyEvent { action=ACTION_DOWN, keyCode=KEYCODE_ENTER, scanCode=28, metaState=0, flags=0x8, repeatCount=0, eventTime=5323611, downTime=5323611, deviceId=7, source=0x101 }
D/MstarPlayer(  739): MstarPlayer::pause
D/IMMPlayer(  739): Send MM_SetTrickMode
D/IMMPlayer(  739): u32Item:1
D/IMMPlayer(  739): stTrickInfo->eMode:1
D/IMMPlayer(  739): stTrickInfo->eSpeed:1
D/IMMPlayer(  739): Get ret:0
I//lib/ld-linux.so.3(  743): 1. Mode: 1, Speed: 1.
I//lib/ld-linux.so.3(  743): SetTrickMode, Mode: 1, Speed: 1.
I//lib/ld-linux.so.3(  743): Send to Co-processor: eMode: 0, eSpeed: 0.
V/NetFirmwareService( 1412): Network is connected!
V/NetFirmwareService( 1412): mServicePath--->http://update.feifeikan.com/Fbox:80
I/NetFirmwareService( 1412): mHwvStr--->002102
I/NetFirmwareService( 1412): mSwv--->211310
I/FileUtils( 1412): mkFilePath--->/data/data/com.coship.netfirmware/versioncode.dat
D/StrictMode( 1412): StrictMode policy violation: android.os.StrictMode$StrictModeNetworkViolation: policy=23 violation=4
D/StrictMode( 1412):    at android.os.StrictMode$AndroidBlockGuardPolicy.onNetwork(StrictMode.java:1105)
D/StrictMode( 1412):    at java.net.InetAddress.lookupHostByName(InetAddress.java:391)
D/StrictMode( 1412):    at java.net.InetAddress.getAllByNameImpl(InetAddress.java:242)
D/StrictMode( 1412):    at java.net.InetAddress.getAllByName(InetAddress.java:220)
D/StrictMode( 1412):    at libcore.net.http.HttpConnection.<init>(HttpConnection.java:71)
D/StrictMode( 1412):    at libcore.net.http.HttpConnection.<init>(HttpConnection.java:50)
D/StrictMode( 1412):    at libcore.net.http.HttpConnection$Address.connect(HttpConnection.java:351)
D/StrictMode( 1412):    at libcore.net.http.HttpConnectionPool.get(HttpConnectionPool.java:86)
D/StrictMode( 1412):    at libcore.net.http.HttpConnection.connect(HttpConnection.java:128)
D/StrictMode( 1412):    at libcore.net.http.HttpEngine.openSocketConnection(HttpEngine.java:308)
D/StrictMode( 1412):    at libcore.net.http.HttpEngine.connect(HttpEngine.java:303)
D/StrictMode( 1412):    at libcore.net.http.HttpEngine.sendSocketRequest(HttpEngine.java:282)
D/StrictMode( 1412):    at libcore.net.http.HttpEngine.sendRequest(HttpEngine.java:232)
D/StrictMode( 1412):    at libcore.net.http.HttpURLConnectionImpl.getResponse(HttpURLConnectionImpl.java:273)
D/StrictMode( 1412):    at libcore.net.http.HttpURLConnectionImpl.getInputStream(HttpURLConnectionImpl.java:168)
D/StrictMode( 1412):    at com.coship.netfirmware.downloads.HttpDownLoad.getInputStream(HttpDownLoad.java:67)
D/StrictMode( 1412):    at com.coship.netfirmware.downloads.HttpDownLoad.downfile(HttpDownLoad.java:45)
D/StrictMode( 1412):    at com.coship.netfirmware.NetFirmwareService.downFileFormService(NetFirmwareService.java:1453)
D/StrictMode( 1412):    at com.coship.netfirmware.NetFirmwareService.access$4400(NetFirmwareService.java:72)
D/StrictMode( 1412):    at com.coship.netfirmware.NetFirmwareService$6.run(NetFirmwareService.java:1096)
D/StrictMode( 1412): StrictMode policy violation: android.os.StrictMode$StrictModeNetworkViolation: policy=23 violation=4
D/StrictMode( 1412):    at android.os.StrictMode$AndroidBlockGuardPolicy.onNetwork(StrictMode.java:1105)
D/StrictMode( 1412):    at libcore.io.BlockGuardOs.connect(BlockGuardOs.java:84)
D/StrictMode( 1412):    at libcore.io.IoBridge.connectErrno(IoBridge.java:127)
D/StrictMode( 1412):    at libcore.io.IoBridge.connect(IoBridge.java:112)
D/StrictMode( 1412):    at java.net.PlainSocketImpl.connect(PlainSocketImpl.java:192)
D/StrictMode( 1412):    at java.net.PlainSocketImpl.connect(PlainSocketImpl.java:459)
D/StrictMode( 1412):    at java.net.Socket.connect(Socket.java:842)
D/StrictMode( 1412):    at libcore.net.http.HttpConnection.<init>(HttpConnection.java:77)
D/StrictMode( 1412):    at libcore.net.http.HttpConnection.<init>(HttpConnection.java:50)
D/StrictMode( 1412):    at libcore.net.http.HttpConnection$Address.connect(HttpConnection.java:351)
D/StrictMode( 1412):    at libcore.net.http.HttpConnectionPool.get(HttpConnectionPool.java:86)
D/StrictMode( 1412):    at libcore.net.http.HttpConnection.connect(HttpConnection.java:128)
D/StrictMode( 1412):    at libcore.net.http.HttpEngine.openSocketConnection(HttpEngine.java:308)
D/StrictMode( 1412):    at libcore.net.http.HttpEngine.connect(HttpEngine.java:303)
D/StrictMode( 1412):    at libcore.net.http.HttpEngine.sendSocketRequest(HttpEngine.java:282)
D/StrictMode( 1412):    at libcore.net.http.HttpEngine.sendRequest(HttpEngine.java:232)
D/StrictMode( 1412):    at libcore.net.http.HttpURLConnectionImpl.getResponse(HttpURLConnectionImpl.java:273)
D/StrictMode( 1412):    at libcore.net.http.HttpURLConnectionImpl.getInputStream(HttpURLConnectionImpl.java:168)
D/StrictMode( 1412):    at com.coship.netfirmware.downloads.HttpDownLoad.getInputStream(HttpDownLoad.java:67)
D/StrictMode( 1412):    at com.coship.netfirmware.downloads.HttpDownLoad.downfile(HttpDownLoad.java:45)
D/StrictMode( 1412):    at com.coship.netfirmware.NetFirmwareService.downFileFormService(NetFirmwareService.java:1453)
D/StrictMode( 1412):    at com.coship.netfirmware.NetFirmwareService.access$4400(NetFirmwareService.java:72)
D/StrictMode( 1412):    at com.coship.netfirmware.NetFirmwareService$6.run(NetFirmwareService.java:1096)
D/StrictMode( 1412): StrictMode policy violation: android.os.StrictMode$StrictModeNetworkViolation: policy=23 violation=4
D/StrictMode( 1412):    at android.os.StrictMode$AndroidBlockGuardPolicy.onNetwork(StrictMode.java:1105)
D/StrictMode( 1412):    at libcore.io.BlockGuardOs.recvfrom(BlockGuardOs.java:163)
D/StrictMode( 1412):    at libcore.io.IoBridge.recvfrom(IoBridge.java:503)
D/StrictMode( 1412):    at java.net.PlainSocketImpl.read(PlainSocketImpl.java:488)
D/StrictMode( 1412):    at java.net.PlainSocketImpl.access$000(PlainSocketImpl.java:46)
D/StrictMode( 1412):    at java.net.PlainSocketImpl$PlainSocketInputStream.read(PlainSocketImpl.java:240)
D/StrictMode( 1412):    at java.io.InputStream.read(InputStream.java:163)
D/StrictMode( 1412):    at java.io.BufferedInputStream.fillbuf(BufferedInputStream.java:142)
D/StrictMode( 1412):    at java.io.BufferedInputStream.read(BufferedInputStream.java:227)
D/StrictMode( 1412):    at libcore.io.Streams.readAsciiLine(Streams.java:201)
D/StrictMode( 1412):    at libcore.net.http.HttpEngine.readResponseHeaders(HttpEngine.java:544)
D/StrictMode( 1412):    at libcore.net.http.HttpEngine.readResponse(HttpEngine.java:784)
D/StrictMode( 1412):    at libcore.net.http.HttpURLConnectionImpl.getResponse(HttpURLConnectionImpl.java:274)
D/StrictMode( 1412):    at libcore.net.http.HttpURLConnectionImpl.getInputStream(HttpURLConnectionImpl.java:168)
D/StrictMode( 1412):    at com.coship.netfirmware.downloads.HttpDownLoad.getInputStream(HttpDownLoad.java:67)
D/StrictMode( 1412):    at com.coship.netfirmware.downloads.HttpDownLoad.downfile(HttpDownLoad.java:45)
D/StrictMode( 1412):    at com.coship.netfirmware.NetFirmwareService.downFileFormService(NetFirmwareService.java:1453)
D/StrictMode( 1412):    at com.coship.netfirmware.NetFirmwareService.access$4400(NetFirmwareService.java:72)
D/StrictMode( 1412):    at com.coship.netfirmware.NetFirmwareService$6.run(NetFirmwareService.java:1096)
D/InputEventConsistencyVerifier( 4188): KeyEvent: ACTION_DOWN but key is already down and this event is not a key repeat.
D/InputEventConsistencyVerifier( 4188):   in android.webkit.HTML5VideoFullScreen$FullScreenMediaController@415e4160
D/InputEventConsistencyVerifier( 4188):   0: sent at 5339347000000, KeyEvent { action=ACTION_DOWN, keyCode=KEYCODE_ENTER, scanCode=28, metaState=0, flags=0x8, repeatCount=0, eventTime=5339347, downTime=5339347, deviceId=7, source=0x101 }
D/InputEventConsistencyVerifier( 4188):   -- recent events --
D/InputEventConsistencyVerifier( 4188):   1: sent at 5338712000000, KeyEvent { action=ACTION_DOWN, keyCode=KEYCODE_ENTER, scanCode=28, metaState=0, flags=0x80000008, repeatCount=0, eventTime=5338712, downTime=5338712, deviceId=7, source=0x101 }
D/InputEventConsistencyVerifier( 4188):   2: sent at 5337420000000, KeyEvent { action=ACTION_DOWN, keyCode=KEYCODE_ENTER, scanCode=28, metaState=0, flags=0x80000008, repeatCount=0, eventTime=5337420, downTime=5337420, deviceId=7, source=0x101 }
D/InputEventConsistencyVerifier( 4188):   3: sent at 5336771000000, KeyEvent { action=ACTION_DOWN, keyCode=KEYCODE_ENTER, scanCode=28, metaState=0, flags=0x80000008, repeatCount=0, eventTime=5336771, downTime=5336771, deviceId=7, source=0x101 }
D/InputEventConsistencyVerifier( 4188):   4: sent at 5335451000000, KeyEvent { action=ACTION_DOWN, keyCode=KEYCODE_ENTER, scanCode=28, metaState=0, flags=0x80000008, repeatCount=0, eventTime=5335451, downTime=5335451, deviceId=7, source=0x101 }
D/InputEventConsistencyVerifier( 4188):   5: sent at 5334792000000, KeyEvent { action=ACTION_DOWN, keyCode=KEYCODE_ENTER, scanCode=28, metaState=0, flags=0x8, repeatCount=0, eventTime=5334792, downTime=5334792, deviceId=7, source=0x101 }
D/StrictMode( 1412): StrictMode policy violation: android.os.StrictMode$StrictModeNetworkViolation: policy=23 violation=4
D/StrictMode( 1412):    at android.os.StrictMode$AndroidBlockGuardPolicy.onNetwork(StrictMode.java:1105)
D/StrictMode( 1412):    at libcore.io.BlockGuardOs.recvfrom(BlockGuardOs.java:163)
D/StrictMode( 1412):    at libcore.io.IoBridge.recvfrom(IoBridge.java:503)
D/StrictMode( 1412):    at java.net.PlainSocketImpl.read(PlainSocketImpl.java:488)
D/StrictMode( 1412):    at java.net.PlainSocketImpl.access$000(PlainSocketImpl.java:46)
D/StrictMode( 1412):    at java.net.PlainSocketImpl$PlainSocketInputStream.read(PlainSocketImpl.java:240)
D/StrictMode( 1412):    at java.io.InputStream.read(InputStream.java:163)
D/StrictMode( 1412):    at java.io.BufferedInputStream.fillbuf(BufferedInputStream.java:142)
D/StrictMode( 1412):    at java.io.BufferedInputStream.read(BufferedInputStream.java:227)
D/StrictMode( 1412):    at libcore.io.Streams.readAsciiLine(Streams.java:201)
D/StrictMode( 1412):    at libcore.net.http.HttpEngine.readHeaders(HttpEngine.java:587)
D/StrictMode( 1412):    at libcore.net.http.HttpEngine.readResponseHeaders(HttpEngine.java:545)
D/StrictMode( 1412):    at libcore.net.http.HttpEngine.readResponse(HttpEngine.java:784)
D/StrictMode( 1412):    at libcore.net.http.HttpURLConnectionImpl.getResponse(HttpURLConnectionImpl.java:274)
D/StrictMode( 1412):    at libcore.net.http.HttpURLConnectionImpl.getInputStream(HttpURLConnectionImpl.java:168)
D/StrictMode( 1412):    at com.coship.netfirmware.downloads.HttpDownLoad.getInputStream(HttpDownLoad.java:67)
D/StrictMode( 1412):    at com.coship.netfirmware.downloads.HttpDownLoad.downfile(HttpDownLoad.java:45)
D/StrictMode( 1412):    at com.coship.netfirmware.NetFirmwareService.downFileFormService(NetFirmwareService.java:1453)
D/StrictMode( 1412):    at com.coship.netfirmware.NetFirmwareService.access$4400(NetFirmwareService.java:72)
D/StrictMode( 1412):    at com.coship.netfirmware.NetFirmwareService$6.run(NetFirmwareService.java:1096)
I/HttpDownLoad( 1412): network is error
D/StrictMode( 1412): StrictMode policy violation: android.os.StrictMode$StrictModeDiskReadViolation: policy=23 violation=2
D/StrictMode( 1412):    at android.os.StrictMode$AndroidBlockGuardPolicy.onReadFromDisk(StrictMode.java:1089)
D/StrictMode( 1412):    at libcore.io.BlockGuardOs.open(BlockGuardOs.java:106)
D/StrictMode( 1412):    at libcore.io.IoBridge.open(IoBridge.java:390)
D/StrictMode( 1412):    at java.io.FileInputStream.<init>(FileInputStream.java:78)
D/StrictMode( 1412):    at java.io.FileInputStream.<init>(FileInputStream.java:105)
D/StrictMode( 1412):    at com.coship.netfirmware.NetFirmwareService.getUpdateInfo(NetFirmwareService.java:1483)
D/StrictMode( 1412):    at com.coship.netfirmware.NetFirmwareService.downFileFormService(NetFirmwareService.java:1455)
D/StrictMode( 1412):    at com.coship.netfirmware.NetFirmwareService.access$4400(NetFirmwareService.java:72)
D/StrictMode( 1412):    at com.coship.netfirmware.NetFirmwareService$6.run(NetFirmwareService.java:1096)
W/System.err( 1412): java.io.FileNotFoundException: /data/data/com.coship.netfirmware/versioncode.dat: open failed: ENOENT (No such file or directory)
W/System.err( 1412):    at libcore.io.IoBridge.open(IoBridge.java:406)
W/System.err( 1412):    at java.io.FileInputStream.<init>(FileInputStream.java:78)
W/System.err( 1412):    at java.io.FileInputStream.<init>(FileInputStream.java:105)
W/System.err( 1412):    at com.coship.netfirmware.NetFirmwareService.getUpdateInfo(NetFirmwareService.java:1483)
W/System.err( 1412):    at com.coship.netfirmware.NetFirmwareService.downFileFormService(NetFirmwareService.java:1455)
W/System.err( 1412):    at com.coship.netfirmware.NetFirmwareService.access$4400(NetFirmwareService.java:72)
W/System.err( 1412):    at com.coship.netfirmware.NetFirmwareService$6.run(NetFirmwareService.java:1096)
W/System.err( 1412): Caused by: libcore.io.ErrnoException: open failed: ENOENT (No such file or directory)
W/System.err( 1412):    at libcore.io.Posix.open(Native Method)
W/System.err( 1412):    at libcore.io.BlockGuardOs.open(BlockGuardOs.java:110)
W/System.err( 1412):    at libcore.io.IoBridge.open(IoBridge.java:390)
W/System.err( 1412):    ... 6 more
I/NetFirmwareService( 1412): v--->null
I/NetFirmwareService( 1412): q--->null
I/NetFirmwareService( 1412): c--->null
I/NetFirmwareService( 1412): serverdesfile--->http://update.feifeikan.com/Fbox:80/002102/description_null.dat
I/NetFirmwareService( 1412): savefilename--->description_null.dat
I/FileUtils( 1412): mkFilePath--->/data/data/com.coship.netfirmware/description_null.dat
D/StrictMode( 1412): StrictMode policy violation: android.os.StrictMode$StrictModeNetworkViolation: policy=23 violation=4
D/StrictMode( 1412):    at android.os.StrictMode$AndroidBlockGuardPolicy.onNetwork(StrictMode.java:1105)
D/StrictMode( 1412):    at java.net.InetAddress.lookupHostByName(InetAddress.java:391)
D/StrictMode( 1412):    at java.net.InetAddress.getAllByNameImpl(InetAddress.java:242)
D/StrictMode( 1412):    at java.net.InetAddress.getAllByName(InetAddress.java:220)
D/StrictMode( 1412):    at libcore.net.http.HttpConnection.<init>(HttpConnection.java:71)
D/StrictMode( 1412):    at libcore.net.http.HttpConnection.<init>(HttpConnection.java:50)
D/StrictMode( 1412):    at libcore.net.http.HttpConnection$Address.connect(HttpConnection.java:351)
D/StrictMode( 1412):    at libcore.net.http.HttpConnectionPool.get(HttpConnectionPool.java:86)
D/StrictMode( 1412):    at libcore.net.http.HttpConnection.connect(HttpConnection.java:128)
D/StrictMode( 1412):    at libcore.net.http.HttpEngine.openSocketConnection(HttpEngine.java:308)
D/StrictMode( 1412):    at libcore.net.http.HttpEngine.connect(HttpEngine.java:303)
D/StrictMode( 1412):    at libcore.net.http.HttpEngine.sendSocketRequest(HttpEngine.java:282)
D/StrictMode( 1412):    at libcore.net.http.HttpEngine.sendRequest(HttpEngine.java:232)
D/StrictMode( 1412):    at libcore.net.http.HttpURLConnectionImpl.getResponse(HttpURLConnectionImpl.java:273)
D/StrictMode( 1412):    at libcore.net.http.HttpURLConnectionImpl.getInputStream(HttpURLConnectionImpl.java:168)
D/StrictMode( 1412):    at com.coship.netfirmware.downloads.HttpDownLoad.getInputStream(HttpDownLoad.java:67)
D/StrictMode( 1412):    at com.coship.netfirmware.downloads.HttpDownLoad.downfile(HttpDownLoad.java:45)
D/StrictMode( 1412):    at com.coship.netfirmware.NetFirmwareService.downFileFormService(NetFirmwareService.java:1464)
D/StrictMode( 1412):    at com.coship.netfirmware.NetFirmwareService.access$4400(NetFirmwareService.java:72)
D/StrictMode( 1412):    at com.coship.netfirmware.NetFirmwareService$6.run(NetFirmwareService.java:1096)
D/StrictMode( 1412): StrictMode policy violation: android.os.StrictMode$StrictModeNetworkViolation: policy=23 violation=4
D/StrictMode( 1412):    at android.os.StrictMode$AndroidBlockGuardPolicy.onNetwork(StrictMode.java:1105)
D/StrictMode( 1412):    at libcore.io.BlockGuardOs.connect(BlockGuardOs.java:84)
D/StrictMode( 1412):    at libcore.io.IoBridge.connectErrno(IoBridge.java:127)
D/StrictMode( 1412):    at libcore.io.IoBridge.connect(IoBridge.java:112)
D/StrictMode( 1412):    at java.net.PlainSocketImpl.connect(PlainSocketImpl.java:192)
D/StrictMode( 1412):    at java.net.PlainSocketImpl.connect(PlainSocketImpl.java:459)
D/StrictMode( 1412):    at java.net.Socket.connect(Socket.java:842)
D/StrictMode( 1412):    at libcore.net.http.HttpConnection.<init>(HttpConnection.java:77)
D/StrictMode( 1412):    at libcore.net.http.HttpConnection.<init>(HttpConnection.java:50)
D/StrictMode( 1412):    at libcore.net.http.HttpConnection$Address.connect(HttpConnection.java:351)
D/StrictMode( 1412):    at libcore.net.http.HttpConnectionPool.get(HttpConnectionPool.java:86)
D/StrictMode( 1412):    at libcore.net.http.HttpConnection.connect(HttpConnection.java:128)
D/StrictMode( 1412):    at libcore.net.http.HttpEngine.openSocketConnection(HttpEngine.java:308)
D/StrictMode( 1412):    at libcore.net.http.HttpEngine.connect(HttpEngine.java:303)
D/StrictMode( 1412):    at libcore.net.http.HttpEngine.sendSocketRequest(HttpEngine.java:282)
D/StrictMode( 1412):    at libcore.net.http.HttpEngine.sendRequest(HttpEngine.java:232)
D/StrictMode( 1412):    at libcore.net.http.HttpURLConnectionImpl.getResponse(HttpURLConnectionImpl.java:273)
D/StrictMode( 1412):    at libcore.net.http.HttpURLConnectionImpl.getInputStream(HttpURLConnectionImpl.java:168)
D/StrictMode( 1412):    at com.coship.netfirmware.downloads.HttpDownLoad.getInputStream(HttpDownLoad.java:67)
D/StrictMode( 1412):    at com.coship.netfirmware.downloads.HttpDownLoad.downfile(HttpDownLoad.java:45)
D/StrictMode( 1412):    at com.coship.netfirmware.NetFirmwareService.downFileFormService(NetFirmwareService.java:1464)
D/StrictMode( 1412):    at com.coship.netfirmware.NetFirmwareService.access$4400(NetFirmwareService.java:72)
D/StrictMode( 1412):    at com.coship.netfirmware.NetFirmwareService$6.run(NetFirmwareService.java:1096)
D/dalvikvm( 1412): GC_CONCURRENT freed 527K, 65% free 2343K/6659K, paused 2ms+4ms
D/Downloader(  739): Downloadserver bandWidth:2167225
D/Downloader(  739): Downloadserver bandWidth:2167225
D/Downloader(  739): Downloadserver bandWidth:2167225
D/Downloader(  739): Downloadserver bandWidth:2167225
D/StrictMode( 1412): StrictMode policy violation: android.os.StrictMode$StrictModeNetworkViolation: policy=23 violation=4
D/StrictMode( 1412):    at android.os.StrictMode$AndroidBlockGuardPolicy.onNetwork(StrictMode.java:1105)
D/StrictMode( 1412):    at libcore.io.BlockGuardOs.recvfrom(BlockGuardOs.java:163)
D/StrictMode( 1412):    at libcore.io.IoBridge.recvfrom(IoBridge.java:503)
D/StrictMode( 1412):    at java.net.PlainSocketImpl.read(PlainSocketImpl.java:488)
D/StrictMode( 1412):    at java.net.PlainSocketImpl.access$000(PlainSocketImpl.java:46)
D/StrictMode( 1412):    at java.net.PlainSocketImpl$PlainSocketInputStream.read(PlainSocketImpl.java:240)
D/StrictMode( 1412):    at java.io.InputStream.read(InputStream.java:163)
D/StrictMode( 1412):    at java.io.BufferedInputStream.fillbuf(BufferedInputStream.java:142)
D/StrictMode( 1412):    at java.io.BufferedInputStream.read(BufferedInputStream.java:227)
D/StrictMode( 1412):    at libcore.io.Streams.readAsciiLine(Streams.java:201)
D/StrictMode( 1412):    at libcore.net.http.HttpEngine.readResponseHeaders(HttpEngine.java:544)
D/StrictMode( 1412):    at libcore.net.http.HttpEngine.readResponse(HttpEngine.java:784)
D/StrictMode( 1412):    at libcore.net.http.HttpURLConnectionImpl.getResponse(HttpURLConnectionImpl.java:274)
D/StrictMode( 1412):    at libcore.net.http.HttpURLConnectionImpl.getInputStream(HttpURLConnectionImpl.java:168)
D/StrictMode( 1412):    at com.coship.netfirmware.downloads.HttpDownLoad.getInputStream(HttpDownLoad.java:67)
D/StrictMode( 1412):    at com.coship.netfirmware.downloads.HttpDownLoad.downfile(HttpDownLoad.java:45)
D/StrictMode( 1412):    at com.coship.netfirmware.NetFirmwareService.downFileFormService(NetFirmwareService.java:1464)
D/StrictMode( 1412):    at com.coship.netfirmware.NetFirmwareService.access$4400(NetFirmwareService.java:72)
D/StrictMode( 1412):    at com.coship.netfirmware.NetFirmwareService$6.run(NetFirmwareService.java:1096)
D/MstarPlayer(  739): MstarPlayer::setLooping=0
D/MstarPlayer(  739): playerType
D/MstarPlayer(  739): MstarPlayer::setLooping=0
D/IMMPlayer(  739): Send MM_SetTrickMode
D/IMMPlayer(  739): u32Item:1
D/IMMPlayer(  739): stTrickInfo->eMode:0
D/IMMPlayer(  739): stTrickInfo->eSpeed:1
D/IMMPlayer(  739): Get ret:0
I//lib/ld-linux.so.3(  743): 1. Mode: 0, Speed: 1.
I//lib/ld-linux.so.3(  743): SetTrickMode, Mode: 0, Speed: 1.
I//lib/ld-linux.so.3(  743): Send to Co-processor: eMode: 0, eSpeed: 1.
D/StrictMode( 1412): StrictMode policy violation: android.os.StrictMode$StrictModeNetworkViolation: policy=23 violation=4
D/StrictMode( 1412):    at android.os.StrictMode$AndroidBlockGuardPolicy.onNetwork(StrictMode.java:1105)
D/StrictMode( 1412):    at libcore.io.BlockGuardOs.recvfrom(BlockGuardOs.java:163)
D/StrictMode( 1412):    at libcore.io.IoBridge.recvfrom(IoBridge.java:503)
D/StrictMode( 1412):    at java.net.PlainSocketImpl.read(PlainSocketImpl.java:488)
D/StrictMode( 1412):    at java.net.PlainSocketImpl.access$000(PlainSocketImpl.java:46)
D/StrictMode( 1412):    at java.net.PlainSocketImpl$PlainSocketInputStream.read(PlainSocketImpl.java:240)
D/StrictMode( 1412):    at java.io.InputStream.read(InputStream.java:163)
D/StrictMode( 1412):    at java.io.BufferedInputStream.fillbuf(BufferedInputStream.java:142)
D/StrictMode( 1412):    at java.io.BufferedInputStream.read(BufferedInputStream.java:227)
D/StrictMode( 1412):    at libcore.io.Streams.readAsciiLine(Streams.java:201)
D/StrictMode( 1412):    at libcore.net.http.HttpEngine.readHeaders(HttpEngine.java:587)
D/StrictMode( 1412):    at libcore.net.http.HttpEngine.readResponseHeaders(HttpEngine.java:545)
D/StrictMode( 1412):    at libcore.net.http.HttpEngine.readResponse(HttpEngine.java:784)
D/StrictMode( 1412):    at libcore.net.http.HttpURLConnectionImpl.getResponse(HttpURLConnectionImpl.java:274)
D/StrictMode( 1412):    at libcore.net.http.HttpURLConnectionImpl.getInputStream(HttpURLConnectionImpl.java:168)
D/StrictMode( 1412):    at com.coship.netfirmware.downloads.HttpDownLoad.getInputStream(HttpDownLoad.java:67)
D/StrictMode( 1412):    at com.coship.netfirmware.downloads.HttpDownLoad.downfile(HttpDownLoad.java:45)
D/StrictMode( 1412):    at com.coship.netfirmware.NetFirmwareService.downFileFormService(NetFirmwareService.java:1464)
D/StrictMode( 1412):    at com.coship.netfirmware.NetFirmwareService.access$4400(NetFirmwareService.java:72)
D/StrictMode( 1412):    at com.coship.netfirmware.NetFirmwareService$6.run(NetFirmwareService.java:1096)
I/HttpDownLoad( 1412): network is error
I/NetFirmwareService( 1412): Local Des:/data/data/com.coship.netfirmware/description_null.dat
D/StrictMode( 1412): StrictMode policy violation: android.os.StrictMode$StrictModeDiskReadViolation: policy=23 violation=2
D/StrictMode( 1412):    at android.os.StrictMode$AndroidBlockGuardPolicy.onReadFromDisk(StrictMode.java:1089)
D/StrictMode( 1412):    at libcore.io.BlockGuardOs.open(BlockGuardOs.java:106)
D/StrictMode( 1412):    at libcore.io.IoBridge.open(IoBridge.java:390)
D/StrictMode( 1412):    at java.io.FileInputStream.<init>(FileInputStream.java:78)
D/StrictMode( 1412):    at java.io.FileInputStream.<init>(FileInputStream.java:105)
D/StrictMode( 1412):    at com.coship.netfirmware.NetFirmwareService.getUpdateInfo(NetFirmwareService.java:1483)
D/StrictMode( 1412):    at com.coship.netfirmware.NetFirmwareService.downFileFormService(NetFirmwareService.java:1467)
D/StrictMode( 1412):    at com.coship.netfirmware.NetFirmwareService.access$4400(NetFirmwareService.java:72)
D/StrictMode( 1412):    at com.coship.netfirmware.NetFirmwareService$6.run(NetFirmwareService.java:1096)
W/System.err( 1412): java.io.FileNotFoundException: /data/data/com.coship.netfirmware/description_null.dat: open failed: ENOENT (No such file or directory)
W/System.err( 1412):    at libcore.io.IoBridge.open(IoBridge.java:406)
W/System.err( 1412):    at java.io.FileInputStream.<i