
130|shell@android:/ # 
130|shell@android:/ # su
shell@android:/ # 
shell@android:/ # logcat
--------- beginning of /dev/log/system
W/PackageParser(  954): No actions in intent filter at /system/app/com.coship.startwizard.apk Binary XML file line #91
W/PackageParser(  954): No actions in intent filter at /system/app/com.coship.startwizard.apk Binary XML file line #98
W/PackageParser(  954): No actions in intent filter at /system/app/com.coship.startwizard.apk Binary XML file line #106
W/PackageParser(  954): No actions in intent filter at /system/app/com.coship.startwizard.apk Binary XML file line #113
I/Installer(  954): connecting...
I/PackageManager(  954): Time to scan packages: 2.624 seconds
W/PackageManager(  954): Unknown permission android.permission.APPWIDGET_LIST in package com.iflytek.vaf
W/PackageManager(  954): Unknown permission android.permission.APPWIDGET_LIST in package com.biaoqi.stbwidget.host
W/PackageManager(  954): Unknown permission android.permission.APPWIDGET_LIST in package com.mstar.appwidget
W/PackageManager(  954): Unknown permission android.permission.ADD_SYSTEM_SERVICE in package com.coship.sdp.sce.tvappstore
W/PackageManager(  954): Unknown permission android.permission.READ_EXTERNAL_STORAGE in package com.coship.sdp.sce.tvappstore
W/PackageManager(  954): Unknown permission com.google.android.gm.permission.WRITE_GMAIL in package com.coship.sdp.sce.tvappstore
W/PackageManager(  954): Unknown permission com.google.android.gm.permission.READ_GMAIL in package com.coship.sdp.sce.tvappstore
W/PackageManager(  954): Unknown permission com.google.android.gm.permission.WRITE_GMAIL in package com.coship.app.vaf
W/PackageManager(  954): Unknown permission com.google.android.gm.permission.READ_GMAIL in package com.coship.app.vaf
W/PackageManager(  954): Unknown permission com.google.android.gm.permission.WRITE_GMAIL in package com.coship.TestApp
W/PackageManager(  954): Unknown permission com.google.android.gm.permission.READ_GMAIL in package com.coship.TestApp
W/PackageManager(  954): Unknown permission android.permission.WRITE_OWNER_DATA in package com.iflytek.speech
W/PackageManager(  954): Unknown permission android.permission.BAIDU_LOCATION_SERVICE in package com.iflytek.speech
W/PackageManager(  954): Unknown permission com.google.android.gm.permission.WRITE_GMAIL in package com.ts.gaya.coship
W/PackageManager(  954): Unknown permission com.google.android.gm.permission.READ_GMAIL in package com.ts.gaya.coship
W/PackageManager(  954): Unknown permission android.permission.APPWIDGET_LIST in package com.iflytek.xiri.recorder.svc
W/PackageManager(  954): Unknown permission android.permission.ADD_SYSTEM_SERVICE in package com.coship.netfirmware
W/PackageManager(  954): Unknown permission android.permission.READ_SETTINGS in package com.android.settings
W/PackageManager(  954): Unknown permission com.android.permission.READ_LOGS in package cn.tvbox
W/PackageManager(  954): Not granting permission android.permission.DEVICE_POWER to package cn.tvbox (protectionLevel=2 flags=0xbe45)
W/PackageManager(  954): Unknown permission android.webkit.permission.PLUGIN in package com.adobe.flashplayer
W/PackageManager(  954): Unknown permission android.permission.READ_OWNER_DATA in package com.adobe.flashplayer
W/PackageManager(  954): Unknown permission android.permission.WRITE_OWNER_DATA in package com.adobe.flashplayer
W/PackageManager(  954): Unknown permission android.permission.READ_EXTERNAL_STORAGE in package com.adobe.flashplayer
W/PackageManager(  954): Not granting permission android.permission.DIAGNOSTIC to package com.sihuatech.wasutv4ics (protectionLevel=2 flags=0xbe45)
W/PackageManager(  954): Unknown permission android.permission.ACCESS_COARSE_UPDATES in package com.sihuatech.wasutv4ics
W/PackageManager(  954): Unknown permission android.permission.READ_OWNER_DATA in package com.sihuatech.wasutv4ics
W/PackageManager(  954): Unknown permission android.permission.WRITE_OWNER_DATA in package com.sihuatech.wasutv4ics
W/PackageManager(  954): Not granting permission android.permission.CLEAR_APP_USER_DATA to package com.sihuatech.wasutv4ics (protectionLevel=2 flags=0xbe45)
W/PackageManager(  954): Not granting permission android.permission.INJECT_EVENTS to package com.sihuatech.wasutv4ics (protectionLevel=2 flags=0xbe45)
W/PackageManager(  954): Not granting permission android.permission.DEVICE_POWER to package com.sihuatech.wasutv4ics (protectionLevel=2 flags=0xbe45)
W/PackageManager(  954): Unknown permission android.permission.WRITE_OWNER_DATA in package com.coship.Multimedia
W/PackageManager(  954): Unknown permission android.permission.READ_OWNER_DATA in package com.coship.Multimedia
W/PackageManager(  954): Unknown permission android.permission.WRITE_OWNER_DATA in package com.coship.NetworkNavigation
W/PackageManager(  954): Unknown permission android.permission.READ_OWNER_DATA in package com.coship.NetworkNavigation
I/SystemServer(  954): Account Manager
I/SystemServer(  954): Content Manager
I/SystemServer(  954): System Content Providers
I/SystemServer(  954): Lights Service
I/SystemServer(  954): Battery Service
I/SystemServer(  954): Pppoe Service
I/SystemServer(  954): Vibrator Service
I/SystemServer(  954): Alarm Manager
I/SystemServer(  954): Init Watchdog
I/SystemServer(  954): Window Manager
I/InputManager(  954): Initializing input manager
W/StatusBarManager(  954): warning: no STATUS_BAR_SERVICE
I/InputManager(  954): Starting input manager
I/WindowManager(  954): Enabled StrictMode logging for WMThread's Looper
I/SystemServer(  954): Bluetooth Service
I/WindowManager(  954): Enabled StrictMode for PolicyThread's Looper
I/SystemServer(  954): Input Method Service
W/InputManagerService(  954): Couldn't create dir.: /data/system/inputmethod
I/SystemServer(  954): Accessibility Manager
I/ActivityManager(  954): Config changed: {1.0 0mcc0mnc zh_CN layoutdir=0 sw720dp w1280dp h720dp xlrg long land ?uimode ?night -touch -keyb/v/h -nav/h s.2}
I/SystemServer(  954): TV
I/SystemServer(  954): Device Policy
I/SystemServer(  954): Status Bar
I/SystemServer(  954): Clipboard Service
I/SystemServer(  954): NetworkManagement Service
I/SystemServer(  954): Text Service Manager Service
W/TextServicesManagerService(  954): no available spell checker services found
I/SystemServer(  954): NetworkStats Service
I/SystemServer(  954): NetworkPolicy Service
I/SystemServer(  954): Wi-Fi P2pService
D/WifiP2pService(  954): P2pDisabledState
E/WifiP2pService(  954): Failed to reload sta firmware java.lang.NullPointerException
I/SystemServer(  954): Wi-Fi Service
D/WifiP2pService(  954): P2pDisabledState{ what=69633 when=0 }
D/WifiP2pService(  954): DefaultState{ what=69633 when=0 }
D/WifiP2pService(  954): P2pDisabledState{ what=69632 when=0 obj=com.android.internal.util.AsyncChannel@414ecaa8 }
D/WifiP2pService(  954): DefaultState{ what=69632 when=-1ms obj=com.android.internal.util.AsyncChannel@414ecaa8 }
D/WifiP2pService(  954): Full connection with WifiStateMachine established
D/WifiP2pService(  954): P2pDisabledState{ what=69633 when=0 }
D/WifiP2pService(  954): DefaultState{ what=69633 when=0 }
D/WifiP2pService(  954): P2pDisabledState{ what=69632 when=0 obj=com.android.internal.util.AsyncChannel@41565098 }
D/WifiP2pService(  954): DefaultState{ what=69632 when=0 obj=com.android.internal.util.AsyncChannel@41565098 }
D/WifiP2pService(  954): Full connection with WifiStateMachine established
I/SystemServer(  954): Connectivity Service
D/ConnectivityService(  954): ConnectivityService starting up
E/ConnectivityService(  954): Error in radioAttributes - ignoring attempt to redefine type 1
D/ConnectivityService(  954): Starting Pppoe StateTracker
D/ConnectivityService(  954): Starting Ethernet Service.
V/EthernetStateTracker(  954): Ethernet State Tracker v1.0.6
V/EthernetStateTracker(  954): successed to init device!
I/EthernetService(  954): Ethernet dev enabled 2
V/EthernetService(  954): device 0 name eth0
V/EthernetStateTracker(  954): start to monitor the ethernet devices . . .
V/EthernetMonitor(  954): go poll events
I/EthernetManager(  954): Init Ethernet Manager, service: com.android.server.EthernetService@4150e608
I/EthernetStateTracker(  954): reset device eth0
I/EthernetStateTracker(  954): trigger dhcp for device eth0
D/EthernetStateTracker(  954): DhcpHandler: DHCP request started
I/EthernetStateTracker(  954): reset device eth0
I/EthernetStateTracker(  954): trigger dhcp for device eth0
E/MobileDataStateTracker(  954): default: Ignoring feature request because could not acquire PhoneService
E/MobileDataStateTracker(  954): default: Could not enable APN type "default"
D/NetworkManagementService(  954): Registering observer
D/NetworkManagementService(  954): Registering observer
I/WifiService(  954): WifiService starting up with Wi-Fi disabled
I/WifiService(  954): WifiService starting up with Wi-Fi AP enabled
D/WifiP2pService(  954): P2pDisabledState{ what=331907 when=0 }
I/SystemServer(  954): Throttle Service
I/SystemServer(  954): Mount Service
D/MountService(  954): got storage path: /mnt/sdcard description: USB å­˜å‚¨å™?primary: true removable: false emulated: false mtpReserve: 0 allowMassStorage: false maxFileSize: 0
D/MountService(  954): mExternalStoragePath:/mnt/sdcard
I/SystemServer(  954): Notification Manager
I/SystemServer(  954): Device Storage Monitor
I/SystemServer(  954): Location Manager
D/VoldCmdListener(  738): volume list
I/SystemServer(  954): Country Detector
I/SystemServer(  954): Search Service
I/SystemServer(  954): DropBox Service
I/SystemServer(  954): Wallpaper Service
I/SystemServer(  954): Audio Service
V/EthernetMonitor(  954): get event 
V/EthernetMonitor(  954): go poll events
I/SystemServer(  954): Camera Observer
I/SystemServer(  954): Microphone Observer
I/SystemServer(  954): Wired Accessory Observer
I/SystemServer(  954): USB Service
I/SystemServer(  954): UI Mode Manager Service
I/SystemServer(  954): Backup Service
V/BackupManagerService(  954): Initializing package tracking
V/BackupManagerService(  954): No ancestral data
V/BackupManagerService(  954): addPackageParticipantsLocked: all
I/BackupManagerService(  954): New app android never backed up; scheduling
I/BackupManagerService(  954): New app com.android.browser never backed up; scheduling
I/BackupManagerService(  954): New app com.android.providers.settings never backed up; scheduling
I/BackupManagerService(  954): New app com.android.providers.userdictionary never backed up; scheduling
I/BackupManagerService(  954): New app com.android.sharedstoragebackup never backed up; scheduling
V/BackupManagerService(  954): Registering transport android/com.android.internal.backup.LocalTransport = com.android.internal.backup.LocalTransport@416237e8
V/BackupManagerService(  954): Starting with transport android/com.android.internal.backup.LocalTransport
V/BackupManagerService(  954): Google transport not present
I/BackupManagerService(  954): Backup enabled => false
I/BackupManagerService(  954): Opting out of backup
I/SystemServer(  954): AppWidget Service
I/SystemServer(  954): Recognition Service
I/SystemServer(  954): DiskStats Service
I/SystemServer(  954): SamplingProfiler Service
I/SystemServer(  954): NetworkTimeUpdateService
D/PowerManagerService(  954): system ready!
I/ActivityManager(  954): System now ready
I/SystemServer(  954): Making services ready
I/ActivityManager(  954): Start proc com.mstar.dbprovider for content provider com.mstar.dbprovider/.MstTvUserSettingProvider: pid=1135 uid=10015 gids={}
V/EthernetMonitor(  954): get event 
V/EthernetMonitor(  954): go poll events
V/EthernetMonitor(  954): get event 
V/EthernetMonitor(  954): go poll events
V/EthernetMonitor(  954): get event 
V/EthernetMonitor(  954): go poll events
I/ActivityManager(  954): Start proc com.aidufei.movieonline for broadcast com.aidufei.movieonline/com.aidufei.otoService.BootReceiver: pid=1154 uid=1000 gids={3003, 1015, 3002, 3001, 3004}
D/SystemServer(  954): Starting service: Intent { cmp=com.android.systemui/.SystemUIService }
I/ActivityManager(  954): Start proc com.android.systemui for service com.android.systemui/.SystemUIService: pid=1162 uid=1000 gids={3003, 1015, 3002, 3001, 3004}
D/NetworkManagementService(  954): enabling bandwidth control
D/SystemUIService( 1162): loading: class com.android.systemui.statusbar.tablet.TabletStatusBar
D/SystemUIService( 1162): running: com.android.systemui.statusbar.tablet.TabletStatusBar@413afbf0
I/ActivityManager(  954): Start proc com.coship.Multimedia for broadcast com.coship.Multimedia/.view.BootCompletedReceiver: pid=1199 uid=1000 gids={3003, 1015, 3002, 3001, 3004}
W/ActivityManager(  954): Permission Denial: broadcasting Intent { act=android.net.conn.TETHER_STATE_CHANGED flg=0x30000000 (has extras) } from null (pid=-1, uid=-1) requires android.permission.CONNECTIVITY_INTERNAL due to registered receiver BroadcastFilter{415f4cd0 ReceiverList{415f52e8 954 system/1000 local:415fd160}}
D/NetworkManagementService(  954): Registering observer
D/NetworkManagementService(  954): Registering observer
I/ActivityManager(  954): Config changed: {1.0 0mcc0mnc zh_CN layoutdir=0 sw720dp w1280dp h720dp xlrg long land -touch -keyb/v/h -nav/h s.3}
W/RecognitionManagerService(  954): no available voice recognition services found
W/InputManagerService(  954): Ignoring setImeWindowStatus of uid 1000 token: null
I/ActivityManager(  954): Start proc com.android.inputmethod.pinyin for service com.android.inputmethod.pinyin/.PinyinIME: pid=1243 uid=10018 gids={3003}
D/NetworkManagementService(  954): Registering observer
I/SystemServer(  954): SIP Service
W/ThrottleService(  954): unable to find stats for iface rmnet0
I/ActivityManager(  954): Start proc com.coship.sdp.sce.tvappstore for added application com.coship.sdp.sce.tvappstore: pid=1265 uid=1000 gids={3003, 1015, 3002, 3001, 3004}
I/ActivityManager(  954): Start proc com.coship.netfirmware for added application com.coship.netfirmware: pid=1278 uid=1000 gids={3003, 1015, 3002, 3001, 3004}
I/ActivityManager(  954): Start proc com.iflytek.vaf.TouchKey for added application com.iflytek.vaf.TouchKey: pid=1296 uid=10029 gids={1015}
I/ActivityManager(  954): START {act=android.intent.action.MAIN cat=[android.intent.category.HOME] flg=0x10000000 cmp=com.ts.gaya.coship/.MainActivity} from pid 0
I/ActivityManager(  954): Start proc com.ts.gaya.coship for activity com.ts.gaya.coship/.MainActivity: pid=1306 uid=10034 gids={3002, 3001, 3004, 3003, 1015}
I/SystemServer(  954): Enabled StrictMode for system server main thread.
I/EthernetStateTracker(  954): received interface reset event
I/EthernetStateTracker(  954): reset device eth0
I/EthernetStateTracker(  954): trigger dhcp for device eth0
D/NetworkManagementService(  954): rsp <213 a4:a8:0f:ff:fe:96 0.0.0.0 0 [up broadcast running multicast]>
D/NetworkManagementService(  954): flags <[up broadcast running multicast]>
V/EthernetMonitor(  954): get event 
V/EthernetMonitor(  954): go poll events
I/StatusBar.HeightReceiver( 1162): Resizing status bar plugged=false height=48 old=0
D/ConnectivityService(  954): special network not available
I/MicrophoneObserver(  954): Microphone PLUG_IN
V/EthernetMonitor(  954): get event eth0:16:
V/EthernetMonitor(  954): dev: eth0 ev 16
V/EthernetStateTracker(  954): report interface is up for eth0
V/EthernetMonitor(  954): go poll events
I/ActivityManager(  954): Start proc com.google.process.gapps for service com.google.android.location/.NetworkLocationService: pid=1365 uid=10010 gids={3003, 1015, 2001, 1007}
W/MountService(  954): getVolumeState(/mnt/sdcard): Unknown volume
W/MountService(  954): getVolumeState(/mnt/sdcard): Unknown volume
I/EthernetStateTracker(  954): received interface up event, kick off connection request
I/EthernetStateTracker(  954): IntentBroadcast, event=5
I/EthernetStateTracker(  954): reset device eth0
I/EthernetStateTracker(  954): trigger dhcp for device eth0
E/EthernetStateTracker(  954): DhcpHandler: DHCP request failed: DHCP result was failed
W/ActivityThread( 1365): ClassLoader.loadClass: The class loader returned by Thread.getContextClassLoader() may fail for processes that host multiple applications. You should explicitly specify a context class loader. For example: Thread.setContextClassLoader(getClass().getClassLoader());
D/EthernetStateTracker(  954): DhcpHandler: DHCP request started
I/EthernetStateTracker(  954): configureInterfaceAutoIP : ipaddr 169.254.1.29 gateway 0.0.0.0 netmask 255.255.0.0 dns1 0.0.0.0 dns2 0.0.0.0 DHCP server 0.0.0.0 lease 0 seconds
V/EthernetMonitor(  954): get event eth0:20:
V/EthernetMonitor(  954): dev: eth0 ev 20
I/EthernetStateTracker(  954): report new state CONNECTED on dev eth0
V/EthernetStateTracker(  954): update network state tracker
V/EthernetStateTracker(  954): configureInterfaceAutoIP succeeded
V/EthernetMonitor(  954): go poll events
I/EthernetStateTracker(  954): received HW connected, stack=false CC=true
I/StatusBarManagerService(  954): registerStatusBar bar=com.android.internal.statusbar.IStatusBar$Stub$Proxy@4158edd8
D/SystemUIService( 1162): loading: class com.android.systemui.power.PowerUI
D/SystemUIService( 1162): running: com.android.systemui.power.PowerUI@4145f618
I/StatusBar.HeightReceiver( 1162): Resizing status bar plugged=false height=48 old=48
I/StatusBar.HeightReceiver( 1162): Resizing status bar plugged=false height=48 old=48
D/WifiService(  954): New client listening to asynchronous messages
D/PowerManagerService(  954): bootCompleted
V/DevicePolicyManagerService(  954): Sending password expiration notifications for action android.intent.action.BOOT_COMPLETED
V/WiredAccessoryObserver(  954): init()
W/WiredAccessoryObserver(  954): This kernel does not have wired headset support
W/WiredAccessoryObserver(  954): This kernel does not have wired headset support
W/WiredAccessoryObserver(  954): This kernel does not have wired headset support
I/ActivityManager(  954): Start proc com.android.settings for broadcast com.android.settings/.SettingGlobalReceiver: pid=1435 uid=1000 gids={3003, 1015, 3002, 3001, 3004}
I/ActivityManager(  954): Start proc com.biaoqi.stbwidget.host for broadcast com.biaoqi.stbwidget.host/.NetworkStatusChangeReceiver: pid=1465 uid=10026 gids={3003}
V/TabletStatusBar( 1162): setLightsOn(true)
I/ActivityManager(  954): Start proc com.android.contacts for broadcast com.android.contacts/.calllog.CallLogReceiver: pid=1479 uid=10000 gids={3003, 1015}
I/ActivityManager(  954): Start proc com.coship.HS for broadcast com.coship.HS/.AutoStartReceiver: pid=1498 uid=1000 gids={3003, 1015, 3002, 3001, 3004}
I/ActivityManager(  954): Start proc android.process.acore for content provider com.android.providers.contacts/.CallLogProvider: pid=1511 uid=10000 gids={3003, 1015}
I/ActivityManager(  954): Start proc android.process.media for content provider com.android.providers.downloads/.DownloadProvider: pid=1524 uid=10009 gids={1015, 1023, 1024, 2001, 3003, 3007}
I/ActivityManager(  954): Start proc com.android.providers.calendar for broadcast com.android.providers.calendar/.CalendarReceiver: pid=1548 uid=10004 gids={3003, 1015}
W/MountService(  954): getVolumeState(/mnt/sdcard): Unknown volume
V/EthernetMonitor(  954): get event eth0:21:
V/EthernetMonitor(  954): dev: eth0 ev 21
V/EthernetStateTracker(  954): report address is removed for eth0
V/EthernetMonitor(  954): go poll events
I/EthernetStateTracker(  954): received interface address remove event
V/EthernetMonitor(  954): get event eth0:20:
V/EthernetMonitor(  954): dev: eth0 ev 20
I/EthernetStateTracker(  954): report new state CONNECTED on dev eth0
V/EthernetStateTracker(  954): update network state tracker
V/EthernetStateTracker(  954): getEthernetIPAddr : 192.168.1.120
V/EthernetStateTracker(  954): configureInterfaceAutoIP skip!!
V/EthernetMonitor(  954): go poll events
I/EthernetStateTracker(  954): received HW connected, stack=true CC=true
W/ProcessStats(  954): Skipping unknown process pid 1574
I/ActivityManager(  954): Start proc com.coship.cw880 for broadcast com.coship.cw880/.BootCw880Recive: pid=1588 uid=1000 gids={3003, 1015, 3002, 3001, 3004}
D/EthernetStateTracker(  954): DhcpHandler: DHCP request succeeded: addr: 192.168.1.120/24 mRoutes: 0.0.0.0/0 -> 192.168.1.1 |  dns: 192.168.1.1, dhcpServer: 192.168.1.1 leaseDuration: 86400
I/EthernetStateTracker(  954): received configured succeeded, stack=true CC=true
I/EthernetStateTracker(  954): IntentBroadcast, event=1
D/ConnectivityService(  954): ConnectivityChange for ETH: CONNECTED/CONNECTED
I/ActivityManager(  954): START {flg=0x10000000 cmp=com.google.android.gsf/.update.SystemUpdateInstallDialog} from pid 1365
I/ActivityManager(  954): Start proc com.iflytek.vac for broadcast com.iflytek.vaf/com.iflytek.vocmd.Loader: pid=1625 uid=10027 gids={3003, 1015}
I/ActivityManager(  954): Start proc com.coship.changetheaudiooutput for broadcast com.coship.changetheaudiooutput/.BootCompletedReceiver: pid=1639 uid=10031 gids={3002, 3001, 3004}
I/ActivityManager(  954): Start proc com.iflytek.vaf.svc.rec for service com.iflytek.vaf/.svc.VAFSvc: pid=1659 uid=10027 gids={3003, 1015}
W/InputManagerService(  954): Window already focused, ignoring focus gain of: com.android.internal.view.IInputMethodClient$Stub$Proxy@4167f320
V/EthernetMonitor(  954): get event 
V/EthernetMonitor(  954): go poll events
I/ActivityManager(  954): Start proc com.coship.TestApp for broadcast com.coship.TestApp/.BootCompletedReceiver: pid=1675 uid=1000 gids={3003, 1015, 3002, 3001, 3004}
I/ActivityManager(  954): Start proc com.iflytek.xiri.recorder.svc for service com.iflytek.xiri.recorder.svc/.PCMRecorderSvc: pid=1692 uid=10028 gids={3003, 1015}
I/ActivityManager(  954): Start proc com.android.phone for content provider com.android.providers.telephony/.TelephonyProvider: pid=1707 uid=1001 gids={1015}
I/ActivityManager(  954): Start proc com.iflytek.speech for service com.iflytek.speech/.SpeechService: pid=1722 uid=10023 gids={1015, 3003, 1007}
I/ActivityManager(  954): Start proc com.coship.startwizard for broadcast com.coship.startwizard/.service.BootBroadcastReceiver: pid=1738 uid=1000 gids={3003, 1015, 3002, 3001, 3004}
I/ActivityManager(  954): Start proc com.coship.stpservice for broadcast com.coship.stpservice/.StpReceiver: pid=1760 uid=1000 gids={3003, 1015, 3002, 3001, 3004}
W/ActivityManager(  954): Permission Denial: receiving Intent { act=android.intent.action.BOOT_COMPLETED } to cn.tvbox requires android.permission.RECEIVE_BOOT_COMPLETED due to sender null (uid 1000)
I/ActivityManager(  954): Start proc cn.tvbox for broadcast cn.tvbox/.receiver.NetworkConnectivityReceiver: pid=1783 uid=10035 gids={1015, 3003}
I/ActivityManager(  954): Start proc com.coship.adjustthevolume for broadcast com.coship.adjustthevolume/.BootCompletedReceiver: pid=1807 uid=1000 gids={3003, 1015, 3002, 3001, 3004}
V/CheckBackdoors( 1760): add new backdoor. actionName=com.coship.adjustthevolume, backdoor.mBackdoorKey=0x5252525252
V/CheckBackdoors( 1760): add new backdoor. actionName=com.coship.adjustthevolume.Volup, backdoor.mBackdoorKey=0x18
V/CheckBackdoors( 1760): add new backdoor. actionName=com.coship.adjustthevolume.VolDown, backdoor.mBackdoorKey=0x19
I/ActivityManager(  954): Process com.coship.sdp.sce.tvappstore (pid 1265) has died.
W/ActivityManager(  954): Scheduling restart of crashed service com.coship.sdp.sce.tvappstore/.app.service.AppStoreCoreService in 1250ms
I/ActivityManager(  954): Start proc com.coship.sdp.sce.tvappstore for restart com.coship.sdp.sce.tvappstore: pid=1841 uid=1000 gids={3003, 1015, 3002, 3001, 3004}
I/ActivityManager(  954): Start proc com.iflytek.xiri.remotecmd for service com.iflytek.xiri.remotecmd/com.iflytek.xiri.vocmd.MyService: pid=1858 uid=10030 gids={}
W/MountService(  954): getVolumeState(/mnt/sdcard): Unknown volume
W/MountService(  954): getVolumeState(/mnt/sdcard): Unknown volume
D/ConnectivityService(  954): handleInetConditionHoldEnd: net=9, condition=0, published condition=0
W/ThrottleService(  954): unable to find stats for iface rmnet0
I/ActivityManager(  954): START {act=android.intent.action.MAIN flg=0x10200000 cmp=com.aidufei.movieonline/.MainCatalogActivity} from pid 1306
W/ActivityManager(  954): Activity is launching as a new task, so cancelling activity result.
W/MountService(  954): getVolumeState(/mnt/sdcard): Unknown volume
W/ActivityThread( 1154): ClassLoader.loadClass: The class loader returned by Thread.getContextClassLoader() may fail for processes that host multiple applications. You should explicitly specify a context class loader. For example: Thread.setContextClassLoader(getClass().getClassLoader());
W/InputManagerService(  954): Starting input on non-focused client com.android.internal.view.IInputMethodClient$Stub$Proxy@41660138 (uid=10034 pid=1306)
I/ActivityManager(  954): START {cmp=com.aidufei.movieonline/.ProgramDetailActivity (has extras)} from pid 1154
I/UsageStats(  954): No package stats for pkg:com.aidufei.movieonline
I/ActivityManager(  954): START {flg=0x78000000 cmp=com.aidufei.movieonline/.player.VideoPlayer (has extras)} from pid 1154
W/ActivityThread( 1278): ClassLoader.loadClass: The class loader returned by Thread.getContextClassLoader() may fail for processes that host multiple applications. You should explicitly specify a context class loader. For example: Thread.setContextClassLoader(getClass().getClassLoader());
W/ActivityManager(  954): Activity pause timeout for ActivityRecord{415a89c0 com.aidufei.movieonline/.player.VideoPlayer}
I/ActivityManager(  954): START {flg=0x78000000 cmp=com.aidufei.movieonline/.player.VideoPlayer (has extras)} from pid 1154
W/ActivityManager(  954): Activity pause timeout for ActivityRecord{418609f0 com.aidufei.movieonline/.player.VideoPlayer}
I/ActivityManager(  954): START {cmp=com.aidufei.movieonline/.ProgramDetailActivity (has extras)} from pid 1154
I/ActivityManager(  954): START {flg=0x78000000 cmp=com.aidufei.movieonline/.player.VideoPlayer (has extras)} from pid 1154
W/ActivityManager(  954): Activity pause timeout for ActivityRecord{41664408 com.aidufei.movieonline/.player.VideoPlayer}
I/ActivityManager(  954): START {cmp=com.aidufei.movieonline/.SubCatalogActivity (has extras)} from pid 1154
I/ActivityManager(  954): START {cmp=com.aidufei.movieonline/.ProgramDetailActivity (has extras)} from pid 1154
I/ActivityManager(  954): START {flg=0x78000000 cmp=com.aidufei.movieonline/.player.VideoPlayer (has extras)} from pid 1154
W/ActivityManager(  954): Activity pause timeout for ActivityRecord{41664408 com.aidufei.movieonline/.player.VideoPlayer}
I/ActivityManager(  954): START {flg=0x78000000 cmp=com.aidufei.movieonline/.player.VideoPlayer (has extras)} from pid 1154
W/ThrottleService(  954): unable to find stats for iface rmnet0
W/ActivityManager(  954): Activity pause timeout for ActivityRecord{415a89c0 com.aidufei.movieonline/.player.VideoPlayer}
I/ActivityManager(  954): START {flg=0x78000000 cmp=com.aidufei.movieonline/.player.VideoPlayer (has extras)} from pid 1154
W/ActivityManager(  954): Activity pause timeout for ActivityRecord{41680500 com.aidufei.movieonline/.player.VideoPlayer}
I/ActivityManager(  954): START {cmp=com.aidufei.movieonline/.ProgramDetailActivity (has extras)} from pid 1154
I/ActivityManager(  954): START {flg=0x78000000 cmp=com.aidufei.movieonline/.player.VideoPlayer (has extras)} from pid 1154
W/ActivityManager(  954): Activity pause timeout for ActivityRecord{41664408 com.aidufei.movieonline/.player.VideoPlayer}
V/TabletStatusBar( 1162): setLightsOn(true)
W/InputManagerService(  954): Starting input on non-focused client com.android.internal.view.IInputMethodClient$Stub$Proxy@41697e78 (uid=1000 pid=1154)
I/ActivityManager(  954): START {act=android.intent.action.MAIN flg=0x10200000 cmp=com.coship.dvbplayer/.main} from pid 1306
W/ActivityManager(  954): Activity is launching as a new task, so cancelling activity result.
I/ActivityManager(  954): Start proc com.coship.dvbplayer for activity com.coship.dvbplayer/.main: pid=2213 uid=10032 gids={3003, 1015}
V/TabletStatusBar( 1162): setLightsOn(true)
W/InputManagerService(  954): Starting input on non-focused client com.android.internal.view.IInputMethodClient$Stub$Proxy@41660138 (uid=10034 pid=1306)
W/MountService(  954): getVolumeState(/mnt/sdcard): Unknown volume
I/ActivityManager(  954): START {act=android.intent.LOOKBACK_PLAYER cmp=com.coship.dvbplayer/.videoplayer.VideoPlayer (has extras)} from pid 2213
W/ActivityManager(  954): Activity pause timeout for ActivityRecord{41601b90 com.coship.dvbplayer/.main}
V/TabletStatusBar( 1162): setLightsOn(true)
W/ThrottleService(  954): unable to find stats for iface rmnet0
W/ActivityManager(  954): Duplicate finish request for ActivityRecord{41724cc8 com.coship.dvbplayer/.videoplayer.VideoPlayer}
V/TabletStatusBar( 1162): setLightsOn(true)
W/ActivityManager(  954): Activity pause timeout for ActivityRecord{41601b90 com.coship.dvbplayer/.main}
V/TabletStatusBar( 1162): setLightsOn(true)
W/InputManagerService(  954): Starting input on non-focused client com.android.internal.view.IInputMethodClient$Stub$Proxy@416b4330 (uid=10032 pid=2213)
I/ActivityManager(  954): No longer want com.android.contacts (pid 1479): hidden #16
I/ActivityManager(  954): START {act=android.intent.action.MAIN flg=0x10200000 cmp=com.coship.dvbplayer/.main} from pid 1306
W/ActivityManager(  954): Activity is launching as a new task, so cancelling activity result.
V/TabletStatusBar( 1162): setLightsOn(true)
W/InputManagerService(  954): Starting input on non-focused client com.android.internal.view.IInputMethodClient$Stub$Proxy@41660138 (uid=10034 pid=1306)
W/InputManagerService(  954): Window already focused, ignoring focus gain of: com.android.internal.view.IInputMethodClient$Stub$Proxy@415a7fb8
W/ActivityManager(  954): Activity pause timeout for ActivityRecord{41672a48 com.coship.dvbplayer/.main}
V/TabletStatusBar( 1162): setLightsOn(true)
W/InputManagerService(  954): Starting input on non-focused client com.android.internal.view.IInputMethodClient$Stub$Proxy@416b4330 (uid=10032 pid=2213)
I/ActivityManager(  954): START {act=android.intent.action.MAIN flg=0x10200000 cmp=com.aidufei.movieonline/.MainCatalogActivity} from pid 1306
W/ActivityManager(  954): Activity is launching as a new task, so cancelling activity result.
W/InputManagerService(  954): Starting input on non-focused client com.android.internal.view.IInputMethodClient$Stub$Proxy@41660138 (uid=10034 pid=1306)
I/ActivityManager(  954): START {cmp=com.aidufei.movieonline/.SubCatalogActivity (has extras)} from pid 1154
I/ActivityManager(  954): START {cmp=com.aidufei.movieonline/.SubCatalogActivity (has extras)} from pid 1154
V/TabletStatusBar( 1162): setLightsOn(true)
W/InputManagerService(  954): Starting input on non-focused client com.android.internal.view.IInputMethodClient$Stub$Proxy@41697e78 (uid=1000 pid=1154)
I/ActivityManager(  954): START {act=android.intent.action.MAIN flg=0x10200000 cmp=com.coship.dvbplayer/.main} from pid 1306
W/ActivityManager(  954): Activity is launching as a new task, so cancelling activity result.
V/TabletStatusBar( 1162): setLightsOn(true)
W/InputManagerService(  954): Starting input on non-focused client com.android.internal.view.IInputMethodClient$Stub$Proxy@41660138 (uid=10034 pid=1306)
I/ActivityManager(  954): No longer want com.coship.startwizard (pid 1738): hidden #16
I/ActivityManager(  954): No longer want com.coship.TestApp (pid 1675): hidden #17
I/ActivityManager(  954): No longer want com.coship.changetheaudiooutput (pid 1639): hidden #18
I/ActivityManager(  954): No longer want android.process.acore (pid 1511): hidden #19
I/ActivityManager(  954): No longer want com.coship.cw880 (pid 1588): hidden #20
W/ActivityManager(  954): Scheduling restart of crashed service com.coship.changetheaudiooutput/.AudioOutputServer in 5000ms
W/ActivityManager(  954): Scheduling restart of crashed service com.coship.cw880/.MonitorCw880 in 14998ms
I/ActivityManager(  954): No longer want com.coship.stpservice (pid 1760): hidden #16
W/ActivityManager(  954): Scheduling restart of crashed service com.coship.stpservice/.StpService in 24961ms
I/ActivityManager(  954): Start proc com.coship.changetheaudiooutput for service com.coship.changetheaudiooutput/.AudioOutputServer: pid=3625 uid=10031 gids={3002, 3001, 3004}
I/ActivityManager(  954): Start proc com.coship.cw880 for service com.coship.cw880/.MonitorCw880: pid=3638 uid=1000 gids={3003, 1015, 3002, 3001, 3004}
I/ActivityManager(  954): Start proc com.coship.stpservice for service com.coship.stpservice/.StpService: pid=3653 uid=1000 gids={3003, 1015, 3002, 3001, 3004}
V/CheckBackdoors( 3653): add new backdoor. actionName=com.coship.adjustthevolume, backdoor.mBackdoorKey=0x5252525252
V/CheckBackdoors( 3653): add new backdoor. actionName=com.coship.adjustthevolume.Volup, backdoor.mBackdoorKey=0x18
V/CheckBackdoors( 3653): add new backdoor. actionName=com.coship.adjustthevolume.VolDown, backdoor.mBackdoorKey=0x19
V/EthernetMonitor(  954): get event 
V/EthernetMonitor(  954): go poll events
W/ActivityManager(  954): Activity pause timeout for ActivityRecord{4188b810 com.coship.dvbplayer/.main}
V/TabletStatusBar( 1162): setLightsOn(true)
W/InputManagerService(  954): Starting input on non-focused client com.android.internal.view.IInputMethodClient$Stub$Proxy@416b4330 (uid=10032 pid=2213)
I/ActivityManager(  954): No longer want com.android.settings (pid 1435): hidden #16
I/ActivityManager(  954): START {act=android.intent.action.MAIN flg=0x10200000 cmp=com.aidufei.movieonline/.MainCatalogActivity} from pid 1306
W/ActivityManager(  954): Activity is launching as a new task, so cancelling activity result.
W/InputManagerService(  954): Starting input on non-focused client com.android.internal.view.IInputMethodClient$Stub$Proxy@41660138 (uid=10034 pid=1306)
I/ActivityManager(  954): START {cmp=com.aidufei.movieonline/.SubCatalogActivity (has extras)} from pid 1154
W/ThrottleService(  954): unable to find stats for iface rmnet0
I/ActivityManager(  954): START {cmp=com.aidufei.movieonline/.ProgramDetailActivity (has extras)} from pid 1154
I/ActivityManager(  954): START {cmp=com.aidufei.movieonline/.SubCatalogActivity (has extras)} from pid 1154
I/ActivityManager(  954): START {cmp=com.aidufei.movieonline/.ProgramDetailActivity (has extras)} from pid 1154
I/ActivityManager(  954): START {flg=0x78000000 cmp=com.aidufei.movieonline/.player.VideoPlayer (has extras)} from pid 1154
W/ActivityManager(  954): Activity pause timeout for ActivityRecord{415a6e38 com.aidufei.movieonline/.player.VideoPlayer}
W/InputManagerService(  954): Window already focused, ignoring focus gain of: com.android.internal.view.IInputMethodClient$Stub$Proxy@4151a1f0
I/ActivityManager(  954): START {cmp=com.aidufei.movieonline/.SubCatalogActivity (has extras)} from pid 1154
I/ActivityManager(  954): START {cmp=com.aidufei.movieonline/.ProgramDetailActivity (has extras)} from pid 1154
I/ActivityManager(  954): START {flg=0x78000000 cmp=com.aidufei.movieonline/.player.VideoPlayer (has extras)} from pid 1154
W/ActivityManager(  954): Activity pause timeout for ActivityRecord{41601b90 com.aidufei.movieonline/.player.VideoPlayer}
I/ActivityManager(  954): START {flg=0x78000000 cmp=com.aidufei.movieonline/.player.VideoPlayer (has extras)} from pid 1154
V/EthernetMonitor(  954): get event 
V/EthernetMonitor(  954): go poll events
V/EthernetMonitor(  954): get event 
V/EthernetMonitor(  954): go poll events
W/ActivityManager(  954): Activity pause timeout for ActivityRecord{415a6e38 com.aidufei.movieonline/.player.VideoPlayer}
I/ActivityManager(  954): START {flg=0x78000000 cmp=com.aidufei.movieonline/.player.VideoPlayer (has extras)} from pid 1154
W/ActivityManager(  954): Activity pause timeout for ActivityRecord{4168e648 com.aidufei.movieonline/.player.VideoPlayer}
I/ActivityManager(  954): START {cmp=com.aidufei.movieonline/.ProgramDetailActivity (has extras)} from pid 1154
I/ActivityManager(  954): START {flg=0x78000000 cmp=com.aidufei.movieonline/.player.VideoPlayer (has extras)} from pid 1154
W/ActivityManager(  954): Activity pause timeout for ActivityRecord{41601b90 com.aidufei.movieonline/.player.VideoPlayer}
W/ActivityManager(  954): Duplicate finish request for ActivityRecord{41601b90 com.aidufei.movieonline/.player.VideoPlayer}
V/TabletStatusBar( 1162): setLightsOn(true)
W/InputManagerService(  954): Starting input on non-focused client com.android.internal.view.IInputMethodClient$Stub$Proxy@41697e78 (uid=1000 pid=1154)
I/ActivityManager(  954): START {act=android.intent.action.MAIN flg=0x10200000 cmp=com.coship.dvbplayer/.main} from pid 1306
W/ActivityManager(  954): Activity is launching as a new task, so cancelling activity result.
V/TabletStatusBar( 1162): setLightsOn(true)
W/InputManagerService(  954): Starting input on non-focused client com.android.internal.view.IInputMethodClient$Stub$Proxy@41660138 (uid=10034 pid=1306)
W/ActivityManager(  954): Activity pause timeout for ActivityRecord{415a89c0 com.coship.dvbplayer/.main}
V/TabletStatusBar( 1162): setLightsOn(true)
W/InputManagerService(  954): Starting input on non-focused client com.android.internal.view.IInputMethodClient$Stub$Proxy@416b4330 (uid=10032 pid=2213)
I/ActivityManager(  954): START {act=android.intent.action.MAIN flg=0x10200000 cmp=com.coship.dvbplayer/.main} from pid 1306
W/ActivityManager(  954): Activity is launching as a new task, so cancelling activity result.
V/TabletStatusBar( 1162): setLightsOn(true)
W/InputManagerService(  954): Starting input on non-focused client com.android.internal.view.IInputMethodClient$Stub$Proxy@41660138 (uid=10034 pid=1306)
V/EthernetMonitor(  954): get event 
V/EthernetMonitor(  954): go poll events
W/ActivityManager(  954): Activity pause timeout for ActivityRecord{41601b90 com.coship.dvbplayer/.main}
V/TabletStatusBar( 1162): setLightsOn(true)
W/InputManagerService(  954): Starting input on non-focused client com.android.internal.view.IInputMethodClient$Stub$Proxy@416b4330 (uid=10032 pid=2213)
I/ActivityManager(  954): START {act=android.intent.action.MAIN flg=0x10200000 cmp=com.aidufei.movieonline/.MainCatalogActivity} from pid 1306
W/ActivityManager(  954): Activity is launching as a new task, so cancelling activity result.
W/InputManagerService(  954): Starting input on non-focused client com.android.internal.view.IInputMethodClient$Stub$Proxy@41660138 (uid=10034 pid=1306)
I/ActivityManager(  954): START {cmp=com.aidufei.movieonline/.ProgramDetailActivity (has extras)} from pid 1154
I/ActivityManager(  954): START {flg=0x78000000 cmp=com.aidufei.movieonline/.player.VideoPlayer (has extras)} from pid 1154
I/ActivityManager(  954): START {cmp=com.aidufei.movieonline/.ProgramDetailActivity (has extras)} from pid 1154
I/ActivityManager(  954): START {flg=0x78000000 cmp=com.aidufei.movieonline/.player.VideoPlayer (has extras)} from pid 1154
W/ActivityManager(  954): Activity pause timeout for ActivityRecord{416ec980 com.aidufei.movieonline/.player.VideoPlayer}
V/TabletStatusBar( 1162): setLightsOn(true)
W/InputManagerService(  954): Starting input on non-focused client com.android.internal.view.IInputMethodClient$Stub$Proxy@41697e78 (uid=1000 pid=1154)
I/ActivityManager(  954): START {act=android.intent.action.MAIN flg=0x10200000 cmp=com.coship.dvbplayer/.main} from pid 1306
W/ActivityManager(  954): Activity is launching as a new task, so cancelling activity result.
V/TabletStatusBar( 1162): setLightsOn(true)
W/InputManagerService(  954): Starting input on non-focused client com.android.internal.view.IInputMethodClient$Stub$Proxy@41660138 (uid=10034 pid=1306)
W/ActivityManager(  954): Activity pause timeout for ActivityRecord{415a6f98 com.coship.dvbplayer/.main}
V/TabletStatusBar( 1162): setLightsOn(true)
W/InputManagerService(  954): Starting input on non-focused client com.android.internal.view.IInputMethodClient$Stub$Proxy@416b4330 (uid=10032 pid=2213)
I/ActivityManager(  954): START {act=android.intent.action.MAIN flg=0x10200000 cmp=com.aidufei.movieonline/.MainCatalogActivity} from pid 1306
W/ActivityManager(  954): Activity is launching as a new task, so cancelling activity result.
W/InputManagerService(  954): Starting input on non-focused client com.android.internal.view.IInputMethodClient$Stub$Proxy@41660138 (uid=10034 pid=1306)
I/ActivityManager(  954): START {cmp=com.aidufei.movieonline/.ProgramDetailActivity (has extras)} from pid 1154
I/ActivityManager(  954): START {flg=0x78000000 cmp=com.aidufei.movieonline/.player.VideoPlayer (has extras)} from pid 1154
W/ActivityManager(  954): Activity pause timeout for ActivityRecord{416d1720 com.aidufei.movieonline/.player.VideoPlayer}
W/ThrottleService(  954): unable to find stats for iface rmnet0
I/ActivityManager(  954): START {flg=0x78000000 cmp=com.aidufei.movieonline/.player.VideoPlayer (has extras)} from pid 1154
W/ActivityManager(  954): Activity pause timeout for ActivityRecord{418768c8 com.aidufei.movieonline/.player.VideoPlayer}
V/TabletStatusBar( 1162): setLightsOn(true)
W/InputManagerService(  954): Starting input on non-focused client com.android.internal.view.IInputMethodClient$Stub$Proxy@41697e78 (uid=1000 pid=1154)
I/ActivityManager(  954): START {act=android.intent.action.MAIN flg=0x10200000 cmp=com.aidufei.movieonline/.MainCatalogActivity} from pid 1306
W/ActivityManager(  954): Activity is launching as a new task, so cancelling activity result.
W/InputManagerService(  954): Starting input on non-focused client com.android.internal.view.IInputMethodClient$Stub$Proxy@41660138 (uid=10034 pid=1306)
I/ActivityManager(  954): START {cmp=com.aidufei.movieonline/.ProgramDetailActivity (has extras)} from pid 1154
I/ActivityManager(  954): START {flg=0x78000000 cmp=com.aidufei.movieonline/.player.VideoPlayer (has extras)} from pid 1154
V/EthernetMonitor(  954): get event 
V/EthernetMonitor(  954): go poll events
V/EthernetMonitor(  954): get event 
V/EthernetMonitor(  954): go poll events
V/EthernetMonitor(  954): get event 
V/EthernetMonitor(  954): go poll events
W/ActivityManager(  954): Activity pause timeout for ActivityRecord{416876b0 com.aidufei.movieonline/.player.VideoPlayer}
I/ActivityManager(  954): START {cmp=com.aidufei.movieonline/.ProgramDetailActivity (has extras)} from pid 1154
W/ThrottleService(  954): unable to find stats for iface rmnet0
W/InputManagerService(  954): Window already focused, ignoring focus gain of: com.android.internal.view.IInputMethodClient$Stub$Proxy@414c5bd0
V/TabletStatusBar( 1162): setLightsOn(true)
W/InputManagerService(  954): Starting input on non-focused client com.android.internal.view.IInputMethodClient$Stub$Proxy@41697e78 (uid=1000 pid=1154)
I/ActivityManager(  954): START {act=android.intent.action.MAIN flg=0x10200000 cmp=com.aidufei.movieonline/.MainCatalogActivity} from pid 1306
W/ActivityManager(  954): Activity is launching as a new task, so cancelling activity result.
W/InputManagerService(  954): Starting input on non-focused client com.android.internal.view.IInputMethodClient$Stub$Proxy@41660138 (uid=10034 pid=1306)
I/ActivityManager(  954): START {cmp=com.aidufei.movieonline/.ProgramDetailActivity (has extras)} from pid 1154
I/ActivityManager(  954): START {flg=0x78000000 cmp=com.aidufei.movieonline/.player.VideoPlayer (has extras)} from pid 1154
V/EthernetMonitor(  954): get event 
V/EthernetMonitor(  954): go poll events
V/EthernetMonitor(  954): get event 
V/EthernetMonitor(  954): go poll events
V/EthernetMonitor(  954): get event 
V/EthernetMonitor(  954): go poll events
W/ActivityManager(  954): Activity pause timeout for ActivityRecord{415a6f98 com.aidufei.movieonline/.player.VideoPlayer}
V/TabletStatusBar( 1162): setLightsOn(true)
I/ActivityManager(  954): START {act=android.intent.action.MAIN flg=0x10200000 cmp=com.coship.dvbplayer/.main} from pid 1306
W/ActivityManager(  954): Activity is launching as a new task, so cancelling activity result.
V/TabletStatusBar( 1162): setLightsOn(true)
W/InputManagerService(  954): Starting input on non-focused client com.android.internal.view.IInputMethodClient$Stub$Proxy@41660138 (uid=10034 pid=1306)
V/CheckBackdoors( 3653): this is backdoor.
V/CheckBackdoors( 3653): Intent(com.coship.adjustthevolume)
I/ActivityManager(  954): No longer want com.iflytek.vac (pid 1625): hidden #16
W/ActivityManager(  954): Scheduling restart of crashed service com.iflytek.vaf/com.iflytek.vocmd.Context in 5000ms
W/ActivityManager(  954): Scheduling restart of crashed service com.iflytek.vaf/com.iflytek.vocmd.StartService in 15000ms
W/ActivityManager(  954): Scheduling restart of crashed service com.iflytek.vaf/com.iflytek.vac.Manager in 24999ms
E/ActivityThread( 1659): Service com.iflytek.vaf.svc.VAFSvc has leaked IntentReceiver com.iflytek.vaf.svc.RemoteClientMonitor$5@4157e568 that was originally registered here. Are you missing a call to unregisterReceiver()?
E/ActivityThread( 1659): android.app.IntentReceiverLeaked: Service com.iflytek.vaf.svc.VAFSvc has leaked IntentReceiver com.iflytek.vaf.svc.RemoteClientMonitor$5@4157e568 that was originally registered here. Are you missing a call to unregisterReceiver()?
E/ActivityThread( 1659):        at android.app.LoadedApk$ReceiverDispatcher.<init>(LoadedApk.java:763)
E/ActivityThread( 1659):        at android.app.LoadedApk.getReceiverDispatcher(LoadedApk.java:567)
E/ActivityThread( 1659):        at android.app.ContextImpl.registerReceiverInternal(ContextImpl.java:1068)
E/ActivityThread( 1659):        at android.app.ContextImpl.registerReceiver(ContextImpl.java:1055)
E/ActivityThread( 1659):        at android.app.ContextImpl.registerReceiver(ContextImpl.java:1049)
E/ActivityThread( 1659):        at android.content.ContextWrapper.registerReceiver(ContextWrapper.java:341)
E/ActivityThread( 1659):        at com.iflytek.vaf.svc.RemoteClientMonitor.<init>(RemoteClientMonitor.java:270)
E/ActivityThread( 1659):        at com.iflytek.vaf.svc.VAFSvc$VafSvcImp.<init>(VAFSvc.java:268)
E/ActivityThread( 1659):        at com.iflytek.vaf.svc.VAFSvc.onCreate(VAFSvc.java:795)
E/ActivityThread( 1659):        at android.app.ActivityThread.handleCreateService(ActivityThread.java:2253)
E/ActivityThread( 1659):        at android.app.ActivityThread.access$1600(ActivityThread.java:123)
E/ActivityThread( 1659):        at android.app.ActivityThread$H.handleMessage(ActivityThread.java:1201)
E/ActivityThread( 1659):        at android.os.Handler.dispatchMessage(Handler.java:99)
E/ActivityThread( 1659):        at android.os.Looper.loop(Looper.java:137)
E/ActivityThread( 1659):        at android.app.ActivityThread.main(ActivityThread.java:4424)
E/ActivityThread( 1659):        at java.lang.reflect.Method.invokeNative(Native Method)
E/ActivityThread( 1659):        at java.lang.reflect.Method.invoke(Method.java:511)
E/ActivityThread( 1659):        at com.android.internal.os.ZygoteInit$MethodAndArgsCaller.run(ZygoteInit.java:848)
E/ActivityThread( 1659):        at com.android.internal.os.ZygoteInit.main(ZygoteInit.java:575)
E/ActivityThread( 1659):        at dalvik.system.NativeStart.main(Native Method)
E/ActivityThread( 1659): Service com.iflytek.vaf.svc.VAFSvc has leaked IntentReceiver com.iflytek.vaf.svc.CheckNetWork$1@4140e5f8 that was originally registered here. Are you missing a call to unregisterReceiver()?
E/ActivityThread( 1659): android.app.IntentReceiverLeaked: Service com.iflytek.vaf.svc.VAFSvc has leaked IntentReceiver com.iflytek.vaf.svc.CheckNetWork$1@4140e5f8 that was originally registered here. Are you missing a call to unregisterReceiver()?
E/ActivityThread( 1659):        at android.app.LoadedApk$ReceiverDispatcher.<init>(LoadedApk.java:763)
E/ActivityThread( 1659):        at android.app.LoadedApk.getReceiverDispatcher(LoadedApk.java:567)
E/ActivityThread( 1659):        at android.app.ContextImpl.registerReceiverInternal(ContextImpl.java:1068)
E/ActivityThread( 1659):        at android.app.ContextImpl.registerReceiver(ContextImpl.java:1055)
E/ActivityThread( 1659):        at android.app.ContextImpl.registerReceiver(ContextImpl.java:1049)
E/ActivityThread( 1659):        at android.content.ContextWrapper.registerReceiver(ContextWrapper.java:341)
E/ActivityThread( 1659):        at com.iflytek.vaf.svc.CheckNetWork.init(CheckNetWork.java:130)
E/ActivityThread( 1659):        at com.iflytek.vaf.svc.Talker.<init>(Talker.java:319)
E/ActivityThread( 1659):        at com.iflytek.vaf.svc.VAFSvc$VafSvcImp.<init>(VAFSvc.java:267)
E/ActivityThread( 1659):        at com.iflytek.vaf.svc.VAFSvc.onCreate(VAFSvc.java:795)
E/ActivityThread( 1659):        at android.app.ActivityThread.handleCreateService(ActivityThread.java:2253)
E/ActivityThread( 1659):        at android.app.ActivityThread.access$1600(ActivityThread.java:123)
E/ActivityThread( 1659):        at android.app.ActivityThread$H.handleMessage(ActivityThread.java:1201)
E/ActivityThread( 1659):        at android.os.Handler.dispatchMessage(Handler.java:99)
E/ActivityThread( 1659):        at android.os.Looper.loop(Looper.java:137)
E/ActivityThread( 1659):        at android.app.ActivityThread.main(ActivityThread.java:4424)
E/ActivityThread( 1659):        at java.lang.reflect.Method.invokeNative(Native Method)
E/ActivityThread( 1659):        at java.lang.reflect.Method.invoke(Method.java:511)
E/ActivityThread( 1659):        at com.android.internal.os.ZygoteInit$MethodAndArgsCaller.run(ZygoteInit.java:848)
E/ActivityThread( 1659):        at com.android.internal.os.ZygoteInit.main(ZygoteInit.java:575)
E/ActivityThread( 1659):        at dalvik.system.NativeStart.main(Native Method)
E/ActivityThread( 1659): Service com.iflytek.vaf.svc.VAFSvc has leaked ServiceConnection com.iflytek.xiri.recorder.impl.RemotePcmRecorder$2$1@415543c8 that was originally bound here
