I/System.out( 1331): WIFI_CONNECT:false
I/NetworkStatusChangeReceiver( 1361): action::::::::android.net.wifi.STATE_CHANGE
I/System.out( 1361): 网络断开：：：：：：：
I/System.out( 1361): 项目名称：A3STB-WidgetHost，版本号：1.0.11，发布人：朱道专(Jacky.Zhu)
I/System.out( 1361): BabaoWebWidget---network not connect---
I/System.out( 1361): WeatherWidgetProvider----network not connect----------
I/HighSet_WirlessNetwork( 1801): -------------------------SSID= smarttv_2.4 ----------Adress= c8:3a:35:34:4e:b8
I/HighSet_WirlessNetwork( 1801): -------------------------SSID= Momokan ----------Adress= 20:c9:d0:23:07:7c
I/HighSet_WirlessNetwork( 1801): -------------------------SSID= smarttv_2.4 ----------Adress= c8:3a:35:34:4e:b8
I/HighSet_WirlessNetwork( 1801): -------------------------SSID= Momokan ----------Adress= 20:c9:d0:23:07:7c
I/HighSet_WirlessNetwork( 1801): -------------------------SSID= smarttv_2.4 ----------Adress= c8:3a:35:34:4e:b8
I/HighSet_WirlessNetwork( 1801): -------------------------SSID= Momokan ----------Adress= 20:c9:d0:23:07:7c
D/MonitorCw880( 1510): currentRemoteHost is null ,continue
D/HomePlayerLib( 1605): hostaddress count is 0
I/HighSet_WirlessNetwork( 1801): -----------------------wifi????-------------------
I/HighSet_WirlessNetwork( 1801): -------------------------SSID= smarttv_2.4 ----------Adress= c8:3a:35:34:4e:b8
I/HighSet_WirlessNetwork( 1801): -------------------------SSID= Momokan ----------Adress= 20:c9:d0:23:07:7c
V/EthernetMonitor(  979): get event 
V/EthernetMonitor(  979): go poll events
D/DhcpInfoInternal(  979): makeLinkProperties with empty dns2!
D/DhcpInfoInternal(  979): makeLinkProperties with empty dns2!
I/TabletStatusBar( 1144): receiver broadcast
D/ConnectivityService(  979): ConnectivityChange for WIFI: CONNECTED/CONNECTED
I/NetworkConnect( 1801): //////@Override//////@Override//////@Override//////@Override//////@Override//////@Override//////@Override//////@Override
I/NetworkConnect( 1801): Execute command :ping -c 1 -w 100 www.baidu.com
I/System.out( 1331): GolableWifiChangeReceiver:::::
I/System.out( 1331): WIFI_CONNECT:true
I/NetworkStatusChangeReceiver( 1361): action::::::::android.net.wifi.STATE_CHANGE
I/System.out( 1361): 网络连接：：：：：：：
I/System.out( 1361): 项目名称：A3STB-WidgetHost，版本号：1.0.11，发布人：朱道专(Jacky.Zhu)
I/System.out( 1361): BabaoWebWidget---network connect---
I/System.out( 1361): WeatherWidgetProvider----network connect----------
I/HighSet_WirlessNetwork( 1801): -------------------------SSID= smarttv_2.4 ----------Adress= c8:3a:35:34:4e:b8
I/HighSet_WirlessNetwork( 1801): -------------------------SSID= Momokan ----------Adress= 20:c9:d0:23:07:7c
V/TabletStatusBar( 1144): setLightsOn(true)
W/NetworkStats(  979): dropping UID delta from unknown iface: iface=wlan0 uid=0 set=DEFAULT tag=0x0 rxBytes=903 rxPackets=3 txBytes=1073 txPackets=6 operations=0
D/ConnectivityService(  979): ConnectivityChange for WIFI: CONNECTED/CONNECTED
W/NetworkStats(  979): dropping UID delta from unknown iface: iface=wlan0 uid=1000 set=FOREGROUND tag=0x0 rxBytes=0 rxPackets=0 txBytes=59 txPackets=1 operations=0
D/ConnectivityService(  979): handleConnectivityChange: address are the same reset per doReset linkProperty[1]: resetMask=0
D/dalvikvm(  979): GC_CONCURRENT freed 691K, 63% free 3741K/9923K, paused 2ms+5ms
D/InputEventConsistencyVerifier( 1801): KeyEvent: ACTION_UP but key was not down.
D/InputEventConsistencyVerifier( 1801):   in Handler (android.view.ViewRootImpl) {433623d0}
D/InputEventConsistencyVerifier( 1801):   0: sent at 835582000000, KeyEvent { action=ACTION_UP, keyCode=KEYCODE_BACK, scanCode=0, metaState=0, flags=0x0, repeatCount=0, eventTime=835582, downTime=835582, deviceId=1, source=0x2002 }
D/InputEventConsistencyVerifier( 1801):   -- recent events --
D/InputEventConsistencyVerifier( 1801):   1: sent at 835582484000, MotionEvent { action=ACTION_HOVER_MOVE, id[0]=0, x[0]=834.4124, y[0]=147.77122, toolType[0]=TOOL_TYPE_MOUSE, buttonState=0, metaState=0, flags=0x0, edgeFlags=0x0, pointerCount=1, historySize=0, eventTime=835582, downTime=823126, deviceId=1, source=0x2002 }
D/InputEventConsistencyVerifier( 1801):   2: sent at 835470453000, MotionEvent { action=ACTION_HOVER_MOVE, id[0]=0, x[0]=834.4124, y[0]=147.77122, toolType[0]=TOOL_TYPE_MOUSE, buttonState=BUTTON_BACK, metaState=0, flags=0x0, edgeFlags=0x0, pointerCount=1, historySize=0, eventTime=835470, downTime=823126, deviceId=1, source=0x2002 }
D/InputEventConsistencyVerifier( 1801):   3: sent at 835470453000, MotionEvent { action=ACTION_HOVER_ENTER, id[0]=0, x[0]=834.4124, y[0]=147.77122, toolType[0]=TOOL_TYPE_MOUSE, buttonState=BUTTON_BACK, metaState=0, flags=0x0, edgeFlags=0x0, pointerCount=1, historySize=0, eventTime=835470, downTime=823126, deviceId=1, source=0x2002 }
D/InputEventConsistencyVerifier( 1801):   4: sent at 818534473000, MotionEvent { action=ACTION_HOVER_EXIT, id[0]=0, x[0]=389.96448, y[0]=233.83609, toolType[0]=TOOL_TYPE_MOUSE, buttonState=0, metaState=0, flags=0x0, edgeFlags=0x0, pointerCount=1, historySize=0, eventTime=818534, downTime=818222, deviceId=1, source=0x2002 }
D/InputEventConsistencyVerifier( 1801):   5: sent at 818318451000, MotionEvent { action=ACTION_HOVER_MOVE, id[0]=0, x[0]=388.96448, y[0]=232.83609, toolType[0]=TOOL_TYPE_MOUSE, buttonState=0, metaState=0, flags=0x0, edgeFlags=0x0, pointerCount=1, historySize=0, eventTime=818318, downTime=818222, deviceId=1, source=0x2002 }
I/HighSet_WirlessNetwork( 1801): --------------unregisterReceiver
I/WifiDirectSetting( 1801): --------------UnregisterWifidisplayReceiver------------
I/WifiApSetting( 1801): ---------------UnregisterWifiApReceiver--------------
D/dalvikvm( 1801): GC_EXPLICIT freed 1001K, 18% free 31910K/38595K, paused 3ms+13ms
E/StrictMode( 1801): class com.coship.dvbsetting.netsetting.netSet; instances=2; limit=1
E/StrictMode( 1801): android.os.StrictMode$InstanceCountViolation: class com.coship.dvbsetting.netsetting.netSet; instances=2; limit=1
E/StrictMode( 1801):    at android.os.StrictMode.setClassInstanceLimit(StrictMode.java:1)
E/ActivityThread( 1801): Activity com.coship.dvbsetting.netsetting.netSet has leaked ServiceConnection android.bluetooth.BluetoothHeadset$1@42d8c7d0 that was originally bound here
E/ActivityThread( 1801): android.app.ServiceConnectionLeaked: Activity com.coship.dvbsetting.netsetting.netSet has leaked ServiceConnection android.bluetooth.BluetoothHeadset$1@42d8c7d0 that was originally bound here
E/ActivityThread( 1801):        at android.app.LoadedApk$ServiceDispatcher.<init>(LoadedApk.java:936)
E/ActivityThread( 1801):        at android.app.LoadedApk.getServiceDispatcher(LoadedApk.java:830)
E/ActivityThread( 1801):        at android.app.ContextImpl.bindService(ContextImpl.java:1142)
E/ActivityThread( 1801):        at android.content.ContextWrapper.bindService(ContextWrapper.java:370)
E/ActivityThread( 1801):        at android.bluetooth.BluetoothHeadset.<init>(BluetoothHeadset.java:231)
E/ActivityThread( 1801):        at android.bluetooth.BluetoothAdapter.getProfileProxy(BluetoothAdapter.java:1168)
E/ActivityThread( 1801):        at com.coship.dvbsetting.bluetooth.HeadsetProfile.<init>(HeadsetProfile.java:111)
E/ActivityThread( 1801):        at com.coship.dvbsetting.netsetting.BluetoothSet.init(BluetoothSet.java:160)
E/ActivityThread( 1801):        at com.coship.dvbsetting.netsetting.BluetoothSet.<init>(BluetoothSet.java:131)
E/ActivityThread( 1801):        at com.coship.dvbsetting.netsetting.BluetoothSet.getInstance(BluetoothSet.java:110)
E/ActivityThread( 1801):        at com.coship.dvbsetting.netsetting.netSet.onCreate(netSet.java:81)
E/ActivityThread( 1801):        at android.app.Activity.performCreate(Activity.java:4465)
E/ActivityThread( 1801):        at android.app.Instrumentation.callActivityOnCreate(Instrumentation.java:1049)
E/ActivityThread( 1801):        at android.app.ActivityThread.performLaunchActivity(ActivityThread.java:1920)
E/ActivityThread( 1801):        at android.app.ActivityThread.handleLaunchActivity(ActivityThread.java:1981)
E/ActivityThread( 1801):        at android.app.ActivityThread.access$600(ActivityThread.java:123)
E/ActivityThread( 1801):        at android.app.ActivityThread$H.handleMessage(ActivityThread.java:1147)
E/ActivityThread( 1801):        at android.os.Handler.dispatchMessage(Handler.java:99)
E/ActivityThread( 1801):        at android.os.Looper.loop(Looper.java:137)
E/ActivityThread( 1801):        at android.app.ActivityThread.main(ActivityThread.java:4424)
E/ActivityThread( 1801):        at java.lang.reflect.Method.invokeNative(Native Method)
E/ActivityThread( 1801):        at java.lang.reflect.Method.invoke(Method.java:511)
E/ActivityThread( 1801):        at com.android.internal.os.ZygoteInit$MethodAndArgsCaller.run(ZygoteInit.java:848)
E/ActivityThread( 1801):        at com.android.internal.os.ZygoteInit.main(ZygoteInit.java:575)
E/ActivityThread( 1801):        at dalvik.system.NativeStart.main(Native Method)
W/ActivityManager(  979): Unbind failed: could not find connection for android.os.BinderProxy@416fac70
D/MonitorCw880( 1510): currentRemoteHost is null ,continue
I/ActivityManager(  979): START {cmp=com.coship.dvbsetting/.systemsetting.SyssetAcivity} from pid 1801
I/inputMethod( 1801): ----------mo ren shurufa-------------com.android.inputmethod.pinyin/.PinyinIME
I/inputMethod( 1801): -----mLastInputMethodId.equals(id)-----id=com.android.inputmethod.pinyin/.PinyinIME
I/Resolution( 1801):  ---------------------- getgetprop persist.sys.resolution---------defvalue=2
D/dalvikvm(  979): GC_EXPLICIT freed 197K, 64% free 3651K/9923K, paused 2ms+4ms
I/Storage ( 1801): ----------getPath()=/data
I/Storage ( 1801): ----------totalBlocks=831MB
I/Storage ( 1801): ----------availableBlocks_sd=747MB
I/Storage ( 1801): ----------surplusBlocks_sd=83.25MB
I/Storage ( 1801): &&&&&&&&&&&&&&&&&&&&&&&&&&&&&&& storagenumber=1----pagination=1
I/NetUpdate( 1801): mSwv--->211310
I/EthernetManager( 1801): Init Ethernet Manager, service: android.net.ethernet.IEthernetManager$Stub$Proxy@415b9ec0
I/PppoeManager( 1801): create PppoeManager
V/TabletStatusBar( 1144): setLightsOn(true)
I/ActivityManager(  979): Displayed com.coship.dvbsetting/.systemsetting.SyssetAcivity: +407ms
D/Tethering(  979): MasterInitialState.processMessage what=3
D/StpService( 1714): receive Broadcast Info NetworkInfo: type: WIFI[], state: CONNECTED/CONNECTED, reason: (unspecified), extra: (none), roaming: false, failover: false, isAvailable: true
I/StpService( 1714): Network Type Changed to 1
D/Tethering(  979): MasterInitialState.processMessage what=3
D/StpService( 1714): receive Broadcast Info NetworkInfo: type: WIFI[], state: CONNECTED/CONNECTED, reason: (unspecified), extra: (none), roaming: false, failover: false, isAvailable: true
I/StpService( 1714): Network Type Changed to 1
D/dalvikvm( 1287): GC_CONCURRENT freed 452K, 71% free 1824K/6211K, paused 1ms+2ms
D/BootReceiver( 1538): startOtOService
E/OtOService( 1538): onStart
I/FeiApplication( 1538): SystemPropertiesClass:class android.os.SystemProperties
W/FeiApplication( 1538): ~~~~~~~~~~~~~~~~~~~~~~method:public static java.lang.String android.os.SystemProperties.get(java.lang.String,java.lang.String)
W/FeiApplication( 1538): ~~~~~~~~~~~~~~~~~~~~~~returnvalue:SmartBox
I/BootCompletedReceiver( 1605): [onReceive] Action??android.net.conn.CONNECTIVITY_CHANGE
D/BootCompletedReceiver( 1605): [onReceive] renderer was configed as autoboot,start backservice
D/Multimedia_BackService( 1605): BackService onStart called
D/Multimedia_BackService( 1605): device Name:SmartBox
I/AirplayService( 1605): in setAirplayDevName
D/com.ts.gaya.coship.NetworkStateReceiver( 1267): Network connectivity change
W/com.ts.gaya.coship.NetworkStateReceiver( 1267):     at com.ts.gaya.coship.NetworkStateReceiver.onReceive(NetworkStateReceiver.java:18)
D/dalvikvm( 1538): GC_CONCURRENT freed 506K, 70% free 1890K/6275K, paused 2ms+3ms
D/dalvikvm( 1605): GC_CONCURRENT freed 611K, 66% free 2527K/7235K, paused 4ms+15ms
D/dalvikvm( 1287): GC_CONCURRENT freed 419K, 70% free 1891K/6211K, paused 1ms+2ms
I/StateSet( 1801): ===============================   state  ping shibai   ============
I/StateSet( 1801): -----wifi------dhcpinfo.toString()=ipaddr 192.168.0.126 gateway 192.168.0.1 netmask 255.255.255.0 dns1 192.168.0.1 dns2 0.0.0.0 DHCP server 192.168.0.1 lease 604800 seconds
V/NetUpdate( 1801): mBindRemote--->true
V/NetUpdate( 1801): Remote Invoke Success!
I/NetUpdate( 1801): --------------show()------------------
D/DeviceAnnounce( 1538): resetSocket
D/dalvikvm( 1538): GC_CONCURRENT freed 435K, 69% free 1987K/6275K, paused 2ms+2ms
D/ServerAdapter( 1538): resetDeviceAnnounce
D/BootReceiver( 1538): startOtOService
I/BootCompletedReceiver( 1605): [onReceive] Action??android.net.conn.CONNECTIVITY_CHANGE
D/BootCompletedReceiver( 1605): [onReceive] renderer was configed as autoboot,start backservice
D/Multimedia_BackService( 1605): BackService onStart called
D/Multimedia_BackService( 1605): device Name:SmartBox
I/AirplayService( 1605): in setAirplayDevName
E/OtOService( 1538): onStart
I/FeiApplication( 1538): SystemPropertiesClass:class android.os.SystemProperties
W/FeiApplication( 1538): ~~~~~~~~~~~~~~~~~~~~~~method:public static java.lang.String android.os.SystemProperties.get(java.lang.String,java.lang.String)
W/FeiApplication( 1538): ~~~~~~~~~~~~~~~~~~~~~~returnvalue:SmartBox
D/com.ts.gaya.coship.NetworkStateReceiver( 1267): Network connectivity change
W/com.ts.gaya.coship.NetworkStateReceiver( 1267):     at com.ts.gaya.coship.NetworkStateReceiver.onReceive(NetworkStateReceiver.java:18)
D/com.ts.gaya.coship.MainActivity( 1267): Skipped internet state changes, unchanged;
W/com.ts.gaya.coship.MainActivity( 1267):     at com.ts.gaya.coship.MainActivity.updateInternetState(MainActivity.java:128)
D/dalvikvm( 1538): GC_CONCURRENT freed 559K, 69% free 1994K/6275K, paused 2ms+3ms
D/DeviceAnnounce( 1538): resetSocket
D/ServerAdapter( 1538): resetDeviceAnnounce
V/EthernetMonitor(  979): get event 
V/EthernetMonitor(  979): go poll events
V/EthernetMonitor(  979): get event 
V/EthernetMonitor(  979): go poll events
D/dalvikvm( 1245): GC_CONCURRENT freed 1443K, 55% free 5104K/11267K, paused 1ms+2ms
D/MonitorCw880( 1510): currentRemoteHost is null ,continue
V/NetUpdate( 1801): iUpdateService.getProgressValue()--->5
D/HomePlayerLib( 1605): hostaddress count is 1
I/HighSet_WirlessNetwork( 1801): -------------------------SSID= smarttv_2.4 ----------Adress= c8:3a:35:34:4e:b8
I/HighSet_WirlessNetwork( 1801): -------------------------SSID= Momokan ----------Adress= 20:c9:d0:23:07:7c
D/StpService( 17[  843.641869] init: untracked pid 2469 exited
14): handleMessage NetworkType is 1
[  843.663810] init: untracked pid 2470 exited
D/StpService( 1714): handleMessage NetworkType is 1
D/dalvikvm( 1801): GC_CONCURRENT freed 1860K, 18% free 32010K/38595K, paused 2ms+10ms
[  843.847190] init: untracked pid 2418 exited
[  843.851997] init: untracked pid 2419 exited
[  843.865830] init: untracked pid 2420 exited
[  843.872929] init: untracked pid 2421 exited
V/NetUpdate( 1801): iUpdateService.getProgressValue()--->5
D/dalvikvm( 1605): GC_CONCURRENT freed 575K, 64% free 2621K/7235K, paused 2ms+22ms
D/dalvikvm( 1605): GC_CONCURRENT freed 703K, 64% free 2644K/7235K, paused 12ms+3ms
D/dalvikvm( 1605): GC_CONCURRENT freed 731K, 64% free 2642K/7235K, paused 55ms+3ms
V/NetUpdate( 1801): iUpdateService.getProgressValue()--->5
D/MonitorCw880( 1510): currentRemoteHost is null ,continue
V/NetUpdate( 1801): iUpdateService.getProgressValue()--->5
D/dalvikvm( 1605): GC_CONCURRENT freed 711K, 63% free 2726K/7235K, paused 41ms+6ms
D/dalvikvm( 1801): GC_CONCURRENT freed 2478K, 19% free 31487K/38595K, paused 4ms+7ms
D/dalvikvm( 1605): GC_CONCURRENT freed 849K, 64% free 2646K/7235K, paused 2ms+3ms
D/dalvikvm( 1605): GC_CONCURRENT freed 725K, 64% free 2666K/7235K, paused 23ms+3ms
V/NetUpdate( 1801): iUpdateService.getProgressValue()--->5
D/MonitorCw880( 1510): currentRemoteHost is null ,continue
V/NetUpdate( 1801): iUpdateService.getProgressValue()--->5
D/dalvikvm( 1245): GC_CONCURRENT freed 1438K, 55% free 5105K/11267K, paused 1ms+2ms
D/dalvikvm( 1801): GC_CONCURRENT freed 1961K, 19% free 31468K/38595K, paused 2ms+7ms
V/NetUpdate( 1801): iUpdateService.getProgressValue()--->5
V/NetUpdate( 1801): iUpdateService.getProgressValue()--->5
D/MonitorCw880( 1510): currentRemoteHost is null ,continue
V/NetUpdate( 1801): iUpdateService.getProgressValue()--->5
D/dalvikvm( 1801): GC_CONCURRENT freed 1945K, 19% free 31468K/38595K, paused 2ms+6ms
D/HomePlayerLib( 1605): hostaddress count is 1
D/dalvikvm( 1605): GC_CONCURRENT freed 758K, 65% free 2595K/7235K, paused 26ms+4ms
D/dalvikvm( 1605): GC_CONCURRENT freed 663K, 64% free 2658K/7235K, paused 3ms+45ms
V/NetUpdate( 1801): iUpdateService.getProgressValue()--->5
D/MonitorCw880( 1510): currentRemoteHost is null ,continue
D/dalvikvm( 1605): GC_CONCURRENT freed 745K, 64% free 2660K/7235K, paused 27ms+7ms
V/NetUpdate( 1801): iUpdateService.getProgressValue()--->5
D/dalvikvm( 1605): GC_CONCURRENT freed 746K, 63% free 2735K/7235K, paused 74ms+55ms
D/dalvikvm( 1801): GC_CONCURRENT freed 1932K, 19% free 31476K/38595K, paused 2ms+9ms
V/NetUpdate( 1801): iUpdateService.getProgressValue()--->5
D/dalvikvm( 1245): GC_CONCURRENT freed 1439K, 55% free 5109K/11267K, paused 2ms+3ms
D/dalvikvm( 1605): GC_CONCURRENT freed 847K, 65% free 2591K/7235K, paused 120ms+2ms
V/NetUpdate( 1801): iUpdateService.getProgressValue()--->5
D/MonitorCw880( 1510): currentRemoteHost is null ,continue
D/dalvikvm( 1605): GC_CONCURRENT freed 672K, 64% free 2631K/7235K, paused 22ms+2ms
V/NetUpdate( 1801): iUpdateService.getProgressValue()--->5
W/System.err( 1361): org.json.JSONException: Value <?xml of type java.lang.String cannot be converted to JSONObject
W/System.err( 1361):    at org.json.JSON.typeMismatch(JSON.java:111)
W/System.err( 1361):    at org.json.JSONObject.<init>(JSONObject.java:158)
W/System.err( 1361):    at org.json.JSONObject.<init>(JSONObject.java:171)
W/System.err( 1361):    at com.biaoqi.stbwidget.host.BabaoWebHelper.getSinaWebNews(BabaoWebHelper.java:55)
W/System.err( 1361):    at com.biaoqi.stbwidget.host.BabaoWebWidget$1.run(BabaoWebWidget.java:46)
W/System.err( 1361):    at java.lang.Thread.run(Thread.java:856)
D/dalvikvm( 1801): GC_CONCURRENT freed 1941K, 19% free 31478K/38595K, paused 3ms+10ms
I/NetworkConnect( 1801): //////@Override//////@Override//////@Override//////@Override//////@Override//////@Override//////@Override//////@Override0
I/System  ( 1801): Failed to destroy process 2460
I/System  ( 1801): libcore.io.ErrnoException: kill failed: ESRCH (No such process)
I/System  ( 1801):      at libcore.io.Posix.kill(Native Method)
I/System  ( 1801):      at libcore.io.ForwardingOs.kill(ForwardingOs.java:77)
I/System  ( 1801):      at java.lang.ProcessManager$ProcessImpl.destroy(ProcessManager.java:257)
I/System  ( 1801):      at com.coship.dvbsetting.netsetting.quicksetservice.NetworkConnect.execueteCommand(NetworkConnect.java:167)
I/System  ( 1801):      at com.coship.dvbsetting.netsetting.quicksetservice.NetworkConnect.CheckNet(NetworkConnect.java:70)
I/System  ( 1801):      at com.coship.dvbsetting.netsetting.StateSet$1$1.run(StateSet.java:212)
I/System  ( 1801):      at java.lang.Thread.run(Thread.java:856)
I/StateSet( 1801): -----wifi------dhcpinfo.toString()=ipaddr 192.168.0.126 gateway 192.168.0.1 netmask 255.255.255.0 dns1 192.168.0.1 dns2 0.0.0.0 DHCP server 192.168.0.1 lease 604800 seconds
D/CheckNetWork( 1586): isOk true
D/CheckNetWork( 1586): ActInfoNetworkInfo: type: WIFI[], state: CONNECTED/CONNECTED, reason: (unspecified), extra: (none), roaming: false, failover: false, isAvailable: true
D/CheckNetWork( 1586): infoNetworkInfo: type: WIFI[], state: CONNECTED/CONNECTED, reason: (unspecified), extra: (none), roaming: false, failover: false, isAvailable: true
V/NetUpdate( 1801): iUpdateService.getProgressValue()--->5
D/MonitorCw880( 1510): currentRemoteHost is null ,continue
V/NetUpdate( 1801): iUpdateService.getProgressValue()--->5
D/dalvikvm( 1801): GC_CONCURRENT freed 1949K, 19% free 31483K/38595K, paused 2ms+8ms
V/NetUpdate( 1801): iUpdateService.getProgressValue()--->5
D/HomePlayerLib( 1605): hostaddress count is 1
D/dalvikvm( 1605): GC_CONCURRENT freed 716K, 64% free 2629K/7235K, paused 6ms+21ms
D/MonitorCw880( 1510): currentRemoteHost is null ,continue
D/dalvikvm( 1605): GC_CONCURRENT freed 714K, 65% free 2573K/7235K, paused 3ms+2ms
V/NetUpdate( 1801): iUpdateService.getProgressValue()--->5
D/dalvikvm( 1245): GC_CONCURRENT freed 1444K, 55% free 5109K/11267K, paused 2ms+3ms
D/dalvikvm( 1605): GC_CONCURRENT freed 631K, 63% free 2740K/7235K, paused 2ms+2ms
D/dalvikvm( 1605): GC_CONCURRENT freed 859K, 64% free 2651K/7235K, paused 2ms+4ms
V/NetUpdate( 1801): iUpdateService.getProgressValue()--->5
D/dalvikvm( 1605): GC_CONCURRENT freed 750K, 66% free 2519K/7235K, paused 39ms+2ms
D/dalvikvm( 1801): GC_CONCURRENT freed 1953K, 19% free 31490K/38595K, paused 3ms+9ms
D/dalvikvm( 1605): GC_CONCURRENT freed 569K, 65% free 2599K/7235K, paused 19ms+5ms
V/NetUpdate( 1801): iUpdateService.getProgressValue()--->5
D/MonitorCw880( 1510): currentRemoteHost is null ,continue
V/NetUpdate( 1801): iUpdateService.getProgressValue()--->5
D/dalvikvm( 1801): GC_CONCURRENT freed 1968K, 19% free 31463K/38595K, paused 3ms+8ms
V/NetUpdate( 1801): iUpdateService.getProgressValue()--->5
D/MonitorCw880( 1510): currentRemoteHost is null ,continue
V/NetUpdate( 1801): iUpdateService.getProgressValue()--->5
D/dalvikvm( 1245): GC_CONCURRENT freed 1445K, 55% free 5106K/11267K, paused 2ms+3ms
D/dalvikvm( 1605): GC_CONCURRENT freed 662K, 64% free 2624K/7235K, paused 2ms+3ms
D/HomePlayerLib( 1605): hostaddress count is 1
V/NetUpdate( 1801): iUpdateService.getProgressValue()--->5
D/dalvikvm( 1605): GC_CONCURRENT freed 716K, 65% free 2603K/7235K, paused 6ms+3ms
D/dalvikvm( 1801): GC_CONCURRENT freed 1937K, 19% free 31456K/38595K, paused 3ms+10ms
D/dalvikvm( 1605): GC_CONCURRENT freed 677K, 64% free 2652K/7235K, paused 2ms+39ms
V/NetUpdate( 1801): iUpdateService.getProgressValue()--->5
D/dalvikvm( 1605): GC_CONCURRENT freed 732K, 65% free 2601K/7235K, paused 3ms+3ms
D/MonitorCw880( 1510): currentRemoteHost is null ,continue
D/dalvikvm( 1605): GC_CONCURRENT freed 673K, 63% free 2710K/7235K, paused 16ms+40ms
V/NetUpdate( 1801): iUpdateService.getProgressValue()--->5
D/dalvikvm( 1605): GC_CONCURRENT freed 829K, 65% free 2534K/7235K, paused 26ms+23ms
D/dalvikvm( 1801): GC_CONCURRENT freed 1922K, 19% free 31479K/38595K, paused 2ms+10ms
D/dalvikvm( 1605): GC_CONCURRENT freed 596K, 64% free 2630K/7235K, paused 2ms+3ms
V/NetUpdate( 1801): iUpdateService.getProgressValue()--->5
D/MonitorCw880( 1510): currentRemoteHost is null ,continue
V/NetUpdate( 1801): iUpdateService.getProgressValue()--->5
D/HomePlayerLib( 1605): hostaddress count is 1
D/dalvikvm( 1605): GC_CONCURRENT freed 716K, 65% free 2581K/7235K, paused 57ms+6ms
D/dalvikvm( 1605): GC_CONCURRENT freed 638K, 64% free 2660K/7235K, paused 2ms+2ms
V/NetUpdate( 1801): iUpdateService.getProgressValue()--->5
D/dalvikvm( 1801): GC_CONCURRENT freed 1960K, 19% free 31459K/38595K, paused 2ms+8ms
D/dalvikvm( 1605): GC_CONCURRENT freed 758K, 64% free 2606K/7235K, paused 2ms+2ms
D/dalvikvm( 1605): GC_CONCURRENT freed 649K, 64% free 2665K/7235K, paused 2ms+26ms
D/dalvikvm( 1605): GC_CONCURRENT freed 767K, 64% free 2626K/7235K, paused 29ms+26ms
D/dalvikvm( 1245): GC_CONCURRENT freed 1441K, 55% free 5110K/11267K, paused 2ms+4ms
V/NetUpdate( 1801): iUpdateService.getProgressValue()--->5
D/MonitorCw880( 1510): currentRemoteHost is null ,continue
D/dalvikvm( 1605): GC_CONCURRENT freed 696K, 65% free 2602K/7235K, paused 2ms+2ms
D/HomePlayerLib( 1605): hostaddress count is 1
V/NetUpdate( 1801): iUpdateService.getProgressValue()--->5
D/dalvikvm( 1605): GC_CONCURRENT freed 678K, 64% free 2628K/7235K, paused 87ms+22ms
D/dalvikvm( 1605): GC_CONCURRENT freed 704K, 64% free 2648K/7235K, paused 1ms+2ms
D/dalvikvm( 1801): GC_CONCURRENT freed 1932K, 19% free 31458K/38595K, paused 3ms+9ms
D/dalvikvm( 1605): GC_CONCURRENT freed 744K, 64% free 2611K/7235K, paused 2ms+3ms
V/NetUpdate( 1801): iUpdateService.getProgressValue()--->5
D/dalvikvm( 1605): GC_CONCURRENT freed 675K, 64% free 2626K/7235K, paused 2ms+64ms
D/dalvikvm( 1605): GC_CONCURRENT freed 714K, 64% free 2633K/7235K, paused 3ms+3ms
D/MonitorCw880( 1510): currentRemoteHost is null ,continue
V/NetUpdate( 1801): iUpdateService.getProgressValue()--->5
D/dalvikvm( 1605): GC_CONCURRENT freed 713K, 64% free 2626K/7235K, paused 21ms+2ms
V/NetUpdate( 1801): iUpdateService.getProgressValue()--->5
D/dalvikvm( 1801): GC_CONCURRENT freed 1927K, 19% free 31451K/38595K, paused 2ms+8ms
V/NetUpdate( 1801): iUpdateService.getProgressValue()--->5
D/MonitorCw880( 1510): currentRemoteHost is null ,continue
D/dalvikvm( 1245): GC_CONCURRENT freed 1446K, 55% free 5110K/11267K, paused 1ms+4ms
V/NetUpdate( 1801): iUpdateService.getProgressValue()--->5
D/dalvikvm( 1801): GC_CONCURRENT freed 1930K, 19% free 31456K/38595K, paused 2ms+9ms
V/NetUpdate( 1801): iUpdateService.getProgressValue()--->5
D/MonitorCw880( 1510): currentRemoteHost is null ,continue
D/HomePlayerLib( 1605): hostaddress count is 1
D/dalvikvm( 1605): GC_CONCURRENT freed 717K, 64% free 2644K/7235K, paused 2ms+58ms
V/NetUpdate( 1801): iUpdateService.getProgressValue()--->5
D/dalvikvm( 1605): GC_CONCURRENT freed 747K, 65% free 2540K/7235K, paused 6ms+2ms
D/dalvikvm( 1605): GC_CONCURRENT freed 587K, 64% free 2651K/7235K, paused 8ms+79ms
D/dalvikvm( 1801): GC_CONCURRENT freed 1920K, 19% free 31478K/38595K, paused 3ms+10ms
V/NetUpdate( 1801): iUpdateService.getProgressValue()--->5
D/dalvikvm( 1605): GC_CONCURRENT freed 736K, 64% free 2657K/7235K, paused 112ms+39ms
V/NetUpdate( 1801): iUpdateService.getProgressValue()--->5
D/dalvikvm( 1605): GC_CONCURRENT freed 750K, 65% free 2590K/7235K, paused 60ms+2ms
D/MonitorCw880( 1510): currentRemoteHost is null ,continue
D/dalvikvm( 1605): GC_CONCURRENT freed 670K, 64% free 2631K/7235K, paused 2ms+6ms
I/NetUpdate( 1801): --------------hide()------------------
V/TabletStatusBar( 1144): setLightsOn(true)
D/InputEventConsistencyVerifier( 1801): KeyEvent: ACTION_UP but key was not down.
D/InputEventConsistencyVerifier( 1801):   in Handler (android.view.ViewRootImpl) {433623d0}
D/InputEventConsistencyVerifier( 1801):   0: sent at 922694000000, KeyEvent { action=ACTION_UP, keyCode=KEYCODE_BACK, scanCode=0, metaState=0, flags=0x0, repeatCount=0, eventTime=922694, downTime=922694, deviceId=1, source=0x2002 }
D/InputEventConsistencyVerifier( 1801):   -- recent events --
D/InputEventConsistencyVerifier( 1801):   1: sent at 922742480000, MotionEvent { action=ACTION_HOVER_MOVE, id[0]=0, x[0]=775.81384, y[0]=445.92093, toolType[0]=TOOL_TYPE_MOUSE, buttonState=BUTTON_BACK, metaState=0, flags=0x0, edgeFlags=0x0, pointerCount=1, historySize=3, eventTime=922742, downTime=839670, deviceId=1, source=0x2002 }
D/InputEventConsistencyVerifier( 1801):   2: sent at 922606612000, MotionEvent { action=ACTION_HOVER_MOVE, id[0]=0, x[0]=771.81384, y[0]=443.92093, toolType[0]=TOOL_TYPE_MOUSE, buttonState=BUTTON_BACK, metaState=0, flags=0x0, edgeFlags=0x0, pointerCount=1, historySize=0, eventTime=922606, downTime=839670, deviceId=1, source=0x2002 }
D/InputEventConsistencyVerifier( 1801):   3: sent at 922606612000, MotionEvent { action=ACTION_HOVER_ENTER, id[0]=0, x[0]=771.81384, y[0]=443.92093, toolType[0]=TOOL_TYPE_MOUSE, buttonState=BUTTON_BACK, metaState=0, flags=0x0, edgeFlags=0x0, pointerCount=1, historySize=0, eventTime=922606, downTime=839670, deviceId=1, source=0x2002 }
D/InputEventConsistencyVerifier( 1801):   4: sent at 836686476000, MotionEvent { action=ACTION_HOVER_EXIT, id[0]=0, x[0]=889.70746, y[0]=225.10925, toolType[0]=TOOL_TYPE_MOUSE, buttonState=0, metaState=0, flags=0x0, edgeFlags=0x0, pointerCount=1, historySize=0, eventTime=836686, downTime=836422, deviceId=1, source=0x2002 }
D/InputEventConsistencyVerifier( 1801):   5: sent at 836518449000, MotionEvent { action=ACTION_HOVER_MOVE, id[0]=0, x[0]=889.70746, y[0]=224.10925, toolType[0]=TOOL_TYPE_MOUSE, buttonState=0, metaState=0, flags=0x0, edgeFlags=0x0, pointerCount=1, historySize=0, eventTime=836518, downTime=836422, deviceId=1, source=0x2002 }
D/dalvikvm( 1801): GC_EXPLICIT freed 1445K, 19% free 31421K/38595K, paused 2ms+7ms
E/StrictMode( 1801): class com.coship.dvbsetting.systemsetting.SyssetAcivity; instances=2; limit=1
E/StrictMode( 1801): android.os.StrictMode$InstanceCountViolation: class com.coship.dvbsetting.systemsetting.SyssetAcivity; instances=2; limit=1
E/StrictMode( 1801):    at android.os.StrictMode.setClassInstanceLimit(StrictMode.java:1)
E/ActivityThread( 1801): Activity com.coship.dvbsetting.systemsetting.SyssetAcivity has leaked ServiceConnection com.coship.dvbsetting.systemsetting.childview.NetUpdate$2@42d964c0 that was originally bound here
E/ActivityThread( 1801): android.app.ServiceConnectionLeaked: Activity com.coship.dvbsetting.systemsetting.SyssetAcivity has leaked ServiceConnection com.coship.dvbsetting.systemsetting.childview.NetUpdate$2@42d964c0 that was originally bound here
E/ActivityThread( 1801):        at android.app.LoadedApk$ServiceDispatcher.<init>(LoadedApk.java:936)
E/ActivityThread( 1801):        at android.app.LoadedApk.getServiceDispatcher(LoadedApk.java:830)
E/ActivityThread( 1801):        at android.app.ContextImpl.bindService(ContextImpl.java:1142)
E/ActivityThread( 1801):        at android.content.ContextWrapper.bindService(ContextWrapper.java:370)
E/ActivityThread( 1801):        at com.coship.dvbsetting.systemsetting.childview.NetUpdate.remoteAIDL(NetUpdate.java:345)
E/ActivityThread( 1801):        at com.coship.dvbsetting.systemsetting.childview.NetUpdate.show(NetUpdate.java:504)
E/ActivityThread( 1801):        at com.coship.dvbsetting.ExpanItem.clickandselect(ExpanItem.java:199)
E/ActivityThread( 1801):        at com.coship.dvbsetting.ExpanItem.access$000(ExpanItem.java:33)
E/ActivityThread( 1801):        at com.coship.dvbsetting.ExpanItem$1.onChildClick(ExpanItem.java:101)
E/ActivityThread( 1801):        at android.widget.ExpandableListView.handleItemClick(ExpandableListView.java:582)
E/ActivityThread( 1801):        at android.widget.ExpandableListView.performItemClick(ExpandableListView.java:521)
E/ActivityThread( 1801):        at android.widget.AbsListView$PerformClick.run(AbsListView.java:2514)
E/ActivityThread( 1801):        at android.widget.AbsListView$1.run(AbsListView.java:3168)
E/ActivityThread( 1801):        at android.os.Handler.handleCallback(Handler.java:605)
E/ActivityThread( 1801):        at android.os.Handler.dispatchMessage(Handler.java:92)
E/ActivityThread( 1801):        at android.os.Looper.loop(Looper.java:137)
E/ActivityThread( 1801):        at android.app.ActivityThread.main(ActivityThread.java:4424)
E/ActivityThread( 1801):        at java.lang.reflect.Method.invokeNative(Native Method)
E/ActivityThread( 1801):        at java.lang.reflect.Method.invoke(Method.java:511)
E/ActivityThread( 1801):        at com.android.internal.os.ZygoteInit$MethodAndArgsCaller.run(ZygoteInit.java:848)
E/ActivityThread( 1801):        at com.android.internal.os.ZygoteInit.main(ZygoteInit.java:575)
E/ActivityThread( 1801):        at dalvik.system.NativeStart.main(Native Method)
W/ActivityManager(  979): Unbind failed: could not find connection for android.os.BinderProxy@41632d20
V/NetUpdate( 1801): iUpdateService.getProgressValue()--->5
I/ActivityManager(  979): START {cmp=com.coship.dvbsetting/.netsetting.netSet} from pid 1801
I/EthernetManager( 1801): Init Ethernet Manager, service: android.net.ethernet.IEthernetManager$Stub$Proxy@43388f58
I/WifiP2PsetDialog( 1801): SystemPropertiesClass:class android.net.wifi.p2p.WifiP2pManager
W/WifiP2PsetDialog( 1801): ~~~~~~~~~~~~~~~~~~~~~~method:public java.lang.String android.net.wifi.p2p.WifiP2pManager.getWifip2pConfig(int)
W/WifiP2PsetDialog( 1801): ~~~~~~~~~~~~~~~~~~~~~~returnvalue:SmartBox
I/netset  ( 1801): product model ro.product.model = S1001
I/HighSet_CableNetwork( 1801): mEthernetManager:android.net.ethernet.EthernetManager@415b2840
D/dalvikvm(  979): GC_CONCURRENT freed 639K, 63% free 3700K/9923K, paused 2ms+5ms
I/PppoeManager( 1801): create PppoeManager
I/NetworkConnect( 1801): //////@Override//////@Override//////@Override//////@Override//////@Override//////@Override//////@Override//////@Override
I/NetworkConnect( 1801): Execute command :ping -c 1 -w 100 www.baidu.com
D/WifiDirectSetting( 1801): --------------WIFI_P2P_THIS_DEVICE_CHANGED_ACTION
D/WifiDirectSetting( 1801): ------------mThisDevice.String()Device: SmartBox
D/WifiDirectSetting( 1801):  deviceAddress: 
D/WifiDirectSetting( 1801):  primary type: 10-0050F204-5
D/WifiDirectSetting( 1801):  secondary type: null
D/WifiDirectSetting( 1801):  wps: 0
D/WifiDirectSetting( 1801):  grpcapab: 0
D/WifiDirectSetting( 1801):  devcapab: 0
D/WifiDirectSetting( 1801):  status: 4
D/WifiDirectSetting( 1801):  wfdInfo: null
V/TabletStatusBar( 1144): setLightsOn(true)
I/ActivityManager(  979): Displayed com.coship.dvbsetting/.netsetting.netSet: +420ms
I/NetworkConnect( 1801): //////@Override//////@Override//////@Override//////@Override//////@Override//////@Override//////@Override//////@Override
I/NetworkConnect( 1801): Execute command :ping -c 1 -w 100 www.baidu.com
D/MonitorCw880( 1510): currentRemoteHost is null ,continue
I/NetworkConnect( 1801): //////@Override//////@Override//////@Override//////@Override//////@Override//////@Override//////@Override//////@Override0
I/System  ( 1801): Failed to destroy process 2492
I/System  ( 1801): libcore.io.ErrnoException: kill failed: ESRCH (No such process)
I/System  ( 1801):      at libcore.io.Posix.kill(Native Method)
I/System  ( 1801):      at libcore.io.ForwardingOs.kill(ForwardingOs.java:77)
I/System  ( 1801):      at java.lang.ProcessManager$ProcessImpl.destroy(ProcessManager.java:257)
I/System  ( 1801):      at com.coship.dvbsetting.netsetting.quicksetservice.NetworkConnect.execueteCommand(NetworkConnect.java:167)
I/System  ( 1801):      at com.coship.dvbsetting.netsetting.quicksetservice.NetworkConnect.CheckNet(NetworkConnect.java:70)
I/System  ( 1801):      at com.coship.dvbsetting.netsetting.StateSet$1$1.run(StateSet.java:212)
I/System  ( 1801):      at java.lang.Thread.run(Thread.java:856)
I/StateSet( 1801): -----wifi------dhcpinfo.toString()=ipaddr 192.168.0.126 gateway 192.168.0.1 netmask 255.255.255.0 dns1 192.168.0.1 dns2 0.0.0.0 DHCP server 192.168.0.1 lease 604800 seconds
V/TabletStatusBar( 1144): setLightsOn(true)
D/PushMsgCenter( 1552): mDownUpRun run while (true)
D/PushMsgCenter( 1552): down  
D/InputEventConsistencyVerifier( 1801): KeyEvent: ACTION_UP but key was not down.
D/InputEventConsistencyVerifier( 1801):   in Handler (android.view.ViewRootImpl) {433623d0}
D/InputEventConsistencyVerifier( 1801):   0: sent at 929486000000, KeyEvent { action=ACTION_UP, keyCode=KEYCODE_BACK, scanCode=0, metaState=0, flags=0x0, repeatCount=0, eventTime=929486, downTime=929486, deviceId=1, source=0x2002 }
D/InputEventConsistencyVerifier( 1801):   -- recent events --
D/InputEventConsistencyVerifier( 1801):   1: sent at 929486465000, MotionEvent { action=ACTION_HOVER_MOVE, id[0]=0, x[0]=428.3031, y[0]=158.64621, toolType[0]=TOOL_TYPE_MOUSE, buttonState=0, metaState=0, flags=0x0, edgeFlags=0x0, pointerCount=1, historySize=0, eventTime=929486, downTime=925326, deviceId=1, source=0x2002 }
D/InputEventConsistencyVerifier( 1801):   2: sent at 929382444000, MotionEvent { action=ACTION_HOVER_MOVE, id[0]=0, x[0]=428.3031, y[0]=158.64621, toolType[0]=TOOL_TYPE_MOUSE, buttonState=BUTTON_BACK, metaState=0, flags=0x0, edgeFlags=0x0, pointerCount=1, historySize=0, eventTime=929382, downTime=925326, deviceId=1, source=0x2002 }
D/InputEventConsistencyVerifier( 1801):   3: sent at 929382444000, MotionEvent { action=ACTION_HOVER_ENTER, id[0]=0, x[0]=428.3031, y[0]=158.64621, toolType[0]=TOOL_TYPE_MOUSE, buttonState=BUTTON_BACK, metaState=0, flags=0x0, edgeFlags=0x0, pointerCount=1, historySize=0, eventTime=929382, downTime=925326, deviceId=1, source=0x2002 }
D/InputEventConsistencyVerifier( 1801):   4: sent at 924894449000, MotionEvent { action=ACTION_HOVER_EXIT, id[0]=0, x[0]=377.3167, y[0]=219.39986, toolType[0]=TOOL_TYPE_MOUSE, buttonState=0, metaState=0, flags=0x0, edgeFlags=0x0, pointerCount=1, historySize=0, eventTime=924894, downTime=923766, deviceId=1, source=0x2002 }
D/InputEventConsistencyVerifier( 1801):   5: sent at 923934449000, MotionEvent { action=ACTION_HOVER_MOVE, id[0]=0, x[0]=378.3167, y[0]=219.39986, toolType[0]=TOOL_TYPE_MOUSE, buttonState=0, metaState=0, flags=0x0, edgeFlags=0x0, pointerCount=1, historySize=0, eventTime=923934, downTime=923766, deviceId=1, source=0x2002 }
I/WifiDirectSetting( 1801): --------------UnregisterWifidisplayReceiver------------
I/WifiApSetting( 1801): ---------------UnregisterWifiApReceiver--------------
D/dalvikvm( 1801): GC_EXPLICIT freed 253K, 18% free 31754K/38595K, paused 3ms+11ms
E/StrictMode( 1801): class com.coship.dvbsetting.netsetting.netSet; instances=2; limit=1
E/StrictMode( 1801): android.os.StrictMode$InstanceCountViolation: class com.coship.dvbsetting.netsetting.netSet; instances=2; limit=1
E/StrictMode( 1801):    at android.os.StrictMode.setClassInstanceLimit(StrictMode.java:1)
E/ActivityThread( 1801): Activity com.coship.dvbsetting.netsetting.netSet has leaked ServiceConnection android.bluetooth.BluetoothHeadset$1@4182aee0 that was originally bound here
E/ActivityThread( 1801): android.app.ServiceConnectionLeaked: Activity com.coship.dvbsetting.netsetting.netSet has leaked ServiceConnection android.bluetooth.BluetoothHeadset$1@4182aee0 that was originally bound here
E/ActivityThread( 1801):        at android.app.LoadedApk$ServiceDispatcher.<init>(LoadedApk.java:936)
E/ActivityThread( 1801):        at android.app.LoadedApk.getServiceDispatcher(LoadedApk.java:830)
E/ActivityThread( 1801):        at android.app.ContextImpl.bindService(ContextImpl.java:1142)
E/ActivityThread( 1801):        at android.content.ContextWrapper.bindService(ContextWrapper.java:370)
E/ActivityThread( 1801):        at android.bluetooth.BluetoothHeadset.<init>(BluetoothHeadset.java:231)
E/ActivityThread( 1801):        at android.bluetooth.BluetoothAdapter.getProfileProxy(BluetoothAdapter.java:1168)
E/ActivityThread( 1801):        at com.coship.dvbsetting.bluetooth.HeadsetProfile.<init>(HeadsetProfile.java:111)
E/ActivityThread( 1801):        at com.coship.dvbsetting.netsetting.BluetoothSet.init(BluetoothSet.java:160)
E/ActivityThread( 1801):        at com.coship.dvbsetting.netsetting.BluetoothSet.<init>(BluetoothSet.java:131)
E/ActivityThread( 1801):        at com.coship.dvbsetting.netsetting.BluetoothSet.getInstance(BluetoothSet.java:110)
E/ActivityThread( 1801):        at com.coship.dvbsetting.netsetting.netSet.onCreate(netSet.java:81)
E/ActivityThread( 1801):        at android.app.Activity.performCreate(Activity.java:4465)
E/ActivityThread( 1801):        at android.app.Instrumentation.callActivityOnCreate(Instrumentation.java:1049)
E/ActivityThread( 1801):        at android.app.ActivityThread.performLaunchActivity(ActivityThread.java:1920)
E/ActivityThread( 1801):        at android.app.ActivityThread.handleLaunchActivity(ActivityThread.java:1981)
E/ActivityThread( 1801):        at android.app.ActivityThread.access$600(ActivityThread.java:123)
E/ActivityThread( 1801):        at android.app.ActivityThread$H.handleMessage(ActivityThread.java:1147)
E/ActivityThread( 1801):        at android.os.Handler.dispatchMessage(Handler.java:99)
E/ActivityThread( 1801):        at android.os.Looper.loop(Looper.java:137)
E/ActivityThread( 1801):        at android.app.ActivityThread.main(ActivityThread.java:4424)
E/ActivityThread( 1801):        at java.lang.reflect.Method.invokeNative(Native Method)
E/ActivityThread( 1801):        at java.lang.reflect.Method.invoke(Method.java:511)
E/ActivityThread( 1801):        at com.android.internal.os.ZygoteInit$MethodAndArgsCaller.run(ZygoteInit.java:848)
E/ActivityThread( 1801):        at com.android.internal.os.ZygoteInit.main(ZygoteInit.java:575)
E/ActivityThread( 1801):        at dalvik.system.NativeStart.main(Native Method)
W/ActivityManager(  979): Unbind failed: could not find connection for android.os.BinderProxy@4178de20
D/dalvikvm( 1605): GC_CONCURRENT freed 721K, 66% free 2529K/7235K, paused 1ms+3ms
D/CheckNetWork( 1586): isOk true
D/CheckNetWork( 1586): ActInfoNetworkInfo: type: WIFI[], state: CONNECTED/CONNECTED, reason: (unspecified), extra: (none), roaming: false, failover: false, isAvailable: true
D/CheckNetWork( 1586): infoNetworkInfo: type: WIFI[], state: CONNECTED/CONNECTED, reason: (unspecified), extra: (none), roaming: false, failover: false, isAvailable: true
I/ActivityManager(  979): START {cmp=com.coship.dvbsetting/.systemsetting.SyssetAcivity} from pid 1801
I/inputMethod( 1801): ----------mo ren shurufa-------------com.android.inputmethod.pinyin/.PinyinIME
I/inputMethod( 1801): -----mLastInputMethodId.equals(id)-----id=com.android.inputmethod.pinyin/.PinyinIME
I/Resolution( 1801):  ---------------------- getgetprop persist.sys.resolution---------defvalue=2
I/Storage ( 1801): ----------getPath()=/data
I/Storage ( 1801): ----------totalBlocks=831MB
I/Storage ( 1801): ----------availableBlocks_sd=747MB
I/Storage ( 1801): ----------surplusBlocks_sd=83.25MB
I/Storage ( 1801): &&&&&&&&&&&&&&&&&&&&&&&&&&&&&&& storagenumber=1----pagination=1
I/NetUpdate( 1801): mSwv--->211310
I/PppoeManager( 1801): create PppoeManager
I/EthernetManager( 1801): Init Ethernet Manager, service: android.net.ethernet.IEthernetManager$Stub$Proxy@4183eb30
V/TabletStatusBar( 1144): setLightsOn(true)
I/ActivityManager(  979): Displayed com.coship.dvbsetting/.systemsetting.SyssetAcivity: +330ms
D/HomePlayerLib( 1605): hostaddress count is 1
D/dalvikvm( 1605): GC_CONCURRENT freed 592K, 64% free 2641K/7235K, paused 1ms+3ms
D/dalvikvm( 1605): GC_CONCURRENT freed 716K, 64% free 2668K/7235K, paused 2ms+3ms
D/MonitorCw880( 1510): currentRemoteHost is null ,continue
D/dalvikvm( 1605): GC_CONCURRENT freed 744K, 64% free 2636K/7235K, paused 2ms+2ms
D/dalvikvm( 1605): GC_CONCURRENT freed 710K, 64% free 2635K/7235K, paused 3ms+3ms
D/dalvikvm( 1605): GC_CONCURRENT freed 708K, 64% free 2635K/7235K, paused 2ms+3ms
D/dalvikvm( 1605): GC_CONCURRENT freed 722K, 64% free 2633K/7235K, paused 2ms+2ms
V/NetUpdate( 1801): mBindRemote--->true
V/NetUpdate( 1801): Remote Invoke Success!
I/NetUpdate( 1801): --------------show()------------------
D/dalvikvm( 1245): GC_CONCURRENT freed 1446K, 55% free 5110K/11267K, paused 2ms+2ms
W/System.err( 1552): java.net.SocketTimeoutException: failed to connect to vitv.voicecloud.cn/60.166.12.149 (port 80) after 500ms
W/System.err( 1552):    at libcore.io.IoBridge.connectErrno(IoBridge.java:150)
W/System.err( 1552):    at libcore.io.IoBridge.connect(IoBridge.java:112)
W/System.err( 1552):    at java.net.PlainSocketImpl.connect(PlainSocketImpl.java:192)
W/System.err( 1552):    at java.net.PlainSocketImpl.connect(PlainSocketImpl.java:459)
W/System.err( 1552):    at java.net.Socket.connect(Socket.java:842)
W/System.err( 1552):    at libcore.net.http.HttpConnection.<init>(HttpConnection.java:77)
W/System.err( 1552):    at libcore.net.http.HttpConnection.<init>(HttpConnection.java:50)
W/System.err( 1552):    at libcore.net.http.HttpConnection$Address.connect(HttpConnection.java:351)
W/System.err( 1552):    at libcore.net.http.HttpConnectionPool.get(HttpConnectionPool.java:86)
W/System.err( 1552):    at libcore.net.http.HttpConnection.connect(HttpConnection.java:128)
W/System.err( 1552):    at libcore.net.http.HttpEngine.openSocketConnection(HttpEngine.java:308)
W/System.err( 1552):    at libcore.net.http.HttpEngine.connect(HttpEngine.java:303)
W/System.err( 1552):    at libcore.net.http.HttpEngine.sendSocketRequest(HttpEngine.java:282)
W/System.err( 1552):    at libcore.net.http.HttpEngine.sendRequest(HttpEngine.java:232)
W/System.err( 1552):    at libcore.net.http.HttpURLConnectionImpl.getResponse(HttpURLConnectionImpl.java:273)
W/System.err( 1552):    at libcore.net.http.HttpURLConnectionImpl.getResponseCode(HttpURLConnectionImpl.java:479)
W/System.err( 1552):    at com.iflytek.push.PushMsgCenter.down(PushMsgCenter.java:270)
W/System.err( 1552):    at com.iflytek.push.PushMsgCenter.access$500(PushMsgCenter.java:37)
W/System.err( 1552):    at com.iflytek.push.PushMsgCenter$2.run(PushMsgCenter.java:175)
W/System.err( 1552):    at java.lang.Thread.run(Thread.java:856)
V/NetUpdate( 1801): iUpdateService.getProgressValue()--->5
D/MonitorCw880( 1510): currentRemoteHost is null ,continue
D/dalvikvm( 1801): GC_CONCURRENT freed 1743K, 18% free 31959K/38595K, paused 2ms+10ms
V/NetUpdate( 1801): iUpdateService.getProgressValue()--->5
V/NetUpdate( 1801): iUpdateService.getProgressValue()--->5
D/MonitorCw880( 1510): currentRemoteHost is null ,continue
I/NetworkConnect( 1801): //////@Override//////@Override//////@Override//////@Override//////@Override//////@Override//////@Override//////@Override0
I/System  ( 1801): Failed to destroy process 2494
I/System  ( 1801): libcore.io.ErrnoException: kill failed: ESRCH (No such process)
I/System  ( 1801):      at libcore.io.Posix.kill(Native Method)
I/System  ( 1801):      at libcore.io.ForwardingOs.kill(ForwardingOs.java:77)
I/System  ( 1801):      at java.lang.ProcessManager$ProcessImpl.destroy(ProcessManager.java:257)
I/System  ( 1801):      at com.coship.dvbsetting.netsetting.quicksetservice.NetworkConnect.execueteCommand(NetworkConnect.java:167)
I/System  ( 1801):      at com.coship.dvbsetting.netsetting.quicksetservice.NetworkConnect.CheckNet(NetworkConnect.java:70)
I/System  ( 1801):      at com.coship.dvbsetting.netsetting.StateSet$2.run(StateSet.java:458)
I/System  ( 1801):      at java.lang.Thread.run(Thread.java:856)
I/StateSet( 1801): -----wifi------dhcpinfo.toString()=ipaddr 192.168.0.126 gateway 192.168.0.1 netmask 255.255.255.0 dns1 192.168.0.1 dns2 0.0.0.0 DHCP server 192.168.0.1 lease 604800 seconds
V/NetUpdate( 1801): iUpdateService.getProgressValue()--->5
D/HomePlayerLib( 1605): hostaddress count is 1
D/dalvikvm( 1605): GC_CONCURRENT freed 719K, 64% free 2628K/7235K, paused 9ms+3ms
D/dalvikvm( 1801): GC_CONCURRENT freed 2458K, 19% free 31460K/38595K, paused 3ms+9ms
D/dalvikvm( 1605): GC_CONCURRENT freed 705K, 64% free 2607K/7235K, paused 2ms+2ms
D/dalvikvm( 1605): GC_CONCURRENT freed 690K, 64% free 2624K/7235K, paused 58ms+22ms
D/dalvikvm( 1605): GC_CONCURRENT freed 709K, 64% free 2624K/7235K, paused 2ms+19ms
V/NetUpdate( 1801): iUpdateService.getProgressValue()--->5
D/dalvikvm( 1605): GC_CONCURRENT freed 693K, 64% free 2628K/7235K, paused 2ms+3ms
D/dalvikvm( 1605): GC_CONCURRENT freed 713K, 65% free 2585K/7235K, paused 3ms+2ms
D/dalvikvm( 1245): GC_CONCURRENT freed 1447K, 55% free 5103K/11267K, paused 2ms+2ms
V/NetUpdate( 1801): iUpdateService.getProgressValue()--->5
D/MonitorCw880( 1510): currentRemoteHost is null ,continue
D/dalvikvm( 1801): GC_CONCURRENT freed 1950K, 19% free 31464K/38595K, paused 3ms+7ms
V/NetUpdate( 1801): iUpdateService.getProgressValue()--->5
V/NetUpdate( 1801): iUpdateService.getProgressValue()--->5
D/MonitorCw880( 1510): currentRemoteHost is null ,continue
V/NetUpdate( 1801): iUpdateService.getProgressValue()--->5
D/dalvikvm( 1801): GC_CONCURRENT freed 1959K, 19% free 31458K/38595K, paused 2ms+8ms
V/NetUpdate( 1801): iUpdateService.getProgressValue()--->5
D/HomePlayerLib( 1605): hostaddress count is 1
D/dalvikvm( 1605): GC_CONCURRENT freed 662K, 64% free 2642K/7235K, paused 19ms+3ms
D/dalvikvm( 1605): GC_CONCURRENT freed 727K, 65% free 2604K/7235K, paused 27ms+47ms
D/MonitorCw880( 1510): currentRemoteHost is null ,continue
V/NetUpdate( 1801): iUpdateService.getProgressValue()--->5
D/dalvikvm( 1605): GC_CONCURRENT freed 680K, 64% free 2654K/7235K, paused 3ms+4ms
D/dalvikvm( 1605): GC_CONCURRENT freed 749K, 64% free 2650K/7235K, paused 2ms+2ms
D/dalvikvm( 1605): GC_CONCURRENT freed 745K, 65% free 2552K/7235K, paused 2ms+3ms
D/dalvikvm( 1801): GC_CONCURRENT freed 1950K, 19% free 31458K/38595K, paused 2ms+8ms
D/dalvikvm( 1245): GC_CONCURRENT freed 1436K, 55% free 5111K/11267K, paused 1ms+2ms
D/dalvikvm( 1605): GC_CONCURRENT freed 600K, 64% free 2642K/7235K, paused 2ms+164ms
V/NetUpdate( 1801): iUpdateService.getProgressValue()--->5
V/NetUpdate( 1801): iUpdateService.getProgressValue()--->5
D/MonitorCw880( 1510): currentRemoteHost is null ,continue
V/NetUpdate( 1801): iUpdateService.getProgressValue()--->5
D/dalvikvm( 1801): GC_CONCURRENT freed 1955K, 19% free 31430K/38595K, paused 2ms+9ms
V/NetUpdate( 1801): iUpdateService.getProgressValue()--->5
D/MonitorCw880( 1510): currentRemoteHost is null ,continue
V/NetUpdate( 1801): iUpdateService.getProgressValue()--->5
D/dalvikvm( 1801): GC_CONCURRENT freed 1922K, 19% free 31448K/38595K, paused 2ms+8ms
V/NetUpdate( 1801): iUpdateService.getProgressValue()--->5
D/dalvikvm( 1605): GC_CONCURRENT freed 735K, 65% free 2584K/7235K, paused 39ms+40ms
D/HomePlayerLib( 1605): hostaddress count is 1
D/dalvikvm( 1605): GC_CONCURRENT freed 663K, 65% free 2594K/7235K, paused 2ms+5ms
D/dalvikvm( 1245): GC_CONCURRENT freed 1447K, 55% free 5106K/11267K, paused 3ms+3ms
V/NetUpdate( 1801): iUpdateService.getProgressValue()--->5
D/MonitorCw880( 1510): currentRemoteHost is null ,continue
D/dalvikvm( 1605): GC_CONCURRENT freed 679K, 63% free 2697K/7235K, paused 93ms+59ms
D/dalvikvm( 1605): GC_CONCURRENT freed 809K, 65% free 2583K/7235K, paused 2ms+3ms
D/dalvikvm( 1801): GC_CONCURRENT freed 1934K, 19% free 31463K/38595K, paused 3ms+10ms
V/NetUpdate( 1801): iUpdateService.getProgressValue()--->5
D/dalvikvm( 1605): GC_CONCURRENT freed 652K, 64% free 2668K/7235K, paused 21ms+39ms
V/NetUpdate( 1801): iUpdateService.getProgressValue()--->5
D/dalvikvm( 1605): GC_CONCURRENT freed 751K, 65% free 2590K/7235K, paused 77ms+4ms
D/MonitorCw880( 1510): currentRemoteHost is null ,continue
V/NetUpdate( 1801): iUpdateService.getProgressValue()--->5
