D/InputEventConsistencyVerifier( 1801):   4: sent at 564342468000, (unhandled) MotionEvent { action=ACTION_HOVER_MOVE, id[0]=0, x[0]=717.60223, y[0]=413.91425, toolType[0]=TOOL_TYPE_MOUSE, buttonState=0, metaState=0, flags=0x0, edgeFlags=0x0, pointerCount=1, historySize=1, eventTime=564342, downTime=560070, deviceId=1, source=0x2002 }
D/InputEventConsistencyVerifier( 1801):   5: sent at 564310462000, (unhandled) MotionEvent { action=ACTION_HOVER_MOVE, id[0]=0, x[0]=718.60223, y[0]=412.91425, toolType[0]=TOOL_TYPE_MOUSE, buttonState=0, metaState=0, flags=0x0, edgeFlags=0x0, pointerCount=1, historySize=0, eventTime=564310, downTime=560070, deviceId=1, source=0x2002 }
E/WindowManager(  979): ##############################dispatchUnhandledKey
D/MonitorCw880( 1510): currentRemoteHost is null ,continue
V/NetUpdate( 1801): iUpdateService.getProgressValue()--->5
I/NetUpdate( 1801): --------------hide()------------------
D/InputEventConsistencyVerifier( 1801): KeyEvent: ACTION_UP but key was not down.
D/InputEventConsistencyVerifier( 1801):   in android.widget.LinearLayout@433a9b50
D/InputEventConsistencyVerifier( 1801):   0: sent at 771649000000, KeyEvent { action=ACTION_UP, keyCode=KEYCODE_DPAD_LEFT, scanCode=105, metaState=0, flags=0x8, repeatCount=0, eventTime=771649, downTime=771488, deviceId=3, source=0x101 }
D/InputEventConsistencyVerifier( 1801):   -- recent events --
D/InputEventConsistencyVerifier( 1801):   1: sent at 770482000000, (unhandled) KeyEvent { action=ACTION_DOWN, keyCode=KEYCODE_DPAD_RIGHT, scanCode=106, metaState=0, flags=0x8, repeatCount=0, eventTime=770482, downTime=770482, deviceId=3, source=0x101 }
D/InputEventConsistencyVerifier( 1801):   2: sent at 770153000000, (unhandled) KeyEvent { action=ACTION_UP, keyCode=KEYCODE_DPAD_LEFT, scanCode=105, metaState=0, flags=0x8, repeatCount=0, eventTime=770153, downTime=769993, deviceId=3, source=0x101 }
D/InputEventConsistencyVerifier( 1801):   3: sent at 769993000000, (unhandled) KeyEvent { action=ACTION_DOWN, keyCode=KEYCODE_DPAD_LEFT, scanCode=105, metaState=0, flags=0x8, repeatCount=0, eventTime=769993, downTime=769993, deviceId=3, source=0x101 }
D/InputEventConsistencyVerifier( 1801):   4: sent at 560670455000, (unhandled) MotionEvent { action=ACTION_HOVER_EXIT, id[0]=0, x[0]=289.43716, y[0]=507.96753, toolType[0]=TOOL_TYPE_MOUSE, buttonState=0, metaState=0, flags=0x0, edgeFlags=0x0, pointerCount=1, historySize=0, eventTime=560670, downTime=560070, deviceId=1, source=0x2002 }
D/InputEventConsistencyVerifier( 1801):   5: sent at 560670455000, (unhandled) MotionEvent { action=ACTION_HOVER_MOVE, id[0]=0, x[0]=289.43716, y[0]=507.96753, toolType[0]=TOOL_TYPE_MOUSE, buttonState=0, metaState=0, flags=0x0, edgeFlags=0x0, pointerCount=1, historySize=0, eventTime=560670, downTime=560070, deviceId=1, source=0x2002 }
I/System.out( 1801): locale ++++++++++++中文 (中国)
V/NetUpdate( 1801): iUpdateService.getProgressValue()--->5
I/System.out( 1801): SystemPropertiesClass--->class android.media.AudioManager
W/System.err( 1801): java.lang.NoSuchMethodException: getBluetoothHeadsetAction []
W/System.err( 1801):    at java.lang.Class.getConstructorOrMethod(Class.java:460)
W/System.err( 1801):    at java.lang.Class.getMethod(Class.java:915)
W/System.err( 1801):    at com.coship.dvbsetting.systemsetting.childview.AudioOutput.getPropertiesAction(AudioOutput.java:225)
W/System.err( 1801):    at com.coship.dvbsetting.systemsetting.childview.AudioOutput.show(AudioOutput.java:176)
W/System.err( 1801):    at com.coship.dvbsetting.ExpanItem.clickandselect(ExpanItem.java:199)
W/System.err( 1801):    at com.coship.dvbsetting.ExpanItem.access$000(ExpanItem.java:33)
W/System.err( 1801):    at com.coship.dvbsetting.ExpanItem$onitemselect.onItemSelected(ExpanItem.java:151)
W/System.err( 1801):    at android.widget.AdapterView.fireOnSelected(AdapterView.java:882)
W/System.err( 1801):    at android.widget.AdapterView.access$200(AdapterView.java:48)
W/System.err( 1801):    at android.widget.AdapterView$SelectionNotifier.run(AdapterView.java:848)
W/System.err( 1801):    at android.os.Handler.handleCallback(Handler.java:605)
W/System.err( 1801):    at android.os.Handler.dispatchMessage(Handler.java:92)
W/System.err( 1801):    at android.os.Looper.loop(Looper.java:137)
W/System.err( 1801):    at android.app.ActivityThread.main(ActivityThread.java:4424)
W/System.err( 1801):    at java.lang.reflect.Method.invokeNative(Native Method)
W/System.err( 1801):    at java.lang.reflect.Method.invoke(Method.java:511)
W/System.err( 1801):    at com.android.internal.os.ZygoteInit$MethodAndArgsCaller.run(ZygoteInit.java:848)
W/System.err( 1801):    at com.android.internal.os.ZygoteInit.main(ZygoteInit.java:575)
W/System.err( 1801):    at dalvik.system.NativeStart.main(Native Method)
I/System.out( 1801): could not find class
I/System.out( 1801): [AudioOutput]:status--->false
D/AlarmManagerService(  979): Kernel timezone updated to -480 minutes west of GMT
I/City    ( 1801): -----------------------parser.getName()--------shenzhen
I/City    ( 1801): -----------------------parser--------深圳
I/City    ( 1801): -----------------------parser.getName()--------wuhan
I/City    ( 1801): -----------------------parser--------武汉
I/City    ( 1801): -----------------------parser.getName()--------beijing
I/City    ( 1801): -----------------------parser--------北京
I/City    ( 1801): -----------------------parser.getName()--------nanning
I/City    ( 1801): -----------------------parser--------南宁
V/NetUpdate( 1801): mBindRemote--->true
V/NetUpdate( 1801): Remote Invoke Success!
I/NetUpdate( 1801): --------------show()------------------
D/MonitorCw880( 1510): currentRemoteHost is null ,continue
V/NetUpdate( 1801): iUpdateService.getProgressValue()--->5
D/dalvikvm( 1801): GC_CONCURRENT freed 1977K, 19% free 31602K/38595K, paused 3ms+12ms
D/HomePlayerLib( 1605): hostaddress count is 0
V/NetUpdate( 1801): iUpdateService.getProgressValue()--->5
D/MonitorCw880( 1510): currentRemoteHost is null ,continue
V/NetUpdate( 1801): iUpdateService.getProgressValue()--->5
D/dalvikvm( 1245): GC_CONCURRENT freed 1444K, 55% free 5103K/11267K, paused 2ms+3ms
D/dalvikvm( 1801): GC_CONCURRENT freed 1926K, 19% free 31626K/38595K, paused 3ms+7ms
V/NetUpdate( 1801): iUpdateService.getProgressValue()--->5
V/NetUpdate( 1801): iUpdateService.getProgressValue()--->5
D/MonitorCw880( 1510): currentRemoteHost is null ,continue
D/dalvikvm( 1605): GC_CONCURRENT freed 654K, 65% free 2598K/7235K, paused 2ms+2ms
V/NetUpdate( 1801): iUpdateService.getProgressValue()--->5
D/dalvikvm( 1801): GC_CONCURRENT freed 1957K, 19% free 31599K/38595K, paused 2ms+9ms
D/HomePlayerLib( 1605): hostaddress count is 0
V/NetUpdate( 1801): iUpdateService.getProgressValue()--->5
I/NetUpdate( 1801): --------------hide()------------------
V/TabletStatusBar( 1144): setLightsOn(true)
D/InputEventConsistencyVerifier( 1801): KeyEvent: ACTION_UP but key was not down.
D/InputEventConsistencyVerifier( 1801):   in Handler (android.view.ViewRootImpl) {433623d0}
D/InputEventConsistencyVerifier( 1801):   0: sent at 789982000000, KeyEvent { action=ACTION_UP, keyCode=KEYCODE_BACK, scanCode=0, metaState=0, flags=0x0, repeatCount=0, eventTime=789982, downTime=789982, deviceId=1, source=0x2002 }
D/InputEventConsistencyVerifier( 1801):   -- recent events --
D/InputEventConsistencyVerifier( 1801):   1: sent at 789998471000, MotionEvent { action=ACTION_HOVER_MOVE, id[0]=0, x[0]=616.5557, y[0]=391.8731, toolType[0]=TOOL_TYPE_MOUSE, buttonState=BUTTON_BACK, metaState=0, flags=0x0, edgeFlags=0x0, pointerCount=1, historySize=8, eventTime=789998, downTime=560070, deviceId=1, source=0x2002 }
D/InputEventConsistencyVerifier( 1801):   2: sent at 789886595000, MotionEvent { action=ACTION_HOVER_MOVE, id[0]=0, x[0]=634.5557, y[0]=388.8731, toolType[0]=TOOL_TYPE_MOUSE, buttonState=BUTTON_BACK, metaState=0, flags=0x0, edgeFlags=0x0, pointerCount=1, historySize=0, eventTime=789886, downTime=560070, deviceId=1, source=0x2002 }
D/InputEventConsistencyVerifier( 1801):   3: sent at 789886595000, MotionEvent { action=ACTION_HOVER_ENTER, id[0]=0, x[0]=634.5557, y[0]=388.8731, toolType[0]=TOOL_TYPE_MOUSE, buttonState=BUTTON_BACK, metaState=0, flags=0x0, edgeFlags=0x0, pointerCount=1, historySize=0, eventTime=789886, downTime=560070, deviceId=1, source=0x2002 }
D/InputEventConsistencyVerifier( 1801):   4: sent at 555662477000, MotionEvent { action=ACTION_HOVER_EXIT, id[0]=0, x[0]=830.0073, y[0]=220.19316, toolType[0]=TOOL_TYPE_MOUSE, buttonState=0, metaState=0, flags=0x0, edgeFlags=0x0, pointerCount=1, historySize=0, eventTime=555662, downTime=555374, deviceId=1, source=0x2002 }
D/InputEventConsistencyVerifier( 1801):   5: sent at 555526453000, MotionEvent { action=ACTION_HOVER_MOVE, id[0]=0, x[0]=830.0073, y[0]=219.19316, toolType[0]=TOOL_TYPE_MOUSE, buttonState=0, metaState=0, flags=0x0, edgeFlags=0x0, pointerCount=1, historySize=0, eventTime=555526, downTime=555374, deviceId=1, source=0x2002 }
D/dalvikvm( 1801): GC_EXPLICIT freed 914K, 19% free 31538K/38595K, paused 2ms+6ms
E/StrictMode( 1801): class com.coship.dvbsetting.systemsetting.SyssetAcivity; instances=2; limit=1
E/StrictMode( 1801): android.os.StrictMode$InstanceCountViolation: class com.coship.dvbsetting.systemsetting.SyssetAcivity; instances=2; limit=1
E/StrictMode( 1801):    at android.os.StrictMode.setClassInstanceLimit(StrictMode.java:1)
E/ActivityThread( 1801): Activity com.coship.dvbsetting.systemsetting.SyssetAcivity has leaked ServiceConnection com.coship.dvbsetting.systemsetting.childview.NetUpdate$2@43426c30 that was originally bound here
E/ActivityThread( 1801): android.app.ServiceConnectionLeaked: Activity com.coship.dvbsetting.systemsetting.SyssetAcivity has leaked ServiceConnection com.coship.dvbsetting.systemsetting.childview.NetUpdate$2@43426c30 that was originally bound here
E/ActivityThread( 1801):        at android.app.LoadedApk$ServiceDispatcher.<init>(LoadedApk.java:936)
E/ActivityThread( 1801):        at android.app.LoadedApk.getServiceDispatcher(LoadedApk.java:830)
E/ActivityThread( 1801):        at android.app.ContextImpl.bindService(ContextImpl.java:1142)
E/ActivityThread( 1801):        at android.content.ContextWrapper.bindService(ContextWrapper.java:370)
E/ActivityThread( 1801):        at com.coship.dvbsetting.systemsetting.childview.NetUpdate.remoteAIDL(NetUpdate.java:345)
E/ActivityThread( 1801):        at com.coship.dvbsetting.systemsetting.childview.NetUpdate.show(NetUpdate.java:504)
E/ActivityThread( 1801):        at com.coship.dvbsetting.ExpanItem.clickandselect(ExpanItem.java:199)
E/ActivityThread( 1801):        at com.coship.dvbsetting.ExpanItem.access$000(ExpanItem.java:33)
E/ActivityThread( 1801):        at com.coship.dvbsetting.ExpanItem$1.onChildClick(ExpanItem.java:101)
E/ActivityThread( 1801):        at android.widget.ExpandableListView.handleItemClick(ExpandableListView.java:582)
E/ActivityThread( 1801):        at android.widget.ExpandableListView.performItemClick(ExpandableListView.java:521)
E/ActivityThread( 1801):        at android.widget.AbsListView$PerformClick.run(AbsListView.java:2514)
E/ActivityThread( 1801):        at android.widget.AbsListView$1.run(AbsListView.java:3168)
E/ActivityThread( 1801):        at android.os.Handler.handleCallback(Handler.java:605)
E/ActivityThread( 1801):        at android.os.Handler.dispatchMessage(Handler.java:92)
E/ActivityThread( 1801):        at android.os.Looper.loop(Looper.java:137)
E/ActivityThread( 1801):        at android.app.ActivityThread.main(ActivityThread.java:4424)
E/ActivityThread( 1801):        at java.lang.reflect.Method.invokeNative(Native Method)
E/ActivityThread( 1801):        at java.lang.reflect.Method.invoke(Method.java:511)
E/ActivityThread( 1801):        at com.android.internal.os.ZygoteInit$MethodAndArgsCaller.run(ZygoteInit.java:848)
E/ActivityThread( 1801):        at com.android.internal.os.ZygoteInit.main(ZygoteInit.java:575)
E/ActivityThread( 1801):        at dalvik.system.NativeStart.main(Native Method)
W/ActivityManager(  979): Unbind failed: could not find connection for android.os.BinderProxy@41751870
D/MonitorCw880( 1510): currentRemoteHost is null ,continue
I/ActivityManager(  979): START {cmp=com.coship.dvbsetting/.netsetting.netSet} from pid 1801
I/EthernetManager( 1801): Init Ethernet Manager, service: android.net.ethernet.IEthernetManager$Stub$Proxy@433a0338
I/WifiP2PsetDialog( 1801): SystemPropertiesClass:class android.net.wifi.p2p.WifiP2pManager
W/WifiP2PsetDialog( 1801): ~~~~~~~~~~~~~~~~~~~~~~method:public java.lang.String android.net.wifi.p2p.WifiP2pManager.getWifip2pConfig(int)
W/WifiP2PsetDialog( 1801): ~~~~~~~~~~~~~~~~~~~~~~returnvalue:SmartBox
I/netset  ( 1801): product model ro.product.model = S1001
I/HighSet_CableNetwork( 1801): mEthernetManager:android.net.ethernet.EthernetManager@4156df80
I/PppoeManager( 1801): create PppoeManager
I/StateSet( 1801): -------you xian-----tv_Ip=0.0.0.0
I/StateSet( 1801): -----unConnect--------
D/WifiDirectSetting( 1801): --------------WIFI_P2P_THIS_DEVICE_CHANGED_ACTION
D/WifiDirectSetting( 1801): ------------mThisDevice.String()Device: SmartBox
D/WifiDirectSetting( 1801):  deviceAddress: 
D/WifiDirectSetting( 1801):  primary type: 10-0050F204-5
D/WifiDirectSetting( 1801):  secondary type: null
D/WifiDirectSetting( 1801):  wps: 0
D/WifiDirectSetting( 1801):  grpcapab: 0
D/WifiDirectSetting( 1801):  devcapab: 0
D/WifiDirectSetting( 1801):  status: 4
D/WifiDirectSetting( 1801):  wfdInfo: null
V/TabletStatusBar( 1144): setLightsOn(true)
I/ActivityManager(  979): Displayed com.coship.dvbsetting/.netsetting.netSet: +374ms
V/NetUpdate( 1801): iUpdateService.getProgressValue()--->5
I/HighSet_WirlessNetwork( 1801): ------------BroadcastReceiverRegistered---------
V/HighSet_WirlessNetwork( 1801): !!!!!<BroadcastReceiver>====wifi closed==
D/MonitorCw880( 1510): currentRemoteHost is null ,continue
D/WifiHW  (  979): is_wifi_device_exist
E/WifiHW  (  979): get_wifi_device_num is 1
D/WifiP2pService(  979): P2pDisabledState{ what=131203 when=-1ms }
E/WifiHW  (  979): get_wifi_device_num is 1
D/WifiHW  (  979): wifi_driver has loaded!
E/WifiHW  (  739): wifi_change_fw_path: STA
D/SoftapController(  739): Softap fwReload - Ok
D/CommandListener(  739): Setting iface cfg
D/CommandListener(  739): Trying to bring down wlan0
D/CommandListener(  739): broadcast flag ignored
D/CommandListener(  739): multicast flag ignored
D/NetworkManagementService(  979): rsp <213 a4:a8:20:13:03:6e 0.0.0.0 0 [down broadcast multicast]>
D/NetworkManagementService(  979): flags <[down broadcast multicast]>
E/CommandListener(  739): Failed to open /proc/sys/net/ipv6/conf/wlan0/use_tempaddr: No such file or directory
E/WifiStateMachine(  979): Unable to change interface settings: java.lang.IllegalStateException: Unable to communicate with native daemon to set ipv6privacyextensions - com.android.server.NativeDaemonConnectorException: Cmd {interface ipv6privacyextensions wlan0 enable} failed with code 400 : {Failed to set ipv6 privacy extensions (No such file or directory)}
D/WifiHW  (  979): config_file = /data/misc/wifi/wpa_supplicant.conf
D/WifiHW  (  979): ctl.start daemon_cmd = mrl_supplicant:-iwlan0 -c/data/misc/wifi/wpa_supplicant.conf
E/WifiHW  (  979): wpa_ctrl_open failed 9 :No such file or directory
V/HighSet_WirlessNetwork( 1801): !!!!!!!!!<init>  wifi is colose !!!!!!! open wifi
W/GpsLocationProvider(  979): Failed to enable location provider
I/wpa_supplicant( 2340): rfkill: Cannot open RFKILL control device
V/EthernetMonitor(  979): get event 
V/EthernetMonitor(  979): go poll events
V/HighSet_WirlessNetwork( 1801): !!!!!<BroadcastReceiver>====wifi opened==
I/HighSet_WirlessNetwork( 1801): -----------------------wifi????-------------------
V/TabletStatusBar( 1144): setLightsOn(true)
D/InputEventConsistencyVerifier( 1801): KeyEvent: ACTION_UP but key was not down.
D/InputEventConsistencyVerifier( 1801):   in Handler (android.view.ViewRootImpl) {433623d0}
D/InputEventConsistencyVerifier( 1801):   0: sent at 797598000000, KeyEvent { action=ACTION_UP, keyCode=KEYCODE_BACK, scanCode=0, metaState=0, flags=0x0, repeatCount=0, eventTime=797598, downTime=797598, deviceId=1, source=0x2002 }
D/InputEventConsistencyVerifier( 1801):   -- recent events --
D/InputEventConsistencyVerifier( 1801):   1: sent at 797598466000, MotionEvent { action=ACTION_HOVER_MOVE, id[0]=0, x[0]=483.91577, y[0]=373.61276, toolType[0]=TOOL_TYPE_MOUSE, buttonState=0, metaState=0, flags=0x0, edgeFlags=0x0, pointerCount=1, historySize=0, eventTime=797598, downTime=796694, deviceId=1, source=0x2002 }
D/InputEventConsistencyVerifier( 1801):   2: sent at 797494458000, MotionEvent { action=ACTION_HOVER_MOVE, id[0]=0, x[0]=483.91577, y[0]=373.61276, toolType[0]=TOOL_TYPE_MOUSE, buttonState=BUTTON_BACK, metaState=0, flags=0x0, edgeFlags=0x0, pointerCount=1, historySize=0, eventTime=797494, downTime=796694, deviceId=1, source=0x2002 }
D/InputEventConsistencyVerifier( 1801):   3: sent at 797494458000, MotionEvent { action=ACTION_HOVER_ENTER, id[0]=0, x[0]=483.91577, y[0]=373.61276, toolType[0]=TOOL_TYPE_MOUSE, buttonState=BUTTON_BACK, metaState=0, flags=0x0, edgeFlags=0x0, pointerCount=1, historySize=0, eventTime=797494, downTime=796694, deviceId=1, source=0x2002 }
D/InputEventConsistencyVerifier( 1801):   4: sent at 791398473000, MotionEvent { action=ACTION_HOVER_EXIT, id[0]=0, x[0]=359.15274, y[0]=223.65758, toolType[0]=TOOL_TYPE_MOUSE, buttonState=0, metaState=0, flags=0x0, edgeFlags=0x0, pointerCount=1, historySize=0, eventTime=791398, downTime=791158, deviceId=1, source=0x2002 }
D/InputEventConsistencyVerifier( 1801):   5: sent at 791382459000, MotionEvent { action=ACTION_HOVER_MOVE, id[0]=0, x[0]=358.15274, y[0]=223.65758, toolType[0]=TOOL_TYPE_MOUSE, buttonState=0, metaState=0, flags=0x0, edgeFlags=0x0, pointerCount=1, historySize=0, eventTime=791382, downTime=791158, deviceId=1, source=0x2002 }
I/HighSet_WirlessNetwork( 1801): --------------unregisterReceiver
I/WifiDirectSetting( 1801): --------------UnregisterWifidisplayReceiver------------
I/WifiApSetting( 1801): ---------------UnregisterWifiApReceiver--------------
D/dalvikvm( 1801): GC_EXPLICIT freed 665K, 18% free 31914K/38595K, paused 2ms+11ms
E/StrictMode( 1801): class com.coship.dvbsetting.netsetting.netSet; instances=2; limit=1
E/StrictMode( 1801): android.os.StrictMode$InstanceCountViolation: class com.coship.dvbsetting.netsetting.netSet; instances=2; limit=1
E/StrictMode( 1801):    at android.os.StrictMode.setClassInstanceLimit(StrictMode.java:1)
E/ActivityThread( 1801): Activity com.coship.dvbsetting.netsetting.netSet has leaked ServiceConnection android.bluetooth.BluetoothHeadset$1@415cf420 that was originally bound here
E/ActivityThread( 1801): android.app.ServiceConnectionLeaked: Activity com.coship.dvbsetting.netsetting.netSet has leaked ServiceConnection android.bluetooth.BluetoothHeadset$1@415cf420 that was originally bound here
E/ActivityThread( 1801):        at android.app.LoadedApk$ServiceDispatcher.<init>(LoadedApk.java:936)
E/ActivityThread( 1801):        at android.app.LoadedApk.getServiceDispatcher(LoadedApk.java:830)
E/ActivityThread( 1801):        at android.app.ContextImpl.bindService(ContextImpl.java:1142)
E/ActivityThread( 1801):        at android.content.ContextWrapper.bindService(ContextWrapper.java:370)
E/ActivityThread( 1801):        at android.bluetooth.BluetoothHeadset.<init>(BluetoothHeadset.java:231)
E/ActivityThread( 1801):        at android.bluetooth.BluetoothAdapter.getProfileProxy(BluetoothAdapter.java:1168)
E/ActivityThread( 1801):        at com.coship.dvbsetting.bluetooth.HeadsetProfile.<init>(HeadsetProfile.java:111)
E/ActivityThread( 1801):        at com.coship.dvbsetting.netsetting.BluetoothSet.init(BluetoothSet.java:160)
E/ActivityThread( 1801):        at com.coship.dvbsetting.netsetting.BluetoothSet.<init>(BluetoothSet.java:131)
E/ActivityThread( 1801):        at com.coship.dvbsetting.netsetting.BluetoothSet.getInstance(BluetoothSet.java:110)
E/ActivityThread( 1801):        at com.coship.dvbsetting.netsetting.netSet.onCreate(netSet.java:81)
E/ActivityThread( 1801):        at android.app.Activity.performCreate(Activity.java:4465)
E/ActivityThread( 1801):        at android.app.Instrumentation.callActivityOnCreate(Instrumentation.java:1049)
E/ActivityThread( 1801):        at android.app.ActivityThread.performLaunchActivity(ActivityThread.java:1920)
E/ActivityThread( 1801):        at android.app.ActivityThread.handleLaunchActivity(ActivityThread.java:1981)
E/ActivityThread( 1801):        at android.app.ActivityThread.access$600(ActivityThread.java:123)
E/ActivityThread( 1801):        at android.app.ActivityThread$H.handleMessage(ActivityThread.java:1147)
E/ActivityThread( 1801):        at android.os.Handler.dispatchMessage(Handler.java:99)
E/ActivityThread( 1801):        at android.os.Looper.loop(Looper.java:137)
E/ActivityThread( 1801):        at android.app.ActivityThread.main(ActivityThread.java:4424)
E/ActivityThread( 1801):        at java.lang.reflect.Method.invokeNative(Native Method)
E/ActivityThread( 1801):        at java.lang.reflect.Method.invoke(Method.java:511)
E/ActivityThread( 1801):        at com.android.internal.os.ZygoteInit$MethodAndArgsCaller.run(ZygoteInit.java:848)
E/ActivityThread( 1801):        at com.android.internal.os.ZygoteInit.main(ZygoteInit.java:575)
E/ActivityThread( 1801):        at dalvik.system.NativeStart.main(Native Method)
W/ActivityManager(  979): Unbind failed: could not find connection for android.os.BinderProxy@4160cda0
D/dalvikvm(  979): GC_CONCURRENT freed 656K, 63% free 3723K/9923K, paused 2ms+4ms
I/ActivityManager(  979): START {cmp=com.coship.dvbsetting/.systemsetting.SyssetAcivity} from pid 1801
I/inputMethod( 1801): ----------mo ren shurufa-------------com.android.inputmethod.pinyin/.PinyinIME
I/inputMethod( 1801): -----mLastInputMethodId.equals(id)-----id=com.android.inputmethod.pinyin/.PinyinIME
I/Resolution( 1801):  ---------------------- getgetprop persist.sys.resolution---------defvalue=2
D/HomePlayerLib( 1605): hostaddress count is 0
D/dalvikvm( 1605): GC_CONCURRENT freed 680K, 65% free 2585K/7235K, paused 2ms+3ms
I/Storage ( 1801): ----------getPath()=/data
I/Storage ( 1801): ----------totalBlocks=831MB
I/Storage ( 1801): ----------availableBlocks_sd=747MB
I/Storage ( 1801): ----------surplusBlocks_sd=83.25MB
I/Storage ( 1801): &&&&&&&&&&&&&&&&&&&&&&&&&&&&&&& storagenumber=1----pagination=1
I/NetUpdate( 1801): mSwv--->211310
I/PppoeManager( 1801): create PppoeManager
I/EthernetManager( 1801): Init Ethernet Manager, service: android.net.ethernet.IEthernetManager$Stub$Proxy@433b4e38
V/TabletStatusBar( 1144): setLightsOn(true)
I/ActivityManager(  979): Displayed com.coship.dvbsetting/.systemsetting.SyssetAcivity: +401ms
D/MonitorCw880( 1510): currentRemoteHost is null ,continue
I/wpa_supplicant( 2340): wlan0: Trying to associate with c8:3a:35:34:4e:b8 (SSID='smarttv_2.4' freq=2462 MHz)
V/EthernetMonitor(  979): get event 
V/EthernetMonitor(  979): go poll events
V/EthernetMonitor(  979): get event 
V/EthernetMonitor(  979): go poll events
V/EthernetMonitor(  979): get event 
V/EthernetMonitor(  979): go poll events
V/EthernetMonitor(  979): get event 
V/EthernetMonitor(  979): go poll events
V/EthernetMonitor(  979): get event 
V/EthernetMonitor(  979): go poll events
V/EthernetMonitor(  979): get event 
I/wpa_supplicant( 2340): wlan0: Associated with c8:3a:35:34:4e:b8
V/EthernetMonitor(  979): go poll events
I/wpa_supplicant( 2340): wlan0: WPA: Key negotiation completed with c8:3a:35:34:4e:b8 [PTK=CCMP GTK=CCMP]
V/EthernetMonitor(  979): get event 
V/EthernetMonitor(  979): go poll events
I/wpa_supplicant( 2340): wlan0: CTRL-EVENT-CONNECTED - Connection to c8:3a:35:34:4e:b8 completed (auth) [id=0 id_str=]
V/EthernetMonitor(  979): get event 
V/EthernetMonitor(  979): go poll events
I/TabletStatusBar( 1144): receiver broadcast
I/System.out( 1331): GolableWifiChangeReceiver:::::
I/System.out( 1331): WIFI_CONNECT:false
I/NetworkStatusChangeReceiver( 1361): action::::::::android.net.wifi.STATE_CHANGE
I/System.out( 1361): 网络断开：：：：：：：
I/System.out( 1361): 项目名称：A3STB-WidgetHost，版本号：1.0.11，发布人：朱道专(Jacky.Zhu)
I/System.out( 1361): BabaoWebWidget---network not connect---
I/System.out( 1361): WeatherWidgetProvider----network not connect----------
V/NetUpdate( 1801): mBindRemote--->true
V/NetUpdate( 1801): Remote Invoke Success!
I/NetUpdate( 1801): --------------show()------------------
D/dalvikvm( 1245): GC_CONCURRENT freed 1437K, 55% free 5108K/11267K, paused 1ms+2ms
V/NetUpdate( 1801): iUpdateService.getProgressValue()--->5
D/MonitorCw880( 1510): currentRemoteHost is null ,continue
D/dalvikvm( 1801): GC_CONCURRENT freed 1801K, 17% free 32042K/38595K, paused 2ms+11ms
I/HighSet_WirlessNetwork( 1801): -------------------------SSID= smarttv_2.4 ----------Adress= c8:3a:35:34:4e:b8
I/HighSet_WirlessNetwork( 1801): -------------------------SSID= Momokan ----------Adress= 20:c9:d0:23:07:7b
V/NetUpdate( 1801): iUpdateService.getProgressValue()--->5
V/EthernetMonitor(  979): get event 
V/EthernetMonitor(  979): go poll events
D/DhcpInfoInternal(  979): makeLinkProperties with empty dns2!
D/DhcpInfoInternal(  979): makeLinkProperties with empty dns2!
I/TabletStatusBar( 1144): receiver broadcast
D/ConnectivityService(  979): ConnectivityChange for WIFI: CONNECTED/CONNECTED
I/System.out( 1331): GolableWifiChangeReceiver:::::
I/System.out( 1331): WIFI_CONNECT:true
I/NetworkStatusChangeReceiver( 1361): action::::::::android.net.wifi.STATE_CHANGE
I/System.out( 1361): 网络连接：：：：：：：
D/dalvikvm( 1361): GC_CONCURRENT freed 403K, 78% free 1278K/5571K, paused 1ms+10ms
W/GpsLocationProvider(  979): Failed to enable location provider
I/System.out( 1361): BabaoWebWidget---network connect---
I/System.out( 1361): 项目名称：A3STB-WidgetHost，版本号：1.0.11，发布人：朱道专(Jacky.Zhu)
I/System.out( 1361): WeatherWidgetProvider----network connect----------
D/ConnectivityService(  979): ConnectivityChange for WIFI: CONNECTED/CONNECTED
W/NetworkStats(  979): dropping UID delta from unknown iface: iface=wlan0 uid=0 set=DEFAULT tag=0x0 rxBytes=1901 rxPackets=6 txBytes=2071 txPackets=9 operations=0
D/CommandListener(  739): Clearing all IP addresses on wlan0
D/ConnectivityService(  979): handleConnectivityChange: address are the same reset per doReset linkProperty[1]: resetMask=0
V/NetUpdate( 1801): iUpdateService.getProgressValue()--->5
D/CheckNetWork( 1586): isOk true
D/CheckNetWork( 1586): ActInfoNetworkInfo: type: WIFI[], state: CONNECTED/CONNECTED, reason: (unspecified), extra: (none), roaming: false, failover: false, isAvailable: false
D/MonitorCw880( 1510): currentRemoteHost is null ,continue
V/NetUpdate( 1801): iUpdateService.getProgressValue()--->5
V/EthernetMonitor(  979): get event 
V/EthernetMonitor(  979): go poll events
V/EthernetMonitor(  979): get event 
V/EthernetMonitor(  979): go poll events
V/EthernetMonitor(  979): get event 
V/EthernetMonitor(  979): go poll events
V/EthernetMonitor(  979): get event 
V/EthernetMonitor(  979): go poll events
V/EthernetMonitor(  979): get event 
V/EthernetMonitor(  979): go poll events
V/EthernetMonitor(  979): get event 
I/wpa_supplicant( 2340): wlan0: CTRL-EVENT-TERMINATING 
V/EthernetMonitor(  979): go poll events
E/ConnectivityService(  979): Exception trying to add a route: java.lang.IllegalStateException: Unable to communicate with native dameon to add routes - com.android.server.NativeDaemonConnectorException: Cmd {interface route add wlan0 default 192.168.0.1 32 0.0.0.0} failed with code 400 : {Failed to add route to default table (Network is down)}
E/ConnectivityService(  979): Exception trying to add a route: java.lang.IllegalStateException: Unable to communicate with native dameon to add routes - com.android.server.NativeDaemonConnectorException: Cmd {interface route add wlan0 default 0.0.0.0 0 192.168.0.1} failed with code 400 : {Failed to add route to default table (Network is unreachable)}
I/TabletStatusBar( 1144): receiver broadcast
I/System.out( 1331): GolableWifiChangeReceiver:::::
D/ConnectivityService(  979): NetTransition Wakelock for WifiStateMachine released by timeout
D/ConnectivityService(  979): ConnectivityChange for WIFI: DISCONNECTED/DISCONNECTED
I/System.out( 1331): WIFI_CONNECT:false
D/WifiStateMachine(  979): isDriverShouldRemove = true
E/MobileDataStateTracker(  979): default: Ignoring feature request because could not acquire PhoneService
E/MobileDataStateTracker(  979): default: Could not enable APN type "default"
D/ConnectivityService(  979): Attempting to switch to mobile
D/NetUtils(  979): android_net_utils_resetConnections in env=0x199c98 clazz=0x8ab00001 iface=eth0 mask=0x3
I/EthernetStateTracker(  979): reset device eth0
I/NetworkStatusChangeReceiver( 1361): action::::::::android.net.wifi.STATE_CHANGE
I/System.out( 1361): 网络断开：：：：：：：
I/System.out( 1361): BabaoWebWidget---network not connect---
I/System.out( 1361): 项目名称：A3STB-WidgetHost，版本号：1.0.11，发布人：朱道专(Jacky.Zhu)
I/System.out( 1361): WeatherWidgetProvider----network not connect----------
D/NetUtils(  979): failed to remove default route for eth0: No such process
D/DHCP    (  979): failed to set prefixLength 32: Cannot assign requested address
I/EthernetStateTracker(  979): set ip manually ipaddr 0.0.0.0 gateway 0.0.0.0 netmask 255.255.255.255 dns1 0.0.0.0 dns2 0.0.0.0 DHCP server 0.0.0.0 lease 0 seconds
W/EthernetStateTracker(  979): Static IP configuration failed
V/EthernetStateTracker(  979): configureInterfaceAutoIP skip!
D/ConnectivityService(  979): Attempting to switch to ETH
D/ConnectivityService(  979): Attempting to switch to pppoe
D/NetUtils(  979): android_net_utils_resetConnections in env=0x199c98 clazz=0x8c700001 iface=wlan0 mask=0x3
D/ConnectivityService(  979): now reset wlan0, resetMask = 3
D/ConnectivityService(  979): resetConnections(wlan0, 3)
D/ConnectivityService(  979): ConnectivityChange for WIFI: DISCONNECTED/DISCONNECTED
E/MobileDataStateTracker(  979): default: Ignoring feature request because could not acquire PhoneService
E/MobileDataStateTracker(  979): default: Could not enable APN type "default"
D/ConnectivityService(  979): Attempting to switch to mobile
D/NetUtils(  979): android_net_utils_resetConnections in env=0x199c98 clazz=0x8f300001 iface=eth0 mask=0x3
I/EthernetStateTracker(  979): reset device eth0
D/NetUtils(  979): failed to remove default route for eth0: No such process
D/DHCP    (  979): failed to set prefixLength 32: Cannot assign requested address
I/EthernetStateTracker(  979): set ip manually ipaddr 0.0.0.0 gateway 0.0.0.0 netmask 255.255.255.255 dns1 0.0.0.0 dns2 0.0.0.0 DHCP server 0.0.0.0 lease 0 seconds
W/EthernetStateTracker(  979): Static IP configuration failed
V/EthernetStateTracker(  979): configureInterfaceAutoIP skip!
D/ConnectivityService(  979): Attempting to switch to ETH
D/ConnectivityService(  979): Attempting to switch to pppoe
D/ConnectivityService(  979): now reset wlan0, resetMask = 3
D/NetUtils(  979): android_net_utils_resetConnections in env=0x199c98 clazz=0x90f00001 iface=wlan0 mask=0x3
D/ConnectivityService(  979): resetConnections(wlan0, 3)
D/HomePlayerLib( 1605): hostaddress count is 0
D/dalvikvm( 1605): GC_CONCURRENT freed 657K, 65% free 2598K/7235K, paused 2ms+3ms
D/dalvikvm(  979): GC_CONCURRENT freed 748K, 63% free 3742K/9923K, paused 2ms+5ms
D/dalvikvm( 1801): GC_CONCURRENT freed 2511K, 19% free 31476K/38595K, paused 3ms+9ms
D/Tethering(  979): MasterInitialState.processMessage what=3
D/StpService( 1714): receive Broadcast Info NetworkInfo: type: WIFI[], state: CONNECTED/CONNECTED, reason: (unspecified), extra: (none), roaming: false, failover: false, isAvailable: true
D/BootReceiver( 1538): startOtOService
E/OtOService( 1538): onStart
I/FeiApplication( 1538): SystemPropertiesClass:class android.os.SystemProperties
W/FeiApplication( 1538): ~~~~~~~~~~~~~~~~~~~~~~method:public static java.lang.String android.os.SystemProperties.get(java.lang.String,java.lang.String)
W/FeiApplication( 1538): ~~~~~~~~~~~~~~~~~~~~~~returnvalue:SmartBox
I/BootCompletedReceiver( 1605): [onReceive] Action??android.net.conn.CONNECTIVITY_CHANGE
D/BootCompletedReceiver( 1605): [onReceive] renderer was configed as autoboot,start backservice
D/Multimedia_BackService( 1605): BackService onStart called
D/Multimedia_BackService( 1605): device Name:SmartBox
I/AirplayService( 1605): in setAirplayDevName
D/com.ts.gaya.coship.NetworkStateReceiver( 1267): Network connectivity change
W/com.ts.gaya.coship.NetworkStateReceiver( 1267):     at com.ts.gaya.coship.NetworkStateReceiver.onReceive(NetworkStateReceiver.java:18)
D/com.ts.gaya.coship.MainActivity( 1267): Skipped internet state changes, unchanged;
W/com.ts.gaya.coship.MainActivity( 1267):     at com.ts.gaya.coship.MainActivity.updateInternetState(MainActivity.java:128)
D/dalvikvm( 1538): GC_CONCURRENT freed 471K, 70% free 1940K/6275K, paused 2ms+2ms
I/StpService( 1714): Network Type Changed to 1
D/dalvikvm( 1538): GC_CONCURRENT freed 492K, 70% free 1944K/6275K, paused 1ms+2ms
D/DeviceAnnounce( 1538): resetSocket
D/ServerAdapter( 1538): resetDeviceAnnounce
D/dalvikvm( 1287): GC_CONCURRENT freed 467K, 70% free 1873K/6211K, paused 2ms+2ms
V/NetUpdate( 1801): iUpdateService.getProgressValue()--->5
I/System.out( 1361): BabaoWebWidget---newsList is null---
D/dalvikvm( 1459): GC_CONCURRENT freed 463K, 75% free 1421K/5635K, paused 95ms+25ms
V/EthernetMonitor(  979): get event 
V/EthernetMonitor(  979): go poll events
D/Tethering(  979): MasterInitialState.processMessage what=3
D/StpService( 1714): receive Broadcast Info NetworkInfo: type: WIFI[], state: CONNECTED/CONNECTED, reason: (unspecified), extra: (none), roaming: false, failover: false, isAvailable: true
D/BootReceiver( 1538): startOtOService
E/OtOService( 1538): onStart
I/FeiApplication( 1538): SystemPropertiesClass:class android.os.SystemProperties
W/FeiApplication( 1538): ~~~~~~~~~~~~~~~~~~~~~~method:public static java.lang.String android.os.SystemProperties.get(java.lang.String,java.lang.String)
W/FeiApplication( 1538): ~~~~~~~~~~~~~~~~~~~~~~returnvalue:SmartBox
I/BootCompletedReceiver( 1605): [onReceive] Action??android.net.conn.CONNECTIVITY_CHANGE
D/BootCompletedReceiver( 1605): [onReceive] renderer was configed as autoboot,start backservice
D/Multimedia_BackService( 1605): BackService onStart called
D/Multimedia_BackService( 1605): device Name:SmartBox
I/AirplayService( 1605): in setAirplayDevName
D/com.ts.gaya.coship.NetworkStateReceiver( 1267): Network connectivity change
W/com.ts.gaya.coship.NetworkStateReceiver( 1267):     at com.ts.gaya.coship.NetworkStateReceiver.onReceive(NetworkStateReceiver.java:18)
D/com.ts.gaya.coship.MainActivity( 1267): Skipped internet state changes, unchanged;
W/com.ts.gaya.coship.MainActivity( 1267):     at com.ts.gaya.coship.MainActivity.updateInternetState(MainActivity.java:128)
D/Tethering(  979): MasterInitialState.processMessage what=3
D/GTalkService( 1287): lost connectivity, notify
I/StpService( 1714): Network Type Changed to 1
D/StpService( 1714): receive Broadcast Info NetworkInfo: type: WIFI[], state: DISCONNECTED/DISCONNECTED, reason: (unspecified), extra: (none), roaming: false, failover: false, isAvailable: false
D/dalvikvm( 1538): GC_CONCURRENT freed 512K, 70% free 1943K/6275K, paused 2ms+2ms
D/DeviceAnnounce( 1538): resetSocket
D/ServerAdapter( 1538): resetDeviceAnnounce
D/dalvikvm( 1287): GC_EXPLICIT freed 232K, 72% free 1768K/6211K, paused 1ms+2ms
D/Tethering(  979): MasterInitialState.processMessage what=3
D/StpService( 1714): receive Broadcast Info NetworkInfo: type: WIFI[], state: DISCONNECTED/DISCONNECTED, reason: (unspecified), extra: (none), roaming: false, failover: false, isAvailable: false
V/NetUpdate( 1801): iUpdateService.getProgressValue()--->5
D/GTalkService( 1287): lost connectivity, notify
D/BootReceiver( 1538): startOtOService
E/OtOService( 1538): onStart
I/FeiApplication( 1538): SystemPropertiesClass:class android.os.SystemProperties
W/FeiApplication( 1538): ~~~~~~~~~~~~~~~~~~~~~~method:public static java.lang.String android.os.SystemProperties.get(java.lang.String,java.lang.String)
W/FeiApplication( 1538): ~~~~~~~~~~~~~~~~~~~~~~returnvalue:SmartBox
I/BootCompletedReceiver( 1605): [onReceive] Action??android.net.conn.CONNECTIVITY_CHANGE
D/BootCompletedReceiver( 1605): [onReceive] renderer was configed as autoboot,start backservice
D/Multimedia_BackService( 1605): BackService onStart called
D/Multimedia_BackService( 1605): device Name:SmartBox
I/AirplayService( 1605): in setAirplayDevName
D/com.ts.gaya.coship.NetworkStateReceiver( 1267): Network connectivity change
W/com.ts.gaya.coship.NetworkStateReceiver( 1267):     at com.ts.gaya.coship.NetworkStateReceiver.onReceive(NetworkStateReceiver.java:18)
D/com.ts.gaya.coship.MainActivity( 1267): Skipped internet state changes, unchanged;
W/com.ts.gaya.coship.MainActivity( 1267):     at com.ts.gaya.coship.MainActivity.updateInternetState(MainActivity.java:128)
D/dalvikvm( 1538): GC_CONCURRENT freed 502K, 70% free 1939K/6275K, paused 2ms+11ms
D/DeviceAnnounce( 1538): resetSocket
D/ServerAdapter( 1538): resetDeviceAnnounce
D/dalvikvm( 1287): GC_CONCURRENT freed 356K, 71% free 1860K/6211K, paused 2ms+4ms
D/dalvikvm( 1538): GC_CONCURRENT freed 502K, 71% free 1822K/6275K, paused 2ms+104ms
D/MonitorCw880( 1510): currentRemoteHost is null ,continue
D/BootReceiver( 1538): startOtOService
E/OtOService( 1538): onStart
I/FeiApplication( 1538): SystemPropertiesClass:class android.os.SystemProperties
W/FeiApplication( 1538): ~~~~~~~~~~~~~~~~~~~~~~method:public static java.lang.String android.os.SystemProperties.get(java.lang.String,java.lang.String)
W/FeiApplication( 1538): ~~~~~~~~~~~~~~~~~~~~~~returnvalue:SmartBox
I/BootCompletedReceiver( 1605): [onReceive] Action??android.net.conn.CONNECTIVITY_CHANGE
D/BootCompletedReceiver( 1605): [onReceive] renderer was configed as autoboot,start backservice
D/Multimedia_BackService( 1605): BackService onStart called
D/Multimedia_BackService( 1605): device Name:SmartBox
I/AirplayService( 1605): in setAirplayDevName
D/com.ts.gaya.coship.NetworkStateReceiver( 1267): Network connectivity change
W/com.ts.gaya.coship.NetworkStateReceiver( 1267):     at com.ts.gaya.coship.NetworkStateReceiver.onReceive(NetworkStateReceiver.java:18)
D/com.ts.gaya.coship.MainActivity( 1267): Skipped internet state changes, unchanged;
W/com.ts.gaya.coship.MainActivity( 1267):     at com.ts.gaya.coship.MainActivity.updateInternetState(MainActivity.java:128)
D/dalvikvm( 1538): GC_CONCURRENT freed 389K, 70% free 1942K/6275K, paused 3ms+2ms
D/DeviceAnnounce( 1538): resetSocket
D/ServerAdapter( 1538): resetDeviceAnnounce
I/NetUpdate( 1801): --------------hide()------------------
V/TabletStatusBar( 1144): setLightsOn(true)
D/InputEventConsistencyVerifier( 1801): KeyEvent: ACTION_UP but key was not down.
D/InputEventConsistencyVerifier( 1801):   in Handler (android.view.ViewRootImpl) {433623d0}
D/InputEventConsistencyVerifier( 1801):   0: sent at 817182000000, KeyEvent { action=ACTION_UP, keyCode=KEYCODE_BACK, scanCode=0, metaState=0, flags=0x0, repeatCount=0, eventTime=817182, downTime=817182, deviceId=1, source=0x2002 }
D/InputEventConsistencyVerifier( 1801):   -- recent events --
D/InputEventConsistencyVerifier( 1801):   1: sent at 817182458000, MotionEvent { action=ACTION_HOVER_MOVE, id[0]=0, x[0]=524.13416, y[0]=388.5641, toolType[0]=TOOL_TYPE_MOUSE, buttonState=BUTTON_BACK, metaState=0, flags=0x0, edgeFlags=0x0, pointerCount=1, historySize=0, eventTime=817182, downTime=803406, deviceId=1, source=0x2002 }
D/InputEventConsistencyVerifier( 1801):   2: sent at 817086585000, MotionEvent { action=ACTION_HOVER_MOVE, id[0]=0, x[0]=524.13416, y[0]=388.5641, toolType[0]=TOOL_TYPE_MOUSE, buttonState=BUTTON_BACK, metaState=0, flags=0x0, edgeFlags=0x0, pointerCount=1, historySize=0, eventTime=817086, downTime=803406, deviceId=1, source=0x2002 }
D/InputEventConsistencyVerifier( 1801):   3: sent at 817086585000, MotionEvent { action=ACTION_HOVER_ENTER, id[0]=0, x[0]=524.13416, y[0]=388.5641, toolType[0]=TOOL_TYPE_MOUSE, buttonState=BUTTON_BACK, metaState=0, flags=0x0, edgeFlags=0x0, pointerCount=1, historySize=0, eventTime=817086, downTime=803406, deviceId=1, source=0x2002 }
D/InputEventConsistencyVerifier( 1801):   4: sent at 798894476000, MotionEvent { action=ACTION_HOVER_EXIT, id[0]=0, x[0]=892.0122, y[0]=230.45801, toolType[0]=TOOL_TYPE_MOUSE, buttonState=0, metaState=0, flags=0x0, edgeFlags=0x0, pointerCount=1, historySize=0, eventTime=798894, downTime=798590, deviceId=1, source=0x2002 }
D/InputEventConsistencyVerifier( 1801):   5: sent at 798830471000, MotionEvent { action=ACTION_HOVER_MOVE, id[0]=0, x[0]=892.0122, y[0]=229.45801, toolType[0]=TOOL_TYPE_MOUSE, buttonState=0, metaState=0, flags=0x0, edgeFlags=0x0, pointerCount=1, historySize=0, eventTime=798830, downTime=798590, deviceId=1, source=0x2002 }
D/dalvikvm( 1801): GC_EXPLICIT freed 1514K, 19% free 31429K/38595K, paused 2ms+7ms
E/StrictMode( 1801): class com.coship.dvbsetting.systemsetting.SyssetAcivity; instances=2; limit=1
E/StrictMode( 1801): android.os.StrictMode$InstanceCountViolation: class com.coship.dvbsetting.systemsetting.SyssetAcivity; instances=2; limit=1
E/StrictMode( 1801):    at android.os.StrictMode.setClassInstanceLimit(StrictMode.java:1)
E/ActivityThread( 1801): Activity com.coship.dvbsetting.systemsetting.SyssetAcivity has leaked ServiceConnection com.coship.dvbsetting.systemsetting.childview.NetUpdate$2@431c2b38 that was originally bound here
E/ActivityThread( 1801): android.app.ServiceConnectionLeaked: Activity com.coship.dvbsetting.systemsetting.SyssetAcivity has leaked ServiceConnection com.coship.dvbsetting.systemsetting.childview.NetUpdate$2@431c2b38 that was originally bound here
E/ActivityThread( 1801):        at android.app.LoadedApk$ServiceDispatcher.<init>(LoadedApk.java:936)
E/ActivityThread( 1801):        at android.app.LoadedApk.getServiceDispatcher(LoadedApk.java:830)
E/ActivityThread( 1801):        at android.app.ContextImpl.bindService(ContextImpl.java:1142)
E/ActivityThread( 1801):        at android.content.ContextWrapper.bindService(ContextWrapper.java:370)
E/ActivityThread( 1801):        at com.coship.dvbsetting.systemsetting.childview.NetUpdate.remoteAIDL(NetUpdate.java:345)
E/ActivityThread( 1801):        at com.coship.dvbsetting.systemsetting.childview.NetUpdate.show(NetUpdate.java:504)
E/ActivityThread( 1801):        at com.coship.dvbsetting.ExpanItem.clickandselect(ExpanItem.java:199)
E/ActivityThread( 1801):        at com.coship.dvbsetting.ExpanItem.access$000(ExpanItem.java:33)
E/ActivityThread( 1801):        at com.coship.dvbsetting.ExpanItem$1.onChildClick(ExpanItem.java:101)
E/ActivityThread( 1801):        at android.widget.ExpandableListView.handleItemClick(ExpandableListView.java:582)
E/ActivityThread( 1801):        at android.widget.ExpandableListView.performItemClick(ExpandableListView.java:521)
E/ActivityThread( 1801):        at android.widget.AbsListView$PerformClick.run(AbsListView.java:2514)
E/ActivityThread( 1801):        at android.widget.AbsListView$1.run(AbsListView.java:3168)
E/ActivityThread( 1801):        at android.os.Handler.handleCallback(Handler.java:605)
E/ActivityThread( 1801):        at android.os.Handler.dispatchMessage(Handler.java:92)
E/ActivityThread( 1801):        at android.os.Looper.loop(Looper.java:137)
E/ActivityThread( 1801):        at android.app.ActivityThread.main(ActivityThread.java:4424)
E/ActivityThread( 1801):        at java.lang.reflect.Method.invokeNative(Native Method)
E/ActivityThread( 1801):        at java.lang.reflect.Method.invoke(Method.java:511)
E/ActivityThread( 1801):        at com.android.internal.os.ZygoteInit$MethodAndArgsCaller.run(ZygoteInit.java:848)
E/ActivityThread( 1801):        at com.android.internal.os.ZygoteInit.main(ZygoteInit.java:575)
E/ActivityThread( 1801):        at dalvik.system.NativeStart.main(Native Method)
W/ActivityManager(  979): Unbind failed: could not find connection for android.os.BinderProxy@41680130
V/NetUpdate( 1801): iUpdateService.getProgressValue()--->5
D/StpService( 1714): handleMessage NetworkType is 1
[  818.106379] init: untracked pid 2253 exited
[  818.111593] init: untracked pid 2254 exited
[  818.116327] init: untracked pid 2255 exited
[  818.120770] init: untracked pid 2256 exited
I/ActivityManager(  979): START {cmp=com.coship.dvbsetting/.netsetting.netSet} from pid 1801
I/EthernetManager( 1801): Init Ethernet Manager, service: android.net.ethernet.IEthernetManager$Stub$Proxy@433674a0
I/WifiP2PsetDialog( 1801): SystemPropertiesClass:class android.net.wifi.p2p.WifiP2pManager
W/WifiP2PsetDialog( 1801): ~~~~~~~~~~~~~~~~~~~~~~method:public java.lang.String android.net.wifi.p2p.WifiP2pManager.getWifip2pConfig(int)
W/WifiP2PsetDialog( 1801): ~~~~~~~~~~~~~~~~~~~~~~returnvalue:SmartBox
I/netset  ( 1801): product model ro.product.model = S1001
I/HighSet_CableNetwork( 1801): mEthernetManager:android.net.ethernet.EthernetManager@4154ab60
I/PppoeManager( 1801): create PppoeManager
D/dalvikvm(  979): GC_CONCURRENT freed 762K, 63% free 3690K/9923K, paused 4ms+6ms
I/StateSet( 1801): -------you xian-----tv_Ip=0.0.0.0
I/StateSet( 1801): -----unConnect--------
D/WifiDirectSetting( 1801): --------------WIFI_P2P_THIS_DEVICE_CHANGED_ACTION
D/WifiDirectSetting( 1801): ------------mThisDevice.String()Device: SmartBox
D/WifiDirectSetting( 1801):  deviceAddress: 
D/WifiDirectSetting( 1801):  primary type: 10-0050F204-5
D/WifiDirectSetting( 1801):  secondary type: null
D/WifiDirectSetting( 1801):  wps: 0
D/WifiDirectSetting( 1801):  grpcapab: 0
D/WifiDirectSetting( 1801):  devcapab: 0
D/WifiDirectSetting( 1801):  status: 4
D/WifiDirectSetting( 1801):  wfdInfo: null
V/TabletStatusBar( 1144): setLightsOn(true)
I/ActivityManager(  979): Displayed com.coship.dvbsetting/.netsetting.netSet: +454ms
D/StpService( 1714): handleMessage NetworkType is 1
[  820.337778] init: untracked pid 2403 exited
[  820.342337] init: untracked pid 2404 exited
[  820.347474] init: untracked pid 2405 exited
[  820.351900] init: untracked pid 2406 exited
D/MonitorCw880( 1510): currentRemoteHost is null ,continue
I/HighSet_WirlessNetwork( 1801): ------------BroadcastReceiverRegistered---------
V/HighSet_WirlessNetwork( 1801): !!!!!<BroadcastReceiver>====wifi closed==
D/HomePlayerLib( 1605): hostaddress count is 0
D/WifiHW  (  979): is_wifi_device_exist
E/WifiHW  (  979): get_wifi_device_num is 1
D/WifiP2pService(  979): P2pDisabledState{ what=131203 when=-1ms }
E/WifiHW  (  979): get_wifi_device_num is 1
D/WifiHW  (  979): wifi_driver has loaded!
E/WifiHW  (  739): wifi_change_fw_path: STA
D/SoftapController(  739): Softap fwReload - Ok
D/NetworkManagementService(  979): rsp <213 a4:a8:20:13:03:6e 0.0.0.0 0 [down broadcast multicast]>
D/CommandListener(  739): Setting iface cfg
D/CommandListener(  739): Trying to bring down wlan0
D/CommandListener(  739): broadcast flag ignored
D/CommandListener(  739): multicast flag ignored
E/CommandListener(  739): Failed to open /proc/sys/net/ipv6/conf/wlan0/use_tempaddr: No such file or directory
D/NetworkManagementService(  979): flags <[down broadcast multicast]>
E/WifiStateMachine(  979): Unable to change interface settings: java.lang.IllegalStateException: Unable to communicate with native daemon to set ipv6privacyextensions - com.android.server.NativeDaemonConnectorException: Cmd {interface ipv6privacyextensions wlan0 enable} failed with code 400 : {Failed to set ipv6 privacy extensions (No such file or directory)}
D/WifiHW  (  979): config_file = /data/misc/wifi/wpa_supplicant.conf
D/WifiHW  (  979): ctl.start daemon_cmd = mrl_supplicant:-iwlan0 -c/data/misc/wifi/wpa_supplicant.conf
V/HighSet_WirlessNetwork( 1801): !!!!!!!!!<init>  wifi is colose !!!!!!! open wifi
W/GpsLocationProvider(  979): Failed to enable location provider
I/wpa_supplicant( 2423): rfkill: Cannot open RFKILL control device
V/EthernetMonitor(  979): get event 
V/EthernetMonitor(  979): go poll events
V/HighSet_WirlessNetwork( 1801): !!!!!<BroadcastReceiver>====wifi opened==
I/HighSet_WirlessNetwork( 1801): -----------------------wifi????-------------------
D/MonitorCw880( 1510): currentRemoteHost is null ,continue
D/dalvikvm( 1605): GC_CONCURRENT freed 676K, 66% free 2526K/7235K, paused 2ms+2ms
I/wpa_supplicant( 2423): wlan0: Trying to associate with c8:3a:35:34:4e:b8 (SSID='smarttv_2.4' freq=2462 MHz)
V/EthernetMonitor(  979): get event 
V/EthernetMonitor(  979): go poll events
V/EthernetMonitor(  979): get event 
V/EthernetMonitor(  979): go poll events
V/EthernetMonitor(  979): get event 
V/EthernetMonitor(  979): go poll events
V/EthernetMonitor(  979): get event 
V/EthernetMonitor(  979): go poll events
V/EthernetMonitor(  979): get event 
V/EthernetMonitor(  979): go poll events
V/EthernetMonitor(  979): get event 
V/EthernetMonitor(  979): go poll events
I/wpa_supplicant( 2423): wlan0: Associated with c8:3a:35:34:4e:b8
I/HighSet_WirlessNetwork( 1801): -------------------------SSID= smarttv_2.4 ----------Adress= c8:3a:35:34:4e:b8
I/HighSet_WirlessNetwork( 1801): -------------------------SSID= Momokan ----------Adress= 20:c9:d0:23:07:7c
I/HighSet_WirlessNetwork( 1801): -------------------------SSID= smarttv_2.4 ----------Adress= c8:3a:35:34:4e:b8
I/HighSet_WirlessNetwork( 1801): -------------------------SSID= Momokan ----------Adress= 20:c9:d0:23:07:7c
I/HighSet_WirlessNetwork( 1801): -------------------------SSID= smarttv_2.4 ----------Adress= c8:3a:35:34:4e:b8
I/HighSet_WirlessNetwork( 1801): -------------------------SSID= Momokan ----------Adress= 20:c9:d0:23:07:7c
I/wpa_supplicant( 2423): wlan0: WPA: Key negotiation completed with c8:3a:35:34:4e:b8 [PTK=CCMP GTK=CCMP]
I/wpa_supplicant( 2423): wlan0: CTRL-EVENT-CONNECTED - Connection to c8:3a:35:34:4e:b8 completed (auth) [id=0 id_str=]
V/EthernetMonitor(  979): get event 
V/EthernetMonitor(  979): go poll events
V/EthernetMonitor(  979): get event 
V/EthernetMonitor(  979): go poll events
I/TabletStatusBar( 1144): receiver broadcast
I/System.out( 1331): GolableWifiChangeReceiver:::::
