D/StrictMode( 1245):    at libcore.io.BlockGuardOs.fsync(BlockGuardOs.java:96)
D/StrictMode( 1245):    at java.io.FileDescriptor.sync(FileDescriptor.java:71)
D/StrictMode( 1245):    at android.os.FileUtils.sync(FileUtils.java:111)
D/StrictMode( 1245):    at android.app.SharedPreferencesImpl.writeToFile(SharedPreferencesImpl.java:577)
D/StrictMode( 1245):    at android.app.SharedPreferencesImpl.access$800(SharedPreferencesImpl.java:48)
D/StrictMode( 1245):    at android.app.SharedPreferencesImpl$2.run(SharedPreferencesImpl.java:491)
D/StrictMode( 1245):    at android.app.SharedPreferencesImpl.enqueueDiskWrite(SharedPreferencesImpl.java:512)
D/StrictMode( 1245):    at android.app.SharedPreferencesImpl.access$100(SharedPreferencesImpl.java:48)
D/StrictMode( 1245):    at android.app.SharedPreferencesImpl$EditorImpl.commit(SharedPreferencesImpl.java:434)
D/StrictMode( 1245):    at com.coship.netfirmware.UpgradeConfig.setLastProcessStatusSpeed(UpgradeConfig.java:341)
D/StrictMode( 1245):    at com.coship.netfirmware.NetFirmwareService.downloadUpdatePackageFile(NetFirmwareService.java:1987)
D/StrictMode( 1245):    at com.coship.netfirmware.NetFirmwareService.access$1900(NetFirmwareService.java:69)
D/StrictMode( 1245):    at com.coship.netfirmware.NetFirmwareService$3.handleMessage(NetFirmwareService.java:666)
D/StrictMode( 1245):    at android.os.Handler.dispatchMessage(Handler.java:99)
D/StrictMode( 1245):    at android.os.Looper.loop(Looper.java:137)
D/StrictMode( 1245):    at android.app.ActivityThread.main(ActivityThread.java:4424)
D/StrictMode( 1245):    at java.lang.reflect.Method.invokeNative(Native Method)
D/StrictMode( 1245):    at java.lang.reflect.Method.invoke(Method.java:511)
D/StrictMode( 1245):    at com.android.internal.os.ZygoteInit$MethodAndArgsCaller.run(ZygoteInit.java:848)
D/StrictMode( 1245):    at com.android.internal.os.ZygoteInit.main(ZygoteInit.java:575)
D/StrictMode( 1245):    at dalvik.system.NativeStart.main(Native Method)
D/StrictMode( 1245): StrictMode policy violation; ~duration=485 ms: android.os.StrictMode$StrictModeDiskReadViolation: policy=23 violation=2
D/StrictMode( 1245):    at android.os.StrictMode$AndroidBlockGuardPolicy.onReadFromDisk(StrictMode.java:1089)
D/StrictMode( 1245):    at android.os.StrictMode.noteDiskRead(StrictMode.java:1832)
D/StrictMode( 1245):    at android.os.FileUtils.getFileStatus(FileUtils.java:82)
D/StrictMode( 1245):    at android.app.SharedPreferencesImpl.writeToFile(SharedPreferencesImpl.java:581)
D/StrictMode( 1245):    at android.app.SharedPreferencesImpl.access$800(SharedPreferencesImpl.java:48)
D/StrictMode( 1245):    at android.app.SharedPreferencesImpl$2.run(SharedPreferencesImpl.java:491)
D/StrictMode( 1245):    at android.app.SharedPreferencesImpl.enqueueDiskWrite(SharedPreferencesImpl.java:512)
D/StrictMode( 1245):    at android.app.SharedPreferencesImpl.access$100(SharedPreferencesImpl.java:48)
D/StrictMode( 1245):    at android.app.SharedPreferencesImpl$EditorImpl.commit(SharedPreferencesImpl.java:434)
D/StrictMode( 1245):    at com.coship.netfirmware.UpgradeConfig.setLastProcessStatusSpeed(UpgradeConfig.java:341)
D/StrictMode( 1245):    at com.coship.netfirmware.NetFirmwareService.downloadUpdatePackageFile(NetFirmwareService.java:1987)
D/StrictMode( 1245):    at com.coship.netfirmware.NetFirmwareService.access$1900(NetFirmwareService.java:69)
D/StrictMode( 1245):    at com.coship.netfirmware.NetFirmwareService$3.handleMessage(NetFirmwareService.java:666)
D/StrictMode( 1245):    at android.os.Handler.dispatchMessage(Handler.java:99)
D/StrictMode( 1245):    at android.os.Looper.loop(Looper.java:137)
D/StrictMode( 1245):    at android.app.ActivityThread.main(ActivityThread.java:4424)
D/StrictMode( 1245):    at java.lang.reflect.Method.invokeNative(Native Method)
D/StrictMode( 1245):    at java.lang.reflect.Method.invoke(Method.java:511)
D/StrictMode( 1245):    at com.android.internal.os.ZygoteInit$MethodAndArgsCaller.run(ZygoteInit.java:848)
D/StrictMode( 1245):    at com.android.internal.os.ZygoteInit.main(ZygoteInit.java:575)
D/StrictMode( 1245):    at dalvik.system.NativeStart.main(Native Method)
D/StrictMode( 1245): StrictMode policy violation; ~duration=481 ms: android.os.StrictMode$StrictModeDiskReadViolation: policy=23 violation=2
D/StrictMode( 1245):    at android.os.StrictMode$AndroidBlockGuardPolicy.onReadFromDisk(StrictMode.java:1089)
D/StrictMode( 1245):    at libcore.io.BlockGuardOs.open(BlockGuardOs.java:106)
D/StrictMode( 1245):    at libcore.io.IoBridge.open(IoBridge.java:390)
D/StrictMode( 1245):    at java.io.FileOutputStream.<init>(FileOutputStream.java:88)
D/StrictMode( 1245):    at java.io.FileOutputStream.<init>(FileOutputStream.java:73)
D/StrictMode( 1245):    at android.app.SharedPreferencesImpl.createFileOutputStream(SharedPreferencesImpl.java:523)
D/StrictMode( 1245):    at android.app.SharedPreferencesImpl.writeToFile(SharedPreferencesImpl.java:571)
D/StrictMode( 1245):    at android.app.SharedPreferencesImpl.access$800(SharedPreferencesImpl.java:48)
D/StrictMode( 1245):    at android.app.SharedPreferencesImpl$2.run(SharedPreferencesImpl.java:491)
D/StrictMode( 1245):    at android.app.SharedPreferencesImpl.enqueueDiskWrite(SharedPreferencesImpl.java:512)
D/StrictMode( 1245):    at android.app.SharedPreferencesImpl.access$100(SharedPreferencesImpl.java:48)
D/StrictMode( 1245):    at android.app.SharedPreferencesImpl$EditorImpl.commit(SharedPreferencesImpl.java:434)
D/StrictMode( 1245):    at com.coship.netfirmware.UpgradeConfig.setLastProcessStatusName(UpgradeConfig.java:304)
D/StrictMode( 1245):    at com.coship.netfirmware.NetFirmwareService$LastUpgradeProcessStatus.setLastUpgradeProcessName(NetFirmwareService.java:2612)
D/StrictMode( 1245):    at com.coship.netfirmware.NetFirmwareService.downloadUpdatePackageFile(NetFirmwareService.java:1990)
D/StrictMode( 1245):    at com.coship.netfirmware.NetFirmwareService.access$1900(NetFirmwareService.java:69)
D/StrictMode( 1245):    at com.coship.netfirmware.NetFirmwareService$3.handleMessage(NetFirmwareService.java:666)
D/StrictMode( 1245):    at android.os.Handler.dispatchMessage(Handler.java:99)
D/StrictMode( 1245):    at android.os.Looper.loop(Looper.java:137)
D/StrictMode( 1245):    at android.app.ActivityThread.main(ActivityThread.java:4424)
D/StrictMode( 1245):    at java.lang.reflect.Method.invokeNative(Native Method)
D/StrictMode( 1245):    at java.lang.reflect.Method.invoke(Method.java:511)
D/StrictMode( 1245):    at com.android.internal.os.ZygoteInit$MethodAndArgsCaller.run(ZygoteInit.java:848)
D/StrictMode( 1245):    at com.android.internal.os.ZygoteInit.main(ZygoteInit.java:575)
D/StrictMode( 1245):    at dalvik.system.NativeStart.main(Native Method)
D/NetFirmwareService( 1245): MSG_UPDATE_PACKAGE_STATUS_CHANGE
D/NetFirmwareService( 1245): MSG_UPDATE_PACKAGE_STATUS_CHANGE
V/NetFirmwareService( 1245): percentValue--->0
D/NetFirmwareService( 1245): DownloadConstants.TASK_STATUS_RUNNING
D/NetFirmwareService( 1245): MSG_UPDATE_PACKAGE_STATUS_CHANGE
V/NetFirmwareService( 1245): percentValue--->0
D/NetFirmwareService( 1245): Send broadcast of download progress.
D/NetFirmwareService( 1245): DownloadConstants.TASK_STATUS_RUNNING
D/NetFirmwareService( 1245): MSG_UPDATE_PACKAGE_STATUS_CHANGE
V/NetFirmwareService( 1245): percentValue--->0
D/NetFirmwareService( 1245): Send broadcast of download progress.
D/dalvikvm( 1245): GC_FOR_ALLOC freed 487K, 55% free 5162K/11267K, paused 25ms
D/NetFirmwareService( 1245): DownloadConstants.TASK_STATUS_RUNNING
D/NetFirmwareService( 1245): MSG_UPDATE_PACKAGE_STATUS_CHANGE
V/NetFirmwareService( 1245): percentValue--->0
D/NetFirmwareService( 1245): Send broadcast of download progress.
V/NetUpdate( 1801): iUpdateService.getProgressValue()--->0
D/NetFirmwareService( 1245): DownloadConstants.TASK_STATUS_RUNNING
D/NetFirmwareService( 1245): MSG_UPDATE_PACKAGE_STATUS_CHANGE
V/NetFirmwareService( 1245): percentValue--->0
D/NetFirmwareService( 1245): Send broadcast of download progress.
D/NetFirmwareService( 1245): DownloadConstants.TASK_STATUS_RUNNING
D/NetFirmwareService( 1245): MSG_UPDATE_PACKAGE_STATUS_CHANGE
V/NetFirmwareService( 1245): percentValue--->0
D/NetFirmwareService( 1245): Send broadcast of download progress.
D/NetFirmwareService( 1245): DownloadConstants.TASK_STATUS_RUNNING
D/NetFirmwareService( 1245): MSG_UPDATE_PACKAGE_STATUS_CHANGE
V/NetFirmwareService( 1245): percentValue--->0
D/NetFirmwareService( 1245): Send broadcast of download progress.
D/NetFirmwareService( 1245): DownloadConstants.TASK_STATUS_RUNNING
D/NetFirmwareService( 1245): MSG_UPDATE_PACKAGE_STATUS_CHANGE
V/NetFirmwareService( 1245): percentValue--->0
D/NetFirmwareService( 1245): Send broadcast of download progress.
V/NetUpdate( 1801): iUpdateService.getProgressValue()--->0
D/NetFirmwareService( 1245): DownloadConstants.TASK_STATUS_RUNNING
D/NetFirmwareService( 1245): MSG_UPDATE_PACKAGE_STATUS_CHANGE
V/NetFirmwareService( 1245): percentValue--->0
D/NetFirmwareService( 1245): Send broadcast of download progress.
D/NetFirmwareService( 1245): DownloadConstants.TASK_STATUS_RUNNING
D/NetFirmwareService( 1245): MSG_UPDATE_PACKAGE_STATUS_CHANGE
V/NetFirmwareService( 1245): percentValue--->0
D/NetFirmwareService( 1245): Send broadcast of download progress.
D/MonitorCw880( 1510): currentRemoteHost is null ,continue
D/dalvikvm( 1245): GC_CONCURRENT freed 964K, 50% free 5661K/11267K, paused 1ms+2ms
D/NetFirmwareService( 1245): DownloadConstants.TASK_STATUS_RUNNING
D/NetFirmwareService( 1245): MSG_UPDATE_PACKAGE_STATUS_CHANGE
V/NetFirmwareService( 1245): percentValue--->1
D/NetFirmwareService( 1245): Send broadcast of download progress.
D/NetFirmwareService( 1245): DownloadConstants.TASK_STATUS_RUNNING
D/NetFirmwareService( 1245): MSG_UPDATE_PACKAGE_STATUS_CHANGE
V/NetFirmwareService( 1245): percentValue--->1
D/NetFirmwareService( 1245): Send broadcast of download progress.
V/NetUpdate( 1801): iUpdateService.getProgressValue()--->1
D/NetFirmwareService( 1245): DownloadConstants.TASK_STATUS_RUNNING
D/NetFirmwareService( 1245): Send broadcast of download progress.
D/NetFirmwareService( 1245): MSG_UPDATE_PACKAGE_STATUS_CHANGE
V/NetFirmwareService( 1245): percentValue--->1
D/dalvikvm( 1605): GC_CONCURRENT freed 778K, 66% free 2528K/7235K, paused 2ms+3ms
D/HomePlayerLib( 1605): hostaddress count is 1
D/dalvikvm( 1801): GC_CONCURRENT freed 1909K, 19% free 31427K/38595K, paused 3ms+13ms
D/NetFirmwareService( 1245): DownloadConstants.TASK_STATUS_RUNNING
D/NetFirmwareService( 1245): MSG_UPDATE_PACKAGE_STATUS_CHANGE
V/NetFirmwareService( 1245): percentValue--->1
D/NetFirmwareService( 1245): Send broadcast of download progress.
D/NetFirmwareService( 1245): DownloadConstants.TASK_STATUS_RUNNING
D/NetFirmwareService( 1245): MSG_UPDATE_PACKAGE_STATUS_CHANGE
V/NetFirmwareService( 1245): percentValue--->1
D/NetFirmwareService( 1245): Send broadcast of download progress.
D/NetFirmwareService( 1245): DownloadConstants.TASK_STATUS_RUNNING
D/NetFirmwareService( 1245): MSG_UPDATE_PACKAGE_STATUS_CHANGE
V/NetFirmwareService( 1245): percentValue--->1
D/NetFirmwareService( 1245): Send broadcast of download progress.
D/dalvikvm( 1605): GC_CONCURRENT freed 590K, 64% free 2635K/7235K, paused 128ms+53ms
V/NetUpdate( 1801): iUpdateService.getProgressValue()--->1
D/NetFirmwareService( 1245): DownloadConstants.TASK_STATUS_RUNNING
D/NetFirmwareService( 1245): MSG_UPDATE_PACKAGE_STATUS_CHANGE
V/NetFirmwareService( 1245): percentValue--->1
D/NetFirmwareService( 1245): Send broadcast of download progress.
D/NetFirmwareService( 1245): DownloadConstants.TASK_STATUS_RUNNING
D/NetFirmwareService( 1245): MSG_UPDATE_PACKAGE_STATUS_CHANGE
V/NetFirmwareService( 1245): percentValue--->1
D/NetFirmwareService( 1245): Send broadcast of download progress.
D/CheckNetWork( 1586): isOk true
D/CheckNetWork( 1586): ActInfoNetworkInfo: type: WIFI[], state: CONNECTED/CONNECTED, reason: (unspecified), extra: (none), roaming: false, failover: false, isAvailable: true
D/CheckNetWork( 1586): infoNetworkInfo: type: WIFI[], state: CONNECTED/CONNECTED, reason: (unspecified), extra: (none), roaming: false, failover: false, isAvailable: true
D/NetFirmwareService( 1245): DownloadConstants.TASK_STATUS_RUNNING
D/NetFirmwareService( 1245): MSG_UPDATE_PACKAGE_STATUS_CHANGE
V/NetFirmwareService( 1245): percentValue--->1
D/NetFirmwareService( 1245): Send broadcast of download progress.
D/NetFirmwareService( 1245): DownloadConstants.TASK_STATUS_RUNNING
D/NetFirmwareService( 1245): MSG_UPDATE_PACKAGE_STATUS_CHANGE
V/NetFirmwareService( 1245): percentValue--->1
D/NetFirmwareService( 1245): Send broadcast of download progress.
V/NetUpdate( 1801): iUpdateService.getProgressValue()--->1
D/MonitorCw880( 1510): currentRemoteHost is null ,continue
D/NetFirmwareService( 1245): DownloadConstants.TASK_STATUS_RUNNING
D/NetFirmwareService( 1245): MSG_UPDATE_PACKAGE_STATUS_CHANGE
V/NetFirmwareService( 1245): percentValue--->1
D/NetFirmwareService( 1245): Send broadcast of download progress.
D/dalvikvm( 1605): GC_CONCURRENT freed 732K, 65% free 2591K/7235K, paused 40ms+43ms
D/NetFirmwareService( 1245): DownloadConstants.TASK_STATUS_RUNNING
D/NetFirmwareService( 1245): MSG_UPDATE_PACKAGE_STATUS_CHANGE
V/NetFirmwareService( 1245): percentValue--->1
D/NetFirmwareService( 1245): Send broadcast of download progress.
D/NetFirmwareService( 1245): DownloadConstants.TASK_STATUS_RUNNING
D/NetFirmwareService( 1245): MSG_UPDATE_PACKAGE_STATUS_CHANGE
V/NetFirmwareService( 1245): percentValue--->1
D/NetFirmwareService( 1245): Send broadcast of download progress.
D/NetFirmwareService( 1245): DownloadConstants.TASK_STATUS_RUNNING
D/NetFirmwareService( 1245): MSG_UPDATE_PACKAGE_STATUS_CHANGE
V/NetFirmwareService( 1245): percentValue--->1
D/NetFirmwareService( 1245): Send broadcast of download progress.
V/NetUpdate( 1801): iUpdateService.getProgressValue()--->1
D/dalvikvm( 1605): GC_CONCURRENT freed 680K, 64% free 2661K/7235K, paused 40ms+3ms
D/NetFirmwareService( 1245): DownloadConstants.TASK_STATUS_RUNNING
D/NetFirmwareService( 1245): MSG_UPDATE_PACKAGE_STATUS_CHANGE
V/NetFirmwareService( 1245): percentValue--->1
D/NetFirmwareService( 1245): Send broadcast of download progress.
D/NetFirmwareService( 1245): DownloadConstants.TASK_STATUS_RUNNING
D/NetFirmwareService( 1245): MSG_UPDATE_PACKAGE_STATUS_CHANGE
V/NetFirmwareService( 1245): percentValue--->2
D/NetFirmwareService( 1245): Send broadcast of download progress.
D/dalvikvm( 1605): GC_CONCURRENT freed 760K, 64% free 2654K/7235K, paused 113ms+25ms
D/NetFirmwareService( 1245): DownloadConstants.TASK_STATUS_RUNNING
D/NetFirmwareService( 1245): Send broadcast of download progress.
D/NetFirmwareService( 1245): MSG_UPDATE_PACKAGE_STATUS_CHANGE
V/NetFirmwareService( 1245): percentValue--->2
D/NetFirmwareService( 1245): DownloadConstants.TASK_STATUS_RUNNING
D/NetFirmwareService( 1245): MSG_UPDATE_PACKAGE_STATUS_CHANGE
V/NetFirmwareService( 1245): percentValue--->2
D/NetFirmwareService( 1245): Send broadcast of download progress.
V/NetUpdate( 1801): iUpdateService.getProgressValue()--->2
D/dalvikvm( 1605): GC_CONCURRENT freed 748K, 63% free 2684K/7235K, paused 79ms+22ms
D/NetFirmwareService( 1245): DownloadConstants.TASK_STATUS_RUNNING
D/NetFirmwareService( 1245): MSG_UPDATE_PACKAGE_STATUS_CHANGE
V/NetFirmwareService( 1245): percentValue--->2
D/NetFirmwareService( 1245): Send broadcast of download progress.
D/NetFirmwareService( 1245): DownloadConstants.TASK_STATUS_RUNNING
D/NetFirmwareService( 1245): MSG_UPDATE_PACKAGE_STATUS_CHANGE
V/NetFirmwareService( 1245): percentValue--->2
D/NetFirmwareService( 1245): Send broadcast of download progress.
D/MonitorCw880( 1510): currentRemoteHost is null ,continue
D/dalvikvm( 1801): GC_CONCURRENT freed 1796K, 19% free 31572K/38595K, paused 3ms+11ms
D/NetFirmwareService( 1245): DownloadConstants.TASK_STATUS_RUNNING
D/NetFirmwareService( 1245): MSG_UPDATE_PACKAGE_STATUS_CHANGE
V/NetFirmwareService( 1245): percentValue--->2
D/NetFirmwareService( 1245): Send broadcast of download progress.
D/NetFirmwareService( 1245): DownloadConstants.TASK_STATUS_RUNNING
D/NetFirmwareService( 1245): MSG_UPDATE_PACKAGE_STATUS_CHANGE
V/NetFirmwareService( 1245): percentValue--->2
D/NetFirmwareService( 1245): Send broadcast of download progress.
V/NetUpdate( 1801): iUpdateService.getProgressValue()--->2
D/NetFirmwareService( 1245): DownloadConstants.TASK_STATUS_RUNNING
D/NetFirmwareService( 1245): MSG_UPDATE_PACKAGE_STATUS_CHANGE
V/NetFirmwareService( 1245): percentValue--->2
D/NetFirmwareService( 1245): Send broadcast of download progress.
D/NetFirmwareService( 1245): DownloadConstants.TASK_STATUS_RUNNING
D/NetFirmwareService( 1245): MSG_UPDATE_PACKAGE_STATUS_CHANGE
V/NetFirmwareService( 1245): percentValue--->2
D/NetFirmwareService( 1245): Send broadcast of download progress.
D/NetFirmwareService( 1245): DownloadConstants.TASK_STATUS_RUNNING
D/NetFirmwareService( 1245): MSG_UPDATE_PACKAGE_STATUS_CHANGE
V/NetFirmwareService( 1245): percentValue--->2
D/NetFirmwareService( 1245): Send broadcast of download progress.
D/dalvikvm( 1245): GC_CONCURRENT freed 1629K, 50% free 5662K/11267K, paused 2ms+3ms
D/NetFirmwareService( 1245): DownloadConstants.TASK_STATUS_RUNNING
D/NetFirmwareService( 1245): MSG_UPDATE_PACKAGE_STATUS_CHANGE
V/NetFirmwareService( 1245): percentValue--->2
D/NetFirmwareService( 1245): Send broadcast of download progress.
V/NetUpdate( 1801): iUpdateService.getProgressValue()--->2
D/NetFirmwareService( 1245): DownloadConstants.TASK_STATUS_RUNNING
D/NetFirmwareService( 1245): MSG_UPDATE_PACKAGE_STATUS_CHANGE
V/NetFirmwareService( 1245): percentValue--->2
D/NetFirmwareService( 1245): Send broadcast of download progress.
D/NetFirmwareService( 1245): DownloadConstants.TASK_STATUS_RUNNING
D/NetFirmwareService( 1245): MSG_UPDATE_PACKAGE_STATUS_CHANGE
V/NetFirmwareService( 1245): percentValue--->2
D/NetFirmwareService( 1245): Send broadcast of download progress.
D/NetFirmwareService( 1245): DownloadConstants.TASK_STATUS_RUNNING
D/NetFirmwareService( 1245): MSG_UPDATE_PACKAGE_STATUS_CHANGE
V/NetFirmwareService( 1245): percentValue--->2
D/NetFirmwareService( 1245): Send broadcast of download progress.
D/NetFirmwareService( 1245): DownloadConstants.TASK_STATUS_RUNNING
D/NetFirmwareService( 1245): MSG_UPDATE_PACKAGE_STATUS_CHANGE
V/NetFirmwareService( 1245): percentValue--->2
D/NetFirmwareService( 1245): Send broadcast of download progress.
V/NetUpdate( 1801): iUpdateService.getProgressValue()--->2
D/MonitorCw880( 1510): currentRemoteHost is null ,continue
D/NetFirmwareService( 1245): DownloadConstants.TASK_STATUS_RUNNING
D/NetFirmwareService( 1245): MSG_UPDATE_PACKAGE_STATUS_CHANGE
V/NetFirmwareService( 1245): percentValue--->2
D/NetFirmwareService( 1245): Send broadcast of download progress.
D/dalvikvm( 1605): GC_CONCURRENT freed 846K, 66% free 2526K/7235K, paused 46ms+123ms
D/NetFirmwareService( 1245): DownloadConstants.TASK_STATUS_RUNNING
D/NetFirmwareService( 1245): MSG_UPDATE_PACKAGE_STATUS_CHANGE
V/NetFirmwareService( 1245): percentValue--->2
D/NetFirmwareService( 1245): Send broadcast of download progress.
D/NetFirmwareService( 1245): DownloadConstants.TASK_STATUS_RUNNING
D/NetFirmwareService( 1245): MSG_UPDATE_PACKAGE_STATUS_CHANGE
V/NetFirmwareService( 1245): percentValue--->2
D/NetFirmwareService( 1245): Send broadcast of download progress.
D/NetFirmwareService( 1245): DownloadConstants.TASK_STATUS_RUNNING
D/NetFirmwareService( 1245): MSG_UPDATE_PACKAGE_STATUS_CHANGE
V/NetFirmwareService( 1245): percentValue--->2
D/NetFirmwareService( 1245): Send broadcast of download progress.
V/NetUpdate( 1801): iUpdateService.getProgressValue()--->2
D/dalvikvm( 1801): GC_CONCURRENT freed 1970K, 19% free 31546K/38595K, paused 3ms+10ms
D/NetFirmwareService( 1245): DownloadConstants.TASK_STATUS_RUNNING
D/NetFirmwareService( 1245): MSG_UPDATE_PACKAGE_STATUS_CHANGE
V/NetFirmwareService( 1245): percentValue--->2
D/NetFirmwareService( 1245): Send broadcast of download progress.
D/NetFirmwareService( 1245): DownloadConstants.TASK_STATUS_RUNNING
D/NetFirmwareService( 1245): MSG_UPDATE_PACKAGE_STATUS_CHANGE
V/NetFirmwareService( 1245): percentValue--->2
D/NetFirmwareService( 1245): Send broadcast of download progress.
D/NetFirmwareService( 1245): DownloadConstants.TASK_STATUS_RUNNING
D/NetFirmwareService( 1245): MSG_UPDATE_PACKAGE_STATUS_CHANGE
V/NetFirmwareService( 1245): percentValue--->2
D/NetFirmwareService( 1245): Send broadcast of download progress.
D/HomePlayerLib( 1605): hostaddress count is 1
D/NetFirmwareService( 1245): DownloadConstants.TASK_STATUS_RUNNING
D/NetFirmwareService( 1245): MSG_UPDATE_PACKAGE_STATUS_CHANGE
V/NetFirmwareService( 1245): percentValue--->2
D/NetFirmwareService( 1245): Send broadcast of download progress.
V/NetUpdate( 1801): iUpdateService.getProgressValue()--->2
D/dalvikvm( 1605): GC_CONCURRENT freed 569K, 64% free 2619K/7235K, paused 4ms+5ms
D/NetFirmwareService( 1245): DownloadConstants.TASK_STATUS_RUNNING
D/NetFirmwareService( 1245): MSG_UPDATE_PACKAGE_STATUS_CHANGE
V/NetFirmwareService( 1245): percentValue--->2
D/NetFirmwareService( 1245): Send broadcast of download progress.
D/dalvikvm( 1605): GC_CONCURRENT freed 768K, 65% free 2583K/7235K, paused 2ms+6ms
D/NetFirmwareService( 1245): DownloadConstants.TASK_STATUS_RUNNING
D/NetFirmwareService( 1245): MSG_UPDATE_PACKAGE_STATUS_CHANGE
V/NetFirmwareService( 1245): percentValue--->2
D/NetFirmwareService( 1245): Send broadcast of download progress.
D/MonitorCw880( 1510): currentRemoteHost is null ,continue
D/dalvikvm( 1605): GC_CONCURRENT freed 661K, 64% free 2618K/7235K, paused 2ms+44ms
D/NetFirmwareService( 1245): DownloadConstants.TASK_STATUS_RUNNING
D/NetFirmwareService( 1245): MSG_UPDATE_PACKAGE_STATUS_CHANGE
V/NetFirmwareService( 1245): percentValue--->2
D/NetFirmwareService( 1245): Send broadcast of download progress.
D/NetFirmwareService( 1245): DownloadConstants.TASK_STATUS_RUNNING
D/NetFirmwareService( 1245): MSG_UPDATE_PACKAGE_STATUS_CHANGE
V/NetFirmwareService( 1245): percentValue--->2
D/NetFirmwareService( 1245): Send broadcast of download progress.
D/dalvikvm( 1605): GC_CONCURRENT freed 690K, 64% free 2663K/7235K, paused 21ms+48ms
V/NetUpdate( 1801): iUpdateService.getProgressValue()--->2
D/NetFirmwareService( 1245): DownloadConstants.TASK_STATUS_RUNNING
D/NetFirmwareService( 1245): MSG_UPDATE_PACKAGE_STATUS_CHANGE
V/NetFirmwareService( 1245): percentValue--->2
D/NetFirmwareService( 1245): Send broadcast of download progress.
D/NetFirmwareService( 1245): DownloadConstants.TASK_STATUS_RUNNING
D/NetFirmwareService( 1245): MSG_UPDATE_PACKAGE_STATUS_CHANGE
V/NetFirmwareService( 1245): percentValue--->2
D/NetFirmwareService( 1245): Send broadcast of download progress.
D/dalvikvm( 1605): GC_CONCURRENT freed 760K, 65% free 2572K/7235K, paused 2ms+18ms
D/NetFirmwareService( 1245): DownloadConstants.TASK_STATUS_RUNNING
D/NetFirmwareService( 1245): MSG_UPDATE_PACKAGE_STATUS_CHANGE
V/NetFirmwareService( 1245): percentValue--->3
D/NetFirmwareService( 1245): Send broadcast of download progress.
D/NetFirmwareService( 1245): DownloadConstants.TASK_STATUS_RUNNING
D/NetFirmwareService( 1245): MSG_UPDATE_PACKAGE_STATUS_CHANGE
V/NetFirmwareService( 1245): percentValue--->3
D/NetFirmwareService( 1245): Send broadcast of download progress.
D/dalvikvm( 1605): GC_CONCURRENT freed 637K, 64% free 2611K/7235K, paused 2ms+3ms
V/NetUpdate( 1801): iUpdateService.getProgressValue()--->3
D/NetFirmwareService( 1245): DownloadConstants.TASK_STATUS_RUNNING
D/NetFirmwareService( 1245): MSG_UPDATE_PACKAGE_STATUS_CHANGE
V/NetFirmwareService( 1245): percentValue--->3
D/NetFirmwareService( 1245): Send broadcast of download progress.
D/NetFirmwareService( 1245): DownloadConstants.TASK_STATUS_RUNNING
D/NetFirmwareService( 1245): MSG_UPDATE_PACKAGE_STATUS_CHANGE
V/NetFirmwareService( 1245): percentValue--->3
D/NetFirmwareService( 1245): Send broadcast of download progress.
D/dalvikvm( 1801): GC_CONCURRENT freed 1949K, 19% free 31551K/38595K, paused 3ms+8ms
D/NetFirmwareService( 1245): DownloadConstants.TASK_STATUS_RUNNING
D/NetFirmwareService( 1245): MSG_UPDATE_PACKAGE_STATUS_CHANGE
V/NetFirmwareService( 1245): percentValue--->3
D/NetFirmwareService( 1245): Send broadcast of download progress.
D/dalvikvm( 1245): GC_CONCURRENT freed 1630K, 50% free 5660K/11267K, paused 2ms+3ms
D/NetFirmwareService( 1245): DownloadConstants.TASK_STATUS_RUNNING
D/NetFirmwareService( 1245): MSG_UPDATE_PACKAGE_STATUS_CHANGE
V/NetFirmwareService( 1245): percentValue--->3
D/NetFirmwareService( 1245): Send broadcast of download progress.
D/MonitorCw880( 1510): currentRemoteHost is null ,continue
V/NetUpdate( 1801): iUpdateService.getProgressValue()--->3
D/NetFirmwareService( 1245): DownloadConstants.TASK_STATUS_RUNNING
D/NetFirmwareService( 1245): MSG_UPDATE_PACKAGE_STATUS_CHANGE
V/NetFirmwareService( 1245): percentValue--->3
D/NetFirmwareService( 1245): Send broadcast of download progress.
D/NetFirmwareService( 1245): DownloadConstants.TASK_STATUS_RUNNING
D/NetFirmwareService( 1245): MSG_UPDATE_PACKAGE_STATUS_CHANGE
V/NetFirmwareService( 1245): percentValue--->3
D/NetFirmwareService( 1245): Send broadcast of download progress.
D/NetFirmwareService( 1245): DownloadConstants.TASK_STATUS_RUNNING
D/NetFirmwareService( 1245): MSG_UPDATE_PACKAGE_STATUS_CHANGE
V/NetFirmwareService( 1245): percentValue--->3
D/NetFirmwareService( 1245): Send broadcast of download progress.
D/NetFirmwareService( 1245): DownloadConstants.TASK_STATUS_RUNNING
D/NetFirmwareService( 1245): MSG_UPDATE_PACKAGE_STATUS_CHANGE
V/NetFirmwareService( 1245): percentValue--->3
D/NetFirmwareService( 1245): Send broadcast of download progress.
V/NetUpdate( 1801): iUpdateService.getProgressValue()--->3
D/NetFirmwareService( 1245): DownloadConstants.TASK_STATUS_RUNNING
D/NetFirmwareService( 1245): MSG_UPDATE_PACKAGE_STATUS_CHANGE
V/NetFirmwareService( 1245): percentValue--->3
D/NetFirmwareService( 1245): Send broadcast of download progress.
D/NetFirmwareService( 1245): DownloadConstants.TASK_STATUS_RUNNING
D/NetFirmwareService( 1245): MSG_UPDATE_PACKAGE_STATUS_CHANGE
V/NetFirmwareService( 1245): percentValue--->3
D/NetFirmwareService( 1245): Send broadcast of download progress.
D/NetFirmwareService( 1245): DownloadConstants.TASK_STATUS_RUNNING
D/NetFirmwareService( 1245): MSG_UPDATE_PACKAGE_STATUS_CHANGE
V/NetFirmwareService( 1245): percentValue--->3
D/NetFirmwareService( 1245): Send broadcast of download progress.
D/NetFirmwareService( 1245): DownloadConstants.TASK_STATUS_RUNNING
D/NetFirmwareService( 1245): MSG_UPDATE_PACKAGE_STATUS_CHANGE
V/NetFirmwareService( 1245): percentValue--->3
D/NetFirmwareService( 1245): Send broadcast of download progress.
V/NetUpdate( 1801): iUpdateService.getProgressValue()--->3
D/NetFirmwareService( 1245): DownloadConstants.TASK_STATUS_RUNNING
D/NetFirmwareService( 1245): MSG_UPDATE_PACKAGE_STATUS_CHANGE
V/NetFirmwareService( 1245): percentValue--->3
D/NetFirmwareService( 1245): Send broadcast of download progress.
D/NetFirmwareService( 1245): DownloadConstants.TASK_STATUS_RUNNING
D/NetFirmwareService( 1245): MSG_UPDATE_PACKAGE_STATUS_CHANGE
V/NetFirmwareService( 1245): percentValue--->3
D/NetFirmwareService( 1245): Send broadcast of download progress.
D/MonitorCw880( 1510): currentRemoteHost is null ,continue
D/NetFirmwareService( 1245): DownloadConstants.TASK_STATUS_RUNNING
D/NetFirmwareService( 1245): MSG_UPDATE_PACKAGE_STATUS_CHANGE
V/NetFirmwareService( 1245): percentValue--->3
D/NetFirmwareService( 1245): Send broadcast of download progress.
D/dalvikvm( 1801): GC_CONCURRENT freed 1962K, 19% free 31528K/38595K, paused 3ms+9ms
D/NetFirmwareService( 1245): DownloadConstants.TASK_STATUS_RUNNING
D/NetFirmwareService( 1245): MSG_UPDATE_PACKAGE_STATUS_CHANGE
V/NetFirmwareService( 1245): percentValue--->3
D/NetFirmwareService( 1245): Send broadcast of download progress.
V/NetUpdate( 1801): iUpdateService.getProgressValue()--->3
D/NetFirmwareService( 1245): DownloadConstants.TASK_STATUS_RUNNING
D/NetFirmwareService( 1245): MSG_UPDATE_PACKAGE_STATUS_CHANGE
V/NetFirmwareService( 1245): percentValue--->3
D/NetFirmwareService( 1245): Send broadcast of download progress.
D/HomePlayerLib( 1605): hostaddress count is 1
D/dalvikvm( 1605): GC_CONCURRENT freed 789K, 65% free 2547K/7235K, paused 47ms+84ms
D/NetFirmwareService( 1245): DownloadConstants.TASK_STATUS_RUNNING
D/NetFirmwareService( 1245): MSG_UPDATE_PACKAGE_STATUS_CHANGE
V/NetFirmwareService( 1245): percentValue--->3
D/NetFirmwareService( 1245): Send broadcast of download progress.
D/NetFirmwareService( 1245): DownloadConstants.TASK_STATUS_RUNNING
D/NetFirmwareService( 1245): MSG_UPDATE_PACKAGE_STATUS_CHANGE
V/NetFirmwareService( 1245): percentValue--->4
D/NetFirmwareService( 1245): Send broadcast of download progress.
D/dalvikvm( 1605): GC_CONCURRENT freed 714K, 65% free 2545K/7235K, paused 14ms+64ms
D/NetFirmwareService( 1245): DownloadConstants.TASK_STATUS_RUNNING
D/NetFirmwareService( 1245): MSG_UPDATE_PACKAGE_STATUS_CHANGE
V/NetFirmwareService( 1245): percentValue--->4
D/NetFirmwareService( 1245): Send broadcast of download progress.
V/NetUpdate( 1801): iUpdateService.getProgressValue()--->4
D/NetFirmwareService( 1245): DownloadConstants.TASK_STATUS_RUNNING
D/NetFirmwareService( 1245): MSG_UPDATE_PACKAGE_STATUS_CHANGE
V/NetFirmwareService( 1245): percentValue--->4
D/dalvikvm( 1605): GC_CONCURRENT freed 661K, 64% free 2627K/7235K, paused 64ms+43ms
D/NetFirmwareService( 1245): Send broadcast of download progress.
D/dalvikvm( 1605): GC_CONCURRENT freed 706K, 65% free 2568K/7235K, paused 1ms+2ms
D/NetFirmwareService( 1245): DownloadConstants.TASK_STATUS_RUNNING
D/NetFirmwareService( 1245): MSG_UPDATE_PACKAGE_STATUS_CHANGE
V/NetFirmwareService( 1245): percentValue--->4
D/NetFirmwareService( 1245): Send broadcast of download progress.
D/NetFirmwareService( 1245): DownloadConstants.TASK_STATUS_RUNNING
D/NetFirmwareService( 1245): MSG_UPDATE_PACKAGE_STATUS_CHANGE
V/NetFirmwareService( 1245): percentValue--->4
D/NetFirmwareService( 1245): Send broadcast of download progress.
D/dalvikvm( 1605): GC_CONCURRENT freed 692K, 65% free 2574K/7235K, paused 46ms+41ms
D/MonitorCw880( 1510): currentRemoteHost is null ,continue
D/NetFirmwareService( 1245): DownloadConstants.TASK_STATUS_RUNNING
D/NetFirmwareService( 1245): Send broadcast of download progress.
D/NetFirmwareService( 1245): MSG_UPDATE_PACKAGE_STATUS_CHANGE
V/NetFirmwareService( 1245): percentValue--->4
V/NetUpdate( 1801): iUpdateService.getProgressValue()--->4
D/dalvikvm( 1605): GC_CONCURRENT freed 757K, 66% free 2530K/7235K, paused 2ms+3ms
D/NetFirmwareService( 1245): DownloadConstants.TASK_STATUS_RUNNING
D/NetFirmwareService( 1245): MSG_UPDATE_PACKAGE_STATUS_CHANGE
V/NetFirmwareService( 1245): percentValue--->4
D/NetFirmwareService( 1245): Send broadcast of download progress.
D/NetFirmwareService( 1245): DownloadConstants.TASK_STATUS_RUNNING
D/NetFirmwareService( 1245): MSG_UPDATE_PACKAGE_STATUS_CHANGE
V/NetFirmwareService( 1245): percentValue--->4
D/NetFirmwareService( 1245): Send broadcast of download progress.
D/NetFirmwareService( 1245): DownloadConstants.TASK_STATUS_RUNNING
D/NetFirmwareService( 1245): MSG_UPDATE_PACKAGE_STATUS_CHANGE
V/NetFirmwareService( 1245): percentValue--->4
D/NetFirmwareService( 1245): Send broadcast of download progress.
D/dalvikvm( 1245): GC_CONCURRENT freed 1628K, 50% free 5659K/11267K, paused 4ms+2ms
D/dalvikvm( 1801): GC_CONCURRENT freed 1955K, 19% free 31506K/38595K, paused 2ms+9ms
D/NetFirmwareService( 1245): DownloadConstants.TASK_STATUS_RUNNING
D/NetFirmwareService( 1245): MSG_UPDATE_PACKAGE_STATUS_CHANGE
V/NetFirmwareService( 1245): percentValue--->4
D/NetFirmwareService( 1245): Send broadcast of download progress.
V/NetUpdate( 1801): iUpdateService.getProgressValue()--->4
D/NetFirmwareService( 1245): DownloadConstants.TASK_STATUS_RUNNING
D/NetFirmwareService( 1245): MSG_UPDATE_PACKAGE_STATUS_CHANGE
V/NetFirmwareService( 1245): percentValue--->4
D/NetFirmwareService( 1245): Send broadcast of download progress.
I/NetUpdate( 1801): --------------hide()------------------
D/NetFirmwareService( 1245): DownloadConstants.TASK_STATUS_RUNNING
D/NetFirmwareService( 1245): MSG_UPDATE_PACKAGE_STATUS_CHANGE
V/NetFirmwareService( 1245): percentValue--->4
D/NetFirmwareService( 1245): Send broadcast of download progress.
V/TabletStatusBar( 1144): setLightsOn(true)
D/InputEventConsistencyVerifier( 1801): KeyEvent: ACTION_UP but key was not down.
D/InputEventConsistencyVerifier( 1801):   in Handler (android.view.ViewRootImpl) {433623d0}
D/InputEventConsistencyVerifier( 1801):   0: sent at 544286000000, KeyEvent { action=ACTION_UP, keyCode=KEYCODE_BACK, scanCode=0, metaState=0, flags=0x0, repeatCount=0, eventTime=544286, downTime=544286, deviceId=1, source=0x2002 }
D/InputEventConsistencyVerifier( 1801):   -- recent events --
D/InputEventConsistencyVerifier( 1801):   1: sent at 544286465000, MotionEvent { action=ACTION_HOVER_MOVE, id[0]=0, x[0]=471.47482, y[0]=541.9747, toolType[0]=TOOL_TYPE_MOUSE, buttonState=BUTTON_BACK, metaState=0, flags=0x0, edgeFlags=0x0, pointerCount=1, historySize=0, eventTime=544286, downTime=500502, deviceId=1, source=0x2002 }
D/InputEventConsistencyVerifier( 1801):   2: sent at 544166468000, MotionEvent { action=ACTION_HOVER_MOVE, id[0]=0, x[0]=471.47482, y[0]=540.9747, toolType[0]=TOOL_TYPE_MOUSE, buttonState=BUTTON_BACK, metaState=0, flags=0x0, edgeFlags=0x0, pointerCount=1, historySize=0, eventTime=544166, downTime=500502, deviceId=1, source=0x2002 }
D/InputEventConsistencyVerifier( 1801):   3: sent at 544166468000, MotionEvent { action=ACTION_HOVER_ENTER, id[0]=0, x[0]=471.47482, y[0]=540.9747, toolType[0]=TOOL_TYPE_MOUSE, buttonState=BUTTON_BACK, metaState=0, flags=0x0, edgeFlags=0x0, pointerCount=1, historySize=0, eventTime=544166, downTime=500502, deviceId=1, source=0x2002 }
D/InputEventConsistencyVerifier( 1801):   4: sent at 459134446000, MotionEvent { action=ACTION_HOVER_EXIT, id[0]=0, x[0]=899.0537, y[0]=232.08682, toolType[0]=TOOL_TYPE_MOUSE, buttonState=0, metaState=0, flags=0x0, edgeFlags=0x0, pointerCount=1, historySize=0, eventTime=459134, downTime=458150, deviceId=1, source=0x2002 }
D/InputEventConsistencyVerifier( 1801):   5: sent at 458278463000, MotionEvent { action=ACTION_HOVER_MOVE, id[0]=0, x[0]=900.0537, y[0]=232.08682, toolType[0]=TOOL_TYPE_MOUSE, buttonState=0, metaState=0, flags=0x0, edgeFlags=0x0, pointerCount=1, historySize=1, eventTime=458278, downTime=458150, deviceId=1, source=0x2002 }
D/dalvikvm( 1801): GC_EXPLICIT freed 566K, 19% free 31420K/38595K, paused 3ms+10ms
D/NetFirmwareService( 1245): DownloadConstants.TASK_STATUS_RUNNING
D/NetFirmwareService( 1245): MSG_UPDATE_PACKAGE_STATUS_CHANGE
V/NetFirmwareService( 1245): percentValue--->4
D/NetFirmwareService( 1245): Send broadcast of download progress.
E/StrictMode( 1801): class com.coship.dvbsetting.systemsetting.SyssetAcivity; instances=2; limit=1
E/StrictMode( 1801): android.os.StrictMode$InstanceCountViolation: class com.coship.dvbsetting.systemsetting.SyssetAcivity; instances=2; limit=1
E/StrictMode( 1801):    at android.os.StrictMode.setClassInstanceLimit(StrictMode.java:1)
E/ActivityThread( 1801): Activity com.coship.dvbsetting.systemsetting.SyssetAcivity has leaked ServiceConnection com.coship.dvbsetting.systemsetting.childview.NetUpdate$2@415924c0 that was originally bound here
E/ActivityThread( 1801): android.app.ServiceConnectionLeaked: Activity com.coship.dvbsetting.systemsetting.SyssetAcivity has leaked ServiceConnection com.coship.dvbsetting.systemsetting.childview.NetUpdate$2@415924c0 that was originally bound here
E/ActivityThread( 1801):        at android.app.LoadedApk$ServiceDispatcher.<init>(LoadedApk.java:936)
E/ActivityThread( 1801):        at android.app.LoadedApk.getServiceDispatcher(LoadedApk.java:830)
E/ActivityThread( 1801):        at android.app.ContextImpl.bindService(ContextImpl.java:1142)
E/ActivityThread( 1801):        at android.content.ContextWrapper.bindService(ContextWrapper.java:370)
E/ActivityThread( 1801):        at com.coship.dvbsetting.systemsetting.childview.NetUpdate.remoteAIDL(NetUpdate.java:345)
E/ActivityThread( 1801):        at com.coship.dvbsetting.systemsetting.childview.NetUpdate.show(NetUpdate.java:504)
E/ActivityThread( 1801):        at com.coship.dvbsetting.ExpanItem.clickandselect(ExpanItem.java:199)
E/ActivityThread( 1801):        at com.coship.dvbsetting.ExpanItem.access$000(ExpanItem.java:33)
E/ActivityThread( 1801):        at com.coship.dvbsetting.ExpanItem$1.onChildClick(ExpanItem.java:101)
E/ActivityThread( 1801):        at android.widget.ExpandableListView.handleItemClick(ExpandableListView.java:582)
E/ActivityThread( 1801):        at android.widget.ExpandableListView.performItemClick(ExpandableListView.java:521)
E/ActivityThread( 1801):        at android.widget.AbsListView$PerformClick.run(AbsListView.java:2514)
E/ActivityThread( 1801):        at android.widget.AbsListView$1.run(AbsListView.java:3168)
E/ActivityThread( 1801):        at android.os.Handler.handleCallback(Handler.java:605)
E/ActivityThread( 1801):        at android.os.Handler.dispatchMessage(Handler.java:92)
E/ActivityThread( 1801):        at android.os.Looper.loop(Looper.java:137)
E/ActivityThread( 1801):        at android.app.ActivityThread.main(ActivityThread.java:4424)
E/ActivityThread( 1801):        at java.lang.reflect.Method.invokeNative(Native Method)
E/ActivityThread( 1801):        at java.lang.reflect.Method.invoke(Method.java:511)
E/ActivityThread( 1801):        at com.android.internal.os.ZygoteInit$MethodAndArgsCaller.run(ZygoteInit.java:848)
E/ActivityThread( 1801):        at com.android.internal.os.ZygoteInit.main(ZygoteInit.java:575)
E/ActivityThread( 1801):        at dalvik.system.NativeStart.main(Native Method)
W/ActivityManager(  979): Unbind failed: could not find connection for android.os.BinderProxy@4161a628
D/NetFirmwareService( 1245): DownloadConstants.TASK_STATUS_RUNNING
D/NetFirmwareService( 1245): MSG_UPDATE_PACKAGE_STATUS_CHANGE
V/NetFirmwareService( 1245): percentValue--->4
D/NetFirmwareService( 1245): Send broadcast of download progress.
V/NetUpdate( 1801): iUpdateService.getProgressValue()--->4
D/NetFirmwareService( 1245): DownloadConstants.TASK_STATUS_RUNNING
D/NetFirmwareService( 1245): MSG_UPDATE_PACKAGE_STATUS_CHANGE
V/NetFirmwareService( 1245): percentValue--->4
D/NetFirmwareService( 1245): Send broadcast of download progress.
D/MonitorCw880( 1510): currentRemoteHost is null ,continue
D/NetFirmwareService( 1245): DownloadConstants.TASK_STATUS_RUNNING
D/NetFirmwareService( 1245): MSG_UPDATE_PACKAGE_STATUS_CHANGE
V/NetFirmwareService( 1245): percentValue--->4
D/NetFirmwareService( 1245): Send broadcast of download progress.
I/ActivityManager(  979): START {cmp=com.coship.dvbsetting/.netsetting.netSet} from pid 1801
D/NetFirmwareService( 1245): DownloadConstants.TASK_STATUS_RUNNING
D/NetFirmwareService( 1245): MSG_UPDATE_PACKAGE_STATUS_CHANGE
V/NetFirmwareService( 1245): percentValue--->4
D/NetFirmwareService( 1245): Send broadcast of download progress.
I/EthernetManager( 1801): Init Ethernet Manager, service: android.net.ethernet.IEthernetManager$Stub$Proxy@4325e0c8
I/WifiP2PsetDialog( 1801): SystemPropertiesClass:class android.net.wifi.p2p.WifiP2pManager
W/WifiP2PsetDialog( 1801): ~~~~~~~~~~~~~~~~~~~~~~method:public java.lang.String android.net.wifi.p2p.WifiP2pManager.getWifip2pConfig(int)
W/WifiP2PsetDialog( 1801): ~~~~~~~~~~~~~~~~~~~~~~returnvalue:SmartBox
I/netset  ( 1801): product model ro.product.model = S1001
I/HighSet_CableNetwork( 1801): mEthernetManager:android.net.ethernet.EthernetManager@414e5c88
I/PppoeManager( 1801): create PppoeManager
I/NetworkConnect( 1801): //////@Override//////@Override//////@Override//////@Override//////@Override//////@Override//////@Override//////@Override
I/NetworkConnect( 1801): Execute command :ping -c 1 -w 100 www.baidu.com
D/WifiDirectSetting( 1801): --------------WIFI_P2P_THIS_DEVICE_CHANGED_ACTION
D/WifiDirectSetting( 1801): ------------mThisDevice.String()Device: SmartBox
D/WifiDirectSetting( 1801):  deviceAddress: 
D/WifiDirectSetting( 1801):  primary type: 10-0050F204-5
D/WifiDirectSetting( 1801):  secondary type: null
D/WifiDirectSetting( 1801):  wps: 0
D/WifiDirectSetting( 1801):  grpcapab: 0
D/WifiDirectSetting( 1801):  devcapab: 0
D/WifiDirectSetting( 1801):  status: 4
D/WifiDirectSetting( 1801):  wfdInfo: null
V/TabletStatusBar( 1144): setLightsOn(true)
I/ActivityManager(  979): Displayed com.coship.dvbsetting/.netsetting.netSet: +396ms
D/NetFirmwareService( 1245): DownloadConstants.TASK_STATUS_RUNNING
D/NetFirmwareService( 1245): MSG_UPDATE_PACKAGE_STATUS_CHANGE
V/NetFirmwareService( 1245): percentValue--->4
D/NetFirmwareService( 1245): Send broadcast of download progress.
I/NetworkConnect( 1801): //////@Override//////@Override//////@Override//////@Override//////@Override//////@Override//////@Override//////@Override0
I/System  ( 1801): Failed to destroy process 2314
I/System  ( 1801): libcore.io.ErrnoException: kill failed: ESRCH (No such process)
I/System  ( 1801):      at libcore.io.Posix.kill(Native Method)
I/System  ( 1801):      at libcore.io.ForwardingOs.kill(ForwardingOs.java:77)
I/System  ( 1801):      at java.lang.ProcessManager$ProcessImpl.destroy(ProcessManager.java:257)
I/System  ( 1801):      at com.coship.dvbsetting.netsetting.quicksetservice.NetworkConnect.execueteCommand(NetworkConnect.java:167)
I/System  ( 1801):      at com.coship.dvbsetting.netsetting.quicksetservice.NetworkConnect.CheckNet(NetworkConnect.java:70)
I/System  ( 1801):      at com.coship.dvbsetting.netsetting.StateSet$1$1.run(StateSet.java:212)
I/System  ( 1801):      at java.lang.Thread.run(Thread.java:856)
I/StateSet( 1801): -----wifi------dhcpinfo.toString()=ipaddr 192.168.0.126 gateway 192.168.0.1 netmask 255.255.255.0 dns1 192.168.0.1 dns2 0.0.0.0 DHCP server 192.168.0.1 lease 604800 seconds
D/NetFirmwareService( 1245): DownloadConstants.TASK_STATUS_RUNNING
D/NetFirmwareService( 1245): MSG_UPDATE_PACKAGE_STATUS_CHANGE
V/NetFirmwareService( 1245): percentValue--->4
D/NetFirmwareService( 1245): Send broadcast of download progress.
D/NetFirmwareService( 1245): DownloadConstants.TASK_STATUS_RUNNING
D/NetFirmwareService( 1245): MSG_UPDATE_PACKAGE_STATUS_CHANGE
V/NetFirmwareService( 1245): percentValue--->4
D/NetFirmwareService( 1245): Send broadcast of download progress.
D/NetFirmwareService( 1245): DownloadConstants.TASK_STATUS_RUNNING
D/NetFirmwareService( 1245): MSG_UPDATE_PACKAGE_STATUS_CHANGE
V/NetFirmwareService( 1245): percentValue--->4
D/NetFirmwareService( 1245): Send broadcast of download progress.
D/NetFirmwareService( 1245): DownloadConstants.TASK_STATUS_RUNNING
D/NetFirmwareService( 1245): MSG_UPDATE_PACKAGE_STATUS_CHANGE
V/NetFirmwareService( 1245): percentValue--->4
D/NetFirmwareService( 1245): Send broadcast of download progress.
D/NetFirmwareService( 1245): DownloadConstants.TASK_STATUS_RUNNING
D/NetFirmwareService( 1245): MSG_UPDATE_PACKAGE_STATUS_CHANGE
V/NetFirmwareService( 1245): percentValue--->5
D/NetFirmwareService( 1245): Send broadcast of download progress.
D/HomePlayerLib( 1605): hostaddress count is 1
D/dalvikvm( 1605): GC_CONCURRENT freed 593K, 64% free 2640K/7235K, paused 1ms+2ms
D/NetFirmwareService( 1245): DownloadConstants.TASK_STATUS_RUNNING
D/NetFirmwareService( 1245): MSG_UPDATE_PACKAGE_STATUS_CHANGE
V/NetFirmwareService( 1245): percentValue--->5
D/NetFirmwareService( 1245): Send broadcast of download progress.
D/dalvikvm( 1605): GC_CONCURRENT freed 722K, 65% free 2579K/7235K, paused 3ms+3ms
D/dalvikvm( 1605): GC_CONCURRENT freed 633K, 65% free 2546K/7235K, paused 3ms+2ms
I/HighSet_WirlessNetwork( 1801): ------------BroadcastReceiverRegistered---------
I/HighSet_WirlessNetwork( 1801): -------------------------SSID= smarttv_2.4 ----------Adress= c8:3a:35:34:4e:b8
I/HighSet_WirlessNetwork( 1801): -------------------------SSID= Coship ELectronics ----------Adress= a4:a8:0f:fa:10:a6
I/HighSet_WirlessNetwork( 1801): -------------------------SSID= Momokan ----------Adress= 20:c9:d0:23:07:7c
I/HighSet_WirlessNetwork( 1801): -----------------------wifi????-------------------
D/NetFirmwareService( 1245): DownloadConstants.TASK_STATUS_RUNNING
D/NetFirmwareService( 1245): MSG_UPDATE_PACKAGE_STATUS_CHANGE
V/NetFirmwareService( 1245): percentValue--->5
D/NetFirmwareService( 1245): Send broadcast of download progress.
V/HighSet_WirlessNetwork( 1801): !!!!!<BroadcastReceiver>====wifi opened==
I/HighSet_WirlessNetwork( 1801): -----------------------wifi????-------------------
I/HighSet_WirlessNetwork( 1801): -------------------------SSID= smarttv_2.4 ----------Adress= c8:3a:35:34:4e:b8
I/HighSet_WirlessNetwork( 1801): -------------------------SSID= Coship ELectronics ----------Adress= a4:a8:0f:fa:10:a6
I/HighSet_WirlessNetwork( 1801): -------------------------SSID= Momokan ----------Adress= 20:c9:d0:23:07:7c
I/HighSet_WirlessNetwork( 1801): -------------------------SSID= smarttv_2.4 ----------Adress= c8:3a:35:34:4e:b8
I/HighSet_WirlessNetwork( 1801): -------------------------SSID= Coship ELectronics ----------Adress= a4:a8:0f:fa:10:a6
I/HighSet_WirlessNetwork( 1801): -------------------------SSID= Momokan ----------Adress= 20:c9:d0:23:07:7c
D/dalvikvm( 1605): GC_CONCURRENT freed 608K, 64% free 2647K/7235K, paused 2ms+3ms
D/dalvikvm( 1605): GC_CONCURRENT freed 744K, 64% free 2618K/7235K, paused 2ms+3ms
D/MonitorCw880( 1510): currentRemoteHost is null ,continue
D/NetFirmwareService( 1245): DownloadConstants.TASK_STATUS_RUNNING
D/NetFirmwareService( 1245): MSG_UPDATE_PACKAGE_STATUS_CHANGE
V/NetFirmwareService( 1245): percentValue--->5
D/NetFirmwareService( 1245): Send broadcast of download progress.
D/dalvikvm( 1605): GC_CONCURRENT freed 691K, 64% free 2627K/7235K, paused 3ms+3ms
D/NetFirmwareService( 1245): DownloadConstants.TASK_STATUS_RUNNING
D/NetFirmwareService( 1245): MSG_UPDATE_PACKAGE_STATUS_CHANGE
V/NetFirmwareService( 1245): percentValue--->5
D/NetFirmwareService( 1245): Send broadcast of download progress.
D/NetFirmwareService( 1245): DownloadConstants.TASK_STATUS_RUNNING
D/NetFirmwareService( 1245): MSG_UPDATE_PACKAGE_STATUS_CHANGE
V/NetFirmwareService( 1245): percentValue--->5
D/NetFirmwareService( 1245): Send broadcast of download progress.
D/NetFirmwareService( 1245): DownloadConstants.TASK_STATUS_RUNNING
D/NetFirmwareService( 1245): MSG_UPDATE_PACKAGE_STATUS_CHANGE
V/NetFirmwareService( 1245): percentValue--->5
D/NetFirmwareService( 1245): Send broadcast of download progress.
D/NetFirmwareService( 1245): DownloadConstants.TASK_STATUS_RUNNING
D/NetFirmwareService( 1245): MSG_UPDATE_PACKAGE_STATUS_CHANGE
V/NetFirmwareService( 1245): percentValue--->5
D/NetFirmwareService( 1245): Send broadcast of download progress.
D/CommandListener(  739): Clearing all IP addresses on wlan0
D/NetFirmwareService( 1245): DownloadConstants.TASK_STATUS_RUNNING
D/NetFirmwareService( 1245): MSG_UPDATE_PACKAGE_STATUS_CHANGE
V/NetFirmwareService( 1245): percentValue--->5
D/NetFirmwareService( 1245): Send broadcast of download progress.
W/GpsLocationProvider(  979): Failed to enable location provider
D/NetFirmwareService( 1245): DownloadConstants.TASK_STATUS_RUNNING
D/NetFirmwareService( 1245): MSG_UPDATE_PACKAGE_STATUS_CHANGE
V/NetFirmwareService( 1245): percentValue--->5
D/NetFirmwareService( 1245): Send broadcast of download progress.
V/TabletStatusBar( 1144): setLightsOn(true)
D/InputEventConsistencyVerifier( 1801): KeyEvent: ACTION_UP but key was not down.
D/InputEventConsistencyVerifier( 1801):   in Handler (android.view.ViewRootImpl) {433623d0}
D/InputEventConsistencyVerifier( 1801):   0: sent at 554502000000, KeyEvent { action=ACTION_UP, keyCode=KEYCODE_BACK, scanCode=0, metaState=0, flags=0x0, repeatCount=0, eventTime=554502, downTime=554502, deviceId=1, source=0x2002 }
D/InputEventConsistencyVerifier( 1801):   -- recent events --
D/InputEventConsistencyVerifier( 1801):   1: sent at 554502470000, MotionEvent { action=ACTION_HOVER_MOVE, id[0]=0, x[0]=451.15, y[0]=395.0743, toolType[0]=TOOL_TYPE_MOUSE, buttonState=0, metaState=0, flags=0x0, edgeFlags=0x0, pointerCount=1, historySize=0, eventTime=554502, downTime=553622, deviceId=1, source=0x2002 }
D/InputEventConsistencyVerifier( 1801):   2: sent at 554382454000, MotionEvent { action=ACTION_HOVER_MOVE, id[0]=0, x[0]=451.15, y[0]=395.0743, toolType[0]=TOOL_TYPE_MOUSE, buttonState=BUTTON_BACK, metaState=0, flags=0x0, edgeFlags=0x0, pointerCount=1, historySize=0, eventTime=554382, downTime=553622, deviceId=1, source=0x2002 }
D/InputEventConsistencyVerifier( 1801):   3: sent at 554382454000, MotionEvent { action=ACTION_HOVER_ENTER, id[0]=0, x[0]=451.15, y[0]=395.0743, toolType[0]=TOOL_TYPE_MOUSE, buttonState=BUTTON_BACK, metaState=0, flags=0x0, edgeFlags=0x0, pointerCount=1, historySize=0, eventTime=554382, downTime=553622, deviceId=1, source=0x2002 }
D/InputEventConsistencyVerifier( 1801):   4: sent at 546862463000, MotionEvent { action=ACTION_HOVER_EXIT, id[0]=0, x[0]=400.64734, y[0]=229.10532, toolType[0]=TOOL_TYPE_MOUSE, buttonState=0, metaState=0, flags=0x0, edgeFlags=0x0, pointerCount=1, historySize=0, eventTime=546862, downTime=546542, deviceId=1, source=0x2002 }
D/InputEventConsistencyVerifier( 1801):   5: sent at 546718450000, MotionEvent { action=ACTION_HOVER_MOVE, id[0]=0, x[0]=400.64734, y[0]=228.10532, toolType[0]=TOOL_TYPE_MOUSE, buttonState=0, metaState=0, flags=0x0, edgeFlags=0x0, pointerCount=1, historySize=0, eventTime=546718, downTime=546542, deviceId=1, source=0x2002 }
D/NetFirmwareService( 1245): DownloadConstants.TASK_STATUS_RUNNING
D/NetFirmwareService( 1245): MSG_UPDATE_PACKAGE_STATUS_CHANGE
V/NetFirmwareService( 1245): percentValue--->5
D/NetFirmwareService( 1245): Send broadcast of download progress.
D/NetFirmwareService( 1245): DownloadConstants.TASK_STATUS_RUNNING
D/NetFirmwareService( 1245): MSG_UPDATE_PACKAGE_STATUS_CHANGE
V/NetFirmwareService( 1245): percentValue--->5
D/NetFirmwareService( 1245): Send broadcast of download progress.
