I/MountService(  148): StorageVolume [mAllowMassStorage=false, mDescription=USB 存储器, mEmulated=false, mMaxFileSize=0, mMtpReserveSpace=0, mPath=/mnt/vold/satahdd, mRemovable=true, mStorageId=327681]
I/MountService(  148): sdcard path = null. usbdisk path =/mnt/vold/usbdisk3/sda1
I/MountService(  148): onEvent:: raw= 605 Volume usbdisk3 /mnt/vold/usbdisk3 state changed from 2 (Pending) to 1 (Idle-Unmounted) cooked =  605 Volume usbdisk3 /mnt/vold/usbdisk3 state changed from 2 (Pending) to 1 (Idle-Unmounted)
I/MountService(  148): notifyVolumeStateChanged::removed
I/MountService(  148): updating volume state for media bad removal nofs and unmountable
D/MountService(  148): volume state changed for /mnt/vold/usbdisk3 (removed -> unmounted)
I/MountService(  148): doMountVolume: Mouting usbdisk3
D/VoldCmdListener(   83): volume mount usbdisk3
W/Vold    (   83): get partition mount point:minor:0,mVolumeMinor:0-->/mnt/vold/usbdisk3
W/Vold    (   83):  
E/DirectVolume(   83):  DeviceNodes:maj:main[8:1]
E/DirectVolume(   83):  mDiskNumParts=1
E/Vold    (   83): flags=0,primaryStorage=0
W/Vold    (   83): Get vold.firstMountDevice=usbdisk3 
W/Vold    (   83):  
D/Vold    (   83): Volume usbdisk3 state changing 1 (Idle-Unmounted) -> 3 (Checking)
W/Vold    (   83): get partition mount point:minor:0,mVolumeMinor:0-->/mnt/vold/usbdisk3
W/Vold    (   83):  
W/Vold    (   83): get partition mount point:minor:0,mVolumeMinor:0-->/mnt/vold/usbdisk3
W/Vold    (   83):  
W/Vold    (   83): get partition mount point:minor:0,mVolumeMinor:0-->/mnt/vold/usbdisk3
W/Vold    (   83):  
D/Vold    (   83): Mountpoint(0) = /mnt/vold/usbdisk3, sChangeNotifyLabel = /mnt/sdcard
W/Vold    (   83): get partition mount point:minor:0,mVolumeMinor:0-->/mnt/vold/usbdisk3
W/Vold    (   83):  
I/Vold    (   83): /dev/block/vold/8:1 being considered for volume usbdisk3
W/Vold    (   83): get partition mount point:minor:1,mVolumeMinor:0-->/mnt/vold/usbdisk3/sda1
W/Vold    (   83):  
I/Vold    (   83): /dev/block/vold/8:1 being considered mount to /mnt/vold/usbdisk3/sda1 for volume usbdisk3
D/MountService(  148): sendStorageIntent Intent { act=android.intent.action.MEDIA_UNMOUNTED dat=file:///mnt/vold/usbdisk3 (has extras) }
I/MountService(  148): onEvent:: raw= 605 Volume usbdisk3 /mnt/vold/usbdisk3 state changed from 1 (Idle-Unmounted) to 3 (Checking) cooked =  605 Volume usbdisk3 /mnt/vold/usbdisk3 state changed from 1 (Idle-Unmounted) to 3 (Checking)
I/MountService(  148): notifyVolumeStateChanged::unmounted
I/MountService(  148): updating volume state checking
D/MountService(  148): volume state changed for /mnt/vold/usbdisk3 (unmounted -> checking)
D/MountService(  148): sendStorageIntent Intent { act=android.intent.action.MEDIA_CHECKING dat=file:///mnt/vold/usbdisk3 (has extras) }
E/Vold    (   83): mount error=22
I/Vold    (   83): Device /dev/block/vold/8:1, target /mnt/vold/usbdisk3/sda1 mounted @ /mnt/secure/staging failed. rc=-1
E/Vold    (   83): Failed to move mount /mnt/secure/staging -> /mnt/vold/usbdisk3/sda1 (Invalid argument)
E/Vold    (   83): Failed to move mount (Invalid argument),mountpath=/mnt/vold/usbdisk3/sda1
I/Vold    (   83): Try to mount /dev/block/vold/8:1 to /mnt/vold/usbdisk3/sda1(FS: ntfs, Flags:0X8E)...
I/Vold    (   83): ntfs-3g mount
D/StatusBar.NetworkController(  246): ------------------EthernetManager is on ----------
D/StatusBar.NetworkController(  246): ------------------getLinkStatus ----------
D/StatusBar.NetworkController(  246): ------------------mEthernetConnected is  ----------false
D/StatusBar.NetworkController(  246): ------------------EthernetManager is on 11-11-11-11-11----------
D/StatusBar.NetworkController(  246): ------------------EthernetManager is on 13-13-13-13-13-13----------
D/StatusBar.NetworkController(  246): ------------------EthernetManager is on ----------
D/StatusBar.NetworkController(  246): ------------------getLinkStatus ----------
D/StatusBar.NetworkController(  246): ------------------mEthernetConnected is  ----------false
D/StatusBar.NetworkController(  246): ------------------EthernetManager is on 11-11-11-11-11----------
D/StatusBar.NetworkController(  246): ------------------EthernetManager is on 13-13-13-13-13-13----------
I/ActivityManager(  148): START {cmp=com.coship.cibn/.activity.VodDetailsActivity (has extras)} from pid 277
D/StatusBar.NetworkController(  246): ------------------EthernetManager is on ----------
D/StatusBar.NetworkController(  246): ------------------getLinkStatus ----------
D/StatusBar.NetworkController(  246): ------------------mEthernetConnected is  ----------false
D/StatusBar.NetworkController(  246): ------------------EthernetManager is on 11-11-11-11-11----------
D/StatusBar.NetworkController(  246): ------------------EthernetManager is on 13-13-13-13-13-13----------
E/NetlinkListener(   84): recvmsg mBuffer:
E/NetlinkListener(   84):  (add@/devices/virtual/bdi/8:1-fuseblk)
E/NetlinkListener(   83): recvmsg mBuffer:
E/NetlinkListener(   83):  (add@/devices/virtual/bdi/8:1-fuseblk)
W/Vold    (   83): subsys:bdi
D/NetlinkEvent(   83): NL param 'DEVPATH=/devices/virtual/bdi/8:1-fuseblk'
I/Vold    (   83): return value: 0, error[22]: Invalid argument
I/Vold    (   83): mount /dev/block/vold/8:1 to /mnt/vold/usbdisk3/sda1 successful
W/Vold    (   83): get partition mount point:minor:1,mVolumeMinor:0-->/mnt/vold/usbdisk3/sda1
W/Vold    (   83):  
I/Vold    (   83): Device /dev/block/vold/8:1, target /mnt/vold/usbdisk3/sda1 mounted  successfully!
E/Vold    (   83): Volume usbdisk3 found mounting 1 partition sucessfully:(
W/Vold    (   83): Get vold.firstMountDevice=usbdisk3 
W/Vold    (   83):  
D/Vold    (   83): Volume usbdisk3 state changing 3 (Checking) -> 4 (Mounted)
W/Vold    (   83): get partition mount point:minor:0,mVolumeMinor:0-->/mnt/vold/usbdisk3
W/Vold    (   83):  
W/Vold    (   83): get partition mount point:minor:0,mVolumeMinor:0-->/mnt/vold/usbdisk3
W/Vold    (   83):  
W/Vold    (   83): get partition mount point:minor:0,mVolumeMinor:0-->/mnt/vold/usbdisk3
W/Vold    (   83):  
D/Vold    (   83): Mountpoint(0) = /mnt/vold/usbdisk3, sChangeNotifyLabel = /mnt/sdcard
W/Vold    (   83): get partition mount point:minor:0,mVolumeMinor:0-->/mnt/vold/usbdisk3
W/Vold    (   83):  
I/MountService(  148): onEvent:: raw= 605 Volume usbdisk3 /mnt/vold/usbdisk3 state changed from 3 (Checking) to 4 (Mounted) cooked =  605 Volume usbdisk3 /mnt/vold/usbdisk3 state changed from 3 (Checking) to 4 (Mounted)
I/MountService(  148): notifyVolumeStateChanged::checking
I/MountService(  148): updating volume state mounted
D/MountService(  148): volume state changed for /mnt/vold/usbdisk3 (checking -> mounted)
I/MountService(  148): mStorageNum = 1
I/MountService(  148): key:/mnt/vold/usbdisk1
I/MountService(  148): value:removed
I/MountService(  148): key:/mnt/sdcard
I/MountService(  148): value:removed
I/MountService(  148): key:/mnt/vold/satahdd
I/MountService(  148): value:removed
I/MountService(  148): key:/mnt/vold/usbdisk3
I/MountService(  148): value:mounted
I/MountService(  148): key:/mnt/vold/usbdisk2
I/MountService(  148): value:removed
I/MountService(  148): mVolume[0]: /mnt/sdcard
I/MountService(  148): mVolume[1]: /mnt/vold/usbdisk1
I/MountService(  148): mVolume[2]: /mnt/vold/usbdisk2
I/MountService(  148): mVolume[3]: /mnt/vold/usbdisk3
I/MountService(  148): mPartitions[0]: /mnt/vold/usbdisk3/sda1
I/MountService(  148): mVolume[4]: /mnt/vold/satahdd
D/MountService(  148): sendStorageIntent Intent { act=android.intent.action.MEDIA_MOUNTED dat=file:///mnt/vold/usbdisk3 (has extras) }
W/Vold    (   83): Returning OperationFailed - no handler for errno 22
W/MountService(  148): Insertion mount failed (-1)
D/StatusBar.NetworkController(  246): ------------------EthernetManager is on ----------
D/StatusBar.NetworkController(  246): ------------------getLinkStatus ----------
D/StatusBar.NetworkController(  246): ------------------mEthernetConnected is  ----------false
D/StatusBar.NetworkController(  246): ------------------EthernetManager is on 11-11-11-11-11----------
D/StatusBar.NetworkController(  246): ------------------EthernetManager is on 13-13-13-13-13-13----------
D/StatusBar.NetworkController(  246): ------------------EthernetManager is on ----------
D/StatusBar.NetworkController(  246): ------------------getLinkStatus ----------
D/StatusBar.NetworkController(  246): ------------------mEthernetConnected is  ----------false
D/StatusBar.NetworkController(  246): ------------------EthernetManager is on 11-11-11-11-11----------
D/StatusBar.NetworkController(  246): ------------------EthernetManager is on 13-13-13-13-13-13----------
I/ActivityManager(  148): START {act=android.intent.action.MAIN cat=[android.intent.category.HOME] flg=0x10200000 cmp=com.coship.cibn/.MainActivity} from pid 148
D/StatusBar.NetworkController(  246): ------------------EthernetManager is on ----------
D/StatusBar.NetworkController(  246): ------------------getLinkStatus ----------
D/StatusBar.NetworkController(  246): ------------------mEthernetConnected is  ----------false
D/StatusBar.NetworkController(  246): ------------------EthernetManager is on 11-11-11-11-11----------
D/StatusBar.NetworkController(  246): ------------------EthernetManager is on 13-13-13-13-13-13----------
D/StatusBar.NetworkController(  246): ------------------EthernetManager is on ----------
D/StatusBar.NetworkController(  246): ------------------getLinkStatus ----------
D/StatusBar.NetworkController(  246): ------------------mEthernetConnected is  ----------false
D/StatusBar.NetworkController(  246): ------------------EthernetManager is on 11-11-11-11-11----------
D/StatusBar.NetworkController(  246): ------------------EthernetManager is on 13-13-13-13-13-13----------
D/StatusBar.NetworkController(  246): ------------------EthernetManager is on ----------
D/StatusBar.NetworkController(  246): ------------------getLinkStatus ----------
D/StatusBar.NetworkController(  246): ------------------mEthernetConnected is  ----------false
D/StatusBar.NetworkController(  246): ------------------EthernetManager is on 11-11-11-11-11----------
D/StatusBar.NetworkController(  246): ------------------EthernetManager is on 13-13-13-13-13-13----------
D/StatusBar.NetworkController(  246): ------------------EthernetManager is on ----------
D/StatusBar.NetworkController(  246): ------------------getLinkStatus ----------
D/StatusBar.NetworkController(  246): ------------------mEthernetConnected is  ----------false
D/StatusBar.NetworkController(  246): ------------------EthernetManager is on 11-11-11-11-11----------
D/StatusBar.NetworkController(  246): ------------------EthernetManager is on 13-13-13-13-13-13----------
D/StatusBar.NetworkController(  246): ------------------EthernetManager is on ----------
D/StatusBar.NetworkController(  246): ------------------getLinkStatus ----------
D/StatusBar.NetworkController(  246): ------------------mEthernetConnected is  ----------false
D/StatusBar.NetworkController(  246): ------------------EthernetManager is on 11-11-11-11-11----------
D/StatusBar.NetworkController(  246): ------------------EthernetManager is on 13-13-13-13-13-13----------
I/ActivityManager(  148): START {cmp=com.coship.cibn/.activity.VodDetailsActivity (has extras)} from pid 277
D/StatusBar.NetworkController(  246): ------------------EthernetManager is on ----------
D/StatusBar.NetworkController(  246): ------------------getLinkStatus ----------
D/StatusBar.NetworkController(  246): ------------------mEthernetConnected is  ----------false
D/StatusBar.NetworkController(  246): ------------------EthernetManager is on 11-11-11-11-11----------
D/StatusBar.NetworkController(  246): ------------------EthernetManager is on 13-13-13-13-13-13----------
D/StatusBar.NetworkController(  246): ------------------EthernetManager is on ----------
D/StatusBar.NetworkController(  246): ------------------getLinkStatus ----------
D/StatusBar.NetworkController(  246): ------------------mEthernetConnected is  ----------false
D/StatusBar.NetworkController(  246): ------------------EthernetManager is on 11-11-11-11-11----------
D/StatusBar.NetworkController(  246): ------------------EthernetManager is on 13-13-13-13-13-13----------
D/StatusBar.NetworkController(  246): ------------------EthernetManager is on ----------
D/StatusBar.NetworkController(  246): ------------------getLinkStatus ----------
D/StatusBar.NetworkController(  246): ------------------mEthernetConnected is  ----------false
D/StatusBar.NetworkController(  246): ------------------EthernetManager is on 11-11-11-11-11----------
D/StatusBar.NetworkController(  246): ------------------EthernetManager is on 13-13-13-13-13-13----------
D/StatusBar.NetworkController(  246): ------------------EthernetManager is on ----------
D/StatusBar.NetworkController(  246): ------------------getLinkStatus ----------
D/StatusBar.NetworkController(  246): ------------------mEthernetConnected is  ----------false
D/StatusBar.NetworkController(  246): ------------------EthernetManager is on 11-11-11-11-11----------
D/StatusBar.NetworkController(  246): ------------------EthernetManager is on 13-13-13-13-13-13----------
D/StatusBar.NetworkController(  246): ------------------EthernetManager is on ----------
D/StatusBar.NetworkController(  246): ------------------getLinkStatus ----------
D/StatusBar.NetworkController(  246): ------------------mEthernetConnected is  ----------false
D/StatusBar.NetworkController(  246): ------------------EthernetManager is on 11-11-11-11-11----------
D/StatusBar.NetworkController(  246): ------------------EthernetManager is on 13-13-13-13-13-13----------
D/StatusBar.NetworkController(  246): ------------------EthernetManager is on ----------
D/StatusBar.NetworkController(  246): ------------------getLinkStatus ----------
D/StatusBar.NetworkController(  246): ------------------mEthernetConnected is  ----------false
D/StatusBar.NetworkController(  246): ------------------EthernetManager is on 11-11-11-11-11----------
D/StatusBar.NetworkController(  246): ------------------EthernetManager is on 13-13-13-13-13-13----------
D/StatusBar.NetworkController(  246): ------------------EthernetManager is on ----------
D/StatusBar.NetworkController(  246): ------------------getLinkStatus ----------
D/StatusBar.NetworkController(  246): ------------------mEthernetConnected is  ----------false
D/StatusBar.NetworkController(  246): ------------------EthernetManager is on 11-11-11-11-11----------
D/StatusBar.NetworkController(  246): ------------------EthernetManager is on 13-13-13-13-13-13----------
D/StatusBar.NetworkController(  246): ------------------EthernetManager is on ----------
D/StatusBar.NetworkController(  246): ------------------getLinkStatus ----------
D/StatusBar.NetworkController(  246): ------------------mEthernetConnected is  ----------false
D/StatusBar.NetworkController(  246): ------------------EthernetManager is on 11-11-11-11-11----------
D/StatusBar.NetworkController(  246): ------------------EthernetManager is on 13-13-13-13-13-13----------
D/StatusBar.NetworkController(  246): ------------------EthernetManager is on ----------
D/StatusBar.NetworkController(  246): ------------------getLinkStatus ----------
D/StatusBar.NetworkController(  246): ------------------mEthernetConnected is  ----------false
D/StatusBar.NetworkController(  246): ------------------EthernetManager is on 11-11-11-11-11----------
D/StatusBar.NetworkController(  246): ------------------EthernetManager is on 13-13-13-13-13-13----------
D/StatusBar.NetworkController(  246): ------------------EthernetManager is on ----------
D/StatusBar.NetworkController(  246): ------------------getLinkStatus ----------
D/StatusBar.NetworkController(  246): ------------------mEthernetConnected is  ----------false
D/StatusBar.NetworkController(  246): ------------------EthernetManager is on 11-11-11-11-11----------
D/StatusBar.NetworkController(  246): ------------------EthernetManager is on 13-13-13-13-13-13----------
D/StatusBar.NetworkController(  246): ------------------EthernetManager is on ----------
D/StatusBar.NetworkController(  246): ------------------getLinkStatus ----------
D/StatusBar.NetworkController(  246): ------------------mEthernetConnected is  ----------false
D/StatusBar.NetworkController(  246): ------------------EthernetManager is on 11-11-11-11-11----------
D/StatusBar.NetworkController(  246): ------------------EthernetManager is on 13-13-13-13-13-13----------
D/StatusBar.NetworkController(  246): ------------------EthernetManager is on ----------
D/StatusBar.NetworkController(  246): ------------------getLinkStatus ----------
D/StatusBar.NetworkController(  246): ------------------mEthernetConnected is  ----------false
D/StatusBar.NetworkController(  246): ------------------EthernetManager is on 11-11-11-11-11----------
D/StatusBar.NetworkController(  246): ------------------EthernetManager is on 13-13-13-13-13-13----------
D/StatusBar.NetworkController(  246): ------------------EthernetManager is on ----------
D/StatusBar.NetworkController(  246): ------------------getLinkStatus ----------
D/StatusBar.NetworkController(  246): ------------------mEthernetConnected is  ----------false
D/StatusBar.NetworkController(  246): ------------------EthernetManager is on 11-11-11-11-11----------
D/StatusBar.NetworkController(  246): ------------------EthernetManager is on 13-13-13-13-13-13----------
D/StatusBar.NetworkController(  246): ------------------EthernetManager is on ----------
D/StatusBar.NetworkController(  246): ------------------getLinkStatus ----------
D/StatusBar.NetworkController(  246): ------------------mEthernetConnected is  ----------false
D/StatusBar.NetworkController(  246): ------------------EthernetManager is on 11-11-11-11-11----------
D/StatusBar.NetworkController(  246): ------------------EthernetManager is on 13-13-13-13-13-13----------
D/StatusBar.NetworkController(  246): ------------------EthernetManager is on ----------
D/StatusBar.NetworkController(  246): ------------------getLinkStatus ----------
D/StatusBar.NetworkController(  246): ------------------mEthernetConnected is  ----------false
D/StatusBar.NetworkController(  246): ------------------EthernetManager is on 11-11-11-11-11----------
D/StatusBar.NetworkController(  246): ------------------EthernetManager is on 13-13-13-13-13-13----------
D/StatusBar.NetworkController(  246): ------------------EthernetManager is on ----------
D/StatusBar.NetworkController(  246): ------------------getLinkStatus ----------
D/StatusBar.NetworkController(  246): ------------------mEthernetConnected is  ----------false
D/StatusBar.NetworkController(  246): ------------------EthernetManager is on 11-11-11-11-11----------
D/StatusBar.NetworkController(  246): ------------------EthernetManager is on 13-13-13-13-13-13----------
D/StatusBar.NetworkController(  246): ------------------EthernetManager is on ----------
D/StatusBar.NetworkController(  246): ------------------getLinkStatus ----------
D/StatusBar.NetworkController(  246): ------------------mEthernetConnected is  ----------false
D/StatusBar.NetworkController(  246): ------------------EthernetManager is on 11-11-11-11-11----------
D/StatusBar.NetworkController(  246): ------------------EthernetManager is on 13-13-13-13-13-13----------
D/StatusBar.NetworkController(  246): ------------------EthernetManager is on ----------
D/StatusBar.NetworkController(  246): ------------------getLinkStatus ----------
D/StatusBar.NetworkController(  246): ------------------mEthernetConnected is  ----------false
D/StatusBar.NetworkController(  246): ------------------EthernetManager is on 11-11-11-11-11----------
D/StatusBar.NetworkController(  246): ------------------EthernetManager is on 13-13-13-13-13-13----------
D/StatusBar.NetworkController(  246): ------------------EthernetManager is on ----------
D/StatusBar.NetworkController(  246): ------------------getLinkStatus ----------
D/StatusBar.NetworkController(  246): ------------------mEthernetConnected is  ----------false
D/StatusBar.NetworkController(  246): ------------------EthernetManager is on 11-11-11-11-11----------
D/StatusBar.NetworkController(  246): ------------------EthernetManager is on 13-13-13-13-13-13----------
D/StatusBar.NetworkController(  246): ------------------EthernetManager is on ----------
D/StatusBar.NetworkController(  246): ------------------getLinkStatus ----------
D/StatusBar.NetworkController(  246): ------------------mEthernetConnected is  ----------false
D/StatusBar.NetworkController(  246): ------------------EthernetManager is on 11-11-11-11-11----------
D/StatusBar.NetworkController(  246): ------------------EthernetManager is on 13-13-13-13-13-13----------
D/StatusBar.NetworkController(  246): ------------------EthernetManager is on ----------
D/StatusBar.NetworkController(  246): ------------------getLinkStatus ----------
D/StatusBar.NetworkController(  246): ------------------mEthernetConnected is  ----------false
D/StatusBar.NetworkController(  246): ------------------EthernetManager is on 11-11-11-11-11----------
D/StatusBar.NetworkController(  246): ------------------EthernetManager is on 13-13-13-13-13-13----------
D/StatusBar.NetworkController(  246): ------------------EthernetManager is on ----------
D/StatusBar.NetworkController(  246): ------------------getLinkStatus ----------
D/StatusBar.NetworkController(  246): ------------------mEthernetConnected is  ----------false
D/StatusBar.NetworkController(  246): ------------------EthernetManager is on 11-11-11-11-11----------
D/StatusBar.NetworkController(  246): ------------------EthernetManager is on 13-13-13-13-13-13----------
D/StatusBar.NetworkController(  246): ------------------EthernetManager is on ----------
D/StatusBar.NetworkController(  246): ------------------getLinkStatus ----------
D/StatusBar.NetworkController(  246): ------------------mEthernetConnected is  ----------false
D/StatusBar.NetworkController(  246): ------------------EthernetManager is on 11-11-11-11-11----------
D/StatusBar.NetworkController(  246): ------------------EthernetManager is on 13-13-13-13-13-13----------
I/ActivityManager(  148): START {cmp=com.coship.cibn/.activity.VodDetailsActivity (has extras)} from pid 277
D/StatusBar.NetworkController(  246): ------------------EthernetManager is on ----------
D/StatusBar.NetworkController(  246): ------------------getLinkStatus ----------
D/StatusBar.NetworkController(  246): ------------------mEthernetConnected is  ----------false
D/StatusBar.NetworkController(  246): ------------------EthernetManager is on 11-11-11-11-11----------
D/StatusBar.NetworkController(  246): ------------------EthernetManager is on 13-13-13-13-13-13----------
D/StatusBar.NetworkController(  246): ------------------EthernetManager is on ----------
D/StatusBar.NetworkController(  246): ------------------getLinkStatus ----------
D/StatusBar.NetworkController(  246): ------------------mEthernetConnected is  ----------false
D/StatusBar.NetworkController(  246): ------------------EthernetManager is on 11-11-11-11-11----------
D/StatusBar.NetworkController(  246): ------------------EthernetManager is on 13-13-13-13-13-13----------
I/ActivityManager(  148): START {cmp=com.coship.cibn/.activity.PlayerActivity (has extras)} from pid 277
D/StatusBar.NetworkController(  246): ------------------EthernetManager is on ----------
D/StatusBar.NetworkController(  246): ------------------getLinkStatus ----------
D/StatusBar.NetworkController(  246): ------------------mEthernetConnected is  ----------false
D/StatusBar.NetworkController(  246): ------------------EthernetManager is on 11-11-11-11-11----------
D/StatusBar.NetworkController(  246): ------------------EthernetManager is on 13-13-13-13-13-13----------
W/ActivityManager(  148): Duplicate finish request for ActivityRecord{41263818 com.coship.cibn/.activity.PlayerActivity}
W/ActivityManager(  148): Duplicate finish request for ActivityRecord{41263818 com.coship.cibn/.activity.PlayerActivity}
D/StatusBar.NetworkController(  246): ------------------EthernetManager is on ----------
D/StatusBar.NetworkController(  246): ------------------getLinkStatus ----------
D/StatusBar.NetworkController(  246): ------------------mEthernetConnected is  ----------false
D/StatusBar.NetworkController(  246): ------------------EthernetManager is on 11-11-11-11-11----------
D/StatusBar.NetworkController(  246): ------------------EthernetManager is on 13-13-13-13-13-13----------
D/StatusBar.NetworkController(  246): ------------------EthernetManager is on ----------
D/StatusBar.NetworkController(  246): ------------------getLinkStatus ----------
D/StatusBar.NetworkController(  246): ------------------mEthernetConnected is  ----------false
D/StatusBar.NetworkController(  246): ------------------EthernetManager is on 11-11-11-11-11----------
D/StatusBar.NetworkController(  246): ------------------EthernetManager is on 13-13-13-13-13-13----------
D/StatusBar.NetworkController(  246): ------------------EthernetManager is on ----------
D/StatusBar.NetworkController(  246): ------------------getLinkStatus ----------
D/StatusBar.NetworkController(  246): ------------------mEthernetConnected is  ----------false
D/StatusBar.NetworkController(  246): ------------------EthernetManager is on 11-11-11-11-11----------
D/StatusBar.NetworkController(  246): ------------------EthernetManager is on 13-13-13-13-13-13----------
D/StatusBar.NetworkController(  246): ------------------EthernetManager is on ----------
D/StatusBar.NetworkController(  246): ------------------getLinkStatus ----------
D/StatusBar.NetworkController(  246): ------------------mEthernetConnected is  ----------false
D/StatusBar.NetworkController(  246): ------------------EthernetManager is on 11-11-11-11-11----------
D/StatusBar.NetworkController(  246): ------------------EthernetManager is on 13-13-13-13-13-13----------
D/StatusBar.NetworkController(  246): ------------------EthernetManager is on ----------
D/StatusBar.NetworkController(  246): ------------------getLinkStatus ----------
D/StatusBar.NetworkController(  246): ------------------mEthernetConnected is  ----------false
D/StatusBar.NetworkController(  246): ------------------EthernetManager is on 11-11-11-11-11----------
D/StatusBar.NetworkController(  246): ------------------EthernetManager is on 13-13-13-13-13-13----------
D/StatusBar.NetworkController(  246): ------------------EthernetManager is on ----------
D/StatusBar.NetworkController(  246): ------------------getLinkStatus ----------
D/StatusBar.NetworkController(  246): ------------------mEthernetConnected is  ----------false
D/StatusBar.NetworkController(  246): ------------------EthernetManager is on 11-11-11-11-11----------
D/StatusBar.NetworkController(  246): ------------------EthernetManager is on 13-13-13-13-13-13----------
D/StatusBar.NetworkController(  246): ------------------EthernetManager is on ----------
D/StatusBar.NetworkController(  246): ------------------getLinkStatus ----------
D/StatusBar.NetworkController(  246): ------------------mEthernetConnected is  ----------false
D/StatusBar.NetworkController(  246): ------------------EthernetManager is on 11-11-11-11-11----------
D/StatusBar.NetworkController(  246): ------------------EthernetManager is on 13-13-13-13-13-13----------
D/StatusBar.NetworkController(  246): ------------------EthernetManager is on ----------
D/StatusBar.NetworkController(  246): ------------------getLinkStatus ----------
D/StatusBar.NetworkController(  246): ------------------mEthernetConnected is  ----------false
D/StatusBar.NetworkController(  246): ------------------EthernetManager is on 11-11-11-11-11----------
D/StatusBar.NetworkController(  246): ------------------EthernetManager is on 13-13-13-13-13-13----------
D/StatusBar.NetworkController(  246): ------------------EthernetManager is on ----------
D/StatusBar.NetworkController(  246): ------------------getLinkStatus ----------
D/StatusBar.NetworkController(  246): ------------------mEthernetConnected is  ----------false
D/StatusBar.NetworkController(  246): ------------------EthernetManager is on 11-11-11-11-11----------
D/StatusBar.NetworkController(  246): ------------------EthernetManager is on 13-13-13-13-13-13----------
D/StatusBar.NetworkController(  246): ------------------EthernetManager is on ----------
D/StatusBar.NetworkController(  246): ------------------getLinkStatus ----------
D/StatusBar.NetworkController(  246): ------------------mEthernetConnected is  ----------false
D/StatusBar.NetworkController(  246): ------------------EthernetManager is on 11-11-11-11-11----------
D/StatusBar.NetworkController(  246): ------------------EthernetManager is on 13-13-13-13-13-13----------
D/StatusBar.NetworkController(  246): ------------------EthernetManager is on ----------
D/StatusBar.NetworkController(  246): ------------------getLinkStatus ----------
D/StatusBar.NetworkController(  246): ------------------mEthernetConnected is  ----------false
D/StatusBar.NetworkController(  246): ------------------EthernetManager is on 11-11-11-11-11----------
D/StatusBar.NetworkController(  246): ------------------EthernetManager is on 13-13-13-13-13-13----------
D/StatusBar.NetworkController(  246): ------------------EthernetManager is on ----------
D/StatusBar.NetworkController(  246): ------------------getLinkStatus ----------
D/StatusBar.NetworkController(  246): ------------------mEthernetConnected is  ----------false
D/StatusBar.NetworkController(  246): ------------------EthernetManager is on 11-11-11-11-11----------
D/StatusBar.NetworkController(  246): ------------------EthernetManager is on 13-13-13-13-13-13----------
D/StatusBar.NetworkController(  246): ------------------EthernetManager is on ----------
D/StatusBar.NetworkController(  246): ------------------getLinkStatus ----------
D/StatusBar.NetworkController(  246): ------------------mEthernetConnected is  ----------false
D/StatusBar.NetworkController(  246): ------------------EthernetManager is on 11-11-11-11-11----------
D/StatusBar.NetworkController(  246): ------------------EthernetManager is on 13-13-13-13-13-13----------
D/StatusBar.NetworkController(  246): ------------------EthernetManager is on ----------
D/StatusBar.NetworkController(  246): ------------------getLinkStatus ----------
D/StatusBar.NetworkController(  246): ------------------mEthernetConnected is  ----------false
D/StatusBar.NetworkController(  246): ------------------EthernetManager is on 11-11-11-11-11----------
D/StatusBar.NetworkController(  246): ------------------EthernetManager is on 13-13-13-13-13-13----------
D/StatusBar.NetworkController(  246): ------------------EthernetManager is on ----------
D/StatusBar.NetworkController(  246): ------------------getLinkStatus ----------
D/StatusBar.NetworkController(  246): ------------------mEthernetConnected is  ----------false
D/StatusBar.NetworkController(  246): ------------------EthernetManager is on 11-11-11-11-11----------
D/StatusBar.NetworkController(  246): ------------------EthernetManager is on 13-13-13-13-13-13----------
D/StatusBar.NetworkController(  246): ------------------EthernetManager is on ----------
D/StatusBar.NetworkController(  246): ------------------getLinkStatus ----------
D/StatusBar.NetworkController(  246): ------------------mEthernetConnected is  ----------false
D/StatusBar.NetworkController(  246): ------------------EthernetManager is on 11-11-11-11-11----------
D/StatusBar.NetworkController(  246): ------------------EthernetManager is on 13-13-13-13-13-13----------
D/StatusBar.NetworkController(  246): ------------------EthernetManager is on ----------
D/StatusBar.NetworkController(  246): ------------------getLinkStatus ----------
D/StatusBar.NetworkController(  246): ------------------mEthernetConnected is  ----------false
D/StatusBar.NetworkController(  246): ------------------EthernetManager is on 11-11-11-11-11----------
D/StatusBar.NetworkController(  246): ------------------EthernetManager is on 13-13-13-13-13-13----------
D/StatusBar.NetworkController(  246): ------------------EthernetManager is on ----------
D/StatusBar.NetworkController(  246): ------------------getLinkStatus ----------
D/StatusBar.NetworkController(  246): ------------------mEthernetConnected is  ----------false
D/StatusBar.NetworkController(  246): ------------------EthernetManager is on 11-11-11-11-11----------
D/StatusBar.NetworkController(  246): ------------------EthernetManager is on 13-13-13-13-13-13----------
D/StatusBar.NetworkController(  246): ------------------EthernetManager is on ----------
D/StatusBar.NetworkController(  246): ------------------getLinkStatus ----------
D/StatusBar.NetworkController(  246): ------------------mEthernetConnected is  ----------false
D/StatusBar.NetworkController(  246): ------------------EthernetManager is on 11-11-11-11-11----------
D/StatusBar.NetworkController(  246): ------------------EthernetManager is on 13-13-13-13-13-13----------
D/StatusBar.NetworkController(  246): ------------------EthernetManager is on ----------
D/StatusBar.NetworkController(  246): ------------------getLinkStatus ----------
D/StatusBar.NetworkController(  246): ------------------mEthernetConnected is  ----------false
D/StatusBar.NetworkController(  246): ------------------EthernetManager is on 11-11-11-11-11----------
D/StatusBar.NetworkController(  246): ------------------EthernetManager is on 13-13-13-13-13-13----------
D/StatusBar.NetworkController(  246): ------------------EthernetManager is on ----------
D/StatusBar.NetworkController(  246): ------------------getLinkStatus ----------
D/StatusBar.NetworkController(  246): ------------------mEthernetConnected is  ----------false
D/StatusBar.NetworkController(  246): ------------------EthernetManager is on 11-11-11-11-11----------
D/StatusBar.NetworkController(  246): ------------------EthernetManager is on 13-13-13-13-13-13----------
I/ActivityManager(  148): START {cmp=com.coship.cibn/.activity.ChannelListActivity (has extras)} from pid 277
D/StatusBar.NetworkController(  246): ------------------EthernetManager is on ----------
D/StatusBar.NetworkController(  246): ------------------getLinkStatus ----------
D/StatusBar.NetworkController(  246): ------------------mEthernetConnected is  ----------false
D/StatusBar.NetworkController(  246): ------------------EthernetManager is on 11-11-11-11-11----------
D/StatusBar.NetworkController(  246): ------------------EthernetManager is on 13-13-13-13-13-13----------
I/ActivityManager(  148): START {cmp=com.coship.cibn/.activity.EPGActivity (has extras)} from pid 277
D/StatusBar.NetworkController(  246): ------------------EthernetManager is on ----------
D/StatusBar.NetworkController(  246): ------------------getLinkStatus ----------
D/StatusBar.NetworkController(  246): ------------------mEthernetConnected is  ----------false
D/StatusBar.NetworkController(  246): ------------------EthernetManager is on 11-11-11-11-11----------
D/StatusBar.NetworkController(  246): ------------------EthernetManager is on 13-13-13-13-13-13----------
D/StatusBar.NetworkController(  246): ------------------EthernetManager is on ----------
D/StatusBar.NetworkController(  246): ------------------getLinkStatus ----------
D/StatusBar.NetworkController(  246): ------------------mEthernetConnected is  ----------false
D/StatusBar.NetworkController(  246): ------------------EthernetManager is on 11-11-11-11-11----------
D/StatusBar.NetworkController(  246): ------------------EthernetManager is on 13-13-13-13-13-13----------
D/StatusBar.NetworkController(  246): ------------------EthernetManager is on ----------
D/StatusBar.NetworkController(  246): ------------------getLinkStatus ----------
D/StatusBar.NetworkController(  246): ------------------mEthernetConnected is  ----------false
D/StatusBar.NetworkController(  246): ------------------EthernetManager is on 11-11-11-11-11----------
D/StatusBar.NetworkController(  246): ------------------EthernetManager is on 13-13-13-13-13-13----------
D/StatusBar.NetworkController(  246): ------------------EthernetManager is on ----------
D/StatusBar.NetworkController(  246): ------------------getLinkStatus ----------
D/StatusBar.NetworkController(  246): ------------------mEthernetConnected is  ----------false
D/StatusBar.NetworkController(  246): ------------------EthernetManager is on 11-11-11-11-11----------
D/StatusBar.NetworkController(  246): ------------------EthernetManager is on 13-13-13-13-13-13----------
W/ActivityManager(  148): Duplicate finish request for ActivityRecord{410fdec0 com.coship.cibn/.activity.EPGActivity}
W/ActivityManager(  148): Duplicate finish request for ActivityRecord{412113c8 com.coship.cibn/.activity.ChannelListActivity}
D/StatusBar.NetworkController(  246): ------------------EthernetManager is on ----------
D/StatusBar.NetworkController(  246): ------------------getLinkStatus ----------
D/StatusBar.NetworkController(  246): ------------------mEthernetConnected is  ----------false
D/StatusBar.NetworkController(  246): ------------------EthernetManager is on 11-11-11-11-11----------
D/StatusBar.NetworkController(  246): ------------------EthernetManager is on 13-13-13-13-13-13----------
D/StatusBar.NetworkController(  246): ------------------EthernetManager is on ----------
D/StatusBar.NetworkController(  246): ------------------getLinkStatus ----------
D/StatusBar.NetworkController(  246): ------------------mEthernetConnected is  ----------false
D/StatusBar.NetworkController(  246): ------------------EthernetManager is on 11-11-11-11-11----------
D/StatusBar.NetworkController(  246): ------------------EthernetManager is on 13-13-13-13-13-13----------
I/ActivityManager(  148): START {cmp=com.coship.cibn/.activity.VodListActivity (has extras)} from pid 277
D/StatusBar.NetworkController(  246): ------------------EthernetManager is on ----------
D/StatusBar.NetworkController(  246): ------------------getLinkStatus ----------
D/StatusBar.NetworkController(  246): ------------------mEthernetConnected is  ----------false
D/StatusBar.NetworkController(  246): ------------------EthernetManager is on 11-11-11-11-11----------
D/StatusBar.NetworkController(  246): ------------------EthernetManager is on 13-13-13-13-13-13----------
D/StatusBar.NetworkController(  246): ------------------EthernetManager is on ----------
D/StatusBar.NetworkController(  246): ------------------getLinkStatus ----------
D/StatusBar.NetworkController(  246): ------------------mEthernetConnected is  ----------false
D/StatusBar.NetworkController(  246): ------------------EthernetManager is on 11-11-11-11-11----------
D/StatusBar.NetworkController(  246): ------------------EthernetManager is on 13-13-13-13-13-13----------
D/StatusBar.NetworkController(  246): ------------------EthernetManager is on ----------
D/StatusBar.NetworkController(  246): ------------------getLinkStatus ----------
D/StatusBar.NetworkController(  246): ------------------mEthernetConnected is  ----------false
D/StatusBar.NetworkController(  246): ------------------EthernetManager is on 11-11-11-11-11----------
D/StatusBar.NetworkController(  246): ------------------EthernetManager is on 13-13-13-13-13-13----------
W/ActivityManager(  148): Duplicate finish request for ActivityRecord{4111d798 com.coship.cibn/.activity.VodListActivity}
D/StatusBar.NetworkController(  246): ------------------EthernetManager is on ----------
D/StatusBar.NetworkController(  246): ------------------getLinkStatus ----------
D/StatusBar.NetworkController(  246): ------------------mEthernetConnected is  ----------false
D/StatusBar.NetworkController(  246): ------------------EthernetManager is on 11-11-11-11-11----------
D/StatusBar.NetworkController(  246): ------------------EthernetManager is on 13-13-13-13-13-13----------
D/StatusBar.NetworkController(  246): ------------------EthernetManager is on ----------
D/StatusBar.NetworkController(  246): ------------------getLinkStatus ----------
D/StatusBar.NetworkController(  246): ------------------mEthernetConnected is  ----------false
D/StatusBar.NetworkController(  246): ------------------EthernetManager is on 11-11-11-11-11----------
D/StatusBar.NetworkController(  246): ------------------EthernetManager is on 13-13-13-13-13-13----------
D/StatusBar.NetworkController(  246): ------------------EthernetManager is on ----------
D/StatusBar.NetworkController(  246): ------------------getLinkStatus ----------
D/StatusBar.NetworkController(  246): ------------------mEthernetConnected is  ----------false
D/StatusBar.NetworkController(  246): ------------------EthernetManager is on 11-11-11-11-11----------
D/StatusBar.NetworkController(  246): ------------------EthernetManager is on 13-13-13-13-13-13----------
D/StatusBar.NetworkController(  246): ------------------EthernetManager is on ----------
D/StatusBar.NetworkController(  246): ------------------getLinkStatus ----------
D/StatusBar.NetworkController(  246): ------------------mEthernetConnected is  ----------false
D/StatusBar.NetworkController(  246): ------------------EthernetManager is on 11-11-11-11-11----------
D/StatusBar.NetworkController(  246): ------------------EthernetManager is on 13-13-13-13-13-13----------
D/StatusBar.NetworkController(  246): ------------------EthernetManager is on ----------
D/StatusBar.NetworkController(  246): ------------------getLinkStatus ----------
D/StatusBar.NetworkController(  246): ------------------mEthernetConnected is  ----------false
D/StatusBar.NetworkController(  246): ------------------EthernetManager is on 11-11-11-11-11----------
D/StatusBar.NetworkController(  246): ------------------EthernetManager is on 13-13-13-13-13-13----------
D/StatusBar.NetworkController(  246): ------------------EthernetManager is on ----------
D/StatusBar.NetworkController(  246): ------------------getLinkStatus ----------
D/StatusBar.NetworkController(  246): ------------------mEthernetConnected is  ----------false
D/StatusBar.NetworkController(  246): ------------------EthernetManager is on 11-11-11-11-11----------
D/StatusBar.NetworkController(  246): ------------------EthernetManager is on 13-13-13-13-13-13----------
D/StatusBar.NetworkController(  246): ------------------EthernetManager is on ----------
D/StatusBar.NetworkController(  246): ------------------getLinkStatus ----------
D/StatusBar.NetworkController(  246): ------------------mEthernetConnected is  ----------false
D/StatusBar.NetworkController(  246): ------------------EthernetManager is on 11-11-11-11-11----------
D/StatusBar.NetworkController(  246): ------------------EthernetManager is on 13-13-13-13-13-13----------
I/ActivityManager(  148): START {cmp=com.coship.cibn/.activity.VodListActivity (has extras)} from pid 277
D/StatusBar.NetworkController(  246): ------------------EthernetManager is on ----------
D/StatusBar.NetworkController(  246): ------------------getLinkStatus ----------
D/StatusBar.NetworkController(  246): ------------------mEthernetConnected is  ----------false
D/StatusBar.NetworkController(  246): ------------------EthernetManager is on 11-11-11-11-11----------
D/StatusBar.NetworkController(  246): ------------------EthernetManager is on 13-13-13-13-13-13----------
W/ActivityManager(  148): Duplicate finish request for ActivityRecord{4111d320 com.coship.cibn/.activity.VodListActivity}
D/StatusBar.NetworkController(  246): ------------------EthernetManager is on ----------
D/StatusBar.NetworkController(  246): ------------------getLinkStatus ----------
D/StatusBar.NetworkController(  246): ------------------mEthernetConnected is  ----------false
D/StatusBar.NetworkController(  246): ------------------EthernetManager is on 11-11-11-11-11----------
D/StatusBar.NetworkController(  246): ------------------EthernetManager is on 13-13-13-13-13-13----------
D/StatusBar.NetworkController(  246): ------------------EthernetManager is on ----------
D/StatusBar.NetworkController(  246): ------------------getLinkStatus ----------
D/StatusBar.NetworkController(  246): ------------------mEthernetConnected is  ----------false
D/StatusBar.NetworkController(  246): ------------------EthernetManager is on 11-11-11-11-11----------
D/StatusBar.NetworkController(  246): ------------------EthernetManager is on 13-13-13-13-13-13----------
D/StatusBar.NetworkController(  246): ------------------EthernetManager is on ----------
D/StatusBar.NetworkController(  246): ------------------getLinkStatus ----------
D/StatusBar.NetworkController(  246): ------------------mEthernetConnected is  ----------false
D/StatusBar.NetworkController(  246): ------------------EthernetManager is on 11-11-11-11-11----------
D/StatusBar.NetworkController(  246): ------------------EthernetManager is on 13-13-13-13-13-13----------
I/ActivityManager(  148): START {cmp=com.coship.cibn/.activity.ChannelListActivity (has extras)} from pid 277
I/ActivityManager(  148): START {cmp=com.coship.cibn/.activity.EPGActivity (has extras)} from pid 277
D/StatusBar.NetworkController(  246): ------------------EthernetManager is on ----------
D/StatusBar.NetworkController(  246): ------------------getLinkStatus ----------
D/StatusBar.NetworkController(  246): ------------------mEthernetConnected is  ----------false
D/StatusBar.NetworkController(  246): ------------------EthernetManager is on 11-11-11-11-11----------
D/StatusBar.NetworkController(  246): ------------------EthernetManager is on 13-13-13-13-13-13----------
D/StatusBar.NetworkController(  246): ------------------EthernetManager is on ----------
D/StatusBar.NetworkController(  246): ------------------getLinkStatus ----------
D/StatusBar.NetworkController(  246): ------------------mEthernetConnected is  ----------false
D/StatusBar.NetworkController(  246): ------------------EthernetManager is on 11-11-11-11-11----------
D/StatusBar.NetworkController(  246): ------------------EthernetManager is on 13-13-13-13-13-13----------
W/ActivityManager(  148): Duplicate finish request for ActivityRecord{410fdec0 com.coship.cibn/.activity.EPGActivity}
D/StatusBar.NetworkController(  246): ------------------EthernetManager is on ----------
D/StatusBar.NetworkController(  246): ------------------getLinkStatus ----------
D/StatusBar.NetworkController(  246): ------------------mEthernetConnected is  ----------false
D/StatusBar.NetworkController(  246): ------------------EthernetManager is on 11-11-11-11-11----------
D/StatusBar.NetworkController(  246): ------------------EthernetManager is on 13-13-13-13-13-13----------
W/ActivityManager(  148): Duplicate finish request for ActivityRecord{413a0a90 com.coship.cibn/.activity.ChannelListActivity}
D/StatusBar.NetworkController(  246): ------------------EthernetManager is on ----------
D/StatusBar.NetworkController(  246): ------------------getLinkStatus ----------
D/StatusBar.NetworkController(  246): ------------------mEthernetConnected is  ----------false
D/StatusBar.NetworkController(  246): ------------------EthernetManager is on 11-11-11-11-11----------
D/StatusBar.NetworkController(  246): ------------------EthernetManager is on 13-13-13-13-13-13----------
D/StatusBar.NetworkController(  246): ------------------EthernetManager is on ----------
D/StatusBar.NetworkController(  246): ------------------getLinkStatus ----------
D/StatusBar.NetworkController(  246): ------------------mEthernetConnected is  ----------false
D/StatusBar.NetworkController(  246): ------------------EthernetManager is on 11-11-11-11-11----------
D/StatusBar.NetworkController(  246): ------------------EthernetManager is on 13-13-13-13-13-13----------
D/StatusBar.NetworkController(  246): ------------------EthernetManager is on ----------
D/StatusBar.NetworkController(  246): ------------------getLinkStatus ----------
D/StatusBar.NetworkController(  246): ------------------mEthernetConnected is  ----------false
D/StatusBar.NetworkController(  246): ------------------EthernetManager is on 11-11-11-11-11----------
D/StatusBar.NetworkController(  246): ------------------EthernetManager is on 13-13-13-13-13-13----------
D/StatusBar.NetworkController(  246): ------------------EthernetManager is on ----------
D/StatusBar.NetworkController(  246): ------------------getLinkStatus ----------
D/StatusBar.NetworkController(  246): ------------------mEthernetConnected is  ----------false
D/StatusBar.NetworkController(  246): ------------------EthernetManager is on 11-11-11-11-11----------
D/StatusBar.NetworkController(  246): ------------------EthernetManager is on 13-13-13-13-13-13----------
D/StatusBar.NetworkController(  246): ------------------EthernetManager is on ----------
D/StatusBar.NetworkController(  246): ------------------getLinkStatus ----------
D/StatusBar.NetworkController(  246): ------------------mEthernetConnected is  ----------false
D/StatusBar.NetworkController(  246): ------------------EthernetManager is on 11-11-11-11-11----------
D/StatusBar.NetworkController(  246): ------------------EthernetManager is on 13-13-13-13-13-13----------
D/StatusBar.NetworkController(  246): ------------------EthernetManager is on ----------
D/StatusBar.NetworkController(  246): ------------------getLinkStatus ----------
D/StatusBar.NetworkController(  246): ------------------mEthernetConnected is  ----------false
D/StatusBar.NetworkController(  246): ------------------EthernetManager is on 11-11-11-11-11----------
D/StatusBar.NetworkController(  246): ------------------EthernetManager is on 13-13-13-13-13-13----------
D/StatusBar.NetworkController(  246): ------------------EthernetManager is on ----------
D/StatusBar.NetworkController(  246): ------------------getLinkStatus ----------
D/StatusBar.NetworkController(  246): ------------------mEthernetConnected is  ----------false
D/StatusBar.NetworkController(  246): ------------------EthernetManager is on 11-11-11-11-11----------
