shell@android:/ # logcat
--------- beginning of /dev/log/system
D/StatusBar.NetworkController(  246): ------------------mEthernetConnected is  ----------false
D/StatusBar.NetworkController(  246): ------------------EthernetManager is on 11-11-11-11-11----------
D/StatusBar.NetworkController(  246): ------------------EthernetManager is on 13-13-13-13-13-13----------
I/ActivityManager(  148): START {cmp=com.coship.cibn/.activity.VodDetailsActivity (has extras)} from pid 277
D/StatusBar.NetworkController(  246): ------------------EthernetManager is on ----------
D/StatusBar.NetworkController(  246): ------------------getLinkStatus ----------
D/StatusBar.NetworkController(  246): ------------------mEthernetConnected is  ----------false
D/StatusBar.NetworkController(  246): ------------------EthernetManager is on 11-11-11-11-11----------
D/StatusBar.NetworkController(  246): ------------------EthernetManager is on 13-13-13-13-13-13----------
I/ActivityManager(  148): START {cmp=com.coship.cibn/.activity.PlayerActivity (has extras)} from pid 277
I/ActivityManager(  148): START {act=android.intent.action.MAIN cat=[android.intent.category.HOME] flg=0x10200000 cmp=com.coship.cibn/.MainActivity} from pid 148
W/ActivityManager(  148): Duplicate finish request for ActivityRecord{414161b8 com.coship.cibn/.activity.PlayerActivity}
D/StatusBar.NetworkController(  246): ------------------EthernetManager is on ----------
D/StatusBar.NetworkController(  246): ------------------getLinkStatus ----------
D/StatusBar.NetworkController(  246): ------------------mEthernetConnected is  ----------false
D/StatusBar.NetworkController(  246): ------------------EthernetManager is on 11-11-11-11-11----------
D/StatusBar.NetworkController(  246): ------------------EthernetManager is on 13-13-13-13-13-13----------
D/StatusBar.NetworkController(  246): ------------------EthernetManager is on ----------
D/StatusBar.NetworkController(  246): ------------------getLinkStatus ----------
D/StatusBar.NetworkController(  246): ------------------mEthernetConnected is  ----------false
D/StatusBar.NetworkController(  246): ------------------EthernetManager is on 11-11-11-11-11----------
D/StatusBar.NetworkController(  246): ------------------EthernetManager is on 13-13-13-13-13-13----------
D/StatusBar.NetworkController(  246): ------------------EthernetManager is on ----------
D/StatusBar.NetworkController(  246): ------------------getLinkStatus ----------
D/StatusBar.NetworkController(  246): ------------------mEthernetConnected is  ----------false
D/StatusBar.NetworkController(  246): ------------------EthernetManager is on 11-11-11-11-11----------
D/StatusBar.NetworkController(  246): ------------------EthernetManager is on 13-13-13-13-13-13----------
D/StatusBar.NetworkController(  246): ------------------EthernetManager is on ----------
D/StatusBar.NetworkController(  246): ------------------getLinkStatus ----------
D/StatusBar.NetworkController(  246): ------------------mEthernetConnected is  ----------false
D/StatusBar.NetworkController(  246): ------------------EthernetManager is on 11-11-11-11-11----------
D/StatusBar.NetworkController(  246): ------------------EthernetManager is on 13-13-13-13-13-13----------
D/StatusBar.NetworkController(  246): ------------------EthernetManager is on ----------
D/StatusBar.NetworkController(  246): ------------------getLinkStatus ----------
D/StatusBar.NetworkController(  246): ------------------mEthernetConnected is  ----------false
D/StatusBar.NetworkController(  246): ------------------EthernetManager is on 11-11-11-11-11----------
D/StatusBar.NetworkController(  246): ------------------EthernetManager is on 13-13-13-13-13-13----------
D/StatusBar.NetworkController(  246): ------------------EthernetManager is on ----------
D/StatusBar.NetworkController(  246): ------------------getLinkStatus ----------
D/StatusBar.NetworkController(  246): ------------------mEthernetConnected is  ----------false
D/StatusBar.NetworkController(  246): ------------------EthernetManager is on 11-11-11-11-11----------
D/StatusBar.NetworkController(  246): ------------------EthernetManager is on 13-13-13-13-13-13----------
D/StatusBar.NetworkController(  246): ------------------EthernetManager is on ----------
D/StatusBar.NetworkController(  246): ------------------getLinkStatus ----------
D/StatusBar.NetworkController(  246): ------------------mEthernetConnected is  ----------false
D/StatusBar.NetworkController(  246): ------------------EthernetManager is on 11-11-11-11-11----------
D/StatusBar.NetworkController(  246): ------------------EthernetManager is on 13-13-13-13-13-13----------
D/StatusBar.NetworkController(  246): ------------------EthernetManager is on ----------
D/StatusBar.NetworkController(  246): ------------------getLinkStatus ----------
D/StatusBar.NetworkController(  246): ------------------mEthernetConnected is  ----------false
D/StatusBar.NetworkController(  246): ------------------EthernetManager is on 11-11-11-11-11----------
D/StatusBar.NetworkController(  246): ------------------EthernetManager is on 13-13-13-13-13-13----------
D/StatusBar.NetworkController(  246): ------------------EthernetManager is on ----------
D/StatusBar.NetworkController(  246): ------------------getLinkStatus ----------
D/StatusBar.NetworkController(  246): ------------------mEthernetConnected is  ----------false
D/StatusBar.NetworkController(  246): ------------------EthernetManager is on 11-11-11-11-11----------
D/StatusBar.NetworkController(  246): ------------------EthernetManager is on 13-13-13-13-13-13----------
D/StatusBar.NetworkController(  246): ------------------EthernetManager is on ----------
D/StatusBar.NetworkController(  246): ------------------getLinkStatus ----------
D/StatusBar.NetworkController(  246): ------------------mEthernetConnected is  ----------false
D/StatusBar.NetworkController(  246): ------------------EthernetManager is on 11-11-11-11-11----------
D/StatusBar.NetworkController(  246): ------------------EthernetManager is on 13-13-13-13-13-13----------
D/StatusBar.NetworkController(  246): ------------------EthernetManager is on ----------
D/StatusBar.NetworkController(  246): ------------------getLinkStatus ----------
D/StatusBar.NetworkController(  246): ------------------mEthernetConnected is  ----------false
D/StatusBar.NetworkController(  246): ------------------EthernetManager is on 11-11-11-11-11----------
D/StatusBar.NetworkController(  246): ------------------EthernetManager is on 13-13-13-13-13-13----------
D/StatusBar.NetworkController(  246): ------------------EthernetManager is on ----------
D/StatusBar.NetworkController(  246): ------------------getLinkStatus ----------
D/StatusBar.NetworkController(  246): ------------------mEthernetConnected is  ----------false
D/StatusBar.NetworkController(  246): ------------------EthernetManager is on 11-11-11-11-11----------
D/StatusBar.NetworkController(  246): ------------------EthernetManager is on 13-13-13-13-13-13----------
D/StatusBar.NetworkController(  246): ------------------EthernetManager is on ----------
D/StatusBar.NetworkController(  246): ------------------getLinkStatus ----------
D/StatusBar.NetworkController(  246): ------------------mEthernetConnected is  ----------false
D/StatusBar.NetworkController(  246): ------------------EthernetManager is on 11-11-11-11-11----------
D/StatusBar.NetworkController(  246): ------------------EthernetManager is on 13-13-13-13-13-13----------
D/StatusBar.NetworkController(  246): ------------------EthernetManager is on ----------
D/StatusBar.NetworkController(  246): ------------------getLinkStatus ----------
D/StatusBar.NetworkController(  246): ------------------mEthernetConnected is  ----------false
D/StatusBar.NetworkController(  246): ------------------EthernetManager is on 11-11-11-11-11----------
D/StatusBar.NetworkController(  246): ------------------EthernetManager is on 13-13-13-13-13-13----------
D/StatusBar.NetworkController(  246): ------------------EthernetManager is on ----------
D/StatusBar.NetworkController(  246): ------------------getLinkStatus ----------
D/StatusBar.NetworkController(  246): ------------------mEthernetConnected is  ----------false
D/StatusBar.NetworkController(  246): ------------------EthernetManager is on 11-11-11-11-11----------
D/StatusBar.NetworkController(  246): ------------------EthernetManager is on 13-13-13-13-13-13----------
I/ActivityManager(  148): START {act=android.intent.action.MAIN cat=[android.intent.category.LAUNCHER] flg=0x10000000 pkg=com.rovio.angrybirdsseasons cmp=com.rovio.angrybirdsseasons/com.rovio.ka3d.App} from pid 277
I/ActivityManager(  148): Start proc com.rovio.angrybirdsseasons for activity com.rovio.angrybirdsseasons/com.rovio.ka3d.App: pid=3501 uid=10024 gids={3003}
V/TabletStatusBar(  246): setLightsOn(true)
W/InputManagerService(  148): Starting input on non-focused client com.android.internal.view.IInputMethodClient$Stub$Proxy@410a3758 (uid=10001 pid=277)
D/StatusBar.NetworkController(  246): ------------------EthernetManager is on ----------
D/StatusBar.NetworkController(  246): ------------------getLinkStatus ----------
D/StatusBar.NetworkController(  246): ------------------mEthernetConnected is  ----------false
D/StatusBar.NetworkController(  246): ------------------EthernetManager is on 11-11-11-11-11----------
D/StatusBar.NetworkController(  246): ------------------EthernetManager is on 13-13-13-13-13-13----------
D/StatusBar.NetworkController(  246): ------------------EthernetManager is on ----------
D/StatusBar.NetworkController(  246): ------------------getLinkStatus ----------
D/StatusBar.NetworkController(  246): ------------------mEthernetConnected is  ----------false
D/StatusBar.NetworkController(  246): ------------------EthernetManager is on 11-11-11-11-11----------
D/StatusBar.NetworkController(  246): ------------------EthernetManager is on 13-13-13-13-13-13----------
D/StatusBar.NetworkController(  246): ------------------EthernetManager is on ----------
D/StatusBar.NetworkController(  246): ------------------getLinkStatus ----------
D/StatusBar.NetworkController(  246): ------------------mEthernetConnected is  ----------false
D/StatusBar.NetworkController(  246): ------------------EthernetManager is on 11-11-11-11-11----------
D/StatusBar.NetworkController(  246): ------------------EthernetManager is on 13-13-13-13-13-13----------
D/StatusBar.NetworkController(  246): ------------------EthernetManager is on ----------
D/StatusBar.NetworkController(  246): ------------------getLinkStatus ----------
D/StatusBar.NetworkController(  246): ------------------mEthernetConnected is  ----------false
D/StatusBar.NetworkController(  246): ------------------EthernetManager is on 11-11-11-11-11----------
D/StatusBar.NetworkController(  246): ------------------EthernetManager is on 13-13-13-13-13-13----------
D/StatusBar.NetworkController(  246): ------------------EthernetManager is on ----------
D/StatusBar.NetworkController(  246): ------------------getLinkStatus ----------
D/StatusBar.NetworkController(  246): ------------------mEthernetConnected is  ----------false
D/StatusBar.NetworkController(  246): ------------------EthernetManager is on 11-11-11-11-11----------
D/StatusBar.NetworkController(  246): ------------------EthernetManager is on 13-13-13-13-13-13----------
D/StatusBar.NetworkController(  246): ------------------EthernetManager is on ----------
D/StatusBar.NetworkController(  246): ------------------getLinkStatus ----------
D/StatusBar.NetworkController(  246): ------------------mEthernetConnected is  ----------false
D/StatusBar.NetworkController(  246): ------------------EthernetManager is on 11-11-11-11-11----------
D/StatusBar.NetworkController(  246): ------------------EthernetManager is on 13-13-13-13-13-13----------
D/StatusBar.NetworkController(  246): ------------------EthernetManager is on ----------
D/StatusBar.NetworkController(  246): ------------------getLinkStatus ----------
D/StatusBar.NetworkController(  246): ------------------mEthernetConnected is  ----------false
D/StatusBar.NetworkController(  246): ------------------EthernetManager is on 11-11-11-11-11----------
D/StatusBar.NetworkController(  246): ------------------EthernetManager is on 13-13-13-13-13-13----------
D/StatusBar.NetworkController(  246): ------------------EthernetManager is on ----------
D/StatusBar.NetworkController(  246): ------------------getLinkStatus ----------
D/StatusBar.NetworkController(  246): ------------------mEthernetConnected is  ----------false
D/StatusBar.NetworkController(  246): ------------------EthernetManager is on 11-11-11-11-11----------
D/StatusBar.NetworkController(  246): ------------------EthernetManager is on 13-13-13-13-13-13----------
D/StatusBar.NetworkController(  246): ------------------EthernetManager is on ----------
D/StatusBar.NetworkController(  246): ------------------getLinkStatus ----------
D/StatusBar.NetworkController(  246): ------------------mEthernetConnected is  ----------false
D/StatusBar.NetworkController(  246): ------------------EthernetManager is on 11-11-11-11-11----------
D/StatusBar.NetworkController(  246): ------------------EthernetManager is on 13-13-13-13-13-13----------
D/StatusBar.NetworkController(  246): ------------------EthernetManager is on ----------
D/StatusBar.NetworkController(  246): ------------------getLinkStatus ----------
D/StatusBar.NetworkController(  246): ------------------mEthernetConnected is  ----------false
D/StatusBar.NetworkController(  246): ------------------EthernetManager is on 11-11-11-11-11----------
D/StatusBar.NetworkController(  246): ------------------EthernetManager is on 13-13-13-13-13-13----------
I/ActivityManager(  148): START {act=android.intent.action.MAIN cat=[android.intent.category.HOME] flg=0x10200000 cmp=com.coship.cibn/.MainActivity} from pid 148
I/ActivityManager(  148): START {act=android.intent.action.MAIN cat=[android.intent.category.HOME] flg=0x10200000 cmp=com.coship.cibn/.MainActivity} from pid 148
D/StatusBar.NetworkController(  246): ------------------EthernetManager is on ----------
D/StatusBar.NetworkController(  246): ------------------getLinkStatus ----------
D/StatusBar.NetworkController(  246): ------------------mEthernetConnected is  ----------false
D/StatusBar.NetworkController(  246): ------------------EthernetManager is on 11-11-11-11-11----------
D/StatusBar.NetworkController(  246): ------------------EthernetManager is on 13-13-13-13-13-13----------
D/StatusBar.NetworkController(  246): ------------------EthernetManager is on ----------
D/StatusBar.NetworkController(  246): ------------------getLinkStatus ----------
D/StatusBar.NetworkController(  246): ------------------mEthernetConnected is  ----------false
D/StatusBar.NetworkController(  246): ------------------EthernetManager is on 11-11-11-11-11----------
D/StatusBar.NetworkController(  246): ------------------EthernetManager is on 13-13-13-13-13-13----------
D/StatusBar.NetworkController(  246): ------------------EthernetManager is on ----------
D/StatusBar.NetworkController(  246): ------------------getLinkStatus ----------
D/StatusBar.NetworkController(  246): ------------------mEthernetConnected is  ----------false
D/StatusBar.NetworkController(  246): ------------------EthernetManager is on 11-11-11-11-11----------
D/StatusBar.NetworkController(  246): ------------------EthernetManager is on 13-13-13-13-13-13----------
D/StatusBar.NetworkController(  246): ------------------EthernetManager is on ----------
D/StatusBar.NetworkController(  246): ------------------getLinkStatus ----------
D/StatusBar.NetworkController(  246): ------------------mEthernetConnected is  ----------false
D/StatusBar.NetworkController(  246): ------------------EthernetManager is on 11-11-11-11-11----------
D/StatusBar.NetworkController(  246): ------------------EthernetManager is on 13-13-13-13-13-13----------
D/StatusBar.NetworkController(  246): ------------------EthernetManager is on ----------
D/StatusBar.NetworkController(  246): ------------------getLinkStatus ----------
D/StatusBar.NetworkController(  246): ------------------mEthernetConnected is  ----------false
D/StatusBar.NetworkController(  246): ------------------EthernetManager is on 11-11-11-11-11----------
D/StatusBar.NetworkController(  246): ------------------EthernetManager is on 13-13-13-13-13-13----------
D/StatusBar.NetworkController(  246): ------------------EthernetManager is on ----------
D/StatusBar.NetworkController(  246): ------------------getLinkStatus ----------
D/StatusBar.NetworkController(  246): ------------------mEthernetConnected is  ----------false
D/StatusBar.NetworkController(  246): ------------------EthernetManager is on 11-11-11-11-11----------
D/StatusBar.NetworkController(  246): ------------------EthernetManager is on 13-13-13-13-13-13----------
D/StatusBar.NetworkController(  246): ------------------EthernetManager is on ----------
D/StatusBar.NetworkController(  246): ------------------getLinkStatus ----------
D/StatusBar.NetworkController(  246): ------------------mEthernetConnected is  ----------false
D/StatusBar.NetworkController(  246): ------------------EthernetManager is on 11-11-11-11-11----------
D/StatusBar.NetworkController(  246): ------------------EthernetManager is on 13-13-13-13-13-13----------
D/StatusBar.NetworkController(  246): ------------------EthernetManager is on ----------
D/StatusBar.NetworkController(  246): ------------------getLinkStatus ----------
D/StatusBar.NetworkController(  246): ------------------mEthernetConnected is  ----------false
D/StatusBar.NetworkController(  246): ------------------EthernetManager is on 11-11-11-11-11----------
D/StatusBar.NetworkController(  246): ------------------EthernetManager is on 13-13-13-13-13-13----------
I/ActivityManager(  148): START {cmp=com.coship.cibn/.activity.VodDetailsActivity (has extras)} from pid 277
D/StatusBar.NetworkController(  246): ------------------EthernetManager is on ----------
D/StatusBar.NetworkController(  246): ------------------getLinkStatus ----------
D/StatusBar.NetworkController(  246): ------------------mEthernetConnected is  ----------false
D/StatusBar.NetworkController(  246): ------------------EthernetManager is on 11-11-11-11-11----------
D/StatusBar.NetworkController(  246): ------------------EthernetManager is on 13-13-13-13-13-13----------
D/StatusBar.NetworkController(  246): ------------------EthernetManager is on ----------
D/StatusBar.NetworkController(  246): ------------------getLinkStatus ----------
D/StatusBar.NetworkController(  246): ------------------mEthernetConnected is  ----------false
D/StatusBar.NetworkController(  246): ------------------EthernetManager is on 11-11-11-11-11----------
D/StatusBar.NetworkController(  246): ------------------EthernetManager is on 13-13-13-13-13-13----------
D/StatusBar.NetworkController(  246): ------------------EthernetManager is on ----------
D/StatusBar.NetworkController(  246): ------------------getLinkStatus ----------
D/StatusBar.NetworkController(  246): ------------------mEthernetConnected is  ----------false
D/StatusBar.NetworkController(  246): ------------------EthernetManager is on 11-11-11-11-11----------
D/StatusBar.NetworkController(  246): ------------------EthernetManager is on 13-13-13-13-13-13----------
D/StatusBar.NetworkController(  246): ------------------EthernetManager is on ----------
D/StatusBar.NetworkController(  246): ------------------getLinkStatus ----------
D/StatusBar.NetworkController(  246): ------------------mEthernetConnected is  ----------false
D/StatusBar.NetworkController(  246): ------------------EthernetManager is on 11-11-11-11-11----------
D/StatusBar.NetworkController(  246): ------------------EthernetManager is on 13-13-13-13-13-13----------
D/StatusBar.NetworkController(  246): ------------------EthernetManager is on ----------
D/StatusBar.NetworkController(  246): ------------------getLinkStatus ----------
D/StatusBar.NetworkController(  246): ------------------mEthernetConnected is  ----------false
D/StatusBar.NetworkController(  246): ------------------EthernetManager is on 11-11-11-11-11----------
D/StatusBar.NetworkController(  246): ------------------EthernetManager is on 13-13-13-13-13-13----------
D/StatusBar.NetworkController(  246): ------------------EthernetManager is on ----------
D/StatusBar.NetworkController(  246): ------------------getLinkStatus ----------
D/StatusBar.NetworkController(  246): ------------------mEthernetConnected is  ----------false
D/StatusBar.NetworkController(  246): ------------------EthernetManager is on 11-11-11-11-11----------
D/StatusBar.NetworkController(  246): ------------------EthernetManager is on 13-13-13-13-13-13----------
D/StatusBar.NetworkController(  246): ------------------EthernetManager is on ----------
D/StatusBar.NetworkController(  246): ------------------getLinkStatus ----------
D/StatusBar.NetworkController(  246): ------------------mEthernetConnected is  ----------false
D/StatusBar.NetworkController(  246): ------------------EthernetManager is on 11-11-11-11-11----------
D/StatusBar.NetworkController(  246): ------------------EthernetManager is on 13-13-13-13-13-13----------
D/StatusBar.NetworkController(  246): ------------------EthernetManager is on ----------
D/StatusBar.NetworkController(  246): ------------------getLinkStatus ----------
D/StatusBar.NetworkController(  246): ------------------mEthernetConnected is  ----------false
D/StatusBar.NetworkController(  246): ------------------EthernetManager is on 11-11-11-11-11----------
D/StatusBar.NetworkController(  246): ------------------EthernetManager is on 13-13-13-13-13-13----------
D/StatusBar.NetworkController(  246): ------------------EthernetManager is on ----------
D/StatusBar.NetworkController(  246): ------------------getLinkStatus ----------
D/StatusBar.NetworkController(  246): ------------------mEthernetConnected is  ----------false
D/StatusBar.NetworkController(  246): ------------------EthernetManager is on 11-11-11-11-11----------
D/StatusBar.NetworkController(  246): ------------------EthernetManager is on 13-13-13-13-13-13----------
D/StatusBar.NetworkController(  246): ------------------EthernetManager is on ----------
D/StatusBar.NetworkController(  246): ------------------getLinkStatus ----------
D/StatusBar.NetworkController(  246): ------------------mEthernetConnected is  ----------false
D/StatusBar.NetworkController(  246): ------------------EthernetManager is on 11-11-11-11-11----------
D/StatusBar.NetworkController(  246): ------------------EthernetManager is on 13-13-13-13-13-13----------
I/ActivityManager(  148): START {cmp=com.coship.cibn/.activity.PlayerActivity (has extras)} from pid 277
D/StatusBar.NetworkController(  246): ------------------EthernetManager is on ----------
D/StatusBar.NetworkController(  246): ------------------getLinkStatus ----------
D/StatusBar.NetworkController(  246): ------------------mEthernetConnected is  ----------false
D/StatusBar.NetworkController(  246): ------------------EthernetManager is on 11-11-11-11-11----------
D/StatusBar.NetworkController(  246): ------------------EthernetManager is on 13-13-13-13-13-13----------
D/StatusBar.NetworkController(  246): ------------------EthernetManager is on ----------
D/StatusBar.NetworkController(  246): ------------------getLinkStatus ----------
D/StatusBar.NetworkController(  246): ------------------mEthernetConnected is  ----------false
D/StatusBar.NetworkController(  246): ------------------EthernetManager is on 11-11-11-11-11----------
D/StatusBar.NetworkController(  246): ------------------EthernetManager is on 13-13-13-13-13-13----------
D/StatusBar.NetworkController(  246): ------------------EthernetManager is on ----------
D/StatusBar.NetworkController(  246): ------------------getLinkStatus ----------
D/StatusBar.NetworkController(  246): ------------------mEthernetConnected is  ----------false
D/StatusBar.NetworkController(  246): ------------------EthernetManager is on 11-11-11-11-11----------
D/StatusBar.NetworkController(  246): ------------------EthernetManager is on 13-13-13-13-13-13----------
D/StatusBar.NetworkController(  246): ------------------EthernetManager is on ----------
D/StatusBar.NetworkController(  246): ------------------getLinkStatus ----------
D/StatusBar.NetworkController(  246): ------------------mEthernetConnected is  ----------false
D/StatusBar.NetworkController(  246): ------------------EthernetManager is on 11-11-11-11-11----------
D/StatusBar.NetworkController(  246): ------------------EthernetManager is on 13-13-13-13-13-13----------
D/StatusBar.NetworkController(  246): ------------------EthernetManager is on ----------
D/StatusBar.NetworkController(  246): ------------------getLinkStatus ----------
D/StatusBar.NetworkController(  246): ------------------mEthernetConnected is  ----------false
D/StatusBar.NetworkController(  246): ------------------EthernetManager is on 11-11-11-11-11----------
D/StatusBar.NetworkController(  246): ------------------EthernetManager is on 13-13-13-13-13-13----------
D/StatusBar.NetworkController(  246): ------------------EthernetManager is on ----------
D/StatusBar.NetworkController(  246): ------------------getLinkStatus ----------
D/StatusBar.NetworkController(  246): ------------------mEthernetConnected is  ----------false
D/StatusBar.NetworkController(  246): ------------------EthernetManager is on 11-11-11-11-11----------
D/StatusBar.NetworkController(  246): ------------------EthernetManager is on 13-13-13-13-13-13----------
D/StatusBar.NetworkController(  246): ------------------EthernetManager is on ----------
D/StatusBar.NetworkController(  246): ------------------getLinkStatus ----------
D/StatusBar.NetworkController(  246): ------------------mEthernetConnected is  ----------false
D/StatusBar.NetworkController(  246): ------------------EthernetManager is on 11-11-11-11-11----------
D/StatusBar.NetworkController(  246): ------------------EthernetManager is on 13-13-13-13-13-13----------
D/StatusBar.NetworkController(  246): ------------------EthernetManager is on ----------
D/StatusBar.NetworkController(  246): ------------------getLinkStatus ----------
D/StatusBar.NetworkController(  246): ------------------mEthernetConnected is  ----------false
D/StatusBar.NetworkController(  246): ------------------EthernetManager is on 11-11-11-11-11----------
D/StatusBar.NetworkController(  246): ------------------EthernetManager is on 13-13-13-13-13-13----------
D/StatusBar.NetworkController(  246): ------------------EthernetManager is on ----------
D/StatusBar.NetworkController(  246): ------------------getLinkStatus ----------
D/StatusBar.NetworkController(  246): ------------------mEthernetConnected is  ----------false
D/StatusBar.NetworkController(  246): ------------------EthernetManager is on 11-11-11-11-11----------
D/StatusBar.NetworkController(  246): ------------------EthernetManager is on 13-13-13-13-13-13----------
W/ActivityManager(  148): Duplicate finish request for ActivityRecord{411d3780 com.coship.cibn/.activity.PlayerActivity}
W/ActivityManager(  148): Duplicate finish request for ActivityRecord{411d3780 com.coship.cibn/.activity.PlayerActivity}
D/StatusBar.NetworkController(  246): ------------------EthernetManager is on ----------
D/StatusBar.NetworkController(  246): ------------------getLinkStatus ----------
D/StatusBar.NetworkController(  246): ------------------mEthernetConnected is  ----------false
D/StatusBar.NetworkController(  246): ------------------EthernetManager is on 11-11-11-11-11----------
D/StatusBar.NetworkController(  246): ------------------EthernetManager is on 13-13-13-13-13-13----------
D/StatusBar.NetworkController(  246): ------------------EthernetManager is on ----------
D/StatusBar.NetworkController(  246): ------------------getLinkStatus ----------
D/StatusBar.NetworkController(  246): ------------------mEthernetConnected is  ----------false
D/StatusBar.NetworkController(  246): ------------------EthernetManager is on 11-11-11-11-11----------
D/StatusBar.NetworkController(  246): ------------------EthernetManager is on 13-13-13-13-13-13----------
D/StatusBar.NetworkController(  246): ------------------EthernetManager is on ----------
D/StatusBar.NetworkController(  246): ------------------getLinkStatus ----------
D/StatusBar.NetworkController(  246): ------------------mEthernetConnected is  ----------false
D/StatusBar.NetworkController(  246): ------------------EthernetManager is on 11-11-11-11-11----------
D/StatusBar.NetworkController(  246): ------------------EthernetManager is on 13-13-13-13-13-13----------
I/ActivityManager(  148): START {act=android.intent.action.MAIN cat=[android.intent.category.LAUNCHER] flg=0x10000000 pkg=com.xianguo.pad cmp=com.xianguo.pad/.activity.CoverPageActivity} from pid 277
V/TabletStatusBar(  246): setLightsOn(true)
W/InputManagerService(  148): Starting input on non-focused client com.android.internal.view.IInputMethodClient$Stub$Proxy@410a3758 (uid=10001 pid=277)
D/StatusBar.NetworkController(  246): ------------------EthernetManager is on ----------
D/StatusBar.NetworkController(  246): ------------------getLinkStatus ----------
D/StatusBar.NetworkController(  246): ------------------mEthernetConnected is  ----------false
D/StatusBar.NetworkController(  246): ------------------EthernetManager is on 11-11-11-11-11----------
D/StatusBar.NetworkController(  246): ------------------EthernetManager is on 13-13-13-13-13-13----------
D/StatusBar.NetworkController(  246): ------------------EthernetManager is on ----------
D/StatusBar.NetworkController(  246): ------------------getLinkStatus ----------
D/StatusBar.NetworkController(  246): ------------------mEthernetConnected is  ----------false
D/StatusBar.NetworkController(  246): ------------------EthernetManager is on 11-11-11-11-11----------
D/StatusBar.NetworkController(  246): ------------------EthernetManager is on 13-13-13-13-13-13----------
D/StatusBar.NetworkController(  246): ------------------EthernetManager is on ----------
D/StatusBar.NetworkController(  246): ------------------getLinkStatus ----------
D/StatusBar.NetworkController(  246): ------------------mEthernetConnected is  ----------false
D/StatusBar.NetworkController(  246): ------------------EthernetManager is on 11-11-11-11-11----------
D/StatusBar.NetworkController(  246): ------------------EthernetManager is on 13-13-13-13-13-13----------
D/StatusBar.NetworkController(  246): ------------------EthernetManager is on ----------
D/StatusBar.NetworkController(  246): ------------------getLinkStatus ----------
D/StatusBar.NetworkController(  246): ------------------mEthernetConnected is  ----------false
D/StatusBar.NetworkController(  246): ------------------EthernetManager is on 11-11-11-11-11----------
D/StatusBar.NetworkController(  246): ------------------EthernetManager is on 13-13-13-13-13-13----------
D/StatusBar.NetworkController(  246): ------------------EthernetManager is on ----------
D/StatusBar.NetworkController(  246): ------------------getLinkStatus ----------
D/StatusBar.NetworkController(  246): ------------------mEthernetConnected is  ----------false
D/StatusBar.NetworkController(  246): ------------------EthernetManager is on 11-11-11-11-11----------
D/StatusBar.NetworkController(  246): ------------------EthernetManager is on 13-13-13-13-13-13----------
D/StatusBar.NetworkController(  246): ------------------EthernetManager is on ----------
D/StatusBar.NetworkController(  246): ------------------getLinkStatus ----------
D/StatusBar.NetworkController(  246): ------------------mEthernetConnected is  ----------false
D/StatusBar.NetworkController(  246): ------------------EthernetManager is on 11-11-11-11-11----------
D/StatusBar.NetworkController(  246): ------------------EthernetManager is on 13-13-13-13-13-13----------
D/StatusBar.NetworkController(  246): ------------------EthernetManager is on ----------
D/StatusBar.NetworkController(  246): ------------------getLinkStatus ----------
D/StatusBar.NetworkController(  246): ------------------mEthernetConnected is  ----------false
D/StatusBar.NetworkController(  246): ------------------EthernetManager is on 11-11-11-11-11----------
D/StatusBar.NetworkController(  246): ------------------EthernetManager is on 13-13-13-13-13-13----------
D/StatusBar.NetworkController(  246): ------------------EthernetManager is on ----------
D/StatusBar.NetworkController(  246): ------------------getLinkStatus ----------
D/StatusBar.NetworkController(  246): ------------------mEthernetConnected is  ----------false
D/StatusBar.NetworkController(  246): ------------------EthernetManager is on 11-11-11-11-11----------
D/StatusBar.NetworkController(  246): ------------------EthernetManager is on 13-13-13-13-13-13----------
W/ActivityManager(  148): Duplicate finish request for ActivityRecord{4111d798 com.xianguo.pad/.activity.CoverPageActivity}
D/StatusBar.NetworkController(  246): ------------------EthernetManager is on ----------
D/StatusBar.NetworkController(  246): ------------------getLinkStatus ----------
D/StatusBar.NetworkController(  246): ------------------mEthernetConnected is  ----------false
D/StatusBar.NetworkController(  246): ------------------EthernetManager is on 11-11-11-11-11----------
D/StatusBar.NetworkController(  246): ------------------EthernetManager is on 13-13-13-13-13-13----------
D/StatusBar.NetworkController(  246): ------------------EthernetManager is on ----------
D/StatusBar.NetworkController(  246): ------------------getLinkStatus ----------
D/StatusBar.NetworkController(  246): ------------------mEthernetConnected is  ----------false
D/StatusBar.NetworkController(  246): ------------------EthernetManager is on 11-11-11-11-11----------
D/StatusBar.NetworkController(  246): ------------------EthernetManager is on 13-13-13-13-13-13----------
I/ActivityManager(  148): START {act=android.intent.action.MAIN cat=[android.intent.category.HOME] flg=0x10200000 cmp=com.coship.cibn/.MainActivity} from pid 148
D/StatusBar.NetworkController(  246): ------------------EthernetManager is on ----------
D/StatusBar.NetworkController(  246): ------------------getLinkStatus ----------
D/StatusBar.NetworkController(  246): ------------------mEthernetConnected is  ----------false
D/StatusBar.NetworkController(  246): ------------------EthernetManager is on 11-11-11-11-11----------
D/StatusBar.NetworkController(  246): ------------------EthernetManager is on 13-13-13-13-13-13----------
D/StatusBar.NetworkController(  246): ------------------EthernetManager is on ----------
D/StatusBar.NetworkController(  246): ------------------getLinkStatus ----------
D/StatusBar.NetworkController(  246): ------------------mEthernetConnected is  ----------false
D/StatusBar.NetworkController(  246): ------------------EthernetManager is on 11-11-11-11-11----------
D/StatusBar.NetworkController(  246): ------------------EthernetManager is on 13-13-13-13-13-13----------
D/StatusBar.NetworkController(  246): ------------------EthernetManager is on ----------
D/StatusBar.NetworkController(  246): ------------------getLinkStatus ----------
D/StatusBar.NetworkController(  246): ------------------mEthernetConnected is  ----------false
D/StatusBar.NetworkController(  246): ------------------EthernetManager is on 11-11-11-11-11----------
D/StatusBar.NetworkController(  246): ------------------EthernetManager is on 13-13-13-13-13-13----------
D/StatusBar.NetworkController(  246): ------------------EthernetManager is on ----------
D/StatusBar.NetworkController(  246): ------------------getLinkStatus ----------
D/StatusBar.NetworkController(  246): ------------------mEthernetConnected is  ----------false
D/StatusBar.NetworkController(  246): ------------------EthernetManager is on 11-11-11-11-11----------
D/StatusBar.NetworkController(  246): ------------------EthernetManager is on 13-13-13-13-13-13----------
D/StatusBar.NetworkController(  246): ------------------EthernetManager is on ----------
D/StatusBar.NetworkController(  246): ------------------getLinkStatus ----------
D/StatusBar.NetworkController(  246): ------------------mEthernetConnected is  ----------false
D/StatusBar.NetworkController(  246): ------------------EthernetManager is on 11-11-11-11-11----------
D/StatusBar.NetworkController(  246): ------------------EthernetManager is on 13-13-13-13-13-13----------
D/StatusBar.NetworkController(  246): ------------------EthernetManager is on ----------
D/StatusBar.NetworkController(  246): ------------------getLinkStatus ----------
D/StatusBar.NetworkController(  246): ------------------mEthernetConnected is  ----------false
D/StatusBar.NetworkController(  246): ------------------EthernetManager is on 11-11-11-11-11----------
D/StatusBar.NetworkController(  246): ------------------EthernetManager is on 13-13-13-13-13-13----------
D/StatusBar.NetworkController(  246): ------------------EthernetManager is on ----------
D/StatusBar.NetworkController(  246): ------------------getLinkStatus ----------
D/StatusBar.NetworkController(  246): ------------------mEthernetConnected is  ----------false
D/StatusBar.NetworkController(  246): ------------------EthernetManager is on 11-11-11-11-11----------
D/StatusBar.NetworkController(  246): ------------------EthernetManager is on 13-13-13-13-13-13----------
I/ActivityManager(  148): START {cmp=com.coship.cibn/.activity.VodDetailsActivity (has extras)} from pid 277
I/ActivityManager(  148): START {cmp=com.coship.cibn/.activity.PlayerActivity (has extras)} from pid 277
E/NetlinkListener(   83): recvmsg mBuffer:
E/NetlinkListener(   83):  (add@/devices/platform/MtkUsbHcd.2/usb3/3-1)
W/Vold    (   83): subsys:usb
D/NetlinkEvent(   83): NL param 'DEVPATH=/devices/platform/MtkUsbHcd.2/usb3/3-1'
D/NetlinkEvent(   83): NL param 'MAJOR=189'
D/NetlinkEvent(   83): NL param 'MINOR=257'
D/NetlinkEvent(   83): NL param 'DEVNAME=bus/usb/003/002'
D/NetlinkEvent(   83): NL param 'DEVTYPE=usb_device'
D/NetlinkEvent(   83): NL param 'DEVICE=/proc/bus/usb/003/002'
D/NetlinkEvent(   83): NL param 'PRODUCT=1058/1010/175'
D/NetlinkEvent(   83): NL param 'TYPE=0/0/0'
D/NetlinkEvent(   83): NL param 'BUSNUM=003'
D/NetlinkEvent(   83): NL param 'DEVNUM=002'
E/NetlinkListener(   84): recvmsg mBuffer:
E/NetlinkListener(   84):  (add@/devices/platform/MtkUsbHcd.2/usb3/3-1)
E/NetlinkListener(   84): recvmsg mBuffer:
E/NetlinkListener(   84):  (add@/devices/platform/MtkUsbHcd.2/usb3/3-1/3-1:1.0)
E/NetlinkListener(   83): recvmsg mBuffer:
E/NetlinkListener(   83):  (add@/devices/platform/MtkUsbHcd.2/usb3/3-1/3-1:1.0)
W/Vold    (   83): subsys:usb
D/NetlinkEvent(   83): NL param 'DEVPATH=/devices/platform/MtkUsbHcd.2/usb3/3-1/3-1:1.0'
D/NetlinkEvent(   83): NL param 'DEVTYPE=usb_interface'
D/NetlinkEvent(   83): NL param 'DEVICE=/proc/bus/usb/003/002'
D/NetlinkEvent(   83): NL param 'PRODUCT=1058/1010/175'
D/NetlinkEvent(   83): NL param 'TYPE=0/0/0'
D/NetlinkEvent(   83): NL param 'INTERFACE=8/6/80'
D/NetlinkEvent(   83): NL param 'MODALIAS=usb:v1058p1010d0175dc00dsc00dp00ic08isc06ip50'
E/NetlinkListener(   83): recvmsg mBuffer:
E/NetlinkListener(   83):  (add@/devices/platform/MtkUsbHcd.2/usb3/3-1/3-1:1.0/host1)
W/Vold    (   83): subsys:scsi
D/NetlinkEvent(   83): NL param 'DEVPATH=/devices/platform/MtkUsbHcd.2/usb3/3-1/3-1:1.0/host1'
D/NetlinkEvent(   83): NL param 'DEVTYPE=scsi_host'
E/NetlinkListener(   84): recvmsg mBuffer:
E/NetlinkListener(   84):  (add@/devices/platform/MtkUsbHcd.2/usb3/3-1/3-1:1.0/host1)
E/NetlinkListener(   83): recvmsg mBuffer:
E/NetlinkListener(   83):  (add@/devices/platform/MtkUsbHcd.2/usb3/3-1/3-1:1.0/host1/scsi_host/host1)
W/Vold    (   83): subsys:scsi_host
D/NetlinkEvent(   83): NL param 'DEVPATH=/devices/platform/MtkUsbHcd.2/usb3/3-1/3-1:1.0/host1/scsi_host/host1'
E/NetlinkListener(   84): recvmsg mBuffer:
E/NetlinkListener(   84):  (add@/devices/platform/MtkUsbHcd.2/usb3/3-1/3-1:1.0/host1/scsi_host/host1)
I/ActivityManager(  148): START {act=android.intent.action.MAIN cat=[android.intent.category.HOME] flg=0x10200000 cmp=com.coship.cibn/.MainActivity} from pid 148
I/ActivityManager(  148): START {act=android.intent.action.MAIN cat=[android.intent.category.HOME] flg=0x10200000 cmp=com.coship.cibn/.MainActivity} from pid 148
W/ActivityManager(  148): Duplicate finish request for ActivityRecord{413a5900 com.coship.cibn/.activity.PlayerActivity}
E/NetlinkListener(   83): recvmsg mBuffer:
E/NetlinkListener(   83):  (add@/devices/platform/MtkUsbHcd.2/usb3/3-1/3-1:1.0/host1/target1:0:0)
W/Vold    (   83): subsys:scsi
D/NetlinkEvent(   83): NL param 'DEVPATH=/devices/platform/MtkUsbHcd.2/usb3/3-1/3-1:1.0/host1/target1:0:0'
D/NetlinkEvent(   83): NL param 'DEVTYPE=scsi_target'
E/NetlinkListener(   84): recvmsg mBuffer:
E/NetlinkListener(   84):  (add@/devices/platform/MtkUsbHcd.2/usb3/3-1/3-1:1.0/host1/target1:0:0)
E/NetlinkListener(   83): recvmsg mBuffer:
E/NetlinkListener(   83):  (add@/devices/platform/MtkUsbHcd.2/usb3/3-1/3-1:1.0/host1/target1:0:0/1:0:0:0)
W/Vold    (   83): subsys:scsi
D/NetlinkEvent(   83): NL param 'DEVPATH=/devices/platform/MtkUsbHcd.2/usb3/3-1/3-1:1.0/host1/target1:0:0/1:0:0:0'
D/NetlinkEvent(   83): NL param 'DEVTYPE=scsi_device'
D/NetlinkEvent(   83): NL param 'MODALIAS=scsi:t-0x00'
E/NetlinkListener(   83): recvmsg mBuffer:
E/NetlinkListener(   83):  (add@/devices/platform/MtkUsbHcd.2/usb3/3-1/3-1:1.0/host1/target1:0:0/1:0:0:0/scsi_disk/1:0:0:0)
W/Vold    (   83): subsys:scsi_disk
D/NetlinkEvent(   83): NL param 'DEVPATH=/devices/platform/MtkUsbHcd.2/usb3/3-1/3-1:1.0/host1/target1:0:0/1:0:0:0/scsi_disk/1:0:0:0'
E/NetlinkListener(   84): recvmsg mBuffer:
E/NetlinkListener(   84):  (add@/devices/platform/MtkUsbHcd.2/usb3/3-1/3-1:1.0/host1/target1:0:0/1:0:0:0)
E/NetlinkListener(   84): recvmsg mBuffer:
E/NetlinkListener(   84):  (add@/devices/platform/MtkUsbHcd.2/usb3/3-1/3-1:1.0/host1/target1:0:0/1:0:0:0/scsi_disk/1:0:0:0)
E/NetlinkListener(   83): recvmsg mBuffer:
E/NetlinkListener(   83):  (add@/devices/platform/MtkUsbHcd.2/usb3/3-1/3-1:1.0/host1/target1:0:0/1:0:0:0/scsi_device/1:0:0:0)
W/Vold    (   83): subsys:scsi_device
D/NetlinkEvent(   83): NL param 'DEVPATH=/devices/platform/MtkUsbHcd.2/usb3/3-1/3-1:1.0/host1/target1:0:0/1:0:0:0/scsi_device/1:0:0:0'
E/NetlinkListener(   84): recvmsg mBuffer:
E/NetlinkListener(   84):  (add@/devices/platform/MtkUsbHcd.2/usb3/3-1/3-1:1.0/host1/target1:0:0/1:0:0:0/scsi_device/1:0:0:0)
E/NetlinkListener(   83): recvmsg mBuffer:
E/NetlinkListener(   83):  (add@/devices/platform/MtkUsbHcd.2/usb3/3-1/3-1:1.0/host1/target1:0:0/1:0:0:0/bsg/1:0:0:0)
W/Vold    (   83): subsys:bsg
D/NetlinkEvent(   83): NL param 'DEVPATH=/devices/platform/MtkUsbHcd.2/usb3/3-1/3-1:1.0/host1/target1:0:0/1:0:0:0/bsg/1:0:0:0'
D/NetlinkEvent(   83): NL param 'MAJOR=253'
D/NetlinkEvent(   83): NL param 'MINOR=0'
D/NetlinkEvent(   83): NL param 'DEVNAME=bsg/1:0:0:0'
E/NetlinkListener(   84): recvmsg mBuffer:
E/NetlinkListener(   84):  (add@/devices/platform/MtkUsbHcd.2/usb3/3-1/3-1:1.0/host1/target1:0:0/1:0:0:0/bsg/1:0:0:0)
E/NetlinkListener(   83): recvmsg mBuffer:
E/NetlinkListener(   83):  (add@/devices/virtual/bdi/8:0)
W/Vold    (   83): subsys:bdi
D/NetlinkEvent(   83): NL param 'DEVPATH=/devices/virtual/bdi/8:0'
E/NetlinkListener(   84): recvmsg mBuffer:
E/NetlinkListener(   84):  (add@/devices/virtual/bdi/8:0)
E/NetlinkListener(   83): recvmsg mBuffer:
E/NetlinkListener(   83):  (add@/devices/platform/MtkUsbHcd.2/usb3/3-1/3-1:1.0/host1/target1:0:0/1:0:0:0/block/sda)
W/Vold    (   83): subsys:block
D/NetlinkEvent(   83): NL param 'DEVPATH=/devices/platform/MtkUsbHcd.2/usb3/3-1/3-1:1.0/host1/target1:0:0/1:0:0:0/block/sda'
D/NetlinkEvent(   83): NL param 'MAJOR=8'
D/NetlinkEvent(   83): NL param 'MINOR=0'
D/NetlinkEvent(   83): NL param 'DEVNAME=sda'
D/NetlinkEvent(   83): NL param 'DEVTYPE=disk'
D/NetlinkEvent(   83): NL param 'NPARTS=1'
W/DirectVolume(   83): Get vold.firstMountDevice=none 
W/DirectVolume(   83):  
W/DirectVolume(   83):  Set vold.firstMountDevice=usbdisk3 
W/DirectVolume(   83):  
D/DirectVolume(   83): Dv::diskIns - waiting for 1 partitions (mask 0x2).mVolumeMinor=0
W/Vold    (   83): Get vold.firstMountDevice=usbdisk3 
W/Vold    (   83):  
D/Vold    (   83): Volume usbdisk3 state changing 0 (No-Media) -> 2 (Pending)
W/Vold    (   83): get partition mount point:minor:0,mVolumeMinor:0-->/mnt/vold/usbdisk3
W/Vold    (   83):  
W/Vold    (   83): get partition mount point:minor:0,mVolumeMinor:0-->/mnt/vold/usbdisk3
W/Vold    (   83):  
W/Vold    (   83): get partition mount point:minor:0,mVolumeMinor:0-->/mnt/vold/usbdisk3
W/Vold    (   83):  
D/Vold    (   83): Mountpoint(0) = /mnt/vold/usbdisk3, sChangeNotifyLabel = /mnt/sdcard
W/Vold    (   83): get partition mount point:minor:0,mVolumeMinor:0-->/mnt/vold/usbdisk3
W/Vold    (   83):  
W/Vold    (   83): get partition mount point:minor:0,mVolumeMinor:0-->/mnt/vold/usbdisk3
W/Vold    (   83):  
E/NetlinkListener(   84): recvmsg mBuffer:
E/NetlinkListener(   84):  (add@/devices/platform/MtkUsbHcd.2/usb3/3-1/3-1:1.0/host1/target1:0:0/1:0:0:0/block/sda)
E/NetlinkListener(   84): recvmsg mBuffer:
E/NetlinkListener(   84):  (add@/devices/platform/MtkUsbHcd.2/usb3/3-1/3-1:1.0/host1/target1:0:0/1:0:0:0/block/sda/sda1)
I/MountService(  148): onEvent:: raw= 605 Volume usbdisk3 /mnt/vold/usbdisk3 state changed from 0 (No-Media) to 2 (Pending) cooked =  605 Volume usbdisk3 /mnt/vold/usbdisk3 state changed from 0 (No-Media) to 2 (Pending)
I/MountService(  148): notifyVolumeStateChanged::removed
I/MountService(  148): onEvent:: raw= 630 Volume usbdisk3 /mnt/vold/usbdisk3 disk inserted (8:0) cooked =  630 Volume usbdisk3 /mnt/vold/usbdisk3 disk inserted (8:0)
I/MountService(  148): key:/mnt/vold/usbdisk1
I/MountService(  148): value:removed
I/MountService(  148): key:/mnt/sdcard
E/NetlinkListener(   83): recvmsg mBuffer:
E/NetlinkListener(   83):  (add@/devices/platform/MtkUsbHcd.2/usb3/3-1/3-1:1.0/host1/target1:0:0/1:0:0:0/block/sda/sda1)
W/Vold    (   83): subsys:block
D/NetlinkEvent(   83): NL param 'DEVPATH=/devices/platform/MtkUsbHcd.2/usb3/3-1/3-1:1.0/host1/target1:0:0/1:0:0:0/block/sda/sda1'
D/NetlinkEvent(   83): NL param 'MAJOR=8'
D/NetlinkEvent(   83): NL param 'MINOR=1'
D/NetlinkEvent(   83): NL param 'DEVNAME=sda1'
D/NetlinkEvent(   83): NL param 'DEVTYPE=partition'
D/NetlinkEvent(   83): NL param 'PARTN=1'
W/DirectVolume(   83): Get vold.firstMountDevice=usbdisk3 
W/DirectVolume(   83):  
D/DirectVolume(   83): Dv:partAdd: part_num = 1, minor = 1
W/Vold    (   83): get partition mount point:minor:0,mVolumeMinor:0-->/mnt/vold/usbdisk3
W/Vold    (   83):  
D/DirectVolume(   83): Dv:partAdd: partMountPoint=/mnt/vold/usbdisk3/sda1
W/Vold    (   83): add partition mount point:minor:1,mVolumeMinor:0-->/mnt/vold/usbdisk3/sda1
W/Vold    (   83):  
W/Vold    (   83): get partition mount point:minor:1,mVolumeMinor:0-->/mnt/vold/usbdisk3/sda1
W/Vold    (   83):  
D/DirectVolume(   83): send msg for add partition path.
W/Vold    (   83): get partition mount point:minor:1,mVolumeMinor:0-->/mnt/vold/usbdisk3/sda1
W/Vold    (   83):  
W/Vold    (   83): get partition mount point:minor:1,mVolumeMinor:0-->/mnt/vold/usbdisk3/sda1
W/Vold    (   83):  
E/DirectVolume(   83): create mountPoint (/mnt/vold/usbdisk3/sda1) successfully
D/DirectVolume(   83): Dv:partAdd: Got all partitions - ready to rock!
W/Vold    (   83): Get vold.firstMountDevice=usbdisk3 
W/Vold    (   83):  
D/Vold    (   83): Volume usbdisk3 state changing 2 (Pending) -> 1 (Idle-Unmounted)
W/Vold    (   83): get partition mount point:minor:0,mVolumeMinor:0-->/mnt/vold/usbdisk3
W/Vold    (   83):  
W/Vold    (   83): get partition mount point:minor:0,mVolumeMinor:0-->/mnt/vold/usbdisk3
W/Vold    (   83):  
W/Vold    (   83): get partition mount point:minor:0,mVolumeMinor:0-->/mnt/vold/usbdisk3
W/Vold    (   83):  
D/Vold    (   83): Mountpoint(0) = /mnt/vold/usbdisk3, sChangeNotifyLabel = /mnt/sdcard
W/Vold    (   83): get partition mount point:minor:0,mVolumeMinor:0-->/mnt/vold/usbdisk3
W/Vold    (   83):  
I/MountService(  148): value:removed
I/MountService(  148): key:/mnt/vold/satahdd
I/MountService(  148): value:removed
I/MountService(  148): key:/mnt/vold/usbdisk3
I/MountService(  148): value:removed
I/MountService(  148): key:/mnt/vold/usbdisk2
I/MountService(  148): value:removed
I/MountService(  148): mVolume[0]: /mnt/sdcard
I/MountService(  148): mVolume[1]: /mnt/vold/usbdisk1
I/MountService(  148): mVolume[2]: /mnt/vold/usbdisk2
I/MountService(  148): mVolume[3]: /mnt/vold/usbdisk3
I/MountService(  148): mVolume[4]: /mnt/vold/satahdd
I/MountService(  148): onEvent:: raw= 633 Volume usbdisk3 /mnt/vold/usbdisk3/sda1 partition mounted (8:0) cooked =  633 Volume usbdisk3 /mnt/vold/usbdisk3/sda1 partition mounted (8:0)
I/MountService(  148): StorageVolume [mAllowMassStorage=false, mDescription=内部存储空间, mEmulated=false, mMaxFileSize=0, mMtpReserveSpace=100, mPath=/mnt/sdcard, mRemovable=true, mStorageId=65537]
I/MountService(  148): StorageVolume [mAllowMassStorage=false, mDescription=USB 存储器, mEmulated=false, mMaxFileSize=0, mMtpReserveSpace=0, mPath=/mnt/vold/usbdisk1, mRemovable=true, mStorageId=131073]
I/MountService(  148): StorageVolume [mAllowMassStorage=false, mDescription=USB 存储器, mEmulated=false, mMaxFileSize=0, mMtpReserveSpace=0, mPath=/mnt/vold/usbdisk2, mRemovable=true, mStorageId=196609]
I/MountService(  148): StorageVolume [mAllowMassStorage=false, mDescription=USB 存储器, mEmulated=false, mMaxFileSize=0, mMtpReserveSpace=0, mPath=/mnt/vold/usbdisk3, mRemovable=true, mStorageId=262145]
I/MountService(  148): mVolume[3] disk: /mnt/vold/usbdisk3
I/MountService(  148): mVolume[3] partition: /mnt/vold/usbdisk3/sda1
