
130|shell@android:/ $ logcat                                                   
--------- beginning of /dev/log/system
V/EthernetMonitor(  989): get event 
V/EthernetMonitor(  989): go poll events
V/EthernetMonitor(  989): get event 
V/EthernetMonitor(  989): go poll events
V/EthernetMonitor(  989): get event 
V/EthernetMonitor(  989): go poll events
V/EthernetMonitor(  989): get event 
V/EthernetMonitor(  989): go poll events
W/ThrottleService(  989): unable to find stats for iface rmnet0
V/EthernetMonitor(  989): get event 
V/EthernetMonitor(  989): go poll events
V/EthernetMonitor(  989): get event 
V/EthernetMonitor(  989): go poll events
V/TabletStatusBar( 1196): setLightsOn(true)
E/ActivityThread( 1843): Activity com.coship.dvbsetting.systemsetting.SyssetAcivity has leaked ServiceConnection com.coship.dvbsetting.systemsetting.childview.NetUpdate$2@41655e28 that was originally bound here
E/ActivityThread( 1843): android.app.ServiceConnectionLeaked: Activity com.coship.dvbsetting.systemsetting.SyssetAcivity has leaked ServiceConnection com.coship.dvbsetting.systemsetting.childview.NetUpdate$2@41655e28 that was originally bound here
E/ActivityThread( 1843):        at android.app.LoadedApk$ServiceDispatcher.<init>(LoadedApk.java:936)
E/ActivityThread( 1843):        at android.app.LoadedApk.getServiceDispatcher(LoadedApk.java:830)
E/ActivityThread( 1843):        at android.app.ContextImpl.bindService(ContextImpl.java:1142)
E/ActivityThread( 1843):        at android.content.ContextWrapper.bindService(ContextWrapper.java:370)
E/ActivityThread( 1843):        at com.coship.dvbsetting.systemsetting.childview.NetUpdate.remoteAIDL(NetUpdate.java:345)
E/ActivityThread( 1843):        at com.coship.dvbsetting.systemsetting.childview.NetUpdate.show(NetUpdate.java:504)
E/ActivityThread( 1843):        at com.coship.dvbsetting.ExpanItem.clickandselect(ExpanItem.java:199)
E/ActivityThread( 1843):        at com.coship.dvbsetting.ExpanItem.access$000(ExpanItem.java:33)
E/ActivityThread( 1843):        at com.coship.dvbsetting.ExpanItem$onitemselect.onItemSelected(ExpanItem.java:151)
E/ActivityThread( 1843):        at android.widget.AdapterView.fireOnSelected(AdapterView.java:882)
E/ActivityThread( 1843):        at android.widget.AdapterView.access$200(AdapterView.java:48)
E/ActivityThread( 1843):        at android.widget.AdapterView$SelectionNotifier.run(AdapterView.java:848)
E/ActivityThread( 1843):        at android.os.Handler.handleCallback(Handler.java:605)
E/ActivityThread( 1843):        at android.os.Handler.dispatchMessage(Handler.java:92)
E/ActivityThread( 1843):        at android.os.Looper.loop(Looper.java:137)
E/ActivityThread( 1843):        at android.app.ActivityThread.main(ActivityThread.java:4424)
E/ActivityThread( 1843):        at java.lang.reflect.Method.invokeNative(Native Method)
E/ActivityThread( 1843):        at java.lang.reflect.Method.invoke(Method.java:511)
E/ActivityThread( 1843):        at com.android.internal.os.ZygoteInit$MethodAndArgsCaller.run(ZygoteInit.java:848)
E/ActivityThread( 1843):        at com.android.internal.os.ZygoteInit.main(ZygoteInit.java:575)
E/ActivityThread( 1843):        at dalvik.system.NativeStart.main(Native Method)
W/ActivityManager(  989): Unbind failed: could not find connection for android.os.BinderProxy@415e5040
V/TabletStatusBar( 1196): setLightsOn(true)
W/InputManagerService(  989): Starting input on non-focused client com.android.internal.view.IInputMethodClient$Stub$Proxy@41741038 (uid=1000 pid=1843)
I/ActivityManager(  989): START {act=android.intent.action.MAIN cat=[android.intent.category.LAUNCHER] flg=0x10000000 pkg=com.coship.dvbsetting cmp=com.coship.dvbsetting/.main} from pid 1331
V/TabletStatusBar( 1196): setLightsOn(true)
W/InputManagerService(  989): Starting input on non-focused client com.android.internal.view.IInputMethodClient$Stub$Proxy@415da440 (uid=10034 pid=1331)
I/ActivityManager(  989): START {cmp=com.coship.dvbsetting/.systemsetting.SyssetAcivity} from pid 1843
I/EthernetManager( 1843): Init Ethernet Manager, service: android.net.ethernet.IEthernetManager$Stub$Proxy@41820ba8
V/TabletStatusBar( 1196): setLightsOn(true)
V/EthernetMonitor(  989): get event 
V/EthernetMonitor(  989): go poll events
V/EthernetMonitor(  989): get event 
V/EthernetMonitor(  989): go poll events
I/ActivityManager(  989): No longer want com.mstar.dbprovider (pid 1179): hidden #16
I/ActivityManager(  989): No longer want com.coship.changetheaudiooutput (pid 1583): hidden #16
I/ActivityManager(  989): No longer want com.aidufei.movieonline (pid 1552): hidden #17
I/ActivityManager(  989): No longer want com.android.settings (pid 1539): hidden #18
I/ActivityManager(  989): No longer want android.process.acore (pid 1455): hidden #19
I/ActivityManager(  989): No longer want com.coship.cw880 (pid 1500): hidden #20
I/ActivityManager(  989): No longer want com.android.contacts (pid 1389): hidden #21
W/ActivityManager(  989): Scheduling restart of crashed service com.coship.cw880/.MonitorCw880 in 5000ms
W/ActivityManager(  989): Scheduling restart of crashed service com.coship.changetheaudiooutput/.AudioOutputServer in 14998ms
W/ActivityManager(  989): Scheduling restart of crashed service com.aidufei.movieonline/com.aidufei.otoService.OtOService in 24988ms
I/ActivityManager(  989): Start proc com.coship.cw880 for service com.coship.cw880/.MonitorCw880: pid=2180 uid=1000 gids={3003, 1015, 3002, 3001, 3004}
I/ActivityManager(  989): Start proc com.coship.changetheaudiooutput for service com.coship.changetheaudiooutput/.AudioOutputServer: pid=2195 uid=10031 gids={3002, 3001, 3004}
I/ActivityManager(  989): Start proc com.aidufei.movieonline for service com.aidufei.movieonline/com.aidufei.otoService.OtOService: pid=2208 uid=1000 gids={3003, 1015, 3002, 3001, 3004}
W/ThrottleService(  989): unable to find stats for iface rmnet0
V/TabletStatusBar( 1196): setLightsOn(true)
I/ActivityManager(  989): START {cmp=com.coship.dvbsetting/.systemsetting.SyssetAcivity} from pid 1843
I/EthernetManager( 1843): Init Ethernet Manager, service: android.net.ethernet.IEthernetManager$Stub$Proxy@42d38c68
V/TabletStatusBar( 1196): setLightsOn(true)
V/TabletStatusBar( 1196): setLightsOn(true)
V/TabletStatusBar( 1196): setLightsOn(true)
W/InputManagerService(  989): Starting input on non-focused client com.android.internal.view.IInputMethodClient$Stub$Proxy@41741038 (uid=1000 pid=1843)
I/ActivityManager(  989): No longer want com.coship.Multimedia (pid 1612): hidden #16
W/ActivityManager(  989): Scheduling restart of crashed service com.coship.Multimedia/.view.BackService in 5000ms
I/ActivityManager(  989): START {act=android.intent.action.MAIN cat=[android.intent.category.LAUNCHER] flg=0x10000000 pkg=com.coship.dvbsetting cmp=com.coship.dvbsetting/.main} from pid 1331
V/TabletStatusBar( 1196): setLightsOn(true)
W/InputManagerService(  989): Starting input on non-focused client com.android.internal.view.IInputMethodClient$Stub$Proxy@415da440 (uid=10034 pid=1331)
I/ActivityManager(  989): Start proc com.coship.Multimedia for service com.coship.Multimedia/.view.BackService: pid=2256 uid=1000 gids={3003, 1015, 3002, 3001, 3004}
V/TabletStatusBar( 1196): setLightsOn(true)
W/InputManagerService(  989): Starting input on non-focused client com.android.internal.view.IInputMethodClient$Stub$Proxy@41741038 (uid=1000 pid=1843)
I/ActivityManager(  989): START {act=android.intent.action.MAIN cat=[android.intent.category.LAUNCHER] flg=0x10000000 pkg=com.coship.dvbsetting cmp=com.coship.dvbsetting/.main} from pid 1331
V/TabletStatusBar( 1196): setLightsOn(true)
W/InputManagerService(  989): Starting input on non-focused client com.android.internal.view.IInputMethodClient$Stub$Proxy@415da440 (uid=10034 pid=1331)
V/EthernetMonitor(  989): get event 
V/EthernetMonitor(  989): go poll events
V/EthernetMonitor(  989): get event 
V/EthernetMonitor(  989): go poll events
I/ActivityManager(  989): START {cmp=com.coship.dvbsetting/.systemsetting.SyssetAcivity} from pid 1843
I/EthernetManager( 1843): Init Ethernet Manager, service: android.net.ethernet.IEthernetManager$Stub$Proxy@42ccba08
V/TabletStatusBar( 1196): setLightsOn(true)
V/TabletStatusBar( 1196): setLightsOn(true)
I/ActivityManager(  989): START {cmp=com.coship.dvbsetting/.netsetting.netSet} from pid 1843
I/EthernetManager( 1843): Init Ethernet Manager, service: android.net.ethernet.IEthernetManager$Stub$Proxy@42ce79c8
V/TabletStatusBar( 1196): setLightsOn(true)
I/ActivityManager(  989): START {cmp=com.coship.dvbsetting/.netsetting.dialog.WifiPWDialog (has extras)} from pid 1843
V/TabletStatusBar( 1196): setLightsOn(true)
V/EthernetMonitor(  989): get event 
V/EthernetMonitor(  989): go poll events
V/EthernetMonitor(  989): get event 
V/EthernetMonitor(  989): go poll events
V/EthernetMonitor(  989): get event 
V/EthernetMonitor(  989): go poll events
V/EthernetMonitor(  989): get event 
V/EthernetMonitor(  989): go poll events
V/EthernetMonitor(  989): get event 
V/EthernetMonitor(  989): go poll events
V/EthernetMonitor(  989): get event 
V/EthernetMonitor(  989): go poll events
V/EthernetMonitor(  989): get event 
V/EthernetMonitor(  989): go poll events
V/EthernetMonitor(  989): get event 
V/EthernetMonitor(  989): go poll events
V/TabletStatusBar( 1196): setLightsOn(true)
V/EthernetMonitor(  989): get event 
V/EthernetMonitor(  989): go poll events
V/EthernetMonitor(  989): get event 
V/EthernetMonitor(  989): go poll events
V/EthernetMonitor(  989): get event 
V/EthernetMonitor(  989): go poll events
V/EthernetMonitor(  989): get event 
V/EthernetMonitor(  989): go poll events
V/EthernetMonitor(  989): get event 
V/EthernetMonitor(  989): go poll events
V/EthernetMonitor(  989): get event 
V/EthernetMonitor(  989): go poll events
V/EthernetMonitor(  989): get event 
V/EthernetMonitor(  989): go poll events
V/EthernetMonitor(  989): get event 
V/EthernetMonitor(  989): go poll events
V/EthernetMonitor(  989): get event 
V/EthernetMonitor(  989): go poll events
V/EthernetMonitor(  989): get event 
V/EthernetMonitor(  989): go poll events
V/EthernetMonitor(  989): get event 
V/EthernetMonitor(  989): go poll events
V/EthernetMonitor(  989): get event 
V/EthernetMonitor(  989): go poll events
V/EthernetMonitor(  989): get event 
V/EthernetMonitor(  989): go poll events
V/EthernetMonitor(  989): get event 
V/EthernetMonitor(  989): go poll events
V/EthernetMonitor(  989): get event 
V/EthernetMonitor(  989): go poll events
V/EthernetMonitor(  989): get event 
V/EthernetMonitor(  989): go poll events
V/EthernetMonitor(  989): get event 
V/EthernetMonitor(  989): go poll events
V/EthernetMonitor(  989): get event 
V/EthernetMonitor(  989): go poll events
I/ActivityManager(  989): START {cmp=com.coship.dvbsetting/.netsetting.dialog.WifiPWDErrorDialog} from pid 1843
V/TabletStatusBar( 1196): setLightsOn(true)
V/TabletStatusBar( 1196): setLightsOn(true)
V/EthernetMonitor(  989): get event 
V/EthernetMonitor(  989): go poll events
V/EthernetMonitor(  989): get event 
V/EthernetMonitor(  989): go poll events
D/ConnectivityService(  989): ConnectivityChange for WIFI: DISCONNECTED/DISCONNECTED
E/MobileDataStateTracker(  989): default: Ignoring feature request because could not acquire PhoneService
E/MobileDataStateTracker(  989): default: Could not enable APN type "default"
D/ConnectivityService(  989): Attempting to switch to mobile
I/EthernetStateTracker(  989): reset device eth0
I/ActivityManager(  989): Start proc com.android.settings for broadcast com.android.settings/.net.GolableWifiChangeReceiver: pid=2334 uid=1000 gids={3003, 1015, 3002, 3001, 3004}
I/EthernetStateTracker(  989): trigger dhcp for device eth0
D/ConnectivityService(  989): Attempting to switch to ETH
D/EthernetStateTracker(  989): DhcpHandler: DHCP request started
D/ConnectivityService(  989): Attempting to switch to pppoe
D/ConnectivityService(  989): ConnectivityChange for WIFI: DISCONNECTED/DISCONNECTED
E/MobileDataStateTracker(  989): default: Ignoring feature request because could not acquire PhoneService
E/MobileDataStateTracker(  989): default: Could not enable APN type "default"
D/ConnectivityService(  989): Attempting to switch to mobile
I/EthernetStateTracker(  989): reset device eth0
I/EthernetStateTracker(  989): trigger dhcp for device eth0
D/ConnectivityService(  989): Attempting to switch to ETH
D/ConnectivityService(  989): Attempting to switch to pppoe
V/EthernetMonitor(  989): get event 
V/EthernetMonitor(  989): go poll events
I/ActivityManager(  989): Start proc com.biaoqi.stbwidget.host for broadcast com.biaoqi.stbwidget.host/.NetworkStatusChangeReceiver: pid=2352 uid=10026 gids={3003}
I/ActivityManager(  989): No longer want com.coship.TestApp (pid 1670): hidden #16
I/ActivityManager(  989): Start proc cn.tvbox for broadcast cn.tvbox/.receiver.NetworkConnectivityReceiver: pid=2369 uid=10035 gids={1015, 3003}
D/ConnectivityService(  989): handleInetConditionChange: no active default network - ignore
I/ActivityManager(  989): No longer want com.coship.startwizard (pid 1691): hidden #16
E/EthernetStateTracker(  989): DhcpHandler: DHCP request failed: Timed out waiting for dhcpcd to start
D/EthernetStateTracker(  989): DhcpHandler: DHCP request started
V/EthernetStateTracker(  989): configureInterfaceAutoIP skip!
V/TabletStatusBar( 1196): setLightsOn(true)
E/ActivityThread( 1843): Activity com.coship.dvbsetting.netsetting.netSet has leaked ServiceConnection android.bluetooth.BluetoothHeadset$1@42df3920 that was originally bound here
E/ActivityThread( 1843): android.app.ServiceConnectionLeaked: Activity com.coship.dvbsetting.netsetting.netSet has leaked ServiceConnection android.bluetooth.BluetoothHeadset$1@42df3920 that was originally bound here
E/ActivityThread( 1843):        at android.app.LoadedApk$ServiceDispatcher.<init>(LoadedApk.java:936)
E/ActivityThread( 1843):        at android.app.LoadedApk.getServiceDispatcher(LoadedApk.java:830)
E/ActivityThread( 1843):        at android.app.ContextImpl.bindService(ContextImpl.java:1142)
E/ActivityThread( 1843):        at android.content.ContextWrapper.bindService(ContextWrapper.java:370)
E/ActivityThread( 1843):        at android.bluetooth.BluetoothHeadset.<init>(BluetoothHeadset.java:231)
E/ActivityThread( 1843):        at android.bluetooth.BluetoothAdapter.getProfileProxy(BluetoothAdapter.java:1168)
E/ActivityThread( 1843):        at com.coship.dvbsetting.bluetooth.HeadsetProfile.<init>(HeadsetProfile.java:111)
E/ActivityThread( 1843):        at com.coship.dvbsetting.netsetting.BluetoothSet.init(BluetoothSet.java:160)
E/ActivityThread( 1843):        at com.coship.dvbsetting.netsetting.BluetoothSet.<init>(BluetoothSet.java:131)
E/ActivityThread( 1843):        at com.coship.dvbsetting.netsetting.BluetoothSet.getInstance(BluetoothSet.java:110)
E/ActivityThread( 1843):        at com.coship.dvbsetting.netsetting.netSet.onCreate(netSet.java:81)
E/ActivityThread( 1843):        at android.app.Activity.performCreate(Activity.java:4465)
E/ActivityThread( 1843):        at android.app.Instrumentation.callActivityOnCreate(Instrumentation.java:1049)
E/ActivityThread( 1843):        at android.app.ActivityThread.performLaunchActivity(ActivityThread.java:1920)
E/ActivityThread( 1843):        at android.app.ActivityThread.handleLaunchActivity(ActivityThread.java:1981)
E/ActivityThread( 1843):        at android.app.ActivityThread.access$600(ActivityThread.java:123)
E/ActivityThread( 1843):        at android.app.ActivityThread$H.handleMessage(ActivityThread.java:1147)
E/ActivityThread( 1843):        at android.os.Handler.dispatchMessage(Handler.java:99)
E/ActivityThread( 1843):        at android.os.Looper.loop(Looper.java:137)
E/ActivityThread( 1843):        at android.app.ActivityThread.main(ActivityThread.java:4424)
E/ActivityThread( 1843):        at java.lang.reflect.Method.invokeNative(Native Method)
E/ActivityThread( 1843):        at java.lang.reflect.Method.invoke(Method.java:511)
E/ActivityThread( 1843):        at com.android.internal.os.ZygoteInit$MethodAndArgsCaller.run(ZygoteInit.java:848)
E/ActivityThread( 1843):        at com.android.internal.os.ZygoteInit.main(ZygoteInit.java:575)
E/ActivityThread( 1843):        at dalvik.system.NativeStart.main(Native Method)
W/ActivityManager(  989): Unbind failed: could not find connection for android.os.BinderProxy@416f43b0
V/TabletStatusBar( 1196): setLightsOn(true)
W/InputManagerService(  989): Starting input on non-focused client com.android.internal.view.IInputMethodClient$Stub$Proxy@41741038 (uid=1000 pid=1843)
I/ActivityManager(  989): No longer want com.coship.stpservice (pid 1712): hidden #16
W/ActivityManager(  989): Scheduling restart of crashed service com.coship.stpservice/.StpService in 5000ms
I/ActivityManager(  989): START {act=android.intent.action.MAIN flg=0x10200000 cmp=com.aidufei.movieonline/.MainCatalogActivity} from pid 1331
W/ActivityManager(  989): Activity is launching as a new task, so cancelling activity result.
W/InputManagerService(  989): Starting input on non-focused client com.android.internal.view.IInputMethodClient$Stub$Proxy@415da440 (uid=10034 pid=1331)
I/ActivityManager(  989): Start proc com.coship.stpservice for service com.coship.stpservice/.StpService: pid=2424 uid=1000 gids={3003, 1015, 3002, 3001, 3004}
V/CheckBackdoors( 2424): add new backdoor. actionName=com.coship.adjustthevolume, backdoor.mBackdoorKey=0x5252525252
V/CheckBackdoors( 2424): add new backdoor. actionName=com.coship.adjustthevolume.Volup, backdoor.mBackdoorKey=0x18
V/CheckBackdoors( 2424): add new backdoor. actionName=com.coship.adjustthevolume.VolDown, backdoor.mBackdoorKey=0x19
V/TabletStatusBar( 1196): setLightsOn(true)
W/InputManagerService(  989): Starting input on non-focused client com.android.internal.view.IInputMethodClient$Stub$Proxy@41606420 (uid=1000 pid=2208)
I/ActivityManager(  989): START {act=android.intent.action.MAIN flg=0x10200000 cmp=com.aidufei.movieonline/.MainCatalogActivity} from pid 1331
W/ActivityManager(  989): Activity is launching as a new task, so cancelling activity result.
W/InputManagerService(  989): Starting input on non-focused client com.android.internal.view.IInputMethodClient$Stub$Proxy@415da440 (uid=10034 pid=1331)
V/TabletStatusBar( 1196): setLightsOn(true)
W/InputManagerService(  989): Starting input on non-focused client com.android.internal.view.IInputMethodClient$Stub$Proxy@41606420 (uid=1000 pid=2208)
E/EthernetStateTracker(  989): DhcpHandler: DHCP request failed: Timed out waiting for DHCP to finish
V/EthernetStateTracker(  989): configureInterfaceAutoIP skip!
I/ActivityManager(  989): START {act=android.intent.action.MAIN flg=0x10200000 cmp=com.coship.NetworkNavigation/.browser.BrowserActivity} from pid 1331
W/ActivityManager(  989): Activity is launching as a new task, so cancelling activity result.
I/ActivityManager(  989): Start proc com.coship.NetworkNavigation for activity com.coship.NetworkNavigation/.browser.BrowserActivity: pid=2456 uid=1000 gids={3003, 1015, 3002, 3001, 3004}
W/InputManagerService(  989): Starting input on non-focused client com.android.internal.view.IInputMethodClient$Stub$Proxy@415da440 (uid=10034 pid=1331)
V/TabletStatusBar( 1196): setLightsOn(true)
W/InputManagerService(  989): Starting input on non-focused client com.android.internal.view.IInputMethodClient$Stub$Proxy@416ac868 (uid=1000 pid=2456)
I/ActivityManager(  989): No longer want com.iflytek.vac (pid 1566): hidden #16
W/ActivityManager(  989): Scheduling restart of crashed service com.iflytek.vaf/com.iflytek.vocmd.Context in 5000ms
W/ActivityManager(  989): Scheduling restart of crashed service com.iflytek.vaf/com.iflytek.vac.Manager in 15000ms
W/ActivityManager(  989): Scheduling restart of crashed service com.iflytek.vaf/com.iflytek.vocmd.StartService in 25000ms
E/ActivityThread( 1598): Service com.iflytek.vaf.svc.VAFSvc has leaked IntentReceiver com.iflytek.vaf.svc.RemoteClientMonitor$5@417ad360 that was originally registered here. Are you missing a call to unregisterReceiver()?
E/ActivityThread( 1598): android.app.IntentReceiverLeaked: Service com.iflytek.vaf.svc.VAFSvc has leaked IntentReceiver com.iflytek.vaf.svc.RemoteClientMonitor$5@417ad360 that was originally registered here. Are you missing a call to unregisterReceiver()?
E/ActivityThread( 1598):        at android.app.LoadedApk$ReceiverDispatcher.<init>(LoadedApk.java:763)
E/ActivityThread( 1598):        at android.app.LoadedApk.getReceiverDispatcher(LoadedApk.java:567)
E/ActivityThread( 1598):        at android.app.ContextImpl.registerReceiverInternal(ContextImpl.java:1068)
E/ActivityThread( 1598):        at android.app.ContextImpl.registerReceiver(ContextImpl.java:1055)
E/ActivityThread( 1598):        at android.app.ContextImpl.registerReceiver(ContextImpl.java:1049)
E/ActivityThread( 1598):        at android.content.ContextWrapper.registerReceiver(ContextWrapper.java:341)
E/ActivityThread( 1598):        at com.iflytek.vaf.svc.RemoteClientMonitor.<init>(RemoteClientMonitor.java:270)
E/ActivityThread( 1598):        at com.iflytek.vaf.svc.VAFSvc$VafSvcImp.<init>(VAFSvc.java:268)
E/ActivityThread( 1598):        at com.iflytek.vaf.svc.VAFSvc.onCreate(VAFSvc.java:795)
E/ActivityThread( 1598):        at android.app.ActivityThread.handleCreateService(ActivityThread.java:2253)
E/ActivityThread( 1598):        at android.app.ActivityThread.access$1600(ActivityThread.java:123)
E/ActivityThread( 1598):        at android.app.ActivityThread$H.handleMessage(ActivityThread.java:1201)
E/ActivityThread( 1598):        at android.os.Handler.dispatchMessage(Handler.java:99)
E/ActivityThread( 1598):        at android.os.Looper.loop(Looper.java:137)
E/ActivityThread( 1598):        at android.app.ActivityThread.main(ActivityThread.java:4424)
E/ActivityThread( 1598):        at java.lang.reflect.Method.invokeNative(Native Method)
E/ActivityThread( 1598):        at java.lang.reflect.Method.invoke(Method.java:511)
E/ActivityThread( 1598):        at com.android.internal.os.ZygoteInit$MethodAndArgsCaller.run(ZygoteInit.java:848)
E/ActivityThread( 1598):        at com.android.internal.os.ZygoteInit.main(ZygoteInit.java:575)
E/ActivityThread( 1598):        at dalvik.system.NativeStart.main(Native Method)
E/ActivityThread( 1598): Service com.iflytek.vaf.svc.VAFSvc has leaked IntentReceiver com.iflytek.vaf.svc.CheckNetWork$1@416ed598 that was originally registered here. Are you missing a call to unregisterReceiver()?
E/ActivityThread( 1598): android.app.IntentReceiverLeaked: Service com.iflytek.vaf.svc.VAFSvc has leaked IntentReceiver com.iflytek.vaf.svc.CheckNetWork$1@416ed598 that was originally registered here. Are you missing a call to unregisterReceiver()?
E/ActivityThread( 1598):        at android.app.LoadedApk$ReceiverDispatcher.<init>(LoadedApk.java:763)
E/ActivityThread( 1598):        at android.app.LoadedApk.getReceiverDispatcher(LoadedApk.java:567)
E/ActivityThread( 1598):        at android.app.ContextImpl.registerReceiverInternal(ContextImpl.java:1068)
E/ActivityThread( 1598):        at android.app.ContextImpl.registerReceiver(ContextImpl.java:1055)
E/ActivityThread( 1598):        at android.app.ContextImpl.registerReceiver(ContextImpl.java:1049)
E/ActivityThread( 1598):        at android.content.ContextWrapper.registerReceiver(ContextWrapper.java:341)
E/ActivityThread( 1598):        at com.iflytek.vaf.svc.CheckNetWork.init(CheckNetWork.java:130)
E/ActivityThread( 1598):        at com.iflytek.vaf.svc.Talker.<init>(Talker.java:319)
E/ActivityThread( 1598):        at com.iflytek.vaf.svc.VAFSvc$VafSvcImp.<init>(VAFSvc.java:267)
E/ActivityThread( 1598):        at com.iflytek.vaf.svc.VAFSvc.onCreate(VAFSvc.java:795)
E/ActivityThread( 1598):        at android.app.ActivityThread.handleCreateService(ActivityThread.java:2253)
E/ActivityThread( 1598):        at android.app.ActivityThread.access$1600(ActivityThread.java:123)
E/ActivityThread( 1598):        at android.app.ActivityThread$H.handleMessage(ActivityThread.java:1201)
E/ActivityThread( 1598):        at android.os.Handler.dispatchMessage(Handler.java:99)
E/ActivityThread( 1598):        at android.os.Looper.loop(Looper.java:137)
E/ActivityThread( 1598):        at android.app.ActivityThread.main(ActivityThread.java:4424)
E/ActivityThread( 1598):        at java.lang.reflect.Method.invokeNative(Native Method)
E/ActivityThread( 1598):        at java.lang.reflect.Method.invoke(Method.java:511)
E/ActivityThread( 1598):        at com.android.internal.os.ZygoteInit$MethodAndArgsCaller.run(ZygoteInit.java:848)
E/ActivityThread( 1598):        at com.android.internal.os.ZygoteInit.main(ZygoteInit.java:575)
E/ActivityThread( 1598):        at dalvik.system.NativeStart.main(Native Method)
E/ActivityThread( 1598): Service com.iflytek.vaf.svc.VAFSvc has leaked ServiceConnection com.iflytek.xiri.recorder.impl.RemotePcmRecorder$2$1@414e9980 that was originally bound here
E/ActivityThread( 1598): android.app.ServiceConnectionLeaked: Service com.iflytek.vaf.svc.VAFSvc has leaked ServiceConnection com.iflytek.xiri.recorder.impl.RemotePcmRecorder$2$1@414e9980 that was originally bound here
E/ActivityThread( 1598):        at android.app.LoadedApk$ServiceDispatcher.<init>(LoadedApk.java:936)
E/ActivityThread( 1598):        at android.app.LoadedApk.getServiceDispatcher(LoadedApk.java:830)
E/ActivityThread( 1598):        at android.app.ContextImpl.bindService(ContextImpl.java:1142)
E/ActivityThread( 1598):        at android.content.ContextWrapper.bindService(ContextWrapper.java:370)
E/ActivityThread( 1598):        at com.iflytek.xiri.recorder.impl.RemotePcmRecorder$2.run(RemotePcmRecorder.java:206)
E/ActivityThread( 1598):        at com.iflytek.xiri.recorder.impl.RemotePcmRecorder.<init>(RemotePcmRecorder.java:213)
E/ActivityThread( 1598):        at com.iflytek.xiri.recorder.impl.RemotePcmRecorder.getPcmRecorder(RemotePcmRecorder.java:139)
E/ActivityThread( 1598):        at com.iflytek.vaf.svc.Talker.<init>(Talker.java:327)
E/ActivityThread( 1598):        at com.iflytek.vaf.svc.VAFSvc$VafSvcImp.<init>(VAFSvc.java:267)
E/ActivityThread( 1598):        at com.iflytek.vaf.svc.VAFSvc.onCreate(VAFSvc.java:795)
E/ActivityThread( 1598):        at android.app.ActivityThread.handleCreateService(ActivityThread.java:2253)
E/ActivityThread( 1598):        at android.app.ActivityThread.access$1600(ActivityThread.java:123)
E/ActivityThread( 1598):        at android.app.ActivityThread$H.handleMessage(ActivityThread.java:1201)
E/ActivityThread( 1598):        at android.os.Handler.dispatchMessage(Handler.java:99)
E/ActivityThread( 1598):        at android.os.Looper.loop(Looper.java:137)
E/ActivityThread( 1598):        at android.app.ActivityThread.main(ActivityThread.java:4424)
E/ActivityThread( 1598):        at java.lang.reflect.Method.invokeNative(Native Method)
E/ActivityThread( 1598):        at java.lang.reflect.Method.invoke(Method.java:511)
E/ActivityThread( 1598):        at com.android.internal.os.ZygoteInit$MethodAndArgsCaller.run(ZygoteInit.java:848)
E/ActivityThread( 1598):        at com.android.internal.os.ZygoteInit.main(ZygoteInit.java:575)
E/ActivityThread( 1598):        at dalvik.system.NativeStart.main(Native Method)
E/ActivityThread( 1598): Service com.iflytek.vaf.svc.VAFSvc has leaked ServiceConnection com.iflytek.business.speech.SpeechServiceUtil$2@413ac908 that was originally bound here
E/ActivityThread( 1598): android.app.ServiceConnectionLeaked: Service com.iflytek.vaf.svc.VAFSvc has leaked ServiceConnection com.iflytek.business.speech.SpeechServiceUtil$2@413ac908 that was originally bound here
E/ActivityThread( 1598):        at android.app.LoadedApk$ServiceDispatcher.<init>(LoadedApk.java:936)
E/ActivityThread( 1598):        at android.app.LoadedApk.getServiceDispatcher(LoadedApk.java:830)
E/ActivityThread( 1598):        at android.app.ContextImpl.bindService(ContextImpl.java:1142)
E/ActivityThread( 1598):        at android.content.ContextWrapper.bindService(ContextWrapper.java:370)
E/ActivityThread( 1598):        at com.iflytek.business.speech.SpeechServiceUtil.startSpeechService(SpeechServiceUtil.java:316)
E/ActivityThread( 1598):        at com.iflytek.business.speech.SpeechServiceUtil.<init>(SpeechServiceUtil.java:77)
E/ActivityThread( 1598):        at com.iflytek.tts.TextToSpeech.<init>(TextToSpeech.java:183)
E/ActivityThread( 1598):        at com.iflytek.vaf.svc.Speaker.<init>(Speaker.java:326)
E/ActivityThread( 1598):        at com.iflytek.vaf.svc.Speaker.getSpeaker(Speaker.java:313)
E/ActivityThread( 1598):        at com.iflytek.vaf.svc.Talker.<init>(Talker.java:349)
E/ActivityThread( 1598):        at com.iflytek.vaf.svc.VAFSvc$VafSvcImp.<init>(VAFSvc.java:267)
E/ActivityThread( 1598):        at com.iflytek.vaf.svc.VAFSvc.onCreate(VAFSvc.java:795)
E/ActivityThread( 1598):        at android.app.ActivityThread.handleCreateService(ActivityThread.java:2253)
E/ActivityThread( 1598):        at android.app.ActivityThread.access$1600(ActivityThread.java:123)
E/ActivityThread( 1598):        at android.app.ActivityThread$H.handleMessage(ActivityThread.java:1201)
E/ActivityThread( 1598):        at android.os.Handler.dispatchMessage(Handler.java:99)
E/ActivityThread( 1598):        at android.os.Looper.loop(Looper.java:137)
E/ActivityThread( 1598):        at android.app.ActivityThread.main(ActivityThread.java:4424)
E/ActivityThread( 1598):        at java.lang.reflect.Method.invokeNative(Native Method)
E/ActivityThread( 1598):        at java.lang.reflect.Method.invoke(Method.java:511)
E/ActivityThread( 1598):        at com.android.internal.os.ZygoteInit$MethodAndArgsCaller.run(ZygoteInit.java:848)
E/ActivityThread( 1598):        at com.android.internal.os.ZygoteInit.main(ZygoteInit.java:575)
E/ActivityThread( 1598):        at dalvik.system.NativeStart.main(Native Method)
E/ActivityThread( 1598): Service com.iflytek.vaf.svc.VAFSvc has leaked ServiceConnection com.iflytek.vaf.svc.Talker$3@414f6f20 that was originally bound here
E/ActivityThread( 1598): android.app.ServiceConnectionLeaked: Service com.iflytek.vaf.svc.VAFSvc has leaked ServiceConnection com.iflytek.vaf.svc.Talker$3@414f6f20 that was originally bound here
E/ActivityThread( 1598):        at android.app.LoadedApk$ServiceDispatcher.<init>(LoadedApk.java:936)
E/ActivityThread( 1598):        at android.app.LoadedApk.getServiceDispatcher(LoadedApk.java:830)
E/ActivityThread( 1598):        at android.app.ContextImpl.bindService(ContextImpl.java:1142)
E/ActivityThread( 1598):        at android.content.ContextWrapper.bindService(ContextWrapper.java:370)
E/ActivityThread( 1598):        at com.iflytek.vaf.svc.Talker.<init>(Talker.java:320)
E/ActivityThread( 1598):        at com.iflytek.vaf.svc.VAFSvc$VafSvcImp.<init>(VAFSvc.java:267)
E/ActivityThread( 1598):        at com.iflytek.vaf.svc.VAFSvc.onCreate(VAFSvc.java:795)
E/ActivityThread( 1598):        at android.app.ActivityThread.handleCreateService(ActivityThread.java:2253)
E/ActivityThread( 1598):        at android.app.ActivityThread.access$1600(ActivityThread.java:123)
E/ActivityThread( 1598):        at android.app.ActivityThread$H.handleMessage(ActivityThread.java:1201)
E/ActivityThread( 1598):        at android.os.Handler.dispatchMessage(Handler.java:99)
E/ActivityThread( 1598):        at android.os.Looper.loop(Looper.java:137)
E/ActivityThread( 1598):        at android.app.ActivityThread.main(ActivityThread.java:4424)
E/ActivityThread( 1598):        at java.lang.reflect.Method.invokeNative(Native Method)
E/ActivityThread( 1598):        at java.lang.reflect.Method.invoke(Method.java:511)
E/ActivityThread( 1598):        at com.android.internal.os.ZygoteInit$MethodAndArgsCaller.run(ZygoteInit.java:848)
E/ActivityThread( 1598):        at com.android.internal.os.ZygoteInit.main(ZygoteInit.java:575)
E/ActivityThread( 1598):        at dalvik.system.NativeStart.main(Native Method)
I/ActivityManager(  989): START {act=android.intent.action.MAIN cat=[android.intent.category.LAUNCHER] flg=0x10000000 pkg=com.coship.dvbsetting cmp=com.coship.dvbsetting/.main} from pid 1331
V/TabletStatusBar( 1196): setLightsOn(true)
W/InputManagerService(  989): Starting input on non-focused client com.android.internal.view.IInputMethodClient$Stub$Proxy@415da440 (uid=10034 pid=1331)
I/ActivityManager(  989): START {cmp=com.coship.dvbsetting/.netsetting.netSet} from pid 1843
I/EthernetManager( 1843): Init Ethernet Manager, service: android.net.ethernet.IEthernetManager$Stub$Proxy@42d26f40
V/TabletStatusBar( 1196): setLightsOn(true)
I/ActivityManager(  989): Start proc com.iflytek.vac for service com.iflytek.vaf/com.iflytek.vocmd.Context: pid=2499 uid=10027 gids={3003, 1015}
D/WifiP2pService(  989): P2pDisabledState{ what=131203 when=-1ms }
D/NetworkManagementService(  989): rsp <213 a4:a8:0f:ff:ff:0e 0.0.0.0 0 [down broadcast multicast]>
D/NetworkManagementService(  989): flags <[down broadcast multicast]>
V/EthernetMonitor(  989): get event 
V/EthernetMonitor(  989): go poll events
V/EthernetMonitor(  989): get event 
V/EthernetMonitor(  989): go poll events
V/EthernetMonitor(  989): get event 
V/EthernetMonitor(  989): go poll events
I/ActivityManager(  989): START {cmp=com.coship.dvbsetting/.netsetting.dialog.WifiPWDialog (has extras)} from pid 1843
V/TabletStatusBar( 1196): setLightsOn(true)
V/EthernetMonitor(  989): get event 
V/EthernetMonitor(  989): go poll events
V/EthernetMonitor(  989): get event 
V/EthernetMonitor(  989): go poll events
V/EthernetMonitor(  989): get event 
V/EthernetMonitor(  989): go poll events
V/EthernetMonitor(  989): get event 
V/EthernetMonitor(  989): go poll events
V/TabletStatusBar( 1196): setLightsOn(true)
V/EthernetMonitor(  989): get event 
V/EthernetMonitor(  989): go poll events
V/EthernetMonitor(  989): get event 
V/EthernetMonitor(  989): go poll events
V/EthernetMonitor(  989): get event 
V/EthernetMonitor(  989): go poll events
V/EthernetMonitor(  989): get event 
V/EthernetMonitor(  989): go poll events
V/EthernetMonitor(  989): get event 
V/EthernetMonitor(  989): go poll events
V/EthernetMonitor(  989): get event 
V/EthernetMonitor(  989): go poll events
V/EthernetMonitor(  989): get event 
V/EthernetMonitor(  989): go poll events
V/EthernetMonitor(  989): get event 
V/EthernetMonitor(  989): go poll events
V/EthernetMonitor(  989): get event 
V/EthernetMonitor(  989): go poll events
D/ConnectivityService(  989): ConnectivityChange for WIFI: CONNECTED/CONNECTED
D/ConnectivityService(  989): ConnectivityChange for WIFI: CONNECTED/CONNECTED
D/ConnectivityService(  989): handleConnectivityChange: address are the same reset per doReset linkProperty[1]: resetMask=0
I/ActivityManager(  989): Process com.coship.sdp.sce.tvappstore (pid 1288) has died.
W/ActivityManager(  989): Scheduling restart of crashed service com.coship.sdp.sce.tvappstore/.app.service.AppStoreCoreService in 1250ms
I/ActivityManager(  989): Start proc com.coship.sdp.sce.tvappstore for restart com.coship.sdp.sce.tvappstore: pid=2571 uid=1000 gids={3003, 1015, 3002, 3001, 3004}
V/TabletStatusBar( 1196): setLightsOn(true)
E/ActivityThread( 1843): Activity com.coship.dvbsetting.netsetting.netSet has leaked ServiceConnection android.bluetooth.BluetoothHeadset$1@4349be20 that was originally bound here
E/ActivityThread( 1843): android.app.ServiceConnectionLeaked: Activity com.coship.dvbsetting.netsetting.netSet has leaked ServiceConnection android.bluetooth.BluetoothHeadset$1@4349be20 that was originally bound here
E/ActivityThread( 1843):        at android.app.LoadedApk$ServiceDispatcher.<init>(LoadedApk.java:936)
E/ActivityThread( 1843):        at android.app.LoadedApk.getServiceDispatcher(LoadedApk.java:830)
E/ActivityThread( 1843):        at android.app.ContextImpl.bindService(ContextImpl.java:1142)
E/ActivityThread( 1843):        at android.content.ContextWrapper.bindService(ContextWrapper.java:370)
E/ActivityThread( 1843):        at android.bluetooth.BluetoothHeadset.<init>(BluetoothHeadset.java:231)
E/ActivityThread( 1843):        at android.bluetooth.BluetoothAdapter.getProfileProxy(BluetoothAdapter.java:1168)
E/ActivityThread( 1843):        at com.coship.dvbsetting.bluetooth.HeadsetProfile.<init>(HeadsetProfile.java:111)
E/ActivityThread( 1843):        at com.coship.dvbsetting.netsetting.BluetoothSet.init(BluetoothSet.java:160)
E/ActivityThread( 1843):        at com.coship.dvbsetting.netsetting.BluetoothSet.<init>(BluetoothSet.java:131)
E/ActivityThread( 1843):        at com.coship.dvbsetting.netsetting.BluetoothSet.getInstance(BluetoothSet.java:110)
E/ActivityThread( 1843):        at com.coship.dvbsetting.netsetting.netSet.onCreate(netSet.java:81)
E/ActivityThread( 1843):        at android.app.Activity.performCreate(Activity.java:4465)
E/ActivityThread( 1843):        at android.app.Instrumentation.callActivityOnCreate(Instrumentation.java:1049)
E/ActivityThread( 1843):        at android.app.ActivityThread.performLaunchActivity(ActivityThread.java:1920)
E/ActivityThread( 1843):        at android.app.ActivityThread.handleLaunchActivity(ActivityThread.java:1981)
E/ActivityThread( 1843):        at android.app.ActivityThread.access$600(ActivityThread.java:123)
E/ActivityThread( 1843):        at android.app.ActivityThread$H.handleMessage(ActivityThread.java:1147)
E/ActivityThread( 1843):        at android.os.Handler.dispatchMessage(Handler.java:99)
E/ActivityThread( 1843):        at android.os.Looper.loop(Looper.java:137)
E/ActivityThread( 1843):        at android.app.ActivityThread.main(ActivityThread.java:4424)
E/ActivityThread( 1843):        at java.lang.reflect.Method.invokeNative(Native Method)
E/ActivityThread( 1843):        at java.lang.reflect.Method.invoke(Method.java:511)
E/ActivityThread( 1843):        at com.android.internal.os.ZygoteInit$MethodAndArgsCaller.run(ZygoteInit.java:848)
E/ActivityThread( 1843):        at com.android.internal.os.ZygoteInit.main(ZygoteInit.java:575)
E/ActivityThread( 1843):        at dalvik.system.NativeStart.main(Native Method)
W/ActivityManager(  989): Unbind failed: could not find connection for android.os.BinderProxy@41658070
I/UsageStats(  989): No package stats for pkg:com.coship.dvbsetting
V/TabletStatusBar( 1196): setLightsOn(true)
W/InputManagerService(  989): Starting input on non-focused client com.android.internal.view.IInputMethodClient$Stub$Proxy@41741038 (uid=1000 pid=1843)
V/EthernetMonitor(  989): get event 
V/EthernetMonitor(  989): go poll events
V/EthernetMonitor(  989): get event 
V/EthernetMonitor(  989): go poll events
I/ActivityManager(  989): START {act=android.intent.action.MAIN flg=0x10200000 cmp=com.aidufei.movieonline/.MainCatalogActivity} from pid 1331
W/ActivityManager(  989): Activity is launching as a new task, so cancelling activity result.
W/InputManagerService(  989): Starting input on non-focused client com.android.internal.view.IInputMethodClient$Stub$Proxy@415da440 (uid=10034 pid=1331)
W/ThrottleService(  989): unable to find stats for iface rmnet0
I/ActivityManager(  989): START {flg=0x58000000 cmp=com.coship.dvbplayer/.main (has extras)} from pid 2208
I/ActivityManager(  989): Start proc com.coship.dvbplayer for activity com.coship.dvbplayer/.main: pid=2677 uid=10032 gids={3003, 1015}
V/TabletStatusBar( 1196): setLightsOn(true)
W/InputManagerService(  989): Starting input on non-focused client com.android.internal.view.IInputMethodClient$Stub$Proxy@41606420 (uid=1000 pid=2208)
W/ActivityManager(  989): Activity pause timeout for ActivityRecord{4168eac0 com.coship.dvbplayer/.main}
W/InputManagerService(  989): Starting input on non-focused client com.android.internal.view.IInputMethodClient$Stub$Proxy@4167d468 (uid=10032 pid=2677)
V/TabletStatusBar( 1196): setLightsOn(true)
W/InputManagerService(  989): Starting input on non-focused client com.android.internal.view.IInputMethodClient$Stub$Proxy@41606420 (uid=1000 pid=2208)
I/ActivityManager(  989): START {act=android.intent.action.MAIN cat=[android.intent.category.LAUNCHER] flg=0x10000000 pkg=com.coship.dvbsetting cmp=com.coship.dvbsetting/.main} from pid 1331
V/TabletStatusBar( 1196): setLightsOn(true)
W/InputManagerService(  989): Starting input on non-focused client com.android.internal.view.IInputMethodClient$Stub$Proxy@415da440 (uid=10034 pid=1331)
I/ActivityManager(  989): START {cmp=com.coship.dvbsetting/.netsetting.netSet} from pid 1843
I/EthernetManager( 1843): Init Ethernet Manager, service: android.net.ethernet.IEthernetManager$Stub$Proxy@43445ae0
V/TabletStatusBar( 1196): setLightsOn(true)
V/TabletStatusBar( 1196): setLightsOn(true)
E/ActivityThread( 1843): Activity com.coship.dvbsetting.netsetting.netSet has leaked ServiceConnection android.bluetooth.BluetoothHeadset$1@42df75f8 that was originally bound here
E/ActivityThread( 1843): android.app.ServiceConnectionLeaked: Activity com.coship.dvbsetting.netsetting.netSet has leaked ServiceConnection android.bluetooth.BluetoothHeadset$1@42df75f8 that was originally bound here
E/ActivityThread( 1843):        at android.app.LoadedApk$ServiceDispatcher.<init>(LoadedApk.java:936)
E/ActivityThread( 1843):        at android.app.LoadedApk.getServiceDispatcher(LoadedApk.java:830)
E/ActivityThread( 1843):        at android.app.ContextImpl.bindService(ContextImpl.java:1142)
E/ActivityThread( 1843):        at android.content.ContextWrapper.bindService(ContextWrapper.java:370)
E/ActivityThread( 1843):        at android.bluetooth.BluetoothHeadset.<init>(BluetoothHeadset.java:231)
E/ActivityThread( 1843):        at android.bluetooth.BluetoothAdapter.getProfileProxy(BluetoothAdapter.java:1168)
E/ActivityThread( 1843):        at com.coship.dvbsetting.bluetooth.HeadsetProfile.<init>(HeadsetProfile.java:111)
E/ActivityThread( 1843):        at com.coship.dvbsetting.netsetting.BluetoothSet.init(BluetoothSet.java:160)
E/ActivityThread( 1843):        at com.coship.dvbsetting.netsetting.BluetoothSet.<init>(BluetoothSet.java:131)
E/ActivityThread( 1843):        at com.coship.dvbsetting.netsetting.BluetoothSet.getInstance(BluetoothSet.java:110)
E/ActivityThread( 1843):        at com.coship.dvbsetting.netsetting.netSet.onCreate(netSet.java:81)
E/ActivityThread( 1843):        at android.app.Activity.performCreate(Activity.java:4465)
E/ActivityThread( 1843):        at android.app.Instrumentation.callActivityOnCreate(Instrumentation.java:1049)
E/ActivityThread( 1843):        at android.app.ActivityThread.performLaunchActivity(ActivityThread.java:1920)
E/ActivityThread( 1843):        at android.app.ActivityThread.handleLaunchActivity(ActivityThread.java:1981)
E/ActivityThread( 1843):        at android.app.ActivityThread.access$600(ActivityThread.java:123)
E/ActivityThread( 1843):        at android.app.ActivityThread$H.handleMessage(ActivityThread.java:1147)
E/ActivityThread( 1843):        at android.os.Handler.dispatchMessage(Handler.java:99)
E/ActivityThread( 1843):        at android.os.Looper.loop(Looper.java:137)
E/ActivityThread( 1843):        at android.app.ActivityThread.main(ActivityThread.java:4424)
E/ActivityThread( 1843):        at java.lang.reflect.Method.invokeNative(Native Method)
E/ActivityThread( 1843):        at java.lang.reflect.Method.invoke(Method.java:511)
E/ActivityThread( 1843):        at com.android.internal.os.ZygoteInit$MethodAndArgsCaller.run(ZygoteInit.java:848)
E/ActivityThread( 1843):        at com.android.internal.os.ZygoteInit.main(ZygoteInit.java:575)
E/ActivityThread( 1843):        at dalvik.system.NativeStart.main(Native Method)
W/ActivityManager(  989): Unbind failed: could not find connection for android.os.BinderProxy@4142fb58
I/ActivityManager(  989): START {cmp=com.coship.dvbsetting/.systemsetting.SyssetAcivity} from pid 1843
I/EthernetManager( 1843): Init Ethernet Manager, service: android.net.ethernet.IEthernetManager$Stub$Proxy@434050a8
V/TabletStatusBar( 1196): setLightsOn(true)
I/ActivityManager(  989): START {flg=0x58000000 cmp=com.coship.dvbplayer/.main (has extras)} from pid 2208
V/TabletStatusBar( 1196): setLightsOn(true)
W/InputManagerService(  989): Starting input on non-focused client com.android.internal.view.IInputMethodClient$Stub$Proxy@41741038 (uid=1000 pid=1843)
V/TabletStatusBar( 1196): setLightsOn(true)
W/InputManagerService(  989): Starting input on non-focused client com.android.internal.view.IInputMethodClient$Stub$Proxy@4167d468 (uid=10032 pid=2677)
V/TabletStatusBar( 1196): setLightsOn(true)
E/ActivityThread( 1843): Activity com.coship.dvbsetting.systemsetting.SyssetAcivity has leaked ServiceConnection com.coship.dvbsetting.systemsetting.childview.NetUpdate$2@418252a0 that was originally bound here
E/ActivityThread( 1843): android.app.ServiceConnectionLeaked: Activity com.coship.dvbsetting.systemsetting.SyssetAcivity has leaked ServiceConnection com.coship.dvbsetting.systemsetting.childview.NetUpdate$2@418252a0 that was originally bound here
E/ActivityThread( 1843):        at android.app.LoadedApk$ServiceDispatcher.<init>(LoadedApk.java:936)
E/ActivityThread( 1843):        at android.app.LoadedApk.getServiceDispatcher(LoadedApk.java:830)
E/ActivityThread( 1843):        at android.app.ContextImpl.bindService(ContextImpl.java:1142)
E/ActivityThread( 1843):        at android.content.ContextWrapper.bindService(ContextWrapper.java:370)
E/ActivityThread( 1843):        at com.coship.dvbsetting.systemsetting.childview.NetUpdate.remoteAIDL(NetUpdate.java:345)
E/ActivityThread( 1843):        at com.coship.dvbsetting.systemsetting.childview.NetUpdate.show(NetUpdate.java:504)
E/ActivityThread( 1843):        at com.coship.dvbsetting.ExpanItem.show(ExpanItem.java:305)
E/ActivityThread( 1843):        at com.coship.dvbsetting.systemsetting.SyssetAcivity.onResume(SyssetAcivity.java:267)
E/ActivityThread( 1843):        at android.app.Instrumentation.callActivityOnResume(Instrumentation.java:1154)
E/ActivityThread( 1843):        at android.app.Activity.performResume(Activity.java:4539)
E/ActivityThread( 1843):        at android.app.ActivityThread.performResumeActivity(ActivityThread.java:2434)
E/ActivityThread( 1843):        at android.app.ActivityThread.handleResumeActivity(ActivityThread.java:2472)
E/ActivityThread( 1843):        at android.app.ActivityThread$H.handleMessage(ActivityThread.java:1173)
E/ActivityThread( 1843):        at android.os.Handler.dispatchMessage(Handler.java:99)
E/ActivityThread( 1843):        at android.os.Looper.loop(Looper.java:137)
E/ActivityThread( 1843):        at android.app.ActivityThread.main(ActivityThread.java:4424)
E/ActivityThread( 1843):        at java.lang.reflect.Method.invokeNative(Native Method)
E/ActivityThread( 1843):        at java.lang.reflect.Method.invoke(Method.java:511)
E/ActivityThread( 1843):        at com.android.internal.os.ZygoteInit$MethodAndArgsCaller.run(ZygoteInit.java:848)
E/ActivityThread( 1843):        at com.android.internal.os.ZygoteInit.main(ZygoteInit.java:575)
E/ActivityThread( 1843):        at dalvik.system.NativeStart.main(Native Method)
W/ActivityManager(  989): Unbind failed: could not find connection for android.os.BinderProxy@4159a630
V/TabletStatusBar( 1196): setLightsOn(true)
W/InputManagerService(  989): Starting input on non-focused client com.android.internal.view.IInputMethodClient$Stub$Proxy@41741038 (uid=1000 pid=1843)
I/ActivityManager(  989): START {act=android.intent.action.MAIN flg=0x10200000 cmp=com.aidufei.movieonline/.MainCatalogActivity} from pid 1331
W/ActivityManager(  989): Activity is launching as a new task, so cancelling activity result.
W/InputManagerService(  989): Starting input on non-focused client com.android.internal.view.IInputMethodClient$Stub$Proxy@415da440 (uid=10034 pid=1331)
I/ActivityManager(  989): START {flg=0x58000000 cmp=com.coship.dvbplayer/.main (has extras)} from pid 2208
V/TabletStatusBar( 1196): setLightsOn(true)
W/InputManagerService(  989): Starting input on non-focused client com.android.internal.view.IInputMethodClient$Stub$Proxy@41606420 (uid=1000 pid=2208)
W/InputManagerService(  989): Starting input on non-focused client com.android.internal.view.IInputMethodClient$Stub$Proxy@4167d468 (uid=10032 pid=2677)
I/ActivityManager(  989): START {flg=0x58000000 cmp=com.coship.dvbplayer/.main (has extras)} from pid 2208
V/TabletStatusBar( 1196): setLightsOn(true)
W/InputManagerService(  989): Starting input on non-focused client com.android.internal.view.IInputMethodClient$Stub$Proxy@41606420 (uid=1000 pid=2208)
W/InputManagerService(  989): Starting input on non-focused client com.android.internal.view.IInputMethodClient$Stub$Proxy@4167d468 (uid=10032 pid=2677)
I/ActivityManager(  989): START {cmp=com.aidufei.movieonline/.SubCatalogActivity (has extras)} from pid 2208
I/ActivityManager(  989): START {cmp=com.aidufei.movieonline/.SubCatalogActivity (has extras)} from pid 2208
I/ActivityManager(  989): START {flg=0x58000000 cmp=com.coship.dvbplayer/.main (has extras)} from pid 2208
V/TabletStatusBar( 1196): setLightsOn(true)
W/InputManagerService(  989): Starting input on non-focused client com.android.internal.view.IInputMethodClient$Stub$Proxy@41606420 (uid=1000 pid=2208)
I/ActivityManager(  989): START {flg=0x78000000 cmp=com.coship.dvbplayer/.main (has extras)} from pid 2208
I/ActivityManager(  989): START {act=android.intent.LOOKBACK_PLAYER cmp=com.coship.dvbplayer/.videoplayer.VideoPlayer (has extras)} from pid 2677
V/TabletStatusBar( 1196): setLightsOn(true)
V/TabletStatusBar( 1196): setLightsOn(true)
I/ActivityManager(  989): START {flg=0x78000000 cmp=com.aidufei.movieonline/.player.VideoPlayer (has extras)} from pid 2208
W/InputManagerService(  989): Starting input on non-focused client com.android.internal.view.IInputMethodClient$Stub$Proxy@4167d468 (uid=10032 pid=2677)
I/ActivityManager(  989): START {flg=0x78000000 cmp=com.coship.dvbplayer/.main (has extras)} from pid 2208
V/TabletStatusBar( 1196): setLightsOn(true)
I/ActivityManager(  989): START {act=android.intent.LOOKBACK_PLAYER cmp=com.coship.dvbplayer/.videoplayer.VideoPlayer (has extras)} from pid 2677
V/TabletStatusBar( 1196): setLightsOn(true)
