D/ServerHandler( 3497): ServerHandler send request:103:{"ResourceInfo":{"ShiftEnd":0,"TimeCode":0,"PlayType":3,"ResourceName":"","ProductCode":"","ShiftTime":0,"ResourceCode":""},"Status":{"ReturnCode":100,"Description":"ok"},"PlayStatus":0,"Volume":0}
V/ServerHandler( 3497): ServerHandler send DatagramPacket:/192.168.1.194-[B@41f6aac0
D/OtOService( 3497): send callback obj: com.aidufei.otoService.IServiceCallBack$Stub$Proxy@41802e10
E/ServerAdapter( 3497): ServerAdapter:0
E/ServerHandler( 3497): Send:com.aidufei.protocol.oto.OtOStatusRequest@41f78338
D/ServerHandler( 3497): ServerHandler send request:103:{"Status":{"ReturnCode":99,"Description":"status sync processing"},"PlayStatus":0,"Volume":0}
V/ServerHandler( 3497): ServerHandler send DatagramPacket:/192.168.1.194-[B@41fa2408
D/dalvikvm( 2256): GC_CONCURRENT freed 2002K, 46% free 7325K/13443K, paused 3ms+3ms
D/dalvikvm( 2256): GC_CONCURRENT freed 2031K, 47% free 7239K/13443K, paused 3ms+3ms
E/ServerHandler( 3497): receiveRequest
V/OtORequest( 3497): parseCommand
V/OtORequest( 3497): get command=103
V/OtORequest( 3497): parse OtORequest: cmd=103 paramLength=0 bufferlen=8
D/OtOService( 3497): client request get status.playType:2
D/OtOService( 3497): callback N: 1
D/OtOService( 3497): send callback: 101
D/dvb_ServiceAdapter( 2677): dvb_ResultCallBack: what:101   arg1:0
D/OtOService( 3497): VOBsync :com.aidufei.otoService.PlayEvent@41fe6fd8
D/OtOService( 3497): --resourceCode: null --ShiftTime:0 --timeCode:0 --delay: 0
E/ServerAdapter( 3497): ServerAdapter:0
E/ServerHandler( 3497): Send:com.aidufei.protocol.oto.OtOStatusRequest@41fe74b0
D/ServerHandler( 3497): ServerHandler send request:103:{"ResourceInfo":{"ShiftEnd":0,"TimeCode":0,"PlayType":3,"ResourceName":"","ProductCode":"","ShiftTime":0,"ResourceCode":""},"Status":{"ReturnCode":100,"Description":"ok"},"PlayStatus":0,"Volume":0}
V/ServerHandler( 3497): ServerHandler send DatagramPacket:/192.168.1.194-[B@41873730
D/OtOService( 3497): send callback obj: com.aidufei.otoService.IServiceCallBack$Stub$Proxy@41802e10
E/ServerAdapter( 3497): ServerAdapter:0
E/ServerHandler( 3497): Send:com.aidufei.protocol.oto.OtOStatusRequest@4183c440
D/ServerHandler( 3497): ServerHandler send request:103:{"Status":{"ReturnCode":99,"Description":"status sync processing"},"PlayStatus":0,"Volume":0}
V/ServerHandler( 3497): ServerHandler send DatagramPacket:/192.168.1.194-[B@42218a18
D/MonitorCw880( 3627): currentRemoteHost is null ,continue
E/ServerHandler( 3497): receiveRequest
V/OtORequest( 3497): parseCommand
V/OtORequest( 3497): get command=103
V/OtORequest( 3497): parse OtORequest: cmd=103 paramLength=0 bufferlen=8
D/OtOService( 3497): client request get status.playType:2
D/OtOService( 3497): callback N: 1
D/OtOService( 3497): send callback: 101
D/dvb_ServiceAdapter( 2677): dvb_ResultCallBack: what:101   arg1:0
D/OtOService( 3497): VOBsync :com.aidufei.otoService.PlayEvent@4202beb8
D/OtOService( 3497): --resourceCode: null --ShiftTime:0 --timeCode:0 --delay: 0
E/ServerAdapter( 3497): ServerAdapter:0
E/ServerHandler( 3497): Send:com.aidufei.protocol.oto.OtOStatusRequest@41b7ffd0
D/ServerHandler( 3497): ServerHandler send request:103:{"ResourceInfo":{"ShiftEnd":0,"TimeCode":0,"PlayType":3,"ResourceName":"","ProductCode":"","ShiftTime":0,"ResourceCode":""},"Status":{"ReturnCode":100,"Description":"ok"},"PlayStatus":0,"Volume":0}
V/ServerHandler( 3497): ServerHandler send DatagramPacket:/192.168.1.194-[B@41b6d0a0
D/OtOService( 3497): send callback obj: com.aidufei.otoService.IServiceCallBack$Stub$Proxy@41802e10
E/ServerAdapter( 3497): ServerAdapter:0
E/ServerHandler( 3497): Send:com.aidufei.protocol.oto.OtOStatusRequest@4205f338
D/ServerHandler( 3497): ServerHandler send request:103:{"Status":{"ReturnCode":99,"Description":"status sync processing"},"PlayStatus":0,"Volume":0}
V/ServerHandler( 3497): ServerHandler send DatagramPacket:/192.168.1.194-[B@4205fa20
E/ServerHandler( 3497): receiveRequest
V/OtORequest( 3497): parseCommand
V/OtORequest( 3497): get command=103
V/OtORequest( 3497): parse OtORequest: cmd=103 paramLength=0 bufferlen=8
D/OtOService( 3497): client request get status.playType:2
D/OtOService( 3497): callback N: 1
D/OtOService( 3497): send callback: 101
D/dvb_ServiceAdapter( 2677): dvb_ResultCallBack: what:101   arg1:0
D/OtOService( 3497): VOBsync :com.aidufei.otoService.PlayEvent@41f859d8
D/OtOService( 3497): --resourceCode: null --ShiftTime:0 --timeCode:0 --delay: 0
E/ServerAdapter( 3497): ServerAdapter:0
E/ServerHandler( 3497): Send:com.aidufei.protocol.oto.OtOStatusRequest@41b61df0
D/ServerHandler( 3497): ServerHandler send request:103:{"ResourceInfo":{"ShiftEnd":0,"TimeCode":0,"PlayType":3,"ResourceName":"","ProductCode":"","ShiftTime":0,"ResourceCode":""},"Status":{"ReturnCode":100,"Description":"ok"},"PlayStatus":0,"Volume":0}
V/ServerHandler( 3497): ServerHandler send DatagramPacket:/192.168.1.194-[B@4185bd80
D/OtOService( 3497): send callback obj: com.aidufei.otoService.IServiceCallBack$Stub$Proxy@41802e10
E/ServerAdapter( 3497): ServerAdapter:0
E/ServerHandler( 3497): Send:com.aidufei.protocol.oto.OtOStatusRequest@41b5ee08
D/ServerHandler( 3497): ServerHandler send request:103:{"Status":{"ReturnCode":99,"Description":"status sync processing"},"PlayStatus":0,"Volume":0}
V/ServerHandler( 3497): ServerHandler send DatagramPacket:/192.168.1.194-[B@417f1b08
D/DataSource_M3U8(  744): [ContentSource_M3U8] DownloadThread Exit Done..
D/DataSource_M3U8(  744): [M3U8]request to exit mPlaylistThread thread
D/Downloader(  744): Enter Downloader::ForceExit ! 
D/Downloader(  744): [downloadThread]Downloader::removeTask  
D/Downloader(  744): ~Downloader
D/MstarPlayer(  744): MstarPlayer::doPrepare
D/MstarPlayer(  744): 
D/MstarPlayer(  744):  Error : ContentSource_M3U8 initCheck! 
D/MediaPlayerService(  744): [23] notify (0x3de18, 100, 1, -1001)
E/MediaPlayer( 2677): error (1, -1001)
E/MediaPlayer.java( 2677): Error (1,-1001)
I/dvb_LoadTips( 2677): [gethandler] objInstance:com.coship.dvbplayer.LoadTips@41590950
I/dvb_LoadTips( 2677): [gethandler] objInstance  mHandler:Handler (com.coship.dvbplayer.LoadTips$1) {4156d4b0}
I/dvb_LoadTips( 2677): [gethandler] objInstance:com.coship.dvbplayer.LoadTips@41590950
I/dvb_LoadTips( 2677): [gethandler] objInstance  mHandler:Handler (com.coship.dvbplayer.LoadTips$1) {4156d4b0}
I/dvb_OTTPlayer( 2677): [onError ] arg0:android.media.MediaPlayer@415c6c78 arg1:1 arg2:-1001
E/MediaPlayer( 2677): stop called in state 0
E/MediaPlayer( 2677): error (-38, 0)
D/MstarPlayer(  744): ==========MstarPlayer::reset : 0x303e8==========
D/MstarPlayer(  744): request to exit async thread
D/MstarPlayer(  744): exit async proc thread
D/MstarPlayer(  744): MstarPlayer::clearAllSource
D/DataSource_M3U8(  744): [M3U8]~ContentSource_M3U8 done.
D/MstarPlayer(  744): setInstance: 0x0
D/MstarPlayer(  744): reset done
I/dvb_OTTPlayer( 2677): [onInfo ] arg0:android.media.MediaPlayer@415c6c78
I/dvb_LoadTips( 2677): [mHandler] ~~~~~~~~~~~~~~~~~~~~~~~~~mHandler:Handler (com.coship.dvbplayer.LoadTips$1) {4156d4b0} msg.what:5 msg.obj:null
D/MstarPlayer(  744): ==========MstarPlayer::reset : 0x303e8==========
D/MstarPlayer(  744): MstarPlayer::clearAllSource
D/MstarPlayer(  744): setInstance: 0x0
D/MstarPlayer(  744): reset done
D/MstarPlayer(  744): 
D/MstarPlayer(  744): =======Destroy mstar player  : 0x303e8========
D/MonitorCw880( 3627): currentRemoteHost is null ,continue
E/ServerHandler( 3497): receiveRequest
V/OtORequest( 3497): parseCommand
V/OtORequest( 3497): get command=103
V/OtORequest( 3497): parse OtORequest: cmd=103 paramLength=0 bufferlen=8
D/OtOService( 3497): client request get status.playType:2
D/OtOService( 3497): callback N: 1
D/OtOService( 3497): send callback: 101
D/dvb_ServiceAdapter( 2677): dvb_ResultCallBack: what:101   arg1:0
D/OtOService( 3497): VOBsync :com.aidufei.otoService.PlayEvent@418863b0
D/OtOService( 3497): --resourceCode: null --ShiftTime:0 --timeCode:0 --delay: 0
E/ServerAdapter( 3497): ServerAdapter:0
E/ServerHandler( 3497): Send:com.aidufei.protocol.oto.OtOStatusRequest@41886760
D/ServerHandler( 3497): ServerHandler send request:103:{"ResourceInfo":{"ShiftEnd":0,"TimeCode":0,"PlayType":3,"ResourceName":"","ProductCode":"","ShiftTime":0,"ResourceCode":""},"Status":{"ReturnCode":100,"Description":"ok"},"PlayStatus":0,"Volume":0}
V/ServerHandler( 3497): ServerHandler send DatagramPacket:/192.168.1.194-[B@41fa3ae0
D/OtOService( 3497): send callback obj: com.aidufei.otoService.IServiceCallBack$Stub$Proxy@41802e10
E/ServerAdapter( 3497): ServerAdapter:0
E/ServerHandler( 3497): Send:com.aidufei.protocol.oto.OtOStatusRequest@42d3e110
D/ServerHandler( 3497): ServerHandler send request:103:{"Status":{"ReturnCode":99,"Description":"status sync processing"},"PlayStatus":0,"Volume":0}
V/ServerHandler( 3497): ServerHandler send DatagramPacket:/192.168.1.194-[B@4173d840
D/dhcpcd  ( 3962): sending DHCP_DISCOVER with xid 0xf062d99a, next in 64.06 seconds
E/ServerHandler( 3497): receiveRequest
V/OtORequest( 3497): parseCommand
V/OtORequest( 3497): get command=103
V/OtORequest( 3497): parse OtORequest: cmd=103 paramLength=0 bufferlen=8
D/OtOService( 3497): client request get status.playType:2
D/OtOService( 3497): callback N: 1
D/OtOService( 3497): send callback: 101
D/dvb_ServiceAdapter( 2677): dvb_ResultCallBack: what:101   arg1:0
D/OtOService( 3497): VOBsync :com.aidufei.otoService.PlayEvent@41800af8
D/OtOService( 3497): --resourceCode: null --ShiftTime:0 --timeCode:0 --delay: 0
E/ServerAdapter( 3497): ServerAdapter:0
E/ServerHandler( 3497): Send:com.aidufei.protocol.oto.OtOStatusRequest@417403e8
D/ServerHandler( 3497): ServerHandler send request:103:{"ResourceInfo":{"ShiftEnd":0,"TimeCode":0,"PlayType":3,"ResourceName":"","ProductCode":"","ShiftTime":0,"ResourceCode":""},"Status":{"ReturnCode":100,"Description":"ok"},"PlayStatus":0,"Volume":0}
V/ServerHandler( 3497): ServerHandler send DatagramPacket:/192.168.1.194-[B@415ed840
D/OtOService( 3497): send callback obj: com.aidufei.otoService.IServiceCallBack$Stub$Proxy@41802e10
E/ServerAdapter( 3497): ServerAdapter:0
E/ServerHandler( 3497): Send:com.aidufei.protocol.oto.OtOStatusRequest@4183d8b8
D/ServerHandler( 3497): ServerHandler send request:103:{"Status":{"ReturnCode":99,"Description":"status sync processing"},"PlayStatus":0,"Volume":0}
V/ServerHandler( 3497): ServerHandler send DatagramPacket:/192.168.1.194-[B@4205d308
D/HomePlayerLib( 2256): hostaddress count is 1
D/dalvikvm( 2256): GC_CONCURRENT freed 1942K, 47% free 7243K/13443K, paused 3ms+3ms
D/dalvikvm( 2256): GC_CONCURRENT freed 1955K, 47% free 7249K/13443K, paused 2ms+4ms
E/dhcpcd  ( 3962): timed out
D/dhcpcd  ( 3962): executing `/system/etc/dhcpcd/dhcpcd-run-hooks', reason FAIL
D/dhcpcd  ( 3962): broadcasting for a lease
D/dhcpcd  ( 3962): sending DHCP_DISCOVER with xid 0x41fb5825, next in 3.29 seconds
E/ServerHandler( 3497): receiveRequest
V/OtORequest( 3497): parseCommand
V/OtORequest( 3497): get command=103
V/OtORequest( 3497): parse OtORequest: cmd=103 paramLength=0 bufferlen=8
D/OtOService( 3497): client request get status.playType:2
D/OtOService( 3497): callback N: 1
D/OtOService( 3497): send callback: 101
D/dvb_ServiceAdapter( 2677): dvb_ResultCallBack: what:101   arg1:0
D/OtOService( 3497): VOBsync :com.aidufei.otoService.PlayEvent@41f76560
D/OtOService( 3497): --resourceCode: null --ShiftTime:0 --timeCode:0 --delay: 0
E/ServerAdapter( 3497): ServerAdapter:0
E/ServerHandler( 3497): Send:com.aidufei.protocol.oto.OtOStatusRequest@41ffa998
D/ServerHandler( 3497): ServerHandler send request:103:{"ResourceInfo":{"ShiftEnd":0,"TimeCode":0,"PlayType":3,"ResourceName":"","ProductCode":"","ShiftTime":0,"ResourceCode":""},"Status":{"ReturnCode":100,"Description":"ok"},"PlayStatus":0,"Volume":0}
V/ServerHandler( 3497): ServerHandler send DatagramPacket:/192.168.1.194-[B@41844da8
D/OtOService( 3497): send callback obj: com.aidufei.otoService.IServiceCallBack$Stub$Proxy@41802e10
E/ServerAdapter( 3497): ServerAdapter:0
E/ServerHandler( 3497): Send:com.aidufei.protocol.oto.OtOStatusRequest@417bb248
D/ServerHandler( 3497): ServerHandler send request:103:{"Status":{"ReturnCode":99,"Description":"status sync processing"},"PlayStatus":0,"Volume":0}
V/ServerHandler( 3497): ServerHandler send DatagramPacket:/192.168.1.194-[B@417bf258
D/MonitorCw880( 3627): currentRemoteHost is null ,continue
E/ServerHandler( 3497): receiveRequest
V/OtORequest( 3497): parseCommand
V/OtORequest( 3497): get command=103
V/OtORequest( 3497): parse OtORequest: cmd=103 paramLength=0 bufferlen=8
D/OtOService( 3497): client request get status.playType:2
D/OtOService( 3497): callback N: 1
D/OtOService( 3497): send callback: 101
D/dvb_ServiceAdapter( 2677): dvb_ResultCallBack: what:101   arg1:0
D/OtOService( 3497): VOBsync :com.aidufei.otoService.PlayEvent@41fa8ad0
D/OtOService( 3497): --resourceCode: null --ShiftTime:0 --timeCode:0 --delay: 0
E/ServerAdapter( 3497): ServerAdapter:0
E/ServerHandler( 3497): Send:com.aidufei.protocol.oto.OtOStatusRequest@42023a40
D/ServerHandler( 3497): ServerHandler send request:103:{"ResourceInfo":{"ShiftEnd":0,"TimeCode":0,"PlayType":3,"ResourceName":"","ProductCode":"","ShiftTime":0,"ResourceCode":""},"Status":{"ReturnCode":100,"Description":"ok"},"PlayStatus":0,"Volume":0}
V/ServerHandler( 3497): ServerHandler send DatagramPacket:/192.168.1.194-[B@417f12c8
D/OtOService( 3497): send callback obj: com.aidufei.otoService.IServiceCallBack$Stub$Proxy@41802e10
E/ServerAdapter( 3497): ServerAdapter:0
E/ServerHandler( 3497): Send:com.aidufei.protocol.oto.OtOStatusRequest@41b69ba8
D/ServerHandler( 3497): ServerHandler send request:103:{"Status":{"ReturnCode":99,"Description":"status sync processing"},"PlayStatus":0,"Volume":0}
V/ServerHandler( 3497): ServerHandler send DatagramPacket:/192.168.1.194-[B@417efff8
D/dhcpcd  ( 3962): sending DHCP_DISCOVER with xid 0x41fb5825, next in 7.28 seconds
E/ServerHandler( 3497): receiveRequest
V/OtORequest( 3497): parseCommand
V/OtORequest( 3497): get command=103
V/OtORequest( 3497): parse OtORequest: cmd=103 paramLength=0 bufferlen=8
D/OtOService( 3497): client request get status.playType:2
D/OtOService( 3497): callback N: 1
D/OtOService( 3497): send callback: 101
D/dvb_ServiceAdapter( 2677): dvb_ResultCallBack: what:101   arg1:0
D/OtOService( 3497): VOBsync :com.aidufei.otoService.PlayEvent@417f0a98
D/OtOService( 3497): --resourceCode: null --ShiftTime:0 --timeCode:0 --delay: 0
E/ServerAdapter( 3497): ServerAdapter:0
E/ServerHandler( 3497): Send:com.aidufei.protocol.oto.OtOStatusRequest@42060310
D/ServerHandler( 3497): ServerHandler send request:103:{"ResourceInfo":{"ShiftEnd":0,"TimeCode":0,"PlayType":3,"ResourceName":"","ProductCode":"","ShiftTime":0,"ResourceCode":""},"Status":{"ReturnCode":100,"Description":"ok"},"PlayStatus":0,"Volume":0}
V/ServerHandler( 3497): ServerHandler send DatagramPacket:/192.168.1.194-[B@41fe5350
D/OtOService( 3497): send callback obj: com.aidufei.otoService.IServiceCallBack$Stub$Proxy@41802e10
E/ServerAdapter( 3497): ServerAdapter:0
E/ServerHandler( 3497): Send:com.aidufei.protocol.oto.OtOStatusRequest@417f2e10
D/ServerHandler( 3497): ServerHandler send request:103:{"Status":{"ReturnCode":99,"Description":"status sync processing"},"PlayStatus":0,"Volume":0}
V/ServerHandler( 3497): ServerHandler send DatagramPacket:/192.168.1.194-[B@41b5fb90
D/MonitorCw880( 3627): currentRemoteHost is null ,continue
E/ServerHandler( 3497): receiveRequest
V/OtORequest( 3497): parseCommand
V/OtORequest( 3497): get command=103
V/OtORequest( 3497): parse OtORequest: cmd=103 paramLength=0 bufferlen=8
D/OtOService( 3497): client request get status.playType:2
D/OtOService( 3497): callback N: 1
D/OtOService( 3497): send callback: 101
D/dvb_ServiceAdapter( 2677): dvb_ResultCallBack: what:101   arg1:0
D/OtOService( 3497): VOBsync :com.aidufei.otoService.PlayEvent@41fdc8f0
D/OtOService( 3497): --resourceCode: null --ShiftTime:0 --timeCode:0 --delay: 0
E/ServerAdapter( 3497): ServerAdapter:0
E/ServerHandler( 3497): Send:com.aidufei.protocol.oto.OtOStatusRequest@41f97a58
D/ServerHandler( 3497): ServerHandler send request:103:{"ResourceInfo":{"ShiftEnd":0,"TimeCode":0,"PlayType":3,"ResourceName":"","ProductCode":"","ShiftTime":0,"ResourceCode":""},"Status":{"ReturnCode":100,"Description":"ok"},"PlayStatus":0,"Volume":0}
V/ServerHandler( 3497): ServerHandler send DatagramPacket:/192.168.1.194-[B@416291a8
D/OtOService( 3497): send callback obj: com.aidufei.otoService.IServiceCallBack$Stub$Proxy@41802e10
E/ServerAdapter( 3497): ServerAdapter:0
E/ServerHandler( 3497): Send:com.aidufei.protocol.oto.OtOStatusRequest@4203d8e8
D/ServerHandler( 3497): ServerHandler send request:103:{"Status":{"ReturnCode":99,"Description":"status sync processing"},"PlayStatus":0,"Volume":0}
V/ServerHandler( 3497): ServerHandler send DatagramPacket:/192.168.1.194-[B@417a1e08
E/ServerHandler( 3497): receiveRequest
V/OtORequest( 3497): parseCommand
V/OtORequest( 3497): get command=103
V/OtORequest( 3497): parse OtORequest: cmd=103 paramLength=0 bufferlen=8
D/OtOService( 3497): client request get status.playType:2
D/OtOService( 3497): callback N: 1
D/OtOService( 3497): send callback: 101
D/dvb_ServiceAdapter( 2677): dvb_ResultCallBack: what:101   arg1:0
D/OtOService( 3497): VOBsync :com.aidufei.otoService.PlayEvent@4179c468
D/OtOService( 3497): --resourceCode: null --ShiftTime:0 --timeCode:0 --delay: 0
E/ServerAdapter( 3497): ServerAdapter:0
E/ServerHandler( 3497): Send:com.aidufei.protocol.oto.OtOStatusRequest@4202c8c8
D/ServerHandler( 3497): ServerHandler send request:103:{"ResourceInfo":{"ShiftEnd":0,"TimeCode":0,"PlayType":3,"ResourceName":"","ProductCode":"","ShiftTime":0,"ResourceCode":""},"Status":{"ReturnCode":100,"Description":"ok"},"PlayStatus":0,"Volume":0}
V/ServerHandler( 3497): ServerHandler send DatagramPacket:/192.168.1.194-[B@417d5a80
D/OtOService( 3497): send callback obj: com.aidufei.otoService.IServiceCallBack$Stub$Proxy@41802e10
E/ServerAdapter( 3497): ServerAdapter:0
E/ServerHandler( 3497): Send:com.aidufei.protocol.oto.OtOStatusRequest@417d63a8
D/ServerHandler( 3497): ServerHandler send request:103:{"Status":{"ReturnCode":99,"Description":"status sync processing"},"PlayStatus":0,"Volume":0}
V/ServerHandler( 3497): ServerHandler send DatagramPacket:/192.168.1.194-[B@417ad308
D/HomePlayerLib( 2256): hostaddress count is 1
D/dalvikvm( 2256): GC_CONCURRENT freed 1965K, 46% free 7289K/13443K, paused 5ms+3ms
D/dalvikvm( 2256): GC_CONCURRENT freed 1995K, 46% free 7319K/13443K, paused 2ms+3ms
D/dhcpcd  ( 3962): sending DHCP_DISCOVER with xid 0x41fb5825, next in 15.96 seconds
E/ServerHandler( 3497): receiveRequest
V/OtORequest( 3497): parseCommand
V/OtORequest( 3497): get command=103
V/OtORequest( 3497): parse OtORequest: cmd=103 paramLength=0 bufferlen=8
D/OtOService( 3497): client request get status.playType:2
D/OtOService( 3497): callback N: 1
D/OtOService( 3497): send callback: 101
D/dvb_ServiceAdapter( 2677): dvb_ResultCallBack: what:101   arg1:0
D/OtOService( 3497): VOBsync :com.aidufei.otoService.PlayEvent@41f91ff8
D/OtOService( 3497): --resourceCode: null --ShiftTime:0 --timeCode:0 --delay: 0
E/ServerAdapter( 3497): ServerAdapter:0
E/ServerHandler( 3497): Send:com.aidufei.protocol.oto.OtOStatusRequest@41f924d0
D/ServerHandler( 3497): ServerHandler send request:103:{"ResourceInfo":{"ShiftEnd":0,"TimeCode":0,"PlayType":3,"ResourceName":"","ProductCode":"","ShiftTime":0,"ResourceCode":""},"Status":{"ReturnCode":100,"Description":"ok"},"PlayStatus":0,"Volume":0}
V/ServerHandler( 3497): ServerHandler send DatagramPacket:/192.168.1.194-[B@41b7c418
D/OtOService( 3497): send callback obj: com.aidufei.otoService.IServiceCallBack$Stub$Proxy@41802e10
E/ServerAdapter( 3497): ServerAdapter:0
E/ServerHandler( 3497): Send:com.aidufei.protocol.oto.OtOStatusRequest@41ffb258
D/ServerHandler( 3497): ServerHandler send request:103:{"Status":{"ReturnCode":99,"Description":"status sync processing"},"PlayStatus":0,"Volume":0}
V/ServerHandler( 3497): ServerHandler send DatagramPacket:/192.168.1.194-[B@41fe82d0
D/MonitorCw880( 3627): currentRemoteHost is null ,continue
E/ServerHandler( 3497): receiveRequest
V/OtORequest( 3497): parseCommand
V/OtORequest( 3497): get command=103
V/OtORequest( 3497): parse OtORequest: cmd=103 paramLength=0 bufferlen=8
D/OtOService( 3497): client request get status.playType:2
D/OtOService( 3497): callback N: 1
D/OtOService( 3497): send callback: 101
D/dvb_ServiceAdapter( 2677): dvb_ResultCallBack: what:101   arg1:0
D/OtOService( 3497): VOBsync :com.aidufei.otoService.PlayEvent@417554f0
D/OtOService( 3497): --resourceCode: null --ShiftTime:0 --timeCode:0 --delay: 0
E/ServerAdapter( 3497): ServerAdapter:0
E/ServerHandler( 3497): Send:com.aidufei.protocol.oto.OtOStatusRequest@417559c8
D/ServerHandler( 3497): ServerHandler send request:103:{"ResourceInfo":{"ShiftEnd":0,"TimeCode":0,"PlayType":3,"ResourceName":"","ProductCode":"","ShiftTime":0,"ResourceCode":""},"Status":{"ReturnCode":100,"Description":"ok"},"PlayStatus":0,"Volume":0}
V/ServerHandler( 3497): ServerHandler send DatagramPacket:/192.168.1.194-[B@42d3ea08
D/OtOService( 3497): send callback obj: com.aidufei.otoService.IServiceCallBack$Stub$Proxy@41802e10
E/ServerAdapter( 3497): ServerAdapter:0
E/ServerHandler( 3497): Send:com.aidufei.protocol.oto.OtOStatusRequest@42d3f330
D/ServerHandler( 3497): ServerHandler send request:103:{"Status":{"ReturnCode":99,"Description":"status sync processing"},"PlayStatus":0,"Volume":0}
V/ServerHandler( 3497): ServerHandler send DatagramPacket:/192.168.1.194-[B@41fd6f00
E/ServerHandler( 3497): receiveRequest
V/OtORequest( 3497): parseCommand
V/OtORequest( 3497): get command=103
V/OtORequest( 3497): parse OtORequest: cmd=103 paramLength=0 bufferlen=8
D/OtOService( 3497): client request get status.playType:2
D/OtOService( 3497): callback N: 1
D/OtOService( 3497): send callback: 101
D/dvb_ServiceAdapter( 2677): dvb_ResultCallBack: what:101   arg1:0
D/OtOService( 3497): VOBsync :com.aidufei.otoService.PlayEvent@416c8150
D/OtOService( 3497): --resourceCode: null --ShiftTime:0 --timeCode:0 --delay: 0
E/ServerAdapter( 3497): ServerAdapter:0
E/ServerHandler( 3497): Send:com.aidufei.protocol.oto.OtOStatusRequest@416c8628
D/ServerHandler( 3497): ServerHandler send request:103:{"ResourceInfo":{"ShiftEnd":0,"TimeCode":0,"PlayType":3,"ResourceName":"","ProductCode":"","ShiftTime":0,"ResourceCode":""},"Status":{"ReturnCode":100,"Description":"ok"},"PlayStatus":0,"Volume":0}
V/ServerHandler( 3497): ServerHandler send DatagramPacket:/192.168.1.194-[B@4202b4c8
D/OtOService( 3497): send callback obj: com.aidufei.otoService.IServiceCallBack$Stub$Proxy@41802e10
E/ServerAdapter( 3497): ServerAdapter:0
E/ServerHandler( 3497): Send:com.aidufei.protocol.oto.OtOStatusRequest@417a98c0
D/ServerHandler( 3497): ServerHandler send request:103:{"Status":{"ReturnCode":99,"Description":"status sync processing"},"PlayStatus":0,"Volume":0}
V/ServerHandler( 3497): ServerHandler send DatagramPacket:/192.168.1.194-[B@4201d590
D/MonitorCw880( 3627): currentRemoteHost is null ,continue
E/ServerHandler( 3497): receiveRequest
V/OtORequest( 3497): parseCommand
V/OtORequest( 3497): get command=103
V/OtORequest( 3497): parse OtORequest: cmd=103 paramLength=0 bufferlen=8
D/OtOService( 3497): client request get status.playType:2
D/OtOService( 3497): callback N: 1
D/OtOService( 3497): send callback: 101
D/dvb_ServiceAdapter( 2677): dvb_ResultCallBack: what:101   arg1:0
D/OtOService( 3497): VOBsync :com.aidufei.otoService.PlayEvent@4201e828
D/OtOService( 3497): --resourceCode: null --ShiftTime:0 --timeCode:0 --delay: 0
E/ServerAdapter( 3497): ServerAdapter:0
E/ServerHandler( 3497): Send:com.aidufei.protocol.oto.OtOStatusRequest@41faeb60
D/ServerHandler( 3497): ServerHandler send request:103:{"ResourceInfo":{"ShiftEnd":0,"TimeCode":0,"PlayType":3,"ResourceName":"","ProductCode":"","ShiftTime":0,"ResourceCode":""},"Status":{"ReturnCode":100,"Description":"ok"},"PlayStatus":0,"Volume":0}
V/ServerHandler( 3497): ServerHandler send DatagramPacket:/192.168.1.194-[B@420194d8
D/OtOService( 3497): send callback obj: com.aidufei.otoService.IServiceCallBack$Stub$Proxy@41802e10
E/ServerAdapter( 3497): ServerAdapter:0
E/ServerHandler( 3497): Send:com.aidufei.protocol.oto.OtOStatusRequest@42019e00
D/ServerHandler( 3497): ServerHandler send request:103:{"Status":{"ReturnCode":99,"Description":"status sync processing"},"PlayStatus":0,"Volume":0}
V/ServerHandler( 3497): ServerHandler send DatagramPacket:/192.168.1.194-[B@417a38e8
E/ServerHandler( 3497): receiveRequest
V/OtORequest( 3497): parseCommand
V/OtORequest( 3497): get command=103
V/OtORequest( 3497): parse OtORequest: cmd=103 paramLength=0 bufferlen=8
D/OtOService( 3497): client request get status.playType:2
D/OtOService( 3497): callback N: 1
D/OtOService( 3497): send callback: 101
D/dvb_ServiceAdapter( 2677): dvb_ResultCallBack: what:101   arg1:0
D/OtOService( 3497): VOBsync :com.aidufei.otoService.PlayEvent@41fb0bb0
D/OtOService( 3497): --resourceCode: null --ShiftTime:0 --timeCode:0 --delay: 0
E/ServerAdapter( 3497): ServerAdapter:0
E/ServerHandler( 3497): Send:com.aidufei.protocol.oto.OtOStatusRequest@41fb1088
D/ServerHandler( 3497): ServerHandler send request:103:{"ResourceInfo":{"ShiftEnd":0,"TimeCode":0,"PlayType":3,"ResourceName":"","ProductCode":"","ShiftTime":0,"ResourceCode":""},"Status":{"ReturnCode":100,"Description":"ok"},"PlayStatus":0,"Volume":0}
V/ServerHandler( 3497): ServerHandler send DatagramPacket:/192.168.1.194-[B@41fac3b0
D/OtOService( 3497): send callback obj: com.aidufei.otoService.IServiceCallBack$Stub$Proxy@41802e10
E/ServerAdapter( 3497): ServerAdapter:0
E/ServerHandler( 3497): Send:com.aidufei.protocol.oto.OtOStatusRequest@41facc78
D/ServerHandler( 3497): ServerHandler send request:103:{"Status":{"ReturnCode":99,"Description":"status sync processing"},"PlayStatus":0,"Volume":0}
V/ServerHandler( 3497): ServerHandler send DatagramPacket:/192.168.1.194-[B@41fa9f80
D/HomePlayerLib( 2256): hostaddress count is 1
D/dalvikvm( 2256): GC_CONCURRENT freed 2023K, 46% free 7334K/13443K, paused 2ms+3ms
E/ServerHandler( 3497): receiveRequest
V/OtORequest( 3497): parseCommand
V/OtORequest( 3497): get command=103
V/OtORequest( 3497): parse OtORequest: cmd=103 paramLength=0 bufferlen=8
D/OtOService( 3497): client request get status.playType:2
D/OtOService( 3497): callback N: 1
D/OtOService( 3497): send callback: 101
D/dvb_ServiceAdapter( 2677): dvb_ResultCallBack: what:101   arg1:0
D/OtOService( 3497): VOBsync :com.aidufei.otoService.PlayEvent@416eec10
D/OtOService( 3497): --resourceCode: null --ShiftTime:0 --timeCode:0 --delay: 0
E/ServerAdapter( 3497): ServerAdapter:0
E/ServerHandler( 3497): Send:com.aidufei.protocol.oto.OtOStatusRequest@416ef0e8
D/ServerHandler( 3497): ServerHandler send request:103:{"ResourceInfo":{"ShiftEnd":0,"TimeCode":0,"PlayType":3,"ResourceName":"","ProductCode":"","ShiftTime":0,"ResourceCode":""},"Status":{"ReturnCode":100,"Description":"ok"},"PlayStatus":0,"Volume":0}
V/ServerHandler( 3497): ServerHandler send DatagramPacket:/192.168.1.194-[B@4170c668
D/OtOService( 3497): send callback obj: com.aidufei.otoService.IServiceCallBack$Stub$Proxy@41802e10
E/ServerAdapter( 3497): ServerAdapter:0
E/ServerHandler( 3497): Send:com.aidufei.protocol.oto.OtOStatusRequest@4170cf90
D/ServerHandler( 3497): ServerHandler send request:103:{"Status":{"ReturnCode":99,"Description":"status sync processing"},"PlayStatus":0,"Volume":0}
V/ServerHandler( 3497): ServerHandler send DatagramPacket:/192.168.1.194-[B@41717cf8
D/dalvikvm( 2256): GC_CONCURRENT freed 2040K, 47% free 7250K/13443K, paused 3ms+3ms
D/MonitorCw880( 3627): currentRemoteHost is null ,continue
E/ServerHandler( 3497): receiveRequest
V/OtORequest( 3497): parseCommand
V/OtORequest( 3497): get command=103
V/OtORequest( 3497): parse OtORequest: cmd=103 paramLength=0 bufferlen=8
D/OtOService( 3497): client request get status.playType:2
D/OtOService( 3497): callback N: 1
D/OtOService( 3497): send callback: 101
D/dvb_ServiceAdapter( 2677): dvb_ResultCallBack: what:101   arg1:0
D/OtOService( 3497): VOBsync :com.aidufei.otoService.PlayEvent@41718fc8
D/OtOService( 3497): --resourceCode: null --ShiftTime:0 --timeCode:0 --delay: 0
E/ServerAdapter( 3497): ServerAdapter:0
E/ServerHandler( 3497): Send:com.aidufei.protocol.oto.OtOStatusRequest@417194a0
D/ServerHandler( 3497): ServerHandler send request:103:{"ResourceInfo":{"ShiftEnd":0,"TimeCode":0,"PlayType":3,"ResourceName":"","ProductCode":"","ShiftTime":0,"ResourceCode":""},"Status":{"ReturnCode":100,"Description":"ok"},"PlayStatus":0,"Volume":0}
V/ServerHandler( 3497): ServerHandler send DatagramPacket:/192.168.1.194-[B@41750b20
D/OtOService( 3497): send callback obj: com.aidufei.otoService.IServiceCallBack$Stub$Proxy@41802e10
E/ServerAdapter( 3497): ServerAdapter:0
E/ServerHandler( 3497): Send:com.aidufei.protocol.oto.OtOStatusRequest@41715520
D/ServerHandler( 3497): ServerHandler send request:103:{"Status":{"ReturnCode":99,"Description":"status sync processing"},"PlayStatus":0,"Volume":0}
V/ServerHandler( 3497): ServerHandler send DatagramPacket:/192.168.1.194-[B@417165e0
E/ServerHandler( 3497): receiveRequest
V/OtORequest( 3497): parseCommand
V/OtORequest( 3497): get command=103
V/OtORequest( 3497): parse OtORequest: cmd=103 paramLength=0 bufferlen=8
D/OtOService( 3497): client request get status.playType:2
D/OtOService( 3497): callback N: 1
D/OtOService( 3497): send callback: 101
D/dvb_ServiceAdapter( 2677): dvb_ResultCallBack: what:101   arg1:0
D/OtOService( 3497): VOBsync :com.aidufei.otoService.PlayEvent@416e58c8
D/OtOService( 3497): --resourceCode: null --ShiftTime:0 --timeCode:0 --delay: 0
E/ServerAdapter( 3497): ServerAdapter:0
E/ServerHandler( 3497): Send:com.aidufei.protocol.oto.OtOStatusRequest@416e5da0
D/ServerHandler( 3497): ServerHandler send request:103:{"ResourceInfo":{"ShiftEnd":0,"TimeCode":0,"PlayType":3,"ResourceName":"","ProductCode":"","ShiftTime":0,"ResourceCode":""},"Status":{"ReturnCode":100,"Description":"ok"},"PlayStatus":0,"Volume":0}
V/ServerHandler( 3497): ServerHandler send DatagramPacket:/192.168.1.194-[B@41f7fb40
D/OtOService( 3497): send callback obj: com.aidufei.otoService.IServiceCallBack$Stub$Proxy@41802e10
E/ServerAdapter( 3497): ServerAdapter:0
E/ServerHandler( 3497): Send:com.aidufei.protocol.oto.OtOStatusRequest@41f80468
D/ServerHandler( 3497): ServerHandler send request:103:{"Status":{"ReturnCode":99,"Description":"status sync processing"},"PlayStatus":0,"Volume":0}
V/ServerHandler( 3497): ServerHandler send DatagramPacket:/192.168.1.194-[B@4139d5a0
D/dhcpcd  ( 3962): sending DHCP_DISCOVER with xid 0x41fb5825, next in 31.08 seconds
D/MonitorCw880( 3627): currentRemoteHost is null ,continue
E/ServerHandler( 3497): receiveRequest
V/OtORequest( 3497): parseCommand
V/OtORequest( 3497): get command=103
V/OtORequest( 3497): parse OtORequest: cmd=103 paramLength=0 bufferlen=8
D/OtOService( 3497): client request get status.playType:2
D/OtOService( 3497): callback N: 1
D/OtOService( 3497): send callback: 101
D/dvb_ServiceAdapter( 2677): dvb_ResultCallBack: what:101   arg1:0
D/OtOService( 3497): VOBsync :com.aidufei.otoService.PlayEvent@4139e870
D/OtOService( 3497): --resourceCode: null --ShiftTime:0 --timeCode:0 --delay: 0
E/ServerAdapter( 3497): ServerAdapter:0
E/ServerHandler( 3497): Send:com.aidufei.protocol.oto.OtOStatusRequest@415c6038
D/ServerHandler( 3497): ServerHandler send request:103:{"ResourceInfo":{"ShiftEnd":0,"TimeCode":0,"PlayType":3,"ResourceName":"","ProductCode":"","ShiftTime":0,"ResourceCode":""},"Status":{"ReturnCode":100,"Description":"ok"},"PlayStatus":0,"Volume":0}
V/ServerHandler( 3497): ServerHandler send DatagramPacket:/192.168.1.194-[B@415c7ca0
D/OtOService( 3497): send callback obj: com.aidufei.otoService.IServiceCallBack$Stub$Proxy@41802e10
E/ServerAdapter( 3497): ServerAdapter:0
E/ServerHandler( 3497): Send:com.aidufei.protocol.oto.OtOStatusRequest@416eb810
D/ServerHandler( 3497): ServerHandler send request:103:{"Status":{"ReturnCode":99,"Description":"status sync processing"},"PlayStatus":0,"Volume":0}
V/ServerHandler( 3497): ServerHandler send DatagramPacket:/192.168.1.194-[B@416ec8d0
E/ServerHandler( 3497): receiveRequest
V/OtORequest( 3497): parseCommand
V/OtORequest( 3497): get command=103
V/OtORequest( 3497): parse OtORequest: cmd=103 paramLength=0 bufferlen=8
D/OtOService( 3497): client request get status.playType:2
D/OtOService( 3497): callback N: 1
D/OtOService( 3497): send callback: 101
D/dvb_ServiceAdapter( 2677): dvb_ResultCallBack: what:101   arg1:0
D/OtOService( 3497): VOBsync :com.aidufei.otoService.PlayEvent@416d7e70
D/OtOService( 3497): --resourceCode: null --ShiftTime:0 --timeCode:0 --delay: 0
E/ServerAdapter( 3497): ServerAdapter:0
E/ServerHandler( 3497): Send:com.aidufei.protocol.oto.OtOStatusRequest@416d8348
D/ServerHandler( 3497): ServerHandler send request:103:{"ResourceInfo":{"ShiftEnd":0,"TimeCode":0,"PlayType":3,"ResourceName":"","ProductCode":"","ShiftTime":0,"ResourceCode":""},"Status":{"ReturnCode":100,"Description":"ok"},"PlayStatus":0,"Volume":0}
V/ServerHandler( 3497): ServerHandler send DatagramPacket:/192.168.1.194-[B@42014870
D/OtOService( 3497): send callback obj: com.aidufei.otoService.IServiceCallBack$Stub$Proxy@41802e10
E/ServerAdapter( 3497): ServerAdapter:0
E/ServerHandler( 3497): Send:com.aidufei.protocol.oto.OtOStatusRequest@42015120
D/ServerHandler( 3497): ServerHandler send request:103:{"Status":{"ReturnCode":99,"Description":"status sync processing"},"PlayStatus":0,"Volume":0}
V/ServerHandler( 3497): ServerHandler send DatagramPacket:/192.168.1.194-[B@420161e0
E/ServerHandler( 3497): receiveRequest
V/OtORequest( 3497): parseCommand
V/OtORequest( 3497): get command=103
V/OtORequest( 3497): parse OtORequest: cmd=103 paramLength=0 bufferlen=8
D/OtOService( 3497): client request get status.playType:2
D/OtOService( 3497): callback N: 1
D/OtOService( 3497): send callback: 101
D/dvb_ServiceAdapter( 2677): dvb_ResultCallBack: what:101   arg1:0
D/OtOService( 3497): VOBsync :com.aidufei.otoService.PlayEvent@42016b48
D/OtOService( 3497): --resourceCode: null --ShiftTime:0 --timeCode:0 --delay: 0
E/ServerAdapter( 3497): ServerAdapter:0
E/ServerHandler( 3497): Send:com.aidufei.protocol.oto.OtOStatusRequest@41b63478
D/ServerHandler( 3497): ServerHandler send request:103:{"ResourceInfo":{"ShiftEnd":0,"TimeCode":0,"PlayType":3,"ResourceName":"","ProductCode":"","ShiftTime":0,"ResourceCode":""},"Status":{"ReturnCode":100,"Description":"ok"},"PlayStatus":0,"Volume":0}
V/ServerHandler( 3497): ServerHandler send DatagramPacket:/192.168.1.194-[B@41847dc8
D/OtOService( 3497): send callback obj: com.aidufei.otoService.IServiceCallBack$Stub$Proxy@41802e10
E/ServerAdapter( 3497): ServerAdapter:0
E/ServerHandler( 3497): Send:com.aidufei.protocol.oto.OtOStatusRequest@418486f0
D/ServerHandler( 3497): ServerHandler send request:103:{"Status":{"ReturnCode":99,"Description":"status sync processing"},"PlayStatus":0,"Volume":0}
V/ServerHandler( 3497): ServerHandler send DatagramPacket:/192.168.1.194-[B@41849760
D/HomePlayerLib( 2256): hostaddress count is 1
D/dalvikvm( 2256): GC_CONCURRENT freed 1949K, 46% free 7312K/13443K, paused 2ms+3ms
D/dalvikvm( 2256): GC_CONCURRENT freed 2025K, 46% free 7331K/13443K, paused 2ms+3ms
D/MonitorCw880( 3627): currentRemoteHost is null ,continue
E/ServerHandler( 3497): receiveRequest
V/OtORequest( 3497): parseCommand
V/OtORequest( 3497): get command=103
V/OtORequest( 3497): parse OtORequest: cmd=103 paramLength=0 bufferlen=8
D/OtOService( 3497): client request get status.playType:2
D/OtOService( 3497): callback N: 1
D/OtOService( 3497): send callback: 101
D/dvb_ServiceAdapter( 2677): dvb_ResultCallBack: what:101   arg1:0
D/OtOService( 3497): VOBsync :com.aidufei.otoService.PlayEvent@417878e8
D/OtOService( 3497): --resourceCode: null --ShiftTime:0 --timeCode:0 --delay: 0
E/ServerAdapter( 3497): ServerAdapter:0
E/ServerHandler( 3497): Send:com.aidufei.protocol.oto.OtOStatusRequest@41787dc0
D/ServerHandler( 3497): ServerHandler send request:103:{"ResourceInfo":{"ShiftEnd":0,"TimeCode":0,"PlayType":3,"ResourceName":"","ProductCode":"","ShiftTime":0,"ResourceCode":""},"Status":{"ReturnCode":100,"Description":"ok"},"PlayStatus":0,"Volume":0}
V/ServerHandler( 3497): ServerHandler send DatagramPacket:/192.168.1.194-[B@41fa4668
D/OtOService( 3497): send callback obj: com.aidufei.otoService.IServiceCallBack$Stub$Proxy@41802e10
E/ServerAdapter( 3497): ServerAdapter:0
E/ServerHandler( 3497): Send:com.aidufei.protocol.oto.OtOStatusRequest@41fa4f90
D/ServerHandler( 3497): ServerHandler send request:103:{"Status":{"ReturnCode":99,"Description":"status sync processing"},"PlayStatus":0,"Volume":0}
V/ServerHandler( 3497): ServerHandler send DatagramPacket:/192.168.1.194-[B@41fa6050
E/ServerHandler( 3497): receiveRequest
V/OtORequest( 3497): parseCommand
V/OtORequest( 3497): get command=103
V/OtORequest( 3497): parse OtORequest: cmd=103 paramLength=0 bufferlen=8
D/OtOService( 3497): client request get status.playType:2
D/OtOService( 3497): callback N: 1
D/OtOService( 3497): send callback: 101
D/dvb_ServiceAdapter( 2677): dvb_ResultCallBack: what:101   arg1:0
D/OtOService( 3497): VOBsync :com.aidufei.otoService.PlayEvent@4202f2e0
D/OtOService( 3497): --resourceCode: null --ShiftTime:0 --timeCode:0 --delay: 0
E/ServerAdapter( 3497): ServerAdapter:0
E/ServerHandler( 3497): Send:com.aidufei.protocol.oto.OtOStatusRequest@4202f7b8
D/ServerHandler( 3497): ServerHandler send request:103:{"ResourceInfo":{"ShiftEnd":0,"TimeCode":0,"PlayType":3,"ResourceName":"","ProductCode":"","ShiftTime":0,"ResourceCode":""},"Status":{"ReturnCode":100,"Description":"ok"},"PlayStatus":0,"Volume":0}
V/ServerHandler( 3497): ServerHandler send DatagramPacket:/192.168.1.194-[B@41f5fb88
D/OtOService( 3497): send callback obj: com.aidufei.otoService.IServiceCallBack$Stub$Proxy@41802e10
E/ServerAdapter( 3497): ServerAdapter:0
E/ServerHandler( 3497): Send:com.aidufei.protocol.oto.OtOStatusRequest@41f604b0
D/ServerHandler( 3497): ServerHandler send request:103:{"Status":{"ReturnCode":99,"Description":"status sync processing"},"PlayStatus":0,"Volume":0}
V/ServerHandler( 3497): ServerHandler send DatagramPacket:/192.168.1.194-[B@41f61530
D/MonitorCw880( 3627): currentRemoteHost is null ,continue
E/ServerHandler( 3497): receiveRequest
V/OtORequest( 3497): parseCommand
V/OtORequest( 3497): get command=103
V/OtORequest( 3497): parse OtORequest: cmd=103 paramLength=0 bufferlen=8
D/OtOService( 3497): client request get status.playType:2
D/OtOService( 3497): callback N: 1
D/OtOService( 3497): send callback: 101
D/dvb_ServiceAdapter( 2677): dvb_ResultCallBack: what:101   arg1:0
D/OtOService( 3497): VOBsync :com.aidufei.otoService.PlayEvent@41f81cf0
D/OtOService( 3497): --resourceCode: null --ShiftTime:0 --timeCode:0 --delay: 0
E/ServerAdapter( 3497): ServerAdapter:0
E/ServerHandler( 3497): Send:com.aidufei.protocol.oto.OtOStatusRequest@41f821c8
D/ServerHandler( 3497): ServerHandler send request:103:{"ResourceInfo":{"ShiftEnd":0,"TimeCode":0,"PlayType":3,"ResourceName":"","ProductCode":"","ShiftTime":0,"ResourceCode":""},"Status":{"ReturnCode":100,"Description":"ok"},"PlayStatus":0,"Volume":0}
V/ServerHandler( 3497): ServerHandler send DatagramPacket:/192.168.1.194-[B@41f83e30
D/OtOService( 3497): send callback obj: com.aidufei.otoService.IServiceCallBack$Stub$Proxy@41802e10
E/ServerAdapter( 3497): ServerAdapter:0
E/ServerHandler( 3497): Send:com.aidufei.protocol.oto.OtOStatusRequest@41f84758
D/ServerHandler( 3497): ServerHandler send request:103:{"Status":{"ReturnCode":99,"Description":"status sync processing"},"PlayStatus":0,"Volume":0}
V/ServerHandler( 3497): ServerHandler send DatagramPacket:/192.168.1.194-[B@41f5cd98
E/ServerHandler( 3497): receiveRequest
V/OtORequest( 3497): parseCommand
V/OtORequest( 3497): get command=103
V/OtORequest( 3497): parse OtORequest: cmd=103 paramLength=0 bufferlen=8
D/OtOService( 3497): client request get status.playType:2
D/OtOService( 3497): callback N: 1
D/OtOService( 3497): send callback: 101
D/dvb_ServiceAdapter( 2677): dvb_ResultCallBack: what:101   arg1:0
D/OtOService( 3497): VOBsync :com.aidufei.otoService.PlayEvent@41f5e068
D/OtOService( 3497): --resourceCode: null --ShiftTime:0 --timeCode:0 --delay: 0
E/ServerAdapter( 3497): ServerAdapter:0
E/ServerHandler( 3497): Send:com.aidufei.protocol.oto.OtOStatusRequest@41f5e540
D/ServerHandler( 3497): ServerHandler send request:103:{"ResourceInfo":{"ShiftEnd":0,"TimeCode":0,"PlayType":3,"ResourceName":"","ProductCode":"","ShiftTime":0,"ResourceCode":""},"Status":{"ReturnCode":100,"Description":"ok"},"PlayStatus":0,"Volume":0}
V/ServerHandler( 3497): ServerHandler send DatagramPacket:/192.168.1.194-[B@420256a0
D/OtOService( 3497): send callback obj: com.aidufei.otoService.IServiceCallBack$Stub$Proxy@41802e10
E/ServerAdapter( 3497): ServerAdapter:0
E/ServerHandler( 3497): Send:com.aidufei.protocol.oto.OtOStatusRequest@42025fc8
D/ServerHandler( 3497): ServerHandler send request:103:{"Status":{"ReturnCode":99,"Description":"status sync processing"},"PlayStatus":0,"Volume":0}
V/ServerHandler( 3497): ServerHandler send DatagramPacket:/192.168.1.194-[B@42027088
E/ServerHandler( 3497): receiveRequest
V/OtORequest( 3497): parseCommand
V/OtORequest( 3497): get command=103
V/OtORequest( 3497): parse OtORequest: cmd=103 paramLength=0 bufferlen=8
D/OtOService( 3497): client request get status.playType:2
D/OtOService( 3497): callback N: 1
D/OtOService( 3497): send callback: 101
D/dvb_ServiceAdapter( 2677): dvb_ResultCallBack: what:101   arg1:0
D/OtOService( 3497): VOBsync :com.aidufei.otoService.PlayEvent@41f8d020
D/OtOService( 3497): --resourceCode: null --ShiftTime:0 --timeCode:0 --delay: 0
E/ServerAdapter( 3497): ServerAdapter:0
E/ServerHandler( 3497): Send:com.aidufei.protocol.oto.OtOStatusRequest@41f8d4f8
D/ServerHandler( 3497): ServerHandler send request:103:{"ResourceInfo":{"ShiftEnd":0,"TimeCode":0,"PlayType":3,"ResourceName":"","ProductCode":"","ShiftTime":0,"ResourceCode":""},"Status":{"ReturnCode":100,"Description":"ok"},"PlayStatus":0,"Volume":0}
V/ServerHandler( 3497): ServerHandler send DatagramPacket:/192.168.1.194-[B@41f8f160
D/OtOService( 3497): send callback obj: com.aidufei.otoService.IServiceCallBack$Stub$Proxy@41802e10
E/ServerAdapter( 3497): ServerAdapter:0
E/ServerHandler( 3497): Send:com.aidufei.protocol.oto.OtOStatusRequest@41f8fa88
D/ServerHandler( 3497): ServerHandler send request:103:{"Status":{"ReturnCode":99,"Description":"status sync processing"},"PlayStatus":0,"Volume":0}
V/ServerHandler( 3497): ServerHandler send DatagramPacket:/192.168.1.194-[B@417b82a8
D/MonitorCw880( 3627): currentRemoteHost is null ,continue
D/dalvikvm( 2256): GC_CONCURRENT freed 2038K, 46% free 7333K/13443K, paused 2ms+3ms
D/HomePlayerLib( 2256): hostaddress count is 1
D/dalvikvm( 2256): GC_CONCURRENT freed 2025K, 45% free 7479K/13443K, paused 2ms+3ms
E/ServerHandler( 3497): receiveRequest
V/OtORequest( 3497): parseCommand
V/OtORequest( 3497): get command=103
V/OtORequest( 3497): parse OtORequest: cmd=103 paramLength=0 bufferlen=8
D/OtOService( 3497): client request get status.playType:2
D/OtOService( 3497): callback N: 1
D/OtOService( 3497): send callback: 101
D/dvb_ServiceAdapter( 2677): dvb_ResultCallBack: what:101   arg1:0
D/OtOService( 3497): VOBsync :com.aidufei.otoService.PlayEvent@417b9578
D/OtOService( 3497): --resourceCode: null --ShiftTime:0 --timeCode:0 --delay: 0
E/ServerAdapter( 3497): ServerAdapter:0
E/ServerHandler( 3497): Send:com.aidufei.protocol.oto.OtOStatusRequest@417b9a50
D/ServerHandler( 3497): ServerHandler send request:103:{"ResourceInfo":{"ShiftEnd":0,"TimeCode":0,"PlayType":3,"ResourceName":"","ProductCode":"","ShiftTime":0,"ResourceCode":""},"Status":{"ReturnCode":100,"Description":"ok"},"PlayStatus":0,"Volume":0}
V/ServerHandler( 3497): ServerHandler send DatagramPacket:/192.168.1.194-[B@415e9680
D/OtOService( 3497): send callback obj: com.aidufei.otoService.IServiceCallBack$Stub$Proxy@41802e10
E/ServerAdapter( 3497): ServerAdapter:0
E/ServerHandler( 3497): Send:com.aidufei.protocol.oto.OtOStatusRequest@415e9fa8
D/ServerHandler( 3497): ServerHandler send request:103:{"Status":{"ReturnCode":99,"Description":"status sync processing"},"PlayStatus":0,"Volume":0}
V/ServerHandler( 3497): ServerHandler send DatagramPacket:/192.168.1.194-[B@415eb068
E/ServerHandler( 3497): receiveRequest
V/OtORequest( 3497): parseCommand
V/OtORequest( 3497): get command=103
V/OtORequest( 3497): parse OtORequest: cmd=103 paramLength=0 bufferlen=8
D/OtOService( 3497): client request get status.playType:2
D/OtOService( 3497): callback N: 1
D/OtOService( 3497): send callback: 101
D/dvb_ServiceAdapter( 2677): dvb_ResultCallBack: what:101   arg1:0
D/OtOService( 3497): VOBsync :com.aidufei.otoService.PlayEvent@415ec338
D/OtOService( 3497): --resourceCode: null --ShiftTime:0 --timeCode:0 --delay: 0
E/ServerAdapter( 3497): ServerAdapter:0
E/ServerHandler( 3497): Send:com.aidufei.protocol.oto.OtOStatusRequest@416ceb78
D/ServerHandler( 3497): ServerHandler send request:103:{"ResourceInfo":{"ShiftEnd":0,"TimeCode":0,"PlayType":3,"ResourceName":"","ProductCode":"","ShiftTime":0,"ResourceCode":""},"Status":{"ReturnCode":100,"Description":"ok"},"PlayStatus":0,"Volume":0}
V/ServerHandler( 3497): ServerHandler send DatagramPacket:/192.168.1.194-[B@416d07e0
D/OtOService( 3497): send callback obj: com.aidufei.otoService.IServiceCallBack$Stub$Proxy@41802e10
E/ServerAdapter( 3497): ServerAdapter:0
E/ServerHandler( 3497): Send:com.aidufei.protocol.oto.OtOStatusRequest@416d1108
D/ServerHandler( 3497): ServerHandler send request:103:{"Status":{"ReturnCode":99,"Description":"status sync processing"},"PlayStatus":0,"Volume":0}
V/ServerHandler( 3497): ServerHandler send DatagramPacket:/192.168.1.194-[B@416d21c8
D/MonitorCw880( 3627): currentRemoteHost is null ,continue
E/ServerHandler( 3497): receiveRequest
V/OtORequest( 3497): parseCommand
V/OtORequest( 3497): get command=103
V/OtORequest( 3497): parse OtORequest: cmd=103 paramLength=0 bufferlen=8
D/OtOService( 3497): client request get status.playType:2
D/OtOService( 3497): callback N: 1
D/OtOService( 3497): send callback: 101
D/dvb_ServiceAdapter( 2677): dvb_ResultCallBack: what:101   arg1:0
D/OtOService( 3497): VOBsync :com.aidufei.otoService.PlayEvent@417c11c8
D/OtOService( 3497): --resourceCode: null --ShiftTime:0 --timeCode:0 --delay: 0
E/ServerAdapter( 3497): ServerAdapter:0
E/ServerHandler( 3497): Send:com.aidufei.protocol.oto.OtOStatusRequest@417c16a0
D/ServerHandler( 3497): ServerHandler send request:103:{"ResourceInfo":{"ShiftEnd":0,"TimeCode":0,"PlayType":3,"ResourceName":"","ProductCode":"","ShiftTime":0,"ResourceCode":""},"Status":{"ReturnCode":100,"Description":"ok"},"PlayStatus":0,"Volume":0}
V/ServerHandler( 3497): ServerHandler send DatagramPacket:/192.168.1.194-[B@417c32a0
D/OtOService( 3497): send callback obj: com.aidufei.otoService.IServiceCallBack$Stub$Proxy@41802e10
E/ServerAdapter( 3497): ServerAdapter:0
E/ServerHandler( 3497): Send:com.aidufei.protocol.oto.OtOStatusRequest@417c3bc8
D/ServerHandler( 3497): ServerHandler send request:103:{"Status":{"ReturnCode":99,"Description":"status sync processing"},"PlayStatus":0,"Volume":0}
V/ServerHandler( 3497): ServerHandler send DatagramPacket:/192.168.1.194-[B@4169d938
E/ServerHandler( 3497): receiveRequest
V/OtORequest( 3497): parseCommand
V/OtORequest( 3497): get command=103
V/OtORequest( 3497): parse OtORequest: cmd=103 paramLength=0 bufferlen=8
D/OtOService( 3497): client request get status.playType:2
D/OtOService( 3497): callback N: 1
D/OtOService( 3497): send callback: 101
D/dvb_ServiceAdapter( 2677): dvb_ResultCallBack: what:101   arg1:0
D/OtOService( 3497): VOBsync :com.aidufei.otoService.PlayEvent@4169ec08
D/OtOService( 3497): --resourceCode: null --ShiftTime:0 --timeCode:0 --delay: 0
E/ServerAdapter( 3497): ServerAdapter:0
E/ServerHandler( 3497): Send:com.aidufei.protocol.oto.OtOStatusRequest@4169f0e0
D/ServerHandler( 3497): ServerHandler send request:103:{"ResourceInfo":{"ShiftEnd":0,"TimeCode":0,"PlayType":3,"ResourceName":"","ProductCode":"","ShiftTime":0,"ResourceCode":""},"Status":{"ReturnCode":100,"Description":"ok"},"PlayStatus":0,"Volume":0}
V/ServerHandler( 3497): ServerHandler send DatagramPacket:/192.168.1.194-[B@417b0520
D/OtOService( 3497): send callback obj: com.aidufei.otoService.IServiceCallBack$Stub$Proxy@41802e10
E/ServerAdapter( 3497): ServerAdapter:0
E/ServerHandler( 3497): Send:com.aidufei.protocol.oto.OtOStatusRequest@417b0e30
D/ServerHandler( 3497): ServerHandler send request:103:{"Status":{"ReturnCode":99,"Description":"status sync processing"},"PlayStatus":0,"Volume":0}
V/ServerHandler( 3497): ServerHandler send DatagramPacket:/192.168.1.194-[B@417b1ef0
E/ServerHandler( 3497): receiveRequest
V/OtORequest( 3497): parseCommand
V/OtORequest( 3497): get command=103
V/OtORequest( 3497): parse OtORequest: cmd=103 paramLength=0 bufferlen=8
D/OtOService( 3497): client request get status.playType:2
D/OtOService( 3497): callback N: 1
D/OtOService( 3497): send callback: 101
D/dvb_ServiceAdapter( 2677): dvb_ResultCallBack: what:101   arg1:0
D/OtOService( 3497): VOBsync :com.aidufei.otoService.PlayEvent@417b31c0
D/OtOService( 3497): --resourceCode: null --ShiftTime:0 --timeCode:0 --delay: 0
E/ServerAdapter( 3497): ServerAdapter:0
E/ServerHandler( 3497): Send:com.aidufei.protocol.oto.OtOStatusRequest@417b3698
D/ServerHandler( 3497): ServerHandler send request:103:{"ResourceInfo":{"ShiftEnd":0,"TimeCode":0,"PlayType":3,"ResourceName":"","ProductCode":"","ShiftTime":0,"ResourceCode":""},"Status":{"ReturnCode":100,"Description":"ok"},"PlayStatus":0,"Volume":0}
V/ServerHandler( 3497): ServerHandler send DatagramPacket:/192.168.1.194-[B@41f7a730
D/OtOService( 3497): send callback obj: com.aidufei.otoService.IServiceCallBack$Stub$Proxy@41802e10
E/ServerAdapter( 3497): ServerAdapter:0
E/ServerHandler( 3497): Send:com.aidufei.protocol.oto.OtOStatusRequest@41f7b058
