D/StrictMode( 1290):    at com.android.internal.os.ZygoteInit.main(ZygoteInit.java:575)
D/StrictMode( 1290):    at dalvik.system.NativeStart.main(Native Method)
D/StrictMode( 1290): StrictMode policy violation; ~duration=678 ms: android.os.StrictMode$StrictModeNetworkViolation: policy=23 violation=4
D/StrictMode( 1290):    at android.os.StrictMode$AndroidBlockGuardPolicy.onNetwork(StrictMode.java:1105)
D/StrictMode( 1290):    at libcore.io.BlockGuardOs.recvfrom(BlockGuardOs.java:163)
D/StrictMode( 1290):    at libcore.io.IoBridge.recvfrom(IoBridge.java:503)
D/StrictMode( 1290):    at java.net.PlainSocketImpl.read(PlainSocketImpl.java:488)
D/StrictMode( 1290):    at java.net.PlainSocketImpl.access$000(PlainSocketImpl.java:46)
D/StrictMode( 1290):    at java.net.PlainSocketImpl$PlainSocketInputStream.read(PlainSocketImpl.java:240)
D/StrictMode( 1290):    at org.apache.http.impl.io.AbstractSessionInputBuffer.fillBuffer(AbstractSessionInputBuffer.java:103)
D/StrictMode( 1290):    at org.apache.http.impl.io.SocketInputBuffer.isStale(SocketInputBuffer.java:109)
D/StrictMode( 1290):    at org.apache.http.impl.AbstractHttpClientConnection.isStale(AbstractHttpClientConnection.java:205)
D/StrictMode( 1290):    at org.apache.http.impl.conn.AbstractClientConnAdapter.isStale(AbstractClientConnAdapter.java:185)
D/StrictMode( 1290):    at org.apache.http.impl.client.DefaultRequestDirector.execute(DefaultRequestDirector.java:336)
D/StrictMode( 1290):    at org.apache.http.impl.client.AbstractHttpClient.execute(AbstractHttpClient.java:555)
D/StrictMode( 1290):    at org.apache.http.impl.client.AbstractHttpClient.execute(AbstractHttpClient.java:487)
D/StrictMode( 1290):    at org.apache.http.impl.client.AbstractHttpClient.execute(AbstractHttpClient.java:465)
D/StrictMode( 1290):    at com.coship.netfirmware.downloads.DownloadTask.getDownloadTaskInfo(DownloadTask.java:422)
D/StrictMode( 1290):    at com.coship.netfirmware.downloads.DownloadTask.start(DownloadTask.java:93)
D/StrictMode( 1290):    at com.coship.netfirmware.NetFirmwareService.onStartDownloadTask(NetFirmwareService.java:1372)
D/StrictMode( 1290):    at com.coship.netfirmware.NetFirmwareService.downloadDescriptionFile(NetFirmwareService.java:1759)
D/StrictMode( 1290):    at com.coship.netfirmware.NetFirmwareService.access$1700(NetFirmwareService.java:69)
D/StrictMode( 1290):    at com.coship.netfirmware.NetFirmwareService$3.handleMessage(NetFirmwareService.java:652)
D/StrictMode( 1290):    at android.os.Handler.dispatchMessage(Handler.java:99)
D/StrictMode( 1290):    at android.os.Looper.loop(Looper.java:137)
D/StrictMode( 1290):    at android.app.ActivityThread.main(ActivityThread.java:4424)
D/StrictMode( 1290):    at java.lang.reflect.Method.invokeNative(Native Method)
D/StrictMode( 1290):    at java.lang.reflect.Method.invoke(Method.java:511)
D/StrictMode( 1290):    at com.android.internal.os.ZygoteInit$MethodAndArgsCaller.run(ZygoteInit.java:848)
D/StrictMode( 1290):    at com.android.internal.os.ZygoteInit.main(ZygoteInit.java:575)
D/StrictMode( 1290):    at dalvik.system.NativeStart.main(Native Method)
D/StrictMode( 1290): StrictMode policy violation; ~duration=672 ms: android.os.StrictMode$StrictModeNetworkViolation: policy=23 violation=4
D/StrictMode( 1290):    at android.os.StrictMode$AndroidBlockGuardPolicy.onNetwork(StrictMode.java:1105)
D/StrictMode( 1290):    at libcore.io.BlockGuardOs.recvfrom(BlockGuardOs.java:163)
D/StrictMode( 1290):    at libcore.io.IoBridge.recvfrom(IoBridge.java:503)
D/StrictMode( 1290):    at java.net.PlainSocketImpl.read(PlainSocketImpl.java:488)
D/StrictMode( 1290):    at java.net.PlainSocketImpl.access$000(PlainSocketImpl.java:46)
D/StrictMode( 1290):    at java.net.PlainSocketImpl$PlainSocketInputStream.read(PlainSocketImpl.java:240)
D/StrictMode( 1290):    at org.apache.http.impl.io.AbstractSessionInputBuffer.fillBuffer(AbstractSessionInputBuffer.java:103)
D/StrictMode( 1290):    at org.apache.http.impl.io.AbstractSessionInputBuffer.readLine(AbstractSessionInputBuffer.java:191)
D/StrictMode( 1290):    at org.apache.http.impl.conn.DefaultResponseParser.parseHead(DefaultResponseParser.java:82)
D/StrictMode( 1290):    at org.apache.http.impl.io.AbstractMessageParser.parse(AbstractMessageParser.java:174)
D/StrictMode( 1290):    at org.apache.http.impl.AbstractHttpClientConnection.receiveResponseHeader(AbstractHttpClientConnection.java:180)
D/StrictMode( 1290):    at org.apache.http.impl.conn.DefaultClientConnection.receiveResponseHeader(DefaultClientConnection.java:235)
D/StrictMode( 1290):    at org.apache.http.impl.conn.AbstractClientConnAdapter.receiveResponseHeader(AbstractClientConnAdapter.java:259)
D/StrictMode( 1290):    at org.apache.http.protocol.HttpRequestExecutor.doReceiveResponse(HttpRequestExecutor.java:279)
D/StrictMode( 1290):    at org.apache.http.protocol.HttpRequestExecutor.execute(HttpRequestExecutor.java:121)
D/StrictMode( 1290):    at org.apache.http.impl.client.DefaultRequestDirector.execute(DefaultRequestDirector.java:428)
D/StrictMode( 1290):    at org.apache.http.impl.client.AbstractHttpClient.execute(AbstractHttpClient.java:555)
D/StrictMode( 1290):    at org.apache.http.impl.client.AbstractHttpClient.execute(AbstractHttpClient.java:487)
D/StrictMode( 1290):    at org.apache.http.impl.client.AbstractHttpClient.execute(AbstractHttpClient.java:465)
D/StrictMode( 1290):    at com.coship.netfirmware.downloads.DownloadTask.getDownloadTaskInfo(DownloadTask.java:422)
D/StrictMode( 1290):    at com.coship.netfirmware.downloads.DownloadTask.start(DownloadTask.java:93)
D/StrictMode( 1290):    at com.coship.netfirmware.NetFirmwareService.onStartDownloadTask(NetFirmwareService.java:1372)
D/StrictMode( 1290):    at com.coship.netfirmware.NetFirmwareService.downloadDescriptionFile(NetFirmwareService.java:1759)
D/StrictMode( 1290):    at com.coship.netfirmware.NetFirmwareService.access$1700(NetFirmwareService.java:69)
D/StrictMode( 1290):    at com.coship.netfirmware.NetFirmwareService$3.handleMessage(NetFirmwareService.java:652)
D/StrictMode( 1290):    at android.os.Handler.dispatchMessage(Handler.java:99)
D/StrictMode( 1290):    at android.os.Looper.loop(Looper.java:137)
D/StrictMode( 1290):    at android.app.ActivityThread.main(ActivityThread.java:4424)
D/StrictMode( 1290):    at java.lang.reflect.Method.invokeNative(Native Method)
D/StrictMode( 1290):    at java.lang.reflect.Method.invoke(Method.java:511)
D/StrictMode( 1290):    at com.android.internal.os.ZygoteInit$MethodAndArgsCaller.run(ZygoteInit.java:848)
D/StrictMode( 1290):    at com.android.internal.os.ZygoteInit.main(ZygoteInit.java:575)
D/StrictMode( 1290):    at dalvik.system.NativeStart.main(Native Method)
D/StrictMode( 1290): StrictMode policy violation; ~duration=40 ms: android.os.StrictMode$StrictModeDiskReadViolation: policy=23 violation=2
D/StrictMode( 1290):    at android.os.StrictMode$AndroidBlockGuardPolicy.onReadFromDisk(StrictMode.java:1089)
D/StrictMode( 1290):    at libcore.io.BlockGuardOs.open(BlockGuardOs.java:106)
D/StrictMode( 1290):    at libcore.io.IoBridge.open(IoBridge.java:390)
D/StrictMode( 1290):    at java.io.FileOutputStream.<init>(FileOutputStream.java:88)
D/StrictMode( 1290):    at java.io.FileOutputStream.<init>(FileOutputStream.java:128)
D/StrictMode( 1290):    at java.io.FileOutputStream.<init>(FileOutputStream.java:117)
D/StrictMode( 1290):    at com.coship.netfirmware.downloads.DownloadTaskRecord.saveRecord(DownloadTaskRecord.java:56)
D/StrictMode( 1290):    at com.coship.netfirmware.downloads.DownloadTask.initTaskRecord(DownloadTask.java:315)
D/StrictMode( 1290):    at com.coship.netfirmware.downloads.DownloadTask.start(DownloadTask.java:98)
D/StrictMode( 1290):    at com.coship.netfirmware.NetFirmwareService.onStartDownloadTask(NetFirmwareService.java:1372)
D/StrictMode( 1290):    at com.coship.netfirmware.NetFirmwareService.downloadDescriptionFile(NetFirmwareService.java:1759)
D/StrictMode( 1290):    at com.coship.netfirmware.NetFirmwareService.access$1700(NetFirmwareService.java:69)
D/StrictMode( 1290):    at com.coship.netfirmware.NetFirmwareService$3.handleMessage(NetFirmwareService.java:652)
D/StrictMode( 1290):    at android.os.Handler.dispatchMessage(Handler.java:99)
D/StrictMode( 1290):    at android.os.Looper.loop(Looper.java:137)
D/StrictMode( 1290):    at android.app.ActivityThread.main(ActivityThread.java:4424)
D/StrictMode( 1290):    at java.lang.reflect.Method.invokeNative(Native Method)
D/StrictMode( 1290):    at java.lang.reflect.Method.invoke(Method.java:511)
D/StrictMode( 1290):    at com.android.internal.os.ZygoteInit$MethodAndArgsCaller.run(ZygoteInit.java:848)
D/StrictMode( 1290):    at com.android.internal.os.ZygoteInit.main(ZygoteInit.java:575)
D/StrictMode( 1290):    at dalvik.system.NativeStart.main(Native Method)
D/StrictMode( 1290): StrictMode policy violation; ~duration=36 ms: android.os.StrictMode$StrictModeDiskWriteViolation: policy=23 violation=1
D/StrictMode( 1290):    at android.os.StrictMode$AndroidBlockGuardPolicy.onWriteToDisk(StrictMode.java:1063)
D/StrictMode( 1290):    at libcore.io.BlockGuardOs.write(BlockGuardOs.java:190)
D/StrictMode( 1290):    at libcore.io.IoBridge.write(IoBridge.java:447)
D/StrictMode( 1290):    at java.io.FileOutputStream.write(FileOutputStream.java:187)
D/StrictMode( 1290):    at java.io.OutputStreamWriter.flushBytes(OutputStreamWriter.java:167)
D/StrictMode( 1290):    at java.io.OutputStreamWriter.flush(OutputStreamWriter.java:158)
D/StrictMode( 1290):    at java.util.Properties.store(Properties.java:557)
D/StrictMode( 1290):    at java.util.Properties.store(Properties.java:524)
D/StrictMode( 1290):    at com.coship.netfirmware.downloads.DownloadTaskRecord.saveRecord(DownloadTaskRecord.java:57)
D/StrictMode( 1290):    at com.coship.netfirmware.downloads.DownloadTask.initTaskRecord(DownloadTask.java:315)
D/StrictMode( 1290):    at com.coship.netfirmware.downloads.DownloadTask.start(DownloadTask.java:98)
D/StrictMode( 1290):    at com.coship.netfirmware.NetFirmwareService.onStartDownloadTask(NetFirmwareService.java:1372)
D/StrictMode( 1290):    at com.coship.netfirmware.NetFirmwareService.downloadDescriptionFile(NetFirmwareService.java:1759)
D/StrictMode( 1290):    at com.coship.netfirmware.NetFirmwareService.access$1700(NetFirmwareService.java:69)
D/StrictMode( 1290):    at com.coship.netfirmware.NetFirmwareService$3.handleMessage(NetFirmwareService.java:652)
D/StrictMode( 1290):    at android.os.Handler.dispatchMessage(Handler.java:99)
D/StrictMode( 1290):    at android.os.Looper.loop(Looper.java:137)
D/StrictMode( 1290):    at android.app.ActivityThread.main(ActivityThread.java:4424)
D/StrictMode( 1290):    at java.lang.reflect.Method.invokeNative(Native Method)
D/StrictMode( 1290):    at java.lang.reflect.Method.invoke(Method.java:511)
D/StrictMode( 1290):    at com.android.internal.os.ZygoteInit$MethodAndArgsCaller.run(ZygoteInit.java:848)
D/StrictMode( 1290):    at com.android.internal.os.ZygoteInit.main(ZygoteInit.java:575)
D/StrictMode( 1290):    at dalvik.system.NativeStart.main(Native Method)
D/NetFirmwareService( 1290): MSG_DESCRIPT_STATUS_CHANGE
D/NetFirmwareService( 1290): MSG_DESCRIPT_STATUS_CHANGE
D/dalvikvm( 1290): GC_CONCURRENT freed 263K, 56% free 5499K/12227K, paused 1ms+2ms
D/StrictMode( 1290): StrictMode policy violation; ~duration=61 ms: android.os.StrictMode$StrictModeDiskReadViolation: policy=23 violation=2
D/StrictMode( 1290):    at android.os.StrictMode$AndroidBlockGuardPolicy.onReadFromDisk(StrictMode.java:1089)
D/StrictMode( 1290):    at libcore.io.BlockGuardOs.open(BlockGuardOs.java:106)
D/StrictMode( 1290):    at libcore.io.IoBridge.open(IoBridge.java:390)
D/StrictMode( 1290):    at java.io.FileOutputStream.<init>(FileOutputStream.java:88)
D/StrictMode( 1290):    at java.io.FileOutputStream.<init>(FileOutputStream.java:73)
D/StrictMode( 1290):    at android.app.SharedPreferencesImpl.createFileOutputStream(SharedPreferencesImpl.java:523)
D/StrictMode( 1290):    at android.app.SharedPreferencesImpl.writeToFile(SharedPreferencesImpl.java:571)
D/StrictMode( 1290):    at android.app.SharedPreferencesImpl.access$800(SharedPreferencesImpl.java:48)
D/StrictMode( 1290):    at android.app.SharedPreferencesImpl$2.run(SharedPreferencesImpl.java:491)
D/StrictMode( 1290):    at android.app.SharedPreferencesImpl.enqueueDiskWrite(SharedPreferencesImpl.java:512)
D/StrictMode( 1290):    at android.app.SharedPreferencesImpl.access$100(SharedPreferencesImpl.java:48)
D/StrictMode( 1290):    at android.app.SharedPreferencesImpl$EditorImpl.commit(SharedPreferencesImpl.java:434)
D/StrictMode( 1290):    at com.coship.netfirmware.UpgradeConfig.setLastProcessStatus(UpgradeConfig.java:317)
D/StrictMode( 1290):    at com.coship.netfirmware.NetFirmwareService$LastUpgradeProcessStatus.setLastUpgradeProcessStatus(NetFirmwareService.java:2619)
D/StrictMode( 1290):    at com.coship.netfirmware.NetFirmwareService$3.handleMessage(NetFirmwareService.java:699)
D/StrictMode( 1290):    at android.os.Handler.dispatchMessage(Handler.java:99)
D/StrictMode( 1290):    at android.os.Looper.loop(Looper.java:137)
D/StrictMode( 1290):    at android.app.ActivityThread.main(ActivityThread.java:4424)
D/StrictMode( 1290):    at java.lang.reflect.Method.invokeNative(Native Method)
D/StrictMode( 1290):    at java.lang.reflect.Method.invoke(Method.java:511)
D/StrictMode( 1290):    at com.android.internal.os.ZygoteInit$MethodAndArgsCaller.run(ZygoteInit.java:848)
D/StrictMode( 1290):    at com.android.internal.os.ZygoteInit.main(ZygoteInit.java:575)
D/StrictMode( 1290):    at dalvik.system.NativeStart.main(Native Method)
D/StrictMode( 1290): StrictMode policy violation; ~duration=51 ms: android.os.StrictMode$StrictModeDiskWriteViolation: policy=23 violation=1
D/StrictMode( 1290):    at android.os.StrictMode$AndroidBlockGuardPolicy.onWriteToDisk(StrictMode.java:1063)
D/StrictMode( 1290):    at libcore.io.BlockGuardOs.write(BlockGuardOs.java:190)
D/StrictMode( 1290):    at libcore.io.IoBridge.write(IoBridge.java:447)
D/StrictMode( 1290):    at java.io.FileOutputStream.write(FileOutputStream.java:187)
D/StrictMode( 1290):    at com.android.internal.util.FastXmlSerializer.flushBytes(FastXmlSerializer.java:212)
D/StrictMode( 1290):    at com.android.internal.util.FastXmlSerializer.flush(FastXmlSerializer.java:233)
D/StrictMode( 1290):    at com.android.internal.util.FastXmlSerializer.endDocument(FastXmlSerializer.java:183)
D/StrictMode( 1290):    at com.android.internal.util.XmlUtils.writeMapXml(XmlUtils.java:186)
D/StrictMode( 1290):    at android.app.SharedPreferencesImpl.writeToFile(SharedPreferencesImpl.java:576)
D/StrictMode( 1290):    at android.app.SharedPreferencesImpl.access$800(SharedPreferencesImpl.java:48)
D/StrictMode( 1290):    at android.app.SharedPreferencesImpl$2.run(SharedPreferencesImpl.java:491)
D/StrictMode( 1290):    at android.app.SharedPreferencesImpl.enqueueDiskWrite(SharedPreferencesImpl.java:512)
D/StrictMode( 1290):    at android.app.SharedPreferencesImpl.access$100(SharedPreferencesImpl.java:48)
D/StrictMode( 1290):    at android.app.SharedPreferencesImpl$EditorImpl.commit(SharedPreferencesImpl.java:434)
D/StrictMode( 1290):    at com.coship.netfirmware.UpgradeConfig.setLastProcessStatus(UpgradeConfig.java:317)
D/StrictMode( 1290):    at com.coship.netfirmware.NetFirmwareService$LastUpgradeProcessStatus.setLastUpgradeProcessStatus(NetFirmwareService.java:2619)
D/StrictMode( 1290):    at com.coship.netfirmware.NetFirmwareService$3.handleMessage(NetFirmwareService.java:699)
D/StrictMode( 1290):    at android.os.Handler.dispatchMessage(Handler.java:99)
D/StrictMode( 1290):    at android.os.Looper.loop(Looper.java:137)
D/StrictMode( 1290):    at android.app.ActivityThread.main(ActivityThread.java:4424)
D/StrictMode( 1290):    at java.lang.reflect.Method.invokeNative(Native Method)
D/StrictMode( 1290):    at java.lang.reflect.Method.invoke(Method.java:511)
D/StrictMode( 1290):    at com.android.internal.os.ZygoteInit$MethodAndArgsCaller.run(ZygoteInit.java:848)
D/StrictMode( 1290):    at com.android.internal.os.ZygoteInit.main(ZygoteInit.java:575)
D/StrictMode( 1290):    at dalvik.system.NativeStart.main(Native Method)
D/StrictMode( 1290): StrictMode policy violation; ~duration=16 ms: android.os.StrictMode$StrictModeDiskWriteViolation: policy=23 violation=1
D/StrictMode( 1290):    at android.os.StrictMode$AndroidBlockGuardPolicy.onWriteToDisk(StrictMode.java:1063)
D/StrictMode( 1290):    at libcore.io.BlockGuardOs.fsync(BlockGuardOs.java:96)
D/StrictMode( 1290):    at java.io.FileDescriptor.sync(FileDescriptor.java:71)
D/StrictMode( 1290):    at android.os.FileUtils.sync(FileUtils.java:111)
D/StrictMode( 1290):    at android.app.SharedPreferencesImpl.writeToFile(SharedPreferencesImpl.java:577)
D/StrictMode( 1290):    at android.app.SharedPreferencesImpl.access$800(SharedPreferencesImpl.java:48)
D/StrictMode( 1290):    at android.app.SharedPreferencesImpl$2.run(SharedPreferencesImpl.java:491)
D/StrictMode( 1290):    at android.app.SharedPreferencesImpl.enqueueDiskWrite(SharedPreferencesImpl.java:512)
D/StrictMode( 1290):    at android.app.SharedPreferencesImpl.access$100(SharedPreferencesImpl.java:48)
D/StrictMode( 1290):    at android.app.SharedPreferencesImpl$EditorImpl.commit(SharedPreferencesImpl.java:434)
D/StrictMode( 1290):    at com.coship.netfirmware.UpgradeConfig.setLastProcessStatus(UpgradeConfig.java:317)
D/StrictMode( 1290):    at com.coship.netfirmware.NetFirmwareService$LastUpgradeProcessStatus.setLastUpgradeProcessStatus(NetFirmwareService.java:2619)
D/StrictMode( 1290):    at com.coship.netfirmware.NetFirmwareService$3.handleMessage(NetFirmwareService.java:699)
D/StrictMode( 1290):    at android.os.Handler.dispatchMessage(Handler.java:99)
D/StrictMode( 1290):    at android.os.Looper.loop(Looper.java:137)
D/StrictMode( 1290):    at android.app.ActivityThread.main(ActivityThread.java:4424)
D/StrictMode( 1290):    at java.lang.reflect.Method.invokeNative(Native Method)
D/StrictMode( 1290):    at java.lang.reflect.Method.invoke(Method.java:511)
D/StrictMode( 1290):    at com.android.internal.os.ZygoteInit$MethodAndArgsCaller.run(ZygoteInit.java:848)
D/StrictMode( 1290):    at com.android.internal.os.ZygoteInit.main(ZygoteInit.java:575)
D/StrictMode( 1290):    at dalvik.system.NativeStart.main(Native Method)
D/StrictMode( 1290): StrictMode policy violation; ~duration=1 ms: android.os.StrictMode$StrictModeDiskReadViolation: policy=23 violation=2
D/StrictMode( 1290):    at android.os.StrictMode$AndroidBlockGuardPolicy.onReadFromDisk(StrictMode.java:1089)
D/StrictMode( 1290):    at android.os.StrictMode.noteDiskRead(StrictMode.java:1832)
D/StrictMode( 1290):    at android.os.FileUtils.getFileStatus(FileUtils.java:82)
D/StrictMode( 1290):    at android.app.SharedPreferencesImpl.writeToFile(SharedPreferencesImpl.java:581)
D/StrictMode( 1290):    at android.app.SharedPreferencesImpl.access$800(SharedPreferencesImpl.java:48)
D/StrictMode( 1290):    at android.app.SharedPreferencesImpl$2.run(SharedPreferencesImpl.java:491)
D/StrictMode( 1290):    at android.app.SharedPreferencesImpl.enqueueDiskWrite(SharedPreferencesImpl.java:512)
D/StrictMode( 1290):    at android.app.SharedPreferencesImpl.access$100(SharedPreferencesImpl.java:48)
D/StrictMode( 1290):    at android.app.SharedPreferencesImpl$EditorImpl.commit(SharedPreferencesImpl.java:434)
D/StrictMode( 1290):    at com.coship.netfirmware.UpgradeConfig.setLastProcessStatus(UpgradeConfig.java:317)
D/StrictMode( 1290):    at com.coship.netfirmware.NetFirmwareService$LastUpgradeProcessStatus.setLastUpgradeProcessStatus(NetFirmwareService.java:2619)
D/StrictMode( 1290):    at com.coship.netfirmware.NetFirmwareService$3.handleMessage(NetFirmwareService.java:699)
D/StrictMode( 1290):    at android.os.Handler.dispatchMessage(Handler.java:99)
D/StrictMode( 1290):    at android.os.Looper.loop(Looper.java:137)
D/StrictMode( 1290):    at android.app.ActivityThread.main(ActivityThread.java:4424)
D/StrictMode( 1290):    at java.lang.reflect.Method.invokeNative(Native Method)
D/StrictMode( 1290):    at java.lang.reflect.Method.invoke(Method.java:511)
D/StrictMode( 1290):    at com.android.internal.os.ZygoteInit$MethodAndArgsCaller.run(ZygoteInit.java:848)
D/StrictMode( 1290):    at com.android.internal.os.ZygoteInit.main(ZygoteInit.java:575)
D/StrictMode( 1290):    at dalvik.system.NativeStart.main(Native Method)
W/AudioTrack(21184): obtainBuffer() track 0x386c40 disabled, restarting
D/NetFirmwareService( 1290): MSG_DESCRIPT_STATUS_CHANGE
W/AudioTrack(21184): obtainBuffer() track 0x386c40 disabled, restarting
D/DownloadXpress( 1290): filePart0 final status: 491
D/DownloadXpress( 1290): filePart1 final status: 491
W/DownloadTask( 1290): There has a file named /data/data/com.coship.netfirmware/description.dat already
D/NetFirmwareService( 1290): DownloadConstants.TASK_STATUS_COMPLETED
D/NetFirmwareService( 1290): MSG_DESCRIPT_STATUS_CHANGE
D/StrictMode( 1290): StrictMode policy violation; ~duration=25 ms: android.os.StrictMode$StrictModeDiskReadViolation: policy=23 violation=2
D/StrictMode( 1290):    at android.os.StrictMode$AndroidBlockGuardPolicy.onReadFromDisk(StrictMode.java:1089)
D/StrictMode( 1290):    at libcore.io.BlockGuardOs.open(BlockGuardOs.java:106)
D/StrictMode( 1290):    at libcore.io.IoBridge.open(IoBridge.java:390)
D/StrictMode( 1290):    at java.io.FileOutputStream.<init>(FileOutputStream.java:88)
D/StrictMode( 1290):    at java.io.FileOutputStream.<init>(FileOutputStream.java:73)
D/StrictMode( 1290):    at android.app.SharedPreferencesImpl.createFileOutputStream(SharedPreferencesImpl.java:523)
D/StrictMode( 1290):    at android.app.SharedPreferencesImpl.writeToFile(SharedPreferencesImpl.java:571)
D/StrictMode( 1290):    at android.app.SharedPreferencesImpl.access$800(SharedPreferencesImpl.java:48)
D/StrictMode( 1290):    at android.app.SharedPreferencesImpl$2.run(SharedPreferencesImpl.java:491)
D/StrictMode( 1290):    at android.app.SharedPreferencesImpl.enqueueDiskWrite(SharedPreferencesImpl.java:512)
D/StrictMode( 1290):    at android.app.SharedPreferencesImpl.access$100(SharedPreferencesImpl.java:48)
D/StrictMode( 1290):    at android.app.SharedPreferencesImpl$EditorImpl.commit(SharedPreferencesImpl.java:434)
D/StrictMode( 1290):    at com.coship.netfirmware.UpgradeConfig.setLastProcessStatus(UpgradeConfig.java:317)
D/StrictMode( 1290):    at com.coship.netfirmware.NetFirmwareService$LastUpgradeProcessStatus.setLastUpgradeProcessStatus(NetFirmwareService.java:2619)
D/StrictMode( 1290):    at com.coship.netfirmware.NetFirmwareService$3.handleMessage(NetFirmwareService.java:692)
D/StrictMode( 1290):    at android.os.Handler.dispatchMessage(Handler.java:99)
D/StrictMode( 1290):    at android.os.Looper.loop(Looper.java:137)
D/StrictMode( 1290):    at android.app.ActivityThread.main(ActivityThread.java:4424)
D/StrictMode( 1290):    at java.lang.reflect.Method.invokeNative(Native Method)
D/StrictMode( 1290):    at java.lang.reflect.Method.invoke(Method.java:511)
D/StrictMode( 1290):    at com.android.internal.os.ZygoteInit$MethodAndArgsCaller.run(ZygoteInit.java:848)
D/StrictMode( 1290):    at com.android.internal.os.ZygoteInit.main(ZygoteInit.java:575)
D/StrictMode( 1290):    at dalvik.system.NativeStart.main(Native Method)
D/StrictMode( 1290): StrictMode policy violation; ~duration=23 ms: android.os.StrictMode$StrictModeDiskWriteViolation: policy=23 violation=1
D/StrictMode( 1290):    at android.os.StrictMode$AndroidBlockGuardPolicy.onWriteToDisk(StrictMode.java:1063)
D/StrictMode( 1290):    at libcore.io.BlockGuardOs.write(BlockGuardOs.java:190)
D/StrictMode( 1290):    at libcore.io.IoBridge.write(IoBridge.java:447)
D/StrictMode( 1290):    at java.io.FileOutputStream.write(FileOutputStream.java:187)
D/StrictMode( 1290):    at com.android.internal.util.FastXmlSerializer.flushBytes(FastXmlSerializer.java:212)
D/StrictMode( 1290):    at com.android.internal.util.FastXmlSerializer.flush(FastXmlSerializer.java:233)
D/StrictMode( 1290):    at com.android.internal.util.FastXmlSerializer.endDocument(FastXmlSerializer.java:183)
D/StrictMode( 1290):    at com.android.internal.util.XmlUtils.writeMapXml(XmlUtils.java:186)
D/StrictMode( 1290):    at android.app.SharedPreferencesImpl.writeToFile(SharedPreferencesImpl.java:576)
D/StrictMode( 1290):    at android.app.SharedPreferencesImpl.access$800(SharedPreferencesImpl.java:48)
D/StrictMode( 1290):    at android.app.SharedPreferencesImpl$2.run(SharedPreferencesImpl.java:491)
D/StrictMode( 1290):    at android.app.SharedPreferencesImpl.enqueueDiskWrite(SharedPreferencesImpl.java:512)
D/StrictMode( 1290):    at android.app.SharedPreferencesImpl.access$100(SharedPreferencesImpl.java:48)
D/StrictMode( 1290):    at android.app.SharedPreferencesImpl$EditorImpl.commit(SharedPreferencesImpl.java:434)
D/StrictMode( 1290):    at com.coship.netfirmware.UpgradeConfig.setLastProcessStatus(UpgradeConfig.java:317)
D/StrictMode( 1290):    at com.coship.netfirmware.NetFirmwareService$LastUpgradeProcessStatus.setLastUpgradeProcessStatus(NetFirmwareService.java:2619)
D/StrictMode( 1290):    at com.coship.netfirmware.NetFirmwareService$3.handleMessage(NetFirmwareService.java:692)
D/StrictMode( 1290):    at android.os.Handler.dispatchMessage(Handler.java:99)
D/StrictMode( 1290):    at android.os.Looper.loop(Looper.java:137)
D/StrictMode( 1290):    at android.app.ActivityThread.main(ActivityThread.java:4424)
D/StrictMode( 1290):    at java.lang.reflect.Method.invokeNative(Native Method)
D/StrictMode( 1290):    at java.lang.reflect.Method.invoke(Method.java:511)
D/StrictMode( 1290):    at com.android.internal.os.ZygoteInit$MethodAndArgsCaller.run(ZygoteInit.java:848)
D/StrictMode( 1290):    at com.android.internal.os.ZygoteInit.main(ZygoteInit.java:575)
D/StrictMode( 1290):    at dalvik.system.NativeStart.main(Native Method)
D/StrictMode( 1290): StrictMode policy violation; ~duration=15 ms: android.os.StrictMode$StrictModeDiskWriteViolation: policy=23 violation=1
D/StrictMode( 1290):    at android.os.StrictMode$AndroidBlockGuardPolicy.onWriteToDisk(StrictMode.java:1063)
D/StrictMode( 1290):    at libcore.io.BlockGuardOs.fsync(BlockGuardOs.java:96)
D/StrictMode( 1290):    at java.io.FileDescriptor.sync(FileDescriptor.java:71)
D/StrictMode( 1290):    at android.os.FileUtils.sync(FileUtils.java:111)
D/StrictMode( 1290):    at android.app.SharedPreferencesImpl.writeToFile(SharedPreferencesImpl.java:577)
D/StrictMode( 1290):    at android.app.SharedPreferencesImpl.access$800(SharedPreferencesImpl.java:48)
D/StrictMode( 1290):    at android.app.SharedPreferencesImpl$2.run(SharedPreferencesImpl.java:491)
D/StrictMode( 1290):    at android.app.SharedPreferencesImpl.enqueueDiskWrite(SharedPreferencesImpl.java:512)
D/StrictMode( 1290):    at android.app.SharedPreferencesImpl.access$100(SharedPreferencesImpl.java:48)
D/StrictMode( 1290):    at android.app.SharedPreferencesImpl$EditorImpl.commit(SharedPreferencesImpl.java:434)
D/StrictMode( 1290):    at com.coship.netfirmware.UpgradeConfig.setLastProcessStatus(UpgradeConfig.java:317)
D/StrictMode( 1290):    at com.coship.netfirmware.NetFirmwareService$LastUpgradeProcessStatus.setLastUpgradeProcessStatus(NetFirmwareService.java:2619)
D/StrictMode( 1290):    at com.coship.netfirmware.NetFirmwareService$3.handleMessage(NetFirmwareService.java:692)
D/StrictMode( 1290):    at android.os.Handler.dispatchMessage(Handler.java:99)
D/StrictMode( 1290):    at android.os.Looper.loop(Looper.java:137)
D/StrictMode( 1290):    at android.app.ActivityThread.main(ActivityThread.java:4424)
D/StrictMode( 1290):    at java.lang.reflect.Method.invokeNative(Native Method)
D/StrictMode( 1290):    at java.lang.reflect.Method.invoke(Method.java:511)
D/StrictMode( 1290):    at com.android.internal.os.ZygoteInit$MethodAndArgsCaller.run(ZygoteInit.java:848)
D/StrictMode( 1290):    at com.android.internal.os.ZygoteInit.main(ZygoteInit.java:575)
D/StrictMode( 1290):    at dalvik.system.NativeStart.main(Native Method)
D/StrictMode( 1290): StrictMode policy violation; ~duration=0 ms: android.os.StrictMode$StrictModeDiskReadViolation: policy=23 violation=2
D/StrictMode( 1290):    at android.os.StrictMode$AndroidBlockGuardPolicy.onReadFromDisk(StrictMode.java:1089)
D/StrictMode( 1290):    at android.os.StrictMode.noteDiskRead(StrictMode.java:1832)
D/StrictMode( 1290):    at android.os.FileUtils.getFileStatus(FileUtils.java:82)
D/StrictMode( 1290):    at android.app.SharedPreferencesImpl.writeToFile(SharedPreferencesImpl.java:581)
D/StrictMode( 1290):    at android.app.SharedPreferencesImpl.access$800(SharedPreferencesImpl.java:48)
D/StrictMode( 1290):    at android.app.SharedPreferencesImpl$2.run(SharedPreferencesImpl.java:491)
D/StrictMode( 1290):    at android.app.SharedPreferencesImpl.enqueueDiskWrite(SharedPreferencesImpl.java:512)
D/StrictMode( 1290):    at android.app.SharedPreferencesImpl.access$100(SharedPreferencesImpl.java:48)
D/StrictMode( 1290):    at android.app.SharedPreferencesImpl$EditorImpl.commit(SharedPreferencesImpl.java:434)
D/StrictMode( 1290):    at com.coship.netfirmware.UpgradeConfig.setLastProcessStatus(UpgradeConfig.java:317)
D/StrictMode( 1290):    at com.coship.netfirmware.NetFirmwareService$LastUpgradeProcessStatus.setLastUpgradeProcessStatus(NetFirmwareService.java:2619)
D/StrictMode( 1290):    at com.coship.netfirmware.NetFirmwareService$3.handleMessage(NetFirmwareService.java:692)
D/StrictMode( 1290):    at android.os.Handler.dispatchMessage(Handler.java:99)
D/StrictMode( 1290):    at android.os.Looper.loop(Looper.java:137)
D/StrictMode( 1290):    at android.app.ActivityThread.main(ActivityThread.java:4424)
D/StrictMode( 1290):    at java.lang.reflect.Method.invokeNative(Native Method)
D/StrictMode( 1290):    at java.lang.reflect.Method.invoke(Method.java:511)
D/StrictMode( 1290):    at com.android.internal.os.ZygoteInit$MethodAndArgsCaller.run(ZygoteInit.java:848)
D/StrictMode( 1290):    at com.android.internal.os.ZygoteInit.main(ZygoteInit.java:575)
D/StrictMode( 1290):    at dalvik.system.NativeStart.main(Native Method)
D/NetFirmwareService( 1290): MSG_CHECK_DESCRIPTION
D/DescriptionInfo( 1290): version=p7373.i13111_2013-03-18
D/DescriptionInfo( 1290): versionCode=211311
D/DescriptionInfo( 1290): compatibleDevice=002102
D/DescriptionInfo( 1290): sn=
D/DescriptionInfo( 1290): mac=
D/DescriptionInfo( 1290): updateType=notify
D/DescriptionInfo( 1290): speed=0
D/DescriptionInfo( 1290): checkTime=0
D/DescriptionInfo( 1290): packageSize=203078416
D/DescriptionInfo( 1290): md5=9fdbef1aaa66251c79dc139abb837520
D/DescriptionInfo( 1290): packageUrl=
D/DescriptionInfo( 1290): version code = 211311
D/DescriptionInfo( 1290): machine id = 0
D/DescriptionInfo( 1290): hardware id = 0
D/DescriptionInfo( 1290): update package size = 203078416
D/NetFirmwareService( 1290): The description info is valid
D/NetFirmwareService( 1290): The description version code = 211311
D/NetFirmwareService( 1290): The description machine ID = 0
D/NetFirmwareService( 1290): The description hardware ID = 0
V/NetFirmwareService( 1290): .datNum != PcNum
D/StrictMode( 1290): StrictMode policy violation; ~duration=23 ms: android.os.StrictMode$StrictModeDiskReadViolation: policy=23 violation=2
D/StrictMode( 1290):    at android.os.StrictMode$AndroidBlockGuardPolicy.onReadFromDisk(StrictMode.java:1089)
D/StrictMode( 1290):    at libcore.io.BlockGuardOs.open(BlockGuardOs.java:106)
D/StrictMode( 1290):    at libcore.io.IoBridge.open(IoBridge.java:390)
D/StrictMode( 1290):    at java.io.FileInputStream.<init>(FileInputStream.java:78)
D/StrictMode( 1290):    at com.coship.netfirmware.DescriptionInfo.analysisDescriptionInfo(DescriptionInfo.java:372)
D/StrictMode( 1290):    at com.coship.netfirmware.DescriptionInfo.<init>(DescriptionInfo.java:97)
D/StrictMode( 1290):    at com.coship.netfirmware.NetFirmwareService.checkDescriptionInfo(NetFirmwareService.java:1776)
D/StrictMode( 1290):    at com.coship.netfirmware.NetFirmwareService.access$1800(NetFirmwareService.java:69)
D/StrictMode( 1290):    at com.coship.netfirmware.NetFirmwareService$3.handleMessage(NetFirmwareService.java:659)
D/StrictMode( 1290):    at android.os.Handler.dispatchMessage(Handler.java:99)
D/StrictMode( 1290):    at android.os.Looper.loop(Looper.java:137)
D/StrictMode( 1290):    at android.app.ActivityThread.main(ActivityThread.java:4424)
D/StrictMode( 1290):    at java.lang.reflect.Method.invokeNative(Native Method)
D/StrictMode( 1290):    at java.lang.reflect.Method.invoke(Method.java:511)
D/StrictMode( 1290):    at com.android.internal.os.ZygoteInit$MethodAndArgsCaller.run(ZygoteInit.java:848)
D/StrictMode( 1290):    at com.android.internal.os.ZygoteInit.main(ZygoteInit.java:575)
D/StrictMode( 1290):    at dalvik.system.NativeStart.main(Native Method)
D/StrictMode( 1290): StrictMode policy violation; ~duration=15 ms: android.os.StrictMode$StrictModeDiskReadViolation: policy=23 violation=2
D/StrictMode( 1290):    at android.os.StrictMode$AndroidBlockGuardPolicy.onReadFromDisk(StrictMode.java:1089)
D/StrictMode( 1290):    at libcore.io.BlockGuardOs.read(BlockGuardOs.java:148)
D/StrictMode( 1290):    at libcore.io.IoBridge.read(IoBridge.java:422)
D/StrictMode( 1290):    at java.io.FileInputStream.read(FileInputStream.java:179)
D/StrictMode( 1290):    at java.io.InputStreamReader.read(InputStreamReader.java:244)
D/StrictMode( 1290):    at java.io.BufferedReader.fillBuf(BufferedReader.java:130)
D/StrictMode( 1290):    at java.io.BufferedReader.readLine(BufferedReader.java:354)
D/StrictMode( 1290):    at com.coship.netfirmware.DescriptionInfo.getDescriptionInfoByBufferedReader(DescriptionInfo.java:345)
D/StrictMode( 1290):    at com.coship.netfirmware.DescriptionInfo.analysisDescriptionInfo(DescriptionInfo.java:378)
D/StrictMode( 1290):    at com.coship.netfirmware.DescriptionInfo.<init>(DescriptionInfo.java:97)
D/StrictMode( 1290):    at com.coship.netfirmware.NetFirmwareService.checkDescriptionInfo(NetFirmwareService.java:1776)
D/StrictMode( 1290):    at com.coship.netfirmware.NetFirmwareService.access$1800(NetFirmwareService.java:69)
D/StrictMode( 1290):    at com.coship.netfirmware.NetFirmwareService$3.handleMessage(NetFirmwareService.java:659)
D/StrictMode( 1290):    at android.os.Handler.dispatchMessage(Handler.java:99)
D/StrictMode( 1290):    at android.os.Looper.loop(Looper.java:137)
D/StrictMode( 1290):    at android.app.ActivityThread.main(ActivityThread.java:4424)
D/StrictMode( 1290):    at java.lang.reflect.Method.invokeNative(Native Method)
D/StrictMode( 1290):    at java.lang.reflect.Method.invoke(Method.java:511)
D/StrictMode( 1290):    at com.android.internal.os.ZygoteInit$MethodAndArgsCaller.run(ZygoteInit.java:848)
D/StrictMode( 1290):    at com.android.internal.os.ZygoteInit.main(ZygoteInit.java:575)
D/StrictMode( 1290):    at dalvik.system.NativeStart.main(Native Method)
D/StrictMode( 1290): StrictMode policy violation; ~duration=13 ms: android.os.StrictMode$StrictModeDiskReadViolation: policy=23 violation=2
D/StrictMode( 1290):    at android.os.StrictMode$AndroidBlockGuardPolicy.onReadFromDisk(StrictMode.java:1089)
D/StrictMode( 1290):    at libcore.io.BlockGuardOs.read(BlockGuardOs.java:148)
D/StrictMode( 1290):    at libcore.io.IoBridge.read(IoBridge.java:422)
D/StrictMode( 1290):    at java.io.FileInputStream.read(FileInputStream.java:179)
D/StrictMode( 1290):    at java.io.InputStreamReader.read(InputStreamReader.java:244)
D/StrictMode( 1290):    at java.io.BufferedReader.fillBuf(BufferedReader.java:130)
D/StrictMode( 1290):    at java.io.BufferedReader.readLine(BufferedReader.java:354)
D/StrictMode( 1290):    at com.coship.netfirmware.DescriptionInfo.getDescriptionInfoByBufferedReader(DescriptionInfo.java:351)
D/StrictMode( 1290):    at com.coship.netfirmware.DescriptionInfo.analysisDescriptionInfo(DescriptionInfo.java:378)
D/StrictMode( 1290):    at com.coship.netfirmware.DescriptionInfo.<init>(DescriptionInfo.java:97)
D/StrictMode( 1290):    at com.coship.netfirmware.NetFirmwareService.checkDescriptionInfo(NetFirmwareService.java:1776)
D/StrictMode( 1290):    at com.coship.netfirmware.NetFirmwareService.access$1800(NetFirmwareService.java:69)
D/StrictMode( 1290):    at com.coship.netfirmware.NetFirmwareService$3.handleMessage(NetFirmwareService.java:659)
D/StrictMode( 1290):    at android.os.Handler.dispatchMessage(Handler.java:99)
D/StrictMode( 1290):    at android.os.Looper.loop(Looper.java:137)
D/StrictMode( 1290):    at android.app.ActivityThread.main(ActivityThread.java:4424)
D/StrictMode( 1290):    at java.lang.reflect.Method.invokeNative(Native Method)
D/StrictMode( 1290):    at java.lang.reflect.Method.invoke(Method.java:511)
D/StrictMode( 1290):    at com.android.internal.os.ZygoteInit$MethodAndArgsCaller.run(ZygoteInit.java:848)
D/StrictMode( 1290):    at com.android.internal.os.ZygoteInit.main(ZygoteInit.java:575)
D/StrictMode( 1290):    at dalvik.system.NativeStart.main(Native Method)
V/TabletStatusBar( 1186): setLightsOn(true)
V/NetUpdate(21821): iUpdateService.getProgressValue()--->0
W/AudioTrack(21184): obtainBuffer() track 0x386c40 disabled, restarting
D/HomePlayerLib(21184): hostaddress count is 1
D/MonitorCw880(22350): currentRemoteHost is null ,continue
D/dalvikvm(21184): GC_CONCURRENT freed 2042K, 26% free 37884K/50947K, paused 7ms+7ms
W/AudioTrack(21184): obtainBuffer() track 0x386c40 disabled, restarting
D/dalvikvm(21184): GC_CONCURRENT freed 2128K, 26% free 37878K/50947K, paused 5ms+9ms
I/NetFirmwareService( 1290): initPromtDialog_SHOW!
W/ResourceType( 1290): Skipping entry 0x7f020001 in package table 0 because it is not complex!
W/ResourceType( 1290): Skipping entry 0x7f020001 in package table 0 because it is not complex!
W/ResourceType( 1290): Skipping entry 0x7f020001 in package table 0 because it is not complex!
W/ResourceType( 1290): Skipping entry 0x7f020001 in package table 0 because it is not complex!
W/ResourceType( 1290): Skipping entry 0x7f020001 in package table 0 because it is not complex!
W/ResourceType( 1290): Skipping entry 0x7f020001 in package table 0 because it is not complex!
E/WindowManager(  961): Unknown window type: 2131099651
V/TabletStatusBar( 1186): setLightsOn(true)
W/InputManagerService(  961): Starting input on non-focused client com.android.internal.view.IInputMethodClient$Stub$Proxy@4155e470 (uid=1000 pid=21821)
W/AudioTrack(21184): obtainBuffer() track 0x386c40 disabled, restarting
D/dalvikvm(21184): GC_CONCURRENT freed 2125K, 26% free 37780K/50947K, paused 4ms+8ms
D/dalvikvm(21821): GC_CONCURRENT freed 1936K, 18% free 30699K/36995K, paused 3ms+6ms
W/AudioTrack(21184): obtainBuffer() track 0x386c40 disabled, restarting
V/NetUpdate(21821): iUpdateService.getProgressValue()--->0
W/AudioTrack(21184): obtainBuffer() track 0x386c40 disabled, restarting
W/AudioTrack(21184): obtainBuffer() track 0x386c40 disabled, restarting
W/AudioTrack(21184): obtainBuffer() track 0x386c40 disabled, restarting
D/dalvikvm( 1290): GC_CONCURRENT freed 2620K, 64% free 4448K/12227K, paused 1ms+2ms
V/NetUpdate(21821): iUpdateService.getProgressValue()--->0
W/AudioTrack(21184): obtainBuffer() track 0x386c40 disabled, restarting
V/TabletStatusBar( 1186): setLightsOn(true)
W/AudioTrack(21184): obtainBuffer() track 0x386c40 disabled, restarting
I/NetUpdate(21821): --------------hide()------------------
V/TabletStatusBar( 1186): setLightsOn(true)
D/InputEventConsistencyVerifier(21821): KeyEvent: ACTION_UP but key was not down.
D/InputEventConsistencyVerifier(21821):   in Handler (android.view.ViewRootImpl) {430388f0}
D/InputEventConsistencyVerifier(21821):   0: sent at 88372542000000, KeyEvent { action=ACTION_UP, keyCode=KEYCODE_BACK, scanCode=0, metaState=0, flags=0x0, repeatCount=0, eventTime=88372542, downTime=88372542, deviceId=1, source=0x2002 }
D/InputEventConsistencyVerifier(21821):   -- recent events --
D/InputEventConsistencyVerifier(21821):   1: sent at 88372542832000, MotionEvent { action=ACTION_HOVER_MOVE, id[0]=0, x[0]=573.5275, y[0]=497.29294, toolType[0]=TOOL_TYPE_MOUSE, buttonState=0, metaState=0, flags=0x0, edgeFlags=0x0, pointerCount=1, historySize=0, eventTime=88372542, downTime=88371750, deviceId=1, source=0x2002 }
D/InputEventConsistencyVerifier(21821):   2: sent at 88372438830000, MotionEvent { action=ACTION_HOVER_MOVE, id[0]=0, x[0]=573.5275, y[0]=497.29294, toolType[0]=TOOL_TYPE_MOUSE, buttonState=BUTTON_BACK, metaState=0, flags=0x0, edgeFlags=0x0, pointerCount=1, historySize=0, eventTime=88372438, downTime=88371750, deviceId=1, source=0x2002 }
D/InputEventConsistencyVerifier(21821):   3: sent at 88372438830000, MotionEvent { action=ACTION_HOVER_ENTER, id[0]=0, x[0]=573.5275, y[0]=497.29294, toolType[0]=TOOL_TYPE_MOUSE, buttonState=BUTTON_BACK, metaState=0, flags=0x0, edgeFlags=0x0, pointerCount=1, historySize=0, eventTime=88372438, downTime=88371750, deviceId=1, source=0x2002 }
D/InputEventConsistencyVerifier(21821):   4: sent at 88199334831000, MotionEvent { action=ACTION_HOVER_EXIT, id[0]=0, x[0]=853.8328, y[0]=234.40262, toolType[0]=TOOL_TYPE_MOUSE, buttonState=0, metaState=0, flags=0x0, edgeFlags=0x0, pointerCount=1, historySize=0, eventTime=88199334, downTime=88199070, deviceId=1, source=0x2002 }
D/InputEventConsistencyVerifier(21821):   5: sent at 88199150817000, MotionEvent { action=ACTION_HOVER_MOVE, id[0]=0, x[0]=854.8328, y[0]=234.40262, toolType[0]=TOOL_TYPE_MOUSE, buttonState=0, metaState=0, flags=0x0, edgeFlags=0x0, pointerCount=1, historySize=0, eventTime=88199150, downTime=88199070, deviceId=1, source=0x2002 }
D/MonitorCw880(22350): currentRemoteHost is null ,continue
W/AudioTrack(21184): obtainBuffer() track 0x386c40 disabled, restarting
E/ActivityThread(21821): Activity com.coship.dvbsetting.systemsetting.SyssetAcivity has leaked ServiceConnection com.coship.dvbsetting.systemsetting.childview.NetUpdate$2@4316b138 that was originally bound here
E/ActivityThread(21821): android.app.ServiceConnectionLeaked: Activity com.coship.dvbsetting.systemsetting.SyssetAcivity has leaked ServiceConnection com.coship.dvbsetting.systemsetting.childview.NetUpdate$2@4316b138 that was originally bound here
E/ActivityThread(21821):        at android.app.LoadedApk$ServiceDispatcher.<init>(LoadedApk.java:936)
E/ActivityThread(21821):        at android.app.LoadedApk.getServiceDispatcher(LoadedApk.java:830)
E/ActivityThread(21821):        at android.app.ContextImpl.bindService(ContextImpl.java:1142)
E/ActivityThread(21821):        at android.content.ContextWrapper.bindService(ContextWrapper.java:370)
E/ActivityThread(21821):        at com.coship.dvbsetting.systemsetting.childview.NetUpdate.remoteAIDL(NetUpdate.java:345)
E/ActivityThread(21821):        at com.coship.dvbsetting.systemsetting.childview.NetUpdate.show(NetUpdate.java:504)
E/ActivityThread(21821):        at com.coship.dvbsetting.ExpanItem.clickandselect(ExpanItem.java:199)
E/ActivityThread(21821):        at com.coship.dvbsetting.ExpanItem.access$000(ExpanItem.java:33)
E/ActivityThread(21821):        at com.coship.dvbsetting.ExpanItem$1.onChildClick(ExpanItem.java:101)
E/ActivityThread(21821):        at android.widget.ExpandableListView.handleItemClick(ExpandableListView.java:582)
E/ActivityThread(21821):        at android.widget.ExpandableListView.performItemClick(ExpandableListView.java:521)
E/ActivityThread(21821):        at android.widget.AbsListView$PerformClick.run(AbsListView.java:2514)
E/ActivityThread(21821):        at android.widget.AbsListView$1.run(AbsListView.java:3168)
E/ActivityThread(21821):        at android.os.Handler.handleCallback(Handler.java:605)
E/ActivityThread(21821):        at android.os.Handler.dispatchMessage(Handler.java:92)
E/ActivityThread(21821):        at android.os.Looper.loop(Looper.java:137)
E/ActivityThread(21821):        at android.app.ActivityThread.main(ActivityThread.java:4424)
E/ActivityThread(21821):        at java.lang.reflect.Method.invokeNative(Native Method)
E/ActivityThread(21821):        at java.lang.reflect.Method.invoke(Method.java:511)
E/ActivityThread(21821):        at com.android.internal.os.ZygoteInit$MethodAndArgsCaller.run(ZygoteInit.java:848)
E/ActivityThread(21821):        at com.android.internal.os.ZygoteInit.main(ZygoteInit.java:575)
E/ActivityThread(21821):        at dalvik.system.NativeStart.main(Native Method)
W/ActivityManager(  961): Unbind failed: could not find connection for android.os.BinderProxy@41745148
W/AudioTrack(21184): obtainBuffer() track 0x386c40 disabled, restarting
V/NetUpdate(21821): iUpdateService.getProgressValue()--->0
W/AudioTrack(21184): obtainBuffer() track 0x386c40 disabled, restarting
I/ActivityManager(  961): START {cmp=com.coship.dvbsetting/.systemsetting.SyssetAcivity} from pid 21821
I/inputMethod(21821): ----------mo ren shurufa-------------com.android.inputmethod.pinyin/.PinyinIME
I/inputMethod(21821): -----mLastInputMethodId.equals(id)-----id=com.android.inputmethod.pinyin/.PinyinIME
I/Resolution(21821):  ---------------------- getgetprop persist.sys.resolution---------defvalue=2
I/Storage (21821): ----------getPath()=/data
I/Storage (21821): ----------totalBlocks=831MB
I/Storage (21821): ----------availableBlocks_sd=709MB
I/Storage (21821): ----------surplusBlocks_sd=121MB
I/Storage (21821): ----------getPath()=/mnt/usb/sdb6
I/Storage (21821): ----------totalBlocks=65.73GB
I/Storage (21821): ----------availableBlocks_sd=61.42GB
I/Storage (21821): ----------surplusBlocks_sd=4.32GB
I/Storage (21821): -----------------------usbpath=/mnt/usb/sdb6
I/Storage (21821): ----------getPath()=/mnt/usb/sdb5
I/Storage (21821): ----------totalBlocks=400GB
I/Storage (21821): ----------availableBlocks_sd=137GB
I/Storage (21821): ----------surplusBlocks_sd=263GB
I/Storage (21821): -----------------------usbpath=/mnt/usb/sdb5
I/Storage (21821): ----------getPath()=/mnt/usb/sdb1
I/Storage (21821): ----------totalBlocks=7.69MB
I/Storage (21821): ----------availableBlocks_sd=0.00B
I/Storage (21821): ----------surplusBlocks_sd=7.69MB
I/Storage (21821): -----------------------usbpath=/mnt/usb/sdb1
I/Storage (21821): ----------getPath()=/mnt/usb/sda1
I/Storage (21821): ----------totalBlocks=1.84GB
I/Storage (21821): ----------availableBlocks_sd=888MB
I/Storage (21821): ----------surplusBlocks_sd=0.97GB
I/Storage (21821): -----------------------usbpath=/mnt/usb/sda1
I/Storage (21821): &&&&&&&&&&&&&&&&&&&&&&&&&&&&&&& storagenumber=5----pagination=2
W/AudioTrack(21184): obtainBuffer() track 0x386c40 disabled, restarting
I/NetUpdate(21821): mSwv--->211312
I/EthernetManager(21821): Init Ethernet Manager, service: android.net.ethernet.IEthernetManager$Stub$Proxy@415301d8
D/dalvikvm(21821): GC_CONCURRENT freed 1508K, 16% free 31144K/36995K, paused 3ms+7ms
I/PppoeManager(21821): create PppoeManager
V/TabletStatusBar( 1186): setLightsOn(true)
I/ActivityManager(  961): Displayed com.coship.dvbsetting/.systemsetting.SyssetAcivity: +477ms
W/AudioTrack(21184): obtainBuffer() track 0x386c40 disabled, restarting
W/AudioTrack(21184): obtainBuffer() track 0x386c40 disabled, restarting
W/AudioTrack(21184): obtainBuffer() track 0x386c40 disabled, restarting
W/AudioTrack(21184): obtainBuffer() track 0x386c40 disabled, restarting
W/AudioTrack(21184): obtainBuffer() track 0x386c40 disabled, restarting
D/MonitorCw880(22350): currentRemoteHost is null ,continue
W/AudioTrack(21184): obtainBuffer() track 0x386c40 disabled, restarting
D/HomePlayerLib(21184): hostaddress count is 1
D/dalvikvm(21184): GC_CONCURRENT freed 2032K, 26% free 37742K/50947K, paused 3ms+8ms
W/AudioTrack(21184): obtainBuffer() track 0x386c40 disabled, restarting
D/dalvikvm(21184): GC_CONCURRENT freed 1994K, 26% free 37743K/50947K, paused 3ms+6ms
W/AudioTrack(21184): obtainBuffer() track 0x386c40 disabled, restarting
D/dalvikvm(21184): GC_CONCURRENT freed 1983K, 26% free 37734K/50947K, paused 3ms+6ms
W/AudioTrack(21184): obtainBuffer() track 0x386c40 disabled, restarting
W/AudioTrack(21184): obtainBuffer() track 0x386c40 disabled, restarting
W/AudioTrack(21184): obtainBuffer() track 0x386c40 disabled, restarting
V/NetUpdate(21821): mBindRemote--->true
V/NetUpdate(21821): Remote Invoke Success!
I/NetUpdate(21821): --------------show()------------------
W/AudioTrack(21184): obtainBuffer() track 0x386c40 disabled, restarting
W/AudioTrack(21184): obtainBuffer() track 0x386c40 disabled, restarting
W/AudioTrack(21184): obtainBuffer() track 0x386c40 disabled, restarting
V/NetFirmwareService( 1290): onStartCommand
V/NetFirmwareService( 1290): intent--->Intent { act=com.coship.netfirmware.NetFirmwareService (has extras) }
V/NetFirmwareService( 1290): Network is connected!
I/NetFirmwareService( 1290): initPromtDialog_SHOW!
E/WindowManager(  961): Unknown window type: 2131099651
V/TabletStatusBar( 1186): setLightsOn(true)
D/MonitorCw880(22350): currentRemoteHost is null ,continue
W/InputManagerService(  961): Starting input on non-focused client com.android.internal.view.IInputMethodClient$Stub$Proxy@4155e470 (uid=1000 pid=21821)
W/AudioTrack(21184): obtainBuffer() track 0x386c40 disabled, restarting
V/NetUpdate(21821): iUpdateService.getProgressValue()--->0
V/NetFirmwareService( 1290): mServicePath--->http://update.feifeikan.com/Fbox
W/AudioTrack(21184): obtainBuffer() track 0x386c40 disabled, restarting
W/AudioTrack(21184): obtainBuffer() track 0x386c40 disabled, restarting
W/AudioTrack(21184): obtainBuffer() track 0x386c40 disabled, restarting
I/System  ( 1290): Failed to destroy process 23995
I/System  ( 1290): libcore.io.ErrnoException: kill failed: ESRCH (No such process)
I/System  ( 1290):      at libcore.io.Posix.kill(Native Method)
I/System  ( 1290):      at libcore.io.ForwardingOs.kill(ForwardingOs.java:77)
I/System  ( 1290):      at java.lang.ProcessManager$ProcessImpl.destroy(ProcessManager.java:257)
I/System  ( 1290):      at com.coship.netfirmware.UpdateUtil.checkNetWorkStatus(UpdateUtil.java:171)
I/System  ( 1290):      at com.coship.netfirmware.NetFirmwareService$3.handleMessage(NetFirmwareService.java:890)
I/System  ( 1290):      at android.os.Handler.dispatchMessage(Handler.java:99)
