D/StrictMode( 1290):    at android.app.SharedPreferencesImpl.access$100(SharedPreferencesImpl.java:48)
D/StrictMode( 1290):    at android.app.SharedPreferencesImpl$EditorImpl.commit(SharedPreferencesImpl.java:434)
D/StrictMode( 1290):    at com.coship.netfirmware.UpgradeConfig.setLastProcessStatus(UpgradeConfig.java:317)
D/StrictMode( 1290):    at com.coship.netfirmware.NetFirmwareService$LastUpgradeProcessStatus.setLastUpgradeProcessStatus(NetFirmwareService.java:2619)
D/StrictMode( 1290):    at com.coship.netfirmware.NetFirmwareService$3.handleMessage(NetFirmwareService.java:699)
D/StrictMode( 1290):    at android.os.Handler.dispatchMessage(Handler.java:99)
D/StrictMode( 1290):    at android.os.Looper.loop(Looper.java:137)
D/StrictMode( 1290):    at android.app.ActivityThread.main(ActivityThread.java:4424)
D/StrictMode( 1290):    at java.lang.reflect.Method.invokeNative(Native Method)
D/StrictMode( 1290):    at java.lang.reflect.Method.invoke(Method.java:511)
D/StrictMode( 1290):    at com.android.internal.os.ZygoteInit$MethodAndArgsCaller.run(ZygoteInit.java:848)
D/StrictMode( 1290):    at com.android.internal.os.ZygoteInit.main(ZygoteInit.java:575)
D/StrictMode( 1290):    at dalvik.system.NativeStart.main(Native Method)
D/StrictMode( 1290): StrictMode policy violation; ~duration=0 ms: android.os.StrictMode$StrictModeDiskReadViolation: policy=23 violation=2
D/StrictMode( 1290):    at android.os.StrictMode$AndroidBlockGuardPolicy.onReadFromDisk(StrictMode.java:1089)
D/StrictMode( 1290):    at android.os.StrictMode.noteDiskRead(StrictMode.java:1832)
D/StrictMode( 1290):    at android.os.FileUtils.getFileStatus(FileUtils.java:82)
D/StrictMode( 1290):    at android.app.SharedPreferencesImpl.writeToFile(SharedPreferencesImpl.java:581)
D/StrictMode( 1290):    at android.app.SharedPreferencesImpl.access$800(SharedPreferencesImpl.java:48)
D/StrictMode( 1290):    at android.app.SharedPreferencesImpl$2.run(SharedPreferencesImpl.java:491)
D/StrictMode( 1290):    at android.app.SharedPreferencesImpl.enqueueDiskWrite(SharedPreferencesImpl.java:512)
D/StrictMode( 1290):    at android.app.SharedPreferencesImpl.access$100(SharedPreferencesImpl.java:48)
D/StrictMode( 1290):    at android.app.SharedPreferencesImpl$EditorImpl.commit(SharedPreferencesImpl.java:434)
D/StrictMode( 1290):    at com.coship.netfirmware.UpgradeConfig.setLastProcessStatus(UpgradeConfig.java:317)
D/StrictMode( 1290):    at com.coship.netfirmware.NetFirmwareService$LastUpgradeProcessStatus.setLastUpgradeProcessStatus(NetFirmwareService.java:2619)
D/StrictMode( 1290):    at com.coship.netfirmware.NetFirmwareService$3.handleMessage(NetFirmwareService.java:699)
D/StrictMode( 1290):    at android.os.Handler.dispatchMessage(Handler.java:99)
D/StrictMode( 1290):    at android.os.Looper.loop(Looper.java:137)
D/StrictMode( 1290):    at android.app.ActivityThread.main(ActivityThread.java:4424)
D/StrictMode( 1290):    at java.lang.reflect.Method.invokeNative(Native Method)
D/StrictMode( 1290):    at java.lang.reflect.Method.invoke(Method.java:511)
D/StrictMode( 1290):    at com.android.internal.os.ZygoteInit$MethodAndArgsCaller.run(ZygoteInit.java:848)
D/StrictMode( 1290):    at com.android.internal.os.ZygoteInit.main(ZygoteInit.java:575)
D/StrictMode( 1290):    at dalvik.system.NativeStart.main(Native Method)
D/dalvikvm( 1290): GC_CONCURRENT freed 1637K, 55% free 5489K/12163K, paused 1ms+2ms
W/AudioTrack(21184): obtainBuffer() track 0x386c40 disabled, restarting
D/NetFirmwareService( 1290): MSG_DESCRIPT_STATUS_CHANGE
W/AudioTrack(21184): obtainBuffer() track 0x386c40 disabled, restarting
D/NetFirmwareService( 1290): MSG_DESCRIPT_STATUS_CHANGE
D/dalvikvm(21821): GC_CONCURRENT freed 1923K, 18% free 30701K/36995K, paused 3ms+7ms
D/dalvikvm(21184): GC_CONCURRENT freed 2104K, 26% free 37842K/50947K, paused 8ms+12ms
D/DownloadXpress( 1290): filePart1 final status: 491
W/AudioTrack(21184): obtainBuffer() track 0x386c40 disabled, restarting
V/NetUpdate(21821): iUpdateService.getProgressValue()--->0
D/NetFirmwareService( 1290): MSG_DESCRIPT_STATUS_CHANGE
W/AudioTrack(21184): obtainBuffer() track 0x386c40 disabled, restarting
D/MonitorCw880(22350): currentRemoteHost is null ,continue
D/NetFirmwareService( 1290): MSG_DESCRIPT_STATUS_CHANGE
W/AudioTrack(21184): obtainBuffer() track 0x386c40 disabled, restarting
D/NetFirmwareService( 1290): MSG_DESCRIPT_STATUS_CHANGE
D/NetFirmwareService( 1290): MSG_DESCRIPT_STATUS_CHANGE
W/AudioTrack(21184): obtainBuffer() track 0x386c40 disabled, restarting
W/DownloadXpress( 1290): Break http_request_loop by client.executeorg.apache.http.conn.ConnectTimeoutException: Connect to /183.62.141.35:80 timed out
D/DownloadXpress( 1290): filePart0 final status: 491
V/NetUpdate(21821): iUpdateService.getProgressValue()--->0
D/NetFirmwareService( 1290): MSG_DESCRIPT_STATUS_CHANGE
W/AudioTrack(21184): obtainBuffer() track 0x386c40 disabled, restarting
W/DownloadXpress( 1290): Write file thread finished, but the file is error
D/NetFirmwareService( 1290): MSG_DESCRIPT_STATUS_CHANGE
D/StrictMode( 1290): StrictMode policy violation; ~duration=24 ms: android.os.StrictMode$StrictModeDiskReadViolation: policy=23 violation=2
D/StrictMode( 1290):    at android.os.StrictMode$AndroidBlockGuardPolicy.onReadFromDisk(StrictMode.java:1089)
D/StrictMode( 1290):    at libcore.io.BlockGuardOs.open(BlockGuardOs.java:106)
D/StrictMode( 1290):    at libcore.io.IoBridge.open(IoBridge.java:390)
D/StrictMode( 1290):    at java.io.FileOutputStream.<init>(FileOutputStream.java:88)
D/StrictMode( 1290):    at java.io.FileOutputStream.<init>(FileOutputStream.java:73)
D/StrictMode( 1290):    at android.app.SharedPreferencesImpl.createFileOutputStream(SharedPreferencesImpl.java:523)
D/StrictMode( 1290):    at android.app.SharedPreferencesImpl.writeToFile(SharedPreferencesImpl.java:571)
D/StrictMode( 1290):    at android.app.SharedPreferencesImpl.access$800(SharedPreferencesImpl.java:48)
D/StrictMode( 1290):    at android.app.SharedPreferencesImpl$2.run(SharedPreferencesImpl.java:491)
D/StrictMode( 1290):    at android.app.SharedPreferencesImpl.enqueueDiskWrite(SharedPreferencesImpl.java:512)
D/StrictMode( 1290):    at android.app.SharedPreferencesImpl.access$100(SharedPreferencesImpl.java:48)
D/StrictMode( 1290):    at android.app.SharedPreferencesImpl$EditorImpl.commit(SharedPreferencesImpl.java:434)
D/StrictMode( 1290):    at com.coship.netfirmware.UpgradeConfig.setLastProcessStatus(UpgradeConfig.java:317)
D/StrictMode( 1290):    at com.coship.netfirmware.NetFirmwareService$LastUpgradeProcessStatus.setLastUpgradeProcessStatus(NetFirmwareService.java:2619)
D/StrictMode( 1290):    at com.coship.netfirmware.NetFirmwareService$3.handleMessage(NetFirmwareService.java:697)
D/StrictMode( 1290):    at android.os.Handler.dispatchMessage(Handler.java:99)
D/StrictMode( 1290):    at android.os.Looper.loop(Looper.java:137)
D/StrictMode( 1290):    at android.app.ActivityThread.main(ActivityThread.java:4424)
D/StrictMode( 1290):    at java.lang.reflect.Method.invokeNative(Native Method)
D/StrictMode( 1290):    at java.lang.reflect.Method.invoke(Method.java:511)
D/StrictMode( 1290):    at com.android.internal.os.ZygoteInit$MethodAndArgsCaller.run(ZygoteInit.java:848)
D/StrictMode( 1290):    at com.android.internal.os.ZygoteInit.main(ZygoteInit.java:575)
D/StrictMode( 1290):    at dalvik.system.NativeStart.main(Native Method)
D/StrictMode( 1290): StrictMode policy violation; ~duration=21 ms: android.os.StrictMode$StrictModeDiskWriteViolation: policy=23 violation=1
D/StrictMode( 1290):    at android.os.StrictMode$AndroidBlockGuardPolicy.onWriteToDisk(StrictMode.java:1063)
D/StrictMode( 1290):    at libcore.io.BlockGuardOs.write(BlockGuardOs.java:190)
D/StrictMode( 1290):    at libcore.io.IoBridge.write(IoBridge.java:447)
D/StrictMode( 1290):    at java.io.FileOutputStream.write(FileOutputStream.java:187)
D/StrictMode( 1290):    at com.android.internal.util.FastXmlSerializer.flushBytes(FastXmlSerializer.java:212)
D/StrictMode( 1290):    at com.android.internal.util.FastXmlSerializer.flush(FastXmlSerializer.java:233)
D/StrictMode( 1290):    at com.android.internal.util.FastXmlSerializer.endDocument(FastXmlSerializer.java:183)
D/StrictMode( 1290):    at com.android.internal.util.XmlUtils.writeMapXml(XmlUtils.java:186)
D/StrictMode( 1290):    at android.app.SharedPreferencesImpl.writeToFile(SharedPreferencesImpl.java:576)
D/StrictMode( 1290):    at android.app.SharedPreferencesImpl.access$800(SharedPreferencesImpl.java:48)
D/StrictMode( 1290):    at android.app.SharedPreferencesImpl$2.run(SharedPreferencesImpl.java:491)
D/StrictMode( 1290):    at android.app.SharedPreferencesImpl.enqueueDiskWrite(SharedPreferencesImpl.java:512)
D/StrictMode( 1290):    at android.app.SharedPreferencesImpl.access$100(SharedPreferencesImpl.java:48)
D/StrictMode( 1290):    at android.app.SharedPreferencesImpl$EditorImpl.commit(SharedPreferencesImpl.java:434)
D/StrictMode( 1290):    at com.coship.netfirmware.UpgradeConfig.setLastProcessStatus(UpgradeConfig.java:317)
D/StrictMode( 1290):    at com.coship.netfirmware.NetFirmwareService$LastUpgradeProcessStatus.setLastUpgradeProcessStatus(NetFirmwareService.java:2619)
D/StrictMode( 1290):    at com.coship.netfirmware.NetFirmwareService$3.handleMessage(NetFirmwareService.java:697)
D/StrictMode( 1290):    at android.os.Handler.dispatchMessage(Handler.java:99)
D/StrictMode( 1290):    at android.os.Looper.loop(Looper.java:137)
D/StrictMode( 1290):    at android.app.ActivityThread.main(ActivityThread.java:4424)
D/StrictMode( 1290):    at java.lang.reflect.Method.invokeNative(Native Method)
D/StrictMode( 1290):    at java.lang.reflect.Method.invoke(Method.java:511)
D/StrictMode( 1290):    at com.android.internal.os.ZygoteInit$MethodAndArgsCaller.run(ZygoteInit.java:848)
D/StrictMode( 1290):    at com.android.internal.os.ZygoteInit.main(ZygoteInit.java:575)
D/StrictMode( 1290):    at dalvik.system.NativeStart.main(Native Method)
D/StrictMode( 1290): StrictMode policy violation; ~duration=20 ms: android.os.StrictMode$StrictModeDiskWriteViolation: policy=23 violation=1
D/StrictMode( 1290):    at android.os.StrictMode$AndroidBlockGuardPolicy.onWriteToDisk(StrictMode.java:1063)
D/StrictMode( 1290):    at libcore.io.BlockGuardOs.fsync(BlockGuardOs.java:96)
D/StrictMode( 1290):    at java.io.FileDescriptor.sync(FileDescriptor.java:71)
D/StrictMode( 1290):    at android.os.FileUtils.sync(FileUtils.java:111)
D/StrictMode( 1290):    at android.app.SharedPreferencesImpl.writeToFile(SharedPreferencesImpl.java:577)
D/StrictMode( 1290):    at android.app.SharedPreferencesImpl.access$800(SharedPreferencesImpl.java:48)
D/StrictMode( 1290):    at android.app.SharedPreferencesImpl$2.run(SharedPreferencesImpl.java:491)
D/StrictMode( 1290):    at android.app.SharedPreferencesImpl.enqueueDiskWrite(SharedPreferencesImpl.java:512)
D/StrictMode( 1290):    at android.app.SharedPreferencesImpl.access$100(SharedPreferencesImpl.java:48)
D/StrictMode( 1290):    at android.app.SharedPreferencesImpl$EditorImpl.commit(SharedPreferencesImpl.java:434)
D/StrictMode( 1290):    at com.coship.netfirmware.UpgradeConfig.setLastProcessStatus(UpgradeConfig.java:317)
D/StrictMode( 1290):    at com.coship.netfirmware.NetFirmwareService$LastUpgradeProcessStatus.setLastUpgradeProcessStatus(NetFirmwareService.java:2619)
D/StrictMode( 1290):    at com.coship.netfirmware.NetFirmwareService$3.handleMessage(NetFirmwareService.java:697)
D/StrictMode( 1290):    at android.os.Handler.dispatchMessage(Handler.java:99)
D/StrictMode( 1290):    at android.os.Looper.loop(Looper.java:137)
D/StrictMode( 1290):    at android.app.ActivityThread.main(ActivityThread.java:4424)
D/StrictMode( 1290):    at java.lang.reflect.Method.invokeNative(Native Method)
D/StrictMode( 1290):    at java.lang.reflect.Method.invoke(Method.java:511)
D/StrictMode( 1290):    at com.android.internal.os.ZygoteInit$MethodAndArgsCaller.run(ZygoteInit.java:848)
D/StrictMode( 1290):    at com.android.internal.os.ZygoteInit.main(ZygoteInit.java:575)
D/StrictMode( 1290):    at dalvik.system.NativeStart.main(Native Method)
D/StrictMode( 1290): StrictMode policy violation; ~duration=1 ms: android.os.StrictMode$StrictModeDiskReadViolation: policy=23 violation=2
D/StrictMode( 1290):    at android.os.StrictMode$AndroidBlockGuardPolicy.onReadFromDisk(StrictMode.java:1089)
D/StrictMode( 1290):    at android.os.StrictMode.noteDiskRead(StrictMode.java:1832)
D/StrictMode( 1290):    at android.os.FileUtils.getFileStatus(FileUtils.java:82)
D/StrictMode( 1290):    at android.app.SharedPreferencesImpl.writeToFile(SharedPreferencesImpl.java:581)
D/StrictMode( 1290):    at android.app.SharedPreferencesImpl.access$800(SharedPreferencesImpl.java:48)
D/StrictMode( 1290):    at android.app.SharedPreferencesImpl$2.run(SharedPreferencesImpl.java:491)
D/StrictMode( 1290):    at android.app.SharedPreferencesImpl.enqueueDiskWrite(SharedPreferencesImpl.java:512)
D/StrictMode( 1290):    at android.app.SharedPreferencesImpl.access$100(SharedPreferencesImpl.java:48)
D/StrictMode( 1290):    at android.app.SharedPreferencesImpl$EditorImpl.commit(SharedPreferencesImpl.java:434)
D/StrictMode( 1290):    at com.coship.netfirmware.UpgradeConfig.setLastProcessStatus(UpgradeConfig.java:317)
D/StrictMode( 1290):    at com.coship.netfirmware.NetFirmwareService$LastUpgradeProcessStatus.setLastUpgradeProcessStatus(NetFirmwareService.java:2619)
D/StrictMode( 1290):    at com.coship.netfirmware.NetFirmwareService$3.handleMessage(NetFirmwareService.java:697)
D/StrictMode( 1290):    at android.os.Handler.dispatchMessage(Handler.java:99)
D/StrictMode( 1290):    at android.os.Looper.loop(Looper.java:137)
D/StrictMode( 1290):    at android.app.ActivityThread.main(ActivityThread.java:4424)
D/StrictMode( 1290):    at java.lang.reflect.Method.invokeNative(Native Method)
D/StrictMode( 1290):    at java.lang.reflect.Method.invoke(Method.java:511)
D/StrictMode( 1290):    at com.android.internal.os.ZygoteInit$MethodAndArgsCaller.run(ZygoteInit.java:848)
D/StrictMode( 1290):    at com.android.internal.os.ZygoteInit.main(ZygoteInit.java:575)
D/StrictMode( 1290):    at dalvik.system.NativeStart.main(Native Method)
W/AudioTrack(21184): obtainBuffer() track 0x386c40 disabled, restarting
W/AudioTrack(21184): obtainBuffer() track 0x386c40 disabled, restarting
W/AudioTrack(21184): obtainBuffer() track 0x386c40 disabled, restarting
V/NetUpdate(21821): iUpdateService.getProgressValue()--->0
D/dalvikvm( 1290): GC_CONCURRENT freed 2643K, 64% free 4422K/12163K, paused 2ms+1ms
W/AudioTrack(21184): obtainBuffer() track 0x386c40 disabled, restarting
W/AudioTrack(21184): obtainBuffer() track 0x386c40 disabled, restarting
D/dalvikvm(21821): GC_CONCURRENT freed 1934K, 17% free 30707K/36995K, paused 2ms+6ms
D/MonitorCw880(22350): currentRemoteHost is null ,continue
W/AudioTrack(21184): obtainBuffer() track 0x386c40 disabled, restarting
V/NetUpdate(21821): iUpdateService.getProgressValue()--->0
W/AudioTrack(21184): obtainBuffer() track 0x386c40 disabled, restarting
W/AudioTrack(21184): obtainBuffer() track 0x386c40 disabled, restarting
W/AudioTrack(21184): obtainBuffer() track 0x386c40 disabled, restarting
V/NetUpdate(21821): iUpdateService.getProgressValue()--->0
W/AudioTrack(21184): obtainBuffer() track 0x386c40 disabled, restarting
D/HomePlayerLib(21184): hostaddress count is 1
W/AudioTrack(21184): obtainBuffer() track 0x386c40 disabled, restarting
D/dalvikvm(21184): GC_CONCURRENT freed 2069K, 26% free 37817K/50947K, paused 3ms+9ms
W/AudioTrack(21184): obtainBuffer() track 0x386c40 disabled, restarting
D/dalvikvm( 1290): GC_CONCURRENT freed 1221K, 64% free 4409K/12163K, paused 1ms+2ms
D/dalvikvm(21184): GC_CONCURRENT freed 2060K, 26% free 37867K/50947K, paused 3ms+7ms
W/AudioTrack(21184): obtainBuffer() track 0x386c40 disabled, restarting
V/NetUpdate(21821): iUpdateService.getProgressValue()--->0
W/AudioTrack(21184): obtainBuffer() track 0x386c40 disabled, restarting
D/MonitorCw880(22350): currentRemoteHost is null ,continue
W/AudioTrack(21184): obtainBuffer() track 0x386c40 disabled, restarting
D/dalvikvm(21821): GC_CONCURRENT freed 1940K, 18% free 30704K/36995K, paused 2ms+6ms
W/AudioTrack(21184): obtainBuffer() track 0x386c40 disabled, restarting
V/NetUpdate(21821): iUpdateService.getProgressValue()--->0
W/AudioTrack(21184): obtainBuffer() track 0x386c40 disabled, restarting
W/AudioTrack(21184): obtainBuffer() track 0x386c40 disabled, restarting
D/dalvikvm(21184): GC_CONCURRENT freed 2099K, 26% free 37875K/50947K, paused 3ms+10ms
W/AudioTrack(21184): obtainBuffer() track 0x386c40 disabled, restarting
I/EventLogService( 1359): Aggregate from 1365386133657 (log), 1365386133657 (data)
W/AudioTrack(21184): obtainBuffer() track 0x386c40 disabled, restarting
V/NetUpdate(21821): iUpdateService.getProgressValue()--->0
W/AudioTrack(21184): obtainBuffer() track 0x386c40 disabled, restarting
D/dalvikvm( 1290): GC_CONCURRENT freed 1204K, 64% free 4409K/12163K, paused 1ms+2ms
W/AudioTrack(21184): obtainBuffer() track 0x386c40 disabled, restarting
D/MonitorCw880(22350): currentRemoteHost is null ,continue
W/AudioTrack(21184): obtainBuffer() track 0x386c40 disabled, restarting
V/NetUpdate(21821): iUpdateService.getProgressValue()--->0
W/AudioTrack(21184): obtainBuffer() track 0x386c40 disabled, restarting
D/dalvikvm(21821): GC_CONCURRENT freed 1937K, 18% free 30689K/36995K, paused 3ms+6ms
W/AudioTrack(21184): obtainBuffer() track 0x386c40 disabled, restarting
W/AudioTrack(21184): obtainBuffer() track 0x386c40 disabled, restarting
W/AudioTrack(21184): obtainBuffer() track 0x386c40 disabled, restarting
V/NetUpdate(21821): iUpdateService.getProgressValue()--->0
W/AudioTrack(21184): obtainBuffer() track 0x386c40 disabled, restarting
W/AudioTrack(21184): obtainBuffer() track 0x386c40 disabled, restarting
D/dalvikvm( 1290): GC_CONCURRENT freed 1205K, 64% free 4408K/12163K, paused 1ms+2ms
D/HomePlayerLib(21184): hostaddress count is 1
W/AudioTrack(21184): obtainBuffer() track 0x386c40 disabled, restarting
D/dalvikvm(21184): GC_CONCURRENT freed 2116K, 26% free 37864K/50947K, paused 9ms+8ms
V/NetUpdate(21821): iUpdateService.getProgressValue()--->0
W/AudioTrack(21184): obtainBuffer() track 0x386c40 disabled, restarting
D/MonitorCw880(22350): currentRemoteHost is null ,continue
D/dalvikvm(21184): GC_CONCURRENT freed 2117K, 26% free 37870K/50947K, paused 4ms+9ms
W/AudioTrack(21184): obtainBuffer() track 0x386c40 disabled, restarting
W/AudioTrack(21184): obtainBuffer() track 0x386c40 disabled, restarting
W/AudioTrack(21184): obtainBuffer() track 0x386c40 disabled, restarting
V/NetUpdate(21821): iUpdateService.getProgressValue()--->0
D/dalvikvm(21821): GC_CONCURRENT freed 1922K, 18% free 30689K/36995K, paused 2ms+6ms
W/AudioTrack(21184): obtainBuffer() track 0x386c40 disabled, restarting
W/AudioTrack(21184): obtainBuffer() track 0x386c40 disabled, restarting
W/AudioTrack(21184): obtainBuffer() track 0x386c40 disabled, restarting
V/NetUpdate(21821): iUpdateService.getProgressValue()--->0
W/AudioTrack(21184): obtainBuffer() track 0x386c40 disabled, restarting
D/dalvikvm( 1290): GC_CONCURRENT freed 1203K, 64% free 4408K/12163K, paused 2ms+1ms
W/AudioTrack(21184): obtainBuffer() track 0x386c40 disabled, restarting
W/AudioTrack(21184): obtainBuffer() track 0x386c40 disabled, restarting
D/MonitorCw880(22350): currentRemoteHost is null ,continue
W/AudioTrack(21184): obtainBuffer() track 0x386c40 disabled, restarting
V/NetUpdate(21821): iUpdateService.getProgressValue()--->0
W/AudioTrack(21184): obtainBuffer() track 0x386c40 disabled, restarting
W/AudioTrack(21184): obtainBuffer() track 0x386c40 disabled, restarting
D/dalvikvm(21821): GC_CONCURRENT freed 1922K, 18% free 30689K/36995K, paused 2ms+6ms
W/AudioTrack(21184): obtainBuffer() track 0x386c40 disabled, restarting
V/NetUpdate(21821): iUpdateService.getProgressValue()--->0
W/AudioTrack(21184): obtainBuffer() track 0x386c40 disabled, restarting
W/AudioTrack(21184): obtainBuffer() track 0x386c40 disabled, restarting
W/AudioTrack(21184): obtainBuffer() track 0x386c40 disabled, restarting
D/dalvikvm( 1290): GC_CONCURRENT freed 1204K, 64% free 4408K/12163K, paused 1ms+2ms
V/NetUpdate(21821): iUpdateService.getProgressValue()--->0
W/AudioTrack(21184): obtainBuffer() track 0x386c40 disabled, restarting
D/dalvikvm(21184): GC_CONCURRENT freed 2126K, 26% free 37867K/50947K, paused 3ms+16ms
D/HomePlayerLib(21184): hostaddress count is 1
D/MonitorCw880(22350): currentRemoteHost is null ,continue
W/AudioTrack(21184): obtainBuffer() track 0x386c40 disabled, restarting
D/dalvikvm(21184): GC_CONCURRENT freed 2075K, 26% free 37838K/50947K, paused 3ms+9ms
W/AudioTrack(21184): obtainBuffer() track 0x386c40 disabled, restarting
W/AudioTrack(21184): obtainBuffer() track 0x386c40 disabled, restarting
D/dalvikvm(21184): GC_CONCURRENT freed 2072K, 26% free 37869K/50947K, paused 3ms+8ms
V/NetUpdate(21821): iUpdateService.getProgressValue()--->0
W/AudioTrack(21184): obtainBuffer() track 0x386c40 disabled, restarting
W/AudioTrack(21184): obtainBuffer() track 0x386c40 disabled, restarting
D/dalvikvm(21821): GC_CONCURRENT freed 1922K, 18% free 30689K/36995K, paused 2ms+6ms
W/AudioTrack(21184): obtainBuffer() track 0x386c40 disabled, restarting
V/NetUpdate(21821): iUpdateService.getProgressValue()--->0
W/AudioTrack(21184): obtainBuffer() track 0x386c40 disabled, restarting
D/dalvikvm( 1290): GC_CONCURRENT freed 1203K, 64% free 4408K/12163K, paused 2ms+2ms
W/AudioTrack(21184): obtainBuffer() track 0x386c40 disabled, restarting
W/AudioTrack(21184): obtainBuffer() track 0x386c40 disabled, restarting
D/MonitorCw880(22350): currentRemoteHost is null ,continue
W/AudioTrack(21184): obtainBuffer() track 0x386c40 disabled, restarting
V/NetUpdate(21821): iUpdateService.getProgressValue()--->0
W/AudioTrack(21184): obtainBuffer() track 0x386c40 disabled, restarting
W/AudioTrack(21184): obtainBuffer() track 0x386c40 disabled, restarting
W/AudioTrack(21184): obtainBuffer() track 0x386c40 disabled, restarting
V/NetUpdate(21821): iUpdateService.getProgressValue()--->0
W/AudioTrack(21184): obtainBuffer() track 0x386c40 disabled, restarting
D/dalvikvm(21821): GC_CONCURRENT freed 1922K, 18% free 30696K/36995K, paused 2ms+5ms
W/AudioTrack(21184): obtainBuffer() track 0x386c40 disabled, restarting
W/AudioTrack(21184): obtainBuffer() track 0x386c40 disabled, restarting
D/dalvikvm( 1290): GC_CONCURRENT freed 1205K, 64% free 4408K/12163K, paused 2ms+2ms
W/AudioTrack(21184): obtainBuffer() track 0x386c40 disabled, restarting
V/NetUpdate(21821): iUpdateService.getProgressValue()--->0
W/AudioTrack(21184): obtainBuffer() track 0x386c40 disabled, restarting
D/MonitorCw880(22350): currentRemoteHost is null ,continue
W/AudioTrack(21184): obtainBuffer() track 0x386c40 disabled, restarting
D/HomePlayerLib(21184): hostaddress count is 1
D/dalvikvm(21184): GC_CONCURRENT freed 2120K, 26% free 37860K/50947K, paused 3ms+9ms
W/AudioTrack(21184): obtainBuffer() track 0x386c40 disabled, restarting
V/NetUpdate(21821): iUpdateService.getProgressValue()--->0
D/dalvikvm(21184): GC_CONCURRENT freed 2106K, 26% free 37854K/50947K, paused 3ms+16ms
W/AudioTrack(21184): obtainBuffer() track 0x386c40 disabled, restarting
W/AudioTrack(21184): obtainBuffer() track 0x386c40 disabled, restarting
D/dalvikvm(21184): GC_CONCURRENT freed 2094K, 26% free 37871K/50947K, paused 4ms+9ms
W/AudioTrack(21184): obtainBuffer() track 0x386c40 disabled, restarting
W/AudioTrack(21184): obtainBuffer() track 0x386c40 disabled, restarting
V/NetUpdate(21821): iUpdateService.getProgressValue()--->0
D/dalvikvm(21821): GC_CONCURRENT freed 1929K, 18% free 30695K/36995K, paused 2ms+6ms
W/AudioTrack(21184): obtainBuffer() track 0x386c40 disabled, restarting
D/dalvikvm( 1290): GC_CONCURRENT freed 1203K, 64% free 4409K/12163K, paused 1ms+2ms
W/AudioTrack(21184): obtainBuffer() track 0x386c40 disabled, restarting
D/MonitorCw880(22350): currentRemoteHost is null ,continue
W/AudioTrack(21184): obtainBuffer() track 0x386c40 disabled, restarting
V/NetUpdate(21821): iUpdateService.getProgressValue()--->0
W/AudioTrack(21184): obtainBuffer() track 0x386c40 disabled, restarting
W/AudioTrack(21184): obtainBuffer() track 0x386c40 disabled, restarting
W/AudioTrack(21184): obtainBuffer() track 0x386c40 disabled, restarting
W/AudioTrack(21184): obtainBuffer() track 0x386c40 disabled, restarting
V/NetUpdate(21821): iUpdateService.getProgressValue()--->0
W/AudioTrack(21184): obtainBuffer() track 0x386c40 disabled, restarting
W/AudioTrack(21184): obtainBuffer() track 0x386c40 disabled, restarting
D/dalvikvm( 1290): GC_CONCURRENT freed 1205K, 64% free 4414K/12163K, paused 1ms+2ms
W/AudioTrack(21184): obtainBuffer() track 0x386c40 disabled, restarting
D/dalvikvm(21821): GC_CONCURRENT freed 1928K, 18% free 30701K/36995K, paused 2ms+6ms
V/NetUpdate(21821): iUpdateService.getProgressValue()--->0
W/AudioTrack(21184): obtainBuffer() track 0x386c40 disabled, restarting
D/MonitorCw880(22350): currentRemoteHost is null ,continue
W/AudioTrack(21184): obtainBuffer() track 0x386c40 disabled, restarting
W/AudioTrack(21184): obtainBuffer() track 0x386c40 disabled, restarting
V/NetUpdate(21821): iUpdateService.getProgressValue()--->0
W/AudioTrack(21184): obtainBuffer() track 0x386c40 disabled, restarting
D/HomePlayerLib(21184): hostaddress count is 1
D/dalvikvm(21184): GC_CONCURRENT freed 2125K, 26% free 37897K/50947K, paused 3ms+6ms
W/AudioTrack(21184): obtainBuffer() track 0x386c40 disabled, restarting
D/dalvikvm(21184): GC_CONCURRENT freed 2145K, 26% free 37955K/50947K, paused 3ms+10ms
W/AudioTrack(21184): obtainBuffer() track 0x386c40 disabled, restarting
W/AudioTrack(21184): obtainBuffer() track 0x386c40 disabled, restarting
D/dalvikvm(21184): GC_CONCURRENT freed 2202K, 26% free 37779K/50947K, paused 3ms+9ms
V/NetUpdate(21821): iUpdateService.getProgressValue()--->0
W/AudioTrack(21184): obtainBuffer() track 0x386c40 disabled, restarting
D/dalvikvm( 1290): GC_CONCURRENT freed 1211K, 64% free 4416K/12163K, paused 1ms+1ms
W/AudioTrack(21184): obtainBuffer() track 0x386c40 disabled, restarting
D/dalvikvm(21821): GC_CONCURRENT freed 1934K, 18% free 30692K/36995K, paused 2ms+6ms
D/MonitorCw880(22350): currentRemoteHost is null ,continue
W/AudioTrack(21184): obtainBuffer() track 0x386c40 disabled, restarting
V/NetUpdate(21821): iUpdateService.getProgressValue()--->0
W/AudioTrack(21184): obtainBuffer() track 0x386c40 disabled, restarting
W/AudioTrack(21184): obtainBuffer() track 0x386c40 disabled, restarting
W/AudioTrack(21184): obtainBuffer() track 0x386c40 disabled, restarting
W/AudioTrack(21184): obtainBuffer() track 0x386c40 disabled, restarting
V/NetUpdate(21821): iUpdateService.getProgressValue()--->0
W/AudioTrack(21184): obtainBuffer() track 0x386c40 disabled, restarting
W/AudioTrack(21184): obtainBuffer() track 0x386c40 disabled, restarting
W/AudioTrack(21184): obtainBuffer() track 0x386c40 disabled, restarting
D/dalvikvm( 1290): GC_CONCURRENT freed 1215K, 64% free 4408K/12163K, paused 1ms+1ms
V/NetUpdate(21821): iUpdateService.getProgressValue()--->0
W/AudioTrack(21184): obtainBuffer() track 0x386c40 disabled, restarting
D/MonitorCw880(22350): currentRemoteHost is null ,continue
W/AudioTrack(21184): obtainBuffer() track 0x386c40 disabled, restarting
D/dalvikvm(21821): GC_CONCURRENT freed 1925K, 18% free 30703K/36995K, paused 2ms+5ms
W/AudioTrack(21184): obtainBuffer() track 0x386c40 disabled, restarting
W/AudioTrack(21184): obtainBuffer() track 0x386c40 disabled, restarting
V/NetUpdate(21821): iUpdateService.getProgressValue()--->0
W/AudioTrack(21184): obtainBuffer() track 0x386c40 disabled, restarting
W/AudioTrack(21184): obtainBuffer() track 0x386c40 disabled, restarting
D/HomePlayerLib(21184): hostaddress count is 1
D/dalvikvm(21184): GC_CONCURRENT freed 2031K, 26% free 37865K/50947K, paused 4ms+9ms
W/AudioTrack(21184): obtainBuffer() track 0x386c40 disabled, restarting
V/NetUpdate(21821): iUpdateService.getProgressValue()--->0
D/dalvikvm(21184): GC_CONCURRENT freed 2114K, 26% free 37832K/50947K, paused 4ms+14ms
W/AudioTrack(21184): obtainBuffer() track 0x386c40 disabled, restarting
D/dalvikvm( 1290): GC_CONCURRENT freed 1203K, 64% free 4408K/12163K, paused 2ms+3ms
W/AudioTrack(21184): obtainBuffer() track 0x386c40 disabled, restarting
D/dalvikvm(21184): GC_CONCURRENT freed 2077K, 26% free 37872K/50947K, paused 4ms+9ms
W/AudioTrack(21184): obtainBuffer() track 0x386c40 disabled, restarting
D/MonitorCw880(22350): currentRemoteHost is null ,continue
W/AudioTrack(21184): obtainBuffer() track 0x386c40 disabled, restarting
V/NetUpdate(21821): iUpdateService.getProgressValue()--->0
D/dalvikvm(21821): GC_CONCURRENT freed 1936K, 18% free 30698K/36995K, paused 2ms+6ms
W/AudioTrack(21184): obtainBuffer() track 0x386c40 disabled, restarting
W/AudioTrack(21184): obtainBuffer() track 0x386c40 disabled, restarting
W/AudioTrack(21184): obtainBuffer() track 0x386c40 disabled, restarting
V/NetUpdate(21821): iUpdateService.getProgressValue()--->0
W/AudioTrack(21184): obtainBuffer() track 0x386c40 disabled, restarting
W/AudioTrack(21184): obtainBuffer() track 0x386c40 disabled, restarting
W/AudioTrack(21184): obtainBuffer() track 0x386c40 disabled, restarting
D/dalvikvm( 1290): GC_CONCURRENT freed 1204K, 64% free 4409K/12163K, paused 1ms+1ms
W/AudioTrack(21184): obtainBuffer() track 0x386c40 disabled, restarting
V/NetUpdate(21821): iUpdateService.getProgressValue()--->0
D/MonitorCw880(22350): currentRemoteHost is null ,continue
W/AudioTrack(21184): obtainBuffer() track 0x386c40 disabled, restarting
W/AudioTrack(21184): obtainBuffer() track 0x386c40 disabled, restarting
W/AudioTrack(21184): obtainBuffer() track 0x386c40 disabled, restarting
D/dalvikvm(21821): GC_CONCURRENT freed 1932K, 18% free 30689K/36995K, paused 3ms+7ms
V/NetUpdate(21821): iUpdateService.getProgressValue()--->0
W/AudioTrack(21184): obtainBuffer() track 0x386c40 disabled, restarting
W/AudioTrack(21184): obtainBuffer() track 0x386c40 disabled, restarting
W/AudioTrack(21184): obtainBuffer() track 0x386c40 disabled, restarting
V/NetUpdate(21821): iUpdateService.getProgressValue()--->0
W/AudioTrack(21184): obtainBuffer() track 0x386c40 disabled, restarting
D/HomePlayerLib(21184): hostaddress count is 1
D/dalvikvm(21184): GC_CONCURRENT freed 2131K, 26% free 37801K/50947K, paused 3ms+9ms
W/AudioTrack(21184): obtainBuffer() track 0x386c40 disabled, restarting
D/dalvikvm( 1290): GC_CONCURRENT freed 1205K, 64% free 4409K/12163K, paused 1ms+2ms
D/dalvikvm(21184): GC_CONCURRENT freed 2049K, 26% free 37797K/50947K, paused 3ms+6ms
W/AudioTrack(21184): obtainBuffer() track 0x386c40 disabled, restarting
D/MonitorCw880(22350): currentRemoteHost is null ,continue
D/dalvikvm(21184): GC_CONCURRENT freed 2043K, 26% free 37871K/50947K, paused 3ms+9ms
W/AudioTrack(21184): obtainBuffer() track 0x386c40 disabled, restarting
V/NetUpdate(21821): iUpdateService.getProgressValue()--->0
W/AudioTrack(21184): obtainBuffer() track 0x386c40 disabled, restarting
W/AudioTrack(21184): obtainBuffer() track 0x386c40 disabled, restarting
D/dalvikvm(21821): GC_CONCURRENT freed 1922K, 18% free 30689K/36995K, paused 2ms+6ms
W/AudioTrack(21184): obtainBuffer() track 0x386c40 disabled, restarting
V/NetUpdate(21821): iUpdateService.getProgressValue()--->0
W/AudioTrack(21184): obtainBuffer() track 0x386c40 disabled, restarting
W/AudioTrack(21184): obtainBuffer() track 0x386c40 disabled, restarting
W/AudioTrack(21184): obtainBuffer() track 0x386c40 disabled, restarting
D/dalvikvm( 1290): GC_CONCURRENT freed 1205K, 64% free 4408K/12163K, paused 1ms+2ms
W/ThrottleService(  961): unable to find stats for iface rmnet0
W/AudioTrack(21184): obtainBuffer() track 0x386c40 disabled, restarting
V/NetUpdate(21821): iUpdateService.getProgressValue()--->0
D/MonitorCw880(22350): currentRemoteHost is null ,continue
W/AudioTrack(21184): obtainBuffer() track 0x386c40 disabled, restarting
W/AudioTrack(21184): obtainBuffer() track 0x386c40 disabled, restarting
W/AudioTrack(21184): obtainBuffer() track 0x386c40 disabled, restarting
V/NetUpdate(21821): iUpdateService.getProgressValue()--->0
W/AudioTrack(21184): obtainBuffer() track 0x386c40 disabled, restarting
W/AudioTrack(21184): obtainBuffer() track 0x386c40 disabled, restarting
D/dalvikvm(21821): GC_CONCURRENT freed 1922K, 18% free 30688K/36995K, paused 3ms+6ms
W/AudioTrack(21184): obtainBuffer() track 0x386c40 disabled, restarting
W/AudioTrack(21184): obtainBuffer() track 0x386c40 disabled, restarting
V/NetUpdate(21821): iUpdateService.getProgressValue()--->0
W/AudioTrack(21184): obtainBuffer() track 0x386c40 disabled, restarting
D/dalvikvm( 1186): GC_CONCURRENT freed 986K, 59% free 3729K/9027K, paused 1ms+6ms
D/dalvikvm( 1290): GC_CONCURRENT freed 1204K, 64% free 4409K/12163K, paused 1ms+2ms
W/AudioTrack(21184): obtainBuffer() track 0x386c40 disabled, restarting
D/HomePlayerLib(21184): hostaddress count is 1
D/dalvikvm(21184): GC_CONCURRENT freed 2133K, 26% free 37867K/50947K, paused 3ms+8ms
D/MonitorCw880(22350): currentRemoteHost is null ,continue
W/AudioTrack(21184): obtainBuffer() track 0x386c40 disabled, restarting
D/dalvikvm(21184): GC_CONCURRENT freed 2087K, 26% free 37823K/50947K, paused 4ms+14ms
V/NetUpdate(21821): iUpdateService.getProgressValue()--->0
W/AudioTrack(21184): obtainBuffer() track 0x386c40 disabled, restarting
D/dalvikvm(21184): GC_CONCURRENT freed 2056K, 26% free 37868K/50947K, paused 4ms+13ms
W/AudioTrack(21184): obtainBuffer() track 0x386c40 disabled, restarting
W/AudioTrack(21184): obtainBuffer() track 0x386c40 disabled, restarting
W/AudioTrack(21184): obtainBuffer() track 0x386c40 disabled, restarting
V/NetUpdate(21821): iUpdateService.getProgressValue()--->0
D/dalvikvm(21821): GC_CONCURRENT freed 1921K, 18% free 30689K/36995K, paused 2ms+6ms
W/AudioTrack(21184): obtainBuffer() track 0x386c40 disabled, restarting
W/AudioTrack(21184): obtainBuffer() track 0x386c40 disabled, restarting
W/AudioTrack(21184): obtainBuffer() track 0x386c40 disabled, restarting
D/dalvikvm( 1290): GC_CONCURRENT freed 1204K, 64% free 4408K/12163K, paused 2ms+2ms
V/NetUpdate(21821): iUpdateService.getProgressValue()--->0
W/AudioTrack(21184): obtainBuffer() track 0x386c40 disabled, restarting
D/MonitorCw880(22350): currentRemoteHost is null ,continue
W/AudioTrack(21184): obtainBuffer() track 0x386c40 disabled, restarting
W/AudioTrack(21184): obtainBuffer() track 0x386c40 disabled, restarting
V/NetUpdate(21821): iUpdateService.getProgressValue()--->0
W/AudioTrack(21184): obtainBuffer() track 0x386c40 disabled, restarting
W/AudioTrack(21184): obtainBuffer() track 0x386c40 disabled, restarting
W/AudioTrack(21184): obtainBuffer() track 0x386c40 disabled, restarting
W/AudioTrack(21184): obtainBuffer() track 0x386c40 disabled, restarting
D/dalvikvm(21821): GC_CONCURRENT freed 1922K, 18% free 30701K/36995K, paused 3ms+6ms
V/NetUpdate(21821): iUpdateService.getProgressValue()--->0
W/AudioTrack(21184): obtainBuffer() track 0x386c40 disabled, restarting
D/dalvikvm( 1290): GC_CONCURRENT freed 1204K, 64% free 4411K/12163K, paused 1ms+1ms
W/AudioTrack(21184): obtainBuffer() track 0x386c40 disabled, restarting
D/MonitorCw880(22350): currentRemoteHost is null ,continue
W/AudioTrack(21184): obtainBuffer() track 0x386c40 disabled, restarting
V/NetUpdate(21821): iUpdateService.getProgressValue()--->0
W/AudioTrack(21184): obtainBuffer() track 0x386c40 disabled, restarting
D/HomePlayerLib(21184): hostaddress count is 1
D/dalvikvm(21184): GC_CONCURRENT freed 2118K, 26% free 37860K/50947K, paused 3ms+7ms
W/AudioTrack(21184): obtainBuffer() track 0x386c40 disabled, restarting
D/dalvikvm(21184): GC_CONCURRENT freed 2090K, 26% free 37953K/50947K, paused 3ms+8ms
W/AudioTrack(21184): obtainBuffer() track 0x386c40 disabled, restarting
W/AudioTrack(21184): obtainBuffer() track 0x386c40 disabled, restarting
D/dalvikvm(21184): GC_CONCURRENT freed 2192K, 26% free 37872K/50947K, paused 3ms+7ms
V/NetUpdate(21821): iUpdateService.getProgressValue()--->0
W/AudioTrack(21184): obtainBuffer() track 0x386c40 disabled, restarting
W/AudioTrack(21184): obtainBuffer() track 0x386c40 disabled, restarting
W/AudioTrack(21184): obtainBuffer() track 0x386c40 disabled, restarting
D/dalvikvm(21821): GC_CONCURRENT freed 1935K, 18% free 30703K/36995K, paused 2ms+8ms
D/dalvikvm( 1290): GC_CONCURRENT freed 1207K, 64% free 4416K/12163K, paused 1ms+1ms
V/NetUpdate(21821): iUpdateService.getProgressValue()--->0
W/AudioTrack(21184): obtainBuffer() track 0x386c40 disabled, restarting
D/MonitorCw880(22350): currentRemoteHost is null ,continue
W/AudioTrack(21184): obtainBuffer() track 0x386c40 disabled, restarting
W/AudioTrack(21184): obtainBuffer() track 0x386c40 disabled, restarting
W/AudioTrack(21184): obtainBuffer() track 0x386c40 disabled, restarting
V/NetUpdate(21821): iUpdateService.getProgressValue()--->0
W/AudioTrack(21184): obtainBuffer() track 0x386c40 disabled, restarting
W/AudioTrack(21184): obtainBuffer() track 0x386c40 disabled, restarting
V/TabletStatusBar( 1186): setLightsOn(true)
W/AudioTrack(21184): obtainBuffer() track 0x386c40 disabled, restarting
V/NetUpdate(21821): iUpdateService.getProgressValue()--->0
W/AudioTrack(21184): obtainBuffer() track 0x386c40 disabled, restarting
W/AudioTrack(21184): obtainBuffer() track 0x386c40 disabled, restarting
V/NetFirmwareService( 1290): onStartCommand
V/NetFirmwareService( 1290): intent--->Intent { act=com.coship.netfirmware.NetFirmwareService (has extras) }
V/NetFirmwareService( 1290): Network is connected!
I/NetFirmwareService( 1290): initPromtDialog_SHOW!
E/WindowManager(  961): Unknown window type: 2131099651
V/TabletStatusBar( 1186): setLightsOn(true)
W/InputManagerService(  961): Starting input on non-focused client com.android.internal.view.IInputMethodClient$Stub$Proxy@4155e470 (uid=1000 pid=21821)
W/AudioTrack(21184): obtainBuffer() track 0x386c40 disabled, restarting
D/MonitorCw880(22350): currentRemoteHost is null ,continue
D/dalvikvm( 1290): GC_CONCURRENT freed 1205K, 64% free 4424K/12163K, paused 1ms+1ms
W/AudioTrack(21184): obtainBuffer() track 0x386c40 disabled, restarting
V/NetUpdate(21821): iUpdateService.getProgressValue()--->0
D/dalvikvm(21821): GC_CONCURRENT freed 1936K, 18% free 30691K/36995K, paused 2ms+8ms
V/NetFirmwareService( 1290): mServicePath--->http://update.feifeikan.com/Fbox
W/AudioTrack(21184): obtainBuffer() track 0x386c40 disabled, restarting
I/System  ( 1290): Failed to destroy process 23968
I/System  ( 1290): libcore.io.ErrnoException: kill failed: ESRCH (No such process)
I/System  ( 1290):      at libcore.io.Posix.kill(Native Method)
I/System  ( 1290):      at libcore.io.ForwardingOs.kill(ForwardingOs.java:77)
I/System  ( 1290):      at java.lang.ProcessManager$ProcessImpl.destroy(ProcessManager.java:257)
I/System  ( 1290):      at com.coship.netfirmware.UpdateUtil.checkNetWorkStatus(UpdateUtil.java:171)
I/System  ( 1290):      at com.coship.netfirmware.NetFirmwareService$3.handleMessage(NetFirmwareService.java:890)
I/System  ( 1290):      at android.os.Handler.dispatchMessage(Handler.java:99)
I/System  ( 1290):      at android.os.Looper.loop(Looper.java:137)
I/System  ( 1290):      at android.app.ActivityThread.main(ActivityThread.java:4424)
I/System  ( 1290):      at java.lang.reflect.Method.invokeNative(Native Method)
I/System  ( 1290):      at java.lang.reflect.Method.invoke(Method.java:511)
I/System  ( 1290):      at com.android.internal.os.ZygoteInit$MethodAndArgsCaller.run(ZygoteInit.java:848)
I/System  ( 1290):      at com.android.internal.os.ZygoteInit.main(ZygoteInit.java:575)
I/System  ( 1290):      at dalvik.system.NativeStart.main(Native Method)
D/com.coship.netfirmware_UpdateUtil( 1290): I want to pring...true
I/NetFirmwareService( 1290): mHwvStr--->002102
I/NetFirmwareService( 1290): mSwv--->211312
I/FileUtils( 1290): mkFilePath--->/data/data/com.coship.netfirmware/versioncode.dat
W/AudioTrack(21184): obtainBuffer() track 0x386c40 disabled, restarting
D/HomePlayerLib(21184): hostaddress count is 1
V/HttpDownLoad( 1290): InputStream_urlConn--->libcore.net.http.FixedLengthInputStream@414fb830
V/HttpDownLoad( 1290): InputStream_input--->libcore.net.http.FixedLengthInputStream@414fb830
I/FileUtils( 1290): mkdirPath--->/data/data/com.coship.netfirmware/
I/FileUtils( 1290): createNewFilePath--->/data/data/com.coship.netfirmware/versioncode.dat
I/FileUtils( 1290): file--->versioncode.dat
I/HttpDownLoad( 1290): resultFile--->/data/data/com.coship.netfirmware/versioncode.dat
I/NetFirmwareService( 1290): v--->211311
I/NetFirmwareService( 1290): q--->00001
I/NetFirmwareService( 1290): c--->00001
I/FileUtils( 1290): mkFilePath--->/data/data/com.coship.netfirmware/description_211311.dat
D/dalvikvm(21184): GC_CONCURRENT freed 2124K, 26% free 37828K/50947K, paused 4ms+10ms
V/HttpDownLoad( 1290): InputStream_urlConn--->libcore.net.http.FixedLengthInputStream@4152e390
V/HttpDownLoad( 1290): InputStream_input--->libcore.net.http.FixedLengthInputStream@4152e390
I/FileUtils( 1290): mkdirPath--->/data/data/com.coship.netfirmware/
I/FileUtils( 1290): createNewFilePath--->/data/data/com.coship.netfirmware/description_211311.dat
I/FileUtils( 1290): file--->description_211311.dat
I/HttpDownLoad( 1290): resultFile--->/data/data/com.coship.netfirmware/description_211311.dat
I/NetFirmwareService( 1290): packageSize--->203078416
I/NetFirmwareService( 1290): MD5--->9fdbef1aaa66251c79dc139abb837520
D/StrictMode( 1290): StrictMode policy violation; ~duration=827 ms: android.os.StrictMode$StrictModeNetworkViolation: policy=23 violation=4
D/StrictMode( 1290):    at android.os.StrictMode$AndroidBlockGuardPolicy.onNetwork(StrictMode.java:1105)
D/StrictMode( 1290):    at libcore.io.BlockGuardOs.recvfrom(BlockGuardOs.java:163)
D/StrictMode( 1290):    at libcore.io.IoBridge.recvfrom(IoBridge.java:503)
D/StrictMode( 1290):    at java.net.PlainSocketImpl.read(PlainSocketImpl.java:488)
D/StrictMode( 1290):    at java.net.PlainSocketImpl.access$000(PlainSocketImpl.java:46)
D/StrictMode( 1290):    at java.net.PlainSocketImpl$PlainSocketInputStream.read(PlainSocketImpl.java:240)
D/StrictMode( 1290):    at java.io.BufferedInputStream.fillbuf(BufferedInputStream.java:168)
D/StrictMode( 1290):    at java.io.BufferedInputStream.read(BufferedInputStream.java:227)
D/StrictMode( 1290):    at libcore.net.http.HttpConnection.isStale(HttpConnection.java:256)
D/StrictMode( 1290):    at libcore.net.http.HttpConnectionPool.get(HttpConnectionPool.java:71)
D/StrictMode( 1290):    at libcore.net.http.HttpConnection.connect(HttpConnection.java:128)
D/StrictMode( 1290):    at libcore.net.http.HttpEngine.openSocketConnection(HttpEngine.java:308)
D/StrictMode( 1290):    at libcore.net.http.HttpEngine.connect(HttpEngine.java:303)
D/StrictMode( 1290):    at libcore.net.http.HttpEngine.sendSocketRequest(HttpEngine.java:282)
D/StrictMode( 1290):    at libcore.net.http.HttpEngine.sendRequest(HttpEngine.java:232)
D/StrictMode( 1290):    at libcore.net.http.HttpURLConnectionImpl.getResponse(HttpURLConnectionImpl.java:273)
D/StrictMode( 1290):    at libcore.net.http.HttpURLConnectionImpl.getInputStream(HttpURLConnectionImpl.java:168)
D/StrictMode( 1290):    at com.coship.netfirmware.downloads.HttpDownLoad.getInputStream(HttpDownLoad.java:68)
D/StrictMode( 1290):    at com.coship.netfirmware.downloads.HttpDownLoad.downfile(HttpDownLoad.java:43)
D/StrictMode( 1290):    at com.coship.netfirmware.NetFirmwareService.downFileFormService(NetFirmwareService.java:1599)
D/StrictMode( 1290):    at com.coship.netfirmware.NetFirmwareService.access$3800(NetFirmwareService.java:69)
D/StrictMode( 1290):    at com.coship.netfirmware.NetFirmwareService$3.handleMessage(NetFirmwareService.java:891)
D/StrictMode( 1290):    at android.os.Handler.dispatchMessage(Handler.java:99)
D/StrictMode( 1290):    at android.os.Looper.loop(Looper.java:137)
D/StrictMode( 1290):    at android.app.ActivityThread.main(ActivityThread.java:4424)
D/StrictMode( 1290):    at java.lang.reflect.Method.invokeNative(Native Method)
D/StrictMode( 1290):    at java.lang.reflect.Method.invoke(Method.java:511)
D/StrictMode( 1290):    at com.android.internal.os.ZygoteInit$MethodAndArgsCaller.run(ZygoteInit.java:848)
D/StrictMode( 1290):    at com.android.internal.os.ZygoteInit.main(ZygoteInit.java:575)
D/StrictMode( 1290):    at dalvik.system.NativeStart.main(Native Method)
D/StrictMode( 1290): StrictMode policy violation; ~duration=824 ms: android.os.StrictMode$StrictModeNetworkViolation: policy=23 violation=4
D/StrictMode( 1290):    at android.os.StrictMode$AndroidBlockGuardPolicy.onNetwork(StrictMode.java:1105)
D/StrictMode( 1290):    at java.net.InetAddress.lookupHostByName(InetAddress.java:391)
D/StrictMode( 1290):    at java.net.InetAddress.getAllByNameImpl(InetAddress.java:242)
D/StrictMode( 1290):    at java.net.InetAddress.getAllByName(InetAddress.java:220)
D/StrictMode( 1290):    at libcore.net.http.HttpConnection.<init>(HttpConnection.java:71)
D/StrictMode( 1290):    at libcore.net.http.HttpConnection.<init>(HttpConnection.java:50)
D/StrictMode( 1290):    at libcore.net.http.HttpConnection$Address.connect(HttpConnection.java:351)
D/StrictMode( 1290):    at libcore.net.http.HttpConnectionPool.get(HttpConnectionPool.java:86)
D/StrictMode( 1290):    at libcore.net.http.HttpConnection.connect(HttpConnection.java:128)
D/StrictMode( 1290):    at libcore.net.http.HttpEngine.openSocketConnection(HttpEngine.java:308)
D/StrictMode( 1290):    at libcore.net.http.HttpEngine.connect(HttpEngine.java:303)
D/StrictMode( 1290):    at libcore.net.http.HttpEngine.sendSocketRequest(HttpEngine.java:282)
D/StrictMode( 1290):    at libcore.net.http.HttpEngine.sendRequest(HttpEngine.java:232)
D/StrictMode( 1290):    at libcore.net.http.HttpURLConnectionImpl.getResponse(HttpURLConnectionImpl.java:273)
D/StrictMode( 1290):    at libcore.net.http.HttpURLConnectionImpl.getInputStream(HttpURLConnectionImpl.java:168)
D/StrictMode( 1290):    at com.coship.netfirmware.downloads.HttpDownLoad.getInputStream(HttpDownLoad.java:68)
D/StrictMode( 1290):    at com.coship.netfirmware.downloads.HttpDownLoad.downfile(HttpDownLoad.java:43)
D/StrictMode( 1290):    at com.coship.netfirmware.NetFirmwareService.downFileFormService(NetFirmwareService.java:1599)
D/StrictMode( 1290):    at com.coship.netfirmware.NetFirmwareService.access$3800(NetFirmwareService.java:69)
D/StrictMode( 1290):    at com.coship.netfirmware.NetFirmwareService$3.handleMessage(NetFirmwareService.java:891)
D/StrictMode( 1290):    at android.os.Handler.dispatchMessage(Handler.java:99)
D/StrictMode( 1290):    at android.os.Looper.loop(Looper.java:137)
D/StrictMode( 1290):    at android.app.ActivityThread.main(ActivityThread.java:4424)
D/StrictMode( 1290):    at java.lang.reflect.Method.invokeNative(Native Method)
D/StrictMode( 1290):    at java.lang.reflect.Method.invoke(Method.java:511)
D/StrictMode( 1290):    at com.android.internal.os.ZygoteInit$MethodAndArgsCaller.run(ZygoteInit.java:848)
D/StrictMode( 1290):    at com.android.internal.os.ZygoteInit.main(ZygoteInit.java:575)
D/StrictMode( 1290):    at dalvik.system.NativeStart.main(Native Method)
D/StrictMode( 1290): StrictMode policy violation; ~duration=820 ms: android.os.StrictMode$StrictModeNetworkViolation: policy=23 violation=4
D/StrictMode( 1290):    at android.os.StrictMode$AndroidBlockGuardPolicy.onNetwork(StrictMode.java:1105)
D/StrictMode( 1290):    at libcore.io.BlockGuardOs.connect(BlockGuardOs.java:84)
D/StrictMode( 1290):    at libcore.io.IoBridge.connectErrno(IoBridge.java:138)
D/StrictMode( 1290):    at libcore.io.IoBridge.connect(IoBridge.java:112)
D/StrictMode( 1290):    at java.net.PlainSocketImpl.connect(PlainSocketImpl.java:192)
D/StrictMode( 1290):    at java.net.PlainSocketImpl.connect(PlainSocketImpl.java:459)
D/StrictMode( 1290):    at java.net.Socket.connect(Socket.java:842)
D/StrictMode( 1290):    at libcore.net.http.HttpConnection.<init>(HttpConnection.java:77)
D/StrictMode( 1290):    at libcore.net.http.HttpConnection.<init>(HttpConnection.java:50)
D/StrictMode( 1290):    at libcore.net.http.HttpConnection$Address.connect(HttpConnection.java:351)
D/StrictMode( 1290):    at libcore.net.http.HttpConnectionPool.get(HttpConnectionPool.java:86)
D/StrictMode( 1290):    at libcore.net.http.HttpConnection.connect(HttpConnection.java:128)
D/StrictMode( 1290):    at libcore.net.http.HttpEngine.openSocketConnection(HttpEngine.java:308)
D/StrictMode( 1290):    at libcore.net.http.HttpEngine.connect(HttpEngine.java:303)
D/StrictMode( 1290):    at libcore.net.http.HttpEngine.sendSocketRequest(HttpEngine.java:282)
D/StrictMode( 1290):    at libcore.net.http.HttpEngine.sendRequest(HttpEngine.java:232)
D/StrictMode( 1290):    at libcore.net.http.HttpURLConnectionImpl.getResponse(HttpURLConnectionImpl.java:273)
D/StrictMode( 1290):    at libcore.net.http.HttpURLConnectionImpl.getInputStream(HttpURLConnectionImpl.java:168)
D/StrictMode( 1290):    at com.coship.netfirmware.downloads.HttpDownLoad.getInputStream(HttpDownLoad.java:68)
D/StrictMode( 1290):    at com.coship.netfirmware.downloads.HttpDownLoad.downfile(HttpDownLoad.java:43)
D/StrictMode( 1290):    at com.coship.netfirmware.NetFirmwareService.downFileFormService(NetFirmwareService.java:1599)
D/StrictMode( 1290):    at com.coship.netfirmware.NetFirmwareService.access$3800(NetFirmwareService.java:69)
D/StrictMode( 1290):    at com.coship.netfirmware.NetFirmwareService$3.handleMessage(NetFirmwareService.java:891)
D/StrictMode( 1290):    at android.os.Handler.dispatchMessage(Handler.java:99)
D/StrictMode( 1290):    at android.os.Looper.loop(Looper.java:137)
D/StrictMode( 1290):    at android.app.ActivityThread.main(ActivityThread.java:4424)
D/StrictMode( 1290):    at java.lang.reflect.Method.invokeNative(Native Method)
D/StrictMode( 1290):    at java.lang.reflect.Method.invoke(Method.java:511)
D/StrictMode( 1290):    at com.android.internal.os.ZygoteInit$MethodAndArgsCaller.run(ZygoteInit.java:848)
D/StrictMode( 1290):    at com.android.internal.os.ZygoteInit.main(ZygoteInit.java:575)
