I/System  ( 1290):      at android.os.Looper.loop(Looper.java:137)
I/System  ( 1290):      at android.app.ActivityThread.main(ActivityThread.java:4424)
I/System  ( 1290):      at java.lang.reflect.Method.invokeNative(Native Method)
I/System  ( 1290):      at java.lang.reflect.Method.invoke(Method.java:511)
I/System  ( 1290):      at com.android.internal.os.ZygoteInit$MethodAndArgsCaller.run(ZygoteInit.java:848)
I/System  ( 1290):      at com.android.internal.os.ZygoteInit.main(ZygoteInit.java:575)
I/System  ( 1290):      at dalvik.system.NativeStart.main(Native Method)
D/com.coship.netfirmware_UpdateUtil( 1290): I want to pring...true
I/NetFirmwareService( 1290): mHwvStr--->002102
I/NetFirmwareService( 1290): mSwv--->211312
I/FileUtils( 1290): mkFilePath--->/data/data/com.coship.netfirmware/versioncode.dat
D/dalvikvm( 1290): GC_CONCURRENT freed 1218K, 62% free 4651K/12227K, paused 1ms+2ms
V/HttpDownLoad( 1290): InputStream_urlConn--->libcore.net.http.FixedLengthInputStream@415d2968
V/HttpDownLoad( 1290): InputStream_input--->libcore.net.http.FixedLengthInputStream@415d2968
I/FileUtils( 1290): mkdirPath--->/data/data/com.coship.netfirmware/
I/FileUtils( 1290): createNewFilePath--->/data/data/com.coship.netfirmware/versioncode.dat
I/FileUtils( 1290): file--->versioncode.dat
I/HttpDownLoad( 1290): resultFile--->/data/data/com.coship.netfirmware/versioncode.dat
I/NetFirmwareService( 1290): v--->211311
I/NetFirmwareService( 1290): q--->00001
I/NetFirmwareService( 1290): c--->00001
I/FileUtils( 1290): mkFilePath--->/data/data/com.coship.netfirmware/description_211311.dat
V/HttpDownLoad( 1290): InputStream_urlConn--->libcore.net.http.FixedLengthInputStream@414aed08
V/HttpDownLoad( 1290): InputStream_input--->libcore.net.http.FixedLengthInputStream@414aed08
I/FileUtils( 1290): mkdirPath--->/data/data/com.coship.netfirmware/
I/FileUtils( 1290): createNewFilePath--->/data/data/com.coship.netfirmware/description_211311.dat
I/FileUtils( 1290): file--->description_211311.dat
I/HttpDownLoad( 1290): resultFile--->/data/data/com.coship.netfirmware/description_211311.dat
I/NetFirmwareService( 1290): packageSize--->203078416
I/NetFirmwareService( 1290): MD5--->9fdbef1aaa66251c79dc139abb837520
D/StrictMode( 1290): StrictMode policy violation; ~duration=409 ms: android.os.StrictMode$StrictModeNetworkViolation: policy=23 violation=4
D/StrictMode( 1290):    at android.os.StrictMode$AndroidBlockGuardPolicy.onNetwork(StrictMode.java:1105)
D/StrictMode( 1290):    at libcore.io.BlockGuardOs.recvfrom(BlockGuardOs.java:163)
D/StrictMode( 1290):    at libcore.io.IoBridge.recvfrom(IoBridge.java:503)
D/StrictMode( 1290):    at java.net.PlainSocketImpl.read(PlainSocketImpl.java:488)
D/StrictMode( 1290):    at java.net.PlainSocketImpl.access$000(PlainSocketImpl.java:46)
D/StrictMode( 1290):    at java.net.PlainSocketImpl$PlainSocketInputStream.read(PlainSocketImpl.java:240)
D/StrictMode( 1290):    at java.io.BufferedInputStream.fillbuf(BufferedInputStream.java:168)
D/StrictMode( 1290):    at java.io.BufferedInputStream.read(BufferedInputStream.java:227)
D/StrictMode( 1290):    at libcore.net.http.HttpConnection.isStale(HttpConnection.java:256)
D/StrictMode( 1290):    at libcore.net.http.HttpConnectionPool.get(HttpConnectionPool.java:71)
D/StrictMode( 1290):    at libcore.net.http.HttpConnection.connect(HttpConnection.java:128)
D/StrictMode( 1290):    at libcore.net.http.HttpEngine.openSocketConnection(HttpEngine.java:308)
D/StrictMode( 1290):    at libcore.net.http.HttpEngine.connect(HttpEngine.java:303)
D/StrictMode( 1290):    at libcore.net.http.HttpEngine.sendSocketRequest(HttpEngine.java:282)
D/StrictMode( 1290):    at libcore.net.http.HttpEngine.sendRequest(HttpEngine.java:232)
D/StrictMode( 1290):    at libcore.net.http.HttpURLConnectionImpl.getResponse(HttpURLConnectionImpl.java:273)
D/StrictMode( 1290):    at libcore.net.http.HttpURLConnectionImpl.getInputStream(HttpURLConnectionImpl.java:168)
D/StrictMode( 1290):    at com.coship.netfirmware.downloads.HttpDownLoad.getInputStream(HttpDownLoad.java:68)
D/StrictMode( 1290):    at com.coship.netfirmware.downloads.HttpDownLoad.downfile(HttpDownLoad.java:43)
D/StrictMode( 1290):    at com.coship.netfirmware.NetFirmwareService.downFileFormService(NetFirmwareService.java:1599)
D/StrictMode( 1290):    at com.coship.netfirmware.NetFirmwareService.access$3800(NetFirmwareService.java:69)
D/StrictMode( 1290):    at com.coship.netfirmware.NetFirmwareService$3.handleMessage(NetFirmwareService.java:891)
D/StrictMode( 1290):    at android.os.Handler.dispatchMessage(Handler.java:99)
D/StrictMode( 1290):    at android.os.Looper.loop(Looper.java:137)
D/StrictMode( 1290):    at android.app.ActivityThread.main(ActivityThread.java:4424)
D/StrictMode( 1290):    at java.lang.reflect.Method.invokeNative(Native Method)
D/StrictMode( 1290):    at java.lang.reflect.Method.invoke(Method.java:511)
D/StrictMode( 1290):    at com.android.internal.os.ZygoteInit$MethodAndArgsCaller.run(ZygoteInit.java:848)
D/StrictMode( 1290):    at com.android.internal.os.ZygoteInit.main(ZygoteInit.java:575)
D/StrictMode( 1290):    at dalvik.system.NativeStart.main(Native Method)
D/StrictMode( 1290): StrictMode policy violation; ~duration=407 ms: android.os.StrictMode$StrictModeNetworkViolation: policy=23 violation=4
D/StrictMode( 1290):    at android.os.StrictMode$AndroidBlockGuardPolicy.onNetwork(StrictMode.java:1105)
D/StrictMode( 1290):    at java.net.InetAddress.lookupHostByName(InetAddress.java:391)
D/StrictMode( 1290):    at java.net.InetAddress.getAllByNameImpl(InetAddress.java:242)
D/StrictMode( 1290):    at java.net.InetAddress.getAllByName(InetAddress.java:220)
D/StrictMode( 1290):    at libcore.net.http.HttpConnection.<init>(HttpConnection.java:71)
D/StrictMode( 1290):    at libcore.net.http.HttpConnection.<init>(HttpConnection.java:50)
D/StrictMode( 1290):    at libcore.net.http.HttpConnection$Address.connect(HttpConnection.java:351)
D/StrictMode( 1290):    at libcore.net.http.HttpConnectionPool.get(HttpConnectionPool.java:86)
D/StrictMode( 1290):    at libcore.net.http.HttpConnection.connect(HttpConnection.java:128)
D/StrictMode( 1290):    at libcore.net.http.HttpEngine.openSocketConnection(HttpEngine.java:308)
D/StrictMode( 1290):    at libcore.net.http.HttpEngine.connect(HttpEngine.java:303)
D/StrictMode( 1290):    at libcore.net.http.HttpEngine.sendSocketRequest(HttpEngine.java:282)
D/StrictMode( 1290):    at libcore.net.http.HttpEngine.sendRequest(HttpEngine.java:232)
D/StrictMode( 1290):    at libcore.net.http.HttpURLConnectionImpl.getResponse(HttpURLConnectionImpl.java:273)
D/StrictMode( 1290):    at libcore.net.http.HttpURLConnectionImpl.getInputStream(HttpURLConnectionImpl.java:168)
D/StrictMode( 1290):    at com.coship.netfirmware.downloads.HttpDownLoad.getInputStream(HttpDownLoad.java:68)
D/StrictMode( 1290):    at com.coship.netfirmware.downloads.HttpDownLoad.downfile(HttpDownLoad.java:43)
D/StrictMode( 1290):    at com.coship.netfirmware.NetFirmwareService.downFileFormService(NetFirmwareService.java:1599)
D/StrictMode( 1290):    at com.coship.netfirmware.NetFirmwareService.access$3800(NetFirmwareService.java:69)
D/StrictMode( 1290):    at com.coship.netfirmware.NetFirmwareService$3.handleMessage(NetFirmwareService.java:891)
D/StrictMode( 1290):    at android.os.Handler.dispatchMessage(Handler.java:99)
D/StrictMode( 1290):    at android.os.Looper.loop(Looper.java:137)
D/StrictMode( 1290):    at android.app.ActivityThread.main(ActivityThread.java:4424)
D/StrictMode( 1290):    at java.lang.reflect.Method.invokeNative(Native Method)
D/StrictMode( 1290):    at java.lang.reflect.Method.invoke(Method.java:511)
D/StrictMode( 1290):    at com.android.internal.os.ZygoteInit$MethodAndArgsCaller.run(ZygoteInit.java:848)
D/StrictMode( 1290):    at com.android.internal.os.ZygoteInit.main(ZygoteInit.java:575)
D/StrictMode( 1290):    at dalvik.system.NativeStart.main(Native Method)
D/StrictMode( 1290): StrictMode policy violation; ~duration=403 ms: android.os.StrictMode$StrictModeNetworkViolation: policy=23 violation=4
D/StrictMode( 1290):    at android.os.StrictMode$AndroidBlockGuardPolicy.onNetwork(StrictMode.java:1105)
D/StrictMode( 1290):    at libcore.io.BlockGuardOs.connect(BlockGuardOs.java:84)
D/StrictMode( 1290):    at libcore.io.IoBridge.connectErrno(IoBridge.java:138)
D/StrictMode( 1290):    at libcore.io.IoBridge.connect(IoBridge.java:112)
D/StrictMode( 1290):    at java.net.PlainSocketImpl.connect(PlainSocketImpl.java:192)
D/StrictMode( 1290):    at java.net.PlainSocketImpl.connect(PlainSocketImpl.java:459)
D/StrictMode( 1290):    at java.net.Socket.connect(Socket.java:842)
D/StrictMode( 1290):    at libcore.net.http.HttpConnection.<init>(HttpConnection.java:77)
D/StrictMode( 1290):    at libcore.net.http.HttpConnection.<init>(HttpConnection.java:50)
D/StrictMode( 1290):    at libcore.net.http.HttpConnection$Address.connect(HttpConnection.java:351)
D/StrictMode( 1290):    at libcore.net.http.HttpConnectionPool.get(HttpConnectionPool.java:86)
D/StrictMode( 1290):    at libcore.net.http.HttpConnection.connect(HttpConnection.java:128)
D/StrictMode( 1290):    at libcore.net.http.HttpEngine.openSocketConnection(HttpEngine.java:308)
D/StrictMode( 1290):    at libcore.net.http.HttpEngine.connect(HttpEngine.java:303)
D/StrictMode( 1290):    at libcore.net.http.HttpEngine.sendSocketRequest(HttpEngine.java:282)
D/StrictMode( 1290):    at libcore.net.http.HttpEngine.sendRequest(HttpEngine.java:232)
D/StrictMode( 1290):    at libcore.net.http.HttpURLConnectionImpl.getResponse(HttpURLConnectionImpl.java:273)
D/StrictMode( 1290):    at libcore.net.http.HttpURLConnectionImpl.getInputStream(HttpURLConnectionImpl.java:168)
D/StrictMode( 1290):    at com.coship.netfirmware.downloads.HttpDownLoad.getInputStream(HttpDownLoad.java:68)
D/StrictMode( 1290):    at com.coship.netfirmware.downloads.HttpDownLoad.downfile(HttpDownLoad.java:43)
D/StrictMode( 1290):    at com.coship.netfirmware.NetFirmwareService.downFileFormService(NetFirmwareService.java:1599)
D/StrictMode( 1290):    at com.coship.netfirmware.NetFirmwareService.access$3800(NetFirmwareService.java:69)
D/StrictMode( 1290):    at com.coship.netfirmware.NetFirmwareService$3.handleMessage(NetFirmwareService.java:891)
D/StrictMode( 1290):    at android.os.Handler.dispatchMessage(Handler.java:99)
D/StrictMode( 1290):    at android.os.Looper.loop(Looper.java:137)
D/StrictMode( 1290):    at android.app.ActivityThread.main(ActivityThread.java:4424)
D/StrictMode( 1290):    at java.lang.reflect.Method.invokeNative(Native Method)
D/StrictMode( 1290):    at java.lang.reflect.Method.invoke(Method.java:511)
D/StrictMode( 1290):    at com.android.internal.os.ZygoteInit$MethodAndArgsCaller.run(ZygoteInit.java:848)
D/StrictMode( 1290):    at com.android.internal.os.ZygoteInit.main(ZygoteInit.java:575)
D/StrictMode( 1290):    at dalvik.system.NativeStart.main(Native Method)
D/StrictMode( 1290): StrictMode policy violation; ~duration=396 ms: android.os.StrictMode$StrictModeNetworkViolation: policy=23 violation=4
D/StrictMode( 1290):    at android.os.StrictMode$AndroidBlockGuardPolicy.onNetwork(StrictMode.java:1105)
D/StrictMode( 1290):    at libcore.io.BlockGuardOs.poll(BlockGuardOs.java:117)
D/StrictMode( 1290):    at libcore.io.IoBridge.isConnected(IoBridge.java:193)
D/StrictMode( 1290):    at libcore.io.IoBridge.connectErrno(IoBridge.java:152)
D/StrictMode( 1290):    at libcore.io.IoBridge.connect(IoBridge.java:112)
D/StrictMode( 1290):    at java.net.PlainSocketImpl.connect(PlainSocketImpl.java:192)
D/StrictMode( 1290):    at java.net.PlainSocketImpl.connect(PlainSocketImpl.java:459)
D/StrictMode( 1290):    at java.net.Socket.connect(Socket.java:842)
D/StrictMode( 1290):    at libcore.net.http.HttpConnection.<init>(HttpConnection.java:77)
D/StrictMode( 1290):    at libcore.net.http.HttpConnection.<init>(HttpConnection.java:50)
D/StrictMode( 1290):    at libcore.net.http.HttpConnection$Address.connect(HttpConnection.java:351)
D/StrictMode( 1290):    at libcore.net.http.HttpConnectionPool.get(HttpConnectionPool.java:86)
D/StrictMode( 1290):    at libcore.net.http.HttpConnection.connect(HttpConnection.java:128)
D/StrictMode( 1290):    at libcore.net.http.HttpEngine.openSocketConnection(HttpEngine.java:308)
D/StrictMode( 1290):    at libcore.net.http.HttpEngine.connect(HttpEngine.java:303)
D/StrictMode( 1290):    at libcore.net.http.HttpEngine.sendSocketRequest(HttpEngine.java:282)
D/StrictMode( 1290):    at libcore.net.http.HttpEngine.sendRequest(HttpEngine.java:232)
D/StrictMode( 1290):    at libcore.net.http.HttpURLConnectionImpl.getResponse(HttpURLConnectionImpl.java:273)
D/StrictMode( 1290):    at libcore.net.http.HttpURLConnectionImpl.getInputStream(HttpURLConnectionImpl.java:168)
D/StrictMode( 1290):    at com.coship.netfirmware.downloads.HttpDownLoad.getInputStream(HttpDownLoad.java:68)
D/StrictMode( 1290):    at com.coship.netfirmware.downloads.HttpDownLoad.downfile(HttpDownLoad.java:43)
D/StrictMode( 1290):    at com.coship.netfirmware.NetFirmwareService.downFileFormService(NetFirmwareService.java:1599)
D/StrictMode( 1290):    at com.coship.netfirmware.NetFirmwareService.access$3800(NetFirmwareService.java:69)
D/StrictMode( 1290):    at com.coship.netfirmware.NetFirmwareService$3.handleMessage(NetFirmwareService.java:891)
D/StrictMode( 1290):    at android.os.Handler.dispatchMessage(Handler.java:99)
D/StrictMode( 1290):    at android.os.Looper.loop(Looper.java:137)
D/StrictMode( 1290):    at android.app.ActivityThread.main(ActivityThread.java:4424)
D/StrictMode( 1290):    at java.lang.reflect.Method.invokeNative(Native Method)
D/StrictMode( 1290):    at java.lang.reflect.Method.invoke(Method.java:511)
D/StrictMode( 1290):    at com.android.internal.os.ZygoteInit$MethodAndArgsCaller.run(ZygoteInit.java:848)
D/StrictMode( 1290):    at com.android.internal.os.ZygoteInit.main(ZygoteInit.java:575)
D/StrictMode( 1290):    at dalvik.system.NativeStart.main(Native Method)
D/StrictMode( 1290): StrictMode policy violation; ~duration=190 ms: android.os.StrictMode$StrictModeNetworkViolation: policy=23 violation=4
D/StrictMode( 1290):    at android.os.StrictMode$AndroidBlockGuardPolicy.onNetwork(StrictMode.java:1105)
D/StrictMode( 1290):    at libcore.io.BlockGuardOs.recvfrom(BlockGuardOs.java:163)
D/StrictMode( 1290):    at libcore.io.IoBridge.recvfrom(IoBridge.java:503)
D/StrictMode( 1290):    at java.net.PlainSocketImpl.read(PlainSocketImpl.java:488)
D/StrictMode( 1290):    at java.net.PlainSocketImpl.access$000(PlainSocketImpl.java:46)
D/StrictMode( 1290):    at java.net.PlainSocketImpl$PlainSocketInputStream.read(PlainSocketImpl.java:240)
D/StrictMode( 1290):    at java.io.InputStream.read(InputStream.java:163)
D/StrictMode( 1290):    at java.io.BufferedInputStream.fillbuf(BufferedInputStream.java:142)
D/StrictMode( 1290):    at java.io.BufferedInputStream.read(BufferedInputStream.java:227)
D/StrictMode( 1290):    at libcore.io.Streams.readAsciiLine(Streams.java:201)
D/StrictMode( 1290):    at libcore.net.http.HttpEngine.readResponseHeaders(HttpEngine.java:544)
D/StrictMode( 1290):    at libcore.net.http.HttpEngine.readResponse(HttpEngine.java:784)
D/StrictMode( 1290):    at libcore.net.http.HttpURLConnectionImpl.getResponse(HttpURLConnectionImpl.java:274)
D/StrictMode( 1290):    at libcore.net.http.HttpURLConnectionImpl.getInputStream(HttpURLConnectionImpl.java:168)
D/StrictMode( 1290):    at com.coship.netfirmware.downloads.HttpDownLoad.getInputStream(HttpDownLoad.java:68)
D/StrictMode( 1290):    at com.coship.netfirmware.downloads.HttpDownLoad.downfile(HttpDownLoad.java:43)
D/StrictMode( 1290):    at com.coship.netfirmware.NetFirmwareService.downFileFormService(NetFirmwareService.java:1599)
D/StrictMode( 1290):    at com.coship.netfirmware.NetFirmwareService.access$3800(NetFirmwareService.java:69)
D/StrictMode( 1290):    at com.coship.netfirmware.NetFirmwareService$3.handleMessage(NetFirmwareService.java:891)
D/StrictMode( 1290):    at android.os.Handler.dispatchMessage(Handler.java:99)
D/StrictMode( 1290):    at android.os.Looper.loop(Looper.java:137)
D/StrictMode( 1290):    at android.app.ActivityThread.main(ActivityThread.java:4424)
D/StrictMode( 1290):    at java.lang.reflect.Method.invokeNative(Native Method)
D/StrictMode( 1290):    at java.lang.reflect.Method.invoke(Method.java:511)
D/StrictMode( 1290):    at com.android.internal.os.ZygoteInit$MethodAndArgsCaller.run(ZygoteInit.java:848)
D/StrictMode( 1290):    at com.android.internal.os.ZygoteInit.main(ZygoteInit.java:575)
D/StrictMode( 1290):    at dalvik.system.NativeStart.main(Native Method)
D/StrictMode( 1290): StrictMode policy violation; ~duration=108 ms: android.os.StrictMode$StrictModeNetworkViolation: policy=23 violation=4
D/StrictMode( 1290):    at android.os.StrictMode$AndroidBlockGuardPolicy.onNetwork(StrictMode.java:1105)
D/StrictMode( 1290):    at libcore.io.BlockGuardOs.recvfrom(BlockGuardOs.java:163)
D/StrictMode( 1290):    at libcore.io.IoBridge.recvfrom(IoBridge.java:503)
D/StrictMode( 1290):    at java.net.PlainSocketImpl.read(PlainSocketImpl.java:488)
D/StrictMode( 1290):    at java.net.PlainSocketImpl.access$000(PlainSocketImpl.java:46)
D/StrictMode( 1290):    at java.net.PlainSocketImpl$PlainSocketInputStream.read(PlainSocketImpl.java:240)
D/StrictMode( 1290):    at java.io.InputStream.read(InputStream.java:163)
D/StrictMode( 1290):    at java.io.BufferedInputStream.fillbuf(BufferedInputStream.java:142)
D/StrictMode( 1290):    at java.io.BufferedInputStream.read(BufferedInputStream.java:227)
D/StrictMode( 1290):    at libcore.io.Streams.readAsciiLine(Streams.java:201)
D/StrictMode( 1290):    at libcore.net.http.HttpEngine.readHeaders(HttpEngine.java:587)
D/StrictMode( 1290):    at libcore.net.http.HttpEngine.readResponseHeaders(HttpEngine.java:545)
D/StrictMode( 1290):    at libcore.net.http.HttpEngine.readResponse(HttpEngine.java:784)
D/StrictMode( 1290):    at libcore.net.http.HttpURLConnectionImpl.getResponse(HttpURLConnectionImpl.java:274)
D/StrictMode( 1290):    at libcore.net.http.HttpURLConnectionImpl.getInputStream(HttpURLConnectionImpl.java:168)
D/StrictMode( 1290):    at com.coship.netfirmware.downloads.HttpDownLoad.getInputStream(HttpDownLoad.java:68)
D/StrictMode( 1290):    at com.coship.netfirmware.downloads.HttpDownLoad.downfile(HttpDownLoad.java:43)
D/StrictMode( 1290):    at com.coship.netfirmware.NetFirmwareService.downFileFormService(NetFirmwareService.java:1599)
D/StrictMode( 1290):    at com.coship.netfirmware.NetFirmwareService.access$3800(NetFirmwareService.java:69)
D/StrictMode( 1290):    at com.coship.netfirmware.NetFirmwareService$3.handleMessage(NetFirmwareService.java:891)
D/StrictMode( 1290):    at android.os.Handler.dispatchMessage(Handler.java:99)
D/StrictMode( 1290):    at android.os.Looper.loop(Looper.java:137)
D/StrictMode( 1290):    at android.app.ActivityThread.main(ActivityThread.java:4424)
D/StrictMode( 1290):    at java.lang.reflect.Method.invokeNative(Native Method)
D/StrictMode( 1290):    at java.lang.reflect.Method.invoke(Method.java:511)
D/StrictMode( 1290):    at com.android.internal.os.ZygoteInit$MethodAndArgsCaller.run(ZygoteInit.java:848)
D/StrictMode( 1290):    at com.android.internal.os.ZygoteInit.main(ZygoteInit.java:575)
D/StrictMode( 1290):    at dalvik.system.NativeStart.main(Native Method)
D/StrictMode( 1290): StrictMode policy violation; ~duration=100 ms: android.os.StrictMode$StrictModeDiskReadViolation: policy=23 violation=2
D/StrictMode( 1290):    at android.os.StrictMode$AndroidBlockGuardPolicy.onReadFromDisk(StrictMode.java:1089)
D/StrictMode( 1290):    at libcore.io.BlockGuardOs.open(BlockGuardOs.java:106)
D/StrictMode( 1290):    at libcore.io.IoBridge.open(IoBridge.java:390)
D/StrictMode( 1290):    at java.io.FileOutputStream.<init>(FileOutputStream.java:88)
D/StrictMode( 1290):    at java.io.FileOutputStream.<init>(FileOutputStream.java:73)
D/StrictMode( 1290):    at com.coship.netfirmware.downloads.FileUtils.writeToPathFromInput(FileUtils.java:78)
D/StrictMode( 1290):    at com.coship.netfirmware.downloads.HttpDownLoad.downfile(HttpDownLoad.java:45)
D/StrictMode( 1290):    at com.coship.netfirmware.NetFirmwareService.downFileFormService(NetFirmwareService.java:1599)
D/StrictMode( 1290):    at com.coship.netfirmware.NetFirmwareService.access$3800(NetFirmwareService.java:69)
D/StrictMode( 1290):    at com.coship.netfirmware.NetFirmwareService$3.handleMessage(NetFirmwareService.java:891)
D/StrictMode( 1290):    at android.os.Handler.dispatchMessage(Handler.java:99)
D/StrictMode( 1290):    at android.os.Looper.loop(Looper.java:137)
D/StrictMode( 1290):    at android.app.ActivityThread.main(ActivityThread.java:4424)
D/StrictMode( 1290):    at java.lang.reflect.Method.invokeNative(Native Method)
D/StrictMode( 1290):    at java.lang.reflect.Method.invoke(Method.java:511)
D/StrictMode( 1290):    at com.android.internal.os.ZygoteInit$MethodAndArgsCaller.run(ZygoteInit.java:848)
D/StrictMode( 1290):    at com.android.internal.os.ZygoteInit.main(ZygoteInit.java:575)
D/StrictMode( 1290):    at dalvik.system.NativeStart.main(Native Method)
D/StrictMode( 1290): StrictMode policy violation; ~duration=97 ms: android.os.StrictMode$StrictModeDiskWriteViolation: policy=23 violation=1
D/StrictMode( 1290):    at android.os.StrictMode$AndroidBlockGuardPolicy.onWriteToDisk(StrictMode.java:1063)
D/StrictMode( 1290):    at libcore.io.BlockGuardOs.write(BlockGuardOs.java:190)
D/StrictMode( 1290):    at libcore.io.IoBridge.write(IoBridge.java:447)
D/StrictMode( 1290):    at java.io.FileOutputStream.write(FileOutputStream.java:187)
D/StrictMode( 1290):    at java.io.OutputStream.write(OutputStream.java:82)
D/StrictMode( 1290):    at com.coship.netfirmware.downloads.FileUtils.writeToPathFromInput(FileUtils.java:81)
D/StrictMode( 1290):    at com.coship.netfirmware.downloads.HttpDownLoad.downfile(HttpDownLoad.java:45)
D/StrictMode( 1290):    at com.coship.netfirmware.NetFirmwareService.downFileFormService(NetFirmwareService.java:1599)
D/StrictMode( 1290):    at com.coship.netfirmware.NetFirmwareService.access$3800(NetFirmwareService.java:69)
D/StrictMode( 1290):    at com.coship.netfirmware.NetFirmwareService$3.handleMessage(NetFirmwareService.java:891)
D/StrictMode( 1290):    at android.os.Handler.dispatchMessage(Handler.java:99)
D/StrictMode( 1290):    at android.os.Looper.loop(Looper.java:137)
D/StrictMode( 1290):    at android.app.ActivityThread.main(ActivityThread.java:4424)
D/StrictMode( 1290):    at java.lang.reflect.Method.invokeNative(Native Method)
D/StrictMode( 1290):    at java.lang.reflect.Method.invoke(Method.java:511)
D/StrictMode( 1290):    at com.android.internal.os.ZygoteInit$MethodAndArgsCaller.run(ZygoteInit.java:848)
D/StrictMode( 1290):    at com.android.internal.os.ZygoteInit.main(ZygoteInit.java:575)
D/StrictMode( 1290):    at dalvik.system.NativeStart.main(Native Method)
D/StrictMode( 1290): StrictMode policy violation; ~duration=95 ms: android.os.StrictMode$StrictModeDiskReadViolation: policy=23 violation=2
D/StrictMode( 1290):    at android.os.StrictMode$AndroidBlockGuardPolicy.onReadFromDisk(StrictMode.java:1089)
D/StrictMode( 1290):    at libcore.io.BlockGuardOs.open(BlockGuardOs.java:106)
D/StrictMode( 1290):    at libcore.io.IoBridge.open(IoBridge.java:390)
D/StrictMode( 1290):    at java.io.FileInputStream.<init>(FileInputStream.java:78)
D/StrictMode( 1290):    at java.io.FileInputStream.<init>(FileInputStream.java:105)
D/StrictMode( 1290):    at com.coship.netfirmware.NetFirmwareService.getUpdateInfo(NetFirmwareService.java:1626)
D/StrictMode( 1290):    at com.coship.netfirmware.NetFirmwareService.downFileFormService(NetFirmwareService.java:1601)
D/StrictMode( 1290):    at com.coship.netfirmware.NetFirmwareService.access$3800(NetFirmwareService.java:69)
D/StrictMode( 1290):    at com.coship.netfirmware.NetFirmwareService$3.handleMessage(NetFirmwareService.java:891)
D/StrictMode( 1290):    at android.os.Handler.dispatchMessage(Handler.java:99)
D/StrictMode( 1290):    at android.os.Looper.loop(Looper.java:137)
D/StrictMode( 1290):    at android.app.ActivityThread.main(ActivityThread.java:4424)
D/StrictMode( 1290):    at java.lang.reflect.Method.invokeNative(Native Method)
D/StrictMode( 1290):    at java.lang.reflect.Method.invoke(Method.java:511)
D/StrictMode( 1290):    at com.android.internal.os.ZygoteInit$MethodAndArgsCaller.run(ZygoteInit.java:848)
D/StrictMode( 1290):    at com.android.internal.os.ZygoteInit.main(ZygoteInit.java:575)
D/StrictMode( 1290):    at dalvik.system.NativeStart.main(Native Method)
V/NetFirmwareService( 1290): MSG_LOAD_DAT_STATUS_mNetUpdate--->true
D/NetFirmwareService( 1290): Network Connection Success!
D/NetFirmwareService( 1290): Upgrade File Load Success!
V/NetUpdate(21821): iUpdateService.getProgressValue()--->0
D/NetFirmwareService( 1290): serverURL = www.stp_firmware.coship.com
D/NetFirmwareService( 1290): CheckUpgradeTimer mCheckTime = 5
D/NetFirmwareService( 1290): startTimer
D/NetFirmwareService( 1290): removeTimer
D/StrictMode( 1290): StrictMode policy violation; ~duration=11 ms: android.os.StrictMode$StrictModeDiskReadViolation: policy=23 violation=2
D/StrictMode( 1290):    at android.os.StrictMode$AndroidBlockGuardPolicy.onReadFromDisk(StrictMode.java:1089)
D/StrictMode( 1290):    at android.os.StrictMode.noteDiskRead(StrictMode.java:1832)
D/StrictMode( 1290):    at android.os.FileUtils.getFileStatus(FileUtils.java:82)
D/StrictMode( 1290):    at android.app.SharedPreferencesImpl.hasFileChangedUnexpectedly(SharedPreferencesImpl.java:159)
D/StrictMode( 1290):    at android.app.SharedPreferencesImpl.startReloadIfChangedUnexpectedly(SharedPreferencesImpl.java:141)
D/StrictMode( 1290):    at android.app.ContextImpl.getSharedPreferences(ContextImpl.java:617)
D/StrictMode( 1290):    at android.content.ContextWrapper.getSharedPreferences(ContextWrapper.java:153)
D/StrictMode( 1290):    at android.preference.PreferenceManager.getDefaultSharedPreferences(PreferenceManager.java:366)
D/StrictMode( 1290):    at com.coship.netfirmware.UpgradeConfig.<init>(UpgradeConfig.java:88)
D/StrictMode( 1290):    at com.coship.netfirmware.NetFirmwareService.controlMethod(NetFirmwareService.java:1550)
D/StrictMode( 1290):    at com.coship.netfirmware.NetFirmwareService.access$3200(NetFirmwareService.java:69)
D/StrictMode( 1290):    at com.coship.netfirmware.NetFirmwareService$3.handleMessage(NetFirmwareService.java:827)
D/StrictMode( 1290):    at android.os.Handler.dispatchMessage(Handler.java:99)
D/StrictMode( 1290):    at android.os.Looper.loop(Looper.java:137)
D/StrictMode( 1290):    at android.app.ActivityThread.main(ActivityThread.java:4424)
D/StrictMode( 1290):    at java.lang.reflect.Method.invokeNative(Native Method)
D/StrictMode( 1290):    at java.lang.reflect.Method.invoke(Method.java:511)
D/StrictMode( 1290):    at com.android.internal.os.ZygoteInit$MethodAndArgsCaller.run(ZygoteInit.java:848)
D/StrictMode( 1290):    at com.android.internal.os.ZygoteInit.main(ZygoteInit.java:575)
D/StrictMode( 1290):    at dalvik.system.NativeStart.main(Native Method)
D/StrictMode( 1290): StrictMode policy violation; ~duration=8 ms: android.os.StrictMode$StrictModeDiskReadViolation: policy=23 violation=2
D/StrictMode( 1290):    at android.os.StrictMode$AndroidBlockGuardPolicy.onReadFromDisk(StrictMode.java:1089)
D/StrictMode( 1290):    at android.os.StrictMode.noteDiskRead(StrictMode.java:1832)
D/StrictMode( 1290):    at android.os.FileUtils.getFileStatus(FileUtils.java:82)
D/StrictMode( 1290):    at android.app.SharedPreferencesImpl.hasFileChangedUnexpectedly(SharedPreferencesImpl.java:159)
D/StrictMode( 1290):    at android.app.SharedPreferencesImpl.startReloadIfChangedUnexpectedly(SharedPreferencesImpl.java:141)
D/StrictMode( 1290):    at android.app.ContextImpl.getSharedPreferences(ContextImpl.java:617)
D/StrictMode( 1290):    at android.content.ContextWrapper.getSharedPreferences(ContextWrapper.java:153)
D/StrictMode( 1290):    at android.preference.PreferenceManager.getDefaultSharedPreferences(PreferenceManager.java:366)
D/StrictMode( 1290):    at com.coship.netfirmware.UpgradeConfig.<init>(UpgradeConfig.java:88)
D/StrictMode( 1290):    at com.coship.netfirmware.NetFirmwareService$LastUpgradeProcessStatus.<init>(NetFirmwareService.java:2588)
D/StrictMode( 1290):    at com.coship.netfirmware.NetFirmwareService.controlMethod(NetFirmwareService.java:1551)
D/StrictMode( 1290):    at com.coship.netfirmware.NetFirmwareService.access$3200(NetFirmwareService.java:69)
D/StrictMode( 1290):    at com.coship.netfirmware.NetFirmwareService$3.handleMessage(NetFirmwareService.java:827)
D/StrictMode( 1290):    at android.os.Handler.dispatchMessage(Handler.java:99)
D/StrictMode( 1290):    at android.os.Looper.loop(Looper.java:137)
D/StrictMode( 1290):    at android.app.ActivityThread.main(ActivityThread.java:4424)
D/StrictMode( 1290):    at java.lang.reflect.Method.invokeNative(Native Method)
D/StrictMode( 1290):    at java.lang.reflect.Method.invoke(Method.java:511)
D/StrictMode( 1290):    at com.android.internal.os.ZygoteInit$MethodAndArgsCaller.run(ZygoteInit.java:848)
D/StrictMode( 1290):    at com.android.internal.os.ZygoteInit.main(ZygoteInit.java:575)
D/StrictMode( 1290):    at dalvik.system.NativeStart.main(Native Method)
W/AudioTrack(21184): obtainBuffer() track 0x386c40 disabled, restarting
V/NetUpdate(21821): [onClick]:mClickLoad--->true
W/AudioTrack(21184): obtainBuffer() track 0x386c40 disabled, restarting
D/dalvikvm(21821): GC_CONCURRENT freed 1681K, 16% free 31389K/36995K, paused 2ms+9ms
W/AudioTrack(21184): obtainBuffer() track 0x386c40 disabled, restarting
W/AudioTrack(21184): obtainBuffer() track 0x386c40 disabled, restarting
V/NetUpdate(21821): iUpdateService.getProgressValue()--->0
D/MonitorCw880(22350): currentRemoteHost is null ,continue
W/AudioTrack(21184): obtainBuffer() track 0x386c40 disabled, restarting
W/AudioTrack(21184): obtainBuffer() track 0x386c40 disabled, restarting
D/dalvikvm( 1290): GC_CONCURRENT freed 1493K, 64% free 4443K/12227K, paused 1ms+2ms
D/HomePlayerLib(21184): hostaddress count is 1
W/AudioTrack(21184): obtainBuffer() track 0x386c40 disabled, restarting
D/dalvikvm(21184): GC_CONCURRENT freed 1981K, 26% free 37886K/50947K, paused 4ms+9ms
V/NetUpdate(21821): iUpdateService.getProgressValue()--->0
W/AudioTrack(21184): obtainBuffer() track 0x386c40 disabled, restarting
D/dalvikvm(21184): GC_CONCURRENT freed 2139K, 26% free 37792K/50947K, paused 4ms+15ms
W/AudioTrack(21184): obtainBuffer() track 0x386c40 disabled, restarting
D/NetFirmwareService( 1290): MSG_CREATE_CHECK_THREAD
D/StrictMode( 1290): StrictMode policy violation; ~duration=1 ms: android.os.StrictMode$StrictModeDiskReadViolation: policy=23 violation=2
D/StrictMode( 1290):    at android.os.StrictMode$AndroidBlockGuardPolicy.onReadFromDisk(StrictMode.java:1089)
D/StrictMode( 1290):    at android.os.StrictMode.noteDiskRead(StrictMode.java:1832)
D/StrictMode( 1290):    at android.os.FileUtils.getFileStatus(FileUtils.java:82)
D/StrictMode( 1290):    at android.app.SharedPreferencesImpl.hasFileChangedUnexpectedly(SharedPreferencesImpl.java:159)
D/StrictMode( 1290):    at android.app.SharedPreferencesImpl.startReloadIfChangedUnexpectedly(SharedPreferencesImpl.java:141)
D/StrictMode( 1290):    at android.app.ContextImpl.getSharedPreferences(ContextImpl.java:617)
D/StrictMode( 1290):    at android.content.ContextWrapper.getSharedPreferences(ContextWrapper.java:153)
D/StrictMode( 1290):    at android.preference.PreferenceManager.getDefaultSharedPreferences(PreferenceManager.java:366)
D/StrictMode( 1290):    at com.coship.netfirmware.UpgradeConfig.<init>(UpgradeConfig.java:88)
D/StrictMode( 1290):    at com.coship.netfirmware.NetFirmwareService.deletePackageFile(NetFirmwareService.java:2696)
D/StrictMode( 1290):    at com.coship.netfirmware.NetFirmwareService.access$1400(NetFirmwareService.java:69)
D/StrictMode( 1290):    at com.coship.netfirmware.NetFirmwareService$3.handleMessage(NetFirmwareService.java:629)
D/StrictMode( 1290):    at android.os.Handler.dispatchMessage(Handler.java:99)
D/StrictMode( 1290):    at android.os.Looper.loop(Looper.java:137)
D/StrictMode( 1290):    at android.app.ActivityThread.main(ActivityThread.java:4424)
D/StrictMode( 1290):    at java.lang.reflect.Method.invokeNative(Native Method)
D/StrictMode( 1290):    at java.lang.reflect.Method.invoke(Method.java:511)
D/StrictMode( 1290):    at com.android.internal.os.ZygoteInit$MethodAndArgsCaller.run(ZygoteInit.java:848)
D/StrictMode( 1290):    at com.android.internal.os.ZygoteInit.main(ZygoteInit.java:575)
D/StrictMode( 1290):    at dalvik.system.NativeStart.main(Native Method)
D/NetFirmwareService( 1290): MSG_CHECK_UPGRADE
D/NetFirmwareService( 1290): Download URL = http://update.feifeikan.com/Fbox/002102/versioncode.dat
D/NetFirmwareService( 1290): Save file in path = /data/data/com.coship.netfirmware/versionCode.dat
D/NetFirmwareService( 1290): Set download thread number = 2
D/dalvikvm(21184): GC_CONCURRENT freed 2036K, 26% free 37868K/50947K, paused 4ms+10ms
W/AudioTrack(21184): obtainBuffer() track 0x386c40 disabled, restarting
W/AudioTrack(21184): obtainBuffer() track 0x386c40 disabled, restarting
V/NetUpdate(21821): iUpdateService.getProgressValue()--->0
D/dalvikvm( 1290): GC_CONCURRENT freed 1144K, 64% free 4516K/12227K, paused 2ms+2ms
W/AudioTrack(21184): obtainBuffer() track 0x386c40 disabled, restarting
D/dalvikvm(21821): GC_CONCURRENT freed 2538K, 17% free 30845K/37123K, paused 2ms+5ms
D/DownloadTask( 1290): server accept range
D/NetFirmwareService( 1290): ret--->true
D/NetFirmwareService( 1290): DownloadConstants.TASK_STATUS_RUNNING
D/StrictMode( 1290): StrictMode policy violation; ~duration=2000 ms: android.os.StrictMode$StrictModeDiskReadViolation: policy=23 violation=2
D/StrictMode( 1290):    at android.os.StrictMode$AndroidBlockGuardPolicy.onReadFromDisk(StrictMode.java:1089)
D/StrictMode( 1290):    at libcore.io.BlockGuardOs.open(BlockGuardOs.java:106)
D/StrictMode( 1290):    at libcore.io.IoBridge.open(IoBridge.java:390)
D/StrictMode( 1290):    at java.io.FileInputStream.<init>(FileInputStream.java:78)
D/StrictMode( 1290):    at java.io.FileInputStream.<init>(FileInputStream.java:105)
D/StrictMode( 1290):    at com.coship.netfirmware.downloads.DownloadTaskRecord.<init>(DownloadTaskRecord.java:28)
D/StrictMode( 1290):    at com.coship.netfirmware.downloads.DownloadTask.myDownloadTask(DownloadTask.java:70)
D/StrictMode( 1290):    at com.coship.netfirmware.downloads.DownloadTask.<init>(DownloadTask.java:88)
D/StrictMode( 1290):    at com.coship.netfirmware.NetFirmwareService.onStartDownloadTask(NetFirmwareService.java:1363)
D/StrictMode( 1290):    at com.coship.netfirmware.NetFirmwareService.createTaskDownloadVersionCode(NetFirmwareService.java:1446)
D/StrictMode( 1290):    at com.coship.netfirmware.NetFirmwareService.access$1500(NetFirmwareService.java:69)
D/StrictMode( 1290):    at com.coship.netfirmware.NetFirmwareService$3.handleMessage(NetFirmwareService.java:638)
D/StrictMode( 1290):    at android.os.Handler.dispatchMessage(Handler.java:99)
D/StrictMode( 1290):    at android.os.Looper.loop(Looper.java:137)
D/StrictMode( 1290):    at android.app.ActivityThread.main(ActivityThread.java:4424)
D/StrictMode( 1290):    at java.lang.reflect.Method.invokeNative(Native Method)
D/StrictMode( 1290):    at java.lang.reflect.Method.invoke(Method.java:511)
D/StrictMode( 1290):    at com.android.internal.os.ZygoteInit$MethodAndArgsCaller.run(ZygoteInit.java:848)
D/StrictMode( 1290):    at com.android.internal.os.ZygoteInit.main(ZygoteInit.java:575)
D/StrictMode( 1290):    at dalvik.system.NativeStart.main(Native Method)
D/StrictMode( 1290): StrictMode policy violation; ~duration=1997 ms: android.os.StrictMode$StrictModeDiskReadViolation: policy=23 violation=2
D/StrictMode( 1290):    at android.os.StrictMode$AndroidBlockGuardPolicy.onReadFromDisk(StrictMode.java:1089)
D/StrictMode( 1290):    at libcore.io.BlockGuardOs.open(BlockGuardOs.java:106)
D/StrictMode( 1290):    at libcore.io.IoBridge.open(IoBridge.java:390)
D/StrictMode( 1290):    at java.io.FileOutputStream.<init>(FileOutputStream.java:88)
D/StrictMode( 1290):    at java.io.FileOutputStream.<init>(FileOutputStream.java:128)
D/StrictMode( 1290):    at java.io.FileOutputStream.<init>(FileOutputStream.java:117)
D/StrictMode( 1290):    at com.coship.netfirmware.downloads.DownloadTaskRecord.saveRecord(DownloadTaskRecord.java:56)
D/StrictMode( 1290):    at com.coship.netfirmware.downloads.DownloadTaskRecord.<init>(DownloadTaskRecord.java:32)
D/StrictMode( 1290):    at com.coship.netfirmware.downloads.DownloadTask.myDownloadTask(DownloadTask.java:70)
D/StrictMode( 1290):    at com.coship.netfirmware.downloads.DownloadTask.<init>(DownloadTask.java:88)
D/StrictMode( 1290):    at com.coship.netfirmware.NetFirmwareService.onStartDownloadTask(NetFirmwareService.java:1363)
D/StrictMode( 1290):    at com.coship.netfirmware.NetFirmwareService.createTaskDownloadVersionCode(NetFirmwareService.java:1446)
D/StrictMode( 1290):    at com.coship.netfirmware.NetFirmwareService.access$1500(NetFirmwareService.java:69)
D/StrictMode( 1290):    at com.coship.netfirmware.NetFirmwareService$3.handleMessage(NetFirmwareService.java:638)
D/StrictMode( 1290):    at android.os.Handler.dispatchMessage(Handler.java:99)
D/StrictMode( 1290):    at android.os.Looper.loop(Looper.java:137)
D/StrictMode( 1290):    at android.app.ActivityThread.main(ActivityThread.java:4424)
D/StrictMode( 1290):    at java.lang.reflect.Method.invokeNative(Native Method)
D/StrictMode( 1290):    at java.lang.reflect.Method.invoke(Method.java:511)
D/StrictMode( 1290):    at com.android.internal.os.ZygoteInit$MethodAndArgsCaller.run(ZygoteInit.java:848)
D/StrictMode( 1290):    at com.android.internal.os.ZygoteInit.main(ZygoteInit.java:575)
D/StrictMode( 1290):    at dalvik.system.NativeStart.main(Native Method)
D/StrictMode( 1290): StrictMode policy violation; ~duration=1990 ms: android.os.StrictMode$StrictModeDiskWriteViolation: policy=23 violation=1
D/StrictMode( 1290):    at android.os.StrictMode$AndroidBlockGuardPolicy.onWriteToDisk(StrictMode.java:1063)
D/StrictMode( 1290):    at libcore.io.BlockGuardOs.write(BlockGuardOs.java:190)
D/StrictMode( 1290):    at libcore.io.IoBridge.write(IoBridge.java:447)
D/StrictMode( 1290):    at java.io.FileOutputStream.write(FileOutputStream.java:187)
D/StrictMode( 1290):    at java.io.OutputStreamWriter.flushBytes(OutputStreamWriter.java:167)
D/StrictMode( 1290):    at java.io.OutputStreamWriter.flush(OutputStreamWriter.java:158)
D/StrictMode( 1290):    at java.util.Properties.store(Properties.java:557)
D/StrictMode( 1290):    at java.util.Properties.store(Properties.java:524)
D/StrictMode( 1290):    at com.coship.netfirmware.downloads.DownloadTaskRecord.saveRecord(DownloadTaskRecord.java:57)
D/StrictMode( 1290):    at com.coship.netfirmware.downloads.DownloadTaskRecord.<init>(DownloadTaskRecord.java:32)
D/StrictMode( 1290):    at com.coship.netfirmware.downloads.DownloadTask.myDownloadTask(DownloadTask.java:70)
D/StrictMode( 1290):    at com.coship.netfirmware.downloads.DownloadTask.<init>(DownloadTask.java:88)
D/StrictMode( 1290):    at com.coship.netfirmware.NetFirmwareService.onStartDownloadTask(NetFirmwareService.java:1363)
D/StrictMode( 1290):    at com.coship.netfirmware.NetFirmwareService.createTaskDownloadVersionCode(NetFirmwareService.java:1446)
D/StrictMode( 1290):    at com.coship.netfirmware.NetFirmwareService.access$1500(NetFirmwareService.java:69)
D/StrictMode( 1290):    at com.coship.netfirmware.NetFirmwareService$3.handleMessage(NetFirmwareService.java:638)
D/StrictMode( 1290):    at android.os.Handler.dispatchMessage(Handler.java:99)
D/StrictMode( 1290):    at android.os.Looper.loop(Looper.java:137)
D/StrictMode( 1290):    at android.app.ActivityThread.main(ActivityThread.java:4424)
D/StrictMode( 1290):    at java.lang.reflect.Method.invokeNative(Native Method)
D/StrictMode( 1290):    at java.lang.reflect.Method.invoke(Method.java:511)
D/StrictMode( 1290):    at com.android.internal.os.ZygoteInit$MethodAndArgsCaller.run(ZygoteInit.java:848)
D/StrictMode( 1290):    at com.android.internal.os.ZygoteInit.main(ZygoteInit.java:575)
D/StrictMode( 1290):    at dalvik.system.NativeStart.main(Native Method)
D/StrictMode( 1290): StrictMode policy violation; ~duration=1984 ms: android.os.StrictMode$StrictModeNetworkViolation: policy=23 violation=4
D/StrictMode( 1290):    at android.os.StrictMode$AndroidBlockGuardPolicy.onNetwork(StrictMode.java:1105)
D/StrictMode( 1290):    at java.net.InetAddress.lookupHostByName(InetAddress.java:391)
D/StrictMode( 1290):    at java.net.InetAddress.getAllByNameImpl(InetAddress.java:242)
D/StrictMode( 1290):    at java.net.InetAddress.getAllByName(InetAddress.java:220)
D/StrictMode( 1290):    at org.apache.http.impl.conn.DefaultClientConnectionOperator.openConnection(DefaultClientConnectionOperator.java:137)
D/StrictMode( 1290):    at org.apache.http.impl.conn.AbstractPoolEntry.open(AbstractPoolEntry.java:164)
D/StrictMode( 1290):    at org.apache.http.impl.conn.AbstractPooledConnAdapter.open(AbstractPooledConnAdapter.java:119)
D/StrictMode( 1290):    at org.apache.http.impl.client.DefaultRequestDirector.execute(DefaultRequestDirector.java:360)
D/StrictMode( 1290):    at org.apache.http.impl.client.AbstractHttpClient.execute(AbstractHttpClient.java:555)
D/StrictMode( 1290):    at org.apache.http.impl.client.AbstractHttpClient.execute(AbstractHttpClient.java:487)
D/StrictMode( 1290):    at org.apache.http.impl.client.AbstractHttpClient.execute(AbstractHttpClient.java:465)
D/StrictMode( 1290):    at com.coship.netfirmware.downloads.DownloadTask.getDownloadTaskInfo(DownloadTask.java:398)
D/StrictMode( 1290):    at com.coship.netfirmware.downloads.DownloadTask.start(DownloadTask.java:93)
D/StrictMode( 1290):    at com.coship.netfirmware.NetFirmwareService.onStartDownloadTask(NetFirmwareService.java:1372)
D/StrictMode( 1290):    at com.coship.netfirmware.NetFirmwareService.createTaskDownloadVersionCode(NetFirmwareService.java:1446)
D/StrictMode( 1290):    at com.coship.netfirmware.NetFirmwareService.access$1500(NetFirmwareService.java:69)
D/StrictMode( 1290):    at com.coship.netfirmware.NetFirmwareService$3.handleMessage(NetFirmwareService.java:638)
D/StrictMode( 1290):    at android.os.Handler.dispatchMessage(Handler.java:99)
D/StrictMode( 1290):    at android.os.Looper.loop(Looper.java:137)
D/StrictMode( 1290):    at android.app.ActivityThread.main(ActivityThread.java:4424)
D/StrictMode( 1290):    at java.lang.reflect.Method.invokeNative(Native Method)
D/StrictMode( 1290):    at java.lang.reflect.Method.invoke(Method.java:511)
D/StrictMode( 1290):    at com.android.internal.os.ZygoteInit$MethodAndArgsCaller.run(ZygoteInit.java:848)
D/StrictMode( 1290):    at com.android.internal.os.ZygoteInit.main(ZygoteInit.java:575)
D/StrictMode( 1290):    at dalvik.system.NativeStart.main(Native Method)
D/StrictMode( 1290): StrictMode policy violation; ~duration=1980 ms: android.os.StrictMode$StrictModeNetworkViolation: policy=23 violation=4
D/StrictMode( 1290):    at android.os.StrictMode$AndroidBlockGuardPolicy.onNetwork(StrictMode.java:1105)
D/StrictMode( 1290):    at libcore.io.BlockGuardOs.connect(BlockGuardOs.java:84)
D/StrictMode( 1290):    at libcore.io.IoBridge.connectErrno(IoBridge.java:127)
D/StrictMode( 1290):    at libcore.io.IoBridge.connect(IoBridge.java:112)
D/StrictMode( 1290):    at java.net.PlainSocketImpl.connect(PlainSocketImpl.java:192)
D/StrictMode( 1290):    at java.net.PlainSocketImpl.connect(PlainSocketImpl.java:459)
D/StrictMode( 1290):    at java.net.Socket.connect(Socket.java:842)
D/StrictMode( 1290):    at org.apache.http.conn.scheme.PlainSocketFactory.connectSocket(PlainSocketFactory.java:119)
D/StrictMode( 1290):    at org.apache.http.impl.conn.DefaultClientConnectionOperator.openConnection(DefaultClientConnectionOperator.java:144)
D/StrictMode( 1290):    at org.apache.http.impl.conn.AbstractPoolEntry.open(AbstractPoolEntry.java:164)
D/StrictMode( 1290):    at org.apache.http.impl.conn.AbstractPooledConnAdapter.open(AbstractPooledConnAdapter.java:119)
D/StrictMode( 1290):    at org.apache.http.impl.client.DefaultRequestDirector.execute(DefaultRequestDirector.java:360)
D/StrictMode( 1290):    at org.apache.http.impl.client.AbstractHttpClient.execute(AbstractHttpClient.java:555)
D/StrictMode( 1290):    at org.apache.http.impl.client.AbstractHttpClient.execute(AbstractHttpClient.java:487)
D/StrictMode( 1290):    at org.apache.http.impl.client.AbstractHttpClient.execute(AbstractHttpClient.java:465)
D/StrictMode( 1290):    at com.coship.netfirmware.downloads.DownloadTask.getDownloadTaskInfo(DownloadTask.java:398)
D/StrictMode( 1290):    at com.coship.netfirmware.downloads.DownloadTask.start(DownloadTask.java:93)
D/StrictMode( 1290):    at com.coship.netfirmware.NetFirmwareService.onStartDownloadTask(NetFirmwareService.java:1372)
D/StrictMode( 1290):    at com.coship.netfirmware.NetFirmwareService.createTaskDownloadVersionCode(NetFirmwareService.java:1446)
D/StrictMode( 1290):    at com.coship.netfirmware.NetFirmwareService.access$1500(NetFirmwareService.java:69)
D/StrictMode( 1290):    at com.coship.netfirmware.NetFirmwareService$3.handleMessage(NetFirmwareService.java:638)
D/StrictMode( 1290):    at android.os.Handler.dispatchMessage(Handler.java:99)
D/StrictMode( 1290):    at android.os.Looper.loop(Looper.java:137)
D/StrictMode( 1290):    at android.app.ActivityThread.main(ActivityThread.java:4424)
D/StrictMode( 1290):    at java.lang.reflect.Method.invokeNative(Native Method)
D/StrictMode( 1290):    at java.lang.reflect.Method.invoke(Method.java:511)
D/StrictMode( 1290):    at com.android.internal.os.ZygoteInit$MethodAndArgsCaller.run(ZygoteInit.java:848)
D/StrictMode( 1290):    at com.android.internal.os.ZygoteInit.main(ZygoteInit.java:575)
D/StrictMode( 1290):    at dalvik.system.NativeStart.main(Native Method)
D/StrictMode( 1290): StrictMode policy violation; ~duration=1696 ms: android.os.StrictMode$StrictModeNetworkViolation: policy=23 violation=4
D/StrictMode( 1290):    at android.os.StrictMode$AndroidBlockGuardPolicy.onNetwork(StrictMode.java:1105)
D/StrictMode( 1290):    at libcore.io.BlockGuardOs.recvfrom(BlockGuardOs.java:163)
D/StrictMode( 1290):    at libcore.io.IoBridge.recvfrom(IoBridge.java:503)
D/StrictMode( 1290):    at java.net.PlainSocketImpl.read(PlainSocketImpl.java:488)
D/StrictMode( 1290):    at java.net.PlainSocketImpl.access$000(PlainSocketImpl.java:46)
D/StrictMode( 1290):    at java.net.PlainSocketImpl$PlainSocketInputStream.read(PlainSocketImpl.java:240)
D/StrictMode( 1290):    at org.apache.http.impl.io.AbstractSessionInputBuffer.fillBuffer(AbstractSessionInputBuffer.java:103)
D/StrictMode( 1290):    at org.apache.http.impl.io.AbstractSessionInputBuffer.readLine(AbstractSessionInputBuffer.java:191)
D/StrictMode( 1290):    at org.apache.http.impl.conn.DefaultResponseParser.parseHead(DefaultResponseParser.java:82)
D/StrictMode( 1290):    at org.apache.http.impl.io.AbstractMessageParser.parse(AbstractMessageParser.java:174)
D/StrictMode( 1290):    at org.apache.http.impl.AbstractHttpClientConnection.receiveResponseHeader(AbstractHttpClientConnection.java:180)
D/StrictMode( 1290):    at org.apache.http.impl.conn.DefaultClientConnection.receiveResponseHeader(DefaultClientConnection.java:235)
D/StrictMode( 1290):    at org.apache.http.impl.conn.AbstractClientConnAdapter.receiveResponseHeader(AbstractClientConnAdapter.java:259)
D/StrictMode( 1290):    at org.apache.http.protocol.HttpRequestExecutor.doReceiveResponse(HttpRequestExecutor.java:279)
D/StrictMode( 1290):    at org.apache.http.protocol.HttpRequestExecutor.execute(HttpRequestExecutor.java:121)
D/StrictMode( 1290):    at org.apache.http.impl.client.DefaultRequestDirector.execute(DefaultRequestDirector.java:428)
D/StrictMode( 1290):    at org.apache.http.impl.client.AbstractHttpClient.execute(AbstractHttpClient.java:555)
D/StrictMode( 1290):    at org.apache.http.impl.client.AbstractHttpClient.execute(AbstractHttpClient.java:487)
D/StrictMode( 1290):    at org.apache.http.impl.client.AbstractHttpClient.execute(AbstractHttpClient.java:465)
D/StrictMode( 1290):    at com.coship.netfirmware.downloads.DownloadTask.getDownloadTaskInfo(DownloadTask.java:398)
D/StrictMode( 1290):    at com.coship.netfirmware.downloads.DownloadTask.start(DownloadTask.java:93)
D/StrictMode( 1290):    at com.coship.netfirmware.NetFirmwareService.onStartDownloadTask(NetFirmwareService.java:1372)
D/StrictMode( 1290):    at com.coship.netfirmware.NetFirmwareService.createTaskDownloadVersionCode(NetFirmwareService.java:1446)
D/StrictMode( 1290):    at com.coship.netfirmware.NetFirmwareService.access$1500(NetFirmwareService.java:69)
D/StrictMode( 1290):    at com.coship.netfirmware.NetFirmwareService$3.handleMessage(NetFirmwareService.java:638)
D/StrictMode( 1290):    at android.os.Handler.dispatchMessage(Handler.java:99)
D/StrictMode( 1290):    at android.os.Looper.loop(Looper.java:137)
D/StrictMode( 1290):    at android.app.ActivityThread.main(ActivityThread.java:4424)
D/StrictMode( 1290):    at java.lang.reflect.Method.invokeNative(Native Method)
D/StrictMode( 1290):    at java.lang.reflect.Method.invoke(Method.java:511)
D/StrictMode( 1290):    at com.android.internal.os.ZygoteInit$MethodAndArgsCaller.run(ZygoteInit.java:848)
D/StrictMode( 1290):    at com.android.internal.os.ZygoteInit.main(ZygoteInit.java:575)
D/StrictMode( 1290):    at dalvik.system.NativeStart.main(Native Method)
D/StrictMode( 1290): StrictMode policy violation; ~duration=1285 ms: android.os.StrictMode$StrictModeNetworkViolation: policy=23 violation=4
D/StrictMode( 1290):    at android.os.StrictMode$AndroidBlockGuardPolicy.onNetwork(StrictMode.java:1105)
D/StrictMode( 1290):    at libcore.io.BlockGuardOs.recvfrom(BlockGuardOs.java:163)
D/StrictMode( 1290):    at libcore.io.IoBridge.recvfrom(IoBridge.java:503)
