D/OtOService( 2508): send callback: 101
D/dvb_ServiceAdapter( 4445): dvb_ResultCallBack: what:101   arg1:0
D/OtOService( 2508): VOB　sync :com.aidufei.otoService.PlayEvent@41737d80
D/OtOService( 2508): --resourceCode: null --ShiftTime:0 --timeCode:0 --delay: 0
E/ServerAdapter( 2508): ServerAdapter:0
E/ServerHandler( 2508): Send:com.aidufei.protocol.oto.OtOStatusRequest@42b0f240
D/ServerHandler( 2508): ServerHandler send request:103:{"ResourceInfo":{"ShiftEnd":0,"TimeCode":0,"PlayType":3,"ResourceName":"","ProductCode":"","ShiftTime":0,"ResourceCode":""},"Status":{"ReturnCode":100,"Description":"ok"},"PlayStatus":0,"Volume":0}
V/ServerHandler( 2508): ServerHandler send DatagramPacket:/192.168.1.194-[B@420b6258
D/OtOService( 2508): send callback obj: com.aidufei.otoService.IServiceCallBack$Stub$Proxy@4187d9d8
E/ServerAdapter( 2508): ServerAdapter:0
E/ServerHandler( 2508): Send:com.aidufei.protocol.oto.OtOStatusRequest@42b10990
D/ServerHandler( 2508): ServerHandler send request:103:{"Status":{"ReturnCode":99,"Description":"status sync processing"},"PlayStatus":0,"Volume":0}
V/ServerHandler( 2508): ServerHandler send DatagramPacket:/192.168.1.194-[B@416f1720
E/dhcpcd  ( 5459): timed out
D/dhcpcd  ( 5459): executing `/system/etc/dhcpcd/dhcpcd-run-hooks', reason FAIL
D/dhcpcd  ( 5459): broadcasting for a lease
D/dhcpcd  ( 5459): sending DHCP_DISCOVER with xid 0xe78507fb, next in 4.48 seconds
D/MonitorCw880( 2565): currentRemoteHost is null ,continue
D/dhcpcd  ( 5459): sending DHCP_DISCOVER with xid 0xe78507fb, next in 8.56 seconds
D/HomePlayerLib( 1626): hostaddress count is 1
D/MonitorCw880( 2565): currentRemoteHost is null ,continue
D/dalvikvm( 1626): GC_CONCURRENT freed 1947K, 47% free 7244K/13635K, paused 2ms+3ms
D/dalvikvm( 1626): GC_CONCURRENT freed 1945K, 47% free 7341K/13635K, paused 2ms+4ms
D/dalvikvm( 1626): GC_CONCURRENT freed 2048K, 47% free 7254K/13635K, paused 2ms+3ms
D/MonitorCw880( 2565): currentRemoteHost is null ,continue
D/dhcpcd  ( 5459): sending DHCP_DISCOVER with xid 0xe78507fb, next in 16.77 seconds
D/MonitorCw880( 2565): currentRemoteHost is null ,continue
D/dalvikvm( 1626): GC_CONCURRENT freed 1953K, 47% free 7358K/13635K, paused 3ms+3ms
D/HomePlayerLib( 1626): hostaddress count is 1
D/dalvikvm( 1626): GC_CONCURRENT freed 2054K, 47% free 7258K/13635K, paused 2ms+3ms
D/dalvikvm( 1626): GC_CONCURRENT freed 1967K, 47% free 7253K/13635K, paused 3ms+3ms
E/ServerHandler( 2508): receiveRequest
V/OtORequest( 2508): parseCommand
V/OtORequest( 2508): get command=103
V/OtORequest( 2508): parse OtORequest: cmd=103 paramLength=0 bufferlen=8
D/OtOService( 2508): client request get status.playType:2
D/OtOService( 2508): callback N: 1
D/OtOService( 2508): send callback: 101
D/dvb_ServiceAdapter( 4445): dvb_ResultCallBack: what:101   arg1:0
D/OtOService( 2508): VOB　sync :com.aidufei.otoService.PlayEvent@416e3bb8
D/OtOService( 2508): --resourceCode: null --ShiftTime:0 --timeCode:0 --delay: 0
E/ServerAdapter( 2508): ServerAdapter:0
E/ServerHandler( 2508): Send:com.aidufei.protocol.oto.OtOStatusRequest@42b120a0
D/ServerHandler( 2508): ServerHandler send request:103:{"ResourceInfo":{"ShiftEnd":0,"TimeCode":0,"PlayType":3,"ResourceName":"","ProductCode":"","ShiftTime":0,"ResourceCode":""},"Status":{"ReturnCode":100,"Description":"ok"},"PlayStatus":0,"Volume":0}
V/ServerHandler( 2508): ServerHandler send DatagramPacket:/192.168.1.194-[B@41864060
D/OtOService( 2508): send callback obj: com.aidufei.otoService.IServiceCallBack$Stub$Proxy@4187d9d8
E/ServerAdapter( 2508): ServerAdapter:0
E/ServerHandler( 2508): Send:com.aidufei.protocol.oto.OtOStatusRequest@42b137e0
D/ServerHandler( 2508): ServerHandler send request:103:{"Status":{"ReturnCode":99,"Description":"status sync processing"},"PlayStatus":0,"Volume":0}
V/ServerHandler( 2508): ServerHandler send DatagramPacket:/192.168.1.194-[B@42b144f0
D/dalvikvm( 1626): GC_CONCURRENT freed 1955K, 47% free 7346K/13635K, paused 2ms+3ms
E/ServerHandler( 2508): receiveRequest
V/OtORequest( 2508): parseCommand
V/OtORequest( 2508): get command=103
V/OtORequest( 2508): parse OtORequest: cmd=103 paramLength=0 bufferlen=8
D/OtOService( 2508): client request get status.playType:2
D/OtOService( 2508): callback N: 1
D/OtOService( 2508): send callback: 101
D/dvb_ServiceAdapter( 4445): dvb_ResultCallBack: what:101   arg1:0
D/OtOService( 2508): VOB　sync :com.aidufei.otoService.PlayEvent@416342b0
D/OtOService( 2508): --resourceCode: null --ShiftTime:0 --timeCode:0 --delay: 0
E/ServerAdapter( 2508): ServerAdapter:0
E/ServerHandler( 2508): Send:com.aidufei.protocol.oto.OtOStatusRequest@42b150a8
D/ServerHandler( 2508): ServerHandler send request:103:{"ResourceInfo":{"ShiftEnd":0,"TimeCode":0,"PlayType":3,"ResourceName":"","ProductCode":"","ShiftTime":0,"ResourceCode":""},"Status":{"ReturnCode":100,"Description":"ok"},"PlayStatus":0,"Volume":0}
V/ServerHandler( 2508): ServerHandler send DatagramPacket:/192.168.1.194-[B@4172bce0
D/OtOService( 2508): send callback obj: com.aidufei.otoService.IServiceCallBack$Stub$Proxy@4187d9d8
E/ServerAdapter( 2508): ServerAdapter:0
E/ServerHandler( 2508): Send:com.aidufei.protocol.oto.OtOStatusRequest@42b16a78
D/ServerHandler( 2508): ServerHandler send request:103:{"Status":{"ReturnCode":99,"Description":"status sync processing"},"PlayStatus":0,"Volume":0}
V/ServerHandler( 2508): ServerHandler send DatagramPacket:/192.168.1.194-[B@42b177f0
D/MonitorCw880( 2565): currentRemoteHost is null ,continue
E/ServerHandler( 2508): receiveRequest
V/OtORequest( 2508): parseCommand
V/OtORequest( 2508): get command=103
V/OtORequest( 2508): parse OtORequest: cmd=103 paramLength=0 bufferlen=8
D/OtOService( 2508): client request get status.playType:2
D/OtOService( 2508): callback N: 1
D/OtOService( 2508): send callback: 101
D/dvb_ServiceAdapter( 4445): dvb_ResultCallBack: what:101   arg1:0
D/OtOService( 2508): VOB　sync :com.aidufei.otoService.PlayEvent@41587248
D/OtOService( 2508): --resourceCode: null --ShiftTime:0 --timeCode:0 --delay: 0
E/ServerAdapter( 2508): ServerAdapter:0
E/ServerHandler( 2508): Send:com.aidufei.protocol.oto.OtOStatusRequest@42b18420
D/ServerHandler( 2508): ServerHandler send request:103:{"ResourceInfo":{"ShiftEnd":0,"TimeCode":0,"PlayType":3,"ResourceName":"","ProductCode":"","ShiftTime":0,"ResourceCode":""},"Status":{"ReturnCode":100,"Description":"ok"},"PlayStatus":0,"Volume":0}
V/ServerHandler( 2508): ServerHandler send DatagramPacket:/192.168.1.194-[B@42b195f0
D/OtOService( 2508): send callback obj: com.aidufei.otoService.IServiceCallBack$Stub$Proxy@4187d9d8
E/ServerAdapter( 2508): ServerAdapter:0
E/ServerHandler( 2508): Send:com.aidufei.protocol.oto.OtOStatusRequest@42b19eb8
D/ServerHandler( 2508): ServerHandler send request:103:{"Status":{"ReturnCode":99,"Description":"status sync processing"},"PlayStatus":0,"Volume":0}
V/ServerHandler( 2508): ServerHandler send DatagramPacket:/192.168.1.194-[B@42b1ac30
E/ServerHandler( 2508): receiveRequest
V/OtORequest( 2508): parseCommand
V/OtORequest( 2508): get command=103
V/OtORequest( 2508): parse OtORequest: cmd=103 paramLength=0 bufferlen=8
D/OtOService( 2508): client request get status.playType:2
D/OtOService( 2508): callback N: 1
D/OtOService( 2508): send callback: 101
D/dvb_ServiceAdapter( 4445): dvb_ResultCallBack: what:101   arg1:0
D/OtOService( 2508): VOB　sync :com.aidufei.otoService.PlayEvent@4155cbd8
D/OtOService( 2508): --resourceCode: null --ShiftTime:0 --timeCode:0 --delay: 0
E/ServerAdapter( 2508): ServerAdapter:0
E/ServerHandler( 2508): Send:com.aidufei.protocol.oto.OtOStatusRequest@42b1b860
D/ServerHandler( 2508): ServerHandler send request:103:{"ResourceInfo":{"ShiftEnd":0,"TimeCode":0,"PlayType":3,"ResourceName":"","ProductCode":"","ShiftTime":0,"ResourceCode":""},"Status":{"ReturnCode":100,"Description":"ok"},"PlayStatus":0,"Volume":0}
V/ServerHandler( 2508): ServerHandler send DatagramPacket:/192.168.1.194-[B@42b1c998
D/OtOService( 2508): send callback obj: com.aidufei.otoService.IServiceCallBack$Stub$Proxy@4187d9d8
E/ServerAdapter( 2508): ServerAdapter:0
E/ServerHandler( 2508): Send:com.aidufei.protocol.oto.OtOStatusRequest@42b1d260
D/ServerHandler( 2508): ServerHandler send request:103:{"Status":{"ReturnCode":99,"Description":"status sync processing"},"PlayStatus":0,"Volume":0}
V/ServerHandler( 2508): ServerHandler send DatagramPacket:/192.168.1.194-[B@42b1dfd8
D/MonitorCw880( 2565): currentRemoteHost is null ,continue
E/ServerHandler( 2508): receiveRequest
V/OtORequest( 2508): parseCommand
V/OtORequest( 2508): get command=103
V/OtORequest( 2508): parse OtORequest: cmd=103 paramLength=0 bufferlen=8
D/OtOService( 2508): client request get status.playType:2
D/OtOService( 2508): callback N: 1
D/OtOService( 2508): send callback: 101
D/dvb_ServiceAdapter( 4445): dvb_ResultCallBack: what:101   arg1:0
D/OtOService( 2508): VOB　sync :com.aidufei.otoService.PlayEvent@42b1e8a8
D/OtOService( 2508): --resourceCode: null --ShiftTime:0 --timeCode:0 --delay: 0
E/ServerAdapter( 2508): ServerAdapter:0
E/ServerHandler( 2508): Send:com.aidufei.protocol.oto.OtOStatusRequest@42b1ebd8
D/ServerHandler( 2508): ServerHandler send request:103:{"ResourceInfo":{"ShiftEnd":0,"TimeCode":0,"PlayType":3,"ResourceName":"","ProductCode":"","ShiftTime":0,"ResourceCode":""},"Status":{"ReturnCode":100,"Description":"ok"},"PlayStatus":0,"Volume":0}
V/ServerHandler( 2508): ServerHandler send DatagramPacket:/192.168.1.194-[B@42b1fdc8
D/OtOService( 2508): send callback obj: com.aidufei.otoService.IServiceCallBack$Stub$Proxy@4187d9d8
E/ServerAdapter( 2508): ServerAdapter:0
E/ServerHandler( 2508): Send:com.aidufei.protocol.oto.OtOStatusRequest@42b20690
D/ServerHandler( 2508): ServerHandler send request:103:{"Status":{"ReturnCode":99,"Description":"status sync processing"},"PlayStatus":0,"Volume":0}
V/ServerHandler( 2508): ServerHandler send DatagramPacket:/192.168.1.194-[B@42b21448
D/HomePlayerLib( 1626): hostaddress count is 1
D/dalvikvm( 1626): GC_CONCURRENT freed 2039K, 47% free 7246K/13635K, paused 2ms+4ms
D/dalvikvm( 1626): GC_CONCURRENT freed 1934K, 47% free 7248K/13635K, paused 2ms+4ms
D/dhcpcd  ( 5459): sending DHCP_DISCOVER with xid 0xe78507fb, next in 31.45 seconds
E/ServerHandler( 2508): receiveRequest
V/OtORequest( 2508): parseCommand
V/OtORequest( 2508): get command=103
V/OtORequest( 2508): parse OtORequest: cmd=103 paramLength=0 bufferlen=8
D/OtOService( 2508): client request get status.playType:2
D/OtOService( 2508): callback N: 1
D/OtOService( 2508): send callback: 101
D/dvb_ServiceAdapter( 4445): dvb_ResultCallBack: what:101   arg1:0
D/OtOService( 2508): VOB　sync :com.aidufei.otoService.PlayEvent@42b21d18
D/OtOService( 2508): --resourceCode: null --ShiftTime:0 --timeCode:0 --delay: 0
E/ServerAdapter( 2508): ServerAdapter:0
E/ServerHandler( 2508): Send:com.aidufei.protocol.oto.OtOStatusRequest@42b220f8
D/ServerHandler( 2508): ServerHandler send request:103:{"ResourceInfo":{"ShiftEnd":0,"TimeCode":0,"PlayType":3,"ResourceName":"","ProductCode":"","ShiftTime":0,"ResourceCode":""},"Status":{"ReturnCode":100,"Description":"ok"},"PlayStatus":0,"Volume":0}
V/ServerHandler( 2508): ServerHandler send DatagramPacket:/192.168.1.194-[B@42b232d8
D/OtOService( 2508): send callback obj: com.aidufei.otoService.IServiceCallBack$Stub$Proxy@4187d9d8
E/ServerAdapter( 2508): ServerAdapter:0
E/ServerHandler( 2508): Send:com.aidufei.protocol.oto.OtOStatusRequest@42b23ba0
D/ServerHandler( 2508): ServerHandler send request:103:{"Status":{"ReturnCode":99,"Description":"status sync processing"},"PlayStatus":0,"Volume":0}
V/ServerHandler( 2508): ServerHandler send DatagramPacket:/192.168.1.194-[B@42b24958
D/dalvikvm( 1626): GC_CONCURRENT freed 1993K, 46% free 7375K/13635K, paused 2ms+3ms
E/ServerHandler( 2508): receiveRequest
V/OtORequest( 2508): parseCommand
V/OtORequest( 2508): get command=103
V/OtORequest( 2508): parse OtORequest: cmd=103 paramLength=0 bufferlen=8
D/OtOService( 2508): client request get status.playType:2
D/OtOService( 2508): callback N: 1
D/OtOService( 2508): send callback: 101
D/dvb_ServiceAdapter( 4445): dvb_ResultCallBack: what:101   arg1:0
D/OtOService( 2508): VOB　sync :com.aidufei.otoService.PlayEvent@42b25228
D/OtOService( 2508): --resourceCode: null --ShiftTime:0 --timeCode:0 --delay: 0
E/ServerAdapter( 2508): ServerAdapter:0
E/ServerHandler( 2508): Send:com.aidufei.protocol.oto.OtOStatusRequest@42b25608
D/ServerHandler( 2508): ServerHandler send request:103:{"ResourceInfo":{"ShiftEnd":0,"TimeCode":0,"PlayType":3,"ResourceName":"","ProductCode":"","ShiftTime":0,"ResourceCode":""},"Status":{"ReturnCode":100,"Description":"ok"},"PlayStatus":0,"Volume":0}
V/ServerHandler( 2508): ServerHandler send DatagramPacket:/192.168.1.194-[B@42b26710
D/OtOService( 2508): send callback obj: com.aidufei.otoService.IServiceCallBack$Stub$Proxy@4187d9d8
E/ServerAdapter( 2508): ServerAdapter:0
E/ServerHandler( 2508): Send:com.aidufei.protocol.oto.OtOStatusRequest@42b26fd8
D/ServerHandler( 2508): ServerHandler send request:103:{"Status":{"ReturnCode":99,"Description":"status sync processing"},"PlayStatus":0,"Volume":0}
V/ServerHandler( 2508): ServerHandler send DatagramPacket:/192.168.1.194-[B@42b27d90
D/MonitorCw880( 2565): currentRemoteHost is null ,continue
E/ServerHandler( 2508): receiveRequest
V/OtORequest( 2508): parseCommand
V/OtORequest( 2508): get command=103
V/OtORequest( 2508): parse OtORequest: cmd=103 paramLength=0 bufferlen=8
D/OtOService( 2508): client request get status.playType:2
D/OtOService( 2508): callback N: 1
D/OtOService( 2508): send callback: 101
D/dvb_ServiceAdapter( 4445): dvb_ResultCallBack: what:101   arg1:0
D/OtOService( 2508): VOB　sync :com.aidufei.otoService.PlayEvent@42b28660
D/OtOService( 2508): --resourceCode: null --ShiftTime:0 --timeCode:0 --delay: 0
E/ServerAdapter( 2508): ServerAdapter:0
E/ServerHandler( 2508): Send:com.aidufei.protocol.oto.OtOStatusRequest@42b28a40
D/ServerHandler( 2508): ServerHandler send request:103:{"ResourceInfo":{"ShiftEnd":0,"TimeCode":0,"PlayType":3,"ResourceName":"","ProductCode":"","ShiftTime":0,"ResourceCode":""},"Status":{"ReturnCode":100,"Description":"ok"},"PlayStatus":0,"Volume":0}
V/ServerHandler( 2508): ServerHandler send DatagramPacket:/192.168.1.194-[B@42b29b48
D/OtOService( 2508): send callback obj: com.aidufei.otoService.IServiceCallBack$Stub$Proxy@4187d9d8
E/ServerAdapter( 2508): ServerAdapter:0
E/ServerHandler( 2508): Send:com.aidufei.protocol.oto.OtOStatusRequest@42b2a410
D/ServerHandler( 2508): ServerHandler send request:103:{"Status":{"ReturnCode":99,"Description":"status sync processing"},"PlayStatus":0,"Volume":0}
V/ServerHandler( 2508): ServerHandler send DatagramPacket:/192.168.1.194-[B@42b2b1c8
E/ServerHandler( 2508): receiveRequest
V/OtORequest( 2508): parseCommand
V/OtORequest( 2508): get command=103
V/OtORequest( 2508): parse OtORequest: cmd=103 paramLength=0 bufferlen=8
D/OtOService( 2508): client request get status.playType:2
D/OtOService( 2508): callback N: 1
D/OtOService( 2508): send callback: 101
D/dvb_ServiceAdapter( 4445): dvb_ResultCallBack: what:101   arg1:0
D/OtOService( 2508): VOB　sync :com.aidufei.otoService.PlayEvent@42b2ba98
D/OtOService( 2508): --resourceCode: null --ShiftTime:0 --timeCode:0 --delay: 0
E/ServerAdapter( 2508): ServerAdapter:0
E/ServerHandler( 2508): Send:com.aidufei.protocol.oto.OtOStatusRequest@42b2be78
D/ServerHandler( 2508): ServerHandler send request:103:{"ResourceInfo":{"ShiftEnd":0,"TimeCode":0,"PlayType":3,"ResourceName":"","ProductCode":"","ShiftTime":0,"ResourceCode":""},"Status":{"ReturnCode":100,"Description":"ok"},"PlayStatus":0,"Volume":0}
V/ServerHandler( 2508): ServerHandler send DatagramPacket:/192.168.1.194-[B@42b2cf78
D/OtOService( 2508): send callback obj: com.aidufei.otoService.IServiceCallBack$Stub$Proxy@4187d9d8
E/ServerAdapter( 2508): ServerAdapter:0
E/ServerHandler( 2508): Send:com.aidufei.protocol.oto.OtOStatusRequest@42b2d840
D/ServerHandler( 2508): ServerHandler send request:103:{"Status":{"ReturnCode":99,"Description":"status sync processing"},"PlayStatus":0,"Volume":0}
V/ServerHandler( 2508): ServerHandler send DatagramPacket:/192.168.1.194-[B@42b2e5f8
D/MonitorCw880( 2565): currentRemoteHost is null ,continue
E/ServerHandler( 2508): receiveRequest
V/OtORequest( 2508): parseCommand
V/OtORequest( 2508): get command=103
V/OtORequest( 2508): parse OtORequest: cmd=103 paramLength=0 bufferlen=8
D/OtOService( 2508): client request get status.playType:2
D/OtOService( 2508): callback N: 1
D/OtOService( 2508): send callback: 101
D/dvb_ServiceAdapter( 4445): dvb_ResultCallBack: what:101   arg1:0
D/OtOService( 2508): VOB　sync :com.aidufei.otoService.PlayEvent@42b2eec8
D/OtOService( 2508): --resourceCode: null --ShiftTime:0 --timeCode:0 --delay: 0
E/ServerAdapter( 2508): ServerAdapter:0
E/ServerHandler( 2508): Send:com.aidufei.protocol.oto.OtOStatusRequest@42b2f2a8
D/ServerHandler( 2508): ServerHandler send request:103:{"ResourceInfo":{"ShiftEnd":0,"TimeCode":0,"PlayType":3,"ResourceName":"","ProductCode":"","ShiftTime":0,"ResourceCode":""},"Status":{"ReturnCode":100,"Description":"ok"},"PlayStatus":0,"Volume":0}
V/ServerHandler( 2508): ServerHandler send DatagramPacket:/192.168.1.194-[B@420ba488
D/OtOService( 2508): send callback obj: com.aidufei.otoService.IServiceCallBack$Stub$Proxy@4187d9d8
E/ServerAdapter( 2508): ServerAdapter:0
E/ServerHandler( 2508): Send:com.aidufei.protocol.oto.OtOStatusRequest@42b30d88
D/ServerHandler( 2508): ServerHandler send request:103:{"Status":{"ReturnCode":99,"Description":"status sync processing"},"PlayStatus":0,"Volume":0}
V/ServerHandler( 2508): ServerHandler send DatagramPacket:/192.168.1.194-[B@42b31c60
E/ServerHandler( 2508): receiveRequest
V/OtORequest( 2508): parseCommand
V/OtORequest( 2508): get command=102
V/OtORequest( 2508): parse OtORequest: cmd=102 paramLength=0 bufferlen=8
D/OtOService( 2508): client request pull back movie.
D/OtOService( 2508): callback N: 1
D/OtOService( 2508): send callback: 100
D/dvb_ServiceAdapter( 4445): dvb_ResultCallBack: what:100   arg1:0
I/DVB_main( 4445): onPause
I/DVB_main( 4445): exit, Send broadcast playtype is 0
D/dvb_ServiceAdapter( 4445): +++++++++delay++++++0+++++ShiftTime+++++0++++ShiftEnd++++0++++TimeCode++++0++++PlayType+++2+++++TransportStreamId+++++10063
D/OtOService( 2508): pull playEvent:com.aidufei.otoService.PlayEvent@42b32500
D/OtOService( 2508): --resourceCode: 10063 --ShiftTime:0 --timeCode:0 --delay: 1500
D/OtOService( 2508): pull playEvent getResourceCode:10063
I/dvb_OTTPlayer( 4445): [stop] stop
D/OtOService( 2508): TVContentReceiver: ACTION_TV_CONTENT_CHANGED, playType: 0 ,resourceCode: null
D/OtOService( 2508): pull playEvent getShiftTime:0
I/dvb_LoadTips( 4445): [gethandler] objInstance:com.coship.dvbplayer.LoadTips@42dcd970
I/dvb_LoadTips( 4445): [gethandler] objInstance  mHandler:Handler (com.coship.dvbplayer.LoadTips$1) {417a4650}
I/dvb_LoadTips( 4445): [gethandler] objInstance:com.coship.dvbplayer.LoadTips@42dcd970
I/dvb_LoadTips( 4445): [gethandler] objInstance  mHandler:Handler (com.coship.dvbplayer.LoadTips$1) {417a4650}
D/OtOService( 2508): pull playEvent getShiftEnd:0
D/ServerAdapter( 2508): Server addr: http://wasu.feifeikan.com:8080/
E/ServerHandler( 2508): Send:com.aidufei.protocol.oto.OtOContentRequest@42b32da8
D/ServerHandler( 2508): ServerHandler send request:200:{"Status":{"ReturnCode":100,"Description":"TVContentChanged"},"ServerAddr":"http:\/\/wasu.feifeikan.com:8080\/","Volume":-1}
V/ServerHandler( 2508): ServerHandler send DatagramPacket:/192.168.1.194-[B@42b33f28
E/ServerHandler( 2508): Send:com.aidufei.protocol.oto.OtOPullRequest@42b34460
D/ServerHandler( 2508): ServerHandler send request:102:{"ResourceInfo":{"ShiftEnd":0,"TimeCode":0,"PlayType":3,"ResourceName":"","ProductCode":"","ShiftTime":0,"ResourceCode":"10063"},"Status":{"ReturnCode":100,"Description":""}}
V/ServerHandler( 2508): ServerHandler send DatagramPacket:/192.168.1.194-[B@420ae380
D/OtOService( 2508): send callback obj: com.aidufei.otoService.IServiceCallBack$Stub$Proxy@4187d9d8
E/ServerHandler( 2508): Send:com.aidufei.protocol.oto.OtOPullRequest@42b35c60
D/ServerHandler( 2508): ServerHandler send request:102:{"Status":{"ReturnCode":99,"Description":"processing"}}
V/ServerHandler( 2508): ServerHandler send DatagramPacket:/192.168.1.194-[B@415805a8
I/dvb_LoadTips( 4445): [mHandler] ~~~~~~~~~~~~~~~~~~~~~~~~~mHandler:Handler (com.coship.dvbplayer.LoadTips$1) {417a4650} msg.what:5 msg.obj:null
W/InputManagerService(  953): Starting input on non-focused client com.android.internal.view.IInputMethodClient$Stub$Proxy@41652648 (uid=10032 pid=4445)
E/dvb_OTTPlayer( 4445): [surfaceDestroyed]  holder:android.view.SurfaceView$4@41401918
I/DVB_main( 4445): onDestroy
D/dvb_ServiceAdapter( 4445): onDestroy.
V/OtOService( 2508): unregisterCallback:
I/dvb_OTTPlayer( 4445): [stop] stop
E/dvb_OTTPlayer( 4445): [stop] ERROR:mediaplayer is null
I/dvb_LoadTips( 4445): [gethandler] objInstance:com.coship.dvbplayer.LoadTips@42dcd970
I/dvb_LoadTips( 4445): [gethandler] objInstance  mHandler:Handler (com.coship.dvbplayer.LoadTips$1) {417a4650}
I/dvb_LoadTips( 4445): [gethandler] objInstance:com.coship.dvbplayer.LoadTips@42dcd970
I/dvb_LoadTips( 4445): [gethandler] objInstance  mHandler:Handler (com.coship.dvbplayer.LoadTips$1) {417a4650}
D/dalvikvm( 4445): GC_EXPLICIT freed 1123K, 19% free 28128K/34691K, paused 4ms+5ms
E/StrictMode( 4445): class com.coship.dvbplayer.main; instances=2; limit=1
E/StrictMode( 4445): android.os.StrictMode$InstanceCountViolation: class com.coship.dvbplayer.main; instances=2; limit=1
E/StrictMode( 4445):    at android.os.StrictMode.setClassInstanceLimit(StrictMode.java:1)
E/WindowManager( 4445): Activity com.coship.dvbplayer.main has leaked window com.android.internal.policy.impl.PhoneWindow$DecorView@42fdcda0 that was originally added here
E/WindowManager( 4445): android.view.WindowLeaked: Activity com.coship.dvbplayer.main has leaked window com.android.internal.policy.impl.PhoneWindow$DecorView@42fdcda0 that was originally added here
E/WindowManager( 4445):         at android.view.ViewRootImpl.<init>(ViewRootImpl.java:344)
E/WindowManager( 4445):         at android.view.WindowManagerImpl.addView(WindowManagerImpl.java:267)
E/WindowManager( 4445):         at android.view.WindowManagerImpl.addView(WindowManagerImpl.java:215)
E/WindowManager( 4445):         at android.view.WindowManagerImpl$CompatModeWrapper.addView(WindowManagerImpl.java:140)
E/WindowManager( 4445):         at android.view.Window$LocalWindowManager.addView(Window.java:537)
E/WindowManager( 4445):         at android.app.Dialog.show(Dialog.java:278)
E/WindowManager( 4445):         at android.app.AlertDialog$Builder.show(AlertDialog.java:932)
E/WindowManager( 4445):         at com.coship.dvbplayer.player.OTTPlayer.onError(OTTPlayer.java:484)
E/WindowManager( 4445):         at android.media.MediaPlayer$EventHandler.handleMessage(MediaPlayer.java:2155)
E/WindowManager( 4445):         at android.os.Handler.dispatchMessage(Handler.java:99)
E/WindowManager( 4445):         at android.os.Looper.loop(Looper.java:137)
E/WindowManager( 4445):         at android.app.ActivityThread.main(ActivityThread.java:4424)
E/WindowManager( 4445):         at java.lang.reflect.Method.invokeNative(Native Method)
E/WindowManager( 4445):         at java.lang.reflect.Method.invoke(Method.java:511)
E/WindowManager( 4445):         at com.android.internal.os.ZygoteInit$MethodAndArgsCaller.run(ZygoteInit.java:848)
E/WindowManager( 4445):         at com.android.internal.os.ZygoteInit.main(ZygoteInit.java:575)
E/WindowManager( 4445):         at dalvik.system.NativeStart.main(Native Method)
I/dvb_LoadTips( 4445): [mHandler] ~~~~~~~~~~~~~~~~~~~~~~~~~mHandler:Handler (com.coship.dvbplayer.LoadTips$1) {417a4650} msg.what:5 msg.obj:null
D/HomePlayerLib( 1626): hostaddress count is 1
D/dalvikvm( 1626): GC_CONCURRENT freed 2084K, 46% free 7397K/13635K, paused 2ms+3ms
D/dalvikvm( 1626): GC_CONCURRENT freed 2082K, 47% free 7362K/13635K, paused 3ms+4ms
D/dalvikvm( 1626): GC_CONCURRENT freed 2061K, 47% free 7340K/13635K, paused 3ms+3ms
D/MonitorCw880( 2565): currentRemoteHost is null ,continue
D/MonitorCw880( 2565): currentRemoteHost is null ,continue
D/HomePlayerLib( 1626): hostaddress count is 1
D/dalvikvm( 1626): GC_CONCURRENT freed 2042K, 47% free 7338K/13635K, paused 2ms+4ms
D/dalvikvm( 1626): GC_CONCURRENT freed 2043K, 47% free 7241K/13635K, paused 2ms+4ms
D/dalvikvm( 1626): GC_CONCURRENT freed 1941K, 46% free 7408K/13635K, paused 3ms+3ms
D/MonitorCw880( 2565): currentRemoteHost is null ,continue
E/ServerHandler( 2508): receiveRequest
V/OtORequest( 2508): parseCommand
V/OtORequest( 2508): get command=101
V/OtORequest( 2508): parse OtORequest: cmd=101 paramLength=114 bufferlen=122
V/OtORequest( 2508): parse param: param={"ResourceInfo":{"ProductCode":"","PlayType":2,"ResourceCode":"10063","ResourceName":""},"UserCode":"","SubID":""}bID":""}
E/ServerAdapter( 2508): onPlay ---------
E/ServerAdapter( 2508): onPlay =========
E/OtOService( 2508): client request play. info=com.aidufei.protocol.oto.ResourceInfo@42b37d68
D/OtOService( 2508): PLAY_VOB
V/OtOService( 2508): client request play. info.code()=10063
I/ActivityManager(  953): START {flg=0x58000000 cmp=com.coship.dvbplayer/.main (has extras)} from pid 2508
E/ServerAdapter( 2508): play
E/ServerHandler( 2508): Send:com.aidufei.protocol.oto.OtOPlayRequest@42b382a0
V/OtOPlayRequest( 2508): Play Request: {"ResourceInfo":{"ProductCode":"","PlayType":2,"ResourceCode":"10063","ResourceName":""},"Status":{"ReturnCode":100,"Description":"start to play"}}
D/ServerHandler( 2508): ServerHandler send request:101:{"ResourceInfo":{"ProductCode":"","PlayType":2,"ResourceCode":"10063","ResourceName":""},"Status":{"ReturnCode":100,"Description":"start to play"}}
V/OtOPlayRequest( 2508): Play Request: {"ResourceInfo":{"ProductCode":"","PlayType":2,"ResourceCode":"10063","ResourceName":""},"Status":{"ReturnCode":100,"Description":"start to play"}}
V/ServerHandler( 2508): ServerHandler send DatagramPacket:/192.168.1.194-[B@42b39a88
I/DVB_main( 4445): [onCreate] begin
D/OpenGLRenderer( 2508): Flushing caches (mode 1)
D/dvb_ServiceAdapter( 4445): start bind service.
I/dvb_OTTPlayer( 4445): [getInstance] begin..............
I/dvb_OTTPlayer( 4445): [init]  init begin .........
D/OpenGLRenderer( 2508): Flushing caches (mode 0)
D/OpenGLRenderer( 2508): Flushing caches (mode 0)
D/dalvikvm( 4445): GC_FOR_ALLOC freed 2249K, 21% free 27737K/34691K, paused 37ms
I/DVB_main( 4445): [checkbundle] channelResourceCode:10063 playType:2
I/DVB_main( 4445): [checkbundle]:   get channelResourceCode:10063++++++++++playType+++++++++++2
I/DVB_main( 4445): [handleIntent] get intent ,playType:2
I/message ( 4445): requestUrl  :http://wasu.feifeikan.com:8080/msis/getSystemTime?version=V001&terminalType=2&resolution=1280*720&authKey=9f2aa3c3a05d8276610141ecc406a4a0
I/message ( 4445): message  :{"ret":"0","retInfo":"","dateTime":"2013-04-08 15:41:00"}
I/System.out( 4445): message--->{"ret":"0","retInfo":"","dateTime":"2013-04-08 15:41:00"}
V/Tools   ( 4445): ++++++++++currentDate+++++++++2013-04-08 15:41:00
V/TimeShiftPlay( 4445): +++++nownmin+++++1365406860000
V/DVB_main( 4445): ++++delay+++0+++TimeShiftPlay.getInstance(this).getCurrentTime()+++1365406860++++timecode++++17
I/dvb_OTTPlayer( 4445): [getInstance] begin..............
I/dvb_OTTPlayer( 4445): [play] mediaplayer is null creat it .....
I/dvb_OTTPlayer( 4445): [initMediaplayer] new MediaPlayer END....  mediaplayer:android.media.MediaPlayer@42fd18a0
D/dvb_OTTPlayer( 4445): Send broadcast: channelCode 10063 type 2
I/dvb_OTTPlayer( 4445): [play] code :10063 name:
D/OtOService( 2508): TVContentReceiver: ACTION_TV_CONTENT_CHANGED, playType: 2 ,resourceCode: 10063
I/dvb_LoadTips( 4445): [gethandler] objInstance:com.coship.dvbplayer.LoadTips@4157a8c8
I/dvb_LoadTips( 4445): [gethandler] objInstance  mHandler:Handler (com.coship.dvbplayer.LoadTips$1) {415773e0}
I/dvb_LoadTips( 4445): [gethandler] objInstance:com.coship.dvbplayer.LoadTips@4157a8c8
I/dvb_LoadTips( 4445): [gethandler] objInstance  mHandler:Handler (com.coship.dvbplayer.LoadTips$1) {415773e0}
I/DVB_main( 4445): onStart
I/dvb_OTTPlayer( 4445): [GetPlayURLThread] begin code:10063
I/DVB_main( 4445): onResume
I/message ( 4445): requestUrl  :http://wasu.feifeikan.com:8080/msis/getPlayURL?version=V001&terminalType=2&resolution=1280*720&resourceCode=10063&productCode=&userCode=&playType=2&delay=0&shifttime=0&shiftend=0&timecode=0&authKey=2d364eaee9d92c1181b1832226c197a9
D/ServerAdapter( 2508): Server addr: http://wasu.feifeikan.com:8080/
E/ServerHandler( 2508): Send:com.aidufei.protocol.oto.OtOContentRequest@42b3a558
D/ServerHandler( 2508): ServerHandler send request:200:{"ResourceInfo":{"ProductCode":"","PlayType":2,"ResourceCode":"10063","ResourceName":""},"Status":{"ReturnCode":100,"Description":"TVContentChanged"},"ServerAddr":"http:\/\/wasu.feifeikan.com:8080\/","Volume":-1}
V/ServerHandler( 2508): ServerHandler send DatagramPacket:/192.168.1.194-[B@41b86610
I/dvb_OTTPlayer( 4445): [getInstance] begin..............
D/dvb_ServiceAdapter( 4445): serviceConnection:com.aidufei.otoService.IotoService$Stub$Proxy@4139d980
V/OtOService( 2508): registerCallback:com.aidufei.otoService.IServiceCallBack$Stub$Proxy@42b3be10
I/dvb_LoadTips( 4445): [mHandler] ~~~~~~~~~~~~~~~~~~~~~~~~~mHandler:Handler (com.coship.dvbplayer.LoadTips$1) {415773e0} msg.what:3 msg.obj:
V/TabletStatusBar( 1153): setLightsOn(true)
I/Process (  953): Sending signal. PID: 4445 SIG: 3
I/dalvikvm( 4445): threadid=3: reacting to signal 3
I/dalvikvm( 4445): Wrote stack traces to '/data/anr/traces.txt'
E/dvb_OTTPlayer( 4445): [surfaceCreated]  holder:android.view.SurfaceView$4@41684ae8
E/dvb_OTTPlayer( 4445): [surfaceChanged]  mediaplayer:android.media.MediaPlayer@42fd18a0
E/dvb_OTTPlayer( 4445): [surfaceChanged]  holder:android.view.SurfaceView$4@41684ae8  format:4  width:1280 height:720
E/dvb_OTTPlayer( 4445): [surfaceChanged]  mediaplayer:android.media.MediaPlayer@42fd18a0
I/message ( 4445): message  :{"ret":"0","palyURL":"http://live.feifeikan.com/live/coship,CCTV2.m3u8?fmt=x264_0k_mpegts&sora=1&sk=94E25E28EAD6AA96632567FAB2BBFFA4&UUID=e3d27059-b3c4-403d-bde0-e40b1f387fd7&userCode=default&userName=default&spCode=484581254562&productCode=2&resourceCode=10063&subId=123&resourceName=&authType=2","retInfo":""}
I/System.out( 4445): message--->{"ret":"0","palyURL":"http://live.feifeikan.com/live/coship,CCTV2.m3u8?fmt=x264_0k_mpegts&sora=1&sk=94E25E28EAD6AA96632567FAB2BBFFA4&UUID=e3d27059-b3c4-403d-bde0-e40b1f387fd7&userCode=default&userName=default&spCode=484581254562&productCode=2&resourceCode=10063&subId=123&resourceName=&authType=2","retInfo":""}
E/dvb_OTTPlayer( 4445): [GetPlayURLThread]  url:http://live.feifeikan.com/live/coship,CCTV2.m3u8?fmt=x264_0k_mpegts&sora=1&sk=94E25E28EAD6AA96632567FAB2BBFFA4&UUID=e3d27059-b3c4-403d-bde0-e40b1f387fd7&userCode=default&userName=default&spCode=484581254562&productCode=2&resourceCode=10063&subId=123&resourceName=&authType=2
I/dvb_OTTPlayer( 4445): [play] String path:http://live.feifeikan.com/live/coship,CCTV2.m3u8?fmt=x264_0k_mpegts&sora=1&sk=94E25E28EAD6AA96632567FAB2BBFFA4&UUID=e3d27059-b3c4-403d-bde0-e40b1f387fd7&userCode=default&userName=default&spCode=484581254562&productCode=2&resourceCode=10063&subId=123&resourceName=&authType=2
D/MediaPlayerService(  744):  Create MstarPlayer
D/MstarPlayer(  744): Create MstarPlayer:0x45880,Version:Release Mstar player lib Version:0015,Base CL:690305  Date:2012/11/06
D/MstarPlayer(  744): TV Local Time :  Mon Apr  8 15:40:58 2013
D/MstarPlayer(  744):  
D/MstarPlayer(  744): setInstance: 0x45880
D/MstarPlayer(  744): mstar player set listener
D/MstarPlayer(  744): MstarPlayer::initCheck
D/MediaPlayerService(  744): [12] setVideoSurfaceTexture(0x364b10)
D/MstarPlayer(  744): MstarPlayer::setVideoSurfaceTexture 
D/MstarPlayer(  744): open mHwcFifoFD = 21
D/MediaPlayerService(  744): [12] setVideoSurfaceTexture(0x235138)
D/MstarPlayer(  744): MstarPlayer::prepareAsync
I/ActivityManager(  953): Displayed com.coship.dvbplayer/.main: +697ms
D/MstarPlayer(  744): 
D/MstarPlayer(  744):  MstarPlayer::doSetDataSource
D/MstarPlayer(  744): MstarPlayer::clearAllSource
D/MstarPlayer(  744): 
D/MstarPlayer(  744):  MstarPlayer::doSetDataSource: url=http://live.feifeikan.com/live/coship,CCTV2.m3u8?fmt=x264_0k_mpegts&sora=1&sk=94E25E28EAD6AA96632567FAB2BBFFA4&UUID=e3d27059-b3c4-403d-bde0-e40b1f387fd7&userCode=default&userName=default&spCode=484581254562&productCode=2&resourceCode=10063&subId=123&resourceName=&authType=2
D/Downloader(  744): Release Mstar Content Source CL:493363  Date:2013/03/20
W/InputManagerService(  953): Starting input on non-focused client com.android.internal.view.IInputMethodClient$Stub$Proxy@414a6028 (uid=1000 pid=2508)
D/Downloader(  744): Curl Version:libcurl/7.21.7 OpenSSL/1.0.0e
D/Downloader(  744): [downloadThread]init a multi curl done.curlm:0x24438 pRingBuffer:0x39128
D/DataSource_M3U8(  744): [M3U8]ContentSource_M3U8 contruct done
D/DataSource_M3U8(  744): bg thread ready to run
D/DataSource_M3U8(  744): bg thread 238856
D/DataSource_M3U8(  744): [M3U8] try parseURLs=http://live.feifeikan.com/live/coship,CCTV2.m3u8?fmt=x264_0k_mpegts&sora=1&sk=94E25E28EAD6AA96632567FAB2BBFFA4&UUID=e3d27059-b3c4-403d-bde0-e40b1f387fd7&userCode=default&userName=default&spCode=484581254562&productCode=2&resourceCode=10063&subId=123&resourceName=&authType=2
D/DataSource_M3U8(  744): bg thread ready to run
D/Downloader(  744): [downloadThread]Downloader::removeTask  
D/Downloader(  744): Content-Length: 296
D/Downloader(  744): 
D/Downloader(  744): Content-Type: text/plain; charset=UTF-8
D/Downloader(  744): 
D/Downloader(  744): Downloadserver bandWidth:21333
D/Downloader(  744): Downloadserver bandWidth:21333
D/Downloader(  744): Downloadserver bandWidth:21333
D/Downloader(  744): Downloadserver bandWidth:21333
D/DataSource_M3U8(  744): parseURLs : waiting 90 ms 
D/DataSource_M3U8(  744):  mDownloadingTask.fileSize:296 
D/DataSource_M3U8(  744): [M3U8] file: NULL line 
D/DataSource_M3U8(  744): HLS=====>> Live Stream!!!!
D/DataSource_M3U8(  744):  bMultAlterBandwidthStream = 1  urlNum=1 
D/Downloader(  744): [downloadThread]background worker recv DOWNLOADER_COMMAND_REMOVE_TASK
D/Downloader(  744): [downloadThread]Downloader::removeTask  
D/Downloader(  744): [downloadThread]DOWNLOADER_COMMAND_REMOVE_TASK done
D/DataSource_M3U8(  744): [M3U8] try parseURLs=http://live.feifeikan.com/live/hls/1108.m3u8?fmt=x264_0k_mpegts&sora=1&sk=94E25E28EAD6AA96632567FAB2BBFFA4&UUID=e3d27059-b3c4-403d-bde0-e40b1f387fd7&userCode=default&userName=default&spCode=484581254562&productCode=2&resourceCode=10063&subId=123&resourceName=&authType=2
D/Downloader(  744): [downloadThread]Downloader::removeTask  
D/Downloader(  744): Content-Length: 143
D/Downloader(  744): 
D/Downloader(  744): Content-Type: text/plain; charset=UTF-8
D/Downloader(  744): 
D/Downloader(  744): Downloadserver bandWidth:3826
D/Downloader(  744): Downloadserver bandWidth:3826
D/Downloader(  744): Downloadserver bandWidth:3826
D/Downloader(  744): Downloadserver bandWidth:3826
D/DataSource_M3U8(  744): parseURLs : waiting 300 ms 
D/DataSource_M3U8(  744):  mDownloadingTask.fileSize:143 
D/DataSource_M3U8(  744): [M3U8]clear mFragements[0]
D/DataSource_M3U8(  744): [M3U8] file: NULL line 
D/DataSource_M3U8(  744): HLS=====>> Live Stream!!!!
D/DataSource_M3U8(  744): bSupportAutoChangeServer = 1 
D/DataSource_M3U8(  744): u32HLSSreamNum[0]===>u32BandWidth:800000 
D/DataSource_M3U8(  744): getHLSPlayListInex  DownloadBandWidth:3826   uInDex=0
D/DataSource_M3U8(  744): [M3U8]----->post cmd for start first url:http://live.feifeikan.com/live/hls/1108?slice=000006, knowedFileSize:0
D/Downloader(  744): [downloadThread]background worker recv DOWNLOADER_COMMAND_REMOVE_TASK
D/Downloader(  744): [downloadThread]Downloader::removeTask  
D/Downloader(  744): [downloadThread]DOWNLOADER_COMMAND_REMOVE_TASK done
D/MstarPlayer(  744): MstarPlayer::doPrepare
D/ContentSource(  744): sniffMP3
D/ContentSource(  744): sniffAAC
D/ContentSource(  744): sniffWMA
D/Downloader(  744): [downloadThread]Downloader::removeTask  
D/ContentSource(  744): sniffOGG
D/ContentSource(  744): sniffWAV
D/ContentSource(  744): sniffPCM
D/ContentSource(  744): sniffMP4
D/ContentSource(  744): sniffASF
D/ContentSource(  744): sniffFLV
D/ContentSource(  744): sniffMKV
D/ContentSource(  744): sniffAVI
D/ContentSource(  744): sniffMOV
D/ContentSource(  744): sniffTS
D/ContentSource(  744): sniffMPEG
D/ContentSource(  744): sniffRM
D/ContentSource(  744): sniffWMV
D/ContentSource(  744): sniffJpegAndMPO
D/ContentSource(  744): fast_avformat = 0
D/DataSource_M3U8(  744): u32HLSSreamNum[0]===>u32BandWidth:800000 
D/DataSource_M3U8(  744): getHLSPlayListInex  DownloadBandWidth:3826   uInDex=0
D/DataSource_M3U8(  744): 
D/DataSource_M3U8(  744): 
D/DataSource_M3U8(  744): 
D/DataSource_M3U8(  744): ============Begin to get playlist !!=====================
D/DataSource_M3U8(  744): 
D/DataSource_M3U8(  744): 
D/Downloader(  74[15329.228896] [irq_proc_open][373] -16
4): Content-Length: 600096
D/Downloader(  744): 
D/DataSource_M3U8(  744): 
D/DataSource_M3U8(  744):  seekAt : 0 
D/DataSource_M3U8(  744): 
D/DataSource_M3U8(  744):  seekAt : 0 
D/MstarPlayer(  744): create MSrv_MM_PlayerInterface
D/MstarPlayer(  744): ===> GET source FILE Size -1 
D/MstarPlayer(  744): play content is video
D/MMPlayer(  744): constructor: 0x3aa70
D/MMPlayer(  744): 
D/MMPlayer(  744): connect
D/MMPlayer(  744): 
D/MMPlayer(  744): getMMPlayerService
D/IMMPlayerService(  744): Send CONNECT
D/IMMPlayer(  744): Send INITIALIZE
I//lib/ld-linux.so.3(  748): V/MMPlayerService( 763 1051): MMPlayerService::connect(callingPid 744, client 0x2a189d60)
I//lib/ld-linux.so.3(  748): V/MMPlayerService( 763 1051): MMPlayerService::Client constructor(callingPid 744)
I//lib/ld-linux.so.3(  748): MMPlayerService::Client::MM_Initialize()
I//lib/ld-linux.so.3(  748): MSrv_MM_PhotoPlayer::Initialize().
I//lib/ld-linux.so.3(  748): mapi_cpcodec::Initialize(). eDecoderPath:2
I//lib/ld-linux.so.3(  748): MIU interval 0x60000000.
I//lib/ld-linux.so.3(  748): E_MMAP_ID_XC_MAIN_FB PA: 0x17bc1000, VA: 0x457ff000, size: 0x1800000, IsMIU0: 1.
I//lib/ld-linux.so.3(  748): E_MMAP_ID_PHOTO_SHAREMEM PA: 0x167bc000, VA: 0x443fa000, size: 0x400, IsMIU0: 1.
I//lib/ld-linux.so.3(  748): E_MMAP_ID_JPD_READ PA: 0x167bc400, VA: 0x443fa400, size: 0x50080, IsMIU0: 1.
I//lib/ld-linux.so.3(  748): E_MMAP_ID_JPD_WRITE PA: 0x1680c480, VA: 0x4444a480, size: 0x3fc000, IsMIU0: 1.
I//lib/ld-linux.so.3(  748): E_MMAP_ID_PHOTO_DISPLAY PA: 0x163c0000, VA: 0x43ffe000, size: 0x3fc000, IsMIU0: 1.
I//lib/ld-linux.so.3(  748): E_MMAP_ID_PHOTO_INTER PA: 0x16c08480, VA: 0x44846480, size: 0x630000, IsMIU0: 1.
I//lib/ld-linux.so.3(  748): E_MMAP_ID_PHOTO_MPO_INTER PA: 0x17238480, VA: 0x44e76480, size: 0x3fc000, IsMIU0: 1.
I//lib/ld-linux.so.3(  748): E_MMAP_ID_VDPLAYER_DATA PA: 0x163c0000, VA: 0x43ffe000, size: 0x1000, IsMIU0: 1.
I//lib/ld-linux.so.3(  748): E_MMAP_ID_VDPLAYER_BITSTREAM PA: 0x16d40000, VA: 0x4497e000, size: 0x400000, IsMIU0: 1.
I//lib/ld-linux.so.3(  748): E_MMAP_ID_VDPLAYER_BITSTREAM_EXT PA: 0x16940000, VA: 0x4457e000, size: 0x400000, IsMIU0: 1.
I//lib/ld-linux.so.3(  748): E_MMAP_ID_SUBTITLE PA: 0x16740000, VA: 0x4437e000, size: 0x1e0000, IsMIU0: 1.
I//lib/ld-linux.so.3(  748): E_MMAP_ID_MAD_DEC PA: 0x15c40000, VA: 0x4387e000, size: 0x280000, IsMIU0: 1.
I//lib/ld-linux.so.3(  748): E_MMAP_ID_VDEC_CPU PA: 0x1b800000, VA: 0x4943e000, size: 0x200000, IsMIU0: 1.
I//lib/ld-linux.so.3(  748): E_MMAP_ID_VDEC_FRAMEBUFFER PA: 0x1ba00000, VA: 0x4963e000, size: 0x1b00000, IsMIU0: 1.
I//lib/ld-linux.so.3(  748): E_MMAP_ID_VDEC_FRAMEBUFFERSD PA: 0x1ba00000, VA: 0x4963e000, size: 0x1b00000, IsMIU0: 1.
I//lib/ld-linux.so.3(  748): E_MMAP_ID_VDEC_BITSTREAM PA: 0x1d500000, VA: 0x4b13e000, size: 0x800000, IsMIU0: 1.
I//lib/ld-linux.so.3(  748): E_MMAP_ID_VDEC_MVC_FRAMEBUFFER PA: 0x1ba00000, VA: 0x4963e000, size: 0x2b00000, IsMIU0: 1.
I//lib/ld-linux.so.3(  748): E_MMAP_ID_VDEC_MVC_BITSTREAM PA: 0x1e500000, VA: 0x4c13e000, size: 0x1600000, IsMIU0: 1.
I//lib/ld-linux.so.3(  748): E_MMAP_ID_DMX_SECBUF PA: 0xd0000, VA: 0x4120e000, size: 0x70000, IsMIU0: 1.
I//lib/ld-linux.so.3(  748): Thread name: mapi_cpcodec.
I//lib/ld-linux.so.3(  748): ???????? Important,The MMAP ID(110) does not existed!, please check it...
I//lib/ld-linux.so.3(  748): ???????? Please update the right system configure...
I//lib/ld-linux.so.3(  748): ???????? Important,The MMAP ID(111) does not existed!, please check it...
I//lib/ld-linux.so.3(  748): ???????? Please update the right system configure...
I//lib/ld-linux.so.3(  748): Panel width: 1280, heigt: 720.
I//lib/ld-linux.so.3(  748): MPO SBS width: 1792, heigt: 504.
I//lib/ld-linux.so.3(  748): Output Buffer start: 0x4444a480, BUS address start: 0x5680c480, size: 0x3fc000.
I//lib/ld-linux.so.3(  748): Display Buffer start: 0x43ffe000, BUS address start: 0x563c0000, size: 0x3fc000.
I//lib/ld-linux.so.3(  748): Internal Buffer start: 0x44846480, BUS address start: 0x56c08480, size: 0x630000.
I//lib/ld-linux.so.3(  748): MPO Internal Buffer start: 0x44e76480, BUS address start: 0x57238480, size: 0x3fc000.
I//lib/ld-linux.so.3(  748): MSrv_MM_PhotoPlayer::Initialize() Done.
I//lib/ld-linux.so.3(  748): >>> MSrv_MM_VideoPlayer  Initialize 
I//lib/ld-linux.so.3(  748): mapi_cpcodec::Initialize(). eDecoderPath:2
I//lib/ld-linux.so.3(  748): ******Amplifier_TI5707_SWMute(0)
I//lib/ld-linux.so.3(  748): 5707write fail = 7
I//lib/ld-linux.so.3(  748): 5707write fail = 7
D/DataSource_M3U8(  744): 
D/DataSource_M3U8(  744):  connect Server :live.feifeikan.com
D/DataSource_M3U8(  744): parseM3U8 .......!
D/DataSource_M3U8(  744): 
D/DataSource_M3U8(  744):  do not update  mediaSequence : 0   url = http://live.feifeikan.com/live/hls/1108?slice=000006   
D/DataSource_M3U8(  744): 
D/DataSource_M3U8(  744):  do not update  mediaSequence : 0   url = http://live.feifeikan.com/live/hls/1108?slice=000007   
D/DataSource_M3U8(  744): 
D/DataSource_M3U8(  744):  do not update  mediaSequence : 0   url = http://live.feifeikan.com/live/hls/1108?slice=000008   
D/DataSource_M3U8(  744): [M3U8] file: NULL line 
D/DataSource_M3U8(  744): HLS=====>> Live Stream!!!!
I//lib/ld-linux.so.3(  748): 5707write fail = 7
I//lib/ld-linux.so.3(  748): 5707write fail = 7
I//lib/ld-linux.so.3(  748): 5707write fail = 6
I//lib/ld-linux.so.3(  748): Panel width: 01280, heigt: 720.
D/IMMPlayer(  744): Get ret:0
D/IMMPlayer(  744): Send PLAYER_COMMAND_ADD_EVENT_RECIPIENT_FPTR
D/IMMPlayer(  744): Get ret:1
D/IMMPlayer(  744): Send MM_SetPlayerTimeOutValue
D/IMMPlayer(  744): pTimeOutInfo->u32FileIOTimeOut:4294967295
D/IMMPlayer(  744): pTimeOutInfo->u32FileReadTimeOut:4294967295
D/IMMPlayer(  744): pTimeOutInfo->u32FileSeekTimeOut:4294967295
D/IMMPlayer(  744): pTimeOutInfo->u32DecodeCtrlTimeOut:4294967295
D/IMMPlayer(  744): pTimeOutInfo->u32ESBuffCtrlTimeOut:-1
D/IMMPlayer(  744): Get ret:0
D/IMMPlayer(  744): Send MM_CreateMediaItem
D/IMMPlayer(  744): stMedia.u32FileID:148536
D/IMMPlayer(  744): stMedia.u32FileSecondID:0
D/IMMPlayer(  744): stMedia.u32FileThirdID:0
D/IMMPlayer(  744): stMedia.u32FileFourthID:0
D/IMMPlayer(  744): stMedia.u64FileLength:18446744073709551615
D/IMMPlayer(  744): stMedia.eMediaType:2
D/IMMPlayer(  744): stMedia.eMediaFileType:2
D/IMMPlayer(  744): stMedia.eMediaCreateMode:0
D/IMMPlayer(  744): stMedia.u32CtlFlag:66
I//lib/ld-linux.so.3(  748): Thread name: MM_Audio.
I//lib/ld-linux.so.3(  748): Thread name: MM_Audio.
I//lib/ld-linux.so.3(  748): Video Item Info, file ID: 0x24438, file length: 0xffffffff 0xffffffff.
I//lib/ld-linux.so.3(  748): Output Resolution: DISPLAY_DACOUT_576P or DISPLAY_DACOUT_720P_50 or DISPLAY_DACOUT_1080P_50.
I//lib/ld-linux.so.3(  748): >>>GetDRMSetting From EEPROM
I//lib/ld-linux.so.3(  748): mapi_cpcodec::CreateMedia(): 15329215.
I//lib/ld-linux.so.3(  748): 1 File ID: 0x24438, 2 File ID: 0x0, 3 File ID: 0x0, 4 File ID: 0x0.
I//lib/ld-linux.so.3(  748): File size: 0xffffffff ffffffff.
I//lib/ld-linux.so.3(  748): Media Type: 0, File Type: 2, Create Mode: 0.
I//lib/ld-linux.so.3(  748): mapi_cpcodec::videoCreateMedia().
I//lib/ld-linux.so.3(  748): Reconfigure Buffer.
I//lib/ld-linux.so.3(  748): E_MMAP_ID_VDEC_FRAMEBUFFER PA: 0x1ba00000, VA: 0x4963e000, size: 0x1b00000, IsMIU0: 1.
I//lib/ld-linux.so.3(  748): E_MMAP_ID_VDEC_FRAMEBUFFERSD PA: 0x1ba00000, VA: 0x4963e000, size: 0x1b00000, IsMIU0: 1.
I//lib/ld-linux.so.3(  748): E_MMAP_ID_VDEC_BITSTREAM PA: 0x1d500000, VA: 0x4b13e000, size: 0x800000, IsMIU0: 1.
I//lib/ld-linux.so.3(  748): E_MMAP_ID_VDEC_MVC_FRAMEBUFFER PA: 0x1ba00000, VA: 0x4963e000, size: 0x2b00000, IsMIU0: 1.
I//lib/ld-linux.so.3(  748): E_MMAP_ID_VDEC_MVC_BITSTREAM PA: 0x1e500000, VA: 0x4c13e000, size: 0x1600000, IsMIU0: 1.
I//lib/ld-linux.so.3(  748): Copy TSP FW bin 2a196ef0 -> 4120e000; 4400
D/IMMPlayer(  744): Get ret:0
D/MstarPlayer(  744): media item 0x1
D/MstarPlayer(  744): MstarPlayer::doPrepare done
I//lib/ld-linux.so.3(  748): drop error frame.
I//lib/ld-linux.so.3(  748): pCodecMedia eFileType:2,eAppType:0 
I//lib/ld-linux.so.3(  748): default unseekable Stream mode config: Set preload size 0x4000
I//lib/ld-linux.so.3(  748): Stream mode. Set read header require size: MIN_REQUIRE_SIZE
I//lib/ld-linux.so.3(  748): Stream mode. for ts,Set read header probe option: (E_VDP_READ_HEADER_PROBE_AUDIO_DISABLE | E_VDP_READ_HEADER_PROBE_DURATION_DISABLE)
I//lib/ld-linux.so.3(  748): >>>>  DRM start  DRM MODEL ID  0x3031
I//lib/ld-linux.so.3(  748): LoadDRMMemory();
I//lib/ld-linux.so.3(  748): Display Msg: 29.
I//lib/ld-linux.so.3(  748):  set Frame buffer info  MAX_FRAMENUM 4   MAX_FIELDNUM  16
I//lib/ld-linux.so.3(  748): Enable TS Subtitle codec state  1
I//lib/ld-linux.so.3(  748): [CI][HbbTV-VOD]<INFO>:[1365406858.736447] MM init start
I//lib/ld-linux.so.3(  748): videoCreateMedia Done.
I//lib/ld-linux.so.3(  748): Create CP Ccodec Video Media Done.
I//lib/ld-linux.so.3(  748): Device or resource busy
I//lib/ld-linux.so.3(  748): Cannot open interrupt descriptor for irq=147 Auth OK
I//lib/ld-linux.so.3(  748): Check S/W IP Statue
I//lib/ld-linux.so.3(  748): [0]:OFF; [1]:OFF; [2]:OFF; [3]:ON
I//lib/ld-linux.so.3(  748): [4]:OFF; [5]:OFF; [6]:OFF; [7]:OFF
I//lib/ld-linux.so.3(  748): [8]:OFF; [9]:OFF; [10]:OFF; [11]:ON
I//lib/ld-linux.so.3(  748): [12]:ON; [13]:OFF; [14]:OFF; [15]:OFF
I//lib/ld-linux.so.3(  748): [16]:OFF; [17]:OFF; [18]:OFF; [19]:ON
I//lib/ld-linux.so.3(  748): [20]:ON; [21]:ON; [22]:ON; [23]:ON
I//lib/ld-linux.so.3(  748): [24]:OFF; [25]:OFF; [26]:OFF; [27]:ON
I//lib/ld-linux.so.3(  748): [28]:ON; [29]:ON; [30]:ON; [31]:OFF
I//lib/ld-linux.so.3(  748): [32]:OFF; [33]:ON; [34]:ON; [35]:OFF
I//lib/ld-linux.so.3(  748): [36]:OFF; [37]:OFF; [38]:OFF; [39]:ON
I//lib/ld-linux.so.3(  748): [40]:ON; [41]:OFF; [42]:OFF; [43]:OFF
I//lib/ld-linux.so.3(  748): [44]:OFF; [45]:OFF; [46]:OFF; [47]:OFF
I//lib/ld-linux.so.3(  748): [48]:OFF; [49]:OFF; [50]:OFF; [51]:OFF
I//lib/ld-linux.so.3(  748): [52]:OFF; [53]:OFF; [54]:OFF; [55]:OFF
I//lib/ld-linux.so.3(  748): [56]:OFF; [57]:OFF; [58]:OFF; [59]:OFF
I//lib/ld-linux.so.3(  748): [60]:OFF; [61]:OFF; [62]:OFF; [63]:OFF
I//lib/ld-linux.so.3(  748): Subtitle File Open Fail !!
I//lib/ld-linux.so.3(  748): Attached File Open Fail !!
I//lib/ld-linux.so.3(  748): Audio File Fail!!
I//lib/ld-linux.so.3(  748): Blocking Read: 1, size: 0x1000.
D/MediaPlayerService(  744): [12] notify (0x31868, 3, 51, 0)
I//lib/ld-linux.so.3(  748): Blocking Read: 101, size: 0x8000.
I//lib/ld-linux.so.3(  748): File format : TS
D/DataSource_M3U8(  744): u32HLSSreamNum[0]===>u32BandWidth:800000 
D/DataSource_M3U8(  744): getHLSPlayListInex  DownloadBandWidth:3826   uInDex=0
D/DataSource_M3U8(  744): 
D/DataSource_M3U8(  744): 
D/DataSource_M3U8(  744): 
D/DataSource_M3U8(  744): ============Begin to get playlist !!=====================
D/DataSource_M3U8(  744): 
D/DataSource_M3U8(  744): 
D/DataSource_M3U8(  744): 
D/DataSource_M3U8(  744):  connect Server :live.feifeikan.com
D/DataSource_M3U8(  744): parseM3U8 .......!
D/DataSource_M3U8(  744): 
D/DataSource_M3U8(  744):  do not update  mediaSequence : 0   url = http://live.feifeikan.com/live/hls/1108?slice=000006   
D/DataSource_M3U8(  744): 
D/DataSource_M3U8(  744):  do not update  mediaSequence : 0   url = http://live.feifeikan.com/live/hls/1108?slice=000007   
D/DataSource_M3U8(  744): 
D/DataSource_M3U8(  744):  do not update  mediaSequence : 0   url = http://live.feifeikan.com/live/hls/1108?slice=000008   
D/DataSource_M3U8(  744): [M3U8] file: NULL line 
D/DataSource_M3U8(  744): HLS=====>> Live Stream!!!!
D/DataSource_M3U8(  744): u32HLSSreamNum[0]===>u32BandWidth:800000 
D/DataSource_M3U8(  744): getHLSPlayListInex  DownloadBandWidth:3826   uInDex=0
D/DataSource_M3U8(  744): 
D/DataSource_M3U8(  744): 
D/DataSource_M3U8(  744): 
D/DataSource_M3U8(  744): ============Begin to get playlist !!=====================
D/DataSource_M3U8(  744): 
D/DataSource_M3U8(  744): 
D/DataSource_M3U8(  744): 
D/DataSource_M3U8(  744):  connect Server :live.feifeikan.com
D/DataSource_M3U8(  744): parseM3U8 .......!
D/DataSource_M3U8(  744): 
D/DataSource_M3U8(  744):  do not update  mediaSequence : 0   url = http://live.feifeikan.com/live/hls/1108?slice=000006   
D/DataSource_M3U8(  744): 
D/DataSource_M3U8(  744):  do not update  mediaSequence : 0   url = http://live.feifeikan.com/live/hls/1108?slice=000007   
D/DataSource_M3U8(  744): 
D/DataSource_M3U8(  744):  do not update  mediaSequence : 0   url = http://live.feifeikan.com/live/hls/1108?slice=000008   
D/DataSource_M3U8(  744): [M3U8] file: NULL line 
D/DataSource_M3U8(  744): HLS=====>> Live Stream!!!!
D/DataSource_M3U8(  744): u32HLSSreamNum[0]===>u32BandWidth:800000 
D/DataSource_M3U8(  744): getHLSPlayListInex  DownloadBandWidth:3826   uInDex=0
D/DataSource_M3U8(  744): 
D/DataSource_M3U8(  744): 
D/DataSource_M3U8(  744): 
