E/NetlinkListener(   83): recvmsg mBuffer:
E/NetlinkListener(   83):  (remove@/devices/platform/MtkUsbHcd.2/usb3/3-1/3-1:1.0/host2/target2:0:0/2:0:0:0/block/sda/sda1)
W/Vold    (   83): subsys:block
D/NetlinkEvent(   83): NL param 'DEVPATH=/devices/platform/MtkUsbHcd.2/usb3/3-1/3-1:1.0/host2/target2:0:0/2:0:0:0/block/sda/sda1'
D/NetlinkEvent(   83): NL param 'MAJOR=8'
D/NetlinkEvent(   83): NL param 'MINOR=1'
D/NetlinkEvent(   83): NL param 'DEVNAME=sda1'
D/NetlinkEvent(   83): NL param 'DEVTYPE=partition'
D/NetlinkEvent(   83): NL param 'PARTN=1'
D/DirectVolume(   83): send msg for remove partition path.
W/Vold    (   83): get partition mount point:minor:1,mVolumeMinor:0-->/mnt/vold/usbdisk3/sda1
W/Vold    (   83):  
W/Vold    (   83): get partition mount point:minor:1,mVolumeMinor:0-->/mnt/vold/usbdisk3/sda1
W/Vold    (   83):  
D/DirectVolume(   83): Volume usbdisk3 /mnt/vold/usbdisk3/sda1 partition 8:1 removed
D/DirectVolume(   83): Volume usbdisk3 all partition  removed
W/Vold    (   83): get partition mount point:minor:1,mVolumeMinor:0-->/mnt/vold/usbdisk3/sda1
W/Vold    (   83):  
W/Vold    (   83): Get vold.firstMountDevice=usbdisk3 
W/Vold    (   83):  
E/DirectVolume(   83):  DeviceNodes:maj:main[8:1]
E/DirectVolume(   83):  mDiskNumParts=1
W/Vold    (   83): Get vold.firstMountDevice=usbdisk3 
W/Vold    (   83):  
D/Vold    (   83): Volume usbdisk3 state changing 4 (Mounted) -> 5 (Unmounting)
W/Vold    (   83): get partition mount point:minor:0,mVolumeMinor:0-->/mnt/vold/usbdisk3
W/Vold    (   83):  
W/Vold    (   83): get partition mount point:minor:0,mVolumeMinor:0-->/mnt/vold/usbdisk3
W/Vold    (   83):  
W/Vold    (   83): get partition mount point:minor:0,mVolumeMinor:0-->/mnt/vold/usbdisk3
W/Vold    (   83):  
D/Vold    (   83): Mountpoint(0) = /mnt/vold/usbdisk3, sChangeNotifyLabel = /mnt/sdcard
W/Vold    (   83): get partition mount point:minor:0,mVolumeMinor:0-->/mnt/vold/usbdisk3
W/Vold    (   83):  
I/MountService(  147): onEvent:: raw= 634 Volume usbdisk3 /mnt/vold/usbdisk3/sda1 partition unmounted (8:0) cooked =  634 Volume usbdisk3 /mnt/vold/usbdisk3/sda1 partition unmounted (8:0)
E/NetlinkListener(   84): recvmsg mBuffer:
E/NetlinkListener(   84):  (remove@/devices/virtual/bdi/8:0)
E/NetlinkListener(   84): recvmsg mBuffer:
E/NetlinkListener(   84):  (remove@/devices/platform/MtkUsbHcd.2/usb3/3-1/3-1:1.0/host2/target2:0:0/2:0:0:0/block/sda)
E/NetlinkListener(   84): recvmsg mBuffer:
E/NetlinkListener(   84):  (remove@/devices/platform/MtkUsbHcd.2/usb3/3-1/3-1:1.0/host2/target2:0:0/2:0:0:0)
E/NetlinkListener(   84): recvmsg mBuffer:
E/NetlinkListener(   84):  (remove@/devices/platform/MtkUsbHcd.2/usb3/3-1/3-1:1.0/host2/scsi_host/host2)
I/MountService(  147): StorageVolume [mAllowMassStorage=false, mDescription=åé¨å­å¨ç©ºé´, mEmulated=false, mMaxFileSize=0, mMtpReserveSpace=100, mPath=/mnt/sdcard, mRemovable=true, mStorageId=65537]
I/MountService(  147): StorageVolume [mAllowMassStorage=false, mDescription=USB å­å¨å¨, mEmulated=false, mMaxFileSize=0, mMtpReserveSpace=0, mPath=/mnt/vold/usbdisk1, mRemovable=true, mStorageId=131073]
I/MountService(  147): StorageVolume [mAllowMassStorage=false, mDescription=USB å­å¨å¨, mEmulated=false, mMaxFileSize=0, mMtpReserveSpace=0, mPath=/mnt/vold/usbdisk2, mRemovable=true, mStorageId=196609]
I/MountService(  147): StorageVolume [mAllowMassStorage=false, mDescription=USB å­å¨å¨, mEmulated=false, mMaxFileSize=0, mMtpReserveSpace=0, mPath=/mnt/vold/usbdisk3, mRemovable=true, mStorageId=262145]
I/MountService(  147): mVolume[3] disk: /mnt/vold/usbdisk3
I/MountService(  147): StorageVolume [mAllowMassStorage=false, mDescription=USB å­å¨å¨, mEmulated=false, mMaxFileSize=0, mMtpReserveSpace=0, mPath=/mnt/vold/satahdd, mRemovable=true, mStorageId=327681]
I/MountService(  147): sdcard path = null. usbdisk path =/mnt/vold/usbdisk1/sdb1
I/MountService(  147): sdcard path = null. usbdisk path =/mnt/vold/usbdisk1/sdb2
I/MountService(  147): sdcard path = null. usbdisk path =/mnt/vold/usbdisk1/sdb3
I/MountService(  147): onEvent:: raw= 632 Volume usbdisk3 /mnt/vold/usbdisk3/sda1 bad removal (8:1) cooked =  632 Volume usbdisk3 /mnt/vold/usbdisk3/sda1 bad removal (8:1)
I/MountService(  147): Sending unmounted event first
D/MountService(  147): volume state changed for /mnt/vold/usbdisk3/sda1 (bad_removal -> unmounted)
E/NetlinkListener(   84): recvmsg mBuffer:
E/NetlinkListener(   84):  (remove@/devices/platform/MtkUsbHcd.2/usb3/3-1/3-1:1.0/host2)
E/NetlinkListener(   84): recvmsg mBuffer:
E/NetlinkListener(   84):  (remove@/devices/platform/MtkUsbHcd.2/usb3/3-1/3-1:1.0)
I/MountService(  147): Sending media bad removal
D/MountService(  147): volume state changed for /mnt/vold/usbdisk3/sda1 (unmounted -> bad_removal)
E/NetlinkListener(   84): recvmsg mBuffer:
E/NetlinkListener(   84):  (remove@/devices/platform/MtkUsbHcd.2/usb3/3-1)
D/MountService(  147): sendStorageIntent Intent { act=android.intent.action.MEDIA_BAD_REMOVAL dat=file:///mnt/vold/usbdisk3/sda1 (has extras) }
I/MountService(  147): onEvent:: raw= 605 Volume usbdisk3 /mnt/vold/usbdisk3 state changed from 4 (Mounted) to 5 (Unmounting) cooked =  605 Volume usbdisk3 /mnt/vold/usbdisk3 state changed from 4 (Mounted) to 5 (Unmounting)
I/MountService(  147): notifyVolumeStateChanged::mounted
D/MountService(  147): sendStorageIntent Intent { act=android.intent.action.MEDIA_EJECT dat=file:///mnt/vold/usbdisk3 (has extras) }
W/Vold    (   83): get partition mount point:minor:1,mVolumeMinor:0-->/mnt/vold/usbdisk3/sda1
W/Vold    (   83):  
I/Vold    (   83): /mnt/secure/staging/.android_secure sucessfully unmounted
I/Vold    (   83): /mnt/secure/asec sucessfully unmounted
E/NetlinkListener(   84): recvmsg mBuffer:
E/NetlinkListener(   84):  (remove@/devices/virtual/bdi/8:1-fuseblk)
E/NetlinkListener(   84): recvmsg mBuffer:
E/NetlinkListener(   84):  (remove@/host2/target2:0:0)
I/Vold    (   83): /mnt/secure/staging sucessfully unmounted
E/Vold    (   83): remove dir (/mnt/vold/usbdisk3/sda1) successfully
W/Vold    (   83): get partition mount point:minor:0,mVolumeMinor:0-->/mnt/vold/usbdisk3
W/Vold    (   83):  
I/Vold    (   83): /mnt/vold/usbdisk3 unmounted sucessfully
W/Vold    (   83): Get vold.firstMountDevice=usbdisk3 
W/Vold    (   83):  
D/Vold    (   83): Volume usbdisk3 state changing 5 (Unmounting) -> 1 (Idle-Unmounted)
W/Vold    (   83): get partition mount point:minor:0,mVolumeMinor:0-->/mnt/vold/usbdisk3
W/Vold    (   83):  
W/Vold    (   83): get partition mount point:minor:0,mVolumeMinor:0-->/mnt/vold/usbdisk3
W/Vold    (   83):  
W/Vold    (   83): get partition mount point:minor:0,mVolumeMinor:0-->/mnt/vold/usbdisk3
W/Vold    (   83):  
D/Vold    (   83): Mountpoint(0) = /mnt/vold/usbdisk3, sChangeNotifyLabel = /mnt/sdcard
W/Vold    (   83): get partition mount point:minor:0,mVolumeMinor:0-->/mnt/vold/usbdisk3
W/Vold    (   83):  
D/DirectVolume(   83): Crisis averted
E/NetlinkListener(   83): recvmsg mBuffer:
E/NetlinkListener(   83):  (remove@/devices/virtual/bdi/8:0)
W/Vold    (   83): subsys:bdi
D/NetlinkEvent(   83): NL param 'DEVPATH=/devices/virtual/bdi/8:0'
E/NetlinkListener(   83): recvmsg mBuffer:
E/NetlinkListener(   83):  (remove@/devices/platform/MtkUsbHcd.2/usb3/3-1/3-1:1.0/host2/target2:0:0/2:0:0:0/block/sda)
W/Vold    (   83): subsys:block
D/NetlinkEvent(   83): NL param 'DEVPATH=/devices/platform/MtkUsbHcd.2/usb3/3-1/3-1:1.0/host2/target2:0:0/2:0:0:0/block/sda'
D/NetlinkEvent(   83): NL param 'MAJOR=8'
D/NetlinkEvent(   83): NL param 'MINOR=0'
D/NetlinkEvent(   83): NL param 'DEVNAME=sda'
D/NetlinkEvent(   83): NL param 'DEVTYPE=disk'
D/NetlinkEvent(   83): NL param 'NPARTS=0'
W/DirectVolume(   83): Get vold.firstMountDevice=usbdisk3 
W/DirectVolume(   83):  
W/Vold    (   83): get partition mount point:minor:0,mVolumeMinor:0-->/mnt/vold/usbdisk3
W/Vold    (   83):  
D/DirectVolume(   83): Volume usbdisk3 /mnt/vold/usbdisk3 disk 8:0 removed
W/Vold    (   83): get partition mount point:minor:0,mVolumeMinor:0-->/mnt/vold/usbdisk3
W/Vold    (   83):  
W/Vold    (   83): get partition mount point:minor:0,mVolumeMinor:0-->/mnt/vold/usbdisk3
W/Vold    (   83):  
W/Vold    (   83): get partition mount point:minor:0,mVolumeMinor:0-->/mnt/vold/usbdisk3
W/Vold    (   83):  
W/Vold    (   83): Get vold.firstMountDevice=usbdisk3 
W/Vold    (   83):  
D/Vold    (   83): Volume usbdisk3 state changing 1 (Idle-Unmounted) -> 0 (No-Media)
W/Vold    (   83): get partition mount point:minor:0,mVolumeMinor:0-->/mnt/vold/usbdisk3
W/Vold    (   83):  
W/Vold    (   83): get partition mount point:minor:0,mVolumeMinor:0-->/mnt/vold/usbdisk3
W/Vold    (   83):  
W/Vold    (   83): get partition mount point:minor:0,mVolumeMinor:0-->/mnt/vold/usbdisk3
W/Vold    (   83):  
D/Vold    (   83): Mountpoint(0) = /mnt/vold/usbdisk3, sChangeNotifyLabel = /mnt/sdcard
W/Vold    (   83): get partition mount point:minor:0,mVolumeMinor:0-->/mnt/vold/usbdisk3
W/Vold    (   83):  
W/Vold    (   83): get partition mount point:minor:1,mVolumeMinor:0-->/mnt/vold/usbdisk3/sda1
W/Vold    (   83):  
E/NetlinkListener(   83): recvmsg mBuffer:
E/NetlinkListener(   83):  (remove@/devices/platform/MtkUsbHcd.2/usb3/3-1/3-1:1.0/host2/target2:0:0/2:0:0:0)
W/Vold    (   83): subsys:scsi
D/NetlinkEvent(   83): NL param 'DEVPATH=/devices/platform/MtkUsbHcd.2/usb3/3-1/3-1:1.0/host2/target2:0:0/2:0:0:0'
D/NetlinkEvent(   83): NL param 'DEVTYPE=scsi_device'
D/NetlinkEvent(   83): NL param 'MODALIAS=scsi:t-0x00'
E/NetlinkListener(   83): recvmsg mBuffer:
E/NetlinkListener(   83):  (remove@/devices/platform/MtkUsbHcd.2/usb3/3-1/3-1:1.0/host2/scsi_host/host2)
W/Vold    (   83): subsys:scsi_host
D/NetlinkEvent(   83): NL param 'DEVPATH=/devices/platform/MtkUsbHcd.2/usb3/3-1/3-1:1.0/host2/scsi_host/host2'
E/NetlinkListener(   83): recvmsg mBuffer:
E/NetlinkListener(   83):  (remove@/devices/platform/MtkUsbHcd.2/usb3/3-1/3-1:1.0/host2)
W/Vold    (   83): subsys:scsi
D/NetlinkEvent(   83): NL param 'DEVPATH=/devices/platform/MtkUsbHcd.2/usb3/3-1/3-1:1.0/host2'
D/NetlinkEvent(   83): NL param 'DEVTYPE=scsi_host'
E/NetlinkListener(   83): recvmsg mBuffer:
E/NetlinkListener(   83):  (remove@/devices/platform/MtkUsbHcd.2/usb3/3-1/3-1:1.0)
W/Vold    (   83): subsys:usb
D/NetlinkEvent(   83): NL param 'DEVPATH=/devices/platform/MtkUsbHcd.2/usb3/3-1/3-1:1.0'
D/NetlinkEvent(   83): NL param 'DEVTYPE=usb_interface'
D/NetlinkEvent(   83): NL param 'DEVICE=/proc/bus/usb/003/003'
D/NetlinkEvent(   83): NL param 'PRODUCT=1058/1010/175'
D/NetlinkEvent(   83): NL param 'TYPE=0/0/0'
D/NetlinkEvent(   83): NL param 'INTERFACE=8/6/80'
D/NetlinkEvent(   83): NL param 'MODALIAS=usb:v1058p1010d0175dc00dsc00dp00ic08isc06ip50'
E/NetlinkListener(   83): recvmsg mBuffer:
E/NetlinkListener(   83):  (remove@/devices/platform/MtkUsbHcd.2/usb3/3-1)
W/Vold    (   83): subsys:usb
D/NetlinkEvent(   83): NL param 'DEVPATH=/devices/platform/MtkUsbHcd.2/usb3/3-1'
D/NetlinkEvent(   83): NL param 'MAJOR=189'
D/NetlinkEvent(   83): NL param 'MINOR=258'
D/NetlinkEvent(   83): NL param 'DEVNAME=bus/usb/003/003'
D/NetlinkEvent(   83): NL param 'DEVTYPE=usb_device'
D/NetlinkEvent(   83): NL param 'DEVICE=/proc/bus/usb/003/003'
D/NetlinkEvent(   83): NL param 'PRODUCT=1058/1010/175'
D/NetlinkEvent(   83): NL param 'TYPE=0/0/0'
D/NetlinkEvent(   83): NL param 'BUSNUM=003'
D/NetlinkEvent(   83): NL param 'DEVNUM=003'
E/NetlinkListener(   83): recvmsg mBuffer:
E/NetlinkListener(   83):  (remove@/devices/virtual/bdi/8:1-fuseblk)
W/Vold    (   83): subsys:bdi
D/NetlinkEvent(   83): NL param 'DEVPATH=/devices/virtual/bdi/8:1-fuseblk'
E/NetlinkListener(   83): recvmsg mBuffer:
E/NetlinkListener(   83):  (remove@/host2/target2:0:0)
W/Vold    (   83): subsys:scsi
D/NetlinkEvent(   83): NL param 'DEVPATH=/host2/target2:0:0'
D/NetlinkEvent(   83): NL param 'DEVTYPE=scsi_target'
I/MountService(  147): onEvent:: raw= 605 Volume usbdisk3 /mnt/vold/usbdisk3 state changed from 5 (Unmounting) to 1 (Idle-Unmounted) cooked =  605 Volume usbdisk3 /mnt/vold/usbdisk3 state changed from 5 (Unmounting) to 1 (Idle-Unmounted)
I/MountService(  147): notifyVolumeStateChanged::mounted
I/MountService(  147): updating volume state for media bad removal nofs and unmountable
D/MountService(  147): volume state changed for /mnt/vold/usbdisk3 (mounted -> unmounted)
D/MountService(  147): sendStorageIntent Intent { act=android.intent.action.MEDIA_UNMOUNTED dat=file:///mnt/vold/usbdisk3 (has extras) }
I/MountService(  147): onEvent:: raw= 631 Volume usbdisk3 /mnt/vold/usbdisk3 disk removed (8:0) cooked =  631 Volume usbdisk3 /mnt/vold/usbdisk3 disk removed (8:0)
I/MountService(  147): mStorageNum = 1
I/MountService(  147): key:/mnt/vold/usbdisk1
I/MountService(  147): value:mounted
I/MountService(  147): key:/mnt/sdcard
I/MountService(  147): value:removed
I/MountService(  147): key:/mnt/vold/satahdd
I/MountService(  147): value:removed
I/MountService(  147): key:/mnt/vold/usbdisk3/sda1
I/MountService(  147): value:bad_removal
I/MountService(  147): key:/mnt/vold/usbdisk3
I/MountService(  147): value:unmounted
I/MountService(  147): key:/mnt/vold/usbdisk2
I/MountService(  147): value:removed
I/MountService(  147): Sending unmounted event first
W/MountService(  147): Duplicate state transition (unmounted -> unmounted) for /mnt/vold/usbdisk3
D/MountService(  147): sendStorageIntent Intent { act=unmounted dat=file:///mnt/vold/usbdisk3 (has extras) }
I/MountService(  147): Sending media removed
D/MountService(  147): volume state changed for /mnt/vold/usbdisk3 (unmounted -> removed)
D/MountService(  147): sendStorageIntent Intent { act=android.intent.action.MEDIA_REMOVED dat=file:///mnt/vold/usbdisk3 (has extras) }
I/MountService(  147): onEvent:: raw= 605 Volume usbdisk3 /mnt/vold/usbdisk3 state changed from 1 (Idle-Unmounted) to 0 (No-Media) cooked =  605 Volume usbdisk3 /mnt/vold/usbdisk3 state changed from 1 (Idle-Unmounted) to 0 (No-Media)
I/MountService(  147): notifyVolumeStateChanged::removed
I/ActivityManager(  147): START {cmp=com.coship.Multimedia/.ImageWindow.ImageWindow (has extras)} from pid 917
E/NetlinkListener(   84): recvmsg mBuffer:
E/NetlinkListener(   84):  (add@/devices/platform/MtkUsbHcd.2/usb3/3-1)
E/NetlinkListener(   83): recvmsg mBuffer:
E/NetlinkListener(   83):  (add@/devices/platform/MtkUsbHcd.2/usb3/3-1)
W/Vold    (   83): subsys:usb
D/NetlinkEvent(   83): NL param 'DEVPATH=/devices/platform/MtkUsbHcd.2/usb3/3-1'
D/NetlinkEvent(   83): NL param 'MAJOR=189'
D/NetlinkEvent(   83): NL param 'MINOR=259'
D/NetlinkEvent(   83): NL param 'DEVNAME=bus/usb/003/004'
D/NetlinkEvent(   83): NL param 'DEVTYPE=usb_device'
D/NetlinkEvent(   83): NL param 'DEVICE=/proc/bus/usb/003/004'
D/NetlinkEvent(   83): NL param 'PRODUCT=bc2/2100/0'
D/NetlinkEvent(   83): NL param 'TYPE=0/0/0'
D/NetlinkEvent(   83): NL param 'BUSNUM=003'
D/NetlinkEvent(   83): NL param 'DEVNUM=004'
E/NetlinkListener(   84): recvmsg mBuffer:
E/NetlinkListener(   84):  (add@/devices/platform/MtkUsbHcd.2/usb3/3-1/3-1:1.0)
E/NetlinkListener(   83): recvmsg mBuffer:
E/NetlinkListener(   83):  (add@/devices/platform/MtkUsbHcd.2/usb3/3-1/3-1:1.0)
W/Vold    (   83): subsys:usb
D/NetlinkEvent(   83): NL param 'DEVPATH=/devices/platform/MtkUsbHcd.2/usb3/3-1/3-1:1.0'
D/NetlinkEvent(   83): NL param 'DEVTYPE=usb_interface'
D/NetlinkEvent(   83): NL param 'DEVICE=/proc/bus/usb/003/004'
<FACTORY>send message failed -1 @L151
<AND_STUB>ERROR!!,recv AND_STUB_KEY_MSG 
<AND_STUB>private message id is 0
D/NetlinkEvent(   83): NL param 'PRODUCT=bc2/2100/0'
D/NetlinkEvent(   83): NL param 'TYPE=0/0/0'
D/NetlinkEvent(   83): NL param 'INTERFACE=8/6/80'
D/NetlinkEvent(   83): NL param 'MODALIAS=usb:v0BC2p2100d0000dc00dsc00dp00ic08isc06ip50'
E/NetlinkListener(   84): recvmsg mBuffer:
E/NetlinkListener(   84):  (add@/devices/platform/MtkUsbHcd.2/usb3/3-1/3-1:1.0/host4)
E/NetlinkListener(   84): recvmsg mBuffer:
E/NetlinkListener(   84):  (add@/devices/platform/MtkUsbHcd.2/usb3/3-1/3-1:1.0/host4/scsi_host/host4)
E/NetlinkListener(   83): recvmsg mBuffer:
E/NetlinkListener(   83):  (add@/devices/platform/MtkUsbHcd.2/usb3/3-1/3-1:1.0/host4)
W/Vold    (   83): subsys:scsi
D/NetlinkEvent(   83): NL param 'DEVPATH=/devices/platform/MtkUsbHcd.2/usb3/3-1/3-1:1.0/host4'
D/NetlinkEvent(   83): NL param 'DEVTYPE=scsi_host'
E/NetlinkListener(   83): recvmsg mBuffer:
E/NetlinkListener(   83):  (add@/devices/platform/MtkUsbHcd.2/usb3/3-1/3-1:1.0/host4/scsi_host/host4)
W/Vold    (   83): subsys:scsi_host
D/NetlinkEvent(   83): NL param 'DEVPATH=/devices/platform/MtkUsbHcd.2/usb3/3-1/3-1:1.0/host4/scsi_host/host4'
E/NetlinkListener(   83): recvmsg mBuffer:
E/NetlinkListener(   83):  (add@/devices/platform/MtkUsbHcd.2/usb3/3-1/3-1:1.0/host4/target4:0:0)
W/Vold    (   83): subsys:scsi
D/NetlinkEvent(   83): NL param 'DEVPATH=/devices/platform/MtkUsbHcd.2/usb3/3-1/3-1:1.0/host4/target4:0:0'
D/NetlinkEvent(   83): NL param 'DEVTYPE=scsi_target'
E/NetlinkListener(   84): recvmsg mBuffer:
E/NetlinkListener(   84):  (add@/devices/platform/MtkUsbHcd.2/usb3/3-1/3-1:1.0/host4/target4:0:0)
E/NetlinkListener(   84): recvmsg mBuffer:
E/NetlinkListener(   84):  (add@/devices/platform/MtkUsbHcd.2/usb3/3-1/3-1:1.0/host4/target4:0:0/4:0:0:0)
E/NetlinkListener(   83): recvmsg mBuffer:
E/NetlinkListener(   83):  (add@/devices/platform/MtkUsbHcd.2/usb3/3-1/3-1:1.0/host4/target4:0:0/4:0:0:0)
W/Vold    (   83): subsys:scsi
D/NetlinkEvent(   83): NL param 'DEVPATH=/devices/platform/MtkUsbHcd.2/usb3/3-1/3-1:1.0/host4/target4:0:0/4:0:0:0'
D/NetlinkEvent(   83): NL param 'DEVTYPE=scsi_device'
D/NetlinkEvent(   83): NL param 'MODALIAS=scsi:t-0x00'
E/NetlinkListener(   84): recvmsg mBuffer:
E/NetlinkListener(   84):  (add@/devices/platform/MtkUsbHcd.2/usb3/3-1/3-1:1.0/host4/target4:0:0/4:0:0:0/scsi_disk/4:0:0:0)
E/NetlinkListener(   84): recvmsg mBuffer:
E/NetlinkListener(   84):  (add@/devices/platform/MtkUsbHcd.2/usb3/3-1/3-1:1.0/host4/target4:0:0/4:0:0:0/scsi_device/4:0:0:0)
E/NetlinkListener(   84): recvmsg mBuffer:
E/NetlinkListener(   84):  (add@/devices/platform/MtkUsbHcd.2/usb3/3-1/3-1:1.0/host4/target4:0:0/4:0:0:0/bsg/4:0:0:0)
E/NetlinkListener(   83): recvmsg mBuffer:
E/NetlinkListener(   83):  (add@/devices/platform/MtkUsbHcd.2/usb3/3-1/3-1:1.0/host4/target4:0:0/4:0:0:0/scsi_disk/4:0:0:0)
W/Vold    (   83): subsys:scsi_disk
D/NetlinkEvent(   83): NL param 'DEVPATH=/devices/platform/MtkUsbHcd.2/usb3/3-1/3-1:1.0/host4/target4:0:0/4:0:0:0/scsi_disk/4:0:0:0'
E/NetlinkListener(   83): recvmsg mBuffer:
E/NetlinkListener(   83):  (add@/devices/platform/MtkUsbHcd.2/usb3/3-1/3-1:1.0/host4/target4:0:0/4:0:0:0/scsi_device/4:0:0:0)
W/Vold    (   83): subsys:scsi_device
D/NetlinkEvent(   83): NL param 'DEVPATH=/devices/platform/MtkUsbHcd.2/usb3/3-1/3-1:1.0/host4/target4:0:0/4:0:0:0/scsi_device/4:0:0:0'
E/NetlinkListener(   83): recvmsg mBuffer:
E/NetlinkListener(   83):  (add@/devices/platform/MtkUsbHcd.2/usb3/3-1/3-1:1.0/host4/target4:0:0/4:0:0:0/bsg/4:0:0:0)
W/Vold    (   83): subsys:bsg
D/NetlinkEvent(   83): NL param 'DEVPATH=/devices/platform/MtkUsbHcd.2/usb3/3-1/3-1:1.0/host4/target4:0:0/4:0:0:0/bsg/4:0:0:0'
D/NetlinkEvent(   83): NL param 'MAJOR=253'
D/NetlinkEvent(   83): NL param 'MINOR=0'
D/NetlinkEvent(   83): NL param 'DEVNAME=bsg/4:0:0:0'
E/NetlinkListener(   84): recvmsg mBuffer:
E/NetlinkListener(   84):  (add@/devices/virtual/bdi/8:0)
E/NetlinkListener(   83): recvmsg mBuffer:
E/NetlinkListener(   83):  (add@/devices/virtual/bdi/8:0)
W/Vold    (   83): subsys:bdi
D/NetlinkEvent(   83): NL param 'DEVPATH=/devices/virtual/bdi/8:0'
E/NetlinkListener(   84): recvmsg mBuffer:
E/NetlinkListener(   84):  (add@/devices/platform/MtkUsbHcd.2/usb3/3-1/3-1:1.0/host4/target4:0:0/4:0:0:0/block/sda)
E/NetlinkListener(   84): recvmsg mBuffer:
E/NetlinkListener(   84):  (add@/devices/platform/MtkUsbHcd.2/usb3/3-1/3-1:1.0/host4/target4:0:0/4:0:0:0/block/sda/sda1)
E/NetlinkListener(   83): recvmsg mBuffer:
E/NetlinkListener(   83):  (add@/devices/platform/MtkUsbHcd.2/usb3/3-1/3-1:1.0/host4/target4:0:0/4:0:0:0/block/sda)
W/Vold    (   83): subsys:block
D/NetlinkEvent(   83): NL param 'DEVPATH=/devices/platform/MtkUsbHcd.2/usb3/3-1/3-1:1.0/host4/target4:0:0/4:0:0:0/block/sda'
D/NetlinkEvent(   83): NL param 'MAJOR=8'
D/NetlinkEvent(   83): NL param 'MINOR=0'
D/NetlinkEvent(   83): NL param 'DEVNAME=sda'
D/NetlinkEvent(   83): NL param 'DEVTYPE=disk'
D/NetlinkEvent(   83): NL param 'NPARTS=1'
W/DirectVolume(   83): Get vold.firstMountDevice=usbdisk3 
W/DirectVolume(   83):  
D/DirectVolume(   83): Dv::diskIns - waiting for 1 partitions (mask 0x2).mVolumeMinor=0
W/Vold    (   83): Get vold.firstMountDevice=usbdisk3 
W/Vold    (   83):  
D/Vold    (   83): Volume usbdisk3 state changing 0 (No-Media) -> 2 (Pending)
W/Vold    (   83): get partition mount point:minor:0,mVolumeMinor:0-->/mnt/vold/usbdisk3
W/Vold    (   83):  
W/Vold    (   83): get partition mount point:minor:0,mVolumeMinor:0-->/mnt/vold/usbdisk3
W/Vold    (   83):  
W/Vold    (   83): get partition mount point:minor:0,mVolumeMinor:0-->/mnt/vold/usbdisk3
W/Vold    (   83):  
D/Vold    (   83): Mountpoint(0) = /mnt/vold/usbdisk3, sChangeNotifyLabel = /mnt/sdcard
W/Vold    (   83): get partition mount point:minor:0,mVolumeMinor:0-->/mnt/vold/usbdisk3
W/Vold    (   83):  
W/Vold    (   83): get partition mount point:minor:0,mVolumeMinor:0-->/mnt/vold/usbdisk3
W/Vold    (   83):  
E/NetlinkListener(   83): recvmsg mBuffer:
E/NetlinkListener(   83):  (add@/devices/platform/MtkUsbHcd.2/usb3/3-1/3-1:1.0/host4/target4:0:0/4:0:0:0/block/sda/sda1)
W/Vold    (   83): subsys:block
D/NetlinkEvent(   83): NL param 'DEVPATH=/devices/platform/MtkUsbHcd.2/usb3/3-1/3-1:1.0/host4/target4:0:0/4:0:0:0/block/sda/sda1'
D/NetlinkEvent(   83): NL param 'MAJOR=8'
D/NetlinkEvent(   83): NL param 'MINOR=1'
D/NetlinkEvent(   83): NL param 'DEVNAME=sda1'
D/NetlinkEvent(   83): NL param 'DEVTYPE=partition'
D/NetlinkEvent(   83): NL param 'PARTN=1'
W/DirectVolume(   83): Get vold.firstMountDevice=usbdisk3 
W/DirectVolume(   83):  
D/DirectVolume(   83): Dv:partAdd: part_num = 1, minor = 1
W/Vold    (   83): get partition mount point:minor:0,mVolumeMinor:0-->/mnt/vold/usbdisk3
W/Vold    (   83):  
D/DirectVolume(   83): Dv:partAdd: partMountPoint=/mnt/vold/usbdisk3/sda1
W/Vold    (   83): add partition mount point:minor:1,mVolumeMinor:0-->/mnt/vold/usbdisk3/sda1
W/Vold    (   83):  
W/Vold    (   83): get partition mount point:minor:1,mVolumeMinor:0-->/mnt/vold/usbdisk3/sda1
W/Vold    (   83):  
I/MountService(  147): onEvent:: raw= 605 Volume usbdisk3 /mnt/vold/usbdisk3 state changed from 0 (No-Media) to 2 (Pending) cooked =  605 Volume usbdisk3 /mnt/vold/usbdisk3 state changed from 0 (No-Media) to 2 (Pending)
<FACTORY>send message failed -1 @L151
<AND_STUB>ERROR!!,recv AND_STUB_KEY_MSG 
<AND_STUB>private message id is 0
I/MountService(  147): notifyVolumeStateChanged::removed
I/MountService(  147): onEvent:: raw= 630 Volume usbdisk3 /mnt/vold/usbdisk3 disk inserted (8:0) cooked =  630 Volume usbdisk3 /mnt/vold/usbdisk3 disk inserted (8:0)
I/MountService(  147): key:/mnt/vold/usbdisk1
I/MountService(  147): value:mounted
I/MountService(  147): key:/mnt/sdcard
I/MountService(  147): value:removed
I/MountService(  147): key:/mnt/vold/satahdd
I/MountService(  147): value:removed
D/DirectVolume(   83): send msg for add partition path.
W/Vold    (   83): get partition mount point:minor:1,mVolumeMinor:0-->/mnt/vold/usbdisk3/sda1
W/Vold    (   83):  
I/MountService(  147): key:/mnt/vold/usbdisk3/sda1
I/MountService(  147): value:bad_removal
I/MountService(  147): key:/mnt/vold/usbdisk3
I/MountService(  147): value:removed
I/MountService(  147): key:/mnt/vold/usbdisk2
I/MountService(  147): value:removed
I/MountService(  147): mVolume[0]: /mnt/sdcard
I/MountService(  147): mVolume[1]: /mnt/vold/usbdisk1
I/MountService(  147): mVolume[2]: /mnt/vold/usbdisk2
I/MountService(  147): mVolume[3]: /mnt/vold/usbdisk3
I/MountService(  147): mVolume[4]: /mnt/vold/satahdd
W/Vold    (   83): get partition mount point:minor:1,mVolumeMinor:0-->/mnt/vold/usbdisk3/sda1
W/Vold    (   83):  
E/DirectVolume(   83): create mountPoint (/mnt/vold/usbdisk3/sda1) successfully
D/DirectVolume(   83): Dv:partAdd: Got all partitions - ready to rock!
W/Vold    (   83): Get vold.firstMountDevice=usbdisk3 
W/Vold    (   83):  
D/Vold    (   83): Volume usbdisk3 state changing 2 (Pending) -> 1 (Idle-Unmounted)
W/Vold    (   83): get partition mount point:minor:0,mVolumeMinor:0-->/mnt/vold/usbdisk3
W/Vold    (   83):  
W/Vold    (   83): get partition mount point:minor:0,mVolumeMinor:0-->/mnt/vold/usbdisk3
W/Vold    (   83):  
W/Vold    (   83): get partition mount point:minor:0,mVolumeMinor:0-->/mnt/vold/usbdisk3
W/Vold    (   83):  
D/Vold    (   83): Mountpoint(0) = /mnt/vold/usbdisk3, sChangeNotifyLabel = /mnt/sdcard
W/Vold    (   83): get partition mount point:minor:0,mVolumeMinor:0-->/mnt/vold/usbdisk3
W/Vold    (   83):  
I/MountService(  147): onEvent:: raw= 633 Volume usbdisk3 /mnt/vold/usbdisk3/sda1 partition mounted (8:0) cooked =  633 Volume usbdisk3 /mnt/vold/usbdisk3/sda1 partition mounted (8:0)
I/MountService(  147): StorageVolume [mAllowMassStorage=false, mDescription=åé¨å­å¨ç©ºé´, mEmulated=false, mMaxFileSize=0, mMtpReserveSpace=100, mPath=/mnt/sdcard, mRemovable=true, mStorageId=65537]
I/MountService(  147): StorageVolume [mAllowMassStorage=false, mDescription=USB å­å¨å¨, mEmulated=false, mMaxFileSize=0, mMtpReserveSpace=0, mPath=/mnt/vold/usbdisk1, mRemovable=true, mStorageId=131073]
I/MountService(  147): StorageVolume [mAllowMassStorage=false, mDescription=USB å­å¨å¨, mEmulated=false, mMaxFileSize=0, mMtpReserveSpace=0, mPath=/mnt/vold/usbdisk2, mRemovable=true, mStorageId=196609]
I/MountService(  147): StorageVolume [mAllowMassStorage=false, mDescription=USB å­å¨å¨, mEmulated=false, mMaxFileSize=0, mMtpReserveSpace=0, mPath=/mnt/vold/usbdisk3, mRemovable=true, mStorageId=262145]
I/MountService(  147): mVolume[3] disk: /mnt/vold/usbdisk3
I/MountService(  147): mVolume[3] partition: /mnt/vold/usbdisk3/sda1
I/MountService(  147): StorageVolume [mAllowMassStorage=false, mDescription=USB å­å¨å¨, mEmulated=false, mMaxFileSize=0, mMtpReserveSpace=0, mPath=/mnt/vold/satahdd, mRemovable=true, mStorageId=327681]
I/MountService(  147): sdcard path = null. usbdisk path =/mnt/vold/usbdisk1/sdb1
I/MountService(  147): sdcard path = null. usbdisk path =/mnt/vold/usbdisk1/sdb2
I/MountService(  147): sdcard path = null. usbdisk path =/mnt/vold/usbdisk1/sdb3
I/MountService(  147): sdcard path = null. usbdisk path =/mnt/vold/usbdisk3/sda1
I/MountService(  147): doMountVolume: Mouting usbdisk3
I/MountService(  147): onEvent:: raw= 605 Volume usbdisk3 /mnt/vold/usbdisk3 state changed from 2 (Pending) to 1 (Idle-Unmounted) cooked =  605 Volume usbdisk3 /mnt/vold/usbdisk3 state changed from 2 (Pending) to 1 (Idle-Unmounted)
I/MountService(  147): notifyVolumeStateChanged::removed
I/MountService(  147): updating volume state for media bad removal nofs and unmountable
D/VoldCmdListener(   83): volume mount usbdisk3
W/Vold    (   83): get partition mount point:minor:0,mVolumeMinor:0-->/mnt/vold/usbdisk3
W/Vold    (   83):  
E/DirectVolume(   83):  DeviceNodes:maj:main[8:1]
E/DirectVolume(   83):  mDiskNumParts=1
E/Vold    (   83): flags=0,primaryStorage=0
D/MountService(  147): volume state changed for /mnt/vold/usbdisk3 (removed -> unmounted)
W/Vold    (   83): Get vold.firstMountDevice=usbdisk3 
W/Vold    (   83):  
D/Vold    (   83): Volume usbdisk3 state changing 1 (Idle-Unmounted) -> 3 (Checking)
W/Vold    (   83): get partition mount point:minor:0,mVolumeMinor:0-->/mnt/vold/usbdisk3
W/Vold    (   83):  
W/Vold    (   83): get partition mount point:minor:0,mVolumeMinor:0-->/mnt/vold/usbdisk3
W/Vold    (   83):  
W/Vold    (   83): get partition mount point:minor:0,mVolumeMinor:0-->/mnt/vold/usbdisk3
W/Vold    (   83):  
D/Vold    (   83): Mountpoint(0) = /mnt/vold/usbdisk3, sChangeNotifyLabel = /mnt/sdcard
W/Vold    (   83): get partition mount point:minor:0,mVolumeMinor:0-->/mnt/vold/usbdisk3
W/Vold    (   83):  
I/Vold    (   83): /dev/block/vold/8:1 being considered for volume usbdisk3
W/Vold    (   83): get partition mount point:minor:1,mVolumeMinor:0-->/mnt/vold/usbdisk3/sda1
W/Vold    (   83):  
I/Vold    (   83): /dev/block/vold/8:1 being considered mount to /mnt/vold/usbdisk3/sda1 for volume usbdisk3
D/MountService(  147): sendStorageIntent Intent { act=android.intent.action.MEDIA_UNMOUNTED dat=file:///mnt/vold/usbdisk3 (has extras) }
I/MountService(  147): onEvent:: raw= 605 Volume usbdisk3 /mnt/vold/usbdisk3 state changed from 1 (Idle-Unmounted) to 3 (Checking) cooked =  605 Volume usbdisk3 /mnt/vold/usbdisk3 state changed from 1 (Idle-Unmounted) to 3 (Checking)
E/Vold    (   83): mount error=22
I/Vold    (   83): Device /dev/block/vold/8:1, target /mnt/vold/usbdisk3/sda1 mounted @ /mnt/secure/staging failed. rc=-1
E/Vold    (   83): Failed to move mount /mnt/secure/staging -> /mnt/vold/usbdisk3/sda1 (Invalid argument)
E/Vold    (   83): Failed to move mount (Invalid argument),mountpath=/mnt/vold/usbdisk3/sda1
I/Vold    (   83): Try to mount /dev/block/vold/8:1 to /mnt/vold/usbdisk3/sda1(FS: ntfs, Flags:0X8E)...
I/Vold    (   83): ntfs-3g mount
I/MountService(  147): notifyVolumeStateChanged::unmounted
I/MountService(  147): updating volume state checking
D/MountService(  147): volume state changed for /mnt/vold/usbdisk3 (unmounted -> checking)
D/MountService(  147): sendStorageIntent Intent { act=android.intent.action.MEDIA_CHECKING dat=file:///mnt/vold/usbdisk3 (has extras) }
E/NetlinkListener(   84): recvmsg mBuffer:
E/NetlinkListener(   84):  (add@/devices/virtual/bdi/8:1-fuseblk)
E/NetlinkListener(   83): recvmsg mBuffer:
E/NetlinkListener(   83):  (add@/devices/virtual/bdi/8:1-fuseblk)
W/Vold    (   83): subsys:bdi
D/NetlinkEvent(   83): NL param 'DEVPATH=/devices/virtual/bdi/8:1-fuseblk'
I/Vold    (   83): return value: 0, error[22]: Invalid argument
I/Vold    (   83): mount /dev/block/vold/8:1 to /mnt/vold/usbdisk3/sda1 successful
W/Vold    (   83): get partition mount point:minor:1,mVolumeMinor:0-->/mnt/vold/usbdisk3/sda1
W/Vold    (   83):  
I/Vold    (   83): Device /dev/block/vold/8:1, target /mnt/vold/usbdisk3/sda1 mounted  successfully!
E/Vold    (   83): Volume usbdisk3 found mounting 1 partition sucessfully:(
W/Vold    (   83): Get vold.firstMountDevice=usbdisk3 
W/Vold    (   83):  
D/Vold    (   83): Volume usbdisk3 state changing 3 (Checking) -> 4 (Mounted)
W/Vold    (   83): get partition mount point:minor:0,mVolumeMinor:0-->/mnt/vold/usbdisk3
W/Vold    (   83):  
W/Vold    (   83): get partition mount point:minor:0,mVolumeMinor:0-->/mnt/vold/usbdisk3
W/Vold    (   83):  
W/Vold    (   83): get partition mount point:minor:0,mVolumeMinor:0-->/mnt/vold/usbdisk3
W/Vold    (   83):  
D/Vold    (   83): Mountpoint(0) = /mnt/vold/usbdisk3, sChangeNotifyLabel = /mnt/sdcard
W/Vold    (   83): get partition mount point:minor:0,mVolumeMinor:0-->/mnt/vold/usbdisk3
W/Vold    (   83):  
W/Vold    (   83): Returning OperationFailed - no handler for errno 22
I/MountService(  147): onEvent:: raw= 605 Volume usbdisk3 /mnt/vold/usbdisk3 state changed from 3 (Checking) to 4 (Mounted) cooked =  605 Volume usbdisk3 /mnt/vold/usbdisk3 state changed from 3 (Checking) to 4 (Mounted)
I/MountService(  147): notifyVolumeStateChanged::checking
I/MountService(  147): updating volume state mounted
D/MountService(  147): volume state changed for /mnt/vold/usbdisk3 (checking -> mounted)
W/MountService(  147): Insertion mount failed (-1)
I/MountService(  147): mStorageNum = 2
I/MountService(  147): key:/mnt/vold/usbdisk1
I/MountService(  147): value:mounted
I/MountService(  147): key:/mnt/sdcard
I/MountService(  147): value:removed
I/MountService(  147): key:/mnt/vold/satahdd
I/MountService(  147): value:removed
I/MountService(  147): key:/mnt/vold/usbdisk3/sda1
I/MountService(  147): value:bad_removal
I/MountService(  147): key:/mnt/vold/usbdisk3
I/MountService(  147): value:mounted
I/MountService(  147): key:/mnt/vold/usbdisk2
I/MountService(  147): value:removed
I/MountService(  147): mVolume[0]: /mnt/sdcard
I/MountService(  147): mVolume[1]: /mnt/vold/usbdisk1
I/MountService(  147): mPartitions[0]: /mnt/vold/usbdisk1/sdb1
I/MountService(  147): mPartitions[1]: /mnt/vold/usbdisk1/sdb2
I/MountService(  147): mPartitions[2]: /mnt/vold/usbdisk1/sdb3
I/MountService(  147): mVolume[2]: /mnt/vold/usbdisk2
I/MountService(  147): mVolume[3]: /mnt/vold/usbdisk3
I/MountService(  147): mPartitions[0]: /mnt/vold/usbdisk3/sda1
I/MountService(  147): mVolume[4]: /mnt/vold/satahdd
D/MountService(  147): sendStorageIntent Intent { act=android.intent.action.MEDIA_MOUNTED dat=file:///mnt/vold/usbdisk3 (has extras) }
I/ActivityManager(  147): START {cmp=com.coship.Multimedia/.ImageWindow.ImageShow} from pid 917
I/ActivityManager(  147): START {cmp=com.coship.Multimedia/.ImageWindow.ImageShow} from pid 917
I/ActivityManager(  147): START {cmp=com.coship.Multimedia/.ImageWindow.ImageWindow (has extras)} from pid 917
I/ActivityManager(  147): START {cmp=com.coship.Multimedia/.ImageWindow.ImageWindow (has extras)} from pid 917
I/ActivityManager(  147): START {cmp=com.coship.Multimedia/.ImageWindow.ImageWindow (has extras)} from pid 917
I/ActivityManager(  147): START {cmp=com.coship.Multimedia/.MusicWindow.MusicShow} from pid 917
I/ActivityManager(  147): START {cmp=com.coship.Multimedia/.MusicWindow.MusicWindow (has extras)} from pid 917
E/AndroidRuntime(  917): FATAL EXCEPTION: main
E/AndroidRuntime(  917): java.lang.RuntimeException: Unable to start activity ComponentInfo{com.coship.Multimedia/com.coship.Multimedia.MusicWindow.MusicWindow}: android.view.InflateException: Binary XML file line #2: Error inflating class <unknown>
E/AndroidRuntime(  917):        at android.app.ActivityThread.performLaunchActivity(ActivityThread.java:1956)
E/AndroidRuntime(  917):        at android.app.ActivityThread.handleLaunchActivity(ActivityThread.java:1981)
E/AndroidRuntime(  917):        at android.app.ActivityThread.access$600(ActivityThread.java:123)
E/AndroidRuntime(  917):        at android.app.ActivityThread$H.handleMessage(ActivityThread.java:1147)
E/AndroidRuntime(  917):        at android.os.Handler.dispatchMessage(Handler.java:99)
E/AndroidRuntime(  917):        at android.os.Looper.loop(Looper.java:137)
E/AndroidRuntime(  917):        at android.app.ActivityThread.main(ActivityThread.java:4424)
E/AndroidRuntime(  917):        at java.lang.reflect.Method.invokeNative(Native Method)
E/AndroidRuntime(  917):        at java.lang.reflect.Method.invoke(Method.java:511)
E/AndroidRuntime(  917):        at com.android.internal.os.ZygoteInit$MethodAndArgsCaller.run(ZygoteInit.java:788)
E/AndroidRuntime(  917):        at com.android.internal.os.ZygoteInit.main(ZygoteInit.java:555)
E/AndroidRuntime(  917):        at dalvik.system.NativeStart.main(Native Method)
E/AndroidRuntime(  917): Caused by: android.view.InflateException: Binary XML file line #2: Error inflating class <unknown>
E/AndroidRuntime(  917):        at android.view.LayoutInflater.createView(LayoutInflater.java:606)
E/AndroidRuntime(  917):        at com.android.internal.policy.impl.PhoneLayoutInflater.onCreateView(PhoneLayoutInflater.java:56)
E/AndroidRuntime(  917):        at android.view.LayoutInflater.onCreateView(LayoutInflater.java:653)
E/AndroidRuntime(  917):        at android.view.LayoutInflater.createViewFromTag(LayoutInflater.java:678)
E/AndroidRuntime(  917):        at android.view.LayoutInflater.inflate(LayoutInflater.java:466)
E/AndroidRuntime(  917):        at android.view.LayoutInflater.inflate(LayoutInflater.java:396)
E/AndroidRuntime(  917):        at android.view.LayoutInflater.inflate(LayoutInflater.java:352)
E/AndroidRuntime(  917):        at com.android.internal.policy.impl.PhoneWindow.setContentView(PhoneWindow.java:251)
E/AndroidRuntime(  917):        at android.app.Activity.setContentView(Activity.java:1835)
E/AndroidRuntime(  917):        at com.coship.Multimedia.MusicWindow.MusicWindow.onCreate(MusicWindow.java:95)
E/AndroidRuntime(  917):        at android.app.Activity.performCreate(Activity.java:4468)
E/AndroidRuntime(  917):        at android.app.Instrumentation.callActivityOnCreate(Instrumentation.java:1049)
E/AndroidRuntime(  917):        at android.app.ActivityThread.performLaunchActivity(ActivityThread.java:1920)
E/AndroidRuntime(  917):        ... 11 more
E/AndroidRuntime(  917): Caused by: java.lang.reflect.InvocationTargetException
E/AndroidRuntime(  917):        at java.lang.reflect.Constructor.constructNative(Native Method)
E/AndroidRuntime(  917):        at java.lang.reflect.Constructor.newInstance(Constructor.java:417)
E/AndroidRuntime(  917):        at android.view.LayoutInflater.createView(LayoutInflater.java:586)
E/AndroidRuntime(  917):        ... 23 more
E/AndroidRuntime(  917): Caused by: java.lang.OutOfMemoryError
E/AndroidRuntime(  917):        at android.graphics.BitmapFactory.nativeDecodeAsset(Native Method)
E/AndroidRuntime(  917):        at android.graphics.BitmapFactory.decodeStream(BitmapFactory.java:483)
E/AndroidRuntime(  917):        at android.graphics.BitmapFactory.decodeResourceStream(BitmapFactory.java:351)
E/AndroidRuntime(  917):        at android.graphics.drawable.Drawable.createFromResourceStream(Drawable.java:773)
E/AndroidRuntime(  917):        at android.content.res.Resources.loadDrawable(Resources.java:1935)
E/AndroidRuntime(  917):        at android.content.res.TypedArray.getDrawable(TypedArray.java:601)
E/AndroidRuntime(  917):        at android.view.View.<init>(View.java:2785)
E/AndroidRuntime(  917):        at android.view.View.<init>(View.java:2722)
E/AndroidRuntime(  917):        at android.view.ViewGroup.<init>(ViewGroup.java:379)
E/AndroidRuntime(  917):        at android.widget.RelativeLayout.<init>(RelativeLayout.java:174)
E/AndroidRuntime(  917):        ... 26 more
W/ActivityManager(  147):   Force finishing activity com.coship.Multimedia/.MusicWindow.MusicWindow
W/ActivityManager(  147):   Force finishing activity com.coship.Multimedia/.MusicWindow.MusicShow
W/ActivityManager(  147): Activity pause timeout for ActivityRecord{411258a0 com.coship.Multimedia/.MusicWindow.MusicWindow}
W/ActivityManager(  147): Launch timeout has expired, giving up wake lock!
W/ActivityManager(  147): Activity idle timeout for ActivityRecord{411258a0 com.coship.Multimedia/.MusicWindow.MusicWindow}
W/ActivityManager(  147): Activity idle timeout for ActivityRecord{4110a620 com.coship.Multimedia/.main}
W/ActivityManager(  147): Activity destroy timeout for ActivityRecord{41168608 com.coship.Multimedia/.MusicWindow.MusicShow}
W/ActivityManager(  147): Activity destroy timeout for ActivityRecord{411258a0 com.coship.Multimedia/.MusicWindow.MusicWindow}
I/WindowManager(  147): WIN DEATH: Window{410d8298 com.coship.Multimedia/com.coship.Multimedia.main paused=false}
I/ActivityManager(  147): Process com.coship.Multimedia (pid 917) has died.
W/ActivityManager(  147): Scheduling restart of crashed service com.coship.Multimedia/.view.BackService in 5000ms
W/ActivityManager(  147): Force removing ActivityRecord{4110a620 com.coship.Multimedia/.main}: app died, no saved state
I/WindowManager(  147): WIN DEATH: Window{41122820 com.coship.Multimedia/com.coship.Multimedia.MusicWindow.MusicShow paused=true}
W/InputManagerService(  147): Got RemoteException sending setActive(false) notification to pid 917 uid 10016
I/ActivityManager(  147): START {flg=0x10000000 cmp=com.coship.Multimedia/.main} from pid 262
I/ActivityManager(  147): Start proc com.coship.Multimedia for activity com.coship.Multimedia/.main: pid=2765 uid=10016 gids={3003, 1015, 1023, 3002, 3001}
W/InputManagerService(  147): Starting input on non-focused client com.android.internal.view.IInputMethodClient$Stub$Proxy@410b4a68 (uid=10001 pid=262)
I/ActivityManager(  147): START {cmp=com.coship.Multimedia/.MusicWindow.MusicShow} from pid 2765
I/ActivityManager(  147): START {act=android.intent.action.MAIN cat=[android.intent.category.HOME] flg=0x10200000 cmp=com.coship.cibn/.MainActivity} from pid 147
W/InputManagerService(  147): Starting input on non-focused client com.android.internal.view.IInputMethodClient$Stub$Proxy@41105ea0 (uid=10016 pid=2765)
I/ActivityManager(  147): START {flg=0x10000000 cmp=com.coship.dvbsetting/.main} from pid 262
W/InputManagerService(  147): Starting input on non-focused client com.android.internal.view.IInputMethodClient$Stub$Proxy@410b4a68 (uid=10001 pid=262)
I/ActivityManager(  147): START {cmp=com.coship.dvbsetting/.netsetting.netSet} from pid 982
I/EthernetManager(  982): Init Ethernet Manager, service: android.net.ethernet.IEthernetManager$Stub$Proxy@4292c118
E/EthernetService(  147): getSavedConfig
E/EthernetService(  147): ifName: eth0 ipaddr:0.0.0.0 netmask:255.255.255.255 getway:0.0.0.0 dns:0.0.0.0
E/EthernetService(  147): getSavedConfig
E/EthernetService(  147): ifName: eth0 ipaddr:0.0.0.0 netmask:255.255.255.255 getway:0.0.0.0 dns:0.0.0.0
E/NetlinkListener(   84): recvmsg mBuffer:
E/NetlinkListener(   84):  (8)
W/InputManagerService(  147): Starting input on non-focused client com.android.internal.view.IInputMethodClient$Stub$Proxy@411556d8 (uid=1000 pid=982)
I/ActivityManager(  147): START {flg=0x10000000 cmp=com.coship.Multimedia/.main} from pid 262
W/InputManagerService(  147): Starting input on non-focused client com.android.internal.view.IInputMethodClient$Stub$Proxy@410b4a68 (uid=10001 pid=262)
I/ActivityManager(  147): START {cmp=com.coship.Multimedia/.MusicWindow.MusicWindow (has extras)} from pid 2765
E/NetlinkListener(   84): recvmsg mBuffer:
E/NetlinkListener(   84):  (D)
E/NetlinkListener(   84): recvmsg mBuffer:
E/NetlinkListener(   84):  (ô)
D/ConnectivityService(  147): ConnectivityChange for WIFI: DISCONNECTED/DISCONNECTED
D/ConnectivityService(  147): Attempting to switch to mobile
V/EthernetService(  147): setState, mEthState=2, state=2
E/EthernetService(  147): getSavedConfig
E/EthernetService(  147): ifName: eth0 ipaddr:0.0.0.0 netmask:255.255.255.255 getway:0.0.0.0 dns:0.0.0.0
I/EthernetService(  147): reset device eth0
I/EthernetService(  147): switch mode to: dhcp for interface: eth0
D/ConnectivityService(  147): Attempting to switch to ETH
D/EthernetService(  147): DhcpHandler: DHCP request started
E/ConnectivityService(  147): Exception trying to remove a route: java.lang.IllegalStateException: Unable to communicate with native dameon to add routes - com.android.server.NativeDaemonConnectorException: Cmd {interface route remove wlan0 default 192.168.2.1 32 0.0.0.0} failed with code 400 : {Failed to remove route from default table (No such process)}
E/ConnectivityService(  147): Exception trying to remove a route: java.lang.IllegalStateException: Unable to communicate with native dameon to add routes - com.android.server.NativeDaemonConnectorException: Cmd {interface route remove wlan0 default 0.0.0.0 0 192.168.2.1} failed with code 400 : {Failed to remove route from default table (No such process)}
D/ConnectivityService(  147): resetConnections(wlan0, 3)
D/ConnectivityService(  147): ConnectivityChange for WIFI: DISCONNECTED/DISCONNECTED
D/ConnectivityService(  147): Attempting to switch to mobile
V/EthernetService(  147): setState, mEthState=2, state=2
E/EthernetService(  147): getSavedConfig
E/EthernetService(  147): ifName: eth0 ipaddr:0.0.0.0 netmask:255.255.255.255 getway:0.0.0.0 dns:0.0.0.0
I/EthernetService(  147): reset device eth0
I/EthernetService(  147): switch mode to: dhcp for interface: eth0
D/ConnectivityService(  147): Attempting to switch to ETH
D/ConnectivityService(  147): resetConnections(wlan0, 3)
E/EthernetService(  147): DhcpHandler: DHCP request failed: DHCP result was failed
D/EthernetService(  147): DhcpHandler: DHCP request started
E/EthernetService(  147): getSavedConfig
E/EthernetService(  147): ifName: eth0 ipaddr:0.0.0.0 netmask:255.255.255.255 getway:0.0.0.0 dns:0.0.0.0
I/EthernetService(  147): dhcp disconnect error, liuhong capture...
I/EthernetService(  147): dhcp hardware unconnected, you send boradcast to handle it.
E/NetlinkListener(   84): recvmsg mBuffer:
E/NetlinkListener(   84):  (8)
E/NetlinkListener(   84): recvmsg mBuffer:
E/NetlinkListener(   84):  (8)
E/NetlinkListener(   84): recvmsg mBuffer:
E/NetlinkListener(   84):  (<)
E/NetlinkListener(   84): recvmsg mBuffer:
E/NetlinkListener(   84):  (T)
E/NetlinkListener(   84): recvmsg mBuffer:
E/NetlinkListener(   84):  (t)
E/NetlinkListener(   84): recvmsg mBuffer:
E/NetlinkListener(   84):  (D)
E/NetlinkListener(   84): recvmsg mBuffer:
E/NetlinkListener(   84):  (D)
E/NetlinkListener(   84): recvmsg mBuffer:
E/NetlinkListener(   84):  (8)
E/NetlinkListener(   84): recvmsg mBuffer:
E/NetlinkListener(   84):  (8)
E/NetlinkListener(   84): recvmsg mBuffer:
E/NetlinkListener(   84):  (<)
E/NetlinkListener(   84): recvmsg mBuffer:
E/NetlinkListener(   84):  (T)
E/NetlinkListener(   84): recvmsg mBuffer:
E/NetlinkListener(   84):  (t)
E/NetlinkListener(   84): recvmsg mBuffer:
E/NetlinkListener(   84):  (D)
E/NetlinkListener(   84): recvmsg mBuffer:
E/NetlinkListener(   84):  (D)
E/NetlinkListener(   84): recvmsg mBuffer:
E/NetlinkListener(   84):  (8)
E/NetlinkListener(   84): recvmsg mBuffer:
E/NetlinkListener(   84):  (8)
E/NetlinkListener(   84): recvmsg mBuffer:
E/NetlinkListener(   84):  (<)
E/NetlinkListener(   84): recvmsg mBuffer:
E/NetlinkListener(   84):  (T)
E/NetlinkListener(   84): recvmsg mBuffer:
E/NetlinkListener(   84):  (t)
E/NetlinkListener(   84): recvmsg mBuffer:
E/NetlinkListener(   84):  (D)
E/EthernetService(  147): DhcpHandler: DHCP request failed: Timed out waiting for DHCP to finish
E/EthernetService(  147): getSavedConfig
E/EthernetService(  147): ifName: eth0 ipaddr:0.0.0.0 netmask:255.255.255.255 getway:0.0.0.0 dns:0.0.0.0
I/EthernetService(  147): dhcp disconnect error, liuhong capture...
I/EthernetService(  147): dhcp hardware unconnected, you send boradcast to handle it.
E/NetlinkListener(   84): recvmsg mBuffer:
E/NetlinkListener(   84):  (D)
E/NetlinkListener(   84): recvmsg mBuffer:
E/NetlinkListener(   84):  (8)
E/NetlinkListener(   84): recvmsg mBuffer:
E/NetlinkListener(   84):  (8)
E/NetlinkListener(   84): recvmsg mBuffer:
E/NetlinkListener(   84):  (<)
E/NetlinkListener(   84): recvmsg mBuffer:
E/NetlinkListener(   84):  (T)
<FACTORY>send message failed -1 @L151
<AND_STUB>ERROR!!,recv AND_STUB_KEY_MSG 
<AND_STUB>private message id is 0
E/NetlinkListener(   84): recvmsg mBuffer:
E/NetlinkListener(   84):  (t)
E/NetlinkListener(   84): recvmsg mBuffer:
E/NetlinkListener(   84):  (D)
E/NetlinkListener(   84): recvmsg mBuffer:
E/NetlinkListener(   84):  (D)
E/NetlinkListener(   84): recvmsg mBuffer:
E/NetlinkListener(   84):  (8)
E/NetlinkListener(   84): recvmsg mBuffer:
E/NetlinkListener(   84):  (8)
E/NetlinkListener(   84): recvmsg mBuffer:
E/NetlinkListener(   84):  (<)
E/NetlinkListener(   84): recvmsg mBuffer:
E/NetlinkListener(   84):  (T)
E/NetlinkListener(   84): recvmsg mBuffer:
E/NetlinkListener(   84):  (t)
E/NetlinkListener(   84): recvmsg mBuffer:
E/NetlinkListener(   84):  (D)
D/ConnectivityService(  147): NetTransition Wakelock for WifiStateMachine released by timeout
E/NetlinkListener(   84): recvmsg mBuffer:
E/NetlinkListener(   84):  (D)
E/NetlinkListener(   84): recvmsg mBuffer:
E/NetlinkListener(   84):  (8)
E/NetlinkListener(   84): recvmsg mBuffer:
E/NetlinkListener(   84):  (8)
E/NetlinkListener(   84): recvmsg mBuffer:
E/NetlinkListener(   84):  (<)
E/NetlinkListener(   84): recvmsg mBuffer:
E/NetlinkListener(   84):  (T)
E/NetlinkListener(   84): recvmsg mBuffer:
E/NetlinkListener(   84):  (t)
E/NetlinkListener(   84): recvmsg mBuffer:
E/NetlinkListener(   84):  (D)
E/NetlinkListener(   84): recvmsg mBuffer:
E/NetlinkListener(   84):  (D)
E/NetlinkListener(   84): recvmsg mBuffer:
E/NetlinkListener(   84):  (8)
E/NetlinkListener(   84): recvmsg mBuffer:
E/NetlinkListener(   84):  (8)
E/NetlinkListener(   84): recvmsg mBuffer:
E/NetlinkListener(   84):  (<)
E/NetlinkListener(   84): recvmsg mBuffer:
E/NetlinkListener(   84):  (T)
E/NetlinkListener(   84): recvmsg mBuffer:
E/NetlinkListener(   84):  (t)
E/NetlinkListener(   84): recvmsg mBuffer:
E/NetlinkListener(   84):  (D)
E/NetlinkListener(   84): recvmsg mBuffer:
E/NetlinkListener(   84):  (D)
E/NetlinkListener(   84): recvmsg mBuffer:
E/NetlinkListener(   84):  (8)
E/NetlinkListener(   84): recvmsg mBuffer:
E/NetlinkListener(   84):  (8)
E/NetlinkListener(   84): recvmsg mBuffer:
E/NetlinkListener(   84):  (<)
E/NetlinkListener(   84): recvmsg mBuffer:
E/NetlinkListener(   84):  (T)
E/NetlinkListener(   84): recvmsg mBuffer:
E/NetlinkListener(   84):  (t)
E/NetlinkListener(   84): recvmsg mBuffer:
E/NetlinkListener(   84):  (D)
E/NetlinkListener(   84): recvmsg mBuffer:
E/NetlinkListener(   84):  (D)
E/NetlinkListener(   84): recvmsg mBuffer:
E/NetlinkListener(   84):  (8)
E/NetlinkListener(   84): recvmsg mBuffer:
E/NetlinkListener(   84):  (8)
E/NetlinkListener(   84): recvmsg mBuffer:
E/NetlinkListener(   84):  (<)
E/NetlinkListener(   84): recvmsg mBuffer:
E/NetlinkListener(   84):  (T)
E/NetlinkListener(   84): recvmsg mBuffer:
E/NetlinkListener(   84):  (t)
E/NetlinkListener(   84): recvmsg mBuffer:
E/NetlinkListener(   84):  (D)
E/NetlinkListener(   84): recvmsg mBuffer:
E/NetlinkListener(   84):  (D)
E/NetlinkListener(   84): recvmsg mBuffer:
E/NetlinkListener(   84):  (8)
E/NetlinkListener(   84): recvmsg mBuffer:
E/NetlinkListener(   84):  (8)
E/NetlinkListener(   84): recvmsg mBuffer:
E/NetlinkListener(   84):  (<)
E/NetlinkListener(   84): recvmsg mBuffer:
E/NetlinkListener(   84):  (T)
E/NetlinkListener(   84): recvmsg mBuffer:
E/NetlinkListener(   84):  (t)
E/NetlinkListener(   84): recvmsg mBuffer:
E/NetlinkListener(   84):  (D)
E/NetlinkListener(   84): recvmsg mBuffer:
E/NetlinkListener(   84):  (D)
E/NetlinkListener(   84): recvmsg mBuffer:
E/NetlinkListener(   84):  (8)
