D/CmpbPlayer(   89): [CMPBPLAYER][DEBUG][getCurrentPosition]line:3405 Current time(0xbee069d4, 27000)!
V/MediaPlayerService(   89): [58] getCurrentPosition = 27000
I/CmpbPlayer(   89): [CMPBPLAYER][INFO][isPlaying]line:3259 cmpb_isPlaying = 1, mSeekDoneNeedPlay = 0, m_bProtocolPlayerUsed=0 
V/MediaPlayerService(   89): [58] isPlaying: 1
V/MediaPlayer( 2765): isPlaying: 1
I/CmpbPlayer(   89): [CMPBPLAYER][INFO][isPlaying]line:3259 cmpb_isPlaying = 1, mSeekDoneNeedPlay = 0, m_bProtocolPlayerUsed=0 
V/MediaPlayerService(   89): [58] isPlaying: 1
V/MediaPlayer( 2765): isPlaying: 1
V/MediaPlayer( 2765): getCurrentPosition
V/MediaPlayerService(   89): getCurrentPosition
D/CmpbPlayer(   89): [CMPBPLAYER][DEBUG][getCurrentPosition]line:3405 Current time(0x42cebd54, 27000)!
V/MediaPlayerService(   89): [58] getCurrentPosition = 27000
I/CmpbPlayer(   89): [CMPBPLAYER][INFO][isPlaying]line:3259 cmpb_isPlaying = 1, mSeekDoneNeedPlay = 0, m_bProtocolPlayerUsed=0 
V/MediaPlayerService(   89): [58] isPlaying: 1
V/MediaPlayer( 2765): isPlaying: 1
V/MediaPlayer( 2765): getCurrentPosition
V/MediaPlayerService(   89): getCurrentPosition
D/CmpbPlayer(   89): [CMPBPLAYER][DEBUG][getCurrentPosition]line:3405 Current time(0x41afdd54, 27000)!
V/MediaPlayerService(   89): [58] getCurrentPosition = 27000
I/CmpbPlayer(   89): [CMPBPLAYER][INFO][isPlaying]line:3259 cmpb_isPlaying = 1, mSeekDoneNeedPlay = 0, m_bProtocolPlayerUsed=0 
V/MediaPlayerService(   89): [58] isPlaying: 1
V/MediaPlayer( 2765): isPlaying: 1
I/CmpbPlayer(   89): [CMPBPLAYER][INFO][isPlaying]line:3259 cmpb_isPlaying = 1, mSeekDoneNeedPlay = 0, m_bProtocolPlayerUsed=0 
V/MediaPlayerService(   89): [58] isPlaying: 1
V/MediaPlayer( 2765): isPlaying: 1
V/MediaPlayer( 2765): getCurrentPosition
V/MediaPlayerService(   89): getCurrentPosition
D/CmpbPlayer(   89): [CMPBPLAYER][DEBUG][getCurrentPosition]line:3405 Current time(0xbee069d4, 27000)!
V/MediaPlayerService(   89): [58] getCurrentPosition = 27000
I/CmpbPlayer(   89): [CMPBPLAYER][INFO][isPlaying]line:3259 cmpb_isPlaying = 1, mSeekDoneNeedPlay = 0, m_bProtocolPlayerUsed=0 
V/MediaPlayerService(   89): [58] isPlaying: 1
V/MediaPlayer( 2765): isPlaying: 1
V/MediaPlayer( 2765): getCurrentPosition
V/MediaPlayerService(   89): getCurrentPosition
D/CmpbPlayer(   89): [CMPBPLAYER][DEBUG][getCurrentPosition]line:3405 Current time(0x41e2ad54, 27000)!
V/MediaPlayerService(   89): [58] getCurrentPosition = 27000
I/CmpbPlayer(   89): [CMPBPLAYER][INFO][isPlaying]line:3259 cmpb_isPlaying = 1, mSeekDoneNeedPlay = 0, m_bProtocolPlayerUsed=0 
V/MediaPlayerService(   89): [58] isPlaying: 1
V/MediaPlayer( 2765): isPlaying: 1
I/CmpbPlayer(   89): [CMPBPLAYER][INFO][isPlaying]line:3259 cmpb_isPlaying = 1, mSeekDoneNeedPlay = 0, m_bProtocolPlayerUsed=0 
V/MediaPlayerService(   89): [58] isPlaying: 1
V/MediaPlayer( 2765): isPlaying: 1
V/MediaPlayer( 2765): getCurrentPosition
V/MediaPlayerService(   89): getCurrentPosition
D/CmpbPlayer(   89): [CMPBPLAYER][DEBUG][getCurrentPosition]line:3405 Current time(0x41afdd54, 27000)!
V/MediaPlayerService(   89): [58] getCurrentPosition = 27000
I/CmpbPlayer(   89): [CMPBPLAYER][INFO][isPlaying]line:3259 cmpb_isPlaying = 1, mSeekDoneNeedPlay = 0, m_bProtocolPlayerUsed=0 
V/MediaPlayerService(   89): [58] isPlaying: 1
V/MediaPlayer( 2765): isPlaying: 1
V/MediaPlayer( 2765): getCurrentPosition
V/MediaPlayerService(   89): getCurrentPosition
D/CmpbPlayer(   89): [CMPBPLAYER][DEBUG][getCurrentPosition]line:3405 Current time(0x42cebd54, 27000)!
V/MediaPlayerService(   89): [58] getCurrentPosition = 27000
I/CmpbPlayer(   89): [CMPBPLAYER][INFO][isPlaying]line:3259 cmpb_isPlaying = 1, mSeekDoneNeedPlay = 0, m_bProtocolPlayerUsed=0 
V/MediaPlayerService(   89): [58] isPlaying: 1
V/MediaPlayer( 2765): isPlaying: 1
I/CmpbPlayer(   89): [CMPBPLAYER][INFO][isPlaying]line:3259 cmpb_isPlaying = 1, mSeekDoneNeedPlay = 0, m_bProtocolPlayerUsed=0 
V/MediaPlayerService(   89): [58] isPlaying: 1
V/MediaPlayer( 2765): isPlaying: 1
V/MediaPlayer( 2765): getCurrentPosition
V/MediaPlayerService(   89): getCurrentPosition
D/CmpbPlayer(   89): [CMPBPLAYER][DEBUG][getCurrentPosition]line:3405 Current time(0x41e2ad54, 27000)!
V/MediaPlayerService(   89): [58] getCurrentPosition = 27000
I/CmpbPlayer(   89): [CMPBPLAYER][INFO][isPlaying]line:3259 cmpb_isPlaying = 1, mSeekDoneNeedPlay = 0, m_bProtocolPlayerUsed=0 
V/MediaPlayerService(   89): [58] isPlaying: 1
V/MediaPlayer( 2765): isPlaying: 1
V/MediaPlayer( 2765): getCurrentPosition
V/MediaPlayerService(   89): getCurrentPosition
D/CmpbPlayer(   89): [CMPBPLAYER][DEBUG][getCurrentPosition]line:3405 Current time(0xbee069d4, 27000)!
V/MediaPlayerService(   89): [58] getCurrentPosition = 27000
I/CmpbPlayer(   89): [CMPBPLAYER][INFO][isPlaying]line:3259 cmpb_isPlaying = 1, mSeekDoneNeedPlay = 0, m_bProtocolPlayerUsed=0 
V/MediaPlayerService(   89): [58] isPlaying: 1
V/MediaPlayer( 2765): isPlaying: 1
I/CmpbPlayer(   89): [CMPBPLAYER][INFO][isPlaying]line:3259 cmpb_isPlaying = 1, mSeekDoneNeedPlay = 0, m_bProtocolPlayerUsed=0 
V/MediaPlayerService(   89): [58] isPlaying: 1
V/MediaPlayer( 2765): isPlaying: 1
V/MediaPlayer( 2765): getCurrentPosition
V/MediaPlayerService(   89): getCurrentPosition
D/CmpbPlayer(   89): [CMPBPLAYER][DEBUG][getCurrentPosition]line:3405 Current time(0x42cebd54, 27000)!
V/MediaPlayerService(   89): [58] getCurrentPosition = 27000
I/CmpbPlayer(   89): [CMPBPLAYER][INFO][isPlaying]line:3259 cmpb_isPlaying = 1, mSeekDoneNeedPlay = 0, m_bProtocolPlayerUsed=0 
V/MediaPlayerService(   89): [58] isPlaying: 1
V/MediaPlayer( 2765): isPlaying: 1
V/MediaPlayer( 2765): getCurrentPosition
V/MediaPlayerService(   89): getCurrentPosition
D/CmpbPlayer(   89): [CMPBPLAYER][DEBUG][getCurrentPosition]line:3405 Current time(0x41afdd54, 27000)!
V/MediaPlayerService(   89): [58] getCurrentPosition = 27000
I/CmpbPlayer(   89): [CMPBPLAYER][INFO][isPlaying]line:3259 cmpb_isPlaying = 1, mSeekDoneNeedPlay = 0, m_bProtocolPlayerUsed=0 
V/MediaPlayerService(   89): [58] isPlaying: 1
V/MediaPlayer( 2765): isPlaying: 1
I/CmpbPlayer(   89): [CMPBPLAYER][INFO][isPlaying]line:3259 cmpb_isPlaying = 1, mSeekDoneNeedPlay = 0, m_bProtocolPlayerUsed=0 
V/MediaPlayerService(   89): [58] isPlaying: 1
V/MediaPlayer( 2765): isPlaying: 1
V/MediaPlayer( 2765): getCurrentPosition
V/MediaPlayerService(   89): getCurrentPosition
D/CmpbPlayer(   89): [CMPBPLAYER][DEBUG][getCurrentPosition]line:3405 Current time(0xbee069d4, 27000)!
V/MediaPlayerService(   89): [58] getCurrentPosition = 27000
I/CmpbPlayer(   89): [CMPBPLAYER][INFO][isPlaying]line:3259 cmpb_isPlaying = 1, mSeekDoneNeedPlay = 0, m_bProtocolPlayerUsed=0 
V/MediaPlayerService(   89): [58] isPlaying: 1
V/MediaPlayer( 2765): isPlaying: 1
V/MediaPlayer( 2765): getCurrentPosition
V/MediaPlayerService(   89): getCurrentPosition
D/CmpbPlayer(   89): [CMPBPLAYER][DEBUG][getCurrentPosition]line:3405 Current time(0x41e2ad54, 27000)!
V/MediaPlayerService(   89): [58] getCurrentPosition = 27000
I/CmpbPlayer(   89): [CMPBPLAYER][INFO][isPlaying]line:3259 cmpb_isPlaying = 1, mSeekDoneNeedPlay = 0, m_bProtocolPlayerUsed=0 
V/MediaPlayerService(   89): [58] isPlaying: 1
V/MediaPlayer( 2765): isPlaying: 1
I/CmpbPlayer(   89): [CMPBPLAYER][INFO][isPlaying]line:3259 cmpb_isPlaying = 1, mSeekDoneNeedPlay = 0, m_bProtocolPlayerUsed=0 
V/MediaPlayerService(   89): [58] isPlaying: 1
V/MediaPlayer( 2765): isPlaying: 1
V/MediaPlayer( 2765): getCurrentPosition
V/MediaPlayerService(   89): getCurrentPosition
D/CmpbPlayer(   89): [CMPBPLAYER][DEBUG][getCurrentPosition]line:3405 Current time(0x41afdd54, 27000)!
V/MediaPlayerService(   89): [58] getCurrentPosition = 27000
I/CmpbPlayer(   89): [CMPBPLAYER][INFO][isPlaying]line:3259 cmpb_isPlaying = 1, mSeekDoneNeedPlay = 0, m_bProtocolPlayerUsed=0 
V/MediaPlayerService(   89): [58] isPlaying: 1
V/MediaPlayer( 2765): isPlaying: 1
V/MediaPlayer( 2765): getCurrentPosition
V/MediaPlayerService(   89): getCurrentPosition
D/CmpbPlayer(   89): [CMPBPLAYER][DEBUG][getCurrentPosition]line:3405 Current time(0x42cebd54, 27000)!
V/MediaPlayerService(   89): [58] getCurrentPosition = 27000
D/dalvikvm(  262): GC_FOR_ALLOC freed 1532K, 14% free 24698K/28679K, paused 32ms
I/CmpbPlayer(   89): [CMPBPLAYER][INFO][isPlaying]line:3259 cmpb_isPlaying = 1, mSeekDoneNeedPlay = 0, m_bProtocolPlayerUsed=0 
V/MediaPlayerService(   89): [58] isPlaying: 1
V/MediaPlayer( 2765): isPlaying: 1
I/CmpbPlayer(   89): [CMPBPLAYER][INFO][isPlaying]line:3259 cmpb_isPlaying = 1, mSeekDoneNeedPlay = 0, m_bProtocolPlayerUsed=0 
V/MediaPlayerService(   89): [58] isPlaying: 1
V/MediaPlayer( 2765): isPlaying: 1
V/MediaPlayer( 2765): getCurrentPosition
V/MediaPlayerService(   89): getCurrentPosition
D/CmpbPlayer(   89): [CMPBPLAYER][DEBUG][getCurrentPosition]line:3405 Current time(0x41e2ad54, 27000)!
V/MediaPlayerService(   89): [58] getCurrentPosition = 27000
I/CmpbPlayer(   89): [CMPBPLAYER][INFO][isPlaying]line:3259 cmpb_isPlaying = 1, mSeekDoneNeedPlay = 0, m_bProtocolPlayerUsed=0 
V/MediaPlayerService(   89): [58] isPlaying: 1
V/MediaPlayer( 2765): isPlaying: 1
V/MediaPlayer( 2765): getCurrentPosition
V/MediaPlayerService(   89): getCurrentPosition
D/CmpbPlayer(   89): [CMPBPLAYER][DEBUG][getCurrentPosition]line:3405 Current time(0xbee069d4, 27000)!
V/MediaPlayerService(   89): [58] getCurrentPosition = 27000
I/CmpbPlayer(   89): [CMPBPLAYER][INFO][isPlaying]line:3259 cmpb_isPlaying = 1, mSeekDoneNeedPlay = 0, m_bProtocolPlayerUsed=0 
V/MediaPlayerService(   89): [58] isPlaying: 1
V/MediaPlayer( 2765): isPlaying: 1
I/CmpbPlayer(   89): [CMPBPLAYER][INFO][isPlaying]line:3259 cmpb_isPlaying = 1, mSeekDoneNeedPlay = 0, m_bProtocolPlayerUsed=0 
V/MediaPlayerService(   89): [58] isPlaying: 1
V/MediaPlayer( 2765): isPlaying: 1
V/MediaPlayer( 2765): getCurrentPosition
V/MediaPlayerService(   89): getCurrentPosition
D/CmpbPlayer(   89): [CMPBPLAYER][DEBUG][getCurrentPosition]line:3405 Current time(0x42cebd54, 27000)!
V/MediaPlayerService(   89): [58] getCurrentPosition = 27000
I/CmpbPlayer(   89): [CMPBPLAYER][INFO][isPlaying]line:3259 cmpb_isPlaying = 1, mSeekDoneNeedPlay = 0, m_bProtocolPlayerUsed=0 
V/MediaPlayerService(   89): [58] isPlaying: 1
V/MediaPlayer( 2765): isPlaying: 1
V/MediaPlayer( 2765): getCurrentPosition
V/MediaPlayerService(   89): getCurrentPosition
D/CmpbPlayer(   89): [CMPBPLAYER][DEBUG][getCurrentPosition]line:3405 Current time(0x41afdd54, 27000)!
V/MediaPlayerService(   89): [58] getCurrentPosition = 27000
D/StateMachine(  147): handleMessage: E msg.what=131155
D/StateMachine(  147): processMsg: ConnectedState
D/WifiStateMachine(  147): ConnectedState{ what=131155 when=-4ms arg1=6 }
D/WifiHW  (  147): send cmd is SIGNAL_POLL 
D/StateMachine(  147): handleMessage: X
I/CmpbPlayer(   89): [CMPBPLAYER][INFO][isPlaying]line:3259 cmpb_isPlaying = 1, mSeekDoneNeedPlay = 0, m_bProtocolPlayerUsed=0 
V/MediaPlayerService(   89): [58] isPlaying: 1
V/MediaPlayer( 2765): isPlaying: 1
I/CmpbPlayer(   89): [CMPBPLAYER][INFO][isPlaying]line:3259 cmpb_isPlaying = 1, mSeekDoneNeedPlay = 0, m_bProtocolPlayerUsed=0 
V/MediaPlayerService(   89): [58] isPlaying: 1
V/MediaPlayer( 2765): isPlaying: 1
V/MediaPlayer( 2765): getCurrentPosition
V/MediaPlayerService(   89): getCurrentPosition
D/CmpbPlayer(   89): [CMPBPLAYER][DEBUG][getCurrentPosition]line:3405 Current time(0xbee069d4, 27000)!
V/MediaPlayerService(   89): [58] getCurrentPosition = 27000
I/CmpbPlayer(   89): [CMPBPLAYER][INFO][isPlaying]line:3259 cmpb_isPlaying = 1, mSeekDoneNeedPlay = 0, m_bProtocolPlayerUsed=0 
V/MediaPlayerService(   89): [58] isPlaying: 1
V/MediaPlayer( 2765): isPlaying: 1
V/MediaPlayer( 2765): getCurrentPosition
V/MediaPlayerService(   89): getCurrentPosition
D/CmpbPlayer(   89): [CMPBPLAYER][DEBUG][getCurrentPosition]line:3405 Current time(0x41e2ad54, 27000)!
V/MediaPlayerService(   89): [58] getCurrentPosition = 27000
I/CmpbPlayer(   89): [CMPBPLAYER][INFO][isPlaying]line:3259 cmpb_isPlaying = 1, mSeekDoneNeedPlay = 0, m_bProtocolPlayerUsed=0 
V/MediaPlayerService(   89): [58] isPlaying: 1
V/MediaPlayer( 2765): isPlaying: 1
I/CmpbPlayer(   89): [CMPBPLAYER][INFO][isPlaying]line:3259 cmpb_isPlaying = 1, mSeekDoneNeedPlay = 0, m_bProtocolPlayerUsed=0 
V/MediaPlayerService(   89): [58] isPlaying: 1
V/MediaPlayer( 2765): isPlaying: 1
V/MediaPlayer( 2765): getCurrentPosition
V/MediaPlayerService(   89): getCurrentPosition
D/CmpbPlayer(   89): [CMPBPLAYER][DEBUG][getCurrentPosition]line:3405 Current time(0x41afdd54, 27000)!
V/MediaPlayerService(   89): [58] getCurrentPosition = 27000
I/CmpbPlayer(   89): [CMPBPLAYER][INFO][isPlaying]line:3259 cmpb_isPlaying = 1, mSeekDoneNeedPlay = 0, m_bProtocolPlayerUsed=0 
V/MediaPlayerService(   89): [58] isPlaying: 1
V/MediaPlayer( 2765): isPlaying: 1
V/MediaPlayer( 2765): getCurrentPosition
V/MediaPlayerService(   89): getCurrentPosition
D/CmpbPlayer(   89): [CMPBPLAYER][DEBUG][getCurrentPosition]line:3405 Current time(0x42cebd54, 27000)!
V/MediaPlayerService(   89): [58] getCurrentPosition = 27000
I/CmpbPlayer(   89): [CMPBPLAYER][INFO][isPlaying]line:3259 cmpb_isPlaying = 1, mSeekDoneNeedPlay = 0, m_bProtocolPlayerUsed=0 
V/MediaPlayerService(   89): [58] isPlaying: 1
V/MediaPlayer( 2765): isPlaying: 1
I/CmpbPlayer(   89): [CMPBPLAYER][INFO][isPlaying]line:3259 cmpb_isPlaying = 1, mSeekDoneNeedPlay = 0, m_bProtocolPlayerUsed=0 
V/MediaPlayerService(   89): [58] isPlaying: 1
V/MediaPlayer( 2765): isPlaying: 1
V/MediaPlayer( 2765): getCurrentPosition
V/MediaPlayerService(   89): getCurrentPosition
D/CmpbPlayer(   89): [CMPBPLAYER][DEBUG][getCurrentPosition]line:3405 Current time(0x41e2ad54, 27000)!
V/MediaPlayerService(   89): [58] getCurrentPosition = 27000
I/CmpbPlayer(   89): [CMPBPLAYER][INFO][isPlaying]line:3259 cmpb_isPlaying = 1, mSeekDoneNeedPlay = 0, m_bProtocolPlayerUsed=0 
V/MediaPlayerService(   89): [58] isPlaying: 1
V/MediaPlayer( 2765): isPlaying: 1
V/MediaPlayer( 2765): getCurrentPosition
V/MediaPlayerService(   89): getCurrentPosition
D/CmpbPlayer(   89): [CMPBPLAYER][DEBUG][getCurrentPosition]line:3405 Current time(0xbee069d4, 27000)!
V/MediaPlayerService(   89): [58] getCurrentPosition = 27000
I/CmpbPlayer(   89): [CMPBPLAYER][INFO][isPlaying]line:3259 cmpb_isPlaying = 1, mSeekDoneNeedPlay = 0, m_bProtocolPlayerUsed=0 
V/MediaPlayerService(   89): [58] isPlaying: 1
V/MediaPlayer( 2765): isPlaying: 1
I/CmpbPlayer(   89): [CMPBPLAYER][INFO][isPlaying]line:3259 cmpb_isPlaying = 1, mSeekDoneNeedPlay = 0, m_bProtocolPlayerUsed=0 
V/MediaPlayerService(   89): [58] isPlaying: 1
V/MediaPlayer( 2765): isPlaying: 1
V/MediaPlayer( 2765): getCurrentPosition
V/MediaPlayerService(   89): getCurrentPosition
D/CmpbPlayer(   89): [CMPBPLAYER][DEBUG][getCurrentPosition]line:3405 Current time(0x42cebd54, 27000)!
V/MediaPlayerService(   89): [58] getCurrentPosition = 27000
I/CmpbPlayer(   89): [CMPBPLAYER][INFO][isPlaying]line:3259 cmpb_isPlaying = 1, mSeekDoneNeedPlay = 0, m_bProtocolPlayerUsed=0 
V/MediaPlayerService(   89): [58] isPlaying: 1
V/MediaPlayer( 2765): isPlaying: 1
V/MediaPlayer( 2765): getCurrentPosition
V/MediaPlayerService(   89): getCurrentPosition
D/CmpbPlayer(   89): [CMPBPLAYER][DEBUG][getCurrentPosition]line:3405 Current time(0x41afdd54, 27000)!
V/MediaPlayerService(   89): [58] getCurrentPosition = 27000
I/CmpbPlayer(   89): [CMPBPLAYER][INFO][isPlaying]line:3259 cmpb_isPlaying = 1, mSeekDoneNeedPlay = 0, m_bProtocolPlayerUsed=0 
V/MediaPlayerService(   89): [58] isPlaying: 1
V/MediaPlayer( 2765): isPlaying: 1
I/CmpbPlayer(   89): [CMPBPLAYER][INFO][isPlaying]line:3259 cmpb_isPlaying = 1, mSeekDoneNeedPlay = 0, m_bProtocolPlayerUsed=0 
V/MediaPlayerService(   89): [58] isPlaying: 1
V/MediaPlayer( 2765): isPlaying: 1
V/MediaPlayer( 2765): getCurrentPosition
V/MediaPlayerService(   89): getCurrentPosition
D/CmpbPlayer(   89): [CMPBPLAYER][DEBUG][getCurrentPosition]line:3405 Current time(0xbee069d4, 27000)!
V/MediaPlayerService(   89): [58] getCurrentPosition = 27000
I/CmpbPlayer(   89): [CMPBPLAYER][INFO][isPlaying]line:3259 cmpb_isPlaying = 1, mSeekDoneNeedPlay = 0, m_bProtocolPlayerUsed=0 
V/MediaPlayerService(   89): [58] isPlaying: 1
V/MediaPlayer( 2765): isPlaying: 1
V/MediaPlayer( 2765): getCurrentPosition
V/MediaPlayerService(   89): getCurrentPosition
D/CmpbPlayer(   89): [CMPBPLAYER][DEBUG][getCurrentPosition]line:3405 Current time(0x41e2ad54, 27000)!
V/MediaPlayerService(   89): [58] getCurrentPosition = 27000
I/CmpbPlayer(   89): [CMPBPLAYER][INFO][isPlaying]line:3259 cmpb_isPlaying = 1, mSeekDoneNeedPlay = 0, m_bProtocolPlayerUsed=0 
V/MediaPlayerService(   89): [58] isPlaying: 1
V/MediaPlayer( 2765): isPlaying: 1
I/CmpbPlayer(   89): [CMPBPLAYER][INFO][isPlaying]line:3259 cmpb_isPlaying = 1, mSeekDoneNeedPlay = 0, m_bProtocolPlayerUsed=0 
V/MediaPlayerService(   89): [58] isPlaying: 1
V/MediaPlayer( 2765): isPlaying: 1
V/MediaPlayer( 2765): getCurrentPosition
V/MediaPlayerService(   89): getCurrentPosition
D/CmpbPlayer(   89): [CMPBPLAYER][DEBUG][getCurrentPosition]line:3405 Current time(0x41afdd54, 27000)!
V/MediaPlayerService(   89): [58] getCurrentPosition = 27000
I/CmpbPlayer(   89): [CMPBPLAYER][INFO][isPlaying]line:3259 cmpb_isPlaying = 1, mSeekDoneNeedPlay = 0, m_bProtocolPlayerUsed=0 
V/MediaPlayerService(   89): [58] isPlaying: 1
V/MediaPlayer( 2765): isPlaying: 1
V/MediaPlayer( 2765): getCurrentPosition
V/MediaPlayerService(   89): getCurrentPosition
D/CmpbPlayer(   89): [CMPBPLAYER][DEBUG][getCurrentPosition]line:3405 Current time(0x42cebd54, 27000)!
V/MediaPlayerService(   89): [58] getCurrentPosition = 27000
I/CmpbPlayer(   89): [CMPBPLAYER][INFO][isPlaying]line:3259 cmpb_isPlaying = 1, mSeekDoneNeedPlay = 0, m_bProtocolPlayerUsed=0 
V/MediaPlayerService(   89): [58] isPlaying: 1
V/MediaPlayer( 2765): isPlaying: 1
I/CmpbPlayer(   89): [CMPBPLAYER][INFO][isPlaying]line:3259 cmpb_isPlaying = 1, mSeekDoneNeedPlay = 0, m_bProtocolPlayerUsed=0 
V/MediaPlayerService(   89): [58] isPlaying: 1
V/MediaPlayer( 2765): isPlaying: 1
V/MediaPlayer( 2765): getCurrentPosition
V/MediaPlayerService(   89): getCurrentPosition
D/CmpbPlayer(   89): [CMPBPLAYER][DEBUG][getCurrentPosition]line:3405 Current time(0x41e2ad54, 27000)!
V/MediaPlayerService(   89): [58] getCurrentPosition = 27000
I/CmpbPlayer(   89): [CMPBPLAYER][INFO][isPlaying]line:3259 cmpb_isPlaying = 1, mSeekDoneNeedPlay = 0, m_bProtocolPlayerUsed=0 
V/MediaPlayerService(   89): [58] isPlaying: 1
V/MediaPlayer( 2765): isPlaying: 1
V/MediaPlayer( 2765): getCurrentPosition
V/MediaPlayerService(   89): getCurrentPosition
D/CmpbPlayer(   89): [CMPBPLAYER][DEBUG][getCurrentPosition]line:3405 Current time(0xbee069d4, 27000)!
V/MediaPlayerService(   89): [58] getCurrentPosition = 27000
I/CmpbPlayer(   89): [CMPBPLAYER][INFO][isPlaying]line:3259 cmpb_isPlaying = 1, mSeekDoneNeedPlay = 0, m_bProtocolPlayerUsed=0 
V/MediaPlayerService(   89): [58] isPlaying: 1
V/MediaPlayer( 2765): isPlaying: 1
I/CmpbPlayer(   89): [CMPBPLAYER][INFO][isPlaying]line:3259 cmpb_isPlaying = 1, mSeekDoneNeedPlay = 0, m_bProtocolPlayerUsed=0 
V/MediaPlayerService(   89): [58] isPlaying: 1
V/MediaPlayer( 2765): isPlaying: 1
V/MediaPlayer( 2765): getCurrentPosition
V/MediaPlayerService(   89): getCurrentPosition
D/CmpbPlayer(   89): [CMPBPLAYER][DEBUG][getCurrentPosition]line:3405 Current time(0x42cebd54, 27000)!
V/MediaPlayerService(   89): [58] getCurrentPosition = 27000
I/CmpbPlayer(   89): [CMPBPLAYER][INFO][isPlaying]line:3259 cmpb_isPlaying = 1, mSeekDoneNeedPlay = 0, m_bProtocolPlayerUsed=0 
V/MediaPlayerService(   89): [58] isPlaying: 1
V/MediaPlayer( 2765): isPlaying: 1
V/MediaPlayer( 2765): getCurrentPosition
V/MediaPlayerService(   89): getCurrentPosition
D/CmpbPlayer(   89): [CMPBPLAYER][DEBUG][getCurrentPosition]line:3405 Current time(0x41afdd54, 27000)!
V/MediaPlayerService(   89): [58] getCurrentPosition = 27000
I/CmpbPlayer(   89): [CMPBPLAYER][INFO][isPlaying]line:3259 cmpb_isPlaying = 1, mSeekDoneNeedPlay = 0, m_bProtocolPlayerUsed=0 
V/MediaPlayerService(   89): [58] isPlaying: 1
V/MediaPlayer( 2765): isPlaying: 1
I/CmpbPlayer(   89): [CMPBPLAYER][INFO][isPlaying]line:3259 cmpb_isPlaying = 1, mSeekDoneNeedPlay = 0, m_bProtocolPlayerUsed=0 
V/MediaPlayerService(   89): [58] isPlaying: 1
V/MediaPlayer( 2765): isPlaying: 1
V/MediaPlayer( 2765): getCurrentPosition
V/MediaPlayerService(   89): getCurrentPosition
D/CmpbPlayer(   89): [CMPBPLAYER][DEBUG][getCurrentPosition]line:3405 Current time(0xbee069d4, 27000)!
V/MediaPlayerService(   89): [58] getCurrentPosition = 27000
I/CmpbPlayer(   89): [CMPBPLAYER][INFO][isPlaying]line:3259 cmpb_isPlaying = 1, mSeekDoneNeedPlay = 0, m_bProtocolPlayerUsed=0 
V/MediaPlayerService(   89): [58] isPlaying: 1
V/MediaPlayer( 2765): isPlaying: 1
V/MediaPlayer( 2765): getCurrentPosition
V/MediaPlayerService(   89): getCurrentPosition
D/CmpbPlayer(   89): [CMPBPLAYER][DEBUG][getCurrentPosition]line:3405 Current time(0x41e2ad54, 27000)!
V/MediaPlayerService(   89): [58] getCurrentPosition = 27000
I/CmpbPlayer(   89): [CMPBPLAYER][INFO][isPlaying]line:3259 cmpb_isPlaying = 1, mSeekDoneNeedPlay = 0, m_bProtocolPlayerUsed=0 
V/MediaPlayerService(   89): [58] isPlaying: 1
V/MediaPlayer( 2765): isPlaying: 1
I/CmpbPlayer(   89): [CMPBPLAYER][INFO][isPlaying]line:3259 cmpb_isPlaying = 1, mSeekDoneNeedPlay = 0, m_bProtocolPlayerUsed=0 
V/MediaPlayerService(   89): [58] isPlaying: 1
V/MediaPlayer( 2765): isPlaying: 1
V/MediaPlayer( 2765): getCurrentPosition
V/MediaPlayerService(   89): getCurrentPosition
D/CmpbPlayer(   89): [CMPBPLAYER][DEBUG][getCurrentPosition]line:3405 Current time(0x41afdd54, 27000)!
V/MediaPlayerService(   89): [58] getCurrentPosition = 27000
I/CmpbPlayer(   89): [CMPBPLAYER][INFO][isPlaying]line:3259 cmpb_isPlaying = 1, mSeekDoneNeedPlay = 0, m_bProtocolPlayerUsed=0 
V/MediaPlayerService(   89): [58] isPlaying: 1
V/MediaPlayer( 2765): isPlaying: 1
V/MediaPlayer( 2765): getCurrentPosition
V/MediaPlayerService(   89): getCurrentPosition
D/CmpbPlayer(   89): [CMPBPLAYER][DEBUG][getCurrentPosition]line:3405 Current time(0x42cebd54, 27000)!
V/MediaPlayerService(   89): [58] getCurrentPosition = 27000
I/CmpbPlayer(   89): [CMPBPLAYER][INFO][isPlaying]line:3259 cmpb_isPlaying = 1, mSeekDoneNeedPlay = 0, m_bProtocolPlayerUsed=0 
V/MediaPlayerService(   89): [58] isPlaying: 1
V/MediaPlayer( 2765): isPlaying: 1
I/CmpbPlayer(   89): [CMPBPLAYER][INFO][isPlaying]line:3259 cmpb_isPlaying = 1, mSeekDoneNeedPlay = 0, m_bProtocolPlayerUsed=0 
V/MediaPlayerService(   89): [58] isPlaying: 1
V/MediaPlayer( 2765): isPlaying: 1
V/MediaPlayer( 2765): getCurrentPosition
V/MediaPlayerService(   89): getCurrentPosition
D/CmpbPlayer(   89): [CMPBPLAYER][DEBUG][getCurrentPosition]line:3405 Current time(0x41e2ad54, 27000)!
V/MediaPlayerService(   89): [58] getCurrentPosition = 27000
I/CmpbPlayer(   89): [CMPBPLAYER][INFO][isPlaying]line:3259 cmpb_isPlaying = 1, mSeekDoneNeedPlay = 0, m_bProtocolPlayerUsed=0 
V/MediaPlayerService(   89): [58] isPlaying: 1
V/MediaPlayer( 2765): isPlaying: 1
V/MediaPlayer( 2765): getCurrentPosition
V/MediaPlayerService(   89): getCurrentPosition
D/CmpbPlayer(   89): [CMPBPLAYER][DEBUG][getCurrentPosition]line:3405 Current time(0xbee069d4, 27000)!
V/MediaPlayerService(   89): [58] getCurrentPosition = 27000
I/CmpbPlayer(   89): [CMPBPLAYER][INFO][isPlaying]line:3259 cmpb_isPlaying = 1, mSeekDoneNeedPlay = 0, m_bProtocolPlayerUsed=0 
V/MediaPlayerService(   89): [58] isPlaying: 1
V/MediaPlayer( 2765): isPlaying: 1
I/CmpbPlayer(   89): [CMPBPLAYER][INFO][isPlaying]line:3259 cmpb_isPlaying = 1, mSeekDoneNeedPlay = 0, m_bProtocolPlayerUsed=0 
V/MediaPlayerService(   89): [58] isPlaying: 1
V/MediaPlayer( 2765): isPlaying: 1
V/MediaPlayer( 2765): getCurrentPosition
V/MediaPlayerService(   89): getCurrentPosition
D/CmpbPlayer(   89): [CMPBPLAYER][DEBUG][getCurrentPosition]line:3405 Current time(0x42cebd54, 27000)!
V/MediaPlayerService(   89): [58] getCurrentPosition = 27000
I/CmpbPlayer(   89): [CMPBPLAYER][INFO][isPlaying]line:3259 cmpb_isPlaying = 1, mSeekDoneNeedPlay = 0, m_bProtocolPlayerUsed=0 
V/MediaPlayerService(   89): [58] isPlaying: 1
V/MediaPlayer( 2765): isPlaying: 1
V/MediaPlayer( 2765): getCurrentPosition
V/MediaPlayerService(   89): getCurrentPosition
D/CmpbPlayer(   89): [CMPBPLAYER][DEBUG][getCurrentPosition]line:3405 Current time(0x41afdd54, 27000)!
V/MediaPlayerService(   89): [58] getCurrentPosition = 27000
I/CmpbPlayer(   89): [CMPBPLAYER][INFO][isPlaying]line:3259 cmpb_isPlaying = 1, mSeekDoneNeedPlay = 0, m_bProtocolPlayerUsed=0 
V/MediaPlayerService(   89): [58] isPlaying: 1
V/MediaPlayer( 2765): isPlaying: 1
I/CmpbPlayer(   89): [CMPBPLAYER][INFO][isPlaying]line:3259 cmpb_isPlaying = 1, mSeekDoneNeedPlay = 0, m_bProtocolPlayerUsed=0 
V/MediaPlayerService(   89): [58] isPlaying: 1
V/MediaPlayer( 2765): isPlaying: 1
V/MediaPlayer( 2765): getCurrentPosition
V/MediaPlayerService(   89): getCurrentPosition
D/CmpbPlayer(   89): [CMPBPLAYER][DEBUG][getCurrentPosition]line:3405 Current time(0xbee069d4, 27000)!
V/MediaPlayerService(   89): [58] getCurrentPosition = 27000
I/CmpbPlayer(   89): [CMPBPLAYER][INFO][isPlaying]line:3259 cmpb_isPlaying = 1, mSeekDoneNeedPlay = 0, m_bProtocolPlayerUsed=0 
V/MediaPlayerService(   89): [58] isPlaying: 1
V/MediaPlayer( 2765): isPlaying: 1
V/MediaPlayer( 2765): getCurrentPosition
V/MediaPlayerService(   89): getCurrentPosition
D/CmpbPlayer(   89): [CMPBPLAYER][DEBUG][getCurrentPosition]line:3405 Current time(0x41e2ad54, 27000)!
V/MediaPlayerService(   89): [58] getCurrentPosition = 27000
I/CmpbPlayer(   89): [CMPBPLAYER][INFO][isPlaying]line:3259 cmpb_isPlaying = 1, mSeekDoneNeedPlay = 0, m_bProtocolPlayerUsed=0 
V/MediaPlayerService(   89): [58] isPlaying: 1
V/MediaPlayer( 2765): isPlaying: 1
I/CmpbPlayer(   89): [CMPBPLAYER][INFO][isPlaying]line:3259 cmpb_isPlaying = 1, mSeekDoneNeedPlay = 0, m_bProtocolPlayerUsed=0 
V/MediaPlayerService(   89): [58] isPlaying: 1
V/MediaPlayer( 2765): isPlaying: 1
V/MediaPlayer( 2765): getCurrentPosition
V/MediaPlayerService(   89): getCurrentPosition
D/CmpbPlayer(   89): [CMPBPLAYER][DEBUG][getCurrentPosition]line:3405 Current time(0x41afdd54, 27000)!
V/MediaPlayerService(   89): [58] getCurrentPosition = 27000
I/CmpbPlayer(   89): [CMPBPLAYER][INFO][isPlaying]line:3259 cmpb_isPlaying = 1, mSeekDoneNeedPlay = 0, m_bProtocolPlayerUsed=0 
V/MediaPlayerService(   89): [58] isPlaying: 1
V/MediaPlayer( 2765): isPlaying: 1
V/MediaPlayer( 2765): getCurrentPosition
V/MediaPlayerService(   89): getCurrentPosition
D/CmpbPlayer(   89): [CMPBPLAYER][DEBUG][getCurrentPosition]line:3405 Current time(0x42cebd54, 27000)!
V/MediaPlayerService(   89): [58] getCurrentPosition = 27000
I/CmpbPlayer(   89): [CMPBPLAYER][INFO][isPlaying]line:3259 cmpb_isPlaying = 1, mSeekDoneNeedPlay = 0, m_bProtocolPlayerUsed=0 
V/MediaPlayerService(   89): [58] isPlaying: 1
V/MediaPlayer( 2765): isPlaying: 1
I/CmpbPlayer(   89): [CMPBPLAYER][INFO][isPlaying]line:3259 cmpb_isPlaying = 1, mSeekDoneNeedPlay = 0, m_bProtocolPlayerUsed=0 
V/MediaPlayerService(   89): [58] isPlaying: 1
V/MediaPlayer( 2765): isPlaying: 1
V/MediaPlayer( 2765): getCurrentPosition
V/MediaPlayerService(   89): getCurrentPosition
D/CmpbPlayer(   89): [CMPBPLAYER][DEBUG][getCurrentPosition]line:3405 Current time(0x41e2ad54, 27000)!
V/MediaPlayerService(   89): [58] getCurrentPosition = 27000
I/CmpbPlayer(   89): [CMPBPLAYER][INFO][isPlaying]line:3259 cmpb_isPlaying = 1, mSeekDoneNeedPlay = 0, m_bProtocolPlayerUsed=0 
V/MediaPlayerService(   89): [58] isPlaying: 1
V/MediaPlayer( 2765): isPlaying: 1
V/MediaPlayer( 2765): getCurrentPosition
V/MediaPlayerService(   89): getCurrentPosition
D/CmpbPlayer(   89): [CMPBPLAYER][DEBUG][getCurrentPosition]line:3405 Current time(0xbee069d4, 27000)!
V/MediaPlayerService(   89): [58] getCurrentPosition = 27000
I/CmpbPlayer(   89): [CMPBPLAYER][INFO][isPlaying]line:3259 cmpb_isPlaying = 1, mSeekDoneNeedPlay = 0, m_bProtocolPlayerUsed=0 
V/MediaPlayerService(   89): [58] isPlaying: 1
V/MediaPlayer( 2765): isPlaying: 1
I/CmpbPlayer(   89): [CMPBPLAYER][INFO][isPlaying]line:3259 cmpb_isPlaying = 1, mSeekDoneNeedPlay = 0, m_bProtocolPlayerUsed=0 
V/MediaPlayerService(   89): [58] isPlaying: 1
V/MediaPlayer( 2765): isPlaying: 1
V/MediaPlayer( 2765): getCurrentPosition
V/MediaPlayerService(   89): getCurrentPosition
D/CmpbPlayer(   89): [CMPBPLAYER][DEBUG][getCurrentPosition]line:3405 Current time(0x42cebd54, 27000)!
V/MediaPlayerService(   89): [58] getCurrentPosition = 27000
I/CmpbPlayer(   89): [CMPBPLAYER][INFO][isPlaying]line:3259 cmpb_isPlaying = 1, mSeekDoneNeedPlay = 0, m_bProtocolPlayerUsed=0 
V/MediaPlayerService(   89): [58] isPlaying: 1
V/MediaPlayer( 2765): isPlaying: 1
V/MediaPlayer( 2765): getCurrentPosition
V/MediaPlayerService(   89): getCurrentPosition
D/CmpbPlayer(   89): [CMPBPLAYER][DEBUG][getCurrentPosition]line:3405 Current time(0x41afdd54, 27000)!
V/MediaPlayerService(   89): [58] getCurrentPosition = 27000
I/CmpbPlayer(   89): [CMPBPLAYER][INFO][isPlaying]line:3259 cmpb_isPlaying = 1, mSeekDoneNeedPlay = 0, m_bProtocolPlayerUsed=0 
V/MediaPlayerService(   89): [58] isPlaying: 1
V/MediaPlayer( 2765): isPlaying: 1
I/CmpbPlayer(   89): [CMPBPLAYER][INFO][isPlaying]line:3259 cmpb_isPlaying = 1, mSeekDoneNeedPlay = 0, m_bProtocolPlayerUsed=0 
V/MediaPlayerService(   89): [58] isPlaying: 1
V/MediaPlayer( 2765): isPlaying: 1
V/MediaPlayer( 2765): getCurrentPosition
V/MediaPlayerService(   89): getCurrentPosition
D/CmpbPlayer(   89): [CMPBPLAYER][DEBUG][getCurrentPosition]line:3405 Current time(0xbee069d4, 27000)!
V/MediaPlayerService(   89): [58] getCurrentPosition = 27000
I/CmpbPlayer(   89): [CMPBPLAYER][INFO][isPlaying]line:3259 cmpb_isPlaying = 1, mSeekDoneNeedPlay = 0, m_bProtocolPlayerUsed=0 
V/MediaPlayerService(   89): [58] isPlaying: 1
V/MediaPlayer( 2765): isPlaying: 1
V/MediaPlayer( 2765): getCurrentPosition
V/MediaPlayerService(   89): getCurrentPosition
D/CmpbPlayer(   89): [CMPBPLAYER][DEBUG][getCurrentPosition]line:3405 Current time(0x41e2ad54, 27000)!
V/MediaPlayerService(   89): [58] getCurrentPosition = 27000
I/CmpbPlayer(   89): [CMPBPLAYER][INFO][isPlaying]line:3259 cmpb_isPlaying = 1, mSeekDoneNeedPlay = 0, m_bProtocolPlayerUsed=0 
V/MediaPlayerService(   89): [58] isPlaying: 1
V/MediaPlayer( 2765): isPlaying: 1
I/CmpbPlayer(   89): [CMPBPLAYER][INFO][isPlaying]line:3259 cmpb_isPlaying = 1, mSeekDoneNeedPlay = 0, m_bProtocolPlayerUsed=0 
V/MediaPlayerService(   89): [58] isPlaying: 1
V/MediaPlayer( 2765): isPlaying: 1
V/MediaPlayer( 2765): getCurrentPosition
V/MediaPlayerService(   89): getCurrentPosition
D/CmpbPlayer(   89): [CMPBPLAYER][DEBUG][getCurrentPosition]line:3405 Current time(0x41afdd54, 27000)!
V/MediaPlayerService(   89): [58] getCurrentPosition = 27000
I/CmpbPlayer(   89): [CMPBPLAYER][INFO][isPlaying]line:3259 cmpb_isPlaying = 1, mSeekDoneNeedPlay = 0, m_bProtocolPlayerUsed=0 
V/MediaPlayerService(   89): [58] isPlaying: 1
V/MediaPlayer( 2765): isPlaying: 1
V/MediaPlayer( 2765): getCurrentPosition
V/MediaPlayerService(   89): getCurrentPosition
D/CmpbPlayer(   89): [CMPBPLAYER][DEBUG][getCurrentPosition]line:3405 Current time(0x42cebd54, 27000)!
V/MediaPlayerService(   89): [58] getCurrentPosition = 27000
I/CmpbPlayer(   89): [CMPBPLAYER][INFO][isPlaying]line:3259 cmpb_isPlaying = 1, mSeekDoneNeedPlay = 0, m_bProtocolPlayerUsed=0 
V/MediaPlayerService(   89): [58] isPlaying: 1
V/MediaPlayer( 2765): isPlaying: 1
I/CmpbPlayer(   89): [CMPBPLAYER][INFO][isPlaying]line:3259 cmpb_isPlaying = 1, mSeekDoneNeedPlay = 0, m_bProtocolPlayerUsed=0 
V/MediaPlayerService(   89): [58] isPlaying: 1
V/MediaPlayer( 2765): isPlaying: 1
V/MediaPlayer( 2765): getCurrentPosition
V/MediaPlayerService(   89): getCurrentPosition
D/CmpbPlayer(   89): [CMPBPLAYER][DEBUG][getCurrentPosition]line:3405 Current time(0x41e2ad54, 27000)!
V/MediaPlayerService(   89): [58] getCurrentPosition = 27000
I/CmpbPlayer(   89): [CMPBPLAYER][INFO][isPlaying]line:3259 cmpb_isPlaying = 1, mSeekDoneNeedPlay = 0, m_bProtocolPlayerUsed=0 
V/MediaPlayerService(   89): [58] isPlaying: 1
V/MediaPlayer( 2765): isPlaying: 1
V/MediaPlayer( 2765): getCurrentPosition
V/MediaPlayerService(   89): getCurrentPosition
D/CmpbPlayer(   89): [CMPBPLAYER][DEBUG][getCurrentPosition]line:3405 Current time(0xbee069d4, 27000)!
V/MediaPlayerService(   89): [58] getCurrentPosition = 27000
I/CmpbPlayer(   89): [CMPBPLAYER][INFO][isPlaying]line:3259 cmpb_isPlaying = 1, mSeekDoneNeedPlay = 0, m_bProtocolPlayerUsed=0 
V/MediaPlayerService(   89): [58] isPlaying: 1
V/MediaPlayer( 2765): isPlaying: 1
I/CmpbPlayer(   89): [CMPBPLAYER][INFO][isPlaying]line:3259 cmpb_isPlaying = 1, mSeekDoneNeedPlay = 0, m_bProtocolPlayerUsed=0 
V/MediaPlayerService(   89): [58] isPlaying: 1
V/MediaPlayer( 2765): isPlaying: 1
V/MediaPlayer( 2765): getCurrentPosition
V/MediaPlayerService(   89): getCurrentPosition
D/CmpbPlayer(   89): [CMPBPLAYER][DEBUG][getCurrentPosition]line:3405 Current time(0x42cebd54, 27000)!
V/MediaPlayerService(   89): [58] getCurrentPosition = 27000
I/CmpbPlayer(   89): [CMPBPLAYER][INFO][isPlaying]line:3259 cmpb_isPlaying = 1, mSeekDoneNeedPlay = 0, m_bProtocolPlayerUsed=0 
V/MediaPlayerService(   89): [58] isPlaying: 1
V/MediaPlayer( 2765): isPlaying: 1
V/MediaPlayer( 2765): getCurrentPosition
V/MediaPlayerService(   89): getCurrentPosition
D/CmpbPlayer(   89): [CMPBPLAYER][DEBUG][getCurrentPosition]line:3405 Current time(0x41afdd54, 27000)!
V/MediaPlayerService(   89): [58] getCurrentPosition = 27000
I/CmpbPlayer(   89): [CMPBPLAYER][INFO][isPlaying]line:3259 cmpb_isPlaying = 1, mSeekDoneNeedPlay = 0, m_bProtocolPlayerUsed=0 
V/MediaPlayerService(   89): [58] isPlaying: 1
V/MediaPlayer( 2765): isPlaying: 1
I/CmpbPlayer(   89): [CMPBPLAYER][INFO][isPlaying]line:3259 cmpb_isPlaying = 1, mSeekDoneNeedPlay = 0, m_bProtocolPlayerUsed=0 
V/MediaPlayerService(   89): [58] isPlaying: 1
V/MediaPlayer( 2765): isPlaying: 1
V/MediaPlayer( 2765): getCurrentPosition
V/MediaPlayerService(   89): getCurrentPosition
D/CmpbPlayer(   89): [CMPBPLAYER][DEBUG][getCurrentPosition]line:3405 Current time(0xbee069d4, 27000)!
V/MediaPlayerService(   89): [58] getCurrentPosition = 27000
I/CmpbPlayer(   89): [CMPBPLAYER][INFO][isPlaying]line:3259 cmpb_isPlaying = 1, mSeekDoneNeedPlay = 0, m_bProtocolPlayerUsed=0 
V/MediaPlayerService(   89): [58] isPlaying: 1
V/MediaPlayer( 2765): isPlaying: 1
V/MediaPlayer( 2765): getCurrentPosition
V/MediaPlayerService(   89): getCurrentPosition
D/CmpbPlayer(   89): [CMPBPLAYER][DEBUG][getCurrentPosition]line:3405 Current time(0x41e2ad54, 27000)!
V/MediaPlayerService(   89): [58] getCurrentPosition = 27000
I/CmpbPlayer(   89): [CMPBPLAYER][INFO][isPlaying]line:3259 cmpb_isPlaying = 1, mSeekDoneNeedPlay = 0, m_bProtocolPlayerUsed=0 
V/MediaPlayerService(   89): [58] isPlaying: 1
V/MediaPlayer( 2765): isPlaying: 1
I/CmpbPlayer(   89): [CMPBPLAYER][INFO][isPlaying]line:3259 cmpb_isPlaying = 1, mSeekDoneNeedPlay = 0, m_bProtocolPlayerUsed=0 
V/MediaPlayerService(   89): [58] isPlaying: 1
V/MediaPlayer( 2765): isPlaying: 1
V/MediaPlayer( 2765): getCurrentPosition
V/MediaPlayerService(   89): getCurrentPosition
D/CmpbPlayer(   89): [CMPBPLAYER][DEBUG][getCurrentPosition]line:3405 Current time(0x41afdd54, 27000)!
V/MediaPlayerService(   89): [58] getCurrentPosition = 27000
I/CmpbPlayer(   89): [CMPBPLAYER][INFO][isPlaying]line:3259 cmpb_isPlaying = 1, mSeekDoneNeedPlay = 0, m_bProtocolPlayerUsed=0 
V/MediaPlayerService(   89): [58] isPlaying: 1
V/MediaPlayer( 2765): isPlaying: 1
V/MediaPlayer( 2765): getCurrentPosition
V/MediaPlayerService(   89): getCurrentPosition
D/CmpbPlayer(   89): [CMPBPLAYER][DEBUG][getCurrentPosition]line:3405 Current time(0x42cebd54, 27000)!
V/MediaPlayerService(   89): [58] getCurrentPosition = 27000
I/CmpbPlayer(   89): [CMPBPLAYER][INFO][isPlaying]line:3259 cmpb_isPlaying = 1, mSeekDoneNeedPlay = 0, m_bProtocolPlayerUsed=0 
V/MediaPlayerService(   89): [58] isPlaying: 1
V/MediaPlayer( 2765): isPlaying: 1
I/CmpbPlayer(   89): [CMPBPLAYER][INFO][isPlaying]line:3259 cmpb_isPlaying = 1, mSeekDoneNeedPlay = 0, m_bProtocolPlayerUsed=0 
V/MediaPlayerService(   89): [58] isPlaying: 1
V/MediaPlayer( 2765): isPlaying: 1
V/MediaPlayer( 2765): getCurrentPosition
V/MediaPlayerService(   89): getCurrentPosition
D/CmpbPlayer(   89): [CMPBPLAYER][DEBUG][getCurrentPosition]line:3405 Current time(0x41e2ad54, 27000)!
V/MediaPlayerService(   89): [58] getCurrentPosition = 27000
I/CmpbPlayer(   89): [CMPBPLAYER][INFO][isPlaying]line:3259 cmpb_isPlaying = 1, mSeekDoneNeedPlay = 0, m_bProtocolPlayerUsed=0 
V/MediaPlayerService(   89): [58] isPlaying: 1
V/MediaPlayer( 2765): isPlaying: 1
V/MediaPlayer( 2765): getCurrentPosition
V/MediaPlayerService(   89): getCurrentPosition
D/CmpbPlayer(   89): [CMPBPLAYER][DEBUG][getCurrentPosition]line:3405 Current time(0xbee069d4, 27000)!
V/MediaPlayerService(   89): [58] getCurrentPosition = 27000
I/CmpbPlayer(   89): [CMPBPLAYER][INFO][isPlaying]line:3259 cmpb_isPlaying = 1, mSeekDoneNeedPlay = 0, m_bProtocolPlayerUsed=0 
V/MediaPlayerService(   89): [58] isPlaying: 1
V/MediaPlayer( 2765): isPlaying: 1
I/CmpbPlayer(   89): [CMPBPLAYER][INFO][isPlaying]line:3259 cmpb_isPlaying = 1, mSeekDoneNeedPlay = 0, m_bProtocolPlayerUsed=0 
V/MediaPlayerService(   89): [58] isPlaying: 1
V/MediaPlayer( 2765): isPlaying: 1
V/MediaPlayer( 2765): getCurrentPosition
V/MediaPlayerService(   89): getCurrentPosition
D/CmpbPlayer(   89): [CMPBPLAYER][DEBUG][getCurrentPosition]line:3405 Current time(0x42cebd54, 27000)!
V/MediaPlayerService(   89): [58] getCurrentPosition = 27000
I/CmpbPlayer(   89): [CMPBPLAYER][INFO][isPlaying]line:3259 cmpb_isPlaying = 1, mSeekDoneNeedPlay = 0, m_bProtocolPlayerUsed=0 
V/MediaPlayerService(   89): [58] isPlaying: 1
V/MediaPlayer( 2765): isPlaying: 1
V/MediaPlayer( 2765): getCurrentPosition
V/MediaPlayerService(   89): getCurrentPosition
D/CmpbPlayer(   89): [CMPBPLAYER][DEBUG][getCurrentPosition]line:3405 Current time(0x41afdd54, 27000)!
V/MediaPlayerService(   89): [58] getCurrentPosition = 27000
I/CmpbPlayer(   89): [CMPBPLAYER][INFO][isPlaying]line:3259 cmpb_isPlaying = 1, mSeekDoneNeedPlay = 0, m_bProtocolPlayerUsed=0 
V/MediaPlayerService(   89): [58] isPlaying: 1
V/MediaPlayer( 2765): isPlaying: 1
I/CmpbPlayer(   89): [CMPBPLAYER][INFO][isPlaying]line:3259 cmpb_isPlaying = 1, mSeekDoneNeedPlay = 0, m_bProtocolPlayerUsed=0 
V/MediaPlayerService(   89): [58] isPlaying: 1
V/MediaPlayer( 2765): isPlaying: 1
V/MediaPlayer( 2765): getCurrentPosition
V/MediaPlayerService(   89): getCurrentPosition
D/CmpbPlayer(   89): [CMPBPLAYER][DEBUG][getCurrentPosition]line:3405 Current time(0xbee069d4, 27000)!
V/MediaPlayerService(   89): [58] getCurrentPosition = 27000
I/CmpbPlayer(   89): [CMPBPLAYER][INFO][isPlaying]line:3259 cmpb_isPlaying = 1, mSeekDoneNeedPlay = 0, m_bProtocolPlayerUsed=0 
V/MediaPlayerService(   89): [58] isPlaying: 1
V/MediaPlayer( 2765): isPlaying: 1
V/MediaPlayer( 2765): getCurrentPosition
V/MediaPlayerService(   89): getCurrentPosition
D/CmpbPlayer(   89): [CMPBPLAYER][DEBUG][getCurrentPosition]line:3405 Current time(0x41e2ad54, 27000)!
V/MediaPlayerService(   89): [58] getCurrentPosition = 27000
I/CmpbPlayer(   89): [CMPBPLAYER][INFO][isPlaying]line:3259 cmpb_isPlaying = 1, mSeekDoneNeedPlay = 0, m_bProtocolPlayerUsed=0 
V/MediaPlayerService(   89): [58] isPlaying: 1
V/MediaPlayer( 2765): isPlaying: 1
I/CmpbPlayer(   89): [CMPBPLAYER][INFO][isPlaying]line:3259 cmpb_isPlaying = 1, mSeekDoneNeedPlay = 0, m_bProtocolPlayerUsed=0 
V/MediaPlayerService(   89): [58] isPlaying: 1
V/MediaPlayer( 2765): isPlaying: 1
V/MediaPlayer( 2765): getCurrentPosition
V/MediaPlayerService(   89): getCurrentPosition
D/CmpbPlayer(   89): [CMPBPLAYER][DEBUG][getCurrentPosition]line:3405 Current time(0x41afdd54, 27000)!
V/MediaPlayerService(   89): [58] getCurrentPosition = 27000
D/dalvikvm( 2765): GC_CONCURRENT freed 2066K, 6% free 41757K/44295K, paused 2ms+7ms
I/CmpbPlayer(   89): [CMPBPLAYER][INFO][isPlaying]line:3259 cmpb_isPlaying = 1, mSeekDoneNeedPlay = 0, m_bProtocolPlayerUsed=0 
V/MediaPlayerService(   89): [58] isPlaying: 1
V/MediaPlayer( 2765): isPlaying: 1
V/MediaPlayer( 2765): getCurrentPosition
V/MediaPlayerService(   89): getCurrentPosition
D/CmpbPlayer(   89): [CMPBPLAYER][DEBUG][getCurrentPosition]line:3405 Current time(0x42cebd54, 27000)!
V/MediaPlayerService(   89): [58] getCurrentPosition = 27000
I/CmpbPlayer(   89): [CMPBPLAYER][INFO][isPlaying]line:3259 cmpb_isPlaying = 1, mSeekDoneNeedPlay = 0, m_bProtocolPlayerUsed=0 
V/MediaPlayerService(   89): [58] isPlaying: 1
V/MediaPlayer( 2765): isPlaying: 1
I/CmpbPlayer(   89): [CMPBPLAYER][INFO][isPlaying]line:3259 cmpb_isPlaying = 1, mSeekDoneNeedPlay = 0, m_bProtocolPlayerUsed=0 
V/MediaPlayerService(   89): [58] isPlaying: 1
V/MediaPlayer( 2765): isPlaying: 1
V/MediaPlayer( 2765): getCurrentPosition
V/MediaPlayerService(   89): getCurrentPosition
D/CmpbPlayer(   89): [CMPBPLAYER][DEBUG][getCurrentPosition]line:3405 Current time(0x41e2ad54, 27000)!
V/MediaPlayerService(   89): [58] getCurrentPosition = 27000
I/CmpbPlayer(   89): [CMPBPLAYER][INFO][isPlaying]line:3259 cmpb_isPlaying = 1, mSeekDoneNeedPlay = 0, m_bProtocolPlayerUsed=0 
V/MediaPlayerService(   89): [58] isPlaying: 1
V/MediaPlayer( 2765): isPlaying: 1
V/MediaPlayer( 2765): getCurrentPosition
V/MediaPlayerService(   89): getCurrentPosition
D/CmpbPlayer(   89): [CMPBPLAYER][DEBUG][getCurrentPosition]line:3405 Current time(0xbee069d4, 27000)!
V/MediaPlayerService(   89): [58] getCurrentPosition = 27000
I/CmpbPlayer(   89): [CMPBPLAYER][INFO][isPlaying]line:3259 cmpb_isPlaying = 1, mSeekDoneNeedPlay = 0, m_bProtocolPlayerUsed=0 
V/MediaPlayerService(   89): [58] isPlaying: 1
V/MediaPlayer( 2765): isPlaying: 1
I/CmpbPlayer(   89): [CMPBPLAYER][INFO][isPlaying]line:3259 cmpb_isPlaying = 1, mSeekDoneNeedPlay = 0, m_bProtocolPlayerUsed=0 
V/MediaPlayerService(   89): [58] isPlaying: 1
V/MediaPlayer( 2765): isPlaying: 1
V/MediaPlayer( 2765): getCurrentPosition
V/MediaPlayerService(   89): getCurrentPosition
D/CmpbPlayer(   89): [CMPBPLAYER][DEBUG][getCurrentPosition]line:3405 Current time(0x42cebd54, 27000)!
V/MediaPlayerService(   89): [58] getCurrentPosition = 27000
I/CmpbPlayer(   89): [CMPBPLAYER][INFO][isPlaying]line:3259 cmpb_isPlaying = 1, mSeekDoneNeedPlay = 0, m_bProtocolPlayerUsed=0 
V/MediaPlayerService(   89): [58] isPlaying: 1
V/MediaPlayer( 2765): isPlaying: 1
V/MediaPlayer( 2765): getCurrentPosition
V/MediaPlayerService(   89): getCurrentPosition
D/CmpbPlayer(   89): [CMPBPLAYER][DEBUG][getCurrentPosition]line:3405 Current time(0x41afdd54, 27000)!
V/MediaPlayerService(   89): [58] getCurrentPosition = 27000
I/CmpbPlayer(   89): [CMPBPLAYER][INFO][isPlaying]line:3259 cmpb_isPlaying = 1, mSeekDoneNeedPlay = 0, m_bProtocolPlayerUsed=0 
V/MediaPlayerService(   89): [58] isPlaying: 1
V/MediaPlayer( 2765): isPlaying: 1
I/CmpbPlayer(   89): [CMPBPLAYER][INFO][isPlaying]line:3259 cmpb_isPlaying = 1, mSeekDoneNeedPlay = 0, m_bProtocolPlayerUsed=0 
V/MediaPlayerService(   89): [58] isPlaying: 1
V/MediaPlayer( 2765): isPlaying: 1
V/MediaPlayer( 2765): getCurrentPosition
V/MediaPlayerService(   89): getCurrentPosition
D/CmpbPlayer(   89): [CMPBPLAYER][DEBUG][getCurrentPosition]line:3405 Current time(0xbee069d4, 27000)!
V/MediaPlayerService(   89): [58] getCurrentPosition = 27000
I/CmpbPlayer(   89): [CMPBPLAYER][INFO][isPlaying]line:3259 cmpb_isPlaying = 1, mSeekDoneNeedPlay = 0, m_bProtocolPlayerUsed=0 
V/MediaPlayerService(   89): [58] isPlaying: 1
V/MediaPlayer( 2765): isPlaying: 1
V/MediaPlayer( 2765): getCurrentPosition
V/MediaPlayerService(   89): getCurrentPosition
D/CmpbPlayer(   89): [CMPBPLAYER][DEBUG][getCurrentPosition]line:3405 Current time(0x41e2ad54, 27000)!
V/MediaPlayerService(   89): [58] getCurrentPosition = 27000
D/dalvikvm(  262): GC_FOR_ALLOC freed 1532K, 14% free 24698K/28679K, paused 43ms
D/StateMachine(  147): handleMessage: E msg.what=131155
D/StateMachine(  147): processMsg: ConnectedState
D/WifiStateMachine(  147): ConnectedState{ what=131155 when=-4ms arg1=6 }
D/WifiHW  (  147): send cmd is SIGNAL_POLL 
D/StateMachine(  147): handleMessage: X
I/CmpbPlayer(   89): [CMPBPLAYER][INFO][isPlaying]line:3259 cmpb_isPlaying = 1, mSeekDoneNeedPlay = 0, m_bProtocolPlayerUsed=0 
V/MediaPlayerService(   89): [58] isPlaying: 1
V/MediaPlayer( 2765): isPlaying: 1
I/CmpbPlayer(   89): [CMPBPLAYER][INFO][isPlaying]line:3259 cmpb_isPlaying = 1, mSeekDoneNeedPlay = 0, m_bProtocolPlayerUsed=0 
V/MediaPlayerService(   89): [58] isPlaying: 1
V/MediaPlayer( 2765): isPlaying: 1
V/MediaPlayer( 2765): getCurrentPosition
V/MediaPlayerService(   89): getCurrentPosition
D/CmpbPlayer(   89): [CMPBPLAYER][DEBUG][getCurrentPosition]line:3405 Current time(0x41afdd54, 27000)!
V/MediaPlayerService(   89): [58] getCurrentPosition = 27000
I/CmpbPlayer(   89): [CMPBPLAYER][INFO][isPlaying]line:3259 cmpb_isPlaying = 1, mSeekDoneNeedPlay = 0, m_bProtocolPlayerUsed=0 
V/MediaPlayerService(   89): [58] isPlaying: 1
V/MediaPlayer( 2765): isPlaying: 1
V/MediaPlayer( 2765): getCurrentPosition
V/MediaPlayerService(   89): getCurrentPosition
D/CmpbPlayer(   89): [CMPBPLAYER][DEBUG][getCurrentPosition]line:3405 Current time(0x42cebd54, 27000)!
V/MediaPlayerService(   89): [58] getCurrentPosition = 27000
D/dalvikvm( 2765): GC_CONCURRENT freed 2020K, 6% free 41779K/44295K, paused 1ms+9ms
I/CmpbPlayer(   89): [CMPBPLAYER][INFO][isPlaying]line:3259 cmpb_isPlaying = 1, mSeekDoneNeedPlay = 0, m_bProtocolPlayerUsed=0 
V/MediaPlayerService(   89): [58] isPlaying: 1
V/MediaPlayer( 2765): isPlaying: 1
I/CmpbPlayer(   89): [CMPBPLAYER][INFO][isPlaying]line:3259 cmpb_isPlaying = 1, mSeekDoneNeedPlay = 0, m_bProtocolPlayerUsed=0 
V/MediaPlayerService(   89): [58] isPlaying: 1
V/MediaPlayer( 2765): isPlaying: 1
V/MediaPlayer( 2765): getCurrentPosition
V/MediaPlayerService(   89): getCurrentPosition
D/CmpbPlayer(   89): [CMPBPLAYER][DEBUG][getCurrentPosition]line:3405 Current time(0x41e2ad54, 27000)!
V/MediaPlayerService(   89): [58] getCurrentPosition = 27000
I/CmpbPlayer(   89): [CMPBPLAYER][INFO][isPlaying]line:3259 cmpb_isPlaying = 1, mSeekDoneNeedPlay = 0, m_bProtocolPlayerUsed=0 
V/MediaPlayerService(   89): [58] isPlaying: 1
V/MediaPlayer( 2765): isPlaying: 1
V/MediaPlayer( 2765): getCurrentPosition
V/MediaPlayerService(   89): getCurrentPosition
D/CmpbPlayer(   89): [CMPBPLAYER][DEBUG][getCurrentPosition]line:3405 Current time(0xbee069d4, 27000)!
V/MediaPlayerService(   89): [58] getCurrentPosition = 27000
I/CmpbPlayer(   89): [CMPBPLAYER][INFO][isPlaying]line:3259 cmpb_isPlaying = 1, mSeekDoneNeedPlay = 0, m_bProtocolPlayerUsed=0 
V/MediaPlayerService(   89): [58] isPlaying: 1
V/MediaPlayer( 2765): isPlaying: 1
I/CmpbPlayer(   89): [CMPBPLAYER][INFO][isPlaying]line:3259 cmpb_isPlaying = 1, mSeekDoneNeedPlay = 0, m_bProtocolPlayerUsed=0 
V/MediaPlayerService(   89): [58] isPlaying: 1
V/MediaPlayer( 2765): isPlaying: 1
V/MediaPlayer( 2765): getCurrentPosition
V/MediaPlayerService(   89): getCurrentPosition
D/CmpbPlayer(   89): [CMPBPLAYER][DEBUG][getCurrentPosition]line:3405 Current time(0x42cebd54, 27000)!
V/MediaPlayerService(   89): [58] getCurrentPosition = 27000
I/CmpbPlayer(   89): [CMPBPLAYER][INFO][isPlaying]line:3259 cmpb_isPlaying = 1, mSeekDoneNeedPlay = 0, m_bProtocolPlayerUsed=0 
V/MediaPlayerService(   89): [58] isPlaying: 1
V/MediaPlayer( 2765): isPlaying: 1
V/MediaPlayer( 2765): getCurrentPosition
V/MediaPlayerService(   89): getCurrentPosition
D/CmpbPlayer(   89): [CMPBPLAYER][DEBUG][getCurrentPosition]line:3405 Current time(0x41afdd54, 27000)!
V/MediaPlayerService(   89): [58] getCurrentPosition = 27000
I/CmpbPlayer(   89): [CMPBPLAYER][INFO][isPlaying]line:3259 cmpb_isPlaying = 1, mSeekDoneNeedPlay = 0, m_bProtocolPlayerUsed=0 
V/MediaPlayerService(   89): [58] isPlaying: 1
V/MediaPlayer( 2765): isPlaying: 1
I/CmpbPlayer(   89): [CMPBPLAYER][INFO][isPlaying]line:3259 cmpb_isPlaying = 1, mSeekDoneNeedPlay = 0, m_bProtocolPlayerUsed=0 
V/MediaPlayerService(   89): [58] isPlaying: 1
V/MediaPlayer( 2765): isPlaying: 1
V/MediaPlayer( 2765): getCurrentPosition
V/MediaPlayerService(   89): getCurrentPosition
D/CmpbPlayer(   89): [CMPBPLAYER][DEBUG][getCurrentPosition]line:3405 Current time(0xbee069d4, 27000)!
V/MediaPlayerService(   89): [58] getCurrentPosition = 27000
I/CmpbPlayer(   89): [CMPBPLAYER][INFO][isPlaying]line:3259 cmpb_isPlaying = 1, mSeekDoneNeedPlay = 0, m_bProtocolPlayerUsed=0 
V/MediaPlayerService(   89): [58] isPlaying: 1
V/MediaPlayer( 2765): isPlaying: 1
V/MediaPlayer( 2765): getCurrentPosition
V/MediaPlayerService(   89): getCurrentPosition
D/CmpbPlayer(   89): [CMPBPLAYER][DEBUG][getCurrentPosition]line:3405 Current time(0x41e2ad54, 27000)!
V/MediaPlayerService(   89): [58] getCurrentPosition = 27000
I/CmpbPlayer(   89): [CMPBPLAYER][INFO][isPlaying]line:3259 cmpb_isPlaying = 1, mSeekDoneNeedPlay = 0, m_bProtocolPlayerUsed=0 
V/MediaPlayerService(   89): [58] isPlaying: 1
V/MediaPlayer( 2765): isPlaying: 1
I/CmpbPlayer(   89): [CMPBPLAYER][INFO][isPlaying]line:3259 cmpb_isPlaying = 1, mSeekDoneNeedPlay = 0, m_bProtocolPlayerUsed=0 
V/MediaPlayerService(   89): [58] isPlaying: 1
V/MediaPlayer( 2765): isPlaying: 1
V/MediaPlayer( 2765): getCurrentPosition
V/MediaPlayerService(   89): getCurrentPosition
D/CmpbPlayer(   89): [CMPBPLAYER][DEBUG][getCurrentPosition]line:3405 Current time(0x41afdd54, 27000)!
V/MediaPlayerService(   89): [58] getCurrentPosition = 27000
I/CmpbPlayer(   89): [CMPBPLAYER][INFO][isPlaying]line:3259 cmpb_isPlaying = 1, mSeekDoneNeedPlay = 0, m_bProtocolPlayerUsed=0 
V/MediaPlayerService(   89): [58] isPlaying: 1
V/MediaPlayer( 2765): isPlaying: 1
V/MediaPlayer( 2765): getCurrentPosition
V/MediaPlayerService(   89): getCurrentPosition
D/CmpbPlayer(   89): [CMPBPLAYER][DEBUG][getCurrentPosition]line:3405 Current time(0x42cebd54, 27000)!
V/MediaPlayerService(   89): [58] getCurrentPosition = 27000
I/CmpbPlayer(   89): [CMPBPLAYER][INFO][isPlaying]line:3259 cmpb_isPlaying = 1, mSeekDoneNeedPlay = 0, m_bProtocolPlayerUsed=0 
