D/NetlinkEvent(   83): NL param 'MAJOR=8'
D/NetlinkEvent(   83): NL param 'MINOR=18'
D/NetlinkEvent(   83): NL param 'DEVNAME=sdb2'
D/NetlinkEvent(   83): NL param 'DEVTYPE=partition'
D/NetlinkEvent(   83): NL param 'PARTN=2'
W/DirectVolume(   83): Get vold.firstMountDevice=usbdisk3 
W/DirectVolume(   83):  
D/DirectVolume(   83): Dv:partAdd: part_num = 2, minor = 18
W/Vold    (   83): get partition mount point:minor:16,mVolumeMinor:16-->/mnt/vold/usbdisk1
W/Vold    (   83):  
D/DirectVolume(   83): Dv:partAdd: partMountPoint=/mnt/vold/usbdisk1/sdb2
W/Vold    (   83): add partition mount point:minor:18,mVolumeMinor:16-->/mnt/vold/usbdisk1/sdb2
W/Vold    (   83):  
W/Vold    (   83): get partition mount point:minor:18,mVolumeMinor:16-->/mnt/vold/usbdisk1/sdb2
W/Vold    (   83):  
I/MountService(  147): onEvent:: raw= 630 Volume usbdisk1 /mnt/vold/usbdisk1 disk inserted (8:16) cooked =  630 Volume usbdisk1 /mnt/vold/usbdisk1 disk inserted (8:16)
I/MountService(  147): key:/mnt/vold/usbdisk1
I/MountService(  147): value:removed
I/MountService(  147): key:/mnt/sdcard
I/MountService(  147): value:removed
I/MountService(  147): key:/mnt/vold/satahdd
I/MountService(  147): value:removed
I/MountService(  147): key:/mnt/vold/usbdisk3/sda1
I/MountService(  147): value:bad_removal
I/MountService(  147): key:/mnt/vold/usbdisk3
I/MountService(  147): value:mounted
I/MountService(  147): key:/mnt/vold/usbdisk2
I/MountService(  147): value:removed
I/MountService(  147): mVolume[0]: /mnt/sdcard
I/MountService(  147): mVolume[1]: /mnt/vold/usbdisk1
I/MountService(  147): mVolume[2]: /mnt/vold/usbdisk2
I/MountService(  147): mVolume[3]: /mnt/vold/usbdisk3
I/MountService(  147): mVolume[4]: /mnt/vold/satahdd
D/DirectVolume(   83): send msg for add partition path.
W/Vold    (   83): get partition mount point:minor:18,mVolumeMinor:16-->/mnt/vold/usbdisk1/sdb2
W/Vold    (   83):  
W/Vold    (   83): get partition mount point:minor:18,mVolumeMinor:16-->/mnt/vold/usbdisk1/sdb2
W/Vold    (   83):  
E/DirectVolume(   83): create mountPoint (/mnt/vold/usbdisk1/sdb2) successfully
D/DirectVolume(   83): Dv:partAdd: pending mask now = 0x8
E/NetlinkListener(   83): recvmsg mBuffer:
E/NetlinkListener(   83):  (add@/devices/platform/MtkUsbHcd.0/usb1/1-1/1-1:1.0/host3/target3:0:0/3:0:0:0/block/sdb/sdb3)
W/Vold    (   83): subsys:block
D/NetlinkEvent(   83): NL param 'DEVPATH=/devices/platform/MtkUsbHcd.0/usb1/1-1/1-1:1.0/host3/target3:0:0/3:0:0:0/block/sdb/sdb3'
D/NetlinkEvent(   83): NL param 'MAJOR=8'
D/NetlinkEvent(   83): NL param 'MINOR=19'
D/NetlinkEvent(   83): NL param 'DEVNAME=sdb3'
D/NetlinkEvent(   83): NL param 'DEVTYPE=partition'
D/NetlinkEvent(   83): NL param 'PARTN=3'
W/DirectVolume(   83): Get vold.firstMountDevice=usbdisk3 
W/DirectVolume(   83):  
D/DirectVolume(   83): Dv:partAdd: part_num = 3, minor = 19
W/Vold    (   83): get partition mount point:minor:16,mVolumeMinor:16-->/mnt/vold/usbdisk1
W/Vold    (   83):  
D/DirectVolume(   83): Dv:partAdd: partMountPoint=/mnt/vold/usbdisk1/sdb3
W/Vold    (   83): add partition mount point:minor:19,mVolumeMinor:16-->/mnt/vold/usbdisk1/sdb3
W/Vold    (   83):  
W/Vold    (   83): get partition mount point:minor:19,mVolumeMinor:16-->/mnt/vold/usbdisk1/sdb3
W/Vold    (   83):  
I/MountService(  147): onEvent:: raw= 633 Volume usbdisk1 /mnt/vold/usbdisk1/sdb1 partition mounted (8:16) cooked =  633 Volume usbdisk1 /mnt/vold/usbdisk1/sdb1 partition mounted (8:16)
I/MountService(  147): StorageVolume [mAllowMassStorage=false, mDescription=åé¨å­å¨ç©ºé´, mEmulated=false, mMaxFileSize=0, mMtpReserveSpace=100, mPath=/mnt/sdcard, mRemovable=true, mStorageId=65537]
I/MountService(  147): StorageVolume [mAllowMassStorage=false, mDescription=USB å­å¨å¨, mEmulated=false, mMaxFileSize=0, mMtpReserveSpace=0, mPath=/mnt/vold/usbdisk1, mRemovable=true, mStorageId=131073]
I/MountService(  147): mVolume[1] disk: /mnt/vold/usbdisk1
I/MountService(  147): mVolume[1] partition: /mnt/vold/usbdisk1/sdb1
I/MountService(  147): StorageVolume [mAllowMassStorage=false, mDescription=USB å­å¨å¨, mEmulated=false, mMaxFileSize=0, mMtpReserveSpace=0, mPath=/mnt/vold/usbdisk2, mRemovable=true, mStorageId=196609]
I/MountService(  147): StorageVolume [mAllowMassStorage=false, mDescription=USB å­å¨å¨, mEmulated=false, mMaxFileSize=0, mMtpReserveSpace=0, mPath=/mnt/vold/usbdisk3, mRemovable=true, mStorageId=262145]
I/MountService(  147): StorageVolume [mAllowMassStorage=false, mDescription=USB å­å¨å¨, mEmulated=false, mMaxFileSize=0, mMtpReserveSpace=0, mPath=/mnt/vold/satahdd, mRemovable=true, mStorageId=327681]
I/MountService(  147): sdcard path = null. usbdisk path =/mnt/vold/usbdisk3/sda1
I/MountService(  147): sdcard path = null. usbdisk path =/mnt/vold/usbdisk1/sdb1
I/MountService(  147): onEvent:: raw= 633 Volume usbdisk1 /mnt/vold/usbdisk1/sdb2 partition mounted (8:16) cooked =  633 Volume usbdisk1 /mnt/vold/usbdisk1/sdb2 partition mounted (8:16)
I/MountService(  147): StorageVolume [mAllowMassStorage=false, mDescription=åé¨å­å¨ç©ºé´, mEmulated=false, mMaxFileSize=0, mMtpReserveSpace=100, mPath=/mnt/sdcard, mRemovable=true, mStorageId=65537]
I/MountService(  147): StorageVolume [mAllowMassStorage=false, mDescription=USB å­å¨å¨, mEmulated=false, mMaxFileSize=0, mMtpReserveSpace=0, mPath=/mnt/vold/usbdisk1, mRemovable=true, mStorageId=131073]
I/MountService(  147): mVolume[1] disk: /mnt/vold/usbdisk1
I/MountService(  147): mVolume[1] partition: /mnt/vold/usbdisk1/sdb1
I/MountService(  147): StorageVolume [mAllowMassStorage=false, mDescription=USB å­å¨å¨, mEmulated=false, mMaxFileSize=0, mMtpReserveSpace=0, mPath=/mnt/vold/usbdisk2, mRemovable=true, mStorageId=196609]
I/MountService(  147): StorageVolume [mAllowMassStorage=false, mDescription=USB å­å¨å¨, mEmulated=false, mMaxFileSize=0, mMtpReserveSpace=0, mPath=/mnt/vold/usbdisk3, mRemovable=true, mStorageId=262145]
I/MountService(  147): StorageVolume [mAllowMassStorage=false, mDescription=USB å­å¨å¨, mEmulated=false, mMaxFileSize=0, mMtpReserveSpace=0, mPath=/mnt/vold/satahdd, mRemovable=true, mStorageId=327681]
I/MountService(  147): sdcard path = null. usbdisk path =/mnt/vold/usbdisk3/sda1
I/MountService(  147): sdcard path = null. usbdisk path =/mnt/vold/usbdisk1/sdb1
I/MountService(  147): sdcard path = null. usbdisk path =/mnt/vold/usbdisk1/sdb2
D/DirectVolume(   83): send msg for add partition path.
W/Vold    (   83): get partition mount point:minor:19,mVolumeMinor:16-->/mnt/vold/usbdisk1/sdb3
W/Vold    (   83):  
W/Vold    (   83): get partition mount point:minor:19,mVolumeMinor:16-->/mnt/vold/usbdisk1/sdb3
W/Vold    (   83):  
E/DirectVolume(   83): create mountPoint (/mnt/vold/usbdisk1/sdb3) successfully
D/DirectVolume(   83): Dv:partAdd: Got all partitions - ready to rock!
W/Vold    (   83): Get vold.firstMountDevice=usbdisk3 
W/Vold    (   83):  
D/Vold    (   83): Volume usbdisk1 state changing 2 (Pending) -> 1 (Idle-Unmounted)
W/Vold    (   83): get partition mount point:minor:0 volume minor:16,mountpoint=/mnt/vold/usbdisk1
W/Vold    (   83):  
W/Vold    (   83): get partition mount point:minor:0 volume minor:16,mountpoint=/mnt/vold/usbdisk1
W/Vold    (   83):  
W/Vold    (   83): get partition mount point:minor:0 volume minor:16,mountpoint=/mnt/vold/usbdisk1
W/Vold    (   83):  
W/Vold    (   83): get partition mount point:minor:0 volume minor:16,mountpoint=/mnt/vold/usbdisk1
W/Vold    (   83):  
D/Vold    (   83): Mountpoint(0) = /mnt/vold/usbdisk1, sChangeNotifyLabel = /mnt/vold/usbdisk1
W/Vold    (   83): get partition mount point:minor:0 volume minor:16,mountpoint=/mnt/vold/usbdisk1
W/Vold    (   83):  
I/MountService(  147): onEvent:: raw= 633 Volume usbdisk1 /mnt/vold/usbdisk1/sdb3 partition mounted (8:16) cooked =  633 Volume usbdisk1 /mnt/vold/usbdisk1/sdb3 partition mounted (8:16)
I/MountService(  147): StorageVolume [mAllowMassStorage=false, mDescription=åé¨å­å¨ç©ºé´, mEmulated=false, mMaxFileSize=0, mMtpReserveSpace=100, mPath=/mnt/sdcard, mRemovable=true, mStorageId=65537]
I/MountService(  147): StorageVolume [mAllowMassStorage=false, mDescription=USB å­å¨å¨, mEmulated=false, mMaxFileSize=0, mMtpReserveSpace=0, mPath=/mnt/vold/usbdisk1, mRemovable=true, mStorageId=131073]
I/MountService(  147): mVolume[1] disk: /mnt/vold/usbdisk1
I/MountService(  147): mVolume[1] partition: /mnt/vold/usbdisk1/sdb1
I/MountService(  147): StorageVolume [mAllowMassStorage=false, mDescription=USB å­å¨å¨, mEmulated=false, mMaxFileSize=0, mMtpReserveSpace=0, mPath=/mnt/vold/usbdisk2, mRemovable=true, mStorageId=196609]
I/MountService(  147): StorageVolume [mAllowMassStorage=false, mDescription=USB å­å¨å¨, mEmulated=false, mMaxFileSize=0, mMtpReserveSpace=0, mPath=/mnt/vold/usbdisk3, mRemovable=true, mStorageId=262145]
I/MountService(  147): StorageVolume [mAllowMassStorage=false, mDescription=USB å­å¨å¨, mEmulated=false, mMaxFileSize=0, mMtpReserveSpace=0, mPath=/mnt/vold/satahdd, mRemovable=true, mStorageId=327681]
I/MountService(  147): sdcard path = null. usbdisk path =/mnt/vold/usbdisk3/sda1
I/MountService(  147): sdcard path = null. usbdisk path =/mnt/vold/usbdisk1/sdb1
I/MountService(  147): sdcard path = null. usbdisk path =/mnt/vold/usbdisk1/sdb2
I/MountService(  147): sdcard path = null. usbdisk path =/mnt/vold/usbdisk1/sdb3
I/MountService(  147): doMountVolume: Mouting usbdisk1
D/VoldCmdListener(   83): volume mount usbdisk1
W/Vold    (   83): get partition mount point:minor:16,mVolumeMinor:16-->/mnt/vold/usbdisk1
W/Vold    (   83):  
E/DirectVolume(   83):  DeviceNodes:maj:main[8:17]
E/DirectVolume(   83):  DeviceNodes:maj:main[8:18]
E/DirectVolume(   83):  DeviceNodes:maj:main[8:19]
E/DirectVolume(   83):  mDiskNumParts=3
E/Vold    (   83): flags=0,primaryStorage=0
W/Vold    (   83): Get vold.firstMountDevice=usbdisk3 
W/Vold    (   83):  
D/Vold    (   83): Volume usbdisk1 state changing 1 (Idle-Unmounted) -> 3 (Checking)
W/Vold    (   83): get partition mount point:minor:0 volume minor:16,mountpoint=/mnt/vold/usbdisk1
W/Vold    (   83):  
W/Vold    (   83): get partition mount point:minor:0 volume minor:16,mountpoint=/mnt/vold/usbdisk1
W/Vold    (   83):  
W/Vold    (   83): get partition mount point:minor:0 volume minor:16,mountpoint=/mnt/vold/usbdisk1
W/Vold    (   83):  
W/Vold    (   83): get partition mount point:minor:0 volume minor:16,mountpoint=/mnt/vold/usbdisk1
W/Vold    (   83):  
D/Vold    (   83): Mountpoint(0) = /mnt/vold/usbdisk1, sChangeNotifyLabel = /mnt/vold/usbdisk1
W/Vold    (   83): get partition mount point:minor:0 volume minor:16,mountpoint=/mnt/vold/usbdisk1
W/Vold    (   83):  
I/Vold    (   83): /dev/block/vold/8:17 being considered for volume usbdisk1
W/Vold    (   83): get partition mount point:minor:17,mVolumeMinor:16-->/mnt/vold/usbdisk1/sdb1
W/Vold    (   83):  
I/Vold    (   83): /dev/block/vold/8:17 being considered mount to /mnt/vold/usbdisk1/sdb1 for volume usbdisk1
I/MountService(  147): onEvent:: raw= 605 Volume usbdisk1 /mnt/vold/usbdisk1 state changed from 2 (Pending) to 1 (Idle-Unmounted) cooked =  605 Volume usbdisk1 /mnt/vold/usbdisk1 state changed from 2 (Pending) to 1 (Idle-Unmounted)
I/MountService(  147): notifyVolumeStateChanged::removed
I/MountService(  147): updating volume state for media bad removal nofs and unmountable
D/MountService(  147): volume state changed for /mnt/vold/usbdisk1 (removed -> unmounted)
D/MountService(  147): sendStorageIntent Intent { act=android.intent.action.MEDIA_UNMOUNTED dat=file:///mnt/vold/usbdisk1 (has extras) }
E/Vold    (   83): mount error=22
I/Vold    (   83): Device /dev/block/vold/8:17, target /mnt/vold/usbdisk1/sdb1 mounted @ /mnt/secure/staging failed. rc=-1
E/Vold    (   83): Failed to move mount /mnt/secure/staging -> /mnt/vold/usbdisk1/sdb1 (Invalid argument)
E/Vold    (   83): Failed to move mount (Invalid argument),mountpath=/mnt/vold/usbdisk1/sdb1
I/Vold    (   83): Try to mount /dev/block/vold/8:17 to /mnt/vold/usbdisk1/sdb1(FS: ntfs, Flags:0X8E)...
I/Vold    (   83): ntfs-3g mount
I/MountService(  147): onEvent:: raw= 605 Volume usbdisk1 /mnt/vold/usbdisk1 state changed from 1 (Idle-Unmounted) to 3 (Checking) cooked =  605 Volume usbdisk1 /mnt/vold/usbdisk1 state changed from 1 (Idle-Unmounted) to 3 (Checking)
I/MountService(  147): notifyVolumeStateChanged::unmounted
I/MountService(  147): updating volume state checking
D/MountService(  147): volume state changed for /mnt/vold/usbdisk1 (unmounted -> checking)
D/MountService(  147): sendStorageIntent Intent { act=android.intent.action.MEDIA_CHECKING dat=file:///mnt/vold/usbdisk1 (has extras) }
I/Vold    (   83): return value: 3072, error[22]: Invalid argument
E/Vold    (   83): ntfsErrno: 22(Invalid argument)
I/Vold    (   83): Try to mount /dev/block/vold/8:17 to /mnt/vold/usbdisk1/sdb1(FS: ext2, Flags:0X8E)...
E/Vold    (   83): ext2Errno: 22(Invalid argument)
I/Vold    (   83): Try to mount /dev/block/vold/8:17 to /mnt/vold/usbdisk1/sdb1(FS: ext3, Flags:0X8E)...
E/NetlinkListener(   83): recvmsg mBuffer:
E/NetlinkListener(   83):  (add@/kernel/slab/:at-0000104)
W/Vold    (   83): subsys:slab
D/NetlinkEvent(   83): NL param 'DEVPATH=/kernel/slab/:at-0000104'
E/NetlinkListener(   84): recvmsg mBuffer:
E/NetlinkListener(   84):  (add@/kernel/slab/:at-0000104)
I/Vold    (   83): mount /dev/block/vold/8:17 to /mnt/vold/usbdisk1/sdb1 successful
W/Vold    (   83): get partition mount point:minor:17,mVolumeMinor:16-->/mnt/vold/usbdisk1/sdb1
W/Vold    (   83):  
I/Vold    (   83): Device /dev/block/vold/8:17, target /mnt/vold/usbdisk1/sdb1 mounted  successfully!
I/Vold    (   83): /dev/block/vold/8:18 being considered for volume usbdisk1
W/Vold    (   83): get partition mount point:minor:18,mVolumeMinor:16-->/mnt/vold/usbdisk1/sdb2
W/Vold    (   83):  
I/Vold    (   83): /dev/block/vold/8:18 being considered mount to /mnt/vold/usbdisk1/sdb2 for volume usbdisk1
E/Vold    (   83): mount error=22
I/Vold    (   83): Device /dev/block/vold/8:18, target /mnt/vold/usbdisk1/sdb2 mounted @ /mnt/secure/staging failed. rc=-1
E/Vold    (   83): Failed to move mount /mnt/secure/staging -> /mnt/vold/usbdisk1/sdb2 (Invalid argument)
E/Vold    (   83): Failed to move mount (Invalid argument),mountpath=/mnt/vold/usbdisk1/sdb2
I/Vold    (   83): Try to mount /dev/block/vold/8:18 to /mnt/vold/usbdisk1/sdb2(FS: ntfs, Flags:0X8E)...
I/Vold    (   83): ntfs-3g mount
E/NetlinkListener(   84): recvmsg mBuffer:
E/NetlinkListener(   84):  (add@/devices/virtual/bdi/8:18-fuseblk)
E/NetlinkListener(   83): recvmsg mBuffer:
E/NetlinkListener(   83):  (add@/devices/virtual/bdi/8:18-fuseblk)
W/Vold    (   83): subsys:bdi
D/NetlinkEvent(   83): NL param 'DEVPATH=/devices/virtual/bdi/8:18-fuseblk'
I/Vold    (   83): return value: 0, error[22]: Invalid argument
I/Vold    (   83): mount /dev/block/vold/8:18 to /mnt/vold/usbdisk1/sdb2 successful
W/Vold    (   83): get partition mount point:minor:18,mVolumeMinor:16-->/mnt/vold/usbdisk1/sdb2
W/Vold    (   83):  
I/Vold    (   83): Device /dev/block/vold/8:18, target /mnt/vold/usbdisk1/sdb2 mounted  successfully!
I/Vold    (   83): /dev/block/vold/8:19 being considered for volume usbdisk1
W/Vold    (   83): get partition mount point:minor:19,mVolumeMinor:16-->/mnt/vold/usbdisk1/sdb3
W/Vold    (   83):  
I/Vold    (   83): /dev/block/vold/8:19 being considered mount to /mnt/vold/usbdisk1/sdb3 for volume usbdisk1
E/Vold    (   83): mount error=0
I/Vold    (   83):   VFAT mount /mnt/vold/usbdisk1/sdb3 successfully
E/Vold    (   83): Volume usbdisk1 found mounting 3 partition sucessfully:(
W/Vold    (   83): Get vold.firstMountDevice=usbdisk3 
W/Vold    (   83):  
D/Vold    (   83): Volume usbdisk1 state changing 3 (Checking) -> 4 (Mounted)
W/Vold    (   83): get partition mount point:minor:0 volume minor:16,mountpoint=/mnt/vold/usbdisk1
W/Vold    (   83):  
W/Vold    (   83): get partition mount point:minor:0 volume minor:16,mountpoint=/mnt/vold/usbdisk1
W/Vold    (   83):  
W/Vold    (   83): get partition mount point:minor:0 volume minor:16,mountpoint=/mnt/vold/usbdisk1
W/Vold    (   83):  
W/Vold    (   83): get partition mount point:minor:0 volume minor:16,mountpoint=/mnt/vold/usbdisk1
W/Vold    (   83):  
D/Vold    (   83): Mountpoint(0) = /mnt/vold/usbdisk1, sChangeNotifyLabel = /mnt/vold/usbdisk1
W/Vold    (   83): get partition mount point:minor:0 volume minor:16,mountpoint=/mnt/vold/usbdisk1
W/Vold    (   83):  
I/MountService(  147): onEvent:: raw= 605 Volume usbdisk1 /mnt/vold/usbdisk1 state changed from 3 (Checking) to 4 (Mounted) cooked =  605 Volume usbdisk1 /mnt/vold/usbdisk1 state changed from 3 (Checking) to 4 (Mounted)
I/MountService(  147): notifyVolumeStateChanged::checking
I/MountService(  147): updating volume state mounted
D/MountService(  147): volume state changed for /mnt/vold/usbdisk1 (checking -> mounted)
W/MountService(  147): Insertion mount failed (-1)
I/MountService(  147): mStorageNum = 2
I/MountService(  147): key:/mnt/vold/usbdisk1
I/MountService(  147): value:mounted
I/MountService(  147): key:/mnt/sdcard
I/MountService(  147): value:removed
I/MountService(  147): key:/mnt/vold/satahdd
I/MountService(  147): value:removed
I/MountService(  147): key:/mnt/vold/usbdisk3/sda1
I/MountService(  147): value:bad_removal
I/MountService(  147): key:/mnt/vold/usbdisk3
I/MountService(  147): value:mounted
I/MountService(  147): key:/mnt/vold/usbdisk2
I/MountService(  147): value:removed
I/MountService(  147): mVolume[0]: /mnt/sdcard
I/MountService(  147): mVolume[1]: /mnt/vold/usbdisk1
I/MountService(  147): mPartitions[0]: /mnt/vold/usbdisk1/sdb1
I/MountService(  147): mPartitions[1]: /mnt/vold/usbdisk1/sdb2
I/MountService(  147): mPartitions[2]: /mnt/vold/usbdisk1/sdb3
I/MountService(  147): mVolume[2]: /mnt/vold/usbdisk2
I/MountService(  147): mVolume[3]: /mnt/vold/usbdisk3
I/MountService(  147): mPartitions[0]: /mnt/vold/usbdisk3/sda1
I/MountService(  147): mVolume[4]: /mnt/vold/satahdd
D/MountService(  147): sendStorageIntent Intent { act=android.intent.action.MEDIA_MOUNTED dat=file:///mnt/vold/usbdisk1 (has extras) }
E/EthernetService(  147): getSavedConfig
E/EthernetService(  147): ifName: eth0 ipaddr:0.0.0.0 netmask:255.255.255.255 getway:0.0.0.0 dns:0.0.0.0
E/NetlinkListener(   84): recvmsg mBuffer:
E/NetlinkListener(   84):  (8)
E/NetlinkListener(   84): recvmsg mBuffer:
E/NetlinkListener(   84):  (8)
E/ActivityThread(  982): Activity com.coship.dvbsetting.netsetting.netSet has leaked IntentReceiver com.coship.dvbsetting.pppoe.PPPOESetting$1@42573870 that was originally registered here. Are you missing a call to unregisterReceiver()?
E/ActivityThread(  982): android.app.IntentReceiverLeaked: Activity com.coship.dvbsetting.netsetting.netSet has leaked IntentReceiver com.coship.dvbsetting.pppoe.PPPOESetting$1@42573870 that was originally registered here. Are you missing a call to unregisterReceiver()?
E/ActivityThread(  982):        at android.app.LoadedApk$ReceiverDispatcher.<init>(LoadedApk.java:763)
E/ActivityThread(  982):        at android.app.LoadedApk.getReceiverDispatcher(LoadedApk.java:567)
E/ActivityThread(  982):        at android.app.ContextImpl.registerReceiverInternal(ContextImpl.java:1056)
E/ActivityThread(  982):        at android.app.ContextImpl.registerReceiver(ContextImpl.java:1043)
E/ActivityThread(  982):        at android.app.ContextImpl.registerReceiver(ContextImpl.java:1037)
E/ActivityThread(  982):        at android.content.ContextWrapper.registerReceiver(ContextWrapper.java:341)
E/ActivityThread(  982):        at com.coship.dvbsetting.pppoe.PPPOESetting.<init>(PPPOESetting.java:166)
E/ActivityThread(  982):        at com.coship.dvbsetting.pppoe.PPPOESetting.getInstance(PPPOESetting.java:142)
E/ActivityThread(  982):        at com.coship.dvbsetting.netsetting.netSet.dispatchKeyEvent(netSet.java:216)
E/ActivityThread(  982):        at com.android.internal.policy.impl.PhoneWindow$DecorView.dispatchKeyEvent(PhoneWindow.java:1806)
E/ActivityThread(  982):        at android.view.ViewRootImpl.deliverKeyEventPostIme(ViewRootImpl.java:3327)
E/ActivityThread(  982):        at android.view.ViewRootImpl.handleFinishedEvent(ViewRootImpl.java:3300)
E/ActivityThread(  982):        at android.view.ViewRootImpl.handleMessage(ViewRootImpl.java:2460)
E/ActivityThread(  982):        at android.os.Handler.dispatchMessage(Handler.java:99)
E/ActivityThread(  982):        at android.os.Looper.loop(Looper.java:137)
E/ActivityThread(  982):        at android.app.ActivityThread.main(ActivityThread.java:4424)
E/ActivityThread(  982):        at java.lang.reflect.Method.invokeNative(Native Method)
E/ActivityThread(  982):        at java.lang.reflect.Method.invoke(Method.java:511)
E/ActivityThread(  982):        at com.android.internal.os.ZygoteInit$MethodAndArgsCaller.run(ZygoteInit.java:788)
E/ActivityThread(  982):        at com.android.internal.os.ZygoteInit.main(ZygoteInit.java:555)
E/ActivityThread(  982):        at dalvik.system.NativeStart.main(Native Method)
I/ActivityManager(  147): START {cmp=com.coship.dvbsetting/.systemsetting.SyssetAcivity} from pid 982
W/InputManagerService(  147): Starting input on non-focused client com.android.internal.view.IInputMethodClient$Stub$Proxy@411556d8 (uid=1000 pid=982)
I/ActivityManager(  147): START {flg=0x10000000 cmp=com.coship.Multimedia/.main} from pid 262
W/InputManagerService(  147): Starting input on non-focused client com.android.internal.view.IInputMethodClient$Stub$Proxy@410b4a68 (uid=10001 pid=262)
I/ActivityManager(  147): START {cmp=com.coship.Multimedia/.ImageWindow.ImageShow} from pid 917
I/ActivityManager(  147): START {cmp=com.coship.Multimedia/.ImageWindow.ImageShow} from pid 917
I/ActivityManager(  147): START {act=android.intent.action.MAIN cat=[android.intent.category.HOME] flg=0x10200000 cmp=com.coship.cibn/.MainActivity} from pid 147
W/InputManagerService(  147): Starting input on non-focused client com.android.internal.view.IInputMethodClient$Stub$Proxy@41022060 (uid=10016 pid=917)
I/ActivityManager(  147): START {act=android.intent.action.MAIN cat=[android.intent.category.HOME] flg=0x10200000 cmp=com.coship.cibn/.MainActivity} from pid 147
I/ActivityManager(  147): START {flg=0x10000000 cmp=com.coship.dvbsetting/.main} from pid 262
W/InputManagerService(  147): Starting input on non-focused client com.android.internal.view.IInputMethodClient$Stub$Proxy@410b4a68 (uid=10001 pid=262)
I/ActivityManager(  147): START {cmp=com.coship.dvbsetting/.netsetting.netSet} from pid 982
I/EthernetManager(  982): Init Ethernet Manager, service: android.net.ethernet.IEthernetManager$Stub$Proxy@426c5048
E/EthernetService(  147): getSavedConfig
E/EthernetService(  147): ifName: eth0 ipaddr:0.0.0.0 netmask:255.255.255.255 getway:0.0.0.0 dns:0.0.0.0
E/EthernetService(  147): getSavedConfig
E/EthernetService(  147): ifName: eth0 ipaddr:0.0.0.0 netmask:255.255.255.255 getway:0.0.0.0 dns:0.0.0.0
E/NetlinkListener(   84): recvmsg mBuffer:
E/NetlinkListener(   84):  (8)
I/ActivityManager(  147): START {cmp=com.coship.dvbsetting/.netsetting.dialog.WifiPWDialog (has extras)} from pid 982
E/NetlinkListener(   84): recvmsg mBuffer:
E/NetlinkListener(   84):  (8)
E/NetlinkListener(   84): recvmsg mBuffer:
E/NetlinkListener(   84):  (8)
E/NetlinkListener(   84): recvmsg mBuffer:
E/NetlinkListener(   84):  (D)
E/NetlinkListener(   84): recvmsg mBuffer:
E/NetlinkListener(   84):  (ô)
D/ConnectivityService(  147): ConnectivityChange for WIFI: DISCONNECTED/DISCONNECTED
D/ConnectivityService(  147): Attempting to switch to mobile
V/EthernetService(  147): setState, mEthState=2, state=2
E/EthernetService(  147): getSavedConfig
E/EthernetService(  147): ifName: eth0 ipaddr:0.0.0.0 netmask:255.255.255.255 getway:0.0.0.0 dns:0.0.0.0
I/EthernetService(  147): reset device eth0
I/EthernetService(  147): switch mode to: dhcp for interface: eth0
D/ConnectivityService(  147): Attempting to switch to ETH
D/EthernetService(  147): DhcpHandler: DHCP request started
E/ConnectivityService(  147): Exception trying to remove a route: java.lang.IllegalStateException: Unable to communicate with native dameon to add routes - com.android.server.NativeDaemonConnectorException: Cmd {interface route remove wlan0 default 192.168.0.1 32 0.0.0.0} failed with code 400 : {Failed to remove route from default table (No such process)}
E/ConnectivityService(  147): Exception trying to remove a route: java.lang.IllegalStateException: Unable to communicate with native dameon to add routes - com.android.server.NativeDaemonConnectorException: Cmd {interface route remove wlan0 default 0.0.0.0 0 192.168.0.1} failed with code 400 : {Failed to remove route from default table (No such process)}
D/ConnectivityService(  147): resetConnections(wlan0, 3)
E/EthernetService(  147): getSavedConfig
E/EthernetService(  147): ifName: eth0 ipaddr:0.0.0.0 netmask:255.255.255.255 getway:0.0.0.0 dns:0.0.0.0
D/ConnectivityService(  147): ConnectivityChange for WIFI: DISCONNECTED/DISCONNECTED
D/ConnectivityService(  147): Attempting to switch to mobile
V/EthernetService(  147): setState, mEthState=2, state=2
E/EthernetService(  147): getSavedConfig
E/EthernetService(  147): ifName: eth0 ipaddr:0.0.0.0 netmask:255.255.255.255 getway:0.0.0.0 dns:0.0.0.0
I/EthernetService(  147): reset device eth0
I/EthernetService(  147): switch mode to: dhcp for interface: eth0
D/ConnectivityService(  147): Attempting to switch to ETH
D/ConnectivityService(  147): resetConnections(wlan0, 3)
E/EthernetService(  147): DhcpHandler: DHCP request failed: DHCP result was failed
D/EthernetService(  147): DhcpHandler: DHCP request started
E/EthernetService(  147): getSavedConfig
E/EthernetService(  147): ifName: eth0 ipaddr:0.0.0.0 netmask:255.255.255.255 getway:0.0.0.0 dns:0.0.0.0
I/EthernetService(  147): dhcp disconnect error, liuhong capture...
I/EthernetService(  147): dhcp hardware unconnected, you send boradcast to handle it.
E/NetlinkListener(   84): recvmsg mBuffer:
E/NetlinkListener(   84):  (8)
E/NetlinkListener(   84): recvmsg mBuffer:
E/NetlinkListener(   84):  (8)
E/NetlinkListener(   84): recvmsg mBuffer:
E/NetlinkListener(   84):  (<)
E/NetlinkListener(   84): recvmsg mBuffer:
E/NetlinkListener(   84):  (T)
E/NetlinkListener(   84): recvmsg mBuffer:
E/NetlinkListener(   84):  (t)
E/NetlinkListener(   84): recvmsg mBuffer:
E/NetlinkListener(   84):  (D)
E/NetlinkListener(   84): recvmsg mBuffer:
E/NetlinkListener(   84):  (ô)
D/ConnectivityService(  147): ConnectivityChange for WIFI: CONNECTED/CONNECTED
D/ConnectivityService(  147): ConnectivityChange for WIFI: CONNECTED/CONNECTED
D/ConnectivityService(  147): handleConnectivityChange: address are the same reset per doReset linkProperty[1]: resetMask=0
D/ConnectivityService(  147): NetTransition Wakelock for WifiStateMachine released by timeout
I/ActivityManager(  147): START {act=android.intent.action.MAIN cat=[android.intent.category.HOME] flg=0x10200000 cmp=com.coship.cibn/.MainActivity} from pid 147
W/InputManagerService(  147): Starting input on non-focused client com.android.internal.view.IInputMethodClient$Stub$Proxy@411556d8 (uid=1000 pid=982)
E/NetlinkListener(   84): recvmsg mBuffer:
E/NetlinkListener(   84):  (8)
I/ActivityManager(  147): START {act=android.intent.action.MAIN cat=[android.intent.category.HOME] flg=0x10200000 cmp=com.coship.cibn/.MainActivity} from pid 147
I/ActivityManager(  147): START {cmp=com.coship.cibn/.activity.ServerSettingActivity} from pid 262
W/InputManagerService(  147): Starting input on non-focused client com.android.internal.view.IInputMethodClient$Stub$Proxy@410b4a68 (uid=10001 pid=262)
E/EthernetService(  147): DhcpHandler: DHCP request failed: Timed out waiting for DHCP to finish
E/EthernetService(  147): getSavedConfig
E/EthernetService(  147): ifName: eth0 ipaddr:0.0.0.0 netmask:255.255.255.255 getway:0.0.0.0 dns:0.0.0.0
I/EthernetService(  147): dhcp disconnect error, liuhong capture...
I/EthernetService(  147): dhcp hardware unconnected, you send boradcast to handle it.
I/ActivityManager(  147): START {act=android.intent.action.MAIN cat=[android.intent.category.HOME] flg=0x10200000 cmp=com.coship.cibn/.MainActivity} from pid 147
I/ActivityManager(  147): START {flg=0x10000000 cmp=com.coship.Multimedia/.main} from pid 262
W/InputManagerService(  147): Starting input on non-focused client com.android.internal.view.IInputMethodClient$Stub$Proxy@410b4a68 (uid=10001 pid=262)
I/ActivityManager(  147): START {cmp=com.coship.Multimedia/.ImageWindow.ImageWindow (has extras)} from pid 917
W/InputManagerService(  147): Starting input on non-focused client com.android.internal.view.IInputMethodClient$Stub$Proxy@41022060 (uid=10016 pid=917)
I/ActivityManager(  147): START {flg=0x10000000 cmp=com.coship.Multimedia/.main} from pid 262
W/InputManagerService(  147): Starting input on non-focused client com.android.internal.view.IInputMethodClient$Stub$Proxy@410b4a68 (uid=10001 pid=262)
I/ActivityManager(  147): START {cmp=com.coship.Multimedia/.ImageWindow.ImageShow} from pid 917
I/ActivityManager(  147): START {cmp=com.coship.Multimedia/.ImageWindow.ImageWindow (has extras)} from pid 917
E/NetlinkListener(   84): recvmsg mBuffer:
E/NetlinkListener(   84):  (D)
E/NetlinkListener(   84): recvmsg mBuffer:
E/NetlinkListener(   84):  (ô)
D/ConnectivityService(  147): ConnectivityChange for WIFI: DISCONNECTED/DISCONNECTED
D/ConnectivityService(  147): Attempting to switch to mobile
V/EthernetService(  147): setState, mEthState=2, state=2
E/EthernetService(  147): getSavedConfig
E/EthernetService(  147): ifName: eth0 ipaddr:0.0.0.0 netmask:255.255.255.255 getway:0.0.0.0 dns:0.0.0.0
I/EthernetService(  147): reset device eth0
I/EthernetService(  147): switch mode to: dhcp for interface: eth0
E/EthernetService(  147): getSavedConfig
D/EthernetService(  147): DhcpHandler: DHCP request started
E/EthernetService(  147): ifName: eth0 ipaddr:0.0.0.0 netmask:255.255.255.255 getway:0.0.0.0 dns:0.0.0.0
D/ConnectivityService(  147): Attempting to switch to ETH
E/ConnectivityService(  147): Exception trying to remove a route: java.lang.IllegalStateException: Unable to communicate with native dameon to add routes - com.android.server.NativeDaemonConnectorException: Cmd {interface route remove wlan0 default 192.168.2.1 32 0.0.0.0} failed with code 400 : {Failed to remove route from default table (No such process)}
E/ConnectivityService(  147): Exception trying to remove a route: java.lang.IllegalStateException: Unable to communicate with native dameon to add routes - com.android.server.NativeDaemonConnectorException: Cmd {interface route remove wlan0 default 0.0.0.0 0 192.168.2.1} failed with code 400 : {Failed to remove route from default table (No such process)}
D/ConnectivityService(  147): resetConnections(wlan0, 3)
D/ConnectivityService(  147): ConnectivityChange for WIFI: DISCONNECTED/DISCONNECTED
D/ConnectivityService(  147): Attempting to switch to mobile
V/EthernetService(  147): setState, mEthState=2, state=2
E/EthernetService(  147): getSavedConfig
E/EthernetService(  147): ifName: eth0 ipaddr:0.0.0.0 netmask:255.255.255.255 getway:0.0.0.0 dns:0.0.0.0
I/EthernetService(  147): reset device eth0
I/EthernetService(  147): switch mode to: dhcp for interface: eth0
D/ConnectivityService(  147): Attempting to switch to ETH
D/ConnectivityService(  147): resetConnections(wlan0, 3)
E/EthernetService(  147): DhcpHandler: DHCP request failed: DHCP result was failed
E/EthernetService(  147): getSavedConfig
D/EthernetService(  147): DhcpHandler: DHCP request started
E/EthernetService(  147): ifName: eth0 ipaddr:0.0.0.0 netmask:255.255.255.255 getway:0.0.0.0 dns:0.0.0.0
I/EthernetService(  147): dhcp disconnect error, liuhong capture...
I/EthernetService(  147): dhcp hardware unconnected, you send boradcast to handle it.
E/NetlinkListener(   84): recvmsg mBuffer:
E/NetlinkListener(   84):  (8)
E/NetlinkListener(   84): recvmsg mBuffer:
E/NetlinkListener(   84):  (8)
E/NetlinkListener(   84): recvmsg mBuffer:
E/NetlinkListener(   84):  (<)
E/NetlinkListener(   84): recvmsg mBuffer:
E/NetlinkListener(   84):  (T)
E/NetlinkListener(   84): recvmsg mBuffer:
E/NetlinkListener(   84):  (t)
E/NetlinkListener(   84): recvmsg mBuffer:
E/NetlinkListener(   84):  (D)
E/NetlinkListener(   84): recvmsg mBuffer:
E/NetlinkListener(   84):  (ô)
D/ConnectivityService(  147): ConnectivityChange for WIFI: CONNECTED/CONNECTED
D/ConnectivityService(  147): ConnectivityChange for WIFI: CONNECTED/CONNECTED
D/ConnectivityService(  147): handleConnectivityChange: address are the same reset per doReset linkProperty[1]: resetMask=0
D/ConnectivityService(  147): NetTransition Wakelock for WifiStateMachine released by timeout
E/EthernetService(  147): DhcpHandler: DHCP request failed: Timed out waiting for DHCP to finish
E/EthernetService(  147): getSavedConfig
E/EthernetService(  147): ifName: eth0 ipaddr:0.0.0.0 netmask:255.255.255.255 getway:0.0.0.0 dns:0.0.0.0
I/EthernetService(  147): dhcp disconnect error, liuhong capture...
I/EthernetService(  147): dhcp hardware unconnected, you send boradcast to handle it.
E/NetlinkListener(   84): recvmsg mBuffer:
E/NetlinkListener(   84):  (ô)
E/NetlinkListener(   84): recvmsg mBuffer:
E/NetlinkListener(   84):  (D)
D/ConnectivityService(  147): ConnectivityChange for WIFI: DISCONNECTED/DISCONNECTED
D/ConnectivityService(  147): Attempting to switch to mobile
V/EthernetService(  147): setState, mEthState=2, state=2
E/EthernetService(  147): getSavedConfig
E/EthernetService(  147): ifName: eth0 ipaddr:0.0.0.0 netmask:255.255.255.255 getway:0.0.0.0 dns:0.0.0.0
I/EthernetService(  147): reset device eth0
I/EthernetService(  147): switch mode to: dhcp for interface: eth0
D/ConnectivityService(  147): Attempting to switch to ETH
D/EthernetService(  147): DhcpHandler: DHCP request started
E/EthernetService(  147): getSavedConfig
E/EthernetService(  147): ifName: eth0 ipaddr:0.0.0.0 netmask:255.255.255.255 getway:0.0.0.0 dns:0.0.0.0
E/ConnectivityService(  147): Exception trying to remove a route: java.lang.IllegalStateException: Unable to communicate with native dameon to add routes - com.android.server.NativeDaemonConnectorException: Cmd {interface route remove wlan0 default 192.168.2.1 32 0.0.0.0} failed with code 400 : {Failed to remove route from default table (No such process)}
E/ConnectivityService(  147): Exception trying to remove a route: java.lang.IllegalStateException: Unable to communicate with native dameon to add routes - com.android.server.NativeDaemonConnectorException: Cmd {interface route remove wlan0 default 0.0.0.0 0 192.168.2.1} failed with code 400 : {Failed to remove route from default table (No such process)}
D/ConnectivityService(  147): resetConnections(wlan0, 3)
D/ConnectivityService(  147): ConnectivityChange for WIFI: DISCONNECTED/DISCONNECTED
D/ConnectivityService(  147): Attempting to switch to mobile
V/EthernetService(  147): setState, mEthState=2, state=2
E/EthernetService(  147): getSavedConfig
E/EthernetService(  147): ifName: eth0 ipaddr:0.0.0.0 netmask:255.255.255.255 getway:0.0.0.0 dns:0.0.0.0
I/EthernetService(  147): reset device eth0
I/EthernetService(  147): switch mode to: dhcp for interface: eth0
D/ConnectivityService(  147): Attempting to switch to ETH
D/ConnectivityService(  147): resetConnections(wlan0, 3)
E/EthernetService(  147): DhcpHandler: DHCP request failed: DHCP result was failed
E/EthernetService(  147): getSavedConfig
E/EthernetService(  147): ifName: eth0 ipaddr:0.0.0.0 netmask:255.255.255.255 getway:0.0.0.0 dns:0.0.0.0
I/EthernetService(  147): dhcp disconnect error, liuhong capture...
I/EthernetService(  147): dhcp hardware unconnected, you send boradcast to handle it.
D/EthernetService(  147): Dhc[13449.801041] ----> schedule
                                                          [13461.210085] ----> time  [12, -580620864]
                                                                                                     [13461.210167] ----> icoutn:nr  [60, 31],drop=1
                pHandler: DHCP request started
E/NetlinkListener(   84): recvmsg mBuffer:
E/NetlinkListener(   84):  (8)
<IOM> Send BTN_EJECT Down event!
E/NetlinkListener(   84): recvmsg mBuffer:
E/NetlinkListener(   84):  (8)
<ANDROID_SETTING> a_cfg_get_standby, value: 0
<FACTORY>send message failed -1 @L151
<MISC>_misc_eject_key_process() is called
<AND_STUB>ERROR!!,recv AND_STUB_KEY_MSG 
<MISC>ERR: c_dm_odd_get_tray_status error i4_ret= -5
<MISC>ERR: c_dm_odd_get_tray_status error
<MISC>Eject key process fail
<AND_STUB>private message id is 0
<IOM> Send BTN_EJECT Up event!
<FACTORY>send message failed -1 @L151
<AND_STUB>ERROR!!,recv AND_STUB_KEY_MSG 
<AND_STUB>private message id is 0
<IOM> Send BTN_EJECT Down event!
<ANDROID_SETTING> a_cfg_get_standby, value: 0
<FACTORY>send message failed -1 @L151
<MISC>_misc_eject_key_process() is called
<AND_STUB>ERROR!!,recv AND_STUB_KEY_MSG 
<MISC>ERR: c_dm_odd_get_tray_status error i4_ret= -5
<MISC>ERR: c_dm_odd_get_tray_status error
<MISC>Eject key process fail
E/NetlinkListener(   84): recvmsg mBuffer:
E/NetlinkListener(   84):  (<)
<AND_STUB>private message id is 0
<IOM> Send BTN_EJECT Up event!
<FACTORY>send message failed -1 @L151
<AND_STUB>ERROR!!,recv AND_STUB_KEY_MSG 
<AND_STUB>private message id is 0
<IOM> Send BTN_EJECT Down event!
<ANDROID_SETTING> a_cfg_get_standby, value: 0
<FACTORY>send message failed -1 @L151
<MISC>_misc_eject_key_process() is called
<AND_STUB>ERROR!!,recv AND_STUB_KEY_MSG 
<MISC>ERR: c_dm_odd_get_tray_status error i4_ret= -5
<MISC>ERR: c_dm_odd_get_tray_status error
<MISC>Eject key process fail
<AND_STUB>private message id is 0
<IOM> Send BTN_EJECT Up event!
<FACTORY>send message failed -1 @L151
<AND_STUB>ERROR!!,recv AND_STUB_KEY_MSG 
<AND_STUB>private message id is 0
<FACTORY>send message failed -1 @L151
<AND_STUB>ERROR!!,recv AND_STUB_KEY_MSG 
<AND_STUB>private message id is 0
E/NetlinkListener(   84): recvmsg mBuffer:
E/NetlinkListener(   84):  (T)
E/NetlinkListener(   84): recvmsg mBuffer:
E/NetlinkListener(   84):  (t)
E/NetlinkListener(   84): recvmsg mBuffer:
E/NetlinkListener(   84):  (D)
E/NetlinkListener(   84): recvmsg mBuffer:
E/NetlinkListener(   84):  (D)
E/NetlinkListener(   84): recvmsg mBuffer:
E/NetlinkListener(   84):  (8)
E/NetlinkListener(   84): recvmsg mBuffer:
E/NetlinkListener(   84):  (8)
E/NetlinkListener(   84): recvmsg mBuffer:
E/NetlinkListener(   84):  (<)
E/NetlinkListener(   84): recvmsg mBuffer:
E/NetlinkListener(   84):  (T)
E/NetlinkListener(   84): recvmsg mBuffer:
E/NetlinkListener(   84):  (t)
E/NetlinkListener(   84): recvmsg mBuffer:
E/NetlinkListener(   84):  (D)
E/NetlinkListener(   84): recvmsg mBuffer:
E/NetlinkListener(   84):  (D)
E/EthernetService(  147): DhcpHandler: DHCP request failed: Timed out waiting for DHCP to finish
E/EthernetService(  147): getSavedConfig
E/EthernetService(  147): ifName: eth0 ipaddr:0.0.0.0 netmask:255.255.255.255 getway:0.0.0.0 dns:0.0.0.0
I/EthernetService(  147): dhcp disconnect error, liuhong capture...
I/EthernetService(  147): dhcp hardware unconnected, you send boradcast to handle it.
E/NetlinkListener(   84): recvmsg mBuffer:
E/NetlinkListener(   84):  (8)
E/NetlinkListener(   84): recvmsg mBuffer:
E/NetlinkListener(   84):  (8)
E/NetlinkListener(   84): recvmsg mBuffer:
E/NetlinkListener(   84):  (<)
E/NetlinkListener(   84): recvmsg mBuffer:
E/NetlinkListener(   84):  (T)
E/NetlinkListener(   84): recvmsg mBuffer:
E/NetlinkListener(   84):  (t)
E/NetlinkListener(   84): recvmsg mBuffer:
E/NetlinkListener(   84):  (D)
E/NetlinkListener(   84): recvmsg mBuffer:
E/NetlinkListener(   84):  (D)
E/NetlinkListener(   84): recvmsg mBuffer:
E/NetlinkListener(   84):  (8)
E/NetlinkListener(   84): recvmsg mBuffer:
E/NetlinkListener(   84):  (8)
E/NetlinkListener(   84): recvmsg mBuffer:
E/NetlinkListener(   84):  (<)
E/NetlinkListener(   84): recvmsg mBuffer:
E/NetlinkListener(   84):  (T)
E/NetlinkListener(   84): recvmsg mBuffer:
E/NetlinkListener(   84):  (t)
E/NetlinkListener(   84): recvmsg mBuffer:
E/NetlinkListener(   84):  (D)
E/NetlinkListener(   84): recvmsg mBuffer:
E/NetlinkListener(   84):  (D)
E/NetlinkListener(   84): recvmsg mBuffer:
E/NetlinkListener(   84):  (8)
E/NetlinkListener(   84): recvmsg mBuffer:
E/NetlinkListener(   84):  (8)
E/NetlinkListener(   84): recvmsg mBuffer:
E/NetlinkListener(   84):  (<)
E/NetlinkListener(   84): recvmsg mBuffer:
E/NetlinkListener(   84):  (T)
E/NetlinkListener(   84): recvmsg mBuffer:
E/NetlinkListener(   84):  (t)
E/NetlinkListener(   84): recvmsg mBuffer:
E/NetlinkListener(   84):  (D)
D/ConnectivityService(  147): NetTransition Wakelock for WifiStateMachine released by timeout
E/NetlinkListener(   84): recvmsg mBuffer:
E/NetlinkListener(   84):  (D)
E/NetlinkListener(   84): recvmsg mBuffer:
E/NetlinkListener(   84):  (8)
E/NetlinkListener(   84): recvmsg mBuffer:
E/NetlinkListener(   84):  (8)
E/NetlinkListener(   84): recvmsg mBuffer:
E/NetlinkListener(   84):  (<)
E/NetlinkListener(   84): recvmsg mBuffer:
E/NetlinkListener(   84):  (T)
E/NetlinkListener(   84): recvmsg mBuffer:
E/NetlinkListener(   84):  (t)
E/NetlinkListener(   84): recvmsg mBuffer:
E/NetlinkListener(   84):  (D)
<FACTORY>send message failed -1 @L151
I/ActivityManager(  147): START {cmp=com.coship.Multimedia/.MovieWindow.MovieShow} from pid 917
<AND_STUB>ERROR!!,recv AND_STUB_KEY_MSG 
<AND_STUB>private message id is 0
E/NetlinkListener(   84): recvmsg mBuffer:
E/NetlinkListener(   84):  (D)
E/NetlinkListener(   84): recvmsg mBuffer:
E/NetlinkListener(   84):  (8)
E/NetlinkListener(   84): recvmsg mBuffer:
E/NetlinkListener(   84):  (8)
E/NetlinkListener(   84): recvmsg mBuffer:
E/NetlinkListener(   84):  (<)
E/NetlinkListener(   84): recvmsg mBuffer:
E/NetlinkListener(   84):  (T)
E/NetlinkListener(   84): recvmsg mBuffer:
E/NetlinkListener(   84):  (t)
E/NetlinkListener(   84): recvmsg mBuffer:
E/NetlinkListener(   84):  (D)
E/NetlinkListener(   84): recvmsg mBuffer:
E/NetlinkListener(   84):  (D)
E/NetlinkListener(   84): recvmsg mBuffer:
E/NetlinkListener(   84):  (8)
E/NetlinkListener(   84): recvmsg mBuffer:
E/NetlinkListener(   84):  (8)
E/NetlinkListener(   84): recvmsg mBuffer:
E/NetlinkListener(   84):  (<)
E/NetlinkListener(   84): recvmsg mBuffer:
E/NetlinkListener(   84):  (T)
E/NetlinkListener(   84): recvmsg mBuffer:
E/NetlinkListener(   84):  (t)
E/NetlinkListener(   84): recvmsg mBuffer:
E/NetlinkListener(   84):  (D)
E/NetlinkListener(   84): recvmsg mBuffer:
E/NetlinkListener(   84):  (D)
E/NetlinkListener(   84): recvmsg mBuffer:
E/NetlinkListener(   84):  (8)
E/NetlinkListener(   84): recvmsg mBuffer:
E/NetlinkListener(   84):  (8)
E/NetlinkListener(   84): recvmsg mBuffer:
E/NetlinkListener(   84):  (<)
E/NetlinkListener(   84): recvmsg mBuffer:
E/NetlinkListener(   84):  (T)
E/NetlinkListener(   84): recvmsg mBuffer:
E/NetlinkListener(   84):  (t)
E/NetlinkListener(   84): recvmsg mBuffer:
E/NetlinkListener(   84):  (D)
E/NetlinkListener(   84): recvmsg mBuffer:
E/NetlinkListener(   84):  (D)
E/NetlinkListener(   84): recvmsg mBuffer:
E/NetlinkListener(   84):  (8)
E/NetlinkListener(   84): recvmsg mBuffer:
E/NetlinkListener(   84):  (8)
E/NetlinkListener(   84): recvmsg mBuffer:
E/NetlinkListener(   84):  (<)
E/NetlinkListener(   84): recvmsg mBuffer:
E/NetlinkListener(   84):  (T)
E/NetlinkListener(   84): recvmsg mBuffer:
E/NetlinkListener(   84):  (t)
E/NetlinkListener(   84): recvmsg mBuffer:
E/NetlinkListener(   84):  (D)
E/NetlinkListener(   84): recvmsg mBuffer:
E/NetlinkListener(   84):  (D)
E/NetlinkListener(   84): recvmsg mBuffer:
E/NetlinkListener(   84):  (8)
E/NetlinkListener(   84): recvmsg mBuffer:
E/NetlinkListener(   84):  (8)
E/NetlinkListener(   84): recvmsg mBuffer:
E/NetlinkListener(   84):  (<)
E/NetlinkListener(   84): recvmsg mBuffer:
E/NetlinkListener(   84):  (T)
E/NetlinkListener(   84): recvmsg mBuffer:
E/NetlinkListener(   84):  (t)
E/NetlinkListener(   84): recvmsg mBuffer:
E/NetlinkListener(   84):  (D)
I/ActivityManager(  147): START {act=android.intent.action.MAIN cat=[android.intent.category.HOME] flg=0x10200000 cmp=com.coship.cibn/.MainActivity} from pid 147
W/InputManagerService(  147): Starting input on non-focused client com.android.internal.view.IInputMethodClient$Stub$Proxy@41022060 (uid=10016 pid=917)
E/NetlinkListener(   84): recvmsg mBuffer:
E/NetlinkListener(   84):  (D)
E/NetlinkListener(   84): recvmsg mBuffer:
E/NetlinkListener(   84):  (8)
E/NetlinkListener(   84): recvmsg mBuffer:
E/NetlinkListener(   84):  (8)
E/NetlinkListener(   84): recvmsg mBuffer:
E/NetlinkListener(   84):  (<)
E/NetlinkListener(   84): recvmsg mBuffer:
E/NetlinkListener(   84):  (T)
E/NetlinkListener(   84): recvmsg mBuffer:
E/NetlinkListener(   84):  (t)
E/NetlinkListener(   84): recvmsg mBuffer:
E/NetlinkListener(   84):  (D)
E/NetlinkListener(   84): recvmsg mBuffer:
E/NetlinkListener(   84):  (ô)
D/ConnectivityService(  147): ConnectivityChange for WIFI: CONNECTED/CONNECTED
D/ConnectivityService(  147): ConnectivityChange for WIFI: CONNECTED/CONNECTED
D/ConnectivityService(  147): handleConnectivityChange: address are the same reset per doReset linkProperty[1]: resetMask=0
I/ActivityManager(  147): START {act=com.aidufei.programDetail cmp=com.aidufei.movieonline/.ProgramDetailActivity (has extras)} from pid 262
W/InputManagerService(  147): Starting input on non-focused client com.android.internal.view.IInputMethodClient$Stub$Proxy@410b4a68 (uid=10001 pid=262)
W/ActivityManager(  147): Duplicate finish request for ActivityRecord{410d5bd0 com.aidufei.movieonline/.ProgramDetailActivity}
W/InputManagerService(  147): Starting input on non-focused client com.android.internal.view.IInputMethodClient$Stub$Proxy@410d2cb0 (uid=10004 pid=589)
I/ActivityManager(  147): START {act=com.aidufei.programDetail cmp=com.aidufei.movieonline/.ProgramDetailActivity (has extras)} from pid 262
W/InputManagerService(  147): Starting input on non-focused client com.android.internal.view.IInputMethodClient$Stub$Proxy@410b4a68 (uid=10001 pid=262)
I/ActivityManager(  147): START {flg=0x78000000 cmp=com.aidufei.movieonline/.player.VideoPlayer (has extras)} from pid 589
I/ActivityManager(  147): START {act=android.intent.action.MAIN cat=[android.intent.category.HOME] flg=0x10200000 cmp=com.coship.cibn/.MainActivity} from pid 147
W/ActivityManager(  147): Activity pause timeout for ActivityRecord{41168608 com.aidufei.movieonline/.player.VideoPlayer}
I/ActivityManager(  147): START {flg=0x10000000 cmp=com.coship.dvbsetting/.main} from pid 262
W/InputManagerService(  147): Starting input on non-focused client com.android.internal.view.IInputMethodClient$Stub$Proxy@410b4a68 (uid=10001 pid=262)
I/ActivityManager(  147): START {cmp=com.coship.dvbsetting/.netsetting.netSet} from pid 982
I/EthernetManager(  982): Init Ethernet Manager, service: android.net.ethernet.IEthernetManager$Stub$Proxy@425dcbb0
E/EthernetService(  147): getSavedConfig
E/EthernetService(  147): ifName: eth0 ipaddr:0.0.0.0 netmask:255.255.255.255 getway:0.0.0.0 dns:0.0.0.0
E/EthernetService(  147): getSavedConfig
E/EthernetService(  147): ifName: eth0 ipaddr:0.0.0.0 netmask:255.255.255.255 getway:0.0.0.0 dns:0.0.0.0
E/EthernetService(  147): getSavedConfig
E/EthernetService(  147): ifName: eth0 ipaddr:0.0.0.0 netmask:255.255.255.255 getway:0.0.0.0 dns:0.0.0.0
E/NetlinkListener(   84): recvmsg mBuffer:
E/NetlinkListener(   84):  (8)
I/ActivityManager(  147): START {cmp=com.coship.dvbsetting/.systemsetting.SyssetAcivity} from pid 982
W/InputManagerService(  147): Starting input on non-focused client com.android.internal.view.IInputMethodClient$Stub$Proxy@411556d8 (uid=1000 pid=982)
I/ActivityManager(  147): START {flg=0x10000000 cmp=com.coship.Multimedia/.main} from pid 262
W/InputManagerService(  147): Starting input on non-focused client com.android.internal.view.IInputMethodClient$Stub$Proxy@410b4a68 (uid=10001 pid=262)
I/ActivityManager(  147): START {cmp=com.coship.Multimedia/.ImageWindow.ImageShow} from pid 917
I/ActivityManager(  147): START {cmp=com.coship.Multimedia/.MusicWindow.MusicShow} from pid 917
I/ActivityManager(  147): START {cmp=com.coship.Multimedia/.ImageWindow.ImageShow} from pid 917
E/NetlinkListener(   83): recvmsg mBuffer:
E/NetlinkListener(   83):  (remove@/devices/platform/MtkUsbHcd.2/usb3/3-1/3-1:1.0/host2/target2:0:0/2:0:0:0/bsg/2:0:0:0)
E/NetlinkListener(   84): recvmsg mBuffer:
E/NetlinkListener(   84):  (remove@/devices/platform/MtkUsbHcd.2/usb3/3-1/3-1:1.0/host2/target2:0:0/2:0:0:0/bsg/2:0:0:0)
E/NetlinkListener(   84): recvmsg mBuffer:
E/NetlinkListener(   84):  (remove@/devices/platform/MtkUsbHcd.2/usb3/3-1/3-1:1.0/host2/target2:0:0/2:0:0:0/scsi_device/2:0:0:0)
E/NetlinkListener(   84): recvmsg mBuffer:
E/NetlinkListener(   84):  (remove@/devices/platform/MtkUsbHcd.2/usb3/3-1/3-1:1.0/host2/target2:0:0/2:0:0:0/scsi_disk/2:0:0:0)
E/NetlinkListener(   84): recvmsg mBuffer:
E/NetlinkListener(   84):  (remove@/devices/platform/MtkUsbHcd.2/usb3/3-1/3-1:1.0/host2/target2:0:0/2:0:0:0/block/sda/sda1)
W/Vold    (   83): subsys:bsg
D/NetlinkEvent(   83): NL param 'DEVPATH=/devices/platform/MtkUsbHcd.2/usb3/3-1/3-1:1.0/host2/target2:0:0/2:0:0:0/bsg/2:0:0:0'
D/NetlinkEvent(   83): NL param 'MAJOR=253'
D/NetlinkEvent(   83): NL param 'MINOR=0'
D/NetlinkEvent(   83): NL param 'DEVNAME=bsg/2:0:0:0'
E/NetlinkListener(   83): recvmsg mBuffer:
E/NetlinkListener(   83):  (remove@/devices/platform/MtkUsbHcd.2/usb3/3-1/3-1:1.0/host2/target2:0:0/2:0:0:0/scsi_device/2:0:0:0)
W/Vold    (   83): subsys:scsi_device
D/NetlinkEvent(   83): NL param 'DEVPATH=/devices/platform/MtkUsbHcd.2/usb3/3-1/3-1:1.0/host2/target2:0:0/2:0:0:0/scsi_device/2:0:0:0'
E/NetlinkListener(   83): recvmsg mBuffer:
E/NetlinkListener(   83):  (remove@/devices/platform/MtkUsbHcd.2/usb3/3-1/3-1:1.0/host2/target2:0:0/2:0:0:0/scsi_disk/2:0:0:0)
W/Vold    (   83): subsys:scsi_disk
D/NetlinkEvent(   83): NL param 'DEVPATH=/devices/platform/MtkUsbHcd.2/usb3/3-1/3-1:1.0/host2/target2:0:0/2:0:0:0/scsi_disk/2:0:0:0'
