I/MountService(  147): StorageVolume [mAllowMassStorage=false, mDescription=USB å­å¨å¨, mEmulated=false, mMaxFileSize=0, mMtpReserveSpace=0, mPath=/mnt/vold/usbdisk1, mRemovable=true, mStorageId=131073]
W/Vold    (   83): Get vold.firstMountDevice=usbdisk3 
W/Vold    (   83):  
D/Vold    (   83): Volume usbdisk3 state changing 1 (Idle-Unmounted) -> 3 (Checking)
W/Vold    (   83): get partition mount point:minor:0,mVolumeMinor:0-->/mnt/vold/usbdisk3
W/Vold    (   83):  
W/Vold    (   83): get partition mount point:minor:0,mVolumeMinor:0-->/mnt/vold/usbdisk3
W/Vold    (   83):  
W/Vold    (   83): get partition mount point:minor:0,mVolumeMinor:0-->/mnt/vold/usbdisk3
W/Vold    (   83):  
D/Vold    (   83): Mountpoint(0) = /mnt/vold/usbdisk3, sChangeNotifyLabel = /mnt/sdcard
W/Vold    (   83): get partition mount point:minor:0,mVolumeMinor:0-->/mnt/vold/usbdisk3
W/Vold    (   83):  
I/MountService(  147): StorageVolume [mAllowMassStorage=false, mDescription=USB å­å¨å¨, mEmulated=false, mMaxFileSize=0, mMtpReserveSpace=0, mPath=/mnt/vold/usbdisk2, mRemovable=true, mStorageId=196609]
I/Vold    (   83): /dev/block/vold/8:1 being considered for volume usbdisk3
W/Vold    (   83): get partition mount point:minor:1,mVolumeMinor:0-->/mnt/vold/usbdisk3/sda1
W/Vold    (   83):  
I/MountService(  147): StorageVolume [mAllowMassStorage=false, mDescription=USB å­å¨å¨, mEmulated=false, mMaxFileSize=0, mMtpReserveSpace=0, mPath=/mnt/vold/usbdisk3, mRemovable=true, mStorageId=262145]
I/MountService(  147): mVolume[3] disk: /mnt/vold/usbdisk3
I/MountService(  147): mVolume[3] partition: /mnt/vold/usbdisk3/sda1
I/MountService(  147): StorageVolume [mAllowMassStorage=false, mDescription=USB å­å¨å¨, mEmulated=false, mMaxFileSize=0, mMtpReserveSpace=0, mPath=/mnt/vold/satahdd, mRemovable=true, mStorageId=327681]
I/MountService(  147): sdcard path = null. usbdisk path =/mnt/vold/usbdisk3/sda1
I/MountService(  147): onEvent:: raw= 605 Volume usbdisk3 /mnt/vold/usbdisk3 state changed from 2 (Pending) to 1 (Idle-Unmounted) cooked =  605 Volume usbdisk3 /mnt/vold/usbdisk3 state changed from 2 (Pending) to 1 (Idle-Unmounted)
I/MountService(  147): notifyVolumeStateChanged::removed
I/MountService(  147): updating volume state for media bad removal nofs and unmountable
D/MountService(  147): volume state changed for /mnt/vold/usbdisk3 (removed -> unmounted)
I/Vold    (   83): /dev/block/vold/8:1 being considered mount to /mnt/vold/usbdisk3/sda1 for volume usbdisk3
D/MountService(  147): sendStorageIntent Intent { act=android.intent.action.MEDIA_UNMOUNTED dat=file:///mnt/vold/usbdisk3 (has extras) }
I/MountService(  147): onEvent:: raw= 605 Volume usbdisk3 /mnt/vold/usbdisk3 state changed from 1 (Idle-Unmounted) to 3 (Checking) cooked =  605 Volume usbdisk3 /mnt/vold/usbdisk3 state changed from 1 (Idle-Unmounted) to 3 (Checking)
I/MountService(  147): notifyVolumeStateChanged::unmounted
I/MountService(  147): updating volume state checking
D/MountService(  147): volume state changed for /mnt/vold/usbdisk3 (unmounted -> checking)
D/MountService(  147): sendStorageIntent Intent { act=android.intent.action.MEDIA_CHECKING dat=file:///mnt/vold/usbdisk3 (has extras) }
E/Vold    (   83): mount error=22
I/Vold    (   83): Device /dev/block/vold/8:1, target /mnt/vold/usbdisk3/sda1 mounted @ /mnt/secure/staging failed. rc=-1
E/Vold    (   83): Failed to move mount /mnt/secure/staging -> /mnt/vold/usbdisk3/sda1 (Invalid argument)
E/Vold    (   83): Failed to move mount (Invalid argument),mountpath=/mnt/vold/usbdisk3/sda1
I/Vold    (   83): Try to mount /dev/block/vold/8:1 to /mnt/vold/usbdisk3/sda1(FS: ntfs, Flags:0X8E)...
I/Vold    (   83): ntfs-3g mount
E/NetlinkListener(   84): recvmsg mBuffer:
E/NetlinkListener(   84):  (add@/devices/virtual/bdi/8:1-fuseblk)
E/NetlinkListener(   83): recvmsg mBuffer:
E/NetlinkListener(   83):  (add@/devices/virtual/bdi/8:1-fuseblk)
W/Vold    (   83): subsys:bdi
D/NetlinkEvent(   83): NL param 'DEVPATH=/devices/virtual/bdi/8:1-fuseblk'
I/Vold    (   83): return value: 0, error[22]: Invalid argument
I/Vold    (   83): mount /dev/block/vold/8:1 to /mnt/vold/usbdisk3/sda1 successful
W/Vold    (   83): get partition mount point:minor:1,mVolumeMinor:0-->/mnt/vold/usbdisk3/sda1
W/Vold    (   83):  
I/Vold    (   83): Device /dev/block/vold/8:1, target /mnt/vold/usbdisk3/sda1 mounted  successfully!
E/Vold    (   83): Volume usbdisk3 found mounting 1 partition sucessfully:(
W/Vold    (   83): Get vold.firstMountDevice=usbdisk3 
W/Vold    (   83):  
D/Vold    (   83): Volume usbdisk3 state changing 3 (Checking) -> 4 (Mounted)
W/Vold    (   83): get partition mount point:minor:0,mVolumeMinor:0-->/mnt/vold/usbdisk3
W/Vold    (   83):  
W/Vold    (   83): get partition mount point:minor:0,mVolumeMinor:0-->/mnt/vold/usbdisk3
W/Vold    (   83):  
W/Vold    (   83): get partition mount point:minor:0,mVolumeMinor:0-->/mnt/vold/usbdisk3
W/Vold    (   83):  
D/Vold    (   83): Mountpoint(0) = /mnt/vold/usbdisk3, sChangeNotifyLabel = /mnt/sdcard
W/Vold    (   83): get partition mount point:minor:0,mVolumeMinor:0-->/mnt/vold/usbdisk3
W/Vold    (   83):  
W/Vold    (   83): Returning OperationFailed - no handler for errno 22
I/MountService(  147): onEvent:: raw= 605 Volume usbdisk3 /mnt/vold/usbdisk3 state changed from 3 (Checking) to 4 (Mounted) cooked =  605 Volume usbdisk3 /mnt/vold/usbdisk3 state changed from 3 (Checking) to 4 (Mounted)
I/MountService(  147): notifyVolumeStateChanged::checking
I/MountService(  147): updating volume state mounted
D/MountService(  147): volume state changed for /mnt/vold/usbdisk3 (checking -> mounted)
W/MountService(  147): Insertion mount failed (-1)
I/MountService(  147): mStorageNum = 1
I/MountService(  147): key:/mnt/vold/usbdisk1
I/MountService(  147): value:removed
I/MountService(  147): key:/mnt/sdcard
I/MountService(  147): value:removed
I/MountService(  147): key:/mnt/vold/satahdd
I/MountService(  147): value:removed
I/MountService(  147): key:/mnt/vold/usbdisk3
I/MountService(  147): value:mounted
I/MountService(  147): key:/mnt/vold/usbdisk2
I/MountService(  147): value:removed
I/MountService(  147): mVolume[0]: /mnt/sdcard
I/MountService(  147): mVolume[1]: /mnt/vold/usbdisk1
I/MountService(  147): mVolume[2]: /mnt/vold/usbdisk2
I/MountService(  147): mVolume[3]: /mnt/vold/usbdisk3
I/MountService(  147): mPartitions[0]: /mnt/vold/usbdisk3/sda1
I/MountService(  147): mVolume[4]: /mnt/vold/satahdd
D/MountService(  147): sendStorageIntent Intent { act=android.intent.action.MEDIA_MOUNTED dat=file:///mnt/vold/usbdisk3 (has extras) }
E/NetlinkListener(   84): recvmsg mBuffer:
E/NetlinkListener(   84):  (remove@/devices/platform/MtkUsbHcd.2/usb3/3-1/3-1:1.0/host1/target1:0:0/1:0:0:0/bsg/1:0:0:0)
E/NetlinkListener(   84): recvmsg mBuffer:
E/NetlinkListener(   84):  (remove@/devices/platform/MtkUsbHcd.2/usb3/3-1/3-1:1.0/host1/target1:0:0/1:0:0:0/scsi_device/1:0:0:0)
E/NetlinkListener(   84): recvmsg mBuffer:
E/NetlinkListener(   84):  (remove@/devices/platform/MtkUsbHcd.2/usb3/3-1/3-1:1.0/host1/target1:0:0/1:0:0:0/scsi_disk/1:0:0:0)
E/NetlinkListener(   83): recvmsg mBuffer:
E/NetlinkListener(   83):  (remove@/devices/platform/MtkUsbHcd.2/usb3/3-1/3-1:1.0/host1/target1:0:0/1:0:0:0/bsg/1:0:0:0)
W/Vold    (   83): subsys:bsg
D/NetlinkEvent(   83): NL param 'DEVPATH=/devices/platform/MtkUsbHcd.2/usb3/3-1/3-1:1.0/host1/target1:0:0/1:0:0:0/bsg/1:0:0:0'
D/NetlinkEvent(   83): NL param 'MAJOR=253'
D/NetlinkEvent(   83): NL param 'MINOR=0'
D/NetlinkEvent(   83): NL param 'DEVNAME=bsg/1:0:0:0'
E/NetlinkListener(   83): recvmsg mBuffer:
E/NetlinkListener(   83):  (remove@/devices/platform/MtkUsbHcd.2/usb3/3-1/3-1:1.0/host1/target1:0:0/1:0:0:0/scsi_device/1:0:0:0)
W/Vold    (   83): subsys:scsi_device
D/NetlinkEvent(   83): NL param 'DEVPATH=/devices/platform/MtkUsbHcd.2/usb3/3-1/3-1:1.0/host1/target1:0:0/1:0:0:0/scsi_device/1:0:0:0'
E/NetlinkListener(   83): recvmsg mBuffer:
E/NetlinkListener(   83):  (remove@/devices/platform/MtkUsbHcd.2/usb3/3-1/3-1:1.0/host1/target1:0:0/1:0:0:0/scsi_disk/1:0:0:0)
W/Vold    (   83): subsys:scsi_disk
D/NetlinkEvent(   83): NL param 'DEVPATH=/devices/platform/MtkUsbHcd.2/usb3/3-1/3-1:1.0/host1/target1:0:0/1:0:0:0/scsi_disk/1:0:0:0'
E/NetlinkListener(   84): recvmsg mBuffer:
E/NetlinkListener(   84):  (remove@/devices/platform/MtkUsbHcd.2/usb3/3-1/3-1:1.0/host1/target1:0:0/1:0:0:0/block/sda/sda1)
E/NetlinkListener(   83): recvmsg mBuffer:
E/NetlinkListener(   83):  (remove@/devices/platform/MtkUsbHcd.2/usb3/3-1/3-1:1.0/host1/target1:0:0/1:0:0:0/block/sda/sda1)
W/Vold    (   83): subsys:block
D/NetlinkEvent(   83): NL param 'DEVPATH=/devices/platform/MtkUsbHcd.2/usb3/3-1/3-1:1.0/host1/target1:0:0/1:0:0:0/block/sda/sda1'
D/NetlinkEvent(   83): NL param 'MAJOR=8'
D/NetlinkEvent(   83): NL param 'MINOR=1'
D/NetlinkEvent(   83): NL param 'DEVNAME=sda1'
D/NetlinkEvent(   83): NL param 'DEVTYPE=partition'
D/NetlinkEvent(   83): NL param 'PARTN=1'
D/DirectVolume(   83): send msg for remove partition path.
W/Vold    (   83): get partition mount point:minor:1,mVolumeMinor:0-->/mnt/vold/usbdisk3/sda1
W/Vold    (   83):  
W/Vold    (   83): get partition mount point:minor:1,mVolumeMinor:0-->/mnt/vold/usbdisk3/sda1
W/Vold    (   83):  
D/DirectVolume(   83): Volume usbdisk3 /mnt/vold/usbdisk3/sda1 partition 8:1 removed
D/DirectVolume(   83): Volume usbdisk3 all partition  removed
W/Vold    (   83): get partition mount point:minor:1,mVolumeMinor:0-->/mnt/vold/usbdisk3/sda1
W/Vold    (   83):  
W/Vold    (   83): Get vold.firstMountDevice=usbdisk3 
W/Vold    (   83):  
E/DirectVolume(   83):  DeviceNodes:maj:main[8:1]
E/DirectVolume(   83):  mDiskNumParts=1
W/Vold    (   83): Get vold.firstMountDevice=usbdisk3 
W/Vold    (   83):  
D/Vold    (   83): Volume usbdisk3 state changing 4 (Mounted) -> 5 (Unmounting)
W/Vold    (   83): get partition mount point:minor:0,mVolumeMinor:0-->/mnt/vold/usbdisk3
W/Vold    (   83):  
W/Vold    (   83): get partition mount point:minor:0,mVolumeMinor:0-->/mnt/vold/usbdisk3
W/Vold    (   83):  
W/Vold    (   83): get partition mount point:minor:0,mVolumeMinor:0-->/mnt/vold/usbdisk3
W/Vold    (   83):  
D/Vold    (   83): Mountpoint(0) = /mnt/vold/usbdisk3, sChangeNotifyLabel = /mnt/sdcard
W/Vold    (   83): get partition mount point:minor:0,mVolumeMinor:0-->/mnt/vold/usbdisk3
W/Vold    (   83):  
I/MountService(  147): onEvent:: raw= 634 Volume usbdisk3 /mnt/vold/usbdisk3/sda1 partition unmounted (8:0) cooked =  634 Volume usbdisk3 /mnt/vold/usbdisk3/sda1 partition unmounted (8:0)
I/MountService(  147): StorageVolume [mAllowMassStorage=false, mDescription=åé¨å­å¨ç©ºé´, mEmulated=false, mMaxFileSize=0, mMtpReserveSpace=100, mPath=/mnt/sdcard, mRemovable=true, mStorageId=65537]
I/MountService(  147): StorageVolume [mAllowMassStorage=false, mDescription=USB å­å¨å¨, mEmulated=false, mMaxFileSize=0, mMtpReserveSpace=0, mPath=/mnt/vold/usbdisk1, mRemovable=true, mStorageId=131073]
I/MountService(  147): StorageVolume [mAllowMassStorage=false, mDescription=USB å­å¨å¨, mEmulated=false, mMaxFileSize=0, mMtpReserveSpace=0, mPath=/mnt/vold/usbdisk2, mRemovable=true, mStorageId=196609]
I/MountService(  147): StorageVolume [mAllowMassStorage=false, mDescription=USB å­å¨å¨, mEmulated=false, mMaxFileSize=0, mMtpReserveSpace=0, mPath=/mnt/vold/usbdisk3, mRemovable=true, mStorageId=262145]
I/MountService(  147): mVolume[3] disk: /mnt/vold/usbdisk3
I/MountService(  147): StorageVolume [mAllowMassStorage=false, mDescription=USB å­å¨å¨, mEmulated=false, mMaxFileSize=0, mMtpReserveSpace=0, mPath=/mnt/vold/satahdd, mRemovable=true, mStorageId=327681]
I/MountService(  147): onEvent:: raw= 632 Volume usbdisk3 /mnt/vold/usbdisk3/sda1 bad removal (8:1) cooked =  632 Volume usbdisk3 /mnt/vold/usbdisk3/sda1 bad removal (8:1)
I/MountService(  147): Sending unmounted event first
D/MountService(  147): volume state changed for /mnt/vold/usbdisk3/sda1 (null -> unmounted)
I/MountService(  147): Sending media bad removal
D/MountService(  147): volume state changed for /mnt/vold/usbdisk3/sda1 (unmounted -> bad_removal)
D/MountService(  147): sendStorageIntent Intent { act=android.intent.action.MEDIA_BAD_REMOVAL dat=file:///mnt/vold/usbdisk3/sda1 (has extras) }
I/MountService(  147): onEvent:: raw= 605 Volume usbdisk3 /mnt/vold/usbdisk3 state changed from 4 (Mounted) to 5 (Unmounting) cooked =  605 Volume usbdisk3 /mnt/vold/usbdisk3 state changed from 4 (Mounted) to 5 (Unmounting)
I/MountService(  147): notifyVolumeStateChanged::mounted
E/NetlinkListener(   84): recvmsg mBuffer:
E/NetlinkListener(   84):  (remove@/devices/virtual/bdi/8:0)
E/NetlinkListener(   84): recvmsg mBuffer:
E/NetlinkListener(   84):  (remove@/devices/platform/MtkUsbHcd.2/usb3/3-1/3-1:1.0/host1/target1:0:0/1:0:0:0/block/sda)
E/NetlinkListener(   84): recvmsg mBuffer:
E/NetlinkListener(   84):  (remove@/devices/platform/MtkUsbHcd.2/usb3/3-1/3-1:1.0/host1/target1:0:0/1:0:0:0)
E/NetlinkListener(   84): recvmsg mBuffer:
E/NetlinkListener(   84):  (remove@/devices/platform/MtkUsbHcd.2/usb3/3-1/3-1:1.0/host1/scsi_host/host1)
E/NetlinkListener(   84): recvmsg mBuffer:
E/NetlinkListener(   84):  (remove@/devices/platform/MtkUsbHcd.2/usb3/3-1/3-1:1.0/host1)
D/MountService(  147): sendStorageIntent Intent { act=android.intent.action.MEDIA_EJECT dat=file:///mnt/vold/usbdisk3 (has extras) }
E/NetlinkListener(   84): recvmsg mBuffer:
E/NetlinkListener(   84):  (remove@/devices/platform/MtkUsbHcd.2/usb3/3-1/3-1:1.0)
E/NetlinkListener(   84): recvmsg mBuffer:
E/NetlinkListener(   84):  (remove@/devices/platform/MtkUsbHcd.2/usb3/3-1)
W/Vold    (   83): get partition mount point:minor:1,mVolumeMinor:0-->/mnt/vold/usbdisk3/sda1
W/Vold    (   83):  
I/Vold    (   83): /mnt/secure/staging/.android_secure sucessfully unmounted
I/Vold    (   83): /mnt/secure/asec sucessfully unmounted
E/NetlinkListener(   84): recvmsg mBuffer:
E/NetlinkListener(   84):  (remove@/devices/virtual/bdi/8:1-fuseblk)
E/NetlinkListener(   84): recvmsg mBuffer:
E/NetlinkListener(   84):  (remove@/host1/target1:0:0)
I/Vold    (   83): /mnt/secure/staging sucessfully unmounted
E/Vold    (   83): remove dir (/mnt/vold/usbdisk3/sda1) successfully
W/Vold    (   83): get partition mount point:minor:0,mVolumeMinor:0-->/mnt/vold/usbdisk3
W/Vold    (   83):  
I/Vold    (   83): /mnt/vold/usbdisk3 unmounted sucessfully
W/Vold    (   83): Get vold.firstMountDevice=usbdisk3 
W/Vold    (   83):  
D/Vold    (   83): Volume usbdisk3 state changing 5 (Unmounting) -> 1 (Idle-Unmounted)
W/Vold    (   83): get partition mount point:minor:0,mVolumeMinor:0-->/mnt/vold/usbdisk3
W/Vold    (   83):  
W/Vold    (   83): get partition mount point:minor:0,mVolumeMinor:0-->/mnt/vold/usbdisk3
W/Vold    (   83):  
W/Vold    (   83): get partition mount point:minor:0,mVolumeMinor:0-->/mnt/vold/usbdisk3
W/Vold    (   83):  
D/Vold    (   83): Mountpoint(0) = /mnt/vold/usbdisk3, sChangeNotifyLabel = /mnt/sdcard
W/Vold    (   83): get partition mount point:minor:0,mVolumeMinor:0-->/mnt/vold/usbdisk3
W/Vold    (   83):  
D/DirectVolume(   83): Crisis averted
E/NetlinkListener(   83): recvmsg mBuffer:
E/NetlinkListener(   83):  (remove@/devices/virtual/bdi/8:0)
W/Vold    (   83): subsys:bdi
D/NetlinkEvent(   83): NL param 'DEVPATH=/devices/virtual/bdi/8:0'
E/NetlinkListener(   83): recvmsg mBuffer:
E/NetlinkListener(   83):  (remove@/devices/platform/MtkUsbHcd.2/usb3/3-1/3-1:1.0/host1/target1:0:0/1:0:0:0/block/sda)
W/Vold    (   83): subsys:block
D/NetlinkEvent(   83): NL param 'DEVPATH=/devices/platform/MtkUsbHcd.2/usb3/3-1/3-1:1.0/host1/target1:0:0/1:0:0:0/block/sda'
D/NetlinkEvent(   83): NL param 'MAJOR=8'
D/NetlinkEvent(   83): NL param 'MINOR=0'
D/NetlinkEvent(   83): NL param 'DEVNAME=sda'
D/NetlinkEvent(   83): NL param 'DEVTYPE=disk'
D/NetlinkEvent(   83): NL param 'NPARTS=0'
W/DirectVolume(   83): Get vold.firstMountDevice=usbdisk3 
W/DirectVolume(   83):  
W/Vold    (   83): get partition mount point:minor:0,mVolumeMinor:0-->/mnt/vold/usbdisk3
W/Vold    (   83):  
D/DirectVolume(   83): Volume usbdisk3 /mnt/vold/usbdisk3 disk 8:0 removed
W/Vold    (   83): get partition mount point:minor:0,mVolumeMinor:0-->/mnt/vold/usbdisk3
W/Vold    (   83):  
W/Vold    (   83): get partition mount point:minor:0,mVolumeMinor:0-->/mnt/vold/usbdisk3
W/Vold    (   83):  
W/Vold    (   83): get partition mount point:minor:0,mVolumeMinor:0-->/mnt/vold/usbdisk3
W/Vold    (   83):  
W/Vold    (   83): Get vold.firstMountDevice=usbdisk3 
W/Vold    (   83):  
D/Vold    (   83): Volume usbdisk3 state changing 1 (Idle-Unmounted) -> 0 (No-Media)
W/Vold    (   83): get partition mount point:minor:0,mVolumeMinor:0-->/mnt/vold/usbdisk3
W/Vold    (   83):  
W/Vold    (   83): get partition mount point:minor:0,mVolumeMinor:0-->/mnt/vold/usbdisk3
W/Vold    (   83):  
W/Vold    (   83): get partition mount point:minor:0,mVolumeMinor:0-->/mnt/vold/usbdisk3
W/Vold    (   83):  
D/Vold    (   83): Mountpoint(0) = /mnt/vold/usbdisk3, sChangeNotifyLabel = /mnt/sdcard
W/Vold    (   83): get partition mount point:minor:0,mVolumeMinor:0-->/mnt/vold/usbdisk3
W/Vold    (   83):  
W/Vold    (   83): get partition mount point:minor:1,mVolumeMinor:0-->/mnt/vold/usbdisk3/sda1
W/Vold    (   83):  
E/NetlinkListener(   83): recvmsg mBuffer:
E/NetlinkListener(   83):  (remove@/devices/platform/MtkUsbHcd.2/usb3/3-1/3-1:1.0/host1/target1:0:0/1:0:0:0)
W/Vold    (   83): subsys:scsi
D/NetlinkEvent(   83): NL param 'DEVPATH=/devices/platform/MtkUsbHcd.2/usb3/3-1/3-1:1.0/host1/target1:0:0/1:0:0:0'
D/NetlinkEvent(   83): NL param 'DEVTYPE=scsi_device'
D/NetlinkEvent(   83): NL param 'MODALIAS=scsi:t-0x00'
E/NetlinkListener(   83): recvmsg mBuffer:
E/NetlinkListener(   83):  (remove@/devices/platform/MtkUsbHcd.2/usb3/3-1/3-1:1.0/host1/scsi_host/host1)
W/Vold    (   83): subsys:scsi_host
D/NetlinkEvent(   83): NL param 'DEVPATH=/devices/platform/MtkUsbHcd.2/usb3/3-1/3-1:1.0/host1/scsi_host/host1'
E/NetlinkListener(   83): recvmsg mBuffer:
E/NetlinkListener(   83):  (remove@/devices/platform/MtkUsbHcd.2/usb3/3-1/3-1:1.0/host1)
W/Vold    (   83): subsys:scsi
D/NetlinkEvent(   83): NL param 'DEVPATH=/devices/platform/MtkUsbHcd.2/usb3/3-1/3-1:1.0/host1'
D/NetlinkEvent(   83): NL param 'DEVTYPE=scsi_host'
E/NetlinkListener(   83): recvmsg mBuffer:
E/NetlinkListener(   83):  (remove@/devices/platform/MtkUsbHcd.2/usb3/3-1/3-1:1.0)
W/Vold    (   83): subsys:usb
D/NetlinkEvent(   83): NL param 'DEVPATH=/devices/platform/MtkUsbHcd.2/usb3/3-1/3-1:1.0'
D/NetlinkEvent(   83): NL param 'DEVTYPE=usb_interface'
D/NetlinkEvent(   83): NL param 'DEVICE=/proc/bus/usb/003/002'
D/NetlinkEvent(   83): NL param 'PRODUCT=1058/1010/175'
D/NetlinkEvent(   83): NL param 'TYPE=0/0/0'
D/NetlinkEvent(   83): NL param 'INTERFACE=8/6/80'
D/NetlinkEvent(   83): NL param 'MODALIAS=usb:v1058p1010d0175dc00dsc00dp00ic08isc06ip50'
E/NetlinkListener(   83): recvmsg mBuffer:
E/NetlinkListener(   83):  (remove@/devices/platform/MtkUsbHcd.2/usb3/3-1)
W/Vold    (   83): subsys:usb
D/NetlinkEvent(   83): NL param 'DEVPATH=/devices/platform/MtkUsbHcd.2/usb3/3-1'
D/NetlinkEvent(   83): NL param 'MAJOR=189'
D/NetlinkEvent(   83): NL param 'MINOR=257'
D/NetlinkEvent(   83): NL param 'DEVNAME=bus/usb/003/002'
D/NetlinkEvent(   83): NL param 'DEVTYPE=usb_device'
D/NetlinkEvent(   83): NL param 'DEVICE=/proc/bus/usb/003/002'
D/NetlinkEvent(   83): NL param 'PRODUCT=1058/1010/175'
D/NetlinkEvent(   83): NL param 'TYPE=0/0/0'
D/NetlinkEvent(   83): NL param 'BUSNUM=003'
D/NetlinkEvent(   83): NL param 'DEVNUM=002'
E/NetlinkListener(   83): recvmsg mBuffer:
E/NetlinkListener(   83):  (remove@/devices/virtual/bdi/8:1-fuseblk)
W/Vold    (   83): subsys:bdi
D/NetlinkEvent(   83): NL param 'DEVPATH=/devices/virtual/bdi/8:1-fuseblk'
E/NetlinkListener(   83): recvmsg mBuffer:
E/NetlinkListener(   83):  (remove@/host1/target1:0:0)
W/Vold    (   83): subsys:scsi
D/NetlinkEvent(   83): NL param 'DEVPATH=/host1/target1:0:0'
D/NetlinkEvent(   83): NL param 'DEVTYPE=scsi_target'
I/MountService(  147): onEvent:: raw= 605 Volume usbdisk3 /mnt/vold/usbdisk3 state changed from 5 (Unmounting) to 1 (Idle-Unmounted) cooked =  605 Volume usbdisk3 /mnt/vold/usbdisk3 state changed from 5 (Unmounting) to 1 (Idle-Unmounted)
I/MountService(  147): notifyVolumeStateChanged::mounted
I/MountService(  147): updating volume state for media bad removal nofs and unmountable
D/MountService(  147): volume state changed for /mnt/vold/usbdisk3 (mounted -> unmounted)
D/MountService(  147): sendStorageIntent Intent { act=android.intent.action.MEDIA_UNMOUNTED dat=file:///mnt/vold/usbdisk3 (has extras) }
I/MountService(  147): onEvent:: raw= 631 Volume usbdisk3 /mnt/vold/usbdisk3 disk removed (8:0) cooked =  631 Volume usbdisk3 /mnt/vold/usbdisk3 disk removed (8:0)
I/MountService(  147): mStorageNum = 0
I/MountService(  147): key:/mnt/vold/usbdisk1
I/MountService(  147): value:removed
I/MountService(  147): key:/mnt/sdcard
I/MountService(  147): value:removed
I/MountService(  147): key:/mnt/vold/satahdd
I/MountService(  147): value:removed
I/MountService(  147): key:/mnt/vold/usbdisk3/sda1
I/MountService(  147): value:bad_removal
I/MountService(  147): key:/mnt/vold/usbdisk3
I/MountService(  147): value:unmounted
I/MountService(  147): key:/mnt/vold/usbdisk2
I/MountService(  147): value:removed
I/MountService(  147): Sending unmounted event first
W/MountService(  147): Duplicate state transition (unmounted -> unmounted) for /mnt/vold/usbdisk3
D/MountService(  147): sendStorageIntent Intent { act=unmounted dat=file:///mnt/vold/usbdisk3 (has extras) }
I/MountService(  147): Sending media removed
D/MountService(  147): volume state changed for /mnt/vold/usbdisk3 (unmounted -> removed)
D/MountService(  147): sendStorageIntent Intent { act=android.intent.action.MEDIA_REMOVED dat=file:///mnt/vold/usbdisk3 (has extras) }
I/MountService(  147): onEvent:: raw= 605 Volume usbdisk3 /mnt/vold/usbdisk3 state changed from 1 (Idle-Unmounted) to 0 (No-Media) cooked =  605 Volume usbdisk3 /mnt/vold/usbdisk3 state changed from 1 (Idle-Unmounted) to 0 (No-Media)
I/MountService(  147): notifyVolumeStateChanged::removed
E/NetlinkListener(   84): recvmsg mBuffer:
E/NetlinkListener(   84):  (add@/devices/platform/MtkUsbHcd.2/usb3/3-1)
E/NetlinkListener(   83): recvmsg mBuffer:
E/NetlinkListener(   83):  (add@/devices/platform/MtkUsbHcd.2/usb3/3-1)
W/Vold    (   83): subsys:usb
D/NetlinkEvent(   83): NL param 'DEVPATH=/devices/platform/MtkUsbHcd.2/usb3/3-1'
D/NetlinkEvent(   83): NL param 'MAJOR=189'
D/NetlinkEvent(   83): NL param 'MINOR=258'
D/NetlinkEvent(   83): NL param 'DEVNAME=bus/usb/003/003'
D/NetlinkEvent(   83): NL param 'DEVTYPE=usb_device'
D/NetlinkEvent(   83): NL param 'DEVICE=/proc/bus/usb/003/003'
D/NetlinkEvent(   83): NL param 'PRODUCT=1058/1010/175'
D/NetlinkEvent(   83): NL param 'TYPE=0/0/0'
D/NetlinkEvent(   83): NL param 'BUSNUM=003'
D/NetlinkEvent(   83): NL param 'DEVNUM=003'
E/NetlinkListener(   84): recvmsg mBuffer:
E/NetlinkListener(   84):  (add@/devices/platform/MtkUsbHcd.2/usb3/3-1/3-1:1.0)
E/NetlinkListener(   83): recvmsg mBuffer:
E/NetlinkListener(   83):  (add@/devices/platform/MtkUsbHcd.2/usb3/3-1/3-1:1.0)
W/Vold    (   83): subsys:usb
D/NetlinkEvent(   83): NL param 'DEVPATH=/devices/platform/MtkUsbHcd.2/usb3/3-1/3-1:1.0'
D/NetlinkEvent(   83): NL param 'DEVTYPE=usb_interface'
D/NetlinkEvent(   83): NL param 'DEVICE=/proc/bus/usb/003/003'
D/NetlinkEvent(   83): NL param 'PRODUCT=1058/1010/175'
D/NetlinkEvent(   83): NL param 'TYPE=0/0/0'
D/NetlinkEvent(   83): NL param 'INTERFACE=8/6/80'
D/NetlinkEvent(   83): NL param 'MODALIAS=usb:v1058p1010d0175dc00dsc00dp00ic08isc06ip50'
E/NetlinkListener(   84): recvmsg mBuffer:
E/NetlinkListener(   84):  (add@/devices/platform/MtkUsbHcd.2/usb3/3-1/3-1:1.0/host2)
E/NetlinkListener(   84): recvmsg mBuffer:
E/NetlinkListener(   84):  (add@/devices/platform/MtkUsbHcd.2/usb3/3-1/3-1:1.0/host2/scsi_host/host2)
E/NetlinkListener(   83): recvmsg mBuffer:
E/NetlinkListener(   83):  (add@/devices/platform/MtkUsbHcd.2/usb3/3-1/3-1:1.0/host2)
W/Vold    (   83): subsys:scsi
D/NetlinkEvent(   83): NL param 'DEVPATH=/devices/platform/MtkUsbHcd.2/usb3/3-1/3-1:1.0/host2'
D/NetlinkEvent(   83): NL param 'DEVTYPE=scsi_host'
E/NetlinkListener(   83): recvmsg mBuffer:
E/NetlinkListener(   83):  (add@/devices/platform/MtkUsbHcd.2/usb3/3-1/3-1:1.0/host2/scsi_host/host2)
W/Vold    (   83): subsys:scsi_host
D/NetlinkEvent(   83): NL param 'DEVPATH=/devices/platform/MtkUsbHcd.2/usb3/3-1/3-1:1.0/host2/scsi_host/host2'
E/NetlinkListener(   84): recvmsg mBuffer:
E/NetlinkListener(   84):  (add@/devices/platform/MtkUsbHcd.0/usb1/1-1)
E/NetlinkListener(   83): recvmsg mBuffer:
E/NetlinkListener(   83):  (add@/devices/platform/MtkUsbHcd.0/usb1/1-1)
W/Vold    (   83): subsys:usb
D/NetlinkEvent(   83): NL param 'DEVPATH=/devices/platform/MtkUsbHcd.0/usb1/1-1'
D/NetlinkEvent(   83): NL param 'MAJOR=189'
D/NetlinkEvent(   83): NL param 'MINOR=1'
D/NetlinkEvent(   83): NL param 'DEVNAME=bus/usb/001/002'
D/NetlinkEvent(   83): NL param 'DEVTYPE=usb_device'
D/NetlinkEvent(   83): NL param 'DEVICE=/proc/bus/usb/001/002'
D/NetlinkEvent(   83): NL param 'PRODUCT=1058/1010/175'
D/NetlinkEvent(   83): NL param 'TYPE=0/0/0'
D/NetlinkEvent(   83): NL param 'BUSNUM=001'
D/NetlinkEvent(   83): NL param 'DEVNUM=002'
E/NetlinkListener(   84): recvmsg mBuffer:
E/NetlinkListener(   84):  (add@/devices/platform/MtkUsbHcd.0/usb1/1-1/1-1:1.0)
E/NetlinkListener(   83): recvmsg mBuffer:
E/NetlinkListener(   83):  (add@/devices/platform/MtkUsbHcd.0/usb1/1-1/1-1:1.0)
W/Vold    (   83): subsys:usb
D/NetlinkEvent(   83): NL param 'DEVPATH=/devices/platform/MtkUsbHcd.0/usb1/1-1/1-1:1.0'
D/NetlinkEvent(   83): NL param 'DEVTYPE=usb_interface'
D/NetlinkEvent(   83): NL param 'DEVICE=/proc/bus/usb/001/002'
D/NetlinkEvent(   83): NL param 'PRODUCT=1058/1010/175'
D/NetlinkEvent(   83): NL param 'TYPE=0/0/0'
D/NetlinkEvent(   83): NL param 'INTERFACE=8/6/80'
D/NetlinkEvent(   83): NL param 'MODALIAS=usb:v1058p1010d0175dc00dsc00dp00ic08isc06ip50'
E/NetlinkListener(   84): recvmsg mBuffer:
E/NetlinkListener(   84):  (add@/devices/platform/MtkUsbHcd.0/usb1/1-1/1-1:1.0/host3)
E/NetlinkListener(   84): recvmsg mBuffer:
E/NetlinkListener(   84):  (add@/devices/platform/MtkUsbHcd.0/usb1/1-1/1-1:1.0/host3/scsi_host/host3)
E/NetlinkListener(   83): recvmsg mBuffer:
E/NetlinkListener(   83):  (add@/devices/platform/MtkUsbHcd.0/usb1/1-1/1-1:1.0/host3)
W/Vold    (   83): subsys:scsi
D/NetlinkEvent(   83): NL param 'DEVPATH=/devices/platform/MtkUsbHcd.0/usb1/1-1/1-1:1.0/host3'
D/NetlinkEvent(   83): NL param 'DEVTYPE=scsi_host'
E/NetlinkListener(   83): recvmsg mBuffer:
E/NetlinkListener(   83):  (add@/devices/platform/MtkUsbHcd.0/usb1/1-1/1-1:1.0/host3/scsi_host/host3)
W/Vold    (   83): subsys:scsi_host
D/NetlinkEvent(   83): NL param 'DEVPATH=/devices/platform/MtkUsbHcd.0/usb1/1-1/1-1:1.0/host3/scsi_host/host3'
E/NetlinkListener(   84): recvmsg mBuffer:
E/NetlinkListener(   84):  (add@/devices/platform/MtkUsbHcd.2/usb3/3-1/3-1:1.0/host2/target2:0:0)
E/NetlinkListener(   83): recvmsg mBuffer:
E/NetlinkListener(   83):  (add@/devices/platform/MtkUsbHcd.2/usb3/3-1/3-1:1.0/host2/target2:0:0)
W/Vold    (   83): subsys:scsi
D/NetlinkEvent(   83): NL param 'DEVPATH=/devices/platform/MtkUsbHcd.2/usb3/3-1/3-1:1.0/host2/target2:0:0'
D/NetlinkEvent(   83): NL param 'DEVTYPE=scsi_target'
E/NetlinkListener(   84): recvmsg mBuffer:
E/NetlinkListener(   84):  (add@/devices/platform/MtkUsbHcd.2/usb3/3-1/3-1:1.0/host2/target2:0:0/2:0:0:0)
E/NetlinkListener(   83): recvmsg mBuffer:
E/NetlinkListener(   83):  (add@/devices/platform/MtkUsbHcd.2/usb3/3-1/3-1:1.0/host2/target2:0:0/2:0:0:0)
W/Vold    (   83): subsys:scsi
D/NetlinkEvent(   83): NL param 'DEVPATH=/devices/platform/MtkUsbHcd.2/usb3/3-1/3-1:1.0/host2/target2:0:0/2:0:0:0'
D/NetlinkEvent(   83): NL param 'DEVTYPE=scsi_device'
D/NetlinkEvent(   83): NL param 'MODALIAS=scsi:t-0x00'
E/NetlinkListener(   83): recvmsg mBuffer:
E/NetlinkListener(   83):  (add@/devices/platform/MtkUsbHcd.2/usb3/3-1/3-1:1.0/host2/target2:0:0/2:0:0:0/scsi_disk/2:0:0:0)
W/Vold    (   83): subsys:scsi_disk
D/NetlinkEvent(   83): NL param 'DEVPATH=/devices/platform/MtkUsbHcd.2/usb3/3-1/3-1:1.0/host2/target2:0:0/2:0:0:0/scsi_disk/2:0:0:0'
E/NetlinkListener(   84): recvmsg mBuffer:
E/NetlinkListener(   84):  (add@/devices/platform/MtkUsbHcd.2/usb3/3-1/3-1:1.0/host2/target2:0:0/2:0:0:0/scsi_disk/2:0:0:0)
E/NetlinkListener(   84): recvmsg mBuffer:
E/NetlinkListener(   84):  (add@/devices/platform/MtkUsbHcd.2/usb3/3-1/3-1:1.0/host2/target2:0:0/2:0:0:0/scsi_device/2:0:0:0)
E/NetlinkListener(   84): recvmsg mBuffer:
E/NetlinkListener(   84):  (add@/devices/platform/MtkUsbHcd.2/usb3/3-1/3-1:1.0/host2/target2:0:0/2:0:0:0/bsg/2:0:0:0)
E/NetlinkListener(   83): recvmsg mBuffer:
E/NetlinkListener(   83):  (add@/devices/platform/MtkUsbHcd.2/usb3/3-1/3-1:1.0/host2/target2:0:0/2:0:0:0/scsi_device/2:0:0:0)
W/Vold    (   83): subsys:scsi_device
D/NetlinkEvent(   83): NL param 'DEVPATH=/devices/platform/MtkUsbHcd.2/usb3/3-1/3-1:1.0/host2/target2:0:0/2:0:0:0/scsi_device/2:0:0:0'
E/NetlinkListener(   83): recvmsg mBuffer:
E/NetlinkListener(   83):  (add@/devices/platform/MtkUsbHcd.2/usb3/3-1/3-1:1.0/host2/target2:0:0/2:0:0:0/bsg/2:0:0:0)
W/Vold    (   83): subsys:bsg
D/NetlinkEvent(   83): NL param 'DEVPATH=/devices/platform/MtkUsbHcd.2/usb3/3-1/3-1:1.0/host2/target2:0:0/2:0:0:0/bsg/2:0:0:0'
D/NetlinkEvent(   83): NL param 'MAJOR=253'
D/NetlinkEvent(   83): NL param 'MINOR=0'
D/NetlinkEvent(   83): NL param 'DEVNAME=bsg/2:0:0:0'
E/NetlinkListener(   83): recvmsg mBuffer:
E/NetlinkListener(   83):  (add@/devices/virtual/bdi/8:0)
W/Vold    (   83): subsys:bdi
D/NetlinkEvent(   83): NL param 'DEVPATH=/devices/virtual/bdi/8:0'
E/NetlinkListener(   84): recvmsg mBuffer:
E/NetlinkListener(   84):  (add@/devices/virtual/bdi/8:0)
E/NetlinkListener(   83): recvmsg mBuffer:
E/NetlinkListener(   83):  (add@/devices/platform/MtkUsbHcd.2/usb3/3-1/3-1:1.0/host2/target2:0:0/2:0:0:0/block/sda)
W/Vold    (   83): subsys:block
D/NetlinkEvent(   83): NL param 'DEVPATH=/devices/platform/MtkUsbHcd.2/usb3/3-1/3-1:1.0/host2/target2:0:0/2:0:0:0/block/sda'
D/NetlinkEvent(   83): NL param 'MAJOR=8'
D/NetlinkEvent(   83): NL param 'MINOR=0'
D/NetlinkEvent(   83): NL param 'DEVNAME=sda'
D/NetlinkEvent(   83): NL param 'DEVTYPE=disk'
D/NetlinkEvent(   83): NL param 'NPARTS=1'
W/DirectVolume(   83): Get vold.firstMountDevice=usbdisk3 
W/DirectVolume(   83):  
D/DirectVolume(   83): Dv::diskIns - waiting for 1 partitions (mask 0x2).mVolumeMinor=0
W/Vold    (   83): Get vold.firstMountDevice=usbdisk3 
W/Vold    (   83):  
D/Vold    (   83): Volume usbdisk3 state changing 0 (No-Media) -> 2 (Pending)
W/Vold    (   83): get partition mount point:minor:0,mVolumeMinor:0-->/mnt/vold/usbdisk3
W/Vold    (   83):  
W/Vold    (   83): get partition mount point:minor:0,mVolumeMinor:0-->/mnt/vold/usbdisk3
W/Vold    (   83):  
W/Vold    (   83): get partition mount point:minor:0,mVolumeMinor:0-->/mnt/vold/usbdisk3
W/Vold    (   83):  
D/Vold    (   83): Mountpoint(0) = /mnt/vold/usbdisk3, sChangeNotifyLabel = /mnt/sdcard
W/Vold    (   83): get partition mount point:minor:0,mVolumeMinor:0-->/mnt/vold/usbdisk3
W/Vold    (   83):  
W/Vold    (   83): get partition mount point:minor:0,mVolumeMinor:0-->/mnt/vold/usbdisk3
W/Vold    (   83):  
E/NetlinkListener(   84): recvmsg mBuffer:
E/NetlinkListener(   84):  (add@/devices/platform/MtkUsbHcd.2/usb3/3-1/3-1:1.0/host2/target2:0:0/2:0:0:0/block/sda)
E/NetlinkListener(   83): recvmsg mBuffer:
E/NetlinkListener(   83):  (add@/devices/platform/MtkUsbHcd.2/usb3/3-1/3-1:1.0/host2/target2:0:0/2:0:0:0/block/sda/sda1)
E/NetlinkListener(   84): recvmsg mBuffer:
E/NetlinkListener(   84):  (add@/devices/platform/MtkUsbHcd.2/usb3/3-1/3-1:1.0/host2/target2:0:0/2:0:0:0/block/sda/sda1)
W/Vold    (   83): subsys:block
D/NetlinkEvent(   83): NL param 'DEVPATH=/devices/platform/MtkUsbHcd.2/usb3/3-1/3-1:1.0/host2/target2:0:0/2:0:0:0/block/sda/sda1'
D/NetlinkEvent(   83): NL param 'MAJOR=8'
D/NetlinkEvent(   83): NL param 'MINOR=1'
D/NetlinkEvent(   83): NL param 'DEVNAME=sda1'
D/NetlinkEvent(   83): NL param 'DEVTYPE=partition'
D/NetlinkEvent(   83): NL param 'PARTN=1'
W/DirectVolume(   83): Get vold.firstMountDevice=usbdisk3 
W/DirectVolume(   83):  
D/DirectVolume(   83): Dv:partAdd: part_num = 1, minor = 1
W/Vold    (   83): get partition mount point:minor:0,mVolumeMinor:0-->/mnt/vold/usbdisk3
W/Vold    (   83):  
D/DirectVolume(   83): Dv:partAdd: partMountPoint=/mnt/vold/usbdisk3/sda1
W/Vold    (   83): add partition mount point:minor:1,mVolumeMinor:0-->/mnt/vold/usbdisk3/sda1
W/Vold    (   83):  
W/Vold    (   83): get partition mount point:minor:1,mVolumeMinor:0-->/mnt/vold/usbdisk3/sda1
W/Vold    (   83):  
D/DirectVolume(   83): send msg for add partition path.
W/Vold    (   83): get partition mount point:minor:1,mVolumeMinor:0-->/mnt/vold/usbdisk3/sda1
W/Vold    (   83):  
W/Vold    (   83): get partition mount point:minor:1,mVolumeMinor:0-->/mnt/vold/usbdisk3/sda1
W/Vold    (   83):  
E/DirectVolume(   83): create mountPoint (/mnt/vold/usbdisk3/sda1) successfully
D/DirectVolume(   83): Dv:partAdd: Got all partitions - ready to rock!
W/Vold    (   83): Get vold.firstMountDevice=usbdisk3 
W/Vold    (   83):  
D/Vold    (   83): Volume usbdisk3 state changing 2 (Pending) -> 1 (Idle-Unmounted)
W/Vold    (   83): get partition mount point:minor:0,mVolumeMinor:0-->/mnt/vold/usbdisk3
W/Vold    (   83):  
W/Vold    (   83): get partition mount point:minor:0,mVolumeMinor:0-->/mnt/vold/usbdisk3
W/Vold    (   83):  
W/Vold    (   83): get partition mount point:minor:0,mVolumeMinor:0-->/mnt/vold/usbdisk3
W/Vold    (   83):  
D/Vold    (   83): Mountpoint(0) = /mnt/vold/usbdisk3, sChangeNotifyLabel = /mnt/sdcard
W/Vold    (   83): get partition mount point:minor:0,mVolumeMinor:0-->/mnt/vold/usbdisk3
W/Vold    (   83):  
I/MountService(  147): onEvent:: raw= 605 Volume usbdisk3 /mnt/vold/usbdisk3 state changed from 0 (No-Media) to 2 (Pending) cooked =  605 Volume usbdisk3 /mnt/vold/usbdisk3 state changed from 0 (No-Media) to 2 (Pending)
I/MountService(  147): notifyVolumeStateChanged::removed
I/MountService(  147): onEvent:: raw= 630 Volume usbdisk3 /mnt/vold/usbdisk3 disk inserted (8:0) cooked =  630 Volume usbdisk3 /mnt/vold/usbdisk3 disk inserted (8:0)
I/MountService(  147): key:/mnt/vold/usbdisk1
I/MountService(  147): value:removed
I/MountService(  147): key:/mnt/sdcard
I/MountService(  147): value:removed
I/MountService(  147): key:/mnt/vold/satahdd
I/MountService(  147): value:removed
I/MountService(  147): key:/mnt/vold/usbdisk3/sda1
I/MountService(  147): value:bad_removal
I/MountService(  147): key:/mnt/vold/usbdisk3
I/MountService(  147): value:removed
I/MountService(  147): key:/mnt/vold/usbdisk2
I/MountService(  147): value:removed
I/MountService(  147): mVolume[0]: /mnt/sdcard
I/MountService(  147): mVolume[1]: /mnt/vold/usbdisk1
I/MountService(  147): mVolume[2]: /mnt/vold/usbdisk2
I/MountService(  147): mVolume[3]: /mnt/vold/usbdisk3
I/MountService(  147): mVolume[4]: /mnt/vold/satahdd
I/MountService(  147): onEvent:: raw= 633 Volume usbdisk3 /mnt/vold/usbdisk3/sda1 partition mounted (8:0) cooked =  633 Volume usbdisk3 /mnt/vold/usbdisk3/sda1 partition mounted (8:0)
I/MountService(  147): StorageVolume [mAllowMassStorage=false, mDescription=åé¨å­å¨ç©ºé´, mEmulated=false, mMaxFileSize=0, mMtpReserveSpace=100, mPath=/mnt/sdcard, mRemovable=true, mStorageId=65537]
I/MountService(  147): StorageVolume [mAllowMassStorage=false, mDescription=USB å­å¨å¨, mEmulated=false, mMaxFileSize=0, mMtpReserveSpace=0, mPath=/mnt/vold/usbdisk1, mRemovable=true, mStorageId=131073]
I/MountService(  147): StorageVolume [mAllowMassStorage=false, mDescription=USB å­å¨å¨, mEmulated=false, mMaxFileSize=0, mMtpReserveSpace=0, mPath=/mnt/vold/usbdisk2, mRemovable=true, mStorageId=196609]
I/MountService(  147): StorageVolume [mAllowMassStorage=false, mDescription=USB å­å¨å¨, mEmulated=false, mMaxFileSize=0, mMtpReserveSpace=0, mPath=/mnt/vold/usbdisk3, mRemovable=true, mStorageId=262145]
I/MountService(  147): doMountVolume: Mouting usbdisk3
I/MountService(  147): mVolume[3] disk: /mnt/vold/usbdisk3
I/MountService(  147): mVolume[3] partition: /mnt/vold/usbdisk3/sda1
I/MountService(  147): StorageVolume [mAllowMassStorage=false, mDescription=USB å­å¨å¨, mEmulated=false, mMaxFileSize=0, mMtpReserveSpace=0, mPath=/mnt/vold/satahdd, mRemovable=true, mStorageId=327681]
I/MountService(  147): sdcard path = null. usbdisk path =/mnt/vold/usbdisk3/sda1
D/VoldCmdListener(   83): volume mount usbdisk3
W/Vold    (   83): get partition mount point:minor:0,mVolumeMinor:0-->/mnt/vold/usbdisk3
W/Vold    (   83):  
E/DirectVolume(   83):  DeviceNodes:maj:main[8:1]
E/DirectVolume(   83):  mDiskNumParts=1
E/Vold    (   83): flags=0,primaryStorage=0
W/Vold    (   83): Get vold.firstMountDevice=usbdisk3 
W/Vold    (   83):  
D/Vold    (   83): Volume usbdisk3 state changing 1 (Idle-Unmounted) -> 3 (Checking)
W/Vold    (   83): get partition mount point:minor:0,mVolumeMinor:0-->/mnt/vold/usbdisk3
W/Vold    (   83):  
W/Vold    (   83): get partition mount point:minor:0,mVolumeMinor:0-->/mnt/vold/usbdisk3
W/Vold    (   83):  
W/Vold    (   83): get partition mount point:minor:0,mVolumeMinor:0-->/mnt/vold/usbdisk3
W/Vold    (   83):  
D/Vold    (   83): Mountpoint(0) = /mnt/vold/usbdisk3, sChangeNotifyLabel = /mnt/sdcard
W/Vold    (   83): get partition mount point:minor:0,mVolumeMinor:0-->/mnt/vold/usbdisk3
W/Vold    (   83):  
I/Vold    (   83): /dev/block/vold/8:1 being considered for volume usbdisk3
W/Vold    (   83): get partition mount point:minor:1,mVolumeMinor:0-->/mnt/vold/usbdisk3/sda1
W/Vold    (   83):  
I/MountService(  147): onEvent:: raw= 605 Volume usbdisk3 /mnt/vold/usbdisk3 state changed from 2 (Pending) to 1 (Idle-Unmounted) cooked =  605 Volume usbdisk3 /mnt/vold/usbdisk3 state changed from 2 (Pending) to 1 (Idle-Unmounted)
I/MountService(  147): notifyVolumeStateChanged::removed
I/MountService(  147): updating volume state for media bad removal nofs and unmountable
D/MountService(  147): volume state changed for /mnt/vold/usbdisk3 (removed -> unmounted)
I/Vold    (   83): /dev/block/vold/8:1 being considered mount to /mnt/vold/usbdisk3/sda1 for volume usbdisk3
D/MountService(  147): sendStorageIntent Intent { act=android.intent.action.MEDIA_UNMOUNTED dat=file:///mnt/vold/usbdisk3 (has extras) }
I/MountService(  147): onEvent:: raw= 605 Volume usbdisk3 /mnt/vold/usbdisk3 state changed from 1 (Idle-Unmounted) to 3 (Checking) cooked =  605 Volume usbdisk3 /mnt/vold/usbdisk3 state changed from 1 (Idle-Unmounted) to 3 (Checking)
I/MountService(  147): notifyVolumeStateChanged::unmounted
I/MountService(  147): updating volume state checking
D/MountService(  147): volume state changed for /mnt/vold/usbdisk3 (unmounted -> checking)
E/Vold    (   83): mount error=22
I/Vold    (   83): Device /dev/block/vold/8:1, target /mnt/vold/usbdisk3/sda1 mounted @ /mnt/secure/staging failed. rc=-1
E/Vold    (   83): Failed to move mount /mnt/secure/staging -> /mnt/vold/usbdisk3/sda1 (Invalid argument)
E/Vold    (   83): Failed to move mount (Invalid argument),mountpath=/mnt/vold/usbdisk3/sda1
I/Vold    (   83): Try to mount /dev/block/vold/8:1 to /mnt/vold/usbdisk3/sda1(FS: ntfs, Flags:0X8E)...
I/Vold    (   83): ntfs-3g mount
D/MountService(  147): sendStorageIntent Intent { act=android.intent.action.MEDIA_CHECKING dat=file:///mnt/vold/usbdisk3 (has extras) }
E/NetlinkListener(   84): recvmsg mBuffer:
E/NetlinkListener(   84):  (add@/devices/virtual/bdi/8:1-fuseblk)
E/NetlinkListener(   83): recvmsg mBuffer:
E/NetlinkListener(   83):  (add@/devices/virtual/bdi/8:1-fuseblk)
W/Vold    (   83): subsys:bdi
D/NetlinkEvent(   83): NL param 'DEVPATH=/devices/virtual/bdi/8:1-fuseblk'
I/Vold    (   83): return value: 0, error[22]: Invalid argument
I/Vold    (   83): mount /dev/block/vold/8:1 to /mnt/vold/usbdisk3/sda1 successful
W/Vold    (   83): get partition mount point:minor:1,mVolumeMinor:0-->/mnt/vold/usbdisk3/sda1
W/Vold    (   83):  
I/Vold    (   83): Device /dev/block/vold/8:1, target /mnt/vold/usbdisk3/sda1 mounted  successfully!
E/Vold    (   83): Volume usbdisk3 found mounting 1 partition sucessfully:(
W/Vold    (   83): Get vold.firstMountDevice=usbdisk3 
W/Vold    (   83):  
D/Vold    (   83): Volume usbdisk3 state changing 3 (Checking) -> 4 (Mounted)
W/Vold    (   83): get partition mount point:minor:0,mVolumeMinor:0-->/mnt/vold/usbdisk3
W/Vold    (   83):  
W/Vold    (   83): get partition mount point:minor:0,mVolumeMinor:0-->/mnt/vold/usbdisk3
W/Vold    (   83):  
W/Vold    (   83): get partition mount point:minor:0,mVolumeMinor:0-->/mnt/vold/usbdisk3
W/Vold    (   83):  
D/Vold    (   83): Mountpoint(0) = /mnt/vold/usbdisk3, sChangeNotifyLabel = /mnt/sdcard
W/Vold    (   83): get partition mount point:minor:0,mVolumeMinor:0-->/mnt/vold/usbdisk3
W/Vold    (   83):  
W/Vold    (   83): Returning OperationFailed - no handler for errno 22
I/MountService(  147): onEvent:: raw= 605 Volume usbdisk3 /mnt/vold/usbdisk3 state changed from 3 (Checking) to 4 (Mounted) cooked =  605 Volume usbdisk3 /mnt/vold/usbdisk3 state changed from 3 (Checking) to 4 (Mounted)
I/MountService(  147): notifyVolumeStateChanged::checking
I/MountService(  147): updating volume state mounted
D/MountService(  147): volume state changed for /mnt/vold/usbdisk3 (checking -> mounted)
W/MountService(  147): Insertion mount failed (-1)
I/MountService(  147): mStorageNum = 1
I/MountService(  147): key:/mnt/vold/usbdisk1
I/MountService(  147): value:removed
I/MountService(  147): key:/mnt/sdcard
I/MountService(  147): value:removed
I/MountService(  147): key:/mnt/vold/satahdd
I/MountService(  147): value:removed
I/MountService(  147): key:/mnt/vold/usbdisk3/sda1
I/MountService(  147): value:bad_removal
I/MountService(  147): key:/mnt/vold/usbdisk3
I/MountService(  147): value:mounted
I/MountService(  147): key:/mnt/vold/usbdisk2
I/MountService(  147): value:removed
I/MountService(  147): mVolume[0]: /mnt/sdcard
I/MountService(  147): mVolume[1]: /mnt/vold/usbdisk1
I/MountService(  147): mVolume[2]: /mnt/vold/usbdisk2
I/MountService(  147): mVolume[3]: /mnt/vold/usbdisk3
I/MountService(  147): mPartitions[0]: /mnt/vold/usbdisk3/sda1
I/MountService(  147): mVolume[4]: /mnt/vold/satahdd
D/MountService(  147): sendStorageIntent Intent { act=android.intent.action.MEDIA_MOUNTED dat=file:///mnt/vold/usbdisk3 (has extras) }
E/NetlinkListener(   83): recvmsg mBuffer:
E/NetlinkListener(   83):  (add@/devices/platform/MtkUsbHcd.0/usb1/1-1/1-1:1.0/host3/target3:0:0)
W/Vold    (   83): subsys:scsi
D/NetlinkEvent(   83): NL param 'DEVPATH=/devices/platform/MtkUsbHcd.0/usb1/1-1/1-1:1.0/host3/target3:0:0'
D/NetlinkEvent(   83): NL param 'DEVTYPE=scsi_target'
E/NetlinkListener(   84): recvmsg mBuffer:
E/NetlinkListener(   84):  (add@/devices/platform/MtkUsbHcd.0/usb1/1-1/1-1:1.0/host3/target3:0:0)
E/NetlinkListener(   84): recvmsg mBuffer:
E/NetlinkListener(   84):  (add@/devices/platform/MtkUsbHcd.0/usb1/1-1/1-1:1.0/host3/target3:0:0/3:0:0:0)
E/NetlinkListener(   83): recvmsg mBuffer:
E/NetlinkListener(   83):  (add@/devices/platform/MtkUsbHcd.0/usb1/1-1/1-1:1.0/host3/target3:0:0/3:0:0:0)
W/Vold    (   83): subsys:scsi
D/NetlinkEvent(   83): NL param 'DEVPATH=/devices/platform/MtkUsbHcd.0/usb1/1-1/1-1:1.0/host3/target3:0:0/3:0:0:0'
D/NetlinkEvent(   83): NL param 'DEVTYPE=scsi_device'
D/NetlinkEvent(   83): NL param 'MODALIAS=scsi:t-0x00'
E/NetlinkListener(   84): recvmsg mBuffer:
E/NetlinkListener(   84):  (add@/devices/platform/MtkUsbHcd.0/usb1/1-1/1-1:1.0/host3/target3:0:0/3:0:0:0/scsi_disk/3:0:0:0)
E/NetlinkListener(   83): recvmsg mBuffer:
E/NetlinkListener(   83):  (add@/devices/platform/MtkUsbHcd.0/usb1/1-1/1-1:1.0/host3/target3:0:0/3:0:0:0/scsi_disk/3:0:0:0)
W/Vold    (   83): subsys:scsi_disk
D/NetlinkEvent(   83): NL param 'DEVPATH=/devices/platform/MtkUsbHcd.0/usb1/1-1/1-1:1.0/host3/target3:0:0/3:0:0:0/scsi_disk/3:0:0:0'
E/NetlinkListener(   84): recvmsg mBuffer:
E/NetlinkListener(   84):  (add@/devices/platform/MtkUsbHcd.0/usb1/1-1/1-1:1.0/host3/target3:0:0/3:0:0:0/scsi_device/3:0:0:0)
E/NetlinkListener(   83): recvmsg mBuffer:
E/NetlinkListener(   83):  (add@/devices/platform/MtkUsbHcd.0/usb1/1-1/1-1:1.0/host3/target3:0:0/3:0:0:0/scsi_device/3:0:0:0)
W/Vold    (   83): subsys:scsi_device
D/NetlinkEvent(   83): NL param 'DEVPATH=/devices/platform/MtkUsbHcd.0/usb1/1-1/1-1:1.0/host3/target3:0:0/3:0:0:0/scsi_device/3:0:0:0'
E/NetlinkListener(   84): recvmsg mBuffer:
E/NetlinkListener(   84):  (add@/devices/platform/MtkUsbHcd.0/usb1/1-1/1-1:1.0/host3/target3:0:0/3:0:0:0/bsg/3:0:0:0)
E/NetlinkListener(   83): recvmsg mBuffer:
E/NetlinkListener(   83):  (add@/devices/platform/MtkUsbHcd.0/usb1/1-1/1-1:1.0/host3/target3:0:0/3:0:0:0/bsg/3:0:0:0)
W/Vold    (   83): subsys:bsg
D/NetlinkEvent(   83): NL param 'DEVPATH=/devices/platform/MtkUsbHcd.0/usb1/1-1/1-1:1.0/host3/target3:0:0/3:0:0:0/bsg/3:0:0:0'
D/NetlinkEvent(   83): NL param 'MAJOR=253'
D/NetlinkEvent(   83): NL param 'MINOR=1'
D/NetlinkEvent(   83): NL param 'DEVNAME=bsg/3:0:0:0'
E/NetlinkListener(   84): recvmsg mBuffer:
E/NetlinkListener(   84):  (add@/devices/virtual/bdi/8:16)
E/NetlinkListener(   83): recvmsg mBuffer:
E/NetlinkListener(   83):  (add@/devices/virtual/bdi/8:16)
W/Vold    (   83): subsys:bdi
D/NetlinkEvent(   83): NL param 'DEVPATH=/devices/virtual/bdi/8:16'
E/NetlinkListener(   83): recvmsg mBuffer:
E/NetlinkListener(   83):  (add@/devices/platform/MtkUsbHcd.0/usb1/1-1/1-1:1.0/host3/target3:0:0/3:0:0:0/block/sdb)
W/Vold    (   83): subsys:block
D/NetlinkEvent(   83): NL param 'DEVPATH=/devices/platform/MtkUsbHcd.0/usb1/1-1/1-1:1.0/host3/target3:0:0/3:0:0:0/block/sdb'
D/NetlinkEvent(   83): NL param 'MAJOR=8'
D/NetlinkEvent(   83): NL param 'MINOR=16'
D/NetlinkEvent(   83): NL param 'DEVNAME=sdb'
D/NetlinkEvent(   83): NL param 'DEVTYPE=disk'
D/NetlinkEvent(   83): NL param 'NPARTS=3'
W/DirectVolume(   83): Get vold.firstMountDevice=usbdisk3 
W/DirectVolume(   83):  
D/DirectVolume(   83): Dv::diskIns - waiting for 3 partitions (mask 0xe).mVolumeMinor=16
W/Vold    (   83): Get vold.firstMountDevice=usbdisk3 
W/Vold    (   83):  
D/Vold    (   83): Volume usbdisk1 state changing 0 (No-Media) -> 2 (Pending)
W/Vold    (   83): get partition mount point:minor:0 volume minor:16,mountpoint=/mnt/vold/usbdisk1
W/Vold    (   83):  
W/Vold    (   83): get partition mount point:minor:0 volume minor:16,mountpoint=/mnt/vold/usbdisk1
W/Vold    (   83):  
W/Vold    (   83): get partition mount point:minor:0 volume minor:16,mountpoint=/mnt/vold/usbdisk1
W/Vold    (   83):  
W/Vold    (   83): get partition mount point:minor:0 volume minor:16,mountpoint=/mnt/vold/usbdisk1
W/Vold    (   83):  
D/Vold    (   83): Mountpoint(0) = /mnt/vold/usbdisk1, sChangeNotifyLabel = /mnt/vold/usbdisk1
W/Vold    (   83): get partition mount point:minor:0 volume minor:16,mountpoint=/mnt/vold/usbdisk1
W/Vold    (   83):  
W/Vold    (   83): get partition mount point:minor:16,mVolumeMinor:16-->/mnt/vold/usbdisk1
W/Vold    (   83):  
E/NetlinkListener(   83): recvmsg mBuffer:
E/NetlinkListener(   83):  (add@/devices/platform/MtkUsbHcd.0/usb1/1-1/1-1:1.0/host3/target3:0:0/3:0:0:0/block/sdb/sdb1)
W/Vold    (   83): subsys:block
D/NetlinkEvent(   83): NL param 'DEVPATH=/devices/platform/MtkUsbHcd.0/usb1/1-1/1-1:1.0/host3/target3:0:0/3:0:0:0/block/sdb/sdb1'
D/NetlinkEvent(   83): NL param 'MAJOR=8'
D/NetlinkEvent(   83): NL param 'MINOR=17'
D/NetlinkEvent(   83): NL param 'DEVNAME=sdb1'
D/NetlinkEvent(   83): NL param 'DEVTYPE=partition'
D/NetlinkEvent(   83): NL param 'PARTN=1'
W/DirectVolume(   83): Get vold.firstMountDevice=usbdisk3 
W/DirectVolume(   83):  
D/DirectVolume(   83): Dv:partAdd: part_num = 1, minor = 17
W/Vold    (   83): get partition mount point:minor:16,mVolumeMinor:16-->/mnt/vold/usbdisk1
W/Vold    (   83):  
D/DirectVolume(   83): Dv:partAdd: partMountPoint=/mnt/vold/usbdisk1/sdb1
W/Vold    (   83): add partition mount point:minor:17,mVolumeMinor:16-->/mnt/vold/usbdisk1/sdb1
W/Vold    (   83):  
W/Vold    (   83): get partition mount point:minor:17,mVolumeMinor:16-->/mnt/vold/usbdisk1/sdb1
W/Vold    (   83):  
E/NetlinkListener(   84): recvmsg mBuffer:
E/NetlinkListener(   84):  (add@/devices/platform/MtkUsbHcd.0/usb1/1-1/1-1:1.0/host3/target3:0:0/3:0:0:0/block/sdb)
E/NetlinkListener(   84): recvmsg mBuffer:
E/NetlinkListener(   84):  (add@/devices/platform/MtkUsbHcd.0/usb1/1-1/1-1:1.0/host3/target3:0:0/3:0:0:0/block/sdb/sdb1)
E/NetlinkListener(   84): recvmsg mBuffer:
E/NetlinkListener(   84):  (add@/devices/platform/MtkUsbHcd.0/usb1/1-1/1-1:1.0/host3/target3:0:0/3:0:0:0/block/sdb/sdb2)
E/NetlinkListener(   84): recvmsg mBuffer:
E/NetlinkListener(   84):  (add@/devices/platform/MtkUsbHcd.0/usb1/1-1/1-1:1.0/host3/target3:0:0/3:0:0:0/block/sdb/sdb3)
I/MountService(  147): onEvent:: raw= 605 Volume usbdisk1 /mnt/vold/usbdisk1 state changed from 0 (No-Media) to 2 (Pending) cooked =  605 Volume usbdisk1 /mnt/vold/usbdisk1 state changed from 0 (No-Media) to 2 (Pending)
D/DirectVolume(   83): send msg for add partition path.
W/Vold    (   83): get partition mount point:minor:17,mVolumeMinor:16-->/mnt/vold/usbdisk1/sdb1
W/Vold    (   83):  
I/MountService(  147): notifyVolumeStateChanged::removed
W/Vold    (   83): get partition mount point:minor:17,mVolumeMinor:16-->/mnt/vold/usbdisk1/sdb1
W/Vold    (   83):  
E/DirectVolume(   83): create mountPoint (/mnt/vold/usbdisk1/sdb1) successfully
D/DirectVolume(   83): Dv:partAdd: pending mask now = 0xc
E/NetlinkListener(   83): recvmsg mBuffer:
E/NetlinkListener(   83):  (add@/devices/platform/MtkUsbHcd.0/usb1/1-1/1-1:1.0/host3/target3:0:0/3:0:0:0/block/sdb/sdb2)
W/Vold    (   83): subsys:block
D/NetlinkEvent(   83): NL param 'DEVPATH=/devices/platform/MtkUsbHcd.0/usb1/1-1/1-1:1.0/host3/target3:0:0/3:0:0:0/block/sdb/sdb2'
