D/IMMPlayer(  744): Send MM_CreateMediaItem
D/IMMPlayer(  744): stMedia.u32FileID:4294967295
D/IMMPlayer(  744): stMedia.u32FileSecondID:0
D/IMMPlayer(  744): stMedia.u32FileThirdID:0
D/IMMPlayer(  744): stMedia.u32FileFourthID:0
D/IMMPlayer(  744): stMedia.u64FileLength:133137065
D/IMMPlayer(  744): stMedia.eMediaType:2
D/IMMPlayer(  744): stMedia.eMediaFileType:1
D/IMMPlayer(  744): stMedia.eMediaCreateMode:0
D/IMMPlayer(  744): stMedia.u32CtlFlag:66
I//lib/ld-linux.so.3(  748): Panel width: 01280, heigt: 720.
I//lib/ld-linux.so.3(  748): Thread name: MM_Audio.
I//lib/ld-linux.so.3(  748): Thread name: MM_Audio.
D/IMMPlayer(  744): Get ret:0
D/MstarPlayer(  744): media item 0x1
D/MstarPlayer(  744): MstarPlayer::doPrepare done
I//lib/ld-linux.so.3(  748): Video Item Info, file ID: 0xffffffff, file length: 0x0 0x7ef82a9.
I//lib/ld-linux.so.3(  748): Output Resolution: DISPLAY_DACOUT_576P or DISPLAY_DACOUT_720P_50 or DISPLAY_DACOUT_1080P_50.
I//lib/ld-linux.so.3(  748): >>>GetDRMSetting From EEPROM
I//lib/ld-linux.so.3(  748): mapi_cpcodec::CreateMedia(): 47024785.
I//lib/ld-linux.so.3(  748): 1 File ID: 0xffffffff, 2 File ID: 0x0, 3 File ID: 0x0, 4 File ID: 0x0.
I//lib/ld-linux.so.3(  748): File size: 0x0 7ef82a9.
I//lib/ld-linux.so.3(  748): Media Type: 0, File Type: 1, Create Mode: 0.
I//lib/ld-linux.so.3(  748): mapi_cpcodec::videoCreateMedia().
I//lib/ld-linux.so.3(  748): Reconfigure Buffer.
I//lib/ld-linux.so.3(  748): E_MMAP_ID_VDEC_FRAMEBUFFER PA: 0x1ba00000, VA: 0x49601000, size: 0x1b00000, IsMIU0: 1.
I//lib/ld-linux.so.3(  748): E_MMAP_ID_VDEC_FRAMEBUFFERSD PA: 0x1ba00000, VA: 0x49601000, size: 0x1b00000, IsMIU0: 1.
I//lib/ld-linux.so.3(  748): E_MMAP_ID_VDEC_BITSTREAM PA: 0x1d500000, VA: 0x4b101000, size: 0x800000, IsMIU0: 1.
I//lib/ld-linux.so.3(  748): E_MMAP_ID_VDEC_MVC_FRAMEBUFFER PA: 0x1ba00000, VA: 0x49601000, size: 0x2b00000, IsMIU0: 1.
I//lib/ld-linux.so.3(  748): E_MMAP_ID_VDEC_MVC_BITSTREAM PA: 0x1e500000, VA: 0x4c101000, size: 0x1600000, IsMIU0: 1.
I//lib/ld-linux.so.3(  748): Copy TSP FW bin 71401c78 -> 411d1000; 4400
I//lib/ld-linux.so.3(  748): drop error frame.
I//lib/ld-linux.so.3(  748): pCodecMedia eFileType:1,eAppType:0 
I//lib/ld-linux.so.3(  748): default seekable Stream mode config: Set preload size 0x4000
I//lib/ld-linux.so.3(  748): Stream mode. Set read header require size: MIN_REQUIRE_SIZE
I//lib/ld-linux.so.3(  748): >>>>  DRM start  DRM MODEL ID  0x3031
I//lib/ld-linux.so.3(  748): LoadDRMMemory();
I//lib/ld-linux.so.3(  748): Display Msg: 29.
I//lib/ld-linux.so.3(  748):  set Frame buffer info  MAX_FRAMENUM 4   MAX_FIELDNUM  16
I//lib/ld-linux.so.3(  748): Enable TS Subtitle codec state  1
I//lib/ld-linux.so.3(  748): [CI][HbbTV-VOD]<INFO>:[1365556985.779150] MM init start
I//lib/ld-linux.so.3(  748): videoCreateMedia Done.
I//lib/ld-linux.so.3(  748): Create CP Ccodec Video Media Done.
I//lib/ld-linux.so.3(  748): Device or resource busy
I//lib/ld-linux.so.3(  748): Cannot open interrupt descriptor for irq=147 Auth OK
I//lib/ld-linux.so.3(  748): Check S/W IP Statue
I//lib/ld-linux.so.3(  748): [0]:OFF; [1]:OFF; [2]:OFF; [3]:ON
I//lib/ld-linux.so.3(  748): [4]:OFF; [5]:OFF; [6]:OFF; [7]:OFF
I//lib/ld-linux.so.3(  748): [8]:OFF; [9]:OFF; [10]:OFF; [11]:ON
I//lib/ld-linux.so.3(  748): [12]:ON; [13]:OFF; [14]:OFF; [15]:OFF
I//lib/ld-linux.so.3(  748): [16]:OFF; [17]:OFF; [18]:OFF; [19]:ON
I//lib/ld-linux.so.3(  748): [20]:ON; [21]:ON; [22]:ON; [23]:ON
I//lib/ld-linux.so.3(  748): [24]:OFF; [25]:OFF; [26]:OFF; [27]:ON
I//lib/ld-linux.so.3(  748): [28]:ON; [29]:ON; [30]:ON; [31]:OFF
I//lib/ld-linux.so.3(  748): [32]:OFF; [33]:ON; [34]:ON; [35]:OFF
I//lib/ld-linux.so.3(  748): [36]:OFF; [37]:OFF; [38]:OFF; [39]:ON
I//lib/ld-linux.so.3(  748): [40]:ON; [41]:OFF; [42]:OFF; [43]:OFF
I//lib/ld-linux.so.3(  748): [44]:OFF; [45]:OFF; [46]:OFF; [47]:OFF
I//lib/ld-linux.so.3(  748): [48]:OFF; [49]:OFF; [50]:OFF; [51]:OFF
I//lib/ld-linux.so.3(  748): [52]:OFF; [53]:OFF; [54]:OFF; [55]:OFF
I//lib/ld-linux.so.3(  748): [56]:OFF; [57]:OFF; [58]:OFF; [59]:OFF
I//lib/ld-linux.so.3(  748): [60]:OFF; [61]:OFF; [62]:OFF; [63]:OFF
I//lib/ld-linux.so.3(  748): Subtitle File Open Fail !!
I//lib/ld-linux.so.3(  748): Attached File Open Fail !!
I//lib/ld-linux.so.3(  748): Audio File Fail!!
D/MediaPlayerService(  744): [37] notify (0x41c80, 3, 1, 0)
V/MovieWindow( 4618): actionControlReceived in MovieWindow,action is GetTransportInfo
I//lib/ld-linux.so.3(  748): Blocking Read: 109, size: 0x1000.
I//lib/ld-linux.so.3(  748): File format : RM
I//lib/ld-linux.so.3(  748): Blocking Read: 1, size: 0x10000.
D/MstarPlayer(  744): 00File size: 133137065, pos : 69632  Seek position: 133128192.
D/StreamDataSource(  744): 
D/StreamDataSource(  744):  seekAt : 133128192   
V/MovieWindow( 4618): actionControlReceived in MovieWindow,action is GetPositionInfo
V/MovieWindow( 4618): actionControlReceived in MovieWindow,action is GetVolume
D/XXXX    ( 4618): XXXX hp in actionControlReceived acname is : GetVolume
D/XXXX    ( 4618): XXXX hp in actionControlReceived setValue is : 16
D/StreamDataSource(  744): StreamContentSource::sendRangeRequest, offset=133128192
D/Downloader(  744): [downloadThread]Downloader::removeTask  
D/Downloader(  744): root:iStartTask true
D/Downloader(  744): [downloadThread]task have range string:133128192- 
D/Downloader(  744): Content-Type: application/octet-stream
D/Downloader(  744): 
D/HTTPStreamCurl(  744): <<<<<<<<stream len: 133137065   m_UrlContentType:application/octet-stream
D/HTTPStreamCurl(  744):   retrycount:100 
D/StreamDataSource(  744): end of streaming,133137065/246564
D/MediaPlayerService(  744): [37] notify (0x41c80, 3, 100, 0)
D/MstarPlayer(  744): File seek OK.
I//lib/ld-linux.so.3(  748): Blocking Read: 0, size: 0x2000.
D/StreamDataSource(  744):   Warning : StreamContentSource ->size is out of stream 682,133136384/133137065 
D/MstarPlayer(  744):  ========^^ set file end ^^============,tell size=133137065,fsize=133137065
I//lib/ld-linux.so.3(  748): Blocking Read: 0, size: 0x2a9.
I//lib/ld-linux.so.3(  748): Index Table: 1
I//lib/ld-linux.so.3(  748): ==============================================================================================
I//lib/ld-linux.so.3(  748): Data:MIU0; Bits:MIU0; MAD:MIU0; MVD:MIU0; SVD:MIU0; FB:MIU0; TSP:MIU0; FBL:No
I//lib/ld-linux.so.3(  748): Bit Buffer:0x44941000      Size:0x400000
I//lib/ld-linux.so.3(  748): Subtitle Bit Buffer:0x44341000     Size:0x1b0000
I//lib/ld-linux.so.3(  748): MAD Buffer:0x43841000
I//lib/ld-linux.so.3(  748): MADExt Buffer:0x44541000   Size:0x400000
I//lib/ld-linux.so.3(  748): VDEC FW Buffer:0x49401000  Size:0x200000
I//lib/ld-linux.so.3(  748): Frame Buffer:0x49601000    Size:0x1f00000
I//lib/ld-linux.so.3(  748): MVD Buffer:0x4b501000      Size:0x400000
I//lib/ld-linux.so.3(  748): TSP FW Buffer:0x411d1000   Size:0x70000
I//lib/ld-linux.so.3(  748): Data Buffer:0x163d1000     Size:0x36f000
I//lib/ld-linux.so.3(  748): Attached File Buffer Size:0xffffffff
I//lib/ld-linux.so.3(  748): -> Demuxer:0x164f8000      Size:0x248000
I//lib/ld-linux.so.3(  748): -> SeqHeader:0x43fd2000    Size:0x1000
I//lib/ld-linux.so.3(  748): -> MOV Table:0x49601000    Size:0x1b00000
I//lib/ld-linux.so.3(  748): -> MOV Static:0x43fd3000   Size:0x100000
I//lib/ld-linux.so.3(  748): -> DRM Payload:0x440d3000  Size:0x4000
I//lib/ld-linux.so.3(  748): -> DRM Playback Context:0x440d7000 Size:0x1000
I//lib/ld-linux.so.3(  748): -> MADExtend:0x440d9000    Size:0x20000
I//lib/ld-linux.so.3(  748): -> NonCache Area:0x440d8000        Size:0x1000
I//lib/ld-linux.so.3(  748): -> Reserved Size:0x0
I//lib/ld-linux.so.3(  748): ==============================================================================================
I//lib/ld-linux.so.3(  748): Initialize RM HW
I//lib/ld-linux.so.3(  748): HAL_VPU_EX_SetDbgLevel eLevel=0x1
D/MstarPlayer(  744): 00File size: 133137065, pos : 133137065  Seek position: 0.
D/StreamDataSource(  744): 
D/StreamDataSource(  744):  seekAt : 0   
I//lib/ld-linux.so.3(  748): DS enable = 0
D/StreamDataSource(  744): StreamContentSource::sendRangeRequest, offset=0
D/Downloader(  744): [downloadThread]Downloader::removeTask  
D/Downloader(  744): Content-Length: 133137065
D/Downloader(  744): 
D/Downloader(  744): Content-Type: application/octet-stream
D/Downloader(  744): 
D/HTTPStreamCurl(  744): <<<<<<<<stream len: 133137065   m_UrlContentType:application/octet-stream
D/HTTPStreamCurl(  744):   retrycount:100 
D/MstarPlayer(  744): File seek OK.
D/MediaPlayerService(  744): [37] notify (0x41c80, 3, 1, 0)
I//lib/ld-linux.so.3(  748): Blocking Read: 404, size: 0x5000.
D/MstarPlayer(  744): Get E_EVENT_INIT_OK event.
D/IMMPlayer(  744): Send MM_EnableSubtitleShow
D/IMMPlayer(  744): u32Item:1
D/IMMPlayer(  744): bEnable:1
D/IMMPlayer(  744): Get ret:1
D/MstarPlayer(  744): <<<<<set init done flag
I//lib/ld-linux.so.3(  748): To ask Dynscaling Size from vdec  0xc00
I//lib/ld-linux.so.3(  748): jim:xxxxxxxxxxxxxxxxxxxxxxxxxxxxxxxxxxxxxxxxxxxxxxx
I//lib/ld-linux.so.3(  748):  Size(1280x720), Disp(1280x720), Par(1x1), FrameRate:60000, Interlace:0
I//lib/ld-linux.so.3(  748): 1st sequence header Decode Ready!! **
I//lib/ld-linux.so.3(  748): [CI][HbbTV-VOD]<INFO>:[1365556986.993171] MM init done
I//lib/ld-linux.so.3(  748): E_CPCODEC_MSG_INIT_OK: 47026002.
D/MstarPlayer(  744): <<<<<<<<<Init done
D/IMMPlayer(  744): Send MM_GetMetaData
D/IMMPlayer(  744): u32Item:1
D/IMMPlayer(  744): eMetadata:11
D/IMMPlayer(  744): u32BuffSize:4
D/IMMPlayer(  744): Get ret:0
D/IMMPlayer(  744): Send MM_GetMetaData
D/IMMPlayer(  744): u32Item:1
D/IMMPlayer(  744): eMetadata:12
D/IMMPlayer(  744): u32BuffSize:4
D/IMMPlayer(  744): Get ret:0
D/MediaPlayerService(  744): [37] notify (0x41c80, 5, 1280, 720)
D/MstarPlayer(  744): MstarPlayer::initRender
D/MstarPlayer(  744): MstarPlayer::initRender Done.
D/MstarPlayer(  744): prepare done....video size 1280,720
D/MediaPlayerService(  744): [37] notify (0x41c80, 1, 0, 0)
I/MovieWindow( 4618): [onPrepared] mp:android.media.MediaPlayer@424554a8
D/MstarPlayer(  744): MstarPlayer::getDuration  mFlag: 0x4
D/IMMPlayer(  744): Send MM_GetMetaData
D/IMMPlayer(  744): u32Item:1
D/IMMPlayer(  744): eMetadata:10
D/IMMPlayer(  744): u32BuffSize:4
D/IMMPlayer(  744): Get ret:0
D/MstarPlayer(  744): get duration 148940
I/System.out( 4618): cyp+++videoDuration++++148
D/MstarPlayer(  744): MstarPlayer::setLooping=0
D/MstarPlayer(  744): playerType
D/MstarPlayer(  744): MstarPlayer::setLooping=0
D/IMMPlayer(  744): Send MM_Play
D/IMMPlayer(  744): u32Item:1
D/IMMPlayer(  744): Get ret:0
V/MovieWindow( 4618): ++++subtitleUrl++++
I//lib/ld-linux.so.3(  748): mapi_cpcodec::Play(): 47026073.
I//lib/ld-linux.so.3(  748): [CI][HbbTV-VOD]<INFO>:[1365556987.064479] MM play start
D/MstarPlayer(  744): MstarPlayer::onOffExtSubtitleTrack
D/MstarPlayer(  744): MstarPlayer::onOffIntSubtitleTrack
D/IMMPlayer(  744): Send MM_EnableSubtitleShow
D/IMMPlayer(  744): u32Item:1
D/IMMPlayer(  744): bEnable:0
D/IMMPlayer(  744): Get ret:1
E/MediaPlayer( 4618): MediaPlayer::offSubtitleTrack, ret 0
D/MstarPlayer(  744): MstarPlayer::onOffExtSubtitleTrack
D/MstarPlayer(  744): MstarPlayer::onOffIntSubtitleTrack
D/IMMPlayer(  744): Send MM_EnableSubtitleShow
D/IMMPlayer(  744): u32Item:1
D/IMMPlayer(  744): bEnable:1
D/IMMPlayer(  744): Get ret:1
E/MediaPlayer( 4618): MediaPlay[47026.372015] 
[47026.372023] irq_proc_write
er::onSubtitleTrack, ret 0
D/MediaPlayer-JNI( 4618): setSubtitleDataSource
D/MstarPlayer(  744): MstarPlayer::setSubtitleDataSource: 
D/MstarPlayer(  744): Not a subtitle file!
D/MstarPlayer(  744): This subtitle is invalid!
I//lib/ld-linux.so.3(  748): MApp_VDPlayer_Play
I//lib/ld-linux.so.3(  748): [CI][HbbTV-VOD]<INFO>:[1365556987.096304] MM setup display start
I//lib/ld-linux.so.3(  748): Display Msg: 33.
I//lib/ld-linux.so.3(  748): Screen Setting: 1.
I//lib/ld-linux.so.3(  748): Set Black Screen ON.
I//lib/ld-linux.so.3(  748): Video set up display.
I//lib/ld-linux.so.3(  748): Scaler frame buffer mode.
I//lib/ld-linux.so.3(  748): stDisplayInfo.u32OutputRate: 0.
I//lib/ld-linux.so.3(  748): Display Msg: 28.
I//lib/ld-linux.so.3(  748): Video Width: 1280, Height: 720, FrameRate: 60000, Interlace: 0.
I//lib/ld-linux.so.3(  748): crop: left=0, right=0, top=0, bottom=0
I//lib/ld-linux.so.3(  748): Video Type: 3.
I//lib/ld-linux.so.3(  748): Video PAR Width: 1280, Height: 720.
I//lib/ld-linux.so.3(  748): Video Aspect Ratio: 16x9.
I//lib/ld-linux.so.3(  748): 1. Display Rect: x: 0, y: 0, width: 1280, height: 720.
I//lib/ld-linux.so.3(  748): 2. Display Rect: x: 0, y: 0, width: 1280, height: 720.
I//lib/ld-linux.so.3(  748): CropRect u16X=0, u16Y=0, u16Width=1280, u16Height=720
I//lib/ld-linux.so.3(  748): DispRect u16X=0, u16Y=0, u16Width=1280, u16Height=720
I//lib/ld-linux.so.3(  748): Scaler start: 0x17bc1000, size: 0x1800000.
I//lib/ld-linux.so.3(  748): MVOP switch to MIU 0.
I//lib/ld-linux.so.3(  748): ->u16FrameRate = 60000
I//lib/ld-linux.so.3(  748): ->u8Interlace = 0
I//lib/ld-linux.so.3(  748): ->u16HorSize = 1280
I//lib/ld-linux.so.3(  748): ->u16VerSize = 720
I//lib/ld-linux.so.3(  748): Crop Win, X: 0, Y: 0, W: 1280, H: 720.
I//lib/ld-linux.so.3(  748): Diso Win, X: 0, Y: 0, W: 1280, H: 720.
I//lib/ld-linux.so.3(  748): [MApi_Video] CropWin assigned: x,y,w,h=0,0,1280,720
I//lib/ld-linux.so.3(  748): [MApi_Video] DstWin assigned: x,y,w,h=0,0,1280,720
I//lib/ld-linux.so.3(  748): [MApi_Video] SrcWin1[Win=0]: x,y,w,h=152,18,1280,720
I//lib/ld-linux.so.3(  748): [MApi_Video] CropWin1: x,y,w,h=0,0,1280,720
I//lib/ld-linux.so.3(  748): [MApi_Video] DispWin1: x,y,w,h=0,0,1280,720
I//lib/ld-linux.so.3(  748): === open 3D OverScan ===
I//lib/ld-linux.so.3(  748): [MApi_Video] SrcWin2: x,y,w,h=152,18,1280,720
I//lib/ld-linux.so.3(  748): [MApi_Video] CropWin2: x,y,w,h=0,0,1280,720
I//lib/ld-linux.so.3(  748): [MApi_Video] DispWin2: x,y,w,h=0,0,1280,720
I//lib/ld-linux.so.3(  748): [MApi_Video] SrcWin3: x,y,w,h=152,18,1280,720
I//lib/ld-linux.so.3(  748): [MApi_Video] CropWin3: x,y,w,h=0,0,1280,720
I//lib/ld-linux.so.3(  748): [MApi_Video] DispWin3: x,y,w,h=0,0,1280,720
I//lib/ld-linux.so.3(  748): [MApi_Video] SrcWin5[Win=0]: x,y,w,h=152,18,1280,720
I//lib/ld-linux.so.3(  748): [MApi_Video] CropWin5: x,y,w,h=0,0,1280,720
I//lib/ld-linux.so.3(  748): [MApi_Video] DispWin5: x,y,w,h=0,0,1280,720
I//lib/ld-linux.so.3(  748): [MApi_Video] DLC cap Hstart=1, Hend=501, Vstart=5a, Vend=276
I//lib/ld-linux.so.3(  748): Read Bandwidthtable.bin
D/MstarPlayer(  744): Get E_EVENT_DECODE_FIRST_FRAME_DONE event.
I//lib/ld-linux.so.3(  748): enPQMNRType is 1
I//lib/ld-linux.so.3(  748): enPQFLType is 1
I//lib/ld-linux.so.3(  748):    [Plugins_PatchPQ]Customer Path PQ Add here
I//lib/ld-linux.so.3(  748): [CI][HbbTV-VOD]<INFO>:[1365556987.358129] MM setup display done
I//lib/ld-linux.so.3(  748): Load COOK Audio Codec.
I//lib/ld-linux.so.3(  748): ========COOK Audio Codec========
I//lib/ld-linux.so.3(  748): ===== Check Audio Decoder Protection from hash-key IP =====
I//lib/ld-linux.so.3(  748): Hash-key Support DD.
I//lib/ld-linux.so.3(  748): Hash-key Support DD+.
I//lib/ld-linux.so.3(  748): Hash-key Support Generic HE-AAC !!
I//lib/ld-linux.so.3(  748): Hash-key Support WMA.
I//lib/ld-linux.so.3(  748): Hash-key Support DRA.
I//lib/ld-linux.so.3(  748): ===== Check Protection IP End                         =====
D/MstarPlayer(  744): Read DisplayRectangle FIFO x 0, y 0, w 1280, h 720
D/MstarPlayer(  744): setDisplayRectangle  x 0, y 0, w 1280, h 720
D/IMMPlayer(  744): Send MM_SetDisplayRectangle
D/IMMPlayer(  744): u32Item:1
D/IMMPlayer(  744): stRect u16X:0
D/IMMPlayer(  744): stRect u16Y:0
D/IMMPlayer(  744): stRect u16Height:720
D/IMMPlayer(  744): stRect u16Width:1280
I//lib/ld-linux.so.3(  748): Video PAR Width: 1280, Height: 720.
I//lib/ld-linux.so.3(  748): Video Aspect Ratio: 16x9.
I//lib/ld-linux.so.3(  748): 1. Display Rect: x: 0, y: 0, width: 1280, height: 720.
I//lib/ld-linux.so.3(  748): 2. Display Rect: x: 0, y: 0, width: 1280, height: 720.
I//lib/ld-linux.so.3(  748): CropRect u16X=0, u16Y=0, u16Width=1280, u16Height=720
I//lib/ld-linux.so.3(  748): DispRect u16X=0, u16Y=0, u16Width=1280, u16Height=720
I//lib/ld-linux.so.3(  748): Crop Win, X: 0, Y: 0, W: 1280, H: 720.
I//lib/ld-linux.so.3(  748): Diso Win, X: 0, Y: 0, W: 1280, H: 720.
I//lib/ld-linux.so.3(  748): [MApi_Video] CropWin assigned: x,y,w,h=0,0,1280,720
I//lib/ld-linux.so.3(  748): [MApi_Video] DstWin assigned: x,y,w,h=0,0,1280,720
I//lib/ld-linux.so.3(  748): [MApi_Video] SrcWin1[Win=0]: x,y,w,h=152,18,1280,720
I//lib/ld-linux.so.3(  748): [MApi_Video] CropWin1: x,y,w,h=0,0,1280,720
I//lib/ld-linux.so.3(  748): [MApi_Video] DispWin1: x,y,w,h=0,0,1280,720
I//lib/ld-linux.so.3(  748): === open 3D OverScan ===
I//lib/ld-linux.so.3(  748): [MApi_Video] SrcWin2: x,y,w,h=152,18,1280,720
I//lib/ld-linux.so.3(  748): [MApi_Video] CropWin2: x,y,w,h=0,0,1280,720
I//lib/ld-linux.so.3(  748): [MApi_Video] DispWin2: x,y,w,h=0,0,1280,720
I//lib/ld-linux.so.3(  748): [MApi_Video] SrcWin3: x,y,w,h=152,18,1280,720
I//lib/ld-linux.so.3(  748): [MApi_Video] CropWin3: x,y,w,h=0,0,1280,720
I//lib/ld-linux.so.3(  748): [MApi_Video] DispWin3: x,y,w,h=0,0,1280,720
I//lib/ld-linux.so.3(  748): [MApi_Video] SrcWin5[Win=0]: x,y,w,h=152,18,1280,720
I//lib/ld-linux.so.3(  748): [MApi_Video] CropWin5: x,y,w,h=0,0,1280,720
I//lib/ld-linux.so.3(  748): [MApi_Video] DispWin5: x,y,w,h=0,0,1280,720
V/MovieWindow( 4618): actionControlReceived in MovieWindow,action is GetVolumeDBRange
D/XXXX    ( 4618): XXXX hp in actionControlReceived acname is : GetVolumeDBRange
I//lib/ld-linux.so.3(  748): ******Amplifier_TI5707_SWMute(0)
I//lib/ld-linux.so.3(  748): 5707write fail = 7
I//lib/ld-linux.so.3(  748): 5707write fail = 7
I//lib/ld-linux.so.3(  748): 5707write fail = 7
I//lib/ld-linux.so.3(  748): 5707write fail = 7
I//lib/ld-linux.so.3(  748): 5707write fail = 6
D/MstarPlayer(  744): E_EVENT_PLAYING_OK
D/ContentSource(  744): valid length(372736) < (1048576 )is no enough ,read less...   
I//lib/ld-linux.so.3(  748): Video is in playing state.
I//lib/ld-linux.so.3(  748): STC Updated by Video: (40223231->41)
I//lib/ld-linux.so.3(  748): [MApi_Video] DLC cap Hstart=1, Hend=501, Vstart=5a, Vend=276
I//lib/ld-linux.so.3(  748): FrmCnt:9(0,0,0) Rate:112 Sys:47026493 STC:48 VPTS:41 APTS:0 Delay:34(41) V:21 A:5 VES:0x59a1 AES:0x0 PCM:0x0 AudioErr:0x0
I//lib/ld-linux.so.3(  748): 1st Decode & Display Ready!!
I//lib/ld-linux.so.3(  748): Audio StartTime: 0
I//lib/ld-linux.so.3(  748): Display Msg: 33.
I//lib/ld-linux.so.3(  748): Screen Setting: 1.
I//lib/ld-linux.so.3(  748): 2. Set Black Screen OFF.
V/MovieWindow( 4618): actionControlReceived in MovieWindow,action is GetTransportInfo
D/ContentSource(  744): valid length(524288) < (1048576 )is no enough ,read less...   
I//lib/ld-linux.so.3(  748): [CI][HbbTV-VOD]<INFO>:[1365556987.775914] MM play done
D/IMMPlayer(  744): Get ret:0
V/MovieWindow( 4618): actionControlReceived in MovieWindow,action is GetPositionInfo
D/ContentSource(  744): valid length(524288) < (1048576 )is no enough ,read less...   
I//lib/ld-linux.so.3(  748): STC Updated by Audio:(692->28)
D/MediaPlayerService(  744): [37] notify (0x41c80, 3, 2, 0)
V/MovieWindow( 4618): actionControlReceived in MovieWindow,action is GetVolume
D/XXXX    ( 4618): XXXX hp in actionControlReceived acname is : GetVolume
D/XXXX    ( 4618): XXXX hp in actionControlReceived setValue is : 16
D/ContentSource(  744): valid length(524288) < (1048576 )is no enough ,read less...   
I//lib/ld-linux.so.3(  748): FrmCnt:28(0,0,0) Rate:12 Sys:47028001 STC:892 VPTS:875 APTS:892 Delay:25(41) V:1147 A:17 VES:0x148697 AES:0x0 PCM:0x25780 AudioErr:0x0
D/HomePlayerLib( 4618): hostaddress count is 1
D/dalvikvm( 4618): GC_CONCURRENT freed 2210K, 26% free 17434K/23427K, paused 2ms+5ms
D/StreamDataSource(  744):   Warning : StreamContentSource has not enough data ,valid:0!!! 
D/dalvikvm( 4618): GC_CONCURRENT freed 2122K, 27% free 17238K/23427K, paused 3ms+4ms
V/MovieWindow( 4618): actionControlReceived in MovieWindow,action is GetVolumeDBRange
D/XXXX    ( 4618): XXXX hp in actionControlReceived acname is : GetVolumeDBRange
V/MovieWindow( 4618): actionControlReceived in MovieWindow,action is GetTransportInfo
D/StreamDataSource(  744):   Warning : StreamContentSource has not enough data ,valid:139760!!! 
D/ContentSource(  744): valid length(139760) < (1048576 )is no enough ,read less...   
D/dalvikvm( 4618): GC_CONCURRENT freed 2016K, 27% free 17269K/23427K, paused 2ms+8ms
I//lib/ld-linux.so.3(  748): FrmCnt:64(0,0,0) Rate:23 Sys:47029505 STC:2396 VPTS:2419 APTS:1764 Delay:64(41) V:225 A:5 VES:0x456ff AES:0x0 PCM:0x0 AudioErr:0x0
V/MovieWindow( 4618): actionControlReceived in MovieWindow,action is GetPositionInfo
V/MovieWindow( 4618): actionControlReceived in MovieWindow,action is GetVolume
D/XXXX    ( 4618): XXXX hp in actionControlReceived acname is : GetVolume
D/XXXX    ( 4618): XXXX hp in actionControlReceived setValue is : 16
D/ContentSource(  744): valid length(777744) < (1048576 )is no enough ,read less...   
D/MediaPlayerService(  744): [37] notify (0x41c80, 3, 3, 0)
I//lib/ld-linux.so.3(  748): Old STC: 0x00000cc3, PTS: 0x00000744, Diff: 0x0000057f
D/ContentSource(  744): valid length(524288) < (643072 )is no enough ,read less...   
D/dalvikvm( 4618): GC_CONCURRENT freed 1954K, 27% free 17274K/23427K, paused 4ms+8ms
V/MovieWindow( 4618): actionControlReceived in MovieWindow,action is GetVolumeDBRange
D/XXXX    ( 4618): XXXX hp in actionControlReceived acname is : GetVolumeDBRange
V/MovieWindow( 4618): actionControlReceived in MovieWindow,action is GetTransportInfo
D/ContentSource(  744): valid length(405504) < (1048576 )is no enough ,read less...   
D/MediaPlayerService(  744): [37] notify (0x41c80, 3, 4, 0)
V/MovieWindow( 4618): actionControlReceived in MovieWindow,action is GetPositionInfo
I//lib/ld-linux.so.3(  748): FrmCnt:85(0,0,1) Rate:13 Sys:47031034 STC:2517 VPTS:3253 APTS:2520 Delay:777(41) V:1035 A:9 VES:0x1bff24 AES:0x1e60 PCM:0x4ba80 AudioErr:0x0
V/MovieWindow( 4618): actionControlReceived in MovieWindow,action is GetVolume
D/XXXX    ( 4618): XXXX hp in actionControlReceived acname is : GetVolume
D/XXXX    ( 4618): XXXX hp in actionControlReceived setValue is : 16
D/ContentSource(  744): valid length(524288) < (1048576 )is no enough ,read less...   
D/ContentSource(  744): valid length(524288) < (1048576 )is no enough ,read less...   
D/ContentSource(  744): valid length(524288) < (1048576 )is no enough ,read less...   
D/MediaPlayerService(  744): [37] notify (0x41c80, 3, 5, 0)
D/ContentSource(  744): valid length(524288) < (774144 )is no enough ,read less...   
I//lib/ld-linux.so.3(  748): FrmCnt:102(0,0,1) Rate:11 Sys:47032565 STC:4048 VPTS:4045 APTS:4048 Delay:38(41) V:2404 A:29 VES:0x1c382c AES:0x2e70 PCM:0x4b900 AudioErr:0x0
D/StreamDataSource(  744):   Warning : StreamContentSource has not enough data ,valid:180304!!! 
D/ContentSource(  744): valid length(180304) < (520192 )is no enough ,read less...   
V/MovieWindow( 4618): actionControlReceived in MovieWindow,action is GetVolumeDBRange
D/XXXX    ( 4618): XXXX hp in actionControlReceived acname is : GetVolumeDBRange
V/MovieWindow( 4618): actionControlReceived in MovieWindow,action is Pause
D/MstarPlayer(  744): MstarPlayer::pause
D/IMMPlayer(  744): Send MM_SetTrickMode
D/IMMPlayer(  744): u32Item:1
D/IMMPlayer(  744): stTrickInfo->eMode:1
D/IMMPlayer(  744): stTrickInfo->eSpeed:1
D/Downloader(  744): Downloader::pause
D/IMMPlayer(  744): Get ret:0
I//lib/ld-linux.so.3(  748): 1. Mode: 1, Speed: 1.
I//lib/ld-linux.so.3(  748): SetTrickMode, Mode: 1, Speed: 1.
I//lib/ld-linux.so.3(  748): Send to Co-processor: eMode: 0, eSpeed: 0.
V/MovieWindow( 4618): actionControlReceived in MovieWindow,action is GetTransportInfo
D/dalvikvm( 4618): GC_CONCURRENT freed 1952K, 27% free 17335K/23427K, paused 3ms+6ms
V/MovieWindow( 4618): actionControlReceived in MovieWindow,action is GetPositionInfo
D/StreamDataSource(  744):   Warning : StreamContentSource has not enough data ,valid:132520!!! 
D/ContentSource(  744): valid length(132520) < (356352 )is no enough ,read less...   
V/MovieWindow( 4618): actionControlReceived in MovieWindow,action is GetVolume
D/XXXX    ( 4618): XXXX hp in actionControlReceived acname is : GetVolume
D/XXXX    ( 4618): XXXX hp in actionControlReceived setValue is : 16
D/dalvikvm( 4618): GC_CONCURRENT freed 2014K, 27% free 17299K/23427K, paused 12ms+4ms
D/StreamDataSource(  744):   Warning : StreamContentSource has not enough data ,valid:0!!! 
D/StreamDataSource(  744):   Warning : StreamContentSource has not enough data ,valid:0!!! 
[47036.453426] *********** [Normal_MIU0] is still reclaimalbe !! *************
[47036.460454] *********** [Normal_MIU0] is still reclaimalbe !! *************
[47036.467464] *********** [Normal_MIU0] is still reclaimalbe !! *************
[47036.474473] *********** [Normal_MIU0] is still reclaimalbe !! *************
[47036.481482] *********** [Normal_MIU0] is still reclaimalbe !! *************
[47036.488491] *********** [Normal_MIU0] is still reclaimalbe !! *************
[47036.495599] *********** [Normal_MIU0] is still reclaimalbe !! *************
[47036.502616] *********** [Normal_MIU0] is still reclaimalbe !! *************
[47036.509626] *********** [Normal_MIU0] is still reclaimalbe !! *************
[47036.516630] *********** [Normal_MIU0] is still reclaimalbe !! *************
[47036.523636] *********** [Normal_MIU0] is still reclaimalbe !! *************
[47036.530639] *********** [Normal_MIU0] is still reclaimalbe !! *************
[47036.537743] *********** [Normal_MIU0] is still reclaimalbe !! *************
V/MovieWindow( 4618): actionControlReceived in MovieWindow,action is GetVolumeDBRange
D/XXXX    ( 4618): XXXX hp in actionControlReceived acname is : GetVolumeDBRange
V/MovieWindow( 4618): actionControlReceived in MovieWindow,action is GetTransportInfo
V/MovieWindow( 4618): actionControlReceived in MovieWindow,action is GetPositionInfo
D/dalvikvm( 4618): GC_CONCURRENT freed 1982K, 27% free 17240K/23427K, paused 3ms+5ms
V/MovieWindow( 4618): actionControlReceived in MovieWindow,action is GetVolume
D/XXXX    ( 4618): XXXX hp in actionControlReceived acname is : GetVolume
D/XXXX    ( 4618): XXXX hp in actionControlReceived setValue is : 16
D/StreamDataSource(  744):   Warning : StreamContentSource has not enough data ,valid:0!!! 
V/MovieWindow( 4618): actionControlReceived in MovieWindow,action is SetAVTransportURI
D/XXXX    ( 4618): XXXX hp in actionControlReceived acname is : SetAVTransportURI
V/MovieWindow( 4618): actionControlReceived in MovieWindow,action is Play
V/MovieWindow( 4618): ++++++fileUrlList+++++[http://192.168.2.108:57836/%25/1.dat]++++++length+++++1
V/MovieWindow( 4618): ++++come here++++[http://192.168.2.108:57836/%25/1.dat]
W/dalvikvm( 4618): threadid=17: thread exiting with uncaught exception (group=0x40fa81f8)
E/AndroidRuntime( 4618): FATAL EXCEPTION: Cyber.HTTPServerThread
E/AndroidRuntime( 4618): android.view.ViewRootImpl$CalledFromWrongThreadException: Only the original thread that created a view hierarchy can touch its views.
E/AndroidRuntime( 4618):        at android.view.ViewRootImpl.checkThread(ViewRootImpl.java:4039)
E/AndroidRuntime( 4618):        at android.view.ViewRootImpl.requestLayout(ViewRootImpl.java:709)
E/AndroidRuntime( 4618):        at android.view.View.requestLayout(View.java:12675)
E/AndroidRuntime( 4618):        at android.view.View.requestLayout(View.java:12675)
E/AndroidRuntime( 4618):        at android.view.View.requestLayout(View.java:12675)
E/AndroidRuntime( 4618):        at android.view.View.requestLayout(View.java:12675)
E/AndroidRuntime( 4618):        at android.widget.RelativeLayout.requestLayout(RelativeLayout.java:268)
E/AndroidRuntime( 4618):        at android.view.View.requestLayout(View.java:12675)
E/AndroidRuntime( 4618):        at android.view.View.setFlags(View.java:6720)
E/AndroidRuntime( 4618):        at android.view.View.setVisibility(View.java:4617)
E/AndroidRuntime( 4618):        at com.coship.Multimedia.MovieWindow.MovieWindow.play(MovieWindow.java:1261)
E/AndroidRuntime( 4618):        at com.coship.Multimedia.MovieWindow.MovieWindow.access$700(MovieWindow.java:83)
E/AndroidRuntime( 4618):        at com.coship.Multimedia.MovieWindow.MovieWindow$VideoRenererListener.actionControlReceived(MovieWindow.java:1727)
E/AndroidRuntime( 4618):        at org.cybergarage.upnp.std.av.renderer.AVTransport.actionControlReceived(AVTransport.java:851)
E/AndroidRuntime( 4618):        at org.cybergarage.upnp.Action.performActionListener(Action.java:335)
E/AndroidRuntime( 4618):        at org.cybergarage.upnp.Device.deviceActionControlRecieved(Device.java:1745)
E/AndroidRuntime( 4618):        at org.cybergarage.upnp.Device.deviceControlRequestRecieved(Device.java:1709)
E/AndroidRuntime( 4618):        at org.cybergarage.upnp.Device.soapActionRecieved(Device.java:1694)
E/AndroidRuntime( 4618):        at org.cybergarage.upnp.Device.httpPostRequestRecieved(Device.java:1671)
E/AndroidRuntime( 4618):        at org.cybergarage.upnp.Device.httpRequestRecieved(Device.java:1600)
E/AndroidRuntime( 4618):        at org.cybergarage.upnp.std.av.renderer.MediaRenderer.httpRequestRecieved(MediaRenderer.java:204)
E/AndroidRuntime( 4618):        at org.cybergarage.http.HTTPServer.performRequestListener(HTTPServer.java:212)
E/AndroidRuntime( 4618):        at org.cybergarage.http.HTTPServerThread.run(HTTPServerThread.java:48)
W/ActivityManager(  941):   Force finishing activity com.coship.Multimedia/.MovieWindow.MovieWindow
V/MovieWindow( 4618): set background listener in MusicWindow onPause
D/MovieWindow( 4618): onPause in moviewindow
D/dalvikvm(  941): GC_FOR_ALLOC freed 1511K, 64% free 4062K/11075K, paused 76ms
D/dalvikvm(  941): GC_CONCURRENT freed 46K, 56% free 4916K/11075K, paused 3ms+6ms
I/AirplayService( 4618): in setAirplayDevName
I/Multimedia( 4618): onResume startServiceIntent
D/Multimedia_BackService( 4618): BackService onStart called
D/Multimedia_BackService( 4618): device Name:SmartBoxtc
I/AirplayService( 4618): in setAirplayDevName
D/BackService( 4618): [actionControlReceived] Name:GetVolumeDBRange
D/XXXX    ( 4618): XXXX hp in actionControlReceived acname is : GetVolumeDBRange
V/MovieWindow( 4618): +++++++surfaceDestroyed+++++++
D/MstarPlayer(  744): ==========MstarPlayer::reset : 0x3d708==========
D/StreamDataSource(  744): ForceStopRead !!
D/MstarPlayer(  744): request to exit async thread
D/StreamDataSource(  744):   Warning : StreamContentSource has not enough data ,valid:0!!! 
D/MstarPlayer(  744):  ========^^ set file end ^^============,tell size=-1,fsize=133137065
D/MstarPlayer(  744): exit async proc thread
D/IMMPlayer(  744): Send MM_SetTrickMode
D/IMMPlayer(  744): u32Item:1
D/IMMPlayer(  744): stTrickInfo->eMode:0
D/IMMPlayer(  744): stTrickInfo->eSpeed:1
I//lib/ld-linux.so.3(  748): 1. Mode: 0, Speed: 1.
I//lib/ld-linux.so.3(  748): SetTrickMode, Mode: 0, Speed: 1.
I//lib/ld-linux.so.3(  748): Send to Co-processor: eMode: 0, eSpeed: 1.
D/IMMPlayer(  744): Get ret:0
D/IMMPlayer(  744): Send MM_Stop
D/IMMPlayer(  744): u32Item:1
I//lib/ld-linux.so.3(  748): MApp_VDPlay[47038.298682] *********** [Normal_MIU0] is still reclaimalbe !! *************
[47038.307002] *********** [Normal_MIU0] is still reclaimalbe !! *************
[47038.314010] *********** [Normal_MIU0] is still reclaimalbe !! *************
[47038.321038] *********** [Normal_MIU0] is still reclaimalbe !! *************
[47038.328068] *********** [Normal_MIU0] is still reclaimalbe !! *************
[47038.335091] *********** [Normal_MIU0] is still reclaimalbe !! *************
er_Stop interrup[47038.342268] *********** [Normal_MIU0] is still reclaimalbe !! *************
[47038.350600] *********** [Normal_MIU0] is still reclaimalbe !! *************
[47038.357629] *********** [Normal_MIU0] is still reclaimalbe !! *************
[47038.364638] *********** [Normal_MIU0] is still reclaimalbe !! *************
[47038.371652] *********** [Normal_MIU0] is still reclaimalbe !! *************
t
D/MovieWindow( 4618): onDestroy in moviewindow
E/WindowManager( 4618): Activity com.coship.Multimedia.MovieWindow.MovieWindow has leaked window com.android.internal.policy.impl.PhoneWindow$DecorView@42364920 that was originally added here
E/WindowManager( 4618): android.view.WindowLeaked: Activity com.coship.Multimedia.MovieWindow.MovieWindow has leaked window com.android.internal.policy.impl.PhoneWindow$DecorView@42364920 that was originally added here
E/WindowManager( 4618):         at android.view.ViewRootImpl.<init>(ViewRootImpl.java:344)
E/WindowManager( 4618):         at android.view.WindowManagerImpl.addView(WindowManagerImpl.java:267)
E/WindowManager( 4618):         at android.view.WindowManagerImpl.addView(WindowManagerImpl.java:215)
E/WindowManager( 4618):         at android.view.WindowManagerImpl$CompatModeWrapper.addView(WindowManagerImpl.java:140)
E/WindowManager( 4618):         at android.view.Window$LocalWindowManager.addView(Window.java:537)
E/WindowManager( 4618):         at android.app.Dialog.show(Dialog.java:278)
E/WindowManager( 4618):         at com.coship.Multimedia.MovieWindow.MovieWindow$MessageHandler.handleMessage(MovieWindow.java:1161)
E/WindowManager( 4618):         at android.os.Handler.dispatchMessage(Handler.java:99)
E/WindowManager( 4618):         at android.os.Looper.loop(Looper.java:137)
E/WindowManager( 4618):         at android.app.ActivityThread.main(ActivityThread.java:4424)
E/WindowManager( 4618):         at java.lang.reflect.Method.invokeNative(Native Method)
E/WindowManager( 4618):         at java.lang.reflect.Method.invoke(Method.java:511)
E/WindowManager( 4618):         at com.android.internal.os.ZygoteInit$MethodAndArgsCaller.run(ZygoteInit.java:848)
E/WindowManager( 4618):         at com.android.internal.os.ZygoteInit.main(ZygoteInit.java:575)
E/WindowManager( 4618):         at dalvik.system.NativeStart.main(Native Method)
D/BackService( 4618): [actionControlReceived] Name:GetTransportInfo
D/XXXX    ( 4618): XXXX hp in actionControlReceived acname is : GetTransportInfo
I//lib/ld-linux.so.3(  748): MApp_VDPlayer_Stop
I//lib/ld-linux.so.3(  748): E_VDP_DECODE_STATE_STOP --> E_VDP_DECODE_STATE_STANDBY
I//lib/ld-linux.so.3(  748): E_VDP_PHASE_DECODE --> E_VDP_PHASE_STOP
D/HomePlayerLib( 4618): hostaddress count is 1
I//lib/ld-linux.so.3(  748): E_VDP_PHASE_STOP --> E_VDP_PHASE_STANDBY
I//lib/ld-linux.so.3(  748): Error code 0; Stop Pos:0x02ec86a Time:4672
I//lib/ld-linux.so.3(  748): Get MB_VDPLAYER_STOP command.
D/IMMPlayer(  744): Get ret:0
D/IMMPlayer(  744): Send MM_DeleteMediaItem
D/IMMPlayer(  744): u32Item:1
D/IMMPlayer(  744): Get ret:0
D/IMMPlayer(  744): Send PLAYER_COMMAND_REMOVE_EVENT_RECIPIENT_FPTR
D/IMMPlayer(  744): Get ret:1
D/IMMPlayer(  744): Send FINALIZE
I//lib/ld-linux.so.3(  748): Sbtitle de-init: 0.
I//lib/ld-linux.so.3(  748): MMPlayerService::Client::MM_Finalize()
I//lib/ld-linux.so.3(  748): MSrv_MM_PhotoPlayer::Finalize().
I//lib/ld-linux.so.3(  748): mapi_cpcodec::Finalize().
I//lib/ld-linux.so.3(  748): mapi_cpcodec::Finalize().
I//lib/ld-linux.so.3(  748): Do mapi_cpcodec::Finalize().
D/IMMPlayer(  744): Get ret:0
D/MMPlayer(  744): disconnect
D/MMPlayer(  744): 
D/IMMPlayer(  744): Send DISCONNECT
D/MMPlayer(  744): destructor: 0x3c588
D/MMPlayer(  744): 
D/MMPlayer(  744): disconnect
D/MMPlayer(  744): 
D/MstarPlayer(  744): MstarPlayer::clearAllSource
D/StreamDataSource(  744): ~StreamContentSource 
D/HTTPStreamCurl(  744): 
D/HTTPStreamCurl(  744):  ~HTTPStreamCurl 
D/Downloader(  744): Enter Downloader::ForceExit ! 
D/HTTPStreamCurl(  744): [HTTPStreamCurl]request to exit download thread 
D/HTTPStreamCurl(  744): [HTTPStreamCurl]request to exit download thread  Done !!
D/Downloader(  744): Enter Downloader::ForceExit ! 
D/Downloader(  744): [downloadThread]Downloader::removeTask  
I//lib/ld-linux.so.3(  748): MM_Finalize done
I//lib/ld-linux.so.3(  748): V/MMPlayerService( 755 1069): disconnect(callingPid 744, clientPid 744)
I//lib/ld-linux.so.3(  748): V/MMPlayerService( 755 1069): Disconnet finalize OK.
I//lib/ld-linux.so.3(  748): V/MMPlayerService( 755 1069): removeClient(callingPid 744)
I//lib/ld-linux.so.3(  748): V/MMPlayerService( 755 1048): MMPlayerService::Client destructor(callingPid 744)
D/Downloader(  744): ~Downloader
D/HTTPStreamCurl(  744): ~HTTPStreamCurl done.
D/MstarPlayer(  744): setInstance: 0x0
D/MstarPlayer(  744): reset done
I/MovieWindow( 4618): ***********surfaceDestroyed
D/MstarPlayer(  744): ==========MstarPlayer::reset : 0x3d708==========
D/MstarPlayer(  744): MstarPlayer::clearAllSource
D/MstarPlayer(  744): setInstance: 0x0
D/MstarPlayer(  744): reset done
D/MstarPlayer(  744): 
D/MstarPlayer(  744): =======Destroy mstar player  : 0x3d708========
D/BackService( 4618): [actionControlReceived] Name:GetPositionInfo
D/XXXX    ( 4618): XXXX hp in actionControlReceived acname is : GetPositionInfo
D/dalvikvm( 4618): GC_CONCURRENT freed 1900K, 26% free 17538K/23427K, paused 3ms+4ms
D/BackService( 4618): [actionControlReceived] Name:GetVolume
D/XXXX    ( 4618): XXXX hp in actionControlReceived acname is : GetVolume
D/XXXX    ( 4618): XXXX hp in actionControlReceived setValue is : 16
D/dalvikvm( 4618): GC_CONCURRENT freed 2217K, 27% free 17255K/23427K, paused 2ms+4ms
D/BackService( 4618): [actionControlReceived] Name:GetVolumeDBRange
D/XXXX    ( 4618): XXXX hp in actionControlReceived acname is : GetVolumeDBRange
D/BackService( 4618): [actionControlReceived] Name:GetTransportInfo
D/XXXX    ( 4618): XXXX hp in actionControlReceived acname is : GetTransportInfo
D/dalvikvm( 4618): GC_CONCURRENT freed 1916K, 27% free 17313K/23427K, paused 2ms+4ms
D/BackService( 4618): [actionControlReceived] Name:GetPositionInfo
D/XXXX    ( 4618): XXXX hp in actionControlReceived acname is : GetPositionInfo
D/BackService( 4618): [actionControlReceived] Name:GetVolume
D/XXXX    ( 4618): XXXX hp in actionControlReceived acname is : GetVolume
D/XXXX    ( 4618): XXXX hp in actionControlReceived setValue is : 16
D/BackService( 4618): [actionControlReceived] Name:GetVolumeDBRange
D/XXXX    ( 4618): XXXX hp in actionControlReceived acname is : GetVolumeDBRange
D/BackService( 4618): [actionControlReceived] Name:GetTransportInfo
D/XXXX    ( 4618): XXXX hp in actionControlReceived acname is : GetTransportInfo
D/BackService( 4618): [actionControlReceived] Name:GetPositionInfo
D/XXXX    ( 4618): XXXX hp in actionControlReceived acname is : GetPositionInfo
D/BackService( 4618): [actionControlReceived] Name:GetVolume
D/XXXX    ( 4618): XXXX hp in actionControlReceived acname is : GetVolume
D/XXXX    ( 4618): XXXX hp in actionControlReceived setValue is : 16
[47043.723433] IR: [03932] scan key value is 0xec13c936 
[47043.723437]  
[47043.774592] IR: [03932] scan key value is 0xec13c936 
[47043.774596]  I/Process ( 4618): Sending signal. PID: 4618 SIG: 9
V/TabletStatusBar( 1148): setLightsOn(true)

[47044.077690] binder: release proc 4618, transaction 809887, not freed
I/ActivityManager(  941): Process com.coship.Multimedia (pid 4618) has died.
W/ActivityManager(  941): Service crashed 2 times, stopping: ServiceRecord{418304e8 com.coship.Multimedia/.view.BackService}
W/ActivityManager(  941): Force removing ActivityRecord{41642418 com.coship.Multimedia/.main}: app died, no saved state
I/WindowManager(  941): WIN DEATH: Window{4173b4f8 com.coship.Multimedia/com.coship.Multimedia.main paused=false}
W/InputManagerService(  941): Got RemoteException sending setActive(false) notification to pid 4618 uid 1000
E/audio_hw_primary(  744): MAD out_write error!
W/AudioFlinger(  744): write blocked for 10001 msecs, 1 delayed writes, thread 0x21330
E/audio_hw_primary(  744): MAD out_write error!
E/audio_hw_primary(  744): MAD out_write error!
E/audio_hw_primary(  744): MAD out_write error!
E/audio_hw_primary(  744): MAD out_write error!
E/audio_hw_primary(  744): MAD out_write error!
E/audio_hw_primary(  744): MAD out_write error!
E/audio_hw_primary(  744): MAD out_write error!
E/audio_hw_primary(  744): MAD out_write error!
E/audio_hw_primary(  744): MAD out_write error!
E/audio_hw_primary(  744): MAD out_write error!
E/audio_hw_primary(  744): MAD out_write error!
E/audio_hw_primary(  744): MAD out_write error!
E/audio_hw_primary(  744): MAD out_write error!
E/audio_hw_primary(  744): MAD out_write error!
E/audio_hw_primary(  744): MAD out_write error!
E/audio_hw_primary(  744): MAD out_write error!
E/audio_hw_primary(  744): MAD out_write error!
E/audio_hw_primary(  744): MAD out_write error!
E/audio_hw_primary(  744): MAD out_write error!
E/audio_hw_primary(  744): MAD out_write error!
E/audio_hw_primary(  744): MAD out_write error!
E/audio_hw_primary(  744): MAD out_write error!
E/audio_hw_primary(  744): MAD out_write error!
E/audio_hw_primary(  744): MAD out_write error!
E/audio_hw_primary(  744): MAD out_write error!
E/audio_hw_primary(  744): MAD out_write error!
E/audio_hw_primary(  744): MAD out_write error!
E/audio_hw_primary(  744): MAD out_write error!
E/audio_hw_primary(  744): MAD out_write error!
E/audio_hw_primary(  744): MAD out_write error!
E/audio_hw_primary(  744): MAD out_write error!
E/audio_hw_primary(  744): MAD out_write error!
E/audio_hw_primary(  744): MAD out_write error!
E/audio_hw_primary(  744): MAD out_write error!
E/audio_hw_primary(  744): MAD out_write error!
E/audio_hw_primary(  744): MAD out_write error!
E/audio_hw_primary(  744): MAD out_write error!
E/audio_hw_primary(  744): MAD out_write error!
E/audio_hw_primary(  744): MAD out_write error!
E/audio_hw_primary(  744): MAD out_write error!
E/audio_hw_primary(  744): MAD out_write error!
E/audio_hw_primary(  744): MAD out_write error!
E/audio_hw_primary(  744): MAD out_write error!
E/audio_hw_primary(  744): MAD out_write error!
E/audio_hw_primary(  744): MAD out_write error!
E/audio_hw_primary(  744): MAD out_write error!
E/audio_hw_primary(  744): MAD out_write error!
E/audio_hw_primary(  744): MAD out_write error!
E/audio_hw_primary(  744): MAD out_write error!
E/audio_hw_primary(  744): MAD out_write error!
E/audio_hw_primary(  744): MAD out_write error!
E/audio_hw_primary(  744): MAD out_write error!
E/audio_hw_primary(  744): MAD out_write error!
E/audio_hw_primary(  744): MAD out_write error!
E/audio_hw_primary(  744): MAD out_write error!
E/audio_hw_primary(  744): MAD out_write error!
E/audio_hw_primary(  744): MAD out_write error!
E/audio_hw_primary(  744): MAD out_write error!
E/audio_hw_primary(  744): MAD out_write error!
E/audio_hw_primary(  744): MAD out_write error!
E/audio_hw_primary(  744): MAD out_write error!
E/audio_hw_primary(  744): MAD out_write error!
E/audio_hw_primary(  744): MAD out_write error!
E/audio_hw_primary(  744): MAD out_write error!
E/audio_hw_primary(  744): MAD out_write error!
E/audio_hw_primary(  744): MAD out_write error!
E/audio_hw_primary(  744): MAD out_write error!
E/audio_hw_primary(  744): MAD out_write error!
E/audio_hw_primary(  744): MAD out_write error!
E/audio_hw_primary(  744): MAD out_write error!
E/audio_hw_primary(  744): MAD out_write error!
E/audio_hw_primary(  744): MAD out_write error!
E/audio_hw_primary(  744): MAD out_write error!
E/audio_hw_primary(  744): MAD out_write error!
E/audio_hw_primary(  744): MAD out_write error!
E/audio_hw_primary(  744): MAD out_write error!
E/audio_hw_primary(  744): MAD out_write error!
E/audio_hw_primary(  744): MAD out_write error!
E/audio_hw_primary(  744): MAD out_write error!
E/audio_hw_primary(  744): MAD out_write error!
E/audio_hw_primary(  744): MAD out_write error!
E/audio_hw_primary(  744): MAD out_write error!
E/audio_hw_primary(  744): MAD out_write error!
E/audio_hw_primary(  744): MAD out_write error!
E/audio_hw_primary(  744): MAD out_write error!
E/audio_hw_primary(  744): MAD out_write error!
E/audio_hw_primary(  744): MAD out_write error!
E/audio_hw_primary(  744): MAD out_write error!
E/audio_hw_primary(  744): MAD out_write error!
E/audio_hw_primary(  744): MAD out_write error!
E/audio_hw_primary(  744): MAD out_write error!
E/audio_hw_primary(  744): MAD out_write error!
E/audio_hw_primary(  744): MAD out_write error!
E/audio_hw_primary(  744): MAD out_write error!
E/audio_hw_primary(  744): MAD out_write error!
E/audio_hw_primary(  744): MAD out_write error!
E/audio_hw_primary(  744): MAD out_write error!
E/audio_hw_primary(  744): MAD out_write error!
E/audio_hw_primary(  744): MAD out_write error!
E/audio_hw_primary(  744): MAD out_write error!
E/audio_hw_primary(  744): MAD out_write error!
E/audio_hw_primary(  744): MAD out_write error!
E/audio_hw_primary(  744): MAD out_write error!
E/audio_hw_primary(  744): MAD out_write error!
E/audio_hw_primary(  744): MAD out_write error!
E/audio_hw_primary(  744): MAD out_write error!
E/audio_hw_primary(  744): MAD out_write error!
E/audio_hw_primary(  744): MAD out_write error!
E/audio_hw_primary(  744): MAD out_write error!
E/audio_hw_primary(  744): MAD out_write error!
E/audio_hw_primary(  744): MAD out_write error!
E/audio_hw_primary(  744): MAD out_write error!
E/audio_hw_primary(  744): MAD out_write error!
E/audio_hw_primary(  744): MAD out_write error!
E/audio_hw_primary(  744): MAD out_write error!
E/audio_hw_primary(  744): MAD out_write error!
E/audio_hw_primary(  744): MAD out_write error!
E/audio_hw_primary(  744): MAD out_write error!
E/audio_hw_primary(  744): MAD out_write error!
E/audio_hw_primary(  744): MAD out_write error!
E/audio_hw_primary(  744): MAD out_write error!
E/audio_hw_primary(  744): MAD out_write error!
E/audio_hw_primary(  744): MAD out_write error!
E/audio_hw_primary(  744): MAD out_write error!
E/audio_hw_primary(  744): MAD out_write error!
E/audio_hw_primary(  744): MAD out_write error!
E/audio_hw_primary(  744): MAD out_write error!
E/audio_hw_primary(  744): MAD out_write error!
E/audio_hw_primary(  744): MAD out_write error!
E/audio_hw_primary(  744): MAD out_write error!
E/audio_hw_primary(  744): MAD out_write error!
E/audio_hw_primary(  744): MAD out_write error!
E/audio_hw_primary(  744): MAD out_write error!
E/audio_hw_primary(  744): MAD out_write error!
E/audio_hw_primary(  744): MAD out_write error!
E/audio_hw_primary(  744): MAD out_write error!
E/audio_hw_primary(  744): MAD out_write error!
E/audio_hw_primary(  744): MAD out_write error!
E/audio_hw_primary(  744): MAD out_write error!
E/audio_hw_primary(  744): MAD out_write error!
E/audio_hw_primary(  744): MAD out_write error!
E/audio_hw_primary(  744): MAD out_write error!
E/audio_hw_primary(  744): MAD out_write error!
E/audio_hw_primary(  744): MAD out_write error!
E/audio_hw_primary(  744): MAD out_write error!
E/audio_hw_primary(  744): MAD out_write error!
E/audio_hw_primary(  744): MAD out_write error!
E/audio_hw_primary(  744): MAD out_write error!
E/audio_hw_primary(  744): MAD out_write error!
E/audio_hw_primary(  744): MAD out_write error!
E/audio_hw_primary(  744): MAD out_write error!
E/audio_hw_primary(  744): MAD out_write error!
E/audio_hw_primary(  744): MAD out_write error!
E/audio_hw_primary(  744): MAD out_write error!
E/audio_hw_primary(  744): MAD out_write error!
E/audio_hw_primary(  744): MAD out_write error!
E/audio_hw_primary(  744): MAD out_write error!
E/audio_hw_primary(  744): MAD out_write error!
E/audio_hw_primary(  744): MAD out_write error!
E/audio_hw_primary(  744): MAD out_write error!
E/audio_hw_primary(  744): MAD out_write error!
E/audio_hw_primary(  744): MAD out_write error!
E/audio_hw_primary(  744): MAD out_write error!
E/audio_hw_primary(  744): MAD out_write error!
E/audio_hw_primary(  744): MAD out_write error!
E/audio_hw_primary(  744): MAD out_write error!
E/audio_hw_primary(  744): MAD out_write error!
E/audio_hw_primary(  744): MAD out_write error!
E/audio_hw_primary(  744): MAD out_write error!
E/audio_hw_primary(  744): MAD out_write error!
E/audio_hw_primary(  744): MAD out_write error!
E/audio_hw_primary(  744): MAD out_write error!
E/audio_hw_primary(  744): MAD out_write error!
E/audio_hw_primary(  744): MAD out_write error!
E/audio_hw_primary(  744): MAD out_write error!
E/audio_hw_primary(  744): MAD out_write error!
E/audio_hw_primary(  744): MAD out_write error!
E/audio_hw_primary(  744): MAD out_write error!
E/audio_hw_primary(  744): MAD out_write error!
E/audio_hw_primary(  744): MAD out_write error!
E/audio_hw_primary(  744): MAD out_write error!
E/audio_hw_primary(  744): MAD out_write error!
E/audio_hw_primary(  744): MAD out_write error!
E/audio_hw_primary(  744): MAD out_write error!
E/audio_hw_primary(  744): MAD out_write error!
E/audio_hw_primary(  744): MAD out_write error!
E/audio_hw_primary(  744): MAD out_write error!
E/audio_hw_primary(  744): MAD out_write error!
E/audio_hw_primary(  744): MAD out_write error!
E/audio_hw_primary(  744): MAD out_write error!
E/audio_hw_primary(  744): MAD out_write error!
E/audio_hw_primary(  744): MAD out_write error!
E/audio_hw_primary(  744): MAD out_write error!
E/audio_hw_primary(  744): MAD out_write error!
E/audio_hw_primary(  744): MAD out_write error!
E/audio_hw_primary(  744): MAD out_write error!
E/audio_hw_primary(  744): MAD out_write error!
E/audio_hw_primary(  744): MAD out_write error!
E/audio_hw_primary(  744): MAD out_write error!
E/audio_hw_primary(  744): MAD out_write error!
E/audio_hw_primary(  744): MAD out_write error!
E/audio_hw_primary(  744): MAD out_write error!
E/audio_hw_primary(  744): MAD out_write error!
E/audio_hw_primary(  744): MAD out_write error!
E/audio_hw_primary(  744): MAD out_write error!
E/audio_hw_primary(  744): MAD out_write error!
E/audio_hw_primary(  744): MAD out_write error!
E/audio_hw_primary(  744): MAD out_write error!
E/audio_hw_primary(  744): MAD out_write error!
E/audio_hw_primary(  744): MAD out_write error!
E/audio_hw_primary(  744): MAD out_write error!
E/audio_hw_primary(  744): MAD out_write error!
E/audio_hw_primary(  744): MAD out_write error!
