I/ActivityManager( 1992): Start proc android.process.acore for content provider com.android.providers.contacts/.CallLogProvider: pid=2321 uid=10000 gids={3003, 1015}
I/ActivityThread( 2321): Pub com.android.voicemail: com.android.providers.contacts.VoicemailContentProvider
I/ActivityThread( 2321): Pub com.android.social: com.android.providers.contacts.SocialProvider
I/ActivityThread( 2321): Pub applications: com.android.providers.applications.ApplicationsProvider
D/dalvikvm( 2321): GC_CONCURRENT freed 209K, 86% free 650K/4547K, paused 0ms+0ms
I/ActivityThread( 2321): Pub contacts;com.android.contacts: com.android.providers.contacts.ContactsProvider2
D/dalvikvm( 2321): GC_CONCURRENT freed 252K, 84% free 802K/4803K, paused 1ms+1ms
D/MediaPlayerService( 1956): [1] notify (0x23c90, 2, 0, 0)
D/dalvikvm( 2321): GC_CONCURRENT freed 230K, 79% free 1056K/4995K, paused 1ms+1ms
I/ActivityThread( 2321): Pub call_log: com.android.providers.contacts.CallLogProvider
I/ActivityThread( 2321): Pub user_dictionary: com.android.providers.userdictionary.UserDictionaryProvider
D/dalvikvm( 1992): GREF has increased to 301
E/DefaultVoicemailNotifier( 2304): No voicemails to notify about: clear the notification.
D/dalvikvm( 2321): GC_CONCURRENT freed 235K, 76% free 1265K/5251K, paused 1ms+2ms
E/        ( 2178): get vaddr failed:pvaddr_read=0x5aad1000,pvaddr_internal=0x5ff94000,pvaddr_write=0x0
E/        ( 2178): get vaddr failed:pvaddr_read=0x5aad1000,pvaddr_internal=0x5ff94000,pvaddr_write=0x0
D/dalvikvm( 2178): GC_FOR_ALLOC freed 1926K, 35% free 12168K/18627K, paused 25ms
D/dalvikvm( 2178): GC_FOR_ALLOC freed 322K, 28% free 13501K/18627K, paused 22ms
D/dalvikvm( 1992): GC_CONCURRENT freed 474K, 59% free 3182K/7619K, paused 2ms+3ms
I/bluedroid( 1992): bt_enable: ret: -1, errno: 110
E/        ( 2178): get vaddr failed:pvaddr_read=0x5aad1000,pvaddr_internal=0x5ff94000,pvaddr_write=0x0
E/        ( 2178): get vaddr failed:pvaddr_read=0x5aad1000,pvaddr_internal=0x5ff94000,pvaddr_write=0x0
D/dalvikvm( 2178): GC_FOR_ALLOC freed 2163K, 37% free 12167K/19203K, paused 24ms
E/        ( 2178): get vaddr failed:pvaddr_read=0x5aad1000,pvaddr_internal=0x5ff94000,pvaddr_write=0x0
E/        ( 2178): get vaddr failed:pvaddr_read=0x5aad1000,pvaddr_internal=0x5ff94000,pvaddr_write=0x0
D/dalvikvm( 2178): GC_FOR_ALLOC freed 1645K, 37% free 12167K/19203K, paused 21ms
D/dalvikvm( 1992): GC_CONCURRENT freed 706K, 60% free 3052K/7619K, paused 2ms+3ms
E/        ( 2178): get vaddr failed:pvaddr_read=0x5aad1000,pvaddr_internal=0x5ff94000,pvaddr_write=0x0
W/ActivityManager( 1992): Timeout of broadcast BroadcastRecord{41686d88 android.intent.action.BOOT_COMPLETED} - receiver=android.app.ActivityThread$ApplicationThread@4141abd0, started 10000ms ago
W/ActivityManager( 1992): Receiver during timeout: ResolveInfo{41666ea0 com.android.server.BootReceiver p=0 o=0 m=0x108000}
E/        ( 2178): get vaddr failed:pvaddr_read=0x5aad1000,pvaddr_internal=0x5ff94000,pvaddr_write=0x0
I/ActivityManager( 1992): Start proc com.coship.HS for broadcast com.coship.HS/.AutoStartReceiver: pid=2337 uid=1000 gids={3003, 1015, 3002, 3001, 3004}
D/dalvikvm( 2178): GC_FOR_ALLOC freed 1644K, 37% free 12167K/19203K, paused 57ms
I/Process ( 1992): Sending signal. PID: 1992 SIG: 3
I/dalvikvm( 1992): threadid=3: reacting to signal 3
I/dalvikvm( 1992): Wrote stack traces to '/data/anr/traces.txt'
I/Process ( 1992): Sending signal. PID: 2178 SIG: 3
I/dalvikvm( 2178): threadid=3: reacting to signal 3
I/dalvikvm( 2178): Wrote stack traces to '/data/anr/traces.txt'
I/Process ( 1992): Sending signal. PID: 2210 SIG: 3
I/dalvikvm( 2210): threadid=3: reacting to signal 3
I/dalvikvm( 2210): Wrote stack traces to '/data/anr/traces.txt'
I/Process ( 1992): Sending signal. PID: 2200 SIG: 3
I/dalvikvm( 2200): threadid=3: reacting to signal 3
I/dalvikvm( 2200): Wrote stack traces to '/data/anr/traces.txt'
I/Process ( 1992): Sending signal. PID: 2189 SIG: 3
I/dalvikvm( 2189): threadid=3: reacting to signal 3
I/dalvikvm( 2189): Wrote stack traces to '/data/anr/traces.txt'
I/Process ( 1992): Sending signal. PID: 2167 SIG: 3
I/dalvikvm( 2167): threadid=3: reacting to signal 3
I/dalvikvm( 2167): Wrote stack traces to '/data/anr/traces.txt'
D/dalvikvm( 2178): GC_FOR_ALLOC freed 321K, 30% free 13501K/19203K, paused 24ms
D/HSBootReceiver( 2337): start BluetoothHeadsetEventService 
D/HSEventMonitorService( 2337): start BluetoothHeadsetService 
I/ActivityManager( 1992): Start proc com.android.providers.calendar for broadcast com.android.providers.calendar/.CalendarReceiver: pid=2350 uid=10005 gids={3003, 1015}
D/BluetoothHeadsetBroadcastReceiver( 2337): - Got BluetoothHeadset: null
D/Bluetooth HSHFP( 2337): Starting BluetoothHeadsetService
D/BluetoothHeadsetBroadcastReceiver( 2337): - Got BluetoothHeadset: android.bluetooth.BluetoothHeadset@413eb2a8
D/dalvikvm( 1992): GC_CONCURRENT freed 450K, 59% free 3186K/7619K, paused 2ms+3ms
I/ActivityThread( 2350): Pub com.android.calendar: com.android.providers.calendar.CalendarProvider2
D/dalvikvm( 2350): GC_CONCURRENT freed 174K, 85% free 682K/4547K, paused 2ms+1ms
D/dalvikvm( 1992): GC_EXPLICIT freed 229K, 58% free 3213K/7619K, paused 1ms+3ms
D/dalvikvm( 2367): Not late-enabling CheckJNI (already on)
I/ActivityManager( 1992): Start proc com.coship.cw880 for broadcast com.coship.cw880/.BootCw880Recive: pid=2367 uid=1000 gids={3003, 1015, 3002, 3001, 3004}
D/dalvikvm( 1992): GC_EXPLICIT freed 311K, 57% free 3310K/7619K, paused 3ms+3ms
D/TAG     ( 2367): ===@@@@@@@@@@@@@@@@@@@@@@@@@@@@@@@@@@@@@@@@@@@@@@@==
D/BootBroadcastRecevice( 2367): ===========BoradcastReceive enter will to monitorcw880
D/MonitorCw880( 2367): MonitorCw880 OnCreat
I/ActivityManager( 1992): Start proc android.process.media for broadcast com.android.providers.downloads/.DownloadReceiver: pid=2381 uid=10010 gids={1015, 1023, 1024, 2001, 3003, 3007}
D/MonitorCw880( 2367): MonitorCw880 OnStart
I/MonitorCw880( 2367): easybusAttach success !
I/MonitorCw880( 2367): easyscreen -> easybusInterest success !
I/MonitorCw880( 2367): easyheartbeat -> easybusInterest success !
I/ActivityThread( 2381): Pub media: com.android.providers.media.MediaProvider
I/ActivityThread( 2381): Pub downloads: com.android.providers.downloads.DownloadProvider
W/MountService( 1992): getVolumeState(/mnt/sdcard): Unknown volume
I/ActivityThread( 2381): Pub drm: com.android.providers.drm.DrmProvider
I/DownloadManager( 2381): in removeSpuriousFiles
D/dalvikvm( 2381): GC_CONCURRENT freed 164K, 85% free 692K/4547K, paused 2ms+1ms
I/DownloadManager( 2381): deleting spurious file /cache/data
D/EasyControlImeReceive( 2189): ===========receive EasyControlImeReceive============
D/EasyControlImeReceive( 2189): ===========EasyControlImeReceive enter will to EasyControlIME
D/EasyControlImeReceive( 2189): ===========EasyControlImeReceive enter will to EasyControlIMEServer
I/KeyEventHandler( 2189): start sender UDP
D/dalvikvm( 2189): GC_CONCURRENT freed 152K, 85% free 737K/4611K, paused 1ms+1ms
V/update.Download( 2233): deleting all update downloads
I/ActivityManager( 1992): START {flg=0x10000000 cmp=com.google.android.gsf/.update.SystemUpdateInstallDialog} from pid 2233
I/ActivityManager( 1992): Start proc com.android.settings for broadcast com.android.settings/.SettingGlobalReceiver: pid=2408 uid=1000 gids={3003, 1015, 3002, 3001, 3004}
D/dalvikvm( 2233): GC_CONCURRENT freed 394K, 76% free 1312K/5443K, paused 2ms+2ms
E/PhonePolicy( 2233): Could not preload class for phone policy: com.android.internal.policy.impl.PhoneWindow$ContextMenuCallback
D/TextLayoutCache( 2233): Using debug level: 0 - Debug Enabled: 0
I/Process ( 1992): Sending signal. PID: 2233 SIG: 3
I/dalvikvm( 2233): threadid=3: reacting to signal 3
I/MediaScannerService( 2381): ==========================================
I/MediaScannerService( 2381): ====== ACTION_MEDIA_SCANNER_STARTED ======
I/MediaScannerService( 2381): ==========================================
I/dalvikvm( 2233): Wrote stack traces to '/data/anr/traces.txt'
E/ActivityManager( 1992): Start proc com.android.settings for broadcast com.android.settings/.SettingGlobalReceiver: pid=2408 uid=1000 gids={3003, 1015, 3002, 3001, 3004}Load: 5.2 / 2.08 / 0.77
E/ActivityManager( 1992): CPU usage from 12127ms to 0ms ago:
E/ActivityManager( 1992):   37% 2178/com.coship.cibn: 32% user + 4.9% kernel / faults: 9300 minor 6 major
E/ActivityManager( 1992):   18% 1992/system_server: 13% user + 5.2% kernel / faults: 989 minor
E/ActivityManager( 1992):   13% 755/ld-linux.so.3: 3.3% user + 9.7% kernel
E/ActivityManager( 1992):   3.3% 1956/mediaserver: 2.6% user + 0.7% kernel
E/ActivityManager( 1992):   1.8% 1032/surfaceflinger: 0.4% user + 1.4% kernel
E/ActivityManager( 1992):   1.5% 445/mmcqd: 0% user + 1.5% kernel
E/ActivityManager( 1992):   1% 1906/ksdioirqd/mmc1: 0% user + 1% kernel
E/ActivityManager( 1992):   0.5% 778/mali-pmm-wq: 0% user + 0.5% kernel
E/ActivityManager( 1992):   0.5% 1955/bootanimation: 0.3% user + 0.2% kernel
E/ActivityManager( 1992):   0.5% 1970/zygote: 0% user + 0.4% kernel / faults: 145 minor
E/ActivityManager( 1992):   0.4% 1521/logcat: 0.1% user + 0.2% kernel
E/ActivityManager( 1992):   0.1% 749/virtualkeypad: 0.1% user + 0% kernel
E/ActivityManager( 1992):   0.1% 776/mali/0: 0% user + 0.1% kernel
E/ActivityManager( 1992):   0% 7/events/0: 0% user + 0% kernel
E/ActivityManager( 1992):   0% 8/events/1: 0% user + 0% kernel
E/ActivityManager( 1992):   0% 718/jbd2/mmcblk5-8: 0% user + 0% kernel
E/ActivityManager( 1992):   0% 737/servicemanager: 0% user + 0% kernel
E/ActivityManager( 1992):   0% 956/usb-storage: 0% user + 0% kernel
E/ActivityManager( 1992):   0% 2092/com.android.systemui: 0% user + 0% kernel / faults: 1 minor
E/ActivityManager( 1992):   0% 2167/com.coship.sdp.sce.tvappstore: 0% user + 0% kernel
E/ActivityManager( 1992):   0% 2267/com.aidufei.cibn.uploadchecker: 0% user + 0% kernel / faults: 36 minor
E/ActivityManager( 1992):   0% 2286/com.android.phone: 0% user + 0% kernel / faults: 36 minor
E/ActivityManager( 1992):  +0% 2304/com.android.contacts: 0% user + 0% kernel
E/ActivityManager( 1992):  +0% 2321/android.process.acore: 0% user + 0% kernel
E/ActivityManager( 1992):  +0% 2337/com.coship.HS: 0% user + 0% kernel
E/ActivityManager( 1992): 19% TOTAL: 12% user + 5.3% kernel + 1.4% iowait + 0% softirq
E/ActivityManager( 1992): CPU usage from 774ms to 1345ms later:
E/ActivityManager( 1992):   112% 1992/system_server: 67% user + 44% kernel / faults: 805 minor
E/ActivityManager( 1992):     23% 2004/Binder Thread #: 14% user + 8.9% kernel
E/ActivityManager( 1992):     17% 2005/Binder Thread #: 10% user + 7.1% kernel
E/ActivityManager( 1992):     17% 2016/ActivityManager: 7.1% user + 10% kernel
E/ActivityManager( 1992):     17% 2058/DHCP Handler Th: 8.9% user + 8.9% kernel
E/ActivityManager( 1992):     12% 1992/system_server: 8.9% user + 3.5% kernel
E/ActivityManager( 1992):     12% 2247/Binder Thread #: 10% user + 1.7% kernel
E/ActivityManager( 1992):     10% 1999/Compiler: 7.1% user + 3.5% kernel
E/ActivityManager( 1992):   77% 2233/com.google.process.gapps: 63% user + 13% kernel / faults: 1129 minor 1 major
E/ActivityManager( 1992):     43% 2233/e.process.gapps: 35% user + 8.1% kernel
E/ActivityManager( 1992):     8.1% 2235/GC: 8.1% user + 0% kernel
E/ActivityManager( 1992):     6.7% 2240/Compiler: 5.4% user + 1.3% kernel
E/ActivityManager( 1992):     1.3% 2245/Binder Thread #: 1.3% user + 0% kernel
E/ActivityManager( 1992):    +0% 2400/AsyncTask #1: 0% user + 0% kernel
E/ActivityManager( 1992):    +0% 2402/Thread-53: 0% user + 0% kernel
E/ActivityManager( 1992):    +0% 2403/pool-1-thread-1: 0% user + 0% kernel
E/ActivityManager( 1992):   25% 2189/com.coship.easycontrolime: 17% user + 7.8% kernel / faults: 652 minor 1 major
E/ActivityManager( 1992):     11% 2189/.easycontrolime: 9.2% user + 2.6% kernel
E/ActivityManager( 1992):     6.5% 2196/Compiler: 2.6% user + 3.9% kernel
E/ActivityManager( 1992):     2.6% 2191/GC: 2.6% user + 0% kernel
E/ActivityManager( 1992):     1.3% 2220/Binder Thread #: 1.3% user + 0% kernel
E/ActivityManager( 1992):     1.3% 2221/Binder Thread #: 1.3% user + 0% kernel
E/ActivityManager( 1992):   25% 755/ld-linux.so.3: 10% user + 14% kernel
E/ActivityManager( 1992):     19% 1069/CECMonitor: 7.1% user + 12% kernel
E/ActivityManager( 1992):     1.7% 1010/755keypad Input: 0% user + 1.7% kernel
E/ActivityManager( 1992):     1.7% 1021/755Linux hotplu: 0% user + 1.7% kernel
E/ActivityManager( 1992):     1.7% 1025/CI Init Monitor: 1.7% user + 0% kernel
E/ActivityManager( 1992):     1.7% 1028/InitSSoundthrea: 0% user + 1.7% kernel
E/ActivityManager( 1992):   5.3% 1032/surfaceflinger: 5.3% user + 0% kernel / faults: 26 minor
E/ActivityManager( 1992):     5.3% 1037/SurfaceFlinger: 5.3% user + 0% kernel
E/ActivityManager( 1992):     1.7% 1032/surfaceflinger: 1.7% user + 0% kernel
E/ActivityManager( 1992):   5.3% 1970/zygote: 1.7% user + 3.5% kernel / faults: 47 minor
E/ActivityManager( 1992):     3.5% 1970/zygote: 1.7% user + 1.7% kernel
E/ActivityManager( 1992):    +0% 2409/ReferenceQueueD: 0% user + 0% kernel
E/ActivityManager( 1992):    +0% 2413/FinalizerDaemon: 0% user + 0% kernel
E/ActivityManager( 1992):    +0% 2414/FinalizerWatchd: 0% user + 0% kernel
E/ActivityManager( 1992):   1.7% 445/mmcqd: 0% user + 1.7% kernel
E/ActivityManager( 1992):   2.6% 2178/com.coship.cibn: 1.3% user + 1.3% kernel / faults: 18 minor
E/ActivityManager( 1992):     1.3% 2178/com.coship.cibn: 1.3% user + 0% kernel
E/ActivityManager( 1992):     1.3% 2185/Compiler: 0% user + 1.3% kernel
E/ActivityManager( 1992):   1% 1521/logcat: 1% user + 0% kernel
E/ActivityManager( 1992):   1.7% 1906/ksdioirqd/mmc1: 0% user + 1.7% kernel
E/ActivityManager( 1992):   1% 1955/bootanimation: 0% user + 1% kernel
E/ActivityManager( 1992):     1% 2003/BootAnimation: 0% user + 1% kernel
E/ActivityManager( 1992):     1% 2008/BootAnimation: 0% user + 1% kernel
E/ActivityManager( 1992):   1.7% 1956/mediaserver: 0% user + 1.7% kernel
E/ActivityManager( 1992):     1.7% 1990/AudioOut_1: 0% us
D/SettingGlobalReceiver==>( 2408): android.intent.action.BOOT_COMPLETED
D/dalvikvm( 1992): GC_FOR_ALLOC freed 401K, 55% free 3460K/7683K, paused 39ms
D/dalvikvm( 1992): GC_FOR_ALLOC freed 109K, 55% free 3612K/7875K, paused 36ms
D/dalvikvm( 1992): GC_FOR_ALLOC freed 238K, 55% free 3633K/8067K, paused 35ms
I/dalvikvm-heap( 1992): Grow heap (frag case) to 7.279MB for 135872-byte allocation
I/dalvikvm( 2381): threadid=12: recursive native library load attempt (/system/lib/libmedia_jni.so)
D/MtpDeviceJNI( 2381): register_android_mtp_MtpDevice
I/dalvikvm( 2381): threadid=12: recursive native library load attempt (/system/lib/libmedia_jni.so)
I/dalvikvm( 2381): threadid=12: recursive native library load attempt (/system/lib/libmedia_jni.so)
D/dalvikvm( 1992): GC_FOR_ALLOC freed 3K, 55% free 3762K/8259K, paused 38ms
W/InputManagerService( 1992): Window already focused, ignoring focus gain of: com.android.internal.view.IInputMethodClient$Stub$Proxy@416cddd0
I/CalendarProvider2( 2350): Sending notification intent: Intent { act=android.intent.action.PROVIDER_CHANGED dat=content://com.android.calendar }
W/ContentResolver( 2350): Failed to get type for: content://com.android.calendar (Unknown URL content://com.android.calendar)
I/ActivityManager( 1992): Start proc com.iflytek.vac for broadcast com.iflytek.vaf/com.iflytek.vocmd.Loader: pid=2421 uid=10030 gids={3003, 1015}
I/dalvikvm( 2421): Turning on JNI app bug workarounds for target SDK version 8...
D/TextLayoutCache( 1992): Using debug level: 0 - Debug Enabled: 0
D/dalvikvm( 1992): GC_FOR_ALLOC freed 993K, 61% free 3245K/8259K, paused 40ms
I/dalvikvm-heap( 1992): Grow heap (frag case) to 7.376MB for 635812-byte allocation
D/dalvikvm( 1992): GC_FOR_ALLOC freed 2K, 57% free 3863K/8899K, paused 32ms
D/dalvikvm( 1992): GC_CONCURRENT freed 0K, 57% free 3864K/8899K, paused 2ms+3ms
I/ActivityManager( 1992): Start proc com.coship.changetheaudiooutput for broadcast com.coship.changetheaudiooutput/.BootCompletedReceiver: pid=2434 uid=10034 gids={3002, 3001, 3004}
D/dalvikvm( 1970): GC_EXPLICIT freed 39K, 91% free 429K/4352K, paused 1ms+0ms
D/dalvikvm( 1970): GC_EXPLICIT freed <1K, 91% free 429K/4352K, paused 0ms+1ms
D/dalvikvm( 2421): GC_CONCURRENT freed 197K, 85% free 693K/4611K, paused 1ms+1ms
D/dalvikvm( 1970): GC_EXPLICIT freed <1K, 91% free 429K/4352K, paused 0ms+0ms
D/VAFCheck( 2421): =====>Init Thread 1
I/ActivityManager( 1992): Start proc com.iflytek.vaf.svc.rec for service com.iflytek.vaf/.svc.VAFSvc: pid=2446 uid=10030 gids={3003, 1015}
D/VAFCheck( 2421): <=====Init Thread 1
D/StartService( 2421): =====> onStart
D/StartService( 2421): <===== onStart
D/BootCompletedReceiver( 2434): [onReceive] changetheaudiooutput registerReceiver Action: android.intent.action.BOOT_COMPLETED
E/PhonePolicy( 2434): Could not preload class for phone policy: com.android.internal.policy.impl.PhoneWindow$ContextMenuCallback
I/dalvikvm( 2446): Turning on JNI app bug workarounds for target SDK version 8...
I/ActivityManager( 1992): Start proc com.coship.Multimedia for broadcast com.coship.Multimedia/.view.BootCompletedReceiver: pid=2460 uid=1000 gids={3003, 1015, 3002, 3001, 3004}
D/dalvikvm( 2434): GC_FOR_ALLOC freed 134K, 87% free 615K/4483K, paused 8ms
D/dalvikvm( 2434): GC_FOR_ALLOC freed 1K, 82% free 874K/4803K, paused 6ms
D/dalvikvm( 2434): GC_FOR_ALLOC freed 315K, 85% free 762K/4931K, paused 8ms
I/dalvikvm-heap( 2434): Grow heap (frag case) to 4.952MB for 635812-byte allocation
D/VAFSvc  ( 2446): onCreate Thread 1
D/dalvikvm( 2434): GC_CONCURRENT freed <1K, 76% free 1383K/5571K, paused 1ms+1ms
D/dalvikvm( 2434): GC_FOR_ALLOC freed 0K, 76% free 1383K/5571K, paused 13ms
I/dalvikvm-heap( 2434): Grow heap (frag case) to 5.220MB for 281896-byte allocation
I/bluedroid( 1992): bt_enable: ret: -1, errno: 110
D/dalvikvm( 2434): GC_FOR_ALLOC freed 0K, 72% free 1658K/5891K, paused 17ms
D/dalvikvm( 2446): GC_CONCURRENT freed 215K, 86% free 649K/4611K, paused 1ms+3ms
I/BootCompletedReceiver( 2460): [onReceive] Action??android.intent.action.BOOT_COMPLETED
D/VAFSvc  ( 2446): =====>Talker(com.iflytek.vaf.svc.VAFSvc@413e87b8)
D/BootCompletedReceiver( 2460): [onReceive] renderer was configed as autoboot,start backservice
D/Multimedia_BackService( 2460): BackService onStart called
D/Multimedia_BackService( 2460): device Name:SmartBoxtc
I/ActivityManager( 1992): Start proc com.coship.TestApp for broadcast com.coship.TestApp/.BootCompletedReceiver: pid=2475 uid=1000 gids={3003, 1015, 3002, 3001, 3004}
V/AudioOutputServer( 2434): +++++onCreate+++++
D/dalvikvm( 2460): GC_CONCURRENT freed 175K, 84% free 761K/4611K, paused 1ms+1ms
D/RemotePcmRecorder( 2446): mRunBind in
D/MSCRecognizer( 2446): getMSCRecognizer
D/MSCRecognizer( 2446): MSCRecognizer
I/ActivityManager( 1992): Start proc com.iflytek.xiri.recorder.svc for service com.iflytek.xiri.recorder.svc/.PCMRecorderSvc: pid=2486 uid=10031 gids={3003, 1015}
D/dalvikvm( 2446): No JNI_OnLoad found in /system/lib/libvitvmsc.so 0x413dd5e8, skipping init
D/MSCRecognizer( 2446): false false
I/ActivityManager( 1992): Start proc com.iflytek.speech for service com.iflytek.speech/.SpeechService: pid=2498 uid=10025 gids={1015, 3003, 1007}
V/audio_hw_primary( 1956): out_get_latency ret 10ms
V/audio_hw_primary( 1956): out_get_latency ret 10ms
V/audio_hw_primary( 1956): out_get_latency ret 10ms
D/AudioPlay3( 2446): AudioPlay3()1
D/RemoteClientMonitor( 2446): create server
D/RemoteClientMonitor( 2446): server go to get socket
D/VAFSvc  ( 2446): onBind Thread 1
D/VAFCheck( 2421): =====>onServiceConnected Thread 1
D/VAFCheck( 2421): <=====onServiceConnected
D/Talker  ( 2446): onServiceConnected vac.Manager
I/dalvikvm( 2475): Turning on JNI app bug workarounds for target SDK version 8...
D/dalvikvm( 2421): GC_CONCURRENT freed 208K, 81% free 940K/4867K, paused 1ms+5ms
I/dalvikvm( 2498): Turning on JNI app bug workarounds for target SDK version 8...
D/dalvikvm( 2460): GC_CONCURRENT freed 260K, 81% free 961K/4931K, paused 1ms+4ms
I/TestApp_BootCompleted_Receiver( 2475): [onReceive] Action??android.intent.action.BOOT_COMPLETED
I/TestApp_BootCompleted_Receiver( 2475): [onReceive] Intent.ACTION_BOOT_COMPLETED??android.intent.action.BOOT_COMPLETED
I/Tools   ( 2475): SystemPropertiesClass:class android.os.SystemProperties
W/Tools   ( 2475): ~~~~~~~~~~~~~~~~~~~~~~method:public static java.lang.String android.os.SystemProperties.get(java.lang.String,java.lang.String)
W/Tools   ( 2475): ~~~~~~~~~~~~~~~~~~~~~~returnvalue:n
V/TestApp_BootCompleted_Receiver( 2475): ++++ ll ++++ getProperties ++++n
I/BootReceiver( 2200): AutoStartReceiver_onReceive
D/NetFirmwareService( 2200): onCreate
V/NetFirmwareService( 2200): Service is create!
V/NetFirmwareService( 2200): onStartCommand
V/NetFirmwareService( 2200): intent--->Intent { flg=0x10000000 cmp=com.coship.netfirmware/.NetFirmwareService }
V/NetFirmwareService( 2200): Network is unconnected!
V/NetFirmwareService( 2200): checkUpdateNum--->1
D/dalvikvm( 2486): GC_FOR_ALLOC freed 100K, 87% free 594K/4419K, paused 18ms
I/ActivityManager( 1992): Start proc com.coship.startwizard for broadcast com.coship.startwizard/.service.BootBroadcastReceiver: pid=2522 uid=1000 gids={3003, 1015, 3002, 3001, 3004}
I/dalvikvm-heap( 2486): Grow heap (frag case) to 5.180MB for 1048592-byte allocation
D/SpeechServiceUtil( 2446): SpeechServiceUtil | onServiceConnected
D/SpeechService( 2498): SpeechService | initService
D/SpeechService( 2498): SpeechService | initService msg sended
D/dalvikvm( 2486): GC_FOR_ALLOC freed 0K, 71% free 1618K/5507K, paused 9ms
D/PCMRecorderServiceStub( 2486): onCreate --------->1167697653381
D/dalvikvm( 2486): GC_CONCURRENT freed 1K, 71% free 1629K/5507K, paused 1ms+1ms
D/PCMRecorderServiceStub( 2486): onCreate <---------1167697653387
D/PCMRecorderServiceStub( 2486): PCMRecorder onBind
D/RemotePcmRecorder( 2446): onServiceConnected
D/dalvikvm( 2460): GC_CONCURRENT freed 199K, 77% free 1207K/5123K, paused 1ms+1ms
I/GuideApp( 2522): SystemPropertiesClass:class android.os.SystemProperties
W/GuideApp( 2522): ~~~~~~~~~~~~~~~~~~~~~~method:public static java.lang.String android.os.SystemProperties.get(java.lang.String,java.lang.String)
W/GuideApp( 2522): ~~~~~~~~~~~~~~~~~~~~~~returnvalue:n
D/BootBroadcastReceiver( 2522): n
I/ActivityManager( 1992): Start proc com.coship.stpservice for broadcast com.coship.stpservice/.StpReceiver: pid=2540 uid=1000 gids={3003, 1015, 3002, 3001, 3004}
I/StpReceiver( 2540): onReceive
I/StpReceiver( 2540): Intent is ACTION_BOOT_COMPLETED
I/StpService( 2540): onCreate
I/StpService( 2540): register stp_boardcast
D/dalvikvm( 2556): Not late-enabling CheckJNI (already on)
I/StpService( 2540): register stp_net_boardcast
I/ActivityManager( 1992): Start proc com.aidufei.movieonline for broadcast com.aidufei.movieonline/com.aidufei.otoService.BootReceiver: pid=2556 uid=10037 gids={3003, 1015}
D/dalvikvm( 2540): No JNI_OnLoad found in /system/lib/libcs_BootLoader.so 0x413dce58, skipping init
I/StpNative( 2540): Stp JNI_OnLoad
I//lib/ld-linux.so.3(  748): Flash is detected (0x0914, 0x1C, 0x70, 0x15)
D/dalvikvm( 2267): GC_CONCURRENT freed 209K, 86% free 647K/4547K, paused 1ms+1ms
D/FeiApplication( 2556): read server address from SharedPreferences.
D/MMCP    ( 2540): <udi2_flash> SPI INFO gCurSPIFlashSize = 0x200000,gCurSPISectorSize = 0x10000
D/MMCP    ( 2540): <udi2_flash> 
D/MMCP    ( 2540):  FlashSize = 0xe5e00000, FlashPartitionCount = 26, FlashStartaddres = 0x200000.
D/MMCP    ( 2540): <udi2_flash> Partition[0] from 0x200000 to 0x200000, length 0x0.
D/MMCP    ( 2540): <udi2_flash> Partition[1] from 0x200000 to 0x280000, length 0x80000.
D/MMCP    ( 2540): <udi2_flash> Partition[2] from 0x280000 to 0xc80000, length 0xa00000.
D/MMCP    ( 2540): <udi2_flash> Partition[3] from 0xc80000 to 0x1080000, length 0x400000.
D/MMCP    ( 2540): <udi2_flash> Partition[4] from 0x1080000 to 0x17480000, length 0x16400000.
D/MMCP    ( 2540): <udi2_flash> Partition[5] from 0x17480000 to 0x4c080000, length 0x34c00000.
D/MMCP    ( 2540): <udi2_flash> Partition[6] from 0x4c080000 to 0x5ec80000, length 0x12c00000.
D/MMCP    ( 2540): <udi2_flash> Partition[7] from 0x5ec80000 to 0x62880000, length 0x3c00000.
D/MMCP    ( 2540): <udi2_flash> Partition[8] from 0x62880000 to 0x63880000, length 0x1000000.
D/MMCP    ( 2540): <udi2_flash> Partition[9] from 0x63880000 to 0x64080000, length 0x800000.
D/MMCP    ( 2540): <udi2_flash> Partition[10] from 0x64080000 to 0x74080000, length 0x10000000.
D/MMCP    ( 2540): <udi2_flash> Partition[11] from 0x74080000 to 0x740a0000, length 0x20000.
D/MMCP    ( 2540): <udi2_flash> Partition[12] from 0x740a0000 to 0x740c0000, length 0x20000.
D/MMCP    ( 2540): <udi2_flash> Partition[13] from 0x740c0000 to 0x740e0000, length 0x20000.
D/MMCP    ( 2540): <udi2_flash> Partition[14] from 0x740e0000 to 0x74100000, length 0x20000.
D/MMCP    ( 2540): <udi2_flash> Partition[15] from 0x74100000 to 0x74120000, length 0x20000.
D/MMCP    ( 2540): <udi2_flash> Partition[16] from 0x74120000 to 0x74140000, length 0x20000.
D/MMCP    ( 2540): <udi2_flash> Partition[17] from 0x74140000 to 0x74160000, length 0x20000.
D/MMCP    ( 2540): <udi2_flash> Partition[18] from 0x74160000 to 0x74180000, length 0x20000.
D/MMCP    ( 2540): <udi2_flash> Partition[19] from 0x74180000 to 0x741a0000, length 0x20000.
D/MMCP    ( 2540): <udi2_flash> Partition[20] from 0x741a0000 to 0x74320000, length 0x180000.
D/MMCP    ( 2540): <udi2_flash> Partition[21] from 0x74320000 to 0x74d20000, length 0xa00000.
D/MMCP    ( 2540): <udi2_flash> Partition[22] from 0x74d20000 to 0x74f20000, length 0x200000.
D/MMCP    ( 2540): <udi2_flash> Partition[23] from 0x74f20000 to 0x750a0000, length 0x180000.
D/MMCP    ( 2540): <udi2_flash> Partition[24] from 0x750a0000 to 0x950a0000, length 0x20000000.
D/MMCP    ( 2540): <udi2_flash> Partition[25] from 0x950a0000 to 0xe6000000, length 0x50f60000.
D/MMCP    ( 2540): <udi2_flash> 
D/MMCP    ( 2540):  FlashSize = 0xcbc00000, FlashPartitionCount = 26, FlashStartaddres = 0x200000.
I//lib/ld-linux.so.3(  748): MDrv_SERFLASH_GetInfo()
I//lib/ld-linux.so.3(  748):    u32AccessWidth = 1
I//lib/ld-linux.so.3(  748):    u32TotalSize   = 2097152
I//lib/ld-linux.so.3(  748):    u32SecNum      = 32
I//lib/ld-linux.so.3(  748):    u32SecSize     = 65536
D/MMCP    ( 2540): <udi2_flash> Partition[0] from 0x200000 to 0x200000, length 0x0.
D/MMCP    ( 2540): <udi2_flash> Partition[1] from 0x200000 to 0x280000, length 0x80000.
D/MMCP    ( 2540): <udi2_flash> Partition[2] from 0x280000 to 0xc80000, length 0xa00000.
D/MMCP    ( 2540): <udi2_flash> Partition[3] from 0xc80000 to 0x1080000, length 0x400000.
D/MMCP    ( 2540): <udi2_flash> Partition[4] from 0x1080000 to 0x17480000, length 0x16400000.
D/MMCP    ( 2540): <udi2_flash> Partition[5] from 0x17480000 to 0x4c080000, length 0x34c00000.
D/MMCP    ( 2540): <udi2_flash> Partition[6] from 0x4c080000 to 0x5ec80000, length 0x12c00000.
D/MMCP    ( 2540): <udi2_flash> Partition[7] from 0x5ec80000 to 0x62880000, length 0x3c00000.
D/MMCP    ( 2540): <udi2_flash> Partition[8] from 0x62880000 to 0x63880000, length 0x1000000.
D/MMCP    ( 2540): <udi2_flash> Partition[9] from 0x63880000 to 0x64080000, length 0x800000.
D/MMCP    ( 2540): <udi2_flash> Partition[10] from 0x64080000 to 0x74080000, length 0x10000000.
D/MMCP    ( 2540): <udi2_flash> Partition[11] from 0x74080000 to 0x740a0000, length 0x20000.
D/MMCP    ( 2540): <udi2_flash> Partition[12] from 0x740a0000 to 0x740c0000, length 0x20000.
D/MMCP    ( 2540): <udi2_flash> Partition[13] from 0x740c0000 to 0x740e0000, length 0x20000.
D/MMCP    ( 2540): <udi2_flash> Partition[14] from 0x740e0000 to 0x74100000, length 0x20000.
D/MMCP    ( 2540): <udi2_flash> Partition[15] from 0x74100000 to 0x74120000, length 0x20000.
D/MMCP    ( 2540): <udi2_flash> Partition[16] from 0x74120000 to 0x74140000, length 0x20000.
D/MMCP    ( 2540): <udi2_flash> Partition[17] from 0x74140000 to 0x74160000, length 0x20000.
D/MMCP    ( 2540): <udi2_flash> Partition[18] from 0x74160000 to 0x74180000, length 0x20000.
D/MMCP    ( 2540): <udi2_flash> Partition[19] from 0x74180000 to 0x741a0000, length 0x20000.
D/MMCP    ( 2540): <udi2_flash> Partition[20] from 0x741a0000 to 0x74320000, length 0x180000.
D/MMCP    ( 2540): <udi2_flash> Partition[21] from 0x74320000 to 0x74d20000, length 0xa00000.
D/MMCP    ( 2540): <udi2_flash> Partition[22] from 0x74d20000 to 0x74f20000, length 0x200000.
D/MMCP    ( 2540): <udi2_flash> Partition[23] from 0x74f20000 to 0x750a0000, length 0x180000.
D/MMCP    ( 2540): <udi2_flash> Partition[24] from 0x750a0000 to 0x950a0000, length 0x20000000.
D/MMCP    ( 2540): <udi2_flash> Partition[25] from 0x950a0000 to 0xe6000000, length 0x50f60000.
D/MMCP    ( 2540): <udi2_flash> psFlashSuit->m_uSize = 0xcbe00000, psFlashSuit->m_uBlockCount = 0xffffcbe0.
I/appdemo ( 2540): [UDIOpEmmc]:500 ----->pucBuf = 0x5a532d84, s_bPartitionInit = 1 
I/appdemo ( 2540): [UDIOpEmmc]:505 ----->
I/appdemo ( 2540): [UDIOpEmmc]:513 ----->
I/appdemo ( 2540): [UDIOpEmmc]:557 ----->dwStartAddress+dwRWOverTotellen = 0x74080000
I/appdemo ( 2540): [UDIOpEmmc]:559 ----->dwStartAddress = 0x74080000 ,dwParNum = 11,dwParOffset = 0x0
I/appdemo ( 2540): EMMC VOLUME(11) LEB SIZE=256
I/appdemo ( 2540): 
I/appdemo ( 2540): emmc_infor.section_num : 256
I/appdemo ( 2540): emmc_infor.section_size : 512
I/appdemo ( 2540): total size : 131072
I/appdemo ( 2540): MMCP[EmmcOpBlock]:400 Open dev(11)!!
D/com.aidufei.movieonline.FeiApplication$onCreate 行:47
        ( 2556):  == 启动捕获未知异常监听，并记录日志 == 
I/appdemo ( 2540): MMCP[EmmcOpBlock]:440 nRet = 0 !!
I/appdemo ( 2540): [UDIOpEmmc]:600 ----->nRet = 0 
D/MMCP    ( 2540): <BootLoader> [SysInfo]bl_loaderpt_pos.dwAddr = 0x74100000 
I/appdemo ( 2540): [UDIOpEmmc]:500 ----->pucBuf = 0x5a532d84, s_bPartitionInit = 1 
I/appdemo ( 2540): [UDIOpEmmc]:505 ----->
I/appdemo ( 2540): [UDIOpEmmc]:513 ----->
I/appdemo ( 2540): [UDIOpEmmc]:557 ----->dwStartAddress+dwRWOverTotellen = 0x740e0000
I/appdemo ( 2540): [UDIOpEmmc]:559 ----->dwStartAddress = 0x740e0000 ,dwParNum = 14,dwParOffset = 0x0
I/appdemo ( 2540): EMMC VOLUME(14) LEB SIZE=256
I/appdemo ( 2540): 
I/appdemo ( 2540): emmc_infor.section_num : 256
I/appdemo ( 2540): emmc_infor.section_size : 512
I/appdemo ( 2540): total size : 131072
I/appdemo ( 2540): MMCP[EmmcOpBlock]:400 Open dev(14)!!
I/appdemo ( 2540): MMCP[EmmcOpBlock]:440 nRet = 0 !!
I/appdemo ( 2540): [UDIOpEmmc]:600 ----->nRet = 0 
I/appdemo ( 2540): [UDIOpEmmc]:500 ----->pucBuf = 0xbec7f494, s_bPartitionInit = 1 
I/appdemo ( 2540): [UDIOpEmmc]:505 ----->
I/appdemo ( 2540): [UDIOpEmmc]:513 ----->
I/appdemo ( 2540): [UDIOpEmmc]:600 ----->nRet = 0 
E/StpNative( 2540): android_stp_StpNative_stpInit: CSBLGetCoshipDataInfo: 0!
I/StpService( 2540): hwv:00210200001
I/StpService( 2540): swv:21130200001
I/StpService( 2540): HardwareVersion:002102
I/StpService( 2540): SoftwareVersion:211302
I/StpService( 2540): ScreenSize:00001
I/StpService( 2540): RegionCode:00001
I/StpService( 2540): SerialNum:51345678941204356
I/StpService( 2540): Mac:null
I/StpService( 2540): onStart = 1
D/com.aidufei.movieonline.FeiApplication$2$run 行:56
        ( 2556): 清除过期的日志文件
D/dalvikvm( 2556): GC_CONCURRENT freed 176K, 85% free 709K/4611K, paused 1ms+1ms
I/dalvikvm( 2556): threadid=1: recursive native library load attempt (/system/lib/libmedia_jni.so)
D/MtpDeviceJNI( 2556): register_android_mtp_MtpDevice
I/dalvikvm( 2556): threadid=1: recursive native library load attempt (/system/lib/libmedia_jni.so)
I/dalvikvm( 2556): threadid=1: recursive native library load attempt (/system/lib/libmedia_jni.so)
V/audio_hw_primary( 1956): out_get_latency ret 10ms
E/AC3Extractor( 1956): Rsyn Fail
W/ASFExtractor( 1956): GUID: 75b22630-8e66-cf11-a6d900aa0062ce6c
W/ASFExtractor( 1956): ASF Object: 75b22630-8e66-cf11-a6d900aa0062ce6c, 4927 bytes
W/ASFExtractor( 1956): GUID: 8cabdca1-47a9-cf11-8ee400c00c205365
W/ASFExtractor( 1956): ASF Object: 8cabdca1-47a9-cf11-8ee400c00c205365, 104 bytes
W/ASFExtractor( 1956): GUID: 96b3b148-c8a6-6e4f-89dc80eb8c83801c
W/ASFExtractor( 1956): filesize: 0x0.0x2d0511
W/ASFExtractor( 1956): 
W/ASFExtractor( 1956): creation date: 0x1c7ceac.0x87320ed0
W/ASFExtractor( 1956): 
W/ASFExtractor( 1956): packet count: 0x0.0x290
W/ASFExtractor( 1956): 
W/ASFExtractor( 1956): play duration: 0x0.0x920a7980
W/ASFExtractor( 1956): 
W/ASFExtractor( 1956): send duration: 0x0.0x91413610
W/ASFExtractor( 1956): 
W/ASFExtractor( 1956): preroll: 0x0.0x62b
W/ASFExtractor( 1956): 
W/ASFExtractor( 1956): broadcast: 0, seekable: 0
W/ASFExtractor( 1956): packet size: 4490
W/ASFExtractor( 1956): max packet size: 4490
W/ASFExtractor( 1956): max bitrate: 96647
W/ASFExtractor( 1956): GUID: 5fbf03b5-2ea9-cf11-8ee300c00c205365
W/ASFExtractor( 1956): ASF Object: 5fbf03b5-2ea9-cf11-8ee300c00c205365, 4307 bytes
W/ASFExtractor( 1956): GUID: abd3d211-baa9-cf11-8ee600c00c205365
W/ASFExtractor( 1956): reserved2 6
W/ASFExtractor( 1956): data len 4261
W/ASFExtractor( 1956): GUID: 7c4346a9-e0ef-fc4b-b229393ede415c85
W/ASFExtractor( 1956): ASF Object: 7c4346a9-e0ef-fc4b-b229393ede415c85, 39 bytes
W/ASFExtractor( 1956): GUID: 26f18b5d-8445-ec47-9f5f0e651f0452c9
W/ASFExtractor( 1956): Unknown ASF Object: 26f18b5d-8445-ec47-9f5f0e651f0452c9, 26 bytes
W/ASFExtractor( 1956): ASF Object: 26f18b5d-8445-ec47-9f5f0e651f0452c9, 26 bytes
W/ASFExtractor( 1956): GUID: c5f8cbea-af5b-7748-8467aa8c44fa4cca
W/ASFExtractor( 1956): ASF Object: c5f8cbea-af5b-7748-8467aa8c44fa4cca, 122 bytes
W/ASFExtractor( 1956): WMA pro number 2
W/ASFExtractor( 1956): WMA DRCStreamTempID 1
W/ASFExtractor( 1956): field name len 12
W/ASFExtractor( 1956): field len 2
W/ASFExtractor( 1956): WMA DRCStreamTempID 1
W/ASFExtractor( 1956): field name len 52
W/ASFExtractor( 1956): field len 6
W/ASFExtractor( 1956): GUID: 1806d474-dfca-0945-a4ba9aabcb96aae8
W/ASFExtractor( 1956): ASF Object: 1806d474-dfca-0945-a4ba9aabcb96aae8, 3952 bytes
W/ASFExtractor( 1956): GUID: 14e6a5cb-72c6-3243-8399a96952065b5a
W/ASFExtractor( 1956): ASF Object: 14e6a5cb-72c6-3243-8399a96952065b5a, 88 bytes
W/ASFExtractor( 1956): start time: 0.0
W/ASFExtractor( 1956): end time: 0.0
W/ASFExtractor( 1956): data bitrate 96024
W/ASFExtractor( 1956): buffer size 1579
W/ASFExtractor( 1956): init buf fullness 0
W/ASFExtractor( 1956): data bitrate 96024
W/ASFExtractor( 1956): buffer size2 1579
W/ASFExtractor( 1956): init buf fullness2 0
W/ASFExtractor( 1956): max obj size 4459
W/ASFExtractor( 1956): flag 2
W/ASFExtractor( 1956): stream number 1
W/ASFExtractor( 1956): language index 0
W/ASFExtractor( 1956): Avg time per frame 3684740
W/ASFExtractor( 1956): stream name count 0
W/ASFExtractor( 1956): number payload ext 0
W/ASFExtractor( 1956): GUID: d9aade20-177c-9c4f-bc288555dd98e2a2
W/ASFExtractor( 1956): Unknown ASF Object: d9aade20-177c-9c4f-bc288555dd98e2a2, 34 bytes
W/ASFExtractor( 1956): ASF Object: d9aade20-177c-9c4f-bc288555dd98e2a2, 34 bytes
W/ASFExtractor( 1956): GUID: d2d0a440-07e3-d211-97f000a0c95ea850
W/ASFExtractor( 1956): ASF Object: d2d0a440-07e3-d211-97f000a0c95ea850, 166 bytes
W/ASFExtractor( 1956): GUID: 86d15240-1d31-d011-a3a400a0c90348f6
W/ASFExtractor( 1956): ASF Object: 86d15240-1d31-d011-a3a400a0c90348f6, 174 bytes
W/ASFExtractor( 1956): GUID: b7dc0791-b7a9-cf11-8ee600c00c205365
W/ASFExtractor( 1956): ASF Object: b7dc0791-b7a9-cf11-8ee600c00c205365, 114 bytes
W/ASFExtractor( 1956): flag: 1
W/ASFExtractor( 1956): GUID: f8699e40-4d5b-cf11-a8fd00805f5c442b
W/ASFExtractor( 1956): format tag: 0x161
W/ASFExtractor( 1956): channel: 2
W/ASFExtractor( 1956): sample per second: 44100
W/ASFExtractor( 1956): Average bytes per second: 12003
W/ASFExtractor( 1956): block align: 4459
W/ASFExtractor( 1956): bits per sample: 16
W/ASFExtractor( 1956): extra data size: 10
W/ASFExtractor( 1956): sample per block: 34816
W/ASFExtractor( 1956): encode opt: 15
W/ASFExtractor( 1956): GUID: 7bf875ce-8d46-d111-8d82006097c9a2b2
W/ASFExtractor( 1956): ASF Object: 7bf875ce-8d46-d111-8d82006097c9a2b2, 32 bytes
W/ASFExtractor( 1956): GUID: 75b22636-8e66-cf11-a6d900aa0062ce6c
W/ASFExtractor( 1956): ASF Object: 75b22636-8e66-cf11-a6d900aa0062ce6c, 2945490 bytes
W/ASFExtractor( 1956): GUID: 96b3b148-c8a6-6e4f-89dc80eb8c83801c
W/ASFExtractor( 1956): add audio codec id: 0x161
D/MediaPlayerService( 1956): countTracks = 1
D/MediaPlayerService( 1956): mime = audio/x-ms-wma
D/MediaPlayerService( 1956): videoCnt = 0, audioCnt = 1
D/MediaPlayerService( 1956):  Create MstarPlayer
D/MstarPlayer( 1956): Create MstarPlayer:0x3e458,Version:Release Mstar player lib Version:0015,Base CL:690305  Date:2012/11/06
D/MstarPlayer( 1956): TV Local Time :  Tue Jan  2 08:27:34 2007
D/MstarPlayer( 1956):  
D/MstarPlayer( 1956): setInstance: 0x3e458
D/MstarPlayer( 1956): mstar player set listener
D/MstarPlayer( 1956): MstarPlayer::initCheck
D/MstarPlayer( 1956): MstarPlayer::setDataSource(25, 2067668, 2950417)
D/MstarPlayer( 1956): MstarPlayer::clearAllSource
D/FileContentSource( 1956): file path /system/app/movieonline.apk
D/FileContentSource( 1956): file content initcheck
D/MstarPlayer( 1956): MstarPlayer::createSubtitleSource
D/MstarPlayer( 1956): file path1 /system/app/movieonline.apk
D/FileContentSource( 1956): file path /system/app/movieonline.apk
D/FileContentSource( 1956): file content source addr 0x3ebb8,file handle 0x414ea380
D/FileContentSource( 1956): file content initcheck
D/MstarPlayer( 1956): MstarPlayer::createAttachmentSource
D/MstarPlayer( 1956): file path2 /system/app/movieonline.apk
D/FileContentSource( 1956): file path /system/app/movieonline.apk
D/FileContentSource( 1956): file content source addr 0x3ec30,file handle 0x414ea3d8
D/FileContentSource( 1956): file content initcheck
D/MstarPlayer( 1956): MstarPlayer::createAudioSource
D/MstarPlayer( 1956): file path2 /system/app/movieonline.apk
D/FileContentSource( 1956): file path /system/app/movieonline.apk
D/FileContentSource( 1956): file content source addr 0x3eca8,file handle 0x414ea430
D/FileContentSource( 1956): file content initcheck
D/MediaPlayerService( 1956): [3] setVideoSurfaceTexture(0x0)
D/MstarPlayer( 1956): MstarPlayer::prepareAsync
D/MstarPlayer( 1956): MstarPlayer::doPrepare
D/FileContentSource( 1956): file content seekat,offset=0
D/FileContentSource( 1956): file content seekat,offset=0
D/FileContentSource( 1956): file content seekat,offset=0
D/MstarPlayer( 1956): create MSrv_MM_PlayerInterface
D/MstarPlayer( 1956): ===> GET source FILE Size 2950417 
D/MstarPlayer( 1956): play content is audio
D/MMPlayer( 1956): constructor: 0x3ede8
D/MMPlayer( 1956): 
D/MMPlayer( 1956): connect
D/MMPlayer( 1956): 
D/MMPlayer( 1956): getMMPlayerService
D/IMMPlayerService( 1956): Send CONNECT
D/MMPlayer( 1956): bitstream buffer: mmapInfo->u32Addr=16d40000
D/MMPlayer( 1956): bitstream buffer ex: mmapInfo->u32Addr=16940000
D/MMPlayer( 1956): subtitle bitstream buffer: mmapInfo->u32Addr=16740000
D/MMPlayer( 1956): subtitle buffer: mmapInfo->u32Addr=17140000
D/IMMPlayer( 1956): Send INITIALIZE
I//lib/ld-linux.so.3(  748): V/MMPlayerService( 755 755): MMPlayerService::connect(callingPid 1956, client 0x2a0cb008)
I//lib/ld-linux.so.3(  748): V/MMPlayerService( 755 755): MMPlayerService::Client constructor(callingPid 1956)
I//lib/ld-linux.so.3(  748): MMPlayerService::Client::MM_Initialize()
I//lib/ld-linux.so.3(  748): MSrv_MM_PhotoPlayer::Initialize().
I//lib/ld-linux.so.3(  748): mapi_cpcodec::Initialize(). eDecoderPath:2
I//lib/ld-linux.so.3(  748): Thread name: mapi_cpcodec.
I//lib/ld-linux.so.3(  748): MIU interval 0x60000000.
I//lib/ld-linux.so.3(  748): E_MMAP_ID_XC_MAIN_FB PA: 0x17bc1000, VA: 0x457c2000, size: 0x1800000, IsMIU0: 1.
I//lib/ld-linux.so.3(  748): E_MMAP_ID_PHOTO_SHAREMEM PA: 0x167bc000, VA: 0x443bd000, size: 0x400, IsMIU0: 1.
I//lib/ld-linux.so.3(  748): E_MMAP_ID_JPD_READ PA: 0x167bc400, VA: 0x443bd400, size: 0x50080, IsMIU0: 1.
I//lib/ld-linux.so.3(  748): E_MMAP_ID_JPD_WRITE PA: 0x1680c480, VA: 0x4440d480, size: 0x3fc000, IsMIU0: 1.
I//lib/ld-linux.so.3(  748): E_MMAP_ID_PHOTO_DISPLAY PA: 0x163c0000, VA: 0x43fc1000, size: 0x3fc000, IsMIU0: 1.
I//lib/ld-linux.so.3(  748): E_MMAP_ID_PHOTO_INTER PA: 0x16c08480, VA: 0x44809480, size: 0x630000, IsMIU0: 1.
I//lib/ld-linux.so.3(  748): E_MMAP_ID_PHOTO_MPO_INTER PA: 0x17238480, VA: 0x44e39480, size: 0x3fc000, IsMIU0: 1.
I//lib/ld-linux.so.3(  748): E_MMAP_ID_VDPLAYER_DATA PA: 0x163c0000, VA: 0x43fc1000, size: 0x1000, IsMIU0: 1.
I//lib/ld-linux.so.3(  748): E_MMAP_ID_VDPLAYER_BITSTREAM PA: 0x16d40000, VA: 0x44941000, size: 0x400000, IsMIU0: 1.
I//lib/ld-linux.so.3(  748): E_MMAP_ID_VDPLAYER_BITSTREAM_EXT PA: 0x16940000, VA: 0x44541000, size: 0x400000, IsMIU0: 1.
I//lib/ld-linux.so.3(  748): E_MMAP_ID_SUBTITLE PA: 0x16740000, VA: 0x44341000, size: 0x1e0000, IsMIU0: 1.
I//lib/ld-linux.so.3(  748): E_MMAP_ID_MAD_DEC PA: 0x15c40000, VA: 0x43841000, size: 0x280000, IsMIU0: 1.
I//lib/ld-linux.so.3(  748): E_MMAP_ID_VDEC_CPU PA: 0x1b800000, VA: 0x49401000, size: 0x200000, IsMIU0: 1.
I//lib/ld-linux.so.3(  748): E_MMAP_ID_VDEC_FRAMEBUFFER PA: 0x1ba00000, VA: 0x49601000, size: 0x1b00000, IsMIU0: 1.
I//lib/ld-linux.so.3(  748): E_MMAP_ID_VDEC_FRAMEBUFFERSD PA: 0x1ba00000, VA: 0x49601000, size: 0x1b00000, IsMIU0: 1.
I//lib/ld-linux.so.3(  748): E_MMAP_ID_VDEC_BITSTREAM PA: 0x1d500000, VA: 0x4b101000, size: 0x800000, IsMIU0: 1.
I//lib/ld-linux.so.3(  748): E_MMAP_ID_VDEC_MVC_FRAMEBUFFER PA: 0x1ba00000, VA: 0x49601000, size: 0x2b00000, IsMIU0: 1.
I//lib/ld-linux.so.3(  748): E_MMAP_ID_VDEC_MVC_BITSTREAM PA: 0x1e500000, VA: 0x4c101000, size: 0x1600000, IsMIU0: 1.
I//lib/ld-linux.so.3(  748): E_MMAP_ID_DMX_SECBUF PA: 0xd0000, VA: 0x411d1000, size: 0x70000, IsMIU0: 1.
I//lib/ld-linux.so.3(  748): ???????? Important,The MMAP ID(110) does not existed!, please check it...
I//lib/ld-linux.so.3(  748): ???????? Please update the right system configure...
I//lib/ld-linux.so.3(  748): ???????? Important,The MMAP ID(111) does not existed!, please check it...
I//lib/ld-linux.so.3(  748): ???????? Please update the right system configure...
I//lib/ld-linux.so.3(  748): Panel width: 1280, heigt: 720.
I//lib/ld-linux.so.3(  748): MPO SBS width: 1792, heigt: 504.
I//lib/ld-linux.so.3(  748): Output Buffer start: 0x4440d480, BUS address start: 0x5680c480, size: 0x3fc000.
I//lib/ld-linux.so.3(  748): Display Buffer start: 0x43fc1000, BUS address start: 0x563c0000, size: 0x3fc000.
I//lib/ld-linux.so.3(  748): Internal Buffer start: 0x44809480, BUS address start: 0x56c08480, size: 0x630000.
I//lib/ld-linux.so.3(  748): MPO Internal Buffer start: 0x44e39480, BUS address start: 0x57238480, size: 0x3fc000.
I//lib/ld-linux.so.3(  748): MSrv_MM_PhotoPlayer::Initialize() Done.
I//lib/ld-linux.so.3(  748): >>> MSrv_MM_VideoPlayer  Initialize 
I//lib/ld-linux.so.3(  748): mapi_cpcodec::Initialize(). eDecoderPath:2
I//lib/ld-linux.so.3(  748): ******Amplifier_TI5707_SWMute(0)
I//lib/ld-linux.so.3(  748): 5707write fail = 7
I//lib/ld-linux.so.3(  748): 5707write fail = 7
I//lib/ld-linux.so.3(  748): 5707write fail = 7
I//lib/ld-linux.so.3(  748): 5707write fail = 7
D/IMMPlayer( 1956): Get ret:0
D/IMMPlayer( 1956): Send PLAYER_COMMAND_ADD_EVENT_RECIPIENT_FPTR
D/IMMPlayer( 1956): Get ret:1
D/IMMPlayer( 1956): Send MM_SetPlayerTimeOutValue
D/IMMPlayer( 1956): pTimeOutInfo->u32FileIOTimeOut:0
D/IMMPlayer( 1956): pTimeOutInfo->u32FileReadTimeOut:0
D/IMMPlayer( 1956): pTimeOutInfo->u32FileSeekTimeOut:0
D/IMMPlayer( 1956): pTimeOutInfo->u32DecodeCtrlTimeOut:0
D/IMMPlayer( 1956): pTimeOutInfo->u32ESBuffCtrlTimeOut:0
D/IMMPlayer( 1956): Get ret:0
D/IMMPlayer( 1956): Send MM_CreateAudioSHM
D/IMMPlayer( 1956): stMedia.u32FileID:1095672616
D/IMMPlayer( 1956): stMedia.u32FileSecondID:0
D/IMMPlayer( 1956): stMedia.u32FileThirdID:0
D/IMMPlayer( 1956): stMedia.u32FileFourthID:0
D/IMMPlayer( 1956): stMedia.u64FileLength:2950417
D/IMMPlayer( 1956): stMedia.eMediaType:1
D/IMMPlayer( 1956): stMedia.eMediaFileType:1
D/IMMPlayer( 1956): stMedia.eMediaCreateMode:0
D/IMMPlayer( 1956): stMedia.u32CtlFlag:2
D/IMMPlayer( 1956): Get ret:0
D/IMMPlayer( 1956): Send MM_CreateMediaItem
D/IMMPlayer( 1956): stMedia.u32FileID:1095672616
D/IMMPlayer( 1956): stMedia.u32FileSecondID:0
I//lib/ld-linux.so.3(  748): 5707write fail = 6
D/IMMPlayer( 1956): stMedia.u32FileThirdID:0
D/IMMPlayer( 1956): stMedia.u32FileFourthID:0
I//lib/ld-linux.so.3(  748): Panel width: 01280, heigt: 720.
I//lib/ld-linux.so.3(  748): Thread name: MM_Audio.
D/IMMPlayer( 1956): stMedia.u64FileLength:2950417
D/IMMPlayer( 1956): stMedia.eMediaType:1
D/IMMPlayer( 1956): stMedia.eMediaFileType:1
D/IMMPlayer( 1956): stMedia.eMediaCreateMode:0
D/IMMPlayer( 1956): stMedia.u32CtlFlag:2
D/IMMPlayer( 1956): Get ret:0
D/MstarPlayer( 1956): media item 0x1
D/MstarPlayer( 1956): MstarPlayer::doPrepare done
I//lib/ld-linux.so.3(  748): Thread name: MM_Audio.
D/MstarPlayer( 1956): 00File size: 2950417, pos : 0  Seek position: 0.
D/MstarPlayer( 1956): No need seek!!
I//lib/ld-linux.so.3(  748): ===== Check Audio Decoder Protection from hash-key IP =====
I//lib/ld-linux.so.3(  748): Hash-key Support DD.
I//lib/ld-linux.so.3(  748): Hash-key Support DD+.
I//lib/ld-linux.so.3(  748): Hash-key Support Generic HE-AAC !!
I//lib/ld-linux.so.3(  748): Hash-key Support WMA.
I//lib/ld-linux.so.3(  748): Hash-key Support DRA.
I//lib/ld-linux.so.3(  748): ===== Check Protection IP End                         =====
I//lib/ld-linux.so.3(  748): ========WMA Codec========
I//lib/ld-linux.so.3(  748): ******Amplifier_TI5707_SWMute(0)
I//lib/ld-linux.so.3(  748): 5707write fail = 7
I//lib/ld-linux.so.3(  748): 5707write fail = 7
I//lib/ld-linux.so.3(  748): 5707write fail = 7
I//lib/ld-linux.so.3(  748): 5707write fail = 7
I//lib/ld-linux.so.3(  748): 5707write fail = 6
D/MstarPlayer( 1956): Get E_EVENT_INIT_OK event.
D/IMMPlayer( 1956): Send MM_EnableSubtitleShow
D/IMMPlayer( 1956): u32Item:1
D/IMMPlayer( 1956): bEnable:1
D/IMMPlayer( 1956): Get ret:1
D/MstarPlayer( 1956): <<<<<set init done flag
D/dalvikvm( 2267): GC_CONCURRENT freed 161K, 82% free 891K/4803K, paused 3ms+1ms
I//lib/ld-linux.so.3(  748): @@@MSrv_System_Database::GetAudioSettingSample Rate: 44100.
I//lib/ld-linux.so.3(  748): Bit Rate: 96.
I//lib/ld-linux.so.3(  748): Duration: 243.
D/MstarPlayer( 1956): <<<<<<<<<Init done
D/MediaPlayerService( 1956): [3] notify (0x3e348, 1, 0, 0)
D/MstarPlayer( 1956): MstarPlayer::setLooping=0
D/IMMPlayer( 1956): Send MM_SetLoop
D/IMMPlayer( 1956): u32Item:1
D/IMMPlayer( 1956): bLoop:0 
D/IMMPlayer( 1956): Get ret:0
D/MstarPlayer( 1956): playerType
D/MstarPlayer( 1956): MstarPlayer::setLooping=0
D/IMMPlayer( 1956): Send MM_SetLoop
D/IMMPlayer( 1956): u32Item:1
D/IMMPlayer( 1956): bLoop:0 
D/IMMPlayer( 1956): Get ret:0
D/IMMPlayer( 1956): Send MM_Play
D/IMMPlayer( 1956): u32Item:1
D/IMMPlayer( 1956): Get ret:0
D/MstarPlayer( 1956): MstarPlayer::stop
D/MstarPlayer( 1956): request to exit async thread
D/dalvikvm( 2381): GC_CONCURRENT freed 247K, 83% free 870K/4867K, paused 1ms+2ms
D/MstarPlayer( 1956): exit async proc thread
D/IMMPlayer( 1956): Send MM_Stop
D/IMMPlayer( 1956): u32Item:1
D/IMMPlayer( 1956): Get ret:0
D/IMMPlayer( 1956): Send MM_DeleteMediaItem
D/IMMPlayer( 1956): u32Item:1
D/IMMPlayer( 1956): Get ret:0
D/IMMPlayer( 1956): Send MM_DeleteAudioSHM
D/IMMPlayer( 1956): u32Item:1
D/IMMPlayer( 1956): Get ret:0
D/IMMPlayer( 1956): Send PLAYER_COMMAND_REMOVE_EVENT_RECIPIENT_FPTR
D/IMMPlayer( 1956): Get ret:1
D/IMMPlayer( 1956): Send FINALIZE
I//lib/ld-linux.so.3(  748): MMPlayerService::Client::MM_Finalize()
I//lib/ld-linux.so.3(  748): MSrv_MM_PhotoPlayer::Finalize().
I//lib/ld-linux.so.3(  748): mapi_cpcodec::Finalize().
I//lib/ld-linux.so.3(  748): mapi_cpcodec::Finalize().
I//lib/ld-linux.so.3(  748): Do mapi_cpcodec::Finalize().
E/        ( 2178): get vaddr failed:pvaddr_read=0x5aad1000,pvaddr_internal=0x5ff94000,pvaddr_write=0x0
E/        ( 2178): get vaddr failed:pvaddr_read=0x5aad1000,pvaddr_internal=0x5ff94000,pvaddr_write=0x0
D/IMMPlayer( 1956): Get ret:0
D/MMPlayer( 1956): disconnect
D/MMPlayer( 1956): 
D/IMMPlayer( 1956): Send DISCONNECT
D/MMPlayer( 1956): destructor: 0x3ede8
D/MMPlayer( 1956): 
D/MMPlayer( 1956): disconnect
D/MMPlayer( 1956): 
D/MstarPlayer( 1956): MstarPlayer::clearAllSource
D/FileContentSource( 1956): FileContentSource::~FileContentSource()
D/FileContentSource( 1956): FileContentSource::~FileContentSource()
D/FileContentSource( 1956): FileContentSource::~FileContentSource()
D/FileContentSource( 1956): FileContentSource::~FileContentSource()
D/MstarPlayer( 1956): setInstance: 0x0
D/MstarPlayer( 1956): ==========MstarPlayer::reset : 0x3e458==========
D/MstarPlayer( 1956): MstarPlayer::clearAllSource
D/MstarPlayer( 1956): setInstance: 0x0
D/MstarPlayer( 1956): reset done
D/MstarPlayer( 1956): 
D/MstarPlayer( 1956): =======Destroy mstar player  : 0x3e458========
D/BootReceiver( 2556): startOtOService
I//lib/ld-linux.so.3(  748): MM_Finalize done
I//lib/ld-linux.so.3(  748): V/MMPlayerService( 755 1065): disconnect(callingPid 1956, clientPid 1956)
I//lib/ld-linux.so.3(  748): V/MMPlayerService( 755 1065): Disconnet finalize OK.
I//lib/ld-linux.so.3(  748): V/MMPlayerService( 755 1065): removeClient(callingPid 1956)
I//lib/ld-linux.so.3(  748): V/MMPlayerService( 755 755): MMPlayerService::Client destructor(callingPid 1956)
W/ActivityManager( 1992): Permission Denial: receiving Intent { act=android.intent.action.BOOT_COMPLETED } to cn.tvbox requires android.permission.RECEIVE_BOOT_COMPLETED due to sender null (uid 1000)
D/StartService( 2421): mReceiverCheck onReceive
V/OtOService( 2556): onCreate
D/dalvikvm( 2178): GC_FOR_ALLOC freed 2164K, 37% free 12177K/19203K, paused 32ms
D/dalvikvm( 1992): GREF has increased to 401
I/test    ( 2556): result: null
I/test    ( 2556): null
D/dalvikvm( 1992): GC_CONCURRENT freed 970K, 60% free 3639K/8899K, paused 7ms+4ms
D/dalvikvm( 2178): GC_FOR_ALLOC freed 321K, 30% free 13511K/19203K, paused 35ms
