D/dalvikvm( 1699): GC_CONCURRENT freed 664K, 64% free 2762K/7619K, paused 2ms+75ms
D/dalvikvm( 1272): GC_CONCURRENT freed 1018K, 56% free 3752K/8515K, paused 1ms+3ms
D/dalvikvm( 1244): GC_CONCURRENT freed 1997K, 36% free 13474K/20995K, paused 2ms+13ms
D/dalvikvm(  964): GC_CONCURRENT freed 724K, 62% free 3661K/9411K, paused 2ms+4ms
D/dalvikvm( 1244): GC_CONCURRENT freed 1997K, 36% free 13443K/20995K, paused 2ms+6ms
D/dalvikvm(  964): GC_CONCURRENT freed 713K, 62% free 3663K/9411K, paused 3ms+3ms
D/dalvikvm( 1699): GC_CONCURRENT freed 742K, 64% free 2804K/7619K, paused 77ms+30ms
D/dalvikvm(  964): GC_CONCURRENT freed 717K, 62% free 3666K/9411K, paused 2ms+5ms
D/dalvikvm( 2063): GC_CONCURRENT freed 1922K, 19% free 25851K/31683K, paused 3ms+6ms
D/dalvikvm( 1244): GC_CONCURRENT freed 1966K, 36% free 13469K/20995K, paused 1ms+5ms
D/dalvikvm(  964): GC_CONCURRENT freed 721K, 62% free 3666K/9411K, paused 2ms+4ms
D/dalvikvm(  964): GC_CONCURRENT freed 719K, 62% free 3669K/9411K, paused 2ms+4ms
D/HomePlayerLib( 1699): hostaddress count is 2
D/dalvikvm( 1244): GC_CONCURRENT freed 1992K, 36% free 13479K/20995K, paused 2ms+5ms
D/dalvikvm(  964): GC_CONCURRENT freed 724K, 62% free 3657K/9411K, paused 2ms+4ms
D/dalvikvm( 1244): GC_CONCURRENT freed 2002K, 36% free 13474K/20995K, paused 2ms+5ms
D/dalvikvm(  964): GC_CONCURRENT freed 709K, 62% free 3654K/9411K, paused 2ms+4ms
D/dalvikvm( 1699): GC_CONCURRENT freed 786K, 63% free 2834K/7619K, paused 9ms+2ms
D/dalvikvm( 1272): GC_CONCURRENT freed 1018K, 56% free 3751K/8515K, paused 1ms+1ms
D/dalvikvm(  964): GC_CONCURRENT freed 704K, 62% free 3669K/9411K, paused 2ms+4ms
D/dalvikvm( 1244): GC_CONCURRENT freed 1997K, 36% free 13469K/20995K, paused 2ms+9ms
D/dalvikvm(  964): GC_CONCURRENT freed 724K, 62% free 3666K/9411K, paused 2ms+4ms
D/dalvikvm( 1244): GC_CONCURRENT freed 1992K, 36% free 13479K/20995K, paused 2ms+5ms
D/dalvikvm( 1699): GC_CONCURRENT freed 828K, 64% free 2813K/7619K, paused 7ms+170ms
D/dalvikvm(  964): GC_CONCURRENT freed 725K, 62% free 3660K/9411K, paused 2ms+4ms
D/dhcpcd  ( 1565): sending DHCP_DISCOVER with xid 0x4af6d210, next in 15.11 seconds
D/dalvikvm(  964): GC_CONCURRENT freed 711K, 62% free 3660K/9411K, paused 3ms+4ms
D/dalvikvm( 1244): GC_CONCURRENT freed 2002K, 36% free 13489K/20995K, paused 2ms+5ms
D/dalvikvm(  964): GC_CONCURRENT freed 713K, 62% free 3663K/9411K, paused 2ms+4ms
D/dalvikvm( 1244): GC_CONCURRENT freed 2012K, 36% free 13469K/20995K, paused 1ms+5ms
D/dalvikvm(  964): GC_CONCURRENT freed 716K, 62% free 3654K/9411K, paused 2ms+5ms
D/dalvikvm(  964): GC_CONCURRENT freed 707K, 62% free 3660K/9411K, paused 2ms+4ms
D/dalvikvm( 1244): GC_CONCURRENT freed 1992K, 36% free 13474K/20995K, paused 2ms+6ms
D/dalvikvm( 1699): GC_CONCURRENT freed 787K, 63% free 2825K/7619K, paused 11ms+3ms
D/dalvikvm( 1272): GC_CONCURRENT freed 1018K, 56% free 3752K/8515K, paused 1ms+1ms
D/dalvikvm(  964): GC_CONCURRENT freed 713K, 62% free 3664K/9411K, paused 2ms+4ms
D/dalvikvm(  964): GC_CONCURRENT freed 717K, 62% free 3637K/9411K, paused 3ms+5ms
D/dalvikvm( 1244): GC_CONCURRENT freed 1997K, 36% free 13453K/20995K, paused 1ms+18ms
D/dalvikvm(  964): GC_CONCURRENT freed 684K, 62% free 3669K/9411K, paused 3ms+4ms
D/dalvikvm( 1244): GC_CONCURRENT freed 1976K, 36% free 13469K/20995K, paused 2ms+5ms
D/dalvikvm(  964): GC_CONCURRENT freed 723K, 62% free 3660K/9411K, paused 2ms+4ms
D/dalvikvm(  964): GC_CONCURRENT freed 714K, 62% free 3666K/9411K, paused 2ms+5ms
D/dalvikvm( 1699): GC_CONCURRENT freed 815K, 64% free 2813K/7619K, paused 64ms+2ms
D/dalvikvm( 1244): GC_CONCURRENT freed 1992K, 36% free 13474K/20995K, paused 2ms+5ms
D/dalvikvm(  964): GC_CONCURRENT freed 719K, 62% free 3666K/9411K, paused 2ms+5ms
D/dalvikvm( 1244): GC_CONCURRENT freed 1997K, 36% free 13484K/20995K, paused 1ms+5ms
D/dalvikvm(  964): GC_CONCURRENT freed 720K, 62% free 3654K/9411K, paused 2ms+4ms
D/dalvikvm( 1272): GC_CONCURRENT freed 1018K, 56% free 3753K/8515K, paused 0ms+4ms
D/dalvikvm(  964): GC_CONCURRENT freed 706K, 62% free 3666K/9411K, paused 2ms+4ms
D/dalvikvm( 1699): GC_CONCURRENT freed 765K, 63% free 2848K/7619K, paused 2ms+36ms
D/dalvikvm( 1244): GC_CONCURRENT freed 2007K, 36% free 13474K/20995K, paused 1ms+6ms
D/dalvikvm(  964): GC_CONCURRENT freed 719K, 62% free 3663K/9411K, paused 3ms+4ms
D/dalvikvm( 1244): GC_CONCURRENT freed 1997K, 36% free 13479K/20995K, paused 2ms+6ms
D/dalvikvm(  964): GC_CONCURRENT freed 716K, 62% free 3663K/9411K, paused 2ms+5ms
D/dalvikvm(  964): GC_CONCURRENT freed 716K, 62% free 3663K/9411K, paused 3ms+5ms
D/dalvikvm( 1244): GC_CONCURRENT freed 2002K, 36% free 13478K/20995K, paused 1ms+6ms
D/dalvikvm(  964): GC_CONCURRENT freed 716K, 62% free 3663K/9411K, paused 2ms+4ms
D/dalvikvm( 1699): GC_CONCURRENT freed 954K, 65% free 2706K/7619K, paused 36ms+40ms
D/dalvikvm( 1244): GC_CONCURRENT freed 2000K, 36% free 13461K/20995K, paused 1ms+6ms
D/dalvikvm(  964): GC_CONCURRENT freed 716K, 62% free 3664K/9411K, paused 2ms+5ms
D/dalvikvm( 1272): GC_CONCURRENT freed 1018K, 56% free 3753K/8515K, paused 1ms+3ms
E/fbdev   ( 1033): Attention! GFLIP time out, force update gop ring buffer!
E/fbdev   ( 1033): Attention! GFLIP time out, force update gop ring buffer!
D/dalvikvm(  964): GC_CONCURRENT freed 723K, 62% free 3663K/9411K, paused 2ms+5ms
D/dalvikvm( 1244): GC_CONCURRENT freed 1984K, 36% free 13469K/20995K, paused 1ms+5ms
D/dalvikvm(  964): GC_CONCURRENT freed 715K, 62% free 3657K/9411K, paused 2ms+4ms
D/dalvikvm( 1699): GC_CONCURRENT freed 735K, 65% free 2733K/7619K, paused 75ms+194ms
D/dalvikvm(  964): GC_CONCURRENT freed 715K, 62% free 3663K/9411K, paused 2ms+5ms
D/dalvikvm( 1244): GC_CONCURRENT freed 1997K, 36% free 13480K/20995K, paused 2ms+6ms
D/dhcpcd  ( 1565): sending DHCP_DISCOVER with xid 0x4af6d210, next in 31.79 seconds
D/dalvikvm(  964): GC_CONCURRENT freed 717K, 62% free 3663K/9411K, paused 2ms+5ms
D/dalvikvm( 1244): GC_CONCURRENT freed 2003K, 36% free 13479K/20995K, paused 2ms+6ms
D/dalvikvm(  964): GC_CONCURRENT freed 715K, 62% free 3663K/9411K, paused 2ms+5ms
D/dalvikvm( 1272): GC_CONCURRENT freed 1018K, 56% free 3754K/8515K, paused 1ms+1ms
D/dalvikvm(  964): GC_CONCURRENT freed 716K, 62% free 3663K/9411K, paused 2ms+4ms
D/dalvikvm( 1244): GC_CONCURRENT freed 2002K, 36% free 13475K/20995K, paused 2ms+6ms
D/dalvikvm( 1699): GC_CONCURRENT freed 678K, 63% free 2828K/7619K, paused 119ms+74ms
D/dalvikvm(  964): GC_CONCURRENT freed 716K, 62% free 3663K/9411K, paused 2ms+4ms
D/dalvikvm( 1244): GC_CONCURRENT freed 1997K, 36% free 13477K/20995K, paused 1ms+6ms
D/dalvikvm(  964): GC_CONCURRENT freed 714K, 62% free 3663K/9411K, paused 2ms+5ms
W/System.err( 1643): java.net.UnknownHostException: Unable to resolve host "vitv.voicecloud.cn": No address associated with hostname
W/System.err( 1643):    at java.net.InetAddress.lookupHostByName(InetAddress.java:426)
W/System.err( 1643):    at java.net.InetAddress.getAllByNameImpl(InetAddress.java:242)
W/System.err( 1643):    at java.net.InetAddress.getAllByName(InetAddress.java:220)
W/System.err( 1643):    at libcore.net.http.HttpConnection.<init>(HttpConnection.java:71)
W/System.err( 1643):    at libcore.net.http.HttpConnection.<init>(HttpConnection.java:50)
W/System.err( 1643):    at libcore.net.http.HttpConnection$Address.connect(HttpConnection.java:351)
W/System.err( 1643):    at libcore.net.http.HttpConnectionPool.get(HttpConnectionPool.java:86)
W/System.err( 1643):    at libcore.net.http.HttpConnection.connect(HttpConnection.java:128)
W/System.err( 1643):    at libcore.net.http.HttpEngine.openSocketConnection(HttpEngine.java:308)
W/System.err( 1643):    at libcore.net.http.HttpEngine.connect(HttpEngine.java:303)
W/System.err( 1643):    at libcore.net.http.HttpEngine.sendSocketRequest(HttpEngine.java:282)
W/System.err( 1643):    at libcore.net.http.HttpEngine.sendRequest(HttpEngine.java:232)
W/System.err( 1643):    at libcore.net.http.HttpURLConnectionImpl.getResponse(HttpURLConnectionImpl.java:273)
W/System.err( 1643):    at libcore.net.http.HttpURLConnectionImpl.getResponseCode(HttpURLConnectionImpl.java:479)
W/System.err( 1643):    at com.iflytek.push.PushMsgCenter.down(PushMsgCenter.java:270)
W/System.err( 1643):    at com.iflytek.push.PushMsgCenter.access$500(PushMsgCenter.java:37)
W/System.err( 1643):    at com.iflytek.push.PushMsgCenter$2.run(PushMsgCenter.java:175)
W/System.err( 1643):    at java.lang.Thread.run(Thread.java:856)
W/System.err( 1643): Caused by: libcore.io.GaiException: getaddrinfo failed: EAI_NODATA (No address associated with hostname)
W/System.err( 1643):    at libcore.io.Posix.getaddrinfo(Native Method)
W/System.err( 1643):    at libcore.io.ForwardingOs.getaddrinfo(ForwardingOs.java:55)
W/System.err( 1643):    at java.net.InetAddress.lookupHostByName(InetAddress.java:411)
W/System.err( 1643):    ... 17 more
D/dalvikvm(  964): GC_CONCURRENT freed 716K, 62% free 3663K/9411K, paused 2ms+5ms
D/CheckNetWork( 1671): isOk true
D/CheckNetWork( 1671): ActInfoNetworkInfo: type: WIFI[], state: CONNECTED/CONNECTED, reason: (unspecified), extra: (none), roaming: false, failover: false, isAvailable: true
D/CheckNetWork( 1671): infoNetworkInfo: type: WIFI[], state: CONNECTED/CONNECTED, reason: (unspecified), extra: (none), roaming: false, failover: false, isAvailable: true
D/dalvikvm( 1244): GC_CONCURRENT freed 1999K, 36% free 13441K/20995K, paused 2ms+6ms
D/dalvikvm( 1699): GC_CONCURRENT freed 867K, 64% free 2766K/7619K, paused 75ms+99ms
D/dalvikvm(  964): GC_CONCURRENT freed 720K, 62% free 3667K/9411K, paused 2ms+4ms
D/dalvikvm( 1244): GC_CONCURRENT freed 1964K, 36% free 13464K/20995K, paused 2ms+5ms
D/dalvikvm(  964): GC_CONCURRENT freed 721K, 62% free 3651K/9411K, paused 2ms+4ms
D/dalvikvm( 1272): GC_CONCURRENT freed 1018K, 56% free 3755K/8515K, paused 1ms+2ms
D/dalvikvm(  964): GC_CONCURRENT freed 702K, 62% free 3665K/9411K, paused 2ms+4ms
D/dalvikvm( 1244): GC_CONCURRENT freed 1987K, 36% free 13484K/20995K, paused 1ms+5ms
D/dalvikvm(  964): GC_CONCURRENT freed 718K, 62% free 3662K/9411K, paused 2ms+4ms
D/dalvikvm( 1244): GC_CONCURRENT freed 2007K, 37% free 13427K/20995K, paused 1ms+6ms
D/dalvikvm(  964): GC_CONCURRENT freed 716K, 62% free 3665K/9411K, paused 2ms+4ms
D/dalvikvm( 1699): GC_CONCURRENT freed 773K, 64% free 2777K/7619K, paused 52ms+3ms
D/dalvikvm(  964): GC_CONCURRENT freed 720K, 62% free 3665K/9411K, paused 2ms+7ms
D/dalvikvm( 1244): GC_CONCURRENT freed 1948K, 36% free 13492K/20995K, paused 2ms+4ms
D/dalvikvm(  964): GC_CONCURRENT freed 719K, 62% free 3665K/9411K, paused 2ms+4ms
D/dalvikvm(  964): GC_CONCURRENT freed 718K, 62% free 3665K/9411K, paused 3ms+4ms
D/dalvikvm( 1244): GC_CONCURRENT freed 2017K, 36% free 13466K/20995K, paused 1ms+5ms
D/dalvikvm(  964): GC_CONCURRENT freed 717K, 62% free 3665K/9411K, paused 2ms+4ms
D/dalvikvm( 1272): GC_CONCURRENT freed 1018K, 56% free 3754K/8515K, paused 1ms+1ms
D/dalvikvm( 1699): GC_CONCURRENT freed 756K, 64% free 2809K/7619K, paused 68ms+92ms
D/dalvikvm( 1244): GC_CONCURRENT freed 1989K, 36% free 13484K/20995K, paused 2ms+5ms
D/dalvikvm(  964): GC_CONCURRENT freed 718K, 61% free 3671K/9411K, paused 2ms+4ms
D/dalvikvm(  964): GC_CONCURRENT freed 726K, 62% free 3665K/9411K, paused 2ms+5ms
D/dalvikvm( 1244): GC_CONCURRENT freed 2007K, 36% free 13479K/20995K, paused 2ms+5ms
E/fbdev   ( 1033): Attention! GFLIP time out, force update gop ring buffer!
E/fbdev   ( 1033): Attention! GFLIP time out, force update gop ring buffer!
E/fbdev   ( 1033): Attention! GFLIP time out, force update gop ring buffer!
E/fbdev   ( 1033): Attention! GFLIP time out, force update gop ring buffer!
E/fbdev   ( 1033): Attention! GFLIP time out, force update gop ring buffer!
E/fbdev   ( 1033): Attention! GFLIP time out, force update gop ring buffer!
E/fbdev   ( 1033): Attention! GFLIP time out, force update gop ring buffer!
D/dalvikvm(  964): GC_CONCURRENT freed 718K, 62% free 3663K/9411K, paused 2ms+4ms
E/fbdev   ( 1033): Attention! GFLIP time out, force update gop ring buffer!
E/fbdev   ( 1033): Attention! GFLIP time out, force update gop ring buffer!
E/fbdev   ( 1033): Attention! GFLIP time out, force update gop ring buffer!
E/fbdev   ( 1033): Attention! GFLIP time out, force update gop ring buffer!
E/fbdev   ( 1033): Attention! GFLIP time out, force update gop ring buffer!
E/fbdev   ( 1033): Attention! GFLIP time out, force update gop ring buffer!
E/fbdev   ( 1033): Attention! GFLIP time out, force update gop ring buffer!
E/fbdev   ( 1033): Attention! GFLIP time out, force update gop ring buffer!
E/fbdev   ( 1033): Attention! GFLIP time out, force update gop ring buffer!
E/fbdev   ( 1033): Attention! GFLIP time out, force update gop ring buffer!
E/fbdev   ( 1033): Attention! GFLIP time out, force update gop ring buffer!
E/fbdev   ( 1033): Attention! GFLIP time out, force update gop ring buffer!
E/fbdev   ( 1033): Attention! GFLIP time out, force update gop ring buffer!
E/fbdev   ( 1033): Attention! GFLIP time out, force update gop ring buffer!
E/fbdev   ( 1033): Attention! GFLIP time out, force update gop ring buffer!
E/fbdev   ( 1033): Attention! GFLIP time out, force update gop ring buffer!
E/fbdev   ( 1033): Attention! GFLIP time out, force update gop ring buffer!
E/fbdev   ( 1033): Attention! GFLIP time out, force update gop ring buffer!
E/fbdev   ( 1033): Attention! GFLIP time out, force update gop ring buffer!
E/fbdev   ( 1033): Attention! GFLIP time out, force update gop ring buffer!
E/fbdev   ( 1033): Attention! GFLIP time out, force update gop ring buffer!
E/fbdev   ( 1033): Attention! GFLIP time out, force update gop ring buffer!
D/dalvikvm( 1244): GC_CONCURRENT freed 2002K, 36% free 13469K/20995K, paused 2ms+5ms
D/dalvikvm( 1699): GC_CONCURRENT freed 801K, 65% free 2687K/7619K, paused 2ms+2ms
D/dalvikvm(  964): GC_CONCURRENT freed 721K, 62% free 3668K/9411K, paused 2ms+4ms
D/dalvikvm(  964): GC_CONCURRENT freed 722K, 62% free 3668K/9411K, paused 2ms+3ms
D/dalvikvm( 1244): GC_CONCURRENT freed 1992K, 36% free 13469K/20995K, paused 2ms+5ms
D/dalvikvm(  964): GC_CONCURRENT freed 723K, 62% free 3662K/9411K, paused 2ms+4ms
D/dalvikvm( 1244): GC_CONCURRENT freed 1992K, 36% free 13479K/20995K, paused 1ms+4ms
D/dalvikvm(  964): GC_CONCURRENT freed 716K, 62% free 3665K/9411K, paused 2ms+4ms
D/dalvikvm( 1272): GC_CONCURRENT freed 1018K, 56% free 3755K/8515K, paused 1ms+2ms
D/dalvikvm( 1699): GC_CONCURRENT freed 638K, 64% free 2806K/7619K, paused 17ms+103ms
D/dalvikvm(  964): GC_CONCURRENT freed 718K, 62% free 3662K/9411K, paused 3ms+4ms
D/dalvikvm( 1244): GC_CONCURRENT freed 2002K, 36% free 13474K/20995K, paused 2ms+5ms
D/dalvikvm(  964): GC_CONCURRENT freed 715K, 62% free 3657K/9411K, paused 3ms+3ms
D/dalvikvm( 1244): GC_CONCURRENT freed 1997K, 36% free 13474K/20995K, paused 1ms+6ms
D/dalvikvm(  964): GC_CONCURRENT freed 710K, 62% free 3666K/9411K, paused 2ms+5ms
D/dalvikvm(  964): GC_CONCURRENT freed 720K, 62% free 3668K/9411K, paused 2ms+5ms
D/dalvikvm( 1244): GC_CONCURRENT freed 1997K, 36% free 13464K/20995K, paused 1ms+5ms
D/dalvikvm( 1699): GC_CONCURRENT freed 794K, 64% free 2797K/7619K, paused 50ms+2ms
D/dalvikvm(  964): GC_CONCURRENT freed 723K, 62% free 3668K/9411K, paused 3ms+5ms
D/dalvikvm(  964): GC_CONCURRENT freed 722K, 62% free 3660K/9411K, paused 2ms+4ms
D/dalvikvm( 1244): GC_CONCURRENT freed 1991K, 36% free 13474K/20995K, paused 2ms+6ms
D/dalvikvm(  964): GC_CONCURRENT freed 712K, 62% free 3663K/9411K, paused 2ms+4ms
D/dalvikvm( 1272): GC_CONCURRENT freed 1018K, 56% free 3755K/8515K, paused 1ms+1ms
D/dalvikvm( 1244): GC_CONCURRENT freed 1997K, 36% free 13490K/20995K, paused 1ms+5ms
D/dalvikvm(  964): GC_CONCURRENT freed 722K, 62% free 3668K/9411K, paused 2ms+4ms
D/dalvikvm(  964): GC_CONCURRENT freed 722K, 62% free 3665K/9411K, paused 2ms+4ms
D/dalvikvm( 1244): GC_CONCURRENT freed 2012K, 36% free 13479K/20995K, paused 2ms+5ms
D/dalvikvm( 1699): GC_CONCURRENT freed 829K, 64% free 2761K/7619K, paused 149ms+84ms
D/dalvikvm(  964): GC_CONCURRENT freed 718K, 62% free 3665K/9411K, paused 2ms+4ms
D/dalvikvm( 1244): GC_CONCURRENT freed 2002K, 36% free 13484K/20995K, paused 2ms+5ms
D/dalvikvm(  964): GC_CONCURRENT freed 718K, 62% free 3668K/9411K, paused 2ms+4ms
D/dalvikvm(  964): GC_CONCURRENT freed 722K, 62% free 3654K/9411K, paused 2ms+4ms
D/dalvikvm( 1244): GC_CONCURRENT freed 2007K, 36% free 13490K/20995K, paused 2ms+5ms
D/dalvikvm(  964): GC_CONCURRENT freed 705K, 62% free 3662K/9411K, paused 2ms+4ms
D/dalvikvm( 1699): GC_CONCURRENT freed 740K, 64% free 2789K/7619K, paused 7ms+200ms
D/dalvikvm( 1244): GC_CONCURRENT freed 2012K, 36% free 13484K/20995K, paused 1ms+5ms
D/dalvikvm(  964): GC_CONCURRENT freed 715K, 62% free 3665K/9411K, paused 2ms+4ms
D/dalvikvm( 1272): GC_CONCURRENT freed 1018K, 56% free 3755K/8515K, paused 0ms+1ms
D/HomePlayerLib( 1699): hostaddress count is 2
D/UploadCheckerService( 1352): Can't Connect to CIBN_SERVER_PATH!  Address: http://tms.cibntest.ysten.com:8080/
D/dalvikvm(  964): GC_CONCURRENT freed 718K, 62% free 3662K/9411K, paused 2ms+4ms
D/UploadCheckerService( 1352): Can't Connect to CIBN_SERVER_PATH!  retryTime is : 28
D/dalvikvm( 1244): GC_CONCURRENT freed 2007K, 36% free 13479K/20995K, paused 2ms+5ms
D/dalvikvm(  964): GC_CONCURRENT freed 716K, 62% free 3668K/9411K, paused 2ms+3ms
D/dalvikvm( 1244): GC_CONCURRENT freed 2002K, 37% free 13427K/20995K, paused 2ms+6ms
D/dalvikvm(  964): GC_CONCURRENT freed 724K, 62% free 3665K/9411K, paused 2ms+4ms
D/dalvikvm( 1699): GC_CONCURRENT freed 776K, 64% free 2804K/7619K, paused 1ms+50ms
D/dalvikvm(  964): GC_CONCURRENT freed 719K, 62% free 3651K/9411K, paused 2ms+4ms
D/dalvikvm( 1244): GC_CONCURRENT freed 1950K, 36% free 13482K/20995K, paused 2ms+5ms
D/UploadCheckerService( 1352): Can't Connect to CIBN_SERVER_PATH!  Address: http://tms.cibntest.ysten.com:8080/
D/UploadCheckerService( 1352): Can't Connect to CIBN_SERVER_PATH!  retryTime is : 29
D/dalvikvm(  964): GC_CONCURRENT freed 701K, 62% free 3665K/9411K, paused 2ms+4ms
D/dalvikvm(  964): GC_CONCURRENT freed 719K, 62% free 3662K/9411K, paused 2ms+4ms
D/dalvikvm( 1699): GC_CONCURRENT freed 797K, 64% free 2805K/7619K, paused 2ms+96ms
D/dalvikvm( 1244): GC_CONCURRENT freed 2003K, 36% free 13452K/20995K, paused 2ms+5ms
D/dalvikvm( 1272): GC_CONCURRENT freed 1018K, 56% free 3754K/8515K, paused 1ms+1ms
D/dalvikvm(  964): GC_CONCURRENT freed 715K, 62% free 3668K/9411K, paused 2ms+3ms
D/dalvikvm( 1244): GC_CONCURRENT freed 1975K, 36% free 13474K/20995K, paused 1ms+7ms
D/dhcpcd  ( 1565): sending DHCP_DISCOVER with xid 0x4af6d210, next in 63.48 seconds
D/dalvikvm(  964): GC_CONCURRENT freed 722K, 62% free 3668K/9411K, paused 2ms+3ms
D/dalvikvm(  964): GC_CONCURRENT freed 723K, 62% free 3655K/9411K, paused 2ms+4ms
D/UploadCheckerService( 1352): Can't Connect to CIBN_SERVER_PATH!  Address: http://tms.cibntest.ysten.com:8080/
D/UploadCheckerService( 1352): Can't Connect to CIBN_SERVER_PATH!  retryTime is : 30
D/dalvikvm( 1244): GC_CONCURRENT freed 1997K, 36% free 13474K/20995K, paused 2ms+5ms
D/dalvikvm(  964): GC_CONCURRENT freed 707K, 62% free 3667K/9411K, paused 2ms+4ms
D/dalvikvm( 1699): GC_FOR_ALLOC freed 911K, 65% free 2684K/7619K, paused 1050ms
D/dalvikvm( 1699): GC_CONCURRENT freed 56K, 62% free 2905K/7619K, paused 32ms+3ms
D/dalvikvm( 1244): GC_CONCURRENT freed 1997K, 36% free 13469K/20995K, paused 1ms+5ms
D/dalvikvm(  964): GC_CONCURRENT freed 719K, 62% free 3668K/9411K, paused 2ms+4ms
D/dalvikvm(  964): GC_CONCURRENT freed 722K, 62% free 3663K/9411K, paused 2ms+6ms
D/UploadCheckerService( 1352): Can't Connect to CIBN_SERVER_PATH!  Address: http://tms.cibntest.ysten.com:8080/
D/dalvikvm( 1244): GC_CONCURRENT freed 1992K, 36% free 13479K/20995K, paused 2ms+5ms
D/dalvikvm(  964): GC_CONCURRENT freed 715K, 62% free 3665K/9411K, paused 2ms+4ms
E/dhcpcd  ( 1565): timed out
D/dhcpcd  ( 1565): executing `/system/etc/dhcpcd/dhcpcd-run-hooks', reason FAIL
D/UploadCheckerService( 1352): Can't Connect to CIBN_SERVER_PATH!  retryTime is : 31
D/dalvikvm( 1699): GC_CONCURRENT freed 912K, 64% free 2774K/7619K, paused 65ms+2ms
D/dhcpcd  ( 1565): broadcasting for a lease
D/dhcpcd  ( 1565): sending DHCP_DISCOVER with xid 0x225c39ce, next in 4.23 seconds
D/dalvikvm( 1272): GC_CONCURRENT freed 1018K, 56% free 3750K/8515K, paused 1ms+1ms
D/dalvikvm( 1244): GC_CONCURRENT freed 2002K, 36% free 13469K/20995K, paused 1ms+6ms
D/dalvikvm(  964): GC_CONCURRENT freed 718K, 62% free 3652K/9411K, paused 2ms+5ms
D/dalvikvm(  964): GC_CONCURRENT freed 702K, 62% free 3668K/9411K, paused 2ms+12ms
D/dalvikvm( 1699): GC_CONCURRENT freed 766K, 64% free 2793K/7619K, paused 131ms+7ms
D/dalvikvm( 1244): GC_CONCURRENT freed 1992K, 36% free 13469K/20995K, paused 1ms+5ms
D/dalvikvm(  964): GC_CONCURRENT freed 723K, 62% free 3668K/9411K, paused 2ms+4ms
D/dalvikvm( 1244): GC_CONCURRENT freed 1992K, 37% free 13422K/20995K, paused 1ms+4ms
D/dalvikvm(  964): GC_CONCURRENT freed 722K, 62% free 3651K/9411K, paused 2ms+4ms
D/dalvikvm(  964): GC_CONCURRENT freed 701K, 62% free 3665K/9411K, paused 2ms+4ms
D/dalvikvm( 1244): GC_CONCURRENT freed 1943K, 36% free 13492K/20995K, paused 1ms+6ms
D/dalvikvm(  964): GC_CONCURRENT freed 720K, 62% free 3665K/9411K, paused 2ms+3ms
D/dhcpcd  ( 1565): sending DHCP_DISCOVER with xid 0x225c39ce, next in 7.55 seconds
D/dalvikvm(  964): GC_CONCURRENT freed 718K, 62% free 3660K/9411K, paused 2ms+7ms
D/dalvikvm( 1699): GC_CONCURRENT freed 728K, 63% free 2859K/7619K, paused 2ms+2ms
D/dalvikvm( 1244): GC_CONCURRENT freed 2014K, 36% free 13474K/20995K, paused 1ms+5ms
D/dalvikvm( 2063): GC_CONCURRENT freed 1921K, 19% free 25851K/31683K, paused 2ms+5ms
D/dalvikvm(  964): GC_CONCURRENT freed 712K, 62% free 3651K/9411K, paused 2ms+4ms
D/dalvikvm( 1272): GC_CONCURRENT freed 1018K, 56% free 3756K/8515K, paused 1ms+1ms
D/dalvikvm( 1244): GC_CONCURRENT freed 1997K, 36% free 13481K/20995K, paused 1ms+6ms
D/dalvikvm(  964): GC_CONCURRENT freed 701K, 62% free 3662K/9411K, paused 2ms+4ms
D/dalvikvm(  964): GC_CONCURRENT freed 716K, 62% free 3662K/9411K, paused 2ms+4ms
D/dalvikvm( 1699): GC_FOR_ALLOC freed 936K, 65% free 2739K/7619K, paused 1030ms
D/dalvikvm( 1244): GC_CONCURRENT freed 2003K, 36% free 13475K/20995K, paused 1ms+6ms
D/dalvikvm(  964): GC_CONCURRENT freed 721K, 62% free 3663K/9411K, paused 3ms+4ms
D/dalvikvm( 1244): GC_CONCURRENT freed 1997K, 36% free 13478K/20995K, paused 1ms+6ms
D/dalvikvm(  964): GC_CONCURRENT freed 715K, 62% free 3662K/9411K, paused 2ms+4ms
D/dalvikvm( 1699): GC_CONCURRENT freed 686K, 63% free 2828K/7619K, paused 17ms+113ms
D/dalvikvm(  964): GC_CONCURRENT freed 716K, 62% free 3654K/9411K, paused 2ms+4ms
D/dalvikvm( 1244): GC_CONCURRENT freed 2001K, 36% free 13480K/20995K, paused 1ms+6ms
D/dalvikvm( 1272): GC_CONCURRENT freed 1018K, 56% free 3753K/8515K, paused 1ms+2ms
D/dalvikvm(  964): GC_CONCURRENT freed 705K, 62% free 3662K/9411K, paused 2ms+5ms
D/dalvikvm( 1244): GC_CONCURRENT freed 2002K, 36% free 13473K/20995K, paused 2ms+6ms
D/dalvikvm(  964): GC_CONCURRENT freed 715K, 62% free 3663K/9411K, paused 2ms+4ms
E/CheckinTask( 1322): Checkin failed: https://android.clients.google.com/checkin (request #0)
D/dalvikvm(  964): GC_CONCURRENT freed 716K, 62% free 3662K/9411K, paused 2ms+4ms
D/dhcpcd  ( 1565): sending DHCP_DISCOVER with xid 0x225c39ce, next in 15.18 seconds
D/dalvikvm( 1699): GC_CONCURRENT freed 826K, 64% free 2808K/7619K, paused 23ms+3ms
D/dalvikvm( 1244): GC_CONCURRENT freed 1994K, 36% free 13508K/20995K, paused 2ms+6ms
D/dalvikvm(  964): GC_CONCURRENT freed 716K, 62% free 3654K/9411K, paused 2ms+4ms
D/dalvikvm( 1699): GC_CONCURRENT freed 780K, 64% free 2755K/7619K, paused 6ms+2ms
D/dalvikvm(  964): GC_CONCURRENT freed 704K, 62% free 3660K/9411K, paused 2ms+4ms
D/dalvikvm( 1244): GC_CONCURRENT freed 2031K, 36% free 13474K/20995K, paused 1ms+7ms
D/dalvikvm(  964): GC_CONCURRENT freed 713K, 62% free 3665K/9411K, paused 2ms+4ms
D/dalvikvm( 1244): GC_CONCURRENT freed 1997K, 36% free 13490K/20995K, paused 1ms+5ms
D/dalvikvm( 1699): GC_CONCURRENT freed 716K, 64% free 2807K/7619K, paused 64ms+17ms
D/dalvikvm( 1272): GC_CONCURRENT freed 1018K, 56% free 3751K/8515K, paused 1ms+2ms
D/dalvikvm(  964): GC_CONCURRENT freed 719K, 61% free 3674K/9411K, paused 2ms+3ms
D/dalvikvm( 1699): GC_CONCURRENT freed 788K, 63% free 2847K/7619K, paused 11ms+2ms
D/dalvikvm(  964): GC_CONCURRENT freed 730K, 62% free 3662K/9411K, paused 2ms+4ms
D/dalvikvm( 1244): GC_CONCURRENT freed 2012K, 36% free 13480K/20995K, paused 1ms+6ms
D/dalvikvm(  964): GC_CONCURRENT freed 716K, 62% free 3662K/9411K, paused 3ms+5ms
D/dalvikvm( 1699): GC_CONCURRENT freed 840K, 64% free 2819K/7619K, paused 58ms+91ms
D/dalvikvm( 1244): GC_CONCURRENT freed 2002K, 36% free 13474K/20995K, paused 2ms+6ms
D/dalvikvm(  964): GC_CONCURRENT freed 714K, 62% free 3662K/9411K, paused 2ms+4ms
D/dalvikvm(  964): GC_CONCURRENT freed 716K, 62% free 3662K/9411K, paused 2ms+4ms
D/dalvikvm( 1244): GC_CONCURRENT freed 1997K, 36% free 13479K/20995K, paused 2ms+6ms
D/dalvikvm(  964): GC_CONCURRENT freed 714K, 62% free 3662K/9411K, paused 2ms+4ms
D/dalvikvm( 1272): GC_CONCURRENT freed 1018K, 56% free 3758K/8515K, paused 0ms+1ms
D/dalvikvm( 1699): GC_CONCURRENT freed 790K, 64% free 2795K/7619K, paused 30ms+97ms
D/dalvikvm( 1244): GC_CONCURRENT freed 2002K, 36% free 13478K/20995K, paused 2ms+6ms
D/dalvikvm(  964): GC_CONCURRENT freed 716K, 62% free 3662K/9411K, paused 2ms+4ms
D/dalvikvm(  964): GC_CONCURRENT freed 716K, 62% free 3662K/9411K, paused 2ms+4ms
D/dalvikvm( 1244): GC_CONCURRENT freed 1999K, 36% free 13487K/20995K, paused 1ms+7ms
D/dalvikvm(  964): GC_CONCURRENT freed 716K, 62% free 3662K/9411K, paused 2ms+4ms
D/dalvikvm(  964): GC_CONCURRENT freed 717K, 62% free 3662K/9411K, paused 2ms+4ms
D/dalvikvm( 1244): GC_CONCURRENT freed 2010K, 36% free 13479K/20995K, paused 2ms+6ms
D/dalvikvm( 1699): GC_CONCURRENT freed 766K, 64% free 2745K/7619K, paused 107ms+2ms
D/dalvikvm(  964): GC_CONCURRENT freed 715K, 62% free 3662K/9411K, paused 2ms+4ms
D/dalvikvm( 1244): GC_CONCURRENT freed 2002K, 36% free 13470K/20995K, paused 1ms+5ms
D/dalvikvm(  964): GC_CONCURRENT freed 716K, 62% free 3662K/9411K, paused 2ms+5ms
D/dalvikvm( 1272): GC_CONCURRENT freed 1018K, 56% free 3753K/8515K, paused 1ms+1ms
D/dalvikvm( 1699): GC_CONCURRENT freed 702K, 64% free 2762K/7619K, paused 3ms+47ms
D/dalvikvm(  964): GC_CONCURRENT freed 716K, 62% free 3655K/9411K, paused 2ms+4ms
D/dalvikvm( 1244): GC_CONCURRENT freed 1992K, 36% free 13489K/20995K, paused 1ms+5ms
D/dalvikvm(  964): GC_CONCURRENT freed 705K, 62% free 3662K/9411K, paused 2ms+4ms
D/dalvikvm( 1244): GC_CONCURRENT freed 2012K, 36% free 13481K/20995K, paused 1ms+6ms
D/dalvikvm(  964): GC_CONCURRENT freed 716K, 62% free 3668K/9411K, paused 2ms+5ms
D/dalvikvm(  964): GC_CONCURRENT freed 721K, 62% free 3662K/9411K, paused 2ms+4ms
D/dalvikvm( 1699): GC_CONCURRENT freed 719K, 63% free 2826K/7619K, paused 127ms+53ms
D/HomePlayerLib( 1699): hostaddress count is 2
D/dhcpcd  ( 1565): sending DHCP_DISCOVER with xid 0x225c39ce, next in 32.55 seconds
D/dalvikvm( 1244): GC_CONCURRENT freed 2003K, 36% free 13481K/20995K, paused 1ms+6ms
D/dalvikvm(  964): GC_CONCURRENT freed 716K, 62% free 3662K/9411K, paused 2ms+4ms
D/dalvikvm( 1272): GC_CONCURRENT freed 1018K, 56% free 3755K/8515K, paused 0ms+1ms
D/dalvikvm( 1699): GC_CONCURRENT freed 849K, 64% free 2779K/7619K, paused 50ms+115ms
D/dalvikvm( 1244): GC_CONCURRENT freed 2003K, 36% free 13477K/20995K, paused 2ms+6ms
D/dalvikvm(  964): GC_CONCURRENT freed 714K, 62% free 3647K/9411K, paused 3ms+4ms
D/CheckNetWork( 1671): isOk true
D/CheckNetWork( 1671): ActInfoNetworkInfo: type: WIFI[], state: CONNECTED/CONNECTED, reason: (unspecified), extra: (none), roaming: false, failover: false, isAvailable: true
D/CheckNetWork( 1671): infoNetworkInfo: type: WIFI[], state: CONNECTED/CONNECTED, reason: (unspecified), extra: (none), roaming: false, failover: false, isAvailable: true
D/dalvikvm(  964): GC_CONCURRENT freed 694K, 62% free 3648K/9411K, paused 2ms+4ms
D/dalvikvm( 1699): GC_CONCURRENT freed 765K, 64% free 2803K/7619K, paused 128ms+10ms
D/dalvikvm( 1244): GC_CONCURRENT freed 2001K, 36% free 13481K/20995K, paused 1ms+6ms
D/dalvikvm(  964): GC_CONCURRENT freed 698K, 62% free 3662K/9411K, paused 2ms+4ms
D/dalvikvm(  964): GC_CONCURRENT freed 717K, 62% free 3662K/9411K, paused 2ms+4ms
D/dalvikvm( 1244): GC_CONCURRENT freed 2003K, 36% free 13476K/20995K, paused 1ms+6ms
D/dalvikvm( 1699): GC_CONCURRENT freed 814K, 64% free 2786K/7619K, paused 127ms+89ms
D/dalvikvm(  964): GC_CONCURRENT freed 716K, 62% free 3662K/9411K, paused 2ms+4ms
D/dalvikvm( 1244): GC_CONCURRENT freed 1998K, 36% free 13509K/20995K, paused 1ms+6ms
D/dalvikvm(  964): GC_CONCURRENT freed 716K, 62% free 3662K/9411K, paused 2ms+5ms
D/dalvikvm( 1272): GC_CONCURRENT freed 1018K, 56% free 3753K/8515K, paused 1ms+1ms
D/dalvikvm(  964): GC_CONCURRENT freed 716K, 62% free 3662K/9411K, paused 2ms+5ms
D/dalvikvm( 1244): GC_CONCURRENT freed 2032K, 36% free 13474K/20995K, paused 1ms+5ms
D/dalvikvm( 1699): GC_CONCURRENT freed 713K, 63% free 2864K/7619K, paused 110ms+108ms
D/dalvikvm(  964): GC_CONCURRENT freed 717K, 62% free 3662K/9411K, paused 2ms+4ms
D/dalvikvm( 1244): GC_CONCURRENT freed 1997K, 36% free 13479K/20995K, paused 1ms+6ms
D/dalvikvm(  964): GC_CONCURRENT freed 716K, 62% free 3662K/9411K, paused 2ms+4ms
D/dalvikvm(  964): GC_CONCURRENT freed 716K, 62% free 3662K/9411K, paused 2ms+4ms
W/ThrottleService(  964): unable to find stats for iface rmnet0
D/dalvikvm( 1244): GC_CONCURRENT freed 2002K, 36% free 13475K/20995K, paused 1ms+6ms
D/dalvikvm( 1699): GC_CONCURRENT freed 835K, 63% free 2845K/7619K, paused 88ms+3ms
D/dalvikvm(  964): GC_CONCURRENT freed 714K, 62% free 3664K/9411K, paused 2ms+5ms
D/dalvikvm( 1244): GC_CONCURRENT freed 1998K, 37% free 13432K/20995K, paused 1ms+6ms
D/dalvikvm( 1272): GC_CONCURRENT freed 1018K, 56% free 3752K/8515K, paused 1ms+1ms
D/dalvikvm(  964): GC_CONCURRENT freed 718K, 62% free 3662K/9411K, paused 2ms+4ms
D/dalvikvm(  964): GC_CONCURRENT freed 715K, 62% free 3662K/9411K, paused 2ms+4ms
D/dalvikvm( 1244): GC_CONCURRENT freed 1953K, 36% free 13487K/20995K, paused 1ms+6ms
D/dalvikvm(  964): GC_CONCURRENT freed 716K, 62% free 3668K/9411K, paused 2ms+4ms
D/dalvikvm(  964): GC_CONCURRENT freed 723K, 62% free 3668K/9411K, paused 2ms+4ms
D/dalvikvm( 1244): GC_CONCURRENT freed 2010K, 36% free 13468K/20995K, paused 1ms+5ms
D/dalvikvm( 1699): GC_CONCURRENT freed 897K, 64% free 2759K/7619K, paused 2ms+69ms
D/dalvikvm(  964): GC_CONCURRENT freed 723K, 62% free 3662K/9411K, paused 2ms+6ms
D/dalvikvm( 1244): GC_CONCURRENT freed 1991K, 36% free 13479K/20995K, paused 2ms+5ms
D/dalvikvm(  964): GC_CONCURRENT freed 715K, 62% free 3670K/9411K, paused 3ms+4ms
D/dalvikvm(  964): GC_CONCURRENT freed 726K, 62% free 3665K/9411K, paused 2ms+4ms
D/dalvikvm( 1244): GC_CONCURRENT freed 2002K, 36% free 13484K/20995K, paused 1ms+5ms
D/dalvikvm( 1272): GC_CONCURRENT freed 1018K, 56% free 3755K/8515K, paused 1ms+1ms
D/dalvikvm( 1699): GC_CONCURRENT freed 726K, 64% free 2815K/7619K, paused 37ms+9ms
D/dalvikvm(  964): GC_CONCURRENT freed 719K, 62% free 3668K/9411K, paused 2ms+4ms
D/dalvikvm( 1244): GC_CONCURRENT freed 2007K, 36% free 13483K/20995K, paused 1ms+5ms
D/dalvikvm(  964): GC_CONCURRENT freed 722K, 62% free 3659K/9411K, paused 2ms+4ms
D/dalvikvm(  964): GC_CONCURRENT freed 713K, 62% free 3651K/9411K, paused 2ms+4ms
D/dalvikvm( 1244): GC_CONCURRENT freed 2005K, 36% free 13482K/20995K, paused 2ms+4ms
D/dalvikvm(  964): GC_CONCURRENT freed 701K, 62% free 3665K/9411K, paused 2ms+4ms
D/dalvikvm( 1244): GC_CONCURRENT freed 2005K, 36% free 13464K/20995K, paused 2ms+4ms
D/dalvikvm(  964): GC_CONCURRENT freed 718K, 62% free 3665K/9411K, paused 2ms+4ms
D/dalvikvm( 1699): GC_CONCURRENT freed 807K, 64% free 2809K/7619K, paused 38ms+3ms
D/dalvikvm(  964): GC_CONCURRENT freed 719K, 62% free 3668K/9411K, paused 2ms+3ms
D/dalvikvm( 1244): GC_CONCURRENT freed 1987K, 36% free 13479K/20995K, paused 2ms+5ms
D/dalvikvm(  964): GC_CONCURRENT freed 723K, 62% free 3668K/9411K, paused 2ms+4ms
D/dalvikvm( 1272): GC_CONCURRENT freed 1018K, 56% free 3755K/8515K, paused 0ms+2ms
D/dalvikvm( 1244): GC_CONCURRENT freed 2002K, 37% free 13407K/20995K, paused 1ms+6ms
D/dalvikvm(  964): GC_CONCURRENT freed 721K, 62% free 3663K/9411K, paused 2ms+4ms
D/dalvikvm(  964): GC_CONCURRENT freed 715K, 62% free 3652K/9411K, paused 2ms+4ms
I/CheckinService( 1322): Preparing to send checkin request
I/EventLogService( 1322): Accumulating logs since 1365576451716
D/dalvikvm( 1244): GC_CONCURRENT freed 1928K, 36% free 13466K/20995K, paused 2ms+5ms
D/dalvikvm(  964): GC_CONCURRENT freed 702K, 62% free 3661K/9411K, paused 2ms+4ms
D/dalvikvm( 1699): GC_CONCURRENT freed 879K, 65% free 2730K/7619K, paused 71ms+102ms
E/Tools   ( 1866):  ------:: getHttpUrlConnData IOExceptionUnable to resolve host "app.longvisionmedia.com": No address associated with hostname
D/dalvikvm(  964): GC_CONCURRENT freed 713K, 62% free 3669K/9411K, paused 2ms+4ms
D/dalvikvm( 1244): GC_CONCURRENT freed 1989K, 36% free 13474K/20995K, paused 2ms+9ms
D/dalvikvm(  964): GC_CONCURRENT freed 724K, 62% free 3663K/9411K, paused 2ms+4ms
D/dalvikvm( 1244): GC_CONCURRENT freed 1997K, 36% free 13479K/20995K, paused 1ms+4ms
D/dalvikvm(  964): GC_CONCURRENT freed 716K, 62% free 3669K/9411K, paused 2ms+8ms
D/dalvikvm(  964): GC_CONCURRENT freed 721K, 61% free 3671K/9411K, paused 2ms+3ms
D/dalvikvm( 1699): GC_CONCURRENT freed 794K, 65% free 2709K/7619K, paused 41ms+142ms
D/dalvikvm( 1244): GC_CONCURRENT freed 2002K, 36% free 13458K/20995K, paused 1ms+5ms
D/dalvikvm( 1272): GC_CONCURRENT freed 1018K, 56% free 3754K/8515K, paused 1ms+1ms
D/dalvikvm(  964): GC_CONCURRENT freed 725K, 62% free 3670K/9411K, paused 3ms+4ms
D/dalvikvm( 1244): GC_CONCURRENT freed 1981K, 36% free 13490K/20995K, paused 1ms+4ms
D/dalvikvm(  964): GC_CONCURRENT freed 724K, 61% free 3672K/9411K, paused 2ms+7ms
D/dalvikvm(  964): GC_CONCURRENT freed 725K, 62% free 3663K/9411K, paused 2ms+4ms
W/CheckinRequestBuilder( 1322): Unknown phone type: 0 id=null
D/dalvikvm( 1244): GC_CONCURRENT freed 2012K, 36% free 13464K/20995K, paused 1ms+5ms
D/dalvikvm(  964): GC_CONCURRENT freed 716K, 62% free 3669K/9411K, paused 2ms+4ms
D/dalvikvm( 1244): GC_CONCURRENT freed 1987K, 36% free 13484K/20995K, paused 1ms+5ms
D/dalvikvm(  964): GC_CONCURRENT freed 725K, 62% free 3669K/9411K, paused 2ms+4ms
D/dalvikvm( 1699): GC_CONCURRENT freed 747K, 65% free 2727K/7619K, paused 2ms+11ms
D/dalvikvm(  964): GC_CONCURRENT freed 724K, 62% free 3670K/9411K, paused 3ms+4ms
D/dalvikvm( 1244): GC_CONCURRENT freed 2007K, 36% free 13469K/20995K, paused 2ms+5ms
I/wpa_supplicant( 1209): wlan0: WPA: Group rekeying completed with 5c:63:bf:f8:5d:de [GTK=TKIP]
D/dalvikvm(  964): GC_CONCURRENT freed 722K, 61% free 3675K/9411K, paused 2ms+4ms
D/dalvikvm( 1272): GC_CONCURRENT freed 1018K, 56% free 3754K/8515K, paused 1ms+2ms
D/dalvikvm( 1244): GC_CONCURRENT freed 1992K, 36% free 13448K/20995K, paused 2ms+5ms
D/dalvikvm(  964): GC_CONCURRENT freed 731K, 62% free 3667K/9411K, paused 2ms+5ms
D/dalvikvm( 1699): GC_CONCURRENT freed 742K, 65% free 2684K/7619K, paused 43ms+124ms
D/dalvikvm(  964): GC_CONCURRENT freed 721K, 62% free 3661K/9411K, paused 3ms+4ms
D/dalvikvm( 1244): GC_CONCURRENT freed 1971K, 36% free 13474K/20995K, paused 1ms+5ms
D/dalvikvm(  964): GC_CONCURRENT freed 714K, 62% free 3670K/9411K, paused 2ms+4ms
D/dalvikvm(  964): GC_CONCURRENT freed 724K, 62% free 3655K/9411K, paused 3ms+5ms
D/dalvikvm( 1244): GC_CONCURRENT freed 1997K, 36% free 13479K/20995K, paused 1ms+6ms
D/dhcpcd  ( 1565): sending DHCP_DISCOVER with xid 0x225c39ce, next in 64.29 seconds
D/dalvikvm(  964): GC_CONCURRENT freed 705K, 62% free 3669K/9411K, paused 2ms+4ms
D/dalvikvm( 1244): GC_CONCURRENT freed 2002K, 36% free 13479K/20995K, paused 2ms+4ms
D/dalvikvm(  964): GC_CONCURRENT freed 722K, 62% free 3669K/9411K, paused 3ms+6ms
D/dalvikvm( 1699): GC_CONCURRENT freed 697K, 65% free 2695K/7619K, paused 49ms+89ms
D/dalvikvm(  964): GC_CONCURRENT freed 721K, 62% free 3664K/9411K, paused 3ms+4ms
D/dalvikvm( 1244): GC_CONCURRENT freed 2002K, 36% free 13479K/20995K, paused 1ms+5ms
D/dalvikvm( 1272): GC_CONCURRENT freed 1018K, 56% free 3754K/8515K, paused 1ms+2ms
D/dalvikvm(  964): GC_CONCURRENT freed 715K, 62% free 3666K/9411K, paused 2ms+3ms
D/dalvikvm( 1244): GC_CONCURRENT freed 2002K, 36% free 13493K/20995K, paused 2ms+6ms
D/dalvikvm(  964): GC_CONCURRENT freed 721K, 62% free 3661K/9411K, paused 2ms+4ms
E/dhcpcd  ( 1565): timed out
D/dhcpcd  ( 1565): executing `/system/etc/dhcpcd/dhcpcd-run-hooks', reason FAIL
D/dalvikvm(  964): GC_CONCURRENT freed 712K, 62% free 3661K/9411K, paused 2ms+4ms
D/dhcpcd  ( 1565): broadcasting for a lease
D/dhcpcd  ( 1565): sending DHCP_DISCOVER with xid 0xed39b5d5, next in 3.91 seconds
D/dalvikvm( 1244): GC_CONCURRENT freed 2015K, 36% free 13487K/20995K, paused 2ms+5ms
D/dalvikvm( 1699): GC_CONCURRENT freed 654K, 65% free 2732K/7619K, paused 2ms+69ms
D/dalvikvm(  964): GC_CONCURRENT freed 713K, 62% free 3666K/9411K, paused 2ms+3ms
D/dalvikvm( 1244): GC_CONCURRENT freed 2010K, 36% free 13468K/20995K, paused 1ms+5ms
I/CheckinTask( 1322): Sending checkin request (1051 bytes)
D/dalvikvm( 2063): GC_CONCURRENT freed 1922K, 19% free 25851K/31683K, paused 3ms+5ms
D/dalvikvm(  964): GC_CONCURRENT freed 721K, 62% free 3666K/9411K, paused 2ms+8ms
D/dalvikvm(  964): GC_CONCURRENT freed 719K, 62% free 3664K/9411K, paused 2ms+4ms
D/dalvikvm( 1699): GC_CONCURRENT freed 704K, 65% free 2736K/7619K, paused 2ms+2ms
D/dalvikvm( 1244): GC_CONCURRENT freed 1989K, 36% free 13484K/20995K, paused 1ms+5ms
D/dalvikvm(  964): GC_CONCURRENT freed 716K, 61% free 3672K/9411K, paused 3ms+4ms
D/dalvikvm( 1244): GC_CONCURRENT freed 2006K, 36% free 13441K/20995K, paused 2ms+5ms
D/dalvikvm(  964): GC_CONCURRENT freed 726K, 62% free 3661K/9411K, paused 2ms+4ms
D/dalvikvm( 1272): GC_CONCURRENT freed 1018K, 56% free 3755K/8515K, paused 1ms+2ms
D/dhcpcd  ( 1565): sending DHCP_DISCOVER with xid 0xed39b5d5, next in 8.21 seconds
D/dalvikvm(  964): GC_CONCURRENT freed 713K, 62% free 3664K/9411K, paused 2ms+4ms
D/dalvikvm( 1244): GC_CONCURRENT freed 1964K, 36% free 13485K/20995K, paused 1ms+5ms
D/dalvikvm( 1699): GC_CONCURRENT freed 699K, 64% free 2811K/7619K, paused 70ms+2ms
D/dalvikvm(  964): GC_CONCURRENT freed 715K, 62% free 3669K/9411K, paused 2ms+4ms
D/dalvikvm(  964): GC_CONCURRENT freed 724K, 62% free 3666K/9411K, paused 3ms+4ms
D/dalvikvm( 1244): GC_CONCURRENT freed 2012K, 36% free 13484K/20995K, paused 3ms+6ms
D/dalvikvm(  964): GC_CONCURRENT freed 720K, 62% free 3658K/9411K, paused 2ms+6ms
D/HomePlayerLib( 1699): hostaddress count is 2
D/dalvikvm( 1244): GC_CONCURRENT freed 2007K, 36% free 13474K/20995K, paused 2ms+4ms
D/dalvikvm(  964): GC_CONCURRENT freed 709K, 62% free 3666K/9411K, paused 2ms+4ms
D/dalvikvm(  964): GC_CONCURRENT freed 719K, 62% free 3666K/9411K, paused 2ms+4ms
D/dalvikvm( 1699): GC_FOR_ALLOC freed 882K, 65% free 2727K/7619K, paused 965ms
D/dalvikvm( 1244): GC_CONCURRENT freed 1997K, 36% free 13484K/20995K, paused 2ms+5ms
D/dalvikvm(  964): GC_CONCURRENT freed 720K, 62% free 3658K/9411K, paused 2ms+4ms
D/dalvikvm( 1272): GC_CONCURRENT freed 1018K, 56% free 3755K/8515K, paused 1ms+1ms
D/dalvikvm( 1244): GC_CONCURRENT freed 2007K, 36% free 13479K/20995K, paused 2ms+5ms
D/dalvikvm(  964): GC_CONCURRENT freed 709K, 62% free 3666K/9411K, paused 2ms+4ms
D/dalvikvm(  964): GC_CONCURRENT freed 719K, 62% free 3658K/9411K, paused 2ms+4ms
D/dalvikvm( 1699): GC_CONCURRENT freed 136K, 61% free 3041K/7619K, paused 76ms+3ms
D/dalvikvm( 1244): GC_CONCURRENT freed 2002K, 36% free 13459K/20995K, paused 1ms+5ms
D/dalvikvm(  964): GC_CONCURRENT freed 709K, 62% free 3669K/9411K, paused 2ms+4ms
D/dalvikvm( 1244): GC_CONCURRENT freed 1981K, 36% free 13490K/20995K, paused 2ms+5ms
D/dalvikvm(  964): GC_CONCURRENT freed 724K, 62% free 3669K/9411K, paused 2ms+4ms
D/dalvikvm(  964): GC_CONCURRENT freed 723K, 62% free 3661K/9411K, paused 2ms+4ms
D/dhcpcd  ( 1565): sending DHCP_DISCOVER with xid 0xed39b5d5, next in 15.62 seconds
D/dalvikvm( 1244): GC_CONCURRENT freed 2012K, 36% free 13474K/20995K, paused 2ms+5ms
D/dalvikvm( 1699): GC_CONCURRENT freed 1100K, 64% free 2817K/7619K, paused 52ms+99ms
D/dalvikvm(  964): GC_CONCURRENT freed 712K, 62% free 3669K/9411K, paused 2ms+5ms
D/dalvikvm( 1244): GC_CONCURRENT freed 1995K, 37% free 13414K/20995K, paused 1ms+6ms
D/dalvikvm(  964): GC_CONCURRENT freed 724K, 62% free 3663K/9411K, paused 2ms+4ms
D/dalvikvm( 1272): GC_CONCURRENT freed 1018K, 56% free 3755K/8515K, paused 1ms+1ms
D/dalvikvm(  964): GC_CONCURRENT freed 716K, 62% free 3669K/9411K, paused 2ms+4ms
D/dalvikvm( 1699): GC_CONCURRENT freed 783K, 63% free 2835K/7619K, paused 18ms+4ms
D/dalvikvm( 1244): GC_CONCURRENT freed 1935K, 36% free 13491K/20995K, paused 2ms+5ms
D/dalvikvm(  964): GC_CONCURRENT freed 722K, 62% free 3666K/9411K, paused 2ms+4ms
D/dalvikvm(  964): GC_CONCURRENT freed 719K, 62% free 3666K/9411K, paused 2ms+4ms
D/dalvikvm( 1244): GC_CONCURRENT freed 2016K, 36% free 13483K/20995K, paused 2ms+6ms
D/dalvikvm( 1699): GC_CONCURRENT freed 833K, 64% free 2803K/7619K, paused 2ms+17ms
D/dalvikvm(  964): GC_CONCURRENT freed 720K, 62% free 3666K/9411K, paused 2ms+4ms
D/dalvikvm( 1244): GC_CONCURRENT freed 2006K, 36% free 13469K/20995K, paused 1ms+5ms
D/dalvikvm(  964): GC_CONCURRENT freed 719K, 62% free 3666K/9411K, paused 2ms+4ms
D/dalvikvm(  964): GC_CONCURRENT freed 719K, 62% free 3666K/9411K, paused 2ms+4ms
D/dalvikvm( 1244): GC_CONCURRENT freed 1992K, 36% free 13440K/20995K, paused 1ms+5ms
D/dalvikvm(  964): GC_CONCURRENT freed 717K, 62% free 3661K/9411K, paused 2ms+4ms
D/dalvikvm( 1272): GC_CONCURRENT freed 1018K, 56% free 3755K/8515K, paused 1ms+1ms
D/dalvikvm( 1244): GC_CONCURRENT freed 1962K, 36% free 13473K/20995K, paused 2ms+5ms
D/dalvikvm( 1699): GC_CONCURRENT freed 782K, 64% free 2819K/7619K, paused 37ms+3ms
D/dalvikvm(  964): GC_CONCURRENT freed 712K, 62% free 3669K/9411K, paused 2ms+3ms
D/dalvikvm(  964): GC_CONCURRENT freed 724K, 62% free 3663K/9411K, paused 2ms+4ms
D/dalvikvm( 1244): GC_CONCURRENT freed 1996K, 36% free 13474K/20995K, paused 1ms+4ms
D/UploadCheckerService( 1352): Can't Connect to CIBN_SERVER_PATH!  Address: http://tms.cibntest.ysten.com:8080/
D/UploadCheckerService( 1352): Can't Connect to CIBN_SERVER_PATH!  retryTime is : 32
D/dalvikvm(  964): GC_CONCURRENT freed 716K, 62% free 3667K/9411K, paused 2ms+3ms
D/dalvikvm( 1244): GC_CONCURRENT freed 1997K, 36% free 13479K/20995K, paused 2ms+8ms
D/dalvikvm(  964): GC_CONCURRENT freed 722K, 62% free 3652K/9411K, paused 2ms+3ms
D/dalvikvm(  964): GC_CONCURRENT freed 701K, 62% free 3666K/9411K, paused 2ms+4ms
D/dalvikvm( 1699): GC_CONCURRENT freed 807K, 64% free 2814K/7619K, paused 7ms+5ms
D/dalvikvm( 1244): GC_CONCURRENT freed 2002K, 36% free 13484K/20995K, paused 2ms+5ms
D/dalvikvm(  964): GC_CONCURRENT freed 719K, 62% free 3652K/9411K, paused 2ms+4ms
D/dalvikvm( 1244): GC_CONCURRENT freed 2007K, 36% free 13438K/20995K, paused 1ms+4ms
D/dalvikvm(  964): GC_CONCURRENT freed 703K, 62% free 3666K/9411K, paused 2ms+4ms
D/dalvikvm( 1272): GC_CONCURRENT freed 1018K, 56% free 3755K/8515K, paused 1ms+1ms
D/dalvikvm(  964): GC_CONCURRENT freed 719K, 62% free 3663K/9411K, paused 2ms+4ms
D/UploadCheckerService( 1352): Can't Connect to CIBN_SERVER_PATH!  Address: http://tms.cibntest.ysten.com:8080/
D/UploadCheckerService( 1352): Can't Connect to CIBN_SERVER_PATH!  retryTime is : 33
D/dalvikvm( 1244): GC_CONCURRENT freed 1961K, 36% free 13487K/20995K, paused 2ms+5ms
D/dalvikvm(  964): GC_CONCURRENT freed 715K, 62% free 3663K/9411K, paused 3ms+3ms
D/CheckNetWork( 1671): isOk true
D/CheckNetWork( 1671): ActInfoNetworkInfo: type: WIFI[], state: CONNECTED/CONNECTED, reason: (unspecified), extra: (none), roaming: false, failover: false, isAvailable: true
D/CheckNetWork( 1671): infoNetworkInfo: type: WIFI[], state: CONNECTED/CONNECTED, reason: (unspecified), extra: (none), roaming: false, failover: false, isAvailable: true
D/dalvikvm(  964): GC_CONCURRENT freed 717K, 61% free 3670K/9411K, paused 3ms+4ms
D/dalvikvm( 1699): GC_CONCURRENT freed 854K, 64% free 2761K/7619K, paused 7ms+2ms
D/dalvikvm( 1244): GC_CONCURRENT freed 2009K, 36% free 13488K/20995K, paused 1ms+5ms
D/dalvikvm(  964): GC_CONCURRENT freed 725K, 62% free 3669K/9411K, paused 2ms+4ms
D/dalvikvm( 1244): GC_CONCURRENT freed 2011K, 36% free 13479K/20995K, paused 2ms+5ms
D/dalvikvm(  964): GC_CONCURRENT freed 723K, 62% free 3669K/9411K, paused 2ms+3ms
D/UploadCheckerService( 1352): Can't Connect to CIBN_SERVER_PATH!  Address: http://tms.cibntest.ysten.com:8080/
D/UploadCheckerService( 1352): Can't Connect to CIBN_SERVER_PATH!  retryTime is : 34
D/dalvikvm(  964): GC_CONCURRENT freed 724K, 62% free 3666K/9411K, paused 2ms+4ms
D/dhcpcd  ( 1565): sending DHCP_DISCOVER with xid 0xed39b5d5, next in 31.55 seconds
D/dalvikvm( 1244): GC_CONCURRENT freed 2002K, 36% free 13482K/20995K, paused 2ms+5ms
D/dalvikvm(  964): GC_CONCURRENT freed 720K, 62% free 3669K/9411K, paused 2ms+4ms
D/dalvikvm( 1272): GC_CONCURRENT freed 1018K, 56% free 3755K/8515K, paused 1ms+2ms
D/dalvikvm( 1699): GC_CONCURRENT freed 736K, 65% free 2680K/7619K, paused 68ms+58ms
D/dalvikvm( 1244): GC_CONCURRENT freed 2004K, 36% free 13488K/20995K, paused 2ms+5ms
D/dalvikvm(  964): GC_CONCURRENT freed 723K, 62% free 3669K/9411K, paused 2ms+4ms
D/dalvikvm(  964): GC_CONCURRENT freed 723K, 62% free 3657K/9411K, paused 2ms+4ms
D/dalvikvm( 1244): GC_CONCURRENT freed 2011K, 36% free 13469K/20995K, paused 2ms+5ms
D/dalvikvm(  964): GC_CONCURRENT freed 707K, 62% free 3666K/9411K, paused 2ms+4ms
D/dalvikvm( 1244): GC_CONCURRENT freed 1992K, 36% free 13495K/20995K, paused 1ms+10ms
D/dalvikvm(  964): GC_CONCURRENT freed 719K, 62% free 3669K/9411K, paused 2ms+4ms
D/dalvikvm(  964): GC_CONCURRENT freed 723K, 62% free 3669K/9411K, paused 2ms+4ms
D/dalvikvm( 1699): GC_CONCURRENT freed 724K, 65% free 2711K/7619K, paused 43ms+70ms
D/dalvikvm( 1244): GC_CONCURRENT freed 2018K, 36% free 13489K/20995K, paused 2ms+5ms
D/dalvikvm(  964): GC_CONCURRENT freed 723K, 62% free 3666K/9411K, paused 2ms+4ms
D/dalvikvm( 1244): GC_CONCURRENT freed 2012K, 37% free 13427K/20995K, paused 2ms+5ms
D/dalvikvm(  964): GC_CONCURRENT freed 718K, 62% free 3654K/9411K, paused 2ms+4ms
D/dalvikvm( 1272): GC_CONCURRENT freed 1018K, 56% free 3755K/8515K, paused 1ms+2ms
D/dalvikvm(  964): GC_CONCURRENT freed 707K, 62% free 3669K/9411K, paused 2ms+4ms
D/dalvikvm( 1699): GC_FOR_ALLOC freed 722K, 64% free 2754K/7619K, paused 1001ms
D/dalvikvm( 1244): GC_CONCURRENT freed 1950K, 36% free 13490K/20995K, paused 1ms+5ms
D/dalvikvm(  964): GC_CONCURRENT freed 724K, 62% free 3666K/9411K, paused 3ms+4ms
D/dalvikvm(  964): GC_CONCURRENT freed 718K, 62% free 3666K/9411K, paused 2ms+4ms
D/dalvikvm( 1244): GC_CONCURRENT freed 2013K, 36% free 13488K/20995K, paused 1ms+5ms
D/dalvikvm(  964): GC_CONCURRENT freed 719K, 62% free 3663K/9411K, paused 2ms+4ms
D/dalvikvm( 1244): GC_CONCURRENT freed 2009K, 36% free 13458K/20995K, paused 1ms+5ms
D/dalvikvm( 1699): GC_CONCURRENT freed 712K, 63% free 2822K/7619K, paused 40ms+129ms
D/dalvikvm(  964): GC_CONCURRENT freed 718K, 62% free 3654K/9411K, paused 2ms+4ms
D/dalvikvm(  964): GC_CONCURRENT freed 706K, 62% free 3657K/9411K, paused 2ms+4ms
D/dalvikvm( 1244): GC_CONCURRENT freed 1980K, 36% free 13473K/20995K, paused 1ms+5ms
D/dalvikvm(  964): GC_CONCURRENT freed 707K, 62% free 3669K/9411K, paused 2ms+4ms
D/dalvikvm( 1272): GC_CONCURRENT freed 1018K, 56% free 3755K/8515K, paused 1ms+2ms
D/dalvikvm( 1244): GC_CONCURRENT freed 1996K, 36% free 13464K/20995K, paused 2ms+4ms
D/dalvikvm(  964): GC_CONCURRENT freed 722K, 62% free 3669K/9411K, paused 2ms+4ms
D/dalvikvm(  964): GC_CONCURRENT freed 723K, 62% free 3660K/9411K, paused 2ms+4ms
D/dalvikvm( 1699): GC_CONCURRENT freed 799K, 65% free 2699K/7619K, paused 43ms+49ms
D/dalvikvm( 1244): GC_CONCURRENT freed 1987K, 36% free 13480K/20995K, paused 2ms+5ms
D/dalvikvm(  964): GC_CONCURRENT freed 712K, 62% free 3666K/9411K, paused 2ms+4ms
D/dalvikvm( 1244): GC_CONCURRENT freed 2002K, 36% free 13484K/20995K, paused 1ms+5ms
D/dalvikvm(  964): GC_CONCURRENT freed 719K, 62% free 3666K/9411K, paused 2ms+5ms
D/dalvikvm(  964): GC_CONCURRENT freed 719K, 62% free 3657K/9411K, paused 3ms+4ms
D/dalvikvm( 1244): GC_CONCURRENT freed 2007K, 36% free 13479K/20995K, paused 2ms+5ms
D/dalvikvm(  964): GC_CONCURRENT freed 709K, 62% free 3666K/9411K, paused 2ms+3ms
D/dalvikvm( 1699): GC_CONCURRENT freed 659K, 63% free 2852K/7619K, paused 161ms+3ms
D/dalvikvm(  964): GC_CONCURRENT freed 719K, 62% free 3637K/9411K, paused 2ms+5ms
D/dalvikvm( 1244): GC_CONCURRENT freed 2002K, 37% free 13433K/20995K, paused 1ms+5ms
D/dalvikvm( 1272): GC_CONCURRENT freed 1018K, 56% free 3755K/8515K, paused 0ms+1ms
D/dalvikvm(  964): GC_CONCURRENT freed 690K, 62% free 3661K/9411K, paused 2ms+3ms
D/dalvikvm( 1244): GC_CONCURRENT freed 1956K, 36% free 13469K/20995K, paused 1ms+4ms
D/dalvikvm(  964): GC_CONCURRENT freed 714K, 62% free 3666K/9411K, paused 2ms+4ms
D/dalvikvm(  964): GC_CONCURRENT freed 721K, 62% free 3663K/9411K, paused 3ms+4ms
D/dalvikvm( 1244): GC_CONCURRENT freed 1992K, 36% free 13468K/20995K, paused 1ms+5ms
D/dalvikvm(  964): GC_CONCURRENT freed 717K, 62% free 3663K/9411K, paused 2ms+6ms
D/dalvikvm( 1244): GC_CONCURRENT freed 1989K, 36% free 13471K/20995K, paused 2ms+5ms
D/dalvikvm( 1699): GC_CONCURRENT freed 861K, 63% free 2847K/7619K, paused 75ms+114ms
D/dalvikvm(  964): GC_CONCURRENT freed 721K, 62% free 3669K/9411K, paused 2ms+4ms
D/dalvikvm(  964): GC_CONCURRENT freed 723K, 62% free 3670K/9411K, paused 2ms+4ms
D/dalvikvm( 1244): GC_CONCURRENT freed 1994K, 36% free 13474K/20995K, paused 2ms+5ms
D/dalvikvm(  964): GC_CONCURRENT freed 725K, 62% free 3666K/9411K, paused 2ms+4ms
D/dalvikvm( 1272): GC_CONCURRENT freed 1018K, 56% free 3755K/8515K, paused 1ms+1ms
D/dalvikvm( 1244): GC_CONCURRENT freed 1997K, 36% free 13485K/20995K, paused 2ms+9ms
D/dalvikvm(  964): GC_CONCURRENT freed 720K, 62% free 3663K/9411K, paused 2ms+4ms
D/dalvikvm( 1699): GC_CONCURRENT freed 896K, 64% free 2763K/7619K, paused 62ms+9ms
