[64211.100625] c4
I//lib/ld-linux.so.3(  748): FrmCnt:11930(31,520,16) Rate:0 Sys:64212235 STC:2415423 VPTS:1112640 APTS:1112832 Delay:-1302743(40) V:0 A:0 VES:0x2f20 AES:0x0 PCM:0x0 AudioErr:0x2
[64213.170838] Drop 45600.
D/DataSource_M3U8(  744): 
D/DataSource_M3U8(  744): ================================
D/DataSource_M3U8(  744): 
D/DataSource_M3U8(  744): Warnig: Reconnect again! mCurDowningIndex:237 
D/DataSource_M3U8(  744):  Reconnect Url : http://cibn-iss1.longvisionmedia.com:8088/vod/CIBN2013_CIBN2113040100001913_12001300/238.ts 
D/DataSource_M3U8(  744): 
D/DataSource_M3U8(  744): ================================
D/Downloader(  744): [downloadThread]Downloader::removeTask  
I//lib/ld-linux.so.3(  748): FrmCnt:11930(31,520,16) Rate:0 Sys:64213751 STC:2416939 VPTS:1112640 APTS:1112832 Delay:-1304259(40) V:0 A:0 VES:0x2f20 AES:0x0 PCM:0x0 AudioErr:0x2
[64214.216605] c4
I//lib/ld-linux.so.3(  748): FrmCnt:11930(31,520,16) Rate:0 Sys:64215267 STC:2418456 VPTS:1112640 APTS:1112832 Delay:-1305776(40) V:0 A:0 VES:0x2f20 AES:0x0 PCM:0x0 AudioErr:0x2
[64215.666822] Drop 45700.
D/DataSource_M3U8(  744): ----------UpdatePlaylistThread runing... 
I//lib/ld-linux.so.3(  748): FrmCnt:11930(31,520,16) Rate:0 Sys:64216784 STC:2419972 VPTS:1112640 APTS:1112832 Delay:-1307292(40) V:0 A:0 VES:0x2f20 AES:0x0 PCM:0x0 AudioErr:0x2
D/Easybus (  753): [easy_ctrl_udp_receive_thread.89] recvfrom n=69
D/Easybus (  753): [easy_ctrl_udp_receive_thread.98] recvAddr:192.168.43.186:38683
D/Easybus (  753): [easy_ctrl_decompose_frame.38] msgLen: 69 
D/Easybus (  753): the receive frame: 
D/Easybus (  753): 45 43 45 42 01 01 01 01 00 00 
D/Easybus (  753): 00 00 00 00 00 00 00 00 00 00 
D/Easybus (  753): 00 00 00 00 00 00 11 5e 65 61 
D/Easybus (  753): 73 79 68 65 61 72 74 62 65 61 
D/Easybus (  753): 74 00 00 00 00 00 00 0d 65 61 
D/Easybus (  753): 73 79 68 65 61 72 74 62 65 61 
D/Easybus (  753): 74 
D/Easybus (  753): 48 
D/Easybus (  753): bf 
D/Easybus (  753): 1e 
D/Easybus (  753): d5 
D/Easybus (  753): 01 
D/Easybus (  753): a0 
D/Easybus (  753): 12 
D/Easybus (  753): f8 
D/Easybus (  753): 
D/Easybus (  753): [easy_ctrl_decompose_frame.74] crcFlag=1
D/Easybus (  753): [easy_ctrl_decompose_frame.82] encryptFlag=1
D/Easybus (  753): [easy_ctrl_decompose_frame.96] msgNum=4446
D/Easybus (  753): [easy_ctrl_decompose_frame.101] msgType=easyheartbeat
D/Easybus (  753): [easy_ctrl_decompose_frame.107] data.msgDataSize=13
D/Easybus (  753): [easy_crc32.77] size=61
D/Easybus (  753): [easy_ctrl_decompose_frame.121] crcRecv:0x48bf1ed5, crcGen:0x48bf1ed5 
D/Easybus (  753): [easy_ctrl_decompose_frame.143] encryptRecv:0x1a012f8, encryptGen:0x1a012f8 
D/Easybus (  753): [easy_ctrl_decompose_frame.158] msgData=easyheartbeat
D/Easybus (  753): [easy_ctrl_msg_dispatch.87] start
D/Easybus (  753): [easy_ctrl_vinput_msg_cb.399] start
D/Easybus (  753): [easy_ctrl_vinput_msg_cb.413] data->msgType:easyheartbeat
D/Easybus (  753): [easy_ctrl_vinput_msg_cb.463] end
D/Easybus (  753): [easy_ctrl_all_msg_cb.59] start
D/Easybus (  753): easy_msg buf = addr.ip=192.168.43.186,addr.port=38683,msgType=easyheartb[64217.096569] c4
eat,msgData=easyheartbeat
D/Easybus (  753): [easy_ctrl_iface_send.445] priv->sock = 9
D/Easybus (  753): [easy_ctrl_iface_send.449] msgtype=easyheartbeat bufLen=82, buf=addr.ip=192.168.43.186,addr.port=38683,msgType=easyheartbeat,msgData=easyheartbeat
D/Easybus (  753): [easy_ctrl_iface_send.457] dst->addr: 127.0.0.1:56078
D/Easybus (  753): [easy_ctrl_iface_send.461] dst->msgtype[0]: easyscreen
D/Easybus (  753): [easy_ctrl_iface_send.461] dst->msgtype[1]: easyheartbeat
D/Easybus (  753): [easy_ctrl_iface_send.464] sendto: 127.0.0.1:56078
D/Easybus (  753): [easy_ctrl_iface_send.477] sendto success !, res=82
D/Easybus (  753): [easy_ctrl_iface_send.457] dst->addr: 127.0.0.1:37286
D/Easybus (  753): [easy_ctrl_iface_send.461] dst->msgtype[0]: easyime
D/Easybus (  753): [easy_ctrl_iface_send.461] dst->msgtype[1]: easyheartbeat
D/Easybus (  753): [easy_ctrl_iface_send.464] sendto: 127.0.0.1:37286
D/Easybus (  753): [easy_ctrl_iface_send.477] sendto success !, res=82
D/Easybus (  753): [easy_ctrl_iface_send.457] dst->addr: 127.0.0.1:34633
D/Easybus (  753): [easy_ctrl_iface_send.461] dst->msgtype[0]: easyime
D/Easybus (  753): [easy_ctrl_iface_send.461] dst->msgtype[1]: easyheartbeat
D/Easybus (10351): [easybus_receive.208] res: 0, nread: 82
D/Easybus (  753): [easy_ctrl_iface_send.464] sendto: 127.0.0.1:34633
D/Easybus (10351): [easybus_receive.223] receive buf: addr.ip=192.168.43.186,addr.port=38683,msgType=easyheartbeat,msgData=easyheartbeat
D/Easybus (10351): ip = 192.168.43.186
D/Easybus (10351): str2 - str1 = 5
D/Easybus (10351): port_str = 38683
D/Easybus (10351): port = 38683
D/Easybus (10351): str2 - str1 = 13
D/Easybus (10351): msgType = easyheartbeat
D/Easybus (10351): msgDataSize = 13
D/Easybus (10351): msgData = easyheartbeat
D/Easybus (10351): [easybus_receive.265] addr:192.168.43.186:38683, msgType=easyheartbeat, msgData=easyheartbeat
D/Easybus (10351): [easybus_receive.275] end ret=0
D/Easybus (  753): [easy_ctrl_iface_send.477] sendto success !, res=82
D/Easybus (10351): [easybus/easybus/easybus_jni.c.easybusReceive.52] receive ret = 0
D/Easybus (  753): [easy_ctrl_iface_send.457] dst->addr: 127.0.0.1:39462
D/Easybus (  753): [easy_ctrl_iface_send.461] dst->msgtype[0]: easyime
D/Easybus (  753): [easy_ctrl_iface_send.461] dst->msgtype[1]: easyheartbeat
D/Easybus (  753): [easy_ctrl_iface_send.464] sendto: 127.0.0.1:39462
D/Easybus (  753): [easy_ctrl_iface_send.477] sendto success !, res=82
D/Easybus (  753): [easy_ctrl_iface_send.457] dst->addr: 127.0.0.1:45302
D/Easybus (  753): [easy_ctrl_iface_send.461] dst->msgtype[0]: easyscreen
D/Easybus (  753): [easy_ctrl_iface_send.461] dst->msgtype[1]: easyheartbeat
D/Easybus (  753): [easy_ctrl_iface_send.464] sendto: 127.0.0.1:45302
D/Easybus (  753): [easy_ctrl_iface_send.477] sendto success !, res=82
D/Easybus (  753): [easy_ctrl_iface_send.457] dst->addr: 127.0.0.1:43718
D/Easybus (  753): [easy_ctrl_iface_send.461] dst->msgtype[0]: easyime
D/Easybus (  753): [easy_ctrl_iface_send.461] dst->msgtype[1]: easyheartbeat
D/Easybus (  753): [easy_ctrl_iface_send.464] sendto: 127.0.0.1:43718
D/Easybus (  753): [easy_ctrl_iface_send.477] sendto success !, res=82
D/Easybus (  753): [easy_ctrl_iface_send.457] dst->addr: 127.0.0.1:49827
D/Easybus (  753): [easy_ctrl_iface_send.461] dst->msgtype[0]: easyscreen
D/Easybus (  753): [easy_ctrl_iface_send.461] dst->msgtype[1]: easyheartbeat
D/Easybus (  753): [easy_ctrl_iface_send.464] sendto: 127.0.0.1:49827
D/Easybus (  753): [easy_ctrl_iface_send.477] sendto success !, res=82
D/Easybus (  753): [easy_ctrl_iface_send.457] dst->addr: 127.0.0.1:35356
D/Easybus (  753): [easy_ctrl_iface_send.461] dst->msgtype[0]: easyscreen
D/Easybus (  753): [easy_ctrl_iface_send.461] dst->msgtype[1]: easyheartbeat
D/Easybus (  753): [easy_ctrl_iface_send.464] sendto: 127.0.0.1:35356
D/Easybus (  753): [easy_ctrl_iface_send.477] sendto success !, res=82
D/Easybus (  753): [easy_ctrl_iface_send.457] dst->addr: 127.0.0.1:48541
D/Easybus (  753): [easy_ctrl_iface_send.461] dst->msgtype[0]: easyime
D/Easybus (  753): [easy_ctrl_iface_send.461] dst->msgtype[1]: easyheartbeat
D/Easybus (  753): [easy_ctrl_iface_send.464] sendto: 127.0.0.1:48541
D/Easybus (  753): [easy_ctrl_iface_send.477] sendto success !, res=82
D/Easybus (  753): [easy_ctrl_iface_send.457] dst->addr: 127.0.0.1:40945
D/Easybus (  753): [easy_ctrl_iface_send.461] dst->msgtype[0]: easyscreen
D/Easybus (10369): [easybus_receive.208] res: 0, nread: 82
D/Easybus (10369): [easybus_receive.223] receive buf: addr.ip=192.168.43.186,addr.port=38683,msgType=easyheartbeat,msgData=easyheartbeat
D/Easybus (10369): ip = 192.168.43.186
D/Easybus (10369): str2 - str1 = 5
D/Easybus (10369): port_str = 38683
D/Easybus (10369): port = 38683
D/Easybus (10369): str2 - str1 = 13
D/Easybus (10369): msgType = easyheartbeat
D/Easybus (10369): msgDataSize = 13
D/Easybus (10369): msgData = easyheartbeat
D/Easybus (10369): [easybus_receive.265] addr:192.168.43.186:38683, msgType=easyheartbeat, msgData=easyheartbeat
D/Easybus (10369): [easybus_receive.275] end ret=0
D/Easybus (10369): [easybus/easybus/easybus_jni.c.easybusReceive.52] receive ret = 0
D/Easybus (10351): [easybus/easybus/easybus_jni.c.easybusReceive.72] receive success !
D/Easybus (10351): [easybus/easybus/easybus_jni.c.easybusReceive.73] addr:192.168.43.186:38683, mode:0, msgType:easyheartbeat, msgData:easyheartbeat
D/Easybus (10351): [easybus/easybus/easybus_jni.c.easybusSend.126] addr:192.168.43.186:38683, mode:0, msgType:easyheartbeat, msgDataSize: 13, msgData:easyheartbeat
D/Easybus (10351): [easybus_send.295] start
D/Easybus (10351): [easybus_send.296] monitor_conn=0x1bca40
D/Easybus (10351): [easybus_send.315] send buf:SEND addr.ip=192.168.43.186,addr.port=38683,msgType=easyheartbeat,msgData=easyheartbeat
D/Easybus (  753): [easy_ctrl_iface_receive.219] start
D/Easybus (  753): [easy_ctrl_iface_receive.235] from addr: 127.0.0.1:48108
D/Easybus (  753): [easy_ctrl_iface_receive.237] receive res:111, buf:COOKIE=340b7d3ef079f24f SEND addr.ip=192.168.43.186,addr.port=38683,msgType=easyheartbeat,msgData=easyheartbeat
D/Easybus (  753): [easy_ctrl_iface_process.154] buf: SEND addr.ip=192.168.43.186,addr.port=38683,msgType=easyheartbeat,msgData=easyheartbeat
D/Easybus (  753): ip = 192.168.43.186
D/Easybus (  753): str2 - str1 = 5
D/Easybus (  753): port_str = 38683
D/Easybus (  753): port = 38683
D/Easybus (  753): str2 - str1 = 13
D/Easybus (  753): msgType = easyheartbeat
D/Easybus (  753): msgData = easyheartbeat
D/Easybus (  753): easy_ctrl_iface_process addr.ip=192.168.43.186,addr.port=38683,msgType=easyheartbeat,msgData=easyheartbeat
D/Easybus (  753): [easy_ctrl_compose_frame.178] start
D/Easybus (  753): [easy_ctrl_compose_frame.226] data->msgDataSize:13 
D/Easybus (  753): [easy_crc32.77] size=61
D/Easybus (  753): [easy_ctrl_compose_frame.240] crcGen:0x1ea898bc 
D/Easybus (  753): [easy_ctrl_compose_frame.257] encryptGen:0x9800740 
D/Easybus (  753): the composed frame: 
D/Easybus (  753): 45 43 45 42 01 01 01 01 00 00 
D/Easybus (  753): 00 00 00 00 00 00 00 00 00 00 
D/Easybus (  753): 00 00 00 00 00 00 00 00 65 61 
D/Easybus (  753): 73 79 68 65 61 72 74 62 65 61 
D/Easybus (  753): 74 00 00 00 00 00 00 0d 65 61 
D/Easybus (  753): 73 79 68 65 61 72 74 62 65 61 
D/Easybus (  753): 74 
D/Easybus (  753): 1e 
D/Easybus (  753): a8 
D/Easybus (  753): 98 
D/Easybus (  753): bc 
D/Easybus (  753): 09 
D/Easybus (  753): 80 
D/Easybus (  753): 07 
D/Easybus (  753): 40 
D/Easybus (  753): 
D/Easybus (  753): thr_udp_send start
D/Easybus (  753): ip:192.168.43.186:38683, cmd_len:69
D/Easybus (  753): thr_udp_send end
D/Easybus (  753): [easy_ctrl_iface_process.201] ret: 0
D/Easybus (  753): [easy_ctrl_iface_receive.316] reply=0x0, reply_len=2
D/Easybus (  753): [easy_ctrl_iface_receive.334] end
D/Easybus (10351): [easybus_send.319] res=0, reply=OK
D/Easybus (10351): 
D/Easybus (10351): [easybus_send.335] end ret=0
D/Easybus (10351): [easybus/easybus/easybus_jni.c.easybusSend.131] send ret = 0
D/Easybus (10351): [easybus_receive.159] start
D/Easybus (10351): [easybus_receive.160] monitor_conn=0x1cc958
D/Easybus (  753): [easy_ctrl_iface_send.461] dst->msgtype[1]: easyheartbeat
D/Easybus (  753): [easy_ctrl_iface_send.464] sendto: 127.0.0.1:40945
D/Easybus (  753): [easy_ctrl_iface_send.477] sendto success !, res=82
D/Easybus (  753): [easy_ctrl_all_msg_cb.82] end
D/Easybus (  753): [easy_ctrl_msg_dispatch.90] end
D/Easybus (10369): [easybus/easybus/easybus_jni.c.easybusReceive.72] receive success !
D/Easybus (10369): [easybus/easybus/easybus_jni.c.easybusReceive.73] addr:192.168.43.186:38683, mode:0, msgType:easyheartbeat, msgData:easyheartbeat
I/MonitorCw880(10369): easybusReceive success !
D/MonitorCw880(10369):  easybusMsg.remoteIp=  192.168.43.186 easybusMsg.remotePort=  38683 easybusMsg.msgType=  easyheartbeat easybusMsg.msgData=  easyheartbeat
D/MonitorCw880(10369): udp -> ip error -> currentRemoteHost=null easybusMsg.remoteIp=192.168.43.186, counter=3
D/Easybus (10369): [easybus_receive.159] start
D/Easybus (10369): [easybus_receive.160] monitor_conn=0x1b2378
D/dalvikvm( 1783): GC_CONCURRENT freed 703K, 63% free 2979K/7939K, paused 2ms+2ms
D/dalvikvm( 1783): GC_CONCURRENT freed 861K, 64% free 2896K/7939K, paused 2ms+3ms
D/dalvikvm( 1783): GC_CONCURRENT freed 749K, 64% free 2880K/7939K, paused 2ms+3ms
[64218.134844] Drop 45800.
I//lib/ld-linux.so.3(  748): FrmCnt:11930(31,520,16) Rate:0 Sys:64218307 STC:2421495 VPTS:1112640 APTS:1112832 Delay:-1308815(40) V:0 A:0 VES:0x2f20 AES:0x0 PCM:0x0 AudioErr:0x2
D/HomePlayerLib( 1783): hostaddress count is 2
D/dalvikvm( 1783): GC_CONCURRENT freed 726K, 64% free 2863K/7939K, paused 3ms+3ms
D/dalvikvm( 1783): GC_CONCURRENT freed 709K, 64% free 2865K/7939K, paused 2ms+3ms
[64219.268638] c4
D/dalvikvm( 1783): GC_CONCURRENT freed 701K, 64% free 2928K/7939K, paused 4ms+2ms
D/Easybus (  753): [easy_ctrl_udp_receive_thread.89] recvfrom n=69
D/Easybus (  753): [easy_ctrl_udp_receive_thread.98] recvAddr:192.168.43.186:38683
D/Easybus (  753): [easy_ctrl_decompose_frame.38] msgLen: 69 
D/Easybus (  753): the receive frame: 
D/Easybus (  753): 45 43 45 42 01 01 01 01 00 00 
D/Easybus (  753): 00 00 00 00 00 00 00 00 00 00 
D/Easybus (  753): 00 00 00 00 00 00 11 5f 65 61 
D/Easybus (  753): 73 79 68 65 61 72 74 62 65 61 
D/Easybus (  753): 74 00 00 00 00 00 00 0d 65 61 
D/Easybus (  753): 73 79 68 65 61 72 74 62 65 61 
D/Easybus (  753): 74 
D/Easybus (  753): d2 
D/Easybus (  753): 6c 
D/Easybus (  753): 9d 
D/Easybus (  753): ba 
D/Easybus (  753): 09 
D/Easybus (  753): 40 
D/Easybus (  753): 34 
D/Easybus (  753): 60 
D/Easybus (  753): 
D/Easybus (  753): [easy_ctrl_decompose_frame.74] crcFlag=1
D/Easybus (  753): [easy_ctrl_decompose_frame.82] encryptFlag=1
D/Easybus (  753): [easy_ctrl_decompose_frame.96] msgNum=4447
D/Easybus (  753): [easy_ctrl_decompose_frame.101] msgType=easyheartbeat
D/Easybus (  753): [easy_ctrl_decompose_frame.107] data.msgDataSize=13
D/Easybus (  753): [easy_crc32.77] size=61
D/Easybus (  753): [easy_ctrl_decompose_frame.121] crcRecv:0xd26c9dba, crcGen:0xd26c9dba 
D/Easybus (  753): [easy_ctrl_decompose_frame.143] encryptRecv:0x9403460, encryptGen:0x9403460 
D/Easybus (  753): [easy_ctrl_decompose_frame.158] msgData=easyheartbeat
D/Easybus (  753): [easy_ctrl_msg_dispatch.87] start
D/Easybus (  753): [easy_ctrl_vinput_msg_cb.399] start
D/Easybus (  753): [easy_ctrl_vinput_msg_cb.413] data->msgType:easyheartbeat
D/Easybus (  753): [easy_ctrl_vinput_msg_cb.463] end
D/Easybus (  753): [easy_ctrl_all_msg_cb.59] start
D/Easybus (  753): easy_msg buf = addr.ip=192.168.43.186,addr.port=38683,msgType=easyheartbeat,msgData=easyheartbeat
D/Easybus (  753): [easy_ctrl_iface_send.445] priv->sock = 9
D/Easybus (  753): [easy_ctrl_iface_send.449] msgtype=easyheartbeat bufLen=82, buf=addr.ip=192.168.43.186,addr.port=38683,msgType=easyheartbeat,msgData=easyheartbeat
D/Easybus (  753): [easy_ctrl_iface_send.457] dst->addr: 127.0.0.1:56078
D/Easybus (  753): [easy_ctrl_iface_send.461] dst->msgtype[0]: easyscreen
D/Easybus (  753): [easy_ctrl_iface_send.461] dst->msgtype[1]: easyheartbeat
D/Easybus (  753): [easy_ctrl_iface_send.464] sendto: 127.0.0.1:56078
D/Easybus (  753): [easy_ctrl_iface_send.477] sendto success !, res=82
D/Easybus (  753): [easy_ctrl_iface_send.457] dst->addr: 127.0.0.1:37286
D/Easybus (  753): [easy_ctrl_iface_send.461] dst->msgtype[0]: easyime
D/Easybus (  753): [easy_ctrl_iface_send.461] dst->msgtype[1]: easyheartbeat
D/Easybus (  753): [easy_ctrl_iface_send.464] sendto: 127.0.0.1:37286
D/Easybus (  753): [easy_ctrl_iface_send.477] sendto success !, res=82
D/Easybus (  753): [easy_ctrl_iface_send.457] dst->addr: 127.0.0.1:34633
D/Easybus (  753): [easy_ctrl_iface_send.461] dst->msgtype[0]: easyime
D/Easybus (  753): [easy_ctrl_iface_send.461] dst->msgtype[1]: easyheartbeat
D/Easybus (  753): [easy_ctrl_iface_send.464] sendto: 127.0.0.1:34633
D/Easybus (  753): [easy_ctrl_iface_send.477] sendto success !, res=82
D/Easybus (  753): [easy_ctrl_iface_send.457] dst->addr: 127.0.0.1:39462
D/Easybus (  753): [easy_ctrl_iface_send.461] dst->msgtype[0]: easyime
D/Easybus (  753): [easy_ctrl_iface_send.461] dst->msgtype[1]: easyheartbeat
D/Easybus (  753): [easy_ctrl_iface_send.464] sendto: 127.0.0.1:39462
D/Easybus (  753): [easy_ctrl_iface_send.477] sendto success !, res=82
D/Easybus (  753): [easy_ctrl_iface_send.457] dst->addr: 127.0.0.1:45302
D/Easybus (  753): [easy_ctrl_iface_send.461] dst->msgtype[0]: easyscreen
D/Easybus (  753): [easy_ctrl_iface_send.461] dst->msgtype[1]: easyheartbeat
D/Easybus (  753): [easy_ctrl_iface_send.464] sendto: 127.0.0.1:45302
D/Easybus (  753): [easy_ctrl_iface_send.477] sendto success !, res=82
D/Easybus (  753): [easy_ctrl_iface_send.457] dst->addr: 127.0.0.1:43718
D/Easybus (  753): [easy_ctrl_iface_send.461] dst->msgtype[0]: easyime
D/Easybus (  753): [easy_ctrl_iface_send.461] dst->msgtype[1]: easyheartbeat
D/Easybus (  753): [easy_ctrl_iface_send.464] sendto: 127.0.0.1:43718
D/Easybus (  753): [easy_ctrl_iface_send.477] sendto success !, res=82
D/Easybus (  753): [easy_ctrl_iface_send.457] dst->addr: 127.0.0.1:49827
D/Easybus (  753): [easy_ctrl_iface_send.461] dst->msgtype[0]: easyscreen
D/Easybus (  753): [easy_ctrl_iface_send.461] dst->msgtype[1]: easyheartbeat
D/Easybus (  753): [easy_ctrl_iface_send.464] sendto: 127.0.0.1:49827
D/Easybus (  753): [easy_ctrl_iface_send.477] sendto success !, res=82
D/Easybus (  753): [easy_ctrl_iface_send.457] dst->addr: 127.0.0.1:35356
D/Easybus (  753): [easy_ctrl_iface_send.461] dst->msgtype[0]: easyscreen
D/Easybus (  753): [easy_ctrl_iface_send.461] dst->msgtype[1]: easyheartbeat
D/Easybus (  753): [easy_ctrl_iface_send.464] sendto: 127.0.0.1:35356
D/Easybus (  753): [easy_ctrl_iface_send.477] sendto success !, res=82
D/Easybus (  753): [easy_ctrl_iface_send.457] dst->addr: 127.0.0.1:48541
D/Easybus (  753): [easy_ctrl_iface_send.461] dst->msgtype[0]: easyime
D/Easybus (  753): [easy_ctrl_iface_send.461] dst->msgtype[1]: easyheartbeat
D/Easybus (  753): [easy_ctrl_iface_send.464] sendto: 127.0.0.1:48541
D/Easybus (  753): [easy_ctrl_iface_send.477] sendto success !, res=82
D/Easybus (  753): [easy_ctrl_iface_send.457] dst->addr: 127.0.0.1:40945
D/Easybus (  753): [easy_ctrl_iface_send.461] dst->msgtype[0]: easyscreen
D/Easybus (  753): [easy_ctrl_iface_send.461] dst->msgtype[1]: easyheartbeat
D/Easybus (  753): [easy_ctrl_iface_send.464] sendto: 127.0.0.1:40945
D/Easybus (  753): [easy_ctrl_iface_send.477] sendto success !, res=82
D/Easybus (  753): [easy_ctrl_all_msg_cb.82] end
D/Easybus (  753): [easy_ctrl_msg_dispatch.90] end
D/Easybus (10351): [easybus_receive.208] res: 0, nread: 82
D/Easybus (10351): [easybus_receive.223] receive buf: addr.ip=192.168.43.186,addr.port=38683,msgType=easyheartbeat,msgData=easyheartbeat
D/Easybus (10351): ip = 192.168.43.186
D/Easybus (10351): str2 - str1 = 5
D/Easybus (10351): port_str = 38683
D/Easybus (10351): port = 38683
D/Easybus (10351): str2 - str1 = 13
D/Easybus (10351): msgType = easyheartbeat
D/Easybus (10351): msgDataSize = 13
D/Easybus (10351): msgData = easyheartbeat
D/Easybus (10351): [easybus_receive.265] addr:192.168.43.186:38683, msgType=easyheartbeat, msgData=easyheartbeat
D/Easybus (10351): [easybus_receive.275] end ret=0
D/Easybus (10351): [easybus/easybus/easybus_jni.c.easybusReceive.52] receive ret = 0
D/Easybus (10351): [easybus/easybus/easybus_jni.c.easybusReceive.72] receive success !
D/Easybus (10351): [easybus/easybus/easybus_jni.c.easybusReceive.73] addr:192.168.43.186:38683, mode:0, msgType:easyheartbeat, msgData:easyheartbeat
D/Easybus (10351): [easybus/easybus/easybus_jni.c.easybusSend.126] addr:192.168.43.186:38683, mode:0, msgType:easyheartbeat, msgDataSize: 13, msgData:easyheartbeat
D/Easybus (10351): [easybus_send.295] start
D/Easybus (10351): [easybus_send.296] monitor_conn=0x1bca40
D/Easybus (10351): [easybus_send.315] send buf:SEND addr.ip=192.168.43.186,addr.port=38683,msgType=easyheartbeat,msgData=easyheartbeat
D/Easybus (  753): [easy_ctrl_iface_receive.219] start
D/Easybus (  753): [easy_ctrl_iface_receive.235] from addr: 127.0.0.1:48108
D/Easybus (  753): [easy_ctrl_iface_receive.237] receive res:111, buf:COOKIE=340b7d3ef079f24f SEND addr.ip=192.168.43.186,addr.port=38683,msgType=easyheartbeat,msgData=easyheartbeat
D/Easybus (  753): [easy_ctrl_iface_process.154] buf: SEND addr.ip=192.168.43.186,addr.port=38683,msgType=easyheartbeat,msgData=easyheartbeat
D/Easybus (  753): ip = 192.168.43.186
D/Easybus (  753): str2 - str1 = 5
D/Easybus (  753): port_str = 38683
D/Easybus (  753): port = 38683
D/Easybus (  753): str2 - str1 = 13
D/Easybus (  753): msgType = easyheartbeat
D/Easybus (  753): msgData = easyheartbeat
D/Easybus (  753): easy_ctrl_iface_process addr.ip=192.168.43.186,addr.port=38683,msgType=easyheartbeat,msgData=easyheartbeat
D/Easybus (  753): [easy_ctrl_compose_frame.178] start
D/Easybus (  753): [easy_ctrl_compose_frame.226] data->msgDataSize:13 
D/Easybus (  753): [easy_crc32.77] size=61
D/Easybus (  753): [easy_ctrl_compose_frame.240] crcGen:0x1ea898bc 
D/Easybus (  753): [easy_ctrl_compose_frame.257] encryptGen:0x9800740 
D/Easybus (  753): the composed frame: 
D/Easybus (  753): 45 43 45 42 01 01 01 01 00 00 
D/Easybus (  753): 00 00 00 00 00 00 00 00 00 00 
D/Easybus (  753): 00 00 00 00 00 00 00 00 65 61 
D/Easybus (  753): 73 79 68 65 61 72 74 62 65 61 
D/Easybus (  753): 74 00 00 00 00 00 00 0d 65 61 
D/Easybus (  753): 73 79 68 65 61 72 74 62 65 61 
D/Easybus (  753): 74 
D/Easybus (  753): 1e 
D/Easybus (  753): a8 
D/Easybus (  753): 98 
D/Easybus (  753): bc 
D/Easybus (  753): 09 
D/Easybus (  753): 80 
D/Easybus (  753): 07 
D/Easybus (  753): 40 
D/Easybus (  753): 
D/Easybus (  753): thr_udp_send start
D/Easybus (  753): ip:192.168.43.186:38683, cmd_len:69
D/Easybus (  753): thr_udp_send end
D/Easybus (  753): [easy_ctrl_iface_process.201] ret: 0
D/Easybus (  753): [easy_ctrl_iface_receive.316] reply=0x0, reply_len=2
D/Easybus (  753): [easy_ctrl_iface_receive.334] end
D/Easybus (10351): [[64220.502873] Drop 45900.
easybus_send.319] res=0, reply=OK
D/Easybus (10351): 
D/Easybus (10351): [easybus_send.335] end ret=0
D/Easybus (10351): [easybus/easybus/easybus_jni.c.easybusSend.131] send ret = 0
D/Easybus (10351): [easybus_receive.159] start
D/Easybus (10351): [easybus_receive.160] monitor_conn=0x1cc958
D/Easybus (10369): [easybus_receive.208] res: 0, nread: 82
D/Easybus (10369): [easybus_receive.223] receive buf: addr.ip=192.168.43.186,addr.port=38683,msgType=easyheartbeat,msgData=easyheartbeat
D/Easybus (10369): ip = 192.168.43.186
D/Easybus (10369): str2 - str1 = 5
D/Easybus (10369): port_str = 38683
D/Easybus (10369): port = 38683
D/Easybus (10369): str2 - str1 = 13
D/Easybus (10369): msgType = easyheartbeat
D/Easybus (10369): msgDataSize = 13
D/Easybus (10369): msgData = easyheartbeat
D/Easybus (10369): [easybus_receive.265] addr:192.168.43.186:38683, msgType=easyheartbeat, msgData=easyheartbeat
D/Easybus (10369): [easybus_receive.275] end ret=0
D/Easybus (10369): [easybus/easybus/easybus_jni.c.easybusReceive.52] receive ret = 0
D/Easybus (10369): [easybus/easybus/easybus_jni.c.easybusReceive.72] receive success !
D/Easybus (10369): [easybus/easybus/easybus_jni.c.easybusReceive.73] addr:192.168.43.186:38683, mode:0, msgType:easyheartbeat, msgData:easyheartbeat
I/MonitorCw880(10369): easybusReceive success !
D/MonitorCw880(10369):  easybusMsg.remoteIp=  192.168.43.186 easybusMsg.remotePort=  38683 easybusMsg.msgType=  easyheartbeat easybusMsg.msgData=  easyheartbeat
D/MonitorCw880(10369): udp -> ip error -> currentRemoteHost=null easybusMsg.remoteIp=192.168.43.186, counter=3
D/Easybus (10369): [easybus_receive.159] start
D/Easybus (10369): [easybus_receive.160] monitor_conn=0x1b2378
D/dalvikvm( 1783): GC_CONCURRENT freed 793K, 64% free 2928K/7939K, paused 2ms+3ms
I//lib/ld-linux.so.3(  748): FrmCnt:11930(31,520,16) Rate:0 Sys:64219828 STC:2423016 VPTS:1112640 APTS:1112832 Delay:-1310336(40) V:0 A:0 VES:0x2f20 AES:0x0 PCM:0x0 AudioErr:0x2
D/dalvikvm( 1783): GC_CONCURRENT freed 770K, 63% free 2997K/7939K, paused 3ms+3ms
D/dalvikvm( 1783): GC_CONCURRENT freed 880K, 63% free 2956K/7939K, paused 3ms+3ms
D/dalvikvm( 1783): GC_CONCURRENT freed 828K, 63% free 2997K/7939K, paused 2ms+2ms
D/dalvikvm( 1783): GC_CONCURRENT freed 890K, 64% free 2927K/7939K, paused 2ms+3ms
D/dalvikvm( 1783): GC_CONCURRENT freed 787K, 64% free 2871K/7939K, paused 3ms+3ms
D/dalvikvm( 1783): GC_CONCURRENT freed 718K, 64% free 2869K/7939K, paused 2ms+3ms
D/dalvikvm( 1783): GC_CONCURRENT freed 706K, 64% free 2866K/7939K, paused 3ms+3ms
I//lib/ld-linux.so.3(  748): FrmCnt:11930(31,520,16) Rate:0 Sys:64221356 STC:2424544 VPTS:1112640 APTS:1112832 Delay:-1311864(40) V:0 A:0 VES:0x2f20 AES:0x0 PCM:0x0 AudioErr:0x2
D/dalvikvm( 1783): GC_CONCURRENT freed 705K, 64% free 2912K/7939K, paused 4ms+3ms
D/dalvikvm( 1783): GC_CONCURRENT freed 776K, 65% free 2843K/7939K, paused 3ms+3ms
[64222.622828] Drop 46000.
D/DataSource_M3U8(  744): 
D/DataSource_M3U8(  744): ================================
D/DataSource_M3U8(  744): 
D/DataSource_M3U8(  744): Warnig: Reconnect again! mCurDowningIndex:237 
D/DataSource_M3U8(  744):  Reconnect Url : http://cibn-iss1.longvisionmedia.com:8088/vod/CIBN2013_CIBN2113040100001913_12001300/238.ts 
D/DataSource_M3U8(  744): 
D/DataSource_M3U8(  744): ================================
D/Downloader(  744): [downloadThread]Downloader::removeTask  
I//lib/ld-linux.so.3(  748): FrmCnt:11930(31,520,16) Rate:0 Sys:64222874 STC:2426063 VPTS:1112640 APTS:1112832 Delay:-1313383(40) V:0 A:0 VES:0x2f20 AES:0x0 PCM:0x0 AudioErr:0x2
[64223.064589] c4
D/dalvikvm( 1783): GC_CONCURRENT freed 675K, 64% free 2871K/7939K, paused 2ms+3ms
D/dalvikvm( 1783): GC_CONCURRENT freed 704K, 64% free 2872K/7939K, paused 2ms+3ms
D/dalvikvm( 1783): GC_CONCURRENT freed 703K, 64% free 2872K/7939K, paused 3ms+3ms
I//lib/ld-linux.so.3(  748): FrmCnt:11930(31,520,16) Rate:0 Sys:64224393 STC:2427581 VPTS:1112640 APTS:1112832 Delay:-1314901(40) V:0 A:0 VES:0x2f20 AES:0x0 PCM:0x0 AudioErr:0x2
D/dalvikvm( 1783): GC_CONCURRENT freed 704K, 64% free 2872K/7939K, paused 2ms+3ms
D/Easybus (  753): [easy_ctrl_udp_receive_thread.89] recvfrom n=69
D/Easybus (  753): [easy_ctrl_udp_receive_thread.98] recvAddr:192.168.43.186:38683
D/Easybus (  753): [easy_ctrl_decompose_frame.38] msgLen: 69 
D/Easybus (  753): the receive frame: 
D/Easybus (  753): 45 43 45 42 01 01 01 01 00 00 
D/Easybus (  753): 00 00 00 00 00 00 00 00 00 00 
D/Easybus (  753): 00 00 00 00 00 00 11 60 65 61 
D/Easybus (  753): 73 79 68 65 61 72 74 62 65 61 
D/Easybus (  753): 74 00 00 00 00 00 00 0d 65 61 
D/Easybus (  753): 73 79 68 65 61 72 74 62 65 61 
D/Easybus (  753): 74 
D/Easybus (  753): 4a 
D/Easybus (  753): 5e 
D/Easybus (  753): 08 
D/Easybus (  753): 7c 
D/Easybus (  753): 00 
D/Easybus (  753): 80 
D/Easybus (  753): 12 
D/Easybus (  753): f0 
D/Easybus (  753): 
D/Easybus (  753): [easy_ctrl_decompose_frame.74] crcFlag=1
D/Easybus (  753): [easy_ctrl_decompose_frame.82] encryptFlag=1
D/Easybus (  753): [easy_ctrl_decompose_frame.96] msgNum=4448
D/Easybus (  753): [easy_ctrl_decompose_frame.101] msgType=easyheartbeat
D/Easybus (  753): [easy_ctrl_decompose_frame.107] data.msgDataSize=13
D/Easybus (  753): [easy_crc32.77] size=61
D/Easybus (  753): [easy_ctrl_decompose_frame.121] crcRecv:0x4a5e087c, crcGen:0x4a5e087c 
D/Easybus (  753): [easy_ctrl_decompose_frame.143] encryptRecv:0x8012f0, encryptGen:0x8012f0 
D/Easybus (  753): [easy_ctrl_decompose_frame.158] msgData=easyheartbeat
D/Easybus (  753): [easy_ctrl_msg_dispatch.87] start
D/Easybus (  753): [easy_ctrl_vinput_msg_cb.399] start
D/Easybus (  753): [easy_ctrl_vinput_msg_cb.413] data->msgType:easyheartbeat
D/Easybus (  753): [easy_ctrl_vinput_msg_cb.463] end
D/Easybus (  753): [easy_ctrl_all_msg_cb.59] start
D/Easybus (  753): easy_msg buf = addr.ip=192.168.43.186,addr.port=38683,msgType=easyheartbeat,msgData=easyheartbeat
D/Easybus (  753): [easy_ctrl_iface_send.445] priv->sock = 9
D/Easybus (  753): [easy_ctrl_iface_send.449] msgtype=easyheartbeat bufLen=82, buf=addr.ip=192.168.43.186,addr.port=38683,msgType=easyheartbeat,msgData=easyheartbeat
D/Easybus (  753): [easy_ctrl_iface_send.457] dst->addr: 127.0.0.1:56078
D/Easybus (  753): [easy_ctrl_iface_send.461] dst->msgtype[0]: easyscreen
D/Easybus (  753): [easy_ctrl_iface_send.461] dst->msgtype[1]: easyheartbeat
D/Easybus (  753): [easy_ctrl_iface_send.464] sendto: 127.0.0.1:56078
D/Easybus (  753): [easy_ctrl_iface_send.477] sendto success !, res=82
D/Easybus (  753): [easy_ctrl_iface_send.457] dst->addr: 127.0.0.1:37286
D/Easybus (  753): [easy_ctrl_iface_send.461] dst->msgtype[0]: easyime
D/Easybus (  753): [easy_ctrl_iface_send.461] dst->msgtype[1]: easyheartbeat
D/Easybus (  753): [easy_ctrl_iface_send.464] sendto: 127.0.0.1:37286
D/Easybus (  753): [easy_ctrl_iface_send.477] sendto success !, res=82
D/Easybus (  753): [easy_ctrl_iface_send.457] dst->addr: 127.0.0.1:34633
D/Easybus (  753): [easy_ctrl_iface_send.461] dst->msgtype[0]: easyime
D/Easybus (  753): [easy_ctrl_iface_send.461] dst->msgtype[1]: easyheartbeat
D/Easybus (  753): [easy_ctrl_iface_send.464] sendto: 127.0.0.1:34633
D/Easybus (  753): [easy_ctrl_iface_send.477] sendto success !, res=82
D/Easybus (  753): [easy_ctrl_iface_send.457] dst->addr: 127.0.0.1:39462
D/Easybus (  753): [easy_ctrl_iface_send.461] dst->msgtype[0]: easyime
D/Easybus (  753): [easy_ctrl_iface_send.461] dst->msgtype[1]: easyheartbeat
D/Easybus (  753): [easy_ctrl_iface_send.464] sendto: 127.0.0.1:39462
D/Easybus (  753): [easy_ctrl_iface_send.477] sendto success !, res=82
D/Easybus (  753): [easy_ctrl_iface_send.457] dst->addr: 127.0.0.1:45302
D/Easybus (  753): [easy_ctrl_iface_send.461] dst->msgtype[0]: easyscreen
D/Easybus (  753): [easy_ctrl_iface_send.461] dst->msgtype[1]: easyheartbeat
D/Easybus (  753): [easy_ctrl_iface_send.464] sendto: 127.0.0.1:45302
D/Easybus (  753): [easy_ctrl_iface_send.477] sendto success !, res=82
D/Easybus (  753): [easy_ctrl_iface_send.457] dst->addr: 127.0.0.1:43718
D/Easybus (  753): [easy_ctrl_iface_send.461] dst->msgtype[0]: easyime
D/Easybus (  753): [easy_ctrl_iface_send.461] dst->msgtype[1]: easyheartbeat
D/Easybus (  753): [easy_ctrl_iface_send.464] sendto: 127.0.0.1:43718
D/Easybus (  753): [easy_ctrl_iface_send.477] sendto success !, res=82
D/Easybus (  753): [easy_ctrl_iface_send.457] dst->addr: 127.0.0.1:49827
D/Easybus (  753): [easy_ctrl_iface_send.461] dst->msgtype[0]: easyscreen
D/Easybus (  753): [easy_ctrl_iface_send.461] dst->msgtype[1]: easyheartbeat
D/Easybus (  753): [easy_ctrl_iface_send.464] sendto: 127.0.0.1:49827
D/Easybus (  753): [easy_ctrl_iface_send.477] sendto success !, res=82
D/Easybus (  753): [easy_ctrl_iface_send.457] dst->addr: 127.0.0.1:35356
D/Easybus (  753): [easy_ctrl_iface_send.461] dst->msgtype[0]: easyscreen
D/Easybus (  753): [easy_ctrl_iface_send.461] dst->msgtype[1]: easyheartbeat
D/Easybus (  753): [easy_ctrl_iface_send.464] sendto: 127.0.0.1:35356
D/Easybus (  753): [easy_ctrl_iface_send.477] sendto success !, res=82
D/Easybus (  753): [easy_ctrl_iface_send.457] dst->addr: 127.0.0.1:48541
D/Easybus (  753): [easy_ctrl_iface_send.461] dst->msgtype[0]: easyime
D/Easybus (  753): [easy_ctrl_iface_send.461] dst->msgtype[1]: easyheartbeat
D/Easybus (  753): [easy_ctrl_iface_send.464] sendto: 127.0.0.1:48541
D/Easybus (  753): [easy_ctrl_iface_send.477] sendto success !, res=82
D/Easybus (  753): [easy_ctrl_iface_send.457] dst->addr: 127.0.0.1:40945
D/Easybus (  753): [easy_ctrl_iface_send.461] dst->msgtype[0]: easyscreen
D/Easybus (  753): [easy_ctrl_iface_send.461] dst->msgtype[1]: easyheartbeat
D/Easybus (  753): [easy_ctrl_iface_send.464] sendto: 127.0.0.1:40945
D/Easybus (  753): [easy_ctrl_iface_send.477] sendto success !, res=82
D/Easybus (  753): [easy_ctrl_all_msg_cb.82] end
D/Easybus (  753): [easy_ctrl_msg_dispatch.90] end
D/Easybus (10351): [easybus_receive.208] res: 0, nread: 82
D/Easybus (10351): [easybus_receive.223] receive buf: addr.ip=192.168.43.186,addr.port=38683,msgType=easyheartbeat,msgData=easyheartbeat
D/Easybus (10351): ip = 192.168.43.186
D/Easybus (10351): str2 - str1 = 5
D/Easybus (10351): port_str = 38683
D/Easybus (10351): port = 38683
D/Easybus (10351): str2 - str1 = 13
D/Easybus (10351): msgType = easyheartbeat
D/Easybus (10351): msgDataSize[64225.222838] Drop 46100.
 = 13
D/Easybus (10351): msgData = easyheartbeat
D/Easybus (10351): [easybus_receive.265] addr:192.168.43.186:38683, msgType=easyheartbeat, msgData=easyheartbeat
D/Easybus (10351): [easybus_receive.275] end ret=0
D/Easybus (10351): [easybus/easybus/easybus_jni.c.easybusReceive.52] receive ret = 0
D/Easybus (10351): [easybus/easybus/easybus_jni.c.easybusReceive.72] receive success !
D/Easybus (10351): [easybus/easybus/easybus_jni.c.easybusReceive.73] addr:192.168.43.186:38683, mode:0, msgType:easyheartbeat, msgData:easyheartbeat
D/Easybus (10351): [easybus/easybus/easybus_jni.c.easybusSend.126] addr:192.168.43.186:38683, mode:0, msgType:easyheartbeat, msgDataSize: 13, msgData:easyheartbeat
D/Easybus (10351): [easybus_send.295] start
D/Easybus (10351): [easybus_send.296] monitor_conn=0x1bca40
D/Easybus (10351): [easybus_send.315] send buf:SEND addr.ip=192.168.43.186,addr.port=38683,msgType=easyheartbeat,msgData=easyheartbeat
D/Easybus (  753): [easy_ctrl_iface_receive.219] start
D/Easybus (  753): [easy_ctrl_iface_receive.235] from addr: 127.0.0.1:48108
D/Easybus (  753): [easy_ctrl_iface_receive.237] receive res:111, buf:COOKIE=340b7d3ef079f24f SEND addr.ip=192.168.43.186,addr.port=38683,msgType=easyheartbeat,msgData=easyheartbeat
D/Easybus (  753): [easy_ctrl_iface_process.154] buf: SEND addr.ip=192.168.43.186,addr.port=38683,msgType=easyheartbeat,msgData=easyheartbeat
D/Easybus (  753): ip = 192.168.43.186
D/Easybus (  753): str2 - str1 = 5
D/Easybus (  753): port_str = 38683
D/Easybus (  753): port = 38683
D/Easybus (  753): str2 - str1 = 13
D/Easybus (  753): msgType = easyheartbeat
D/Easybus (  753): msgData = easyheartbeat
D/Easybus (  753): easy_ctrl_iface_process addr.ip=192.168.43.186,addr.port=38683,msgType=easyheartbeat,msgData=easyheartbeat
D/Easybus (  753): [easy_ctrl_compose_frame.178] start
D/Easybus (  753): [easy_ctrl_compose_frame.226] data->msgDataSize:13 
D/Easybus (  753): [easy_crc32.77] size=61
D/Easybus (  753): [easy_ctrl_compose_frame.240] crcGen:0x1ea898bc 
D/Easybus (  753): [easy_ctrl_compose_frame.257] encryptGen:0x9800740 
D/Easybus (  753): the composed frame: 
D/Easybus (  753): 45 43 45 42 01 01 01 01 00 00 
D/Easybus (  753): 00 00 00 00 00 00 00 00 00 00 
D/Easybus (  753): 00 00 00 00 00 00 00 00 65 61 
D/Easybus (  753): 73 79 68 65 61 72 74 62 65 61 
D/Easybus (  753): 74 00 00 00 00 00 00 0d 65 61 
D/Easybus (  753): 73 79 68 65 61 72 74 62 65 61 
D/Easybus (  753): 74 
D/Easybus (  753): 1e 
D/Easybus (  753): a8 
D/Easybus (  753): 98 
D/Easybus (  753): bc 
D/Easybus (  753): 09 
D/Easybus (  753): 80 
D/Easybus (  753): 07 
D/Easybus (  753): 40 
D/Easybus (  753): 
D/Easybus (  753): thr_udp_send start
D/Easybus (  753): ip:192.168.43.186:38683, cmd_len:69
D/Easybus (  753): thr_udp_send end
D/Easybus (  753): [easy_ctrl_iface_process.201] ret: 0
D/Easybus (  753): [easy_ctrl_iface_receive.316] reply=0x0, reply_len=2
D/Easybus (  753): [easy_ctrl_iface_receive.334] end
D/Easybus (10351): [easybus_send.319] res=0, reply=OK
D/Easybus (10351): 
D/Easybus (10351): [easybus_send.335] end ret=0
D/Easybus (10351): [easybus/easybus/easybus_jni.c.easybusSend.131] send ret = 0
D/Easybus (10351): [easybus_receive.159] start
D/Easybus (10351): [easybus_receive.160] monitor_conn=0x1cc958
D/Easybus (10369): [easybus_receive.208] res: 0, nread: 82
D/Easybus (10369): [easybus_receive.223] receive buf: addr.ip=192.168.43.186,addr.port=38683,msgType=easyheartbeat,msgData=easyheartbeat
D/Easybus (10369): ip = 192.168.43.186
D/Easybus (10369): str2 - str1 = 5
D/Easybus (10369): port_str = 38683
D/Easybus (10369): port = 38683
D/Easybus (10369): str2 - str1 = 13
D/Easybus (10369): msgType = easyheartbeat
D/Easybus (10369): msgDataSize = 13
D/Easybus (10369): msgData = easyheartbeat
D/Easybus (10369): [easybus_receive.265] addr:192.168.43.186:38683, msgType=easyheartbeat, msgData=easyheartbeat
D/Easybus (10369): [easybus_receive.275] end ret=0
D/Easybus (10369): [easybus/easybus/easybus_jni.c.easybusReceive.52] receive ret = 0
D/Easybus (10369): [easybus/easybus/easybus_jni.c.easybusReceive.72] receive success !
D/Easybus (10369): [easybus/easybus/easybus_jni.c.easybusReceive.73] addr:192.168.43.186:38683, mode:0, msgType:easyheartbeat, msgData:easyheartbeat
I/MonitorCw880(10369): easybusReceive success !
D/MonitorCw880(10369):  easybusMsg.remoteIp=  192.168.43.186 easybusMsg.remotePort=  38683 easybusMsg.msgType=  easyheartbeat easybusMsg.msgData=  easyheartbeat
D/MonitorCw880(10369): udp -> ip error -> currentRemoteHost=null easybusMsg.remoteIp=192.168.43.186, counter=3
D/Easybus (10369): [easybus_receive.159] start
D/Easybus (10369): [easybus_receive.160] monitor_conn=0x1b2378
D/dalvikvm( 1783): GC_CONCURRENT freed 704K, 64% free 2872K/7939K, paused 3ms+2ms
I//lib/ld-linux.so.3(  748): FrmCnt:11930(31,520,16) Rate:0 Sys:64225910 STC:2429099 VPTS:1112640 APTS:1112832 Delay:-1316419(40) V:0 A:0 VES:0x2f20 AES:0x0 PCM:0x0 AudioErr:0x2
[64226.176652] c4
D/dalvikvm( 1783): GC_CONCURRENT freed 704K, 64% free 2872K/7939K, paused 3ms+2ms
I//lib/ld-linux.so.3(  748): FrmCnt:11930(31,520,16) Rate:0 Sys:64227427 STC:2430616 VPTS:1112640 APTS:1112832 Delay:-1317936(40) V:0 A:0 VES:0x2f20 AES:0x0 PCM:0x0 AudioErr:0x2
D/dalvikvm( 1783): GC_CONCURRENT freed 706K, 64% free 2872K/7939K, paused 2ms+2ms
[64228.028560] r02
[64228.030471] U3
[64228.032021] [SD_CTL_TASK] send msg to IMAN: data_adr=0x1f100,dalen=256
[64228.144555] r00
[64228.146329] U2
[64228.147862] [SD_CTL_TASK] send msg to IMAN: data_adr=0x1f100,dalen=256
D/dalvikvm( 1783): GC_CONCURRENT freed 703K, 64% free 2872K/7939K, paused 2ms+2ms
[64228.268544] r00
[64228.270307] U1
[64228.271852] [SD_CTL_TASK] send msg to IMAN: data_adr=0x1f100,dalen=256
[64228.384572] r00
[64228.386335] U0
[64228.387870] [SD_CTL_TASK] send msg to IMAN: data_adr=0x1f100,dalen=256
D/dalvikvm( 1783): GC_CONCURRENT freed 705K, 64% free 2872K/7939K, paused 3ms+3ms
D/dalvikvm( 1783): GC_CONCURRENT freed 706K, 64% free 2872K/7939K, paused 2ms+3ms
I//lib/ld-linux.so.3(  748): FrmCnt:11930(31,520,16) Rate:0 Sys:64228950 STC:2432138 VPTS:1112640 APTS:1112832 Delay:-1319458(40) V:0 A:0 VES:0x2f20 AES:0x0 PCM:0x0 AudioErr:0x2
D/Easybus (  753): [easy_ctrl_udp_receive_thread.89] recvfrom n=69
D/Easybus (  753): [easy_ctrl_udp_receive_thread.98] recvAddr:192.168.43.186:38683
D/Easybus (  753): [easy_ctrl_decompose_frame.38] msgLen: 69 
D/Easybus (  753): the receive frame: 
D/Easybus (  753): 45 43 45 42 01 01 01 01 00 00 
D/Easybus (  753): 00 00 00 00 00 00 00 00 00 00 
D/Easybus (  753): 00 00 00 00 00 00 11 61 65 61 
D/Easybus (  753): 73 79 68 65 61 72 74 62 65 61 
D/Easybus (  753): 74 00 00 00 00 00 00 0d 65 61 
D/Easybus (  753): 73 79 68 65 61 72 74 62 65 61 
D/Easybus (  753): 74 
D/Easybus (  753): d0 
D/Easybus (  753): 8d 
D/Easybus (  753): 8b 
D/Easybus (  753): 13 
D/Easybus (  753): 08 
D/Easybus (  753): 60 
D/Easybus (  753): 34 
D/Easybus (  753): 68 
D/Easybus (  753): 
D/Easybus (  753): [easy_ctrl_decompose_frame.74] crcFlag=1
D/Easybus (  753): [easy_ctrl_decompose_frame.82] encryptFlag=1
D/Easybus (  753): [easy_ctrl_decompose_frame.96] msgNum=4449
D/Easybus (  753): [easy_ctrl_decompose_frame.101] msgType=easyheartbeat
D/Easybus (  753): [easy_ctrl_decompose_frame.107] data.msgDataSize=13
D/Easybus (  753): [easy_crc32.77] size=61
D/Easybus (  753): [easy_ctrl_decompose_frame.121] crcRecv:0xd08d8b13, crcGen:0xd08d8b13 
D/Easybus (  753): [easy_ctrl_decompose_frame.143] encryptRecv:0x8603468, encryptGen:0x8603468 
D/Easybus (  753): [easy_ctrl_decompose_frame.158] msgData=easyheartbeat
D/Easybus (  753): [easy_ctrl_msg_dispatch.87] start
D/Easybus (  753): [easy_ctrl_vinput_msg_cb.399] start
D/Easybus (  753): [easy_ctrl_vinput_msg_cb.413] data->msgType:easyheartbeat
D/Easybus (  753): [easy_ctrl_vinput_msg_cb.463] end
D/Easybus (  753): [easy_ctrl_all_msg_cb.59] start
D/Easybus (  753): easy_msg buf = addr.ip=192.168.43.186,addr.port=38683,msgType=easyheartbeat,msgData=easyheartbeat
D/Easybus (  753): [easy_ctrl_iface_send.445] priv->sock = 9
D/Easybus (  753): [easy_ctrl_iface_send.449] msgtype=easyheartbeat bufLen=82, buf=addr.ip=192.168.43.186,addr.port=38683,msgType=easyheartbeat,msgData=easyheartbeat
D/Easybus (  753): [easy_ctrl_iface_send.457] dst->addr: 127.0.0.1:56078
D/Easybus (  753): [easy_ctrl_iface_send.461] dst->msgtype[0]: easyscreen
D/Easybus (  753): [easy_ctrl_iface_send.461] dst->msgtype[1]: easyheartbeat
D/Easybus (  753): [easy_ctrl_iface_send.464] sendto: 127.0.0.1:56078
D/Easybus (  753): [easy_ctrl_iface_send.477] sendto success !, res=82
D/Easybus (  753): [easy_ctrl_iface_send.457] dst->addr: 127.0.0.1:37286
D/Easybus (  753): [easy_ctrl_iface_send.461] dst->msgtype[0]: easyime
D/Easybus (10369): [easybus_receive.208] res: 0, nread: 82
D/Easybus (  753): [easy_ctrl_iface_send.461] dst->msgtype[1]: easyheartbeat
D/Easybus (10369): [easybus_receive.223] receive buf: addr.ip=192.168.43.186,addr.port=38683,msgType=easyheartbeat,msgData=easyheartbeat
D/Easybus (  753): [easy_ctrl_iface_send.464] sendto: 127.0.0.1:37286
D/Easybus (10369): ip = 192.168.43.186
D/Easybus (10369): str2 - str1 = 5
D/Easybus (10369): port_str = 38683
D/Easybus (10369): port = 38683
D/Easybus (10369): str2 - str1 = 13
D/Easybus (  753): [easy_ctrl_iface_send.477] sendto success !, res=82
D/Easybus (  753): [easy_ctrl_iface_send.457] dst->addr: 127.0.0.1:34633
D/Easybus (10351): [easybus_receive.208] res: 0, nread: 82
D/Easybus (  753): [easy_ctrl_iface_send.461] dst->msgtype[0]: easyime
D/Easybus (10351): [easybus_receive.223] receive buf: addr.ip=192.168.43.186,addr.port=38683,msgType=easyheartbeat,msgData=easyheartbeat
D/Easybus (  753): [easy_ctrl_iface_send.461] dst->msgtype[1]: easyheartbeat
D/Easybus (10351): ip = 192.168.43.186
D/Easybus (  753): [easy_ctrl_iface_send.464] sendto: 127.0.0.1:34633
D/Easybus (10351): str2 - str1 = 5
D/Easybus (10351): port_str = 38683
D/Easybus (10351): port = 38683
D/Easybus (10351): str2 - str1 = 13
D/Easybus (10351): msgType = easyheartbeat
D/Easybus (10351): msgDataSize = 13
D/Easybus (10351): msgData = easyheartbeat
D/Easybus (10351): [easybus_receive.265] addr:192.168.43.186:38683, msgType=easyheartbeat, msgData=easyheartbeat
D/Easybus (10351): [easybus_receive.275] end ret=0
D/Easybus (10351): [easybus/easybus/easybus_jni.c.easybusReceive.52] receive ret = 0
D/Easybus (10351): [easybus/easybus/easybus_jni.c.easybusReceive.72] receive success !
D/Easybus (10351): [easybus/easybus/easybus_jni.c.easybusReceive.73] addr:192.168.43.186:38683, mode:0, msgType:easyheartbeat, msgData:easyheartbeat
D/Easybus (10351): [easybus/easybus/easybus_jni.c.easybusSend.126] addr:192.168.43.186:38683, mode:0, msgType:easyheartbeat, msgDataSize: 13, msgData:easyheartbeat
D/Easybus (10351): [easybus_send.295] start
D/Easybus (10351): [easybus_send.296] monitor_conn=0x1bca40
D/Easybus (10351): [easybus_send.315] send buf:SEND addr.ip=192.168.43.186,addr.port=38683,msgType=easyheartbeat,msgData=easyheartbeat
D/Easybus (  753): [easy_ctrl_iface_receive.219] start
D/Easybus (  753): [easy_ctrl_iface_receive.235] from addr: 127.0.0.1:48108
D/Easybus (  753): [easy_ctrl_iface_receive.237] receive res:111, buf:COOKIE=340b7d3ef079f24f SEND addr.ip=192.168.43.186,addr.port=38683,msgType=easyheartbeat,msgData=easyheartbeat
D/Easybus (  753): [easy_ctrl_iface_process.154] buf: SEND addr.ip=192.168.43.186,addr.port=38683,msgType=easyheartbeat,msgData=easyheartbeat
D/Easybus (  753): ip = 192.168.43.186
D/Easybus (  753): str2 - str1 = 5
D/Easybus (  753): port_str = 38683
D/Easybus (  753): port = 38683
D/Easybus (  753): str2 - str1 = 13
D/Easybus (  753): msgType = easyheartbeat
D/Easybus (  753): msgData = easyheartbeat
D/Easybus (  753): easy_ctrl_iface_process addr.ip=192.168.43.186,addr.port=38683,msgType=easyheartbeat,msgData=easyheartbeat
D/Easybus (  753): [easy_ctrl_compose_frame.178] start
D/Easybus (  753): [easy_ctrl_compose_frame.226] data->msgDataSize:13 
D/Easybus (  753): [easy_crc32.77] size=61
D/Easybus (  753): [easy_ctrl_compose_frame.240] crcGen:0x1ea898bc 
D/Easybus (  753): [easy_ctrl_compose_frame.257] encryptGen:0x9800740 
D/Easybus (  753): the composed frame: 
D/Easybus (  753): [easy_ctrl_iface_send.477] sendto success !, res=82
D/Easybus (  753): 45 43 45 42 01 01 01 01 00 00 
D/Easybus (  753): 00 00 00 00 00 00 00 00 00 00 
D/Easybus (  753): [easy_ctrl_iface_send.457] dst->addr: 127.0.0.1:39462
D/Easybus (  753): 00 00 00 00 00 00 00 00 65 61 
D/Easybus (  753): [easy_ctrl_iface_send.461] dst->msgtype[0]: easyime
D/Easybus (  753): 73 79 68 65 61 72 74 62 65 61 
D/Easybus (  753): [easy_ctrl_iface_send.461] dst->msgtype[1]: easyheartbeat
D/Easybus (  753): 74 00 00 00 00 00 00 0d 65 61 
D/Easybus (  753): 73 79 68 65 61 72 74 62 65 61 
D/Easybus (  753): [easy_ctrl_iface_send.464] sendto: 127.0.0.1:39462
D/Easybus (  753): 74 
D/Easybus (  753): 1e 
D/Easybus (  753): a8 
D/Easybus (  753): 98 
D/Easybus (  753): bc 
D/Easybus (  753): 09 
D/Easybus (  753): 80 
D/Easybus (  753): 07 
D/Easybus (  753): 40 
D/Easybus (  753): 
D/Easybus (  753): thr_udp_send start
D/Easybus (  753): ip:192.168.43.186:38683, cmd_len:69
D/Easybus (  753): [easy_ctrl_iface_send.477] sendto success !, res=82
D/Easybus (  753): thr_udp_send end
D/Easybus (  753): [easy_ctrl_iface_process.201] ret: 0
D/Easybus (  753): [easy_ctrl_iface_receive.316] reply=0x0, reply_len=2
D/Easybus (  753): [easy_ctrl_iface_send.457] dst->addr: 127.0.0.1:45302
D/Easybus (  753): [easy_ctrl_iface_send.461] dst->msgtype[0]: easyscreen
D/Easybus (  753): [easy_ctrl_iface_send.461] dst->msgtype[1]: easyheartbeat
D/Easybus (  753): [easy_ctrl_iface_send.464] sendto: 127.0.0.1:45302
D/Easybus (  753): [easy_ctrl_iface_receive.334] end
D/Easybus (  753): [easy_ctrl_iface_send.477] sendto success !, res=82
D/Easybus (  753): [easy_ctrl_iface_send.457] dst->addr: 127.0.0.1:43718
D/Easybus (  753): [easy_ctrl_iface_send.461] dst->msgtype[0]: easyime
D/Easybus (  753): [easy_ctrl_iface_send.461] dst->msgtype[1]: easyheartbeat
D/Easybus (  753): [easy_ctrl_iface_send.464] sendto: 127.0.0.1:43718
D/Easybus (10351): [easybus_send.319] res=0, reply=OK
D/Easybus (10351): 
D/Easybus (  753): [easy_ctrl_iface_send.477] sendto success !, res=82
D/Easybus (10351): [easybus_send.335] end ret=0
D/Easybus (  753): [easy_ctrl_iface_send.457] dst->addr: 127.0.0.1:49827
D/Easybus (10351): [easybus/easybus/easybus_jni.c.easybusSend.131] send ret = 0
D/Easybus (  753): [easy_ctrl_iface_send.461] dst->msgtype[0]: easyscreen
D/Easybus (  753): [easy_ctrl_iface_send.461] dst->msgtype[1]: easyheartbeat
D/Easybus (10351): [easybus_receive.159] start
D/Easybus (  753): [easy_ctrl_iface_send.464] sendto: 127.0.0.1:49827
D/Easybus (10369): msgType = easyheartbeat
D/Easybus (10351): [easybus_receive.160] monitor_conn=0x1cc958
D/Easybus (  753): [easy_ctrl_iface_send.477] sendto success !, res=82
D/Easybus (10369): msgDataSize = 13
D/Easybus (10369): msgData = easyheartbeat
D/Easybus (  753): [easy_ctrl_iface_send.457] dst->addr: 127.0.0.1:35356
D/Easybus (  753): [easy_ctrl_iface_send.461] dst->msgtype[0]: easyscreen
D/Easybus (10369): [easybus_receive.265] addr:192.168.43.186:38683, msgType=easyheartbeat, msgData=easyheartbeat
D/Easybus (  753): [easy_ctrl_iface_send.461] dst->msgtype[1]: easyheartbeat
D/Easybus (10369): [easybus_receive.275] end ret=0
D/Easybus (10369): [easybus/easybus/easybus_jni.c.easybusReceive.52] receive ret = 0
D/Easybus (  753): [easy_ctrl_iface_send.464] sendto: 127.0.0.1:35356
D/Easybus (  753): [easy_ctrl_iface_send.477] sendto success !, res=82
D/Easybus (  753): [easy_ctrl_iface_send.457] dst->addr: 127.0.0.1:48541
D/Easybus (  753): [easy_ctrl_iface_send.461] dst->msgtype[0]: easyime
D/Easybus (  753): [easy_ctrl_iface_send.461] dst->msgtype[1]: easyheartbeat
D/Easybus (  753): [easy_ctrl_iface_send.464] sendto: 127.0.0.1:48541
D/Easybus (  753): [easy_ctrl_iface_send.477] sendto success !, res=82
D/Easybus (  753): [easy_ctrl_iface_send.457] dst->addr: 127.0.0.1:40945
D/Easybus (  753): [easy_ctrl_iface_send.461] dst->msgtype[0]: easyscreen
D/Easybus (  753): [easy_ctrl_iface_send.461] dst->msgtype[1]: easyheartbeat
D/Easybus (  753): [easy_ctrl_iface_send.464] sendto: 127.0.0.1:40945
D/Easybus (  753): [easy_ctrl_iface_send.477] sendto success !, res=82
D/Easybus (  753): [easy_ctrl_all_msg_cb.82] end
D/Easybus (  753): [easy_ctrl_msg_dispatch.90] end
D/Easybus (10369): [easybus/easybus/easybus_jni.c.easybusReceive.72] receive success !
D/Easybus (10369): [easybus/easybus/easybus_jni.c.easybusReceive.73] addr:192.168.43.186:38683, mode:0, msgType:easyheartbeat, msgData:easyheartbeat
I/MonitorCw880(10369): easybusReceive success !
D/MonitorCw880(10369):  easybusMsg.remoteIp=  192.168.43.186 easybusMsg.remotePort=  38683 easybusMsg.msgType=  easyheartbeat easybusMsg.msgData=  easyheartbeat
D/MonitorCw880(10369): udp -> ip error -> currentRemoteHost=null easybusMsg.remoteIp=192.168.43.186, counter=3
D/Easybus (10369): [easybus_receive.159] start
D/Easybus (10369): [easybus_receive.160] monitor_conn=0x1b2378
I//lib/ld-linux.so.3(  748): FrmCnt:11930(31,520,16) Rate:0 Sys:64230467 STC:2433655 VPTS:1112640 APTS:1112832 Delay:-1320975(40) V:0 A:0 VES:0x2f20 AE[64234.892687] b1
[64234.894398] D3
[64234.895929] [SD_CTL_TASK] send msg to IMAN: data_adr=0x1f100,dalen=256
