D/HomePlayerLib( 1519): hostaddress count is 1
D/dalvikvm( 1519): GC_CONCURRENT freed 411K, 78% free 1297K/5827K, paused 1ms+1ms
D/dalvikvm( 1519): GC_CONCURRENT freed 389K, 78% free 1310K/5827K, paused 1ms+1ms
D/dalvikvm( 1519): GC_CONCURRENT freed 400K, 78% free 1320K/5827K, paused 1ms+1ms
D/Downloader(  744): Downloadserver bandWidth:49659
D/Downloader(  744): Downloadserver bandWidth:49659
D/Downloader(  744): Downloadserver bandWidth:49659
D/Downloader(  744): Downloadserver bandWidth:49659
D/DataSource_M3U8(  744): parseURLs : waiting 8940 ms 
D/DataSource_M3U8(  744):  mDownloadingTask.fileSize:55823 
D/DataSource_M3U8(  744): [M3U8]clear mFragements[0]
D/DataSource_M3U8(  744): bSupportAutoChangeServer = 1 
D/DataSource_M3U8(  744): u32HLSSreamNum[0]===>u32BandWidth:1433000 
D/DataSource_M3U8(  744): getHLSPlayListInex  DownloadBandWidth:49659   uInDex=0
D/Downloader(  744): [downloadThread]background worker recv DOWNLOADER_COMMAND_REMOVE_TASK
D/Downloader(  744): [downloadThread]Downloader::removeTask  
D/Downloader(  744): [downloadThread]DOWNLOADER_COMMAND_REMOVE_TASK done
D/DataSource_M3U8(  744): 
D/DataSource_M3U8(  744):  parseM3u8SubStreamType :  E_CONTENT_VIDEO_TS
D/DataSource_M3U8(  744): [M3U8]----->post cmd for start first url:http://cibn-iss1.longvisionmedia.com:8088/vod/CIBN2013_CIBN2013040700759467_14331300/1.ts, knowedFileSize:0
D/MstarPlayer(  744): MstarPlayer::doPrepare
D/MstarPlayer(  744): create MSrv_MM_PlayerInterface
D/MstarPlayer(  744): E_CONTENT_VIDEO_TS
D/MstarPlayer(  744): ===> GET source FILE Size -1 
D/MstarPlayer(  744): play content is video
D/MMPlayer(  744): constructor: 0x478228
D/MMPlayer(  744): 
D/MMPlayer(  744): connect
D/MMPlayer(  744): 
D/MMPlayer(  744): getMMPlayerService
D/IMMPlayerService(  744): Send CONNECT
D/Downloader(  744): [downloadThread]Downloader::removeTask  
D/IMMPlayer(  744): Send INITIALIZE
I//lib/ld-linux.s
[ 2935.356122] [irq_proc_open][373] -16
o.3(  748): V/MMPlayerService( 755 1046): MMPlayerService::connect(callingPid 744, client 0x2a192160)
I//lib/ld-linux.so.3(  748): V/MMPlayerService( 755 1046): MMPlayerService::Client constructor(callingPid 744)
I//lib/ld-linux.so.3(  748): MMPlayerService::Client::MM_Initialize()
I//lib/ld-linux.so.3(  748): MSrv_MM_PhotoPlayer::Initialize().
I//lib/ld-linux.so.3(  748): mapi_cpcodec::Initialize(). eDecoderPath:2
I//lib/ld-linux.so.3(  748): MIU interval 0x60000000.
I//lib/ld-linux.so.3(  748): E_MMAP_ID_XC_MAIN_FB PA: 0x17bc1000, VA: 0x457c2000, size: 0x1800000, IsMIU0: 1.
I//lib/ld-linux.so.3(  748): E_MMAP_ID_PHOTO_SHAREMEM PA: 0x167bc000, VA: 0x443bd000, size: 0x400, IsMIU0: 1.
I//lib/ld-linux.so.3(  748): E_MMAP_ID_JPD_READ PA: 0x167bc400, VA: 0x443bd400, size: 0x50080, IsMIU0: 1.
I//lib/ld-linux.so.3(  748): E_MMAP_ID_JPD_WRITE PA: 0x1680c480, VA: 0x4440d480, size: 0x3fc000, IsMIU0: 1.
I//lib/ld-linux.so.3(  748): E_MMAP_ID_PHOTO_DISPLAY PA: 0x163c0000, VA: 0x43fc1000, size: 0x3fc000, IsMIU0: 1.
I//lib/ld-linux.so.3(  748): E_MMAP_ID_PHOTO_INTER PA: 0x16c08480, VA: 0x44809480, size: 0x630000, IsMIU0: 1.
I//lib/ld-linux.so.3(  748): E_MMAP_ID_PHOTO_MPO_INTER PA: 0x17238480, VA: 0x44e39480, size: 0x3fc000, IsMIU0: 1.
I//lib/ld-linux.so.3(  748): E_MMAP_ID_VDPLAYER_DATA PA: 0x163c0000, VA: 0x43fc1000, size: 0x1000, IsMIU0: 1.
I//lib/ld-linux.so.3(  748): E_MMAP_ID_VDPLAYER_BITSTREAM PA: 0x16d40000, VA: 0x44941000, size: 0x400000, IsMIU0: 1.
I//lib/ld-linux.so.3(  748): E_MMAP_ID_VDPLAYER_BITSTREAM_EXT PA: 0x16940000, VA: 0x44541000, size: 0x400000, IsMIU0: 1.
I//lib/ld-linux.so.3(  748): E_MMAP_ID_SUBTITLE PA: 0x16740000, VA: 0x44341000, size: 0x1e0000, IsMIU0: 1.
I//lib/ld-linux.so.3(  748): E_MMAP_ID_MAD_DEC PA: 0x15c40000, VA: 0x43841000, size: 0x280000, IsMIU0: 1.
I//lib/ld-linux.so.3(  748): E_MMAP_ID_VDEC_CPU PA: 0x1b800000, VA: 0x49401000, size: 0x200000, IsMIU0: 1.
I//lib/ld-linux.so.3(  748): E_MMAP_ID_VDEC_FRAMEBUFFER PA: 0x1ba00000, VA: 0x49601000, size: 0x1b00000, IsMIU0: 1.
I//lib/ld-linux.so.3(  748): E_MMAP_ID_VDEC_FRAMEBUFFERSD PA: 0x1ba00000, VA: 0x49601000, size: 0x1b00000, IsMIU0: 1.
I//lib/ld-linux.so.3(  748): E_MMAP_ID_VDEC_BITSTREAM PA: 0x1d500000, VA: 0x4b101000, size: 0x800000, IsMIU0: 1.
I//lib/ld-linux.so.3(  748): E_MMAP_ID_VDEC_MVC_FRAMEBUFFER PA: 0x1ba00000, VA: 0x49601000, size: 0x2b00000, IsMIU0: 1.
I//lib/ld-linux.so.3(  748): E_MMAP_ID_VDEC_MVC_BITSTREAM PA: 0x1e500000, VA: 0x4c101000, size: 0x1600000, IsMIU0: 1.
I//lib/ld-linux.so.3(  748): E_MMAP_ID_DMX_SECBUF PA: 0xd0000, VA: 0x411d1000, size: 0x70000, IsMIU0: 1.
I//lib/ld-linux.so.3(  748): Thread name: mapi_cpcodec.
D/dalvikvm( 1519): GC_CONCURRENT freed 395K, 78% free 1317K/5827K, paused 3ms+2ms
I//lib/ld-linux.so.3(  748): ???????? Important,The MMAP ID(110) does not existed!, please check it...
I//lib/ld-linux.so.3(  748): ???????? Please update the right system configure...
I//lib/ld-linux.so.3(  748): ???????? Important,The MMAP ID(111) does not existed!, please check it...
I//lib/ld-linux.so.3(  748): ???????? Please update the right system configure...
I//lib/ld-linux.so.3(  748): Panel width: 1280, heigt: 720.
I//lib/ld-linux.so.3(  748): MPO SBS width: 1792, heigt: 504.
I//lib/ld-linux.so.3(  748): Output Buffer start: 0x4440d480, BUS address start: 0x5680c480, size: 0x3fc000.
I//lib/ld-linux.so.3(  748): Display Buffer start: 0x43fc1000, BUS address start: 0x563c0000, size: 0x3fc000.
I//lib/ld-linux.so.3(  748): Internal Buffer start: 0x44809480, BUS address start: 0x56c08480, size: 0x630000.
I//lib/ld-linux.so.3(  748): MPO Internal Buffer start: 0x44e39480, BUS address start: 0x57238480, size: 0x3fc000.
I//lib/ld-linux.so.3(  748): MSrv_MM_PhotoPlayer::Initialize() Done.
I//lib/ld-linux.so.3(  748): >>> MSrv_MM_VideoPlayer  Initialize 
I//lib/ld-linux.so.3(  748): mapi_cpcodec::Initialize(). eDecoderPath:2
I//lib/ld-linux.so.3(  748): ******Amplifier_TI5707_SWMute(0)
I//lib/ld-linux.so.3(  748): 5707write fail = 7
I//lib/ld-linux.so.3(  748): 5707write fail = 7
I//lib/ld-linux.so.3(  748): 5707write fail = 7
I//lib/ld-linux.so.3(  748): 5707write fail = 7
I//lib/ld-linux.so.3(  748): 5707write fail = 6
D/IMMPlayer(  744): Get ret:0
D/IMMPlayer(  744): Send PLAYER_COMMAND_ADD_EVENT_RECIPIENT_FPTR
D/IMMPlayer(  744): Get ret:1
D/IMMPlayer(  744): Send MM_SetPlayerTimeOutValue
D/IMMPlayer(  744): pTimeOutInfo->u32FileIOTimeOut:4294967295
D/IMMPlayer(  744): pTimeOutInfo->u32FileReadTimeOut:4294967295
D/IMMPlayer(  744): pTimeOutInfo->u32FileSeekTimeOut:4294967295
D/IMMPlayer(  744): pTimeOutInfo->u32DecodeCtrlTimeOut:4294967295
D/IMMPlayer(  744): pTimeOutInfo->u32ESBuffCtrlTimeOut:-1
D/IMMPlayer(  744): Get ret:0
D/IMMPlayer(  744): Send MM_SetStreamTotalTime
D/IMMPlayer(  744): u32TotalTime:5879999
D/IMMPlayer(  744): Get ret:0
D/IMMPlayer(  744): Send MM_CreateMediaItem
D/IMMPlayer(  744): stMedia.u32FileID:305472
D/IMMPlayer(  744): stMedia.u32FileSecondID:0
D/IMMPlayer(  744): stMedia.u32FileThirdID:0
D/IMMPlayer(  744): stMedia.u32FileFourthID:0
D/IMMPlayer(  744): stMedia.u64FileLength:18446744073709551615
D/IMMPlayer(  744): stMedia.eMediaType:2
D/IMMPlayer(  744): stMedia.eMediaFileType:2
D/IMMPlayer(  744): stMedia.eMediaCreateMode:0
D/IMMPlayer(  744): stMedia.u32CtlFlag:66
I//lib/ld-linux.so.3(  748): Panel width: 01280, heigt: 720.
I//lib/ld-linux.so.3(  748): Thread name: MM_Audio.
I//lib/ld-linux.so.3(  748): Thread name: MM_Audio.
D/IMMPlayer(  744): Get ret:0
D/MstarPlayer(  744): media item 0x1
D/MstarPlayer(  744): MstarPlayer::doPrepare done
I//lib/ld-linux.so.3(  748): Video Item Info, file ID: 0x4a940, file length: 0xffffffff 0xffffffff.
I//lib/ld-linux.so.3(  748): Output Resolution: DISPLAY_DACOUT_576P or DISPLAY_DACOUT_720P_50 or DISPLAY_DACOUT_1080P_50.
I//lib/ld-linux.so.3(  748): >>>GetDRMSetting From EEPROM
I//lib/ld-linux.so.3(  748): mapi_cpcodec::CreateMedia(): 2935335.
I//lib/ld-linux.so.3(  748): 1 File ID: 0x4a940, 2 File ID: 0x0, 3 File ID: 0x0, 4 File ID: 0x0.
I//lib/ld-linux.so.3(  748): File size: 0xffffffff ffffffff.
I//lib/ld-linux.so.3(  748): Media Type: 0, File Type: 2, Create Mode: 0.
I//lib/ld-linux.so.3(  748): mapi_cpcodec::videoCreateMedia().
I//lib/ld-linux.so.3(  748): Reconfigure Buffer.
I//lib/ld-linux.so.3(  748): E_MMAP_ID_VDEC_FRAMEBUFFER PA: 0x1ba00000, VA: 0x49601000, size: 0x1b00000, IsMIU0: 1.
I//lib/ld-linux.so.3(  748): E_MMAP_ID_VDEC_FRAMEBUFFERSD PA: 0x1ba00000, VA: 0x49601000, size: 0x1b00000, IsMIU0: 1.
I//lib/ld-linux.so.3(  748): E_MMAP_ID_VDEC_BITSTREAM PA: 0x1d500000, VA: 0x4b101000, size: 0x800000, IsMIU0: 1.
I//lib/ld-linux.so.3(  748): E_MMAP_ID_VDEC_MVC_FRAMEBUFFER PA: 0x1ba00000, VA: 0x49601000, size: 0x2b00000, IsMIU0: 1.
I//lib/ld-linux.so.3(  748): E_MMAP_ID_VDEC_MVC_BITSTREAM PA: 0x1e500000, VA: 0x4c101000, size: 0x1600000, IsMIU0: 1.
I//lib/ld-linux.so.3(  748): Copy TSP FW bin 73d01070 -> 411d1000; 4400
I//lib/ld-linux.so.3(  748): drop error frame.
I//lib/ld-linux.so.3(  748): pCodecMedia eFileType:2,eAppType:0 
I//lib/ld-linux.so.3(  748): default unseekable Stream mode config: Set preload size 0x4000
I//lib/ld-linux.so.3(  748): Stream mode. Set read header require size: MIN_REQUIRE_SIZE
I//lib/ld-linux.so.3(  748): Stream mode. for ts,Set read header probe option: (E_VDP_READ_HEADER_PROBE_AUDIO_DISABLE | E_VDP_READ_HEADER_PROBE_DURATION_DISABLE)
I//lib/ld-linux.so.3(  748): TS total time is 5879999
I//lib/ld-linux.so.3(  748): >>>>  DRM start  DRM MODEL ID  0x3031
I//lib/ld-linux.so.3(  748): LoadDRMMemory();
I//lib/ld-linux.so.3(  748): Display Msg: 29.
I//lib/ld-linux.so.3(  748):  set Frame buffer info  MAX_FRAMENUM 4   MAX_FIELDNUM  16
I//lib/ld-linux.so.3(  748): Enable TS Subtitle codec state  1
I//lib/ld-linux.so.3(  748): [CI][HbbTV-VOD]<INFO>:[1365696957.320603] MM init start
I//lib/ld-linux.so.3(  748): videoCreateMedia Done.
I//lib/ld-linux.so.3(  748): Create CP Ccodec Video Media Done.
I//lib/ld-linux.so.3(  748): Device or resource busy
I//lib/ld-linux.so.3(  748): Cannot open interrupt descriptor for irq=147 Auth OK
I//lib/ld-linux.so.3(  748): Check S/W IP Statue
I//lib/ld-linux.so.3(  748): [0]:OFF; [1]:OFF; [2]:OFF; [3]:ON
I//lib/ld-linux.so.3(  748): [4]:OFF; [5]:OFF; [6]:OFF; [7]:OFF
I//lib/ld-linux.so.3(  748): [8]:OFF; [9]:OFF; [10]:OFF; [11]:ON
I//lib/ld-linux.so.3(  748): [12]:ON; [13]:OFF; [14]:OFF; [15]:OFF
I//lib/ld-linux.so.3(  748): [16]:OFF; [17]:OFF; [18]:OFF; [19]:ON
I//lib/ld-linux.so.3(  748): [20]:ON; [21]:ON; [22]:ON; [23]:ON
I//lib/ld-linux.so.3(  748): [24]:OFF; [25]:OFF; [26]:OFF; [27]:ON
I//lib/ld-linux.so.3(  748): [28]:ON; [29]:ON; [30]:ON; [31]:OFF
I//lib/ld-linux.so.3(  748): [32]:OFF; [33]:ON; [34]:ON; [35]:OFF
I//lib/ld-linux.so.3(  748): [36]:OFF; [37]:OFF; [38]:OFF; [39]:ON
I//lib/ld-linux.so.3(  748): [40]:ON; [41]:OFF; [42]:OFF; [43]:OFF
I//lib/ld-linux.so.3(  748): [44]:OFF; [45]:OFF; [46]:OFF; [47]:OFF
I//lib/ld-linux.so.3(  748): [48]:OFF; [49]:OFF; [50]:OFF; [51]:OFF
I//lib/ld-linux.so.3(  748): [52]:OFF; [53]:OFF; [54]:OFF; [55]:OFF
I//lib/ld-linux.so.3(  748): [56]:OFF; [57]:OFF; [58]:OFF; [59]:OFF
I//lib/ld-linux.so.3(  748): [60]:OFF; [61]:OFF; [62]:OFF; [63]:OFF
I//lib/ld-linux.so.3(  748): Subtitle File Open Fail !!
I//lib/ld-linux.so.3(  748): Attached File Open Fail !!
I//lib/ld-linux.so.3(  748): Audio File Fail!!
D/MediaPlayerService(  744): [12] notify (0x33318, 3, 1, 0)
D/dalvikvm( 1519): GC_CONCURRENT freed 370K, 75% free 1488K/5827K, paused 1ms+1ms
D/Downloader(  744): Content-Length: 596524
D/Downloader(  744): 
D/dalvikvm( 1519): GC_CONCURRENT freed 558K, 76% free 1414K/5827K, paused 1ms+2ms
I//lib/ld-linux.so.3(  748): Blocking Read: 300, size: 0x1000.
D/dalvikvm( 1519): GC_CONCURRENT freed 487K, 77% free 1384K/5827K, paused 1ms+2ms
D/dalvikvm( 1519): GC_CONCURRENT freed 445K, 77% free 1349K/5827K, paused 1ms+1ms
I//lib/ld-linux.so.3(  748): Blocking Read: 200, size: 0x8000.
I//lib/ld-linux.so.3(  748): File format : TS
D/dalvikvm( 1519): GC_CONCURRENT freed 408K, 78% free 1335K/5827K, paused 1ms+1ms
D/dalvikvm( 1519): GC_CONCURRENT freed 406K, 76% free 1456K/5827K, paused 1ms+1ms
I//lib/ld-linux.so.3(  748): Blocking Read: 601, size: 0x20000.
I//lib/ld-linux.so.3(  748): Bitrate = 262144 Byte/s, Duration = 5879999 ms
I//lib/ld-linux.so.3(  748): PackSize = 28200 Byte.
I//lib/ld-linux.so.3(  748): ==============================================================================================
I//lib/ld-linux.so.3(  748): Data:MIU0; Bits:MIU0; MAD:MIU0; MVD:MIU0; SVD:MIU0; FB:MIU0; TSP:MIU0; FBL:No
I//lib/ld-linux.so.3(  748): Bit Buffer:0x44941000      Size:0x400000
I//lib/ld-linux.so.3(  748): Subtitle Bit Buffer:0x44341000     Size:0x1b0000
I//lib/ld-linux.so.3(  748): MAD Buffer:0x43841000
I//lib/ld-linux.so.3(  748): MADExt Buffer:0x44541000   Size:0x400000
I//lib/ld-linux.so.3(  748): VDEC FW Buffer:0x49401000  Size:0x200000
I//lib/ld-linux.so.3(  748): Frame Buffer:0x49601000    Size:0x1b00000
I//lib/ld-linux.so.3(  748): MVD Buffer:0x4b101000      Size:0x800000
I//lib/ld-linux.so.3(  748): TSP FW Buffer:0x411d1000   Size:0x70000
I//lib/ld-linux.so.3(  748): Data Buffer:0x163d1000     Size:0x36f000
I//lib/ld-linux.so.3(  748): Attached File Buffer Size:0xffffffff
I//lib/ld-linux.so.3(  748): -> Demuxer:0x164f8000      Size:0x248000
I//lib/ld-linux.so.3(  748): -> SeqHeader:0x43fd2000    Size:0x1000
I//lib/ld-linux.so.3(  748): -> MOV Table:0x49601000    Size:0x1b00000
I//lib/ld-linux.so.3(  748): -> MOV Static:0x43fd3000   Size:0x100000
I//lib/ld-linux.so.3(  748): -> DRM Payload:0x440d3000  Size:0x4000
I//lib/ld-linux.so.3(  748): -> DRM Playback Context:0x440d7000 Size:0x1000
I//lib/ld-linux.so.3(  748): -> MADExtend:0x440d9000    Size:0x20000
I//lib/ld-linux.so.3(  748): -> NonCache Area:0x440d8000        Size:0x1000
I//lib/ld-linux.so.3(  748): -> Reserved Size:0x0
I//lib/ld-linux.so.3(  748): ==============================================================================================
I//lib/ld-linux.so.3(  748): Initialize TS HW
I//lib/ld-linux.so.3(  748): HAL_VPU_EX_SetDbgLevel eLevel=0x1
I//lib/ld-linux.so.3(  748): Load AAC Audio Codec.
I//lib/ld-linux.so.3(  748): ========AAC Audio Codec========
I//lib/ld-linux.so.3(  748): ===== Check Audio Decoder Protection from hash-key IP =====
I//lib/ld-linux.so.3(  748): Hash-key Support DD.
I//lib/ld-linux.so.3(  748): Hash-key Support DD+.
I//lib/ld-linux.so.3(  748): Hash-key Support Generic HE-AAC !!
I//lib/ld-linux.so.3(  748): Hash-key Support WMA.
I//lib/ld-linux.so.3(  748): Hash-key Support DRA.
I//lib/ld-linux.so.3(  748): ===== Check Protection IP End                         =====
I//lib/ld-linux.so.3(  748): ******Amplifier_TI5707_SWMute(0)
I//lib/ld-linux.so.3(  748): 5707write fail = 7
I//lib/ld-linux.so.3(  748): 5707write fail = 7
I//lib/ld-linux.so.3(  748): 5707write fail = 7
I//lib/ld-linux.so.3(  748): 5707write fail = 7
I//lib/ld-linux.so.3(  748): 5707write fail = 6
I//lib/ld-linux.so.3(  748): DS enable = 0
I//lib/ld-linux.so.3(  748): Blocking Read: 0, size: 0x4000.
I//lib/ld-linux.so.3(  748): To ask Dynscaling Size from vdec  0xc00
I//lib/ld-linux.so.3(  748): jim:xxxxxxxxxxxxxxxxxxxxxxxxxxxxxxxxxxxxxxxxxxxxxxx
I//lib/ld-linux.so.3(  748):  Size(640x368), Disp(640x368), Par(1x1), FrameRate:25000, Interlace:1
I//lib/ld-linux.so.3(  748): 1st sequence header Decode Ready!! **
D/MstarPlayer(  744): Get E_EVENT_INIT_OK event.
D/DataSource_M3U8(  744): 
D/DataSource_M3U8(  744):  notify : 0 
D/IMMPlayer(  744): Send MM_EnableSubtitleShow
D/IMMPlayer(  744): u32Item:1
D/IMMPlayer(  744): bEnable:1
D/IMMPlayer(  744): Get ret:1
D/MstarPlayer(  744): <<<<<set init done flag
I//lib/ld-linux.so.3(  748): [CI][HbbTV-VOD]<INFO>:[1365696958.866386] MM init done
I//lib/ld-linux.so.3(  748): E_CPCODEC_MSG_INIT_OK: 2936882.
D/MstarPlayer(  744): <<<<<<<<<Init done
D/IMMPlayer(  744): Send MM_GetMetaData
D/IMMPlayer(  744): u32Item:1
D/IMMPlayer(  744): eMetadata:11
D/IMMPlayer(  744): u32BuffSize:4
D/IMMPlayer(  744): Get ret:0
D/IMMPlayer(  744): Send MM_GetMetaData
D/IMMPlayer(  744): u32Item:1
D/IMMPlayer(  744): eMetadata:12
D/IMMPlayer(  744): u32BuffSize:4
D/IMMPlayer(  744): Get ret:0
D/MediaPlayerService(  744): [12] notify (0x33318, 5, 640, 368)
D/MstarPlayer(  744): MstarPlayer::initRender
D/MstarPlayer(  744): MstarPlayer::initRender Done.
D/MstarPlayer(  744): prepare done....video size 640,368
D/MediaPlayerService(  744): [12] notify (0x33318, 1, 0, 0)
V/MediaControler( 1449): onVideoSizeChanged called
D/MediaControler( 1449): onPrepared ok
D/MediaControler( 1449): width:640
D/MediaControler( 1449): height:368
D/MediaControler( 1449): start play
D/MstarPlayer(  744): MstarPlayer::setLooping=1
D/MstarPlayer(  744): MstarPlayer::setLooping=1
D/MstarPlayer(  744): playerType
D/MstarPlayer(  744): MstarPlayer::setLooping=1
D/IMMPlayer(  744): Send MM_Play
D/IMMPlayer(  744): u32Item:1
D/IMMPlayer(  744): Get ret:0
D/MediaControler( 1449): start play
D/VideoPlayer( 1449): onPlayStart
D/Test    ( 1449): request Url  :http://cibn-ido.longvisionmedia.com:8088/msis/getAssetList?version=V001&terminalType=1&resolution=1280*720&pageSize=10&curPage=1&userCode=201303191947&queryType=3&catalogId=&isRecommend=&assetType=&originName=&publishDate=&orderTag=2&authKey=5a056ca80ff1e99f15f2e3628d35025c
I//lib/ld-linux.so.3(  748): mapi_cpcodec::Play(): 2936896.
I//lib/ld-linux.so.3(  748): [CI][HbbTV-VOD]<INFO>:[1365696958.881128] MM play start
I//lib/ld-linux.so.3(  748): MApp_VDPlayer_Play
I//lib/ld-linux.so.3(  748): [CI][HbbTV-VOD]<INFO>:[1365696958.901387] MM setup display start
I//lib/ld-linux.so.3(  748): Display Msg: 33.
I//lib/ld-linux.so.3(  748): Screen Setting: 1.
I//lib/ld-linux.so.3(  748): Set Black Screen ON.
D/MediaControler( 1449): surfaceChanged
D/MediaPlayerService(  744): [12] setVideoSurfaceTexture(0x478200)
I//lib/ld-linux.so.3(  748): Video set up display.
I//lib/ld-linux.so.3(  748): Scaler frame buffer mode.
I//lib/ld-linux.so.3(  748): stDisplayInfo.u32OutputRate: 0.
I//lib/ld-linux.so.3(  748): Display Msg: 28.
I//lib/ld-linux.so.3(  748): Video Width: 640, Height: 368, FrameRate: 25000, Interlace: 1.
I//lib/ld-linux.so.3(  748): crop: left=0, right=0, top=0, bottom=0
I//lib/ld-linux.so.3(  748): Video Type: 2.
I//lib/ld-linux.so.3(  748): Video PAR Width: 640, Height: 368.
I//lib/ld-linux.so.3(  748): Video Aspect Ratio: 40x23.
I//lib/ld-linux.so.3(  748): 1. Display Rect: x: 0, y: 0, width: 1280, height: 720.
I//lib/ld-linux.so.3(  748): 2. Display Rect: x: 14, y: 0, width: 1252, height: 720.
I//lib/ld-linux.so.3(  748): CropRect u16X=0, u16Y=0, u16Width=640, u16Height=368
I//lib/ld-linux.so.3(  748): DispRect u16X=14, u16Y=0, u16Width=1252, u16Height=720
I//lib/ld-linux.so.3(  748): Scaler start: 0x17bc1000, size: 0x1800000.
I//lib/ld-linux.so.3(  748): MVOP switch to MIU 0.
I//lib/ld-linux.so.3(  748): ->u16FrameRate = 25000
I//lib/ld-linux.so.3(  748): ->u8Interlace = 1
I//lib/ld-linux.so.3(  748): ->u16HorSize = 640
I//lib/ld-linux.so.3(  748): ->u16VerSize = 368
I//lib/ld-linux.so.3(  748): STC Updated by Video: (1731221->3440)
I//lib/ld-linux.so.3(  748): Crop Win, X: 0, Y: 0, W: 640, H: 368.
I//lib/ld-linux.so.3(  748): Diso Win, X: 14, Y: 0, W: 1252, H: 720.
I//lib/ld-linux.so.3(  748): [MApi_Video] CropWin assigned: x,y,w,h=0,0,640,368
I//lib/ld-linux.so.3(  748): [MApi_Video] DstWin assigned: x,y,w,h=14,0,1252,720
I//lib/ld-linux.so.3(  748): [MApi_Video] SrcWin1[Win=0]: x,y,w,h=238,88,640,368
I//lib/ld-linux.so.3(  748): [MApi_Video] CropWin1: x,y,w,h=0,0,640,368
I//lib/ld-linux.so.3(  748): [MApi_Video] DispWin1: x,y,w,h=14,0,1252,720
I//lib/ld-linux.so.3(  748): === open 3D OverScan ===
I//lib/ld-linux.so.3(  748): [MApi_Video] SrcWin2: x,y,w,h=238,88,640,368
I//lib/ld-linux.so.3(  748): [MApi_Video] CropWin2: x,y,w,h=0,0,640,368
I//lib/ld-linux.so.3(  748): [MApi_Video] DispWin2: x,y,w,h=14,0,1252,720
I//lib/ld-linux.so.3(  748): [MApi_Video] SrcWin3: x,y,w,h=238,88,640,368
I//lib/ld-linux.so.3(  748): [MApi_Video] CropWin3: x,y,w,h=0,0,640,368
I//lib/ld-linux.so.3(  748): [MApi_Video] DispWin3: x,y,w,h=14,0,1252,720
I//lib/ld-linux.so.3(  748): [MApi_Video] SrcWin5[Win=0]: x,y,w,h=238,88,640,368
I//lib/ld-linux.so.3(  748): [MApi_Video] CropWin5: x,y,w,h=0,0,640,368
I//lib/ld-linux.so.3(  748): [MApi_Video] DispWin5: x,y,w,h=14,0,1252,720
I//lib/ld-linux.so.3(  748): [MApi_Video] DLC cap Hstart=f, Hend=4f3, Vstart=5a, Vend=276
I//lib/ld-linux.so.3(  748): Read Bandwidthtable.bin
D/MstarPlayer(  744): Get E_EVENT_DECODE_FIRST_FRAME_DONE event.
I//lib/ld-linux.so.3(  748): enPQMNRType is 1
I//lib/ld-linux.so.3(  748): enPQFLType is 1
I//lib/ld-linux.so.3(  748):    [Plugins_PatchPQ]Customer Path PQ Add here
I//lib/ld-linux.so.3(  748): [CI][HbbTV-VOD]<INFO>:[1365696959.142446] MM setup display done
D/MstarPlayer(  744): E_EVENT_PLAYING_OK
I//lib/ld-linux.so.3(  748): Video is in playing state.
I//lib/ld-linux.so.3(  748): Audio Sync STC mode.(TS) 
I//lib/ld-linux.so.3(  748): FrmCnt:7(0,0,0) Rate:6755 Sys:2937186 STC:3688 VPTS:3440 APTS:3687 Delay:-208(40) V:2 A:7 VES:0x2cf50 AES:0x3610 PCM:0xa00 AudioErr:0x0
I//lib/ld-linux.so.3(  748): 1st Decode & Display Ready!!
D/MstarPlayer(  744): Read DisplayRectangle FIFO x 0, y 0, w 1280, h 720
D/MstarPlayer(  744): setDisplayRectangle  x 0, y 0, w 1280, h 720
D/IMMPlayer(  744): Send MM_SetDisplayRectangle
D/IMMPlayer(  744): u32Item:1
D/IMMPlayer(  744): stRect u16X:0
D/IMMPlayer(  744): stRect u16Y:0
D/IMMPlayer(  744): stRect u16Height:720
D/IMMPlayer(  744): stRect u16Width:1280
I//lib/ld-linux.so.3(  748): Video PAR Width: 640, Height: 368.
I//lib/ld-linux.so.3(  748): Video Aspect Ratio: 40x23.
I//lib/ld-linux.so.3(  748): 1. Display Rect: x: 0, y: 0, width: 1280, height: 720.
I//lib/ld-linux.so.3(  748): 2. Display Rect: x: 14, y: 0, width: 1252, height: 720.
I//lib/ld-linux.so.3(  748): CropRect u16X=0, u16Y=0, u16Width=640, u16Height=368
I//lib/ld-linux.so.3(  748): DispRect u16X=14, u16Y=0, u16Width=1252, u16Height=720
I//lib/ld-linux.so.3(  748): Crop Win, X: 0, Y: 0, W: 640, H: 368.
I//lib/ld-linux.so.3(  748): Diso Win, X: 14, Y: 0, W: 1252, H: 720.
I//lib/ld-linux.so.3(  748): [MApi_Video] CropWin assigned: x,y,w,h=0,0,640,368
I//lib/ld-linux.so.3(  748): [MApi_Video] DstWin assigned: x,y,w,h=14,0,1252,720
I//lib/ld-linux.so.3(  748): [MApi_Video] SrcWin1[Win=0]: x,y,w,h=238,88,640,368
I//lib/ld-linux.so.3(  748): [MApi_Video] CropWin1: x,y,w,h=0,0,640,368
I//lib/ld-linux.so.3(  748): [MApi_Video] DispWin1: x,y,w,h=14,0,1252,720
I//lib/ld-linux.so.3(  748): === open 3D OverScan ===
I//lib/ld-linux.so.3(  748): [MApi_Video] SrcWin2: x,y,w,h=238,88,640,368
I//lib/ld-linux.so.3(  748): [MApi_Video] CropWin2: x,y,w,h=0,0,640,368
I//lib/ld-linux.so.3(  748): [MApi_Video] DispWin2: x,y,w,h=14,0,1252,720
I//lib/ld-linux.so.3(  748): [MApi_Video] SrcWin3: x,y,w,h=238,88,640,368
I//lib/ld-linux.so.3(  748): [MApi_Video] CropWin3: x,y,w,h=0,0,640,368
I//lib/ld-linux.so.3(  748): [MApi_Video] DispWin3: x,y,w,h=14,0,1252,720
I//lib/ld-linux.so.3(  748): [MApi_Video] SrcWin5[Win=0]: x,y,w,h=238,88,640,368
I//lib/ld-linux.so.3(  748): [MApi_Video] CropWin5: x,y,w,h=0,0,640,368
I//lib/ld-linux.so.3(  748): [MApi_Video] DispWin5: x,y,w,h=14,0,1252,720
I//lib/ld-linux.so.3(  748): Clr Sync STC
I//lib/ld-linux.so.3(  748): [MApi_Video] DLC cap Hstart=f, Hend=4f3, Vstart=5a, Vend=276
D/MstarPlayer(  744): MstarPlayer::getDuration  mFlag: 0x5
D/VideoPlayer( 1449): onPlayStart duration:5879 timeCode:0
D/IMMPlayer(  744): Get ret:0
D/Downloader(  744): Downloadserver bandWidth:1815211
D/Downloader(  744): Downloadserver bandWidth:1815211
D/Downloader(  744): Downloadserver bandWidth:1815211
D/Downloader(  744): Downloadserver bandWidth:1815211
D/SlideManagerRootImpl( 1238): slideTo = 0
D/DataSource_M3U8(  744): 
D/DataSource_M3U8(  744):  Warnig::  getValidBufferLength()  <  Codec require !!!
I//lib/ld-linux.so.3(  748): Display Msg: 33.
I//lib/ld-linux.so.3(  748): Screen Setting: 1.
I//lib/ld-linux.so.3(  748): 2. Set Black Screen OFF.
D/DataSource_M3U8(  744): u32HLSSreamNum[0]===>u32BandWidth:1433000 
D/DataSource_M3U8(  744): getHLSPlayListInex  DownloadBandWidth:1815211   uInDex=0
D/DataSource_M3U8(  744): [M3U8] checkShouldStartNext :[1](596524/596524)   sequence:0  start next:2  
D/DataSource_M3U8(  744): 
D/DataSource_M3U8(  744): 
D/DataSource_M3U8(  744): 
D/DataSource_M3U8(  744): [M3U8]-7----->This :0x1490b8 --> post cmd for start next url:http://cibn-iss1.longvisionmedia.com:8088/vod/CIBN2013_CIBN2013040700759467_14331300/2.ts, knowedFileSize:0, mCurDowningIndex:1
D/DataSource_M3U8(  744): 
D/DataSource_M3U8(  744): 
D/Downloader(  744): [downloadThread]Downloader::removeTask  
D/Downloader(  744): [downloadThread]task have range string:0- 
I//lib/ld-linux.so.3(  748): [CI][HbbTV-VOD]<INFO>:[1365696960.439772] MM play done
D/MediaPlayerService(  744): [12] notify (0x33318, 200, 701, 0)
D/MstarPlayer(  744): MstarPlayer::send MEDIA_INFO_BUFFERING_START  
D/IMMPlayer(  744): Send MM_SetTrickMode
D/IMMPlayer(  744): u32Item:1
D/IMMPlayer(  744): stTrickInfo->eMode:1
D/IMMPlayer(  744): stTrickInfo->eSpeed:1
W/MediaPlayer( 1449): info/warning (701, 0)
I/MediaPlayer.java( 1449): Info (701,0)
D/IMMPlayer(  744): Get ret:0
D/MediaPlayerService(  744): [12] notify (0x33318, 200, 704, 0)
W/MediaPlayer( 1449): info/warning (704, 0)
I/MediaPlayer.java( 1449): Info (704,0)
D/MstarPlayer(  744): percent: 0
I//lib/ld-linux.so.3(  748): 1. Mode: 1, Speed: 1.
I//lib/ld-linux.so.3(  748): SetTrickMode, Mode: 1, Speed: 1.
I//lib/ld-linux.so.3(  748): Send to Co-processor: eMode: 0, eSpeed: 0.
D/MediaPlayerService(  744): [12] notify (0x33318, 200, 704, 0)
D/MstarPlayer(  744): percent: 0
W/MediaPlayer( 1449): info/warning (704, 0)
I/MediaPlayer.java( 1449): Info (704,0)
D/MediaPlayerService(  744): [12] notify (0x33318, 200, 704, 0)
D/MstarPlayer(  744): percent: 0
W/MediaPlayer( 1449): info/warning (704, 0)
I/MediaPlayer.java( 1449): Info (704,0)
D/MediaPlayerService(  744): [12] notify (0x33318, 200, 704, 0)
D/MstarPlayer(  744): percent: 0
W/MediaPlayer( 1449): info/warning (704, 0)
I/MediaPlayer.java( 1449): Info (704,0)
D/MediaPlayerService(  744): [12] notify (0x33318, 200, 704, 0)
D/MstarPlayer(  744): percent: 0
W/MediaPlayer( 1449): info/warning (704, 0)
I/MediaPlayer.java( 1449): Info (704,0)
D/MediaPlayerService(  744): [12] notify (0x33318, 200, 704, 0)
D/MstarPlayer(  744): percent: 0
W/MediaPlayer( 1449): info/warning (704, 0)
I/MediaPlayer.java( 1449): Info (704,0)
D/MediaPlayerService(  744): [12] notify (0x33318, 200, 704, 0)
D/MstarPlayer(  744): percent: 0
W/MediaPlayer( 1449): info/warning (704, 0)
I/MediaPlayer.java( 1449): Info (704,0)
D/dalvikvm( 1449): GC_CONCURRENT freed 4792K, 34% free 24142K/36227K, paused 1ms+7ms
D/MediaPlayerService(  744): [12] notify (0x33318, 200, 704, 0)
D/MstarPlayer(  744): percent: 0
W/MediaPlayer( 1449): info/warning (704, 0)
I/MediaPlayer.java( 1449): Info (704,0)
D/VideoPlayer( 1449): loadRecommendRelResource size:10
D/MediaPlayerService(  744): [12] notify (0x33318, 200, 704, 0)
D/MstarPlayer(  744): percent: 0
W/MediaPlayer( 1449): info/warning (704, 0)
I/MediaPlayer.java( 1449): Info (704,0)
D/MediaPlayerService(  744): [12] notify (0x33318, 200, 704, 0)
D/MstarPlayer(  744): percent: 0
W/MediaPlayer( 1449): info/warning (704, 0)
I/MediaPlayer.java( 1449): Info (704,0)
D/dalvikvm( 1519): GC_CONCURRENT freed 522K, 78% free 1332K/5827K, paused 1ms+1ms
D/MediaPlayerService(  744): [12] notify (0x33318, 200, 704, 0)
D/MstarPlayer(  744): percent: 0
W/MediaPlayer( 1449): info/warning (704, 0)
I/MediaPlayer.java( 1449): Info (704,0)
D/MediaPlayerService(  744): [12] notify (0x33318, 200, 704, 0)
D/MstarPlayer(  744): percent: 0
W/MediaPlayer( 1449): info/warning (704, 0)
I/MediaPlayer.java( 1449): Info (704,0)
D/MediaPlayerService(  744): [12] notify (0x33318, 200, 704, 0)
D/MstarPlayer(  744): percent: 0
W/MediaPlayer( 1449): info/warning (704, 0)
I/MediaPlayer.java( 1449): Info (704,0)
D/MediaPlayerService(  744): [12] notify (0x33318, 200, 704, 0)
D/MstarPlayer(  744): percent: 0
W/MediaPlayer( 1449): info/warning (704, 0)
I/MediaPlayer.java( 1449): Info (704,0)
D/dalvikvm( 1519): GC_CONCURRENT freed 395K, 78% free 1330K/5827K, paused 1ms+1ms
D/MediaPlayerService(  744): [12] notify (0x33318, 200, 704, 5)
D/MstarPlayer(  744): percent: 5
W/MediaPlayer( 1449): info/warning (704, 5)
I/MediaPlayer.java( 1449): Info (704,5)
D/MediaPlayerService(  744): [12] notify (0x33318, 200, 704, 9)
D/MstarPlayer(  744): percent: 9
W/MediaPlayer( 1449): info/warning (704, 9)
I/MediaPlayer.java( 1449): Info (704,9)
D/MediaPlayerService(  744): [12] notify (0x33318, 200, 704, 17)
W/MediaPlayer( 1449): info/warning (704, 17)
D/MstarPlayer(  744): percent: 17
I/MediaPlayer.java( 1449): Info (704,17)
D/DataSource_M3U8(  744): 
D/DataSource_M3U8(  744):  Warnig::  getValidBufferLength()  <  Codec require !!!
D/MediaPlayerService(  744): [12] notify (0x33318, 200, 704, 17)
D/MstarPlayer(  744): percent: 17
W/MediaPlayer( 1449): info/warning (704, 17)
I/MediaPlayer.java( 1449): Info (704,17)
D/MediaPlayerService(  744): [12] notify (0x33318, 200, 704, 17)
D/MstarPlayer(  744): percent: 17
W/MediaPlayer( 1449): info/warning (704, 17)
I/MediaPlayer.java( 1449): Info (704,17)
D/MediaPlayerService(  744): [12] notify (0x33318, 200, 704, 17)
D/MstarPlayer(  744): percent: 17
W/MediaPlayer( 1449): info/warning (704, 17)
I/MediaPlayer.java( 1449): Info (704,17)
D/MediaPlayerService(  744): [12] notify (0x33318, 200, 704, 17)
D/MstarPlayer(  744): percent: 17
W/MediaPlayer( 1449): info/warning (704, 17)
I/MediaPlayer.java( 1449): Info (704,17)
D/MediaPlayerService(  744): [12] notify (0x33318, 200, 704, 17)
D/MstarPlayer(  744): percent: 17
W/MediaPlayer( 1449): info/warning (704, 17)
I/MediaPlayer.java( 1449): Info (704,17)
D/dalvikvm( 1519): GC_CONCURRENT freed 394K, 78% free 1331K/5827K, paused 1ms+1ms
D/MediaPlayerService(  744): [12] notify (0x33318, 200, 704, 17)
D/MstarPlayer(  744): percent: 17
W/MediaPlayer( 1449): info/warning (704, 17)
I/MediaPlayer.java( 1449): Info (704,17)
D/MediaPlayerService(  744): [12] notify (0x33318, 200, 704, 17)
D/MstarPlayer(  744): percent: 17
W/MediaPlayer( 1449): info/warning (704, 17)
I/MediaPlayer.java( 1449): Info (704,17)
D/MediaPlayerService(  744): [12] notify (0x33318, 200, 704, 17)
D/MstarPlayer(  744): percent: 17
W/MediaPlayer( 1449): info/warning (704, 17)
I/MediaPlayer.java( 1449): Info (704,17)
D/MediaPlayerService(  744): [12] notify (0x33318, 200, 704, 17)
D/MstarPlayer(  744): percent: 17
W/MediaPlayer( 1449): info/warning (704, 17)
I/MediaPlayer.java( 1449): Info (704,17)
D/MediaPlayerService(  744): [12] notify (0x33318, 200, 704, 19)
D/MstarPlayer(  744): percent: 19
W/MediaPlayer( 1449): info/warning (704, 19)
I/MediaPlayer.java( 1449): Info (704,19)
D/MediaPlayerService(  744): [12] notify (0x33318, 200, 704, 19)
D/MstarPlayer(  744): percent: 19
W/MediaPlayer( 1449): info/warning (704, 19)
I/MediaPlayer.java( 1449): Info (704,19)
D/MediaPlayerService(  744): [12] notify (0x33318, 200, 704, 19)
D/MstarPlayer(  744): percent: 19
W/MediaPlayer( 1449): info/warning (704, 19)
I/MediaPlayer.java( 1449): Info (704,19)
D/MediaPlayerService(  744): [12] notify (0x33318, 200, 704, 19)
D/MstarPlayer(  744): percent: 19
W/MediaPlayer( 1449): info/warning (704, 19)
I/MediaPlayer.java( 1449): Info (704,19)
D/MediaPlayerService(  744): [12] notify (0x33318, 200, 704, 19)
D/MstarPlayer(  744): percent: 19
W/MediaPlayer( 1449): info/warning (704, 19)
I/MediaPlayer.java( 1449): Info (704,19)
D/MediaPlayerService(  744): [12] notify (0x33318, 200, 704, 19)
D/MstarPlayer(  744): percent: 19
W/MediaPlayer( 1449): info/warning (704, 19)
I/MediaPlayer.java( 1449): Info (704,19)
D/dalvikvm( 1519): GC_CONCURRENT freed 393K, 78% free 1331K/5827K, paused 1ms+1ms
D/MediaPlayerService(  744): [12] notify (0x33318, 200, 704, 19)
D/MstarPlayer(  744): percent: 19
W/MediaPlayer( 1449): info/warning (704, 19)
I/MediaPlayer.java( 1449): Info (704,19)
D/MediaPlayerService(  744): [12] notify (0x33318, 200, 704, 19)
D/MstarPlayer(  744): percent: 19
W/MediaPlayer( 1449): info/warning (704, 19)
I/MediaPlayer.java( 1449): Info (704,19)
D/MediaPlayerService(  744): [12] notify (0x33318, 200, 704, 19)
D/MstarPlayer(  744): percent: 19
W/MediaPlayer( 1449): info/warning (704, 19)
I/MediaPlayer.java( 1449): Info (704,19)
D/dalvikvm( 1519): GC_CONCURRENT freed 392K, 78% free 1331K/5827K, paused 1ms+1ms
D/MediaPlayerService(  744): [12] notify (0x33318, 200, 704, 19)
D/MstarPlayer(  744): percent: 19
W/MediaPlayer( 1449): info/warning (704, 19)
I/MediaPlayer.java( 1449): Info (704,19)
D/MediaPlayerService(  744): [12] notify (0x33318, 200, 704, 19)
D/MstarPlayer(  744): percent: 19
W/MediaPlayer( 1449): info/warning (704, 19)
I/MediaPlayer.java( 1449): Info (704,19)
D/DataSource_M3U8(  744): 
D/DataSource_M3U8(  744):  Warnig::  getValidBufferLength()  <  Codec require !!!
D/MediaPlayerService(  744): [12] notify (0x33318, 200, 704, 19)
D/MstarPlayer(  744): percent: 19
W/MediaPlayer( 1449): info/warning (704, 19)
I/MediaPlayer.java( 1449): Info (704,19)
D/dalvikvm( 1519): GC_CONCURRENT freed 411K, 78% free 1315K/5827K, paused 1ms+2ms
D/MediaPlayerService(  744): [12] notify (0x33318, 200, 704, 19)
D/MstarPlayer(  744): percent: 19
W/MediaPlayer( 1449): info/warning (704, 19)
I/MediaPlayer.java( 1449): Info (704,19)
D/MediaPlayerService(  744): [12] notify (0x33318, 200, 704, 19)
D/MstarPlayer(  744): percent: 19
W/MediaPlayer( 1449): info/warning (704, 19)
I/MediaPlayer.java( 1449): Info (704,19)
D/MediaPlayerService(  744): [12] notify (0x33318, 200, 704, 19)
D/MstarPlayer(  744): percent: 19
W/MediaPlayer( 1449): info/warning (704, 19)
I/MediaPlayer.java( 1449): Info (704,19)
D/dalvikvm( 1519): GC_CONCURRENT freed 395K, 78% free 1313K/5827K, paused 1ms+1ms
D/MediaPlayerService(  744): [12] notify (0x33318, 200, 704, 19)
D/MstarPlayer(  744): percent: 19
W/MediaPlayer( 1449): info/warning (704, 19)
I/MediaPlayer.java( 1449): Info (704,19)
D/MediaPlayerService(  744): [12] notify (0x33318, 200, 704, 19)
D/MstarPlayer(  744): percent: 19
W/MediaPlayer( 1449): info/warning (704, 19)
I/MediaPlayer.java( 1449): Info (704,19)
D/MediaPlayerService(  744): [12] notify (0x33318, 200, 704, 19)
D/MstarPlayer(  744): percent: 19
W/MediaPlayer( 1449): info/warning (704, 19)
I/MediaPlayer.java( 1449): Info (704,19)
D/dalvikvm( 1519): GC_CONCURRENT freed 393K, 78% free 1319K/5827K, paused 1ms+1ms
D/MediaPlayerService(  744): [12] notify (0x33318, 200, 704, 19)
D/MstarPlayer(  744): percent: 19
W/MediaPlayer( 1449): info/warning (704, 19)
I/MediaPlayer.java( 1449): Info (704,19)
D/MediaPlayerService(  744): [12] notify (0x33318, 200, 704, 19)
D/MstarPlayer(  744): percent: 19
W/MediaPlayer( 1449): info/warning (704, 19)
I/MediaPlayer.java( 1449): Info (704,19)
D/MediaPlayerService(  744): [12] notify (0x33318, 200, 704, 19)
D/MstarPlayer(  744): percent: 19
W/MediaPlayer( 1449): info/warning (704, 19)
I/MediaPlayer.java( 1449): Info (704,19)
D/MediaPlayerService(  744): [12] notify (0x33318, 200, 704, 19)
D/MstarPlayer(  744): percent: 19
W/MediaPlayer( 1449): info/warning (704, 19)
I/MediaPlayer.java( 1449): Info (704,19)
D/MediaPlayerService(  744): [12] notify (0x33318, 200, 704, 19)
D/MstarPlayer(  744): percent: 19
W/MediaPlayer( 1449): info/warning (704, 19)
I/MediaPlayer.java( 1449): Info (704,19)
D/MediaPlayerService(  744): [12] notify (0x33318, 200, 704, 19)
D/MstarPlayer(  744): percent: 19
W/MediaPlayer( 1449): info/warning (704, 19)
I/MediaPlayer.java( 1449): Info (704,19)
D/MediaPlayerService(  744): [12] notify (0x33318, 200, 704, 19)
D/MstarPlayer(  744): percent: 19
W/MediaPlayer( 1449): info/warning (704, 19)
I/MediaPlayer.java( 1449): Info (704,19)
D/MediaPlayerService(  744): [12] notify (0x33318, 200, 704, 89)
D/MstarPlayer(  744): percent: 89
W/MediaPlayer( 1449): info/warning (704, 89)
I/MediaPlayer.java( 1449): Info (704,89)
D/MediaPlayerService(  744): [12] notify (0x33318, 200, 702, 0)
D/MstarPlayer(  744): MstarPlayer:: send MEDIA_INFO_BUFFERING_END 
D/MstarPlayer(  744): 
D/IMMPlayer(  744): Send MM_SetTrickMode
D/IMMPlayer(  744): u32Item:1
D/IMMPlayer(  744): stTrickInfo->eMode:0
D/IMMPlayer(  744): stTrickInfo->eSpeed:1
W/MediaPlayer( 1449): info/warning (702, 0)
D/IMMPlayer(  744): Get ret:0
I/MediaPlayer.java( 1449): Info (702,0)
I//lib/ld-linux.so.3(  748): 1. Mode: 0, Speed: 1.
I//lib/ld-linux.so.3(  748): SetTrickMode, Mode: 0, Speed: 1.
I//lib/ld-linux.so.3(  748): Send to Co-processor: eMode: 0, eSpeed: 1.
D/DataSource_M3U8(  744): 
D/DataSource_M3U8(  744):  Warnig::  getValidBufferLength()  <  Codec require !!!
D/MstarPlayer(  744): Get Others event : 22
I//lib/ld-linux.so.3(  748): FrmCnt:51(0,2,8) Rate:10 Sys:2941499 STC:5144 VPTS:5200 APTS:5156 Delay:96(40) V:17 A:17 VES:0x3e8b0 AES:0x3340 PCM:0x4b280 AudioErr:0x0
D/DataSource_M3U8(  744): 
D/DataSource_M3U8(  744):  Warnig::  getValidBufferLength()  <  Codec require !!!
I//lib/ld-linux.so.3(  748): FrmCnt:88(0,2,8) Rate:24 Sys:2943029 STC:6674 VPTS:6680 APTS:6689 Delay:46(40) V:0 A:0 VES:0x8c3b0 AES:0x6ef0 PCM:0x4ba00 AudioErr:0x0
D/DataSource_M3U8(  744): 
D/DataSource_M3U8(  744):  Warnig::  getValidBufferLength()  <  Codec require !!!
D/SlideManagerRootImpl( 1238): slideTo = 1
D/Downloader(  744): Downloadserver bandWidth:1603137
D/Downloader(  744): Downloadserver bandWidth:1602871
D/Downloader(  744): Downloadserver bandWidth:1602871
D/Downloader(  744): Downloadserver bandWidth:1602871
D/DataSource_M3U8(  744): 
D/DataSource_M3U8(  744):  Warnig::  getValidBufferLength()  <  Codec require !!!
I//lib/ld-linux.so.3(  748): FrmCnt:126(0,2,8) Rate:24 Sys:2944558 STC:8203 VPTS:8200 APTS:8216 Delay:37(40) V:5 A:14 VES:0x9deb0 AES:0x8020 PCM:0x4b180 AudioErr:0x0
D/DataSource_M3U8(  744): u32HLSSreamNum[0]===>u32BandWidth:1433000 
D/DataSource_M3U8(  744): getHLSPlayListInex  DownloadBandWidth:1602871   uInDex=0
D/DataSource_M3U8(  744): [M3U8] checkShouldStartNext :[2](1209968/1209968)   sequence:0  start next:3  
D/DataSource_M3U8(  744): 
D/DataSource_M3U8(  744): 
D/DataSource_M3U8(  744): 
D/DataSource_M3U8(  744): [M3U8]-7----->This :0x1490b8 --> post cmd for start next url:http://cibn-iss1.longvisionmedia.com:8088/vod/CIBN2013_CIBN2013040700759467_14331300/3.ts, knowedFileSize:0, mCurDowningIndex:2
D/DataSource_M3U8(  744): 
D/DataSource_M3U8(  744): 
D/Downloader(  744): [downloadThread]Downloader::removeTask  
D/Downloader(  744): [downloadThread]task have range string:0- 
D/DataSource_M3U8(  744): 
D/DataSource_M3U8(  744):  Warnig::  getValidBufferLength()  <  Codec require !!!
I//lib/ld-linux.so.3(  748): FrmCnt:164(0,2,8) Rate:24 Sys:2946082 STC:9728 VPTS:9720 APTS:9740 Delay:32(40) V:0 A:11 VES:0xaaf70 AES:0x8010 PCM:0x4b900 AudioErr:0x0
D/dalvikvm( 1519): GC_CONCURRENT freed 481K, 78% free 1338K/5827K, paused 1ms+1ms
D/HomePlayerLib( 1519): hostaddress count is 1
D/dalvikvm( 1519): GC_CONCURRENT freed 418K, 77% free 1393K/5827K, paused 1ms+1ms
D/dalvikvm( 1519): GC_CONCURRENT freed 490K, 78% free 1312K/5827K, paused 1ms+1ms
D/dalvikvm( 1519): GC_CONCURRENT freed 394K, 78% free 1317K/5827K, paused 1ms+1ms
D/DataSource_M3U8(  744): 
D/DataSource_M3U8(  744):  Warnig::  getValidBufferLength()  <  Codec require !!!
D/dalvikvm( 1519): GC_CONCURRENT freed 405K, 76% free 1418K/5827K, paused 1ms+1ms
D/dalvikvm( 1519): GC_CONCURRENT freed 503K, 78% free 1315K/5827K, paused 1ms+1ms
D/dalvikvm( 1519): GC_CONCURRENT freed 392K, 77% free 1363K/5827K, paused 1ms+1ms
D/dalvikvm( 1519): GC_CONCURRENT freed 443K, 76% free 1414K/5827K, paused 2ms+1ms
D/dalvikvm( 1519): GC_CONCURRENT freed 502K, 76% free 1398K/5827K, paused 1ms+2ms
D/dalvikvm( 1519): GC_CONCURRENT freed 477K, 77% free 1360K/5827K, paused 1ms+1ms
D/DataSource_M3U8(  744): 
D/DataSource_M3U8(  744):  Warnig::  getValidBufferLength()  <  Codec require !!!
I//lib/ld-linux.so.3(  748): FrmCnt:203(0,2,8) Rate:25 Sys:2947617 STC:11262 VPTS:11240 APTS:11276 Delay:18(40) V:5 A:29 VES:0xea840 AES:0x8010 PCM:0x4ba80 AudioErr:0x0
D/Downloader(  744): Downloadserver bandWidth:2459204
D/Downloader(  744): Downloadserver bandWidth:2459204
D/Downloader(  744): Downloadserver bandWidth:2458415
D/Downloader(  744): Downloadserver bandWidth:2458415
D/DataSource_M3U8(  744): u32HLSSreamNum[0]===>u32BandWidth:1433000 
D/DataSource_M3U8(  744): getHLSPlayListInex  DownloadBandWidth:2458415   uInDex=0
D/DataSource_M3U8(  744): [M3U8] checkShouldStartNext :[3](957860/957860)   sequence:0  start next:4  
D/DataSource_M3U8(  744): 
D/DataSource_M3U8(  744): 
D/DataSource_M3U8(  744): 
D/DataSource_M3U8(  744): [M3U8]-7----->This :0x1490b8 --> post cmd for start next url:http://cibn-iss1.longvisionmedia.com:8088/vod/CIBN2013_CIBN2013040700759467_14331300/4.ts, knowedFileSize:0, mCurDowningIndex:3
D/DataSource_M3U8(  744): 
D/DataSource_M3U8(  744): 
D/Downloader(  744): [downloadThread]Downloader::removeTask  
D/Downloader(  744): [downloadThread]task have range string:0- 
D/DataSource_M3U8(  744): 
D/DataSource_M3U8(  744):  Warnig::  getValidBufferLength()  <  Codec require !!!
I//lib/ld-linux.so.3(  748): FrmCnt:241(0,2,8) Rate:24 Sys:2949144 STC:12789 VPTS:12800 APTS:12799 Delay:51(40) V:0 A:25 VES:0x100970 AES:0x8020 PCM:0x4b200 AudioErr:0x0
D/DataSource_M3U8(  744): 
D/DataSource_M3U8(  744):  Warnig::  getValidBufferLength()  <  Codec require !!!
D/dalvikvm( 1519): GC_CONCURRENT freed 425K, 78% free 1333K/5827K, paused 1ms+1ms
D/dalvikvm( 1519): GC_CONCURRENT freed 394K, 78% free 1332K/5827K, paused 1ms+1ms
D/SlideManagerRootImpl( 1238): slideTo = 2
D/Downloader(  744): Downloadserver bandWidth:1742401
D/Downloader(  744): Downloadserver bandWidth:1742401
D/Downloader(  744): Downloadserver bandWidth:1742401
D/Downloader(  744): Downloadserver bandWidth:1742401
D/DataSource_M3U8(  744): u32HLSSreamNum[0]===>u32BandWidth:1433000 
D/DataSource_M3U8(  744): getHLSPlayListInex  DownloadBandWidth:1742401   uInDex=0
D/DataSource_M3U8(  744): [M3U8] checkShouldStartNext :[4](427324/427324)   sequence:0  start next:5  
D/DataSource_M3U8(  744): 
D/DataSource_M3U8(  744): 
D/DataSource_M3U8(  744): 
D/DataSource_M3U8(  744): [M3U8]-7----->This :0x1490b8 --> post cmd for start next url:http://cibn-iss1.longvisionmedia.com:8088/vod/CIBN2013_CIBN2013040700759467_14331300/5.ts, knowedFileSize:0, mCurDowningIndex:4
D/DataSource_M3U8(  744): 
D/DataSource_M3U8(  744): 
D/Downloader(  744): [downloadThread]Downloader::removeTask  
D/Downloader(  744): [downloadThread]task have range string:0- 
D/dalvikvm( 1519): GC_CONCURRENT freed 394K, 78% free 1331K/5827K, paused 1ms+1ms
D/dalvikvm( 1519): GC_CONCURRENT freed 393K, 78% free 1337K/5827K, paused 1ms+1ms
D/DataSource_M3U8(  744): 
D/DataSource_M3U8(  744):  Warnig::  getValidBufferLength()  <  Codec require !!!
I//lib/ld-linux.so.3(  748): FrmCnt:279(0,2,8) Rate:24 Sys:2950678 STC:14323 VPTS:14320 APTS:14336 Delay:37(40) V:2 A:31 VES:0x10af60 AES:0x8010 PCM:0x4b300 AudioErr:0x0
D/dalvikvm( 1519): GC_CONCURRENT freed 404K, 76% free 1429K/5827K, paused 1ms+1ms
D/dalvikvm( 1519): GC_CONCURRENT freed 489K, 76% free 1416K/5827K, paused 1ms+1ms
D/dalvikvm( 1519): GC_CONCURRENT freed 474K, 77% free 1378K/5827K, paused 0ms+2ms
D/dalvikvm( 1519): GC_CONCURRENT freed 443K, 76% free 1428K/5827K, paused 0ms+1ms
D/dalvikvm( 1519): GC_CONCURRENT freed 489K, 78% free 1332K/5827K, paused 6ms+1ms
D/DataSource_M3U8(  744): 
D/DataSource_M3U8(  744):  Warnig::  getValidBufferLength()  <  Codec require !!!
D/dalvikvm( 1519): GC_CONCURRENT freed 394K, 78% free 1331K/5827K, paused 1ms+1ms
D/dalvikvm( 1519): GC_CONCURRENT freed 394K, 78% free 1331K/5827K, paused 1ms+1ms
D/dalvikvm( 1519): GC_CONCURRENT freed 394K, 77% free 1377K/5827K, paused 0ms+1ms
D/dalvikvm( 1519): GC_CONCURRENT freed 445K, 76% free 1428K/5827K, paused 1ms+1ms
I//lib/ld-linux.so.3(  748): FrmCnt:318(0,2,8) Rate:25 Sys:2952213 STC:15859 VPTS:15840 APTS:15874 Delay:21(40) V:0 A:31 VES:0x125900 AES:0x7f30 PCM:0x4ae80 AudioErr:0x0
D/dalvikvm( 1519): GC_CONCURRENT freed 490K, 76% free 1429K/5827K, paused 1ms+1ms
D/dalvikvm( 1519): GC_CONCURRENT freed 503K, 77% free 1351K/5827K, paused 1ms+2ms
D/dalvikvm( 1519): GC_CONCURRENT freed 419K, 76% free 1443K/5827K, paused 1ms+1ms
D/dalvikvm( 1519): GC_CONCURRENT freed 527K, 76% free 1421K/5827K, paused 1ms+1ms
D/dalvikvm( 1519): GC_CONCURRENT freed 499K, 78% free 1320K/5827K, paused 1ms+1ms
D/DataSource_M3U8(  744): ----------UpdatePlaylistThread runing... 
D/DataSource_M3U8(  744): 
D/DataSource_M3U8(  744):  Warnig::  getValidBufferLength()  <  Codec require !!!
I//lib/ld-linux.so.3(  748): FrmCnt:356(0,2,8) Rate:24 Sys:2953747 STC:17392 VPTS:17400 APTS:17405 Delay:48(40) V:0 A:44 VES:0x16edd0 AES:0x8020 PCM:0x4b600 AudioErr:0x0
D/Downloader(  744): Downloadserver bandWidth:2298309
D/Downloader(  744): Downloadserver bandWidth:2298309
D/Downloader(  744): Downloadserver bandWidth:2298309
D/Downloader(  744): Downloadserver bandWidth:2298309
D/DataSource_M3U8(  744): u32HLSSreamNum[0]===>u32BandWidth:1433000 
D/DataSource_M3U8(  744): getHLSPlayListInex  DownloadBandWidth:2298309   uInDex=0
D/DataSource_M3U8(  744): [M3U8] checkShouldStartNext :[5](1016140/1016140)   sequence:0  start next:6  
D/DataSource_M3U8(  744): 
D/DataSource_M3U8(  744): 
D/DataSource_M3U8(  744): 
D/DataSource_M3U8(  744): [M3U8]-7----->This :0x1490b8 --> post cmd for start next url:http://cibn-iss1.longvisionmedia.com:8088/vod/CIBN2013_CIBN2013040700759467_14331300/6.ts, knowedFileSize:0, mCurDowningIndex:5
D/DataSource_M3U8(  744): 
D/DataSource_M3U8(  744): 
D/Downloader(  744): [downloadThread]Downloader::removeTask  
D/Downloader(  744): [downloadThread]task have range string:0- 
D/DataSource_M3U8(  744): 
D/DataSource_M3U8(  744):  Warnig::  getValidBufferLength()  <  Codec require !!!
I//lib/ld-linux.so.3(  748): FrmCnt:394(0,2,8) Rate:24 Sys:2955276 STC:18921 VPTS:18920 APTS:18939 Delay:39(40) V:0 A:44 VES:0x15a040 AES:0x8010 PCM:0x4b780 AudioErr:0x0
D/DataSource_M3U8(  744): 
D/DataSource_M3U8(  744):  Warnig::  getValidBufferLength()  <  Codec require !!!
D/SlideManagerRootImpl( 1238): slideTo = 3
D/DataSource_M3U8(  744): 
D/DataSource_M3U8(  744):  Warnig::  getValidBufferLength()  <  Codec require !!!
I//lib/ld-linux.so.3(  748): FrmCnt:433(0,2,8) Rate:25 Sys:2956812 STC:20457 VPTS:20440 APTS:20471 Delay:23(40) V:0 A:62 VES:0x1a5270 AES:0x8010 PCM:0x4b900 AudioErr:0x0
D/HomePlayerLib( 1519): hostaddress count is 1
D/dalvikvm( 1519): GC_CONCURRENT freed 413K, 78% free 1298K/5827K, paused 1ms+2ms
D/dalvikvm( 1519): GC_CONCURRENT freed 388K, 78% free 1311K/5827K, paused 1ms+1ms
D/dalvikvm( 1519): GC_CONCURRENT freed 445K, 77% free 1373K/5827K, paused 2ms+1ms
D/DataSource_M3U8(  744): 
D/DataSource_M3U8(  744):  Warnig::  getValidBufferLength()  <  Codec require !!!
D/dalvikvm( 1519): GC_CONCURRENT freed 458K, 78% free 1305K/5827K, paused 1ms+1ms
D/dalvikvm( 1519): GC_CONCURRENT freed 401K, 76% free 1405K/5827K, paused 1ms+1ms
D/Downloader(  744): Downloadserver bandWidth:2594601
D/Downloader(  744): Downloadserver bandWidth:2594601
D/Downloader(  744): Downloadserver bandWidth:2594601
D/Downloader(  744): Downloadserver bandWidth:2594601
D/dalvikvm( 1519): GC_CONCURRENT freed 492K, 78% free 1321K/5827K, paused 1ms+1ms
D/DataSource_M3U8(  744): u32HLSSreamNum[0]===>u32BandWidth:1433000 
D/DataSource_M3U8(  744): getHLSPlayListInex  DownloadBandWidth:2594601   uInDex=0
D/DataSource_M3U8(  744): [M3U8] checkShouldStartNext :[6](1089084/1089084)   sequence:0  start next:7  
D/DataSource_M3U8(  744): 
D/DataSource_M3U8(  744): 
D/DataSource_M3U8(  744): 
D/DataSource_M3U8(  744): [M3U8]-7----->This :0x1490b8 --> post cmd for start next url:http://cibn-iss1.longvisionmedia.com:8088/vod/CIBN2013_CIBN2013040700759467_14331300/7.ts, knowedFileSize:0, mCurDowningIndex:6
D/DataSource_M3U8(  744): 
D/DataSource_M3U8(  744): 
D/Downloader(  744): [downloadThread]Downloader::removeTask  
D/Downloader(  744): [downloadThread]task have range string:0- 
D/dalvikvm( 1519): GC_CONCURRENT freed 388K, 78% free 1318K/5827K, paused 1ms+2ms
D/dalvikvm( 1519): GC_CONCURRENT freed 370K, 77% free 1376K/5827K, paused 1ms+1ms
D/dalvikvm( 1519): GC_CONCURRENT freed 441K, 78% free 1320K/5827K, paused 1ms+1ms
D/dalvikvm( 1519): GC_CONCURRENT freed 408K, 76% free 1428K/5827K, paused 2ms+1ms
D/dalvikvm( 1519): GC_CONCURRENT freed 502K, 77% free 1392K/5827K, paused 1ms+1ms
I//lib/ld-linux.so.3(  748): FrmCnt:471(0,2,8) Rate:24 Sys:2958351 STC:21996 VPTS:22000 APTS:22014 Delay:44(40) V:0 A:73 VES:0x1c7530 AES:0x8010 PCM:0x4b400 AudioErr:0x0
D/DataSource_M3U8(  744): 
D/DataSource_M3U8(  744):  Warnig::  getValidBufferLength()  <  Codec require !!!
D/DataSource_M3U8(  744): 
D/DataSource_M3U8(  744):  Warnig::  getValidBufferLength()  <  Codec require !!!
D/Downloader(  744): Downloadserver bandWidth:2381773
D/Downloader(  744): Downloadserver bandWidth:2381773
D/Downloader(  744): Downloadserver bandWidth:2381773
D/Downloader(  744): Downloadserver bandWidth:2381773
D/DataSource_M3U8(  744): u32HLSSreamNum[0]===>u32BandWidth:1433000 
D/DataSource_M3U8(  744): getHLSPlayListInex  DownloadBandWidth:2381773   uInDex=0
D/DataSource_M3U8(  744): [M3U8] checkShouldStartNext :[7](509104/509104)   sequence:0  start next:8  
D/DataSource_M3U8(  744): 
D/DataSource_M3U8(  744): 
D/DataSource_M3U8(  744): 
D/DataSource_M3U8(  744): [M3U8]-7----->This :0x1490b8 --> post cmd for start next url:http://cibn-iss1.longvisionmedia.com:8088/vod/CIBN2013_CIBN2013040700759467_14331300/8.ts, knowedFileSize:0, mCurDowningIndex:7
D/DataSource_M3U8(  744): 
D/DataSource_M3U8(  744): 
D/Downloader(  744): [downloadThread]Downloader::removeTask  
D/Downloader(  744): [downloadThread]task have range string:0- 
I//lib/ld-linux.so.3(  748): FrmCnt:509(0,2,8) Rate:24 Sys:2959883 STC:23528 VPTS:23520 APTS:23538 Delay:32(40) V:0 A:91 VES:0x20e200 AES:0x8010 PCM:0x4bb80 AudioErr:0x0
D/DataSource_M3U8(  744): 
