D/DataSource_M3U8(  744):  Warnig::  getValidBufferLength()  <  Codec require !!!
D/dalvikvm( 1519): GC_CONCURRENT freed 456K, 77% free 1345K/5827K, paused 1ms+2ms
D/dalvikvm( 1519): GC_CONCURRENT freed 435K, 76% free 1411K/5827K, paused 1ms+1ms
D/dalvikvm( 1519): GC_CONCURRENT freed 476K, 76% free 1427K/5827K, paused 5ms+1ms
I//lib/ld-linux.so.3(  748): FrmCnt:548(0,2,8) Rate:25 Sys:2961410 STC:25055 VPTS:25040 APTS:25074 Delay:25(40) V:0 A:82 VES:0x206690 AES:0x7f40 PCM:0x4bd00 AudioErr:0x0
D/dalvikvm( 1519): GC_CONCURRENT freed 499K, 76% free 1444K/5827K, paused 1ms+1ms
D/dalvikvm( 1519): GC_CONCURRENT freed 518K, 76% free 1411K/5827K, paused 1ms+2ms
D/dalvikvm( 1519): GC_CONCURRENT freed 476K, 77% free 1351K/5827K, paused 1ms+1ms
D/SlideManagerRootImpl( 1238): slideTo = 4
I//lib/ld-linux.so.3(  748): FrmCnt:586(0,2,8) Rate:24 Sys:2962937 STC:26582 VPTS:26560 APTS:26597 Delay:18(40) V:0 A:70 VES:0x202830 AES:0x8010 PCM:0x4b480 AudioErr:0x0
D/DataSource_M3U8(  744): 
D/DataSource_M3U8(  744):  Warnig::  getValidBufferLength()  <  Codec require !!!
I//lib/ld-linux.so.3(  748): FrmCnt:624(0,2,8) Rate:24 Sys:2964463 STC:28108 VPTS:28080 APTS:28127 Delay:12(40) V:0 A:63 VES:0x1e64e0 AES:0x8000 PCM:0x4bc00 AudioErr:0x0
D/DataSource_M3U8(  744): 
D/DataSource_M3U8(  744):  Warnig::  getValidBufferLength()  <  Codec require !!!
D/Downloader(  744): Downloadserver bandWidth:263223
D/Downloader(  744): Downloadserver bandWidth:263168
D/Downloader(  744): Downloadserver bandWidth:263168
D/Downloader(  744): Downloadserver bandWidth:263168
D/DataSource_M3U8(  744): u32HLSSreamNum[0]===>u32BandWidth:1433000 
D/DataSource_M3U8(  744): getHLSPlayListInex  DownloadBandWidth:263168   uInDex=0
D/DataSource_M3U8(  744): [M3U8] checkShouldStartNext :[8](158296/158296)   sequence:0  start next:9  
D/DataSource_M3U8(  744): 
D/DataSource_M3U8(  744): 
D/DataSource_M3U8(  744): 
D/DataSource_M3U8(  744): [M3U8]-7----->This :0x1490b8 --> post cmd for start next url:http://cibn-iss1.longvisionmedia.com:8088/vod/CIBN2013_CIBN2013040700759467_14331300/9.ts, knowedFileSize:0, mCurDowningIndex:8
D/DataSource_M3U8(  744): 
D/DataSource_M3U8(  744): 
D/Downloader(  744): [downloadThread]Downloader::removeTask  
D/Downloader(  744): [downloadThread]task have range string:0- 
D/DataSource_M3U8(  744): 
D/DataSource_M3U8(  744):  Warnig::  getValidBufferLength()  <  Codec require !!!
I//lib/ld-linux.so.3(  748): FrmCnt:662(0,2,8) Rate:24 Sys:2965990 STC:29635 VPTS:29640 APTS:29654 Delay:45(40) V:0 A:60 VES:0x1bc130 AES:0x8010 PCM:0x4b380 AudioErr:0x0
[ 2966.294660] IR: [03932] scan key value is 0xec13c936 
[ 2966.294665]  
[ 2966.345830] IR: [03932] scan key value is 0xec13c936 
[ 2966.345835]  D/DataSource_M3U8(  744): 
D/DataSource_M3U8(  744):  Warnig::  getValidBufferLength()  <  Codec require !!!
D/InputEventConsistencyVerifier( 1449): KeyEvent: ACTION_UP but key was not down.
D/InputEventConsistencyVerifier( 1449):   in com.android.internal.policy.impl.PhoneWindow$DecorView@414a8c00
D/InputEventConsistencyVerifier( 1449):   0: sent at 2966512000000, KeyEvent { action=ACTION_UP, keyCode=KEYCODE_ENTER, scanCode=28, metaState=0, flags=0x8, repeatCount=0, eventTime=2966512, downTime=2966300, deviceId=2, source=0x101 }
D/DataSource_M3U8(  744): 
D/DataSource_M3U8(  744):  Warnig::  getValidBufferLength()  <  Codec require !!!
I//lib/ld-linux.so.3(  748): FrmCnt:701(0,2,8) Rate:25 Sys:2967526 STC:31171 VPTS:31160 APTS:31187 Delay:29(40) V:0 A:58 VES:0x1b5120 AES:0x8020 PCM:0x4b500 AudioErr:0x0
D/dalvikvm( 1519): GC_CONCURRENT freed 434K, 78% free 1314K/5827K, paused 1ms+1ms
D/HomePlayerLib( 1519): hostaddress count is 1
D/dalvikvm( 1519): GC_CONCURRENT freed 405K, 78% free 1298K/5827K, paused 1ms+1ms
D/dalvikvm( 1519): GC_CONCURRENT freed 388K, 78% free 1312K/5827K, paused 1ms+1ms
D/Downloader(  744): Downloadserver bandWidth:1907060
D/Downloader(  744): Downloadserver bandWidth:1907060
D/Downloader(  744): Downloadserver bandWidth:1907060
D/Downloader(  744): Downloadserver bandWidth:1907060
D/dalvikvm( 1519): GC_CONCURRENT freed 405K, 76% free 1399K/5827K, paused 1ms+1ms

[ 2968.048826] IR: [03932] scan key value is 0xec13c936 
[ 2968.048830]  
[ 2968.100000] IR: [03932] scan key value is 0xec13c936 
[ 2968.100004]  D/dalvikvm( 1519): GC_CONCURRENT freed 471K, 78% free 1324K/5827K, paused 1ms+2ms
D/SlideManagerRootImpl( 1238): slideTo = 0
D/dalvikvm( 1519): GC_CONCURRENT freed 404K, 76% free 1424K/5827K, paused 1ms+1ms
D/DataSource_M3U8(  744): u32HLSSreamNum[0]===>u32BandWidth:1433000 
D/DataSource_M3U8(  744): getHLSPlayListInex  DownloadBandWidth:1907060   uInDex=0
D/DataSource_M3U8(  744): [M3U8] checkShouldStartNext :[9](755196/755196)   sequence:0  start next:10  
D/DataSource_M3U8(  744): 
D/DataSource_M3U8(  744): 
D/DataSource_M3U8(  744): 
D/DataSource_M3U8(  744): [M3U8]-7----->This :0x1490b8 --> post cmd for start next url:http://cibn-iss1.longvisionmedia.com:8088/vod/CIBN2013_CIBN2013040700759467_14331300/10.ts, knowedFileSize:0, mCurDowningIndex:9
D/DataSource_M3U8(  744): 
D/DataSource_M3U8(  744): 
D/Downloader(  744): [downloadThread]Downloader::removeTask  
D/Downloader(  744): [downloadThread]task have range string:0- 
D/InputEventConsistencyVerifier( 1449): KeyEvent: ACTION_UP but key was not down.
D/InputEventConsistencyVerifier( 1449):   in com.android.internal.policy.impl.PhoneWindow$DecorView@414a8c00
D/InputEventConsistencyVerifier( 1449):   0: sent at 2968268000000, KeyEvent { action=ACTION_UP, keyCode=KEYCODE_ENTER, scanCode=28, metaState=0, flags=0x8, repeatCount=0, eventTime=2968268, downTime=2968054, deviceId=2, source=0x101 }
D/InputEventConsistencyVerifier( 1449):   -- recent events --
D/InputEventConsistencyVerifier( 1449):   1: sent at 2966512000000, (unhandled) KeyEvent { action=ACTION_UP, keyCode=KEYCODE_ENTER, scanCode=28, metaState=0, flags=0x80000008, repeatCount=0, eventTime=2966512, downTime=2966300, deviceId=2, source=0x101 }
D/MediaPlayerService(  744): [12] notify (0x33318, 3, 2, 0)
D/dalvikvm( 1519): GC_CONCURRENT freed 484K, 77% free 1350K/5827K, paused 1ms+1ms
D/DataSource_M3U8(  744): 
D/DataSource_M3U8(  744):  Warnig::  getValidBufferLength()  <  Codec require !!!
D/dalvikvm( 1519): GC_CONCURRENT freed 434K, 78% free 1325K/5827K, paused 2ms+1ms
D/dalvikvm( 1519): GC_CONCURRENT freed 397K, 78% free 1329K/5827K, paused 1ms+1ms
D/dalvikvm( 1519): GC_CONCURRENT freed 412K, 78% free 1339K/5827K, paused 1ms+1ms

[ 2968.933397] IR: [03932] scan key value is 0xf10ec936 
[ 2968.933402]  I/MediaControler( 1449): pause called isPlaying:
I/MediaControler( 1449): pause called
D/MstarPlayer(  744): MstarPlayer::pause
D/IMMPlayer(  744): Send MM_SetTrickMode
D/IMMPlayer(  744): u32Item:1
D/IMMPlayer(  744): stTrickInfo->eMode:1
D/IMMPlayer(  744): stTrickInfo->eSpeed:1
D/IMMPlayer(  744): Get ret:0
D/VideoPlayer( 1449): onPlayPause
I//lib/ld-linux.so.3(  748): 1. Mode: 1, Spee
[ 2968.984039] IR: [03932] scan key value is 0xf10ec936 
[ 2968.984045]  d: 1.
I//lib/ld-linux.so.3(  748): SetTrickMode, Mode: 1, Speed: 1.
I//lib/ld-linux.so.3(  748): Send to Co-processor: eMode: 0, eSpeed: 0.
E/        ( 1449): get vaddr failed:pvaddr_read=0x61d60000,pvaddr_internal=0x61e60000,pvaddr_write=0x0
D/dalvikvm( 1519): GC_CONCURRENT freed 420K, 76% free 1406K/5827K, paused 1ms+2ms
E/        ( 1449): get vaddr failed:pvaddr_read=0x61d60000,pvaddr_internal=0x61e60000,pvaddr_write=0x0
D/dalvikvm( 1449): GC_FOR_ALLOC freed 2962K, 38% free 22800K/36227K, paused 34ms
D/InputEventConsistencyVerifier( 1449): KeyEvent: ACTION_UP but key was not down.
D/InputEventConsistencyVerifier( 1449):   in com.android.internal.policy.impl.PhoneWindow$DecorView@414a8c00
D/InputEventConsistencyVerifier( 1449):   0: sent at 2969152000000, KeyEvent { action=ACTION_UP, keyCode=KEYCODE_BACK, scanCode=158, metaState=0, flags=0x8, repeatCount=0, eventTime=2969152, downTime=2968939, deviceId=2, source=0x101 }
D/InputEventConsistencyVerifier( 1449):   -- recent events --
D/InputEventConsistencyVerifier( 1449):   1: sent at 2968268000000, (unhandled) KeyEvent { action=ACTION_UP, keyCode=KEYCODE_ENTER, scanCode=28, metaState=0, flags=0x80000008, repeatCount=0, eventTime=2968268, downTime=2968054, deviceId=2, source=0x101 }
D/InputEventConsistencyVerifier( 1449):   2: sent at 2966512000000, (unhandled) KeyEvent { action=ACTION_UP, keyCode=KEYCODE_ENTER, scanCode=28, metaState=0, flags=0x80000008, repeatCount=0, eventTime=2966512, downTime=2966300, deviceId=2, source=0x101 }
D/dalvikvm( 1519): GC_CONCURRENT freed 485K, 78% free 1320K/5827K, paused 1ms+1ms
D/dalvikvm( 1519): GC_CONCURRENT freed 396K, 78% free 1318K/5827K, paused 1ms+1ms
D/dalvikvm( 1519): GC_CONCURRENT freed 394K, 78% free 1318K/5827K, paused 0ms+1ms
D/dalvikvm( 1519): GC_CONCURRENT freed 394K, 78% free 1310K/5827K, paused 1ms+2ms
D/dalvikvm( 1519): GC_CONCURRENT freed 393K, 76% free 1401K/5827K, paused 1ms+1ms
D/dalvikvm( 1519): GC_CONCURRENT freed 475K, 77% free 1341K/5827K, paused 0ms+2ms

[ 2970.554004] IR: [03932] scan key value is 0xf10ec936 
[ 2970.554008]  
[ 2970.604615] IR: [03932] scan key value is 0xf10ec936 
[ 2970.604619]  D/dalvikvm( 1519): GC_CONCURRENT freed 419K, 78% free 1336K/5827K, paused 1ms+2ms
D/VideoPlayer( 1449): onPause
E/VideoPlayer( 1449): addBookMark:
D/VideoPlayer( 1449): get terminal msg from db!
D/MediaControler( 1449): stop
D/MstarPlayer(  744): MstarPlayer::stop
D/MstarPlayer(  744): request to exit async thread
D/Test    ( 1449): request Url  :http://cibn-ido.longvisionmedia.com:8088/userCenter/addBookMark?version=V001&terminalType=1&resolution=1280*720&userCode=201303191947&userName=201303191947&resourceCode=13024&bookMark=28&authKey=afafc21add8b0cee80fd5ca50b6086de
D/DataSource_M3U8(  744): 
D/DataSource_M3U8(  744): Warning : ForceContentSourceReset
D/MstarPlayer(  744): player waiting exit
D/MstarPlayer(  744): exit async proc thread
D/IMMPlayer(  744): Send MM_Stop
D/IMMPlayer(  744): u32Item:1
D/MstarPlayer(  744): player waiting exit
I//lib/ld-linux.so.3(  748): MApp_VDPlayer_Stop interrupt
I//lib/ld-linux.so.3(  748): MApp_VDPlayer_Stop
I//lib/ld-linux.so.3(  748): E_VDP_DECODE_STATE_STOP --> E_VDP_DECODE_STATE_STANDBY
I//lib/ld-linux.so.3(  748): E_VDP_PHASE_DECODE --> E_VDP_PHASE_STOP
I//lib/ld-linux.so.3(  748): Clear ES buffer
I//lib/ld-linux.so.3(  748): E_VDP_PHASE_STOP --> E_VDP_PHASE_STANDBY
I//lib/ld-linux.so.3(  748): Error code 0; Stop Pos:0x065fb08 Time:28956
I//lib/ld-linux.so.3(  748): Get MB_VDPLAYER_STOP command.
D/dalvikvm( 1519): GC_CONCURRENT freed 409K, 76% free 1418K/5827K, paused 1ms+1ms
D/IMMPlayer(  744): Get ret:0
D/IMMPlayer(  744): Send MM_DeleteMediaItem
D/IMMPlayer(  744): u32Item:1
D/IMMPlayer(  744): Get ret:0
D/IMMPlayer(  744): Send PLAYER_COMMAND_REMOVE_EVENT_RECIPIENT_FPTR
D/IMMPlayer(  744): Get ret:1
D/IMMPlayer(  744): Send FINALIZE
I//lib/ld-linux.so.3(  748): Sbtitle de-init: 0.
I//lib/ld-linux.so.3(  748): MMPlayerService::Client::MM_Finalize()
I//lib/ld-linux.so.3(  748): MSrv_MM_PhotoPlayer::Finalize().
I//lib/ld-linux.so.3(  748): mapi_cpcodec::Finalize().
I//lib/ld-linux.so.3(  748): mapi_cpcodec::Finalize().
I//lib/ld-linux.so.3(  748): Do mapi_cpcodec::Finalize().
D/IMMPlayer(  744): Get ret:0
D/MMPlayer(  744): disconnect
D/MMPlayer(  744): 
D/IMMPlayer(  744): Send DISCONNECT
D/MMPlayer(  744): destructor: 0x478228
D/MMPlayer(  744): 
D/MMPlayer(  744): disconnect
D/MMPlayer(  744): 
D/MstarPlayer(  744): MstarPlayer::clearAllSource
D/Downloader(  744): Enter Downloader::ForceExit ! 
D/DataSource_M3U8(  744): [M3U8]request to exit download thread
D/DataSource_M3U8(  744): [ContentSource_M3U8] DownloadThread Exit Done..
D/DataSource_M3U8(  744): [M3U8]request to exit mPlaylistThread thread
I//lib/ld-linux.so.3(  748): MM_Finalize done
I//lib/ld-linux.so.3(  748): V/MMPlayerService( 755 755): disconnect(callingPid 744, clientPid 744)
I//lib/ld-linux.so.3(  748): V/MMPlayerService( 755 755): Disconnet finalize OK.
I//lib/ld-linux.so.3(  748): V/MMPlayerService( 755 755): removeClient(callingPid 744)
I//lib/ld-linux.so.3(  748): V/MMPlayerService( 755 1065): MMPlayerService::Client destructor(callingPid 744)
D/dalvikvm( 1519): GC_CONCURRENT freed 502K, 76% free 1418K/5827K, paused 1ms+1ms
I/Process (  959): Sending signal. PID: 1449 SIG: 3
I/dalvikvm( 1449): threadid=3: reacting to signal 3
W/ActivityManager(  959): Activity pause timeout for ActivityRecord{41702160 com.aidufei.movieonline/.player.VideoPlayer}
I/dalvikvm( 1449): Wrote stack traces to '/data/anr/traces.txt'
D/Downloader(  744): Enter Downloader::ForceExit ! 
D/Downloader(  744): [downloadThread]Downloader::removeTask  
D/Downloader(  744): ~Downloader
D/DataSource_M3U8(  744): [M3U8]~ContentSource_M3U8 done.
D/MstarPlayer(  744): setInstance: 0x0
D/MstarPlayer(  744): ==========MstarPlayer::reset : 0x147d30==========
D/MstarPlayer(  744): MstarPlayer::clearAllSource
D/MstarPlayer(  744): setInstance: 0x0
D/MstarPlayer(  744): reset done
D/MstarPlayer(  744): 
D/MstarPlayer(  744): =======Destroy mstar player  : 0x147d30========
D/VideoPlayer( 1449): onPlayStop
E/VideoPlayer( 1449): add BookMark success!record is: 28
D/SubCatalogActivity( 1449): -- onResume --
D/OpenGLRenderer( 1449): Flushing caches (mode 0)
D/dalvikvm( 1519): GC_CONCURRENT freed 484K, 77% free 1379K/5827K, paused 1ms+1ms
D/MediaControler( 1449): onDestroy
D/VideoPlayer( 1449): onPlayStop
W/ActivityManager(  959): Duplicate finish request for ActivityRecord{41702160 com.aidufei.movieonline/.player.VideoPlayer}
D/OtOService( 1449): TVContentReceiver: ACTION_TV_CONTENT_CHANGED, playType: 0 ,resourceCode: null
D/dalvikvm( 1519): GC_CONCURRENT freed 446K, 76% free 1444K/5827K, paused 1ms+1ms
D/dalvikvm( 1519): GC_CONCURRENT freed 518K, 78% free 1319K/5827K, paused 1ms+1ms
D/dalvikvm( 1519): GC_CONCURRENT freed 393K, 76% free 1432K/5827K, paused 1ms+2ms

[ 2972.706809] IR: [03932] scan key value is 0xec13c936 
[ 2972.706813]  
[ 2972.757958] IR: [03932] scan key value is 0xec13c936 
[ 2972.757963]  I/ActivityManager(  959): START {cmp=com.aidufei.movieonline/.ProgramDetailActivity (has extras)} from pid 1449
D/SubCatalogActivity( 1449): -- onRestart --
D/ProgramDetailActivity( 1449): -- onCreate --
D/Test    ( 1449): request Url  :http://cibn-ido.longvisionmedia.com:8088/userCenter/getFavorite?version=V001&terminalType=1&resolution=1280*720&userCode=201303191947&userName=201303191947&authKey=4d204bdbd0e79418752f89472fa2a644
D/com.aidufei.movieonline.BaseActivity$getAuthResult :148
        ( 1449): get terminal msg from db!
D/dalvikvm( 1449): GC_CONCURRENT freed 1152K, 35% free 23591K/36227K, paused 2ms+3ms
D/com.aidufei.movieonline.BaseActivity$getAuthResult :182
        ( 1449): get getAuthResultl msg from db!201303191947
D/ProgramDetailActivity( 1449): start load program details.
D/ProgramDetailActivity( 1449): -- onResume --
E/Test    ( 1449): authResult:201303191947
I/ActivityManager(  959): Displayed com.aidufei.movieonline/.ProgramDetailActivity: +316ms
D/dalvikvm( 1519): GC_CONCURRENT freed 498K, 76% free 1445K/5827K, paused 1ms+2ms
D/Test    ( 1449): request Url  :http://cibn-ido.longvisionmedia.com:8088/msis/getAssetDetail?version=V001&terminalType=1&resolution=1280*720&resourceCode=13024&userCode=201303191947&authKey=ee474aec69db79772cc54396c5ea29bd
I/ProgramDetailActivity( 1449): movie count:1
D/Test    ( 1449): request Url  :http://cibn-ido.longvisionmedia.com:8088/msis/getAssetList?version=V001&terminalType=1&resolution=1280*720&pageSize=10&curPage=1&userCode=201303191947&queryType=3&catalogId=&isRecommend=&assetType=&originName=&publishDate=&orderTag=2&authKey=5a056ca80ff1e99f15f2e3628d35025c
D/SlideManagerRootImpl( 1238): slideTo = 1

[ 2974.327327] IR: [03932] scan key value is 0xeb14c936 
[ 2974.327331]  
[ 2974.378250] IR: [03932] scan key value is 0xeb14c936 
[ 2974.378254]  D/dalvikvm( 1449): GC_CONCURRENT freed 1863K, 35% free 23654K/36227K, paused 2ms+5ms
D/InputEventConsistencyVerifier( 1449): KeyEvent: ACTION_UP but key was not down.
D/InputEventConsistencyVerifier( 1449):   in android.widget.Button@41bae858
D/InputEventConsistencyVerifier( 1449):   0: sent at 2974544000000, KeyEvent { action=ACTION_UP, keyCode=KEYCODE_DPAD_RIGHT, scanCode=106, metaState=0, flags=0x8, repeatCount=0, eventTime=2974544, downTime=2974333, deviceId=2, source=0x101 }
D/ProgramDetailActivity( 1449): initRelateResource:10
D/Test    ( 1449): request Url  :http://cibn-ido.longvisionmedia.com:8088/userCenter/getBookMark?version=V001&terminalType=1&resolution=1280*720&userCode=201303191947&userName=201303191947&ResourceCode=13024&authKey=f22f3326e0dbb20f4be898b52df6d1b6

[ 2974.710282] IR: [03932] scan key value is 0xec13c936 
[ 2974.710286]  E/ProgramDetailActivity( 1449): rawTimeCode:28
E/        ( 1449): get vaddr failed:pvaddr_read=0x61d60000,pvaddr_internal=0x61e60000,pvaddr_write=0x0
D/dalvikvm( 1449): GC_CONCURRENT freed 1016K, 33% free 24563K/36227K, paused 2ms+3ms
D/dalvikvm( 1449): GC_FOR_ALLOC freed 903K, 31% free 25195K/36227K, paused 30ms
I/dalvikvm-heap( 1449): Grow heap (frag case) to 30.206MB for 2097168-byte allocation
D/dalvikvm( 1449): GC_CONCURRENT freed 0K, 25% free 27244K/36227K, paused 1ms+5ms
D/Test    ( 1449): request Url  :http://cibn-ido.longvisionmedia.com:8088/userCenter/addFavorite?version=V001&terminalType=1&resolution=1280*720&userCode=201303191947&userName=201303191947&resourceCode=13024&authKey=e00d4f384acf13e641a57a1daa9af75c

[ 2977.787729] IR: [03932] scan key value is 0xec13c936 
[ 2977.787735]  
[ 2977.838909] IR: [03932] scan key value is 0xec13c936 
[ 2977.838914]  D/dalvikvm( 1519): GC_CONCURRENT freed 533K, 78% free 1313K/5827K, paused 1ms+1ms
D/Test    ( 1449): request Url  :http://cibn-ido.longvisionmedia.com:8088/userCenter/delFavorite?version=V001&terminalType=1&resolution=1280*720&userCode=201303191947&UserName=201303191947&ResourceCode=13024&authKey=c9e43c9338ca79547df0ae3e4f694377

[ 2979.094110] IR: [03932] scan key value is 0xec13c936 
[ 2979.094115]  D/HomePlayerLib( 1519): hostaddress count is 1
D/dalvikvm( 1519): GC_CONCURRENT freed 404K, 76% free 1419K/5827K, paused 4ms+1ms

[ 2979.145289] IR: [03932] scan key value is 0xec13c936 
[ 2979.145295]  D/dalvikvm( 1519): GC_CONCURRENT freed 504K, 76% free 1407K/5827K, paused 1ms+1ms
D/dalvikvm( 1519): GC_CONCURRENT freed 500K, 76% free 1398K/5827K, paused 1ms+2ms
D/Test    ( 1449): request Url  :http://cibn-ido.longvisionmedia.com:8088/userCenter/addFavorite?version=V001&terminalType=1&resolution=1280*720&userCode=201303191947&userName=201303191947&resourceCode=13024&authKey=e00d4f384acf13e641a57a1daa9af75c
D/dalvikvm( 1519): GC_CONCURRENT freed 487K, 76% free 1422K/5827K, paused 5ms+1ms
D/dalvikvm( 1519): GC_CONCURRENT freed 479K, 78% free 1328K/5827K, paused 1ms+1ms
D/dalvikvm( 1519): GC_CONCURRENT freed 390K, 76% free 1436K/5827K, paused 2ms+2ms
D/dalvikvm( 1519): GC_CONCURRENT freed 478K, 77% free 1373K/5827K, paused 1ms+2ms
D/dalvikvm( 1519): GC_CONCURRENT freed 421K, 78% free 1337K/5827K, paused 1ms+1ms
D/dalvikvm( 1519): GC_CONCURRENT freed 408K, 78% free 1332K/5827K, paused 2ms+2ms
D/SlideManagerRootImpl( 1238): slideTo = 2
D/dalvikvm( 1519): GC_CONCURRENT freed 396K, 76% free 1448K/5827K, paused 1ms+2ms

[ 2981.346954] IR: [03932] scan key value is 0xec13c936 
[ 2981.346959]  
[ 2981.398132] IR: [03932] scan key value is 0xec13c936 
[ 2981.398137]  D/Test    ( 1449): request Url  :http://cibn-ido.longvisionmedia.com:8088/userCenter/delFavorite?version=V001&terminalType=1&resolution=1280*720&userCode=201303191947&UserName=201303191947&ResourceCode=13024&authKey=c9e43c9338ca79547df0ae3e4f694377
D/dalvikvm( 1519): GC_CONCURRENT freed 504K, 75% free 1498K/5827K, paused 1ms+1ms

[ 2982.432140] IR: [03932] scan key value is 0xec13c936 
[ 2982.432145]  
[ 2982.483288] IR: [03932] scan key value is 0xec13c936 
[ 2982.483293]  D/Test    ( 1449): request Url  :http://cibn-ido.longvisionmedia.com:8088/userCenter/addFavorite?version=V001&terminalType=1&resolution=1280*720&userCode=201303191947&userName=201303191947&resourceCode=13024&authKey=e00d4f384acf13e641a57a1daa9af75c
D/dalvikvm( 1519): GC_CONCURRENT freed 569K, 76% free 1429K/5827K, paused 4ms+1ms
D/dalvikvm( 1519): GC_CONCURRENT freed 490K, 76% free 1429K/5827K, paused 1ms+1ms
D/dalvikvm( 1519): GC_CONCURRENT freed 502K, 77% free 1351K/5827K, paused 1ms+1ms
D/dalvikvm( 1519): GC_CONCURRENT freed 417K, 77% free 1345K/5827K, paused 2ms+2ms
D/dalvikvm( 1519): GC_CONCURRENT freed 409K, 76% free 1437K/5827K, paused 1ms+1ms
D/dalvikvm( 1519): GC_CONCURRENT freed 501K, 76% free 1433K/5827K, paused 1ms+9ms

[ 2984.380746] IR: [03932] scan key value is 0xed12c936 
[ 2984.380751]  
[ 2984.432276] IR: [03932] scan key value is 0xed12c936 
[ 2984.432281]  D/InputEventConsistencyVerifier( 1449): KeyEvent: ACTION_UP but key was not down.
D/InputEventConsistencyVerifier( 1449):   in android.widget.Button@41ae4f60
D/InputEventConsistencyVerifier( 1449):   0: sent at 2984596000000, KeyEvent { action=ACTION_UP, keyCode=KEYCODE_DPAD_LEFT, scanCode=105, metaState=0, flags=0x8, repeatCount=0, eventTime=2984596, downTime=2984386, deviceId=2, source=0x101 }
D/dalvikvm( 1519): GC_CONCURRENT freed 497K, 78% free 1329K/5827K, paused 1ms+1ms

[ 2985.151830] IR: [03932] scan key value is 0xeb14c936 
[ 2985.151835]  
[ 2985.202757] IR: [03932] scan key value is 0xeb14c936 
[ 2985.202762]  D/dalvikvm( 1519): GC_CONCURRENT freed 396K, 78% free 1318K/5827K, paused 1ms+2ms
D/InputEventConsistencyVerifier( 1449): KeyEvent: ACTION_UP but key was not down.
D/InputEventConsistencyVerifier( 1449):   in android.widget.Button@41bae858
D/InputEventConsistencyVerifier( 1449):   0: sent at 2985368000000, KeyEvent { action=ACTION_UP, keyCode=KEYCODE_DPAD_RIGHT, scanCode=106, metaState=0, flags=0x8, repeatCount=0, eventTime=2985368, downTime=2985157, deviceId=2, source=0x101 }
D/InputEventConsistencyVerifier( 1449):   -- recent events --
D/InputEventConsistencyVerifier( 1449):   1: sent at 2984386000000, (unhandled) KeyEvent { action=ACTION_DOWN, keyCode=KEYCODE_DPAD_LEFT, scanCode=105, metaState=0, flags=0x8, repeatCount=0, eventTime=2984386, downTime=2984386, deviceId=2, source=0x101 }
D/InputEventConsistencyVerifier( 1449):   2: sent at 2982652000000, KeyEvent { action=ACTION_UP, keyCode=KEYCODE_ENTER, scanCode=28, metaState=0, flags=0x8, repeatCount=0, eventTime=2982652, downTime=2982438, deviceId=2, source=0x101 }
D/InputEventConsistencyVerifier( 1449):   3: sent at 2982438000000, KeyEvent { action=ACTION_DOWN, keyCode=KEYCODE_ENTER, scanCode=28, metaState=0, flags=0x8, repeatCount=0, eventTime=2982438, downTime=2982438, deviceId=2, source=0x101 }
D/InputEventConsistencyVerifier( 1449):   4: sent at 2981564000000, KeyEvent { action=ACTION_UP, keyCode=KEYCODE_ENTER, scanCode=28, metaState=0, flags=0x8, repeatCount=0, eventTime=2981564, downTime=2981352, deviceId=2, source=0x101 }
D/InputEventConsistencyVerifier( 1449):   5: sent at 2981352000000, KeyEvent { action=ACTION_DOWN, keyCode=KEYCODE_ENTER, scanCode=28, metaState=0, flags=0x8, repeatCount=0, eventTime=2981352, downTime=2981352, deviceId=2, source=0x101 }
D/dalvikvm( 1519): GC_CONCURRENT freed 392K, 77% free 1361K/5827K, paused 0ms+1ms
D/dalvikvm( 1519): GC_CONCURRENT freed 453K, 78% free 1310K/5827K, paused 1ms+1ms
D/dalvikvm( 1519): GC_CONCURRENT freed 395K, 78% free 1309K/5827K, paused 1ms+1ms

[ 2985.823679] IR: [03932] scan key value is 0xed12c936 
[ 2985.823684]  
[ 2985.875157] IR: [03932] scan key value is 0xed12c936 
[ 2985.875163]  D/InputEventConsistencyVerifier( 1449): KeyEvent: ACTION_UP but key was not down.
D/InputEventConsistencyVerifier( 1449):   in android.widget.Button@41ae4f60
D/InputEventConsistencyVerifier( 1449):   0: sent at 2986040000000, KeyEvent { action=ACTION_UP, keyCode=KEYCODE_DPAD_LEFT, scanCode=105, metaState=0, flags=0x8, repeatCount=0, eventTime=2986040, downTime=2985829, deviceId=2, source=0x101 }
D/InputEventConsistencyVerifier( 1449):   -- recent events --
D/InputEventConsistencyVerifier( 1449):   1: sent at 2985157000000, (unhandled) KeyEvent { action=ACTION_DOWN, keyCode=KEYCODE_DPAD_RIGHT, scanCode=106, metaState=0, flags=0x8, repeatCount=0, eventTime=2985157, downTime=2985157, deviceId=2, source=0x101 }
D/InputEventConsistencyVerifier( 1449):   2: sent at 2984596000000, (unhandled) KeyEvent { action=ACTION_UP, keyCode=KEYCODE_DPAD_LEFT, scanCode=105, metaState=0, flags=0x80000008, repeatCount=0, eventTime=2984596, downTime=2984386, deviceId=2, source=0x101 }
D/SlideManagerRootImpl( 1238): slideTo = 3

[ 2987.128053] IR: [03932] scan key value is 0xed12c936 
[ 2987.128059]  
[ 2987.179563] IR: [03932] scan key value is 0xed12c936 
[ 2987.179569]  D/InputEventConsistencyVerifier( 1449): KeyEvent: ACTION_UP but key was not down.
D/InputEventConsistencyVerifier( 1449):   in android.widget.Button@41a88f58
D/InputEventConsistencyVerifier( 1449):   0: sent at 2987344000000, KeyEvent { action=ACTION_UP, keyCode=KEYCODE_DPAD_LEFT, scanCode=105, metaState=0, flags=0x8, repeatCount=0, eventTime=2987344, downTime=2987134, deviceId=2, source=0x101 }
D/InputEventConsistencyVerifier( 1449):   -- recent events --
D/InputEventConsistencyVerifier( 1449):   1: sent at 2974333000000, (unhandled) KeyEvent { action=ACTION_DOWN, keyCode=KEYCODE_DPAD_RIGHT, scanCode=106, metaState=0, flags=0x8, repeatCount=0, eventTime=2974333, downTime=2974333, deviceId=2, source=0x101 }

[ 2987.610022] IR: [03932] scan key value is 0xeb14c936 
[ 2987.610027]  
[ 2987.660896] IR: [03932] scan key value is 0xeb14c936 
[ 2987.660901]  
[ 2987.836382] IR: [03932] scan key value is 0xeb14c936 
[ 2987.836387]  
[ 2987.887321] IR: [03932] scan key value is 0xeb14c936 
[ 2987.887326]  D/InputEventConsistencyVerifier( 1449): KeyEvent: ACTION_UP but key was not down.
D/InputEventConsistencyVerifier( 1449):   in android.widget.Button@41bae858
D/InputEventConsistencyVerifier( 1449):   0: sent at 2988052000000, KeyEvent { action=ACTION_UP, keyCode=KEYCODE_DPAD_RIGHT, scanCode=106, metaState=0, flags=0x8, repeatCount=0, eventTime=2988052, downTime=2987844, deviceId=2, source=0x101 }
D/InputEventConsistencyVerifier( 1449):   -- recent events --
D/InputEventConsistencyVerifier( 1449):   1: sent at 2985829000000, (unhandled) KeyEvent { action=ACTION_DOWN, keyCode=KEYCODE_DPAD_LEFT, scanCode=105, metaState=0, flags=0x8, repeatCount=0, eventTime=2985829, downTime=2985829, deviceId=2, source=0x101 }
D/InputEventConsistencyVerifier( 1449):   2: sent at 2985368000000, (unhandled) KeyEvent { action=ACTION_UP, keyCode=KEYCODE_DPAD_RIGHT, scanCode=106, metaState=0, flags=0x80000008, repeatCount=0, eventTime=2985368, downTime=2985157, deviceId=2, source=0x101 }
D/InputEventConsistencyVerifier( 1449):   3: sent at 2984386000000, (unhandled) KeyEvent { action=ACTION_DOWN, keyCode=KEYCODE_DPAD_LEFT, scanCode=105, metaState=0, flags=0x8, repeatCount=0, eventTime=2984386, downTime=2984386, deviceId=2, source=0x101 }
D/InputEventConsistencyVerifier( 1449):   4: sent at 2982652000000, KeyEvent { action=ACTION_UP, keyCode=KEYCODE_ENTER, scanCode=28, metaState=0, flags=0x8, repeatCount=0, eventTime=2982652, downTime=2982438, deviceId=2, source=0x101 }
D/InputEventConsistencyVerifier( 1449):   5: sent at 2982438000000, KeyEvent { action=ACTION_DOWN, keyCode=KEYCODE_ENTER, scanCode=28, metaState=0, flags=0x8, repeatCount=0, eventTime=2982438, downTime=2982438, deviceId=2, source=0x101 }

[ 2988.578587] IR: [03932] scan key value is 0xec13c936 
[ 2988.578593]  
[ 2988.629706] IR: [03932] scan key value is 0xec13c936 
[ 2988.629712]  D/Test    ( 1449): request Url  :http://cibn-ido.longvisionmedia.com:8088/userCenter/delFavorite?version=V001&terminalType=1&resolution=1280*720&userCode=201303191947&UserName=201303191947&ResourceCode=13024&authKey=c9e43c9338ca79547df0ae3e4f694377
D/dalvikvm( 1519): GC_CONCURRENT freed 389K, 78% free 1326K/5827K, paused 1ms+1ms
D/HomePlayerLib( 1519): hostaddress count is 1
D/dalvikvm( 1519): GC_CONCURRENT freed 422K, 78% free 1311K/5827K, paused 2ms+1ms
D/dalvikvm( 1519): GC_CONCURRENT freed 406K, 78% free 1315K/5827K, paused 1ms+1ms
D/dalvikvm( 1519): GC_CONCURRENT freed 390K, 76% free 1429K/5827K, paused 1ms+1ms
D/dalvikvm( 1519): GC_CONCURRENT freed 500K, 78% free 1323K/5827K, paused 1ms+1ms
D/dalvikvm( 1519): GC_CONCURRENT freed 386K, 77% free 1349K/5827K, paused 2ms+2ms
D/dalvikvm( 1519): GC_CONCURRENT freed 407K, 78% free 1334K/5827K, paused 1ms+1ms
D/dalvikvm( 1519): GC_CONCURRENT freed 392K, 78% free 1336K/5827K, paused 1ms+0ms
D/dalvikvm( 1519): GC_CONCURRENT freed 396K, 78% free 1334K/5827K, paused 1ms+2ms

[ 2991.387826] IR: [03932] scan key value is 0xec13c936 
[ 2991.387832]  D/dalvikvm( 1519): GC_CONCURRENT freed 398K, 76% free 1437K/5827K, paused 2ms+2ms

[ 2991.439002] IR: [03932] scan key value is 0xec13c936 
[ 2991.439008]  D/dalvikvm( 1519): GC_CONCURRENT freed 502K, 78% free 1321K/5827K, paused 3ms+2ms
D/Test    ( 1449): request Url  :http://cibn-ido.longvisionmedia.com:8088/userCenter/addFavorite?version=V001&terminalType=1&resolution=1280*720&userCode=201303191947&userName=201303191947&resourceCode=13024&authKey=e00d4f384acf13e641a57a1daa9af75c
D/dalvikvm( 1519): GC_CONCURRENT freed 400K, 76% free 1448K/5827K, paused 1ms+2ms
D/dalvikvm( 1519): GC_CONCURRENT freed 506K, 78% free 1334K/5827K, paused 2ms+1ms
D/dalvikvm( 1519): GC_CONCURRENT freed 397K, 78% free 1330K/5827K, paused 1ms+1ms
D/SlideManagerRootImpl( 1238): slideTo = 4
D/dalvikvm( 1519): GC_CONCURRENT freed 392K, 76% free 1418K/5827K, paused 2ms+1ms

[ 2993.709718] IR: [03932] scan key value is 0xec13c936 
[ 2993.709723]  
[ 2993.760865] IR: [03932] scan key value is 0xec13c936 
[ 2993.760869]  D/Test    ( 1449): request Url  :http://cibn-ido.longvisionmedia.com:8088/userCenter/delFavorite?version=V001&terminalType=1&resolution=1280*720&userCode=201303191947&UserName=201303191947&ResourceCode=13024&authKey=c9e43c9338ca79547df0ae3e4f694377
D/dalvikvm( 1519): GC_CONCURRENT freed 485K, 76% free 1403K/5827K, paused 1ms+2ms
D/dalvikvm( 1519): GC_CONCURRENT freed 476K, 75% free 1469K/5827K, paused 1ms+2ms

[ 2994.765693] IR: [03932] scan key value is 0xec13c936 
[ 2994.765698]  D/dalvikvm( 1519): GC_CONCURRENT freed 527K, 78% free 1333K/5827K, paused 2ms+1ms

[ 2994.816831] IR: [03932] scan key value is 0xec13c936 
[ 2994.816836]  D/Test    ( 1449): request Url  :http://cibn-ido.longvisionmedia.com:8088/userCenter/addFavorite?version=V001&terminalType=1&resolution=1280*720&userCode=201303191947&userName=201303191947&resourceCode=13024&authKey=e00d4f384acf13e641a57a1daa9af75c
D/dalvikvm( 1519): GC_CONCURRENT freed 405K, 78% free 1328K/5827K, paused 1ms+1ms
D/dalvikvm( 1519): GC_CONCURRENT freed 396K, 78% free 1318K/5827K, paused 1ms+1ms

[ 2995.696679] IR: [03932] scan key value is 0xec13c936 
[ 2995.696684]  
[ 2995.747803] IR: [03932] scan key value is 0xec13c936 
[ 2995.747808]  D/Test    ( 1449): request Url  :http://cibn-ido.longvisionmedia.com:8088/userCenter/delFavorite?version=V001&terminalType=1&resolution=1280*720&userCode=201303191947&UserName=201303191947&ResourceCode=13024&authKey=c9e43c9338ca79547df0ae3e4f694377
D/dalvikvm( 1519): GC_CONCURRENT freed 393K, 76% free 1432K/5827K, paused 1ms+2ms

[ 2996.640269] IR: [03932] scan key value is 0xec13c936 
[ 2996.640273]  
[ 2996.691452] IR: [03932] scan key value is 0xec13c936 
[ 2996.691457]  D/Test    ( 1449): request Url  :http://cibn-ido.longvisionmedia.com:8088/userCenter/addFavorite?version=V001&terminalType=1&resolution=1280*720&userCode=201303191947&userName=201303191947&resourceCode=13024&authKey=e00d4f384acf13e641a57a1daa9af75c
D/dalvikvm( 1519): GC_CONCURRENT freed 517K, 77% free 1372K/5827K, paused 1ms+2ms
D/SlideManagerRootImpl( 1238): slideTo = 0
D/HomePlayerLib( 1519): hostaddress count is 1
D/dalvikvm( 1519): GC_CONCURRENT freed 464K, 78% free 1324K/5827K, paused 1ms+2ms
D/dalvikvm( 1519): GC_CONCURRENT freed 417K, 78% free 1308K/5827K, paused 0ms+1ms
D/dalvikvm( 1519): GC_CONCURRENT freed 378K, 78% free 1315K/5827K, paused 1ms+1ms
D/dalvikvm( 1519): GC_CONCURRENT freed 394K, 77% free 1372K/5827K, paused 2ms+1ms
D/dalvikvm( 1519): GC_CONCURRENT freed 458K, 78% free 1329K/5827K, paused 3ms+1ms
D/dalvikvm( 1519): GC_CONCURRENT freed 376K, 74% free 1554K/5827K, paused 1ms+2ms
D/dalvikvm( 1519): GC_CONCURRENT freed 625K, 78% free 1316K/5827K, paused 1ms+1ms
D/dalvikvm( 1519): GC_CONCURRENT freed 394K, 78% free 1306K/5827K, paused 1ms+1ms
D/dalvikvm( 1519): GC_CONCURRENT freed 384K, 78% free 1306K/5827K, paused 1ms+1ms
D/dalvikvm( 1519): GC_CONCURRENT freed 384K, 76% free 1431K/5827K, paused 1ms+3ms

[ 3002.786159] IR: [03932] scan key value is 0xed12c936 
[ 3002.786164]  
[ 3002.837663] IR: [03932] scan key value is 0xed12c936 
[ 3002.837668]  D/SlideManagerRootImpl( 1238): slideTo = 1
D/dalvikvm( 1519): GC_CONCURRENT freed 503K, 76% free 1428K/5827K, paused 2ms+1ms
D/dalvikvm( 1519): GC_CONCURRENT freed 487K, 78% free 1338K/5827K, paused 1ms+1ms

[ 3004.845506] IR: [03932] scan key value is 0xf10ec936 
[ 3004.845511]  
[ 3004.896141] IR: [03932] scan key value is 0xf10ec936 
[ 3004.896146]  D/dalvikvm( 1519): GC_CONCURRENT freed 405K, 78% free 1319K/5827K, paused 1ms+2ms
D/ProgramDetailActivity( 1449): -- onRestart --
W/ActivityManager(  959): Duplicate finish request for ActivityRecord{416f0998 com.aidufei.movieonline/.ProgramDetailActivity}
D/dalvikvm(  959): GC_CONCURRENT freed 770K, 64% free 3740K/10371K, paused 2ms+5ms
D/SubCatalogActivity( 1449): -- onResume --
D/OpenGLRenderer( 1449): Flushing caches (mode 0)
D/dalvikvm( 1519): GC_CONCURRENT freed 396K, 77% free 1359K/5827K, paused 2ms+2ms
D/dalvikvm( 1519): GC_CONCURRENT freed 434K, 76% free 1429K/5827K, paused 3ms+1ms
D/dalvikvm( 1519): GC_CONCURRENT freed 486K, 77% free 1378K/5827K, paused 1ms+1ms
D/dalvikvm( 1519): GC_CONCURRENT freed 445K, 77% free 1345K/5827K, paused 1ms+1ms

[ 3006.172615] IR: [03932] scan key value is 0xf10ec936 
[ 3006.172620]  
[ 3006.223282] IR: [03932] scan key value is 0xf10ec936 
[ 3006.223286]  D/SubCatalogActivity( 1449): -- onRestart --
W/InputManagerService(  959): Starting input on non-focused client com.android.internal.view.IInputMethodClient$Stub$Proxy@416cd718 (uid=10000 pid=1449)
D/OpenGLRenderer( 1449): Flushing caches (mode 0)
I/ActivityManager(  959): No longer want com.iflytek.xiri.recorder.svc (pid 1756): hidden #16
D/OpenGLRenderer( 1449): Flushing caches (mode 1)

[ 3008.309396] IR: [03932] scan key value is 0xeb14c936 
[ 3008.309401]  
[ 3008.360288] IR: [03932] scan key value is 0xeb14c936 
[ 3008.360293]  D/InputEventConsistencyVerifier( 1238): KeyEvent: ACTION_UP but key was not down.
D/InputEventConsistencyVerifier( 1238):   in com.coship.cibn.view.ScaleViewPanel@41f002c8
D/InputEventConsistencyVerifier( 1238):   0: sent at 3008528000000, KeyEvent { action=ACTION_UP, keyCode=KEYCODE_DPAD_RIGHT, scanCode=106, metaState=0, flags=0x8, repeatCount=0, eventTime=3008528, downTime=3008315, deviceId=2, source=0x101 }

[ 3009.036997] IR: [03932] scan key value is 0xeb14c936 
[ 3009.037002]  
[ 3009.087879] IR: [03932] scan key value is 0xeb14c936 
[ 3009.087883]  D/InputEventConsistencyVerifier( 1238): KeyEvent: ACTION_UP but key was not down.
D/InputEventConsistencyVerifier( 1238):   in android.support.v4.widget.StaggeredGridView@41e6fd98
D/InputEventConsistencyVerifier( 1238):   0: sent at 3009252000000, KeyEvent { action=ACTION_UP, keyCode=KEYCODE_DPAD_RIGHT, scanCode=106, metaState=0, flags=0x8, repeatCount=0, eventTime=3009252, downTime=3009042, deviceId=2, source=0x101 }

[ 3010.300520] IR: [03932] scan key value is 0xeb14c936 
[ 3010.300525]  D/SlideManagerRootImpl( 1238): slideTo = 2

[ 3010.351449] IR: [03932] scan key value is 0xeb14c936 
[ 3010.351454]  D/InputEventConsistencyVerifier( 1238): KeyEvent: ACTION_UP but key was not down.
D/InputEventConsistencyVerifier( 1238):   in com.coship.cibn.view.ScaleViewPanel@41f147d0
D/InputEventConsistencyVerifier( 1238):   0: sent at 3010516000000, KeyEvent { action=ACTION_UP, keyCode=KEYCODE_DPAD_RIGHT, scanCode=106, metaState=0, flags=0x8, repeatCount=0, eventTime=3010516, downTime=3010306, deviceId=2, source=0x101 }

[ 3010.802159] IR: [03932] scan key value is 0xeb14c936 
[ 3010.802164]  
[ 3010.853065] IR: [03932] scan key value is 0xeb14c936 
[ 3010.853070]  D/InputEventConsistencyVerifier( 1238): KeyEvent: ACTION_UP but key was not down.
D/InputEventConsistencyVerifier( 1238):   in com.coship.cibn.view.ScaleViewPanel@41f044a0
D/InputEventConsistencyVerifier( 1238):   0: sent at 3011020000000, KeyEvent { action=ACTION_UP, keyCode=KEYCODE_DPAD_RIGHT, scanCode=106, metaState=0, flags=0x8, repeatCount=0, eventTime=3011020, downTime=3010808, deviceId=2, source=0x101 }
D/MainActivity( 1238): position = 2
D/dalvikvm( 1519): GC_CONCURRENT freed 439K, 76% free 1413K/5827K, paused 1ms+1ms
D/HomePlayerLib( 1519): hostaddress count is 1
D/dalvikvm( 1519): GC_CONCURRENT freed 509K, 77% free 1362K/5827K, paused 1ms+1ms
D/dalvikvm( 1519): GC_CONCURRENT freed 455K, 76% free 1413K/5827K, paused 0ms+1ms
D/dalvikvm( 1519): GC_CONCURRENT freed 499K, 78% free 1305K/5827K, paused 1ms+1ms
D/dalvikvm( 1519): GC_CONCURRENT freed 393K, 78% free 1303K/5827K, paused 1ms+1ms
D/dalvikvm( 1519): GC_CONCURRENT freed 391K, 78% free 1305K/5827K, paused 0ms+1ms
D/dalvikvm( 1519): GC_CONCURRENT freed 393K, 78% free 1314K/5827K, paused 1ms+1ms

[ 3012.502937] IR: [03932] scan key value is 0xeb14c936 
[ 3012.502942]  D/dalvikvm( 1519): GC_CONCURRENT freed 399K, 78% free 1299K/5827K, paused 1ms+1ms

[ 3012.553881] IR: [03932] scan key value is 0xeb14c936 
[ 3012.553886]  D/dalvikvm( 1519): GC_CONCURRENT freed 365K, 78% free 1319K/5827K, paused 1ms+1ms
D/dalvikvm( 1519): GC_CONCURRENT freed 393K, 76% free 1420K/5827K, paused 1ms+1ms
D/InputEventConsistencyVerifier( 1238): KeyEvent: ACTION_UP but key was not down.
D/InputEventConsistencyVerifier( 1238):   in android.support.v4.widget.StaggeredGridView@41e70800
D/InputEventConsistencyVerifier( 1238):   0: sent at 3012720000000, KeyEvent { action=ACTION_UP, keyCode=KEYCODE_DPAD_RIGHT, scanCode=106, metaState=0, flags=0x8, repeatCount=0, eventTime=3012720, downTime=3012509, deviceId=2, source=0x101 }
D/dalvikvm( 1519): GC_CONCURRENT freed 486K, 76% free 1444K/5827K, paused 2ms+1ms
D/dalvikvm( 1519): GC_CONCURRENT freed 512K, 76% free 1428K/5827K, paused 1ms+1ms
D/dalvikvm( 1519): GC_CONCURRENT freed 488K, 76% free 1420K/5827K, paused 1ms+2ms
D/dalvikvm( 1519): GC_CONCURRENT freed 485K, 76% free 1431K/5827K, paused 1ms+2ms
D/dalvikvm( 1519): GC_CONCURRENT freed 491K, 78% free 1331K/5827K, paused 2ms+1ms
D/dalvikvm( 1519): GC_CONCURRENT freed 394K, 78% free 1331K/5827K, paused 1ms+1ms
D/dalvikvm( 1519): GC_CONCURRENT freed 393K, 76% free 1419K/5827K, paused 1ms+1ms
D/dalvikvm( 1519): GC_CONCURRENT freed 486K, 76% free 1430K/5827K, paused 1ms+1ms
D/MainActivity( 1238): position = 3

[ 3014.841377] IR: [03932] scan key value is 0xec13c936 
[ 3014.841382]  
[ 3014.892648] IR: [03932] scan key value is 0xec13c936 
[ 3014.892652]  I/MainActivity( 1238): CIBN ---> onClick -> 52058
I/ActivityManager(  959): START {cmp=com.coship.cibn/.activity.WatchHistoryActivity (has extras)} from pid 1238
W/WindowManager(  959): Token{415a8fc8 ActivityRecord{416053e8 com.coship.cibn/.activity.WatchHistoryActivity}} failed creating starting window
W/WindowManager(  959): android.view.InflateException: Binary XML file line #34: Error inflating class <unknown>
W/WindowManager(  959):         at android.view.LayoutInflater.createView(LayoutInflater.java:606)
W/WindowManager(  959):         at com.android.internal.policy.impl.PhoneLayoutInflater.onCreateView(PhoneLayoutInflater.java:56)
W/WindowManager(  959):         at android.view.LayoutInflater.onCreateView(LayoutInflater.java:653)
W/WindowManager(  959):         at android.view.LayoutInflater.createViewFromTag(LayoutInflater.java:678)
W/WindowManager(  959):         at android.view.LayoutInflater.rInflate(LayoutInflater.java:739)
W/WindowManager(  959):         at android.view.LayoutInflater.inflate(LayoutInflater.java:489)
W/WindowManager(  959):         at android.view.LayoutInflater.inflate(LayoutInflater.java:396)
W/WindowManager(  959):         at android.view.LayoutInflater.inflate(LayoutInflater.java:352)
W/WindowManager(  959):         at com.android.internal.policy.impl.PhoneWindow.generateLayout(PhoneWindow.java:2707)
W/WindowManager(  959):         at com.android.internal.policy.impl.PhoneWindow.installDecor(PhoneWindow.java:2767)
W/WindowManager(  959):         at com.android.internal.policy.impl.PhoneWindow.getDecorView(PhoneWindow.java:1534)
W/WindowManager(  959):         at com.android.internal.policy.impl.PhoneWindowManager.addStartingWindow(PhoneWindowManager.java:1339)
W/WindowManager(  959):         at com.android.server.wm.WindowManagerService$H.handleMessage(WindowManagerService.java:6631)
W/WindowManager(  959):         at android.os.Handler.dispatchMessage(Handler.java:99)
W/WindowManager(  959):         at android.os.Looper.loop(Looper.java:137)
W/WindowManager(  959):         at com.android.server.wm.WindowManagerService$WMThread.run(WindowManagerService.java:704)
W/WindowManager(  959): Caused by: java.lang.reflect.InvocationTargetException
W/WindowManager(  959):         at java.lang.reflect.Constructor.constructNative(Native Method)
W/WindowManager(  959):         at java.lang.reflect.Constructor.newInstance(Constructor.java:417)
W/WindowManager(  959):         at android.view.LayoutInflater.createView(LayoutInflater.java:586)
W/WindowManager(  959):         ... 15 more
W/WindowManager(  959): Caused by: android.content.res.Resources$NotFoundException: Resource is not a Drawable (color or path): TypedValue{t=0x2/d=0x1010059 a=-1}
W/WindowManager(  959):         at android.content.res.Resources.loadDrawable(Resources.java:1897)
W/WindowManager(  959):         at android.content.res.TypedArray.getDrawable(TypedArray.java:601)
W/WindowManager(  959):         at android.widget.FrameLayout.<init>(FrameLayout.java:107)
W/WindowManager(  959):         at android.widget.FrameLayout.<init>(FrameLayout.java:95)
W/WindowManager(  959):         ... 18 more
D/dalvikvm( 1238): GC_FOR_ALLOC freed 831K, 16% free 26582K/31619K, paused 50ms
I/dalvikvm-heap( 1238): Grow heap (frag case) to 30.556MB for 1048592-byte allocation
D/dalvikvm( 1238): GC_FOR_ALLOC freed 29K, 16% free 27576K/32707K, paused 45ms
D/dalvikvm( 1519): GC_CONCURRENT freed 489K, 77% free 1387K/5827K, paused 103ms+1ms
D/dalvikvm( 1238): GC_FOR_ALLOC freed 811K, 17% free 27965K/33347K, paused 49ms
I/Process (  959): Sending signal. PID: 1238 SIG: 3
I/dalvikvm( 1238): threadid=3: reacting to signal 3
I/dalvikvm( 1238): Wrote stack traces to '/data/anr/traces.txt'
D/dalvikvm( 1238): GC_FOR_ALLOC freed 695K, 17% free 28270K/33667K, paused 37ms
D/dalvikvm( 1519): GC_CONCURRENT freed 462K, 77% free 1346K/5827K, paused 1ms+2ms
I/**********( 1238): ************
V/HttpGetRequest( 1238): URL : http://cibn-ido.longvisionmedia.com:8088/userCenter/getBookMark?version=V001&terminalType=2&resolution=1280*720&userCode=80007&pageSize=1000&curPage=1&authKey=ecedb5606f13d155675d00cf96b17fc8
D/dalvikvm( 1519): GC_CONCURRENT freed 407K, 78% free 1331K/5827K, paused 1ms+1ms
I/ActivityManager(  959): Displayed com.coship.cibn/.activity.WatchHistoryActivity: +969ms
D/OpenGLRenderer( 1238): Flushing caches (mode 0)
D/SlideManagerRootImpl( 1238): slideTo = 3
D/dalvikvm( 1519): GC_CONCURRENT freed 405K, 76% free 1435K/5827K, paused 12ms+1ms
D/dalvikvm( 1519): GC_CONCURRENT freed 490K, 76% free 1456K/5827K, paused 1ms+1ms
D/dalvikvm( 1519): GC_CONCURRENT freed 514K, 78% free 1333K/5827K, paused 1ms+1ms
D/HttpGetRequest( 1238): http://cibn-ido.longvisionmedia.com:8088/userCenter/getBookMark?version=V001&terminalType=2&resolution=1280*720&userCode=80007&pageSize=1000&curPage=1&authKey=ecedb5606f13d155675d00cf96b17fc8:status code = 200
D/dalvikvm( 1519): GC_CONCURRENT freed 404K, 77% free 1361K/5827K, paused 1ms+1ms
D/dalvikvm( 1238): GC_FOR_ALLOC freed 753K, 16% free 28685K/33987K, paused 41ms
D/Cache   ( 1238): save Cache:http://cibn-ido.longvisionmedia.com:8088/userCenter/getBookMark?version=V001&terminalType=2&resolution=1280*720&userCode=80007&pageSize=1000&curPage=1&authKey=ecedb5606f13d155675d00cf96b17fc8
D/dalvikvm( 1519): GC_CONCURRENT freed 545K, 78% free 1324K/5827K, paused 1ms+2ms
D/Cache   ( 1238): getFilePath:/mnt/sdcard/temple/4C2869A6010F4D3EDFE045DABB884E56
D/Cache   ( 1238): save json Cache temp_file:/mnt/sdcard/temple/4C2869A6010F4D3EDFE045DABB884E56.tmp
D/Cache   ( 1238): Create dir fail:/mnt/sdcard/temple/
E/Cache   ( 1238): saveCache FileNotFoundException
W/System.err( 1238): java.io.FileNotFoundException: /mnt/sdcard/temple/4C2869A6010F4D3EDFE045DABB884E56.tmp: open failed: EACCES (Permission denied)
W/System.err( 1238):    at libcore.io.IoBridge.open(IoBridge.java:406)
W/System.err( 1238):    at java.io.FileOutputStream.<init>(FileOutputStream.java:88)
W/System.err( 1238):    at java.io.FileOutputStream.<init>(FileOutputStream.java:128)
W/System.err( 1238):    at com.coship.cibn.common.Cache.saveCache(Cache.java:101)
W/System.err( 1238):    at com.coship.cibn.http.HttpGetRequest$1.run(HttpGetRequest.java:59)
W/System.err( 1238):    at java.lang.Thread.run(Thread.java:856)
W/System.err( 1238): Caused by: libcore.io.ErrnoException: open failed: EACCES (Permission denied)
W/System.err( 1238):    at libcore.io.Posix.open(Native Method)
W/System.err( 1238):    at libcore.io.BlockGuardOs.open(BlockGuardOs.java:110)
W/System.err( 1238):    at libcore.io.IoBridge.open(IoBridge.java:390)
W/System.err( 1238):    ... 5 more
D/dalvikvm( 1519): GC_CONCURRENT freed 380K, 76% free 1419K/5827K, paused 2ms+1ms
W/MountService(  959): getVolumeState(/mnt/sdcard): Unknown volume
D/dalvikvm( 1519): GC_CONCURRENT freed 517K, 76% free 1403K/5827K, paused 3ms+2ms

[ 3020.755529] IR: [03932] scan key value is 0xea15c936 
[ 3020.755534]  
[ 3020.807216] IR: [03932] scan key value is 0xea15c936 
[ 3020.807221]  D/InputEventConsistencyVerifier( 1238): KeyEvent: ACTION_UP but key was not down.
D/InputEventConsistencyVerifier( 1238):   in com.coship.cibn.view.WatchHistoryItemView@41641d50
D/InputEventConsistencyVerifier( 1238):   0: sent at 3020972000000, KeyEvent { action=ACTION_UP, keyCode=KEYCODE_DPAD_DOWN, scanCode=108, metaState=0, flags=0x8, repeatCount=0, eventTime=3020972, downTime=3020761, deviceId=2, source=0x101 }

[ 3021.862423] IR: [03932] scan key value is 0xee11c936 
[ 3021.862427]  
[ 3021.913848] IR: [03932] scan key value is 0xee11c936 
[ 3021.913853]  D/InputEventConsistencyVerifier( 1238): KeyEvent: ACTION_UP but key was not down.
D/InputEventConsistencyVerifier( 1238):   in com.coship.cibn.view.WatchHistoryItemView@424a9688
D/InputEventConsistencyVerifier( 1238):   0: sent at 3022080000000, KeyEvent { action=ACTION_UP, keyCode=KEYCODE_DPAD_UP, scanCode=103, metaState=0, flags=0x8, repeatCount=0, eventTime=3022080, downTime=3021868, deviceId=2, source=0x101 }
D/InputEventConsistencyVerifier( 1238):   -- recent events --
D/InputEventConsistencyVerifier( 1238):   1: sent at 3020761000000, (unhandled) KeyEvent { action=ACTION_DOWN, keyCode=KEYCODE_DPAD_DOWN, scanCode=108, metaState=0, flags=0x8, repeatCount=0, eventTime=3020761, downTime=3020761, deviceId=2, source=0x101 }
D/SlideManagerRootImpl( 1238): slideTo = 4
D/dalvikvm( 1519): GC_CONCURRENT freed 482K, 78% free 1312K/5827K, paused 1ms+1ms
D/HomePlayerLib( 1519): hostaddress count is 1
D/dalvikvm( 1519): GC_CONCURRENT freed 403K, 78% free 1299K/5827K, paused 1ms+1ms
D/dalvikvm( 1519): GC_CONCURRENT freed 388K, 78% free 1312K/5827K, paused 1ms+2ms
D/dalvikvm( 1519): GC_CONCURRENT freed 408K, 78% free 1289K/5827K, paused 1ms+1ms
D/dalvikvm( 1519): GC_CONCURRENT freed 370K, 76% free 1440K/5827K, paused 1ms+1ms
D/dalvikvm( 1519): GC_CONCURRENT freed 513K, 78% free 1318K/5827K, paused 5ms+1ms
D/dalvikvm( 1519): GC_CONCURRENT freed 470K, 77% free 1388K/5827K, paused 1ms+1ms
D/dalvikvm( 1519): GC_CONCURRENT freed 464K, 76% free 1400K/5827K, paused 1ms+1ms
D/dalvikvm( 1519): GC_CONCURRENT freed 487K, 78% free 1315K/5827K, paused 1ms+1ms
D/dalvikvm( 1519): GC_CONCURRENT freed 396K, 77% free 1397K/5827K, paused 0ms+1ms

[ 3024.723012] IR: [03932] scan key value is 0xeb14c936 
[ 3024.723017]  
[ 3024.773898] IR: [03932] scan key value is 0xeb14c936 
[ 3024.773903]  D/InputEventConsistencyVerifier( 1238): KeyEvent: ACTION_UP but key was not down.
D/InputEventConsistencyVerifier( 1238):   in com.coship.cibn.view.WatchHistoryItemView@41dee700
D/InputEventConsistencyVerifier( 1238):   0: sent at 3024940000000, KeyEvent { action=ACTION_UP, keyCode=KEYCODE_DPAD_RIGHT, scanCode=106, metaState=0, flags=0x8, repeatCount=0, eventTime=3024940, downTime=3024728, deviceId=2, source=0x101 }

[ 3025.230691] IR: [03932] scan key value is 0xeb14c936 
[ 3025.230695]  
[ 3025.281628] IR: [03932] scan key value is 0xeb14c936 
[ 3025.281633]  D/InputEventConsistencyVerifier( 1238): KeyEvent: ACTION_UP but key was not down.
D/InputEventConsistencyVerifier( 1238):   in com.coship.cibn.view.WatchHistoryItemView@4224dd68
D/InputEventConsistencyVerifier( 1238):   0: sent at 3025452000000, KeyEvent { action=ACTION_UP, keyCode=KEYCODE_DPAD_RIGHT, scanCode=106, metaState=0, flags=0x8, repeatCount=0, eventTime=3025452, downTime=3025236, deviceId=2, source=0x101 }
D/dalvikvm( 1519): GC_CONCURRENT freed 465K, 78% free 1334K/5827K, paused 1ms+2ms
D/dalvikvm( 1519): GC_CONCURRENT freed 396K, 78% free 1332K/5827K, paused 1ms+1ms
D/AsyncBitmapLoader( 1238): IOException
D/dalvikvm( 1519): GC_CONCURRENT freed 394K, 78% free 1332K/5827K, paused 1ms+1ms
D/dalvikvm( 1519): GC_CONCURRENT freed 393K, 78% free 1332K/5827K, paused 1ms+1ms
D/dalvikvm( 1519): GC_CONCURRENT freed 401K, 78% free 1328K/5827K, paused 0ms+1ms
D/dalvikvm( 1519): GC_CONCURRENT freed 396K, 78% free 1318K/5827K, paused 1ms+1ms
D/dalvikvm( 1519): GC_CONCURRENT freed 393K, 76% free 1432K/5827K, paused 1ms+1ms
