D/DataSource_M3U8(  744):  parseM3u8SubStreamType :  E_CONTENT_VIDEO_TS
D/DataSource_M3U8(  744): [M3U8]----->post cmd for start first url:http://cibn-iss1.longvisionmedia.com:8088/vod/CIBN2013_CIBN2013040100001034_12001400/1.ts, knowedFileSize:0
D/MstarPlayer(  744): MstarPlayer::doPrepare
D/MstarPlayer(  744): create MSrv_MM_PlayerInterface
D/MstarPlayer(  744): E_CONTENT_VIDEO_TS

[ 3903.977741] IR: [03932] scan key value is 0xec13c936 
[ 3903.977746]  D/MstarPlayer(  744): ===> GET source FILE Size -1 
D/MstarPlayer(  744): play content is video
D/MMPlayer(  744): constructor: 0x230e0
D/MMPlayer(  744): 
D/MMPlayer(  744): connect
D/MMPlayer(  744): 
D/MMPlayer(  744): getMMPlayerService
D/IMMPlayerService(  744): Send CONNECT
D/dalvikvm( 1519): GC_CONCURRENT freed 2058K, 35% free 11342K/17219K, paused 110ms+56ms
D/IMMPlayer(  744): Send INITIALIZE
D/Downloader(  744): [downloadThread]Downloader::removeTask  
I//lib/ld-linux.so.3(  748): V/MMPlayerService( 755 1046): MMPlayerService::connect(callingPid 744, client 0x2a0c8488)
I//lib/ld-linux.so.3(  748): V/MMPlayerService( 755 1046): MMPlayerService::Client constructor(callingPid 744)
I//lib/ld-linux.so.3(  748): MMPlayerService::Client::MM_Initialize()
I//lib/ld-linux.so.3(  748): MSrv_MM_PhotoPlayer::Initialize().
I//lib/ld-linux.so.3(  748): mapi_cpcodec::Initialize(). eDecoderPath:2
I//lib/ld-linux.so.3(  748): MIU interval 0x60000000.
I//lib/ld-linux.so.3(  748): E_MMAP_ID_XC_MAIN_FB PA: 0x17bc1000, VA: 0x457c2000, size: 0x1800000, IsMIU0: 1.
I//lib/ld-linux.so.3(  748): E_MMAP_ID_PHOTO_SHAREMEM PA: 0x167bc000, VA: 0x443bd000, size: 0x400, IsMIU0: 1.
I//lib/ld-linux.so.3(  748): E_MMAP_ID_JPD_READ PA: 0x167bc400, VA: 0x443bd400, size: 0x50080, IsMIU0: 1.
I//lib/ld-linux.so.3(  748): E_MMAP_ID_JPD_WRITE PA: 0x1680c480, VA: 0x4440d480, size: 0x3fc000, IsMIU0: 1.
I//lib/ld-linux.so.3(  748): E_MMAP_ID_PHOTO_DISPLAY PA: 0x163c0000, VA: 0x43fc1000, size: 0x3fc000, IsMIU0: 1.
I//lib/ld-linux.so.3(  748): E_MMAP_ID_PHOTO_INTER PA: 0x16c08480, VA: 0x44809480, size: 0x630000, IsMIU0: 1.
I//lib/ld-linux.so.3(  748): E_MMAP_ID_PHOTO_MPO_INTER PA: 0x17238480, VA: 0x44e39480, size: 0x3fc000, IsMIU0: 1.
I//lib/ld-linux.so.3(  748): E_MMAP_ID_VDPLAYER_DATA PA: 0x163c0000, VA: 0x43fc1000, size: 0x1000, IsMIU0: 1.
I//lib/ld-linux.so.3(  748): E_MMAP_ID_VDPLAYER_BITSTREAM PA: 0x16d40000, VA: 0x44941000, size: 0x400000, IsMIU0: 1.
I//lib/ld-linux.so.3(  748): E_MMAP_ID_VDPLAYER_BITSTREAM_EXT PA: 0x16940000, VA: 0x44541000, size: 0x400000, IsMIU0: 1.
I//lib/ld-linux.so.3(  748): E_MMAP_ID_SUBTITLE PA: 0x16740000, VA: 0x44341000, size: 0x1e0000, IsMIU0: 1.
I//lib/ld-linux.so.3(  748): E_MMAP_ID_MAD_DEC PA: 0x15c40000, VA: 0x43841000, size: 0x280000, IsMIU0: 1.
I//lib/ld-linux.so.3(  748): E_MMAP_ID_VDEC_CPU PA: 0x1b800000, VA: 0x49401000, size: 0x200000, IsMIU0: 1.
I//lib/ld-linux.so.3(  748): E_MMAP_ID_VDEC_FRAMEBUFFER PA: 0x1ba00000, VA: 0x49601000, size: 0x1b00000, IsMIU0: 1.
I//lib/ld-linux.so.3(  748): E_MMAP_ID_VDEC_FRAMEBUFFERSD PA: 0x1ba00000, VA: 0x49601000, size: 0x1b00000, IsMIU0: 1.
I//lib/ld-linux.so.3(  748): E_MMAP_ID_VDEC_BITSTREAM PA: 0x1d500000, VA: 0x4b101000, size: 0x800000, IsMIU0: 1.
I//lib/ld-linux.so.3(  748): E_MMAP_ID_VDEC_MVC_FRAMEBUFFER PA: 0x1ba00000, VA: 0x49601000, size: 0x2b00000, IsMIU0: 1.
I//lib/ld-linux.so.3(  748): E_MMAP_ID_VDEC_MVC_BITSTREAM PA: 0x1e500000, VA: 0x4c101000, size: 0x1600000, IsMIU0: 1.
I//lib/ld-linux.so.3(  748): E_MMAP_ID_DMX_SECBUF PA: 0xd0000, VA: 0x411d1000, size: 0x70000, IsMIU0: 1.
I//lib/ld-linux.so.3(  748): Thread name: mapi_cpcodec.
I//lib/ld-linux.so.3(  748): ???????? Important,The MMAP ID(110) does not existed!, please check it...
I//lib/ld-linux.so.3(  748): ???????? Please update the right system configure...
I//lib/ld-linux.so.3(  748): ???????? Important,The MMAP ID(111) does not existed!, please check it...
I//lib/ld-linux.so.3(  748): ???????? Please update the right system configure...
I//lib/ld-linux.so.3(  748): Panel width: 1280, heigt: 720.
I//lib/ld-linux.so.3(  748): MPO SBS width: 1792, heigt: 504.
I//lib/ld-linux.so.3(  748): Output Buffer start: 0x4440d480, BUS address start: 0x5680c480, size: 0x3fc000.
I//lib/ld-linux.so.3(  748): Display Buffer start: 0x43fc1000, BUS address start: 0x563c0000, size: 0x3fc000.
I//lib/ld-linux.so.3(  748): Internal Buffer start: 0x44809480, BUS address start: 0x56c08480, size: 0x630000.
I//lib/ld-linux.so.3(  748): MPO Internal Buffer start: 0x44e39480, BUS address start: 0x57238480, size: 0x3fc000.
I//lib/ld-linux.so.3(  748): MSrv_MM_PhotoPlayer::Initialize() Done.
I//lib/ld-linux.so.3(  748): >>> MSrv_MM_VideoPlayer  Initialize 
I//lib/ld-linux.so.3(  748): mapi_cpcodec::Initialize(). eDecoderPath:2
I//lib/ld-linux.so.3(  748): ******Amplifier_TI5707_SWMute(0)
I//lib/ld-linux.so.3(  748): 5707write fail = 7
I//lib/ld-linux.so.3(  748): 5707write fail = 7
I//lib/ld-linux.so.3(  748): 5707write fail = 7
I//lib/ld-linux.so.3(  748): 5707write fail = 7
I//lib/ld-linux.so.3(  748): 5707write fail = 6
D/IMMPlayer(  744): Get ret:0
D/IMMPlayer(  744): Send PLAYER_COMMAND_ADD_EVENT_RECIPIENT_FPTR
D/IMMPlayer(  744): Get ret:1
D/IMMPlayer(  744): Send MM_SetPlayerTimeOutValue
D/IMMPlayer(  744): pTimeOutInfo->u32FileIOTimeOut:4294967295
D/IMMPlayer(  744): pTimeOutInfo->u32FileReadTimeOut:4294967295
D/IMMPlayer(  744): pTimeOutInfo->u32FileSeekTimeOut:4294967295
D/IMMPlayer(  744): pTimeOutInfo->u32DecodeCtrlTimeOut:4294967295
D/IMMPlayer(  744): pTimeOutInfo->u32ESBuffCtrlTimeOut:-1
D/IMMPlayer(  744): Get ret:0
D/IMMPlayer(  744): Send MM_SetStreamTotalTime
D/IMMPlayer(  744): u32TotalTime:6059998
D/IMMPlayer(  744): Get ret:0
D/IMMPlayer(  744): Send MM_CreateMediaItem
D/IMMPlayer(  744): stMedia.u32FileID:336256
D/IMMPlayer(  744): stMedia.u32FileSecondID:0
D/IMMPlayer(  744): stMedia.u32FileThirdID:0
D/IMMPlayer(  744): stMedia.u32FileFourthID:0
D/IMMPlayer(  744): stMedia.u64FileLength:18446744073709551615
D/IMMPlayer(  744): stMedia.eMediaType:2
D/IMMPlayer(  744): stMedia.eMediaFileType:2
D/IMMPlayer(  744): stMedia.eMediaCreateMode:0
D/IMMPlayer(  744): stMedia.u32CtlFlag:66
I//lib/ld-linux.so.3(  748): Panel width: 01280, heigt: 720.
I//lib/ld-linux.so.3(  748): Thread name: MM_Audio.
I//lib/ld-linux.so.3(  748): Thread name: MM_Audio.
I//lib/ld-linux.so.3(  748): Video Item Info, file ID: 0x52180, file length: 0xffffffff 0xffffffff.
I//lib/ld-linux.so.3(  748): Output Resolution: DISPLAY_DACOUT_576P or DISPLAY_DACOUT_720P_50 or DISPLAY_DACOUT_1080P_50.
D/IMMPlayer(  744): Get ret:0
I//lib/ld-linux.so.3(  748): >>>GetDRMSetting From EEPROM
I//lib/ld-linux.so.3(  748): mapi_cpcodec::CreateMedia(): 3898495.
I//lib/ld-linux.so.3(  748): 1 File ID: 0x52180, 2 File ID: 0x0, 3 File ID: 0x0, 4 File ID: 0x0.
I//lib/ld-linux.so.3(  748): File size: 0xffffffff ffffffff.
I//lib/ld-linux.so.3(  748): Media Type: 0, File Type: 2, Create Mode: 0.
I//lib/ld-linux.so.3(  748): mapi_cpcodec::videoCreateMedia().
D/MstarPlayer(  744): media item 0x1
I//lib/ld-linux.so.3(  748): Reconfigure Buffer.
I//lib/ld-linux.so.3(  748): E_MMAP_ID_VDEC_FRAMEBUFFER PA: 0x1ba00000, VA: 0x49601000, size: 0x1b00000, IsMIU0: 1.
D/MstarPlayer(  744): MstarPlayer::doPrepare done
I//lib/ld-linux.so.3(  748): E_MMAP_ID_VDEC_FRAMEBUFFERSD PA: 0x1ba00000, VA: 0x49601000, size: 0x1b00000, IsMIU0: 1.
I//lib/ld-linux.so.3(  748): E_MMAP_ID_VDEC_BITSTREAM PA: 0x1d500000, VA: 0x4b101000, size: 0x800000, IsMIU0: 1.
I//lib/ld-linux.so.3(  748): E_MMAP_ID_VDEC_MVC_FRAMEBUFFER PA: 0x1ba00000, VA: 0x49601000, size: 0x2b00000, IsMIU0: 1.
I//lib/ld-linux.so.3(  748): E_MMAP_ID_VDEC_MVC_BITSTREAM PA: 0x1e500000, VA: 0x4c101000, size: 0x1600000, IsMIU0: 1.
I//lib/ld-linux.so.3(  748): Copy TSP FW bin 73d01068 -> 411d1000; 4400
I//lib/ld-linux.so.3(  748): drop error frame.
I//lib/ld-linux.so.3(  748): pCodecMedia eFileType:2,eAppType:0 
I//lib/ld-linux.so.3(  748): default unseekable Stream mode config: Set preload size 0x4000
I//lib/ld-linux.so.3(  748): Stream mode. Set read header require size: MIN_REQUIRE_SIZE
I//lib/ld-linux.so.3(  748): Stream mode. for ts,Set read header probe option: (E_VDP_READ_HEADER_PROBE_AUDIO_DISABLE | E_VDP_READ_HEADER_PROBE_DURATION_DISABLE)
I//lib/ld-linux.so.3(  748): TS total time is 6059998
I//lib/ld-linux.so.3(  748): >>>>  DRM start  DRM MODEL ID  0x3031
I//lib/ld-linux.so.3(  748): LoadDRMMemory();
I//lib/ld-linux.so.3(  748): Display Msg: 29.
I//lib/ld-linux.so.3(  748):  set Frame buffer info  MAX_FRAMENUM 4   MAX_FIELDNUM  16
I//lib/ld-linux.so.3(  748): Enable TS Subtitle codec state  1
I//lib/ld-linux.so.3(  748): [CI][HbbTV-VOD]<INFO>:[1365697920.481000] MM init start
I//lib/ld-linux.so.3(  748): videoCreateMedia Done.
I//lib/ld-linux.so.3(  748): Create CP Ccodec Video Media Done.
I//lib/ld-linux.so.3(  748): Device or resource busy
I//lib/ld-linux.so.3(  748): Cannot open interrupt descriptor for irq=147 Auth OK
I//lib/ld-linux.so.3(  748): Check S/W IP Statue
I//lib/ld-linux.so.3(  748): [0]:OFF; [1]:OFF; [2]:OFF; [3]:ON
I//lib/ld-linux.so.3(  748): [4]:OFF; [5]:OFF; [6]:OFF; [7]:OFF
I//lib/ld-linux.so.3(  748): [8]:OFF; [9]:OFF; [10]:OFF; [11]:ON
I//lib/ld-linux.so.3(  748): [12]:ON; [13]:OFF; [14]:OFF; [15]:OFF
I//lib/ld-linux.so.3(  748): [16]:OFF; [17]:OFF; [18]:OFF; [19]:ON
I//lib/ld-linux.so.3(  748): [20]:ON; [21]:ON; [22]:ON; [23]:ON
I//lib/ld-linux.so.3(  748): [24]:OFF; [25]:OFF; [26]:OFF; [27]:ON
I//lib/ld-linux.so.3(  748): [28]:ON; [29]:ON; [30]:ON; [31]:OFF
I//lib/ld-linux.so.3(  748): [32]:OFF; [33]:ON; [34]:ON; [35]:OFF
I//lib/ld-linux.so.3(  748): [36]:OFF; [37]:OFF; [38]:OFF; [39]:ON
I//lib/ld-linux.so.3(  748): [40]:ON; [41]:OFF; [42]:OFF; [43]:OFF
I//lib/ld-linux.so.3(  748): [44]:OFF; [45]:OFF; [46]:OFF; [47]:OFF
I//lib/ld-linux.so.3(  748): [48]:OFF; [49]:OFF; [50]:OFF; [51]:OFF
I//lib/ld-linux.so.3(  748): [52]:OFF; [53]:OFF; [54]:OFF; [55]:OFF
I//lib/ld-linux.so.3(  748): [56]:OFF; [57]:OFF; [58]:OFF; [59]:OFF
I//lib/ld-linux.so.3(  748): [60]:OFF; [61]:OFF; [62]:OFF; [63]:OFF
I//lib/ld-linux.so.3(  748): Subtitle File Open Fail !!
I//lib/ld-linux.so.3(  748): Attached File Open Fail !!
I//lib/ld-linux.so.3(  748): Audio File Fail!!
D/MediaPlayerService(  744): [14] notify (0x33318, 3, 1, 0)
D/Downloader(  744): Content-Length: 981548
D/Downloader(  744): 
I//lib/ld-linux.so.3(  748): Blocking Read: 300, size: 0x1000.
I//lib/ld-linux.so.3(  748): Blocking Read: 200, size: 0x8000.
I//lib/ld-linux.so.3(  748): File format : TS
I//lib/ld-linux.so.3(  748): Blocking Read: 401, size: 0x20000.
I//lib/ld-linux.so.3(  748): Bitrate = 262144 Byte/s, Duration = 6059998 ms
I//lib/ld-linux.so.3(  748): PackSize = 28200 Byte.
I//lib/ld-linux.so.3(  748): ==============================================================================================
I//lib/ld-linux.so.3(  748): Data:MIU0; Bits:MIU0; MAD:MIU0; MVD:MIU0; SVD:MIU0; FB:MIU0; TSP:MIU0; FBL:No
I//lib/ld-linux.so.3(  748): Bit Buffer:0x44941000      Size:0x400000
I//lib/ld-linux.so.3(  748): Subtitle Bit Buffer:0x44341000     Size:0x1b0000
I//lib/ld-linux.so.3(  748): MAD Buffer:0x43841000
I//lib/ld-linux.so.3(  748): MADExt Buffer:0x44541000   Size:0x400000
I//lib/ld-linux.so.3(  748): VDEC FW Buffer:0x49401000  Size:0x200000
I//lib/ld-linux.so.3(  748): Frame Buffer:0x49601000    Size:0x1b00000
I//lib/ld-linux.so.3(  748): MVD Buffer:0x4b101000      Size:0x800000
I//lib/ld-linux.so.3(  748): TSP FW Buffer:0x411d1000   Size:0x70000
I//lib/ld-linux.so.3(  748): Data Buffer:0x163d1000     Size:0x36f000
I//lib/ld-linux.so.3(  748): Attached File Buffer Size:0xffffffff
I//lib/ld-linux.so.3(  748): -> Demuxer:0x164f8000      Size:0x248000
I//lib/ld-linux.so.3(  748): -> SeqHeader:0x43fd2000    Size:0x1000
I//lib/ld-linux.so.3(  748): -> MOV Table:0x49601000    Size:0x1b00000
I//lib/ld-linux.so.3(  748): -> MOV Static:0x43fd3000   Size:0x100000
I//lib/ld-linux.so.3(  748): -> DRM Payload:0x440d3000  Size:0x4000
I//lib/ld-linux.so.3(  748): -> DRM Playback Context:0x440d7000 Size:0x1000
I//lib/ld-linux.so.3(  748): -> MADExtend:0x440d9000    Size:0x20000
I//lib/ld-linux.so.3(  748): -> NonCache Area:0x440d8000        Size:0x1000
I//lib/ld-linux.so.3(  748): -> Reserved Size:0x0
I//lib/ld-linux.so.3(  748): ==============================================================================================
I//lib/ld-linux.so.3(  748): Initialize TS HW
I//lib/ld-linux.so.3(  748): HAL_VPU_EX_SetDbgLevel eLevel=0x1
I//lib/ld-linux.so.3(  748): Load AAC Audio Codec.
I//lib/ld-linux.so.3(  748): ========AAC Audio Codec========
I//lib/ld-linux.so.3(  748): ===== Check Audio Decoder Protection from hash-key IP =====
I//lib/ld-linux.so.3(  748): Hash-key Support DD.
I//lib/ld-linux.so.3(  748): Hash-key Support DD+.
I//lib/ld-linux.so.3(  748): Hash-key Support Generic HE-AAC !!
I//lib/ld-linux.so.3(  748): Hash-key Support WMA.
I//lib/ld-linux.so.3(  748): Hash-key Support DRA.
I//lib/ld-linux.so.3(  748): ===== Check Protection IP End                         =====
I//lib/ld-linux.so.3(  748): ******Amplifier_TI5707_SWMute(0)
I//lib/ld-linux.so.3(  748): 5707write fail = 7
I//lib/ld-linux.so.3(  748): 5707write fail = 7
I//lib/ld-linux.so.3(  748): 5707write fail = 7
I//lib/ld-linux.so.3(  748): 5707write fail = 7
I//lib/ld-linux.so.3(  748): 5707write fail = 6
I//lib/ld-linux.so.3(  748): DS enable = 0
I//lib/ld-linux.so.3(  748): Blocking Read: 0, size: 0x4000.
I//lib/ld-linux.so.3(  748): To ask Dynscaling Size from vdec  0xc00
I//lib/ld-linux.so.3(  748): jim:xxxxxxxxxxxxxxxxxxxxxxxxxxxxxxxxxxxxxxxxxxxxxxx
I//lib/ld-linux.so.3(  748):  Size(640x256), Disp(640x256), Par(1x1), FrameRate:29970, Interlace:0
I//lib/ld-linux.so.3(  748): 1st sequence header Decode Ready!! **
D/SlideManagerRootImpl( 1238): slideTo = 0
D/MstarPlayer(  744): Get E_EVENT_INIT_OK event.
D/DataSource_M3U8(  744): 
D/DataSource_M3U8(  744):  notify : 0 
D/IMMPlayer(  744): Send MM_EnableSubtitleShow
D/IMMPlayer(  744): u32Item:1
D/IMMPlayer(  744): bEnable:1
D/IMMPlayer(  744): Get ret:1
D/MstarPlayer(  744): <<<<<set init done flag
I//lib/ld-linux.so.3(  748): [CI][HbbTV-VOD]<INFO>:[1365697921.815372] MM init done
I//lib/ld-linux.so.3(  748): E_CPCODEC_MSG_INIT_OK: 3899831.
D/MstarPlayer(  744): <<<<<<<<<Init done
D/IMMPlayer(  744): Send MM_GetMetaData
D/IMMPlayer(  744): u32Item:1
D/IMMPlayer(  744): eMetadata:11
D/IMMPlayer(  744): u32BuffSize:4
D/IMMPlayer(  744): Get ret:0
D/IMMPlayer(  744): Send MM_GetMetaData
D/IMMPlayer(  744): u32Item:1
D/IMMPlayer(  744): eMetadata:12
D/IMMPlayer(  744): u32BuffSize:4
D/IMMPlayer(  744): Get ret:0
D/MediaPlayerService(  744): [14] notify (0x33318, 5, 640, 256)
D/MstarPlayer(  744): MstarPlayer::initRender
V/MediaControler( 1449): onVideoSizeChanged called
D/MstarPlayer(  744): MstarPlayer::initRender Done.
D/MstarPlayer(  744): prepare done....video size 640,256
D/MediaPlayerService(  744): [14] notify (0x33318, 1, 0, 0)
D/MediaControler( 1449): onPrepared ok
D/MediaControler( 1449): width:640
D/MediaControler( 1449): height:256
D/MediaControler( 1449): start play
D/MstarPlayer(  744): MstarPlayer::setLooping=1
D/MstarPlayer(  744): MstarPlayer::setLooping=1
D/MstarPlayer(  744): playerType
D/MstarPlayer(  744): MstarPlayer::setLooping=1
D/IMMPlayer(  744): Send MM_Play
D/IMMPlayer(  744): u32Item:1
D/IMMPlayer(  744): Get ret:0
D/MediaControler( 1449): start play
D/VideoPlayer( 1449): onPlayStart
I//lib/ld-linux.so.3(  748): mapi_cpcodec::Play(): 3899856.
I//lib/ld-linux.so.3(  748): [CI][HbbTV-VOD]<INFO>:[1365697921.840524] MM play start
D/Test    ( 1449): request Url  :http://cibn-ido.longvisionmedia.com:8088/msis/getAssetList?version=V001&terminalType=1&resolution=1280*720&pageSize=10&curPage=1&userCode=201303191947&queryType=3&catalogId=&isRecommend=&assetType=&originName=&publishDate=&orderTag=2&authKey=5a056ca80ff1e99f15f2e3628d35025c
I//lib/ld-linux.so.3(  748): MApp_VDPlayer_Play
I//lib/ld-linux.so.3(  748): [CI][HbbTV-VOD]<INFO>:[1365697921.857371] MM setup display start
I//lib/ld-linux.so.3(  748): Display Msg: 33.
I//lib/ld-linux.so.3(  748): Screen Setting: 1.
I//lib/ld-linux.so.3(  748): Set Black Screen ON.
I//lib/ld-linux.so.3(  748): Video set up display.
I//lib/ld-linux.so.3(  748): Scaler frame buffer mode.
I//lib/ld-linux.so.3(  748): stDisplayInfo.u32OutputRate: 0.
I//lib/ld-linux.so.3(  748): Display Msg: 28.
I//lib/ld-linux.so.3(  748): Video Width: 640, Height: 256, FrameRate: 29970, Interlace: 0.
I//lib/ld-linux.so.3(  748): crop: left=0, right=0, top=0, bottom=0
I//lib/ld-linux.so.3(  748): Video Type: 2.
I//lib/ld-linux.so.3(  748): Video PAR Width: 640, Height: 256.
I//lib/ld-linux.so.3(  748): Video Aspect Ratio: 5x2.
I//lib/ld-linux.so.3(  748): 1. Display Rect: x: 0, y: 0, width: 1280, height: 720.
I//lib/ld-linux.so.3(  748): 2. Display Rect: x: 0, y: 104, width: 1280, height: 512.
I//lib/ld-linux.so.3(  748): CropRect u16X=0, u16Y=0, u16Width=640, u16Height=256
I//lib/ld-linux.so.3(  748): DispRect u16X=0, u16Y=104, u16Width=1280, u16Height=512
I//lib/ld-linux.so.3(  748): Scaler start: 0x17bc1000, size: 0x1800000.
I//lib/ld-linux.so.3(  748): MVOP switch to MIU 0.
I//lib/ld-linux.so.3(  748): ->u16FrameRate = 29970
I//lib/ld-linux.so.3(  748): ->u8Interlace = 0
I//lib/ld-linux.so.3(  748): ->u16HorSize = 640
I//lib/ld-linux.so.3(  748): ->u16VerSize = 256
I//lib/ld-linux.so.3(  748): STC Updated by Video: (42382->3034)
D/MediaControler( 1449): surfaceChanged
D/MediaPlayerService(  744): [14] setVideoSurfaceTexture(0x3f578)
I//lib/ld-linux.so.3(  748): Crop Win, X: 0, Y: 0, W: 640, H: 256.
I//lib/ld-linux.so.3(  748): Diso Win, X: 0, Y: 104, W: 1280, H: 512.
I//lib/ld-linux.so.3(  748): [MApi_Video] CropWin assigned: x,y,w,h=0,0,640,256
I//lib/ld-linux.so.3(  748): [MApi_Video] DstWin assigned: x,y,w,h=0,104,1280,512
I//lib/ld-linux.so.3(  748): [MApi_Video] SrcWin1[Win=0]: x,y,w,h=161,155,640,256
I//lib/ld-l
[ 3905.519243] IR: [03932] scan key value is 0xeb14c936 
[ 3905.519248]  inux.so.3(  748): [MApi_Video] CropWin1: x,y,w,h=0,0,640,256
I//lib/ld-linux.so.3(  748): [MApi_Video] DispWin1: x,y,w,h=0,104,1280,512
I//lib/ld-linux.so.3(  748): === open 3D OverScan ===
I//lib/ld-linux.so.3(  748): [MApi_Video] SrcWin2: x,y,w,h=161,155,640,256
I//lib/ld-linux.so.3(  748): [MApi_Video] CropWin2: x,y,w,h=0,0,640,256
I//lib/ld-linux.so.3(  748): [MApi_Video] DispWin2: x,y,w,h=0,104,1280,512
I//lib/ld-linux.so.3(  748): [MApi_Video] SrcWin3: x,y,w,h=161,155,640,256
I//lib/ld-linux.so
[ 3905.570174] IR: [03932] scan key value is 0xeb14c936 
[ 3905.570179]  .3(  748): [MApi_Video] CropWin3: x,y,w,h=0,0,640,256
I//lib/ld-linux.so.3(  748): [MApi_Video] DispWin3: x,y,w,h=0,104,1280,512
I//lib/ld-linux.so.3(  748): [MApi_Video] SrcWin5[Win=0]: x,y,w,h=161,155,640,256
I//lib/ld-linux.so.3(  748): [MApi_Video] CropWin5: x,y,w,h=0,0,640,256
I//lib/ld-linux.so.3(  748): [MApi_Video] DispWin5: x,y,w,h=0,104,1280,512
I//lib/ld-linux.so.3(  748): [MApi_Video] DLC cap Hstart=1, Hend=501, Vstart=40, Vend=1c0
I//lib/ld-linux.so.3(  748): Read Bandwidthtable.bin
D/MstarPlayer(  744): Get E_EVENT_DECODE_FIRST_FRAME_DONE event.
I//lib/ld-linux.so.3(  748): enPQMNRType is 1
I//lib/ld-linux.so.3(  748): enPQFLType is 1
I//lib/ld-linux.so.3(  748):    [Plugins_PatchPQ]Customer Path PQ Add here
I//lib/ld-linux.so.3(  748): [CI][HbbTV-VOD]<INFO>:[1365697922.101291] MM setup display done
D/MstarPlayer(  744): E_EVENT_PLAYING_OK
I//lib/ld-linux.so.3(  748): Video is in playing state.
I//lib/ld-linux.so.3(  748): Audio Sync STC mode.(TS) 
I//lib/ld-linux.so.3(  748): FrmCnt:7(0,0,0) Rate:112350 Sys:3900145 STC:3303 VPTS:3034 APTS:3296 Delay:-236(33) V:2 A:5 VES:0xf930 AES:0x1ea0 PCM:0x2a00 AudioErr:0x0
I//lib/ld-linux.so.3(  748): 1st Decode & Display Ready!!
D/MstarPlayer(  744): Read DisplayRectangle FIFO x 0, y 0, w 1280, h 720
D/MstarPlayer(  744): setDisplayRectangle  x 0, y 0, w 1280, h 720
D/IMMPlayer(  744): Send MM_SetDisplayRectangle
D/IMMPlayer(  744): u32Item:1
D/IMMPlayer(  744): stRect u16X:0
D/IMMPlayer(  744): stRect u16Y:0
D/IMMPlayer(  744): stRect u16Height:720
D/IMMPlayer(  744): stRect u16Width:1280
I//lib/ld-linux.so.3(  748): Video PAR Width: 640, Height: 256.
I//lib/ld-linux.so.3(  748): Video Aspect Ratio: 5x2.
I//lib/ld-linux.so.3(  748): 1. Display Rect: x: 0, y: 0, width: 1280, height: 720.
I//lib/ld-linux.so.3(  748): 2. Display Rect: x: 0, y: 104, width: 1280, height: 512.
I//lib/ld-linux.so.3(  748): CropRect u16X=0, u16Y=0, u16Width=640, u16Height=256
I//lib/ld-linux.so.3(  748): DispRect u16X=0, u16Y=104, u16Width=1280, u16Height=512
I//lib/ld-linux.so.3(  748): Crop Win, X: 0, Y: 0, W: 640,
[ 3905.760402] IR: [03932] scan key value is 0xeb14c936 
[ 3905.760407]   H: 256.
I//lib/ld-linux.so.3(  748): Diso Win, X: 0, Y: 104, W: 1280, H: 512.
I//lib/ld-linux.so.3(  748): [MApi_Video] CropWin assigned: x,y,w,h=0,0,640,256
I//lib/ld-linux.so.3(  748): [MApi_Video] DstWin assigned: x,y,w,h=0,104,1280,512
I//lib/ld-linux.so.3(  748): [MApi_Video] SrcWin1[Win=0]: x,y,w,h=161,155,640,256
I//lib/ld-linux.so.3(  748): [MApi_Video] CropWin1: x,y,w,h=0,0,640,256
I//lib/ld-linux.so.3(  748): [MApi_Video] DispWin1: x,y,w,h=0,104,1280,512
I//lib/ld-linux.so.3(  748): === open 3D OverScan ===
I//lib/ld-linux.so.3(  748): [MApi_Video] SrcWin2: x,y,w,h=161,155,640,256
I//lib/ld-linux.so.3(  748): [MApi_Video] CropWin2: x,y,w,h=0,0,640,256
I//lib/ld-linux.so.3(  748): [MApi_Video] DispWin2: x,y,w,h=0,104,1280,512
I//lib/ld-linux.so.3(  748): [MApi_Video] SrcWin3: x,y,w,h=161,155,640,256
I//lib/ld-linux.so.3(  748): [MApi_Video] CropWin3: x,y,w,h=0,0,640,256
I//lib/ld-linux.so.3(  748): [MApi_Video] DispWin3: x,y,w,h=0,104,1280,512
I//lib/ld-linux.so.3(  748): [MApi_Video] SrcWin5[Win=0]: x,y,w,h=161,155,640,256
I//lib/ld-linux.so.3(  748): [MApi_Video] CropWin5: x,y,w,h=0,0,640,256
I//lib/ld-linux.so.3(  748): [MApi_Video] DispWin5: x,y,w,h=0,104,1280,512
I//lib/ld-linux.so.3(  748): Clr Sync STC
I//lib/ld-linux.so.3(  748): [MApi_Video] DLC cap Hstart=1, Hend=501, Vstart=40, Vend=1c0
D/MstarPlayer(  744): MstarPlayer::getDuration  mFlag: 0x5
D/VideoPlayer( 1449): onPlayStart duration:6059 timeCode:0
D/IMMPlayer(  744): Get ret:0
D/DataSource_M3U8(  744): 
D/DataSource_M3U8(  744):  Warnig::  getValidBufferLength()  <  Codec require !!!
I//lib/ld-linux.so.3(  748): Display Msg: 33.
I//lib/ld-linux.so.3(  748): Screen Setting: 1.
I//lib/ld-linux.so.3(  748): 2. Set Black Screen OFF.
I//lib/ld-linux.so.3(  748): Old STC: 0x00001126, PTS: 0x0000108e, Diff: 0x00000098
I//lib/ld-linux.so.3(  748): [CI][HbbTV-VOD]<INFO>:[1365697923.399375] MM play done
I//lib/ld-linux.so.3(  748): FrmCnt:55(0,6,11) Rate:31 Sys:3901649 STC:4655 VPTS:4636 APTS:4633 Delay:14(33) V:0 A:0 VES:0x434d0 AES:0x1ee0 PCM:0x4b000 AudioErr:0x0
D/Downloader(  744): Downloadserver bandWidth:2421333
D/Downloader(  744): Dow
[ 3905.956108] IR: [03932] scan key value is 0xeb14c936 
[ 3905.956113]  nloadserver bandWidth:2421333
D/Downloader(  744): Downloadserver bandWidth:2421333
D/Downloader(  744): Downloadserver bandWidth:2421333
D/dalvikvm( 1449): GC_CONCURRENT freed 4761K, 47% free 19382K/36227K, paused 2ms+6ms
D/VideoPlayer( 1449): loadRecommendRelResource size:10
D/DataSource_M3U8(  744): u32HLSSreamNum[0]===>u32BandWidth:1200000 
D/DataSource_M3U8(  744): getHLSPlayListInex  DownloadBandWidth:2421333   uInDex=0
D/DataSource_M3U8(  744): [M3U8] checkShouldStartNext :[1](981548/981548)   sequence:0  start next:2  
D/DataSource_M3U8(  744): 
D/DataSource_M3U8(  744): 
D/DataSource_M3U8(  744): 
D/DataSource_M3U8(  744): [M3U8]-7----->This :0x42af8 --> post cmd for start next url:http://cibn-iss1.longvisionmedia.com:8088/vod/CIBN2013_CIBN2013040100001034_12001400/2.ts, knowedFileSize:0, mCurDowningIndex:1
D/DataSource_M3U8(  744): 
D/DataSource_M3U8(  744): 
D/Downloader(  744): [downloadThread]Downloader::removeTask  
D/Downloader(  744): [downloadThread]task have range string:0- 
D/HomePlayerLib( 1519): hostaddress count is 1
D/dalvikvm( 1519): GC_CONCURRENT freed 1941K, 34% free 11369K/17219K, paused 4ms+3ms
D/DataSource_M3U8(  744): 
D/DataSource_M3U8(  744):  Warnig::  getValidBufferLength()  <  Codec require !!!
D/InputEventConsistencyVerifier( 1449): KeyEvent: ACTION_UP but key was not down.
D/InputEventConsistencyVerifier( 1449):   in com.android.internal.policy.impl.PhoneWindow$DecorView@41580e88
D/InputEventConsistencyVerifier( 1449):   0: sent at 3902408000000, KeyEvent { action=ACTION_UP, keyCode=KEYCODE_BACK, scanCode=158, metaState=0, flags=0x8, repeatCount=0, eventTime=3902408, downTime=3902195, deviceId=2, source=0x101 }
I/MediaControler( 1449): pause called isPlaying:
I/MediaControler( 1449): pause called
D/MstarPlayer(  744): MstarPlayer::pause
D/IMMPlayer(  744): Send MM_SetTrickMode
D/IMMPlayer(  744): u32Item:1
D/IMMPlayer(  744): stTrickInfo->eMode:1
D/IMMPlayer(  744): stTrickInfo->eSpeed:1
D/IMMPlayer(  744): Get ret:0
D/VideoPlayer( 1449): onPlayPause
I//lib/ld-linux.so.3(  748): 1. Mode: 1, Speed: 1.
I//lib/ld-linux.so.3(  748): SetTrickMode, Mode: 1, Speed: 1.
I//lib/ld-linux.so.3(  748): Send to Co-processor: eMode: 0, eSpeed: 0.
D/dalvikvm( 1519): GC_CONCURRENT freed 1967K, 34% free 11481K/17219K, paused 4ms+3ms
D/InputEventConsistencyVerifier( 1449): KeyEvent: ACTION_UP but key was not down.
D/InputEventConsistencyVerifier( 1449):   in com.android.internal.policy.impl.PhoneWindow$DecorView@41580e88
D/InputEventConsistencyVerifier( 1449):   0: sent at 3903008000000, KeyEvent { action=ACTION_UP, keyCode=KEYCODE_BACK, scanCode=158, metaState=0, flags=0x8, repeatCount=0, eventTime=3903008, downTime=3902794, deviceId=2, source=0x101 }
D/InputEventConsistencyVerifier( 1449):   -- recent events --
D/InputEventConsistencyVerifier( 1449):   1: sent at 3902408000000, (unhandled) KeyEvent { action=ACTION_UP, keyCode=KEYCODE_BACK, scanCode=158, metaState=0, flags=0x80000008, repeatCount=0, eventTime=3902408, downTime=3902195, deviceId=2, source=0x101 }
D/DataSource_M3U8(  744): 
D/DataSource_M3U8(  744):  Warnig::  getValidBufferLength()  <  Codec require !!!
D/Downloader(  744): Downloadserver bandWidth:2757796
D/Downloader(  744): Downloadserver bandWidth:2757796
D/Downloader(  744): Downloadserver bandWidth:2757796
D/Downloader(  744): Downloadserver bandWidth:2757796
D/DataSource_M3U8(  744): u32HLSSreamNum[0]===>u32BandWidth:1200000 
D/DataSource_M3U8(  744): getHLSPlayListInex  DownloadBandWidth:2757796   uInDex=0
D/DataSource_M3U8(  744): [M3U8] checkShouldStartNext :[2](559488/559488)   sequence:0  start next:3  
D/DataSource_M3U8(  744): 
D/DataSource_M3U8(  744): 
D/DataSource_M3U8(  744): 
D/DataSource_M3U8(  744): [M3U8]-7----->This :0x42af8 --> post cmd for start next url:http://cibn-iss1.longvisionmedia.com:8088/vod/CIBN2013_CIBN2013040100001034_12001400/3.ts, knowedFileSize:0, mCurDowningIndex:2
D/D
[ 3906.307547] IR: [03932] scan key value is 0xeb14c936 
[ 3906.307552]  ataSource_M3U8(  744): 
D/DataSource_M3U8(  744): 
D/Downloader(  744): [downloadThread]Downloader::removeTask  
D/Downloader(  744): [downloadThread]task have range string:0- 
D/VideoPlayer( 1449): clicked id:2131361863
D/VideoPlayer( 1449): onPause
E/VideoPlayer( 1449): addBookMark:
D/VideoPlayer( 1449): get terminal msg from db!
D/MediaControler( 1449): stop
D/MstarPlayer(  744): MstarPlayer::stop
D/MstarPlayer(  744): request to exit async thread
D/Test    ( 1449): request Url  :http://cibn-i
[ 3906.358491] IR: [03932] scan key value is 0xeb14c936 
[ 3906.358495]  do.longvisionmedia.com:8088/userCenter/addBookMark?version=V001&terminalType=1&resolution=1280*720&userCode=201303191947&userName=201303191947&resourceCode=12558&bookMark=2&authKey=120ce79a3159440d0f331adf609de01d
D/MstarPlayer(  744): exit async proc thread
D/IMMPlayer(  744): Send MM_Stop
D/IMMPlayer(  744): u32Item:1
D/DataSource_M3U8(  744): 
D/DataSource_M3U8(  744): Warning : ForceContentSourceReset
D/MstarPlayer(  744): player waiting exit
I//lib/ld-linux.so.3(  748): MApp_VDPlayer_Stop interrupt
I//lib/ld-linux.so.3(  748): MApp_VDPlayer_Stop
I//lib/ld-linux.so.3(  748): E_VDP_DECODE_STATE_STOP --> E_VDP_DECODE_STATE_STANDBY
I//lib/ld-linux.so.3(  748): E_VDP_PHASE_DECODE --> E_VDP_PHASE_STOP
I//lib/ld-linux.so.3(  748): Clear ES buffer
I//lib/ld-linux.so.3(  748): E_VDP_PHASE_STOP --> E_VDP_PHASE_STANDBY
I//lib/ld-linux.so.3(  748): Error code 0; Stop Pos:0x0ea150 Time:2523
I//lib/ld-linux.so.3(  748): Get MB_VDPLAYER_STOP command.
D/IMMPlayer(  744): Get ret:0
D/IMMPlayer(  744): Send MM_DeleteMediaItem
D/IMMPlayer(  744): u32Item:1
D/IMMPlayer(  744): Get ret:0
D/IMMPlayer(  744): Send PLAYER_COMMAND_REMOVE_EVENT_RECIPIENT_FPTR
D/IMMPlayer(  744): Get ret:1
D/IMMPlayer(  744): Send FINALIZE
I//lib/ld-linux.so.3(  748): Sbtitle de-init: 0.
I//lib/ld-linux.so.3(  748): MMPlayerService::Client::MM_Finalize()
I//lib/ld-linux.so.3(  748): MSrv_MM_PhotoPlayer::Finalize().
I//lib/ld-linux.so.3(  748): mapi_cpcodec::Finalize().
I//lib/ld-linux.so.3(  748): mapi_cpcodec::Finalize().
I//lib/ld-linux.so.3(  748): Do mapi_cpcodec::Finalize().
D/IMMPlayer(  744): Get ret:0
D/MMPlayer(  744): disconnect
D/MMPlayer(  744): 
D/IMMPlayer(  744): Send DISCONNECT
D/MMPlayer(  744): destructor: 0x230e0
D/MMPlayer(  744): 
D/MMPlayer(  744): disconnect
D/MMPlayer(  744): 
D/MstarPlayer(  744): MstarPlayer::clearAllSource
D/Downloader(  744): Enter Downloader::ForceExit ! 
D/DataSource_M3U8(  744): [M3U8]request to exit download thread
D/DataSource_M3U8(  744): [ContentSource_M3U8] DownloadThread Exit Done..
D/DataSource_M3U8(  744): [M3U8]request to exit mPlaylistThread thread
I//lib/ld-linux.so.3(  748): MM_Finalize done
I//lib/ld-linux.so.3(  748): V/MMPlayerService( 755 1048): disconnect(callingPid 744, clientPid 744)
I//lib/ld-linux.so.3(  748): V/MMPlayerService( 755 1048): Disconnet finalize OK.
I//lib/ld-linux.so.3(  748): V/MMPlayerService( 755 1048): removeClient(callingPid 744)
I//lib/ld-linux.so.3(  748): V/MMPlayerService( 755 1065): MMPlayerService::Client destructor(callingPid 744)
D/Downloader(  744): Enter Downloader::ForceExit ! 
D/Downloader(  744): [downloadThread]Downloader::removeTask  
D/Downloader(  744): ~Downloader
D/DataSource_M3U8(  744): [M3U8]~ContentSource_M3U8 done.
D/MstarPlayer(  744): setInstance: 0x0
D/MstarPlayer(  744): ==========MstarPlayer::reset : 0x147d30==========
D/MstarPlayer(  744): MstarPlayer::clearAllSource
D/MstarPlayer(  744): setInstance: 0x0
D/MstarPlayer(  744): reset done
D/MstarPlayer(  744): 
D/MstarPlayer(  744): =======Destroy mstar player  : 0x147d30========
D/VideoPlayer( 1449): onPlayStop
W/InputManagerService(  959): Starting input on non-focused client com.android.internal.view.IInputMethodClient$Stub$Proxy@416cd718 (uid=10000 pid=1449)
E/VideoPlayer( 1449): add BookMark success!record is: 2
D/OpenGLRenderer( 1449): Flushing caches (mode 0)
D/SlideManagerRootImpl( 1238): slideTo = 1
D/InputEventConsistencyVerifier( 1238): KeyEvent: ACTION_UP but key was not down.
D/InputEventConsistencyVerifier( 1238):   in com.coship.cibn.view.ScaleViewPanel@41a9e6b8
D/InputEventConsistencyVerifier( 1238):   0: sent at 3905740000000, KeyEvent { action=ACTION_UP, keyCode=KEYCODE_DPAD_RIGHT, scanCode=106, metaState=0, flags=0x8, repeatCount=0, eventTime=3905740, downTime=3905526, deviceId=2, source=0x101 }
D/InputEventConsistencyVerifier( 1238): KeyEvent: ACTION_UP but key was not down.
D/InputEventConsistencyVerifier( 1238):   in com.coship.cibn.view.ScaleViewPanel@41f09e50
D/InputEventConsistencyVerifier( 1238):   0: sent at 3905928000000, KeyEvent { action=ACTION_UP, keyCode=KEYCODE_DPAD_RIGHT, scanCode=106, metaState=0, flags=0x8, repeatCount=0, eventTime=3905928, downTime=3905768, deviceId=2, source=0x101 }
D/InputEventConsistencyVerifier( 1238): KeyEvent: ACTION_UP but key was not down.
D/InputEventConsistencyVerifier( 1238):   in com.coship.cibn.view.ScaleViewPanel@41f0a118
D/InputEventConsistencyVerifier( 1238):   0: sent at 3906124000000, KeyEvent { action=ACTION_UP, keyCode=KEYCODE_DPAD_RIGHT, scanCode=106, metaState=0, flags=0x8, repeatCount=0, eventTime=3906124, downTime=3905964, deviceId=2, source=0x101 }
D/InputEventConsistencyVerifier( 1238): KeyEvent: ACTION_UP but key was not down.
D/InputEventConsistencyVerifier( 1238):   in android.support.v4.widget.StaggeredGridView@41e70800
D/InputEventConsistencyVerifier( 1238):   0: sent at 3906524000000, KeyEvent { action=ACTION_UP, keyCode=KEYCODE_DPAD_RIGHT, scanCode=106, metaState=0, flags=0x8, repeatCount=0, eventTime=3906524, downTime=3906314, deviceId=2, source=0x101 }
D/InputEventConsistencyVerifier( 1238):   -- recent events --
D/InputEventConsistencyVerifier( 1238):   1: sent at 3879883000000, (unhandled) KeyEvent { action=ACTION_DOWN, keyCode=KEYCODE_DPAD_LEFT, scanCode=105, metaState=0, flags=0x8, repeatCount=0, eventTime=3879883, downTime=3879883, deviceId=2, source=0x101 }
D/InputEventConsistencyVerifier( 1238):   2: sent at 3872004000000, KeyEvent { action=ACTION_UP, keyCode=KEYCODE_ENTER, scanCode=28, metaState=0, flags=0x8, repeatCount=0, eventTime=3872004, downTime=3871846, deviceId=2, source=0x101 }
D/InputEventConsistencyVerifier( 1238):   3: sent at 3871846000000, KeyEvent { action=ACTION_DOWN, keyCode=KEYCODE_ENTER, scanCode=28, metaState=0, flags=0x8, repeatCount=0, eventTime=3871846, downTime=3871846, deviceId=2, source=0x101 }
D/InputEventConsistencyVerifier( 1238):   4: sent at 3871696000000, (unhandled) KeyEvent { action=ACTION_UP, keyCode=KEYCODE_DPAD_UP, scanCode=103, metaState=0, flags=0x8, repeatCount=0, eventTime=3871696, downTime=3871480, deviceId=2, source=0x101 }
D/InputEventConsistencyVerifier( 1238):   5: sent at 3871480000000, (unhandled) KeyEvent { action=ACTION_DOWN, keyCode=KEYCODE_DPAD_UP, scanCode=103, metaState=0, flags=0x8, repeatCount=0, eventTime=3871480, downTime=3871480, deviceId=2, source=0x101 }

[ 3907.943605] IR: [03932] scan key value is 0xee11c936 
[ 3907.943610]  
[ 3907.995081] IR: [03932] scan key value is 0xee11c936 
[ 3907.995086]  D/InputEventConsistencyVerifier( 1238): KeyEvent: ACTION_UP but key was not down.
D/InputEventConsistencyVerifier( 1238):   in com.coship.cibn.view.ScaleViewPanel@4198e8b0
D/InputEventConsistencyVerifier( 1238):   0: sent at 3908160000000, KeyEvent { action=ACTION_UP, keyCode=KEYCODE_DPAD_UP, scanCode=103, metaState=0, flags=0x8, repeatCount=0, eventTime=3908160, downTime=3907949, deviceId=2, source=0x101 }
D/InputEventConsistencyVerifier( 1238):   -- recent events --
D/InputEventConsistencyVerifier( 1238):   1: sent at 3879883000000, (unhandled) KeyEvent { action=ACTION_DOWN, keyCode=KEYCODE_DPAD_LEFT, scanCode=105, metaState=0, flags=0x8, repeatCount=0, eventTime=3879883, downTime=3879883, deviceId=2, source=0x101 }
D/InputEventConsistencyVerifier( 1238):   2: sent at 3872004000000, KeyEvent { action=ACTION_UP, keyCode=KEYCODE_ENTER, scanCode=28, metaState=0, flags=0x8, repeatCount=0, eventTime=3872004, downTime=3871846, deviceId=2, source=0x101 }
D/InputEventConsistencyVerifier( 1238):   3: sent at 3871846000000, KeyEvent { action=ACTION_DOWN, keyCode=KEYCODE_ENTER, scanCode=28, metaState=0, flags=0x8, repeatCount=0, eventTime=3871846, downTime=3871846, deviceId=2, source=0x101 }
D/InputEventConsistencyVerifier( 1238):   4: sent at 3871696000000, (unhandled) KeyEvent { action=ACTION_UP, keyCode=KEYCODE_DPAD_UP, scanCode=103, metaState=0, flags=0x80000008, repeatCount=0, eventTime=3871696, downTime=3871480, deviceId=2, source=0x101 }
D/InputEventConsistencyVerifier( 1238):   5: sent at 3846779000000, (unhandled) KeyEvent { action=ACTION_DOWN, keyCode=KEYCODE_DPAD_LEFT, scanCode=105, metaState=0, flags=0x8, repeatCount=0, eventTime=3846779, downTime=3846779, deviceId=2, source=0x101 }
D/MainActivity( 1238): position = 3

[ 3908.374400] IR: [03932] scan key value is 0xec13c936 
[ 3908.374408]  D/OpenGLRenderer( 1449): Flushing caches (mode 1)
D/MediaControler( 1449): onDestroy
D/VideoPlayer( 1449): onPlayStop
W/ActivityManager(  959): Duplicate finish request for ActivityRecord{4188aa60 com.aidufei.movieonline/.player.VideoPlayer}
D/OtOService( 1449): TVContentReceiver: ACTION_TV_CONTENT_CHANGED, playType: 0 ,resourceCode: null
I/MainActivity( 1238): CIBN ---> onClick -> 52058
I/ActivityManager(  959): START {cmp=com.coship.cibn/.activity.WatchHistoryActivity (has extras)} from pid 1238
W/WindowManager(  959): Token{416a1220 ActivityRecord{416053e8 com.coship.cibn/.activity.WatchHistoryActivity}} failed creating starting window
W/WindowManager(  959): android.view.InflateException: Binary XML file line #34: Error inflating class <unknown>
W/WindowManager(  959):         at android.view.LayoutInflater.createView(LayoutInflater.java:606)
W/WindowManager(  959):         at com.android.internal.policy.impl.PhoneLayoutInflater.onCreateView(PhoneLayoutInflater.java:56)
W/WindowManager(  959):         at android.view.LayoutInflater.onCreateView(LayoutInflater.java:653)
W/WindowManager(  959):         at android.view.LayoutInflater.createViewFromTag(LayoutInflater.java:678)
W/WindowManager(  959):         at android.view.LayoutInflater.rInflate(LayoutInflater.java:739)
W/WindowManager(  959):         at android.view.LayoutInflater.inflate(LayoutInflater.java:489)
W/WindowManager(  959):         at android.view.LayoutInflater.inflate(LayoutInflater.java:396)
W/WindowManager(  959):         at android.view.LayoutInflater.inflate(LayoutInflater.java:352)
W/WindowManager(  959):         at com.android.internal.policy.impl.PhoneWindow.generateLayout(PhoneWindow.java:2707)
W/WindowManager(  959):         at com.android.internal.policy.impl.PhoneWindow.installDecor(PhoneWindow.java:2767)
W/WindowManager(  959):         at com.android.internal.policy.impl.PhoneWindow.getDecorView(PhoneWindow.java:1534)
W/WindowManager(  959):         at com.android.internal.policy.impl.PhoneWindowManager.addStartingWindow(PhoneWindowManager.java:1339)
W/WindowManager(  959):         at com.android.server.wm.WindowManagerService$H.handleMessage(WindowManagerService.java:6631)
W/WindowManager(  959):         at android.os.Handler.dispatchMessage(Handler.java:99)
W/WindowManager(  959):         at android.os.Looper.loop(Looper.java:137)
W/WindowManager(  959):         at com.android.server.wm.WindowManagerService$WMThread.run(WindowManagerService.java:704)
W/WindowManager(  959): Caused by: java.lang.reflect.InvocationTargetException
W/WindowManager(  959):         at java.lang.reflect.Constructor.constructNative(Native Method)
W/WindowManager(  959):         at java.lang.reflect.Constructor.newInstance(Constructor.java:417)
W/WindowManager(  959):         at android.view.LayoutInflater.createView(LayoutInflater.java:586)
W/WindowManager(  959):         ... 15 more
W/WindowManager(  959): Caused by: android.content.res.Resources$NotFoundException: Resource is not a Drawable (color or path): TypedValue{t=0x2/d=0x1010059 a=-1}
W/WindowManager(  959):         at android.content.res.Resources.loadDrawable(Resources.java:1897)
W/WindowManager(  959):         at android.content.res.TypedArray.getDrawable(TypedArray.java:601)
W/WindowManager(  959):         at android.widget.FrameLayout.<init>(FrameLayout.java:107)
W/WindowManager(  959):         at android.widget.FrameLayout.<init>(FrameLayout.java:95)
W/WindowManager(  959):         ... 18 more
I/**********( 1238): ************
V/HttpGetRequest( 1238): URL : http://cibn-ido.longvisionmedia.com:8088/userCenter/getBookMark?version=V001&terminalType=2&resolution=1280*720&userCode=80007&pageSize=1000&curPage=1&authKey=ecedb5606f13d155675d00cf96b17fc8
I/ActivityManager(  959): Displayed com.coship.cibn/.activity.WatchHistoryActivity: +107ms
D/OpenGLRenderer( 1238): Flushing caches (mode 0)
D/HttpGetRequest( 1238): http://cibn-ido.longvisionmedia.com:8088/userCenter/getBookMark?version=V001&terminalType=2&resolution=1280*720&userCode=80007&pageSize=1000&curPage=1&authKey=ecedb5606f13d155675d00cf96b17fc8:status code = 200
D/Cache   ( 1238): save Cache:http://cibn-ido.longvisionmedia.com:8088/userCenter/getBookMark?version=V001&terminalType=2&resolution=1280*720&userCode=80007&pageSize=1000&curPage=1&authKey=ecedb5606f13d155675d00cf96b17fc8
D/Cache   ( 1238): getFilePath:/mnt/sdcard/temple/4C2869A6010F4D3EDFE045DABB884E56
D/Cache   ( 1238): save json Cache temp_file:/mnt/sdcard/temple/4C2869A6010F4D3EDFE045DABB884E56.tmp
D/Cache   ( 1238): Create dir fail:/mnt/sdcard/temple/
E/Cache   ( 1238): saveCache FileNotFoundException
W/System.err( 1238): java.io.FileNotFoundException: /mnt/sdcard/temple/4C2869A6010F4D3EDFE045DABB884E56.tmp: open failed: EACCES (Permission denied)
W/System.err( 1238):    at libcore.io.IoBridge.open(IoBridge.java:406)
W/System.err( 1238):    at java.io.FileOutputStream.<init>(FileOutputStream.java:88)
W/System.err( 1238):    at java.io.FileOutputStream.<init>(FileOutputStream.java:128)
W/System.err( 1238):    at com.coship.cibn.common.Cache.saveCache(Cache.java:101)
W/System.err( 1238):    at com.coship.cibn.http.HttpGetRequest$1.run(HttpGetRequest.java:59)
W/System.err( 1238):    at java.lang.Thread.run(Thread.java:856)
W/System.err( 1238): Caused by: libcore.io.ErrnoException: open failed: EACCES (Permission denied)
W/System.err( 1238):    at libcore.io.Posix.open(Native Method)
W/System.err( 1238):    at libcore.io.BlockGuardOs.open(BlockGuardOs.java:110)
W/System.err( 1238):    at libcore.io.IoBridge.open(IoBridge.java:390)
W/System.err( 1238):    ... 5 more

[ 3909.819568] IR: [03932] scan key value is 0xf10ec936 
[ 3909.819572]  
[ 3909.870142] IR: [03932] scan key value is 0xf10ec936 
[ 3909.870147]  W/ActivityManager(  959): Duplicate finish request for ActivityRecord{416053e8 com.coship.cibn/.activity.WatchHistoryActivity}
D/OpenGLRenderer( 1238): Flushing caches (mode 0)
D/dalvikvm( 1238): GC_EXPLICIT freed 414K, 15% free 29866K/34883K, paused 1ms+16ms
E/StrictMode( 1238): class com.coship.cibn.activity.WatchHistoryActivity; instances=3; limit=1
E/StrictMode( 1238): android.os.StrictMode$InstanceCountViolation: class com.coship.cibn.activity.WatchHistoryActivity; instances=3; limit=1
E/StrictMode( 1238):    at android.os.StrictMode.setClassInstanceLimit(StrictMode.java:1)

[ 3910.865716] IR: [03932] scan key value is 0xea15c936 
[ 3910.865721]  D/InputEventConsistencyVerifier( 1238): KeyEvent: ACTION_UP but key was not down.
D/InputEventConsistencyVerifier( 1238):   in com.coship.cibn.view.ScaleViewPanel@41ea40a0
D/InputEventConsistencyVerifier( 1238):   0: sent at 3911032000000, KeyEvent { action=ACTION_UP, keyCode=KEYCODE_DPAD_DOWN, scanCode=108, metaState=0, flags=0x8, repeatCount=0, eventTime=3911032, downTime=3910871, deviceId=2, source=0x101 }
D/InputEventConsistencyVerifier( 1238):   -- recent events --
D/InputEventConsistencyVerifier( 1238):   1: sent at 3907949000000, (unhandled) KeyEvent { action=ACTION_DOWN, keyCode=KEYCODE_DPAD_UP, scanCode=103, metaState=0, flags=0x8, repeatCount=0, eventTime=3907949, downTime=3907949, deviceId=2, source=0x101 }
D/InputEventConsistencyVerifier( 1238):   2: sent at 3906524000000, (unhandled) KeyEvent { action=ACTION_UP, keyCode=KEYCODE_DPAD_RIGHT, scanCode=106, metaState=0, flags=0x80000008, repeatCount=0, eventTime=3906524, downTime=3906314, deviceId=2, source=0x101 }
D/InputEventConsistencyVerifier( 1238):   3: sent at 3871480000000, (unhandled) KeyEvent { action=ACTION_DOWN, keyCode=KEYCODE_DPAD_UP, scanCode=103, metaState=0, flags=0x8, repeatCount=0, eventTime=3871480, downTime=3871480, deviceId=2, source=0x101 }
D/InputEventConsistencyVerifier( 1238):   4: sent at 3871172000000, (unhandled) KeyEvent { action=ACTION_UP, keyCode=KEYCODE_DPAD_LEFT, scanCode=105, metaState=0, flags=0x80000008, repeatCount=0, eventTime=3
[ 3911.205579] IR: [03932] scan key value is 0xec13c936 
[ 3911.205584]  871172, downTime=3870959, deviceId=2, source=0x101 }
D/InputEventConsistencyVerifier( 1238):   5: sent at 3865325000000, (unhandled) KeyEvent { action=ACTION_DOWN, keyCode=KEYCODE_DPAD_RIGHT, scanCode=106, metaState=0, flags=0x8, repeatCount=0, eventTime=3865325, downTime=3865325, deviceId=2, source=0x101 }
I/MainActivity( 1238): CIBN ---> onClick -> 52060
I/ActivityManager(  959): START {cmp=com.coship.cibn/.activity.CollectionsListActivity (has extras)} from pid 1238
W/WindowManager(  959): Token{41609dc0 ActivityRecord{416bc728 com.coship.cibn/.activity.CollectionsListActivity}} failed creating starting window
W/WindowManager(  959): android.view.InflateException: Binary XML file line #34: Error inflating class <unknown>
W/WindowManager(  959):         at android.view.LayoutInflater.createView(LayoutInflater.java:606)
W/WindowManager(  959):         at com.android.internal.policy.impl.PhoneLayoutInflater.onCreateView(PhoneLayoutInflater.java:56)
W/WindowManager(  959):         at android.view.LayoutInflater.onCreateView(LayoutInflater.java:653)
W/WindowManager(  959):         at android.view.LayoutInflater.createViewFromTag(LayoutInflater.java:678)
W/WindowManager(  959):         at android.view.LayoutInflater.rInflate(LayoutInflater.java:739)
W/WindowManager(  959):         at android.view.LayoutInflater.inflate(LayoutInflater.java:489)
W/WindowManager(  959):         at android.view.LayoutInflater.inflate(LayoutInflater.java:396)
W/WindowManager(  959):         at android.view.LayoutInflater.inflate(LayoutInflater.java:352)
W/WindowManager(  959):         at com.android.internal.policy.impl.PhoneWindow.generateLayout(PhoneWindow.java:2707)
W/WindowManager(  959):         at com.android.internal.policy.impl.PhoneWindow.installDecor(PhoneWindow.java:2767)
W/WindowManager(  959):         at com.android.internal.policy.impl.PhoneWindow.getDecorView(PhoneWindow.java:1534)
W/WindowManager(  959):         at com.android.internal.policy.impl.PhoneWindowManager.addStartingWindow(PhoneWindowManager.java:1339)
W/WindowManager(  959):         at com.android.server.wm.WindowManagerService$H.handleMessage(WindowManagerService.java:6631)
W/WindowManager(  959):         at android.os.Handler.dispatchMessage(Handler.java:99)
W/WindowManager(  959):         at android.os.Looper.loop(Looper.java:137)
W/WindowManager(  959):         at com.android.server.wm.WindowManagerService$WMThread.run(WindowManagerService.java:704)
W/WindowManager(  959): Caused by: java.lang.reflect.InvocationTargetException
W/WindowManager(  959):         at java.lang.reflect.Constructor.constructNative(Native Method)
W/WindowManager(  959):         at java.lang.reflect.Constructor.newInstance(Constructor.java:417)
W/WindowManager(  959):         at android.view.LayoutInflater.createView(LayoutInflater.java:586)
W/WindowManager(  959):         ... 15 more
W/WindowManager(  959): Caused by: android.content.res.Resources$NotFoundException: Resource is not a Drawable (color or path): TypedValue{t=0x2/d=0x1010059 a=-1}
W/WindowManager(  959):         at android.content.res.Resources.loadDrawable(Resources.java:1897)
W/WindowManager(  959):         at android.content.res.TypedArray.getDrawable(TypedArray.java:601)
W/WindowManager(  959):         at android.widget.FrameLayout.<init>(FrameLayout.java:107)
W/WindowManager(  959):         at android.widget.FrameLayout.<init>(FrameLayout.java:95)
W/WindowManager(  959):         ... 18 more
I/**********( 1238): ************
V/HttpGetRequest( 1238): URL : http://cibn-ido.longvisionmedia.com:8088/userCenter/getFavorite?version=V001&terminalType=2&resolution=1280*720&userCode=80007&userName=80007&pageSize=2147483647&curPage=1&authKey=f13e44c239266c0b73ce843f12821a27
I/ActivityManager(  959): Displayed com.coship.cibn/.activity.CollectionsListActivity: +119ms
D/OpenGLRenderer( 1238): Flushing caches (mode 0)
D/SlideManagerRootImpl( 1238): slideTo = 2
D/HttpGetRequest( 1238): http://cibn-ido.longvisionmedia.com:8088/userCenter/getFavorite?version=V001&terminalType=2&resolution=1280*720&userCode=80007&userName=80007&pageSize=2147483647&curPage=1&authKey=f13e44c239266c0b73ce843f12821a27:status code = 200
D/Cache   ( 1238): save Cache:http://cibn-ido.longvisionmedia.com:8088/userCenter/getFavorite?version=V001&terminalType=2&resolution=1280*720&userCode=80007&userName=80007&pageSize=2147483647&curPage=1&authKey=f13e44c239266c0b73ce843f12821a27
D/Cache   ( 1238): getFilePath:/mnt/sdcard/temple/AFF80276C9FD25F2806C95E7C5A7724F
D/Cache   ( 1238): save json Cache temp_file:/mnt/sdcard/temple/AFF80276C9FD25F2806C95E7C5A7724F.tmp
D/Cache   ( 1238): Create dir fail:/mnt/sdcard/temple/
E/Cache   ( 1238): saveCache FileNotFoundException
W/System.err( 1238): java.io.FileNotFoundException: /mnt/sdcard/temple/AFF80276C9FD25F2806C95E7C5A7724F.tmp: open failed: EACCES (Permission denied)
W/System.err( 1238):    at libcore.io.IoBridge.open(IoBridge.java:406)
W/System.err( 1238):    at java.io.FileOutputStream.<init>(FileOutputStream.java:88)
W/System.err( 1238):    at java.io.FileOutputStream.<init>(FileOutputStream.java:128)
W/System.err( 1238):    at com.coship.cibn.common.Cache.saveCache(Cache.java:101)
W/System.err( 1238):    at com.coship.cibn.http.HttpGetRequest$1.run(HttpGetRequest.java:59)
W/System.err( 1238):    at java.lang.Thread.run(Thread.java:856)
W/System.err( 1238): Caused by: libcore.io.ErrnoException: open failed: EACCES (Permission denied)
W/System.err( 1238):    at libcore.io.Posix.open(Native Method)
W/System.err( 1238):    at libcore.io.BlockGuardOs.open(BlockGuardOs.java:110)
W/System.err( 1238):    at libcore.io.IoBridge.open(IoBridge.java:390)
W/System.err( 1238):    ... 5 more
D/HomePlayerLib( 1519): hostaddress count is 1
D/dalvikvm( 1519): GC_CONCURRENT freed 2096K, 35% free 11323K/17219K, paused 1ms+3ms
D/dalvikvm( 1519): GC_CONCURRENT freed 1929K, 33% free 11567K/17219K, paused 1ms+2ms

[ 3914.398971] IR: [03932] scan key value is 0xf10ec936 
[ 3914.398976]  
[ 3914.449570] IR: [03932] scan key value is 0xf10ec936 
[ 3914.449575]  W/ActivityManager(  959): Duplicate finish request for ActivityRecord{416bc728 com.coship.cibn/.activity.CollectionsListActivity}
D/OpenGLRenderer( 1238): Flushing caches (mode 0)

