D/InputEventConsistencyVerifier( 1238):   0: sent at 3865120000000, KeyEvent { action=ACTION_UP, keyCode=KEYCODE_DPAD_RIGHT, scanCode=106, metaState=0, flags=0x8, repeatCount=0, eventTime=3865120, downTime=3864908, deviceId=2, source=0x101 }
D/InputEventConsistencyVerifier( 1238):   -- recent events --
D/InputEventConsistencyVerifier( 1238):   1: sent at 3846779000000, (unhandled) KeyEvent { action=ACTION_DOWN, keyCode=KEYCODE_DPAD_LEFT, scanCode=105, metaState=0, flags=0x8, repeatCount=0, eventTime=3846779, downTime=3846779, deviceId=2, source=0x101 }
D/InputEventConsistencyVerifier( 1238):   2: sent at 3015056000000, KeyEvent { action=ACTION_UP, keyCode=KEYCODE_ENTER, scanCode=28, metaState=0, flags=0x8, repeatCount=0, eventTime=3015056, downTime=3014847, deviceId=2, source=0x101 }
D/InputEventConsistencyVerifier( 1238):   3: sent at 3014847000000, KeyEvent { action=ACTION_DOWN, keyCode=KEYCODE_ENTER, scanCode=28, metaState=0, flags=0x8, repeatCount=0, eventTime=3014847, downTime=3014847, deviceId=2, source=0x101 }
D/InputEventConsistencyVerifier( 1238):   4: sent at 3012720000000, (unhandled) KeyEvent { action=ACTION_UP, keyCode=KEYCODE_DPAD_RIGHT, scanCode=106, metaState=0, flags=0x80000008, repeatCount=0, eventTime=3012720, downTime=3012509, deviceId=2, source=0x101 }

[ 3865.319761] IR: [03932] scan key value is 0xeb14c936 
[ 3865.319766]  
[ 3865.370704] IR: [03932] scan key value is 0xeb14c936 
[ 3865.370709]  D/InputEventConsistencyVerifier( 1238): KeyEvent: ACTION_UP but key was not down.
D/InputEventConsistencyVerifier( 1238):   in com.coship.cibn.view.ScaleViewPanel@41f0b7e0
D/InputEventConsistencyVerifier( 1238):   0: sent at 3865536000000, KeyEvent { action=ACTION_UP, keyCode=KEYCODE_DPAD_RIGHT, scanCode=106, metaState=0, flags=0x8, repeatCount=0, eventTime=3865536, downTime=3865325, deviceId=2, source=0x101 }

[ 3866.485607] IR: [03932] scan key value is 0xec13c936 
[ 3866.485612]  
[ 3866.536845] IR: [03932] scan key value is 0xec13c936 
[ 3866.536850]  I/MainActivity( 1238): CIBN ---> onClick -> 52061
I/ActivityManager(  959): START {flg=0x10000000 cmp=com.coship.Multimedia/.main} from pid 1238
D/dalvikvm(  959): GC_FOR_ALLOC freed 356K, 65% free 3656K/10371K, paused 39ms
I/dalvikvm-heap(  959): Grow heap (frag case) to 8.171MB for 1048592-byte allocation
D/dalvikvm(  959): GC_FOR_ALLOC freed 16K, 56% free 4664K/10371K, paused 40ms
D/dalvikvm(  959): GC_CONCURRENT freed 7K, 56% free 4656K/10371K, paused 1ms+3ms
D/OpenGLRenderer( 1238): Flushing caches (mode 1)
D/MainActivity( 1238): position = 3
D/OpenGLRenderer( 1449): Flushing caches (mode 1)
D/MediaControler( 1449): onDestroy
D/VideoPlayer( 1449): onPlayStop
W/ActivityManager(  959): Duplicate finish request for ActivityRecord{416ec4b0 com.aidufei.movieonline/.player.VideoPlayer}
E/PhonePolicy( 1519): Could not preload class for phone policy: com.android.internal.policy.impl.PhoneWindow$ContextMenuCallback
D/OtOService( 1449): TVContentReceiver: ACTION_TV_CONTENT_CHANGED, playType: 0 ,resourceCode: null
D/OpenGLRenderer( 1238): Flushing caches (mode 0)
D/dalvikvm( 1519): GC_FOR_ALLOC freed 344K, 78% free 1321K/5827K, paused 14ms
I/dalvikvm-heap( 1519): Grow heap (frag case) to 5.890MB for 1048592-byte allocation
D/dalvikvm( 1519): GC_CONCURRENT freed 3K, 67% free 2342K/6915K, paused 1ms+0ms
D/dalvikvm( 1519): GC_FOR_ALLOC freed <1K, 67% free 2344K/6915K, paused 11ms
I/dalvikvm-heap( 1519): Grow heap (frag case) to 13.799MB for 8294416-byte allocation
D/dalvikvm( 1519): GC_FOR_ALLOC freed <1K, 31% free 10444K/15043K, paused 11ms
D/dalvikvm( 1519): GC_CONCURRENT freed 0K, 31% free 10444K/15043K, paused 1ms+1ms
D/TextLayoutCache( 1519): Using debug level: 0 - Debug Enabled: 0
V/Multimedia( 1519): +++++onCreate++++

[ 3867.836120] IR: [03932] scan key value is 0xf10ec936 
[ 3867.836125]  
[ 3867.886721] IR: [03932] scan key value is 0xf10ec936 
[ 3867.886725]  D/dalvikvm( 1519): GC_CONCURRENT freed 1262K, 31% free 11187K/16195K, paused 1ms+2ms
V/TabletStatusBar( 1143): setLightsOn(true)
I/AirplayService( 1519): in setAirplayDevName
I/Multimedia( 1519): onResume startServiceIntent
D/Multimedia_BackService( 1519): BackService onStart called
D/Multimedia_BackService( 1519): device Name:SmartBox33
I/AirplayService( 1519): in setAirplayDevName
D/InputEventConsistencyVerifier( 1519): KeyEvent: ACTION_UP but key was not down.
D/InputEventConsistencyVerifier( 1519):   in android.widget.FrameLayout@41f05740
D/InputEventConsistencyVerifier( 1519):   0: sent at 3868056000000, KeyEvent { action=ACTION_UP, keyCode=KEYCODE_BACK, scanCode=158, metaState=0, flags=0x8, repeatCount=0, eventTime=3868056, downTime=3867842, deviceId=2, source=0x101 }
I/ActivityManager(  959): Displayed com.coship.Multimedia/.main: +1s387ms
D/dalvikvm( 1519): GC_CONCURRENT freed 1848K, 33% free 11377K/16963K, paused 1ms+3ms

[ 3869.368964] IR: [03932] scan key value is 0xec13c936 
[ 3869.368969]  
[ 3869.420119] IR: [03932] scan key value is 0xec13c936 
[ 3869.420124]  D/HomePlayerLib( 1519): hostaddress count is 1
D/dalvikvm( 1519): GC_CONCURRENT freed 2045K, 35% free 11309K/17155K, paused 1ms+2ms
D/SlideManagerRootImpl( 1238): slideTo = 0
W/InputManagerService(  959): Starting input on non-focused client com.android.internal.view.IInputMethodClient$Stub$Proxy@41629d70 (uid=10006 pid=1238)
D/dalvikvm( 1519): GC_CONCURRENT freed 1896K, 34% free 11337K/17155K, paused 1ms+2ms

[ 3870.064185] IR: [03932] scan key value is 0xf10ec936 
[ 3870.064190]  V/Multimedia( 1519): ++++++onPause++++++

[ 3870.114861] IR: [03932] scan key value is 0xf10ec936 
[ 3870.114866]  W/InputManagerService(  959): Starting input on non-focused client com.android.internal.view.IInputMethodClient$Stub$Proxy@416477c8 (uid=1000 pid=1519)
D/InputEventConsistencyVerifier( 1238): KeyEvent: ACTION_UP but key was not down.
D/InputEventConsistencyVerifier( 1238):   in Handler (android.view.ViewRootImpl) {419dbce0}
D/InputEventConsistencyVerifier( 1238):   0: sent at 3870284000000, KeyEvent { action=ACTION_UP, keyCode=KEYCODE_BACK, scanCode=158, metaState=0, flags=0x8, repeatCount=0, eventTime=3870284, downTime=3870070, deviceId=2, source=0x101 }
D/InputEventConsistencyVerifier( 1238):   -- recent events --
D/InputEventConsistencyVerifier( 1238):   1: sent at 3866704000000, KeyEvent { action=ACTION_UP, keyCode=KEYCODE_ENTER, scanCode=28, metaState=0, flags=0x8, repeatCount=0, eventTime=3866704, downTime=3866491, deviceId=2, source=0x101 }
D/InputEventConsistencyVerifier( 1238):   2: sent at 3866491000000, KeyEvent { action=ACTION_DOWN, keyCode=KEYCODE_ENTER, scanCode=28, metaState=0, flags=0x8, repeatCount=0, eventTime=3866491, downTime=3866491, deviceId=2, source=0x101 }
D/InputEventConsistencyVerifier( 1238):   3: sent at 3865536000000, KeyEvent { action=ACTION_UP, keyCode=KEYCODE_DPAD_RIGHT, scanCode=106, metaState=0, flags=0x8, repeatCount=0, eventTime=3865536, downTime=3865325, deviceId=2, source=0x101 }
D/InputEventConsistencyVerifier( 1238):   4: sent at 3865325000000, KeyEvent { action=ACTION_DOWN, keyCode=KEYCODE_DPAD_RIGHT, scanCode=106, metaState=0, flags=0x8, repeatCount=0, eventTime=3865325, downTime=3865325, deviceId=2, source=0x101 }
D/InputEventConsistencyVerifier( 1238):   5: sent at 3865120000000, KeyEvent { action=ACTION_UP, keyCode=KEYCODE_DPAD_RIGHT, scanCode=106, metaState=0, flags=0x8, repeatCount=0, eventTime=3865120, downTime=3864908, deviceId=2, source=0x101 }
I/dalvikvm(  959): Jit: resizing JitTable from 8192 to 16384

[ 3870.953204] IR: [03932] scan key value is 0xed12c936 
[ 3870.953209]  
[ 3871.004785] IR: [03932] scan key value is 0xed12c936 
[ 3871.004789]  D/InputEventConsistencyVerifier( 1238): KeyEvent: ACTION_UP but key was not down.
D/InputEventConsistencyVerifier( 1238):   in com.coship.cibn.view.ScaleViewPanel@41ea40a0
D/InputEventConsistencyVerifier( 1238):   0: sent at 3871172000000, KeyEvent { action=ACTION_UP, keyCode=KEYCODE_DPAD_LEFT, scanCode=105, metaState=0, flags=0x8, repeatCount=0, eventTime=3871172, downTime=3870959, deviceId=2, source=0x101 }
D/InputEventConsistencyVerifier( 1238):   -- recent events --
D/InputEventConsistencyVerifier( 1238):   1: sent at 3865325000000, (unhandled) KeyEvent { action=ACTION_DOWN, keyCode=KEYCODE_DPAD_RIGHT, scanCode=106, metaState=0, flags=0x8, repeatCount=0, eventTime=3865325, downTime=3865325, deviceId=2, source=0x101 }
D/InputEventConsistencyVerifier( 1238):   2: sent at 3865120000000, (unhandled) KeyEvent { action=ACTION_UP, keyCode=KEYCODE_DPAD_RIGHT, scanCode=106, metaState=0, flags=0x80000008, repeatCount=0, eventTime=3865120, downTime=3864908, deviceId=2, source=0x101 }
V/Multimedia( 1519): +++++++onDestroy+++++

[ 3871.474655] IR: [03932] scan key value is 0xee11c936 
[ 3871.474660]  
[ 3871.526132] IR: [03932] scan key value is 0xee11c936 
[ 3871.526137]  D/InputEventConsistencyVerifier( 1238): KeyEvent: ACTION_UP but key was not down.
D/InputEventConsistencyVerifier( 1238):   in com.coship.cibn.view.ScaleViewPanel@4198e8b0
D/InputEventConsistencyVerifier( 1238):   0: sent at 3871696000000, KeyEvent { action=ACTION_UP, keyCode=KEYCODE_DPAD_UP, scanCode=103, metaState=0, flags=0x8, repeatCount=0, eventTime=3871696, downTime=3871480, deviceId=2, source=0x101 }
D/InputEventConsistencyVerifier( 1238):   -- recent events --
D/InputEventConsistencyVerifier( 1238):   1: sent at 3846779000000, (unhandled) KeyEvent { action=ACTION_DOWN, keyCode=KEYCODE_DPAD_LEFT, scanCode=105, metaState=0, flags=0x8, repeatCount=0, eventTime=3846779, downTime=3846779, deviceId=2, source=0x101 }
D/InputEventConsistencyVerifier( 1238):   2: sent at 3015056000000, KeyEvent { action=ACTION_UP, keyCode=KEYCODE_ENTER, scanCode=28, metaState=0, flags=0x8, repeatCount=0, eventTime=3015056, downTime=3014847, deviceId=2, source=0x101 }
D/InputEventConsistencyVerifier( 1238):   3: sent at 3014847000000, KeyEvent { action=ACTION_DOWN, keyCode=KEYCODE_ENTER, scanCode=28, metaState=0, flags=0x8, repeatCount=0, eventTim
[ 3871.839156] IR: [03932] scan key value is 0xec13c936 
[ 3871.839161]  e=3014847, downTime=3014847, deviceId=2, source=0x101 }
D/InputEventConsistencyVerifier( 1238):   4: sent at 3012720000000, (unhandled) KeyEvent { action=ACTION_UP, keyCode=KEYCODE_DPAD_RIGHT, scanCode=106, metaState=0, flags=0x80000008, repeatCount=0, eventTime=3012720, downTime=3012509, deviceId=2, source=0x101 }
I/MainActivity( 1238): CIBN ---> onClick -> 52058
I/ActivityManager(  959): START {cmp=com.coship.cibn/.activity.WatchHistoryActivity (has extras)} from pid 1238
W/WindowManager(  959): Token{41639648 ActivityRecord{416053e8 com.coship.cibn/.activity.WatchHistoryActivity}} failed creating starting window
W/WindowManager(  959): android.view.InflateException: Binary XML file line #34: Error inflating class <unknown>
W/WindowManager(  959):         at android.view.LayoutInflater.createView(LayoutInflater.java:606)
W/WindowManager(  959):         at com.android.internal.policy.impl.PhoneLayoutInflater.onCreateView(PhoneLayoutInflater.java:56)
W/WindowManager(  959):         at android.view.LayoutInflater.onCreateView(LayoutInflater.java:653)
W/WindowManager(  959):         at android.view.LayoutInflater.createViewFromTag(LayoutInflater.java:678)
W/WindowManager(  959):         at android.view.LayoutInflater.rInflate(LayoutInflater.java:739)
W/WindowManager(  959):         at android.view.LayoutInflater.inflate(LayoutInflater.java:489)
W/WindowManager(  959):         at android.view.LayoutInflater.inflate(LayoutInflater.java:396)
W/WindowManager(  959):         at android.view.LayoutInflater.inflate(LayoutInflater.java:352)
W/WindowManager(  959):         at com.android.internal.policy.impl.PhoneWindow.generateLayout(PhoneWindow.java:2707)
W/WindowManager(  959):         at com.android.internal.policy.impl.PhoneWindow.installDecor(PhoneWindow.java:2767)
W/WindowManager(  959):         at com.android.internal.policy.impl.PhoneWindow.getDecorView(PhoneWindow.java:1534)
W/WindowManager(  959):         at com.android.internal.policy.impl.PhoneWindowManager.addStartingWindow(PhoneWindowManager.java:1339)
W/WindowManager(  959):         at com.android.server.wm.WindowManagerService$H.handleMessage(WindowManagerService.java:6631)
W/WindowManager(  959):         at android.os.Handler.dispatchMessage(Handler.java:99)
W/WindowManager(  959):         at android.os.Looper.loop(Looper.java:137)
W/WindowManager(  959):         at com.android.server.wm.WindowManagerService$WMThread.run(WindowManagerService.java:704)
W/WindowManager(  959): Caused by: java.lang.reflect.InvocationTargetException
W/WindowManager(  959):         at java.lang.reflect.Constructor.constructNative(Native Method)
W/WindowManager(  959):         at java.lang.reflect.Constructor.newInstance(Constructor.java:417)
W/WindowManager(  959):         at android.view.LayoutInflater.createView(LayoutInflater.java:586)
W/WindowManager(  959):         ... 15 more
W/WindowManager(  959): Caused by: android.content.res.Resources$NotFoundException: Resource is not a Drawable (color or path): TypedValue{t=0x2/d=0x1010059 a=-1}
W/WindowManager(  959):         at android.content.res.Resources.loadDrawable(Resources.java:1897)
W/WindowManager(  959):         at android.content.res.TypedArray.getDrawable(TypedArray.java:601)
W/WindowManager(  959):         at android.widget.FrameLayout.<init>(FrameLayout.java:107)
W/WindowManager(  959):         at android.widget.FrameLayout.<init>(FrameLayout.java:95)
W/WindowManager(  959):         ... 18 more
I/**********( 1238): ************
V/HttpGetRequest( 1238): URL : http://cibn-ido.longvisionmedia.com:8088/userCenter/getBookMark?version=V001&terminalType=2&resolution=1280*720&userCode=80007&pageSize=1000&curPage=1&authKey=ecedb5606f13d155675d00cf96b17fc8
I/ActivityManager(  959): Displayed com.coship.cibn/.activity.WatchHistoryActivity: +110ms
D/OpenGLRenderer( 1238): Flushing caches (mode 0)
D/dalvikvm( 1519): GC_CONCURRENT freed 1937K, 34% free 11433K/17155K, paused 1ms+2ms
D/HttpGetRequest( 1238): http://cibn-ido.longvisionmedia.com:8088/userCenter/getBookMark?version=V001&terminalType=2&resolution=1280*720&userCode=80007&pageSize=1000&curPage=1&authKey=ecedb5606f13d155675d00cf96b17fc8:status code = 200
D/Cache   ( 1238): save Cache:http://cibn-ido.longvisionmedia.com:8088/userCenter/getBookMark?version=V001&terminalType=2&resolution=1280*720&userCode=80007&pageSize=1000&curPage=1&authKey=ecedb5606f13d155675d00cf96b17fc8
D/Cache   ( 1238): getFilePath:/mnt/sdcard/temple/4C2869A6010F4D3EDFE045DABB884E56
D/Cache   ( 1238): save json Cache temp_file:/mnt/sdcard/temple/4C2869A6010F4D3EDFE045DABB884E56.tmp
D/Cache   ( 1238): Create dir fail:/mnt/sdcard/temple/
E/Cache   ( 1238): saveCache FileNotFoundException
W/System.err( 1238): java.io.FileNotFoundException: /mnt/sdcard/temple/4C2869A6010F4D3EDFE045DABB884E56.tmp: open failed: EACCES (Permission denied)
W/System.err( 1238):    at libcore.io.IoBridge.open(IoBridge.java:406)
W/System.err( 1238):    at java.io.FileOutputStream.<init>(FileOutputStream.java:88)
W/System.err( 1238):    at java.io.FileOutputStream.<init>(FileOutputStream.java:128)
W/System.err( 1238):    at com.coship.cibn.common.Cache.saveCache(Cache.java:101)
W/System.err( 1238):    at com.coship.cibn.http.HttpGetRequest$1.run(HttpGetRequest.java:59)
W/System.err( 1238):    at java.lang.Thread.run(Thread.java:856)
W/System.err( 1238): Caused by: libcore.io.ErrnoException: open failed: EACCES (Permission denied)
W/System.err( 1238):    at libcore.io.Posix.open(Native Method)
W/System.err( 1238):    at libcore.io.BlockGuardOs.open(BlockGuardOs.java:110)
W/System.err( 1238):    at libcore.io.IoBridge.open(IoBridge.java:390)
W/System.err( 1238):    ... 5 more
D/SlideManagerRootImpl( 1238): slideTo = 1

[ 3877.786233] IR: [03932] scan key value is 0xea15c936 
[ 3877.786238]  E/WindowManager(  959): ##############################dispatchUnhandledKey

[ 3878.256388] IR: [03932] scan key value is 0xee11c936 
[ 3878.256393]  E/WindowManager(  959): ##############################dispatchUnhandledKey

[ 3878.307897] IR: [03932] scan key value is 0xee11c936 
[ 3878.307901]  
[ 3879.051322] IR: [03932] scan key value is 0xf10ec936 
[ 3879.051326]  
[ 3879.101960] IR: [03932] scan key value is 0xf10ec936 
[ 3879.101964]  W/ActivityManager(  959): Duplicate finish request for ActivityRecord{416053e8 com.coship.cibn/.activity.WatchHistoryActivity}
D/OpenGLRenderer( 1238): Flushing caches (mode 0)

[ 3879.877964] IR: [03932] scan key value is 0xed12c936 
[ 3879.877969]  
[ 3879.929449] IR: [03932] scan key value is 0xed12c936 
[ 3879.929454]  D/InputEventConsistencyVerifier( 1238): KeyEvent: ACTION_UP but key was not down.
D/InputEventConsistencyVerifier( 1238):   in android.support.v4.widget.StaggeredGridView@41e6fd98
D/InputEventConsistencyVerifier( 1238):   0: sent at 3880096000000, KeyEvent { action=ACTION_UP, keyCode=KEYCODE_DPAD_LEFT, scanCode=105, metaState=0, flags=0x8, repeatCount=0, eventTime=3880096, downTime=3879883, deviceId=2, source=0x101 }
D/InputEventConsistencyVerifier( 1238):   -- recent events --
D/InputEventConsistencyVerifier( 1238):   1: sent at 3864908000000, (unhandled) KeyEvent { action=ACTION_DOWN, keyCode=KEYCODE_DPAD_RIGHT, scanCode=106, metaState=0, flags=0x8, repeatCount=0, eventTime=3864908, downTime=3864908, deviceId=2, source=0x101 }
D/InputEventConsistencyVerifier( 1238):   2: sent at 3864880000000, (unhandled) KeyEvent { action=ACTION_UP, keyCode=KEYCODE_DPAD_RIGHT, scanCode=106, metaState=0, flags=0x8, repeatCount=0, eventTime=3864880, downTime=3864666, deviceId=2, source=0x101 }
D/InputEventConsistencyVerifier( 1238):   3: sent at 3864666000000, (unhandled) KeyEvent { action=ACTION_DOWN, keyCode=KEYCODE_DPAD_RIGHT, scanCode=106, metaState=0, flags=0x8, repeatCount=0, eventTime=3864666, downTime=3864666, deviceId=2, source=0x101 }
D/InputEventConsistencyVerifier( 1238):   4: sent at 3849368000000, KeyEvent { action=ACTION_UP, keyCode=KEYCODE_ENTER, scanCode=28, metaState=0, flags=0x8, repeatCount=0, eventTime=3849368, downTime=3849157, deviceId=2, source=0x101 }
D/InputEventConsistencyVerifier( 1238):   5: sent at 3849157000000, KeyEvent { action=ACTION_DOWN, keyCode=KEYCODE_ENTER, scanCode=28, metaState=0, flags=0x8, repeatCount=0, eventTime=3849157, downTime=3849157, deviceId=2, source=0x101 }
D/HomePlayer
[ 3880.281835] IR: [03932] scan key value is 0xed12c936 
[ 3880.281839]  Lib( 1519): hostaddress count is 1

[ 3880.333403] IR: [03932] scan key value is 0xed12c936 
[ 3880.333408]  D/dalvikvm( 1519): GC_CONCURRENT freed 2106K, 34% free 11400K/17219K, paused 10ms+21ms
D/InputEventConsistencyVerifier( 1238): KeyEvent: ACTION_UP but key was not down.
D/InputEventConsistencyVerifier( 1238):   in com.coship.cibn.view.ScaleViewPanel@41f147d0
D/InputEventConsistencyVerifier( 1238):   0: sent at 3880500000000, KeyEvent { action=ACTION_UP, keyCode=KEYCODE_DPAD_LEFT, scanCode=105, metaState=0, flags=0x8, repeatCount=0, eventTime=3880500, downTime=3880288, deviceId=2, source=0x101 }
D/InputEventConsistencyVerifier( 1238):   -- recent events --
D/InputEventConsistencyVerifier( 1238):   1: sent at 3848151000000, (unhandled) KeyEvent { action=ACTION_DOWN, keyCode=KEYCODE_DPAD_DOWN, scanCode=108, metaState=0, flags=0x8, repeatCount=0, eventTime=3848151, downTime=3848151, deviceId=2, source=0x101 }
D/InputEventConsistencyVerifier( 1238):   2: sent at 3847448000000, (unhandled) KeyEvent { action=ACTION_UP, keyCode=KEYCODE_DPAD_LEFT, scanCode=105, metaState=0, flags=0x80000008, repeatCount=0, eventTime=3847448, downTime=3847238, deviceId=2, source=0x101 }
D/InputEventConsistencyVerifier( 1238):   3: sent at 3010808000000, (unhandled) KeyEvent { action=ACTION_DOWN, keyCode=KEYCODE_DPAD_RIGHT, scanCode=106, metaState=0, flags=0x8, repeatCount=0, eventTime=3010808, downTime=3010808, deviceId=2, source=0x101 }
D/InputEventConsistencyVerifier( 1238):   4: sent at 3010516000000, (unhandled) KeyEvent { action=ACTION_UP, keyCode=KEYCODE_DPAD_RIGHT, scanCode=106, metaState=0, flags=0x80000008, repeatCount=0, eventTime=3010516, downTime=3010306, deviceId=2, source=0x101 }
D/dalvikvm( 1519): GC_CONCURRENT freed 2010K, 34% free 11435K/17219K, paused 1ms+3ms
D/SlideManagerRootImpl( 1238): slideTo = 2

[ 3881.674224] IR: [03932] scan key value is 0xea15c936 
[ 3881.674229]  
[ 3881.726056] IR: [03932] scan key value is 0xea15c936 
[ 3881.726061]  D/InputEventConsistencyVerifier( 1238): KeyEvent: ACTION_UP but key was not down.
D/InputEventConsistencyVerifier( 1238):   in com.coship.cibn.view.ScaleViewPanel@41f08668
D/InputEventConsistencyVerifier( 1238):   0: sent at 3881892000000, KeyEvent { action=ACTION_UP, keyCode=KEYCODE_DPAD_DOWN, scanCode=108, metaState=0, flags=0x8, repeatCount=0, eventTime=3881892, downTime=3881680, deviceId=2, source=0x101 }
D/InputEventConsistencyVerifier( 1238):   -- recent events --
D/InputEventConsistencyVerifier( 1238):   1: sent at 3864666000000, (unhandled) KeyEvent { action=ACTION_DOWN, keyCode=KEYCODE_DPAD_RIGHT, scanCode=106, metaState=0, flags=0x8, repeatCount=0, eventTime=3864666, downTime=3864666, deviceId=2, source=0x101 }
D/InputEventConsistencyVerifier( 1238):   2: sent at 3849368000000, KeyEvent { action=ACTION_UP, keyCode=KEYCODE_ENTER, scanCode=28, metaState=0, flags=0x8, repeatCount=0, eventTime=3849368, downTime=3849157, deviceId=2, source=0x101 }
D/InputEventConsistencyVerifier( 1238):   3: sent at 3849157000000, KeyEvent { action=ACTION_DOWN, keyCode=KEYCODE_ENTER, scanCode=28, metaState=0, flags=0x8, repeatCount=0, eventTime=3849157, downTime=3849157, deviceId=2, source=0x101 }
D/InputEventConsistencyVerifier( 1238):   4: sent at 3848364000000, (unhandled) KeyEvent { action=ACTION_UP, keyCode=KEYCODE_DPAD_DOWN, scanCode=108, metaState=0, flags=0x80000008, repeatCount=0, eventTime=3848364, downTime=3848151, deviceId=2, source=0x101 }
D/MainActivity( 1238): position = 2

[ 3882.276031] IR: [03932] scan key value is 0xed12c936 
[ 3882.276036]  
[ 3882.327528] IR: [03932] scan key value is 0xed12c936 
[ 3882.327533]  D/InputEventConsistencyVerifier( 1238): KeyEvent: ACTION_UP but key was not down.
D/InputEventConsistencyVerifier( 1238):   in com.coship.cibn.view.ScaleViewPanel@419785d0
D/InputEventConsistencyVerifier( 1238):   0: sent at 3882496000000, KeyEvent { action=ACTION_UP, keyCode=KEYCODE_DPAD_LEFT, scanCode=105, metaState=0, flags=0x8, repeatCount=0, eventTime=3882496, downTime=3882282, deviceId=2, source=0x101 }
D/InputEventConsistencyVerifier( 1238):   -- recent events --
D/InputEventConsistencyVerifier( 1238):   1: sent at 3010306000000, (unhandled) KeyEvent { action=ACTION_DOWN, keyCode=KEYCODE_DPAD_RIGHT, scanCode=106, metaState=0, flags=0x8, repeatCount=0, eventTime=3010306, downTime=3010306, deviceId=2, source=0x101 }
D/InputEventConsistencyVerifier( 1238):   2: sent at 3009252000000, (unhandled) KeyEvent { action=ACTION_UP, keyCode=KEYCODE_DPAD_RIGHT, scanCode=106, metaState=0, flags=0x80000008, repeatCount=0, eventTime=3009252, downTime=3009042, deviceId=2, source=0x101 }
D/dalvikvm( 1238): GC_EXPLICIT freed 1361K, 15% free 29827K/34883K, paused 2ms+16ms
E/StrictMode( 1238): class com.coship.cibn.activity.WatchHistoryActivity; instances=2; limit=1
E/StrictMode( 1238): android.os.StrictMode$InstanceCountViolation: class com.coship.cibn.activity.WatchHistoryActivity; instances=2; limit=1
E/StrictMode( 1238):    at android.os.StrictMode.setClassInstanceLimit(StrictMode.java:1)

[ 3883.482270] IR: [03932] scan key value is 0xea15c936 
[ 3883.482275]  
[ 3883.534041] IR: [03932] scan key value is 0xea15c936 
[ 3883.534046]  D/InputEventConsistencyVerifier( 1238): KeyEvent: ACTION_UP but key was not down.
D/InputEventConsistencyVerifier( 1238):   in com.coship.cibn.view.ScaleViewPanel@41f039d8
D/InputEventConsistencyVerifier( 1238):   0: sent at 3883700000000, KeyEvent { action=ACTION_UP, keyCode=KEYCODE_DPAD_DOWN, scanCode=108, metaState=0, flags=0x8, repeatCount=0, eventTime=3883700, downTime=3883488, deviceId=2, source=0x101 }

[ 3884.315972] IR: [03932] scan key value is 0xec13c936 
[ 3884.315977]  
[ 3884.367151] IR: [03932] scan key value is 0xec13c936 
[ 3884.367156]  I/ActivityManager(  959): START {act=com.aidufei.programDetail cmp=com.aidufei.movieonline/.ProgramDetailActivity (has extras)} from pid 1238
D/ProgramDetailActivity( 1449): -- onCreate --
D/dalvikvm( 1449): GC_FOR_ALLOC freed 6874K, 62% free 13931K/36227K, paused 31ms
I/dalvikvm-heap( 1449): Grow heap (frag case) to 20.721MB for 3686416-byte allocation
D/dalvikvm( 1449): GC_CONCURRENT freed 8K, 52% free 17523K/36227K, paused 2ms+3ms
D/Test    ( 1449): request Url  :http://cibn-ido.longvisionmedia.com:8088/userCenter/getFavorite?version=V001&terminalType=1&resolution=1280*720&userCode=201303191947&userName=201303191947&authKey=4d204bdbd0e79418752f89472fa2a644
D/com.aidufei.movieonline.BaseActivity$getAuthResult :148
        ( 1449): get terminal msg from db!
D/com.aidufei.movieonline.BaseActivity$getAuthResult :182
        ( 1449): get getAuthResultl msg from db!201303191947
D/ProgramDetailActivity( 1449): start load program details.
D/ProgramDetailActivity( 1449): -- onResume --
E/Test    ( 1449): authResult:201303191947
W/InputManagerService(  959): Starting input on non-focused client com.android.internal.view.IInputMethodClient$Stub$Proxy@41629d70 (uid=10006 pid=1238)
I/ActivityManager(  959): Displayed com.aidufei.movieonline/.ProgramDetailActivity: +421ms
D/dalvikvm( 1519): GC_CONCURRENT freed 2021K, 34% free 11442K/17219K, paused 1ms+2ms
D/dalvikvm( 1449): GC_CONCURRENT freed 770K, 49% free 18696K/36227K, paused 1ms+6ms
D/Test    ( 1449): request Url  :http://cibn-ido.longvisionmedia.com:8088/msis/getAssetDetail?version=V001&terminalType=1&resolution=1280*720&resourceCode=12558&userCode=201303191947&authKey=ac583a42d140ac6c4163e6c619b7f3dd

[ 3886.174576] IR: [03932] scan key value is 0xec13c936 
[ 3886.174581]  
[ 3886.225761] IR: [03932] scan key value is 0xec13c936 
[ 3886.225767]  I/ProgramDetailActivity( 1449): movie count:1
D/Test    ( 1449): request Url  :http://cibn-ido.longvisionmedia.com:8088/msis/getAssetList?version=V001&terminalType=1&resolution=1280*720&pageSize=10&curPage=1&userCode=201303191947&queryType=3&catalogId=&isRecommend=&assetType=&originName=&publishDate=&orderTag=2&authKey=5a056ca80ff1e99f15f2e3628d35025c
I/ActivityManager(  959): START {flg=0x78000000 cmp=com.aidufei.movieonline/.player.VideoPlayer (has extras)} from pid 1449
D/ProgramDetailActivity( 1449): -- onRestart --
D/OpenGLRenderer( 1238): Flushing caches (mode 1)
D/OpenGLRenderer( 1238): Flushing caches (mode 0)
D/dalvikvm( 1449): GC_FOR_ALLOC freed 4359K, 56% free 16125K/36227K, paused 24ms
D/dalvikvm( 1449): GC_FOR_ALLOC freed 365K, 54% free 16938K/36227K, paused 19ms
W/MediaPlayer.java( 1449): setScreenOnWhilePlaying(true) is ineffective without a SurfaceHolder
I/VideoPlayer( 1449): playSource:2
I/VideoPlayer( 1449): getLivePlayEvent playEvent:null
I/VideoPlayer( 1449): providerId:CIBN2013/assertName:/assertId:CIBN2013040100001034/resourceCode:12558
E/VideoPlayer( 1449): getADsResource:CIBN2013040100001034/CIBN2013
D/dalvikvm( 1449): GC_CONCURRENT freed 366K, 49% free 18508K/36227K, paused 2ms+3ms
D/OtOService( 1449): TVContentReceiver: ACTION_TV_CONTENT_CHANGED, playType: 1 ,resourceCode: 12558
D/MediaControler( 1449): surfaceChanged
I/ActivityManager(  959): Displayed com.aidufei.movieonline/.player.VideoPlayer: +385ms
D/OpenGLRenderer( 1449): Flushing caches (mode 0)
D/ProgramDetailActivity( 1449): initRelateResource:10
D/Test    ( 1449): request Url  :http://cibn-ido.longvisionmedia.com:8088/userCenter/getBookMark?version=V001&terminalType=1&resolution=1280*720&userCode=201303191947&userName=201303191947&ResourceCode=12558&authKey=a6047c5bcdfa00d3c09ec626b185bca0
D/SlideManagerRootImpl( 1238): slideTo = 3
D/HomePlayerLib( 1519): hostaddress count is 1
D/dalvikvm( 1519): GC_CONCURRENT freed 2046K, 35% free 11323K/17219K, paused 1ms+2ms
D/dalvikvm( 1519): GC_CONCURRENT freed 1934K, 34% free 11370K/17219K, paused 1ms+2ms
E/Test    ( 1449): result:
E/        ( 1449): get vaddr failed:pvaddr_read=0x61d60000,pvaddr_internal=0x61e60000,pvaddr_write=0x0
D/dalvikvm( 1449): GC_CONCURRENT freed 1226K, 47% free 19329K/36227K, paused 2ms+3ms
D/dalvikvm( 1449): GC_FOR_ALLOC freed 966K, 45% free 20156K/36227K, paused 22ms
I/dalvikvm-heap( 1449): Grow heap (frag case) to 25.284MB for 2097168-byte allocation
D/dalvikvm( 1449): GC_CONCURRENT freed 0K, 39% free 22204K/36227K, paused 1ms+7ms
D/dalvikvm( 1519): GC_CONCURRENT freed 1985K, 34% free 11427K/17219K, paused 1ms+2ms
D/Test    ( 1449): request Url  :http://cibn-app.longvisionmedia.com:8080/ads/vodAdDeliveryMgr.action?assetId=CIBN2013040100001034&providerId=CIBN2013&authKey=65fc74da49939f9581b589c65592748c
D/HttpClient( 1449): 
E/VideoPlayer( 1449): parseAdsJson:null
D/VideoPlayer( 1449): subId:---resourceCode:12558---timeCode:0---assertId:---providerId:
D/Test    ( 1449): request Url  :http://cibn-ido.longvisionmedia.com:8088/msis/getPlayURL?version=V001&terminalType=2&resolution=1280*720&resourceCode=12558&playType=1&delay=0&shifttime=0&shiftend=0&timecode=0&assetID=&providerID=&urlType=3&authKey=16badb343dcf68ae09b3e2735c4f53f2
D/VideoPlayer( 1449): play url:http://cibn-iss1.longvisionmedia.com:8088/vod/CIBN2013,CIBN2013040100001034.m3u8?fmt=x264_0k_mpegts&sora=1&timecode=0&sk=92EE06DCD88895EA1A1411794DF884B1&UUID=0354ac5c-926c-4332-9c85-6efbb68f4eba&userCode=default&userName=default&spCode=484581254562&productCode=1&resourceCode=12558&subId=123&resourceName=&authType=2
D/dalvikvm( 1519): GC_CONCURRENT freed 2036K, 34% free 11436K/17219K, paused 3ms+2ms
D/SlideManagerRootImpl( 1238): slideTo = 4
D/MediaPlayerService(  744):  Create MstarPlayer
D/MstarPlayer(  744): Create MstarPlayer:0x147d30,Version:Release Mstar player lib Version:0015,Base CL:690305  Date:2012/11/06
D/MstarPlayer(  744): TV Local Time :  Fri Apr 12 00:31:55 2013
D/MstarPlayer(  744):  
D/MstarPlayer(  744): setInstance: 0x147d30
D/MstarPlayer(  744): mstar player set listener
D/MstarPlayer(  744): MstarPlayer::initCheck
D/MediaPlayerService(  744): [14] setVideoSurfaceTexture(0x36da20)
D/MstarPlayer(  744): MstarPlayer::setVideoSurfaceTexture 
D/MstarPlayer(  744): open mHwcFifoFD = 13
D/MstarPlayer(  744): MstarPlayer::prepareAsync
D/MstarPlayer(  744): 
D/MstarPlayer(  744):  MstarPlayer::doSetDataSource
D/MstarPlayer(  744): MstarPlayer::clearAllSource
D/MstarPlayer(  744): 
D/MstarPlayer(  744):  MstarPlayer::doSetDataSource: url=http://cibn-iss1.longvisionmedia.com:8088/vod/CIBN2013,CIBN2013040100001034.m3u8?fmt=x264_0k_mpegts&sora=1&timecode=0&sk=92EE06DCD88895EA1A1411794DF884B1&UUID=0354ac5c-926c-4332-9c85-6efbb68f4eba&userCode=default&userName=default&spCode=484581254562&productCode=1&resourceCode=12558&subId=123&resourceName=&authType=2
D/Downloader(  744): Release Mstar Content Source CL:493363  Date:2013/03/20
D/Downloader(  744): Curl Version:libcurl/7.21.7 OpenSSL/1.0.0e
D/Downloader(  744): [downloadThread]init a multi curl done.curlm:0x52180 pRingBuffer:0x67c958
D/DataSource_M3U8(  744): bg thread ready to run
D/DataSource_M3U8(  744): [M3U8]ContentSource_M3U8 contruct done
D/DataSource_M3U8(  744): [M3U8] try parseURLs=http://cibn-iss1.longvisionmedia.com:8088/vod/CIBN2013,CIBN2013040100001034.m3u8?fmt=x264_0k_mpegts&sora=1&timecode=0&sk=92EE06DCD88895EA1A1411794DF884B1&UUID=0354ac5c-926c-4332-9c85-6efbb68f4eba&userCode=default&userName=default&spCode=484581254562&productCode=1&resourceCode=12558&subId=123&resourceName=&authType=2
D/DataSource_M3U8(  744): bg thread ready to run
D/Downloader(  744): [downloadThread]Downloader::removeTask  
D/DataSource_M3U8(  744): bg thread 6827896
D/Downloader(  744): Content-Type: application/octet-stream
D/Downloader(  744): 
D/Downloader(  744): Content-Length: 97
D/Downloader(  744): 
D/Downloader(  744): Downloadserver bandWidth:223
D/Downloader(  744): Downloadserver bandWidth:223
D/Downloader(  744): Downloadserver bandWidth:223
D/Downloader(  744): Downloadserver bandWidth:223
D/DataSource_M3U8(  744): parseURLs : waiting 3440 ms 
D/DataSource_M3U8(  744):  mDownloadingTask.fileSize:97 
D/DataSource_M3U8(  744): [M3U8] file: NULL line 
D/DataSource_M3U8(  744): HLS=====>> Live Stream!!!!
D/DataSource_M3U8(  744):  bMultAlterBandwidthStream = 1  urlNum=1 
D/Downloader(  744): [downloadThread]background worker recv DOWNLOADER_COMMAND_REMOVE_TASK
D/Downloader(  744): [downloadThread]Downloader::removeTask  
D/Downloader(  744): [downloadThread]DOWNLOADER_COMMAND_REMOVE_TASK done
D/DataSource_M3U8(  744): 
D/DataSource_M3U8(  744): 
D/DataSource_M3U8(  744): 
D/DataSource_M3U8(  744): ============Begin to get playlist !!=====================
D/DataSource_M3U8(  744): 
D/DataSource_M3U8(  744): 
D/DataSource_M3U8(  744): [M3U8] try parseURLs=http://cibn-iss1.longvisionmedia.com:8088/vod/CIBN2013_CIBN2013040100001034_1200.m3u8
D/Downloader(  744): [downloadThread]Downloader::removeTask  
D/Downloader(  744): Content-Type: application/octet-stream
D/Downloader(  744): 
D/Downloader(  744): Content-Length: 57544
D/Downloader(  744): 
D/DataSource_M3U8(  744): 
D/DataSource_M3U8(  744):  connect Server :cibn-iss1.longvisionmedia.com
D/DataSource_M3U8(  744): parseM3U8 .......!
D/DataSource_M3U8(  744): [M3U8] file: NULL line 
D/DataSource_M3U8(  744): HLS=====>> Live Stream!!!!
D/Downloader(  744): Downloadserver bandWidth:807635
D/Downloader(  744): Downloadserver bandWidth:807635
D/Downloader(  744): Downloadserver bandWidth:807635
D/Downloader(  744): Downloadserver bandWidth:807635
D/DataSource_M3U8(  744): parseURLs : waiting 570 ms 
D/DataSource_M3U8(  744):  mDownloadingTask.fileSize:57544 
D/dalvikvm(  959): GC_CONCURRENT freed 1840K, 64% free 3753K/10371K, paused 2ms+5ms
D/DataSource_M3U8(  744): [M3U8]clear mFragements[0]
D/DataSource_M3U8(  744): 
D/DataSource_M3U8(  744):  update  playlist[2] ==>> mediaSequence : 0   url = http://cibn-iss1.longvisionmedia.com:8088/vod/CIBN2013_CIBN2013040100001034_12001400/1.ts   
D/DataSource_M3U8(  744): 
D/DataSource_M3U8(  744):  update  playlist[3] ==>> mediaSequence : 0   url = http://cibn-iss1.longvisionmedia.com:8088/vod/CIBN2013_CIBN2013040100001034_12001400/2.ts   
D/DataSource_M3U8(  744): 
D/DataSource_M3U8(  744):  update  playlist[4] ==>> mediaSequence : 0   url = http://cibn-iss1.longvisionmedia.com:8088/vod/CIBN2013_CIBN2013040100001034_12001400/3.ts   
D/DataSource_M3U8(  744): 
D/DataSource_M3U8(  744):  update  playlist[5] ==>> mediaSequence : 0   url = http://cibn-iss1.longvisionmedia.com:8088/vod/CIBN2013_CIBN2013040100001034_12001400/4.ts   
D/DataSource_M3U8(  744): 
D/DataSource_M3U8(  744):  update  playlist[6] ==>> mediaSequence : 0   url = http://cibn-iss1.longvisionmedia.com:8088/vod/CIBN2013_CIBN2013040100001034_12001400/5.ts   
D/DataSource_M3U8(  744): 
D/DataSource_M3U8(  744):  update  playlist[7] ==>> mediaSequence : 0   url = http://cibn-iss1.longvisionmedia.com:8088/vod/CIBN2013_CIBN2013040100001034_12001400/6.ts   
D/DataSource_M3U8(  744): 
D/DataSource_M3U8(  744):  update  playlist[8] ==>> mediaSequence : 0   url = http://cibn-iss1.longvisionmedia.com:8088/vod/CIBN2013_CIBN2013040100001034_12001400/7.ts   
D/DataSource_M3U8(  744): 
D/DataSource_M3U8(  744):  update  playlist[9] ==>> mediaSequence : 0   url = http://cibn-iss1.longvisionmedia.com:8088/vod/CIBN2013_CIBN2013040100001034_12001400/8.ts   
D/DataSource_M3U8(  744): 
D/DataSource_M3U8(  744):  update  playlist[10] ==>> mediaSequence : 0   url = http://cibn-iss1.longvisionmedia.com:8088/vod/CIBN2013_CIBN2013040100001034_12001400/9.ts   
D/DataSource_M3U8(  744): 
D/DataSource_M3U8(  744):  update  playlist[11] ==>> mediaSequence : 0   url = http://cibn-iss1.longvisionmedia.com:8088/vod/CIBN2013_CIBN2013040100001034_12001400/10.ts   
D/DataSource_M3U8(  744): 
D/DataSource_M3U8(  744):  update  playlist[12] ==>> mediaSequence : 0   url = http://cibn-iss1.longvisionmedia.com:8088/vod/CIBN2013_CIBN2013040100001034_12001400/11.ts   
D/DataSource_M3U8(  744): 
D/DataSource_M3U8(  744):  update  playlist[13] ==>> mediaSequence : 0   url = http://cibn-iss1.longvisionmedia.com:8088/vod/CIBN2013_CIBN2013040100001034_12001400/12.ts   
D/DataSource_M3U8(  744): 
D/DataSource_M3U8(  744):  update  playlist[14] ==>> mediaSequence : 0   url = http://cibn-iss1.longvisionmedia.com:8088/vod/CIBN2013_CIBN2013040100001034_12001400/13.ts   
D/DataSource_M3U8(  744): 
D/DataSource_M3U8(  744):  update  playlist[15] ==>> mediaSequence : 0   url = http://cibn-iss1.longvisionmedia.com:8088/vod/CIBN2013_CIBN2013040100001034_12001400/14.ts   
D/DataSource_M3U8(  744): 
D/DataSource_M3U8(  744):  update  playlist[16] ==>> mediaSequence : 0   url = http://cibn-iss1.longvisionmedia.com:8088/vod/CIBN2013_CIBN2013040100001034_12001400/15.ts   
D/DataSource_M3U8(  744): 
D/DataSource_M3U8(  744):  update  playlist[17] ==>> mediaSequence : 0   url = http://cibn-iss1.longvisionmedia.com:8088/vod/CIBN2013_CIBN2013040100001034_12001400/16.ts   
D/DataSource_M3U8(  744): 
D/DataSource_M3U8(  744):  update  playlist[18] ==>> mediaSequence : 0   url = http://cibn-iss1.longvisionmedia.com:8088/vod/CIBN2013_CIBN2013040100001034_12001400/17.ts   
D/DataSource_M3U8(  744): 
D/DataSource_M3U8(  744):  update  playlist[19] ==>> mediaSequence : 0   url = http://cibn-iss1.longvisionmedia.com:8088/vod/CIBN2013_CIBN2013040100001034_12001400/18.ts   
D/DataSource_M3U8(  744): 
D/DataSource_M3U8(  744):  update  playlist[20] ==>> mediaSequence : 0   url = http://cibn-iss1.longvisionmedia.com:8088/vod/CIBN2013_CIBN2013040100001034_12001400/19.ts   
D/DataSource_M3U8(  744): 
D/DataSource_M3U8(  744):  update  playlist[1] ==>> mediaSequence : 0   url = http://cibn-iss1.longvisionmedia.com:8088/vod/CIBN2013_CIBN2013040100001034_12001400/20.ts   
D/DataSource_M3U8(  744): 
D/DataSource_M3U8(  744):  update  playlist[2] ==>> mediaSequence : 0   url = http://cibn-iss1.longvisio
[ 3898.511635] [irq_proc_open][373] -16
nmedia.com:8088/vod/CIBN2013_CIBN2013040100001034_12001400/21.ts   
D/DataSource_M3U8(  744): 
D/DataSource_M3U8(  744):  update  playlist[3] ==>> mediaSequence : 0   url = http://cibn-iss1.longvisionmedia.com:8088/vod/CIBN2013_CIBN2013040100001034_12001400/22.ts   
D/DataSource_M3U8(  744): 
D/DataSource_M3U8(  744):  update  playlist[2] ==>> mediaSequence : 0   url = http://cibn-iss1.longvisionmedia.com:8088/vod/CIBN2013_CIBN2013040100001034_12001400/701.ts   
D/DataSource_M3U8(  744): 
D/DataSource_M3U8(  744):  update  playlist[3] ==>> mediaSequence : 0   url = http://cibn-iss1.longvisionmedia.com:8088/vod/CIBN2013_CIBN2013040100001034_12001400/702.ts   
D/DataSource_M3U8(  744): 
D/DataSource_M3U8(  744):  update  playlist[4] ==>> mediaSequence : 0   url = http://cibn-iss1.longvisionmedia.com:8088/vod/CIBN2013_CIBN2013040100001034_12001400/703.ts   
D/DataSource_M3U8(  744): 
D/DataSource_M3U8(  744):  update  playlist[5] ==>> mediaSequence : 0   url = http://cibn-iss1.longvisionmedia.com:8088/vod/CIBN2013_CIBN2013040100001034_12001400/704.ts   
D/DataSource_M3U8(  744): 
D/DataSource_M3U8(  744):  update  playlist[6] ==>> mediaSequence : 0   url = http://cibn-iss1.longvisionmedia.com:8088/vod/CIBN2013_CIBN2013040100001034_12001400/705.ts   
D/DataSource_M3U8(  744): 
D/DataSource_M3U8(  744):  update  playlist[7] ==>> mediaSequence : 0   url = http://cibn-iss1.longvisionmedia.com:8088/vod/CIBN2013_CIBN2013040100001034_12001400/706.ts   
D/DataSource_M3U8(  744): 
D/DataSource_M3U8(  744):  update  playlist[8] ==>> mediaSequence : 0   url = http://cibn-iss1.longvisionmedia.com:8088/vod/CIBN2013_CIBN2013040100001034_12001400/707.ts   
D/DataSource_M3U8(  744): 
D/DataSource_M3U8(  744):  update  playlist[9] ==>> mediaSequence : 0   url = http://cibn-iss1.longvisionmedia.com:8088/vod/CIBN2013_CIBN2013040100001034_12001400/708.ts   
D/DataSource_M3U8(  744): 
D/DataSource_M3U8(  744):  update  playlist[10] ==>> mediaSequence : 0   url = http://cibn-iss1.longvisionmedia.com:8088/vod/CIBN2013_CIBN2013040100001034_12001400/709.ts   
D/DataSource_M3U8(  744): 
D/DataSource_M3U8(  744):  update  playlist[11] ==>> mediaSequence : 0   url = http://cibn-iss1.longvisionmedia.com:8088/vod/CIBN2013_CIBN2013040100001034_12001400/710.ts   
D/DataSource_M3U8(  744): 
D/DataSource_M3U8(  744):  update  playlist[12] ==>> mediaSequence : 0   url = http://cibn-iss1.longvisionmedia.com:8088/vod/CIBN2013_CIBN2013040100001034_12001400/711.ts   
D/DataSource_M3U8(  744): 
D/DataSource_M3U8(  744):  update  playlist[13] ==>> mediaSequence : 0   url = http://cibn-iss1.longvisionmedia.com:8088/vod/CIBN2013_CIBN2013040100001034_12001400/712.ts   
D/DataSource_M3U8(  744): 
D/DataSource_M3U8(  744):  update  playlist[14] ==>> mediaSequence : 0   url = http://cibn-iss1.longvisionmedia.com:8088/vod/CIBN2013_CIBN2013040100001034_12001400/713.ts   
D/DataSource_M3U8(  744): 
D/DataSource_M3U8(  744):  update  playlist[15] ==>> mediaSequence : 0   url = http://cibn-iss1.longvisionmedia.com:8088/vod/CIBN2013_CIBN2013040100001034_12001400/714.ts   
D/DataSource_M3U8(  744): 
D/DataSource_M3U8(  744):  update  playlist[16] ==>> mediaSequence : 0   url = http://cibn-iss1.longvisionmedia.com:8088/vod/CIBN2013_CIBN2013040100001034_12001400/715.ts   
D/DataSource_M3U8(  744): 
D/DataSource_M3U8(  744):  update  playlist[17] ==>> mediaSequence : 0   url = http://cibn-iss1.longvisionmedia.com:8088/vod/CIBN2013_CIBN2013040100001034_12001400/716.ts   
D/DataSource_M3U8(  744): 
D/DataSource_M3U8(  744):  update  playlist[18] ==>> mediaSequence : 0   url = http://cibn-iss1.longvisionmedia.com:8088/vod/CIBN2013_CIBN2013040100001034_12001400/717.ts   
D/DataSource_M3U8(  744): 
D/DataSource_M3U8(  744):  update  playlist[19] ==>> mediaSequence : 0   url = http://cibn-iss1.longvisionmedia.com:8088/vod/CIBN2013_CIBN2013040100001034_12001400/718.ts   
D/DataSource_M3U8(  744): 
D/DataSource_M3U8(  744):  update  playlist[20] ==>> mediaSequence : 0   url = http://cibn-iss1.longvisionmedia.com:8088/vod/CIBN2013_CIBN2013040100001034_12001400/719.ts   
D/DataSource_M3U8(  744): 
D/DataSource_M3U8(  744):  update  playlist[8] ==>> mediaSequence : 0   url = http://cibn-iss1.longvisionmedia.com:8088/vod/CIBN2013_CIBN2013040100001034_12001400/727.ts   
D/DataSource_M3U8(  744): 
D/DataSource_M3U8(  744):  update  playlist[9] ==>> mediaSequence : 0   url = http://cibn-iss1.longvisionmedia.com:8088/vod/CIBN2013_CIBN2013040100001034_12001400/728.ts   
D/DataSource_M3U8(  744): 
D/DataSource_M3U8(  744):  update  playlist[10] ==>> mediaSequence : 0   url = http://cibn-iss1.longvisionmedia.com:8088/vod/CIBN2013_CIBN2013040100001034_12001400/729.ts   
D/DataSource_M3U8(  744): 
D/DataSource_M3U8(  744):  update  playlist[11] ==>> mediaSequence : 0   url = http://cibn-iss1.longvisionmedia.com:8088/vod/CIBN2013_CIBN2013040100001034_12001400/730.ts   
D/DataSource_M3U8(  744): 
D/DataSource_M3U8(  744):  update  playlist[12] ==>> mediaSequence : 0   url = http://cibn-iss1.longvisionmedia.com:8088/vod/CIBN2013_CIBN2013040100001034_12001400/731.ts   
D/DataSource_M3U8(  744): 
D/DataSource_M3U8(  744):  update  playlist[13] ==>> mediaSequence : 0   url = http://cibn-iss1.longvisionmedia.com:8088/vod/CIBN2013_CIBN2013040100001034_12001400/732.ts   
D/DataSource_M3U8(  744): 
D/DataSource_M3U8(  744):  update  playlist[14] ==>> mediaSequence : 0   url = http://cibn-iss1.longvisionmedia.com:8088/vod/CIBN2013_CIBN2013040100001034_12001400/733.ts   
D/DataSource_M3U8(  744): 
D/DataSource_M3U8(  744):  update  playlist[15] ==>> mediaSequence : 0   url = http://cibn-iss1.longvisionmedia.com:8088/vod/CIBN2013_CIBN2013040100001034_12001400/734.ts   
D/DataSource_M3U8(  744): 
D/DataSource_M3U8(  744):  update  playlist[16] ==>> mediaSequence : 0   url = http://cibn-iss1.longvisionmedia.com:8088/vod/CIBN2013_CIBN2013040100001034_12001400/735.ts   
D/DataSource_M3U8(  744): 
D/DataSource_M3U8(  744):  update  playlist[17] ==>> mediaSequence : 0   url = http://cibn-iss1.longvisionmedia.com:8088/vod/CIBN2013_CIBN2013040100001034_12001400/736.ts   
D/DataSource_M3U8(  744): 
D/DataSource_M3U8(  744):  update  playlist[18] ==>> mediaSequence : 0   url = http://cibn-iss1.longvisionmedia.com:8088/vod/CIBN2013_CIBN2013040100001034_12001400/737.ts   
D/DataSource_M3U8(  744): 
D/DataSource_M3U8(  744):  update  playlist[19] ==>> mediaSequence : 0   url = http://cibn-iss1.longvisionmedia.com:8088/vod/CIBN2013_CIBN2013040100001034_12001400/738.ts   
D/DataSource_M3U8(  744): 
D/DataSource_M3U8(  744):  update  playlist[20] ==>> mediaSequence : 0   url = http://cibn-iss1.longvisionmedia.com:8088/vod/CIBN2013_CIBN2013040100001034_12001400/739.ts   
D/DataSource_M3U8(  744): 
D/DataSource_M3U8(  744):  update  playlist[1] ==>> mediaSequence : 0   url = http://cibn-iss1.longvisionmedia.com:8088/vod/CIBN2013_CIBN2013040100001034_12001400/740.ts   
D/DataSource_M3U8(  744): 
D/DataSource_M3U8(  744):  update  playlist[2] ==>> mediaSequence : 0   url = http://cibn-iss1.longvisionmedia.com:8088/vod/CIBN2013_CIBN2013040100001034_12001400/741.ts   
D/DataSource_M3U8(  744): 
D/DataSource_M3U8(  744):  update  playlist[3] ==>> mediaSequence : 0   url = http://cibn-iss1.longvisionmedia.com:8088/vod/CIBN2013_CIBN2013040100001034_12001400/742.ts   
D/DataSource_M3U8(  744): 
D/DataSource_M3U8(  744):  update  playlist[4] ==>> mediaSequence : 0   url = http://cibn-iss1.longvisionmedia.com:8088/vod/CIBN2013_CIBN2013040100001034_12001400/743.ts   
D/DataSource_M3U8(  744): 
D/DataSource_M3U8(  744):  update  playlist[5] ==>> mediaSequence : 0   url = http://cibn-iss1.longvisionmedia.com:8088/vod/CIBN2013_CIBN2013040100001034_12001400/744.ts   
D/DataSource_M3U8(  744): 
D/DataSource_M3U8(  744):  update  playlist[6] ==>> mediaSequence : 0   url = http://cibn-iss1.longvisionmedia.com:8088/vod/CIBN2013_CIBN2013040100001034_12001400/745.ts   
D/DataSource_M3U8(  744): 
D/DataSource_M3U8(  744):  update  playlist[7] ==>> mediaSequence : 0   url = http://cibn-iss1.longvisionmedia.com:8088/vod/CIBN2013_CIBN2013040100001034_12001400/746.ts   
D/DataSource_M3U8(  744): 
D/DataSource_M3U8(  744):  update  playlist[8] ==>> mediaSequence : 0   url = http://cibn-iss1.longvisionmedia.com:8088/vod/CIBN2013_CIBN2013040100001034_12001400/747.ts   
D/DataSource_M3U8(  744): 
D/DataSource_M3U8(  744):  update  playlist[9] ==>> mediaSequence : 0   url = http://cibn-iss1.longvisionmedia.com:8088/vod/CIBN2013_CIBN2013040100001034_12001400/748.ts   
D/DataSource_M3U8(  744): 
D/DataSource_M3U8(  744):  update  playlist[10] ==>> mediaSequence : 0   url = http://cibn-iss1.longvisionmedia.com:8088/vod/CIBN2013_CIBN2013040100001034_12001400/749.ts   
D/DataSource_M3U8(  744): 
D/DataSource_M3U8(  744):  update  playlist[11] ==>> mediaSequence : 0   url = http://cibn-iss1.longvisionmedia.com:8088/vod/CIBN2013_CIBN2013040100001034_12001400/750.ts   
D/DataSource_M3U8(  744): 
D/DataSource_M3U8(  744):  update  playlist[12] ==>> mediaSequence : 0   url = http://cibn-iss1.longvisionmedia.com:8088/vod/CIBN2013_CIBN2013040100001034_12001400/751.ts   
D/DataSource_M3U8(  744): 
D/DataSource_M3U8(  744):  update  playlist[13] ==>> mediaSequence : 0   url = http://cibn-iss1.longvisionmedia.com:8088/vod/CIBN2013_CIBN2013040100001034_12001400/752.ts   
D/DataSource_M3U8(  744): 
D/DataSource_M3U8(  744):  update  playlist[14] ==>> mediaSequence : 0   url = http://cibn-iss1.longvisionmedia.com:8088/vod/CIBN2013_CIBN2013040100001034_12001400/753.ts   
D/DataSource_M3U8(  744): 
D/DataSource_M3U8(  744):  update  playlist[15] ==>> mediaSequence : 0   url = http://cibn-iss1.longvisionmedia.com:8088/vod/CIBN2013_CIBN2013040100001034_12001400/754.ts   
D/DataSource_M3U8(  744): 
D/DataSource_M3U8(  744):  update  playlist[16] ==>> mediaSequence : 0   url = http://cibn-iss1.longvisionmedia.com:8088/vod/CIBN2013_CIBN2013040100001034_12001400/755.ts   
D/DataSource_M3U8(  744): 
D/DataSource_M3U8(  744):  update  playlist[17] ==>> mediaSequence : 0   url = http://cibn-iss1.longvisionmedia.com:8088/vod/CIBN2013_CIBN2013040100001034_12001400/756.ts   
D/DataSource_M3U8(  744): 
D/DataSource_M3U8(  744):  update  playlist[18] ==>> mediaSequence : 0   url = http://cibn-iss1.longvisionmedia.com:8088/vod/CIBN2013_CIBN2013040100001034_12001400/757.ts   
D/DataSource_M3U8(  744): 
D/DataSource_M3U8(  744):  update  playlist[19] ==>> mediaSequence : 0   url = http://cibn-iss1.longvisionmedia.com:8088/vod/CIBN2013_CIBN2013040100001034_12001400/758.ts   
D/DataSource_M3U8(  744): 
D/DataSource_M3U8(  744):  update  playlist[20] ==>> mediaSequence : 0   url = http://cibn-iss1.longvisionmedia.com:8088/vod/CIBN2013_CIBN2013040100001034_12001400/759.ts   
D/DataSource_M3U8(  744): 
D/DataSource_M3U8(  744):  update  playlist[1] ==>> mediaSequence : 0   url = http://cibn-iss1.longvisionmedia.com:8088/vod/CIBN2013_CIBN2013040100001034_12001400/760.ts   
D/DataSource_M3U8(  744): 
D/DataSource_M3U8(  744):  update  playlist[2] ==>> mediaSequence : 0   url = http://cibn-iss1.longvisionmedia.com:8088/vod/CIBN2013_CIBN2013040100001034_12001400/761.ts   
D/DataSource_M3U8(  744): 
D/DataSource_M3U8(  744):  update  playlist[3] ==>> mediaSequence : 0   url = http://cibn-iss1.longvisionmedia.com:8088/vod/CIBN2013_CIBN2013040100001034_12001400/762.ts   
D/DataSource_M3U8(  744): 
D/DataSource_M3U8(  744):  update  playlist[4] ==>> mediaSequence : 0   url = http://cibn-iss1.longvisionmedia.com:8088/vod/CIBN2013_CIBN2013040100001034_12001400/763.ts   
D/DataSource_M3U8(  744): 
D/DataSource_M3U8(  744):  update  playlist[5] ==>> mediaSequence : 0   url = http://cibn-iss1.longvisionmedia.com:8088/vod/CIBN2013_CIBN2013040100001034_12001400/764.ts   
D/DataSource_M3U8(  744): 
D/DataSource_M3U8(  744):  update  playlist[6] ==>> mediaSequence : 0   url = http://cibn-iss1.longvisionmedia.com:8088/vod/CIBN2013_CIBN2013040100001034_12001400/765.ts   
D/DataSource_M3U8(  744): 
