D/dalvikvm( 1505): GC_CONCURRENT freed 425K, 78% free 1312K/5891K, paused 1ms+1ms
D/dalvikvm( 1505): GC_CONCURRENT freed 393K, 78% free 1311K/5891K, paused 1ms+1ms
D/dalvikvm( 1505): GC_CONCURRENT freed 393K, 78% free 1312K/5891K, paused 1ms+1ms
D/dalvikvm( 1505): GC_CONCURRENT freed 393K, 78% free 1312K/5891K, paused 0ms+1ms
D/dalvikvm( 1505): GC_CONCURRENT freed 394K, 78% free 1312K/5891K, paused 1ms+1ms
D/dalvikvm( 1505): GC_CONCURRENT freed 393K, 78% free 1313K/5891K, paused 2ms+1ms
D/HomePlayerLib( 1505): hostaddress count is 1
D/dalvikvm( 1505): GC_CONCURRENT freed 411K, 78% free 1296K/5891K, paused 1ms+1ms
D/dalvikvm( 1505): GC_CONCURRENT freed 388K, 77% free 1392K/5891K, paused 1ms+1ms
D/dalvikvm( 1505): GC_CONCURRENT freed 486K, 78% free 1315K/5891K, paused 1ms+1ms
D/dalvikvm( 1505): GC_CONCURRENT freed 391K, 76% free 1472K/5891K, paused 1ms+1ms
D/dalvikvm( 1505): GC_CONCURRENT freed 537K, 77% free 1381K/5891K, paused 1ms+1ms
D/dalvikvm( 1505): GC_CONCURRENT freed 456K, 78% free 1322K/5891K, paused 1ms+1ms
D/dalvikvm( 1505): GC_CONCURRENT freed 395K, 78% free 1345K/5891K, paused 1ms+1ms
D/dalvikvm( 1505): GC_CONCURRENT freed 405K, 76% free 1452K/5891K, paused 1ms+1ms
D/dalvikvm( 1505): GC_CONCURRENT freed 510K, 76% free 1434K/5891K, paused 1ms+1ms
D/dalvikvm( 1505): GC_CONCURRENT freed 498K, 76% free 1429K/5891K, paused 1ms+1ms
D/dalvikvm( 1505): GC_CONCURRENT freed 493K, 78% free 1331K/5891K, paused 1ms+1ms
D/dalvikvm( 1505): GC_CONCURRENT freed 393K, 78% free 1330K/5891K, paused 1ms+1ms
D/dalvikvm( 1505): GC_CONCURRENT freed 394K, 78% free 1331K/5891K, paused 1ms+1ms
D/dalvikvm( 1505): GC_CONCURRENT freed 404K, 78% free 1346K/5891K, paused 1ms+1ms
D/AsyncBitmapLoader( 2183): IOException
D/dalvikvm( 1505): GC_CONCURRENT freed 423K, 77% free 1379K/5891K, paused 1ms+1ms
D/dalvikvm( 1505): GC_CONCURRENT freed 459K, 78% free 1313K/5891K, paused 0ms+1ms
D/dalvikvm( 1505): GC_CONCURRENT freed 395K, 78% free 1312K/5891K, paused 1ms+1ms
D/dalvikvm( 1505): GC_CONCURRENT freed 394K, 78% free 1311K/5891K, paused 1ms+1ms
D/dalvikvm( 1505): GC_CONCURRENT freed 394K, 78% free 1312K/5891K, paused 0ms+1ms
D/dalvikvm( 1505): GC_CONCURRENT freed 392K, 78% free 1312K/5891K, paused 1ms+1ms
D/dalvikvm( 1505): GC_CONCURRENT freed 394K, 78% free 1312K/5891K, paused 1ms+1ms
D/dalvikvm( 1505): GC_CONCURRENT freed 404K, 77% free 1409K/5891K, paused 1ms+1ms
D/dalvikvm( 1505): GC_CONCURRENT freed 500K, 78% free 1298K/5891K, paused 1ms+2ms
D/HomePlayerLib( 1505): hostaddress count is 1
D/dalvikvm( 1505): GC_CONCURRENT freed 388K, 78% free 1310K/5891K, paused 1ms+1ms
D/dalvikvm( 1505): GC_CONCURRENT freed 404K, 78% free 1307K/5891K, paused 1ms+1ms
D/dalvikvm( 1505): GC_CONCURRENT freed 378K, 78% free 1315K/5891K, paused 1ms+1ms
D/dalvikvm( 1505): GC_CONCURRENT freed 412K, 78% free 1317K/5891K, paused 1ms+1ms
D/dalvikvm( 1505): GC_CONCURRENT freed 384K, 76% free 1438K/5891K, paused 1ms+1ms
D/dalvikvm( 1505): GC_CONCURRENT freed 509K, 78% free 1313K/5891K, paused 1ms+1ms
D/dalvikvm( 1505): GC_CONCURRENT freed 394K, 76% free 1426K/5891K, paused 1ms+1ms
D/dalvikvm( 1505): GC_CONCURRENT freed 486K, 78% free 1332K/5891K, paused 1ms+1ms
D/dalvikvm( 1505): GC_CONCURRENT freed 417K, 76% free 1420K/5891K, paused 1ms+1ms
D/AsyncBitmapLoader( 2183): IOException
D/AsyncBitmapLoader( 2183): IOException
D/AsyncBitmapLoader( 2183): IOException
D/dalvikvm( 1505): GC_CONCURRENT freed 500K, 76% free 1419K/5891K, paused 1ms+1ms
D/dalvikvm( 1505): GC_CONCURRENT freed 503K, 78% free 1332K/5891K, paused 1ms+1ms
D/dalvikvm( 1505): GC_CONCURRENT freed 441K, 77% free 1391K/5891K, paused 1ms+1ms
D/HomePlayerLib( 1505): hostaddress count is 1
D/dalvikvm( 1505): GC_CONCURRENT freed 472K, 78% free 1311K/5891K, paused 1ms+1ms
D/dalvikvm( 1505): GC_CONCURRENT freed 404K, 78% free 1307K/5891K, paused 1ms+1ms
D/dalvikvm( 1505): GC_CONCURRENT freed 378K, 78% free 1314K/5891K, paused 1ms+1ms
D/dalvikvm( 1505): GC_CONCURRENT freed 389K, 78% free 1317K/5891K, paused 1ms+1ms
D/dalvikvm( 1505): GC_CONCURRENT freed 401K, 77% free 1357K/5891K, paused 1ms+1ms
D/dalvikvm( 1505): GC_CONCURRENT freed 415K, 77% free 1408K/5891K, paused 1ms+1ms
D/dalvikvm( 1505): GC_CONCURRENT freed 470K, 76% free 1440K/5891K, paused 0ms+1ms
D/dalvikvm( 1505): GC_CONCURRENT freed 503K, 78% free 1329K/5891K, paused 1ms+1ms
D/dalvikvm( 1505): GC_CONCURRENT freed 392K, 78% free 1329K/5891K, paused 1ms+1ms
D/AsyncBitmapLoader( 2183): IOException
D/AsyncBitmapLoader( 2183): IOException
D/AsyncBitmapLoader( 2183): IOException
D/dalvikvm( 1505): GC_CONCURRENT freed 394K, 78% free 1330K/5891K, paused 1ms+1ms
D/dalvikvm( 1505): GC_CONCURRENT freed 393K, 78% free 1336K/5891K, paused 1ms+1ms
D/AsyncBitmapLoader( 2183): IOException
D/AsyncBitmapLoader( 2183): IOException
D/AsyncBitmapLoader( 2183): IOException
D/dalvikvm( 1505): GC_CONCURRENT freed 422K, 78% free 1302K/5891K, paused 1ms+1ms
D/dalvikvm( 1505): GC_CONCURRENT freed 398K, 78% free 1298K/5891K, paused 1ms+1ms
D/dalvikvm( 1505): GC_CONCURRENT freed 393K, 77% free 1413K/5891K, paused 1ms+0ms
D/CheckNetWork( 1752): isOk true
D/CheckNetWork( 1752): ActInfoNetworkInfo: type: WIFI[], state: CONNECTED/CONNECTED, reason: (unspecified), extra: (none), roaming: false, failover: false, isAvailable: true
D/CheckNetWork( 1752): infoNetworkInfo: type: WIFI[], state: CONNECTED/CONNECTED, reason: (unspecified), extra: (none), roaming: false, failover: false, isAvailable: true
D/HomePlayerLib( 1505): hostaddress count is 1
D/dalvikvm( 1505): GC_CONCURRENT freed 510K, 77% free 1373K/5891K, paused 1ms+1ms
D/dalvikvm( 1505): GC_CONCURRENT freed 465K, 76% free 1416K/5891K, paused 1ms+1ms
D/dalvikvm( 1505): GC_CONCURRENT freed 486K, 78% free 1314K/5891K, paused 1ms+1ms
D/dalvikvm( 1505): GC_CONCURRENT freed 391K, 77% free 1404K/5891K, paused 1ms+2ms
D/dalvikvm( 1505): GC_CONCURRENT freed 480K, 78% free 1316K/5891K, paused 1ms+2ms
D/dalvikvm( 1505): GC_CONCURRENT freed 381K, 78% free 1332K/5891K, paused 0ms+1ms
D/dalvikvm( 1505): GC_CONCURRENT freed 391K, 77% free 1379K/5891K, paused 1ms+1ms
D/dalvikvm( 1505): GC_CONCURRENT freed 442K, 76% free 1441K/5891K, paused 0ms+1ms
D/dalvikvm( 1505): GC_CONCURRENT freed 503K, 76% free 1439K/5891K, paused 1ms+1ms
D/dalvikvm( 1505): GC_CONCURRENT freed 505K, 78% free 1350K/5891K, paused 1ms+1ms
D/dalvikvm( 1505): GC_CONCURRENT freed 416K, 75% free 1524K/5891K, paused 0ms+1ms
D/dalvikvm( 1505): GC_CONCURRENT freed 598K, 78% free 1329K/5891K, paused 0ms+1ms
D/dalvikvm( 1505): GC_CONCURRENT freed 407K, 78% free 1331K/5891K, paused 0ms+1ms
D/dalvikvm( 1505): GC_CONCURRENT freed 405K, 78% free 1327K/5891K, paused 1ms+1ms
D/dalvikvm( 1505): GC_CONCURRENT freed 396K, 78% free 1326K/5891K, paused 0ms+1ms
D/dalvikvm( 1505): GC_CONCURRENT freed 394K, 78% free 1326K/5891K, paused 1ms+1ms
D/dalvikvm( 1505): GC_CONCURRENT freed 432K, 77% free 1403K/5891K, paused 0ms+1ms
D/dalvikvm( 1505): GC_CONCURRENT freed 477K, 78% free 1319K/5891K, paused 1ms+1ms
D/dalvikvm( 1505): GC_CONCURRENT freed 397K, 78% free 1305K/5891K, paused 1ms+1ms
D/dalvikvm( 1505): GC_CONCURRENT freed 390K, 78% free 1301K/5891K, paused 0ms+1ms
D/dalvikvm( 1505): GC_CONCURRENT freed 397K, 77% free 1389K/5891K, paused 1ms+1ms
D/dalvikvm( 1505): GC_CONCURRENT freed 474K, 76% free 1424K/5891K, paused 1ms+1ms
D/dalvikvm( 1505): GC_CONCURRENT freed 521K, 79% free 1288K/5891K, paused 1ms+1ms
D/dalvikvm( 1505): GC_CONCURRENT freed 500K, 78% free 1299K/5891K, paused 1ms+1ms
D/HomePlayerLib( 1505): hostaddress count is 1
D/dalvikvm( 1505): GC_CONCURRENT freed 388K, 78% free 1309K/5891K, paused 0ms+1ms
D/dalvikvm( 1505): GC_CONCURRENT freed 403K, 78% free 1339K/5891K, paused 1ms+1ms
D/dalvikvm( 1505): GC_CONCURRENT freed 427K, 78% free 1312K/5891K, paused 1ms+1ms
D/dalvikvm( 1505): GC_CONCURRENT freed 393K, 78% free 1342K/5891K, paused 1ms+1ms
D/dalvikvm( 1505): GC_CONCURRENT freed 417K, 78% free 1309K/5891K, paused 1ms+1ms
D/dalvikvm( 1505): GC_CONCURRENT freed 384K, 76% free 1459K/5891K, paused 1ms+1ms
D/dalvikvm( 1505): GC_CONCURRENT freed 528K, 76% free 1439K/5891K, paused 1ms+2ms
D/dalvikvm( 1505): GC_CONCURRENT freed 490K, 78% free 1341K/5891K, paused 1ms+1ms
D/dalvikvm( 1505): GC_CONCURRENT freed 417K, 76% free 1432K/5891K, paused 0ms+1ms
D/dalvikvm(  944): GC_CONCURRENT freed 801K, 59% free 4153K/9923K, paused 3ms+4ms
D/dalvikvm( 1505): GC_CONCURRENT freed 511K, 78% free 1314K/5891K, paused 1ms+1ms
D/dalvikvm( 1505): GC_CONCURRENT freed 396K, 78% free 1312K/5891K, paused 0ms+1ms
D/HomePlayerLib( 1505): hostaddress count is 1
D/dalvikvm( 1505): GC_CONCURRENT freed 404K, 76% free 1418K/5891K, paused 0ms+1ms
D/dalvikvm( 1505): GC_CONCURRENT freed 504K, 78% free 1299K/5891K, paused 1ms+1ms
D/dalvikvm( 1505): GC_CONCURRENT freed 379K, 78% free 1313K/5891K, paused 1ms+1ms
D/dalvikvm( 1505): GC_CONCURRENT freed 390K, 76% free 1416K/5891K, paused 1ms+1ms
D/dalvikvm( 1505): GC_CONCURRENT freed 501K, 78% free 1334K/5891K, paused 1ms+1ms
D/dalvikvm( 1505): GC_CONCURRENT freed 426K, 76% free 1415K/5891K, paused 1ms+1ms
D/dalvikvm( 1505): GC_CONCURRENT freed 503K, 76% free 1419K/5891K, paused 1ms+1ms
D/dalvikvm( 1505): GC_CONCURRENT freed 501K, 78% free 1320K/5891K, paused 1ms+1ms
D/dalvikvm( 1505): GC_CONCURRENT freed 407K, 76% free 1424K/5891K, paused 1ms+1ms
D/dalvikvm( 1505): GC_CONCURRENT freed 516K, 78% free 1300K/5891K, paused 0ms+1ms
D/dalvikvm( 1505): GC_CONCURRENT freed 393K, 79% free 1291K/5891K, paused 1ms+1ms
D/dalvikvm( 1505): GC_CONCURRENT freed 365K, 78% free 1312K/5891K, paused 1ms+1ms
D/dalvikvm( 1505): GC_CONCURRENT freed 392K, 78% free 1313K/5891K, paused 0ms+1ms
D/dalvikvm( 1505): GC_CONCURRENT freed 393K, 78% free 1313K/5891K, paused 1ms+1ms
D/dalvikvm( 1505): GC_CONCURRENT freed 404K, 78% free 1300K/5891K, paused 1ms+1ms
D/dalvikvm( 1505): GC_CONCURRENT freed 395K, 78% free 1309K/5891K, paused 1ms+1ms
D/dalvikvm( 1505): GC_CONCURRENT freed 388K, 78% free 1308K/5891K, paused 1ms+1ms
D/dalvikvm( 1505): GC_CONCURRENT freed 395K, 78% free 1308K/5891K, paused 1ms+1ms
D/dalvikvm( 1505): GC_CONCURRENT freed 393K, 78% free 1308K/5891K, paused 1ms+0ms
D/dalvikvm( 1505): GC_CONCURRENT freed 394K, 76% free 1417K/5891K, paused 1ms+0ms
D/dalvikvm( 1505): GC_CONCURRENT freed 487K, 78% free 1322K/5891K, paused 1ms+1ms
D/dalvikvm( 1505): GC_CONCURRENT freed 395K, 78% free 1327K/5891K, paused 1ms+1ms
D/dalvikvm( 1505): GC_CONCURRENT freed 405K, 76% free 1418K/5891K, paused 1ms+1ms
D/dalvikvm( 1505): GC_CONCURRENT freed 500K, 78% free 1307K/5891K, paused 1ms+1ms
D/HomePlayerLib( 1505): hostaddress count is 1
D/dalvikvm( 1505): GC_CONCURRENT freed 388K, 76% free 1431K/5891K, paused 1ms+1ms
D/dalvikvm( 1505): GC_CONCURRENT freed 504K, 77% free 1402K/5891K, paused 1ms+1ms
D/dalvikvm( 1505): GC_CONCURRENT freed 486K, 78% free 1299K/5891K, paused 1ms+1ms
D/dalvikvm( 1505): GC_CONCURRENT freed 378K, 76% free 1426K/5891K, paused 1ms+1ms
D/dalvikvm( 1505): GC_CONCURRENT freed 509K, 76% free 1429K/5891K, paused 1ms+1ms
D/dalvikvm( 1505): GC_CONCURRENT freed 504K, 76% free 1423K/5891K, paused 1ms+1ms
D/dalvikvm( 1505): GC_CONCURRENT freed 492K, 76% free 1441K/5891K, paused 0ms+1ms
D/dalvikvm( 1505): GC_CONCURRENT freed 522K, 78% free 1305K/5891K, paused 0ms+1ms
D/dalvikvm( 1505): GC_CONCURRENT freed 380K, 78% free 1322K/5891K, paused 1ms+1ms
D/dalvikvm( 1505): GC_CONCURRENT freed 396K, 76% free 1430K/5891K, paused 1ms+1ms
D/dalvikvm( 1505): GC_CONCURRENT freed 503K, 76% free 1433K/5891K, paused 1ms+1ms
D/dalvikvm( 1505): GC_CONCURRENT freed 488K, 78% free 1337K/5891K, paused 1ms+1ms
D/dalvikvm( 1505): GC_CONCURRENT freed 405K, 78% free 1318K/5891K, paused 1ms+1ms
D/dalvikvm( 1505): GC_CONCURRENT freed 396K, 76% free 1424K/5891K, paused 1ms+1ms
D/dalvikvm( 1505): GC_CONCURRENT freed 517K, 77% free 1408K/5891K, paused 0ms+1ms
D/HomePlayerLib( 1505): hostaddress count is 1
D/dalvikvm( 1505): GC_CONCURRENT freed 505K, 76% free 1421K/5891K, paused 1ms+0ms
D/dalvikvm( 1505): GC_CONCURRENT freed 501K, 77% free 1398K/5891K, paused 1ms+1ms
D/dalvikvm( 1505): GC_CONCURRENT freed 472K, 78% free 1317K/5891K, paused 1ms+1ms
D/dalvikvm( 1505): GC_CONCURRENT freed 456K, 77% free 1373K/5891K, paused 1ms+1ms
D/dalvikvm( 1505): GC_CONCURRENT freed 463K, 76% free 1458K/5891K, paused 0ms+1ms
D/dalvikvm( 1505): GC_CONCURRENT freed 536K, 77% free 1374K/5891K, paused 1ms+1ms
D/dalvikvm( 1505): GC_CONCURRENT freed 452K, 78% free 1317K/5891K, paused 1ms+1ms
D/dalvikvm( 1505): GC_CONCURRENT freed 406K, 78% free 1313K/5891K, paused 1ms+1ms
D/dalvikvm( 1505): GC_CONCURRENT freed 386K, 78% free 1332K/5891K, paused 1ms+1ms
D/dalvikvm( 1505): GC_CONCURRENT freed 396K, 78% free 1330K/5891K, paused 0ms+2ms
D/dalvikvm( 1505): GC_CONCURRENT freed 413K, 76% free 1418K/5891K, paused 1ms+1ms
D/dalvikvm( 1505): GC_CONCURRENT freed 498K, 77% free 1357K/5891K, paused 1ms+1ms
D/dalvikvm( 1505): GC_CONCURRENT freed 441K, 78% free 1310K/5891K, paused 1ms+1ms
D/dalvikvm( 1505): GC_CONCURRENT freed 395K, 78% free 1299K/5891K, paused 1ms+1ms
D/dalvikvm( 1505): GC_CONCURRENT freed 392K, 76% free 1449K/5891K, paused 1ms+1ms
D/dalvikvm( 1505): GC_CONCURRENT freed 528K, 77% free 1359K/5891K, paused 1ms+1ms
D/HomePlayerLib( 1505): hostaddress count is 1
D/dalvikvm( 1505): GC_CONCURRENT freed 443K, 70% free 1777K/5891K, paused 0ms+1ms
D/dalvikvm( 1505): GC_CONCURRENT freed 910K, 78% free 1371K/6019K, paused 0ms+1ms
D/dalvikvm( 1505): GC_CONCURRENT freed 461K, 77% free 1419K/6019K, paused 1ms+1ms
D/dalvikvm( 1505): GC_CONCURRENT freed 484K, 76% free 1444K/6019K, paused 1ms+1ms
D/dalvikvm( 1505): GC_CONCURRENT freed 509K, 78% free 1328K/6019K, paused 1ms+1ms
D/dalvikvm( 1505): GC_CONCURRENT freed 404K, 76% free 1457K/6019K, paused 1ms+2ms
D/dalvikvm( 1505): GC_CONCURRENT freed 534K, 78% free 1348K/6019K, paused 0ms+1ms
D/dalvikvm( 1505): GC_CONCURRENT freed 424K, 77% free 1432K/6019K, paused 1ms+1ms
D/dalvikvm( 1505): GC_CONCURRENT freed 509K, 77% free 1430K/6019K, paused 1ms+1ms
D/dalvikvm( 1505): GC_CONCURRENT freed 492K, 77% free 1437K/6019K, paused 1ms+1ms
D/dalvikvm( 1505): GC_CONCURRENT freed 503K, 78% free 1350K/6019K, paused 1ms+1ms
D/CheckNetWork( 1752): isOk true
D/CheckNetWork( 1752): ActInfoNetworkInfo: type: WIFI[], state: CONNECTED/CONNECTED, reason: (unspecified), extra: (none), roaming: false, failover: false, isAvailable: true
D/CheckNetWork( 1752): infoNetworkInfo: type: WIFI[], state: CONNECTED/CONNECTED, reason: (unspecified), extra: (none), roaming: false, failover: false, isAvailable: true
D/dalvikvm( 1505): GC_CONCURRENT freed 437K, 78% free 1327K/6019K, paused 1ms+1ms
D/dalvikvm( 1505): GC_CONCURRENT freed 409K, 79% free 1312K/6019K, paused 1ms+1ms
D/dalvikvm( 1505): GC_CONCURRENT freed 393K, 79% free 1312K/6019K, paused 1ms+1ms
D/dalvikvm( 1505): GC_CONCURRENT freed 393K, 79% free 1312K/6019K, paused 1ms+1ms
D/dalvikvm( 1505): GC_CONCURRENT freed 394K, 77% free 1418K/6019K, paused 1ms+1ms
D/dalvikvm( 1505): GC_CONCURRENT freed 548K, 78% free 1374K/6019K, paused 0ms+1ms
D/HomePlayerLib( 1505): hostaddress count is 1
D/dalvikvm( 1505): GC_CONCURRENT freed 472K, 77% free 1409K/6019K, paused 1ms+1ms
D/dalvikvm( 1505): GC_CONCURRENT freed 506K, 78% free 1346K/6019K, paused 1ms+1ms
D/dalvikvm( 1505): GC_CONCURRENT freed 420K, 77% free 1422K/6019K, paused 1ms+1ms
D/dalvikvm( 1505): GC_CONCURRENT freed 513K, 77% free 1400K/6019K, paused 1ms+1ms
D/dalvikvm( 1505): GC_CONCURRENT freed 485K, 76% free 1496K/6019K, paused 1ms+1ms
D/dalvikvm( 1505): GC_CONCURRENT freed 570K, 77% free 1405K/6019K, paused 1ms+1ms
D/dalvikvm( 1505): GC_CONCURRENT freed 486K, 77% free 1429K/6019K, paused 1ms+1ms
D/dalvikvm( 1505): GC_CONCURRENT freed 502K, 77% free 1438K/6019K, paused 1ms+1ms
D/dalvikvm( 1505): GC_CONCURRENT freed 516K, 79% free 1319K/6019K, paused 1ms+1ms
D/dalvikvm( 1505): GC_CONCURRENT freed 403K, 77% free 1409K/6019K, paused 1ms+0ms
D/dalvikvm( 1505): GC_CONCURRENT freed 489K, 79% free 1312K/6019K, paused 1ms+1ms
D/dalvikvm( 1505): GC_CONCURRENT freed 395K, 77% free 1418K/6019K, paused 0ms+1ms
D/dalvikvm( 1505): GC_CONCURRENT freed 508K, 79% free 1300K/6019K, paused 1ms+1ms
D/dalvikvm( 1505): GC_CONCURRENT freed 376K, 78% free 1330K/6019K, paused 1ms+1ms
D/dalvikvm( 1505): GC_CONCURRENT freed 392K, 78% free 1330K/6019K, paused 1ms+1ms
D/dalvikvm( 1505): GC_CONCURRENT freed 393K, 78% free 1331K/6019K, paused 1ms+1ms
D/dalvikvm( 1505): GC_CONCURRENT freed 407K, 79% free 1310K/6019K, paused 0ms+1ms
D/dalvikvm( 1505): GC_CONCURRENT freed 375K, 77% free 1427K/6019K, paused 1ms+1ms
D/dalvikvm( 1505): GC_CONCURRENT freed 489K, 77% free 1413K/6019K, paused 1ms+1ms
D/dalvikvm( 1505): GC_CONCURRENT freed 476K, 78% free 1377K/6019K, paused 1ms+1ms
D/dalvikvm( 1505): GC_CONCURRENT freed 446K, 79% free 1319K/6019K, paused 1ms+1ms
D/dalvikvm( 1505): GC_CONCURRENT freed 397K, 79% free 1317K/6019K, paused 1ms+1ms
D/dalvikvm( 1505): GC_CONCURRENT freed 406K, 79% free 1315K/6019K, paused 1ms+1ms
D/dalvikvm( 1505): GC_CONCURRENT freed 408K, 77% free 1412K/6019K, paused 1ms+1ms
D/HomePlayerLib( 1505): hostaddress count is 1
D/dalvikvm( 1505): GC_CONCURRENT freed 509K, 79% free 1311K/6019K, paused 1ms+1ms
D/dalvikvm( 1505): GC_CONCURRENT freed 401K, 78% free 1368K/6019K, paused 1ms+1ms
D/dalvikvm( 1505): GC_CONCURRENT freed 443K, 79% free 1316K/6019K, paused 1ms+1ms
D/dalvikvm( 1505): GC_CONCURRENT freed 393K, 79% free 1314K/6019K, paused 1ms+1ms
D/dalvikvm( 1505): GC_CONCURRENT freed 391K, 79% free 1316K/6019K, paused 1ms+1ms
D/dalvikvm( 1505): GC_CONCURRENT freed 393K, 79% free 1317K/6019K, paused 0ms+1ms
D/dalvikvm( 1505): GC_CONCURRENT freed 393K, 79% free 1315K/6019K, paused 1ms+1ms
D/dalvikvm( 1505): GC_CONCURRENT freed 366K, 78% free 1353K/6019K, paused 1ms+1ms
D/dalvikvm( 1505): GC_CONCURRENT freed 425K, 78% free 1332K/6019K, paused 1ms+1ms
D/dalvikvm( 1505): GC_CONCURRENT freed 395K, 78% free 1331K/6019K, paused 1ms+2ms
D/dalvikvm( 1505): GC_CONCURRENT freed 402K, 79% free 1322K/6019K, paused 1ms+1ms
D/dalvikvm( 1505): GC_CONCURRENT freed 415K, 79% free 1310K/6019K, paused 0ms+1ms
D/dalvikvm( 1505): GC_CONCURRENT freed 405K, 79% free 1289K/6019K, paused 1ms+1ms
D/dalvikvm( 1505): GC_CONCURRENT freed 378K, 79% free 1313K/6019K, paused 1ms+1ms
D/dalvikvm( 1505): GC_CONCURRENT freed 395K, 79% free 1311K/6019K, paused 0ms+1ms
D/dalvikvm( 1505): GC_CONCURRENT freed 392K, 79% free 1312K/6019K, paused 1ms+1ms
D/dalvikvm( 1505): GC_CONCURRENT freed 392K, 79% free 1312K/6019K, paused 1ms+1ms
D/dalvikvm( 1505): GC_CONCURRENT freed 392K, 79% free 1312K/6019K, paused 1ms+1ms
D/dalvikvm( 1505): GC_CONCURRENT freed 394K, 79% free 1312K/6019K, paused 1ms+1ms
D/dalvikvm( 1505): GC_CONCURRENT freed 394K, 79% free 1313K/6019K, paused 1ms+1ms
D/dalvikvm( 1505): GC_CONCURRENT freed 393K, 79% free 1312K/6019K, paused 1ms+1ms
D/dalvikvm( 1505): GC_CONCURRENT freed 404K, 78% free 1327K/6019K, paused 1ms+1ms
D/dalvikvm( 1505): GC_CONCURRENT freed 410K, 77% free 1394K/6019K, paused 1ms+1ms
D/dalvikvm( 1505): GC_CONCURRENT freed 475K, 77% free 1411K/6019K, paused 0ms+1ms
D/dalvikvm( 1505): GC_FOR_ALLOC freed 631K, 79% free 1289K/6019K, paused 10ms
D/dalvikvm( 1505): GC_CONCURRENT freed 8K, 79% free 1293K/6019K, paused 1ms+1ms
D/HomePlayerLib( 1505): hostaddress count is 1
D/dalvikvm( 1505): GC_CONCURRENT freed 384K, 79% free 1310K/6019K, paused 1ms+1ms
D/dalvikvm( 1505): GC_CONCURRENT freed 403K, 77% free 1387K/6019K, paused 1ms+1ms
D/dalvikvm( 1505): GC_CONCURRENT freed 481K, 77% free 1417K/6019K, paused 0ms+1ms
D/dalvikvm( 1505): GC_CONCURRENT freed 501K, 79% free 1313K/6019K, paused 1ms+1ms
D/dalvikvm( 1505): GC_CONCURRENT freed 422K, 77% free 1403K/6019K, paused 1ms+1ms
D/dalvikvm( 1505): GC_CONCURRENT freed 482K, 77% free 1423K/6019K, paused 1ms+1ms
D/dalvikvm( 1505): GC_CONCURRENT freed 515K, 79% free 1303K/6019K, paused 1ms+1ms
D/dalvikvm( 1505): GC_CONCURRENT freed 362K, 77% free 1437K/6019K, paused 0ms+1ms
D/dalvikvm( 1505): GC_CONCURRENT freed 504K, 78% free 1327K/6019K, paused 1ms+1ms
D/dalvikvm( 1505): GC_CONCURRENT freed 390K, 78% free 1329K/6019K, paused 1ms+1ms
D/dalvikvm( 1505): GC_CONCURRENT freed 409K, 78% free 1359K/6019K, paused 1ms+1ms
D/dalvikvm( 1505): GC_CONCURRENT freed 445K, 77% free 1424K/6019K, paused 1ms+1ms
D/dalvikvm( 1505): GC_CONCURRENT freed 518K, 77% free 1415K/6019K, paused 1ms+0ms
D/HomePlayerLib( 1505): hostaddress count is 1
D/dalvikvm( 1505): GC_CONCURRENT freed 506K, 79% free 1322K/6019K, paused 1ms+1ms
D/dalvikvm( 1505): GC_CONCURRENT freed 417K, 79% free 1307K/6019K, paused 1ms+1ms
D/dalvikvm( 1505): GC_CONCURRENT freed 378K, 79% free 1314K/6019K, paused 1ms+1ms
D/dalvikvm( 1505): GC_CONCURRENT freed 390K, 79% free 1315K/6019K, paused 1ms+1ms
D/dalvikvm( 1505): GC_CONCURRENT freed 390K, 79% free 1316K/6019K, paused 1ms+1ms
D/dalvikvm( 1505): GC_CONCURRENT freed 396K, 78% free 1345K/6019K, paused 1ms+1ms
D/dalvikvm( 1505): GC_CONCURRENT freed 431K, 79% free 1315K/6019K, paused 2ms+1ms
D/dalvikvm( 1505): GC_CONCURRENT freed 407K, 79% free 1292K/6019K, paused 0ms+1ms
D/dalvikvm( 1505): GC_CONCURRENT freed 376K, 79% free 1312K/6019K, paused 1ms+1ms
D/dalvikvm( 1505): GC_CONCURRENT freed 394K, 79% free 1312K/6019K, paused 1ms+1ms
D/dalvikvm( 1505): GC_CONCURRENT freed 390K, 79% free 1307K/6019K, paused 1ms+1ms
D/dalvikvm( 1505): GC_CONCURRENT freed 364K, 78% free 1331K/6019K, paused 1ms+1ms
D/dalvikvm( 1505): GC_CONCURRENT freed 402K, 79% free 1319K/6019K, paused 0ms+1ms
D/dalvikvm( 1505): GC_CONCURRENT freed 396K, 75% free 1508K/6019K, paused 1ms+1ms
D/dalvikvm( 1505): GC_CONCURRENT freed 568K, 78% free 1332K/6019K, paused 1ms+1ms
D/HomePlayerLib( 1505): hostaddress count is 1
D/dalvikvm( 1505): GC_CONCURRENT freed 431K, 79% free 1298K/6019K, paused 1ms+1ms
D/dalvikvm( 1505): GC_CONCURRENT freed 391K, 79% free 1310K/6019K, paused 1ms+1ms
D/dalvikvm( 1505): GC_CONCURRENT freed 405K, 79% free 1314K/6019K, paused 1ms+1ms
D/dalvikvm( 1505): GC_CONCURRENT freed 390K, 79% free 1316K/6019K, paused 1ms+1ms
D/dalvikvm( 1505): GC_CONCURRENT freed 389K, 78% free 1377K/6019K, paused 1ms+1ms
D/dalvikvm( 1505): GC_CONCURRENT freed 452K, 77% free 1437K/6019K, paused 1ms+1ms
D/dalvikvm( 1505): GC_CONCURRENT freed 488K, 78% free 1336K/6019K, paused 0ms+1ms
D/dalvikvm( 1505): GC_CONCURRENT freed 385K, 75% free 1526K/6019K, paused 1ms+2ms
D/dalvikvm( 1505): GC_CONCURRENT freed 583K, 78% free 1337K/6019K, paused 1ms+1ms
D/dalvikvm( 1505): GC_CONCURRENT freed 396K, 78% free 1334K/6019K, paused 1ms+1ms
D/dalvikvm( 1505): GC_CONCURRENT freed 406K, 79% free 1317K/6019K, paused 1ms+1ms
D/dalvikvm( 1505): GC_CONCURRENT freed 390K, 77% free 1427K/6019K, paused 1ms+1ms
D/dalvikvm( 1505): GC_CONCURRENT freed 502K, 77% free 1432K/6019K, paused 1ms+1ms
D/dalvikvm( 1505): GC_CONCURRENT freed 500K, 77% free 1444K/6019K, paused 0ms+1ms
D/dalvikvm( 1505): GC_CONCURRENT freed 518K, 78% free 1344K/6019K, paused 1ms+1ms
D/dalvikvm( 1505): GC_CONCURRENT freed 418K, 78% free 1325K/6019K, paused 1ms+1ms
D/dalvikvm( 1505): GC_CONCURRENT freed 392K, 79% free 1319K/6019K, paused 1ms+1ms
D/dalvikvm( 1505): GC_CONCURRENT freed 399K, 79% free 1307K/6019K, paused 1ms+1ms
D/dalvikvm( 1505): GC_CONCURRENT freed 372K, 78% free 1327K/6019K, paused 1ms+1ms
D/dalvikvm( 1505): GC_CONCURRENT freed 412K, 79% free 1302K/6019K, paused 1ms+1ms
D/dalvikvm( 1505): GC_FOR_ALLOC freed 513K, 79% free 1300K/6019K, paused 10ms
D/dalvikvm( 1505): GC_CONCURRENT freed 9K, 76% free 1483K/6019K, paused 1ms+1ms
D/dalvikvm( 1505): GC_CONCURRENT freed 560K, 77% free 1426K/6019K, paused 0ms+1ms
D/CheckNetWork( 1752): isOk true
D/CheckNetWork( 1752): ActInfoNetworkInfo: type: WIFI[], state: CONNECTED/CONNECTED, reason: (unspecified), extra: (none), roaming: false, failover: false, isAvailable: true
D/CheckNetWork( 1752): infoNetworkInfo: type: WIFI[], state: CONNECTED/CONNECTED, reason: (unspecified), extra: (none), roaming: false, failover: false, isAvailable: true
D/PushMsgCenter( 1724): mDownUpRun run while (true)
D/PushMsgCenter( 1724): down  
D/PushMsgCenter( 1724): down conn.getResponseCode() status = 404
D/dalvikvm( 1505): GC_CONCURRENT freed 520K, 79% free 1299K/6019K, paused 0ms+1ms
D/HomePlayerLib( 1505): hostaddress count is 1
D/dalvikvm( 1505): GC_CONCURRENT freed 381K, 77% free 1414K/6019K, paused 1ms+1ms
D/dalvikvm( 1505): GC_CONCURRENT freed 494K, 77% free 1421K/6019K, paused 1ms+1ms
D/dalvikvm( 1505): GC_CONCURRENT freed 512K, 79% free 1301K/6019K, paused 1ms+1ms
D/dalvikvm( 1505): GC_CONCURRENT freed 394K, 77% free 1397K/6019K, paused 1ms+1ms
D/dalvikvm( 1505): GC_CONCURRENT freed 482K, 77% free 1439K/6019K, paused 1ms+1ms
D/dalvikvm( 1505): GC_CONCURRENT freed 498K, 78% free 1363K/6019K, paused 1ms+1ms
D/dalvikvm( 1505): GC_CONCURRENT freed 453K, 78% free 1377K/6019K, paused 0ms+1ms
D/dalvikvm( 1505): GC_CONCURRENT freed 470K, 77% free 1419K/6019K, paused 1ms+0ms
D/dalvikvm( 1505): GC_CONCURRENT freed 493K, 79% free 1322K/6019K, paused 1ms+1ms
D/dalvikvm( 1505): GC_CONCURRENT freed 394K, 79% free 1321K/6019K, paused 1ms+1ms
D/dalvikvm( 1505): GC_CONCURRENT freed 412K, 77% free 1391K/6019K, paused 1ms+1ms
D/dalvikvm( 1505): GC_CONCURRENT freed 473K, 79% free 1313K/6019K, paused 1ms+1ms
D/dalvikvm( 1505): GC_CONCURRENT freed 405K, 79% free 1296K/6019K, paused 1ms+1ms
D/HomePlayerLib( 1505): hostaddress count is 1
D/dalvikvm( 1505): GC_CONCURRENT freed 387K, 79% free 1293K/6019K, paused 1ms+1ms
D/dalvikvm( 1505): GC_CONCURRENT freed 376K, 77% free 1417K/6019K, paused 0ms+1ms
D/dalvikvm( 1505): GC_CONCURRENT freed 486K, 79% free 1320K/6019K, paused 1ms+1ms
D/dalvikvm( 1505): GC_CONCURRENT freed 400K, 76% free 1446K/6019K, paused 0ms+1ms
D/dalvikvm( 1505): GC_CONCURRENT freed 525K, 77% free 1432K/6019K, paused 1ms+1ms
D/dalvikvm( 1505): GC_CONCURRENT freed 515K, 79% free 1300K/6019K, paused 1ms+1ms
D/dalvikvm( 1505): GC_CONCURRENT freed 379K, 78% free 1344K/6019K, paused 1ms+1ms
D/dalvikvm( 1505): GC_CONCURRENT freed 429K, 79% free 1300K/6019K, paused 1ms+1ms
D/dalvikvm( 1505): GC_CONCURRENT freed 382K, 78% free 1326K/6019K, paused 1ms+1ms
D/dalvikvm( 1505): GC_CONCURRENT freed 403K, 79% free 1319K/6019K, paused 1ms+1ms
D/dalvikvm( 1505): GC_CONCURRENT freed 395K, 79% free 1309K/6019K, paused 1ms+1ms
D/dalvikvm( 1505): GC_CONCURRENT freed 392K, 79% free 1317K/6019K, paused 1ms+1ms
D/dalvikvm( 1505): GC_CONCURRENT freed 405K, 79% free 1321K/6019K, paused 1ms+1ms
D/dalvikvm( 1505): GC_CONCURRENT freed 394K, 79% free 1321K/6019K, paused 1ms+1ms
D/dalvikvm( 1505): GC_CONCURRENT freed 394K, 77% free 1409K/6019K, paused 1ms+1ms
D/dalvikvm( 1505): GC_CONCURRENT freed 486K, 79% free 1311K/6019K, paused 1ms+1ms
D/dalvikvm( 1505): GC_CONCURRENT freed 397K, 77% free 1416K/6019K, paused 1ms+1ms
D/dalvikvm( 1505): GC_CONCURRENT freed 488K, 79% free 1322K/6019K, paused 1ms+1ms
D/dalvikvm( 1505): GC_CONCURRENT freed 403K, 79% free 1313K/6019K, paused 1ms+2ms
D/dalvikvm( 1505): GC_CONCURRENT freed 394K, 79% free 1313K/6019K, paused 1ms+1ms
D/dalvikvm( 1505): GC_CONCURRENT freed 394K, 79% free 1313K/6019K, paused 1ms+1ms
D/dalvikvm( 1505): GC_CONCURRENT freed 400K, 79% free 1312K/6019K, paused 1ms+1ms
D/HomePlayerLib( 1505): hostaddress count is 1
D/dalvikvm( 1505): GC_CONCURRENT freed 404K, 79% free 1298K/6019K, paused 1ms+1ms
D/dalvikvm( 1505): GC_CONCURRENT freed 388K, 79% free 1310K/6019K, paused 1ms+1ms
D/dalvikvm( 1505): GC_CONCURRENT freed 405K, 79% free 1314K/6019K, paused 1ms+1ms
D/dalvikvm( 1505): GC_CONCURRENT freed 390K, 79% free 1316K/6019K, paused 1ms+1ms
D/dalvikvm( 1505): GC_CONCURRENT freed 393K, 79% free 1316K/6019K, paused 1ms+2ms
D/dalvikvm( 1505): GC_CONCURRENT freed 377K, 76% free 1450K/6019K, paused 1ms+1ms
D/dalvikvm( 1505): GC_CONCURRENT freed 521K, 78% free 1335K/6019K, paused 0ms+1ms
D/dalvikvm( 1505): GC_CONCURRENT freed 388K, 78% free 1336K/6019K, paused 0ms+1ms
D/dalvikvm( 1505): GC_CONCURRENT freed 407K, 78% free 1333K/6019K, paused 1ms+1ms
D/dalvikvm( 1505): GC_CONCURRENT freed 386K, 78% free 1332K/6019K, paused 1ms+1ms
D/dalvikvm( 1505): GC_CONCURRENT freed 396K, 78% free 1331K/6019K, paused 1ms+1ms
D/dalvikvm( 1505): GC_CONCURRENT freed 412K, 78% free 1359K/6019K, paused 1ms+1ms
D/dalvikvm( 1505): GC_CONCURRENT freed 445K, 77% free 1425K/6019K, paused 0ms+1ms
D/dalvikvm( 1505): GC_CONCURRENT freed 518K, 77% free 1415K/6019K, paused 1ms+2ms
D/dalvikvm( 1505): GC_CONCURRENT freed 506K, 79% free 1297K/6019K, paused 1ms+1ms
D/HomePlayerLib( 1505): hostaddress count is 1
D/dalvikvm( 1505): GC_CONCURRENT freed 388K, 77% free 1415K/6019K, paused 1ms+1ms
D/dalvikvm( 1505): GC_CONCURRENT freed 496K, 77% free 1407K/6019K, paused 1ms+0ms
D/dalvikvm( 1505): GC_CONCURRENT freed 495K, 77% free 1413K/6019K, paused 1ms+1ms
D/dalvikvm( 1505): GC_CONCURRENT freed 488K, 79% free 1315K/6019K, paused 1ms+1ms
D/dalvikvm( 1505): GC_CONCURRENT freed 370K, 76% free 1456K/6019K, paused 1ms+1ms
D/dalvikvm( 1505): GC_CONCURRENT freed 547K, 77% free 1413K/6019K, paused 1ms+1ms
D/dalvikvm( 1505): GC_CONCURRENT freed 489K, 79% free 1317K/6019K, paused 1ms+2ms
D/dalvikvm( 1505): GC_CONCURRENT freed 386K, 78% free 1345K/6019K, paused 1ms+1ms
D/dalvikvm( 1505): GC_CONCURRENT freed 411K, 78% free 1330K/6019K, paused 0ms+1ms
D/dalvikvm( 1505): GC_CONCURRENT freed 411K, 77% free 1396K/6019K, paused 1ms+1ms
D/dalvikvm( 1505): GC_CONCURRENT freed 475K, 79% free 1313K/6019K, paused 1ms+1ms
D/dalvikvm( 1505): GC_CONCURRENT freed 395K, 79% free 1312K/6019K, paused 0ms+1ms
D/dalvikvm( 1505): GC_CONCURRENT freed 393K, 79% free 1318K/6019K, paused 1ms+1ms
D/HomePlayerLib( 1505): hostaddress count is 1
D/dalvikvm( 1505): GC_CONCURRENT freed 411K, 79% free 1296K/6019K, paused 1ms+1ms
D/dalvikvm( 1505): GC_CONCURRENT freed 388K, 77% free 1393K/6019K, paused 1ms+1ms
D/dalvikvm( 1505): GC_CONCURRENT freed 486K, 79% free 1316K/6019K, paused 1ms+1ms
D/dalvikvm( 1505): GC_CONCURRENT freed 391K, 78% free 1363K/6019K, paused 0ms+1ms
D/dalvikvm( 1505): GC_CONCURRENT freed 455K, 77% free 1415K/6019K, paused 1ms+1ms
D/dalvikvm( 1505): GC_CONCURRENT freed 503K, 79% free 1304K/6019K, paused 1ms+1ms
D/dalvikvm( 1505): GC_CONCURRENT freed 394K, 79% free 1302K/6019K, paused 0ms+1ms
D/dalvikvm( 1505): GC_CONCURRENT freed 377K, 78% free 1325K/6019K, paused 1ms+1ms
D/dalvikvm( 1505): GC_CONCURRENT freed 393K, 78% free 1331K/6019K, paused 1ms+1ms
D/dalvikvm( 1505): GC_CONCURRENT freed 395K, 77% free 1418K/6019K, paused 1ms+1ms
D/dalvikvm( 1505): GC_CONCURRENT freed 482K, 79% free 1319K/6019K, paused 1ms+1ms
D/dalvikvm( 1505): GC_CONCURRENT freed 396K, 79% free 1317K/6019K, paused 0ms+1ms
D/dalvikvm( 1505): GC_CONCURRENT freed 392K, 77% free 1431K/6019K, paused 1ms+1ms
D/dalvikvm( 1505): GC_CONCURRENT freed 487K, 78% free 1331K/6019K, paused 0ms+1ms
D/dalvikvm( 1505): GC_CONCURRENT freed 395K, 78% free 1377K/6019K, paused 2ms+1ms
D/dalvikvm( 1505): GC_CONCURRENT freed 444K, 77% free 1428K/6019K, paused 1ms+1ms
D/dalvikvm( 1505): GC_CONCURRENT freed 493K, 76% free 1446K/6019K, paused 1ms+1ms
D/dalvikvm( 1505): GC_CONCURRENT freed 526K, 77% free 1435K/6019K, paused 1ms+1ms
D/dalvikvm( 1505): GC_CONCURRENT freed 513K, 79% free 1321K/6019K, paused 1ms+1ms
D/dalvikvm( 1505): GC_CONCURRENT freed 394K, 79% free 1320K/6019K, paused 1ms+1ms
D/dalvikvm( 1505): GC_CONCURRENT freed 394K, 78% free 1363K/6019K, paused 0ms+1ms
D/dalvikvm( 1505): GC_CONCURRENT freed 434K, 79% free 1322K/6019K, paused 1ms+1ms
D/dalvikvm( 1505): GC_CONCURRENT freed 395K, 79% free 1322K/6019K, paused 1ms+2ms
D/dalvikvm( 1505): GC_CONCURRENT freed 403K, 79% free 1313K/6019K, paused 1ms+1ms
D/dalvikvm( 1505): GC_CONCURRENT freed 405K, 79% free 1301K/6019K, paused 1ms+1ms
D/dalvikvm( 1505): GC_CONCURRENT freed 392K, 79% free 1309K/6019K, paused 1ms+0ms
D/HomePlayerLib( 1505): hostaddress count is 1
D/dalvikvm( 1505): GC_CONCURRENT freed 401K, 79% free 1297K/6019K, paused 1ms+1ms
D/dalvikvm( 1505): GC_CONCURRENT freed 389K, 79% free 1310K/6019K, paused 1ms+1ms
D/dalvikvm( 1505): GC_CONCURRENT freed 404K, 79% free 1298K/6019K, paused 0ms+1ms
D/dalvikvm( 1505): GC_CONCURRENT freed 390K, 79% free 1301K/6019K, paused 1ms+1ms
D/dalvikvm( 1505): GC_CONCURRENT freed 393K, 79% free 1315K/6019K, paused 1ms+1ms
D/dalvikvm( 1505): GC_CONCURRENT freed 375K, 78% free 1360K/6019K, paused 2ms+1ms
D/dalvikvm( 1505): GC_CONCURRENT freed 431K, 79% free 1323K/6019K, paused 1ms+1ms
D/dalvikvm( 1505): GC_CONCURRENT freed 393K, 79% free 1322K/6019K, paused 1ms+1ms
D/dalvikvm( 1505): GC_CONCURRENT freed 396K, 77% free 1434K/6019K, paused 1ms+1ms
D/dalvikvm( 1505): GC_CONCURRENT freed 488K, 78% free 1377K/6019K, paused 1ms+1ms
D/dalvikvm( 1505): GC_CONCURRENT freed 428K, 77% free 1419K/6019K, paused 1ms+1ms
D/CheckNetWork( 1752): isOk true
D/CheckNetWork( 1752): ActInfoNetworkInfo: type: WIFI[], state: CONNECTED/CONNECTED, reason: (unspecified), extra: (none), roaming: false, failover: false, isAvailable: true
D/CheckNetWork( 1752): infoNetworkInfo: type: WIFI[], state: CONNECTED/CONNECTED, reason: (unspecified), extra: (none), roaming: false, failover: false, isAvailable: true
D/dalvikvm( 1505): GC_CONCURRENT freed 503K, 77% free 1427K/6019K, paused 1ms+1ms
D/dalvikvm( 1505): GC_CONCURRENT freed 519K, 79% free 1300K/6019K, paused 1ms+1ms
D/dalvikvm( 1505): GC_CONCURRENT freed 395K, 77% free 1413K/6019K, paused 1ms+1ms
D/dalvikvm( 1505): GC_CONCURRENT freed 499K, 79% free 1301K/6019K, paused 1ms+1ms
D/dalvikvm( 1505): GC_CONCURRENT freed 395K, 77% free 1406K/6019K, paused 0ms+1ms
D/dalvikvm( 1505): GC_CONCURRENT freed 486K, 77% free 1420K/6019K, paused 1ms+1ms
D/dalvikvm( 1505): GC_CONCURRENT freed 513K, 79% free 1298K/6019K, paused 1ms+1ms
D/dalvikvm( 1505): GC_CONCURRENT freed 444K, 79% free 1311K/6019K, paused 0ms+1ms
D/HomePlayerLib( 1505): hostaddress count is 1
D/dalvikvm( 1505): GC_CONCURRENT freed 403K, 79% free 1297K/6019K, paused 1ms+1ms
D/dalvikvm( 1505): GC_CONCURRENT freed 388K, 79% free 1311K/6019K, paused 1ms+1ms
D/dalvikvm( 1505): GC_CONCURRENT freed 405K, 79% free 1315K/6019K, paused 1ms+1ms
D/dalvikvm( 1505): GC_CONCURRENT freed 395K, 79% free 1306K/6019K, paused 1ms+1ms
D/dalvikvm( 1505): GC_CONCURRENT freed 399K, 79% free 1302K/6019K, paused 1ms+1ms
D/dalvikvm( 1505): GC_CONCURRENT freed 380K, 79% free 1309K/6019K, paused 1ms+1ms
D/dalvikvm( 1505): GC_CONCURRENT freed 386K, 78% free 1336K/6019K, paused 1ms+1ms
D/dalvikvm( 1505): GC_CONCURRENT freed 393K, 78% free 1341K/6019K, paused 1ms+1ms
D/dalvikvm( 1505): GC_CONCURRENT freed 414K, 78% free 1367K/6019K, paused 1ms+1ms
D/dalvikvm( 1505): GC_CONCURRENT freed 442K, 78% free 1327K/6019K, paused 1ms+1ms
D/dalvikvm( 1505): GC_CONCURRENT freed 407K, 79% free 1308K/6019K, paused 1ms+1ms
D/dalvikvm( 1505): GC_CONCURRENT freed 383K, 78% free 1332K/6019K, paused 1ms+1ms
D/dalvikvm( 1505): GC_CONCURRENT freed 396K, 78% free 1330K/6019K, paused 0ms+1ms
D/dalvikvm( 1505): GC_CONCURRENT freed 394K, 77% free 1436K/6019K, paused 1ms+1ms
D/dalvikvm( 1505): GC_CONCURRENT freed 502K, 77% free 1391K/6019K, paused 0ms+1ms
D/dalvikvm( 1505): GC_CONCURRENT freed 459K, 77% free 1444K/6019K, paused 1ms+1ms
D/dalvikvm( 1505): GC_CONCURRENT freed 518K, 77% free 1434K/6019K, paused 0ms+1ms
D/dalvikvm( 1505): GC_CONCURRENT freed 529K, 79% free 1295K/6019K, paused 1ms+1ms
D/dalvikvm( 1505): GC_CONCURRENT freed 378K, 77% free 1396K/6019K, paused 1ms+1ms
D/dalvikvm( 1505): GC_CONCURRENT freed 476K, 77% free 1419K/6019K, paused 1ms+1ms
D/dalvikvm( 1505): GC_CONCURRENT freed 502K, 78% free 1332K/6019K, paused 1ms+0ms
D/HomePlayerLib( 1505): hostaddress count is 1
D/dalvikvm( 1505): GC_CONCURRENT freed 425K, 77% free 1411K/6019K, paused 0ms+1ms
D/dalvikvm( 1505): GC_CONCURRENT freed 497K, 77% free 1412K/6019K, paused 1ms+1ms
D/dalvikvm( 1505): GC_CONCURRENT freed 503K, 79% free 1294K/6019K, paused 1ms+1ms
D/dalvikvm( 1505): GC_CONCURRENT freed 372K, 77% free 1422K/6019K, paused 1ms+1ms
D/dalvikvm( 1505): GC_CONCURRENT freed 514K, 78% free 1372K/6019K, paused 1ms+1ms
D/dalvikvm( 1505): GC_CONCURRENT freed 462K, 79% free 1314K/6019K, paused 1ms+1ms
D/dalvikvm( 1505): GC_CONCURRENT freed 391K, 77% free 1443K/6019K, paused 1ms+1ms
D/dalvikvm( 1505): GC_CONCURRENT freed 518K, 79% free 1310K/6019K, paused 1ms+1ms
D/dalvikvm( 1505): GC_CONCURRENT freed 382K, 78% free 1324K/6019K, paused 1ms+1ms
D/dalvikvm( 1505): GC_CONCURRENT freed 379K, 78% free 1333K/6019K, paused 1ms+1ms
D/dalvikvm( 1505): GC_CONCURRENT freed 408K, 79% free 1315K/6019K, paused 1ms+1ms
D/dalvikvm( 1505): GC_CONCURRENT freed 395K, 79% free 1318K/6019K, paused 1ms+1ms
D/dalvikvm( 1505): GC_CONCURRENT freed 404K, 79% free 1310K/6019K, paused 1ms+1ms
D/dalvikvm( 1505): GC_CONCURRENT freed 392K, 79% free 1309K/6019K, paused 1ms+1ms
D/HomePlayerLib( 1505): hostaddress count is 1
D/dalvikvm( 1505): GC_CONCURRENT freed 402K, 79% free 1297K/6019K, paused 1ms+1ms
D/dalvikvm( 1505): GC_CONCURRENT freed 388K, 78% free 1352K/6019K, paused 1ms+1ms
D/dalvikvm( 1505): GC_CONCURRENT freed 446K, 78% free 1361K/6019K, paused 1ms+1ms
D/dalvikvm( 1505): GC_CONCURRENT freed 427K, 78% free 1373K/6019K, paused 1ms+1ms
D/dalvikvm( 1505): GC_CONCURRENT freed 456K, 77% free 1425K/6019K, paused 1ms+2ms
D/dalvikvm( 1505): GC_CONCURRENT freed 503K, 77% free 1441K/6019K, paused 0ms+2ms
D/dalvikvm( 1505): GC_CONCURRENT freed 514K, 79% free 1311K/6019K, paused 1ms+1ms
D/dalvikvm( 1505): GC_CONCURRENT freed 390K, 78% free 1356K/6019K, paused 1ms+1ms
D/dalvikvm( 1505): GC_CONCURRENT freed 431K, 77% free 1433K/6019K, paused 1ms+1ms
D/dalvikvm( 1505): GC_CONCURRENT freed 492K, 76% free 1501K/6019K, paused 1ms+1ms
D/dalvikvm( 1505): GC_CONCURRENT freed 564K, 76% free 1445K/6019K, paused 0ms+1ms
D/dalvikvm( 1505): GC_CONCURRENT freed 518K, 77% free 1401K/6019K, paused 1ms+1ms
D/dalvikvm( 1505): GC_CONCURRENT freed 476K, 78% free 1350K/6019K, paused 1ms+1ms
D/dalvikvm( 1505): GC_CONCURRENT freed 418K, 77% free 1443K/6019K, paused 1ms+1ms
D/dalvikvm( 1505): GC_CONCURRENT freed 517K, 77% free 1387K/6019K, paused 1ms+1ms
D/dalvikvm( 1505): GC_CONCURRENT freed 449K, 78% free 1331K/6019K, paused 1ms+2ms
D/dalvikvm( 1505): GC_CONCURRENT freed 443K, 77% free 1393K/6019K, paused 0ms+1ms
D/dalvikvm( 1505): GC_CONCURRENT freed 478K, 79% free 1309K/6019K, paused 1ms+2ms
D/dalvikvm( 1505): GC_CONCURRENT freed 395K, 79% free 1308K/6019K, paused 1ms+1ms
D/dalvikvm( 1505): GC_CONCURRENT freed 394K, 79% free 1300K/6019K, paused 1ms+1ms
D/dalvikvm( 1505): GC_CONCURRENT freed 394K, 78% free 1325K/6019K, paused 1ms+2ms
D/dalvikvm( 1505): GC_CONCURRENT freed 407K, 79% free 1313K/6019K, paused 1ms+1ms
D/dalvikvm( 1505): GC_CONCURRENT freed 400K, 79% free 1311K/6019K, paused 0ms+1ms
D/HomePlayerLib( 1505): hostaddress count is 1
D/dalvikvm( 1505): GC_CONCURRENT freed 404K, 77% free 1411K/6019K, paused 1ms+1ms
D/dalvikvm( 1505): GC_CONCURRENT freed 497K, 78% free 1380K/6019K, paused 1ms+1ms
D/dalvikvm( 1505): GC_CONCURRENT freed 468K, 77% free 1403K/6019K, paused 1ms+1ms
D/dalvikvm( 1505): GC_CONCURRENT freed 457K, 78% free 1342K/6019K, paused 1ms+1ms
D/dalvikvm( 1505): GC_CONCURRENT freed 404K, 76% free 1447K/6019K, paused 1ms+1ms
D/dalvikvm( 1505): GC_CONCURRENT freed 511K, 76% free 1446K/6019K, paused 1ms+1ms
D/dalvikvm( 1505): GC_CONCURRENT freed 523K, 77% free 1435K/6019K, paused 1ms+1ms
D/dalvikvm( 1505): GC_CONCURRENT freed 499K, 77% free 1395K/6019K, paused 1ms+1ms
D/dalvikvm( 1505): GC_CONCURRENT freed 469K, 79% free 1310K/6019K, paused 1ms+1ms
D/dalvikvm( 1505): GC_CONCURRENT freed 378K, 78% free 1330K/6019K, paused 0ms+1ms
D/dalvikvm( 1505): GC_CONCURRENT freed 412K, 78% free 1360K/6019K, paused 1ms+1ms
D/dalvikvm( 1505): GC_CONCURRENT freed 444K, 79% free 1310K/6019K, paused 1ms+1ms
D/dalvikvm( 1505): GC_CONCURRENT freed 397K, 79% free 1308K/6019K, paused 1ms+1ms
D/dalvikvm( 1505): GC_CONCURRENT freed 394K, 79% free 1308K/6019K, paused 1ms+1ms
D/dalvikvm( 1505): GC_CONCURRENT freed 394K, 79% free 1308K/6019K, paused 1ms+1ms
D/dalvikvm( 1505): GC_CONCURRENT freed 389K, 79% free 1310K/6019K, paused 1ms+1ms
D/HomePlayerLib( 1505): hostaddress count is 1
D/dalvikvm( 1505): GC_CONCURRENT freed 402K, 79% free 1299K/6019K, paused 1ms+1ms
D/dalvikvm( 1505): GC_CONCURRENT freed 427K, 78% free 1355K/6019K, paused 1ms+1ms
D/dalvikvm( 1505): GC_CONCURRENT freed 429K, 77% free 1423K/6019K, paused 1ms+1ms
D/dalvikvm( 1505): GC_CONCURRENT freed 514K, 77% free 1406K/6019K, paused 1ms+1ms
D/dalvikvm( 1505): GC_CONCURRENT freed 497K, 79% free 1299K/6019K, paused 1ms+1ms
D/dalvikvm( 1505): GC_CONCURRENT freed 388K, 75% free 1512K/6019K, paused 1ms+1ms
D/dalvikvm( 1505): GC_CONCURRENT freed 581K, 78% free 1362K/6019K, paused 0ms+7ms
D/dalvikvm( 1505): GC_CONCURRENT freed 423K, 78% free 1332K/6019K, paused 1ms+1ms
D/dalvikvm( 1505): GC_CONCURRENT freed 391K, 77% free 1438K/6019K, paused 1ms+1ms
D/dalvikvm( 1505): GC_CONCURRENT freed 499K, 78% free 1329K/6019K, paused 0ms+1ms
D/dalvikvm( 1505): GC_CONCURRENT freed 419K, 79% free 1301K/6019K, paused 1ms+1ms

[  694.147679] IR: [03932] scan key value is 0xea15c936 
[  694.147685]  
[  694.199485] IR: [03932] scan key value is 0xea15c936 
[  694.199490]  D/dalvikvm( 1505): GC_CONCURRENT freed 397K, 77% free 1413K/6019K, paused 5ms+3ms
D/InputEventConsistencyVerifier( 2183): KeyEvent: ACTION_UP but key was not down.
D/InputEventConsistencyVerifier( 2183):   in com.coship.cibn.view.CollectionsItemView@417fa498
D/InputEventConsistencyVerifier( 2183):   0: sent at 694364000000, KeyEvent { action=ACTION_UP, keyCode=KEYCODE_DPAD_DOWN, scanCode=108, metaState=0, flags=0x8, repeatCount=0, eventTime=694364, downTime=694153, deviceId=2, source=0x101 }
D/dalvikvm( 1505): GC_CONCURRENT freed 487K, 79% free 1313K/6019K, paused 1ms+1ms
D/dalvikvm( 1505): GC_CONCURRENT freed 395K, 79% free 1313K/6019K, paused 1ms+1ms
D/dalvikvm( 1505): GC_CONCURRENT freed 394K, 79% free 1312K/6019K, paused 1ms+1ms
D/dalvikvm( 1505): GC_CONCURRENT freed 392K, 79% free 1318K/6019K, paused 1ms+1ms

[  695.008828] IR: [03932] scan key value is 0xee11c936 
[  695.008833]  
[  695.060233] IR: [03932] scan key value is 0xee11c936 
[  695.060238]  D/dalvikvm( 1505): GC_CONCURRENT freed 402K, 77% free 1425K/6019K, paused 1ms+1ms
D/InputEventConsistencyVerifier( 2183): KeyEvent: ACTION_UP but key was not down.
D/InputEventConsistencyVerifier( 2183):   in com.coship.cibn.view.Collections
[  695.276226] IR: [03932] scan key value is 0xee11c936 
[  695.276232]  ItemView@4206e9c8
D/InputEventConsistencyVerifier( 2183):   0: sent at 695228000000, KeyEvent { action=ACTION_UP, keyCode=KEYCODE_DPAD_UP, scanCode=103, metaState=0, flags=0x8, repeatCount=0, eventTime=695228, downTime=695014, deviceId=2, source=0x101 }
D/InputEventConsistencyVerifier( 2183):   -- recent events --
D/InputEventConsistencyVerifier( 2183):   1: sent at 694153000000, (unhandled) KeyEvent { action=ACTION_DOWN, keyCode=KEYCODE_DPAD_DOWN, scanCode=108, metaState=0, flags=0x8, repeatCount=0, eve
[  695.327635] IR: [03932] scan key value is 0xee11c936 
[  695.327640]  ntTime=694153, downTime=694153, deviceId=2, source=0x101 }
E/WindowManager(  944): ##############################dispatchUnhandledKey
D/dalvikvm( 1505): GC_CONCURRENT freed 517K, 79% free 1301K/6019K, paused 0ms+1ms
D/dalvikvm( 1505): GC_CONCURRENT freed 395K, 79% free 1308K/6019K, paused 1ms+1ms

[  695.703628] IR: [03932] scan key value is 0xea15c936 
[  695.703634]  
[  695.755481] IR: [03932] scan key value is 0xea15c936 
[  695.755486]  D/InputEventConsistencyVerifier( 2183): KeyEvent: ACTION_UP but key was not down.
D/InputEventConsistencyVerifier( 2183):   in com.coship.cibn.view.Collections
[  695.954646] IR: [03932] scan key value is 0xea15c936 
[  695.954651]  ItemView@417fa498
D/InputEventConsistencyVerifier( 2183):   0: sent at 695920000000, KeyEvent { action=ACTION_UP, keyCode=KEYCODE_DPAD_DOWN, scanCode=108, metaState=0, flags=0x8, repeatCount=0, eventTime=695920, downTime=695709, deviceId=2, source=0x101 }
D/InputEventConsistencyVerifier( 2183):   -- recent events --
D/InputEventConsistencyVerifier( 2183):   1: sent at 695014000000, (unhandled) KeyEvent { action=ACTION_DOWN, keyCode=KEYCODE_DPAD_UP, scanCode=103, metaState=0, flags=0x8, repeatCount=0, eventTime=695014, downTime=695014, deviceId=2, source=0x101 }
D/InputEventConsistencyVerifier( 2183):   2: sent at 694364000000, (unhandled) KeyEvent { action=ACTION_UP, keyCode=KEYCODE_DPAD_DOWN, scanCode=108, metaState=0, flags=0x80000008, repeatCount=0, eventTime=694364, downTime=694153, deviceId=2, source=0x101 }
D/InputEventConsistencyVerifier( 2183): KeyEvent: ACTION_UP but key was not down.
D/InputEventConsistencyVerifier( 2183):   in android.widget.ImageView@41e44168
D/InputEventConsistencyVerifier( 2183):   0: sent at 696120000000, KeyEvent { action=ACTION_UP, keyCode=KEYCODE_DPAD_DOWN, scanCode=108, metaState=0, flags=0x8, repeatCount=0, eventTime=696120, downTime=695961, deviceId=2, source=0x101 }
D/CheckNetWork( 1752): isOk true
D/CheckNetWork( 1752): ActInfoNetworkInfo: type: WIFI[], state: CONNECTED/CONNECTED, reason: (unspecified), extra: (none), roaming: false, failover: false, isAvailable: true
D/CheckNetWork( 1752): infoNetworkInfo: type: WIFI[], state: CONNECTED/CONNECTED, reason: (unspecified), extra: (none), roaming: false, failover: false, isAvailable: true

[  696.365592] IR: [03932] scan key value is 0xee11c936 
[  696.365597]  
[  696.417049] IR: [03932] scan key value is 0xee11c936 
[  696.417054]  D/InputEventConsistencyVerifier( 2183): KeyEvent: ACTION_UP but key was not down.
D/InputEventConsistencyVerifier( 2183):   in com.coship.widget.viewflow.ViewFlow@42036448
D/InputEventConsistencyVerifier( 2183):   0: sent at 696580000000, KeyEvent { action=ACTION_UP, keyCode=KEYCODE_DPAD_UP, scanCode=103, metaState=0, flags=0x8, repeatCount=0, eventTime=696580, downTime=696371, deviceId=2, source=0x101 }
D/InputEventConsistencyVerifier( 2183):   -- recent events --
D/InputEventConsistencyVerifier( 2183):   1: sent at 695961000000, (unhandled) KeyEvent { action=ACTION_DOWN, keyCode=KEYCODE_DPAD_DOWN, scanCode=108, metaState=0, flags=0x8, repeatCount=0, eventTime=695961, downTime=695961, deviceId=2, source=0x101 }
D/InputEventConsistencyVerifier( 2183):   2: sent at 695920000000, (unhandled) KeyEvent { action=ACTION_UP, keyCode=KEYCODE_DPAD_DOWN, scanCode=108, metaState=0, flags=0x8, repeatCount=0, eventTime=695920, downTime=695709, deviceId=2, source=0x101 }
D/InputEventConsistencyVerifier( 2183):   3: sent at 695709000000, (unhandled) KeyEvent { action=ACTION_DOWN, keyCode=KEYCODE_DPAD_DOWN, scanCode=108, metaState=0, flags=0x8, repeatCount=0, eventTime=695709, downTime=695709, deviceId=2, source=0x101 }
D/InputEventConsistencyVerifier( 2183):   4: sent at 695492000000, (unhandled) KeyEvent { action=ACTION_UP, keyCode=KEYCODE_DPAD_UP, scanCode=103, metaState=0, flags=0x8, repeatCount=0, eventTime=695492, downTime=695282, deviceId=2, source=0x101 }
D/InputEventConsistencyVerifier( 2183):   5: sent at 695282000000, (unhandled) KeyEvent { action=ACTION_DOWN, keyCode=KEYCODE_DPAD_UP, scanCode=103, metaState=0, flags=0x8, repeatCount=0, eventTime=695282, downTime=695282, deviceId=2, source=0x101 }

[  696.820295] IR: [03932] scan key value is 0xee11c936 
[  696.820300]  D/InputEventConsistencyVerifier( 2183): KeyEvent: ACTION_UP but key was not down.
D/InputEventConsistencyVerifier( 2183):   in com.coship.cibn.view.CollectionsItemView@4206e9c8
D/InputEventConsistencyVerifier( 2183):   0: sent at 696984000000, KeyEvent { action=ACTION_UP, keyCode=KEYCODE_DPAD_UP, scanCode=103, metaState=0, flags=0x8, repeatCount=0, eventTime=696984, downTime=696825, deviceId=2, source=0x101 }
D/InputEventConsistencyVerifier( 2183):   -- recent events --
D/InputEventConsistencyVerifier( 2183):   1: sent at 695709000000, (unhandled) KeyEvent { action=ACTION_DOWN, keyCode=KEYCODE_DPAD_DOWN, scanCode=108, metaState=0, flags=0x8, repeatCount=0, eventTime=695709, downTime=695709, deviceId=2, source=0x101 }
D/InputEventConsistencyVerifier( 2183):   2: sent at 695492000000, (unhandled) KeyEvent { action=ACTION_UP, keyCode=KEYCODE_DPAD_UP, scanCode=103, metaState=0, flags=0x8, repeatCount=0, eventTime=695492, downTime=695282, deviceId=2, source=0x101 }
D/InputEventConsistencyVerifier( 2183):   3: sent at 695282000000, (unhandled) KeyEvent { action=ACTION_DOWN, keyCode=KEYCODE_DPAD_UP, scanCode=103, metaState=0, flags=0x8, repeatCount=0, eventTime=695282, downTime=695282, deviceId=2, source=0x101 }
D/InputEventConsistencyVerifier( 2183):   4: sent at 695228000000, (unhandled) KeyEvent { action=ACTION_UP, keyCode=KEYCODE_DPAD_UP, scanCode=103, metaState=0, flags=0x80000008, repeatCount=0, eventTime=695228, downTime=695014, deviceId=2, source=0x101 }
D/InputEventConsistencyVerifier( 2183):   5: sent at 694153000000, (unhandled) KeyEvent { action=ACTION_DOWN, keyCode=KEYCODE_DPAD_DOWN, scanCode=108, metaState=0, flags=0x8, repeatCount=0, eventTime=694153, downTime=694153, deviceId=2, source=0x101 }
D/dalvikvm( 1505): GC_CONCURRENT freed 390K, 79% free 1311K/6019K, paused 1ms+1ms
D/HomePlayerLib( 1505): hostaddress count is 1
D/dalvikvm( 1505): GC_CONCURRENT freed 409K, 79% free 1297K/6019K, paused 1ms+1ms
D/dalvikvm( 1505): GC_CONCURRENT freed 378K, 79% free 1314K/6019K, paused 1ms+1ms
D/dalvikvm( 1505): GC_CONCURRENT freed 380K, 78% free 1326K/6019K, paused 1ms+1ms
D/dalvikvm( 1505): GC_CONCURRENT freed 371K, 78% free 1341K/6019K, paused 1ms+1ms

[  697.533422] IR: [03932] scan key value is 0xf10ec936 
[  697.533428]  
[  697.584026] IR: [03932] scan key value is 0xf10ec936 
[  697.584031]  D/dalvikvm( 1505): GC_CONCURRENT freed 422K, 79% free 1317K/6019K, paused 1ms+1ms
D/dalvikvm( 1505): GC_CONCURRENT freed 393K, 79% free 1314K/6019K, paused 1ms+6ms
W/ActivityManager(  944): Duplicate finish request for ActivityRecord{416a6cc0 com.coship.cibn/.activity.CollectionsListActivity}
D/OpenGLRenderer( 2183): Flushing caches (mode 0)
D/dalvikvm( 1505): GC_CONCURRENT freed 380K, 77% free 1406K/6019K, paused 1ms+1ms
D/dalvikvm( 1505): GC_CONCURRENT freed 480K, 77% free 1395K/6019K, paused 1ms+1ms
D/dalvikvm( 2183): GC_EXPLICIT freed 553K, 18% free 20509K/24771K, paused 2ms+12ms
E/StrictMode( 2183): class com.coship.cibn.activity.CollectionsListActivity; instances=3; limit=1
E/StrictMode( 2183): android.os.StrictMode$InstanceCountViolation: class com.coship.cibn.activity.CollectionsListActivity; instances=3; limit=1
E/StrictMode( 2183):    at android.os.StrictMode.setClassInstanceLimit(StrictMode.java:1)
D/dalvikvm( 1505): GC_CONCURRENT freed 463K, 78% free 1328K/6019K, paused 1ms+1ms
D/dalvikvm( 1505): GC_CONCURRENT freed 397K, 78% free 1326K/6019K, paused 1ms+2ms

[  698.514317] IR: [03932] scan key value is 0xed12c936 
[  698.514322]  
[  698.565767] IR: [03932] scan key value is 0xed12c936 
[  698.565772]  D/dalvikvm( 1505): GC_CONCURRENT freed 394K, 77% free 1425K/6019K, paused 1ms+1ms
D/InputEventConsistencyVerifier( 2183): KeyEvent: ACTION_UP but key was not down.
D/InputEventConsistencyVerifier( 2183):   in android.support.v4.widget.StaggeredGridView@41859ad8
D/InputEventConsistencyVerifier( 2183):   0: sent at 698732000000, KeyEvent { action=ACTION_UP, keyCode=KEYCODE_DPAD_LEFT, scanCode=105, metaState=0, flags=0x8, repeatCount=0, eventTime=698732, downTime=698519, deviceId=2, source=0x101 }
D/dalvikvm( 1505): GC_CONCURRENT freed 487K, 78% free 1332K/6019K, paused 1ms+1ms
D/dalvikvm( 1505): GC_CONCURRENT freed 395K, 78% free 1331K/6019K, paused 1ms+1ms
D/dalvikvm( 1505): GC_CONCURRENT freed 394K, 78% free 1331K/6019K, paused 1ms+1ms

[  699.730164] IR: [03932] scan key value is 0xea15c936 
[  699.730170]  E/WindowManager(  944): ##############################dispatchUnhandledKey

[  700.148422] IR: [03932] scan key value is 0xed12c936 
[  700.148427]  
[  700.199884] IR: [03932] scan key value is 0xed12c936 
[  700.199890]  D/InputEventConsistencyVerifier( 2183): KeyEvent: ACTION_UP but key was not down.
D/InputEventConsistencyVerifier( 2183):   in com.coship.cibn.view.ScaleViewPanel@417f2590
D/InputEventConsistencyVerifier( 2183):   0: sent at 700368000000, KeyEvent { action=ACTION_UP, keyCode=KEYCODE_DPAD_LEFT, scanCode=105, metaState=0, flags=0x8, repeatCount=0, eventTime=700368, downTime=700153, deviceId=2, source=0x101 }
D/MainActivity( 2183): position = 2

[  700.714700] IR: [03932] scan key value is 0xed12c936 
[  700.714705]  
[  700.766182] IR: [03932] scan key value is 0xed12c936 
[  700.766187]  D/InputEventConsistencyVerifier( 2183): KeyEvent: ACTION_UP but key was not down.
D/InputEventConsistencyVerifier( 2183):   in com.coship.cibn.view.ScaleViewPanel@41732690
D/InputEventConsistencyVerifier( 2183):   0: sent at 700932000000, KeyEvent { action=ACTION_UP, keyCode=KEYCODE_DPAD_LEFT, scanCode=105, metaState=0, flags=0x8, repeatCount=0, eventTime=700932, downTime=700720, deviceId=2, source=0x101 }
W/ThrottleService(  944): unable to find stats for iface rmnet0
D/dalvikvm( 1505): GC_CONCURRENT freed 397K, 79% free 1324K/6019K, paused 1ms+1ms
D/dalvikvm( 1505): GC_CONCURRENT freed 394K, 79% free 1322K/6019K, paused 1ms+1ms
D/dalvikvm( 1505): GC_CONCURRENT freed 413K, 79% free 1301K/6019K, paused 0ms+1ms
D/dalvikvm( 1505): GC_CONCURRENT freed 396K, 77% free 1413K/6019K, paused 1ms+1ms
D/dalvikvm( 1505): GC_CONCURRENT freed 487K, 79% free 1313K/6019K, paused 1ms+0ms
D/dalvikvm( 1505): GC_CONCURRENT freed 405K, 78% free 1325K/6019K, paused 1ms+1ms
D/HomePlayerLib( 1505): hostaddress count is 1
D/dalvikvm( 1505): GC_CONCURRENT freed 422K, 77% free 1412K/6019K, paused 1ms+1ms
D/dalvikvm( 1505): GC_CONCURRENT freed 500K, 77% free 1422K/6019K, paused 1ms+0ms
D/dalvikvm( 1505): GC_CONCURRENT freed 512K, 79% free 1321K/6019K, paused 1ms+1ms
D/dalvikvm( 1505): GC_CONCURRENT freed 400K, 79% free 1316K/6019K, paused 1ms+1ms
D/dalvikvm( 1505): GC_CONCURRENT freed 393K, 79% free 1314K/6019K, paused 1ms+1ms
D/dalvikvm( 1505): GC_CONCURRENT freed 392K, 79% free 1316K/6019K, paused 1ms+1ms
D/dalvikvm( 1505): GC_CONCURRENT freed 393K, 79% free 1316K/6019K, paused 1ms+1ms
D/dalvikvm( 1505): GC_CONCURRENT freed 397K, 78% free 1326K/6019K, paused 1ms+1ms
D/dalvikvm( 1505): GC_CONCURRENT freed 385K, 78% free 1326K/6019K, paused 1ms+1ms
D/dalvikvm( 1505): GC_CONCURRENT freed 406K, 79% free 1323K/6019K, paused 1ms+1ms
D/dalvikvm( 1505): GC_CONCURRENT freed 394K, 79% free 1321K/6019K, paused 1ms+1ms
D/dalvikvm( 1505): GC_CONCURRENT freed 392K, 78% free 1368K/6019K, paused 1ms+1ms
D/dalvikvm( 1505): GC_CONCURRENT freed 442K, 77% free 1435K/6019K, paused 1ms+2ms
D/dalvikvm( 1505): GC_CONCURRENT freed 518K, 77% free 1419K/6019K, paused 0ms+1ms
D/dalvikvm( 1505): GC_CONCURRENT freed 489K, 79% free 1323K/6019K, paused 1ms+1ms
D/dalvikvm( 1505): GC_CONCURRENT freed 413K, 76% free 1475K/6019K, paused 1ms+1ms
D/dalvikvm( 1505): GC_CONCURRENT freed 558K, 77% free 1415K/6019K, paused 1ms+1ms
D/dalvikvm( 1505): GC_CONCURRENT freed 500K, 78% free 1371K/6019K, paused 1ms+1ms
D/dalvikvm( 1505): GC_CONCURRENT freed 451K, 79% free 1312K/6019K, paused 1ms+0ms
D/dalvikvm( 1505): GC_CONCURRENT freed 394K, 77% free 1419K/6019K, paused 1ms+1ms
D/dalvikvm( 1505): GC_CONCURRENT freed 502K, 79% free 1301K/6019K, paused 1ms+1ms
D/dalvikvm( 1505): GC_CONCURRENT freed 397K, 79% free 1287K/6019K, paused 0ms+1ms
D/HomePlayerLib( 1505): hostaddress count is 1
D/dalvikvm( 1505): GC_CONCURRENT freed 381K, 77% free 1411K/6019K, paused 1ms+1ms
D/dalvikvm( 1505): GC_CONCURRENT freed 496K, 77% free 1407K/6019K, paused 1ms+1ms
D/dalvikvm( 1505): GC_CONCURRENT freed 493K, 79% free 1299K/6019K, paused 1ms+1ms
D/dalvikvm( 1505): GC_CONCURRENT freed 350K, 76% free 1460K/6019K, paused 1ms+1ms
D/dalvikvm( 1505): GC_CONCURRENT freed 525K, 76% free 1447K/6019K, paused 1ms+1ms
D/dalvikvm( 1505): GC_CONCURRENT freed 517K, 77% free 1436K/6019K, paused 1ms+1ms
D/dalvikvm( 1505): GC_CONCURRENT freed 499K, 78% free 1334K/6019K, paused 1ms+1ms
D/dalvikvm( 1505): GC_CONCURRENT freed 386K, 76% free 1490K/6019K, paused 1ms+1ms
D/dalvikvm( 1505): GC_CONCURRENT freed 548K, 77% free 1422K/6019K, paused 1ms+1ms
D/dalvikvm( 1505): GC_CONCURRENT freed 507K, 79% free 1302K/6019K, paused 1ms+1ms
D/dalvikvm( 1505): GC_CONCURRENT freed 397K, 79% free 1291K/6019K, paused 1ms+1ms
D/dalvikvm( 1505): GC_CONCURRENT freed 366K, 79% free 1311K/6019K, paused 1ms+1ms
D/dalvikvm( 1505): GC_CONCURRENT freed 393K, 79% free 1311K/6019K, paused 0ms+1ms
D/dalvikvm( 1505): GC_CONCURRENT freed 403K, 79% free 1298K/6019K, paused 1ms+1ms
D/dalvikvm( 1505): GC_CONCURRENT freed 387K, 79% free 1310K/6019K, paused 1ms+1ms
D/HomePlayerLib( 1505): hostaddress count is 1
D/dalvikvm( 1505): GC_CONCURRENT freed 402K, 77% free 1413K/6019K, paused 1ms+0ms
D/dalvikvm( 1505): GC_CONCURRENT freed 507K, 77% free 1414K/6019K, paused 1ms+1ms
D/dalvikvm( 1505): GC_CONCURRENT freed 500K, 78% free 1377K/6019K, paused 1ms+1ms
D/dalvikvm( 1505): GC_CONCURRENT freed 457K, 77% free 1412K/6019K, paused 0ms+1ms
D/dalvikvm( 1505): GC_CONCURRENT freed 490K, 79% free 1309K/6019K, paused 0ms+1ms
D/dalvikvm( 1505): GC_CONCURRENT freed 372K, 79% free 1321K/6019K, paused 1ms+1ms
D/dalvikvm( 1505): GC_CONCURRENT freed 394K, 77% free 1436K/6019K, paused 1ms+1ms
D/dalvikvm( 1505): GC_CONCURRENT freed 488K, 76% free 1459K/6019K, paused 1ms+1ms
D/dalvikvm( 1505): GC_CONCURRENT freed 519K, 77% free 1442K/6019K, paused 1ms+1ms
D/dalvikvm( 1505): GC_CONCURRENT freed 535K, 79% free 1290K/6019K, paused 0ms+1ms
D/dalvikvm( 1505): GC_CONCURRENT freed 381K, 77% free 1419K/6019K, paused 1ms+1ms
D/dalvikvm( 1505): GC_CONCURRENT freed 503K, 78% free 1383K/6019K, paused 1ms+1ms
D/dalvikvm( 1505): GC_CONCURRENT freed 476K, 78% free 1332K/6019K, paused 1ms+1ms
D/dalvikvm( 1505): GC_CONCURRENT freed 481K, 79% free 1302K/6019K, paused 0ms+1ms
D/HomePlayerLib( 1505): hostaddress count is 1
D/dalvikvm( 1505): GC_CONCURRENT freed 392K, 79% free 1310K/6019K, paused 1ms+2ms
D/dalvikvm( 1505): GC_CONCURRENT freed 403K, 79% free 1298K/6019K, paused 1ms+1ms
D/dalvikvm( 1505): GC_CONCURRENT freed 378K, 79% free 1315K/6019K, paused 1ms+1ms
D/dalvikvm( 1505): GC_CONCURRENT freed 402K, 78% free 1362K/6019K, paused 1ms+1ms
D/dalvikvm( 1505): GC_CONCURRENT freed 444K, 79% free 1315K/6019K, paused 1ms+1ms
D/dalvikvm( 1505): GC_CONCURRENT freed 386K, 77% free 1394K/6019K, paused 1ms+1ms
D/dalvikvm( 1505): GC_CONCURRENT freed 471K, 77% free 1431K/6019K, paused 1ms+1ms
D/dalvikvm( 1505): GC_CONCURRENT freed 492K, 77% free 1414K/6019K, paused 1ms+1ms
D/dalvikvm( 1505): GC_CONCURRENT freed 493K, 78% free 1378K/6019K, paused 1ms+1ms
D/dalvikvm( 1505): GC_CONCURRENT freed 449K, 78% free 1333K/6019K, paused 1ms+1ms
D/dalvikvm( 1505): GC_CONCURRENT freed 394K, 78% free 1377K/6019K, paused 2ms+1ms
D/dalvikvm( 1505): GC_CONCURRENT freed 442K, 79% free 1320K/6019K, paused 1ms+1ms
D/dalvikvm( 1505): GC_CONCURRENT freed 395K, 77% free 1432K/6019K, paused 1ms+2ms
D/dalvikvm( 1505): GC_CONCURRENT freed 488K, 77% free 1414K/6019K, paused 1ms+2ms
D/dalvikvm( 1505): GC_CONCURRENT freed 475K, 78% free 1337K/6019K, paused 1ms+1ms
D/dalvikvm( 1505): GC_CONCURRENT freed 405K, 77% free 1443K/6019K, paused 1ms+1ms
D/dalvikvm( 1505): GC_CONCURRENT freed 517K, 77% free 1427K/6019K, paused 1ms+1ms
D/dalvikvm( 1505): GC_CONCURRENT freed 489K, 78% free 1337K/6019K, paused 0ms+1ms
D/dalvikvm( 1505): GC_CONCURRENT freed 421K, 76% free 1451K/6019K, paused 1ms+1ms
D/dalvikvm( 1505): GC_CONCURRENT freed 541K, 77% free 1410K/6019K, paused 1ms+1ms
D/dalvikvm( 1505): GC_CONCURRENT freed 500K, 77% free 1417K/6019K, paused 1ms+1ms
D/dalvikvm( 1505): GC_CONCURRENT freed 491K, 77% free 1396K/6019K, paused 1ms+1ms
D/HomePlayerLib( 1505): hostaddress count is 1
D/dalvikvm( 1505): GC_CONCURRENT freed 485K, 78% free 1331K/6019K, paused 1ms+1ms
D/dalvikvm( 1505): GC_CONCURRENT freed 424K, 79% free 1307K/6019K, paused 1ms+1ms
D/dalvikvm( 1505): GC_CONCURRENT freed 378K, 79% free 1314K/6019K, paused 1ms+1ms
D/dalvikvm( 1505): GC_CONCURRENT freed 386K, 78% free 1327K/6019K, paused 1ms+1ms
D/dalvikvm( 1505): GC_CONCURRENT freed 402K, 79% free 1322K/6019K, paused 1ms+1ms
D/dalvikvm( 1505): GC_CONCURRENT freed 373K, 78% free 1341K/6019K, paused 1ms+1ms
D/dalvikvm( 1505): GC_CONCURRENT freed 419K, 79% free 1311K/6019K, paused 1ms+1ms
D/dalvikvm( 1505): GC_CONCURRENT freed 381K, 78% free 1335K/6019K, paused 1ms+2ms
D/dalvikvm( 1505): GC_CONCURRENT freed 403K, 78% free 1331K/6019K, paused 1ms+1ms
D/dalvikvm( 1505): GC_CONCURRENT freed 407K, 79% free 1318K/6019K, paused 1ms+1ms
D/dalvikvm( 1505): GC_CONCURRENT freed 392K, 79% free 1322K/6019K, paused 1ms+2ms
D/dalvikvm( 1505): GC_CONCURRENT freed 378K, 78% free 1329K/6019K, paused 1ms+1ms
D/CheckNetWork( 1752): isOk true
D/CheckNetWork( 1752): ActInfoNetworkInfo: type: WIFI[], state: CONNECTED/CONNECTED, reason: (unspecified), extra: (none), roaming: false, failover: false, isAvailable: true
D/CheckNetWork( 1752): infoNetworkInfo: type: WIFI[], state: CONNECTED/CONNECTED, reason: (unspecified), extra: (none), roaming: false, failover: false, isAvailable: true
D/PushMsgCenter( 1724): mDownUpRun run while (true)
D/PushMsgCenter( 1724): down  
W/System.err( 1724): java.net.SocketTimeoutException: failed to connect to vitv.voicecloud.cn/60.166.12.149 (port 80) after 500ms
W/System.err( 1724):    at libcore.io.IoBridge.connectErrno(IoBridge.java:150)
W/System.err( 1724):    at libcore.io.IoBridge.connect(IoBridge.java:112)
W/System.err( 1724):    at java.net.PlainSocketImpl.connect(PlainSocketImpl.java:192)
W/System.err( 1724):    at java.net.PlainSocketImpl.connect(PlainSocketImpl.java:459)
W/System.err( 1724):    at java.net.Socket.connect(Socket.java:842)
W/System.err( 1724):    at libcore.net.http.HttpConnection.<init>(HttpConnection.java:77)
W/System.err( 1724):    at libcore.net.http.HttpConnection.<init>(HttpConnection.java:50)
W/System.err( 1724):    at libcore.net.http.HttpConnection$Address.connect(HttpConnection.java:351)
W/System.err( 1724):    at libcore.net.http.HttpConnectionPool.get(HttpConnectionPool.java:86)
W/System.err( 1724):    at libcore.net.http.HttpConnection.connect(HttpConnection.java:128)
W/System.err( 1724):    at libcore.net.http.HttpEngine.openSocketConnection(HttpEngine.java:308)
W/System.err( 1724):    at libcore.net.http.HttpEngine.connect(HttpEngine.java:303)
W/System.err( 1724):    at libcore.net.http.HttpEngine.sendSocketRequest(HttpEngine.java:282)
W/System.err( 1724):    at libcore.net.http.HttpEngine.sendRequest(HttpEngine.java:232)
W/System.err( 1724):    at libcore.net.http.HttpURLConnectionImpl.getResponse(HttpURLConnectionImpl.java:273)
W/System.err( 1724):    at libcore.net.http.HttpURLConnectionImpl.getResponseCode(HttpURLConnectionImpl.java:479)
W/System.err( 1724):    at com.iflytek.push.PushMsgCenter.down(PushMsgCenter.java:270)
W/System.err( 1724):    at com.iflytek.push.PushMsgCenter.access$500(PushMsgCenter.java:37)
W/System.err( 1724):    at com.iflytek.push.PushMsgCenter$2.run(PushMsgCenter.java:175)
W/System.err( 1724):    at java.lang.Thread.run(Thread.java:856)
D/dalvikvm( 1505): GC_CONCURRENT freed 419K, 79% free 1311K/6019K, paused 0ms+1ms
D/dalvikvm( 1505): GC_CONCURRENT freed 397K, 79% free 1300K/6019K, paused 1ms+1ms
D/dalvikvm( 1505): GC_CONCURRENT freed 393K, 78% free 1324K/6019K, paused 1ms+1ms
D/dalvikvm( 1505): GC_CONCURRENT freed 407K, 79% free 1312K/6019K, paused 0ms+1ms
D/dalvikvm( 1505): GC_CONCURRENT freed 394K, 79% free 1312K/6019K, paused 1ms+1ms
D/dalvikvm( 1505): GC_CONCURRENT freed 404K, 79% free 1307K/6019K, paused 1ms+1ms
D/HomePlayerLib( 1505): hostaddress count is 1
D/dalvikvm( 1505): GC_CONCURRENT freed 387K, 79% free 1311K/6019K, paused 1ms+0ms
D/dalvikvm( 1505): GC_CONCURRENT freed 400K, 78% free 1326K/6019K, paused 1ms+1ms
D/dalvikvm( 1505): GC_CONCURRENT freed 403K, 79% free 1316K/6019K, paused 1ms+1ms
D/dalvikvm( 1505): GC_CONCURRENT freed 393K, 79% free 1317K/6019K, paused 1ms+1ms
D/dalvikvm( 1505): GC_CONCURRENT freed 413K, 77% free 1416K/6019K, paused 0ms+1ms
D/dalvikvm( 1505): GC_CONCURRENT freed 489K, 77% free 1412K/6019K, paused 1ms+1ms
D/dalvikvm( 1505): GC_CONCURRENT freed 496K, 79% free 1313K/6019K, paused 1ms+1ms
D/dalvikvm( 1505): GC_CONCURRENT freed 400K, 77% free 1417K/6019K, paused 1ms+1ms
D/dalvikvm( 1505): GC_CONCURRENT freed 488K, 79% free 1322K/6019K, paused 1ms+1ms
D/dalvikvm( 1505): GC_CONCURRENT freed 389K, 77% free 1387K/6019K, paused 1ms+1ms
D/dalvikvm( 1505): GC_CONCURRENT freed 461K, 78% free 1328K/6019K, paused 1ms+2ms
D/dalvikvm( 1505): GC_CONCURRENT freed 399K, 79% free 1321K/6019K, paused 1ms+1ms
D/dalvikvm( 1505): GC_CONCURRENT freed 410K, 79% free 1310K/6019K, paused 1ms+1ms
D/dalvikvm( 1505): GC_CONCURRENT freed 397K, 79% free 1300K/6019K, paused 1ms+1ms
D/dalvikvm( 1505): GC_CONCURRENT freed 393K, 79% free 1299K/6019K, paused 1ms+1ms
D/dalvikvm( 1505): GC_CONCURRENT freed 393K, 77% free 1414K/6019K, paused 1ms+1ms
D/dalvikvm( 1505): GC_CONCURRENT freed 486K, 79% free 1313K/6019K, paused 1ms+1ms
D/dalvikvm( 1505): GC_CONCURRENT freed 394K, 79% free 1313K/6019K, paused 1ms+1ms
D/dalvikvm( 1505): GC_CONCURRENT freed 404K, 79% free 1301K/6019K, paused 1ms+1ms
D/dalvikvm( 1505): GC_CONCURRENT freed 396K, 79% free 1308K/6019K, paused 1ms+1ms
D/dalvikvm( 1505): GC_CONCURRENT freed 394K, 79% free 1308K/6019K, paused 1ms+1ms
D/dalvikvm( 1505): GC_CONCURRENT freed 394K, 79% free 1308K/6019K, paused 1ms+1ms
D/dalvikvm( 1505): GC_CONCURRENT freed 394K, 79% free 1300K/6019K, paused 1ms+1ms
D/dalvikvm( 1505): GC_CONCURRENT freed 473K, 78% free 1333K/6019K, paused 1ms+1ms

[  772.863794] IR: [03932] scan key value is 0xed12c936 
[  772.863799]  
[  772.915237] IR: [03932] scan key value is 0xed12c936 
[  772.915241]  D/HomePlayerLib( 1505): hostaddress count is 1
D/dalvikvm( 1505): GC_CONCURRENT freed 426K, 79% free 1297K/6019K, paused 1ms+1ms
D/dalvikvm( 1505): GC_CONCURRENT freed 389K, 77%
[  773.024682] IR: [03932] scan key value is 0xed12c936 
[  773.024688]   free 1393K/6019K, paused 1ms+1ms
D/dalvikvm( 1505): GC_CONCURRENT freed 486K, 77% free 1403K/6019K, paused 0ms+2ms
D/InputEventConsistencyVerifier( 2183): KeyEvent: ACTION_UP but key was not down.
D/InputEventConsistencyVerifier( 2183):   in com.coship.cibn.view.ScaleViewPanel@4187eaa8
D/InputEventConsistencyVerifier( 2183):   0: sent at 773192000000, KeyEvent { action=ACTION_UP, keyCode=KEYCODE_DPAD_LEFT, scanCode=105, metaState=0, flags=0x8, repeatCount=0, eventTime=773192, downTime=772869, deviceId=2, source=0x101 }
D/dalvikvm( 1505): GC_CONCURRENT freed 484K, 79% free 1303K/6019K, paused 1ms+1ms
D/dalvikvm( 1505): GC_CONCURRENT freed 379K, 78% free 1325K/6019K, paused 1ms+1ms
D/dalvikvm( 1505): GC_CONCURRENT freed 402K, 77% free 1428K/6019K, paused 1ms+1ms
D/dalvikvm( 1505): GC_CONCURRENT freed 516K, 77% free 1423K/6019K, paused 1ms+1ms
D/dalvikvm( 1505): GC_CONCURRENT freed 483K, 78% free 1342K/6019K, paused 1ms+1ms

[  773.727611] IR: [03932] scan key value is 0xed12c936 
[  773.727616]  D/dalvikvm( 1505): GC_CONCURRENT freed 407K, 79% free 1323K/6019K, paused 1ms+1ms

[  773.779093] IR: [03932] scan key value is 0xed12c936 
[  773.779098]  D/dalvikvm( 1505): GC_CONCURRENT freed 391K, 77% free 1404K/6019K, paused 1ms+1ms
D/HomePlayerLib( 1505): hostaddress count is 1
D/InputEventConsistencyVerifier( 2183): KeyEvent: ACTION_UP but key was not down.
D/InputEventConsistencyVerifier( 2183):   in android.support.v4.widget.StaggeredGridView@420a7cf0
D/InputEventConsistencyVerifier( 2183):   0: sent at 773944000000, KeyEvent { action=ACTION_UP, keyCode=KEYCODE_DPAD_LEFT, scanCode=105, metaState=0, flags=0x8, repeatCount=0, eventTime=773944, downTime=773733, deviceId=2, source=0x101 }
D/dalvikvm( 1505): GC_CONCURRENT freed 493K, 78% free 1376K/6019K, paused 1ms+2ms
D/dalvikvm( 1505): GC_CONCURRENT freed 458K, 77% free 1418K/6019K, paused 1ms+1ms
D/dalvikvm( 1505): GC_CONCURRENT freed 500K, 78% free 1330K/6019K, paused 1ms+1ms
D/dalvikvm( 1505): GC_CONCURRENT freed 408K, 77% free 1431K/6019K, paused 1ms+1ms
D/dalvikvm( 1505): GC_CONCURRENT freed 502K, 77% free 1438K/6019K, paused 1ms+2ms
D/dalvikvm( 1505): GC_CONCURRENT freed 480K, 76% free 1467K/6019K, paused 1ms+1ms
D/dalvikvm( 1505): GC_CONCURRENT freed 549K, 77% free 1426K/6019K, paused 0ms+2ms
D/dalvikvm( 1505): GC_CONCURRENT freed 491K, 79% free 1322K/6019K, paused 0ms+1ms

[  774.947411] IR: [03932] scan key value is 0xeb14c936 
[  774.947416]  
[  774.998344] IR: [03932] scan key value is 0xeb14c936 
[  774.998349]  D/dalvikvm( 1505): GC_CONCURRENT freed 394K, 77% free 1409K/6019K, paused 1ms+1ms
D/InputEventConsistencyVerifier( 2183): KeyEvent: ACTION_UP but key was not down.
D/InputEventConsistencyVerifier( 2183):   in android.support.v4.widget.StaggeredGridView@41859ad8
D/InputEventConsistencyVerifier( 2183):   0: sent at 775164000000, KeyEvent { action=ACTION_UP, keyCode=KEYCODE_DPAD_RIGHT, scanCode=106, metaState=0, flags=0x8, repeatCount=0, eventTime=775164, downTime=774952, deviceId=2, source=0x101 }
D/InputEventConsistencyVerifier( 2183):   -- recent events --
D/InputEventConsistencyVerifier( 2183):   1: sent at 773733000000, (unhandled) KeyEvent { action=ACTION_DOWN, keyCode=KEYCODE_DPAD_LEFT, scanCode=105, metaState=0, flags=0x8, repeatCount=0, eventTime=773733, downTime=773733, deviceId=2, source=0x101 }
D/InputEventConsistencyVerifier( 2183):   2: sent at 773192000000, (unhandled) KeyEvent { action=ACTION_UP, keyCode=KEYCODE_DPAD_LEFT, scanCode=105, metaState=0, flags=0x8, repeatCount=0, eventTime=773192, downTime=772869, deviceId=2, source=0x101 }
D/InputEventConsistencyVerifier( 2183):   3: sent at 772869000000, (unhandled) KeyEvent { action=ACTION_DOWN, keyCode=KEYCODE_DPAD_LEFT, scanCode=105, metaState=0, flags=0x8, repeatCount=0, eventTime=772869, downTime=772869, deviceId=2, source=0x101 }
D/InputEventConsistencyVerifier( 2183):   4: sent at 700932000000, (unhandled) KeyEvent { action=ACTION_UP, keyCode=KEYCODE_DPAD_LEFT, scanCode=105, metaState=0, flags=0x8, repeatCount=0, eventTime=700932, downTime=700720, deviceId=2, source=0x101 }
D/InputEventConsistencyVerifier( 2183):   5: sent at 700720000000, (unhandled) KeyEvent { action=ACTION_DOWN, keyCode=KEYCODE_DPAD_LEFT, scanCode=105, metaState=0, flags=0x8, repeatCount=0, eventTime=700720, downTime=700720, deviceId=2, source=0x101 }

[  775.658440] IR: [03932] scan key value is 0xed12c936 
[  775.658445]  
[  775.709873] IR: [03932] scan key value is 0xed12c936 
[  775.709878]  I/dalvikvm( 2183): Jit: resizing JitTable from 4096 to 8192
D/InputEventConsistencyVerifier( 2183): KeyEvent: ACTION_UP but key was not down.
D/InputEventConsistencyVerifier( 2183):   in android.support.v4.widget.StaggeredGridView@420a7cf0
D/InputEventConsistencyVerifier( 2183):   0: sent at 775876000000, KeyEvent { action=ACTION_UP, keyCode=KEYCODE_DPAD_LEFT, scanCode=105, metaState=0, flags=0x8, repeatCount=0, eventTime=775876, downTime=775663, deviceId=2, source=0x101 }
D/InputEventConsistencyVerifier( 2183):   -- recent events --
D/InputEventConsistencyVerifier( 2183):   1: sent at 774952000000, (unhandled) KeyEvent { action=ACTION_DOWN, keyCode=KEYCODE_DPAD_RIGHT, scanCode=106, metaState=0, flags=0x8, repeatCount=0, eventTime=774952, downTime=774952, deviceId=2, source=0x101 }
D/InputEventConsistencyVerifier( 2183):   2: sent at 773944000000, (unhandled) KeyEvent { action=ACTION_UP, keyCode=KEYCODE_DPAD_LEFT, scanCode=105, metaState=0, flags=0x80000008, repeatCount=0, eventTime=773944, downTime=773733, deviceId=2, source=0x101 }

[  776.413231] IR: [03932] scan key value is 0xee11c936 
[  776.413236]  
[  776.464658] IR: [03932] scan key value is 0xee11c936 
[  776.464662]  D/InputEventConsistencyVerifier( 2183): KeyEvent: ACTION_UP but key was not down.
D/InputEventConsistencyVerifier( 2183):   in com.coship.cibn.view.ScaleViewPanel@416e2eb8
D/InputEventConsistencyVerifier( 2183):   0: sent at 776632000000, KeyEvent { action=ACTION_UP, keyCode=KEYCODE_DPAD_UP, scanCode=103, metaState=0, flags=0x8, repeatCount=0, eventTime=776632, downTime=776418, deviceId=2, source=0x101 }

[  777.102855] IR: [03932] scan key value is 0xee11c936 
[  777.102860]  
[  777.154274] IR: [03932] scan key value is 0xee11c936 
[  777.154280]  D/InputEventConsistencyVerifier( 2183): KeyEvent: ACTION_UP but key was not down.
D/InputEventConsistencyVerifier( 2183):   in com.coship.cibn.view.ScaleViewPanel@42024ab0
D/InputEventConsistencyVerifier( 2183):   0: sent at 777320000000, KeyEvent { action=ACTION_UP, keyCode=KEYCODE_DPAD_UP, scanCode=103, metaState=0, flags=0x8, repeatCount=0, eventTime=777320, downTime=777108, deviceId=2, source=0x101 }

[  777.585082] IR: [03932] scan key value is 0xed12c936 
[  777.585087]  
[  777.636572] IR: [03932] scan key value is 0xed12c936 
[  777.636577]  D/MainActivity( 2183): position = 1
D/InputEventConsistencyVerifier( 2183): KeyEvent: ACTION_UP but key was not down.
D/InputEventConsistencyVerifier( 2183):   in com.coship.cibn.view.ScaleViewPanel@417a43f8
D/InputEventConsistencyVerifier( 2183):   0: sent at 777804000000, KeyEvent { action=ACTION_UP, keyCode=KEYCODE_DPAD_LEFT, scanCode=105, metaState=0, flags=0x8, repeatCount=0, eventTime=777804, downTime=777590, deviceId=2, source=0x101 }

[  779.598069] IR: [03932] scan key value is 0xec13c936 
[  779.598074]  
[  779.649253] IR: [03932] scan key value is 0xec13c936 
[  779.649258]  I/MainActivity( 2183): CIBN ---> onClick -> 52021
I/ActivityManager(  944): START {act=com.aidufei.cataLog cmp=com.aidufei.movieonline/.SubCatalogActivity (has extras)} from pid 2183
D/dalvikvm(  944): GC_FOR_ALLOC freed 877K, 63% free 3732K/9923K, paused 44ms
I/dalvikvm-heap(  944): Grow heap (frag case) to 8.245MB for 1048592-byte allocation
D/dalvikvm(  944): GC_FOR_ALLOC freed 21K, 58% free 4734K/11011K, paused 41ms
D/dalvikvm(  944): GC_CONCURRENT freed 1K, 58% free 4733K/11011K, paused 2ms+4ms
D/SubCatalogActivity( 1435): -- onCreate --
D/OpenGLRenderer( 2183): Flushing caches (mode 1)
D/dalvikvm( 1435): GC_FOR_ALLOC freed 6611K, 69% free 7436K/23363K, paused 28ms
I/dalvikvm-heap( 1435): Grow heap (frag case) to 14.378MB for 3686416-byte allocation
D/OpenGLRenderer( 2183): Flushing caches (mode 0)
D/dalvikvm( 1435): GC_CONCURRENT freed 6K, 53% free 11030K/23363K, paused 2ms+3ms
D/com.aidufei.movieonline.BaseActivity$getAuthResult :148
        ( 1435): get terminal msg from db!
D/Test    ( 1435): request Url  :http://cibn-ido.longvisionmedia.com:8088/msis/getCatalog?version=V001&terminalType=1&resolution=1280*720&catalogType=2&userCode=&parentId=0&accessSource=5&authKey=3aa4d581b9320bf38fc59a395bc61e52
D/com.aidufei.movieonline.BaseActivity$getAuthResult :182
        ( 1435): get getAuthResultl msg from db!201303191947
D/SubCatalogActivity( 1435): -- onResume --
W/InputManagerService(  944): Starting input on non-focused client com.android.internal.view.IInputMethodClient$Stub$Proxy@413b87e0 (uid=10006 pid=2183)
I/Process (  944): Sending signal. PID: 1435 SIG: 3
I/dalvikvm( 1435): threadid=3: reacting to signal 3
I/dalvikvm( 1435): Wrote stack traces to '/data/anr/traces.txt'
I/ActivityManager(  944): Displayed com.aidufei.movieonline/.SubCatalogActivity: +551ms
D/dalvikvm( 1505): GC_CONCURRENT freed 494K, 78% free 1345K/6019K, paused 1ms+1ms
D/dalvikvm( 1505): GC_CONCURRENT freed 422K, 78% free 1343K/6019K, paused 1ms+1ms

[  782.617387] IR: [03932] scan key value is 0xed12c936 
[  782.617393]  
[  782.668866] IR: [03932] scan key value is 0xed12c936 
[  782.668871]  D/InputEventConsistencyVerifier( 1435): KeyEvent: ACTION_UP but key was not down.
D/InputEventConsistencyVerifier( 1435):   in com.aidufei.movieonline.view.VerticalMenu@4195aeb8
D/InputEventConsistencyVerifier( 1435):   0: sent at 782836000000, KeyEvent { action=ACTION_UP, keyCode=KEYCODE_DPAD_LEFT, scanCode=105, metaState=0, flags=0x8, repeatCount=0, eventTime=782836, downTime=782622, deviceId=2, source=0x101 }

[  783.213308] IR: [03932] scan key value is 0xea15c936 
[  783.213313]  
[  783.265078] IR: [03932] scan key value is 0xea15c936 
[  783.265084]  D/InputEventConsistencyVerifier( 1435): KeyEvent: ACTION_UP but key was not down.
D/InputEventConsistencyVerifier( 1435):   in android.widget.HorizontalScrollView@419e02a8
D/InputEventConsistencyVerifier( 1435):   0: sent at 783428000000, KeyEvent { action=ACTION_UP, keyCode=KEYCODE_DPAD_DOWN, scanCode=108, metaState=0, flags=0x8, repeatCount=0, eventTime=783428, downTime=783218, deviceId=2, source=0x101 }
D/InputEventConsistencyVerifier( 1435):   -- recent events --
D/InputEventConsistencyVerifier( 1435):   1: sent at 782622000000, (unhandled) KeyEvent { action=ACTION_DOWN, keyCode=KEYCODE_DPAD_LEFT, scanCode=105, metaState=0, flags=0x8, repeatCount=0, eventTime=782622, downTime=782622, deviceId=2, source=0x101 }

[  783.608921] IR: [03932] scan key value is 0xea15c936 
[  783.608926]  E/WindowManager(  944): ##############################dispatchUnhandledKey

[  783.660728] IR: [03932] scan key value is 0xea15c936 
[  783.660733]  D/dalvikvm( 1505): GC_CONCURRENT freed 425K, 79% free 1316K/6019K, paused 1ms+1ms
D/HomePlayerLib( 1505): hostaddress count is 1
D/dalvikvm( 1505): GC_CONCURRENT freed 389K, 79% free 1319K/6019K, paused 1ms+1ms
D/dalvikvm( 1505): GC_CONCURRENT freed 403K, 79% free 1308K/6019K, paused 1ms+1ms
D/dalvikvm( 1505): GC_CONCURRENT freed 378K, 79% free 1323K/6019K, paused 1ms+1ms
D/dalvikvm( 1505): GC_CONCURRENT freed 405K, 76% free 1452K/6019K, paused 1ms+1ms

[  784.340404] IR: [03932] scan key value is 0xf10ec936 
[  784.340409]  
[  784.391030] IR: [03932] scan key value is 0xf10ec936 
[  784.391036]  D/dalvikvm( 1505): GC_CONCURRENT freed 522K, 77% free 1433K/6019K, paused 1ms+1ms
D/dalvikvm( 1505): GC_CONCURRENT freed 515K, 77% free 1427K/6019K, paused 1ms+1ms
D/SubCatalogActivity( 1435): -- onRestart --
D/dalvikvm( 1505): GC_CONCURRENT freed 482K, 77% free 1419K/6019K, paused 10ms+1ms
W/InputManagerService(  944): Starting input on non-focused client com.android.internal.view.IInputMethodClient$Stub$Proxy@41670ae0 (uid=10000 pid=1435)
D/OpenGLRenderer( 1435): Flushing caches (mode 0)
D/dalvikvm( 1505): GC_CONCURRENT freed 489K, 78% free 1345K/6019K, paused 1ms+1ms
D/dalvikvm( 1505): GC_CONCURRENT freed 435K, 77% free 1411K/6019K, paused 1ms+1ms
D/OpenGLRenderer( 1435): Flushing caches (mode 1)
D/dalvikvm( 1505): GC_CONCURRENT freed 488K, 78% free 1332K/6019K, paused 1ms+1ms

[  785.693367] IR: [03932] scan key value is 0xec13c936 
[  785.693372]  D/dalvikvm( 1505): GC_CONCURRENT freed 394K, 78% free 1332K/6019K, paused 1ms+1ms

[  785.744604] IR: [03932] scan key value is 0xec13c936 
[  785.744609]  D/dalvikvm( 1505): GC_CONCURRENT freed 392K, 78% free 1332K/6019K, paused 1ms+2ms
I/MainActivity( 2183): CIBN ---> onClick -> 52021
I/ActivityManager(  944): START {act=com.aidufei.cataLog cmp=com.aidufei.movieonline/.SubCatalogActivity (has extras)} from pid 2183
D/SubCatalogActivity( 1435): -- onCreate --
D/OpenGLRenderer( 2183): Flushing caches (mode 1)
D/com.aidufei.movieonline.BaseActivity$getAuthResult :148
        ( 1435): get terminal msg from db!
D/com.aidufei.movieonline.BaseActivity$getAuthResult :182
        ( 1435): get getAuthResultl msg from db!201303191947
D/SubCatalogActivity( 1435): -- onResume --
D/OpenGLRenderer( 2183): Flushing caches (mode 0)
I/ActivityManager(  944): Displayed com.aidufei.movieonline/.SubCatalogActivity: +189ms
W/InputManagerService(  944): Starting input on non-focused client com.android.internal.view.IInputMethodClient$Stub$Proxy@413b87e0 (uid=10006 pid=2183)
D/dalvikvm( 1505): GC_CONCURRENT freed 404K, 78% free 1328K/6019K, paused 3ms+1ms
D/dalvikvm( 1505): GC_CONCURRENT freed 396K, 79% free 1318K/6019K, paused 1ms+1ms
D/dalvikvm( 1505): GC_CONCURRENT freed 386K, 79% free 1317K/6019K, paused 1ms+1ms
D/dalvikvm( 1505): GC_CONCURRENT freed 386K, 79% free 1317K/6019K, paused 0ms+1ms

[  787.048930] IR: [03932] scan key value is 0xea15c936 
[  787.048935]  E/WindowManager(  944): ##############################dispatchUnhandledKey

[  787.100645] IR: [03932] scan key value is 0xea15c936 
[  787.100650]  D/dalvikvm( 1505): GC_CONCURRENT freed 393K, 78% free 1327K/6019K, paused 1ms+1ms
D/dalvikvm( 1505): GC_CONCURRENT freed 394K, 79% free 1318K/6019K, paused 0ms+1ms
D/dalvikvm( 1505): GC_CONCURRENT freed 394K, 77% free 1391K/6019K, paused 1ms+1ms

[  787.746923] IR: [03932] scan key value is 0xec13c936 
[  787.746927]  E/WindowManager(  944): ##############################dispatchUnhandledKey
D/dalvikvm( 1505): GC_CONCURRENT freed 459K, 79% free 1320K/6019K, paused 1ms+1ms

[  787.798055] IR: [03932] scan key value is 0xec13c936 
[  787.798060]  D/dalvikvm( 1505): GC_CONCURRENT freed 391K, 78% free 1326K/6019K, paused 0ms+1ms
D/dalvikvm( 1505): GC_CONCURRENT freed 415K, 76% free 1467K/6019K, paused 1ms+1ms
D/dalvikvm( 1505): GC_CONCURRENT freed 521K, 78% free 1338K/6019K, paused 1ms+1ms

[  788.494590] IR: [03932] scan key value is 0xf10ec936 
[  788.494594]  
[  788.545252] IR: [03932] scan key value is 0xf10ec936 
[  788.545257]  D/SubCatalogActivity( 1435): -- onRestart --
W/InputManagerService(  944): Starting input on non-focused client com.android.internal.view.IInputMethodClient$Stub$Proxy@41670ae0 (uid=10000 pid=1435)
D/OpenGLRenderer( 1435): Flushing caches (mode 0)
D/OpenGLRenderer( 1435): Flushing caches (mode 1)
D/dalvikvm( 1435): GC_EXPLICIT freed 349K, 50% free 11774K/23363K, paused 2ms+5ms
E/StrictMode( 1435): class com.aidufei.movieonline.SubCatalogActivity; instances=2; limit=1
E/StrictMode( 1435): android.os.StrictMode$InstanceCountViolation: class com.aidufei.movieonline.SubCatalogActivity; instances=2; limit=1
E/StrictMode( 1435):    at android.os.StrictMode.setClassInstanceLimit(StrictMode.java:1)
D/dalvikvm( 1505): GC_CONCURRENT freed 422K, 79% free 1311K/6019K, paused 1ms+2ms
D/dalvikvm( 1505): GC_CONCURRENT freed 397K, 79% free 1308K/6019K, paused 1ms+1ms

[  790.043622] IR: [03932] scan key value is 0xeb14c936 
[  790.043627]  
[  790.094540] IR: [03932] scan key value is 0xeb14c936 
[  790.094547]  D/InputEventConsistencyVerifier( 2183): KeyEvent: ACTION_UP but key was not down.
D/InputEventConsistencyVerifier( 2183):   in com.coship.cibn.view.ScaleViewPanel@42024ab0
D/InputEventConsistencyVerifier( 2183):   0: sent at 790260000000, KeyEvent { action=ACTION_UP, keyCode=KEYCODE_DPAD_RIGHT, scanCode=106, metaState=0, flags=0x8, repeatCount=0, eventTime=790260, downTime=790049, deviceId=2, source=0x101 }
D/InputEventConsistencyVerifier( 2183):   -- recent events --
D/InputEventConsistencyVerifier( 2183):   1: sent at 777590000000, (unhandled) KeyEvent { action=ACTION_DOWN, keyCode=KEYCODE_DPAD_LEFT, scanCode=105, metaState=0, flags=0x8, repeatCount=0, eventTime=777590, downTime=777590, deviceId=2, source=0x101 }
D/InputEventConsistencyVerifier( 2183):   2: sent at 777320000000, (unhandled) KeyEvent { action=ACTION_UP, keyCode=KEYCODE_DPAD_UP, scanCode=103, metaState=0, flags=0x80000008, repeatCount=0, eventTime=777320, downTime=777108, deviceId=2, source=0x101 }
D/dalvikvm( 1505): GC_CONCURRENT freed 394K, 77% free 1431K/6019K, paused 1ms+1ms

[  790.737288] IR: [03932] scan key value is 0xed12c936 
[  790.737293]  D/InputEventConsistencyVerifier( 2183): KeyEvent: ACTION_UP but key was not down.
D/InputEventConsistencyVerifier( 2183):   in com.coship.cibn.view.ScaleViewPanel@417a43f8
D/InputEventConsistencyVerifier( 2183):   0: sent at 790904000000, KeyEvent { action=ACTION_UP, keyCode=KEYCODE_DPAD_LEFT, scanCode=105, metaState=0, flags=0x8, repeatCount=0, eventTime=790904, downTime=790742, deviceId=2, source=0x101 }
D/InputEventConsistencyVerifier( 2183):   -- recent events --
D/InputEventConsistencyVerifier( 2183):   1: sent at 790049000000, (unhandled) KeyEvent { action=ACTION_DOWN, keyCode=KEYCODE_DPAD_RIGHT, scanCode=106, metaState=0, flags=0x8, repeatCount=0, eventTime=790049, downTime=790049, deviceId=2, source=0x101 }
D/InputEventConsistencyVerifier( 2183):   2: sent at 785908000000, KeyEvent { action=ACTION_UP, keyCode=KEYCODE_ENTER, scanCode=28, metaState=0, flags=0x8, repeatCount=0, eventTime=785908, downTime=785698, deviceId=2, source=0x101 }
D/InputEventConsistencyVerifier( 2183):   3: sent at 785698000000, KeyEvent { action=ACTION_DOWN, keyCode=KEYCODE_ENTER, scanCode=28, metaState=0, flags=0x8, repeatCount=0, eventTime=785698, downTime=785698, deviceId=2, source=0x101 }
D/InputEventConsistencyVerifier( 2183):   4: sent at 779812000000, KeyEvent { action=ACTION_UP, keyCode=KEYCODE_ENTER, scanCode=28, metaState=0, flags=0x8, repeatCount=0, eventTime=779812, downTime=779603, deviceId=2, source=0x101 }
D/InputEventConsistencyVerifier( 2183):   5: sent at 779603000000, KeyEvent { action=ACTION_DOWN, keyCode=KEYCODE_ENTER, scanCode=28, metaState=0, flags=0x8, repeatCount=0, eventTime=779603, downTime=779603, deviceId=2, source=0x101 }

[  791.125752] IR: [03932] scan key value is 0xec13c936 
[  791.125757]  I/MainActivity( 2183): CIBN ---> onClick -> 52021
I/ActivityManager(  944): START {act=com.aidufei.cataLog cmp=com.aidufei.movieonline/.SubCatalogActivity (has extras)} from pid 2183
D/SubCatalogActivity( 1435): -- onCreate --
D/OpenGLRenderer( 2183): Flushing caches (mode 1)
D/com.aidufei.movieonline.BaseActivity$getAuthResult :148
        ( 1435): get terminal msg from db!
D/OpenGLRenderer( 2183): Flushing caches (mode 0)
D/com.aidufei.movieonline.BaseActivity$getAuthResult :182
        ( 1435): get getAuthResultl msg from db!201303191947
D/SubCatalogActivity( 1435): -- onResume --
W/InputManagerService(  944): Starting input on non-focused client com.android.internal.view.IInputMethodClient$Stub$Proxy@413b87e0 (uid=10006 pid=2183)
I/ActivityManager(  944): Displayed com.aidufei.movieonline/.SubCatalogActivity: +243ms
D/dalvikvm( 1505): GC_CONCURRENT freed 526K, 79% free 1298K/6019K, paused 1ms+1ms
D/dalvikvm( 1505): GC_CONCURRENT freed 382K, 78% free 1331K/6019K, paused 1ms+1ms
D/dalvikvm( 1505): GC_CONCURRENT freed 417K, 77% free 1426K/6019K, paused 1ms+2ms
D/Test    ( 1435): request Url  :http://cibn-ido.longvisionmedia.com:8088/msis/getCatalog?version=V001&terminalType=1&resolution=1280*720&catalogType=2&userCode=201303191947&parentId=0&accessSource=5&authKey=0555145419102d3e1f32934a7a52458d
D/Test    ( 1435): request Url  :http://cibn-ido.longvisionmedia.com:8088/msis/getCatalog?version=V001&terminalType=1&resolution=1280*720&catalogType=2&userCode=201303191947&parentId=0&accessSource=5&authKey=0555145419102d3e1f32934a7a52458d
D/SubCatalogActivity( 1435): checkIndex:0
D/SubCatalogActivity( 1435): checkIndex:0
D/SubCatalogActivity( 1435): getAssetList:
D/Test    ( 1435): request Url  :http://cibn-ido.longvisionmedia.com:8088/msis/getAssetList?version=V001&terminalType=1&resolution=1280*720&pageSize=30&curPage=1&userCode=201303191947&queryType=0&catalogId=51520&isRecommend=&assetType=&originName=&publishDate=&orderTag=1&authKey=87c9920a6f35623d67f4352c86ae2ec1
D/dalvikvm( 1505): GC_CONCURRENT freed 513K, 79% free 1311K/6019K, paused 1ms+0ms
D/HomePlayerLib( 1505): hostaddress count is 1
D/dalvikvm( 1505): GC_CONCURRENT freed 403K, 79% free 1298K/6019K, paused 1ms+1ms
D/dalvikvm( 1505): GC_CONCURRENT freed 389K, 78% free 1334K/6019K, paused 0ms+1ms
D/dalvikvm( 1505): GC_CONCURRENT freed 426K, 77% free 1416K/6019K, paused 1ms+1ms
D/dalvikvm( 1435): GC_CONCURRENT freed 4667K, 62% free 9078K/23363K, paused 2ms+3ms
D/dalvikvm( 1505): GC_CONCURRENT freed 502K, 77% free 1412K/6019K, paused 1ms+1ms
D/dalvikvm( 1505): GC_CONCURRENT freed 486K, 79% free 1318K/6019K, paused 1ms+1ms
D/dalvikvm( 1505): GC_CONCURRENT freed 404K, 79% free 1304K/6019K, paused 1ms+1ms
D/dalvikvm( 1505): GC_CONCURRENT freed 395K, 77% free 1418K/6019K, paused 1ms+1ms
D/dalvikvm( 1505): GC_CONCURRENT freed 500K, 77% free 1422K/6019K, paused 0ms+1ms
D/dalvikvm( 1505): GC_CONCURRENT freed 516K, 79% free 1313K/6019K, paused 2ms+1ms
E/        ( 1435): get vaddr failed:pvaddr_read=0x620c3000,pvaddr_internal=0x621c3000,pvaddr_write=0x0
E/        ( 1435): get vaddr failed:pvaddr_read=0x620c3000,pvaddr_internal=0x621c3000,pvaddr_write=0x0
D/dalvikvm( 1505): GC_CONCURRENT freed 406K, 77% free 1415K/6019K, paused 1ms+0ms
D/dalvikvm( 1435): GC_FOR_ALLOC freed 1661K, 61% free 9332K/23363K, paused 35ms
E/        ( 1435): get vaddr failed:pvaddr_read=0x620c3000,pvaddr_internal=0x621c3000,pvaddr_write=0x0
E/        ( 1435): get vaddr failed:pvaddr_read=0x620c3000,pvaddr_internal=0x621c3000,pvaddr_write=0x0
E/        ( 1435): get vaddr failed:pvaddr_read=0x620c3000,pvaddr_internal=0x621c3000,pvaddr_write=0x0
E/        ( 1435): get vaddr failed:pvaddr_read=0x620c3000,pvaddr_internal=0x621c3000,pvaddr_write=0x0
E/        ( 1435): get vaddr failed:pvaddr_read=0x620c3000,pvaddr_internal=0x621c3000,pvaddr_write=0x0
E/        ( 1435): get vaddr failed:pvaddr_read=0x620c3000,pvaddr_internal=0x621c3000,pvaddr_write=0x0
D/dalvikvm( 1435): GC_FOR_ALLOC freed 743K, 56% free 10504K/23363K, paused 25ms
E/        ( 1435): get vaddr failed:pvaddr_read=0x620c3000,pvaddr_internal=0x621c3000,pvaddr_write=0x0
D/dalvikvm( 1505): GC_CONCURRENT freed 489K, 77% free 1397K/6019K, paused 34ms+1ms
D/dalvikvm( 1435): GC_CONCURRENT freed 1103K, 52% free 11445K/23363K, paused 2ms+4ms
E/        ( 1435): get vaddr failed:pvaddr_read=0x620c3000,pvaddr_internal=0x621c3000,pvaddr_write=0x0
E/        ( 1435): get vaddr failed:pvaddr_read=0x620c3000,pvaddr_internal=0x621c3000,pvaddr_write=0x0
E/        ( 1435): get vaddr failed:pvaddr_read=0x620c3000,pvaddr_internal=0x621c3000,pvaddr_write=0x0
D/dalvikvm( 1435): GC_FOR_ALLOC freed 656K, 46% free 12732K/23363K, paused 21ms
D/dalvikvm( 1505): GC_CONCURRENT freed 476K, 79% free 1314K/6019K, paused 1ms+1ms
D/dalvikvm( 1435): GC_CONCURRENT freed 2K, 42% free 13765K/23363K, paused 1ms+3ms
E/        ( 1435): get vaddr failed:pvaddr_read=0x620c3000,pvaddr_internal=0x621c3000,pvaddr_write=0x0
E/        ( 1435): get vaddr failed:pvaddr_read=0x620c3000,pvaddr_internal=0x621c3000,pvaddr_write=0x0
E/        ( 1435): get vaddr failed:pvaddr_read=0x620c3000,pvaddr_internal=0x621c3000,pvaddr_write=0x0
E/        ( 1435): get vaddr failed:pvaddr_read=0x620c3000,pvaddr_internal=0x621c3000,pvaddr_write=0x0
E/        ( 1435): get vaddr failed:pvaddr_read=0x620c3000,pvaddr_internal=0x621c3000,pvaddr_write=0x0
E/        ( 1435): get vaddr failed:pvaddr_read=0x620c3000,pvaddr_internal=0x621c3000,pvaddr_write=0x0
E/        ( 1435): get vaddr failed:pvaddr_read=0x620c3000,pvaddr_internal=0x621c3000,pvaddr_write=0x0
D/dalvikvm( 1435): GC_CONCURRENT freed 1856K, 41% free 13973K/23363K, paused 3ms+3ms
E/        ( 1435): get vaddr failed:pvaddr_read=0x620c3000,pvaddr_internal=0x621c3000,pvaddr_write=0x0
E/        ( 1435): get vaddr failed:pvaddr_read=0x620c3000,pvaddr_internal=0x621c3000,pvaddr_write=0x0
E/        ( 1435): get vaddr failed:pvaddr_read=0x620c3000,pvaddr_internal=0x621c3000,pvaddr_write=0x0
E/        ( 1435): get vaddr failed:pvaddr_read=0x620c3000,pvaddr_internal=0x621c3000,pvaddr_write=0x0
E/        ( 1435): get vaddr failed:pvaddr_read=0x620c3000,pvaddr_internal=0x621c3000,pvaddr_write=0x0
D/dalvikvm( 1435): GC_CONCURRENT freed 1449K, 36% free 14957K/23363K, paused 2ms+3ms
E/        ( 1435): get vaddr failed:pvaddr_read=0x620c3000,pvaddr_internal=0x621c3000,pvaddr_write=0x0
E/        ( 1435): get vaddr failed:pvaddr_read=0x620c3000,pvaddr_internal=0x621c3000,pvaddr_write=0x0
D/dalvikvm( 1435): GC_CONCURRENT freed 2130K, 37% free 14756K/23363K, paused 2ms+3ms
E/        ( 1435): get vaddr failed:pvaddr_read=0x620c3000,pvaddr_internal=0x621c3000,pvaddr_write=0x0
E/        ( 1435): get vaddr failed:pvaddr_read=0x620c3000,pvaddr_internal=0x621c3000,pvaddr_write=0x0
E/        ( 1435): get vaddr failed:pvaddr_read=0x620c3000,pvaddr_internal=0x621c3000,pvaddr_write=0x0
E/        ( 1435): get vaddr failed:pvaddr_read=0x620c3000,pvaddr_internal=0x621c3000,pvaddr_write=0x0
D/dalvikvm( 1435): GC_CONCURRENT freed 428K, 30% free 16435K/23363K, paused 2ms+2ms
E/        ( 1435): get vaddr failed:pvaddr_read=0x620c3000,pvaddr_internal=0x621c3000,pvaddr_write=0x0
E/        ( 1435): get vaddr failed:pvaddr_read=0x620c3000,pvaddr_internal=0x621c3000,pvaddr_write=0x0
D/dalvikvm( 1435): GC_FOR_ALLOC freed 319K, 31% free 16274K/23363K, paused 22ms
I/dalvikvm-heap( 1435): Grow heap (frag case) to 19.991MB for 521680-byte allocation
D/dalvikvm( 1435): GC_FOR_ALLOC freed 1K, 30% free 16783K/23875K, paused 22ms
D/dalvikvm( 1435): GC_FOR_ALLOC freed 288K, 29% free 17071K/23875K, paused 25ms
I/dalvikvm-heap( 1435): Grow heap (frag case) to 20.771MB for 524304-byte allocation
D/dalvikvm( 1435): GC_FOR_ALLOC freed 0K, 29% free 17583K/24451K, paused 20ms
E/        ( 1435): get vaddr failed:pvaddr_read=0x620c3000,pvaddr_internal=0x621c3000,pvaddr_write=0x0
E/        ( 1435): get vaddr failed:pvaddr_read=0x620c3000,pvaddr_internal=0x621c3000,pvaddr_write=0x0
E/        ( 1435): get vaddr failed:pvaddr_read=0x620c3000,pvaddr_internal=0x621c3000,pvaddr_write=0x0
D/dalvikvm( 1435): GC_FOR_ALLOC freed 2203K, 35% free 16015K/24451K, paused 23ms
E/        ( 1435): get vaddr failed:pvaddr_read=0x620c3000,pvaddr_internal=0x621c3000,pvaddr_write=0x0
D/dalvikvm( 1505): GC_CONCURRENT freed 404K, 79% free 1310K/6019K, paused 1ms+1ms
D/dalvikvm( 1505): GC_CONCURRENT freed 395K, 79% free 1308K/6019K, paused 1ms+1ms
D/dalvikvm( 1505): GC_CONCURRENT freed 405K, 79% free 1313K/6019K, paused 1ms+1ms
D/dalvikvm( 1505): GC_CONCURRENT freed 393K, 79% free 1312K/6019K, paused 1ms+1ms
D/dalvikvm( 1505): GC_CONCURRENT freed 394K, 79% free 1312K/6019K, paused 1ms+1ms
D/dalvikvm( 1505): GC_CONCURRENT freed 394K, 79% free 1313K/6019K, paused 1ms+1ms
D/dalvikvm( 1505): GC_CONCURRENT freed 394K, 79% free 1313K/6019K, paused 1ms+1ms
D/dalvikvm( 1505): GC_CONCURRENT freed 394K, 79% free 1313K/6019K, paused 0ms+1ms
D/dalvikvm( 1505): GC_CONCURRENT freed 405K, 79% free 1310K/6019K, paused 1ms+1ms
D/dalvikvm( 1505): GC_CONCURRENT freed 396K, 79% free 1308K/6019K, paused 1ms+1ms
D/dalvikvm( 1505): GC_CONCURRENT freed 405K, 79% free 1297K/6019K, paused 2ms+1ms
D/dalvikvm( 1505): GC_CONCURRENT freed 377K, 79% free 1309K/6019K, paused 1ms+1ms
D/dalvikvm( 1505): GC_CONCURRENT freed 394K, 77% free 1432K/6019K, paused 1ms+1ms
D/HomePlayerLib( 1505): hostaddress count is 1
D/dalvikvm( 1505): GC_CONCURRENT freed 511K, 78% free 1383K/6019K, paused 1ms+1ms
D/dalvikvm( 1505): GC_CONCURRENT freed 465K, 77% free 1404K/6019K, paused 1ms+1ms
D/dalvikvm( 1505): GC_CONCURRENT freed 487K, 78% free 1325K/6019K, paused 1ms+1ms
D/dalvikvm( 1505): GC_CONCURRENT freed 391K, 78% free 1383K/6019K, paused 1ms+1ms
D/dalvikvm( 1505): GC_CONCURRENT freed 473K, 79% free 1307K/6019K, paused 1ms+1ms
D/dalvikvm( 1505): GC_CONCURRENT freed 376K, 75% free 1532K/6019K, paused 0ms+1ms
D/dalvikvm( 1505): GC_CONCURRENT freed 591K, 78% free 1378K/6019K, paused 1ms+1ms
D/dalvikvm( 1505): GC_CONCURRENT freed 462K, 79% free 1301K/6019K, paused 1ms+1ms
D/dalvikvm( 1505): GC_CONCURRENT freed 372K, 79% free 1321K/6019K, paused 1ms+1ms
D/dalvikvm( 1505): GC_CONCURRENT freed 407K, 79% free 1300K/6019K, paused 1ms+1ms
D/dalvikvm( 1505): GC_CONCURRENT freed 374K, 79% free 1322K/6019K, paused 1ms+1ms
D/dalvikvm( 1505): GC_CONCURRENT freed 394K, 79% free 1321K/6019K, paused 1ms+1ms
D/dalvikvm( 1505): GC_CONCURRENT freed 394K, 77% free 1427K/6019K, paused 0ms+1ms
D/dalvikvm( 1505): GC_CONCURRENT freed 502K, 79% free 1311K/6019K, paused 0ms+1ms
D/dalvikvm( 1505): GC_CONCURRENT freed 390K, 79% free 1320K/6019K, paused 0ms+1ms
D/dalvikvm( 1505): GC_CONCURRENT freed 396K, 79% free 1324K/6019K, paused 1ms+1ms
D/dalvikvm( 1505): GC_CONCURRENT freed 393K, 79% free 1322K/6019K, paused 1ms+1ms
D/dalvikvm( 1505): GC_CONCURRENT freed 402K, 77% free 1420K/6019K, paused 1ms+1ms
D/dalvikvm( 1505): GC_CONCURRENT freed 490K, 77% free 1405K/6019K, paused 1ms+1ms
D/dalvikvm( 1505): GC_CONCURRENT freed 476K, 79% free 1323K/6019K, paused 1ms+1ms
D/dalvikvm( 1505): GC_CONCURRENT freed 394K, 78% free 1327K/6019K, paused 1ms+1ms
D/dalvikvm( 1505): GC_CONCURRENT freed 405K, 78% free 1338K/6019K, paused 1ms+1ms
D/dalvikvm( 1505): GC_CONCURRENT freed 418K, 77% free 1394K/6019K, paused 1ms+1ms
D/dalvikvm( 1505): GC_CONCURRENT freed 475K, 77% free 1420K/6019K, paused 1ms+1ms
D/dalvikvm( 1505): GC_CONCURRENT freed 514K, 79% free 1290K/6019K, paused 1ms+1ms
D/CheckNetWork( 1752): isOk true
D/CheckNetWork( 1752): ActInfoNetworkInfo: type: WIFI[], state: CONNECTED/CONNECTED, reason: (unspecified), extra: (none), roaming: false, failover: false, isAvailable: true
D/CheckNetWork( 1752): infoNetworkInfo: type: WIFI[], state: CONNECTED/CONNECTED, reason: (unspecified), extra: (none), roaming: false, failover: false, isAvailable: true
D/dalvikvm( 1505): GC_CONCURRENT freed 390K, 77% free 1411K/6019K, paused 0ms+1ms
D/HomePlayerLib( 1505): hostaddress count is 1
D/dalvikvm( 1505): GC_CONCURRENT freed 498K, 79% free 1299K/6019K, paused 1ms+1ms
D/dalvikvm( 1505): GC_CONCURRENT freed 390K, 78% free 1366K/6019K, paused 1ms+1ms
D/dalvikvm( 1505): GC_CONCURRENT freed 453K, 77% free 1419K/6019K, paused 1ms+1ms
D/dalvikvm( 1505): GC_CONCURRENT freed 488K, 77% free 1400K/6019K, paused 1ms+1ms
D/dalvikvm( 1505): GC_CONCURRENT freed 472K, 78% free 1359K/6019K, paused 1ms+1ms
D/dalvikvm( 1505): GC_CONCURRENT freed 443K, 78% free 1352K/6019K, paused 1ms+1ms
D/dalvikvm( 1505): GC_CONCURRENT freed 418K, 79% free 1320K/6019K, paused 0ms+1ms
D/dalvikvm( 1505): GC_CONCURRENT freed 393K, 78% free 1352K/6019K, paused 1ms+1ms
D/dalvikvm( 1505): GC_CONCURRENT freed 420K, 79% free 1320K/6019K, paused 1ms+1ms
D/dalvikvm( 1505): GC_CONCURRENT freed 395K, 79% free 1318K/6019K, paused 1ms+1ms
D/dalvikvm( 1505): GC_CONCURRENT freed 393K, 79% free 1317K/6019K, paused 1ms+1ms
D/dalvikvm( 1505): GC_CONCURRENT freed 393K, 79% free 1310K/6019K, paused 1ms+1ms
D/dalvikvm( 1505): GC_CONCURRENT freed 366K, 78% free 1330K/6019K, paused 1ms+1ms
D/dalvikvm( 1505): GC_CONCURRENT freed 411K, 77% free 1442K/6019K, paused 1ms+1ms
D/dalvikvm( 1505): GC_CONCURRENT freed 527K, 79% free 1302K/6019K, paused 0ms+1ms
D/dalvikvm( 1505): GC_CONCURRENT freed 397K, 77% free 1414K/6019K, paused 1ms+1ms
D/dalvikvm( 1505): GC_CONCURRENT freed 510K, 79% free 1295K/6019K, paused 1ms+1ms
D/HomePlayerLib( 1505): hostaddress count is 1
D/dalvikvm( 1505): GC_CONCURRENT freed 376K, 77% free 1424K/6019K, paused 1ms+1ms
D/dalvikvm( 1505): GC_CONCURRENT freed 494K, 77% free 1440K/6019K, paused 1ms+1ms
D/dalvikvm( 1505): GC_CONCURRENT freed 512K, 77% free 1435K/6019K, paused 1ms+1ms
D/dalvikvm( 1505): GC_CONCURRENT freed 524K, 77% free 1423K/6019K, paused 1ms+1ms
D/dalvikvm( 1505): GC_CONCURRENT freed 484K, 76% free 1449K/6019K, paused 1ms+1ms
D/dalvikvm( 1505): GC_CONCURRENT freed 541K, 79% free 1305K/6019K, paused 1ms+1ms
D/dalvikvm( 1505): GC_CONCURRENT freed 400K, 77% free 1422K/6019K, paused 0ms+1ms
D/dalvikvm( 1505): GC_CONCURRENT freed 515K, 79% free 1293K/6019K, paused 1ms+1ms
D/dalvikvm( 1505): GC_CONCURRENT freed 391K, 79% free 1311K/6019K, paused 0ms+1ms
D/dalvikvm( 1505): GC_CONCURRENT freed 390K, 79% free 1318K/6019K, paused 1ms+1ms
D/dalvikvm( 1505): GC_CONCURRENT freed 404K, 79% free 1301K/6019K, paused 1ms+1ms
D/dalvikvm( 1505): GC_CONCURRENT freed 396K, 78% free 1326K/6019K, paused 1ms+1ms
D/dalvikvm( 1505): GC_CONCURRENT freed 405K, 79% free 1312K/6019K, paused 1ms+1ms
D/dalvikvm( 1505): GC_CONCURRENT freed 392K, 77% free 1410K/6019K, paused 1ms+1ms
D/dalvikvm( 1505): GC_CONCURRENT freed 502K, 78% free 1333K/6019K, paused 1ms+1ms
D/dalvikvm( 1505): GC_CONCURRENT freed 419K, 77% free 1426K/6019K, paused 0ms+1ms
D/dalvikvm( 1505): GC_CONCURRENT freed 518K, 79% free 1293K/6019K, paused 1ms+1ms
D/dalvikvm( 1505): GC_CONCURRENT freed 368K, 77% free 1441K/6019K, paused 1ms+1ms
D/dalvikvm( 1505): GC_CONCURRENT freed 514K, 78% free 1324K/6019K, paused 1ms+1ms
D/dalvikvm( 1505): GC_CONCURRENT freed 397K, 77% free 1409K/6019K, paused 1ms+1ms
D/dalvikvm( 1505): GC_CONCURRENT freed 491K, 79% free 1302K/6019K, paused 1ms+1ms
D/dalvikvm( 1505): GC_CONCURRENT freed 385K, 79% free 1301K/6019K, paused 1ms+1ms
D/dalvikvm( 1505): GC_CONCURRENT freed 493K, 79% free 1319K/6019K, paused 1ms+1ms
D/HomePlayerLib( 1505): hostaddress count is 1
D/dalvikvm( 1505): GC_CONCURRENT freed 417K, 79% free 1286K/6019K, paused 1ms+1ms
D/dalvikvm( 1505): GC_CONCURRENT freed 376K, 78% free 1366K/6019K, paused 1ms+0ms
D/dalvikvm( 1505): GC_CONCURRENT freed 455K, 79% free 1304K/6019K, paused 1ms+1ms
D/dalvikvm( 1505): GC_CONCURRENT freed 360K, 78% free 1330K/6019K, paused 1ms+1ms
D/dalvikvm( 1505): GC_CONCURRENT freed 423K, 77% free 1411K/6019K, paused 1ms+1ms
D/dalvikvm( 1505): GC_CONCURRENT freed 485K, 77% free 1405K/6019K, paused 1ms+1ms
D/dalvikvm( 1505): GC_CONCURRENT freed 498K, 74% free 1623K/6019K, paused 1ms+1ms
D/dalvikvm( 1505): GC_CONCURRENT freed 706K, 77% free 1413K/6019K, paused 0ms+1ms
D/dalvikvm( 1505): GC_CONCURRENT freed 501K, 77% free 1413K/6019K, paused 1ms+1ms
D/dalvikvm( 1505): GC_CONCURRENT freed 500K, 78% free 1377K/6019K, paused 1ms+1ms
D/dalvikvm( 1505): GC_CONCURRENT freed 460K, 79% free 1301K/6019K, paused 0ms+1ms
D/dalvikvm( 1505): GC_CONCURRENT freed 395K, 77% free 1422K/6019K, paused 0ms+1ms
D/dalvikvm( 1505): GC_CONCURRENT freed 515K, 79% free 1301K/6019K, paused 1ms+1ms
D/dalvikvm( 1505): GC_CONCURRENT freed 396K, 79% free 1300K/6019K, paused 1ms+1ms
D/dalvikvm( 1505): GC_CONCURRENT freed 394K, 78% free 1327K/6019K, paused 1ms+1ms
D/dalvikvm( 1505): GC_CONCURRENT freed 403K, 79% free 1324K/6019K, paused 1ms+1ms
D/dalvikvm( 1505): GC_CONCURRENT freed 395K, 78% free 1327K/6019K, paused 1ms+1ms
D/dalvikvm( 1505): GC_CONCURRENT freed 405K, 79% free 1310K/6019K, paused 0ms+1ms
D/dalvikvm( 1505): GC_CONCURRENT freed 404K, 79% free 1301K/6019K, paused 0ms+1ms
D/dalvikvm( 1505): GC_CONCURRENT freed 432K, 79% free 1288K/6019K, paused 1ms+1ms
D/dalvikvm( 1505): GC_CONCURRENT freed 368K, 79% free 1311K/6019K, paused 1ms+0ms
D/dalvikvm( 1505): GC_CONCURRENT freed 403K, 79% free 1307K/6019K, paused 0ms+1ms
D/dalvikvm( 1505): GC_CONCURRENT freed 387K, 79% free 1311K/6019K, paused 0ms+1ms
D/HomePlayerLib( 1505): hostaddress count is 1
D/dalvikvm( 1505): GC_CONCURRENT freed 409K, 79% free 1298K/6019K, paused 1ms+1ms
D/dalvikvm( 1505): GC_CONCURRENT freed 378K, 79% free 1314K/6019K, paused 1ms+1ms
D/dalvikvm( 1505): GC_CONCURRENT freed 391K, 79% free 1315K/6019K, paused 1ms+1ms
D/dalvikvm( 1505): GC_CONCURRENT freed 390K, 79% free 1316K/6019K, paused 1ms+1ms
D/dalvikvm( 1505): GC_CONCURRENT freed 392K, 79% free 1317K/6019K, paused 1ms+0ms
D/dalvikvm( 1505): GC_CONCURRENT freed 393K, 79% free 1315K/6019K, paused 1ms+1ms
D/dalvikvm( 1505): GC_CONCURRENT freed 392K, 79% free 1317K/6019K, paused 1ms+1ms
D/dalvikvm( 1505): GC_CONCURRENT freed 394K, 78% free 1342K/6019K, paused 1ms+1ms
D/dalvikvm( 1505): GC_CONCURRENT freed 436K, 79% free 1290K/6019K, paused 1ms+1ms
D/dalvikvm( 1505): GC_CONCURRENT freed 376K, 79% free 1310K/6019K, paused 1ms+1ms
D/dalvikvm( 1505): GC_CONCURRENT freed 407K, 79% free 1296K/6019K, paused 1ms+1ms
D/dalvikvm( 1505): GC_CONCURRENT freed 381K, 79% free 1308K/6019K, paused 1ms+2ms
D/dalvikvm( 1505): GC_CONCURRENT freed 393K, 79% free 1309K/6019K, paused 1ms+1ms
D/dalvikvm( 1505): GC_CONCURRENT freed 394K, 79% free 1301K/6019K, paused 1ms+1ms
D/dalvikvm( 1505): GC_CONCURRENT freed 392K, 79% free 1309K/6019K, paused 1ms+1ms
D/dalvikvm( 1505): GC_CONCURRENT freed 401K, 79% free 1301K/6019K, paused 1ms+1ms
D/dalvikvm( 1505): GC_CONCURRENT freed 397K, 79% free 1313K/6019K, paused 1ms+1ms
D/dalvikvm( 1505): GC_CONCURRENT freed 404K, 79% free 1310K/6019K, paused 1ms+1ms
D/dalvikvm( 1505): GC_CONCURRENT freed 396K, 79% free 1308K/6019K, paused 1ms+1ms
D/dalvikvm( 1505): GC_CONCURRENT freed 391K, 79% free 1303K/6019K, paused 1ms+1ms
D/dalvikvm( 1505): GC_CONCURRENT freed 387K, 79% free 1322K/6019K, paused 1ms+1ms
D/dalvikvm( 1505): GC_CONCURRENT freed 404K, 78% free 1335K/6019K, paused 1ms+1ms
D/dalvikvm( 1505): GC_CONCURRENT freed 409K, 79% free 1322K/6019K, paused 1ms+1ms
D/dalvikvm( 1505): GC_CONCURRENT freed 394K, 79% free 1322K/6019K, paused 1ms+1ms
D/dalvikvm( 1505): GC_CONCURRENT freed 394K, 79% free 1322K/6019K, paused 1ms+1ms
D/dalvikvm( 1505): GC_CONCURRENT freed 394K, 79% free 1322K/6019K, paused 1ms+1ms
D/dalvikvm( 1505): GC_CONCURRENT freed 394K, 79% free 1322K/6019K, paused 1ms+1ms
D/dalvikvm( 1505): GC_CONCURRENT freed 394K, 79% free 1323K/6019K, paused 1ms+1ms
D/HomePlayerLib( 1505): hostaddress count is 1
D/dalvikvm( 1505): GC_CONCURRENT freed 420K, 79% free 1298K/6019K, paused 1ms+1ms
D/dalvikvm( 1505): GC_CONCURRENT freed 389K, 78% free 1353K/6019K, paused 1ms+1ms
D/dalvikvm( 1505): GC_CONCURRENT freed 445K, 79% free 1315K/6019K, paused 1ms+2ms
D/dalvikvm( 1505): GC_CONCURRENT freed 390K, 79% free 1317K/6019K, paused 1ms+1ms
D/dalvikvm( 1505): GC_CONCURRENT freed 393K, 78% free 1327K/6019K, paused 1ms+1ms
D/dalvikvm( 1505): GC_CONCURRENT freed 393K, 78% free 1325K/6019K, paused 1ms+1ms
D/dalvikvm( 1505): GC_CONCURRENT freed 391K, 78% free 1327K/6019K, paused 1ms+2ms
D/dalvikvm( 1505): GC_CONCURRENT freed 403K, 76% free 1463K/6019K, paused 1ms+1ms
D/dalvikvm( 1505): GC_CONCURRENT freed 529K, 78% free 1339K/6019K, paused 1ms+1ms
D/dalvikvm( 1505): GC_CONCURRENT freed 403K, 76% free 1447K/6019K, paused 0ms+1ms
D/dalvikvm( 1505): GC_CONCURRENT freed 516K, 78% free 1329K/6019K, paused 1ms+1ms
D/dalvikvm( 1505): GC_CONCURRENT freed 406K, 79% free 1310K/6019K, paused 1ms+1ms
D/dalvikvm( 1505): GC_CONCURRENT freed 396K, 77% free 1423K/6019K, paused 1ms+1ms
D/dalvikvm( 1505): GC_CONCURRENT freed 495K, 77% free 1396K/6019K, paused 1ms+1ms
D/dalvikvm( 1505): GC_CONCURRENT freed 476K, 77% free 1424K/6019K, paused 1ms+1ms
D/dalvikvm( 1505): GC_CONCURRENT freed 507K, 78% free 1383K/6019K, paused 1ms+1ms
D/dalvikvm( 1505): GC_CONCURRENT freed 475K, 78% free 1373K/6019K, paused 1ms+1ms
D/dalvikvm( 1505): GC_CONCURRENT freed 495K, 78% free 1379K/6019K, paused 1ms+1ms
D/HomePlayerLib( 1505): hostaddress count is 1
D/dalvikvm( 1505): GC_CONCURRENT freed 458K, 77% free 1439K/6019K, paused 1ms+1ms
D/dalvikvm( 1505): GC_CONCURRENT freed 522K, 77% free 1427K/6019K, paused 0ms+1ms
D/dalvikvm( 1505): GC_CONCURRENT freed 512K, 77% free 1430K/6019K, paused 1ms+1ms
D/dalvikvm( 1505): GC_CONCURRENT freed 526K, 79% free 1300K/6019K, paused 1ms+1ms
D/dalvikvm( 1505): GC_CONCURRENT freed 377K, 77% free 1422K/6019K, paused 1ms+2ms
D/dalvikvm( 1505): GC_CONCURRENT freed 501K, 77% free 1429K/6019K, paused 0ms+1ms
D/dalvikvm( 1505): GC_CONCURRENT freed 501K, 79% free 1321K/6019K, paused 0ms+1ms
D/dalvikvm( 1505): GC_CONCURRENT freed 407K, 79% free 1301K/6019K, paused 1ms+1ms
D/dalvikvm( 1505): GC_CONCURRENT freed 394K, 77% free 1414K/6019K, paused 1ms+1ms
D/dalvikvm( 1505): GC_CONCURRENT freed 487K, 79% free 1313K/6019K, paused 0ms+1ms
D/dalvikvm( 1505): GC_CONCURRENT freed 395K, 77% free 1400K/6019K, paused 0ms+1ms
D/dalvikvm( 1505): GC_CONCURRENT freed 484K, 77% free 1394K/6019K, paused 1ms+1ms
D/dalvikvm( 1505): GC_CONCURRENT freed 489K, 79% free 1313K/6019K, paused 1ms+1ms
D/dalvikvm( 1505): GC_CONCURRENT freed 394K, 79% free 1312K/6019K, paused 1ms+1ms
D/dalvikvm( 1505): GC_CONCURRENT freed 393K, 79% free 1313K/6019K, paused 1ms+1ms
D/dalvikvm( 1505): GC_CONCURRENT freed 394K, 78% free 1359K/6019K, paused 0ms+1ms
D/dalvikvm( 1505): GC_CONCURRENT freed 444K, 77% free 1426K/6019K, paused 0ms+1ms
D/dalvikvm( 1505): GC_CONCURRENT freed 518K, 79% free 1301K/6019K, paused 1ms+1ms
D/CheckNetWork( 1752): isOk true
D/CheckNetWork( 1752): ActInfoNetworkInfo: type: WIFI[], state: CONNECTED/CONNECTED, reason: (unspecified), extra: (none), roaming: false, failover: false, isAvailable: true
D/CheckNetWork( 1752): infoNetworkInfo: type: WIFI[], state: CONNECTED/CONNECTED, reason: (unspecified), extra: (none), roaming: false, failover: false, isAvailable: true
D/dalvikvm( 1505): GC_CONCURRENT freed 395K, 79% free 1300K/6019K, paused 1ms+1ms
D/dalvikvm( 1505): GC_CONCURRENT freed 394K, 79% free 1300K/6019K, paused 0ms+1ms
D/dalvikvm( 1505): GC_CONCURRENT freed 393K, 79% free 1301K/6019K, paused 1ms+1ms

[  879.108306] IR: [03932] scan key value is 0xf10ec936 
[  879.108311]  
[  879.158934] IR: [03932] scan key value is 0xf10ec936 
[  879.158939]  D/dalvikvm( 1505): GC_CONCURRENT freed 398K, 79% free 1287K/6019K, paused 0ms+1ms
D/SubCatalogActivity( 1435): -- onRestart --
D/dalvikvm( 1505): GC_CONCURRENT freed 382K, 78% free 1371K/6019K, paused 3ms+2ms
W/InputManagerService(  944): Starting input on non-focused client com.android.internal.view.IInputMethodClient$Stub$Proxy@41670ae0 (uid=10000 pid=1435)
D/OpenGLRenderer( 1435): Flushing caches (mode 0)
D/dalvikvm( 1505): GC_CONCURRENT freed 464K, 79% free 1301K/6019K, paused 1ms+1ms
D/dalvikvm( 1505): GC_CONCURRENT freed 395K, 78% free 1325K/6019K, paused 1ms+1ms
D/OpenGLRenderer( 1435): Flushing caches (mode 1)

[  880.630216] IR: [03932] scan key value is 0xec13c936 
[  880.630221]  I/MainActivity( 2183): CIBN ---> onClick -> 52021
I/ActivityManager(  944): START {act=com.aidufei.cataLog cmp=com.aidufei.movieonline/.SubCatalogActivity (has extras)} from pid 2183
D/dalvikvm(  944): GC_CONCURRENT freed 866K, 56% free 4869K/11011K, paused 3ms+6ms
D/SubCatalogActivity( 1435): -- onCreate --
D/OpenGLRenderer( 2183): Flushing caches (mode 1)
D/com.aidufei.movieonline.BaseActivity$getAuthResult :148
        ( 1435): get terminal msg from db!
D/Test    ( 1435): request Url  :http://cibn-ido.longvisionmedia.com:8088/msis/getCatalog?version=V001&terminalType=1&resolution=1280*720&catalogType=2&userCode=201303191947&parentId=0&accessSource=5&authKey=0555145419102d3e1f32934a7a52458d
D/com.aidufei.movieonline.BaseActivity$getAuthResult :182
        ( 1435): get getAuthResultl msg from db!201303191947
D/SubCatalogActivity( 1435): -- onResume --
D/OpenGLRenderer( 2183): Flushing caches (mode 0)
W/InputManagerService(  944): Starting input on non-focused client com.android.internal.view.IInputMethodClient$Stub$Proxy@413b87e0 (uid=10006 pid=2183)
I/ActivityManager(  944): Displayed com.aidufei.movieonline/.SubCatalogActivity: +226ms
D/dalvikvm( 1505): GC_CONCURRENT freed 417K, 79% free 1307K/6019K, paused 1ms+1ms
D/HomePlayerLib( 1505): hostaddress count is 1
D/dalvikvm( 1505): GC_CONCURRENT freed 388K, 78% free 1342K/6019K, paused 1ms+1ms
D/dalvikvm( 1505): GC_CONCURRENT freed 413K, 77% free 1399K/6019K, paused 1ms+1ms
D/dalvikvm( 1505): GC_CONCURRENT freed 475K, 77% free 1436K/6019K, paused 0ms+1ms
D/dalvikvm( 1505): GC_CONCURRENT freed 486K, 77% free 1420K/6019K, paused 1ms+1ms
D/dalvikvm( 1505): GC_CONCURRENT freed 492K, 78% free 1383K/6019K, paused 1ms+1ms
D/dalvikvm( 1505): GC_CONCURRENT freed 455K, 78% free 1361K/6019K, paused 1ms+1ms
D/dalvikvm( 1505): GC_CONCURRENT freed 430K, 77% free 1436K/6019K, paused 1ms+1ms
D/dalvikvm( 1505): GC_CONCURRENT freed 492K, 78% free 1373K/6019K, paused 1ms+1ms
D/dalvikvm( 1505): GC_CONCURRENT freed 435K, 78% free 1332K/6019K, paused 1ms+1ms
D/dalvikvm( 1435): GC_CONCURRENT freed 2286K, 36% free 15660K/24451K, paused 2ms+6ms
D/SubCatalogActivity( 1435): checkIndex:0
D/SubCatalogActivity( 1435): checkIndex:0
D/SubCatalogActivity( 1435): getAssetList:
I/dalvikvm( 1435): Jit: resizing JitTable from 4096 to 8192
D/Test    ( 1435): request Url  :http://cibn-ido.longvisionmedia.com:8088/msis/getAssetList?version=V001&terminalType=1&resolution=1280*720&pageSize=30&curPage=1&userCode=201303191947&queryType=0&catalogId=51520&isRecommend=&assetType=&originName=&publishDate=&orderTag=1&authKey=87c9920a6f35623d67f4352c86ae2ec1
D/dalvikvm( 1505): GC_CONCURRENT freed 393K, 78% free 1332K/6019K, paused 1ms+2ms
D/dalvikvm( 1505): GC_CONCURRENT freed 392K, 78% free 1332K/6019K, paused 1ms+1ms
D/dalvikvm( 1505): GC_CONCURRENT freed 404K, 79% free 1320K/6019K, paused 1ms+1ms
D/dalvikvm( 1505): GC_CONCURRENT freed 397K, 79% free 1318K/6019K, paused 1ms+2ms
D/dalvikvm( 1435): GC_CONCURRENT freed 2072K, 37% free 15511K/24451K, paused 1ms+3ms
D/dalvikvm( 1505): GC_CONCURRENT freed 409K, 77% free 1417K/6019K, paused 1ms+1ms
D/dalvikvm( 1505): GC_CONCURRENT freed 511K, 79% free 1314K/6019K, paused 1ms+1ms
D/dalvikvm( 1505): GC_CONCURRENT freed 395K, 79% free 1313K/6019K, paused 1ms+1ms
D/dalvikvm( 1505): GC_CONCURRENT freed 400K, 75% free 1518K/6019K, paused 1ms+1ms
D/HomePlayerLib( 1505): hostaddress count is 1
D/dalvikvm( 1505): GC_CONCURRENT freed 606K, 77% free 1423K/6019K, paused 0ms+1ms
D/dalvikvm( 1505): GC_CONCURRENT freed 510K, 79% free 1316K/6019K, paused 1ms+1ms
D/dalvikvm( 1505): GC_CONCURRENT freed 391K, 77% free 1398K/6019K, paused 1ms+0ms
D/dalvikvm( 1505): GC_CONCURRENT freed 474K, 78% free 1362K/6019K, paused 1ms+1ms
D/dalvikvm( 1505): GC_CONCURRENT freed 443K, 78% free 1350K/6019K, paused 1ms+1ms
D/dalvikvm( 1505): GC_CONCURRENT freed 423K, 76% free 1446K/6019K, paused 1ms+1ms
D/dalvikvm( 1505): GC_CONCURRENT freed 522K, 77% free 1430K/6019K, paused 1ms+1ms
D/dalvikvm( 1505): GC_CONCURRENT freed 501K, 78% free 1330K/6019K, paused 1ms+1ms
D/dalvikvm( 1505): GC_CONCURRENT freed 392K, 78% free 1369K/6019K, paused 1ms+1ms
D/dalvikvm( 1505): GC_CONCURRENT freed 443K, 79% free 1310K/6019K, paused 0ms+1ms
D/dalvikvm( 1505): GC_CONCURRENT freed 395K, 79% free 1309K/6019K, paused 0ms+1ms
D/dalvikvm( 1505): GC_CONCURRENT freed 393K, 79% free 1308K/6019K, paused 1ms+1ms
D/dalvikvm( 1505): GC_CONCURRENT freed 393K, 77% free 1419K/6019K, paused 1ms+1ms
D/dalvikvm( 1505): GC_CONCURRENT freed 488K, 78% free 1369K/6019K, paused 0ms+1ms
D/dalvikvm( 1505): GC_CONCURRENT freed 445K, 76% free 1463K/6019K, paused 1ms+1ms
D/dalvikvm( 1505): GC_CONCURRENT freed 531K, 77% free 1430K/6019K, paused 1ms+1ms
D/dalvikvm( 1505): GC_CONCURRENT freed 514K, 79% free 1309K/6019K, paused 1ms+1ms
D/dalvikvm( 1505): GC_CONCURRENT freed 381K, 77% free 1429K/6019K, paused 1ms+1ms
D/dalvikvm( 1505): GC_CONCURRENT freed 515K, 79% free 1298K/6019K, paused 0ms+1ms
D/dalvikvm( 1505): GC_CONCURRENT freed 381K, 79% free 1309K/6019K, paused 1ms+1ms
D/dalvikvm( 1505): GC_CONCURRENT freed 394K, 78% free 1382K/6019K, paused 1ms+1ms
D/dalvikvm( 1505): GC_CONCURRENT freed 468K, 79% free 1302K/6019K, paused 1ms+1ms
D/dalvikvm( 1505): GC_CONCURRENT freed 397K, 77% free 1409K/6019K, paused 0ms+1ms
D/dalvikvm( 1505): GC_CONCURRENT freed 487K, 79% free 1314K/6019K, paused 1ms+1ms

[  901.291678] IR: [03932] scan key value is 0xf10ec936 
[  901.291683]  
[  901.342294] IR: [03932] scan key value is 0xf10ec936 
[  901.342298]  D/SubCatalogActivity( 1435): -- onRestart --
W/InputManagerService(  944): Starting input on non-focused client com.android.internal.view.IInputMethodClient$Stub$Proxy@41670ae0 (uid=10000 pid=1435)
D/OpenGLRenderer( 1435): Flushing caches (mode 0)
D/OpenGLRenderer( 1435): Flushing caches (mode 1)

[  902.338576] IR: [03932] scan key value is 0xeb14c936 
[  902.338581]  
[  902.389456] IR: [03932] scan key value is 0xeb14c936 
[  902.389462]  D/InputEventConsistencyVerifier( 2183): KeyEvent: ACTION_UP but key was not down.
D/InputEventConsistencyVerifier( 2183):   in com.coship.cibn.view.ScaleViewPanel@42024ab0
D/InputEventConsistencyVerifier( 2183):   0: sent at 902564000000, KeyEvent { action=ACTION_UP, keyCode=KEYCODE_DPAD_RIGHT, scanCode=106, metaState=0, flags=0x8, repeatCount=0, eventTime=902564, downTime=902343, deviceId=2, source=0x101 }
D/InputEventConsistencyVerifier( 2183):   -- recent events --
D/InputEventConsistencyVerifier( 2183):   1: sent at 790742000000, (unhandled) KeyEvent { action=ACTION_DOWN, keyCode=KEYCODE_DPAD_LEFT, scanCode=105, metaState=0, flags=0x8, repeatCount=0, eventTime=790742, downTime=790742, deviceId=2, source
[  902.662088] IR: [03932] scan key value is 0xec13c936 
[  902.662093]  =0x101 }
D/InputEventConsistencyVerifier( 2183):   2: sent at 790260000000, (unhandled) KeyEvent { action=ACTION_UP, keyCode=KEYCODE_DPAD_RIGHT, scanCode=106, metaState=0, flags=0x80000008, repeatCount=0, eventTime=790260, downTime=790049, deviceId=2, source=0x101 }
D/InputEventConsistencyVerifier( 2183):   3: sent at 777590000000, (unhandled) KeyEvent { action=ACTION_DOWN, keyCode=KEYCODE_DPAD_LEFT, scanCode=105, metaState=0, flags=0x8, repeatCount=0, eventTime=777590, downTime=777590, deviceId=2, source
[  902.713272] IR: [03932] scan key value is 0xec13c936 
[  902.713277]  =0x101 }
D/InputEventConsistencyVerifier( 2183):   4: sent at 777320000000, (unhandled) KeyEvent { action=ACTION_UP, keyCode=KEYCODE_DPAD_UP, scanCode=103, metaState=0, flags=0x80000008, repeatCount=0, eventTime=777320, downTime=777108, deviceId=2, source=0x101 }
D/HomePlayerLib( 1505): hostaddress count is 1
D/dalvikvm( 1505): GC_FOR_ALLOC freed 533K, 79% free 1290K/6019K, paused 11ms
D/dalvikvm( 1505): GC_CONCURRENT freed 17K, 79% free 1281K/6019K, paused 0ms+1ms
D/dalvikvm( 1505): GC_CONCURRENT freed 372K, 77% free 1393K/6019K, paused 0ms+1ms
D/dalvikvm( 1505): GC_CONCURRENT freed 485K, 77% free 1399K/6019K, paused 0ms+1ms
I/MainActivity( 2183): CIBN ---> onClick -> 52022
I/ActivityManager(  944): START {act=com.aidufei.cataLog cmp=com.aidufei.movieonline/.SubCatalogActivity (has extras)} from pid 2183
D/SubCatalogActivity( 1435): -- onCreate --
D/OpenGLRenderer( 2183): Flushing caches (mode 1)
D/com.aidufei.movieonline.BaseActivity$getAuthResult :148
        ( 1435): get terminal msg from db!
D/com.aidufei.movieonline.BaseActivity$getAuthResult :182
        ( 1435): get getAuthResultl msg from db!201303191947
D/SubCatalogActivity( 1435): -- onResume --
D/OpenGLRenderer( 2183): Flushing caches (mode 0)
D/Test    ( 1435): request Url  :http://cibn-ido.longvisionmedia.com:8088/msis/getCatalog?version=V001&terminalType=1&resolution=1280*720&catalogType=2&userCode=201303191947&parentId=0&accessSource=5&authKey=0555145419102d3e1f32934a7a52458d
D/dalvikvm( 1505): GC_CONCURRENT freed 476K, 77% free 1432K/6019K, paused 2ms+1ms
W/InputManagerService(  944): Starting input on non-focused client com.android.internal.view.IInputMethodClient$Stub$Proxy@413b87e0 (uid=10006 pid=2183)
I/ActivityManager(  944): Displayed com.aidufei.movieonline/.SubCatalogActivity: +253ms
D/dalvikvm( 1505): GC_CONCURRENT freed 520K, 78% free 1331K/6019K, paused 2ms+1ms
D/dalvikvm( 1505): GC_CONCURRENT freed 394K, 78% free 1332K/6019K, paused 1ms+1ms
D/dalvikvm( 1505): GC_CONCURRENT freed 391K, 76% free 1456K/6019K, paused 2ms+1ms
D/dalvikvm( 1505): GC_CONCURRENT freed 522K, 78% free 1349K/6019K, paused 1ms+1ms
D/dalvikvm( 1505): GC_CONCURRENT freed 416K, 77% free 1397K/6019K, paused 1ms+1ms
D/dalvikvm( 1505): GC_CONCURRENT freed 460K, 78% free 1378K/6019K, paused 1ms+1ms
D/SubCatalogActivity( 1435): checkIndex:0
D/SubCatalogActivity( 1435): checkIndex:0
D/SubCatalogActivity( 1435): getAssetList:
D/Test    ( 1435): request Url  :http://cibn-ido.longvisionmedia.com:8088/msis/getAssetList?version=V001&terminalType=1&resolution=1280*720&pageSize=30&curPage=1&userCode=201303191947&queryType=0&catalogId=51514&isRecommend=&assetType=&originName=&publishDate=&orderTag=1&authKey=597d60ffa716f9f77d111dc6b175fbb4

[  905.067404] IR: [03932] scan key value is 0xf10ec936 
[  905.067408]  
[  905.118063] IR: [03932] scan key value is 0xf10ec936 
[  905.118068]  D/dalvikvm( 1505): GC_CONCURRENT freed 442K, 76% free 1444K/6019K, paused 3ms+1ms
D/dalvikvm( 1505): GC_CONCURRENT freed 517K, 77% free 1434K/6019K, paused 1ms+1ms
D/dalvikvm( 1505): GC_CONCURRENT freed 489K, 78% free 1338K/6019K, paused 1ms+1ms
D/dalvikvm( 1435): GC_CONCURRENT freed 1708K, 36% free 15730K/24451K, paused 1ms+7ms
D/dalvikvm( 1505): GC_CONCURRENT freed 406K, 77% free 1444K/6019K, paused 1ms+1ms

[  906.184921] IR: [03932] scan key value is 0xf10ec936 
[  906.184926]  
[  906.235539] IR: [03932] scan key value is 0xf10ec936 
[  906.235544]  D/SubCatalogActivity( 1435): -- onRestart --
W/InputManagerService(  944): Starting input on non-focused client com.android.internal.view.IInputMethodClient$Stub$Proxy@41670ae0 (uid=10000 pid=1435)
D/OpenGLRenderer( 1435): Flushing caches (mode 0)
D/OpenGLRenderer( 1435): Flushing caches (mode 1)

[  907.287164] IR: [03932] scan key value is 0xea15c936 
[  907.287169]  
[  907.338884] IR: [03932] scan key value is 0xea15c936 
[  907.338890]  D/InputEventConsistencyVerifier( 2183): KeyEvent: ACTION_UP but key was not down.
D/InputEventConsistencyVerifier( 2183):   in com.coship.cibn.view.ScaleViewPanel@416e2eb8
D/InputEventConsistencyVerifier( 2183):   0: sent at 907512000000, KeyEvent { action=ACTION_UP, keyCode=KEYCODE_DPAD_DOWN, scanCode=108, metaState=0, flags=0x8, repeatCount=0, eventTime=907512, downTime=907292, deviceId=2, source=0x101 }
D/InputEventConsistencyVerifier( 2183):   -- recent events --
D/InputEventConsistencyVerifier( 2183):   1: sent at 777108000000, (unhandled) KeyEvent { action=ACTION_DOWN, keyCode=KEYCODE_DPAD_UP, scanCode=103, metaState=0, flags=0x8, repeatCount=0, eventTime=777108, downTime=777108, deviceId=2, source=0x101 }
D/InputEventConsistencyVerifier( 2183):   2: sent at 776632000000, (unhandled) KeyEvent { action=ACTION_UP, keyCode=KEYCODE_DPAD_UP, scanCode=103, metaState=0, flags=0x80000008, repeatCount=0, eventTime=776632, downTime=776418, deviceId=2, source=0x101 }

[  907.770291] IR: [03932] scan key value is 0xec13c936 
[  907.770296]  I/MainActivity( 2183): CIBN ---> onClick -> 52024
I/ActivityManager(  944): START {act=com.aidufei.cataLog cmp=com.aidufei.movieonline/.SubCatalogActivity (has extras)} from pid 2183
D/SubCatalogActivity( 1435): -- onCreate --
D/OpenGLRenderer( 2183): Flushing caches (mode 1)
D/OpenGLRenderer( 2183): Flushing caches (mode 0)
D/com.aidufei.movieonline.BaseActivity$getAuthResult :148
        ( 1435): get terminal msg from db!
D/Test    ( 1435): request Url  :http://cibn-ido.longvisionmedia.com:8088/msis/getCatalog?version=V001&terminalType=1&resolution=1280*720&catalogType=2&userCode=201303191947&parentId=0&accessSource=5&authKey=0555145419102d3e1f32934a7a52458d
D/com.aidufei.movieonline.BaseActivity$getAuthResult :182
        ( 1435): get getAuthResultl msg from db!201303191947
D/SubCatalogActivity( 1435): -- onResume --
W/InputManagerService(  944): Starting input on non-focused client com.android.internal.view.IInputMethodClient$Stub$Proxy@413b87e0 (uid=10006 pid=2183)
I/ActivityManager(  944): Displayed com.aidufei.movieonline/.SubCatalogActivity: +298ms
D/dalvikvm( 1505): GC_CONCURRENT freed 513K, 76% free 1458K/6019K, paused 1ms+1ms
D/dalvikvm( 1435): GC_CONCURRENT freed 1780K, 36% free 15877K/24451K, paused 2ms+3ms
D/SubCatalogActivity( 1435): checkIndex:0
D/SubCatalogActivity( 1435): checkIndex:0
D/SubCatalogActivity( 1435): getAssetList:
D/Test    ( 1435): request Url  :http://cibn-ido.longvisionmedia.com:8088/msis/getAssetList?version=V001&terminalType=1&resolution=1280*720&pageSize=30&curPage=1&userCode=201303191947&queryType=0&catalogId=51507&isRecommend=&assetType=&originName=&publishDate=&orderTag=1&authKey=903ed039ae35e6023ef16ea1a17a1442
D/dalvikvm( 1435): GC_CONCURRENT freed 1728K, 35% free 16093K/24451K, paused 2ms+9ms
E/        ( 1435): get vaddr failed:pvaddr_read=0x620c3000,pvaddr_internal=0x621c3000,pvaddr_write=0x0
E/        ( 1435): get vaddr failed:pvaddr_read=0x620c3000,pvaddr_internal=0x621c3000,pvaddr_write=0x0
D/dalvikvm( 1505): GC_CONCURRENT freed 542K, 79% free 1304K/6019K, paused 1ms+1ms
D/dalvikvm( 1505): GC_CONCURRENT freed 398K, 79% free 1308K/6019K, paused 1ms+1ms
D/dalvikvm( 1505): GC_CONCURRENT freed 394K, 78% free 1325K/6019K, paused 0ms+1ms
D/dalvikvm( 1505): GC_CONCURRENT freed 406K, 78% free 1337K/6019K, paused 1ms+1ms

[  912.112731] IR: [03932] scan key value is 0xf10ec936 
[  912.112736]  
[  912.163349] IR: [03932] scan key value is 0xf10ec936 
[  912.163354]  D/SubCatalogActivity( 1435): -- onRestart --
W/InputManagerService(  944): Starting input on non-focused client com.android.internal.view.IInputMethodClient$Stub$Proxy@41670ae0 (uid=10000 pid=1435)
D/OpenGLRenderer( 1435): Flushing caches (mode 0)
D/OpenGLRenderer( 1435): Flushing caches (mode 1)

[  912.962625] IR: [03932] scan key value is 0xea15c936 
[  912.962631]  
[  913.014367] IR: [03932] scan key value is 0xea15c936 
[  913.014374]  D/dalvikvm( 1435): GC_EXPLICIT freed 720K, 35% free 16085K/24451K, paused 1ms+4ms
E/StrictMode( 1435): class com.aidufei.movieonline.SubCatalogActivity; instances=2; limit=1
E/StrictMode( 1435): android.os.StrictMode$InstanceCountViolation: class com.aidufei.movieonline.SubCatalogActivity; instances=2; limit=1
E/StrictMode( 1435):    at android.os.StrictMode.setClassInstanceLimit(StrictMode.java:1)
D/InputEventConsistencyVerifier( 2183): KeyEvent: ACTION_UP but key was not down.
D/InputEventConsistencyVerifier( 2183):   in com.coship.cibn.view.ScaleViewPanel@417b16b8
D/InputEventConsistencyVerifier( 2183):   0: sent at 913180000000, KeyEvent { action=ACTION_UP, keyCode=KEYCODE_DPAD_DOWN, scanCode=108, metaState=0, flags=0x8, repeatCount=0, eventTime=913180, downTime=912968, deviceId=2, source=0x101 }
D/InputEventConsistencyVerifier( 2183):   -- recent events --
D/InputEventConsistencyVerifier( 2183):   1: sent at 776418000000, (unhandled) KeyEvent { action=ACTION_DOWN, keyCode=KEYCODE_DPAD_UP, scanCode=103, metaState=0, flags=0x8, repeatCount=0, eventTime=776418, downTime=776418, deviceId=2, source=0x101 }
D/InputEventConsistencyVerifier( 2183):   2: sent at 775876000000, (unhandled) KeyEvent { action=ACTION_UP, keyCode=KEYCODE_DPAD_LEFT, scanCode=105, metaState=0, flags=0x80000008, repeatCount=0, eventTime=775876, downTime=775663, deviceId=2, source=0x101 }
D/InputEventConsistencyVerifier( 2183):   3: sent at 774952000000, (unhandled) KeyEvent { action=ACTION_DOWN, keyCode=KEYCODE_DPAD_RIGHT, scanCode=106, metaState=0, flags=0x8, repeatCount=0, eventTime=774952, downTime=774952, deviceId=2, source=0x101 }
D/InputEventConsistencyVerifier( 2183):   4: sent at 773944000000, (unhandled) KeyEvent { action=ACTION_UP, keyCode=KEYCODE_DPAD_LEFT, scanCode=105, metaState=0, flags=0x80000008, repeatCount=0, eventTime=773944, downTime=773733, deviceId=2, source=0x101 }

[  913.732855] IR: [03932] scan key value is 0xed12c936 
[  913.732859]  
[  913.784341] IR: [03932] scan key value is 0xed12c936 
[  913.784346]  D/dalvikvm( 1505): GC_CONCURRENT freed 417K, 79% free 1310K/6019K, paused 1ms+2ms
D/HomePlayerLib( 1505): hostaddress count is 1
D/dalvikvm( 1505): GC_CONCURRENT freed 402K, 79% free 1298K/6019K, paused 1ms+1ms
D/InputEventConsistencyVerifier( 2183): KeyEvent: ACTION_UP but key was not down.
D/InputEventConsistencyVerifier( 2183):   in com.coship.cibn.view.ScaleViewPanel@42050ee8
D/InputEventConsistencyVerifier( 2183):   0: sent at 913952000000, KeyEvent { action=ACTION_UP, keyCode=KEYCODE_DPAD_LEFT, scanCode=105, metaState=0, flags=0x8, repeatCount=0, eventTime=913952, downTime=913738, deviceId=2, source=0x101 }
D/dalvikvm( 1505): GC_CONCURRENT freed 395K, 79% free 1288K/6019K, paused 1ms+1ms
D/dalvikvm( 1505): GC_CONCURRENT freed 380K, 79% free 1317K/6019K, paused 1ms+5ms

[  914.212289] IR: [03932] scan key value is 0xee11c936 
[  914.212293]  
[  914.263775] IR: [03932] scan key value is 0xee11c936 
[  914.263780]  D/dalvikvm( 1505): GC_CONCURRENT freed 396K, 77% free 1431K/6019K, paused 1ms+1ms
D/dalvikvm( 1505): GC_CONCURRENT freed 480K, 77% free 1435K/6019K, paused 1ms+1ms
D/InputEventConsistencyVerifier( 2183): KeyEvent: ACTION_UP but key was not down.
D/InputEventConsistencyVerifier( 2183):   in com.coship.cibn.view.ScaleViewPanel@417a7848
D/InputEventConsistencyVerifier( 2183):   0: sent at 914432000000, KeyEvent { action=ACTION_UP, keyCode=KEYCODE_DPAD_UP, scanCode=103, metaState=0, flags=0x8, repeatCount=0, eventTime=914432, downTime=914218, deviceId=2, source=0x101 }
D/dalvikvm( 1505): GC_CONCURRENT freed 514K, 77% free 1387K/6019K, paused 1ms+1ms
D/dalvikvm( 1435): GC_CONCURRENT freed 1978K, 35% free 16050K/24451K, paused 2ms+6ms
D/dalvikvm( 1505): GC_CONCURRENT freed 476K, 77% free 1423K/6019K, paused 1ms+1ms

[  914.725931] IR: [03932] scan key value is 0xec13c936 
[  914.725936]  D/dalvikvm( 1505): GC_CONCURRENT freed 493K, 77% free 1400K/6019K, paused 1ms+1ms
I/MainActivity( 2183): CIBN ---> onClick -> 52023
I/ActivityManager(  944): START {act=com.aidufei.cataLog cmp=com.aidufei.movieonline/.SubCatalogActivity (has extras)} from pid 2183
D/SubCatalogActivity( 1435): -- onCreate --
D/dalvikvm(  944): GC_CONCURRENT freed 971K, 56% free 4900K/11011K, paused 3ms+7ms
D/OpenGLRenderer( 2183): Flushing caches (mode 1)
D/OpenGLRenderer( 2183): Flushing caches (mode 0)
D/dalvikvm( 1505): GC_CONCURRENT freed 475K, 77% free 1430K/6019K, paused 1ms+1ms
D/com.aidufei.movieonline.BaseActivity$getAuthResult :148
        ( 1435): get terminal msg from db!
D/Test    ( 1435): request Url  :http://cibn-ido.longvisionmedia.com:8088/msis/getCatalog?version=V001&terminalType=1&resolution=1280*720&catalogType=2&userCode=201303191947&parentId=0&accessSource=5&authKey=0555145419102d3e1f32934a7a52458d
D/com.aidufei.movieonline.BaseActivity$getAuthResult :182
        ( 1435): get getAuthResultl msg from db!201303191947
D/SubCatalogActivity( 1435): -- onResume --
W/InputManagerService(  944): Starting input on non-focused client com.android.internal.view.IInputMethodClient$Stub$Proxy@413b87e0 (uid=10006 pid=2183)
I/ActivityManager(  944): Displayed com.aidufei.movieonline/.SubCatalogActivity: +380ms
D/SubCatalogActivity( 1435): checkIndex:0
D/SubCatalogActivity( 1435): checkIndex:0
D/SubCatalogActivity( 1435): getAssetList:
D/Test    ( 1435): request Url  :http://cibn-ido.longvisionmedia.com:8088/msis/getAssetList?version=V001&terminalType=1&resolution=1280*720&pageSize=30&curPage=1&userCode=201303191947&queryType=0&catalogId=51522&isRecommend=&assetType=&originName=&publishDate=&orderTag=1&authKey=b47e351dca9b1e540b42d08d1a524753
D/dalvikvm( 1505): GC_CONCURRENT freed 502K, 78% free 1351K/6019K, paused 1ms+1ms
D/dalvikvm( 1435): GC_CONCURRENT freed 1868K, 35% free 16103K/24451K, paused 1ms+6ms
D/dalvikvm( 1505): GC_CONCURRENT freed 417K, 77% free 1444K/6019K, paused 1ms+1ms
D/dalvikvm( 1505): GC_CONCURRENT freed 517K, 76% free 1474K/6019K, paused 1ms+2ms
D/dalvikvm( 1505): GC_CONCURRENT freed 539K, 76% free 1445K/6019K, paused 0ms+2ms
D/dalvikvm( 1505): GC_CONCURRENT freed 517K, 77% free 1434K/6019K, paused 1ms+1ms
D/dalvikvm( 1505): GC_CONCURRENT freed 488K, 78% free 1333K/6019K, paused 1ms+2ms
D/dalvikvm( 1505): GC_CONCURRENT freed 404K, 78% free 1328K/6019K, paused 1ms+1ms
D/dalvikvm( 1505): GC_CONCURRENT freed 396K, 76% free 1490K/6019K, paused 1ms+1ms
E/        ( 1435): get vaddr failed:pvaddr_read=0x620c3000,pvaddr_internal=0x621c3000,pvaddr_write=0x0
E/        ( 1435): get vaddr failed:pvaddr_read=0x620c3000,pvaddr_internal=0x621c3000,pvaddr_write=0x0
D/dalvikvm( 1505): GC_CONCURRENT freed 564K, 78% free 1383K/6019K, paused 1ms+3ms
D/dalvikvm( 1435): GC_FOR_ALLOC freed 1826K, 34% free 16163K/24451K, paused 25ms
D/dalvikvm( 1505): GC_CONCURRENT freed 460K, 77% free 1435K/6019K, paused 1ms+1ms
D/dalvikvm( 1505): GC_CONCURRENT freed 518K, 79% free 1310K/6019K, paused 1ms+1ms
D/dalvikvm( 1505): GC_CONCURRENT freed 395K, 79% free 1309K/6019K, paused 0ms+1ms
E/        ( 1435): get vaddr failed:pvaddr_read=0x620c3000,pvaddr_internal=0x621c3000,pvaddr_write=0x0
E/        ( 1435): get vaddr failed:pvaddr_read=0x620c3000,pvaddr_internal=0x621c3000,pvaddr_write=0x0
D/dalvikvm( 1435): GC_FOR_ALLOC freed 1418K, 36% free 15791K/24451K, paused 19ms
D/dalvikvm( 1505): GC_CONCURRENT freed 433K, 78% free 1342K/6019K, paused 1ms+1ms
D/dalvikvm( 1505): GC_CONCURRENT freed 427K, 78% free 1380K/6019K, paused 1ms+2ms
D/dalvikvm( 1505): GC_CONCURRENT freed 465K, 77% free 1400K/6019K, paused 1ms+1ms
E/        ( 1435): get vaddr failed:pvaddr_read=0x620c3000,pvaddr_internal=0x621c3000,pvaddr_write=0x0
E/        ( 1435): get vaddr failed:pvaddr_read=0x620c3000,pvaddr_internal=0x621c3000,pvaddr_write=0x0
D/dalvikvm( 1435): GC_CONCURRENT freed 1001K, 32% free 16720K/24451K, paused 11ms+3ms
E/        ( 1435): get vaddr failed:pvaddr_read=0x620c3000,pvaddr_internal=0x621c3000,pvaddr_write=0x0
E/        ( 1435): get vaddr failed:pvaddr_read=0x620c3000,pvaddr_internal=0x621c3000,pvaddr_write=0x0
E/        ( 1435): get vaddr failed:pvaddr_read=0x620c3000,pvaddr_internal=0x621c3000,pvaddr_write=0x0
E/        ( 1435): get vaddr failed:pvaddr_read=0x620c3000,pvaddr_internal=0x621c3000,pvaddr_write=0x0
E/        ( 1435): get vaddr failed:pvaddr_read=0x620c3000,pvaddr_internal=0x621c3000,pvaddr_write=0x0
E/        ( 1435): get vaddr failed:pvaddr_read=0x620c3000,pvaddr_internal=0x621c3000,pvaddr_write=0x0
D/dalvikvm( 1435): GC_FOR_ALLOC freed 2729K, 35% free 15897K/24451K, paused 21ms
D/dalvikvm( 1505): GC_CONCURRENT freed 484K, 79% free 1311K/6019K, paused 1ms+1ms
D/dalvikvm( 1505): GC_CONCURRENT freed 394K, 79% free 1310K/6019K, paused 1ms+1ms
D/dalvikvm( 1505): GC_CONCURRENT freed 404K, 79% free 1290K/6019K, paused 1ms+1ms
D/dalvikvm( 1505): GC_CONCURRENT freed 364K, 76% free 1476K/6019K, paused 1ms+1ms
D/HomePlayerLib( 1505): hostaddress count is 1
D/dalvikvm( 1505): GC_CONCURRENT freed 563K, 79% free 1300K/6019K, paused 1ms+1ms
D/dalvikvm( 1505): GC_CONCURRENT freed 391K, 79% free 1312K/6019K, paused 1ms+1ms
D/dalvikvm( 1505): GC_CONCURRENT freed 403K, 79% free 1292K/6019K, paused 1ms+1ms
D/dalvikvm( 1505): GC_CONCURRENT freed 365K, 78% free 1362K/6019K, paused 1ms+1ms
D/dalvikvm( 1505): GC_CONCURRENT freed 413K, 78% free 1382K/6019K, paused 1ms+1ms
D/dalvikvm( 1505): GC_CONCURRENT freed 457K, 77% free 1433K/6019K, paused 0ms+1ms
D/dalvikvm( 1505): GC_CONCURRENT freed 505K, 75% free 1521K/6019K, paused 1ms+1ms
D/dalvikvm( 1505): GC_CONCURRENT freed 578K, 77% free 1403K/6019K, paused 1ms+1ms
D/dalvikvm( 1505): GC_CONCURRENT freed 473K, 77% free 1434K/6019K, paused 1ms+1ms
D/dalvikvm( 1505): GC_CONCURRENT freed 511K, 79% free 1323K/6019K, paused 1ms+1ms
D/dalvikvm( 1505): GC_CONCURRENT freed 379K, 77% free 1419K/6019K, paused 1ms+1ms
D/dalvikvm( 1505): GC_CONCURRENT freed 486K, 76% free 1445K/6019K, paused 1ms+1ms
D/dalvikvm( 1505): GC_CONCURRENT freed 518K, 77% free 1430K/6019K, paused 1ms+1ms
D/dalvikvm( 1505): GC_CONCURRENT freed 538K, 77% free 1394K/6019K, paused 1ms+1ms
D/dalvikvm( 1505): GC_CONCURRENT freed 478K, 79% free 1301K/6019K, paused 1ms+1ms
D/dalvikvm( 1505): GC_CONCURRENT freed 394K, 79% free 1292K/6019K, paused 1ms+1ms
D/dalvikvm( 1505): GC_CONCURRENT freed 366K, 77% free 1437K/6019K, paused 1ms+1ms
D/dalvikvm( 1505): GC_CONCURRENT freed 523K, 79% free 1303K/6019K, paused 1ms+1ms
D/dalvikvm( 1505): GC_CONCURRENT freed 396K, 79% free 1300K/6019K, paused 1ms+1ms
D/dalvikvm( 1505): GC_CONCURRENT freed 392K, 77% free 1414K/6019K, paused 1ms+1ms
D/dalvikvm( 1505): GC_CONCURRENT freed 487K, 79% free 1313K/6019K, paused 0ms+1ms
D/dalvikvm( 1505): GC_CONCURRENT freed 395K, 79% free 1313K/6019K, paused 1ms+1ms
D/dalvikvm( 1505): GC_CONCURRENT freed 393K, 79% free 1318K/6019K, paused 0ms+1ms
D/dalvikvm( 1505): GC_CONCURRENT freed 405K, 77% free 1410K/6019K, paused 0ms+1ms
D/dalvikvm( 1505): GC_CONCURRENT freed 490K, 77% free 1420K/6019K, paused 1ms+1ms
D/dalvikvm( 1505): GC_CONCURRENT freed 503K, 78% free 1333K/6019K, paused 1ms+1ms
D/HomePlayerLib( 1505): hostaddress count is 1
D/dalvikvm( 1505): GC_CONCURRENT freed 425K, 77% free 1405K/6019K, paused 1ms+1ms
D/dalvikvm( 1505): GC_CONCURRENT freed 497K, 77% free 1415K/6019K, paused 1ms+1ms
D/dalvikvm( 1505): GC_CONCURRENT freed 507K, 77% free 1419K/6019K, paused 0ms+1ms
D/dalvikvm( 1505): GC_CONCURRENT freed 499K, 77% free 1425K/6019K, paused 1ms+1ms
D/dalvikvm( 1505): GC_CONCURRENT freed 496K, 77% free 1436K/6019K, paused 1ms+1ms
D/dalvikvm( 1505): GC_FOR_ALLOC freed 621K, 79% free 1321K/6019K, paused 11ms
D/dalvikvm( 1505): GC_CONCURRENT freed 10K, 79% free 1319K/6019K, paused 0ms+1ms
D/dalvikvm( 1505): GC_CONCURRENT freed 394K, 78% free 1334K/6019K, paused 1ms+1ms
D/CheckNetWork( 1752): isOk true
D/CheckNetWork( 1752): ActInfoNetworkInfo: type: WIFI[], state: CONNECTED/CONNECTED, reason: (unspecified), extra: (none), roaming: false, failover: false, isAvailable: true
D/CheckNetWork( 1752): infoNetworkInfo: type: WIFI[], state: CONNECTED/CONNECTED, reason: (unspecified), extra: (none), roaming: false, failover: false, isAvailable: true
D/dalvikvm( 1505): GC_CONCURRENT freed 402K, 78% free 1325K/6019K, paused 1ms+1ms
D/dalvikvm( 1505): GC_CONCURRENT freed 379K, 78% free 1333K/6019K, paused 1ms+1ms
D/dalvikvm( 1505): GC_CONCURRENT freed 397K, 77% free 1414K/6019K, paused 1ms+1ms
D/PushMsgCenter( 1724): mDownUpRun run while (true)
D/PushMsgCenter( 1724): down  
D/PushMsgCenter( 1724): down conn.getResponseCode() status = 404
D/dalvikvm( 1505): GC_CONCURRENT freed 473K, 78% free 1331K/6019K, paused 1ms+1ms
D/dalvikvm( 1505): GC_CONCURRENT freed 393K, 77% free 1419K/6019K, paused 1ms+1ms
D/dalvikvm( 1505): GC_CONCURRENT freed 484K, 79% free 1321K/6019K, paused 1ms+1ms
D/dalvikvm( 1505): GC_CONCURRENT freed 397K, 79% free 1310K/6019K, paused 0ms+1ms
D/dalvikvm( 1505): GC_CONCURRENT freed 367K, 76% free 1453K/6019K, paused 1ms+1ms
D/dalvikvm( 1505): GC_CONCURRENT freed 514K, 78% free 1333K/6019K, paused 1ms+1ms
D/dalvikvm( 1505): GC_CONCURRENT freed 413K, 78% free 1360K/6019K, paused 1ms+1ms
D/dalvikvm( 1505): GC_CONCURRENT freed 445K, 77% free 1426K/6019K, paused 0ms+1ms
D/dalvikvm( 1505): GC_CONCURRENT freed 518K, 78% free 1342K/6019K, paused 1ms+1ms
D/dalvikvm( 1505): GC_CONCURRENT freed 433K, 79% free 1310K/6019K, paused 1ms+1ms
D/dalvikvm( 1505): GC_CONCURRENT freed 390K, 79% free 1311K/6019K, paused 1ms+1ms
D/HomePlayerLib( 1505): hostaddress count is 1
D/dalvikvm( 1505): GC_CONCURRENT freed 409K, 79% free 1299K/6019K, paused 1ms+1ms
D/dalvikvm( 1505): GC_CONCURRENT freed 379K, 79% free 1315K/6019K, paused 1ms+1ms
D/dalvikvm( 1505): GC_CONCURRENT freed 390K, 79% free 1317K/6019K, paused 1ms+1ms
D/dalvikvm( 1505): GC_CONCURRENT freed 423K, 79% free 1317K/6019K, paused 1ms+1ms
D/dalvikvm( 1505): GC_CONCURRENT freed 399K, 77% free 1430K/6019K, paused 0ms+1ms
D/dalvikvm( 1505): GC_CONCURRENT freed 501K, 77% free 1438K/6019K, paused 1ms+1ms
D/dalvikvm( 1505): GC_CONCURRENT freed 510K, 77% free 1434K/6019K, paused 1ms+1ms
D/dalvikvm( 1505): GC_CONCURRENT freed 504K, 77% free 1387K/6019K, paused 1ms+1ms
D/dalvikvm( 1505): GC_CONCURRENT freed 456K, 78% free 1372K/6019K, paused 1ms+1ms
D/dalvikvm( 1505): GC_CONCURRENT freed 433K, 78% free 1379K/6019K, paused 1ms+1ms
D/dalvikvm( 1505): GC_CONCURRENT freed 547K, 79% free 1308K/6019K, paused 1ms+1ms
D/dalvikvm( 1505): GC_CONCURRENT freed 368K, 78% free 1331K/6019K, paused 1ms+1ms
D/dalvikvm( 1505): GC_CONCURRENT freed 393K, 78% free 1331K/6019K, paused 1ms+1ms
D/dalvikvm( 1505): GC_CONCURRENT freed 394K, 78% free 1332K/6019K, paused 1ms+1ms
D/dalvikvm( 1505): GC_CONCURRENT freed 394K, 78% free 1332K/6019K, paused 1ms+1ms
D/dalvikvm( 1505): GC_CONCURRENT freed 394K, 78% free 1332K/6019K, paused 1ms+1ms
D/dalvikvm( 1505): GC_CONCURRENT freed 405K, 78% free 1329K/6019K, paused 1ms+1ms
D/dalvikvm( 1505): GC_CONCURRENT freed 397K, 78% free 1327K/6019K, paused 1ms+1ms
D/dalvikvm( 1505): GC_CONCURRENT freed 394K, 78% free 1327K/6019K, paused 1ms+1ms
D/dalvikvm( 1505): GC_CONCURRENT freed 411K, 78% free 1341K/6019K, paused 1ms+1ms
D/dalvikvm( 1505): GC_CONCURRENT freed 435K, 79% free 1300K/6019K, paused 1ms+1ms
D/dalvikvm( 1505): GC_CONCURRENT freed 394K, 78% free 1372K/6019K, paused 1ms+1ms
D/dalvikvm( 1505): GC_CONCURRENT freed 481K, 77% free 1392K/6019K, paused 0ms+1ms
D/HomePlayerLib( 1505): hostaddress count is 1
D/dalvikvm( 1505): GC_CONCURRENT freed 472K, 79% free 1311K/6019K, paused 1ms+1ms
D/dalvikvm( 1505): GC_CONCURRENT freed 404K, 78% free 1380K/6019K, paused 1ms+1ms
D/dalvikvm( 1505): GC_CONCURRENT freed 467K, 79% free 1303K/6019K, paused 1ms+0ms
D/dalvikvm( 1505): GC_CONCURRENT freed 392K, 77% free 1426K/6019K, paused 1ms+1ms
D/dalvikvm( 1505): GC_CONCURRENT freed 474K, 76% free 1463K/6019K, paused 1ms+1ms
D/dalvikvm( 1505): GC_CONCURRENT freed 523K, 78% free 1374K/6019K, paused 1ms+1ms
D/dalvikvm( 1505): GC_CONCURRENT freed 444K, 78% free 1381K/6019K, paused 1ms+1ms
D/dalvikvm( 1505): GC_CONCURRENT freed 433K, 78% free 1333K/6019K, paused 1ms+1ms
D/dalvikvm( 1505): GC_CONCURRENT freed 395K, 78% free 1337K/6019K, paused 1ms+1ms
D/dalvikvm( 1505): GC_CONCURRENT freed 402K, 77% free 1402K/6019K, paused 1ms+1ms
D/dalvikvm( 1505): GC_CONCURRENT freed 476K, 79% free 1311K/6019K, paused 0ms+1ms
D/dalvikvm( 1505): GC_CONCURRENT freed 367K, 77% free 1413K/6019K, paused 1ms+1ms
D/dalvikvm( 1505): GC_CONCURRENT freed 474K, 78% free 1378K/6019K, paused 1ms+1ms
D/dalvikvm( 1505): GC_CONCURRENT freed 449K, 78% free 1325K/6019K, paused 0ms+1ms
D/dalvikvm( 1505): GC_CONCURRENT freed 396K, 78% free 1327K/6019K, paused 1ms+1ms
D/dalvikvm( 1505): GC_CONCURRENT freed 403K, 79% free 1310K/6019K, paused 1ms+1ms
D/dalvikvm( 1505): GC_CONCURRENT freed 395K, 77% free 1416K/6019K, paused 1ms+1ms
D/dalvikvm( 1505): GC_CONCURRENT freed 487K, 77% free 1407K/6019K, paused 1ms+1ms
D/dalvikvm( 1505): GC_CONCURRENT freed 475K, 79% free 1323K/6019K, paused 1ms+1ms
D/dalvikvm( 1505): GC_CONCURRENT freed 405K, 79% free 1311K/6019K, paused 1ms+2ms
D/dalvikvm( 1505): GC_CONCURRENT freed 395K, 79% free 1309K/6019K, paused 1ms+1ms
D/dalvikvm( 1505): GC_CONCURRENT freed 392K, 79% free 1318K/6019K, paused 1ms+1ms
D/dalvikvm( 1505): GC_CONCURRENT freed 405K, 79% free 1322K/6019K, paused 1ms+1ms
D/dalvikvm( 1505): GC_CONCURRENT freed 403K, 79% free 1313K/6019K, paused 1ms+1ms
D/dalvikvm( 1505): GC_CONCURRENT freed 427K, 77% free 1406K/6019K, paused 1ms+1ms
D/dalvikvm( 1505): GC_FOR_ALLOC freed 626K, 79% free 1290K/6019K, paused 10ms
D/HomePlayerLib( 1505): hostaddress count is 1
D/dalvikvm( 1505): GC_CONCURRENT freed 6K, 75% free 1527K/6019K, paused 1ms+1ms
D/dalvikvm( 1505): GC_CONCURRENT freed 616K, 77% free 1402K/6019K, paused 1ms+1ms
D/dalvikvm( 1505): GC_CONCURRENT freed 533K, 78% free 1345K/6019K, paused 0ms+1ms
D/dalvikvm( 1505): GC_CONCURRENT freed 428K, 79% free 1317K/6019K, paused 1ms+1ms
D/dalvikvm( 1505): GC_CONCURRENT freed 390K, 78% free 1327K/6019K, paused 1ms+1ms
D/dalvikvm( 1505): GC_CONCURRENT freed 507K, 79% free 1317K/6019K, paused 1ms+1ms
D/dalvikvm( 1505): GC_CONCURRENT freed 400K, 78% free 1364K/6019K, paused 1ms+1ms
D/dalvikvm( 1505): GC_CONCURRENT freed 430K, 77% free 1422K/6019K, paused 1ms+1ms
D/dalvikvm( 1505): GC_CONCURRENT freed 483K, 77% free 1435K/6019K, paused 1ms+1ms
D/dalvikvm( 1505): GC_CONCURRENT freed 503K, 79% free 1317K/6019K, paused 1ms+1ms
D/dalvikvm( 1505): GC_CONCURRENT freed 392K, 77% free 1429K/6019K, paused 1ms+1ms
D/dalvikvm( 1505): GC_CONCURRENT freed 503K, 77% free 1392K/6019K, paused 1ms+1ms
D/dalvikvm( 1505): GC_CONCURRENT freed 459K, 77% free 1444K/6019K, paused 1ms+1ms
D/dalvikvm( 1505): GC_CONCURRENT freed 518K, 77% free 1434K/6019K, paused 1ms+1ms
D/dalvikvm( 1505): GC_CONCURRENT freed 489K, 78% free 1338K/6019K, paused 1ms+1ms
D/dalvikvm( 1505): GC_CONCURRENT freed 403K, 77% free 1443K/6019K, paused 0ms+1ms
D/dalvikvm( 1505): GC_CONCURRENT freed 517K, 77% free 1434K/6019K, paused 1ms+1ms
D/dalvikvm( 1505): GC_CONCURRENT freed 507K, 79% free 1315K/6019K, paused 1ms+1ms
D/dalvikvm( 1505): GC_CONCURRENT freed 405K, 79% free 1301K/6019K, paused 1ms+1ms
D/dalvikvm( 1505): GC_CONCURRENT freed 396K, 77% free 1414K/6019K, paused 1ms+1ms
D/dalvikvm( 1505): GC_CONCURRENT freed 488K, 79% free 1313K/6019K, paused 1ms+1ms
D/dalvikvm( 1505): GC_CONCURRENT freed 394K, 77% free 1400K/6019K, paused 1ms+1ms
D/HomePlayerLib( 1505): hostaddress count is 1
D/dalvikvm( 1505): GC_CONCURRENT freed 492K, 77% free 1412K/6019K, paused 1ms+1ms
D/dalvikvm( 1505): GC_CONCURRENT freed 497K, 77% free 1413K/6019K, paused 1ms+1ms
D/dalvikvm( 1505): GC_CONCURRENT freed 507K, 77% free 1391K/6019K, paused 1ms+1ms
D/dalvikvm( 1505): GC_CONCURRENT freed 470K, 77% free 1426K/6019K, paused 0ms+2ms
D/dalvikvm( 1505): GC_CONCURRENT freed 493K, 78% free 1364K/6019K, paused 1ms+1ms
D/dalvikvm( 1505): GC_CONCURRENT freed 448K, 79% free 1311K/6019K, paused 1ms+1ms
D/dalvikvm( 1505): GC_CONCURRENT freed 403K, 77% free 1409K/6019K, paused 0ms+1ms
D/dalvikvm( 1505): GC_CONCURRENT freed 489K, 79% free 1313K/6019K, paused 1ms+1ms
D/dalvikvm( 1505): GC_CONCURRENT freed 395K, 77% free 1400K/6019K, paused 1ms+1ms
D/dalvikvm( 1505): GC_CONCURRENT freed 465K, 78% free 1334K/6019K, paused 1ms+1ms
D/dalvikvm( 1505): GC_CONCURRENT freed 396K, 77% free 1419K/6019K, paused 1ms+1ms
D/dalvikvm( 1505): GC_CONCURRENT freed 486K, 79% free 1320K/6019K, paused 1ms+1ms
D/dalvikvm( 1505): GC_CONCURRENT freed 397K, 78% free 1327K/6019K, paused 1ms+1ms
D/dalvikvm( 1505): GC_CONCURRENT freed 405K, 78% free 1331K/6019K, paused 1ms+1ms
D/dalvikvm( 1505): GC_CONCURRENT freed 393K, 78% free 1331K/6019K, paused 0ms+1ms
D/dalvikvm( 1505): GC_CONCURRENT freed 392K, 78% free 1331K/6019K, paused 1ms+1ms
D/dalvikvm( 1505): GC_CONCURRENT freed 392K, 78% free 1331K/6019K, paused 1ms+0ms
D/dalvikvm( 1505): GC_CONCURRENT freed 394K, 78% free 1331K/6019K, paused 0ms+1ms
D/dalvikvm( 1505): GC_CONCURRENT freed 393K, 78% free 1337K/6019K, paused 1ms+1ms
D/dalvikvm( 1505): GC_CONCURRENT freed 404K, 77% free 1427K/6019K, paused 1ms+1ms
D/dalvikvm( 1505): GC_CONCURRENT freed 490K, 77% free 1397K/6019K, paused 1ms+1ms
D/dalvikvm( 1505): GC_CONCURRENT freed 463K, 78% free 1328K/6019K, paused 1ms+1ms
D/dalvikvm( 1505): GC_CONCURRENT freed 394K, 78% free 1344K/6019K, paused 1ms+1ms
D/dalvikvm( 1505): GC_CONCURRENT freed 435K, 76% free 1451K/6019K, paused 1ms+1ms
D/dalvikvm( 1505): GC_CONCURRENT freed 531K, 79% free 1314K/6019K, paused 1ms+1ms
D/dalvikvm( 1505): GC_CONCURRENT freed 395K, 77% free 1400K/6019K, paused 1ms+1ms
D/dalvikvm( 1505): GC_CONCURRENT freed 481K, 77% free 1419K/6019K, paused 1ms+1ms
D/dalvikvm( 1505): GC_CONCURRENT freed 498K, 79% free 1311K/6019K, paused 1ms+1ms
D/HomePlayerLib( 1505): hostaddress count is 1
D/dalvikvm( 1505): GC_CONCURRENT freed 403K, 78% free 1373K/6019K, paused 1ms+1ms
D/dalvikvm( 1505): GC_CONCURRENT freed 466K, 77% free 1399K/6019K, paused 0ms+1ms
D/dalvikvm( 1505): GC_CONCURRENT freed 472K, 77% free 1424K/6019K, paused 1ms+1ms
D/dalvikvm( 1505): GC_CONCURRENT freed 514K, 78% free 1324K/6019K, paused 1ms+1ms
D/dalvikvm( 1505): GC_CONCURRENT freed 404K, 79% free 1304K/6019K, paused 1ms+1ms
D/dalvikvm( 1505): GC_CONCURRENT freed 407K, 77% free 1404K/6019K, paused 1ms+1ms
D/dalvikvm( 1505): GC_CONCURRENT freed 474K, 78% free 1375K/6019K, paused 1ms+2ms
D/dalvikvm( 1505): GC_CONCURRENT freed 430K, 77% free 1420K/6019K, paused 1ms+1ms
D/dalvikvm( 1505): GC_CONCURRENT freed 488K, 78% free 1339K/6019K, paused 1ms+1ms
D/dalvikvm( 1505): GC_CONCURRENT freed 415K, 78% free 1353K/6019K, paused 1ms+1ms
D/dalvikvm( 1505): GC_CONCURRENT freed 419K, 77% free 1429K/6019K, paused 0ms+1ms
D/dalvikvm( 1505): GC_CONCURRENT freed 490K, 77% free 1415K/6019K, paused 0ms+1ms
D/dalvikvm( 1505): GC_CONCURRENT freed 476K, 78% free 1378K/6019K, paused 0ms+1ms
D/CheckNetWork( 1752): isOk true
D/CheckNetWork( 1752): ActInfoNetworkInfo: type: WIFI[], state: CONNECTED/CONNECTED, reason: (unspecified), extra: (none), roaming: false, failover: false, isAvailable: true
D/CheckNetWork( 1752): infoNetworkInfo: type: WIFI[], state: CONNECTED/CONNECTED, reason: (unspecified), extra: (none), roaming: false, failover: false, isAvailable: true
D/dalvikvm( 1505): GC_CONCURRENT freed 463K, 79% free 1303K/6019K, paused 1ms+1ms
D/dalvikvm( 1505): GC_CONCURRENT freed 398K, 77% free 1414K/6019K, paused 1ms+1ms
D/dalvikvm( 1505): GC_CONCURRENT freed 488K, 79% free 1313K/6019K, paused 0ms+1ms
D/HomePlayerLib( 1505): hostaddress count is 1
D/dalvikvm( 1505): GC_CONCURRENT freed 405K, 77% free 1414K/6019K, paused 1ms+0ms
D/dalvikvm( 1505): GC_CONCURRENT freed 504K, 77% free 1421K/6019K, paused 1ms+1ms
D/dalvikvm( 1505): GC_CONCURRENT freed 500K, 77% free 1403K/6019K, paused 1ms+1ms
D/dalvikvm( 1505): GC_CONCURRENT freed 494K, 75% free 1523K/6019K, paused 0ms+1ms
D/dalvikvm( 1505): GC_CONCURRENT freed 582K, 78% free 1346K/6019K, paused 1ms+1ms
D/dalvikvm( 1505): GC_CONCURRENT freed 404K, 77% free 1417K/6019K, paused 1ms+1ms
D/dalvikvm( 1505): GC_CONCURRENT freed 473K, 78% free 1382K/6019K, paused 1ms+1ms
D/dalvikvm( 1505): GC_CONCURRENT freed 457K, 77% free 1432K/6019K, paused 1ms+1ms
D/dalvikvm( 1505): GC_CONCURRENT freed 493K, 77% free 1438K/6019K, paused 3ms+2ms
D/dalvikvm( 1505): GC_CONCURRENT freed 514K, 78% free 1333K/6019K, paused 0ms+1ms
D/dalvikvm( 1505): GC_CONCURRENT freed 409K, 78% free 1347K/6019K, paused 1ms+1ms
D/dalvikvm( 1505): GC_CONCURRENT freed 423K, 77% free 1430K/6019K, paused 1ms+1ms
D/dalvikvm( 1505): GC_CONCURRENT freed 490K, 77% free 1438K/6019K, paused 1ms+1ms
D/dalvikvm( 1505): GC_CONCURRENT freed 503K, 79% free 1320K/6019K, paused 1ms+2ms
D/dalvikvm( 1505): GC_CONCURRENT freed 397K, 79% free 1307K/6019K, paused 0ms+1ms
D/dalvikvm( 1505): GC_CONCURRENT freed 373K, 79% free 1320K/6019K, paused 0ms+1ms
D/dalvikvm( 1505): GC_CONCURRENT freed 396K, 79% free 1318K/6019K, paused 1ms+1ms
D/dalvikvm( 1505): GC_CONCURRENT freed 394K, 79% free 1319K/6019K, paused 1ms+1ms
D/dalvikvm( 1505): GC_CONCURRENT freed 394K, 79% free 1318K/6019K, paused 1ms+1ms
D/dalvikvm( 1505): GC_CONCURRENT freed 393K, 79% free 1318K/6019K, paused 1ms+1ms
D/dalvikvm( 1505): GC_CONCURRENT freed 393K, 79% free 1319K/6019K, paused 1ms+1ms
D/dalvikvm( 1505): GC_CONCURRENT freed 394K, 79% free 1318K/6019K, paused 1ms+1ms
D/dalvikvm( 1505): GC_CONCURRENT freed 411K, 78% free 1333K/6019K, paused 1ms+1ms
D/dalvikvm( 1505): GC_CONCURRENT freed 414K, 77% free 1419K/6019K, paused 1ms+1ms
D/dalvikvm( 1505): GC_CONCURRENT freed 502K, 79% free 1300K/6019K, paused 1ms+1ms
D/dalvikvm( 1505): GC_CONCURRENT freed 394K, 77% free 1392K/6019K, paused 1ms+1ms
D/HomePlayerLib( 1505): hostaddress count is 1
D/dalvikvm( 1505): GC_CONCURRENT freed 477K, 77% free 1417K/6019K, paused 1ms+1ms
D/dalvikvm( 1505): GC_CONCURRENT freed 498K, 79% free 1311K/6019K, paused 1ms+1ms
D/dalvikvm( 1505): GC_CONCURRENT freed 393K, 79% free 1302K/6019K, paused 1ms+1ms
D/dalvikvm( 1505): GC_CONCURRENT freed 390K, 79% free 1297K/6019K, paused 1ms+1ms
D/dalvikvm( 1505): GC_CONCURRENT freed 382K, 77% free 1402K/6019K, paused 0ms+1ms
D/dalvikvm( 1505): GC_CONCURRENT freed 480K, 77% free 1422K/6019K, paused 0ms+1ms
D/dalvikvm( 1505): GC_CONCURRENT freed 513K, 79% free 1303K/6019K, paused 1ms+1ms
D/dalvikvm( 1505): GC_CONCURRENT freed 397K, 78% free 1372K/6019K, paused 1ms+1ms
D/dalvikvm( 1505): GC_CONCURRENT freed 439K, 77% free 1440K/6019K, paused 1ms+1ms
D/dalvikvm( 1505): GC_CONCURRENT freed 516K, 79% free 1308K/6019K, paused 0ms+1ms
D/dalvikvm( 1505): GC_CONCURRENT freed 379K, 78% free 1332K/6019K, paused 1ms+1ms
D/dalvikvm( 1505): GC_CONCURRENT freed 395K, 78% free 1330K/6019K, paused 1ms+1ms
I/System.out( 1505): CyberGarage warning : recvfrom failed: ECONNRESET (Connection reset by peer)
I/System.out( 1505): java.net.SocketException: recvfrom failed: ECONNRESET (Connection reset by peer)
I/System.out( 1505):    at libcore.io.IoBridge.maybeThrowAfterRecvfrom(IoBridge.java:542)
I/System.out( 1505):    at libcore.io.IoBridge.recvfrom(IoBridge.java:506)
I/System.out( 1505):    at java.net.PlainSocketImpl.read(PlainSocketImpl.java:488)
I/System.out( 1505):    at java.net.PlainSocketImpl.access$000(PlainSocketImpl.java:46)
I/System.out( 1505):    at java.net.PlainSocketImpl$PlainSocketInputStream.read(PlainSocketImpl.java:240)
I/System.out( 1505):    at java.io.InputStream.read(InputStream.java:163)
I/System.out( 1505):    at java.io.BufferedInputStream.fillbuf(BufferedInputStream.java:142)
I/System.out( 1505):    at java.io.BufferedInputStream.read(BufferedInputStream.java:309)
I/System.out( 1505):    at java.io.InputStream.read(InputStream.java:163)
I/System.out( 1505):    at org.cybergarage.http.HTTPPacket.readLine(HTTPPacket.java:156)
I/System.out( 1505):    at org.cybergarage.http.HTTPPacket.set(HTTPPacket.java:181)
I/System.out( 1505):    at org.cybergarage.http.HTTPPacket.set(HTTPPacket.java:302)
I/System.out( 1505):    at org.cybergarage.http.HTTPPacket.set(HTTPPacket.java:307)
I/System.out( 1505):    at org.cybergarage.http.HTTPPacket.read(HTTPPacket.java:330)
I/System.out( 1505):    at org.cybergarage.http.HTTPRequest.read(HTTPRequest.java:355)
I/System.out( 1505):    at org.cybergarage.http.HTTPServerThread.run(HTTPServerThread.java:47)
I/System.out( 1505): Caused by: libcore.io.ErrnoException: recvfrom failed: ECONNRESET (Connection reset by peer)
I/System.out( 1505):    at libcore.io.Posix.recvfromBytes(Native Method)
I/System.out( 1505):    at libcore.io.Posix.recvfrom(Posix.java:131)
I/System.out( 1505):    at libcore.io.BlockGuardOs.recvfrom(BlockGuardOs.java:164)
I/System.out( 1505):    at libcore.io.IoBridge.recvfrom(IoBridge.java:503)
I/System.out( 1505):    ... 14 more
D/dalvikvm( 1505): GC_CONCURRENT freed 421K, 79% free 1301K/6019K, paused 1ms+1ms
D/dalvikvm( 1505): GC_CONCURRENT freed 394K, 79% free 1300K/6019K, paused 1ms+1ms
D/dalvikvm( 1505): GC_CONCURRENT freed 394K, 79% free 1301K/6019K, paused 1ms+1ms
D/HomePlayerLib( 1505): hostaddress count is 1
D/dalvikvm( 1505): GC_CONCURRENT freed 389K, 77% free 1415K/6019K, paused 0ms+1ms
D/dalvikvm( 1505): GC_CONCURRENT freed 504K, 77% free 1418K/6019K, paused 1ms+2ms
D/dalvikvm( 1505): GC_CONCURRENT freed 487K, 77% free 1443K/6019K, paused 1ms+1ms
D/dalvikvm( 1505): GC_CONCURRENT freed 521K, 77% free 1417K/6019K, paused 0ms+1ms
D/dalvikvm( 1505): GC_CONCURRENT freed 472K, 76% free 1453K/6019K, paused 0ms+1ms
D/dalvikvm( 1505): GC_CONCURRENT freed 527K, 77% free 1431K/6019K, paused 1ms+1ms
D/dalvikvm( 1505): GC_CONCURRENT freed 484K, 78% free 1382K/6019K, paused 0ms+1ms
D/dalvikvm( 1505): GC_CONCURRENT freed 457K, 78% free 1343K/6019K, paused 1ms+1ms
D/dalvikvm( 1505): GC_CONCURRENT freed 421K, 77% free 1389K/6019K, paused 1ms+1ms
D/dalvikvm( 1505): GC_CONCURRENT freed 450K, 78% free 1332K/6019K, paused 1ms+1ms
D/dalvikvm( 1505): GC_CONCURRENT freed 393K, 77% free 1438K/6019K, paused 1ms+1ms
D/dalvikvm( 1505): GC_CONCURRENT freed 513K, 79% free 1308K/6019K, paused 1ms+1ms
D/dalvikvm( 1505): GC_CONCURRENT freed 387K, 79% free 1306K/6019K, paused 1ms+1ms
D/dalvikvm( 1505): GC_CONCURRENT freed 371K, 77% free 1389K/6019K, paused 1ms+1ms
D/dalvikvm( 1505): GC_CONCURRENT freed 479K, 79% free 1309K/6019K, paused 1ms+1ms
D/dalvikvm( 1505): GC_CONCURRENT freed 404K, 79% free 1313K/6019K, paused 1ms+1ms
D/dalvikvm( 1505): GC_CONCURRENT freed 394K, 79% free 1314K/6019K, paused 0ms+1ms
D/dalvikvm( 1505): GC_CONCURRENT freed 394K, 79% free 1314K/6019K, paused 1ms+1ms
D/dalvikvm( 1505): GC_CONCURRENT freed 393K, 79% free 1314K/6019K, paused 1ms+2ms
D/dalvikvm( 1505): GC_CONCURRENT freed 405K, 79% free 1303K/6019K, paused 1ms+1ms
D/dalvikvm( 1505): GC_CONCURRENT freed 397K, 77% free 1414K/6019K, paused 0ms+1ms
D/dalvikvm( 1505): GC_CONCURRENT freed 488K, 78% free 1371K/6019K, paused 1ms+1ms
D/dalvikvm( 1505): GC_CONCURRENT freed 458K, 79% free 1313K/6019K, paused 1ms+1ms
D/HomePlayerLib( 1505): hostaddress count is 1
D/dalvikvm( 1505): GC_CONCURRENT freed 410K, 79% free 1300K/6019K, paused 1ms+1ms
D/dalvikvm( 1505): GC_CONCURRENT freed 378K, 79% free 1315K/6019K, paused 1ms+1ms
D/dalvikvm( 1505): GC_CONCURRENT freed 478K, 78% free 1348K/6019K, paused 1ms+1ms
D/dalvikvm( 1505): GC_CONCURRENT freed 429K, 78% free 1330K/6019K, paused 1ms+1ms
D/dalvikvm( 1505): GC_CONCURRENT freed 412K, 77% free 1388K/6019K, paused 1ms+1ms
D/dalvikvm( 1505): GC_FOR_ALLOC freed 592K, 79% free 1305K/6019K, paused 10ms
D/dalvikvm( 1505): GC_CONCURRENT freed 0K, 79% free 1313K/6019K, paused 1ms+1ms
D/dalvikvm( 1505): GC_CONCURRENT freed 392K, 77% free 1411K/6019K, paused 1ms+1ms
D/dalvikvm( 1505): GC_CONCURRENT freed 483K, 76% free 1496K/6019K, paused 0ms+1ms
D/dalvikvm( 1505): GC_CONCURRENT freed 578K, 77% free 1429K/6019K, paused 0ms+1ms
D/dalvikvm( 1505): GC_CONCURRENT freed 518K, 77% free 1417K/6019K, paused 1ms+1ms
D/dalvikvm( 1505): GC_CONCURRENT freed 489K, 79% free 1320K/6019K, paused 1ms+1ms
D/dalvikvm( 1505): GC_CONCURRENT freed 405K, 77% free 1426K/6019K, paused 1ms+1ms
D/dalvikvm( 1505): GC_CONCURRENT freed 517K, 77% free 1417K/6019K, paused 1ms+1ms
D/HomePlayerLib( 1505): hostaddress count is 1
D/dalvikvm( 1505): GC_CONCURRENT freed 506K, 79% free 1298K/6019K, paused 1ms+1ms
D/dalvikvm( 1505): GC_CONCURRENT freed 390K, 79% free 1311K/6019K, paused 1ms+1ms
D/dalvikvm( 1505): GC_CONCURRENT freed 404K, 77% free 1398K/6019K, paused 1ms+1ms
D/dalvikvm( 1505): GC_CONCURRENT freed 471K, 77% free 1406K/6019K, paused 1ms+1ms
D/dalvikvm( 1505): GC_CONCURRENT freed 451K, 77% free 1424K/6019K, paused 1ms+1ms
D/dalvikvm( 1505): GC_CONCURRENT freed 490K, 78% free 1337K/6019K, paused 1ms+1ms
D/dalvikvm( 1505): GC_CONCURRENT freed 403K, 78% free 1350K/6019K, paused 1ms+1ms
D/dalvikvm( 1505): GC_CONCURRENT freed 420K, 79% free 1317K/6019K, paused 1ms+1ms
D/dalvikvm( 1505): GC_CONCURRENT freed 383K, 77% free 1442K/6019K, paused 1ms+1ms
D/dalvikvm( 1505): GC_CONCURRENT freed 510K, 79% free 1321K/6019K, paused 1ms+1ms
D/dalvikvm( 1505): GC_CONCURRENT freed 400K, 79% free 1322K/6019K, paused 1ms+1ms
D/dalvikvm( 1505): GC_CONCURRENT freed 400K, 78% free 1360K/6019K, paused 1ms+1ms
D/dalvikvm( 1505): GC_CONCURRENT freed 443K, 77% free 1427K/6019K, paused 1ms+1ms
D/dalvikvm( 1505): GC_CONCURRENT freed 517K, 77% free 1417K/6019K, paused 1ms+0ms
D/dalvikvm( 1505): GC_CONCURRENT freed 489K, 79% free 1320K/6019K, paused 1ms+1ms
D/HomePlayerLib( 1505): hostaddress count is 1
D/dalvikvm( 1505): GC_CONCURRENT freed 412K, 79% free 1298K/6019K, paused 1ms+1ms
D/dalvikvm( 1505): GC_CONCURRENT freed 388K, 79% free 1311K/6019K, paused 1ms+1ms
D/dalvikvm( 1505): GC_CONCURRENT freed 404K, 76% free 1456K/6019K, paused 1ms+1ms
D/dalvikvm( 1505): GC_CONCURRENT freed 518K, 76% free 1455K/6019K, paused 0ms+1ms
D/dalvikvm( 1505): GC_CONCURRENT freed 503K, 76% free 1458K/6019K, paused 1ms+1ms
D/dalvikvm( 1505): GC_CONCURRENT freed 520K, 76% free 1449K/6019K, paused 1ms+11ms
D/dalvikvm( 1505): GC_CONCURRENT freed 512K, 76% free 1448K/6019K, paused 0ms+1ms
D/dalvikvm( 1505): GC_CONCURRENT freed 514K, 78% free 1356K/6019K, paused 1ms+1ms
D/dalvikvm( 1505): GC_CONCURRENT freed 427K, 78% free 1346K/6019K, paused 1ms+1ms
D/dalvikvm( 1505): GC_CONCURRENT freed 417K, 78% free 1381K/6019K, paused 1ms+1ms
D/dalvikvm( 1505): GC_CONCURRENT freed 455K, 79% free 1311K/6019K, paused 1ms+1ms
D/dalvikvm( 1505): GC_CONCURRENT freed 366K, 78% free 1333K/6019K, paused 1ms+1ms
D/dalvikvm( 1505): GC_CONCURRENT freed 413K, 78% free 1359K/6019K, paused 1ms+1ms
D/CheckNetWork( 1752): isOk true
D/CheckNetWork( 1752): ActInfoNetworkInfo: type: WIFI[], state: CONNECTED/CONNECTED, reason: (unspecified), extra: (none), roaming: false, failover: false, isAvailable: true
D/CheckNetWork( 1752): infoNetworkInfo: type: WIFI[], state: CONNECTED/CONNECTED, reason: (unspecified), extra: (none), roaming: false, failover: false, isAvailable: true
D/dalvikvm( 1505): GC_CONCURRENT freed 426K, 76% free 1445K/6019K, paused 1ms+1ms
D/dalvikvm( 1505): GC_CONCURRENT freed 518K, 79% free 1320K/6019K, paused 1ms+1ms
D/dalvikvm( 1505): GC_CONCURRENT freed 395K, 77% free 1433K/6019K, paused 1ms+1ms
D/dalvikvm( 1505): GC_CONCURRENT freed 499K, 77% free 1432K/6019K, paused 1ms+1ms

[ 1057.241355] IR: [03932] scan key value is 0xf10ec936 
[ 1057.241360]  
[ 1057.291922] IR: [03932] scan key value is 0xf10ec936 
[ 1057.291927]  D/dalvikvm( 1505): GC_CONCURRENT freed 491K, 77% free 1417K/6019K, paused 1ms+1ms
D/SubCatalogActivity( 1435): -- onRestart --
W/InputManagerService(  944): Starting input on non-focused client com.android.internal.view.IInputMethodClient$Stub$Proxy@41670ae0 (uid=10000 pid=1435)
D/OpenGLRenderer( 1435): Flushing caches (mode 0)
D/dalvikvm( 1505): GC_CONCURRENT freed 476K, 78% free 1379K/6019K, paused 3ms+1ms
D/OpenGLRenderer( 1435): Flushing caches (mode 1)

[ 1058.374850] IR: [03932] scan key value is 0xed12c936 
[ 1058.374854]  
[ 1058.426360] IR: [03932] scan key value is 0xed12c936 
[ 1058.426365]  D/InputEventConsistencyVerifier( 2183): KeyEvent: ACTION_UP but key was not down.
D/InputEventConsistencyVerifier( 2183):   in com.coship.cibn.view.ScaleViewPanel@416f0458
D/InputEventConsistencyVerifier( 2183):   0: sent at 1058592000000, KeyEvent { action=ACTION_UP, keyCode=KEYCODE_DPAD_LEFT, scanCode=105, metaState=0, flags=0x8, repeatCount=0, eventTime=1058592, downTime=1058380, deviceId=2, source=0x101 }

[ 1059.283427] IR: [03932] scan key value is 0xee11c936 
[ 1059.283431]  D/InputEventConsistencyVerifier( 2183): KeyEvent: ACTION_UP but key was not down.
D/InputEventConsistencyVerifier( 2183):   in android.widget.FrameLayout@416c1238
D/InputEventConsistencyVerifier( 2183):   0: sent at 1059448000000, KeyEvent { action=ACTION_UP, keyCode=KEYCODE_DPAD_UP, scanCode=103, metaState=0, flags=0x8, repeatCount=0, eventTime=1059448, downTime=1059288, deviceId=2, source=0x101 }
D/InputEventConsistencyVerifier( 2183):   -- recent events --
D/InputEventConsistencyVerifier( 2183):   1: sent at 366704000000, (unhandled) KeyEvent { action=ACTION_DOWN, keyCode=KEYCODE_DPAD_DOWN, scanCode=108, metaState=0, flags=0x8, repeatCount=0, eventTime=366704, downTime=366704, deviceId=2, source=0x101 }
D/InputEventConsistencyVerifier( 2183):   2: sent at 365908000000, (unhandled) KeyEvent { action=ACTION_UP, keyCode=KEYCODE_DPAD_RIGHT, scanCode=106, metaState=0, flags=0x8, repeatCount=0, eventTime=365908, downTime=365698, deviceId=2, source=0x101 }
D/InputEventConsistencyVerifier( 2183):   3: sent at 365698000000, (unhandled) KeyEvent { action=ACTION_DOWN, keyCode=KEYCODE_DPAD_RIGHT, scanCode=106, metaState=0, flags=0x8, repeatCount=0, eventTime=365698, downTime=365698, deviceId=2, source=0x101 }
D/InputEventConsistencyVerifier( 2183):   4: sent at 365676000000, (unhandled) KeyEvent { action=ACTION_UP, keyCode=KEYCODE_DPAD_RIGHT, scanCode=106, metaState=0, flags=0x8, repeatCount=0, eventTime=365676, downTime=365463, deviceId=2, source=0x101 }
D/InputEventConsistencyVerifier( 2183):   5: sent at 365463000000, (unhandled) KeyEvent { action=ACTION_DOWN, keyCode=KEYCODE_DPAD_RIGHT, scanCode=106, metaState=0, flags=0x8, repeatCount=0, eventTime=365463, downTime=365463, deviceId=2, source=0x101 }

[ 1060.134582] IR: [03932] scan key value is 0xea15c936 
[ 1060.134587]  
[ 1060.186331] IR: [03932] scan key value is 0xea15c936 
[ 1060.186336]  D/InputEventConsistencyVerifier( 2183): KeyEvent: ACTION_UP but key was not down.
D/InputEventConsistencyVerifier( 2183):   in com.coship.widget.viewflow.ViewFlow@4151e5a8
D/InputEventConsistencyVerifier( 2183):   0: sent at 1060352000000, KeyEvent { action=ACTION_UP, keyCode=KEYCODE_DPAD_DOWN, scanCode=108, metaState=0, flags=0x8, repeatCount=0, eventTime=1060352, downTime=1060140, deviceId=2, source=0x101 }
D/InputEventConsistencyVerifier( 2183):   -- recent events --
D/InputEventConsistencyVerifier( 2183):   1: sent at 1059288000000, (unhandled) KeyEvent { action=ACTION_DOWN, keyCode=KEYCODE_DPAD_UP, scanCode=103, metaState=0, flags=0x8, repeatCount=0, eventTime=1059288, downTime=1059288, deviceId=2, source=0x101 }
D/InputEventConsistencyVerifier( 2183):   2: sent at 1058592000000, (unhandled) KeyEvent { action=ACTION_UP, keyCode=KEYCODE_DPAD_LEFT, scanCode=105, metaState=0, flags=0x8, repeatCount=0, eventTime=1058592, downTime=1058380, deviceId=2, source=0x101 }
D/InputEventConsistencyVerifier( 2183):   3: sent at 1058380000000, (unhandled) KeyEvent { action=ACTION_DOWN, keyCode=KEYCODE_DPAD_LEFT, scanCode=105, metaState=0, flags=0x8, repeatCount=0, eventTime=1058380, downTime=1058380, deviceId=2, source=0x101 }
D/InputEventConsistencyVerifier( 2183):   4: sent at 914892000000, KeyEvent { action=ACTION_UP, keyCode=KEYCODE_ENTER
[ 1060.510137] IR: [03932] scan key value is 0xeb14c936 
[ 1060.510142]  , scanCode=28, metaState=0, flags=0x8, repeatCount=0, eventTime=914892, downTime=914731, deviceId=2, source=0x101 }
D/InputEventConsistencyVerifier( 2183):   5: sent at 914731000000, KeyEvent { action=ACTION_DOWN, keyCode=KEYCODE_ENTER, scanCode=28, metaState=0, flags=0x8, repeatCount=0, eventTime=914731, downTime=914731, deviceId=2, source=0x101 }

[ 1060.561082] IR: [03932] scan key value is 0xeb14c936 
[ 1060.561087]  
[ 1060.927031] IR: [03932] scan key value is 0xec13c936 
[ 1060.927035]  
[ 1060.978258] IR: [03932] scan key value is 0xec13c936 
[ 1060.978263]  I/MainActivity( 2183): CIBN ---> onClick -> 52021
I/ActivityManager(  944): START {act=com.aidufei.cataLog cmp=com.aidufei.movieonline/.SubCatalogActivity (has extras)} from pid 2183
D/SubCatalogActivity( 1435): -- onCreate --
D/OpenGLRenderer( 2183): Flushing caches (mode 1)
D/com.aidufei.movieonline.BaseActivity$getAuthResult :148
        ( 1435): get terminal msg from db!
D/Test    ( 1435): request Url  :http://cibn-ido.longvisionmedia.com:8088/msis/getCatalog?version=V001&terminalType=1&resolution=1280*720&catalogType=2&userCode=201303191947&parentId=0&accessSource=5&authKey=0555145419102d3e1f32934a7a52458d
D/OpenGLRenderer( 2183): Flushing caches (mode 0)
D/com.aidufei.movieonline.BaseActivity$getAuthResult :182
        ( 1435): get getAuthResultl msg from db!201303191947
D/SubCatalogActivity( 1435): -- onResume --
W/InputManagerService(  944): Starting input on non-focused client com.android.internal.view.IInputMethodClient$Stub$Proxy@413b87e0 (uid=10006 pid=2183)
I/ActivityManager(  944): Displayed com.aidufei.movieonline/.SubCatalogActivity: +251ms
D/dalvikvm( 1435): GC_CONCURRENT freed 2396K, 37% free 15439K/24451K, paused 1ms+4ms
D/SubCatalogActivity( 1435): checkIndex:0
D/SubCatalogActivity( 1435): checkIndex:0
D/SubCatalogActivity( 1435): getAssetList:
D/Test    ( 1435): request Url  :http://cibn-ido.longvisionmedia.com:8088/msis/getAssetList?version=V001&terminalType=1&resolution=1280*720&pageSize=30&curPage=1&userCode=201303191947&queryType=0&catalogId=51520&isRecommend=&assetType=&originName=&publishDate=&orderTag=1&authKey=87c9920a6f35623d67f4352c86ae2ec1
D/dalvikvm( 1435): GC_FOR_ALLOC freed 2009K, 38% free 15318K/24451K, paused 31ms
E/        ( 1435): get vaddr failed:pvaddr_read=0x620c3000,pvaddr_internal=0x621c3000,pvaddr_write=0x0
E/        ( 1435): get vaddr failed:pvaddr_read=0x620c3000,pvaddr_internal=0x621c3000,pvaddr_write=0x0
E/        ( 1435): get vaddr failed:pvaddr_read=0x620c3000,pvaddr_internal=0x621c3000,pvaddr_write=0x0
E/        ( 1435): get vaddr failed:pvaddr_read=0x620c3000,pvaddr_internal=0x621c3000,pvaddr_write=0x0
E/        ( 1435): get vaddr failed:pvaddr_read=0x620c3000,pvaddr_internal=0x621c3000,pvaddr_write=0x0
E/        ( 1435): get vaddr failed:pvaddr_read=0x620c3000,pvaddr_internal=0x621c3000,pvaddr_write=0x0
E/        ( 1435): get vaddr failed:pvaddr_read=0x620c3000,pvaddr_internal=0x621c3000,pvaddr_write=0x0
D/dalvikvm( 1435): GC_FOR_ALLOC freed 1090K, 35% free 16080K/24451K, paused 31ms
E/        ( 1435): get vaddr failed:pvaddr_read=0x620c3000,pvaddr_internal=0x621c3000,pvaddr_write=0x0
D/dalvikvm( 1505): GC_CONCURRENT freed 462K, 77% free 1413K/6019K, paused 1ms+1ms
E/        ( 1435): get vaddr failed:pvaddr_read=0x620c3000,pvaddr_internal=0x621c3000,pvaddr_write=0x0
D/dalvikvm( 1435): GC_FOR_ALLOC freed 1092K, 34% free 16216K/24451K, paused 19ms
E/        ( 1435): get vaddr failed:pvaddr_read=0x620c3000,pvaddr_internal=0x621c3000,pvaddr_write=0x0
D/dalvikvm( 1435): GC_FOR_ALLOC freed 202K, 31% free 17096K/24451K, paused 26ms
I/dalvikvm-heap( 1435): Grow heap (frag case) to 20.793MB for 521680-byte allocation
D/dalvikvm( 1505): GC_CONCURRENT freed 491K, 77% free 1421K/6019K, paused 2ms+2ms
D/dalvikvm( 1435): GC_FOR_ALLOC freed 17K, 30% free 17588K/24963K, paused 51ms
E/        ( 1435): get vaddr failed:pvaddr_read=0x620c3000,pvaddr_internal=0x621c3000,pvaddr_write=0x0
E/        ( 1435): get vaddr failed:pvaddr_read=0x620c3000,pvaddr_internal=0x621c3000,pvaddr_write=0x0
D/dalvikvm( 1435): GC_FOR_ALLOC freed 591K, 31% free 17347K/24963K, paused 21ms
I/dalvikvm-heap( 1435): Grow heap (frag case) to 21.040MB for 521680-byte allocation
D/dalvikvm( 1435): GC_FOR_ALLOC freed 1K, 30% free 17856K/25475K, paused 20ms
D/dalvikvm( 1435): GC_FOR_ALLOC freed 224K, 30% free 18080K/25475K, paused 26ms
I/dalvikvm-heap( 1435): Grow heap (frag case) to 21.756MB for 524304-byte allocation
D/dalvikvm( 1505): GC_CONCURRENT freed 534K, 79% free 1302K/6019K, paused 5ms+1ms
D/dalvikvm( 1435): GC_FOR_ALLOC freed <1K, 29% free 18592K/26051K, paused 26ms
D/dalvikvm( 1435): GC_FOR_ALLOC freed 1438K, 33% free 17543K/26051K, paused 20ms
E/        ( 1435): get vaddr failed:pvaddr_read=0x620c3000,pvaddr_internal=0x621c3000,pvaddr_write=0x0
E/        ( 1435): get vaddr failed:pvaddr_read=0x620c3000,pvaddr_internal=0x621c3000,pvaddr_write=0x0
D/dalvikvm( 1435): GC_FOR_ALLOC freed 1640K, 35% free 17040K/26051K, paused 26ms
E/        ( 1435): get vaddr failed:pvaddr_read=0x620c3000,pvaddr_internal=0x621c3000,pvaddr_write=0x0
E/        ( 1435): get vaddr failed:pvaddr_read=0x620c3000,pvaddr_internal=0x621c3000,pvaddr_write=0x0
D/dalvikvm( 1505): GC_CONCURRENT freed 388K, 77% free 1426K/6019K, paused 1ms+1ms
D/dalvikvm( 1505): GC_CONCURRENT freed 513K, 79% free 1312K/6019K, paused 1ms+1ms
D/HomePlayerLib( 1505): hostaddress count is 1
D/dalvikvm( 1505): GC_CONCURRENT freed 403K, 79% free 1300K/6019K, paused 1ms+1ms
D/dalvikvm( 1505): GC_CONCURRENT freed 389K, 79% free 1313K/6019K, paused 1ms+1ms
D/dalvikvm( 1505): GC_CONCURRENT freed 408K, 79% free 1289K/6019K, paused 1ms+1ms
D/dalvikvm( 1505): GC_CONCURRENT freed 339K, 78% free 1343K/6019K, paused 1ms+1ms
D/dalvikvm( 1505): GC_CONCURRENT freed 400K, 78% free 1358K/6019K, paused 1ms+1ms
D/dalvikvm( 1505): GC_CONCURRENT freed 428K, 78% free 1341K/6019K, paused 1ms+1ms
D/dalvikvm( 1505): GC_CONCURRENT freed 384K, 76% free 1466K/6019K, paused 0ms+1ms
D/dalvikvm( 1505): GC_CONCURRENT freed 534K, 77% free 1443K/6019K, paused 1ms+1ms
D/dalvikvm( 1505): GC_CONCURRENT freed 492K, 78% free 1336K/6019K, paused 1ms+1ms
D/dalvikvm( 1505): GC_CONCURRENT freed 399K, 76% free 1449K/6019K, paused 1ms+1ms
D/dalvikvm( 1505): GC_CONCURRENT freed 523K, 77% free 1431K/6019K, paused 1ms+1ms
D/dalvikvm( 1505): GC_CONCURRENT freed 503K, 78% free 1333K/6019K, paused 1ms+1ms
D/dalvikvm( 1505): GC_CONCURRENT freed 389K, 78% free 1331K/6019K, paused 1ms+1ms
D/dalvikvm( 1505): GC_CONCURRENT freed 387K, 78% free 1330K/6019K, paused 1ms+1ms
D/dalvikvm( 1505): GC_CONCURRENT freed 403K, 79% free 1317K/6019K, paused 1ms+1ms
D/dalvikvm( 1505): GC_CONCURRENT freed 391K, 77% free 1432K/6019K, paused 1ms+1ms

[ 1070.344135] IR: [03932] scan key value is 0xf10ec936 
[ 1070.344140]  
[ 1070.394753] IR: [03932] scan key value is 0xf10ec936 
[ 1070.394758]  D/SubCatalogActivity( 1435): -- onRestart --
W/InputManagerService(  944): Starting input on non-focused client com.android.internal.view.IInputMethodClient$Stub$Proxy@41670ae0 (uid=10000 pid=1435)
D/OpenGLRenderer( 1435): Flushing caches (mode 0)
D/dalvikvm( 1505): GC_CONCURRENT freed 506K, 77% free 1437K/6019K, paused 1ms+2ms
D/dalvikvm( 1505): GC_CONCURRENT freed 517K, 78% free 1336K/6019K, paused 1ms+2ms
D/dalvikvm( 1505): GC_CONCURRENT freed 406K, 79% free 1323K/6019K, paused 1ms+1ms
D/OpenGLRenderer( 1435): Flushing caches (mode 1)
D/dalvikvm( 1505): GC_CONCURRENT freed 394K, 79% free 1323K/6019K, paused 1ms+1ms

[ 1071.348395] IR: [03932] scan key value is 0xec13c936 
[ 1071.348400]  D/dalvikvm( 1505): GC_CONCURRENT freed 393K, 78% free 1328K/6019K, paused 0ms+1ms
I/MainActivity( 2183): CIBN ---> onClick -> 52021
I/ActivityManager(  944): START {act=com.aidufei.cataLog cmp=com.aidufei.movieonline/.SubCatalogActivity (has extras)} from pid 2183
D/SubCatalogActivity( 1435): -- onCreate --
D/OpenGLRenderer( 2183): Flushing caches (mode 1)
D/dalvikvm( 1435): GC_CONCURRENT freed 3280K, 40% free 15712K/26051K, paused 2ms+4ms
D/com.aidufei.movieonline.BaseActivity$getAuthResult :148
        ( 1435): get terminal msg from db!
D/OpenGLRenderer( 2183): Flushing caches (mode 0)
D/Test    ( 1435): request Url  :http://cibn-ido.longvisionmedia.com:8088/msis/getCatalog?version=V001&terminalType=1&resolution=1280*720&catalogType=2&userCode=201303191947&parentId=0&accessSource=5&authKey=0555145419102d3e1f32934a7a52458d
D/com.aidufei.movieonline.BaseActivity$getAuthResult :182
        ( 1435): get getAuthResultl msg from db!201303191947
D/SubCatalogActivity( 1435): -- onResume --
D/dalvikvm( 1505): GC_CONCURRENT freed 405K, 77% free 1420K/6019K, paused 13ms+2ms
W/InputManagerService(  944): Starting input on non-focused client com.android.internal.view.IInputMethodClient$Stub$Proxy@413b87e0 (uid=10006 pid=2183)
I/ActivityManager(  944): Displayed com.aidufei.movieonline/.SubCatalogActivity: +308ms
D/dalvikvm( 1505): GC_CONCURRENT freed 490K, 79% free 1324K/6019K, paused 1ms+1ms
D/dalvikvm( 1505): GC_CONCURRENT freed 395K, 79% free 1323K/6019K, paused 1ms+1ms
D/dalvikvm( 1505): GC_CONCURRENT freed 394K, 79% free 1323K/6019K, paused 1ms+1ms
D/SubCatalogActivity( 1435): checkIndex:0
D/SubCatalogActivity( 1435): checkIndex:0
D/SubCatalogActivity( 1435): getAssetList:
D/Test    ( 1435): request Url  :http://cibn-ido.longvisionmedia.com:8088/msis/getAssetList?version=V001&terminalType=1&resolution=1280*720&pageSize=30&curPage=1&userCode=201303191947&queryType=0&catalogId=51520&isRecommend=&assetType=&originName=&publishDate=&orderTag=1&authKey=87c9920a6f35623d67f4352c86ae2ec1
D/dalvikvm( 1435): GC_CONCURRENT freed 1737K, 39% free 15942K/26051K, paused 2ms+6ms
D/dalvikvm( 1505): GC_CONCURRENT freed 402K, 79% free 1315K/6019K, paused 1ms+1ms
D/dalvikvm( 1505): GC_CONCURRENT freed 392K, 79% free 1319K/6019K, paused 1ms+1ms

[ 1074.111244] IR: [03932] scan key value is 0xf10ec936 
[ 1074.111248]  
[ 1074.161844] IR: [03932] scan key value is 0xf10ec936 
[ 1074.161849]  D/dalvikvm( 1505): GC_CONCURRENT freed 404K, 77% free 1427K/6019K, paused 1ms+1ms
D/SubCatalogActivity( 1435): -- onRestart --
W/InputManagerService(  944): Starting input on non-focused client com.android.internal.view.IInputMethodClient$Stub$Proxy@41670ae0 (uid=10000 pid=1435)
D/OpenGLRenderer( 1435): Flushing caches (mode 0)
D/dalvikvm( 1505): GC_CONCURRENT freed 517K, 78% free 1370K/6019K, paused 1ms+1ms
D/dalvikvm( 1505): GC_CONCURRENT freed 449K, 79% free 1315K/6019K, paused 1ms+1ms

[ 1074.905623] IR: [03932] scan key value is 0xeb14c936 
[ 1074.905628]  
[ 1074.956570] IR: [03932] scan key value is 0xeb14c936 
[ 1074.956575]  D/OpenGLRenderer( 1435): Flushing caches (mode 1)
D/InputEventConsistencyVerifier( 2183): KeyEvent: ACTION_UP but key was not down.
D/InputEventConsistencyVerifier( 2183):   in com.coship.cibn.view.ScaleViewPanel@42024ab0
D/InputEventConsistencyVerifier( 2183):   0: sent at 1075124000000, KeyEvent { action=ACTION_UP, keyCode=KEYCODE_DPAD_RIGHT, scanCode=106, metaState=0, flags=0x8, repeatCount=0, eventTime=1075124, downTime=1074911, deviceId=2, source=0x101 }
D/InputEventConsistencyVerifier( 2183):   -- recent events --
D/InputEventConsistencyVerifier( 2183):   1: sent at 907292000000, (unhandled) KeyEvent { action=ACTION_DOWN, keyCode=KEYCODE_DPAD_DOWN, scanCode=108, metaState=0, flags=0x8, repeatCount=0, eventTime=907292, downTime=907292, deviceId=2, source=0x101 }
D/InputEventConsistencyVerifier( 2183):   2: sent at 902880000000, KeyEvent { action=ACTION_UP, keyCode=KEYCODE_ENTER, scanCode=28, metaState=0, flags=0x8, repeatCount=0, eventTime=902880, downTime=902668, deviceId=2, source=0x101 }
D/InputEventConsistencyVerifier( 2183):   3: sent at 902668000000, KeyEvent { action=ACTION_DOWN, keyCode=KEYCODE_ENTER, scanCode=28, metaState=0, flags=0x8, repeatCount=0, eventTime=902668, downTime=902668, deviceId=2, source=0x101 }
D/InputEventConsistencyVerifier( 2183):   4: sent at 902564000000, (unhandled) KeyEvent { action=ACTION_UP, keyCode=KEYCODE_DPAD_RIGHT, scanCode=106, metaState=0, flags=0x80000008, repeatCount=0, eventTime=902564, downTime=902343, deviceId=2, source=0x101 }
D/InputEventConsistencyVerifier( 2183):   5: sent at 790742000000, (unhandled) KeyEvent { action=ACTION_DOWN, keyCode=KEYCODE_DPAD_LEFT, scanCode=105, metaState=0, flags=0x8, repeatCount=0, eventTime=790742, downTime=790742, deviceId=2, source=0x101 }

[ 1075.422869] IR: [03932] scan key value is 0xec13c936 
[ 1075.422874]  I/MainActivity( 2183): CIBN ---> onClick -> 52022
I/ActivityManager(  944): START {act=com.aidufei.cataLog cmp=com.aidufei.movieonline/.SubCatalogActivity (has extras)} from pid 2183
D/SubCatalogActivity( 1435): -- onCreate --
D/OpenGLRenderer( 2183): Flushing caches (mode 1)
D/Test    ( 1435): request Url  :http://cibn-ido.longvisionmedia.com:8088/msis/getCatalog?version=V001&terminalType=1&resolution=1280*720&catalogType=2&userCode=201303191947&parentId=0&accessSource=5&authKey=0555145419102d3e1f32934a7a52458d
D/com.aidufei.movieonline.BaseActivity$getAuthResult :148
        ( 1435): get terminal msg from db!
D/com.aidufei.movieonline.BaseActivity$getAuthResult :182
        ( 1435): get getAuthResultl msg from db!201303191947
D/SubCatalogActivity( 1435): -- onResume --
D/OpenGLRenderer( 2183): Flushing caches (mode 0)
W/InputManagerService(  944): Starting input on non-focused client com.android.internal.view.IInputMethodClient$Stub$Proxy@413b87e0 (uid=10006 pid=2183)
I/ActivityManager(  944): Displayed com.aidufei.movieonline/.SubCatalogActivity: +202ms
D/dalvikvm( 1505): GC_CONCURRENT freed 392K, 79% free 1319K/6019K, paused 0ms+1ms
D/SubCatalogActivity( 1435): checkIndex:0
D/SubCatalogActivity( 1435): checkIndex:0
D/dalvikvm(  944): GC_CONCURRENT freed 2091K, 66% free 3805K/11011K, paused 2ms+8ms
D/SubCatalogActivity( 1435): getAssetList:
D/Test    ( 1435): request Url  :http://cibn-ido.longvisionmedia.com:8088/msis/getAssetList?version=V001&terminalType=1&resolution=1280*720&pageSize=30&curPage=1&userCode=201303191947&queryType=0&catalogId=51514&isRecommend=&assetType=&originName=&publishDate=&orderTag=1&authKey=597d60ffa716f9f77d111dc6b175fbb4
D/dalvikvm( 1505): GC_CONCURRENT freed 403K, 79% free 1302K/6019K, paused 0ms+1ms
D/dalvikvm( 1435): GC_CONCURRENT freed 2069K, 40% free 15805K/26051K, paused 2ms+6ms
D/dalvikvm( 1505): GC_CONCURRENT freed 396K, 77% free 1415K/6019K, paused 1ms+1ms
D/dalvikvm( 1435): GC_FOR_ALLOC freed 1567K, 39% free 16086K/26051K, paused 31ms
E/        ( 1435): get vaddr failed:pvaddr_read=0x620c3000,pvaddr_internal=0x621c3000,pvaddr_write=0x0
E/        ( 1435): get vaddr failed:pvaddr_read=0x620c3000,pvaddr_internal=0x621c3000,pvaddr_write=0x0
D/dalvikvm( 1435): GC_CONCURRENT freed 1356K, 35% free 17167K/26051K, paused 2ms+3ms
D/dalvikvm( 1505): GC_CONCURRENT freed 510K, 79% free 1314K/6019K, paused 0ms+1ms
D/HomePlayerLib( 1505): hostaddress count is 1
D/dalvikvm( 1505): GC_CONCURRENT freed 403K, 79% free 1308K/6019K, paused 1ms+1ms
D/dalvikvm( 1505): GC_CONCURRENT freed 401K, 79% free 1292K/6019K, paused 1ms+1ms
D/dalvikvm( 1505): GC_CONCURRENT freed 369K, 79% free 1320K/6019K, paused 1ms+1ms
D/dalvikvm( 1505): GC_CONCURRENT freed 399K, 79% free 1318K/6019K, paused 1ms+1ms
D/dalvikvm( 1505): GC_CONCURRENT freed 394K, 78% free 1325K/6019K, paused 1ms+2ms
D/dalvikvm( 1505): GC_CONCURRENT freed 399K, 72% free 1718K/6019K, paused 1ms+1ms
D/dalvikvm( 1505): GC_CONCURRENT freed 765K, 78% free 1341K/6019K, paused 1ms+2ms

[ 1077.880281] IR: [03932] scan key value is 0xf10ec936 
[ 1077.880285]  
[ 1077.930863] IR: [03932] scan key value is 0xf10ec936 
[ 1077.930868]  D/dalvikvm( 1505): GC_CONCURRENT freed 398K, 78% free 1336K/6019K, paused 1ms+1ms
D/SubCatalogActivity( 1435): -- onRestart --
W/InputManagerService(  944): Starting input on non-focused client com.android.internal.view.IInputMethodClient$Stub$Proxy@41670ae0 (uid=10000 pid=1435)
D/dalvikvm( 1505): GC_CONCURRENT freed 406K, 77% free 1417K/6019K, paused 0ms+2ms
D/OpenGLRenderer( 1435): Flushing caches (mode 0)
D/dalvikvm( 1505): GC_CONCURRENT freed 492K, 79% free 1311K/6019K, paused 1ms+2ms
D/OpenGLRenderer( 1435): Flushing caches (mode 1)

[ 1078.906421] IR: [03932] scan key value is 0xed12c936 
[ 1078.906425]  
[ 1078.957981] IR: [03932] scan key value is 0xed12c936 
[ 1078.957986]  D/InputEventConsistencyVerifier( 2183): KeyEvent: ACTION_UP but key was not down.
D/InputEventConsistencyVerifier( 2183):   in com.coship.cibn.view.ScaleViewPanel@417a43f8
D/InputEventConsistencyVerifier( 2183):   0: sent at 1079124000000, KeyEvent { action=ACTION_UP, keyCode=KEYCODE_DPAD_LEFT, scanCode=105, metaState=0, flags=0x8, repeatCount=0, eventTime=1079124, downTime=1078911, deviceId=2, source=0x101 }
D/InputEventConsistencyVerifier( 2183):   -- recent events --
D/InputEventConsistencyVerifier( 2183):   1: sent at 1074911000000, (unhandled) KeyEvent { action=ACTION_DOWN, keyCode=KEYCODE_DPAD_RIGHT, scanCode=106, metaState=0, flags=0x8, repeatCount=0, eventTime=1074911, downTime=1074911, deviceId=2, source=0x101 }
D/InputEventConsistencyVerifier( 2183):   2: sent at 1071512000000, KeyEvent { action=ACTION_UP, keyCode=KEYCODE_ENTER, scanCode=28, metaState=0, flags=0x8, repeatCount=0, eventTime=1071512, downTime=1071353, deviceId=2, source=0x101 }
D/InputEventConsistencyVerifier( 2183):   3: sent at 1071353000000, KeyEvent { action=ACTION_DOWN, keyCode=KEYCODE_ENTER, scanCode=28, metaState=0, flags=0x8, repeatCount=0, eventTime=1071353, downTime=1071353, deviceId=2, source=0x101 }
D/InputEventConsistencyVerifier( 2183):   4: sent at 1061144000000, KeyEvent { action=ACTION_UP, keyCode=KEYCODE_ENTER, scanCode=28, metaState=0, flags=0x8, repeatCount=0, eventTime=1061144, downTime=1060932, deviceId=2, source=0x101 }
D/InputEventConsistencyVerifier( 2183):   5: sent at 1060932000000, KeyEvent { action=ACTION_DOWN, keyCode=KEYCODE_ENTER, scanCode=28, metaState=0, flags=0x8, repeatCount=0, eventTime=1060932, downTime=1060932, deviceId=2, source=0x101 }

[ 1079.370348] IR: [03932] scan key value is 0xec13c936 
[ 1079.370353]  I/MainActivity( 2183): CIBN ---> onClick -> 52021
I/ActivityManager(  944): START {act=com.aidufei.cataLog cmp=com.aidufei.movieonline/.SubCatalogActivity (has extras)} from pid 2183
D/dalvikvm(  944): GC_FOR_ALLOC freed 244K, 67% free 3719K/11011K, paused 49ms
I/dalvikvm-heap(  944): Grow heap (frag case) to 8.233MB for 1048592-byte allocation
D/dalvikvm(  944): GC_FOR_ALLOC freed 14K, 58% free 4729K/11011K, paused 37ms
D/dalvikvm(  944): GC_CONCURRENT freed 0K, 57% free 4793K/11011K, paused 2ms+4ms
D/SubCatalogActivity( 1435): -- onCreate --
D/OpenGLRenderer( 2183): Flushing caches (mode 1)
D/com.aidufei.movieonline.BaseActivity$getAuthResult :148
        ( 1435): get terminal msg from db!
D/Test    ( 1435): request Url  :http://cibn-ido.longvisionmedia.com:8088/msis/getCatalog?version=V001&terminalType=1&resolution=1280*720&catalogType=2&userCode=201303191947&parentId=0&accessSource=5&authKey=0555145419102d3e1f32934a7a52458d
D/OpenGLRenderer( 2183): Flushing caches (mode 0)
D/com.aidufei.movieonline.BaseActivity$getAuthResult :182
        ( 1435): get getAuthResultl msg from db!201303191947
D/SubCatalogActivity( 1435): -- onResume --
W/InputManagerService(  944): Starting input on non-focused client com.android.internal.view.IInputMethodClient$Stub$Proxy@413b87e0 (uid=10006 pid=2183)
I/ActivityManager(  944): Displayed com.aidufei.movieonline/.SubCatalogActivity: +201ms
D/SubCatalogActivity( 1435): checkIndex:0
D/SubCatalogActivity( 1435): checkIndex:0
D/SubCatalogActivity( 1435): getAssetList:
D/Test    ( 1435): request Url  :http://cibn-ido.longvisionmedia.com:8088/msis/getAssetList?version=V001&terminalType=1&resolution=1280*720&pageSize=30&curPage=1&userCode=201303191947&queryType=0&catalogId=51520&isRecommend=&assetType=&originName=&publishDate=&orderTag=1&authKey=87c9920a6f35623d67f4352c86ae2ec1
D/dalvikvm( 1435): GC_CONCURRENT freed 3338K, 40% free 15772K/26051K, paused 1ms+5ms
E/        ( 1435): get vaddr failed:pvaddr_read=0x620c3000,pvaddr_internal=0x621c3000,pvaddr_write=0x0
E/        ( 1435): get vaddr failed:pvaddr_read=0x620c3000,pvaddr_internal=0x621c3000,pvaddr_write=0x0
D/dalvikvm( 1435): GC_FOR_ALLOC freed 1731K, 39% free 15929K/26051K, paused 33ms
E/        ( 1435): get vaddr failed:pvaddr_read=0x620c3000,pvaddr_internal=0x621c3000,pvaddr_write=0x0
E/        ( 1435): get vaddr failed:pvaddr_read=0x620c3000,pvaddr_internal=0x621c3000,pvaddr_write=0x0
D/dalvikvm( 1435): GC_CONCURRENT freed 1183K, 37% free 16670K/26051K, paused 1ms+2ms

[ 1082.008962] IR: [03932] scan key value is 0xf10ec936 
[ 1082.008966]  
[ 1082.059609] IR: [03932] scan key value is 0xf10ec936 
[ 1082.059613]  D/SubCatalogActivity( 1435): -- onRestart --
W/InputManagerService(  944): Starting input on non-focused client com.android.internal.view.IInputMethodClient$Stub$Proxy@41670ae0 (uid=10000 pid=1435)
D/OpenGLRenderer( 1435): Flushing caches (mode 0)
D/OpenGLRenderer( 1435): Flushing caches (mode 1)

[ 1083.180707] IR: [03932] scan key value is 0xea15c936 
[ 1083.180712]  
[ 1083.232489] IR: [03932] scan key value is 0xea15c936 
[ 1083.232495]  D/InputEventConsistencyVerifier( 2183): KeyEvent: ACTION_UP but key was not down.
D/InputEventConsistencyVerifier( 2183):   in com.coship.cibn.view.ScaleViewPanel@417a7848
D/InputEventConsistencyVerifier( 2183):   0: sent at 1083400000000, KeyEvent { action=ACTION_UP, keyCode=KEYCODE_DPAD_DOWN, scanCode=108, metaState=0, flags=0x8, repeatCount=0, eventTime=1083400, downTime=1083186, deviceId=2, source=0x101 }
D/InputEventConsistencyVerifier( 2183):   -- recent events --
D/InputEventConsistencyVerifier( 2183):   1: sent at 1058380000000, (unhandled) KeyEvent { action=ACTION_DOWN, keyCode=KEYCODE_DPAD_LEFT, scanCode=105, metaState=0, flags=0x8, repeatCount=0, eventTime=1058380, downTime=1058380, deviceId=2, source=0x101 }
D/InputEventConsistencyVerifier( 2183):   2: sent at 914892000000, KeyEvent { action=ACTION_UP, keyCode=KEYCODE_ENTER, scanCode=28, metaState=0, flags=0x8, repeatCount=0, eventTime=914892, downTime=914731, deviceId=2, source=0x101 }
D/InputEventConsistencyVerifier( 2183):   3: sent at 914731000000, KeyEvent { action=ACTION_DOWN, keyCode=KEYCODE_ENTER, scanCode=28, metaState=0, flags=0x8, repeatCount=0, eventTime=914731, downTime=914731, deviceId=2, source=0x101 }
D/InputEventConsistencyVerifier( 2183):   4: sent at 914432000000, (unhandled) KeyEvent { action=ACTION_UP, keyCode=KEYCODE_DPAD_UP, scanCode=103, metaState=0, flags=0x80000008, repeatCount=0, eventTime=914432, downTime=914218, deviceId=2, source=0x101 }

[ 1083.727030] IR: [03932] scan key value is 0xeb14c936 
[ 1083.727034]  
[ 1083.777946] IR: [03932] scan key value is 0xeb14c936 
[ 1083.777951]  D/InputEventConsistencyVerifier( 2183): KeyEvent: ACTION_UP but key was not down.
D/InputEventConsistencyVerifier( 2183):   in com.coship.cibn.view.ScaleViewPanel@416e2eb8
D/InputEventConsistencyVerifier( 2183):   0: sent at 1083944000000, KeyEvent { action=ACTION_UP, keyCode=KEYCODE_DPAD_RIGHT, scanCode=106, metaState=0, flags=0x8, repeatCount=0, eventTime=1083944, downTime=1083732, deviceId=2, source=0x101 }
D/InputEventConsistencyVerifier( 2183):   -- recent events --
D/InputEventConsistencyVerifier( 2183):   1: sent at 912968000000, (unhandled) KeyEvent { action=ACTION_DOWN, keyCode=KEYCODE_DPAD_DOWN, scanCode=108, metaState=0, flags=0x8, repeatCount=0, eventTime=912968, downTime=912968, deviceId=2, source=0x101 }
D/InputEventConsistencyVerifier( 2183):   2: sent at 907936000000, KeyEvent { action=ACTION_UP, keyCode=KEYCODE_ENTER, scanCode=28, metaState=0, flags=0x8, repeatCount=0, eventTime=907936, downTime=907775, deviceId=2, source=0x101 }
D/InputEventConsistencyVerifier( 2183):   3: sent at 907775000000, KeyEvent { action=ACTION_DOWN, keyCode=KEYCODE_ENTER, scanCode=28, metaState=0, flags=0x8, repeatCount=0, eventTime=907775, downTime=907775, deviceId=2, source=0x101 }
D/InputEventConsistencyVerifier( 2183):   4: sent at 907512000000, (unhandled) KeyEvent { action=ACTION_UP, keyCode=KEYCODE_DPAD_DOWN, scanCode=108, metaState=0, flags=0x80000008, repeatCount=0, eventTime=907512, downTime=907292, deviceId=2, source=0x101 }
D/InputEventConsistencyVerifier( 2183):   5: sent at 777108000000, (unhandled) KeyEvent { action=ACTION_DOWN, keyCode=KEYCODE_DPAD_UP, scanCode=103, metaState=0, flags=0x8, repeatCount=0, eventTime=777108, downTime=777108, deviceId=2, source=0x101 }

[ 1084.190599] IR: [03932] scan key value is 0xec13c936 
[ 1084.190603]  I/MainActivity( 2183): CIBN ---> onClick -> 52024
I/ActivityManager(  944): START {act=com.aidufei.cataLog cmp=com.aidufei.movieonline/.SubCatalogActivity (has extras)} from pid 2183
D/SubCatalogActivity( 1435): -- onCreate --
D/OpenGLRenderer( 2183): Flushing caches (mode 1)
D/com.aidufei.movieonline.BaseActivity$getAuthResult :148
        ( 1435): get terminal msg from db!
D/Test    ( 1435): request Url  :http://cibn-ido.longvisionmedia.com:8088/msis/getCatalog?version=V001&terminalType=1&resolution=1280*720&catalogType=2&userCode=201303191947&parentId=0&accessSource=5&authKey=0555145419102d3e1f32934a7a52458d
D/OpenGLRenderer( 2183): Flushing caches (mode 0)
D/com.aidufei.movieonline.BaseActivity$getAuthResult :182
        ( 1435): get getAuthResultl msg from db!201303191947
D/SubCatalogActivity( 1435): -- onResume --
W/InputManagerService(  944): Starting input on non-focused client com.android.internal.view.IInputMethodClient$Stub$Proxy@413b87e0 (uid=10006 pid=2183)
I/ActivityManager(  944): Displayed com.aidufei.movieonline/.SubCatalogActivity: +222ms
D/dalvikvm( 1505): GC_CONCURRENT freed 389K, 79% free 1314K/6019K, paused 1ms+2ms
D/dalvikvm( 1505): GC_CONCURRENT freed 393K, 79% free 1313K/6019K, paused 1ms+1ms
D/SubCatalogActivity( 1435): checkIndex:0
D/SubCatalogActivity( 1435): checkIndex:0
D/SubCatalogActivity( 1435): getAssetList:
D/Test    ( 1435): request Url  :http://cibn-ido.longvisionmedia.com:8088/msis/getAssetList?version=V001&terminalType=1&resolution=1280*720&pageSize=30&curPage=1&userCode=201303191947&queryType=0&catalogId=51507&isRecommend=&assetType=&originName=&publishDate=&orderTag=1&authKey=903ed039ae35e6023ef16ea1a17a1442
D/dalvikvm( 1505): GC_CONCURRENT freed 412K, 79% free 1310K/6019K, paused 1ms+2ms
D/dalvikvm( 1435): GC_CONCURRENT freed 2819K, 40% free 15789K/26051K, paused 2ms+9ms
D/dalvikvm( 1505): GC_CONCURRENT freed 402K, 78% free 1333K/6019K, paused 2ms+1ms
D/dalvikvm( 1505): GC_CONCURRENT freed 418K, 79% free 1303K/6019K, paused 1ms+1ms

[ 1086.394911] IR: [03932] scan key value is 0xf10ec936 
[ 1086.394916]  
[ 1086.445511] IR: [03932] scan key value is 0xf10ec936 
[ 1086.445516]  D/SubCatalogActivity( 1435): -- onRestart --
W/InputManagerService(  944): Starting input on non-focused client com.android.internal.view.IInputMethodClient$Stub$Proxy@41670ae0 (uid=10000 pid=1435)
D/OpenGLRenderer( 1435): Flushing caches (mode 0)
D/dalvikvm( 1505): GC_CONCURRENT freed 395K, 79% free 1300K/6019K, paused 1ms+1ms
D/dalvikvm( 1505): GC_CONCURRENT freed 392K, 77% free 1415K/6019K, paused 1ms+1ms
D/OpenGLRenderer( 1435): Flushing caches (mode 1)
D/dalvikvm( 1505): GC_CONCURRENT freed 486K, 77% free 1402K/6019K, paused 1ms+1ms

[ 1087.404410] IR: [03932] scan key value is 0xea15c936 
[ 1087.404414]  
[ 1087.456168] IR: [03932] scan key value is 0xea15c936 
[ 1087.456173]  D/dalvikvm( 1505): GC_CONCURRENT freed 485K, 79% free 1303K/6019K, paused 1ms+1ms
D/InputEventConsistencyVerifier( 2183): KeyEvent: ACTION_UP but key was not down.
D/InputEventConsistencyVerifier( 2183):   in com.coship.cibn.view.ScaleViewPanel@417b16b8
D/InputEventConsistencyVerifier( 2183):   0: sent at 1087620000000, KeyEvent { action=ACTION_UP, keyCode=KEYCODE_DPAD_DOWN, scanCode=108, metaState=0, flags=0x8, repeatCount=0, eventTime=1087620, downTime=1087409, deviceId=2, source=0x101 }
D/InputEventConsistencyVerifier( 2183):   -- recent events --
D/InputEventConsistencyVerifier( 2183):   1: sent at 913738000000, (unhandled) KeyEvent { action=ACTION_DOWN, keyCode=KEYCODE_DPAD_LEFT, scanCode=105, metaState=0, flags=0x8, repeatCount=0, eventTime=913738, downTime=913738, deviceId=2, source=0x101 }
D/InputEventConsistencyVerifier( 2183):   2: sent at 913180000000, (unhandled) KeyEvent { action=ACTION_UP, keyCode=KEYCODE_DPAD_DOWN, scanCode=108, metaState=0, flags=0x80000008, repeatCount=0, eventTime=913180, downTime=912968, deviceId=2, source=0x101 }
D/InputEventConsistencyVerifier( 2183):   3: sent at 776418000000, (unhandled) KeyEvent { action=ACTION_DOWN, keyCode=KEYCODE_DPAD_UP, scanCode=103, metaState=0, flags=0x8, repeatCount=0, eventTime=776418, downTime=776418, deviceId=2, source=0x101 }
D/InputEventConsistencyVerifier( 2183):   4: sent at 775876000000, (unhandled) KeyEvent { action=ACTION_UP, keyCode=KEYCODE_DPAD_LEFT, scanCode=105, metaState=0, flags=0x80000008, repeatCount=0, eventTime=775876, downTime=775663, deviceId=2, source=0x101 }
D/InputEventConsistencyVerifier( 2183):   5: sent at 774952000000, (unhandled) KeyEvent { action=ACTION_DOWN, keyCode=KEYCODE_DPAD_RIGHT, scanCode=106, metaState=0, flags=0x8, repeatCount=0, eventTime=774952, downTime=774952, deviceId=2, source=0x101 }
D/dalvikvm( 1505): GC_CONCURRENT freed 397K, 79% free 1300K/6019K, paused 1ms+1ms
D/dalvikvm( 1505): GC_CONCURRENT freed 394K, 76% free 1465K/6019K, paused 1ms+1ms
D/dalvikvm( 1505): GC_CONCURRENT freed 555K, 78% free 1334K/6019K, paused 1ms+1ms
D/dalvikvm( 1505): GC_FOR_ALLOC freed 535K, 79% free 1298K/6019K, paused 10ms
D/dalvikvm( 1505): GC_CONCURRENT freed 7K, 77% free 1392K/6019K, paused 0ms+1ms
D/HomePlayerLib( 1505): hostaddress count is 1

[ 1088.362696] IR: [03932] scan key value is 0xec13c936 
[ 1088.362701]  
[ 1088.413903] IR: [03932] scan key value is 0xec13c936 
[ 1088.413907]  D/dalvikvm( 1505): GC_CONCURRENT freed 479K, 78% free 1377K/6019K, paused 1ms+1ms
D/dalvikvm( 1505): GC_CONCURRENT freed 464K, 77% free 1438K/6019K, paused 1ms+1ms
D/dalvikvm( 1505): GC_CONCURRENT freed 527K, 78% free 1345K/6019K, paused 1ms+1ms
I/MainActivity( 2183): CIBN ---> onClick -> 52028
I/ActivityManager(  944): START {act=com.aidufei.cataLog cmp=com.aidufei.movieonline/.SubCatalogActivity (has extras)} from pid 2183
D/SubCatalogActivity( 1435): -- onCreate --
D/OpenGLRenderer( 2183): Flushing caches (mode 1)
D/dalvikvm( 1505): GC_CONCURRENT freed 422K, 77% free 1416K/6019K, paused 0ms+2ms
D/OpenGLRenderer( 2183): Flushing caches (mode 0)
D/Test    ( 1435): request Url  :http://cibn-ido.longvisionmedia.com:8088/msis/getCatalog?version=V001&terminalType=1&resolution=1280*720&catalogType=2&userCode=201303191947&parentId=0&accessSource=5&authKey=0555145419102d3e1f32934a7a52458d
D/com.aidufei.movieonline.BaseActivity$getAuthResult :148
        ( 1435): get terminal msg from db!
D/com.aidufei.movieonline.BaseActivity$getAuthResult :182
        ( 1435): get getAuthResultl msg from db!201303191947
D/SubCatalogActivity( 1435): -- onResume --
D/dalvikvm( 1505): GC_CONCURRENT freed 456K, 76% free 1468K/6019K, paused 1ms+1ms
W/InputManagerService(  944): Starting input on non-focused client com.android.internal.view.IInputMethodClient$Stub$Proxy@413b87e0 (uid=10006 pid=2183)
I/ActivityManager(  944): Displayed com.aidufei.movieonline/.SubCatalogActivity: +291ms
D/dalvikvm( 1505): GC_CONCURRENT freed 529K, 76% free 1462K/6019K, paused 0ms+3ms
D/dalvikvm( 1505): GC_CONCURRENT freed 523K, 78% free 1338K/6019K, paused 1ms+1ms
D/SubCatalogActivity( 1435): checkIndex:0
D/SubCatalogActivity( 1435): checkIndex:0
D/dalvikvm( 1505): GC_CONCURRENT freed 394K, 78% free 1340K/6019K, paused 1ms+1ms
D/SubCatalogActivity( 1435): getAssetList:
D/Test    ( 1435): request Url  :http://cibn-ido.longvisionmedia.com:8088/msis/getAssetList?version=V001&terminalType=1&resolution=1280*720&pageSize=30&curPage=1&userCode=201303191947&queryType=0&catalogId=52012&isRecommend=&assetType=&originName=&publishDate=&orderTag=1&authKey=35685a58fb8249cce4e2b50fe96ad3af
D/dalvikvm( 1505): GC_CONCURRENT freed 409K, 79% free 1315K/6019K, paused 1ms+1ms
D/dalvikvm( 1505): GC_CONCURRENT freed 386K, 78% free 1334K/6019K, paused 1ms+1ms
D/dalvikvm( 1435): GC_CONCURRENT freed 2193K, 41% free 15518K/26051K, paused 1ms+5ms
D/dalvikvm( 1505): GC_CONCURRENT freed 405K, 77% free 1429K/6019K, paused 1ms+3ms
D/dalvikvm( 1505): GC_CONCURRENT freed 490K, 78% free 1333K/6019K, paused 1ms+2ms
D/dalvikvm( 1505): GC_CONCURRENT freed 395K, 78% free 1332K/6019K, paused 1ms+1ms
D/dalvikvm( 1505): GC_CONCURRENT freed 393K, 78% free 1333K/6019K, paused 1ms+1ms

[ 1092.075920] IR: [03932] scan key value is 0xf10ec936 
[ 1092.075924]  
[ 1092.126590] IR: [03932] scan key value is 0xf10ec936 
[ 1092.126594]  D/SubCatalogActivity( 1435): -- onRestart --
W/InputManagerService(  944): Starting input on non-focused client com.android.internal.view.IInputMethodClient$Stub$Proxy@41670ae0 (uid=10000 pid=1435)
D/OpenGLRenderer( 1435): Flushing caches (mode 0)
D/OpenGLRenderer( 1435): Flushing caches (mode 1)

[ 1093.367345] IR: [03932] scan key value is 0xed12c936 
[ 1093.367350]  
[ 1093.418828] IR: [03932] scan key value is 0xed12c936 
[ 1093.418833]  E/        ( 1435): get vaddr failed:pvaddr_read=0x620c3000,pvaddr_internal=0x621c3000,pvaddr_write=0x0
E/        ( 1435): get vaddr failed:pvaddr_read=0x620c3000,pvaddr_internal=0x621c3000,pvaddr_write=0x0
D/InputEventConsistencyVerifier( 2183): KeyEvent: ACTION_UP but key was not down.
D/InputEventConsistencyVerifier( 2183):   in com.coship.cibn.view.ScaleViewPanel@42050ee8
D/InputEventConsistencyVerifier( 2183):   0: sent at 1093584000000, KeyEvent { action=ACTION_UP, keyCode=KEYCODE_DPAD_LEFT, scanCode=105, metaState=0, flags=0x8, repeatCount=0, eventTime=1093584, downTime=1093372, deviceId=2, source=0x101 }
D/InputEventConsistencyVerifier( 2183):   -- recent events --
D/InputEventConsistencyVerifier( 2183):   1: sent at 914218000000, (unhandled) KeyEvent { action=ACTION_DOWN, keyCode=KEYCODE_DPAD_UP, scanCode=103, metaState=0, flags=0x8, repeatCount=0, eventTime=914218, downTime=914218, deviceId=2, source=0x101 }
D/InputEventConsistencyVerifier( 2183):   2: sent at 913952000000, (unhandled) KeyEvent { action=ACTION_UP, keyCode=KEYCODE_DPAD_LEFT, scanCode=105, metaState=0, flags=0x80000008, repeatCount=0, eventTime=913952, downTime=913738, deviceId=2, source=0x101 }

[ 1093.775836] IR: [03932] scan key value is 0xed12c936 
[ 1093.775841]  
[ 1093.827308] IR: [03932] scan key value is 0xed12c936 
[ 1093.827314]  D/dalvikvm( 1435): GC_CONCURRENT freed 1649K, 40% free 15798K/26051K, paused 1ms+3ms
D/InputEventConsistencyVerifier( 2183): KeyEvent: ACTION_UP but key was not down.
D/InputEventConsistencyVerifier( 2183):   in com.coship.cibn.view.ScaleViewPanel@4166aff8
D/InputEventConsistencyVerifier( 2183):   0: sent at 1093992000000, KeyEvent { action=ACTION_UP, keyCode=KEYCODE_DPAD_LEFT, scanCode=105, metaState=0, flags=0x8, repeatCount=0, eventTime=1093992, downTime=1093781, deviceId=2, source=0x101 }
E/        ( 1435): get vaddr failed:pvaddr_read=0x620c3000,pvaddr_internal=0x621c3000,pvaddr_write=0x0
E/        ( 1435): get vaddr failed:pvaddr_read=0x620c3000,pvaddr_internal=0x621c3000,pvaddr_write=0x0
E/        ( 1435): get vaddr failed:pvaddr_read=0x620c3000,pvaddr_internal=0x621c3000,pvaddr_write=0x0
E/        ( 1435): get vaddr failed:pvaddr_read=0x620c3000,pvaddr_internal=0x621c3000,pvaddr_write=0x0

[ 1095.027197] IR: [03932] scan key value is 0xee11c936 
[ 1095.027202]  
[ 1095.078652] IR: [03932] scan key value is 0xee11c936 
[ 1095.078657]  
[ 1095.594656] IR: [03932] scan key value is 0xeb14c936 
[ 1095.594661]  
[ 1095.645513] IR: [03932] scan key value is 0xeb14c936 
[ 1095.645518]  D/dalvikvm( 1505): GC_CONCURRENT freed 411K, 78% free 1361K/6019K, paused 1ms+1ms

[ 1095.978050] IR: [03932] scan key value is 0xec13c936 
[ 1095.978055]  
[ 1096.029244] IR: [03932] scan key value is 0xec13c936 
[ 1096.029249]  D/dalvikvm( 1505): GC_CONCURRENT freed 444K, 77% free 1435K/6019K, paused 0ms+1ms
I/MainActivity( 2183): CIBN ---> onClick -> 52021
I/ActivityManager(  944): START {act=com.aidufei.cataLog cmp=com.aidufei.movieonline/.SubCatalogActivity (has extras)} from pid 2183
D/SubCatalogActivity( 1435): -- onCreate --
D/OpenGLRenderer( 2183): Flushing caches (mode 1)
D/OpenGLRenderer( 2183): Flushing caches (mode 0)
D/com.aidufei.movieonline.BaseActivity$getAuthResult :148
        ( 1435): get terminal msg from db!
D/Test    ( 1435): request Url  :http://cibn-ido.longvisionmedia.com:8088/msis/getCatalog?version=V001&terminalType=1&resolution=1280*720&catalogType=2&userCode=201303191947&parentId=0&accessSource=5&authKey=0555145419102d3e1f32934a7a52458d
D/com.aidufei.movieonline.BaseActivity$getAuthResult :182
        ( 1435): get getAuthResultl msg from db!201303191947
D/SubCatalogActivity( 1435): -- onResume --
D/dalvikvm( 1505): GC_CONCURRENT freed 517K, 79% free 1302K/6019K, paused 0ms+1ms
W/InputManagerService(  944): Starting input on non-focused client com.android.internal.view.IInputMethodClient$Stub$Proxy@413b87e0 (uid=10006 pid=2183)
I/ActivityManager(  944): Displayed com.aidufei.movieonline/.SubCatalogActivity: +281ms
D/dalvikvm( 1505): GC_CONCURRENT freed 395K, 78% free 1368K/6019K, paused 2ms+1ms
D/dalvikvm( 1505): GC_CONCURRENT freed 447K, 79% free 1315K/6019K, paused 1ms+1ms
D/SubCatalogActivity( 1435): checkIndex:0
D/SubCatalogActivity( 1435): checkIndex:0
D/SubCatalogActivity( 1435): getAssetList:
D/Test    ( 1435): request Url  :http://cibn-ido.longvisionmedia.com:8088/msis/getAssetList?version=V001&terminalType=1&resolution=1280*720&pageSize=30&curPage=1&userCode=201303191947&queryType=0&catalogId=51520&isRecommend=&assetType=&originName=&publishDate=&orderTag=1&authKey=87c9920a6f35623d67f4352c86ae2ec1
D/dalvikvm( 1435): GC_CONCURRENT freed 2120K, 41% free 15598K/26051K, paused 2ms+4ms
E/        ( 1435): get vaddr failed:pvaddr_read=0x620c3000,pvaddr_internal=0x621c3000,pvaddr_write=0x0
E/        ( 1435): get vaddr failed:pvaddr_read=0x620c3000,pvaddr_internal=0x621c3000,pvaddr_write=0x0
D/dalvikvm( 1435): GC_CONCURRENT freed 2034K, 39% free 16056K/26051K, paused 2ms+3ms
D/dalvikvm( 1505): GC_CONCURRENT freed 399K, 79% free 1313K/6019K, paused 1ms+1ms
D/HomePlayerLib( 1505): hostaddress count is 1
D/dalvikvm( 1505): GC_CONCURRENT freed 404K, 79% free 1298K/6019K, paused 1ms+1ms
D/dalvikvm( 1505): GC_CONCURRENT freed 388K, 79% free 1311K/6019K, paused 1ms+1ms
D/dalvikvm( 1505): GC_CONCURRENT freed 404K, 79% free 1291K/6019K, paused 1ms+1ms
D/dalvikvm( 1505): GC_CONCURRENT freed 377K, 77% free 1419K/6019K, paused 1ms+1ms
D/dalvikvm( 1505): GC_CONCURRENT freed 509K, 77% free 1418K/6019K, paused 1ms+1ms
D/dalvikvm( 1505): GC_CONCURRENT freed 504K, 77% free 1398K/6019K, paused 1ms+1ms
D/dalvikvm( 1505): GC_CONCURRENT freed 475K, 79% free 1307K/6019K, paused 1ms+1ms
D/dalvikvm( 1505): GC_CONCURRENT freed 383K, 77% free 1421K/6019K, paused 1ms+1ms
D/dalvikvm( 1505): GC_CONCURRENT freed 509K, 77% free 1397K/6019K, paused 1ms+1ms
D/dalvikvm( 1505): GC_CONCURRENT freed 488K, 78% free 1376K/6019K, paused 0ms+1ms
D/dalvikvm( 1505): GC_CONCURRENT freed 461K, 77% free 1411K/6019K, paused 1ms+1ms
D/dalvikvm( 1505): GC_CONCURRENT freed 489K, 79% free 1314K/6019K, paused 1ms+1ms
D/dalvikvm( 1505): GC_CONCURRENT freed 389K, 79% free 1323K/6019K, paused 1ms+1ms
D/dalvikvm( 1505): GC_CONCURRENT freed 393K, 77% free 1429K/6019K, paused 1ms+1ms
D/dalvikvm( 1505): GC_CONCURRENT freed 513K, 79% free 1308K/6019K, paused 1ms+1ms
D/dalvikvm( 1505): GC_CONCURRENT freed 393K, 79% free 1307K/6019K, paused 0ms+1ms
D/dalvikvm( 1505): GC_CONCURRENT freed 379K, 79% free 1324K/6019K, paused 0ms+1ms
D/dalvikvm( 1505): GC_CONCURRENT freed 395K, 79% free 1322K/6019K, paused 1ms+1ms
D/dalvikvm( 1505): GC_CONCURRENT freed 392K, 79% free 1323K/6019K, paused 0ms+1ms
D/dalvikvm( 1505): GC_CONCURRENT freed 392K, 77% free 1429K/6019K, paused 1ms+0ms
D/dalvikvm( 1505): GC_CONCURRENT freed 502K, 79% free 1312K/6019K, paused 1ms+1ms
D/dalvikvm( 1505): GC_CONCURRENT freed 399K, 79% free 1298K/6019K, paused 0ms+1ms
D/dalvikvm( 1505): GC_CONCURRENT freed 372K, 79% free 1311K/6019K, paused 1ms+1ms
D/dalvikvm( 1505): GC_CONCURRENT freed 396K, 79% free 1310K/6019K, paused 1ms+1ms
D/dalvikvm( 1505): GC_CONCURRENT freed 394K, 77% free 1433K/6019K, paused 1ms+1ms
D/dalvikvm( 1505): GC_CONCURRENT freed 510K, 79% free 1322K/6019K, paused 1ms+1ms
D/dalvikvm( 1505): GC_CONCURRENT freed 400K, 79% free 1314K/6019K, paused 1ms+1ms
D/HomePlayerLib( 1505): hostaddress count is 1
D/dalvikvm( 1505): GC_CONCURRENT freed 411K, 79% free 1308K/6019K, paused 1ms+1ms
D/dalvikvm( 1505): GC_CONCURRENT freed 386K, 78% free 1324K/6019K, paused 1ms+1ms
D/dalvikvm( 1505): GC_CONCURRENT freed 397K, 79% free 1312K/6019K, paused 1ms+1ms
D/dalvikvm( 1505): GC_CONCURRENT freed 405K, 79% free 1316K/6019K, paused 1ms+1ms
D/dalvikvm( 1505): GC_CONCURRENT freed 391K, 79% free 1319K/6019K, paused 1ms+1ms
D/dalvikvm( 1505): GC_CONCURRENT freed 393K, 79% free 1317K/6019K, paused 1ms+1ms
D/dalvikvm( 1505): GC_CONCURRENT freed 392K, 79% free 1319K/6019K, paused 1ms+1ms
D/dalvikvm( 1505): GC_CONCURRENT freed 402K, 77% free 1428K/6019K, paused 0ms+1ms
D/dalvikvm( 1505): GC_CONCURRENT freed 514K, 77% free 1417K/6019K, paused 0ms+1ms
D/dalvikvm( 1505): GC_CONCURRENT freed 501K, 79% free 1322K/6019K, paused 1ms+1ms
D/dalvikvm( 1505): GC_CONCURRENT freed 408K, 79% free 1302K/6019K, paused 1ms+1ms
D/dalvikvm( 1505): GC_CONCURRENT freed 396K, 79% free 1300K/6019K, paused 1ms+1ms
D/dalvikvm( 1505): GC_CONCURRENT freed 393K, 79% free 1301K/6019K, paused 1ms+1ms
D/dalvikvm( 1505): GC_CONCURRENT freed 378K, 79% free 1307K/6019K, paused 0ms+1ms
D/CheckNetWork( 1752): isOk true
D/CheckNetWork( 1752): ActInfoNetworkInfo: type: WIFI[], state: CONNECTED/CONNECTED, reason: (unspecified), extra: (none), roaming: false, failover: false, isAvailable: true
D/CheckNetWork( 1752): infoNetworkInfo: type: WIFI[], state: CONNECTED/CONNECTED, reason: (unspecified), extra: (none), roaming: false, failover: false, isAvailable: true
D/PushMsgCenter( 1724): mDownUpRun run while (true)
D/PushMsgCenter( 1724): down  
D/PushMsgCenter( 1724): down conn.getResponseCode() status = 404
D/dalvikvm( 1505): GC_CONCURRENT freed 403K, 79% free 1302K/6019K, paused 1ms+1ms
D/dalvikvm( 1505): GC_CONCURRENT freed 382K, 77% free 1421K/6019K, paused 1ms+1ms
D/dalvikvm( 1505): GC_CONCURRENT freed 504K, 77% free 1412K/6019K, paused 0ms+1ms
D/dalvikvm( 1505): GC_CONCURRENT freed 487K, 79% free 1314K/6019K, paused 1ms+1ms
D/dalvikvm( 1505): GC_CONCURRENT freed 403K, 76% free 1493K/6019K, paused 0ms+1ms
D/dalvikvm( 1505): GC_CONCURRENT freed 571K, 77% free 1403K/6019K, paused 0ms+1ms
D/HomePlayerLib( 1505): hostaddress count is 1
D/dalvikvm( 1505): GC_CONCURRENT freed 494K, 77% free 1413K/6019K, paused 1ms+1ms
D/dalvikvm( 1505): GC_CONCURRENT freed 498K, 79% free 1313K/6019K, paused 1ms+1ms
D/dalvikvm( 1505): GC_CONCURRENT freed 397K, 77% free 1422K/6019K, paused 1ms+1ms
D/dalvikvm( 1505): GC_CONCURRENT freed 507K, 77% free 1420K/6019K, paused 1ms+1ms
D/dalvikvm( 1505): GC_CONCURRENT freed 487K, 79% free 1317K/6019K, paused 0ms+1ms
D/dalvikvm( 1505): GC_CONCURRENT freed 392K, 77% free 1416K/6019K, paused 0ms+1ms
D/dalvikvm( 1505): GC_CONCURRENT freed 497K, 78% free 1329K/6019K, paused 1ms+1ms
D/dalvikvm( 1505): GC_CONCURRENT freed 408K, 79% free 1315K/6019K, paused 1ms+2ms
D/dalvikvm( 1505): GC_CONCURRENT freed 396K, 79% free 1313K/6019K, paused 1ms+1ms
D/dalvikvm( 1505): GC_CONCURRENT freed 394K, 79% free 1314K/6019K, paused 1ms+1ms
D/dalvikvm( 1505): GC_CONCURRENT freed 383K, 76% free 1472K/6019K, paused 1ms+1ms
D/dalvikvm( 1505): GC_CONCURRENT freed 542K, 78% free 1331K/6019K, paused 1ms+1ms
D/dalvikvm( 1505): GC_CONCURRENT freed 396K, 77% free 1386K/6019K, paused 0ms+1ms
D/dalvikvm( 1505): GC_CONCURRENT freed 456K, 77% free 1436K/6019K, paused 0ms+1ms
D/dalvikvm( 1505): GC_CONCURRENT freed 491K, 78% free 1332K/6019K, paused 1ms+1ms
D/dalvikvm( 1505): GC_CONCURRENT freed 395K, 78% free 1331K/6019K, paused 1ms+1ms
D/dalvikvm( 1505): GC_CONCURRENT freed 394K, 77% free 1419K/6019K, paused 0ms+1ms
D/dalvikvm( 1505): GC_CONCURRENT freed 486K, 76% free 1445K/6019K, paused 1ms+1ms
D/dalvikvm( 1505): GC_CONCURRENT freed 518K, 77% free 1430K/6019K, paused 1ms+1ms
D/dalvikvm( 1505): GC_CONCURRENT freed 507K, 79% free 1316K/6019K, paused 0ms+1ms
D/dalvikvm( 1505): GC_CONCURRENT freed 406K, 79% free 1302K/6019K, paused 1ms+2ms
D/dalvikvm( 1505): GC_CONCURRENT freed 392K, 79% free 1311K/6019K, paused 1ms+1ms
D/dalvikvm( 1505): GC_CONCURRENT freed 391K, 77% free 1436K/6019K, paused 1ms+1ms
D/dalvikvm( 1505): GC_CONCURRENT freed 513K, 79% free 1315K/6019K, paused 1ms+1ms
D/dalvikvm( 1505): GC_CONCURRENT freed 393K, 79% free 1314K/6019K, paused 1ms+2ms
D/dalvikvm( 1505): GC_CONCURRENT freed 400K, 79% free 1313K/6019K, paused 1ms+1ms
D/HomePlayerLib( 1505): hostaddress count is 1
D/dalvikvm( 1505): GC_CONCURRENT freed 404K, 79% free 1299K/6019K, paused 1ms+1ms
D/dalvikvm( 1505): GC_CONCURRENT freed 359K, 78% free 1327K/6019K, paused 1ms+1ms
D/dalvikvm( 1505): GC_CONCURRENT freed 390K, 78% free 1339K/6019K, paused 1ms+1ms
D/dalvikvm( 1505): GC_CONCURRENT freed 425K, 79% free 1303K/6019K, paused 1ms+1ms
D/dalvikvm( 1505): GC_CONCURRENT freed 365K, 78% free 1327K/6019K, paused 1ms+1ms
D/dalvikvm( 1505): GC_CONCURRENT freed 416K, 78% free 1355K/6019K, paused 1ms+1ms
D/dalvikvm( 1505): GC_CONCURRENT freed 431K, 79% free 1311K/6019K, paused 0ms+1ms
D/dalvikvm( 1505): GC_CONCURRENT freed 386K, 78% free 1380K/6019K, paused 0ms+1ms
D/dalvikvm( 1505): GC_CONCURRENT freed 437K, 76% free 1452K/6019K, paused 1ms+1ms
D/dalvikvm( 1505): GC_CONCURRENT freed 506K, 76%
[ 1133.153569] IR: [03932] scan key value is 0xf10ec936 
[ 1133.153574]   free 1464K/6019K, paused 1ms+1ms

[ 1133.204240] IR: [03932] scan key value is 0xf10ec936 
[ 1133.204245]  D/dalvikvm(  944): GC_CONCURRENT freed 1954K, 66% free 3810K/11011K, paused 3ms+6ms
D/dalvikvm( 1505): GC_CONCURRENT freed 535K, 78% free 1340K/6019K, paused 1ms+1ms
D/SubCatalogActivity( 1435): -- onRestart --
W/InputManagerService(  944): Starting input on non-focused client com.android.internal.view.IInputMethodClient$Stub$Proxy@41670ae0 (uid=10000 pid=1435)
D/OpenGLRenderer( 1435): Flushing caches (mode 0)
D/dalvikvm( 1505): GC_CONCURRENT freed 392K, 78% free 1333K/6019K, paused 1ms+1ms
D/dalvikvm( 1505): GC_CONCURRENT freed 394K, 78% free 1332K/6019K, paused 1ms+1ms
D/OpenGLRenderer( 1435): Flushing caches (mode 1)

[ 1134.825949] IR: [03932] scan key value is 0xed12c936 
[ 1134.825953]  D/InputEventConsistencyVerifier( 2183): KeyEvent: ACTION_UP but key was not down.
D/InputEventConsistencyVerifier( 2183):   in com.coship.cibn.view.ScaleViewPanel@416f0458
D/InputEventConsistencyVerifier( 2183):   0: sent at 1134992000000, KeyEvent { action=ACTION_UP, keyCode=KEYCODE_DPAD_LEFT, scanCode=105, metaState=0, flags=0x8, repeatCount=0, eventTime=1134992, downTime=1134831, deviceId=2, source=0x101 }
D/InputEventConsistencyVerifier( 2183):   -- recent events --
D/InputEventConsistencyVerifier( 2183):   1: sent at 1095600000000, (unhandled) KeyEvent { action=ACTION_DOWN, keyCode=KEYCODE_DPAD_RIGHT, scanCode=106, metaState=0, flags=0x8, repeatCount=0, eventTime=1095600, downTime=1095600, deviceId=2, source=0x101 }
D/InputEventConsistencyVerifier( 2183):   2: sent at 1095244000000, (unhandled) KeyEvent { action=ACTION_UP, keyCode=KEYCODE_DPAD_UP, scanCode=103, metaState=0, flags=0x8, repeatCount=0, eventTime=1095244, downTime=1095032, deviceId=2, source=0x101 }
D/InputEventConsistencyVerifier( 2183):   3: sent at 1060515000000, (unhandled) KeyEvent { action=ACTION_DOWN, keyCode=KEYCODE_DPAD_RIGHT, scanCode=106, metaState=0, flags=0x8, repeatCount=0, eventTime=1060515, downTime=1060515, deviceId=2, source=0x101 }
D/InputEventConsistencyVerifier( 2183):   4: sent at 1060352000000, (unhandled) KeyEvent { action=ACTION_UP, keyCode=KEYCODE_DPAD_DOWN, scanCode=108, metaState=0, flags=0x80000008, repeatCount=0, eventTime=1060352, downTime=1060140, deviceId=2, source=0x101 }
D/InputEventConsistencyVerifier( 2183):   5: sent at 1059288000000, (unhandled) KeyEvent { action=ACTION_DOWN, keyCode=KEYCODE_DPAD_UP, scanCode=103, metaState=0, flags=0x8, repeatCount=0, eventTime=1059288, downTime=1059288, deviceId=2, source=0x101 }

[ 1136.293760] IR: [03932] scan key value is 0xeb14c936 
[ 1136.293765]  
[ 1136.344664] IR: [03932] scan key value is 0xeb14c936 
[ 1136.344670]  D/InputEventConsistencyVerifier( 2183): KeyEvent: ACTION_UP but key was not down.
D/InputEventConsistencyVerifier( 2183):   in com.coship.cibn.
[ 1136.559631] IR: [03932] scan key value is 0xeb14c936 
[ 1136.559636]  view.ScaleViewPanel@417a43f8
D/InputEventConsistencyVerifier( 2183):   0: sent at 1136512000000, KeyEvent { action=ACTION_UP, keyCode=KEYCODE_DPAD_RIGHT, scanCode=106, metaState=0, flags=0x8, repeatCount=0, eventTime=1136512, downTime=1136299, deviceId=2, source=0x101 }
D/InputEventConsistencyVerifier( 2183):   -- recent events --
D/InputEventConsistencyVerifier( 2183):   1: sent at 1134831000000, (unhandled) KeyEvent { action=ACTION_DOWN, keyCode=KEYCODE_DPAD_LEFT, scanCode=105, metaState=0, flags=0x8, 
[ 1136.610557] IR: [03932] scan key value is 0xeb14c936 
[ 1136.610562]  repeatCount=0, eventTime=1134831, downTime=1134831, deviceId=2, source=0x101 }
D/InputEventConsistencyVerifier( 2183):   2: sent at 1096192000000, KeyEvent { action=ACTION_UP, keyCode=KEYCODE_ENTER, scanCode=28, metaState=0, flags=0x8, repeatCount=0, eventTime=1096192, downTime=1095983, deviceId=2, source=0x101 }
D/InputEventConsistencyVerifier( 2183):   3: sent at 1095983000000, KeyEvent { action=ACTION_DOWN, keyCode=KEYCODE_ENTER, scanCode=28, metaState=0, flags=0x8, repeatCount=0, eventTime=1095983, downTime=1095983, deviceId=2, source=0x101 }
D/InputEventConsistencyVerifier( 2183):   4: sent at 1095812000000, (unhandled) KeyEvent { action=ACTION_UP, keyCode=KEYCODE_DPAD_RIGHT, scanCode=106, metaState=0, flags=0x8, repeatCount=0, eventTime=1095812, downTime=1095600, deviceId=2, source=0x101 }
D/InputEventConsistencyVerifier( 2183):   5: sent at 1083186000000, (unhandled) KeyEvent { action=ACTION_DOWN, keyCode=KEYCODE_DPAD_DOWN, scanCode=108, metaState=0, flags=0x8, repeatCount=0, eventTime=1083186, downTime=1083186, deviceId=2, source=0x101 }

[ 1136.718586] IR: [03932] scan key value is 0xeb14c936 
[ 1136.718590]  D/InputEventConsistencyVerifier( 2183): KeyEvent: ACTION_UP but key was not down.
D/InputEventConsistencyVerifier( 2183):   in com.coship.cibn.view.ScaleViewPanel@42024ab0
D/InputEventConsistencyVerifier( 2183):   0: sent at 1136884000000, KeyEvent { action=ACTION_UP, keyCode=KEYCODE_DPAD_RIGHT, scanCode=106, metaState=0, flags=0x8, repeatCount=0, eventTime=1136884, downTime=1136565, deviceId=2, source=0x101 }
D/InputEventConsistencyVerifier( 2183):   -- recent events --
D/InputEventConsistencyVerifier( 2183):   1: sent at 1078911000000, (unhandled) KeyEvent { action=ACTION_DOWN, keyCode=KEYCODE_DPAD_LEFT, scanCode=105, metaState=0, flags=0x8, repeatCount=0, eventTime=1078911, downTime=1078911, deviceId=2, source=0x101 }
D/InputEventConsistencyVerifier( 2183):   2: sent at 1075588000000, KeyEvent { action=ACTION_UP, keyCode=KEYCODE_ENTER, scanCode=28, metaState=0, flags=0x8, repeatCount=0, eventTime=1075588, downTime=1075428, deviceId=2, source=0x101 }
D/InputEventConsistencyVerifier( 2183):   3: sent at 1075428000000, KeyEvent { action=ACTION_DOWN, keyCode=KEYCODE_ENTER, scanCode=28, metaState=0, flags=0x8, repeatCount=0, eventTime=1075428, downTime=1075428, 
[ 1136.996078] IR: [03932] scan key value is 0xeb14c936 
[ 1136.996084]  deviceId=2, source=0x101 }
D/InputEventConsistencyVerifier( 2183):   4: sent at 1075124000000, (unhandled) KeyEvent { action=ACTION_UP, keyCode=KEYCODE_DPAD_RIGHT, scanCode=106, metaState=0, flags=0x80000008, repeatCount=0, eventTime=1075124, downTime=1074911, deviceId=2, source=0x101 }
D/InputEventConsistencyVerifier( 2183):   5: sent at 907292000000, (unhandled) KeyEvent { action=ACTION_DOWN, keyCode=KEYCODE_DPAD_DOWN, scanCode=108, metaState=0, flags=0x8, repeatCount=0, eventTime=907292, downTime=90729
[ 1137.046990] IR: [03932] scan key value is 0xeb14c936 
[ 1137.046994]  2, deviceId=2, source=0x101 }
D/InputEventConsistencyVerifier( 2183): KeyEvent: ACTION_UP but key was not down.
D/InputEventConsistencyVerifier( 2183):   in android.support.v4.widget.StaggeredGridView@41859ad8
D/InputEventConsistencyVerifier( 2183):   0: sent at 1137212000000, KeyEvent { action=ACTION_UP, keyCode=KEYCODE_DPAD_RIGHT, scanCode=106, metaState=0, flags=0x8, repeatCount=0, eventTime=1137212, downTime=1137002, deviceId=2, source=0x101 }
D/InputEventConsistencyVerifier( 2183):   -- recent events --
D/InputEventConsistencyVerifier( 2183):   1: sent at 775663000000, (unhandled) KeyEvent { action=ACTION_DOWN, keyCode=KEYCODE_DPAD_LEFT, scanCode=105, metaState=0, flags=0x8, repeatCount=0, eventTime=775663, downTime=775663, deviceId=2, source=0x101 }
D/InputEventConsistencyVerifier( 2183):   2: sent at 775164000000, (unhandled) KeyEvent { action=ACTION_UP, keyCode=KEYCODE_DPAD_RIGHT, scanCode=106, metaState=0, flags=0x80000008, repeatCount=0, eventTime=775164, downTime=774952, deviceId=2, source=0x101 }
D/InputEventConsistencyVerifier( 2183):   3: sent at 773733000000, (unhandled) KeyEvent { action=ACTION_DOWN, keyCode=KEYCODE_DPAD_LEFT, scanCode=105, metaState=0, flags=0x8, repeatCount=0, eventTime=773733, downTime=773733, deviceId=2, source=0x101 }
D/InputEventConsistencyVerifier( 2183):   4: sent at 773192000000, (unhandled) KeyEvent { action=ACTION_UP, keyCode=KEYCODE_DPAD_LEFT, scanCode=105, metaState=0, flags=0x8, repeatCount=0, eventTime=773192, downTime=772869, deviceId=2, source=0x101 }
D/InputEventConsistencyVerifier( 2183):   5: sent at 772869000000, (unhandled) KeyEvent { action=ACTION_DOWN, keyCode=KEYCODE_DPAD_LEFT, scanCode=105, metaState=0, flags=0x8, repeatCount=0, eventTime=772869, downTime=772869, deviceId=2, source=0x101 }

[ 1137.433377] IR: [03932] scan key value is 0xeb14c936 
[ 1137.433382]  
[ 1137.484308] IR: [03932] scan key value is 0xeb14c936 
[ 1137.484314]  D/InputEventConsistencyVerifier( 2183): KeyEvent: ACTION_UP but key was not down.
D/InputEventConsistencyVerifier( 2183):   in com.coship.cibn.view.ScaleViewPanel@420b2320
D/InputEventConsistencyVerifier( 2183):   0: sent at 1137648000000, KeyEvent { action=ACTION_UP, keyCode=KEYCODE_DPAD_RIGHT, scanCode=106, metaState=0, flags=0x8, repeatCount=0, eventTime=1137648, downTime=1137438, deviceId=2, source=0x101 }

[ 1137.979780] IR: [03932] scan key value is 0xeb14c936 
[ 1137.979785]  
[ 1138.030713] IR: [03932] scan key value is 0xeb14c936 
[ 1138.030719]  D/InputEventConsistencyVerifier( 2183): KeyEvent: ACTION_UP but key was not down.
D/InputEventConsistencyVerifier( 2183):   in com.coship.cibn.view.ScaleViewPanel@42026040
D/InputEventConsistencyVerifier( 2183):   0: sent at 1138196000000, KeyEvent { action=ACTION_UP, keyCode=KEYCODE_DPAD_RIGHT, scanCode=106, metaState=0, flags=0x8, repeatCount=0, eventTime=1138196, downTime=1137985, deviceId=2, source=0x101 }

[ 1138.400247] IR: [03932] scan key value is 0xeb14c936 
[ 1138.400251]  
[ 1138.451157] IR: [03932] scan key value is 0xeb14c936 
[ 1138.451162]  D/InputEventConsistencyVerifier( 2183): KeyEvent: ACTION_UP but key was not down.
D/InputEventConsistencyVerifier( 2183):   in android.support.v4.widget.StaggeredGridView@41872c98
D/InputEventConsistencyVerifier( 2183):   0: sent at 1138616000000, KeyEvent { action=ACTION_UP, keyCode=KEYCODE_DPAD_RIGHT, scanCode=106, metaState=0, flags=0x8, repeatCount=0, eventTime=1138616, downTime=1138405, deviceId=2, source=0x101 }
D/InputEventConsistencyVerifier( 2183):   -- recent events --
D/InputEventConsistencyVerifier( 2183):   1: sent at 698519000000, (unhandled) KeyEvent { action=ACTION_DOWN, keyCode=KEYCODE_DPAD_LEFT, scanCode=105, metaState=0, flags=0x8, repeatCount=0, eventTime=698519, downTime=698519, deviceId=2, source=0x101 }
D/InputEventConsistencyVerifier( 2183):   2: sent at 390672000000, KeyEvent { action=ACTION_UP, keyCode=KEYCODE_ENTER, scanCode=28, metaState=0, flags=0x8, repeatCount=0, eventTime=390672, downTime=390460, deviceId=2, source=0x101 }
D/InputEventConsistencyVerifier( 2183):   3: sent at 390460000000, KeyEvent { action=ACTION_DOWN, keyCode=KEYCODE_ENTER, scanCode=28, metaState=0, flags=0x8, repeatCount=0, eventTime=390460, downTime=390460, deviceId=2, source=0x101 }
D/InputEventConsistencyVerifier( 2183):   4: sent at 390132000000, (unhandled) KeyEvent { action=ACTION_UP, keyCode=KEYCODE_DPAD_DOWN, scanCode=108, metaState=0, flags=0x8, repeatCount=0, eventTime=390132, downTime=389920, deviceId=2, source=0x101 }
D/InputEventConsistencyVerifier( 2183):   5: sent at 389920000000, (unhandled) KeyEvent { action=ACTION_DOWN, keyCode=KEYCODE_DPAD_DOWN, scanCode=108, metaState=0, flags=0x8, repeatCount=0, eventTime=389920, downTime=389920, deviceId=2, source=0x101 }

[ 1138.821301] IR: [03932] scan key value is 0xeb14c936 
[ 1138.821306]  D/InputEventConsistencyVerifier( 2183): KeyEvent: ACTION_UP but key was not down.
D/InputEventConsistencyVerifier( 2183):   in com.coship.cibn.view.ScaleViewPanel@420a8f68
D/InputEventConsistencyVerifier( 2183):   0: sent at 1138988000000, KeyEvent { action=ACTION_UP, keyCode=KEYCODE_DPAD_RIGHT, scanCode=106, metaState=0, flags=0x8, repeatCount=0, eventTime=1138988, downTime=1138826, deviceId=2, source=0x101 }
D/dalvikvm( 1505): GC_CONCURRENT freed 422K, 78% free 1329K/6019K, paused 1ms+2ms

[ 1139.596592] IR: [03932] scan key value is 0xed12c936 
[ 1139.596597]  
[ 1139.648090] IR: [03932] scan key value is 0xed12c936 
[ 1139.648095]  D/dalvikvm( 1505): GC_CONCURRENT freed 410K, 79% free 1313K/6019K, paused 1ms+1ms
D/InputEventConsistencyVerifier( 2183): KeyEvent: ACTION_UP but key was not down.
D/InputEventConsistencyVerifier( 2183):   in com.coship.cibn.view.ScaleViewPanel@4168cf10
D/InputEventConsistencyVerifier( 2183):   0: sent at 1139816000000, KeyEvent { action=ACTION_UP, keyCode=KEYCODE_DPAD_LEFT, scanCode=105, metaState=0, flags=0x8, repeatCount=0, eventTime=1139816, downTime=1139602, deviceId=2, source=0x101 }
D/InputEventConsistencyVerifier( 2183):   -- recent events --
D/InputEventConsistencyVerifier( 2183):   1: sent at 1138826000000, (unhandled) KeyEvent { action=ACTION_DOWN, keyCode=KEYCODE_DPAD_RIGHT, scanCode=106, metaState=0, flags=0x8, repeatCount=0, eventTime=1138826, downTime=1138826, deviceId=2, source=0x101 }
D/InputEventConsistencyVerifier( 2183):   2: sent at 1138616000000, (unhandled) KeyEvent { action=ACTION_UP, keyCode=KEYCODE_DPAD_RIGHT, scanCode=106, metaState=0, flags=0x80000008, repeatCount=0, eventTime=1138616, downTime=1138405, deviceId=2, source=0x101 }
D/InputEventConsistencyVerifier( 2183):   3: sent at 386679000000, (unhandled) KeyEvent { action=ACTION_DOWN, keyCode=KEYCODE_DPAD_DOWN, scanCode=108, metaState=0, flags=0x8, repeatCount=0, eventTime=386679, downTime=386679, deviceId=2, source=0x101 }
D/InputEventConsistencyVerifier( 2183):   4: sent at 384312000000, KeyEvent { action=ACTION_UP, keyCode=KEYCODE_ENTER, scanCode=28, metaState=0, flags=0x8, repeatCount=0, eventTime=384312, downTime=384153, deviceId=2, source=0x101 }
D/InputEventConsistencyVerifier( 2183):   5: sent at 384153000000, 
[ 1139.994066] IR: [03932] scan key value is 0xec13c936 
[ 1139.994071]  KeyEvent { action=ACTION_DOWN, keyCode=KEYCODE_ENTER, scanCode=28, metaState=0, flags=0x8, repeatCount=0, eventTime=384153, downTime=384153, deviceId=2, source=0x101 }
D/dalvikvm( 1505): GC_CONCURRENT freed 394K, 79% free 1313K/6019K, paused 0ms+1ms
I/MainActivity( 2183): CIBN ---> onClick -> 52058
I/ActivityManager(  944): START {cmp=com.coship.cibn/.activity.WatchHistoryActivity (has extras)} from pid 2183
W/WindowManager(  944): Token{4148fbf8 ActivityRecord{415e9230 com.coship.cibn/.activity.WatchHistoryActivity}} failed creating starting window
W/WindowManager(  944): android.view.InflateException: Binary XML file line #34: Error inflating class <unknown>
W/WindowManager(  944):         at android.view.LayoutInflater.createView(LayoutInflater.java:606)
W/WindowManager(  944):         at com.android.internal.policy.impl.PhoneLayoutInflater.onCreateView(PhoneLayoutInflater.java:56)
W/WindowManager(  944):         at android.view.LayoutInflater.onCreateView(LayoutInflater.java:653)
W/WindowManager(  944):         at android.view.LayoutInflater.createViewFromTag(LayoutInflater.java:678)
W/WindowManager(  944):         at android.view.LayoutInflater.rInflate(LayoutInflater.java:739)
W/WindowManager(  944):         at android.view.LayoutInflater.inflate(LayoutInflater.java:489)
W/WindowManager(  944):         at android.view.LayoutInflater.inflate(LayoutInflater.java:396)
W/WindowManager(  944):         at android.view.LayoutInflater.inflate(LayoutInflater.java:352)
W/WindowManager(  944):         at com.android.internal.policy.impl.PhoneWindow.generateLayout(PhoneWindow.java:2707)
W/WindowManager(  944):         at com.android.internal.policy.impl.PhoneWindow.installDecor(PhoneWindow.java:2767)
W/WindowManager(  944):         at com.android.internal.policy.impl.PhoneWindow.getDecorView(PhoneWindow.java:1534)
W/WindowManager(  944):         at com.android.internal.policy.impl.PhoneWindowManager.addStartingWindow(PhoneWindowManager.java:1339)
W/WindowManager(  944):         at com.android.server.wm.WindowManagerService$H.handleMessage(WindowManagerService.java:6631)
W/WindowManager(  944):         at android.os.Handler.dispatchMessage(Handler.java:99)
W/WindowManager(  944):         at android.os.Looper.loop(Looper.java:137)
W/WindowManager(  944):         at com.android.server.wm.WindowManagerService$WMThread.run(WindowManagerService.java:704)
W/WindowManager(  944): Caused by: java.lang.reflect.InvocationTargetException
W/WindowManager(  944):         at java.lang.reflect.Constructor.constructNative(Native Method)
W/WindowManager(  944):         at java.lang.reflect.Constructor.newInstance(Constructor.java:417)
W/WindowManager(  944):         at android.view.LayoutInflater.createView(LayoutInflater.java:586)
W/WindowManager(  944):         ... 15 more
W/WindowManager(  944): Caused by: android.content.res.Resources$NotFoundException: Resource is not a Drawable (color or path): TypedValue{t=0x2/d=0x1010059 a=-1}
W/WindowManager(  944):         at android.content.res.Resources.loadDrawable(Resources.java:1897)
W/WindowManager(  944):         at android.content.res.TypedArray.getDrawable(TypedArray.java:601)
W/WindowManager(  944):         at android.widget.FrameLayout.<init>(FrameLayout.java:107)
W/WindowManager(  944):         at android.widget.FrameLayout.<init>(FrameLayout.java:95)
W/WindowManager(  944):         ... 18 more
I/**********( 2183): ************
V/HttpGetRequest( 2183): URL : http://cibn-ido.longvisionmedia.com:8088/userCenter/getBookMark?version=V001&terminalType=2&resolution=1280*720&userCode=80007&pageSize=1000&curPage=1&authKey=ecedb5606f13d155675d00cf96b17fc8
I/ActivityManager(  944): Displayed com.coship.cibn/.activity.WatchHistoryActivity: +119ms
D/OpenGLRenderer( 2183): Flushing caches (mode 0)
D/HttpGetRequest( 2183): http://cibn-ido.longvisionmedia.com:8088/userCenter/getBookMark?version=V001&terminalType=2&resolution=1280*720&userCode=80007&pageSize=1000&curPage=1&authKey=ecedb5606f13d155675d00cf96b17fc8:status code = 200
D/Cache   ( 2183): save Cache:http://cibn-ido.longvisionmedia.com:8088/userCenter/getBookMark?version=V001&terminalType=2&resolution=1280*720&userCode=80007&pageSize=1000&curPage=1&authKey=ecedb5606f13d155675d00cf96b17fc8
D/Cache   ( 2183): getFilePath:/mnt/sdcard/temple/4C2869A6010F4D3EDFE045DABB884E56
D/Cache   ( 2183): save json Cache temp_file:/mnt/sdcard/temple/4C2869A6010F4D3EDFE045DABB884E56.tmp
D/Cache   ( 2183): Create dir fail:/mnt/sdcard/temple/
E/Cache   ( 2183): saveCache FileNotFoundException
W/System.err( 2183): java.io.FileNotFoundException: /mnt/sdcard/temple/4C2869A6010F4D3EDFE045DABB884E56.tmp: open failed: EACCES (Permission denied)
W/System.err( 2183):    at libcore.io.IoBridge.open(IoBridge.java:406)
W/System.err( 2183):    at java.io.FileOutputStream.<init>(FileOutputStream.java:88)
W/System.err( 2183):    at java.io.FileOutputStream.<init>(FileOutputStream.java:128)
W/System.err( 2183):    at com.coship.cibn.common.Cache.saveCache(Cache.java:101)
W/System.err( 2183):    at com.coship.cibn.http.HttpGetRequest$1.run(HttpGetRequest.java:59)
W/System.err( 2183):    at java.lang.Thread.run(Thread.java:856)
W/System.err( 2183): Caused by: libcore.io.ErrnoException: open failed: EACCES (Permission denied)
W/System.err( 2183):    at libcore.io.Posix.open(Native Method)
W/System.err( 2183):    at libcore.io.BlockGuardOs.open(BlockGuardOs.java:110)
W/System.err( 2183):    at libcore.io.IoBridge.open(IoBridge.java:390)
W/System.err( 2183):    ... 5 more

[ 1141.540684] IR: [03932] scan key value is 0xf10ec936 
[ 1141.540688]  
[ 1141.591308] IR: [03932] scan key value is 0xf10ec936 
[ 1141.591313]  W/ActivityManager(  944): Duplicate finish request for ActivityRecord{415e9230 com.coship.cibn/.activity.WatchHistoryActivity}
D/MainActivity( 2183): position = 3
D/OpenGLRenderer( 2183): Flushing caches (mode 0)
D/dalvikvm( 2183): GC_EXPLICIT freed 919K, 19% free 20591K/25219K, paused 3ms+12ms
E/StrictMode( 2183): class com.coship.cibn.activity.WatchHistoryActivity; instances=3; limit=1
E/StrictMode( 2183): android.os.StrictMode$InstanceCountViolation: class com.coship.cibn.activity.WatchHistoryActivity; instances=3; limit=1
E/StrictMode( 2183):    at android.os.StrictMode.setClassInstanceLimit(StrictMode.java:1)

[ 1142.404784] IR: [03932] scan key value is 0xed12c936 
[ 1142.404789]  
[ 1142.456270] IR: [03932] scan key value is 0xed12c936 
[ 1142.456274]  D/InputEventConsistencyVerifier(
[ 1142.664883] IR: [03932] scan key value is 0xed12c936 
[ 1142.664888]   2183): KeyEvent: ACTION_UP but key was not down.
D/InputEventConsistencyVerifier( 2183):   in com.coship.cibn.view.ScaleViewPanel@42026040
D/InputEventConsistencyVerifier( 2183):   0: sent at 1142620000000, KeyEvent { action=ACTION_UP, keyCode=KEYCODE_DPAD_LEFT, scanCode=105, metaState=0, flags=0x8, repeatCount=0, eventTime=1142620, downTime=1142410, deviceId=2, source=0x101 }
D/InputEventConsistencyVerifier( 2183):   -- recent events --
D/InputEventConsistencyVerifier( 2183):   1: sent at 1138405000000, (unhandled) KeyEvent { action=ACTION_DOWN, keyCode=KEYCODE_DPAD_RIGHT, scanCode=106, metaState=0, flags=0x8, repeatCount=0, eventTime=1138405, downTime=1138405, deviceId=2, source=0x101 }
D/InputEventConsistencyVerifier( 2183):   2: sent at 1138196000000, (unhandled) KeyEvent { action=ACTION_UP, keyCode=KEYCODE_DPAD_RIGHT, scanCode=106, metaState=0, flags=0x80000008, repeatCount=0, eventTime=1138196, downTime=1137985, deviceId=2, source=0x101 }
D/InputEventConsistencyVerifier( 2183): KeyEvent: ACTION_UP but key was not down.
D/InputEventConsistencyVerifier( 2183):   in com.coship.cibn.view.ScaleViewPanel@420b2320
D/InputEventConsistencyVerifier( 2183):   0: sent at 1142832000000, KeyEvent { action=ACTION_UP, keyCode=KEYCODE_DPAD_LEFT, scanCode=105, metaState=0, flags=0x8, repeatCount=0, e
[ 1142.903389] IR: [03932] scan key value is 0xed12c936 
[ 1142.903393]  ventTime=1142832, downTime=1142671, deviceId=2, source=0x101 }
D/InputEventConsistencyVerifier( 2183):   -- recent events --
D/InputEventConsistencyVerifier( 2183):   1: sent at 1137985000000, (unhandled) KeyEvent { action=ACTION_DOWN, keyCode=KEYCODE_DPAD_RIGHT, scanCode=106, metaState=0, flags=0x8, repeatCount=0, eventTime=1137985, downTime=1137985, deviceId=2, source=0x101 }
D/InputEventConsistencyVerifier( 2183):   2: sent at 1137648000000, (unhandled) KeyEvent { action=ACTION_UP, keyCode=KEYCODE_DPAD_RIGHT, scanCode=106, metaState=0, flags=0x80000008, repeatCount=0, eventTime=1137648, downTime=1137438, deviceId=2, source=0x101 }
D/dalvikvm( 1505): GC_CONCURRENT freed 392K, 79% free 1313K/6019K, paused 1ms+2ms
D/InputEventConsistencyVerifier( 2183): KeyEvent: ACTION_UP but key was not down.
D/InputEventConsistencyVerifier( 2183):   in com.coship.cibn.view.ScaleViewPanel@4165a9a8
D/InputEventConsistencyVerifier( 2183):   0: sent at 1143068000000, KeyEvent { action=ACTION_UP, keyCode=KEYCODE_DPAD_LEFT, scanCode=105, metaState=0, flags=0x8, repeatCount=0, eventTime=1143068, downTime=1142909, deviceId=2, source=0x101 }
D/InputEventConsistencyVerifier( 2183):   -- recent events --
D/InputEventConsistencyVerifier( 2183):   1: sent at 1137438000000, (unhandled) KeyEvent { action=ACTION_DOWN, keyCode=KEYCODE_DPAD_RIGHT, scanCode=106, metaState=0, flags=0x8, repeatCount=0, eventTime=1137438, downTime=1137438, deviceId=2, source=0x101 }
D/InputEventConsistencyVerifier( 2183):   2: sent at 1137212000000, (unhandled) KeyEvent { action=ACTION_UP, keyCode=KEYCODE_DPAD_RIGHT, scanCode=106, metaState=0, flags=0x80000008, repeatCount=0, eventTime=1137212, downTime=1137002, deviceId=2, source=0x101 }
D/dalvikvm( 1505): GC_CONCURRENT freed 401K, 78% free 1330K/6019K, paused 1ms+1ms
D/HomePlayerLib( 1505): hostaddress count is 1
D/dalvikvm( 1505): GC_CONCURRENT freed 399K, 77% free 1436K/6019K, paused 1ms+0ms
D/dalvikvm( 1505): GC_CONCURRENT freed 508K, 79% free 1316K/6019K, paused 0ms+1ms
D/dalvikvm( 1505): GC_CONCURRENT freed 413K, 79% free 1308K/6019K, paused 1ms+1ms
D/dalvikvm( 1505): GC_CONCURRENT freed 378K, 77% free 1413K/6019K, paused 1ms+1ms
D/dalvikvm( 1505): GC_CONCURRENT freed 499K, 78% free 1338K/6019K, paused 1ms+1ms
D/dalvikvm( 1505): GC_CONCURRENT freed 402K, 78% free 1375K/6019K, paused 3ms+1ms
D/dalvikvm( 1505): GC_CONCURRENT freed 431K, 78% free 1382K/6019K, paused 1ms+2ms

[ 1143.991807] IR: [03932] scan key value is 0xed12c936 
[ 1143.991812]  D/dalvikvm( 1505): GC_CONCURRENT freed 453K, 76% free 1491K/6019K, paused 1ms+1ms
D/dalvikvm( 1505): GC_CONCURRENT freed 544K, 76% free 1452K/6019K, paused 0ms+1ms
D/InputEventConsistencyVerifier( 2183): KeyEvent: ACTION_UP but key was not down.
D/InputEventConsistencyVerifier( 2183):   in android.support.v4.widget.StaggeredGridView@420a7cf0
D/InputEventConsistencyVerifier( 2183):   0: sent at 1144160000000, KeyEvent { action=ACTION_UP, keyCode=KEYCODE_DPAD_LEFT, scanCode=105, metaState=0, flags=0x8, repeatCount=0, eventTime=1144160, downTime=1143997, deviceId=2, source=0x101 }
D/InputEventConsistencyVerifier( 2183):   -- recent events --
D/InputEventConsistencyVerifier( 2183):   1: sent at 1137002000000, (unhandled) KeyEvent { action=ACTION_DOWN, keyCode=KEYCODE_DPAD_RIGHT, scanCode=106, metaState=0, flags=0x8, repeatCount=0, eventTime=1137002, downTime=1137002, deviceId=2, source=0x101 }
D/InputEventConsistencyVerifier( 2183):   2: sent at 1136884000000, (unhandled) KeyEvent { action=ACTION_UP, keyCode=KEYCODE_DPAD_RIGHT, scanCode=106, metaState=0, flags=0x8, repeatCount=0, eventTime=1136884, downTime=1136565, deviceId=2, source=0x101 }
D/InputEventConsistencyVerifier( 2183):   3: sent at 1136565000000, (unhandled) KeyEvent { action=ACTION_DOWN, keyCode=KEYCODE_DPAD_RIGHT, scanCode=106, metaState=0, flags=0x8, repeatCount=0, eventTime=1136565, downTime=1136565, deviceId=2, source=0x101 }
D/InputEventConsistencyVerifier( 2183):   4: sent at 1136512000000, (unhandled) KeyEvent { action=ACTION_UP, keyCode=KEYCODE_DPAD_RIGHT, scanCode=106, metaState=0, flags=0x8, repeatCount=0, eventTime=1136512, downTime=1136299, deviceId=2, source=0x101 }
D/InputEventConsistencyVerifier( 2183):   5: sent at 1136299000000, (unhandled) KeyEvent { action=ACTION_DOWN, keyCode=KEYCODE_DPAD_RIGHT, scanCode=106, metaState=0, flags=0x8, repeatCount=0, eventTime=1136299, downTime=1136299, deviceId=2, source=0x101 }
D/dalvikvm( 1505): GC_CONCURRENT freed 522K, 77% free 1420K/6019K, paused 1ms+2ms
D/dalvikvm( 1505): GC_CONCURRENT freed 482K, 78% free 1382K/6019K, paused 1ms+1ms
D/dalvikvm( 1505): GC_CONCURRENT freed 432K, 78% free 1380K/6019K, paused 1ms+2ms
D/dalvikvm( 1505): GC_CONCURRENT freed 446K, 76% free 1445K/6019K, paused 1ms+1ms
D/dalvikvm( 1505): GC_CONCURRENT freed 518K, 78% free 1329K/6019K, paused 1ms+1ms
D/dalvikvm( 1505): GC_CONCURRENT freed 395K, 77% free 1433K/6019K, paused 1ms+2ms
D/dalvikvm( 1505): GC_CONCURRENT freed 499K, 78% free 1330K/6019K, paused 1ms+2ms
D/dalvikvm( 1505): GC_CONCURRENT freed 397K, 77% free 1442K/6019K, paused 1ms+1ms
D/dalvikvm( 1505): GC_CONCURRENT freed 515K, 79% free 1321K/6019K, paused 2ms+1ms
D/dalvikvm( 1505): GC_CONCURRENT freed 395K, 77% free 1392K/6019K, paused 1ms+1ms

[ 1146.063030] IR: [03932] scan key value is 0xed12c936 
[ 1146.063034]  D/MainActivity( 2183): position = 1

[ 1146.114472] IR: [03932] scan key value is 0xed12c936 
[ 1146.114478]  D/dalvikvm( 1505): GC_CONCURRENT freed 463K, 79% free 1312K/6019K, paused 1ms+1ms

[ 1146.823861] IR: [03932] scan key value is 0xed12c936 
[ 1146.823866]  
[ 1146.875311] IR: [03932] scan key value is 0xed12c936 
[ 1146.875316]  D/InputEventConsistencyVerifier( 2183): KeyEvent: ACTION_UP but key was not down.
D/InputEventConsistencyVerifier( 2183):   in com.coship.cibn.view.ScaleViewPanel@416f0458
D/InputEventConsistencyVerifier( 2183):   0: sent at 1147040000000, KeyEvent { action=ACTION_UP, keyCode=KEYCODE_DPAD_LEFT, scanCode=105, metaState=0, flags=0x8, repeatCount=0, eventTime=1147040, downTime=1146829, deviceId=2, source=0x101 }
D/InputEventConsistencyVerifier( 2183):   -- recent events --
D/InputEventConsistencyVerifier( 2183):   1: sent at 1136299000000, (unhandled) KeyEvent { action=ACTION_DOWN, keyCode=KEYCODE_DPAD_RIGHT, scanCode=106, metaState=0, flags=0x8, repeatCount=0, eventTime=1136299, downTime=1136299, deviceId=2, source=0x101 }
D/InputEventConsistencyVerifier( 2183):   2: sent at 1134992000000, (unhandled) KeyEvent { action=ACTION_UP, keyCode=KEYCODE_DPAD_LEFT, scanCode=105, metaState=0, flags=0x80000008, repeatCount=0, eventTime=1134992, downTime=1134831, deviceId=2, source=0x101 }
D/InputEventConsistencyVerifier( 2183):   3: sent at 1095600000000, (unhandled) KeyEvent { action=ACTION_DOWN, keyCode=KEYCODE_DPAD_RIGHT, scanCode=106, metaState=0, flags=0x8, repeatCount=0, eventTime=1095600, downTime=1095600, deviceId=2, source=0x101 }
D/InputEventConsistencyVerifier( 2183):   4: sent at 1095244000000, (unhandled) KeyEvent { action=ACTION_UP, keyCode=KEYCODE_DPAD_UP, scanCode=103, metaState=0, flags=0x8, repeatCount=0, eventTime=1095244, downTime=1095032, deviceId=2, source=0x101 }
D/InputEventConsistencyVerifier( 2183):   5: sent at 1060515000000, (unhandled) KeyEvent { action=ACTION_DOWN, keyCode=KEYCODE_DPAD_RIGHT, scanCode=106, metaState=0, flags=0x8, repeatCount=0, eventTime=1060515, downTime=1060515, deviceId=2, source=0x101 }

[ 1147.525978] IR: [03932] scan key value is 0xec13c936 
[ 1147.525983]  
[ 1147.577164] IR: [03932] scan key value is 0xec13c936 
[ 1147.577169]  D/RecommondAgency( 2183): CIBN ---> 12520
I/ActivityManager(  944): START {act=com.aidufei.programDetail cmp=com.aidufei.movieonline/.ProgramDetailActivity (has extras)} from pid 2183
D/ProgramDetailActivity( 1435): -- onCreate --
D/Test    ( 1435): request Url  :http://cibn-ido.longvisionmedia.com:8088/userCenter/getFavorite?version=V001&terminalType=1&resolution=1280*720&userCode=201303191947&userName=201303191947&authKey=4d204bdbd0e79418752f89472fa2a644
D/com.aidufei.movieonline.BaseActivity$getAuthResult :148
        ( 1435): get terminal msg from db!
D/dalvikvm( 1435): GC_CONCURRENT freed 942K, 35% free 17056K/26051K, paused 2ms+3ms
D/com.aidufei.movieonline.BaseActivity$getAuthResult :182
        ( 1435): get getAuthResultl msg from db!201303191947
D/ProgramDetailActivity( 1435): start load program details.
D/ProgramDetailActivity( 1435): -- onResume --
W/InputManagerService(  944): Starting input on non-focused client com.android.internal.view.IInputMethodClient$Stub$Proxy@413b87e0 (uid=10006 pid=2183)
W/ResourceType(  944): Skipping entry 0x7f040003 in package table 0 because it is not complex!
I/ActivityManager(  944): Displayed com.aidufei.movieonline/.ProgramDetailActivity: +333ms
D/dalvikvm( 1505): GC_CONCURRENT freed 396K, 77% free 1427K/6019K, paused 1ms+1ms
D/Test    ( 1435): request Url  :http://cibn-ido.longvisionmedia.com:8088/msis/getAssetDetail?version=V001&terminalType=1&resolution=1280*720&resourceCode=12520&userCode=201303191947&authKey=f70d26fa60bd217a3d3f0a77e751d1ad
D/dalvikvm( 1505): GC_CONCURRENT freed 505K, 77% free 1422K/6019K, paused 1ms+1ms
D/dalvikvm( 1505): GC_CONCURRENT freed 514K, 79% free 1292K/6019K, paused 1ms+1ms
I/ProgramDetailActivity( 1435): movie count:6
D/ProgramDetailActivity( 1435): start load program details.
D/Test    ( 1435): request Url  :http://cibn-ido.longvisionmedia.com:8088/msis/getAssetList?version=V001&terminalType=1&resolution=1280*720&pageSize=10&curPage=1&userCode=201303191947&queryType=3&catalogId=&isRecommend=&assetType=&originName=&publishDate=&orderTag=2&authKey=5a056ca80ff1e99f15f2e3628d35025c
D/dalvikvm( 1505): GC_CONCURRENT freed 379K, 79% free 1314K/6019K, paused 1ms+1ms
D/dalvikvm( 1505): GC_CONCURRENT freed 395K, 79% free 1313K/6019K, paused 1ms+1ms
D/dalvikvm( 1505): GC_CONCURRENT freed 394K, 79% free 1313K/6019K, paused 1ms+1ms
D/dalvikvm( 1435): GC_CONCURRENT freed 1873K, 35% free 17130K/26051K, paused 1ms+6ms
D/ProgramDetailActivity( 1435): initRelateResource:10
D/Test    ( 1435): request Url  :http://cibn-ido.longvisionmedia.com:8088/msis/getAssetListByPackageCode?version=V001&terminalType=1&resolution=1280*720&resourceCode=12520&userCode=201303191947&authKey=09b14b8ddf80efde8790180209dc2262
E/ProgramDetailActivity( 1435): assetListInfo:6
E/        ( 1435): get vaddr failed:pvaddr_read=0x620c3000,pvaddr_internal=0x621c3000,pvaddr_write=0x0
D/dalvikvm( 1435): GC_CONCURRENT freed 3955K, 42% free 15121K/26051K, paused 2ms+2ms
D/dalvikvm( 1435): GC_FOR_ALLOC freed 500K, 39% free 16091K/26051K, paused 23ms
D/dalvikvm( 1435): GC_FOR_ALLOC freed 512K, 37% free 16603K/26051K, paused 19ms
I/dalvikvm-heap( 1435): Grow heap (frag case) to 21.814MB for 2097168-byte allocation
D/dalvikvm( 1435): GC_CONCURRENT freed 0K, 34% free 18651K/28163K, paused 2ms+3ms

[ 1153.171852] IR: [03932] scan key value is 0xec13c936 
[ 1153.171858]  
[ 1153.223156] IR: [03932] scan key value is 0xec13c936 
[ 1153.223161]  E/ProgramDetailActivity( 1435): assetInfo:12518
I/ActivityManager(  944): START {flg=0x78000000 cmp=com.aidufei.movieonline/.player.VideoPlayer (has extras)} from pid 1435
D/ProgramDetailActivity( 1435): -- onRestart --
D/OpenGLRenderer( 2183): Flushing caches (mode 1)
D/OpenGLRenderer( 2183): Flushing caches (mode 0)
D/dalvikvm(  944): GC_CONCURRENT freed 807K, 66% free 3848K/11011K, paused 3ms+4ms
D/dalvikvm( 1435): GC_FOR_ALLOC freed 4291K, 45% free 15682K/28163K, paused 34ms
E/StrictMode( 1435): Finalizing a Cursor that has not been deactivated or closed. database = /data/data/com.aidufei.movieonline/databases/iFly.db, table = null, query = select * from history where resource_code=?
E/StrictMode( 1435): android.database.sqlite.DatabaseObjectNotClosedException: Application did not close the cursor or database object that was opened here
E/StrictMode( 1435):    at android.database.sqlite.SQLiteCursor.<init>(SQLiteCursor.java:99)
E/StrictMode( 1435):    at android.database.sqlite.SQLiteDirectCursorDriver.query(SQLiteDirectCursorDriver.java:51)
E/StrictMode( 1435):    at android.database.sqlite.SQLiteDatabase.rawQueryWithFactory(SQLiteDatabase.java:1564)
E/StrictMode( 1435):    at android.database.sqlite.SQLiteDatabase.rawQuery(SQLiteDatabase.java:1538)
E/StrictMode( 1435):    at com.aidufei.movieonline.data.LocalDataService.addOrUpdatePlayedSeriesPart(LocalDataService.java:96)
E/StrictMode( 1435):    at com.aidufei.movieonline.ProgramDetailActivity$2.onItemClick(ProgramDetailActivity.java:218)
E/StrictMode( 1435):    at android.widget.AdapterView.performItemClick(AdapterView.java:292)
E/StrictMode( 1435):    at android.widget.AbsListView.performItemClick(AbsListView.java:1058)
E/StrictMode( 1435):    at android.widget.AbsListView.onKeyUp(AbsListView.java:2655)
E/StrictMode( 1435):    at android.widget.GridView.commonKey(GridView.java:1631)
E/StrictMode( 1435):    at android.widget.GridView.onKeyUp(GridView.java:1504)
E/StrictMode( 1435):    at android.view.KeyEvent.dispatch(KeyEvent.java:3164)
E/StrictMode( 1435):    at android.view.View.dispatchKeyEvent(View.java:5500)
E/StrictMode( 1435):    at android.view.ViewGroup.dispatchKeyEvent(ViewGroup.java:1242)
E/StrictMode( 1435):    at android.view.ViewGroup.dispatchKeyEvent(ViewGroup.java:1246)
E/StrictMode( 1435):    at android.view.ViewGroup.dispatchKeyEvent(ViewGroup.java:1246)
E/StrictMode( 1435):    at android.view.ViewGroup.dispatchKeyEvent(ViewGroup.java:1246)
E/StrictMode( 1435):    at android.view.ViewGroup.dispatchKeyEvent(ViewGroup.java:1246)
E/StrictMode( 1435):    at android.view.ViewGroup.dispatchKeyEvent(ViewGroup.java:1246)
E/StrictMode( 1435):    at com.android.internal.policy.impl.PhoneWindow$DecorView.superDispatchKeyEvent(PhoneWindow.java:1879)
E/StrictMode( 1435):    at com.android.internal.policy.impl.PhoneWindow.superDispatchKeyEvent(PhoneWindow.java:1361)
E/StrictMode( 1435):    at android.app.Activity.dispatchKeyEvent(Activity.java:2324)
E/StrictMode( 1435):    at com.android.internal.policy.impl.PhoneWindow$DecorView.dispatchKeyEvent(PhoneWindow.java:1806)
E/StrictMode( 1435):    at android.view.ViewRootImpl.deliverKeyEventPostIme(ViewRootImpl.java:3327)
E/StrictMode( 1435):    at android.view.ViewRootImpl.handleFinishedEvent(ViewRootImpl.java:3300)
E/StrictMode( 1435):    at android.view.ViewRootImpl.handleMessage(ViewRootImpl.java:2460)
E/StrictMode( 1435):    at android.os.Handler.dispatchMessage(Handler.java:99)
E/StrictMode( 1435):    at android.os.Looper.loop(Looper.java:137)
E/StrictMode( 1435):    at android.app.ActivityThread.main(ActivityThread.java:4424)
E/StrictMode( 1435):    at java.lang.reflect.Method.invokeNative(Native Method)
E/StrictMode( 1435):    at java.lang.reflect.Method.invoke(Method.java:511)
E/StrictMode( 1435):    at com.android.internal.os.ZygoteInit$MethodAndArgsCaller.run(ZygoteInit.java:848)
E/StrictMode( 1435):    at com.android.internal.os.ZygoteInit.main(ZygoteInit.java:575)
E/StrictMode( 1435):    at dalvik.system.NativeStart.main(Native Method)
D/dalvikvm( 1435): GC_FOR_ALLOC freed 212K, 40% free 17098K/28163K, paused 26ms
D/dalvikvm( 1505): GC_CONCURRENT freed 392K, 77% free 1396K/6019K, paused 4ms+1ms
D/dalvikvm( 1435): GC_CONCURRENT freed 332K, 34% free 18701K/28163K, paused 2ms+3ms
W/MediaPlayer.java( 1435): setScreenOnWhilePlaying(true) is ineffective without a SurfaceHolder
I/VideoPlayer( 1435): playSource:2
I/VideoPlayer( 1435): getLivePlayEvent playEvent:null
D/VideoPlayer( 1435): start load program details.
I/VideoPlayer( 1435): providerId:/assertName:01/assertId:/resourceCode:12518
D/VideoPlayer( 1435): subId:---resourceCode:12518---timeCode:0---assertId:---providerId:
D/Test    ( 1435): request Url  :http://cibn-ido.longvisionmedia.com:8088/msis/getAssetListByPackageCode?version=V001&terminalType=1&resolution=1280*720&resourceCode=12520&userCode=201303191947&authKey=09b14b8ddf80efde8790180209dc2262
D/MediaControler( 1435): surfaceChanged
I/ActivityManager(  944): Displayed com.aidufei.movieonline/.player.VideoPlayer: +476ms
D/OpenGLRenderer( 1435): Flushing caches (mode 0)
D/dalvikvm( 1505): GC_CONCURRENT freed 475K, 78% free 1361K/6019K, paused 1ms+1ms
D/dalvikvm( 1505): GC_CONCURRENT freed 451K, 79% free 1303K/6019K, paused 1ms+1ms
D/dalvikvm( 1505): GC_CONCURRENT freed 395K, 78% free 1377K/6019K, paused 0ms+1ms
D/HomePlayerLib( 1505): hostaddress count is 1
D/dalvikvm( 1505): GC_CONCURRENT freed 467K, 77% free 1419K/6019K, paused 1ms+2ms
D/dalvikvm( 1505): GC_CONCURRENT freed 502K, 77% free 1402K/6019K, paused 1ms+1ms
D/VideoPlayer( 1435): subId:---resourceCode:12518---timeCode:0---assertId:---providerId:
D/Test    ( 1435): request Url  :http://cibn-ido.longvisionmedia.com:8088/msis/getPlayURL?version=V001&terminalType=2&resolution=1280*720&resourceCode=12518&playType=1&delay=0&shifttime=0&shiftend=0&timecode=0&assetID=&providerID=&urlType=3&authKey=cf4f21dc892d65a0af2e39ee84e6d901
D/dalvikvm( 1505): GC_CONCURRENT freed 495K, 79% free 1294K/6019K, paused 1ms+1ms
D/dalvikvm( 1505): GC_CONCURRENT freed 359K, 79% free 1320K/6019K, paused 1ms+1ms
D/dalvikvm( 1505): GC_CONCURRENT freed 381K, 78% free 1334K/6019K, paused 1ms+1ms
D/dalvikvm( 1505): GC_CONCURRENT freed 482K, 78% free 1379K/6019K, paused 1ms+1ms
D/VideoPlayer( 1435): play url:http://cibn-iss1.longvisionmedia.com:8088/vod/CIBN2013,CIBN2013040100001728.m3u8?fmt=x264_0k_mpegts&sora=1&timecode=0&sk=43523E0773C5FB4FBB6E36FBB7562ED3&UUID=ec4ab636-75ca-45d2-965d-eff40b9e48ef&userCode=default&userName=default&spCode=484581254562&productCode=1&resourceCode=12518&subId=123&resourceName=&authType=2
D/Test    ( 1435): request Url  :http://cibn-ido.longvisionmedia.com:8088/msis/getPlayURL?version=V001&terminalType=2&resolution=1280*720&resourceCode=12518&playType=1&delay=0&shifttime=0&shiftend=0&timecode=0&assetID=&providerID=&urlType=3&authKey=cf4f21dc892d65a0af2e39ee84e6d901
D/dalvikvm( 1505): GC_CONCURRENT freed 446K, 78% free 1334K/6019K, paused 1ms+2ms
D/dalvikvm( 1505): GC_CONCURRENT freed 407K, 77% free 1437K/6019K, paused 1ms+1ms
D/dalvikvm( 1435): GC_CONCURRENT freed 1743K, 33% free 18879K/28163K, paused 1ms+5ms
D/dalvikvm( 1505): GC_CONCURRENT freed 486K, 78% free 1340K/6019K, paused 1ms+1ms
D/dalvikvm( 1505): GC_CONCURRENT freed 414K, 77% free 1431K/6019K, paused 1ms+1ms
D/dalvikvm( 1505): GC_CONCURRENT freed 485K, 78% free 1349K/6019K, paused 1ms+2ms
D/dalvikvm( 1505): GC_CONCURRENT freed 427K, 79% free 1321K/6019K, paused 1ms+1ms
D/dalvikvm( 1505): GC_CONCURRENT freed 383K, 77% free 1417K/6019K, paused 1ms+1ms
D/MediaPlayerService(  744):  Create MstarPlayer
D/MstarPlayer(  744): Create MstarPlayer:0x52cb0,Version:Release Mstar player lib Version:0015,Base CL:690305  Date:2012/11/06
D/MstarPlayer(  744): TV Local Time :  Fri Apr 12 00:52:11 2013
D/MstarPlayer(  744):  
D/MstarPlayer(  744): setInstance: 0x52cb0
D/MstarPlayer(  744): mstar player set listener
D/MstarPlayer(  744): MstarPlayer::initCheck
D/MediaPlayerService(  744): [4] setVideoSurfaceTexture(0x161350)
D/MstarPlayer(  744): MstarPlayer::setVideoSurfaceTexture 
D/MstarPlayer(  744): open mHwcFifoFD = 31
D/MstarPlayer(  744): MstarPlayer::prepareAsync
D/MstarPlayer(  744): 
D/MstarPlayer(  744):  MstarPlayer::doSetDataSource
D/MstarPlayer(  744): MstarPlayer::clearAllSource
D/MstarPlayer(  744): 
D/MstarPlayer(  744):  MstarPlayer::doSetDataSource: url=http://cibn-iss1.longvisionmedia.com:8088/vod/CIBN2013,CIBN2013040100001728.m3u8?fmt=x264_0k_mpegts&sora=1&timecode=0&sk=43523E0773C5FB4FBB6E36FBB7562ED3&UUID=ec4ab636-75ca-45d2-965d-eff40b9e48ef&userCode=default&userName=default&spCode=484581254562&productCode=1&resourceCode=12518&subId=123&resourceName=&authType=2
D/Downloader(  744): Release Mstar Content Source CL:493363  Date:2013/03/20
D/VideoPlayer( 1435): play url:http://cibn-iss1.longvisionmedia.com:8088/vod/CIBN2013,CIBN2013040100001728.m3u8?fmt=x264_0k_mpegts&sora=1&timecode=0&sk=63645C3824BC5ADC017AC84D9D8795D5&UUID=12288c4d-f339-4aa0-8bac-8d7922dfd8cf&userCode=default&userName=default&spCode=484581254562&productCode=1&resourceCode=12518&subId=123&resourceName=&authType=2
D/MstarPlayer(  744): ==========MstarPlayer::reset : 0x52cb0==========
D/Downloader(  744): Curl Version:libcurl/7.21.7 OpenSSL/1.0.0e
D/Downloader(  744): [downloadThread]init a multi curl done.curlm:0x43b80 pRingBuffer:0x442d8
D/DataSource_M3U8(  744): [M3U8]ContentSource_M3U8 contruct done
D/DataSource_M3U8(  744): [M3U8] try parseURLs=http://cibn-iss1.longvisionmedia.com:8088/vod/CIBN2013,CIBN2013040100001728.m3u8?fmt=x264_0k_mpegts&sora=1&timecode=0&sk=43523E0773C5FB4FBB6E36FBB7562ED3&UUID=ec4ab636-75ca-45d2-965d-eff40b9e48ef&userCode=default&userName=default&spCode=484581254562&productCode=1&resourceCode=12518&subId=123&resourceName=&authType=2
D/DataSource_M3U8(  744): bg thread ready to run
D/Downloader(  744): [downloadThread]Downloader::removeTask  
D/DataSource_M3U8(  744): bg thread ready to run
D/DataSource_M3U8(  744): bg thread 302528
D/dalvikvm( 1505): GC_CONCURRENT freed 477K, 77% free 1415K/6019K, paused 1ms+1ms
D/dalvikvm( 1505): GC_CONCURRENT freed 475K, 78% free 1379K/6019K, paused 1ms+1ms
D/dalvikvm( 1505): GC_CONCURRENT freed 446K, 76% free 1472K/6019K, paused 1ms+2ms
D/dalvikvm( 1505): GC_CONCURRENT freed 531K, 77% free 1415K/6019K, paused 1ms+1ms
D/dalvikvm( 1505): GC_CONCURRENT freed 476K, 78% free 1338K/6019K, paused 0ms+1ms
D/Downloader(  744): Content-Type: application/octet-stream
D/Downloader(  744): 
D/Downloader(  744): Content-Length: 1251140
D/Downloader(  744): 
D/dalvikvm( 1505): GC_CONCURRENT freed 423K, 78% free 1329K/6019K, paused 1ms+2ms
D/dalvikvm( 1505): GC_CONCURRENT freed 409K, 79% free 1313K/6019K, paused 1ms+1ms
D/dalvikvm( 1505): GC_CONCURRENT freed 393K, 79% free 1313K/6019K, paused 1ms+1ms
D/dalvikvm( 1505): GC_CONCURRENT freed 393K, 79% free 1313K/6019K, paused 1ms+1ms
D/dalvikvm( 1505): GC_CONCURRENT freed 394K, 79% free 1313K/6019K, paused 1ms+1ms
D/dalvikvm( 1505): GC_CONCURRENT freed 394K, 79% free 1314K/6019K, paused 1ms+1ms
D/dalvikvm( 1505): GC_CONCURRENT freed 392K, 79% free 1314K/6019K, paused 1ms+1ms
D/dalvikvm( 1505): GC_CONCURRENT freed 393K, 79% free 1314K/6019K, paused 1ms+1ms
D/dalvikvm( 1505): GC_CONCURRENT freed 426K, 79% free 1289K/6019K, paused 1ms+1ms
D/HomePlayerLib( 1505): hostaddress count is 1
D/dalvikvm( 1505): GC_CONCURRENT freed 379K, 78% free 1366K/6019K, paused 1ms+1ms
D/dalvikvm( 1505): GC_CONCURRENT freed 456K, 77% free 1422K/6019K, paused 0ms+1ms
D/Downloader(  744): Downloadserver bandWidth:1040557
D/Downloader(  744): Downloadserver bandWidth:1040557
D/Downloader(  744): Downloadserver bandWidth:1040557
D/Downloader(  744): Downloadserver bandWidth:1040557
D/DataSource_M3U8(  744): parseURLs : waiting 9560 ms 
D/DataSource_M3U8(  744):  mDownloadingTask.fileSize:1251140 
D/DataSource_M3U8(  744): Download filesize is too big, can not be M3u8!!!
D/DataSource_M3U8(  744): 
D/DataSource_M3U8(  744):  Error :  parseURLs error  urlNum < 0!!!!
D/DataSource_M3U8(  744): 
D/DataSource_M3U8(  744):  ContentSource_M3U8 construct Error !!
D/Downloader(  744): Enter Downloader::ForceExit ! 
D/DataSource_M3U8(  744): [M3U8]request to exit download thread
D/DataSource_M3U8(  744): [ContentSource_M3U8] DownloadThread Exit Done..
D/DataSource_M3U8(  744): [M3U8]request to exit mPlaylistThread thread
D/dalvikvm( 1505): GC_CONCURRENT freed 510K, 78% free 1342K/6019K, paused 1ms+2ms
D/dalvikvm( 1505): GC_CONCURRENT freed 445K, 78% free 1357K/6019K, paused 1ms+1ms
D/dalvikvm( 1505): GC_CONCURRENT freed 399K, 78% free 1381K/6019K, paused 1ms+1ms
D/Downloader(  744): Enter Downloader::ForceExit ! 
D/Downloader(  744): [downloadThread]Downloader::removeTask  
D/Downloader(  744): ~Downloader
D/DataSource_M3U8(  744): [M3U8]~ContentSource_M3U8 done.
D/StreamDataSource(  744): host cibn-iss1.longvisionmedia.com,path /vod/CIBN2013,CIBN2013040100001728.m3u8?fmt=x264_0k_mpegts&sora=1&timecode=0&sk=43523E0773C5FB4FBB6E36FBB7562ED3&UUID=ec4ab636-75ca-45d2-965d-eff40b9e48ef&userCode=default&userName=default&spCode=484581254562&productCode=1&resourceCode=12518&subId=123&resourceName=&authType=2,port 8088 
D/StreamDataSource(  744): malloc 524288 buffer
D/Downloader(  744): Release Mstar Content Source CL:493363  Date:2013/03/20
D/Downloader(  744): Curl Version:libcurl/7.21.7 OpenSSL/1.0.0e
D/Downloader(  744): [downloadThread]init a multi curl done.curlm:0x367f0 pRingBuffer:0x4a710
D/HTTPStreamCurl(  744): HTTPStreamCurl Connecting to :http://cibn-iss1.longvisionmedia.com:8088/vod/CIBN2013,CIBN2013040100001728.m3u8?fmt=x264_0k_mpegts&sora=1&timecode=0&sk=43523E0773C5FB4FBB6E36FBB7562ED3&UUID=ec4ab636-75ca-45d2-965d-eff40b9e48ef&userCode=default&userName=default&spCode=484581254562&productCode=1&resourceCode=12518&subId=123&resourceName=&authType=2
D/dalvikvm( 1505): GC_CONCURRENT freed 450K, 77% free 1430K/6019K, paused 1ms+1ms
D/Downloader(  744): [downloadThread]Downloader::removeTask  
D/dalvikvm( 1505): GC_CONCURRENT freed 475K, 78% free 1341K/6019K, paused 1ms+1ms
D/dalvikvm( 1505): GC_CONCURRENT freed 396K, 77% free 1420K/6019K, paused 0ms+1ms
D/dalvikvm( 1505): GC_CONCURRENT freed 487K, 77% free 1417K/6019K, paused 1ms+1ms
D/Downloader(  744): Content-Type: application/octet-stream
D/Downloader(  744): 
D/Downloader(  744): Content-Length: 1251140
D/Downloader(  744): 
D/HTTPStreamCurl(  744): <<<<<<<<stream len: 1251140   m_UrlContentType:application/octet-stream
D/HTTPStreamCurl(  744):   retrycount:95 
D/HTTPStreamCurl(  744): HTTPStreamCurl::connectWithRedirectsAndRange, isDlna=0, couldSeek=0
D/StreamDataSource(  744):  StreamContentSource::connect OK !! 
D/dalvikvm( 1505): GC_CONCURRENT freed 488K, 77% free 1436K/6019K, paused 2ms+1ms
D/MstarPlayer(  744): request to exit async thread
D/MstarPlayer(  744): exit async proc thread
D/MstarPlayer(  744): MstarPlayer::clearAllSource
D/MstarPlayer(  744): setInstance: 0x0
D/MstarPlayer(  744): reset done
D/StreamDataSource(  744): ~StreamContentSource 
D/HTTPStreamCurl(  744): 
D/HTTPStreamCurl(  744):  ~HTTPStreamCurl 
D/Downloader(  744): Enter Downloader::ForceExit ! 
D/HTTPStreamCurl(  744): [HTTPStreamCurl]request to exit download thread 
D/HTTPStreamCurl(  744): [HTTPStreamCurl]request to exit download thread  Done !!
D/Downloader(  744): Enter Downloader::ForceExit ! 
D/Downloader(  744): [downloadThread]Downloader::removeTask  
D/Downloader(  744): ~Downloader
D/HTTPStreamCurl(  744): ~HTTPStreamCurl done.
D/dalvikvm( 1505): GC_CONCURRENT freed 489K, 76% free 1457K/6019K, paused 1ms+2ms
D/dalvikvm( 1505): GC_CONCURRENT freed 514K, 78% free 1339K/6019K, paused 1ms+1ms
D/MstarPlayer(  744): ==========MstarPlayer::reset : 0x52cb0==========
D/MstarPlayer(  744): MstarPlayer::clearAllSource
D/MstarPlayer(  744): setInstance: 0x0
D/MstarPlayer(  744): reset done
D/MstarPlayer(  744): 
D/MstarPlayer(  744): =======Destroy mstar player  : 0x52cb0========
D/MediaPlayerService(  744):  Create MstarPlayer
D/MstarPlayer(  744): Create MstarPlayer:0x52cb0,Version:Release Mstar player lib Version:0015,Base CL:690305  Date:2012/11/06
D/MstarPlayer(  744): TV Local Time :  Fri Apr 12 00:52:22 2013
D/MstarPlayer(  744):  
D/MstarPlayer(  744): setInstance: 0x52cb0
D/MstarPlayer(  744): mstar player set listener
D/MstarPlayer(  744): MstarPlayer::initCheck
D/MediaPlayerService(  744): [5] setVideoSurfaceTexture(0x161350)
D/MstarPlayer(  744): MstarPlayer::setVideoSurfaceTexture 
D/MstarPlayer(  744): open mHwcFifoFD = 31
D/MstarPlayer(  744): MstarPlayer::prepareAsync
D/MstarPlayer(  744): 
D/MstarPlayer(  744):  MstarPlayer::doSetDataSource
D/MstarPlayer(  744): MstarPlayer::clearAllSource
D/MstarPlayer(  744): 
D/MstarPlayer(  744):  MstarPlayer::doSetDataSource: url=http://cibn-iss1.longvisionmedia.com:8088/vod/CIBN2013,CIBN2013040100001728.m3u8?fmt=x264_0k_mpegts&sora=1&timecode=0&sk=63645C3824BC5ADC017AC84D9D8795D5&UUID=12288c4d-f339-4aa0-8bac-8d7922dfd8cf&userCode=default&userName=default&spCode=484581254562&productCode=1&resourceCode=12518&subId=123&resourceName=&authType=2
D/Downloader(  744): Release Mstar Content Source CL:493363  Date:2013/03/20
D/Downloader(  744): Curl Version:libcurl/7.21.7 OpenSSL/1.0.0e
D/Downloader(  744): [downloadThread]init a multi curl done.curlm:0x43710 pRingBuffer:0x442d8
D/DataSource_M3U8(  744): bg thread ready to run
D/DataSource_M3U8(  744): [M3U8]ContentSource_M3U8 contruct done
D/DataSource_M3U8(  744): bg thread ready to run
D/DataSource_M3U8(  744): bg thread 297832
D/DataSource_M3U8(  744): [M3U8] try parseURLs=http://cibn-iss1.longvisionmedia.com:8088/vod/CIBN2013,CIBN2013040100001728.m3u8?fmt=x264_0k_mpegts&sora=1&timecode=0&sk=63645C3824BC5ADC017AC84D9D8795D5&UUID=12288c4d-f339-4aa0-8bac-8d7922dfd8cf&userCode=default&userName=default&spCode=484581254562&productCode=1&resourceCode=12518&subId=123&resourceName=&authType=2
D/Downloader(  744): [downloadThread]Downloader::removeTask  
D/dalvikvm( 1505): GC_CONCURRENT freed 403K, 77% free 1430K/6019K, paused 1ms+1ms
D/Downloader(  744): Content-Type: application/octet-stream
D/Downloader(  744): 
D/Downloader(  744): Content-Length: 1888648
D/Downloader(  744): 
D/dalvikvm( 1505): GC_CONCURRENT freed 500K, 78% free 1327K/6019K, paused 1ms+1ms
D/dalvikvm( 1505): GC_CONCURRENT freed 410K, 77% free 1410K/6019K, paused 1ms+1ms
D/dalvikvm( 1505): GC_CONCURRENT freed 498K, 77% free 1386K/6019K, paused 1ms+1ms
D/dalvikvm( 1505): GC_CONCURRENT freed 478K, 78% free 1327K/6019K, paused 1ms+1ms
D/dalvikvm( 1505): GC_CONCURRENT freed 407K, 79% free 1313K/6019K, paused 1ms+1ms
D/dalvikvm( 1505): GC_CONCURRENT freed 394K, 77% free 1396K/6019K, paused 1ms+1ms
D/dalvikvm( 1505): GC_CONCURRENT freed 485K, 77% free 1412K/6019K, paused 1ms+1ms
D/dalvikvm( 1505): GC_CONCURRENT freed 491K, 77% free 1421K/6019K, paused 1ms+1ms
D/dalvikvm( 1505): GC_CONCURRENT freed 503K, 78% free 1333K/6019K, paused 1ms+1ms
D/dalvikvm( 1505): GC_CONCURRENT freed 419K, 79% free 1302K/6019K, paused 1ms+1ms
D/dalvikvm( 1505): GC_CONCURRENT freed 397K, 77% free 1408K/6019K, paused 1ms+1ms
D/dalvikvm( 1505): GC_CONCURRENT freed 486K, 79% free 1314K/6019K, paused 1ms+1ms
D/dalvikvm( 1505): GC_CONCURRENT freed 393K, 79% free 1314K/6019K, paused 1ms+1ms
D/dalvikvm( 1505): GC_CONCURRENT freed 394K, 79% free 1314K/6019K, paused 1ms+1ms
D/dalvikvm( 1505): GC_CONCURRENT freed 393K, 79% free 1315K/6019K, paused 1ms+1ms
D/HomePlayerLib( 1505): hostaddress count is 1
D/dalvikvm( 1505): GC_CONCURRENT freed 411K, 79% free 1298K/6019K, paused 1ms+1ms
D/dalvikvm( 1505): GC_CONCURRENT freed 388K, 77% free 1395K/6019K, paused 1ms+1ms
D/CheckNetWork( 1752): isOk true
D/CheckNetWork( 1752): ActInfoNetworkInfo: type: WIFI[], state: CONNECTED/CONNECTED, reason: (unspecified), extra: (none), roaming: false, failover: false, isAvailable: true
D/dalvikvm( 1505): GC_CONCURRENT freed 482K, 79% free 1305K/6019K, paused 1ms+1ms
D/dalvikvm( 1752): GC_CONCURRENT freed 416K, 70% free 1789K/5955K, paused 6ms+2ms
D/CheckNetWork( 1752): infoNetworkInfo: type: WIFI[], state: CONNECTED/CONNECTED, reason: (unspecified), extra: (none), roaming: false, failover: false, isAvailable: true
D/dalvikvm( 1505): GC_CONCURRENT freed 398K, 78% free 1362K/6019K, paused 0ms+1ms
D/dalvikvm( 1505): GC_CONCURRENT freed 452K, 77% free 1417K/6019K, paused 1ms+1ms
D/dalvikvm( 1505): GC_CONCURRENT freed 503K, 79% free 1305K/6019K, paused 1ms+2ms
D/dalvikvm( 1505): GC_CONCURRENT freed 392K, 79% free 1306K/6019K, paused 1ms+1ms
D/dalvikvm( 1505): GC_CONCURRENT freed 378K, 79% free 1315K/6019K, paused 1ms+1ms
D/dalvikvm( 1505): GC_CONCURRENT freed 395K, 79% free 1314K/6019K, paused 1ms+1ms
D/dalvikvm( 1505): GC_CONCURRENT freed 393K, 79% free 1314K/6019K, paused 1ms+1ms
D/dalvikvm( 1505): GC_CONCURRENT freed 402K, 79% free 1299K/6019K, paused 1ms+2ms
D/DataSource_M3U8(  744): parseURLs : waiting 10010 ms 
D/DataSource_M3U8(  744):  mDownloadingTask.fileSize:1888648 
D/DataSource_M3U8(  744): Download filesize is too big, can not be M3u8!!!
D/DataSource_M3U8(  744): 
D/DataSource_M3U8(  744):  Error :  parseURLs error  urlNum < 0!!!!
D/DataSource_M3U8(  744): 
D/DataSource_M3U8(  744):  ContentSource_M3U8 construct Error !!
D/Downloader(  744): Enter Downloader::ForceExit ! 
D/DataSource_M3U8(  744): [M3U8]request to exit download thread
D/DataSource_M3U8(  744): [ContentSource_M3U8] DownloadThread Exit Done..
D/DataSource_M3U8(  744): [M3U8]request to exit mPlaylistThread thread
D/Downloader(  744): Enter Downloader::ForceExit ! 
D/Downloader(  744): [downloadThread]Downloader::removeTask  
D/Downloader(  744): ~Downloader
D/DataSource_M3U8(  744): [M3U8]~ContentSource_M3U8 done.
D/StreamDataSource(  744): host cibn-iss1.longvisionmedia.com,path /vod/CIBN2013,CIBN2013040100001728.m3u8?fmt=x264_0k_mpegts&sora=1&timecode=0&sk=63645C3824BC5ADC017AC84D9D8795D5&UUID=12288c4d-f339-4aa0-8bac-8d7922dfd8cf&userCode=default&userName=default&spCode=484581254562&productCode=1&resourceCode=12518&subId=123&resourceName=&authType=2,port 8088 
D/StreamDataSource(  744): malloc 524288 buffer
D/Downloader(  744): Release Mstar Content Source CL:493363  Date:2013/03/20
D/Downloader(  744): Curl Version:libcurl/7.21.7 OpenSSL/1.0.0e
D/Downloader(  744): [downloadThread]init a multi curl done.curlm:0x33648 pRingBuffer:0x49c38
D/HTTPStreamCurl(  744): HTTPStreamCurl Connecting to :http://cibn-iss1.longvisionmedia.com:8088/vod/CIBN2013,CIBN2013040100001728.m3u8?fmt=x264_0k_mpegts&sora=1&timecode=0&sk=63645C3824BC5ADC017AC84D9D8795D5&UUID=12288c4d-f339-4aa0-8bac-8d7922dfd8cf&userCode=default&userName=default&spCode=484581254562&productCode=1&resourceCode=12518&subId=123&resourceName=&authType=2
D/Downloader(  744): [downloadThread]Downloader::removeTask  
D/Downloader(  744): Content-Type: application/octet-stream
D/Downloader(  744): 
D/Downloader(  744): Content-Length: 1888648
D/Downloader(  744): 
D/HTTPStreamCurl(  744): <<<<<<<<stream len: 1888648   m_UrlContentType:application/octet-stream
D/HTTPStreamCurl(  744):   retrycount:98 
D/HTTPStreamCurl(  744): HTTPStreamCurl::connectWithRedirectsAndRange, isDlna=0, couldSeek=0
D/StreamDataSource(  744):  StreamContentSource::connect OK !! 
D/MstarPlayer(  744): MstarPlayer::doPrepare
D/ContentSource(  744): sniffMP3
D/StreamDataSource(  744): getPath, mediaType = 0
D/StreamDataSource(  744): the path is /vod/CIBN2013,CIBN2013040100001728.m3u8?fmt=x264_0k_mpegts&sora=1&timecode=0&sk=63645C3824BC5ADC017AC84D9D8795D5&UUID=12288c4d-f339-4aa0-8bac-8d7922dfd8cf&userCode=default&userName=default&spCode=484581254562&productCode=1&resourceCode=12518&subId=123&resourceName=&authType=2
D/ContentSource(  744): sniffAAC
D/StreamDataSource(  744): getPath, mediaType = 0
D/StreamDataSource(  744): the path is /vod/CIBN2013,CIBN2013040100001728.m3u8?fmt=x264_0k_mpegts&sora=1&timecode=0&sk=63645C3824BC5ADC017AC84D9D8795D5&UUID=12288c4d-f339-4aa0-8bac-8d7922dfd8cf&userCode=default&userName=default&spCode=484581254562&productCode=1&resourceCode=12518&subId=123&resourceName=&authType=2
D/ContentSource(  744): sniffWMA
D/StreamDataSource(  744): getPath, mediaType = 0
D/StreamDataSource(  744): the path is /vod/CIBN2013,CIBN2013040100001728.m3u8?fmt=x264_0k_mpegts&sora=1&timecode=0&sk=63645C3824BC5ADC017AC84D9D8795D5&UUID=12288c4d-f339-4aa0-8bac-8d7922dfd8cf&userCode=default&userName=default&spCode=484581254562&productCode=1&resourceCode=12518&subId=123&resourceName=&authType=2
D/ContentSource(  744): sniffOGG
D/StreamDataSource(  744): getPath, mediaType = 0
D/StreamDataSource(  744): the path is /vod/CIBN2013,CIBN2013040100001728.m3u8?fmt=x264_0k_mpegts&sora=1&timecode=0&sk=63645C3824BC5ADC017AC84D9D8795D5&UUID=12288c4d-f339-4aa0-8bac-8d7922dfd8cf&userCode=default&userName=default&spCode=484581254562&productCode=1&resourceCode=12518&subId=123&resourceName=&authType=2
D/ContentSource(  744): sniffWAV
D/StreamDataSource(  744): getPath, mediaType = 0
D/StreamDataSource(  744): the path is /vod/CIBN2013,CIBN2013040100001728.m3u8?fmt=x264_0k_mpegts&sora=1&timecode=0&sk=63645C3824BC5ADC017AC84D9D8795D5&UUID=12288c4d-f339-4aa0-8bac-8d7922dfd8cf&userCode=default&userName=default&spCode=484581254562&productCode=1&resourceCode=12518&subId=123&resourceName=&authType=2
D/ContentSource(  744): sniffPCM
D/StreamDataSource(  744): getPath, mediaType = 0
D/StreamDataSource(  744): the path is /vod/CIBN2013,CIBN2013040100001728.m3u8?fmt=x264_0k_mpegts&sora=1&timecode=0&sk=63645C3824BC5ADC017AC84D9D8795D5&UUID=12288c4d-f339-4aa0-8bac-8d7922dfd8cf&userCode=default&userName=default&spCode=484581254562&productCode=1&resourceCode=12518&subId=123&resourceName=&authType=2
D/ContentSource(  744): sniffMP4
D/StreamDataSource(  744): getPath, mediaType = 0
D/StreamDataSource(  744): the path is /vod/CIBN2013,CIBN2013040100001728.m3u8?fmt=x264_0k_mpegts&sora=1&timecode=0&sk=63645C3824BC5ADC017AC84D9D8795D5&UUID=12288c4d-f339-4aa0-8bac-8d7922dfd8cf&userCode=default&userName=default&spCode=484581254562&productCode=1&resourceCode=12518&subId=123&resourceName=&authType=2
D/ContentSource(  744): sniffASF
D/StreamDataSource(  744): getPath, mediaType = 0
D/StreamDataSource(  744): the path is /vod/CIBN2013,CIBN2013040100001728.m3u8?fmt=x264_0k_mpegts&sora=1&timecode=0&sk=63645C3824BC5ADC017AC84D9D8795D5&UUID=12288c4d-f339-4aa0-8bac-8d7922dfd8cf&userCode=default&userName=default&spCode=484581254562&productCode=1&resourceCode=12518&subId=123&resourceName=&authType=2
D/ContentSource(  744): sniffFLV
D/StreamDataSource(  744): getPath, mediaType = 0
D/StreamDataSource(  744): the path is /vod/CIBN2013,CIBN2013040100001728.m3u8?fmt=x264_0k_mpegts&sora=1&timecode=0&sk=63645C3824BC5ADC017AC84D9D8795D5&UUID=12288c4d-f339-4aa0-8bac-8d7922dfd8cf&userCode=default&userName=default&spCode=484581254562&productCode=1&resourceCode=12518&subId=123&resourceName=&authType=2
D/ContentSource(  744): sniffMKV
D/StreamDataSource(  744): getPath, mediaType = 0
D/StreamDataSource(  744): the path is /vod/CIBN2013,CIBN2013040100001728.m3u8?fmt=x264_0k_mpegts&sora=1&timecode=0&sk=63645C3824BC5ADC017AC84D9D8795D5&UUID=12288c4d-f339-4aa0-8bac-8d7922dfd8cf&userCode=default&userName=default&spCode=484581254562&productCode=1&resourceCode=12518&subId=123&resourceName=&authType=2
D/ContentSource(  744): sniffAVI
D/StreamDataSource(  744): getPath, mediaType = 0
D/StreamDataSource(  744): the path is /vod/CIBN2013,CIBN2013040100001728.m3u8?fmt=x264_0k_mpegts&sora=1&timecode=0&sk=63645C3824BC5ADC017AC84D9D8795D5&UUID=12288c4d-f339-4aa0-8bac-8d7922dfd8cf&userCode=default&userName=default&spCode=484581254562&productCode=1&resourceCode=12518&subId=123&resourceName=&authType=2
D/ContentSource(  744): sniffMOV
D/StreamDataSource(  744): getPath, mediaType = 0
D/StreamDataSource(  744): the path is /vod/CIBN2013,CIBN2013040100001728.m3u8?fmt=x264_0k_mpegts&sora=1&timecode=0&sk=63645C3824BC5ADC017AC84D9D8795D5&UUID=12288c4d-f339-4aa0-8bac-8d7922dfd8cf&userCode=default&userName=default&spCode=484581254562&productCode=1&resourceCode=12518&subId=123&resourceName=&authType=2
D/ContentSource(  744): sniffTS
D/StreamDataSource(  744): getPath, mediaType = 0
D/StreamDataSource(  744): the path is /vod/CIBN2013,CIBN2013040100001728.m3u8?fmt=x264_0k_mpegts&sora=1&timecode=0&sk=63645C3824BC5ADC017AC84D9D8795D5&UUID=12288c4d-f339-4aa0-8bac-8d7922dfd8cf&userCode=default&userName=default&spCode=484581254562&productCode=1&resourceCode=12518&subId=123&resourceName=&authType=2
D/ContentSource(  744): sniffMPEG
D/StreamDataSource(  744): getPath, mediaType = 0
D/StreamDataSource(  744): the path is /vod/CIBN2013,CIBN2013040100001728.m3u8?fmt=x264_0k_mpegts&sora=1&timecode=0&sk=63645C3824BC5ADC017AC84D9D8795D5&UUID=12288c4d-f339-4aa0-8bac-8d7922dfd8cf&userCode=default&userName=default&spCode=484581254562&productCode=1&resourceCode=12518&subId=123&resourceName=&authType=2
D/ContentSource(  744): sniffRM
D/StreamDataSource(  744): getPath, mediaType = 0
D/StreamDataSource(  744): the path is /vod/CIBN2013,CIBN2013040100001728.m3u8?fmt=x264_0k_mpegts&sora=1&timecode=0&sk=63645C3824BC5ADC017AC84D9D8795D5&UUID=12288c4d-f339-4aa0-8bac-8d7922dfd8cf&userCode=default&userName=default&spCode=484581254562&productCode=1&resourceCode=12518&subId=123&resourceName=&authType=2
D/ContentSource(  744): sniffWMV
D/StreamDataSource(  744): getPath, mediaType = 0
D/StreamDataSource(  744): the path is /vod/CIBN2013,CIBN2013040100001728.m3u8?fmt=x264_0k_mpegts&sora=1&timecode=0&sk=63645C3824BC5ADC017AC84D9D8795D5&UUID=12288c4d-f339-4aa0-8bac-8d7922dfd8cf&userCode=default&userName=default&spCode=484581254562&productCode=1&resourceCode=12518&subId=123&resourceName=&authType=2
D/ContentSource(  744): sniffJpegAndMPO
D/StreamDataSource(  744): getPath, mediaType = 0
D/StreamDataSource(  744): the path is /vod/CIBN2013,CIBN2013040100001728.m3u8?fmt=x264_0k_mpegts&sora=1&timecode=0&sk=63645C3824BC5ADC017AC84D9D8795D5&UUID=12288c4d-f339-4aa0-8bac-8d7922dfd8cf&userCode=default&userName=default&spCode=484581254562&productCode=1&resourceCode=12518&subId=123&resourceName=&authType=2
D/ContentSource(  744): fast_avformat = 0
D/StreamDataSource(  744): 
D/StreamDataSource(  744):  seekAt : 0   
D/StreamDataSource(  744): StreamContentSource::sendRangeRequest, offset=0
D/Downloader(  744): [downloadThread]Downloader::removeTask  
D/Downloader(  744): Content-Type: application/octet-stream
D/Downloader(  744): 
D/Downloader(  744): Content-Length: 1888648
D/Downloader(  744): 
D/HTTPStreamCurl(  744): <<<<<<<<stream len: 1888648   m_UrlContentType:application/octet-stream
D/HTTPStreamCurl(  744):   retrycount:90 
D/StreamDataSource(  744): 
D/StreamDataSource(  744):  seekAt : 0   
D/StreamDataSource(  744): StreamContentSource::sendRangeRequest, offset=0
D/Downloader(  744): [downloadThread]Downloader::removeTask  
D/dalvikvm( 1505): GC_CONCURRENT freed 373K, 79% free 1311K/6019K, paused 1ms+1ms
D/dalvikvm( 1505): GC_CONCURRENT freed 393K, 79% free 1310K/6019K, paused 1ms+1ms
D/dalvikvm( 1505): GC_CONCURRENT freed 393K, 78% free 1342K/6019K, paused 1ms+1ms
D/dalvikvm( 1505): GC_CONCURRENT freed 417K, 77% free 1420K/6019K, paused 1ms+1ms
D/dalvikvm( 1505): GC_CONCURRENT freed 490K, 78% free 1338K/6019K, paused 0ms+1ms
D/Downloader(  744): Content-Type: application/octet-stream
D/Downloader(  744): 
D/Downloader(  744): Content-Length: 1888648
D/Downloader(  744): 
D/HTTPStreamCurl(  744): <<<<<<<<stream len: 1888648   m_UrlContentType:application/octet-stream
D/HTTPStreamCurl(  744):   retrycount:91 
D/MstarPlayer(  744): create MSrv_MM_PlayerInterface
D/MstarPlayer(  744): ===> GET source FILE Size 1888648 
D/MstarPlayer(  744): doPrepare: FileLength=1888648
D/MstarPlayer(  744): play content is video
D/MMPlayer(  744): constructor: 0x4cfa0
D/MMPlayer(  744): 
D/MMPlayer(  744): connect
D/MMPlayer(  744): 
D/MMPlayer(  744): getMMPlayerService
D/IMMPlayerService(  744): Send CONNECT
D/IMMPlayer(  744): Send INITIALIZE
I//lib/ld-linux.so.3(  748): V/MMPlayerService( 755 1066): MMPlayerService::connect(callingPid 744, client 0x2a0dc830)
I//lib/ld-linux.so.3(  748): V/MMPlayerService( 755 1066): MMPlayerService::Client constructor(callingPid 744)
I//lib/ld-linux.so.3(  748): MMPlayerService::Client::MM_Initialize()
I//lib/ld-linux.so.3(  748): MSrv_MM_PhotoPlayer::Initialize().
I//lib/ld-linux.so.3(  748): mapi_cpcodec::Initialize(). eDecoderPath:2
I//lib/ld-linux.so.3(  748): Thread name: mapi_cpcodec.
I//lib/ld-linux.so.3(  748): MIU interval 0x60000000.
I//lib/ld-linux.so.3(  748): E_MMAP_ID_XC_MAIN_FB PA: 0x17bc1000, VA: 0x457c2000, size: 0x1800000, IsMIU0: 1.
I//lib/ld-linux.so.3(  748): E_MMAP_ID_PHOTO_SHAREMEM PA: 0x167bc000, VA: 0x443bd000, size: 0x400, IsMIU0: 1.
I//lib/ld-linux.so.3(  748): E_MMAP_ID_JPD_READ PA: 0x167bc400, VA: 0x443bd400, size: 0x50080, IsMIU0: 1.
I//lib/ld-linux.so.3(  748): E_MMAP_ID_JPD_WRITE PA: 0x1680c480, VA: 0x4440d480, size: 0x3fc000, IsMIU0: 1.
I//lib/ld-linux.so.3(  748): E_MMAP_ID_PHOTO_DISPLAY PA: 0x163c0000, VA: 0x43fc1000, size: 0x3fc000, IsMIU0: 1.
I//lib/ld-linux.so.3(  748): E_MMAP_ID_PHOTO_INTER PA: 0x16c08480, VA: 0x44809480, size: 0x630000, IsMIU0: 1.
I//lib/ld-linux.so.3(  748): E_MMAP_ID_PHOTO_MPO_INTER PA: 0x17238480, VA: 0x44e39480, size: 0x3fc000, IsMIU0: 1.
I//lib/ld-linux.so.3(  748): E_MMAP_ID_VDPLAYER_DATA PA: 0x163c0000, VA: 0x43fc1000, size: 0x1000, IsMIU0: 1.
I//lib/ld-linux.so.3(  748): E_MMAP_ID_VDPLAYER_BITSTREAM PA: 0x16d40000, VA: 0x44941000, size: 0x400000, IsMIU0: 1.
I//lib/ld-linux.so.3(  748): E_MMAP_ID_VDPLAYER_BITSTREAM_EXT PA: 0x16940000, VA: 0x44541000, size: 0x400000, IsMIU0: 1.
I//lib/ld-linux.so.3(  748): E_MMAP_ID_SUBTITLE PA: 0x16740000, VA: 0x44341000, size: 0x1e0000, IsMIU0: 1.
I//lib/ld-linux.so.3(  748): E_MMAP_ID_MAD_DEC PA: 0x15c40000, VA: 0x43841000, size: 0x280000, IsMIU0: 1.
I//lib/ld-linux.so.3(  748): E_MMAP_ID_VDEC_CPU PA: 0x1b800000, VA: 0x49401000, size: 0x200000, IsMIU0: 1.
I//lib/ld-linux.so.3(  748): E_MMAP_ID_VDEC_FRAMEBUFFER PA: 0x1ba00000, VA: 0x49601000, size: 0x1b00000, IsMIU0: 1.
I//lib/ld-linux.so.3(  748): E_MMAP_ID_VDEC_FRAMEBUFFERSD PA: 0x1ba00000, VA: 0x49601000, size: 0x1b00000, IsMIU0: 1.
I//lib/ld-linux.so.3(  748): E_MMAP_ID_VDEC_BITSTREAM PA: 0x1d500000, VA: 0x4b101000, size: 0x800000, IsMIU0: 1.
I//lib/ld-linux.so.3(  748): E_MMAP_ID_VDEC_MVC_FRAMEBUFFER PA: 0x1ba00000, VA: 0x49601000, size: 0x2b00000, IsMIU0: 1.
I//lib/ld-linux.so.3(  748): E_MMAP_ID_VDEC_MVC_BITSTREAM PA: 0x1e500000, VA: 0x4c101000, size: 0x1600000, IsMIU0: 1.
I//lib/ld-linux.so.3(  748): E_MMAP_ID_DMX_SECBUF PA: 0xd0000, VA: 0x411d1000, size: 0x70000, IsMIU0: 1.
I//lib/ld-linux.so.3(  748): ???????? Important,The MMAP ID(110) does not existed!, please check it...
[ 1184.301863] [irq_proc_open][373] -16

I//lib/ld-linux.so.3(  748): ???????? Please update the right system configure...
I//lib/ld-linux.so.3(  748): ???????? Important,The MMAP ID(111) does not existed!, please check it...
I//lib/ld-linux.so.3(  748): ???????? Please update the right system configure...
I//lib/ld-linux.so.3(  748): Panel width: 1280, heigt: 720.
I//lib/ld-linux.so.3(  748): MPO SBS width: 1792, heigt: 504.
I//lib/ld-linux.so.3(  748): Output Buffer start: 0x4440d480, BUS address start: 0x5680c480, size: 0x3fc000.
I//lib/ld-linux.so.3(  748): Display Buffer start: 0x43fc1000, BUS address start: 0x563c0000, size: 0x3fc000.
I//lib/ld-linux.so.3(  748): Internal Buffer start: 0x44809480, BUS address start: 0x56c08480, size: 0x630000.
I//lib/ld-linux.so.3(  748): MPO Internal Buffer start: 0x44e39480, BUS address start: 0x57238480, size: 0x3fc000.
I//lib/ld-linux.so.3(  748): MSrv_MM_PhotoPlayer::Initialize() Done.
I//lib/ld-linux.so.3(  748): >>> MSrv_MM_VideoPlayer  Initialize 
I//lib/ld-linux.so.3(  748): mapi_cpcodec::Initialize(). eDecoderPath:2
I//lib/ld-linux.so.3(  748): ******Amplifier_TI5707_SWMute(0)
I//lib/ld-linux.so.3(  748): 5707write fail = 7
I//lib/ld-linux.so.3(  748): 5707write fail = 7
I//lib/ld-linux.so.3(  748): 5707write fail = 7
I//lib/ld-linux.so.3(  748): 5707write fail = 7
I//lib/ld-linux.so.3(  748): 5707write fail = 6
I//lib/ld-linux.so.3(  748): Panel width: 01280, heigt: 720.
D/IMMPlayer(  744): Get ret:0
D/IMMPlayer(  744): Send PLAYER_COMMAND_ADD_EVENT_RECIPIENT_FPTR
D/IMMPlayer(  744): Get ret:1
D/IMMPlayer(  744): Send MM_SetPlayerTimeOutValue
D/IMMPlayer(  744): pTimeOutInfo->u32FileIOTimeOut:4294967295
D/IMMPlayer(  744): pTimeOutInfo->u32FileReadTimeOut:4294967295
D/IMMPlayer(  744): pTimeOutInfo->u32FileSeekTimeOut:4294967295
D/IMMPlayer(  744): pTimeOutInfo->u32DecodeCtrlTimeOut:4294967295
D/IMMPlayer(  744): pTimeOutInfo->u32ESBuffCtrlTimeOut:-1
D/IMMPlayer(  744): Get ret:0
D/IMMPlayer(  744): Send MM_CreateMediaItem
D/IMMPlayer(  744): stMedia.u32FileID:4294967295
D/IMMPlayer(  744): stMedia.u32FileSecondID:0
D/IMMPlayer(  744): stMedia.u32FileThirdID:0
D/IMMPlayer(  744): stMedia.u32FileFourthID:0
D/IMMPlayer(  744): stMedia.u64FileLength:1888648
D/IMMPlayer(  744): stMedia.eMediaType:2
D/IMMPlayer(  744): stMedia.eMediaFileType:1
D/IMMPlayer(  744): stMedia.eMediaCreateMode:0
D/IMMPlayer(  744): stMedia.u32CtlFlag:66
I//lib/ld-linux.so.3(  748): Thread name: MM_Audio.
I//lib/ld-linux.so.3(  748): Thread name: MM_Audio.
I//lib/ld-linux.so.3(  748): Video Item Info, file ID: 0xffffffff, file length: 0x0 0x1cd188.
I//lib/ld-linux.so.3(  748): Output Resolution: DISPLAY_DACOUT_576P or DISPLAY_DACOUT_720P_50 or DISPLAY_DACOUT_1080P_50.
I//lib/ld-linux.so.3(  748): >>>GetDRMSetting From EEPROM
I//lib/ld-linux.so.3(  748): mapi_cpcodec::CreateMedia(): 1184263.
I//lib/ld-linux.so.3(  748): 1 File ID: 0xffffffff, 2 File ID: 0x0, 3 File ID: 0x0, 4 File ID: 0x0.
I//lib/ld-linux.so.3(  748): File size: 0x0 1cd188.
I//lib/ld-linux.so.3(  748): Media Type: 0, File Type: 1, Create Mode: 0.
I//lib/ld-linux.so.3(  748): mapi_cpcodec::videoCreateMedia().
I//lib/ld-linux.so.3(  748): Reconfigure Buffer.
I//lib/ld-linux.so.3(  748): E_MMAP_ID_VDEC_FRAMEBUFFER PA: 0x1ba00000, VA: 0x49601000, size: 0x1b00000, IsMIU0: 1.
I//lib/ld-linux.so.3(  748): E_MMAP_ID_VDEC_FRAMEBUFFERSD PA: 0x1ba00000, VA: 0x49601000, size: 0x1b00000, IsMIU0: 1.
I//lib/ld-linux.so.3(  748): E_MMAP_ID_VDEC_BITSTREAM PA: 0x1d500000, VA: 0x4b101000, size: 0x800000, IsMIU0: 1.
I//lib/ld-linux.so.3(  748): E_MMAP_ID_VDEC_MVC_FRAMEBUFFER PA: 0x1ba00000, VA: 0x49601000, size: 0x2b00000, IsMIU0: 1.
I//lib/ld-linux.so.3(  748): E_MMAP_ID_VDEC_MVC_BITSTREAM PA: 0x1e500000, VA: 0x4c101000, size: 0x1600000, IsMIU0: 1.
D/IMMPlayer(  744): Get ret:0
D/MstarPlayer(  744): media item 0x1
D/MstarPlayer(  744): MstarPlayer::doPrepare done
I//lib/ld-linux.so.3(  748): Copy TSP FW bin 2a0b9008 -> 411d1000; 4400
I//lib/ld-linux.so.3(  748): drop error frame.
I//lib/ld-linux.so.3(  748): pCodecMedia eFileType:1,eAppType:0 
I//lib/ld-linux.so.3(  748): default seekable Stream mode config: Set preload size 0x4000
I//lib/ld-linux.so.3(  748): Stream mode. Set read header require size: MIN_REQUIRE_SIZE
I//lib/ld-linux.so.3(  748): >>>>  DRM start  DRM MODEL ID  0x3031
I//lib/ld-linux.so.3(  748): LoadDRMMemory();
I//lib/ld-linux.so.3(  748): Display Msg: 29.
I//lib/ld-linux.so.3(  748):  set Frame buffer info  MAX_FRAMENUM 4   MAX_FIELDNUM  16
I//lib/ld-linux.so.3(  748): Enable TS Subtitle codec state  1
I//lib/ld-linux.so.3(  748): [CI][HbbTV-VOD]<INFO>:[1365699159.308500] MM init start
I//lib/ld-linux.so.3(  748): videoCreateMedia Done.
I//lib/ld-linux.so.3(  748): Create CP Ccodec Video Media Done.
I//lib/ld-linux.so.3(  748): Device or resource busy
I//lib/ld-linux.so.3(  748): Cannot open interrupt descriptor for irq=147 Auth OK
I//lib/ld-linux.so.3(  748): Check S/W IP Statue
I//lib/ld-linux.so.3(  748): [0]:OFF; [1]:OFF; [2]:OFF; [3]:ON
I//lib/ld-linux.so.3(  748): [4]:OFF; [5]:OFF; [6]:OFF; [7]:OFF
I//lib/ld-linux.so.3(  748): [8]:OFF; [9]:OFF; [10]:OFF; [11]:ON
I//lib/ld-linux.so.3(  748): [12]:ON; [13]:OFF; [14]:OFF; [15]:OFF
I//lib/ld-linux.so.3(  748): [16]:OFF; [17]:OFF; [18]:OFF; [19]:ON
I//lib/ld-linux.so.3(  748): [20]:ON; [21]:ON; [22]:ON; [23]:ON
I//lib/ld-linux.so.3(  748): [24]:OFF; [25]:OFF; [26]:OFF; [27]:ON
I//lib/ld-linux.so.3(  748): [28]:ON; [29]:ON; [30]:ON; [31]:OFF
I//lib/ld-linux.so.3(  748): [32]:OFF; [33]:ON; [34]:ON; [35]:OFF
I//lib/ld-linux.so.3(  748): [36]:OFF; [37]:OFF; [38]:OFF; [39]:ON
I//lib/ld-linux.so.3(  748): [40]:ON; [41]:OFF; [42]:OFF; [43]:OFF
I//lib/ld-linux.so.3(  748): [44]:OFF; [45]:OFF; [46]:OFF; [47]:OFF
I//lib/ld-linux.so.3(  748): [48]:OFF; [49]:OFF; [50]:OFF; [51]:OFF
I//lib/ld-linux.so.3(  748): [52]:OFF; [53]:OFF; [54]:OFF; [55]:OFF
I//lib/ld-linux.so.3(  748): [56]:OFF; [57]:OFF; [58]:OFF; [59]:OFF
I//lib/ld-linux.so.3(  748): [60]:OFF; [61]:OFF; [62]:OFF; [63]:OFF
I//lib/ld-linux.so.3(  748): Subtitle File Open Fail !!
I//lib/ld-linux.so.3(  748): Attached File Open Fail !!
I//lib/ld-linux.so.3(  748): Audio File Fail!!
D/MediaPlayerService(  744): [5] notify (0x40360, 3, 1, 0)
I//lib/ld-linux.so.3(  748): Blocking Read: 500, size: 0x1000.
I//lib/ld-linux.so.3(  748): Blocking Read: 0, size: 0x8000.
I//lib/ld-linux.so.3(  748): File format : TS
I//lib/ld-linux.so.3(  748): Blocking Read: 1, size: 0x20000.
D/MediaPlayerService(  744): [5] notify (0x40360, 3, 10, 0)
D/MstarPlayer(  744): 00File size: 1888648, pos : 167936  Seek position: 1757184.
D/StreamDataSource(  744): 
D/StreamDataSource(  744):  seekAt : 1757184   
D/MediaPlayerService(  744): [5] notify (0x40360, 3, 24, 0)
D/MediaPlayerService(  744): [5] notify (0x40360, 3, 36, 0)
D/dalvikvm( 1505): GC_CONCURRENT freed 430K, 78% free 1327K/6019K, paused 1ms+2ms
D/dalvikvm( 1505): GC_CONCURRENT freed 406K, 79% free 1315K/6019K, paused 1ms+1ms
D/dalvikvm( 1505): GC_CONCURRENT freed 389K, 79% free 1317K/6019K, paused 1ms+1ms
D/HomePlayerLib( 1505): hostaddress count is 1
D/dalvikvm( 1505): GC_CONCURRENT freed 382K, 77% free 1434K/6019K, paused 1ms+1ms
D/dalvikvm( 1505): GC_CONCURRENT freed 529K, 77% free 1393K/6019K, paused 1ms+1ms
D/dalvikvm( 1505): GC_CONCURRENT freed 460K, 79% free 1322K/6019K, paused 0ms+1ms
D/dalvikvm( 1505): GC_CONCURRENT freed 403K, 78% free 1373K/6019K, paused 1ms+1ms
D/dalvikvm( 1505): GC_CONCURRENT freed 448K, 79% free 1316K/6019K, paused 1ms+2ms
D/dalvikvm( 1505): GC_CONCURRENT freed 391K, 79% free 1318K/6019K, paused 1ms+1ms
D/dalvikvm( 1505): GC_CONCURRENT freed 392K, 77% free 1424K/6019K, paused 1ms+1ms
D/MediaPlayerService(  744): [5] notify (0x40360, 3, 41, 0)
D/dalvikvm( 1505): GC_CONCURRENT freed 514K, 79% free 1295K/6019K, paused 1ms+1ms
D/dalvikvm( 1505): GC_CONCURRENT freed 377K, 79% free 1311K/6019K, paused 1ms+1ms
D/dalvikvm( 1505): GC_CONCURRENT freed 396K, 77% free 1424K/6019K, paused 1ms+1ms
D/dalvikvm( 1505): GC_CONCURRENT freed 515K, 79% free 1302K/6019K, paused 1ms+2ms
D/dalvikvm( 1505): GC_CONCURRENT freed 395K, 79% free 1302K/6019K, paused 1ms+1ms
D/dalvikvm( 1505): GC_CONCURRENT freed 357K, 77% free 1439K/6019K, paused 1ms+1ms
D/MediaPlayerService(  744): [5] notify (0x40360, 3, 50, 0)
D/dalvikvm( 1505): GC_CONCURRENT freed 514K, 78% free 1380K/6019K, paused 1ms+1ms
D/dalvikvm( 1505): GC_CONCURRENT freed 441K, 78% free 1332K/6019K, paused 1ms+1ms
D/dalvikvm( 1505): GC_CONCURRENT freed 393K, 78% free 1332K/6019K, paused 2ms+2ms
D/dalvikvm( 1505): GC_CONCURRENT freed 394K, 78% free 1331K/6019K, paused 1ms+1ms
D/dalvikvm( 1505): GC_CONCURRENT freed 394K, 77% free 1414K/6019K, paused 1ms+1ms
D/dalvikvm( 1505): GC_CONCURRENT freed 474K, 78% free 1333K/6019K, paused 1ms+1ms
D/dalvikvm( 1505): GC_CONCURRENT freed 394K, 78% free 1335K/6019K, paused 1ms+1ms
D/MediaPlayerService(  744): [5] notify (0x40360, 3, 60, 0)
D/MediaPlayerService(  744): [5] notify (0x40360, 3, 71, 0)
D/MediaPlayerService(  744): [5] notify (0x40360, 3, 87, 0)
D/Downloader(  744): Downloadserver bandWidth:1510767
D/Downloader(  744): Downloadserver bandWidth:1510767
D/Downloader(  744): Downloadserver bandWidth:1510767
D/Downloader(  744): Downloadserver bandWidth:1510767
D/StreamDataSource(  744): end of streaming,1888648/315100
D/MediaPlayerService(  744): [5] notify (0x40360, 3, 100, 0)
D/StreamDataSource(  744): SeekAt in stream RingBuffer...
D/MstarPlayer(  744): File seek OK.
I//lib/ld-linux.so.3(  748): u32Offset 0xb8Blocking Read: 1, size: 0x20000.
I//lib/ld-linux.so.3(  748): Bitrate = 296938 Byte/s, Duration = 6089 ms
I//lib/ld-linux.so.3(  748): PackSize = 28200 Byte.
D/MstarPlayer(  744): 00File size: 1888648, pos : 1888256  Seek position: 0.
D/StreamDataSource(  744): 
D/StreamDataSource(  744):  seekAt : 0   
D/StreamDataSource(  744): StreamContentSource::sendRangeRequest, offset=0
D/Downloader(  744): [downloadThread]Downloader::removeTask  
D/Downloader(  744): Content-Type: application/octet-stream
D/Downloader(  744): 
D/Downloader(  744): Content-Length: 1888648
D/Downloader(  744): 
D/HTTPStreamCurl(  744): <<<<<<<<stream len: 1888648   m_UrlContentType:application/octet-stream
D/HTTPStreamCurl(  744):   retrycount:99 
D/MstarPlayer(  744): File seek OK.
I//lib/ld-linux.so.3(  748): ==============================================================================================
I//lib/ld-linux.so.3(  748): Data:MIU0; Bits:MIU0; MAD:MIU0; MVD:MIU0; SVD:MIU0; FB:MIU0; TSP:MIU0; FBL:No
I//lib/ld-linux.so.3(  748): Bit Buffer:0x44941000      Size:0x400000
I//lib/ld-linux.so.3(  748): Subtitle Bit Buffer:0x44341000     Size:0x1b0000
I//lib/ld-linux.so.3(  748): MAD Buffer:0x43841000
I//lib/ld-linux.so.3(  748): MADExt Buffer:0x44541000   Size:0x400000
I//lib/ld-linux.so.3(  748): VDEC FW Buffer:0x49401000  Size:0x200000
I//lib/ld-linux.so.3(  748): Frame Buffer:0x49601000    Size:0x1b00000
I//lib/ld-linux.so.3(  748): MVD Buffer:0x4b101000      Size:0x800000
I//lib/ld-linux.so.3(  748): TSP FW Buffer:0x411d1000   Size:0x70000
I//lib/ld-linux.so.3(  748): Data Buffer:0x163d1000     Size:0x36f000
I//lib/ld-linux.so.3(  748): Attached File Buffer Size:0xffffffff
I//lib/ld-linux.so.3(  748): -> Demuxer:0x164f8000      Size:0x248000
I//lib/ld-linux.so.3(  748): -> SeqHeader:0x43fd2000    Size:0x1000
I//lib/ld-linux.so.3(  748): -> MOV Table:0x49601000    Size:0x1b00000
I//lib/ld-linux.so.3(  748): -> MOV Static:0x43fd3000   Size:0x100000
I//lib/ld-linux.so.3(  748): -> DRM Payload:0x440d3000  Size:0x4000
I//lib/ld-linux.so.3(  748): -> DRM Playback Context:0x440d7000 Size:0x1000
I//lib/ld-linux.so.3(  748): -> MADExtend:0x440d9000    Size:0x20000
I//lib/ld-linux.so.3(  748): -> NonCache Area:0x440d8000        Size:0x1000
I//lib/ld-linux.so.3(  748): -> Reserved Size:0x0
I//lib/ld-linux.so.3(  748): ==============================================================================================
I//lib/ld-linux.so.3(  748): Initialize TS HW
I//lib/ld-linux.so.3(  748): HAL_VPU_EX_SetDbgLevel eLevel=0x1
D/MediaPlayerService(  744): [5] notify (0x40360, 3, 1, 0)
I//lib/ld-linux.so.3(  748): Load AAC Audio Codec.
I//lib/ld-linux.so.3(  748): ========AAC Audio Codec========
I//lib/ld-linux.so.3(  748): ===== Check Audio Decoder Protection from hash-key IP =====
I//lib/ld-linux.so.3(  748): Hash-key Support DD.
I//lib/ld-linux.so.3(  748): Hash-key Support DD+.
I//lib/ld-linux.so.3(  748): Hash-key Support Generic HE-AAC !!
I//lib/ld-linux.so.3(  748): Hash-key Support WMA.
I//lib/ld-linux.so.3(  748): Hash-key Support DRA.
I//lib/ld-linux.so.3(  748): ===== Check Protection IP End                         =====
I//lib/ld-linux.so.3(  748): ******Amplifier_TI5707_SWMute(0)
I//lib/ld-linux.so.3(  748): 5707write fail = 7
I//lib/ld-linux.so.3(  748): 5707write fail = 7
I//lib/ld-linux.so.3(  748): 5707write fail = 7
I//lib/ld-linux.so.3(  748): 5707write fail = 7
I//lib/ld-linux.so.3(  748): 5707write fail = 6
I//lib/ld-linux.so.3(  748): DS enable = 0
D/dalvikvm( 1505): GC_CONCURRENT freed 405K, 77% free 1435K/6019K, paused 100ms+1ms
D/dalvikvm( 1505): GC_CONCURRENT freed 506K, 77% free 1438K/6019K, paused 1ms+1ms
D/MediaPlayerService(  744): [5] notify (0x40360, 3, 6, 0)
D/dalvikvm( 1505): GC_CONCURRENT freed 516K, 79% free 1320K/6019K, paused 1ms+1ms
I//lib/ld-linux.so.3(  748): Blocking Read: 901, size: 0x4000.
D/dalvikvm( 1505): GC_CONCURRENT freed 405K, 77% free 1412K/6019K, paused 1ms+1ms
D/MediaPlayerService(  744): [5] notify (0x40360, 3, 14, 0)
I//lib/ld-linux.so.3(  748): To ask Dynscaling Size from vdec  0xc00
I//lib/ld-linux.so.3(  748): jim:xxxxxxxxxxxxxxxxxxxxxxxxxxxxxxxxxxxxxxxxxxxxxxx
I//lib/ld-linux.so.3(  748):  Size(1280x720), Disp(1280x720), Par(1x1), FrameRate:23976, Interlace:0
I//lib/ld-linux.so.3(  748): 1st sequence header Decode Ready!! **
D/MediaPlayerService(  744): [5] notify (0x40360, 3, 23, 0)
D/MstarPlayer(  744): Get E_EVENT_INIT_OK event.
D/IMMPlayer(  744): Send MM_EnableSubtitleShow
D/IMMPlayer(  744): u32Item:1
D/IMMPlayer(  744): bEnable:1
D/IMMPlayer(  744): Get ret:1
D/MstarPlayer(  744): <<<<<set init done flag
I//lib/ld-linux.so.3(  748): [CI][HbbTV-VOD]<INFO>:[1365699171.189224] MM init done
I//lib/ld-linux.so.3(  748): E_CPCODEC_MSG_INIT_OK: 1196167.
D/MstarPlayer(  744): <<<<<<<<<Init done
D/IMMPlayer(  744): Send MM_GetMetaData
D/IMMPlayer(  744): u32Item:1
D/IMMPlayer(  744): eMetadata:11
D/IMMPlayer(  744): u32BuffSize:4
D/IMMPlayer(  744): Get ret:0
D/IMMPlayer(  744): Send MM_GetMetaData
D/IMMPlayer(  744): u32Item:1
D/IMMPlayer(  744): eMetadata:12
D/IMMPlayer(  744): u32BuffSize:4
D/IMMPlayer(  744): Get ret:0
D/MediaPlayerService(  744): [5] notify (0x40360, 5, 1280, 720)
D/MstarPlayer(  744): MstarPlayer::initRender
V/MediaControler( 1435): onVideoSizeChanged called
D/MstarPlayer(  744): MstarPlayer::initRender Done.
D/MstarPlayer(  744): prepare done....video size 1280,720
D/MediaPlayerService(  744): [5] notify (0x40360, 1, 0, 0)
D/MediaControler( 1435): onPrepared ok
D/MediaControler( 1435): width:1280
D/MediaControler( 1435): height:720
D/MediaControler( 1435): start play
D/MstarPlayer(  744): MstarPlayer::setLooping=1
D/MstarPlayer(  744): MstarPlayer::setLooping=1
D/MstarPlayer(  744): playerType
D/MstarPlayer(  744): MstarPlayer::setLooping=1
D/IMMPlayer(  744): Send MM_Play
D/IMMPlayer(  744): u32Item:1
D/IMMPlayer(  744): Get ret:0
D/MediaControler( 1435): start play
D/VideoPlayer( 1435): onPlayStart
I//lib/ld-linux.so.3(  748): mapi_cpcodec::Play(): 1196227.
I//lib/ld-linux.so.3(  748): [CI][HbbTV-VOD]<INFO>:[1365699171.249608] MM play start
I//lib/ld-linux.so.3(  748): MApp_VDPlayer_Play
I//lib/ld-linux.so.3(  748): [CI][HbbTV-VOD]<INFO>:[1365699171.269377] MM setup display start
I//lib/ld-linux.so.3(  748): Display Msg: 33.
I//lib/ld-linux.so.3(  748): Screen Setting: 1.
I//lib/ld-linux.so.3(  748): Set Black Screen ON.
D/Test    ( 1435): request Url  :http://cibn-ido.longvisionmedia.com:8088/msis/getAssetList?version=V001&terminalType=1&resolution=1280*720&pageSize=10&curPage=1&userCode=201303191947&queryType=3&catalogId=&isRecommend=&assetType=&originName=&publishDate=&orderTag=2&authKey=5a056ca80ff1e99f15f2e3628d35025c
I//lib/ld-linux.so.3(  748): Video set up display.
I//lib/ld-linux.so.3(  748): Scaler frame buffer mode.
I//lib/ld-linux.so.3(  748): stDisplayInfo.u32OutputRate: 0.
I//lib/ld-linux.so.3(  748): Display Msg: 28.
I//lib/ld-linux.so.3(  748): Video Width: 1280, Height: 720, FrameRate: 23976, Interlace: 0.
I//lib/ld-linux.so.3(  748): crop: left=0, right=0, top=0, bottom=0
I//lib/ld-linux.so.3(  748): Video Type: 2.
I//lib/ld-linux.so.3(  748): Video PAR Width: 1280, Height: 720.
I//lib/ld-linux.so.3(  748): Video Aspect Ratio: 16x9.
I//lib/ld-linux.so.3(  748): 1. Display Rect: x: 0, y: 0, width: 1280, height: 720.
I//lib/ld-linux.so.3(  748): 2. Display Rect: x: 0, y: 0, width: 1280, height: 720.
I//lib/ld-linux.so.3(  748): CropRect u16X=0, u16Y=0, u16Width=1280, u16Height=720
I//lib/ld-linux.so.3(  748): DispRect u16X=0, u16Y=0, u16Width=1280, u16Height=720
I//lib/ld-linux.so.3(  748): Scaler start: 0x17bc1000, size: 0x1800000.
I//lib/ld-linux.so.3(  748): MVOP switch to MIU 0.
I//lib/ld-linux.so.3(  748): ->u16FrameRate = 23976
I//lib/ld-linux.so.3(  748): ->u8Interlace = 0
I//lib/ld-linux.so.3(  748): ->u16HorSize = 1280
I//lib/ld-linux.so.3(  748): ->u16VerSize = 720
I//lib/ld-linux.so.3(  748): Crop Win, X: 0, Y: 0, W: 1280, H: 720.
I//lib/ld-linux.so.3(  748): Diso Win, X: 0, Y: 0, W: 1280, H: 720.
I//lib/ld-linux.so.3(  748): [MApi_Video] CropWin assigned: x,y,w,h=0,0,1280,720
I//lib/ld-linux.so.3(  748): [MApi_Video] DstWin assigned: x,y,w,h=0,0,1280,720
I//lib/ld-linux.so.3(  748): [MApi_Video] SrcWin1[Win=0]: x,y,w,h=152,18,1280,720
I//lib/ld-linux.so.3(  748): [MApi_Video] CropWin1: x,y,w,h=0,0,1280,720
I//lib/ld-linux.so.3(  748): [MApi_Video] DispWin1: x,y,w,h=0,0,1280,720
I//lib/ld-linux.so.3(  748): === open 3D OverScan ===
I//lib/ld-linux.so.3(  748): [MApi_Video] SrcWin2: x,y,w,h=152,18,1280,720
I//lib/ld-linux.so.3(  748): [MApi_Video] CropWin2: x,y,w,h=0,0,1280,720
I//lib/ld-linux.so.3(  748): [MApi_Video] DispWin2: x,y,w,h=0,0,1280,720
I//lib/ld-linux.so.3(  748): [MApi_Video] SrcWin3: x,y,w,h=152,18,1280,720
I//lib/ld-linux.so.3(  748): [MApi_Video] CropWin3: x,y,w,h=0,0,1280,720
I//lib/ld-linux.so.3(  748): [MApi_Video] DispWin3: x,y,w,h=0,0,1280,720
I//lib/ld-linux.so.3(  748): [MApi_Video] SrcWin5[Win=0]: x,y,w,h=152,18,1280,720
I//lib/ld-linux.so.3(  748): [MApi_Video] CropWin5: x,y,w,h=0,0,1280,720
I//lib/ld-linux.so.3(  748): [MApi_Video] DispWin5: x,y,w,h=0,0,1280,720
I//lib/ld-linux.so.3(  748): [MApi_Video] DLC cap Hstart=1, Hend=501, Vstart=5a, Vend=276
I//lib/ld-linux.so.3(  748): Read Bandwidthtable.bin
D/MstarPlayer(  744): Get E_EVENT_DECODE_FIRST_FRAME_DONE event.
D/MstarPlayer(  744): Read DisplayRectangle FIFO x 0, y 0, w 1280, h 720
D/MstarPlayer(  744): setDisplayRectangle  x 0, y 0, w 1280, h 720
D/IMMPlayer(  744): Send MM_SetDisplayRectangle
D/IMMPlayer(  744): u32Item:1
D/IMMPlayer(  744): stRect u16X:0
D/IMMPlayer(  744): stRect u16Y:0
D/IMMPlayer(  744): stRect u16Height:720
D/IMMPlayer(  744): stRect u16Width:1280
I//lib/ld-linux.so.3(  748): enPQMNRType is 1
I//lib/ld-linux.so.3(  748): enPQFLType is 1
I//lib/ld-linux.so.3(  748):    [Plugins_PatchPQ]Customer Path PQ Add here
I//lib/ld-linux.so.3(  748): Video PAR Width: 1280, Height: 720.
I//lib/ld-linux.so.3(  748): Video Aspect Ratio: 16x9.
I//lib/ld-linux.so.3(  748): 1. Display Rect: x: 0, y: 0, width: 1280, height: 720.
I//lib/ld-linux.so.3(  748): 2. Display Rect: x: 0, y: 0, width: 1280, height: 720.
I//lib/ld-linux.so.3(  748): CropRect u16X=0, u16Y=0, u16Width=1280, u16Height=720
I//lib/ld-linux.so.3(  748): DispRect u16X=0, u16Y=0, u16Width=1280, u16Height=720
D/MstarPlayer(  744): E_EVENT_PLAYING_OK
I//lib/ld-linux.so.3(  748): [CI][HbbTV-VOD]<INFO>:[1365699171.500594] MM setup display done
I//lib/ld-linux.so.3(  748): Video is in playing state.
I//lib/ld-linux.so.3(  748): Crop Win, X: 0, Y: 0, W: 1280, H: 720.
I//lib/ld-linux.so.3(  748): Diso Win, X: 0, Y: 0, W: 1280, H: 720.
I//lib/ld-linux.so.3(  748): [MApi_Video] CropWin assigned: x,y,w,h=0,0,1280,720
I//lib/ld-linux.so.3(  748): [MApi_Video] DstWin assigned: x,y,w,h=0,0,1280,720
I//lib/ld-linux.so.3(  748): [MApi_Video] SrcWin1[Win=0]: x,y,w,h=152,18,1280,720
I//lib/ld-linux.so.3(  748): [MApi_Video] CropWin1: x,y,w,h=0,0,1280,720
I//lib/ld-linux.so.3(  748): [MApi_Video] DispWin1: x,y,w,h=0,0,1280,720
I//lib/ld-linux.so.3(  748): === open 3D OverScan ===
I//lib/ld-linux.so.3(  748): [MApi_Video] SrcWin2: x,y,w,h=152,18,1280,720
I//lib/ld-linux.so.3(  748): [MApi_Video] CropWin2: x,y,w,h=0,0,1280,720
I//lib/ld-linux.so.3(  748): [MApi_Video] DispWin2: x,y,w,h=0,0,1280,720
I//lib/ld-linux.so.3(  748): [MApi_Video] SrcWin3: x,y,w,h=152,18,1280,720
I//lib/ld-linux.so.3(  748): [MApi_Video] CropWin3: x,y,w,h=0,0,1280,720
I//lib/ld-linux.so.3(  748): [MApi_Video] DispWin3: x,y,w,h=0,0,1280,720
I//lib/ld-linux.so.3(  748): [MApi_Video] SrcWin5[Win=0]: x,y,w,h=152,18,1280,720
I//lib/ld-linux.so.3(  748): [MApi_Video] CropWin5: x,y,w,h=0,0,1280,720
I//lib/ld-linux.so.3(  748): [MApi_Video] DispWin5: x,y,w,h=0,0,1280,720
I//lib/ld-linux.so.3(  748): [MApi_Video] DLC cap Hstart=1, Hend=501, Vstart=5a, Vend=276
D/MstarPlayer(  744): MstarPlayer::getDuration  mFlag: 0x5
D/IMMPlayer(  744): Send MM_GetMetaData
D/IMMPlayer(  744): u32Item:1
D/IMMPlayer(  744): eMetadata:10
D/IMMPlayer(  744): u32BuffSize:4
D/IMMPlayer(  744): Get ret:0
D/IMMPlayer(  744): Get ret:0
D/MstarPlayer(  744): get duration 6089
D/VideoPlayer( 1435): onPlayStart duration:6 timeCode:0
I//lib/ld-linux.so.3(  748): STC Updated by Video: (1106448->2066088)
D/StreamDataSource(  744):   Warning : StreamContentSource has not enough data ,valid:75153!!! 
D/ContentSource(  744): valid length(75153) < (1048576 )is no enough ,read less...   
I//lib/ld-linux.so.3(  748): Audio Sync STC mode.(TS) 
I//lib/ld-linux.so.3(  748): FrmCnt:9(0,0,0) Rate:3901 Sys:1197518 STC:2066341 VPTS:2066088 APTS:2066338 Delay:-212(41) V:0 A:11 VES:0x32970 AES:0x0 PCM:0x0 AudioErr:0x0
I//lib/ld-linux.so.3(  748): 1st Decode & Display Ready!!
I//lib/ld-linux.so.3(  748): Display Msg: 33.
I//lib/ld-linux.so.3(  748): Screen Setting: 1.
I//lib/ld-linux.so.3(  748): 2. Set Black Screen OFF.
I//lib/ld-linux.so.3(  748): Clr Sync STC
D/MediaPlayerService(  744): [5] notify (0x40360, 3, 26, 0)
I//lib/ld-linux.so.3(  748): [CI][HbbTV-VOD]<INFO>:[1365699172.817535] MM play done
D/dalvikvm( 1505): GC_CONCURRENT freed 488K, 77% free 1397K/6019K, paused 2ms+1ms
D/dalvikvm( 1505): GC_CONCURRENT freed 474K, 79% free 1315K/6019K, paused 1ms+1ms
D/HomePlayerLib( 1505): hostaddress count is 1
D/dalvikvm( 1505): GC_CONCURRENT freed 411K, 77% free 1422K/6019K, paused 1ms+1ms
D/dalvikvm( 1505): GC_CONCURRENT freed 493K, 77% free 1441K/6019K, paused 1ms+1ms
D/dalvikvm( 1505): GC_CONCURRENT freed 536K, 78% free 1325K/6019K, paused 1ms+1ms
D/dalvikvm( 1505): GC_CONCURRENT freed 413K, 77% free 1387K/6019K, paused 1ms+1ms
D/dalvikvm( 1505): GC_CONCURRENT freed 475K, 79% free 1306K/6019K, paused 1ms+2ms
D/dalvikvm( 1505): GC_CONCURRENT freed 394K, 79% free 1303K/6019K, paused 1ms+1ms
D/dalvikvm( 1505): GC_CONCURRENT freed 390K, 78% free 1346K/6019K, paused 1ms+1ms
D/StreamDataSource(  744):   Warning : StreamContentSource has not enough data ,valid:0!!! 
D/MediaPlayerService(  744): [5] notify (0x40360, 200, 701, 0)
D/MstarPlayer(  744): MstarPlayer::send MEDIA_INFO_BUFFERING_START  
D/IMMPlayer(  744): Send MM_SetTrickMode
D/IMMPlayer(  744): u32Item:1
D/IMMPlayer(  744): stTrickInfo->eMode:1
D/IMMPlayer(  744): stTrickInfo->eSpeed:1
W/MediaPlayer( 1435): info/warning (701, 0)
I/MediaPlayer.java( 1435): Info (701,0)
D/IMMPlayer(  744): Get ret:0
D/MediaPlayerService(  744): [5] notify (0x40360, 200, 704, 0)
D/MstarPlayer(  744): percent: 0
W/MediaPlayer( 1435): info/warning (704, 0)
I/MediaPlayer.java( 1435): Info (704,0)
I//lib/ld-linux.so.3(  748): 1. Mode: 1, Speed: 1.
I//lib/ld-linux.so.3(  748): SetTrickMode, Mode: 1, Speed: 1.
I//lib/ld-linux.so.3(  748): Send to Co-processor: eMode: 0, eSpeed: 0.
D/dalvikvm( 1505): GC_CONCURRENT freed 436K, 79% free 1294K/6019K, paused 2ms+1ms
D/MediaControler( 1435): stop
D/MstarPlayer(  744): MstarPlayer::stop
D/StreamDataSource(  744): ForceStopRead !!
D/MstarPlayer(  744): request to exit async thread
D/StreamDataSource(  744):   Warning : StreamContentSource has not enough data ,valid:0!!! 
D/MstarPlayer(  744):  ========^^ set file end ^^============,tell size=-1,fsize=1888648
D/MediaPlayerService(  744): [5] notify (0x40360, 200, 702, 0)
D/IMMPlayer(  744): Send MM_SetTrickMode
D/IMMPlayer(  744): u32Item:1
D/IMMPlayer(  744): stTrickInfo->eMode:0
D/IMMPlayer(  744): stTrickInfo->eSpeed:1
D/IMMPlayer(  744): Get ret:0
I//lib/ld-linux.so.3(  748): 1. Mode: 0, Speed: 1.
I//lib/ld-linux.so.3(  748): SetTrickMode, Mode: 0, Speed: 1.
I//lib/ld-linux.so.3(  748): Send to Co-processor: eMode: 0, eSpeed: 1.
D/MstarPlayer(  744): Get Others event : 22
D/MstarPlayer(  744): player waiting exit
D/MstarPlayer(  744): exit async proc thread
D/IMMPlayer(  744): Send MM_Stop
D/IMMPlayer(  744): u32Item:1
I//lib/ld-linux.so.3(  748): MApp_VDPlayer_Stop interrupt
I//lib/ld-linux.so.3(  748): MApp_VDPlayer_Stop
I//lib/ld-linux.so.3(  748): E_VDP_DECODE_STATE_STOP --> E_VDP_DECODE_STATE_STANDBY
I//lib/ld-linux.so.3(  748): E_VDP_PHASE_DECODE --> E_VDP_PHASE_STOP
I//lib/ld-linux.so.3(  748): Clear ES buffer
I//lib/ld-linux.so.3(  748): E_VDP_PHASE_STOP --> E_VDP_PHASE_STANDBY
I//lib/ld-linux.so.3(  748): Error code 0; Stop Pos:0x06e280 Time:1346
I//lib/ld-linux.so.3(  748): Get MB_VDPLAYER_STOP command.
D/IMMPlayer(  744): Get ret:0
D/IMMPlayer(  744): Send MM_DeleteMediaItem
D/IMMPlayer(  744): u32Item:1
D/IMMPlayer(  744): Get ret:0
D/IMMPlayer(  744): Send PLAYER_COMMAND_REMOVE_EVENT_RECIPIENT_FPTR
D/IMMPlayer(  744): Get ret:1
D/IMMPlayer(  744): Send FINALIZE
I//lib/ld-linux.so.3(  748): Sbtitle de-init: 0.
I//lib/ld-linux.so.3(  748): MMPlayerService::Client::MM_Finalize()
I//lib/ld-linux.so.3(  748): MSrv_MM_PhotoPlayer::Finalize().
I//lib/ld-linux.so.3(  748): mapi_cpcodec::Finalize().
I//lib/ld-linux.so.3(  748): mapi_cpcodec::Finalize().
I//lib/ld-linux.so.3(  748): Do mapi_cpcodec::Finalize().
D/IMMPlayer(  744): Get ret:0
D/MMPlayer(  744): disconnect
D/MMPlayer(  744): 
D/IMMPlayer(  744): Send DISCONNECT
D/MMPlayer(  744): destructor: 0x4cfa0
D/MMPlayer(  744): 
D/MMPlayer(  744): disconnect
D/MMPlayer(  744): 
D/MstarPlayer(  744): MstarPlayer::clearAllSource
D/StreamDataSource(  744): ~StreamContentSource 
D/HTTPStreamCurl(  744): 
D/HTTPStreamCurl(  744):  ~HTTPStreamCurl 
D/Downloader(  744): Enter Downloader::ForceExit ! 
D/HTTPStreamCurl(  744): [HTTPStreamCurl]request to exit download thread 
D/HTTPStreamCurl(  744): [HTTPStreamCurl]request to exit download thread  Done !!
D/Downloader(  744): Enter Downloader::ForceExit ! 
D/Downloader(  744): [downloadThread]Downloader::removeTask  
I//lib/ld-linux.so.3(  748): MM_Finalize done
I//lib/ld-linux.so.3(  748): V/MMPlayerService( 755 755): disconnect(callingPid 744, clientPid 744)
I//lib/ld-linux.so.3(  748): V/MMPlayerService( 755 755): Disconnet finalize OK.
I//lib/ld-linux.so.3(  748): V/MMPlayerService( 755 755): removeClient(callingPid 744)
I//lib/ld-linux.so.3(  748): V/MMPlayerService( 755 1046): MMPlayerService::Client destructor(callingPid 744)
D/Downloader(  744): ~Downloader
D/HTTPStreamCurl(  744): ~HTTPStreamCurl done.
D/MstarPlayer(  744): setInstance: 0x0
W/MediaPlayer( 1435): info/warning (702, 0)
D/MstarPlayer(  744): ==========MstarPlayer::reset : 0x52cb0==========
D/MstarPlayer(  744): MstarPlayer::clearAllSource
D/MstarPlayer(  744): setInstance: 0x0
D/MstarPlayer(  744): reset done
D/MstarPlayer(  744): 
D/MstarPlayer(  744): =======Destroy mstar player  : 0x52cb0========
D/VideoPlayer( 1435): onPlayStop
W/MediaPlayer.java( 1435): mediaplayer went away with unhandled events
D/VideoPlayer( 1435): WHAT_ONPLAY_COMPLETION0
D/VideoPlayer( 1435): onPlayCompletion
D/dalvikvm( 1505): GC_CONCURRENT freed 381K, 78% free 1349K/6019K, paused 29ms+2ms
D/VideoPlayer( 1435): subId:---resourceCode:12526---timeCode:0---assertId:---providerId:
D/dalvikvm( 1505): GC_CONCURRENT freed 440K, 78% free 1328K/6019K, paused 1ms+1ms
D/dalvikvm( 1505): GC_CONCURRENT freed 403K, 78% free 1330K/6019K, paused 3ms+1ms
D/dalvikvm( 1505): GC_CONCURRENT freed 393K, 77% free 1438K/6019K, paused 1ms+1ms
D/dalvikvm( 1505): GC_CONCURRENT freed 503K, 76% free 1445K/6019K, paused 1ms+1ms
D/VideoPlayer( 1435): loadRecommendRelResource size:10
D/Test    ( 1435): request Url  :http://cibn-ido.longvisionmedia.com:8088/msis/getPlayURL?version=V001&terminalType=2&resolution=1280*720&resourceCode=12526&playType=1&delay=0&shifttime=0&shiftend=0&timecode=0&assetID=&providerID=&urlType=3&authKey=539b6926b355b07eea6a47272c2b89f4
D/VideoPlayer( 1435): play url:http://cibn-iss1.longvisionmedia.com:8088/vod/CIBN2013,CIBN2013040100011728.m3u8?fmt=x264_0k_mpegts&sora=1&timecode=0&sk=4691439BE62CFAB2B1386957C42BEB27&UUID=41e5b575-c30f-4c51-9b73-f0574cf4a0bb&userCode=default&userName=default&spCode=484581254562&productCode=1&resourceCode=12526&subId=123&resourceName=&authType=2
W/MediaPlayer.java( 1435): setScreenOnWhilePlaying(true) is ineffective without a SurfaceHolder
D/MediaPlayerService(  744):  Create MstarPlayer
D/MstarPlayer(  744): Create MstarPlayer:0x52cb0,Version:Release Mstar player lib Version:0015,Base CL:690305  Date:2012/11/06
D/MstarPlayer(  744): TV Local Time :  Fri Apr 12 00:52:55 2013
D/MstarPlayer(  744):  
D/MstarPlayer(  744): setInstance: 0x52cb0
D/MstarPlayer(  744): mstar player set listener
D/MstarPlayer(  744): MstarPlayer::initCheck
D/MediaPlayerService(  744): [6] setVideoSurfaceTexture(0x0)
D/MstarPlayer(  744): MstarPlayer::prepareAsync
D/MstarPlayer(  744): 
D/MstarPlayer(  744):  MstarPlayer::doSetDataSource
D/MstarPlayer(  744): MstarPlayer::clearAllSource
D/MstarPlayer(  744): 
D/MstarPlayer(  744):  MstarPlayer::doSetDataSource: url=http://cibn-iss1.longvisionmedia.com:8088/vod/CIBN2013,CIBN2013040100011728.m3u8?fmt=x264_0k_mpegts&sora=1&timecode=0&sk=4691439BE62CFAB2B1386957C42BEB27&UUID=41e5b575-c30f-4c51-9b73-f0574cf4a0bb&userCode=default&userName=default&spCode=484581254562&productCode=1&resourceCode=12526&subId=123&resourceName=&authType=2
D/Downloader(  744): Release Mstar Content Source CL:493363  Date:2013/03/20
D/Downloader(  744): Curl Version:libcurl/7.21.7 OpenSSL/1.0.0e
D/Downloader(  744): [downloadThread]init a multi curl done.curlm:0x390b0 pRingBuffer:0x442d8
D/DataSource_M3U8(  744): [M3U8]ContentSource_M3U8 contruct done
D/DataSource_M3U8(  744): [M3U8] try parseURLs=http://cibn-iss1.longvisionmedia.com:8088/vod/CIBN2013,CIBN2013040100011728.m3u8?fmt=x264_0k_mpegts&sora=1&timecode=0&sk=4691439BE62CFAB2B1386957C42BEB27&UUID=41e5b575-c30f-4c51-9b73-f0574cf4a0bb&userCode=default&userName=default&spCode=484581254562&productCode=1&resourceCode=12526&subId=123&resourceName=&authType=2
D/DataSource_M3U8(  744): bg thread ready to run
D/DataSource_M3U8(  744): bg thread 256384
D/DataSource_M3U8(  744): bg thread ready to run
D/Downloader(  744): [downloadThread]Downloader::removeTask  
D/Downloader(  744): Content-Type: application/octet-stream
D/Downloader(  744): 
D/Downloader(  744): Content-Length: 364344
D/Downloader(  744): 
D/Downloader(  744): Downloadserver bandWidth:1376831
D/Downloader(  744): Downloadserver bandWidth:1376831
D/Downloader(  744): Downloadserver bandWidth:1376831
D/Downloader(  744): Downloadserver bandWidth:1376831
D/DataSource_M3U8(  744): parseURLs : waiting 2110 ms 
D/DataSource_M3U8(  744):  mDownloadingTask.fileSize:364344 
D/DataSource_M3U8(  744): [M3U8] file: NULL line 
D/DataSource_M3U8(  744): HLS=====>> Live Stream!!!!
D/DataSource_M3U8(  744):  bMultAlterBandwidthStream = 0  urlNum=1 
D/DataSource_M3U8(  744): 
D/DataSource_M3U8(  744):   parseURLs Success! urlNum : 1  
D/DataSource_M3U8(  744): bSupportAutoChangeServer = 0 
D/Downloader(  744): [downloadThread]background worker recv DOWNLOADER_COMMAND_REMOVE_TASK
D/Downloader(  744): [downloadThread]Downloader::removeTask  
D/Downloader(  744): [downloadThread]DOWNLOADER_COMMAND_REMOVE_TASK done
D/DataSource_M3U8(  744): [M3U8]----->post cmd for start first url:http://cibn-iss1.longvisionmedia.com:8088/vod/GA, knowedFileSize:0
D/MstarPlayer(  744): MstarPlayer::doPrepare
D/ContentSource(  744): sniffMP3
D/ContentSource(  744): sniffAAC
D/ContentSource(  744): sniffWMA
D/ContentSource(  744): sniffOGG
D/ContentSource(  744): sniffWAV
D/ContentSource(  744): sniffPCM
D/ContentSource(  744): sniffMP4
D/ContentSource(  744): sniffASF
D/ContentSource(  744): sniffFLV
D/ContentSource(  744): sniffMKV
D/ContentSource(  744): sniffAVI
D/ContentSource(  744): sniffMOV
D/ContentSource(  744): sniffTS
D/ContentSource(  744): sniffMPEG
D/ContentSource(  744): sniffRM
D/ContentSource(  744): sniffWMV
D/ContentSource(  744): sniffJpegAndMPO
D/ContentSource(  744): fast_avformat = 0
D/Downloader(  744): [downloadThread]Downloader::removeTask  
D/DataSource_M3U8(  744): 
D/DataSource_M3U8(  744): 
D/DataSource_M3U8(  744): 
D/DataSource_M3U8(  744): ============Begin to get playlist !!=====================
D/DataSource_M3U8(  744): 
D/DataSource_M3U8(  744): 
D/HTTPStream(  744): HTTP request failed w/ http status 502
D/Downloader(  744): Content-Length: 172
D/Downloader(  744): 
D/Downloader(  744): Downloadserver bandWidth:1044
D/Downloader(  744): Downloadserver bandWidth:1044
D/Downloader(  744): Downloadserver bandWidth:1044
D/Downloader(  744): Downloadserver bandWidth:1044
D/DataSource_M3U8(  744): 
D/DataSource_M3U8(  744):  seekAt : 0 
D/DataSource_M3U8(  744): 
D/DataSource_M3U8(  744): 
D/DataSource_M3U8(  744): 
D/DataSource_M3U8(  744): ============Begin to get playlist !!=====================
D/DataSource_M3U8(  744): 
D/DataSource_M3U8(  744): 
D/DataSource_M3U8(  744): 
D/DataSource_M3U8(  744):  connect Server :cibn-iss1.longvisionmedia.com
D/dalvikvm( 1505): GC_CONCURRENT freed 539K, 79% free 1292K/6019K, paused 1ms+1ms
D/dalvikvm( 1505): GC_CONCURRENT freed 374K, 79% free 1303K/6019K, paused 1ms+1ms
D/dalvikvm( 1505): GC_CONCURRENT freed 396K, 78% free 1326K/6019K, paused 1ms+1ms
D/DataSource_M3U8(  744): parseM3U8 .......!
D/DataSource_M3U8(  744): 
D/DataSource_M3U8(  744):  do not update  mediaSequence : 0   url = http://cibn-iss1.longvisionmedia.com:8088/vod/GA   
D/DataSource_M3U8(  744): [M3U8] file: NULL line 
D/DataSource_M3U8(  744): HLS=====>> Live Stream!!!!
D/DataSource_M3U8(  744): 
D/DataSource_M3U8(  744): 
D/DataSource_M3U8(  744): 
D/DataSource_M3U8(  744): ============Begin to get playlist !!=====================
D/DataSource_M3U8(  744): 
D/DataSource_M3U8(  744): 
D/DataSource_M3U8(  744): 
D/DataSource_M3U8(  744):  connect Server :cibn-iss1.longvisionmedia.com
D/dalvikvm( 1505): GC_CONCURRENT freed 405K, 79% free 1313K/6019K, paused 1ms+1ms
D/dalvikvm( 1505): GC_CONCURRENT freed 392K, 77% free 1397K/6019K, paused 1ms+1ms
D/dalvikvm( 1505): GC_CONCURRENT freed 474K, 79% free 1315K/6019K, paused 1ms+2ms
D/DataSource_M3U8(  744): parseM3U8 .......!
D/DataSource_M3U8(  744): 
D/DataSource_M3U8(  744):  do not update  mediaSequence : 0   url = http://cibn-iss1.longvisionmedia.com:8088/vod/GA   
D/DataSource_M3U8(  744): [M3U8] file: NULL line 
D/DataSource_M3U8(  744): HLS=====>> Live Stream!!!!
D/dalvikvm( 1505): GC_CONCURRENT freed 413K, 79% free 1298K/6019K, paused 1ms+1ms
D/dalvikvm( 1505): GC_CONCURRENT freed 379K, 75% free 1523K/6019K, paused 1ms+1ms
D/HomePlayerLib( 1505): hostaddress count is 1
D/dalvikvm( 1505): GC_CONCURRENT freed 609K, 79% free 1302K/6019K, paused 1ms+1ms
D/dalvikvm( 1505): GC_CONCURRENT freed 396K, 77% free 1409K/6019K, paused 0ms+1ms
D/dalvikvm( 1505): GC_CONCURRENT freed 486K, 77% free 1423K/6019K, paused 1ms+1ms
D/dalvikvm( 1505): GC_CONCURRENT freed 501K, 78% free 1347K/6019K, paused 0ms+1ms
D/DataSource_M3U8(  744): 
D/DataSource_M3U8(  744): 
D/DataSource_M3U8(  744): 
D/DataSource_M3U8(  744): ============Begin to get playlist !!=====================
D/DataSource_M3U8(  744): 
D/DataSource_M3U8(  744): 
D/dalvikvm( 1505): GC_CONCURRENT freed 407K, 76% free 1465K/6019K, paused 1ms+2ms
D/dalvikvm( 1505): GC_CONCURRENT freed 533K, 78% free 1331K/6019K, paused 0ms+1ms
D/dalvikvm( 1505): GC_CONCURRENT freed 385K, 76% free 1447K/6019K, paused 1ms+2ms
D/DataSource_M3U8(  744): 
D/DataSource_M3U8(  744):  connect Server :cibn-iss1.longvisionmedia.com
D/dalvikvm( 1505): GC_CONCURRENT freed 519K, 79% free 1314K/6019K, paused 1ms+1ms
D/dalvikvm( 1505): GC_CONCURRENT freed 369K, 77% free 1414K/6019K, paused 1ms+1ms
D/dalvikvm( 1505): GC_CONCURRENT freed 485K, 78% free 1330K/6019K, paused 1ms+1ms
D/DataSource_M3U8(  744): parseM3U8 .......!
D/DataSource_M3U8(  744): 
D/DataSource_M3U8(  744):  do not update  mediaSequence : 0   url = http://cibn-iss1.longvisionmedia.com:8088/vod/GA   
D/DataSource_M3U8(  744): [M3U8] file: NULL line 
D/DataSource_M3U8(  744): HLS=====>> Live Stream!!!!
D/DataSource_M3U8(  744): 
D/DataSource_M3U8(  744): 
D/DataSource_M3U8(  744): 
D/DataSource_M3U8(  744): ============Begin to get playlist !!=====================
D/DataSource_M3U8(  744): 
D/DataSource_M3U8(  744): 
D/DataSource_M3U8(  744): 
D/DataSource_M3U8(  744):  connect Server :cibn-iss1.longvisionmedia.com
D/DataSource_M3U8(  744): parseM3U8 .......!
D/DataSource_M3U8(  744): 
D/DataSource_M3U8(  744):  do not update  mediaSequence : 0   url = http://cibn-iss1.longvisionmedia.com:8088/vod/GA   
D/DataSource_M3U8(  744): [M3U8] file: NULL line 
D/DataSource_M3U8(  744): HLS=====>> Live Stream!!!!
D/DataSource_M3U8(  744): 
D/DataSource_M3U8(  744): 
D/DataSource_M3U8(  744): 
D/DataSource_M3U8(  744): ============Begin to get playlist !!=====================
D/DataSource_M3U8(  744): 
D/DataSource_M3U8(  744): 
D/DataSource_M3U8(  744): 
D/DataSource_M3U8(  744):  connect Server :cibn-iss1.longvisionmedia.com
D/dalvikvm( 1505): GC_CONCURRENT freed 414K, 77% free 1425K/6019K, paused 1ms+1ms
D/dalvikvm( 1505): GC_CONCURRENT freed 515K, 79% free 1302K/6019K, paused 1ms+1ms
D/dalvikvm( 1505): GC_CONCURRENT freed 395K, 79% free 1310K/6019K, paused 1ms+1ms
D/dalvikvm( 1505): GC_CONCURRENT freed 393K, 79% free 1302K/6019K, paused 1ms+1ms
D/dalvikvm( 1505): GC_CONCURRENT freed 398K, 79% free 1297K/6019K, paused 1ms+0ms
D/dalvikvm( 1505): GC_CONCURRENT freed 383K, 77% free 1421K/6019K, paused 1ms+1ms
D/DataSource_M3U8(  744): parseM3U8 .......!
D/DataSource_M3U8(  744): 
D/DataSource_M3U8(  744):  do not update  mediaSequence : 0   url = http://cibn-iss1.longvisionmedia.com:8088/vod/GA   
D/DataSource_M3U8(  744): [M3U8] file: NULL line 
D/DataSource_M3U8(  744): HLS=====>> Live Stream!!!!
D/dalvikvm( 1505): GC_CONCURRENT freed 515K, 79% free 1290K/6019K, paused 0ms+1ms
D/dalvikvm( 1505): GC_CONCURRENT freed 381K, 77% free 1393K/6019K, paused 1ms+2ms
D/DataSource_M3U8(  744): 
D/DataSource_M3U8(  744): 
D/DataSource_M3U8(  744): 
D/DataSource_M3U8(  744): ============Begin to get playlist !!=====================
D/DataSource_M3U8(  744): 
D/DataSource_M3U8(  744): 
D/dalvikvm( 1505): GC_CONCURRENT freed 485K, 79% free 1291K/6019K, paused 1ms+1ms
D/DataSource_M3U8(  744): 
D/DataSource_M3U8(  744):  connect Server :cibn-iss1.longvisionmedia.com
D/DataSource_M3U8(  744): parseM3U8 .......!
D/DataSource_M3U8(  744): 
D/DataSource_M3U8(  744):  do not update  mediaSequence : 0   url = http://cibn-iss1.longvisionmedia.com:8088/vod/GA   
D/DataSource_M3U8(  744): [M3U8] file: NULL line 
D/DataSource_M3U8(  744): HLS=====>> Live Stream!!!!
D/dalvikvm( 1505): GC_CONCURRENT freed 378K, 77% free 1396K/6019K, paused 1ms+1ms
D/dalvikvm( 1505): GC_CONCURRENT freed 474K, 76% free 1504K/6019K, paused 1ms+1ms
D/HomePlayerLib( 1505): hostaddress count is 1
D/dalvikvm( 1505): GC_CONCURRENT freed 587K, 77% free 1395K/6019K, paused 1ms+1ms
D/dalvikvm( 1505): GC_CONCURRENT freed 485K, 77% free 1409K/6019K, paused 1ms+2ms
D/dalvikvm( 1505): GC_CONCURRENT freed 451K, 76% free 1467K/6019K, paused 1ms+2ms
D/DataSource_M3U8(  744): 
D/DataSource_M3U8(  744): 
D/DataSource_M3U8(  744): 
D/DataSource_M3U8(  744): ============Begin to get playlist !!=====================
D/DataSource_M3U8(  744): 
D/DataSource_M3U8(  744): 
D/dalvikvm( 1505): GC_CONCURRENT freed 547K, 77% free 1426K/6019K, paused 1ms+1ms
D/dalvikvm( 1505): GC_CONCURRENT freed 515K, 79% free 1323K/6019K, paused 1ms+1ms
D/dalvikvm( 1505): GC_CONCURRENT freed 402K, 78% free 1345K/6019K, paused 2ms+1ms
D/dalvikvm( 1505): GC_CONCURRENT freed 425K, 76% free 1462K/6019K, paused 1ms+1ms
D/DataSource_M3U8(  744): 
D/DataSource_M3U8(  744):  connect Server :cibn-iss1.longvisionmedia.com
D/dalvikvm( 1505): GC_CONCURRENT freed 534K, 78% free 1328K/6019K, paused 0ms+1ms
D/dalvikvm( 1505): GC_CONCURRENT freed 419K, 79% free 1303K/6019K, paused 1ms+1ms
D/dalvikvm( 1505): GC_CONCURRENT freed 381K, 78% free 1325K/6019K, paused 1ms+1ms
D/dalvikvm( 1505): GC_CONCURRENT freed 390K, 79% free 1324K/6019K, paused 1ms+2ms
D/dalvikvm( 1505): GC_CONCURRENT freed 395K, 79% free 1324K/6019K, paused 1ms+1ms
D/dalvikvm( 1505): GC_CONCURRENT freed 394K, 79% free 1323K/6019K, paused 1ms+1ms
D/dalvikvm( 1505): GC_CONCURRENT freed 404K, 78% free 1337K/6019K, paused 1ms+1ms
D/dalvikvm( 1505): GC_CONCURRENT freed 410K, 79% free 1322K/6019K, paused 1ms+2ms
D/dalvikvm( 1505): GC_CONCURRENT freed 394K, 78% free 1363K/6019K, paused 1ms+2ms
D/dalvikvm( 1505): GC_CONCURRENT freed 434K, 78% free 1325K/6019K, paused 1ms+1ms
D/dalvikvm( 1505): GC_CONCURRENT freed 394K, 79% free 1322K/6019K, paused 1ms+1ms
D/DataSource_M3U8(  744): parseM3U8 .......!
D/DataSource_M3U8(  744): 
D/DataSource_M3U8(  744):  do not update  mediaSequence : 0   url = http://cibn-iss1.longvisionmedia.com:8088/vod/GA   
D/DataSource_M3U8(  744): [M3U8] file: NULL line 
D/DataSource_M3U8(  744): HLS=====>> Live Stream!!!!
D/DataSource_M3U8(  744): 
D/DataSource_M3U8(  744): 
D/DataSource_M3U8(  744): 
D/DataSource_M3U8(  744): ============Begin to get playlist !!=====================
D/DataSource_M3U8(  744): 
D/DataSource_M3U8(  744): 
D/DataSource_M3U8(  744): 
D/DataSource_M3U8(  744):  connect Server :cibn-iss1.longvisionmedia.com
D/DataSource_M3U8(  744): parseM3U8 .......!
D/DataSource_M3U8(  744): 
D/DataSource_M3U8(  744):  do not update  mediaSequence : 0   url = http://cibn-iss1.longvisionmedia.com:8088/vod/GA   
D/DataSource_M3U8(  744): [M3U8] file: NULL line 
D/DataSource_M3U8(  744): HLS=====>> Live Stream!!!!
D/dalvikvm( 1505): GC_CONCURRENT freed 392K, 78% free 1369K/6019K, paused 1ms+1ms
D/DataSource_M3U8(  744): 
D/DataSource_M3U8(  744): 
D/DataSource_M3U8(  744): 
D/DataSource_M3U8(  744): ============Begin to get playlist !!=====================
D/DataSource_M3U8(  744): 
D/DataSource_M3U8(  744): 
D/dalvikvm( 1505): GC_CONCURRENT freed 452K, 79% free 1303K/6019K, paused 1ms+1ms
D/dalvikvm( 1505): GC_CONCURRENT freed 397K, 77% free 1415K/6019K, paused 1ms+1ms
D/dalvikvm( 1505): GC_CONCURRENT freed 487K, 79% free 1315K/6019K, paused 1ms+1ms
D/DataSource_M3U8(  744): 
D/DataSource_M3U8(  744):  connect Server :cibn-iss1.longvisionmedia.com
D/dalvikvm( 1505): GC_CONCURRENT freed 395K, 79% free 1313K/6019K, paused 1ms+1ms
D/DataSource_M3U8(  744): parseM3U8 .......!
D/DataSource_M3U8(  744): 
D/DataSource_M3U8(  744):  do not update  mediaSequence : 0   url = http://cibn-iss1.longvisionmedia.com:8088/vod/GA   
D/DataSource_M3U8(  744): [M3U8] file: NULL line 
D/DataSource_M3U8(  744): HLS=====>> Live Stream!!!!
D/dalvikvm( 1505): GC_CONCURRENT freed 404K, 78% free 1330K/6019K, paused 2ms+1ms
D/DataSource_M3U8(  744): 
D/DataSource_M3U8(  744): 
D/DataSource_M3U8(  744): 
D/DataSource_M3U8(  744): ============Begin to get playlist !!=====================
D/DataSource_M3U8(  744): 
D/DataSource_M3U8(  744): 
D/DataSource_M3U8(  744): 
D/DataSource_M3U8(  744):  connect Server :cibn-iss1.longvisionmedia.com
D/dalvikvm( 1505): GC_CONCURRENT freed 413K, 79% free 1311K/6019K, paused 1ms+1ms
D/dalvikvm( 1505): GC_CONCURRENT freed 396K, 79% free 1309K/6019K, paused 1ms+1ms
D/dalvikvm( 1505): GC_CONCURRENT freed 393K, 79% free 1309K/6019K, paused 1ms+2ms
D/dalvikvm( 1505): GC_CONCURRENT freed 399K, 79% free 1320K/6019K, paused 1ms+1ms
D/HomePlayerLib( 1505): hostaddress count is 1
D/dalvikvm( 1505): GC_CONCURRENT freed 391K, 77% free 1430K/6019K, paused 1ms+1ms
D/dalvikvm( 1505): GC_CONCURRENT freed 524K, 78% free 1325K/6019K, paused 1ms+1ms
D/dalvikvm( 1505): GC_CONCURRENT freed 418K, 79% free 1291K/6019K, paused 0ms+1ms
D/dalvikvm( 1505): GC_CONCURRENT freed 379K, 77% free 1420K/6019K, paused 1ms+1ms
D/dalvikvm( 1505): GC_CONCURRENT freed 487K, 78% free 1363K/6019K, paused 1ms+1ms
D/dalvikvm( 1505): GC_CONCURRENT freed 441K, 77% free 1431K/6019K, paused 1ms+1ms
D/dalvikvm( 1505): GC_CONCURRENT freed 517K, 79% free 1304K/6019K, paused 2ms+2ms
D/dalvikvm( 1505): GC_CONCURRENT freed 393K, 79% free 1305K/6019K, paused 1ms+1ms
D/dalvikvm( 1505): GC_CONCURRENT freed 393K, 77% free 1387K/6019K, paused 1ms+0ms
D/dalvikvm( 1505): GC_CONCURRENT freed 470K, 79% free 1304K/6019K, paused 1ms+1ms
D/DataSource_M3U8(  744): parseM3U8 .......!
D/DataSource_M3U8(  744): 
D/DataSource_M3U8(  744):  do not update  mediaSequence : 0   url = http://cibn-iss1.longvisionmedia.com:8088/vod/GA   
D/DataSource_M3U8(  744): [M3U8] file: NULL line 
D/DataSource_M3U8(  744): HLS=====>> Live Stream!!!!
D/DataSource_M3U8(  744): ----------UpdatePlaylistThread runing... 
D/DataSource_M3U8(  744): 
D/DataSource_M3U8(  744): 
D/DataSource_M3U8(  744): 
D/DataSource_M3U8(  744): ============Begin to get playlist !!=====================
D/DataSource_M3U8(  744): 
D/DataSource_M3U8(  744): 
D/dalvikvm( 1505): GC_CONCURRENT freed 388K, 79% free 1310K/6019K, paused 1ms+1ms
D/DataSource_M3U8(  744): 
D/DataSource_M3U8(  744):  connect Server :cibn-iss1.longvisionmedia.com
D/DataSource_M3U8(  744): 
D/DataSource_M3U8(  744):  Warnig:: No Enough data in buffer...
D/DataSource_M3U8(  744): 
D/DataSource_M3U8(  744):  seekAt : 0 
D/DataSource_M3U8(  744): 
D/DataSource_M3U8(  744):  seekAt : 0 
D/DataSource_M3U8(  744): 
D/DataSource_M3U8(  744):  seekAt : 0 
D/dalvikvm( 1505): GC_CONCURRENT freed 382K, 78% free 1379K/6019K, paused 1ms+1ms
D/DataSource_M3U8(  744): parseM3U8 .......!
D/DataSource_M3U8(  744): 
D/DataSource_M3U8(  744):  do not update  mediaSequence : 0   url = http://cibn-iss1.longvisionmedia.com:8088/vod/GA   
D/DataSource_M3U8(  744): [M3U8] file: NULL line 
D/DataSource_M3U8(  744): HLS=====>> Live Stream!!!!
D/dalvikvm( 1505): GC_CONCURRENT freed 445K, 78% free 1346K/6019K, paused 1ms+1ms
D/dalvikvm( 1505): GC_CONCURRENT freed 410K, 78% free 1332K/6019K, paused 1ms+1ms
D/DataSource_M3U8(  744): 
D/DataSource_M3U8(  744): 
D/DataSource_M3U8(  744): 
D/DataSource_M3U8(  744): ============Begin to get playlist !!=====================
D/DataSource_M3U8(  744): 
D/DataSource_M3U8(  744): 
D/dalvikvm( 1505): GC_CONCURRENT freed 394K, 78% free 1332K/6019K, paused 1ms+1ms
D/dalvikvm( 1505): GC_CONCURRENT freed 394K, 78% free 1332K/6019K, paused 1ms+1ms
D/DataSource_M3U8(  744): 
D/DataSource_M3U8(  744):  connect Server :cibn-iss1.longvisionmedia.com
D/dalvikvm( 1505): GC_CONCURRENT freed 394K, 78% free 1332K/6019K, paused 1ms+1ms
D/dalvikvm( 1505): GC_CONCURRENT freed 394K, 78% free 1333K/6019K, paused 1ms+1ms
D/CheckNetWork( 1752): isOk true
D/CheckNetWork( 1752): ActInfoNetworkInfo: type: WIFI[], state: CONNECTED/CONNECTED, reason: (unspecified), extra: (none), roaming: false, failover: false, isAvailable: true
D/CheckNetWork( 1752): infoNetworkInfo: type: WIFI[], state: CONNECTED/CONNECTED, reason: (unspecified), extra: (none), roaming: false, failover: false, isAvailable: true
D/dalvikvm( 1505): GC_CONCURRENT freed 392K, 78% free 1332K/6019K, paused 1ms+1ms
D/DataSource_M3U8(  744): parseM3U8 .......!
D/DataSource_M3U8(  744): 
D/DataSource_M3U8(  744):  do not update  mediaSequence : 0   url = http://cibn-iss1.longvisionmedia.com:8088/vod/GA   
D/DataSource_M3U8(  744): [M3U8] file: NULL line 
D/DataSource_M3U8(  744): HLS=====>> Live Stream!!!!
D/dalvikvm( 1505): GC_CONCURRENT freed 392K, 78% free 1333K/6019K, paused 1ms+1ms
D/dalvikvm( 1505): GC_CONCURRENT freed 404K, 78% free 1329K/6019K, paused 1ms+1ms
D/dalvikvm( 1505): GC_CONCURRENT freed 397K, 79% free 1318K/6019K, paused 1ms+1ms
D/DataSource_M3U8(  744): 
D/DataSource_M3U8(  744): 
D/DataSource_M3U8(  744): 
D/DataSource_M3U8(  744): ============Begin to get playlist !!=====================
D/DataSource_M3U8(  744): 
D/DataSource_M3U8(  744): 
D/dalvikvm( 1505): GC_CONCURRENT freed 394K, 79% free 1319K/6019K, paused 1ms+2ms
D/dalvikvm( 1505): GC_CONCURRENT freed 403K, 79% free 1319K/6019K, paused 1ms+2ms
D/DataSource_M3U8(  744): 
D/DataSource_M3U8(  744):  connect Server :cibn-iss1.longvisionmedia.com
D/DataSource_M3U8(  744): parseM3U8 .......!
D/DataSource_M3U8(  744): 
D/DataSource_M3U8(  744):  do not update  mediaSequence : 0   url = http://cibn-iss1.longvisionmedia.com:8088/vod/GA   
D/DataSource_M3U8(  744): [M3U8] file: NULL line 
D/DataSource_M3U8(  744): HLS=====>> Live Stream!!!!
D/DataSource_M3U8(  744): 
D/DataSource_M3U8(  744): 
D/DataSource_M3U8(  744): 
D/DataSource_M3U8(  744): ============Begin to get playlist !!=====================
D/DataSource_M3U8(  744): 
D/DataSource_M3U8(  744): 
D/dalvikvm( 1505): GC_CONCURRENT freed 402K, 78% free 1326K/6019K, paused 1ms+1ms
D/dalvikvm( 1505): GC_CONCURRENT freed 441K, 78% free 1365K/6019K, paused 1ms+1ms
D/DataSource_M3U8(  744): 
D/DataSource_M3U8(  744):  connect Server :cibn-iss1.longvisionmedia.com
D/dalvikvm( 1505): GC_CONCURRENT freed 450K, 76% free 1467K/6019K, paused 1ms+1ms
D/dalvikvm( 1505): GC_CONCURRENT freed 558K, 79% free 1312K/6019K, paused 1ms+1ms
D/dalvikvm( 1505): GC_CONCURRENT freed 418K, 76% free 1470K/6019K, paused 1ms+1ms
D/HomePlayerLib( 1505): hostaddress count is 1
D/dalvikvm( 1505): GC_CONCURRENT freed 563K, 77% free 1409K/6019K, paused 1ms+1ms
D/dalvikvm( 1505): GC_CONCURRENT freed 504K, 79% free 1315K/6019K, paused 1ms+1ms
D/dalvikvm( 1505): GC_CONCURRENT freed 395K, 78% free 1369K/6019K, paused 1ms+0ms
D/dalvikvm( 1505): GC_CONCURRENT freed 440K, 77% free 1428K/6019K, paused 1ms+2ms
D/dalvikvm( 1505): GC_CONCURRENT freed 506K, 78% free 1360K/6019K, paused 1ms+1ms
D/dalvikvm( 1505): GC_CONCURRENT freed 444K, 77% free 1438K/6019K, paused 1ms+1ms
D/dalvikvm( 1505): GC_CONCURRENT freed 529K, 79% free 1304K/6019K, paused 1ms+1ms
D/dalvikvm( 1505): GC_CONCURRENT freed 353K, 76% free 1475K/6019K, paused 1ms+1ms
D/dalvikvm( 1505): GC_CONCURRENT freed 526K, 78% free 1333K/6019K, paused 1ms+1ms
D/DataSource_M3U8(  744): parseM3U8 .......!
D/DataSource_M3U8(  744): 
D/DataSource_M3U8(  744):  do not update  mediaSequence : 0   url = http://cibn-iss1.longvisionmedia.com:8088/vod/GA   
D/DataSource_M3U8(  744): [M3U8] file: NULL line 
D/DataSource_M3U8(  744): HLS=====>> Live Stream!!!!
D/DataSource_M3U8(  744): 
D/DataSource_M3U8(  744): 
D/DataSource_M3U8(  744): 
D/DataSource_M3U8(  744): ============Begin to get playlist !!=====================
D/DataSource_M3U8(  744): 
D/DataSource_M3U8(  744): 
D/DataSource_M3U8(  744): 
D/DataSource_M3U8(  744):  connect Server :cibn-iss1.longvisionmedia.com
D/DataSource_M3U8(  744): parseM3U8 .......!
D/DataSource_M3U8(  744): 
D/DataSource_M3U8(  744):  do not update  mediaSequence : 0   url = http://cibn-iss1.longvisionmedia.com:8088/vod/GA   
D/DataSource_M3U8(  744): [M3U8] file: NULL line 
D/DataSource_M3U8(  744): HLS=====>> Live Stream!!!!
D/DataSource_M3U8(  744): 
D/DataSource_M3U8(  744): 
D/DataSource_M3U8(  744): 
D/DataSource_M3U8(  744): ============Begin to get playlist !!=====================
D/DataSource_M3U8(  744): 
D/DataSource_M3U8(  744): 
D/DataSource_M3U8(  744): 
D/DataSource_M3U8(  744):  connect Server :cibn-iss1.longvisionmedia.com
D/dalvikvm( 1505): GC_CONCURRENT freed 412K, 79% free 1314K/6019K, paused 1ms+1ms
D/dalvikvm( 1505): GC_CONCURRENT freed 395K, 79% free 1314K/6019K, paused 1ms+1ms
D/dalvikvm( 1505): GC_CONCURRENT freed 393K, 79% free 1314K/6019K, paused 1ms+1ms
D/dalvikvm( 1505): GC_CONCURRENT freed 400K, 77% free 1419K/6019K, paused 0ms+1ms
D/DataSource_M3U8(  744): parseM3U8 .......!
D/DataSource_M3U8(  744): 
D/DataSource_M3U8(  744):  do not update  mediaSequence : 0   url = http://cibn-iss1.longvisionmedia.com:8088/vod/GA   
D/DataSource_M3U8(  744): [M3U8] file: NULL line 
D/DataSource_M3U8(  744): HLS=====>> Live Stream!!!!
D/DataSource_M3U8(  744): 
D/DataSource_M3U8(  744): 
D/DataSource_M3U8(  744): 
D/DataSource_M3U8(  744): ============Begin to get playlist !!=====================
D/DataSource_M3U8(  744): 
D/DataSource_M3U8(  744): 
D/DataSource_M3U8(  744): 
D/DataSource_M3U8(  744):  connect Server :cibn-iss1.longvisionmedia.com
D/dalvikvm( 1505): GC_CONCURRENT freed 513K, 79% free 1315K/6019K, paused 1ms+1ms
D/dalvikvm( 1505): GC_CONCURRENT freed 394K, 79% free 1314K/6019K, paused 1ms+1ms
D/dalvikvm( 1505): GC_CONCURRENT freed 394K, 79% free 1315K/6019K, paused 1ms+1ms
D/DataSource_M3U8(  744): parseM3U8 .......!
D/DataSource_M3U8(  744): 
D/DataSource_M3U8(  744):  do not update  mediaSequence : 0   url = http://cibn-iss1.longvisionmedia.com:8088/vod/GA   
D/DataSource_M3U8(  744): [M3U8] file: NULL line 
D/DataSource_M3U8(  744): HLS=====>> Live Stream!!!!
D/dalvikvm( 1505): GC_CONCURRENT freed 393K, 79% free 1314K/6019K, paused 1ms+1ms
D/HomePlayerLib( 1505): hostaddress count is 1
D/dalvikvm( 1505): GC_CONCURRENT freed 400K, 77% free 1423K/6019K, paused 1ms+1ms
D/dalvikvm( 1505): GC_CONCURRENT freed 492K, 77% free 1442K/6019K, paused 1ms+1ms
D/dalvikvm( 1505): GC_CONCURRENT freed 528K, 77% free 1419K/6019K, paused 0ms+1ms
D/dalvikvm( 1505): GC_CONCURRENT freed 503K, 77% free 1427K/6019K, paused 1ms+1ms
D/dalvikvm( 1505): GC_CONCURRENT freed 500K, 79% free 1316K/6019K, paused 1ms+1ms
D/DataSource_M3U8(  744): 
D/DataSource_M3U8(  744): 
D/DataSource_M3U8(  744): 
D/DataSource_M3U8(  744): ============Begin to get playlist !!=====================
D/DataSource_M3U8(  744): 
D/DataSource_M3U8(  744): 
D/dalvikvm( 1505): GC_CONCURRENT freed 386K, 78% free 1375K/6019K, paused 1ms+1ms
D/dalvikvm( 1505): GC_CONCURRENT freed 433K, 78% free 1328K/6019K, paused 1ms+1ms
D/DataSource_M3U8(  744): 
D/DataSource_M3U8(  744):  connect Server :cibn-iss1.longvisionmedia.com
D/dalvikvm( 1505): GC_CONCURRENT freed 392K, 78% free 1340K/6019K, paused 1ms+2ms
D/dalvikvm( 1505): GC_CONCURRENT freed 408K, 78% free 1364K/6019K, paused 0ms+1ms
D/dalvikvm( 1505): GC_CONCURRENT freed 422K, 78% free 1335K/6019K, paused 2ms+1ms
D/dalvikvm( 1505): GC_CONCURRENT freed 396K, 78% free 1338K/6019K, paused 1ms+1ms
D/dalvikvm( 1505): GC_CONCURRENT freed 388K, 78% free 1349K/6019K, paused 1ms+1ms
D/dalvikvm( 1505): GC_CONCURRENT freed 427K, 79% free 1321K/6019K, paused 1ms+1ms
D/dalvikvm( 1505): GC_CONCURRENT freed 382K, 77% free 1440K/6019K, paused 1ms+2ms
D/dalvikvm( 1505): GC_CONCURRENT freed 515K, 77% free 1432K/6019K, paused 1ms+1ms
D/DataSource_M3U8(  744): parseM3U8 .......!
D/DataSource_M3U8(  744): 
D/DataSource_M3U8(  744):  do not update  mediaSequence : 0   url = http://cibn-iss1.longvisionmedia.com:8088/vod/GA   
D/DataSource_M3U8(  744): [M3U8] file: NULL line 
D/DataSource_M3U8(  744): HLS=====>> Live Stream!!!!
D/DataSource_M3U8(  744): 
D/DataSource_M3U8(  744): 
D/DataSource_M3U8(  744): 
D/DataSource_M3U8(  744): ============Begin to get playlist !!=====================
D/DataSource_M3U8(  744): 
D/DataSource_M3U8(  744): 
D/DataSource_M3U8(  744): 
D/DataSource_M3U8(  744):  connect Server :cibn-iss1.longvisionmedia.com
D/DataSource_M3U8(  744): parseM3U8 .......!
D/DataSource_M3U8(  744): 
D/DataSource_M3U8(  744):  do not update  mediaSequence : 0   url = http://cibn-iss1.longvisionmedia.com:8088/vod/GA   
D/DataSource_M3U8(  744): [M3U8] file: NULL line 
D/DataSource_M3U8(  744): HLS=====>> Live Stream!!!!
D/dalvikvm( 1505): GC_CONCURRENT freed 518K, 79% free 1298K/6019K, paused 1ms+1ms
D/DataSource_M3U8(  744): 
D/DataSource_M3U8(  744): 
D/DataSource_M3U8(  744): 
D/DataSource_M3U8(  744): ============Begin to get playlist !!=====================
D/DataSource_M3U8(  744): 
D/DataSource_M3U8(  744): 
D/DataSource_M3U8(  744): 
D/DataSource_M3U8(  744):  connect Server :cibn-iss1.longvisionmedia.com
D/dalvikvm( 1505): GC_CONCURRENT freed 380K, 77% free 1411K/6019K, paused 1ms+1ms
D/dalvikvm( 1505): GC_CONCURRENT freed 490K, 77% free 1397K/6019K, paused 1ms+1ms
D/dalvikvm( 1505): GC_CONCURRENT freed 475K, 78% free 1361K/6019K, paused 2ms+1ms
D/dalvikvm( 1505): GC_CONCURRENT freed 446K, 78% free 1328K/6019K, paused 1ms+1ms
D/dalvikvm( 1505): GC_CONCURRENT freed 409K, 77% free 1396K/6019K, paused 1ms+1ms
D/dalvikvm( 1505): GC_CONCURRENT freed 475K, 79% free 1314K/6019K, paused 0ms+1ms
D/dalvikvm( 1505): GC_CONCURRENT freed 395K, 79% free 1313K/6019K, paused 1ms+1ms
D/dalvikvm( 1505): GC_CONCURRENT freed 394K, 79% free 1314K/6019K, paused 2ms+1ms
D/DataSource_M3U8(  744): parseM3U8 .......!
D/DataSource_M3U8(  744): 
D/DataSource_M3U8(  744):  do not update  mediaSequence : 0   url = http://cibn-iss1.longvisionmedia.com:8088/vod/GA   
D/DataSource_M3U8(  744): [M3U8] file: NULL line 
D/DataSource_M3U8(  744): HLS=====>> Live Stream!!!!
D/dalvikvm( 1505): GC_CONCURRENT freed 394K, 79% free 1319K/6019K, paused 1ms+1ms
D/DataSource_M3U8(  744): 
D/DataSource_M3U8(  744): 
D/DataSource_M3U8(  744): 
D/DataSource_M3U8(  744): ============Begin to get playlist !!=====================
D/DataSource_M3U8(  744): 
D/DataSource_M3U8(  744): 
D/DataSource_M3U8(  744): 
D/DataSource_M3U8(  744):  connect Server :cibn-iss1.longvisionmedia.com
D/dalvikvm( 1505): GC_CONCURRENT freed 402K, 79% free 1311K/6019K, paused 2ms+1ms
D/dalvikvm( 1505): GC_CONCURRENT freed 396K, 76% free 1449K/6019K, paused 1ms+1ms
D/dalvikvm( 1505): GC_CONCURRENT freed 527K, 79% free 1317K/6019K, paused 0ms+1ms
D/DataSource_M3U8(  744): parseM3U8 .......!
D/DataSource_M3U8(  744): 
D/DataSource_M3U8(  744):  do not update  mediaSequence : 0   url = http://cibn-iss1.longvisionmedia.com:8088/vod/GA   
D/DataSource_M3U8(  744): [M3U8] file: NULL line 
D/DataSource_M3U8(  744): HLS=====>> Live Stream!!!!
D/dalvikvm( 1505): GC_CONCURRENT freed 395K, 79% free 1314K/6019K, paused 1ms+1ms
D/dalvikvm( 1505): GC_CONCURRENT freed 393K, 79% free 1314K/6019K, paused 1ms+1ms
D/HomePlayerLib( 1505): hostaddress count is 1
D/dalvikvm( 1505): GC_CONCURRENT freed 411K, 77% free 1406K/6019K, paused 1ms+1ms
D/dalvikvm( 1505): GC_CONCURRENT freed 497K, 77% free 1409K/6019K, paused 1ms+1ms
D/dalvikvm( 1505): GC_CONCURRENT freed 493K, 79% free 1301K/6019K, paused 1ms+1ms
D/DataSource_M3U8(  744): ----------UpdatePlaylistThread runing... 
D/DataSource_M3U8(  744): 
D/DataSource_M3U8(  744): 
D/DataSource_M3U8(  744): 
D/DataSource_M3U8(  744): ============Begin to get playlist !!=====================
D/DataSource_M3U8(  744): 
D/DataSource_M3U8(  744): 
D/DataSource_M3U8(  744): 
D/DataSource_M3U8(  744):  Warnig:: No Enough data in buffer...
D/DataSource_M3U8(  744): 
D/DataSource_M3U8(  744):  seekAt : 0 
D/MstarPlayer(  744): create MSrv_MM_PlayerInterface
D/MstarPlayer(  744): ===> GET source FILE Size -1 
D/MstarPlayer(  744): play content is video
D/MMPlayer(  744): constructor: 0x240a8
D/MMPlayer(  744): 
D/MMPlayer(  744): connect
D/MMPlayer(  744): 
D/MMPlayer(  744): getMMPlayerService
D/IMMPlayerService(  744): Send CONNECT
D/IMMPlayer(  744): Send INITIALIZE
I//lib/ld-linux.so.3(  748): V/MMPlayerService( 755 1066): MMPlayerService::connect(callingPid 744, client 0x2a0dc830)
I//lib/ld-linux.so.3(  748): V/MMPlayerService( 755 1066): MMPlayerService::Client constructor(callingPid 744)
I//lib/ld-linux.so.3([ 1264.275971] [irq_proc_open][373] -16
  748): MMPlayerService::Client::MM_Initialize()
I//lib/ld-linux.so.3(  748): MSrv_MM_PhotoPlayer::Initialize().
I//lib/ld-linux.so.3(  748): mapi_cpcodec::Initialize(). eDecoderPath:2
I//lib/ld-linux.so.3(  748): Thread name: mapi_cpcodec.
I//lib/ld-linux.so.3(  748): MIU interval 0x60000000.
I//lib/ld-linux.so.3(  748): E_MMAP_ID_XC_MAIN_FB PA: 0x17bc1000, VA: 0x457c2000, size: 0x1800000, IsMIU0: 1.
I//lib/ld-linux.so.3(  748): E_MMAP_ID_PHOTO_SHAREMEM PA: 0x167bc000, VA: 0x443bd000, size: 0x400, IsMIU0: 1.
I//lib/ld-linux.so.3(  748): E_MMAP_ID_JPD_READ PA: 0x167bc400, VA: 0x443bd400, size: 0x50080, IsMIU0: 1.
I//lib/ld-linux.so.3(  748): E_MMAP_ID_JPD_WRITE PA: 0x1680c480, VA: 0x4440d480, size: 0x3fc000, IsMIU0: 1.
I//lib/ld-linux.so.3(  748): E_MMAP_ID_PHOTO_DISPLAY PA: 0x163c0000, VA: 0x43fc1000, size: 0x3fc000, IsMIU0: 1.
I//lib/ld-linux.so.3(  748): E_MMAP_ID_PHOTO_INTER PA: 0x16c08480, VA: 0x44809480, size: 0x630000, IsMIU0: 1.
I//lib/ld-linux.so.3(  748): E_MMAP_ID_PHOTO_MPO_INTER PA: 0x17238480, VA: 0x44e39480, size: 0x3fc000, IsMIU0: 1.
I//lib/ld-linux.so.3(  748): E_MMAP_ID_VDPLAYER_DATA PA: 0x163c0000, VA: 0x43fc1000, size: 0x1000, IsMIU0: 1.
I//lib/ld-linux.so.3(  748): E_MMAP_ID_VDPLAYER_BITSTREAM PA: 0x16d40000, VA: 0x44941000, size: 0x400000, IsMIU0: 1.
I//lib/ld-linux.so.3(  748): E_MMAP_ID_VDPLAYER_BITSTREAM_EXT PA: 0x16940000, VA: 0x44541000, size: 0x400000, IsMIU0: 1.
I//lib/ld-linux.so.3(  748): E_MMAP_ID_SUBTITLE PA: 0x16740000, VA: 0x44341000, size: 0x1e0000, IsMIU0: 1.
I//lib/ld-linux.so.3(  748): E_MMAP_ID_MAD_DEC PA: 0x15c40000, VA: 0x43841000, size: 0x280000, IsMIU0: 1.
I//lib/ld-linux.so.3(  748): E_MMAP_ID_VDEC_CPU PA: 0x1b800000, VA: 0x49401000, size: 0x200000, IsMIU0: 1.
I//lib/ld-linux.so.3(  748): E_MMAP_ID_VDEC_FRAMEBUFFER PA: 0x1ba00000, VA: 0x49601000, size: 0x1b00000, IsMIU0: 1.
I//lib/ld-linux.so.3(  748): E_MMAP_ID_VDEC_FRAMEBUFFERSD PA: 0x1ba00000, VA: 0x49601000, size: 0x1b00000, IsMIU0: 1.
I//lib/ld-linux.so.3(  748): E_MMAP_ID_VDEC_BITSTREAM PA: 0x1d500000, VA: 0x4b101000, size: 0x800000, IsMIU0: 1.
I//lib/ld-linux.so.3(  748): E_MMAP_ID_VDEC_MVC_FRAMEBUFFER PA: 0x1ba00000, VA: 0x49601000, size: 0x2b00000, IsMIU0: 1.
I//lib/ld-linux.so.3(  748): E_MMAP_ID_VDEC_MVC_BITSTREAM PA: 0x1e500000, VA: 0x4c101000, size: 0x1600000, IsMIU0: 1.
I//lib/ld-linux.so.3(  748): E_MMAP_ID_DMX_SECBUF PA: 0xd0000, VA: 0x411d1000, size: 0x70000, IsMIU0: 1.
D/dalvikvm( 1505): GC_CONCURRENT freed 349K, 78% free 1338K/6019K, paused 1ms+1ms
I//lib/ld-linux.so.3(  748): ???????? Important,The MMAP ID(110) does not existed!, please check it...
I//lib/ld-linux.so.3(  748): ???????? Please update the right system configure...
I//lib/ld-linux.so.3(  748): ???????? Important,The MMAP ID(111) does not existed!, please check it...
I//lib/ld-linux.so.3(  748): ???????? Please update the right system configure...
I//lib/ld-linux.so.3(  748): Panel width: 1280, heigt: 720.
I//lib/ld-linux.so.3(  748): MPO SBS width: 1792, heigt: 504.
I//lib/ld-linux.so.3(  748): Output Buffer start: 0x4440d480, BUS address start: 0x5680c480, size: 0x3fc000.
I//lib/ld-linux.so.3(  748): Display Buffer start: 0x43fc1000, BUS address start: 0x563c0000, size: 0x3fc000.
I//lib/ld-linux.so.3(  748): Internal Buffer start: 0x44809480, BUS address start: 0x56c08480, size: 0x630000.
I//lib/ld-linux.so.3(  748): MPO Internal Buffer start: 0x44e39480, BUS address start: 0x57238480, size: 0x3fc000.
I//lib/ld-linux.so.3(  748): MSrv_MM_PhotoPlayer::Initialize() Done.
I//lib/ld-linux.so.3(  748): >>> MSrv_MM_VideoPlayer  Initialize 
I//lib/ld-linux.so.3(  748): mapi_cpcodec::Initialize(). eDecoderPath:2
I//lib/ld-linux.so.3(  748): ******Amplifier_TI5707_SWMute(0)
I//lib/ld-linux.so.3(  748): 5707write fail = 7
I//lib/ld-linux.so.3(  748): 5707write fail = 7
I//lib/ld-linux.so.3(  748): 5707write fail = 7
I//lib/ld-linux.so.3(  748): 5707write fail = 7
D/IMMPlayer(  744): Get ret:0
D/IMMPlayer(  744): Send PLAYER_COMMAND_ADD_EVENT_RECIPIENT_FPTR
D/IMMPlayer(  744): Get ret:1
D/IMMPlayer(  744): Send MM_SetPlayerTimeOutValue
D/IMMPlayer(  744): pTimeOutInfo->u32FileIOTimeOut:4294967295
D/IMMPlayer(  744): pTimeOutInfo->u32FileReadTimeOut:4294967295
D/IMMPlayer(  744): pTimeOutInfo->u32FileSeekTimeOut:4294967295
D/IMMPlayer(  744): pTimeOutInfo->u32DecodeCtrlTimeOut:4294967295
D/IMMPlayer(  744): pTimeOutInfo->u32ESBuffCtrlTimeOut:-1
D/IMMPlayer(  744): Get ret:0
D/IMMPlayer(  744): Send MM_CreateMediaItem
D/IMMPlayer(  744): stMedia.u32FileID:233648
D/IMMPlayer(  744): stMedia.u32FileSecondID:0
D/IMMPlayer(  744): stMedia.u32FileThirdID:0
D/IMMPlayer(  744): stMedia.u32FileFourthID:0
D/IMMPlayer(  744): stMedia.u64FileLength:18446744073709551615
D/IMMPlayer(  744): stMedia.eMediaType:2
D/IMMPlayer(  744): stMedia.eMediaFileType:2
D/IMMPlayer(  744): stMedia.eMediaCreateMode:0
D/IMMPlayer(  744): stMedia.u32CtlFlag:66
I//lib/ld-linux.so.3(  748): 5707write fail = 6
I//lib/ld-linux.so.3(  748): Panel width: 01280, heigt: 720.
I//lib/ld-linux.so.3(  748): Thread name: MM_Audio.
I//lib/ld-linux.so.3(  748): Thread name: MM_Audio.
D/IMMPlayer(  744): Get ret:0
D/MstarPlayer(  744): media item 0x1
D/MstarPlayer(  744): MstarPlayer::doPrepare done
I//lib/ld-linux.so.3(  748): Video Item Info, file ID: 0x390b0, file length: 0xffffffff 0xffffffff.
I//lib/ld-linux.so.3(  748): Output Resolution: DISPLAY_DACOUT_576P or DISPLAY_DACOUT_720P_50 or DISPLAY_DACOUT_1080P_50.
I//lib/ld-linux.so.3(  748): >>>GetDRMSetting From EEPROM
I//lib/ld-linux.so.3(  748): mapi_cpcodec::CreateMedia(): 1264255.
I//lib/ld-linux.so.3(  748): 1 File ID: 0x390b0, 2 File ID: 0x0, 3 File ID: 0x0, 4 File ID: 0x0.
I//lib/ld-linux.so.3(  748): File size: 0xffffffff ffffffff.
I//lib/ld-linux.so.3(  748): Media Type: 0, File Type: 2, Create Mode: 0.
I//lib/ld-linux.so.3(  748): mapi_cpcodec::videoCreateMedia().
I//lib/ld-linux.so.3(  748): Reconfigure Buffer.
I//lib/ld-linux.so.3(  748): E_MMAP_ID_VDEC_FRAMEBUFFER PA: 0x1ba00000, VA: 0x49601000, size: 0x1b00000, IsMIU0: 1.
I//lib/ld-linux.so.3(  748): E_MMAP_ID_VDEC_FRAMEBUFFERSD PA: 0x1ba00000, VA: 0x49601000, size: 0x1b00000, IsMIU0: 1.
I//lib/ld-linux.so.3(  748): E_MMAP_ID_VDEC_BITSTREAM PA: 0x1d500000, VA: 0x4b101000, size: 0x800000, IsMIU0: 1.
I//lib/ld-linux.so.3(  748): E_MMAP_ID_VDEC_MVC_FRAMEBUFFER PA: 0x1ba00000, VA: 0x49601000, size: 0x2b00000, IsMIU0: 1.
I//lib/ld-linux.so.3(  748): E_MMAP_ID_VDEC_MVC_BITSTREAM PA: 0x1e500000, VA: 0x4c101000, size: 0x1600000, IsMIU0: 1.
I//lib/ld-linux.so.3(  748): Copy TSP FW bin 2a0b9008 -> 411d1000; 4400
I//lib/ld-linux.so.3(  748): drop error frame.
I//lib/ld-linux.so.3(  748): pCodecMedia eFileType:2,eAppType:0 
I//lib/ld-linux.so.3(  748): default unseekable Stream mode config: Set preload size 0x4000
I//lib/ld-linux.so.3(  748): Stream mode. Set read header require size: MIN_REQUIRE_SIZE
I//lib/ld-linux.so.3(  748): Stream mode. for ts,Set read header probe option: (E_VDP_READ_HEADER_PROBE_AUDIO_DISABLE | E_VDP_READ_HEADER_PROBE_DURATION_DISABLE)
I//lib/ld-linux.so.3(  748): >>>>  DRM start  DRM MODEL ID  0x3031
I//lib/ld-linux.so.3(  748): LoadDRMMemory();
I//lib/ld-linux.so.3(  748): Display Msg: 29.
I//lib/ld-linux.so.3(  748):  set Frame buffer info  MAX_FRAMENUM 4   MAX_FIELDNUM  16
I//lib/ld-linux.so.3(  748): Enable TS Subtitle codec state  1
I//lib/ld-linux.so.3(  748): [CI][HbbTV-VOD]<INFO>:[1365699239.278113] MM init start
I//lib/ld-linux.so.3(  748): videoCreateMedia Done.
I//lib/ld-linux.so.3(  748): Create CP Ccodec Video Media Done.
D/dalvikvm( 1505): GC_CONCURRENT freed 394K, 78% free 1334K/6019K, paused 1ms+1ms
I//lib/ld-linux.so.3(  748): Device or resource busy
I//lib/ld-linux.so.3(  748): Cannot open interrupt descriptor for irq=147 Auth OK
I//lib/ld-linux.so.3(  748): Check S/W IP Statue
I//lib/ld-linux.so.3(  748): [0]:OFF; [1]:OFF; [2]:OFF; [3]:ON
I//lib/ld-linux.so.3(  748): [4]:OFF; [5]:OFF; [6]:OFF; [7]:OFF
I//lib/ld-linux.so.3(  748): [8]:OFF; [9]:OFF; [10]:OFF; [11]:ON
I//lib/ld-linux.so.3(  748): [12]:ON; [13]:OFF; [14]:OFF; [15]:OFF
I//lib/ld-linux.so.3(  748): [16]:OFF; [17]:OFF; [18]:OFF; [19]:ON
I//lib/ld-linux.so.3(  748): [20]:ON; [21]:ON; [22]:ON; [23]:ON
I//lib/ld-linux.so.3(  748): [24]:OFF; [25]:OFF; [26]:OFF; [27]:ON
I//lib/ld-linux.so.3(  748): [28]:ON; [29]:ON; [30]:ON; [31]:OFF
I//lib/ld-linux.so.3(  748): [32]:OFF; [33]:ON; [34]:ON; [35]:OFF
I//lib/ld-linux.so.3(  748): [36]:OFF; [37]:OFF; [38]:OFF; [39]:ON
I//lib/ld-linux.so.3(  748): [40]:ON; [41]:OFF; [42]:OFF; [43]:OFF
I//lib/ld-linux.so.3(  748): [44]:OFF; [45]:OFF; [46]:OFF; [47]:OFF
I//lib/ld-linux.so.3(  748): [48]:OFF; [49]:OFF; [50]:OFF; [51]:OFF
I//lib/ld-linux.so.3(  748): [52]:OFF; [53]:OFF; [54]:OFF; [55]:OFF
I//lib/ld-linux.so.3(  748): [56]:OFF; [57]:OFF; [58]:OFF; [59]:OFF
I//lib/ld-linux.so.3(  748): [60]:OFF; [61]:OFF; [62]:OFF; [63]:OFF
I//lib/ld-linux.so.3(  748): Subtitle File Open Fail !!
I//lib/ld-linux.so.3(  748): Attached File Open Fail !!
I//lib/ld-linux.so.3(  748): Audio File Fail!!
D/dalvikvm( 1505): GC_CONCURRENT freed 391K, 77% free 1400K/6019K, paused 1ms+1ms
D/dalvikvm( 1505): GC_CONCURRENT freed 467K, 78% free 1335K/6019K, paused 1ms+1ms
D/dalvikvm( 1505): GC_CONCURRENT freed 399K, 77% free 1416K/6019K, paused 1ms+1ms
D/dalvikvm( 1505): GC_CONCURRENT freed 474K, 78% free 1333K/6019K, paused 1ms+1ms
D/DataSource_M3U8(  744): 
D/DataSource_M3U8(  744):  connect Server :cibn-iss1.longvisionmedia.com
D/dalvikvm( 1505): GC_CONCURRENT freed 394K, 78% free 1332K/6019K, paused 1ms+1ms
D/DataSource_M3U8(  744): parseM3U8 .......!
D/DataSource_M3U8(  744): 
D/DataSource_M3U8(  744):  do not update  mediaSequence : 0   url = http://cibn-iss1.longvisionmedia.com:8088/vod/GA   
D/DataSource_M3U8(  744): [M3U8] file: NULL line 
D/DataSource_M3U8(  744): HLS=====>> Live Stream!!!!
D/DataSource_M3U8(  744): 
D/DataSource_M3U8(  744): 
D/DataSource_M3U8(  744): 
D/DataSource_M3U8(  744): ============Begin to get playlist !!=====================
D/DataSource_M3U8(  744): 
D/DataSource_M3U8(  744): 
D/DataSource_M3U8(  744): 
D/DataSource_M3U8(  744):  connect Server :cibn-iss1.longvisionmedia.com
D/DataSource_M3U8(  744): parseM3U8 .......!
D/DataSource_M3U8(  744): 
D/DataSource_M3U8(  744):  do not update  mediaSequence : 0   url = http://cibn-iss1.longvisionmedia.com:8088/vod/GA   
D/DataSource_M3U8(  744): [M3U8] file: NULL line 
D/DataSource_M3U8(  744): HLS=====>> Live Stream!!!!
D/dalvikvm( 1505): GC_CONCURRENT freed 423K, 78% free 1331K/6019K, paused 1ms+1ms
D/DataSource_M3U8(  744): 
D/DataSource_M3U8(  744): 
D/DataSource_M3U8(  744): 
D/DataSource_M3U8(  744): ============Begin to get playlist !!=====================
D/DataSource_M3U8(  744): 
D/DataSource_M3U8(  744): 
D/DataSource_M3U8(  744): 
D/DataSource_M3U8(  744):  connect Server :cibn-iss1.longvisionmedia.com
D/dalvikvm( 1505): GC_CONCURRENT freed 414K, 79% free 1311K/6019K, paused 1ms+1ms
D/dalvikvm( 1505): GC_CONCURRENT freed 396K, 79% free 1301K/6019K, paused 0ms+1ms
D/dalvikvm( 1505): GC_CONCURRENT freed 393K, 79% free 1300K/6019K, paused 1ms+2ms
D/dalvikvm( 1505): GC_CONCURRENT freed 394K, 79% free 1301K/6019K, paused 1ms+1ms
D/dalvikvm( 1505): GC_CONCURRENT freed 393K, 77% free 1409K/6019K, paused 1ms+1ms
D/DataSource_M3U8(  744): parseM3U8 .......!
D/DataSource_M3U8(  744): 
D/DataSource_M3U8(  744):  do not update  mediaSequence : 0   url = http://cibn-iss1.longvisionmedia.com:8088/vod/GA   
D/DataSource_M3U8(  744): [M3U8] file: NULL line 
D/DataSource_M3U8(  744): HLS=====>> Live Stream!!!!
D/DataSource_M3U8(  744): 
D/DataSource_M3U8(  744): 
D/DataSource_M3U8(  744): 
D/DataSource_M3U8(  744): ============Begin to get playlist !!=====================
D/DataSource_M3U8(  744): 
D/DataSource_M3U8(  744): 
D/DataSource_M3U8(  744): 
D/DataSource_M3U8(  744):  connect Server :cibn-iss1.longvisionmedia.com
D/dalvikvm( 1505): GC_CONCURRENT freed 486K, 79% free 1315K/6019K, paused 1ms+1ms
D/dalvikvm( 1505): GC_CONCURRENT freed 405K, 76% free 1466K/6019K, paused 1ms+1ms
D/dalvikvm( 1505): GC_CONCURRENT freed 553K, 79% free 1312K/6019K, paused 1ms+0ms
D/HomePlayerLib( 1505): hostaddress count is 1
D/dalvikvm( 1505): GC_CONCURRENT freed 403K, 79% free 1299K/6019K, paused 1ms+1ms
D/dalvikvm( 1505): GC_CONCURRENT freed 395K, 78% free 1366K/6019K, paused 1ms+1ms
D/DataSource_M3U8(  744): parseM3U8 .......!
D/DataSource_M3U8(  744): 
D/DataSource_M3U8(  744):  do not update  mediaSequence : 0   url = http://cibn-iss1.longvisionmedia.com:8088/vod/GA   
D/DataSource_M3U8(  744): [M3U8] file: NULL line 
D/DataSource_M3U8(  744): HLS=====>> Live Stream!!!!
D/dalvikvm( 1505): GC_CONCURRENT freed 445K, 79% free 1321K/6019K, paused 1ms+1ms
D/dalvikvm( 1505): GC_CONCURRENT freed 411K, 79% free 1318K/6019K, paused 1ms+2ms
D/dalvikvm( 1505): GC_CONCURRENT freed 390K, 78% free 1336K/6019K, paused 1ms+1ms
D/dalvikvm( 1505): GC_CONCURRENT freed 392K, 77% free 1443K/6019K, paused 0ms+1ms
D/dalvikvm( 1505): GC_CONCURRENT freed 514K, 78% free 1377K/6019K, paused 1ms+1ms
D/dalvikvm( 1505): GC_CONCURRENT freed 442K, 77% free 1405K/6019K, paused 1ms+1ms
D/DataSource_M3U8(  744): 
D/DataSource_M3U8(  744): 
D/DataSource_M3U8(  744): 
D/DataSource_M3U8(  744): ============Begin to get playlist !!=====================
D/DataSource_M3U8(  744): 
D/DataSource_M3U8(  744): 
D/dalvikvm( 1505): GC_CONCURRENT freed 476K, 78% free 1328K/6019K, paused 1ms+2ms
D/dalvikvm( 1505): GC_CONCURRENT freed 413K, 79% free 1312K/6019K, paused 1ms+1ms
D/dalvikvm( 1505): GC_CONCURRENT freed 379K, 76% free 1445K/6019K, paused 1ms+1ms
D/DataSource_M3U8(  744): 
D/DataSource_M3U8(  744):  connect Server :cibn-iss1.longvisionmedia.com
D/DataSource_M3U8(  744): parseM3U8 .......!
D/DataSource_M3U8(  744): 
D/DataSource_M3U8(  744):  do not update  mediaSequence : 0   url = http://cibn-iss1.longvisionmedia.com:8088/vod/GA   
D/DataSource_M3U8(  744): [M3U8] file: NULL line 
D/DataSource_M3U8(  744): HLS=====>> Live Stream!!!!
D/DataSource_M3U8(  744): 
D/DataSource_M3U8(  744): 
D/DataSource_M3U8(  744): 
D/DataSource_M3U8(  744): ============Begin to get playlist !!=====================
D/DataSource_M3U8(  744): 
D/DataSource_M3U8(  744): 
D/DataSource_M3U8(  744): 
D/DataSource_M3U8(  744):  connect Server :cibn-iss1.longvisionmedia.com
D/DataSource_M3U8(  744): parseM3U8 .......!
D/DataSource_M3U8(  744): 
D/DataSource_M3U8(  744):  do not update  mediaSequence : 0   url = http://cibn-iss1.longvisionmedia.com:8088/vod/GA   
D/DataSource_M3U8(  744): [M3U8] file: NULL line 
D/DataSource_M3U8(  744): HLS=====>> Live Stream!!!!
D/DataSource_M3U8(  744): 
D/DataSource_M3U8(  744): 
D/DataSource_M3U8(  744): 
D/DataSource_M3U8(  744): ============Begin to get playlist !!=====================
D/DataSource_M3U8(  744): 
D/DataSource_M3U8(  744): 
D/DataSource_M3U8(  744): 
D/DataSource_M3U8(  744):  connect Server :cibn-iss1.longvisionmedia.com
D/dalvikvm( 1505): GC_CONCURRENT freed 535K, 79% free 1312K/6019K, paused 1ms+1ms
D/dalvikvm( 1505): GC_CONCURRENT freed 407K, 79% free 1289K/6019K, paused 1ms+1ms
D/dalvikvm( 1505): GC_CONCURRENT freed 381K, 79% free 1302K/6019K, paused 1ms+1ms
D/dalvikvm( 1505): GC_CONCURRENT freed 393K, 79% free 1302K/6019K, paused 1ms+1ms
D/dalvikvm( 1505): GC_CONCURRENT freed 396K, 79% free 1289K/6019K, paused 1ms+1ms
D/dalvikvm( 1505): GC_CONCURRENT freed 373K, 77% free 1385K/6019K, paused 1ms+1ms
D/DataSource_M3U8(  744): parseM3U8 .......!
D/DataSource_M3U8(  744): 
D/DataSource_M3U8(  744):  do not update  mediaSequence : 0   url = http://cibn-iss1.longvisionmedia.com:8088/vod/GA   
D/DataSource_M3U8(  744): [M3U8] file: NULL line 
D/DataSource_M3U8(  744): HLS=====>> Live Stream!!!!
D/dalvikvm( 1505): GC_CONCURRENT freed 475K, 79% free 1302K/6019K, paused 1ms+1ms
D/dalvikvm( 1505): GC_CONCURRENT freed 394K, 77% free 1409K/6019K, paused 0ms+1ms
D/dalvikvm( 1505): GC_CONCURRENT freed 487K, 79% free 1320K/6019K, paused 1ms+1ms
D/DataSource_M3U8(  744): 
D/DataSource_M3U8(  744): 
D/DataSource_M3U8(  744): 
D/DataSource_M3U8(  744): ============Begin to get playlist !!=====================
D/DataSource_M3U8(  744): 
D/DataSource_M3U8(  744): 
D/DataSource_M3U8(  744): 
D/DataSource_M3U8(  744):  connect Server :cibn-iss1.longvisionmedia.com
D/dalvikvm( 1505): GC_CONCURRENT freed 408K, 79% free 1303K/6019K, paused 1ms+1ms
D/dalvikvm( 1505): GC_CONCURRENT freed 397K, 79% free 1309K/6019K, paused 1ms+1ms
D/dalvikvm( 1505): GC_CONCURRENT freed 395K, 79% free 1309K/6019K, paused 1ms+1ms
D/dalvikvm( 1505): GC_CONCURRENT freed 405K, 79% free 1314K/6019K, paused 1ms+1ms
D/dalvikvm( 1505): GC_CONCURRENT freed 394K, 79% free 1314K/6019K, paused 1ms+1ms
D/dalvikvm( 1505): GC_CONCURRENT freed 393K, 79% free 1314K/6019K, paused 1ms+1ms
D/dalvikvm( 1505): GC_CONCURRENT freed 394K, 79% free 1314K/6019K, paused 1ms+1ms
D/dalvikvm( 1505): GC_CONCURRENT freed 394K, 79% free 1319K/6019K, paused 1ms+1ms
D/dalvikvm( 1505): GC_CONCURRENT freed 407K, 77% free 1394K/6019K, paused 1ms+1ms
D/dalvikvm( 1505): GC_CONCURRENT freed 478K, 77% free 1409K/6019K, paused 1ms+1ms
D/dalvikvm( 1505): GC_CONCURRENT freed 488K, 78% free 1361K/6019K, paused 1ms+1ms
D/DataSource_M3U8(  744): parseM3U8 .......!
D/DataSource_M3U8(  744): 
D/DataSource_M3U8(  744):  do not update  mediaSequence : 0   url = http://cibn-iss1.longvisionmedia.com:8088/vod/GA   
D/DataSource_M3U8(  744): [M3U8] file: NULL line 
D/DataSource_M3U8(  744): HLS=====>> Live Stream!!!!
D/dalvikvm( 1505): GC_CONCURRENT freed 447K, 79% free 1303K/6019K, paused 1ms+1ms
D/dalvikvm( 1505): GC_CONCURRENT freed 398K, 79% free 1300K/6019K, paused 1ms+1ms
D/dalvikvm( 1505): GC_CONCURRENT freed 389K, 77% free 1408K/6019K, paused 1ms+1ms
D/HomePlayerLib( 1505): hostaddress count is 1
D/dalvikvm( 1505): GC_CONCURRENT freed 495K, 78% free 1381K/6019K, paused 0ms+1ms
D/dalvikvm( 1505): GC_CONCURRENT freed 450K, 77% free 1442K/6019K, paused 1ms+1ms
D/dalvikvm( 1505): GC_CONCURRENT freed 521K, 77% free 1401K/6019K, paused 1ms+1ms
D/DataSource_M3U8(  744): 
D/DataSource_M3U8(  744): 
D/DataSource_M3U8(  744): 
D/DataSource_M3U8(  744): ============Begin to get playlist !!=====================
D/DataSource_M3U8(  744): 
D/DataSource_M3U8(  744): 
D/dalvikvm( 1505): GC_CONCURRENT freed 473K, 78% free 1334K/6019K, paused 1ms+1ms
D/dalvikvm( 1505): GC_CONCURRENT freed 413K, 78% free 1349K/6019K, paused 1ms+1ms
D/DataSource_M3U8(  744): 
D/DataSource_M3U8(  744):  connect Server :cibn-iss1.longvisionmedia.com
D/dalvikvm( 1505): GC_CONCURRENT freed 422K, 79% free 1315K/6019K, paused 1ms+1ms
D/dalvikvm( 1505): GC_CONCURRENT freed 389K, 77% free 1438K/6019K, paused 1ms+1ms
D/dalvikvm( 1505): GC_CONCURRENT freed 489K, 76% free 1453K/6019K, paused 1ms+1ms
D/dalvikvm( 1505): GC_CONCURRENT freed 516K, 77% free 1395K/6019K, paused 1ms+1ms
D/dalvikvm( 1505): GC_CONCURRENT freed 460K, 77% free 1430K/6019K, paused 1ms+1ms
D/dalvikvm( 1505): GC_CONCURRENT freed 489K, 77% free 1439K/6019K, paused 1ms+2ms
D/dalvikvm( 1505): GC_CONCURRENT freed 502K, 78% free 1352K/6019K, paused 1ms+2ms
D/DataSource_M3U8(  744): parseM3U8 .......!
D/DataSource_M3U8(  744): 
D/DataSource_M3U8(  744):  do not update  mediaSequence : 0   url = http://cibn-iss1.longvisionmedia.com:8088/vod/GA   
D/DataSource_M3U8(  744): [M3U8] file: NULL line 
D/DataSource_M3U8(  744): HLS=====>> Live Stream!!!!
D/dalvikvm( 1505): GC_CONCURRENT freed 419K, 78% free 1329K/6019K, paused 1ms+1ms
D/dalvikvm( 1505): GC_CONCURRENT freed 407K, 79% free 1307K/6019K, paused 1ms+1ms
D/dalvikvm( 1505): GC_CONCURRENT freed 380K, 77% free 1433K/6019K, paused 1ms+1ms
D/DataSource_M3U8(  744): 
D/DataSource_M3U8(  744): 
D/DataSource_M3U8(  744): 
D/DataSource_M3U8(  744): ============Begin to get playlist !!=====================
D/DataSource_M3U8(  744): 
D/DataSource_M3U8(  744): 
D/dalvikvm( 1505): GC_CONCURRENT freed 487K, 77% free 1421K/6019K, paused 1ms+1ms
D/dalvikvm( 1505): GC_CONCURRENT freed 486K, 79% free 1322K/6019K, paused 1ms+1ms
D/DataSource_M3U8(  744): 
D/DataSource_M3U8(  744):  connect Server :cibn-iss1.longvisionmedia.com
D/dalvikvm( 1505): GC_CONCURRENT freed 397K, 79% free 1319K/6019K, paused 1ms+1ms
D/dalvikvm( 1505): GC_CONCURRENT freed 394K, 78% free 1328K/6019K, paused 1ms+1ms
D/dalvikvm( 1505): GC_CONCURRENT freed 415K, 77% free 1411K/6019K, paused 2ms+1ms
D/DataSource_M3U8(  744): parseM3U8 .......!
D/DataSource_M3U8(  744): 
D/DataSource_M3U8(  744):  do not update  mediaSequence : 0   url = http://cibn-iss1.longvisionmedia.com:8088/vod/GA   
D/DataSource_M3U8(  744): [M3U8] file: NULL line 
D/DataSource_M3U8(  744): HLS=====>> Live Stream!!!!
D/DataSource_M3U8(  744): 
D/DataSource_M3U8(  744): 
D/DataSource_M3U8(  744): 
D/DataSource_M3U8(  744): ============Begin to get playlist !!=====================
D/DataSource_M3U8(  744): 
D/DataSource_M3U8(  744): 
D/DataSource_M3U8(  744): 
D/DataSource_M3U8(  744):  connect Server :cibn-iss1.longvisionmedia.com
D/DataSource_M3U8(  744): parseM3U8 .......!
D/DataSource_M3U8(  744): 
D/DataSource_M3U8(  744):  do not update  mediaSequence : 0   url = http://cibn-iss1.longvisionmedia.com:8088/vod/GA   
D/DataSource_M3U8(  744): [M3U8] file: NULL line 
D/DataSource_M3U8(  744): HLS=====>> Live Stream!!!!
D/dalvikvm( 1505): GC_CONCURRENT freed 492K, 79% free 1312K/6019K, paused 1ms+1ms
D/dalvikvm( 1505): GC_CONCURRENT freed 406K, 79% free 1298K/6019K, paused 1ms+1ms
D/DataSource_M3U8(  744): 
D/DataSource_M3U8(  744): 
D/DataSource_M3U8(  744): 
D/DataSource_M3U8(  744): ============Begin to get playlist !!=====================
D/DataSource_M3U8(  744): 
D/DataSource_M3U8(  744): 
D/dalvikvm( 1505): GC_CONCURRENT freed 379K, 79% free 1315K/6019K, paused 1ms+1ms
D/DataSource_M3U8(  744): 
D/DataSource_M3U8(  744):  Warnig:: No Enough data in buffer...
I//lib/ld-linux.so.3(  748): Blocking Read: 30019, size: 0x0.
D/HTTPStream(  744): receive_line return error:-268435448
D/HTTPStream(  744): receive header fail
D/dalvikvm( 1505): GC_CONCURRENT freed 393K, 79% free 1313K/6019K, paused 1ms+1ms
D/dalvikvm( 1505): GC_CONCURRENT freed 392K, 77% free 1398K/6019K, paused 1ms+1ms
D/dalvikvm( 1505): GC_CONCURRENT freed 485K, 79% free 1301K/6019K, paused 1ms+1ms
D/DataSource_M3U8(  744): ----------UpdatePlaylistThread runing... 
D/DataSource_M3U8(  744): 
D/DataSource_M3U8(  744): 
D/DataSource_M3U8(  744): 
D/DataSource_M3U8(  744): ============Begin to get playlist !!=====================
D/DataSource_M3U8(  744): 
D/DataSource_M3U8(  744): 
D/HomePlayerLib( 1505): hostaddress count is 1
D/dalvikvm( 1505): GC_CONCURRENT freed 388K, 79% free 1312K/6019K, paused 1ms+1ms
D/dalvikvm( 1505): GC_CONCURRENT freed 405K, 78% free 1359K/6019K, paused 1ms+1ms
D/dalvikvm( 1505): GC_CONCURRENT freed 438K, 78% free 1332K/6019K, paused 1ms+1ms
D/dalvikvm( 1505): GC_CONCURRENT freed 420K, 79% free 1316K/6019K, paused 1ms+1ms
D/HomePlayerLib( 1505): hostaddress count is 1
D/dalvikvm( 1505): GC_CONCURRENT freed 402K, 79% free 1303K/6019K, paused 1ms+1ms
D/dalvikvm( 1505): GC_CONCURRENT freed 396K, 77% free 1388K/6019K, paused 0ms+1ms
D/dalvikvm( 1505): GC_CONCURRENT freed 465K, 78% free 1365K/6019K, paused 1ms+1ms
D/dalvikvm( 1505): GC_CONCURRENT freed 414K, 78% free 1336K/6019K, paused 1ms+1ms
D/dalvikvm( 1505): GC_CONCURRENT freed 402K, 76% free 1462K/6019K, paused 1ms+1ms
D/dalvikvm( 1505): GC_CONCURRENT freed 514K, 78% free 1340K/6019K, paused 1ms+0ms
D/dalvikvm( 1505): GC_CONCURRENT freed 393K, 77% free 1428K/6019K, paused 1ms+1ms
D/dalvikvm( 1505): GC_CONCURRENT freed 494K, 78% free 1326K/6019K, paused 2ms+1ms
D/CheckNetWork( 1752): isOk true
D/CheckNetWork( 1752): ActInfoNetworkInfo: type: WIFI[], state: CONNECTED/CONNECTED, reason: (unspecified), extra: (none), roaming: false, failover: false, isAvailable: true
D/CheckNetWork( 1752): infoNetworkInfo: type: WIFI[], state: CONNECTED/CONNECTED, reason: (unspecified), extra: (none), roaming: false, failover: false, isAvailable: true
D/dalvikvm( 1505): GC_CONCURRENT freed 397K, 77% free 1437K/6019K, paused 1ms+1ms
D/dalvikvm( 1505): GC_CONCURRENT freed 553K, 77% free 1396K/6019K, paused 1ms+1ms
D/dalvikvm( 1505): GC_CONCURRENT freed 469K, 78% free 1324K/6019K, paused 1ms+1ms
D/dalvikvm( 1505): GC_CONCURRENT freed 399K, 78% free 1328K/6019K, paused 1ms+3ms
D/dalvikvm( 1505): GC_CONCURRENT freed 405K, 78% free 1332K/6019K, paused 1ms+1ms
D/dalvikvm( 1505): GC_CONCURRENT freed 393K, 78% free 1332K/6019K, paused 1ms+1ms
D/PushMsgCenter( 1724): mDownUpRun run while (true)
D/PushMsgCenter( 1724): down  
D/dalvikvm( 1505): GC_CONCURRENT freed 394K, 78% free 1332K/6019K, paused 2ms+2ms
D/dalvikvm( 1505): GC_CONCURRENT freed 394K, 78% free 1333K/6019K, paused 1ms+1ms
D/dalvikvm( 1505): GC_CONCURRENT freed 394K, 78% free 1378K/6019K, paused 0ms+1ms
D/PushMsgCenter( 1724): down conn.getResponseCode() status = 404
D/dalvikvm( 1505): GC_CONCURRENT freed 445K, 79% free 1320K/6019K, paused 1ms+1ms
D/HTTPStream(  744): receive_line return error:-268435448
D/HTTPStream(  744): receive header fail
D/DataSource_M3U8(  744): 
D/DataSource_M3U8(  744): 
D/DataSource_M3U8(  744): 
D/DataSource_M3U8(  744): ============Begin to get playlist !!=====================
D/DataSource_M3U8(  744): 
D/DataSource_M3U8(  744): 
D/dalvikvm( 1505): GC_CONCURRENT freed 395K, 79% free 1319K/6019K, paused 1ms+1ms
D/dalvikvm( 1505): GC_CONCURRENT freed 392K, 79% free 1320K/6019K, paused 1ms+1ms
D/dalvikvm( 1505): GC_CONCURRENT freed 392K, 79% free 1320K/6019K, paused 1ms+1ms
D/dalvikvm( 1505): GC_CONCURRENT freed 392K, 78% free 1328K/6019K, paused 1ms+1ms
D/dalvikvm( 1505): GC_CONCURRENT freed 394K, 79% free 1319K/6019K, paused 0ms+1ms
D/dalvikvm( 1505): GC_CONCURRENT freed 434K, 78% free 1351K/6019K, paused 1ms+1ms
D/dalvikvm( 1505): GC_CONCURRENT freed 418K, 76% free 1445K/6019K, paused 0ms+1ms
D/dalvikvm( 1505): GC_CONCURRENT freed 518K, 79% free 1320K/6019K, paused 1ms+1ms
D/dalvikvm( 1505): GC_CONCURRENT freed 414K, 79% free 1302K/6019K, paused 2ms+1ms
D/HTTPStream(  744): receive_line return error:-268435448
D/HTTPStream(  744): receive header fail
D/DataSource_M3U8(  744): 
D/DataSource_M3U8(  744): 
D/DataSource_M3U8(  744): 
D/DataSource_M3U8(  744): ============Begin to get playlist !!=====================
D/DataSource_M3U8(  744): 
D/DataSource_M3U8(  744): 
D/dalvikvm( 1505): GC_CONCURRENT freed 395K, 79% free 1310K/6019K, paused 1ms+1ms
D/dalvikvm( 1505): GC_CONCURRENT freed 393K, 78% free 1327K/6019K, paused 1ms+1ms
W/ThrottleService(  944): unable to find stats for iface rmnet0
D/dalvikvm( 1505): GC_CONCURRENT freed 416K, 79% free 1302K/6019K, paused 1ms+1ms
D/dalvikvm( 1505): GC_CONCURRENT freed 396K, 77% free 1408K/6019K, paused 1ms+1ms
D/dalvikvm( 1505): GC_CONCURRENT freed 487K, 79% free 1314K/6019K, paused 1ms+1ms
D/dalvikvm( 1505): GC_CONCURRENT freed 394K, 79% free 1314K/6019K, paused 0ms+1ms
D/dalvikvm( 1505): GC_CONCURRENT freed 404K, 78% free 1330K/6019K, paused 1ms+1ms
D/HomePlayerLib( 1505): hostaddress count is 1
D/dalvikvm( 1505): GC_CONCURRENT freed 423K, 78% free 1340K/6019K, paused 1ms+1ms
D/dalvikvm( 1505): GC_CONCURRENT freed 418K, 79% free 1316K/6019K, paused 1ms+1ms
D/dalvikvm( 1505): GC_CONCURRENT freed 390K, 79% free 1318K/6019K, paused 1ms+1ms
D/dalvikvm( 1505): GC_CONCURRENT freed 393K, 79% free 1317K/6019K, paused 1ms+1ms
D/dalvikvm( 1505): GC_CONCURRENT freed 383K, 78% free 1342K/6019K, paused 1ms+1ms
D/dalvikvm( 1505): GC_CONCURRENT freed 411K, 76% free 1452K/6019K, paused 1ms+1ms
D/dalvikvm( 1505): GC_CONCURRENT freed 522K, 78% free 1332K/6019K, paused 1ms+2ms
D/dalvikvm( 1505): GC_CONCURRENT freed 393K, 78% free 1333K/6019K, paused 1ms+1ms
D/dalvikvm( 1505): GC_CONCURRENT freed 396K, 79% free 1323K/6019K, paused 1ms+2ms
D/dalvikvm( 1505): GC_CONCURRENT freed 397K, 77% free 1434K/6019K, paused 1ms+1ms
D/HTTPStream(  744): receive_line return error:-268435448
D/HTTPStream(  744): receive header fail
D/DataSource_M3U8(  744): 
D/DataSource_M3U8(  744): 
D/DataSource_M3U8(  744): 
D/DataSource_M3U8(  744): ============Begin to get playlist !!=====================
D/DataSource_M3U8(  744): 
D/DataSource_M3U8(  744): 
D/HTTPStream(  744): receive_line return error:-268435448
D/HTTPStream(  744): receive header fail
D/DataSource_M3U8(  744): 
D/DataSource_M3U8(  744): 
D/DataSource_M3U8(  744): 
D/DataSource_M3U8(  744): ============Begin to get playlist !!=====================
D/DataSource_M3U8(  744): 
D/DataSource_M3U8(  744): 
D/dalvikvm( 1505): GC_CONCURRENT freed 531K, 79% free 1294K/6019K, paused 0ms+1ms
D/dalvikvm( 1505): GC_CONCURRENT freed 375K, 77% free 1410K/6019K, paused 0ms+1ms
D/dalvikvm( 1505): GC_CONCURRENT freed 503K, 79% free 1302K/6019K, paused 1ms+0ms
D/dalvikvm( 1505): GC_CONCURRENT freed 394K, 78% free 1328K/6019K, paused 0ms+1ms
D/HTTPStream(  744): receive_line return error:-268435448
D/HTTPStream(  744): receive header fail
D/DataSource_M3U8(  744): 
D/DataSource_M3U8(  744): 
D/DataSource_M3U8(  744): 
D/DataSource_M3U8(  744): ============Begin to get playlist !!=====================
D/DataSource_M3U8(  744): 
D/DataSource_M3U8(  744): 
D/dalvikvm( 1505): GC_CONCURRENT freed 405K, 78% free 1360K/6019K, paused 1ms+1ms
D/dalvikvm( 1505): GC_CONCURRENT freed 443K, 77% free 1411K/6019K, paused 1ms+1ms
D/dalvikvm( 1505): GC_CONCURRENT freed 490K, 79% free 1314K/6019K, paused 1ms+2ms
D/dalvikvm( 1505): GC_CONCURRENT freed 395K, 77% free 1411K/6019K, paused 1ms+1ms
D/dalvikvm( 1505): GC_CONCURRENT freed 507K, 79% free 1288K/6019K, paused 1ms+1ms
D/HomePlayerLib( 1505): hostaddress count is 1
D/dalvikvm( 1505): GC_CONCURRENT freed 379K, 77% free 1406K/6019K, paused 1ms+1ms
D/dalvikvm( 1505): GC_CONCURRENT freed 497K, 77% free 1408K/6019K, paused 1ms+1ms
D/dalvikvm( 1505): GC_CONCURRENT freed 498K, 79% free 1314K/6019K, paused 2ms+1ms
D/dalvikvm( 1505): GC_CONCURRENT freed 370K, 77% free 1413K/6019K, paused 1ms+1ms
D/dalvikvm( 1505): GC_CONCURRENT freed 487K, 79% free 1321K/6019K, paused 0ms+1ms
D/dalvikvm( 1505): GC_CONCURRENT freed 397K, 77% free 1435K/6019K, paused 1ms+1ms
D/dalvikvm( 1505): GC_CONCURRENT freed 483K, 76% free 1484K/6019K, paused 1ms+1ms
D/dalvikvm( 1505): GC_CONCURRENT freed 548K, 78% free 1360K/6019K, paused 1ms+2ms
D/dalvikvm( 1505): GC_CONCURRENT freed 421K, 78% free 1334K/6019K, paused 1ms+1ms
D/dalvikvm( 1505): GC_CONCURRENT freed 385K, 78% free 1334K/6019K, paused 1ms+1ms
D/dalvikvm( 1505): GC_CONCURRENT freed 394K, 78% free 1332K/6019K, paused 1ms+1ms
D/dalvikvm( 1505): GC_CONCURRENT freed 392K, 78% free 1333K/6019K, paused 1ms+1ms
D/dalvikvm( 1505): GC_CONCURRENT freed 394K, 78% free 1332K/6019K, paused 1ms+1ms
D/dalvikvm( 1505): GC_CONCURRENT freed 392K, 78% free 1333K/6019K, paused 1ms+1ms
D/HTTPStream(  744): receive_line return error:-268435448
D/HTTPStream(  744): receive header fail
D/dalvikvm( 1505): GC_CONCURRENT freed 404K, 78% free 1346K/6019K, paused 1ms+1ms
D/dalvikvm( 1505): GC_CONCURRENT freed 409K, 78% free 1332K/6019K, paused 1ms+1ms
D/dalvikvm( 1505): GC_CONCURRENT freed 394K, 78% free 1332K/6019K, paused 1ms+1ms
D/dalvikvm( 1505): GC_CONCURRENT freed 394K, 78% free 1332K/6019K, paused 1ms+1ms
D/DataSource_M3U8(  744): 
D/DataSource_M3U8(  744): 
D/DataSource_M3U8(  744): 
D/DataSource_M3U8(  744): ============Begin to get playlist !!=====================
D/DataSource_M3U8(  744): 
D/DataSource_M3U8(  744): 
D/dalvikvm( 1505): GC_CONCURRENT freed 394K, 78% free 1332K/6019K, paused 1ms+2ms
D/dalvikvm( 1505): GC_CONCURRENT freed 394K, 78% free 1333K/6019K, paused 1ms+1ms
D/HTTPStream(  744): receive_line return error:-268435448
D/HTTPStream(  744): receive header fail
D/DataSource_M3U8(  744): 
D/DataSource_M3U8(  744): 
D/DataSource_M3U8(  744): 
D/DataSource_M3U8(  744): ============Begin to get playlist !!=====================
D/DataSource_M3U8(  744): 
D/DataSource_M3U8(  744): 
D/DataSource_M3U8(  744): 
D/DataSource_M3U8(  744):  Warnig:: No Enough data in buffer...
I//lib/ld-linux.so.3(  748): Blocking Read: 30021, size: 0x0.
D/dalvikvm( 1505): GC_CONCURRENT freed 412K, 79% free 1315K/6019K, paused 1ms+4ms
D/dalvikvm( 1505): GC_CONCURRENT freed 394K, 79% free 1319K/6019K, paused 1ms+1ms
D/dalvikvm( 1505): GC_CONCURRENT freed 404K, 77% free 1426K/6019K, paused 1ms+1ms
D/HTTPStream(  744): receive_line return error:-268435448
D/HTTPStream(  744): receive header fail
D/DataSource_M3U8(  744): ----------UpdatePlaylistThread runing... 
D/DataSource_M3U8(  744): 
D/DataSource_M3U8(  744): 
D/DataSource_M3U8(  744): 
D/DataSource_M3U8(  744): ============Begin to get playlist !!=====================
D/DataSource_M3U8(  744): 
D/DataSource_M3U8(  744): 
D/dalvikvm( 1505): GC_CONCURRENT freed 516K, 78% free 1328K/6019K, paused 1ms+1ms
D/dalvikvm( 1505): GC_CONCURRENT freed 407K, 77% free 1396K/6019K, paused 1ms+1ms
D/dalvikvm( 1505): GC_CONCURRENT freed 482K, 79% free 1315K/6019K, paused 0ms+1ms
D/dalvikvm( 1505): GC_CONCURRENT freed 410K, 78% free 1328K/6019K, paused 0ms+1ms
D/HomePlayerLib( 1505): hostaddress count is 1
D/dalvikvm( 1505): GC_CONCURRENT freed 422K, 79% free 1311K/6019K, paused 1ms+1ms
D/dalvikvm( 1505): GC_CONCURRENT freed 403K, 78% free 1378K/6019K, paused 1ms+1ms
D/dalvikvm( 1505): GC_CONCURRENT freed 463K, 77% free 1408K/6019K, paused 1ms+1ms
D/dalvikvm( 1505): GC_CONCURRENT freed 470K, 78% free 1376K/6019K, paused 1ms+1ms
D/dalvikvm( 1505): GC_CONCURRENT freed 449K, 78% free 1336K/6019K, paused 1ms+1ms
D/dalvikvm( 1505): GC_CONCURRENT freed 392K, 78% free 1336K/6019K, paused 1ms+2ms
D/dalvikvm( 1505): GC_CONCURRENT freed 410K, 79% free 1311K/6019K, paused 1ms+1ms
D/dalvikvm( 1505): GC_CONCURRENT freed 382K, 78% free 1333K/6019K, paused 1ms+1ms
D/dalvikvm( 1505): GC_CONCURRENT freed 396K, 77% free 1437K/6019K, paused 0ms+1ms
D/dalvikvm( 1505): GC_CONCURRENT freed 502K, 78% free 1329K/6019K, paused 1ms+2ms
D/HTTPStream(  744): receive_line return error:-268435448
D/HTTPStream(  744): receive header fail
D/DataSource_M3U8(  744): 
D/DataSource_M3U8(  744): 
D/DataSource_M3U8(  744): 
D/DataSource_M3U8(  744): ============Begin to get playlist !!=====================
D/DataSource_M3U8(  744): 
D/DataSource_M3U8(  744): 
D/HTTPStream(  744): receive_line return error:-268435448
D/HTTPStream(  744): receive header fail
D/DataSource_M3U8(  744): 
D/DataSource_M3U8(  744): 
D/DataSource_M3U8(  744): 
D/DataSource_M3U8(  744): ============Begin to get playlist !!=====================
D/DataSource_M3U8(  744): 
D/DataSource_M3U8(  744): 
D/dalvikvm( 1505): GC_CONCURRENT freed 413K, 79% free 1302K/6019K, paused 1ms+1ms
D/dalvikvm( 1505): GC_CONCURRENT freed 394K, 78% free 1327K/6019K, paused 1ms+1ms
D/HTTPStream(  744): receive_line return error:-268435448
D/HTTPStream(  744): receive header fail
D/DataSource_M3U8(  744): 
D/DataSource_M3U8(  744): 
D/DataSource_M3U8(  744): 
D/DataSource_M3U8(  744): ============Begin to get playlist !!=====================
D/DataSource_M3U8(  744): 
D/DataSource_M3U8(  744): 
D/dalvikvm( 1505): GC_CONCURRENT freed 416K, 78% free 1327K/6019K, paused 1ms+1ms
D/dalvikvm( 1505): GC_CONCURRENT freed 409K, 79% free 1313K/6019K, paused 1ms+1ms
D/dalvikvm( 1505): GC_CONCURRENT freed 393K, 77% free 1395K/6019K, paused 1ms+1ms
D/dalvikvm( 1505): GC_CONCURRENT freed 474K, 77% free 1402K/6019K, paused 1ms+1ms
D/dalvikvm( 1505): GC_CONCURRENT freed 483K, 77% free 1419K/6019K, paused 1ms+1ms
D/HomePlayerLib( 1505): hostaddress count is 1
D/dalvikvm( 1505): GC_CONCURRENT freed 498K, 77% free 1395K/6019K, paused 1ms+1ms
D/dalvikvm( 1505): GC_CONCURRENT freed 491K, 79% free 1312K/6019K, paused 0ms+1ms
D/dalvikvm( 1505): GC_CONCURRENT freed 394K, 79% free 1318K/6019K, paused 1ms+1ms
D/dalvikvm( 1505): GC_CONCURRENT freed 400K, 77% free 1429K/6019K, paused 1ms+1ms
D/dalvikvm( 1505): GC_CONCURRENT freed 505K, 77% free 1406K/6019K, paused 2ms+2ms
D/dalvikvm( 1505): GC_CONCURRENT freed 466K, 78% free 1346K/6019K, paused 1ms+1ms
D/dalvikvm( 1505): GC_CONCURRENT freed 428K, 79% free 1319K/6019K, paused 1ms+1ms
D/dalvikvm( 1505): GC_CONCURRENT freed 394K, 78% free 1368K/6019K, paused 1ms+1ms
D/dalvikvm( 1505): GC_CONCURRENT freed 446K, 79% free 1315K/6019K, paused 1ms+1ms
D/HTTPStream(  744): receive_line return error:-268435448
D/HTTPStream(  744): receive header fail
D/DataSource_M3U8(  744): 
D/DataSource_M3U8(  744): 
D/DataSource_M3U8(  744): 
D/DataSource_M3U8(  744): ============Begin to get playlist !!=====================
D/DataSource_M3U8(  744): 
D/DataSource_M3U8(  744): 
D/HTTPStream(  744): receive_line return error:-268435448
D/HTTPStream(  744): receive header fail
D/DataSource_M3U8(  744): 
D/DataSource_M3U8(  744): 
D/DataSource_M3U8(  744): 
D/DataSource_M3U8(  744): ============Begin to get playlist !!=====================
D/DataSource_M3U8(  744): 
D/DataSource_M3U8(  744): 
D/dalvikvm( 1505): GC_CONCURRENT freed 406K, 79% free 1317K/6019K, paused 1ms+1ms
D/dalvikvm( 1505): GC_CONCURRENT freed 396K, 79% free 1314K/6019K, paused 1ms+2ms
D/dalvikvm( 1505): GC_CONCURRENT freed 394K, 79% free 1314K/6019K, paused 1ms+1ms
D/dalvikvm( 1505): GC_CONCURRENT freed 392K, 79% free 1314K/6019K, paused 0ms+1ms
D/dalvikvm( 1505): GC_CONCURRENT freed 392K, 77% free 1401K/6019K, paused 1ms+1ms
D/dalvikvm( 1505): GC_CONCURRENT freed 483K, 79% free 1303K/6019K, paused 1ms+2ms
D/dalvikvm( 1505): GC_CONCURRENT freed 397K, 77% free 1408K/6019K, paused 1ms+1ms
D/dalvikvm( 1505): GC_CONCURRENT freed 488K, 79% free 1314K/6019K, paused 2ms+1ms
D/dalvikvm( 1505): GC_CONCURRENT freed 394K, 79% free 1314K/6019K, paused 2ms+1ms
D/HTTPStream(  744): receive_line return error:-268435448
D/HTTPStream(  744): receive header fail
D/dalvikvm( 1505): GC_CONCURRENT freed 394K, 79% free 1314K/6019K, paused 1ms+1ms
D/dalvikvm( 1505): GC_CONCURRENT freed 394K, 79% free 1315K/6019K, paused 2ms+1ms
D/dalvikvm( 1505): GC_CONCURRENT freed 405K, 79% free 1311K/6019K, paused 2ms+1ms
D/DataSource_M3U8(  744): 
D/DataSource_M3U8(  744): 
D/DataSource_M3U8(  744): 
D/DataSource_M3U8(  744): ============Begin to get playlist !!=====================
D/DataSource_M3U8(  744): 
D/DataSource_M3U8(  744): 
D/dalvikvm( 1505): GC_CONCURRENT freed 433K, 77% free 1386K/6019K, paused 1ms+1ms
D/dalvikvm( 1505): GC_CONCURRENT freed 472K, 77% free 1397K/6019K, paused 1ms+1ms
D/DataSource_M3U8(  744): 
D/DataSource_M3U8(  744):  connect Server :cibn-iss1.longvisionmedia.com
D/dalvikvm( 1505): GC_CONCURRENT freed 483K, 79% free 1312K/6019K, paused 1ms+1ms
D/dalvikvm( 1505): GC_CONCURRENT freed 397K, 78% free 1327K/6019K, paused 1ms+1ms
D/dalvikvm( 1505): GC_CONCURRENT freed 406K, 79% free 1313K/6019K, paused 1ms+1ms
D/DataSource_M3U8(  744): parseM3U8 .......!
D/DataSource_M3U8(  744): 
D/DataSource_M3U8(  744):  do not update  mediaSequence : 0   url = http://cibn-iss1.longvisionmedia.com:8088/vod/GA   
D/DataSource_M3U8(  744): [M3U8] file: NULL line 
D/DataSource_M3U8(  744): HLS=====>> Live Stream!!!!
D/dalvikvm( 1505): GC_CONCURRENT freed 394K, 79% free 1313K/6019K, paused 1ms+1ms
D/dalvikvm( 1505): GC_CONCURRENT freed 404K, 78% free 1325K/6019K, paused 0ms+1ms
D/HomePlayerLib( 1505): hostaddress count is 1
D/dalvikvm( 1505): GC_CONCURRENT freed 415K, 78% free 1374K/6019K, paused 1ms+2ms
D/dalvikvm( 1505): GC_CONCURRENT freed 467K, 77% free 1413K/6019K, paused 1ms+1ms
D/DataSource_M3U8(  744): 
D/DataSource_M3U8(  744): 
D/DataSource_M3U8(  744): 
D/DataSource_M3U8(  744): ============Begin to get playlist !!=====================
D/DataSource_M3U8(  744): 
D/DataSource_M3U8(  744): 
D/dalvikvm( 1505): GC_CONCURRENT freed 499K, 79% free 1307K/6019K, paused 1ms+1ms
D/dalvikvm( 1505): GC_CONCURRENT freed 368K, 76% free 1450K/6019K, paused 1ms+1ms
D/dalvikvm( 1505): GC_CONCURRENT freed 477K, 76% free 1452K/6019K, paused 1ms+1ms
D/dalvikvm( 1505): GC_CONCURRENT freed 513K, 77% free 1407K/6019K, paused 0ms+1ms
D/dalvikvm( 1505): GC_CONCURRENT freed 475K, 77% free 1444K/6019K, paused 1ms+1ms
D/dalvikvm( 1505): GC_CONCURRENT freed 497K, 78% free 1375K/6019K, paused 2ms+2ms
D/dalvikvm( 1505): GC_CONCURRENT freed 437K, 78% free 1333K/6019K, paused 1ms+1ms
D/DataSource_M3U8(  744): 
D/DataSource_M3U8(  744):  Warnig:: No Enough data in buffer...
I//lib/ld-linux.so.3(  748): Blocking Read: 30021, size: 0x0.
D/HTTPStream(  744): receive_line return error:-268435448
D/HTTPStream(  744): receive header fail
D/DataSource_M3U8(  744): 
D/DataSource_M3U8(  744): 
D/DataSource_M3U8(  744): 
D/DataSource_M3U8(  744): ============Begin to get playlist !!=====================
D/DataSource_M3U8(  744): 
D/DataSource_M3U8(  744): 
D/CheckNetWork( 1752): isOk true
D/CheckNetWork( 1752): ActInfoNetworkInfo: type: WIFI[], state: CONNECTED/CONNECTED, reason: (unspecified), extra: (none), roaming: false, failover: false, isAvailable: true
D/CheckNetWork( 1752): infoNetworkInfo: type: WIFI[], state: CONNECTED/CONNECTED, reason: (unspecified), extra: (none), roaming: false, failover: false, isAvailable: true
D/dalvikvm( 1505): GC_CONCURRENT freed 411K, 79% free 1320K/6019K, paused 1ms+1ms
D/HTTPStream(  744): receive_line return error:-268435448
D/HTTPStream(  744): receive header fail
D/dalvikvm( 1505): GC_CONCURRENT freed 405K, 78% free 1327K/6019K, paused 1ms+1ms
D/dalvikvm( 1505): GC_CONCURRENT freed 409K, 79% free 1313K/6019K, paused 1ms+1ms
D/DataSource_M3U8(  744): ----------UpdatePlaylistThread runing... 
D/DataSource_M3U8(  744): 
D/DataSource_M3U8(  744): 
D/DataSource_M3U8(  744): 
D/DataSource_M3U8(  744): ============Begin to get playlist !!=====================
D/DataSource_M3U8(  744): 
D/DataSource_M3U8(  744): 
D/dalvikvm( 1505): GC_CONCURRENT freed 392K, 79% free 1313K/6019K, paused 1ms+1ms
D/dalvikvm( 1505): GC_CONCURRENT freed 392K, 79% free 1313K/6019K, paused 1ms+2ms
D/dalvikvm( 1505): GC_CONCURRENT freed 393K, 79% free 1314K/6019K, paused 1ms+1ms
D/dalvikvm( 1505): GC_CONCURRENT freed 394K, 79% free 1314K/6019K, paused 1ms+1ms
D/HTTPStream(  744): receive_line return error:-268435448
D/HTTPStream(  744): receive header fail
D/dalvikvm( 1505): GC_CONCURRENT freed 392K, 79% free 1314K/6019K, paused 1ms+1ms
D/dalvikvm( 1505): GC_CONCURRENT freed 392K, 79% free 1314K/6019K, paused 1ms+1ms
D/DataSource_M3U8(  744): 
D/DataSource_M3U8(  744): 
D/DataSource_M3U8(  744): 
D/DataSource_M3U8(  744): ============Begin to get playlist !!=====================
D/DataSource_M3U8(  744): 
D/DataSource_M3U8(  744): 
D/dalvikvm( 1505): GC_CONCURRENT freed 403K, 79% free 1311K/6019K, paused 1ms+1ms
D/dalvikvm( 1505): GC_CONCURRENT freed 392K, 79% free 1311K/6019K, paused 1ms+1ms
D/dalvikvm( 1505): GC_CONCURRENT freed 359K, 78% free 1343K/6019K, paused 1ms+2ms
D/HomePlayerLib( 1505): hostaddress count is 1
D/dalvikvm( 1505): GC_CONCURRENT freed 444K, 77% free 1406K/6019K, paused 1ms+1ms
D/dalvikvm( 1505): GC_CONCURRENT freed 500K, 79% free 1289K/6019K, paused 1ms+1ms
D/dalvikvm( 1505): GC_CONCURRENT freed 417K, 76% free 1455K/6019K, paused 1ms+1ms
D/dalvikvm( 1505): GC_CONCURRENT freed 529K, 79% free 1320K/6019K, paused 1ms+1ms
D/dalvikvm( 1505): GC_CONCURRENT freed 395K, 77% free 1432K/6019K, paused 1ms+1ms
D/dalvikvm( 1505): GC_CONCURRENT freed 505K, 79% free 1316K/6019K, paused 1ms+2ms
D/dalvikvm( 1505): GC_CONCURRENT freed 381K, 78% free 1337K/6019K, paused 1ms+1ms
D/dalvikvm( 1505): GC_CONCURRENT freed 408K, 77% free 1439K/6019K, paused 1ms+1ms
D/dalvikvm( 1505): GC_CONCURRENT freed 511K, 77% free 1417K/6019K, paused 1ms+5ms
D/dalvikvm( 1505): GC_CONCURRENT freed 477K, 78% free 1333K/6019K, paused 1ms+1ms
D/dalvikvm( 1505): GC_CONCURRENT freed 394K, 78% free 1332K/6019K, paused 1ms+1ms
D/dalvikvm( 1505): GC_CONCURRENT freed 404K, 77% free 1404K/6019K, paused 1ms+1ms
D/dalvikvm( 1505): GC_CONCURRENT freed 477K, 77% free 1427K/6019K, paused 0ms+2ms
D/HTTPStream(  744): receive_line return error:-268435448
D/HTTPStream(  744): receive header fail
D/DataSource_M3U8(  744): 
D/DataSource_M3U8(  744): 
D/DataSource_M3U8(  744): 
D/DataSource_M3U8(  744): ============Begin to get playlist !!=====================
D/DataSource_M3U8(  744): 
D/DataSource_M3U8(  744): 
D/HTTPStream(  744): receive_line return error:-268435448
D/HTTPStream(  744): receive header fail
D/dalvikvm( 1505): GC_CONCURRENT freed 506K, 79% free 1316K/6019K, paused 1ms+1ms
D/dalvikvm( 1505): GC_CONCURRENT freed 395K, 79% free 1314K/6019K, paused 1ms+1ms
D/DataSource_M3U8(  744): 
D/DataSource_M3U8(  744): 
D/DataSource_M3U8(  744): 
D/DataSource_M3U8(  744): ============Begin to get playlist !!=====================
D/DataSource_M3U8(  744): 
D/DataSource_M3U8(  744): 
D/dalvikvm( 1505): GC_CONCURRENT freed 401K, 77% free 1418K/6019K, paused 1ms+1ms
D/dalvikvm( 1505): GC_CONCURRENT freed 512K, 77% free 1413K/6019K, paused 1ms+1ms
D/dalvikvm( 1505): GC_CONCURRENT freed 507K, 79% free 1305K/6019K, paused 1ms+1ms
D/HTTPStream(  744): receive_line return error:-268435448
D/HTTPStream(  744): receive header fail
D/dalvikvm( 1505): GC_CONCURRENT freed 385K, 77% free 1421K/6019K, paused 1ms+1ms
D/dalvikvm( 1505): GC_CONCURRENT freed 504K, 78% free 1343K/6019K, paused 1ms+1ms
D/DataSource_M3U8(  744): 
D/DataSource_M3U8(  744): 
D/DataSource_M3U8(  744): 
D/DataSource_M3U8(  744): ============Begin to get playlist !!=====================
D/DataSource_M3U8(  744): 
D/DataSource_M3U8(  744): 
D/dalvikvm( 1505): GC_CONCURRENT freed 436K, 79% free 1302K/6019K, paused 1ms+1ms
D/DataSource_M3U8(  744): 
D/DataSource_M3U8(  744):  connect Server :cibn-iss1.longvisionmedia.com
D/dalvikvm( 1505): GC_CONCURRENT freed 389K, 79% free 1312K/6019K, paused 1ms+1ms
D/HomePlayerLib( 1505): hostaddress count is 1
D/dalvikvm( 1505): GC_CONCURRENT freed 423K, 77% free 1401K/6019K, paused 1ms+1ms
D/dalvikvm( 1505): GC_CONCURRENT freed 486K, 77% free 1400K/6019K, paused 1ms+1ms
D/dalvikvm( 1505): GC_CONCURRENT freed 471K, 79% free 1320K/6019K, paused 1ms+1ms
D/dalvikvm( 1505): GC_CONCURRENT freed 402K, 79% free 1305K/6019K, paused 3ms+1ms
D/dalvikvm( 1505): GC_CONCURRENT freed 395K, 77% free 1396K/6019K, paused 0ms+1ms
D/dalvikvm( 1505): GC_CONCURRENT freed 487K, 77% free 1442K/6019K, paused 1ms+1ms
D/dalvikvm( 1505): GC_CONCURRENT freed 525K, 78% free 1333K/6019K, paused 2ms+1ms
D/dalvikvm( 1505): GC_CONCURRENT freed 415K, 78% free 1329K/6019K, paused 1ms+1ms
D/dalvikvm( 1505): GC_CONCURRENT freed 398K, 78% free 1346K/6019K, paused 1ms+2ms
D/DataSource_M3U8(  744): parseM3U8 .......!
D/DataSource_M3U8(  744): 
D/DataSource_M3U8(  744):  do not update  mediaSequence : 0   url = http://cibn-iss1.longvisionmedia.com:8088/vod/GA   
D/DataSource_M3U8(  744): [M3U8] file: NULL line 
D/DataSource_M3U8(  744): HLS=====>> Live Stream!!!!
D/DataSource_M3U8(  744): 
D/DataSource_M3U8(  744): 
D/DataSource_M3U8(  744): 
D/DataSource_M3U8(  744): ============Begin to get playlist !!=====================
D/DataSource_M3U8(  744): 
D/DataSource_M3U8(  744): 
D/HTTPStream(  744): receive_line return error:-268435448
D/HTTPStream(  744): receive header fail
D/DataSource_M3U8(  744): 
D/DataSource_M3U8(  744): 
D/DataSource_M3U8(  744): 
D/DataSource_M3U8(  744): ============Begin to get playlist !!=====================
D/DataSource_M3U8(  744): 
D/DataSource_M3U8(  744): 
D/dalvikvm( 1505): GC_CONCURRENT freed 436K, 79% free 1303K/6019K, paused 1ms+1ms
D/dalvikvm( 1505): GC_CONCURRENT freed 397K, 79% free 1301K/6019K, paused 1ms+1ms
D/HTTPStream(  744): receive_line return error:-268435448
D/HTTPStream(  744): receive header fail
D/DataSource_M3U8(  744): 
D/DataSource_M3U8(  744): 
D/DataSource_M3U8(  744): 
D/DataSource_M3U8(  744): ============Begin to get playlist !!=====================
D/DataSource_M3U8(  744): 
D/DataSource_M3U8(  744): 
D/dalvikvm( 1505): GC_CONCURRENT freed 393K, 79% free 1309K/6019K, paused 1ms+2ms
D/dalvikvm( 1505): GC_CONCURRENT freed 405K, 77% free 1397K/6019K, paused 1ms+1ms
D/dalvikvm( 1505): GC_CONCURRENT freed 475K, 79% free 1315K/6019K, paused 1ms+1ms
D/dalvikvm( 1505): GC_CONCURRENT freed 393K, 79% free 1314K/6019K, paused 1ms+1ms
D/dalvikvm( 1505): GC_CONCURRENT freed 400K, 79% free 1313K/6019K, paused 1ms+1ms
D/HomePlayerLib( 1505): hostaddress count is 1
D/dalvikvm( 1505): GC_CONCURRENT freed 417K, 77% free 1395K/6019K, paused 1ms+1ms
D/dalvikvm( 1505): GC_CONCURRENT freed 476K, 77% free 1427K/6019K, paused 1ms+1ms
D/dalvikvm( 1505): GC_CONCURRENT freed 495K, 79% free 1316K/6019K, paused 1ms+1ms
D/dalvikvm( 1505): GC_CONCURRENT freed 392K, 77% free 1401K/6019K, paused 1ms+1ms
D/DataSource_M3U8(  744): 
D/DataSource_M3U8(  744):  Warnig:: No Enough data in buffer...
I//lib/ld-linux.so.3(  748): Blocking Read: 30021, size: 0x0.
D/dalvikvm( 1505): GC_CONCURRENT freed 470K, 77% free 1435K/6019K, paused 0ms+1ms
D/dalvikvm( 1505): GC_CONCURRENT freed 503K, 79% free 1323K/6019K, paused 1ms+1ms
D/dalvikvm( 1505): GC_CONCURRENT freed 386K, 78% free 1372K/6019K, paused 1ms+1ms
D/dalvikvm( 1505): GC_CONCURRENT freed 438K, 77% free 1439K/6019K, paused 1ms+1ms
D/dalvikvm( 1505): GC_CONCURRENT freed 504K, 78% free 1332K/6019K, paused 1ms+1ms
D/HTTPStream(  744): receive_line return error:-268435448
D/HTTPStream(  744): receive header fail
D/dalvikvm( 1505): GC_CONCURRENT freed 396K, 78% free 1353K/6019K, paused 4ms+1ms
D/dalvikvm( 1505): GC_CONCURRENT freed 404K, 75% free 1537K/6019K, paused 2ms+1ms
D/dalvikvm( 1505): GC_CONCURRENT freed 595K, 78% free 1341K/6019K, paused 1ms+1ms
D/DataSource_M3U8(  744): 
D/DataSource_M3U8(  744): 
D/DataSource_M3U8(  744): 
D/DataSource_M3U8(  744): ============Begin to get playlist !!=====================
D/DataSource_M3U8(  744): 
D/DataSource_M3U8(  744): 
D/DataSource_M3U8(  744): 
D/DataSource_M3U8(  744):  connect Server :cibn-iss1.longvisionmedia.com
D/dalvikvm( 1505): GC_CONCURRENT freed 407K, 77% free 1404K/6019K, paused 1ms+1ms
D/dalvikvm( 1505): GC_CONCURRENT freed 477K, 77% free 1428K/6019K, paused 1ms+1ms
D/dalvikvm( 1505): GC_CONCURRENT freed 489K, 78% free 1334K/6019K, paused 1ms+1ms
D/DataSource_M3U8(  744): parseM3U8 .......!
D/DataSource_M3U8(  744): 
D/DataSource_M3U8(  744):  do not update  mediaSequence : 0   url = http://cibn-iss1.longvisionmedia.com:8088/vod/GA   
D/DataSource_M3U8(  744): [M3U8] file: NULL line 
D/DataSource_M3U8(  744): HLS=====>> Live Stream!!!!
D/DataSource_M3U8(  744): 
D/DataSource_M3U8(  744): 
D/DataSource_M3U8(  744): 
D/DataSource_M3U8(  744): ============Begin to get playlist !!=====================
D/DataSource_M3U8(  744): 
D/DataSource_M3U8(  744): 
D/HTTPStream(  744): receive_line return error:-268435448
D/HTTPStream(  744): receive header fail
D/dalvikvm( 1505): GC_CONCURRENT freed 433K, 79% free 1298K/6019K, paused 1ms+2ms
D/dalvikvm( 1505): GC_CONCURRENT freed 377K, 79% free 1315K/6019K, paused 1ms+1ms
D/dalvikvm( 1505): GC_CONCURRENT freed 396K, 79% free 1313K/6019K, paused 1ms+1ms
D/DataSource_M3U8(  744): ----------UpdatePlaylistThread runing... 
D/DataSource_M3U8(  744): 
D/DataSource_M3U8(  744): 
D/DataSource_M3U8(  744): 
D/DataSource_M3U8(  744): ============Begin to get playlist !!=====================
D/DataSource_M3U8(  744): 
D/DataSource_M3U8(  744): 
D/dalvikvm( 1505): GC_CONCURRENT freed 393K, 79% free 1313K/6019K, paused 1ms+1ms
D/dalvikvm( 1505): GC_CONCURRENT freed 394K, 79% free 1314K/6019K, paused 1ms+2ms
D/dalvikvm( 1505): GC_CONCURRENT freed 394K, 77% free 1420K/6019K, paused 1ms+1ms
D/HTTPStream(  744): receive_line return error:-268435448
D/HTTPStream(  744): receive header fail
D/DataSource_M3U8(  744): 
D/DataSource_M3U8(  744): 
D/DataSource_M3U8(  744): 
D/DataSource_M3U8(  744): ============Begin to get playlist !!=====================
D/DataSource_M3U8(  744): 
D/DataSource_M3U8(  744): 
D/dalvikvm( 1505): GC_CONCURRENT freed 512K, 79% free 1292K/6019K, paused 1ms+1ms
D/dalvikvm( 1505): GC_CONCURRENT freed 380K, 79% free 1315K/6019K, paused 0ms+1ms
D/dalvikvm( 1505): GC_CONCURRENT freed 395K, 77% free 1395K/6019K, paused 1ms+1ms
D/dalvikvm( 1505): GC_CONCURRENT freed 485K, 79% free 1300K/6019K, paused 1ms+1ms
D/HomePlayerLib( 1505): hostaddress count is 1
D/dalvikvm( 1505): GC_CONCURRENT freed 388K, 79% free 1312K/6019K, paused 1ms+1ms
D/dalvikvm( 1505): GC_CONCURRENT freed 409K, 79% free 1287K/6019K, paused 1ms+2ms
D/dalvikvm( 1505): GC_CONCURRENT freed 379K, 79% free 1293K/6019K, paused 1ms+1ms
D/dalvikvm( 1505): GC_CONCURRENT freed 364K, 78% free 1331K/6019K, paused 1ms+1ms
D/dalvikvm( 1505): GC_CONCURRENT freed 392K, 75% free 1514K/6019K, paused 1ms+2ms
D/dalvikvm( 1505): GC_CONCURRENT freed 578K, 78% free 1348K/6019K, paused 1ms+2ms
D/dalvikvm( 1505): GC_CONCURRENT freed 406K, 78% free 1336K/6019K, paused 1ms+2ms
D/dalvikvm( 1505): GC_CONCURRENT freed 396K, 78% free 1335K/6019K, paused 1ms+1ms
D/dalvikvm( 1505): GC_CONCURRENT freed 398K, 77% free 1414K/6019K, paused 1ms+1ms
D/dalvikvm( 1505): GC_CONCURRENT freed 474K, 77% free 1420K/6019K, paused 1ms+1ms
D/HTTPStream(  744): receive_line return error:-268435448
D/HTTPStream(  744): receive header fail
D/DataSource_M3U8(  744): 
D/DataSource_M3U8(  744): 
D/DataSource_M3U8(  744): 
D/DataSource_M3U8(  744): ============Begin to get playlist !!=====================
D/DataSource_M3U8(  744): 
D/DataSource_M3U8(  744): 
D/HTTPStream(  744): receive_line return error:-268435448
D/HTTPStream(  744): receive header fail
D/dalvikvm( 1505): GC_CONCURRENT freed 503K, 79% free 1304K/6019K, paused 0ms+1ms
D/DataSource_M3U8(  744): 
D/DataSource_M3U8(  744): 
D/DataSource_M3U8(  744): 
D/DataSource_M3U8(  744): ============Begin to get playlist !!=====================
D/DataSource_M3U8(  744): 
D/DataSource_M3U8(  744): 
D/dalvikvm( 1505): GC_CONCURRENT freed 397K, 79% free 1301K/6019K, paused 1ms+1ms
D/DataSource_M3U8(  744): 
D/DataSource_M3U8(  744):  connect Server :cibn-iss1.longvisionmedia.com
D/dalvikvm( 1505): GC_CONCURRENT freed 394K, 79% free 1300K/6019K, paused 0ms+1ms
D/dalvikvm( 1505): GC_CONCURRENT freed 393K, 79% free 1301K/6019K, paused 1ms+2ms
D/dalvikvm( 1505): GC_CONCURRENT freed 394K, 79% free 1301K/6019K, paused 1ms+1ms
D/DataSource_M3U8(  744): parseM3U8 .......!
D/DataSource_M3U8(  744): 
D/DataSource_M3U8(  744):  do not update  mediaSequence : 0   url = http://cibn-iss1.longvisionmedia.com:8088/vod/GA   
D/DataSource_M3U8(  744): [M3U8] file: NULL line 
D/DataSource_M3U8(  744): HLS=====>> Live Stream!!!!
D/DataSource_M3U8(  744): 
D/DataSource_M3U8(  744): 
D/DataSource_M3U8(  744): 
D/DataSource_M3U8(  744): ============Begin to get playlist !!=====================
D/DataSource_M3U8(  744): 
D/DataSource_M3U8(  744): 
D/dalvikvm( 1505): GC_CONCURRENT freed 405K, 77% free 1401K/6019K, paused 1ms+1ms
D/dalvikvm( 1505): GC_CONCURRENT freed 485K, 79% free 1303K/6019K, paused 1ms+1ms
D/dalvikvm( 1505): GC_CONCURRENT freed 397K, 79% free 1300K/6019K, paused 0ms+1ms
D/dalvikvm( 1505): GC_CONCURRENT freed 392K, 79% free 1301K/6019K, paused 1ms+1ms
D/dalvikvm( 1505): GC_CONCURRENT freed 390K, 79% free 1311K/6019K, paused 1ms+1ms
D/HomePlayerLib( 1505): hostaddress count is 1
D/dalvikvm( 1505): GC_CONCURRENT freed 504K, 79% free 1313K/6019K, paused 1ms+1ms
D/dalvikvm( 1505): GC_CONCURRENT freed 388K, 77% free 1434K/6019K, paused 1ms+1ms
D/dalvikvm( 1505): GC_CONCURRENT freed 519K, 77% free 1413K/6019K, paused 2ms+1ms
D/dalvikvm( 1505): GC_CONCURRENT freed 489K, 77% free 1433K/6019K, paused 1ms+1ms
D/dalvikvm( 1505): GC_CONCURRENT freed 522K, 79% free 1296K/6019K, paused 1ms+1ms
D/dalvikvm( 1505): GC_CONCURRENT freed 364K, 79% free 1317K/6019K, paused 1ms+1ms
D/dalvikvm( 1505): GC_CONCURRENT freed 392K, 79% free 1318K/6019K, paused 1ms+1ms
D/dalvikvm( 1505): GC_CONCURRENT freed 406K, 79% free 1316K/6019K, paused 1ms+1ms
D/dalvikvm( 1505): GC_CONCURRENT freed 396K, 79% free 1314K/6019K, paused 1ms+1ms
D/HTTPStream(  744): receive_line return error:-268435448
D/HTTPStream(  744): receive header fail
D/dalvikvm( 1505): GC_CONCURRENT freed 390K, 77% free 1431K/6019K, paused 1ms+1ms
D/dalvikvm( 1505): GC_CONCURRENT freed 499K, 79% free 1321K/6019K, paused 0ms+1ms
D/dalvikvm( 1505): GC_CONCURRENT freed 398K, 79% free 1308K/6019K, paused 1ms+1ms
D/DataSource_M3U8(  744): 
D/DataSource_M3U8(  744): 
D/DataSource_M3U8(  744): 
D/DataSource_M3U8(  744): ============Begin to get playlist !!=====================
D/DataSource_M3U8(  744): 
D/DataSource_M3U8(  744): 
D/dalvikvm( 1505): GC_CONCURRENT freed 375K, 78% free 1329K/6019K, paused 1ms+1ms
D/dalvikvm( 1505): GC_CONCURRENT freed 396K, 79% free 1319K/6019K, paused 1ms+1ms
D/dalvikvm( 1505): GC_CONCURRENT freed 394K, 79% free 1319K/6019K, paused 1ms+1ms
D/dalvikvm( 1505): GC_CONCURRENT freed 394K, 79% free 1319K/6019K, paused 1ms+1ms
D/dalvikvm( 1505): GC_CONCURRENT freed 389K, 78% free 1330K/6019K, paused 1ms+1ms
D/HTTPStream(  744): receive_line return error:-268435448
D/HTTPStream(  744): receive header fail
D/DataSource_M3U8(  744): 
D/DataSource_M3U8(  744): 
D/DataSource_M3U8(  744): 
D/DataSource_M3U8(  744): ============Begin to get playlist !!=====================
D/DataSource_M3U8(  744): 
D/DataSource_M3U8(  744): 
D/dalvikvm( 1505): GC_CONCURRENT freed 399K, 78% free 1326K/6019K, paused 1ms+1ms
D/dalvikvm( 1505): GC_CONCURRENT freed 428K, 78% free 1335K/6019K, paused 1ms+1ms
D/dalvikvm( 1505): GC_CONCURRENT freed 419K, 79% free 1302K/6019K, paused 1ms+1ms
D/dalvikvm( 1505): GC_CONCURRENT freed 396K, 77% free 1409K/6019K, paused 1ms+1ms
D/dalvikvm( 1505): GC_CONCURRENT freed 488K, 79% free 1314K/6019K, paused 0ms+1ms
D/HTTPStream(  744): receive_line return error:-268435448
D/HTTPStream(  744): receive header fail
D/DataSource_M3U8(  744): 
D/DataSource_M3U8(  744):  Warnig:: No Enough data in buffer...
I//lib/ld-linux.so.3(  748): Blocking Read: 30020, size: 0x0.
D/DataSource_M3U8(  744): 
D/DataSource_M3U8(  744): 
D/DataSource_M3U8(  744): 
D/DataSource_M3U8(  744): ============Begin to get playlist !!=====================
D/DataSource_M3U8(  744): 
D/DataSource_M3U8(  744): 
D/dalvikvm( 1505): GC_CONCURRENT freed 393K, 77% free 1401K/6019K, paused 1ms+1ms
D/dalvikvm( 1505): GC_CONCURRENT freed 486K, 78% free 1328K/6019K, paused 1ms+1ms
D/dalvikvm( 1505): GC_CONCURRENT freed 420K, 78% free 1340K/6019K, paused 1ms+1ms
D/HomePlayerLib( 1505): hostaddress count is 1
D/dalvikvm( 1505): GC_CONCURRENT freed 407K, 75% free 1558K/6019K, paused 1ms+1ms
D/dalvikvm( 1505): GC_CONCURRENT freed 652K, 77% free 1411K/6019K, paused 1ms+1ms
D/dalvikvm( 1505): GC_CONCURRENT freed 502K, 79% free 1318K/6019K, paused 0ms+1ms
D/CheckNetWork( 1752): isOk true
D/CheckNetWork( 1752): ActInfoNetworkInfo: type: WIFI[], state: CONNECTED/CONNECTED, reason: (unspecified), extra: (none), roaming: false, failover: false, isAvailable: true
D/CheckNetWork( 1752): infoNetworkInfo: type: WIFI[], state: CONNECTED/CONNECTED, reason: (unspecified), extra: (none), roaming: false, failover: false, isAvailable: true
D/dalvikvm( 1505): GC_CONCURRENT freed 403K, 77% free 1424K/6019K, paused 2ms+1ms
D/dalvikvm( 1505): GC_CONCURRENT freed 512K, 78% free 1331K/6019K, paused 1ms+1ms
D/dalvikvm( 1505): GC_CONCURRENT freed 392K, 76% free 1450K/6019K, paused 1ms+1ms
D/dalvikvm( 1505): GC_CONCURRENT freed 515K, 77% free 1395K/6019K, paused 1ms+1ms
D/dalvikvm( 1505): GC_CONCURRENT freed 468K, 79% free 1323K/6019K, paused 1ms+1ms
D/dalvikvm( 1505): GC_CONCURRENT freed 384K, 78% free 1332K/6019K, paused 1ms+1ms
D/HTTPStream(  744): receive_line return error:-268435448
D/HTTPStream(  744): receive header fail
D/DataSource_M3U8(  744): 
D/DataSource_M3U8(  744): 
D/DataSource_M3U8(  744): 
D/DataSource_M3U8(  744): ============Begin to get playlist !!=====================
D/DataSource_M3U8(  744): 
D/DataSource_M3U8(  744): 
D/DataSource_M3U8(  744): 
D/DataSource_M3U8(  744):  connect Server :cibn-iss1.longvisionmedia.com
D/DataSource_M3U8(  744): parseM3U8 .......!
D/DataSource_M3U8(  744): 
D/DataSource_M3U8(  744):  do not update  mediaSequence : 0   url = http://cibn-iss1.longvisionmedia.com:8088/vod/GA   
D/DataSource_M3U8(  744): [M3U8] file: NULL line 
D/DataSource_M3U8(  744): HLS=====>> Live Stream!!!!
D/DataSource_M3U8(  744): ----------UpdatePlaylistThread runing... 
D/DataSource_M3U8(  744): 
D/DataSource_M3U8(  744): 
D/DataSource_M3U8(  744): 
D/DataSource_M3U8(  744): ============Begin to get playlist !!=====================
D/DataSource_M3U8(  744): 
D/DataSource_M3U8(  744): 
D/DataSource_M3U8(  744): 
D/DataSource_M3U8(  744):  connect Server :cibn-iss1.longvisionmedia.com
D/dalvikvm( 1505): GC_CONCURRENT freed 421K, 78% free 1329K/6019K, paused 1ms+1ms
D/dalvikvm( 1505): GC_CONCURRENT freed 409K, 76% free 1451K/6019K, paused 1ms+1ms
D/DataSource_M3U8(  744): parseM3U8 .......!
D/DataSource_M3U8(  744): 
D/DataSource_M3U8(  744):  do not update  mediaSequence : 0   url = http://cibn-iss1.longvisionmedia.com:8088/vod/GA   
D/DataSource_M3U8(  744): [M3U8] file: NULL line 
D/DataSource_M3U8(  744): HLS=====>> Live Stream!!!!
D/dalvikvm( 1505): GC_CONCURRENT freed 542K, 78% free 1375K/6019K, paused 1ms+1ms
D/dalvikvm( 1505): GC_CONCURRENT freed 459K, 77% free 1385K/6019K, paused 1ms+1ms
D/DataSource_M3U8(  744): 
D/DataSource_M3U8(  744): 
D/DataSource_M3U8(  744): 
D/DataSource_M3U8(  744): ============Begin to get playlist !!=====================
D/DataSource_M3U8(  744): 
D/DataSource_M3U8(  744): 
D/DataSource_M3U8(  744): 
D/DataSource_M3U8(  744):  connect Server :cibn-iss1.longvisionmedia.com
D/DataSource_M3U8(  744): parseM3U8 .......!
D/DataSource_M3U8(  744): 
D/DataSource_M3U8(  744):  do not update  mediaSequence : 0   url = http://cibn-iss1.longvisionmedia.com:8088/vod/GA   
D/DataSource_M3U8(  744): [M3U8] file: NULL line 
D/DataSource_M3U8(  744): HLS=====>> Live Stream!!!!
D/DataSource_M3U8(  744): 
D/DataSource_M3U8(  744): 
D/DataSource_M3U8(  744): 
D/DataSource_M3U8(  744): ============Begin to get playlist !!=====================
D/DataSource_M3U8(  744): 
D/DataSource_M3U8(  744): 
D/DataSource_M3U8(  744): 
D/DataSource_M3U8(  744):  connect Server :cibn-iss1.longvisionmedia.com
D/DataSource_M3U8(  744): parseM3U8 .......!
D/DataSource_M3U8(  744): 
D/DataSource_M3U8(  744):  do not update  mediaSequence : 0   url = http://cibn-iss1.longvisionmedia.com:8088/vod/GA   
D/DataSource_M3U8(  744): [M3U8] file: NULL line 
D/DataSource_M3U8(  744): HLS=====>> Live Stream!!!!
D/dalvikvm( 1505): GC_CONCURRENT freed 476K, 78% free 1327K/6019K, paused 1ms+1ms
D/dalvikvm( 1505): GC_CONCURRENT freed 406K, 79% free 1314K/6019K, paused 1ms+1ms
D/dalvikvm( 1505): GC_CONCURRENT freed 407K, 78% free 1382K/6019K, paused 1ms+1ms
D/HomePlayerLib( 1505): hostaddress count is 1
D/DataSource_M3U8(  744): 
D/DataSource_M3U8(  744): 
D/DataSource_M3U8(  744): 
D/DataSource_M3U8(  744): ============Begin to get playlist !!=====================
D/DataSource_M3U8(  744): 
D/DataSource_M3U8(  744): 
D/dalvikvm( 1505): GC_CONCURRENT freed 459K, 77% free 1434K/6019K, paused 1ms+0ms
D/dalvikvm( 1505): GC_CONCURRENT freed 529K, 79% free 1288K/6019K, paused 1ms+1ms
D/dalvikvm( 1505): GC_CONCURRENT freed 366K, 77% free 1403K/6019K, paused 1ms+1ms
D/dalvikvm( 1505): GC_CONCURRENT freed 483K, 79% free 1307K/6019K, paused 1ms+1ms
D/dalvikvm( 1505): GC_CONCURRENT freed 387K, 79% free 1309K/6019K, paused 1ms+1ms
D/dalvikvm( 1505): GC_CONCURRENT freed 376K, 77% free 1403K/6019K, paused 1ms+1ms
D/dalvikvm( 1505): GC_CONCURRENT freed 465K, 78% free 1337K/6019K, paused 1ms+1ms
D/dalvikvm( 1505): GC_CONCURRENT freed 393K, 78% free 1336K/6019K, paused 1ms+1ms
D/dalvikvm( 1505): GC_CONCURRENT freed 393K, 78% free 1335K/6019K, paused 1ms+1ms
D/dalvikvm( 1505): GC_CONCURRENT freed 392K, 78% free 1336K/6019K, paused 1ms+1ms
D/dalvikvm( 1505): GC_CONCURRENT freed 406K, 79% free 1317K/6019K, paused 1ms+1ms
D/dalvikvm( 1505): GC_CONCURRENT freed 394K, 78% free 1332K/6019K, paused 0ms+1ms
D/dalvikvm( 1505): GC_CONCURRENT freed 393K, 78% free 1332K/6019K, paused 0ms+3ms
D/dalvikvm( 1505): GC_CONCURRENT freed 393K, 78% free 1338K/6019K, paused 1ms+1ms
D/dalvikvm( 1505): GC_CONCURRENT freed 402K, 76% free 1445K/6019K, paused 1ms+1ms
D/dalvikvm( 1505): GC_CONCURRENT freed 517K, 77% free 1429K/6019K, paused 1ms+1ms
D/dalvikvm( 1505): GC_CONCURRENT freed 508K, 79% free 1317K/6019K, paused 1ms+1ms
D/dalvikvm( 1505): GC_CONCURRENT freed 380K, 78% free 1332K/6019K, paused 1ms+1ms
D/dalvikvm( 1505): GC_CONCURRENT freed 396K, 78% free 1331K/6019K, paused 1ms+1ms
D/dalvikvm( 1505): GC_CONCURRENT freed 394K, 78% free 1331K/6019K, paused 1ms+1ms
D/dalvikvm( 1505): GC_CONCURRENT freed 394K, 78% free 1332K/6019K, paused 1ms+1ms
D/HTTPStream(  744): receive_line return error:-268435448
D/HTTPStream(  744): receive header fail
D/DataSource_M3U8(  744): 
D/DataSource_M3U8(  744): 
D/DataSource_M3U8(  744): 
D/DataSource_M3U8(  744): ============Begin to get playlist !!=====================
D/DataSource_M3U8(  744): 
D/DataSource_M3U8(  744): 
D/DataSource_M3U8(  744): 
D/DataSource_M3U8(  744):  connect Server :cibn-iss1.longvisionmedia.com
D/DataSource_M3U8(  744): parseM3U8 .......!
D/DataSource_M3U8(  744): 
D/DataSource_M3U8(  744):  do not update  mediaSequence : 0   url = http://cibn-iss1.longvisionmedia.com:8088/vod/GA   
D/DataSource_M3U8(  744): [M3U8] file: NULL line 
D/DataSource_M3U8(  744): HLS=====>> Live Stream!!!!
D/DataSource_M3U8(  744): 
D/DataSource_M3U8(  744): 
D/DataSource_M3U8(  744): 
D/DataSource_M3U8(  744): ============Begin to get playlist !!=====================
D/DataSource_M3U8(  744): 
D/DataSource_M3U8(  744): 
D/DataSource_M3U8(  744): 
D/DataSource_M3U8(  744):  connect Server :cibn-iss1.longvisionmedia.com
D/dalvikvm( 1505): GC_CONCURRENT freed 411K, 79% free 1316K/6019K, paused 1ms+1ms
D/dalvikvm( 1505): GC_CONCURRENT freed 393K, 79% free 1314K/6019K, paused 2ms+1ms
D/dalvikvm( 1505): GC_CONCURRENT freed 394K, 78% free 1360K/6019K, paused 1ms+2ms
D/dalvikvm( 1505): GC_CONCURRENT freed 445K, 79% free 1302K/6019K, paused 1ms+1ms
D/dalvikvm( 1505): GC_CONCURRENT freed 396K, 79% free 1301K/6019K, paused 1ms+1ms
D/DataSource_M3U8(  744): parseM3U8 .......!
D/DataSource_M3U8(  744): 
D/DataSource_M3U8(  744):  do not update  mediaSequence : 0   url = http://cibn-iss1.longvisionmedia.com:8088/vod/GA   
D/DataSource_M3U8(  744): [M3U8] file: NULL line 
D/DataSource_M3U8(  744): HLS=====>> Live Stream!!!!
D/DataSource_M3U8(  744): 
D/DataSource_M3U8(  744): 
D/DataSource_M3U8(  744): 
D/DataSource_M3U8(  744): ============Begin to get playlist !!=====================
D/DataSource_M3U8(  744): 
D/DataSource_M3U8(  744): 
D/DataSource_M3U8(  744): 
D/DataSource_M3U8(  744):  connect Server :cibn-iss1.longvisionmedia.com
D/DataSource_M3U8(  744): parseM3U8 .......!
D/DataSource_M3U8(  744): 
D/DataSource_M3U8(  744):  do not update  mediaSequence : 0   url = http://cibn-iss1.longvisionmedia.com:8088/vod/GA   
D/DataSource_M3U8(  744): [M3U8] file: NULL line 
D/DataSource_M3U8(  744): HLS=====>> Live Stream!!!!
D/DataSource_M3U8(  744): 
D/DataSource_M3U8(  744): 
D/DataSource_M3U8(  744): 
D/DataSource_M3U8(  744): ============Begin to get playlist !!=====================
D/DataSource_M3U8(  744): 
D/DataSource_M3U8(  744): 
D/DataSource_M3U8(  744): 
D/DataSource_M3U8(  744):  connect Server :cibn-iss1.longvisionmedia.com
D/dalvikvm( 1505): GC_CONCURRENT freed 431K, 78% free 1376K/6019K, paused 1ms+1ms
D/dalvikvm( 1505): GC_CONCURRENT freed 449K, 77% free 1397K/6019K, paused 0ms+1ms
D/dalvikvm( 1505): GC_CONCURRENT freed 486K, 79% free 1303K/6019K, paused 0ms+1ms
D/dalvikvm( 1505): GC_CONCURRENT freed 397K, 79% free 1301K/6019K, paused 1ms+1ms
D/dalvikvm( 1505): GC_CONCURRENT freed 406K, 79% free 1309K/6019K, paused 1ms+1ms
D/HomePlayerLib( 1505): hostaddress count is 1
D/dalvikvm( 1505): GC_CONCURRENT freed 398K, 79% free 1311K/6019K, paused 1ms+1ms
D/dalvikvm( 1505): GC_CONCURRENT freed 404K, 79% free 1300K/6019K, paused 1ms+2ms
D/dalvikvm( 1505): GC_CONCURRENT freed 378K, 79% free 1316K/6019K, paused 1ms+1ms
D/dalvikvm( 1505): GC_CONCURRENT freed 389K, 79% free 1321K/6019K, paused 1ms+1ms
D/DataSource_M3U8(  744): parseM3U8 .......!
D/DataSource_M3U8(  744): 
D/DataSource_M3U8(  744):  do not update  mediaSequence : 0   url = http://cibn-iss1.longvisionmedia.com:8088/vod/GA   
D/DataSource_M3U8(  744): [M3U8] file: NULL line 
D/DataSource_M3U8(  744): HLS=====>> Live Stream!!!!
D/dalvikvm( 1505): GC_CONCURRENT freed 403K, 77% free 1430K/6019K, paused 1ms+2ms
D/dalvikvm( 1505): GC_CONCURRENT freed 457K, 76% free 1484K/6019K, paused 1ms+1ms
D/dalvikvm( 1505): GC_CONCURRENT freed 545K, 78% free 1352K/6019K, paused 1ms+1ms
D/dalvikvm( 1505): GC_CONCURRENT freed 412K, 77% free 1441K/6019K, paused 1ms+1ms
D/DataSource_M3U8(  744): 
D/DataSource_M3U8(  744): 
D/DataSource_M3U8(  744): 
D/DataSource_M3U8(  744): ============Begin to get playlist !!=====================
D/DataSource_M3U8(  744): 
D/DataSource_M3U8(  744): 
D/dalvikvm( 1505): GC_CONCURRENT freed 513K, 77% free 1433K/6019K, paused 1ms+1ms
D/DataSource_M3U8(  744): 
D/DataSource_M3U8(  744):  connect Server :cibn-iss1.longvisionmedia.com
D/DataSource_M3U8(  744): parseM3U8 .......!
D/DataSource_M3U8(  744): 
D/DataSource_M3U8(  744):  do not update  mediaSequence : 0   url = http://cibn-iss1.longvisionmedia.com:8088/vod/GA   
D/DataSource_M3U8(  744): [M3U8] file: NULL line 
D/DataSource_M3U8(  744): HLS=====>> Live Stream!!!!
D/DataSource_M3U8(  744): 
D/DataSource_M3U8(  744): 
D/DataSource_M3U8(  744): 
D/DataSource_M3U8(  744): ============Begin to get playlist !!=====================
D/DataSource_M3U8(  744): 
D/DataSource_M3U8(  744): 
D/DataSource_M3U8(  744): 
D/DataSource_M3U8(  744):  connect Server :cibn-iss1.longvisionmedia.com
D/DataSource_M3U8(  744): parseM3U8 .......!
D/DataSource_M3U8(  744): 
D/DataSource_M3U8(  744):  do not update  mediaSequence : 0   url = http://cibn-iss1.longvisionmedia.com:8088/vod/GA   
D/DataSource_M3U8(  744): [M3U8] file: NULL line 
D/DataSource_M3U8(  744): HLS=====>> Live Stream!!!!
D/DataSource_M3U8(  744): 
D/DataSource_M3U8(  744): 
D/DataSource_M3U8(  744): 
D/DataSource_M3U8(  744): ============Begin to get playlist !!=====================
D/DataSource_M3U8(  744): 
D/DataSource_M3U8(  744): 
D/DataSource_M3U8(  744): 
D/DataSource_M3U8(  744):  connect Server :cibn-iss1.longvisionmedia.com
D/DataSource_M3U8(  744): 
D/DataSource_M3U8(  744):  Warnig:: No Enough data in buffer...
I//lib/ld-linux.so.3(  748): Blocking Read: 30019, size: 0x0.
I//lib/ld-linux.so.3(  748): No more Bits!!
D/dalvikvm( 1505): GC_CONCURRENT freed 511K, 79% free 1315K/6019K, paused 1ms+1ms
D/dalvikvm( 1505): GC_CONCURRENT freed 394K, 79% free 1313K/6019K, paused 1ms+1ms
D/dalvikvm( 1505): GC_CONCURRENT freed 393K, 79% free 1314K/6019K, paused 1ms+1ms
D/dalvikvm( 1505): GC_CONCURRENT freed 394K, 79% free 1314K/6019K, paused 1ms+1ms
D/dalvikvm( 1505): GC_CONCURRENT freed 393K, 79% free 1314K/6019K, paused 1ms+1ms
D/DataSource_M3U8(  744): parseM3U8 .......!
D/DataSource_M3U8(  744): 
D/DataSource_M3U8(  744):  do not update  mediaSequence : 0   url = http://cibn-iss1.longvisionmedia.com:8088/vod/GA   
D/DataSource_M3U8(  744): [M3U8] file: NULL line 
D/DataSource_M3U8(  744): HLS=====>> Live Stream!!!!
D/DataSource_M3U8(  744): 
D/DataSource_M3U8(  744): 
D/DataSource_M3U8(  744): 
D/DataSource_M3U8(  744): ============Begin to get playlist !!=====================
D/DataSource_M3U8(  744): 
D/DataSource_M3U8(  744): 
D/dalvikvm( 1505): GC_CONCURRENT freed 403K, 77% free 1394K/6019K, paused 0ms+1ms
D/dalvikvm( 1505): GC_CONCURRENT freed 488K, 79% free 1314K/6019K, paused 1ms+1ms
D/DataSource_M3U8(  744): 
D/DataSource_M3U8(  744):  connect Server :cibn-iss1.longvisionmedia.com
D/dalvikvm( 1505): GC_CONCURRENT freed 394K, 79% free 1314K/6019K, paused 1ms+2ms
D/dalvikvm( 1505): GC_CONCURRENT freed 394K, 79% free 1315K/6019K, paused 1ms+1ms
D/dalvikvm( 1505): GC_CONCURRENT freed 394K, 78% free 1360K/6019K, paused 1ms+1ms
D/dalvikvm( 1505): GC_CONCURRENT freed 445K, 77% free 1427K/6019K, paused 0ms+1ms
D/dalvikvm( 1505): GC_CONCURRENT freed 518K, 77% free 1410K/6019K, paused 1ms+1ms
D/DataSource_M3U8(  744): parseM3U8 .......!
D/DataSource_M3U8(  744): 
D/DataSource_M3U8(  744):  do not update  mediaSequence : 0   url = http://cibn-iss1.longvisionmedia.com:8088/vod/GA   
D/DataSource_M3U8(  744): [M3U8] file: NULL line 
D/DataSource_M3U8(  744): HLS=====>> Live Stream!!!!
D/DataSource_M3U8(  744): 
D/DataSource_M3U8(  744): 
D/DataSource_M3U8(  744): 
D/DataSource_M3U8(  744): ============Begin to get playlist !!=====================
D/DataSource_M3U8(  744): 
D/DataSource_M3U8(  744): 
D/DataSource_M3U8(  744): 
D/DataSource_M3U8(  744):  connect Server :cibn-iss1.longvisionmedia.com
D/dalvikvm( 1505): GC_CONCURRENT freed 487K, 79% free 1315K/6019K, paused 1ms+1ms
D/dalvikvm( 1505): GC_CONCURRENT freed 405K, 78% free 1327K/6019K, paused 1ms+1ms
D/dalvikvm( 1505): GC_CONCURRENT freed 409K, 77% free 1397K/6019K, paused 0ms+1ms
D/dalvikvm( 1505): GC_CONCURRENT freed 484K, 78% free 1382K/6019K, paused 1ms+1ms
D/HomePlayerLib( 1505): hostaddress count is 1
D/dalvikvm( 1505): GC_CONCURRENT freed 476K, 77% free 1395K/6019K, paused 1ms+1ms
D/dalvikvm( 1505): GC_CONCURRENT freed 484K, 78% free 1383K/6019K, paused 1ms+1ms
D/dalvikvm( 1505): GC_CONCURRENT freed 460K, 78% free 1363K/6019K, paused 1ms+1ms
D/dalvikvm( 1505): GC_CONCURRENT freed 453K, 77% free 1417K/6019K, paused 1ms+1ms
D/dalvikvm( 1505): GC_CONCURRENT freed 503K, 77% free 1414K/6019K, paused 1ms+1ms
D/dalvikvm( 1505): GC_CONCURRENT freed 488K, 79% free 1323K/6019K, paused 1ms+1ms
D/dalvikvm( 1505): GC_CONCURRENT freed 403K, 79% free 1306K/6019K, paused 2ms+2ms
D/DataSource_M3U8(  744): parseM3U8 .......!
D/DataSource_M3U8(  744): 
D/DataSource_M3U8(  744):  do not update  mediaSequence : 0   url = http://cibn-iss1.longvisionmedia.com:8088/vod/GA   
D/DataSource_M3U8(  744): [M3U8] file: NULL line 
D/DataSource_M3U8(  744): HLS=====>> Live Stream!!!!
D/dalvikvm( 1505): GC_CONCURRENT freed 380K, 77% free 1391K/6019K, paused 1ms+1ms
D/dalvikvm( 1505): GC_CONCURRENT freed 443K, 78% free 1341K/6019K, paused 1ms+1ms
D/DataSource_M3U8(  744): ----------UpdatePlaylistThread runing... 
D/DataSource_M3U8(  744): 
D/DataSource_M3U8(  744): 
D/DataSource_M3U8(  744): 
D/DataSource_M3U8(  744): ============Begin to get playlist !!=====================
D/DataSource_M3U8(  744): 
D/DataSource_M3U8(  744): 
D/DataSource_M3U8(  744): 
D/DataSource_M3U8(  744):  connect Server :cibn-iss1.longvisionmedia.com
D/DataSource_M3U8(  744): parseM3U8 .......!
D/DataSource_M3U8(  744): 
D/DataSource_M3U8(  744):  do not update  mediaSequence : 0   url = http://cibn-iss1.longvisionmedia.com:8088/vod/GA   
D/DataSource_M3U8(  744): [M3U8] file: NULL line 
D/DataSource_M3U8(  744): HLS=====>> Live Stream!!!!
D/DataSource_M3U8(  744): 
D/DataSource_M3U8(  744): 
D/DataSource_M3U8(  744): 
D/DataSource_M3U8(  744): ============Begin to get playlist !!=====================
D/DataSource_M3U8(  744): 
D/DataSource_M3U8(  744): 
D/DataSource_M3U8(  744): 
D/DataSource_M3U8(  744):  connect Server :cibn-iss1.longvisionmedia.com
D/DataSource_M3U8(  744): parseM3U8 .......!
D/DataSource_M3U8(  744): 
D/DataSource_M3U8(  744):  do not update  mediaSequence : 0   url = http://cibn-iss1.longvisionmedia.com:8088/vod/GA   
D/DataSource_M3U8(  744): [M3U8] file: NULL line 
D/DataSource_M3U8(  744): HLS=====>> Live Stream!!!!
D/DataSource_M3U8(  744): 
D/DataSource_M3U8(  744): 
D/DataSource_M3U8(  744): 
D/DataSource_M3U8(  744): ============Begin to get playlist !!=====================
D/DataSource_M3U8(  744): 
D/DataSource_M3U8(  744): 
D/DataSource_M3U8(  744): 
D/DataSource_M3U8(  744):  connect Server :cibn-iss1.longvisionmedia.com
D/dalvikvm( 1505): GC_CONCURRENT freed 416K, 79% free 1312K/6019K, paused 1ms+1ms
D/dalvikvm( 1505): GC_CONCURRENT freed 405K, 78% free 1328K/6019K, paused 1ms+1ms
D/dalvikvm( 1505): GC_CONCURRENT freed 407K, 79% free 1313K/6019K, paused 1ms+1ms
D/dalvikvm( 1505): GC_CONCURRENT freed 393K, 78% free 1328K/6019K, paused 0ms+2ms
D/dalvikvm( 1505): GC_CONCURRENT freed 421K, 77% free 1415K/6019K, paused 1ms+1ms
D/dalvikvm( 1505): GC_CONCURRENT freed 504K, 79% free 1302K/6019K, paused 1ms+1ms
D/dalvikvm( 1505): GC_CONCURRENT freed 394K, 79% free 1292K/6019K, paused 1ms+1ms
D/DataSource_M3U8(  744): parseM3U8 .......!
D/DataSource_M3U8(  744): 
D/DataSource_M3U8(  744):  do not update  mediaSequence : 0   url = http://cibn-iss1.longvisionmedia.com:8088/vod/GA   
D/DataSource_M3U8(  744): [M3U8] file: NULL line 
D/DataSource_M3U8(  744): HLS=====>> Live Stream!!!!
D/DataSource_M3U8(  744): 
D/DataSource_M3U8(  744): 
D/DataSource_M3U8(  744): 
D/DataSource_M3U8(  744): ============Begin to get playlist !!=====================
D/DataSource_M3U8(  744): 
D/DataSource_M3U8(  744): 
D/DataSource_M3U8(  744): 
D/DataSource_M3U8(  744):  connect Server :cibn-iss1.longvisionmedia.com
D/DataSource_M3U8(  744): parseM3U8 .......!
D/DataSource_M3U8(  744): 
D/DataSource_M3U8(  744):  do not update  mediaSequence : 0   url = http://cibn-iss1.longvisionmedia.com:8088/vod/GA   
D/DataSource_M3U8(  744): [M3U8] file: NULL line 
D/DataSource_M3U8(  744): HLS=====>> Live Stream!!!!
D/DataSource_M3U8(  744): 
D/DataSource_M3U8(  744): 
D/DataSource_M3U8(  744): 
D/DataSource_M3U8(  744): ============Begin to get playlist !!=====================
D/DataSource_M3U8(  744): 
D/DataSource_M3U8(  744): 
D/DataSource_M3U8(  744): 
D/DataSource_M3U8(  744):  connect Server :cibn-iss1.longvisionmedia.com
D/dalvikvm( 1505): GC_CONCURRENT freed 371K, 79% free 1312K/6019K, paused 1ms+1ms
D/dalvikvm( 1505): GC_CONCURRENT freed 392K, 77% free 1419K/6019K, paused 0ms+0ms
D/dalvikvm( 1505): GC_CONCURRENT freed 501K, 77% free 1416K/6019K, paused 1ms+1ms
D/dalvikvm( 1505): GC_CONCURRENT freed 523K, 77% free 1393K/6019K, paused 1ms+1ms
D/HomePlayerLib( 1505): hostaddress count is 1
D/dalvikvm( 1505): GC_CONCURRENT freed 472K, 77% free 1410K/6019K, paused 1ms+2ms
D/dalvikvm( 1505): GC_CONCURRENT freed 505K, 79% free 1320K/6019K, paused 1ms+1ms
D/dalvikvm( 1505): GC_CONCURRENT freed 408K, 77% free 1418K/6019K, paused 1ms+1ms
D/dalvikvm( 1505): GC_CONCURRENT freed 485K, 79% free 1319K/6019K, paused 2ms+1ms
D/dalvikvm( 1505): GC_CONCURRENT freed 370K, 78% free 1342K/6019K, paused 1ms+1ms
D/dalvikvm( 1505): GC_CONCURRENT freed 379K, 78% free 1361K/6019K, paused 1ms+1ms
D/dalvikvm( 1505): GC_CONCURRENT freed 424K, 77% free 1419K/6019K, paused 1ms+1ms
D/dalvikvm( 1505): GC_CONCURRENT freed 487K, 78% free 1335K/6019K, paused 1ms+1ms
D/dalvikvm( 1505): GC_CONCURRENT freed 395K, 78% free 1333K/6019K, paused 1ms+1ms
D/dalvikvm( 1505): GC_CONCURRENT freed 411K, 79% free 1313K/6019K, paused 1ms+1ms
D/dalvikvm( 1505): GC_CONCURRENT freed 367K, 77% free 1419K/6019K, paused 1ms+1ms
D/dalvikvm( 1505): GC_CONCURRENT freed 484K, 78% free 1330K/6019K, paused 1ms+1ms
D/DataSource_M3U8(  744): parseM3U8 .......!
D/DataSource_M3U8(  744): 
D/DataSource_M3U8(  744):  do not update  mediaSequence : 0   url = http://cibn-iss1.longvisionmedia.com:8088/vod/GA   
D/DataSource_M3U8(  744): [M3U8] file: NULL line 
D/DataSource_M3U8(  744): HLS=====>> Live Stream!!!!
D/dalvikvm( 1505): GC_CONCURRENT freed 396K, 79% free 1319K/6019K, paused 1ms+1ms
D/dalvikvm( 1505): GC_CONCURRENT freed 387K, 78% free 1335K/6019K, paused 1ms+2ms
D/dalvikvm( 1505): GC_CONCURRENT freed 404K, 77% free 1431K/6019K, paused 1ms+1ms
D/DataSource_M3U8(  744): 
D/DataSource_M3U8(  744): 
D/DataSource_M3U8(  744): 
D/DataSource_M3U8(  744): ============Begin to get playlist !!=====================
D/DataSource_M3U8(  744): 
D/DataSource_M3U8(  744): 
D/DataSource_M3U8(  744): 
D/DataSource_M3U8(  744):  connect Server :cibn-iss1.longvisionmedia.com
D/dalvikvm( 1505): GC_CONCURRENT freed 491K, 77% free 1416K/6019K, paused 2ms+2ms
D/dalvikvm( 1505): GC_CONCURRENT freed 486K, 79% free 1321K/6019K, paused 0ms+1ms
D/dalvikvm( 1505): GC_CONCURRENT freed 397K, 79% free 1319K/6019K, paused 0ms+1ms
D/dalvikvm( 1505): GC_CONCURRENT freed 394K, 77% free 1433K/6019K, paused 1ms+1ms
D/dalvikvm( 1505): GC_CONCURRENT freed 488K, 78% free 1334K/6019K, paused 1ms+1ms
D/dalvikvm( 1505): GC_CONCURRENT freed 395K, 78% free 1378K/6019K, paused 1ms+1ms
D/DataSource_M3U8(  744): parseM3U8 .......!
D/DataSource_M3U8(  744): 
D/DataSource_M3U8(  744):  do not update  mediaSequence : 0   url = http://cibn-iss1.longvisionmedia.com:8088/vod/GA   
D/DataSource_M3U8(  744): [M3U8] file: NULL line 
D/DataSource_M3U8(  744): HLS=====>> Live Stream!!!!
D/DataSource_M3U8(  744): 
D/DataSource_M3U8(  744): 
D/DataSource_M3U8(  744): 
D/DataSource_M3U8(  744): ============Begin to get playlist !!=====================
D/DataSource_M3U8(  744): 
D/DataSource_M3U8(  744): 
D/DataSource_M3U8(  744): 
D/DataSource_M3U8(  744):  connect Server :cibn-iss1.longvisionmedia.com
D/DataSource_M3U8(  744): parseM3U8 .......!
D/DataSource_M3U8(  744): 
D/DataSource_M3U8(  744):  do not update  mediaSequence : 0   url = http://cibn-iss1.longvisionmedia.com:8088/vod/GA   
D/DataSource_M3U8(  744): [M3U8] file: NULL line 
D/DataSource_M3U8(  744): HLS=====>> Live Stream!!!!
D/dalvikvm( 1505): GC_CONCURRENT freed 442K, 76% free 1470K/6019K, paused 1ms+1ms
D/dalvikvm( 1505): GC_CONCURRENT freed 530K, 78% free 1334K/6019K, paused 1ms+1ms
D/dalvikvm( 1505): GC_CONCURRENT freed 414K, 77% free 1397K/6019K, paused 1ms+1ms
D/DataSource_M3U8(  744): 
D/DataSource_M3U8(  744): 
D/DataSource_M3U8(  744): 
D/DataSource_M3U8(  744): ============Begin to get playlist !!=====================
D/DataSource_M3U8(  744): 
D/DataSource_M3U8(  744): 
D/dalvikvm( 1505): GC_CONCURRENT freed 486K, 77% free 1418K/6019K, paused 1ms+1ms
D/dalvikvm( 1505): GC_CONCURRENT freed 498K, 77% free 1414K/6019K, paused 1ms+1ms
D/dalvikvm( 1505): GC_CONCURRENT freed 500K, 78% free 1378K/6019K, paused 1ms+1ms
D/dalvikvm( 1505): GC_CONCURRENT freed 456K, 77% free 1396K/6019K, paused 1ms+1ms
D/DataSource_M3U8(  744): 
D/DataSource_M3U8(  744):  connect Server :cibn-iss1.longvisionmedia.com
D/dalvikvm( 1505): GC_CONCURRENT freed 475K, 79% free 1314K/6019K, paused 0ms+1ms
D/dalvikvm( 1505): GC_CONCURRENT freed 405K, 79% free 1299K/6019K, paused 1ms+2ms
D/HomePlayerLib( 1505): hostaddress count is 1
D/dalvikvm( 1505): GC_CONCURRENT freed 388K, 77% free 1401K/6019K, paused 1ms+1ms
D/dalvikvm( 1505): GC_CONCURRENT freed 494K, 77% free 1401K/6019K, paused 1ms+1ms
D/dalvikvm( 1505): GC_CONCURRENT freed 472K, 77% free 1441K/6019K, paused 1ms+1ms
D/dalvikvm( 1505): GC_CONCURRENT freed 524K, 79% free 1306K/6019K, paused 1ms+1ms
D/dalvikvm( 1505): GC_CONCURRENT freed 399K, 79% free 1318K/6019K, paused 0ms+1ms
D/DataSource_M3U8(  744): parseM3U8 .......!
D/DataSource_M3U8(  744): 
D/DataSource_M3U8(  744):  do not update  mediaSequence : 0   url = http://cibn-iss1.longvisionmedia.com:8088/vod/GA   
D/DataSource_M3U8(  744): [M3U8] file: NULL line 
D/DataSource_M3U8(  744): HLS=====>> Live Stream!!!!
D/dalvikvm( 1505): GC_CONCURRENT freed 396K, 77% free 1429K/6019K, paused 1ms+0ms
D/dalvikvm( 1505): GC_CONCURRENT freed 519K, 79% free 1304K/6019K, paused 1ms+1ms
D/dalvikvm( 1505): GC_CONCURRENT freed 370K, 78% free 1326K/6019K, paused 1ms+1ms
D/dalvikvm( 1505): GC_CONCURRENT freed 389K, 78% free 1332K/6019K, paused 1ms+1ms
D/DataSource_M3U8(  744): 
D/DataSource_M3U8(  744): 
D/DataSource_M3U8(  744): 
D/DataSource_M3U8(  744): ============Begin to get playlist !!=====================
D/DataSource_M3U8(  744): 
D/DataSource_M3U8(  744): 
D/DataSource_M3U8(  744): 
D/DataSource_M3U8(  744):  connect Server :cibn-iss1.longvisionmedia.com
D/dalvikvm( 1505): GC_CONCURRENT freed 388K, 78% free 1333K/6019K, paused 1ms+1ms
D/dalvikvm( 1505): GC_CONCURRENT freed 393K, 77% free 1420K/6019K, paused 1ms+0ms
D/dalvikvm( 1505): GC_CONCURRENT freed 484K, 78% free 1330K/6019K, paused 1ms+1ms
D/dalvikvm( 1505): GC_CONCURRENT freed 397K, 79% free 1319K/6019K, paused 1ms+1ms
D/dalvikvm( 1505): GC_CONCURRENT freed 394K, 78% free 1328K/6019K, paused 1ms+1ms
D/DataSource_M3U8(  744): parseM3U8 .......!
D/DataSource_M3U8(  744): 
D/DataSource_M3U8(  744):  do not update  mediaSequence : 0   url = http://cibn-iss1.longvisionmedia.com:8088/vod/GA   
D/DataSource_M3U8(  744): [M3U8] file: NULL line 
D/DataSource_M3U8(  744): HLS=====>> Live Stream!!!!
D/dalvikvm( 1505): GC_CONCURRENT freed 394K, 79% free 1319K/6019K, paused 1ms+1ms
D/DataSource_M3U8(  744): 
D/DataSource_M3U8(  744):  Warnig:: No Enough data in buffer...
I//lib/ld-linux.so.3(  748): Blocking Read: 30021, size: 0x0.
D/dalvikvm( 1505): GC_CONCURRENT freed 394K, 79% free 1319K/6019K, paused 0ms+1ms
D/DataSource_M3U8(  744): 
D/DataSource_M3U8(  744): 
D/DataSource_M3U8(  744): 
D/DataSource_M3U8(  744): ============Begin to get playlist !!=====================
D/DataSource_M3U8(  744): 
D/DataSource_M3U8(  744): 
D/dalvikvm( 1505): GC_CONCURRENT freed 394K, 79% free 1320K/6019K, paused 1ms+1ms
D/dalvikvm( 1505): GC_CONCURRENT freed 395K, 79% free 1320K/6019K, paused 1ms+1ms
D/DataSource_M3U8(  744): 
D/DataSource_M3U8(  744):  connect Server :cibn-iss1.longvisionmedia.com
D/dalvikvm( 1505): GC_CONCURRENT freed 394K, 78% free 1329K/6019K, paused 1ms+1ms
D/DataSource_M3U8(  744): parseM3U8 .......!
D/DataSource_M3U8(  744): 
D/DataSource_M3U8(  744):  do not update  mediaSequence : 0   url = http://cibn-iss1.longvisionmedia.com:8088/vod/GA   
D/DataSource_M3U8(  744): [M3U8] file: NULL line 
D/DataSource_M3U8(  744): HLS=====>> Live Stream!!!!
D/DataSource_M3U8(  744): 
D/DataSource_M3U8(  744): 
D/DataSource_M3U8(  744): 
D/DataSource_M3U8(  744): ============Begin to get playlist !!=====================
D/DataSource_M3U8(  744): 
D/DataSource_M3U8(  744): 
D/CheckNetWork( 1752): isOk true
D/CheckNetWork( 1752): ActInfoNetworkInfo: type: WIFI[], state: CONNECTED/CONNECTED, reason: (unspecified), extra: (none), roaming: false, failover: false, isAvailable: true
D/CheckNetWork( 1752): infoNetworkInfo: type: WIFI[], state: CONNECTED/CONNECTED, reason: (unspecified), extra: (none), roaming: false, failover: false, isAvailable: true
D/dalvikvm( 1505): GC_CONCURRENT freed 404K, 79% free 1309K/6019K, paused 1ms+1ms
D/dalvikvm( 1505): GC_CONCURRENT freed 388K, 78% free 1324K/6019K, paused 1ms+1ms
D/dalvikvm( 1505): GC_CONCURRENT freed 396K, 79% free 1322K/6019K, paused 1ms+1ms
D/DataSource_M3U8(  744): 
D/DataSource_M3U8(  744):  connect Server :cibn-iss1.longvisionmedia.com
D/PushMsgCenter( 1724): mDownUpRun run while (true)
D/PushMsgCenter( 1724): down  
D/DataSource_M3U8(  744): parseM3U8 .......!
D/DataSource_M3U8(  744): 
D/DataSource_M3U8(  744):  do not update  mediaSequence : 0   url = http://cibn-iss1.longvisionmedia.com:8088/vod/GA   
D/DataSource_M3U8(  744): [M3U8] file: NULL line 
D/DataSource_M3U8(  744): HLS=====>> Live Stream!!!!
D/PushMsgCenter( 1724): down conn.getResponseCode() status = 404
D/DataSource_M3U8(  744): 
D/DataSource_M3U8(  744): 
D/DataSource_M3U8(  744): 
D/DataSource_M3U8(  744): ============Begin to get playlist !!=====================
D/DataSource_M3U8(  744): 
D/DataSource_M3U8(  744): 
D/DataSource_M3U8(  744): 
D/DataSource_M3U8(  744):  connect Server :cibn-iss1.longvisionmedia.com
D/DataSource_M3U8(  744): parseM3U8 .......!
D/DataSource_M3U8(  744): 
D/DataSource_M3U8(  744):  do not update  mediaSequence : 0   url = http://cibn-iss1.longvisionmedia.com:8088/vod/GA   
D/DataSource_M3U8(  744): [M3U8] file: NULL line 
D/DataSource_M3U8(  744): HLS=====>> Live Stream!!!!
D/dalvikvm( 1505): GC_CONCURRENT freed 402K, 77% free 1420K/6019K, paused 1ms+1ms
D/dalvikvm( 1505): GC_CONCURRENT freed 501K, 78% free 1374K/6019K, paused 1ms+1ms
D/DataSource_M3U8(  744): ----------UpdatePlaylistThread runing... 
D/DataSource_M3U8(  744): 
D/DataSource_M3U8(  744): 
D/DataSource_M3U8(  744): 
D/DataSource_M3U8(  744): ============Begin to get playlist !!=====================
D/DataSource_M3U8(  744): 
D/DataSource_M3U8(  744): 
D/dalvikvm( 1505): GC_CONCURRENT freed 458K, 79% free 1303K/6019K, paused 1ms+1ms
D/dalvikvm( 1505): GC_CONCURRENT freed 397K, 79% free 1300K/6019K, paused 1ms+1ms
D/DataSource_M3U8(  744): 
D/DataSource_M3U8(  744):  connect Server :cibn-iss1.longvisionmedia.com
D/dalvikvm( 1505): GC_CONCURRENT freed 393K, 77% free 1408K/6019K, paused 1ms+1ms
D/dalvikvm( 1505): GC_CONCURRENT freed 498K, 79% free 1300K/6019K, paused 1ms+1ms
D/HomePlayerLib( 1505): hostaddress count is 1
D/dalvikvm( 1505): GC_CONCURRENT freed 388K, 77% free 1402K/6019K, paused 0ms+1ms
D/dalvikvm( 1505): GC_CONCURRENT freed 494K, 77% free 1414K/6019K, paused 1ms+1ms
D/dalvikvm( 1505): GC_CONCURRENT freed 487K, 78% free 1328K/6019K, paused 1ms+1ms
D/dalvikvm( 1505): GC_CONCURRENT freed 420K, 79% free 1316K/6019K, paused 1ms+1ms
D/dalvikvm( 1505): GC_CONCURRENT freed 400K, 77% free 1415K/6019K, paused 1ms+1ms
D/dalvikvm( 1505): GC_CONCURRENT freed 456K, 76% free 1473K/6019K, paused 1ms+1ms
D/dalvikvm( 1505): GC_CONCURRENT freed 558K, 79% free 1323K/6019K, paused 0ms+1ms
D/DataSource_M3U8(  744): parseM3U8 .......!
D/DataSource_M3U8(  744): 
D/DataSource_M3U8(  744):  do not update  mediaSequence : 0   url = http://cibn-iss1.longvisionmedia.com:8088/vod/GA   
D/DataSource_M3U8(  744): [M3U8] file: NULL line 
D/DataSource_M3U8(  744): HLS=====>> Live Stream!!!!
D/dalvikvm( 1505): GC_CONCURRENT freed 408K, 77% free 1410K/6019K, paused 0ms+1ms
D/DataSource_M3U8(  744): 
D/DataSource_M3U8(  744): 
D/DataSource_M3U8(  744): 
D/DataSource_M3U8(  744): ============Begin to get playlist !!=====================
D/DataSource_M3U8(  744): 
D/DataSource_M3U8(  744): 
D/dalvikvm( 1505): GC_CONCURRENT freed 491K, 79% free 1306K/6019K, paused 1ms+1ms
D/DataSource_M3U8(  744): 
D/DataSource_M3U8(  744):  connect Server :cibn-iss1.longvisionmedia.com
D/DataSource_M3U8(  744): parseM3U8 .......!
D/DataSource_M3U8(  744): 
D/DataSource_M3U8(  744):  do not update  mediaSequence : 0   url = http://cibn-iss1.longvisionmedia.com:8088/vod/GA   
D/DataSource_M3U8(  744): [M3U8] file: NULL line 
D/DataSource_M3U8(  744): HLS=====>> Live Stream!!!!
D/DataSource_M3U8(  744): 
D/DataSource_M3U8(  744): 
D/DataSource_M3U8(  744): 
D/DataSource_M3U8(  744): ============Begin to get playlist !!=====================
D/DataSource_M3U8(  744): 
D/DataSource_M3U8(  744): 
D/DataSource_M3U8(  744): 
D/DataSource_M3U8(  744):  connect Server :cibn-iss1.longvisionmedia.com
D/dalvikvm( 1505): GC_CONCURRENT freed 370K, 77% free 1429K/6019K, paused 1ms+1ms
D/dalvikvm( 1505): GC_CONCURRENT freed 490K, 78% free 1332K/6019K, paused 1ms+1ms
D/dalvikvm( 1505): GC_CONCURRENT freed 394K, 78% free 1332K/6019K, paused 1ms+1ms
D/dalvikvm( 1505): GC_CONCURRENT freed 394K, 77% free 1420K/6019K, paused 1ms+1ms
D/dalvikvm( 1505): GC_CONCURRENT freed 503K, 77% free 1412K/6019K, paused 0ms+1ms
D/dalvikvm( 1505): GC_CONCURRENT freed 490K, 79% free 1314K/6019K, paused 1ms+1ms
D/DataSource_M3U8(  744): parseM3U8 .......!
D/DataSource_M3U8(  744): 
D/DataSource_M3U8(  744):  do not update  mediaSequence : 0   url = http://cibn-iss1.longvisionmedia.com:8088/vod/GA   
D/DataSource_M3U8(  744): [M3U8] file: NULL line 
D/DataSource_M3U8(  744): HLS=====>> Live Stream!!!!
D/dalvikvm( 1505): GC_CONCURRENT freed 393K, 77% free 1397K/6019K, paused 0ms+1ms
D/dalvikvm( 1505): GC_CONCURRENT freed 473K, 79% free 1315K/6019K, paused 1ms+1ms
D/dalvikvm( 1505): GC_CONCURRENT freed 401K, 79% free 1312K/6019K, paused 0ms+1ms
D/DataSource_M3U8(  744): 
D/DataSource_M3U8(  744): 
D/DataSource_M3U8(  744): 
D/DataSource_M3U8(  744): ============Begin to get playlist !!=====================
D/DataSource_M3U8(  744): 
D/DataSource_M3U8(  744): 
D/dalvikvm( 1505): GC_CONCURRENT freed 394K, 79% free 1313K/6019K, paused 1ms+1ms
D/dalvikvm( 1505): GC_CONCURRENT freed 393K, 79% free 1313K/6019K, paused 1ms+1ms
D/DataSource_M3U8(  744): 
D/DataSource_M3U8(  744):  connect Server :cibn-iss1.longvisionmedia.com
D/dalvikvm( 1505): GC_CONCURRENT freed 394K, 79% free 1314K/6019K, paused 1ms+1ms
D/DataSource_M3U8(  744): parseM3U8 .......!
D/DataSource_M3U8(  744): 
D/DataSource_M3U8(  744):  do not update  mediaSequence : 0   url = http://cibn-iss1.longvisionmedia.com:8088/vod/GA   
D/DataSource_M3U8(  744): [M3U8] file: NULL line 
D/DataSource_M3U8(  744): HLS=====>> Live Stream!!!!
D/DataSource_M3U8(  744): 
D/DataSource_M3U8(  744): 
D/DataSource_M3U8(  744): 
D/DataSource_M3U8(  744): ============Begin to get playlist !!=====================
D/DataSource_M3U8(  744): 
D/DataSource_M3U8(  744): 
D/DataSource_M3U8(  744): 
D/DataSource_M3U8(  744):  connect Server :cibn-iss1.longvisionmedia.com
D/dalvikvm( 1505): GC_CONCURRENT freed 392K, 79% free 1314K/6019K, paused 1ms+1ms
D/dalvikvm( 1505): GC_CONCURRENT freed 393K, 77% free 1398K/6019K, paused 1ms+1ms
D/dalvikvm( 1505): GC_CONCURRENT freed 485K, 77% free 1411K/6019K, paused 1ms+2ms
D/dalvikvm( 1505): GC_CONCURRENT freed 491K, 77% free 1397K/6019K, paused 0ms+1ms
D/dalvikvm( 1505): GC_CONCURRENT freed 476K, 77% free 1428K/6019K, paused 2ms+1ms
D/HomePlayerLib( 1505): hostaddress count is 1
D/dalvikvm( 1505): GC_CONCURRENT freed 505K, 79% free 1312K/6019K, paused 0ms+1ms
D/dalvikvm( 1505): GC_CONCURRENT freed 404K, 77% free 1420K/6019K, paused 1ms+1ms
D/dalvikvm( 1505): GC_CONCURRENT freed 504K, 77% free 1424K/6019K, paused 1ms+1ms
D/dalvikvm( 1505): GC_CONCURRENT freed 494K, 77% free 1399K/6019K, paused 0ms+1ms
D/dalvikvm( 1505): GC_CONCURRENT freed 472K, 79% free 1319K/6019K, paused 1ms+1ms
D/dalvikvm( 1505): GC_CONCURRENT freed 393K, 79% free 1319K/6019K, paused 1ms+2ms
D/dalvikvm( 1505): GC_CONCURRENT freed 393K, 79% free 1317K/6019K, paused 1ms+1ms
D/dalvikvm( 1505): GC_CONCURRENT freed 402K, 79% free 1307K/6019K, paused 1ms+1ms
D/DataSource_M3U8(  744): parseM3U8 .......!
D/DataSource_M3U8(  744): 
D/DataSource_M3U8(  744):  do not update  mediaSequence : 0   url = http://cibn-iss1.longvisionmedia.com:8088/vod/GA   
D/DataSource_M3U8(  744): [M3U8] file: NULL line 
D/DataSource_M3U8(  744): HLS=====>> Live Stream!!!!
D/dalvikvm( 1505): GC_CONCURRENT freed 381K, 79% free 1315K/6019K, paused 1ms+1ms
D/dalvikvm( 1505): GC_CONCURRENT freed 396K, 79% free 1314K/6019K, paused 1ms+1ms
D/DataSource_M3U8(  744): 
D/DataSource_M3U8(  744): 
D/DataSource_M3U8(  744): 
D/DataSource_M3U8(  744): ============Begin to get playlist !!=====================
D/DataSource_M3U8(  744): 
D/DataSource_M3U8(  744): 
D/DataSource_M3U8(  744): 
D/DataSource_M3U8(  744):  connect Server :cibn-iss1.longvisionmedia.com
D/DataSource_M3U8(  744): parseM3U8 .......!
D/DataSource_M3U8(  744): 
D/DataSource_M3U8(  744):  do not update  mediaSequence : 0   url = http://cibn-iss1.longvisionmedia.com:8088/vod/GA   
D/DataSource_M3U8(  744): [M3U8] file: NULL line 
D/DataSource_M3U8(  744): HLS=====>> Live Stream!!!!
D/DataSource_M3U8(  744): 
D/DataSource_M3U8(  744): 
D/DataSource_M3U8(  744): 
D/DataSource_M3U8(  744): ============Begin to get playlist !!=====================
D/DataSource_M3U8(  744): 
D/DataSource_M3U8(  744): 
D/DataSource_M3U8(  744): 
D/DataSource_M3U8(  744):  connect Server :cibn-iss1.longvisionmedia.com
D/dalvikvm( 1505): GC_CONCURRENT freed 393K, 77% free 1428K/6019K, paused 1ms+1ms
D/DataSource_M3U8(  744): parseM3U8 .......!
D/DataSource_M3U8(  744): 
D/DataSource_M3U8(  744):  do not update  mediaSequence : 0   url = http://cibn-iss1.longvisionmedia.com:8088/vod/GA   
D/DataSource_M3U8(  744): [M3U8] file: NULL line 
D/DataSource_M3U8(  744): HLS=====>> Live Stream!!!!
D/dalvikvm( 1505): GC_CONCURRENT freed 509K, 78% free 1375K/6019K, paused 0ms+1ms
D/dalvikvm( 1505): GC_CONCURRENT freed 450K, 79% free 1321K/6019K, paused 1ms+1ms
D/DataSource_M3U8(  744): 
D/DataSource_M3U8(  744): 
D/DataSource_M3U8(  744): 
D/DataSource_M3U8(  744): ============Begin to get playlist !!=====================
D/DataSource_M3U8(  744): 
D/DataSource_M3U8(  744): 
D/dalvikvm( 1505): GC_CONCURRENT freed 397K, 79% free 1319K/6019K, paused 1ms+1ms
D/DataSource_M3U8(  744): 
D/DataSource_M3U8(  744):  connect Server :cibn-iss1.longvisionmedia.com
D/DataSource_M3U8(  744): parseM3U8 .......!
D/DataSource_M3U8(  744): 
D/DataSource_M3U8(  744):  do not update  mediaSequence : 0   url = http://cibn-iss1.longvisionmedia.com:8088/vod/GA   
D/DataSource_M3U8(  744): [M3U8] file: NULL line 
D/DataSource_M3U8(  744): HLS=====>> Live Stream!!!!
D/DataSource_M3U8(  744): 
D/DataSource_M3U8(  744): 
D/DataSource_M3U8(  744): 
D/DataSource_M3U8(  744): ============Begin to get playlist !!=====================
D/DataSource_M3U8(  744): 
D/DataSource_M3U8(  744): 
D/DataSource_M3U8(  744): 
D/DataSource_M3U8(  744):  connect Server :cibn-iss1.longvisionmedia.com
D/dalvikvm( 1505): GC_CONCURRENT freed 414K, 78% free 1329K/6019K, paused 1ms+1ms
D/dalvikvm( 1505): GC_CONCURRENT freed 421K, 79% free 1293K/6019K, paused 1ms+1ms
D/dalvikvm( 1505): GC_CONCURRENT freed 367K, 78% free 1379K/6019K, paused 1ms+1ms
D/dalvikvm( 1505): GC_CONCURRENT freed 461K, 79% free 1302K/6019K, paused 1ms+1ms
D/DataSource_M3U8(  744): parseM3U8 .......!
D/DataSource_M3U8(  744): 
D/DataSource_M3U8(  744):  do not update  mediaSequence : 0   url = http://cibn-iss1.longvisionmedia.com:8088/vod/GA   
D/DataSource_M3U8(  744): [M3U8] file: NULL line 
D/DataSource_M3U8(  744): HLS=====>> Live Stream!!!!
D/DataSource_M3U8(  744): 
D/DataSource_M3U8(  744): 
D/DataSource_M3U8(  744): 
D/DataSource_M3U8(  744): ============Begin to get playlist !!=====================
D/DataSource_M3U8(  744): 
D/DataSource_M3U8(  744): 
D/dalvikvm( 1505): GC_CONCURRENT freed 399K, 79% free 1288K/6019K, paused 1ms+1ms
D/dalvikvm( 1505): GC_CONCURRENT freed 368K, 79% free 1318K/6019K, paused 1ms+1ms
D/HomePlayerLib( 1505): hostaddress count is 1
D/dalvikvm( 1505): GC_CONCURRENT freed 396K, 79% free 1321K/6019K, paused 1ms+1ms
D/dalvikvm( 1505): GC_CONCURRENT freed 405K, 79% free 1300K/6019K, paused 1ms+1ms
D/DataSource_M3U8(  744): 
D/DataSource_M3U8(  744):  connect Server :cibn-iss1.longvisionmedia.com
D/dalvikvm( 1505): GC_CONCURRENT freed 378K, 79% free 1313K/6019K, paused 1ms+1ms
D/dalvikvm( 1505): GC_CONCURRENT freed 392K, 77% free 1435K/6019K, paused 1ms+1ms
D/dalvikvm( 1505): GC_CONCURRENT freed 512K, 78% free 1347K/6019K, paused 1ms+1ms
D/DataSource_M3U8(  744): 
D/DataSource_M3U8(  744):  Warnig:: No Enough data in buffer...
I//lib/ld-linux.so.3(  748): Blocking Read: 30022, size: 0x0.
D/dalvikvm( 1505): GC_CONCURRENT freed 419K, 77% free 1439K/6019K, paused 1ms+1ms
D/dalvikvm( 1505): GC_CONCURRENT freed 590K, 78% free 1355K/6019K, paused 1ms+0ms
D/dalvikvm( 1505): GC_CONCURRENT freed 414K, 78% free 1333K/6019K, paused 1ms+1ms
D/DataSource_M3U8(  744): parseM3U8 .......!
D/DataSource_M3U8(  744): 
D/DataSource_M3U8(  744):  do not update  mediaSequence : 0   url = http://cibn-iss1.longvisionmedia.com:8088/vod/GA   
D/DataSource_M3U8(  744): [M3U8] file: NULL line 
D/DataSource_M3U8(  744): HLS=====>> Live Stream!!!!
D/DataSource_M3U8(  744): 
D/DataSource_M3U8(  744): 
D/DataSource_M3U8(  744): 
D/DataSource_M3U8(  744): ============Begin to get playlist !!=====================
D/DataSource_M3U8(  744): 
D/DataSource_M3U8(  744): 
D/DataSource_M3U8(  744): 
D/DataSource_M3U8(  744):  connect Server :cibn-iss1.longvisionmedia.com
D/DataSource_M3U8(  744): parseM3U8 .......!
D/DataSource_M3U8(  744): 
D/DataSource_M3U8(  744):  do not update  mediaSequence : 0   url = http://cibn-iss1.longvisionmedia.com:8088/vod/GA   
D/DataSource_M3U8(  744): [M3U8] file: NULL line 
D/DataSource_M3U8(  744): HLS=====>> Live Stream!!!!
D/DataSource_M3U8(  744): 
D/DataSource_M3U8(  744): 
D/DataSource_M3U8(  744): 
D/DataSource_M3U8(  744): ============Begin to get playlist !!=====================
D/DataSource_M3U8(  744): 
D/DataSource_M3U8(  744): 
D/DataSource_M3U8(  744): 
D/DataSource_M3U8(  744):  connect Server :cibn-iss1.longvisionmedia.com
D/DataSource_M3U8(  744): parseM3U8 .......!
D/DataSource_M3U8(  744): 
D/DataSource_M3U8(  744):  do not update  mediaSequence : 0   url = http://cibn-iss1.longvisionmedia.com:8088/vod/GA   
D/DataSource_M3U8(  744): [M3U8] file: NULL line 
D/DataSource_M3U8(  744): HLS=====>> Live Stream!!!!
D/dalvikvm( 1505): GC_CONCURRENT freed 463K, 79% free 1316K/6019K, paused 1ms+1ms
D/dalvikvm( 1505): GC_CONCURRENT freed 395K, 79% free 1314K/6019K, paused 1ms+1ms
D/dalvikvm( 1505): GC_CONCURRENT freed 393K, 79% free 1306K/6019K, paused 1ms+1ms
D/DataSource_M3U8(  744): 
D/DataSource_M3U8(  744): 
D/DataSource_M3U8(  744): 
D/DataSource_M3U8(  744): ============Begin to get playlist !!=====================
D/DataSource_M3U8(  744): 
D/DataSource_M3U8(  744): 
D/dalvikvm( 1505): GC_CONCURRENT freed 382K, 77% free 1427K/6019K, paused 1ms+1ms
D/dalvikvm( 1505): GC_CONCURRENT freed 510K, 78% free 1384K/6019K, paused 1ms+3ms
D/DataSource_M3U8(  744): 
D/DataSource_M3U8(  744):  connect Server :cibn-iss1.longvisionmedia.com
D/DataSource_M3U8(  744): parseM3U8 .......!
D/DataSource_M3U8(  744): 
D/DataSource_M3U8(  744):  do not update  mediaSequence : 0   url = http://cibn-iss1.longvisionmedia.com:8088/vod/GA   
D/DataSource_M3U8(  744): [M3U8] file: NULL line 
D/DataSource_M3U8(  744): HLS=====>> Live Stream!!!!
D/DataSource_M3U8(  744): ----------UpdatePlaylistThread runing... 
D/DataSource_M3U8(  744): 
D/DataSource_M3U8(  744): 
D/DataSource_M3U8(  744): 
D/DataSource_M3U8(  744): ============Begin to get playlist !!=====================
D/DataSource_M3U8(  744): 
D/DataSource_M3U8(  744): 
D/DataSource_M3U8(  744): 
D/DataSource_M3U8(  744):  connect Server :cibn-iss1.longvisionmedia.com
D/DataSource_M3U8(  744): parseM3U8 .......!
D/DataSource_M3U8(  744): 
D/DataSource_M3U8(  744):  do not update  mediaSequence : 0   url = http://cibn-iss1.longvisionmedia.com:8088/vod/GA   
D/DataSource_M3U8(  744): [M3U8] file: NULL line 
D/DataSource_M3U8(  744): HLS=====>> Live Stream!!!!
D/dalvikvm( 1505): GC_CONCURRENT freed 457K, 79% free 1312K/6019K, paused 1ms+1ms
D/dalvikvm( 1505): GC_CONCURRENT freed 396K, 79% free 1310K/6019K, paused 0ms+1ms
D/dalvikvm( 1505): GC_CONCURRENT freed 393K, 76% free 1465K/6019K, paused 1ms+1ms
D/DataSource_M3U8(  744): 
D/DataSource_M3U8(  744): 
D/DataSource_M3U8(  744): 
D/DataSource_M3U8(  744): ============Begin to get playlist !!=====================
D/DataSource_M3U8(  744): 
D/DataSource_M3U8(  744): 
D/dalvikvm( 1505): GC_CONCURRENT freed 528K, 78% free 1371K/6019K, paused 1ms+1ms
D/dalvikvm( 1505): GC_CONCURRENT freed 446K, 77% free 1421K/6019K, paused 1ms+1ms
D/dalvikvm( 1505): GC_CONCURRENT freed 489K, 77% free 1407K/6019K, paused 1ms+1ms
D/dalvikvm( 1505): GC_CONCURRENT freed 474K, 78% free 1325K/6019K, paused 2ms+1ms
D/dalvikvm( 1505): GC_CONCURRENT freed 393K, 79% free 1324K/6019K, paused 1ms+1ms
D/dalvikvm( 1505): GC_CONCURRENT freed 403K, 78% free 1336K/6019K, paused 1ms+1ms
D/dalvikvm( 1505): GC_CONCURRENT freed 419K, 79% free 1308K/6019K, paused 1ms+1ms
D/HomePlayerLib( 1505): hostaddress count is 1
D/dalvikvm( 1505): GC_CONCURRENT freed 387K, 79% free 1321K/6019K, paused 1ms+1ms
D/dalvikvm( 1505): GC_CONCURRENT freed 403K, 79% free 1316K/6019K, paused 1ms+1ms
D/dalvikvm( 1505): GC_CONCURRENT freed 398K, 78% free 1369K/6019K, paused 1ms+1ms
D/dalvikvm( 1505): GC_CONCURRENT freed 460K, 79% free 1295K/6019K, paused 1ms+1ms
D/dalvikvm( 1505): GC_CONCURRENT freed 379K, 79% free 1322K/6019K, paused 1ms+1ms
D/dalvikvm( 1505): GC_CONCURRENT freed 363K, 76% free 1455K/6019K, paused 0ms+1ms
D/dalvikvm( 1505): GC_CONCURRENT freed 545K, 77% free 1421K/6019K, paused 1ms+1ms
D/dalvikvm( 1505): GC_CONCURRENT freed 511K, 77% free 1402K/6019K, paused 1ms+1ms
D/dalvikvm( 1505): GC_CONCURRENT freed 478K, 77% free 1397K/6019K, paused 1ms+1ms
D/dalvikvm( 1505): GC_CONCURRENT freed 474K, 78% free 1361K/6019K, paused 1ms+1ms
D/dalvikvm( 1505): GC_CONCURRENT freed 446K, 77% free 1430K/6019K, paused 1ms+1ms
D/dalvikvm( 1505): GC_CONCURRENT freed 502K, 79% free 1312K/6019K, paused 1ms+1ms
D/dalvikvm( 1505): GC_CONCURRENT freed 376K, 77% free 1414K/6019K, paused 1ms+1ms
D/dalvikvm( 1505): GC_CONCURRENT freed 475K, 77% free 1439K/6019K, paused 0ms+1ms
D/HTTPStream(  744): receive_line return error:-268435448
D/HTTPStream(  744): receive header fail
D/DataSource_M3U8(  744): 
D/DataSource_M3U8(  744): 
D/DataSource_M3U8(  744): 
D/DataSource_M3U8(  744): ============Begin to get playlist !!=====================
D/DataSource_M3U8(  744): 
D/DataSource_M3U8(  744): 
D/dalvikvm( 1505): GC_CONCURRENT freed 502K, 79% free 1322K/6019K, paused 1ms+1ms
D/HTTPStream(  744): receive_line return error:-268435448
D/HTTPStream(  744): receive header fail
D/dalvikvm( 1505): GC_CONCURRENT freed 399K, 79% free 1310K/6019K, paused 1ms+1ms
D/DataSource_M3U8(  744): 
D/DataSource_M3U8(  744): 
D/DataSource_M3U8(  744): 
D/DataSource_M3U8(  744): ============Begin to get playlist !!=====================
D/DataSource_M3U8(  744): 
D/DataSource_M3U8(  744): 
D/dalvikvm( 1505): GC_CONCURRENT freed 383K, 78% free 1334K/6019K, paused 1ms+1ms
D/dalvikvm( 1505): GC_CONCURRENT freed 396K, 78% free 1334K/6019K, paused 1ms+1ms
D/HTTPStream(  744): receive_line return error:-268435448
D/HTTPStream(  744): receive header fail
D/dalvikvm( 1505): GC_CONCURRENT freed 412K, 79% free 1314K/6019K, paused 1ms+1ms
D/dalvikvm( 1505): GC_CONCURRENT freed 393K, 79% free 1313K/6019K, paused 1ms+1ms
D/DataSource_M3U8(  744): 
D/DataSource_M3U8(  744): 
D/DataSource_M3U8(  744): 
D/DataSource_M3U8(  744): ============Begin to get playlist !!=====================
D/DataSource_M3U8(  744): 
D/DataSource_M3U8(  744): 
D/dalvikvm( 1505): GC_CONCURRENT freed 393K, 79% free 1313K/6019K, paused 1ms+1ms
D/dalvikvm( 1505): GC_CONCURRENT freed 393K, 79% free 1314K/6019K, paused 2ms+2ms
D/dalvikvm( 1505): GC_CONCURRENT freed 394K, 79% free 1315K/6019K, paused 1ms+1ms
D/HomePlayerLib( 1505): hostaddress count is 1
D/dalvikvm( 1505): GC_CONCURRENT freed 411K, 79% free 1307K/6019K, paused 1ms+1ms
D/dalvikvm( 1505): GC_CONCURRENT freed 389K, 79% free 1312K/6019K, paused 1ms+1ms
D/dalvikvm( 1505): GC_CONCURRENT freed 430K, 77% free 1388K/6019K, paused 1ms+1ms
D/dalvikvm( 1505): GC_CONCURRENT freed 473K, 79% free 1315K/6019K, paused 1ms+1ms
D/dalvikvm( 1505): GC_CONCURRENT freed 406K, 79% free 1322K/6019K, paused 0ms+0ms
D/dalvikvm( 1505): GC_CONCURRENT freed 401K, 77% free 1390K/6019K, paused 1ms+1ms
D/dalvikvm( 1505): GC_CONCURRENT freed 476K, 77% free 1413K/6019K, paused 1ms+2ms
D/dalvikvm( 1505): GC_CONCURRENT freed 487K, 78% free 1375K/6019K, paused 2ms+1ms
D/dalvikvm( 1505): GC_CONCURRENT freed 458K, 77% free 1414K/6019K, paused 1ms+1ms
D/HTTPStream(  744): receive_line return error:-268435448
D/HTTPStream(  744): receive header fail
D/DataSource_M3U8(  744): 
D/DataSource_M3U8(  744): 
D/DataSource_M3U8(  744): 
D/DataSource_M3U8(  744): ============Begin to get playlist !!=====================
D/DataSource_M3U8(  744): 
D/DataSource_M3U8(  744): 
D/dalvikvm( 1505): GC_CONCURRENT freed 493K, 79% free 1306K/6019K, paused 2ms+1ms
D/HTTPStream(  744): receive_line return error:-268435448
D/HTTPStream(  744): receive header fail
D/dalvikvm( 1505): GC_CONCURRENT freed 367K, 78% free 1330K/6019K, paused 1ms+1ms
D/DataSource_M3U8(  744): 
D/DataSource_M3U8(  744): 
D/DataSource_M3U8(  744): 
D/DataSource_M3U8(  744): ============Begin to get playlist !!=====================
D/DataSource_M3U8(  744): 
D/DataSource_M3U8(  744): 
D/dalvikvm( 1505): GC_CONCURRENT freed 393K, 78% free 1331K/6019K, paused 1ms+1ms
D/dalvikvm( 1505): GC_CONCURRENT freed 393K, 78% free 1332K/6019K, paused 1ms+1ms
D/dalvikvm( 1505): GC_CONCURRENT freed 392K, 78% free 1332K/6019K, paused 1ms+1ms
D/dalvikvm( 1505): GC_CONCURRENT freed 392K, 78% free 1374K/6019K, paused 1ms+1ms
D/dalvikvm( 1505): GC_CONCURRENT freed 434K, 78% free 1333K/6019K, paused 1ms+1ms
D/dalvikvm( 1505): GC_CONCURRENT freed 394K, 78% free 1333K/6019K, paused 1ms+1ms
D/dalvikvm( 1505): GC_CONCURRENT freed 405K, 77% free 1412K/6019K, paused 1ms+1ms
D/dalvikvm( 1505): GC_CONCURRENT freed 477K, 78% free 1329K/6019K, paused 1ms+2ms
D/dalvikvm( 1505): GC_CONCURRENT freed 395K, 78% free 1328K/6019K, paused 1ms+1ms
D/dalvikvm( 1505): GC_CONCURRENT freed 394K, 77% free 1427K/6019K, paused 1ms+1ms
D/DataSource_M3U8(  744): 
D/DataSource_M3U8(  744):  Warnig:: No Enough data in buffer...
I//lib/ld-linux.so.3(  748): Blocking Read: 30018, size: 0x0.
D/HTTPStream(  744): receive_line return error:-268435448
D/HTTPStream(  744): receive header fail
D/DataSource_M3U8(  744): 
D/DataSource_M3U8(  744): 
D/DataSource_M3U8(  744): 
D/DataSource_M3U8(  744): ============Begin to get playlist !!=====================
D/DataSource_M3U8(  744): 
D/DataSource_M3U8(  744): 
D/dalvikvm( 1505): GC_CONCURRENT freed 515K, 77% free 1396K/6019K, paused 1ms+1ms
D/dalvikvm( 1505): GC_CONCURRENT freed 479K, 77% free 1392K/6019K, paused 1ms+1ms
D/dalvikvm( 1505): GC_CONCURRENT freed 476K, 78% free 1374K/6019K, paused 1ms+1ms
D/dalvikvm( 1505): GC_CONCURRENT freed 459K, 78% free 1328K/6019K, paused 1ms+1ms
D/dalvikvm( 1505): GC_CONCURRENT freed 420K, 79% free 1308K/6019K, paused 1ms+1ms
D/HomePlayerLib( 1505): hostaddress count is 1
D/dalvikvm( 1505): GC_CONCURRENT freed 387K, 79% free 1311K/6019K, paused 1ms+1ms
D/dalvikvm( 1505): GC_CONCURRENT freed 403K, 77% free 1421K/6019K, paused 0ms+1ms
D/dalvikvm( 1505): GC_CONCURRENT freed 508K, 77% free 1413K/6019K, paused 1ms+1ms
D/dalvikvm( 1505): GC_CONCURRENT freed 486K, 79% free 1319K/6019K, paused 1ms+1ms
D/dalvikvm( 1505): GC_CONCURRENT freed 394K, 77% free 1423K/6019K, paused 1ms+1ms
D/CheckNetWork( 1752): isOk true
D/CheckNetWork( 1752): ActInfoNetworkInfo: type: WIFI[], state: CONNECTED/CONNECTED, reason: (unspecified), extra: (none), roaming: false, failover: false, isAvailable: true
D/CheckNetWork( 1752): infoNetworkInfo: type: WIFI[], state: CONNECTED/CONNECTED, reason: (unspecified), extra: (none), roaming: false, failover: false, isAvailable: true
I/EventLogService( 1320): Aggregate from 1365698008987 (log), 1365697712027 (data)
D/dalvikvm( 1505): GC_CONCURRENT freed 511K, 79% free 1303K/6019K, paused 1ms+1ms
D/dalvikvm( 1505): GC_CONCURRENT freed 392K, 79% free 1299K/6019K, paused 0ms+1ms
D/dalvikvm( 1505): GC_CONCURRENT freed 384K, 76% free 1449K/6019K, paused 3ms+1ms
D/dalvikvm( 1505): GC_CONCURRENT freed 527K, 77% free 1402K/6019K, paused 0ms+1ms
D/HTTPStream(  744): receive_line return error:-268435448
D/HTTPStream(  744): receive header fail
D/DataSource_M3U8(  744): 
D/DataSource_M3U8(  744): 
D/DataSource_M3U8(  744): 
D/DataSource_M3U8(  744): ============Begin to get playlist !!=====================
D/DataSource_M3U8(  744): 
D/DataSource_M3U8(  744): 
D/HTTPStream(  744): receive_line return error:-268435448
D/HTTPStream(  744): receive header fail
D/DataSource_M3U8(  744): ----------UpdatePlaylistThread runing... 
D/DataSource_M3U8(  744): 
D/DataSource_M3U8(  744): 
D/DataSource_M3U8(  744): 
D/DataSource_M3U8(  744): ============Begin to get playlist !!=====================
D/DataSource_M3U8(  744): 
D/DataSource_M3U8(  744): 
D/dalvikvm( 1505): GC_CONCURRENT freed 467K, 78% free 1376K/6019K, paused 1ms+1ms
D/dalvikvm( 1505): GC_CONCURRENT freed 437K, 78% free 1379K/6019K, paused 1ms+1ms
D/dalvikvm( 1505): GC_CONCURRENT freed 445K, 77% free 1444K/6019K, paused 1ms+2ms
D/HTTPStream(  744): receive_line return error:-268435448
D/HTTPStream(  744): receive header fail
D/dalvikvm( 1505): GC_CONCURRENT freed 535K, 78% free 1329K/6019K, paused 1ms+1ms
D/DataSource_M3U8(  744): 
D/DataSource_M3U8(  744): 
D/DataSource_M3U8(  744): 
D/DataSource_M3U8(  744): ============Begin to get playlist !!=====================
D/DataSource_M3U8(  744): 
D/DataSource_M3U8(  744): 
D/dalvikvm( 1505): GC_CONCURRENT freed 409K, 79% free 1315K/6019K, paused 1ms+1ms
D/dalvikvm( 1505): GC_CONCURRENT freed 394K, 79% free 1314K/6019K, paused 1ms+1ms
D/dalvikvm( 1505): GC_CONCURRENT freed 393K, 79% free 1314K/6019K, paused 2ms+1ms
D/HomePlayerLib( 1505): hostaddress count is 1
D/dalvikvm( 1505): GC_CONCURRENT freed 411K, 79% free 1299K/6019K, paused 1ms+1ms
D/dalvikvm( 1505): GC_CONCURRENT freed 388K, 79% free 1313K/6019K, paused 1ms+1ms
D/dalvikvm( 1505): GC_CONCURRENT freed 405K, 77% free 1414K/6019K, paused 1ms+1ms
D/dalvikvm( 1505): GC_CONCURRENT freed 487K, 77% free 1439K/6019K, paused 1ms+2ms
D/dalvikvm( 1505): GC_CONCURRENT freed 510K, 78% free 1353K/6019K, paused 0ms+1ms
D/dalvikvm( 1505): GC_CONCURRENT freed 425K, 75% free 1516K/6019K, paused 1ms+1ms
D/dalvikvm( 1505): GC_CONCURRENT freed 571K, 78% free 1336K/6019K, paused 1ms+1ms
D/dalvikvm( 1505): GC_CONCURRENT freed 394K, 77% free 1393K/6019K, paused 1ms+1ms
D/dalvikvm( 1505): GC_CONCURRENT freed 462K, 79% free 1324K/6019K, paused 1ms+1ms
D/dalvikvm( 1505): GC_CONCURRENT freed 398K, 78% free 1345K/6019K, paused 1ms+2ms
D/dalvikvm( 1505): GC_CONCURRENT freed 406K, 78% free 1333K/6019K, paused 1ms+1ms
D/dalvikvm( 1505): GC_CONCURRENT freed 403K, 78% free 1347K/6019K, paused 1ms+1ms
D/dalvikvm( 1505): GC_CONCURRENT freed 408K, 78% free 1332K/6019K, paused 1ms+4ms
D/HTTPStream(  744): receive_line return error:-268435448
D/HTTPStream(  744): receive header fail
D/dalvikvm( 1505): GC_CONCURRENT freed 394K, 78% free 1332K/6019K, paused 1ms+1ms
D/dalvikvm( 1505): GC_CONCURRENT freed 394K, 78% free 1332K/6019K, paused 1ms+3ms
D/dalvikvm( 1505): GC_CONCURRENT freed 394K, 78% free 1332K/6019K, paused 1ms+1ms
D/DataSource_M3U8(  744): 
D/DataSource_M3U8(  744): 
D/DataSource_M3U8(  744): 
D/DataSource_M3U8(  744): ============Begin to get playlist !!=====================
D/DataSource_M3U8(  744): 
D/DataSource_M3U8(  744): 
D/dalvikvm( 1505): GC_CONCURRENT freed 394K, 77% free 1414K/6019K, paused 1ms+1ms
D/dalvikvm( 1505): GC_CONCURRENT freed 481K, 77% free 1414K/6019K, paused 0ms+1ms
D/dalvikvm( 1505): GC_CONCURRENT freed 476K, 77% free 1439K/6019K, paused 1ms+1ms
D/dalvikvm( 1505): GC_CONCURRENT freed 503K, 78% free 1352K/6019K, paused 1ms+1ms
D/HTTPStream(  744): receive_line return error:-268435448
D/HTTPStream(  744): receive header fail
D/DataSource_M3U8(  744): 
D/DataSource_M3U8(  744): 
D/DataSource_M3U8(  744): 
D/DataSource_M3U8(  744): ============Begin to get playlist !!=====================
D/DataSource_M3U8(  744): 
D/DataSource_M3U8(  744): 
D/dalvikvm( 1505): GC_CONCURRENT freed 417K, 78% free 1329K/6019K, paused 1ms+1ms
D/dalvikvm( 1505): GC_CONCURRENT freed 414K, 79% free 1310K/6019K, paused 1ms+2ms
D/dalvikvm( 1505): GC_CONCURRENT freed 394K, 79% free 1301K/6019K, paused 0ms+1ms
D/dalvikvm( 1505): GC_CONCURRENT freed 393K, 79% free 1300K/6019K, paused 1ms+1ms
D/dalvikvm( 1505): GC_CONCURRENT freed 394K, 79% free 1302K/6019K, paused 1ms+1ms
D/dalvikvm( 1505): GC_CONCURRENT freed 394K, 79% free 1310K/6019K, paused 1ms+2ms
D/HTTPStream(  744): receive_line return error:-268435448
D/HTTPStream(  744): receive header fail
D/DataSource_M3U8(  744): 
D/DataSource_M3U8(  744): 
D/DataSource_M3U8(  744): 
D/DataSource_M3U8(  744): ============Begin to get playlist !!=====================
D/DataSource_M3U8(  744): 
D/DataSource_M3U8(  744): 
D/dalvikvm( 1505): GC_CONCURRENT freed 404K, 79% free 1298K/6019K, paused 1ms+1ms
D/dalvikvm( 1505): GC_CONCURRENT freed 393K, 79% free 1314K/6019K, paused 1ms+1ms
D/dalvikvm( 1505): GC_CONCURRENT freed 404K, 77% free 1412K/6019K, paused 1ms+0ms
D/dalvikvm( 1505): GC_CONCURRENT freed 500K, 76% free 1448K/6019K, paused 1ms+1ms
D/HomePlayerLib( 1505): hostaddress count is 1
D/dalvikvm( 1505): GC_CONCURRENT freed 544K, 77% free 1409K/6019K, paused 1ms+1ms
D/dalvikvm( 1505): GC_CONCURRENT freed 497K, 77% free 1405K/6019K, paused 1ms+1ms
D/dalvikvm( 1505): GC_CONCURRENT freed 476K, 78% free 1324K/6019K, paused 0ms+1ms
D/dalvikvm( 1505): GC_CONCURRENT freed 415K, 76% free 1481K/6019K, paused 1ms+1ms
D/dalvikvm( 1505): GC_CONCURRENT freed 549K, 77% free 1437K/6019K, paused 1ms+1ms
D/dalvikvm( 1505): GC_CONCURRENT freed 500K, 77% free 1410K/6019K, paused 1ms+1ms
D/dalvikvm( 1505): GC_CONCURRENT freed 475K, 77% free 1407K/6019K, paused 1ms+1ms
D/dalvikvm( 1505): GC_CONCURRENT freed 485K, 79% free 1323K/6019K, paused 1ms+1ms
D/dalvikvm( 1505): GC_CONCURRENT freed 392K, 77% free 1391K/6019K, paused 1ms+1ms
D/HTTPStream(  744): receive_line return error:-268435448
D/HTTPStream(  744): receive header fail
D/DataSource_M3U8(  744): 
D/DataSource_M3U8(  744): 
D/DataSource_M3U8(  744): 
D/DataSource_M3U8(  744): ============Begin to get playlist !!=====================
D/DataSource_M3U8(  744): 
D/DataSource_M3U8(  744): 
D/HTTPStream(  744): receive_line return error:-268435448
D/HTTPStream(  744): receive header fail
D/DataSource_M3U8(  744): 
D/DataSource_M3U8(  744): 
D/DataSource_M3U8(  744): 
D/DataSource_M3U8(  744): ============Begin to get playlist !!=====================
D/DataSource_M3U8(  744): 
D/DataSource_M3U8(  744): 
D/dalvikvm( 1505): GC_CONCURRENT freed 474K, 79% free 1313K/6019K, paused 1ms+1ms
D/dalvikvm( 1505): GC_CONCURRENT freed 397K, 78% free 1326K/6019K, paused 1ms+1ms
D/DataSource_M3U8(  744): 
D/DataSource_M3U8(  744):  Warnig:: No Enough data in buffer...
I//lib/ld-linux.so.3(  748): Blocking Read: 30021, size: 0x0.
D/dalvikvm( 1505): GC_CONCURRENT freed 406K, 79% free 1314K/6019K, paused 1ms+1ms
D/MstarPlayer(  744): wait init timeout -1
D/IMMPlayer(  744): Send MM_GetErrorCode
D/IMMPlayer(  744): Get errorcode:0
D/MediaPlayerService(  744): [6] notify (0x33648, 100, 1, -1007)
E/MediaPlayer( 1435): error (1, -1007)
E/MediaPlayer.java( 1435): Error (1,-1007)
E/MediaControler( 1435): onError:1---1007
D/dalvikvm( 1505): GC_CONCURRENT freed 394K, 79% free 1314K/6019K, paused 1ms+1ms
D/HTTPStream(  744): receive_line return error:-268435448
D/HTTPStream(  744): receive header fail
D/DataSource_M3U8(  744): 
D/DataSource_M3U8(  744): 
D/DataSource_M3U8(  744): 
D/DataSource_M3U8(  744): ============Begin to get playlist !!=====================
D/DataSource_M3U8(  744): 
D/DataSource_M3U8(  744): 
D/dalvikvm( 1505): GC_CONCURRENT freed 392K, 79% free 1313K/6019K, paused 0ms+1ms
D/dalvikvm( 1505): GC_CONCURRENT freed 392K, 77% free 1401K/6019K, paused 1ms+2ms
D/dalvikvm( 1505): GC_CONCURRENT freed 485K, 79% free 1303K/6019K, paused 1ms+1ms
D/dalvikvm( 1505): GC_CONCURRENT freed 397K, 79% free 1301K/6019K, paused 1ms+1ms
D/dalvikvm( 1505): GC_CONCURRENT freed 394K, 79% free 1300K/6019K, paused 1ms+1ms
D/dalvikvm( 1505): GC_CONCURRENT freed 392K, 77% free 1416K/6019K, paused 0ms+1ms
D/dalvikvm( 1505): GC_CONCURRENT freed 486K, 79% free 1315K/6019K, paused 1ms+1ms
D/dalvikvm( 1505): GC_CONCURRENT freed 394K, 79% free 1319K/6019K, paused 1ms+1ms
D/dalvikvm( 1505): GC_CONCURRENT freed 405K, 78% free 1329K/6019K, paused 1ms+1ms
D/dalvikvm( 1505): GC_CONCURRENT freed 395K, 78% free 1348K/6019K, paused 1ms+1ms
D/HomePlayerLib( 1505): hostaddress count is 1
D/dalvikvm( 1505): GC_CONCURRENT freed 439K, 78% free 1382K/6019K, paused 1ms+1ms
D/dalvikvm( 1505): GC_CONCURRENT freed 470K, 78% free 1336K/6019K, paused 1ms+1ms
D/dalvikvm( 1505): GC_CONCURRENT freed 427K, 77% free 1391K/6019K, paused 1ms+1ms
D/dalvikvm( 1505): GC_CONCURRENT freed 469K, 79% free 1307K/6019K, paused 1ms+1ms
D/dalvikvm( 1505): GC_CONCURRENT freed 371K, 78% free 1326K/6019K, paused 1ms+1ms
D/dalvikvm( 1505): GC_CONCURRENT freed 396K, 77% free 1409K/6019K, paused 1ms+1ms
D/dalvikvm( 1505): GC_CONCURRENT freed 471K, 77% free 1444K/6019K, paused 1ms+1ms
D/dalvikvm( 1505): GC_CONCURRENT freed 503K, 76% free 1448K/6019K, paused 1ms+1ms
D/dalvikvm( 1505): GC_CONCURRENT freed 526K, 78% free 1365K/6019K, paused 1ms+1ms
D/dalvikvm( 1505): GC_CONCURRENT freed 438K, 78% free 1332K/6019K, paused 1ms+1ms
D/dalvikvm( 1505): GC_CONCURRENT freed 416K, 79% free 1313K/6019K, paused 0ms+2ms
D/HTTPStream(  744): receive_line return error:-268435448
D/HTTPStream(  744): receive header fail
D/dalvikvm( 1505): GC_CONCURRENT freed 380K, 78% free 1345K/6019K, paused 1ms+2ms
D/dalvikvm( 1505): GC_CONCURRENT freed 409K, 78% free 1332K/6019K, paused 1ms+1ms
D/DataSource_M3U8(  744): 
D/DataSource_M3U8(  744): 
D/DataSource_M3U8(  744): 
D/DataSource_M3U8(  744): ============Begin to get playlist !!=====================
D/DataSource_M3U8(  744): 
D/DataSource_M3U8(  744): 
D/dalvikvm( 1505): GC_CONCURRENT freed 394K, 78% free 1331K/6019K, paused 0ms+1ms
D/DataSource_M3U8(  744): 
D/DataSource_M3U8(  744):  connect Server :cibn-iss1.longvisionmedia.com
D/DataSource_M3U8(  744): parseM3U8 .......!
D/DataSource_M3U8(  744): 
D/DataSource_M3U8(  744):  do not update  mediaSequence : 0   url = http://cibn-iss1.longvisionmedia.com:8088/vod/GA   
D/DataSource_M3U8(  744): [M3U8] file: NULL line 
D/DataSource_M3U8(  744): HLS=====>> Live Stream!!!!
D/DataSource_M3U8(  744): ----------UpdatePlaylistThread runing... 
D/DataSource_M3U8(  744): 
D/DataSource_M3U8(  744): 
D/DataSource_M3U8(  744): 
D/DataSource_M3U8(  744): ============Begin to get playlist !!=====================
D/DataSource_M3U8(  744): 
D/DataSource_M3U8(  744): 
D/dalvikvm( 1505): GC_CONCURRENT freed 401K, 79% free 1323K/6019K, paused 1ms+1ms
D/dalvikvm( 1505): GC_CONCURRENT freed 393K, 79% free 1323K/6019K, paused 1ms+1ms
D/dalvikvm( 1505): GC_CONCURRENT freed 393K, 77% free 1410K/6019K, paused 1ms+1ms
D/dalvikvm( 1505): GC_CONCURRENT freed 495K, 79% free 1303K/6019K, paused 1ms+1ms
D/dalvikvm( 1505): GC_CONCURRENT freed 398K, 77% free 1415K/6019K, paused 0ms+1ms
D/HTTPStream(  744): receive_line return error:-268435448
D/HTTPStream(  744): receive header fail
D/DataSource_M3U8(  744): 
D/DataSource_M3U8(  744): 
D/DataSource_M3U8(  744): 
D/DataSource_M3U8(  744): ============Begin to get playlist !!=====================
D/DataSource_M3U8(  744): 
D/DataSource_M3U8(  744): 
D/dalvikvm( 1505): GC_CONCURRENT freed 486K, 79% free 1315K/6019K, paused 0ms+2ms
D/dalvikvm( 1505): GC_CONCURRENT freed 393K, 79% free 1313K/6019K, paused 1ms+1ms
D/dalvikvm( 1505): GC_CONCURRENT freed 394K, 79% free 1314K/6019K, paused 1ms+1ms
D/dalvikvm( 1505): GC_CONCURRENT freed 393K, 79% free 1319K/6019K, paused 1ms+0ms
D/dalvikvm( 1505): GC_CONCURRENT freed 405K, 79% free 1311K/6019K, paused 1ms+1ms
D/HTTPStream(  744): receive_line return error:-268435448
D/HTTPStream(  744): receive header fail
D/dalvikvm( 1505): GC_CONCURRENT freed 432K, 79% free 1295K/6019K, paused 1ms+1ms
D/HomePlayerLib( 1505): hostaddress count is 1
D/dalvikvm( 1505): GC_CONCURRENT freed 375K, 79% free 1313K/6019K, paused 1ms+1ms
D/dalvikvm( 1505): GC_CONCURRENT freed 403K, 77% free 1413K/6019K, paused 1ms+1ms
D/DataSource_M3U8(  744): 
D/DataSource_M3U8(  744): 
D/DataSource_M3U8(  744): 
D/DataSource_M3U8(  744): ============Begin to get playlist !!=====================
D/DataSource_M3U8(  744): 
D/DataSource_M3U8(  744): 
D/dalvikvm( 1505): GC_CONCURRENT freed 502K, 79% free 1296K/6019K, paused 1ms+1ms
D/dalvikvm( 1505): GC_CONCURRENT freed 363K, 74% free 1577K/6019K, paused 1ms+1ms
D/dalvikvm( 1505): GC_CONCURRENT freed 624K, 76% free 1465K/6019K, paused 1ms+1ms
D/dalvikvm( 1505): GC_CONCURRENT freed 527K, 78% free 1343K/6019K, paused 1ms+1ms
D/dalvikvm( 1505): GC_CONCURRENT freed 397K, 77% free 1418K/6019K, paused 1ms+1ms
D/dalvikvm( 1505): GC_CONCURRENT freed 479K, 78% free 1334K/6019K, paused 1ms+1ms
D/dalvikvm( 1505): GC_CONCURRENT freed 405K, 78% free 1345K/6019K, paused 1ms+1ms
D/HTTPStream(  744): receive_line return error:-268435448
D/HTTPStream(  744): receive header fail
D/DataSource_M3U8(  744): 
D/DataSource_M3U8(  744): 
D/DataSource_M3U8(  744): 
D/DataSource_M3U8(  744): ============Begin to get playlist !!=====================
D/DataSource_M3U8(  744): 
D/DataSource_M3U8(  744): 
D/dalvikvm( 1505): GC_CONCURRENT freed 407K, 77% free 1415K/6019K, paused 1ms+1ms
D/dalvikvm( 1505): GC_CONCURRENT freed 492K, 79% free 1315K/6019K, paused 1ms+1ms
D/dalvikvm( 1505): GC_CONCURRENT freed 395K, 77% free 1401K/6019K, paused 1ms+0ms
D/dalvikvm( 1505): GC_CONCURRENT freed 485K, 77% free 1411K/6019K, paused 1ms+1ms
D/dalvikvm( 1505): GC_CONCURRENT freed 491K, 79% free 1314K/6019K, paused 1ms+1ms
D/HTTPStream(  744): receive_line return error:-268435448
D/HTTPStream(  744): receive header fail
D/DataSource_M3U8(  744): 
D/DataSource_M3U8(  744): 
D/DataSource_M3U8(  744): 
D/DataSource_M3U8(  744): ============Begin to get playlist !!=====================
D/DataSource_M3U8(  744): 
D/DataSource_M3U8(  744): 
D/DataSource_M3U8(  744): 
D/DataSource_M3U8(  744):  connect Server :cibn-iss1.longvisionmedia.com
D/DataSource_M3U8(  744): parseM3U8 .......!
D/DataSource_M3U8(  744): 
D/DataSource_M3U8(  744):  do not update  mediaSequence : 0   url = http://cibn-iss1.longvisionmedia.com:8088/vod/GA   
D/DataSource_M3U8(  744): [M3U8] file: NULL line 
D/DataSource_M3U8(  744): HLS=====>> Live Stream!!!!
D/DataSource_M3U8(  744): 
D/DataSource_M3U8(  744): 
D/DataSource_M3U8(  744): 
D/DataSource_M3U8(  744): ============Begin to get playlist !!=====================
D/DataSource_M3U8(  744): 
D/DataSource_M3U8(  744): 
D/dalvikvm( 1505): GC_CONCURRENT freed 393K, 79% free 1314K/6019K, paused 1ms+1ms
D/dalvikvm( 1505): GC_CONCURRENT freed 393K, 79% free 1314K/6019K, paused 1ms+1ms
D/dalvikvm( 1505): GC_CONCURRENT freed 404K, 79% free 1300K/6019K, paused 1ms+1ms
D/dalvikvm( 1505): GC_CONCURRENT freed 396K, 79% free 1292K/6019K, paused 1ms+1ms
D/dalvikvm( 1505): GC_CONCURRENT freed 408K, 77% free 1397K/6019K, paused 1ms+1ms
D/HomePlayerLib( 1505): hostaddress count is 1
D/dalvikvm( 1505): GC_CONCURRENT freed 485K, 77% free 1408K/6019K, paused 0ms+1ms
D/dalvikvm( 1505): GC_CONCURRENT freed 495K, 77% free 1411K/6019K, paused 1ms+0ms
D/dalvikvm( 1505): GC_CONCURRENT freed 486K, 77% free 1402K/6019K, paused 1ms+1ms
D/dalvikvm( 1505): GC_CONCURRENT freed 467K, 78% free 1376K/6019K, paused 1ms+1ms
D/dalvikvm( 1505): GC_CONCURRENT freed 433K, 76% free 1454K/6019K, paused 1ms+1ms
D/dalvikvm( 1505): GC_CONCURRENT freed 534K, 77% free 1395K/6019K, paused 1ms+1ms
D/dalvikvm( 1505): GC_CONCURRENT freed 460K, 78% free 1380K/6019K, paused 1ms+2ms
D/dalvikvm( 1505): GC_CONCURRENT freed 430K, 78% free 1339K/6019K, paused 1ms+1ms
D/dalvikvm( 1505): GC_CONCURRENT freed 405K, 76% free 1445K/6019K, paused 1ms+1ms
D/dalvikvm( 1505): GC_CONCURRENT freed 517K, 79% free 1321K/6019K, paused 1ms+1ms
D/dalvikvm( 1505): GC_CONCURRENT freed 394K, 79% free 1319K/6019K, paused 1ms+1ms
D/HTTPStream(  744): receive_line return error:-268435448
D/HTTPStream(  744): receive header fail
D/dalvikvm( 1505): GC_CONCURRENT freed 392K, 79% free 1320K/6019K, paused 1ms+1ms
D/dalvikvm( 1505): GC_CONCURRENT freed 394K, 79% free 1320K/6019K, paused 1ms+1ms
D/dalvikvm( 1505): GC_CONCURRENT freed 399K, 79% free 1305K/6019K, paused 1ms+1ms
D/DataSource_M3U8(  744): 
D/DataSource_M3U8(  744): 
D/DataSource_M3U8(  744): 
D/DataSource_M3U8(  744): ============Begin to get playlist !!=====================
D/DataSource_M3U8(  744): 
D/DataSource_M3U8(  744): 
D/dalvikvm( 1505): GC_CONCURRENT freed 372K, 77% free 1429K/6019K, paused 1ms+1ms
D/dalvikvm( 1505): GC_CONCURRENT freed 490K, 77% free 1416K/6019K, paused 1ms+1ms
D/dalvikvm( 1505): GC_CONCURRENT freed 476K, 78% free 1348K/6019K, paused 1ms+1ms
D/dalvikvm( 1505): GC_CONCURRENT freed 424K, 79% free 1308K/6019K, paused 1ms+1ms
D/DataSource_M3U8(  744): 
D/DataSource_M3U8(  744):  Warnig:: No Enough data in buffer...
I//lib/ld-linux.so.3(  748): Blocking Read: 30022, size: 0x0.
D/HTTPStream(  744): receive_line return error:-268435448
D/HTTPStream(  744): receive header fail
D/DataSource_M3U8(  744): 
D/DataSource_M3U8(  744): 
D/DataSource_M3U8(  744): 
D/DataSource_M3U8(  744): ============Begin to get playlist !!=====================
D/DataSource_M3U8(  744): 
D/DataSource_M3U8(  744): 
D/dalvikvm( 1505): GC_CONCURRENT freed 392K, 78% free 1328K/6019K, paused 1ms+1ms
D/dalvikvm( 1505): GC_CONCURRENT freed 409K, 79% free 1314K/6019K, paused 0ms+1ms
D/dalvikvm( 1505): GC_CONCURRENT freed 393K, 79% free 1313K/6019K, paused 1ms+1ms
D/dalvikvm( 1505): GC_CONCURRENT freed 394K, 79% free 1313K/6019K, paused 1ms+1ms
D/CheckNetWork( 1752): isOk true
D/CheckNetWork( 1752): ActInfoNetworkInfo: type: WIFI[], state: CONNECTED/CONNECTED, reason: (unspecified), extra: (none), roaming: false, failover: false, isAvailable: true
D/CheckNetWork( 1752): infoNetworkInfo: type: WIFI[], state: CONNECTED/CONNECTED, reason: (unspecified), extra: (none), roaming: false, failover: false, isAvailable: true
D/HTTPStream(  744): receive_line return error:-268435448
D/HTTPStream(  744): receive header fail
D/DataSource_M3U8(  744): 
D/DataSource_M3U8(  744): 
D/DataSource_M3U8(  744): 
D/DataSource_M3U8(  744): ============Begin to get playlist !!=====================
D/DataSource_M3U8(  744): 
D/DataSource_M3U8(  744): 
D/dalvikvm( 1505): GC_CONCURRENT freed 392K, 79% free 1314K/6019K, paused 1ms+1ms
D/dalvikvm( 1505): GC_CONCURRENT freed 392K, 79% free 1314K/6019K, paused 1ms+1ms
D/dalvikvm( 1505): GC_CONCURRENT freed 394K, 79% free 1314K/6019K, paused 1ms+2ms
D/dalvikvm( 1505): GC_CONCURRENT freed 393K, 79% free 1315K/6019K, paused 1ms+1ms
D/dalvikvm( 1505): GC_CONCURRENT freed 404K, 78% free 1329K/6019K, paused 0ms+1ms
D/dalvikvm( 1505): GC_CONCURRENT freed 399K, 77% free 1441K/6019K, paused 1ms+1ms
D/HomePlayerLib( 1505): hostaddress count is 1
D/dalvikvm( 1505): GC_CONCURRENT freed 528K, 77% free 1403K/6019K, paused 1ms+1ms
D/dalvikvm( 1505): GC_CONCURRENT freed 495K, 77% free 1400K/6019K, paused 1ms+1ms
D/dalvikvm( 1505): GC_CONCURRENT freed 472K, 77% free 1437K/6019K, paused 1ms+1ms
D/dalvikvm( 1505): GC_CONCURRENT freed 523K, 78% free 1333K/6019K, paused 1ms+1ms
D/dalvikvm( 1505): GC_CONCURRENT freed 398K, 78% free 1330K/6019K, paused 1ms+1ms
D/dalvikvm( 1505): GC_CONCURRENT freed 384K, 77% free 1387K/6019K, paused 1ms+1ms
D/dalvikvm( 1505): GC_CONCURRENT freed 460K, 78% free 1379K/6019K, paused 1ms+1ms
D/dalvikvm( 1505): GC_CONCURRENT freed 427K, 78% free 1338K/6019K, paused 0ms+1ms
D/dalvikvm( 1505): GC_CONCURRENT freed 410K, 78% free 1330K/6019K, paused 1ms+1ms
D/dalvikvm( 1505): GC_CONCURRENT freed 409K, 78% free 1383K/6019K, paused 1ms+1ms
D/HTTPStream(  744): receive_line return error:-268435448
D/HTTPStream(  744): receive header fail
D/DataSource_M3U8(  744): ----------UpdatePlaylistThread runing... 
D/DataSource_M3U8(  744): 
D/DataSource_M3U8(  744): 
D/DataSource_M3U8(  744): 
D/DataSource_M3U8(  744): ============Begin to get playlist !!=====================
D/DataSource_M3U8(  744): 
D/DataSource_M3U8(  744): 
D/DataSource_M3U8(  744): 
D/DataSource_M3U8(  744):  connect Server :cibn-iss1.longvisionmedia.com
D/DataSource_M3U8(  744): parseM3U8 .......!
D/DataSource_M3U8(  744): 
D/DataSource_M3U8(  744):  do not update  mediaSequence : 0   url = http://cibn-iss1.longvisionmedia.com:8088/vod/GA   
D/DataSource_M3U8(  744): [M3U8] file: NULL line 
D/DataSource_M3U8(  744): HLS=====>> Live Stream!!!!
D/DataSource_M3U8(  744): 
D/DataSource_M3U8(  744): 
D/DataSource_M3U8(  744): 
D/DataSource_M3U8(  744): ============Begin to get playlist !!=====================
D/DataSource_M3U8(  744): 
D/DataSource_M3U8(  744): 
D/dalvikvm( 1505): GC_CONCURRENT freed 476K, 79% free 1291K/6019K, paused 1ms+1ms
D/dalvikvm( 1505): GC_CONCURRENT freed 371K, 79% free 1313K/6019K, paused 1ms+1ms
D/dalvikvm( 1505): GC_CONCURRENT freed 394K, 79% free 1313K/6019K, paused 1ms+1ms
D/dalvikvm( 1505): GC_CONCURRENT freed 393K, 79% free 1313K/6019K, paused 1ms+1ms
D/HTTPStream(  744): receive_line return error:-268435448
D/HTTPStream(  744): receive header fail
D/dalvikvm( 1505): GC_CONCURRENT freed 392K, 79% free 1314K/6019K, paused 1ms+1ms
D/dalvikvm( 1505): GC_CONCURRENT freed 392K, 79% free 1313K/6019K, paused 0ms+0ms
D/DataSource_M3U8(  744): 
D/DataSource_M3U8(  744): 
D/DataSource_M3U8(  744): 
D/DataSource_M3U8(  744): ============Begin to get playlist !!=====================
D/DataSource_M3U8(  744): 
D/DataSource_M3U8(  744): 
D/dalvikvm( 1505): GC_CONCURRENT freed 392K, 79% free 1314K/6019K, paused 1ms+1ms
D/dalvikvm( 1505): GC_CONCURRENT freed 393K, 78% free 1360K/6019K, paused 1ms+1ms
D/dalvikvm( 1505): GC_CONCURRENT freed 445K, 77% free 1411K/6019K, paused 1ms+1ms
D/dalvikvm( 1505): GC_CONCURRENT freed 501K, 78% free 1325K/6019K, paused 1ms+1ms
D/dalvikvm( 1505): GC_CONCURRENT freed 403K, 77% free 1401K/6019K, paused 1ms+1ms
D/dalvikvm( 1505): GC_CONCURRENT freed 485K, 77% free 1411K/6019K, paused 1ms+1ms
D/dalvikvm( 1505): GC_CONCURRENT freed 491K, 78% free 1379K/6019K, paused 0ms+1ms
D/dalvikvm( 1505): GC_CONCURRENT freed 454K, 79% free 1320K/6019K, paused 1ms+1ms
D/HomePlayerLib( 1505): hostaddress count is 1
D/dalvikvm( 1505): GC_CONCURRENT freed 400K, 78% free 1325K/6019K, paused 2ms+1ms
D/HTTPStream(  744): receive_line return error:-268435448
D/HTTPStream(  744): receive header fail
D/dalvikvm( 1505): GC_CONCURRENT freed 421K, 79% free 1312K/6019K, paused 1ms+2ms
D/dalvikvm( 1505): GC_CONCURRENT freed 405K, 79% free 1316K/6019K, paused 1ms+1ms
D/dalvikvm( 1505): GC_CONCURRENT freed 392K, 77% free 1401K/6019K, paused 1ms+1ms
D/dalvikvm( 1505): GC_CONCURRENT freed 475K, 79% free 1319K/6019K, paused 1ms+1ms
D/dalvikvm( 1505): GC_CONCURRENT freed 394K, 79% free 1319K/6019K, paused 0ms+1ms
D/DataSource_M3U8(  744): 
D/DataSource_M3U8(  744): 
D/DataSource_M3U8(  744): 
D/DataSource_M3U8(  744): ============Begin to get playlist !!=====================
D/DataSource_M3U8(  744): 
D/DataSource_M3U8(  744): 
D/dalvikvm( 1505): GC_CONCURRENT freed 400K, 79% free 1306K/6019K, paused 1ms+1ms
D/dalvikvm( 1505): GC_CONCURRENT freed 395K, 79% free 1312K/6019K, paused 1ms+1ms
D/dalvikvm( 1505): GC_CONCURRENT freed 404K, 79% free 1311K/6019K, paused 1ms+2ms
D/dalvikvm( 1505): GC_CONCURRENT freed 396K, 79% free 1310K/6019K, paused 1ms+1ms
D/dalvikvm( 1505): GC_CONCURRENT freed 394K, 79% free 1301K/6019K, paused 0ms+1ms
D/dalvikvm( 1505): GC_CONCURRENT freed 393K, 79% free 1310K/6019K, paused 1ms+1ms
D/dalvikvm( 1505): GC_CONCURRENT freed 392K, 79% free 1310K/6019K, paused 1ms+1ms
D/dalvikvm( 1505): GC_CONCURRENT freed 405K, 79% free 1314K/6019K, paused 1ms+1ms
D/dalvikvm( 1505): GC_CONCURRENT freed 404K, 77% free 1394K/6019K, paused 1ms+1ms
D/dalvikvm( 1505): GC_CONCURRENT freed 477K, 78% free 1384K/6019K, paused 1ms+1ms
D/dalvikvm( 1505): GC_CONCURRENT freed 475K, 78% free 1374K/6019K, paused 1ms+1ms
D/dalvikvm( 1505): GC_CONCURRENT freed 459K, 79% free 1303K/6019K, paused 1ms+1ms
D/dalvikvm(  944): GC_CONCURRENT freed 827K, 66% free 3753K/11011K, paused 2ms+5ms
D/HTTPStream(  744): receive_line return error:-268435448
D/HTTPStream(  744): receive header fail
D/dalvikvm( 1505): GC_CONCURRENT freed 381K, 78% free 1339K/6019K, paused 1ms+1ms
D/DataSource_M3U8(  744): 
D/DataSource_M3U8(  744): 
D/DataSource_M3U8(  744): 
D/DataSource_M3U8(  744): ============Begin to get playlist !!=====================
D/DataSource_M3U8(  744): 
D/DataSource_M3U8(  744): 
D/dalvikvm( 1505): GC_CONCURRENT freed 414K, 79% free 1322K/6019K, paused 1ms+1ms
D/dalvikvm( 1505): GC_CONCURRENT freed 399K, 79% free 1308K/6019K, paused 1ms+1ms
D/HTTPStream(  744): receive_line return error:-268435448
D/HTTPStream(  744): receive header fail
D/DataSource_M3U8(  744): 
D/DataSource_M3U8(  744): 
D/DataSource_M3U8(  744): 
D/DataSource_M3U8(  744): ============Begin to get playlist !!=====================
D/DataSource_M3U8(  744): 
D/DataSource_M3U8(  744): 
D/dalvikvm( 1505): GC_CONCURRENT freed 382K, 79% free 1321K/6019K, paused 1ms+2ms
D/dalvikvm( 1505): GC_CONCURRENT freed 396K, 78% free 1335K/6019K, paused 1ms+1ms
D/dalvikvm( 1505): GC_CONCURRENT freed 406K, 79% free 1323K/6019K, paused 1ms+1ms
D/HTTPStream(  744): receive_line return error:-268435448
D/HTTPStream(  744): receive header fail
D/dalvikvm( 1505): GC_CONCURRENT freed 404K, 79% free 1308K/6019K, paused 1ms+1ms
D/HomePlayerLib( 1505): hostaddress count is 1
D/dalvikvm( 1505): GC_CONCURRENT freed 387K, 79% free 1321K/6019K, paused 1ms+2ms
D/dalvikvm( 1505): GC_CONCURRENT freed 426K, 78% free 1346K/6019K, paused 1ms+1ms
D/dalvikvm( 1505): GC_CONCURRENT freed 427K, 77% free 1424K/6019K, paused 1ms+1ms
D/dalvikvm( 1505): GC_CONCURRENT freed 515K, 77% free 1416K/6019K, paused 1ms+1ms
D/dalvikvm( 1505): GC_CONCURRENT freed 495K, 77% free 1390K/6019K, paused 1ms+1ms
D/DataSource_M3U8(  744): 
D/DataSource_M3U8(  744): 
D/DataSource_M3U8(  744): 
D/DataSource_M3U8(  744): ============Begin to get playlist !!=====================
D/DataSource_M3U8(  744): 
D/DataSource_M3U8(  744): 
D/dalvikvm( 1505): GC_CONCURRENT freed 459K, 77% free 1423K/6019K, paused 1ms+1ms
D/dalvikvm( 1505): GC_CONCURRENT freed 489K, 77% free 1411K/6019K, paused 1ms+1ms
D/dalvikvm( 1505): GC_CONCURRENT freed 488K, 78% free 1372K/6019K, paused 1ms+2ms
D/dalvikvm( 1505): GC_CONCURRENT freed 432K, 78% free 1371K/6019K, paused 1ms+1ms
D/DataSource_M3U8(  744): 
D/DataSource_M3U8(  744):  Warnig:: No Enough data in buffer...
I//lib/ld-linux.so.3(  748): Blocking Read: 30020, size: 0x0.
D/HTTPStream(  744): receive_line return error:-268435448
D/HTTPStream(  744): receive header fail
D/DataSource_M3U8(  744): 
D/DataSource_M3U8(  744): 
D/DataSource_M3U8(  744): 
D/DataSource_M3U8(  744): ============Begin to get playlist !!=====================
D/DataSource_M3U8(  744): 
D/DataSource_M3U8(  744): 
D/dalvikvm( 1505): GC_CONCURRENT freed 453K, 79% free 1303K/6019K, paused 1ms+1ms
D/dalvikvm( 1505): GC_CONCURRENT freed 397K, 79% free 1300K/6019K, paused 1ms+1ms
D/dalvikvm( 1505): GC_CONCURRENT freed 393K, 77% free 1408K/6019K, paused 1ms+1ms
D/dalvikvm( 1505): GC_CONCURRENT freed 487K, 79% free 1315K/6019K, paused 1ms+1ms
D/dalvikvm( 1505): GC_CONCURRENT freed 408K, 77% free 1423K/6019K, paused 1ms+1ms
D/HTTPStream(  744): receive_line return error:-268435448
D/HTTPStream(  744): receive header fail
D/DataSource_M3U8(  744): 
D/DataSource_M3U8(  744): 
D/DataSource_M3U8(  744): 
D/DataSource_M3U8(  744): ============Begin to get playlist !!=====================
D/DataSource_M3U8(  744): 
D/DataSource_M3U8(  744): 
D/dalvikvm( 1505): GC_CONCURRENT freed 507K, 79% free 1315K/6019K, paused 1ms+1ms
D/dalvikvm( 1505): GC_CONCURRENT freed 393K, 79% free 1314K/6019K, paused 1ms+1ms
D/dalvikvm( 1505): GC_CONCURRENT freed 393K, 79% free 1314K/6019K, paused 1ms+1ms
D/dalvikvm( 1505): GC_CONCURRENT freed 392K, 79% free 1314K/6019K, paused 1ms+1ms
D/dalvikvm( 1505): GC_CONCURRENT freed 392K, 79% free 1315K/6019K, paused 1ms+1ms
D/dalvikvm( 1505): GC_CONCURRENT freed 434K, 78% free 1362K/6019K, paused 1ms+1ms
D/HomePlayerLib( 1505): hostaddress count is 1
D/dalvikvm( 1505): GC_CONCURRENT freed 451K, 77% free 1408K/6019K, paused 1ms+1ms
D/dalvikvm( 1505): GC_CONCURRENT freed 498K, 78% free 1356K/6019K, paused 1ms+1ms
D/HTTPStream(  744): receive_line return error:-268435448
D/HTTPStream(  744): receive header fail
D/dalvikvm( 1505): GC_CONCURRENT freed 424K, 78% free 1328K/6019K, paused 1ms+1ms
D/dalvikvm( 1505): GC_CONCURRENT freed 411K, 78% free 1340K/6019K, paused 1ms+3ms
D/dalvikvm( 1505): GC_CONCURRENT freed 422K, 79% free 1318K/6019K, paused 1ms+1ms
D/dalvikvm( 1505): GC_CONCURRENT freed 382K, 78% free 1346K/6019K, paused 1ms+1ms
D/dalvikvm( 1505): GC_CONCURRENT freed 409K, 78% free 1335K/6019K, paused 1ms+1ms
D/dalvikvm( 1505): GC_CONCURRENT freed 393K, 78% free 1336K/6019K, paused 1ms+1ms
D/DataSource_M3U8(  744): ----------UpdatePlaylistThread runing... 
D/DataSource_M3U8(  744): 
D/DataSource_M3U8(  744): 
D/DataSource_M3U8(  744): 
D/DataSource_M3U8(  744): ============Begin to get playlist !!=====================
D/DataSource_M3U8(  744): 
D/DataSource_M3U8(  744): 
D/dalvikvm( 1505): GC_CONCURRENT freed 401K, 78% free 1336K/6019K, paused 1ms+1ms
D/dalvikvm( 1505): GC_CONCURRENT freed 390K, 77% free 1416K/6019K, paused 1ms+1ms
D/dalvikvm( 1505): GC_CONCURRENT freed 474K, 77% free 1416K/6019K, paused 0ms+1ms
D/dalvikvm( 1505): GC_CONCURRENT freed 475K, 78% free 1379K/6019K, paused 0ms+1ms
D/dalvikvm( 1505): GC_CONCURRENT freed 445K, 77% free 1431K/6019K, paused 1ms+1ms
D/dalvikvm( 1505): GC_CONCURRENT freed 490K, 78% free 1374K/6019K, paused 2ms+1ms
D/dalvikvm( 1505): GC_CONCURRENT freed 435K, 77% free 1420K/6019K, paused 1ms+1ms
D/dalvikvm( 1505): GC_CONCURRENT freed 486K, 76% free 1445K/6019K, paused 1ms+1ms
D/dalvikvm( 1505): GC_CONCURRENT freed 518K, 77% free 1428K/6019K, paused 1ms+1ms
D/HTTPStream(  744): receive_line return error:-268435448
D/HTTPStream(  744): receive header fail
D/DataSource_M3U8(  744): 
D/DataSource_M3U8(  744): 
D/DataSource_M3U8(  744): 
D/DataSource_M3U8(  744): ============Begin to get playlist !!=====================
D/DataSource_M3U8(  744): 
D/DataSource_M3U8(  744): 
D/DataSource_M3U8(  744): 
D/DataSource_M3U8(  744):  connect Server :cibn-iss1.longvisionmedia.com
D/DataSource_M3U8(  744): parseM3U8 .......!
D/DataSource_M3U8(  744): 
D/DataSource_M3U8(  744):  update  playlist[1] ==>> mediaSequence : 0   url = http://cibn-iss1.longvisionmedia.com:8088/vod/CIBN2013_CIBN2013040100011728_1200.m3u8   
D/DataSource_M3U8(  744): [M3U8] file: NULL line 
D/DataSource_M3U8(  744): HLS=====>> Live Stream!!!!
D/DataSource_M3U8(  744): [M3U8] checkShouldStartNext :[0](172/172)   sequence:0  start next:1  
D/DataSource_M3U8(  744): 
D/DataSource_M3U8(  744): 
D/DataSource_M3U8(  744): 
D/DataSource_M3U8(  744): [M3U8]-7----->This :0x24fb8 --> post cmd for start next url:http://cibn-iss1.longvisionmedia.com:8088/vod/CIBN2013_CIBN2013040100011728_1200.m3u8, knowedFileSize:0, mCurDowningIndex:0
D/DataSource_M3U8(  744): 
D/DataSource_M3U8(  744): 
D/Downloader(  744): [downloadThread]Downloader::removeTask  
D/Downloader(  744): [downloadThread]task have range string:0- 
D/DataSource_M3U8(  744): 
D/DataSource_M3U8(  744): 
D/DataSource_M3U8(  744): 
D/DataSource_M3U8(  744): ============Begin to get playlist !!=====================
D/DataSource_M3U8(  744): 
D/DataSource_M3U8(  744): 
D/Downloader(  744): Downloadserver bandWidth:374624
D/Downloader(  744): Downloadserver bandWidth:373961
D/Downloader(  744): Downloadserver bandWidth:373961
D/Downloader(  744): Downloadserver bandWidth:373961
D/DataSource_M3U8(  744): 
D/DataSource_M3U8(  744):  connect Server :cibn-iss1.longvisionmedia.com
D/DataSource_M3U8(  744): parseM3U8 .......!
D/DataSource_M3U8(  744): 
D/DataSource_M3U8(  744):  do not update  mediaSequence : 0   url = http://cibn-iss1.longvisionmedia.com:8088/vod/CIBN2013_CIBN2013040100011728_1200.m3u8   
D/DataSource_M3U8(  744): [M3U8] file: NULL line 
D/DataSource_M3U8(  744): HLS=====>> Live Stream!!!!
D/dalvikvm( 1505): GC_CONCURRENT freed 487K, 78% free 1339K/6019K, paused 1ms+1ms
D/DataSource_M3U8(  744): 
D/DataSource_M3U8(  744): 
D/DataSource_M3U8(  744): 
D/DataSource_M3U8(  744): ============Begin to get playlist !!=====================
D/DataSource_M3U8(  744): 
D/DataSource_M3U8(  744): 
D/DataSource_M3U8(  744): 
D/DataSource_M3U8(  744):  connect Server :cibn-iss1.longvisionmedia.com
D/DataSource_M3U8(  744): parseM3U8 .......!
D/DataSource_M3U8(  744): 
D/DataSource_M3U8(  744):  do not update  mediaSequence : 0   url = http://cibn-iss1.longvisionmedia.com:8088/vod/CIBN2013_CIBN2013040100011728_1200.m3u8   
D/DataSource_M3U8(  744): [M3U8] file: NULL line 
D/DataSource_M3U8(  744): HLS=====>> Live Stream!!!!
D/dalvikvm( 1505): GC_CONCURRENT freed 425K, 79% free 1303K/6019K, paused 1ms+1ms
D/dalvikvm( 1505): GC_CONCURRENT freed 397K, 78% free 1327K/6019K, paused 1ms+1ms
D/DataSource_M3U8(  744): 
D/DataSource_M3U8(  744): 
D/DataSource_M3U8(  744): 
D/DataSource_M3U8(  744): ============Begin to get playlist !!=====================
D/DataSource_M3U8(  744): 
D/DataSource_M3U8(  744): 
D/DataSource_M3U8(  744): 
D/DataSource_M3U8(  744):  connect Server :cibn-iss1.longvisionmedia.com
D/DataSource_M3U8(  744): parseM3U8 .......!
D/DataSource_M3U8(  744): 
D/DataSource_M3U8(  744):  do not update  mediaSequence : 0   url = http://cibn-iss1.longvisionmedia.com:8088/vod/CIBN2013_CIBN2013040100011728_1200.m3u8   
D/DataSource_M3U8(  744): [M3U8] file: NULL line 
D/DataSource_M3U8(  744): HLS=====>> Live Stream!!!!
D/DataSource_M3U8(  744): 
D/DataSource_M3U8(  744): 
D/DataSource_M3U8(  744): 
D/DataSource_M3U8(  744): ============Begin to get playlist !!=====================
D/DataSource_M3U8(  744): 
D/DataSource_M3U8(  744): 
D/dalvikvm( 1505): GC_CONCURRENT freed 406K, 79% free 1313K/6019K, paused 1ms+1ms
D/DataSource_M3U8(  744): 
D/DataSource_M3U8(  744):  connect Server :cibn-iss1.longvisionmedia.com
D/dalvikvm( 1505): GC_CONCURRENT freed 404K, 77% free 1414K/6019K, paused 1ms+1ms
D/HomePlayerLib( 1505): hostaddress count is 1
D/dalvikvm( 1505): GC_CONCURRENT freed 485K, 76% free 1470K/6019K, paused 0ms+1ms
D/dalvikvm( 1505): GC_CONCURRENT freed 543K, 77% free 1439K/6019K, paused 1ms+2ms
D/dalvikvm( 1505): GC_CONCURRENT freed 531K, 78% free 1360K/6019K, paused 1ms+3ms
D/dalvikvm( 1505): GC_CONCURRENT freed 437K, 77% free 1434K/6019K, paused 1ms+2ms
D/dalvikvm( 1505): GC_CONCURRENT freed 521K, 78% free 1377K/6019K, paused 1ms+2ms
D/dalvikvm( 1505): GC_CONCURRENT freed 468K, 79% free 1314K/6019K, paused 1ms+1ms
D/DataSource_M3U8(  744): parseM3U8 .......!
D/DataSource_M3U8(  744): 
D/DataSource_M3U8(  744):  do not update  mediaSequence : 0   url = http://cibn-iss1.longvisionmedia.com:8088/vod/GA   
D/DataSource_M3U8(  744): [M3U8] file: NULL line 
D/DataSource_M3U8(  744): HLS=====>> Live Stream!!!!
D/dalvikvm( 1505): GC_CONCURRENT freed 399K, 78% free 1382K/6019K, paused 1ms+1ms
D/dalvikvm( 1505): GC_CONCURRENT freed 474K, 77% free 1411K/6019K, paused 1ms+1ms
D/dalvikvm( 1505): GC_CONCURRENT freed 488K, 79% free 1315K/6019K, paused 1ms+1ms
D/DataSource_M3U8(  744): 
D/DataSource_M3U8(  744): 
D/DataSource_M3U8(  744): 
D/DataSource_M3U8(  744): ============Begin to get playlist !!=====================
D/DataSource_M3U8(  744): 
D/DataSource_M3U8(  744): 
D/DataSource_M3U8(  744): 
D/DataSource_M3U8(  744):  connect Server :cibn-iss1.longvisionmedia.com
D/DataSource_M3U8(  744): parseM3U8 .......!
D/DataSource_M3U8(  744): 
D/DataSource_M3U8(  744):  do not update  mediaSequence : 0   url = http://cibn-iss1.longvisionmedia.com:8088/vod/CIBN2013_CIBN2013040100011728_1200.m3u8   
D/DataSource_M3U8(  744): [M3U8] file: NULL line 
D/DataSource_M3U8(  744): HLS=====>> Live Stream!!!!
D/DataSource_M3U8(  744): 
D/DataSource_M3U8(  744): 
D/DataSource_M3U8(  744): 
D/DataSource_M3U8(  744): ============Begin to get playlist !!=====================
D/DataSource_M3U8(  744): 
D/DataSource_M3U8(  744): 
D/DataSource_M3U8(  744): 
D/DataSource_M3U8(  744):  connect Server :cibn-iss1.longvisionmedia.com
D/DataSource_M3U8(  744): parseM3U8 .......!
D/DataSource_M3U8(  744): 
D/DataSource_M3U8(  744):  do not update  mediaSequence : 0   url = http://cibn-iss1.longvisionmedia.com:8088/vod/CIBN2013_CIBN2013040100011728_1200.m3u8   
D/DataSource_M3U8(  744): [M3U8] file: NULL line 
D/DataSource_M3U8(  744): HLS=====>> Live Stream!!!!
D/DataSource_M3U8(  744): 
D/DataSource_M3U8(  744): 
D/DataSource_M3U8(  744): 
D/DataSource_M3U8(  744): ============Begin to get playlist !!=====================
D/DataSource_M3U8(  744): 
D/DataSource_M3U8(  744): 
D/DataSource_M3U8(  744): 
D/DataSource_M3U8(  744):  connect Server :cibn-iss1.longvisionmedia.com
D/DataSource_M3U8(  744): parseM3U8 .......!
D/DataSource_M3U8(  744): 
D/DataSource_M3U8(  744):  do not update  mediaSequence : 0   url = http://cibn-iss1.longvisionmedia.com:8088/vod/GA   
D/DataSource_M3U8(  744): [M3U8] file: NULL line 
D/DataSource_M3U8(  744): HLS=====>> Live Stream!!!!
D/DataSource_M3U8(  744): 
D/DataSource_M3U8(  744): 
D/DataSource_M3U8(  744): 
D/DataSource_M3U8(  744): ============Begin to get playlist !!=====================
D/DataSource_M3U8(  744): 
D/DataSource_M3U8(  744): 
D/DataSource_M3U8(  744): 
D/DataSource_M3U8(  744):  connect Server :cibn-iss1.longvisionmedia.com
D/DataSource_M3U8(  744): parseM3U8 .......!
D/DataSource_M3U8(  744): 
D/DataSource_M3U8(  744):  do not update  mediaSequence : 0   url = http://cibn-iss1.longvisionmedia.com:8088/vod/CIBN2013_CIBN2013040100011728_1200.m3u8   
D/DataSource_M3U8(  744): [M3U8] file: NULL line 
D/DataSource_M3U8(  744): HLS=====>> Live Stream!!!!
D/dalvikvm( 1505): GC_CONCURRENT freed 401K, 79% free 1310K/6019K, paused 1ms+1ms
D/DataSource_M3U8(  744): 
D/DataSource_M3U8(  744): 
D/DataSource_M3U8(  744): 
D/DataSource_M3U8(  744): ============Begin to get playlist !!=====================
D/DataSource_M3U8(  744): 
D/DataSource_M3U8(  744): 
D/DataSource_M3U8(  744): 
D/DataSource_M3U8(  744):  connect Server :cibn-iss1.longvisionmedia.com
D/DataSource_M3U8(  744): parseM3U8 .......!
D/DataSource_M3U8(  744): 
D/DataSource_M3U8(  744):  do not update  mediaSequence : 0   url = http://cibn-iss1.longvisionmedia.com:8088/vod/CIBN2013_CIBN2013040100011728_1200.m3u8   
D/DataSource_M3U8(  744): [M3U8] file: NULL line 
D/DataSource_M3U8(  744): HLS=====>> Live Stream!!!!
D/dalvikvm( 1505): GC_CONCURRENT freed 397K, 79% free 1301K/6019K, paused 1ms+1ms
D/dalvikvm( 1505): GC_CONCURRENT freed 408K, 77% free 1397K/6019K, paused 1ms+1ms
D/dalvikvm( 1505): GC_CONCURRENT freed 478K, 79% free 1311K/6019K, paused 1ms+1ms
D/dalvikvm( 1505): GC_CONCURRENT freed 395K, 79% free 1310K/6019K, paused 1ms+1ms
D/DataSource_M3U8(  744): 
D/DataSource_M3U8(  744): 
D/DataSource_M3U8(  744): 
D/DataSource_M3U8(  744): ============Begin to get playlist !!=====================
D/DataSource_M3U8(  744): 
D/DataSource_M3U8(  744): 
D/DataSource_M3U8(  744): 
D/DataSource_M3U8(  744):  connect Server :cibn-iss1.longvisionmedia.com
D/DataSource_M3U8(  744): parseM3U8 .......!
D/DataSource_M3U8(  744): 
D/DataSource_M3U8(  744):  do not update  mediaSequence : 0   url = http://cibn-iss1.longvisionmedia.com:8088/vod/CIBN2013_CIBN2013040100011728_1200.m3u8   
D/DataSource_M3U8(  744): [M3U8] file: NULL line 
D/DataSource_M3U8(  744): HLS=====>> Live Stream!!!!
D/dalvikvm( 1505): GC_CONCURRENT freed 394K, 78% free 1383K/6019K, paused 1ms+1ms
D/DataSource_M3U8(  744): 
D/DataSource_M3U8(  744): 
D/DataSource_M3U8(  744): 
D/DataSource_M3U8(  744): ============Begin to get playlist !!=====================
D/DataSource_M3U8(  744): 
D/DataSource_M3U8(  744): 
D/DataSource_M3U8(  744): 
D/DataSource_M3U8(  744):  connect Server :cibn-iss1.longvisionmedia.com
D/DataSource_M3U8(  744): parseM3U8 .......!
D/DataSource_M3U8(  744): 
D/DataSource_M3U8(  744):  do not update  mediaSequence : 0   url = http://cibn-iss1.longvisionmedia.com:8088/vod/CIBN2013_CIBN2013040100011728_1200.m3u8   
D/DataSource_M3U8(  744): [M3U8] file: NULL line 
D/DataSource_M3U8(  744): HLS=====>> Live Stream!!!!
D/DataSource_M3U8(  744): 
D/DataSource_M3U8(  744): 
D/DataSource_M3U8(  744): 
D/DataSource_M3U8(  744): ============Begin to get playlist !!=====================
D/DataSource_M3U8(  744): 
D/DataSource_M3U8(  744): 
D/DataSource_M3U8(  744): 
D/DataSource_M3U8(  744):  connect Server :cibn-iss1.longvisionmedia.com
D/DataSource_M3U8(  744): parseM3U8 .......!
D/DataSource_M3U8(  744): 
D/DataSource_M3U8(  744):  do not update  mediaSequence : 0   url = http://cibn-iss1.longvisionmedia.com:8088/vod/CIBN2013_CIBN2013040100011728_1200.m3u8   
D/DataSource_M3U8(  744): [M3U8] file: NULL line 
D/DataSource_M3U8(  744): HLS=====>> Live Stream!!!!
D/DataSource_M3U8(  744): 
D/DataSource_M3U8(  744): 
D/DataSource_M3U8(  744): 
D/DataSource_M3U8(  744): ============Begin to get playlist !!=====================
D/DataSource_M3U8(  744): 
D/DataSource_M3U8(  744): 
D/DataSource_M3U8(  744): 
D/DataSource_M3U8(  744):  connect Server :cibn-iss1.longvisionmedia.com
D/DataSource_M3U8(  744): 
D/DataSource_M3U8(  744):  Warnig:: No Enough data in buffer...
I//lib/ld-linux.so.3(  748): Blocking Read: 30021, size: 0x0.
D/dalvikvm( 1505): GC_CONCURRENT freed 465K, 78% free 1328K/6019K, paused 1ms+2ms
D/dalvikvm( 1505): GC_CONCURRENT freed 433K, 77% free 1407K/6019K, paused 1ms+1ms
D/DataSource_M3U8(  744): parseM3U8 .......!
D/DataSource_M3U8(  744): 
D/DataSource_M3U8(  744):  do not update  mediaSequence : 0   url = http://cibn-iss1.longvisionmedia.com:8088/vod/GA   
D/DataSource_M3U8(  744): [M3U8] file: NULL line 
D/DataSource_M3U8(  744): HLS=====>> Live Stream!!!!
D/HomePlayerLib( 1505): hostaddress count is 1
D/dalvikvm( 1505): GC_CONCURRENT freed 475K, 77% free 1444K/6019K, paused 1ms+1ms
D/dalvikvm( 1505): GC_CONCURRENT freed 532K, 77% free 1423K/6019K, paused 1ms+1ms
D/dalvikvm( 1505): GC_CONCURRENT freed 500K, 79% free 1318K/6019K, paused 1ms+1ms
D/dalvikvm( 1505): GC_CONCURRENT freed 392K, 79% free 1320K/6019K, paused 1ms+1ms
D/dalvikvm( 1505): GC_CONCURRENT freed 393K, 78% free 1332K/6019K, paused 1ms+1ms
D/dalvikvm( 1505): GC_CONCURRENT freed 414K, 79% free 1319K/6019K, paused 1ms+1ms
D/DataSource_M3U8(  744): 
D/DataSource_M3U8(  744): 
D/DataSource_M3U8(  744): 
D/DataSource_M3U8(  744): ============Begin to get playlist !!=====================
D/DataSource_M3U8(  744): 
D/DataSource_M3U8(  744): 
D/dalvikvm( 1505): GC_CONCURRENT freed 394K, 77% free 1417K/6019K, paused 1ms+1ms
D/dalvikvm( 1505): GC_CONCURRENT freed 481K, 78% free 1351K/6019K, paused 1ms+1ms
D/DataSource_M3U8(  744): 
D/DataSource_M3U8(  744):  connect Server :cibn-iss1.longvisionmedia.com
D/DataSource_M3U8(  744): parseM3U8 .......!
D/DataSource_M3U8(  744): 
D/DataSource_M3U8(  744):  do not update  mediaSequence : 0   url = http://cibn-iss1.longvisionmedia.com:8088/vod/CIBN2013_CIBN2013040100011728_1200.m3u8   
D/DataSource_M3U8(  744): [M3U8] file: NULL line 
D/DataSource_M3U8(  744): HLS=====>> Live Stream!!!!
D/dalvikvm( 1505): GC_CONCURRENT freed 425K, 79% free 1319K/6019K, paused 1ms+1ms
D/dalvikvm( 1505): GC_CONCURRENT freed 406K, 79% free 1316K/6019K, paused 1ms+1ms
D/dalvikvm( 1505): GC_CONCURRENT freed 393K, 78% free 1325K/6019K, paused 1ms+1ms
D/DataSource_M3U8(  744): 
D/DataSource_M3U8(  744): 
D/DataSource_M3U8(  744): 
D/DataSource_M3U8(  744): ============Begin to get playlist !!=====================
D/DataSource_M3U8(  744): 
D/DataSource_M3U8(  744): 
D/dalvikvm( 1505): GC_CONCURRENT freed 409K, 77% free 1401K/6019K, paused 1ms+1ms
D/DataSource_M3U8(  744): 
D/DataSource_M3U8(  744):  connect Server :cibn-iss1.longvisionmedia.com
D/DataSource_M3U8(  744): parseM3U8 .......!
D/DataSource_M3U8(  744): 
D/DataSource_M3U8(  744):  do not update  mediaSequence : 0   url = http://cibn-iss1.longvisionmedia.com:8088/vod/CIBN2013_CIBN2013040100011728_1200.m3u8   
D/DataSource_M3U8(  744): [M3U8] file: NULL line 
D/DataSource_M3U8(  744): HLS=====>> Live Stream!!!!
D/dalvikvm( 1505): GC_CONCURRENT freed 466K, 79% free 1321K/6019K, paused 1ms+1ms
D/dalvikvm( 1505): GC_CONCURRENT freed 395K, 79% free 1319K/6019K, paused 0ms+1ms
D/CheckNetWork( 1752): isOk true
D/CheckNetWork( 1752): ActInfoNetworkInfo: type: WIFI[], state: CONNECTED/CONNECTED, reason: (unspecified), extra: (none), roaming: false, failover: false, isAvailable: true
D/CheckNetWork( 1752): infoNetworkInfo: type: WIFI[], state: CONNECTED/CONNECTED, reason: (unspecified), extra: (none), roaming: false, failover: false, isAvailable: true
D/DataSource_M3U8(  744): 
D/DataSource_M3U8(  744): 
D/DataSource_M3U8(  744): 
D/DataSource_M3U8(  744): ============Begin to get playlist !!=====================
D/DataSource_M3U8(  744): 
D/DataSource_M3U8(  744): 
D/dalvikvm( 1505): GC_CONCURRENT freed 392K, 77% free 1441K/6019K, paused 1ms+1ms
D/DataSource_M3U8(  744): 
D/DataSource_M3U8(  744):  connect Server :cibn-iss1.longvisionmedia.com
D/DataSource_M3U8(  744): parseM3U8 .......!
D/DataSource_M3U8(  744): 
D/DataSource_M3U8(  744):  do not update  mediaSequence : 0   url = http://cibn-iss1.longvisionmedia.com:8088/vod/CIBN2013_CIBN2013040100011728_1200.m3u8   
D/DataSource_M3U8(  744): [M3U8] file: NULL line 
D/DataSource_M3U8(  744): HLS=====>> Live Stream!!!!
D/dalvikvm( 1505): GC_CONCURRENT freed 515K, 79% free 1322K/6019K, paused 0ms+1ms
D/dalvikvm( 1505): GC_CONCURRENT freed 394K, 78% free 1351K/6019K, paused 1ms+1ms
D/dalvikvm( 1505): GC_CONCURRENT freed 417K, 78% free 1349K/6019K, paused 1ms+1ms
D/DataSource_M3U8(  744): 
D/DataSource_M3U8(  744): 
D/DataSource_M3U8(  744): 
D/DataSource_M3U8(  744): ============Begin to get playlist !!=====================
D/DataSource_M3U8(  744): 
D/DataSource_M3U8(  744): 
D/dalvikvm( 1505): GC_CONCURRENT freed 410K, 78% free 1332K/6019K, paused 1ms+2ms
D/dalvikvm( 1505): GC_CONCURRENT freed 394K, 78% free 1332K/6019K, paused 1ms+1ms
D/DataSource_M3U8(  744): 
D/DataSource_M3U8(  744):  connect Server :cibn-iss1.longvisionmedia.com
D/dalvikvm( 1505): GC_CONCURRENT freed 394K, 78% free 1332K/6019K, paused 1ms+2ms
D/dalvikvm( 1505): GC_CONCURRENT freed 394K, 78% free 1332K/6019K, paused 1ms+1ms
D/PushMsgCenter( 1724): mDownUpRun run while (true)
D/PushMsgCenter( 1724): down  
D/DataSource_M3U8(  744): parseM3U8 .......!
D/DataSource_M3U8(  744): 
D/DataSource_M3U8(  744):  do not update  mediaSequence : 0   url = http://cibn-iss1.longvisionmedia.com:8088/vod/GA   
D/DataSource_M3U8(  744): [M3U8] file: NULL line 
D/DataSource_M3U8(  744): HLS=====>> Live Stream!!!!
D/PushMsgCenter( 1724): down conn.getResponseCode() status = 404
D/DataSource_M3U8(  744): 
D/DataSource_M3U8(  744): 
D/DataSource_M3U8(  744): 
D/DataSource_M3U8(  744): ============Begin to get playlist !!=====================
D/DataSource_M3U8(  744): 
D/DataSource_M3U8(  744): 
D/DataSource_M3U8(  744): 
D/DataSource_M3U8(  744):  connect Server :cibn-iss1.longvisionmedia.com
D/DataSource_M3U8(  744): parseM3U8 .......!
D/DataSource_M3U8(  744): 
D/DataSource_M3U8(  744):  do not update  mediaSequence : 0   url = http://cibn-iss1.longvisionmedia.com:8088/vod/GA   
D/DataSource_M3U8(  744): [M3U8] file: NULL line 
D/DataSource_M3U8(  744): HLS=====>> Live Stream!!!!
D/dalvikvm( 1505): GC_CONCURRENT freed 392K, 78% free 1333K/6019K, paused 1ms+1ms
D/dalvikvm( 1505): GC_CONCURRENT freed 410K, 78% free 1361K/6019K, paused 1ms+1ms
D/DataSource_M3U8(  744): 
D/DataSource_M3U8(  744): 
D/DataSource_M3U8(  744): 
D/DataSource_M3U8(  744): ============Begin to get playlist !!=====================
D/DataSource_M3U8(  744): 
D/DataSource_M3U8(  744): 
D/dalvikvm( 1505): GC_CONCURRENT freed 447K, 79% free 1312K/6019K, paused 1ms+1ms
D/dalvikvm( 1505): GC_CONCURRENT freed 397K, 79% free 1309K/6019K, paused 1ms+1ms
D/dalvikvm( 1505): GC_CONCURRENT freed 394K, 79% free 1301K/6019K, paused 1ms+1ms
D/HTTPStream(  744): receive_line return error:-268435448
D/HTTPStream(  744): receive header fail
D/DataSource_M3U8(  744): ----------UpdatePlaylistThread runing... 
D/DataSource_M3U8(  744): 
D/DataSource_M3U8(  744): 
D/DataSource_M3U8(  744): 
D/DataSource_M3U8(  744): ============Begin to get playlist !!=====================
D/DataSource_M3U8(  744): 
D/DataSource_M3U8(  744): 
D/DataSource_M3U8(  744): 
D/DataSource_M3U8(  744):  connect Server :cibn-iss1.longvisionmedia.com
D/dalvikvm( 1505): GC_CONCURRENT freed 389K, 79% free 1312K/6019K, paused 1ms+1ms
D/HomePlayerLib( 1505): hostaddress count is 1
D/dalvikvm( 1505): GC_CONCURRENT freed 404K, 77% free 1423K/6019K, paused 1ms+1ms
D/dalvikvm( 1505): GC_CONCURRENT freed 519K, 79% free 1301K/6019K, paused 1ms+2ms
D/dalvikvm( 1505): GC_CONCURRENT freed 379K, 79% free 1316K/6019K, paused 1ms+1ms
D/dalvikvm( 1505): GC_CONCURRENT freed 390K, 79% free 1317K/6019K, paused 0ms+1ms
D/dalvikvm( 1505): GC_CONCURRENT freed 397K, 76% free 1472K/6019K, paused 1ms+1ms
D/dalvikvm( 1505): GC_CONCURRENT freed 562K, 79% free 1306K/6019K, paused 1ms+1ms
D/dalvikvm( 1505): GC_CONCURRENT freed 427K, 77% free 1390K/6019K, paused 0ms+1ms
D/dalvikvm( 1505): GC_CONCURRENT freed 479K, 77% free 1414K/6019K, paused 0ms+1ms
D/DataSource_M3U8(  744): parseM3U8 .......!
D/DataSource_M3U8(  744): 
D/DataSource_M3U8(  744):  do not update  mediaSequence : 0   url = http://cibn-iss1.longvisionmedia.com:8088/vod/GA   
D/DataSource_M3U8(  744): [M3U8] file: NULL line 
D/DataSource_M3U8(  744): HLS=====>> Live Stream!!!!
D/dalvikvm( 1505): GC_CONCURRENT freed 497K, 79% free 1301K/6019K, paused 1ms+1ms
D/dalvikvm( 1505): GC_CONCURRENT freed 383K, 78% free 1347K/6019K, paused 1ms+1ms
D/dalvikvm( 1505): GC_CONCURRENT freed 403K, 78% free 1380K/6019K, paused 0ms+1ms
D/DataSource_M3U8(  744): 
D/DataSource_M3U8(  744): 
D/DataSource_M3U8(  744): 
D/DataSource_M3U8(  744): ============Begin to get playlist !!=====================
D/DataSource_M3U8(  744): 
D/DataSource_M3U8(  744): 
D/dalvikvm( 1505): GC_CONCURRENT freed 446K, 79% free 1321K/6019K, paused 1ms+1ms
D/dalvikvm( 1505): GC_CONCURRENT freed 396K, 79% free 1310K/6019K, paused 1ms+1ms
D/DataSource_M3U8(  744): 
D/DataSource_M3U8(  744):  connect Server :cibn-iss1.longvisionmedia.com
D/DataSource_M3U8(  744): parseM3U8 .......!
D/DataSource_M3U8(  744): 
D/DataSource_M3U8(  744):  do not update  mediaSequence : 0   url = http://cibn-iss1.longvisionmedia.com:8088/vod/CIBN2013_CIBN2013040100011728_1200.m3u8   
D/DataSource_M3U8(  744): [M3U8] file: NULL line 
D/DataSource_M3U8(  744): HLS=====>> Live Stream!!!!
D/dalvikvm( 1505): GC_CONCURRENT freed 366K, 77% free 1412K/6019K, paused 0ms+2ms
D/DataSource_M3U8(  744): 
D/DataSource_M3U8(  744): 
D/DataSource_M3U8(  744): 
D/DataSource_M3U8(  744): ============Begin to get playlist !!=====================
D/DataSource_M3U8(  744): 
D/DataSource_M3U8(  744): 
D/DataSource_M3U8(  744): 
D/DataSource_M3U8(  744):  connect Server :cibn-iss1.longvisionmedia.com
D/DataSource_M3U8(  744): parseM3U8 .......!
D/DataSource_M3U8(  744): 
D/DataSource_M3U8(  744):  do not update  mediaSequence : 0   url = http://cibn-iss1.longvisionmedia.com:8088/vod/CIBN2013_CIBN2013040100011728_1200.m3u8   
D/DataSource_M3U8(  744): [M3U8] file: NULL line 
D/DataSource_M3U8(  744): HLS=====>> Live Stream!!!!
D/DataSource_M3U8(  744): 
D/DataSource_M3U8(  744): 
D/DataSource_M3U8(  744): 
D/DataSource_M3U8(  744): ============Begin to get playlist !!=====================
D/DataSource_M3U8(  744): 
D/DataSource_M3U8(  744): 
D/DataSource_M3U8(  744): 
D/DataSource_M3U8(  744):  connect Server :cibn-iss1.longvisionmedia.com
D/DataSource_M3U8(  744): parseM3U8 .......!
D/DataSource_M3U8(  744): 
D/DataSource_M3U8(  744):  do not update  mediaSequence : 0   url = http://cibn-iss1.longvisionmedia.com:8088/vod/CIBN2013_CIBN2013040100011728_1200.m3u8   
D/DataSource_M3U8(  744): [M3U8] file: NULL line 
D/DataSource_M3U8(  744): HLS=====>> Live Stream!!!!
D/dalvikvm( 1505): GC_CONCURRENT freed 484K, 78% free 1344K/6019K, paused 1ms+1ms
D/DataSource_M3U8(  744): 
D/DataSource_M3U8(  744): 
D/DataSource_M3U8(  744): 
D/DataSource_M3U8(  744): ============Begin to get playlist !!=====================
D/DataSource_M3U8(  744): 
D/DataSource_M3U8(  744): 
D/DataSource_M3U8(  744): 
D/DataSource_M3U8(  744):  connect Server :cibn-iss1.longvisionmedia.com
D/DataSource_M3U8(  744): parseM3U8 .......!
D/DataSource_M3U8(  744): 
D/DataSource_M3U8(  744):  do not update  mediaSequence : 0   url = http://cibn-iss1.longvisionmedia.com:8088/vod/CIBN2013_CIBN2013040100011728_1200.m3u8   
D/DataSource_M3U8(  744): [M3U8] file: NULL line 
D/DataSource_M3U8(  744): HLS=====>> Live Stream!!!!
D/DataSource_M3U8(  744): 
D/DataSource_M3U8(  744): 
D/DataSource_M3U8(  744): 
D/DataSource_M3U8(  744): ============Begin to get playlist !!=====================
D/DataSource_M3U8(  744): 
D/DataSource_M3U8(  744): 
D/DataSource_M3U8(  744): 
D/DataSource_M3U8(  744):  connect Server :cibn-iss1.longvisionmedia.com
D/DataSource_M3U8(  744): parseM3U8 .......!
D/DataSource_M3U8(  744): 
D/DataSource_M3U8(  744):  do not update  mediaSequence : 0   url = http://cibn-iss1.longvisionmedia.com:8088/vod/CIBN2013_CIBN2013040100011728_1200.m3u8   
D/DataSource_M3U8(  744): [M3U8] file: NULL line 
D/DataSource_M3U8(  744): HLS=====>> Live Stream!!!!
D/DataSource_M3U8(  744): 
D/DataSource_M3U8(  744): 
D/DataSource_M3U8(  744): 
D/DataSource_M3U8(  744): ============Begin to get playlist !!=====================
D/DataSource_M3U8(  744): 
D/DataSource_M3U8(  744): 
D/DataSource_M3U8(  744): 
D/DataSource_M3U8(  744):  connect Server :cibn-iss1.longvisionmedia.com
D/DataSource_M3U8(  744): parseM3U8 .......!
D/DataSource_M3U8(  744): 
D/DataSource_M3U8(  744):  do not update  mediaSequence : 0   url = http://cibn-iss1.longvisionmedia.com:8088/vod/CIBN2013_CIBN2013040100011728_1200.m3u8   
D/DataSource_M3U8(  744): [M3U8] file: NULL line 
D/DataSource_M3U8(  744): HLS=====>> Live Stream!!!!
D/dalvikvm( 1505): GC_CONCURRENT freed 423K, 79% free 1315K/6019K, paused 1ms+1ms
D/dalvikvm( 1505): GC_CONCURRENT freed 425K, 79% free 1287K/6019K, paused 1ms+1ms
D/dalvikvm( 1505): GC_CONCURRENT freed 372K, 78% free 1329K/6019K, paused 1ms+1ms
D/DataSource_M3U8(  744): 
D/DataSource_M3U8(  744): 
D/DataSource_M3U8(  744): 
D/DataSource_M3U8(  744): ============Begin to get playlist !!=====================
D/DataSource_M3U8(  744): 
D/DataSource_M3U8(  744): 
D/dalvikvm( 1505): GC_CONCURRENT freed 409K, 79% free 1313K/6019K, paused 1ms+1ms
D/DataSource_M3U8(  744): 
D/DataSource_M3U8(  744):  connect Server :cibn-iss1.longvisionmedia.com
D/DataSource_M3U8(  744): parseM3U8 .......!
D/DataSource_M3U8(  744): 
D/DataSource_M3U8(  744):  do not update  mediaSequence : 0   url = http://cibn-iss1.longvisionmedia.com:8088/vod/CIBN2013_CIBN2013040100011728_1200.m3u8   
D/DataSource_M3U8(  744): [M3U8] file: NULL line 
D/DataSource_M3U8(  744): HLS=====>> Live Stream!!!!
D/DataSource_M3U8(  744): 
D/DataSource_M3U8(  744): 
D/DataSource_M3U8(  744): 
D/DataSource_M3U8(  744): ============Begin to get playlist !!=====================
D/DataSource_M3U8(  744): 
D/DataSource_M3U8(  744): 
D/DataSource_M3U8(  744): 
D/DataSource_M3U8(  744):  connect Server :cibn-iss1.longvisionmedia.com
D/DataSource_M3U8(  744): parseM3U8 .......!
D/DataSource_M3U8(  744): 
D/DataSource_M3U8(  744):  do not update  mediaSequence : 0   url = http://cibn-iss1.longvisionmedia.com:8088/vod/CIBN2013_CIBN2013040100011728_1200.m3u8   
D/DataSource_M3U8(  744): [M3U8] file: NULL line 
D/DataSource_M3U8(  744): HLS=====>> Live Stream!!!!
D/DataSource_M3U8(  744): 
D/DataSource_M3U8(  744): 
D/DataSource_M3U8(  744): 
D/DataSource_M3U8(  744): ============Begin to get playlist !!=====================
D/DataSource_M3U8(  744): 
D/DataSource_M3U8(  744): 
D/DataSource_M3U8(  744): 
D/DataSource_M3U8(  744):  connect Server :cibn-iss1.longvisionmedia.com
D/DataSource_M3U8(  744): parseM3U8 .......!
D/DataSource_M3U8(  744): 
D/DataSource_M3U8(  744):  do not update  mediaSequence : 0   url = http://cibn-iss1.longvisionmedia.com:8088/vod/CIBN2013_CIBN2013040100011728_1200.m3u8   
D/DataSource_M3U8(  744): [M3U8] file: NULL line 
D/DataSource_M3U8(  744): HLS=====>> Live Stream!!!!
D/DataSource_M3U8(  744): 
D/DataSource_M3U8(  744): 
D/DataSource_M3U8(  744): 
D/DataSource_M3U8(  744): ============Begin to get playlist !!=====================
D/DataSource_M3U8(  744): 
D/DataSource_M3U8(  744): 
D/DataSource_M3U8(  744): 
D/DataSource_M3U8(  744):  connect Server :cibn-iss1.longvisionmedia.com
D/DataSource_M3U8(  744): parseM3U8 .......!
D/DataSource_M3U8(  744): 
D/DataSource_M3U8(  744):  do not update  mediaSequence : 0   url = http://cibn-iss1.longvisionmedia.com:8088/vod/CIBN2013_CIBN2013040100011728_1200.m3u8   
D/DataSource_M3U8(  744): [M3U8] file: NULL line 
D/DataSource_M3U8(  744): HLS=====>> Live Stream!!!!
D/DataSource_M3U8(  744): 
D/DataSource_M3U8(  744): 
D/DataSource_M3U8(  744): 
D/DataSource_M3U8(  744): ============Begin to get playlist !!=====================
D/DataSource_M3U8(  744): 
D/DataSource_M3U8(  744): 
D/DataSource_M3U8(  744): 
D/DataSource_M3U8(  744):  connect Server :cibn-iss1.longvisionmedia.com
D/DataSource_M3U8(  744): parseM3U8 .......!
D/DataSource_M3U8(  744): 
D/DataSource_M3U8(  744):  do not update  mediaSequence : 0   url = http://cibn-iss1.longvisionmedia.com:8088/vod/CIBN2013_CIBN2013040100011728_1200.m3u8   
D/DataSource_M3U8(  744): [M3U8] file: NULL line 
D/DataSource_M3U8(  744): HLS=====>> Live Stream!!!!
D/DataSource_M3U8(  744): 
D/DataSource_M3U8(  744): 
D/DataSource_M3U8(  744): 
D/DataSource_M3U8(  744): ============Begin to get playlist !!=====================
D/DataSource_M3U8(  744): 
D/DataSource_M3U8(  744): 
D/DataSource_M3U8(  744): 
D/DataSource_M3U8(  744):  connect Server :cibn-iss1.longvisionmedia.com
D/DataSource_M3U8(  744): parseM3U8 .......!
D/DataSource_M3U8(  744): 
D/DataSource_M3U8(  744):  do not update  mediaSequence : 0   url = http://cibn-iss1.longvisionmedia.com:8088/vod/CIBN2013_CIBN2013040100011728_1200.m3u8   
D/DataSource_M3U8(  744): [M3U8] file: NULL line 
D/DataSource_M3U8(  744): HLS=====>> Live Stream!!!!
D/dalvikvm( 1505): GC_CONCURRENT freed 392K, 79% free 1313K/6019K, paused 1ms+1ms
D/dalvikvm( 1505): GC_CONCURRENT freed 404K, 79% free 1300K/6019K, paused 1ms+1ms
D/HomePlayerLib( 1505): hostaddress count is 1
D/dalvikvm( 1505): GC_CONCURRENT freed 391K, 79% free 1312K/6019K, paused 1ms+1ms
D/dalvikvm( 1505): GC_CONCURRENT freed 389K, 79% free 1312K/6019K, paused 1ms+1ms
D/dalvikvm( 1505): GC_CONCURRENT freed 409K, 79% free 1293K/6019K, paused 1ms+3ms
D/dalvikvm( 1505): GC_CONCURRENT freed 381K, 77% free 1415K/6019K, paused 1ms+1ms
D/DataSource_M3U8(  744): 
D/DataSource_M3U8(  744): 
D/DataSource_M3U8(  744): 
D/DataSource_M3U8(  744): ============Begin to get playlist !!=====================
D/DataSource_M3U8(  744): 
D/DataSource_M3U8(  744): 
D/dalvikvm( 1505): GC_CONCURRENT freed 484K, 77% free 1411K/6019K, paused 1ms+1ms
D/dalvikvm( 1505): GC_CONCURRENT freed 472K, 76% free 1493K/6019K, paused 1ms+1ms
D/dalvikvm( 1505): GC_CONCURRENT freed 554K, 78% free 1343K/6019K, paused 1ms+1ms
D/DataSource_M3U8(  744): 
D/DataSource_M3U8(  744):  connect Server :cibn-iss1.longvisionmedia.com
D/DataSource_M3U8(  744): parseM3U8 .......!
D/DataSource_M3U8(  744): 
D/DataSource_M3U8(  744):  do not update  mediaSequence : 0   url = http://cibn-iss1.longvisionmedia.com:8088/vod/CIBN2013_CIBN2013040100011728_1200.m3u8   
D/DataSource_M3U8(  744): [M3U8] file: NULL line 
D/DataSource_M3U8(  744): HLS=====>> Live Stream!!!!
D/dalvikvm( 1505): GC_CONCURRENT freed 416K, 77% free 1435K/6019K, paused 1ms+1ms
D/dalvikvm( 1505): GC_CONCURRENT freed 498K, 78% free 1326K/6019K, paused 1ms+1ms
D/dalvikvm( 1505): GC_CONCURRENT freed 396K, 78% free 1332K/6019K, paused 1ms+1ms
D/dalvikvm( 1505): GC_CONCURRENT freed 406K, 79% free 1321K/6019K, paused 1ms+1ms
D/DataSource_M3U8(  744): 
D/DataSource_M3U8(  744): 
D/DataSource_M3U8(  744): 
D/DataSource_M3U8(  744): ============Begin to get playlist !!=====================
D/DataSource_M3U8(  744): 
D/DataSource_M3U8(  744): 
D/dalvikvm( 1505): GC_CONCURRENT freed 390K, 75% free 1516K/6019K, paused 1ms+1ms
D/dalvikvm( 1505): GC_CONCURRENT freed 580K, 77% free 1431K/6019K, paused 1ms+2ms
D/DataSource_M3U8(  744): 
D/DataSource_M3U8(  744):  connect Server :cibn-iss1.longvisionmedia.com
D/DataSource_M3U8(  744): parseM3U8 .......!
D/DataSource_M3U8(  744): 
D/DataSource_M3U8(  744):  do not update  mediaSequence : 0   url = http://cibn-iss1.longvisionmedia.com:8088/vod/CIBN2013_CIBN2013040100011728_1200.m3u8   
D/DataSource_M3U8(  744): [M3U8] file: NULL line 
D/DataSource_M3U8(  744): HLS=====>> Live Stream!!!!
D/dalvikvm( 1505): GC_CONCURRENT freed 490K, 78% free 1333K/6019K, paused 1ms+2ms
D/DataSource_M3U8(  744): 
D/DataSource_M3U8(  744): 
D/DataSource_M3U8(  744): 
D/DataSource_M3U8(  744): ============Begin to get playlist !!=====================
D/DataSource_M3U8(  744): 
D/DataSource_M3U8(  744): 
D/DataSource_M3U8(  744): 
D/DataSource_M3U8(  744):  connect Server :cibn-iss1.longvisionmedia.com
D/DataSource_M3U8(  744): parseM3U8 .......!
D/DataSource_M3U8(  744): 
D/DataSource_M3U8(  744):  do not update  mediaSequence : 0   url = http://cibn-iss1.longvisionmedia.com:8088/vod/CIBN2013_CIBN2013040100011728_1200.m3u8   
D/DataSource_M3U8(  744): [M3U8] file: NULL line 
D/DataSource_M3U8(  744): HLS=====>> Live Stream!!!!
D/DataSource_M3U8(  744): 
D/DataSource_M3U8(  744): 
D/DataSource_M3U8(  744): 
D/DataSource_M3U8(  744): ============Begin to get playlist !!=====================
D/DataSource_M3U8(  744): 
D/DataSource_M3U8(  744): 
D/DataSource_M3U8(  744): 
D/DataSource_M3U8(  744):  connect Server :cibn-iss1.longvisionmedia.com
D/DataSource_M3U8(  744): parseM3U8 .......!
D/DataSource_M3U8(  744): 
D/DataSource_M3U8(  744):  do not update  mediaSequence : 0   url = http://cibn-iss1.longvisionmedia.com:8088/vod/CIBN2013_CIBN2013040100011728_1200.m3u8   
D/DataSource_M3U8(  744): [M3U8] file: NULL line 
D/DataSource_M3U8(  744): HLS=====>> Live Stream!!!!
D/DataSource_M3U8(  744): 
D/DataSource_M3U8(  744): 
D/DataSource_M3U8(  744): 
D/DataSource_M3U8(  744): ============Begin to get playlist !!=====================
D/DataSource_M3U8(  744): 
D/DataSource_M3U8(  744): 
D/DataSource_M3U8(  744): 
D/DataSource_M3U8(  744):  connect Server :cibn-iss1.longvisionmedia.com
D/DataSource_M3U8(  744): parseM3U8 .......!
D/DataSource_M3U8(  744): 
D/DataSource_M3U8(  744):  do not update  mediaSequence : 0   url = http://cibn-iss1.longvisionmedia.com:8088/vod/CIBN2013_CIBN2013040100011728_1200.m3u8   
D/DataSource_M3U8(  744): [M3U8] file: NULL line 
D/DataSource_M3U8(  744): HLS=====>> Live Stream!!!!
D/DataSource_M3U8(  744): 
D/DataSource_M3U8(  744): 
D/DataSource_M3U8(  744): 
D/DataSource_M3U8(  744): ============Begin to get playlist !!=====================
D/DataSource_M3U8(  744): 
D/DataSource_M3U8(  744): 
D/DataSource_M3U8(  744): 
D/DataSource_M3U8(  744):  connect Server :cibn-iss1.longvisionmedia.com
D/DataSource_M3U8(  744): parseM3U8 .......!
D/DataSource_M3U8(  744): 
D/DataSource_M3U8(  744):  do not update  mediaSequence : 0   url = http://cibn-iss1.longvisionmedia.com:8088/vod/CIBN2013_CIBN2013040100011728_1200.m3u8   
D/DataSource_M3U8(  744): [M3U8] file: NULL line 
D/DataSource_M3U8(  744): HLS=====>> Live Stream!!!!
D/DataSource_M3U8(  744): 
D/DataSource_M3U8(  744): 
D/DataSource_M3U8(  744): 
D/DataSource_M3U8(  744): ============Begin to get playlist !!=====================
D/DataSource_M3U8(  744): 
D/DataSource_M3U8(  744): 
D/dalvikvm( 1505): GC_CONCURRENT freed 402K, 79% free 1323K/6019K, paused 1ms+1ms
D/DataSource_M3U8(  744): 
D/DataSource_M3U8(  744):  connect Server :cibn-iss1.longvisionmedia.com
D/DataSource_M3U8(  744): parseM3U8 .......!
D/DataSource_M3U8(  744): 
D/DataSource_M3U8(  744):  do not update  mediaSequence : 0   url = http://cibn-iss1.longvisionmedia.com:8088/vod/CIBN2013_CIBN2013040100011728_1200.m3u8   
D/DataSource_M3U8(  744): [M3U8] file: NULL line 
D/DataSource_M3U8(  744): HLS=====>> Live Stream!!!!
D/dalvikvm( 1505): GC_CONCURRENT freed 403K, 79% free 1315K/6019K, paused 1ms+1ms
D/dalvikvm( 1505): GC_CONCURRENT freed 394K, 78% free 1358K/6019K, paused 1ms+1ms
D/DataSource_M3U8(  744): 
D/DataSource_M3U8(  744): 
D/DataSource_M3U8(  744): 
D/DataSource_M3U8(  744): ============Begin to get playlist !!=====================
D/DataSource_M3U8(  744): 
D/DataSource_M3U8(  744): 
D/dalvikvm( 1505): GC_CONCURRENT freed 443K, 79% free 1311K/6019K, paused 1ms+2ms
D/dalvikvm( 1505): GC_CONCURRENT freed 395K, 79% free 1309K/6019K, paused 1ms+1ms
D/DataSource_M3U8(  744): 
D/DataSource_M3U8(  744):  connect Server :cibn-iss1.longvisionmedia.com
D/DataSource_M3U8(  744): parseM3U8 .......!
D/DataSource_M3U8(  744): 
D/DataSource_M3U8(  744):  do not update  mediaSequence : 0   url = http://cibn-iss1.longvisionmedia.com:8088/vod/CIBN2013_CIBN2013040100011728_1200.m3u8   
D/DataSource_M3U8(  744): [M3U8] file: NULL line 
D/DataSource_M3U8(  744): HLS=====>> Live Stream!!!!
D/dalvikvm( 1505): GC_CONCURRENT freed 405K, 79% free 1289K/6019K, paused 1ms+1ms
D/dalvikvm( 1505): GC_CONCURRENT freed 381K, 79% free 1300K/6019K, paused 1ms+1ms
D/DataSource_M3U8(  744): 
D/DataSource_M3U8(  744):  Warnig:: No Enough data in buffer...
I//lib/ld-linux.so.3(  748): Blocking Read: 30019, size: 0x0.
D/dalvikvm( 1505): GC_CONCURRENT freed 394K, 78% free 1383K/6019K, paused 1ms+1ms
D/DataSource_M3U8(  744): 
D/DataSource_M3U8(  744): 
D/DataSource_M3U8(  744): 
D/DataSource_M3U8(  744): ============Begin to get playlist !!=====================
D/DataSource_M3U8(  744): 
D/DataSource_M3U8(  744): 
D/dalvikvm( 1505): GC_CONCURRENT freed 475K, 79% free 1303K/6019K, paused 0ms+1ms
D/DataSource_M3U8(  744): 
D/DataSource_M3U8(  744):  connect Server :cibn-iss1.longvisionmedia.com
D/DataSource_M3U8(  744): parseM3U8 .......!
D/DataSource_M3U8(  744): 
D/DataSource_M3U8(  744):  do not update  mediaSequence : 0   url = http://cibn-iss1.longvisionmedia.com:8088/vod/CIBN2013_CIBN2013040100011728_1200.m3u8   
D/DataSource_M3U8(  744): [M3U8] file: NULL line 
D/DataSource_M3U8(  744): HLS=====>> Live Stream!!!!
D/dalvikvm( 1505): GC_CONCURRENT freed 400K, 79% free 1305K/6019K, paused 1ms+1ms
D/dalvikvm( 1505): GC_CONCURRENT freed 385K, 77% free 1398K/6019K, paused 1ms+1ms
D/dalvikvm( 1505): GC_CONCURRENT freed 477K, 77% free 1398K/6019K, paused 1ms+1ms
D/dalvikvm( 1505): GC_CONCURRENT freed 476K, 78% free 1361K/6019K, paused 0ms+1ms
D/DataSource_M3U8(  744): 
D/DataSource_M3U8(  744): 
D/DataSource_M3U8(  744): 
D/DataSource_M3U8(  744): ============Begin to get playlist !!=====================
D/DataSource_M3U8(  744): 
D/DataSource_M3U8(  744): 
D/DataSource_M3U8(  744): 
D/DataSource_M3U8(  744):  connect Server :cibn-iss1.longvisionmedia.com
D/DataSource_M3U8(  744): parseM3U8 .......!
D/DataSource_M3U8(  744): 
D/DataSource_M3U8(  744):  do not update  mediaSequence : 0   url = http://cibn-iss1.longvisionmedia.com:8088/vod/CIBN2013_CIBN2013040100011728_1200.m3u8   
D/DataSource_M3U8(  744): [M3U8] file: NULL line 
D/DataSource_M3U8(  744): HLS=====>> Live Stream!!!!
D/DataSource_M3U8(  744): 
D/DataSource_M3U8(  744): 
D/DataSource_M3U8(  744): 
D/DataSource_M3U8(  744): ============Begin to get playlist !!=====================
D/DataSource_M3U8(  744): 
D/DataSource_M3U8(  744): 
D/DataSource_M3U8(  744): 
D/DataSource_M3U8(  744):  connect Server :cibn-iss1.longvisionmedia.com
D/DataSource_M3U8(  744): parseM3U8 .......!
D/DataSource_M3U8(  744): 
D/DataSource_M3U8(  744):  do not update  mediaSequence : 0   url = http://cibn-iss1.longvisionmedia.com:8088/vod/CIBN2013_CIBN2013040100011728_1200.m3u8   
D/DataSource_M3U8(  744): [M3U8] file: NULL line 
D/DataSource_M3U8(  744): HLS=====>> Live Stream!!!!
D/DataSource_M3U8(  744): 
D/DataSource_M3U8(  744): 
D/DataSource_M3U8(  744): 
D/DataSource_M3U8(  744): ============Begin to get playlist !!=====================
D/DataSource_M3U8(  744): 
D/DataSource_M3U8(  744): 
D/DataSource_M3U8(  744): 
D/DataSource_M3U8(  744):  connect Server :cibn-iss1.longvisionmedia.com
D/DataSource_M3U8(  744): parseM3U8 .......!
D/DataSource_M3U8(  744): 
D/DataSource_M3U8(  744):  do not update  mediaSequence : 0   url = http://cibn-iss1.longvisionmedia.com:8088/vod/CIBN2013_CIBN2013040100011728_1200.m3u8   
D/DataSource_M3U8(  744): [M3U8] file: NULL line 
D/DataSource_M3U8(  744): HLS=====>> Live Stream!!!!
D/DataSource_M3U8(  744): 
D/DataSource_M3U8(  744): 
D/DataSource_M3U8(  744): 
D/DataSource_M3U8(  744): ============Begin to get playlist !!=====================
D/DataSource_M3U8(  744): 
D/DataSource_M3U8(  744): 
D/DataSource_M3U8(  744): 
D/DataSource_M3U8(  744):  connect Server :cibn-iss1.longvisionmedia.com
D/DataSource_M3U8(  744): parseM3U8 .......!
D/DataSource_M3U8(  744): 
D/DataSource_M3U8(  744):  do not update  mediaSequence : 0   url = http://cibn-iss1.longvisionmedia.com:8088/vod/CIBN2013_CIBN2013040100011728_1200.m3u8   
D/DataSource_M3U8(  744): [M3U8] file: NULL line 
D/DataSource_M3U8(  744): HLS=====>> Live Stream!!!!
D/dalvikvm( 1505): GC_CONCURRENT freed 443K, 77% free 1385K/6019K, paused 1ms+1ms
D/dalvikvm( 1505): GC_CONCURRENT freed 473K, 79% free 1312K/6019K, paused 1ms+1ms
D/HomePlayerLib( 1505): hostaddress count is 1
D/dalvikvm( 1505): GC_CONCURRENT freed 402K, 77% free 1421K/6019K, paused 1ms+1ms
D/dalvikvm( 1505): GC_CONCURRENT freed 501K, 77% free 1425K/6019K, paused 0ms+1ms
D/dalvikvm( 1505): GC_CONCURRENT freed 509K, 77% free 1396K/6019K, paused 1ms+1ms
D/DataSource_M3U8(  744): 
D/DataSource_M3U8(  744): 
D/DataSource_M3U8(  744): 
D/DataSource_M3U8(  744): ============Begin to get playlist !!=====================
D/DataSource_M3U8(  744): 
D/DataSource_M3U8(  744): 
D/dalvikvm( 1505): GC_CONCURRENT freed 477K, 78% free 1348K/6019K, paused 1ms+1ms
D/dalvikvm( 1505): GC_CONCURRENT freed 395K, 78% free 1343K/6019K, paused 1ms+1ms
D/DataSource_M3U8(  744): 
D/DataSource_M3U8(  744):  connect Server :cibn-iss1.longvisionmedia.com
D/DataSource_M3U8(  744): parseM3U8 .......!
D/DataSource_M3U8(  744): 
D/DataSource_M3U8(  744):  do not update  mediaSequence : 0   url = http://cibn-iss1.longvisionmedia.com:8088/vod/CIBN2013_CIBN2013040100011728_1200.m3u8   
D/DataSource_M3U8(  744): [M3U8] file: NULL line 
D/DataSource_M3U8(  744): HLS=====>> Live Stream!!!!
D/dalvikvm( 1505): GC_CONCURRENT freed 392K, 78% free 1337K/6019K, paused 1ms+1ms
D/dalvikvm( 1505): GC_CONCURRENT freed 388K, 78% free 1336K/6019K, paused 1ms+1ms
D/dalvikvm( 1505): GC_CONCURRENT freed 405K, 78% free 1335K/6019K, paused 1ms+1ms
D/dalvikvm( 1505): GC_CONCURRENT freed 396K, 78% free 1383K/6019K, paused 1ms+1ms
D/dalvikvm( 1505): GC_CONCURRENT freed 456K, 78% free 1353K/6019K, paused 0ms+2ms
D/DataSource_M3U8(  744): 
D/DataSource_M3U8(  744): 
D/DataSource_M3U8(  744): 
D/DataSource_M3U8(  744): ============Begin to get playlist !!=====================
D/DataSource_M3U8(  744): 
D/DataSource_M3U8(  744): 
D/DataSource_M3U8(  744): 
D/DataSource_M3U8(  744):  connect Server :cibn-iss1.longvisionmedia.com
D/DataSource_M3U8(  744): parseM3U8 .......!
D/DataSource_M3U8(  744): 
D/DataSource_M3U8(  744):  do not update  mediaSequence : 0   url = http://cibn-iss1.longvisionmedia.com:8088/vod/CIBN2013_CIBN2013040100011728_1200.m3u8   
D/DataSource_M3U8(  744): [M3U8] file: NULL line 
D/DataSource_M3U8(  744): HLS=====>> Live Stream!!!!
D/dalvikvm( 1505): GC_CONCURRENT freed 419K, 77% free 1429K/6019K, paused 1ms+2ms
D/dalvikvm( 1505): GC_CONCURRENT freed 500K, 78% free 1358K/6019K, paused 1ms+2ms
D/DataSource_M3U8(  744): 
D/DataSource_M3U8(  744): 
D/DataSource_M3U8(  744): 
D/DataSource_M3U8(  744): ============Begin to get playlist !!=====================
D/DataSource_M3U8(  744): 
D/DataSource_M3U8(  744): 
D/HTTPStream(  744): receive_line return error:-268435448
D/HTTPStream(  744): receive header fail
D/DataSource_M3U8(  744): 
D/DataSource_M3U8(  744): 
D/DataSource_M3U8(  744): 
D/DataSource_M3U8(  744): ============Begin to get playlist !!=====================
D/DataSource_M3U8(  744): 
D/DataSource_M3U8(  744): 
D/DataSource_M3U8(  744): 
D/DataSource_M3U8(  744):  connect Server :cibn-iss1.longvisionmedia.com
D/DataSource_M3U8(  744): parseM3U8 .......!
D/DataSource_M3U8(  744): 
D/DataSource_M3U8(  744):  do not update  mediaSequence : 0   url = http://cibn-iss1.longvisionmedia.com:8088/vod/CIBN2013_CIBN2013040100011728_1200.m3u8   
D/DataSource_M3U8(  744): [M3U8] file: NULL line 
D/DataSource_M3U8(  744): HLS=====>> Live Stream!!!!
D/dalvikvm( 1505): GC_CONCURRENT freed 450K, 79% free 1304K/6019K, paused 1ms+1ms
D/DataSource_M3U8(  744): 
D/DataSource_M3U8(  744): 
D/DataSource_M3U8(  744): 
D/DataSource_M3U8(  744): ============Begin to get playlist !!=====================
D/DataSource_M3U8(  744): 
D/DataSource_M3U8(  744): 
D/dalvikvm( 1505): GC_CONCURRENT freed 395K, 78% free 1332K/6019K, paused 1ms+1ms
D/DataSource_M3U8(  744): 
D/DataSource_M3U8(  744):  connect Server :cibn-iss1.longvisionmedia.com
D/DataSource_M3U8(  744): parseM3U8 .......!
D/DataSource_M3U8(  744): 
D/DataSource_M3U8(  744):  do not update  mediaSequence : 0   url = http://cibn-iss1.longvisionmedia.com:8088/vod/CIBN2013_CIBN2013040100011728_1200.m3u8   
D/DataSource_M3U8(  744): [M3U8] file: NULL line 
D/DataSource_M3U8(  744): HLS=====>> Live Stream!!!!
D/dalvikvm( 1505): GC_CONCURRENT freed 417K, 79% free 1302K/6019K, paused 0ms+1ms
D/DataSource_M3U8(  744): ----------UpdatePlaylistThread runing... 
D/DataSource_M3U8(  744): 
D/DataSource_M3U8(  744): 
D/DataSource_M3U8(  744): 
D/DataSource_M3U8(  744): ============Begin to get playlist !!=====================
D/DataSource_M3U8(  744): 
D/DataSource_M3U8(  744): 
D/DataSource_M3U8(  744): 
D/DataSource_M3U8(  744):  connect Server :cibn-iss1.longvisionmedia.com
D/DataSource_M3U8(  744): parseM3U8 .......!
D/DataSource_M3U8(  744): 
D/DataSource_M3U8(  744):  do not update  mediaSequence : 0   url = http://cibn-iss1.longvisionmedia.com:8088/vod/CIBN2013_CIBN2013040100011728_1200.m3u8   
D/DataSource_M3U8(  744): [M3U8] file: NULL line 
D/DataSource_M3U8(  744): HLS=====>> Live Stream!!!!
D/DataSource_M3U8(  744): 
D/DataSource_M3U8(  744): 
D/DataSource_M3U8(  744): 
D/DataSource_M3U8(  744): ============Begin to get playlist !!=====================
D/DataSource_M3U8(  744): 
D/DataSource_M3U8(  744): 
D/DataSource_M3U8(  744): 
D/DataSource_M3U8(  744):  connect Server :cibn-iss1.longvisionmedia.com
D/DataSource_M3U8(  744): parseM3U8 .......!
D/DataSource_M3U8(  744): 
D/DataSource_M3U8(  744):  do not update  mediaSequence : 0   url = http://cibn-iss1.longvisionmedia.com:8088/vod/CIBN2013_CIBN2013040100011728_1200.m3u8   
D/DataSource_M3U8(  744): [M3U8] file: NULL line 
D/DataSource_M3U8(  744): HLS=====>> Live Stream!!!!
D/DataSource_M3U8(  744): 
D/DataSource_M3U8(  744): 
D/DataSource_M3U8(  744): 
D/DataSource_M3U8(  744): ============Begin to get playlist !!=====================
D/DataSource_M3U8(  744): 
D/DataSource_M3U8(  744): 
D/DataSource_M3U8(  744): 
D/DataSource_M3U8(  744):  connect Server :cibn-iss1.longvisionmedia.com
D/DataSource_M3U8(  744): parseM3U8 .......!
D/DataSource_M3U8(  744): 
D/DataSource_M3U8(  744):  do not update  mediaSequence : 0   url = http://cibn-iss1.longvisionmedia.com:8088/vod/CIBN2013_CIBN2013040100011728_1200.m3u8   
D/DataSource_M3U8(  744): [M3U8] file: NULL line 
D/DataSource_M3U8(  744): HLS=====>> Live Stream!!!!
D/DataSource_M3U8(  744): 
D/DataSource_M3U8(  744): 
D/DataSource_M3U8(  744): 
D/DataSource_M3U8(  744): ============Begin to get playlist !!=====================
D/DataSource_M3U8(  744): 
D/DataSource_M3U8(  744): 
D/DataSource_M3U8(  744): 
D/DataSource_M3U8(  744):  connect Server :cibn-iss1.longvisionmedia.com
D/DataSource_M3U8(  744): parseM3U8 .......!
D/DataSource_M3U8(  744): 
D/DataSource_M3U8(  744):  do not update  mediaSequence : 0   url = http://cibn-iss1.longvisionmedia.com:8088/vod/CIBN2013_CIBN2013040100011728_1200.m3u8   
D/DataSource_M3U8(  744): [M3U8] file: NULL line 
D/DataSource_M3U8(  744): HLS=====>> Live Stream!!!!
D/DataSource_M3U8(  744): 
D/DataSource_M3U8(  744): 
D/DataSource_M3U8(  744): 
D/DataSource_M3U8(  744): ============Begin to get playlist !!=====================
D/DataSource_M3U8(  744): 
D/DataSource_M3U8(  744): 
D/DataSource_M3U8(  744): 
D/DataSource_M3U8(  744):  connect Server :cibn-iss1.longvisionmedia.com
D/DataSource_M3U8(  744): parseM3U8 .......!
D/DataSource_M3U8(  744): 
D/DataSource_M3U8(  744):  do not update  mediaSequence : 0   url = http://cibn-iss1.longvisionmedia.com:8088/vod/CIBN2013_CIBN2013040100011728_1200.m3u8   
D/DataSource_M3U8(  744): [M3U8] file: NULL line 
D/DataSource_M3U8(  744): HLS=====>> Live Stream!!!!
D/dalvikvm( 1505): GC_CONCURRENT freed 392K, 79% free 1311K/6019K, paused 0ms+1ms
D/HomePlayerLib( 1505): hostaddress count is 1
D/dalvikvm( 1505): GC_CONCURRENT freed 401K, 78% free 1358K/6019K, paused 1ms+1ms
D/dalvikvm( 1505): GC_CONCURRENT freed 444K, 78% free 1329K/6019K, paused 1ms+1ms
D/dalvikvm( 1505): GC_CONCURRENT freed 418K, 79% free 1296K/6019K, paused 1ms+3ms
D/dalvikvm( 1505): GC_CONCURRENT freed 365K, 79% free 1321K/6019K, paused 0ms+1ms
D/DataSource_M3U8(  744): 
D/DataSource_M3U8(  744): 
D/DataSource_M3U8(  744): 
D/DataSource_M3U8(  744): ============Begin to get playlist !!=====================
D/DataSource_M3U8(  744): 
D/DataSource_M3U8(  744): 
D/dalvikvm( 1505): GC_CONCURRENT freed 401K, 78% free 1330K/6019K, paused 1ms+1ms
D/DataSource_M3U8(  744): 
D/DataSource_M3U8(  744):  connect Server :cibn-iss1.longvisionmedia.com
D/DataSource_M3U8(  744): parseM3U8 .......!
D/DataSource_M3U8(  744): 
D/DataSource_M3U8(  744):  do not update  mediaSequence : 0   url = http://cibn-iss1.longvisionmedia.com:8088/vod/CIBN2013_CIBN2013040100011728_1200.m3u8   
D/DataSource_M3U8(  744): [M3U8] file: NULL line 
D/DataSource_M3U8(  744): HLS=====>> Live Stream!!!!
D/dalvikvm( 1505): GC_CONCURRENT freed 379K, 78% free 1350K/6019K, paused 1ms+2ms
D/dalvikvm( 1505): GC_CONCURRENT freed 415K, 78% free 1371K/6019K, paused 1ms+1ms
D/dalvikvm( 1505): GC_CONCURRENT freed 428K, 77% free 1443K/6019K, paused 1ms+1ms
D/dalvikvm( 1505): GC_CONCURRENT freed 511K, 77% free 1443K/6019K, paused 0ms+1ms
D/dalvikvm( 1505): GC_CONCURRENT freed 511K, 77% free 1440K/6019K, paused 1ms+1ms
D/DataSource_M3U8(  744): 
D/DataSource_M3U8(  744): 
D/DataSource_M3U8(  744): 
D/DataSource_M3U8(  744): ============Begin to get playlist !!=====================
D/DataSource_M3U8(  744): 
D/DataSource_M3U8(  744): 
D/dalvikvm( 1505): GC_CONCURRENT freed 514K, 77% free 1426K/6019K, paused 1ms+1ms
D/dalvikvm( 1505): GC_CONCURRENT freed 486K, 78% free 1335K/6019K, paused 1ms+1ms
D/DataSource_M3U8(  744): 
D/DataSource_M3U8(  744):  connect Server :cibn-iss1.longvisionmedia.com
D/DataSource_M3U8(  744): parseM3U8 .......!
D/DataSource_M3U8(  744): 
D/DataSource_M3U8(  744):  do not update  mediaSequence : 0   url = http://cibn-iss1.longvisionmedia.com:8088/vod/CIBN2013_CIBN2013040100011728_1200.m3u8   
D/DataSource_M3U8(  744): [M3U8] file: NULL line 
D/DataSource_M3U8(  744): HLS=====>> Live Stream!!!!
D/dalvikvm( 1505): GC_CONCURRENT freed 406K, 77% free 1403K/6019K, paused 1ms+1ms
D/dalvikvm( 1505): GC_CONCURRENT freed 477K, 79% free 1320K/6019K, paused 2ms+1ms
D/DataSource_M3U8(  744): 
D/DataSource_M3U8(  744): 
D/DataSource_M3U8(  744): 
D/DataSource_M3U8(  744): ============Begin to get playlist !!=====================
D/DataSource_M3U8(  744): 
D/DataSource_M3U8(  744): 
D/DataSource_M3U8(  744): 
D/DataSource_M3U8(  744):  connect Server :cibn-iss1.longvisionmedia.com
D/DataSource_M3U8(  744): parseM3U8 .......!
D/DataSource_M3U8(  744): 
D/DataSource_M3U8(  744):  do not update  mediaSequence : 0   url = http://cibn-iss1.longvisionmedia.com:8088/vod/CIBN2013_CIBN2013040100011728_1200.m3u8   
D/DataSource_M3U8(  744): [M3U8] file: NULL line 
D/DataSource_M3U8(  744): HLS=====>> Live Stream!!!!
D/DataSource_M3U8(  744): 
D/DataSource_M3U8(  744): 
D/DataSource_M3U8(  744): 
D/DataSource_M3U8(  744): ============Begin to get playlist !!=====================
D/DataSource_M3U8(  744): 
D/DataSource_M3U8(  744): 
D/dalvikvm( 1505): GC_CONCURRENT freed 393K, 79% free 1319K/6019K, paused 1ms+2ms
D/DataSource_M3U8(  744): 
D/DataSource_M3U8(  744):  connect Server :cibn-iss1.longvisionmedia.com
D/DataSource_M3U8(  744): parseM3U8 .......!
D/DataSource_M3U8(  744): 
D/DataSource_M3U8(  744):  do not update  mediaSequence : 0   url = http://cibn-iss1.longvisionmedia.com:8088/vod/CIBN2013_CIBN2013040100011728_1200.m3u8   
D/DataSource_M3U8(  744): [M3U8] file: NULL line 
D/DataSource_M3U8(  744): HLS=====>> Live Stream!!!!
D/dalvikvm( 1505): GC_CONCURRENT freed 391K, 78% free 1328K/6019K, paused 1ms+1ms
D/dalvikvm( 1505): GC_CONCURRENT freed 406K, 78% free 1379K/6019K, paused 0ms+1ms
D/dalvikvm( 1505): GC_CONCURRENT freed 444K, 79% free 1321K/6019K, paused 1ms+1ms
D/DataSource_M3U8(  744): 
D/DataSource_M3U8(  744): 
D/DataSource_M3U8(  744): 
D/DataSource_M3U8(  744): ============Begin to get playlist !!=====================
D/DataSource_M3U8(  744): 
D/DataSource_M3U8(  744): 
D/dalvikvm( 1505): GC_CONCURRENT freed 396K, 79% free 1320K/6019K, paused 1ms+1ms
D/DataSource_M3U8(  744): 
D/DataSource_M3U8(  744):  connect Server :cibn-iss1.longvisionmedia.com
D/DataSource_M3U8(  744): parseM3U8 .......!
D/DataSource_M3U8(  744): 
D/DataSource_M3U8(  744):  do not update  mediaSequence : 0   url = http://cibn-iss1.longvisionmedia.com:8088/vod/CIBN2013_CIBN2013040100011728_1200.m3u8   
D/DataSource_M3U8(  744): [M3U8] file: NULL line 
D/DataSource_M3U8(  744): HLS=====>> Live Stream!!!!
D/DataSource_M3U8(  744): 
D/DataSource_M3U8(  744): 
D/DataSource_M3U8(  744): 
D/DataSource_M3U8(  744): ============Begin to get playlist !!=====================
D/DataSource_M3U8(  744): 
D/DataSource_M3U8(  744): 
D/DataSource_M3U8(  744): 
D/DataSource_M3U8(  744):  connect Server :cibn-iss1.longvisionmedia.com
D/DataSource_M3U8(  744): parseM3U8 .......!
D/DataSource_M3U8(  744): 
D/DataSource_M3U8(  744):  do not update  mediaSequence : 0   url = http://cibn-iss1.longvisionmedia.com:8088/vod/CIBN2013_CIBN2013040100011728_1200.m3u8   
D/DataSource_M3U8(  744): [M3U8] file: NULL line 
D/DataSource_M3U8(  744): HLS=====>> Live Stream!!!!
D/dalvikvm( 1505): GC_CONCURRENT freed 401K, 79% free 1310K/6019K, paused 1ms+1ms
D/dalvikvm( 1505): GC_CONCURRENT freed 393K, 79% free 1310K/6019K, paused 1ms+1ms
D/DataSource_M3U8(  744): 
D/DataSource_M3U8(  744): 
D/DataSource_M3U8(  744): 
D/DataSource_M3U8(  744): ============Begin to get playlist !!=====================
D/DataSource_M3U8(  744): 
D/DataSource_M3U8(  744): 
D/dalvikvm( 1505): GC_CONCURRENT freed 392K, 77% free 1392K/6019K, paused 1ms+1ms
D/dalvikvm( 1505): GC_CONCURRENT freed 473K, 79% free 1311K/6019K, paused 1ms+1ms
D/DataSource_M3U8(  744): 
D/DataSource_M3U8(  744):  connect Server :cibn-iss1.longvisionmedia.com
D/DataSource_M3U8(  744): parseM3U8 .......!
D/DataSource_M3U8(  744): 
D/DataSource_M3U8(  744):  do not update  mediaSequence : 0   url = http://cibn-iss1.longvisionmedia.com:8088/vod/CIBN2013_CIBN2013040100011728_1200.m3u8   
D/DataSource_M3U8(  744): [M3U8] file: NULL line 
D/DataSource_M3U8(  744): HLS=====>> Live Stream!!!!
D/dalvikvm( 1505): GC_CONCURRENT freed 397K, 79% free 1298K/6019K, paused 1ms+1ms
D/dalvikvm( 1505): GC_CONCURRENT freed 375K, 79% free 1311K/6019K, paused 1ms+1ms
D/dalvikvm( 1505): GC_CONCURRENT freed 396K, 77% free 1424K/6019K, paused 1ms+1ms
D/DataSource_M3U8(  744): 
D/DataSource_M3U8(  744): 
D/DataSource_M3U8(  744): 
D/DataSource_M3U8(  744): ============Begin to get playlist !!=====================
D/DataSource_M3U8(  744): 
D/DataSource_M3U8(  744): 
D/dalvikvm( 1505): GC_CONCURRENT freed 488K, 77% free 1421K/6019K, paused 1ms+1ms
D/DataSource_M3U8(  744): 
D/DataSource_M3U8(  744):  connect Server :cibn-iss1.longvisionmedia.com
D/DataSource_M3U8(  744): parseM3U8 .......!
D/DataSource_M3U8(  744): 
D/DataSource_M3U8(  744):  do not update  mediaSequence : 0   url = http://cibn-iss1.longvisionmedia.com:8088/vod/CIBN2013_CIBN2013040100011728_1200.m3u8   
D/DataSource_M3U8(  744): [M3U8] file: NULL line 
D/DataSource_M3U8(  744): HLS=====>> Live Stream!!!!
D/dalvikvm( 1505): GC_CONCURRENT freed 506K, 79% free 1299K/6019K, paused 0ms+1ms
D/dalvikvm( 1505): GC_CONCURRENT freed 386K, 79% free 1303K/6019K, paused 0ms+2ms
D/dalvikvm( 1505): GC_CONCURRENT freed 394K, 79% free 1301K/6019K, paused 1ms+1ms
D/DataSource_M3U8(  744): 
D/DataSource_M3U8(  744): 
D/DataSource_M3U8(  744): 
D/DataSource_M3U8(  744): ============Begin to get playlist !!=====================
D/DataSource_M3U8(  744): 
D/DataSource_M3U8(  744): 
D/dalvikvm( 1505): GC_CONCURRENT freed 392K, 78% free 1369K/6019K, paused 1ms+1ms
D/DataSource_M3U8(  744): 
D/DataSource_M3U8(  744):  connect Server :cibn-iss1.longvisionmedia.com
D/DataSource_M3U8(  744): parseM3U8 .......!
D/DataSource_M3U8(  744): 
D/DataSource_M3U8(  744):  do not update  mediaSequence : 0   url = http://cibn-iss1.longvisionmedia.com:8088/vod/CIBN2013_CIBN2013040100011728_1200.m3u8   
D/DataSource_M3U8(  744): [M3U8] file: NULL line 
D/DataSource_M3U8(  744): HLS=====>> Live Stream!!!!
D/dalvikvm( 1505): GC_CONCURRENT freed 447K, 77% free 1399K/6019K, paused 1ms+1ms
D/dalvikvm( 1505): GC_CONCURRENT freed 475K, 79% free 1320K/6019K, paused 1ms+1ms
D/dalvikvm( 1505): GC_CONCURRENT freed 405K, 79% free 1303K/6019K, paused 1ms+1ms
D/DataSource_M3U8(  744): 
D/DataSource_M3U8(  744): 
D/DataSource_M3U8(  744): 
D/DataSource_M3U8(  744): ============Begin to get playlist !!=====================
D/DataSource_M3U8(  744): 
D/DataSource_M3U8(  744): 
D/DataSource_M3U8(  744): 
D/DataSource_M3U8(  744):  connect Server :cibn-iss1.longvisionmedia.com
D/DataSource_M3U8(  744): parseM3U8 .......!
D/DataSource_M3U8(  744): 
D/DataSource_M3U8(  744):  do not update  mediaSequence : 0   url = http://cibn-iss1.longvisionmedia.com:8088/vod/CIBN2013_CIBN2013040100011728_1200.m3u8   
D/DataSource_M3U8(  744): [M3U8] file: NULL line 
D/DataSource_M3U8(  744): HLS=====>> Live Stream!!!!
D/DataSource_M3U8(  744): 
D/DataSource_M3U8(  744): 
D/DataSource_M3U8(  744): 
D/DataSource_M3U8(  744): ============Begin to get playlist !!=====================
D/DataSource_M3U8(  744): 
D/DataSource_M3U8(  744): 
D/DataSource_M3U8(  744): 
D/DataSource_M3U8(  744):  connect Server :cibn-iss1.longvisionmedia.com
D/DataSource_M3U8(  744): parseM3U8 .......!
D/DataSource_M3U8(  744): 
D/DataSource_M3U8(  744):  do not update  mediaSequence : 0   url = http://cibn-iss1.longvisionmedia.com:8088/vod/CIBN2013_CIBN2013040100011728_1200.m3u8   
D/DataSource_M3U8(  744): [M3U8] file: NULL line 
D/DataSource_M3U8(  744): HLS=====>> Live Stream!!!!
D/DataSource_M3U8(  744): 
D/DataSource_M3U8(  744): 
D/DataSource_M3U8(  744): 
D/DataSource_M3U8(  744): ============Begin to get playlist !!=====================
D/DataSource_M3U8(  744): 
D/DataSource_M3U8(  744): 
D/DataSource_M3U8(  744): 
D/DataSource_M3U8(  744):  connect Server :cibn-iss1.longvisionmedia.com
D/DataSource_M3U8(  744): parseM3U8 .......!
D/DataSource_M3U8(  744): 
D/DataSource_M3U8(  744):  do not update  mediaSequence : 0   url = http://cibn-iss1.longvisionmedia.com:8088/vod/CIBN2013_CIBN2013040100011728_1200.m3u8   
D/DataSource_M3U8(  744): [M3U8] file: NULL line 
D/DataSource_M3U8(  744): HLS=====>> Live Stream!!!!
D/dalvikvm( 1505): GC_CONCURRENT freed 395K, 77% free 1410K/6019K, paused 1ms+1ms
D/DataSource_M3U8(  744): 
D/DataSource_M3U8(  744): 
D/DataSource_M3U8(  744): 
D/DataSource_M3U8(  744): ============Begin to get playlist !!=====================
D/DataSource_M3U8(  744): 
D/DataSource_M3U8(  744): 
D/dalvikvm( 1505): GC_CONCURRENT freed 487K, 77% free 1412K/6019K, paused 1ms+1ms
D/DataSource_M3U8(  744): 
D/DataSource_M3U8(  744):  connect Server :cibn-iss1.longvisionmedia.com
D/DataSource_M3U8(  744): parseM3U8 .......!
D/DataSource_M3U8(  744): 
D/DataSource_M3U8(  744):  do not update  mediaSequence : 0   url = http://cibn-iss1.longvisionmedia.com:8088/vod/CIBN2013_CIBN2013040100011728_1200.m3u8   
D/DataSource_M3U8(  744): [M3U8] file: NULL line 
D/DataSource_M3U8(  744): HLS=====>> Live Stream!!!!
D/dalvikvm( 1505): GC_CONCURRENT freed 507K, 79% free 1303K/6019K, paused 0ms+1ms
D/DataSource_M3U8(  744): 
D/DataSource_M3U8(  744): 
D/DataSource_M3U8(  744): 
D/DataSource_M3U8(  744): ============Begin to get playlist !!=====================
D/DataSource_M3U8(  744): 
D/DataSource_M3U8(  744): 
D/DataSource_M3U8(  744): 
D/DataSource_M3U8(  744):  connect Server :cibn-iss1.longvisionmedia.com
D/DataSource_M3U8(  744): parseM3U8 .......!
D/DataSource_M3U8(  744): 
D/DataSource_M3U8(  744):  do not update  mediaSequence : 0   url = http://cibn-iss1.longvisionmedia.com:8088/vod/CIBN2013_CIBN2013040100011728_1200.m3u8   
D/DataSource_M3U8(  744): [M3U8] file: NULL line 
D/DataSource_M3U8(  744): HLS=====>> Live Stream!!!!
D/dalvikvm( 1505): GC_CONCURRENT freed 394K, 78% free 1367K/6019K, paused 4ms+1ms
D/HomePlayerLib( 1505): hostaddress count is 1
D/dalvikvm( 1505): GC_CONCURRENT freed 457K, 77% free 1408K/6019K, paused 1ms+1ms
D/dalvikvm( 1505): GC_CONCURRENT freed 503K, 79% free 1288K/6019K, paused 1ms+0ms
D/dalvikvm( 1505): GC_CONCURRENT freed 374K, 77% free 1425K/6019K, paused 1ms+1ms
D/dalvikvm( 1505): GC_CONCURRENT freed 504K, 79% free 1315K/6019K, paused 0ms+1ms
D/dalvikvm( 1505): GC_CONCURRENT freed 405K, 79% free 1318K/6019K, paused 1ms+1ms
D/DataSource_M3U8(  744): 
D/DataSource_M3U8(  744): 
D/DataSource_M3U8(  744): 
D/DataSource_M3U8(  744): ============Begin to get playlist !!=====================
D/DataSource_M3U8(  744): 
D/DataSource_M3U8(  744): 
D/dalvikvm( 1505): GC_CONCURRENT freed 389K, 76% free 1455K/6019K, paused 1ms+0ms
D/DataSource_M3U8(  744): 
D/DataSource_M3U8(  744):  connect Server :cibn-iss1.longvisionmedia.com
D/DataSource_M3U8(  744): parseM3U8 .......!
D/DataSource_M3U8(  744): 
D/DataSource_M3U8(  744):  do not update  mediaSequence : 0   url = http://cibn-iss1.longvisionmedia.com:8088/vod/CIBN2013_CIBN2013040100011728_1200.m3u8   
D/DataSource_M3U8(  744): [M3U8] file: NULL line 
D/DataSource_M3U8(  744): HLS=====>> Live Stream!!!!
D/dalvikvm( 1505): GC_CONCURRENT freed 543K, 79% free 1307K/6019K, paused 1ms+1ms
D/dalvikvm( 1505): GC_CONCURRENT freed 389K, 79% free 1305K/6019K, paused 1ms+1ms
D/dalvikvm( 1505): GC_CONCURRENT freed 375K, 78% free 1381K/6019K, paused 0ms+1ms
D/dalvikvm( 1505): GC_CONCURRENT freed 453K, 77% free 1436K/6019K, paused 1ms+1ms
D/DataSource_M3U8(  744): 
D/DataSource_M3U8(  744): 
D/DataSource_M3U8(  744): 
D/DataSource_M3U8(  744): ============Begin to get playlist !!=====================
D/DataSource_M3U8(  744): 
D/DataSource_M3U8(  744): 
D/dalvikvm( 1505): GC_CONCURRENT freed 500K, 78% free 1348K/6019K, paused 1ms+1ms
D/DataSource_M3U8(  744): 
D/DataSource_M3U8(  744):  connect Server :cibn-iss1.longvisionmedia.com
D/DataSource_M3U8(  744): parseM3U8 .......!
D/DataSource_M3U8(  744): 
D/DataSource_M3U8(  744):  do not update  mediaSequence : 0   url = http://cibn-iss1.longvisionmedia.com:8088/vod/CIBN2013_CIBN2013040100011728_1200.m3u8   
D/DataSource_M3U8(  744): [M3U8] file: NULL line 
D/DataSource_M3U8(  744): HLS=====>> Live Stream!!!!
D/dalvikvm( 1505): GC_CONCURRENT freed 410K, 78% free 1331K/6019K, paused 1ms+1ms
D/dalvikvm( 1505): GC_CONCURRENT freed 394K, 78% free 1331K/6019K, paused 1ms+1ms
D/dalvikvm( 1505): GC_CONCURRENT freed 394K, 78% free 1332K/6019K, paused 1ms+1ms
D/dalvikvm( 1505): GC_CONCURRENT freed 394K, 78% free 1332K/6019K, paused 1ms+1ms
D/DataSource_M3U8(  744): 
D/DataSource_M3U8(  744): 
D/DataSource_M3U8(  744): 
D/DataSource_M3U8(  744): ============Begin to get playlist !!=====================
D/DataSource_M3U8(  744): 
D/DataSource_M3U8(  744): 
D/dalvikvm( 1505): GC_CONCURRENT freed 394K, 78% free 1333K/6019K, paused 1ms+1ms
D/DataSource_M3U8(  744): 
D/DataSource_M3U8(  744):  connect Server :cibn-iss1.longvisionmedia.com
D/DataSource_M3U8(  744): parseM3U8 .......!
D/DataSource_M3U8(  744): 
D/DataSource_M3U8(  744):  do not update  mediaSequence : 0   url = http://cibn-iss1.longvisionmedia.com:8088/vod/CIBN2013_CIBN2013040100011728_1200.m3u8   
D/DataSource_M3U8(  744): [M3U8] file: NULL line 
D/DataSource_M3U8(  744): HLS=====>> Live Stream!!!!
D/DataSource_M3U8(  744): 
D/DataSource_M3U8(  744): 
D/DataSource_M3U8(  744): 
D/DataSource_M3U8(  744): ============Begin to get playlist !!=====================
D/DataSource_M3U8(  744): 
D/DataSource_M3U8(  744): 
D/DataSource_M3U8(  744): 
D/DataSource_M3U8(  744):  connect Server :cibn-iss1.longvisionmedia.com
D/DataSource_M3U8(  744): parseM3U8 .......!
D/DataSource_M3U8(  744): 
D/DataSource_M3U8(  744):  do not update  mediaSequence : 0   url = http://cibn-iss1.longvisionmedia.com:8088/vod/CIBN2013_CIBN2013040100011728_1200.m3u8   
D/DataSource_M3U8(  744): [M3U8] file: NULL line 
D/DataSource_M3U8(  744): HLS=====>> Live Stream!!!!
D/DataSource_M3U8(  744): 
D/DataSource_M3U8(  744): 
D/DataSource_M3U8(  744): 
D/DataSource_M3U8(  744): ============Begin to get playlist !!=====================
D/DataSource_M3U8(  744): 
D/DataSource_M3U8(  744): 
D/DataSource_M3U8(  744): 
D/DataSource_M3U8(  744):  connect Server :cibn-iss1.longvisionmedia.com
D/DataSource_M3U8(  744): parseM3U8 .......!
D/DataSource_M3U8(  744): 
D/DataSource_M3U8(  744):  do not update  mediaSequence : 0   url = http://cibn-iss1.longvisionmedia.com:8088/vod/CIBN2013_CIBN2013040100011728_1200.m3u8   
D/DataSource_M3U8(  744): [M3U8] file: NULL line 
D/DataSource_M3U8(  744): HLS=====>> Live Stream!!!!
D/DataSource_M3U8(  744): 
D/DataSource_M3U8(  744): 
D/DataSource_M3U8(  744): 
D/DataSource_M3U8(  744): ============Begin to get playlist !!=====================
D/DataSource_M3U8(  744): 
D/DataSource_M3U8(  744): 
D/DataSource_M3U8(  744): 
D/DataSource_M3U8(  744):  connect Server :cibn-iss1.longvisionmedia.com
D/DataSource_M3U8(  744): parseM3U8 .......!
D/DataSource_M3U8(  744): 
D/DataSource_M3U8(  744):  do not update  mediaSequence : 0   url = http://cibn-iss1.longvisionmedia.com:8088/vod/CIBN2013_CIBN2013040100011728_1200.m3u8   
D/DataSource_M3U8(  744): [M3U8] file: NULL line 
D/DataSource_M3U8(  744): HLS=====>> Live Stream!!!!
D/DataSource_M3U8(  744): 
D/DataSource_M3U8(  744): 
D/DataSource_M3U8(  744): 
D/DataSource_M3U8(  744): ============Begin to get playlist !!=====================
D/DataSource_M3U8(  744): 
D/DataSource_M3U8(  744): 
D/DataSource_M3U8(  744): 
D/DataSource_M3U8(  744):  Warnig:: No Enough data in buffer...
I//lib/ld-linux.so.3(  748): Blocking Read: 30020, size: 0x0.
D/DataSource_M3U8(  744): 
D/DataSource_M3U8(  744):  connect Server :cibn-iss1.longvisionmedia.com
D/DataSource_M3U8(  744): parseM3U8 .......!
D/DataSource_M3U8(  744): 
D/DataSource_M3U8(  744):  do not update  mediaSequence : 0   url = http://cibn-iss1.longvisionmedia.com:8088/vod/CIBN2013_CIBN2013040100011728_1200.m3u8   
D/DataSource_M3U8(  744): [M3U8] file: NULL line 
D/DataSource_M3U8(  744): HLS=====>> Live Stream!!!!
D/dalvikvm( 1505): GC_CONCURRENT freed 392K, 78% free 1333K/6019K, paused 1ms+2ms
D/dalvikvm( 1505): GC_CONCURRENT freed 392K, 78% free 1338K/6019K, paused 1ms+1ms
D/DataSource_M3U8(  744): 
D/DataSource_M3U8(  744): 
D/DataSource_M3U8(  744): 
D/DataSource_M3U8(  744): ============Begin to get playlist !!=====================
D/DataSource_M3U8(  744): 
D/DataSource_M3U8(  744): 
D/dalvikvm( 1505): GC_CONCURRENT freed 402K, 79% free 1320K/6019K, paused 1ms+1ms
D/dalvikvm( 1505): GC_CONCURRENT freed 396K, 78% free 1328K/6019K, paused 1ms+1ms
D/DataSource_M3U8(  744): 
D/DataSource_M3U8(  744):  connect Server :cibn-iss1.longvisionmedia.com
D/DataSource_M3U8(  744): parseM3U8 .......!
D/DataSource_M3U8(  744): 
D/DataSource_M3U8(  744):  do not update  mediaSequence : 0   url = http://cibn-iss1.longvisionmedia.com:8088/vod/CIBN2013_CIBN2013040100011728_1200.m3u8   
D/DataSource_M3U8(  744): [M3U8] file: NULL line 
D/DataSource_M3U8(  744): HLS=====>> Live Stream!!!!
D/dalvikvm( 1505): GC_CONCURRENT freed 413K, 79% free 1302K/6019K, paused 1ms+1ms
D/dalvikvm( 1505): GC_CONCURRENT freed 395K, 77% free 1416K/6019K, paused 0ms+1ms
D/dalvikvm( 1505): GC_CONCURRENT freed 488K, 78% free 1361K/6019K, paused 1ms+1ms
D/DataSource_M3U8(  744): 
D/DataSource_M3U8(  744): 
D/DataSource_M3U8(  744): 
D/DataSource_M3U8(  744): ============Begin to get playlist !!=====================
D/DataSource_M3U8(  744): 
D/DataSource_M3U8(  744): 
D/dalvikvm( 1505): GC_CONCURRENT freed 444K, 79% free 1303K/6019K, paused 1ms+1ms
D/DataSource_M3U8(  744): 
D/DataSource_M3U8(  744):  connect Server :cibn-iss1.longvisionmedia.com
D/DataSource_M3U8(  744): parseM3U8 .......!
D/DataSource_M3U8(  744): 
D/DataSource_M3U8(  744):  do not update  mediaSequence : 0   url = http://cibn-iss1.longvisionmedia.com:8088/vod/CIBN2013_CIBN2013040100011728_1200.m3u8   
D/DataSource_M3U8(  744): [M3U8] file: NULL line 
D/DataSource_M3U8(  744): HLS=====>> Live Stream!!!!
D/dalvikvm( 1505): GC_CONCURRENT freed 395K, 79% free 1300K/6019K, paused 1ms+2ms
D/dalvikvm( 1505): GC_CONCURRENT freed 393K, 78% free 1326K/6019K, paused 1ms+1ms
D/dalvikvm( 1505): GC_CONCURRENT freed 407K, 79% free 1314K/6019K, paused 1ms+1ms
D/DataSource_M3U8(  744): 
D/DataSource_M3U8(  744): 
D/DataSource_M3U8(  744): 
D/DataSource_M3U8(  744): ============Begin to get playlist !!=====================
D/DataSource_M3U8(  744): 
D/DataSource_M3U8(  744): 
D/DataSource_M3U8(  744): 
D/DataSource_M3U8(  744):  connect Server :cibn-iss1.longvisionmedia.com
D/DataSource_M3U8(  744): parseM3U8 .......!
D/DataSource_M3U8(  744): 
D/DataSource_M3U8(  744):  do not update  mediaSequence : 0   url = http://cibn-iss1.longvisionmedia.com:8088/vod/CIBN2013_CIBN2013040100011728_1200.m3u8   
D/DataSource_M3U8(  744): [M3U8] file: NULL line 
D/DataSource_M3U8(  744): HLS=====>> Live Stream!!!!
D/CheckNetWork( 1752): isOk true
D/CheckNetWork( 1752): ActInfoNetworkInfo: type: WIFI[], state: CONNECTED/CONNECTED, reason: (unspecified), extra: (none), roaming: false, failover: false, isAvailable: true
D/CheckNetWork( 1752): infoNetworkInfo: type: WIFI[], state: CONNECTED/CONNECTED, reason: (unspecified), extra: (none), roaming: false, failover: false, isAvailable: true
D/dalvikvm( 1505): GC_CONCURRENT freed 394K, 79% free 1314K/6019K, paused 1ms+1ms
D/DataSource_M3U8(  744): 
D/DataSource_M3U8(  744): 
D/DataSource_M3U8(  744): 
D/DataSource_M3U8(  744): ============Begin to get playlist !!=====================
D/DataSource_M3U8(  744): 
D/DataSource_M3U8(  744): 
D/DataSource_M3U8(  744): 
D/DataSource_M3U8(  744):  connect Server :cibn-iss1.longvisionmedia.com
D/DataSource_M3U8(  744): parseM3U8 .......!
D/DataSource_M3U8(  744): 
D/DataSource_M3U8(  744):  do not update  mediaSequence : 0   url = http://cibn-iss1.longvisionmedia.com:8088/vod/CIBN2013_CIBN2013040100011728_1200.m3u8   
D/DataSource_M3U8(  744): [M3U8] file: NULL line 
D/DataSource_M3U8(  744): HLS=====>> Live Stream!!!!
D/DataSource_M3U8(  744): 
D/DataSource_M3U8(  744): 
D/DataSource_M3U8(  744): 
D/DataSource_M3U8(  744): ============Begin to get playlist !!=====================
D/DataSource_M3U8(  744): 
D/DataSource_M3U8(  744): 
D/DataSource_M3U8(  744): 
D/DataSource_M3U8(  744):  connect Server :cibn-iss1.longvisionmedia.com
D/DataSource_M3U8(  744): parseM3U8 .......!
D/DataSource_M3U8(  744): 
D/DataSource_M3U8(  744):  do not update  mediaSequence : 0   url = http://cibn-iss1.longvisionmedia.com:8088/vod/CIBN2013_CIBN2013040100011728_1200.m3u8   
D/DataSource_M3U8(  744): [M3U8] file: NULL line 
D/DataSource_M3U8(  744): HLS=====>> Live Stream!!!!
D/DataSource_M3U8(  744): 
D/DataSource_M3U8(  744): 
D/DataSource_M3U8(  744): 
D/DataSource_M3U8(  744): ============Begin to get playlist !!=====================
D/DataSource_M3U8(  744): 
D/DataSource_M3U8(  744): 
D/DataSource_M3U8(  744): 
D/DataSource_M3U8(  744):  connect Server :cibn-iss1.longvisionmedia.com
D/DataSource_M3U8(  744): parseM3U8 .......!
D/DataSource_M3U8(  744): 
D/DataSource_M3U8(  744):  do not update  mediaSequence : 0   url = http://cibn-iss1.longvisionmedia.com:8088/vod/CIBN2013_CIBN2013040100011728_1200.m3u8   
D/DataSource_M3U8(  744): [M3U8] file: NULL line 
D/DataSource_M3U8(  744): HLS=====>> Live Stream!!!!
D/DataSource_M3U8(  744): 
D/DataSource_M3U8(  744): 
D/DataSource_M3U8(  744): 
D/DataSource_M3U8(  744): ============Begin to get playlist !!=====================
D/DataSource_M3U8(  744): 
D/DataSource_M3U8(  744): 
D/DataSource_M3U8(  744): 
D/DataSource_M3U8(  744):  connect Server :cibn-iss1.longvisionmedia.com
D/DataSource_M3U8(  744): parseM3U8 .......!
D/DataSource_M3U8(  744): 
D/DataSource_M3U8(  744):  do not update  mediaSequence : 0   url = http://cibn-iss1.longvisionmedia.com:8088/vod/CIBN2013_CIBN2013040100011728_1200.m3u8   
D/DataSource_M3U8(  744): [M3U8] file: NULL line 
D/DataSource_M3U8(  744): HLS=====>> Live Stream!!!!
D/DataSource_M3U8(  744): 
D/DataSource_M3U8(  744): 
D/DataSource_M3U8(  744): 
D/DataSource_M3U8(  744): ============Begin to get playlist !!=====================
D/DataSource_M3U8(  744): 
D/DataSource_M3U8(  744): 
D/dalvikvm( 1505): GC_CONCURRENT freed 404K, 79% free 1308K/6019K, paused 1ms+1ms
D/HomePlayerLib( 1505): hostaddress count is 1
D/dalvikvm( 1505): GC_CONCURRENT freed 387K, 79% free 1312K/6019K, paused 1ms+1ms
D/dalvikvm( 1505): GC_CONCURRENT freed 400K, 79% free 1311K/6019K, paused 1ms+1ms
D/DataSource_M3U8(  744): 
D/DataSource_M3U8(  744):  connect Server :cibn-iss1.longvisionmedia.com
D/DataSource_M3U8(  744): parseM3U8 .......!
D/DataSource_M3U8(  744): 
D/DataSource_M3U8(  744):  do not update  mediaSequence : 0   url = http://cibn-iss1.longvisionmedia.com:8088/vod/CIBN2013_CIBN2013040100011728_1200.m3u8   
D/DataSource_M3U8(  744): [M3U8] file: NULL line 
D/DataSource_M3U8(  744): HLS=====>> Live Stream!!!!
D/dalvikvm( 1505): GC_CONCURRENT freed 402K, 79% free 1318K/6019K, paused 1ms+1ms
D/dalvikvm( 1505): GC_CONCURRENT freed 393K, 78% free 1357K/6019K, paused 1ms+1ms
D/dalvikvm( 1505): GC_CONCURRENT freed 431K, 77% free 1425K/6019K, paused 1ms+1ms
D/dalvikvm( 1505): GC_CONCURRENT freed 515K, 78% free 1343K/6019K, paused 1ms+2ms
D/dalvikvm( 1505): GC_CONCURRENT freed 416K, 79% free 1318K/6019K, paused 1ms+1ms
D/DataSource_M3U8(  744): 
D/DataSource_M3U8(  744): 
D/DataSource_M3U8(  744): 
D/DataSource_M3U8(  744): ============Begin to get playlist !!=====================
D/DataSource_M3U8(  744): 
D/DataSource_M3U8(  744): 
D/DataSource_M3U8(  744): 
D/DataSource_M3U8(  744):  connect Server :cibn-iss1.longvisionmedia.com
D/DataSource_M3U8(  744): parseM3U8 .......!
D/DataSource_M3U8(  744): 
D/DataSource_M3U8(  744):  do not update  mediaSequence : 0   url = http://cibn-iss1.longvisionmedia.com:8088/vod/CIBN2013_CIBN2013040100011728_1200.m3u8   
D/DataSource_M3U8(  744): [M3U8] file: NULL line 
D/DataSource_M3U8(  744): HLS=====>> Live Stream!!!!
D/dalvikvm( 1505): GC_CONCURRENT freed 406K, 77% free 1399K/6019K, paused 1ms+1ms
D/dalvikvm( 1505): GC_CONCURRENT freed 469K, 77% free 1418K/6019K, paused 1ms+2ms
D/dalvikvm( 1505): GC_CONCURRENT freed 477K, 77% free 1416K/6019K, paused 0ms+1ms
D/dalvikvm( 1505): GC_CONCURRENT freed 475K, 78% free 1333K/6019K, paused 1ms+1ms
D/DataSource_M3U8(  744): 
D/DataSource_M3U8(  744): 
D/DataSource_M3U8(  744): 
D/DataSource_M3U8(  744): ============Begin to get playlist !!=====================
D/DataSource_M3U8(  744): 
D/DataSource_M3U8(  744): 
D/dalvikvm( 1505): GC_CONCURRENT freed 405K, 78% free 1330K/6019K, paused 1ms+1ms
D/DataSource_M3U8(  744): 
D/DataSource_M3U8(  744):  connect Server :cibn-iss1.longvisionmedia.com
D/DataSource_M3U8(  744): parseM3U8 .......!
D/DataSource_M3U8(  744): 
D/DataSource_M3U8(  744):  do not update  mediaSequence : 0   url = http://cibn-iss1.longvisionmedia.com:8088/vod/CIBN2013_CIBN2013040100011728_1200.m3u8   
D/DataSource_M3U8(  744): [M3U8] file: NULL line 
D/DataSource_M3U8(  744): HLS=====>> Live Stream!!!!
D/dalvikvm( 1505): GC_CONCURRENT freed 397K, 78% free 1328K/6019K, paused 1ms+2ms
D/dalvikvm( 1505): GC_CONCURRENT freed 394K, 78% free 1345K/6019K, paused 1ms+3ms
D/DataSource_M3U8(  744): 
D/DataSource_M3U8(  744): 
D/DataSource_M3U8(  744): 
D/DataSource_M3U8(  744): ============Begin to get playlist !!=====================
D/DataSource_M3U8(  744): 
D/DataSource_M3U8(  744): 
D/DataSource_M3U8(  744): 
D/DataSource_M3U8(  744):  connect Server :cibn-iss1.longvisionmedia.com
D/DataSource_M3U8(  744): parseM3U8 .......!
D/DataSource_M3U8(  744): 
D/DataSource_M3U8(  744):  do not update  mediaSequence : 0   url = http://cibn-iss1.longvisionmedia.com:8088/vod/CIBN2013_CIBN2013040100011728_1200.m3u8   
D/DataSource_M3U8(  744): [M3U8] file: NULL line 
D/DataSource_M3U8(  744): HLS=====>> Live Stream!!!!
D/DataSource_M3U8(  744): 
D/DataSource_M3U8(  744): 
D/DataSource_M3U8(  744): 
D/DataSource_M3U8(  744): ============Begin to get playlist !!=====================
D/DataSource_M3U8(  744): 
D/DataSource_M3U8(  744): 
D/DataSource_M3U8(  744): 
D/DataSource_M3U8(  744):  connect Server :cibn-iss1.longvisionmedia.com
D/DataSource_M3U8(  744): parseM3U8 .......!
D/DataSource_M3U8(  744): 
D/DataSource_M3U8(  744):  do not update  mediaSequence : 0   url = http://cibn-iss1.longvisionmedia.com:8088/vod/CIBN2013_CIBN2013040100011728_1200.m3u8   
D/DataSource_M3U8(  744): [M3U8] file: NULL line 
D/DataSource_M3U8(  744): HLS=====>> Live Stream!!!!
D/DataSource_M3U8(  744): 
D/DataSource_M3U8(  744): 
D/DataSource_M3U8(  744): 
D/DataSource_M3U8(  744): ============Begin to get playlist !!=====================
D/DataSource_M3U8(  744): 
D/DataSource_M3U8(  744): 
D/DataSource_M3U8(  744): 
D/DataSource_M3U8(  744):  connect Server :cibn-iss1.longvisionmedia.com
D/DataSource_M3U8(  744): parseM3U8 .......!
D/DataSource_M3U8(  744): 
D/DataSource_M3U8(  744):  do not update  mediaSequence : 0   url = http://cibn-iss1.longvisionmedia.com:8088/vod/CIBN2013_CIBN2013040100011728_1200.m3u8   
D/DataSource_M3U8(  744): [M3U8] file: NULL line 
D/DataSource_M3U8(  744): HLS=====>> Live Stream!!!!
D/DataSource_M3U8(  744): 
D/DataSource_M3U8(  744): 
D/DataSource_M3U8(  744): 
D/DataSource_M3U8(  744): ============Begin to get playlist !!=====================
D/DataSource_M3U8(  744): 
D/DataSource_M3U8(  744): 
D/DataSource_M3U8(  744): 
D/DataSource_M3U8(  744):  connect Server :cibn-iss1.longvisionmedia.com
D/DataSource_M3U8(  744): parseM3U8 .......!
D/DataSource_M3U8(  744): 
D/DataSource_M3U8(  744):  do not update  mediaSequence : 0   url = http://cibn-iss1.longvisionmedia.com:8088/vod/CIBN2013_CIBN2013040100011728_1200.m3u8   
D/DataSource_M3U8(  744): [M3U8] file: NULL line 
D/DataSource_M3U8(  744): HLS=====>> Live Stream!!!!
D/DataSource_M3U8(  744): ----------UpdatePlaylistThread runing... 
D/DataSource_M3U8(  744): 
D/DataSource_M3U8(  744): 
D/DataSource_M3U8(  744): 
D/DataSource_M3U8(  744): ============Begin to get playlist !!=====================
D/DataSource_M3U8(  744): 
D/DataSource_M3U8(  744): 
D/DataSource_M3U8(  744): 
D/DataSource_M3U8(  744):  connect Server :cibn-iss1.longvisionmedia.com
D/DataSource_M3U8(  744): parseM3U8 .......!
D/DataSource_M3U8(  744): 
D/DataSource_M3U8(  744):  do not update  mediaSequence : 0   url = http://cibn-iss1.longvisionmedia.com:8088/vod/CIBN2013_CIBN2013040100011728_1200.m3u8   
D/DataSource_M3U8(  744): [M3U8] file: NULL line 
D/DataSource_M3U8(  744): HLS=====>> Live Stream!!!!
D/DataSource_M3U8(  744): 
D/DataSource_M3U8(  744): 
D/DataSource_M3U8(  744): 
D/DataSource_M3U8(  744): ============Begin to get playlist !!=====================
D/DataSource_M3U8(  744): 
D/DataSource_M3U8(  744): 
D/DataSource_M3U8(  744): 
D/DataSource_M3U8(  744):  connect Server :cibn-iss1.longvisionmedia.com
D/DataSource_M3U8(  744): parseM3U8 .......!
D/DataSource_M3U8(  744): 
D/DataSource_M3U8(  744):  do not update  mediaSequence : 0   url = http://cibn-iss1.longvisionmedia.com:8088/vod/CIBN2013_CIBN2013040100011728_1200.m3u8   
D/DataSource_M3U8(  744): [M3U8] file: NULL line 
D/DataSource_M3U8(  744): HLS=====>> Live Stream!!!!
D/dalvikvm( 1505): GC_CONCURRENT freed 424K, 77% free 1421K/6019K, paused 1ms+1ms
D/dalvikvm( 1505): GC_CONCURRENT freed 503K, 78% free 1328K/6019K, paused 1ms+1ms
D/DataSource_M3U8(  744): 
D/DataSource_M3U8(  744): 
D/DataSource_M3U8(  744): 
D/DataSource_M3U8(  744): ============Begin to get playlist !!=====================
D/DataSource_M3U8(  744): 
D/DataSource_M3U8(  744): 
D/dalvikvm( 1505): GC_CONCURRENT freed 418K, 77% free 1385K/6019K, paused 1ms+1ms
D/DataSource_M3U8(  744): 
D/DataSource_M3U8(  744):  connect Server :cibn-iss1.longvisionmedia.com
D/DataSource_M3U8(  744): parseM3U8 .......!
D/DataSource_M3U8(  744): 
D/DataSource_M3U8(  744):  do not update  mediaSequence : 0   url = http://cibn-iss1.longvisionmedia.com:8088/vod/CIBN2013_CIBN2013040100011728_1200.m3u8   
D/DataSource_M3U8(  744): [M3U8] file: NULL line 
D/DataSource_M3U8(  744): HLS=====>> Live Stream!!!!
D/DataSource_M3U8(  744): 
D/DataSource_M3U8(  744): 
D/DataSource_M3U8(  744): 
D/DataSource_M3U8(  744): ============Begin to get playlist !!=====================
D/DataSource_M3U8(  744): 
D/DataSource_M3U8(  744): 
D/DataSource_M3U8(  744): 
D/DataSource_M3U8(  744):  connect Server :cibn-iss1.longvisionmedia.com
D/DataSource_M3U8(  744): parseM3U8 .......!
D/DataSource_M3U8(  744): 
D/DataSource_M3U8(  744):  do not update  mediaSequence : 0   url = http://cibn-iss1.longvisionmedia.com:8088/vod/CIBN2013_CIBN2013040100011728_1200.m3u8   
D/DataSource_M3U8(  744): [M3U8] file: NULL line 
D/DataSource_M3U8(  744): HLS=====>> Live Stream!!!!
D/DataSource_M3U8(  744): 
D/DataSource_M3U8(  744): 
D/DataSource_M3U8(  744): 
D/DataSource_M3U8(  744): ============Begin to get playlist !!=====================
D/DataSource_M3U8(  744): 
D/DataSource_M3U8(  744): 
D/DataSource_M3U8(  744): 
D/DataSource_M3U8(  744):  connect Server :cibn-iss1.longvisionmedia.com
D/DataSource_M3U8(  744): parseM3U8 .......!
D/DataSource_M3U8(  744): 
D/DataSource_M3U8(  744):  do not update  mediaSequence : 0   url = http://cibn-iss1.longvisionmedia.com:8088/vod/CIBN2013_CIBN2013040100011728_1200.m3u8   
D/DataSource_M3U8(  744): [M3U8] file: NULL line 
D/DataSource_M3U8(  744): HLS=====>> Live Stream!!!!
D/DataSource_M3U8(  744): 
D/DataSource_M3U8(  744): 
D/DataSource_M3U8(  744): 
D/DataSource_M3U8(  744): ============Begin to get playlist !!=====================
D/DataSource_M3U8(  744): 
D/DataSource_M3U8(  744): 
D/dalvikvm( 1505): GC_CONCURRENT freed 473K, 79% free 1312K/6019K, paused 1ms+1ms
D/DataSource_M3U8(  744): 
D/DataSource_M3U8(  744):  connect Server :cibn-iss1.longvisionmedia.com
D/DataSource_M3U8(  744): parseM3U8 .......!
D/DataSource_M3U8(  744): 
D/DataSource_M3U8(  744):  do not update  mediaSequence : 0   url = http://cibn-iss1.longvisionmedia.com:8088/vod/CIBN2013_CIBN2013040100011728_1200.m3u8   
D/DataSource_M3U8(  744): [M3U8] file: NULL line 
D/DataSource_M3U8(  744): HLS=====>> Live Stream!!!!
D/DataSource_M3U8(  744): 
D/DataSource_M3U8(  744): 
D/DataSource_M3U8(  744): 
D/DataSource_M3U8(  744): ============Begin to get playlist !!=====================
D/DataSource_M3U8(  744): 
D/DataSource_M3U8(  744): 
D/DataSource_M3U8(  744): 
D/DataSource_M3U8(  744):  connect Server :cibn-iss1.longvisionmedia.com
D/DataSource_M3U8(  744): parseM3U8 .......!
D/DataSource_M3U8(  744): 
D/DataSource_M3U8(  744):  do not update  mediaSequence : 0   url = http://cibn-iss1.longvisionmedia.com:8088/vod/CIBN2013_CIBN2013040100011728_1200.m3u8   
D/DataSource_M3U8(  744): [M3U8] file: NULL line 
D/DataSource_M3U8(  744): HLS=====>> Live Stream!!!!
D/DataSource_M3U8(  744): 
D/DataSource_M3U8(  744): 
D/DataSource_M3U8(  744): 
D/DataSource_M3U8(  744): ============Begin to get playlist !!=====================
D/DataSource_M3U8(  744): 
D/DataSource_M3U8(  744): 
D/DataSource_M3U8(  744): 
D/DataSource_M3U8(  744):  connect Server :cibn-iss1.longvisionmedia.com
D/DataSource_M3U8(  744): parseM3U8 .......!
D/DataSource_M3U8(  744): 
D/DataSource_M3U8(  744):  do not update  mediaSequence : 0   url = http://cibn-iss1.longvisionmedia.com:8088/vod/CIBN2013_CIBN2013040100011728_1200.m3u8   
D/DataSource_M3U8(  744): [M3U8] file: NULL line 
D/DataSource_M3U8(  744): HLS=====>> Live Stream!!!!
D/dalvikvm( 1505): GC_CONCURRENT freed 402K, 78% free 1382K/6019K, paused 0ms+1ms
D/HomePlayerLib( 1505): hostaddress count is 1
D/dalvikvm( 1505): GC_CONCURRENT freed 477K, 79% free 1311K/6019K, paused 1ms+1ms
D/dalvikvm( 1505): GC_CONCURRENT freed 393K, 79% free 1302K/6019K, paused 1ms+1ms
D/dalvikvm( 1505): GC_CONCURRENT freed 389K, 79% free 1314K/6019K, paused 1ms+1ms
D/dalvikvm( 1505): GC_CONCURRENT freed 406K, 79% free 1316K/6019K, paused 1ms+1ms
D/dalvikvm( 1505): GC_CONCURRENT freed 391K, 79% free 1316K/6019K, paused 0ms+1ms
D/dalvikvm( 1505): GC_CONCURRENT freed 390K, 77% free 1414K/6019K, paused 1ms+1ms
D/DataSource_M3U8(  744): 
D/DataSource_M3U8(  744): 
D/DataSource_M3U8(  744): 
D/DataSource_M3U8(  744): ============Begin to get playlist !!=====================
D/DataSource_M3U8(  744): 
D/DataSource_M3U8(  744): 
D/dalvikvm( 1505): GC_CONCURRENT freed 496K, 77% free 1413K/6019K, paused 1ms+1ms
D/DataSource_M3U8(  744): 
D/DataSource_M3U8(  744):  connect Server :cibn-iss1.longvisionmedia.com
D/DataSource_M3U8(  744): parseM3U8 .......!
D/DataSource_M3U8(  744): 
D/DataSource_M3U8(  744):  do not update  mediaSequence : 0   url = http://cibn-iss1.longvisionmedia.com:8088/vod/CIBN2013_CIBN2013040100011728_1200.m3u8   
D/DataSource_M3U8(  744): [M3U8] file: NULL line 
D/DataSource_M3U8(  744): HLS=====>> Live Stream!!!!
D/dalvikvm( 1505): GC_CONCURRENT freed 495K, 79% free 1313K/6019K, paused 0ms+1ms
D/dalvikvm( 1505): GC_CONCURRENT freed 383K, 77% free 1415K/6019K, paused 1ms+1ms
D/dalvikvm( 1505): GC_CONCURRENT freed 476K, 78% free 1332K/6019K, paused 1ms+1ms
D/dalvikvm( 1505): GC_CONCURRENT freed 394K, 78% free 1331K/6019K, paused 1ms+1ms
D/DataSource_M3U8(  744): 
D/DataSource_M3U8(  744): 
D/DataSource_M3U8(  744): 
D/DataSource_M3U8(  744): ============Begin to get playlist !!=====================
D/DataSource_M3U8(  744): 
D/DataSource_M3U8(  744): 
D/dalvikvm( 1505): GC_CONCURRENT freed 393K, 78% free 1331K/6019K, paused 1ms+1ms
D/DataSource_M3U8(  744): 
D/DataSource_M3U8(  744):  connect Server :cibn-iss1.longvisionmedia.com
D/DataSource_M3U8(  744): parseM3U8 .......!
D/DataSource_M3U8(  744): 
D/DataSource_M3U8(  744):  do not update  mediaSequence : 0   url = http://cibn-iss1.longvisionmedia.com:8088/vod/CIBN2013_CIBN2013040100011728_1200.m3u8   
D/DataSource_M3U8(  744): [M3U8] file: NULL line 
D/DataSource_M3U8(  744): HLS=====>> Live Stream!!!!
D/dalvikvm( 1505): GC_CONCURRENT freed 394K, 78% free 1378K/6019K, paused 1ms+1ms
D/dalvikvm( 1505): GC_CONCURRENT freed 445K, 77% free 1444K/6019K, paused 1ms+1ms
D/DataSource_M3U8(  744): 
D/DataSource_M3U8(  744): 
D/DataSource_M3U8(  744): 
D/DataSource_M3U8(  744): ============Begin to get playlist !!=====================
D/DataSource_M3U8(  744): 
D/DataSource_M3U8(  744): 
D/DataSource_M3U8(  744): 
D/DataSource_M3U8(  744):  connect Server :cibn-iss1.longvisionmedia.com
D/DataSource_M3U8(  744): parseM3U8 .......!
D/DataSource_M3U8(  744): 
D/DataSource_M3U8(  744):  do not update  mediaSequence : 0   url = http://cibn-iss1.longvisionmedia.com:8088/vod/CIBN2013_CIBN2013040100011728_1200.m3u8   
D/DataSource_M3U8(  744): [M3U8] file: NULL line 
D/DataSource_M3U8(  744): HLS=====>> Live Stream!!!!
D/dalvikvm( 1505): GC_CONCURRENT freed 516K, 79% free 1321K/6019K, paused 1ms+1ms
D/dalvikvm( 1505): GC_CONCURRENT freed 394K, 79% free 1320K/6019K, paused 1ms+1ms
D/dalvikvm( 1505): GC_CONCURRENT freed 394K, 77% free 1392K/6019K, paused 1ms+1ms
D/DataSource_M3U8(  744): 
D/DataSource_M3U8(  744): 
D/DataSource_M3U8(  744): 
D/DataSource_M3U8(  744): ============Begin to get playlist !!=====================
D/DataSource_M3U8(  744): 
D/DataSource_M3U8(  744): 
D/DataSource_M3U8(  744): 
D/DataSource_M3U8(  744):  connect Server :cibn-iss1.longvisionmedia.com
D/DataSource_M3U8(  744): parseM3U8 .......!
D/DataSource_M3U8(  744): 
D/DataSource_M3U8(  744):  do not update  mediaSequence : 0   url = http://cibn-iss1.longvisionmedia.com:8088/vod/CIBN2013_CIBN2013040100011728_1200.m3u8   
D/DataSource_M3U8(  744): [M3U8] file: NULL line 
D/DataSource_M3U8(  744): HLS=====>> Live Stream!!!!
D/dalvikvm( 1505): GC_CONCURRENT freed 458K, 76% free 1445K/6019K, paused 1ms+1ms
D/DataSource_M3U8(  744): 
D/DataSource_M3U8(  744): 
D/DataSource_M3U8(  744): 
D/DataSource_M3U8(  744): ============Begin to get playlist !!=====================
D/DataSource_M3U8(  744): 
D/DataSource_M3U8(  744): 
D/DataSource_M3U8(  744): 
D/DataSource_M3U8(  744):  connect Server :cibn-iss1.longvisionmedia.com
D/DataSource_M3U8(  744): parseM3U8 .......!
D/DataSource_M3U8(  744): 
D/DataSource_M3U8(  744):  do not update  mediaSequence : 0   url = http://cibn-iss1.longvisionmedia.com:8088/vod/CIBN2013_CIBN2013040100011728_1200.m3u8   
D/DataSource_M3U8(  744): [M3U8] file: NULL line 
D/DataSource_M3U8(  744): HLS=====>> Live Stream!!!!
D/DataSource_M3U8(  744): 
D/DataSource_M3U8(  744): 
D/DataSource_M3U8(  744): 
D/DataSource_M3U8(  744): ============Begin to get playlist !!=====================
D/DataSource_M3U8(  744): 
D/DataSource_M3U8(  744): 
D/DataSource_M3U8(  744): 
D/DataSource_M3U8(  744):  connect Server :cibn-iss1.longvisionmedia.com
D/DataSource_M3U8(  744): parseM3U8 .......!
D/DataSource_M3U8(  744): 
D/DataSource_M3U8(  744):  do not update  mediaSequence : 0   url = http://cibn-iss1.longvisionmedia.com:8088/vod/CIBN2013_CIBN2013040100011728_1200.m3u8   
D/DataSource_M3U8(  744): [M3U8] file: NULL line 
D/DataSource_M3U8(  744): HLS=====>> Live Stream!!!!
D/DataSource_M3U8(  744): 
D/DataSource_M3U8(  744): 
D/DataSource_M3U8(  744): 
D/DataSource_M3U8(  744): ============Begin to get playlist !!=====================
D/DataSource_M3U8(  744): 
D/DataSource_M3U8(  744): 
D/DataSource_M3U8(  744): 
D/DataSource_M3U8(  744):  connect Server :cibn-iss1.longvisionmedia.com
D/DataSource_M3U8(  744): parseM3U8 .......!
D/DataSource_M3U8(  744): 
D/DataSource_M3U8(  744):  do not update  mediaSequence : 0   url = http://cibn-iss1.longvisionmedia.com:8088/vod/CIBN2013_CIBN2013040100011728_1200.m3u8   
D/DataSource_M3U8(  744): [M3U8] file: NULL line 
D/DataSource_M3U8(  744): HLS=====>> Live Stream!!!!
D/DataSource_M3U8(  744): 
D/DataSource_M3U8(  744): 
D/DataSource_M3U8(  744): 
D/DataSource_M3U8(  744): ============Begin to get playlist !!=====================
D/DataSource_M3U8(  744): 
D/DataSource_M3U8(  744): 
D/DataSource_M3U8(  744): 
D/DataSource_M3U8(  744):  connect Server :cibn-iss1.longvisionmedia.com
D/DataSource_M3U8(  744): parseM3U8 .......!
D/DataSource_M3U8(  744): 
D/DataSource_M3U8(  744):  do not update  mediaSequence : 0   url = http://cibn-iss1.longvisionmedia.com:8088/vod/CIBN2013_CIBN2013040100011728_1200.m3u8   
D/DataSource_M3U8(  744): [M3U8] file: NULL line 
D/DataSource_M3U8(  744): HLS=====>> Live Stream!!!!
D/dalvikvm( 1505): GC_CONCURRENT freed 536K, 77% free 1418K/6019K, paused 1ms+1ms
D/dalvikvm( 1505): GC_CONCURRENT freed 488K, 79% free 1320K/6019K, paused 1ms+1ms
D/DataSource_M3U8(  744): 
D/DataSource_M3U8(  744): 
D/DataSource_M3U8(  744): 
D/DataSource_M3U8(  744): ============Begin to get playlist !!=====================
D/DataSource_M3U8(  744): 
D/DataSource_M3U8(  744): 
D/dalvikvm( 1505): GC_CONCURRENT freed 405K, 77% free 1411K/6019K, paused 1ms+1ms
D/dalvikvm( 1505): GC_CONCURRENT freed 490K, 77% free 1421K/6019K, paused 1ms+0ms
D/DataSource_M3U8(  744): 
D/DataSource_M3U8(  744):  connect Server :cibn-iss1.longvisionmedia.com
D/DataSource_M3U8(  744): parseM3U8 .......!
D/DataSource_M3U8(  744): 
D/DataSource_M3U8(  744):  do not update  mediaSequence : 0   url = http://cibn-iss1.longvisionmedia.com:8088/vod/CIBN2013_CIBN2013040100011728_1200.m3u8   
D/DataSource_M3U8(  744): [M3U8] file: NULL line 
D/DataSource_M3U8(  744): HLS=====>> Live Stream!!!!
D/dalvikvm( 1505): GC_CONCURRENT freed 503K, 78% free 1334K/6019K, paused 1ms+1ms
D/dalvikvm( 1505): GC_CONCURRENT freed 419K, 78% free 1329K/6019K, paused 1ms+2ms
D/DataSource_M3U8(  744): 
D/DataSource_M3U8(  744): 
D/DataSource_M3U8(  744): 
D/DataSource_M3U8(  744): ============Begin to get playlist !!=====================
D/DataSource_M3U8(  744): 
D/DataSource_M3U8(  744): 
D/dalvikvm( 1505): GC_CONCURRENT freed 409K, 77% free 1395K/6019K, paused 1ms+1ms
D/dalvikvm( 1505): GC_CONCURRENT freed 475K, 77% free 1398K/6019K, paused 1ms+1ms
D/dalvikvm( 1505): GC_CONCURRENT freed 476K, 79% free 1320K/6019K, paused 1ms+1ms
D/DataSource_M3U8(  744): 
D/DataSource_M3U8(  744):  connect Server :cibn-iss1.longvisionmedia.com
D/DataSource_M3U8(  744): parseM3U8 .......!
D/DataSource_M3U8(  744): 
D/DataSource_M3U8(  744):  do not update  mediaSequence : 0   url = http://cibn-iss1.longvisionmedia.com:8088/vod/CIBN2013_CIBN2013040100011728_1200.m3u8   
D/DataSource_M3U8(  744): [M3U8] file: NULL line 
D/DataSource_M3U8(  744): HLS=====>> Live Stream!!!!
D/DataSource_M3U8(  744): 
D/DataSource_M3U8(  744): 
D/DataSource_M3U8(  744): 
D/DataSource_M3U8(  744): ============Begin to get playlist !!=====================
D/DataSource_M3U8(  744): 
D/DataSource_M3U8(  744): 
D/DataSource_M3U8(  744): 
D/DataSource_M3U8(  744):  connect Server :cibn-iss1.longvisionmedia.com
D/DataSource_M3U8(  744): parseM3U8 .......!
D/DataSource_M3U8(  744): 
D/DataSource_M3U8(  744):  do not update  mediaSequence : 0   url = http://cibn-iss1.longvisionmedia.com:8088/vod/CIBN2013_CIBN2013040100011728_1200.m3u8   
D/DataSource_M3U8(  744): [M3U8] file: NULL line 
D/DataSource_M3U8(  744): HLS=====>> Live Stream!!!!
D/DataSource_M3U8(  744): 
D/DataSource_M3U8(  744): 
D/DataSource_M3U8(  744): 
D/DataSource_M3U8(  744): ============Begin to get playlist !!=====================
D/DataSource_M3U8(  744): 
D/DataSource_M3U8(  744): 
D/HomePlayerLib( 1505): hostaddress count is 1
D/dalvikvm( 1505): GC_CONCURRENT freed 412K, 79% free 1299K/6019K, paused 1ms+1ms
D/dalvikvm( 1505): GC_CONCURRENT freed 389K, 77% free 1393K/6019K, paused 1ms+1ms
D/dalvikvm( 1505): GC_CONCURRENT freed 485K, 78% free 1383K/6019K, paused 0ms+1ms
D/dalvikvm( 1505): GC_CONCURRENT freed 473K, 79% free 1301K/6019K, paused 1ms+1ms
D/DataSource_M3U8(  744): 
D/DataSource_M3U8(  744):  connect Server :cibn-iss1.longvisionmedia.com
D/DataSource_M3U8(  744): parseM3U8 .......!
D/DataSource_M3U8(  744): 
D/DataSource_M3U8(  744):  do not update  mediaSequence : 0   url = http://cibn-iss1.longvisionmedia.com:8088/vod/CIBN2013_CIBN2013040100011728_1200.m3u8   
D/DataSource_M3U8(  744): [M3U8] file: NULL line 
D/DataSource_M3U8(  744): HLS=====>> Live Stream!!!!
D/dalvikvm( 1505): GC_CONCURRENT freed 374K, 78% free 1371K/6019K, paused 1ms+1ms
D/dalvikvm( 1505): GC_CONCURRENT freed 431K, 77% free 1429K/6019K, paused 0ms+1ms
D/dalvikvm( 1505): GC_CONCURRENT freed 497K, 77% free 1433K/6019K, paused 1ms+1ms
D/dalvikvm( 1505): GC_CONCURRENT freed 489K, 78% free 1338K/6019K, paused 1ms+1ms
D/DataSource_M3U8(  744): 
D/DataSource_M3U8(  744): 
D/DataSource_M3U8(  744): 
D/DataSource_M3U8(  744): ============Begin to get playlist !!=====================
D/DataSource_M3U8(  744): 
D/DataSource_M3U8(  744): 
D/dalvikvm( 1505): GC_CONCURRENT freed 407K, 78% free 1374K/6019K, paused 1ms+2ms
D/DataSource_M3U8(  744): 
D/DataSource_M3U8(  744):  connect Server :cibn-iss1.longvisionmedia.com
D/DataSource_M3U8(  744): parseM3U8 .......!
D/DataSource_M3U8(  744): 
D/DataSource_M3U8(  744):  do not update  mediaSequence : 0   url = http://cibn-iss1.longvisionmedia.com:8088/vod/CIBN2013_CIBN2013040100011728_1200.m3u8   
D/DataSource_M3U8(  744): [M3U8] file: NULL line 
D/DataSource_M3U8(  744): HLS=====>> Live Stream!!!!
D/dalvikvm( 1505): GC_CONCURRENT freed 425K, 77% free 1433K/6019K, paused 1ms+1ms
D/dalvikvm( 1505): GC_CONCURRENT freed 510K, 79% free 1311K/6019K, paused 1ms+2ms
D/dalvikvm( 1505): GC_CONCURRENT freed 384K, 78% free 1334K/6019K, paused 1ms+2ms
D/DataSource_M3U8(  744): 
D/DataSource_M3U8(  744): 
D/DataSource_M3U8(  744): 
D/DataSource_M3U8(  744): ============Begin to get playlist !!=====================
D/DataSource_M3U8(  744): 
D/DataSource_M3U8(  744): 
D/dalvikvm( 1505): GC_CONCURRENT freed 396K, 78% free 1331K/6019K, paused 1ms+1ms
D/dalvikvm( 1505): GC_CONCURRENT freed 394K, 77% free 1415K/6019K, paused 1ms+1ms
D/DataSource_M3U8(  744): 
D/DataSource_M3U8(  744):  connect Server :cibn-iss1.longvisionmedia.com
D/DataSource_M3U8(  744): parseM3U8 .......!
D/DataSource_M3U8(  744): 
D/DataSource_M3U8(  744):  do not update  mediaSequence : 0   url = http://cibn-iss1.longvisionmedia.com:8088/vod/CIBN2013_CIBN2013040100011728_1200.m3u8   
D/DataSource_M3U8(  744): [M3U8] file: NULL line 
D/DataSource_M3U8(  744): HLS=====>> Live Stream!!!!
D/dalvikvm( 1505): GC_CONCURRENT freed 474K, 78% free 1332K/6019K, paused 1ms+1ms
D/DataSource_M3U8(  744): 
D/DataSource_M3U8(  744):  Warnig:: No Enough data in buffer...
I//lib/ld-linux.so.3(  748): Blocking Read: 30022, size: 0x0.
D/DataSource_M3U8(  744): 
D/DataSource_M3U8(  744): 
D/DataSource_M3U8(  744): 
D/DataSource_M3U8(  744): ============Begin to get playlist !!=====================
D/DataSource_M3U8(  744): 
D/DataSource_M3U8(  744): 
D/DataSource_M3U8(  744): 
D/DataSource_M3U8(  744):  connect Server :cibn-iss1.longvisionmedia.com
D/DataSource_M3U8(  744): parseM3U8 .......!
D/DataSource_M3U8(  744): 
D/DataSource_M3U8(  744):  do not update  mediaSequence : 0   url = http://cibn-iss1.longvisionmedia.com:8088/vod/CIBN2013_CIBN2013040100011728_1200.m3u8   
D/DataSource_M3U8(  744): [M3U8] file: NULL line 
D/DataSource_M3U8(  744): HLS=====>> Live Stream!!!!
D/DataSource_M3U8(  744): 
D/DataSource_M3U8(  744): 
D/DataSource_M3U8(  744): 
D/DataSource_M3U8(  744): ============Begin to get playlist !!=====================
D/DataSource_M3U8(  744): 
D/DataSource_M3U8(  744): 
D/DataSource_M3U8(  744): 
D/DataSource_M3U8(  744):  connect Server :cibn-iss1.longvisionmedia.com
D/DataSource_M3U8(  744): parseM3U8 .......!
D/DataSource_M3U8(  744): 
D/DataSource_M3U8(  744):  do not update  mediaSequence : 0   url = http://cibn-iss1.longvisionmedia.com:8088/vod/CIBN2013_CIBN2013040100011728_1200.m3u8   
D/DataSource_M3U8(  744): [M3U8] file: NULL line 
D/DataSource_M3U8(  744): HLS=====>> Live Stream!!!!
D/DataSource_M3U8(  744): 
D/DataSource_M3U8(  744): 
D/DataSource_M3U8(  744): 
D/DataSource_M3U8(  744): ============Begin to get playlist !!=====================
D/DataSource_M3U8(  744): 
D/DataSource_M3U8(  744): 
D/DataSource_M3U8(  744): 
D/DataSource_M3U8(  744):  connect Server :cibn-iss1.longvisionmedia.com
D/DataSource_M3U8(  744): parseM3U8 .......!
D/DataSource_M3U8(  744): 
D/DataSource_M3U8(  744):  do not update  mediaSequence : 0   url = http://cibn-iss1.longvisionmedia.com:8088/vod/CIBN2013_CIBN2013040100011728_1200.m3u8   
D/DataSource_M3U8(  744): [M3U8] file: NULL line 
D/DataSource_M3U8(  744): HLS=====>> Live Stream!!!!
D/DataSource_M3U8(  744): 
D/DataSource_M3U8(  744): 
D/DataSource_M3U8(  744): 
D/DataSource_M3U8(  744): ============Begin to get playlist !!=====================
D/DataSource_M3U8(  744): 
D/DataSource_M3U8(  744): 
D/DataSource_M3U8(  744): 
D/DataSource_M3U8(  744):  connect Server :cibn-iss1.longvisionmedia.com
D/DataSource_M3U8(  744): parseM3U8 .......!
D/DataSource_M3U8(  744): 
D/DataSource_M3U8(  744):  do not update  mediaSequence : 0   url = http://cibn-iss1.longvisionmedia.com:8088/vod/CIBN2013_CIBN2013040100011728_1200.m3u8   
D/DataSource_M3U8(  744): [M3U8] file: NULL line 
D/DataSource_M3U8(  744): HLS=====>> Live Stream!!!!
D/DataSource_M3U8(  744): 
D/DataSource_M3U8(  744): 
D/DataSource_M3U8(  744): 
D/DataSource_M3U8(  744): ============Begin to get playlist !!=====================
D/DataSource_M3U8(  744): 
D/DataSource_M3U8(  744): 
D/DataSource_M3U8(  744): 
D/DataSource_M3U8(  744):  connect Server :cibn-iss1.longvisionmedia.com
D/DataSource_M3U8(  744): parseM3U8 .......!
D/DataSource_M3U8(  744): 
D/DataSource_M3U8(  744):  do not update  mediaSequence : 0   url = http://cibn-iss1.longvisionmedia.com:8088/vod/CIBN2013_CIBN2013040100011728_1200.m3u8   
D/DataSource_M3U8(  744): [M3U8] file: NULL line 
D/DataSource_M3U8(  744): HLS=====>> Live Stream!!!!
D/dalvikvm( 1505): GC_CONCURRENT freed 412K, 79% free 1315K/6019K, paused 1ms+1ms
D/DataSource_M3U8(  744): 
D/DataSource_M3U8(  744): 
D/DataSource_M3U8(  744): 
D/DataSource_M3U8(  744): ============Begin to get playlist !!=====================
D/DataSource_M3U8(  744): 
D/DataSource_M3U8(  744): 
D/dalvikvm( 1505): GC_CONCURRENT freed 394K, 79% free 1314K/6019K, paused 1ms+1ms
D/DataSource_M3U8(  744): 
D/DataSource_M3U8(  744):  connect Server :cibn-iss1.longvisionmedia.com
D/DataSource_M3U8(  744): parseM3U8 .......!
D/DataSource_M3U8(  744): 
D/DataSource_M3U8(  744):  do not update  mediaSequence : 0   url = http://cibn-iss1.longvisionmedia.com:8088/vod/CIBN2013_CIBN2013040100011728_1200.m3u8   
D/DataSource_M3U8(  744): [M3U8] file: NULL line 
D/DataSource_M3U8(  744): HLS=====>> Live Stream!!!!
D/DataSource_M3U8(  744): 
D/DataSource_M3U8(  744): 
D/DataSource_M3U8(  744): 
D/DataSource_M3U8(  744): ============Begin to get playlist !!=====================
D/DataSource_M3U8(  744): 
D/DataSource_M3U8(  744): 
D/dalvikvm( 1505): GC_CONCURRENT freed 401K, 79% free 1313K/6019K, paused 0ms+1ms
D/DataSource_M3U8(  744): 
D/DataSource_M3U8(  744):  connect Server :cibn-iss1.longvisionmedia.com
D/DataSource_M3U8(  744): parseM3U8 .......!
D/DataSource_M3U8(  744): 
D/DataSource_M3U8(  744):  do not update  mediaSequence : 0   url = http://cibn-iss1.longvisionmedia.com:8088/vod/CIBN2013_CIBN2013040100011728_1200.m3u8   
D/DataSource_M3U8(  744): [M3U8] file: NULL line 
D/DataSource_M3U8(  744): HLS=====>> Live Stream!!!!
D/DataSource_M3U8(  744): 
D/DataSource_M3U8(  744): 
D/DataSource_M3U8(  744): 
D/DataSource_M3U8(  744): ============Begin to get playlist !!=====================
D/DataSource_M3U8(  744): 
D/DataSource_M3U8(  744): 
D/DataSource_M3U8(  744): 
D/DataSource_M3U8(  744):  connect Server :cibn-iss1.longvisionmedia.com
D/DataSource_M3U8(  744): parseM3U8 .......!
D/DataSource_M3U8(  744): 
D/DataSource_M3U8(  744):  do not update  mediaSequence : 0   url = http://cibn-iss1.longvisionmedia.com:8088/vod/CIBN2013_CIBN2013040100011728_1200.m3u8   
D/DataSource_M3U8(  744): [M3U8] file: NULL line 
D/DataSource_M3U8(  744): HLS=====>> Live Stream!!!!
D/DataSource_M3U8(  744): 
D/DataSource_M3U8(  744): 
D/DataSource_M3U8(  744): 
D/DataSource_M3U8(  744): ============Begin to get playlist !!=====================
D/DataSource_M3U8(  744): 
D/DataSource_M3U8(  744): 
D/DataSource_M3U8(  744): 
D/DataSource_M3U8(  744):  connect Server :cibn-iss1.longvisionmedia.com
D/DataSource_M3U8(  744): parseM3U8 .......!
D/DataSource_M3U8(  744): 
D/DataSource_M3U8(  744):  do not update  mediaSequence : 0   url = http://cibn-iss1.longvisionmedia.com:8088/vod/CIBN2013_CIBN2013040100011728_1200.m3u8   
D/DataSource_M3U8(  744): [M3U8] file: NULL line 
D/DataSource_M3U8(  744): HLS=====>> Live Stream!!!!
D/dalvikvm( 1505): GC_CONCURRENT freed 403K, 79% free 1307K/6019K, paused 1ms+1ms
D/HomePlayerLib( 1505): hostaddress count is 1
D/dalvikvm( 1505): GC_CONCURRENT freed 387K, 79% free 1311K/6019K, paused 1ms+1ms
D/dalvikvm( 1505): GC_CONCURRENT freed 403K, 77% free 1408K/6019K, paused 3ms+1ms
D/dalvikvm( 1505): GC_CONCURRENT freed 502K, 79% free 1296K/6019K, paused 1ms+1ms
D/DataSource_M3U8(  744): 
D/DataSource_M3U8(  744): 
D/DataSource_M3U8(  744): 
D/DataSource_M3U8(  744): ============Begin to get playlist !!=====================
D/DataSource_M3U8(  744): 
D/DataSource_M3U8(  744): 
D/dalvikvm( 1505): GC_CONCURRENT freed 372K, 79% free 1318K/6019K, paused 1ms+1ms
D/dalvikvm( 1505): GC_CONCURRENT freed 382K, 79% free 1321K/6019K, paused 1ms+1ms
D/DataSource_M3U8(  744): 
D/DataSource_M3U8(  744):  connect Server :cibn-iss1.longvisionmedia.com
D/DataSource_M3U8(  744): parseM3U8 .......!
D/DataSource_M3U8(  744): 
D/DataSource_M3U8(  744):  do not update  mediaSequence : 0   url = http://cibn-iss1.longvisionmedia.com:8088/vod/CIBN2013_CIBN2013040100011728_1200.m3u8   
D/DataSource_M3U8(  744): [M3U8] file: NULL line 
D/DataSource_M3U8(  744): HLS=====>> Live Stream!!!!
D/dalvikvm( 1505): GC_CONCURRENT freed 496K, 79% free 1316K/6019K, paused 0ms+2ms
D/dalvikvm( 1505): GC_CONCURRENT freed 383K, 78% free 1375K/6019K, paused 1ms+1ms
D/dalvikvm( 1505): GC_CONCURRENT freed 432K, 78% free 1337K/6019K, paused 1ms+1ms
D/dalvikvm( 1505): GC_CONCURRENT freed 409K, 79% free 1314K/6019K, paused 1ms+2ms
D/DataSource_M3U8(  744): 
D/DataSource_M3U8(  744): 
D/DataSource_M3U8(  744): 
D/DataSource_M3U8(  744): ============Begin to get playlist !!=====================
D/DataSource_M3U8(  744): 
D/DataSource_M3U8(  744): 
D/dalvikvm( 1505): GC_CONCURRENT freed 376K, 78% free 1331K/6019K, paused 0ms+1ms
D/dalvikvm( 1505): GC_CONCURRENT freed 394K, 77% free 1415K/6019K, paused 1ms+1ms
D/DataSource_M3U8(  744): 
D/DataSource_M3U8(  744):  connect Server :cibn-iss1.longvisionmedia.com
D/DataSource_M3U8(  744): parseM3U8 .......!
D/DataSource_M3U8(  744): 
D/DataSource_M3U8(  744):  do not update  mediaSequence : 0   url = http://cibn-iss1.longvisionmedia.com:8088/vod/CIBN2013_CIBN2013040100011728_1200.m3u8   
D/DataSource_M3U8(  744): [M3U8] file: NULL line 
D/DataSource_M3U8(  744): HLS=====>> Live Stream!!!!
D/dalvikvm( 1505): GC_CONCURRENT freed 474K, 77% free 1417K/6019K, paused 0ms+1ms
D/dalvikvm( 1505): GC_CONCURRENT freed 475K, 78% free 1338K/6019K, paused 1ms+1ms
D/DataSource_M3U8(  744): 
D/DataSource_M3U8(  744): 
D/DataSource_M3U8(  744): 
D/DataSource_M3U8(  744): ============Begin to get playlist !!=====================
D/DataSource_M3U8(  744): 
D/DataSource_M3U8(  744): 
D/DataSource_M3U8(  744): 
D/DataSource_M3U8(  744):  connect Server :cibn-iss1.longvisionmedia.com
D/DataSource_M3U8(  744): parseM3U8 .......!
D/DataSource_M3U8(  744): 
D/DataSource_M3U8(  744):  do not update  mediaSequence : 0   url = http://cibn-iss1.longvisionmedia.com:8088/vod/CIBN2013_CIBN2013040100011728_1200.m3u8   
D/DataSource_M3U8(  744): [M3U8] file: NULL line 
D/DataSource_M3U8(  744): HLS=====>> Live Stream!!!!
D/DataSource_M3U8(  744): ----------UpdatePlaylistThread runing... 
D/DataSource_M3U8(  744): 
D/DataSource_M3U8(  744): 
D/DataSource_M3U8(  744): 
D/DataSource_M3U8(  744): ============Begin to get playlist !!=====================
D/DataSource_M3U8(  744): 
D/DataSource_M3U8(  744): 
D/DataSource_M3U8(  744): 
D/DataSource_M3U8(  744):  connect Server :cibn-iss1.longvisionmedia.com
D/DataSource_M3U8(  744): parseM3U8 .......!
D/DataSource_M3U8(  744): 
D/DataSource_M3U8(  744):  do not update  mediaSequence : 0   url = http://cibn-iss1.longvisionmedia.com:8088/vod/CIBN2013_CIBN2013040100011728_1200.m3u8   
D/DataSource_M3U8(  744): [M3U8] file: NULL line 
D/DataSource_M3U8(  744): HLS=====>> Live Stream!!!!
D/DataSource_M3U8(  744): 
D/DataSource_M3U8(  744): 
D/DataSource_M3U8(  744): 
D/DataSource_M3U8(  744): ============Begin to get playlist !!=====================
D/DataSource_M3U8(  744): 
D/DataSource_M3U8(  744): 
D/DataSource_M3U8(  744): 
D/DataSource_M3U8(  744):  connect Server :cibn-iss1.longvisionmedia.com
D/DataSource_M3U8(  744): parseM3U8 .......!
D/DataSource_M3U8(  744): 
D/DataSource_M3U8(  744):  do not update  mediaSequence : 0   url = http://cibn-iss1.longvisionmedia.com:8088/vod/CIBN2013_CIBN2013040100011728_1200.m3u8   
D/DataSource_M3U8(  744): [M3U8] file: NULL line 
D/DataSource_M3U8(  744): HLS=====>> Live Stream!!!!
D/DataSource_M3U8(  744): 
D/DataSource_M3U8(  744): 
D/DataSource_M3U8(  744): 
D/DataSource_M3U8(  744): ============Begin to get playlist !!=====================
D/DataSource_M3U8(  744): 
D/DataSource_M3U8(  744): 
D/DataSource_M3U8(  744): 
D/DataSource_M3U8(  744):  connect Server :cibn-iss1.longvisionmedia.com
D/DataSource_M3U8(  744): parseM3U8 .......!
D/DataSource_M3U8(  744): 
D/DataSource_M3U8(  744):  do not update  mediaSequence : 0   url = http://cibn-iss1.longvisionmedia.com:8088/vod/CIBN2013_CIBN2013040100011728_1200.m3u8   
D/DataSource_M3U8(  744): [M3U8] file: NULL line 
D/DataSource_M3U8(  744): HLS=====>> Live Stream!!!!
D/DataSource_M3U8(  744): 
D/DataSource_M3U8(  744): 
D/DataSource_M3U8(  744): 
D/DataSource_M3U8(  744): ============Begin to get playlist !!=====================
D/DataSource_M3U8(  744): 
D/DataSource_M3U8(  744): 
D/DataSource_M3U8(  744): 
D/DataSource_M3U8(  744):  connect Server :cibn-iss1.longvisionmedia.com
D/DataSource_M3U8(  744): parseM3U8 .......!
D/DataSource_M3U8(  744): 
D/DataSource_M3U8(  744):  do not update  mediaSequence : 0   url = http://cibn-iss1.longvisionmedia.com:8088/vod/CIBN2013_CIBN2013040100011728_1200.m3u8   
D/DataSource_M3U8(  744): [M3U8] file: NULL line 
D/DataSource_M3U8(  744): HLS=====>> Live Stream!!!!
D/DataSource_M3U8(  744): 
D/DataSource_M3U8(  744): 
D/DataSource_M3U8(  744): 
D/DataSource_M3U8(  744): ============Begin to get playlist !!=====================
D/DataSource_M3U8(  744): 
D/DataSource_M3U8(  744): 
D/dalvikvm( 1505): GC_CONCURRENT freed 419K, 77% free 1422K/6019K, paused 1ms+1ms
D/DataSource_M3U8(  744): 
D/DataSource_M3U8(  744):  connect Server :cibn-iss1.longvisionmedia.com
D/DataSource_M3U8(  744): parseM3U8 .......!
D/DataSource_M3U8(  744): 
D/DataSource_M3U8(  744):  do not update  mediaSequence : 0   url = http://cibn-iss1.longvisionmedia.com:8088/vod/CIBN2013_CIBN2013040100011728_1200.m3u8   
D/DataSource_M3U8(  744): [M3U8] file: NULL line 
D/DataSource_M3U8(  744): HLS=====>> Live Stream!!!!
D/dalvikvm( 1505): GC_CONCURRENT freed 499K, 77% free 1420K/6019K, paused 1ms+1ms
D/dalvikvm( 1505): GC_CONCURRENT freed 491K, 77% free 1430K/6019K, paused 1ms+1ms
D/dalvikvm( 1505): GC_CONCURRENT freed 503K, 78% free 1343K/6019K, paused 1ms+1ms
D/DataSource_M3U8(  744): 
D/DataSource_M3U8(  744): 
D/DataSource_M3U8(  744): 
D/DataSource_M3U8(  744): ============Begin to get playlist !!=====================
D/DataSource_M3U8(  744): 
D/DataSource_M3U8(  744): 
D/DataSource_M3U8(  744): 
D/DataSource_M3U8(  744):  connect Server :cibn-iss1.longvisionmedia.com
D/DataSource_M3U8(  744): parseM3U8 .......!
D/DataSource_M3U8(  744): 
D/DataSource_M3U8(  744):  do not update  mediaSequence : 0   url = http://cibn-iss1.longvisionmedia.com:8088/vod/CIBN2013_CIBN2013040100011728_1200.m3u8   
D/DataSource_M3U8(  744): [M3U8] file: NULL line 
D/DataSource_M3U8(  744): HLS=====>> Live Stream!!!!
D/DataSource_M3U8(  744): 
D/DataSource_M3U8(  744): 
D/DataSource_M3U8(  744): 
D/DataSource_M3U8(  744): ============Begin to get playlist !!=====================
D/DataSource_M3U8(  744): 
D/DataSource_M3U8(  744): 
D/DataSource_M3U8(  744): 
D/DataSource_M3U8(  744):  connect Server :cibn-iss1.longvisionmedia.com
D/DataSource_M3U8(  744): parseM3U8 .......!
D/DataSource_M3U8(  744): 
D/DataSource_M3U8(  744):  do not update  mediaSequence : 0   url = http://cibn-iss1.longvisionmedia.com:8088/vod/CIBN2013_CIBN2013040100011728_1200.m3u8   
D/DataSource_M3U8(  744): [M3U8] file: NULL line 
D/DataSource_M3U8(  744): HLS=====>> Live Stream!!!!
D/DataSource_M3U8(  744): 
D/DataSource_M3U8(  744): 
D/DataSource_M3U8(  744): 
D/DataSource_M3U8(  744): ============Begin to get playlist !!=====================
D/DataSource_M3U8(  744): 
D/DataSource_M3U8(  744): 
D/DataSource_M3U8(  744): 
D/DataSource_M3U8(  744):  connect Server :cibn-iss1.longvisionmedia.com
D/DataSource_M3U8(  744): parseM3U8 .......!
D/DataSource_M3U8(  744): 
D/DataSource_M3U8(  744):  do not update  mediaSequence : 0   url = http://cibn-iss1.longvisionmedia.com:8088/vod/CIBN2013_CIBN2013040100011728_1200.m3u8   
D/DataSource_M3U8(  744): [M3U8] file: NULL line 
D/DataSource_M3U8(  744): HLS=====>> Live Stream!!!!
D/DataSource_M3U8(  744): 
D/DataSource_M3U8(  744): 
D/DataSource_M3U8(  744): 
D/DataSource_M3U8(  744): ============Begin to get playlist !!=====================
D/DataSource_M3U8(  744): 
D/DataSource_M3U8(  744): 
D/DataSource_M3U8(  744): 
D/DataSource_M3U8(  744):  connect Server :cibn-iss1.longvisionmedia.com
D/DataSource_M3U8(  744): parseM3U8 .......!
D/DataSource_M3U8(  744): 
D/DataSource_M3U8(  744):  do not update  mediaSequence : 0   url = http://cibn-iss1.longvisionmedia.com:8088/vod/CIBN2013_CIBN2013040100011728_1200.m3u8   
D/DataSource_M3U8(  744): [M3U8] file: NULL line 
D/DataSource_M3U8(  744): HLS=====>> Live Stream!!!!
D/DataSource_M3U8(  744): 
D/DataSource_M3U8(  744): 
D/DataSource_M3U8(  744): 
D/DataSource_M3U8(  744): ============Begin to get playlist !!=====================
D/DataSource_M3U8(  744): 
D/DataSource_M3U8(  744): 
D/DataSource_M3U8(  744): 
D/DataSource_M3U8(  744):  connect Server :cibn-iss1.longvisionmedia.com
D/DataSource_M3U8(  744): parseM3U8 .......!
D/DataSource_M3U8(  744): 
D/DataSource_M3U8(  744):  do not update  mediaSequence : 0   url = http://cibn-iss1.longvisionmedia.com:8088/vod/CIBN2013_CIBN2013040100011728_1200.m3u8   
D/DataSource_M3U8(  744): [M3U8] file: NULL line 
D/DataSource_M3U8(  744): HLS=====>> Live Stream!!!!
D/DataSource_M3U8(  744): 
D/DataSource_M3U8(  744): 
D/DataSource_M3U8(  744): 
D/DataSource_M3U8(  744): ============Begin to get playlist !!=====================
D/DataSource_M3U8(  744): 
D/DataSource_M3U8(  744): 
D/HomePlayerLib( 1505): hostaddress count is 1
D/dalvikvm( 1505): GC_CONCURRENT freed 435K, 77% free 1407K/6019K, paused 0ms+1ms
D/dalvikvm( 1505): GC_CONCURRENT freed 498K, 77% free 1415K/6019K, paused 1ms+1ms
D/DataSource_M3U8(  744): 
D/DataSource_M3U8(  744):  connect Server :cibn-iss1.longvisionmedia.com
D/DataSource_M3U8(  744): parseM3U8 .......!
D/DataSource_M3U8(  744): 
D/DataSource_M3U8(  744):  do not update  mediaSequence : 0   url = http://cibn-iss1.longvisionmedia.com:8088/vod/CIBN2013_CIBN2013040100011728_1200.m3u8   
D/DataSource_M3U8(  744): [M3U8] file: NULL line 
D/DataSource_M3U8(  744): HLS=====>> Live Stream!!!!
D/dalvikvm( 1505): GC_CONCURRENT freed 504K, 79% free 1297K/6019K, paused 1ms+1ms
D/dalvikvm( 1505): GC_CONCURRENT freed 372K, 79% free 1316K/6019K, paused 1ms+1ms
D/dalvikvm( 1505): GC_CONCURRENT freed 391K, 79% free 1318K/6019K, paused 1ms+1ms
D/dalvikvm( 1505): GC_CONCURRENT freed 401K, 78% free 1352K/6019K, paused 1ms+1ms
D/dalvikvm( 1505): GC_CONCURRENT freed 398K, 76% free 1458K/6019K, paused 1ms+1ms
D/DataSource_M3U8(  744): 
D/DataSource_M3U8(  744): 
D/DataSource_M3U8(  744): 
D/DataSource_M3U8(  744): ============Begin to get playlist !!=====================
D/DataSource_M3U8(  744): 
D/DataSource_M3U8(  744): 
D/dalvikvm( 1505): GC_CONCURRENT freed 537K, 78% free 1379K/6019K, paused 1ms+1ms
D/DataSource_M3U8(  744): 
D/DataSource_M3U8(  744):  connect Server :cibn-iss1.longvisionmedia.com
D/DataSource_M3U8(  744): parseM3U8 .......!
D/DataSource_M3U8(  744): 
D/DataSource_M3U8(  744):  do not update  mediaSequence : 0   url = http://cibn-iss1.longvisionmedia.com:8088/vod/CIBN2013_CIBN2013040100011728_1200.m3u8   
D/DataSource_M3U8(  744): [M3U8] file: NULL line 
D/DataSource_M3U8(  744): HLS=====>> Live Stream!!!!
D/dalvikvm( 1505): GC_CONCURRENT freed 456K, 79% free 1314K/6019K, paused 1ms+1ms
D/dalvikvm( 1505): GC_CONCURRENT freed 398K, 79% free 1319K/6019K, paused 1ms+1ms
D/dalvikvm( 1505): GC_CONCURRENT freed 393K, 79% free 1310K/6019K, paused 1ms+1ms
D/DataSource_M3U8(  744): 
D/DataSource_M3U8(  744): 
D/DataSource_M3U8(  744): 
D/DataSource_M3U8(  744): ============Begin to get playlist !!=====================
D/DataSource_M3U8(  744): 
D/DataSource_M3U8(  744): 
D/dalvikvm( 1505): GC_CONCURRENT freed 394K, 77% free 1425K/6019K, paused 0ms+1ms
D/DataSource_M3U8(  744): 
D/DataSource_M3U8(  744):  connect Server :cibn-iss1.longvisionmedia.com
D/DataSource_M3U8(  744): parseM3U8 .......!
D/DataSource_M3U8(  744): 
D/DataSource_M3U8(  744):  do not update  mediaSequence : 0   url = http://cibn-iss1.longvisionmedia.com:8088/vod/CIBN2013_CIBN2013040100011728_1200.m3u8   
D/DataSource_M3U8(  744): [M3U8] file: NULL line 
D/DataSource_M3U8(  744): HLS=====>> Live Stream!!!!
D/dalvikvm( 1505): GC_CONCURRENT freed 487K, 78% free 1370K/6019K, paused 1ms+1ms
D/dalvikvm( 1505): GC_CONCURRENT freed 446K, 79% free 1312K/6019K, paused 1ms+1ms
D/dalvikvm( 1505): GC_CONCURRENT freed 395K, 77% free 1392K/6019K, paused 1ms+1ms
D/DataSource_M3U8(  744): 
D/DataSource_M3U8(  744): 
D/DataSource_M3U8(  744): 
D/DataSource_M3U8(  744): ============Begin to get playlist !!=====================
D/DataSource_M3U8(  744): 
D/DataSource_M3U8(  744): 
D/dalvikvm( 1505): GC_CONCURRENT freed 473K, 77% free 1394K/6019K, paused 1ms+1ms
D/dalvikvm( 1505): GC_CONCURRENT freed 474K, 78% free 1343K/6019K, paused 0ms+1ms
D/DataSource_M3U8(  744): 
D/DataSource_M3U8(  744):  connect Server :cibn-iss1.longvisionmedia.com
D/DataSource_M3U8(  744): parseM3U8 .......!
D/DataSource_M3U8(  744): 
D/DataSource_M3U8(  744):  do not update  mediaSequence : 0   url = http://cibn-iss1.longvisionmedia.com:8088/vod/CIBN2013_CIBN2013040100011728_1200.m3u8   
D/DataSource_M3U8(  744): [M3U8] file: NULL line 
D/DataSource_M3U8(  744): HLS=====>> Live Stream!!!!
D/DataSource_M3U8(  744): 
D/DataSource_M3U8(  744): 
D/DataSource_M3U8(  744): 
D/DataSource_M3U8(  744): ============Begin to get playlist !!=====================
D/DataSource_M3U8(  744): 
D/DataSource_M3U8(  744): 
D/DataSource_M3U8(  744): 
D/DataSource_M3U8(  744):  connect Server :cibn-iss1.longvisionmedia.com
D/DataSource_M3U8(  744): parseM3U8 .......!
D/DataSource_M3U8(  744): 
D/DataSource_M3U8(  744):  do not update  mediaSequence : 0   url = http://cibn-iss1.longvisionmedia.com:8088/vod/CIBN2013_CIBN2013040100011728_1200.m3u8   
D/DataSource_M3U8(  744): [M3U8] file: NULL line 
D/DataSource_M3U8(  744): HLS=====>> Live Stream!!!!
D/DataSource_M3U8(  744): 
D/DataSource_M3U8(  744): 
D/DataSource_M3U8(  744): 
D/DataSource_M3U8(  744): ============Begin to get playlist !!=====================
D/DataSource_M3U8(  744): 
D/DataSource_M3U8(  744): 
D/DataSource_M3U8(  744): 
D/DataSource_M3U8(  744):  connect Server :cibn-iss1.longvisionmedia.com
D/DataSource_M3U8(  744): parseM3U8 .......!
D/DataSource_M3U8(  744): 
D/DataSource_M3U8(  744):  do not update  mediaSequence : 0   url = http://cibn-iss1.longvisionmedia.com:8088/vod/CIBN2013_CIBN2013040100011728_1200.m3u8   
D/DataSource_M3U8(  744): [M3U8] file: NULL line 
D/DataSource_M3U8(  744): HLS=====>> Live Stream!!!!
D/DataSource_M3U8(  744): 
D/DataSource_M3U8(  744): 
D/DataSource_M3U8(  744): 
D/DataSource_M3U8(  744): ============Begin to get playlist !!=====================
D/DataSource_M3U8(  744): 
D/DataSource_M3U8(  744): 
D/dalvikvm( 1505): GC_CONCURRENT freed 418K, 79% free 1312K/6019K, paused 1ms+1ms
D/DataSource_M3U8(  744): 
D/DataSource_M3U8(  744):  connect Server :cibn-iss1.longvisionmedia.com
D/DataSource_M3U8(  744): parseM3U8 .......!
D/DataSource_M3U8(  744): 
D/DataSource_M3U8(  744):  do not update  mediaSequence : 0   url = http://cibn-iss1.longvisionmedia.com:8088/vod/CIBN2013_CIBN2013040100011728_1200.m3u8   
D/DataSource_M3U8(  744): [M3U8] file: NULL line 
D/DataSource_M3U8(  744): HLS=====>> Live Stream!!!!
D/DataSource_M3U8(  744): 
D/DataSource_M3U8(  744): 
D/DataSource_M3U8(  744): 
D/DataSource_M3U8(  744): ============Begin to get playlist !!=====================
D/DataSource_M3U8(  744): 
D/DataSource_M3U8(  744): 
D/DataSource_M3U8(  744): 
D/DataSource_M3U8(  744):  connect Server :cibn-iss1.longvisionmedia.com
D/DataSource_M3U8(  744): parseM3U8 .......!
D/DataSource_M3U8(  744): 
D/DataSource_M3U8(  744):  do not update  mediaSequence : 0   url = http://cibn-iss1.longvisionmedia.com:8088/vod/CIBN2013_CIBN2013040100011728_1200.m3u8   
D/DataSource_M3U8(  744): [M3U8] file: NULL line 
D/DataSource_M3U8(  744): HLS=====>> Live Stream!!!!
D/dalvikvm( 1505): GC_CONCURRENT freed 380K, 78% free 1332K/6019K, paused 1ms+1ms
D/dalvikvm( 1505): GC_CONCURRENT freed 409K, 78% free 1366K/6019K, paused 1ms+1ms
D/DataSource_M3U8(  744): 
D/DataSource_M3U8(  744): 
D/DataSource_M3U8(  744): 
D/DataSource_M3U8(  744): ============Begin to get playlist !!=====================
D/DataSource_M3U8(  744): 
D/DataSource_M3U8(  744): 
D/dalvikvm( 1505): GC_CONCURRENT freed 434K, 79% free 1323K/6019K, paused 1ms+1ms
D/dalvikvm( 1505): GC_CONCURRENT freed 394K, 77% free 1429K/6019K, paused 0ms+1ms
D/DataSource_M3U8(  744): 
D/DataSource_M3U8(  744):  connect Server :cibn-iss1.longvisionmedia.com
D/DataSource_M3U8(  744): parseM3U8 .......!
D/DataSource_M3U8(  744): 
D/DataSource_M3U8(  744):  do not update  mediaSequence : 0   url = http://cibn-iss1.longvisionmedia.com:8088/vod/CIBN2013_CIBN2013040100011728_1200.m3u8   
D/DataSource_M3U8(  744): [M3U8] file: NULL line 
D/DataSource_M3U8(  744): HLS=====>> Live Stream!!!!
D/dalvikvm( 1505): GC_CONCURRENT freed 495K, 78% free 1374K/6019K, paused 1ms+1ms
D/dalvikvm( 1505): GC_CONCURRENT freed 456K, 79% free 1303K/6019K, paused 1ms+1ms
D/DataSource_M3U8(  744): 
D/DataSource_M3U8(  744): 
D/DataSource_M3U8(  744): 
D/DataSource_M3U8(  744): ============Begin to get playlist !!=====================
D/DataSource_M3U8(  744): 
D/DataSource_M3U8(  744): 
D/dalvikvm( 1505): GC_CONCURRENT freed 385K, 78% free 1324K/6019K, paused 1ms+1ms
D/dalvikvm( 1505): GC_CONCURRENT freed 396K, 79% free 1322K/6019K, paused 1ms+1ms
D/dalvikvm( 1505): GC_CONCURRENT freed 394K, 77% free 1406K/6019K, paused 1ms+1ms
D/DataSource_M3U8(  744): 
D/DataSource_M3U8(  744):  connect Server :cibn-iss1.longvisionmedia.com
D/DataSource_M3U8(  744): parseM3U8 .......!
D/DataSource_M3U8(  744): 
D/DataSource_M3U8(  744):  do not update  mediaSequence : 0   url = http://cibn-iss1.longvisionmedia.com:8088/vod/CIBN2013_CIBN2013040100011728_1200.m3u8   
D/DataSource_M3U8(  744): [M3U8] file: NULL line 
D/DataSource_M3U8(  744): HLS=====>> Live Stream!!!!
D/dalvikvm( 1505): GC_CONCURRENT freed 474K, 77% free 1411K/6019K, paused 1ms+1ms
D/DataSource_M3U8(  744): 
D/DataSource_M3U8(  744): 
D/DataSource_M3U8(  744): 
D/DataSource_M3U8(  744): ============Begin to get playlist !!=====================
D/DataSource_M3U8(  744): 
D/DataSource_M3U8(  744): 
D/DataSource_M3U8(  744): 
D/DataSource_M3U8(  744):  connect Server :cibn-iss1.longvisionmedia.com
D/DataSource_M3U8(  744): parseM3U8 .......!
D/DataSource_M3U8(  744): 
D/DataSource_M3U8(  744):  do not update  mediaSequence : 0   url = http://cibn-iss1.longvisionmedia.com:8088/vod/CIBN2013_CIBN2013040100011728_1200.m3u8   
D/DataSource_M3U8(  744): [M3U8] file: NULL line 
D/DataSource_M3U8(  744): HLS=====>> Live Stream!!!!
D/DataSource_M3U8(  744): 
D/DataSource_M3U8(  744): 
D/DataSource_M3U8(  744): 
D/DataSource_M3U8(  744): ============Begin to get playlist !!=====================
D/DataSource_M3U8(  744): 
D/DataSource_M3U8(  744): 
D/DataSource_M3U8(  744): 
D/DataSource_M3U8(  744):  connect Server :cibn-iss1.longvisionmedia.com
D/DataSource_M3U8(  744): parseM3U8 .......!
D/DataSource_M3U8(  744): 
D/DataSource_M3U8(  744):  do not update  mediaSequence : 0   url = http://cibn-iss1.longvisionmedia.com:8088/vod/CIBN2013_CIBN2013040100011728_1200.m3u8   
D/DataSource_M3U8(  744): [M3U8] file: NULL line 
D/DataSource_M3U8(  744): HLS=====>> Live Stream!!!!
D/DataSource_M3U8(  744): 
D/DataSource_M3U8(  744): 
D/DataSource_M3U8(  744): 
D/DataSource_M3U8(  744): ============Begin to get playlist !!=====================
D/DataSource_M3U8(  744): 
D/DataSource_M3U8(  744): 
D/DataSource_M3U8(  744): 
D/DataSource_M3U8(  744):  connect Server :cibn-iss1.longvisionmedia.com
D/DataSource_M3U8(  744): parseM3U8 .......!
D/DataSource_M3U8(  744): 
D/DataSource_M3U8(  744):  do not update  mediaSequence : 0   url = http://cibn-iss1.longvisionmedia.com:8088/vod/CIBN2013_CIBN2013040100011728_1200.m3u8   
D/DataSource_M3U8(  744): [M3U8] file: NULL line 
D/DataSource_M3U8(  744): HLS=====>> Live Stream!!!!
D/DataSource_M3U8(  744): 
D/DataSource_M3U8(  744): 
D/DataSource_M3U8(  744): 
D/DataSource_M3U8(  744): ============Begin to get playlist !!=====================
D/DataSource_M3U8(  744): 
D/DataSource_M3U8(  744): 
D/DataSource_M3U8(  744): 
D/DataSource_M3U8(  744):  Warnig:: No Enough data in buffer...
I//lib/ld-linux.so.3(  748): Blocking Read: 30021, size: 0x0.
D/DataSource_M3U8(  744): 
D/DataSource_M3U8(  744):  connect Server :cibn-iss1.longvisionmedia.com
D/DataSource_M3U8(  744): parseM3U8 .......!
D/DataSource_M3U8(  744): 
D/DataSource_M3U8(  744):  do not update  mediaSequence : 0   url = http://cibn-iss1.longvisionmedia.com:8088/vod/CIBN2013_CIBN2013040100011728_1200.m3u8   
D/DataSource_M3U8(  744): [M3U8] file: NULL line 
D/DataSource_M3U8(  744): HLS=====>> Live Stream!!!!
D/DataSource_M3U8(  744): 
D/DataSource_M3U8(  744): 
D/DataSource_M3U8(  744): 
D/DataSource_M3U8(  744): ============Begin to get playlist !!=====================
D/DataSource_M3U8(  744): 
D/DataSource_M3U8(  744): 
D/HomePlayerLib( 1505): hostaddress count is 1
D/dalvikvm( 1505): GC_CONCURRENT freed 503K, 79% free 1300K/6019K, paused 1ms+1ms
D/dalvikvm( 1505): GC_CONCURRENT freed 389K, 79% free 1312K/6019K, paused 1ms+1ms
D/dalvikvm( 1505): GC_CONCURRENT freed 405K, 79% free 1316K/6019K, paused 1ms+1ms
D/dalvikvm( 1505): GC_CONCURRENT freed 390K, 77% free 1400K/6019K, paused 1ms+1ms
D/DataSource_M3U8(  744): 
D/DataSource_M3U8(  744):  connect Server :cibn-iss1.longvisionmedia.com
D/DataSource_M3U8(  744): parseM3U8 .......!
D/DataSource_M3U8(  744): 
D/DataSource_M3U8(  744):  do not update  mediaSequence : 0   url = http://cibn-iss1.longvisionmedia.com:8088/vod/CIBN2013_CIBN2013040100011728_1200.m3u8   
D/DataSource_M3U8(  744): [M3U8] file: NULL line 
D/DataSource_M3U8(  744): HLS=====>> Live Stream!!!!
D/dalvikvm( 1505): GC_CONCURRENT freed 459K, 74% free 1603K/6019K, paused 1ms+1ms
D/dalvikvm( 1505): GC_CONCURRENT freed 668K, 78% free 1339K/6019K, paused 1ms+2ms
D/dalvikvm( 1505): GC_CONCURRENT freed 405K, 77% free 1443K/6019K, paused 1ms+1ms
D/dalvikvm( 1505): GC_CONCURRENT freed 506K, 78% free 1342K/6019K, paused 1ms+1ms
D/DataSource_M3U8(  744): 
D/DataSource_M3U8(  744): 
D/DataSource_M3U8(  744): 
D/DataSource_M3U8(  744): ============Begin to get playlist !!=====================
D/DataSource_M3U8(  744): 
D/DataSource_M3U8(  744): 
D/dalvikvm( 1505): GC_CONCURRENT freed 401K, 78% free 1361K/6019K, paused 1ms+2ms
D/DataSource_M3U8(  744): 
D/DataSource_M3U8(  744):  connect Server :cibn-iss1.longvisionmedia.com
D/DataSource_M3U8(  744): parseM3U8 .......!
D/DataSource_M3U8(  744): 
D/DataSource_M3U8(  744):  do not update  mediaSequence : 0   url = http://cibn-iss1.longvisionmedia.com:8088/vod/CIBN2013_CIBN2013040100011728_1200.m3u8   
D/DataSource_M3U8(  744): [M3U8] file: NULL line 
D/DataSource_M3U8(  744): HLS=====>> Live Stream!!!!
D/dalvikvm( 1505): GC_CONCURRENT freed 422K, 78% free 1334K/6019K, paused 1ms+1ms
D/dalvikvm( 1505): GC_CONCURRENT freed 391K, 77% free 1430K/6019K, paused 1ms+1ms
D/dalvikvm( 1505): GC_CONCURRENT freed 503K, 79% free 1320K/6019K, paused 1ms+1ms
D/DataSource_M3U8(  744): 
D/DataSource_M3U8(  744): 
D/DataSource_M3U8(  744): 
D/DataSource_M3U8(  744): ============Begin to get playlist !!=====================
D/DataSource_M3U8(  744): 
D/DataSource_M3U8(  744): 
D/dalvikvm( 1505): GC_CONCURRENT freed 395K, 79% free 1320K/6019K, paused 1ms+1ms
D/dalvikvm( 1505): GC_CONCURRENT freed 394K, 78% free 1329K/6019K, paused 1ms+1ms
D/dalvikvm( 1505): GC_CONCURRENT freed 387K, 78% free 1337K/6019K, paused 1ms+1ms
D/dalvikvm( 1505): GC_CONCURRENT freed 405K, 78% free 1333K/6019K, paused 1ms+1ms
D/CheckNetWork( 1752): isOk true
D/CheckNetWork( 1752): ActInfoNetworkInfo: type: WIFI[], state: CONNECTED/CONNECTED, reason: (unspecified), extra: (none), roaming: false, failover: false, isAvailable: true
D/CheckNetWork( 1752): infoNetworkInfo: type: WIFI[], state: CONNECTED/CONNECTED, reason: (unspecified), extra: (none), roaming: false, failover: false, isAvailable: true
D/DataSource_M3U8(  744): 
D/DataSource_M3U8(  744):  connect Server :cibn-iss1.longvisionmedia.com
D/DataSource_M3U8(  744): parseM3U8 .......!
D/DataSource_M3U8(  744): 
D/DataSource_M3U8(  744):  do not update  mediaSequence : 0   url = http://cibn-iss1.longvisionmedia.com:8088/vod/CIBN2013_CIBN2013040100011728_1200.m3u8   
D/DataSource_M3U8(  744): [M3U8] file: NULL line 
D/DataSource_M3U8(  744): HLS=====>> Live Stream!!!!
D/DataSource_M3U8(  744): 
D/DataSource_M3U8(  744): 
D/DataSource_M3U8(  744): 
D/DataSource_M3U8(  744): ============Begin to get playlist !!=====================
D/DataSource_M3U8(  744): 
D/DataSource_M3U8(  744): 
D/DataSource_M3U8(  744): 
D/DataSource_M3U8(  744):  connect Server :cibn-iss1.longvisionmedia.com
D/DataSource_M3U8(  744): parseM3U8 .......!
D/DataSource_M3U8(  744): 
D/DataSource_M3U8(  744):  do not update  mediaSequence : 0   url = http://cibn-iss1.longvisionmedia.com:8088/vod/CIBN2013_CIBN2013040100011728_1200.m3u8   
D/DataSource_M3U8(  744): [M3U8] file: NULL line 
D/DataSource_M3U8(  744): HLS=====>> Live Stream!!!!
D/dalvikvm( 1505): GC_CONCURRENT freed 417K, 79% free 1306K/6019K, paused 1ms+1ms
D/dalvikvm( 1505): GC_CONCURRENT freed 378K, 79% free 1323K/6019K, paused 0ms+1ms
D/dalvikvm( 1505): GC_CONCURRENT freed 395K, 77% free 1419K/6019K, paused 1ms+1ms
D/DataSource_M3U8(  744): 
D/DataSource_M3U8(  744): 
D/DataSource_M3U8(  744): 
D/DataSource_M3U8(  744): ============Begin to get playlist !!=====================
D/DataSource_M3U8(  744): 
D/DataSource_M3U8(  744): 
D/dalvikvm( 1505): GC_CONCURRENT freed 500K, 79% free 1320K/6019K, paused 1ms+2ms
D/dalvikvm( 1505): GC_CONCURRENT freed 395K, 79% free 1310K/6019K, paused 1ms+1ms
D/dalvikvm( 1505): GC_CONCURRENT freed 402K, 78% free 1333K/6019K, paused 0ms+1ms
D/DataSource_M3U8(  744): 
D/DataSource_M3U8(  744):  connect Server :cibn-iss1.longvisionmedia.com
D/DataSource_M3U8(  744): parseM3U8 .......!
D/DataSource_M3U8(  744): 
D/DataSource_M3U8(  744):  do not update  mediaSequence : 0   url = http://cibn-iss1.longvisionmedia.com:8088/vod/CIBN2013_CIBN2013040100011728_1200.m3u8   
D/DataSource_M3U8(  744): [M3U8] file: NULL line 
D/DataSource_M3U8(  744): HLS=====>> Live Stream!!!!
D/dalvikvm( 1505): GC_CONCURRENT freed 417K, 79% free 1303K/6019K, paused 1ms+1ms
D/dalvikvm( 1505): GC_CONCURRENT freed 396K, 79% free 1300K/6019K, paused 1ms+1ms
D/dalvikvm( 1505): GC_CONCURRENT freed 387K, 79% free 1317K/6019K, paused 1ms+1ms
D/DataSource_M3U8(  744): 
D/DataSource_M3U8(  744): 
D/DataSource_M3U8(  744): 
D/DataSource_M3U8(  744): ============Begin to get playlist !!=====================
D/DataSource_M3U8(  744): 
D/DataSource_M3U8(  744): 
D/dalvikvm( 1505): GC_CONCURRENT freed 405K, 77% free 1411K/6019K, paused 0ms+1ms
D/dalvikvm( 1505): GC_CONCURRENT freed 491K, 77% free 1402K/6019K, paused 2ms+1ms
D/DataSource_M3U8(  744): 
D/DataSource_M3U8(  744):  connect Server :cibn-iss1.longvisionmedia.com
D/DataSource_M3U8(  744): parseM3U8 .......!
D/DataSource_M3U8(  744): 
D/DataSource_M3U8(  744):  do not update  mediaSequence : 0   url = http://cibn-iss1.longvisionmedia.com:8088/vod/CIBN2013_CIBN2013040100011728_1200.m3u8   
D/DataSource_M3U8(  744): [M3U8] file: NULL line 
D/DataSource_M3U8(  744): HLS=====>> Live Stream!!!!
D/dalvikvm( 1505): GC_CONCURRENT freed 487K, 77% free 1427K/6019K, paused 1ms+1ms
D/dalvikvm( 1505): GC_CONCURRENT freed 518K, 76% free 1457K/6019K, paused 1ms+1ms
D/DataSource_M3U8(  744): 
D/DataSource_M3U8(  744): 
D/DataSource_M3U8(  744): 
D/DataSource_M3U8(  744): ============Begin to get playlist !!=====================
D/DataSource_M3U8(  744): 
D/DataSource_M3U8(  744): 
D/DataSource_M3U8(  744): 
D/DataSource_M3U8(  744):  connect Server :cibn-iss1.longvisionmedia.com
D/DataSource_M3U8(  744): parseM3U8 .......!
D/DataSource_M3U8(  744): 
D/DataSource_M3U8(  744):  do not update  mediaSequence : 0   url = http://cibn-iss1.longvisionmedia.com:8088/vod/CIBN2013_CIBN2013040100011728_1200.m3u8   
D/DataSource_M3U8(  744): [M3U8] file: NULL line 
D/DataSource_M3U8(  744): HLS=====>> Live Stream!!!!
D/DataSource_M3U8(  744): 
D/DataSource_M3U8(  744): 
D/DataSource_M3U8(  744): 
D/DataSource_M3U8(  744): ============Begin to get playlist !!=====================
D/DataSource_M3U8(  744): 
D/DataSource_M3U8(  744): 
D/DataSource_M3U8(  744): 
D/DataSource_M3U8(  744):  connect Server :cibn-iss1.longvisionmedia.com
D/DataSource_M3U8(  744): parseM3U8 .......!
D/DataSource_M3U8(  744): 
D/DataSource_M3U8(  744):  do not update  mediaSequence : 0   url = http://cibn-iss1.longvisionmedia.com:8088/vod/CIBN2013_CIBN2013040100011728_1200.m3u8   
D/DataSource_M3U8(  744): [M3U8] file: NULL line 
D/DataSource_M3U8(  744): HLS=====>> Live Stream!!!!
D/DataSource_M3U8(  744): 
D/DataSource_M3U8(  744): 
D/DataSource_M3U8(  744): 
D/DataSource_M3U8(  744): ============Begin to get playlist !!=====================
D/DataSource_M3U8(  744): 
D/DataSource_M3U8(  744): 
D/DataSource_M3U8(  744): 
D/DataSource_M3U8(  744):  connect Server :cibn-iss1.longvisionmedia.com
D/DataSource_M3U8(  744): parseM3U8 .......!
D/DataSource_M3U8(  744): 
D/DataSource_M3U8(  744):  do not update  mediaSequence : 0   url = http://cibn-iss1.longvisionmedia.com:8088/vod/CIBN2013_CIBN2013040100011728_1200.m3u8   
D/DataSource_M3U8(  744): [M3U8] file: NULL line 
D/DataSource_M3U8(  744): HLS=====>> Live Stream!!!!
D/DataSource_M3U8(  744): 
D/DataSource_M3U8(  744): 
D/DataSource_M3U8(  744): 
D/DataSource_M3U8(  744): ============Begin to get playlist !!=====================
D/DataSource_M3U8(  744): 
D/DataSource_M3U8(  744): 
D/DataSource_M3U8(  744): 
D/DataSource_M3U8(  744):  connect Server :cibn-iss1.longvisionmedia.com
D/DataSource_M3U8(  744): parseM3U8 .......!
D/DataSource_M3U8(  744): 
D/DataSource_M3U8(  744):  do not update  mediaSequence : 0   url = http://cibn-iss1.longvisionmedia.com:8088/vod/CIBN2013_CIBN2013040100011728_1200.m3u8   
D/DataSource_M3U8(  744): [M3U8] file: NULL line 
D/DataSource_M3U8(  744): HLS=====>> Live Stream!!!!
D/DataSource_M3U8(  744): ----------UpdatePlaylistThread runing... 
D/DataSource_M3U8(  744): 
D/DataSource_M3U8(  744): 
D/DataSource_M3U8(  744): 
D/DataSource_M3U8(  744): ============Begin to get playlist !!=====================
D/DataSource_M3U8(  744): 
D/DataSource_M3U8(  744): 
D/dalvikvm( 1505): GC_CONCURRENT freed 539K, 79% free 1313K/6019K, paused 1ms+1ms
D/dalvikvm( 1505): GC_CONCURRENT freed 361K, 78% free 1337K/6019K, paused 1ms+1ms
D/HomePlayerLib( 1505): hostaddress count is 1
D/dalvikvm( 1505): GC_CONCURRENT freed 433K, 78% free 1325K/6019K, paused 1ms+1ms
D/dalvikvm( 1505): GC_CONCURRENT freed 416K, 77% free 1415K/6019K, paused 1ms+1ms
D/DataSource_M3U8(  744): 
D/DataSource_M3U8(  744):  connect Server :cibn-iss1.longvisionmedia.com
D/DataSource_M3U8(  744): parseM3U8 .......!
D/DataSource_M3U8(  744): 
D/DataSource_M3U8(  744):  do not update  mediaSequence : 0   url = http://cibn-iss1.longvisionmedia.com:8088/vod/CIBN2013_CIBN2013040100011728_1200.m3u8   
D/DataSource_M3U8(  744): [M3U8] file: NULL line 
D/DataSource_M3U8(  744): HLS=====>> Live Stream!!!!
D/dalvikvm( 1505): GC_CONCURRENT freed 476K, 77% free 1389K/6019K, paused 1ms+1ms
D/dalvikvm( 1505): GC_CONCURRENT freed 480K, 77% free 1415K/6019K, paused 1ms+2ms
D/dalvikvm( 1505): GC_CONCURRENT freed 501K, 78% free 1347K/6019K, paused 1ms+1ms
D/dalvikvm( 1505): GC_CONCURRENT freed 443K, 79% free 1304K/6019K, paused 1ms+2ms
D/dalvikvm( 1505): GC_CONCURRENT freed 356K, 77% free 1418K/6019K, paused 1ms+1ms
D/DataSource_M3U8(  744): 
D/DataSource_M3U8(  744): 
D/DataSource_M3U8(  744): 
D/DataSource_M3U8(  744): ============Begin to get playlist !!=====================
D/DataSource_M3U8(  744): 
D/DataSource_M3U8(  744): 
D/dalvikvm( 1505): GC_CONCURRENT freed 480K, 78% free 1341K/6019K, paused 1ms+1ms
D/DataSource_M3U8(  744): 
D/DataSource_M3U8(  744):  connect Server :cibn-iss1.longvisionmedia.com
D/DataSource_M3U8(  744): parseM3U8 .......!
D/DataSource_M3U8(  744): 
D/DataSource_M3U8(  744):  do not update  mediaSequence : 0   url = http://cibn-iss1.longvisionmedia.com:8088/vod/CIBN2013_CIBN2013040100011728_1200.m3u8   
D/DataSource_M3U8(  744): [M3U8] file: NULL line 
D/DataSource_M3U8(  744): HLS=====>> Live Stream!!!!
D/dalvikvm( 1505): GC_CONCURRENT freed 405K, 77% free 1429K/6019K, paused 0ms+1ms
D/dalvikvm( 1505): GC_CONCURRENT freed 490K, 77% free 1417K/6019K, paused 1ms+1ms
D/dalvikvm( 1505): GC_CONCURRENT freed 475K, 78% free 1334K/6019K, paused 1ms+1ms
D/dalvikvm( 1505): GC_CONCURRENT freed 394K, 78% free 1333K/6019K, paused 1ms+1ms
D/DataSource_M3U8(  744): 
D/DataSource_M3U8(  744): 
D/DataSource_M3U8(  744): 
D/DataSource_M3U8(  744): ============Begin to get playlist !!=====================
D/DataSource_M3U8(  744): 
D/DataSource_M3U8(  744): 
D/dalvikvm( 1505): GC_CONCURRENT freed 404K, 77% free 1429K/6019K, paused 0ms+1ms
D/DataSource_M3U8(  744): 
D/DataSource_M3U8(  744):  connect Server :cibn-iss1.longvisionmedia.com
D/DataSource_M3U8(  744): parseM3U8 .......!
D/DataSource_M3U8(  744): 
D/DataSource_M3U8(  744):  do not update  mediaSequence : 0   url = http://cibn-iss1.longvisionmedia.com:8088/vod/CIBN2013_CIBN2013040100011728_1200.m3u8   
D/DataSource_M3U8(  744): [M3U8] file: NULL line 
D/DataSource_M3U8(  744): HLS=====>> Live Stream!!!!
D/DataSource_M3U8(  744): 
D/DataSource_M3U8(  744): 
D/DataSource_M3U8(  744): 
D/DataSource_M3U8(  744): ============Begin to get playlist !!=====================
D/DataSource_M3U8(  744): 
D/DataSource_M3U8(  744): 
D/DataSource_M3U8(  744): 
D/DataSource_M3U8(  744):  connect Server :cibn-iss1.longvisionmedia.com
D/DataSource_M3U8(  744): parseM3U8 .......!
D/DataSource_M3U8(  744): 
D/DataSource_M3U8(  744):  do not update  mediaSequence : 0   url = http://cibn-iss1.longvisionmedia.com:8088/vod/CIBN2013_CIBN2013040100011728_1200.m3u8   
D/DataSource_M3U8(  744): [M3U8] file: NULL line 
D/DataSource_M3U8(  744): HLS=====>> Live Stream!!!!
D/DataSource_M3U8(  744): 
D/DataSource_M3U8(  744): 
D/DataSource_M3U8(  744): 
D/DataSource_M3U8(  744): ============Begin to get playlist !!=====================
D/DataSource_M3U8(  744): 
D/DataSource_M3U8(  744): 
D/dalvikvm( 1505): GC_CONCURRENT freed 500K, 78% free 1327K/6019K, paused 1ms+1ms
D/DataSource_M3U8(  744): 
D/DataSource_M3U8(  744):  connect Server :cibn-iss1.longvisionmedia.com
D/DataSource_M3U8(  744): parseM3U8 .......!
D/DataSource_M3U8(  744): 
D/DataSource_M3U8(  744):  do not update  mediaSequence : 0   url = http://cibn-iss1.longvisionmedia.com:8088/vod/CIBN2013_CIBN2013040100011728_1200.m3u8   
D/DataSource_M3U8(  744): [M3U8] file: NULL line 
D/DataSource_M3U8(  744): HLS=====>> Live Stream!!!!
D/DataSource_M3U8(  744): 
D/DataSource_M3U8(  744): 
D/DataSource_M3U8(  744): 
D/DataSource_M3U8(  744): ============Begin to get playlist !!=====================
D/DataSource_M3U8(  744): 
D/DataSource_M3U8(  744): 
D/dalvikvm( 1505): GC_CONCURRENT freed 403K, 77% free 1422K/6019K, paused 1ms+1ms
D/dalvikvm( 1505): GC_CONCURRENT freed 504K, 78% free 1337K/6019K, paused 0ms+1ms
D/dalvikvm( 1505): GC_CONCURRENT freed 408K, 79% free 1324K/6019K, paused 1ms+1ms
D/DataSource_M3U8(  744): 
D/DataSource_M3U8(  744):  connect Server :cibn-iss1.longvisionmedia.com
D/DataSource_M3U8(  744): parseM3U8 .......!
D/DataSource_M3U8(  744): 
D/DataSource_M3U8(  744):  do not update  mediaSequence : 0   url = http://cibn-iss1.longvisionmedia.com:8088/vod/CIBN2013_CIBN2013040100011728_1200.m3u8   
D/DataSource_M3U8(  744): [M3U8] file: NULL line 
D/DataSource_M3U8(  744): HLS=====>> Live Stream!!!!
D/DataSource_M3U8(  744): 
D/DataSource_M3U8(  744): 
D/DataSource_M3U8(  744): 
D/DataSource_M3U8(  744): ============Begin to get playlist !!=====================
D/DataSource_M3U8(  744): 
D/DataSource_M3U8(  744): 
D/DataSource_M3U8(  744): 
D/DataSource_M3U8(  744):  connect Server :cibn-iss1.longvisionmedia.com
D/DataSource_M3U8(  744): parseM3U8 .......!
D/DataSource_M3U8(  744): 
D/DataSource_M3U8(  744):  do not update  mediaSequence : 0   url = http://cibn-iss1.longvisionmedia.com:8088/vod/CIBN2013_CIBN2013040100011728_1200.m3u8   
D/DataSource_M3U8(  744): [M3U8] file: NULL line 
D/DataSource_M3U8(  744): HLS=====>> Live Stream!!!!
D/DataSource_M3U8(  744): 
D/DataSource_M3U8(  744): 
D/DataSource_M3U8(  744): 
D/DataSource_M3U8(  744): ============Begin to get playlist !!=====================
D/DataSource_M3U8(  744): 
D/DataSource_M3U8(  744): 
D/DataSource_M3U8(  744): 
D/DataSource_M3U8(  744):  connect Server :cibn-iss1.longvisionmedia.com
D/DataSource_M3U8(  744): parseM3U8 .......!
D/DataSource_M3U8(  744): 
D/DataSource_M3U8(  744):  do not update  mediaSequence : 0   url = http://cibn-iss1.longvisionmedia.com:8088/vod/CIBN2013_CIBN2013040100011728_1200.m3u8   
D/DataSource_M3U8(  744): [M3U8] file: NULL line 
D/DataSource_M3U8(  744): HLS=====>> Live Stream!!!!
D/DataSource_M3U8(  744): 
D/DataSource_M3U8(  744): 
D/DataSource_M3U8(  744): 
D/DataSource_M3U8(  744): ============Begin to get playlist !!=====================
D/DataSource_M3U8(  744): 
D/DataSource_M3U8(  744): 
D/DataSource_M3U8(  744): 
D/DataSource_M3U8(  744):  connect Server :cibn-iss1.longvisionmedia.com
D/DataSource_M3U8(  744): parseM3U8 .......!
D/DataSource_M3U8(  744): 
D/DataSource_M3U8(  744):  do not update  mediaSequence : 0   url = http://cibn-iss1.longvisionmedia.com:8088/vod/CIBN2013_CIBN2013040100011728_1200.m3u8   
D/DataSource_M3U8(  744): [M3U8] file: NULL line 
D/DataSource_M3U8(  744): HLS=====>> Live Stream!!!!
D/HomePlayerLib( 1505): hostaddress count is 1
D/dalvikvm( 1505): GC_CONCURRENT freed 420K, 79% free 1299K/6019K, paused 1ms+1ms
D/dalvikvm( 1505): GC_CONCURRENT freed 389K, 79% free 1312K/6019K, paused 1ms+1ms
D/dalvikvm( 1505): GC_CONCURRENT freed 358K, 76% free 1463K/6019K, paused 1ms+1ms
D/dalvikvm( 1505): GC_CONCURRENT freed 547K, 78% free 1376K/6019K, paused 1ms+1ms
D/DataSource_M3U8(  744): 
D/DataSource_M3U8(  744): 
D/DataSource_M3U8(  744): 
D/DataSource_M3U8(  744): ============Begin to get playlist !!=====================
D/DataSource_M3U8(  744): 
D/DataSource_M3U8(  744): 
D/dalvikvm( 1505): GC_CONCURRENT freed 441K, 78% free 1330K/6019K, paused 1ms+1ms
D/dalvikvm( 1505): GC_CONCURRENT freed 395K, 78% free 1349K/6019K, paused 1ms+1ms
D/dalvikvm( 1505): GC_CONCURRENT freed 417K, 76% free 1456K/6019K, paused 1ms+2ms
D/dalvikvm( 1505): GC_CONCURRENT freed 537K, 77% free 1394K/6019K, paused 1ms+1ms
D/DataSource_M3U8(  744): 
D/DataSource_M3U8(  744):  connect Server :cibn-iss1.longvisionmedia.com
D/DataSource_M3U8(  744): parseM3U8 .......!
D/DataSource_M3U8(  744): 
D/DataSource_M3U8(  744):  do not update  mediaSequence : 0   url = http://cibn-iss1.longvisionmedia.com:8088/vod/CIBN2013_CIBN2013040100011728_1200.m3u8   
D/DataSource_M3U8(  744): [M3U8] file: NULL line 
D/DataSource_M3U8(  744): HLS=====>> Live Stream!!!!
D/dalvikvm( 1505): GC_CONCURRENT freed 452K, 77% free 1436K/6019K, paused 1ms+1ms
D/dalvikvm( 1505): GC_CONCURRENT freed 503K, 77% free 1413K/6019K, paused 1ms+1ms
D/dalvikvm( 1505): GC_CONCURRENT freed 485K, 78% free 1380K/6019K, paused 1ms+1ms
D/DataSource_M3U8(  744): 
D/DataSource_M3U8(  744): 
D/DataSource_M3U8(  744): 
D/DataSource_M3U8(  744): ============Begin to get playlist !!=====================
D/DataSource_M3U8(  744): 
D/DataSource_M3U8(  744): 
D/dalvikvm( 1505): GC_CONCURRENT freed 446K, 77% free 1430K/6019K, paused 1ms+1ms
D/dalvikvm( 1505): GC_CONCURRENT freed 491K, 77% free 1415K/6019K, paused 1ms+1ms
D/DataSource_M3U8(  744): 
D/DataSource_M3U8(  744):  connect Server :cibn-iss1.longvisionmedia.com
D/DataSource_M3U8(  744): parseM3U8 .......!
D/DataSource_M3U8(  744): 
D/DataSource_M3U8(  744):  do not update  mediaSequence : 0   url = http://cibn-iss1.longvisionmedia.com:8088/vod/CIBN2013_CIBN2013040100011728_1200.m3u8   
D/DataSource_M3U8(  744): [M3U8] file: NULL line 
D/DataSource_M3U8(  744): HLS=====>> Live Stream!!!!
D/dalvikvm( 1505): GC_CONCURRENT freed 476K, 78% free 1333K/6019K, paused 1ms+1ms
D/DataSource_M3U8(  744): 
D/DataSource_M3U8(  744): 
D/DataSource_M3U8(  744): 
D/DataSource_M3U8(  744): ============Begin to get playlist !!=====================
D/DataSource_M3U8(  744): 
D/DataSource_M3U8(  744): 
D/DataSource_M3U8(  744): 
D/DataSource_M3U8(  744):  connect Server :cibn-iss1.longvisionmedia.com
D/DataSource_M3U8(  744): parseM3U8 .......!
D/DataSource_M3U8(  744): 
D/DataSource_M3U8(  744):  do not update  mediaSequence : 0   url = http://cibn-iss1.longvisionmedia.com:8088/vod/CIBN2013_CIBN2013040100011728_1200.m3u8   
D/DataSource_M3U8(  744): [M3U8] file: NULL line 
D/DataSource_M3U8(  744): HLS=====>> Live Stream!!!!
D/DataSource_M3U8(  744): 
D/DataSource_M3U8(  744): 
D/DataSource_M3U8(  744): 
D/DataSource_M3U8(  744): ============Begin to get playlist !!=====================
D/DataSource_M3U8(  744): 
D/DataSource_M3U8(  744): 
D/DataSource_M3U8(  744): 
D/DataSource_M3U8(  744):  connect Server :cibn-iss1.longvisionmedia.com
D/DataSource_M3U8(  744): parseM3U8 .......!
D/DataSource_M3U8(  744): 
D/DataSource_M3U8(  744):  do not update  mediaSequence : 0   url = http://cibn-iss1.longvisionmedia.com:8088/vod/CIBN2013_CIBN2013040100011728_1200.m3u8   
D/DataSource_M3U8(  744): [M3U8] file: NULL line 
D/DataSource_M3U8(  744): HLS=====>> Live Stream!!!!
D/DataSource_M3U8(  744): 
D/DataSource_M3U8(  744): 
D/DataSource_M3U8(  744): 
D/DataSource_M3U8(  744): ============Begin to get playlist !!=====================
D/DataSource_M3U8(  744): 
D/DataSource_M3U8(  744): 
D/DataSource_M3U8(  744): 
D/DataSource_M3U8(  744):  connect Server :cibn-iss1.longvisionmedia.com
D/DataSource_M3U8(  744): parseM3U8 .......!
D/DataSource_M3U8(  744): 
D/DataSource_M3U8(  744):  do not update  mediaSequence : 0   url = http://cibn-iss1.longvisionmedia.com:8088/vod/CIBN2013_CIBN2013040100011728_1200.m3u8   
D/DataSource_M3U8(  744): [M3U8] file: NULL line 
D/DataSource_M3U8(  744): HLS=====>> Live Stream!!!!
D/DataSource_M3U8(  744): 
D/DataSource_M3U8(  744): 
D/DataSource_M3U8(  744): 
D/DataSource_M3U8(  744): ============Begin to get playlist !!=====================
D/DataSource_M3U8(  744): 
D/DataSource_M3U8(  744): 
D/DataSource_M3U8(  744): 
D/DataSource_M3U8(  744):  connect Server :cibn-iss1.longvisionmedia.com
D/DataSource_M3U8(  744): parseM3U8 .......!
D/DataSource_M3U8(  744): 
D/DataSource_M3U8(  744):  do not update  mediaSequence : 0   url = http://cibn-iss1.longvisionmedia.com:8088/vod/CIBN2013_CIBN2013040100011728_1200.m3u8   
D/DataSource_M3U8(  744): [M3U8] file: NULL line 
D/DataSource_M3U8(  744): HLS=====>> Live Stream!!!!
D/DataSource_M3U8(  744): 
D/DataSource_M3U8(  744): 
D/DataSource_M3U8(  744): 
D/DataSource_M3U8(  744): ============Begin to get playlist !!=====================
D/DataSource_M3U8(  744): 
D/DataSource_M3U8(  744): 
D/dalvikvm( 1505): GC_CONCURRENT freed 392K, 78% free 1332K/6019K, paused 1ms+1ms
D/dalvikvm( 1505): GC_CONCURRENT freed 412K, 77% free 1421K/6019K, paused 1ms+1ms
D/DataSource_M3U8(  744): 
D/DataSource_M3U8(  744):  connect Server :cibn-iss1.longvisionmedia.com
D/DataSource_M3U8(  744): parseM3U8 .......!
D/DataSource_M3U8(  744): 
D/DataSource_M3U8(  744):  do not update  mediaSequence : 0   url = http://cibn-iss1.longvisionmedia.com:8088/vod/CIBN2013_CIBN2013040100011728_1200.m3u8   
D/DataSource_M3U8(  744): [M3U8] file: NULL line 
D/DataSource_M3U8(  744): HLS=====>> Live Stream!!!!
D/dalvikvm( 1505): GC_CONCURRENT freed 490K, 79% free 1323K/6019K, paused 1ms+1ms
D/dalvikvm( 1505): GC_CONCURRENT freed 404K, 77% free 1397K/6019K, paused 1ms+1ms
D/dalvikvm( 1505): GC_CONCURRENT freed 475K, 79% free 1320K/6019K, paused 1ms+1ms
D/DataSource_M3U8(  744): 
D/DataSource_M3U8(  744): 
D/DataSource_M3U8(  744): 
D/DataSource_M3U8(  744): ============Begin to get playlist !!=====================
D/DataSource_M3U8(  744): 
D/DataSource_M3U8(  744): 
D/DataSource_M3U8(  744): 
D/DataSource_M3U8(  744):  connect Server :cibn-iss1.longvisionmedia.com
D/DataSource_M3U8(  744): parseM3U8 .......!
D/DataSource_M3U8(  744): 
D/DataSource_M3U8(  744):  do not update  mediaSequence : 0   url = http://cibn-iss1.longvisionmedia.com:8088/vod/CIBN2013_CIBN2013040100011728_1200.m3u8   
D/DataSource_M3U8(  744): [M3U8] file: NULL line 
D/DataSource_M3U8(  744): HLS=====>> Live Stream!!!!
D/DataSource_M3U8(  744): 
D/DataSource_M3U8(  744): 
D/DataSource_M3U8(  744): 
D/DataSource_M3U8(  744): ============Begin to get playlist !!=====================
D/DataSource_M3U8(  744): 
D/DataSource_M3U8(  744): 
D/DataSource_M3U8(  744): 
D/DataSource_M3U8(  744):  connect Server :cibn-iss1.longvisionmedia.com
D/DataSource_M3U8(  744): parseM3U8 .......!
D/DataSource_M3U8(  744): 
D/DataSource_M3U8(  744):  do not update  mediaSequence : 0   url = http://cibn-iss1.longvisionmedia.com:8088/vod/CIBN2013_CIBN2013040100011728_1200.m3u8   
D/DataSource_M3U8(  744): [M3U8] file: NULL line 
D/DataSource_M3U8(  744): HLS=====>> Live Stream!!!!
D/DataSource_M3U8(  744): 
D/DataSource_M3U8(  744):  Warnig:: No Enough data in buffer...
I//lib/ld-linux.so.3(  748): Blocking Read: 30021, size: 0x0.
D/DataSource_M3U8(  744): 
D/DataSource_M3U8(  744): 
D/DataSource_M3U8(  744): 
D/DataSource_M3U8(  744): ============Begin to get playlist !!=====================
D/DataSource_M3U8(  744): 
D/DataSource_M3U8(  744): 
D/DataSource_M3U8(  744): 
D/DataSource_M3U8(  744):  connect Server :cibn-iss1.longvisionmedia.com
D/DataSource_M3U8(  744): parseM3U8 .......!
D/DataSource_M3U8(  744): 
D/DataSource_M3U8(  744):  do not update  mediaSequence : 0   url = http://cibn-iss1.longvisionmedia.com:8088/vod/CIBN2013_CIBN2013040100011728_1200.m3u8   
D/DataSource_M3U8(  744): [M3U8] file: NULL line 
D/DataSource_M3U8(  744): HLS=====>> Live Stream!!!!
D/DataSource_M3U8(  744): 
D/DataSource_M3U8(  744): 
D/DataSource_M3U8(  744): 
D/DataSource_M3U8(  744): ============Begin to get playlist !!=====================
D/DataSource_M3U8(  744): 
D/DataSource_M3U8(  744): 
D/DataSource_M3U8(  744): 
D/DataSource_M3U8(  744):  connect Server :cibn-iss1.longvisionmedia.com
D/DataSource_M3U8(  744): parseM3U8 .......!
D/DataSource_M3U8(  744): 
D/DataSource_M3U8(  744):  do not update  mediaSequence : 0   url = http://cibn-iss1.longvisionmedia.com:8088/vod/CIBN2013_CIBN2013040100011728_1200.m3u8   
D/DataSource_M3U8(  744): [M3U8] file: NULL line 
D/DataSource_M3U8(  744): HLS=====>> Live Stream!!!!
D/DataSource_M3U8(  744): 
D/DataSource_M3U8(  744): 
D/DataSource_M3U8(  744): 
D/DataSource_M3U8(  744): ============Begin to get playlist !!=====================
D/DataSource_M3U8(  744): 
D/DataSource_M3U8(  744): 
D/DataSource_M3U8(  744): 
D/DataSource_M3U8(  744):  connect Server :cibn-iss1.longvisionmedia.com
D/DataSource_M3U8(  744): parseM3U8 .......!
D/DataSource_M3U8(  744): 
D/DataSource_M3U8(  744):  do not update  mediaSequence : 0   url = http://cibn-iss1.longvisionmedia.com:8088/vod/CIBN2013_CIBN2013040100011728_1200.m3u8   
D/DataSource_M3U8(  744): [M3U8] file: NULL line 
D/DataSource_M3U8(  744): HLS=====>> Live Stream!!!!
D/DataSource_M3U8(  744): 
D/DataSource_M3U8(  744): 
D/DataSource_M3U8(  744): 
D/DataSource_M3U8(  744): ============Begin to get playlist !!=====================
D/DataSource_M3U8(  744): 
D/DataSource_M3U8(  744): 
D/DataSource_M3U8(  744): 
D/DataSource_M3U8(  744):  connect Server :cibn-iss1.longvisionmedia.com
D/DataSource_M3U8(  744): parseM3U8 .......!
D/DataSource_M3U8(  744): 
D/DataSource_M3U8(  744):  do not update  mediaSequence : 0   url = http://cibn-iss1.longvisionmedia.com:8088/vod/CIBN2013_CIBN2013040100011728_1200.m3u8   
D/DataSource_M3U8(  744): [M3U8] file: NULL line 
D/DataSource_M3U8(  744): HLS=====>> Live Stream!!!!
D/dalvikvm( 1505): GC_CONCURRENT freed 400K, 79% free 1313K/6019K, paused 1ms+1ms
D/HomePlayerLib( 1505): hostaddress count is 1
D/dalvikvm( 1505): GC_CONCURRENT freed 395K, 77% free 1436K/6019K, paused 1ms+1ms
D/DataSource_M3U8(  744): 
D/DataSource_M3U8(  744): 
D/DataSource_M3U8(  744): 
D/DataSource_M3U8(  744): ============Begin to get playlist !!=====================
D/DataSource_M3U8(  744): 
D/DataSource_M3U8(  744): 
D/dalvikvm( 1505): GC_CONCURRENT freed 500K, 76% free 1447K/6019K, paused 1ms+1ms
D/dalvikvm( 1505): GC_CONCURRENT freed 532K, 77% free 1399K/6019K, paused 1ms+1ms
D/DataSource_M3U8(  744): 
D/DataSource_M3U8(  744):  connect Server :cibn-iss1.longvisionmedia.com
D/DataSource_M3U8(  744): parseM3U8 .......!
D/DataSource_M3U8(  744): 
D/DataSource_M3U8(  744):  do not update  mediaSequence : 0   url = http://cibn-iss1.longvisionmedia.com:8088/vod/CIBN2013_CIBN2013040100011728_1200.m3u8   
D/DataSource_M3U8(  744): [M3U8] file: NULL line 
D/DataSource_M3U8(  744): HLS=====>> Live Stream!!!!
D/dalvikvm( 1505): GC_CONCURRENT freed 473K, 77% free 1442K/6019K, paused 0ms+1ms
D/dalvikvm( 1505): GC_CONCURRENT freed 521K, 79% free 1310K/6019K, paused 1ms+1ms
D/dalvikvm( 1505): GC_CONCURRENT freed 384K, 78% free 1325K/6019K, paused 1ms+1ms
D/dalvikvm( 1505): GC_CONCURRENT freed 399K, 78% free 1363K/6019K, paused 1ms+1ms
D/dalvikvm( 1505): GC_CONCURRENT freed 432K, 78% free 1362K/6019K, paused 1ms+1ms
D/DataSource_M3U8(  744): 
D/DataSource_M3U8(  744): 
D/DataSource_M3U8(  744): 
D/DataSource_M3U8(  744): ============Begin to get playlist !!=====================
D/DataSource_M3U8(  744): 
D/DataSource_M3U8(  744): 
D/dalvikvm( 1505): GC_CONCURRENT freed 435K, 79% free 1314K/6019K, paused 1ms+1ms
D/dalvikvm( 1505): GC_CONCURRENT freed 378K, 77% free 1438K/6019K, paused 1ms+1ms
D/DataSource_M3U8(  744): 
D/DataSource_M3U8(  744):  connect Server :cibn-iss1.longvisionmedia.com
D/DataSource_M3U8(  744): parseM3U8 .......!
D/DataSource_M3U8(  744): 
D/DataSource_M3U8(  744):  do not update  mediaSequence : 0   url = http://cibn-iss1.longvisionmedia.com:8088/vod/CIBN2013_CIBN2013040100011728_1200.m3u8   
D/DataSource_M3U8(  744): [M3U8] file: NULL line 
D/DataSource_M3U8(  744): HLS=====>> Live Stream!!!!
D/dalvikvm( 1505): GC_CONCURRENT freed 503K, 79% free 1320K/6019K, paused 1ms+1ms
D/dalvikvm( 1505): GC_CONCURRENT freed 393K, 77% free 1427K/6019K, paused 1ms+1ms
D/DataSource_M3U8(  744): 
D/DataSource_M3U8(  744): 
D/DataSource_M3U8(  744): 
D/DataSource_M3U8(  744): ============Begin to get playlist !!=====================
D/DataSource_M3U8(  744): 
D/DataSource_M3U8(  744): 
D/dalvikvm( 1505): GC_CONCURRENT freed 497K, 77% free 1405K/6019K, paused 2ms+1ms
D/dalvikvm( 1505): GC_CONCURRENT freed 477K, 78% free 1329K/6019K, paused 1ms+1ms
D/DataSource_M3U8(  744): 
D/DataSource_M3U8(  744):  connect Server :cibn-iss1.longvisionmedia.com
D/DataSource_M3U8(  744): parseM3U8 .......!
D/DataSource_M3U8(  744): 
D/DataSource_M3U8(  744):  do not update  mediaSequence : 0   url = http://cibn-iss1.longvisionmedia.com:8088/vod/CIBN2013_CIBN2013040100011728_1200.m3u8   
D/DataSource_M3U8(  744): [M3U8] file: NULL line 
D/DataSource_M3U8(  744): HLS=====>> Live Stream!!!!
D/dalvikvm( 1505): GC_CONCURRENT freed 394K, 78% free 1345K/6019K, paused 1ms+1ms
D/dalvikvm( 1505): GC_CONCURRENT freed 407K, 77% free 1420K/6019K, paused 1ms+1ms
D/dalvikvm( 1505): GC_CONCURRENT freed 481K, 78% free 1333K/6019K, paused 1ms+1ms
D/DataSource_M3U8(  744): 
D/DataSource_M3U8(  744): 
D/DataSource_M3U8(  744): 
D/DataSource_M3U8(  744): ============Begin to get playlist !!=====================
D/DataSource_M3U8(  744): 
D/DataSource_M3U8(  744): 
D/dalvikvm( 1505): GC_CONCURRENT freed 388K, 77% free 1414K/6019K, paused 1ms+1ms
D/dalvikvm( 1505): GC_CONCURRENT freed 480K, 77% free 1439K/6019K, paused 1ms+1ms
D/DataSource_M3U8(  744): 
D/DataSource_M3U8(  744):  connect Server :cibn-iss1.longvisionmedia.com
D/DataSource_M3U8(  744): parseM3U8 .......!
D/DataSource_M3U8(  744): 
D/DataSource_M3U8(  744):  do not update  mediaSequence : 0   url = http://cibn-iss1.longvisionmedia.com:8088/vod/CIBN2013_CIBN2013040100011728_1200.m3u8   
D/DataSource_M3U8(  744): [M3U8] file: NULL line 
D/DataSource_M3U8(  744): HLS=====>> Live Stream!!!!
D/DataSource_M3U8(  744): 
D/DataSource_M3U8(  744): 
D/DataSource_M3U8(  744): 
D/DataSource_M3U8(  744): ============Begin to get playlist !!=====================
D/DataSource_M3U8(  744): 
D/DataSource_M3U8(  744): 
D/DataSource_M3U8(  744): 
D/DataSource_M3U8(  744):  connect Server :cibn-iss1.longvisionmedia.com
D/DataSource_M3U8(  744): parseM3U8 .......!
D/DataSource_M3U8(  744): 
D/DataSource_M3U8(  744):  do not update  mediaSequence : 0   url = http://cibn-iss1.longvisionmedia.com:8088/vod/CIBN2013_CIBN2013040100011728_1200.m3u8   
D/DataSource_M3U8(  744): [M3U8] file: NULL line 
D/DataSource_M3U8(  744): HLS=====>> Live Stream!!!!
D/DataSource_M3U8(  744): 
D/DataSource_M3U8(  744): 
D/DataSource_M3U8(  744): 
D/DataSource_M3U8(  744): ============Begin to get playlist !!=====================
D/DataSource_M3U8(  744): 
D/DataSource_M3U8(  744): 
D/DataSource_M3U8(  744): 
D/DataSource_M3U8(  744):  connect Server :cibn-iss1.longvisionmedia.com
D/DataSource_M3U8(  744): parseM3U8 .......!
D/DataSource_M3U8(  744): 
D/DataSource_M3U8(  744):  do not update  mediaSequence : 0   url = http://cibn-iss1.longvisionmedia.com:8088/vod/CIBN2013_CIBN2013040100011728_1200.m3u8   
D/DataSource_M3U8(  744): [M3U8] file: NULL line 
D/DataSource_M3U8(  744): HLS=====>> Live Stream!!!!
D/DataSource_M3U8(  744): 
D/DataSource_M3U8(  744): 
D/DataSource_M3U8(  744): 
D/DataSource_M3U8(  744): ============Begin to get playlist !!=====================
D/DataSource_M3U8(  744): 
D/DataSource_M3U8(  744): 
D/DataSource_M3U8(  744): 
D/DataSource_M3U8(  744):  connect Server :cibn-iss1.longvisionmedia.com
D/DataSource_M3U8(  744): parseM3U8 .......!
D/DataSource_M3U8(  744): 
D/DataSource_M3U8(  744):  do not update  mediaSequence : 0   url = http://cibn-iss1.longvisionmedia.com:8088/vod/CIBN2013_CIBN2013040100011728_1200.m3u8   
D/DataSource_M3U8(  744): [M3U8] file: NULL line 
D/DataSource_M3U8(  744): HLS=====>> Live Stream!!!!
D/DataSource_M3U8(  744): 
D/DataSource_M3U8(  744): 
D/DataSource_M3U8(  744): 
D/DataSource_M3U8(  744): ============Begin to get playlist !!=====================
D/DataSource_M3U8(  744): 
D/DataSource_M3U8(  744): 
D/DataSource_M3U8(  744): 
D/DataSource_M3U8(  744):  connect Server :cibn-iss1.longvisionmedia.com
D/DataSource_M3U8(  744): parseM3U8 .......!
D/DataSource_M3U8(  744): 
D/DataSource_M3U8(  744):  do not update  mediaSequence : 0   url = http://cibn-iss1.longvisionmedia.com:8088/vod/CIBN2013_CIBN2013040100011728_1200.m3u8   
D/DataSource_M3U8(  744): [M3U8] file: NULL line 
D/DataSource_M3U8(  744): HLS=====>> Live Stream!!!!
D/dalvikvm( 1505): GC_CONCURRENT freed 513K, 79% free 1318K/6019K, paused 1ms+1ms
D/dalvikvm( 1505): GC_CONCURRENT freed 391K, 78% free 1325K/6019K, paused 1ms+1ms
D/dalvikvm( 1505): GC_CONCURRENT freed 406K, 79% free 1314K/6019K, paused 1ms+1ms
D/DataSource_M3U8(  744): 
D/DataSource_M3U8(  744): 
D/DataSource_M3U8(  744): 
D/DataSource_M3U8(  744): ============Begin to get playlist !!=====================
D/DataSource_M3U8(  744): 
D/DataSource_M3U8(  744): 
D/dalvikvm( 1505): GC_CONCURRENT freed 394K, 77% free 1411K/6019K, paused 1ms+1ms
D/DataSource_M3U8(  744): 
D/DataSource_M3U8(  744):  connect Server :cibn-iss1.longvisionmedia.com
D/DataSource_M3U8(  744): parseM3U8 .......!
D/DataSource_M3U8(  744): 
D/DataSource_M3U8(  744):  do not update  mediaSequence : 0   url = http://cibn-iss1.longvisionmedia.com:8088/vod/CIBN2013_CIBN2013040100011728_1200.m3u8   
D/DataSource_M3U8(  744): [M3U8] file: NULL line 
D/DataSource_M3U8(  744): HLS=====>> Live Stream!!!!
D/DataSource_M3U8(  744): 
D/DataSource_M3U8(  744): 
D/DataSource_M3U8(  744): 
D/DataSource_M3U8(  744): ============Begin to get playlist !!=====================
D/DataSource_M3U8(  744): 
D/DataSource_M3U8(  744): 
D/DataSource_M3U8(  744): 
D/DataSource_M3U8(  744):  connect Server :cibn-iss1.longvisionmedia.com
D/DataSource_M3U8(  744): parseM3U8 .......!
D/DataSource_M3U8(  744): 
D/DataSource_M3U8(  744):  do not update  mediaSequence : 0   url = http://cibn-iss1.longvisionmedia.com:8088/vod/CIBN2013_CIBN2013040100011728_1200.m3u8   
D/DataSource_M3U8(  744): [M3U8] file: NULL line 
D/DataSource_M3U8(  744): HLS=====>> Live Stream!!!!
D/DataSource_M3U8(  744): 
D/DataSource_M3U8(  744): 
D/DataSource_M3U8(  744): 
D/DataSource_M3U8(  744): ============Begin to get playlist !!=====================
D/DataSource_M3U8(  744): 
D/DataSource_M3U8(  744): 
D/DataSource_M3U8(  744): 
D/DataSource_M3U8(  744):  connect Server :cibn-iss1.longvisionmedia.com
D/DataSource_M3U8(  744): parseM3U8 .......!
D/DataSource_M3U8(  744): 
D/DataSource_M3U8(  744):  do not update  mediaSequence : 0   url = http://cibn-iss1.longvisionmedia.com:8088/vod/CIBN2013_CIBN2013040100011728_1200.m3u8   
D/DataSource_M3U8(  744): [M3U8] file: NULL line 
D/DataSource_M3U8(  744): HLS=====>> Live Stream!!!!
D/DataSource_M3U8(  744): 
D/DataSource_M3U8(  744): 
D/DataSource_M3U8(  744): 
D/DataSource_M3U8(  744): ============Begin to get playlist !!=====================
D/DataSource_M3U8(  744): 
D/DataSource_M3U8(  744): 
D/DataSource_M3U8(  744): 
D/DataSource_M3U8(  744):  connect Server :cibn-iss1.longvisionmedia.com
D/DataSource_M3U8(  744): parseM3U8 .......!
D/DataSource_M3U8(  744): 
D/DataSource_M3U8(  744):  do not update  mediaSequence : 0   url = http://cibn-iss1.longvisionmedia.com:8088/vod/CIBN2013_CIBN2013040100011728_1200.m3u8   
D/DataSource_M3U8(  744): [M3U8] file: NULL line 
D/DataSource_M3U8(  744): HLS=====>> Live Stream!!!!
D/DataSource_M3U8(  744): ----------UpdatePlaylistThread runing... 
D/DataSource_M3U8(  744): 
D/DataSource_M3U8(  744): 
D/DataSource_M3U8(  744): 
D/DataSource_M3U8(  744): ============Begin to get playlist !!=====================
D/DataSource_M3U8(  744): 
D/DataSource_M3U8(  744): 
D/DataSource_M3U8(  744): 
D/DataSource_M3U8(  744):  connect Server :cibn-iss1.longvisionmedia.com
D/DataSource_M3U8(  744): parseM3U8 .......!
D/DataSource_M3U8(  744): 
D/DataSource_M3U8(  744):  do not update  mediaSequence : 0   url = http://cibn-iss1.longvisionmedia.com:8088/vod/CIBN2013_CIBN2013040100011728_1200.m3u8   
D/DataSource_M3U8(  744): [M3U8] file: NULL line 
D/DataSource_M3U8(  744): HLS=====>> Live Stream!!!!
D/DataSource_M3U8(  744): 
D/DataSource_M3U8(  744): 
D/DataSource_M3U8(  744): 
D/DataSource_M3U8(  744): ============Begin to get playlist !!=====================
D/DataSource_M3U8(  744): 
D/DataSource_M3U8(  744): 
D/DataSource_M3U8(  744): 
D/DataSource_M3U8(  744):  connect Server :cibn-iss1.longvisionmedia.com
D/DataSource_M3U8(  744): parseM3U8 .......!
D/DataSource_M3U8(  744): 
D/DataSource_M3U8(  744):  do not update  mediaSequence : 0   url = http://cibn-iss1.longvisionmedia.com:8088/vod/CIBN2013_CIBN2013040100011728_1200.m3u8   
D/DataSource_M3U8(  744): [M3U8] file: NULL line 
D/DataSource_M3U8(  744): HLS=====>> Live Stream!!!!
D/DataSource_M3U8(  744): 
D/DataSource_M3U8(  744): 
D/DataSource_M3U8(  744): 
D/DataSource_M3U8(  744): ============Begin to get playlist !!=====================
D/DataSource_M3U8(  744): 
D/DataSource_M3U8(  744): 
D/dalvikvm( 1505): GC_CONCURRENT freed 498K, 79% free 1313K/6019K, paused 1ms+1ms
D/HomePlayerLib( 1505): hostaddress count is 1
D/dalvikvm( 1505): GC_CONCURRENT freed 391K, 77% free 1428K/6019K, paused 0ms+1ms
D/dalvikvm( 1505): GC_CONCURRENT freed 506K, 77% free 1420K/6019K, paused 0ms+1ms
D/DataSource_M3U8(  744): 
D/DataSource_M3U8(  744):  connect Server :cibn-iss1.longvisionmedia.com
D/DataSource_M3U8(  744): parseM3U8 .......!
D/DataSource_M3U8(  744): 
D/DataSource_M3U8(  744):  do not update  mediaSequence : 0   url = http://cibn-iss1.longvisionmedia.com:8088/vod/CIBN2013_CIBN2013040100011728_1200.m3u8   
D/DataSource_M3U8(  744): [M3U8] file: NULL line 
D/DataSource_M3U8(  744): HLS=====>> Live Stream!!!!
D/dalvikvm( 1505): GC_CONCURRENT freed 487K, 79% free 1318K/6019K, paused 1ms+2ms
D/dalvikvm( 1505): GC_CONCURRENT freed 406K, 78% free 1336K/6019K, paused 1ms+1ms
D/dalvikvm( 1505): GC_CONCURRENT freed 419K, 79% free 1312K/6019K, paused 1ms+1ms
D/dalvikvm( 1505): GC_CONCURRENT freed 395K, 78% free 1351K/6019K, paused 1ms+1ms
D/dalvikvm( 1505): GC_CONCURRENT freed 407K, 76% free 1460K/6019K, paused 1ms+1ms
D/DataSource_M3U8(  744): 
D/DataSource_M3U8(  744): 
D/DataSource_M3U8(  744): 
D/DataSource_M3U8(  744): ============Begin to get playlist !!=====================
D/DataSource_M3U8(  744): 
D/DataSource_M3U8(  744): 
D/dalvikvm( 1505): GC_CONCURRENT freed 511K, 75% free 1545K/6019K, paused 1ms+1ms
D/dalvikvm( 1505): GC_CONCURRENT freed 597K, 78% free 1347K/6019K, paused 1ms+2ms
D/DataSource_M3U8(  744): 
D/DataSource_M3U8(  744):  connect Server :cibn-iss1.longvisionmedia.com
D/DataSource_M3U8(  744): parseM3U8 .......!
D/DataSource_M3U8(  744): 
D/DataSource_M3U8(  744):  do not update  mediaSequence : 0   url = http://cibn-iss1.longvisionmedia.com:8088/vod/CIBN2013_CIBN2013040100011728_1200.m3u8   
D/DataSource_M3U8(  744): [M3U8] file: NULL line 
D/DataSource_M3U8(  744): HLS=====>> Live Stream!!!!
D/dalvikvm( 1505): GC_CONCURRENT freed 397K, 78% free 1337K/6019K, paused 1ms+1ms
D/dalvikvm( 1505): GC_CONCURRENT freed 398K, 78% free 1332K/6019K, paused 1ms+2ms
D/dalvikvm( 1505): GC_CONCURRENT freed 394K, 78% free 1332K/6019K, paused 1ms+1ms
D/DataSource_M3U8(  744): 
D/DataSource_M3U8(  744): 
D/DataSource_M3U8(  744): 
D/DataSource_M3U8(  744): ============Begin to get playlist !!=====================
D/DataSource_M3U8(  744): 
D/DataSource_M3U8(  744): 
D/dalvikvm( 1505): GC_CONCURRENT freed 393K, 78% free 1338K/6019K, paused 1ms+1ms
D/DataSource_M3U8(  744): 
D/DataSource_M3U8(  744):  connect Server :cibn-iss1.longvisionmedia.com
D/DataSource_M3U8(  744): parseM3U8 .......!
D/DataSource_M3U8(  744): 
D/DataSource_M3U8(  744):  do not update  mediaSequence : 0   url = http://cibn-iss1.longvisionmedia.com:8088/vod/CIBN2013_CIBN2013040100011728_1200.m3u8   
D/DataSource_M3U8(  744): [M3U8] file: NULL line 
D/DataSource_M3U8(  744): HLS=====>> Live Stream!!!!
D/DataSource_M3U8(  744): 
D/DataSource_M3U8(  744): 
D/DataSource_M3U8(  744): 
D/DataSource_M3U8(  744): ============Begin to get playlist !!=====================
D/DataSource_M3U8(  744): 
D/DataSource_M3U8(  744): 
D/DataSource_M3U8(  744): 
D/DataSource_M3U8(  744):  connect Server :cibn-iss1.longvisionmedia.com
D/DataSource_M3U8(  744): parseM3U8 .......!
D/DataSource_M3U8(  744): 
D/DataSource_M3U8(  744):  do not update  mediaSequence : 0   url = http://cibn-iss1.longvisionmedia.com:8088/vod/CIBN2013_CIBN2013040100011728_1200.m3u8   
D/DataSource_M3U8(  744): [M3U8] file: NULL line 
D/DataSource_M3U8(  744): HLS=====>> Live Stream!!!!
D/DataSource_M3U8(  744): 
D/DataSource_M3U8(  744): 
D/DataSource_M3U8(  744): 
D/DataSource_M3U8(  744): ============Begin to get playlist !!=====================
D/DataSource_M3U8(  744): 
D/DataSource_M3U8(  744): 
D/DataSource_M3U8(  744): 
D/DataSource_M3U8(  744):  connect Server :cibn-iss1.longvisionmedia.com
D/DataSource_M3U8(  744): parseM3U8 .......!
D/DataSource_M3U8(  744): 
D/DataSource_M3U8(  744):  do not update  mediaSequence : 0   url = http://cibn-iss1.longvisionmedia.com:8088/vod/CIBN2013_CIBN2013040100011728_1200.m3u8   
D/DataSource_M3U8(  744): [M3U8] file: NULL line 
D/DataSource_M3U8(  744): HLS=====>> Live Stream!!!!
D/DataSource_M3U8(  744): 
D/DataSource_M3U8(  744): 
D/DataSource_M3U8(  744): 
D/DataSource_M3U8(  744): ============Begin to get playlist !!=====================
D/DataSource_M3U8(  744): 
D/DataSource_M3U8(  744): 
D/dalvikvm( 1505): GC_CONCURRENT freed 403K, 78% free 1329K/6019K, paused 1ms+1ms
D/dalvikvm( 1505): GC_CONCURRENT freed 396K, 79% free 1319K/6019K, paused 1ms+1ms
D/dalvikvm( 1505): GC_CONCURRENT freed 394K, 79% free 1319K/6019K, paused 1ms+1ms
D/HTTPStream(  744): receive_line return error:-268435448
D/HTTPStream(  744): receive header fail
D/DataSource_M3U8(  744): 
D/DataSource_M3U8(  744): 
D/DataSource_M3U8(  744): 
D/DataSource_M3U8(  744): ============Begin to get playlist !!=====================
D/DataSource_M3U8(  744): 
D/DataSource_M3U8(  744): 
D/DataSource_M3U8(  744): 
D/DataSource_M3U8(  744):  connect Server :cibn-iss1.longvisionmedia.com
D/DataSource_M3U8(  744): parseM3U8 .......!
D/DataSource_M3U8(  744): 
D/DataSource_M3U8(  744):  do not update  mediaSequence : 0   url = http://cibn-iss1.longvisionmedia.com:8088/vod/CIBN2013_CIBN2013040100011728_1200.m3u8   
D/DataSource_M3U8(  744): [M3U8] file: NULL line 
D/DataSource_M3U8(  744): HLS=====>> Live Stream!!!!
D/DataSource_M3U8(  744): 
D/DataSource_M3U8(  744): 
D/DataSource_M3U8(  744): 
D/DataSource_M3U8(  744): ============Begin to get playlist !!=====================
D/DataSource_M3U8(  744): 
D/DataSource_M3U8(  744): 
D/DataSource_M3U8(  744): 
D/DataSource_M3U8(  744):  connect Server :cibn-iss1.longvisionmedia.com
D/DataSource_M3U8(  744): parseM3U8 .......!
D/DataSource_M3U8(  744): 
D/DataSource_M3U8(  744):  do not update  mediaSequence : 0   url = http://cibn-iss1.longvisionmedia.com:8088/vod/CIBN2013_CIBN2013040100011728_1200.m3u8   
D/DataSource_M3U8(  744): [M3U8] file: NULL line 
D/DataSource_M3U8(  744): HLS=====>> Live Stream!!!!
D/DataSource_M3U8(  744): 
D/DataSource_M3U8(  744): 
D/DataSource_M3U8(  744): 
D/DataSource_M3U8(  744): ============Begin to get playlist !!=====================
D/DataSource_M3U8(  744): 
D/DataSource_M3U8(  744): 
D/DataSource_M3U8(  744): 
D/DataSource_M3U8(  744):  connect Server :cibn-iss1.longvisionmedia.com
D/DataSource_M3U8(  744): parseM3U8 .......!
D/DataSource_M3U8(  744): 
D/DataSource_M3U8(  744):  do not update  mediaSequence : 0   url = http://cibn-iss1.longvisionmedia.com:8088/vod/CIBN2013_CIBN2013040100011728_1200.m3u8   
D/DataSource_M3U8(  744): [M3U8] file: NULL line 
D/DataSource_M3U8(  744): HLS=====>> Live Stream!!!!
D/DataSource_M3U8(  744): 
D/DataSource_M3U8(  744): 
D/DataSource_M3U8(  744): 
D/DataSource_M3U8(  744): ============Begin to get playlist !!=====================
D/DataSource_M3U8(  744): 
D/DataSource_M3U8(  744): 
D/DataSource_M3U8(  744): 
D/DataSource_M3U8(  744):  connect Server :cibn-iss1.longvisionmedia.com
D/DataSource_M3U8(  744): parseM3U8 .......!
D/DataSource_M3U8(  744): 
D/DataSource_M3U8(  744):  do not update  mediaSequence : 0   url = http://cibn-iss1.longvisionmedia.com:8088/vod/CIBN2013_CIBN2013040100011728_1200.m3u8   
D/DataSource_M3U8(  744): [M3U8] file: NULL line 
D/DataSource_M3U8(  744): HLS=====>> Live Stream!!!!
D/dalvikvm( 1505): GC_CONCURRENT freed 411K, 79% free 1301K/6019K, paused 1ms+1ms
D/dalvikvm( 1505): GC_CONCURRENT freed 390K, 79% free 1311K/6019K, paused 0ms+1ms
D/HomePlayerLib( 1505): hostaddress count is 1
D/dalvikvm( 1505): GC_CONCURRENT freed 390K, 79% free 1315K/6019K, paused 1ms+1ms
D/dalvikvm( 1505): GC_CONCURRENT freed 406K, 79% free 1302K/6019K, paused 1ms+1ms
D/dalvikvm( 1505): GC_CONCURRENT freed 397K, 79% free 1298K/6019K, paused 1ms+1ms
D/DataSource_M3U8(  744): 
D/DataSource_M3U8(  744): 
D/DataSource_M3U8(  744): 
D/DataSource_M3U8(  744): ============Begin to get playlist !!=====================
D/DataSource_M3U8(  744): 
D/DataSource_M3U8(  744): 
D/dalvikvm( 1505): GC_CONCURRENT freed 380K, 79% free 1305K/6019K, paused 1ms+2ms
D/dalvikvm( 1505): GC_CONCURRENT freed 387K, 75% free 1505K/6019K, paused 1ms+1ms
D/DataSource_M3U8(  744): 
D/DataSource_M3U8(  744):  connect Server :cibn-iss1.longvisionmedia.com
D/DataSource_M3U8(  744): parseM3U8 .......!
D/DataSource_M3U8(  744): 
D/DataSource_M3U8(  744):  do not update  mediaSequence : 0   url = http://cibn-iss1.longvisionmedia.com:8088/vod/CIBN2013_CIBN2013040100011728_1200.m3u8   
D/DataSource_M3U8(  744): [M3U8] file: NULL line 
D/DataSource_M3U8(  744): HLS=====>> Live Stream!!!!
D/dalvikvm( 1505): GC_CONCURRENT freed 579K, 77% free 1401K/6019K, paused 1ms+1ms
D/dalvikvm( 1505): GC_CONCURRENT freed 473K, 78% free 1368K/6019K, paused 1ms+1ms
D/dalvikvm( 1505): GC_CONCURRENT freed 440K, 77% free 1432K/6019K, paused 1ms+2ms
D/dalvikvm( 1505): GC_CONCURRENT freed 506K, 77% free 1437K/6019K, paused 1ms+1ms
W/SingleClientConnManager( 1724): Invalid use of SingleClientConnManager: connection still allocated.
W/SingleClientConnManager( 1724): Make sure to release the connection before allocating another one.
D/DataSource_M3U8(  744): 
D/DataSource_M3U8(  744): 
D/DataSource_M3U8(  744): 
D/DataSource_M3U8(  744): ============Begin to get playlist !!=====================
D/DataSource_M3U8(  744): 
D/DataSource_M3U8(  744): 
D/dalvikvm( 1505): GC_CONCURRENT freed 502K, 77% free 1441K/6019K, paused 1ms+1ms
D/DataSource_M3U8(  744): 
D/DataSource_M3U8(  744):  connect Server :cibn-iss1.longvisionmedia.com
D/DataSource_M3U8(  744): parseM3U8 .......!
D/DataSource_M3U8(  744): 
D/DataSource_M3U8(  744):  do not update  mediaSequence : 0   url = http://cibn-iss1.longvisionmedia.com:8088/vod/CIBN2013_CIBN2013040100011728_1200.m3u8   
D/DataSource_M3U8(  744): [M3U8] file: NULL line 
D/DataSource_M3U8(  744): HLS=====>> Live Stream!!!!
D/dalvikvm( 1505): GC_CONCURRENT freed 508K, 77% free 1432K/6019K, paused 1ms+1ms
D/dalvikvm( 1505): GC_CONCURRENT freed 505K, 79% free 1321K/6019K, paused 1ms+2ms
D/dalvikvm( 1505): GC_CONCURRENT freed 397K, 79% free 1307K/6019K, paused 1ms+1ms
D/DataSource_M3U8(  744): 
D/DataSource_M3U8(  744): 
D/DataSource_M3U8(  744): 
D/DataSource_M3U8(  744): ============Begin to get playlist !!=====================
D/DataSource_M3U8(  744): 
D/DataSource_M3U8(  744): 
D/DataSource_M3U8(  744): 
D/DataSource_M3U8(  744):  connect Server :cibn-iss1.longvisionmedia.com
D/DataSource_M3U8(  744): parseM3U8 .......!
D/DataSource_M3U8(  744): 
D/DataSource_M3U8(  744):  do not update  mediaSequence : 0   url = http://cibn-iss1.longvisionmedia.com:8088/vod/CIBN2013_CIBN2013040100011728_1200.m3u8   
D/DataSource_M3U8(  744): [M3U8] file: NULL line 
D/DataSource_M3U8(  744): HLS=====>> Live Stream!!!!
D/DataSource_M3U8(  744): 
D/DataSource_M3U8(  744): 
D/DataSource_M3U8(  744): 
D/DataSource_M3U8(  744): ============Begin to get playlist !!=====================
D/DataSource_M3U8(  744): 
D/DataSource_M3U8(  744): 
D/dalvikvm( 1505): GC_CONCURRENT freed 373K, 79% free 1320K/6019K, paused 1ms+1ms
D/DataSource_M3U8(  744): 
D/DataSource_M3U8(  744):  connect Server :cibn-iss1.longvisionmedia.com
D/DataSource_M3U8(  744): parseM3U8 .......!
D/DataSource_M3U8(  744): 
D/DataSource_M3U8(  744):  do not update  mediaSequence : 0   url = http://cibn-iss1.longvisionmedia.com:8088/vod/CIBN2013_CIBN2013040100011728_1200.m3u8   
D/DataSource_M3U8(  744): [M3U8] file: NULL line 
D/DataSource_M3U8(  744): HLS=====>> Live Stream!!!!
D/dalvikvm( 1505): GC_CONCURRENT freed 394K, 79% free 1319K/6019K, paused 0ms+1ms
D/dalvikvm( 1505): GC_CONCURRENT freed 392K, 77% free 1427K/6019K, paused 1ms+1ms
D/DataSource_M3U8(  744): 
D/DataSource_M3U8(  744): 
D/DataSource_M3U8(  744): 
D/DataSource_M3U8(  744): ============Begin to get playlist !!=====================
D/DataSource_M3U8(  744): 
D/DataSource_M3U8(  744): 
D/dalvikvm( 1505): GC_CONCURRENT freed 487K, 77% free 1421K/6019K, paused 1ms+1ms
D/DataSource_M3U8(  744): 
D/DataSource_M3U8(  744):  connect Server :cibn-iss1.longvisionmedia.com
D/DataSource_M3U8(  744): parseM3U8 .......!
D/DataSource_M3U8(  744): 
D/DataSource_M3U8(  744):  do not update  mediaSequence : 0   url = http://cibn-iss1.longvisionmedia.com:8088/vod/CIBN2013_CIBN2013040100011728_1200.m3u8   
D/DataSource_M3U8(  744): [M3U8] file: NULL line 
D/DataSource_M3U8(  744): HLS=====>> Live Stream!!!!
D/dalvikvm( 1505): GC_CONCURRENT freed 486K, 79% free 1321K/6019K, paused 2ms+1ms
D/dalvikvm( 1505): GC_CONCURRENT freed 397K, 78% free 1328K/6019K, paused 1ms+1ms
D/dalvikvm( 1505): GC_CONCURRENT freed 394K, 79% free 1319K/6019K, paused 1ms+2ms
D/dalvikvm( 1505): GC_CONCURRENT freed 394K, 78% free 1344K/6019K, paused 1ms+1ms
D/DataSource_M3U8(  744): 
D/DataSource_M3U8(  744): 
D/DataSource_M3U8(  744): 
D/DataSource_M3U8(  744): ============Begin to get playlist !!=====================
D/DataSource_M3U8(  744): 
D/DataSource_M3U8(  744): 
D/dalvikvm( 1505): GC_CONCURRENT freed 407K, 78% free 1332K/6019K, paused 1ms+1ms
D/DataSource_M3U8(  744): 
D/DataSource_M3U8(  744):  connect Server :cibn-iss1.longvisionmedia.com
D/DataSource_M3U8(  744): parseM3U8 .......!
D/DataSource_M3U8(  744): 
D/DataSource_M3U8(  744):  do not update  mediaSequence : 0   url = http://cibn-iss1.longvisionmedia.com:8088/vod/CIBN2013_CIBN2013040100011728_1200.m3u8   
D/DataSource_M3U8(  744): [M3U8] file: NULL line 
D/DataSource_M3U8(  744): HLS=====>> Live Stream!!!!
D/DataSource_M3U8(  744): 
D/DataSource_M3U8(  744): 
D/DataSource_M3U8(  744): 
D/DataSource_M3U8(  744): ============Begin to get playlist !!=====================
D/DataSource_M3U8(  744): 
D/DataSource_M3U8(  744): 
D/DataSource_M3U8(  744): 
D/DataSource_M3U8(  744):  Warnig:: No Enough data in buffer...
I//lib/ld-linux.so.3(  748): Blocking Read: 30020, size: 0x0.
D/DataSource_M3U8(  744): 
D/DataSource_M3U8(  744):  connect Server :cibn-iss1.longvisionmedia.com
D/DataSource_M3U8(  744): parseM3U8 .......!
D/DataSource_M3U8(  744): 
D/DataSource_M3U8(  744):  do not update  mediaSequence : 0   url = http://cibn-iss1.longvisionmedia.com:8088/vod/CIBN2013_CIBN2013040100011728_1200.m3u8   
D/DataSource_M3U8(  744): [M3U8] file: NULL line 
D/DataSource_M3U8(  744): HLS=====>> Live Stream!!!!
D/dalvikvm( 1505): GC_CONCURRENT freed 392K, 78% free 1331K/6019K, paused 0ms+1ms
D/dalvikvm( 1505): GC_CONCURRENT freed 394K, 78% free 1333K/6019K, paused 1ms+1ms
D/dalvikvm( 1505): GC_CONCURRENT freed 393K, 78% free 1333K/6019K, paused 1ms+1ms
D/DataSource_M3U8(  744): 
D/DataSource_M3U8(  744): 
D/DataSource_M3U8(  744): 
D/DataSource_M3U8(  744): ============Begin to get playlist !!=====================
D/DataSource_M3U8(  744): 
D/DataSource_M3U8(  744): 
D/dalvikvm( 1505): GC_CONCURRENT freed 405K, 78% free 1329K/6019K, paused 1ms+1ms
D/DataSource_M3U8(  744): 
D/DataSource_M3U8(  744):  connect Server :cibn-iss1.longvisionmedia.com
D/DataSource_M3U8(  744): parseM3U8 .......!
D/DataSource_M3U8(  744): 
D/DataSource_M3U8(  744):  do not update  mediaSequence : 0   url = http://cibn-iss1.longvisionmedia.com:8088/vod/CIBN2013_CIBN2013040100011728_1200.m3u8   
D/DataSource_M3U8(  744): [M3U8] file: NULL line 
D/DataSource_M3U8(  744): HLS=====>> Live Stream!!!!
D/DataSource_M3U8(  744): 
D/DataSource_M3U8(  744): 
D/DataSource_M3U8(  744): 
D/DataSource_M3U8(  744): ============Begin to get playlist !!=====================
D/DataSource_M3U8(  744): 
D/DataSource_M3U8(  744): 
D/DataSource_M3U8(  744): 
D/DataSource_M3U8(  744):  connect Server :cibn-iss1.longvisionmedia.com
D/DataSource_M3U8(  744): parseM3U8 .......!
D/DataSource_M3U8(  744): 
D/DataSource_M3U8(  744):  do not update  mediaSequence : 0   url = http://cibn-iss1.longvisionmedia.com:8088/vod/CIBN2013_CIBN2013040100011728_1200.m3u8   
D/DataSource_M3U8(  744): [M3U8] file: NULL line 
D/DataSource_M3U8(  744): HLS=====>> Live Stream!!!!
D/DataSource_M3U8(  744): 
D/DataSource_M3U8(  744): 
D/DataSource_M3U8(  744): 
D/DataSource_M3U8(  744): ============Begin to get playlist !!=====================
D/DataSource_M3U8(  744): 
D/DataSource_M3U8(  744): 
D/DataSource_M3U8(  744): 
D/DataSource_M3U8(  744):  connect Server :cibn-iss1.longvisionmedia.com
D/DataSource_M3U8(  744): parseM3U8 .......!
D/DataSource_M3U8(  744): 
D/DataSource_M3U8(  744):  do not update  mediaSequence : 0   url = http://cibn-iss1.longvisionmedia.com:8088/vod/CIBN2013_CIBN2013040100011728_1200.m3u8   
D/DataSource_M3U8(  744): [M3U8] file: NULL line 
D/DataSource_M3U8(  744): HLS=====>> Live Stream!!!!
D/CheckNetWork( 1752): isOk true
D/CheckNetWork( 1752): ActInfoNetworkInfo: type: WIFI[], state: CONNECTED/CONNECTED, reason: (unspecified), extra: (none), roaming: false, failover: false, isAvailable: true
D/CheckNetWork( 1752): infoNetworkInfo: type: WIFI[], state: CONNECTED/CONNECTED, reason: (unspecified), extra: (none), roaming: false, failover: false, isAvailable: true
D/DataSource_M3U8(  744): 
D/DataSource_M3U8(  744): 
D/DataSource_M3U8(  744): 
D/DataSource_M3U8(  744): ============Begin to get playlist !!=====================
D/DataSource_M3U8(  744): 
D/DataSource_M3U8(  744): 
D/DataSource_M3U8(  744): 
D/DataSource_M3U8(  744):  connect Server :cibn-iss1.longvisionmedia.com
D/DataSource_M3U8(  744): parseM3U8 .......!
D/DataSource_M3U8(  744): 
D/DataSource_M3U8(  744):  do not update  mediaSequence : 0   url = http://cibn-iss1.longvisionmedia.com:8088/vod/CIBN2013_CIBN2013040100011728_1200.m3u8   
D/DataSource_M3U8(  744): [M3U8] file: NULL line 
D/DataSource_M3U8(  744): HLS=====>> Live Stream!!!!
D/DataSource_M3U8(  744): 
D/DataSource_M3U8(  744): 
D/DataSource_M3U8(  744): 
D/DataSource_M3U8(  744): ============Begin to get playlist !!=====================
D/DataSource_M3U8(  744): 
D/DataSource_M3U8(  744): 
D/DataSource_M3U8(  744): 
D/DataSource_M3U8(  744):  connect Server :cibn-iss1.longvisionmedia.com
D/DataSource_M3U8(  744): parseM3U8 .......!
D/DataSource_M3U8(  744): 
D/DataSource_M3U8(  744):  do not update  mediaSequence : 0   url = http://cibn-iss1.longvisionmedia.com:8088/vod/CIBN2013_CIBN2013040100011728_1200.m3u8   
D/DataSource_M3U8(  744): [M3U8] file: NULL line 
D/DataSource_M3U8(  744): HLS=====>> Live Stream!!!!
D/DataSource_M3U8(  744): 
D/DataSource_M3U8(  744): 
D/DataSource_M3U8(  744): 
D/DataSource_M3U8(  744): ============Begin to get playlist !!=====================
D/DataSource_M3U8(  744): 
D/DataSource_M3U8(  744): 
D/PushMsgCenter( 1724): mDownUpRun run while (true)
D/PushMsgCenter( 1724): down  
D/DataSource_M3U8(  744): 
D/DataSource_M3U8(  744):  connect Server :cibn-iss1.longvisionmedia.com
D/DataSource_M3U8(  744): parseM3U8 .......!
D/DataSource_M3U8(  744): 
D/DataSource_M3U8(  744):  do not update  mediaSequence : 0   url = http://cibn-iss1.longvisionmedia.com:8088/vod/CIBN2013_CIBN2013040100011728_1200.m3u8   
D/DataSource_M3U8(  744): [M3U8] file: NULL line 
D/DataSource_M3U8(  744): HLS=====>> Live Stream!!!!
D/PushMsgCenter( 1724): down conn.getResponseCode() status = 404
D/DataSource_M3U8(  744): 
D/DataSource_M3U8(  744): 
D/DataSource_M3U8(  744): 
D/DataSource_M3U8(  744): ============Begin to get playlist !!=====================
D/DataSource_M3U8(  744): 
D/DataSource_M3U8(  744): 
D/DataSource_M3U8(  744): 
D/DataSource_M3U8(  744):  connect Server :cibn-iss1.longvisionmedia.com
D/DataSource_M3U8(  744): parseM3U8 .......!
D/DataSource_M3U8(  744): 
D/DataSource_M3U8(  744):  do not update  mediaSequence : 0   url = http://cibn-iss1.longvisionmedia.com:8088/vod/CIBN2013_CIBN2013040100011728_1200.m3u8   
D/DataSource_M3U8(  744): [M3U8] file: NULL line 
D/DataSource_M3U8(  744): HLS=====>> Live Stream!!!!
D/dalvikvm( 1505): GC_CONCURRENT freed 411K, 77% free 1418K/6019K, paused 1ms+1ms
D/HomePlayerLib( 1505): hostaddress count is 1
D/dalvikvm( 1505): GC_CONCURRENT freed 496K, 77% free 1395K/6019K, paused 1ms+1ms
D/dalvikvm( 1505): GC_CONCURRENT freed 482K, 77% free 1418K/6019K, paused 1ms+1ms
D/dalvikvm( 1505): GC_CONCURRENT freed 485K, 78% free 1359K/6019K, paused 1ms+0ms
D/DataSource_M3U8(  744): 
D/DataSource_M3U8(  744): 
D/DataSource_M3U8(  744): 
D/DataSource_M3U8(  744): ============Begin to get playlist !!=====================
D/DataSource_M3U8(  744): 
D/DataSource_M3U8(  744): 
D/dalvikvm( 1505): GC_CONCURRENT freed 430K, 77% free 1412K/6019K, paused 1ms+1ms
D/DataSource_M3U8(  744): 
D/DataSource_M3U8(  744):  connect Server :cibn-iss1.longvisionmedia.com
D/DataSource_M3U8(  744): parseM3U8 .......!
D/DataSource_M3U8(  744): 
D/DataSource_M3U8(  744):  do not update  mediaSequence : 0   url = http://cibn-iss1.longvisionmedia.com:8088/vod/CIBN2013_CIBN2013040100011728_1200.m3u8   
D/DataSource_M3U8(  744): [M3U8] file: NULL line 
D/DataSource_M3U8(  744): HLS=====>> Live Stream!!!!
D/dalvikvm( 1505): GC_CONCURRENT freed 482K, 77% free 1421K/6019K, paused 0ms+1ms
D/dalvikvm( 1505): GC_CONCURRENT freed 492K, 79% free 1315K/6019K, paused 1ms+1ms
D/dalvikvm( 1505): GC_CONCURRENT freed 362K, 78% free 1383K/6019K, paused 1ms+1ms
D/dalvikvm( 1505): GC_CONCURRENT freed 444K, 76% free 1448K/6019K, paused 1ms+1ms
D/DataSource_M3U8(  744): 
D/DataSource_M3U8(  744): 
D/DataSource_M3U8(  744): 
D/DataSource_M3U8(  744): ============Begin to get playlist !!=====================
D/DataSource_M3U8(  744): 
D/DataSource_M3U8(  744): 
D/dalvikvm( 1505): GC_CONCURRENT freed 519K, 78% free 1351K/6019K, paused 1ms+2ms
D/dalvikvm( 1505): GC_CONCURRENT freed 426K, 78% free 1329K/6019K, paused 1ms+1ms
D/DataSource_M3U8(  744): 
D/DataSource_M3U8(  744):  connect Server :cibn-iss1.longvisionmedia.com
D/DataSource_M3U8(  744): parseM3U8 .......!
D/DataSource_M3U8(  744): 
D/DataSource_M3U8(  744):  do not update  mediaSequence : 0   url = http://cibn-iss1.longvisionmedia.com:8088/vod/CIBN2013_CIBN2013040100011728_1200.m3u8   
D/DataSource_M3U8(  744): [M3U8] file: NULL line 
D/DataSource_M3U8(  744): HLS=====>> Live Stream!!!!
D/dalvikvm( 1505): GC_CONCURRENT freed 403K, 77% free 1427K/6019K, paused 1ms+1ms
D/dalvikvm( 1505): GC_CONCURRENT freed 488K, 78% free 1333K/6019K, paused 1ms+1ms
D/DataSource_M3U8(  744): 
D/DataSource_M3U8(  744): 
D/DataSource_M3U8(  744): 
D/DataSource_M3U8(  744): ============Begin to get playlist !!=====================
D/DataSource_M3U8(  744): 
D/DataSource_M3U8(  744): 
D/DataSource_M3U8(  744): 
D/DataSource_M3U8(  744):  connect Server :cibn-iss1.longvisionmedia.com
D/DataSource_M3U8(  744): parseM3U8 .......!
D/DataSource_M3U8(  744): 
D/DataSource_M3U8(  744):  do not update  mediaSequence : 0   url = http://cibn-iss1.longvisionmedia.com:8088/vod/CIBN2013_CIBN2013040100011728_1200.m3u8   
D/DataSource_M3U8(  744): [M3U8] file: NULL line 
D/DataSource_M3U8(  744): HLS=====>> Live Stream!!!!
D/DataSource_M3U8(  744): 
D/DataSource_M3U8(  744): 
D/DataSource_M3U8(  744): 
D/DataSource_M3U8(  744): ============Begin to get playlist !!=====================
D/DataSource_M3U8(  744): 
D/DataSource_M3U8(  744): 
D/DataSource_M3U8(  744): 
D/DataSource_M3U8(  744):  connect Server :cibn-iss1.longvisionmedia.com
D/DataSource_M3U8(  744): parseM3U8 .......!
D/DataSource_M3U8(  744): 
D/DataSource_M3U8(  744):  do not update  mediaSequence : 0   url = http://cibn-iss1.longvisionmedia.com:8088/vod/CIBN2013_CIBN2013040100011728_1200.m3u8   
D/DataSource_M3U8(  744): [M3U8] file: NULL line 
D/DataSource_M3U8(  744): HLS=====>> Live Stream!!!!
D/DataSource_M3U8(  744): 
D/DataSource_M3U8(  744): 
D/DataSource_M3U8(  744): 
D/DataSource_M3U8(  744): ============Begin to get playlist !!=====================
D/DataSource_M3U8(  744): 
D/DataSource_M3U8(  744): 
D/DataSource_M3U8(  744): 
D/DataSource_M3U8(  744):  connect Server :cibn-iss1.longvisionmedia.com
D/DataSource_M3U8(  744): parseM3U8 .......!
D/DataSource_M3U8(  744): 
D/DataSource_M3U8(  744):  do not update  mediaSequence : 0   url = http://cibn-iss1.longvisionmedia.com:8088/vod/CIBN2013_CIBN2013040100011728_1200.m3u8   
D/DataSource_M3U8(  744): [M3U8] file: NULL line 
D/DataSource_M3U8(  744): HLS=====>> Live Stream!!!!
D/DataSource_M3U8(  744): 
D/DataSource_M3U8(  744): 
D/DataSource_M3U8(  744): 
D/DataSource_M3U8(  744): ============Begin to get playlist !!=====================
D/DataSource_M3U8(  744): 
D/DataSource_M3U8(  744): 
D/DataSource_M3U8(  744): 
D/DataSource_M3U8(  744):  connect Server :cibn-iss1.longvisionmedia.com
D/DataSource_M3U8(  744): parseM3U8 .......!
D/DataSource_M3U8(  744): 
D/DataSource_M3U8(  744):  do not update  mediaSequence : 0   url = http://cibn-iss1.longvisionmedia.com:8088/vod/CIBN2013_CIBN2013040100011728_1200.m3u8   
D/DataSource_M3U8(  744): [M3U8] file: NULL line 
D/DataSource_M3U8(  744): HLS=====>> Live Stream!!!!
D/dalvikvm( 1505): GC_CONCURRENT freed 393K, 77% free 1420K/6019K, paused 1ms+1ms
D/dalvikvm( 1505): GC_CONCURRENT freed 484K, 77% free 1430K/6019K, paused 1ms+1ms
D/dalvikvm( 1505): GC_CONCURRENT freed 491K, 78% free 1374K/6019K, paused 1ms+1ms
D/DataSource_M3U8(  744): 
D/DataSource_M3U8(  744): 
D/DataSource_M3U8(  744): 
D/DataSource_M3U8(  744): ============Begin to get playlist !!=====================
D/DataSource_M3U8(  744): 
D/DataSource_M3U8(  744): 
D/dalvikvm( 1505): GC_CONCURRENT freed 435K, 77% free 1420K/6019K, paused 0ms+1ms
D/DataSource_M3U8(  744): 
D/DataSource_M3U8(  744):  connect Server :cibn-iss1.longvisionmedia.com
D/DataSource_M3U8(  744): parseM3U8 .......!
D/DataSource_M3U8(  744): 
D/DataSource_M3U8(  744):  do not update  mediaSequence : 0   url = http://cibn-iss1.longvisionmedia.com:8088/vod/CIBN2013_CIBN2013040100011728_1200.m3u8   
D/DataSource_M3U8(  744): [M3U8] file: NULL line 
D/DataSource_M3U8(  744): HLS=====>> Live Stream!!!!
D/dalvikvm( 1505): GC_CONCURRENT freed 483K, 76% free 1446K/6019K, paused 1ms+1ms
D/dalvikvm( 1505): GC_CONCURRENT freed 536K, 77% free 1412K/6019K, paused 1ms+1ms
D/dalvikvm( 1505): GC_CONCURRENT freed 489K, 79% free 1320K/6019K, paused 1ms+1ms
D/DataSource_M3U8(  744): 
D/DataSource_M3U8(  744): 
D/DataSource_M3U8(  744): 
D/DataSource_M3U8(  744): ============Begin to get playlist !!=====================
D/DataSource_M3U8(  744): 
D/DataSource_M3U8(  744): 
D/dalvikvm( 1505): GC_CONCURRENT freed 405K, 78% free 1327K/6019K, paused 1ms+1ms
D/DataSource_M3U8(  744): 
D/DataSource_M3U8(  744):  connect Server :cibn-iss1.longvisionmedia.com
D/DataSource_M3U8(  744): parseM3U8 .......!
D/DataSource_M3U8(  744): 
D/DataSource_M3U8(  744):  do not update  mediaSequence : 0   url = http://cibn-iss1.longvisionmedia.com:8088/vod/CIBN2013_CIBN2013040100011728_1200.m3u8   
D/DataSource_M3U8(  744): [M3U8] file: NULL line 
D/DataSource_M3U8(  744): HLS=====>> Live Stream!!!!
D/dalvikvm( 1505): GC_CONCURRENT freed 409K, 79% free 1313K/6019K, paused 1ms+1ms
D/dalvikvm( 1505): GC_CONCURRENT freed 394K, 79% free 1314K/6019K, paused 1ms+1ms
D/dalvikvm( 1505): GC_CONCURRENT freed 394K, 79% free 1313K/6019K, paused 1ms+1ms
D/dalvikvm( 1505): GC_CONCURRENT freed 394K, 79% free 1314K/6019K, paused 1ms+1ms
D/DataSource_M3U8(  744): ----------UpdatePlaylistThread runing... 
D/DataSource_M3U8(  744): 
D/DataSource_M3U8(  744): 
D/DataSource_M3U8(  744): 
D/DataSource_M3U8(  744): ============Begin to get playlist !!=====================
D/DataSource_M3U8(  744): 
D/DataSource_M3U8(  744): 
D/dalvikvm( 1505): GC_CONCURRENT freed 394K, 79% free 1314K/6019K, paused 1ms+1ms
D/dalvikvm( 1505): GC_CONCURRENT freed 394K, 79% free 1315K/6019K, paused 1ms+1ms
D/DataSource_M3U8(  744): 
D/DataSource_M3U8(  744):  connect Server :cibn-iss1.longvisionmedia.com
D/DataSource_M3U8(  744): parseM3U8 .......!
D/DataSource_M3U8(  744): 
D/DataSource_M3U8(  744):  do not update  mediaSequence : 0   url = http://cibn-iss1.longvisionmedia.com:8088/vod/CIBN2013_CIBN2013040100011728_1200.m3u8   
D/DataSource_M3U8(  744): [M3U8] file: NULL line 
D/DataSource_M3U8(  744): HLS=====>> Live Stream!!!!
D/dalvikvm( 1505): GC_CONCURRENT freed 392K, 79% free 1314K/6019K, paused 1ms+1ms
D/DataSource_M3U8(  744): 
D/DataSource_M3U8(  744): 
D/DataSource_M3U8(  744): 
D/DataSource_M3U8(  744): ============Begin to get playlist !!=====================
D/DataSource_M3U8(  744): 
D/DataSource_M3U8(  744): 
D/DataSource_M3U8(  744): 
D/DataSource_M3U8(  744):  connect Server :cibn-iss1.longvisionmedia.com
D/DataSource_M3U8(  744): parseM3U8 .......!
D/DataSource_M3U8(  744): 
D/DataSource_M3U8(  744):  do not update  mediaSequence : 0   url = http://cibn-iss1.longvisionmedia.com:8088/vod/CIBN2013_CIBN2013040100011728_1200.m3u8   
D/DataSource_M3U8(  744): [M3U8] file: NULL line 
D/DataSource_M3U8(  744): HLS=====>> Live Stream!!!!
D/DataSource_M3U8(  744): 
D/DataSource_M3U8(  744): 
D/DataSource_M3U8(  744): 
D/DataSource_M3U8(  744): ============Begin to get playlist !!=====================
D/DataSource_M3U8(  744): 
D/DataSource_M3U8(  744): 
D/DataSource_M3U8(  744): 
D/DataSource_M3U8(  744):  connect Server :cibn-iss1.longvisionmedia.com
D/DataSource_M3U8(  744): parseM3U8 .......!
D/DataSource_M3U8(  744): 
D/DataSource_M3U8(  744):  do not update  mediaSequence : 0   url = http://cibn-iss1.longvisionmedia.com:8088/vod/CIBN2013_CIBN2013040100011728_1200.m3u8   
D/DataSource_M3U8(  744): [M3U8] file: NULL line 
D/DataSource_M3U8(  744): HLS=====>> Live Stream!!!!
D/DataSource_M3U8(  744): 
D/DataSource_M3U8(  744): 
D/DataSource_M3U8(  744): 
D/DataSource_M3U8(  744): ============Begin to get playlist !!=====================
D/DataSource_M3U8(  744): 
D/DataSource_M3U8(  744): 
D/dalvikvm( 1505): GC_CONCURRENT freed 400K, 79% free 1314K/6019K, paused 1ms+1ms
D/DataSource_M3U8(  744): 
D/DataSource_M3U8(  744):  connect Server :cibn-iss1.longvisionmedia.com
D/DataSource_M3U8(  744): parseM3U8 .......!
D/DataSource_M3U8(  744): 
D/DataSource_M3U8(  744):  do not update  mediaSequence : 0   url = http://cibn-iss1.longvisionmedia.com:8088/vod/CIBN2013_CIBN2013040100011728_1200.m3u8   
D/DataSource_M3U8(  744): [M3U8] file: NULL line 
D/DataSource_M3U8(  744): HLS=====>> Live Stream!!!!
D/DataSource_M3U8(  744): 
D/DataSource_M3U8(  744): 
D/DataSource_M3U8(  744): 
D/DataSource_M3U8(  744): ============Begin to get playlist !!=====================
D/DataSource_M3U8(  744): 
D/DataSource_M3U8(  744): 
D/DataSource_M3U8(  744): 
D/DataSource_M3U8(  744):  connect Server :cibn-iss1.longvisionmedia.com
D/DataSource_M3U8(  744): parseM3U8 .......!
D/DataSource_M3U8(  744): 
D/DataSource_M3U8(  744):  do not update  mediaSequence : 0   url = http://cibn-iss1.longvisionmedia.com:8088/vod/CIBN2013_CIBN2013040100011728_1200.m3u8   
D/DataSource_M3U8(  744): [M3U8] file: NULL line 
D/DataSource_M3U8(  744): HLS=====>> Live Stream!!!!
D/dalvikvm( 1505): GC_CONCURRENT freed 408K, 74% free 1584K/6019K, paused 1ms+1ms
D/HomePlayerLib( 1505): hostaddress count is 1
D/dalvikvm( 1505): GC_CONCURRENT freed 678K, 78% free 1327K/6019K, paused 1ms+1ms
D/dalvikvm( 1505): GC_CONCURRENT freed 418K, 77% free 1391K/6019K, paused 1ms+1ms
D/dalvikvm( 1505): GC_CONCURRENT freed 476K, 77% free 1427K/6019K, paused 0ms+1ms
D/DataSource_M3U8(  744): 
D/DataSource_M3U8(  744): 
D/DataSource_M3U8(  744): 
D/DataSource_M3U8(  744): ============Begin to get playlist !!=====================
D/DataSource_M3U8(  744): 
D/DataSource_M3U8(  744): 
D/dalvikvm( 1505): GC_CONCURRENT freed 507K, 77% free 1431K/6019K, paused 1ms+1ms
D/dalvikvm( 1505): GC_CONCURRENT freed 514K, 78% free 1379K/6019K, paused 1ms+1ms
D/DataSource_M3U8(  744): 
D/DataSource_M3U8(  744):  connect Server :cibn-iss1.longvisionmedia.com
D/DataSource_M3U8(  744): parseM3U8 .......!
D/DataSource_M3U8(  744): 
D/DataSource_M3U8(  744):  do not update  mediaSequence : 0   url = http://cibn-iss1.longvisionmedia.com:8088/vod/CIBN2013_CIBN2013040100011728_1200.m3u8   
D/DataSource_M3U8(  744): [M3U8] file: NULL line 
D/DataSource_M3U8(  744): HLS=====>> Live Stream!!!!
D/dalvikvm( 1505): GC_CONCURRENT freed 439K, 78% free 1339K/6019K, paused 1ms+0ms
D/dalvikvm( 1505): GC_CONCURRENT freed 396K, 78% free 1334K/6019K, paused 1ms+1ms
D/dalvikvm( 1505): GC_CONCURRENT freed 379K, 76% free 1472K/6019K, paused 1ms+1ms
D/dalvikvm( 1505): GC_CONCURRENT freed 530K, 78% free 1382K/6019K, paused 1ms+1ms
D/DataSource_M3U8(  744): 
D/DataSource_M3U8(  744): 
D/DataSource_M3U8(  744): 
D/DataSource_M3U8(  744): ============Begin to get playlist !!=====================
D/DataSource_M3U8(  744): 
D/DataSource_M3U8(  744): 
D/dalvikvm( 1505): GC_CONCURRENT freed 459K, 77% free 1432K/6019K, paused 2ms+1ms
D/DataSource_M3U8(  744): 
D/DataSource_M3U8(  744):  connect Server :cibn-iss1.longvisionmedia.com
D/DataSource_M3U8(  744): parseM3U8 .......!
D/DataSource_M3U8(  744): 
D/DataSource_M3U8(  744):  do not update  mediaSequence : 0   url = http://cibn-iss1.longvisionmedia.com:8088/vod/CIBN2013_CIBN2013040100011728_1200.m3u8   
D/DataSource_M3U8(  744): [M3U8] file: NULL line 
D/DataSource_M3U8(  744): HLS=====>> Live Stream!!!!
D/dalvikvm( 1505): GC_CONCURRENT freed 498K, 77% free 1436K/6019K, paused 1ms+1ms
D/dalvikvm( 1505): GC_CONCURRENT freed 491K, 77% free 1389K/6019K, paused 0ms+1ms
D/dalvikvm( 1505): GC_CONCURRENT freed 463K, 79% free 1320K/6019K, paused 1ms+1ms
D/DataSource_M3U8(  744): 
D/DataSource_M3U8(  744): 
D/DataSource_M3U8(  744): 
D/DataSource_M3U8(  744): ============Begin to get playlist !!=====================
D/DataSource_M3U8(  744): 
D/DataSource_M3U8(  744): 
D/DataSource_M3U8(  744): 
D/DataSource_M3U8(  744):  connect Server :cibn-iss1.longvisionmedia.com
D/DataSource_M3U8(  744): parseM3U8 .......!
D/DataSource_M3U8(  744): 
D/DataSource_M3U8(  744):  do not update  mediaSequence : 0   url = http://cibn-iss1.longvisionmedia.com:8088/vod/CIBN2013_CIBN2013040100011728_1200.m3u8   
D/DataSource_M3U8(  744): [M3U8] file: NULL line 
D/DataSource_M3U8(  744): HLS=====>> Live Stream!!!!
D/DataSource_M3U8(  744): 
D/DataSource_M3U8(  744): 
D/DataSource_M3U8(  744): 
D/DataSource_M3U8(  744): ============Begin to get playlist !!=====================
D/DataSource_M3U8(  744): 
D/DataSource_M3U8(  744): 
D/DataSource_M3U8(  744): 
D/DataSource_M3U8(  744):  connect Server :cibn-iss1.longvisionmedia.com
D/DataSource_M3U8(  744): parseM3U8 .......!
D/DataSource_M3U8(  744): 
D/DataSource_M3U8(  744):  do not update  mediaSequence : 0   url = http://cibn-iss1.longvisionmedia.com:8088/vod/CIBN2013_CIBN2013040100011728_1200.m3u8   
D/DataSource_M3U8(  744): [M3U8] file: NULL line 
D/DataSource_M3U8(  744): HLS=====>> Live Stream!!!!
D/DataSource_M3U8(  744): 
D/DataSource_M3U8(  744): 
D/DataSource_M3U8(  744): 
D/DataSource_M3U8(  744): ============Begin to get playlist !!=====================
D/DataSource_M3U8(  744): 
D/DataSource_M3U8(  744): 
D/DataSource_M3U8(  744): 
D/DataSource_M3U8(  744):  connect Server :cibn-iss1.longvisionmedia.com
D/DataSource_M3U8(  744): parseM3U8 .......!
D/DataSource_M3U8(  744): 
D/DataSource_M3U8(  744):  do not update  mediaSequence : 0   url = http://cibn-iss1.longvisionmedia.com:8088/vod/CIBN2013_CIBN2013040100011728_1200.m3u8   
D/DataSource_M3U8(  744): [M3U8] file: NULL line 
D/DataSource_M3U8(  744): HLS=====>> Live Stream!!!!
D/DataSource_M3U8(  744): 
D/DataSource_M3U8(  744): 
D/DataSource_M3U8(  744): 
D/DataSource_M3U8(  744): ============Begin to get playlist !!=====================
D/DataSource_M3U8(  744): 
D/DataSource_M3U8(  744): 
D/DataSource_M3U8(  744): 
D/DataSource_M3U8(  744):  connect Server :cibn-iss1.longvisionmedia.com
D/DataSource_M3U8(  744): parseM3U8 .......!
D/DataSource_M3U8(  744): 
D/DataSource_M3U8(  744):  do not update  mediaSequence : 0   url = http://cibn-iss1.longvisionmedia.com:8088/vod/CIBN2013_CIBN2013040100011728_1200.m3u8   
D/DataSource_M3U8(  744): [M3U8] file: NULL line 
D/DataSource_M3U8(  744): HLS=====>> Live Stream!!!!
D/DataSource_M3U8(  744): 
D/DataSource_M3U8(  744): 
D/DataSource_M3U8(  744): 
D/DataSource_M3U8(  744): ============Begin to get playlist !!=====================
D/DataSource_M3U8(  744): 
D/DataSource_M3U8(  744): 
D/DataSource_M3U8(  744): 
D/DataSource_M3U8(  744):  connect Server :cibn-iss1.longvisionmedia.com
D/DataSource_M3U8(  744): parseM3U8 .......!
D/DataSource_M3U8(  744): 
D/DataSource_M3U8(  744):  do not update  mediaSequence : 0   url = http://cibn-iss1.longvisionmedia.com:8088/vod/CIBN2013_CIBN2013040100011728_1200.m3u8   
D/DataSource_M3U8(  744): [M3U8] file: NULL line 
D/DataSource_M3U8(  744): HLS=====>> Live Stream!!!!
D/dalvikvm( 1505): GC_CONCURRENT freed 392K, 78% free 1329K/6019K, paused 1ms+1ms
D/dalvikvm( 1505): GC_CONCURRENT freed 404K, 79% free 1316K/6019K, paused 1ms+1ms
D/DataSource_M3U8(  744): 
D/DataSource_M3U8(  744): 
D/DataSource_M3U8(  744): 
D/DataSource_M3U8(  744): ============Begin to get playlist !!=====================
D/DataSource_M3U8(  744): 
D/DataSource_M3U8(  744): 
D/dalvikvm( 1505): GC_CONCURRENT freed 379K, 77% free 1439K/6019K, paused 1ms+1ms
D/DataSource_M3U8(  744): 
D/DataSource_M3U8(  744):  connect Server :cibn-iss1.longvisionmedia.com
D/DataSource_M3U8(  744): parseM3U8 .......!
D/DataSource_M3U8(  744): 
D/DataSource_M3U8(  744):  do not update  mediaSequence : 0   url = http://cibn-iss1.longvisionmedia.com:8088/vod/CIBN2013_CIBN2013040100011728_1200.m3u8   
D/DataSource_M3U8(  744): [M3U8] file: NULL line 
D/DataSource_M3U8(  744): HLS=====>> Live Stream!!!!
D/dalvikvm( 1505): GC_CONCURRENT freed 503K, 76% free 1445K/6019K, paused 1ms+1ms
D/DataSource_M3U8(  744): 
D/DataSource_M3U8(  744): 
D/DataSource_M3U8(  744): 
D/DataSource_M3U8(  744): ============Begin to get playlist !!=====================
D/DataSource_M3U8(  744): 
D/DataSource_M3U8(  744): 
D/DataSource_M3U8(  744): 
D/DataSource_M3U8(  744):  connect Server :cibn-iss1.longvisionmedia.com
D/DataSource_M3U8(  744): parseM3U8 .......!
D/DataSource_M3U8(  744): 
D/DataSource_M3U8(  744):  do not update  mediaSequence : 0   url = http://cibn-iss1.longvisionmedia.com:8088/vod/CIBN2013_CIBN2013040100011728_1200.m3u8   
D/DataSource_M3U8(  744): [M3U8] file: NULL line 
D/DataSource_M3U8(  744): HLS=====>> Live Stream!!!!
D/DataSource_M3U8(  744): 
D/DataSource_M3U8(  744): 
D/DataSource_M3U8(  744): 
D/DataSource_M3U8(  744): ============Begin to get playlist !!=====================
D/DataSource_M3U8(  744): 
D/DataSource_M3U8(  744): 
D/DataSource_M3U8(  744): 
D/DataSource_M3U8(  744):  connect Server :cibn-iss1.longvisionmedia.com
D/DataSource_M3U8(  744): parseM3U8 .......!
D/DataSource_M3U8(  744): 
D/DataSource_M3U8(  744):  do not update  mediaSequence : 0   url = http://cibn-iss1.longvisionmedia.com:8088/vod/CIBN2013_CIBN2013040100011728_1200.m3u8   
D/DataSource_M3U8(  744): [M3U8] file: NULL line 
D/DataSource_M3U8(  744): HLS=====>> Live Stream!!!!
D/DataSource_M3U8(  744): 
D/DataSource_M3U8(  744): 
D/DataSource_M3U8(  744): 
D/DataSource_M3U8(  744): ============Begin to get playlist !!=====================
D/DataSource_M3U8(  744): 
D/DataSource_M3U8(  744): 
D/DataSource_M3U8(  744): 
D/DataSource_M3U8(  744):  connect Server :cibn-iss1.longvisionmedia.com
D/DataSource_M3U8(  744): parseM3U8 .......!
D/DataSource_M3U8(  744): 
D/DataSource_M3U8(  744):  do not update  mediaSequence : 0   url = http://cibn-iss1.longvisionmedia.com:8088/vod/CIBN2013_CIBN2013040100011728_1200.m3u8   
D/DataSource_M3U8(  744): [M3U8] file: NULL line 
D/DataSource_M3U8(  744): HLS=====>> Live Stream!!!!
D/DataSource_M3U8(  744): 
D/DataSource_M3U8(  744): 
D/DataSource_M3U8(  744): 
D/DataSource_M3U8(  744): ============Begin to get playlist !!=====================
D/DataSource_M3U8(  744): 
D/DataSource_M3U8(  744): 
D/DataSource_M3U8(  744): 
D/DataSource_M3U8(  744):  connect Server :cibn-iss1.longvisionmedia.com
D/DataSource_M3U8(  744): parseM3U8 .......!
D/DataSource_M3U8(  744): 
D/DataSource_M3U8(  744):  do not update  mediaSequence : 0   url = http://cibn-iss1.longvisionmedia.com:8088/vod/CIBN2013_CIBN2013040100011728_1200.m3u8   
D/DataSource_M3U8(  744): [M3U8] file: NULL line 
D/DataSource_M3U8(  744): HLS=====>> Live Stream!!!!
D/DataSource_M3U8(  744): 
D/DataSource_M3U8(  744): 
D/DataSource_M3U8(  744): 
D/DataSource_M3U8(  744): ============Begin to get playlist !!=====================
D/DataSource_M3U8(  744): 
D/DataSource_M3U8(  744): 
D/DataSource_M3U8(  744): 
D/DataSource_M3U8(  744):  connect Server :cibn-iss1.longvisionmedia.com
D/DataSource_M3U8(  744): parseM3U8 .......!
D/DataSource_M3U8(  744): 
D/DataSource_M3U8(  744):  do not update  mediaSequence : 0   url = http://cibn-iss1.longvisionmedia.com:8088/vod/CIBN2013_CIBN2013040100011728_1200.m3u8   
D/DataSource_M3U8(  744): [M3U8] file: NULL line 
D/DataSource_M3U8(  744): HLS=====>> Live Stream!!!!
D/DataSource_M3U8(  744): 
D/DataSource_M3U8(  744): 
D/DataSource_M3U8(  744): 
D/DataSource_M3U8(  744): ============Begin to get playlist !!=====================
D/DataSource_M3U8(  744): 
D/DataSource_M3U8(  744): 
D/DataSource_M3U8(  744): 
D/DataSource_M3U8(  744):  connect Server :cibn-iss1.longvisionmedia.com
D/DataSource_M3U8(  744): parseM3U8 .......!
D/DataSource_M3U8(  744): 
D/DataSource_M3U8(  744):  do not update  mediaSequence : 0   url = http://cibn-iss1.longvisionmedia.com:8088/vod/CIBN2013_CIBN2013040100011728_1200.m3u8   
D/DataSource_M3U8(  744): [M3U8] file: NULL line 
D/DataSource_M3U8(  744): HLS=====>> Live Stream!!!!
D/DataSource_M3U8(  744): 
D/DataSource_M3U8(  744): 
D/DataSource_M3U8(  744): 
D/DataSource_M3U8(  744): ============Begin to get playlist !!=====================
D/DataSource_M3U8(  744): 
D/DataSource_M3U8(  744): 
D/HomePlayerLib( 1505): hostaddress count is 1
D/DataSource_M3U8(  744): 
D/DataSource_M3U8(  744):  connect Server :cibn-iss1.longvisionmedia.com
D/DataSource_M3U8(  744): parseM3U8 .......!
D/DataSource_M3U8(  744): 
D/DataSource_M3U8(  744):  do not update  mediaSequence : 0   url = http://cibn-iss1.longvisionmedia.com:8088/vod/CIBN2013_CIBN2013040100011728_1200.m3u8   
D/DataSource_M3U8(  744): [M3U8] file: NULL line 
D/DataSource_M3U8(  744): HLS=====>> Live Stream!!!!
D/dalvikvm( 1505): GC_CONCURRENT freed 538K, 77% free 1396K/6019K, paused 1ms+1ms
D/dalvikvm( 1505): GC_CONCURRENT freed 486K, 77% free 1409K/6019K, paused 1ms+1ms
D/dalvikvm( 1505): GC_CONCURRENT freed 500K, 79% free 1322K/6019K, paused 1ms+1ms
D/dalvikvm( 1505): GC_CONCURRENT freed 400K, 77% free 1428K/6019K, paused 1ms+1ms
D/dalvikvm( 1505): GC_CONCURRENT freed 512K, 76% free 1466K/6019K, paused 1ms+1ms
D/dalvikvm( 1505): GC_CONCURRENT freed 525K, 77% free 1422K/6019K, paused 1ms+1ms
D/DataSource_M3U8(  744): 
D/DataSource_M3U8(  744): 
D/DataSource_M3U8(  744): 
D/DataSource_M3U8(  744): ============Begin to get playlist !!=====================
D/DataSource_M3U8(  744): 
D/DataSource_M3U8(  744): 
D/dalvikvm( 1505): GC_CONCURRENT freed 475K, 78% free 1338K/6019K, paused 1ms+2ms
D/dalvikvm( 1505): GC_CONCURRENT freed 410K, 78% free 1352K/6019K, paused 1ms+1ms
D/DataSource_M3U8(  744): 
D/DataSource_M3U8(  744):  connect Server :cibn-iss1.longvisionmedia.com
D/DataSource_M3U8(  744): parseM3U8 .......!
D/DataSource_M3U8(  744): 
D/DataSource_M3U8(  744):  do not update  mediaSequence : 0   url = http://cibn-iss1.longvisionmedia.com:8088/vod/CIBN2013_CIBN2013040100011728_1200.m3u8   
D/DataSource_M3U8(  744): [M3U8] file: NULL line 
D/DataSource_M3U8(  744): HLS=====>> Live Stream!!!!
D/dalvikvm( 1505): GC_CONCURRENT freed 408K, 78% free 1384K/6019K, paused 1ms+1ms
D/dalvikvm( 1505): GC_CONCURRENT freed 430K, 78% free 1384K/6019K, paused 1ms+1ms
D/dalvikvm( 1505): GC_CONCURRENT freed 438K, 78% free 1337K/6019K, paused 1ms+2ms
D/dalvikvm( 1505): GC_CONCURRENT freed 398K, 78% free 1333K/6019K, paused 1ms+1ms
D/DataSource_M3U8(  744): 
D/DataSource_M3U8(  744): 
D/DataSource_M3U8(  744): 
D/DataSource_M3U8(  744): ============Begin to get playlist !!=====================
D/DataSource_M3U8(  744): 
D/DataSource_M3U8(  744): 
D/dalvikvm( 1505): GC_CONCURRENT freed 394K, 78% free 1378K/6019K, paused 1ms+1ms
D/DataSource_M3U8(  744): 
D/DataSource_M3U8(  744):  connect Server :cibn-iss1.longvisionmedia.com
D/DataSource_M3U8(  744): parseM3U8 .......!
D/DataSource_M3U8(  744): 
D/DataSource_M3U8(  744):  do not update  mediaSequence : 0   url = http://cibn-iss1.longvisionmedia.com:8088/vod/CIBN2013_CIBN2013040100011728_1200.m3u8   
D/DataSource_M3U8(  744): [M3U8] file: NULL line 
D/DataSource_M3U8(  744): HLS=====>> Live Stream!!!!
D/DataSource_M3U8(  744): 
D/DataSource_M3U8(  744): 
D/DataSource_M3U8(  744): 
D/DataSource_M3U8(  744): ============Begin to get playlist !!=====================
D/DataSource_M3U8(  744): 
D/DataSource_M3U8(  744): 
D/DataSource_M3U8(  744): 
D/DataSource_M3U8(  744):  Warnig:: No Enough data in buffer...
I//lib/ld-linux.so.3(  748): Blocking Read: 30021, size: 0x0.
I/ActivityManager(  944): No longer want com.biaoqi.stbwidget.host (pid 1332): hidden #16
I/ActivityManager(  944): No longer want com.coship.stpservice (pid 1831): hidden #17
I/ActivityManager(  944): No longer want com.coship.startwizard (pid 1800): hidden #18
I/ActivityManager(  944): No longer want com.coship.TestApp (pid 1766): hidden #19
I/ActivityManager(  944): No longer want com.coship.changetheaudiooutput (pid 1738): hidden #20
I/ActivityManager(  944): No longer want com.android.settings (pid 1306): hidden #21
I/ActivityManager(  944): No longer want com.coship.cw880 (pid 1697): hidden #22
W/ActivityManager(  944): Scheduling restart of crashed service com.coship.changetheaudiooutput/.AudioOutputServer in 5000ms
W/ActivityManager(  944): Scheduling restart of crashed service com.coship.stpservice/.StpService in 14988ms
W/ActivityManager(  944): Scheduling restart of crashed service com.coship.cw880/.MonitorCw880 in 24986ms
I//lib/ld-linux.so.3(  748): [COMMUI]ThirdPartyTvManagerService::Client destructor(callingPid 1831)
I//lib/ld-linux.so.3(  748): [COMMUI]DtvAvTerm(callingPid 755, clientPid 1831)
I//lib/ld-linux.so.3(  748): [COMMUI]DtvSystemFinalize(callingPid 755, clientPid 1831)
D/DataSource_M3U8(  744): 
D/DataSource_M3U8(  744):  connect Server :cibn-iss1.longvisionmedia.com
D/DataSource_M3U8(  744): parseM3U8 .......!
D/DataSource_M3U8(  744): 
D/DataSource_M3U8(  744):  do not update  mediaSequence : 0   url = http://cibn-iss1.longvisionmedia.com:8088/vod/CIBN2013_CIBN2013040100011728_1200.m3u8   
D/DataSource_M3U8(  744): [M3U8] file: NULL line 
D/DataSource_M3U8(  744): HLS=====>> Live Stream!!!!
D/DataSource_M3U8(  744): 
D/DataSource_M3U8(  744): 
D/DataSource_M3U8(  744): 
D/DataSource_M3U8(  744): ============Begin to get playlist !!=====================
D/DataSource_M3U8(  744): 
D/DataSource_M3U8(  744): 
D/DataSource_M3U8(  744): 
D/DataSource_M3U8(  744):  connect Server :cibn-iss1.longvisionmedia.com
D/DataSource_M3U8(  744): parseM3U8 .......!
D/DataSource_M3U8(  744): 
D/DataSource_M3U8(  744):  do not update  mediaSequence : 0   url = http://cibn-iss1.longvisionmedia.com:8088/vod/CIBN2013_CIBN2013040100011728_1200.m3u8   
D/DataSource_M3U8(  744): [M3U8] file: NULL line 
D/DataSource_M3U8(  744): HLS=====>> Live Stream!!!!
D/dalvikvm( 1505): GC_CONCURRENT freed 443K, 77% free 1390K/6019K, paused 1ms+1ms
D/dalvikvm( 1505): GC_CONCURRENT freed 449K, 77% free 1414K/6019K, paused 1ms+1ms
D/dalvikvm( 1505): GC_CONCURRENT freed 475K, 78% free 1334K/6019K, paused 3ms+1ms
D/DataSource_M3U8(  744): 
D/DataSource_M3U8(  744): 
D/DataSource_M3U8(  744): 
D/DataSource_M3U8(  744): ============Begin to get playlist !!=====================
D/DataSource_M3U8(  744): 
D/DataSource_M3U8(  744): 
D/dalvikvm( 1505): GC_CONCURRENT freed 394K, 78% free 1378K/6019K, paused 1ms+1ms
D/DataSource_M3U8(  744): 
D/DataSource_M3U8(  744):  connect Server :cibn-iss1.longvisionmedia.com
D/DataSource_M3U8(  744): parseM3U8 .......!
D/DataSource_M3U8(  744): 
D/DataSource_M3U8(  744):  do not update  mediaSequence : 0   url = http://cibn-iss1.longvisionmedia.com:8088/vod/CIBN2013_CIBN2013040100011728_1200.m3u8   
D/DataSource_M3U8(  744): [M3U8] file: NULL line 
D/DataSource_M3U8(  744): HLS=====>> Live Stream!!!!
D/dalvikvm( 1505): GC_CONCURRENT freed 445K, 77% free 1444K/6019K, paused 1ms+1ms
D/DataSource_M3U8(  744): 
D/DataSource_M3U8(  744): 
D/DataSource_M3U8(  744): 
D/DataSource_M3U8(  744): ============Begin to get playlist !!=====================
D/DataSource_M3U8(  744): 
D/DataSource_M3U8(  744): 
D/dalvikvm( 1505): GC_CONCURRENT freed 536K, 79% free 1303K/6019K, paused 1ms+1ms
D/DataSource_M3U8(  744): 
D/DataSource_M3U8(  744):  connect Server :cibn-iss1.longvisionmedia.com
D/DataSource_M3U8(  744): parseM3U8 .......!
D/DataSource_M3U8(  744): 
D/DataSource_M3U8(  744):  do not update  mediaSequence : 0   url = http://cibn-iss1.longvisionmedia.com:8088/vod/CIBN2013_CIBN2013040100011728_1200.m3u8   
D/DataSource_M3U8(  744): [M3U8] file: NULL line 
D/DataSource_M3U8(  744): HLS=====>> Live Stream!!!!
D/dalvikvm( 1505): GC_CONCURRENT freed 394K, 79% free 1301K/6019K, paused 1ms+1ms
D/dalvikvm( 1505): GC_CONCURRENT freed 392K, 78% free 1374K/6019K, paused 1ms+1ms
D/DataSource_M3U8(  744): 
D/DataSource_M3U8(  744): 
D/DataSource_M3U8(  744): 
D/DataSource_M3U8(  744): ============Begin to get playlist !!=====================
D/DataSource_M3U8(  744): 
D/DataSource_M3U8(  744): 
D/dalvikvm( 1505): GC_CONCURRENT freed 458K, 78% free 1370K/6019K, paused 1ms+1ms
D/DataSource_M3U8(  744): 
D/DataSource_M3U8(  744):  connect Server :cibn-iss1.longvisionmedia.com
D/DataSource_M3U8(  744): parseM3U8 .......!
D/DataSource_M3U8(  744): 
D/DataSource_M3U8(  744):  do not update  mediaSequence : 0   url = http://cibn-iss1.longvisionmedia.com:8088/vod/CIBN2013_CIBN2013040100011728_1200.m3u8   
D/DataSource_M3U8(  744): [M3U8] file: NULL line 
D/DataSource_M3U8(  744): HLS=====>> Live Stream!!!!
D/DataSource_M3U8(  744): 
D/DataSource_M3U8(  744): 
D/DataSource_M3U8(  744): 
D/DataSource_M3U8(  744): ============Begin to get playlist !!=====================
D/DataSource_M3U8(  744): 
D/DataSource_M3U8(  744): 
I/ActivityManager(  944): Start proc com.coship.changetheaudiooutput for service com.coship.changetheaudiooutput/.AudioOutputServer: pid=2663 uid=10034 gids={3002, 3001, 3004}
V/AudioOutputServer( 2663): +++++onCreate+++++
D/DataSource_M3U8(  744): 
D/DataSource_M3U8(  744):  connect Server :cibn-iss1.longvisionmedia.com
D/DataSource_M3U8(  744): parseM3U8 .......!
D/DataSource_M3U8(  744): 
D/DataSource_M3U8(  744):  do not update  mediaSequence : 0   url = http://cibn-iss1.longvisionmedia.com:8088/vod/CIBN2013_CIBN2013040100011728_1200.m3u8   
D/DataSource_M3U8(  744): [M3U8] file: NULL line 
D/DataSource_M3U8(  744): HLS=====>> Live Stream!!!!
D/dalvikvm( 1505): GC_CONCURRENT freed 460K, 79% free 1299K/6019K, paused 0ms+1ms
D/DataSource_M3U8(  744): 
D/DataSource_M3U8(  744): 
D/DataSource_M3U8(  744): 
D/DataSource_M3U8(  744): ============Begin to get playlist !!=====================
D/DataSource_M3U8(  744): 
D/DataSource_M3U8(  744): 
D/DataSource_M3U8(  744): 
D/DataSource_M3U8(  744):  connect Server :cibn-iss1.longvisionmedia.com
D/DataSource_M3U8(  744): parseM3U8 .......!
D/DataSource_M3U8(  744): 
D/DataSource_M3U8(  744):  do not update  mediaSequence : 0   url = http://cibn-iss1.longvisionmedia.com:8088/vod/CIBN2013_CIBN2013040100011728_1200.m3u8   
D/DataSource_M3U8(  744): [M3U8] file: NULL line 
D/DataSource_M3U8(  744): HLS=====>> Live Stream!!!!
D/DataSource_M3U8(  744): 
D/DataSource_M3U8(  744): 
D/DataSource_M3U8(  744): 
D/DataSource_M3U8(  744): ============Begin to get playlist !!=====================
D/DataSource_M3U8(  744): 
D/DataSource_M3U8(  744): 
D/DataSource_M3U8(  744): 
D/DataSource_M3U8(  744):  connect Server :cibn-iss1.longvisionmedia.com
D/DataSource_M3U8(  744): parseM3U8 .......!
D/DataSource_M3U8(  744): 
D/DataSource_M3U8(  744):  do not update  mediaSequence : 0   url = http://cibn-iss1.longvisionmedia.com:8088/vod/CIBN2013_CIBN2013040100011728_1200.m3u8   
D/DataSource_M3U8(  744): [M3U8] file: NULL line 
D/DataSource_M3U8(  744): HLS=====>> Live Stream!!!!
D/DataSource_M3U8(  744): 
D/DataSource_M3U8(  744): 
D/DataSource_M3U8(  744): 
D/DataSource_M3U8(  744): ============Begin to get playlist !!=====================
D/DataSource_M3U8(  744): 
D/DataSource_M3U8(  744): 
D/DataSource_M3U8(  744): 
D/DataSource_M3U8(  744):  connect Server :cibn-iss1.longvisionmedia.com
D/DataSource_M3U8(  744): parseM3U8 .......!
D/DataSource_M3U8(  744): 
D/DataSource_M3U8(  744):  do not update  mediaSequence : 0   url = http://cibn-iss1.longvisionmedia.com:8088/vod/CIBN2013_CIBN2013040100011728_1200.m3u8   
D/DataSource_M3U8(  744): [M3U8] file: NULL line 
D/DataSource_M3U8(  744): HLS=====>> Live Stream!!!!
D/DataSource_M3U8(  744): 
D/DataSource_M3U8(  744): 
D/DataSource_M3U8(  744): 
D/DataSource_M3U8(  744): ============Begin to get playlist !!=====================
D/DataSource_M3U8(  744): 
D/DataSource_M3U8(  744): 
D/dalvikvm( 1505): GC_CONCURRENT freed 388K, 78% free 1327K/6019K, paused 1ms+1ms
D/HomePlayerLib( 1505): hostaddress count is 1
D/dalvikvm( 1505): GC_CONCURRENT freed 415K, 79% free 1312K/6019K, paused 1ms+1ms
D/dalvikvm( 1505): GC_CONCURRENT freed 409K, 79% free 1291K/6019K, paused 1ms+1ms
D/DataSource_M3U8(  744): 
D/DataSource_M3U8(  744):  connect Server :cibn-iss1.longvisionmedia.com
D/DataSource_M3U8(  744): parseM3U8 .......!
D/DataSource_M3U8(  744): 
D/DataSource_M3U8(  744):  do not update  mediaSequence : 0   url = http://cibn-iss1.longvisionmedia.com:8088/vod/CIBN2013_CIBN2013040100011728_1200.m3u8   
D/DataSource_M3U8(  744): [M3U8] file: NULL line 
D/DataSource_M3U8(  744): HLS=====>> Live Stream!!!!
D/dalvikvm( 1505): GC_CONCURRENT freed 361K, 78% free 1328K/6019K, paused 1ms+1ms
D/dalvikvm( 1505): GC_CONCURRENT freed 413K, 79% free 1303K/6019K, paused 1ms+1ms
D/dalvikvm( 1505): GC_CONCURRENT freed 391K, 79% free 1305K/6019K, paused 1ms+1ms
D/dalvikvm( 1505): GC_CONCURRENT freed 392K, 79% free 1314K/6019K, paused 1ms+1ms
D/dalvikvm( 1505): GC_CONCURRENT freed 406K, 79% free 1303K/6019K, paused 1ms+1ms
D/DataSource_M3U8(  744): 
D/DataSource_M3U8(  744): 
D/DataSource_M3U8(  744): 
D/DataSource_M3U8(  744): ============Begin to get playlist !!=====================
D/DataSource_M3U8(  744): 
D/DataSource_M3U8(  744): 
D/dalvikvm( 1505): GC_CONCURRENT freed 390K, 78% free 1328K/6019K, paused 1ms+1ms
D/dalvikvm( 1505): GC_CONCURRENT freed 408K, 79% free 1315K/6019K, paused 1ms+1ms
D/dalvikvm( 1505): GC_CONCURRENT freed 393K, 79% free 1315K/6019K, paused 1ms+2ms
D/DataSource_M3U8(  744): 
D/DataSource_M3U8(  744):  connect Server :cibn-iss1.longvisionmedia.com
D/DataSource_M3U8(  744): parseM3U8 .......!
D/DataSource_M3U8(  744): 
D/DataSource_M3U8(  744):  do not update  mediaSequence : 0   url = http://cibn-iss1.longvisionmedia.com:8088/vod/CIBN2013_CIBN2013040100011728_1200.m3u8   
D/DataSource_M3U8(  744): [M3U8] file: NULL line 
D/DataSource_M3U8(  744): HLS=====>> Live Stream!!!!
D/dalvikvm( 1505): GC_CONCURRENT freed 404K, 78% free 1327K/6019K, paused 1ms+1ms
D/dalvikvm( 1505): GC_CONCURRENT freed 409K, 78% free 1354K/6019K, paused 1ms+2ms
D/DataSource_M3U8(  744): 
D/DataSource_M3U8(  744): 
D/DataSource_M3U8(  744): 
D/DataSource_M3U8(  744): ============Begin to get playlist !!=====================
D/DataSource_M3U8(  744): 
D/DataSource_M3U8(  744): 
D/dalvikvm( 1505): GC_CONCURRENT freed 434K, 79% free 1313K/6019K, paused 1ms+1ms
D/dalvikvm( 1505): GC_CONCURRENT freed 394K, 78% free 1358K/6019K, paused 1ms+2ms
D/dalvikvm( 1505): GC_CONCURRENT freed 427K, 77% free 1430K/6019K, paused 1ms+2ms
D/DataSource_M3U8(  744): 
D/DataSource_M3U8(  744):  connect Server :cibn-iss1.longvisionmedia.com
D/DataSource_M3U8(  744): parseM3U8 .......!
D/DataSource_M3U8(  744): 
D/DataSource_M3U8(  744):  do not update  mediaSequence : 0   url = http://cibn-iss1.longvisionmedia.com:8088/vod/CIBN2013_CIBN2013040100011728_1200.m3u8   
D/DataSource_M3U8(  744): [M3U8] file: NULL line 
D/DataSource_M3U8(  744): HLS=====>> Live Stream!!!!
D/dalvikvm( 1505): GC_CONCURRENT freed 504K, 77% free 1393K/6019K, paused 1ms+1ms
D/dalvikvm( 1505): GC_CONCURRENT freed 460K, 79% free 1322K/6019K, paused 1ms+1ms
D/DataSource_M3U8(  744): 
D/DataSource_M3U8(  744): 
D/DataSource_M3U8(  744): 
D/DataSource_M3U8(  744): ============Begin to get playlist !!=====================
D/DataSource_M3U8(  744): 
D/DataSource_M3U8(  744): 
D/DataSource_M3U8(  744): 
D/DataSource_M3U8(  744):  connect Server :cibn-iss1.longvisionmedia.com
D/DataSource_M3U8(  744): parseM3U8 .......!
D/DataSource_M3U8(  744): 
D/DataSource_M3U8(  744):  do not update  mediaSequence : 0   url = http://cibn-iss1.longvisionmedia.com:8088/vod/CIBN2013_CIBN2013040100011728_1200.m3u8   
D/DataSource_M3U8(  744): [M3U8] file: NULL line 
D/DataSource_M3U8(  744): HLS=====>> Live Stream!!!!
D/DataSource_M3U8(  744): 
D/DataSource_M3U8(  744): 
D/DataSource_M3U8(  744): 
D/DataSource_M3U8(  744): ============Begin to get playlist !!=====================
D/DataSource_M3U8(  744): 
D/DataSource_M3U8(  744): 
D/DataSource_M3U8(  744): 
D/DataSource_M3U8(  744):  connect Server :cibn-iss1.longvisionmedia.com
D/DataSource_M3U8(  744): parseM3U8 .......!
D/DataSource_M3U8(  744): 
D/DataSource_M3U8(  744):  do not update  mediaSequence : 0   url = http://cibn-iss1.longvisionmedia.com:8088/vod/CIBN2013_CIBN2013040100011728_1200.m3u8   
D/DataSource_M3U8(  744): [M3U8] file: NULL line 
D/DataSource_M3U8(  744): HLS=====>> Live Stream!!!!
D/DataSource_M3U8(  744): ----------UpdatePlaylistThread runing... 
D/DataSource_M3U8(  744): 
D/DataSource_M3U8(  744): 
D/DataSource_M3U8(  744): 
D/DataSource_M3U8(  744): ============Begin to get playlist !!=====================
D/DataSource_M3U8(  744): 
D/DataSource_M3U8(  744): 
D/DataSource_M3U8(  744): 
D/DataSource_M3U8(  744):  connect Server :cibn-iss1.longvisionmedia.com
D/DataSource_M3U8(  744): parseM3U8 .......!
D/DataSource_M3U8(  744): 
D/DataSource_M3U8(  744):  do not update  mediaSequence : 0   url = http://cibn-iss1.longvisionmedia.com:8088/vod/CIBN2013_CIBN2013040100011728_1200.m3u8   
D/DataSource_M3U8(  744): [M3U8] file: NULL line 
D/DataSource_M3U8(  744): HLS=====>> Live Stream!!!!
D/dalvikvm( 1505): GC_CONCURRENT freed 395K, 78% free 1344K/6019K, paused 1ms+1ms
D/dalvikvm( 1505): GC_CONCURRENT freed 405K, 78% free 1332K/6019K, paused 1ms+1ms
D/dalvikvm( 1505): GC_CONCURRENT freed 393K, 78% free 1332K/6019K, paused 1ms+1ms
D/DataSource_M3U8(  744): 
D/DataSource_M3U8(  744): 
D/DataSource_M3U8(  744): 
D/DataSource_M3U8(  744): ============Begin to get playlist !!=====================
D/DataSource_M3U8(  744): 
D/DataSource_M3U8(  744): 
D/dalvikvm( 1505): GC_CONCURRENT freed 394K, 78% free 1332K/6019K, paused 1ms+1ms
D/dalvikvm( 1505): GC_CONCURRENT freed 394K, 78% free 1334K/6019K, paused 1ms+1ms
D/DataSource_M3U8(  744): 
D/DataSource_M3U8(  744):  connect Server :cibn-iss1.longvisionmedia.com
D/DataSource_M3U8(  744): parseM3U8 .......!
D/DataSource_M3U8(  744): 
D/DataSource_M3U8(  744):  do not update  mediaSequence : 0   url = http://cibn-iss1.longvisionmedia.com:8088/vod/CIBN2013_CIBN2013040100011728_1200.m3u8   
D/DataSource_M3U8(  744): [M3U8] file: NULL line 
D/DataSource_M3U8(  744): HLS=====>> Live Stream!!!!
D/DataSource_M3U8(  744): 
D/DataSource_M3U8(  744): 
D/DataSource_M3U8(  744): 
D/DataSource_M3U8(  744): ============Begin to get playlist !!=====================
D/DataSource_M3U8(  744): 
D/DataSource_M3U8(  744): 
D/DataSource_M3U8(  744): 
D/DataSource_M3U8(  744):  connect Server :cibn-iss1.longvisionmedia.com
D/DataSource_M3U8(  744): parseM3U8 .......!
D/DataSource_M3U8(  744): 
D/DataSource_M3U8(  744):  do not update  mediaSequence : 0   url = http://cibn-iss1.longvisionmedia.com:8088/vod/CIBN2013_CIBN2013040100011728_1200.m3u8   
D/DataSource_M3U8(  744): [M3U8] file: NULL line 
D/DataSource_M3U8(  744): HLS=====>> Live Stream!!!!
I/ActivityManager(  944): Start proc com.coship.stpservice for service com.coship.stpservice/.StpService: pid=2678 uid=1000 gids={3003, 1015, 3002, 3001, 3004}
I/StpService( 2678): onCreate
I/StpService( 2678): register stp_boardcast
I/StpService( 2678): register stp_net_boardcast
D/DataSource_M3U8(  744): 
D/DataSource_M3U8(  744): 
D/DataSource_M3U8(  744): 
D/DataSource_M3U8(  744): ============Begin to get playlist !!=====================
D/DataSource_M3U8(  744): 
D/DataSource_M3U8(  744): 
D/dalvikvm( 2678): No JNI_OnLoad found in /system/lib/libcs_BootLoader.so 0x415fb7b8, skipping init
I/StpNative( 2678): Stp JNI_OnLoad
I//lib/ld-linux.so.3(  748): Flash is detected (0x0914, 0x1C, 0x70, 0x15)
D/MMCP    ( 2678): <udi2_flash> SPI INFO gCurSPIFlashSize = 0x200000,gCurSPISectorSize = 0x10000
D/MMCP    ( 2678): <udi2_flash> 
D/MMCP    ( 2678):  FlashSize = 0xe5e00000, FlashPartitionCount = 26, FlashStartaddres = 0x200000.
D/MMCP    ( 2678): <udi2_flash> Partition[0] from 0x200000 to 0x200000, length 0x0.
D/MMCP    ( 2678): <udi2_flash> Partition[1] from 0x200000 to 0x280000, length 0x80000.
D/MMCP    ( 2678): <udi2_flash> Partition[2] from 0x280000 to 0xc80000, length 0xa00000.
D/MMCP    ( 2678): <udi2_flash> Partition[3] from 0xc80000 to 0x1080000, length 0x400000.
D/MMCP    ( 2678): <udi2_flash> Partition[4] from 0x1080000 to 0x17480000, length 0x16400000.
D/MMCP    ( 2678): <udi2_flash> Partition[5] from 0x17480000 to 0x4c080000, length 0x34c00000.
D/MMCP    ( 2678): <udi2_flash> Partition[6] from 0x4c080000 to 0x5ec80000, length 0x12c00000.
D/MMCP    ( 2678): <udi2_flash> Partition[7] from 0x5ec80000 to 0x62880000, length 0x3c00000.
D/MMCP    ( 2678): <udi2_flash> Partition[8] from 0x62880000 to 0x63880000, length 0x1000000.
D/MMCP    ( 2678): <udi2_flash> Partition[9] from 0x63880000 to 0x64080000, length 0x800000.
D/MMCP    ( 2678): <udi2_flash> Partition[10] from 0x64080000 to 0x74080000, length 0x10000000.
D/MMCP    ( 2678): <udi2_flash> Partition[11] from 0x74080000 to 0x740a0000, length 0x20000.
D/MMCP    ( 2678): <udi2_flash> Partition[12] from 0x740a0000 to 0x740c0000, length 0x20000.
D/MMCP    ( 2678): <udi2_flash> Partition[13] from 0x740c0000 to 0x740e0000, length 0x20000.
D/MMCP    ( 2678): <udi2_flash> Partition[14] from 0x740e0000 to 0x74100000, length 0x20000.
D/MMCP    ( 2678): <udi2_flash> Partition[15] from 0x74100000 to 0x74120000, length 0x20000.
D/MMCP    ( 2678): <udi2_flash> Partition[16] from 0x74120000 to 0x74140000, length 0x20000.
D/MMCP    ( 2678): <udi2_flash> Partition[17] from 0x74140000 to 0x74160000, length 0x20000.
D/MMCP    ( 2678): <udi2_flash> Partition[18] from 0x74160000 to 0x74180000, length 0x20000.
D/MMCP    ( 2678): <udi2_flash> Partition[19] from 0x74180000 to 0x741a0000, length 0x20000.
D/MMCP    ( 2678): <udi2_flash> Partition[20] from 0x741a0000 to 0x74320000, length 0x180000.
D/MMCP    ( 2678): <udi2_flash> Partition[21] from 0x74320000 to 0x74d20000, length 0xa00000.
D/MMCP    ( 2678): <udi2_flash> Partition[22] from 0x74d20000 to 0x74f20000, length 0x200000.
D/MMCP    ( 2678): <udi2_flash> Partition[23] from 0x74f20000 to 0x750a0000, length 0x180000.
D/MMCP    ( 2678): <udi2_flash> Partition[24] from 0x750a0000 to 0x950a0000, length 0x20000000.
D/MMCP    ( 2678): <udi2_flash> Partition[25] from 0x950a0000 to 0xe6000000, length 0x50f60000.
D/MMCP    ( 2678): <udi2_flash> 
D/MMCP    ( 2678):  FlashSize = 0xcbc00000, FlashPartitionCount = 26, FlashStartaddres = 0x200000.
D/MMCP    ( 2678): <udi2_flash> Partition[0] from 0x200000 to 0x200000, length 0x0.
D/MMCP    ( 2678): <udi2_flash> Partition[1] from 0x200000 to 0x280000, length 0x80000.
D/MMCP    ( 2678): <udi2_flash> Partition[2] from 0x280000 to 0xc80000, length 0xa00000.
D/MMCP    ( 2678): <udi2_flash> Partition[3] from 0xc80000 to 0x1080000, length 0x400000.
D/MMCP    ( 2678): <udi2_flash> Partition[4] from 0x1080000 to 0x17480000, length 0x16400000.
D/MMCP    ( 2678): <udi2_flash> Partition[5] from 0x17480000 to 0x4c080000, length 0x34c00000.
D/MMCP    ( 2678): <udi2_flash> Partition[6] from 0x4c080000 to 0x5ec80000, length 0x12c00000.
D/MMCP    ( 2678): <udi2_flash> Partition[7] from 0x5ec80000 to 0x62880000, length 0x3c00000.
D/MMCP    ( 2678): <udi2_flash> Partition[8] from 0x62880000 to 0x63880000, length 0x1000000.
D/MMCP    ( 2678): <udi2_flash> Partition[9] from 0x63880000 to 0x64080000, length 0x800000.
D/MMCP    ( 2678): <udi2_flash> Partition[10] from 0x64080000 to 0x74080000, length 0x10000000.
D/MMCP    ( 2678): <udi2_flash> Partition[11] from 0x74080000 to 0x740a0000, length 0x20000.
D/MMCP    ( 2678): <udi2_flash> Partition[12] from 0x740a0000 to 0x740c0000, length 0x20000.
D/MMCP    ( 2678): <udi2_flash> Partition[13] from 0x740c0000 to 0x740e0000, length 0x20000.
D/MMCP    ( 2678): <udi2_flash> Partition[14] from 0x740e0000 to 0x74100000, length 0x20000.
D/MMCP    ( 2678): <udi2_flash> Partition[15] from 0x74100000 to 0x74120000, length 0x20000.
D/MMCP    ( 2678): <udi2_flash> Partition[16] from 0x74120000 to 0x74140000, length 0x20000.
D/MMCP    ( 2678): <udi2_flash> Partition[17] from 0x74140000 to 0x74160000, length 0x20000.
D/MMCP    ( 2678): <udi2_flash> Partition[18] from 0x74160000 to 0x74180000, length 0x20000.
D/MMCP    ( 2678): <udi2_flash> Partition[19] from 0x74180000 to 0x741a0000, length 0x20000.
D/MMCP    ( 2678): <udi2_flash> Partition[20] from 0x741a0000 to 0x74320000, length 0x180000.
D/MMCP    ( 2678): <udi2_flash> Partition[21] from 0x74320000 to 0x74d20000, length 0xa00000.
D/MMCP    ( 2678): <udi2_flash> Partition[22] from 0x74d20000 to 0x74f20000, length 0x200000.
D/MMCP    ( 2678): <udi2_flash> Partition[23] from 0x74f20000 to 0x750a0000, length 0x180000.
D/MMCP    ( 2678): <udi2_flash> Partition[24] from 0x750a0000 to 0x950a0000, length 0x20000000.
D/MMCP    ( 2678): <udi2_flash> Partition[25] from 0x950a0000 to 0xe6000000, length 0x50f60000.
D/MMCP    ( 2678): <udi2_flash> psFlashSuit->m_uSize = 0xcbe00000, psFlashSuit->m_uBlockCount = 0xffffcbe0.
I/appdemo ( 2678): [UDIOpEmmc]:500 ----->pucBuf = 0x5bd6dd84, s_bPartitionInit = 1 
I/appdemo ( 2678): [UDIOpEmmc]:505 ----->
I/appdemo ( 2678): [UDIOpEmmc]:513 ----->
I/appdemo ( 2678): [UDIOpEmmc]:557 ----->dwStartAddress+dwRWOverTotellen = 0x74080000
I/appdemo ( 2678): [UDIOpEmmc]:559 ----->dwStartAddress = 0x74080000 ,dwParNum = 11,dwParOffset = 0x0
I/appdemo ( 2678): EMMC VOLUME(11) LEB SIZE=256
I/appdemo ( 2678): 
I/appdemo ( 2678): emmc_infor.section_num : 256
I/appdemo ( 2678): emmc_infor.section_size : 512
I/appdemo ( 2678): total size : 131072
I/appdemo ( 2678): MMCP[EmmcOpBlock]:400 Open dev(11)!!
I//lib/ld-linux.so.3(  748): MDrv_SERFLASH_GetInfo()
I//lib/ld-linux.so.3(  748):    u32AccessWidth = 1
I//lib/ld-linux.so.3(  748):    u32TotalSize   = 2097152
I//lib/ld-linux.so.3(  748):    u32SecNum      = 32
I//lib/ld-linux.so.3(  748):    u32SecSize     = 65536
I/appdemo ( 2678): MMCP[EmmcOpBlock]:440 nRet = 0 !!
I/appdemo ( 2678): [UDIOpEmmc]:600 ----->nRet = 0 
D/MMCP    ( 2678): <BootLoader> [SysInfo]bl_loaderpt_pos.dwAddr = 0x74100000 
I/appdemo ( 2678): [UDIOpEmmc]:500 ----->pucBuf = 0x5bd6dd84, s_bPartitionInit = 1 
I/appdemo ( 2678): [UDIOpEmmc]:505 ----->
I/appdemo ( 2678): [UDIOpEmmc]:513 ----->
I/appdemo ( 2678): [UDIOpEmmc]:557 ----->dwStartAddress+dwRWOverTotellen = 0x740e0000
I/appdemo ( 2678): [UDIOpEmmc]:559 ----->dwStartAddress = 0x740e0000 ,dwParNum = 14,dwParOffset = 0x0
I/appdemo ( 2678): EMMC VOLUME(14) LEB SIZE=256
I/appdemo ( 2678): 
I/appdemo ( 2678): emmc_infor.section_num : 256
I/appdemo ( 2678): emmc_infor.section_size : 512
I/appdemo ( 2678): total size : 131072
I/appdemo ( 2678): MMCP[EmmcOpBlock]:400 Open dev(14)!!
D/DataSource_M3U8(  744): 
D/DataSource_M3U8(  744):  connect Server :cibn-iss1.longvisionmedia.com
D/DataSource_M3U8(  744): parseM3U8 .......!
D/DataSource_M3U8(  744): 
D/DataSource_M3U8(  744):  do not update  mediaSequence : 0   url = http://cibn-iss1.longvisionmedia.com:8088/vod/CIBN2013_CIBN2013040100011728_1200.m3u8   
D/DataSource_M3U8(  744): [M3U8] file: NULL line 
D/DataSource_M3U8(  744): HLS=====>> Live Stream!!!!
I/appdemo ( 2678): MMCP[EmmcOpBlock]:440 nRet = 0 !!
I/appdemo ( 2678): [UDIOpEmmc]:600 ----->nRet = 0 
I/appdemo ( 2678): [UDIOpEmmc]:500 ----->pucBuf = 0xbe9474bc, s_bPartitionInit = 1 
I/appdemo ( 2678): [UDIOpEmmc]:505 ----->
I/appdemo ( 2678): [UDIOpEmmc]:513 ----->
I/appdemo ( 2678): [UDIOpEmmc]:600 ----->nRet = 0 
E/StpNative( 2678): android_stp_StpNative_stpInit: CSBLGetCoshipDataInfo: 0!
I/StpService( 2678): hwv:00210400001
I/StpService( 2678): swv:21130200001
I/StpService( 2678): HardwareVersion:002104
I/StpService( 2678): SoftwareVersion:211302
I/StpService( 2678): ScreenSize:00001
I/StpService( 2678): RegionCode:00001
I/StpService( 2678): SerialNum:51345678941204356
I/StpService( 2678): Mac:null
I/StpService( 2678): onBind
I/StpService( 2678): onStart = 2
D/StpService( 2678): receive Broadcast Info NetworkInfo: type: WIFI[], state: CONNECTED/CONNECTED, reason: (unspecified), extra: (none), roaming: false, failover: false, isAvailable: true
I/StpService( 2678): Network Type Changed to 1
D/BootCompletedReceiver( 1877): [onReceive] adjustthevolume registerReceiver Action: com.coship.StpService.Start
I/VolService( 1877): [onCreate] begin
I/VolService( 1877): [registerReceiver] begin
I/VolService( 1877): [registerReceiver] Thread start
I/VolService( 1877): [registerReceiver] registerReceiver addBackdoorKeylist:com.coship.adjustthevolume  is succ,ret 0
V/CheckBackdoors( 2678): add new backdoor. actionName=com.coship.adjustthevolume, backdoor.mBackdoorKey=0x5252525252
I/VolService( 1877): [registerReceiver] registerReceiver addBackdoorKeylist :com.coship.adjustthevolume.Volup  is succ,ret 0
V/CheckBackdoors( 2678): add new backdoor. actionName=com.coship.adjustthevolume.Volup, backdoor.mBackdoorKey=0x18
I/VolService( 1877): [registerReceiver] registerReceiver addBackdoorKeylist :com.coship.adjustthevolume.VolDown  is succ,ret 0
I/VolService( 1877): [registerReceiver] use coship vol Control,don't use mstar vol Control
I/VolService( 1877): [registerReceiver] end
V/CheckBackdoors( 2678): add new backdoor. actionName=com.coship.adjustthevolume.VolDown, backdoor.mBackdoorKey=0x19
D/DataSource_M3U8(  744): 
D/DataSource_M3U8(  744): 
D/DataSource_M3U8(  744): 
D/DataSource_M3U8(  744): ============Begin to get playlist !!=====================
D/DataSource_M3U8(  744): 
D/DataSource_M3U8(  744): 
D/DataSource_M3U8(  744): 
D/DataSource_M3U8(  744):  connect Server :cibn-iss1.longvisionmedia.com
D/DataSource_M3U8(  744): parseM3U8 .......!
D/DataSource_M3U8(  744): 
D/DataSource_M3U8(  744):  do not update  mediaSequence : 0   url = http://cibn-iss1.longvisionmedia.com:8088/vod/CIBN2013_CIBN2013040100011728_1200.m3u8   
D/DataSource_M3U8(  744): [M3U8] file: NULL line 
D/DataSource_M3U8(  744): HLS=====>> Live Stream!!!!
D/DataSource_M3U8(  744): 
D/DataSource_M3U8(  744): 
D/DataSource_M3U8(  744): 
D/DataSource_M3U8(  744): ============Begin to get playlist !!=====================
D/DataSource_M3U8(  744): 
D/DataSource_M3U8(  744): 
D/DataSource_M3U8(  744): 
D/DataSource_M3U8(  744):  connect Server :cibn-iss1.longvisionmedia.com
D/DataSource_M3U8(  744): parseM3U8 .......!
D/DataSource_M3U8(  744): 
D/DataSource_M3U8(  744):  do not update  mediaSequence : 0   url = http://cibn-iss1.longvisionmedia.com:8088/vod/CIBN2013_CIBN2013040100011728_1200.m3u8   
D/DataSource_M3U8(  744): [M3U8] file: NULL line 
D/DataSource_M3U8(  744): HLS=====>> Live Stream!!!!
D/DataSource_M3U8(  744): 
D/DataSource_M3U8(  744): 
D/DataSource_M3U8(  744): 
D/DataSource_M3U8(  744): ============Begin to get playlist !!=====================
D/DataSource_M3U8(  744): 
D/DataSource_M3U8(  744): 
D/DataSource_M3U8(  744): 
D/DataSource_M3U8(  744):  connect Server :cibn-iss1.longvisionmedia.com
D/DataSource_M3U8(  744): parseM3U8 .......!
D/DataSource_M3U8(  744): 
D/DataSource_M3U8(  744):  do not update  mediaSequence : 0   url = http://cibn-iss1.longvisionmedia.com:8088/vod/CIBN2013_CIBN2013040100011728_1200.m3u8   
D/DataSource_M3U8(  744): [M3U8] file: NULL line 
D/DataSource_M3U8(  744): HLS=====>> Live Stream!!!!
D/DataSource_M3U8(  744): 
D/DataSource_M3U8(  744): 
D/DataSource_M3U8(  744): 
D/DataSource_M3U8(  744): ============Begin to get playlist !!=====================
D/DataSource_M3U8(  744): 
D/DataSource_M3U8(  744): 
D/DataSource_M3U8(  744): 
D/DataSource_M3U8(  744):  connect Server :cibn-iss1.longvisionmedia.com
D/DataSource_M3U8(  744): parseM3U8 .......!
D/DataSource_M3U8(  744): 
D/DataSource_M3U8(  744):  do not update  mediaSequence : 0   url = http://cibn-iss1.longvisionmedia.com:8088/vod/CIBN2013_CIBN2013040100011728_1200.m3u8   
D/DataSource_M3U8(  744): [M3U8] file: NULL line 
D/DataSource_M3U8(  744): HLS=====>> Live Stream!!!!
D/DataSource_M3U8(  744): 
D/DataSource_M3U8(  744): 
D/DataSource_M3U8(  744): 
D/DataSource_M3U8(  744): ============Begin to get playlist !!=====================
D/DataSource_M3U8(  744): 
D/DataSource_M3U8(  744): 
D/DataSource_M3U8(  744): 
D/DataSource_M3U8(  744):  connect Server :cibn-iss1.longvisionmedia.com
D/DataSource_M3U8(  744): parseM3U8 .......!
D/DataSource_M3U8(  744): 
D/DataSource_M3U8(  744):  do not update  mediaSequence : 0   url = http://cibn-iss1.longvisionmedia.com:8088/vod/CIBN2013_CIBN2013040100011728_1200.m3u8   
D/DataSource_M3U8(  744): [M3U8] file: NULL line 
D/DataSource_M3U8(  744): HLS=====>> Live Stream!!!!
D/HomePlayerLib( 1505): hostaddress count is 1
D/dalvikvm( 1505): GC_CONCURRENT freed 423K, 78% free 1332K/6019K, paused 1ms+1ms
D/dalvikvm( 1505): GC_CONCURRENT freed 424K, 77% free 1409K/6019K, paused 1ms+1ms
D/dalvikvm( 1505): GC_CONCURRENT freed 499K, 77% free 1399K/6019K, paused 1ms+2ms
D/dalvikvm( 1505): GC_CONCURRENT freed 472K, 78% free 1324K/6019K, paused 1ms+1ms
D/dalvikvm( 1505): GC_CONCURRENT freed 389K, 78% free 1329K/6019K, paused 1ms+1ms
D/dalvikvm( 1505): GC_CONCURRENT freed 390K, 78% free 1335K/6019K, paused 1ms+1ms
D/DataSource_M3U8(  744): 
D/DataSource_M3U8(  744): 
D/DataSource_M3U8(  744): 
D/DataSource_M3U8(  744): ============Begin to get playlist !!=====================
D/DataSource_M3U8(  744): 
D/DataSource_M3U8(  744): 
D/dalvikvm( 1505): GC_CONCURRENT freed 393K, 78% free 1376K/6019K, paused 1ms+1ms
D/dalvikvm( 1505): GC_CONCURRENT freed 429K, 78% free 1336K/6019K, paused 1ms+1ms
D/dalvikvm( 1505): GC_CONCURRENT freed 386K, 77% free 1425K/6019K, paused 1ms+1ms
D/DataSource_M3U8(  744): 
D/DataSource_M3U8(  744):  connect Server :cibn-iss1.longvisionmedia.com
D/DataSource_M3U8(  744): parseM3U8 .......!
D/DataSource_M3U8(  744): 
D/DataSource_M3U8(  744):  do not update  mediaSequence : 0   url = http://cibn-iss1.longvisionmedia.com:8088/vod/CIBN2013_CIBN2013040100011728_1200.m3u8   
D/DataSource_M3U8(  744): [M3U8] file: NULL line 
D/DataSource_M3U8(  744): HLS=====>> Live Stream!!!!
D/dalvikvm( 1505): GC_CONCURRENT freed 482K, 78% free 1336K/6019K, paused 1ms+1ms
D/dalvikvm( 1505): GC_CONCURRENT freed 388K, 77% free 1416K/6019K, paused 1ms+1ms
D/StpService( 2678): handleMessage NetworkType is 1
D/dalvikvm( 1505): GC_CONCURRENT freed 476K, 78% free 1379K/6019K, paused 1ms+4ms
D/DataSource_M3U8(  744): 
D/DataSource_M3U8(  744): 
D/DataSource_M3U8(  744): 
D/DataSource_M3U8(  744): ============Begin to get playlist !!=====================
D/DataSource_M3U8(  744): 
D/DataSource_M3U8(  744): 
[ 1885.482773] init: untracked pid 1939 exited
[ 1885.487685] init: untracked pid 1940 exited
[ 1885.494204] init: untracked pid 1941 exited
[ 1885.498857] init: untracked pid 1942 exited
D/dalvikvm( 1505): GC_CONCURRENT freed 445K, 78% free 1346K/6019K, paused 1ms+2ms
D/DataSource_M3U8(  744): 
D/DataSource_M3U8(  744):  connect Server :cibn-iss1.longvisionmedia.com
D/DataSource_M3U8(  744): parseM3U8 .......!
D/DataSource_M3U8(  744): 
D/DataSource_M3U8(  744):  do not update  mediaSequence : 0   url = http://cibn-iss1.longvisionmedia.com:8088/vod/CIBN2013_CIBN2013040100011728_1200.m3u8   
D/DataSource_M3U8(  744): [M3U8] file: NULL line 
D/DataSource_M3U8(  744): HLS=====>> Live Stream!!!!
D/dalvikvm( 1505): GC_CONCURRENT freed 409K, 78% free 1331K/6019K, paused 1ms+1ms
D/dalvikvm( 1505): GC_CONCURRENT freed 394K, 78% free 1331K/6019K, paused 1ms+1ms
D/dalvikvm( 1505): GC_CONCURRENT freed 394K, 78% free 1332K/6019K, paused 1ms+1ms
D/DataSource_M3U8(  744): 
D/DataSource_M3U8(  744): 
D/DataSource_M3U8(  744): 
D/DataSource_M3U8(  744): ============Begin to get playlist !!=====================
D/DataSource_M3U8(  744): 
D/DataSource_M3U8(  744): 
D/DataSource_M3U8(  744): 
D/DataSource_M3U8(  744):  connect Server :cibn-iss1.longvisionmedia.com
D/DataSource_M3U8(  744): parseM3U8 .......!
D/DataSource_M3U8(  744): 
D/DataSource_M3U8(  744):  do not update  mediaSequence : 0   url = http://cibn-iss1.longvisionmedia.com:8088/vod/CIBN2013_CIBN2013040100011728_1200.m3u8   
D/DataSource_M3U8(  744): [M3U8] file: NULL line 
D/DataSource_M3U8(  744): HLS=====>> Live Stream!!!!
D/DataSource_M3U8(  744): 
D/DataSource_M3U8(  744): 
D/DataSource_M3U8(  744): 
D/DataSource_M3U8(  744): ============Begin to get playlist !!=====================
D/DataSource_M3U8(  744): 
D/DataSource_M3U8(  744): 
D/DataSource_M3U8(  744): 
D/DataSource_M3U8(  744):  connect Server :cibn-iss1.longvisionmedia.com
D/DataSource_M3U8(  744): parseM3U8 .......!
D/DataSource_M3U8(  744): 
D/DataSource_M3U8(  744):  do not update  mediaSequence : 0   url = http://cibn-iss1.longvisionmedia.com:8088/vod/CIBN2013_CIBN2013040100011728_1200.m3u8   
D/DataSource_M3U8(  744): [M3U8] file: NULL line 
D/DataSource_M3U8(  744): HLS=====>> Live Stream!!!!
D/DataSource_M3U8(  744): 
D/DataSource_M3U8(  744): 
D/DataSource_M3U8(  744): 
D/DataSource_M3U8(  744): ============Begin to get playlist !!=====================
D/DataSource_M3U8(  744): 
D/DataSource_M3U8(  744): 
D/DataSource_M3U8(  744): 
D/DataSource_M3U8(  744):  connect Server :cibn-iss1.longvisionmedia.com
D/DataSource_M3U8(  744): parseM3U8 .......!
D/DataSource_M3U8(  744): 
D/DataSource_M3U8(  744):  do not update  mediaSequence : 0   url = http://cibn-iss1.longvisionmedia.com:8088/vod/CIBN2013_CIBN2013040100011728_1200.m3u8   
D/DataSource_M3U8(  744): [M3U8] file: NULL line 
D/DataSource_M3U8(  744): HLS=====>> Live Stream!!!!
D/DataSource_M3U8(  744): 
D/DataSource_M3U8(  744): 
D/DataSource_M3U8(  744): 
D/DataSource_M3U8(  744): ============Begin to get playlist !!=====================
D/DataSource_M3U8(  744): 
D/DataSource_M3U8(  744): 
D/DataSource_M3U8(  744): 
D/DataSource_M3U8(  744):  connect Server :cibn-iss1.longvisionmedia.com
D/DataSource_M3U8(  744): parseM3U8 .......!
D/DataSource_M3U8(  744): 
D/DataSource_M3U8(  744):  do not update  mediaSequence : 0   url = http://cibn-iss1.longvisionmedia.com:8088/vod/CIBN2013_CIBN2013040100011728_1200.m3u8   
D/DataSource_M3U8(  744): [M3U8] file: NULL line 
D/DataSource_M3U8(  744): HLS=====>> Live Stream!!!!
D/dalvikvm( 1505): GC_CONCURRENT freed 393K, 78% free 1332K/6019K, paused 1ms+1ms
D/dalvikvm( 1505): GC_CONCURRENT freed 394K, 77% free 1419K/6019K, paused 1ms+1ms
D/DataSource_M3U8(  744): 
D/DataSource_M3U8(  744): 
D/DataSource_M3U8(  744): 
D/DataSource_M3U8(  744): ============Begin to get playlist !!=====================
D/DataSource_M3U8(  744): 
D/DataSource_M3U8(  744): 
D/DataSource_M3U8(  744): 
D/DataSource_M3U8(  744):  connect Server :cibn-iss1.longvisionmedia.com
D/DataSource_M3U8(  744): parseM3U8 .......!
D/DataSource_M3U8(  744): 
D/DataSource_M3U8(  744):  do not update  mediaSequence : 0   url = http://cibn-iss1.longvisionmedia.com:8088/vod/CIBN2013_CIBN2013040100011728_1200.m3u8   
D/DataSource_M3U8(  744): [M3U8] file: NULL line 
D/DataSource_M3U8(  744): HLS=====>> Live Stream!!!!
D/dalvikvm( 2709): Not late-enabling CheckJNI (already on)
I/ActivityManager(  944): Start proc com.coship.cw880 for service com.coship.cw880/.MonitorCw880: pid=2709 uid=1000 gids={3003, 1015, 3002, 3001, 3004}
D/MonitorCw880( 2709): MonitorCw880 OnCreat
I/MonitorCw880( 2709): easybusAttach success !
I/MonitorCw880( 2709): easyscreen -> easybusInterest success !
I/MonitorCw880( 2709): easyheartbeat -> easybusInterest success !
D/dalvikvm( 1505): GC_CONCURRENT freed 503K, 77% free 1413K/6019K, paused 1ms+2ms
D/DataSource_M3U8(  744): 
D/DataSource_M3U8(  744): 
D/DataSource_M3U8(  744): 
D/DataSource_M3U8(  744): ============Begin to get playlist !!=====================
D/DataSource_M3U8(  744): 
D/DataSource_M3U8(  744): 
D/dalvikvm( 1505): GC_CONCURRENT freed 490K, 78% free 1331K/6019K, paused 1ms+1ms
D/dalvikvm( 1505): GC_CONCURRENT freed 417K, 77% free 1398K/6019K, paused 0ms+1ms
D/DataSource_M3U8(  744): 
D/DataSource_M3U8(  744):  connect Server :cibn-iss1.longvisionmedia.com
D/DataSource_M3U8(  744): parseM3U8 .......!
D/DataSource_M3U8(  744): 
D/DataSource_M3U8(  744):  do not update  mediaSequence : 0   url = http://cibn-iss1.longvisionmedia.com:8088/vod/CIBN2013_CIBN2013040100011728_1200.m3u8   
D/DataSource_M3U8(  744): [M3U8] file: NULL line 
D/DataSource_M3U8(  744): HLS=====>> Live Stream!!!!
D/dalvikvm( 1505): GC_CONCURRENT freed 481K, 77% free 1411K/6019K, paused 0ms+1ms
D/dalvikvm( 1505): GC_CONCURRENT freed 491K, 76% free 1484K/6019K, paused 1ms+1ms
D/dalvikvm( 1505): GC_CONCURRENT freed 567K, 78% free 1371K/6019K, paused 1ms+1ms
D/DataSource_M3U8(  744): 
D/DataSource_M3U8(  744): 
D/DataSource_M3U8(  744): 
D/DataSource_M3U8(  744): ============Begin to get playlist !!=====================
D/DataSource_M3U8(  744): 
D/DataSource_M3U8(  744): 
D/dalvikvm( 1505): GC_CONCURRENT freed 451K, 77% free 1410K/6019K, paused 0ms+1ms
D/DataSource_M3U8(  744): 
D/DataSource_M3U8(  744):  connect Server :cibn-iss1.longvisionmedia.com
D/DataSource_M3U8(  744): parseM3U8 .......!
D/DataSource_M3U8(  744): 
D/DataSource_M3U8(  744):  do not update  mediaSequence : 0   url = http://cibn-iss1.longvisionmedia.com:8088/vod/CIBN2013_CIBN2013040100011728_1200.m3u8   
D/DataSource_M3U8(  744): [M3U8] file: NULL line 
D/DataSource_M3U8(  744): HLS=====>> Live Stream!!!!
D/DataSource_M3U8(  744): 
D/DataSource_M3U8(  744): 
D/DataSource_M3U8(  744): 
D/DataSource_M3U8(  744): ============Begin to get playlist !!=====================
D/DataSource_M3U8(  744): 
D/DataSource_M3U8(  744): 
D/DataSource_M3U8(  744): 
D/DataSource_M3U8(  744):  connect Server :cibn-iss1.longvisionmedia.com
D/DataSource_M3U8(  744): parseM3U8 .......!
D/DataSource_M3U8(  744): 
D/DataSource_M3U8(  744):  do not update  mediaSequence : 0   url = http://cibn-iss1.longvisionmedia.com:8088/vod/CIBN2013_CIBN2013040100011728_1200.m3u8   
D/DataSource_M3U8(  744): [M3U8] file: NULL line 
D/DataSource_M3U8(  744): HLS=====>> Live Stream!!!!
D/dalvikvm( 1505): GC_CONCURRENT freed 503K, 79% free 1302K/6019K, paused 1ms+1ms
D/dalvikvm( 1505): GC_CONCURRENT freed 395K, 78% free 1333K/6019K, paused 1ms+1ms
D/DataSource_M3U8(  744): 
D/DataSource_M3U8(  744): 
D/DataSource_M3U8(  744): 
D/DataSource_M3U8(  744): ============Begin to get playlist !!=====================
D/DataSource_M3U8(  744): 
D/DataSource_M3U8(  744): 
D/DataSource_M3U8(  744): 
D/DataSource_M3U8(  744):  connect Server :cibn-iss1.longvisionmedia.com
D/DataSource_M3U8(  744): parseM3U8 .......!
D/DataSource_M3U8(  744): 
D/DataSource_M3U8(  744):  do not update  mediaSequence : 0   url = http://cibn-iss1.longvisionmedia.com:8088/vod/CIBN2013_CIBN2013040100011728_1200.m3u8   
D/DataSource_M3U8(  744): [M3U8] file: NULL line 
D/DataSource_M3U8(  744): HLS=====>> Live Stream!!!!
D/DataSource_M3U8(  744): 
D/DataSource_M3U8(  744): 
D/DataSource_M3U8(  744): 
D/DataSource_M3U8(  744): ============Begin to get playlist !!=====================
D/DataSource_M3U8(  744): 
D/DataSource_M3U8(  744): 
D/DataSource_M3U8(  744): 
D/DataSource_M3U8(  744):  connect Server :cibn-iss1.longvisionmedia.com
D/DataSource_M3U8(  744): parseM3U8 .......!
D/DataSource_M3U8(  744): 
D/DataSource_M3U8(  744):  do not update  mediaSequence : 0   url = http://cibn-iss1.longvisionmedia.com:8088/vod/CIBN2013_CIBN2013040100011728_1200.m3u8   
D/DataSource_M3U8(  744): [M3U8] file: NULL line 
D/DataSource_M3U8(  744): HLS=====>> Live Stream!!!!
D/DataSource_M3U8(  744): 
D/DataSource_M3U8(  744): 
D/DataSource_M3U8(  744): 
D/DataSource_M3U8(  744): ============Begin to get playlist !!=====================
D/DataSource_M3U8(  744): 
D/DataSource_M3U8(  744): 
D/DataSource_M3U8(  744): 
D/DataSource_M3U8(  744):  connect Server :cibn-iss1.longvisionmedia.com
D/DataSource_M3U8(  744): parseM3U8 .......!
D/DataSource_M3U8(  744): 
D/DataSource_M3U8(  744):  do not update  mediaSequence : 0   url = http://cibn-iss1.longvisionmedia.com:8088/vod/CIBN2013_CIBN2013040100011728_1200.m3u8   
D/DataSource_M3U8(  744): [M3U8] file: NULL line 
D/DataSource_M3U8(  744): HLS=====>> Live Stream!!!!
D/DataSource_M3U8(  744): 
D/DataSource_M3U8(  744):  Warnig:: No Enough data in buffer...
I//lib/ld-linux.so.3(  748): Blocking Read: 30020, size: 0x0.
D/DataSource_M3U8(  744): 
D/DataSource_M3U8(  744): 
D/DataSource_M3U8(  744): 
D/DataSource_M3U8(  744): ============Begin to get playlist !!=====================
D/DataSource_M3U8(  744): 
D/DataSource_M3U8(  744): 
D/dalvikvm( 1505): GC_CONCURRENT freed 405K, 79% free 1315K/6019K, paused 1ms+1ms
D/HomePlayerLib( 1505): hostaddress count is 1
D/dalvikvm( 1505): GC_CONCURRENT freed 411K, 77% free 1406K/6019K, paused 1ms+1ms
D/dalvikvm( 1505): GC_CONCURRENT freed 497K, 79% free 1301K/6019K, paused 1ms+1ms
D/DataSource_M3U8(  744): 
D/DataSource_M3U8(  744):  connect Server :cibn-iss1.longvisionmedia.com
D/DataSource_M3U8(  744): parseM3U8 .......!
D/DataSource_M3U8(  744): 
D/DataSource_M3U8(  744):  do not update  mediaSequence : 0   url = http://cibn-iss1.longvisionmedia.com:8088/vod/CIBN2013_CIBN2013040100011728_1200.m3u8   
D/DataSource_M3U8(  744): [M3U8] file: NULL line 
D/DataSource_M3U8(  744): HLS=====>> Live Stream!!!!
D/dalvikvm( 1505): GC_CONCURRENT freed 382K, 78% free 1332K/6019K, paused 2ms+1ms
D/dalvikvm( 1505): GC_CONCURRENT freed 423K, 79% free 1299K/6019K, paused 1ms+1ms
D/dalvikvm( 1505): GC_CONCURRENT freed 329K, 76% free 1481K/6019K, paused 1ms+1ms
D/dalvikvm( 1505): GC_CONCURRENT freed 548K, 76% free 1444K/6019K, paused 1ms+2ms
D/dalvikvm( 1505): GC_CONCURRENT freed 490K, 76% free 1459K/6019K, paused 1ms+1ms
D/DataSource_M3U8(  744): 
D/DataSource_M3U8(  744): 
D/DataSource_M3U8(  744): 
D/DataSource_M3U8(  744): ============Begin to get playlist !!=====================
D/DataSource_M3U8(  744): 
D/DataSource_M3U8(  744): 
D/dalvikvm( 1505): GC_CONCURRENT freed 515K, 77% free 1442K/6019K, paused 1ms+1ms
D/dalvikvm( 1505): GC_CONCURRENT freed 517K, 78% free 1339K/6019K, paused 1ms+1ms
D/dalvikvm( 1505): GC_CONCURRENT freed 390K, 78% free 1379K/6019K, paused 1ms+1ms
D/DataSource_M3U8(  744): 
D/DataSource_M3U8(  744):  connect Server :cibn-iss1.longvisionmedia.com
D/DataSource_M3U8(  744): parseM3U8 .......!
D/DataSource_M3U8(  744): 
D/DataSource_M3U8(  744):  do not update  mediaSequence : 0   url = http://cibn-iss1.longvisionmedia.com:8088/vod/CIBN2013_CIBN2013040100011728_1200.m3u8   
D/DataSource_M3U8(  744): [M3U8] file: NULL line 
D/DataSource_M3U8(  744): HLS=====>> Live Stream!!!!
D/dalvikvm( 1505): GC_CONCURRENT freed 446K, 79% free 1321K/6019K, paused 1ms+1ms
D/dalvikvm( 1505): GC_CONCURRENT freed 396K, 79% free 1319K/6019K, paused 1ms+2ms
D/dalvikvm( 1505): GC_CONCURRENT freed 394K, 78% free 1344K/6019K, paused 1ms+1ms
D/dalvikvm( 1505): GC_CONCURRENT freed 406K, 78% free 1332K/6019K, paused 0ms+1ms
D/DataSource_M3U8(  744): 
D/DataSource_M3U8(  744): 
D/DataSource_M3U8(  744): 
D/DataSource_M3U8(  744): ============Begin to get playlist !!=====================
D/DataSource_M3U8(  744): 
D/DataSource_M3U8(  744): 
D/DataSource_M3U8(  744): 
D/DataSource_M3U8(  744):  connect Server :cibn-iss1.longvisionmedia.com
D/DataSource_M3U8(  744): parseM3U8 .......!
D/DataSource_M3U8(  744): 
D/DataSource_M3U8(  744):  do not update  mediaSequence : 0   url = http://cibn-iss1.longvisionmedia.com:8088/vod/CIBN2013_CIBN2013040100011728_1200.m3u8   
D/DataSource_M3U8(  744): [M3U8] file: NULL line 
D/DataSource_M3U8(  744): HLS=====>> Live Stream!!!!
D/CheckNetWork( 1752): isOk true
D/CheckNetWork( 1752): ActInfoNetworkInfo: type: WIFI[], state: CONNECTED/CONNECTED, reason: (unspecified), extra: (none), roaming: false, failover: false, isAvailable: true
D/CheckNetWork( 1752): infoNetworkInfo: type: WIFI[], state: CONNECTED/CONNECTED, reason: (unspecified), extra: (none), roaming: false, failover: false, isAvailable: true
D/DataSource_M3U8(  744): 
D/DataSource_M3U8(  744): 
D/DataSource_M3U8(  744): 
D/DataSource_M3U8(  744): ============Begin to get playlist !!=====================
D/DataSource_M3U8(  744): 
D/DataSource_M3U8(  744): 
D/DataSource_M3U8(  744): 
D/DataSource_M3U8(  744):  connect Server :cibn-iss1.longvisionmedia.com
D/DataSource_M3U8(  744): parseM3U8 .......!
D/DataSource_M3U8(  744): 
D/DataSource_M3U8(  744):  do not update  mediaSequence : 0   url = http://cibn-iss1.longvisionmedia.com:8088/vod/CIBN2013_CIBN2013040100011728_1200.m3u8   
D/DataSource_M3U8(  744): [M3U8] file: NULL line 
D/DataSource_M3U8(  744): HLS=====>> Live Stream!!!!
D/DataSource_M3U8(  744): 
D/DataSource_M3U8(  744): 
D/DataSource_M3U8(  744): 
D/DataSource_M3U8(  744): ============Begin to get playlist !!=====================
D/DataSource_M3U8(  744): 
D/DataSource_M3U8(  744): 
D/DataSource_M3U8(  744): 
D/DataSource_M3U8(  744):  connect Server :cibn-iss1.longvisionmedia.com
D/DataSource_M3U8(  744): parseM3U8 .......!
D/DataSource_M3U8(  744): 
D/DataSource_M3U8(  744):  do not update  mediaSequence : 0   url = http://cibn-iss1.longvisionmedia.com:8088/vod/CIBN2013_CIBN2013040100011728_1200.m3u8   
D/DataSource_M3U8(  744): [M3U8] file: NULL line 
D/DataSource_M3U8(  744): HLS=====>> Live Stream!!!!
D/DataSource_M3U8(  744): 
D/DataSource_M3U8(  744): 
D/DataSource_M3U8(  744): 
D/DataSource_M3U8(  744): ============Begin to get playlist !!=====================
D/DataSource_M3U8(  744): 
D/DataSource_M3U8(  744): 
D/DataSource_M3U8(  744): 
D/DataSource_M3U8(  744):  connect Server :cibn-iss1.longvisionmedia.com
D/DataSource_M3U8(  744): parseM3U8 .......!
D/DataSource_M3U8(  744): 
D/DataSource_M3U8(  744):  do not update  mediaSequence : 0   url = http://cibn-iss1.longvisionmedia.com:8088/vod/CIBN2013_CIBN2013040100011728_1200.m3u8   
D/DataSource_M3U8(  744): [M3U8] file: NULL line 
D/DataSource_M3U8(  744): HLS=====>> Live Stream!!!!
D/dalvikvm( 1505): GC_CONCURRENT freed 393K, 78% free 1332K/6019K, paused 1ms+1ms
D/DataSource_M3U8(  744): 
D/DataSource_M3U8(  744): 
D/DataSource_M3U8(  744): 
D/DataSource_M3U8(  744): ============Begin to get playlist !!=====================
D/DataSource_M3U8(  744): 
D/DataSource_M3U8(  744): 
D/dalvikvm( 1505): GC_CONCURRENT freed 394K, 78% free 1332K/6019K, paused 1ms+1ms
D/dalvikvm( 1505): GC_CONCURRENT freed 394K, 78% free 1378K/6019K, paused 1ms+1ms
D/DataSource_M3U8(  744): 
D/DataSource_M3U8(  744):  connect Server :cibn-iss1.longvisionmedia.com
D/DataSource_M3U8(  744): parseM3U8 .......!
D/DataSource_M3U8(  744): 
D/DataSource_M3U8(  744):  do not update  mediaSequence : 0   url = http://cibn-iss1.longvisionmedia.com:8088/vod/CIBN2013_CIBN2013040100011728_1200.m3u8   
D/DataSource_M3U8(  744): [M3U8] file: NULL line 
D/DataSource_M3U8(  744): HLS=====>> Live Stream!!!!
D/DataSource_M3U8(  744): 
D/DataSource_M3U8(  744): 
D/DataSource_M3U8(  744): 
D/DataSource_M3U8(  744): ============Begin to get playlist !!=====================
D/DataSource_M3U8(  744): 
D/DataSource_M3U8(  744): 
D/DataSource_M3U8(  744): 
D/DataSource_M3U8(  744):  connect Server :cibn-iss1.longvisionmedia.com
D/DataSource_M3U8(  744): parseM3U8 .......!
D/DataSource_M3U8(  744): 
D/DataSource_M3U8(  744):  do not update  mediaSequence : 0   url = http://cibn-iss1.longvisionmedia.com:8088/vod/CIBN2013_CIBN2013040100011728_1200.m3u8   
D/DataSource_M3U8(  744): [M3U8] file: NULL line 
D/DataSource_M3U8(  744): HLS=====>> Live Stream!!!!
D/DataSource_M3U8(  744): 
D/DataSource_M3U8(  744): 
D/DataSource_M3U8(  744): 
D/DataSource_M3U8(  744): ============Begin to get playlist !!=====================
D/DataSource_M3U8(  744): 
D/DataSource_M3U8(  744): 
D/DataSource_M3U8(  744): 
D/DataSource_M3U8(  744):  connect Server :cibn-iss1.longvisionmedia.com
D/DataSource_M3U8(  744): parseM3U8 .......!
D/DataSource_M3U8(  744): 
D/DataSource_M3U8(  744):  do not update  mediaSequence : 0   url = http://cibn-iss1.longvisionmedia.com:8088/vod/CIBN2013_CIBN2013040100011728_1200.m3u8   
D/DataSource_M3U8(  744): [M3U8] file: NULL line 
D/DataSource_M3U8(  744): HLS=====>> Live Stream!!!!
D/DataSource_M3U8(  744): 
D/DataSource_M3U8(  744): 
D/DataSource_M3U8(  744): 
D/DataSource_M3U8(  744): ============Begin to get playlist !!=====================
D/DataSource_M3U8(  744): 
D/DataSource_M3U8(  744): 
D/DataSource_M3U8(  744): 
D/DataSource_M3U8(  744):  connect Server :cibn-iss1.longvisionmedia.com
D/DataSource_M3U8(  744): parseM3U8 .......!
D/DataSource_M3U8(  744): 
D/DataSource_M3U8(  744):  do not update  mediaSequence : 0   url = http://cibn-iss1.longvisionmedia.com:8088/vod/CIBN2013_CIBN2013040100011728_1200.m3u8   
D/DataSource_M3U8(  744): [M3U8] file: NULL line 
D/DataSource_M3U8(  744): HLS=====>> Live Stream!!!!
D/DataSource_M3U8(  744): 
D/DataSource_M3U8(  744): 
D/DataSource_M3U8(  744): 
D/DataSource_M3U8(  744): ============Begin to get playlist !!=====================
D/DataSource_M3U8(  744): 
D/DataSource_M3U8(  744): 
D/DataSource_M3U8(  744): 
D/DataSource_M3U8(  744):  connect Server :cibn-iss1.longvisionmedia.com
D/DataSource_M3U8(  744): parseM3U8 .......!
D/DataSource_M3U8(  744): 
D/DataSource_M3U8(  744):  do not update  mediaSequence : 0   url = http://cibn-iss1.longvisionmedia.com:8088/vod/CIBN2013_CIBN2013040100011728_1200.m3u8   
D/DataSource_M3U8(  744): [M3U8] file: NULL line 
D/DataSource_M3U8(  744): HLS=====>> Live Stream!!!!
D/dalvikvm( 1505): GC_CONCURRENT freed 461K, 79% free 1304K/6019K, paused 1ms+1ms
D/DataSource_M3U8(  744): 
D/DataSource_M3U8(  744): 
D/DataSource_M3U8(  744): 
D/DataSource_M3U8(  744): ============Begin to get playlist !!=====================
D/DataSource_M3U8(  744): 
D/DataSource_M3U8(  744): 
D/dalvikvm( 1505): GC_CONCURRENT freed 396K, 79% free 1300K/6019K, paused 1ms+1ms
D/dalvikvm( 1505): GC_CONCURRENT freed 393K, 78% free 1327K/6019K, paused 1ms+1ms
D/DataSource_M3U8(  744): 
D/DataSource_M3U8(  744):  connect Server :cibn-iss1.longvisionmedia.com
D/DataSource_M3U8(  744): parseM3U8 .......!
D/DataSource_M3U8(  744): 
D/DataSource_M3U8(  744):  do not update  mediaSequence : 0   url = http://cibn-iss1.longvisionmedia.com:8088/vod/CIBN2013_CIBN2013040100011728_1200.m3u8   
D/DataSource_M3U8(  744): [M3U8] file: NULL line 
D/DataSource_M3U8(  744): HLS=====>> Live Stream!!!!
D/dalvikvm( 1505): GC_CONCURRENT freed 406K, 79% free 1314K/6019K, paused 1ms+1ms
W/ThrottleService(  944): unable to find stats for iface rmnet0
D/dalvikvm( 1505): GC_CONCURRENT freed 394K, 79% free 1314K/6019K, paused 1ms+1ms
D/dalvikvm( 1505): GC_CONCURRENT freed 394K, 79% free 1314K/6019K, paused 1ms+1ms
D/DataSource_M3U8(  744): 
D/DataSource_M3U8(  744): 
D/DataSource_M3U8(  744): 
D/DataSource_M3U8(  744): ============Begin to get playlist !!=====================
D/DataSource_M3U8(  744): 
D/DataSource_M3U8(  744): 
D/dalvikvm( 1505): GC_CONCURRENT freed 394K, 79% free 1314K/6019K, paused 1ms+1ms
D/dalvikvm( 1505): GC_CONCURRENT freed 394K, 79% free 1314K/6019K, paused 0ms+1ms
D/DataSource_M3U8(  744): 
D/DataSource_M3U8(  744):  connect Server :cibn-iss1.longvisionmedia.com
D/DataSource_M3U8(  744): parseM3U8 .......!
D/DataSource_M3U8(  744): 
D/DataSource_M3U8(  744):  do not update  mediaSequence : 0   url = http://cibn-iss1.longvisionmedia.com:8088/vod/CIBN2013_CIBN2013040100011728_1200.m3u8   
D/DataSource_M3U8(  744): [M3U8] file: NULL line 
D/DataSource_M3U8(  744): HLS=====>> Live Stream!!!!
D/DataSource_M3U8(  744): 
D/DataSource_M3U8(  744): 
D/DataSource_M3U8(  744): 
D/DataSource_M3U8(  744): ============Begin to get playlist !!=====================
D/DataSource_M3U8(  744): 
D/DataSource_M3U8(  744): 
D/dalvikvm( 1505): GC_CONCURRENT freed 401K, 77% free 1429K/6019K, paused 1ms+1ms
D/HomePlayerLib( 1505): hostaddress count is 1
D/dalvikvm( 1505): GC_CONCURRENT freed 514K, 78% free 1358K/6019K, paused 0ms+1ms
D/dalvikvm( 1505): GC_CONCURRENT freed 424K, 77% free 1436K/6019K, paused 0ms+1ms
D/DataSource_M3U8(  744): 
D/DataSource_M3U8(  744):  connect Server :cibn-iss1.longvisionmedia.com
D/DataSource_M3U8(  744): parseM3U8 .......!
D/DataSource_M3U8(  744): 
D/DataSource_M3U8(  744):  do not update  mediaSequence : 0   url = http://cibn-iss1.longvisionmedia.com:8088/vod/CIBN2013_CIBN2013040100011728_1200.m3u8   
D/DataSource_M3U8(  744): [M3U8] file: NULL line 
D/DataSource_M3U8(  744): HLS=====>> Live Stream!!!!
D/dalvikvm( 1505): GC_CONCURRENT freed 527K, 79% free 1317K/6019K, paused 2ms+1ms
D/dalvikvm( 1505): GC_CONCURRENT freed 391K, 79% free 1318K/6019K, paused 1ms+1ms
D/dalvikvm( 1505): GC_CONCURRENT freed 397K, 79% free 1316K/6019K, paused 1ms+1ms
D/dalvikvm( 1505): GC_CONCURRENT freed 374K, 78% free 1349K/6019K, paused 1ms+1ms
D/dalvikvm( 1505): GC_CONCURRENT freed 399K, 78% free 1337K/6019K, paused 3ms+1ms
D/DataSource_M3U8(  744): 
D/DataSource_M3U8(  744): 
D/DataSource_M3U8(  744): 
D/DataSource_M3U8(  744): ============Begin to get playlist !!=====================
D/DataSource_M3U8(  744): 
D/DataSource_M3U8(  744): 
D/dalvikvm( 1505): GC_CONCURRENT freed 393K, 78% free 1372K/6019K, paused 1ms+2ms
D/dalvikvm( 1505): GC_CONCURRENT freed 433K, 78% free 1335K/6019K, paused 1ms+1ms
D/DataSource_M3U8(  744): 
D/DataSource_M3U8(  744):  connect Server :cibn-iss1.longvisionmedia.com
D/DataSource_M3U8(  744): parseM3U8 .......!
D/DataSource_M3U8(  744): 
D/DataSource_M3U8(  744):  do not update  mediaSequence : 0   url = http://cibn-iss1.longvisionmedia.com:8088/vod/CIBN2013_CIBN2013040100011728_1200.m3u8   
D/DataSource_M3U8(  744): [M3U8] file: NULL line 
D/DataSource_M3U8(  744): HLS=====>> Live Stream!!!!
D/dalvikvm( 1505): GC_CONCURRENT freed 383K, 78% free 1338K/6019K, paused 1ms+1ms
D/dalvikvm( 1505): GC_CONCURRENT freed 408K, 78% free 1334K/6019K, paused 1ms+1ms
D/dalvikvm( 1505): GC_CONCURRENT freed 396K, 78% free 1332K/6019K, paused 2ms+1ms
D/dalvikvm( 1505): GC_CONCURRENT freed 384K, 78% free 1335K/6019K, paused 1ms+1ms
D/DataSource_M3U8(  744): 
D/DataSource_M3U8(  744): 
D/DataSource_M3U8(  744): 
D/DataSource_M3U8(  744): ============Begin to get playlist !!=====================
D/DataSource_M3U8(  744): 
D/DataSource_M3U8(  744): 
D/dalvikvm( 1505): GC_CONCURRENT freed 396K, 78% free 1332K/6019K, paused 1ms+1ms
D/DataSource_M3U8(  744): 
D/DataSource_M3U8(  744):  connect Server :cibn-iss1.longvisionmedia.com
D/DataSource_M3U8(  744): parseM3U8 .......!
D/DataSource_M3U8(  744): 
D/DataSource_M3U8(  744):  do not update  mediaSequence : 0   url = http://cibn-iss1.longvisionmedia.com:8088/vod/CIBN2013_CIBN2013040100011728_1200.m3u8   
D/DataSource_M3U8(  744): [M3U8] file: NULL line 
D/DataSource_M3U8(  744): HLS=====>> Live Stream!!!!
D/dalvikvm( 1505): GC_CONCURRENT freed 394K, 78% free 1331K/6019K, paused 1ms+1ms
D/dalvikvm( 1505): GC_CONCURRENT freed 394K, 78% free 1332K/6019K, paused 1ms+1ms
D/DataSource_M3U8(  744): ----------UpdatePlaylistThread runing... 
D/DataSource_M3U8(  744): 
D/DataSource_M3U8(  744): 
D/DataSource_M3U8(  744): 
D/DataSource_M3U8(  744): ============Begin to get playlist !!=====================
D/DataSource_M3U8(  744): 
D/DataSource_M3U8(  744): 
D/DataSource_M3U8(  744): 
D/DataSource_M3U8(  744):  connect Server :cibn-iss1.longvisionmedia.com
D/DataSource_M3U8(  744): parseM3U8 .......!
D/DataSource_M3U8(  744): 
D/DataSource_M3U8(  744):  do not update  mediaSequence : 0   url = http://cibn-iss1.longvisionmedia.com:8088/vod/CIBN2013_CIBN2013040100011728_1200.m3u8   
D/DataSource_M3U8(  744): [M3U8] file: NULL line 
D/DataSource_M3U8(  744): HLS=====>> Live Stream!!!!
D/DataSource_M3U8(  744): 
D/DataSource_M3U8(  744): 
D/DataSource_M3U8(  744): 
D/DataSource_M3U8(  744): ============Begin to get playlist !!=====================
D/DataSource_M3U8(  744): 
D/DataSource_M3U8(  744): 
D/DataSource_M3U8(  744): 
D/DataSource_M3U8(  744):  connect Server :cibn-iss1.longvisionmedia.com
D/DataSource_M3U8(  744): parseM3U8 .......!
D/DataSource_M3U8(  744): 
D/DataSource_M3U8(  744):  do not update  mediaSequence : 0   url = http://cibn-iss1.longvisionmedia.com:8088/vod/CIBN2013_CIBN2013040100011728_1200.m3u8   
D/DataSource_M3U8(  744): [M3U8] file: NULL line 
D/DataSource_M3U8(  744): HLS=====>> Live Stream!!!!
D/DataSource_M3U8(  744): 
D/DataSource_M3U8(  744): 
D/DataSource_M3U8(  744): 
D/DataSource_M3U8(  744): ============Begin to get playlist !!=====================
D/DataSource_M3U8(  744): 
D/DataSource_M3U8(  744): 
D/DataSource_M3U8(  744): 
D/DataSource_M3U8(  744):  connect Server :cibn-iss1.longvisionmedia.com
D/DataSource_M3U8(  744): parseM3U8 .......!
D/DataSource_M3U8(  744): 
D/DataSource_M3U8(  744):  do not update  mediaSequence : 0   url = http://cibn-iss1.longvisionmedia.com:8088/vod/CIBN2013_CIBN2013040100011728_1200.m3u8   
D/DataSource_M3U8(  744): [M3U8] file: NULL line 
D/DataSource_M3U8(  744): HLS=====>> Live Stream!!!!
D/dalvikvm( 1505): GC_CONCURRENT freed 404K, 77% free 1390K/6019K, paused 1ms+1ms
D/DataSource_M3U8(  744): 
D/DataSource_M3U8(  744): 
D/DataSource_M3U8(  744): 
D/DataSource_M3U8(  744): ============Begin to get playlist !!=====================
D/DataSource_M3U8(  744): 
D/DataSource_M3U8(  744): 
D/dalvikvm( 1505): GC_CONCURRENT freed 453K, 79% free 1322K/6019K, paused 1ms+1ms
D/DataSource_M3U8(  744): 
D/DataSource_M3U8(  744):  connect Server :cibn-iss1.longvisionmedia.com
D/DataSource_M3U8(  744): parseM3U8 .......!
D/DataSource_M3U8(  744): 
D/DataSource_M3U8(  744):  do not update  mediaSequence : 0   url = http://cibn-iss1.longvisionmedia.com:8088/vod/CIBN2013_CIBN2013040100011728_1200.m3u8   
D/DataSource_M3U8(  744): [M3U8] file: NULL line 
D/DataSource_M3U8(  744): HLS=====>> Live Stream!!!!
D/dalvikvm( 1505): GC_CONCURRENT freed 396K, 79% free 1318K/6019K, paused 1ms+1ms
D/dalvikvm( 1505): GC_CONCURRENT freed 393K, 79% free 1319K/6019K, paused 1ms+1ms
D/dalvikvm( 1505): GC_CONCURRENT freed 394K, 75% free 1515K/6019K, paused 1ms+1ms
D/DataSource_M3U8(  744): 
D/DataSource_M3U8(  744): 
D/DataSource_M3U8(  744): 
D/DataSource_M3U8(  744): ============Begin to get playlist !!=====================
D/DataSource_M3U8(  744): 
D/DataSource_M3U8(  744): 
D/DataSource_M3U8(  744): 
D/DataSource_M3U8(  744):  connect Server :cibn-iss1.longvisionmedia.com
D/DataSource_M3U8(  744): parseM3U8 .......!
D/DataSource_M3U8(  744): 
D/DataSource_M3U8(  744):  do not update  mediaSequence : 0   url = http://cibn-iss1.longvisionmedia.com:8088/vod/CIBN2013_CIBN2013040100011728_1200.m3u8   
D/DataSource_M3U8(  744): [M3U8] file: NULL line 
D/DataSource_M3U8(  744): HLS=====>> Live Stream!!!!
D/DataSource_M3U8(  744): 
D/DataSource_M3U8(  744): 
D/DataSource_M3U8(  744): 
D/DataSource_M3U8(  744): ============Begin to get playlist !!=====================
D/DataSource_M3U8(  744): 
D/DataSource_M3U8(  744): 
D/DataSource_M3U8(  744): 
D/DataSource_M3U8(  744):  connect Server :cibn-iss1.longvisionmedia.com
D/DataSource_M3U8(  744): parseM3U8 .......!
D/DataSource_M3U8(  744): 
D/DataSource_M3U8(  744):  do not update  mediaSequence : 0   url = http://cibn-iss1.longvisionmedia.com:8088/vod/CIBN2013_CIBN2013040100011728_1200.m3u8   
D/DataSource_M3U8(  744): [M3U8] file: NULL line 
D/DataSource_M3U8(  744): HLS=====>> Live Stream!!!!
D/DataSource_M3U8(  744): 
D/DataSource_M3U8(  744): 
D/DataSource_M3U8(  744): 
D/DataSource_M3U8(  744): ============Begin to get playlist !!=====================
D/DataSource_M3U8(  744): 
D/DataSource_M3U8(  744): 
D/DataSource_M3U8(  744): 
D/DataSource_M3U8(  744):  connect Server :cibn-iss1.longvisionmedia.com
D/DataSource_M3U8(  744): parseM3U8 .......!
D/DataSource_M3U8(  744): 
D/DataSource_M3U8(  744):  do not update  mediaSequence : 0   url = http://cibn-iss1.longvisionmedia.com:8088/vod/CIBN2013_CIBN2013040100011728_1200.m3u8   
D/DataSource_M3U8(  744): [M3U8] file: NULL line 
D/DataSource_M3U8(  744): HLS=====>> Live Stream!!!!
D/DataSource_M3U8(  744): 
D/DataSource_M3U8(  744): 
D/DataSource_M3U8(  744): 
D/DataSource_M3U8(  744): ============Begin to get playlist !!=====================
D/DataSource_M3U8(  744): 
D/DataSource_M3U8(  744): 
D/DataSource_M3U8(  744): 
D/DataSource_M3U8(  744):  connect Server :cibn-iss1.longvisionmedia.com
D/DataSource_M3U8(  744): parseM3U8 .......!
D/DataSource_M3U8(  744): 
D/DataSource_M3U8(  744):  do not update  mediaSequence : 0   url = http://cibn-iss1.longvisionmedia.com:8088/vod/CIBN2013_CIBN2013040100011728_1200.m3u8   
D/DataSource_M3U8(  744): [M3U8] file: NULL line 
D/DataSource_M3U8(  744): HLS=====>> Live Stream!!!!
D/DataSource_M3U8(  744): 
D/DataSource_M3U8(  744): 
D/DataSource_M3U8(  744): 
D/DataSource_M3U8(  744): ============Begin to get playlist !!=====================
D/DataSource_M3U8(  744): 
D/DataSource_M3U8(  744): 
D/DataSource_M3U8(  744): 
D/DataSource_M3U8(  744):  connect Server :cibn-iss1.longvisionmedia.com
D/DataSource_M3U8(  744): parseM3U8 .......!
D/DataSource_M3U8(  744): 
D/DataSource_M3U8(  744):  do not update  mediaSequence : 0   url = http://cibn-iss1.longvisionmedia.com:8088/vod/CIBN2013_CIBN2013040100011728_1200.m3u8   
D/DataSource_M3U8(  744): [M3U8] file: NULL line 
D/DataSource_M3U8(  744): HLS=====>> Live Stream!!!!
D/DataSource_M3U8(  744): 
D/DataSource_M3U8(  744): 
D/DataSource_M3U8(  744): 
D/DataSource_M3U8(  744): ============Begin to get playlist !!=====================
D/DataSource_M3U8(  744): 
D/DataSource_M3U8(  744): 
D/DataSource_M3U8(  744): 
D/DataSource_M3U8(  744):  connect Server :cibn-iss1.longvisionmedia.com
D/DataSource_M3U8(  744): parseM3U8 .......!
D/DataSource_M3U8(  744): 
D/DataSource_M3U8(  744):  do not update  mediaSequence : 0   url = http://cibn-iss1.longvisionmedia.com:8088/vod/CIBN2013_CIBN2013040100011728_1200.m3u8   
D/DataSource_M3U8(  744): [M3U8] file: NULL line 
D/DataSource_M3U8(  744): HLS=====>> Live Stream!!!!
D/dalvikvm( 1505): GC_CONCURRENT freed 593K, 77% free 1422K/6019K, paused 1ms+1ms
D/DataSource_M3U8(  744): 
D/DataSource_M3U8(  744): 
D/DataSource_M3U8(  744): 
D/DataSource_M3U8(  744): ============Begin to get playlist !!=====================
D/DataSource_M3U8(  744): 
D/DataSource_M3U8(  744): 
D/HomePlayerLib( 1505): hostaddress count is 1
D/dalvikvm( 1505): GC_CONCURRENT freed 500K, 79% free 1313K/6019K, paused 1ms+1ms
D/dalvikvm( 1505): GC_CONCURRENT freed 417K, 78% free 1375K/6019K, paused 1ms+1ms
D/dalvikvm( 1505): GC_CONCURRENT freed 456K, 79% free 1314K/6019K, paused 1ms+1ms
D/DataSource_M3U8(  744): 
D/DataSource_M3U8(  744):  connect Server :cibn-iss1.longvisionmedia.com
D/DataSource_M3U8(  744): parseM3U8 .......!
D/DataSource_M3U8(  744): 
D/DataSource_M3U8(  744):  do not update  mediaSequence : 0   url = http://cibn-iss1.longvisionmedia.com:8088/vod/CIBN2013_CIBN2013040100011728_1200.m3u8   
D/DataSource_M3U8(  744): [M3U8] file: NULL line 
D/DataSource_M3U8(  744): HLS=====>> Live Stream!!!!
D/dalvikvm( 1505): GC_CONCURRENT freed 397K, 79% free 1302K/6019K, paused 1ms+1ms
D/dalvikvm( 1505): GC_CONCURRENT freed 370K, 77% free 1399K/6019K, paused 1ms+1ms
D/dalvikvm( 1505): GC_CONCURRENT freed 456K, 78% free 1336K/6019K, paused 1ms+1ms
D/dalvikvm( 1505): GC_CONCURRENT freed 393K, 76% free 1473K/6019K, paused 1ms+2ms
D/dalvikvm( 1505): GC_CONCURRENT freed 537K, 76% free 1445K/6019K, paused 1ms+1ms
D/DataSource_M3U8(  744): 
D/DataSource_M3U8(  744): 
D/DataSource_M3U8(  744): 
D/DataSource_M3U8(  744): ============Begin to get playlist !!=====================
D/DataSource_M3U8(  744): 
D/DataSource_M3U8(  744): 
D/dalvikvm( 1505): GC_CONCURRENT freed 498K, 77% free 1423K/6019K, paused 3ms+1ms
D/DataSource_M3U8(  744): 
D/DataSource_M3U8(  744):  connect Server :cibn-iss1.longvisionmedia.com
D/DataSource_M3U8(  744): parseM3U8 .......!
D/DataSource_M3U8(  744): 
D/DataSource_M3U8(  744):  do not update  mediaSequence : 0   url = http://cibn-iss1.longvisionmedia.com:8088/vod/CIBN2013_CIBN2013040100011728_1200.m3u8   
D/DataSource_M3U8(  744): [M3U8] file: NULL line 
D/DataSource_M3U8(  744): HLS=====>> Live Stream!!!!
D/dalvikvm( 1505): GC_CONCURRENT freed 489K, 79% free 1321K/6019K, paused 1ms+1ms
D/dalvikvm( 1505): GC_CONCURRENT freed 397K, 77% free 1402K/6019K, paused 1ms+1ms
D/dalvikvm( 1505): GC_CONCURRENT freed 474K, 77% free 1435K/6019K, paused 1ms+1ms
D/DataSource_M3U8(  744): 
D/DataSource_M3U8(  744): 
D/DataSource_M3U8(  744): 
D/DataSource_M3U8(  744): ============Begin to get playlist !!=====================
D/DataSource_M3U8(  744): 
D/DataSource_M3U8(  744): 
D/DataSource_M3U8(  744): 
D/DataSource_M3U8(  744):  connect Server :cibn-iss1.longvisionmedia.com
D/DataSource_M3U8(  744): parseM3U8 .......!
D/DataSource_M3U8(  744): 
D/DataSource_M3U8(  744):  do not update  mediaSequence : 0   url = http://cibn-iss1.longvisionmedia.com:8088/vod/CIBN2013_CIBN2013040100011728_1200.m3u8   
D/DataSource_M3U8(  744): [M3U8] file: NULL line 
D/DataSource_M3U8(  744): HLS=====>> Live Stream!!!!
D/DataSource_M3U8(  744): 
D/DataSource_M3U8(  744): 
D/DataSource_M3U8(  744): 
D/DataSource_M3U8(  744): ============Begin to get playlist !!=====================
D/DataSource_M3U8(  744): 
D/DataSource_M3U8(  744): 
D/DataSource_M3U8(  744): 
D/DataSource_M3U8(  744):  connect Server :cibn-iss1.longvisionmedia.com
D/DataSource_M3U8(  744): parseM3U8 .......!
D/DataSource_M3U8(  744): 
D/DataSource_M3U8(  744):  do not update  mediaSequence : 0   url = http://cibn-iss1.longvisionmedia.com:8088/vod/CIBN2013_CIBN2013040100011728_1200.m3u8   
D/DataSource_M3U8(  744): [M3U8] file: NULL line 
D/DataSource_M3U8(  744): HLS=====>> Live Stream!!!!
D/DataSource_M3U8(  744): 
D/DataSource_M3U8(  744): 
D/DataSource_M3U8(  744): 
D/DataSource_M3U8(  744): ============Begin to get playlist !!=====================
D/DataSource_M3U8(  744): 
D/DataSource_M3U8(  744): 
D/DataSource_M3U8(  744): 
D/DataSource_M3U8(  744):  connect Server :cibn-iss1.longvisionmedia.com
D/DataSource_M3U8(  744): parseM3U8 .......!
D/DataSource_M3U8(  744): 
D/DataSource_M3U8(  744):  do not update  mediaSequence : 0   url = http://cibn-iss1.longvisionmedia.com:8088/vod/CIBN2013_CIBN2013040100011728_1200.m3u8   
D/DataSource_M3U8(  744): [M3U8] file: NULL line 
D/DataSource_M3U8(  744): HLS=====>> Live Stream!!!!
D/DataSource_M3U8(  744): 
D/DataSource_M3U8(  744): 
D/DataSource_M3U8(  744): 
D/DataSource_M3U8(  744): ============Begin to get playlist !!=====================
D/DataSource_M3U8(  744): 
D/DataSource_M3U8(  744): 
D/DataSource_M3U8(  744): 
D/DataSource_M3U8(  744):  connect Server :cibn-iss1.longvisionmedia.com
D/DataSource_M3U8(  744): parseM3U8 .......!
D/DataSource_M3U8(  744): 
D/DataSource_M3U8(  744):  do not update  mediaSequence : 0   url = http://cibn-iss1.longvisionmedia.com:8088/vod/CIBN2013_CIBN2013040100011728_1200.m3u8   
D/DataSource_M3U8(  744): [M3U8] file: NULL line 
D/DataSource_M3U8(  744): HLS=====>> Live Stream!!!!
D/DataSource_M3U8(  744): 
D/DataSource_M3U8(  744): 
D/DataSource_M3U8(  744): 
D/DataSource_M3U8(  744): ============Begin to get playlist !!=====================
D/DataSource_M3U8(  744): 
D/DataSource_M3U8(  744): 
D/dalvikvm( 1505): GC_CONCURRENT freed 487K, 78% free 1334K/6019K, paused 1ms+1ms
D/DataSource_M3U8(  744): 
D/DataSource_M3U8(  744):  connect Server :cibn-iss1.longvisionmedia.com
D/DataSource_M3U8(  744): parseM3U8 .......!
D/DataSource_M3U8(  744): 
D/DataSource_M3U8(  744):  do not update  mediaSequence : 0   url = http://cibn-iss1.longvisionmedia.com:8088/vod/CIBN2013_CIBN2013040100011728_1200.m3u8   
D/DataSource_M3U8(  744): [M3U8] file: NULL line 
D/DataSource_M3U8(  744): HLS=====>> Live Stream!!!!
D/dalvikvm( 1505): GC_CONCURRENT freed 417K, 78% free 1335K/6019K, paused 1ms+1ms
D/DataSource_M3U8(  744): 
D/DataSource_M3U8(  744): 
D/DataSource_M3U8(  744): 
D/DataSource_M3U8(  744): ============Begin to get playlist !!=====================
D/DataSource_M3U8(  744): 
D/DataSource_M3U8(  744): 
D/DataSource_M3U8(  744): 
D/DataSource_M3U8(  744):  connect Server :cibn-iss1.longvisionmedia.com
D/DataSource_M3U8(  744): parseM3U8 .......!
D/DataSource_M3U8(  744): 
D/DataSource_M3U8(  744):  do not update  mediaSequence : 0   url = http://cibn-iss1.longvisionmedia.com:8088/vod/CIBN2013_CIBN2013040100011728_1200.m3u8   
D/DataSource_M3U8(  744): [M3U8] file: NULL line 
D/DataSource_M3U8(  744): HLS=====>> Live Stream!!!!
D/dalvikvm( 1505): GC_CONCURRENT freed 397K, 77% free 1415K/6019K, paused 1ms+1ms
D/DataSource_M3U8(  744): 
D/DataSource_M3U8(  744): 
D/DataSource_M3U8(  744): 
D/DataSource_M3U8(  744): ============Begin to get playlist !!=====================
D/DataSource_M3U8(  744): 
D/DataSource_M3U8(  744): 
D/dalvikvm( 1505): GC_CONCURRENT freed 492K, 77% free 1443K/6019K, paused 1ms+1ms
D/DataSource_M3U8(  744): 
D/DataSource_M3U8(  744):  connect Server :cibn-iss1.longvisionmedia.com
D/DataSource_M3U8(  744): parseM3U8 .......!
D/DataSource_M3U8(  744): 
D/DataSource_M3U8(  744):  do not update  mediaSequence : 0   url = http://cibn-iss1.longvisionmedia.com:8088/vod/CIBN2013_CIBN2013040100011728_1200.m3u8   
D/DataSource_M3U8(  744): [M3U8] file: NULL line 
D/DataSource_M3U8(  744): HLS=====>> Live Stream!!!!
D/dalvikvm( 1505): GC_CONCURRENT freed 526K, 78% free 1329K/6019K, paused 1ms+1ms
D/dalvikvm( 1505): GC_CONCURRENT freed 410K, 77% free 1398K/6019K, paused 1ms+1ms
D/dalvikvm( 1505): GC_CONCURRENT freed 474K, 79% free 1315K/6019K, paused 1ms+1ms
D/dalvikvm( 1505): GC_CONCURRENT freed 394K, 79% free 1314K/6019K, paused 1ms+1ms
D/DataSource_M3U8(  744): 
D/DataSource_M3U8(  744): 
D/DataSource_M3U8(  744): 
D/DataSource_M3U8(  744): ============Begin to get playlist !!=====================
D/DataSource_M3U8(  744): 
D/DataSource_M3U8(  744): 
D/dalvikvm( 1505): GC_CONCURRENT freed 394K, 79% free 1314K/6019K, paused 1ms+1ms
D/dalvikvm( 1505): GC_CONCURRENT freed 394K, 79% free 1315K/6019K, paused 1ms+1ms
D/DataSource_M3U8(  744): 
D/DataSource_M3U8(  744):  connect Server :cibn-iss1.longvisionmedia.com
D/DataSource_M3U8(  744): parseM3U8 .......!
D/DataSource_M3U8(  744): 
D/DataSource_M3U8(  744):  do not update  mediaSequence : 0   url = http://cibn-iss1.longvisionmedia.com:8088/vod/CIBN2013_CIBN2013040100011728_1200.m3u8   
D/DataSource_M3U8(  744): [M3U8] file: NULL line 
D/DataSource_M3U8(  744): HLS=====>> Live Stream!!!!
D/DataSource_M3U8(  744): 
D/DataSource_M3U8(  744): 
D/DataSource_M3U8(  744): 
D/DataSource_M3U8(  744): ============Begin to get playlist !!=====================
D/DataSource_M3U8(  744): 
D/DataSource_M3U8(  744): 
D/DataSource_M3U8(  744): 
D/DataSource_M3U8(  744):  connect Server :cibn-iss1.longvisionmedia.com
D/DataSource_M3U8(  744): parseM3U8 .......!
D/DataSource_M3U8(  744): 
D/DataSource_M3U8(  744):  do not update  mediaSequence : 0   url = http://cibn-iss1.longvisionmedia.com:8088/vod/CIBN2013_CIBN2013040100011728_1200.m3u8   
D/DataSource_M3U8(  744): [M3U8] file: NULL line 
D/DataSource_M3U8(  744): HLS=====>> Live Stream!!!!
D/DataSource_M3U8(  744): 
D/DataSource_M3U8(  744):  Warnig:: No Enough data in buffer...
I//lib/ld-linux.so.3(  748): Blocking Read: 30020, size: 0x0.
D/DataSource_M3U8(  744): 
D/DataSource_M3U8(  744): 
D/DataSource_M3U8(  744): 
D/DataSource_M3U8(  744): ============Begin to get playlist !!=====================
D/DataSource_M3U8(  744): 
D/DataSource_M3U8(  744): 
D/DataSource_M3U8(  744): 
D/DataSource_M3U8(  744):  connect Server :cibn-iss1.longvisionmedia.com
D/DataSource_M3U8(  744): parseM3U8 .......!
D/DataSource_M3U8(  744): 
D/DataSource_M3U8(  744):  do not update  mediaSequence : 0   url = http://cibn-iss1.longvisionmedia.com:8088/vod/CIBN2013_CIBN2013040100011728_1200.m3u8   
D/DataSource_M3U8(  744): [M3U8] file: NULL line 
D/DataSource_M3U8(  744): HLS=====>> Live Stream!!!!
D/DataSource_M3U8(  744): 
D/DataSource_M3U8(  744): 
D/DataSource_M3U8(  744): 
D/DataSource_M3U8(  744): ============Begin to get playlist !!=====================
D/DataSource_M3U8(  744): 
D/DataSource_M3U8(  744): 
D/HomePlayerLib( 1505): hostaddress count is 1
D/dalvikvm( 1505): GC_CONCURRENT freed 411K, 77% free 1413K/6019K, paused 0ms+1ms
D/dalvikvm( 1505): GC_CONCURRENT freed 497K, 77% free 1409K/6019K, paused 1ms+1ms
D/dalvikvm( 1505): GC_CONCURRENT freed 499K, 79% free 1295K/6019K, paused 1ms+1ms
D/dalvikvm( 1505): GC_CONCURRENT freed 375K, 79% free 1316K/6019K, paused 2ms+2ms
D/dalvikvm( 1505): GC_CONCURRENT freed 402K, 79% free 1312K/6019K, paused 1ms+1ms
D/DataSource_M3U8(  744): 
D/DataSource_M3U8(  744):  connect Server :cibn-iss1.longvisionmedia.com
D/DataSource_M3U8(  744): parseM3U8 .......!
D/DataSource_M3U8(  744): 
D/DataSource_M3U8(  744):  do not update  mediaSequence : 0   url = http://cibn-iss1.longvisionmedia.com:8088/vod/CIBN2013_CIBN2013040100011728_1200.m3u8   
D/DataSource_M3U8(  744): [M3U8] file: NULL line 
D/DataSource_M3U8(  744): HLS=====>> Live Stream!!!!
D/dalvikvm( 1505): GC_CONCURRENT freed 384K, 78% free 1351K/6019K, paused 1ms+1ms
D/dalvikvm( 1505): GC_CONCURRENT freed 393K, 76% free 1467K/6019K, paused 1ms+1ms
D/dalvikvm( 1505): GC_CONCURRENT freed 518K, 76% free 1460K/6019K, paused 1ms+1ms
D/dalvikvm( 1505): GC_CONCURRENT freed 534K, 77% free 1432K/6019K, paused 1ms+1ms
D/DataSource_M3U8(  744): 
D/DataSource_M3U8(  744): 
D/DataSource_M3U8(  744): 
D/DataSource_M3U8(  744): ============Begin to get playlist !!=====================
D/DataSource_M3U8(  744): 
D/DataSource_M3U8(  744): 
D/dalvikvm( 1505): GC_CONCURRENT freed 492K, 78% free 1334K/6019K, paused 1ms+1ms
D/DataSource_M3U8(  744): 
D/DataSource_M3U8(  744):  connect Server :cibn-iss1.longvisionmedia.com
D/DataSource_M3U8(  744): parseM3U8 .......!
D/DataSource_M3U8(  744): 
D/DataSource_M3U8(  744):  do not update  mediaSequence : 0   url = http://cibn-iss1.longvisionmedia.com:8088/vod/CIBN2013_CIBN2013040100011728_1200.m3u8   
D/DataSource_M3U8(  744): [M3U8] file: NULL line 
D/DataSource_M3U8(  744): HLS=====>> Live Stream!!!!
D/dalvikvm( 1505): GC_CONCURRENT freed 405K, 79% free 1320K/6019K, paused 1ms+1ms
D/dalvikvm( 1505): GC_CONCURRENT freed 396K, 77% free 1428K/6019K, paused 1ms+1ms
D/dalvikvm( 1505): GC_CONCURRENT freed 488K, 78% free 1333K/6019K, paused 1ms+2ms
D/dalvikvm( 1505): GC_CONCURRENT freed 395K, 78% free 1331K/6019K, paused 1ms+1ms
D/DataSource_M3U8(  744): 
D/DataSource_M3U8(  744): 
D/DataSource_M3U8(  744): 
D/DataSource_M3U8(  744): ============Begin to get playlist !!=====================
D/DataSource_M3U8(  744): 
D/DataSource_M3U8(  744): 
D/dalvikvm( 1505): GC_CONCURRENT freed 394K, 78% free 1333K/6019K, paused 1ms+1ms
D/dalvikvm( 1505): GC_CONCURRENT freed 394K, 78% free 1333K/6019K, paused 1ms+1ms
D/dalvikvm( 1505): GC_CONCURRENT freed 398K, 78% free 1332K/6019K, paused 1ms+1ms
D/DataSource_M3U8(  744): 
D/DataSource_M3U8(  744):  connect Server :cibn-iss1.longvisionmedia.com
D/DataSource_M3U8(  744): parseM3U8 .......!
D/DataSource_M3U8(  744): 
D/DataSource_M3U8(  744):  do not update  mediaSequence : 0   url = http://cibn-iss1.longvisionmedia.com:8088/vod/CIBN2013_CIBN2013040100011728_1200.m3u8   
D/DataSource_M3U8(  744): [M3U8] file: NULL line 
D/DataSource_M3U8(  744): HLS=====>> Live Stream!!!!
D/dalvikvm( 1505): GC_CONCURRENT freed 394K, 78% free 1332K/6019K, paused 1ms+2ms
D/dalvikvm( 1505): GC_CONCURRENT freed 394K, 77% free 1438K/6019K, paused 1ms+0ms
D/dalvikvm( 1505): GC_CONCURRENT freed 502K, 78% free 1346K/6019K, paused 1ms+1ms
D/DataSource_M3U8(  744): 
D/DataSource_M3U8(  744): 
D/DataSource_M3U8(  744): 
D/DataSource_M3U8(  744): ============Begin to get playlist !!=====================
D/DataSource_M3U8(  744): 
D/DataSource_M3U8(  744): 
D/DataSource_M3U8(  744): 
D/DataSource_M3U8(  744):  connect Server :cibn-iss1.longvisionmedia.com
D/DataSource_M3U8(  744): parseM3U8 .......!
D/DataSource_M3U8(  744): 
D/DataSource_M3U8(  744):  do not update  mediaSequence : 0   url = http://cibn-iss1.longvisionmedia.com:8088/vod/CIBN2013_CIBN2013040100011728_1200.m3u8   
D/DataSource_M3U8(  744): [M3U8] file: NULL line 
D/DataSource_M3U8(  744): HLS=====>> Live Stream!!!!
D/DataSource_M3U8(  744): 
D/DataSource_M3U8(  744): 
D/DataSource_M3U8(  744): 
D/DataSource_M3U8(  744): ============Begin to get playlist !!=====================
D/DataSource_M3U8(  744): 
D/DataSource_M3U8(  744): 
D/DataSource_M3U8(  744): 
D/DataSource_M3U8(  744):  connect Server :cibn-iss1.longvisionmedia.com
D/DataSource_M3U8(  744): parseM3U8 .......!
D/DataSource_M3U8(  744): 
D/DataSource_M3U8(  744):  do not update  mediaSequence : 0   url = http://cibn-iss1.longvisionmedia.com:8088/vod/CIBN2013_CIBN2013040100011728_1200.m3u8   
D/DataSource_M3U8(  744): [M3U8] file: NULL line 
D/DataSource_M3U8(  744): HLS=====>> Live Stream!!!!
D/DataSource_M3U8(  744): 
D/DataSource_M3U8(  744): 
D/DataSource_M3U8(  744): 
D/DataSource_M3U8(  744): ============Begin to get playlist !!=====================
D/DataSource_M3U8(  744): 
D/DataSource_M3U8(  744): 
D/DataSource_M3U8(  744): 
D/DataSource_M3U8(  744):  connect Server :cibn-iss1.longvisionmedia.com
D/DataSource_M3U8(  744): parseM3U8 .......!
D/DataSource_M3U8(  744): 
D/DataSource_M3U8(  744):  do not update  mediaSequence : 0   url = http://cibn-iss1.longvisionmedia.com:8088/vod/CIBN2013_CIBN2013040100011728_1200.m3u8   
D/DataSource_M3U8(  744): [M3U8] file: NULL line 
D/DataSource_M3U8(  744): HLS=====>> Live Stream!!!!
D/HomePlayerLib( 1505): hostaddress count is 1
D/dalvikvm( 1505): GC_CONCURRENT freed 443K, 77% free 1410K/6019K, paused 1ms+1ms
D/dalvikvm( 1505): GC_CONCURRENT freed 499K, 77% free 1408K/6019K, paused 1ms+1ms
D/dalvikvm( 1505): GC_CONCURRENT freed 500K, 79% free 1323K/6019K, paused 1ms+1ms
D/dalvikvm( 1505): GC_CONCURRENT freed 413K, 76% free 1460K/6019K, paused 1ms+2ms
D/dalvikvm( 1505): GC_CONCURRENT freed 532K, 78% free 1374K/6019K, paused 1ms+1ms
D/DataSource_M3U8(  744): ----------UpdatePlaylistThread runing... 
D/DataSource_M3U8(  744): 
D/DataSource_M3U8(  744): 
D/DataSource_M3U8(  744): 
D/DataSource_M3U8(  744): ============Begin to get playlist !!=====================
D/DataSource_M3U8(  744): 
D/DataSource_M3U8(  744): 
D/dalvikvm( 1505): GC_CONCURRENT freed 442K, 77% free 1432K/6019K, paused 1ms+1ms
D/DataSource_M3U8(  744): 
D/DataSource_M3U8(  744):  connect Server :cibn-iss1.longvisionmedia.com
D/DataSource_M3U8(  744): parseM3U8 .......!
D/DataSource_M3U8(  744): 
D/DataSource_M3U8(  744):  do not update  mediaSequence : 0   url = http://cibn-iss1.longvisionmedia.com:8088/vod/CIBN2013_CIBN2013040100011728_1200.m3u8   
D/DataSource_M3U8(  744): [M3U8] file: NULL line 
D/DataSource_M3U8(  744): HLS=====>> Live Stream!!!!
D/dalvikvm( 1505): GC_CONCURRENT freed 495K, 77% free 1403K/6019K, paused 1ms+1ms
D/dalvikvm( 1505): GC_CONCURRENT freed 468K, 78% free 1334K/6019K, paused 1ms+1ms
D/dalvikvm( 1505): GC_CONCURRENT freed 397K, 78% free 1378K/6019K, paused 1ms+1ms
D/DataSource_M3U8(  744): 
D/DataSource_M3U8(  744): 
D/DataSource_M3U8(  744): 
D/DataSource_M3U8(  744): ============Begin to get playlist !!=====================
D/DataSource_M3U8(  744): 
D/DataSource_M3U8(  744): 
D/dalvikvm( 1505): GC_CONCURRENT freed 442K, 77% free 1429K/6019K, paused 1ms+1ms
D/DataSource_M3U8(  744): 
D/DataSource_M3U8(  744):  connect Server :cibn-iss1.longvisionmedia.com
D/DataSource_M3U8(  744): parseM3U8 .......!
D/DataSource_M3U8(  744): 
D/DataSource_M3U8(  744):  do not update  mediaSequence : 0   url = http://cibn-iss1.longvisionmedia.com:8088/vod/CIBN2013_CIBN2013040100011728_1200.m3u8   
D/DataSource_M3U8(  744): [M3U8] file: NULL line 
D/DataSource_M3U8(  744): HLS=====>> Live Stream!!!!
D/dalvikvm( 1505): GC_CONCURRENT freed 490K, 77% free 1439K/6019K, paused 1ms+1ms
D/dalvikvm( 1505): GC_CONCURRENT freed 503K, 79% free 1321K/6019K, paused 1ms+1ms
D/dalvikvm( 1505): GC_CONCURRENT freed 399K, 79% free 1309K/6019K, paused 1ms+1ms
D/DataSource_M3U8(  744): 
D/DataSource_M3U8(  744): 
D/DataSource_M3U8(  744): 
D/DataSource_M3U8(  744): ============Begin to get playlist !!=====================
D/DataSource_M3U8(  744): 
D/DataSource_M3U8(  744): 
D/DataSource_M3U8(  744): 
D/DataSource_M3U8(  744):  connect Server :cibn-iss1.longvisionmedia.com
D/DataSource_M3U8(  744): parseM3U8 .......!
D/DataSource_M3U8(  744): 
D/DataSource_M3U8(  744):  do not update  mediaSequence : 0   url = http://cibn-iss1.longvisionmedia.com:8088/vod/CIBN2013_CIBN2013040100011728_1200.m3u8   
D/DataSource_M3U8(  744): [M3U8] file: NULL line 
D/DataSource_M3U8(  744): HLS=====>> Live Stream!!!!
D/DataSource_M3U8(  744): 
D/DataSource_M3U8(  744): 
D/DataSource_M3U8(  744): 
D/DataSource_M3U8(  744): ============Begin to get playlist !!=====================
D/DataSource_M3U8(  744): 
D/DataSource_M3U8(  744): 
D/DataSource_M3U8(  744): 
D/DataSource_M3U8(  744):  connect Server :cibn-iss1.longvisionmedia.com
D/DataSource_M3U8(  744): parseM3U8 .......!
D/DataSource_M3U8(  744): 
D/DataSource_M3U8(  744):  do not update  mediaSequence : 0   url = http://cibn-iss1.longvisionmedia.com:8088/vod/CIBN2013_CIBN2013040100011728_1200.m3u8   
D/DataSource_M3U8(  744): [M3U8] file: NULL line 
D/DataSource_M3U8(  744): HLS=====>> Live Stream!!!!
D/DataSource_M3U8(  744): 
D/DataSource_M3U8(  744): 
D/DataSource_M3U8(  744): 
D/DataSource_M3U8(  744): ============Begin to get playlist !!=====================
D/DataSource_M3U8(  744): 
D/DataSource_M3U8(  744): 
D/DataSource_M3U8(  744): 
D/DataSource_M3U8(  744):  connect Server :cibn-iss1.longvisionmedia.com
D/DataSource_M3U8(  744): parseM3U8 .......!
D/DataSource_M3U8(  744): 
D/DataSource_M3U8(  744):  do not update  mediaSequence : 0   url = http://cibn-iss1.longvisionmedia.com:8088/vod/CIBN2013_CIBN2013040100011728_1200.m3u8   
D/DataSource_M3U8(  744): [M3U8] file: NULL line 
D/DataSource_M3U8(  744): HLS=====>> Live Stream!!!!
D/DataSource_M3U8(  744): 
D/DataSource_M3U8(  744): 
D/DataSource_M3U8(  744): 
D/DataSource_M3U8(  744): ============Begin to get playlist !!=====================
D/DataSource_M3U8(  744): 
D/DataSource_M3U8(  744): 
D/DataSource_M3U8(  744): 
D/DataSource_M3U8(  744):  connect Server :cibn-iss1.longvisionmedia.com
D/DataSource_M3U8(  744): parseM3U8 .......!
D/DataSource_M3U8(  744): 
D/DataSource_M3U8(  744):  do not update  mediaSequence : 0   url = http://cibn-iss1.longvisionmedia.com:8088/vod/CIBN2013_CIBN2013040100011728_1200.m3u8   
D/DataSource_M3U8(  744): [M3U8] file: NULL line 
D/DataSource_M3U8(  744): HLS=====>> Live Stream!!!!
D/DataSource_M3U8(  744): 
D/DataSource_M3U8(  744): 
D/DataSource_M3U8(  744): 
D/DataSource_M3U8(  744): ============Begin to get playlist !!=====================
D/DataSource_M3U8(  744): 
D/DataSource_M3U8(  744): 
D/DataSource_M3U8(  744): 
D/DataSource_M3U8(  744):  connect Server :cibn-iss1.longvisionmedia.com
D/DataSource_M3U8(  744): parseM3U8 .......!
D/DataSource_M3U8(  744): 
D/DataSource_M3U8(  744):  do not update  mediaSequence : 0   url = http://cibn-iss1.longvisionmedia.com:8088/vod/CIBN2013_CIBN2013040100011728_1200.m3u8   
D/DataSource_M3U8(  744): [M3U8] file: NULL line 
D/DataSource_M3U8(  744): HLS=====>> Live Stream!!!!
D/dalvikvm( 1505): GC_CONCURRENT freed 383K, 78% free 1334K/6019K, paused 1ms+1ms
D/dalvikvm( 1505): GC_CONCURRENT freed 396K, 78% free 1332K/6019K, paused 1ms+1ms
D/dalvikvm( 1505): GC_CONCURRENT freed 393K, 78% free 1332K/6019K, paused 1ms+1ms
D/DataSource_M3U8(  744): 
D/DataSource_M3U8(  744): 
D/DataSource_M3U8(  744): 
D/DataSource_M3U8(  744): ============Begin to get playlist !!=====================
D/DataSource_M3U8(  744): 
D/DataSource_M3U8(  744): 
D/dalvikvm( 1505): GC_CONCURRENT freed 394K, 78% free 1332K/6019K, paused 1ms+2ms
D/DataSource_M3U8(  744): 
D/DataSource_M3U8(  744):  connect Server :cibn-iss1.longvisionmedia.com
D/DataSource_M3U8(  744): parseM3U8 .......!
D/DataSource_M3U8(  744): 
D/DataSource_M3U8(  744):  do not update  mediaSequence : 0   url = http://cibn-iss1.longvisionmedia.com:8088/vod/CIBN2013_CIBN2013040100011728_1200.m3u8   
D/DataSource_M3U8(  744): [M3U8] file: NULL line 
D/DataSource_M3U8(  744): HLS=====>> Live Stream!!!!
D/dalvikvm( 1505): GC_CONCURRENT freed 413K, 79% free 1314K/6019K, paused 0ms+1ms
D/DataSource_M3U8(  744): 
D/DataSource_M3U8(  744): 
D/DataSource_M3U8(  744): 
D/DataSource_M3U8(  744): ============Begin to get playlist !!=====================
D/DataSource_M3U8(  744): 
D/DataSource_M3U8(  744): 
D/DataSource_M3U8(  744): 
D/DataSource_M3U8(  744):  connect Server :cibn-iss1.longvisionmedia.com
D/DataSource_M3U8(  744): parseM3U8 .......!
D/DataSource_M3U8(  744): 
D/DataSource_M3U8(  744):  do not update  mediaSequence : 0   url = http://cibn-iss1.longvisionmedia.com:8088/vod/CIBN2013_CIBN2013040100011728_1200.m3u8   
D/DataSource_M3U8(  744): [M3U8] file: NULL line 
D/DataSource_M3U8(  744): HLS=====>> Live Stream!!!!
D/DataSource_M3U8(  744): 
D/DataSource_M3U8(  744): 
D/DataSource_M3U8(  744): 
D/DataSource_M3U8(  744): ============Begin to get playlist !!=====================
D/DataSource_M3U8(  744): 
D/DataSource_M3U8(  744): 
D/DataSource_M3U8(  744): 
D/DataSource_M3U8(  744):  connect Server :cibn-iss1.longvisionmedia.com
D/DataSource_M3U8(  744): parseM3U8 .......!
D/DataSource_M3U8(  744): 
D/DataSource_M3U8(  744):  do not update  mediaSequence : 0   url = http://cibn-iss1.longvisionmedia.com:8088/vod/CIBN2013_CIBN2013040100011728_1200.m3u8   
D/DataSource_M3U8(  744): [M3U8] file: NULL line 
D/DataSource_M3U8(  744): HLS=====>> Live Stream!!!!
D/DataSource_M3U8(  744): 
D/DataSource_M3U8(  744): 
D/DataSource_M3U8(  744): 
D/DataSource_M3U8(  744): ============Begin to get playlist !!=====================
D/DataSource_M3U8(  744): 
D/DataSource_M3U8(  744): 
D/DataSource_M3U8(  744): 
D/DataSource_M3U8(  744):  connect Server :cibn-iss1.longvisionmedia.com
D/DataSource_M3U8(  744): parseM3U8 .......!
D/DataSource_M3U8(  744): 
D/DataSource_M3U8(  744):  do not update  mediaSequence : 0   url = http://cibn-iss1.longvisionmedia.com:8088/vod/CIBN2013_CIBN2013040100011728_1200.m3u8   
D/DataSource_M3U8(  744): [M3U8] file: NULL line 
D/DataSource_M3U8(  744): HLS=====>> Live Stream!!!!
D/DataSource_M3U8(  744): 
D/DataSource_M3U8(  744): 
D/DataSource_M3U8(  744): 
D/DataSource_M3U8(  744): ============Begin to get playlist !!=====================
D/DataSource_M3U8(  744): 
D/DataSource_M3U8(  744): 
D/DataSource_M3U8(  744): 
D/DataSource_M3U8(  744):  connect Server :cibn-iss1.longvisionmedia.com
D/DataSource_M3U8(  744): parseM3U8 .......!
D/DataSource_M3U8(  744): 
D/DataSource_M3U8(  744):  do not update  mediaSequence : 0   url = http://cibn-iss1.longvisionmedia.com:8088/vod/CIBN2013_CIBN2013040100011728_1200.m3u8   
D/DataSource_M3U8(  744): [M3U8] file: NULL line 
D/DataSource_M3U8(  744): HLS=====>> Live Stream!!!!
D/DataSource_M3U8(  744): 
D/DataSource_M3U8(  744): 
D/DataSource_M3U8(  744): 
D/DataSource_M3U8(  744): ============Begin to get playlist !!=====================
D/DataSource_M3U8(  744): 
D/DataSource_M3U8(  744): 
D/DataSource_M3U8(  744): 
D/DataSource_M3U8(  744):  connect Server :cibn-iss1.longvisionmedia.com
D/DataSource_M3U8(  744): parseM3U8 .......!
D/DataSource_M3U8(  744): 
D/DataSource_M3U8(  744):  do not update  mediaSequence : 0   url = http://cibn-iss1.longvisionmedia.com:8088/vod/CIBN2013_CIBN2013040100011728_1200.m3u8   
D/DataSource_M3U8(  744): [M3U8] file: NULL line 
D/DataSource_M3U8(  744): HLS=====>> Live Stream!!!!
D/DataSource_M3U8(  744): 
D/DataSource_M3U8(  744): 
D/DataSource_M3U8(  744): 
D/DataSource_M3U8(  744): ============Begin to get playlist !!=====================
D/DataSource_M3U8(  744): 
D/DataSource_M3U8(  744): 
D/DataSource_M3U8(  744): 
D/DataSource_M3U8(  744):  connect Server :cibn-iss1.longvisionmedia.com
D/DataSource_M3U8(  744): parseM3U8 .......!
D/DataSource_M3U8(  744): 
D/DataSource_M3U8(  744):  do not update  mediaSequence : 0   url = http://cibn-iss1.longvisionmedia.com:8088/vod/CIBN2013_CIBN2013040100011728_1200.m3u8   
D/DataSource_M3U8(  744): [M3U8] file: NULL line 
D/DataSource_M3U8(  744): HLS=====>> Live Stream!!!!
D/dalvikvm( 1505): GC_CONCURRENT freed 405K, 79% free 1308K/6019K, paused 1ms+1ms
D/HomePlayerLib( 1505): hostaddress count is 1
D/dalvikvm( 1505): GC_CONCURRENT freed 387K, 79% free 1313K/6019K, paused 1ms+1ms
D/dalvikvm( 1505): GC_CONCURRENT freed 400K, 79% free 1311K/6019K, paused 1ms+1ms
D/dalvikvm( 1505): GC_CONCURRENT freed 403K, 79% free 1292K/6019K, paused 1ms+1ms
D/DataSource_M3U8(  744): 
D/DataSource_M3U8(  744): 
D/DataSource_M3U8(  744): 
D/DataSource_M3U8(  744): ============Begin to get playlist !!=====================
D/DataSource_M3U8(  744): 
D/DataSource_M3U8(  744): 
D/dalvikvm( 1505): GC_CONCURRENT freed 380K, 78% free 1356K/6019K, paused 1ms+1ms
D/dalvikvm( 1505): GC_CONCURRENT freed 446K, 79% free 1317K/6019K, paused 1ms+1ms
D/DataSource_M3U8(  744): 
D/DataSource_M3U8(  744):  connect Server :cibn-iss1.longvisionmedia.com
D/DataSource_M3U8(  744): parseM3U8 .......!
D/DataSource_M3U8(  744): 
D/DataSource_M3U8(  744):  do not update  mediaSequence : 0   url = http://cibn-iss1.longvisionmedia.com:8088/vod/CIBN2013_CIBN2013040100011728_1200.m3u8   
D/DataSource_M3U8(  744): [M3U8] file: NULL line 
D/DataSource_M3U8(  744): HLS=====>> Live Stream!!!!
D/dalvikvm( 1505): GC_CONCURRENT freed 390K, 77% free 1427K/6019K, paused 1ms+2ms
D/dalvikvm( 1505): GC_CONCURRENT freed 487K, 78% free 1339K/6019K, paused 1ms+2ms
D/dalvikvm( 1505): GC_CONCURRENT freed 407K, 77% free 1394K/6019K, paused 1ms+1ms
D/DataSource_M3U8(  744): 
D/DataSource_M3U8(  744): 
D/DataSource_M3U8(  744): 
D/DataSource_M3U8(  744): ============Begin to get playlist !!=====================
D/DataSource_M3U8(  744): 
D/DataSource_M3U8(  744): 
D/dalvikvm( 1505): GC_CONCURRENT freed 466K, 79% free 1321K/6019K, paused 1ms+3ms
D/dalvikvm( 1505): GC_CONCURRENT freed 379K, 77% free 1420K/6019K, paused 1ms+1ms
D/DataSource_M3U8(  744): 
D/DataSource_M3U8(  744):  connect Server :cibn-iss1.longvisionmedia.com
D/DataSource_M3U8(  744): parseM3U8 .......!
D/DataSource_M3U8(  744): 
D/DataSource_M3U8(  744):  do not update  mediaSequence : 0   url = http://cibn-iss1.longvisionmedia.com:8088/vod/CIBN2013_CIBN2013040100011728_1200.m3u8   
D/DataSource_M3U8(  744): [M3U8] file: NULL line 
D/DataSource_M3U8(  744): HLS=====>> Live Stream!!!!
D/dalvikvm( 1505): GC_CONCURRENT freed 483K, 76% free 1445K/6019K, paused 1ms+1ms
D/dalvikvm( 1505): GC_CONCURRENT freed 518K, 79% free 1321K/6019K, paused 1ms+1ms
D/dalvikvm( 1505): GC_CONCURRENT freed 395K, 79% free 1320K/6019K, paused 1ms+1ms
D/DataSource_M3U8(  744): 
D/DataSource_M3U8(  744): 
D/DataSource_M3U8(  744): 
D/DataSource_M3U8(  744): ============Begin to get playlist !!=====================
D/DataSource_M3U8(  744): 
D/DataSource_M3U8(  744): 
D/dalvikvm( 1505): GC_CONCURRENT freed 389K, 78% free 1330K/6019K, paused 0ms+3ms
D/dalvikvm( 1505): GC_CONCURRENT freed 391K, 78% free 1333K/6019K, paused 1ms+1ms
D/DataSource_M3U8(  744): 
D/DataSource_M3U8(  744):  connect Server :cibn-iss1.longvisionmedia.com
D/DataSource_M3U8(  744): parseM3U8 .......!
D/DataSource_M3U8(  744): 
D/DataSource_M3U8(  744):  do not update  mediaSequence : 0   url = http://cibn-iss1.longvisionmedia.com:8088/vod/CIBN2013_CIBN2013040100011728_1200.m3u8   
D/DataSource_M3U8(  744): [M3U8] file: NULL line 
D/DataSource_M3U8(  744): HLS=====>> Live Stream!!!!
D/DataSource_M3U8(  744): 
D/DataSource_M3U8(  744): 
D/DataSource_M3U8(  744): 
D/DataSource_M3U8(  744): ============Begin to get playlist !!=====================
D/DataSource_M3U8(  744): 
D/DataSource_M3U8(  744): 
D/DataSource_M3U8(  744): 
D/DataSource_M3U8(  744):  connect Server :cibn-iss1.longvisionmedia.com
D/DataSource_M3U8(  744): parseM3U8 .......!
D/DataSource_M3U8(  744): 
D/DataSource_M3U8(  744):  do not update  mediaSequence : 0   url = http://cibn-iss1.longvisionmedia.com:8088/vod/CIBN2013_CIBN2013040100011728_1200.m3u8   
D/DataSource_M3U8(  744): [M3U8] file: NULL line 
D/DataSource_M3U8(  744): HLS=====>> Live Stream!!!!
D/dalvikvm( 1505): GC_CONCURRENT freed 403K, 79% free 1320K/6019K, paused 1ms+1ms
D/dalvikvm( 1505): GC_CONCURRENT freed 394K, 77% free 1428K/6019K, paused 1ms+1ms
D/DataSource_M3U8(  744): 
D/DataSource_M3U8(  744): 
D/DataSource_M3U8(  744): 
D/DataSource_M3U8(  744): ============Begin to get playlist !!=====================
D/DataSource_M3U8(  744): 
D/DataSource_M3U8(  744): 
D/dalvikvm( 1505): GC_CONCURRENT freed 486K, 78% free 1332K/6019K, paused 1ms+1ms
D/dalvikvm( 1505): GC_CONCURRENT freed 394K, 78% free 1333K/6019K, paused 0ms+1ms
D/DataSource_M3U8(  744): 
D/DataSource_M3U8(  744):  connect Server :cibn-iss1.longvisionmedia.com
D/DataSource_M3U8(  744): parseM3U8 .......!
D/DataSource_M3U8(  744): 
D/DataSource_M3U8(  744):  do not update  mediaSequence : 0   url = http://cibn-iss1.longvisionmedia.com:8088/vod/CIBN2013_CIBN2013040100011728_1200.m3u8   
D/DataSource_M3U8(  744): [M3U8] file: NULL line 
D/DataSource_M3U8(  744): HLS=====>> Live Stream!!!!
D/dalvikvm( 1505): GC_CONCURRENT freed 394K, 78% free 1332K/6019K, paused 1ms+1ms
D/dalvikvm( 1505): GC_CONCURRENT freed 393K, 78% free 1332K/6019K, paused 1ms+1ms
D/DataSource_M3U8(  744): 
D/DataSource_M3U8(  744): 
D/DataSource_M3U8(  744): 
D/DataSource_M3U8(  744): ============Begin to get playlist !!=====================
D/DataSource_M3U8(  744): 
D/DataSource_M3U8(  744): 
D/DataSource_M3U8(  744): 
D/DataSource_M3U8(  744):  connect Server :cibn-iss1.longvisionmedia.com
D/DataSource_M3U8(  744): parseM3U8 .......!
D/DataSource_M3U8(  744): 
D/DataSource_M3U8(  744):  do not update  mediaSequence : 0   url = http://cibn-iss1.longvisionmedia.com:8088/vod/CIBN2013_CIBN2013040100011728_1200.m3u8   
D/DataSource_M3U8(  744): [M3U8] file: NULL line 
D/DataSource_M3U8(  744): HLS=====>> Live Stream!!!!
D/DataSource_M3U8(  744): 
D/DataSource_M3U8(  744): 
D/DataSource_M3U8(  744): 
D/DataSource_M3U8(  744): ============Begin to get playlist !!=====================
D/DataSource_M3U8(  744): 
D/DataSource_M3U8(  744): 
D/DataSource_M3U8(  744): 
D/DataSource_M3U8(  744):  connect Server :cibn-iss1.longvisionmedia.com
D/DataSource_M3U8(  744): parseM3U8 .......!
D/DataSource_M3U8(  744): 
D/DataSource_M3U8(  744):  do not update  mediaSequence : 0   url = http://cibn-iss1.longvisionmedia.com:8088/vod/CIBN2013_CIBN2013040100011728_1200.m3u8   
D/DataSource_M3U8(  744): [M3U8] file: NULL line 
D/DataSource_M3U8(  744): HLS=====>> Live Stream!!!!
D/dalvikvm( 1505): GC_CONCURRENT freed 403K, 78% free 1329K/6019K, paused 1ms+1ms
D/dalvikvm( 1505): GC_CONCURRENT freed 395K, 79% free 1319K/6019K, paused 1ms+1ms
D/dalvikvm( 1505): GC_CONCURRENT freed 393K, 79% free 1319K/6019K, paused 1ms+1ms
D/DataSource_M3U8(  744): 
D/DataSource_M3U8(  744): 
D/DataSource_M3U8(  744): 
D/DataSource_M3U8(  744): ============Begin to get playlist !!=====================
D/DataSource_M3U8(  744): 
D/DataSource_M3U8(  744): 
D/DataSource_M3U8(  744): 
D/DataSource_M3U8(  744):  Warnig:: No Enough data in buffer...
I//lib/ld-linux.so.3(  748): Blocking Read: 30020, size: 0x0.
D/dalvikvm( 1505): GC_CONCURRENT freed 393K, 77% free 1426K/6019K, paused 1ms+1ms
D/DataSource_M3U8(  744): 
D/DataSource_M3U8(  744):  connect Server :cibn-iss1.longvisionmedia.com
D/DataSource_M3U8(  744): parseM3U8 .......!
D/DataSource_M3U8(  744): 
D/DataSource_M3U8(  744):  do not update  mediaSequence : 0   url = http://cibn-iss1.longvisionmedia.com:8088/vod/CIBN2013_CIBN2013040100011728_1200.m3u8   
D/DataSource_M3U8(  744): [M3U8] file: NULL line 
D/DataSource_M3U8(  744): HLS=====>> Live Stream!!!!
D/dalvikvm( 1505): GC_CONCURRENT freed 507K, 78% free 1362K/6019K, paused 1ms+1ms
D/dalvikvm( 1505): GC_CONCURRENT freed 447K, 79% free 1303K/6019K, paused 1ms+1ms
D/DataSource_M3U8(  744): 
D/DataSource_M3U8(  744): 
D/DataSource_M3U8(  744): 
D/DataSource_M3U8(  744): ============Begin to get playlist !!=====================
D/DataSource_M3U8(  744): 
D/DataSource_M3U8(  744): 
D/dalvikvm( 1505): GC_CONCURRENT freed 436K, 79% free 1289K/6019K, paused 1ms+1ms
D/DataSource_M3U8(  744): 
D/DataSource_M3U8(  744):  connect Server :cibn-iss1.longvisionmedia.com
D/DataSource_M3U8(  744): parseM3U8 .......!
D/DataSource_M3U8(  744): 
D/DataSource_M3U8(  744):  do not update  mediaSequence : 0   url = http://cibn-iss1.longvisionmedia.com:8088/vod/CIBN2013_CIBN2013040100011728_1200.m3u8   
D/DataSource_M3U8(  744): [M3U8] file: NULL line 
D/DataSource_M3U8(  744): HLS=====>> Live Stream!!!!
D/DataSource_M3U8(  744): 
D/DataSource_M3U8(  744): 
D/DataSource_M3U8(  744): 
D/DataSource_M3U8(  744): ============Begin to get playlist !!=====================
D/DataSource_M3U8(  744): 
D/DataSource_M3U8(  744): 
D/DataSource_M3U8(  744): 
D/DataSource_M3U8(  744):  connect Server :cibn-iss1.longvisionmedia.com
D/DataSource_M3U8(  744): parseM3U8 .......!
D/DataSource_M3U8(  744): 
D/DataSource_M3U8(  744):  do not update  mediaSequence : 0   url = http://cibn-iss1.longvisionmedia.com:8088/vod/CIBN2013_CIBN2013040100011728_1200.m3u8   
D/DataSource_M3U8(  744): [M3U8] file: NULL line 
D/DataSource_M3U8(  744): HLS=====>> Live Stream!!!!
D/DataSource_M3U8(  744): 
D/DataSource_M3U8(  744): 
D/DataSource_M3U8(  744): 
D/DataSource_M3U8(  744): ============Begin to get playlist !!=====================
D/DataSource_M3U8(  744): 
D/DataSource_M3U8(  744): 
D/DataSource_M3U8(  744): 
D/DataSource_M3U8(  744):  connect Server :cibn-iss1.longvisionmedia.com
D/DataSource_M3U8(  744): parseM3U8 .......!
D/DataSource_M3U8(  744): 
D/DataSource_M3U8(  744):  do not update  mediaSequence : 0   url = http://cibn-iss1.longvisionmedia.com:8088/vod/CIBN2013_CIBN2013040100011728_1200.m3u8   
D/DataSource_M3U8(  744): [M3U8] file: NULL line 
D/DataSource_M3U8(  744): HLS=====>> Live Stream!!!!
D/CheckNetWork( 1752): isOk true
D/CheckNetWork( 1752): ActInfoNetworkInfo: type: WIFI[], state: CONNECTED/CONNECTED, reason: (unspecified), extra: (none), roaming: false, failover: false, isAvailable: true
D/CheckNetWork( 1752): infoNetworkInfo: type: WIFI[], state: CONNECTED/CONNECTED, reason: (unspecified), extra: (none), roaming: false, failover: false, isAvailable: true
D/DataSource_M3U8(  744): 
D/DataSource_M3U8(  744): 
D/DataSource_M3U8(  744): 
D/DataSource_M3U8(  744): ============Begin to get playlist !!=====================
D/DataSource_M3U8(  744): 
D/DataSource_M3U8(  744): 
D/DataSource_M3U8(  744): 
D/DataSource_M3U8(  744):  connect Server :cibn-iss1.longvisionmedia.com
D/DataSource_M3U8(  744): parseM3U8 .......!
D/DataSource_M3U8(  744): 
D/DataSource_M3U8(  744):  do not update  mediaSequence : 0   url = http://cibn-iss1.longvisionmedia.com:8088/vod/CIBN2013_CIBN2013040100011728_1200.m3u8   
D/DataSource_M3U8(  744): [M3U8] file: NULL line 
D/DataSource_M3U8(  744): HLS=====>> Live Stream!!!!
D/DataSource_M3U8(  744): 
D/DataSource_M3U8(  744): 
D/DataSource_M3U8(  744): 
D/DataSource_M3U8(  744): ============Begin to get playlist !!=====================
D/DataSource_M3U8(  744): 
D/DataSource_M3U8(  744): 
D/DataSource_M3U8(  744): 
D/DataSource_M3U8(  744):  connect Server :cibn-iss1.longvisionmedia.com
D/DataSource_M3U8(  744): parseM3U8 .......!
D/DataSource_M3U8(  744): 
D/DataSource_M3U8(  744):  do not update  mediaSequence : 0   url = http://cibn-iss1.longvisionmedia.com:8088/vod/CIBN2013_CIBN2013040100011728_1200.m3u8   
D/DataSource_M3U8(  744): [M3U8] file: NULL line 
D/DataSource_M3U8(  744): HLS=====>> Live Stream!!!!
D/DataSource_M3U8(  744): 
D/DataSource_M3U8(  744): 
D/DataSource_M3U8(  744): 
D/DataSource_M3U8(  744): ============Begin to get playlist !!=====================
D/DataSource_M3U8(  744): 
D/DataSource_M3U8(  744): 
D/DataSource_M3U8(  744): 
D/DataSource_M3U8(  744):  connect Server :cibn-iss1.longvisionmedia.com
D/DataSource_M3U8(  744): parseM3U8 .......!
D/DataSource_M3U8(  744): 
D/DataSource_M3U8(  744):  do not update  mediaSequence : 0   url = http://cibn-iss1.longvisionmedia.com:8088/vod/CIBN2013_CIBN2013040100011728_1200.m3u8   
D/DataSource_M3U8(  744): [M3U8] file: NULL line 
D/DataSource_M3U8(  744): HLS=====>> Live Stream!!!!
D/dalvikvm( 1505): GC_CONCURRENT freed 378K, 78% free 1339K/6019K, paused 1ms+1ms
D/HomePlayerLib( 1505): hostaddress count is 1
D/dalvikvm( 1505): GC_CONCURRENT freed 427K, 77% free 1394K/6019K, paused 0ms+1ms
D/dalvikvm( 1505): GC_CONCURRENT freed 481K, 77% free 1411K/6019K, paused 1ms+1ms
D/dalvikvm( 1505): GC_CONCURRENT freed 485K, 79% free 1319K/6019K, paused 2ms+1ms
D/DataSource_M3U8(  744): 
D/DataSource_M3U8(  744): 
D/DataSource_M3U8(  744): 
D/DataSource_M3U8(  744): ============Begin to get playlist !!=====================
D/DataSource_M3U8(  744): 
D/DataSource_M3U8(  744): 
D/dalvikvm( 1505): GC_CONCURRENT freed 381K, 78% free 1366K/6019K, paused 1ms+1ms
D/dalvikvm( 1505): GC_CONCURRENT freed 434K, 77% free 1392K/6019K, paused 1ms+1ms
D/DataSource_M3U8(  744): 
D/DataSource_M3U8(  744):  connect Server :cibn-iss1.longvisionmedia.com
D/DataSource_M3U8(  744): parseM3U8 .......!
D/DataSource_M3U8(  744): 
D/DataSource_M3U8(  744):  do not update  mediaSequence : 0   url = http://cibn-iss1.longvisionmedia.com:8088/vod/CIBN2013_CIBN2013040100011728_1200.m3u8   
D/DataSource_M3U8(  744): [M3U8] file: NULL line 
D/DataSource_M3U8(  744): HLS=====>> Live Stream!!!!
D/dalvikvm( 1505): GC_CONCURRENT freed 464K, 77% free 1434K/6019K, paused 1ms+1ms
D/dalvikvm( 1505): GC_CONCURRENT freed 494K, 76% free 1458K/6019K, paused 1ms+1ms
D/dalvikvm( 1505): GC_CONCURRENT freed 518K, 78% free 1325K/6019K, paused 1ms+1ms
D/DataSource_M3U8(  744): 
D/DataSource_M3U8(  744): 
D/DataSource_M3U8(  744): 
D/DataSource_M3U8(  744): ============Begin to get playlist !!=====================
D/DataSource_M3U8(  744): 
D/DataSource_M3U8(  744): 
D/dalvikvm( 1505): GC_CONCURRENT freed 396K, 77% free 1435K/6019K, paused 1ms+1ms
D/DataSource_M3U8(  744): 
D/DataSource_M3U8(  744):  connect Server :cibn-iss1.longvisionmedia[ 1960.945121] IR: [03932] scan key value is 0xf10ec936 
[ 1960.945125]  .com
D/DataSource_M3U8(  744): parseM3U8 .......!
D/DataSource_M3U8(  744): 
D/DataSource_M3U8(  744):  do not update  mediaSequence : 0   url = http://cibn-iss1.longvisionmedia.com:8088/vod/CIBN2013_CIBN2013040100011728_1200.m3u8   
D/DataSource_M3U8(  744): [M3U8] file: NULL line 
D/DataSource_M3U8(  744): HLS=====>> Live Stream!!!!

[ 1960.995754] IR: [03932] scan key value is 0xf10ec936 
[ 1960.995758]  D/dalvikvm( 1505): GC_CONCURRENT freed 497K, 77% free 1417K/6019K, paused 1ms+1ms
D/dalvikvm( 1505): GC_CONCURRENT freed 474K, 78% free 1334K/6019K, paused 0ms+1ms
D/DataSource_M3U8(  744): 
D/DataSource_M3U8(  744): 
D/DataSource_M3U8(  744): 
D/DataSource_M3U8(  744): ============Begin to get playlist !!=====================
D/DataSource_M3U8(  744): 
D/DataSource_M3U8(  744): 
D/dalvikvm( 1505): GC_CONCURRENT freed 405K, 78% free 1346K/6019K, paused 1ms+1ms
D/dalvikvm( 1505): GC_CONCURRENT freed 409K, 78% free 1332K/6019K, paused 1ms+1ms
D/DataSource_M3U8(  744): 
D/DataSource_M3U8(  744):  connect Server :cibn-iss1.longvisionmedia.com
D/DataSource_M3U8(  744): parseM3U8 .......!
D/DataSource_M3U8(  744): 
D/DataSource_M3U8(  744):  do not update  mediaSequence : 0   url = http://cibn-iss1.longvisionmedia.com:8088/vod/CIBN2013_CIBN2013040100011728_1200.m3u8   
D/DataSource_M3U8(  744): [M3U8] file: NULL line 
D/DataSource_M3U8(  744): HLS=====>> Live Stream!!!!
D/dalvikvm( 1505): GC_CONCURRENT freed 394K, 78% free 1332K/6019K, paused 1ms+1ms
D/DataSource_M3U8(  744): 
D/DataSource_M3U8(  744): 
D/DataSource_M3U8(  744): 
D/DataSource_M3U8(  744): ============Begin to get playlist !!=====================
D/DataSource_M3U8(  744): 
D/DataSource_M3U8(  744): 

[ 1962.342894] IR: [03932] scan key value is 0xf10ec936 
[ 1962.342899]  I/MediaControler( 1435): pause called isPlaying:

[ 1962.393541] IR: [03932] scan key value is 0xf10ec936 
[ 1962.393546]  E/        ( 1435): get vaddr failed:pvaddr_read=0x620c3000,pvaddr_internal=0x621c3000,pvaddr_write=0x0
E/        ( 1435): get vaddr failed:pvaddr_read=0x620c3000,pvaddr_internal=0x621c3000,pvaddr_write=0x0
D/dalvikvm( 1435): GC_CONCURRENT freed 6852K, 50% free 14321K/28163K, paused 2ms+3ms
E/        ( 1435): get vaddr failed:pvaddr_read=0x620c3000,pvaddr_internal=0x621c3000,pvaddr_write=0x0
E/        ( 1435): get vaddr failed:pvaddr_read=0x620c3000,pvaddr_internal=0x621c3000,pvaddr_write=0x0
E/        ( 1435): get vaddr failed:pvaddr_read=0x620c3000,pvaddr_internal=0x621c3000,pvaddr_write=0x0
E/        ( 1435): get vaddr failed:pvaddr_read=0x620c3000,pvaddr_internal=0x621c3000,pvaddr_write=0x0
E/        ( 1435): get vaddr failed:pvaddr_read=0x620c3000,pvaddr_internal=0x621c3000,pvaddr_write=0x0
E/        ( 1435): get vaddr failed:pvaddr_read=0x620c3000,pvaddr_internal=0x621c3000,pvaddr_write=0x0
E/        ( 1435): get vaddr failed:pvaddr_read=0x620c3000,pvaddr_internal=0x621c3000,pvaddr_write=0x0
E/        ( 1435): get vaddr failed:pvaddr_read=0x620c3000,pvaddr_internal=0x621c3000,pvaddr_write=0x0
D/dalvikvm( 1435): GC_FOR_ALLOC freed 1456K, 48% free 14666K/28163K, paused 21ms
E/        ( 1435): get vaddr failed:pvaddr_read=0x620c3000,pvaddr_internal=0x621c3000,pvaddr_write=0x0
E/        ( 1435): get vaddr failed:pvaddr_read=0x620c3000,pvaddr_internal=0x621c3000,pvaddr_write=0x0
E/        ( 1435): get vaddr failed:pvaddr_read=0x620c3000,pvaddr_internal=0x621c3000,pvaddr_write=0x0
E/        ( 1435): get vaddr failed:pvaddr_read=0x620c3000,pvaddr_internal=0x621c3000,pvaddr_write=0x0
D/dalvikvm( 1435): GC_FOR_ALLOC freed 1832K, 48% free 14698K/28163K, paused 20ms
D/InputEventConsistencyVerifier( 1435): KeyEvent: ACTION_UP but key was not down.
D/InputEventConsistencyVerifier( 1435):   in com.android.internal.policy.impl.PhoneWindow$DecorView@41974be0
D/InputEventConsistencyVerifier( 1435):   0: sent at 1962560000000, KeyEvent { action=ACTION_UP, keyCode=KEYCODE_BACK, scanCode=158, metaState=0, flags=0x8, repeatCount=0, eventTime=1962560, downTime=1962348, deviceId=2, source=0x101 }
E/        ( 1435): get vaddr failed:pvaddr_read=0x620c3000,pvaddr_internal=0x621c3000,pvaddr_write=0x0
E/        ( 1435): get vaddr failed:pvaddr_read=0x620c3000,pvaddr_internal=0x621c3000,pvaddr_write=0x0
E/        ( 1435): get vaddr failed:pvaddr_read=0x620c3000,pvaddr_internal=0x621c3000,pvaddr_write=0x0
E/        ( 1435): get vaddr failed:pvaddr_read=0x620c3000,pvaddr_internal=0x621c3000,pvaddr_write=0x0
D/dalvikvm( 1435): GC_CONCURRENT freed 2222K, 49% free 14479K/28163K, paused 1ms+3ms

[ 1963.882142] IR: [03932] scan key value is 0xec13c936 
[ 1963.882147]  
[ 1963.933326] IR: [03932] scan key value is 0xec13c936 
[ 1963.933331]  D/VideoPlayer( 1435): clicked id:2131361863
D/VideoPlayer( 1435): onPause
E/VideoPlayer( 1435): addBookMark:
D/VideoPlayer( 1435): get terminal msg from db!
D/MediaControler( 1435): stop
D/Test    ( 1435): request Url  :http://cibn-ido.longvisionmedia.com:8088/userCenter/addBookMark?version=V001&terminalType=1&resolution=1280*720&userCode=201303191947&userName=201303191947&resourceCode=12520&bookMark=0&authKey=a1dd30d6575ee8de5d15e2d6670db670
E/MediaPlayer( 1435): stop called in state 0
E/MediaPlayer( 1435): error (-38, 0)
D/MstarPlayer(  744): ==========MstarPlayer::reset : 0x52cb0==========
D/MstarPlayer(  744): request to exit async thread
D/MstarPlayer(  744): exit async proc thread
D/DataSource_M3U8(  744): 
D/DataSource_M3U8(  744): Warning : ForceContentSourceReset
I//lib/ld-linux.so.3(  748): Blocking Read: 9411, size: 0x10000.
I//lib/ld-linux.so.3(  748): File format : MPG
D/MstarPlayer(  744): player waiting exit
I//lib/ld-linux.so.3(  748): Blocking Read: 0, size: 0x10000.
D/MstarPlayer(  744): player waiting exit
I//lib/ld-linux.so.3(  748): Blocking Read: 0, size: 0x10000.
I//lib/ld-linux.so.3(  748): ==============================================================================================
I//lib/ld-linux.so.3(  748): Data:MIU0; Bits:MIU0; MAD:MIU0; MVD:MIU0; SVD:MIU0; FB:MIU0; TSP:MIU0; FBL:No
I//lib/ld-linux.so.3(  748): Bit Buffer:0x44941000      Size:0x400000
I//lib/ld-linux.so.3(  748): Subtitle Bit Buffer:0x44341000     Size:0x1b0000
I//lib/ld-linux.so.3(  748): MAD Buffer:0x43841000
I//lib/ld-linux.so.3(  748): MADExt Buffer:0x44541000   Size:0x400000
I//lib/ld-linux.so.3(  748): VDEC FW Buffer:0x49401000  Size:0x200000
I//lib/ld-linux.so.3(  748): Frame Buffer:0x49601000    Size:0x1f00000
I//lib/ld-linux.so.3(  748): MVD Buffer:0x4b501000      Size:0x400000
I//lib/ld-linux.so.3(  748): TSP FW Buffer:0x411d1000   Size:0x70000
I//lib/ld-linux.so.3(  748): Data Buffer:0x163d1000     Size:0x36f000
I//lib/ld-linux.so.3(  748): Attached File Buffer Size:0xffffffff
I//lib/ld-linux.so.3(  748): -> Demuxer:0x164f8000      Size:0x248000
I//lib/ld-linux.so.3(  748): -> SeqHeader:0x43fd2000    Size:0x1000
I//lib/ld-linux.so.3(  748): -> MOV Table:0x49601000    Size:0x1b00000
I//lib/ld-linux.so.3(  748): -> MOV Static:0x43fd3000   Size:0x100000
I//lib/ld-linux.so.3(  748): -> DRM Payload:0x440d3000  Size:0x4000
I//lib/ld-linux.so.3(  748): -> DRM Playback Context:0x440d7000 Size:0x1000
I//lib/ld-linux.so.3(  748): -> MADExtend:0x440d9000    Size:0x20000
I//lib/ld-linux.so.3(  748): -> NonCache Area:0x440d8000        Size:0x1000
I//lib/ld-linux.so.3(  748): -> Reserved Size:0x0
I//lib/ld-linux.so.3(  748): ==============================================================================================
I//lib/ld-linux.so.3(  748): Initialize H264 HW
I//lib/ld-linux.so.3(  748): HAL_VPU_EX_SetDbgLevel eLevel=0x1
D/MstarPlayer(  744): player waiting exit
I//lib/ld-linux.so.3(  748): DS enable = 0
I//lib/ld-linux.so.3(  748): Blocking Read: 0, size: 0x4000.
D/MstarPlayer(  744): player waiting exit
D/MstarPlayer(  744): player waiting exit
D/MstarPlayer(  744): player waiting exit
D/MstarPlayer(  744): player waiting exit
D/MstarPlayer(  744): player waiting exit
D/MstarPlayer(  744): player waiting exit
D/MstarPlayer(  744): player waiting exit
W/ActivityManager(  944): Activity pause timeout for ActivityRecord{41629b88 com.aidufei.movieonline/.player.VideoPlayer}
I/Process (  944): Sending signal. PID: 1435 SIG: 3
I/dalvikvm( 1435): threadid=3: reacting to signal 3
D/MstarPlayer(  744): player waiting exit
I/dalvikvm( 1435): Wrote stack traces to '/data/anr/traces.txt'
D/IMMPlayer(  744): Send MM_Stop
D/IMMPlayer(  744): u32Item:1
I//lib/ld-linux.so.3(  748): MApp_VDPlayer_Stop interrupt
I//lib/ld-linux.so.3(  748): MApp_VDPlayer_Stop
I//lib/ld-linux.so.3(  748): E_VDP_DECODE_STATE_STOP --> E_VDP_DECODE_STATE_STANDBY
I//lib/ld-linux.so.3(  748): E_VDP_PHASE_DECODE --> E_VDP_PHASE_STOP
I//lib/ld-linux.so.3(  748): E_VDP_PHASE_STOP --> E_VDP_PHASE_STANDBY
I//lib/ld-linux.so.3(  748): Error code 0; Stop Pos:0x00 Time:0
I//lib/ld-linux.so.3(  748): Get MB_VDPLAYER_STOP command.
D/IMMPlayer(  744): Get ret:0
D/IMMPlayer(  744): Send MM_DeleteMediaItem
D/IMMPlayer(  744): u32Item:1
D/IMMPlayer(  744): Get ret:0
D/IMMPlayer(  744): Send PLAYER_COMMAND_REMOVE_EVENT_RECIPIENT_FPTR
D/IMMPlayer(  744): Get ret:1
D/IMMPlayer(  744): Send FINALIZE
I//lib/ld-linux.so.3(  748): Sbtitle de-init: 0.
I//lib/ld-linux.so.3(  748): MMPlayerService::Client::MM_Finalize()
I//lib/ld-linux.so.3(  748): MSrv_MM_PhotoPlayer::Finalize().
I//lib/ld-linux.so.3(  748): mapi_cpcodec::Finalize().
I//lib/ld-linux.so.3(  748): mapi_cpcodec::Finalize().
I//lib/ld-linux.so.3(  748): Do mapi_cpcodec::Finalize().
D/IMMPlayer(  744): Get ret:0
D/MMPlayer(  744): disconnect
D/MMPlayer(  744): 
D/IMMPlayer(  744): Send DISCONNECT
D/MMPlayer(  744): destructor: 0x240a8
D/MMPlayer(  744): 
D/MMPlayer(  744): disconnect
D/MMPlayer(  744): 
D/MstarPlayer(  744): MstarPlayer::clearAllSource
D/Downloader(  744): Enter Downloader::ForceExit ! 
D/DataSource_M3U8(  744): [M3U8]request to exit download thread
D/DataSource_M3U8(  744): [ContentSource_M3U8] DownloadThread Exit Done..
D/DataSource_M3U8(  744): [M3U8]request to exit mPlaylistThread thread
I//lib/ld-linux.so.3(  748): MM_Finalize done
I//lib/ld-linux.so.3(  748): V/MMPlayerService( 755 1048): disconnect(callingPid 744, clientPid 744)
I//lib/ld-linux.so.3(  748): V/MMPlayerService( 755 1048): Disconnet finalize OK.
I//lib/ld-linux.so.3(  748): V/MMPlayerService( 755 1048): removeClient(callingPid 744)
I//lib/ld-linux.so.3(  748): V/MMPlayerService( 755 1046): MMPlayerService::Client destructor(callingPid 744)
D/dalvikvm( 1505): GC_CONCURRENT freed 402K, 79% free 1323K/6019K, paused 1ms+1ms
D/HTTPStream(  744): receive_line return error:-268435448
D/HTTPStream(  744): receive header fail
D/dalvikvm( 1505): GC_CONCURRENT freed 394K, 79% free 1323K/6019K, paused 0ms+1ms
D/Downloader(  744): Enter Downloader::ForceExit ! 
D/Downloader(  744): [downloadThread]Downloader::removeTask  
D/Downloader(  744): ~Downloader
D/DataSource_M3U8(  744): [M3U8]~ContentSource_M3U8 done.
D/MstarPlayer(  744): setInstance: 0x0
D/MstarPlayer(  744): reset done
D/MstarPlayer(  744): 
D/MstarPlayer(  744): =======Destroy mstar player  : 0x52cb0========
D/VideoPlayer( 1435): onPlayStop
W/MediaPlayer.java( 1435): mediaplayer went away with unhandled events
E/VideoPlayer( 1435): add BookMark failed!record is: 0, retInfo is: ! ,filed name is :bookmark
D/OpenGLRenderer( 1435): Flushing caches (mode 1)
W/InputManagerService(  944): Starting input on non-focused client com.android.internal.view.IInputMethodClient$Stub$Proxy@41670ae0 (uid=10000 pid=1435)
D/MediaControler( 1435): onDestroy
D/VideoPlayer( 1435): onPlayStop
W/ActivityManager(  944): Duplicate finish request for ActivityRecord{41629b88 com.aidufei.movieonline/.player.VideoPlayer}
D/dalvikvm( 1505): GC_CONCURRENT freed 403K, 79% free 1314K/6019K, paused 0ms+4ms
D/OtOService( 1435): TVContentReceiver: ACTION_TV_CONTENT_CHANGED, playType: 0 ,resourceCode: null

[ 1966.569816] IR: [03932] scan key value is 0xea15c936 
[ 1966.569821]  
[ 1966.621624] IR: [03932] scan key value is 0xea15c936 
[ 1966.621629]  D/InputEventConsistencyVerifier( 2183): KeyEvent: ACTION_UP but key was not down.
D/InputEventConsistencyVerifier( 2183):   in com.coship.cibn.view.ScaleViewPanel@42051cb0
D/InputEventConsistencyVerifier( 2183):   0: sent at 1966788000000, KeyEvent { action=ACTION_UP, keyCode=KEYCODE_DPAD_DOWN, scanCode=108, metaState=0, flags=0x8, repeatCount=0, eventTime=1966788, downTime=1966575, deviceId=2, source=0x101 }

[ 1967.169456] IR: [03932] scan key value is 0xec13c936 
[ 1967.169461]  
[ 1967.220733] IR: [03932] scan key value is 0xec13c936 
[ 1967.220738]  D/RecommondAgency( 2183): CIBN ---> 12617
I/ActivityManager(  944): START {act=com.aidufei.programDetail cmp=com.aidufei.movieonline/.ProgramDetailActivity (has extras)} from pid 2183
D/ProgramDetailActivity( 1435): -- onCreate --
D/dalvikvm( 1435): GC_FOR_ALLOC freed 1922K, 51% free 14008K/28163K, paused 22ms
I/dalvikvm-heap( 1435): Grow heap (frag case) to 20.795MB for 3686416-byte allocation
D/dalvikvm( 1435): GC_CONCURRENT freed 6K, 38% free 17601K/28163K, paused 2ms+3ms
D/Test    ( 1435): request Url  :http://cibn-ido.longvisionmedia.com:8088/userCenter/getFavorite?version=V001&terminalType=1&resolution=1280*720&userCode=201303191947&userName=201303191947&authKey=4d204bdbd0e79418752f89472fa2a644
D/com.aidufei.movieonline.BaseActivity$getAuthResult :148
        ( 1435): get terminal msg from db!
D/com.aidufei.movieonline.BaseActivity$getAuthResult :182
        ( 1435): get getAuthResultl msg from db!201303191947
D/ProgramDetailActivity( 1435): start load program details.
D/ProgramDetailActivity( 1435): -- onResume --
D/dalvikvm(  944): GC_CONCURRENT freed 725K, 67% free 3738K/11011K, paused 2ms+5ms
W/InputManagerService(  944): Starting input on non-focused client com.android.internal.view.IInputMethodClient$Stub$Proxy@413b87e0 (uid=10006 pid=2183)
I/ActivityManager(  944): Displayed com.aidufei.movieonline/.ProgramDetailActivity: +488ms
D/dalvikvm( 1435): GC_CONCURRENT freed 769K, 34% free 18755K/28163K, paused 2ms+3ms
D/Test    ( 1435): request Url  :http://cibn-ido.longvisionmedia.com:8088/msis/getAssetDetail?version=V001&terminalType=1&resolution=1280*720&resourceCode=12617&userCode=201303191947&authKey=583cf94dd81551aff5d658dbae23d0df
I/ProgramDetailActivity( 1435): movie count:6
D/ProgramDetailActivity( 1435): start load program details.
D/Test    ( 1435): request Url  :http://cibn-ido.longvisionmedia.com:8088/msis/getAssetList?version=V001&terminalType=1&resolution=1280*720&pageSize=10&curPage=1&userCode=201303191947&queryType=3&catalogId=&isRecommend=&assetType=&originName=&publishDate=&orderTag=2&authKey=5a056ca80ff1e99f15f2e3628d35025c
D/ProgramDetailActivity( 1435): initRelateResource:10
D/Test    ( 1435): request Url  :http://cibn-ido.longvisionmedia.com:8088/msis/getAssetListByPackageCode?version=V001&terminalType=1&resolution=1280*720&resourceCode=12617&userCode=201303191947&authKey=ba6fde1111821d9d87e0c6dea182f6aa
D/dalvikvm( 1435): GC_CONCURRENT freed 1988K, 34% free 18760K/28163K, paused 1ms+6ms

[ 1969.940890] IR: [03932] scan key value is 0xec13c936 
[ 1969.940895]  
[ 1969.992046] IR: [03932] scan key value is 0xec13c936 
[ 1969.992051]  E/ProgramDetailActivity( 1435): assetListInfo:6
D/InputEventConsistencyVerifier( 1435): KeyEvent: ACTION_UP but key was not down.
D/InputEventConsistencyVerifier( 1435):   in android.widget.LinearLayout@41b79988
D/InputEventConsistencyVerifier( 1435):   0: sent at 1970156000000, KeyEvent { action=ACTION_UP, keyCode=KEYCODE_ENTER, scanCode=28, metaState=0, flags=0x8, repeatCount=0, eventTime=1970156, downTime=1969946, deviceId=2, source=0x101 }
E/        ( 1435): get vaddr failed:pvaddr_read=0x620c3000,pvaddr_internal=0x621c3000,pvaddr_write=0x0
D/dalvikvm( 1435): GC_FOR_ALLOC freed 5104K, 46% free 15320K/28163K, paused 28ms
D/dalvikvm( 1435): GC_FOR_ALLOC freed 770K, 42% free 16400K/28163K, paused 18ms
I/dalvikvm-heap( 1435): Grow heap (frag case) to 21.617MB for 2097168-byte allocation
D/dalvikvm( 1435): GC_CONCURRENT freed 0K, 35% free 18448K/28163K, paused 1ms+3ms
D/dalvikvm( 1505): GC_CONCURRENT freed 404K, 79% free 1300K/6019K, paused 1ms+1ms
D/HomePlayerLib( 1505): hostaddress count is 1
D/dalvikvm( 1505): GC_CONCURRENT freed 394K, 79% free 1310K/6019K, paused 1ms+1ms
D/dalvikvm( 1505): GC_CONCURRENT freed 403K, 77% free 1421K/6019K, paused 1ms+1ms
D/dalvikvm( 1505): GC_CONCURRENT freed 499K, 79% free 1317K/6019K, paused 0ms+1ms
D/dalvikvm( 1505): GC_CONCURRENT freed 392K, 78% free 1363K/6019K, paused 1ms+1ms
D/dalvikvm( 1505): GC_CONCURRENT freed 427K, 78% free 1328K/6019K, paused 1ms+1ms

[ 1971.069089] IR: [03932] scan key value is 0xec13c936 
[ 1971.069093]  
[ 1971.120354] IR: [03932] scan key value is 0xec13c936 
[ 1971.120359]  D/dalvikvm( 1505): GC_CONCURRENT freed 390K, 74% free 1566K/6019K, paused 1ms+2ms
E/ProgramDetailActivity( 1435): assetInfo:12615
I/ActivityManager(  944): START {flg=0x78000000 cmp=com.aidufei.movieonline/.player.VideoPlayer (has extras)} from pid 1435
D/dalvikvm( 1505): GC_CONCURRENT freed 614K, 76% free 1463K/6019K, paused 1ms+1ms
D/ProgramDetailActivity( 1435): -- onRestart --
D/OpenGLRenderer( 2183): Flushing caches (mode 1)
D/OpenGLRenderer( 2183): Flushing caches (mode 0)
D/dalvikvm( 1435): GC_CONCURRENT freed 4324K, 43% free 16151K/28163K, paused 2ms+3ms
E/StrictMode( 1435): Finalizing a Cursor that has not been deactivated or closed. database = /data/data/com.aidufei.movieonline/databases/iFly.db, table = null, query = select * from history where resource_code=?
E/StrictMode( 1435): android.database.sqlite.DatabaseObjectNotClosedException: Application did not close the cursor or database object that was opened here
E/StrictMode( 1435):    at android.database.sqlite.SQLiteCursor.<init>(SQLiteCursor.java:99)
E/StrictMode( 1435):    at android.database.sqlite.SQLiteDirectCursorDriver.query(SQLiteDirectCursorDriver.java:51)
E/StrictMode( 1435):    at android.database.sqlite.SQLiteDatabase.rawQueryWithFactory(SQLiteDatabase.java:1564)
E/StrictMode( 1435):    at android.database.sqlite.SQLiteDatabase.rawQuery(SQLiteDatabase.java:1538)
E/StrictMode( 1435):    at com.aidufei.movieonline.data.LocalDataService.addOrUpdatePlayedSeriesPart(LocalDataService.java:96)
E/StrictMode( 1435):    at com.aidufei.movieonline.ProgramDetailActivity$2.onItemClick(ProgramDetailActivity.java:218)
E/StrictMode( 1435):    at android.widget.AdapterView.performItemClick(AdapterView.java:292)
E/StrictMode( 1435):    at android.widget.AbsListView.performItemClick(AbsListView.java:1058)
E/StrictMode( 1435):    at android.widget.AbsListView.onKeyUp(AbsListView.java:2655)
E/StrictMode( 1435):    at android.widget.GridView.commonKey(GridView.java:1631)
E/StrictMode( 1435):    at android.widget.GridView.onKeyUp(GridView.java:1504)
E/StrictMode( 1435):    at android.view.KeyEvent.dispatch(KeyEvent.java:3164)
E/StrictMode( 1435):    at android.view.View.dispatchKeyEvent(View.java:5500)
E/StrictMode( 1435):    at android.view.ViewGroup.dispatchKeyEvent(ViewGroup.java:1242)
E/StrictMode( 1435):    at android.view.ViewGroup.dispatchKeyEvent(ViewGroup.java:1246)
E/StrictMode( 1435):    at android.view.ViewGroup.dispatchKeyEvent(ViewGroup.java:1246)
E/StrictMode( 1435):    at android.view.ViewGroup.dispatchKeyEvent(ViewGroup.java:1246)
E/StrictMode( 1435):    at android.view.ViewGroup.dispatchKeyEvent(ViewGroup.java:1246)
E/StrictMode( 1435):    at android.view.ViewGroup.dispatchKeyEvent(ViewGroup.java:1246)
E/StrictMode( 1435):    at com.android.internal.policy.impl.PhoneWindow$DecorView.superDispatchKeyEvent(PhoneWindow.java:1879)
E/StrictMode( 1435):    at com.android.internal.policy.impl.PhoneWindow.superDispatchKeyEvent(PhoneWindow.java:1361)
E/StrictMode( 1435):    at android.app.Activity.dispatchKeyEvent(Activity.java:2324)
E/StrictMode( 1435):    at com.android.internal.policy.impl.PhoneWindow$DecorView.dispatchKeyEvent(PhoneWindow.java:1806)
E/StrictMode( 1435):    at android.view.ViewRootImpl.deliverKeyEventPostIme(ViewRootImpl.java:3327)
E/StrictMode( 1435):    at android.view.ViewRootImpl.handleFinishedEvent(ViewRootImpl.java:3300)
E/StrictMode( 1435):    at android.view.ViewRootImpl.handleMessage(ViewRootImpl.java:2460)
E/StrictMode( 1435):    at android.os.Handler.dispatchMessage(Handler.java:99)
E/StrictMode( 1435):    at android.os.Looper.loop(Looper.java:137)
E/StrictMode( 1435):    at android.app.ActivityThread.main(ActivityThread.java:4424)
E/StrictMode( 1435):    at java.lang.reflect.Method.invokeNative(Native Method)
E/StrictMode( 1435):    at java.lang.reflect.Method.invoke(Method.java:511)
E/StrictMode( 1435):    at com.android.internal.os.ZygoteInit$MethodAndArgsCaller.run(ZygoteInit.java:848)
E/StrictMode( 1435):    at com.android.internal.os.ZygoteInit.main(ZygoteInit.java:575)
E/StrictMode( 1435):    at dalvik.system.NativeStart.main(Native Method)
D/dalvikvm( 1505): GC_CONCURRENT freed 530K, 77% free 1417K/6019K, paused 1ms+1ms
D/dalvikvm( 1435): GC_FOR_ALLOC freed 544K, 40% free 16999K/28163K, paused 18ms
W/MediaPlayer.java( 1435): setScreenOnWhilePlaying(true) is ineffective without a SurfaceHolder
I/VideoPlayer( 1435): playSource:2
I/VideoPlayer( 1435): getLivePlayEvent playEvent:null
D/VideoPlayer( 1435): start load program details.
I/VideoPlayer( 1435): providerId:/assertName:01/assertId:/resourceCode:12615
D/VideoPlayer( 1435): subId:---resourceCode:12615---timeCode:0---assertId:---providerId:
D/Test    ( 1435): request Url  :http://cibn-ido.longvisionmedia.com:8088/msis/getAssetListByPackageCode?version=V001&terminalType=1&resolution=1280*720&resourceCode=12617&userCode=201303191947&authKey=ba6fde1111821d9d87e0c6dea182f6aa
D/dalvikvm( 1505): GC_CONCURRENT freed 476K, 78% free 1379K/6019K, paused 1ms+1ms
D/dalvikvm( 1435): GC_EXPLICIT freed 20K, 35% free 18570K/28163K, paused 2ms+3ms
D/MediaControler( 1435): surfaceChanged
I/ActivityManager(  944): Displayed com.aidufei.movieonline/.player.VideoPlayer: +362ms
D/OpenGLRenderer( 1435): Flushing caches (mode 0)
D/dalvikvm( 1505): GC_CONCURRENT freed 444K, 77% free 1430K/6019K, paused 1ms+1ms
D/VideoPlayer( 1435): subId:---resourceCode:12615---timeCode:0---assertId:---providerId:
D/Test    ( 1435): request Url  :http://cibn-ido.longvisionmedia.com:8088/msis/getPlayURL?version=V001&terminalType=2&resolution=1280*720&resourceCode=12615&playType=1&delay=0&shifttime=0&shiftend=0&timecode=0&assetID=&providerID=&urlType=3&authKey=76c465f5b3917a159dd9f763958ed8a7
D/dalvikvm( 1505): GC_CONCURRENT freed 489K, 78% free 1332K/6019K, paused 2ms+1ms
D/VideoPlayer( 1435): play url:http://cibn-iss1.longvisionmedia.com:8088/vod/CIBN2013,CIBN2113040100001913.m3u8?fmt=x264_0k_mpegts&sora=1&timecode=0&sk=F1F668A5B5B870957CAD789A5592EBA3&UUID=0b03fce6-7bf0-4609-850c-6945b67fcf07&userCode=default&userName=default&spCode=484581254562&productCode=1&resourceCode=12615&subId=123&resourceName=&authType=2
D/Test    ( 1435): request Url  :http://cibn-ido.longvisionmedia.com:8088/msis/getPlayURL?version=V001&terminalType=2&resolution=1280*720&resourceCode=12615&playType=1&delay=0&shifttime=0&shiftend=0&timecode=0&assetID=&providerID=&urlType=3&authKey=76c465f5b3917a159dd9f763958ed8a7
D/dalvikvm( 1505): GC_CONCURRENT freed 394K, 78% free 1332K/6019K, paused 1ms+1ms
D/dalvikvm( 1505): GC_CONCURRENT freed 392K, 78% free 1333K/6019K, paused 1ms+1ms
D/dalvikvm( 1505): GC_CONCURRENT freed 392K, 78% free 1333K/6019K, paused 1ms+1ms
D/dalvikvm( 1505): GC_CONCURRENT freed 393K, 78% free 1333K/6019K, paused 1ms+2ms
D/dalvikvm( 1505): GC_CONCURRENT freed 403K, 77% free 1412K/6019K, paused 1ms+1ms
D/dalvikvm( 1505): GC_CONCURRENT freed 477K, 79% free 1320K/6019K, paused 1ms+1ms
D/dalvikvm( 1505): GC_CONCURRENT freed 394K, 77% free 1430K/6019K, paused 1ms+1ms
D/MediaPlayerService(  744):  Create MstarPlayer
D/MstarPlayer(  744): Create MstarPlayer:0x52cb0,Version:Release Mstar player lib Version:0015,Base CL:690305  Date:2012/11/06
D/MstarPlayer(  744): TV Local Time :  Fri Apr 12 01:05:48 2013
D/MstarPlayer(  744):  
D/MstarPlayer(  744): setInstance: 0x52cb0
D/MstarPlayer(  744): mstar player set listener
D/MstarPlayer(  744): MstarPlayer::initCheck
D/MediaPlayerService(  744): [7] setVideoSurfaceTexture(0x522b0)
D/MstarPlayer(  744): MstarPlayer::setVideoSurfaceTexture 
D/MstarPlayer(  744): open mHwcFifoFD = 31
D/MstarPlayer(  744): MstarPlayer::prepareAsync
D/MstarPlayer(  744): 
D/MstarPlayer(  744):  MstarPlayer::doSetDataSource
D/MstarPlayer(  744): MstarPlayer::clearAllSource
D/MstarPlayer(  744): 
D/MstarPlayer(  744):  MstarPlayer::doSetDataSource: url=http://cibn-iss1.longvisionmedia.com:8088/vod/CIBN2013,CIBN2113040100001913.m3u8?fmt=x264_0k_mpegts&sora=1&timecode=0&sk=F1F668A5B5B870957CAD789A5592EBA3&UUID=0b03fce6-7bf0-4609-850c-6945b67fcf07&userCode=default&userName=default&spCode=484581254562&productCode=1&resourceCode=12615&subId=123&resourceName=&authType=2
D/Downloader(  744): Release Mstar Content Source CL:493363  Date:2013/03/20
D/Downloader(  744): Curl Version:libcurl/7.21.7 OpenSSL/1.0.0e
D/Downloader(  744): [downloadThread]init a multi curl done.curlm:0x45fa8 pRingBuffer:0x442d8
D/DataSource_M3U8(  744): [M3U8]ContentSource_M3U8 contruct done
D/DataSource_M3U8(  744): [M3U8] try parseURLs=http://cibn-iss1.longvisionmedia.com:8088/vod/CIBN2013,CIBN2113040100001913.m3u8?fmt=x264_0k_mpegts&sora=1&timecode=0&sk=F1F668A5B5B870957CAD789A5592EBA3&UUID=0b03fce6-7bf0-4609-850c-6945b67fcf07&userCode=default&userName=default&spCode=484581254562&productCode=1&resourceCode=12615&subId=123&resourceName=&authType=2
D/DataSource_M3U8(  744): bg thread ready to run
D/DataSource_M3U8(  744): bg thread 301064
D/DataSource_M3U8(  744): bg thread ready to run
D/Downloader(  744): [downloadThread]Downloader::removeTask  
D/VideoPlayer( 1435): play url:http://cibn-iss1.longvisionmedia.com:8088/vod/CIBN2013,CIBN2113040100001913.m3u8?fmt=x264_0k_mpegts&sora=1&timecode=0&sk=F1F668A5B5B870957CAD789A5592EBA3&UUID=a72a6316-cb3f-4963-b696-88038e2c8091&userCode=default&userName=default&spCode=484581254562&productCode=1&resourceCode=12615&subId=123&resourceName=&authType=2
D/MstarPlayer(  744): ==========MstarPlayer::reset : 0x52cb0==========
D/DataSource_M3U8(  744): 
D/DataSource_M3U8(  744):  Error :  parseURLs error  urlNum < 0!!!!
D/DataSource_M3U8(  744): 
D/DataSource_M3U8(  744):  ContentSource_M3U8 construct Error !!
D/Downloader(  744): Enter Downloader::ForceExit ! 
D/DataSource_M3U8(  744): [M3U8]request to exit download thread
D/dalvikvm( 1505): GC_CONCURRENT freed 505K, 79% free 1316K/6019K, paused 1ms+1ms
D/dalvikvm( 1505): GC_CONCURRENT freed 404K, 79% free 1303K/6019K, paused 1ms+1ms
D/dalvikvm( 1505): GC_CONCURRENT freed 396K, 79% free 1302K/6019K, paused 1ms+1ms
D/dalvikvm( 1505): GC_CONCURRENT freed 394K, 79% free 1309K/6019K, paused 1ms+2ms
D/dalvikvm( 1505): GC_CONCURRENT freed 394K, 79% free 1301K/6019K, paused 1ms+1ms
D/dalvikvm( 1505): GC_CONCURRENT freed 394K, 78% free 1371K/6019K, paused 0ms+1ms
D/DataSource_M3U8(  744): [ContentSource_M3U8] DownloadThread Exit Done..
D/DataSource_M3U8(  744): [M3U8]request to exit mPlaylistThread thread
D/Downloader(  744): Enter Downloader::ForceExit ! 
D/Downloader(  744): [downloadThread]Downloader::removeTask  
D/Downloader(  744): ~Downloader
D/MstarPlayer(  744): request to exit async thread
D/MstarPlayer(  744): exit async proc thread
D/MstarPlayer(  744): MstarPlayer::clearAllSource
D/MstarPlayer(  744): setInstance: 0x0
D/MstarPlayer(  744): reset done
D/DataSource_M3U8(  744): [M3U8]~ContentSource_M3U8 done.
D/MstarPlayer(  744): ==========MstarPlayer::reset : 0x52cb0==========
D/MstarPlayer(  744): MstarPlayer::clearAllSource
D/MstarPlayer(  744): setInstance: 0x0
D/MstarPlayer(  744): reset done
D/MstarPlayer(  744): 
D/MstarPlayer(  744): =======Destroy mstar player  : 0x52cb0========
D/MediaPlayerService(  744):  Create MstarPlayer
D/MstarPlayer(  744): Create MstarPlayer:0x52cb0,Version:Release Mstar player lib Version:0015,Base CL:690305  Date:2012/11/06
D/MstarPlayer(  744): TV Local Time :  Fri Apr 12 01:05:54 2013
D/MstarPlayer(  744):  
D/MstarPlayer(  744): setInstance: 0x52cb0
D/MstarPlayer(  744): mstar player set listener
D/MstarPlayer(  744): MstarPlayer::initCheck
D/MediaPlayerService(  744): [8] setVideoSurfaceTexture(0x161350)
D/MstarPlayer(  744): MstarPlayer::setVideoSurfaceTexture 
D/MstarPlayer(  744): open mHwcFifoFD = 31
D/MstarPlayer(  744): MstarPlayer::prepareAsync
D/MstarPlayer(  744): 
D/MstarPlayer(  744):  MstarPlayer::doSetDataSource
D/MstarPlayer(  744): MstarPlayer::clearAllSource
D/MstarPlayer(  744): 
D/MstarPlayer(  744):  MstarPlayer::doSetDataSource: url=http://cibn-iss1.longvisionmedia.com:8088/vod/CIBN2013,CIBN2113040100001913.m3u8?fmt=x264_0k_mpegts&sora=1&timecode=0&sk=F1F668A5B5B870957CAD789A5592EBA3&UUID=a72a6316-cb3f-4963-b696-88038e2c8091&userCode=default&userName=default&spCode=484581254562&productCode=1&resourceCode=12615&subId=123&resourceName=&authType=2
D/Downloader(  744): Release Mstar Content Source CL:493363  Date:2013/03/20
D/Downloader(  744): Curl Version:libcurl/7.21.7 OpenSSL/1.0.0e
D/Downloader(  744): [downloadThread]init a multi curl done.curlm:0x33648 pRingBuffer:0x442d8
D/DataSource_M3U8(  744): [M3U8]ContentSource_M3U8 contruct done
D/DataSource_M3U8(  744): bg thread ready to run
D/DataSource_M3U8(  744): bg thread 281480
D/DataSource_M3U8(  744): bg thread ready to run
D/DataSource_M3U8(  744): [M3U8] try parseURLs=http://cibn-iss1.longvisionmedia.com:8088/vod/CIBN2013,CIBN2113040100001913.m3u8?fmt=x264_0k_mpegts&sora=1&timecode=0&sk=F1F668A5B5B870957CAD789A5592EBA3&UUID=a72a6316-cb3f-4963-b696-88038e2c8091&userCode=default&userName=default&spCode=484581254562&productCode=1&resourceCode=12615&subId=123&resourceName=&authType=2
D/Downloader(  744): [downloadThread]Downloader::removeTask  
D/Downloader(  744): Content-Type: application/octet-stream
D/Downloader(  744): 
D/Downloader(  744): Content-Length: 97
D/Downloader(  744): 
D/Downloader(  744): Downloadserver bandWidth:3748
D/Downloader(  744): Downloadserver bandWidth:3748
D/Downloader(  744): Downloadserver bandWidth:3748
D/Downloader(  744): Downloadserver bandWidth:3748
D/DataSource_M3U8(  744): parseURLs : waiting 210 ms 
D/DataSource_M3U8(  744):  mDownloadingTask.fileSize:97 
D/DataSource_M3U8(  744): [M3U8] file: NULL line 
D/DataSource_M3U8(  744): HLS=====>> Live Stream!!!!
D/DataSource_M3U8(  744):  bMultAlterBandwidthStream = 1  urlNum=1 
D/Downloader(  744): [downloadThread]background worker recv DOWNLOADER_COMMAND_REMOVE_TASK
D/Downloader(  744): [downloadThread]Downloader::removeTask  
D/Downloader(  744): [downloadThread]DOWNLOADER_COMMAND_REMOVE_TASK done
D/DataSource_M3U8(  744): [M3U8] try parseURLs=http://cibn-iss1.longvisionmedia.com:8088/vod/CIBN2013_CIBN2113040100001913_1200.m3u8
D/Downloader(  744): [downloadThread]Downloader::removeTask  
D/Downloader(  744): Content-Type: application/octet-stream
D/Downloader(  744): 
D/Downloader(  744): Content-Length: 25670
D/Downloader(  744): 
D/Downloader(  744): Downloadserver bandWidth:877606
D/Downloader(  744): Downloadserver bandWidth:877606
D/Downloader(  744): Downloadserver bandWidth:877606
D/Downloader(  744): Downloadserver bandWidth:877606
D/DataSource_M3U8(  744): parseURLs : waiting 240 ms 
D/DataSource_M3U8(  744):  mDownloadingTask.fileSize:25670 
D/DataSource_M3U8(  744): [M3U8]clear mFragements[0]
D/DataSource_M3U8(  744): bSupportAutoChangeServer = 1 
D/DataSource_M3U8(  744): u32HLSSreamNum[0]===>u32BandWidth:1200000 
D/DataSource_M3U8(  744): getHLSPlayListInex  DownloadBandWidth:877606   uInDex=0
D/Downloader(  744): [downloadThread]background worker recv DOWNLOADER_COMMAND_REMOVE_TASK
D/Downloader(  744): [downloadThread]Downloader::removeTask  
D/Downloader(  744): [downloadThread]DOWNLOADER_COMMAND_REMOVE_TASK done
D/DataSource_M3U8(  744): 
D/DataSource_M3U8(  744):  parseM3u8SubStreamType :  E_CONTENT_VIDEO_TS
D/DataSource_M3U8(  744): [M3U8]----->post cmd for start first url:http://cibn-iss1.longvisionmedia.com:8088/vod/CIBN2013_CIBN2113040100001913_12001300/1.ts, knowedFileSize:0
D/Downloader(  744): [downloadThread]Downloader::removeTask  
D/MstarPlayer(  744): MstarPlayer::doPrepare
D/MstarPlayer(  744): create MSrv_MM_PlayerInterface
D/MstarPlayer(  744): E_CONTENT_VIDEO_TS
D/MstarPlayer(  744): ===> GET source FILE Size -1 
D/MstarPlayer(  744): play content is video
D/MMPlayer(  744): constructor: 0x44a88
D/MMPlayer
[ 1980.456568] [irq_proc_open][373] -16
(  744): 
D/MMPlayer(  744): connect
D/MMPlayer(  744): 
D/MMPlayer(  744): getMMPlayerService
D/IMMPlayerService(  744): Send CONNECT
D/IMMPlayer(  744): Send INITIALIZE
I//lib/ld-linux.so.3(  748): V/MMPlayerService( 755 755): MMPlayerService::connect(callingPid 744, client 0x2a0dc830)
I//lib/ld-linux.so.3(  748): V/MMPlayerService( 755 755): MMPlayerService::Client constructor(callingPid 744)
I//lib/ld-linux.so.3(  748): MMPlayerService::Client::MM_Initialize()
I//lib/ld-linux.so.3(  748): MSrv_MM_PhotoPlayer::Initialize().
I//lib/ld-linux.so.3(  748): mapi_cpcodec::Initialize(). eDecoderPath:2
I//lib/ld-linux.so.3(  748): Thread name: mapi_cpcodec.
I//lib/ld-linux.so.3(  748): MIU interval 0x60000000.
I//lib/ld-linux.so.3(  748): E_MMAP_ID_XC_MAIN_FB PA: 0x17bc1000, VA: 0x457c2000, size: 0x1800000, IsMIU0: 1.
I//lib/ld-linux.so.3(  748): E_MMAP_ID_PHOTO_SHAREMEM PA: 0x167bc000, VA: 0x443bd000, size: 0x400, IsMIU0: 1.
I//lib/ld-linux.so.3(  748): E_MMAP_ID_JPD_READ PA: 0x167bc400, VA: 0x443bd400, size: 0x50080, IsMIU0: 1.
I//lib/ld-linux.so.3(  748): E_MMAP_ID_JPD_WRITE PA: 0x1680c480, VA: 0x4440d480, size: 0x3fc000, IsMIU0: 1.
I//lib/ld-linux.so.3(  748): E_MMAP_ID_PHOTO_DISPLAY PA: 0x163c0000, VA: 0x43fc1000, size: 0x3fc000, IsMIU0: 1.
I//lib/ld-linux.so.3(  748): E_MMAP_ID_PHOTO_INTER PA: 0x16c08480, VA: 0x44809480, size: 0x630000, IsMIU0: 1.
I//lib/ld-linux.so.3(  748): E_MMAP_ID_PHOTO_MPO_INTER PA: 0x17238480, VA: 0x44e39480, size: 0x3fc000, IsMIU0: 1.
I//lib/ld-linux.so.3(  748): E_MMAP_ID_VDPLAYER_DATA PA: 0x163c0000, VA: 0x43fc1000, size: 0x1000, IsMIU0: 1.
I//lib/ld-linux.so.3(  748): E_MMAP_ID_VDPLAYER_BITSTREAM PA: 0x16d40000, VA: 0x44941000, size: 0x400000, IsMIU0: 1.
I//lib/ld-linux.so.3(  748): E_MMAP_ID_VDPLAYER_BITSTREAM_EXT PA: 0x16940000, VA: 0x44541000, size: 0x400000, IsMIU0: 1.
I//lib/ld-linux.so.3(  748): E_MMAP_ID_SUBTITLE PA: 0x16740000, VA: 0x44341000, size: 0x1e0000, IsMIU0: 1.
I//lib/ld-linux.so.3(  748): E_MMAP_ID_MAD_DEC PA: 0x15c40000, VA: 0x43841000, size: 0x280000, IsMIU0: 1.
I//lib/ld-linux.so.3(  748): E_MMAP_ID_VDEC_CPU PA: 0x1b800000, VA: 0x49401000, size: 0x200000, IsMIU0: 1.
I//lib/ld-linux.so.3(  748): E_MMAP_ID_VDEC_FRAMEBUFFER PA: 0x1ba00000, VA: 0x49601000, size: 0x1b00000, IsMIU0: 1.
I//lib/ld-linux.so.3(  748): E_MMAP_ID_VDEC_FRAMEBUFFERSD PA: 0x1ba00000, VA: 0x49601000, size: 0x1b00000, IsMIU0: 1.
I//lib/ld-linux.so.3(  748): E_MMAP_ID_VDEC_BITSTREAM PA: 0x1d500000, VA: 0x4b101000, size: 0x800000, IsMIU0: 1.
I//lib/ld-linux.so.3(  748): E_MMAP_ID_VDEC_MVC_FRAMEBUFFER PA: 0x1ba00000, VA: 0x49601000, size: 0x2b00000, IsMIU0: 1.
I//lib/ld-linux.so.3(  748): E_MMAP_ID_VDEC_MVC_BITSTREAM PA: 0x1e500000, VA: 0x4c101000, size: 0x1600000, IsMIU0: 1.
I//lib/ld-linux.so.3(  748): E_MMAP_ID_DMX_SECBUF PA: 0xd0000, VA: 0x411d1000, size: 0x70000, IsMIU0: 1.
I//lib/ld-linux.so.3(  748): ???????? Important,The MMAP ID(110) does not existed!, please check it...
I//lib/ld-linux.so.3(  748): ???????? Please update the right system configure...
I//lib/ld-linux.so.3(  748): ???????? Important,The MMAP ID(111) does not existed!, please check it...
I//lib/ld-linux.so.3(  748): ???????? Please update the right system configure...
I//lib/ld-linux.so.3(  748): Panel width: 1280, heigt: 720.
I//lib/ld-linux.so.3(  748): MPO SBS width: 1792, heigt: 504.
I//lib/ld-linux.so.3(  748): Output Buffer start: 0x4440d480, BUS address start: 0x5680c480, size: 0x3fc000.
I//lib/ld-linux.so.3(  748): Display Buffer start: 0x43fc1000, BUS address start: 0x563c0000, size: 0x3fc000.
I//lib/ld-linux.so.3(  748): Internal Buffer start: 0x44809480, BUS address start: 0x56c08480, size: 0x630000.
I//lib/ld-linux.so.3(  748): MPO Internal Buffer start: 0x44e39480, BUS address start: 0x57238480, size: 0x3fc000.
I//lib/ld-linux.so.3(  748): MSrv_MM_PhotoPlayer::Initialize() Done.
I//lib/ld-linux.so.3(  748): >>> MSrv_MM_VideoPlayer  Initialize 
I//lib/ld-linux.so.3(  748): mapi_cpcodec::Initialize(). eDecoderPath:2
I//lib/ld-linux.so.3(  748): ******Amplifier_TI5707_SWMute(0)
I//lib/ld-linux.so.3(  748): 5707write fail = 7
I//lib/ld-linux.so.3(  748): 5707write fail = 7
I//lib/ld-linux.so.3(  748): 5707write fail = 7
I//lib/ld-linux.so.3(  748): 5707write fail = 7
D/IMMPlayer(  744): Get ret:0
D/IMMPlayer(  744): Send PLAYER_COMMAND_ADD_EVENT_RECIPIENT_FPTR
D/IMMPlayer(  744): Get ret:1
D/IMMPlayer(  744): Send MM_SetPlayerTimeOutValue
D/IMMPlayer(  744): pTimeOutInfo->u32FileIOTimeOut:4294967295
D/IMMPlayer(  744): pTimeOutInfo->u32FileReadTimeOut:4294967295
D/IMMPlayer(  744): pTimeOutInfo->u32FileSeekTimeOut:4294967295
D/IMMPlayer(  744): pTimeOutInfo->u32DecodeCtrlTimeOut:4294967295
D/IMMPlayer(  744): pTimeOutInfo->u32ESBuffCtrlTimeOut:-1
D/IMMPlayer(  744): Get ret:0
D/IMMPlayer(  744): Send MM_SetStreamTotalTime
D/IMMPlayer(  744): u32TotalTime:2705999
D/IMMPlayer(  744): Get ret:0
D/IMMPlayer(  744): Send MM_CreateMediaItem
D/IMMPlayer(  744): stMedia.u32FileID:210504
I//lib/ld-linux.so.3(  748): 5707write fail = 6
I//lib/ld-linux.so.3(  748): Panel width: 01280, heigt: 720.
I//lib/ld-linux.so.3(  748): Thread name: MM_Audio.
I//lib/ld-linux.so.3(  748): Thread name: MM_Audio.
D/IMMPlayer(  744): stMedia.u32FileSecondID:0
D/IMMPlayer(  744): stMedia.u32FileThirdID:0
D/IMMPlayer(  744): stMedia.u32FileFourthID:0
D/IMMPlayer(  744): stMedia.u64FileLength:18446744073709551615
D/IMMPlayer(  744): stMedia.eMediaType:2
D/IMMPlayer(  744): stMedia.eMediaFileType:2
D/IMMPlayer(  744): stMedia.eMediaCreateMode:0
D/IMMPlayer(  744): stMedia.u32CtlFlag:66
I//lib/ld-linux.so.3(  748): Video Item Info, file ID: 0x33648, file length: 0xffffffff 0xffffffff.
I//lib/ld-linux.so.3(  748): Output Resolution: DISPLAY_DACOUT_576P or DISPLAY_DACOUT_720P_50 or DISPLAY_DACOUT_1080P_50.
I//lib/ld-linux.so.3(  748): >>>GetDRMSetting From EEPROM
I//lib/ld-linux.so.3(  748): mapi_cpcodec::CreateMedia(): 1980434.
I//lib/ld-linux.so.3(  748): 1 File ID: 0x33648, 2 File ID: 0x0, 3 File ID: 0x0, 4 File ID: 0x0.
I//lib/ld-linux.so.3(  748): File size: 0xffffffff ffffffff.
I//lib/ld-linux.so.3(  748): Media Type: 0, File Type: 2, Create Mode: 0.
I//lib/ld-linux.so.3(  748): mapi_cpcodec::videoCreateMedia().
I//lib/ld-linux.so.3(  748): Reconfigure Buffer.
I//lib/ld-linux.so.3(  748): E_MMAP_ID_VDEC_FRAMEBUFFER PA: 0x1ba00000, VA: 0x49601000, size: 0x1b00000, IsMIU0: 1.
I//lib/ld-linux.so.3(  748): E_MMAP_ID_VDEC_FRAMEBUFFERSD PA: 0x1ba00000, VA: 0x49601000, size: 0x1b00000, IsMIU0: 1.
I//lib/ld-linux.so.3(  748): E_MMAP_ID_VDEC_BITSTREAM PA: 0x1d500000, VA: 0x4b101000, size: 0x800000, IsMIU0: 1.
I//lib/ld-linux.so.3(  748): E_MMAP_ID_VDEC_MVC_FRAMEBUFFER PA: 0x1ba00000, VA: 0x49601000, size: 0x2b00000, IsMIU0: 1.
I//lib/ld-linux.so.3(  748): E_MMAP_ID_VDEC_MVC_BITSTREAM PA: 0x1e500000, VA: 0x4c101000, size: 0x1600000, IsMIU0: 1.
I//lib/ld-linux.so.3(  748): Copy TSP FW bin 2a0b9008 -> 411d1000; 4400
I//lib/ld-linux.so.3(  748): drop error frame.
I//lib/ld-linux.so.3(  748): pCodecMedia eFileType:2,eAppType:0 
I//lib/ld-linux.so.3(  748): default unseekable Stream mode config: Set preload size 0x4000
I//lib/ld-linux.so.3(  748): Stream mode. Set read header require size: MIN_REQUIRE_SIZE
I//lib/ld-linux.so.3(  748): Stream mode. for ts,Set read header probe option: (E_VDP_READ_HEADER_PROBE_AUDIO_DISABLE | E_VDP_READ_HEADER_PROBE_DURATION_DISABLE)
I//lib/ld-linux.so.3(  748): TS total time is 2705999
I//lib/ld-linux.so.3(  748): >>>>  DRM start  DRM MODEL ID  0x3031
I//lib/ld-linux.so.3(  748): LoadDRMMemory();
I//lib/ld-linux.so.3(  748): Display Msg: 29.
I//lib/ld-linux.so.3(  748):  set Frame buffer info  MAX_FRAMENUM 4   MAX_FIELDNUM  16
I//lib/ld-linux.so.3(  748): Enable TS Subtitle codec state  1
I//lib/ld-linux.so.3(  748): [CI][HbbTV-VOD]<INFO>:[1365699955.458153] MM init start
D/IMMPlayer(  744): Get ret:0
D/MstarPlayer(  744): media item 0x1
D/MstarPlayer(  744): MstarPlayer::doPrepare done
I//lib/ld-linux.so.3(  748): videoCreateMedia Done.
I//lib/ld-linux.so.3(  748): Create CP Ccodec Video Media Done.
I//lib/ld-linux.so.3(  748): Device or resource busy
I//lib/ld-linux.so.3(  748): Cannot open interrupt descriptor for irq=147 Auth OK
I//lib/ld-linux.so.3(  748): Check S/W IP Statue
I//lib/ld-linux.so.3(  748): [0]:OFF; [1]:OFF; [2]:OFF; [3]:ON
I//lib/ld-linux.so.3(  748): [4]:OFF; [5]:OFF; [6]:OFF; [7]:OFF
I//lib/ld-linux.so.3(  748): [8]:OFF; [9]:OFF; [10]:OFF; [11]:ON
I//lib/ld-linux.so.3(  748): [12]:ON; [13]:OFF; [14]:OFF; [15]:OFF
I//lib/ld-linux.so.3(  748): [16]:OFF; [17]:OFF; [18]:OFF; [19]:ON
I//lib/ld-linux.so.3(  748): [20]:ON; [21]:ON; [22]:ON; [23]:ON
I//lib/ld-linux.so.3(  748): [24]:OFF; [25]:OFF; [26]:OFF; [27]:ON
I//lib/ld-linux.so.3(  748): [28]:ON; [29]:ON; [30]:ON; [31]:OFF
I//lib/ld-linux.so.3(  748): [32]:OFF; [33]:ON; [34]:ON; [35]:OFF
I//lib/ld-linux.so.3(  748): [36]:OFF; [37]:OFF; [38]:OFF; [39]:ON
I//lib/ld-linux.so.3(  748): [40]:ON; [41]:OFF; [42]:OFF; [43]:OFF
I//lib/ld-linux.so.3(  748): [44]:OFF; [45]:OFF; [46]:OFF; [47]:OFF
I//lib/ld-linux.so.3(  748): [48]:OFF; [49]:OFF; [50]:OFF; [51]:OFF
I//lib/ld-linux.so.3(  748): [52]:OFF; [53]:OFF; [54]:OFF; [55]:OFF
I//lib/ld-linux.so.3(  748): [56]:OFF; [57]:OFF; [58]:OFF; [59]:OFF
I//lib/ld-linux.so.3(  748): [60]:OFF; [61]:OFF; [62]:OFF; [63]:OFF
I//lib/ld-linux.so.3(  748): Subtitle File Open Fail !!
I//lib/ld-linux.so.3(  748): Attached File Open Fail !!
I//lib/ld-linux.so.3(  748): Audio File Fail!!
D/MediaPlayerService(  744): [8] notify (0x522e8, 3, 1, 0)
D/Downloader(  744): Content-Length: 1027232
D/Downloader(  744): 
I//lib/ld-linux.so.3(  748): Blocking Read: 400, size: 0x1000.
I//lib/ld-linux.so.3(  748): Blocking Read: 300, size: 0x8000.
I//lib/ld-linux.so.3(  748): File format : TS
I//lib/ld-linux.so.3(  748): Blocking Read: 201, size: 0x20000.
I//lib/ld-linux.so.3(  748): Bitrate = 262144 Byte/s, Duration = 2705999 ms
I//lib/ld-linux.so.3(  748): PackSize = 28200 Byte.
I//lib/ld-linux.so.3(  748): ==============================================================================================
I//lib/ld-linux.so.3(  748): Data:MIU0; Bits:MIU0; MAD:MIU0; MVD:MIU0; SVD:MIU0; FB:MIU0; TSP:MIU0; FBL:No
I//lib/ld-linux.so.3(  748): Bit Buffer:0x44941000      Size:0x400000
I//lib/ld-linux.so.3(  748): Subtitle Bit Buffer:0x44341000     Size:0x1b0000
I//lib/ld-linux.so.3(  748): MAD Buffer:0x43841000
I//lib/ld-linux.so.3(  748): MADExt Buffer:0x44541000   Size:0x400000
I//lib/ld-linux.so.3(  748): VDEC FW Buffer:0x49401000  Size:0x200000
I//lib/ld-linux.so.3(  748): Frame Buffer:0x49601000    Size:0x1b00000
I//lib/ld-linux.so.3(  748): MVD Buffer:0x4b101000      Size:0x800000
I//lib/ld-linux.so.3(  748): TSP FW Buffer:0x411d1000   Size:0x70000
I//lib/ld-linux.so.3(  748): Data Buffer:0x163d1000     Size:0x36f000
I//lib/ld-linux.so.3(  748): Attached File Buffer Size:0xffffffff
I//lib/ld-linux.so.3(  748): -> Demuxer:0x164f8000      Size:0x248000
I//lib/ld-linux.so.3(  748): -> SeqHeader:0x43fd2000    Size:0x1000
I//lib/ld-linux.so.3(  748): -> MOV Table:0x49601000    Size:0x1b00000
I//lib/ld-linux.so.3(  748): -> MOV Static:0x43fd3000   Size:0x100000
I//lib/ld-linux.so.3(  748): -> DRM Payload:0x440d3000  Size:0x4000
I//lib/ld-linux.so.3(  748): -> DRM Playback Context:0x440d7000 Size:0x1000
I//lib/ld-linux.so.3(  748): -> MADExtend:0x440d9000    Size:0x20000
I//lib/ld-linux.so.3(  748): -> NonCache Area:0x440d8000        Size:0x1000
I//lib/ld-linux.so.3(  748): -> Reserved Size:0x0
I//lib/ld-linux.so.3(  748): ==============================================================================================
I//lib/ld-linux.so.3(  748): Initialize TS HW
I//lib/ld-linux.so.3(  748): HAL_VPU_EX_SetDbgLevel eLevel=0x1
I//lib/ld-linux.so.3(  748): Load AAC Audio Codec.
I//lib/ld-linux.so.3(  748): ========AAC Audio Codec========
I//lib/ld-linux.so.3(  748): ===== Check Audio Decoder Protection from hash-key IP =====
I//lib/ld-linux.so.3(  748): Hash-key Support DD.
I//lib/ld-linux.so.3(  748): Hash-key Support DD+.
I//lib/ld-linux.so.3(  748): Hash-key Support Generic HE-AAC !!
I//lib/ld-linux.so.3(  748): Hash-key Support WMA.
I//lib/ld-linux.so.3(  748): Hash-key Support DRA.
I//lib/ld-linux.so.3(  748): ===== Check Protection IP End                         =====
I//lib/ld-linux.so.3(  748): ******Amplifier_TI5707_SWMute(0)
I//lib/ld-linux.so.3(  748): 5707write fail = 7
I//lib/ld-linux.so.3(  748): 5707write fail = 7
I//lib/ld-linux.so.3(  748): 5707write fail = 7
I//lib/ld-linux.so.3(  748): 5707write fail = 7
I//lib/ld-linux.so.3(  748): 5707write fail = 6
D/HomePlayerLib( 1505): hostaddress count is 1
D/dalvikvm( 1505): GC_CONCURRENT freed 457K, 77% free 1420K/6019K, paused 1ms+2ms
I//lib/ld-linux.so.3(  748): DS enable = 0
I//lib/ld-linux.so.3(  748): Blocking Read: 0, size: 0x4000.
D/dalvikvm( 1505): GC_CONCURRENT freed 505K, 77% free 1423K/6019K, paused 1ms+1ms
D/dalvikvm( 1505): GC_CONCURRENT freed 500K, 78% free 1363K/6019K, paused 0ms+1ms
D/dalvikvm( 1505): GC_CONCURRENT freed 454K, 77% free 1419K/6019K, paused 1ms+2ms
D/dalvikvm( 1505): GC_CONCURRENT freed 499K, 77% free 1431K/6019K, paused 1ms+1ms
D/dalvikvm( 1505): GC_CONCURRENT freed 524K, 79% free 1310K/6019K, paused 1ms+2ms
D/dalvikvm( 1505): GC_CONCURRENT freed 395K, 77% free 1401K/6019K, paused 1ms+2ms
D/dalvikvm( 1505): GC_CONCURRENT freed 479K, 77% free 1412K/6019K, paused 1ms+2ms
D/dalvikvm( 1505): GC_CONCURRENT freed 502K, 78% free 1334K/6019K, paused 1ms+2ms
D/dalvikvm( 1505): GC_CONCURRENT freed 415K, 77% free 1385K/6019K, paused 1ms+1ms
D/dalvikvm( 1505): GC_CONCURRENT freed 477K, 77% free 1410K/6019K, paused 2ms+2ms
D/dalvikvm( 1505): GC_CONCURRENT freed 488K, 78% free 1373K/6019K, paused 1ms+1ms
D/dalvikvm( 1505): GC_CONCURRENT freed 427K, 77% free 1432K/6019K, paused 2ms+2ms
I//lib/ld-linux.so.3(  748): To ask Dynscaling Size from vdec  0xc00
I//lib/ld-linux.so.3(  748): jim:xxxxxxxxxxxxxxxxxxxxxxxxxxxxxxxxxxxxxxxxxxxxxxx
I//lib/ld-linux.so.3(  748):  Size(640x368), Disp(640x368), Par(1x1), FrameRate:25000, Interlace:1
I//lib/ld-linux.so.3(  748): 1st sequence header Decode Ready!! **
D/MstarPlayer(  744): Get E_EVENT_INIT_OK event.
D/DataSource_M3U8(  744): 
D/DataSource_M3U8(  744):  notify : 0 
D/IMMPlayer(  744): Send MM_EnableSubtitleShow
D/IMMPlayer(  744): u32Item:1
D/IMMPlayer(  744): bEnable:1
D/IMMPlayer(  744): Get ret:1
D/MstarPlayer(  744): <<<<<set init done flag
I//lib/ld-linux.so.3(  748): [CI][HbbTV-VOD]<INFO>:[1365699961.412214] MM init done
I//lib/ld-linux.so.3(  748): E_CPCODEC_MSG_INIT_OK: 1986390.
D/MstarPlayer(  744): <<<<<<<<<Init done
D/IMMPlayer(  744): Send MM_GetMetaData
D/IMMPlayer(  744): u32Item:1
D/IMMPlayer(  744): eMetadata:11
D/IMMPlayer(  744): u32BuffSize:4
D/IMMPlayer(  744): Get ret:0
D/IMMPlayer(  744): Send MM_GetMetaData
D/IMMPlayer(  744): u32Item:1
D/IMMPlayer(  744): eMetadata:12
D/IMMPlayer(  744): u32BuffSize:4
D/IMMPlayer(  744): Get ret:0
D/MediaPlayerService(  744): [8] notify (0x522e8, 5, 640, 368)
D/MstarPlayer(  744): MstarPlayer::initRender
V/MediaControler( 1435): onVideoSizeChanged called
D/MstarPlayer(  744): MstarPlayer::initRender Done.
D/MstarPlayer(  744): prepare done....video size 640,368
D/MediaPlayerService(  744): [8] notify (0x522e8, 1, 0, 0)
D/MediaControler( 1435): onPrepared ok
D/MediaControler( 1435): width:640
D/MediaControler( 1435): height:368
D/MediaControler( 1435): start play
D/MstarPlayer(  744): MstarPlayer::setLooping=1
D/MstarPlayer(  744): MstarPlayer::setLooping=1
D/MstarPlayer(  744): playerType
D/MstarPlayer(  744): MstarPlayer::setLooping=1
D/IMMPlayer(  744): Send MM_Play
D/IMMPlayer(  744): u32Item:1
D/IMMPlayer(  744): Get ret:0
D/MediaControler( 1435): start play
D/VideoPlayer( 1435): onPlayStart
I//lib/ld-linux.so.3(  748): mapi_cpcodec::Play(): 1986404.
I//lib/ld-linux.so.3(  748): [CI][HbbTV-VOD]<INFO>:[1365699961.426662] MM play start
D/Test    ( 1435): request Url  :http://cibn-ido.longvisionmedia.com:8088/msis/getAssetList?version=V001&terminalType=1&resolution=1280*720&pageSize=10&curPage=1&userCode=201303191947&queryType=3&catalogId=&isRecommend=&assetType=&originName=&publishDate=&orderTag=2&authKey=5a056ca80ff1e99f15f2e3628d35025c
I//lib/ld-linux.so.3(  748): MApp_VDPlayer_Play
I//lib/ld-linux.so.3(  748): [CI][HbbTV-VOD]<INFO>:[1365699961.443256] MM setup display start
I//lib/ld-linux.so.3(  748): Display Msg: 33.
I//lib/ld-linux.so.3(  748): Screen Setting: 1.
I//lib/ld-linux.so.3(  748): Set Black Screen ON.
D/MediaControler( 1435): surfaceChanged
D/MediaPlayerService(  744): [8] setVideoSurfaceTexture(0x17fc70)
I//lib/ld-linux.so.3(  748): Video set up display.
I//lib/ld-linux.so.3(  748): Scaler frame buffer mode.
I//lib/ld-linux.so.3(  748): stDisplayInfo.u32OutputRate: 0.
I//lib/ld-linux.so.3(  748): Display Msg: 28.
I//lib/ld-linux.so.3(  748): Video Width: 640, Height: 368, FrameRate: 25000, Interlace: 1.
I//lib/ld-linux.so.3(  748): crop: left=0, right=0, top=0, bottom=0
I//lib/ld-linux.so.3(  748): Video Type: 2.
I//lib/ld-linux.so.3(  748): Video PAR Width: 640, Height: 368.
I//lib/ld-linux.so.3(  748): Video Aspect Ratio: 40x23.
I//lib/ld-linux.so.3(  748): 1. Display Rect: x: 0, y: 0, width: 1280, height: 720.
I//lib/ld-linux.so.3(  748): 2. Display Rect: x: 14, y: 0, width: 1252, height: 720.
I//lib/ld-linux.so.3(  748): CropRect u16X=0, u16Y=0, u16Width=640, u16Height=368
I//lib/ld-linux.so.3(  748): DispRect u16X=14, u16Y=0, u16Width=1252, u16Height=720
I//lib/ld-linux.so.3(  748): Scaler start: 0x17bc1000, size: 0x1800000.
I//lib/ld-linux.so.3(  748): MVOP switch to MIU 0.
I//lib/ld-linux.so.3(  748): ->u16FrameRate = 25000
I//lib/ld-linux.so.3(  748): ->u8Interlace = 1
I//lib/ld-linux.so.3(  748): ->u16HorSize = 640
I//lib/ld-linux.so.3(  748): ->u16VerSize = 368
I//lib/ld-linux.so.3(  748): Crop Win, X: 0, Y: 0, W: 640, H: 368.
I//lib/ld-linux.so.3(  748): Diso Win, X: 14, Y: 0, W: 1252, H: 720.
I//lib/ld-linux.so.3(  748): [MApi_Video] CropWin assigned: x,y,w,h=0,0,640,368
I//lib/ld-linux.so.3(  748): [MApi_Video] DstWin assigned: x,y,w,h=14,0,1252,720
I//lib/ld-linux.so.3(  748): [MApi_Video] SrcWin1[Win=0]: x,y,w,h=238,88,640,368
I//lib/ld-linux.so.3(  748): [MApi_Video] CropWin1: x,y,w,h=0,0,640,368
I//lib/ld-linux.so.3(  748): [MApi_Video] DispWin1: x,y,w,h=14,0,1252,720
I//lib/ld-linux.so.3(  748): === open 3D OverScan ===
I//lib/ld-linux.so.3(  748): [MApi_Video] SrcWin2: x,y,w,h=238,88,640,368
I//lib/ld-linux.so.3(  748): [MApi_Video] CropWin2: x,y,w,h=0,0,640,368
I//lib/ld-linux.so.3(  748): [MApi_Video] DispWin2: x,y,w,h=14,0,1252,720
I//lib/ld-linux.so.3(  748): [MApi_Video] SrcWin3: x,y,w,h=238,88,640,368
I//lib/ld-linux.so.3(  748): [MApi_Video] CropWin3: x,y,w,h=0,0,640,368
I//lib/ld-linux.so.3(  748): [MApi_Video] DispWin3: x,y,w,h=14,0,1252,720
I//lib/ld-linux.so.3(  748): [MApi_Video] SrcWin5[Win=0]: x,y,w,h=238,88,640,368
I//lib/ld-linux.so.3(  748): [MApi_Video] CropWin5: x,y,w,h=0,0,640,368
I//lib/ld-linux.so.3(  748): [MApi_Video] DispWin5: x,y,w,h=14,0,1252,720
I//lib/ld-linux.so.3(  748): [MApi_Video] DLC cap Hstart=f, Hend=4f3, Vstart=5a, Vend=276
I//lib/ld-linux.so.3(  748): Read Bandwidthtable.bin
D/MstarPlayer(  744): Get E_EVENT_DECODE_FIRST_FRAME_DONE event.
I//lib/ld-linux.so.3(  748): enPQMNRType is 1
I//lib/ld-linux.so.3(  748): enPQFLType is 1
I//lib/ld-linux.so.3(  748):    [Plugins_PatchPQ]Customer Path PQ Add here
I//lib/ld-linux.so.3(  748): [CI][HbbTV-VOD]<INFO>:[1365699961.678248] MM setup display done
D/MstarPlayer(  744): E_EVENT_PLAYING_OK
I//lib/ld-linux.so.3(  748): Video is in playing state.
I//lib/ld-linux.so.3(  748): STC Updated by Video: (248->3440)
I//lib/ld-linux.so.3(  748): FrmCnt:7(0,0,0) Rate:5442 Sys:1986684 STC:3440 VPTS:3440 APTS:0 Delay:40(40) V:2 A:7 VES:0x16460 AES:0x0 PCM:0x6e00 AudioErr:0x0
I//lib/ld-linux.so.3(  748): 1st Decode & Display Ready!!
D/MstarPlayer(  744): Read DisplayRectangle FIFO x 0, y 0, w 1280, h 720
D/MstarPlayer(  744): setDisplayRectangle  x 0, y 0, w 1280, h 720
D/IMMPlayer(  744): Send MM_SetDisplayRectangle
D/IMMPlayer(  744): u32Item:1
D/IMMPlayer(  744): stRect u16X:0
D/IMMPlayer(  744): stRect u16Y:0
D/IMMPlayer(  744): stRect u16Height:720
D/IMMPlayer(  744): stRect u16Width:1280
I//lib/ld-linux.so.3(  748): Video PAR Width: 640, Height: 368.
I//lib/ld-linux.so.3(  748): Video Aspect Ratio: 40x23.
I//lib/ld-linux.so.3(  748): 1. Display Rect: x: 0, y: 0, width: 1280, height: 720.
I//lib/ld-linux.so.3(  748): 2. Display Rect: x: 14, y: 0, width: 1252, height: 720.
I//lib/ld-linux.so.3(  748): CropRect u16X=0, u16Y=0, u16Width=640, u16Height=368
I//lib/ld-linux.so.3(  748): DispRect u16X=14, u16Y=0, u16Width=1252, u16Height=720
I//lib/ld-linux.so.3(  748): Crop Win, X: 0, Y: 0, W: 640, H: 368.
I//lib/ld-linux.so.3(  748): Diso Win, X: 14, Y: 0, W: 1252, H: 720.
I//lib/ld-linux.so.3(  748): [MApi_Video] CropWin assigned: x,y,w,h=0,0,640,368
I//lib/ld-linux.so.3(  748): [MApi_Video] DstWin assigned: x,y,w,h=14,0,1252,720
I//lib/ld-linux.so.3(  748): [MApi_Video] SrcWin1[Win=0]: x,y,w,h=238,88,640,368
I//lib/ld-linux.so.3(  748): [MApi_Video] CropWin1: x,y,w,h=0,0,640,368
I//lib/ld-linux.so.3(  748): [MApi_Video] DispWin1: x,y,w,h=14,0,1252,720
I//lib/ld-linux.so.3(  748): === open 3D OverScan ===
I//lib/ld-linux.so.3(  748): [MApi_Video] SrcWin2: x,y,w,h=238,88,640,368
I//lib/ld-linux.so.3(  748): [MApi_Video] CropWin2: x,y,w,h=0,0,640,368
I//lib/ld-linux.so.3(  748): [MApi_Video] DispWin2: x,y,w,h=14,0,1252,720
I//lib/ld-linux.so.3(  748): [MApi_Video] SrcWin3: x,y,w,h=238,88,640,368
I//lib/ld-linux.so.3(  748): [MApi_Video] CropWin3: x,y,w,h=0,0,640,368
I//lib/ld-linux.so.3(  748): [MApi_Video] DispWin3: x,y,w,h=14,0,1252,720
I//lib/ld-linux.so.3(  748): [MApi_Video] SrcWin5[Win=0]: x,y,w,h=238,88,640,368
I//lib/ld-linux.so.3(  748): [MApi_Video] CropWin5: x,y,w,h=0,0,640,368
I//lib/ld-linux.so.3(  748): [MApi_Video] DispWin5: x,y,w,h=14,0,1252,720
I//lib/ld-linux.so.3(  748): Audio Sync STC mode.(TS) 
I//lib/ld-linux.so.3(  748): Clr Sync STC
I//lib/ld-linux.so.3(  748): [MApi_Video] DLC cap Hstart=f, Hend=4f3, Vstart=5a, Vend=276
D/MstarPlayer(  744): MstarPlayer::getDuration  mFlag: 0x5
D/VideoPlayer( 1435): onPlayStart duration:2705 timeCode:0
D/IMMPlayer(  744): Get ret:0
D/DataSource_M3U8(  744): 
D/DataSource_M3U8(  744):  Warnig::  getValidBufferLength()  <  Codec require !!!
I//lib/ld-linux.so.3(  748): Display Msg: 33.
I//lib/ld-linux.so.3(  748): Screen Setting: 1.
I//lib/ld-linux.so.3(  748): 2. Set Black Screen OFF.
D/dalvikvm( 1505): GC_CONCURRENT freed 508K, 79% free 1323K/6019K, paused 1ms+2ms
I//lib/ld-linux.so.3(  748): [CI][HbbTV-VOD]<INFO>:[1365699962.977005] MM play done
D/dalvikvm( 1505): GC_CONCURRENT freed 384K, 78% free 1334K/6019K, paused 1ms+1ms
D/dalvikvm( 1505): GC_CONCURRENT freed 396K, 78% free 1332K/6019K, paused 1ms+1ms
I//lib/ld-linux.so.3(  748): FrmCnt:46(0,0,0) Rate:25 Sys:1988225 STC:4981 VPTS:4960 APTS:4959 Delay:19(40) V:0 A:0 VES:0xd840 AES:0x0 PCM:0x14b00 AudioErr:0x0
D/dalvikvm( 1505): GC_CONCURRENT freed 394K, 78% free 1331K/6019K, paused 1ms+1ms
D/dalvikvm( 1435): GC_CONCURRENT freed 1786K, 34% free 18704K/28163K, paused 1ms+5ms
D/dalvikvm( 1505): GC_CONCURRENT freed 394K, 78% free 1332K/6019K, paused 1ms+1ms
D/VideoPlayer( 1435): loadRecommendRelResource size:10
D/DataSource_M3U8(  744): 
D/DataSource_M3U8(  744):  Warnig::  getValidBufferLength()  <  Codec require !!!
I//lib/ld-linux.so.3(  748): Old STC: 0x000016da, PTS: 0x00001593, Diff: 0x00000147
I//lib/ld-linux.so.3(  748): FrmCnt:72(0,2,5) Rate:17 Sys:1989754 STC:6182 VPTS:6120 APTS:6179 Delay:-22(40) V:0 A:0 VES:0x6a0 AES:0x0 PCM:0x5780 AudioErr:0x0
D/DataSource_M3U8(  744): 
D/DataSource_M3U8(  744):  Warnig::  getValidBufferLength()  <  Codec require !!!
D/Downloader(  744): Downloadserver bandWidth:803545
D/Downloader(  744): Downloadserver bandWidth:803545
D/Downloader(  744): Downloadserver bandWidth:803545
D/Downloader(  744): Downloadserver bandWidth:803545
D/dalvikvm( 1505): GC_CONCURRENT freed 423K, 79% free 1300K/6019K, paused 1ms+1ms
D/DataSource_M3U8(  744): u32HLSSreamNum[0]===>u32BandWidth:1200000 
D/DataSource_M3U8(  744): getHLSPlayListInex  DownloadBandWidth:803545   uInDex=0
D/DataSource_M3U8(  744): [M3U8] checkShouldStartNext :[1](1027232/1027232)   sequence:0  start next:2  
D/DataSource_M3U8(  744): 
D/DataSource_M3U8(  744): 
D/DataSource_M3U8(  744): 
D/DataSource_M3U8(  744): [M3U8]-7----->This :0x30fd0 --> post cmd for start next url:http://cibn-iss1.longvisionmedia.com:8088/vod/CIBN2013_CIBN2113040100001913_12001300/2.ts, knowedFileSize:0, mCurDowningIndex:1
D/DataSource_M3U8(  744): 
D/DataSource_M3U8(  744): 
D/Downloader(  744): [downloadThread]Downloader::removeTask  
D/Downloader(  744): [downloadThread]task have range string:0- 
D/MediaPlayerService(  744): [8] notify (0x522e8, 200, 701, 0)
D/MstarPlayer(  744): MstarPlayer::send MEDIA_INFO_BUFFERING_START  
D/IMMPlayer(  744): Send MM_SetTrickMode
D/IMMPlayer(  744): u32Item:1
D/IMMPlayer(  744): stTrickInfo->eMode:1
D/IMMPlayer(  744): stTrickInfo->eSpeed:1
W/MediaPlayer( 1435): info/warning (701, 0)
I/MediaPlayer.java( 1435): Info (701,0)
D/IMMPlayer(  744): Get ret:0
D/MediaPlayerService(  744): [8] notify (0x522e8, 200, 704, 0)
D/MstarPlayer(  744): percent: 0
W/MediaPlayer( 1435): info/warning (704, 0)
I/MediaPlayer.java( 1435): Info (704,0)
I//lib/ld-linux.so.3(  748): 1. Mode: 1, Speed: 1.
I//lib/ld-linux.so.3(  748): SetTrickMode, Mode: 1, Speed: 1.
I//lib/ld-linux.so.3(  748): Send to Co-processor: eMode: 0, eSpeed: 0.
D/MediaPlayerService(  744): [8] notify (0x522e8, 200, 704, 0)
D/MstarPlayer(  744): percent: 0
W/MediaPlayer( 1435): info/warning (704, 0)
I/MediaPlayer.java( 1435): Info (704,0)
D/DataSource_M3U8(  744): 
D/DataSource_M3U8(  744):  Warnig::  getValidBufferLength()  <  Codec require !!!
D/MediaPlayerService(  744): [8] notify (0x522e8, 200, 704, 0)
D/MstarPlayer(  744): percent: 0
W/MediaPlayer( 1435): info/warning (704, 0)
I/MediaPlayer.java( 1435): Info (704,0)
D/MediaPlayerService(  744): [8] notify (0x522e8, 200, 704, 0)
D/MstarPlayer(  744): percent: 0
W/MediaPlayer( 1435): info/warning (704, 0)
I/MediaPlayer.java( 1435): Info (704,0)
D/MediaPlayerService(  744): [8] notify (0x522e8, 200, 704, 0)
D/MstarPlayer(  744): percent: 0
W/MediaPlayer( 1435): info/warning (704, 0)
I/MediaPlayer.java( 1435): Info (704,0)
D/MediaPlayerService(  744): [8] notify (0x522e8, 200, 704, 0)
D/MstarPlayer(  744): percent: 0
W/MediaPlayer( 1435): info/warning (704, 0)
I/MediaPlayer.java( 1435): Info (704,0)
D/MediaPlayerService(  744): [8] notify (0x522e8, 200, 704, 0)
D/MstarPlayer(  744): percent: 0
W/MediaPlayer( 1435): info/warning (704, 0)
I/MediaPlayer.java( 1435): Info (704,0)
D/MediaPlayerService(  744): [8] notify (0x522e8, 200, 704, 0)
D/MstarPlayer(  744): percent: 0
W/MediaPlayer( 1435): info/warning (704, 0)
I/MediaPlayer.java( 1435): Info (704,0)
D/MediaPlayerService(  744): [8] notify (0x522e8, 200, 704, 0)
D/MstarPlayer(  744): percent: 0
W/MediaPlayer( 1435): info/warning (704, 0)
I/MediaPlayer.java( 1435): Info (704,0)
D/MediaPlayerService(  744): [8] notify (0x522e8, 200, 704, 0)
D/MstarPlayer(  744): percent: 0
W/MediaPlayer( 1435): info/warning (704, 0)
I/MediaPlayer.java( 1435): Info (704,0)
D/MediaPlayerService(  744): [8] notify (0x522e8, 200, 704, 0)
D/MstarPlayer(  744): percent: 0
W/MediaPlayer( 1435): info/warning (704, 0)
I/MediaPlayer.java( 1435): Info (704,0)
D/MediaPlayerService(  744): [8] notify (0x522e8, 200, 704, 0)
D/MstarPlayer(  744): percent: 0
W/MediaPlayer( 1435): info/warning (704, 0)
I/MediaPlayer.java( 1435): Info (704,0)
D/MediaPlayerService(  744): [8] notify (0x522e8, 200, 704, 0)
D/MstarPlayer(  744): percent: 0
W/MediaPlayer( 1435): info/warning (704, 0)
I/MediaPlayer.java( 1435): Info (704,0)
D/MediaPlayerService(  744): [8] notify (0x522e8, 200, 704, 0)
D/MstarPlayer(  744): percent: 0
W/MediaPlayer( 1435): info/warning (704, 0)
I/MediaPlayer.java( 1435): Info (704,0)
D/MediaPlayerService(  744): [8] notify (0x522e8, 200, 704, 0)
D/MstarPlayer(  744): percent: 0
W/MediaPlayer( 1435): info/warning (704, 0)
I/MediaPlayer.java( 1435): Info (704,0)
D/MediaPlayerService(  744): [8] notify (0x522e8, 200, 704, 0)
D/MstarPlayer(  744): percent: 0
W/MediaPlayer( 1435): info/warning (704, 0)
I/MediaPlayer.java( 1435): Info (704,0)
D/MediaPlayerService(  744): [8] notify (0x522e8, 200, 704, 0)
D/MstarPlayer(  744): percent: 0
W/MediaPlayer( 1435): info/warning (704, 0)
I/MediaPlayer.java( 1435): Info (704,0)
D/MediaPlayerService(  744): [8] notify (0x522e8, 200, 704, 0)
D/MstarPlayer(  744): percent: 0
W/MediaPlayer( 1435): info/warning (704, 0)
I/MediaPlayer.java( 1435): Info (704,0)
D/MediaPlayerService(  744): [8] notify (0x522e8, 200, 704, 0)
D/MstarPlayer(  744): percent: 0
W/MediaPlayer( 1435): info/warning (704, 0)
I/MediaPlayer.java( 1435): Info (704,0)
D/MediaPlayerService(  744): [8] notify (0x522e8, 200, 704, 0)
D/MstarPlayer(  744): percent: 0
W/MediaPlayer( 1435): info/warning (704, 0)
I/MediaPlayer.java( 1435): Info (704,0)
D/MediaPlayerService(  744): [8] notify (0x522e8, 200, 704, 0)
D/MstarPlayer(  744): percent: 0
W/MediaPlayer( 1435): info/warning (704, 0)
I/MediaPlayer.java( 1435): Info (704,0)
D/MediaPlayerService(  744): [8] notify (0x522e8, 200, 704, 0)
D/MstarPlayer(  744): percent: 0
W/MediaPlayer( 1435): info/warning (704, 0)
D/DataSource_M3U8(  744): 
D/DataSource_M3U8(  744):  Warnig::  getValidBufferLength()  <  Codec require !!!
I/MediaPlayer.java( 1435): Info (704,0)
D/MediaPlayerService(  744): [8] notify (0x522e8, 200, 704, 0)
D/MstarPlayer(  744): percent: 0
W/MediaPlayer( 1435): info/warning (704, 0)
I/MediaPlayer.java( 1435): Info (704,0)
D/MediaPlayerService(  744): [8] notify (0x522e8, 200, 704, 0)
D/MstarPlayer(  744): percent: 0
W/MediaPlayer( 1435): info/warning (704, 0)
I/MediaPlayer.java( 1435): Info (704,0)
D/MediaPlayerService(  744): [8] notify (0x522e8, 200, 704, 0)
D/MstarPlayer(  744): percent: 0
W/MediaPlayer( 1435): info/warning (704, 0)
I/MediaPlayer.java( 1435): Info (704,0)
D/MediaPlayerService(  744): [8] notify (0x522e8, 200, 704, 0)
D/MstarPlayer(  744): percent: 0
W/MediaPlayer( 1435): info/warning (704, 0)
I/MediaPlayer.java( 1435): Info (704,0)
D/MediaPlayerService(  744): [8] notify (0x522e8, 200, 704, 0)
D/MstarPlayer(  744): percent: 0
W/MediaPlayer( 1435): info/warning (704, 0)
I/MediaPlayer.java( 1435): Info (704,0)
D/MediaPlayerService(  744): [8] notify (0x522e8, 200, 704, 0)
D/MstarPlayer(  744): percent: 0
W/MediaPlayer( 1435): info/warning (704, 0)
I/MediaPlayer.java( 1435): Info (704,0)
D/MediaPlayerService(  744): [8] notify (0x522e8, 200, 704, 0)
D/MstarPlayer(  744): percent: 0
W/MediaPlayer( 1435): info/warning (704, 0)
D/HomePlayerLib( 1505): hostaddress count is 1
D/dalvikvm( 1505): GC_CONCURRENT freed 388K, 77% free 1400K/6019K, paused 1ms+1ms
I/MediaPlayer.java( 1435): Info (704,0)
D/MediaPlayerService(  744): [8] notify (0x522e8, 200, 704, 0)
D/MstarPlayer(  744): percent: 0
W/MediaPlayer( 1435): info/warning (704, 0)
I/MediaPlayer.java( 1435): Info (704,0)
D/dalvikvm( 1505): GC_CONCURRENT freed 490K, 77% free 1409K/6019K, paused 2ms+1ms
D/MediaPlayerService(  744): [8] notify (0x522e8, 200, 704, 0)
D/MstarPlayer(  744): percent: 0
W/MediaPlayer( 1435): info/warning (704, 0)
I/MediaPlayer.java( 1435): Info (704,0)
D/MediaPlayerService(  744): [8] notify (0x522e8, 200, 704, 0)
D/MstarPlayer(  744): percent: 0
W/MediaPlayer( 1435): info/warning (704, 0)
I/MediaPlayer.java( 1435): Info (704,0)
D/dalvikvm( 1505): GC_CONCURRENT freed 500K, 77% free 1400K/6019K, paused 1ms+1ms
D/MediaPlayerService(  744): [8] notify (0x522e8, 200, 704, 0)
D/MstarPlayer(  744): percent: 0
W/MediaPlayer( 1435): info/warning (704, 0)
I/MediaPlayer.java( 1435): Info (704,0)
D/MediaPlayerService(  744): [8] notify (0x522e8, 200, 704, 0)
D/MstarPlayer(  744): percent: 0
W/MediaPlayer( 1435): info/warning (704, 0)
I/MediaPlayer.java( 1435): Info (704,0)
D/dalvikvm( 1505): GC_CONCURRENT freed 463K, 76% free 1449K/6019K, paused 1ms+1ms
D/MediaPlayerService(  744): [8] notify (0x522e8, 200, 704, 0)
D/MstarPlayer(  744): percent: 0
W/MediaPlayer( 1435): info/warning (704, 0)
I/MediaPlayer.java( 1435): Info (704,0)
D/dalvikvm( 1505): GC_CONCURRENT freed 534K, 79% free 1305K/6019K, paused 1ms+1ms
D/MediaPlayerService(  744): [8] notify (0x522e8, 200, 704, 0)
D/MstarPlayer(  744): percent: 0
W/MediaPlayer( 1435): info/warning (704, 0)
I/MediaPlayer.java( 1435): Info (704,0)
D/MediaPlayerService(  744): [8] notify (0x522e8, 200, 704, 0)
D/MstarPlayer(  744): percent: 0
W/MediaPlayer( 1435): info/warning (704, 0)
I/MediaPlayer.java( 1435): Info (704,0)
D/dalvikvm( 1505): GC_CONCURRENT freed 392K, 77% free 1419K/6019K, paused 1ms+2ms
D/MediaPlayerService(  744): [8] notify (0x522e8, 200, 704, 0)
D/MstarPlayer(  744): percent: 0
W/MediaPlayer( 1435): info/warning (704, 0)
I/MediaPlayer.java( 1435): Info (704,0)
D/MediaPlayerService(  744): [8] notify (0x522e8, 200, 704, 0)
D/MstarPlayer(  744): percent: 0
W/MediaPlayer( 1435): info/warning (704, 0)
I/MediaPlayer.java( 1435): Info (704,0)
D/MediaPlayerService(  744): [8] notify (0x522e8, 200, 704, 0)
D/MstarPlayer(  744): percent: 0
W/MediaPlayer( 1435): info/warning (704, 0)
I/MediaPlayer.java( 1435): Info (704,0)
D/MediaPlayerService(  744): [8] notify (0x522e8, 200, 704, 0)
D/MstarPlayer(  744): percent: 0
W/MediaPlayer( 1435): info/warning (704, 0)
I/MediaPlayer.java( 1435): Info (704,0)
D/MediaPlayerService(  744): [8] notify (0x522e8, 200, 704, 0)
D/MstarPlayer(  744): percent: 0
W/MediaPlayer( 1435): info/warning (704, 0)
I/MediaPlayer.java( 1435): Info (704,0)
D/DataSource_M3U8(  744): 
D/DataSource_M3U8(  744):  Warnig::  getValidBufferLength()  <  Codec require !!!
D/dalvikvm( 1505): GC_CONCURRENT freed 510K, 77% free 1414K/6019K, paused 1ms+1ms
D/MediaPlayerService(  744): [8] notify (0x522e8, 200, 704, 0)
D/MstarPlayer(  744): percent: 0
W/MediaPlayer( 1435): info/warning (704, 0)
I/MediaPlayer.java( 1435): Info (704,0)
D/MediaPlayerService(  744): [8] notify (0x522e8, 200, 704, 0)
D/MstarPlayer(  744): percent: 0
W/MediaPlayer( 1435): info/warning (704, 0)
I/MediaPlayer.java( 1435): Info (704,0)
D/MediaPlayerService(  744): [8] notify (0x522e8, 200, 704, 0)
D/MstarPlayer(  744): percent: 0
W/MediaPlayer( 1435): info/warning (704, 0)
I/MediaPlayer.java( 1435): Info (704,0)
D/dalvikvm( 1505): GC_CONCURRENT freed 494K, 79% free 1315K/6019K, paused 1ms+1ms
D/MediaPlayerService(  744): [8] notify (0x522e8, 200, 704, 0)
D/MstarPlayer(  744): percent: 0
W/MediaPlayer( 1435): info/warning (704, 0)
I/MediaPlayer.java( 1435): Info (704,0)
D/MediaPlayerService(  744): [8] notify (0x522e8, 200, 704, 0)
D/MstarPlayer(  744): percent: 0
W/MediaPlayer( 1435): info/warning (704, 0)
I/MediaPlayer.java( 1435): Info (704,0)
D/MediaPlayerService(  744): [8] notify (0x522e8, 200, 704, 0)
D/MstarPlayer(  744): percent: 0
W/MediaPlayer( 1435): info/warning (704, 0)
I/MediaPlayer.java( 1435): Info (704,0)
D/MediaPlayerService(  744): [8] notify (0x522e8, 200, 704, 0)
D/MstarPlayer(  744): percent: 0
W/MediaPlayer( 1435): info/warning (704, 0)
I/MediaPlayer.java( 1435): Info (704,0)
D/dalvikvm( 1505): GC_CONCURRENT freed 395K, 79% free 1314K/6019K, paused 1ms+2ms
D/MediaPlayerService(  744): [8] notify (0x522e8, 200, 704, 0)
D/MstarPlayer(  744): percent: 0
W/MediaPlayer( 1435): info/warning (704, 0)
I/MediaPlayer.java( 1435): Info (704,0)
D/MediaPlayerService(  744): [8] notify (0x522e8, 200, 704, 0)
D/MstarPlayer(  744): percent: 0
W/MediaPlayer( 1435): info/warning (704, 0)
I/MediaPlayer.java( 1435): Info (704,0)
D/MediaPlayerService(  744): [8] notify (0x522e8, 200, 704, 0)
D/MstarPlayer(  744): percent: 0
W/MediaPlayer( 1435): info/warning (704, 0)
I/MediaPlayer.java( 1435): Info (704,0)
D/MediaPlayerService(  744): [8] notify (0x522e8, 200, 704, 0)
D/MstarPlayer(  744): percent: 0
W/MediaPlayer( 1435): info/warning (704, 0)
I/MediaPlayer.java( 1435): Info (704,0)
D/MediaPlayerService(  744): [8] notify (0x522e8, 200, 704, 0)
D/MstarPlayer(  744): percent: 0
W/MediaPlayer( 1435): info/warning (704, 0)
I/MediaPlayer.java( 1435): Info (704,0)
D/MediaPlayerService(  744): [8] notify (0x522e8, 200, 704, 0)
D/MstarPlayer(  744): percent: 0
W/MediaPlayer( 1435): info/warning (704, 0)
I/MediaPlayer.java( 1435): Info (704,0)
D/MediaPlayerService(  744): [8] notify (0x522e8, 200, 704, 0)
D/MstarPlayer(  744): percent: 0
W/MediaPlayer( 1435): info/warning (704, 0)
I/MediaPlayer.java( 1435): Info (704,0)
D/MediaPlayerService(  744): [8] notify (0x522e8, 200, 704, 0)
D/MstarPlayer(  744): percent: 0
W/MediaPlayer( 1435): info/warning (704, 0)
I/MediaPlayer.java( 1435): Info (704,0)
D/MediaPlayerService(  744): [8] notify (0x522e8, 200, 704, 0)
D/MstarPlayer(  744): percent: 0
W/MediaPlayer( 1435): info/warning (704, 0)
I/MediaPlayer.java( 1435): Info (704,0)
D/MediaPlayerService(  744): [8] notify (0x522e8, 200, 704, 0)
D/MstarPlayer(  744): percent: 0
W/MediaPlayer( 1435): info/warning (704, 0)
I/MediaPlayer.java( 1435): Info (704,0)
D/MediaPlayerService(  744): [8] notify (0x522e8, 200, 704, 0)
D/MstarPlayer(  744): percent: 0
W/MediaPlayer( 1435): info/warning (704, 0)
I/MediaPlayer.java( 1435): Info (704,0)
D/dalvikvm( 1505): GC_CONCURRENT freed 385K, 76% free 1455K/6019K, paused 1ms+1ms
D/MediaPlayerService(  744): [8] notify (0x522e8, 200, 704, 0)
D/MstarPlayer(  744): percent: 0
W/MediaPlayer( 1435): info/warning (704, 0)
I/MediaPlayer.java( 1435): Info (704,0)
D/DataSource_M3U8(  744): 
D/DataSource_M3U8(  744):  Warnig::  getValidBufferLength()  <  Codec require !!!
D/MediaPlayerService(  744): [8] notify (0x522e8, 200, 704, 0)
D/MstarPlayer(  744): percent: 0
W/MediaPlayer( 1435): info/warning (704, 0)
I/MediaPlayer.java( 1435): Info (704,0)
D/MediaPlayerService(  744): [8] notify (0x522e8, 200, 704, 0)
D/MstarPlayer(  744): percent: 0
W/MediaPlayer( 1435): info/warning (704, 0)
I/MediaPlayer.java( 1435): Info (704,0)
D/dalvikvm( 1505): GC_CONCURRENT freed 515K, 78% free 1334K/6019K, paused 1ms+1ms
D/MediaPlayerService(  744): [8] notify (0x522e8, 200, 704, 0)
D/MstarPlayer(  744): percent: 0
W/MediaPlayer( 1435): info/warning (704, 0)
I/MediaPlayer.java( 1435): Info (704,0)
D/MediaPlayerService(  744): [8] notify (0x522e8, 200, 704, 0)
D/MstarPlayer(  744): percent: 0
W/MediaPlayer( 1435): info/warning (704, 0)
I/MediaPlayer.java( 1435): Info (704,0)
D/MediaPlayerService(  744): [8] notify (0x522e8, 200, 704, 0)
D/MstarPlayer(  744): percent: 0
W/MediaPlayer( 1435): info/warning (704, 0)
I/MediaPlayer.java( 1435): Info (704,0)
D/dalvikvm( 1505): GC_CONCURRENT freed 395K, 78% free 1333K/6019K, paused 2ms+2ms
D/MediaPlayerService(  744): [8] notify (0x522e8, 200, 704, 0)
D/MstarPlayer(  744): percent: 0
W/MediaPlayer( 1435): info/warning (704, 0)
I/MediaPlayer.java( 1435): Info (704,0)
D/MediaPlayerService(  744): [8] notify (0x522e8, 200, 704, 0)
D/MstarPlayer(  744): percent: 0
W/MediaPlayer( 1435): info/warning (704, 0)
I/MediaPlayer.java( 1435): Info (704,0)
D/MediaPlayerService(  744): [8] notify (0x522e8, 200, 704, 0)
D/MstarPlayer(  744): percent: 0
W/MediaPlayer( 1435): info/warning (704, 0)
I/MediaPlayer.java( 1435): Info (704,0)
D/dalvikvm( 1505): GC_CONCURRENT freed 393K, 78% free 1338K/6019K, paused 0ms+1ms
D/MediaPlayerService(  744): [8] notify (0x522e8, 200, 704, 0)
D/MstarPlayer(  744): percent: 0
W/MediaPlayer( 1435): info/warning (704, 0)
I/MediaPlayer.java( 1435): Info (704,0)
D/MediaPlayerService(  744): [8] notify (0x522e8, 200, 704, 0)
D/MstarPlayer(  744): percent: 0
W/MediaPlayer( 1435): info/warning (704, 0)
I/MediaPlayer.java( 1435): Info (704,0)
D/MediaPlayerService(  744): [8] notify (0x522e8, 200, 704, 0)
D/MstarPlayer(  744): percent: 0
W/MediaPlayer( 1435): info/warning (704, 0)
I/MediaPlayer.java( 1435): Info (704,0)
D/MediaPlayerService(  744): [8] notify (0x522e8, 200, 704, 0)
D/MstarPlayer(  744): percent: 0
W/MediaPlayer( 1435): info/warning (704, 0)
I/MediaPlayer.java( 1435): Info (704,0)
D/MediaPlayerService(  744): [8] notify (0x522e8, 200, 704, 0)
D/MstarPlayer(  744): percent: 0
W/MediaPlayer( 1435): info/warning (704, 0)
I/MediaPlayer.java( 1435): Info (704,0)
D/dalvikvm( 1505): GC_CONCURRENT freed 404K, 76% free 1445K/6019K, paused 0ms+1ms
D/MediaPlayerService(  744): [8] notify (0x522e8, 200, 704, 0)
D/MstarPlayer(  744): percent: 0
W/MediaPlayer( 1435): info/warning (704, 0)
I/MediaPlayer.java( 1435): Info (704,0)
D/MediaPlayerService(  744): [8] notify (0x522e8, 200, 704, 0)
D/MstarPlayer(  744): percent: 0
W/MediaPlayer( 1435): info/warning (704, 0)
I/MediaPlayer.java( 1435): Info (704,0)
D/MediaPlayerService(  744): [8] notify (0x522e8, 200, 704, 0)
D/MstarPlayer(  744): percent: 0
W/MediaPlayer( 1435): info/warning (704, 0)
I/MediaPlayer.java( 1435): Info (704,0)
D/MediaPlayerService(  744): [8] notify (0x522e8, 200, 704, 0)
D/MstarPlayer(  744): percent: 0
W/MediaPlayer( 1435): info/warning (704, 0)
I/MediaPlayer.java( 1435): Info (704,0)
D/MediaPlayerService(  744): [8] notify (0x522e8, 200, 704, 0)
D/MstarPlayer(  744): percent: 0
W/MediaPlayer( 1435): info/warning (704, 0)
I/MediaPlayer.java( 1435): Info (704,0)
D/MediaPlayerService(  744): [8] notify (0x522e8, 200, 704, 0)
D/MstarPlayer(  744): percent: 0
W/MediaPlayer( 1435): info/warning (704, 0)
I/MediaPlayer.java( 1435): Info (704,0)
D/MediaPlayerService(  744): [8] notify (0x522e8, 200, 704, 0)
D/MstarPlayer(  744): percent: 0
W/MediaPlayer( 1435): info/warning (704, 0)
I/MediaPlayer.java( 1435): Info (704,0)
D/DataSource_M3U8(  744): 
D/DataSource_M3U8(  744):  Warnig::  getValidBufferLength()  <  Codec require !!!
D/MediaPlayerService(  744): [8] notify (0x522e8, 200, 704, 0)
D/MstarPlayer(  744): percent: 0
W/MediaPlayer( 1435): info/warning (704, 0)
I/MediaPlayer.java( 1435): Info (704,0)
D/MediaPlayerService(  744): [8] notify (0x522e8, 200, 704, 0)
D/MstarPlayer(  744): percent: 0
W/MediaPlayer( 1435): info/warning (704, 0)
I/MediaPlayer.java( 1435): Info (704,0)
D/MediaPlayerService(  744): [8] notify (0x522e8, 200, 704, 0)
D/MstarPlayer(  744): percent: 0
W/MediaPlayer( 1435): info/warning (704, 0)
I/MediaPlayer.java( 1435): Info (704,0)
D/MediaPlayerService(  744): [8] notify (0x522e8, 200, 704, 0)
D/MstarPlayer(  744): percent: 0
W/MediaPlayer( 1435): info/warning (704, 0)
I/MediaPlayer.java( 1435): Info (704,0)
D/MediaPlayerService(  744): [8] notify (0x522e8, 200, 704, 0)
D/MstarPlayer(  744): percent: 0
W/MediaPlayer( 1435): info/warning (704, 0)
I/MediaPlayer.java( 1435): Info (704,0)
D/MediaPlayerService(  744): [8] notify (0x522e8, 200, 704, 0)
D/MstarPlayer(  744): percent: 0
W/MediaPlayer( 1435): info/warning (704, 0)
I/MediaPlayer.java( 1435): Info (704,0)
D/MediaPlayerService(  744): [8] notify (0x522e8, 200, 704, 0)
D/MstarPlayer(  744): percent: 0
W/MediaPlayer( 1435): info/warning (704, 0)
I/MediaPlayer.java( 1435): Info (704,0)
D/MediaPlayerService(  744): [8] notify (0x522e8, 200, 704, 0)
D/MstarPlayer(  744): percent: 0
W/MediaPlayer( 1435): info/warning (704, 0)
I/MediaPlayer.java( 1435): Info (704,0)
D/MediaPlayerService(  744): [8] notify (0x522e8, 200, 704, 0)
D/MstarPlayer(  744): percent: 0
W/MediaPlayer( 1435): info/warning (704, 0)
I/MediaPlayer.java( 1435): Info (704,0)
D/MediaPlayerService(  744): [8] notify (0x522e8, 200, 704, 0)
D/MstarPlayer(  744): percent: 0
W/MediaPlayer( 1435): info/warning (704, 0)
I/MediaPlayer.java( 1435): Info (704,0)
D/MediaPlayerService(  744): [8] notify (0x522e8, 200, 704, 0)
D/MstarPlayer(  744): percent: 0
W/MediaPlayer( 1435): info/warning (704, 0)
I/MediaPlayer.java( 1435): Info (704,0)
D/MediaPlayerService(  744): [8] notify (0x522e8, 200, 704, 0)
D/MstarPlayer(  744): percent: 0
W/MediaPlayer( 1435): info/warning (704, 0)
I/MediaPlayer.java( 1435): Info (704,0)
D/MediaPlayerService(  744): [8] notify (0x522e8, 200, 704, 0)
D/MstarPlayer(  744): percent: 0
W/MediaPlayer( 1435): info/warning (704, 0)
I/MediaPlayer.java( 1435): Info (704,0)
D/MediaPlayerService(  744): [8] notify (0x522e8, 200, 704, 0)
D/MstarPlayer(  744): percent: 0
W/MediaPlayer( 1435): info/warning (704, 0)
I/MediaPlayer.java( 1435): Info (704,0)
D/MediaPlayerService(  744): [8] notify (0x522e8, 200, 704, 0)
D/MstarPlayer(  744): percent: 0
W/MediaPlayer( 1435): info/warning (704, 0)
I/MediaPlayer.java( 1435): Info (704,0)
D/MediaPlayerService(  744): [8] notify (0x522e8, 200, 704, 0)
D/MstarPlayer(  744): percent: 0
W/MediaPlayer( 1435): info/warning (704, 0)
I/MediaPlayer.java( 1435): Info (704,0)
D/MediaPlayerService(  744): [8] notify (0x522e8, 200, 704, 0)
D/MstarPlayer(  744): percent: 0
W/MediaPlayer( 1435): info/warning (704, 0)
I/MediaPlayer.java( 1435): Info (704,0)
D/MediaPlayerService(  744): [8] notify (0x522e8, 200, 704, 0)
D/MstarPlayer(  744): percent: 0
W/MediaPlayer( 1435): info/warning (704, 0)
I/MediaPlayer.java( 1435): Info (704,0)
D/MediaPlayerService(  744): [8] notify (0x522e8, 200, 704, 0)
D/MstarPlayer(  744): percent: 0
W/MediaPlayer( 1435): info/warning (704, 0)
I/MediaPlayer.java( 1435): Info (704,0)
D/MediaPlayerService(  744): [8] notify (0x522e8, 200, 704, 0)
D/MstarPlayer(  744): percent: 0
W/MediaPlayer( 1435): info/warning (704, 0)
I/MediaPlayer.java( 1435): Info (704,0)
D/DataSource_M3U8(  744): 
D/DataSource_M3U8(  744):  Warnig::  getValidBufferLength()  <  Codec require !!!
D/MediaPlayerService(  744): [8] notify (0x522e8, 200, 704, 0)
D/MstarPlayer(  744): percent: 0
W/MediaPlayer( 1435): info/warning (704, 0)
I/MediaPlayer.java( 1435): Info (704,0)
D/MediaPlayerService(  744): [8] notify (0x522e8, 200, 704, 0)
D/MstarPlayer(  744): percent: 0
W/MediaPlayer( 1435): info/warning (704, 0)
I/MediaPlayer.java( 1435): Info (704,0)
D/MediaPlayerService(  744): [8] notify (0x522e8, 200, 704, 0)
D/MstarPlayer(  744): percent: 0
W/MediaPlayer( 1435): info/warning (704, 0)
I/MediaPlayer.java( 1435): Info (704,0)
D/MediaPlayerService(  744): [8] notify (0x522e8, 200, 704, 0)
D/MstarPlayer(  744): percent: 0
W/MediaPlayer( 1435): info/warning (704, 0)
I/MediaPlayer.java( 1435): Info (704,0)
D/MediaPlayerService(  744): [8] notify (0x522e8, 200, 704, 0)
D/MstarPlayer(  744): percent: 0
W/MediaPlayer( 1435): info/warning (704, 0)
I/MediaPlayer.java( 1435): Info (704,0)
D/MediaPlayerService(  744): [8] notify (0x522e8, 200, 704, 0)
D/MstarPlayer(  744): percent: 0
W/MediaPlayer( 1435): info/warning (704, 0)
I/MediaPlayer.java( 1435): Info (704,0)
D/MediaPlayerService(  744): [8] notify (0x522e8, 200, 704, 0)
D/MstarPlayer(  744): percent: 0
W/MediaPlayer( 1435): info/warning (704, 0)
I/MediaPlayer.java( 1435): Info (704,0)
D/MediaPlayerService(  744): [8] notify (0x522e8, 200, 704, 0)
D/MstarPlayer(  744): percent: 0
W/MediaPlayer( 1435): info/warning (704, 0)
I/MediaPlayer.java( 1435): Info (704,0)
D/MediaPlayerService(  744): [8] notify (0x522e8, 200, 704, 0)
D/MstarPlayer(  744): percent: 0
W/MediaPlayer( 1435): info/warning (704, 0)
I/MediaPlayer.java( 1435): Info (704,0)
D/MediaPlayerService(  744): [8] notify (0x522e8, 200, 704, 0)
D/MstarPlayer(  744): percent: 0
W/MediaPlayer( 1435): info/warning (704, 0)
I/MediaPlayer.java( 1435): Info (704,0)
D/MediaPlayerService(  744): [8] notify (0x522e8, 200, 704, 0)
D/MstarPlayer(  744): percent: 0
W/MediaPlayer( 1435): info/warning (704, 0)
I/MediaPlayer.java( 1435): Info (704,0)
D/MediaPlayerService(  744): [8] notify (0x522e8, 200, 704, 0)
D/MstarPlayer(  744): percent: 0
W/MediaPlayer( 1435): info/warning (704, 0)
I/MediaPlayer.java( 1435): Info (704,0)
D/MediaPlayerService(  744): [8] notify (0x522e8, 200, 704, 0)
D/MstarPlayer(  744): percent: 0
W/MediaPlayer( 1435): info/warning (704, 0)
I/MediaPlayer.java( 1435): Info (704,0)
D/MediaPlayerService(  744): [8] notify (0x522e8, 200, 704, 0)
D/MstarPlayer(  744): percent: 0
W/MediaPlayer( 1435): info/warning (704, 0)
I/MediaPlayer.java( 1435): Info (704,0)
D/MediaPlayerService(  744): [8] notify (0x522e8, 200, 704, 0)
D/MstarPlayer(  744): percent: 0
W/MediaPlayer( 1435): info/warning (704, 0)
I/MediaPlayer.java( 1435): Info (704,0)
D/MediaPlayerService(  744): [8] notify (0x522e8, 200, 704, 0)
D/MstarPlayer(  744): percent: 0
W/MediaPlayer( 1435): info/warning (704, 0)
I/MediaPlayer.java( 1435): Info (704,0)
D/MediaPlayerService(  744): [8] notify (0x522e8, 200, 704, 0)
D/MstarPlayer(  744): percent: 0
W/MediaPlayer( 1435): info/warning (704, 0)
I/MediaPlayer.java( 1435): Info (704,0)
D/MediaPlayerService(  744): [8] notify (0x522e8, 200, 704, 0)
D/MstarPlayer(  744): percent: 0
W/MediaPlayer( 1435): info/warning (704, 0)
I/MediaPlayer.java( 1435): Info (704,0)
D/MediaPlayerService(  744): [8] notify (0x522e8, 200, 704, 0)
D/MstarPlayer(  744): percent: 0
W/MediaPlayer( 1435): info/warning (704, 0)
I/MediaPlayer.java( 1435): Info (704,0)
D/MediaPlayerService(  744): [8] notify (0x522e8, 200, 704, 0)
D/MstarPlayer(  744): percent: 0
W/MediaPlayer( 1435): info/warning (704, 0)
I/MediaPlayer.java( 1435): Info (704,0)
D/DataSource_M3U8(  744): 
D/DataSource_M3U8(  744):  Warnig::  getValidBufferLength()  <  Codec require !!!
D/MediaPlayerService(  744): [8] notify (0x522e8, 200, 704, 0)
D/MstarPlayer(  744): percent: 0
W/MediaPlayer( 1435): info/warning (704, 0)
I/MediaPlayer.java( 1435): Info (704,0)
D/MediaPlayerService(  744): [8] notify (0x522e8, 200, 704, 0)
D/MstarPlayer(  744): percent: 0
W/MediaPlayer( 1435): info/warning (704, 0)
I/MediaPlayer.java( 1435): Info (704,0)
D/MediaPlayerService(  744): [8] notify (0x522e8, 200, 704, 0)
D/MstarPlayer(  744): percent: 0
W/MediaPlayer( 1435): info/warning (704, 0)
I/MediaPlayer.java( 1435): Info (704,0)
D/MediaPlayerService(  744): [8] notify (0x522e8, 200, 704, 0)
D/MstarPlayer(  744): percent: 0
W/MediaPlayer( 1435): info/warning (704, 0)
I/MediaPlayer.java( 1435): Info (704,0)
D/MediaPlayerService(  744): [8] notify (0x522e8, 200, 704, 0)
D/MstarPlayer(  744): percent: 0
W/MediaPlayer( 1435): info/warning (704, 0)
I/MediaPlayer.java( 1435): Info (704,0)
D/MediaPlayerService(  744): [8] notify (0x522e8, 200, 704, 0)
D/MstarPlayer(  744): percent: 0
W/MediaPlayer( 1435): info/warning (704, 0)
I/MediaPlayer.java( 1435): Info (704,0)
D/MediaPlayerService(  744): [8] notify (0x522e8, 200, 704, 0)
D/MstarPlayer(  744): percent: 0
W/MediaPlayer( 1435): info/warning (704, 0)
I/MediaPlayer.java( 1435): Info (704,0)
D/MediaPlayerService(  744): [8] notify (0x522e8, 200, 704, 0)
D/MstarPlayer(  744): percent: 0
W/MediaPlayer( 1435): info/warning (704, 0)
I/MediaPlayer.java( 1435): Info (704,0)
D/MediaPlayerService(  744): [8] notify (0x522e8, 200, 704, 0)
D/MstarPlayer(  744): percent: 0
W/MediaPlayer( 1435): info/warning (704, 0)
I/MediaPlayer.java( 1435): Info (704,0)
D/MediaPlayerService(  744): [8] notify (0x522e8, 200, 704, 0)
D/MstarPlayer(  744): percent: 0
W/MediaPlayer( 1435): info/warning (704, 0)
I/MediaPlayer.java( 1435): Info (704,0)
D/MediaPlayerService(  744): [8] notify (0x522e8, 200, 704, 0)
D/MstarPlayer(  744): percent: 0
W/MediaPlayer( 1435): info/warning (704, 0)
I/MediaPlayer.java( 1435): Info (704,0)
D/MediaPlayerService(  744): [8] notify (0x522e8, 200, 704, 0)
D/MstarPlayer(  744): percent: 0
W/MediaPlayer( 1435): info/warning (704, 0)
I/MediaPlayer.java( 1435): Info (704,0)
D/MediaPlayerService(  744): [8] notify (0x522e8, 200, 704, 0)
D/MstarPlayer(  744): percent: 0
W/MediaPlayer( 1435): info/warning (704, 0)
I/MediaPlayer.java( 1435): Info (704,0)
D/MediaPlayerService(  744): [8] notify (0x522e8, 200, 704, 0)
D/MstarPlayer(  744): percent: 0
W/MediaPlayer( 1435): info/warning (704, 0)
I/MediaPlayer.java( 1435): Info (704,0)
D/MediaPlayerService(  744): [8] notify (0x522e8, 200, 704, 0)
D/MstarPlayer(  744): percent: 0
W/MediaPlayer( 1435): info/warning (704, 0)
I/MediaPlayer.java( 1435): Info (704,0)
D/MediaPlayerService(  744): [8] notify (0x522e8, 200, 704, 0)
D/MstarPlayer(  744): percent: 0
W/MediaPlayer( 1435): info/warning (704, 0)
I/MediaPlayer.java( 1435): Info (704,0)
D/MediaPlayerService(  744): [8] notify (0x522e8, 200, 704, 0)
W/MediaPlayer( 1435): info/warning (704, 0)
I/MediaPlayer.java( 1435): Info (704,0)
D/MstarPlayer(  744): percent: 0
D/MediaPlayerService(  744): [8] notify (0x522e8, 200, 704, 0)
D/MstarPlayer(  744): percent: 0
W/MediaPlayer( 1435): info/warning (704, 0)
I/MediaPlayer.java( 1435): Info (704,0)
D/MediaPlayerService(  744): [8] notify (0x522e8, 200, 704, 0)
D/MstarPlayer(  744): percent: 0
W/MediaPlayer( 1435): info/warning (704, 0)
I/MediaPlayer.java( 1435): Info (704,0)
D/MediaPlayerService(  744): [8] notify (0x522e8, 200, 704, 0)
W/MediaPlayer( 1435): info/warning (704, 0)
I/MediaPlayer.java( 1435): Info (704,0)
D/MstarPlayer(  744): percent: 0
D/DataSource_M3U8(  744): 
D/DataSource_M3U8(  744):  Warnig::  getValidBufferLength()  <  Codec require !!!
D/MediaPlayerService(  744): [8] notify (0x522e8, 200, 704, 0)
D/MstarPlayer(  744): percent: 0
W/MediaPlayer( 1435): info/warning (704, 0)
I/MediaPlayer.java( 1435): Info (704,0)
D/MediaPlayerService(  744): [8] notify (0x522e8, 200, 704, 0)
D/MstarPlayer(  744): percent: 0
W/MediaPlayer( 1435): info/warning (704, 0)
I/MediaPlayer.java( 1435): Info (704,0)
D/MediaPlayerService(  744): [8] notify (0x522e8, 200, 704, 0)
W/MediaPlayer( 1435): info/warning (704, 0)
I/MediaPlayer.java( 1435): Info (704,0)
D/MstarPlayer(  744): percent: 0
D/MediaPlayerService(  744): [8] notify (0x522e8, 200, 704, 0)
D/MstarPlayer(  744): percent: 0
W/MediaPlayer( 1435): info/warning (704, 0)
I/MediaPlayer.java( 1435): Info (704,0)
D/dalvikvm( 1505): GC_CONCURRENT freed 516K, 79% free 1321K/6019K, paused 1ms+1ms
D/MediaPlayerService(  744): [8] notify (0x522e8, 200, 704, 0)
D/MstarPlayer(  744): percent: 0
W/MediaPlayer( 1435): info/warning (704, 0)
I/MediaPlayer.java( 1435): Info (704,0)
D/MediaPlayerService(  744): [8] notify (0x522e8, 200, 704, 0)
D/MstarPlayer(  744): percent: 0
W/MediaPlayer( 1435): info/warning (704, 0)
I/MediaPlayer.java( 1435): Info (704,0)
D/MediaPlayerService(  744): [8] notify (0x522e8, 200, 704, 0)
D/MstarPlayer(  744): percent: 0
W/MediaPlayer( 1435): info/warning (704, 0)
I/MediaPlayer.java( 1435): Info (704,0)
D/dalvikvm( 1505): GC_CONCURRENT freed 393K, 78% free 1328K/6019K, paused 1ms+1ms
D/MediaPlayerService(  744): [8] notify (0x522e8, 200, 704, 0)
D/MstarPlayer(  744): percent: 0
W/MediaPlayer( 1435): info/warning (704, 0)
I/MediaPlayer.java( 1435): Info (704,0)
D/MediaPlayerService(  744): [8] notify (0x522e8, 200, 704, 0)
D/MstarPlayer(  744): percent: 0
W/MediaPlayer( 1435): info/warning (704, 0)
I/MediaPlayer.java( 1435): Info (704,0)
D/MediaPlayerService(  744): [8] notify (0x522e8, 200, 704, 0)
D/MstarPlayer(  744): percent: 0
W/MediaPlayer( 1435): info/warning (704, 0)
I/MediaPlayer.java( 1435): Info (704,0)
D/dalvikvm( 1505): GC_CONCURRENT freed 393K, 78% free 1346K/6019K, paused 1ms+1ms
D/MediaPlayerService(  744): [8] notify (0x522e8, 200, 704, 0)
D/MstarPlayer(  744): percent: 0
W/MediaPlayer( 1435): info/warning (704, 0)
I/MediaPlayer.java( 1435): Info (704,0)
D/MediaPlayerService(  744): [8] notify (0x522e8, 200, 704, 0)
D/MstarPlayer(  744): percent: 0
W/MediaPlayer( 1435): info/warning (704, 0)
I/MediaPlayer.java( 1435): Info (704,0)
D/MediaPlayerService(  744): [8] notify (0x522e8, 200, 704, 0)
D/MstarPlayer(  744): percent: 0
W/MediaPlayer( 1435): info/warning (704, 0)
I/MediaPlayer.java( 1435): Info (704,0)
D/dalvikvm( 1505): GC_CONCURRENT freed 426K, 79% free 1315K/6019K, paused 1ms+1ms
D/MediaPlayerService(  744): [8] notify (0x522e8, 200, 704, 0)
D/MstarPlayer(  744): percent: 0
W/MediaPlayer( 1435): info/warning (704, 0)
I/MediaPlayer.java( 1435): Info (704,0)
D/MediaPlayerService(  744): [8] notify (0x522e8, 200, 704, 0)
D/MstarPlayer(  744): percent: 0
W/MediaPlayer( 1435): info/warning (704, 0)
I/MediaPlayer.java( 1435): Info (704,0)
D/MediaPlayerService(  744): [8] notify (0x522e8, 200, 704, 0)
D/MstarPlayer(  744): percent: 0
W/MediaPlayer( 1435): info/warning (704, 0)
I/MediaPlayer.java( 1435): Info (704,0)
D/MediaPlayerService(  744): [8] notify (0x522e8, 200, 704, 0)
D/MstarPlayer(  744): percent: 0
W/MediaPlayer( 1435): info/warning (704, 0)
I/MediaPlayer.java( 1435): Info (704,0)
D/MediaPlayerService(  744): [8] notify (0x522e8, 200, 704, 0)
D/MstarPlayer(  744): percent: 0
W/MediaPlayer( 1435): info/warning (704, 0)
I/MediaPlayer.java( 1435): Info (704,0)
D/dalvikvm( 1505): GC_CONCURRENT freed 405K, 77% free 1411K/6019K, paused 1ms+2ms
D/MediaPlayerService(  744): [8] notify (0x522e8, 200, 704, 0)
D/MstarPlayer(  744): percent: 0
W/MediaPlayer( 1435): info/warning (704, 0)
I/MediaPlayer.java( 1435): Info (704,0)
D/MediaPlayerService(  744): [8] notify (0x522e8, 200, 704, 0)
D/MstarPlayer(  744): percent: 0
W/MediaPlayer( 1435): info/warning (704, 0)
I/MediaPlayer.java( 1435): Info (704,0)
D/DataSource_M3U8(  744): 
D/DataSource_M3U8(  744):  Warnig::  getValidBufferLength()  <  Codec require !!!
D/MediaPlayerService(  744): [8] notify (0x522e8, 200, 704, 0)
D/MstarPlayer(  744): percent: 0
W/MediaPlayer( 1435): info/warning (704, 0)
I/MediaPlayer.java( 1435): Info (704,0)
D/MediaPlayerService(  744): [8] notify (0x522e8, 200, 704, 0)
D/MstarPlayer(  744): percent: 0
W/MediaPlayer( 1435): info/warning (704, 0)
I/MediaPlayer.java( 1435): Info (704,0)
D/MediaPlayerService(  744): [8] notify (0x522e8, 200, 704, 0)
D/MstarPlayer(  744): percent: 0
W/MediaPlayer( 1435): info/warning (704, 0)
I/MediaPlayer.java( 1435): Info (704,0)
D/MediaPlayerService(  744): [8] notify (0x522e8, 200, 704, 0)
D/MstarPlayer(  744): percent: 0
W/MediaPlayer( 1435): info/warning (704, 0)
I/MediaPlayer.java( 1435): Info (704,0)
D/MediaPlayerService(  744): [8] notify (0x522e8, 200, 704, 0)
D/MstarPlayer(  744): percent: 0
W/MediaPlayer( 1435): info/warning (704, 0)
I/MediaPlayer.java( 1435): Info (704,0)
D/MediaPlayerService(  744): [8] notify (0x522e8, 200, 704, 0)
D/MstarPlayer(  744): percent: 0
W/MediaPlayer( 1435): info/warning (704, 0)
I/MediaPlayer.java( 1435): Info (704,0)
D/MediaPlayerService(  744): [8] notify (0x522e8, 200, 704, 0)
D/MstarPlayer(  744): percent: 0
W/MediaPlayer( 1435): info/warning (704, 0)
I/MediaPlayer.java( 1435): Info (704,0)
D/MediaPlayerService(  744): [8] notify (0x522e8, 200, 704, 0)
D/MstarPlayer(  744): percent: 0
W/MediaPlayer( 1435): info/warning (704, 0)
I/MediaPlayer.java( 1435): Info (704,0)
D/MediaPlayerService(  744): [8] notify (0x522e8, 200, 704, 0)
D/MstarPlayer(  744): percent: 0
W/MediaPlayer( 1435): info/warning (704, 0)
I/MediaPlayer.java( 1435): Info (704,0)
D/MediaPlayerService(  744): [8] notify (0x522e8, 200, 704, 0)
D/MstarPlayer(  744): percent: 0
W/MediaPlayer( 1435): info/warning (704, 0)
I/MediaPlayer.java( 1435): Info (704,0)
D/MediaPlayerService(  744): [8] notify (0x522e8, 200, 704, 0)
D/MstarPlayer(  744): percent: 0
W/MediaPlayer( 1435): info/warning (704, 0)
I/MediaPlayer.java( 1435): Info (704,0)
D/MediaPlayerService(  744): [8] notify (0x522e8, 200, 704, 0)
D/MstarPlayer(  744): percent: 0
W/MediaPlayer( 1435): info/warning (704, 0)
I/MediaPlayer.java( 1435): Info (704,0)
D/MediaPlayerService(  744): [8] notify (0x522e8, 200, 704, 0)
D/MstarPlayer(  744): percent: 0
W/MediaPlayer( 1435): info/warning (704, 0)
I/MediaPlayer.java( 1435): Info (704,0)
D/MediaPlayerService(  744): [8] notify (0x522e8, 200, 704, 0)
D/MstarPlayer(  744): percent: 0
W/MediaPlayer( 1435): info/warning (704, 0)
I/MediaPlayer.java( 1435): Info (704,0)
D/MediaPlayerService(  744): [8] notify (0x522e8, 200, 704, 0)
D/MstarPlayer(  744): percent: 0
W/MediaPlayer( 1435): info/warning (704, 0)
I/MediaPlayer.java( 1435): Info (704,0)
D/MediaPlayerService(  744): [8] notify (0x522e8, 200, 704, 0)
D/MstarPlayer(  744): percent: 0
W/MediaPlayer( 1435): info/warning (704, 0)
I/MediaPlayer.java( 1435): Info (704,0)
D/MediaPlayerService(  744): [8] notify (0x522e8, 200, 704, 0)
D/MstarPlayer(  744): percent: 0
W/MediaPlayer( 1435): info/warning (704, 0)
I/MediaPlayer.java( 1435): Info (704,0)
D/MediaPlayerService(  744): [8] notify (0x522e8, 200, 704, 0)
D/MstarPlayer(  744): percent: 0
W/MediaPlayer( 1435): info/warning (704, 0)
I/MediaPlayer.java( 1435): Info (704,0)
D/MediaPlayerService(  744): [8] notify (0x522e8, 200, 704, 0)
D/MstarPlayer(  744): percent: 0
W/MediaPlayer( 1435): info/warning (704, 0)
I/MediaPlayer.java( 1435): Info (704,0)
D/MediaPlayerService(  744): [8] notify (0x522e8, 200, 704, 0)
D/MstarPlayer(  744): percent: 0
W/MediaPlayer( 1435): info/warning (704, 0)
I/MediaPlayer.java( 1435): Info (704,0)
D/DataSource_M3U8(  744): 
D/DataSource_M3U8(  744):  Warnig::  getValidBufferLength()  <  Codec require !!!
D/MediaPlayerService(  744): [8] notify (0x522e8, 200, 704, 0)
D/MstarPlayer(  744): percent: 0
W/MediaPlayer( 1435): info/warning (704, 0)
I/MediaPlayer.java( 1435): Info (704,0)
D/MediaPlayerService(  744): [8] notify (0x522e8, 200, 704, 0)
D/MstarPlayer(  744): percent: 0
W/MediaPlayer( 1435): info/warning (704, 0)
I/MediaPlayer.java( 1435): Info (704,0)
D/MediaPlayerService(  744): [8] notify (0x522e8, 200, 704, 0)
D/MstarPlayer(  744): percent: 0
W/MediaPlayer( 1435): info/warning (704, 0)
I/MediaPlayer.java( 1435): Info (704,0)
D/MediaPlayerService(  744): [8] notify (0x522e8, 200, 704, 0)
D/MstarPlayer(  744): percent: 0
W/MediaPlayer( 1435): info/warning (704, 0)
I/MediaPlayer.java( 1435): Info (704,0)
D/MediaPlayerService(  744): [8] notify (0x522e8, 200, 704, 0)
D/MstarPlayer(  744): percent: 0
W/MediaPlayer( 1435): info/warning (704, 0)
I/MediaPlayer.java( 1435): Info (704,0)
D/MediaPlayerService(  744): [8] notify (0x522e8, 200, 704, 0)
D/MstarPlayer(  744): percent: 0
W/MediaPlayer( 1435): info/warning (704, 0)
I/MediaPlayer.java( 1435): Info (704,0)
D/MediaPlayerService(  744): [8] notify (0x522e8, 200, 704, 0)
D/MstarPlayer(  744): percent: 0
W/MediaPlayer( 1435): info/warning (704, 0)
I/MediaPlayer.java( 1435): Info (704,0)
D/MediaPlayerService(  744): [8] notify (0x522e8, 200, 704, 0)
D/MstarPlayer(  744): percent: 0
W/MediaPlayer( 1435): info/warning (704, 0)
I/MediaPlayer.java( 1435): Info (704,0)
D/MediaPlayerService(  744): [8] notify (0x522e8, 200, 704, 0)
D/MstarPlayer(  744): percent: 0
W/MediaPlayer( 1435): info/warning (704, 0)
I/MediaPlayer.java( 1435): Info (704,0)
D/MediaPlayerService(  744): [8] notify (0x522e8, 200, 704, 0)
D/MstarPlayer(  744): percent: 0
W/MediaPlayer( 1435): info/warning (704, 0)
I/MediaPlayer.java( 1435): Info (704,0)
D/MediaPlayerService(  744): [8] notify (0x522e8, 200, 704, 0)
D/MstarPlayer(  744): percent: 0
W/MediaPlayer( 1435): info/warning (704, 0)
I/MediaPlayer.java( 1435): Info (704,0)
D/MediaPlayerService(  744): [8] notify (0x522e8, 200, 704, 0)
D/MstarPlayer(  744): percent: 0
W/MediaPlayer( 1435): info/warning (704, 0)
I/MediaPlayer.java( 1435): Info (704,0)
D/MediaPlayerService(  744): [8] notify (0x522e8, 200, 704, 0)
D/MstarPlayer(  744): percent: 0
W/MediaPlayer( 1435): info/warning (704, 0)
I/MediaPlayer.java( 1435): Info (704,0)
D/MediaPlayerService(  744): [8] notify (0x522e8, 200, 704, 0)
D/MstarPlayer(  744): percent: 0
W/MediaPlayer( 1435): info/warning (704, 0)
I/MediaPlayer.java( 1435): Info (704,0)
D/MediaPlayerService(  744): [8] notify (0x522e8, 200, 704, 0)
D/MstarPlayer(  744): percent: 0
W/MediaPlayer( 1435): info/warning (704, 0)
I/MediaPlayer.java( 1435): Info (704,0)
D/MediaPlayerService(  744): [8] notify (0x522e8, 200, 704, 0)
D/MstarPlayer(  744): percent: 0
W/MediaPlayer( 1435): info/warning (704, 0)
I/MediaPlayer.java( 1435): Info (704,0)
D/MediaPlayerService(  744): [8] notify (0x522e8, 200, 704, 0)
D/MstarPlayer(  744): percent: 0
W/MediaPlayer( 1435): info/warning (704, 0)
I/MediaPlayer.java( 1435): Info (704,0)
D/MediaPlayerService(  744): [8] notify (0x522e8, 200, 704, 0)
D/MstarPlayer(  744): percent: 0
W/MediaPlayer( 1435): info/warning (704, 0)
I/MediaPlayer.java( 1435): Info (704,0)
D/MediaPlayerService(  744): [8] notify (0x522e8, 200, 704, 0)
D/MstarPlayer(  744): percent: 0
W/MediaPlayer( 1435): info/warning (704, 0)
I/MediaPlayer.java( 1435): Info (704,0)
D/MediaPlayerService(  744): [8] notify (0x522e8, 200, 704, 0)
D/MstarPlayer(  744): percent: 0
W/MediaPlayer( 1435): info/warning (704, 0)
I/MediaPlayer.java( 1435): Info (704,0)
D/DataSource_M3U8(  744): 
D/DataSource_M3U8(  744):  Warnig::  getValidBufferLength()  <  Codec require !!!
D/MediaPlayerService(  744): [8] notify (0x522e8, 200, 704, 0)
D/MstarPlayer(  744): percent: 0
W/MediaPlayer( 1435): info/warning (704, 0)
I/MediaPlayer.java( 1435): Info (704,0)
D/MediaPlayerService(  744): [8] notify (0x522e8, 200, 704, 0)
D/MstarPlayer(  744): percent: 0
W/MediaPlayer( 1435): info/warning (704, 0)
I/MediaPlayer.java( 1435): Info (704,0)
D/MediaPlayerService(  744): [8] notify (0x522e8, 200, 704, 0)
D/MstarPlayer(  744): percent: 0
W/MediaPlayer( 1435): info/warning (704, 0)
I/MediaPlayer.java( 1435): Info (704,0)
D/MediaPlayerService(  744): [8] notify (0x522e8, 200, 704, 0)
D/MstarPlayer(  744): percent: 0
W/MediaPlayer( 1435): info/warning (704, 0)
I/MediaPlayer.java( 1435): Info (704,0)
D/MediaPlayerService(  744): [8] notify (0x522e8, 200, 704, 0)
D/MstarPlayer(  744): percent: 0
W/MediaPlayer( 1435): info/warning (704, 0)
I/MediaPlayer.java( 1435): Info (704,0)
D/MediaPlayerService(  744): [8] notify (0x522e8, 200, 704, 0)
D/MstarPlayer(  744): percent: 0
W/MediaPlayer( 1435): info/warning (704, 0)
I/MediaPlayer.java( 1435): Info (704,0)
D/MediaPlayerService(  744): [8] notify (0x522e8, 200, 704, 0)
D/MstarPlayer(  744): percent: 0
W/MediaPlayer( 1435): info/warning (704, 0)
I/MediaPlayer.java( 1435): Info (704,0)
D/MediaPlayerService(  744): [8] notify (0x522e8, 200, 704, 0)
D/MstarPlayer(  744): percent: 0
W/MediaPlayer( 1435): info/warning (704, 0)
I/MediaPlayer.java( 1435): Info (704,0)
D/MediaPlayerService(  744): [8] notify (0x522e8, 200, 704, 0)
D/MstarPlayer(  744): percent: 0
W/MediaPlayer( 1435): info/warning (704, 0)
I/MediaPlayer.java( 1435): Info (704,0)
D/MediaPlayerService(  744): [8] notify (0x522e8, 200, 704, 0)
D/MstarPlayer(  744): percent: 0
W/MediaPlayer( 1435): info/warning (704, 0)
I/MediaPlayer.java( 1435): Info (704,0)
D/MediaPlayerService(  744): [8] notify (0x522e8, 200, 704, 0)
D/MstarPlayer(  744): percent: 0
W/MediaPlayer( 1435): info/warning (704, 0)
I/MediaPlayer.java( 1435): Info (704,0)
D/MediaPlayerService(  744): [8] notify (0x522e8, 200, 704, 0)
D/MstarPlayer(  744): percent: 0
W/MediaPlayer( 1435): info/warning (704, 0)
I/MediaPlayer.java( 1435): Info (704,0)
D/MediaPlayerService(  744): [8] notify (0x522e8, 200, 704, 0)
D/MstarPlayer(  744): percent: 0
W/MediaPlayer( 1435): info/warning (704, 0)
I/MediaPlayer.java( 1435): Info (704,0)
D/MediaPlayerService(  744): [8] notify (0x522e8, 200, 704, 0)
D/MstarPlayer(  744): percent: 0
W/MediaPlayer( 1435): info/warning (704, 0)
I/MediaPlayer.java( 1435): Info (704,0)
D/MediaPlayerService(  744): [8] notify (0x522e8, 200, 704, 0)
D/MstarPlayer(  744): percent: 0
W/MediaPlayer( 1435): info/warning (704, 0)
I/MediaPlayer.java( 1435): Info (704,0)
D/MediaPlayerService(  744): [8] notify (0x522e8, 200, 704, 0)
D/MstarPlayer(  744): percent: 0
W/MediaPlayer( 1435): info/warning (704, 0)
I/MediaPlayer.java( 1435): Info (704,0)
D/dalvikvm( 1505): GC_CONCURRENT freed 500K, 77% free 1408K/6019K, paused 1ms+1ms
D/HomePlayerLib( 1505): hostaddress count is 1
D/MediaPlayerService(  744): [8] notify (0x522e8, 200, 704, 0)
D/MstarPlayer(  744): percent: 0
W/MediaPlayer( 1435): info/warning (704, 0)
I/MediaPlayer.java( 1435): Info (704,0)
D/dalvikvm( 1505): GC_CONCURRENT freed 504K, 77% free 1410K/6019K, paused 1ms+1ms
D/MediaPlayerService(  744): [8] notify (0x522e8, 200, 704, 0)
D/MstarPlayer(  744): percent: 0
W/MediaPlayer( 1435): info/warning (704, 0)
I/MediaPlayer.java( 1435): Info (704,0)
D/MediaPlayerService(  744): [8] notify (0x522e8, 200, 704, 0)
D/MstarPlayer(  744): percent: 0
W/MediaPlayer( 1435): info/warning (704, 0)
I/MediaPlayer.java( 1435): Info (704,0)
D/dalvikvm( 1505): GC_CONCURRENT freed 501K, 77% free 1400K/6019K, paused 1ms+2ms
D/MediaPlayerService(  744): [8] notify (0x522e8, 200, 704, 0)
D/MstarPlayer(  744): percent: 0
W/MediaPlayer( 1435): info/warning (704, 0)
I/MediaPlayer.java( 1435): Info (704,0)
D/DataSource_M3U8(  744): 
D/DataSource_M3U8(  744):  Warnig::  getValidBufferLength()  <  Codec require !!!
D/MediaPlayerService(  744): [8] notify (0x522e8, 200, 704, 0)
D/MstarPlayer(  744): percent: 0
W/MediaPlayer( 1435): info/warning (704, 0)
I/MediaPlayer.java( 1435): Info (704,0)
D/dalvikvm( 1505): GC_CONCURRENT freed 472K, 77% free 1439K/6019K, paused 1ms+1ms
D/MediaPlayerService(  744): [8] notify (0x522e8, 200, 704, 0)
D/MstarPlayer(  744): percent: 0
W/MediaPlayer( 1435): info/warning (704, 0)
I/MediaPlayer.java( 1435): Info (704,0)
D/MediaPlayerService(  744): [8] notify (0x522e8, 200, 704, 0)
D/MstarPlayer(  744): percent: 0
W/MediaPlayer( 1435): info/warning (704, 0)
I/MediaPlayer.java( 1435): Info (704,0)
D/dalvikvm( 1505): GC_CONCURRENT freed 508K, 78% free 1339K/6019K, paused 1ms+1ms
D/MediaPlayerService(  744): [8] notify (0x522e8, 200, 704, 0)
D/MstarPlayer(  744): percent: 0
W/MediaPlayer( 1435): info/warning (704, 0)
I/MediaPlayer.java( 1435): Info (704,0)
D/MediaPlayerService(  744): [8] notify (0x522e8, 200, 704, 0)
D/MstarPlayer(  744): percent: 0
W/MediaPlayer( 1435): info/warning (704, 0)
I/MediaPlayer.java( 1435): Info (704,0)
D/dalvikvm( 1505): GC_CONCURRENT freed 407K, 76% free 1457K/6019K, paused 1ms+2ms
D/MediaPlayerService(  744): [8] notify (0x522e8, 200, 704, 0)
D/MstarPlayer(  744): percent: 0
W/MediaPlayer( 1435): info/warning (704, 0)
I/MediaPlayer.java( 1435): Info (704,0)
D/MediaPlayerService(  744): [8] notify (0x522e8, 200, 704, 0)
D/MstarPlayer(  744): percent: 0
W/MediaPlayer( 1435): info/warning (704, 0)
I/MediaPlayer.java( 1435): Info (704,0)
D/dalvikvm( 1505): GC_CONCURRENT freed 530K, 78% free 1325K/6019K, paused 1ms+2ms
D/MediaPlayerService(  744): [8] notify (0x522e8, 200, 704, 0)
D/MstarPlayer(  744): percent: 0
W/MediaPlayer( 1435): info/warning (704, 0)
I/MediaPlayer.java( 1435): Info (704,0)
D/MediaPlayerService(  744): [8] notify (0x522e8, 200, 704, 0)
D/MstarPlayer(  744): percent: 0
W/MediaPlayer( 1435): info/warning (704, 0)
I/MediaPlayer.java( 1435): Info (704,0)
D/MediaPlayerService(  744): [8] notify (0x522e8, 200, 704, 0)
D/MstarPlayer(  744): percent: 0
W/MediaPlayer( 1435): info/warning (704, 0)
I/MediaPlayer.java( 1435): Info (704,0)
D/MediaPlayerService(  744): [8] notify (0x522e8, 200, 704, 0)
D/MstarPlayer(  744): percent: 0
W/MediaPlayer( 1435): info/warning (704, 0)
I/MediaPlayer.java( 1435): Info (704,0)
D/MediaPlayerService(  744): [8] notify (0x522e8, 200, 704, 0)
D/MstarPlayer(  744): percent: 0
W/MediaPlayer( 1435): info/warning (704, 0)
I/MediaPlayer.java( 1435): Info (704,0)
D/dalvikvm( 1505): GC_CONCURRENT freed 417K, 77% free 1413K/6019K, paused 1ms+1ms
D/MediaPlayerService(  744): [8] notify (0x522e8, 200, 704, 0)
D/MstarPlayer(  744): percent: 0
W/MediaPlayer( 1435): info/warning (704, 0)
I/MediaPlayer.java( 1435): Info (704,0)
D/MediaPlayerService(  744): [8] notify (0x522e8, 200, 704, 0)
D/MstarPlayer(  744): percent: 0
W/MediaPlayer( 1435): info/warning (704, 0)
I/MediaPlayer.java( 1435): Info (704,0)
D/MediaPlayerService(  744): [8] notify (0x522e8, 200, 704, 0)
D/MstarPlayer(  744): percent: 0
W/MediaPlayer( 1435): info/warning (704, 0)
I/MediaPlayer.java( 1435): Info (704,0)
D/MediaPlayerService(  744): [8] notify (0x522e8, 200, 704, 0)
D/MstarPlayer(  744): percent: 0
W/MediaPlayer( 1435): info/warning (704, 0)
I/MediaPlayer.java( 1435): Info (704,0)
D/dalvikvm( 1505): GC_CONCURRENT freed 493K, 76% free 1454K/6019K, paused 1ms+1ms
D/MediaPlayerService(  744): [8] notify (0x522e8, 200, 704, 0)
D/MstarPlayer(  744): percent: 0
W/MediaPlayer( 1435): info/warning (704, 0)
I/MediaPlayer.java( 1435): Info (704,0)
D/MediaPlayerService(  744): [8] notify (0x522e8, 200, 704, 0)
D/MstarPlayer(  744): percent: 0
W/MediaPlayer( 1435): info/warning (704, 0)
I/MediaPlayer.java( 1435): Info (704,0)
D/MediaPlayerService(  744): [8] notify (0x522e8, 200, 704, 0)
D/MstarPlayer(  744): percent: 0
W/MediaPlayer( 1435): info/warning (704, 0)
I/MediaPlayer.java( 1435): Info (704,0)
D/dalvikvm( 1505): GC_CONCURRENT freed 537K, 79% free 1302K/6019K, paused 1ms+1ms
D/DataSource_M3U8(  744): 
D/DataSource_M3U8(  744):  Warnig::  getValidBufferLength()  <  Codec require !!!
D/MediaPlayerService(  744): [8] notify (0x522e8, 200, 704, 0)
D/MstarPlayer(  744): percent: 0
W/MediaPlayer( 1435): info/warning (704, 0)
I/MediaPlayer.java( 1435): Info (704,0)
D/dalvikvm( 1505): GC_CONCURRENT freed 380K, 78% free 1334K/6019K, paused 1ms+1ms
D/MediaPlayerService(  744): [8] notify (0x522e8, 200, 704, 0)
D/MstarPlayer(  744): percent: 0
W/MediaPlayer( 1435): info/warning (704, 0)
I/MediaPlayer.java( 1435): Info (704,0)
D/HomePlayerLib( 1505): hostaddress count is 1
D/MediaPlayerService(  744): [8] notify (0x522e8, 200, 704, 0)
D/MstarPlayer(  744): percent: 0
W/MediaPlayer( 1435): info/warning (704, 0)
I/MediaPlayer.java( 1435): Info (704,0)
D/dalvikvm( 1505): GC_CONCURRENT freed 377K, 76% free 1466K/6019K, paused 1ms+2ms
D/dalvikvm( 1505): GC_CONCURRENT freed 539K, 78% free 1352K/6019K, paused 1ms+1ms
D/MediaPlayerService(  744): [8] notify (0x522e8, 200, 704, 0)
D/MstarPlayer(  744): percent: 0
W/MediaPlayer( 1435): info/warning (704, 0)
I/MediaPlayer.java( 1435): Info (704,0)
D/MediaPlayerService(  744): [8] notify (0x522e8, 200, 704, 0)
D/MstarPlayer(  744): percent: 0
W/MediaPlayer( 1435): info/warning (704, 0)
I/MediaPlayer.java( 1435): Info (704,0)
D/dalvikvm( 1505): GC_CONCURRENT freed 427K, 79% free 1322K/6019K, paused 1ms+3ms
D/MediaPlayerService(  744): [8] notify (0x522e8, 200, 704, 0)
D/MstarPlayer(  744): percent: 0
W/MediaPlayer( 1435): info/warning (704, 0)
I/MediaPlayer.java( 1435): Info (704,0)
D/dalvikvm( 1505): GC_CONCURRENT freed 403K, 79% free 1303K/6019K, paused 1ms+1ms
D/MediaPlayerService(  744): [8] notify (0x522e8, 200, 704, 0)
D/MstarPlayer(  744): percent: 0
W/MediaPlayer( 1435): info/warning (704, 0)
I/MediaPlayer.java( 1435): Info (704,0)
D/MediaPlayerService(  744): [8] notify (0x522e8, 200, 704, 0)
D/MstarPlayer(  744): percent: 0
W/MediaPlayer( 1435): info/warning (704, 0)
I/MediaPlayer.java( 1435): Info (704,0)
D/MediaPlayerService(  744): [8] notify (0x522e8, 200, 704, 0)
D/MstarPlayer(  744): percent: 0
W/MediaPlayer( 1435): info/warning (704, 0)
I/MediaPlayer.java( 1435): Info (704,0)
D/dalvikvm( 1505): GC_CONCURRENT freed 386K, 79% free 1306K/6019K, paused 1ms+1ms
D/MediaPlayerService(  744): [8] notify (0x522e8, 200, 704, 0)
D/MstarPlayer(  744): percent: 0
W/MediaPlayer( 1435): info/warning (704, 0)
I/MediaPlayer.java( 1435): Info (704,0)
D/MediaPlayerService(  744): [8] notify (0x522e8, 200, 704, 0)
D/MstarPlayer(  744): percent: 0
W/MediaPlayer( 1435): info/warning (704, 0)
I/MediaPlayer.java( 1435): Info (704,0)
D/dalvikvm( 1505): GC_CONCURRENT freed 381K, 78% free 1343K/6019K, paused 1ms+1ms
D/MediaPlayerService(  744): [8] notify (0x522e8, 200, 704, 0)
D/MstarPlayer(  744): percent: 0
W/MediaPlayer( 1435): info/warning (704, 0)
I/MediaPlayer.java( 1435): Info (704,0)
D/dalvikvm( 1505): GC_CONCURRENT freed 399K, 76% free 1455K/6019K, paused 1ms+2ms
D/MediaPlayerService(  744): [8] notify (0x522e8, 200, 704, 0)
D/MstarPlayer(  744): percent: 0
W/MediaPlayer( 1435): info/warning (704, 0)
I/MediaPlayer.java( 1435): Info (704,0)
D/MediaPlayerService(  744): [8] notify (0x522e8, 200, 704, 0)
D/MstarPlayer(  744): percent: 0
W/MediaPlayer( 1435): info/warning (704, 0)
I/MediaPlayer.java( 1435): Info (704,0)
D/Downloader(  744): Downloadserver bandWidth:878567
D/Downloader(  744): Downloadserver bandWidth:878567
D/Downloader(  744): Downloadserver bandWidth:878567
D/Downloader(  744): Downloadserver bandWidth:878567
D/MediaPlayerService(  744): [8] notify (0x522e8, 200, 704, 0)
D/MstarPlayer(  744): percent: 0
W/MediaPlayer( 1435): info/warning (704, 0)
I/MediaPlayer.java( 1435): Info (704,0)
D/MediaPlayerService(  744): [8] notify (0x522e8, 200, 704, 0)
D/MstarPlayer(  744): percent: 0
W/MediaPlayer( 1435): info/warning (704, 0)
I/MediaPlayer.java( 1435): Info (704,0)
D/dalvikvm( 1505): GC_CONCURRENT freed 518K, 76% free 1449K/6019K, paused 1ms+1ms
D/MediaPlayerService(  744): [8] notify (0x522e8, 200, 704, 0)
D/MstarPlayer(  744): percent: 0
W/MediaPlayer( 1435): info/warning (704, 0)
I/MediaPlayer.java( 1435): Info (704,0)
D/DataSource_M3U8(  744): u32HLSSreamNum[0]===>u32BandWidth:1200000 
D/DataSource_M3U8(  744): getHLSPlayListInex  DownloadBandWidth:878567   uInDex=0
D/DataSource_M3U8(  744): [M3U8] checkShouldStartNext :[2](1416580/1416580)   sequence:0  start next:3  
D/DataSource_M3U8(  744): 
D/DataSource_M3U8(  744): 
D/DataSource_M3U8(  744): 
D/DataSource_M3U8(  744): [M3U8]-7----->This :0x30fd0 --> post cmd for start next url:http://cibn-iss1.longvisionmedia.com:8088/vod/CIBN2013_CIBN2113040100001913_12001300/3.ts, knowedFileSize:0, mCurDowningIndex:2
D/DataSource_M3U8(  744): 
D/DataSource_M3U8(  744): 
D/Downloader(  744): [downloadThread]Downloader::removeTask  
D/Downloader(  744): [downloadThread]task have range string:0- 
D/MediaPlayerService(  744): [8] notify (0x522e8, 200, 704, 0)
D/MstarPlayer(  744): percent: 0
W/MediaPlayer( 1435): info/warning (704, 0)
I/MediaPlayer.java( 1435): Info (704,0)
D/MediaPlayerService(  744): [8] notify (0x522e8, 200, 704, 0)
D/MstarPlayer(  744): percent: 0
W/MediaPlayer( 1435): info/warning (704, 0)
I/MediaPlayer.java( 1435): Info (704,0)
D/dalvikvm( 1505): GC_CONCURRENT freed 510K, 77% free 1422K/6019K, paused 1ms+2ms
D/MediaPlayerService(  744): [8] notify (0x522e8, 200, 704, 0)
D/MstarPlayer(  744): percent: 0
W/MediaPlayer( 1435): info/warning (704, 0)
I/MediaPlayer.java( 1435): Info (704,0)
D/DataSource_M3U8(  744): 
D/DataSource_M3U8(  744):  Warnig::  getValidBufferLength()  <  Codec require !!!
D/MediaPlayerService(  744): [8] notify (0x522e8, 200, 704, 0)
D/MstarPlayer(  744): percent: 0
W/MediaPlayer( 1435): info/warning (704, 0)
I/MediaPlayer.java( 1435): Info (704,0)
D/MediaPlayerService(  744): [8] notify (0x522e8, 200, 704, 0)
D/MstarPlayer(  744): percent: 0
W/MediaPlayer( 1435): info/warning (704, 0)
I/MediaPlayer.java( 1435): Info (704,0)
D/MediaPlayerService(  744): [8] notify (0x522e8, 200, 704, 0)
D/MstarPlayer(  744): percent: 0
W/MediaPlayer( 1435): info/warning (704, 0)
I/MediaPlayer.java( 1435): Info (704,0)
D/MediaPlayerService(  744): [8] notify (0x522e8, 200, 704, 0)
D/MstarPlayer(  744): percent: 0
W/MediaPlayer( 1435): info/warning (704, 0)
I/MediaPlayer.java( 1435): Info (704,0)
D/dalvikvm( 1505): GC_CONCURRENT freed 489K, 77% free 1431K/6019K, paused 1ms+1ms
D/MediaPlayerService(  744): [8] notify (0x522e8, 200, 704, 0)
D/MstarPlayer(  744): percent: 0
W/MediaPlayer( 1435): info/warning (704, 0)
I/MediaPlayer.java( 1435): Info (704,0)
D/MediaPlayerService(  744): [8] notify (0x522e8, 200, 704, 0)
D/MstarPlayer(  744): percent: 0
W/MediaPlayer( 1435): info/warning (704, 0)
I/MediaPlayer.java( 1435): Info (704,0)
D/MediaPlayerService(  744): [8] notify (0x522e8, 200, 704, 0)
D/MstarPlayer(  744): percent: 0
W/MediaPlayer( 1435): info/warning (704, 0)
I/MediaPlayer.java( 1435): Info (704,0)
D/dalvikvm( 1505): GC_CONCURRENT freed 491K, 77% free 1416K/6019K, paused 1ms+1ms
D/MediaPlayerService(  744): [8] notify (0x522e8, 200, 704, 0)
D/MstarPlayer(  744): percent: 0
W/MediaPlayer( 1435): info/warning (704, 0)
I/MediaPlayer.java( 1435): Info (704,0)
D/MediaPlayerService(  744): [8] notify (0x522e8, 200, 704, 0)
D/MstarPlayer(  744): percent: 0
W/MediaPlayer( 1435): info/warning (704, 0)
I/MediaPlayer.java( 1435): Info (704,0)
D/MediaPlayerService(  744): [8] notify (0x522e8, 200, 704, 0)
D/MstarPlayer(  744): percent: 0
W/MediaPlayer( 1435): info/warning (704, 0)
I/MediaPlayer.java( 1435): Info (704,0)
D/dalvikvm( 1505): GC_CONCURRENT freed 476K, 78% free 1379K/6019K, paused 1ms+2ms
D/MediaPlayerService(  744): [8] notify (0x522e8, 200, 704, 0)
D/MstarPlayer(  744): percent: 0
W/MediaPlayer( 1435): info/warning (704, 0)
I/MediaPlayer.java( 1435): Info (704,0)
D/MediaPlayerService(  744): [8] notify (0x522e8, 200, 704, 0)
D/MstarPlayer(  744): percent: 0
W/MediaPlayer( 1435): info/warning (704, 0)
I/MediaPlayer.java( 1435): Info (704,0)
D/MediaPlayerService(  744): [8] notify (0x522e8, 200, 704, 0)
D/MstarPlayer(  744): percent: 0
W/MediaPlayer( 1435): info/warning (704, 0)
I/MediaPlayer.java( 1435): Info (704,0)
D/MediaPlayerService(  744): [8] notify (0x522e8, 200, 704, 0)
D/MstarPlayer(  744): percent: 0
W/MediaPlayer( 1435): info/warning (704, 0)
I/MediaPlayer.java( 1435): Info (704,0)
D/MediaPlayerService(  744): [8] notify (0x522e8, 200, 704, 0)
D/MstarPlayer(  744): percent: 0
W/MediaPlayer( 1435): info/warning (704, 0)
I/MediaPlayer.java( 1435): Info (704,0)
D/dalvikvm( 1505): GC_CONCURRENT freed 446K, 78% free 1346K/6019K, paused 1ms+1ms
D/MediaPlayerService(  744): [8] notify (0x522e8, 200, 704, 0)
D/MstarPlayer(  744): percent: 0
W/MediaPlayer( 1435): info/warning (704, 0)
I/MediaPlayer.java( 1435): Info (704,0)
D/MediaPlayerService(  744): [8] notify (0x522e8, 200, 704, 0)
D/MstarPlayer(  744): percent: 0
W/MediaPlayer( 1435): info/warning (704, 0)
I/MediaPlayer.java( 1435): Info (704,0)
D/MediaPlayerService(  744): [8] notify (0x522e8, 200, 704, 0)
D/MstarPlayer(  744): percent: 0
W/MediaPlayer( 1435): info/warning (704, 0)
I/MediaPlayer.java( 1435): Info (704,0)
D/MediaPlayerService(  744): [8] notify (0x522e8, 200, 704, 0)
D/MstarPlayer(  744): percent: 0
W/MediaPlayer( 1435): info/warning (704, 0)
I/MediaPlayer.java( 1435): Info (704,0)
D/dalvikvm( 1505): GC_CONCURRENT freed 410K, 77% free 1414K/6019K, paused 1ms+1ms
D/MediaPlayerService(  744): [8] notify (0x522e8, 200, 704, 0)
D/MstarPlayer(  744): percent: 0
W/MediaPlayer( 1435): info/warning (704, 0)
I/MediaPlayer.java( 1435): Info (704,0)
D/DataSource_M3U8(  744): 
D/DataSource_M3U8(  744):  Warnig::  getValidBufferLength()  <  Codec require !!!
D/MediaPlayerService(  744): [8] notify (0x522e8, 200, 704, 0)
D/MstarPlayer(  744): percent: 0
W/MediaPlayer( 1435): info/warning (704, 0)
I/MediaPlayer.java( 1435): Info (704,0)
D/MediaPlayerService(  744): [8] notify (0x522e8, 200, 704, 0)
D/MstarPlayer(  744): percent: 0
W/MediaPlayer( 1435): info/warning (704, 0)
I/MediaPlayer.java( 1435): Info (704,0)
D/dalvikvm( 1505): GC_CONCURRENT freed 473K, 77% free 1439K/6019K, paused 0ms+2ms
D/MediaPlayerService(  744): [8] notify (0x522e8, 200, 704, 0)
D/MstarPlayer(  744): percent: 0
W/MediaPlayer( 1435): info/warning (704, 0)
I/MediaPlayer.java( 1435): Info (704,0)
D/MediaPlayerService(  744): [8] notify (0x522e8, 200, 704, 0)
D/MstarPlayer(  744): percent: 0
W/MediaPlayer( 1435): info/warning (704, 0)
I/MediaPlayer.java( 1435): Info (704,0)
D/MediaPlayerService(  744): [8] notify (0x522e8, 200, 704, 0)
D/MstarPlayer(  744): percent: 0
W/MediaPlayer( 1435): info/warning (704, 0)
I/MediaPlayer.java( 1435): Info (704,0)
D/MediaPlayerService(  744): [8] notify (0x522e8, 200, 704, 0)
D/MstarPlayer(  744): percent: 0
W/MediaPlayer( 1435): info/warning (704, 0)
I/MediaPlayer.java( 1435): Info (704,0)
D/MediaPlayerService(  744): [8] notify (0x522e8, 200, 704, 0)
D/MstarPlayer(  744): percent: 0
W/MediaPlayer( 1435): info/warning (704, 0)
I/MediaPlayer.java( 1435): Info (704,0)
D/dalvikvm( 1505): GC_CONCURRENT freed 513K, 78% free 1333K/6019K, paused 1ms+1ms
D/MediaPlayerService(  744): [8] notify (0x522e8, 200, 704, 0)
D/MstarPlayer(  744): percent: 0
W/MediaPlayer( 1435): info/warning (704, 0)
I/MediaPlayer.java( 1435): Info (704,0)
D/MediaPlayerService(  744): [8] notify (0x522e8, 200, 704, 0)
D/MstarPlayer(  744): percent: 0
W/MediaPlayer( 1435): info/warning (704, 0)
I/MediaPlayer.java( 1435): Info (704,0)
D/MediaPlayerService(  744): [8] notify (0x522e8, 200, 704, 0)
D/MstarPlayer(  744): percent: 0
W/MediaPlayer( 1435): info/warning (704, 0)
I/MediaPlayer.java( 1435): Info (704,0)
D/dalvikvm( 1505): GC_CONCURRENT freed 407K, 77% free 1429K/6019K, paused 1ms+1ms
D/MediaPlayerService(  744): [8] notify (0x522e8, 200, 704, 0)
D/MstarPlayer(  744): percent: 0
W/MediaPlayer( 1435): info/warning (704, 0)
I/MediaPlayer.java( 1435): Info (704,0)
D/MediaPlayerService(  744): [8] notify (0x522e8, 200, 704, 0)
D/MstarPlayer(  744): percent: 0
W/MediaPlayer( 1435): info/warning (704, 0)
I/MediaPlayer.java( 1435): Info (704,0)
D/MediaPlayerService(  744): [8] notify (0x522e8, 200, 704, 0)
D/MstarPlayer(  744): percent: 0
W/MediaPlayer( 1435): info/warning (704, 0)
I/MediaPlayer.java( 1435): Info (704,0)
D/MediaPlayerService(  744): [8] notify (0x522e8, 200, 704, 0)
D/MstarPlayer(  744): percent: 0
W/MediaPlayer( 1435): info/warning (704, 0)
I/MediaPlayer.java( 1435): Info (704,0)
D/dalvikvm( 1505): GC_CONCURRENT freed 489K, 77% free 1416K/6019K, paused 1ms+1ms
D/MediaPlayerService(  744): [8] notify (0x522e8, 200, 704, 0)
D/MstarPlayer(  744): percent: 0
W/MediaPlayer( 1435): info/warning (704, 0)
I/MediaPlayer.java( 1435): Info (704,0)
D/MediaPlayerService(  744): [8] notify (0x522e8, 200, 704, 0)
D/MstarPlayer(  744): percent: 0
W/MediaPlayer( 1435): info/warning (704, 0)
I/MediaPlayer.java( 1435): Info (704,0)
D/MediaPlayerService(  744): [8] notify (0x522e8, 200, 704, 0)
D/MstarPlayer(  744): percent: 0
W/MediaPlayer( 1435): info/warning (704, 0)
I/MediaPlayer.java( 1435): Info (704,0)
D/dalvikvm( 1505): GC_CONCURRENT freed 475K, 78% free 1338K/6019K, paused 0ms+2ms
D/MediaPlayerService(  744): [8] notify (0x522e8, 200, 704, 0)
D/MstarPlayer(  744): percent: 0
W/MediaPlayer( 1435): info/warning (704, 0)
I/MediaPlayer.java( 1435): Info (704,0)
D/MediaPlayerService(  744): [8] notify (0x522e8, 200, 704, 0)
D/MstarPlayer(  744): percent: 0
W/MediaPlayer( 1435): info/warning (704, 0)
I/MediaPlayer.java( 1435): Info (704,0)
D/MediaPlayerService(  744): [8] notify (0x522e8, 200, 704, 0)
D/MstarPlayer(  744): percent: 0
W/MediaPlayer( 1435): info/warning (704, 0)
I/MediaPlayer.java( 1435): Info (704,0)
D/DataSource_M3U8(  744): 
D/DataSource_M3U8(  744):  Warnig::  getValidBufferLength()  <  Codec require !!!
D/MediaPlayerService(  744): [8] notify (0x522e8, 200, 704, 0)
D/MstarPlayer(  744): percent: 0
W/MediaPlayer( 1435): info/warning (704, 0)
I/MediaPlayer.java( 1435): Info (704,0)
D/MediaPlayerService(  744): [8] notify (0x522e8, 200, 704, 0)
D/MstarPlayer(  744): percent: 0
W/MediaPlayer( 1435): info/warning (704, 0)
I/MediaPlayer.java( 1435): Info (704,0)
D/MediaPlayerService(  744): [8] notify (0x522e8, 200, 704, 0)
D/MstarPlayer(  744): percent: 0
W/MediaPlayer( 1435): info/warning (704, 0)
I/MediaPlayer.java( 1435): Info (704,0)
D/MediaPlayerService(  744): [8] notify (0x522e8, 200, 704, 0)
D/MstarPlayer(  744): percent: 0
W/MediaPlayer( 1435): info/warning (704, 0)
I/MediaPlayer.java( 1435): Info (704,0)
D/MediaPlayerService(  744): [8] notify (0x522e8, 200, 704, 0)
D/MstarPlayer(  744): percent: 0
W/MediaPlayer( 1435): info/warning (704, 0)
I/MediaPlayer.java( 1435): Info (704,0)
D/MediaPlayerService(  744): [8] notify (0x522e8, 200, 704, 0)
D/MstarPlayer(  744): percent: 0
W/MediaPlayer( 1435): info/warning (704, 0)
I/MediaPlayer.java( 1435): Info (704,0)
D/MediaPlayerService(  744): [8] notify (0x522e8, 200, 704, 0)
D/MstarPlayer(  744): percent: 0
W/MediaPlayer( 1435): info/warning (704, 0)
I/MediaPlayer.java( 1435): Info (704,0)
D/MediaPlayerService(  744): [8] notify (0x522e8, 200, 704, 0)
D/MstarPlayer(  744): percent: 0
W/MediaPlayer( 1435): info/warning (704, 0)
I/MediaPlayer.java( 1435): Info (704,0)
D/MediaPlayerService(  744): [8] notify (0x522e8, 200, 704, 0)
D/MstarPlayer(  744): percent: 0
W/MediaPlayer( 1435): info/warning (704, 0)
I/MediaPlayer.java( 1435): Info (704,0)
D/MediaPlayerService(  744): [8] notify (0x522e8, 200, 704, 0)
D/MstarPlayer(  744): percent: 0
W/MediaPlayer( 1435): info/warning (704, 0)
I/MediaPlayer.java( 1435): Info (704,0)
D/MediaPlayerService(  744): [8] notify (0x522e8, 200, 704, 0)
D/MstarPlayer(  744): percent: 0
W/MediaPlayer( 1435): info/warning (704, 0)
I/MediaPlayer.java( 1435): Info (704,0)
D/MediaPlayerService(  744): [8] notify (0x522e8, 200, 704, 0)
D/MstarPlayer(  744): percent: 0
W/MediaPlayer( 1435): info/warning (704, 0)
I/MediaPlayer.java( 1435): Info (704,0)
D/MediaPlayerService(  744): [8] notify (0x522e8, 200, 704, 0)
D/MstarPlayer(  744): percent: 0
W/MediaPlayer( 1435): info/warning (704, 0)
I/MediaPlayer.java( 1435): Info (704,0)
D/MediaPlayerService(  744): [8] notify (0x522e8, 200, 704, 0)
D/MstarPlayer(  744): percent: 0
W/MediaPlayer( 1435): info/warning (704, 0)
I/MediaPlayer.java( 1435): Info (704,0)
D/MediaPlayerService(  744): [8] notify (0x522e8, 200, 704, 0)
D/MstarPlayer(  744): percent: 0
W/MediaPlayer( 1435): info/warning (704, 0)
I/MediaPlayer.java( 1435): Info (704,0)
D/MediaPlayerService(  744): [8] notify (0x522e8, 200, 704, 0)
D/MstarPlayer(  744): percent: 0
W/MediaPlayer( 1435): info/warning (704, 0)
I/MediaPlayer.java( 1435): Info (704,0)
D/MediaPlayerService(  744): [8] notify (0x522e8, 200, 704, 0)
D/MstarPlayer(  744): percent: 0
W/MediaPlayer( 1435): info/warning (704, 0)
I/MediaPlayer.java( 1435): Info (704,0)
D/MediaPlayerService(  744): [8] notify (0x522e8, 200, 704, 0)
D/MstarPlayer(  744): percent: 0
W/MediaPlayer( 1435): info/warning (704, 0)
I/MediaPlayer.java( 1435): Info (704,0)
D/MediaPlayerService(  744): [8] notify (0x522e8, 200, 704, 0)
D/MstarPlayer(  744): percent: 0
W/MediaPlayer( 1435): info/warning (704, 0)
I/MediaPlayer.java( 1435): Info (704,0)
D/MediaPlayerService(  744): [8] notify (0x522e8, 200, 704, 0)
D/MstarPlayer(  744): percent: 0
W/MediaPlayer( 1435): info/warning (704, 0)
I/MediaPlayer.java( 1435): Info (704,0)
D/DataSource_M3U8(  744): 
D/DataSource_M3U8(  744):  Warnig::  getValidBufferLength()  <  Codec require !!!
D/MediaPlayerService(  744): [8] notify (0x522e8, 200, 704, 0)
D/MstarPlayer(  744): percent: 0
W/MediaPlayer( 1435): info/warning (704, 0)
I/MediaPlayer.java( 1435): Info (704,0)
D/MediaPlayerService(  744): [8] notify (0x522e8, 200, 704, 0)
D/MstarPlayer(  744): percent: 0
W/MediaPlayer( 1435): info/warning (704, 0)
I/MediaPlayer.java( 1435): Info (704,0)
D/MediaPlayerService(  744): [8] notify (0x522e8, 200, 704, 0)
D/MstarPlayer(  744): percent: 0
W/MediaPlayer( 1435): info/warning (704, 0)
I/MediaPlayer.java( 1435): Info (704,0)
D/MediaPlayerService(  744): [8] notify (0x522e8, 200, 704, 0)
D/MstarPlayer(  744): percent: 0
W/MediaPlayer( 1435): info/warning (704, 0)
I/MediaPlayer.java( 1435): Info (704,0)
D/MediaPlayerService(  744): [8] notify (0x522e8, 200, 704, 0)
D/MstarPlayer(  744): percent: 0
W/MediaPlayer( 1435): info/warning (704, 0)
I/MediaPlayer.java( 1435): Info (704,0)
D/MediaPlayerService(  744): [8] notify (0x522e8, 200, 704, 0)
D/MstarPlayer(  744): percent: 0
W/MediaPlayer( 1435): info/warning (704, 0)
I/MediaPlayer.java( 1435): Info (704,0)
D/MediaPlayerService(  744): [8] notify (0x522e8, 200, 704, 0)
D/MstarPlayer(  744): percent: 0
W/MediaPlayer( 1435): info/warning (704, 0)
I/MediaPlayer.java( 1435): Info (704,0)
D/MediaPlayerService(  744): [8] notify (0x522e8, 200, 704, 0)
D/MstarPlayer(  744): percent: 0
W/MediaPlayer( 1435): info/warning (704, 0)
I/MediaPlayer.java( 1435): Info (704,0)
D/MediaPlayerService(  744): [8] notify (0x522e8, 200, 704, 0)
D/MstarPlayer(  744): percent: 0
W/MediaPlayer( 1435): info/warning (704, 0)
I/MediaPlayer.java( 1435): Info (704,0)
D/MediaPlayerService(  744): [8] notify (0x522e8, 200, 704, 0)
D/MstarPlayer(  744): percent: 0
W/MediaPlayer( 1435): info/warning (704, 0)
I/MediaPlayer.java( 1435): Info (704,0)
D/MediaPlayerService(  744): [8] notify (0x522e8, 200, 704, 0)
D/MstarPlayer(  744): percent: 0
W/MediaPlayer( 1435): info/warning (704, 0)
I/MediaPlayer.java( 1435): Info (704,0)
D/MediaPlayerService(  744): [8] notify (0x522e8, 200, 704, 0)
D/MstarPlayer(  744): percent: 0
W/MediaPlayer( 1435): info/warning (704, 0)
I/MediaPlayer.java( 1435): Info (704,0)
D/MediaPlayerService(  744): [8] notify (0x522e8, 200, 704, 0)
D/MstarPlayer(  744): percent: 0
W/MediaPlayer( 1435): info/warning (704, 0)
I/MediaPlayer.java( 1435): Info (704,0)
D/MediaPlayerService(  744): [8] notify (0x522e8, 200, 704, 0)
D/MstarPlayer(  744): percent: 0
W/MediaPlayer( 1435): info/warning (704, 0)
I/MediaPlayer.java( 1435): Info (704,0)
D/MediaPlayerService(  744): [8] notify (0x522e8, 200, 704, 0)
D/MstarPlayer(  744): percent: 0
W/MediaPlayer( 1435): info/warning (704, 0)
I/MediaPlayer.java( 1435): Info (704,0)
D/MediaPlayerService(  744): [8] notify (0x522e8, 200, 704, 0)
D/MstarPlayer(  744): percent: 0
W/MediaPlayer( 1435): info/warning (704, 0)
I/MediaPlayer.java( 1435): Info (704,0)
D/MediaPlayerService(  744): [8] notify (0x522e8, 200, 704, 0)
D/MstarPlayer(  744): percent: 0
W/MediaPlayer( 1435): info/warning (704, 0)
I/MediaPlayer.java( 1435): Info (704,0)
D/MediaPlayerService(  744): [8] notify (0x522e8, 200, 704, 0)
D/MstarPlayer(  744): percent: 0
W/MediaPlayer( 1435): info/warning (704, 0)
I/MediaPlayer.java( 1435): Info (704,0)
D/MediaPlayerService(  744): [8] notify (0x522e8, 200, 704, 0)
D/MstarPlayer(  744): percent: 0
W/MediaPlayer( 1435): info/warning (704, 0)
I/MediaPlayer.java( 1435): Info (704,0)
D/MediaPlayerService(  744): [8] notify (0x522e8, 200, 704, 0)
D/MstarPlayer(  744): percent: 0
W/MediaPlayer( 1435): info/warning (704, 0)
I/MediaPlayer.java( 1435): Info (704,0)
D/DataSource_M3U8(  744): 
D/DataSource_M3U8(  744):  Warnig::  getValidBufferLength()  <  Codec require !!!
D/MediaPlayerService(  744): [8] notify (0x522e8, 200, 704, 0)
D/MstarPlayer(  744): percent: 0
W/MediaPlayer( 1435): info/warning (704, 0)
I/MediaPlayer.java( 1435): Info (704,0)
D/MediaPlayerService(  744): [8] notify (0x522e8, 200, 704, 0)
D/MstarPlayer(  744): percent: 0
W/MediaPlayer( 1435): info/warning (704, 0)
I/MediaPlayer.java( 1435): Info (704,0)
D/MediaPlayerService(  744): [8] notify (0x522e8, 200, 704, 0)
D/MstarPlayer(  744): percent: 0
W/MediaPlayer( 1435): info/warning (704, 0)
I/MediaPlayer.java( 1435): Info (704,0)
D/MediaPlayerService(  744): [8] notify (0x522e8, 200, 704, 0)
D/MstarPlayer(  744): percent: 0
W/MediaPlayer( 1435): info/warning (704, 0)
I/MediaPlayer.java( 1435): Info (704,0)
D/MediaPlayerService(  744): [8] notify (0x522e8, 200, 704, 0)
D/MstarPlayer(  744): percent: 0
W/MediaPlayer( 1435): info/warning (704, 0)
I/MediaPlayer.java( 1435): Info (704,0)
D/MediaPlayerService(  744): [8] notify (0x522e8, 200, 704, 0)
D/MstarPlayer(  744): percent: 0
W/MediaPlayer( 1435): info/warning (704, 0)
I/MediaPlayer.java( 1435): Info (704,0)
D/MediaPlayerService(  744): [8] notify (0x522e8, 200, 704, 0)
D/MstarPlayer(  744): percent: 0
W/MediaPlayer( 1435): info/warning (704, 0)
I/MediaPlayer.java( 1435): Info (704,0)
D/MediaPlayerService(  744): [8] notify (0x522e8, 200, 704, 0)
D/MstarPlayer(  744): percent: 0
W/MediaPlayer( 1435): info/warning (704, 0)
I/MediaPlayer.java( 1435): Info (704,0)
D/MediaPlayerService(  744): [8] notify (0x522e8, 200, 704, 0)
D/MstarPlayer(  744): percent: 0
W/MediaPlayer( 1435): info/warning (704, 0)
I/MediaPlayer.java( 1435): Info (704,0)
D/MediaPlayerService(  744): [8] notify (0x522e8, 200, 704, 0)
D/MstarPlayer(  744): percent: 0
W/MediaPlayer( 1435): info/warning (704, 0)
I/MediaPlayer.java( 1435): Info (704,0)
D/MediaPlayerService(  744): [8] notify (0x522e8, 200, 704, 0)
D/MstarPlayer(  744): percent: 0
W/MediaPlayer( 1435): info/warning (704, 0)
I/MediaPlayer.java( 1435): Info (704,0)
D/MediaPlayerService(  744): [8] notify (0x522e8, 200, 704, 0)
D/MstarPlayer(  744): percent: 0
W/MediaPlayer( 1435): info/warning (704, 0)
I/MediaPlayer.java( 1435): Info (704,0)
D/MediaPlayerService(  744): [8] notify (0x522e8, 200, 704, 0)
D/MstarPlayer(  744): percent: 0
W/MediaPlayer( 1435): info/warning (704, 0)
I/MediaPlayer.java( 1435): Info (704,0)
D/MediaPlayerService(  744): [8] notify (0x522e8, 200, 704, 0)
D/MstarPlayer(  744): percent: 0
W/MediaPlayer( 1435): info/warning (704, 0)
I/MediaPlayer.java( 1435): Info (704,0)
D/MediaPlayerService(  744): [8] notify (0x522e8, 200, 704, 0)
D/MstarPlayer(  744): percent: 0
W/MediaPlayer( 1435): info/warning (704, 0)
I/MediaPlayer.java( 1435): Info (704,0)
D/MediaPlayerService(  744): [8] notify (0x522e8, 200, 704, 0)
D/MstarPlayer(  744): percent: 0
W/MediaPlayer( 1435): info/warning (704, 0)
I/MediaPlayer.java( 1435): Info (704,0)
D/MediaPlayerService(  744): [8] notify (0x522e8, 200, 704, 0)
D/MstarPlayer(  744): percent: 0
W/MediaPlayer( 1435): info/warning (704, 0)
I/MediaPlayer.java( 1435): Info (704,0)
D/MediaPlayerService(  744): [8] notify (0x522e8, 200, 704, 0)
D/MstarPlayer(  744): percent: 0
W/MediaPlayer( 1435): info/warning (704, 0)
I/MediaPlayer.java( 1435): Info (704,0)
D/MediaPlayerService(  744): [8] notify (0x522e8, 200, 704, 0)
D/MstarPlayer(  744): percent: 0
W/MediaPlayer( 1435): info/warning (704, 0)
I/MediaPlayer.java( 1435): Info (704,0)
D/dalvikvm( 1505): GC_CONCURRENT freed 421K, 77% free 1412K/6019K, paused 1ms+1ms
D/MediaPlayerService(  744): [8] notify (0x522e8, 200, 704, 0)
D/MstarPlayer(  744): percent: 0
W/MediaPlayer( 1435): info/warning (704, 0)
I/MediaPlayer.java( 1435): Info (704,0)
D/DataSource_M3U8(  744): 
D/DataSource_M3U8(  744):  Warnig::  getValidBufferLength()  <  Codec require !!!
D/MediaPlayerService(  744): [8] notify (0x522e8, 200, 704, 0)
D/MstarPlayer(  744): percent: 0
W/MediaPlayer( 1435): info/warning (704, 0)
I/MediaPlayer.java( 1435): Info (704,0)
D/MediaPlayerService(  744): [8] notify (0x522e8, 200, 704, 0)
D/MstarPlayer(  744): percent: 0
W/MediaPlayer( 1435): info/warning (704, 0)
I/MediaPlayer.java( 1435): Info (704,0)
D/MediaPlayerService(  744): [8] notify (0x522e8, 200, 704, 0)
D/MstarPlayer(  744): percent: 0
W/MediaPlayer( 1435): info/warning (704, 0)
I/MediaPlayer.java( 1435): Info (704,0)
D/dalvikvm( 1505): GC_CONCURRENT freed 491K, 77% free 1399K/6019K, paused 1ms+1ms
D/MediaPlayerService(  744): [8] notify (0x522e8, 200, 704, 0)
D/MstarPlayer(  744): percent: 0
W/MediaPlayer( 1435): info/warning (704, 0)
I/MediaPlayer.java( 1435): Info (704,0)
D/MediaPlayerService(  744): [8] notify (0x522e8, 200, 704, 0)
D/MstarPlayer(  744): percent: 0
W/MediaPlayer( 1435): info/warning (704, 0)
I/MediaPlayer.java( 1435): Info (704,0)
D/MediaPlayerService(  744): [8] notify (0x522e8, 200, 704, 0)
D/MstarPlayer(  744): percent: 0
W/MediaPlayer( 1435): info/warning (704, 0)
I/MediaPlayer.java( 1435): Info (704,0)
D/dalvikvm( 1505): GC_CONCURRENT freed 475K, 78% free 1361K/6019K, paused 1ms+1ms
D/MediaPlayerService(  744): [8] notify (0x522e8, 200, 704, 0)
D/MstarPlayer(  744): percent: 0
W/MediaPlayer( 1435): info/warning (704, 0)
I/MediaPlayer.java( 1435): Info (704,0)
D/MediaPlayerService(  744): [8] notify (0x522e8, 200, 704, 0)
D/MstarPlayer(  744): percent: 0
W/MediaPlayer( 1435): info/warning (704, 0)
I/MediaPlayer.java( 1435): Info (704,0)
D/MediaPlayerService(  744): [8] notify (0x522e8, 200, 704, 0)
D/MstarPlayer(  744): percent: 0
W/MediaPlayer( 1435): info/warning (704, 0)
I/MediaPlayer.java( 1435): Info (704,0)
D/MediaPlayerService(  744): [8] notify (0x522e8, 200, 704, 0)
D/MstarPlayer(  744): percent: 0
W/MediaPlayer( 1435): info/warning (704, 0)
I/MediaPlayer.java( 1435): Info (704,0)
D/MediaPlayerService(  744): [8] notify (0x522e8, 200, 704, 0)
D/MstarPlayer(  744): percent: 0
W/MediaPlayer( 1435): info/warning (704, 0)
I/MediaPlayer.java( 1435): Info (704,0)
D/dalvikvm( 1505): GC_CONCURRENT freed 445K, 77% free 1411K/6019K, paused 2ms+2ms
D/MediaPlayerService(  744): [8] notify (0x522e8, 200, 704, 0)
D/MstarPlayer(  744): percent: 0
W/MediaPlayer( 1435): info/warning (704, 0)
I/MediaPlayer.java( 1435): Info (704,0)
D/MediaPlayerService(  744): [8] notify (0x522e8, 200, 704, 0)
D/MstarPlayer(  744): percent: 0
W/MediaPlayer( 1435): info/warning (704, 0)
I/MediaPlayer.java( 1435): Info (704,0)
D/MediaPlayerService(  744): [8] notify (0x522e8, 200, 704, 0)
D/MstarPlayer(  744): percent: 0
W/MediaPlayer( 1435): info/warning (704, 0)
I/MediaPlayer.java( 1435): Info (704,0)
D/MediaPlayerService(  744): [8] notify (0x522e8, 200, 704, 0)
D/MstarPlayer(  744): percent: 0
W/MediaPlayer( 1435): info/warning (704, 0)
I/MediaPlayer.java( 1435): Info (704,0)
D/DataSource_M3U8(  744): ----------UpdatePlaylistThread runing... 
D/MediaPlayerService(  744): [8] notify (0x522e8, 200, 704, 0)
D/MstarPlayer(  744): percent: 0
W/MediaPlayer( 1435): info/warning (704, 0)
I/MediaPlayer.java( 1435): Info (704,0)
D/MediaPlayerService(  744): [8] notify (0x522e8, 200, 704, 0)
D/MstarPlayer(  744): percent: 0
W/MediaPlayer( 1435): info/warning (704, 0)
I/MediaPlayer.java( 1435): Info (704,0)
D/MediaPlayerService(  744): [8] notify (0x522e8, 200, 704, 0)
D/MstarPlayer(  744): percent: 0
W/MediaPlayer( 1435): info/warning (704, 0)
I/MediaPlayer.java( 1435): Info (704,0)
D/MediaPlayerService(  744): [8] notify (0x522e8, 200, 704, 0)
D/MstarPlayer(  744): percent: 0
W/MediaPlayer( 1435): info/warning (704, 0)
I/MediaPlayer.java( 1435): Info (704,0)
D/DataSource_M3U8(  744): 
D/DataSource_M3U8(  744):  Warnig::  getValidBufferLength()  <  Codec require !!!
D/MediaPlayerService(  744): [8] notify (0x522e8, 200, 704, 0)
D/MstarPlayer(  744): percent: 0
W/MediaPlayer( 1435): info/warning (704, 0)
I/MediaPlayer.java( 1435): Info (704,0)
D/MediaPlayerService(  744): [8] notify (0x522e8, 200, 704, 0)
D/MstarPlayer(  744): percent: 0
W/MediaPlayer( 1435): info/warning (704, 0)
I/MediaPlayer.java( 1435): Info (704,0)
D/MediaPlayerService(  744): [8] notify (0x522e8, 200, 704, 0)
D/MstarPlayer(  744): percent: 0
W/MediaPlayer( 1435): info/warning (704, 0)
I/MediaPlayer.java( 1435): Info (704,0)
D/MediaPlayerService(  744): [8] notify (0x522e8, 200, 704, 0)
D/MstarPlayer(  744): percent: 0
W/MediaPlayer( 1435): info/warning (704, 0)
I/MediaPlayer.java( 1435): Info (704,0)
D/MediaPlayerService(  744): [8] notify (0x522e8, 200, 704, 0)
D/MstarPlayer(  744): percent: 0
W/MediaPlayer( 1435): info/warning (704, 0)
I/MediaPlayer.java( 1435): Info (704,0)
D/MediaPlayerService(  744): [8] notify (0x522e8, 200, 704, 0)
D/MstarPlayer(  744): percent: 0
W/MediaPlayer( 1435): info/warning (704, 0)
I/MediaPlayer.java( 1435): Info (704,0)
D/MediaPlayerService(  744): [8] notify (0x522e8, 200, 704, 0)
D/MstarPlayer(  744): percent: 0
W/MediaPlayer( 1435): info/warning (704, 0)
I/MediaPlayer.java( 1435): Info (704,0)
D/MediaPlayerService(  744): [8] notify (0x522e8, 200, 704, 0)
D/MstarPlayer(  744): percent: 0
W/MediaPlayer( 1435): info/warning (704, 0)
I/MediaPlayer.java( 1435): Info (704,0)
D/MediaPlayerService(  744): [8] notify (0x522e8, 200, 704, 0)
D/MstarPlayer(  744): percent: 0
W/MediaPlayer( 1435): info/warning (704, 0)
I/MediaPlayer.java( 1435): Info (704,0)
D/MediaPlayerService(  744): [8] notify (0x522e8, 200, 704, 0)
D/MstarPlayer(  744): percent: 0
W/MediaPlayer( 1435): info/warning (704, 0)
I/MediaPlayer.java( 1435): Info (704,0)
D/MediaPlayerService(  744): [8] notify (0x522e8, 200, 704, 0)
D/MstarPlayer(  744): percent: 0
W/MediaPlayer( 1435): info/warning (704, 0)
I/MediaPlayer.java( 1435): Info (704,0)
D/MediaPlayerService(  744): [8] notify (0x522e8, 200, 704, 0)
D/MstarPlayer(  744): percent: 0
W/MediaPlayer( 1435): info/warning (704, 0)
I/MediaPlayer.java( 1435): Info (704,0)
D/dalvikvm( 1505): GC_CONCURRENT freed 500K, 77% free 1391K/6019K, paused 1ms+1ms
D/MediaPlayerService(  744): [8] notify (0x522e8, 200, 704, 0)
D/MstarPlayer(  744): percent: 0
W/MediaPlayer( 1435): info/warning (704, 0)
I/MediaPlayer.java( 1435): Info (704,0)
D/MediaPlayerService(  744): [8] notify (0x522e8, 200, 704, 0)
D/MstarPlayer(  744): percent: 0
W/MediaPlayer( 1435): info/warning (704, 0)
I/MediaPlayer.java( 1435): Info (704,0)
D/MediaPlayerService(  744): [8] notify (0x522e8, 200, 704, 0)
D/MstarPlayer(  744): percent: 0
W/MediaPlayer( 1435): info/warning (704, 0)
I/MediaPlayer.java( 1435): Info (704,0)
D/MediaPlayerService(  744): [8] notify (0x522e8, 200, 704, 0)
D/MstarPlayer(  744): percent: 0
W/MediaPlayer( 1435): info/warning (704, 0)
I/MediaPlayer.java( 1435): Info (704,0)
D/MediaPlayerService(  744): [8] notify (0x522e8, 200, 704, 0)
D/MstarPlayer(  744): percent: 0
W/MediaPlayer( 1435): info/warning (704, 0)
I/MediaPlayer.java( 1435): Info (704,0)
D/MediaPlayerService(  744): [8] notify (0x522e8, 200, 704, 0)
D/MstarPlayer(  744): percent: 0
W/MediaPlayer( 1435): info/warning (704, 0)
I/MediaPlayer.java( 1435): Info (704,0)
D/MediaPlayerService(  744): [8] notify (0x522e8, 200, 704, 0)
D/MstarPlayer(  744): percent: 0
W/MediaPlayer( 1435): info/warning (704, 0)
I/MediaPlayer.java( 1435): Info (704,0)
D/MediaPlayerService(  744): [8] notify (0x522e8, 200, 704, 0)
D/MstarPlayer(  744): percent: 0
W/MediaPlayer( 1435): info/warning (704, 0)
I/MediaPlayer.java( 1435): Info (704,0)
D/DataSource_M3U8(  744): 
D/DataSource_M3U8(  744):  Warnig::  getValidBufferLength()  <  Codec require !!!
D/MediaPlayerService(  744): [8] notify (0x522e8, 200, 704, 0)
D/MstarPlayer(  744): percent: 0
W/MediaPlayer( 1435): info/warning (704, 0)
I/MediaPlayer.java( 1435): Info (704,0)
D/MediaPlayerService(  744): [8] notify (0x522e8, 200, 704, 0)
D/MstarPlayer(  744): percent: 0
W/MediaPlayer( 1435): info/warning (704, 0)
I/MediaPlayer.java( 1435): Info (704,0)
D/MediaPlayerService(  744): [8] notify (0x522e8, 200, 704, 0)
D/MstarPlayer(  744): percent: 0
W/MediaPlayer( 1435): info/warning (704, 0)
I/MediaPlayer.java( 1435): Info (704,0)
D/MediaPlayerService(  744): [8] notify (0x522e8, 200, 704, 0)
D/MstarPlayer(  744): percent: 0
W/MediaPlayer( 1435): info/warning (704, 0)
I/MediaPlayer.java( 1435): Info (704,0)
D/MediaPlayerService(  744): [8] notify (0x522e8, 200, 704, 0)
D/MstarPlayer(  744): percent: 0
W/MediaPlayer( 1435): info/warning (704, 0)
I/MediaPlayer.java( 1435): Info (704,0)
D/MediaPlayerService(  744): [8] notify (0x522e8, 200, 704, 0)
D/MstarPlayer(  744): percent: 0
W/MediaPlayer( 1435): info/warning (704, 0)
I/MediaPlayer.java( 1435): Info (704,0)
D/MediaPlayerService(  744): [8] notify (0x522e8, 200, 704, 0)
D/MstarPlayer(  744): percent: 0
W/MediaPlayer( 1435): info/warning (704, 0)
I/MediaPlayer.java( 1435): Info (704,0)
D/MediaPlayerService(  744): [8] notify (0x522e8, 200, 704, 0)
D/MstarPlayer(  744): percent: 0
W/MediaPlayer( 1435): info/warning (704, 0)
I/MediaPlayer.java( 1435): Info (704,0)
D/MediaPlayerService(  744): [8] notify (0x522e8, 200, 704, 0)
D/MstarPlayer(  744): percent: 0
W/MediaPlayer( 1435): info/warning (704, 0)
I/MediaPlayer.java( 1435): Info (704,0)
D/MediaPlayerService(  744): [8] notify (0x522e8, 200, 704, 0)
D/MstarPlayer(  744): percent: 0
W/MediaPlayer( 1435): info/warning (704, 0)
I/MediaPlayer.java( 1435): Info (704,0)
D/MediaPlayerService(  744): [8] notify (0x522e8, 200, 704, 0)
D/MstarPlayer(  744): percent: 0
W/MediaPlayer( 1435): info/warning (704, 0)
I/MediaPlayer.java( 1435): Info (704,0)
D/MediaPlayerService(  744): [8] notify (0x522e8, 200, 704, 0)
D/MstarPlayer(  744): percent: 0
W/MediaPlayer( 1435): info/warning (704, 0)
I/MediaPlayer.java( 1435): Info (704,0)
D/MediaPlayerService(  744): [8] notify (0x522e8, 200, 704, 0)
W/MediaPlayer( 1435): info/warning (704, 0)
I/MediaPlayer.java( 1435): Info (704,0)
D/MstarPlayer(  744): percent: 0
D/MediaPlayerService(  744): [8] notify (0x522e8, 200, 704, 0)
W/MediaPlayer( 1435): info/warning (704, 0)
I/MediaPlayer.java( 1435): Info (704,0)
D/MstarPlayer(  744): percent: 0
D/MediaPlayerService(  744): [8] notify (0x522e8, 200, 704, 0)
W/MediaPlayer( 1435): info/warning (704, 0)
I/MediaPlayer.java( 1435): Info (704,0)
D/MstarPlayer(  744): percent: 0
D/MediaPlayerService(  744): [8] notify (0x522e8, 200, 704, 0)
W/MediaPlayer( 1435): info/warning (704, 0)
I/MediaPlayer.java( 1435): Info (704,0)
D/MstarPlayer(  744): percent: 0
D/MediaPlayerService(  744): [8] notify (0x522e8, 200, 704, 0)
W/MediaPlayer( 1435): info/warning (704, 0)
I/MediaPlayer.java( 1435): Info (704,0)
D/MstarPlayer(  744): percent: 0
D/MediaPlayerService(  744): [8] notify (0x522e8, 200, 704, 0)
D/MstarPlayer(  744): percent: 0
W/MediaPlayer( 1435): info/warning (704, 0)
I/MediaPlayer.java( 1435): Info (704,0)
D/MediaPlayerService(  744): [8] notify (0x522e8, 200, 704, 0)
D/MstarPlayer(  744): percent: 0
W/MediaPlayer( 1435): info/warning (704, 0)
I/MediaPlayer.java( 1435): Info (704,0)
D/MediaPlayerService(  744): [8] notify (0x522e8, 200, 704, 0)
D/MstarPlayer(  744): percent: 0
W/MediaPlayer( 1435): info/warning (704, 0)
I/MediaPlayer.java( 1435): Info (704,0)
D/DataSource_M3U8(  744): 
D/DataSource_M3U8(  744):  Warnig::  getValidBufferLength()  <  Codec require !!!
D/MediaPlayerService(  744): [8] notify (0x522e8, 200, 704, 0)
D/MstarPlayer(  744): percent: 0
W/MediaPlayer( 1435): info/warning (704, 0)
I/MediaPlayer.java( 1435): Info (704,0)
D/MediaPlayerService(  744): [8] notify (0x522e8, 200, 704, 0)
D/MstarPlayer(  744): percent: 0
W/MediaPlayer( 1435): info/warning (704, 0)
I/MediaPlayer.java( 1435): Info (704,0)
D/MediaPlayerService(  744): [8] notify (0x522e8, 200, 704, 0)
D/MstarPlayer(  744): percent: 0
W/MediaPlayer( 1435): info/warning (704, 0)
I/MediaPlayer.java( 1435): Info (704,0)
D/MediaPlayerService(  744): [8] notify (0x522e8, 200, 704, 0)
D/MstarPlayer(  744): percent: 0
W/MediaPlayer( 1435): info/warning (704, 0)
I/MediaPlayer.java( 1435): Info (704,0)
D/MediaPlayerService(  744): [8] notify (0x522e8, 200, 704, 0)
D/MstarPlayer(  744): percent: 0
W/MediaPlayer( 1435): info/warning (704, 0)
I/MediaPlayer.java( 1435): Info (704,0)
D/Downloader(  744): Downloadserver bandWidth:1000718
D/Downloader(  744): Downloadserver bandWidth:1000718
D/Downloader(  744): Downloadserver bandWidth:1000718
D/Downloader(  744): Downloadserver bandWidth:1000600
D/MediaPlayerService(  744): [8] notify (0x522e8, 200, 704, 0)
D/MstarPlayer(  744): percent: 0
W/MediaPlayer( 1435): info/warning (704, 0)
I/MediaPlayer.java( 1435): Info (704,0)
D/DataSource_M3U8(  744): u32HLSSreamNum[0]===>u32BandWidth:1200000 
D/DataSource_M3U8(  744): getHLSPlayListInex  DownloadBandWidth:1000600   uInDex=0
D/DataSource_M3U8(  744): [M3U8] checkShouldStartNext :[3](1062012/1062012)   sequence:0  start next:4  
D/DataSource_M3U8(  744): 
D/DataSource_M3U8(  744): 
D/DataSource_M3U8(  744): 
D/DataSource_M3U8(  744): [M3U8]-7----->This :0x30fd0 --> post cmd for start next url:http://cibn-iss1.longvisionmedia.com:8088/vod/CIBN2013_CIBN2113040100001913_12001300/4.ts, knowedFileSize:0, mCurDowningIndex:3
D/DataSource_M3U8(  744): 
D/DataSource_M3U8(  744): 
D/Downloader(  744): [downloadThread]Downloader::removeTask  
D/Downloader(  744): [downloadThread]task have range string:0- 
D/MediaPlayerService(  744): [8] notify (0x522e8, 200, 704, 0)
D/MstarPlayer(  744): percent: 0
W/MediaPlayer( 1435): info/warning (704, 0)
I/MediaPlayer.java( 1435): Info (704,0)
D/MediaPlayerService(  744): [8] notify (0x522e8, 200, 704, 0)
D/MstarPlayer(  744): percent: 0
W/MediaPlayer( 1435): info/warning (704, 0)
I/MediaPlayer.java( 1435): Info (704,0)
D/MediaPlayerService(  744): [8] notify (0x522e8, 200, 704, 0)
D/MstarPlayer(  744): percent: 0
W/MediaPlayer( 1435): info/warning (704, 0)
I/MediaPlayer.java( 1435): Info (704,0)
D/MediaPlayerService(  744): [8] notify (0x522e8, 200, 704, 0)
D/MstarPlayer(  744): percent: 0
W/MediaPlayer( 1435): info/warning (704, 0)
I/MediaPlayer.java( 1435): Info (704,0)
D/MediaPlayerService(  744): [8] notify (0x522e8, 200, 704, 0)
D/MstarPlayer(  744): percent: 0
W/MediaPlayer( 1435): info/warning (704, 0)
I/MediaPlayer.java( 1435): Info (704,0)
D/MediaPlayerService(  744): [8] notify (0x522e8, 200, 704, 0)
D/MstarPlayer(  744): percent: 0
W/MediaPlayer( 1435): info/warning (704, 0)
I/MediaPlayer.java( 1435): Info (704,0)
D/MediaPlayerService(  744): [8] notify (0x522e8, 200, 704, 0)
D/MstarPlayer(  744): percent: 0
W/MediaPlayer( 1435): info/warning (704, 0)
I/MediaPlayer.java( 1435): Info (704,0)
D/MediaPlayerService(  744): [8] notify (0x522e8, 200, 704, 0)
D/MstarPlayer(  744): percent: 0
W/MediaPlayer( 1435): info/warning (704, 0)
I/MediaPlayer.java( 1435): Info (704,0)
D/MediaPlayerService(  744): [8] notify (0x522e8, 200, 704, 0)
D/MstarPlayer(  744): percent: 0
W/MediaPlayer( 1435): info/warning (704, 0)
I/MediaPlayer.java( 1435): Info (704,0)
D/MediaPlayerService(  744): [8] notify (0x522e8, 200, 704, 0)
D/MstarPlayer(  744): percent: 0
W/MediaPlayer( 1435): info/warning (704, 0)
I/MediaPlayer.java( 1435): Info (704,0)
D/MediaPlayerService(  744): [8] notify (0x522e8, 200, 704, 0)
W/MediaPlayer( 1435): info/warning (704, 0)
I/MediaPlayer.java( 1435): Info (704,0)
D/MstarPlayer(  744): percent: 0
D/MediaPlayerService(  744): [8] notify (0x522e8, 200, 704, 0)
W/MediaPlayer( 1435): info/warning (704, 0)
I/MediaPlayer.java( 1435): Info (704,0)
D/MstarPlayer(  744): percent: 0
D/MediaPlayerService(  744): [8] notify (0x522e8, 200, 704, 0)
W/MediaPlayer( 1435): info/warning (704, 0)
I/MediaPlayer.java( 1435): Info (704,0)
D/MstarPlayer(  744): percent: 0
D/MediaPlayerService(  744): [8] notify (0x522e8, 200, 704, 0)
W/MediaPlayer( 1435): info/warning (704, 0)
I/MediaPlayer.java( 1435): Info (704,0)
D/MstarPlayer(  744): percent: 0
D/MediaPlayerService(  744): [8] notify (0x522e8, 200, 704, 0)
D/MstarPlayer(  744): percent: 0
W/MediaPlayer( 1435): info/warning (704, 0)
I/MediaPlayer.java( 1435): Info (704,0)
D/MediaPlayerService(  744): [8] notify (0x522e8, 200, 704, 0)
D/MstarPlayer(  744): percent: 0
W/MediaPlayer( 1435): info/warning (704, 0)
I/MediaPlayer.java( 1435): Info (704,0)
D/MediaPlayerService(  744): [8] notify (0x522e8, 200, 704, 0)
D/MstarPlayer(  744): percent: 0
W/MediaPlayer( 1435): info/warning (704, 0)
I/MediaPlayer.java( 1435): Info (704,0)
D/MediaPlayerService(  744): [8] notify (0x522e8, 200, 704, 0)
D/MstarPlayer(  744): percent: 0
W/MediaPlayer( 1435): info/warning (704, 0)
I/MediaPlayer.java( 1435): Info (704,0)
D/MediaPlayerService(  744): [8] notify (0x522e8, 200, 704, 0)
D/MstarPlayer(  744): percent: 0
W/MediaPlayer( 1435): info/warning (704, 0)
I/MediaPlayer.java( 1435): Info (704,0)
D/MediaPlayerService(  744): [8] notify (0x522e8, 200, 704, 0)
D/MstarPlayer(  744): percent: 0
W/MediaPlayer( 1435): info/warning (704, 0)
I/MediaPlayer.java( 1435): Info (704,0)
D/MediaPlayerService(  744): [8] notify (0x522e8, 200, 704, 0)
D/MstarPlayer(  744): percent: 0
W/MediaPlayer( 1435): info/warning (704, 0)
I/MediaPlayer.java( 1435): Info (704,0)
D/MediaPlayerService(  744): [8] notify (0x522e8, 200, 704, 0)
D/MstarPlayer(  744): percent: 0
W/MediaPlayer( 1435): info/warning (704, 0)
I/MediaPlayer.java( 1435): Info (704,0)
D/MediaPlayerService(  744): [8] notify (0x522e8, 200, 704, 0)
D/MstarPlayer(  744): percent: 0
W/MediaPlayer( 1435): info/warning (704, 0)
I/MediaPlayer.java( 1435): Info (704,0)
D/MediaPlayerService(  744): [8] notify (0x522e8, 200, 704, 0)
D/MstarPlayer(  744): percent: 0
W/MediaPlayer( 1435): info/warning (704, 0)
I/MediaPlayer.java( 1435): Info (704,0)
D/MediaPlayerService(  744): [8] notify (0x522e8, 200, 704, 0)
D/MstarPlayer(  744): percent: 0
W/MediaPlayer( 1435): info/warning (704, 0)
I/MediaPlayer.java( 1435): Info (704,0)
D/MediaPlayerService(  744): [8] notify (0x522e8, 200, 704, 0)
D/MstarPlayer(  744): percent: 0
W/MediaPlayer( 1435): info/warning (704, 0)
I/MediaPlayer.java( 1435): Info (704,0)
D/MediaPlayerService(  744): [8] notify (0x522e8, 200, 704, 0)
D/MstarPlayer(  744): percent: 0
W/MediaPlayer( 1435): info/warning (704, 0)
I/MediaPlayer.java( 1435): Info (704,0)
D/MediaPlayerService(  744): [8] notify (0x522e8, 200, 704, 0)
D/MstarPlayer(  744): percent: 0
W/MediaPlayer( 1435): info/warning (704, 0)
I/MediaPlayer.java( 1435): Info (704,0)
D/MediaPlayerService(  744): [8] notify (0x522e8, 200, 704, 0)
D/MstarPlayer(  744): percent: 0
W/MediaPlayer( 1435): info/warning (704, 0)
I/MediaPlayer.java( 1435): Info (704,0)
D/MediaPlayerService(  744): [8] notify (0x522e8, 200, 704, 0)
D/MstarPlayer(  744): percent: 0
W/MediaPlayer( 1435): info/warning (704, 0)
I/MediaPlayer.java( 1435): Info (704,0)
D/dalvikvm( 1505): GC_CONCURRENT freed 469K, 79% free 1313K/6019K, paused 1ms+1ms
D/MediaPlayerService(  744): [8] notify (0x522e8, 200, 704, 0)
D/MstarPlayer(  744): percent: 0
W/MediaPlayer( 1435): info/warning (704, 0)
I/MediaPlayer.java( 1435): Info (704,0)
D/HomePlayerLib( 1505): hostaddress count is 1
D/MediaPlayerService(  744): [8] notify (0x522e8, 200, 704, 0)
D/MstarPlayer(  744): percent: 0
W/MediaPlayer( 1435): info/warning (704, 0)
I/MediaPlayer.java( 1435): Info (704,0)
D/dalvikvm( 1505): GC_CONCURRENT freed 410K, 79% free 1287K/6019K, paused 1ms+2ms
D/MediaPlayerService(  744): [8] notify (0x522e8, 200, 704, 0)
D/MstarPlayer(  744): percent: 0
W/MediaPlayer( 1435): info/warning (704, 0)
I/MediaPlayer.java( 1435): Info (704,0)
D/dalvikvm( 1505): GC_CONCURRENT freed 379K, 77% free 1421K/6019K, paused 1ms+1ms
D/MediaPlayerService(  744): [8] notify (0x522e8, 200, 704, 0)
D/MstarPlayer(  744): percent: 0
W/MediaPlayer( 1435): info/warning (704, 0)
I/MediaPlayer.java( 1435): Info (704,0)
D/DataSource_M3U8(  744): 
D/DataSource_M3U8(  744):  Warnig::  getValidBufferLength()  <  Codec require !!!
D/MediaPlayerService(  744): [8] notify (0x522e8, 200, 704, 0)
D/MstarPlayer(  744): percent: 0
W/MediaPlayer( 1435): info/warning (704, 0)
I/MediaPlayer.java( 1435): Info (704,0)
D/dalvikvm( 1505): GC_CONCURRENT freed 511K, 79% free 1320K/6019K, paused 1ms+1ms
D/MediaPlayerService(  744): [8] notify (0x522e8, 200, 704, 0)
D/MstarPlayer(  744): percent: 0
W/MediaPlayer( 1435): info/warning (704, 0)
I/MediaPlayer.java( 1435): Info (704,0)
D/MediaPlayerService(  744): [8] notify (0x522e8, 200, 704, 0)
D/MstarPlayer(  744): percent: 0
W/MediaPlayer( 1435): info/warning (704, 0)
I/MediaPlayer.java( 1435): Info (704,0)
D/dalvikvm( 1505): GC_CONCURRENT freed 395K, 79% free 1317K/6019K, paused 1ms+1ms
D/MediaPlayerService(  744): [8] notify (0x522e8, 200, 704, 0)
D/MstarPlayer(  744): percent: 0
W/MediaPlayer( 1435): info/warning (704, 0)
I/MediaPlayer.java( 1435): Info (704,0)
D/dalvikvm( 1505): GC_CONCURRENT freed 391K, 78% free 1328K/6019K, paused 0ms+1ms
D/MediaPlayerService(  744): [8] notify (0x522e8, 200, 704, 0)
D/MstarPlayer(  744): percent: 0
W/MediaPlayer( 1435): info/warning (704, 0)
I/MediaPlayer.java( 1435): Info (704,0)
D/MediaPlayerService(  744): [8] notify (0x522e8, 200, 704, 0)
D/MstarPlayer(  744): percent: 0
W/MediaPlayer( 1435): info/warning (704, 0)
I/MediaPlayer.java( 1435): Info (704,0)
D/dalvikvm( 1505): GC_CONCURRENT freed 389K, 77% free 1390K/6019K, paused 2ms+1ms
D/MediaPlayerService(  744): [8] notify (0x522e8, 200, 704, 0)
D/MstarPlayer(  744): percent: 0
W/MediaPlayer( 1435): info/warning (704, 0)
I/MediaPlayer.java( 1435): Info (704,0)
D/dalvikvm( 1505): GC_CONCURRENT freed 460K, 79% free 1313K/6019K, paused 1ms+1ms
D/MediaPlayerService(  744): [8] notify (0x522e8, 200, 704, 0)
D/MstarPlayer(  744): percent: 0
W/MediaPlayer( 1435): info/warning (704, 0)
I/MediaPlayer.java( 1435): Info (704,0)
D/MediaPlayerService(  744): [8] notify (0x522e8, 200, 704, 0)
D/MstarPlayer(  744): percent: 0
W/MediaPlayer( 1435): info/warning (704, 0)
I/MediaPlayer.java( 1435): Info (704,0)
D/MediaPlayerService(  744): [8] notify (0x522e8, 200, 704, 0)
D/MstarPlayer(  744): percent: 0
W/MediaPlayer( 1435): info/warning (704, 0)
I/MediaPlayer.java( 1435): Info (704,0)
D/dalvikvm( 1505): GC_CONCURRENT freed 364K, 78% free 1336K/6019K, paused 1ms+1ms
D/MediaPlayerService(  744): [8] notify (0x522e8, 200, 704, 0)
D/MstarPlayer(  744): percent: 0
W/MediaPlayer( 1435): info/warning (704, 0)
I/MediaPlayer.java( 1435): Info (704,0)
[ 2014.716041] IR: [03932] scan key value is 0xec13c936 
[ 2014.716046]  D/MediaPlayerService(  744): [8] notify (0x522e8, 200, 704, 0)
D/MstarPlayer(  744): percent: 0
W/MediaPlayer( 1435): info/warning (704, 0)
I/MediaPlayer.java( 1435): Info (704,0)

[ 2014.767183] IR: [03932] scan key value is 0xec13c936 
[ 2014.767188]  D/MediaPlayerService(  744): [8] notify (0x522e8, 200, 704, 0)
D/MstarPlayer(  744): percent: 0
W/MediaPlayer( 1435): info/warning (704, 0)
I/MediaPlayer.java( 1435): Info (704,0)
D/MediaPlayerService(  744): [8] notify (0x522e8, 200, 704, 0)
D/MstarPlayer(  744): percent: 0
W/MediaPlayer( 1435): info/warning (704, 0)
I/MediaPlayer.java( 1435): Info (704,0)
D/MediaPlayerService(  744): [8] notify (0x522e8, 200, 704, 0)
D/MstarPlayer(  744): percent: 0
W/MediaPlayer( 1435): info/warning (704, 0)
D/dalvikvm( 1505): GC_CONCURRENT freed 410K, 78% free 1334K/6019K, paused 1ms+2ms
I/MediaPlayer.java( 1435): Info (704,0)
D/MediaPlayerService(  744): [8] notify (0x522e8, 200, 704, 0)
D/MstarPlayer(  744): percent: 0
W/MediaPlayer( 1435): info/warning (704, 0)
I/MediaPlayer.java( 1435): Info (704,0)
D/dalvikvm( 1505): GC_CONCURRENT freed 411K, 78% free 1345K/6019K, paused 1ms+1ms
D/MediaPlayerService(  744): [8] notify (0x522e8, 200, 704, 0)
D/MstarPlayer(  744): percent: 0
W/MediaPlayer( 1435): info/warning (704, 0)
D/InputEventConsistencyVerifier( 1435): KeyEvent: ACTION_UP but key was not down.
D/InputEventConsistencyVerifier( 1435):   in com.android.internal.policy.impl.PhoneWindow$DecorView@41960db0
D/InputEventConsistencyVerifier( 1435):   0: sent at 2014936000000, KeyEvent { action=ACTION_UP, keyCode=KEYCODE_ENTER, scanCode=28, metaState=0, flags=0x8, repeatCount=0, eventTime=2014936, downTime=2014721, deviceId=2, source=0x101 }
I/MediaPlayer.java( 1435): Info (704,0)
D/MediaPlayerService(  744): [8] notify (0x522e8, 200, 704, 0)
D/MstarPlayer(  744): percent: 0
W/MediaPlayer( 1435): info/warning (704, 0)
I/MediaPlayer.java( 1435): Info (704,0)
D/MediaPlayerService(  744): [8] notify (0x522e8, 200, 704, 0)
D/MstarPlayer(  744): percent: 0
W/MediaPlayer( 1435): info/warning (704, 0)
I/MediaPlayer.java( 1435): Info (704,0)
D/MediaPlayerService(  744): [8] notify (0x522e8, 200, 704, 0)
D/MstarPlayer(  744): percent: 0
W/MediaPlayer( 1435): info/warning (704, 0)
D/DataSource_M3U8(  744): 
D/DataSource_M3U8(  744):  Warnig::  getValidBufferLength()  <  Codec require !!!
I/MediaPlayer.java( 1435): Info (704,0)
D/MediaPlayerService(  744): [8] notify (0x522e8, 200, 704, 0)
D/MstarPlayer(  744): percent: 0
W/MediaPlayer( 1435): info/warning (704, 0)
I/MediaPlayer.java( 1435): Info (704,0)
D/MediaPlayerService(  744): [8] notify (0x522e8, 200, 704, 0)
D/MstarPlayer(  744): percent: 0
W/MediaPlayer( 1435): info/warning (704, 0)
I/MediaPlayer.java( 1435): Info (704,0)
D/MediaPlayerService(  744): [8] notify (0x522e8, 200, 704, 0)
D/MstarPlayer(  744): percent: 0
W/MediaPlayer( 1435): info/warning (704, 0)
I/MediaPlayer.java( 1435): Info (704,0)
D/MediaPlayerService(  744): [8] notify (0x522e8, 200, 704, 0)
D/MstarPlayer(  744): percent: 0
W/MediaPlayer( 1435): info/warning (704, 0)
I/MediaPlayer.java( 1435): Info (704,0)
D/MediaPlayerService(  744): [8] notify (0x522e8, 200, 704, 0)
D/MstarPlayer(  744): percent: 0
W/MediaPlayer( 1435): info/warning (704, 0)
I/MediaPlayer.java( 1435): Info (704,0)
D/MediaPlayerService(  744): [8] notify (0x522e8, 200, 704, 0)
D/MstarPlayer(  744): percent: 0
W/MediaPlayer( 1435): info/warning (704, 0)
I/MediaPlayer.java( 1435): Info (704,0)
D/MediaPlayerService(  744): [8] notify (0x522e8, 200, 704, 0)
D/MstarPlayer(  744): percent: 0
W/MediaPlayer( 1435): info/warning (704, 0)
I/MediaPlayer.java( 1435): Info (704,0)
D/MediaPlayerService(  744): [8] notify (0x522e8, 200, 704, 0)
D/MstarPlayer(  744): percent: 0
W/MediaPlayer( 1435): info/warning (704, 0)
I/MediaPlayer.java( 1435): Info (704,0)
D/MediaPlayerService(  744): [8] notify (0x522e8, 200, 704, 0)
D/MstarPlayer(  744): percent: 0
W/MediaPlayer( 1435): info/warning (704, 0)
I/MediaPlayer.java( 1435): Info (704,0)
D/MediaPlayerService(  744): [8] notify (0x522e8, 200, 704, 0)
D/MstarPlayer(  744): percent: 0
W/MediaPlayer( 1435): info/warning (704, 0)
I/MediaPlayer.java( 1435): Info (704,0)
D/MediaPlayerService(  744): [8] notify (0x522e8, 200, 704, 0)
D/MstarPlayer(  744): percent: 0
W/MediaPlayer( 1435): info/warning (704, 0)
I/MediaPlayer.java( 1435): Info (704,0)
D/MediaPlayerService(  744): [8] notify (0x522e8, 200, 704, 0)
D/MstarPlayer(  744): percent: 0
W/MediaPlayer( 1435): info/warning (704, 0)
I/MediaPlayer.java( 1435): Info (704,0)
D/MediaPlayerService(  744): [8] notify (0x522e8, 200, 704, 0)
D/MstarPlayer(  744): percent: 0
W/MediaPlayer( 1435): info/warning (704, 0)
I/MediaPlayer.java( 1435): Info (704,0)
D/dalvikvm( 1505): GC_CONCURRENT freed 405K, 78% free 1333K/6019K, paused 1ms+2ms
D/MediaPlayerService(  744): [8] notify (0x522e8, 200, 704, 0)
D/MstarPlayer(  744): percent: 0
W/MediaPlayer( 1435): info/warning (704, 0)
I/MediaPlayer.java( 1435): Info (704,0)
D/MediaPlayerService(  744): [8] notify (0x522e8, 200, 704, 0)
D/MstarPlayer(  744): percent: 0
W/MediaPlayer( 1435): info/warning (704, 0)
I/MediaPlayer.java( 1435): Info (704,0)
D/MediaPlayerService(  744): [8] notify (0x522e8, 200, 704, 0)
D/MstarPlayer(  744): percent: 0
W/MediaPlayer( 1435): info/warning (704, 0)
I/MediaPlayer.java( 1435): Info (704,0)
D/MediaPlayerService(  744): [8] notify (0x522e8, 200, 704, 0)
D/MstarPlayer(  744): percent: 0
W/MediaPlayer( 1435): info/warning (704, 0)
I/MediaPlayer.java( 1435): Info (704,0)
D/MediaPlayerService(  744): [8] notify (0x522e8, 200, 704, 0)
D/MstarPlayer(  744): percent: 0
W/MediaPlayer( 1435): info/warning (704, 0)
I/MediaPlayer.java( 1435): Info (704,0)
D/dalvikvm( 1505): GC_CONCURRENT freed 403K, 79% free 1320K/6019K, paused 1ms+1ms
D/MediaPlayerService(  744): [8] notify (0x522e8, 200, 704, 0)
D/MstarPlayer(  744): percent: 0
W/MediaPlayer( 1435): info/warning (704, 0)
I/MediaPlayer.java( 1435): Info (704,0)
D/MediaPlayerService(  744): [8] notify (0x522e8, 200, 704, 0)
D/MstarPlayer(  744): percent: 0
W/MediaPlayer( 1435): info/warning (704, 0)
I/MediaPlayer.java( 1435): Info (704,0)
D/DataSource_M3U8(  744): 
D/DataSource_M3U8(  744):  Warnig::  getValidBufferLength()  <  Codec require !!!
D/MediaPlayerService(  744): [8] notify (0x522e8, 200, 704, 0)
D/MstarPlayer(  744): percent: 0
W/MediaPlayer( 1435): info/warning (704, 0)
I/MediaPlayer.java( 1435): Info (704,0)
D/dalvikvm( 1505): GC_CONCURRENT freed 396K, 78% free 1328K/6019K, paused 2ms+1ms
D/MediaPlayerService(  744): [8] notify (0x522e8, 200, 704, 0)
D/MstarPlayer(  744): percent: 0
W/MediaPlayer( 1435): info/warning (704, 0)
I/MediaPlayer.java( 1435): Info (704,0)
D/MediaPlayerService(  744): [8] notify (0x522e8, 200, 704, 0)
D/MstarPlayer(  744): percent: 0
W/MediaPlayer( 1435): info/warning (704, 0)
I/MediaPlayer.java( 1435): Info (704,0)
D/MediaPlayerService(  744): [8] notify (0x522e8, 200, 704, 0)
D/MstarPlayer(  744): percent: 0
W/MediaPlayer( 1435): info/warning (704, 0)
I/MediaPlayer.java( 1435): Info (704,0)
D/MediaPlayerService(  744): [8] notify (0x522e8, 200, 704, 0)
D/MstarPlayer(  744): percent: 0
W/MediaPlayer( 1435): info/warning (704, 0)
I/MediaPlayer.java( 1435): Info (704,0)
D/MediaPlayerService(  744): [8] notify (0x522e8, 200, 704, 0)
D/MstarPlayer(  744): percent: 0
W/MediaPlayer( 1435): info/warning (704, 0)
I/MediaPlayer.java( 1435): Info (704,0)
D/MediaPlayerService(  744): [8] notify (0x522e8, 200, 704, 0)
D/MstarPlayer(  744): percent: 0
W/MediaPlayer( 1435): info/warning (704, 0)
I/MediaPlayer.java( 1435): Info (704,0)
D/dalvikvm( 1505): GC_CONCURRENT freed 393K, 77% free 1426K/6019K, paused 1ms+2ms
D/MediaPlayerService(  744): [8] notify (0x522e8, 200, 704, 0)
D/MstarPlayer(  744): percent: 0
W/MediaPlayer( 1435): info/warning (704, 0)
I/MediaPlayer.java( 1435): Info (704,0)
D/MediaPlayerService(  744): [8] notify (0x522e8, 200, 704, 0)
D/MstarPlayer(  744): percent: 0
W/MediaPlayer( 1435): info/warning (704, 0)
I/MediaPlayer.java( 1435): Info (704,0)
D/MediaPlayerService(  744): [8] notify (0x522e8, 200, 704, 0)
D/MstarPlayer(  744): percent: 0
W/MediaPlayer( 1435): info/warning (704, 0)
I/MediaPlayer.java( 1435): Info (704,0)
D/dalvikvm( 1505): GC_CONCURRENT freed 487K, 78% free 1334K/6019K, paused 1ms+1ms
D/MediaPlayerService(  744): [8] notify (0x522e8, 200, 704, 0)
D/MstarPlayer(  744): percent: 0
W/MediaPlayer( 1435): info/warning (704, 0)
I/MediaPlayer.java( 1435): Info (704,0)
D/MediaPlayerService(  744): [8] notify (0x522e8, 200, 704, 0)
D/MstarPlayer(  744): percent: 0
W/MediaPlayer( 1435): info/warning (704, 0)
I/MediaPlayer.java( 1435): Info (704,0)
D/MediaPlayerService(  744): [8] notify (0x522e8, 200, 704, 0)
D/MstarPlayer(  744): percent: 0
W/MediaPlayer( 1435): info/warning (704, 0)
I/MediaPlayer.java( 1435): Info (704,0)
D/MediaPlayerService(  744): [8] notify (0x522e8, 200, 704, 0)
D/MstarPlayer(  744): percent: 0
W/MediaPlayer( 1435): info/warning (704, 0)
I/MediaPlayer.java( 1435): Info (704,0)
D/MediaPlayerService(  744): [8] notify (0x522e8, 200, 704, 0)
D/MstarPlayer(  744): percent: 0
W/MediaPlayer( 1435): info/warning (704, 0)
I/MediaPlayer.java( 1435): Info (704,0)
D/MediaPlayerService(  744): [8] notify (0x522e8, 200, 704, 0)
D/MstarPlayer(  744): percent: 0
W/MediaPlayer( 1435): info/warning (704, 0)
I/MediaPlayer.java( 1435): Info (704,0)
D/Downloader(  744): Downloadserver bandWidth:1884189
D/Downloader(  744): Downloadserver bandWidth:1884189
D/Downloader(  744): Downloadserver bandWidth:1883778
D/Downloader(  744): Downloadserver bandWidth:1883778
D/MediaPlayerService(  744): [8] notify (0x522e8, 200, 704, 0)
D/MstarPlayer(  744): percent: 0
W/MediaPlayer( 1435): info/warning (704, 0)
I/MediaPlayer.java( 1435): Info (704,0)
D/MediaPlayerService(  744): [8] notify (0x522e8, 200, 704, 0)
D/MstarPlayer(  744): percent: 0
W/MediaPlayer( 1435): info/warning (704, 0)
I/MediaPlayer.java( 1435): Info (704,0)
D/MediaPlayerService(  744): [8] notify (0x522e8, 200, 704, 0)
D/MstarPlayer(  744): percent: 0
W/MediaPlayer( 1435): info/warning (704, 0)
I/MediaPlayer.java( 1435): Info (704,0)
D/MediaPlayerService(  744): [8] notify (0x522e8, 200, 704, 0)
D/MstarPlayer(  744): percent: 0
W/MediaPlayer( 1435): info/warning (704, 0)
I/MediaPlayer.java( 1435): Info (704,0)
D/DataSource_M3U8(  744): 
D/DataSource_M3U8(  744):  Warnig::  getValidBufferLength()  <  Codec require !!!
D/MediaPlayerService(  744): [8] notify (0x522e8, 200, 704, 0)
D/MstarPlayer(  744): percent: 0
W/MediaPlayer( 1435): info/warning (704, 0)
I/MediaPlayer.java( 1435): Info (704,0)
D/MediaPlayerService(  744): [8] notify (0x522e8, 200, 704, 0)
D/MstarPlayer(  744): percent: 0
W/MediaPlayer( 1435): info/warning (704, 0)
I/MediaPlayer.java( 1435): Info (704,0)
D/MediaPlayerService(  744): [8] notify (0x522e8, 200, 704, 0)
D/MstarPlayer(  744): percent: 0
W/MediaPlayer( 1435): info/warning (704, 0)
I/MediaPlayer.java( 1435): Info (704,0)
D/MediaPlayerService(  744): [8] notify (0x522e8, 200, 704, 0)
D/MstarPlayer(  744): percent: 0
W/MediaPlayer( 1435): info/warning (704, 0)
I/MediaPlayer.java( 1435): Info (704,0)
D/DataSource_M3U8(  744): u32HLSSreamNum[0]===>u32BandWidth:1200000 
D/DataSource_M3U8(  744): getHLSPlayListInex  DownloadBandWidth:1883778   uInDex=0
D/DataSource_M3U8(  744): [M3U8] checkShouldStartNext :[4](1077992/1077992)   sequence:0  start next:5  
D/DataSource_M3U8(  744): 
D/DataSource_M3U8(  744): 
D/DataSource_M3U8(  744): 
D/DataSource_M3U8(  744): [M3U8]-7----->This :0x30fd0 --> post cmd for start next url:http://cibn-iss1.longvisionmedia.com:8088/vod/CIBN2013_CIBN2113040100001913_12001300/5.ts, knowedFileSize:0, mCurDowningIndex:4
D/DataSource_M3U8(  744): 
D/DataSource_M3U8(  744): 
D/MediaPlayerService(  744): [8] notify (0x522e8, 3, 2, 0)
D/Downloader(  744): [downloadThread]Downloader::removeTask  
D/MediaPlayerService(  744): [8] notify (0x522e8, 200, 704, 0)
D/MstarPlayer(  744): percent: 0
W/MediaPlayer( 1435): info/warning (704, 0)
I/MediaPlayer.java( 1435): Info (704,0)
D/Downloader(  744): [downloadThread]task have range string:0- 
D/MediaPlayerService(  744): [8] notify (0x522e8, 200, 704, 0)
D/MstarPlayer(  744): percent: 0
W/MediaPlayer( 1435): info/warning (704, 0)
I/MediaPlayer.java( 1435): Info (704,0)
D/MediaPlayerService(  744): [8] notify (0x522e8, 200, 704, 0)
D/MstarPlayer(  744): percent: 0
W/MediaPlayer( 1435): info/warning (704, 0)
I/MediaPlayer.java( 1435): Info (704,0)
D/MediaPlayerService(  744): [8] notify (0x522e8, 200, 704, 0)
D/MstarPlayer(  744): percent: 0
W/MediaPlayer( 1435): info/warning (704, 0)
I/MediaPlayer.java( 1435): Info (704,0)
D/CheckNetWork( 1752): isOk true
D/CheckNetWork( 1752): ActInfoNetworkInfo: type: WIFI[], state: CONNECTED/CONNECTED, reason: (unspecified), extra: (none), roaming: false, failover: false, isAvailable: true
D/CheckNetWork( 1752): infoNetworkInfo: type: WIFI[], state: CONNECTED/CONNECTED, reason: (unspecified), extra: (none), roaming: false, failover: false, isAvailable: true
D/MediaPlayerService(  744): [8] notify (0x522e8, 200, 704, 0)
D/MstarPlayer(  744): percent: 0
W/MediaPlayer( 1435): info/warning (704, 0)
I/MediaPlayer.java( 1435): Info (704,0)
D/MediaPlayerService(  744): [8] notify (0x522e8, 200, 704, 0)
D/MstarPlayer(  744): percent: 0
W/MediaPlayer( 1435): info/warning (704, 0)
I/MediaPlayer.java( 1435): Info (704,0)
D/MediaPlayerService(  744): [8] notify (0x522e8, 200, 704, 0)
D/MstarPlayer(  744): percent: 0
W/MediaPlayer( 1435): info/warning (704, 0)
I/MediaPlayer.java( 1435): Info (704,0)
D/MediaPlayerService(  744): [8] notify (0x522e8, 200, 704, 0)
D/MstarPlayer(  744): percent: 0
W/MediaPlayer( 1435): info/warning (704, 0)
I/MediaPlayer.java( 1435): Info (704,0)
D/MediaPlayerService(  744): [8] notify (0x522e8, 200, 704, 0)
D/MstarPlayer(  744): percent: 0
W/MediaPlayer( 1435): info/warning (704, 0)
I/MediaPlayer.java( 1435): Info (704,0)
D/MediaPlayerService(  744): [8] notify (0x522e8, 200, 704, 0)
D/MstarPlayer(  744): percent: 0
W/MediaPlayer( 1435): info/warning (704, 0)
I/MediaPlayer.java( 1435): Info (704,0)
D/MediaPlayerService(  744): [8] notify (0x522e8, 200, 704, 0)
D/MstarPlayer(  744): percent: 0
W/MediaPlayer( 1435): info/warning (704, 0)
I/MediaPlayer.java( 1435): Info (704,0)
D/MediaPlayerService(  744): [8] notify (0x522e8, 200, 704, 0)
D/MstarPlayer(  744): percent: 0
W/MediaPlayer( 1435): info/warning (704, 0)
I/MediaPlayer.java( 1435): Info (704,0)
D/MediaPlayerService(  744): [8] notify (0x522e8, 200, 704, 0)
D/MstarPlayer(  744): percent: 0
W/MediaPlayer( 1435): info/warning (704, 0)
I/MediaPlayer.java( 1435): Info (704,0)
D/MediaPlayerService(  744): [8] notify (0x522e8, 200, 704, 0)
D/MstarPlayer(  744): percent: 0
W/MediaPlayer( 1435): info/warning (704, 0)
I/MediaPlayer.java( 1435): Info (704,0)
D/MediaPlayerService(  744): [8] notify (0x522e8, 200, 704, 0)
D/MstarPlayer(  744): percent: 0
W/MediaPlayer( 1435): info/warning (704, 0)
I/MediaPlayer.java( 1435): Info (704,0)

[ 2018.152146] IR: [03932] scan key value is 0xf10ec936 
[ 2018.152151]  D/MediaPlayerService(  744): [8] notify (0x522e8, 200, 704, 0)
D/MstarPlayer(  744): percent: 0
W/MediaPlayer( 1435): info/warning (704, 0)
I/MediaPlayer.java( 1435): Info (704,0)

[ 2018.202765] IR: [03932] scan key value is 0xf10ec936 
[ 2018.202770]  D/MediaPlayerService(  744): [8] notify (0x522e8, 200, 704, 0)
D/MstarPlayer(  744): percent: 0
W/MediaPlayer( 1435): info/warning (704, 0)
I/MediaPlayer.java( 1435): Info (704,0)
D/MediaPlayerService(  744): [8] notify (0x522e8, 200, 704, 0)
D/MstarPlayer(  744): percent: 0
W/MediaPlayer( 1435): info/warning (704, 0)
I/MediaPlayer.java( 1435): Info (704,0)
D/MediaPlayerService(  744): [8] notify (0x522e8, 200, 704, 0)
D/MstarPlayer(  744): percent: 0
W/MediaPlayer( 1435): info/warning (704, 0)
I/MediaPlayer.java( 1435): Info (704,0)
D/MediaPlayerService(  744): [8] notify (0x522e8, 200, 704, 0)
D/MstarPlayer(  744): percent: 0
W/MediaPlayer( 1435): info/warning (704, 0)
I/MediaPlayer.java( 1435): Info (704,0)
D/InputEventConsistencyVerifier( 1435): KeyEvent: ACTION_UP but key was not down.
D/InputEventConsistencyVerifier( 1435):   in com.android.internal.policy.impl.PhoneWindow$DecorView@41960db0
D/InputEventConsistencyVerifier( 1435):   0: sent at 2018368000000, KeyEvent { action=ACTION_UP, keyCode=KEYCODE_BACK, scanCode=158, metaState=0, flags=0x8, repeatCount=0, eventTime=2018368, downTime=2018157, deviceId=2, source=0x101 }
D/InputEventConsistencyVerifier( 1435):   -- recent events --
D/InputEventConsistencyVerifier( 1435):   1: sent at 2014936000000, (unhandled) KeyEvent { action=ACTION_UP, keyCode=KEYCODE_ENTER, scanCode=28, metaState=0, flags=0x80000008, repeatCount=0, eventTime=2014936, downTime=2014721, deviceId=2, source=0x101 }
D/MediaPlayerService(  744): [8] notify (0x522e8, 200, 704, 0)
D/MstarPlayer(  744): percent: 0
W/MediaPlayer( 1435): info/warning (704, 0)
I/MediaPlayer.java( 1435): Info (704,0)
D/MediaPlayerService(  744): [8] notify (0x522e8, 200, 704, 0)
D/MstarPlayer(  744): percent: 0
W/MediaPlayer( 1435): info/warning (704, 0)
I/MediaPlayer.java( 1435): Info (704,0)
D/MediaPlayerService(  744): [8] notify (0x522e8, 200, 704, 0)
D/MstarPlayer(  744): percent: 0
W/MediaPlayer( 1435): info/warning (704, 0)
I/MediaPlayer.java( 1435): Info (704,0)
D/MediaPlayerService(  744): [8] notify (0x522e8, 200, 704, 0)
D/MstarPlayer(  744): percent: 0
W/MediaPlayer( 1435): info/warning (704, 0)
I/MediaPlayer.java( 1435): Info (704,0)
D/MediaPlayerService(  744): [8] notify (0x522e8, 200, 704, 0)
D/MstarPlayer(  744): percent: 0
W/MediaPlayer( 1435): info/warning (704, 0)
I/MediaPlayer.java( 1435): Info (704,0)
D/MediaPlayerService(  744): [8] notify (0x522e8, 200, 704, 0)
D/MstarPlayer(  744): percent: 0
W/MediaPlayer( 1435): info/warning (704, 0)
I/MediaPlayer.java( 1435): Info (704,0)
D/MediaPlayerService(  744): [8] notify (0x522e8, 200, 704, 0)
D/MstarPlayer(  744): percent: 0
W/MediaPlayer( 1435): info/warning (704, 0)
I/MediaPlayer.java( 1435): Info (704,0)
D/MediaPlayerService(  744): [8] notify (0x522e8, 200, 704, 3)
D/MstarPlayer(  744): percent: 3
W/MediaPlayer( 1435): info/warning (704, 3)
I/MediaPlayer.java( 1435): Info (704,3)
D/MediaPlayerService(  744): [8] notify (0x522e8, 200, 704, 9)
D/MstarPlayer(  744): percent: 9
W/MediaPlayer( 1435): info/warning (704, 9)
I/MediaPlayer.java( 1435): Info (704,9)
D/MediaPlayerService(  744): [8] notify (0x522e8, 200, 704, 10)
D/MstarPlayer(  744): percent: 10
W/MediaPlayer( 1435): info/warning (704, 10)
I/MediaPlayer.java( 1435): Info (704,10)
D/MediaPlayerService(  744): [8] notify (0x522e8, 200, 704, 14)
D/MstarPlayer(  744): percent: 14
W/MediaPlayer( 1435): info/warning (704, 14)
I/MediaPlayer.java( 1435): Info (704,14)
D/MediaPlayerService(  744): [8] notify (0x522e8, 200, 704, 19)
D/MstarPlayer(  744): percent: 19
W/MediaPlayer( 1435): info/warning (704, 19)
I/MediaPlayer.java( 1435): Info (704,19)
D/MediaPlayerService(  744): [8] notify (0x522e8, 200, 704, 26)
D/MstarPlayer(  744): percent: 26
W/MediaPlayer( 1435): info/warning (704, 26)
I/MediaPlayer.java( 1435): Info (704,26)
D/MediaPlayerService(  744): [8] notify (0x522e8, 200, 704, 29)
D/MstarPlayer(  744): percent: 29
W/MediaPlayer( 1435): info/warning (704, 29)
I/MediaPlayer.java( 1435): Info (704,29)
D/MediaPlayerService(  744): [8] notify (0x522e8, 200, 704, 33)
D/MstarPlayer(  744): percent: 33
W/MediaPlayer( 1435): info/warning (704, 33)
I/MediaPlayer.java( 1435): Info (704,33)
D/MediaPlayerService(  744): [8] notify (0x522e8, 200, 704, 34)
D/MstarPlayer(  744): percent: 34
W/MediaPlayer( 1435): info/warning (704, 34)
I/MediaPlayer.java( 1435): Info (704,34)
D/MediaPlayerService(  744): [8] notify (0x522e8, 200, 704, 34)
D/MstarPlayer(  744): percent: 34
W/MediaPlayer( 1435): info/warning (704, 34)
I/MediaPlayer.java( 1435): Info (704,34)
D/MediaPlayerService(  744): [8] notify (0x522e8, 200, 704, 34)
D/MstarPlayer(  744): percent: 34
W/MediaPlayer( 1435): info/warning (704, 34)
I/MediaPlayer.java( 1435): Info (704,34)
D/MediaPlayerService(  744): [8] notify (0x522e8, 200, 704, 34)
D/MstarPlayer(  744): percent: 34
W/MediaPlayer( 1435): info/warning (704, 34)
I/MediaPlayer.java( 1435): Info (704,34)
D/MediaPlayerService(  744): [8] notify (0x522e8, 200, 704, 36)
D/MstarPlayer(  744): percent: 36
W/MediaPlayer( 1435): info/warning (704, 36)
I/MediaPlayer.java( 1435): Info (704,36)
D/MediaPlayerService(  744): [8] notify (0x522e8, 200, 704, 41)
D/MstarPlayer(  744): percent: 41
W/MediaPlayer( 1435): info/warning (704, 41)
I/MediaPlayer.java( 1435): Info (704,41)
D/MediaPlayerService(  744): [8] notify (0x522e8, 200, 704, 44)
D/MstarPlayer(  744): percent: 44
W/MediaPlayer( 1435): info/warning (704, 44)
I/MediaPlayer.java( 1435): Info (704,44)
D/MediaPlayerService(  744): [8] notify (0x522e8, 200, 704, 46)
D/MstarPlayer(  744): percent: 46
W/MediaPlayer( 1435): info/warning (704, 46)
I/MediaPlayer.java( 1435): Info (704,46)
D/MediaPlayerService(  744): [8] notify (0x522e8, 200, 704, 49)
D/MstarPlayer(  744): percent: 49
W/MediaPlayer( 1435): info/warning (704, 49)
I/MediaPlayer.java( 1435): Info (704,49)
D/MediaPlayerService(  744): [8] notify (0x522e8, 200, 704, 53)
D/MstarPlayer(  744): percent: 53
W/MediaPlayer( 1435): info/warning (704, 53)
I/MediaPlayer.java( 1435): Info (704,53)
D/MediaPlayerService(  744): [8] notify (0x522e8, 200, 704, 53)
D/MstarPlayer(  744): percent: 53
W/MediaPlayer( 1435): info/warning (704, 53)
I/MediaPlayer.java( 1435): Info (704,53)
D/MediaPlayerService(  744): [8] notify (0x522e8, 200, 704, 54)
D/MstarPlayer(  744): percent: 54
W/MediaPlayer( 1435): info/warning (704, 54)
I/MediaPlayer.java( 1435): Info (704,54)
D/PushMsgCenter( 1724): mDownUpRun run while (true)
D/PushMsgCenter( 1724): down  
D/MediaPlayerService(  744): [8] notify (0x522e8, 200, 704, 59)
D/MstarPlayer(  744): percent: 59
W/MediaPlayer( 1435): info/warning (704, 59)
I/MediaPlayer.java( 1435): Info (704,59)
D/MediaPlayerService(  744): [8] notify (0x522e8, 200, 704, 61)
D/MstarPlayer(  744): percent: 61
W/MediaPlayer( 1435): info/warning (704, 61)
I/MediaPlayer.java( 1435): Info (704,61)
D/dalvikvm( 1505): GC_CONCURRENT freed 393K, 78% free 1378K/6019K, paused 2ms+1ms
D/MediaPlayerService(  744): [8] notify (0x522e8, 200, 704, 62)
D/MstarPlayer(  744): percent: 62
W/MediaPlayer( 1435): info/warning (704, 62)
I/MediaPlayer.java( 1435): Info (704,62)
D/MediaPlayerService(  744): [8] notify (0x522e8, 200, 704, 65)
D/MstarPlayer(  744): percent: 65
W/MediaPlayer( 1435): info/warning (704, 65)
I/MediaPlayer.java( 1435): Info (704,65)
D/MediaPlayerService(  744): [8] notify (0x522e8, 200, 704, 69)
D/MstarPlayer(  744): percent: 69
W/MediaPlayer( 1435): info/warning (704, 69)
I/MediaPlayer.java( 1435): Info (704,69)
D/MediaPlayerService(  744): [8] notify (0x522e8, 200, 704, 69)
D/MstarPlayer(  744): percent: 69
W/MediaPlayer( 1435): info/warning (704, 69)
I/MediaPlayer.java( 1435): Info (704,69)
D/MediaPlayerService(  744): [8] notify (0x522e8, 200, 704, 71)
D/MstarPlayer(  744): percent: 71
W/MediaPlayer( 1435): info/warning (704, 71)
I/MediaPlayer.java( 1435): Info (704,71)
D/dalvikvm( 1505): GC_CONCURRENT freed 462K, 77% free 1415K/6019K, paused 2ms+1ms
D/MediaPlayerService(  744): [8] notify (0x522e8, 200, 704, 72)
D/MstarPlayer(  744): percent: 72
W/MediaPlayer( 1435): info/warning (704, 72)
I/MediaPlayer.java( 1435): Info (704,72)
D/MediaPlayerService(  744): [8] notify (0x522e8, 200, 704, 73)
D/MstarPlayer(  744): percent: 73
W/MediaPlayer( 1435): info/warning (704, 73)
I/MediaPlayer.java( 1435): Info (704,73)
D/MediaPlayerService(  744): [8] notify (0x522e8, 200, 704, 75)
D/MstarPlayer(  744): percent: 75
W/MediaPlayer( 1435): info/warning (704, 75)
I/MediaPlayer.java( 1435): Info (704,75)
D/MediaPlayerService(  744): [8] notify (0x522e8, 200, 704, 76)
D/MstarPlayer(  744): percent: 76
W/MediaPlayer( 1435): info/warning (704, 76)
I/MediaPlayer.java( 1435): Info (704,76)
D/MediaPlayerService(  744): [8] notify (0x522e8, 200, 704, 77)
D/MstarPlayer(  744): percent: 77
W/MediaPlayer( 1435): info/warning (704, 77)
I/MediaPlayer.java( 1435): Info (704,77)
D/MediaPlayerService(  744): [8] notify (0x522e8, 200, 704, 78)
D/MstarPlayer(  744): percent: 78
W/MediaPlayer( 1435): info/warning (704, 78)
I/MediaPlayer.java( 1435): Info (704,78)
D/dalvikvm( 1505): GC_CONCURRENT freed 492K, 77% free 1398K/6019K, paused 1ms+1ms
D/MediaPlayerService(  744): [8] notify (0x522e8, 200, 704, 79)
D/MstarPlayer(  744): percent: 79
W/MediaPlayer( 1435): info/warning (704, 79)
I/MediaPlayer.java( 1435): Info (704,79)
D/MediaPlayerService(  744): [8] notify (0x522e8, 200, 704, 80)
D/MstarPlayer(  744): percent: 80
W/MediaPlayer( 1435): info/warning (704, 80)
I/MediaPlayer.java( 1435): Info (704,80)
D/MediaPlayerService(  744): [8] notify (0x522e8, 200, 704, 82)
D/MstarPlayer(  744): percent: 82
W/MediaPlayer( 1435): info/warning (704, 82)
I/MediaPlayer.java( 1435): Info (704,82)
D/MediaPlayerService(  744): [8] notify (0x522e8, 200, 704, 83)
D/MstarPlayer(  744): percent: 83
W/MediaPlayer( 1435): info/warning (704, 83)
I/MediaPlayer.java( 1435): Info (704,83)
D/dalvikvm( 1505): GC_CONCURRENT freed 476K, 78% free 1361K/6019K, paused 1ms+1ms
D/MediaPlayerService(  744): [8] notify (0x522e8, 200, 704, 83)
D/MstarPlayer(  744): percent: 83
W/MediaPlayer( 1435): info/warning (704, 83)
I/MediaPlayer.java( 1435): Info (704,83)
D/MediaPlayerService(  744): [8] notify (0x522e8, 200, 704, 83)
D/MstarPlayer(  744): percent: 83
W/MediaPlayer( 1435): info/warning (704, 83)
I/MediaPlayer.java( 1435): Info (704,83)
D/MediaPlayerService(  744): [8] notify (0x522e8, 200, 704, 83)
D/MstarPlayer(  744): percent: 83
W/MediaPlayer( 1435): info/warning (704, 83)
I/MediaPlayer.java( 1435): Info (704,83)
D/MediaPlayerService(  744): [8] notify (0x522e8, 200, 704, 83)
D/MstarPlayer(  744): percent: 83
W/MediaPlayer( 1435): info/warning (704, 83)
I/MediaPlayer.java( 1435): Info (704,83)
D/MediaPlayerService(  744): [8] notify (0x522e8, 200, 704, 83)
D/MstarPlayer(  744): percent: 83
W/MediaPlayer( 1435): info/warning (704, 83)
I/MediaPlayer.java( 1435): Info (704,83)
D/MediaPlayerService(  744): [8] notify (0x522e8, 200, 704, 83)
D/MstarPlayer(  744): percent: 83
W/MediaPlayer( 1435): info/warning (704, 83)
I/MediaPlayer.java( 1435): Info (704,83)
D/MediaPlayerService(  744): [8] notify (0x522e8, 200, 704, 83)
D/MstarPlayer(  744): percent: 83
W/MediaPlayer( 1435): info/warning (704, 83)
I/MediaPlayer.java( 1435): Info (704,83)
D/PushMsgCenter( 1724): down conn.getResponseCode() status = 404
D/MediaPlayerService(  744): [8] notify (0x522e8, 200, 704, 83)
D/MstarPlayer(  744): percent: 83
W/MediaPlayer( 1435): info/warning (704, 83)
I/MediaPlayer.java( 1435): Info (704,83)
D/MediaPlayerService(  744): [8] notify (0x522e8, 200, 704, 83)
D/MstarPlayer(  744): percent: 83
W/MediaPlayer( 1435): info/warning (704, 83)
I/MediaPlayer.java( 1435): Info (704,83)
D/MediaPlayerService(  744): [8] notify (0x522e8, 200, 704, 83)
D/MstarPlayer(  744): percent: 83
W/MediaPlayer( 1435): info/warning (704, 83)
I/MediaPlayer.java( 1435): Info (704,83)
D/MediaPlayerService(  744): [8] notify (0x522e8, 200, 704, 83)
D/MstarPlayer(  744): percent: 83
W/MediaPlayer( 1435): info/warning (704, 83)
I/MediaPlayer.java( 1435): Info (704,83)
D/MediaPlayerService(  744): [8] notify (0x522e8, 200, 704, 83)
D/MstarPlayer(  744): percent: 83
W/MediaPlayer( 1435): info/warning (704, 83)
I/MediaPlayer.java( 1435): Info (704,83)
D/MediaPlayerService(  744): [8] notify (0x522e8, 200, 704, 83)
D/MstarPlayer(  744): percent: 83
W/MediaPlayer( 1435): info/warning (704, 83)
I/MediaPlayer.java( 1435): Info (704,83)
D/MediaPlayerService(  744): [8] notify (0x522e8, 200, 704, 83)
D/MstarPlayer(  744): percent: 83
W/MediaPlayer( 1435): info/warning (704, 83)
I/MediaPlayer.java( 1435): Info (704,83)
D/dalvikvm( 1505): GC_CONCURRENT freed 443K, 77% free 1413K/6019K, paused 1ms+1ms
D/MediaPlayerService(  744): [8] notify (0x522e8, 200, 704, 83)
D/MstarPlayer(  744): percent: 83
W/MediaPlayer( 1435): info/warning (704, 83)
I/MediaPlayer.java( 1435): Info (704,83)
D/MediaPlayerService(  744): [8] notify (0x522e8, 200, 704, 97)
D/MstarPlayer(  744): percent: 97
W/MediaPlayer( 1435): info/warning (704, 97)
I/MediaPlayer.java( 1435): Info (704,97)
D/MediaPlayerService(  744): [8] notify (0x522e8, 200, 704, 97)
D/MstarPlayer(  744): percent: 97
W/MediaPlayer( 1435): info/warning (704, 97)
I/MediaPlayer.java( 1435): Info (704,97)
D/dalvikvm( 1505): GC_CONCURRENT freed 489K, 77% free 1412K/6019K, paused 1ms+1ms
D/MediaPlayerService(  744): [8] notify (0x522e8, 200, 704, 97)
D/MstarPlayer(  744): percent: 97
W/MediaPlayer( 1435): info/warning (704, 97)
I/MediaPlayer.java( 1435): Info (704,97)
D/MediaPlayerService(  744): [8] notify (0x522e8, 200, 704, 97)
D/MstarPlayer(  744): percent: 97
W/MediaPlayer( 1435): info/warning (704, 97)
I/MediaPlayer.java( 1435): Info (704,97)
D/MediaPlayerService(  744): [8] notify (0x522e8, 200, 704, 97)
D/MstarPlayer(  744): percent: 97
W/MediaPlayer( 1435): info/warning (704, 97)
I/MediaPlayer.java( 1435): Info (704,97)
D/dalvikvm( 1505): GC_CONCURRENT freed 503K, 78% free 1334K/6019K, paused 1ms+1ms
D/MediaPlayerService(  744): [8] notify (0x522e8, 200, 704, 97)
D/MstarPlayer(  744): percent: 97
W/MediaPlayer( 1435): info/warning (704, 97)
I/MediaPlayer.java( 1435): Info (704,97)
D/MediaPlayerService(  744): [8] notify (0x522e8, 200, 704, 97)
D/MstarPlayer(  744): percent: 97
W/MediaPlayer( 1435): info/warning (704, 97)
I/MediaPlayer.java( 1435): Info (704,97)
D/MediaPlayerService(  744): [8] notify (0x522e8, 200, 704, 97)
D/MstarPlayer(  744): percent: 97
W/MediaPlayer( 1435): info/warning (704, 97)
I/MediaPlayer.java( 1435): Info (704,97)
D/MediaPlayerService(  744): [8] notify (0x522e8, 200, 704, 97)
D/MstarPlayer(  744): percent: 97
W/MediaPlayer( 1435): info/warning (704, 97)
I/MediaPlayer.java( 1435): Info (704,97)
D/MediaPlayerService(  744): [8] notify (0x522e8, 200, 702, 0)
D/MstarPlayer(  744): MstarPlayer:: send MEDIA_INFO_BUFFERING_END 
D/MstarPlayer(  744): 
D/IMMPlayer(  744): Send MM_SetTrickMode
D/IMMPlayer(  744): u32Item:1
D/IMMPlayer(  744): stTrickInfo->eMode:0
D/IMMPlayer(  744): stTrickInfo->eSpeed:1
W/MediaPlayer( 1435): info/warning (702, 0)
I/MediaPlayer.java( 1435): Info (702,0)
D/IMMPlayer(  744): Get ret:0
I//lib/ld-linux.so.3(  748): 1. Mode: 0, Speed: 1.
I//lib/ld-linux.so.3(  748): SetTrickMode, Mode: 0, Speed: 1.
I//lib/ld-linux.so.3(  748): Send to Co-processor: eMode: 0, eSpeed: 1.
D/MstarPlayer(  744): Get Others event : 22
I//lib/ld-linux.so.3(  748): FrmCnt:88(0,6,8) Rate:0 Sys:2021902 STC:7378 VPTS:6560 APTS:6938 Delay:-778(40) V:130 A:130 VES:0xae0 AES:0x0 PCM:0x0 AudioErr:0x0
D/dalvikvm( 1505): GC_CONCURRENT freed 419K, 77% free 1394K/6019K, paused 1ms+1ms
I//lib/ld-linux.so.3(  748): Old STC: 0x00001d26, PTS: 0x00001b6b, Diff: 0x000001bb
D/dalvikvm( 1505): GC_CONCURRENT freed 477K, 77% free 1409K/6019K, paused 0ms+1ms
D/dalvikvm( 1505): GC_CONCURRENT freed 489K, 78% free 1361K/6019K, paused 1ms+1ms
I//lib/ld-linux.so.3(  748): FrmCnt:133(0,14,11) Rate:29 Sys:2023437 STC:8470 VPTS:8440 APTS:8470 Delay:10(40) V:6 A:118 VES:0x309bc0 AES:0x8000 PCM:0x4b200 AudioErr:0x0
D/DataSource_M3U8(  744): 
D/DataSource_M3U8(  744):  Warnig::  getValidBufferLength()  <  Codec require !!!
D/dalvikvm( 1505): GC_CONCURRENT freed 446K, 77% free 1411K/6019K, paused 1ms+1ms
D/DataSource_M3U8(  744): 
D/DataSource_M3U8(  744):  Warnig::  getValidBufferLength()  <  Codec require !!!
D/dalvikvm( 1505): GC_CONCURRENT freed 501K, 79% free 1301K/6019K, paused 1ms+1ms
D/HomePlayerLib( 1505): hostaddress count is 1
D/dalvikvm( 1505): GC_CONCURRENT freed 388K, 79% free 1312K/6019K, paused 2ms+1ms
D/dalvikvm( 1505): GC_CONCURRENT freed 403K, 78% free 1348K/6019K, paused 1ms+1ms
D/dalvikvm( 1505): GC_CONCURRENT freed 427K, 77% free 1414K/6019K, paused 2ms+2ms
I//lib/ld-linux.so.3(  748): FrmCnt:171(0,14,11) Rate:24 Sys:2024969 STC:10001 VPTS:10000 APTS:9995 Delay:39(40) V:0 A:113 VES:0x3161a0 AES:0x8000 PCM:0x4b980 AudioErr:0x0
D/dalvikvm( 1505): GC_CONCURRENT freed 487K, 76% free 1474K/6019K, paused 1ms+2ms
D/dalvikvm( 1505): GC_CONCURRENT freed 564K, 77% free 1418K/6019K, paused 1ms+2ms
D/dalvikvm( 1505): GC_CONCURRENT freed 492K, 77% free 1420K/6019K, paused 1ms+1ms
D/dalvikvm( 1505): GC_CONCURRENT freed 502K, 78% free 1336K/6019K, paused 1ms+1ms
D/DataSource_M3U8(  744): 
D/DataSource_M3U8(  744):  Warnig::  getValidBufferLength()  <  Codec require !!!
D/dalvikvm( 1505): GC_CONCURRENT freed 427K, 79% free 1302K/6019K, paused 1ms+2ms
D/dalvikvm( 1505): GC_CONCURRENT freed 368K, 78% free 1345K/6019K, paused 1ms+1ms
D/Downloader(  744): Downloadserver bandWidth:956136
D/Downloader(  744): Downloadserver bandWidth:956136
D/Downloader(  744): Downloadserver bandWidth:956136
D/Downloader(  744): Downloadserver bandWidth:956136
D/DataSource_M3U8(  744): u32HLSSreamNum[0]===>u32BandWidth:1200000 
D/DataSource_M3U8(  744): getHLSPlayListInex  DownloadBandWidth:956136   uInDex=0
D/DataSource_M3U8(  744): [M3U8] checkShouldStartNext :[5](1044340/1044340)   sequence:0  start next:6  
D/DataSource_M3U8(  744): 
D/DataSource_M3U8(  744): 
D/DataSource_M3U8(  744): 
D/DataSource_M3U8(  744): [M3U8]-7----->This :0x30fd0 --> post cmd for start next url:http://cibn-iss1.longvisionmedia.com:8088/vod/CIBN2013_CIBN2113040100001913_12001300/6.ts, knowedFileSize:0, mCurDowningIndex:5
D/DataSource_M3U8(  744): 
D/DataSource_M3U8(  744): 
D/Downloader(  744): [downloadThread]Downloader::removeTask  
D/Downloader(  744): [downloadThread]task have range string:0- 
I//lib/ld-linux.so.3(  748): FrmCnt:210(0,14,11) Rate:25 Sys:2026501 STC:11533 VPTS:11520 APTS:11531 Delay:27(40) V:0 A:106 VES:0x2f3040 AES:0x7fb0 PCM:0x4bb00 AudioErr:0x0
D/DataSource_M3U8(  744): 
D/DataSource_M3U8(  744):  Warnig::  getValidBufferLength()  <  Codec require !!!
D/dalvikvm( 1505): GC_CONCURRENT freed 406K, 78% free 1333K/6019K, paused 1ms+2ms
D/dalvikvm( 1505): GC_CONCURRENT freed 392K, 78% free 1338K/6019K, paused 1ms+1ms
D/dalvikvm( 1505): GC_CONCURRENT freed 404K, 78% free 1346K/6019K, paused 1ms+1ms
D/dalvikvm( 1505): GC_CONCURRENT freed 409K, 78% free 1331K/6019K, paused 1ms+1ms
D/DataSource_M3U8(  744): 
D/DataSource_M3U8(  744):  Warnig::  getValidBufferLength()  <  Codec require !!!
D/dalvikvm( 1505): GC_CONCURRENT freed 394K, 78% free 1332K/6019K, paused 1ms+1ms
I//lib/ld-linux.so.3(  748): FrmCnt:248(0,14,11) Rate:24 Sys:2028032 STC:13064 VPTS:13040 APTS:13065 Delay:16(40) V:0 A:102 VES:0x2d1a50 AES:0x7f10 PCM:0x4bc80 AudioErr:0x0
D/DataSource_M3U8(  744): 
D/DataSource_M3U8(  744):  Warnig::  getValidBufferLength()  <  Codec require !!!
I//lib/ld-linux.so.3(  748): FrmCnt:286(0,14,11) Rate:24 Sys:2029559 STC:14592 VPTS:14560 APTS:14590 Delay:8(40) V:0 A:97 VES:0x2b0ba0 AES:0x8020 PCM:0x4b400 AudioErr:0x0
D/DataSource_M3U8(  744): 
D/DataSource_M3U8(  744):  Warnig::  getValidBufferLength()  <  Codec require !!!
D/dalvikvm( 1505): GC_CONCURRENT freed 392K, 78% free 1332K/6019K, paused 1ms+1ms
D/dalvikvm( 1505): GC_CONCURRENT freed 404K, 78% free 1326K/6019K, paused 2ms+1ms
D/dalvikvm( 1505): GC_CONCURRENT freed 411K, 78% free 1374K/6019K, paused 1ms+1ms
I//lib/ld-linux.so.3(  748): FrmCnt:324(0,14,11) Rate:24 Sys:2031086 STC:16118 VPTS:16120 APTS:16118 Delay:42(40) V:0 A:92 VES:0x296bd0 AES:0x8010 PCM:0x4bb80 AudioErr:0x0
D/dalvikvm( 1505): GC_CONCURRENT freed 459K, 79% free 1312K/6019K, paused 1ms+1ms
D/DataSource_M3U8(  744): 
D/DataSource_M3U8(  744):  Warnig::  getValidBufferLength()  <  Codec require !!!
I//lib/ld-linux.so.3(  748): FrmCnt:362(0,14,11) Rate:24 Sys:2032614 STC:17646 VPTS:17640 APTS:17643 Delay:34(40) V:0 A:84 VES:0x271390 AES:0x8020 PCM:0x4b300 AudioErr:0x0
D/DataSource_M3U8(  744): 
D/DataSource_M3U8(  744):  Warnig::  getValidBufferLength()  <  Codec require !!!
D/DataSource_M3U8(  744): 
D/DataSource_M3U8(  744):  Warnig::  getValidBufferLength()  <  Codec require !!!
I//lib/ld-linux.so.3(  748): FrmCnt:401(0,14,11) Rate:25 Sys:2034145 STC:19177 VPTS:19160 APTS:19178 Delay:23(40) V:0 A:80 VES:0x25be10 AES:0x84c0 PCM:0x4b480 AudioErr:0x0
D/DataSource_M3U8(  744): 
D/DataSource_M3U8(  744):  Warnig::  getValidBufferLength()  <  Codec require !!!
D/DataSource_M3U8(  744): 
D/DataSource_M3U8(  744):  Warnig::  getValidBufferLength()  <  Codec require !!!
I//lib/ld-linux.so.3(  748): FrmCnt:439(0,14,11) Rate:24 Sys:2035675 STC:20707 VPTS:20680 APTS:20703 Delay:13(40) V:6 A:86 VES:0x24e9c0 AES:0x8000 PCM:0x4bb80 AudioErr:0x0
D/dalvikvm( 1505): GC_CONCURRENT freed 433K, 78% free 1376K/6019K, paused 1ms+1ms
D/HomePlayerLib( 1505): hostaddress count is 1
D/dalvikvm( 1505): GC_CONCURRENT freed 455K, 79% free 1315K/6019K, paused 1ms+1ms
D/dalvikvm( 1505): GC_CONCURRENT freed 404K, 79% free 1300K/6019K, paused 1ms+1ms
D/dalvikvm( 1505): GC_CONCURRENT freed 378K, 79% free 1321K/6019K, paused 1ms+1ms
D/dalvikvm( 1505): GC_CONCURRENT freed 412K, 77% free 1417K/6019K, paused 1ms+1ms
D/dalvikvm( 1505): GC_CONCURRENT freed 502K, 79% free 1315K/6019K, paused 1ms+2ms
D/dalvikvm( 1505): GC_CONCURRENT freed 407K, 79% free 1317K/6019K, paused 1ms+1ms
D/dalvikvm( 1505): GC_CONCURRENT freed 404K, 78% free 1362K/6019K, paused 0ms+1ms
D/dalvikvm( 1505): GC_CONCURRENT freed 447K, 77% free 1411K/6019K, paused 1ms+1ms
D/DataSource_M3U8(  744): 
D/DataSource_M3U8(  744):  Warnig::  getValidBufferLength()  <  Codec require !!!
D/Downloader(  744): Downloadserver bandWidth:813548
D/Downloader(  744): Downloadserver bandWidth:813548
D/Downloader(  744): Downloadserver bandWidth:813548
D/Downloader(  744): Downloadserver bandWidth:813548
D/dalvikvm( 1505): GC_CONCURRENT freed 473K, 76% free 1459K/6019K, paused 0ms+2ms
D/DataSource_M3U8(  744): u32HLSSreamNum[0]===>u32BandWidth:1200000 
D/DataSource_M3U8(  744): getHLSPlayListInex  DownloadBandWidth:813548   uInDex=0
D/DataSource_M3U8(  744): [M3U8] checkShouldStartNext :[6](1048664/1048664)   sequence:0  start next:7  
D/DataSource_M3U8(  744): 
D/DataSource_M3U8(  744): 
D/DataSource_M3U8(  744): 
D/DataSource_M3U8(  744): [M3U8]-7----->This :0x30fd0 --> post cmd for start next url:http://cibn-iss1.longvisionmedia.com:8088/vod/CIBN2013_CIBN2113040100001913_12001300/7.ts, knowedFileSize:0, mCurDowningIndex:6
D/DataSource_M3U8(  744): 
D/DataSource_M3U8(  744): 
D/Downloader(  744): [downloadThread]Downloader::removeTask  
D/Downloader(  744): [downloadThread]task have range string:0- 
I//lib/ld-linux.so.3(  748): FrmCnt:477(0,14,11) Rate:24 Sys:2037209 STC:22241 VPTS:22240 APTS:22238 Delay:39(40) V:0 A:77 VES:0x252060 AES:0x8000 PCM:0x4bd00 AudioErr:0x0
D/DataSource_M3U8(  744): 
D/DataSource_M3U8(  744):  Warnig::  getValidBufferLength()  <  Codec require !!!
D/dalvikvm( 1505): GC_CONCURRENT freed 527K, 78% free 1332K/6019K, paused 1ms+1ms
D/Downloader(  744): Content-Length: 172
D/Downloader(  744): 
D/Downloader(  744): Downloadserver bandWidth:1010
D/Downloader(  744): Downloadserver bandWidth:1010
D/Downloader(  744): Downloadserver bandWidth:1010
D/Downloader(  744): Downloadserver bandWidth:1010
D/dalvikvm( 1505): GC_CONCURRENT freed 393K, 78% free 1332K/6019K, paused 1ms+1ms
D/DataSource_M3U8(  744): u32HLSSreamNum[0]===>u32BandWidth:1200000 
D/DataSource_M3U8(  744): getHLSPlayListInex  DownloadBandWidth:1010   uInDex=0
D/DataSource_M3U8(  744): [M3U8] checkShouldStartNext :[7](172/172)   sequence:0  start next:8  
D/DataSource_M3U8(  744): 
D/DataSource_M3U8(  744): 
D/DataSource_M3U8(  744): 
D/DataSource_M3U8(  744): [M3U8]-7----->This :0x30fd0 --> post cmd for start next url:http://cibn-iss1.longvisionmedia.com:8088/vod/CIBN2013_CIBN2113040100001913_12001300/8.ts, knowedFileSize:0, mCurDowningIndex:7
D/DataSource_M3U8(  744): 
D/DataSource_M3U8(  744): 
D/Downloader(  744): [downloadThread]Downloader::removeTask  
D/Downloader(  744): [downloadThread]task have range string:0- 
D/dalvikvm( 1505): GC_CONCURRENT freed 394K, 78% free 1333K/6019K, paused 1ms+1ms
D/DataSource_M3U8(  744): 
D/DataSource_M3U8(  744):  Warnig::  getValidBufferLength()  <  Codec require !!!
I//lib/ld-linux.so.3(  748): FrmCnt:515(0,14,11) Rate:24 Sys:2038736 STC:23768 VPTS:23760 APTS:23764 Delay:32(40) V:0 A:70 VES:0x21cfe0 AES:0x8020 PCM:0x4b480 AudioErr:0x0
D/dalvikvm( 1505): GC_CONCURRENT freed 394K, 78% free 1333K/6019K, paused 1ms+2ms
D/dalvikvm( 1505): GC_CONCURRENT freed 392K, 78% free 1338K/6019K, paused 1ms+1ms
D/DataSource_M3U8(  744): ----------UpdatePlaylistThread runing... 
D/dalvikvm( 1505): GC_CONCURRENT freed 402K, 79% free 1321K/6019K, paused 1ms+2ms
I//lib/ld-linux.so.3(  748): FrmCnt:554(0,14,11) Rate:25 Sys:2040262 STC:25295 VPTS:25280 APTS:25289 Delay:25(40) V:0 A:61 VES:0x1df530 AES:0x8010 PCM:0x4bc00 AudioErr:0x0
D/dalvikvm( 1505): GC_CONCURRENT freed 395K, 78% free 1360K/6019K, paused 1ms+1ms
D/dalvikvm( 1505): GC_CONCURRENT freed 432K, 79% free 1319K/6019K, paused 0ms+1ms
D/dalvikvm( 1505): GC_CONCURRENT freed 392K, 79% free 1319K/6019K, paused 1ms+1ms
D/dalvikvm( 1505): GC_CONCURRENT freed 393K, 77% free 1411K/6019K, paused 0ms+0ms
D/dalvikvm( 1505): GC_CONCURRENT freed 486K, 79% free 1318K/6019K, paused 0ms+1ms
I//lib/ld-linux.so.3(  748): FrmCnt:592(0,14,11) Rate:24 Sys:2041791 STC:26823 VPTS:26800 APTS:26824 Delay:17(40) V:0 A:51 VES:0x1a85f0 AES:0x8000 PCM:0x4bd80 AudioErr:0x0
D/dalvikvm( 1505): GC_CONCURRENT freed 400K, 77% free 1413K/6019K, paused 1ms+2ms
D/Downloader(  744): Content-Length: 172
D/Downloader(  744): 
D/Downloader(  744): Downloadserver bandWidth:357
D/Downloader(  744): Downloadserver bandWidth:357
D/Downloader(  744): Downloadserver bandWidth:357
D/Downloader(  744): Downloadserver bandWidth:357
D/dalvikvm( 1505): GC_CONCURRENT freed 505K, 77% free 1410K/6019K, paused 1ms+1ms
D/DataSource_M3U8(  744): u32HLSSreamNum[0]===>u32BandWidth:1200000 
D/DataSource_M3U8(  744): getHLSPlayListInex  DownloadBandWidth:357   uInDex=0
D/DataSource_M3U8(  744): [M3U8] checkShouldStartNext :[8](172/172)   sequence:0  start next:9  
D/DataSource_M3U8(  744): 
D/DataSource_M3U8(  744): 
D/DataSource_M3U8(  744): 
D/DataSource_M3U8(  744): [M3U8]-7----->This :0x30fd0 --> post cmd for start next url:http://cibn-iss1.longvisionmedia.com:8088/vod/CIBN2013_CIBN2113040100001913_12001300/9.ts, knowedFileSize:0, mCurDowningIndex:8
D/DataSource_M3U8(  744): 
D/DataSource_M3U8(  744): 
D/Downloader(  744): [downloadThread]Downloader::removeTask  
D/Downloader(  744): [downloadThread]task have range string:0- 
D/dalvikvm( 1505): GC_CONCURRENT freed 489K, 79% free 1320K/6019K, paused 1ms+1ms
D/DataSource_M3U8(  744): 
D/DataSource_M3U8(  744):  Warnig::  getValidBufferLength()  <  Codec require !!!
D/dalvikvm( 1505): GC_CONCURRENT freed 406K, 77% free 1410K/6019K, paused 0ms+1ms
D/Downloader(  744): Content-Length: 172
D/Downloader(  744): 
D/Downloader(  744): Downloadserver bandWidth:3037
D/Downloader(  744): Downloadserver bandWidth:3037
D/Downloader(  744): Downloadserver bandWidth:3037
D/Downloader(  744): Downloadserver bandWidth:3037
D/DataSource_M3U8(  744): u32HLSSreamNum[0]===>u32BandWidth:1200000 
D/DataSource_M3U8(  744): getHLSPlayListInex  DownloadBandWidth:3037   uInDex=0
D/DataSource_M3U8(  744): [M3U8] checkShouldStartNext :[9](172/172)   sequence:0  start next:10  
D/DataSource_M3U8(  744): 
D/DataSource_M3U8(  744): 
D/DataSource_M3U8(  744): 
D/DataSource_M3U8(  744): [M3U8]-7----->This :0x30fd0 --> post cmd for start next url:http://cibn-iss1.longvisionmedia.com:8088/vod/CIBN2013_CIBN2113040100001913_12001300/10.ts, knowedFileSize:0, mCurDowningIndex:9
D/DataSource_M3U8(  744): 
D/DataSource_M3U8(  744): 
D/Downloader(  744): [downloadThread]Downloader::removeTask  
D/Downloader(  744): [downloadThread]task have range string:0- 
D/MediaPlayerService(  744): [8] notify (0x522e8, 3, 3, 0)
D/dalvikvm( 1505): GC_CONCURRENT freed 490K, 79% free 1314K/6019K, paused 1ms+1ms
D/dalvikvm( 1505): GC_CONCURRENT freed 395K, 79% free 1313K/6019K, paused 1ms+1ms
D/Downloader(  744): Content-Length: 172
D/Downloader(  744): 
D/Downloader(  744): Downloadserver bandWidth:3954
D/Downloader(  744): Downloadserver bandWidth:3954
D/Downloader(  744): Downloadserver bandWidth:3954
D/Downloader(  744): Downloadserver bandWidth:3954
I//lib/ld-linux.so.3(  748): FrmCnt:630(0,14,11) Rate:24 Sys:2043323 STC:28355 VPTS:28360 APTS:28350 Delay:45(40) V:0 A:41 VES:0x17e790 AES:0x8000 PCM:0x4b500 AudioErr:0x0
D/dalvikvm( 1505): GC_CONCURRENT freed 394K, 77% free 1397K/6019K, paused 1ms+2ms
D/DataSource_M3U8(  744): u32HLSSreamNum[0]===>u32BandWidth:1200000 
D/DataSource_M3U8(  744): getHLSPlayListInex  DownloadBandWidth:3954   uInDex=0
D/DataSource_M3U8(  744): [M3U8] checkShouldStartNext :[10](172/172)   sequence:0  start next:11  
D/DataSource_M3U8(  744): 
D/DataSource_M3U8(  744): 
D/DataSource_M3U8(  744): 
D/DataSource_M3U8(  744): [M3U8]-7----->This :0x30fd0 --> post cmd for start next url:http://cibn-iss1.longvisionmedia.com:8088/vod/CIBN2013_CIBN2113040100001913_12001300/11.ts, knowedFileSize:0, mCurDowningIndex:10
D/DataSource_M3U8(  744): 
D/DataSource_M3U8(  744): 
D/Downloader(  744): [downloadThread]Downloader::removeTask  
D/Downloader(  744): [downloadThread]task have range string:0- 
D/DataSource_M3U8(  744): 
D/DataSource_M3U8(  744):  Warnig::  getValidBufferLength()  <  Codec require !!!
I//lib/ld-linux.so.3(  748): FrmCnt:668(0,14,11) Rate:24 Sys:2044846 STC:29879 VPTS:29880 APTS:29876 Delay:41(40) V:0 A:30 VES:0x148430 AES:0x8000 PCM:0x4bc80 AudioErr:0x0
D/Downloader(  744): Content-Length: 172
D/Downloader(  744): 
D/Downloader(  744): Downloadserver bandWidth:820
D/Downloader(  744): Downloadserver bandWidth:820
D/Downloader(  744): Downloadserver bandWidth:820
D/Downloader(  744): Downloadserver bandWidth:820
D/DataSource_M3U8(  744): u32HLSSreamNum[0]===>u32BandWidth:1200000 
D/DataSource_M3U8(  744): getHLSPlayListInex  DownloadBandWidth:820   uInDex=0
D/DataSource_M3U8(  744): [M3U8] checkShouldStartNext :[11](172/172)   sequence:0  start next:12  
D/DataSource_M3U8(  744): 
D/DataSource_M3U8(  744): 
D/DataSource_M3U8(  744): 
D/DataSource_M3U8(  744): [M3U8]-7----->This :0x30fd0 --> post cmd for start next url:http://cibn-iss1.longvisionmedia.com:8088/vod/CIBN2013_CIBN2113040100001913_12001300/12.ts, knowedFileSize:0, mCurDowningIndex:11
D/DataSource_M3U8(  744): 
D/DataSource_M3U8(  744): 
D/Downloader(  744): [downloadThread]Downloader::removeTask  
D/Downloader(  744): [downloadThread]task have range string:0- 
D/DataSource_M3U8(  744): 
D/DataSource_M3U8(  744):  Warnig::  getValidBufferLength()  <  Codec require !!!
D/Downloader(  744): Content-Length: 172
D/Downloader(  744): 
D/Downloader(  744): Downloadserver bandWidth:2237
D/Downloader(  744): Downloadserver bandWidth:2237
D/Downloader(  744): Downloadserver bandWidth:2237
D/Downloader(  744): Downloadserver bandWidth:2237
I//lib/ld-linux.so.3(  748): FrmCnt:706(0,14,11) Rate:24 Sys:2046372 STC:31404 VPTS:31400 APTS:31402 Delay:36(40) V:0 A:20 VES:0x108c40 AES:0x8020 PCM:0x4b380 AudioErr:0x0
D/HomePlayerLib( 1505): hostaddress count is 1
D/dalvikvm( 1505): GC_CONCURRENT freed 492K, 79% free 1300K/6019K, paused 1ms+1ms
D/dalvikvm( 1505): GC_CONCURRENT freed 389K, 79% free 1312K/6019K, paused 1ms+1ms
D/DataSource_M3U8(  744): u32HLSSreamNum[0]===>u32BandWidth:1200000 
D/DataSource_M3U8(  744): getHLSPlayListInex  DownloadBandWidth:2237   uInDex=0
D/DataSource_M3U8(  744): [M3U8] checkShouldStartNext :[12](172/172)   sequence:0  start next:13  
D/DataSource_M3U8(  744): 
D/DataSource_M3U8(  744): 
D/DataSource_M3U8(  744): 
D/DataSource_M3U8(  744): [M3U8]-7----->This :0x30fd0 --> post cmd for start next url:http://cibn-iss1.longvisionmedia.com:8088/vod/CIBN2013_CIBN2113040100001913_12001300/13.ts, knowedFileSize:0, mCurDowningIndex:12
D/DataSource_M3U8(  744): 
D/DataSource_M3U8(  744): 
D/Downloader(  744): [downloadThread]Downloader::removeTask  
D/Downloader(  744): [downloadThread]task have range string:0- 
D/dalvikvm( 1505): GC_CONCURRENT freed 405K, 79% free 1316K/6019K, paused 1ms+1ms
D/dalvikvm( 1505): GC_CONCURRENT freed 390K, 79% free 1318K/6019K, paused 1ms+2ms
D/DataSource_M3U8(  744): 
D/DataSource_M3U8(  744):  Warnig::  getValidBufferLength()  <  Codec require !!!
D/dalvikvm( 1505): GC_CONCURRENT freed 388K, 78% free 1326K/6019K, paused 1ms+1ms
D/dalvikvm( 1505): GC_CONCURRENT freed 360K, 77% free 1387K/6019K, paused 1ms+1ms
D/dalvikvm( 1505): GC_CONCURRENT freed 453K, 78% free 1337K/6019K, paused 1ms+1ms
D/dalvikvm( 1505): GC_CONCURRENT freed 395K, 78% free 1336K/6019K, paused 1ms+1ms
D/dalvikvm( 1505): GC_CONCURRENT freed 405K, 78% free 1333K/6019K, paused 1ms+1ms
D/dalvikvm( 1505): GC_CONCURRENT freed 391K, 78% free 1333K/6019K, paused 1ms+1ms
D/dalvikvm( 1505): GC_CONCURRENT freed 421K, 77% free 1411K/6019K, paused 1ms+1ms
D/Downloader(  744): Content-Length: 172
D/Downloader(  744): 
D/Downloader(  744): Downloadserver bandWidth:1330
D/Downloader(  744): Downloadserver bandWidth:1330
D/Downloader(  744): Downloadserver bandWidth:1330
D/Downloader(  744): Downloadserver bandWidth:1330
D/DataSource_M3U8(  744): 
D/DataSource_M3U8(  744):  Warnig::  getValidBufferLength()  <  Codec require !!!
I//lib/ld-linux.so.3(  748): FrmCnt:745(0,14,11) Rate:25 Sys:2047904 STC:32936 VPTS:32920 APTS:32936 Delay:24(40) V:0 A:12 VES:0xd4de0 AES:0x8010 PCM:0x4b500 AudioErr:0x0
D/DataSource_M3U8(  744): u32HLSSreamNum[0]===>u32BandWidth:1200000 
D/DataSource_M3U8(  744): getHLSPlayListInex  DownloadBandWidth:1330   uInDex=0
D/DataSource_M3U8(  744): [M3U8] checkShouldStartNext :[13](172/172)   sequence:0  start next:14  
D/DataSource_M3U8(  744): 
D/DataSource_M3U8(  744): 
D/DataSource_M3U8(  744): 
D/DataSource_M3U8(  744): [M3U8]-7----->This :0x30fd0 --> post cmd for start next url:http://cibn-iss1.longvisionmedia.com:8088/vod/CIBN2013_CIBN2113040100001913_12001300/14.ts, knowedFileSize:0, mCurDowningIndex:13
D/DataSource_M3U8(  744): 
D/DataSource_M3U8(  744): 
D/Downloader(  744): [downloadThread]Downloader::removeTask  
D/Downloader(  744): [downloadThread]task have range string:0- 
D/MediaPlayerService(  744): [8] notify (0x522e8, 3, 4, 0)
D/Downloader(  744): Content-Length: 172
D/Downloader(  744): 
D/Downloader(  744): Downloadserver bandWidth:3222
D/Downloader(  744): Downloadserver bandWidth:3222
D/Downloader(  744): Downloadserver bandWidth:3222
D/Downloader(  744): Downloadserver bandWidth:3222
D/DataSource_M3U8(  744): u32HLSSreamNum[0]===>u32BandWidth:1200000 
D/DataSource_M3U8(  744): getHLSPlayListInex  DownloadBandWidth:3222   uInDex=0
D/DataSource_M3U8(  744): [M3U8] checkShouldStartNext :[14](172/172)   sequence:0  start next:15  
D/DataSource_M3U8(  744): 
D/DataSource_M3U8(  744): 
D/DataSource_M3U8(  744): 
D/DataSource_M3U8(  744): [M3U8]-7----->This :0x30fd0 --> post cmd for start next url:http://cibn-iss1.longvisionmedia.com:8088/vod/CIBN2013_CIBN2113040100001913_12001300/15.ts, knowedFileSize:0, mCurDowningIndex:14
D/DataSource_M3U8(  744): 
D/DataSource_M3U8(  744): 
D/Downloader(  744): [downloadThread]Downloader::removeTask  
D/Downloader(  744): [downloadThread]task have range string:0- 
D/DataSource_M3U8(  744): 
D/DataSource_M3U8(  744):  Warnig::  getValidBufferLength()  <  Codec require !!!
D/Downloader(  744): Content-Length: 172
D/Downloader(  744): 
D/Downloader(  744): Downloadserver bandWidth:3252
D/Downloader(  744): Downloadserver bandWidth:3252
D/Downloader(  744): Downloadserver bandWidth:3252
D/Downloader(  744): Downloadserver bandWidth:3252
D/DataSource_M3U8(  744): u32HLSSreamNum[0]===>u32BandWidth:1200000 
D/DataSource_M3U8(  744): getHLSPlayListInex  DownloadBandWidth:3252   uInDex=0
D/DataSource_M3U8(  744): [M3U8] checkShouldStartNext :[15](172/172)   sequence:0  start next:16  
D/DataSource_M3U8(  744): 
D/DataSource_M3U8(  744): 
D/DataSource_M3U8(  744): 
D/DataSource_M3U8(  744): [M3U8]-7----->This :0x30fd0 --> post cmd for start next url:http://cibn-iss1.longvisionmedia.com:8088/vod/CIBN2013_CIBN2113040100001913_12001300/16.ts, knowedFileSize:0, mCurDowningIndex:15
D/DataSource_M3U8(  744): 
D/DataSource_M3U8(  744): 
D/Downloader(  744): [downloadThread]Downloader::removeTask  
D/Downloader(  744): [downloadThread]task have range string:0- 
D/dalvikvm( 1505): GC_CONCURRENT freed 486K, 78% free 1380K/6019K, paused 1ms+1ms
I//lib/ld-linux.so.3(  748): FrmCnt:783(0,14,11) Rate:24 Sys:2049432 STC:34465 VPTS:34440 APTS:34463 Delay:15(40) V:0 A:3 VES:0x93bc0 AES:0x8010 PCM:0x4bc80 AudioErr:0x0
D/dalvikvm( 1505): GC_CONCURRENT freed 444K, 77% free 1429K/6019K, paused 1ms+1ms
D/Downloader(  744): Content-Length: 172
D/Downloader(  744): 
D/Downloader(  744): Downloadserver bandWidth:2163
D/Downloader(  744): Downloadserver bandWidth:2163
D/Downloader(  744): Downloadserver bandWidth:2163
D/Downloader(  744): Downloadserver bandWidth:2163
D/dalvikvm( 1505): GC_CONCURRENT freed 490K, 77% free 1416K/6019K, paused 1ms+1ms
D/DataSource_M3U8(  744): 
D/DataSource_M3U8(  744):  Warnig::  getValidBufferLength()  <  Codec require !!!
D/DataSource_M3U8(  744): u32HLSSreamNum[0]===>u32BandWidth:1200000 
D/DataSource_M3U8(  744): getHLSPlayListInex  DownloadBandWidth:2163   uInDex=0
D/DataSource_M3U8(  744): [M3U8] checkShouldStartNext :[16](172/172)   sequence:0  start next:17  
D/DataSource_M3U8(  744): 
D/DataSource_M3U8(  744): 
D/DataSource_M3U8(  744): 
D/DataSource_M3U8(  744): [M3U8]-7----->This :0x30fd0 --> post cmd for start next url:http://cibn-iss1.longvisionmedia.com:8088/vod/CIBN2013_CIBN2113040100001913_12001300/17.ts, knowedFileSize:0, mCurDowningIndex:16
D/DataSource_M3U8(  744): 
D/DataSource_M3U8(  744): 
D/Downloader(  744): [downloadThread]Downloader::removeTask  
D/Downloader(  744): [downloadThread]task have range string:0- 
D/Downloader(  744): Content-Length: 172
D/Downloader(  744): 
D/Downloader(  744): Downloadserver bandWidth:2524
D/Downloader(  744): Downloadserver bandWidth:2524
D/Downloader(  744): Downloadserver bandWidth:2524
D/Downloader(  744): Downloadserver bandWidth:2524
D/DataSource_M3U8(  744): 
D/DataSource_M3U8(  744):  Warnig::  getValidBufferLength()  <  Codec require !!!
D/dalvikvm( 1505): GC_CONCURRENT freed 495K, 78% free 1336K/6019K, paused 1ms+1ms
I//lib/ld-linux.so.3(  748): FrmCnt:821(0,14,11) Rate:24 Sys:2050959 STC:35991 VPTS:35960 APTS:35988 Delay:9(40) V:0 A:0 VES:0x5ea40 AES:0x4c80 PCM:0x4b400 AudioErr:0x0
D/DataSource_M3U8(  744): u32HLSSreamNum[0]===>u32BandWidth:1200000 
D/DataSource_M3U8(  744): getHLSPlayListInex  DownloadBandWidth:2524   uInDex=0
D/DataSource_M3U8(  744): [M3U8] checkShouldStartNext :[17](172/172)   sequence:0  start next:18  
D/DataSource_M3U8(  744): 
D/DataSource_M3U8(  744): 
D/DataSource_M3U8(  744): 
D/DataSource_M3U8(  744): [M3U8]-7----->This :0x30fd0 --> post cmd for start next url:http://cibn-iss1.longvisionmedia.com:8088/vod/CIBN2013_CIBN2113040100001913_12001300/18.ts, knowedFileSize:0, mCurDowningIndex:17
D/DataSource_M3U8(  744): 
D/DataSource_M3U8(  744): 
D/Downloader(  744): [downloadThread]Downloader::removeTask  
D/Downloader(  744): [downloadThread]task have range string:0- 
D/dalvikvm( 1505): GC_CONCURRENT freed 423K, 78% free 1329K/6019K, paused 1ms+1ms
D/dalvikvm( 1505): GC_CONCURRENT freed 409K, 77% free 1397K/6019K, paused 1ms+1ms
D/dalvikvm( 1505): GC_CONCURRENT freed 474K, 77% free 1397K/6019K, paused 1ms+1ms
I//lib/ld-linux.so.3(  748): FrmCnt:859(0,14,11) Rate:24 Sys:2052487 STC:37519 VPTS:37520 APTS:37514 Delay:41(40) V:0 A:0 VES:0x2c250 AES:0x0 PCM:0x4bb80 AudioErr:0x0
D/dalvikvm( 1505): GC_CONCURRENT freed 475K, 79% free 1320K/6019K, paused 1ms+1ms
I//lib/ld-linux.so.3(  748): FrmCnt:892(0,14,11) Rate:21 Sys:2054010 STC:39042 VPTS:38920 APTS:39034 Delay:-82(40) V:0 A:0 VES:0xca0 AES:0x0 PCM:0x4300 AudioErr:0x0
D/Downloader(  744): Content-Length: 172
D/Downloader(  744): 
D/Downloader(  744): Downloadserver bandWidth:388
D/Downloader(  744): Downloadserver bandWidth:388
D/Downloader(  744): Downloadserver bandWidth:388
D/Downloader(  744): Downloadserver bandWidth:388
D/DataSource_M3U8(  744): 
D/DataSource_M3U8(  744):  Warnig::  getValidBufferLength()  <  Codec require !!!
D/DataSource_M3U8(  744): u32HLSSreamNum[0]===>u32BandWidth:1200000 
D/DataSource_M3U8(  744): getHLSPlayListInex  DownloadBandWidth:388   uInDex=0
D/DataSource_M3U8(  744): [M3U8] checkShouldStartNext :[18](172/172)   sequence:0  start next:19  
D/DataSource_M3U8(  744): 
D/DataSource_M3U8(  744): 
D/DataSource_M3U8(  744): 
D/DataSource_M3U8(  744): [M3U8]-7----->This :0x30fd0 --> post cmd for start next url:http://cibn-iss1.longvisionmedia.com:8088/vod/CIBN2013_CIBN2113040100001913_12001300/19.ts, knowedFileSize:0, mCurDowningIndex:18
D/DataSource_M3U8(  744): 
D/DataSource_M3U8(  744): 
D/Downloader(  744): [downloadThread]Downloader::removeTask  
D/Downloader(  744): [downloadThread]task have range string:0- 
D/MediaPlayerService(  744): [8] notify (0x522e8, 3, 5, 0)
D/Downloader(  744): Content-Length: 172
D/Downloader(  744): 
D/Downloader(  744): Downloadserver bandWidth:3127
D/Downloader(  744): Downloadserver bandWidth:3127
D/Downloader(  744): Downloadserver bandWidth:3127
D/Downloader(  744): Downloadserver bandWidth:3127
I//lib/ld-linux.so.3(  748): FrmCnt:892(0,14,11) Rate:0 Sys:2055527 STC:40559 VPTS:38920 APTS:39125 Delay:-1599(40) V:0 A:0 VES:0xca0 AES:0x0 PCM:0x0 AudioErr:0x0
D/DataSource_M3U8(  744): u32HLSSreamNum[0]===>u32BandWidth:1200000 
D/DataSource_M3U8(  744): getHLSPlayListInex  DownloadBandWidth:3127   uInDex=0
D/DataSource_M3U8(  744): [M3U8] checkShouldStartNext :[19](172/172)   sequence:0  start next:20  
D/DataSource_M3U8(  744): 
D/DataSource_M3U8(  744): 
D/DataSource_M3U8(  744): 
D/DataSource_M3U8(  744): [M3U8]-7----->This :0x30fd0 --> post cmd for start next url:http://cibn-iss1.longvisionmedia.com:8088/vod/CIBN2013_CIBN2113040100001913_12001300/20.ts, knowedFileSize:0, mCurDowningIndex:19
D/DataSource_M3U8(  744): 
D/DataSource_M3U8(  744): 
D/Downloader(  744): [downloadThread]Downloader::removeTask  
D/Downloader(  744): [downloadThread]task have range string:0- 
D/DataSource_M3U8(  744): 
D/DataSource_M3U8(  744):  Warnig::  getValidBufferLength()  <  Codec require !!!
D/Downloader(  744): Content-Length: 172
D/Downloader(  744): 
D/Downloader(  744): Downloadserver bandWidth:4144
D/Downloader(  744): Downloadserver bandWidth:4132
D/Downloader(  744): Downloadserver bandWidth:4132
D/Downloader(  744): Downloadserver bandWidth:4132
D/DataSource_M3U8(  744): u32HLSSreamNum[0]===>u32BandWidth:1200000 
D/DataSource_M3U8(  744): getHLSPlayListInex  DownloadBandWidth:4132   uInDex=0
D/DataSource_M3U8(  744): [M3U8] checkShouldStartNext :[20](172/172)   sequence:0  start next:21  
D/DataSource_M3U8(  744): 
D/DataSource_M3U8(  744): 
D/DataSource_M3U8(  744): 
D/DataSource_M3U8(  744): [M3U8]-7----->This :0x30fd0 --> post cmd for start next url:http://cibn-iss1.longvisionmedia.com:8088/vod/CIBN2013_CIBN2113040100001913_12001300/21.ts, knowedFileSize:0, mCurDowningIndex:20
D/DataSource_M3U8(  744): 
D/DataSource_M3U8(  744): 
D/Downloader(  744): [downloadThread]Downloader::removeTask  
D/Downloader(  744): [downloadThread]task have range string:0- 
D/Downloader(  744): Content-Length: 172
D/Downloader(  744): 
D/Downloader(  744): Downloadserver bandWidth:4035
D/Downloader(  744): Downloadserver bandWidth:4035
D/Downloader(  744): Downloadserver bandWidth:4035
D/Downloader(  744): Downloadserver bandWidth:4035
D/DataSource_M3U8(  744): u32HLSSreamNum[0]===>u32BandWidth:1200000 
D/DataSource_M3U8(  744): getHLSPlayListInex  DownloadBandWidth:4035   uInDex=0
D/DataSource_M3U8(  744): [M3U8] checkShouldStartNext :[21](172/172)   sequence:0  start next:22  
D/DataSource_M3U8(  744): 
D/DataSource_M3U8(  744): 
D/DataSource_M3U8(  744): 
D/DataSource_M3U8(  744): [M3U8]-7----->This :0x30fd0 --> post cmd for start next url:http://cibn-iss1.longvisionmedia.com:8088/vod/CIBN2013_CIBN2113040100001913_12001300/22.ts, knowedFileSize:0, mCurDowningIndex:21
D/DataSource_M3U8(  744): 
D/DataSource_M3U8(  744): 
D/Downloader(  744): [downloadThread]Downloader::removeTask  
D/Downloader(  744): [downloadThread]task have range string:0- 
D/DataSource_M3U8(  744): 
D/DataSource_M3U8(  744):  Warnig::  getValidBufferLength()  <  Codec require !!!
D/Downloader(  744): Content-Length: 172
D/Downloader(  744): 
D/Downloader(  744): Downloadserver bandWidth:3141
D/Downloader(  744): Downloadserver bandWidth:3141
D/Downloader(  744): Downloadserver bandWidth:3141
D/Downloader(  744): Downloadserver bandWidth:3141
I//lib/ld-linux.so.3(  748): FrmCnt:892(0,14,11) Rate:0 Sys:2057044 STC:42076 VPTS:38920 APTS:39125 Delay:-3116(40) V:0 A:0 VES:0xca0 AES:0x0 PCM:0x0 AudioErr:0x0
D/DataSource_M3U8(  744): u32HLSSreamNum[0]===>u32BandWidth:1200000 
D/DataSource_M3U8(  744): getHLSPlayListInex  DownloadBandWidth:3141   uInDex=0
D/DataSource_M3U8(  744): [M3U8] checkShouldStartNext :[22](172/172)   sequence:0  start next:23  
D/DataSource_M3U8(  744): 
D/DataSource_M3U8(  744): 
D/DataSource_M3U8(  744): 
D/DataSource_M3U8(  744): [M3U8]-7----->This :0x30fd0 --> post cmd for start next url:http://cibn-iss1.longvisionmedia.com:8088/vod/CIBN2013_CIBN2113040100001913_12001300/23.ts, knowedFileSize:0, mCurDowningIndex:22
D/DataSource_M3U8(  744): 
D/DataSource_M3U8(  744): 
D/Downloader(  744): [downloadThread]Downloader::removeTask  
D/Downloader(  744): [downloadThread]task have range string:0- 
D/dalvikvm( 1505): GC_CONCURRENT freed 427K, 77% free 1394K/6019K, paused 1ms+1ms
D/HomePlayerLib( 1505): hostaddress count is 1
D/MediaPlayerService(  744): [8] notify (0x522e8, 3, 6, 0)
D/dalvikvm( 1505): GC_CONCURRENT freed 472K, 79% free 1312K/6019K, paused 1ms+1ms
D/dalvikvm( 1505): GC_CONCURRENT freed 404K, 79% free 1309K/6019K, paused 1ms+1ms
D/dalvikvm( 1505): GC_CONCURRENT freed 378K, 79% free 1316K/6019K, paused 1ms+1ms
D/dalvikvm( 1505): GC_CONCURRENT freed 385K, 78% free 1330K/6019K, paused 0ms+1ms
D/dalvikvm( 1505): GC_CONCURRENT freed 394K, 78% free 1372K/6019K, paused 1ms+1ms
D/dalvikvm( 1505): GC_CONCURRENT freed 442K, 77% free 1440K/6019K, paused 1ms+1ms
D/dalvikvm( 1505): GC_CONCURRENT freed 500K, 76% free 1452K/6019K, paused 1ms+1ms
D/DataSource_M3U8(  744): 
D/DataSource_M3U8(  744):  Warnig::  getValidBufferLength()  <  Codec require !!!
D/dalvikvm( 1505): GC_CONCURRENT freed 513K, 78% free 1341K/6019K, paused 1ms+1ms
D/dalvikvm( 1505): GC_CONCURRENT freed 418K, 79% free 1309K/6019K, paused 2ms+1ms
D/dalvikvm( 1505): GC_CONCURRENT freed 368K, 77% free 1389K/6019K, paused 1ms+2ms
I//lib/ld-linux.so.3(  748): FrmCnt:892(0,14,11) Rate:0 Sys:2058566 STC:43598 VPTS:38920 APTS:39125 Delay:-4638(40) V:0 A:0 VES:0xca0 AES:0x0 PCM:0x0 AudioErr:0x0
D/Downloader(  744): Content-Length: 172
D/Downloader(  744): 
D/Downloader(  744): Downloadserver bandWidth:491
D/Downloader(  744): Downloadserver bandWidth:491
D/Downloader(  744): Downloadserver bandWidth:491
D/Downloader(  744): Downloadserver bandWidth:491
I//lib/ld-linux.so.3(  748): FrmCnt:892(0,14,11) Rate:0 Sys:2060081 STC:45113 VPTS:38920 APTS:39125 Delay:-6153(40) V:0 A:0 VES:0xca0 AES:0x0 PCM:0x0 AudioErr:0x0
D/DataSource_M3U8(  744): u32HLSSreamNum[0]===>u32BandWidth:1200000 
D/DataSource_M3U8(  744): getHLSPlayListInex  DownloadBandWidth:491   uInDex=0
D/DataSource_M3U8(  744): [M3U8] checkShouldStartNext :[23](172/172)   sequence:0  start next:24  
D/DataSource_M3U8(  744): 
D/DataSource_M3U8(  744): 
D/DataSource_M3U8(  744): 
D/DataSource_M3U8(  744): [M3U8]-7----->This :0x30fd0 --> post cmd for start next url:http://cibn-iss1.longvisionmedia.com:8088/vod/CIBN2013_CIBN2113040100001913_12001300/24.ts, knowedFileSize:0, mCurDowningIndex:23
D/DataSource_M3U8(  744): 
D/DataSource_M3U8(  744): 
D/Downloader(  744): [downloadThread]Downloader::removeTask  
D/Downloader(  744): [downloadThread]task have range string:0- 
D/dalvikvm( 1505): GC_CONCURRENT freed 466K, 79% free 1311K/6019K, paused 1ms+1ms
D/Downloader(  744): Content-Length: 172
D/Downloader(  744): 
D/Downloader(  744): Downloadserver bandWidth:3389
D/Downloader(  744): Downloadserver bandWidth:3389
D/Downloader(  744): Downloadserver bandWidth:3389
D/Downloader(  744): Downloadserver bandWidth:3389
D/dalvikvm( 1505): GC_CONCURRENT freed 384K, 78% free 1334K/6019K, paused 1ms+2ms
D/DataSource_M3U8(  744): u32HLSSreamNum[0]===>u32BandWidth:1200000 
D/DataSource_M3U8(  744): getHLSPlayListInex  DownloadBandWidth:3389   uInDex=0
D/DataSource_M3U8(  744): [M3U8] checkShouldStartNext :[24](172/172)   sequence:0  start next:25  
D/DataSource_M3U8(  744): 
D/DataSource_M3U8(  744): 
D/DataSource_M3U8(  744): 
D/DataSource_M3U8(  744): [M3U8]-7----->This :0x30fd0 --> post cmd for start next url:http://cibn-iss1.longvisionmedia.com:8088/vod/CIBN2013_CIBN2113040100001913_12001300/25.ts, knowedFileSize:0, mCurDowningIndex:24
D/DataSource_M3U8(  744): 
D/DataSource_M3U8(  744): 
D/Downloader(  744): [downloadThread]Downloader::removeTask  
D/Downloader(  744): [downloadThread]task have range string:0- 
D/DataSource_M3U8(  744): 
D/DataSource_M3U8(  744):  Warnig::  getValidBufferLength()  <  Codec require !!!
D/dalvikvm( 1505): GC_CONCURRENT freed 396K, 78% free 1331K/6019K, paused 1ms+1ms
D/Downloader(  744): Content-Length: 172
D/Downloader(  744): 
D/Downloader(  744): Downloadserver bandWidth:3397
D/Downloader(  744): Downloadserver bandWidth:3397
D/Downloader(  744): Downloadserver bandWidth:3397
D/Downloader(  744): Downloadserver bandWidth:3397
D/DataSource_M3U8(  744): u32HLSSreamNum[0]===>u32BandWidth:1200000 
D/DataSource_M3U8(  744): getHLSPlayListInex  DownloadBandWidth:3397   uInDex=0
D/DataSource_M3U8(  744): [M3U8] checkShouldStartNext :[25](172/172)   sequence:0  start next:26  
D/DataSource_M3U8(  744): 
D/DataSource_M3U8(  744): 
D/DataSource_M3U8(  744): 
D/DataSource_M3U8(  744): [M3U8]-7----->This :0x30fd0 --> post cmd for start next url:http://cibn-iss1.longvisionmedia.com:8088/vod/CIBN2013_CIBN2113040100001913_12001300/26.ts, knowedFileSize:0, mCurDowningIndex:25
D/DataSource_M3U8(  744): 
D/DataSource_M3U8(  744): 
D/Downloader(  744): [downloadThread]Downloader::removeTask  
D/Downloader(  744): [downloadThread]task have range string:0- 
D/dalvikvm( 1505): GC_CONCURRENT freed 392K, 76% free 1455K/6019K, paused 1ms+1ms
D/dalvikvm( 1505): GC_CONCURRENT freed 513K, 78% free 1380K/6019K, paused 1ms+1ms
D/Downloader(  744): Content-Length: 172
D/Downloader(  744): 
D/Downloader(  744): Downloadserver bandWidth:3372
D/Downloader(  744): Downloadserver bandWidth:3372
D/Downloader(  744): Downloadserver bandWidth:3372
D/Downloader(  744): Downloadserver bandWidth:3372
I//lib/ld-linux.so.3(  748): FrmCnt:892(0,14,11) Rate:0 Sys:2061599 STC:46632 VPTS:38920 APTS:39125 Delay:-7672(40) V:0 A:0 VES:0xca0 AES:0x0 PCM:0x0 AudioErr:0x0
D/DataSource_M3U8(  744): u32HLSSreamNum[0]===>u32BandWidth:1200000 
D/DataSource_M3U8(  744): getHLSPlayListInex  DownloadBandWidth:3372   uInDex=0
D/DataSource_M3U8(  744): [M3U8] checkShouldStartNext :[26](172/172)   sequence:0  start next:27  
D/DataSource_M3U8(  744): 
D/DataSource_M3U8(  744): 
D/DataSource_M3U8(  744): 
D/DataSource_M3U8(  744): [M3U8]-7----->This :0x30fd0 --> post cmd for start next url:http://cibn-iss1.longvisionmedia.com:8088/vod/CIBN2013_CIBN2113040100001913_12001300/27.ts, knowedFileSize:0, mCurDowningIndex:26
D/DataSource_M3U8(  744): 
D/DataSource_M3U8(  744): 
D/Downloader(  744): [downloadThread]Downloader::removeTask  
D/Downloader(  744): [downloadThread]task have range string:0- 
D/dalvikvm( 1505): GC_CONCURRENT freed 444K, 76% free 1445K/6019K, paused 1ms+2ms
D/DataSource_M3U8(  744): 
D/DataSource_M3U8(  744):  Warnig::  getValidBufferLength()  <  Codec require !!!
D/dalvikvm( 1505): GC_CONCURRENT freed 518K, 79% free 1320K/6019K, paused 1ms+1ms
D/dalvikvm( 1505): GC_CONCURRENT freed 395K, 77% free 1433K/6019K, paused 0ms+1ms
D/Downloader(  744): Content-Length: 172
D/Downloader(  744): 
D/Downloader(  744): Downloadserver bandWidth:3106
D/Downloader(  744): Downloadserver bandWidth:3106
D/Downloader(  744): Downloadserver bandWidth:3106
D/Downloader(  744): Downloadserver bandWidth:3106
D/DataSource_M3U8(  744): u32HLSSreamNum[0]===>u32BandWidth:1200000 
D/DataSource_M3U8(  744): getHLSPlayListInex  DownloadBandWidth:3106   uInDex=0
D/DataSource_M3U8(  744): [M3U8] checkShouldStartNext :[27](172/172)   sequence:0  start next:28  
D/DataSource_M3U8(  744): 
D/DataSource_M3U8(  744): 
D/DataSource_M3U8(  744): 
D/DataSource_M3U8(  744): [M3U8]-7----->This :0x30fd0 --> post cmd for start next url:http://cibn-iss1.longvisionmedia.com:8088/vod/CIBN2013_CIBN2113040100001913_12001300/28.ts, knowedFileSize:0, mCurDowningIndex:27
D/DataSource_M3U8(  744): 
D/DataSource_M3U8(  744): 
D/Downloader(  744): [downloadThread]Downloader::removeTask  
D/Downloader(  744): [downloadThread]task have range string:0- 
D/MediaPlayerService(  744): [8] notify (0x522e8, 3, 7, 0)
D/dalvikvm( 1505): GC_CONCURRENT freed 499K, 77% free 1431K/6019K, paused 0ms+1ms
D/dalvikvm( 1505): GC_CONCURRENT freed 501K, 78% free 1324K/6019K, paused 1ms+1ms
D/dalvikvm( 1505): GC_CONCURRENT freed 395K, 79% free 1323K/6019K, paused 1ms+1ms
D/dalvikvm( 1505): GC_CONCURRENT freed 392K, 77% free 1405K/6019K, paused 1ms+1ms
D/DataSource_M3U8(  744): 
D/DataSource_M3U8(  744):  Warnig::  getValidBufferLength()  <  Codec require !!!
D/dalvikvm( 1505): GC_CONCURRENT freed 493K, 78% free 1329K/6019K, paused 1ms+1ms
I//lib/ld-linux.so.3(  748): FrmCnt:892(0,14,11) Rate:0 Sys:2063120 STC:48152 VPTS:38920 APTS:39125 Delay:-9192(40) V:0 A:0 VES:0xca0 AES:0x0 PCM:0x0 AudioErr:0x0
D/dalvikvm( 1505): GC_CONCURRENT freed 410K, 77% free 1395K/6019K, paused 1ms+1ms
D/Downloader(  744): Content-Length: 172
D/Downloader(  744): 
D/Downloader(  744): Downloadserver bandWidth:744
D/Downloader(  744): Downloadserver bandWidth:744
D/Downloader(  744): Downloadserver bandWidth:744
D/Downloader(  744): Downloadserver bandWidth:744
D/dalvikvm( 1505): GC_CONCURRENT freed 475K, 77% free 1412K/6019K, paused 1ms+1ms
D/DataSource_M3U8(  744): u32HLSSreamNum[0]===>u32BandWidth:1200000 
D/DataSource_M3U8(  744): getHLSPlayListInex  DownloadBandWidth:744   uInDex=0
D/DataSource_M3U8(  744): [M3U8] checkShouldStartNext :[28](172/172)   sequence:0  start next:29  
D/DataSource_M3U8(  744): 
D/DataSource_M3U8(  744): 
D/DataSource_M3U8(  744): 
D/DataSource_M3U8(  744): [M3U8]-7----->This :0x30fd0 --> post cmd for start next url:http://cibn-iss1.longvisionmedia.com:8088/vod/CIBN2013_CIBN2113040100001913_12001300/29.ts, knowedFileSize:0, mCurDowningIndex:28
D/DataSource_M3U8(  744): 
D/DataSource_M3U8(  744): 
D/Downloader(  744): [downloadThread]Downloader::removeTask  
D/Downloader(  744): [downloadThread]task have range string:0- 
D/dalvikvm( 1505): GC_CONCURRENT freed 505K, 79% free 1290K/6019K, paused 0ms+0ms
D/Downloader(  744): Content-Length: 172
D/Downloader(  744): 
D/Downloader(  744): Downloadserver bandWidth:4011
D/Downloader(  744): Downloadserver bandWidth:4011
D/Downloader(  744): Downloadserver bandWidth:4011
D/Downloader(  744): Downloadserver bandWidth:4011
I//lib/ld-linux.so.3(  748): FrmCnt:892(0,14,11) Rate:0 Sys:2064636 STC:49668 VPTS:38920 APTS:39125 Delay:-10708(40) V:0 A:0 VES:0xca0 AES:0x0 PCM:0x0 AudioErr:0x0
D/DataSource_M3U8(  744): u32HLSSreamNum[0]===>u32BandWidth:1200000 
D/DataSource_M3U8(  744): getHLSPlayListInex  DownloadBandWidth:4011   uInDex=0
D/DataSource_M3U8(  744): [M3U8] checkShouldStartNext :[29](172/172)   sequence:0  start next:30  
D/DataSource_M3U8(  744): 
D/DataSource_M3U8(  744): 
D/DataSource_M3U8(  744): 
D/DataSource_M3U8(  744): [M3U8]-7----->This :0x30fd0 --> post cmd for start next url:http://cibn-iss1.longvisionmedia.com:8088/vod/CIBN2013_CIBN2113040100001913_12001300/30.ts, knowedFileSize:0, mCurDowningIndex:29
D/DataSource_M3U8(  744): 
D/DataSource_M3U8(  744): 
D/Downloader(  744): [downloadThread]Downloader::removeTask  
D/Downloader(  744): [downloadThread]task have range string:0- 
D/DataSource_M3U8(  744): 
D/DataSource_M3U8(  744):  Warnig::  getValidBufferLength()  <  Codec require !!!
D/Downloader(  744): Content-Length: 172
D/Downloader(  744): 
D/Downloader(  744): Downloadserver bandWidth:3574
D/Downloader(  744): Downloadserver bandWidth:3574
D/Downloader(  744): Downloadserver bandWidth:3574
D/Downloader(  744): Downloadserver bandWidth:3574
D/DataSource_M3U8(  744): u32HLSSreamNum[0]===>u32BandWidth:1200000 
D/DataSource_M3U8(  744): getHLSPlayListInex  DownloadBandWidth:3574   uInDex=0
D/DataSource_M3U8(  744): [M3U8] checkShouldStartNext :[30](172/172)   sequence:0  start next:31  
D/DataSource_M3U8(  744): 
D/DataSource_M3U8(  744): 
D/DataSource_M3U8(  744): 
D/DataSource_M3U8(  744): [M3U8]-7----->This :0x30fd0 --> post cmd for start next url:http://cibn-iss1.longvisionmedia.com:8088/vod/CIBN2013_CIBN2113040100001913_12001300/31.ts, knowedFileSize:0, mCurDowningIndex:30
D/DataSource_M3U8(  744): 
D/DataSource_M3U8(  744): 
D/Downloader(  744): [downloadThread]Downloader::removeTask  
D/Downloader(  744): [downloadThread]task have range string:0- 
D/Downloader(  744): Content-Length: 172
D/Downloader(  744): 
D/Downloader(  744): Downloadserver bandWidth:3988
D/Downloader(  744): Downloadserver bandWidth:3988
D/Downloader(  744): Downloadserver bandWidth:3988
D/Downloader(  744): Downloadserver bandWidth:3988
D/DataSource_M3U8(  744): u32HLSSreamNum[0]===>u32BandWidth:1200000 
D/DataSource_M3U8(  744): getHLSPlayListInex  DownloadBandWidth:3988   uInDex=0
D/DataSource_M3U8(  744): [M3U8] checkShouldStartNext :[31](172/172)   sequence:0  start next:32  
D/DataSource_M3U8(  744): 
D/DataSource_M3U8(  744): 
D/DataSource_M3U8(  744): 
D/DataSource_M3U8(  744): [M3U8]-7----->This :0x30fd0 --> post cmd for start next url:http://cibn-iss1.longvisionmedia.com:8088/vod/CIBN2013_CIBN2113040100001913_12001300/32.ts, knowedFileSize:0, mCurDowningIndex:31
D/DataSource_M3U8(  744): 
D/DataSource_M3U8(  744): 
D/Downloader(  744): [downloadThread]Downloader::removeTask  
D/Downloader(  744): [downloadThread]task have range string:0- 
D/MediaPlayerService(  744): [8] notify (0x522e8, 3, 8, 0)
D/DataSource_M3U8(  744): 
D/DataSource_M3U8(  744):  Warnig::  getValidBufferLength()  <  Codec require !!!
D/Downloader(  744): Content-Length: 172
D/Downloader(  744): 
D/Downloader(  744): Downloadserver bandWidth:3965
D/Downloader(  744): Downloadserver bandWidth:3965
D/Downloader(  744): Downloadserver bandWidth:3965
D/Downloader(  744): Downloadserver bandWidth:3965
I//lib/ld-linux.so.3(  748): FrmCnt:892(0,14,11) Rate:0 Sys:2066154 STC:51187 VPTS:38920 APTS:39125 Delay:-12227(40) V:0 A:0 VES:0xca0 AES:0x0 PCM:0x0 AudioErr:0x0
D/DataSource_M3U8(  744): u32HLSSreamNum[0]===>u32BandWidth:1200000 
D/DataSource_M3U8(  744): getHLSPlayListInex  DownloadBandWidth:3965   uInDex=0
D/DataSource_M3U8(  744): [M3U8] checkShouldStartNext :[32](172/172)   sequence:0  start next:33  
D/DataSource_M3U8(  744): 
D/DataSource_M3U8(  744): 
D/DataSource_M3U8(  744): 
D/DataSource_M3U8(  744): [M3U8]-7----->This :0x30fd0 --> post cmd for start next url:http://cibn-iss1.longvisionmedia.com:8088/vod/CIBN2013_CIBN2113040100001913_12001300/33.ts, knowedFileSize:0, mCurDowningIndex:32
D/DataSource_M3U8(  744): 
D/DataSource_M3U8(  744): 
D/Downloader(  744): [downloadThread]Downloader::removeTask  
D/Downloader(  744): [downloadThread]task have range string:0- 
D/DataSource_M3U8(  744): 
D/DataSource_M3U8(  744):  Warnig::  getValidBufferLength()  <  Codec require !!!
D/Downloader(  744): Content-Length: 172
D/Downloader(  744): 
D/Downloader(  744): Downloadserver bandWidth:1363
D/Downloader(  744): Downloadserver bandWidth:1363
D/Downloader(  744): Downloadserver bandWidth:1363
D/Downloader(  744): Downloadserver bandWidth:1363
D/DataSource_M3U8(  744): u32HLSSreamNum[0]===>u32BandWidth:1200000 
D/DataSource_M3U8(  744): getHLSPlayListInex  DownloadBandWidth:1363   uInDex=0
D/DataSource_M3U8(  744): [M3U8] checkShouldStartNext :[33](172/172)   sequence:0  start next:34  
D/DataSource_M3U8(  744): 
D/DataSource_M3U8(  744): 
D/DataSource_M3U8(  744): 
D/DataSource_M3U8(  744): [M3U8]-7----->This :0x30fd0 --> post cmd for start next url:http://cibn-iss1.longvisionmedia.com:8088/vod/CIBN2013_CIBN2113040100001913_12001300/34.ts, knowedFileSize:0, mCurDowningIndex:33
D/DataSource_M3U8(  744): 
D/DataSource_M3U8(  744): 
D/Downloader(  744): [downloadThread]Downloader::removeTask  
D/Downloader(  744): [downloadThread]task have range string:0- 
I//lib/ld-linux.so.3(  748): FrmCnt:892(0,14,11) Rate:0 Sys:2067672 STC:52704 VPTS:38920 APTS:39125 Delay:-13744(40) V:0 A:0 VES:0xca0 AES:0x0 PCM:0x0 AudioErr:0x0
D/Downloader(  744): Content-Length: 172
D/Downloader(  744): 
D/Downloader(  744): Downloadserver bandWidth:2940
D/Downloader(  744): Downloadserver bandWidth:2940
D/Downloader(  744): Downloadserver bandWidth:2940
D/Downloader(  744): Downloadserver bandWidth:2940
D/DataSource_M3U8(  744): u32HLSSreamNum[0]===>u32BandWidth:1200000 
D/DataSource_M3U8(  744): getHLSPlayListInex  DownloadBandWidth:2940   uInDex=0
D/DataSource_M3U8(  744): [M3U8] checkShouldStartNext :[34](172/172)   sequence:0  start next:35  
D/DataSource_M3U8(  744): 
D/DataSource_M3U8(  744): 
D/DataSource_M3U8(  744): 
D/DataSource_M3U8(  744): [M3U8]-7----->This :0x30fd0 --> post cmd for start next url:http://cibn-iss1.longvisionmedia.com:8088/vod/CIBN2013_CIBN2113040100001913_12001300/35.ts, knowedFileSize:0, mCurDowningIndex:34
D/DataSource_M3U8(  744): 
D/DataSource_M3U8(  744): 
D/Downloader(  744): [downloadThread]Downloader::removeTask  
D/Downloader(  744): [downloadThread]task have range string:0- 
D/DataSource_M3U8(  744): 
D/DataSource_M3U8(  744):  Warnig::  getValidBufferLength()  <  Codec require !!!
D/HomePlayerLib( 1505): hostaddress count is 1
D/dalvikvm( 1505): GC_CONCURRENT freed 382K, 77% free 1405K/6019K, paused 1ms+1ms
D/dalvikvm( 1505): GC_CONCURRENT freed 497K, 78% free 1384K/6019K, paused 0ms+1ms
D/dalvikvm( 1505): GC_CONCURRENT freed 460K, 79% free 1317K/6019K, paused 1ms+1ms
D/Downloader(  744): Content-Length: 172
D/Downloader(  744): 
D/Downloader(  744): Downloadserver bandWidth:3801
D/Downloader(  744): Downloadserver bandWidth:3801
D/Downloader(  744): Downloadserver bandWidth:3801
D/Downloader(  744): Downloadserver bandWidth:3801
D/DataSource_M3U8(  744): u32HLSSreamNum[0]===>u32BandWidth:1200000 
D/DataSource_M3U8(  744): getHLSPlayListInex  DownloadBandWidth:3801   uInDex=0
D/DataSource_M3U8(  744): [M3U8] checkShouldStartNext :[35](172/172)   sequence:0  start next:36  
D/DataSource_M3U8(  744): 
D/DataSource_M3U8(  744): 
D/DataSource_M3U8(  744): 
D/DataSource_M3U8(  744): [M3U8]-7----->This :0x30fd0 --> post cmd for start next url:http://cibn-iss1.longvisionmedia.com:8088/vod/CIBN2013_CIBN2113040100001913_12001300/36.ts, knowedFileSize:0, mCurDowningIndex:35
D/DataSource_M3U8(  744): 
D/DataSource_M3U8(  744): 
D/Downloader(  744): [downloadThread]Downloader::removeTask  
D/Downloader(  744): [downloadThread]task have range string:0- 
D/dalvikvm( 1505): GC_CONCURRENT freed 389K, 77% free 1388K/6019K, paused 1ms+1ms
D/dalvikvm( 1505): GC_CONCURRENT freed 462K, 77% free 1444K/6019K, paused 1ms+1ms
D/dalvikvm( 1505): GC_CONCURRENT freed 505K, 77% free 1390K/6019K, paused 1ms+1ms
D/dalvikvm( 1505): GC_CONCURRENT freed 460K, 77% free 1438K/6019K, paused 1ms+1ms
D/Downloader(  744): Content-Length: 172
D/Downloader(  744): 
D/Downloader(  744): Downloadserver bandWidth:3679
D/Downloader(  744): Downloadserver bandWidth:3679
D/Downloader(  744): Downloadserver bandWidth:3679
D/Downloader(  744): Downloadserver bandWidth:3679
D/dalvikvm( 1505): GC_CONCURRENT freed 511K, 79% free 1324K/6019K, paused 1ms+1ms
D/DataSource_M3U8(  744): u32HLSSreamNum[0]===>u32BandWidth:1200000 
D/DataSource_M3U8(  744): getHLSPlayListInex  DownloadBandWidth:3679   uInDex=0
D/DataSource_M3U8(  744): [M3U8] checkShouldStartNext :[36](172/172)   sequence:0  start next:37  
D/DataSource_M3U8(  744): 
D/DataSource_M3U8(  744): 
D/DataSource_M3U8(  744): 
D/DataSource_M3U8(  744): [M3U8]-7----->This :0x30fd0 --> post cmd for start next url:http://cibn-iss1.longvisionmedia.com:8088/vod/CIBN2013_CIBN2113040100001913_12001300/37.ts, knowedFileSize:0, mCurDowningIndex:36
D/DataSource_M3U8(  744): 
D/DataSource_M3U8(  744): 
D/Downloader(  744): [downloadThread]Downloader::removeTask  
D/Downloader(  744): [downloadThread]task have range string:0- 
D/MediaPlayerService(  744): [8] notify (0x522e8, 3, 9, 0)
D/dalvikvm( 1505): GC_CONCURRENT freed 404K, 78% free 1382K/6019K, paused 1ms+1ms
D/DataSource_M3U8(  744): 
D/DataSource_M3U8(  744):  Warnig::  getValidBufferLength()  <  Codec require !!!
D/Downloader(  744): Content-Length: 172
D/Downloader(  744): 
D/Downloader(  744): Downloadserver bandWidth:3728
D/Downloader(  744): Downloadserver bandWidth:3728
D/Downloader(  744): Downloadserver bandWidth:3728
D/Downloader(  744): Downloadserver bandWidth:3728
I//lib/ld-linux.so.3(  748): FrmCnt:892(0,14,11) Rate:0 Sys:2069198 STC:54230 VPTS:38920 APTS:39125 Delay:-15270(40) V:0 A:0 VES:0xca0 AES:0x0 PCM:0x0 AudioErr:0x0
D/DataSource_M3U8(  744): u32HLSSreamNum[0]===>u32BandWidth:1200000 
D/DataSource_M3U8(  744): getHLSPlayListInex  DownloadBandWidth:3728   uInDex=0
D/DataSource_M3U8(  744): [M3U8] checkShouldStartNext :[37](172/172)   sequence:0  start next:38  
D/DataSource_M3U8(  744): 
D/DataSource_M3U8(  744): 
D/DataSource_M3U8(  744): 
D/DataSource_M3U8(  744): [M3U8]-7----->This :0x30fd0 --> post cmd for start next url:http://cibn-iss1.longvisionmedia.com:8088/vod/CIBN2013_CIBN2113040100001913_12001300/38.ts, knowedFileSize:0, mCurDowningIndex:37
D/DataSource_M3U8(  744): 
D/DataSource_M3U8(  744): 
D/Downloader(  744): [downloadThread]Downloader::removeTask  
D/Downloader(  744): [downloadThread]task have range string:0- 
D/DataSource_M3U8(  744): 
D/DataSource_M3U8(  744):  Warnig::  getValidBufferLength()  <  Codec require !!!
D/DataSource_M3U8(  744): ----------UpdatePlaylistThread runing... 
I//lib/ld-linux.so.3(  748): FrmCnt:892(0,14,11) Rate:0 Sys:2070714 STC:55746 VPTS:38920 APTS:39125 Delay:-16786(40) V:0 A:0 VES:0xca0 AES:0x0 PCM:0x0 AudioErr:0x0
D/dalvikvm( 1505): GC_CONCURRENT freed 457K, 77% free 1415K/6019K, paused 1ms+1ms
D/dalvikvm( 1505): GC_CONCURRENT freed 473K, 78% free 1332K/6019K, paused 1ms+1ms
D/dalvikvm( 1505): GC_CONCURRENT freed 393K, 77% free 1438K/6019K, paused 1ms+2ms
D/Downloader(  744): Content-Length: 172
D/Downloader(  744): 
D/Downloader(  744): Downloadserver bandWidth:585
D/Downloader(  744): Downloadserver bandWidth:585
D/Downloader(  744): Downloadserver bandWidth:585
D/Downloader(  744): Downloadserver bandWidth:585
D/DataSource_M3U8(  744): u32HLSSreamNum[0]===>u32BandWidth:1200000 
D/DataSource_M3U8(  744): getHLSPlayListInex  DownloadBandWidth:585   uInDex=0
D/DataSource_M3U8(  744): [M3U8] checkShouldStartNext :[38](172/172)   sequence:0  start next:39  
D/DataSource_M3U8(  744): 
D/DataSource_M3U8(  744): 
D/DataSource_M3U8(  744): 
D/DataSource_M3U8(  744): [M3U8]-7----->This :0x30fd0 --> post cmd for start next url:http://cibn-iss1.longvisionmedia.com:8088/vod/CIBN2013_CIBN2113040100001913_12001300/39.ts, knowedFileSize:0, mCurDowningIndex:38
D/DataSource_M3U8(  744): 
D/DataSource_M3U8(  744): 
D/Downloader(  744): [downloadThread]Downloader::removeTask  
D/Downloader(  744): [downloadThread]task have range string:0- 
D/DataSource_M3U8(  744): 
D/DataSource_M3U8(  744):  Warnig::  getValidBufferLength()  <  Codec require !!!
D/Downloader(  744): Content-Length: 172
D/Downloader(  744): 
D/Downloader(  744): Downloadserver bandWidth:4327
D/Downloader(  744): Downloadserver bandWidth:4327
D/Downloader(  744): Downloadserver bandWidth:4327
D/Downloader(  744): Downloadserver bandWidth:4327
I//lib/ld-linux.so.3(  748): FrmCnt:892(0,14,11) Rate:0 Sys:2072234 STC:57266 VPTS:38920 APTS:39125 Delay:-18306(40) V:0 A:0 VES:0xca0 AES:0x0 PCM:0x0 AudioErr:0x0
D/DataSource_M3U8(  744): u32HLSSreamNum[0]===>u32BandWidth:1200000 
D/DataSource_M3U8(  744): getHLSPlayListInex  DownloadBandWidth:4327   uInDex=0
D/DataSource_M3U8(  744): [M3U8] checkShouldStartNext :[39](172/172)   sequence:0  start next:40  
D/DataSource_M3U8(  744): 
D/DataSource_M3U8(  744): 
D/DataSource_M3U8(  744): 
D/DataSource_M3U8(  744): [M3U8]-7----->This :0x30fd0 --> post cmd for start next url:http://cibn-iss1.longvisionmedia.com:8088/vod/CIBN2013_CIBN2113040100001913_12001300/40.ts, knowedFileSize:0, mCurDowningIndex:39
D/DataSource_M3U8(  744): 
D/DataSource_M3U8(  744): 
D/Downloader(  744): [downloadThread]Downloader::removeTask  
D/Downloader(  744): [downloadThread]task have range string:0- 
D/Downloader(  744): Content-Length: 172
D/Downloader(  744): 
D/Downloader(  744): Downloadserver bandWidth:3268
D/Downloader(  744): Downloadserver bandWidth:3268
D/Downloader(  744): Downloadserver bandWidth:3268
D/Downloader(  744): Downloadserver bandWidth:3268
D/DataSource_M3U8(  744): u32HLSSreamNum[0]===>u32BandWidth:1200000 
D/DataSource_M3U8(  744): getHLSPlayListInex  DownloadBandWidth:3268   uInDex=0
D/DataSource_M3U8(  744): [M3U8] checkShouldStartNext :[40](172/172)   sequence:0  start next:41  
D/DataSource_M3U8(  744): 
D/DataSource_M3U8(  744): 
D/DataSource_M3U8(  744): 
D/DataSource_M3U8(  744): [M3U8]-7----->This :0x30fd0 --> post cmd for start next url:http://cibn-iss1.longvisionmedia.com:8088/vod/CIBN2013_CIBN2113040100001913_12001300/41.ts, knowedFileSize:0, mCurDowningIndex:40
D/DataSource_M3U8(  744): 
D/DataSource_M3U8(  744): 
D/Downloader(  744): [downloadThread]Downloader::removeTask  
D/Downloader(  744): [downloadThread]task have range string:0- 
D/MediaPlayerService(  744): [8] notify (0x522e8, 3, 10, 0)
D/DataSource_M3U8(  744): 
D/DataSource_M3U8(  744):  Warnig::  getValidBufferLength()  <  Codec require !!!
D/Downloader(  744): Content-Length: 172
D/Downloader(  744): 
D/Downloader(  744): Downloadserver bandWidth:3163
D/Downloader(  744): Downloadserver bandWidth:3163
D/Downloader(  744): Downloadserver bandWidth:3163
D/Downloader(  744): Downloadserver bandWidth:3163
D/DataSource_M3U8(  744): u32HLSSreamNum[0]===>u32BandWidth:1200000 
D/DataSource_M3U8(  744): getHLSPlayListInex  DownloadBandWidth:3163   uInDex=0
D/DataSource_M3U8(  744): [M3U8] checkShouldStartNext :[41](172/172)   sequence:0  start next:42  
D/DataSource_M3U8(  744): 
D/DataSource_M3U8(  744): 
D/DataSource_M3U8(  744): 
D/DataSource_M3U8(  744): [M3U8]-7----->This :0x30fd0 --> post cmd for start next url:http://cibn-iss1.longvisionmedia.com:8088/vod/CIBN2013_CIBN2113040100001913_12001300/42.ts, knowedFileSize:0, mCurDowningIndex:41
D/DataSource_M3U8(  744): 
D/DataSource_M3U8(  744): 
D/Downloader(  744): [downloadThread]Downloader::removeTask  
D/Downloader(  744): [downloadThread]task have range string:0- 
D/dalvikvm( 1505): GC_CONCURRENT freed 513K, 79% free 1309K/6019K, paused 0ms+1ms
D/Downloader(  744): Content-Length: 172
D/Downloader(  744): 
D/Downloader(  744): Downloadserver bandWidth:4260
D/Downloader(  744): Downloadserver bandWidth:4260
D/Downloader(  744): Downloadserver bandWidth:4260
D/Downloader(  744): Downloadserver bandWidth:4260
D/dalvikvm( 1505): GC_CONCURRENT freed 378K, 78% free 1333K/6019K, paused 1ms+1ms
I//lib/ld-linux.so.3(  748): FrmCnt:892(0,14,11) Rate:0 Sys:2073753 STC:58786 VPTS:38920 APTS:39125 Delay:-19825(40) V:0 A:0 VES:0xca0 AES:0x0 PCM:0x0 AudioErr:0x0
D/DataSource_M3U8(  744): u32HLSSreamNum[0]===>u32BandWidth:1200000 
D/DataSource_M3U8(  744): getHLSPlayListInex  DownloadBandWidth:4260   uInDex=0
D/DataSource_M3U8(  744): [M3U8] checkShouldStartNext :[42](172/172)   sequence:0  start next:43  
D/DataSource_M3U8(  744): 
D/DataSource_M3U8(  744): 
D/DataSource_M3U8(  744): 
D/DataSource_M3U8(  744): [M3U8]-7----->This :0x30fd0 --> post cmd for start next url:http://cibn-iss1.longvisionmedia.com:8088/vod/CIBN2013_CIBN2113040100001913_12001300/43.ts, knowedFileSize:0, mCurDowningIndex:42
D/DataSource_M3U8(  744): 
D/DataSource_M3U8(  744): 
D/Downloader(  744): [downloadThread]Downloader::removeTask  
D/Downloader(  744): [downloadThread]task have range string:0- 
D/dalvikvm( 1505): GC_CONCURRENT freed 414K, 79% free 1314K/6019K, paused 1ms+1ms
D/DataSource_M3U8(  744): 
D/DataSource_M3U8(  744):  Warnig::  getValidBufferLength()  <  Codec require !!!
D/dalvikvm( 1505): GC_CONCURRENT freed 394K, 79% free 1313K/6019K, paused 1ms+1ms
D/dalvikvm( 1505): GC_CONCURRENT freed 394K, 79% free 1313K/6019K, paused 1ms+2ms
D/Downloader(  744): Content-Length: 172
D/Downloader(  744): 
D/Downloader(  744): Downloadserver bandWidth:1323
D/Downloader(  744): Downloadserver bandWidth:1321
D/Downloader(  744): Downloadserver bandWidth:1321
D/Downloader(  744): Downloadserver bandWidth:1321
D/DataSource_M3U8(  744): 
D/DataSource_M3U8(  744):  Warnig::  getValidBufferLength()  <  Codec require !!!
I//lib/ld-linux.so.3(  748): FrmCnt:892(0,14,11) Rate:0 Sys:2075272 STC:60304 VPTS:38920 APTS:39125 Delay:-21344(40) V:0 A:0 VES:0xca0 AES:0x0 PCM:0x0 AudioErr:0x0
D/DataSource_M3U8(  744): u32HLSSreamNum[0]===>u32BandWidth:1200000 
D/DataSource_M3U8(  744): getHLSPlayListInex  DownloadBandWidth:1321   uInDex=0
D/DataSource_M3U8(  744): [M3U8] checkShouldStartNext :[43](172/172)   sequence:0  start next:44  
D/DataSource_M3U8(  744): 
D/DataSource_M3U8(  744): 
D/DataSource_M3U8(  744): 
D/DataSource_M3U8(  744): [M3U8]-7----->This :0x30fd0 --> post cmd for start next url:http://cibn-iss1.longvisionmedia.com:8088/vod/CIBN2013_CIBN2113040100001913_12001300/44.ts, knowedFileSize:0, mCurDowningIndex:43
D/DataSource_M3U8(  744): 
D/DataSource_M3U8(  744): 
D/Downloader(  744): [downloadThread]Downloader::removeTask  
D/Downloader(  744): [downloadThread]task have range string:0- 
I//lib/ld-linux.so.3(  748): FrmCnt:892(0,14,11) Rate:0 Sys:2076789 STC:61821 VPTS:38920 APTS:39125 Delay:-22861(40) V:0 A:0 VES:0xca0 AES:0x0 PCM:0x0 AudioErr:0x0
D/CheckNetWork( 1752): isOk true
D/CheckNetWork( 1752): ActInfoNetworkInfo: type: WIFI[], state: CONNECTED/CONNECTED, reason: (unspecified), extra: (none), roaming: false, failover: false, isAvailable: true
D/CheckNetWork( 1752): infoNetworkInfo: type: WIFI[], state: CONNECTED/CONNECTED, reason: (unspecified), extra: (none), roaming: false, failover: false, isAvailable: true
I//lib/ld-linux.so.3(  748): FrmCnt:892(0,14,11) Rate:0 Sys:2078305 STC:63337 VPTS:38920 APTS:39125 Delay:-24377(40) V:0 A:0 VES:0xca0 AES:0x0 PCM:0x0 AudioErr:0x0
D/Downloader(  744): Content-Length: 172
D/Downloader(  744): 
D/Downloader(  744): Downloadserver bandWidth:414
D/Downloader(  744): Downloadserver bandWidth:414
D/Downloader(  744): Downloadserver bandWidth:414
D/Downloader(  744): Downloadserver bandWidth:414
D/HomePlayerLib( 1505): hostaddress count is 1
D/dalvikvm( 1505): GC_CONCURRENT freed 403K, 77% free 1414K/6019K, paused 0ms+1ms
D/DataSource_M3U8(  744): u32HLSSreamNum[0]===>u32BandWidth:1200000 
D/DataSource_M3U8(  744): getHLSPlayListInex  DownloadBandWidth:414   uInDex=0
D/DataSource_M3U8(  744): [M3U8] checkShouldStartNext :[44](172/172)   sequence:0  start next:45  
D/DataSource_M3U8(  744): 
D/DataSource_M3U8(  744): 
D/DataSource_M3U8(  744): 
D/DataSource_M3U8(  744): [M3U8]-7----->This :0x30fd0 --> post cmd for start next url:http://cibn-iss1.longvisionmedia.com:8088/vod/CIBN2013_CIBN2113040100001913_12001300/45.ts, knowedFileSize:0, mCurDowningIndex:44
D/DataSource_M3U8(  744): 
D/DataSource_M3U8(  744): 
D/Downloader(  744): [downloadThread]Downloader::removeTask  
D/Downloader(  744): [downloadThread]task have range string:0- 
D/dalvikvm( 1505): GC_CONCURRENT freed 504K, 78% free 1383K/6019K, paused 1ms+1ms
D/DataSource_M3U8(  744): 
D/DataSource_M3U8(  744):  Warnig::  getValidBufferLength()  <  Codec require !!!
D/dalvikvm( 1505): GC_CONCURRENT freed 460K, 77% free 1400K/6019K, paused 0ms+1ms
D/dalvikvm( 1505): GC_CONCURRENT freed 479K, 78% free 1324K/6019K, paused 1ms+2ms
D/Downloader(  744): Content-Length: 172
D/Downloader(  744): 
D/Downloader(  744): Downloadserver bandWidth:5396
D/Downloader(  744): Downloadserver bandWidth:5396
D/Downloader(  744): Downloadserver bandWidth:5396
D/Downloader(  744): Downloadserver bandWidth:5396
D/dalvikvm( 1505): GC_CONCURRENT freed 409K, 77% free 1423K/6019K, paused 1ms+1ms
D/dalvikvm( 1505): GC_CONCURRENT freed 483K, 78% free 1344K/6019K, paused 2ms+1ms
D/dalvikvm( 1505): GC_CONCURRENT freed 414K, 77% free 1406K/6019K, paused 1ms+1ms
D/DataSource_M3U8(  744): u32HLSSreamNum[0]===>u32BandWidth:1200000 
D/DataSource_M3U8(  744): getHLSPlayListInex  DownloadBandWidth:5396   uInDex=0
D/DataSource_M3U8(  744): [M3U8] checkShouldStartNext :[45](172/172)   sequence:0  start next:46  
D/DataSource_M3U8(  744): 
D/DataSource_M3U8(  744): 
D/DataSource_M3U8(  744): 
D/DataSource_M3U8(  744): [M3U8]-7----->This :0x30fd0 --> post cmd for start next url:http://cibn-iss1.longvisionmedia.com:8088/vod/CIBN2013_CIBN2113040100001913_12001300/46.ts, knowedFileSize:0, mCurDowningIndex:45
D/DataSource_M3U8(  744): 
D/DataSource_M3U8(  744): 
D/Downloader(  744): [downloadThread]Downloader::removeTask  
D/Downloader(  744): [downloadThread]task have range string:0- 
D/MediaPlayerService(  744): [8] notify (0x522e8, 3, 11, 0)
D/dalvikvm( 1505): GC_CONCURRENT freed 487K, 79% free 1312K/6019K, paused 1ms+1ms
D/dalvikvm( 1505): GC_CONCURRENT freed 386K, 79% free 1319K/6019K, paused 1ms+1ms
D/dalvikvm( 1505): GC_CONCURRENT freed 395K, 77% free 1393K/6019K, paused 1ms+1ms
D/Downloader(  744): Content-Length: 172
D/Downloader(  744): 
D/Downloader(  744): Downloadserver bandWidth:3245
D/Downloader(  744): Downloadserver bandWidth:3245
D/Downloader(  744): Downloadserver bandWidth:3245
D/Downloader(  744): Downloadserver bandWidth:3245
I//lib/ld-linux.so.3(  748): FrmCnt:892(0,14,11) Rate:0 Sys:2079831 STC:64864 VPTS:38920 APTS:39125 Delay:-25904(40) V:0 A:0 VES:0xca0 AES:0x0 PCM:0x0 AudioErr:0x0
D/DataSource_M3U8(  744): u32HLSSreamNum[0]===>u32BandWidth:1200000 
D/DataSource_M3U8(  744): getHLSPlayListInex  DownloadBandWidth:3245   uInDex=0
D/DataSource_M3U8(  744): [M3U8] checkShouldStartNext :[46](172/172)   sequence:0  start next:47  
D/DataSource_M3U8(  744): 
D/DataSource_M3U8(  744): 
D/DataSource_M3U8(  744): 
D/DataSource_M3U8(  744): [M3U8]-7----->This :0x30fd0 --> post cmd for start next url:http://cibn-iss1.longvisionmedia.com:8088/vod/CIBN2013_CIBN2113040100001913_12001300/47.ts, knowedFileSize:0, mCurDowningIndex:46
D/DataSource_M3U8(  744): 
D/DataSource_M3U8(  744): 
D/Downloader(  744): [downloadThread]Downloader::removeTask  
D/Downloader(  744): [downloadThread]task have range string:0- 
D/DataSource_M3U8(  744): 
D/DataSource_M3U8(  744):  Warnig::  getValidBufferLength()  <  Codec require !!!
I//lib/ld-linux.so.3(  748): Old STC: 0x0000fe2e, PTS: 0x00009937, Diff: 0x000064f7
D/Downloader(  744): Content-Length: 172
D/Downloader(  744): 
D/Downloader(  744): Downloadserver bandWidth:4273
D/Downloader(  744): Downloadserver bandWidth:4273
D/Downloader(  744): Downloadserver bandWidth:4273
D/Downloader(  744): Downloadserver bandWidth:4273
D/DataSource_M3U8(  744): u32HLSSreamNum[0]===>u32BandWidth:1200000 
D/DataSource_M3U8(  744): getHLSPlayListInex  DownloadBandWidth:4273   uInDex=0
D/DataSource_M3U8(  744): [M3U8] checkShouldStartNext :[47](172/172)   sequence:0  start next:48  
D/DataSource_M3U8(  744): 
D/DataSource_M3U8(  744): 
D/DataSource_M3U8(  744): 
D/DataSource_M3U8(  744): [M3U8]-7----->This :0x30fd0 --> post cmd for start next url:http://cibn-iss1.longvisionmedia.com:8088/vod/CIBN2013_CIBN2113040100001913_12001300/48.ts, knowedFileSize:0, mCurDowningIndex:47
D/DataSource_M3U8(  744): 
D/DataSource_M3U8(  744): 
D/Downloader(  744): [downloadThread]Downloader::removeTask  
D/Downloader(  744): [downloadThread]task have range string:0- 
D/dalvikvm( 1505): GC_CONCURRENT freed 458K, 78% free 1330K/6019K, paused 1ms+1ms
D/MediaPlayerService(  744): [8] notify (0x522e8, 200, 701, 0)
D/MstarPlayer(  744): MstarPlayer::send MEDIA_INFO_BUFFERING_START  
D/IMMPlayer(  744): Send MM_SetTrickMode
D/IMMPlayer(  744): u32Item:1
D/IMMPlayer(  744): stTrickInfo->eMode:1
D/IMMPlayer(  744): stTrickInfo->eSpeed:1
D/IMMPlayer(  744): Get ret:0
D/MediaPlayerService(  744): [8] notify (0x522e8, 200, 704, 0)
D/MstarPlayer(  744): percent: 0
W/MediaPlayer( 1435): info/warning (701, 0)
W/MediaPlayer( 1435): info/warning (704, 0)
I/MediaPlayer.java( 1435): Info (701,0)
I/MediaPlayer.java( 1435): Info (704,0)
I//lib/ld-linux.so.3(  748): 1. Mode: 1, Speed: 1.
I//lib/ld-linux.so.3(  748): SetTrickMode, Mode: 1, Speed: 1.
I//lib/ld-linux.so.3(  748): Send to Co-processor: eMode: 0, eSpeed: 0.
D/MediaPlayerService(  744): [8] notify (0x522e8, 200, 704, 0)
D/MstarPlayer(  744): percent: 0
W/MediaPlayer( 1435): info/warning (704, 0)
I/MediaPlayer.java( 1435): Info (704,0)
D/dalvikvm( 1505): GC_CONCURRENT freed 407K, 79% free 1315K/6019K, paused 1ms+1ms
D/MediaPlayerService(  744): [8] notify (0x522e8, 200, 704, 0)
D/MstarPlayer(  744): percent: 0
W/MediaPlayer( 1435): info/warning (704, 0)
I/MediaPlayer.java( 1435): Info (704,0)
D/MediaPlayerService(  744): [8] notify (0x522e8, 200, 704, 0)
D/MstarPlayer(  744): percent: 0
W/MediaPlayer( 1435): info/warning (704, 0)
I/MediaPlayer.java( 1435): Info (704,0)
D/MediaPlayerService(  744): [8] notify (0x522e8, 200, 704, 0)
D/MstarPlayer(  744): percent: 0
W/MediaPlayer( 1435): info/warning (704, 0)
I/MediaPlayer.java( 1435): Info (704,0)
D/dalvikvm( 1505): GC_CONCURRENT freed 393K, 78% free 1331K/6019K, paused 2ms+1ms
D/MediaPlayerService(  744): [8] notify (0x522e8, 200, 704, 0)
D/MstarPlayer(  744): percent: 0
W/MediaPlayer( 1435): info/warning (704, 0)
I/MediaPlayer.java( 1435): Info (704,0)
D/MediaPlayerService(  744): [8] notify (0x522e8, 200, 704, 0)
D/MstarPlayer(  744): percent: 0
W/MediaPlayer( 1435): info/warning (704, 0)
I/MediaPlayer.java( 1435): Info (704,0)
D/MediaPlayerService(  744): [8] notify (0x522e8, 200, 704, 0)
D/MstarPlayer(  744): percent: 0
W/MediaPlayer( 1435): info/warning (704, 0)
I/MediaPlayer.java( 1435): Info (704,0)
D/dalvikvm( 1505): GC_CONCURRENT freed 393K, 78% free 1331K/6019K, paused 1ms+1ms
D/MediaPlayerService(  744): [8] notify (0x522e8, 200, 704, 0)
D/MstarPlayer(  744): percent: 0
W/MediaPlayer( 1435): info/warning (704, 0)
I/MediaPlayer.java( 1435): Info (704,0)
D/DataSource_M3U8(  744): 
D/DataSource_M3U8(  744):  Warnig::  getValidBufferLength()  <  Codec require !!!
D/MediaPlayerService(  744): [8] notify (0x522e8, 200, 704, 0)
D/MstarPlayer(  744): percent: 0
W/MediaPlayer( 1435): info/warning (704, 0)
I/MediaPlayer.java( 1435): Info (704,0)
D/MediaPlayerService(  744): [8] notify (0x522e8, 200, 704, 0)
D/MstarPlayer(  744): percent: 0
W/MediaPlayer( 1435): info/warning (704, 0)
I/MediaPlayer.java( 1435): Info (704,0)
D/dalvikvm( 1505): GC_CONCURRENT freed 394K, 77% free 1429K/6019K, paused 0ms+1ms
D/MediaPlayerService(  744): [8] notify (0x522e8, 200, 704, 0)
D/MstarPlayer(  744): percent: 0
W/MediaPlayer( 1435): info/warning (704, 0)
I/MediaPlayer.java( 1435): Info (704,0)
D/MediaPlayerService(  744): [8] notify (0x522e8, 200, 704, 0)
D/MstarPlayer(  744): percent: 0
W/MediaPlayer( 1435): info/warning (704, 0)
I/MediaPlayer.java( 1435): Info (704,0)
D/MediaPlayerService(  744): [8] notify (0x522e8, 200, 704, 0)
D/MstarPlayer(  744): percent: 0
W/MediaPlayer( 1435): info/warning (704, 0)
I/MediaPlayer.java( 1435): Info (704,0)
D/dalvikvm( 1505): GC_CONCURRENT freed 504K, 79% free 1309K/6019K, paused 0ms+2ms
D/MediaPlayerService(  744): [8] notify (0x522e8, 200, 704, 0)
D/MstarPlayer(  744): percent: 0
W/MediaPlayer( 1435): info/warning (704, 0)
I/MediaPlayer.java( 1435): Info (704,0)
D/MediaPlayerService(  744): [8] notify (0x522e8, 200, 704, 0)
D/MstarPlayer(  744): percent: 0
W/MediaPlayer( 1435): info/warning (704, 0)
I/MediaPlayer.java( 1435): Info (704,0)
D/MediaPlayerService(  744): [8] notify (0x522e8, 200, 704, 0)
D/MstarPlayer(  744): percent: 0
W/MediaPlayer( 1435): info/warning (704, 0)
I/MediaPlayer.java( 1435): Info (704,0)
D/MediaPlayerService(  744): [8] notify (0x522e8, 200, 704, 0)
D/MstarPlayer(  744): percent: 0
W/MediaPlayer( 1435): info/warning (704, 0)
I/MediaPlayer.java( 1435): Info (704,0)
D/MediaPlayerService(  744): [8] notify (0x522e8, 200, 704, 0)
D/MstarPlayer(  744): percent: 0
W/MediaPlayer( 1435): info/warning (704, 0)
I/MediaPlayer.java( 1435): Info (704,0)
D/MediaPlayerService(  744): [8] notify (0x522e8, 200, 704, 0)
D/MstarPlayer(  744): percent: 0
W/MediaPlayer( 1435): info/warning (704, 0)
I/MediaPlayer.java( 1435): Info (704,0)
D/MediaPlayerService(  744): [8] notify (0x522e8, 200, 704, 0)
D/MstarPlayer(  744): percent: 0
W/MediaPlayer( 1435): info/warning (704, 0)
I/MediaPlayer.java( 1435): Info (704,0)
D/MediaPlayerService(  744): [8] notify (0x522e8, 200, 704, 0)
D/MstarPlayer(  744): percent: 0
W/MediaPlayer( 1435): info/warning (704, 0)
I/MediaPlayer.java( 1435): Info (704,0)
D/MediaPlayerService(  744): [8] notify (0x522e8, 200, 704, 0)
D/MstarPlayer(  744): percent: 0
W/MediaPlayer( 1435): info/warning (704, 0)
I/MediaPlayer.java( 1435): Info (704,0)
D/MediaPlayerService(  744): [8] notify (0x522e8, 200, 704, 0)
D/MstarPlayer(  744): percent: 0
W/MediaPlayer( 1435): info/warning (704, 0)
I/MediaPlayer.java( 1435): Info (704,0)
D/MediaPlayerService(  744): [8] notify (0x522e8, 200, 704, 0)
D/MstarPlayer(  744): percent: 0
W/MediaPlayer( 1435): info/warning (704, 0)
I/MediaPlayer.java( 1435): Info (704,0)
D/MediaPlayerService(  744): [8] notify (0x522e8, 200, 704, 0)
D/MstarPlayer(  744): percent: 0
W/MediaPlayer( 1435): info/warning (704, 0)
I/MediaPlayer.java( 1435): Info (704,0)
D/MediaPlayerService(  744): [8] notify (0x522e8, 200, 704, 0)
D/MstarPlayer(  744): percent: 0
W/MediaPlayer( 1435): info/warning (704, 0)
I/MediaPlayer.java( 1435): Info (704,0)
D/MediaPlayerService(  744): [8] notify (0x522e8, 200, 704, 0)
D/MstarPlayer(  744): percent: 0
W/MediaPlayer( 1435): info/warning (704, 0)
I/MediaPlayer.java( 1435): Info (704,0)
D/MediaPlayerService(  744): [8] notify (0x522e8, 200, 704, 0)
D/MstarPlayer(  744): percent: 0
W/MediaPlayer( 1435): info/warning (704, 0)
I/MediaPlayer.java( 1435): Info (704,0)
D/MediaPlayerService(  744): [8] notify (0x522e8, 200, 704, 0)
D/MstarPlayer(  744): percent: 0
W/MediaPlayer( 1435): info/warning (704, 0)
I/MediaPlayer.java( 1435): Info (704,0)
D/MediaPlayerService(  744): [8] notify (0x522e8, 200, 704, 0)
D/MstarPlayer(  744): percent: 0
W/MediaPlayer( 1435): info/warning (704, 0)
I/MediaPlayer.java( 1435): Info (704,0)
D/dalvikvm( 1505): GC_CONCURRENT freed 374K, 78% free 1329K/6019K, paused 1ms+1ms
D/MediaPlayerService(  744): [8] notify (0x522e8, 200, 704, 0)
D/MstarPlayer(  744): percent: 0
W/MediaPlayer( 1435): info/warning (704, 0)
I/MediaPlayer.java( 1435): Info (704,0)
D/MediaPlayerService(  744): [8] notify (0x522e8, 200, 704, 0)
D/MstarPlayer(  744): percent: 0
W/MediaPlayer( 1435): info/warning (704, 0)
I/MediaPlayer.java( 1435): Info (704,0)
D/MediaPlayerService(  744): [8] notify (0x522e8, 200, 704, 0)
D/MstarPlayer(  744): percent: 0
W/MediaPlayer( 1435): info/warning (704, 0)
I/MediaPlayer.java( 1435): Info (704,0)
D/MediaPlayerService(  744): [8] notify (0x522e8, 200, 704, 0)
D/MstarPlayer(  744): percent: 0
W/MediaPlayer( 1435): info/warning (704, 0)
I/MediaPlayer.java( 1435): Info (704,0)
D/MediaPlayerService(  744): [8] notify (0x522e8, 200, 704, 0)
D/MstarPlayer(  744): percent: 0
W/MediaPlayer( 1435): info/warning (704, 0)
I/MediaPlayer.java( 1435): Info (704,0)
D/dalvikvm( 1505): GC_CONCURRENT freed 396K, 79% free 1320K/6019K, paused 1ms+1ms
D/MediaPlayerService(  744): [8] notify (0x522e8, 200, 704, 0)
D/MstarPlayer(  744): percent: 0
W/MediaPlayer( 1435): info/warning (704, 0)
I/MediaPlayer.java( 1435): Info (704,0)
D/MediaPlayerService(  744): [8] notify (0x522e8, 200, 704, 0)
D/MstarPlayer(  744): percent: 0
W/MediaPlayer( 1435): info/warning (704, 0)
I/MediaPlayer.java( 1435): Info (704,0)
D/MediaPlayerService(  744): [8] notify (0x522e8, 200, 704, 0)
D/MstarPlayer(  744): percent: 0
W/MediaPlayer( 1435): info/warning (704, 0)
I/MediaPlayer.java( 1435): Info (704,0)
D/MediaPlayerService(  744): [8] notify (0x522e8, 200, 704, 0)
D/MstarPlayer(  744): percent: 0
W/MediaPlayer( 1435): info/warning (704, 0)
I/MediaPlayer.java( 1435): Info (704,0)
D/MediaPlayerService(  744): [8] notify (0x522e8, 200, 704, 0)
D/MstarPlayer(  744): percent: 0
W/MediaPlayer( 1435): info/warning (704, 0)
I/MediaPlayer.java( 1435): Info (704,0)
D/MediaPlayerService(  744): [8] notify (0x522e8, 200, 704, 0)
D/MstarPlayer(  744): percent: 0
W/MediaPlayer( 1435): info/warning (704, 0)
I/MediaPlayer.java( 1435): Info (704,0)
D/MediaPlayerService(  744): [8] notify (0x522e8, 200, 704, 0)
D/MstarPlayer(  744): percent: 0
W/MediaPlayer( 1435): info/warning (704, 0)
I/MediaPlayer.java( 1435): Info (704,0)
D/dalvikvm( 1505): GC_CONCURRENT freed 394K, 78% free 1344K/6019K, paused 1ms+1ms
D/MediaPlayerService(  744): [8] notify (0x522e8, 200, 704, 0)
D/MstarPlayer(  744): percent: 0
W/MediaPlayer( 1435): info/warning (704, 0)
I/MediaPlayer.java( 1435): Info (704,0)
D/MediaPlayerService(  744): [8] notify (0x522e8, 200, 704, 0)
D/MstarPlayer(  744): percent: 0
W/MediaPlayer( 1435): info/warning (704, 0)
I/MediaPlayer.java( 1435): Info (704,0)
D/MediaPlayerService(  744): [8] notify (0x522e8, 200, 704, 0)
D/MstarPlayer(  744): percent: 0
W/MediaPlayer( 1435): info/warning (704, 0)
I/MediaPlayer.java( 1435): Info (704,0)
D/dalvikvm( 1505): GC_CONCURRENT freed 406K, 78% free 1334K/6019K, paused 1ms+1ms
D/MediaPlayerService(  744): [8] notify (0x522e8, 200, 704, 0)
D/MstarPlayer(  744): percent: 0
W/MediaPlayer( 1435): info/warning (704, 0)
I/MediaPlayer.java( 1435): Info (704,0)
D/MediaPlayerService(  744): [8] notify (0x522e8, 200, 704, 0)
D/MstarPlayer(  744): percent: 0
W/MediaPlayer( 1435): info/warning (704, 0)
I/MediaPlayer.java( 1435): Info (704,0)
D/MediaPlayerService(  744): [8] notify (0x522e8, 200, 704, 0)
D/MstarPlayer(  744): percent: 0
W/MediaPlayer( 1435): info/warning (704, 0)
I/MediaPlayer.java( 1435): Info (704,0)
D/dalvikvm( 1505): GC_CONCURRENT freed 394K, 78% free 1332K/6019K, paused 1ms+1ms
D/MediaPlayerService(  744): [8] notify (0x522e8, 200, 704, 0)
D/MstarPlayer(  744): percent: 0
W/MediaPlayer( 1435): info/warning (704, 0)
I/MediaPlayer.java( 1435): Info (704,0)
D/MediaPlayerService(  744): [8] notify (0x522e8, 200, 704, 0)
D/MstarPlayer(  744): percent: 0
W/MediaPlayer( 1435): info/warning (704, 0)
I/MediaPlayer.java( 1435): Info (704,0)
D/MediaPlayerService(  744): [8] notify (0x522e8, 200, 704, 0)
D/MstarPlayer(  744): percent: 0
W/MediaPlayer( 1435): info/warning (704, 0)
I/MediaPlayer.java( 1435): Info (704,0)
D/dalvikvm( 1505): GC_CONCURRENT freed 394K, 78% free 1333K/6019K, paused 1ms+2ms
D/MediaPlayerService(  744): [8] notify (0x522e8, 200, 704, 0)
D/MstarPlayer(  744): percent: 0
W/MediaPlayer( 1435): info/warning (704, 0)
I/MediaPlayer.java( 1435): Info (704,0)
D/MediaPlayerService(  744): [8] notify (0x522e8, 200, 704, 0)
D/MstarPlayer(  744): percent: 0
W/MediaPlayer( 1435): info/warning (704, 0)
I/MediaPlayer.java( 1435): Info (704,0)
D/MediaPlayerService(  744): [8] notify (0x522e8, 200, 704, 0)
D/MstarPlayer(  744): percent: 0
W/MediaPlayer( 1435): info/warning (704, 0)
I/MediaPlayer.java( 1435): Info (704,0)
D/dalvikvm( 1505): GC_CONCURRENT freed 394K, 78% free 1333K/6019K, paused 1ms+1ms
D/MediaPlayerService(  744): [8] notify (0x522e8, 200, 704, 0)
D/MstarPlayer(  744): percent: 0
W/MediaPlayer( 1435): info/warning (704, 0)
I/MediaPlayer.java( 1435): Info (704,0)
D/MediaPlayerService(  744): [8] notify (0x522e8, 200, 704, 0)
D/MstarPlayer(  744): percent: 0
W/MediaPlayer( 1435): info/warning (704, 0)
I/MediaPlayer.java( 1435): Info (704,0)
D/MediaPlayerService(  744): [8] notify (0x522e8, 200, 704, 0)
D/MstarPlayer(  744): percent: 0
W/MediaPlayer( 1435): info/warning (704, 0)
I/MediaPlayer.java( 1435): Info (704,0)
D/dalvikvm( 1505): GC_CONCURRENT freed 394K, 78% free 1333K/6019K, paused 1ms+1ms
D/MediaPlayerService(  744): [8] notify (0x522e8, 200, 704, 0)
D/MstarPlayer(  744): percent: 0
W/MediaPlayer( 1435): info/warning (704, 0)
I/MediaPlayer.java( 1435): Info (704,0)
D/MediaPlayerService(  744): [8] notify (0x522e8, 200, 704, 0)
D/MstarPlayer(  744): percent: 0
W/MediaPlayer( 1435): info/warning (704, 0)
I/MediaPlayer.java( 1435): Info (704,0)
D/MediaPlayerService(  744): [8] notify (0x522e8, 200, 704, 0)
D/MstarPlayer(  744): percent: 0
W/MediaPlayer( 1435): info/warning (704, 0)
I/MediaPlayer.java( 1435): Info (704,0)
D/MediaPlayerService(  744): [8] notify (0x522e8, 200, 704, 0)
D/MstarPlayer(  744): percent: 0
W/MediaPlayer( 1435): info/warning (704, 0)
I/MediaPlayer.java( 1435): Info (704,0)
D/MediaPlayerService(  744): [8] notify (0x522e8, 200, 704, 0)
D/MstarPlayer(  744): percent: 0
W/MediaPlayer( 1435): info/warning (704, 0)
I/MediaPlayer.java( 1435): Info (704,0)
D/MediaPlayerService(  744): [8] notify (0x522e8, 200, 704, 0)
D/MstarPlayer(  744): percent: 0
W/MediaPlayer( 1435): info/warning (704, 0)
I/MediaPlayer.java( 1435): Info (704,0)
D/MediaPlayerService(  744): [8] notify (0x522e8, 200, 704, 0)
D/MstarPlayer(  744): percent: 0
W/MediaPlayer( 1435): info/warning (704, 0)
I/MediaPlayer.java( 1435): Info (704,0)
D/MediaPlayerService(  744): [8] notify (0x522e8, 200, 704, 0)
D/MstarPlayer(  744): percent: 0
W/MediaPlayer( 1435): info/warning (704, 0)
I/MediaPlayer.java( 1435): Info (704,0)
D/MediaPlayerService(  744): [8] notify (0x522e8, 200, 704, 0)
D/MstarPlayer(  744): percent: 0
W/MediaPlayer( 1435): info/warning (704, 0)
I/MediaPlayer.java( 1435): Info (704,0)
D/Downloader(  744): Content-Length: 172
D/Downloader(  744): 
D/Downloader(  744): Downloadserver bandWidth:392
D/Downloader(  744): Downloadserver bandWidth:392
D/Downloader(  744): Downloadserver bandWidth:392
D/Downloader(  744): Downloadserver bandWidth:392
D/DataSource_M3U8(  744): u32HLSSreamNum[0]===>u32BandWidth:1200000 
D/DataSource_M3U8(  744): getHLSPlayListInex  DownloadBandWidth:392   uInDex=0
D/DataSource_M3U8(  744): [M3U8] checkShouldStartNext :[48](172/172)   sequence:0  start next:49  
D/DataSource_M3U8(  744): 
D/DataSource_M3U8(  744): 
D/DataSource_M3U8(  744): 
D/DataSource_M3U8(  744): [M3U8]-7----->This :0x30fd0 --> post cmd for start next url:http://cibn-iss1.longvisionmedia.com:8088/vod/CIBN2013_CIBN2113040100001913_12001300/49.ts, knowedFileSize:0, mCurDowningIndex:48
D/DataSource_M3U8(  744): 
D/DataSource_M3U8(  744): 
D/Downloader(  744): [downloadThread]Downloader::removeTask  
D/Downloader(  744): [downloadThread]task have range string:0- 
D/MediaPlayerService(  744): [8] notify (0x522e8, 200, 704, 0)
D/MstarPlayer(  744): percent: 0
W/MediaPlayer( 1435): info/warning (704, 0)
I/MediaPlayer.java( 1435): Info (704,0)
D/MediaPlayerService(  744): [8] notify (0x522e8, 200, 704, 0)
D/MstarPlayer(  744): percent: 0
W/MediaPlayer( 1435): info/warning (704, 0)
I/MediaPlayer.java( 1435): Info (704,0)
D/DataSource_M3U8(  744): 
D/DataSource_M3U8(  744):  Warnig::  getValidBufferLength()  <  Codec require !!!
D/MediaPlayerService(  744): [8] notify (0x522e8, 200, 704, 0)
D/MstarPlayer(  744): percent: 0
W/MediaPlayer( 1435): info/warning (704, 0)
I/MediaPlayer.java( 1435): Info (704,0)
D/MediaPlayerService(  744): [8] notify (0x522e8, 200, 704, 0)
D/MstarPlayer(  744): percent: 0
W/MediaPlayer( 1435): info/warning (704, 0)
I/MediaPlayer.java( 1435): Info (704,0)
D/MediaPlayerService(  744): [8] notify (0x522e8, 200, 704, 0)
W/MediaPlayer( 1435): info/warning (704, 0)
D/MstarPlayer(  744): percent: 0
I/MediaPlayer.java( 1435): Info (704,0)
D/MediaPlayerService(  744): [8] notify (0x522e8, 200, 704, 0)
D/MstarPlayer(  744): percent: 0
W/MediaPlayer( 1435): info/warning (704, 0)
I/MediaPlayer.java( 1435): Info (704,0)
D/MediaPlayerService(  744): [8] notify (0x522e8, 200, 704, 0)
W/MediaPlayer( 1435): info/warning (704, 0)
D/MstarPlayer(  744): percent: 0
I/MediaPlayer.java( 1435): Info (704,0)
D/MediaPlayerService(  744): [8] notify (0x522e8, 200, 704, 0)
W/MediaPlayer( 1435): info/warning (704, 0)
D/MstarPlayer(  744): percent: 0
I/MediaPlayer.java( 1435): Info (704,0)
D/MediaPlayerService(  744): [8] notify (0x522e8, 200, 704, 0)
D/MstarPlayer(  744): percent: 0
W/MediaPlayer( 1435): info/warning (704, 0)
I/MediaPlayer.java( 1435): Info (704,0)
D/Downloader(  744): Content-Length: 172
D/Downloader(  744): 
D/Downloader(  744): Downloadserver bandWidth:3307
D/Downloader(  744): Downloadserver bandWidth:3307
D/Downloader(  744): Downloadserver bandWidth:3307
D/Downloader(  744): Downloadserver bandWidth:3307
D/MediaPlayerService(  744): [8] notify (0x522e8, 200, 704, 0)
W/MediaPlayer( 1435): info/warning (704, 0)
D/MstarPlayer(  744): percent: 0
I/MediaPlayer.java( 1435): Info (704,0)
D/MediaPlayerService(  744): [8] notify (0x522e8, 200, 704, 0)
W/MediaPlayer( 1435): info/warning (704, 0)
D/MstarPlayer(  744): percent: 0
I/MediaPlayer.java( 1435): Info (704,0)
D/DataSource_M3U8(  744): u32HLSSreamNum[0]===>u32BandWidth:1200000 
D/DataSource_M3U8(  744): getHLSPlayListInex  DownloadBandWidth:3307   uInDex=0
D/DataSource_M3U8(  744): [M3U8] checkShouldStartNext :[49](172/172)   sequence:0  start next:50  
D/DataSource_M3U8(  744): 
D/DataSource_M3U8(  744): 
D/DataSource_M3U8(  744): 
D/DataSource_M3U8(  744): [M3U8]-7----->This :0x30fd0 --> post cmd for start next url:http://cibn-iss1.longvisionmedia.com:8088/vod/CIBN2013_CIBN2113040100001913_12001300/50.ts, knowedFileSize:0, mCurDowningIndex:49
D/DataSource_M3U8(  744): 
D/DataSource_M3U8(  744): 
D/Downloader(  744): [downloadThread]Downloader::removeTask  
D/Downloader(  744): [downloadThread]task have range string:0- 
D/MediaPlayerService(  744): [8] notify (0x522e8, 3, 12, 0)
D/MediaPlayerService(  744): [8] notify (0x522e8, 200, 704, 0)
W/MediaPlayer( 1435): info/warning (704, 0)
D/MstarPlayer(  744): percent: 0
I/MediaPlayer.java( 1435): Info (704,0)
D/MediaPlayerService(  744): [8] notify (0x522e8, 200, 704, 0)
W/MediaPlayer( 1435): info/warning (704, 0)
D/MstarPlayer(  744): percent: 0
I/MediaPlayer.java( 1435): Info (704,0)
D/MediaPlayerService(  744): [8] notify (0x522e8, 200, 704, 0)
D/MstarPlayer(  744): percent: 0
W/MediaPlayer( 1435): info/warning (704, 0)
I/MediaPlayer.java( 1435): Info (704,0)
D/dalvikvm( 1505): GC_CONCURRENT freed 425K, 79% free 1292K/6019K, paused 2ms+1ms
D/MediaPlayerService(  744): [8] notify (0x522e8, 200, 704, 0)
D/MstarPlayer(  744): percent: 0
W/MediaPlayer( 1435): info/warning (704, 0)
I/MediaPlayer.java( 1435): Info (704,0)
D/MediaPlayerService(  744): [8] notify (0x522e8, 200, 704, 0)
D/MstarPlayer(  744): percent: 0
W/MediaPlayer( 1435): info/warning (704, 0)
I/MediaPlayer.java( 1435): Info (704,0)
D/Downloader(  744): Content-Length: 172
D/Downloader(  744): 
D/Downloader(  744): Downloadserver bandWidth:4541
D/Downloader(  744): Downloadserver bandWidth:4541
D/Downloader(  744): Downloadserver bandWidth:4541
D/Downloader(  744): Downloadserver bandWidth:4541
D/MediaPlayerService(  744): [8] notify (0x522e8, 200, 704, 0)
D/MstarPlayer(  744): percent: 0
W/MediaPlayer( 1435): info/warning (704, 0)
I/MediaPlayer.java( 1435): Info (704,0)
D/MediaPlayerService(  744): [8] notify (0x522e8, 200, 704, 0)
D/MstarPlayer(  744): percent: 0
W/MediaPlayer( 1435): info/warning (704, 0)
I/MediaPlayer.java( 1435): Info (704,0)
D/MediaPlayerService(  744): [8] notify (0x522e8, 200, 704, 0)
D/MstarPlayer(  744): percent: 0
W/MediaPlayer( 1435): info/warning (704, 0)
I/MediaPlayer.java( 1435): Info (704,0)
D/MediaPlayerService(  744): [8] notify (0x522e8, 200, 704, 0)
D/MstarPlayer(  744): percent: 0
W/MediaPlayer( 1435): info/warning (704, 0)
I/MediaPlayer.java( 1435): Info (704,0)
D/dalvikvm( 1505): GC_CONCURRENT freed 374K, 77% free 1385K/6019K, paused 1ms+2ms
D/MediaPlayerService(  744): [8] notify (0x522e8, 200, 704, 0)
D/MstarPlayer(  744): percent: 0
W/MediaPlayer( 1435): info/warning (704, 0)
I/MediaPlayer.java( 1435): Info (704,0)
D/DataSource_M3U8(  744): u32HLSSreamNum[0]===>u32BandWidth:1200000 
D/DataSource_M3U8(  744): getHLSPlayListInex  DownloadBandWidth:4541   uInDex=0
D/DataSource_M3U8(  744): [M3U8] checkShouldStartNext :[50](172/172)   sequence:0  start next:51  
D/DataSource_M3U8(  744): 
D/DataSource_M3U8(  744): 
D/DataSource_M3U8(  744): 
D/DataSource_M3U8(  744): [M3U8]-7----->This :0x30fd0 --> post cmd for start next url:http://cibn-iss1.longvisionmedia.com:8088/vod/CIBN2013_CIBN2113040100001913_12001300/51.ts, knowedFileSize:0, mCurDowningIndex:50
D/DataSource_M3U8(  744): 
D/DataSource_M3U8(  744): 
D/Downloader(  744): [downloadThread]Downloader::removeTask  
D/Downloader(  744): [downloadThread]task have range string:0- 
D/DataSource_M3U8(  744): 
D/DataSource_M3U8(  744):  Warnig::  getValidBufferLength()  <  Codec require !!!
D/MediaPlayerService(  744): [8] notify (0x522e8, 200, 704, 0)
D/MstarPlayer(  744): percent: 0
W/MediaPlayer( 1435): info/warning (704, 0)
I/MediaPlayer.java( 1435): Info (704,0)
D/MediaPlayerService(  744): [8] notify (0x522e8, 200, 704, 0)
D/MstarPlayer(  744): percent: 0
W/MediaPlayer( 1435): info/warning (704, 0)
I/MediaPlayer.java( 1435): Info (704,0)
D/dalvikvm( 1505): GC_CONCURRENT freed 477K, 77% free 1410K/6019K, paused 1ms+1ms
D/MediaPlayerService(  744): [8] notify (0x522e8, 200, 704, 0)
D/MstarPlayer(  744): percent: 0
W/MediaPlayer( 1435): info/warning (704, 0)
I/MediaPlayer.java( 1435): Info (704,0)
D/MediaPlayerService(  744): [8] notify (0x522e8, 200, 704, 0)
D/MstarPlayer(  744): percent: 0
W/MediaPlayer( 1435): info/warning (704, 0)
I/MediaPlayer.java( 1435): Info (704,0)
D/MediaPlayerService(  744): [8] notify (0x522e8, 200, 704, 0)
D/MstarPlayer(  744): percent: 0
W/MediaPlayer( 1435): info/warning (704, 0)
I/MediaPlayer.java( 1435): Info (704,0)
D/dalvikvm( 1505): GC_CONCURRENT freed 488K, 78% free 1361K/6019K, paused 1ms+1ms
D/MediaPlayerService(  744): [8] notify (0x522e8, 200, 704, 0)
D/MstarPlayer(  744): percent: 0
W/MediaPlayer( 1435): info/warning (704, 0)
I/MediaPlayer.java( 1435): Info (704,0)
D/Downloader(  744): Content-Length: 172
D/Downloader(  744): 
D/Downloader(  744): Downloadserver bandWidth:4541
D/Downloader(  744): Downloadserver bandWidth:4541
D/Downloader(  744): Downloadserver bandWidth:4526
D/Downloader(  744): Downloadserver bandWidth:4526
D/MediaPlayerService(  744): [8] notify (0x522e8, 200, 704, 0)
D/MstarPlayer(  744): percent: 0
W/MediaPlayer( 1435): info/warning (704, 0)
I/MediaPlayer.java( 1435): Info (704,0)
D/MediaPlayerService(  744): [8] notify (0x522e8, 200, 704, 0)
D/MstarPlayer(  744): percent: 0
W/MediaPlayer( 1435): info/warning (704, 0)
I/MediaPlayer.java( 1435): Info (704,0)
D/MediaPlayerService(  744): [8] notify (0x522e8, 200, 704, 0)
D/MstarPlayer(  744): percent: 0
W/MediaPlayer( 1435): info/warning (704, 0)
I/MediaPlayer.java( 1435): Info (704,0)
D/MediaPlayerService(  744): [8] notify (0x522e8, 200, 704, 0)
D/MstarPlayer(  744): percent: 0
W/MediaPlayer( 1435): info/warning (704, 0)
I/MediaPlayer.java( 1435): Info (704,0)
D/DataSource_M3U8(  744): u32HLSSreamNum[0]===>u32BandWidth:1200000 
D/DataSource_M3U8(  744): getHLSPlayListInex  DownloadBandWidth:4526   uInDex=0
D/DataSource_M3U8(  744): [M3U8] checkShouldStartNext :[51](172/172)   sequence:0  start next:52  
D/DataSource_M3U8(  744): 
D/DataSource_M3U8(  744): 
D/DataSource_M3U8(  744): 
D/DataSource_M3U8(  744): [M3U8]-7----->This :0x30fd0 --> post cmd for start next url:http://cibn-iss1.longvisionmedia.com:8088/vod/CIBN2013_CIBN2113040100001913_12001300/52.ts, knowedFileSize:0, mCurDowningIndex:51
D/DataSource_M3U8(  744): 
D/DataSource_M3U8(  744): 
D/Downloader(  744): [downloadThread]Downloader::removeTask  
D/Downloader(  744): [downloadThread]task have range string:0- 
D/dalvikvm( 1505): GC_CONCURRENT freed 446K, 77% free 1411K/6019K, paused 1ms+1ms
D/MediaPlayerService(  744): [8] notify (0x522e8, 200, 704, 0)
D/MstarPlayer(  744): percent: 0
W/MediaPlayer( 1435): info/warning (704, 0)
I/MediaPlayer.java( 1435): Info (704,0)
D/MediaPlayerService(  744): [8] notify (0x522e8, 200, 704, 0)
D/MstarPlayer(  744): percent: 0
W/MediaPlayer( 1435): info/warning (704, 0)
I/MediaPlayer.java( 1435): Info (704,0)
D/MediaPlayerService(  744): [8] notify (0x522e8, 200, 704, 0)
D/MstarPlayer(  744): percent: 0
W/MediaPlayer( 1435): info/warning (704, 0)
I/MediaPlayer.java( 1435): Info (704,0)
D/MediaPlayerService(  744): [8] notify (0x522e8, 200, 704, 0)
D/MstarPlayer(  744): percent: 0
W/MediaPlayer( 1435): info/warning (704, 0)
I/MediaPlayer.java( 1435): Info (704,0)
D/MediaPlayerService(  744): [8] notify (0x522e8, 200, 704, 0)
D/MstarPlayer(  744): percent: 0
W/MediaPlayer( 1435): info/warning (704, 0)
I/MediaPlayer.java( 1435): Info (704,0)
D/MediaPlayerService(  744): [8] notify (0x522e8, 200, 704, 0)
D/MstarPlayer(  744): percent: 0
W/MediaPlayer( 1435): info/warning (704, 0)
I/MediaPlayer.java( 1435): Info (704,0)
D/Downloader(  744): Content-Length: 172
D/Downloader(  744): 
D/Downloader(  744): Downloadserver bandWidth:4602
D/Downloader(  744): Downloadserver bandWidth:4602
D/Downloader(  744): Downloadserver bandWidth:4602
D/Downloader(  744): Downloadserver bandWidth:4602
D/MediaPlayerService(  744): [8] notify (0x522e8, 200, 704, 0)
D/MstarPlayer(  744): percent: 0
W/MediaPlayer( 1435): info/warning (704, 0)
I/MediaPlayer.java( 1435): Info (704,0)
D/MediaPlayerService(  744): [8] notify (0x522e8, 200, 704, 0)
W/MediaPlayer( 1435): info/warning (704, 0)
D/MstarPlayer(  744): percent: 0
I/MediaPlayer.java( 1435): Info (704,0)
D/MediaPlayerService(  744): [8] notify (0x522e8, 200, 704, 0)
W/MediaPlayer( 1435): info/warning (704, 0)
D/MstarPlayer(  744): percent: 0
I/MediaPlayer.java( 1435): Info (704,0)
D/MediaPlayerService(  744): [8] notify (0x522e8, 200, 704, 0)
D/MstarPlayer(  744): percent: 0
W/MediaPlayer( 1435): info/warning (704, 0)
I/MediaPlayer.java( 1435): Info (704,0)
D/DataSource_M3U8(  744): u32HLSSreamNum[0]===>u32BandWidth:1200000 
D/DataSource_M3U8(  744): getHLSPlayListInex  DownloadBandWidth:4602   uInDex=0
D/DataSource_M3U8(  744): [M3U8] checkShouldStartNext :[52](172/172)   sequence:0  start next:53  
D/DataSource_M3U8(  744): 
D/DataSource_M3U8(  744): 
D/DataSource_M3U8(  744): 
D/DataSource_M3U8(  744): [M3U8]-7----->This :0x30fd0 --> post cmd for start next url:http://cibn-iss1.longvisionmedia.com:8088/vod/CIBN2013_CIBN2113040100001913_12001300/53.ts, knowedFileSize:0, mCurDowningIndex:52
D/DataSource_M3U8(  744): 
D/DataSource_M3U8(  744): 
D/Downloader(  744): [downloadThread]Downloader::removeTask  
D/Downloader(  744): [downloadThread]task have range string:0- 
D/DataSource_M3U8(  744): 
D/DataSource_M3U8(  744):  Warnig::  getValidBufferLength()  <  Codec require !!!
D/MediaPlayerService(  744): [8] notify (0x522e8, 200, 704, 0)
D/MstarPlayer(  744): percent: 0
W/MediaPlayer( 1435): info/warning (704, 0)
I/MediaPlayer.java( 1435): Info (704,0)
D/MediaPlayerService(  744): [8] notify (0x522e8, 200, 704, 0)
D/MstarPlayer(  744): percent: 0
W/MediaPlayer( 1435): info/warning (704, 0)
I/MediaPlayer.java( 1435): Info (704,0)
D/MediaPlayerService(  744): [8] notify (0x522e8, 200, 704, 0)
D/MstarPlayer(  744): percent: 0
W/MediaPlayer( 1435): info/warning (704, 0)
I/MediaPlayer.java( 1435): Info (704,0)
D/MediaPlayerService(  744): [8] notify (0x522e8, 200, 704, 0)
D/MstarPlayer(  744): percent: 0
W/MediaPlayer( 1435): info/warning (704, 0)
I/MediaPlayer.java( 1435): Info (704,0)
D/MediaPlayerService(  744): [8] notify (0x522e8, 200, 704, 0)
W/MediaPlayer( 1435): info/warning (704, 0)
D/MstarPlayer(  744): percent: 0
I/MediaPlayer.java( 1435): Info (704,0)
D/MediaPlayerService(  744): [8] notify (0x522e8, 200, 704, 0)
D/MstarPlayer(  744): percent: 0
W/MediaPlayer( 1435): info/warning (704, 0)
I/MediaPlayer.java( 1435): Info (704,0)
D/MediaPlayerService(  744): [8] notify (0x522e8, 200, 704, 0)
W/MediaPlayer( 1435): info/warning (704, 0)
D/MstarPlayer(  744): percent: 0
I/MediaPlayer.java( 1435): Info (704,0)
D/MediaPlayerService(  744): [8] notify (0x522e8, 200, 704, 0)
W/MediaPlayer( 1435): info/warning (704, 0)
D/MstarPlayer(  744): percent: 0
I/MediaPlayer.java( 1435): Info (704,0)
D/MediaPlayerService(  744): [8] notify (0x522e8, 200, 704, 0)
D/MstarPlayer(  744): percent: 0
W/MediaPlayer( 1435): info/warning (704, 0)
I/MediaPlayer.java( 1435): Info (704,0)
D/MediaPlayerService(  744): [8] notify (0x522e8, 200, 704, 0)
W/MediaPlayer( 1435): info/warning (704, 0)
D/MstarPlayer(  744): percent: 0
I/MediaPlayer.java( 1435): Info (704,0)
D/MediaPlayerService(  744): [8] notify (0x522e8, 200, 704, 0)
W/MediaPlayer( 1435): info/warning (704, 0)
D/MstarPlayer(  744): percent: 0
I/MediaPlayer.java( 1435): Info (704,0)
D/MediaPlayerService(  744): [8] notify (0x522e8, 200, 704, 0)
D/MstarPlayer(  744): percent: 0
W/MediaPlayer( 1435): info/warning (704, 0)
I/MediaPlayer.java( 1435): Info (704,0)
D/MediaPlayerService(  744): [8] notify (0x522e8, 200, 704, 0)
D/MstarPlayer(  744): percent: 0
W/MediaPlayer( 1435): info/warning (704, 0)
I/MediaPlayer.java( 1435): Info (704,0)
D/MediaPlayerService(  744): [8] notify (0x522e8, 200, 704, 0)
D/MstarPlayer(  744): percent: 0
W/MediaPlayer( 1435): info/warning (704, 0)
I/MediaPlayer.java( 1435): Info (704,0)
D/MediaPlayerService(  744): [8] notify (0x522e8, 200, 704, 0)
D/MstarPlayer(  744): percent: 0
W/MediaPlayer( 1435): info/warning (704, 0)
I/MediaPlayer.java( 1435): Info (704,0)
D/MediaPlayerService(  744): [8] notify (0x522e8, 200, 704, 0)
D/MstarPlayer(  744): percent: 0
W/MediaPlayer( 1435): info/warning (704, 0)
I/MediaPlayer.java( 1435): Info (704,0)
D/MediaPlayerService(  744): [8] notify (0x522e8, 200, 704, 0)
D/MstarPlayer(  744): percent: 0
W/MediaPlayer( 1435): info/warning (704, 0)
I/MediaPlayer.java( 1435): Info (704,0)
D/MediaPlayerService(  744): [8] notify (0x522e8, 200, 704, 0)
D/MstarPlayer(  744): percent: 0
W/MediaPlayer( 1435): info/warning (704, 0)
I/MediaPlayer.java( 1435): Info (704,0)
D/MediaPlayerService(  744): [8] notify (0x522e8, 200, 704, 0)
D/MstarPlayer(  744): percent: 0
W/MediaPlayer( 1435): info/warning (704, 0)
I/MediaPlayer.java( 1435): Info (704,0)
D/MediaPlayerService(  744): [8] notify (0x522e8, 200, 704, 0)
D/MstarPlayer(  744): percent: 0
W/MediaPlayer( 1435): info/warning (704, 0)
I/MediaPlayer.java( 1435): Info (704,0)
D/MediaPlayerService(  744): [8] notify (0x522e8, 200, 704, 0)
D/MstarPlayer(  744): percent: 0
W/MediaPlayer( 1435): info/warning (704, 0)
I/MediaPlayer.java( 1435): Info (704,0)
D/MediaPlayerService(  744): [8] notify (0x522e8, 200, 704, 0)
D/MstarPlayer(  744): percent: 0
W/MediaPlayer( 1435): info/warning (704, 0)
I/MediaPlayer.java( 1435): Info (704,0)
D/MediaPlayerService(  744): [8] notify (0x522e8, 200, 704, 0)
D/MstarPlayer(  744): percent: 0
W/MediaPlayer( 1435): info/warning (704, 0)
I/MediaPlayer.java( 1435): Info (704,0)
D/MediaPlayerService(  744): [8] notify (0x522e8, 200, 704, 0)
D/MstarPlayer(  744): percent: 0
W/MediaPlayer( 1435): info/warning (704, 0)
I/MediaPlayer.java( 1435): Info (704,0)
D/MediaPlayerService(  744): [8] notify (0x522e8, 200, 704, 0)
D/MstarPlayer(  744): percent: 0
W/MediaPlayer( 1435): info/warning (704, 0)
I/MediaPlayer.java( 1435): Info (704,0)
D/MediaPlayerService(  744): [8] notify (0x522e8, 200, 704, 0)
D/MstarPlayer(  744): percent: 0
W/MediaPlayer( 1435): info/warning (704, 0)
I/MediaPlayer.java( 1435): Info (704,0)
D/MediaPlayerService(  744): [8] notify (0x522e8, 200, 704, 0)
D/MstarPlayer(  744): percent: 0
W/MediaPlayer( 1435): info/warning (704, 0)
I/MediaPlayer.java( 1435): Info (704,0)
D/MediaPlayerService(  744): [8] notify (0x522e8, 200, 704, 0)
D/MstarPlayer(  744): percent: 0
W/MediaPlayer( 1435): info/warning (704, 0)
I/MediaPlayer.java( 1435): Info (704,0)
D/MediaPlayerService(  744): [8] notify (0x522e8, 200, 704, 0)
D/MstarPlayer(  744): percent: 0
W/MediaPlayer( 1435): info/warning (704, 0)
I/MediaPlayer.java( 1435): Info (704,0)
D/MediaPlayerService(  744): [8] notify (0x522e8, 200, 704, 0)
D/MstarPlayer(  744): percent: 0
W/MediaPlayer( 1435): info/warning (704, 0)
I/MediaPlayer.java( 1435): Info (704,0)
D/MediaPlayerService(  744): [8] notify (0x522e8, 200, 704, 0)
D/MstarPlayer(  744): percent: 0
W/MediaPlayer( 1435): info/warning (704, 0)
I/MediaPlayer.java( 1435): Info (704,0)
D/MediaPlayerService(  744): [8] notify (0x522e8, 200, 704, 0)
D/MstarPlayer(  744): percent: 0
W/MediaPlayer( 1435): info/warning (704, 0)
I/MediaPlayer.java( 1435): Info (704,0)
D/MediaPlayerService(  744): [8] notify (0x522e8, 200, 704, 0)
D/MstarPlayer(  744): percent: 0
W/MediaPlayer( 1435): info/warning (704, 0)
I/MediaPlayer.java( 1435): Info (704,0)
D/MediaPlayerService(  744): [8] notify (0x522e8, 200, 704, 0)
D/MstarPlayer(  744): percent: 0
W/MediaPlayer( 1435): info/warning (704, 0)
I/MediaPlayer.java( 1435): Info (704,0)
D/MediaPlayerService(  744): [8] notify (0x522e8, 200, 704, 0)
D/MstarPlayer(  744): percent: 0
W/MediaPlayer( 1435): info/warning (704, 0)
I/MediaPlayer.java( 1435): Info (704,0)
D/MediaPlayerService(  744): [8] notify (0x522e8, 200, 704, 0)
D/MstarPlayer(  744): percent: 0
W/MediaPlayer( 1435): info/warning (704, 0)
I/MediaPlayer.java( 1435): Info (704,0)
D/MediaPlayerService(  744): [8] notify (0x522e8, 200, 704, 0)
D/MstarPlayer(  744): percent: 0
W/MediaPlayer( 1435): info/warning (704, 0)
I/MediaPlayer.java( 1435): Info (704,0)
D/MediaPlayerService(  744): [8] notify (0x522e8, 200, 704, 0)
D/MstarPlayer(  744): percent: 0
W/MediaPlayer( 1435): info/warning (704, 0)
I/MediaPlayer.java( 1435): Info (704,0)
D/MediaPlayerService(  744): [8] notify (0x522e8, 200, 704, 0)
D/MstarPlayer(  744): percent: 0
W/MediaPlayer( 1435): info/warning (704, 0)
I/MediaPlayer.java( 1435): Info (704,0)
D/MediaPlayerService(  744): [8] notify (0x522e8, 200, 704, 0)
D/MstarPlayer(  744): percent: 0
W/MediaPlayer( 1435): info/warning (704, 0)
I/MediaPlayer.java( 1435): Info (704,0)
D/MediaPlayerService(  744): [8] notify (0x522e8, 200, 704, 0)
D/MstarPlayer(  744): percent: 0
W/MediaPlayer( 1435): info/warning (704, 0)
I/MediaPlayer.java( 1435): Info (704,0)
D/MediaPlayerService(  744): [8] notify (0x522e8, 200, 704, 0)
D/MstarPlayer(  744): percent: 0
W/MediaPlayer( 1435): info/warning (704, 0)
I/MediaPlayer.java( 1435): Info (704,0)
D/MediaPlayerService(  744): [8] notify (0x522e8, 200, 704, 0)
D/MstarPlayer(  744): percent: 0
W/MediaPlayer( 1435): info/warning (704, 0)
I/MediaPlayer.java( 1435): Info (704,0)
D/MediaPlayerService(  744): [8] notify (0x522e8, 200, 704, 0)
D/MstarPlayer(  744): percent: 0
W/MediaPlayer( 1435): info/warning (704, 0)
I/MediaPlayer.java( 1435): Info (704,0)
D/MediaPlayerService(  744): [8] notify (0x522e8, 200, 704, 0)
D/MstarPlayer(  744): percent: 0
W/MediaPlayer( 1435): info/warning (704, 0)
I/MediaPlayer.java( 1435): Info (704,0)
D/MediaPlayerService(  744): [8] notify (0x522e8, 200, 704, 0)
D/MstarPlayer(  744): percent: 0
W/MediaPlayer( 1435): info/warning (704, 0)
I/MediaPlayer.java( 1435): Info (704,0)
D/MediaPlayerService(  744): [8] notify (0x522e8, 200, 704, 0)
D/MstarPlayer(  744): percent: 0
W/MediaPlayer( 1435): info/warning (704, 0)
I/MediaPlayer.java( 1435): Info (704,0)
D/MediaPlayerService(  744): [8] notify (0x522e8, 200, 704, 0)
D/MstarPlayer(  744): percent: 0
W/MediaPlayer( 1435): info/warning (704, 0)
I/MediaPlayer.java( 1435): Info (704,0)
D/MediaPlayerService(  744): [8] notify (0x522e8, 200, 704, 0)
D/MstarPlayer(  744): percent: 0
W/MediaPlayer( 1435): info/warning (704, 0)
I/MediaPlayer.java( 1435): Info (704,0)
D/MediaPlayerService(  744): [8] notify (0x522e8, 200, 704, 0)
D/MstarPlayer(  744): percent: 0
W/MediaPlayer( 1435): info/warning (704, 0)
I/MediaPlayer.java( 1435): Info (704,0)
D/MediaPlayerService(  744): [8] notify (0x522e8, 200, 704, 0)
D/MstarPlayer(  744): percent: 0
W/MediaPlayer( 1435): info/warning (704, 0)
I/MediaPlayer.java( 1435): Info (704,0)
D/MediaPlayerService(  744): [8] notify (0x522e8, 200, 704, 0)
D/MstarPlayer(  744): percent: 0
W/MediaPlayer( 1435): info/warning (704, 0)
I/MediaPlayer.java( 1435): Info (704,0)
D/MediaPlayerService(  744): [8] notify (0x522e8, 200, 704, 0)
D/MstarPlayer(  744): percent: 0
W/MediaPlayer( 1435): info/warning (704, 0)
I/MediaPlayer.java( 1435): Info (704,0)
D/MediaPlayerService(  744): [8] notify (0x522e8, 200, 704, 0)
D/MstarPlayer(  744): percent: 0
W/MediaPlayer( 1435): info/warning (704, 0)
I/MediaPlayer.java( 1435): Info (704,0)
D/MediaPlayerService(  744): [8] notify (0x522e8, 200, 704, 0)
D/MstarPlayer(  744): percent: 0
W/MediaPlayer( 1435): info/warning (704, 0)
I/MediaPlayer.java( 1435): Info (704,0)
D/MediaPlayerService(  744): [8] notify (0x522e8, 200, 704, 0)
D/MstarPlayer(  744): percent: 0
W/MediaPlayer( 1435): info/warning (704, 0)
I/MediaPlayer.java( 1435): Info (704,0)
D/MediaPlayerService(  744): [8] notify (0x522e8, 200, 704, 0)
D/MstarPlayer(  744): percent: 0
W/MediaPlayer( 1435): info/warning (704, 0)
I/MediaPlayer.java( 1435): Info (704,0)
D/MediaPlayerService(  744): [8] notify (0x522e8, 200, 704, 0)
D/MstarPlayer(  744): percent: 0
W/MediaPlayer( 1435): info/warning (704, 0)
I/MediaPlayer.java( 1435): Info (704,0)
D/MediaPlayerService(  744): [8] notify (0x522e8, 200, 704, 0)
D/MstarPlayer(  744): percent: 0
W/MediaPlayer( 1435): info/warning (704, 0)
I/MediaPlayer.java( 1435): Info (704,0)
D/MediaPlayerService(  744): [8] notify (0x522e8, 200, 704, 0)
D/MstarPlayer(  744): percent: 0
W/MediaPlayer( 1435): info/warning (704, 0)
I/MediaPlayer.java( 1435): Info (704,0)
D/MediaPlayerService(  744): [8] notify (0x522e8, 200, 704, 0)
D/MstarPlayer(  744): percent: 0
W/MediaPlayer( 1435): info/warning (704, 0)
I/MediaPlayer.java( 1435): Info (704,0)
D/MediaPlayerService(  744): [8] notify (0x522e8, 200, 704, 0)
D/MstarPlayer(  744): percent: 0
W/MediaPlayer( 1435): info/warning (704, 0)
I/MediaPlayer.java( 1435): Info (704,0)
D/MediaPlayerService(  744): [8] notify (0x522e8, 200, 704, 0)
D/MstarPlayer(  744): percent: 0
W/MediaPlayer( 1435): info/warning (704, 0)
I/MediaPlayer.java( 1435): Info (704,0)
D/MediaPlayerService(  744): [8] notify (0x522e8, 200, 704, 0)
D/MstarPlayer(  744): percent: 0
W/MediaPlayer( 1435): info/warning (704, 0)
I/MediaPlayer.java( 1435): Info (704,0)
D/MediaPlayerService(  744): [8] notify (0x522e8, 200, 704, 0)
D/MstarPlayer(  744): percent: 0
W/MediaPlayer( 1435): info/warning (704, 0)
I/MediaPlayer.java( 1435): Info (704,0)
D/MediaPlayerService(  744): [8] notify (0x522e8, 200, 704, 0)
D/MstarPlayer(  744): percent: 0
W/MediaPlayer( 1435): info/warning (704, 0)
I/MediaPlayer.java( 1435): Info (704,0)
D/MediaPlayerService(  744): [8] notify (0x522e8, 200, 704, 0)
D/MstarPlayer(  744): percent: 0
W/MediaPlayer( 1435): info/warning (704, 0)
I/MediaPlayer.java( 1435): Info (704,0)
D/MediaPlayerService(  744): [8] notify (0x522e8, 200, 704, 0)
D/MstarPlayer(  744): percent: 0
W/MediaPlayer( 1435): info/warning (704, 0)
I/MediaPlayer.java( 1435): Info (704,0)
D/MediaPlayerService(  744): [8] notify (0x522e8, 200, 704, 0)
D/MstarPlayer(  744): percent: 0
W/MediaPlayer( 1435): info/warning (704, 0)
I/MediaPlayer.java( 1435): Info (704,0)
D/MediaPlayerService(  744): [8] notify (0x522e8, 200, 704, 0)
D/MstarPlayer(  744): percent: 0
W/MediaPlayer( 1435): info/warning (704, 0)
I/MediaPlayer.java( 1435): Info (704,0)
D/MediaPlayerService(  744): [8] notify (0x522e8, 200, 704, 0)
D/MstarPlayer(  744): percent: 0
W/MediaPlayer( 1435): info/warning (704, 0)
I/MediaPlayer.java( 1435): Info (704,0)
D/MediaPlayerService(  744): [8] notify (0x522e8, 200, 704, 0)
D/MstarPlayer(  744): percent: 0
W/MediaPlayer( 1435): info/warning (704, 0)
I/MediaPlayer.java( 1435): Info (704,0)
D/MediaPlayerService(  744): [8] notify (0x522e8, 200, 704, 0)
D/MstarPlayer(  744): percent: 0
W/MediaPlayer( 1435): info/warning (704, 0)
I/MediaPlayer.java( 1435): Info (704,0)
D/MediaPlayerService(  744): [8] notify (0x522e8, 200, 704, 0)
D/MstarPlayer(  744): percent: 0
W/MediaPlayer( 1435): info/warning (704, 0)
I/MediaPlayer.java( 1435): Info (704,0)
D/dalvikvm( 1505): GC_CONCURRENT freed 500K, 77% free 1415K/6019K, paused 1ms+1ms
D/HomePlayerLib( 1505): hostaddress count is 1
D/MediaPlayerService(  744): [8] notify (0x522e8, 200, 704, 0)
D/MstarPlayer(  744): percent: 0
W/MediaPlayer( 1435): info/warning (704, 0)
I/MediaPlayer.java( 1435): Info (704,0)
D/dalvikvm( 1505): GC_CONCURRENT freed 505K, 77% free 1408K/6019K, paused 1ms+1ms
D/MediaPlayerService(  744): [8] notify (0x522e8, 200, 704, 0)
D/MstarPlayer(  744): percent: 0
W/MediaPlayer( 1435): info/warning (704, 0)
I/MediaPlayer.java( 1435): Info (704,0)
D/MediaPlayerService(  744): [8] notify (0x522e8, 200, 704, 0)
D/MstarPlayer(  744): percent: 0
W/MediaPlayer( 1435): info/warning (704, 0)
I/MediaPlayer.java( 1435): Info (704,0)
D/dalvikvm( 1505): GC_CONCURRENT freed 496K, 77% free 1420K/6019K, paused 1ms+1ms
D/MediaPlayerService(  744): [8] notify (0x522e8, 200, 704, 0)
D/MstarPlayer(  744): percent: 0
W/MediaPlayer( 1435): info/warning (704, 0)
I/MediaPlayer.java( 1435): Info (704,0)
D/MediaPlayerService(  744): [8] notify (0x522e8, 200, 704, 0)
D/MstarPlayer(  744): percent: 0
W/MediaPlayer( 1435): info/warning (704, 0)
I/MediaPlayer.java( 1435): Info (704,0)
D/dalvikvm( 1505): GC_CONCURRENT freed 504K, 78% free 1338K/6019K, paused 1ms+2ms
D/MediaPlayerService(  744): [8] notify (0x522e8, 200, 704, 0)
D/MstarPlayer(  744): percent: 0
W/MediaPlayer( 1435): info/warning (704, 0)
I/MediaPlayer.java( 1435): Info (704,0)
D/MediaPlayerService(  744): [8] notify (0x522e8, 200, 704, 0)
D/MstarPlayer(  744): percent: 0
W/MediaPlayer( 1435): info/warning (704, 0)
I/MediaPlayer.java( 1435): Info (704,0)
D/MediaPlayerService(  744): [8] notify (0x522e8, 200, 704, 0)
D/MstarPlayer(  744): percent: 0
W/MediaPlayer( 1435): info/warning (704, 0)
I/MediaPlayer.java( 1435): Info (704,0)
D/MediaPlayerService(  744): [8] notify (0x522e8, 200, 704, 0)
D/MstarPlayer(  744): percent: 0
W/MediaPlayer( 1435): info/warning (704, 0)
I/MediaPlayer.java( 1435): Info (704,0)
D/dalvikvm( 1505): GC_CONCURRENT freed 429K, 79% free 1318K/6019K, paused 1ms+1ms
D/MediaPlayerService(  744): [8] notify (0x522e8, 200, 704, 0)
D/MstarPlayer(  744): percent: 0
W/MediaPlayer( 1435): info/warning (704, 0)
I/MediaPlayer.java( 1435): Info (704,0)
D/dalvikvm( 1505): GC_CONCURRENT freed 353K, 76% free 1481K/6019K, paused 1ms+1ms
D/MediaPlayerService(  744): [8] notify (0x522e8, 200, 704, 0)
D/MstarPlayer(  744): percent: 0
W/MediaPlayer( 1435): info/warning (704, 0)
I/MediaPlayer.java( 1435): Info (704,0)
D/MediaPlayerService(  744): [8] notify (0x522e8, 200, 704, 0)
D/MstarPlayer(  744): percent: 0
W/MediaPlayer( 1435): info/warning (704, 0)
I/MediaPlayer.java( 1435): Info (704,0)
D/MediaPlayerService(  744): [8] notify (0x522e8, 200, 704, 0)
D/MstarPlayer(  744): percent: 0
W/MediaPlayer( 1435): info/warning (704, 0)
I/MediaPlayer.java( 1435): Info (704,0)
D/dalvikvm( 1505): GC_CONCURRENT freed 550K, 78% free 1338K/6019K, paused 1ms+1ms
D/MediaPlayerService(  744): [8] notify (0x522e8, 200, 704, 0)
D/MstarPlayer(  744): percent: 0
W/MediaPlayer( 1435): info/warning (704, 0)
I/MediaPlayer.java( 1435): Info (704,0)
D/dalvikvm( 1505): GC_CONCURRENT freed 395K, 78% free 1334K/6019K, paused 1ms+1ms
D/MediaPlayerService(  744): [8] notify (0x522e8, 200, 704, 0)
D/MstarPlayer(  744): percent: 0
W/MediaPlayer( 1435): info/warning (704, 0)
I/MediaPlayer.java( 1435): Info (704,0)
D/MediaPlayerService(  744): [8] notify (0x522e8, 200, 704, 0)
D/MstarPlayer(  744): percent: 0
W/MediaPlayer( 1435): info/warning (704, 0)
I/MediaPlayer.java( 1435): Info (704,0)
D/dalvikvm( 1505): GC_CONCURRENT freed 392K, 78% free 1336K/6019K, paused 1ms+1ms
D/MediaPlayerService(  744): [8] notify (0x522e8, 200, 704, 0)
D/MstarPlayer(  744): percent: 0
W/MediaPlayer( 1435): info/warning (704, 0)
I/MediaPlayer.java( 1435): Info (704,0)
D/MediaPlayerService(  744): [8] notify (0x522e8, 200, 704, 0)
D/MstarPlayer(  744): percent: 0
W/MediaPlayer( 1435): info/warning (704, 0)
I/MediaPlayer.java( 1435): Info (704,0)
D/MediaPlayerService(  744): [8] notify (0x522e8, 200, 704, 0)
D/MstarPlayer(  744): percent: 0
W/MediaPlayer( 1435): info/warning (704, 0)
I/MediaPlayer.java( 1435): Info (704,0)
D/MediaPlayerService(  744): [8] notify (0x522e8, 200, 704, 0)
D/MstarPlayer(  744): percent: 0
W/MediaPlayer( 1435): info/warning (704, 0)
I/MediaPlayer.java( 1435): Info (704,0)
D/dalvikvm( 1505): GC_CONCURRENT freed 410K, 78% free 1365K/6019K, paused 0ms+1ms
D/Downloader(  744): Content-Length: 172
D/Downloader(  744): 
D/Downloader(  744): Downloadserver bandWidth:286
D/Downloader(  744): Downloadserver bandWidth:286
D/Downloader(  744): Downloadserver bandWidth:286
D/Downloader(  744): Downloadserver bandWidth:286
D/dalvikvm( 1505): GC_CONCURRENT freed 431K, 78% free 1334K/6019K, paused 1ms+1ms
D/MediaPlayerService(  744): [8] notify (0x522e8, 200, 704, 0)
D/MstarPlayer(  744): percent: 0
W/MediaPlayer( 1435): info/warning (704, 0)
I/MediaPlayer.java( 1435): Info (704,0)
D/MediaPlayerService(  744): [8] notify (0x522e8, 200, 704, 0)
D/MstarPlayer(  744): percent: 0
W/MediaPlayer( 1435): info/warning (704, 0)
I/MediaPlayer.java( 1435): Info (704,0)
D/MediaPlayerService(  744): [8] notify (0x522e8, 200, 704, 0)
D/MstarPlayer(  744): percent: 0
W/MediaPlayer( 1435): info/warning (704, 0)
I/MediaPlayer.java( 1435): Info (704,0)
D/MediaPlayerService(  744): [8] notify (0x522e8, 200, 704, 0)
D/MstarPlayer(  744): percent: 0
W/MediaPlayer( 1435): info/warning (704, 0)
I/MediaPlayer.java( 1435): Info (704,0)
D/MediaPlayerService(  744): [8] notify (0x522e8, 200, 704, 0)
D/MstarPlayer(  744): percent: 0
W/MediaPlayer( 1435): info/warning (704, 0)
I/MediaPlayer.java( 1435): Info (704,0)
D/DataSource_M3U8(  744): u32HLSSreamNum[0]===>u32BandWidth:1200000 
D/DataSource_M3U8(  744): getHLSPlayListInex  DownloadBandWidth:286   uInDex=0
D/DataSource_M3U8(  744): [M3U8] checkShouldStartNext :[53](172/172)   sequence:0  start next:54  
D/DataSource_M3U8(  744): 
D/DataSource_M3U8(  744): 
D/DataSource_M3U8(  744): 
D/DataSource_M3U8(  744): [M3U8]-7----->This :0x30fd0 --> post cmd for start next url:http://cibn-iss1.longvisionmedia.com:8088/vod/CIBN2013_CIBN2113040100001913_12001300/54.ts, knowedFileSize:0, mCurDowningIndex:53
D/DataSource_M3U8(  744): 
D/DataSource_M3U8(  744): 
D/Downloader(  744): [downloadThread]Downloader::removeTask  
D/Downloader(  744): [downloadThread]task have range string:0- 
D/DataSource_M3U8(  744): 
D/DataSource_M3U8(  744):  Warnig::  getValidBufferLength()  <  Codec require !!!
D/MediaPlayerService(  744): [8] notify (0x522e8, 200, 704, 0)
D/MstarPlayer(  744): percent: 0
W/MediaPlayer( 1435): info/warning (704, 0)
I/MediaPlayer.java( 1435): Info (704,0)
D/MediaPlayerService(  744): [8] notify (0x522e8, 200, 704, 0)
D/MstarPlayer(  744): percent: 0
W/MediaPlayer( 1435): info/warning (704, 0)
I/MediaPlayer.java( 1435): Info (704,0)
D/MediaPlayerService(  744): [8] notify (0x522e8, 200, 704, 0)
D/MstarPlayer(  744): percent: 0
W/MediaPlayer( 1435): info/warning (704, 0)
I/MediaPlayer.java( 1435): Info (704,0)
D/MediaPlayerService(  744): [8] notify (0x522e8, 200, 704, 0)
D/MstarPlayer(  744): percent: 0
W/MediaPlayer( 1435): info/warning (704, 0)
I/MediaPlayer.java( 1435): Info (704,0)
D/MediaPlayerService(  744): [8] notify (0x522e8, 200, 704, 0)
D/MstarPlayer(  744): percent: 0
W/MediaPlayer( 1435): info/warning (704, 0)
I/MediaPlayer.java( 1435): Info (704,0)
D/MediaPlayerService(  744): [8] notify (0x522e8, 200, 704, 0)
D/MstarPlayer(  744): percent: 0
W/MediaPlayer( 1435): info/warning (704, 0)
I/MediaPlayer.java( 1435): Info (704,0)
D/MediaPlayerService(  744): [8] notify (0x522e8, 200, 704, 0)
D/MstarPlayer(  744): percent: 0
W/MediaPlayer( 1435): info/warning (704, 0)
I/MediaPlayer.java( 1435): Info (704,0)
D/MediaPlayerService(  744): [8] notify (0x522e8, 200, 704, 0)
D/MstarPlayer(  744): percent: 0
W/MediaPlayer( 1435): info/warning (704, 0)
I/MediaPlayer.java( 1435): Info (704,0)
D/Downloader(  744): Content-Length: 172
D/Downloader(  744): 
D/Downloader(  744): Downloadserver bandWidth:3356
D/Downloader(  744): Downloadserver bandWidth:3356
D/Downloader(  744): Downloadserver bandWidth:3356
D/Downloader(  744): Downloadserver bandWidth:3347
D/MediaPlayerService(  744): [8] notify (0x522e8, 200, 704, 0)
D/MstarPlayer(  744): percent: 0
W/MediaPlayer( 1435): info/warning (704, 0)
I/MediaPlayer.java( 1435): Info (704,0)
D/MediaPlayerService(  744): [8] notify (0x522e8, 200, 704, 0)
W/MediaPlayer( 1435): info/warning (704, 0)
D/MstarPlayer(  744): percent: 0
I/MediaPlayer.java( 1435): Info (704,0)
D/DataSource_M3U8(  744): u32HLSSreamNum[0]===>u32BandWidth:1200000 
D/DataSource_M3U8(  744): getHLSPlayListInex  DownloadBandWidth:3347   uInDex=0
D/DataSource_M3U8(  744): [M3U8] checkShouldStartNext :[54](172/172)   sequence:0  start next:55  
D/DataSource_M3U8(  744): 
D/DataSource_M3U8(  744): 
D/DataSource_M3U8(  744): 
D/DataSource_M3U8(  744): [M3U8]-7----->This :0x30fd0 --> post cmd for start next url:http://cibn-iss1.longvisionmedia.com:8088/vod/CIBN2013_CIBN2113040100001913_12001300/55.ts, knowedFileSize:0, mCurDowningIndex:54
D/DataSource_M3U8(  744): 
D/DataSource_M3U8(  744): 
D/Downloader(  744): [downloadThread]Downloader::removeTask  
D/Downloader(  744): [downloadThread]task have range string:0- 
D/MediaPlayerService(  744): [8] notify (0x522e8, 3, 13, 0)
D/MediaPlayerService(  744): [8] notify (0x522e8, 200, 704, 0)
D/MstarPlayer(  744): percent: 0
W/MediaPlayer( 1435): info/warning (704, 0)
I/MediaPlayer.java( 1435): Info (704,0)
D/MediaPlayerService(  744): [8] notify (0x522e8, 200, 704, 0)
W/MediaPlayer( 1435): info/warning (704, 0)
D/MstarPlayer(  744): percent: 0
I/MediaPlayer.java( 1435): Info (704,0)
D/MediaPlayerService(  744): [8] notify (0x522e8, 200, 704, 0)
D/MstarPlayer(  744): percent: 0
W/MediaPlayer( 1435): info/warning (704, 0)
I/MediaPlayer.java( 1435): Info (704,0)
D/MediaPlayerService(  744): [8] notify (0x522e8, 200, 704, 0)
D/MstarPlayer(  744): percent: 0
W/MediaPlayer( 1435): info/warning (704, 0)
I/MediaPlayer.java( 1435): Info (704,0)
D/MediaPlayerService(  744): [8] notify (0x522e8, 200, 704, 0)
W/MediaPlayer( 1435): info/warning (704, 0)
I/MediaPlayer.java( 1435): Info (704,0)
D/MstarPlayer(  744): percent: 0
D/MediaPlayerService(  744): [8] notify (0x522e8, 200, 704, 0)
D/MstarPlayer(  744): percent: 0
W/MediaPlayer( 1435): info/warning (704, 0)
I/MediaPlayer.java( 1435): Info (704,0)
D/Downloader(  744): Content-Length: 172
D/Downloader(  744): 
D/Downloader(  744): Downloadserver bandWidth:4410
D/Downloader(  744): Downloadserver bandWidth:4410
D/Downloader(  744): Downloadserver bandWidth:4410
D/Downloader(  744): Downloadserver bandWidth:4410
D/MediaPlayerService(  744): [8] notify (0x522e8, 200, 704, 0)
D/MstarPlayer(  744): percent: 0
W/MediaPlayer( 1435): info/warning (704, 0)
I/MediaPlayer.java( 1435): Info (704,0)
D/MediaPlayerService(  744): [8] notify (0x522e8, 200, 704, 0)
W/MediaPlayer( 1435): info/warning (704, 0)
I/MediaPlayer.java( 1435): Info (704,0)
D/MstarPlayer(  744): percent: 0
D/MediaPlayerService(  744): [8] notify (0x522e8, 200, 704, 0)
D/MstarPlayer(  744): percent: 0
W/MediaPlayer( 1435): info/warning (704, 0)
I/MediaPlayer.java( 1435): Info (704,0)
D/MediaPlayerService(  744): [8] notify (0x522e8, 200, 704, 0)
D/MstarPlayer(  744): percent: 0
W/MediaPlayer( 1435): info/warning (704, 0)
I/MediaPlayer.java( 1435): Info (704,0)
D/DataSource_M3U8(  744): u32HLSSreamNum[0]===>u32BandWidth:1200000 
D/DataSource_M3U8(  744): getHLSPlayListInex  DownloadBandWidth:4410   uInDex=0
D/DataSource_M3U8(  744): [M3U8] checkShouldStartNext :[55](172/172)   sequence:0  start next:56  
D/DataSource_M3U8(  744): 
D/DataSource_M3U8(  744): 
D/DataSource_M3U8(  744): 
D/DataSource_M3U8(  744): [M3U8]-7----->This :0x30fd0 --> post cmd for start next url:http://cibn-iss1.longvisionmedia.com:8088/vod/CIBN2013_CIBN2113040100001913_12001300/56.ts, knowedFileSize:0, mCurDowningIndex:55
D/DataSource_M3U8(  744): 
D/DataSource_M3U8(  744): 
D/Downloader(  744): [downloadThread]Downloader::removeTask  
D/Downloader(  744): [downloadThread]task have range string:0- 
D/DataSource_M3U8(  744): 
D/DataSource_M3U8(  744):  Warnig::  getValidBufferLength()  <  Codec require !!!
D/MediaPlayerService(  744): [8] notify (0x522e8, 200, 704, 0)
W/MediaPlayer( 1435): info/warning (704, 0)
I/MediaPlayer.java( 1435): Info (704,0)
D/MstarPlayer(  744): percent: 0
D/MediaPlayerService(  744): [8] notify (0x522e8, 200, 704, 0)
D/MstarPlayer(  744): percent: 0
W/MediaPlayer( 1435): info/warning (704, 0)
I/MediaPlayer.java( 1435): Info (704,0)
D/MediaPlayerService(  744): [8] notify (0x522e8, 200, 704, 0)
D/MstarPlayer(  744): percent: 0
W/MediaPlayer( 1435): info/warning (704, 0)
I/MediaPlayer.java( 1435): Info (704,0)
D/MediaPlayerService(  744): [8] notify (0x522e8, 200, 704, 0)
D/MstarPlayer(  744): percent: 0
W/MediaPlayer( 1435): info/warning (704, 0)
I/MediaPlayer.java( 1435): Info (704,0)
D/MediaPlayerService(  744): [8] notify (0x522e8, 200, 704, 0)
D/MstarPlayer(  744): percent: 0
W/MediaPlayer( 1435): info/warning (704, 0)
I/MediaPlayer.java( 1435): Info (704,0)
D/MediaPlayerService(  744): [8] notify (0x522e8, 200, 704, 0)
D/MstarPlayer(  744): percent: 0
W/MediaPlayer( 1435): info/warning (704, 0)
I/MediaPlayer.java( 1435): Info (704,0)
D/dalvikvm( 1505): GC_CONCURRENT freed 408K, 79% free 1323K/6019K, paused 0ms+1ms
D/MediaPlayerService(  744): [8] notify (0x522e8, 200, 704, 0)
D/MstarPlayer(  744): percent: 0
W/MediaPlayer( 1435): info/warning (704, 0)
I/MediaPlayer.java( 1435): Info (704,0)
D/MediaPlayerService(  744): [8] notify (0x522e8, 200, 704, 0)
D/MstarPlayer(  744): percent: 0
W/MediaPlayer( 1435): info/warning (704, 0)
I/MediaPlayer.java( 1435): Info (704,0)
D/MediaPlayerService(  744): [8] notify (0x522e8, 200, 704, 0)
D/MstarPlayer(  744): percent: 0
W/MediaPlayer( 1435): info/warning (704, 0)
I/MediaPlayer.java( 1435): Info (704,0)
D/MediaPlayerService(  744): [8] notify (0x522e8, 200, 704, 0)
D/MstarPlayer(  744): percent: 0
W/MediaPlayer( 1435): info/warning (704, 0)
I/MediaPlayer.java( 1435): Info (704,0)
D/dalvikvm( 1505): GC_CONCURRENT freed 391K, 78% free 1335K/6019K, paused 1ms+1ms
D/MediaPlayerService(  744): [8] notify (0x522e8, 200, 704, 0)
D/MstarPlayer(  744): percent: 0
W/MediaPlayer( 1435): info/warning (704, 0)
I/MediaPlayer.java( 1435): Info (704,0)
D/Downloader(  744): Content-Length: 172
D/Downloader(  744): 
D/Downloader(  744): Downloadserver bandWidth:2439
D/Downloader(  744): Downloadserver bandWidth:2439
D/Downloader(  744): Downloadserver bandWidth:2439
D/Downloader(  744): Downloadserver bandWidth:2439
D/MediaPlayerService(  744): [8] notify (0x522e8, 200, 704, 0)
D/MstarPlayer(  744): percent: 0
W/MediaPlayer( 1435): info/warning (704, 0)
I/MediaPlayer.java( 1435): Info (704,0)
D/dalvikvm( 1505): GC_CONCURRENT freed 396K, 78% free 1332K/6019K, paused 1ms+2ms
D/MediaPlayerService(  744): [8] notify (0x522e8, 200, 704, 0)
D/MstarPlayer(  744): percent: 0
W/MediaPlayer( 1435): info/warning (704, 0)
I/MediaPlayer.java( 1435): Info (704,0)
D/MediaPlayerService(  744): [8] notify (0x522e8, 200, 704, 0)
D/MstarPlayer(  744): percent: 0
W/MediaPlayer( 1435): info/warning (704, 0)
I/MediaPlayer.java( 1435): Info (704,0)
D/MediaPlayerService(  744): [8] notify (0x522e8, 200, 704, 0)
D/MstarPlayer(  744): percent: 0
W/MediaPlayer( 1435): info/warning (704, 0)
I/MediaPlayer.java( 1435): Info (704,0)
D/dalvikvm( 1505): GC_CONCURRENT freed 392K, 78% free 1332K/6019K, paused 2ms+1ms
D/MediaPlayerService(  744): [8] notify (0x522e8, 200, 704, 0)
D/MstarPlayer(  744): percent: 0
W/MediaPlayer( 1435): info/warning (704, 0)
I/MediaPlayer.java( 1435): Info (704,0)
D/MediaPlayerService(  744): [8] notify (0x522e8, 200, 704, 0)
D/MstarPlayer(  744): percent: 0
W/MediaPlayer( 1435): info/warning (704, 0)
I/MediaPlayer.java( 1435): Info (704,0)
D/MediaPlayerService(  744): [8] notify (0x522e8, 200, 704, 0)
D/MstarPlayer(  744): percent: 0
W/MediaPlayer( 1435): info/warning (704, 0)
I/MediaPlayer.java( 1435): Info (704,0)
D/dalvikvm( 1505): GC_CONCURRENT freed 392K, 78% free 1332K/6019K, paused 1ms+1ms
D/MediaPlayerService(  744): [8] notify (0x522e8, 200, 704, 0)
D/MstarPlayer(  744): percent: 0
W/MediaPlayer( 1435): info/warning (704, 0)
I/MediaPlayer.java( 1435): Info (704,0)
D/MediaPlayerService(  744): [8] notify (0x522e8, 200, 704, 0)
D/MstarPlayer(  744): percent: 0
W/MediaPlayer( 1435): info/warning (704, 0)
I/MediaPlayer.java( 1435): Info (704,0)
D/DataSource_M3U8(  744): u32HLSSreamNum[0]===>u32BandWidth:1200000 
D/DataSource_M3U8(  744): getHLSPlayListInex  DownloadBandWidth:2439   uInDex=0
D/DataSource_M3U8(  744): [M3U8] checkShouldStartNext :[56](172/172)   sequence:0  start next:57  
D/DataSource_M3U8(  744): 
D/DataSource_M3U8(  744): 
D/DataSource_M3U8(  744): 
D/DataSource_M3U8(  744): [M3U8]-7----->This :0x30fd0 --> post cmd for start next url:http://cibn-iss1.longvisionmedia.com:8088/vod/CIBN2013_CIBN2113040100001913_12001300/57.ts, knowedFileSize:0, mCurDowningIndex:56
D/DataSource_M3U8(  744): 
D/DataSource_M3U8(  744): 
D/Downloader(  744): [downloadThread]Downloader::removeTask  
D/Downloader(  744): [downloadThread]task have range string:0- 
D/DataSource_M3U8(  744): 
D/DataSource_M3U8(  744):  Warnig::  getValidBufferLength()  <  Codec require !!!
D/MediaPlayerService(  744): [8] notify (0x522e8, 200, 704, 0)
D/MstarPlayer(  744): percent: 0
W/MediaPlayer( 1435): info/warning (704, 0)
I/MediaPlayer.java( 1435): Info (704,0)
D/dalvikvm( 1505): GC_CONCURRENT freed 393K, 78% free 1332K/6019K, paused 1ms+1ms
D/MediaPlayerService(  744): [8] notify (0x522e8, 200, 704, 0)
D/MstarPlayer(  744): percent: 0
W/MediaPlayer( 1435): info/warning (704, 0)
I/MediaPlayer.java( 1435): Info (704,0)
D/MediaPlayerService(  744): [8] notify (0x522e8, 200, 704, 0)
D/MstarPlayer(  744): percent: 0
W/MediaPlayer( 1435): info/warning (704, 0)
I/MediaPlayer.java( 1435): Info (704,0)
D/MediaPlayerService(  744): [8] notify (0x522e8, 200, 704, 0)
D/MstarPlayer(  744): percent: 0
W/MediaPlayer( 1435): info/warning (704, 0)
I/MediaPlayer.java( 1435): Info (704,0)
D/dalvikvm( 1505): GC_CONCURRENT freed 392K, 78% free 1332K/6019K, paused 1ms+1ms
D/MediaPlayerService(  744): [8] notify (0x522e8, 200, 704, 0)
D/MstarPlayer(  744): percent: 0
W/MediaPlayer( 1435): info/warning (704, 0)
I/MediaPlayer.java( 1435): Info (704,0)
D/MediaPlayerService(  744): [8] notify (0x522e8, 200, 704, 0)
D/MstarPlayer(  744): percent: 0
W/MediaPlayer( 1435): info/warning (704, 0)
I/MediaPlayer.java( 1435): Info (704,0)
D/Downloader(  744): Content-Length: 172
D/Downloader(  744): 
D/Downloader(  744): Downloadserver bandWidth:4195
D/Downloader(  744): Downloadserver bandWidth:4195
D/Downloader(  744): Downloadserver bandWidth:4195
D/Downloader(  744): Downloadserver bandWidth:4195
D/MediaPlayerService(  744): [8] notify (0x522e8, 200, 704, 0)
D/MstarPlayer(  744): percent: 0
W/MediaPlayer( 1435): info/warning (704, 0)
I/MediaPlayer.java( 1435): Info (704,0)
D/dalvikvm( 1505): GC_CONCURRENT freed 394K, 78% free 1332K/6019K, paused 1ms+1ms
D/MediaPlayerService(  744): [8] notify (0x522e8, 200, 704, 0)
D/MstarPlayer(  744): percent: 0
W/MediaPlayer( 1435): info/warning (704, 0)
I/MediaPlayer.java( 1435): Info (704,0)
D/MediaPlayerService(  744): [8] notify (0x522e8, 200, 704, 0)
D/MstarPlayer(  744): percent: 0
W/MediaPlayer( 1435): info/warning (704, 0)
I/MediaPlayer.java( 1435): Info (704,0)
D/dalvikvm( 1505): GC_CONCURRENT freed 392K, 78% free 1333K/6019K, paused 1ms+2ms
D/MediaPlayerService(  744): [8] notify (0x522e8, 200, 704, 0)
D/MstarPlayer(  744): percent: 0
W/MediaPlayer( 1435): info/warning (704, 0)
I/MediaPlayer.java( 1435): Info (704,0)
D/DataSource_M3U8(  744): u32HLSSreamNum[0]===>u32BandWidth:1200000 
D/DataSource_M3U8(  744): getHLSPlayListInex  DownloadBandWidth:4195   uInDex=0
D/DataSource_M3U8(  744): [M3U8] checkShouldStartNext :[57](172/172)   sequence:0  start next:58  
D/DataSource_M3U8(  744): 
D/DataSource_M3U8(  744): 
D/DataSource_M3U8(  744): 
D/DataSource_M3U8(  744): [M3U8]-7----->This :0x30fd0 --> post cmd for start next url:http://cibn-iss1.longvisionmedia.com:8088/vod/CIBN2013_CIBN2113040100001913_12001300/58.ts, knowedFileSize:0, mCurDowningIndex:57
D/DataSource_M3U8(  744): 
D/DataSource_M3U8(  744): 
D/Downloader(  744): [downloadThread]Downloader::removeTask  
D/Downloader(  744): [downloadThread]task have range string:0- 
D/MediaPlayerService(  744): [8] notify (0x522e8, 200, 704, 0)
D/MstarPlayer(  744): percent: 0
W/MediaPlayer( 1435): info/warning (704, 0)
I/MediaPlayer.java( 1435): Info (704,0)
D/MediaPlayerService(  744): [8] notify (0x522e8, 200, 704, 0)
D/MstarPlayer(  744): percent: 0
W/MediaPlayer( 1435): info/warning (704, 0)
I/MediaPlayer.java( 1435): Info (704,0)
D/MediaPlayerService(  744): [8] notify (0x522e8, 200, 704, 0)
D/MstarPlayer(  744): percent: 0
W/MediaPlayer( 1435): info/warning (704, 0)
I/MediaPlayer.java( 1435): Info (704,0)
D/MediaPlayerService(  744): [8] notify (0x522e8, 200, 704, 0)
D/MstarPlayer(  744): percent: 0
W/MediaPlayer( 1435): info/warning (704, 0)
I/MediaPlayer.java( 1435): Info (704,0)
D/dalvikvm( 1505): GC_CONCURRENT freed 403K, 78% free 1347K/6019K, paused 1ms+1ms
D/MediaPlayerService(  744): [8] notify (0x522e8, 200, 704, 0)
D/MstarPlayer(  744): percent: 0
W/MediaPlayer( 1435): info/warning (704, 0)
I/MediaPlayer.java( 1435): Info (704,0)
D/MediaPlayerService(  744): [8] notify (0x522e8, 200, 704, 0)
D/MstarPlayer(  744): percent: 0
W/MediaPlayer( 1435): info/warning (704, 0)
I/MediaPlayer.java( 1435): Info (704,0)
D/MediaPlayerService(  744): [8] notify (0x522e8, 200, 704, 0)
D/MstarPlayer(  744): percent: 0
W/MediaPlayer( 1435): info/warning (704, 0)
I/MediaPlayer.java( 1435): Info (704,0)
D/dalvikvm( 1505): GC_CONCURRENT freed 409K, 78% free 1332K/6019K, paused 1ms+2ms
D/MediaPlayerService(  744): [8] notify (0x522e8, 200, 704, 0)
D/MstarPlayer(  744): percent: 0
W/MediaPlayer( 1435): info/warning (704, 0)
I/MediaPlayer.java( 1435): Info (704,0)
D/MediaPlayerService(  744): [8] notify (0x522e8, 200, 704, 0)
D/MstarPlayer(  744): percent: 0
W/MediaPlayer( 1435): info/warning (704, 0)
I/MediaPlayer.java( 1435): Info (704,0)
D/DataSource_M3U8(  744): 
D/DataSource_M3U8(  744):  Warnig::  getValidBufferLength()  <  Codec require !!!
D/MediaPlayerService(  744): [8] notify (0x522e8, 200, 704, 0)
D/MstarPlayer(  744): percent: 0
W/MediaPlayer( 1435): info/warning (704, 0)
I/MediaPlayer.java( 1435): Info (704,0)
D/dalvikvm( 1505): GC_CONCURRENT freed 394K, 78% free 1332K/6019K, paused 1ms+2ms
D/MediaPlayerService(  744): [8] notify (0x522e8, 200, 704, 0)
D/MstarPlayer(  744): percent: 0
W/MediaPlayer( 1435): info/warning (704, 0)
I/MediaPlayer.java( 1435): Info (704,0)
D/MediaPlayerService(  744): [8] notify (0x522e8, 200, 704, 0)
D/MstarPlayer(  744): percent: 0
W/MediaPlayer( 1435): info/warning (704, 0)
I/MediaPlayer.java( 1435): Info (704,0)
D/MediaPlayerService(  744): [8] notify (0x522e8, 200, 704, 0)
D/MstarPlayer(  744): percent: 0
W/MediaPlayer( 1435): info/warning (704, 0)
I/MediaPlayer.java( 1435): Info (704,0)
D/dalvikvm( 1505): GC_CONCURRENT freed 393K, 78% free 1332K/6019K, paused 1ms+1ms
D/MediaPlayerService(  744): [8] notify (0x522e8, 200, 704, 0)
D/MstarPlayer(  744): percent: 0
W/MediaPlayer( 1435): info/warning (704, 0)
I/MediaPlayer.java( 1435): Info (704,0)
D/MediaPlayerService(  744): [8] notify (0x522e8, 200, 704, 0)
D/MstarPlayer(  744): percent: 0
W/MediaPlayer( 1435): info/warning (704, 0)
I/MediaPlayer.java( 1435): Info (704,0)
D/MediaPlayerService(  744): [8] notify (0x522e8, 200, 704, 0)
D/MstarPlayer(  744): percent: 0
W/MediaPlayer( 1435): info/warning (704, 0)
I/MediaPlayer.java( 1435): Info (704,0)
D/dalvikvm( 1505): GC_CONCURRENT freed 394K, 78% free 1332K/6019K, paused 1ms+1ms
D/MediaPlayerService(  744): [8] notify (0x522e8, 200, 704, 0)
D/MstarPlayer(  744): percent: 0
W/MediaPlayer( 1435): info/warning (704, 0)
I/MediaPlayer.java( 1435): Info (704,0)
D/MediaPlayerService(  744): [8] notify (0x522e8, 200, 704, 0)
D/MstarPlayer(  744): percent: 0
W/MediaPlayer( 1435): info/warning (704, 0)
I/MediaPlayer.java( 1435): Info (704,0)
D/MediaPlayerService(  744): [8] notify (0x522e8, 200, 704, 0)
D/MstarPlayer(  744): percent: 0
W/MediaPlayer( 1435): info/warning (704, 0)
I/MediaPlayer.java( 1435): Info (704,0)
D/dalvikvm( 1505): GC_CONCURRENT freed 394K, 78% free 1332K/6019K, paused 1ms+2ms
D/MediaPlayerService(  744): [8] notify (0x522e8, 200, 704, 0)
D/MstarPlayer(  744): percent: 0
W/MediaPlayer( 1435): info/warning (704, 0)
I/MediaPlayer.java( 1435): Info (704,0)
D/MediaPlayerService(  744): [8] notify (0x522e8, 200, 704, 0)
D/MstarPlayer(  744): percent: 0
W/MediaPlayer( 1435): info/warning (704, 0)
I/MediaPlayer.java( 1435): Info (704,0)
D/MediaPlayerService(  744): [8] notify (0x522e8, 200, 704, 0)
D/MstarPlayer(  744): percent: 0
W/MediaPlayer( 1435): info/warning (704, 0)
I/MediaPlayer.java( 1435): Info (704,0)
D/dalvikvm( 1505): GC_CONCURRENT freed 394K, 78% free 1333K/6019K, paused 2ms+1ms
D/MediaPlayerService(  744): [8] notify (0x522e8, 200, 704, 0)
D/MstarPlayer(  744): percent: 0
W/MediaPlayer( 1435): info/warning (704, 0)
I/MediaPlayer.java( 1435): Info (704,0)
D/MediaPlayerService(  744): [8] notify (0x522e8, 200, 704, 0)
D/MstarPlayer(  744): percent: 0
W/MediaPlayer( 1435): info/warning (704, 0)
I/MediaPlayer.java( 1435): Info (704,0)
D/MediaPlayerService(  744): [8] notify (0x522e8, 200, 704, 0)
D/MstarPlayer(  744): percent: 0
W/MediaPlayer( 1435): info/warning (704, 0)
I/MediaPlayer.java( 1435): Info (704,0)
D/MediaPlayerService(  744): [8] notify (0x522e8, 200, 704, 0)
D/MstarPlayer(  744): percent: 0
W/MediaPlayer( 1435): info/warning (704, 0)
I/MediaPlayer.java( 1435): Info (704,0)
D/MediaPlayerService(  744): [8] notify (0x522e8, 200, 704, 0)
D/MstarPlayer(  744): percent: 0
W/MediaPlayer( 1435): info/warning (704, 0)
I/MediaPlayer.java( 1435): Info (704,0)
D/MediaPlayerService(  744): [8] notify (0x522e8, 200, 704, 0)
D/MstarPlayer(  744): percent: 0
W/MediaPlayer( 1435): info/warning (704, 0)
I/MediaPlayer.java( 1435): Info (704,0)
D/MediaPlayerService(  744): [8] notify (0x522e8, 200, 704, 0)
D/MstarPlayer(  744): percent: 0
W/MediaPlayer( 1435): info/warning (704, 0)
I/MediaPlayer.java( 1435): Info (704,0)
D/MediaPlayerService(  744): [8] notify (0x522e8, 200, 704, 0)
D/MstarPlayer(  744): percent: 0
W/MediaPlayer( 1435): info/warning (704, 0)
I/MediaPlayer.java( 1435): Info (704,0)
D/MediaPlayerService(  744): [8] notify (0x522e8, 200, 704, 0)
D/MstarPlayer(  744): percent: 0
W/MediaPlayer( 1435): info/warning (704, 0)
I/MediaPlayer.java( 1435): Info (704,0)
D/MediaPlayerService(  744): [8] notify (0x522e8, 200, 704, 0)
D/MstarPlayer(  744): percent: 0
W/MediaPlayer( 1435): info/warning (704, 0)
I/MediaPlayer.java( 1435): Info (704,0)
D/MediaPlayerService(  744): [8] notify (0x522e8, 200, 704, 0)
D/MstarPlayer(  744): percent: 0
W/MediaPlayer( 1435): info/warning (704, 0)
I/MediaPlayer.java( 1435): Info (704,0)
D/MediaPlayerService(  744): [8] notify (0x522e8, 200, 704, 0)
D/MstarPlayer(  744): percent: 0
W/MediaPlayer( 1435): info/warning (704, 0)
I/MediaPlayer.java( 1435): Info (704,0)
D/MediaPlayerService(  744): [8] notify (0x522e8, 200, 704, 0)
D/MstarPlayer(  744): percent: 0
W/MediaPlayer( 1435): info/warning (704, 0)
I/MediaPlayer.java( 1435): Info (704,0)
D/MediaPlayerService(  744): [8] notify (0x522e8, 200, 704, 0)
D/MstarPlayer(  744): percent: 0
W/MediaPlayer( 1435): info/warning (704, 0)
I/MediaPlayer.java( 1435): Info (704,0)
D/MediaPlayerService(  744): [8] notify (0x522e8, 200, 704, 0)
D/MstarPlayer(  744): percent: 0
W/MediaPlayer( 1435): info/warning (704, 0)
I/MediaPlayer.java( 1435): Info (704,0)
D/MediaPlayerService(  744): [8] notify (0x522e8, 200, 704, 0)
D/MstarPlayer(  744): percent: 0
W/MediaPlayer( 1435): info/warning (704, 0)
I/MediaPlayer.java( 1435): Info (704,0)
D/MediaPlayerService(  744): [8] notify (0x522e8, 200, 704, 0)
D/MstarPlayer(  744): percent: 0
W/MediaPlayer( 1435): info/warning (704, 0)
I/MediaPlayer.java( 1435): Info (704,0)
D/MediaPlayerService(  744): [8] notify (0x522e8, 200, 704, 0)
D/MstarPlayer(  744): percent: 0
W/MediaPlayer( 1435): info/warning (704, 0)
I/MediaPlayer.java( 1435): Info (704,0)
D/MediaPlayerService(  744): [8] notify (0x522e8, 200, 704, 0)
D/MstarPlayer(  744): percent: 0
W/MediaPlayer( 1435): info/warning (704, 0)
I/MediaPlayer.java( 1435): Info (704,0)
D/Downloader(  744): Content-Length: 172
D/Downloader(  744): 
D/Downloader(  744): Downloadserver bandWidth:661
D/Downloader(  744): Downloadserver bandWidth:661
D/Downloader(  744): Downloadserver bandWidth:661
D/Downloader(  744): Downloadserver bandWidth:661
D/MediaPlayerService(  744): [8] notify (0x522e8, 200, 704, 0)
D/MstarPlayer(  744): percent: 0
W/MediaPlayer( 1435): info/warning (704, 0)
I/MediaPlayer.java( 1435): Info (704,0)
D/MediaPlayerService(  744): [8] notify (0x522e8, 200, 704, 0)
D/MstarPlayer(  744): percent: 0
W/MediaPlayer( 1435): info/warning (704, 0)
I/MediaPlayer.java( 1435): Info (704,0)
D/dalvikvm( 1505): GC_CONCURRENT freed 392K, 78% free 1333K/6019K, paused 1ms+1ms
D/MediaPlayerService(  744): [8] notify (0x522e8, 200, 704, 0)
D/MstarPlayer(  744): percent: 0
W/MediaPlayer( 1435): info/warning (704, 0)
I/MediaPlayer.java( 1435): Info (704,0)
D/MediaPlayerService(  744): [8] notify (0x522e8, 200, 704, 0)
D/MstarPlayer(  744): percent: 0
W/MediaPlayer( 1435): info/warning (704, 0)
I/MediaPlayer.java( 1435): Info (704,0)
D/MediaPlayerService(  744): [8] notify (0x522e8, 200, 704, 0)
D/MstarPlayer(  744): percent: 0
W/MediaPlayer( 1435): info/warning (704, 0)
I/MediaPlayer.java( 1435): Info (704,0)
D/MediaPlayerService(  744): [8] notify (0x522e8, 200, 704, 0)
D/MstarPlayer(  744): percent: 0
W/MediaPlayer( 1435): info/warning (704, 0)
I/MediaPlayer.java( 1435): Info (704,0)
D/MediaPlayerService(  744): [8] notify (0x522e8, 200, 704, 0)
D/MstarPlayer(  744): percent: 0
W/MediaPlayer( 1435): info/warning (704, 0)
I/MediaPlayer.java( 1435): Info (704,0)
D/dalvikvm( 1505): GC_CONCURRENT freed 422K, 79% free 1303K/6019K, paused 1ms+1ms
D/MediaPlayerService(  744): [8] notify (0x522e8, 200, 704, 0)
D/MstarPlayer(  744): percent: 0
W/MediaPlayer( 1435): info/warning (704, 0)
I/MediaPlayer.java( 1435): Info (704,0)
D/DataSource_M3U8(  744): 
D/DataSource_M3U8(  744):  Warnig::  getValidBufferLength()  <  Codec require !!!
D/DataSource_M3U8(  744): u32HLSSreamNum[0]===>u32BandWidth:1200000 
D/DataSource_M3U8(  744): getHLSPlayListInex  DownloadBandWidth:661   uInDex=0
D/DataSource_M3U8(  744): [M3U8] checkShouldStartNext :[58](172/172)   sequence:0  start next:59  
D/DataSource_M3U8(  744): 
D/DataSource_M3U8(  744): 
D/DataSource_M3U8(  744): 
D/DataSource_M3U8(  744): [M3U8]-7----->This :0x30fd0 --> post cmd for start next url:http://cibn-iss1.longvisionmedia.com:8088/vod/CIBN2013_CIBN2113040100001913_12001300/59.ts, knowedFileSize:0, mCurDowningIndex:58
D/DataSource_M3U8(  744): 
D/DataSource_M3U8(  744): 
D/Downloader(  744): [downloadThread]Downloader::removeTask  
D/Downloader(  744): [downloadThread]task have range string:0- 
D/MediaPlayerService(  744): [8] notify (0x522e8, 3, 14, 0)
D/MediaPlayerService(  744): [8] notify (0x522e8, 200, 704, 0)
D/MstarPlayer(  744): percent: 0
W/MediaPlayer( 1435): info/warning (704, 0)
I/MediaPlayer.java( 1435): Info (704,0)
D/MediaPlayerService(  744): [8] notify (0x522e8, 200, 704, 0)
D/MstarPlayer(  744): percent: 0
W/MediaPlayer( 1435): info/warning (704, 0)
I/MediaPlayer.java( 1435): Info (704,0)
D/MediaPlayerService(  744): [8] notify (0x522e8, 200, 704, 0)
D/MstarPlayer(  744): percent: 0
W/MediaPlayer( 1435): info/warning (704, 0)
I/MediaPlayer.java( 1435): Info (704,0)
D/dalvikvm( 1505): GC_CONCURRENT freed 397K, 79% free 1310K/6019K, paused 1ms+1ms
D/MediaPlayerService(  744): [8] notify (0x522e8, 200, 704, 0)
D/MstarPlayer(  744): percent: 0
W/MediaPlayer( 1435): info/warning (704, 0)
I/MediaPlayer.java( 1435): Info (704,0)
D/MediaPlayerService(  744): [8] notify (0x522e8, 200, 704, 0)
D/MstarPlayer(  744): percent: 0
W/MediaPlayer( 1435): info/warning (704, 0)
I/MediaPlayer.java( 1435): Info (704,0)
D/MediaPlayerService(  744): [8] notify (0x522e8, 200, 704, 0)
D/MstarPlayer(  744): percent: 0
W/MediaPlayer( 1435): info/warning (704, 0)
I/MediaPlayer.java( 1435): Info (704,0)
D/MediaPlayerService(  744): [8] notify (0x522e8, 200, 704, 0)
D/MstarPlayer(  744): percent: 0
W/MediaPlayer( 1435): info/warning (704, 0)
I/MediaPlayer.java( 1435): Info (704,0)
D/MediaPlayerService(  744): [8] notify (0x522e8, 200, 704, 0)
D/MstarPlayer(  744): percent: 0
W/MediaPlayer( 1435): info/warning (704, 0)
I/MediaPlayer.java( 1435): Info (704,0)
D/Downloader(  744): Content-Length: 172
D/Downloader(  744): 
D/Downloader(  744): Downloadserver bandWidth:3465
D/Downloader(  744): Downloadserver bandWidth:3465
D/Downloader(  744): Downloadserver bandWidth:3465
D/Downloader(  744): Downloadserver bandWidth:3465
D/MediaPlayerService(  744): [8] notify (0x522e8, 200, 704, 0)
D/MstarPlayer(  744): percent: 0
W/MediaPlayer( 1435): info/warning (704, 0)
I/MediaPlayer.java( 1435): Info (704,0)
D/MediaPlayerService(  744): [8] notify (0x522e8, 200, 704, 0)
D/MstarPlayer(  744): percent: 0
W/MediaPlayer( 1435): info/warning (704, 0)
I/MediaPlayer.java( 1435): Info (704,0)
D/DataSource_M3U8(  744): u32HLSSreamNum[0]===>u32BandWidth:1200000 
D/DataSource_M3U8(  744): getHLSPlayListInex  DownloadBandWidth:3465   uInDex=0
D/DataSource_M3U8(  744): [M3U8] checkShouldStartNext :[59](172/172)   sequence:0  start next:60  
D/DataSource_M3U8(  744): 
D/DataSource_M3U8(  744): 
D/DataSource_M3U8(  744): 
D/DataSource_M3U8(  744): [M3U8]-7----->This :0x30fd0 --> post cmd for start next url:http://cibn-iss1.longvisionmedia.com:8088/vod/CIBN2013_CIBN2113040100001913_12001300/60.ts, knowedFileSize:0, mCurDowningIndex:59
D/DataSource_M3U8(  744): 
D/DataSource_M3U8(  744): 
D/Downloader(  744): [downloadThread]Downloader::removeTask  
D/Downloader(  744): [downloadThread]task have range string:0- 
D/dalvikvm( 1505): GC_CONCURRENT freed 394K, 79% free 1309K/6019K, paused 1ms+1ms
D/MediaPlayerService(  744): [8] notify (0x522e8, 200, 704, 0)
D/MstarPlayer(  744): percent: 0
W/MediaPlayer( 1435): info/warning (704, 0)
I/MediaPlayer.java( 1435): Info (704,0)
D/MediaPlayerService(  744): [8] notify (0x522e8, 200, 704, 0)
D/MstarPlayer(  744): percent: 0
W/MediaPlayer( 1435): info/warning (704, 0)
I/MediaPlayer.java( 1435): Info (704,0)
D/MediaPlayerService(  744): [8] notify (0x522e8, 200, 704, 0)
D/MstarPlayer(  744): percent: 0
W/MediaPlayer( 1435): info/warning (704, 0)
I/MediaPlayer.java( 1435): Info (704,0)
D/MediaPlayerService(  744): [8] notify (0x522e8, 200, 704, 0)
D/MstarPlayer(  744): percent: 0
W/MediaPlayer( 1435): info/warning (704, 0)
I/MediaPlayer.java( 1435): Info (704,0)
D/MediaPlayerService(  744): [8] notify (0x522e8, 200, 704, 0)
D/MstarPlayer(  744): percent: 0
W/MediaPlayer( 1435): info/warning (704, 0)
I/MediaPlayer.java( 1435): Info (704,0)
D/MediaPlayerService(  744): [8] notify (0x522e8, 200, 704, 0)
D/MstarPlayer(  744): percent: 0
W/MediaPlayer( 1435): info/warning (704, 0)
I/MediaPlayer.java( 1435): Info (704,0)
D/MediaPlayerService(  744): [8] notify (0x522e8, 200, 704, 0)
D/MstarPlayer(  744): percent: 0
W/MediaPlayer( 1435): info/warning (704, 0)
I/MediaPlayer.java( 1435): Info (704,0)
D/MediaPlayerService(  744): [8] notify (0x522e8, 200, 704, 0)
W/MediaPlayer( 1435): info/warning (704, 0)
I/MediaPlayer.java( 1435): Info (704,0)
D/MstarPlayer(  744): percent: 0
D/MediaPlayerService(  744): [8] notify (0x522e8, 200, 704, 0)
W/MediaPlayer( 1435): info/warning (704, 0)
I/MediaPlayer.java( 1435): Info (704,0)
D/MstarPlayer(  744): percent: 0
D/MediaPlayerService(  744): [8] notify (0x522e8, 200, 704, 0)
D/MstarPlayer(  744): percent: 0
W/MediaPlayer( 1435): info/warning (704, 0)
I/MediaPlayer.java( 1435): Info (704,0)
D/DataSource_M3U8(  744): 
D/DataSource_M3U8(  744):  Warnig::  getValidBufferLength()  <  Codec require !!!
D/MediaPlayerService(  744): [8] notify (0x522e8, 200, 704, 0)
W/MediaPlayer( 1435): info/warning (704, 0)
I/MediaPlayer.java( 1435): Info (704,0)
D/MstarPlayer(  744): percent: 0
D/MediaPlayerService(  744): [8] notify (0x522e8, 200, 704, 0)
W/MediaPlayer( 1435): info/warning (704, 0)
I/MediaPlayer.java( 1435): Info (704,0)
D/MstarPlayer(  744): percent: 0
D/MediaPlayerService(  744): [8] notify (0x522e8, 200, 704, 0)
D/MstarPlayer(  744): percent: 0
W/MediaPlayer( 1435): info/warning (704, 0)
I/MediaPlayer.java( 1435): Info (704,0)
D/MediaPlayerService(  744): [8] notify (0x522e8, 200, 704, 0)
W/MediaPlayer( 1435): info/warning (704, 0)
I/MediaPlayer.java( 1435): Info (704,0)
D/MstarPlayer(  744): percent: 0
D/MediaPlayerService(  744): [8] notify (0x522e8, 200, 704, 0)
W/MediaPlayer( 1435): info/warning (704, 0)
I/MediaPlayer.java( 1435): Info (704,0)
D/MstarPlayer(  744): percent: 0
D/MediaPlayerService(  744): [8] notify (0x522e8, 200, 704, 0)
D/MstarPlayer(  744): percent: 0
W/MediaPlayer( 1435): info/warning (704, 0)
I/MediaPlayer.java( 1435): Info (704,0)
D/MediaPlayerService(  744): [8] notify (0x522e8, 200, 704, 0)
W/MediaPlayer( 1435): info/warning (704, 0)
I/MediaPlayer.java( 1435): Info (704,0)
D/MstarPlayer(  744): percent: 0
D/MediaPlayerService(  744): [8] notify (0x522e8, 200, 704, 0)
W/MediaPlayer( 1435): info/warning (704, 0)
I/MediaPlayer.java( 1435): Info (704,0)
D/MstarPlayer(  744): percent: 0
D/MediaPlayerService(  744): [8] notify (0x522e8, 200, 704, 0)
D/MstarPlayer(  744): percent: 0
W/MediaPlayer( 1435): info/warning (704, 0)
I/MediaPlayer.java( 1435): Info (704,0)
D/MediaPlayerService(  744): [8] notify (0x522e8, 200, 704, 0)
W/MediaPlayer( 1435): info/warning (704, 0)
I/MediaPlayer.java( 1435): Info (704,0)
D/MstarPlayer(  744): percent: 0
D/MediaPlayerService(  744): [8] notify (0x522e8, 200, 704, 0)
W/MediaPlayer( 1435): info/warning (704, 0)
I/MediaPlayer.java( 1435): Info (704,0)
D/MstarPlayer(  744): percent: 0
D/MediaPlayerService(  744): [8] notify (0x522e8, 200, 704, 0)
D/MstarPlayer(  744): percent: 0
W/MediaPlayer( 1435): info/warning (704, 0)
I/MediaPlayer.java( 1435): Info (704,0)
D/MediaPlayerService(  744): [8] notify (0x522e8, 200, 704, 0)
W/MediaPlayer( 1435): info/warning (704, 0)
I/MediaPlayer.java( 1435): Info (704,0)
D/MstarPlayer(  744): percent: 0
D/MediaPlayerService(  744): [8] notify (0x522e8, 200, 704, 0)
W/MediaPlayer( 1435): info/warning (704, 0)
I/MediaPlayer.java( 1435): Info (704,0)
D/MstarPlayer(  744): percent: 0
D/MediaPlayerService(  744): [8] notify (0x522e8, 200, 704, 0)
D/MstarPlayer(  744): percent: 0
W/MediaPlayer( 1435): info/warning (704, 0)
I/MediaPlayer.java( 1435): Info (704,0)
D/MediaPlayerService(  744): [8] notify (0x522e8, 200, 704, 0)
W/MediaPlayer( 1435): info/warning (704, 0)
D/MstarPlayer(  744): percent: 0
I/MediaPlayer.java( 1435): Info (704,0)
D/MediaPlayerService(  744): [8] notify (0x522e8, 200, 704, 0)
D/MstarPlayer(  744): percent: 0
W/MediaPlayer( 1435): info/warning (704, 0)
I/MediaPlayer.java( 1435): Info (704,0)
D/MediaPlayerService(  744): [8] notify (0x522e8, 200, 704, 0)
D/MstarPlayer(  744): percent: 0
W/MediaPlayer( 1435): info/warning (704, 0)
I/MediaPlayer.java( 1435): Info (704,0)
D/MediaPlayerService(  744): [8] notify (0x522e8, 200, 704, 0)
D/MstarPlayer(  744): percent: 0
W/MediaPlayer( 1435): info/warning (704, 0)
I/MediaPlayer.java( 1435): Info (704,0)
D/DataSource_M3U8(  744): 
D/DataSource_M3U8(  744):  Warnig::  getValidBufferLength()  <  Codec require !!!
D/MediaPlayerService(  744): [8] notify (0x522e8, 200, 704, 0)
D/MstarPlayer(  744): percent: 0
W/MediaPlayer( 1435): info/warning (704, 0)
I/MediaPlayer.java( 1435): Info (704,0)
D/MediaPlayerService(  744): [8] notify (0x522e8, 200, 704, 0)
D/MstarPlayer(  744): percent: 0
W/MediaPlayer( 1435): info/warning (704, 0)
I/MediaPlayer.java( 1435): Info (704,0)
D/MediaPlayerService(  744): [8] notify (0x522e8, 200, 704, 0)
D/MstarPlayer(  744): percent: 0
W/MediaPlayer( 1435): info/warning (704, 0)
I/MediaPlayer.java( 1435): Info (704,0)
D/MediaPlayerService(  744): [8] notify (0x522e8, 200, 704, 0)
D/MstarPlayer(  744): percent: 0
W/MediaPlayer( 1435): info/warning (704, 0)
I/MediaPlayer.java( 1435): Info (704,0)
D/MediaPlayerService(  744): [8] notify (0x522e8, 200, 704, 0)
D/MstarPlayer(  744): percent: 0
W/MediaPlayer( 1435): info/warning (704, 0)
I/MediaPlayer.java( 1435): Info (704,0)
D/MediaPlayerService(  744): [8] notify (0x522e8, 200, 704, 0)
D/MstarPlayer(  744): percent: 0
W/MediaPlayer( 1435): info/warning (704, 0)
I/MediaPlayer.java( 1435): Info (704,0)
D/MediaPlayerService(  744): [8] notify (0x522e8, 200, 704, 0)
D/MstarPlayer(  744): percent: 0
W/MediaPlayer( 1435): info/warning (704, 0)
I/MediaPlayer.java( 1435): Info (704,0)
D/MediaPlayerService(  744): [8] notify (0x522e8, 200, 704, 0)
D/MstarPlayer(  744): percent: 0
W/MediaPlayer( 1435): info/warning (704, 0)
I/MediaPlayer.java( 1435): Info (704,0)
D/MediaPlayerService(  744): [8] notify (0x522e8, 200, 704, 0)
D/MstarPlayer(  744): percent: 0
W/MediaPlayer( 1435): info/warning (704, 0)
I/MediaPlayer.java( 1435): Info (704,0)
D/MediaPlayerService(  744): [8] notify (0x522e8, 200, 704, 0)
D/MstarPlayer(  744): percent: 0
W/MediaPlayer( 1435): info/warning (704, 0)
I/MediaPlayer.java( 1435): Info (704,0)
D/MediaPlayerService(  744): [8] notify (0x522e8, 200, 704, 0)
D/MstarPlayer(  744): percent: 0
W/MediaPlayer( 1435): info/warning (704, 0)
I/MediaPlayer.java( 1435): Info (704,0)
D/MediaPlayerService(  744): [8] notify (0x522e8, 200, 704, 0)
D/MstarPlayer(  744): percent: 0
W/MediaPlayer( 1435): info/warning (704, 0)
I/MediaPlayer.java( 1435): Info (704,0)
D/MediaPlayerService(  744): [8] notify (0x522e8, 200, 704, 0)
D/MstarPlayer(  744): percent: 0
W/MediaPlayer( 1435): info/warning (704, 0)
I/MediaPlayer.java( 1435): Info (704,0)
D/MediaPlayerService(  744): [8] notify (0x522e8, 200, 704, 0)
D/MstarPlayer(  744): percent: 0
W/MediaPlayer( 1435): info/warning (704, 0)
I/MediaPlayer.java( 1435): Info (704,0)
D/MediaPlayerService(  744): [8] notify (0x522e8, 200, 704, 0)
D/MstarPlayer(  744): percent: 0
W/MediaPlayer( 1435): info/warning (704, 0)
I/MediaPlayer.java( 1435): Info (704,0)
D/MediaPlayerService(  744): [8] notify (0x522e8, 200, 704, 0)
D/MstarPlayer(  744): percent: 0
W/MediaPlayer( 1435): info/warning (704, 0)
I/MediaPlayer.java( 1435): Info (704,0)
D/MediaPlayerService(  744): [8] notify (0x522e8, 200, 704, 0)
D/MstarPlayer(  744): percent: 0
W/MediaPlayer( 1435): info/warning (704, 0)
I/MediaPlayer.java( 1435): Info (704,0)
D/MediaPlayerService(  744): [8] notify (0x522e8, 200, 704, 0)
D/MstarPlayer(  744): percent: 0
W/MediaPlayer( 1435): info/warning (704, 0)
I/MediaPlayer.java( 1435): Info (704,0)
D/MediaPlayerService(  744): [8] notify (0x522e8, 200, 704, 0)
D/MstarPlayer(  744): percent: 0
W/MediaPlayer( 1435): info/warning (704, 0)
I/MediaPlayer.java( 1435): Info (704,0)
D/MediaPlayerService(  744): [8] notify (0x522e8, 200, 704, 0)
D/MstarPlayer(  744): percent: 0
W/MediaPlayer( 1435): info/warning (704, 0)
I/MediaPlayer.java( 1435): Info (704,0)
D/DataSource_M3U8(  744): 
D/DataSource_M3U8(  744):  Warnig::  getValidBufferLength()  <  Codec require !!!
D/MediaPlayerService(  744): [8] notify (0x522e8, 200, 704, 0)
D/MstarPlayer(  744): percent: 0
W/MediaPlayer( 1435): info/warning (704, 0)
I/MediaPlayer.java( 1435): Info (704,0)
D/MediaPlayerService(  744): [8] notify (0x522e8, 200, 704, 0)
D/MstarPlayer(  744): percent: 0
W/MediaPlayer( 1435): info/warning (704, 0)
I/MediaPlayer.java( 1435): Info (704,0)
D/MediaPlayerService(  744): [8] notify (0x522e8, 200, 704, 0)
D/MstarPlayer(  744): percent: 0
W/MediaPlayer( 1435): info/warning (704, 0)
I/MediaPlayer.java( 1435): Info (704,0)
D/MediaPlayerService(  744): [8] notify (0x522e8, 200, 704, 0)
D/MstarPlayer(  744): percent: 0
W/MediaPlayer( 1435): info/warning (704, 0)
I/MediaPlayer.java( 1435): Info (704,0)
D/MediaPlayerService(  744): [8] notify (0x522e8, 200, 704, 0)
D/MstarPlayer(  744): percent: 0
W/MediaPlayer( 1435): info/warning (704, 0)
I/MediaPlayer.java( 1435): Info (704,0)
D/MediaPlayerService(  744): [8] notify (0x522e8, 200, 704, 0)
D/MstarPlayer(  744): percent: 0
W/MediaPlayer( 1435): info/warning (704, 0)
I/MediaPlayer.java( 1435): Info (704,0)
D/MediaPlayerService(  744): [8] notify (0x522e8, 200, 704, 0)
D/MstarPlayer(  744): percent: 0
W/MediaPlayer( 1435): info/warning (704, 0)
I/MediaPlayer.java( 1435): Info (704,0)
D/MediaPlayerService(  744): [8] notify (0x522e8, 200, 704, 0)
D/MstarPlayer(  744): percent: 0
W/MediaPlayer( 1435): info/warning (704, 0)
I/MediaPlayer.java( 1435): Info (704,0)
D/MediaPlayerService(  744): [8] notify (0x522e8, 200, 704, 0)
D/MstarPlayer(  744): percent: 0
W/MediaPlayer( 1435): info/warning (704, 0)
I/MediaPlayer.java( 1435): Info (704,0)
D/MediaPlayerService(  744): [8] notify (0x522e8, 200, 704, 0)
D/MstarPlayer(  744): percent: 0
W/MediaPlayer( 1435): info/warning (704, 0)
I/MediaPlayer.java( 1435): Info (704,0)
D/MediaPlayerService(  744): [8] notify (0x522e8, 200, 704, 0)
D/MstarPlayer(  744): percent: 0
W/MediaPlayer( 1435): info/warning (704, 0)
I/MediaPlayer.java( 1435): Info (704,0)
D/MediaPlayerService(  744): [8] notify (0x522e8, 200, 704, 0)
D/MstarPlayer(  744): percent: 0
W/MediaPlayer( 1435): info/warning (704, 0)
I/MediaPlayer.java( 1435): Info (704,0)
D/MediaPlayerService(  744): [8] notify (0x522e8, 200, 704, 0)
D/MstarPlayer(  744): percent: 0
W/MediaPlayer( 1435): info/warning (704, 0)
I/MediaPlayer.java( 1435): Info (704,0)
D/MediaPlayerService(  744): [8] notify (0x522e8, 200, 704, 0)
D/MstarPlayer(  744): percent: 0
W/MediaPlayer( 1435): info/warning (704, 0)
I/MediaPlayer.java( 1435): Info (704,0)
D/MediaPlayerService(  744): [8] notify (0x522e8, 200, 704, 0)
D/MstarPlayer(  744): percent: 0
W/MediaPlayer( 1435): info/warning (704, 0)
I/MediaPlayer.java( 1435): Info (704,0)
D/MediaPlayerService(  744): [8] notify (0x522e8, 200, 704, 0)
D/MstarPlayer(  744): percent: 0
W/MediaPlayer( 1435): info/warning (704, 0)
I/MediaPlayer.java( 1435): Info (704,0)
D/MediaPlayerService(  744): [8] notify (0x522e8, 200, 704, 0)
D/MstarPlayer(  744): percent: 0
W/MediaPlayer( 1435): info/warning (704, 0)
I/MediaPlayer.java( 1435): Info (704,0)
D/MediaPlayerService(  744): [8] notify (0x522e8, 200, 704, 0)
D/MstarPlayer(  744): percent: 0
W/MediaPlayer( 1435): info/warning (704, 0)
I/MediaPlayer.java( 1435): Info (704,0)
D/MediaPlayerService(  744): [8] notify (0x522e8, 200, 704, 0)
D/MstarPlayer(  744): percent: 0
W/MediaPlayer( 1435): info/warning (704, 0)
I/MediaPlayer.java( 1435): Info (704,0)
D/MediaPlayerService(  744): [8] notify (0x522e8, 200, 704, 0)
D/MstarPlayer(  744): percent: 0
W/MediaPlayer( 1435): info/warning (704, 0)
I/MediaPlayer.java( 1435): Info (704,0)
D/DataSource_M3U8(  744): 
D/DataSource_M3U8(  744):  Warnig::  getValidBufferLength()  <  Codec require !!!
D/MediaPlayerService(  744): [8] notify (0x522e8, 200, 704, 0)
D/MstarPlayer(  744): percent: 0
W/MediaPlayer( 1435): info/warning (704, 0)
I/MediaPlayer.java( 1435): Info (704,0)
D/MediaPlayerService(  744): [8] notify (0x522e8, 200, 704, 0)
D/MstarPlayer(  744): percent: 0
W/MediaPlayer( 1435): info/warning (704, 0)
I/MediaPlayer.java( 1435): Info (704,0)
D/MediaPlayerService(  744): [8] notify (0x522e8, 200, 704, 0)
D/MstarPlayer(  744): percent: 0
W/MediaPlayer( 1435): info/warning (704, 0)
I/MediaPlayer.java( 1435): Info (704,0)
D/MediaPlayerService(  744): [8] notify (0x522e8, 200, 704, 0)
D/MstarPlayer(  744): percent: 0
W/MediaPlayer( 1435): info/warning (704, 0)
I/MediaPlayer.java( 1435): Info (704,0)
D/MediaPlayerService(  744): [8] notify (0x522e8, 200, 704, 0)
D/MstarPlayer(  744): percent: 0
W/MediaPlayer( 1435): info/warning (704, 0)
I/MediaPlayer.java( 1435): Info (704,0)
D/MediaPlayerService(  744): [8] notify (0x522e8, 200, 704, 0)
D/MstarPlayer(  744): percent: 0
W/MediaPlayer( 1435): info/warning (704, 0)
I/MediaPlayer.java( 1435): Info (704,0)
D/MediaPlayerService(  744): [8] notify (0x522e8, 200, 704, 0)
D/MstarPlayer(  744): percent: 0
W/MediaPlayer( 1435): info/warning (704, 0)
I/MediaPlayer.java( 1435): Info (704,0)
D/MediaPlayerService(  744): [8] notify (0x522e8, 200, 704, 0)
D/MstarPlayer(  744): percent: 0
W/MediaPlayer( 1435): info/warning (704, 0)
I/MediaPlayer.java( 1435): Info (704,0)
D/MediaPlayerService(  744): [8] notify (0x522e8, 200, 704, 0)
D/MstarPlayer(  744): percent: 0
W/MediaPlayer( 1435): info/warning (704, 0)
I/MediaPlayer.java( 1435): Info (704,0)
D/MediaPlayerService(  744): [8] notify (0x522e8, 200, 704, 0)
D/MstarPlayer(  744): percent: 0
W/MediaPlayer( 1435): info/warning (704, 0)
I/MediaPlayer.java( 1435): Info (704,0)
D/DataSource_M3U8(  744): ----------UpdatePlaylistThread runing... 
D/MediaPlayerService(  744): [8] notify (0x522e8, 200, 704, 0)
D/MstarPlayer(  744): percent: 0
W/MediaPlayer( 1435): info/warning (704, 0)
I/MediaPlayer.java( 1435): Info (704,0)
D/MediaPlayerService(  744): [8] notify (0x522e8, 200, 704, 0)
D/MstarPlayer(  744): percent: 0
W/MediaPlayer( 1435): info/warning (704, 0)
I/MediaPlayer.java( 1435): Info (704,0)
D/MediaPlayerService(  744): [8] notify (0x522e8, 200, 704, 0)
D/MstarPlayer(  744): percent: 0
W/MediaPlayer( 1435): info/warning (704, 0)
I/MediaPlayer.java( 1435): Info (704,0)
D/dalvikvm( 1505): GC_CONCURRENT freed 389K, 79% free 1312K/6019K, paused 1ms+1ms
D/MediaPlayerService(  744): [8] notify (0x522e8, 200, 704, 0)
D/MstarPlayer(  744): percent: 0
W/MediaPlayer( 1435): info/warning (704, 0)
I/MediaPlayer.java( 1435): Info (704,0)
D/HomePlayerLib( 1505): hostaddress count is 1
D/dalvikvm( 1505): GC_CONCURRENT freed 402K, 79% free 1299K/6019K, paused 1ms+1ms
D/MediaPlayerService(  744): [8] notify (0x522e8, 200, 704, 0)
D/MstarPlayer(  744): percent: 0
W/MediaPlayer( 1435): info/warning (704, 0)
I/MediaPlayer.java( 1435): Info (704,0)
D/dalvikvm( 1505): GC_CONCURRENT freed 389K, 79% free 1313K/6019K, paused 1ms+1ms
D/MediaPlayerService(  744): [8] notify (0x522e8, 200, 704, 0)
D/MstarPlayer(  744): percent: 0
W/MediaPlayer( 1435): info/warning (704, 0)
I/MediaPlayer.java( 1435): Info (704,0)
D/dalvikvm( 1505): GC_CONCURRENT freed 405K, 79% free 1317K/6019K, paused 1ms+1ms
D/MediaPlayerService(  744): [8] notify (0x522e8, 200, 704, 0)
D/MstarPlayer(  744): percent: 0
W/MediaPlayer( 1435): info/warning (704, 0)
I/MediaPlayer.java( 1435): Info (704,0)
D/MediaPlayerService(  744): [8] notify (0x522e8, 200, 704, 0)
D/MstarPlayer(  744): percent: 0
W/MediaPlayer( 1435): info/warning (704, 0)
I/MediaPlayer.java( 1435): Info (704,0)
D/MediaPlayerService(  744): [8] notify (0x522e8, 200, 704, 0)
D/MstarPlayer(  744): percent: 0
W/MediaPlayer( 1435): info/warning (704, 0)
I/MediaPlayer.java( 1435): Info (704,0)
D/dalvikvm( 1505): GC_CONCURRENT freed 400K, 78% free 1333K/6019K, paused 1ms+1ms
D/MediaPlayerService(  744): [8] notify (0x522e8, 200, 704, 0)
D/MstarPlayer(  744): percent: 0
W/MediaPlayer( 1435): info/warning (704, 0)
I/MediaPlayer.java( 1435): Info (704,0)
D/MediaPlayerService(  744): [8] notify (0x522e8, 200, 704, 0)
D/MstarPlayer(  744): percent: 0
W/MediaPlayer( 1435): info/warning (704, 0)
I/MediaPlayer.java( 1435): Info (704,0)
D/dalvikvm( 1505): GC_CONCURRENT freed 406K, 79% free 1318K/6019K, paused 1ms+1ms
D/MediaPlayerService(  744): [8] notify (0x522e8, 200, 704, 0)
D/MstarPlayer(  744): percent: 0
W/MediaPlayer( 1435): info/warning (704, 0)
I/MediaPlayer.java( 1435): Info (704,0)
D/dalvikvm( 1505): GC_CONCURRENT freed 361K, 76% free 1454K/6019K, paused 1ms+3ms
D/MediaPlayerService(  744): [8] notify (0x522e8, 200, 704, 0)
D/MstarPlayer(  744): percent: 0
W/MediaPlayer( 1435): info/warning (704, 0)
I/MediaPlayer.java( 1435): Info (704,0)
D/MediaPlayerService(  744): [8] notify (0x522e8, 200, 704, 0)
D/MstarPlayer(  744): percent: 0
W/MediaPlayer( 1435): info/warning (704, 0)
I/MediaPlayer.java( 1435): Info (704,0)
D/DataSource_M3U8(  744): 
D/DataSource_M3U8(  744):  Warnig::  getValidBufferLength()  <  Codec require !!!
D/dalvikvm( 1505): GC_CONCURRENT freed 532K, 78% free 1332K/6019K, paused 1ms+1ms
D/MediaPlayerService(  744): [8] notify (0x522e8, 200, 704, 0)
D/MstarPlayer(  744): percent: 0
W/MediaPlayer( 1435): info/warning (704, 0)
I/MediaPlayer.java( 1435): Info (704,0)
D/MediaPlayerService(  744): [8] notify (0x522e8, 200, 704, 0)
D/MstarPlayer(  744): percent: 0
W/MediaPlayer( 1435): info/warning (704, 0)
I/MediaPlayer.java( 1435): Info (704,0)
D/MediaPlayerService(  744): [8] notify (0x522e8, 200, 704, 0)
D/MstarPlayer(  744): percent: 0
W/MediaPlayer( 1435): info/warning (704, 0)
I/MediaPlayer.java( 1435): Info (704,0)
D/dalvikvm( 1505): GC_CONCURRENT freed 407K, 79% free 1319K/6019K, paused 1ms+1ms
D/MediaPlayerService(  744): [8] notify (0x522e8, 200, 704, 0)
D/MstarPlayer(  744): percent: 0
W/MediaPlayer( 1435): info/warning (704, 0)
I/MediaPlayer.java( 1435): Info (704,0)
D/MediaPlayerService(  744): [8] notify (0x522e8, 200, 704, 0)
D/MstarPlayer(  744): percent: 0
W/MediaPlayer( 1435): info/warning (704, 0)
I/MediaPlayer.java( 1435): Info (704,0)
D/MediaPlayerService(  744): [8] notify (0x522e8, 200, 704, 0)
D/MstarPlayer(  744): percent: 0
W/MediaPlayer( 1435): info/warning (704, 0)
I/MediaPlayer.java( 1435): Info (704,0)
D/MediaPlayerService(  744): [8] notify (0x522e8, 200, 704, 0)
D/MstarPlayer(  744): percent: 0
W/MediaPlayer( 1435): info/warning (704, 0)
I/MediaPlayer.java( 1435): Info (704,0)
D/MediaPlayerService(  744): [8] notify (0x522e8, 200, 704, 0)
D/MstarPlayer(  744): percent: 0
W/MediaPlayer( 1435): info/warning (704, 0)
I/MediaPlayer.java( 1435): Info (704,0)
D/dalvikvm( 1505): GC_CONCURRENT freed 409K, 79% free 1295K/6019K, paused 1ms+1ms
D/MediaPlayerService(  744): [8] notify (0x522e8, 200, 704, 0)
D/MstarPlayer(  744): percent: 0
W/MediaPlayer( 1435): info/warning (704, 0)
I/MediaPlayer.java( 1435): Info (704,0)
D/MediaPlayerService(  744): [8] notify (0x522e8, 200, 704, 0)
D/MstarPlayer(  744): percent: 0
W/MediaPlayer( 1435): info/warning (704, 0)
I/MediaPlayer.java( 1435): Info (704,0)
D/MediaPlayerService(  744): [8] notify (0x522e8, 200, 704, 0)
D/MstarPlayer(  744): percent: 0
W/MediaPlayer( 1435): info/warning (704, 0)
I/MediaPlayer.java( 1435): Info (704,0)
D/dalvikvm( 1505): GC_CONCURRENT freed 384K, 78% free 1347K/6019K, paused 1ms+2ms
D/MediaPlayerService(  744): [8] notify (0x522e8, 200, 704, 0)
D/MstarPlayer(  744): percent: 0
W/MediaPlayer( 1435): info/warning (704, 0)
I/MediaPlayer.java( 1435): Info (704,0)
D/MediaPlayerService(  744): [8] notify (0x522e8, 200, 704, 0)
D/MstarPlayer(  744): percent: 0
W/MediaPlayer( 1435): info/warning (704, 0)
I/MediaPlayer.java( 1435): Info (704,0)
D/Downloader(  744): Downloadserver bandWidth:1543660
D/Downloader(  744): Downloadserver bandWidth:1543660
D/Downloader(  744): Downloadserver bandWidth:1543660
D/Downloader(  744): Downloadserver bandWidth:1543660
D/MediaPlayerService(  744): [8] notify (0x522e8, 200, 704, 0)
D/MstarPlayer(  744): percent: 0
W/MediaPlayer( 1435): info/warning (704, 0)
I/MediaPlayer.java( 1435): Info (704,0)
D/MediaPlayerService(  744): [8] notify (0x522e8, 200, 704, 0)
D/MstarPlayer(  744): percent: 0
W/MediaPlayer( 1435): info/warning (704, 0)
I/MediaPlayer.java( 1435): Info (704,0)
D/MediaPlayerService(  744): [8] notify (0x522e8, 200, 704, 0)
D/MstarPlayer(  744): percent: 0
W/MediaPlayer( 1435): info/warning (704, 0)
I/MediaPlayer.java( 1435): Info (704,0)
D/DataSource_M3U8(  744): u32HLSSreamNum[0]===>u32BandWidth:1200000 
D/DataSource_M3U8(  744): getHLSPlayListInex  DownloadBandWidth:1543660   uInDex=0
D/DataSource_M3U8(  744): [M3U8] checkShouldStartNext :[60](1031744/1031744)   sequence:0  start next:61  
D/DataSource_M3U8(  744): 
D/DataSource_M3U8(  744): 
D/DataSource_M3U8(  744): 
D/DataSource_M3U8(  744): [M3U8]-7----->This :0x30fd0 --> post cmd for start next url:http://cibn-iss1.longvisionmedia.com:8088/vod/CIBN2013_CIBN2113040100001913_12001300/61.ts, knowedFileSize:0, mCurDowningIndex:60
D/DataSource_M3U8(  744): 
D/DataSource_M3U8(  744): 
D/Downloader(  744): [downloadThread]Downloader::removeTask  
D/Downloader(  744): [downloadThread]task have range string:0- 
D/MediaPlayerService(  744): [8] notify (0x522e8, 200, 704, 0)
D/MstarPlayer(  744): percent: 0
W/MediaPlayer( 1435): info/warning (704, 0)
I/MediaPlayer.java( 1435): Info (704,0)
D/MediaPlayerService(  744): [8] notify (0x522e8, 200, 704, 0)
D/MstarPlayer(  744): percent: 0
W/MediaPlayer( 1435): info/warning (704, 0)
I/MediaPlayer.java( 1435): Info (704,0)
D/MediaPlayerService(  744): [8] notify (0x522e8, 200, 704, 0)
D/MstarPlayer(  744): percent: 0
W/MediaPlayer( 1435): info/warning (704, 0)
I/MediaPlayer.java( 1435): Info (704,0)
D/MediaPlayerService(  744): [8] notify (0x522e8, 200, 704, 0)
D/MstarPlayer(  744): percent: 0
W/MediaPlayer( 1435): info/warning (704, 0)
I/MediaPlayer.java( 1435): Info (704,0)
D/DataSource_M3U8(  744): 
D/DataSource_M3U8(  744):  Warnig::  getValidBufferLength()  <  Codec require !!!
D/MediaPlayerService(  744): [8] notify (0x522e8, 200, 704, 0)
D/MstarPlayer(  744): percent: 0
W/MediaPlayer( 1435): info/warning (704, 0)
I/MediaPlayer.java( 1435): Info (704,0)
D/MediaPlayerService(  744): [8] notify (0x522e8, 200, 704, 0)
D/MstarPlayer(  744): percent: 0
W/MediaPlayer( 1435): info/warning (704, 0)
I/MediaPlayer.java( 1435): Info (704,0)
D/MediaPlayerService(  744): [8] notify (0x522e8, 200, 704, 0)
D/MstarPlayer(  744): percent: 0
W/MediaPlayer( 1435): info/warning (704, 0)
I/MediaPlayer.java( 1435): Info (704,0)
D/MediaPlayerService(  744): [8] notify (0x522e8, 200, 704, 0)
D/MstarPlayer(  744): percent: 0
W/MediaPlayer( 1435): info/warning (704, 0)
I/MediaPlayer.java( 1435): Info (704,0)
D/Downloader(  744): Content-Length: 172
D/Downloader(  744): 
D/Downloader(  744): Downloadserver bandWidth:3474
D/Downloader(  744): Downloadserver bandWidth:3474
D/Downloader(  744): Downloadserver bandWidth:3474
D/Downloader(  744): Downloadserver bandWidth:3474
D/MediaPlayerService(  744): [8] notify (0x522e8, 200, 704, 0)
D/MstarPlayer(  744): percent: 0
W/MediaPlayer( 1435): info/warning (704, 0)
I/MediaPlayer.java( 1435): Info (704,0)
D/MediaPlayerService(  744): [8] notify (0x522e8, 200, 704, 0)
D/MstarPlayer(  744): percent: 0
W/MediaPlayer( 1435): info/warning (704, 0)
I/MediaPlayer.java( 1435): Info (704,0)
D/DataSource_M3U8(  744): u32HLSSreamNum[0]===>u32BandWidth:1200000 
D/DataSource_M3U8(  744): getHLSPlayListInex  DownloadBandWidth:3474   uInDex=0
D/DataSource_M3U8(  744): [M3U8] checkShouldStartNext :[61](172/172)   sequence:0  start next:62  
D/DataSource_M3U8(  744): 
D/DataSource_M3U8(  744): 
D/DataSource_M3U8(  744): 
D/DataSource_M3U8(  744): [M3U8]-7----->This :0x30fd0 --> post cmd for start next url:http://cibn-iss1.longvisionmedia.com:8088/vod/CIBN2013_CIBN2113040100001913_12001300/62.ts, knowedFileSize:0, mCurDowningIndex:61
D/DataSource_M3U8(  744): 
D/DataSource_M3U8(  744): 
D/Downloader(  744): [downloadThread]Downloader::removeTask  
D/Downloader(  744): [downloadThread]task have range string:0- 
D/MediaPlayerService(  744): [8] notify (0x522e8, 200, 704, 0)
D/MstarPlayer(  744): percent: 0
W/MediaPlayer( 1435): info/warning (704, 0)
I/MediaPlayer.java( 1435): Info (704,0)
D/MediaPlayerService(  744): [8] notify (0x522e8, 200, 704, 0)
D/MstarPlayer(  744): percent: 0
W/MediaPlayer( 1435): info/warning (704, 0)
I/MediaPlayer.java( 1435): Info (704,0)
D/MediaPlayerService(  744): [8] notify (0x522e8, 200, 704, 0)
D/MstarPlayer(  744): percent: 0
W/MediaPlayer( 1435): info/warning (704, 0)
I/MediaPlayer.java( 1435): Info (704,0)
D/MediaPlayerService(  744): [8] notify (0x522e8, 200, 704, 0)
D/MstarPlayer(  744): percent: 0
W/MediaPlayer( 1435): info/warning (704, 0)
I/MediaPlayer.java( 1435): Info (704,0)
D/MediaPlayerService(  744): [8] notify (0x522e8, 200, 704, 0)
D/MstarPlayer(  744): percent: 0
W/MediaPlayer( 1435): info/warning (704, 0)
I/MediaPlayer.java( 1435): Info (704,0)
D/MediaPlayerService(  744): [8] notify (0x522e8, 200, 704, 0)
D/MstarPlayer(  744): percent: 0
W/MediaPlayer( 1435): info/warning (704, 0)
I/MediaPlayer.java( 1435): Info (704,0)
D/MediaPlayerService(  744): [8] notify (0x522e8, 200, 704, 0)
D/MstarPlayer(  744): percent: 0
W/MediaPlayer( 1435): info/warning (704, 0)
I/MediaPlayer.java( 1435): Info (704,0)
D/MediaPlayerService(  744): [8] notify (0x522e8, 200, 704, 0)
D/MstarPlayer(  744): percent: 0
W/MediaPlayer( 1435): info/warning (704, 0)
I/MediaPlayer.java( 1435): Info (704,0)
D/MediaPlayerService(  744): [8] notify (0x522e8, 200, 704, 0)
D/MstarPlayer(  744): percent: 0
W/MediaPlayer( 1435): info/warning (704, 0)
I/MediaPlayer.java( 1435): Info (704,0)
D/MediaPlayerService(  744): [8] notify (0x522e8, 200, 704, 0)
D/MstarPlayer(  744): percent: 0
W/MediaPlayer( 1435): info/warning (704, 0)
I/MediaPlayer.java( 1435): Info (704,0)
D/MediaPlayerService(  744): [8] notify (0x522e8, 200, 704, 0)
D/MstarPlayer(  744): percent: 0
W/MediaPlayer( 1435): info/warning (704, 0)
I/MediaPlayer.java( 1435): Info (704,0)
D/MediaPlayerService(  744): [8] notify (0x522e8, 200, 704, 0)
D/MstarPlayer(  744): percent: 0
W/MediaPlayer( 1435): info/warning (704, 0)
I/MediaPlayer.java( 1435): Info (704,0)
D/Downloader(  744): Content-Length: 172
D/Downloader(  744): 
D/Downloader(  744): Downloadserver bandWidth:2255
D/Downloader(  744): Downloadserver bandWidth:2255
D/Downloader(  744): Downloadserver bandWidth:2255
D/Downloader(  744): Downloadserver bandWidth:2255
D/MediaPlayerService(  744): [8] notify (0x522e8, 200, 704, 0)
D/MstarPlayer(  744): percent: 0
W/MediaPlayer( 1435): info/warning (704, 0)
I/MediaPlayer.java( 1435): Info (704,0)
D/MediaPlayerService(  744): [8] notify (0x522e8, 200, 704, 0)
D/MstarPlayer(  744): percent: 0
W/MediaPlayer( 1435): info/warning (704, 0)
I/MediaPlayer.java( 1435): Info (704,0)
D/DataSource_M3U8(  744): 
D/DataSource_M3U8(  744):  Warnig::  getValidBufferLength()  <  Codec require !!!
D/MediaPlayerService(  744): [8] notify (0x522e8, 200, 704, 0)
D/MstarPlayer(  744): percent: 0
W/MediaPlayer( 1435): info/warning (704, 0)
I/MediaPlayer.java( 1435): Info (704,0)
D/MediaPlayerService(  744): [8] notify (0x522e8, 200, 704, 0)
D/MstarPlayer(  744): percent: 0
W/MediaPlayer( 1435): info/warning (704, 0)
I/MediaPlayer.java( 1435): Info (704,0)
D/MediaPlayerService(  744): [8] notify (0x522e8, 200, 704, 0)
D/MstarPlayer(  744): percent: 0
W/MediaPlayer( 1435): info/warning (704, 0)
I/MediaPlayer.java( 1435): Info (704,0)
D/dalvikvm( 1505): GC_CONCURRENT freed 422K, 78% free 1330K/6019K, paused 1ms+1ms
D/MediaPlayerService(  744): [8] notify (0x522e8, 200, 704, 0)
D/MstarPlayer(  744): percent: 0
W/MediaPlayer( 1435): info/warning (704, 0)
I/MediaPlayer.java( 1435): Info (704,0)
D/MediaPlayerService(  744): [8] notify (0x522e8, 200, 704, 0)
D/MstarPlayer(  744): percent: 0
W/MediaPlayer( 1435): info/warning (704, 0)
I/MediaPlayer.java( 1435): Info (704,0)
D/MediaPlayerService(  744): [8] notify (0x522e8, 200, 704, 0)
D/MstarPlayer(  744): percent: 0
W/MediaPlayer( 1435): info/warning (704, 0)
I/MediaPlayer.java( 1435): Info (704,0)
D/DataSource_M3U8(  744): u32HLSSreamNum[0]===>u32BandWidth:1200000 
D/DataSource_M3U8(  744): getHLSPlayListInex  DownloadBandWidth:2255   uInDex=0
D/DataSource_M3U8(  744): [M3U8] checkShouldStartNext :[62](172/172)   sequence:0  start next:63  
D/DataSource_M3U8(  744): 
D/DataSource_M3U8(  744): 
D/DataSource_M3U8(  744): 
D/DataSource_M3U8(  744): [M3U8]-7----->This :0x30fd0 --> post cmd for start next url:http://cibn-iss1.longvisionmedia.com:8088/vod/CIBN2013_CIBN2113040100001913_12001300/63.ts, knowedFileSize:0, mCurDowningIndex:62
D/DataSource_M3U8(  744): 
D/DataSource_M3U8(  744): 
D/Downloader(  744): [downloadThread]Downloader::removeTask  
D/Downloader(  744): [downloadThread]task have range string:0- 
D/MediaPlayerService(  744): [8] notify (0x522e8, 200, 704, 0)
D/MstarPlayer(  744): percent: 0
W/MediaPlayer( 1435): info/warning (704, 0)
I/MediaPlayer.java( 1435): Info (704,0)
D/MediaPlayerService(  744): [8] notify (0x522e8, 200, 704, 0)
D/MstarPlayer(  744): percent: 0
W/MediaPlayer( 1435): info/warning (704, 0)
I/MediaPlayer.java( 1435): Info (704,0)
D/dalvikvm( 1505): GC_CONCURRENT freed 405K, 79% free 1316K/6019K, paused 1ms+1ms
D/MediaPlayerService(  744): [8] notify (0x522e8, 200, 704, 0)
D/MstarPlayer(  744): percent: 0
W/MediaPlayer( 1435): info/warning (704, 0)
I/MediaPlayer.java( 1435): Info (704,0)
D/MediaPlayerService(  744): [8] notify (0x522e8, 200, 704, 0)
D/MstarPlayer(  744): percent: 0
W/MediaPlayer( 1435): info/warning (704, 0)
I/MediaPlayer.java( 1435): Info (704,0)
D/MediaPlayerService(  744): [8] notify (0x522e8, 200, 704, 0)
D/MstarPlayer(  744): percent: 0
W/MediaPlayer( 1435): info/warning (704, 0)
I/MediaPlayer.java( 1435): Info (704,0)
D/dalvikvm( 1505): GC_CONCURRENT freed 378K, 78% free 1332K/6019K, paused 2ms+2ms
D/MediaPlayerService(  744): [8] notify (0x522e8, 200, 704, 0)
D/MstarPlayer(  744): percent: 0
W/MediaPlayer( 1435): info/warning (704, 0)
I/MediaPlayer.java( 1435): Info (704,0)
D/MediaPlayerService(  744): [8] notify (0x522e8, 200, 704, 0)
D/MstarPlayer(  744): percent: 0
W/MediaPlayer( 1435): info/warning (704, 0)
I/MediaPlayer.java( 1435): Info (704,0)
D/MediaPlayerService(  744): [8] notify (0x522e8, 200, 704, 0)
D/MstarPlayer(  744): percent: 0
W/MediaPlayer( 1435): info/warning (704, 0)
I/MediaPlayer.java( 1435): Info (704,0)
D/dalvikvm( 1505): GC_CONCURRENT freed 395K, 78% free 1331K/6019K, paused 1ms+1ms
D/MediaPlayerService(  744): [8] notify (0x522e8, 200, 704, 0)
D/MstarPlayer(  744): percent: 0
W/MediaPlayer( 1435): info/warning (704, 0)
I/MediaPlayer.java( 1435): Info (704,0)
D/MediaPlayerService(  744): [8] notify (0x522e8, 200, 704, 0)
D/MstarPlayer(  744): percent: 0
W/MediaPlayer( 1435): info/warning (704, 0)
I/MediaPlayer.java( 1435): Info (704,0)
D/Downloader(  744): Content-Length: 172
D/Downloader(  744): 
D/Downloader(  744): Downloadserver bandWidth:2636
D/Downloader(  744): Downloadserver bandWidth:2636
D/Downloader(  744): Downloadserver bandWidth:2636
D/Downloader(  744): Downloadserver bandWidth:2636
D/MediaPlayerService(  744): [8] notify (0x522e8, 200, 704, 0)
D/MstarPlayer(  744): percent: 0
W/MediaPlayer( 1435): info/warning (704, 0)
I/MediaPlayer.java( 1435): Info (704,0)
D/MediaPlayerService(  744): [8] notify (0x522e8, 200, 704, 0)
D/MstarPlayer(  744): percent: 0
W/MediaPlayer( 1435): info/warning (704, 0)
I/MediaPlayer.java( 1435): Info (704,0)
D/MediaPlayerService(  744): [8] notify (0x522e8, 200, 704, 0)
D/MstarPlayer(  744): percent: 0
W/MediaPlayer( 1435): info/warning (704, 0)
I/MediaPlayer.java( 1435): Info (704,0)
D/DataSource_M3U8(  744): 
D/DataSource_M3U8(  744):  Warnig::  getValidBufferLength()  <  Codec require !!!
D/MediaPlayerService(  744): [8] notify (0x522e8, 200, 704, 0)
D/MstarPlayer(  744): percent: 0
W/MediaPlayer( 1435): info/warning (704, 0)
I/MediaPlayer.java( 1435): Info (704,0)
D/MediaPlayerService(  744): [8] notify (0x522e8, 200, 704, 0)
D/MstarPlayer(  744): percent: 0
W/MediaPlayer( 1435): info/warning (704, 0)
I/MediaPlayer.java( 1435): Info (704,0)
D/MediaPlayerService(  744): [8] notify (0x522e8, 200, 704, 0)
D/MstarPlayer(  744): percent: 0
W/MediaPlayer( 1435): info/warning (704, 0)
I/MediaPlayer.java( 1435): Info (704,0)
D/MediaPlayerService(  744): [8] notify (0x522e8, 200, 704, 0)
D/MstarPlayer(  744): percent: 0
W/MediaPlayer( 1435): info/warning (704, 0)
I/MediaPlayer.java( 1435): Info (704,0)
D/MediaPlayerService(  744): [8] notify (0x522e8, 200, 704, 0)
W/MediaPlayer( 1435): info/warning (704, 0)
D/MstarPlayer(  744): percent: 0
I/MediaPlayer.java( 1435): Info (704,0)
D/MediaPlayerService(  744): [8] notify (0x522e8, 200, 704, 0)
D/MstarPlayer(  744): percent: 0
W/MediaPlayer( 1435): info/warning (704, 0)
I/MediaPlayer.java( 1435): Info (704,0)
D/MediaPlayerService(  744): [8] notify (0x522e8, 200, 704, 0)
D/MstarPlayer(  744): percent: 0
W/MediaPlayer( 1435): info/warning (704, 0)
I/MediaPlayer.java( 1435): Info (704,0)
D/DataSource_M3U8(  744): u32HLSSreamNum[0]===>u32BandWidth:1200000 
D/DataSource_M3U8(  744): getHLSPlayListInex  DownloadBandWidth:2636   uInDex=0
D/DataSource_M3U8(  744): [M3U8] checkShouldStartNext :[63](172/172)   sequence:0  start next:64  
D/DataSource_M3U8(  744): 
D/DataSource_M3U8(  744): 
D/DataSource_M3U8(  744): 
D/DataSource_M3U8(  744): [M3U8]-7----->This :0x30fd0 --> post cmd for start next url:http://cibn-iss1.longvisionmedia.com:8088/vod/CIBN2013_CIBN2113040100001913_12001300/64.ts, knowedFileSize:0, mCurDowningIndex:63
D/DataSource_M3U8(  744): 
D/DataSource_M3U8(  744): 
D/Downloader(  744): [downloadThread]Downloader::removeTask  
D/Downloader(  744): [downloadThread]task have range string:0- 
D/MediaPlayerService(  744): [8] notify (0x522e8, 3, 15, 0)
D/MediaPlayerService(  744): [8] notify (0x522e8, 200, 704, 0)
D/MstarPlayer(  744): percent: 0
W/MediaPlayer( 1435): info/warning (704, 0)
I/MediaPlayer.java( 1435): Info (704,0)
D/MediaPlayerService(  744): [8] notify (0x522e8, 200, 704, 0)
D/MstarPlayer(  744): percent: 0
W/MediaPlayer( 1435): info/warning (704, 0)
I/MediaPlayer.java( 1435): Info (704,0)
D/MediaPlayerService(  744): [8] notify (0x522e8, 200, 704, 0)
W/MediaPlayer( 1435): info/warning (704, 0)
D/MstarPlayer(  744): percent: 0
I/MediaPlayer.java( 1435): Info (704,0)
D/MediaPlayerService(  744): [8] notify (0x522e8, 200, 704, 0)
D/MstarPlayer(  744): percent: 0
W/MediaPlayer( 1435): info/warning (704, 0)
I/MediaPlayer.java( 1435): Info (704,0)
D/MediaPlayerService(  744): [8] notify (0x522e8, 200, 704, 0)
D/MstarPlayer(  744): percent: 0
W/MediaPlayer( 1435): info/warning (704, 0)
I/MediaPlayer.java( 1435): Info (704,0)
D/MediaPlayerService(  744): [8] notify (0x522e8, 200, 704, 0)
D/MstarPlayer(  744): percent: 0
W/MediaPlayer( 1435): info/warning (704, 0)
I/MediaPlayer.java( 1435): Info (704,0)
D/MediaPlayerService(  744): [8] notify (0x522e8, 200, 704, 0)
D/MstarPlayer(  744): percent: 0
W/MediaPlayer( 1435): info/warning (704, 0)
I/MediaPlayer.java( 1435): Info (704,0)
D/MediaPlayerService(  744): [8] notify (0x522e8, 200, 704, 0)
D/MstarPlayer(  744): percent: 0
W/MediaPlayer( 1435): info/warning (704, 0)
I/MediaPlayer.java( 1435): Info (704,0)
D/MediaPlayerService(  744): [8] notify (0x522e8, 200, 704, 0)
D/MstarPlayer(  744): percent: 0
W/MediaPlayer( 1435): info/warning (704, 0)
I/MediaPlayer.java( 1435): Info (704,0)
D/MediaPlayerService(  744): [8] notify (0x522e8, 200, 704, 0)
D/MstarPlayer(  744): percent: 0
W/MediaPlayer( 1435): info/warning (704, 0)
I/MediaPlayer.java( 1435): Info (704,0)
D/MediaPlayerService(  744): [8] notify (0x522e8, 200, 704, 0)
D/MstarPlayer(  744): percent: 0
W/MediaPlayer( 1435): info/warning (704, 0)
I/MediaPlayer.java( 1435): Info (704,0)
D/MediaPlayerService(  744): [8] notify (0x522e8, 200, 704, 0)
D/MstarPlayer(  744): percent: 0
W/MediaPlayer( 1435): info/warning (704, 0)
I/MediaPlayer.java( 1435): Info (704,0)
D/MediaPlayerService(  744): [8] notify (0x522e8, 200, 704, 0)
D/MstarPlayer(  744): percent: 0
W/MediaPlayer( 1435): info/warning (704, 0)
I/MediaPlayer.java( 1435): Info (704,0)
D/DataSource_M3U8(  744): 
D/DataSource_M3U8(  744):  Warnig::  getValidBufferLength()  <  Codec require !!!
D/MediaPlayerService(  744): [8] notify (0x522e8, 200, 704, 0)
D/MstarPlayer(  744): percent: 0
W/MediaPlayer( 1435): info/warning (704, 0)
I/MediaPlayer.java( 1435): Info (704,0)
D/MediaPlayerService(  744): [8] notify (0x522e8, 200, 704, 0)
D/MstarPlayer(  744): percent: 0
W/MediaPlayer( 1435): info/warning (704, 0)
I/MediaPlayer.java( 1435): Info (704,0)
D/MediaPlayerService(  744): [8] notify (0x522e8, 200, 704, 0)
D/MstarPlayer(  744): percent: 0
W/MediaPlayer( 1435): info/warning (704, 0)
I/MediaPlayer.java( 1435): Info (704,0)
D/MediaPlayerService(  744): [8] notify (0x522e8, 200, 704, 0)
D/MstarPlayer(  744): percent: 0
W/MediaPlayer( 1435): info/warning (704, 0)
I/MediaPlayer.java( 1435): Info (704,0)
D/MediaPlayerService(  744): [8] notify (0x522e8, 200, 704, 0)
D/MstarPlayer(  744): percent: 0
W/MediaPlayer( 1435): info/warning (704, 0)
I/MediaPlayer.java( 1435): Info (704,0)
D/MediaPlayerService(  744): [8] notify (0x522e8, 200, 704, 0)
D/MstarPlayer(  744): percent: 0
W/MediaPlayer( 1435): info/warning (704, 0)
I/MediaPlayer.java( 1435): Info (704,0)
D/MediaPlayerService(  744): [8] notify (0x522e8, 200, 704, 0)
D/MstarPlayer(  744): percent: 0
W/MediaPlayer( 1435): info/warning (704, 0)
I/MediaPlayer.java( 1435): Info (704,0)
D/MediaPlayerService(  744): [8] notify (0x522e8, 200, 704, 0)
D/MstarPlayer(  744): percent: 0
W/MediaPlayer( 1435): info/warning (704, 0)
I/MediaPlayer.java( 1435): Info (704,0)
D/MediaPlayerService(  744): [8] notify (0x522e8, 200, 704, 0)
D/MstarPlayer(  744): percent: 0
W/MediaPlayer( 1435): info/warning (704, 0)
I/MediaPlayer.java( 1435): Info (704,0)
D/MediaPlayerService(  744): [8] notify (0x522e8, 200, 704, 0)
D/MstarPlayer(  744): percent: 0
W/MediaPlayer( 1435): info/warning (704, 0)
I/MediaPlayer.java( 1435): Info (704,0)
D/MediaPlayerService(  744): [8] notify (0x522e8, 200, 704, 0)
D/MstarPlayer(  744): percent: 0
W/MediaPlayer( 1435): info/warning (704, 0)
I/MediaPlayer.java( 1435): Info (704,0)
D/MediaPlayerService(  744): [8] notify (0x522e8, 200, 704, 0)
D/MstarPlayer(  744): percent: 0
W/MediaPlayer( 1435): info/warning (704, 0)
I/MediaPlayer.java( 1435): Info (704,0)
D/MediaPlayerService(  744): [8] notify (0x522e8, 200, 704, 0)
D/MstarPlayer(  744): percent: 0
W/MediaPlayer( 1435): info/warning (704, 0)
I/MediaPlayer.java( 1435): Info (704,0)
D/MediaPlayerService(  744): [8] notify (0x522e8, 200, 704, 0)
D/MstarPlayer(  744): percent: 0
W/MediaPlayer( 1435): info/warning (704, 0)
I/MediaPlayer.java( 1435): Info (704,0)
D/MediaPlayerService(  744): [8] notify (0x522e8, 200, 704, 0)
D/MstarPlayer(  744): percent: 0
W/MediaPlayer( 1435): info/warning (704, 0)
I/MediaPlayer.java( 1435): Info (704,0)
D/MediaPlayerService(  744): [8] notify (0x522e8, 200, 704, 0)
D/MstarPlayer(  744): percent: 0
W/MediaPlayer( 1435): info/warning (704, 0)
I/MediaPlayer.java( 1435): Info (704,0)
D/MediaPlayerService(  744): [8] notify (0x522e8, 200, 704, 0)
D/MstarPlayer(  744): percent: 0
W/MediaPlayer( 1435): info/warning (704, 0)
I/MediaPlayer.java( 1435): Info (704,0)
D/MediaPlayerService(  744): [8] notify (0x522e8, 200, 704, 0)
D/MstarPlayer(  744): percent: 0
W/MediaPlayer( 1435): info/warning (704, 0)
I/MediaPlayer.java( 1435): Info (704,0)
D/MediaPlayerService(  744): [8] notify (0x522e8, 200, 704, 0)
D/MstarPlayer(  744): percent: 0
W/MediaPlayer( 1435): info/warning (704, 0)
I/MediaPlayer.java( 1435): Info (704,0)
D/MediaPlayerService(  744): [8] notify (0x522e8, 200, 704, 0)
D/MstarPlayer(  744): percent: 0
W/MediaPlayer( 1435): info/warning (704, 0)
I/MediaPlayer.java( 1435): Info (704,0)
D/DataSource_M3U8(  744): 
D/DataSource_M3U8(  744):  Warnig::  getValidBufferLength()  <  Codec require !!!
D/MediaPlayerService(  744): [8] notify (0x522e8, 200, 704, 0)
D/MstarPlayer(  744): percent: 0
W/MediaPlayer( 1435): info/warning (704, 0)
I/MediaPlayer.java( 1435): Info (704,0)
D/MediaPlayerService(  744): [8] notify (0x522e8, 200, 704, 0)
D/MstarPlayer(  744): percent: 0
W/MediaPlayer( 1435): info/warning (704, 0)
I/MediaPlayer.java( 1435): Info (704,0)
D/MediaPlayerService(  744): [8] notify (0x522e8, 200, 704, 0)
D/MstarPlayer(  744): percent: 0
W/MediaPlayer( 1435): info/warning (704, 0)
I/MediaPlayer.java( 1435): Info (704,0)
D/MediaPlayerService(  744): [8] notify (0x522e8, 200, 704, 0)
D/MstarPlayer(  744): percent: 0
W/MediaPlayer( 1435): info/warning (704, 0)
I/MediaPlayer.java( 1435): Info (704,0)
D/MediaPlayerService(  744): [8] notify (0x522e8, 200, 704, 0)
D/MstarPlayer(  744): percent: 0
W/MediaPlayer( 1435): info/warning (704, 0)
I/MediaPlayer.java( 1435): Info (704,0)
D/MediaPlayerService(  744): [8] notify (0x522e8, 200, 704, 0)
D/MstarPlayer(  744): percent: 0
W/MediaPlayer( 1435): info/warning (704, 0)
I/MediaPlayer.java( 1435): Info (704,0)
D/MediaPlayerService(  744): [8] notify (0x522e8, 200, 704, 0)
D/MstarPlayer(  744): percent: 0
W/MediaPlayer( 1435): info/warning (704, 0)
I/MediaPlayer.java( 1435): Info (704,0)
D/MediaPlayerService(  744): [8] notify (0x522e8, 200, 704, 0)
D/MstarPlayer(  744): percent: 0
W/MediaPlayer( 1435): info/warning (704, 0)
I/MediaPlayer.java( 1435): Info (704,0)
D/MediaPlayerService(  744): [8] notify (0x522e8, 200, 704, 0)
D/MstarPlayer(  744): percent: 0
W/MediaPlayer( 1435): info/warning (704, 0)
I/MediaPlayer.java( 1435): Info (704,0)
D/MediaPlayerService(  744): [8] notify (0x522e8, 200, 704, 0)
D/MstarPlayer(  744): percent: 0
W/MediaPlayer( 1435): info/warning (704, 0)
I/MediaPlayer.java( 1435): Info (704,0)
D/MediaPlayerService(  744): [8] notify (0x522e8, 200, 704, 0)
D/MstarPlayer(  744): percent: 0
W/MediaPlayer( 1435): info/warning (704, 0)
I/MediaPlayer.java( 1435): Info (704,0)
D/MediaPlayerService(  744): [8] notify (0x522e8, 200, 704, 0)
D/MstarPlayer(  744): percent: 0
W/MediaPlayer( 1435): info/warning (704, 0)
I/MediaPlayer.java( 1435): Info (704,0)
D/MediaPlayerService(  744): [8] notify (0x522e8, 200, 704, 0)
D/MstarPlayer(  744): percent: 0
W/MediaPlayer( 1435): info/warning (704, 0)
I/MediaPlayer.java( 1435): Info (704,0)
D/MediaPlayerService(  744): [8] notify (0x522e8, 200, 704, 0)
D/MstarPlayer(  744): percent: 0
W/MediaPlayer( 1435): info/warning (704, 0)
I/MediaPlayer.java( 1435): Info (704,0)
D/MediaPlayerService(  744): [8] notify (0x522e8, 200, 704, 0)
D/MstarPlayer(  744): percent: 0
W/MediaPlayer( 1435): info/warning (704, 0)
I/MediaPlayer.java( 1435): Info (704,0)
D/MediaPlayerService(  744): [8] notify (0x522e8, 200, 704, 0)
D/MstarPlayer(  744): percent: 0
W/MediaPlayer( 1435): info/warning (704, 0)
I/MediaPlayer.java( 1435): Info (704,0)
D/dalvikvm( 1505): GC_CONCURRENT freed 411K, 79% free 1314K/6019K, paused 1ms+1ms
D/MediaPlayerService(  744): [8] notify (0x522e8, 200, 704, 0)
W/MediaPlayer( 1435): info/warning (704, 0)
D/MstarPlayer(  744): percent: 0
I/MediaPlayer.java( 1435): Info (704,0)
D/MediaPlayerService(  744): [8] notify (0x522e8, 200, 704, 0)
D/MstarPlayer(  744): percent: 0
W/MediaPlayer( 1435): info/warning (704, 0)
I/MediaPlayer.java( 1435): Info (704,0)
D/MediaPlayerService(  744): [8] notify (0x522e8, 200, 704, 0)
D/MstarPlayer(  744): percent: 0
W/MediaPlayer( 1435): info/warning (704, 0)
I/MediaPlayer.java( 1435): Info (704,0)
D/dalvikvm( 1505): GC_CONCURRENT freed 393K, 79% free 1313K/6019K, paused 1ms+1ms
D/MediaPlayerService(  744): [8] notify (0x522e8, 200, 704, 0)
D/MstarPlayer(  744): percent: 0
W/MediaPlayer( 1435): info/warning (704, 0)
I/MediaPlayer.java( 1435): Info (704,0)
D/DataSource_M3U8(  744): 
D/DataSource_M3U8(  744):  Warnig::  getValidBufferLength()  <  Codec require !!!
D/MediaPlayerService(  744): [8] notify (0x522e8, 200, 704, 0)
D/MstarPlayer(  744): percent: 0
W/MediaPlayer( 1435): info/warning (704, 0)
I/MediaPlayer.java( 1435): Info (704,0)
D/MediaPlayerService(  744): [8] notify (0x522e8, 200, 704, 0)
D/MstarPlayer(  744): percent: 0
W/MediaPlayer( 1435): info/warning (704, 0)
I/MediaPlayer.java( 1435): Info (704,0)
D/dalvikvm( 1505): GC_CONCURRENT freed 393K, 77% free 1398K/6019K, paused 1ms+1ms
D/MediaPlayerService(  744): [8] notify (0x522e8, 200, 704, 0)
D/MstarPlayer(  744): percent: 0
W/MediaPlayer( 1435): info/warning (704, 0)
I/MediaPlayer.java( 1435): Info (704,0)
D/MediaPlayerService(  744): [8] notify (0x522e8, 200, 704, 0)
D/MstarPlayer(  744): percent: 0
W/MediaPlayer( 1435): info/warning (704, 0)
I/MediaPlayer.java( 1435): Info (704,0)
D/MediaPlayerService(  744): [8] notify (0x522e8, 200, 704, 0)
D/MstarPlayer(  744): percent: 0
W/MediaPlayer( 1435): info/warning (704, 0)
I/MediaPlayer.java( 1435): Info (704,0)
D/dalvikvm( 1505): GC_CONCURRENT freed 474K, 79% free 1320K/6019K, paused 1ms+1ms
D/MediaPlayerService(  744): [8] notify (0x522e8, 200, 704, 0)
D/MstarPlayer(  744): percent: 0
W/MediaPlayer( 1435): info/warning (704, 0)
I/MediaPlayer.java( 1435): Info (704,0)
D/MediaPlayerService(  744): [8] notify (0x522e8, 200, 704, 0)
D/MstarPlayer(  744): percent: 0
W/MediaPlayer( 1435): info/warning (704, 0)
I/MediaPlayer.java( 1435): Info (704,0)
D/MediaPlayerService(  744): [8] notify (0x522e8, 200, 704, 0)
D/MstarPlayer(  744): percent: 0
W/MediaPlayer( 1435): info/warning (704, 0)
I/MediaPlayer.java( 1435): Info (704,0)
D/MediaPlayerService(  744): [8] notify (0x522e8, 200, 704, 0)
D/MstarPlayer(  744): percent: 0
W/MediaPlayer( 1435): info/warning (704, 0)
I/MediaPlayer.java( 1435): Info (704,0)
D/MediaPlayerService(  744): [8] notify (0x522e8, 200, 704, 0)
D/MstarPlayer(  744): percent: 0
W/MediaPlayer( 1435): info/warning (704, 0)
I/MediaPlayer.java( 1435): Info (704,0)
D/MediaPlayerService(  744): [8] notify (0x522e8, 200, 704, 0)
D/MstarPlayer(  744): percent: 0
W/MediaPlayer( 1435): info/warning (704, 0)
I/MediaPlayer.java( 1435): Info (704,0)
D/dalvikvm( 1505): GC_CONCURRENT freed 405K, 77% free 1411K/6019K, paused 0ms+2ms
D/MediaPlayerService(  744): [8] notify (0x522e8, 200, 704, 0)
D/MstarPlayer(  744): percent: 0
W/MediaPlayer( 1435): info/warning (704, 0)
I/MediaPlayer.java( 1435): Info (704,0)
D/MediaPlayerService(  744): [8] notify (0x522e8, 200, 704, 0)
D/MstarPlayer(  744): percent: 0
W/MediaPlayer( 1435): info/warning (704, 0)
I/MediaPlayer.java( 1435): Info (704,0)
D/MediaPlayerService(  744): [8] notify (0x522e8, 200, 704, 0)
D/MstarPlayer(  744): percent: 0
W/MediaPlayer( 1435): info/warning (704, 0)
I/MediaPlayer.java( 1435): Info (704,0)
D/MediaPlayerService(  744): [8] notify (0x522e8, 200, 704, 0)
D/MstarPlayer(  744): percent: 0
W/MediaPlayer( 1435): info/warning (704, 0)
I/MediaPlayer.java( 1435): Info (704,0)
D/MediaPlayerService(  744): [8] notify (0x522e8, 200, 704, 0)
D/MstarPlayer(  744): percent: 0
W/MediaPlayer( 1435): info/warning (704, 0)
I/MediaPlayer.java( 1435): Info (704,0)
D/MediaPlayerService(  744): [8] notify (0x522e8, 200, 704, 0)
D/MstarPlayer(  744): percent: 0
W/MediaPlayer( 1435): info/warning (704, 0)
I/MediaPlayer.java( 1435): Info (704,0)
D/MediaPlayerService(  744): [8] notify (0x522e8, 200, 704, 0)
D/MstarPlayer(  744): percent: 0
W/MediaPlayer( 1435): info/warning (704, 0)
I/MediaPlayer.java( 1435): Info (704,0)
D/MediaPlayerService(  744): [8] notify (0x522e8, 200, 704, 0)
D/MstarPlayer(  744): percent: 0
W/MediaPlayer( 1435): info/warning (704, 0)
I/MediaPlayer.java( 1435): Info (704,0)
D/MediaPlayerService(  744): [8] notify (0x522e8, 200, 704, 0)
D/MstarPlayer(  744): percent: 0
W/MediaPlayer( 1435): info/warning (704, 0)
I/MediaPlayer.java( 1435): Info (704,0)
D/DataSource_M3U8(  744): 
D/DataSource_M3U8(  744):  Warnig::  getValidBufferLength()  <  Codec require !!!
D/MediaPlayerService(  744): [8] notify (0x522e8, 200, 704, 0)
D/MstarPlayer(  744): percent: 0
W/MediaPlayer( 1435): info/warning (704, 0)
I/MediaPlayer.java( 1435): Info (704,0)
D/MediaPlayerService(  744): [8] notify (0x522e8, 200, 704, 0)
D/MstarPlayer(  744): percent: 0
W/MediaPlayer( 1435): info/warning (704, 0)
I/MediaPlayer.java( 1435): Info (704,0)
D/MediaPlayerService(  744): [8] notify (0x522e8, 200, 704, 0)
D/MstarPlayer(  744): percent: 0
W/MediaPlayer( 1435): info/warning (704, 0)
I/MediaPlayer.java( 1435): Info (704,0)
D/MediaPlayerService(  744): [8] notify (0x522e8, 200, 704, 0)
D/MstarPlayer(  744): percent: 0
W/MediaPlayer( 1435): info/warning (704, 0)
I/MediaPlayer.java( 1435): Info (704,0)
D/MediaPlayerService(  744): [8] notify (0x522e8, 200, 704, 0)
D/MstarPlayer(  744): percent: 0
W/MediaPlayer( 1435): info/warning (704, 0)
I/MediaPlayer.java( 1435): Info (704,0)
D/MediaPlayerService(  744): [8] notify (0x522e8, 200, 704, 0)
D/MstarPlayer(  744): percent: 0
W/MediaPlayer( 1435): info/warning (704, 0)
I/MediaPlayer.java( 1435): Info (704,0)
D/MediaPlayerService(  744): [8] notify (0x522e8, 200, 704, 0)
D/MstarPlayer(  744): percent: 0
W/MediaPlayer( 1435): info/warning (704, 0)
I/MediaPlayer.java( 1435): Info (704,0)
D/MediaPlayerService(  744): [8] notify (0x522e8, 200, 704, 0)
D/MstarPlayer(  744): percent: 0
W/MediaPlayer( 1435): info/warning (704, 0)
I/MediaPlayer.java( 1435): Info (704,0)
D/MediaPlayerService(  744): [8] notify (0x522e8, 200, 704, 0)
D/MstarPlayer(  744): percent: 0
W/MediaPlayer( 1435): info/warning (704, 0)
I/MediaPlayer.java( 1435): Info (704,0)
D/MediaPlayerService(  744): [8] notify (0x522e8, 200, 704, 0)
D/MstarPlayer(  744): percent: 0
W/MediaPlayer( 1435): info/warning (704, 0)
I/MediaPlayer.java( 1435): Info (704,0)
D/MediaPlayerService(  744): [8] notify (0x522e8, 200, 704, 0)
D/MstarPlayer(  744): percent: 0
W/MediaPlayer( 1435): info/warning (704, 0)
I/MediaPlayer.java( 1435): Info (704,0)
D/MediaPlayerService(  744): [8] notify (0x522e8, 200, 704, 0)
D/MstarPlayer(  744): percent: 0
W/MediaPlayer( 1435): info/warning (704, 0)
I/MediaPlayer.java( 1435): Info (704,0)
D/MediaPlayerService(  744): [8] notify (0x522e8, 200, 704, 0)
D/MstarPlayer(  744): percent: 0
W/MediaPlayer( 1435): info/warning (704, 0)
I/MediaPlayer.java( 1435): Info (704,0)
D/MediaPlayerService(  744): [8] notify (0x522e8, 200, 704, 0)
D/MstarPlayer(  744): percent: 0
W/MediaPlayer( 1435): info/warning (704, 0)
I/MediaPlayer.java( 1435): Info (704,0)
D/MediaPlayerService(  744): [8] notify (0x522e8, 200, 704, 0)
D/MstarPlayer(  744): percent: 0
W/MediaPlayer( 1435): info/warning (704, 0)
I/MediaPlayer.java( 1435): Info (704,0)
D/MediaPlayerService(  744): [8] notify (0x522e8, 200, 704, 0)
D/MstarPlayer(  744): percent: 0
W/MediaPlayer( 1435): info/warning (704, 0)
I/MediaPlayer.java( 1435): Info (704,0)
D/MediaPlayerService(  744): [8] notify (0x522e8, 200, 704, 0)
D/MstarPlayer(  744): percent: 0
W/MediaPlayer( 1435): info/warning (704, 0)
I/MediaPlayer.java( 1435): Info (704,0)
D/MediaPlayerService(  744): [8] notify (0x522e8, 200, 704, 0)
D/MstarPlayer(  744): percent: 0
W/MediaPlayer( 1435): info/warning (704, 0)
I/MediaPlayer.java( 1435): Info (704,0)
D/MediaPlayerService(  744): [8] notify (0x522e8, 200, 704, 0)
D/MstarPlayer(  744): percent: 0
W/MediaPlayer( 1435): info/warning (704, 0)
I/MediaPlayer.java( 1435): Info (704,0)
D/DataSource_M3U8(  744): 
D/DataSource_M3U8(  744):  Warnig::  getValidBufferLength()  <  Codec require !!!
D/MediaPlayerService(  744): [8] notify (0x522e8, 200, 704, 0)
D/MstarPlayer(  744): percent: 0
W/MediaPlayer( 1435): info/warning (704, 0)
I/MediaPlayer.java( 1435): Info (704,0)
D/MediaPlayerService(  744): [8] notify (0x522e8, 200, 704, 0)
D/MstarPlayer(  744): percent: 0
W/MediaPlayer( 1435): info/warning (704, 0)
I/MediaPlayer.java( 1435): Info (704,0)
D/MediaPlayerService(  744): [8] notify (0x522e8, 200, 704, 0)
D/MstarPlayer(  744): percent: 0
W/MediaPlayer( 1435): info/warning (704, 0)
I/MediaPlayer.java( 1435): Info (704,0)
D/MediaPlayerService(  744): [8] notify (0x522e8, 200, 704, 0)
D/MstarPlayer(  744): percent: 0
W/MediaPlayer( 1435): info/warning (704, 0)
I/MediaPlayer.java( 1435): Info (704,0)
D/MediaPlayerService(  744): [8] notify (0x522e8, 200, 704, 0)
D/MstarPlayer(  744): percent: 0
W/MediaPlayer( 1435): info/warning (704, 0)
I/MediaPlayer.java( 1435): Info (704,0)
D/MediaPlayerService(  744): [8] notify (0x522e8, 200, 704, 0)
D/MstarPlayer(  744): percent: 0
W/MediaPlayer( 1435): info/warning (704, 0)
I/MediaPlayer.java( 1435): Info (704,0)
D/MediaPlayerService(  744): [8] notify (0x522e8, 200, 704, 0)
D/MstarPlayer(  744): percent: 0
W/MediaPlayer( 1435): info/warning (704, 0)
I/MediaPlayer.java( 1435): Info (704,0)
D/MediaPlayerService(  744): [8] notify (0x522e8, 200, 704, 0)
D/MstarPlayer(  744): percent: 0
W/MediaPlayer( 1435): info/warning (704, 0)
I/MediaPlayer.java( 1435): Info (704,0)
D/MediaPlayerService(  744): [8] notify (0x522e8, 200, 704, 0)
D/MstarPlayer(  744): percent: 0
W/MediaPlayer( 1435): info/warning (704, 0)
I/MediaPlayer.java( 1435): Info (704,0)
D/MediaPlayerService(  744): [8] notify (0x522e8, 200, 704, 0)
D/MstarPlayer(  744): percent: 0
W/MediaPlayer( 1435): info/warning (704, 0)
I/MediaPlayer.java( 1435): Info (704,0)
D/MediaPlayerService(  744): [8] notify (0x522e8, 200, 704, 0)
D/MstarPlayer(  744): percent: 0
W/MediaPlayer( 1435): info/warning (704, 0)
I/MediaPlayer.java( 1435): Info (704,0)
D/MediaPlayerService(  744): [8] notify (0x522e8, 200, 704, 0)
D/MstarPlayer(  744): percent: 0
W/MediaPlayer( 1435): info/warning (704, 0)
I/MediaPlayer.java( 1435): Info (704,0)
D/MediaPlayerService(  744): [8] notify (0x522e8, 200, 704, 0)
D/MstarPlayer(  744): percent: 0
W/MediaPlayer( 1435): info/warning (704, 0)
I/MediaPlayer.java( 1435): Info (704,0)
D/MediaPlayerService(  744): [8] notify (0x522e8, 200, 704, 0)
D/MstarPlayer(  744): percent: 0
W/MediaPlayer( 1435): info/warning (704, 0)
I/MediaPlayer.java( 1435): Info (704,0)
D/MediaPlayerService(  744): [8] notify (0x522e8, 200, 704, 0)
D/MstarPlayer(  744): percent: 0
W/MediaPlayer( 1435): info/warning (704, 0)
I/MediaPlayer.java( 1435): Info (704,0)
D/MediaPlayerService(  744): [8] notify (0x522e8, 200, 704, 0)
D/MstarPlayer(  744): percent: 0
W/MediaPlayer( 1435): info/warning (704, 0)
I/MediaPlayer.java( 1435): Info (704,0)
D/MediaPlayerService(  744): [8] notify (0x522e8, 200, 704, 0)
D/MstarPlayer(  744): percent: 0
W/MediaPlayer( 1435): info/warning (704, 0)
I/MediaPlayer.java( 1435): Info (704,0)
D/MediaPlayerService(  744): [8] notify (0x522e8, 200, 704, 0)
D/MstarPlayer(  744): percent: 0
W/MediaPlayer( 1435): info/warning (704, 0)
I/MediaPlayer.java( 1435): Info (704,0)
D/MediaPlayerService(  744): [8] notify (0x522e8, 200, 704, 0)
D/MstarPlayer(  744): percent: 0
W/MediaPlayer( 1435): info/warning (704, 0)
I/MediaPlayer.java( 1435): Info (704,0)
D/MediaPlayerService(  744): [8] notify (0x522e8, 200, 704, 0)
D/MstarPlayer(  744): percent: 0
W/MediaPlayer( 1435): info/warning (704, 0)
I/MediaPlayer.java( 1435): Info (704,0)
D/DataSource_M3U8(  744): 
D/DataSource_M3U8(  744):  Warnig::  getValidBufferLength()  <  Codec require !!!
D/MediaPlayerService(  744): [8] notify (0x522e8, 200, 704, 0)
D/MstarPlayer(  744): percent: 0
W/MediaPlayer( 1435): info/warning (704, 0)
I/MediaPlayer.java( 1435): Info (704,0)
D/MediaPlayerService(  744): [8] notify (0x522e8, 200, 704, 0)
D/MstarPlayer(  744): percent: 0
W/MediaPlayer( 1435): info/warning (704, 0)
I/MediaPlayer.java( 1435): Info (704,0)
D/MediaPlayerService(  744): [8] notify (0x522e8, 200, 704, 0)
D/MstarPlayer(  744): percent: 0
W/MediaPlayer( 1435): info/warning (704, 0)
I/MediaPlayer.java( 1435): Info (704,0)
D/MediaPlayerService(  744): [8] notify (0x522e8, 200, 704, 0)
D/MstarPlayer(  744): percent: 0
W/MediaPlayer( 1435): info/warning (704, 0)
I/MediaPlayer.java( 1435): Info (704,0)
D/MediaPlayerService(  744): [8] notify (0x522e8, 200, 704, 0)
D/MstarPlayer(  744): percent: 0
W/MediaPlayer( 1435): info/warning (704, 0)
I/MediaPlayer.java( 1435): Info (704,0)
D/MediaPlayerService(  744): [8] notify (0x522e8, 200, 704, 0)
D/MstarPlayer(  744): percent: 0
W/MediaPlayer( 1435): info/warning (704, 0)
I/MediaPlayer.java( 1435): Info (704,0)
D/MediaPlayerService(  744): [8] notify (0x522e8, 200, 704, 0)
D/MstarPlayer(  744): percent: 0
W/MediaPlayer( 1435): info/warning (704, 0)
I/MediaPlayer.java( 1435): Info (704,0)
D/MediaPlayerService(  744): [8] notify (0x522e8, 200, 704, 0)
D/MstarPlayer(  744): percent: 0
W/MediaPlayer( 1435): info/warning (704, 0)
I/MediaPlayer.java( 1435): Info (704,0)
D/MediaPlayerService(  744): [8] notify (0x522e8, 200, 704, 0)
D/MstarPlayer(  744): percent: 0
W/MediaPlayer( 1435): info/warning (704, 0)
I/MediaPlayer.java( 1435): Info (704,0)
D/MediaPlayerService(  744): [8] notify (0x522e8, 200, 704, 0)
D/MstarPlayer(  744): percent: 0
W/MediaPlayer( 1435): info/warning (704, 0)
I/MediaPlayer.java( 1435): Info (704,0)
D/MediaPlayerService(  744): [8] notify (0x522e8, 200, 704, 0)
D/MstarPlayer(  744): percent: 0
W/MediaPlayer( 1435): info/warning (704, 0)
I/MediaPlayer.java( 1435): Info (704,0)
D/MediaPlayerService(  744): [8] notify (0x522e8, 200, 704, 0)
D/MstarPlayer(  744): percent: 0
W/MediaPlayer( 1435): info/warning (704, 0)
I/MediaPlayer.java( 1435): Info (704,0)
D/MediaPlayerService(  744): [8] notify (0x522e8, 200, 704, 0)
D/MstarPlayer(  744): percent: 0
W/MediaPlayer( 1435): info/warning (704, 0)
I/MediaPlayer.java( 1435): Info (704,0)
D/dalvikvm( 1505): GC_CONCURRENT freed 500K, 77% free 1391K/6019K, paused 1ms+1ms
D/MediaPlayerService(  744): [8] notify (0x522e8, 200, 704, 0)
D/MstarPlayer(  744): percent: 0
W/MediaPlayer( 1435): info/warning (704, 0)
I/MediaPlayer.java( 1435): Info (704,0)
D/MediaPlayerService(  744): [8] notify (0x522e8, 200, 704, 0)
D/MstarPlayer(  744): percent: 0
W/MediaPlayer( 1435): info/warning (704, 0)
I/MediaPlayer.java( 1435): Info (704,0)
D/MediaPlayerService(  744): [8] notify (0x522e8, 200, 704, 0)
D/MstarPlayer(  744): percent: 0
W/MediaPlayer( 1435): info/warning (704, 0)
I/MediaPlayer.java( 1435): Info (704,0)
D/MediaPlayerService(  744): [8] notify (0x522e8, 200, 704, 0)
D/MstarPlayer(  744): percent: 0
W/MediaPlayer( 1435): info/warning (704, 0)
I/MediaPlayer.java( 1435): Info (704,0)
D/MediaPlayerService(  744): [8] notify (0x522e8, 200, 704, 0)
D/MstarPlayer(  744): percent: 0
W/MediaPlayer( 1435): info/warning (704, 0)
I/MediaPlayer.java( 1435): Info (704,0)
D/MediaPlayerService(  744): [8] notify (0x522e8, 200, 704, 0)
D/MstarPlayer(  744): percent: 0
W/MediaPlayer( 1435): info/warning (704, 0)
I/MediaPlayer.java( 1435): Info (704,0)
D/MediaPlayerService(  744): [8] notify (0x522e8, 200, 704, 0)
D/MstarPlayer(  744): percent: 0
W/MediaPlayer( 1435): info/warning (704, 0)
I/MediaPlayer.java( 1435): Info (704,0)
D/DataSource_M3U8(  744): 
D/DataSource_M3U8(  744):  Warnig::  getValidBufferLength()  <  Codec require !!!
D/MediaPlayerService(  744): [8] notify (0x522e8, 200, 704, 0)
D/MstarPlayer(  744): percent: 0
W/MediaPlayer( 1435): info/warning (704, 0)
I/MediaPlayer.java( 1435): Info (704,0)
D/MediaPlayerService(  744): [8] notify (0x522e8, 200, 704, 0)
D/MstarPlayer(  744): percent: 0
W/MediaPlayer( 1435): info/warning (704, 0)
I/MediaPlayer.java( 1435): Info (704,0)
D/MediaPlayerService(  744): [8] notify (0x522e8, 200, 704, 0)
D/MstarPlayer(  744): percent: 0
W/MediaPlayer( 1435): info/warning (704, 0)
I/MediaPlayer.java( 1435): Info (704,0)
D/MediaPlayerService(  744): [8] notify (0x522e8, 200, 704, 0)
D/MstarPlayer(  744): percent: 0
W/MediaPlayer( 1435): info/warning (704, 0)
I/MediaPlayer.java( 1435): Info (704,0)
D/MediaPlayerService(  744): [8] notify (0x522e8, 200, 704, 0)
D/MstarPlayer(  744): percent: 0
W/MediaPlayer( 1435): info/warning (704, 0)
I/MediaPlayer.java( 1435): Info (704,0)
D/MediaPlayerService(  744): [8] notify (0x522e8, 200, 704, 0)
D/MstarPlayer(  744): percent: 0
W/MediaPlayer( 1435): info/warning (704, 0)
I/MediaPlayer.java( 1435): Info (704,0)
D/MediaPlayerService(  744): [8] notify (0x522e8, 200, 704, 0)
D/MstarPlayer(  744): percent: 0
W/MediaPlayer( 1435): info/warning (704, 0)
I/MediaPlayer.java( 1435): Info (704,0)
D/MediaPlayerService(  744): [8] notify (0x522e8, 200, 704, 0)
D/MstarPlayer(  744): percent: 0
W/MediaPlayer( 1435): info/warning (704, 0)
I/MediaPlayer.java( 1435): Info (704,0)
D/MediaPlayerService(  744): [8] notify (0x522e8, 200, 704, 0)
D/MstarPlayer(  744): percent: 0
W/MediaPlayer( 1435): info/warning (704, 0)
I/MediaPlayer.java( 1435): Info (704,0)
D/HomePlayerLib( 1505): hostaddress count is 1
D/dalvikvm( 1505): GC_CONCURRENT freed 469K, 78% free 1376K/6019K, paused 1ms+1ms
D/MediaPlayerService(  744): [8] notify (0x522e8, 200, 704, 0)
D/MstarPlayer(  744): percent: 0
W/MediaPlayer( 1435): info/warning (704, 0)
I/MediaPlayer.java( 1435): Info (704,0)
D/dalvikvm( 1505): GC_CONCURRENT freed 464K, 77% free 1395K/6019K, paused 1ms+1ms
D/MediaPlayerService(  744): [8] notify (0x522e8, 200, 704, 0)
D/MstarPlayer(  744): percent: 0
W/MediaPlayer( 1435): info/warning (704, 0)
I/MediaPlayer.java( 1435): Info (704,0)
D/dalvikvm( 1505): GC_CONCURRENT freed 486K, 77% free 1404K/6019K, paused 1ms+2ms
D/MediaPlayerService(  744): [8] notify (0x522e8, 200, 704, 0)
D/MstarPlayer(  744): percent: 0
W/MediaPlayer( 1435): info/warning (704, 0)
I/MediaPlayer.java( 1435): Info (704,0)
D/MediaPlayerService(  744): [8] notify (0x522e8, 200, 704, 0)
D/MstarPlayer(  744): percent: 0
W/MediaPlayer( 1435): info/warning (704, 0)
I/MediaPlayer.java( 1435): Info (704,0)
D/MediaPlayerService(  744): [8] notify (0x522e8, 200, 704, 0)
D/MstarPlayer(  744): percent: 0
W/MediaPlayer( 1435): info/warning (704, 0)
I/MediaPlayer.java( 1435): Info (704,0)
D/MediaPlayerService(  744): [8] notify (0x522e8, 200, 704, 0)
D/MstarPlayer(  744): percent: 0
W/MediaPlayer( 1435): info/warning (704, 0)
I/MediaPlayer.java( 1435): Info (704,0)
D/dalvikvm( 1505): GC_CONCURRENT freed 481K, 77% free 1415K/6019K, paused 1ms+1ms
D/MediaPlayerService(  744): [8] notify (0x522e8, 200, 704, 0)
D/MstarPlayer(  744): percent: 0
W/MediaPlayer( 1435): info/warning (704, 0)
I/MediaPlayer.java( 1435): Info (704,0)
D/MediaPlayerService(  744): [8] notify (0x522e8, 200, 704, 0)
D/MstarPlayer(  744): percent: 0
W/MediaPlayer( 1435): info/warning (704, 0)
I/MediaPlayer.java( 1435): Info (704,0)
D/dalvikvm( 1505): GC_CONCURRENT freed 489K, 77% free 1440K/6019K, paused 1ms+1ms
D/MediaPlayerService(  744): [8] notify (0x522e8, 200, 704, 0)
D/MstarPlayer(  744): percent: 0
W/MediaPlayer( 1435): info/warning (704, 0)
I/MediaPlayer.java( 1435): Info (704,0)
D/dalvikvm( 1505): GC_CONCURRENT freed 514K, 78% free 1341K/6019K, paused 1ms+1ms
D/MediaPlayerService(  744): [8] notify (0x522e8, 200, 704, 0)
D/MstarPlayer(  744): percent: 0
W/MediaPlayer( 1435): info/warning (704, 0)
I/MediaPlayer.java( 1435): Info (704,0)
D/MediaPlayerService(  744): [8] notify (0x522e8, 200, 704, 0)
D/MstarPlayer(  744): percent: 0
W/MediaPlayer( 1435): info/warning (704, 0)
I/MediaPlayer.java( 1435): Info (704,0)
D/DataSource_M3U8(  744): 
D/DataSource_M3U8(  744):  Warnig::  getValidBufferLength()  <  Codec require !!!
D/MediaPlayerService(  744): [8] notify (0x522e8, 200, 704, 0)
D/MstarPlayer(  744): percent: 0
W/MediaPlayer( 1435): info/warning (704, 0)
I/MediaPlayer.java( 1435): Info (704,0)
D/dalvikvm( 1505): GC_CONCURRENT freed 416K, 77% free 1403K/6019K, paused 1ms+1ms
D/MediaPlayerService(  744): [8] notify (0x522e8, 200, 704, 0)
D/MstarPlayer(  744): percent: 0
W/MediaPlayer( 1435): info/warning (704, 0)
I/MediaPlayer.java( 1435): Info (704,0)
D/MediaPlayerService(  744): [8] notify (0x522e8, 200, 704, 0)
D/MstarPlayer(  744): percent: 0
W/MediaPlayer( 1435): info/warning (704, 0)
I/MediaPlayer.java( 1435): Info (704,0)
D/MediaPlayerService(  744): [8] notify (0x522e8, 200, 704, 0)
D/MstarPlayer(  744): percent: 0
W/MediaPlayer( 1435): info/warning (704, 0)
I/MediaPlayer.java( 1435): Info (704,0)
D/MediaPlayerService(  744): [8] notify (0x522e8, 200, 704, 0)
D/MstarPlayer(  744): percent: 0
W/MediaPlayer( 1435): info/warning (704, 0)
I/MediaPlayer.java( 1435): Info (704,0)
D/dalvikvm( 1505): GC_CONCURRENT freed 489K, 77% free 1399K/6019K, paused 1ms+1ms
D/MediaPlayerService(  744): [8] notify (0x522e8, 200, 704, 0)
D/MstarPlayer(  744): percent: 0
W/MediaPlayer( 1435): info/warning (704, 0)
I/MediaPlayer.java( 1435): Info (704,0)
D/MediaPlayerService(  744): [8] notify (0x522e8, 200, 704, 0)
D/MstarPlayer(  744): percent: 0
W/MediaPlayer( 1435): info/warning (704, 0)
I/MediaPlayer.java( 1435): Info (704,0)
D/MediaPlayerService(  744): [8] notify (0x522e8, 200, 704, 0)
D/MstarPlayer(  744): percent: 0
W/MediaPlayer( 1435): info/warning (704, 0)
I/MediaPlayer.java( 1435): Info (704,0)
D/dalvikvm( 1505): GC_CONCURRENT freed 478K, 78% free 1361K/6019K, paused 1ms+1ms
D/MediaPlayerService(  744): [8] notify (0x522e8, 200, 704, 0)
D/MstarPlayer(  744): percent: 0
W/MediaPlayer( 1435): info/warning (704, 0)
I/MediaPlayer.java( 1435): Info (704,0)
D/MediaPlayerService(  744): [8] notify (0x522e8, 200, 704, 0)
D/MstarPlayer(  744): percent: 0
W/MediaPlayer( 1435): info/warning (704, 0)
I/MediaPlayer.java( 1435): Info (704,0)
D/MediaPlayerService(  744): [8] notify (0x522e8, 200, 704, 0)
D/MstarPlayer(  744): percent: 0
W/MediaPlayer( 1435): info/warning (704, 0)
I/MediaPlayer.java( 1435): Info (704,0)
D/MediaPlayerService(  744): [8] notify (0x522e8, 200, 704, 0)
D/MstarPlayer(  744): percent: 0
W/MediaPlayer( 1435): info/warning (704, 0)
I/MediaPlayer.java( 1435): Info (704,0)
D/dalvikvm( 1505): GC_CONCURRENT freed 426K, 78% free 1335K/6019K, paused 1ms+1ms
D/MediaPlayerService(  744): [8] notify (0x522e8, 200, 704, 0)
D/MstarPlayer(  744): percent: 0
W/MediaPlayer( 1435): info/warning (704, 0)
I/MediaPlayer.java( 1435): Info (704,0)
D/MediaPlayerService(  744): [8] notify (0x522e8, 200, 704, 0)
D/MstarPlayer(  744): percent: 0
W/MediaPlayer( 1435): info/warning (704, 0)
I/MediaPlayer.java( 1435): Info (704,0)
D/MediaPlayerService(  744): [8] notify (0x522e8, 200, 704, 0)
D/MstarPlayer(  744): percent: 0
W/MediaPlayer( 1435): info/warning (704, 0)
I/MediaPlayer.java( 1435): Info (704,0)
D/MediaPlayerService(  744): [8] notify (0x522e8, 200, 704, 0)
D/MstarPlayer(  744): percent: 0
W/MediaPlayer( 1435): info/warning (704, 0)
I/MediaPlayer.java( 1435): Info (704,0)
D/dalvikvm( 1505): GC_CONCURRENT freed 395K, 77% free 1420K/6019K, paused 1ms+1ms
D/MediaPlayerService(  744): [8] notify (0x522e8, 200, 704, 0)
D/MstarPlayer(  744): percent: 0
W/MediaPlayer( 1435): info/warning (704, 0)
I/MediaPlayer.java( 1435): Info (704,0)
D/MediaPlayerService(  744): [8] notify (0x522e8, 200, 704, 0)
D/MstarPlayer(  744): percent: 0
W/MediaPlayer( 1435): info/warning (704, 0)
I/MediaPlayer.java( 1435): Info (704,0)
D/MediaPlayerService(  744): [8] notify (0x522e8, 200, 704, 0)
D/MstarPlayer(  744): percent: 0
W/MediaPlayer( 1435): info/warning (704, 0)
I/MediaPlayer.java( 1435): Info (704,0)
D/MediaPlayerService(  744): [8] notify (0x522e8, 200, 704, 0)
D/MstarPlayer(  744): percent: 0
W/MediaPlayer( 1435): info/warning (704, 0)
I/MediaPlayer.java( 1435): Info (704,0)
D/DataSource_M3U8(  744): 
D/DataSource_M3U8(  744):  Warnig::  getValidBufferLength()  <  Codec require !!!
D/MediaPlayerService(  744): [8] notify (0x522e8, 200, 704, 0)
D/MstarPlayer(  744): percent: 0
W/MediaPlayer( 1435): info/warning (704, 0)
I/MediaPlayer.java( 1435): Info (704,0)
D/dalvikvm( 1505): GC_CONCURRENT freed 485K, 78% free 1330K/6019K, paused 1ms+1ms
D/MediaPlayerService(  744): [8] notify (0x522e8, 200, 704, 0)
D/MstarPlayer(  744): percent: 0
W/MediaPlayer( 1435): info/warning (704, 0)
I/MediaPlayer.java( 1435): Info (704,0)
D/MediaPlayerService(  744): [8] notify (0x522e8, 200, 704, 0)
D/MstarPlayer(  744): percent: 0
W/MediaPlayer( 1435): info/warning (704, 0)
I/MediaPlayer.java( 1435): Info (704,0)
D/MediaPlayerService(  744): [8] notify (0x522e8, 200, 704, 0)
D/MstarPlayer(  744): percent: 0
W/MediaPlayer( 1435): info/warning (704, 0)
I/MediaPlayer.java( 1435): Info (704,0)
D/dalvikvm( 1505): GC_CONCURRENT freed 397K, 78% free 1328K/6019K, paused 0ms+1ms
D/MediaPlayerService(  744): [8] notify (0x522e8, 200, 704, 0)
D/MstarPlayer(  744): percent: 0
W/MediaPlayer( 1435): info/warning (704, 0)
I/MediaPlayer.java( 1435): Info (704,0)
D/MediaPlayerService(  744): [8] notify (0x522e8, 200, 704, 0)
D/MstarPlayer(  744): percent: 0
W/MediaPlayer( 1435): info/warning (704, 0)
I/MediaPlayer.java( 1435): Info (704,0)
D/MediaPlayerService(  744): [8] notify (0x522e8, 200, 704, 0)
D/MstarPlayer(  744): percent: 0
W/MediaPlayer( 1435): info/warning (704, 0)
I/MediaPlayer.java( 1435): Info (704,0)
D/dalvikvm( 1505): GC_CONCURRENT freed 394K, 79% free 1319K/6019K, paused 1ms+2ms
D/MediaPlayerService(  744): [8] notify (0x522e8, 200, 704, 0)
D/MstarPlayer(  744): percent: 0
W/MediaPlayer( 1435): info/warning (704, 0)
I/MediaPlayer.java( 1435): Info (704,0)
D/MediaPlayerService(  744): [8] notify (0x522e8, 200, 704, 0)
D/MstarPlayer(  744): percent: 0
W/MediaPlayer( 1435): info/warning (704, 0)
I/MediaPlayer.java( 1435): Info (704,0)
D/MediaPlayerService(  744): [8] notify (0x522e8, 200, 704, 0)
D/MstarPlayer(  744): percent: 0
W/MediaPlayer( 1435): info/warning (704, 0)
I/MediaPlayer.java( 1435): Info (704,0)
D/dalvikvm( 1505): GC_CONCURRENT freed 394K, 78% free 1328K/6019K, paused 1ms+1ms
D/MediaPlayerService(  744): [8] notify (0x522e8, 200, 704, 0)
D/MstarPlayer(  744): percent: 0
W/MediaPlayer( 1435): info/warning (704, 0)
I/MediaPlayer.java( 1435): Info (704,0)
D/MediaPlayerService(  744): [8] notify (0x522e8, 200, 704, 0)
D/MstarPlayer(  744): percent: 0
W/MediaPlayer( 1435): info/warning (704, 0)
I/MediaPlayer.java( 1435): Info (704,0)
D/MediaPlayerService(  744): [8] notify (0x522e8, 200, 704, 0)
D/MstarPlayer(  744): percent: 0
W/MediaPlayer( 1435): info/warning (704, 0)
I/MediaPlayer.java( 1435): Info (704,0)
D/dalvikvm( 1505): GC_CONCURRENT freed 394K, 77% free 1411K/6019K, paused 1ms+2ms
D/MediaPlayerService(  744): [8] notify (0x522e8, 200, 704, 0)
D/MstarPlayer(  744): percent: 0
W/MediaPlayer( 1435): info/warning (704, 0)
I/MediaPlayer.java( 1435): Info (704,0)
D/MediaPlayerService(  744): [8] notify (0x522e8, 200, 704, 0)
D/MstarPlayer(  744): percent: 0
W/MediaPlayer( 1435): info/warning (704, 0)
I/MediaPlayer.java( 1435): Info (704,0)
D/MediaPlayerService(  744): [8] notify (0x522e8, 200, 704, 0)
D/MstarPlayer(  744): percent: 0
W/MediaPlayer( 1435): info/warning (704, 0)
I/MediaPlayer.java( 1435): Info (704,0)
D/dalvikvm( 1505): GC_CONCURRENT freed 475K, 78% free 1352K/6019K, paused 1ms+1ms
D/MediaPlayerService(  744): [8] notify (0x522e8, 200, 704, 0)
D/MstarPlayer(  744): percent: 0
W/MediaPlayer( 1435): info/warning (704, 0)
I/MediaPlayer.java( 1435): Info (704,0)
D/MediaPlayerService(  744): [8] notify (0x522e8, 200, 704, 0)
D/MstarPlayer(  744): percent: 0
W/MediaPlayer( 1435): info/warning (704, 0)
I/MediaPlayer.java( 1435): Info (704,0)
D/MediaPlayerService(  744): [8] notify (0x522e8, 200, 704, 0)
D/MstarPlayer(  744): percent: 0
W/MediaPlayer( 1435): info/warning (704, 0)
I/MediaPlayer.java( 1435): Info (704,0)
D/DataSource_M3U8(  744): 
D/DataSource_M3U8(  744):  Warnig::  getValidBufferLength()  <  Codec require !!!
D/MediaPlayerService(  744): [8] notify (0x522e8, 200, 704, 0)
D/MstarPlayer(  744): percent: 0
W/MediaPlayer( 1435): info/warning (704, 0)
I/MediaPlayer.java( 1435): Info (704,0)
D/MediaPlayerService(  744): [8] notify (0x522e8, 200, 704, 0)
D/MstarPlayer(  744): percent: 0
W/MediaPlayer( 1435): info/warning (704, 0)
I/MediaPlayer.java( 1435): Info (704,0)
D/dalvikvm( 1505): GC_CONCURRENT freed 419K, 77% free 1430K/6019K, paused 1ms+1ms
D/MediaPlayerService(  744): [8] notify (0x522e8, 200, 704, 0)
D/MstarPlayer(  744): percent: 0
W/MediaPlayer( 1435): info/warning (704, 0)
I/MediaPlayer.java( 1435): Info (704,0)
D/MediaPlayerService(  744): [8] notify (0x522e8, 200, 704, 0)
D/MstarPlayer(  744): percent: 0
W/MediaPlayer( 1435): info/warning (704, 0)
I/MediaPlayer.java( 1435): Info (704,0)
D/MediaPlayerService(  744): [8] notify (0x522e8, 200, 704, 0)
D/MstarPlayer(  744): percent: 0
W/MediaPlayer( 1435): info/warning (704, 0)
I/MediaPlayer.java( 1435): Info (704,0)
D/dalvikvm( 1505): GC_CONCURRENT freed 489K, 77% free 1439K/6019K, paused 1ms+1ms
D/MediaPlayerService(  744): [8] notify (0x522e8, 200, 704, 0)
D/MstarPlayer(  744): percent: 0
W/MediaPlayer( 1435): info/warning (704, 0)
I/MediaPlayer.java( 1435): Info (704,0)
D/MediaPlayerService(  744): [8] notify (0x522e8, 200, 704, 0)
D/MstarPlayer(  744): percent: 0
W/MediaPlayer( 1435): info/warning (704, 0)
I/MediaPlayer.java( 1435): Info (704,0)
D/MediaPlayerService(  744): [8] notify (0x522e8, 200, 704, 0)
D/MstarPlayer(  744): percent: 0
W/MediaPlayer( 1435): info/warning (704, 0)
I/MediaPlayer.java( 1435): Info (704,0)
D/dalvikvm( 1505): GC_CONCURRENT freed 514K, 78% free 1339K/6019K, paused 1ms+1ms
D/MediaPlayerService(  744): [8] notify (0x522e8, 200, 704, 0)
D/MstarPlayer(  744): percent: 0
W/MediaPlayer( 1435): info/warning (704, 0)
I/MediaPlayer.java( 1435): Info (704,0)
D/MediaPlayerService(  744): [8] notify (0x522e8, 200, 704, 0)
D/MstarPlayer(  744): percent: 0
W/MediaPlayer( 1435): info/warning (704, 0)
I/MediaPlayer.java( 1435): Info (704,0)
D/MediaPlayerService(  744): [8] notify (0x522e8, 200, 704, 0)
D/MstarPlayer(  744): percent: 0
W/MediaPlayer( 1435): info/warning (704, 0)
I/MediaPlayer.java( 1435): Info (704,0)
D/MediaPlayerService(  744): [8] notify (0x522e8, 200, 704, 0)
D/MstarPlayer(  744): percent: 0
W/MediaPlayer( 1435): info/warning (704, 0)
I/MediaPlayer.java( 1435): Info (704,0)
D/MediaPlayerService(  744): [8] notify (0x522e8, 200, 704, 0)
D/MstarPlayer(  744): percent: 0
W/MediaPlayer( 1435): info/warning (704, 0)
I/MediaPlayer.java( 1435): Info (704,0)
D/dalvikvm( 1505): GC_CONCURRENT freed 404K, 79% free 1320K/6019K, paused 1ms+1ms
D/MediaPlayerService(  744): [8] notify (0x522e8, 200, 704, 0)
D/MstarPlayer(  744): percent: 0
W/MediaPlayer( 1435): info/warning (704, 0)
I/MediaPlayer.java( 1435): Info (704,0)
D/MediaPlayerService(  744): [8] notify (0x522e8, 200, 704, 0)
D/MstarPlayer(  744): percent: 0
W/MediaPlayer( 1435): info/warning (704, 0)
I/MediaPlayer.java( 1435): Info (704,0)
D/MediaPlayerService(  744): [8] notify (0x522e8, 200, 704, 0)
D/MstarPlayer(  744): percent: 0
W/MediaPlayer( 1435): info/warning (704, 0)
I/MediaPlayer.java( 1435): Info (704,0)
D/MediaPlayerService(  744): [8] notify (0x522e8, 200, 704, 0)
D/MstarPlayer(  744): percent: 0
W/MediaPlayer( 1435): info/warning (704, 0)
I/MediaPlayer.java( 1435): Info (704,0)
D/dalvikvm( 1505): GC_CONCURRENT freed 395K, 77% free 1433K/6019K, paused 1ms+1ms
D/MediaPlayerService(  744): [8] notify (0x522e8, 200, 704, 0)
D/MstarPlayer(  744): percent: 0
W/MediaPlayer( 1435): info/warning (704, 0)
I/MediaPlayer.java( 1435): Info (704,0)
D/MediaPlayerService(  744): [8] notify (0x522e8, 200, 704, 0)
D/MstarPlayer(  744): percent: 0
W/MediaPlayer( 1435): info/warning (704, 0)
I/MediaPlayer.java( 1435): Info (704,0)
D/MediaPlayerService(  744): [8] notify (0x522e8, 200, 704, 0)
D/MstarPlayer(  744): percent: 0
W/MediaPlayer( 1435): info/warning (704, 0)
I/MediaPlayer.java( 1435): Info (704,0)
D/dalvikvm( 1505): GC_CONCURRENT freed 485K, 76% free 1459K/6019K, paused 1ms+1ms
D/DataSource_M3U8(  744): 
D/DataSource_M3U8(  744):  Warnig::  getValidBufferLength()  <  Codec require !!!
D/MediaPlayerService(  744): [8] notify (0x522e8, 200, 704, 0)
D/MstarPlayer(  744): percent: 0
W/MediaPlayer( 1435): info/warning (704, 0)
I/MediaPlayer.java( 1435): Info (704,0)
D/MediaPlayerService(  744): [8] notify (0x522e8, 200, 704, 0)
D/MstarPlayer(  744): percent: 0
W/MediaPlayer( 1435): info/warning (704, 0)
I/MediaPlayer.java( 1435): Info (704,0)
D/MediaPlayerService(  744): [8] notify (0x522e8, 200, 704, 0)
D/MstarPlayer(  744): percent: 0
W/MediaPlayer( 1435): info/warning (704, 0)
I/MediaPlayer.java( 1435): Info (704,0)
D/MediaPlayerService(  744): [8] notify (0x522e8, 200, 704, 0)
D/MstarPlayer(  744): percent: 0
W/MediaPlayer( 1435): info/warning (704, 0)
I/MediaPlayer.java( 1435): Info (704,0)
D/MediaPlayerService(  744): [8] notify (0x522e8, 200, 704, 0)
D/MstarPlayer(  744): percent: 0
W/MediaPlayer( 1435): info/warning (704, 0)
I/MediaPlayer.java( 1435): Info (704,0)
D/dalvikvm( 1505): GC_CONCURRENT freed 526K, 77% free 1432K/6019K, paused 0ms+1ms
D/MediaPlayerService(  744): [8] notify (0x522e8, 200, 704, 0)
D/MstarPlayer(  744): percent: 0
W/MediaPlayer( 1435): info/warning (704, 0)
I/MediaPlayer.java( 1435): Info (704,0)
D/MediaPlayerService(  744): [8] notify (0x522e8, 200, 704, 0)
D/MstarPlayer(  744): percent: 0
W/MediaPlayer( 1435): info/warning (704, 0)
I/MediaPlayer.java( 1435): Info (704,0)
D/MediaPlayerService(  744): [8] notify (0x522e8, 200, 704, 0)
D/MstarPlayer(  744): percent: 0
W/MediaPlayer( 1435): info/warning (704, 0)
I/MediaPlayer.java( 1435): Info (704,0)
D/dalvikvm( 1505): GC_CONCURRENT freed 490K, 77% free 1417K/6019K, paused 1ms+1ms
D/MediaPlayerService(  744): [8] notify (0x522e8, 200, 704, 0)
D/MstarPlayer(  744): percent: 0
W/MediaPlayer( 1435): info/warning (704, 0)
I/MediaPlayer.java( 1435): Info (704,0)
D/MediaPlayerService(  744): [8] notify (0x522e8, 200, 704, 0)
D/MstarPlayer(  744): percent: 0
W/MediaPlayer( 1435): info/warning (704, 0)
I/MediaPlayer.java( 1435): Info (704,0)
D/MediaPlayerService(  744): [8] notify (0x522e8, 200, 704, 0)
D/MstarPlayer(  744): percent: 0
W/MediaPlayer( 1435): info/warning (704, 0)
I/MediaPlayer.java( 1435): Info (704,0)
D/dalvikvm( 1505): GC_CONCURRENT freed 475K, 78% free 1333K/6019K, paused 1ms+1ms
D/MediaPlayerService(  744): [8] notify (0x522e8, 200, 704, 0)
D/MstarPlayer(  744): percent: 0
W/MediaPlayer( 1435): info/warning (704, 0)
I/MediaPlayer.java( 1435): Info (704,0)
D/MediaPlayerService(  744): [8] notify (0x522e8, 200, 704, 0)
D/MstarPlayer(  744): percent: 0
W/MediaPlayer( 1435): info/warning (704, 0)
I/MediaPlayer.java( 1435): Info (704,0)
D/MediaPlayerService(  744): [8] notify (0x522e8, 200, 704, 0)
D/MstarPlayer(  744): percent: 0
W/MediaPlayer( 1435): info/warning (704, 0)
I/MediaPlayer.java( 1435): Info (704,0)
D/dalvikvm( 1505): GC_CONCURRENT freed 393K, 78% free 1332K/6019K, paused 1ms+1ms
D/MediaPlayerService(  744): [8] notify (0x522e8, 200, 704, 0)
D/MstarPlayer(  744): percent: 0
W/MediaPlayer( 1435): info/warning (704, 0)
I/MediaPlayer.java( 1435): Info (704,0)
D/MediaPlayerService(  744): [8] notify (0x522e8, 200, 704, 0)
D/MstarPlayer(  744): percent: 0
W/MediaPlayer( 1435): info/warning (704, 0)
I/MediaPlayer.java( 1435): Info (704,0)
D/MediaPlayerService(  744): [8] notify (0x522e8, 200, 704, 0)
D/MstarPlayer(  744): percent: 0
W/MediaPlayer( 1435): info/warning (704, 0)
I/MediaPlayer.java( 1435): Info (704,0)
D/MediaPlayerService(  744): [8] notify (0x522e8, 200, 704, 0)
D/MstarPlayer(  744): percent: 0
W/MediaPlayer( 1435): info/warning (704, 0)
I/MediaPlayer.java( 1435): Info (704,0)
D/MediaPlayerService(  744): [8] notify (0x522e8, 200, 704, 0)
D/MstarPlayer(  744): percent: 0
W/MediaPlayer( 1435): info/warning (704, 0)
I/MediaPlayer.java( 1435): Info (704,0)
D/MediaPlayerService(  744): [8] notify (0x522e8, 200, 704, 0)
D/MstarPlayer(  744): percent: 0
W/MediaPlayer( 1435): info/warning (704, 0)
I/MediaPlayer.java( 1435): Info (704,0)
D/DataSource_M3U8(  744): 
D/DataSource_M3U8(  744):  Warnig::  getValidBufferLength()  <  Codec require !!!
D/MediaPlayerService(  744): [8] notify (0x522e8, 200, 704, 0)
D/MstarPlayer(  744): percent: 0
W/MediaPlayer( 1435): info/warning (704, 0)
I/MediaPlayer.java( 1435): Info (704,0)
D/MediaPlayerService(  744): [8] notify (0x522e8, 200, 704, 0)
W/MediaPlayer( 1435): info/warning (704, 0)
I/MediaPlayer.java( 1435): Info (704,0)
D/MstarPlayer(  744): percent: 0
D/MediaPlayerService(  744): [8] notify (0x522e8, 200, 704, 0)
D/MstarPlayer(  744): percent: 0
W/MediaPlayer( 1435): info/warning (704, 0)
I/MediaPlayer.java( 1435): Info (704,0)
D/MediaPlayerService(  744): [8] notify (0x522e8, 200, 704, 0)
D/MstarPlayer(  744): percent: 0
W/MediaPlayer( 1435): info/warning (704, 0)
I/MediaPlayer.java( 1435): Info (704,0)
D/MediaPlayerService(  744): [8] notify (0x522e8, 200, 704, 0)
D/MstarPlayer(  744): percent: 0
W/MediaPlayer( 1435): info/warning (704, 0)
I/MediaPlayer.java( 1435): Info (704,0)
D/MediaPlayerService(  744): [8] notify (0x522e8, 200, 704, 0)
D/MstarPlayer(  744): percent: 0
W/MediaPlayer( 1435): info/warning (704, 0)
I/MediaPlayer.java( 1435): Info (704,0)
D/MediaPlayerService(  744): [8] notify (0x522e8, 200, 704, 0)
D/MstarPlayer(  744): percent: 0
W/MediaPlayer( 1435): info/warning (704, 0)
I/MediaPlayer.java( 1435): Info (704,0)
D/MediaPlayerService(  744): [8] notify (0x522e8, 200, 704, 0)
D/MstarPlayer(  744): percent: 0
W/MediaPlayer( 1435): info/warning (704, 0)
I/MediaPlayer.java( 1435): Info (704,0)
D/MediaPlayerService(  744): [8] notify (0x522e8, 200, 704, 0)
D/MstarPlayer(  744): percent: 0
W/MediaPlayer( 1435): info/warning (704, 0)
I/MediaPlayer.java( 1435): Info (704,0)
D/MediaPlayerService(  744): [8] notify (0x522e8, 200, 704, 0)
D/MstarPlayer(  744): percent: 0
W/MediaPlayer( 1435): info/warning (704, 0)
I/MediaPlayer.java( 1435): Info (704,0)
D/MediaPlayerService(  744): [8] notify (0x522e8, 200, 704, 0)
D/MstarPlayer(  744): percent: 0
W/MediaPlayer( 1435): info/warning (704, 0)
I/MediaPlayer.java( 1435): Info (704,0)
D/MediaPlayerService(  744): [8] notify (0x522e8, 200, 704, 0)
D/MstarPlayer(  744): percent: 0
W/MediaPlayer( 1435): info/warning (704, 0)
I/MediaPlayer.java( 1435): Info (704,0)
D/dalvikvm( 1505): GC_CONCURRENT freed 402K, 79% free 1321K/6019K, paused 1ms+1ms
D/MediaPlayerService(  744): [8] notify (0x522e8, 200, 704, 0)
D/MstarPlayer(  744): percent: 0
W/MediaPlayer( 1435): info/warning (704, 0)
I/MediaPlayer.java( 1435): Info (704,0)
D/MediaPlayerService(  744): [8] notify (0x522e8, 200, 704, 0)
D/MstarPlayer(  744): percent: 0
W/MediaPlayer( 1435): info/warning (704, 0)
I/MediaPlayer.java( 1435): Info (704,0)
D/MediaPlayerService(  744): [8] notify (0x522e8, 200, 704, 0)
D/MstarPlayer(  744): percent: 0
W/MediaPlayer( 1435): info/warning (704, 0)
I/MediaPlayer.java( 1435): Info (704,0)
D/dalvikvm( 1505): GC_CONCURRENT freed 394K, 77% free 1386K/6019K, paused 1ms+1ms
D/MediaPlayerService(  744): [8] notify (0x522e8, 200, 704, 0)
D/MstarPlayer(  744): percent: 0
W/MediaPlayer( 1435): info/warning (704, 0)
I/MediaPlayer.java( 1435): Info (704,0)
D/MediaPlayerService(  744): [8] notify (0x522e8, 200, 704, 0)
D/MstarPlayer(  744): percent: 0
W/MediaPlayer( 1435): info/warning (704, 0)
I/MediaPlayer.java( 1435): Info (704,0)
D/MediaPlayerService(  744): [8] notify (0x522e8, 200, 704, 0)
D/MstarPlayer(  744): percent: 0
W/MediaPlayer( 1435): info/warning (704, 0)
I/MediaPlayer.java( 1435): Info (704,0)
D/dalvikvm( 1505): GC_CONCURRENT freed 447K, 78% free 1333K/6019K, paused 1ms+2ms
D/MediaPlayerService(  744): [8] notify (0x522e8, 200, 704, 0)
D/MstarPlayer(  744): percent: 0
W/MediaPlayer( 1435): info/warning (704, 0)
I/MediaPlayer.java( 1435): Info (704,0)
D/MediaPlayerService(  744): [8] notify (0x522e8, 200, 704, 0)
D/MstarPlayer(  744): percent: 0
W/MediaPlayer( 1435): info/warning (704, 0)
I/MediaPlayer.java( 1435): Info (704,0)
D/DataSource_M3U8(  744): 
D/DataSource_M3U8(  744):  Warnig::  getValidBufferLength()  <  Codec require !!!
D/MediaPlayerService(  744): [8] notify (0x522e8, 200, 704, 0)
D/MstarPlayer(  744): percent: 0
W/MediaPlayer( 1435): info/warning (704, 0)
I/MediaPlayer.java( 1435): Info (704,0)
D/MediaPlayerService(  744): [8] notify (0x522e8, 200, 704, 0)
D/MstarPlayer(  744): percent: 0
W/MediaPlayer( 1435): info/warning (704, 0)
I/MediaPlayer.java( 1435): Info (704,0)
D/MediaPlayerService(  744): [8] notify (0x522e8, 200, 704, 0)
D/MstarPlayer(  744): percent: 0
W/MediaPlayer( 1435): info/warning (704, 0)
I/MediaPlayer.java( 1435): Info (704,0)
D/MediaPlayerService(  744): [8] notify (0x522e8, 200, 704, 0)
D/MstarPlayer(  744): percent: 0
W/MediaPlayer( 1435): info/warning (704, 0)
I/MediaPlayer.java( 1435): Info (704,0)
D/MediaPlayerService(  744): [8] notify (0x522e8, 200, 704, 0)
D/MstarPlayer(  744): percent: 0
W/MediaPlayer( 1435): info/warning (704, 0)
I/MediaPlayer.java( 1435): Info (704,0)
D/MediaPlayerService(  744): [8] notify (0x522e8, 200, 704, 0)
D/MstarPlayer(  744): percent: 0
W/MediaPlayer( 1435): info/warning (704, 0)
I/MediaPlayer.java( 1435): Info (704,0)
D/MediaPlayerService(  744): [8] notify (0x522e8, 200, 704, 0)
D/MstarPlayer(  744): percent: 0
W/MediaPlayer( 1435): info/warning (704, 0)
I/MediaPlayer.java( 1435): Info (704,0)
D/MediaPlayerService(  744): [8] notify (0x522e8, 200, 704, 0)
D/MstarPlayer(  744): percent: 0
W/MediaPlayer( 1435): info/warning (704, 0)
I/MediaPlayer.java( 1435): Info (704,0)
D/dalvikvm( 1505): GC_CONCURRENT freed 393K, 78% free 1332K/6019K, paused 1ms+1ms
D/MediaPlayerService(  744): [8] notify (0x522e8, 200, 704, 0)
D/MstarPlayer(  744): percent: 0
W/MediaPlayer( 1435): info/warning (704, 0)
I/MediaPlayer.java( 1435): Info (704,0)
D/MediaPlayerService(  744): [8] notify (0x522e8, 200, 704, 0)
D/MstarPlayer(  744): percent: 0
W/MediaPlayer( 1435): info/warning (704, 0)
I/MediaPlayer.java( 1435): Info (704,0)
D/MediaPlayerService(  744): [8] notify (0x522e8, 200, 704, 0)
D/MstarPlayer(  744): percent: 0
W/MediaPlayer( 1435): info/warning (704, 0)
I/MediaPlayer.java( 1435): Info (704,0)
D/Downloader(  744): Downloadserver bandWidth:635550
D/Downloader(  744): Downloadserver bandWidth:635550
D/Downloader(  744): Downloadserver bandWidth:635550
D/Downloader(  744): Downloadserver bandWidth:635550
D/MediaPlayerService(  744): [8] notify (0x522e8, 200, 704, 0)
D/MstarPlayer(  744): percent: 0
W/MediaPlayer( 1435): info/warning (704, 0)
I/MediaPlayer.java( 1435): Info (704,0)
D/MediaPlayerService(  744): [8] notify (0x522e8, 200, 704, 0)
D/MstarPlayer(  744): percent: 0
W/MediaPlayer( 1435): info/warning (704, 0)
I/MediaPlayer.java( 1435): Info (704,0)
D/MediaPlayerService(  744): [8] notify (0x522e8, 200, 704, 0)
D/MstarPlayer(  744): percent: 0
W/MediaPlayer( 1435): info/warning (704, 0)
I/MediaPlayer.java( 1435): Info (704,0)
D/dalvikvm( 1505): GC_CONCURRENT freed 413K, 79% free 1315K/6019K, paused 1ms+1ms
D/MediaPlayerService(  744): [8] notify (0x522e8, 200, 704, 0)
D/MstarPlayer(  744): percent: 0
W/MediaPlayer( 1435): info/warning (704, 0)
I/MediaPlayer.java( 1435): Info (704,0)
D/DataSource_M3U8(  744): u32HLSSreamNum[0]===>u32BandWidth:1200000 
D/DataSource_M3U8(  744): getHLSPlayListInex  DownloadBandWidth:635550   uInDex=0
D/DataSource_M3U8(  744): [M3U8] checkShouldStartNext :[64](1055808/1055808)   sequence:0  start next:65  
D/DataSource_M3U8(  744): 
D/DataSource_M3U8(  744): 
D/DataSource_M3U8(  744): 
D/DataSource_M3U8(  744): [M3U8]-7----->This :0x30fd0 --> post cmd for start next url:http://cibn-iss1.longvisionmedia.com:8088/vod/CIBN2013_CIBN2113040100001913_12001300/65.ts, knowedFileSize:0, mCurDowningIndex:64
D/DataSource_M3U8(  744): 
D/DataSource_M3U8(  744): 
D/Downloader(  744): [downloadThread]Downloader::removeTask  
D/Downloader(  744): [downloadThread]task have range string:0- 
D/MediaPlayerService(  744): [8] notify (0x522e8, 200, 704, 0)
D/MstarPlayer(  744): percent: 0
W/MediaPlayer( 1435): info/warning (704, 0)
I/MediaPlayer.java( 1435): Info (704,0)
D/MediaPlayerService(  744): [8] notify (0x522e8, 200, 704, 0)
D/MstarPlayer(  744): percent: 0
W/MediaPlayer( 1435): info/warning (704, 0)
I/MediaPlayer.java( 1435): Info (704,0)
D/MediaPlayerService(  744): [8] notify (0x522e8, 200, 704, 0)
D/MstarPlayer(  744): percent: 0
W/MediaPlayer( 1435): info/warning (704, 0)
I/MediaPlayer.java( 1435): Info (704,0)
D/MediaPlayerService(  744): [8] notify (0x522e8, 200, 704, 0)
D/MstarPlayer(  744): percent: 0
W/MediaPlayer( 1435): info/warning (704, 0)
I/MediaPlayer.java( 1435): Info (704,0)
D/MediaPlayerService(  744): [8] notify (0x522e8, 200, 704, 0)
D/MstarPlayer(  744): percent: 0
W/MediaPlayer( 1435): info/warning (704, 0)
I/MediaPlayer.java( 1435): Info (704,0)
D/DataSource_M3U8(  744): 
D/DataSource_M3U8(  744):  Warnig::  getValidBufferLength()  <  Codec require !!!
D/dalvikvm( 1505): GC_CONCURRENT freed 395K, 79% free 1314K/6019K, paused 1ms+1ms
D/MediaPlayerService(  744): [8] notify (0x522e8, 200, 704, 0)
D/MstarPlayer(  744): percent: 0
W/MediaPlayer( 1435): info/warning (704, 0)
I/MediaPlayer.java( 1435): Info (704,0)
D/MediaPlayerService(  744): [8] notify (0x522e8, 200, 704, 0)
D/MstarPlayer(  744): percent: 0
W/MediaPlayer( 1435): info/warning (704, 0)
I/MediaPlayer.java( 1435): Info (704,0)
D/MediaPlayerService(  744): [8] notify (0x522e8, 200, 704, 0)
D/MstarPlayer(  744): percent: 0
W/MediaPlayer( 1435): info/warning (704, 0)
I/MediaPlayer.java( 1435): Info (704,0)
D/MediaPlayerService(  744): [8] notify (0x522e8, 200, 704, 0)
D/MstarPlayer(  744): percent: 0
W/MediaPlayer( 1435): info/warning (704, 0)
I/MediaPlayer.java( 1435): Info (704,0)
D/MediaPlayerService(  744): [8] notify (0x522e8, 200, 704, 0)
D/MstarPlayer(  744): percent: 0
W/MediaPlayer( 1435): info/warning (704, 0)
I/MediaPlayer.java( 1435): Info (704,0)
D/MediaPlayerService(  744): [8] notify (0x522e8, 200, 704, 0)
D/MstarPlayer(  744): percent: 0
W/MediaPlayer( 1435): info/warning (704, 0)
I/MediaPlayer.java( 1435): Info (704,0)
D/MediaPlayerService(  744): [8] notify (0x522e8, 200, 704, 0)
D/MstarPlayer(  744): percent: 0
W/MediaPlayer( 1435): info/warning (704, 0)
I/MediaPlayer.java( 1435): Info (704,0)
D/MediaPlayerService(  744): [8] notify (0x522e8, 200, 704, 0)
D/MstarPlayer(  744): percent: 0
W/MediaPlayer( 1435): info/warning (704, 0)
I/MediaPlayer.java( 1435): Info (704,0)
D/MediaPlayerService(  744): [8] notify (0x522e8, 200, 704, 0)
D/MstarPlayer(  744): percent: 0
W/MediaPlayer( 1435): info/warning (704, 0)
I/MediaPlayer.java( 1435): Info (704,0)
D/MediaPlayerService(  744): [8] notify (0x522e8, 200, 704, 0)
D/MstarPlayer(  744): percent: 0
W/MediaPlayer( 1435): info/warning (704, 0)
I/MediaPlayer.java( 1435): Info (704,0)
D/MediaPlayerService(  744): [8] notify (0x522e8, 200, 704, 0)
D/MstarPlayer(  744): percent: 0
W/MediaPlayer( 1435): info/warning (704, 0)
I/MediaPlayer.java( 1435): Info (704,0)
D/MediaPlayerService(  744): [8] notify (0x522e8, 200, 704, 0)
D/MstarPlayer(  744): percent: 0
W/MediaPlayer( 1435): info/warning (704, 0)
I/MediaPlayer.java( 1435): Info (704,0)
D/MediaPlayerService(  744): [8] notify (0x522e8, 200, 704, 0)
D/MstarPlayer(  744): percent: 0
W/MediaPlayer( 1435): info/warning (704, 0)
I/MediaPlayer.java( 1435): Info (704,0)
D/MediaPlayerService(  744): [8] notify (0x522e8, 200, 704, 0)
D/MstarPlayer(  744): percent: 0
W/MediaPlayer( 1435): info/warning (704, 0)
I/MediaPlayer.java( 1435): Info (704,0)
D/MediaPlayerService(  744): [8] notify (0x522e8, 200, 704, 0)
D/MstarPlayer(  744): percent: 0
W/MediaPlayer( 1435): info/warning (704, 0)
I/MediaPlayer.java( 1435): Info (704,0)
D/MediaPlayerService(  744): [8] notify (0x522e8, 200, 704, 0)
D/MstarPlayer(  744): percent: 0
W/MediaPlayer( 1435): info/warning (704, 0)
I/MediaPlayer.java( 1435): Info (704,0)
D/MediaPlayerService(  744): [8] notify (0x522e8, 200, 704, 0)
D/MstarPlayer(  744): percent: 0
W/MediaPlayer( 1435): info/warning (704, 0)
I/MediaPlayer.java( 1435): Info (704,0)
D/MediaPlayerService(  744): [8] notify (0x522e8, 200, 704, 0)
D/MstarPlayer(  744): percent: 0
W/MediaPlayer( 1435): info/warning (704, 0)
I/MediaPlayer.java( 1435): Info (704,0)
D/Downloader(  744): Content-Length: 172
D/Downloader(  744): 
D/Downloader(  744): Downloadserver bandWidth:1197
D/Downloader(  744): Downloadserver bandWidth:1197
D/Downloader(  744): Downloadserver bandWidth:1197
D/Downloader(  744): Downloadserver bandWidth:1197
D/MediaPlayerService(  744): [8] notify (0x522e8, 200, 704, 0)
D/MstarPlayer(  744): percent: 0
W/MediaPlayer( 1435): info/warning (704, 0)
I/MediaPlayer.java( 1435): Info (704,0)
D/MediaPlayerService(  744): [8] notify (0x522e8, 200, 704, 0)
D/MstarPlayer(  744): percent: 0
W/MediaPlayer( 1435): info/warning (704, 0)
I/MediaPlayer.java( 1435): Info (704,0)
D/DataSource_M3U8(  744): 
D/DataSource_M3U8(  744):  Warnig::  getValidBufferLength()  <  Codec require !!!
D/MediaPlayerService(  744): [8] notify (0x522e8, 200, 704, 0)
D/MstarPlayer(  744): percent: 0
W/MediaPlayer( 1435): info/warning (704, 0)
I/MediaPlayer.java( 1435): Info (704,0)
D/MediaPlayerService(  744): [8] notify (0x522e8, 200, 704, 0)
D/MstarPlayer(  744): percent: 0
W/MediaPlayer( 1435): info/warning (704, 0)
I/MediaPlayer.java( 1435): Info (704,0)
D/MediaPlayerService(  744): [8] notify (0x522e8, 200, 704, 0)
D/MstarPlayer(  744): percent: 0
W/MediaPlayer( 1435): info/warning (704, 0)
I/MediaPlayer.java( 1435): Info (704,0)
D/MediaPlayerService(  744): [8] notify (0x522e8, 200, 704, 0)
D/MstarPlayer(  744): percent: 0
W/MediaPlayer( 1435): info/warning (704, 0)
I/MediaPlayer.java( 1435): Info (704,0)
D/MediaPlayerService(  744): [8] notify (0x522e8, 200, 704, 0)
D/MstarPlayer(  744): percent: 0
W/MediaPlayer( 1435): info/warning (704, 0)
I/MediaPlayer.java( 1435): Info (704,0)
D/DataSource_M3U8(  744): u32HLSSreamNum[0]===>u32BandWidth:1200000 
D/DataSource_M3U8(  744): getHLSPlayListInex  DownloadBandWidth:1197   uInDex=0
D/DataSource_M3U8(  744): [M3U8] checkShouldStartNext :[65](172/172)   sequence:0  start next:66  
D/DataSource_M3U8(  744): 
D/DataSource_M3U8(  744): 
D/DataSource_M3U8(  744): 
D/DataSource_M3U8(  744): [M3U8]-7----->This :0x30fd0 --> post cmd for start next url:http://cibn-iss1.longvisionmedia.com:8088/vod/CIBN2013_CIBN2113040100001913_12001300/66.ts, knowedFileSize:0, mCurDowningIndex:65
D/DataSource_M3U8(  744): 
D/DataSource_M3U8(  744): 
D/Downloader(  744): [downloadThread]Downloader::removeTask  
D/Downloader(  744): [downloadThread]task have range string:0- 
D/MediaPlayerService(  744): [8] notify (0x522e8, 200, 704, 0)
D/MstarPlayer(  744): percent: 0
W/MediaPlayer( 1435): info/warning (704, 0)
I/MediaPlayer.java( 1435): Info (704,0)
D/MediaPlayerService(  744): [8] notify (0x522e8, 200, 704, 0)
D/MstarPlayer(  744): percent: 0
W/MediaPlayer( 1435): info/warning (704, 0)
I/MediaPlayer.java( 1435): Info (704,0)
D/MediaPlayerService(  744): [8] notify (0x522e8, 200, 704, 0)
D/MstarPlayer(  744): percent: 0
W/MediaPlayer( 1435): info/warning (704, 0)
I/MediaPlayer.java( 1435): Info (704,0)
D/MediaPlayerService(  744): [8] notify (0x522e8, 200, 704, 0)
D/MstarPlayer(  744): percent: 0
W/MediaPlayer( 1435): info/warning (704, 0)
I/MediaPlayer.java( 1435): Info (704,0)
D/MediaPlayerService(  744): [8] notify (0x522e8, 200, 704, 0)
D/MstarPlayer(  744): percent: 0
W/MediaPlayer( 1435): info/warning (704, 0)
I/MediaPlayer.java( 1435): Info (704,0)
D/MediaPlayerService(  744): [8] notify (0x522e8, 200, 704, 0)
D/MstarPlayer(  744): percent: 0
W/MediaPlayer( 1435): info/warning (704, 0)
I/MediaPlayer.java( 1435): Info (704,0)
D/MediaPlayerService(  744): [8] notify (0x522e8, 200, 704, 0)
D/MstarPlayer(  744): percent: 0
W/MediaPlayer( 1435): info/warning (704, 0)
I/MediaPlayer.java( 1435): Info (704,0)
D/MediaPlayerService(  744): [8] notify (0x522e8, 200, 704, 0)
D/MstarPlayer(  744): percent: 0
W/MediaPlayer( 1435): info/warning (704, 0)
I/MediaPlayer.java( 1435): Info (704,0)
D/MediaPlayerService(  744): [8] notify (0x522e8, 200, 704, 0)
D/MstarPlayer(  744): percent: 0
W/MediaPlayer( 1435): info/warning (704, 0)
I/MediaPlayer.java( 1435): Info (704,0)
D/Downloader(  744): Content-Length: 172
D/Downloader(  744): 
D/Downloader(  744): Downloadserver bandWidth:2884
D/Downloader(  744): Downloadserver bandWidth:2884
D/Downloader(  744): Downloadserver bandWidth:2884
D/Downloader(  744): Downloadserver bandWidth:2884
D/MediaPlayerService(  744): [8] notify (0x522e8, 200, 704, 0)
D/MstarPlayer(  744): percent: 0
W/MediaPlayer( 1435): info/warning (704, 0)
I/MediaPlayer.java( 1435): Info (704,0)
D/DataSource_M3U8(  744): u32HLSSreamNum[0]===>u32BandWidth:1200000 
D/DataSource_M3U8(  744): getHLSPlayListInex  DownloadBandWidth:2884   uInDex=0
D/DataSource_M3U8(  744): [M3U8] checkShouldStartNext :[66](172/172)   sequence:0  start next:67  
D/DataSource_M3U8(  744): 
D/DataSource_M3U8(  744): 
D/DataSource_M3U8(  744): 
D/DataSource_M3U8(  744): [M3U8]-7----->This :0x30fd0 --> post cmd for start next url:http://cibn-iss1.longvisionmedia.com:8088/vod/CIBN2013_CIBN2113040100001913_12001300/67.ts, knowedFileSize:0, mCurDowningIndex:66
D/DataSource_M3U8(  744): 
D/DataSource_M3U8(  744): 
D/Downloader(  744): [downloadThread]Downloader::removeTask  
D/Downloader(  744): [downloadThread]task have range string:0- 
D/MediaPlayerService(  744): [8] notify (0x522e8, 200, 704, 0)
D/MstarPlayer(  744): percent: 0
W/MediaPlayer( 1435): info/warning (704, 0)
I/MediaPlayer.java( 1435): Info (704,0)
D/MediaPlayerService(  744): [8] notify (0x522e8, 200, 704, 0)
D/MstarPlayer(  744): percent: 0
W/MediaPlayer( 1435): info/warning (704, 0)
I/MediaPlayer.java( 1435): Info (704,0)
D/MediaPlayerService(  744): [8] notify (0x522e8, 200, 704, 0)
D/MstarPlayer(  744): percent: 0
W/MediaPlayer( 1435): info/warning (704, 0)
I/MediaPlayer.java( 1435): Info (704,0)
D/MediaPlayerService(  744): [8] notify (0x522e8, 200, 704, 0)
D/MstarPlayer(  744): percent: 0
W/MediaPlayer( 1435): info/warning (704, 0)
I/MediaPlayer.java( 1435): Info (704,0)
D/DataSource_M3U8(  744): 
D/DataSource_M3U8(  744):  Warnig::  getValidBufferLength()  <  Codec require !!!
D/MediaPlayerService(  744): [8] notify (0x522e8, 200, 704, 0)
D/MstarPlayer(  744): percent: 0
W/MediaPlayer( 1435): info/warning (704, 0)
I/MediaPlayer.java( 1435): Info (704,0)
D/MediaPlayerService(  744): [8] notify (0x522e8, 200, 704, 0)
D/MstarPlayer(  744): percent: 0
W/MediaPlayer( 1435): info/warning (704, 0)
I/MediaPlayer.java( 1435): Info (704,0)
D/MediaPlayerService(  744): [8] notify (0x522e8, 200, 704, 0)
D/MstarPlayer(  744): percent: 0
W/MediaPlayer( 1435): info/warning (704, 0)
I/MediaPlayer.java( 1435): Info (704,0)
D/Downloader(  744): Content-Length: 172
D/Downloader(  744): 
D/Downloader(  744): Downloadserver bandWidth:3898
D/Downloader(  744): Downloadserver bandWidth:3898
D/Downloader(  744): Downloadserver bandWidth:3898
D/Downloader(  744): Downloadserver bandWidth:3898
D/MediaPlayerService(  744): [8] notify (0x522e8, 200, 704, 0)
D/MstarPlayer(  744): percent: 0
W/MediaPlayer( 1435): info/warning (704, 0)
I/MediaPlayer.java( 1435): Info (704,0)
D/MediaPlayerService(  744): [8] notify (0x522e8, 200, 704, 0)
D/MstarPlayer(  744): percent: 0
W/MediaPlayer( 1435): info/warning (704, 0)
I/MediaPlayer.java( 1435): Info (704,0)
D/MediaPlayerService(  744): [8] notify (0x522e8, 200, 704, 0)
D/MstarPlayer(  744): percent: 0
W/MediaPlayer( 1435): info/warning (704, 0)
I/MediaPlayer.java( 1435): Info (704,0)
D/DataSource_M3U8(  744): u32HLSSreamNum[0]===>u32BandWidth:1200000 
D/DataSource_M3U8(  744): getHLSPlayListInex  DownloadBandWidth:3898   uInDex=0
D/DataSource_M3U8(  744): [M3U8] checkShouldStartNext :[67](172/172)   sequence:0  start next:68  
D/DataSource_M3U8(  744): 
D/DataSource_M3U8(  744): 
D/DataSource_M3U8(  744): 
D/DataSource_M3U8(  744): [M3U8]-7----->This :0x30fd0 --> post cmd for start next url:http://cibn-iss1.longvisionmedia.com:8088/vod/CIBN2013_CIBN2113040100001913_12001300/68.ts, knowedFileSize:0, mCurDowningIndex:67
D/DataSource_M3U8(  744): 
D/DataSource_M3U8(  744): 
D/Downloader(  744): [downloadThread]Downloader::removeTask  
D/Downloader(  744): [downloadThread]task have range string:0- 
D/MediaPlayerService(  744): [8] notify (0x522e8, 3, 16, 0)
D/MediaPlayerService(  744): [8] notify (0x522e8, 200, 704, 0)
D/MstarPlayer(  744): percent: 0
W/MediaPlayer( 1435): info/warning (704, 0)
I/MediaPlayer.java( 1435): Info (704,0)
D/MediaPlayerService(  744): [8] notify (0x522e8, 200, 704, 0)
D/MstarPlayer(  744): percent: 0
W/MediaPlayer( 1435): info/warning (704, 0)
I/MediaPlayer.java( 1435): Info (704,0)
D/MediaPlayerService(  744): [8] notify (0x522e8, 200, 704, 0)
D/MstarPlayer(  744): percent: 0
W/MediaPlayer( 1435): info/warning (704, 0)
I/MediaPlayer.java( 1435): Info (704,0)
D/MediaPlayerService(  744): [8] notify (0x522e8, 200, 704, 0)
D/MstarPlayer(  744): percent: 0
W/MediaPlayer( 1435): info/warning (704, 0)
I/MediaPlayer.java( 1435): Info (704,0)
D/MediaPlayerService(  744): [8] notify (0x522e8, 200, 704, 0)
D/MstarPlayer(  744): percent: 0
W/MediaPlayer( 1435): info/warning (704, 0)
I/MediaPlayer.java( 1435): Info (704,0)
D/MediaPlayerService(  744): [8] notify (0x522e8, 200, 704, 0)
D/MstarPlayer(  744): percent: 0
W/MediaPlayer( 1435): info/warning (704, 0)
I/MediaPlayer.java( 1435): Info (704,0)
D/MediaPlayerService(  744): [8] notify (0x522e8, 200, 704, 0)
D/MstarPlayer(  744): percent: 0
W/MediaPlayer( 1435): info/warning (704, 0)
I/MediaPlayer.java( 1435): Info (704,0)
D/MediaPlayerService(  744): [8] notify (0x522e8, 200, 704, 0)
D/MstarPlayer(  744): percent: 0
W/MediaPlayer( 1435): info/warning (704, 0)
I/MediaPlayer.java( 1435): Info (704,0)
D/MediaPlayerService(  744): [8] notify (0x522e8, 200, 704, 0)
D/MstarPlayer(  744): percent: 0
W/MediaPlayer( 1435): info/warning (704, 0)
I/MediaPlayer.java( 1435): Info (704,0)
D/Downloader(  744): Content-Length: 172
D/Downloader(  744): 
D/Downloader(  744): Downloadserver bandWidth:2984
D/Downloader(  744): Downloadserver bandWidth:2984
D/Downloader(  744): Downloadserver bandWidth:2984
D/Downloader(  744): Downloadserver bandWidth:2978
D/MediaPlayerService(  744): [8] notify (0x522e8, 200, 704, 0)
D/MstarPlayer(  744): percent: 0
W/MediaPlayer( 1435): info/warning (704, 0)
I/MediaPlayer.java( 1435): Info (704,0)
D/DataSource_M3U8(  744): u32HLSSreamNum[0]===>u32BandWidth:1200000 
D/DataSource_M3U8(  744): getHLSPlayListInex  DownloadBandWidth:2978   uInDex=0
D/DataSource_M3U8(  744): [M3U8] checkShouldStartNext :[68](172/172)   sequence:0  start next:69  
D/DataSource_M3U8(  744): 
D/DataSource_M3U8(  744): 
D/DataSource_M3U8(  744): 
D/DataSource_M3U8(  744): [M3U8]-7----->This :0x30fd0 --> post cmd for start next url:http://cibn-iss1.longvisionmedia.com:8088/vod/CIBN2013_CIBN2113040100001913_12001300/69.ts, knowedFileSize:0, mCurDowningIndex:68
D/DataSource_M3U8(  744): 
D/DataSource_M3U8(  744): 
D/Downloader(  744): [downloadThread]Downloader::removeTask  
D/Downloader(  744): [downloadThread]task have range string:0- 
D/MediaPlayerService(  744): [8] notify (0x522e8, 200, 704, 0)
D/MstarPlayer(  744): percent: 0
W/MediaPlayer( 1435): info/warning (704, 0)
I/MediaPlayer.java( 1435): Info (704,0)
D/MediaPlayerService(  744): [8] notify (0x522e8, 200, 704, 0)
D/MstarPlayer(  744): percent: 0
W/MediaPlayer( 1435): info/warning (704, 0)
I/MediaPlayer.java( 1435): Info (704,0)
D/MediaPlayerService(  744): [8] notify (0x522e8, 200, 704, 0)
D/MstarPlayer(  744): percent: 0
W/MediaPlayer( 1435): info/warning (704, 0)
I/MediaPlayer.java( 1435): Info (704,0)
D/MediaPlayerService(  744): [8] notify (0x522e8, 200, 704, 0)
D/MstarPlayer(  744): percent: 0
W/MediaPlayer( 1435): info/warning (704, 0)
I/MediaPlayer.java( 1435): Info (704,0)
D/DataSource_M3U8(  744): 
D/DataSource_M3U8(  744):  Warnig::  getValidBufferLength()  <  Codec require !!!
D/MediaPlayerService(  744): [8] notify (0x522e8, 200, 704, 0)
D/MstarPlayer(  744): percent: 0
W/MediaPlayer( 1435): info/warning (704, 0)
I/MediaPlayer.java( 1435): Info (704,0)
D/MediaPlayerService(  744): [8] notify (0x522e8, 200, 704, 0)
D/MstarPlayer(  744): percent: 0
W/MediaPlayer( 1435): info/warning (704, 0)
I/MediaPlayer.java( 1435): Info (704,0)
D/MediaPlayerService(  744): [8] notify (0x522e8, 200, 704, 0)
D/MstarPlayer(  744): percent: 0
W/MediaPlayer( 1435): info/warning (704, 0)
I/MediaPlayer.java( 1435): Info (704,0)
D/MediaPlayerService(  744): [8] notify (0x522e8, 200, 704, 0)
D/MstarPlayer(  744): percent: 0
W/MediaPlayer( 1435): info/warning (704, 0)
I/MediaPlayer.java( 1435): Info (704,0)
D/MediaPlayerService(  744): [8] notify (0x522e8, 200, 704, 0)
D/MstarPlayer(  744): percent: 0
W/MediaPlayer( 1435): info/warning (704, 0)
I/MediaPlayer.java( 1435): Info (704,0)
D/MediaPlayerService(  744): [8] notify (0x522e8, 200, 704, 0)
D/MstarPlayer(  744): percent: 0
W/MediaPlayer( 1435): info/warning (704, 0)
I/MediaPlayer.java( 1435): Info (704,0)
D/MediaPlayerService(  744): [8] notify (0x522e8, 200, 704, 0)
D/MstarPlayer(  744): percent: 0
W/MediaPlayer( 1435): info/warning (704, 0)
I/MediaPlayer.java( 1435): Info (704,0)
D/MediaPlayerService(  744): [8] notify (0x522e8, 200, 704, 0)
D/MstarPlayer(  744): percent: 0
W/MediaPlayer( 1435): info/warning (704, 0)
I/MediaPlayer.java( 1435): Info (704,0)
D/MediaPlayerService(  744): [8] notify (0x522e8, 200, 704, 0)
D/MstarPlayer(  744): percent: 0
W/MediaPlayer( 1435): info/warning (704, 0)
I/MediaPlayer.java( 1435): Info (704,0)
D/MediaPlayerService(  744): [8] notify (0x522e8, 200, 704, 0)
D/MstarPlayer(  744): percent: 0
W/MediaPlayer( 1435): info/warning (704, 0)
I/MediaPlayer.java( 1435): Info (704,0)
D/MediaPlayerService(  744): [8] notify (0x522e8, 200, 704, 0)
D/MstarPlayer(  744): percent: 0
W/MediaPlayer( 1435): info/warning (704, 0)
I/MediaPlayer.java( 1435): Info (704,0)
D/MediaPlayerService(  744): [8] notify (0x522e8, 200, 704, 0)
D/MstarPlayer(  744): percent: 0
W/MediaPlayer( 1435): info/warning (704, 0)
I/MediaPlayer.java( 1435): Info (704,0)
D/MediaPlayerService(  744): [8] notify (0x522e8, 200, 704, 0)
D/MstarPlayer(  744): percent: 0
W/MediaPlayer( 1435): info/warning (704, 0)
I/MediaPlayer.java( 1435): Info (704,0)
D/MediaPlayerService(  744): [8] notify (0x522e8, 200, 704, 0)
D/MstarPlayer(  744): percent: 0
W/MediaPlayer( 1435): info/warning (704, 0)
I/MediaPlayer.java( 1435): Info (704,0)
D/MediaPlayerService(  744): [8] notify (0x522e8, 200, 704, 0)
D/MstarPlayer(  744): percent: 0
W/MediaPlayer( 1435): info/warning (704, 0)
I/MediaPlayer.java( 1435): Info (704,0)
D/MediaPlayerService(  744): [8] notify (0x522e8, 200, 704, 0)
D/MstarPlayer(  744): percent: 0
W/MediaPlayer( 1435): info/warning (7D/MediaPlayerService(  744): [8] notify (0x522e8, 200, 704, 0)
D/MstarPlayer(  744): percent: 0
W/MediaPlayer( 1435): info/warning (704, 0)
I/MediaPlayer.java( 1435): Info (704,0)
D/MediaPlayerService(  744): [8] notify (0x522e8, 200, 704, 0)
D/MstarPlayer(  744): percent: 0
W/MediaPlayer( 1435): info/warning (704, 0)
I/MediaPlayer.java( 1435): Info (704,0)
D/MediaPlayerService(  744): [8] notify (0x522e8, 200, 704, 0)
D/MstarPlayer(  744): percent: 0
W/MediaPlayer( 1435): info/warning (704, 0)
I/MediaPlayer.java( 1435): Info (704,0)
D/MediaPlayerService(  744): [8] notify (0x522e8, 200, 704, 0)
D/MstarPlayer(  744): percent: 0
W/MediaPlayer( 1435): info/warning (704, 0)
I/MediaPlayer.java( 1435): Info (704,0)
D/MediaPlayerService(  744): [8] notify (0x522e8, 200, 704, 0)
D/MstarPlayer(  744): percent: 0
W/MediaPlayer( 1435): info/warning (704, 0)
I/MediaPlayer.java( 1435): Info (704,0)
D/MediaPlayerService(  744): [8] notify (0x522e8, 200, 704, 0)
D/MstarPlayer(  744): percent: 0
W/MediaPlayer( 1435): info/warning (704, 0)
I/MediaPlayer.java( 1435): Info (704,0)
D/MediaPlayerService(  744): [8] notify (0x522e8, 200, 704, 0)
D/MstarPlayer(  744): percent: 0
W/MediaPlayer( 1435): info/warning (704, 0)
I/MediaPlayer.java( 1435): Info (704,0)
D/MediaPlayerService(  744): [8] notify (0x522e8, 200, 704, 0)
D/MstarPlayer(  744): percent: 0
W/MediaPlayer( 1435): info/warning (704, 0)
I/MediaPlayer.java( 1435): Info (704,0)
D/HomePlayerLib( 1505): hostaddress count is 1
D/dalvikvm( 1505): GC_CONCURRENT freed 410K, 79% free 1298K/6019K, paused 1ms+1ms
D/MediaPlayerService(  744): [8] notify (0x522e8, 200, 704, 0)
D/MstarPlayer(  744): percent: 0
W/MediaPlayer( 1435): info/warning (704, 0)
I/MediaPlayer.java( 1435): Info (704,0)
D/dalvikvm( 1505): GC_CONCURRENT freed 389K, 78% free 1368K/6019K, paused 0ms+2ms
D/MediaPlayerService(  744): [8] notify (0x522e8, 200, 704, 0)
D/MstarPlayer(  744): percent: 0
W/MediaPlayer( 1435): info/warning (704, 0)
I/MediaPlayer.java( 1435): Info (704,0)
D/dalvikvm( 1505): GC_CONCURRENT freed 445K, 79% free 1316K/6019K, paused 1ms+1ms
D/MediaPlayerService(  744): [8] notify (0x522e8, 200, 704, 0)
D/MstarPlayer(  744): percent: 0
W/MediaPlayer( 1435): info/warning (704, 0)
I/MediaPlayer.java( 1435): Info (704,0)
D/Downloader(  744): Content-Length: 172
D/Downloader(  744): 
D/Downloader(  744): Downloadserver bandWidth:842
D/Downloader(  744): Downloadserver bandWidth:842
D/Downloader(  744): Downloadserver bandWidth:842
D/Downloader(  744): Downloadserver bandWidth:842
D/MediaPlayerService(  744): [8] notify (0x522e8, 200, 704, 0)
D/MstarPlayer(  744): percent: 0
W/MediaPlayer( 1435): info/warning (704, 0)
I/MediaPlayer.java( 1435): Info (704,0)
D/MediaPlayerService(  744): [8] notify (0x522e8, 200, 704, 0)
D/MstarPlayer(  744): percent: 0
W/MediaPlayer( 1435): info/warning (704, 0)
I/MediaPlayer.java( 1435): Info (704,0)
D/dalvikvm( 1505): GC_CONCURRENT freed 390K, 76% free 1472K/6019K, paused 1ms+1ms
D/MediaPlayerService(  744): [8] notify (0x522e8, 200, 704, 0)
D/MstarPlayer(  744): percent: 0
W/MediaPlayer( 1435): info/warning (704, 0)
I/MediaPlayer.java( 1435): Info (704,0)
D/dalvikvm( 1505): GC_CONCURRENT freed 542K, 78% free 1383K/6019K, paused 1ms+1ms
D/MediaPlayerService(  744): [8] notify (0x522e8, 200, 704, 0)
D/MstarPlayer(  744): percent: 0
W/MediaPlayer( 1435): info/warning (704, 0)
I/MediaPlayer.java( 1435): Info (704,0)
D/MediaPlayerService(  744): [8] notify (0x522e8, 200, 704, 0)
D/MstarPlayer(  744): percent: 0
W/MediaPlayer( 1435): info/warning (704, 0)
I/MediaPlayer.java( 1435): Info (704,0)
D/dalvikvm( 1505): GC_CONCURRENT freed 447K, 78% free 1383K/6019K, paused 1ms+1ms
D/MediaPlayerService(  744): [8] notify (0x522e8, 200, 704, 0)
D/MstarPlayer(  744): percent: 0
W/MediaPlayer( 1435): info/warning (704, 0)
I/MediaPlayer.java( 1435): Info (704,0)
D/dalvikvm( 1505): GC_CONCURRENT freed 457K, 79% free 1310K/6019K, paused 1ms+1ms
D/MediaPlayerService(  744): [8] notify (0x522e8, 200, 704, 0)
D/MstarPlayer(  744): percent: 0
W/MediaPlayer( 1435): info/warning (704, 0)
I/MediaPlayer.java( 1435): Info (704,0)
D/MediaPlayerService(  744): [8] notify (0x522e8, 200, 704, 0)
D/MstarPlayer(  744): percent: 0
W/MediaPlayer( 1435): info/warning (704, 0)
I/MediaPlayer.java( 1435): Info (704,0)
D/DataSource_M3U8(  744): u32HLSSreamNum[0]===>u32BandWidth:1200000 
D/DataSource_M3U8(  744): getHLSPlayListInex  DownloadBandWidth:842   uInDex=0
D/DataSource_M3U8(  744): [M3U8] checkShouldStartNext :[69](172/172)   sequence:0  start next:70  
D/DataSource_M3U8(  744): 
D/DataSource_M3U8(  744): 
D/DataSource_M3U8(  744): 
D/DataSource_M3U8(  744): [M3U8]-7----->This :0x30fd0 --> post cmd for start next url:http://cibn-iss1.longvisionmedia.com:8088/vod/CIBN2013_CIBN2113040100001913_12001300/70.ts, knowedFileSize:0, mCurDowningIndex:69
D/DataSource_M3U8(  744): 
D/DataSource_M3U8(  744): 
D/Downloader(  744): [downloadThread]Downloader::removeTask  
D/Downloader(  744): [downloadThread]task have range string:0- 
D/MediaPlayerService(  744): [8] notify (0x522e8, 200, 704, 0)
D/MstarPlayer(  744): percent: 0
W/MediaPlayer( 1435): info/warning (704, 0)
I/MediaPlayer.java( 1435): Info (704,0)
D/dalvikvm( 1505): GC_CONCURRENT freed 399K, 77% free 1398K/6019K, paused 1ms+1ms
D/MediaPlayerService(  744): [8] notify (0x522e8, 200, 704, 0)
D/MstarPlayer(  744): percent: 0
W/MediaPlayer( 1435): info/warning (704, 0)
I/MediaPlayer.java( 1435): Info (704,0)
D/MediaPlayerService(  744): [8] notify (0x522e8, 200, 704, 0)
D/MstarPlayer(  744): percent: 0
W/MediaPlayer( 1435): info/warning (704, 0)
I/MediaPlayer.java( 1435): Info (704,0)
D/MediaPlayerService(  744): [8] notify (0x522e8, 200, 704, 0)
D/MstarPlayer(  744): percent: 0
W/MediaPlayer( 1435): info/warning (704, 0)
I/MediaPlayer.java( 1435): Info (704,0)
D/DataSource_M3U8(  744): 
D/DataSource_M3U8(  744):  Warnig::  getValidBufferLength()  <  Codec require !!!
D/MediaPlayerService(  744): [8] notify (0x522e8, 200, 704, 0)
D/MstarPlayer(  744): percent: 0
W/MediaPlayer( 1435): info/warning (704, 0)
I/MediaPlayer.java( 1435): Info (704,0)
D/dalvikvm( 1505): GC_CONCURRENT freed 474K, 79% free 1323K/6019K, paused 1ms+3ms
D/MediaPlayerService(  744): [8] notify (0x522e8, 200, 704, 0)
D/MstarPlayer(  744): percent: 0
W/MediaPlayer( 1435): info/warning (704, 0)
I/MediaPlayer.java( 1435): Info (704,0)
D/MediaPlayerService(  744): [8] notify (0x522e8, 200, 704, 0)
D/MstarPlayer(  744): percent: 0
W/MediaPlayer( 1435): info/warning (704, 0)
I/MediaPlayer.java( 1435): Info (704,0)
D/MediaPlayerService(  744): [8] notify (0x522e8, 200, 704, 0)
D/MstarPlayer(  744): percent: 0
W/MediaPlayer( 1435): info/warning (704, 0)
I/MediaPlayer.java( 1435): Info (704,0)
D/dalvikvm( 1505): GC_CONCURRENT freed 385K, 77% free 1417K/6019K, paused 3ms+1ms
D/MediaPlayerService(  744): [8] notify (0x522e8, 200, 704, 0)
D/MstarPlayer(  744): percent: 0
W/MediaPlayer( 1435): info/warning (704, 0)
I/MediaPlayer.java( 1435): Info (704,0)
D/MediaPlayerService(  744): [8] notify (0x522e8, 200, 704, 0)
D/MstarPlayer(  744): percent: 0
W/MediaPlayer( 1435): info/warning (704, 0)
I/MediaPlayer.java( 1435): Info (704,0)
D/Downloader(  744): Content-Length: 172
D/Downloader(  744): 
D/Downloader(  744): Downloadserver bandWidth:2719
D/Downloader(  744): Downloadserver bandWidth:2719
D/Downloader(  744): Downloadserver bandWidth:2719
D/Downloader(  744): Downloadserver bandWidth:2719
D/DataSource_M3U8(  744): u32HLSSreamNum[0]===>u32BandWidth:1200000 
D/DataSource_M3U8(  744): getHLSPlayListInex  DownloadBandWidth:2719   uInDex=0
D/DataSource_M3U8(  744): [M3U8] checkShouldStartNext :[70](172/172)   sequence:0  start next:71  
D/DataSource_M3U8(  744): 
D/DataSource_M3U8(  744): 
D/DataSource_M3U8(  744): 
D/DataSource_M3U8(  744): [M3U8]-7----->This :0x30fd0 --> post cmd for start next url:http://cibn-iss1.longvisionmedia.com:8088/vod/CIBN2013_CIBN2113040100001913_12001300/71.ts, knowedFileSize:0, mCurDowningIndex:70
D/DataSource_M3U8(  744): 
D/DataSource_M3U8(  744): 
D/Downloader(  744): [downloadThread]Downloader::removeTask  
D/Downloader(  744): [downloadThread]task have range string:0- 
D/MediaPlayerService(  744): [8] notify (0x522e8, 200, 704, 0)
D/MstarPlayer(  744): percent: 0
W/MediaPlayer( 1435): info/warning (704, 0)
I/MediaPlayer.java( 1435): Info (704,0)
D/dalvikvm( 1505): GC_CONCURRENT freed 474K, 77% free 1417K/6019K, paused 1ms+1ms
D/MediaPlayerService(  744): [8] notify (0x522e8, 200, 704, 0)
D/MstarPlayer(  744): percent: 0
W/MediaPlayer( 1435): info/warning (704, 0)
I/MediaPlayer.java( 1435): Info (704,0)
D/MediaPlayerService(  744): [8] notify (0x522e8, 200, 704, 0)
D/MstarPlayer(  744): percent: 0
W/MediaPlayer( 1435): info/warning (704, 0)
I/MediaPlayer.java( 1435): Info (704,0)
D/MediaPlayerService(  744): [8] notify (0x522e8, 200, 704, 0)
D/MstarPlayer(  744): percent: 0
W/MediaPlayer( 1435): info/warning (704, 0)
I/MediaPlayer.java( 1435): Info (704,0)
D/MediaPlayerService(  744): [8] notify (0x522e8, 200, 704, 0)
D/MstarPlayer(  744): percent: 0
W/MediaPlayer( 1435): info/warning (704, 0)
I/MediaPlayer.java( 1435): Info (704,0)
D/MediaPlayerService(  744): [8] notify (0x522e8, 200, 704, 0)
D/MstarPlayer(  744): percent: 0
W/MediaPlayer( 1435): info/warning (704, 0)
I/MediaPlayer.java( 1435): Info (704,0)
D/MediaPlayerService(  744): [8] notify (0x522e8, 200, 704, 0)
D/MstarPlayer(  744): percent: 0
W/MediaPlayer( 1435): info/warning (704, 0)
I/MediaPlayer.java( 1435): Info (704,0)
D/MediaPlayerService(  744): [8] notify (0x522e8, 200, 704, 0)
D/MstarPlayer(  744): percent: 0
W/MediaPlayer( 1435): info/warning (704, 0)
I/MediaPlayer.java( 1435): Info (704,0)
D/MediaPlayerService(  744): [8] notify (0x522e8, 200, 704, 0)
D/MstarPlayer(  744): percent: 0
W/MediaPlayer( 1435): info/warning (704, 0)
I/MediaPlayer.java( 1435): Info (704,0)
D/MediaPlayerService(  744): [8] notify (0x522e8, 200, 704, 0)
D/MstarPlayer(  744): percent: 0
W/MediaPlayer( 1435): info/warning (704, 0)
I/MediaPlayer.java( 1435): Info (704,0)
D/Downloader(  744): Content-Length: 172
D/Downloader(  744): 
D/Downloader(  744): Downloadserver bandWidth:2730
D/Downloader(  744): Downloadserver bandWidth:2730
D/Downloader(  744): Downloadserver bandWidth:2730
D/Downloader(  744): Downloadserver bandWidth:2730
D/DataSource_M3U8(  744): u32HLSSreamNum[0]===>u32BandWidth:1200000 
D/DataSource_M3U8(  744): getHLSPlayListInex  DownloadBandWidth:2730   uInDex=0
D/DataSource_M3U8(  744): [M3U8] checkShouldStartNext :[71](172/172)   sequence:0  start next:72  
D/DataSource_M3U8(  744): 
D/DataSource_M3U8(  744): 
D/DataSource_M3U8(  744): 
D/DataSource_M3U8(  744): [M3U8]-7----->This :0x30fd0 --> post cmd for start next url:http://cibn-iss1.longvisionmedia.com:8088/vod/CIBN2013_CIBN2113040100001913_12001300/72.ts, knowedFileSize:0, mCurDowningIndex:71
D/DataSource_M3U8(  744): 
D/DataSource_M3U8(  744): 
D/Downloader(  744): [downloadThread]Downloader::removeTask  
D/Downloader(  744): [downloadThread]task have range string:0- 
D/MediaPlayerService(  744): [8] notify (0x522e8, 200, 704, 0)
D/MstarPlayer(  744): percent: 0
W/MediaPlayer( 1435): info/warning (704, 0)
I/MediaPlayer.java( 1435): Info (704,0)
D/MediaPlayerService(  744): [8] notify (0x522e8, 200, 704, 0)
D/MstarPlayer(  744): percent: 0
W/MediaPlayer( 1435): info/warning (704, 0)
I/MediaPlayer.java( 1435): Info (704,0)
D/MediaPlayerService(  744): [8] notify (0x522e8, 200, 704, 0)
D/MstarPlayer(  744): percent: 0
W/MediaPlayer( 1435): info/warning (704, 0)
I/MediaPlayer.java( 1435): Info (704,0)
D/MediaPlayerService(  744): [8] notify (0x522e8, 200, 704, 0)
D/MstarPlayer(  744): percent: 0
W/MediaPlayer( 1435): info/warning (704, 0)
I/MediaPlayer.java( 1435): Info (704,0)
D/DataSource_M3U8(  744): 
D/DataSource_M3U8(  744):  Warnig::  getValidBufferLength()  <  Codec require !!!
D/MediaPlayerService(  744): [8] notify (0x522e8, 200, 704, 0)
D/MstarPlayer(  744): percent: 0
W/MediaPlayer( 1435): info/warning (704, 0)
I/MediaPlayer.java( 1435): Info (704,0)
D/MediaPlayerService(  744): [8] notify (0x522e8, 200, 704, 0)
D/MstarPlayer(  744): percent: 0
W/MediaPlayer( 1435): info/warning (704, 0)
I/MediaPlayer.java( 1435): Info (704,0)
D/MediaPlayerService(  744): [8] notify (0x522e8, 200, 704, 0)
D/MstarPlayer(  744): percent: 0
W/MediaPlayer( 1435): info/warning (704, 0)
I/MediaPlayer.java( 1435): Info (704,0)
D/MediaPlayerService(  744): [8] notify (0x522e8, 200, 704, 0)
D/MstarPlayer(  744): percent: 0
W/MediaPlayer( 1435): info/warning (704, 0)
I/MediaPlayer.java( 1435): Info (704,0)
D/MediaPlayerService(  744): [8] notify (0x522e8, 200, 704, 0)
D/MstarPlayer(  744): percent: 0
W/MediaPlayer( 1435): info/warning (704, 0)
I/MediaPlayer.java( 1435): Info (704,0)
D/MediaPlayerService(  744): [8] notify (0x522e8, 200, 704, 0)
D/MstarPlayer(  744): percent: 0
W/MediaPlayer( 1435): info/warning (704, 0)
I/MediaPlayer.java( 1435): Info (704,0)
D/MediaPlayerService(  744): [8] notify (0x522e8, 200, 704, 0)
D/MstarPlayer(  744): percent: 0
W/MediaPlayer( 1435): info/warning (704, 0)
I/MediaPlayer.java( 1435): Info (704,0)
D/MediaPlayerService(  744): [8] notify (0x522e8, 200, 704, 0)
D/MstarPlayer(  744): percent: 0
W/MediaPlayer( 1435): info/warning (704, 0)
I/MediaPlayer.java( 1435): Info (704,0)
D/Downloader(  744): Content-Length: 172
D/Downloader(  744): 
D/Downloader(  744): Downloadserver bandWidth:2226
D/Downloader(  744): Downloadserver bandWidth:2222
D/Downloader(  744): Downloadserver bandWidth:2222
D/Downloader(  744): Downloadserver bandWidth:2222
D/MediaPlayerService(  744): [8] notify (0x522e8, 200, 704, 0)
D/MstarPlayer(  744): percent: 0
W/MediaPlayer( 1435): info/warning (704, 0)
I/MediaPlayer.java( 1435): Info (704,0)
D/MediaPlayerService(  744): [8] notify (0x522e8, 200, 704, 0)
D/MstarPlayer(  744): percent: 0
W/MediaPlayer( 1435): info/warning (704, 0)
I/MediaPlayer.java( 1435): Info (704,0)
D/MediaPlayerService(  744): [8] notify (0x522e8, 200, 704, 0)
D/MstarPlayer(  744): percent: 0
W/MediaPlayer( 1435): info/warning (704, 0)
I/MediaPlayer.java( 1435): Info (704,0)
D/MediaPlayerService(  744): [8] notify (0x522e8, 200, 704, 0)
D/MstarPlayer(  744): percent: 0
W/MediaPlayer( 1435): info/warning (704, 0)
I/MediaPlayer.java( 1435): Info (704,0)
D/MediaPlayerService(  744): [8] notify (0x522e8, 200, 704, 0)
D/MstarPlayer(  744): percent: 0
W/MediaPlayer( 1435): info/warning (704, 0)
I/MediaPlayer.java( 1435): Info (704,0)
D/MediaPlayerService(  744): [8] notify (0x522e8, 200, 704, 0)
D/MstarPlayer(  744): percent: 0
W/MediaPlayer( 1435): info/warning (704, 0)
I/MediaPlayer.java( 1435): Info (704,0)
D/MediaPlayerService(  744): [8] notify (0x522e8, 200, 704, 0)
D/MstarPlayer(  744): percent: 0
W/MediaPlayer( 1435): info/warning (704, 0)
I/MediaPlayer.java( 1435): Info (704,0)
D/MediaPlayerService(  744): [8] notify (0x522e8, 200, 704, 0)
D/MstarPlayer(  744): percent: 0
W/MediaPlayer( 1435): info/warning (704, 0)
I/MediaPlayer.java( 1435): Info (704,0)
D/DataSource_M3U8(  744): u32HLSSreamNum[0]===>u32BandWidth:1200000 
D/DataSource_M3U8(  744): getHLSPlayListInex  DownloadBandWidth:2222   uInDex=0
D/DataSource_M3U8(  744): [M3U8] checkShouldStartNext :[72](172/172)   sequence:0  start next:73  
D/DataSource_M3U8(  744): 
D/DataSource_M3U8(  744): 
D/DataSource_M3U8(  744): 
D/DataSource_M3U8(  744): [M3U8]-7----->This :0x30fd0 --> post cmd for start next url:http://cibn-iss1.longvisionmedia.com:8088/vod/CIBN2013_CIBN2113040100001913_12001300/73.ts, knowedFileSize:0, mCurDowningIndex:72
D/DataSource_M3U8(  744): 
D/DataSource_M3U8(  744): 
D/Downloader(  744): [downloadThread]Downloader::removeTask  
D/Downloader(  744): [downloadThread]task have range string:0- 
D/MediaPlayerService(  744): [8] notify (0x522e8, 3, 17, 0)
D/MediaPlayerService(  744): [8] notify (0x522e8, 200, 704, 0)
W/MediaPlayer( 1435): info/warning (704, 0)
I/MediaPlayer.java( 1435): Info (704,0)
D/MstarPlayer(  744): percent: 0
D/MediaPlayerService(  744): [8] notify (0x522e8, 200, 704, 0)
D/MstarPlayer(  744): percent: 0
W/MediaPlayer( 1435): info/warning (704, 0)
I/MediaPlayer.java( 1435): Info (704,0)
D/MediaPlayerService(  744): [8] notify (0x522e8, 200, 704, 0)
D/MstarPlayer(  744): percent: 0
W/MediaPlayer( 1435): info/warning (704, 0)
I/MediaPlayer.java( 1435): Info (704,0)
D/DataSource_M3U8(  744): 
D/DataSource_M3U8(  744):  Warnig::  getValidBufferLength()  <  Codec require !!!
D/MediaPlayerService(  744): [8] notify (0x522e8, 200, 704, 0)
W/MediaPlayer( 1435): info/warning (704, 0)
I/MediaPlayer.java( 1435): Info (704,0)
D/MstarPlayer(  744): percent: 0
D/MediaPlayerService(  744): [8] notify (0x522e8, 200, 704, 0)
D/MstarPlayer(  744): percent: 0
W/MediaPlayer( 1435): info/warning (704, 0)
I/MediaPlayer.java( 1435): Info (704,0)
D/MediaPlayerService(  744): [8] notify (0x522e8, 200, 704, 0)
D/MstarPlayer(  744): percent: 0
W/MediaPlayer( 1435): info/warning (704, 0)
I/MediaPlayer.java( 1435): Info (704,0)
D/MediaPlayerService(  744): [8] notify (0x522e8, 200, 704, 0)
D/MstarPlayer(  744): percent: 0
W/MediaPlayer( 1435): info/warning (704, 0)
I/MediaPlayer.java( 1435): Info (704,0)
D/MediaPlayerService(  744): [8] notify (0x522e8, 200, 704, 0)
D/MstarPlayer(  744): percent: 0
W/MediaPlayer( 1435): info/warning (704, 0)
I/MediaPlayer.java( 1435): Info (704,0)
D/MediaPlayerService(  744): [8] notify (0x522e8, 200, 704, 0)
D/MstarPlayer(  744): percent: 0
W/MediaPlayer( 1435): info/warning (704, 0)
I/MediaPlayer.java( 1435): Info (704,0)
D/dalvikvm( 1505): GC_CONCURRENT freed 475K, 78% free 1379K/6019K, paused 2ms+1ms
D/MediaPlayerService(  744): [8] notify (0x522e8, 200, 704, 0)
D/MstarPlayer(  744): percent: 0
W/MediaPlayer( 1435): info/warning (704, 0)
I/MediaPlayer.java( 1435): Info (704,0)
D/MediaPlayerService(  744): [8] notify (0x522e8, 200, 704, 0)
D/MstarPlayer(  744): percent: 0
W/MediaPlayer( 1435): info/warning (704, 0)
I/MediaPlayer.java( 1435): Info (704,0)
D/MediaPlayerService(  744): [8] notify (0x522e8, 200, 704, 0)
D/MstarPlayer(  744): percent: 0
W/MediaPlayer( 1435): info/warning (704, 0)
I/MediaPlayer.java( 1435): Info (704,0)
D/MediaPlayerService(  744): [8] notify (0x522e8, 200, 704, 0)
D/MstarPlayer(  744): percent: 0
W/MediaPlayer( 1435): info/warning (704, 0)
I/MediaPlayer.java( 1435): Info (704,0)
D/MediaPlayerService(  744): [8] notify (0x522e8, 200, 704, 0)
D/MstarPlayer(  744): percent: 0
W/MediaPlayer( 1435): info/warning (704, 0)
I/MediaPlayer.java( 1435): Info (704,0)
D/MediaPlayerService(  744): [8] notify (0x522e8, 200, 704, 0)
D/MstarPlayer(  744): percent: 0
W/MediaPlayer( 1435): info/warning (704, 0)
I/MediaPlayer.java( 1435): Info (704,0)
D/MediaPlayerService(  744): [8] notify (0x522e8, 200, 704, 0)
D/MstarPlayer(  744): percent: 0
W/MediaPlayer( 1435): info/warning (704, 0)
I/MediaPlayer.java( 1435): Info (704,0)
D/MediaPlayerService(  744): [8] notify (0x522e8, 200, 704, 0)
D/MstarPlayer(  744): percent: 0
W/MediaPlayer( 1435): info/warning (704, 0)
I/MediaPlayer.java( 1435): Info (704,0)
D/MediaPlayerService(  744): [8] notify (0x522e8, 200, 704, 0)
D/MstarPlayer(  744): percent: 0
W/MediaPlayer( 1435): info/warning (704, 0)
I/MediaPlayer.java( 1435): Info (704,0)
D/Downloader(  744): Content-Length: 172
D/Downloader(  744): 
D/Downloader(  744): Downloadserver bandWidth:1489
D/Downloader(  744): Downloadserver bandWidth:1489
D/Downloader(  744): Downloadserver bandWidth:1489
D/Downloader(  744): Downloadserver bandWidth:1489
D/MediaPlayerService(  744): [8] notify (0x522e8, 200, 704, 0)
D/MstarPlayer(  744): percent: 0
W/MediaPlayer( 1435): info/warning (704, 0)
I/MediaPlayer.java( 1435): Info (704,0)
D/MediaPlayerService(  744): [8] notify (0x522e8, 200, 704, 0)
D/MstarPlayer(  744): percent: 0
W/MediaPlayer( 1435): info/warning (704, 0)
I/MediaPlayer.java( 1435): Info (704,0)
D/DataSource_M3U8(  744): u32HLSSreamNum[0]===>u32BandWidth:1200000 
D/DataSource_M3U8(  744): getHLSPlayListInex  DownloadBandWidth:1489   uInDex=0
D/DataSource_M3U8(  744): [M3U8] checkShouldStartNext :[73](172/172)   sequence:0  start next:74  
D/DataSource_M3U8(  744): 
D/DataSource_M3U8(  744): 
D/DataSource_M3U8(  744): 
D/DataSource_M3U8(  744): [M3U8]-7----->This :0x30fd0 --> post cmd for start next url:http://cibn-iss1.longvisionmedia.com:8088/vod/CIBN2013_CIBN2113040100001913_12001300/74.ts, knowedFileSize:0, mCurDowningIndex:73
D/DataSource_M3U8(  744): 
D/DataSource_M3U8(  744): 
D/Downloader(  744): [downloadThread]Downloader::removeTask  
D/Downloader(  744): [downloadThread]task have range string:0- 
D/MediaPlayerService(  744): [8] notify (0x522e8, 200, 704, 0)
D/MstarPlayer(  744): percent: 0
W/MediaPlayer( 1435): info/warning (704, 0)
I/MediaPlayer.java( 1435): Info (704,0)
D/MediaPlayerService(  744): [8] notify (0x522e8, 200, 704, 0)
D/MstarPlayer(  744): percent: 0
W/MediaPlayer( 1435): info/warning (704, 0)
I/MediaPlayer.java( 1435): Info (704,0)
D/MediaPlayerService(  744): [8] notify (0x522e8, 200, 704, 0)
D/MstarPlayer(  744): percent: 0
W/MediaPlayer( 1435): info/warning (704, 0)
I/MediaPlayer.java( 1435): Info (704,0)
D/DataSource_M3U8(  744): 
D/DataSource_M3U8(  744):  Warnig::  getValidBufferLength()  <  Codec require !!!
D/MediaPlayerService(  744): [8] notify (0x522e8, 200, 704, 0)
D/MstarPlayer(  744): percent: 0
W/MediaPlayer( 1435): info/warning (704, 0)
I/MediaPlayer.java( 1435): Info (704,0)
D/MediaPlayerService(  744): [8] notify (0x522e8, 200, 704, 0)
D/MstarPlayer(  744): percent: 0
W/MediaPlayer( 1435): info/warning (704, 0)
I/MediaPlayer.java( 1435): Info (704,0)
D/MediaPlayerService(  744): [8] notify (0x522e8, 200, 704, 0)
D/MstarPlayer(  744): percent: 0
W/MediaPlayer( 1435): info/warning (704, 0)
I/MediaPlayer.java( 1435): Info (704,0)
D/MediaPlayerService(  744): [8] notify (0x522e8, 200, 704, 0)
D/MstarPlayer(  744): percent: 0
W/MediaPlayer( 1435): info/warning (704, 0)
I/MediaPlayer.java( 1435): Info (704,0)
D/MediaPlayerService(  744): [8] notify (0x522e8, 200, 704, 0)
D/MstarPlayer(  744): percent: 0
W/MediaPlayer( 1435): info/warning (704, 0)
I/MediaPlayer.java( 1435): Info (704,0)
D/MediaPlayerService(  744): [8] notify (0x522e8, 200, 704, 0)
D/MstarPlayer(  744): percent: 0
W/MediaPlayer( 1435): info/warning (704, 0)
I/MediaPlayer.java( 1435): Info (704,0)
D/MediaPlayerService(  744): [8] notify (0x522e8, 200, 704, 0)
D/MstarPlayer(  744): percent: 0
W/MediaPlayer( 1435): info/warning (704, 0)
I/MediaPlayer.java( 1435): Info (704,0)
D/MediaPlayerService(  744): [8] notify (0x522e8, 200, 704, 0)
D/MstarPlayer(  744): percent: 0
W/MediaPlayer( 1435): info/warning (704, 0)
I/MediaPlayer.java( 1435): Info (704,0)
D/MediaPlayerService(  744): [8] notify (0x522e8, 200, 704, 0)
D/MstarPlayer(  744): percent: 0
W/MediaPlayer( 1435): info/warning (704, 0)
I/MediaPlayer.java( 1435): Info (704,0)
D/MediaPlayerService(  744): [8] notify (0x522e8, 200, 704, 0)
D/MstarPlayer(  744): percent: 0
W/MediaPlayer( 1435): info/warning (704, 0)
I/MediaPlayer.java( 1435): Info (704,0)
D/MediaPlayerService(  744): [8] notify (0x522e8, 200, 704, 0)
D/MstarPlayer(  744): percent: 0
W/MediaPlayer( 1435): info/warning (704, 0)
I/MediaPlayer.java( 1435): Info (704,0)
D/MediaPlayerService(  744): [8] notify (0x522e8, 200, 704, 0)
D/MstarPlayer(  744): percent: 0
W/MediaPlayer( 1435): info/warning (704, 0)
I/MediaPlayer.java( 1435): Info (704,0)
D/MediaPlayerService(  744): [8] notify (0x522e8, 200, 704, 0)
D/MstarPlayer(  744): percent: 0
W/MediaPlayer( 1435): info/warning (704, 0)
I/MediaPlayer.java( 1435): Info (704,0)
D/MediaPlayerService(  744): [8] notify (0x522e8, 200, 704, 0)
D/MstarPlayer(  744): percent: 0
W/MediaPlayer( 1435): info/warning (704, 0)
I/MediaPlayer.java( 1435): Info (704,0)
D/MediaPlayerService(  744): [8] notify (0x522e8, 200, 704, 0)
D/MstarPlayer(  744): percent: 0
W/MediaPlayer( 1435): info/warning (704, 0)
I/MediaPlayer.java( 1435): Info (704,0)
D/MediaPlayerService(  744): [8] notify (0x522e8, 200, 704, 0)
D/MstarPlayer(  744): percent: 0
W/MediaPlayer( 1435): info/warning (704, 0)
I/MediaPlayer.java( 1435): Info (704,0)
D/MediaPlayerService(  744): [8] notify (0x522e8, 200, 704, 0)
D/MstarPlayer(  744): percent: 0
W/MediaPlayer( 1435): info/warning (704, 0)
I/MediaPlayer.java( 1435): Info (704,0)
D/MediaPlayerService(  744): [8] notify (0x522e8, 200, 704, 0)
D/MstarPlayer(  744): percent: 0
W/MediaPlayer( 1435): info/warning (704, 0)
I/MediaPlayer.java( 1435): Info (704,0)
D/MediaPlayerService(  744): [8] notify (0x522e8, 200, 704, 0)
D/MstarPlayer(  744): percent: 0
W/MediaPlayer( 1435): info/warning (704, 0)
I/MediaPlayer.java( 1435): Info (704,0)
D/MediaPlayerService(  744): [8] notify (0x522e8, 200, 704, 0)
D/MstarPlayer(  744): percent: 0
W/MediaPlayer( 1435): info/warning (704, 0)
I/MediaPlayer.java( 1435): Info (704,0)
D/MediaPlayerService(  744): [8] notify (0x522e8, 200, 704, 0)
D/MstarPlayer(  744): percent: 0
W/MediaPlayer( 1435): info/warning (704, 0)
I/MediaPlayer.java( 1435): Info (704,0)
D/Downloader(  744): Content-Length: 172
D/Downloader(  744): 
D/Downloader(  744): Downloadserver bandWidth:1097
D/Downloader(  744): Downloadserver bandWidth:1097
D/Downloader(  744): Downloadserver bandWidth:1097
D/Downloader(  744): Downloadserver bandWidth:1097
D/MediaPlayerService(  744): [8] notify (0x522e8, 200, 704, 0)
D/MstarPlayer(  744): percent: 0
W/MediaPlayer( 1435): info/warning (704, 0)
I/MediaPlayer.java( 1435): Info (704,0)
D/MediaPlayerService(  744): [8] notify (0x522e8, 200, 704, 0)
D/MstarPlayer(  744): percent: 0
W/MediaPlayer( 1435): info/warning (704, 0)
I/MediaPlayer.java( 1435): Info (704,0)
D/MediaPlayerService(  744): [8] notify (0x522e8, 200, 704, 0)
D/MstarPlayer(  744): percent: 0
W/MediaPlayer( 1435): info/warning (704, 0)
I/MediaPlayer.java( 1435): Info (704,0)
D/MediaPlayerService(  744): [8] notify (0x522e8, 200, 704, 0)
D/MstarPlayer(  744): percent: 0
W/MediaPlayer( 1435): info/warning (704, 0)
I/MediaPlayer.java( 1435): Info (704,0)
D/MediaPlayerService(  744): [8] notify (0x522e8, 200, 704, 0)
D/MstarPlayer(  744): percent: 0
W/MediaPlayer( 1435): info/warning (704, 0)
I/MediaPlayer.java( 1435): Info (704,0)
D/DataSource_M3U8(  744): u32HLSSreamNum[0]===>u32BandWidth:1200000 
D/DataSource_M3U8(  744): getHLSPlayListInex  DownloadBandWidth:1097   uInDex=0
D/DataSource_M3U8(  744): [M3U8] checkShouldStartNext :[74](172/172)   sequence:0  start next:75  
D/DataSource_M3U8(  744): 
D/DataSource_M3U8(  744): 
D/DataSource_M3U8(  744): 
D/DataSource_M3U8(  744): [M3U8]-7----->This :0x30fd0 --> post cmd for start next url:http://cibn-iss1.longvisionmedia.com:8088/vod/CIBN2013_CIBN2113040100001913_12001300/75.ts, knowedFileSize:0, mCurDowningIndex:74
D/DataSource_M3U8(  744): 
D/DataSource_M3U8(  744): 
D/Downloader(  744): [downloadThread]Downloader::removeTask  
D/Downloader(  744): [downloadThread]task have range string:0- 
D/MediaPlayerService(  744): [8] notify (0x522e8, 200, 704, 0)
D/MstarPlayer(  744): percent: 0
W/MediaPlayer( 1435): info/warning (704, 0)
I/MediaPlayer.java( 1435): Info (704,0)
D/MediaPlayerService(  744): [8] notify (0x522e8, 200, 704, 0)
D/MstarPlayer(  744): percent: 0
W/MediaPlayer( 1435): info/warning (704, 0)
I/MediaPlayer.java( 1435): Info (704,0)
D/MediaPlayerService(  744): [8] notify (0x522e8, 200, 704, 0)
D/MstarPlayer(  744): percent: 0
W/MediaPlayer( 1435): info/warning (704, 0)
I/MediaPlayer.java( 1435): Info (704,0)
D/MediaPlayerService(  744): [8] notify (0x522e8, 200, 704, 0)
D/MstarPlayer(  744): percent: 0
W/MediaPlayer( 1435): info/warning (704, 0)
I/MediaPlayer.java( 1435): Info (704,0)
D/MediaPlayerService(  744): [8] notify (0x522e8, 200, 704, 0)
D/MstarPlayer(  744): percent: 0
W/MediaPlayer( 1435): info/warning (704, 0)
I/MediaPlayer.java( 1435): Info (704,0)
D/MediaPlayerService(  744): [8] notify (0x522e8, 200, 704, 0)
D/MstarPlayer(  744): percent: 0
W/MediaPlayer( 1435): info/warning (704, 0)
I/MediaPlayer.java( 1435): Info (704,0)
D/MediaPlayerService(  744): [8] notify (0x522e8, 200, 704, 0)
D/MstarPlayer(  744): percent: 0
W/MediaPlayer( 1435): info/warning (704, 0)
I/MediaPlayer.java( 1435): Info (704,0)
D/MediaPlayerService(  744): [8] notify (0x522e8, 200, 704, 0)
D/MstarPlayer(  744): percent: 0
W/MediaPlayer( 1435): info/warning (704, 0)
I/MediaPlayer.java( 1435): Info (704,0)
D/MediaPlayerService(  744): [8] notify (0x522e8, 200, 704, 0)
D/MstarPlayer(  744): percent: 0
W/MediaPlayer( 1435): info/warning (704, 0)
I/MediaPlayer.java( 1435): Info (704,0)
D/Downloader(  744): Content-Length: 172
D/Downloader(  744): 
D/Downloader(  744): Downloadserver bandWidth:3044
D/Downloader(  744): Downloadserver bandWidth:3044
D/Downloader(  744): Downloadserver bandWidth:3044
D/Downloader(  744): Downloadserver bandWidth:3044
D/MediaPlayerService(  744): [8] notify (0x522e8, 200, 704, 0)
D/MstarPlayer(  744): percent: 0
W/MediaPlayer( 1435): info/warning (704, 0)
I/MediaPlayer.java( 1435): Info (704,0)
D/MediaPlayerService(  744): [8] notify (0x522e8, 200, 704, 0)
D/MstarPlayer(  744): percent: 0
W/MediaPlayer( 1435): info/warning (704, 0)
I/MediaPlayer.java( 1435): Info (704,0)
D/DataSource_M3U8(  744): u32HLSSreamNum[0]===>u32BandWidth:1200000 
D/DataSource_M3U8(  744): getHLSPlayListInex  DownloadBandWidth:3044   uInDex=0
D/DataSource_M3U8(  744): [M3U8] checkShouldStartNext :[75](172/172)   sequence:0  start next:76  
D/DataSource_M3U8(  744): 
D/DataSource_M3U8(  744): 
D/DataSource_M3U8(  744): 
D/DataSource_M3U8(  744): [M3U8]-7----->This :0x30fd0 --> post cmd for start next url:http://cibn-iss1.longvisionmedia.com:8088/vod/CIBN2013_CIBN2113040100001913_12001300/76.ts, knowedFileSize:0, mCurDowningIndex:75
D/DataSource_M3U8(  744): 
D/DataSource_M3U8(  744): 
D/Downloader(  744): [downloadThread]Downloader::removeTask  
D/Downloader(  744): [downloadThread]task have range string:0- 
D/MediaPlayerService(  744): [8] notify (0x522e8, 200, 704, 0)
D/MstarPlayer(  744): percent: 0
W/MediaPlayer( 1435): info/warning (704, 0)
I/MediaPlayer.java( 1435): Info (704,0)
D/MediaPlayerService(  744): [8] notify (0x522e8, 200, 704, 0)
D/MstarPlayer(  744): percent: 0
W/MediaPlayer( 1435): info/warning (704, 0)
I/MediaPlayer.java( 1435): Info (704,0)
D/MediaPlayerService(  744): [8] notify (0x522e8, 200, 704, 0)
D/MstarPlayer(  744): percent: 0
W/MediaPlayer( 1435): info/warning (704, 0)
I/MediaPlayer.java( 1435): Info (704,0)
D/DataSource_M3U8(  744): 
D/DataSource_M3U8(  744):  Warnig::  getValidBufferLength()  <  Codec require !!!
D/MediaPlayerService(  744): [8] notify (0x522e8, 200, 704, 0)
D/MstarPlayer(  744): percent: 0
W/MediaPlayer( 1435): info/warning (704, 0)
I/MediaPlayer.java( 1435): Info (704,0)
D/MediaPlayerService(  744): [8] notify (0x522e8, 200, 704, 0)
D/MstarPlayer(  744): percent: 0
W/MediaPlayer( 1435): info/warning (704, 0)
I/MediaPlayer.java( 1435): Info (704,0)
D/MediaPlayerService(  744): [8] notify (0x522e8, 200, 704, 0)
D/MstarPlayer(  744): percent: 0
W/MediaPlayer( 1435): info/warning (704, 0)
I/MediaPlayer.java( 1435): Info (704,0)
D/MediaPlayerService(  744): [8] notify (0x522e8, 200, 704, 0)
D/MstarPlayer(  744): percent: 0
W/MediaPlayer( 1435): info/warning (704, 0)
I/MediaPlayer.java( 1435): Info (704,0)
D/Downloader(  744): Content-Length: 172
D/Downloader(  744): 
D/Downloader(  744): Downloadserver bandWidth:3801
D/Downloader(  744): Downloadserver bandWidth:3801
D/Downloader(  744): Downloadserver bandWidth:3801
D/Downloader(  744): Downloadserver bandWidth:3801
D/MediaPlayerService(  744): [8] notify (0x522e8, 200, 704, 0)
D/MstarPlayer(  744): percent: 0
W/MediaPlayer( 1435): info/warning (704, 0)
I/MediaPlayer.java( 1435): Info (704,0)
D/MediaPlayerService(  744): [8] notify (0x522e8, 200, 704, 0)
D/MstarPlayer(  744): percent: 0
W/MediaPlayer( 1435): info/warning (704, 0)
I/MediaPlayer.java( 1435): Info (704,0)
D/dalvikvm( 1505): GC_CONCURRENT freed 465K, 77% free 1387K/6019K, paused 1ms+1ms
D/MediaPlayerService(  744): [8] notify (0x522e8, 200, 704, 0)
D/MstarPlayer(  744): percent: 0
W/MediaPlayer( 1435): info/warning (704, 0)
I/MediaPlayer.java( 1435): Info (704,0)
D/DataSource_M3U8(  744): u32HLSSreamNum[0]===>u32BandWidth:1200000 
D/DataSource_M3U8(  744): getHLSPlayListInex  DownloadBandWidth:3801   uInDex=0
D/DataSource_M3U8(  744): [M3U8] checkShouldStartNext :[76](172/172)   sequence:0  start next:77  
D/DataSource_M3U8(  744): 
D/DataSource_M3U8(  744): 
D/DataSource_M3U8(  744): 
D/DataSource_M3U8(  744): [M3U8]-7----->This :0x30fd0 --> post cmd for start next url:http://cibn-iss1.longvisionmedia.com:8088/vod/CIBN2013_CIBN2113040100001913_12001300/77.ts, knowedFileSize:0, mCurDowningIndex:76
D/DataSource_M3U8(  744): 
D/DataSource_M3U8(  744): 
D/Downloader(  744): [downloadThread]Downloader::removeTask  
D/Downloader(  744): [downloadThread]task have range string:0- 
D/MediaPlayerService(  744): [8] notify (0x522e8, 3, 18, 0)
D/MediaPlayerService(  744): [8] notify (0x522e8, 200, 704, 0)
D/MstarPlayer(  744): percent: 0
W/MediaPlayer( 1435): info/warning (704, 0)
I/MediaPlayer.java( 1435): Info (704,0)
D/MediaPlayerService(  744): [8] notify (0x522e8, 200, 704, 0)
W/MediaPlayer( 1435): info/warning (704, 0)
I/MediaPlayer.java( 1435): Info (704,0)
D/MstarPlayer(  744): percent: 0
D/MediaPlayerService(  744): [8] notify (0x522e8, 200, 704, 0)
D/MstarPlayer(  744): percent: 0
W/MediaPlayer( 1435): info/warning (704, 0)
I/MediaPlayer.java( 1435): Info (704,0)
D/dalvikvm( 1505): GC_CONCURRENT freed 479K, 79% free 1301K/6019K, paused 1ms+1ms
D/MediaPlayerService(  744): [8] notify (0x522e8, 200, 704, 0)
D/MstarPlayer(  744): percent: 0
W/MediaPlayer( 1435): info/warning (704, 0)
I/MediaPlayer.java( 1435): Info (704,0)
D/MediaPlayerService(  744): [8] notify (0x522e8, 200, 704, 0)
D/MstarPlayer(  744): percent: 0
W/MediaPlayer( 1435): info/warning (704, 0)
I/MediaPlayer.java( 1435): Info (704,0)
D/MediaPlayerService(  744): [8] notify (0x522e8, 200, 704, 0)
D/MstarPlayer(  744): percent: 0
W/MediaPlayer( 1435): info/warning (704, 0)
I/MediaPlayer.java( 1435): Info (704,0)
D/MediaPlayerService(  744): [8] notify (0x522e8, 200, 704, 0)
D/MstarPlayer(  744): percent: 0
W/MediaPlayer( 1435): info/warning (704, 0)
I/MediaPlayer.java( 1435): Info (704,0)
D/Downloader(  744): Content-Length: 172
D/Downloader(  744): 
D/Downloader(  744): Downloadserver bandWidth:3739
D/Downloader(  744): Downloadserver bandWidth:3739
D/Downloader(  744): Downloadserver bandWidth:3739
D/Downloader(  744): Downloadserver bandWidth:3739
D/dalvikvm( 1505): GC_CONCURRENT freed 393K, 79% free 1301K/6019K, paused 1ms+1ms
D/MediaPlayerService(  744): [8] notify (0x522e8, 200, 704, 0)
D/MstarPlayer(  744): percent: 0
W/MediaPlayer( 1435): info/warning (704, 0)
I/MediaPlayer.java( 1435): Info (704,0)
D/MediaPlayerService(  744): [8] notify (0x522e8, 200, 704, 0)
D/MstarPlayer(  744): percent: 0
W/MediaPlayer( 1435): info/warning (704, 0)
I/MediaPlayer.java( 1435): Info (704,0)
D/MediaPlayerService(  744): [8] notify (0x522e8, 200, 704, 0)
D/MstarPlayer(  744): percent: 0
W/MediaPlayer( 1435): info/warning (704, 0)
I/MediaPlayer.java( 1435): Info (704,0)
D/DataSource_M3U8(  744): u32HLSSreamNum[0]===>u32BandWidth:1200000 
D/DataSource_M3U8(  744): getHLSPlayListInex  DownloadBandWidth:3739   uInDex=0
D/DataSource_M3U8(  744): [M3U8] checkShouldStartNext :[77](172/172)   sequence:0  start next:78  
D/DataSource_M3U8(  744): 
D/DataSource_M3U8(  744): 
D/DataSource_M3U8(  744): 
D/DataSource_M3U8(  744): [M3U8]-7----->This :0x30fd0 --> post cmd for start next url:http://cibn-iss1.longvisionmedia.com:8088/vod/CIBN2013_CIBN2113040100001913_12001300/78.ts, knowedFileSize:0, mCurDowningIndex:77
D/DataSource_M3U8(  744): 
D/DataSource_M3U8(  744): 
D/Downloader(  744): [downloadThread]Downloader::removeTask  
D/Downloader(  744): [downloadThread]task have range string:0- 
D/MediaPlayerService(  744): [8] notify (0x522e8, 200, 704, 0)
D/MstarPlayer(  744): percent: 0
W/MediaPlayer( 1435): info/warning (704, 0)
I/MediaPlayer.java( 1435): Info (704,0)
D/dalvikvm( 1505): GC_CONCURRENT freed 393K, 77% free 1415K/6019K, paused 0ms+1ms
D/MediaPlayerService(  744): [8] notify (0x522e8, 200, 704, 0)
D/MstarPlayer(  744): percent: 0
W/MediaPlayer( 1435): info/warning (704, 0)
I/MediaPlayer.java( 1435): Info (704,0)
D/DataSource_M3U8(  744): 
D/DataSource_M3U8(  744):  Warnig::  getValidBufferLength()  <  Codec require !!!
D/MediaPlayerService(  744): [8] notify (0x522e8, 200, 704, 0)
D/MstarPlayer(  744): percent: 0
W/MediaPlayer( 1435): info/warning (704, 0)
I/MediaPlayer.java( 1435): Info (704,0)
D/MediaPlayerService(  744): [8] notify (0x522e8, 200, 704, 0)
D/MstarPlayer(  744): percent: 0
W/MediaPlayer( 1435): info/warning (704, 0)
I/MediaPlayer.java( 1435): Info (704,0)
D/MediaPlayerService(  744): [8] notify (0x522e8, 200, 704, 0)
D/MstarPlayer(  744): percent: 0
W/MediaPlayer( 1435): info/warning (704, 0)
I/MediaPlayer.java( 1435): Info (704,0)
D/MediaPlayerService(  744): [8] notify (0x522e8, 200, 704, 0)
D/MstarPlayer(  744): percent: 0
W/MediaPlayer( 1435): info/warning (704, 0)
I/MediaPlayer.java( 1435): Info (704,0)
D/dalvikvm( 1505): GC_CONCURRENT freed 496K, 79% free 1304K/6019K, paused 1ms+1ms
D/MediaPlayerService(  744): [8] notify (0x522e8, 200, 704, 0)
D/MstarPlayer(  744): percent: 0
W/MediaPlayer( 1435): info/warning (704, 0)
I/MediaPlayer.java( 1435): Info (704,0)
D/MediaPlayerService(  744): [8] notify (0x522e8, 200, 704, 0)
D/MstarPlayer(  744): percent: 0
W/MediaPlayer( 1435): info/warning (704, 0)
I/MediaPlayer.java( 1435): Info (704,0)
D/Downloader(  744): Content-Length: 172
D/Downloader(  744): 
D/Downloader(  744): Downloadserver bandWidth:3127
D/Downloader(  744): Downloadserver bandWidth:3127
D/Downloader(  744): Downloadserver bandWidth:3120
D/Downloader(  744): Downloadserver bandWidth:3120
D/MediaPlayerService(  744): [8] notify (0x522e8, 200, 704, 0)
D/MstarPlayer(  744): percent: 0
W/MediaPlayer( 1435): info/warning (704, 0)
I/MediaPlayer.java( 1435): Info (704,0)
D/dalvikvm( 1505): GC_CONCURRENT freed 396K, 78% free 1326K/6019K, paused 1ms+1ms
D/MediaPlayerService(  744): [8] notify (0x522e8, 200, 704, 0)
D/MstarPlayer(  744): percent: 0
W/MediaPlayer( 1435): info/warning (704, 0)
I/MediaPlayer.java( 1435): Info (704,0)
D/DataSource_M3U8(  744): u32HLSSreamNum[0]===>u32BandWidth:1200000 
D/DataSource_M3U8(  744): getHLSPlayListInex  DownloadBandWidth:3120   uInDex=0
D/DataSource_M3U8(  744): [M3U8] checkShouldStartNext :[78](172/172)   sequence:0  start next:79  
D/DataSource_M3U8(  744): 
D/DataSource_M3U8(  744): 
D/DataSource_M3U8(  744): 
D/DataSource_M3U8(  744): [M3U8]-7----->This :0x30fd0 --> post cmd for start next url:http://cibn-iss1.longvisionmedia.com:8088/vod/CIBN2013_CIBN2113040100001913_12001300/79.ts, knowedFileSize:0, mCurDowningIndex:78
D/DataSource_M3U8(  744): 
D/DataSource_M3U8(  744): 
D/Downloader(  744): [downloadThread]Downloader::removeTask  
D/Downloader(  744): [downloadThread]task have range string:0- 
D/MediaPlayerService(  744): [8] notify (0x522e8, 200, 704, 0)
D/MstarPlayer(  744): percent: 0
W/MediaPlayer( 1435): info/warning (704, 0)
I/MediaPlayer.java( 1435): Info (704,0)
D/MediaPlayerService(  744): [8] notify (0x522e8, 200, 704, 0)
D/MstarPlayer(  744): percent: 0
W/MediaPlayer( 1435): info/warning (704, 0)
I/MediaPlayer.java( 1435): Info (704,0)
D/dalvikvm( 1505): GC_CONCURRENT freed 406K, 77% free 1397K/6019K, paused 1ms+1ms
D/MediaPlayerService(  744): [8] notify (0x522e8, 200, 704, 0)
D/MstarPlayer(  744): percent: 0
W/MediaPlayer( 1435): info/warning (704, 0)
I/MediaPlayer.java( 1435): Info (704,0)
D/MediaPlayerService(  744): [8] notify (0x522e8, 200, 704, 0)
D/MstarPlayer(  744): percent: 0
W/MediaPlayer( 1435): info/warning (704, 0)
I/MediaPlayer.java( 1435): Info (704,0)
D/MediaPlayerService(  744): [8] notify (0x522e8, 200, 704, 0)
D/MstarPlayer(  744): percent: 0
W/MediaPlayer( 1435): info/warning (704, 0)
I/MediaPlayer.java( 1435): Info (704,0)
D/dalvikvm( 1505): GC_CONCURRENT freed 474K, 77% free 1402K/6019K, paused 1ms+1ms
D/MediaPlayerService(  744): [8] notify (0x522e8, 200, 704, 0)
D/MstarPlayer(  744): percent: 0
W/MediaPlayer( 1435): info/warning (704, 0)
I/MediaPlayer.java( 1435): Info (704,0)
D/Downloader(  744): Content-Length: 172
D/Downloader(  744): 
D/Downloader(  744): Downloadserver bandWidth:4340
D/Downloader(  744): Downloadserver bandWidth:4340
D/Downloader(  744): Downloadserver bandWidth:4340
D/Downloader(  744): Downloadserver bandWidth:4340
D/MediaPlayerService(  744): [8] notify (0x522e8, 200, 704, 0)
D/MstarPlayer(  744): percent: 0
W/MediaPlayer( 1435): info/warning (704, 0)
I/MediaPlayer.java( 1435): Info (704,0)
D/MediaPlayerService(  744): [8] notify (0x522e8, 200, 704, 0)
D/MstarPlayer(  744): percent: 0
W/MediaPlayer( 1435): info/warning (704, 0)
I/MediaPlayer.java( 1435): Info (704,0)
D/MediaPlayerService(  744): [8] notify (0x522e8, 200, 704, 0)
D/MstarPlayer(  744): percent: 0
W/MediaPlayer( 1435): info/warning (704, 0)
I/MediaPlayer.java( 1435): Info (704,0)
D/MediaPlayerService(  744): [8] notify (0x522e8, 200, 704, 0)
D/MstarPlayer(  744): percent: 0
W/MediaPlayer( 1435): info/warning (704, 0)
I/MediaPlayer.java( 1435): Info (704,0)
D/DataSource_M3U8(  744): u32HLSSreamNum[0]===>u32BandWidth:1200000 
D/DataSource_M3U8(  744): getHLSPlayListInex  DownloadBandWidth:4340   uInDex=0
D/DataSource_M3U8(  744): [M3U8] checkShouldStartNext :[79](172/172)   sequence:0  start next:80  
D/DataSource_M3U8(  744): 
D/DataSource_M3U8(  744): 
D/DataSource_M3U8(  744): 
D/DataSource_M3U8(  744): [M3U8]-7----->This :0x30fd0 --> post cmd for start next url:http://cibn-iss1.longvisionmedia.com:8088/vod/CIBN2013_CIBN2113040100001913_12001300/80.ts, knowedFileSize:0, mCurDowningIndex:79
D/DataSource_M3U8(  744): 
D/DataSource_M3U8(  744): 
D/Downloader(  744): [downloadThread]Downloader::removeTask  
D/Downloader(  744): [downloadThread]task have range string:0- 
D/dalvikvm( 1505): GC_CONCURRENT freed 486K, 77% free 1426K/6019K, paused 1ms+2ms
D/MediaPlayerService(  744): [8] notify (0x522e8, 200, 704, 0)
D/MstarPlayer(  744): percent: 0
W/MediaPlayer( 1435): info/warning (704, 0)
I/MediaPlayer.java( 1435): Info (704,0)
D/MediaPlayerService(  744): [8] notify (0x522e8, 200, 704, 0)
D/MstarPlayer(  744): percent: 0
W/MediaPlayer( 1435): info/warning (704, 0)
I/MediaPlayer.java( 1435): Info (704,0)
D/DataSource_M3U8(  744): 
D/DataSource_M3U8(  744):  Warnig::  getValidBufferLength()  <  Codec require !!!
D/MediaPlayerService(  744): [8] notify (0x522e8, 200, 704, 0)
D/MstarPlayer(  744): percent: 0
W/MediaPlayer( 1435): info/warning (704, 0)
I/MediaPlayer.java( 1435): Info (704,0)
D/dalvikvm( 1505): GC_CONCURRENT freed 519K, 79% free 1302K/6019K, paused 1ms+1ms
D/MediaPlayerService(  744): [8] notify (0x522e8, 200, 704, 0)
D/MstarPlayer(  744): percent: 0
W/MediaPlayer( 1435): info/warning (704, 0)
I/MediaPlayer.java( 1435): Info (704,0)
D/MediaPlayerService(  744): [8] notify (0x522e8, 200, 704, 0)
D/MstarPlayer(  744): percent: 0
W/MediaPlayer( 1435): info/warning (704, 0)
I/MediaPlayer.java( 1435): Info (704,0)
D/MediaPlayerService(  744): [8] notify (0x522e8, 200, 704, 0)
D/MstarPlayer(  744): percent: 0
W/MediaPlayer( 1435): info/warning (704, 0)
I/MediaPlayer.java( 1435): Info (704,0)
D/MediaPlayerService(  744): [8] notify (0x522e8, 200, 704, 0)
D/MstarPlayer(  744): percent: 0
W/MediaPlayer( 1435): info/warning (704, 0)
I/MediaPlayer.java( 1435): Info (704,0)
D/dalvikvm( 1505): GC_CONCURRENT freed 395K, 78% free 1384K/6019K, paused 1ms+1ms
D/MediaPlayerService(  744): [8] notify (0x522e8, 200, 704, 0)
D/MstarPlayer(  744): percent: 0
W/MediaPlayer( 1435): info/warning (704, 0)
I/MediaPlayer.java( 1435): Info (704,0)
D/MediaPlayerService(  744): [8] notify (0x522e8, 200, 704, 0)
D/MstarPlayer(  744): percent: 0
W/MediaPlayer( 1435): info/warning (704, 0)
I/MediaPlayer.java( 1435): Info (704,0)
D/Downloader(  744): Content-Length: 172
D/Downloader(  744): 
D/Downloader(  744): Downloadserver bandWidth:2978
D/Downloader(  744): Downloadserver bandWidth:2978
D/Downloader(  744): Downloadserver bandWidth:2978
D/Downloader(  744): Downloadserver bandWidth:2978
D/MediaPlayerService(  744): [8] notify (0x522e8, 200, 704, 0)
D/MstarPlayer(  744): percent: 0
W/MediaPlayer( 1435): info/warning (704, 0)
I/MediaPlayer.java( 1435): Info (704,0)
D/dalvikvm( 1505): GC_CONCURRENT freed 478K, 79% free 1290K/6019K, paused 1ms+2ms
D/DataSource_M3U8(  744): ----------UpdatePlaylistThread runing... 
D/DataSource_M3U8(  744): u32HLSSreamNum[0]===>u32BandWidth:1200000 
D/DataSource_M3U8(  744): getHLSPlayListInex  DownloadBandWidth:2978   uInDex=0
D/DataSource_M3U8(  744): [M3U8] checkShouldStartNext :[80](172/172)   sequence:0  start next:81  
D/DataSource_M3U8(  744): 
D/DataSource_M3U8(  744): 
D/DataSource_M3U8(  744): 
D/DataSource_M3U8(  744): [M3U8]-7----->This :0x30fd0 --> post cmd for start next url:http://cibn-iss1.longvisionmedia.com:8088/vod/CIBN2013_CIBN2113040100001913_12001300/81.ts, knowedFileSize:0, mCurDowningIndex:80
D/DataSource_M3U8(  744): 
D/DataSource_M3U8(  744): 
D/Downloader(  744): [downloadThread]Downloader::removeTask  
D/Downloader(  744): [downloadThread]task have range string:0- 
D/MediaPlayerService(  744): [8] notify (0x522e8, 200, 704, 0)
D/MstarPlayer(  744): percent: 0
W/MediaPlayer( 1435): info/warning (704, 0)
I/MediaPlayer.java( 1435): Info (704,0)
D/MediaPlayerService(  744): [8] notify (0x522e8, 200, 704, 0)
D/MstarPlayer(  744): percent: 0
W/MediaPlayer( 1435): info/warning (704, 0)
I/MediaPlayer.java( 1435): Info (704,0)
D/MediaPlayerService(  744): [8] notify (0x522e8, 200, 704, 0)
D/MstarPlayer(  744): percent: 0
W/MediaPlayer( 1435): info/warning (704, 0)
I/MediaPlayer.java( 1435): Info (704,0)
D/MediaPlayerService(  744): [8] notify (0x522e8, 200, 704, 0)
D/MstarPlayer(  744): percent: 0
W/MediaPlayer( 1435): info/warning (704, 0)
I/MediaPlayer.java( 1435): Info (704,0)
D/MediaPlayerService(  744): [8] notify (0x522e8, 200, 704, 0)
D/MstarPlayer(  744): percent: 0
W/MediaPlayer( 1435): info/warning (704, 0)
I/MediaPlayer.java( 1435): Info (704,0)
D/MediaPlayerService(  744): [8] notify (0x522e8, 200, 704, 0)
D/MstarPlayer(  744): percent: 0
W/MediaPlayer( 1435): info/warning (704, 0)
I/MediaPlayer.java( 1435): Info (704,0)
D/MediaPlayerService(  744): [8] notify (0x522e8, 200, 704, 0)
D/MstarPlayer(  744): percent: 0
W/MediaPlayer( 1435): info/warning (704, 0)
I/MediaPlayer.java( 1435): Info (704,0)
D/MediaPlayerService(  744): [8] notify (0x522e8, 200, 704, 0)
D/MstarPlayer(  744): percent: 0
W/MediaPlayer( 1435): info/warning (704, 0)
I/MediaPlayer.java( 1435): Info (704,0)
D/MediaPlayerService(  744): [8] notify (0x522e8, 200, 704, 0)
D/MstarPlayer(  744): percent: 0
W/MediaPlayer( 1435): info/warning (704, 0)
I/MediaPlayer.java( 1435): Info (704,0)
D/Downloader(  744): Content-Length: 172
D/Downloader(  744): 
D/Downloader(  744): Downloadserver bandWidth:2978
D/Downloader(  744): Downloadserver bandWidth:2978
D/Downloader(  744): Downloadserver bandWidth:2978
D/Downloader(  744): Downloadserver bandWidth:2978
D/MediaPlayerService(  744): [8] notify (0x522e8, 200, 704, 0)
D/MstarPlayer(  744): percent: 0
W/MediaPlayer( 1435): info/warning (704, 0)
I/MediaPlayer.java( 1435): Info (704,0)
D/DataSource_M3U8(  744): u32HLSSreamNum[0]===>u32BandWidth:1200000 
D/DataSource_M3U8(  744): getHLSPlayListInex  DownloadBandWidth:2978   uInDex=0
D/DataSource_M3U8(  744): [M3U8] checkShouldStartNext :[81](172/172)   sequence:0  start next:82  
D/DataSource_M3U8(  744): 
D/DataSource_M3U8(  744): 
D/DataSource_M3U8(  744): 
D/DataSource_M3U8(  744): [M3U8]-7----->This :0x30fd0 --> post cmd for start next url:http://cibn-iss1.longvisionmedia.com:8088/vod/CIBN2013_CIBN2113040100001913_12001300/82.ts, knowedFileSize:0, mCurDowningIndex:81
D/DataSource_M3U8(  744): 
D/DataSource_M3U8(  744): 
D/Downloader(  744): [downloadThread]Downloader::removeTask  
D/Downloader(  744): [downloadThread]task have range string:0- 
D/MediaPlayerService(  744): [8] notify (0x522e8, 3, 19, 0)
D/MediaPlayerService(  744): [8] notify (0x522e8, 200, 704, 0)
D/MstarPlayer(  744): percent: 0
W/MediaPlayer( 1435): info/warning (704, 0)
I/MediaPlayer.java( 1435): Info (704,0)
D/MediaPlayerService(  744): [8] notify (0x522e8, 200, 704, 0)
D/MstarPlayer(  744): percent: 0
W/MediaPlayer( 1435): info/warning (704, 0)
I/MediaPlayer.java( 1435): Info (704,0)
D/DataSource_M3U8(  744): 
D/DataSource_M3U8(  744):  Warnig::  getValidBufferLength()  <  Codec require !!!
D/MediaPlayerService(  744): [8] notify (0x522e8, 200, 704, 0)
D/MstarPlayer(  744): percent: 0
W/MediaPlayer( 1435): info/warning (704, 0)
I/MediaPlayer.java( 1435): Info (704,0)
D/MediaPlayerService(  744): [8] notify (0x522e8, 200, 704, 0)
D/MstarPlayer(  744): percent: 0
W/MediaPlayer( 1435): info/warning (704, 0)
I/MediaPlayer.java( 1435): Info (704,0)
D/MediaPlayerService(  744): [8] notify (0x522e8, 200, 704, 0)
D/MstarPlayer(  744): percent: 0
W/MediaPlayer( 1435): info/warning (704, 0)
I/MediaPlayer.java( 1435): Info (704,0)
D/MediaPlayerService(  744): [8] notify (0x522e8, 200, 704, 0)
D/MstarPlayer(  744): percent: 0
W/MediaPlayer( 1435): info/warning (704, 0)
I/MediaPlayer.java( 1435): Info (704,0)
D/MediaPlayerService(  744): [8] notify (0x522e8, 200, 704, 0)
D/MstarPlayer(  744): percent: 0
W/MediaPlayer( 1435): info/warning (704, 0)
I/MediaPlayer.java( 1435): Info (704,0)
D/MediaPlayerService(  744): [8] notify (0x522e8, 200, 704, 0)
D/MstarPlayer(  744): percent: 0
W/MediaPlayer( 1435): info/warning (704, 0)
I/MediaPlayer.java( 1435): Info (704,0)
D/MediaPlayerService(  744): [8] notify (0x522e8, 200, 704, 0)
D/MstarPlayer(  744): percent: 0
W/MediaPlayer( 1435): info/warning (704, 0)
I/MediaPlayer.java( 1435): Info (704,0)
D/MediaPlayerService(  744): [8] notify (0x522e8, 200, 704, 0)
D/MstarPlayer(  744): percent: 0
W/MediaPlayer( 1435): info/warning (704, 0)
I/MediaPlayer.java( 1435): Info (704,0)
D/MediaPlayerService(  744): [8] notify (0x522e8, 200, 704, 0)
D/MstarPlayer(  744): percent: 0
W/MediaPlayer( 1435): info/warning (704, 0)
I/MediaPlayer.java( 1435): Info (704,0)
D/MediaPlayerService(  744): [8] notify (0x522e8, 200, 704, 0)
D/MstarPlayer(  744): percent: 0
W/MediaPlayer( 1435): info/warning (704, 0)
I/MediaPlayer.java( 1435): Info (704,0)
D/MediaPlayerService(  744): [8] notify (0x522e8, 200, 704, 0)
D/MstarPlayer(  744): percent: 0
W/MediaPlayer( 1435): info/warning (704, 0)
I/MediaPlayer.java( 1435): Info (704,0)
D/MediaPlayerService(  744): [8] notify (0x522e8, 200, 704, 0)
D/MstarPlayer(  744): percent: 0
W/MediaPlayer( 1435): info/warning (704, 0)
I/MediaPlayer.java( 1435): Info (704,0)
D/MediaPlayerService(  744): [8] notify (0x522e8, 200, 704, 0)
D/MstarPlayer(  744): percent: 0
W/MediaPlayer( 1435): info/warning (704, 0)
I/MediaPlayer.java( 1435): Info (704,0)
D/MediaPlayerService(  744): [8] notify (0x522e8, 200, 704, 0)
D/MstarPlayer(  744): percent: 0
W/MediaPlayer( 1435): info/warning (704, 0)
I/MediaPlayer.java( 1435): Info (704,0)
D/MediaPlayerService(  744): [8] notify (0x522e8, 200, 704, 0)
D/MstarPlayer(  744): percent: 0
W/MediaPlayer( 1435): info/warning (704, 0)
I/MediaPlayer.java( 1435): Info (704,0)
D/MediaPlayerService(  744): [8] notify (0x522e8, 200, 704, 0)
D/MstarPlayer(  744): percent: 0
W/MediaPlayer( 1435): info/warning (704, 0)
I/MediaPlayer.java( 1435): Info (704,0)
D/MediaPlayerService(  744): [8] notify (0x522e8, 200, 704, 0)
D/MstarPlayer(  744): percent: 0
W/MediaPlayer( 1435): info/warning (704, 0)
I/MediaPlayer.java( 1435): Info (704,0)
D/MediaPlayerService(  744): [8] notify (0x522e8, 200, 704, 0)
D/MstarPlayer(  744): percent: 0
W/MediaPlayer( 1435): info/warning (704, 0)
I/MediaPlayer.java( 1435): Info (704,0)
D/MediaPlayerService(  744): [8] notify (0x522e8, 200, 704, 0)
D/MstarPlayer(  744): percent: 0
W/MediaPlayer( 1435): info/warning (704, 0)
I/MediaPlayer.java( 1435): Info (704,0)
D/MediaPlayerService(  744): [8] notify (0x522e8, 200, 704, 0)
D/MstarPlayer(  744): percent: 0
W/MediaPlayer( 1435): info/warning (704, 0)
I/MediaPlayer.java( 1435): Info (704,0)
D/MediaPlayerService(  744): [8] notify (0x522e8, 200, 704, 0)
D/MstarPlayer(  744): percent: 0
W/MediaPlayer( 1435): info/warning (704, 0)
I/MediaPlayer.java( 1435): Info (704,0)
D/MediaPlayerService(  744): [8] notify (0x522e8, 200, 704, 0)
D/MstarPlayer(  744): percent: 0
W/MediaPlayer( 1435): info/warning (704, 0)
I/MediaPlayer.java( 1435): Info (704,0)
D/MediaPlayerService(  744): [8] notify (0x522e8, 200, 704, 0)
D/MstarPlayer(  744): percent: 0
W/MediaPlayer( 1435): info/warning (704, 0)
I/MediaPlayer.java( 1435): Info (704,0)
D/MediaPlayerService(  744): [8] notify (0x522e8, 200, 704, 0)
D/MstarPlayer(  744): percent: 0
W/MediaPlayer( 1435): info/warning (704, 0)
I/MediaPlayer.java( 1435): Info (704,0)
D/MediaPlayerService(  744): [8] notify (0x522e8, 200, 704, 0)
D/MstarPlayer(  744): percent: 0
W/MediaPlayer( 1435): info/warning (704, 0)
I/MediaPlayer.java( 1435): Info (704,0)
D/MediaPlayerService(  744): [8] notify (0x522e8, 200, 704, 0)
D/MstarPlayer(  744): percent: 0
W/MediaPlayer( 1435): info/warning (704, 0)
I/MediaPlayer.java( 1435): Info (704,0)
D/MediaPlayerService(  744): [8] notify (0x522e8, 200, 704, 0)
D/MstarPlayer(  744): percent: 0
W/MediaPlayer( 1435): info/warning (704, 0)
I/MediaPlayer.java( 1435): Info (704,0)
D/MediaPlayerService(  744): [8] notify (0x522e8, 200, 704, 0)
D/MstarPlayer(  744): percent: 0
W/MediaPlayer( 1435): info/warning (704, 0)
I/MediaPlayer.java( 1435): Info (704,0)
D/MediaPlayerService(  744): [8] notify (0x522e8, 200, 704, 0)
D/MstarPlayer(  744): percent: 0
W/MediaPlayer( 1435): info/warning (704, 0)
I/MediaPlayer.java( 1435): Info (704,0)
D/MediaPlayerService(  744): [8] notify (0x522e8, 200, 704, 0)
D/MstarPlayer(  744): percent: 0
W/MediaPlayer( 1435): info/warning (704, 0)
I/MediaPlayer.java( 1435): Info (704,0)
D/MediaPlayerService(  744): [8] notify (0x522e8, 200, 704, 0)
D/MstarPlayer(  744): percent: 0
W/MediaPlayer( 1435): info/warning (704, 0)
I/MediaPlayer.java( 1435): Info (704,0)
D/MediaPlayerService(  744): [8] notify (0x522e8, 200, 704, 0)
D/MstarPlayer(  744): percent: 0
W/MediaPlayer( 1435): info/warning (704, 0)
I/MediaPlayer.java( 1435): Info (704,0)
D/MediaPlayerService(  744): [8] notify (0x522e8, 200, 704, 0)
D/MstarPlayer(  744): percent: 0
W/MediaPlayer( 1435): info/warning (704, 0)
I/MediaPlayer.java( 1435): Info (704,0)
D/MediaPlayerService(  744): [8] notify (0x522e8, 200, 704, 0)
D/MstarPlayer(  744): percent: 0
W/MediaPlayer( 1435): info/warning (704, 0)
I/MediaPlayer.java( 1435): Info (704,0)
D/MediaPlayerService(  744): [8] notify (0x522e8, 200, 704, 0)
D/MstarPlayer(  744): percent: 0
W/MediaPlayer( 1435): info/warning (704, 0)
I/MediaPlayer.java( 1435): Info (704,0)
D/MediaPlayerService(  744): [8] notify (0x522e8, 200, 704, 0)
D/MstarPlayer(  744): percent: 0
W/MediaPlayer( 1435): info/warning (704, 0)
I/MediaPlayer.java( 1435): Info (704,0)
D/dalvikvm( 1505): GC_CONCURRENT freed 382K, 79% free 1299K/6019K, paused 1ms+1ms
D/MediaPlayerService(  744): [8] notify (0x522e8, 200, 704, 0)
D/MstarPlayer(  744): percent: 0
W/MediaPlayer( 1435): info/warning (704, 0)
I/MediaPlayer.java( 1435): Info (704,0)
D/HomePlayerLib( 1505): hostaddress count is 1
D/MediaPlayerService(  744): [8] notify (0x522e8, 200, 704, 0)
D/MstarPlayer(  744): percent: 0
W/MediaPlayer( 1435): info/warning (704, 0)
I/MediaPlayer.java( 1435): Info (704,0)
D/dalvikvm( 1505): GC_CONCURRENT freed 387K, 79% free 1312K/6019K, paused 1ms+1ms
D/MediaPlayerService(  744): [8] notify (0x522e8, 200, 704, 0)
D/MstarPlayer(  744): percent: 0
W/MediaPlayer( 1435): info/warning (704, 0)
I/MediaPlayer.java( 1435): Info (704,0)
D/dalvikvm( 1505): GC_CONCURRENT freed 403K, 77% free 1408K/6019K, paused 1ms+1ms
D/MediaPlayerService(  744): [8] notify (0x522e8, 200, 704, 0)
D/MstarPlayer(  744): percent: 0
W/MediaPlayer( 1435): info/warning (704, 0)
I/MediaPlayer.java( 1435): Info (704,0)
D/dalvikvm( 1505): GC_CONCURRENT freed 499K, 79% free 1323K/6019K, paused 1ms+1ms
D/MediaPlayerService(  744): [8] notify (0x522e8, 200, 704, 0)
D/MstarPlayer(  744): percent: 0
W/MediaPlayer( 1435): info/warning (704, 0)
I/MediaPlayer.java( 1435): Info (704,0)
D/MediaPlayerService(  744): [8] notify (0x522e8, 200, 704, 0)
D/MstarPlayer(  744): percent: 0
W/MediaPlayer( 1435): info/warning (704, 0)
I/MediaPlayer.java( 1435): Info (704,0)
D/MediaPlayerService(  744): [8] notify (0x522e8, 200, 704, 0)
D/MstarPlayer(  744): percent: 0
W/MediaPlayer( 1435): info/warning (704, 0)
I/MediaPlayer.java( 1435): Info (704,0)
D/MediaPlayerService(  744): [8] notify (0x522e8, 200, 704, 0)
D/MstarPlayer(  744): percent: 0
W/MediaPlayer( 1435): info/warning (704, 0)
I/MediaPlayer.java( 1435): Info (704,0)
D/dalvikvm( 1505): GC_CONCURRENT freed 402K, 78% free 1361K/6019K, paused 1ms+1ms
D/MediaPlayerService(  744): [8] notify (0x522e8, 200, 704, 0)
D/MstarPlayer(  744): percent: 0
W/MediaPlayer( 1435): info/warning (704, 0)
I/MediaPlayer.java( 1435): Info (704,0)
D/dalvikvm( 1505): GC_CONCURRENT freed 437K, 76% free 1459K/6019K, paused 1ms+2ms
D/MediaPlayerService(  744): [8] notify (0x522e8, 200, 704, 0)
D/MstarPlayer(  744): percent: 0
W/MediaPlayer( 1435): info/warning (704, 0)
I/MediaPlayer.java( 1435): Info (704,0)
D/MediaPlayerService(  744): [8] notify (0x522e8, 200, 704, 0)
D/MstarPlayer(  744): percent: 0
W/MediaPlayer( 1435): info/warning (704, 0)
I/MediaPlayer.java( 1435): Info (704,0)
D/MediaPlayerService(  744): [8] notify (0x522e8, 200, 704, 0)
D/MstarPlayer(  744): percent: 0
W/MediaPlayer( 1435): info/warning (704, 0)
I/MediaPlayer.java( 1435): Info (704,0)
D/dalvikvm( 1505): GC_CONCURRENT freed 519K, 78% free 1337K/6019K, paused 1ms+1ms
D/MediaPlayerService(  744): [8] notify (0x522e8, 200, 704, 0)
D/MstarPlayer(  744): percent: 0
W/MediaPlayer( 1435): info/warning (704, 0)
I/MediaPlayer.java( 1435): Info (704,0)
D/dalvikvm( 1505): GC_CONCURRENT freed 386K, 78% free 1337K/6019K, paused 1ms+1ms
D/MediaPlayerService(  744): [8] notify (0x522e8, 200, 704, 0)
D/MstarPlayer(  744): percent: 0
W/MediaPlayer( 1435): info/warning (704, 0)
I/MediaPlayer.java( 1435): Info (704,0)
D/MediaPlayerService(  744): [8] notify (0x522e8, 200, 704, 0)
D/MstarPlayer(  744): percent: 0
W/MediaPlayer( 1435): info/warning (704, 0)
I/MediaPlayer.java( 1435): Info (704,0)
D/MediaPlayerService(  744): [8] notify (0x522e8, 200, 704, 0)
D/MstarPlayer(  744): percent: 0
W/MediaPlayer( 1435): info/warning (704, 0)
I/MediaPlayer.java( 1435): Info (704,0)
D/dalvikvm( 1505): GC_CONCURRENT freed 411K, 78% free 1373K/6019K, paused 1ms+2ms
D/MediaPlayerService(  744): [8] notify (0x522e8, 200, 704, 0)
D/MstarPlayer(  744): percent: 0
W/MediaPlayer( 1435): info/warning (704, 0)
I/MediaPlayer.java( 1435): Info (704,0)
D/MediaPlayerService(  744): [8] notify (0x522e8, 200, 704, 0)
D/MstarPlayer(  744): percent: 0
W/MediaPlayer( 1435): info/warning (704, 0)
I/MediaPlayer.java( 1435): Info (704,0)
D/MediaPlayerService(  744): [8] notify (0x522e8, 200, 704, 0)
D/MstarPlayer(  744): percent: 0
W/MediaPlayer( 1435): info/warning (704, 0)
I/MediaPlayer.java( 1435): Info (704,0)
D/MediaPlayerService(  744): [8] notify (0x522e8, 200, 704, 0)
D/MstarPlayer(  744): percent: 0
W/MediaPlayer( 1435): info/warning (704, 0)
I/MediaPlayer.java( 1435): Info (704,0)
D/dalvikvm( 1505): GC_CONCURRENT freed 432K, 76% free 1456K/6019K, paused 1ms+1ms
D/MediaPlayerService(  744): [8] notify (0x522e8, 200, 704, 0)
D/MstarPlayer(  744): percent: 0
W/MediaPlayer( 1435): info/warning (704, 0)
I/MediaPlayer.java( 1435): Info (704,0)
D/MediaPlayerService(  744): [8] notify (0x522e8, 200, 704, 0)
D/MstarPlayer(  744): percent: 0
W/MediaPlayer( 1435): info/warning (704, 0)
I/MediaPlayer.java( 1435): Info (704,0)
D/MediaPlayerService(  744): [8] notify (0x522e8, 200, 704, 0)
D/MstarPlayer(  744): percent: 0
W/MediaPlayer( 1435): info/warning (704, 0)
I/MediaPlayer.java( 1435): Info (704,0)
D/MediaPlayerService(  744): [8] notify (0x522e8, 200, 704, 0)
D/MstarPlayer(  744): percent: 0
W/MediaPlayer( 1435): info/warning (704, 0)
I/MediaPlayer.java( 1435): Info (704,0)
D/MediaPlayerService(  744): [8] notify (0x522e8, 200, 704, 0)
D/MstarPlayer(  744): percent: 0
W/MediaPlayer( 1435): info/warning (704, 0)
I/MediaPlayer.java( 1435): Info (704,0)
D/MediaPlayerService(  744): [8] notify (0x522e8, 200, 704, 0)
D/MstarPlayer(  744): percent: 0
W/MediaPlayer( 1435): info/warning (704, 0)
I/MediaPlayer.java( 1435): Info (704,0)
D/MediaPlayerService(  744): [8] notify (0x522e8, 200, 704, 0)
D/MstarPlayer(  744): percent: 0
W/MediaPlayer( 1435): info/warning (704, 0)
I/MediaPlayer.java( 1435): Info (704,0)
D/MediaPlayerService(  744): [8] notify (0x522e8, 200, 704, 0)
D/MstarPlayer(  744): percent: 0
W/MediaPlayer( 1435): info/warning (704, 0)
I/MediaPlayer.java( 1435): Info (704,0)
D/MediaPlayerService(  744): [8] notify (0x522e8, 200, 704, 0)
D/MstarPlayer(  744): percent: 0
W/MediaPlayer( 1435): info/warning (704, 0)
I/MediaPlayer.java( 1435): Info (704,0)
D/MediaPlayerService(  744): [8] notify (0x522e8, 200, 704, 0)
D/MstarPlayer(  744): percent: 0
W/MediaPlayer( 1435): info/warning (704, 0)
I/MediaPlayer.java( 1435): Info (704,0)
D/MediaPlayerService(  744): [8] notify (0x522e8, 200, 704, 0)
D/MstarPlayer(  744): percent: 0
W/MediaPlayer( 1435): info/warning (704, 0)
I/MediaPlayer.java( 1435): Info (704,0)
D/MediaPlayerService(  744): [8] notify (0x522e8, 200, 704, 0)
D/MstarPlayer(  744): percent: 0
W/MediaPlayer( 1435): info/warning (704, 0)
I/MediaPlayer.java( 1435): Info (704,0)
D/MediaPlayerService(  744): [8] notify (0x522e8, 200, 704, 0)
D/MstarPlayer(  744): percent: 0
W/MediaPlayer( 1435): info/warning (704, 0)
I/MediaPlayer.java( 1435): Info (704,0)
D/MediaPlayerService(  744): [8] notify (0x522e8, 200, 704, 0)
D/MstarPlayer(  744): percent: 0
W/MediaPlayer( 1435): info/warning (704, 0)
I/MediaPlayer.java( 1435): Info (704,0)
D/MediaPlayerService(  744): [8] notify (0x522e8, 200, 704, 0)
D/MstarPlayer(  744): percent: 0
W/MediaPlayer( 1435): info/warning (704, 0)
I/MediaPlayer.java( 1435): Info (704,0)
D/MediaPlayerService(  744): [8] notify (0x522e8, 200, 704, 0)
D/MstarPlayer(  744): percent: 0
W/MediaPlayer( 1435): info/warning (704, 0)
I/MediaPlayer.java( 1435): Info (704,0)
D/MediaPlayerService(  744): [8] notify (0x522e8, 200, 704, 0)
D/MstarPlayer(  744): percent: 0
W/MediaPlayer( 1435): info/warning (704, 0)
I/MediaPlayer.java( 1435): Info (704,0)
D/MediaPlayerService(  744): [8] notify (0x522e8, 200, 704, 0)
D/MstarPlayer(  744): percent: 0
W/MediaPlayer( 1435): info/warning (704, 0)
I/MediaPlayer.java( 1435): Info (704,0)
D/MediaPlayerService(  744): [8] notify (0x522e8, 200, 704, 0)
D/MstarPlayer(  744): percent: 0
W/MediaPlayer( 1435): info/warning (704, 0)
I/MediaPlayer.java( 1435): Info (704,0)
D/MediaPlayerService(  744): [8] notify (0x522e8, 200, 704, 0)
D/MstarPlayer(  744): percent: 0
W/MediaPlayer( 1435): info/warning (704, 0)
I/MediaPlayer.java( 1435): Info (704,0)
D/MediaPlayerService(  744): [8] notify (0x522e8, 200, 704, 0)
D/MstarPlayer(  744): percent: 0
W/MediaPlayer( 1435): info/warning (704, 0)
I/MediaPlayer.java( 1435): Info (704,0)
D/MediaPlayerService(  744): [8] notify (0x522e8, 200, 704, 0)
D/MstarPlayer(  744): percent: 0
W/MediaPlayer( 1435): info/warning (704, 0)
I/MediaPlayer.java( 1435): Info (704,0)
D/MediaPlayerService(  744): [8] notify (0x522e8, 200, 704, 0)
D/MstarPlayer(  744): percent: 0
W/MediaPlayer( 1435): info/warning (704, 0)
I/MediaPlayer.java( 1435): Info (704,0)
D/MediaPlayerService(  744): [8] notify (0x522e8, 200, 704, 0)
D/MstarPlayer(  744): percent: 0
W/MediaPlayer( 1435): info/warning (704, 0)
I/MediaPlayer.java( 1435): Info (704,0)
D/Downloader(  744): Content-Length: 172
D/Downloader(  744): 
D/Downloader(  744): Downloadserver bandWidth:331
D/Downloader(  744): Downloadserver bandWidth:331
D/Downloader(  744): Downloadserver bandWidth:331
D/Downloader(  744): Downloadserver bandWidth:331
D/MediaPlayerService(  744): [8] notify (0x522e8, 200, 704, 0)
W/MediaPlayer( 1435): info/warning (704, 0)
I/MediaPlayer.java( 1435): Info (704,0)
D/MstarPlayer(  744): percent: 0
D/MediaPlayerService(  744): [8] notify (0x522e8, 200, 704, 0)
D/MstarPlayer(  744): percent: 0
W/MediaPlayer( 1435): info/warning (704, 0)
I/MediaPlayer.java( 1435): Info (704,0)
D/MediaPlayerService(  744): [8] notify (0x522e8, 200, 704, 0)
W/MediaPlayer( 1435): info/warning (704, 0)
I/MediaPlayer.java( 1435): Info (704,0)
D/MstarPlayer(  744): percent: 0
D/MediaPlayerService(  744): [8] notify (0x522e8, 200, 704, 0)
D/MstarPlayer(  744): percent: 0
W/MediaPlayer( 1435): info/warning (704, 0)
I/MediaPlayer.java( 1435): Info (704,0)
D/MediaPlayerService(  744): [8] notify (0x522e8, 200, 704, 0)
D/MstarPlayer(  744): percent: 0
W/MediaPlayer( 1435): info/warning (704, 0)
I/MediaPlayer.java( 1435): Info (704,0)
D/MediaPlayerService(  744): [8] notify (0x522e8, 200, 704, 0)
D/MstarPlayer(  744): percent: 0
W/MediaPlayer( 1435): info/warning (704, 0)
I/MediaPlayer.java( 1435): Info (704,0)
D/MediaPlayerService(  744): [8] notify (0x522e8, 200, 704, 0)
D/MstarPlayer(  744): percent: 0
W/MediaPlayer( 1435): info/warning (704, 0)
I/MediaPlayer.java( 1435): Info (704,0)
D/DataSource_M3U8(  744): u32HLSSreamNum[0]===>u32BandWidth:1200000 
D/DataSource_M3U8(  744): getHLSPlayListInex  DownloadBandWidth:331   uInDex=0
D/DataSource_M3U8(  744): [M3U8] checkShouldStartNext :[82](172/172)   sequence:0  start next:83  
D/DataSource_M3U8(  744): 
D/DataSource_M3U8(  744): 
D/DataSource_M3U8(  744): 
D/DataSource_M3U8(  744): [M3U8]-7----->This :0x30fd0 --> post cmd for start next url:http://cibn-iss1.longvisionmedia.com:8088/vod/CIBN2013_CIBN2113040100001913_12001300/83.ts, knowedFileSize:0, mCurDowningIndex:82
D/DataSource_M3U8(  744): 
D/DataSource_M3U8(  744): 
D/Downloader(  744): [downloadThread]Downloader::removeTask  
D/Downloader(  744): [downloadThread]task have range string:0- 
D/MediaPlayerService(  744): [8] notify (0x522e8, 200, 704, 0)
D/MstarPlayer(  744): percent: 0
W/MediaPlayer( 1435): info/warning (704, 0)
I/MediaPlayer.java( 1435): Info (704,0)
D/MediaPlayerService(  744): [8] notify (0x522e8, 200, 704, 0)
D/MstarPlayer(  744): percent: 0
W/MediaPlayer( 1435): info/warning (704, 0)
I/MediaPlayer.java( 1435): Info (704,0)
D/MediaPlayerService(  744): [8] notify (0x522e8, 200, 704, 0)
D/MstarPlayer(  744): percent: 0
W/MediaPlayer( 1435): info/warning (704, 0)
I/MediaPlayer.java( 1435): Info (704,0)
D/MediaPlayerService(  744): [8] notify (0x522e8, 200, 704, 0)
D/MstarPlayer(  744): percent: 0
W/MediaPlayer( 1435): info/warning (704, 0)
I/MediaPlayer.java( 1435): Info (704,0)
D/MediaPlayerService(  744): [8] notify (0x522e8, 200, 704, 0)
D/MstarPlayer(  744): percent: 0
W/MediaPlayer( 1435): info/warning (704, 0)
I/MediaPlayer.java( 1435): Info (704,0)
D/MediaPlayerService(  744): [8] notify (0x522e8, 200, 704, 0)
D/MstarPlayer(  744): percent: 0
W/MediaPlayer( 1435): info/warning (704, 0)
I/MediaPlayer.java( 1435): Info (704,0)
D/dalvikvm( 1505): GC_CONCURRENT freed 525K, 77% free 1405K/6019K, paused 1ms+1ms
D/MediaPlayerService(  744): [8] notify (0x522e8, 200, 704, 0)
D/MstarPlayer(  744): percent: 0
W/MediaPlayer( 1435): info/warning (704, 0)
I/MediaPlayer.java( 1435): Info (704,0)
D/MediaPlayerService(  744): [8] notify (0x522e8, 200, 704, 0)
D/MstarPlayer(  744): percent: 0
W/MediaPlayer( 1435): info/warning (704, 0)
I/MediaPlayer.java( 1435): Info (704,0)
D/MediaPlayerService(  744): [8] notify (0x522e8, 200, 704, 0)
D/MstarPlayer(  744): percent: 0
W/MediaPlayer( 1435): info/warning (704, 0)
I/MediaPlayer.java( 1435): Info (704,0)
D/dalvikvm( 1505): GC_CONCURRENT freed 477K, 77% free 1430K/6019K, paused 1ms+1ms
D/Downloader(  744): Content-Length: 172
D/Downloader(  744): 
D/Downloader(  744): Downloadserver bandWidth:2971
D/Downloader(  744): Downloadserver bandWidth:2971
D/Downloader(  744): Downloadserver bandWidth:2971
D/Downloader(  744): Downloadserver bandWidth:2971
D/MediaPlayerService(  744): [8] notify (0x522e8, 200, 704, 0)
D/MstarPlayer(  744): percent: 0
W/MediaPlayer( 1435): info/warning (704, 0)
I/MediaPlayer.java( 1435): Info (704,0)
D/DataSource_M3U8(  744): u32HLSSreamNum[0]===>u32BandWidth:1200000 
D/DataSource_M3U8(  744): getHLSPlayListInex  DownloadBandWidth:2971   uInDex=0
D/DataSource_M3U8(  744): [M3U8] checkShouldStartNext :[83](172/172)   sequence:0  start next:84  
D/DataSource_M3U8(  744): 
D/DataSource_M3U8(  744): 
D/DataSource_M3U8(  744): 
D/DataSource_M3U8(  744): [M3U8]-7----->This :0x30fd0 --> post cmd for start next url:http://cibn-iss1.longvisionmedia.com:8088/vod/CIBN2013_CIBN2113040100001913_12001300/84.ts, knowedFileSize:0, mCurDowningIndex:83
D/DataSource_M3U8(  744): 
D/DataSource_M3U8(  744): 
D/Downloader(  744): [downloadThread]Downloader::removeTask  
D/Downloader(  744): [downloadThread]task have range string:0- 
D/MediaPlayerService(  744): [8] notify (0x522e8, 200, 704, 0)
D/MstarPlayer(  744): percent: 0
W/MediaPlayer( 1435): info/warning (704, 0)
I/MediaPlayer.java( 1435): Info (704,0)
D/MediaPlayerService(  744): [8] notify (0x522e8, 200, 704, 0)
D/MstarPlayer(  744): percent: 0
W/MediaPlayer( 1435): info/warning (704, 0)
I/MediaPlayer.java( 1435): Info (704,0)
D/dalvikvm( 1505): GC_CONCURRENT freed 488K, 78% free 1379K/6019K, paused 2ms+1ms
D/DataSource_M3U8(  744): 
D/DataSource_M3U8(  744):  Warnig::  getValidBufferLength()  <  Codec require !!!
D/MediaPlayerService(  744): [8] notify (0x522e8, 200, 704, 0)
D/MstarPlayer(  744): percent: 0
W/MediaPlayer( 1435): info/warning (704, 0)
I/MediaPlayer.java( 1435): Info (704,0)
D/MediaPlayerService(  744): [8] notify (0x522e8, 200, 704, 0)
D/MstarPlayer(  744): percent: 0
W/MediaPlayer( 1435): info/warning (704, 0)
I/MediaPlayer.java( 1435): Info (704,0)
D/MediaPlayerService(  744): [8] notify (0x522e8, 200, 704, 0)
D/MstarPlayer(  744): percent: 0
W/MediaPlayer( 1435): info/warning (704, 0)
I/MediaPlayer.java( 1435): Info (704,0)
D/MediaPlayerService(  744): [8] notify (0x522e8, 200, 704, 0)
D/MstarPlayer(  744): percent: 0
W/MediaPlayer( 1435): info/warning (704, 0)
I/MediaPlayer.java( 1435): Info (704,0)
D/MediaPlayerService(  744): [8] notify (0x522e8, 200, 704, 0)
D/MstarPlayer(  744): percent: 0
W/MediaPlayer( 1435): info/warning (704, 0)
I/MediaPlayer.java( 1435): Info (704,0)
D/MediaPlayerService(  744): [8] notify (0x522e8, 200, 704, 0)
D/MstarPlayer(  744): percent: 0
W/MediaPlayer( 1435): info/warning (704, 0)
I/MediaPlayer.java( 1435): Info (704,0)
D/MediaPlayerService(  744): [8] notify (0x522e8, 200, 704, 0)
D/MstarPlayer(  744): percent: 0
W/MediaPlayer( 1435): info/warning (704, 0)
I/MediaPlayer.java( 1435): Info (704,0)
D/Downloader(  744): Content-Length: 172
D/Downloader(  744): 
D/Downloader(  744): Downloadserver bandWidth:2978
D/Downloader(  744): Downloadserver bandWidth:2978
D/Downloader(  744): Downloadserver bandWidth:2978
D/Downloader(  744): Downloadserver bandWidth:2978
D/MediaPlayerService(  744): [8] notify (0x522e8, 200, 704, 0)
D/MstarPlayer(  744): percent: 0
W/MediaPlayer( 1435): info/warning (704, 0)
I/MediaPlayer.java( 1435): Info (704,0)
D/DataSource_M3U8(  744): u32HLSSreamNum[0]===>u32BandWidth:1200000 
D/DataSource_M3U8(  744): getHLSPlayListInex  DownloadBandWidth:2978   uInDex=0
D/DataSource_M3U8(  744): [M3U8] checkShouldStartNext :[84](172/172)   sequence:0  start next:85  
D/DataSource_M3U8(  744): 
D/DataSource_M3U8(  744): 
D/DataSource_M3U8(  744): 
D/DataSource_M3U8(  744): [M3U8]-7----->This :0x30fd0 --> post cmd for start next url:http://cibn-iss1.longvisionmedia.com:8088/vod/CIBN2013_CIBN2113040100001913_12001300/85.ts, knowedFileSize:0, mCurDowningIndex:84
D/DataSource_M3U8(  744): 
D/DataSource_M3U8(  744): 
D/Downloader(  744): [downloadThread]Downloader::removeTask  
D/Downloader(  744): [downloadThread]task have range string:0- 
D/MediaPlayerService(  744): [8] notify (0x522e8, 200, 704, 0)
D/MstarPlayer(  744): percent: 0
W/MediaPlayer( 1435): info/warning (704, 0)
I/MediaPlayer.java( 1435): Info (704,0)
D/MediaPlayerService(  744): [8] notify (0x522e8, 200, 704, 0)
D/MstarPlayer(  744): percent: 0
W/MediaPlayer( 1435): info/warning (704, 0)
I/MediaPlayer.java( 1435): Info (704,0)
D/MediaPlayerService(  744): [8] notify (0x522e8, 200, 704, 0)
D/MstarPlayer(  744): percent: 0
W/MediaPlayer( 1435): info/warning (704, 0)
I/MediaPlayer.java( 1435): Info (704,0)
D/MediaPlayerService(  744): [8] notify (0x522e8, 200, 704, 0)
D/MstarPlayer(  744): percent: 0
W/MediaPlayer( 1435): info/warning (704, 0)
I/MediaPlayer.java( 1435): Info (704,0)
D/MediaPlayerService(  744): [8] notify (0x522e8, 200, 704, 0)
D/MstarPlayer(  744): percent: 0
W/MediaPlayer( 1435): info/warning (704, 0)
I/MediaPlayer.java( 1435): Info (704,0)
D/MediaPlayerService(  744): [8] notify (0x522e8, 200, 704, 0)
D/MstarPlayer(  744): percent: 0
W/MediaPlayer( 1435): info/warning (704, 0)
I/MediaPlayer.java( 1435): Info (704,0)
D/MediaPlayerService(  744): [8] notify (0x522e8, 200, 704, 0)
D/MstarPlayer(  744): percent: 0
W/MediaPlayer( 1435): info/warning (704, 0)
I/MediaPlayer.java( 1435): Info (704,0)
D/MediaPlayerService(  744): [8] notify (0x522e8, 200, 704, 0)
D/MstarPlayer(  744): percent: 0
W/MediaPlayer( 1435): info/warning (704, 0)
I/MediaPlayer.java( 1435): Info (704,0)
D/MediaPlayerService(  744): [8] notify (0x522e8, 200, 704, 0)
D/MstarPlayer(  744): percent: 0
W/MediaPlayer( 1435): info/warning (704, 0)
I/MediaPlayer.java( 1435): Info (704,0)
D/MediaPlayerService(  744): [8] notify (0x522e8, 200, 704, 0)
D/MstarPlayer(  744): percent: 0
W/MediaPlayer( 1435): info/warning (704, 0)
I/MediaPlayer.java( 1435): Info (704,0)
D/MediaPlayerService(  744): [8] notify (0x522e8, 200, 704, 0)
D/MstarPlayer(  744): percent: 0
W/MediaPlayer( 1435): info/warning (704, 0)
I/MediaPlayer.java( 1435): Info (704,0)
D/MediaPlayerService(  744): [8] notify (0x522e8, 200, 704, 0)
D/MstarPlayer(  744): percent: 0
W/MediaPlayer( 1435): info/warning (704, 0)
I/MediaPlayer.java( 1435): Info (704,0)
D/DataSource_M3U8(  744): 
D/DataSource_M3U8(  744):  Warnig::  getValidBufferLength()  <  Codec require !!!
D/MediaPlayerService(  744): [8] notify (0x522e8, 200, 704, 0)
D/MstarPlayer(  744): percent: 0
W/MediaPlayer( 1435): info/warning (704, 0)
I/MediaPlayer.java( 1435): Info (704,0)
D/MediaPlayerService(  744): [8] notify (0x522e8, 200, 704, 0)
D/MstarPlayer(  744): percent: 0
W/MediaPlayer( 1435): info/warning (704, 0)
I/MediaPlayer.java( 1435): Info (704,0)
D/MediaPlayerService(  744): [8] notify (0x522e8, 200, 704, 0)
D/MstarPlayer(  744): percent: 0
W/MediaPlayer( 1435): info/warning (704, 0)
I/MediaPlayer.java( 1435): Info (704,0)
D/MediaPlayerService(  744): [8] notify (0x522e8, 200, 704, 0)
D/MstarPlayer(  744): percent: 0
W/MediaPlayer( 1435): info/warning (704, 0)
I/MediaPlayer.java( 1435): Info (704,0)
D/MediaPlayerService(  744): [8] notify (0x522e8, 200, 704, 0)
D/MstarPlayer(  744): percent: 0
W/MediaPlayer( 1435): info/warning (704, 0)
I/MediaPlayer.java( 1435): Info (704,0)
D/Downloader(  744): Content-Length: 172
D/Downloader(  744): 
D/Downloader(  744): Downloadserver bandWidth:1570
D/Downloader(  744): Downloadserver bandWidth:1570
D/Downloader(  744): Downloadserver bandWidth:1570
D/Downloader(  744): Downloadserver bandWidth:1570
D/MediaPlayerService(  744): [8] notify (0x522e8, 200, 704, 0)
D/MstarPlayer(  744): percent: 0
W/MediaPlayer( 1435): info/warning (704, 0)
I/MediaPlayer.java( 1435): Info (704,0)
D/MediaPlayerService(  744): [8] notify (0x522e8, 200, 704, 0)
D/MstarPlayer(  744): percent: 0
W/MediaPlayer( 1435): info/warning (704, 0)
I/MediaPlayer.java( 1435): Info (704,0)
D/CheckNetWork( 1752): isOk true
D/CheckNetWork( 1752): ActInfoNetworkInfo: type: WIFI[], state: CONNECTED/CONNECTED, reason: (unspecified), extra: (none), roaming: false, failover: false, isAvailable: true
D/CheckNetWork( 1752): infoNetworkInfo: type: WIFI[], state: CONNECTED/CONNECTED, reason: (unspecified), extra: (none), roaming: false, failover: false, isAvailable: true
D/MediaPlayerService(  744): [8] notify (0x522e8, 200, 704, 0)
D/MstarPlayer(  744): percent: 0
W/MediaPlayer( 1435): info/warning (704, 0)
I/MediaPlayer.java( 1435): Info (704,0)
D/DataSource_M3U8(  744): u32HLSSreamNum[0]===>u32BandWidth:1200000 
D/DataSource_M3U8(  744): getHLSPlayListInex  DownloadBandWidth:1570   uInDex=0
D/DataSource_M3U8(  744): [M3U8] checkShouldStartNext :[85](172/172)   sequence:0  start next:86  
D/DataSource_M3U8(  744): 
D/DataSource_M3U8(  744): 
D/DataSource_M3U8(  744): 
D/DataSource_M3U8(  744): [M3U8]-7----->This :0x30fd0 --> post cmd for start next url:http://cibn-iss1.longvisionmedia.com:8088/vod/CIBN2013_CIBN2113040100001913_12001300/86.ts, knowedFileSize:0, mCurDowningIndex:85
D/DataSource_M3U8(  744): 
D/DataSource_M3U8(  744): 
D/Downloader(  744): [downloadThread]Downloader::removeTask  
D/Downloader(  744): [downloadThread]task have range string:0- 
D/MediaPlayerService(  744): [8] notify (0x522e8, 3, 20, 0)
D/MediaPlayerService(  744): [8] notify (0x522e8, 200, 704, 0)
D/MstarPlayer(  744): percent: 0
W/MediaPlayer( 1435): info/warning (704, 0)
I/MediaPlayer.java( 1435): Info (704,0)
D/MediaPlayerService(  744): [8] notify (0x522e8, 200, 704, 0)
D/MstarPlayer(  744): percent: 0
W/MediaPlayer( 1435): info/warning (704, 0)
I/MediaPlayer.java( 1435): Info (704,0)
D/MediaPlayerService(  744): [8] notify (0x522e8, 200, 704, 0)
D/MstarPlayer(  744): percent: 0
W/MediaPlayer( 1435): info/warning (704, 0)
I/MediaPlayer.java( 1435): Info (704,0)
D/MediaPlayerService(  744): [8] notify (0x522e8, 200, 704, 0)
D/MstarPlayer(  744): percent: 0
W/MediaPlayer( 1435): info/warning (704, 0)
I/MediaPlayer.java( 1435): Info (704,0)
D/MediaPlayerService(  744): [8] notify (0x522e8, 200, 704, 0)
D/MstarPlayer(  744): percent: 0
W/MediaPlayer( 1435): info/warning (704, 0)
I/MediaPlayer.java( 1435): Info (704,0)
D/MediaPlayerService(  744): [8] notify (0x522e8, 200, 704, 0)
D/MstarPlayer(  744): percent: 0
W/MediaPlayer( 1435): info/warning (704, 0)
I/MediaPlayer.java( 1435): Info (704,0)
D/MediaPlayerService(  744): [8] notify (0x522e8, 200, 704, 0)
D/MstarPlayer(  744): percent: 0
W/MediaPlayer( 1435): info/warning (704, 0)
I/MediaPlayer.java( 1435): Info (704,0)
D/MediaPlayerService(  744): [8] notify (0x522e8, 200, 704, 0)
D/MstarPlayer(  744): percent: 0
W/MediaPlayer( 1435): info/warning (704, 0)
I/MediaPlayer.java( 1435): Info (704,0)
D/MediaPlayerService(  744): [8] notify (0x522e8, 200, 704, 0)
D/MstarPlayer(  744): percent: 0
W/MediaPlayer( 1435): info/warning (704, 0)
I/MediaPlayer.java( 1435): Info (704,0)
D/MediaPlayerService(  744): [8] notify (0x522e8, 200, 704, 0)
D/MstarPlayer(  744): percent: 0
W/MediaPlayer( 1435): info/warning (704, 0)
I/MediaPlayer.java( 1435): Info (704,0)
D/MediaPlayerService(  744): [8] notify (0x522e8, 200, 704, 0)
D/MstarPlayer(  744): percent: 0
W/MediaPlayer( 1435): info/warning (704, 0)
I/MediaPlayer.java( 1435): Info (704,0)
D/MediaPlayerService(  744): [8] notify (0x522e8, 200, 704, 0)
D/MstarPlayer(  744): percent: 0
W/MediaPlayer( 1435): info/warning (704, 0)
I/MediaPlayer.java( 1435): Info (704,0)
D/DataSource_M3U8(  744): 
D/DataSource_M3U8(  744):  Warnig::  getValidBufferLength()  <  Codec require !!!
D/MediaPlayerService(  744): [8] notify (0x522e8, 200, 704, 0)
D/MstarPlayer(  744): percent: 0
W/MediaPlayer( 1435): info/warning (704, 0)
I/MediaPlayer.java( 1435): Info (704,0)
D/MediaPlayerService(  744): [8] notify (0x522e8, 200, 704, 0)
D/MstarPlayer(  744): percent: 0
W/MediaPlayer( 1435): info/warning (704, 0)
I/MediaPlayer.java( 1435): Info (704,0)
D/MediaPlayerService(  744): [8] notify (0x522e8, 200, 704, 0)
D/MstarPlayer(  744): percent: 0
W/MediaPlayer( 1435): info/warning (704, 0)
I/MediaPlayer.java( 1435): Info (704,0)
D/MediaPlayerService(  744): [8] notify (0x522e8, 200, 704, 0)
D/MstarPlayer(  744): percent: 0
W/MediaPlayer( 1435): info/warning (704, 0)
I/MediaPlayer.java( 1435): Info (704,0)
D/MediaPlayerService(  744): [8] notify (0x522e8, 200, 704, 0)
D/MstarPlayer(  744): percent: 0
W/MediaPlayer( 1435): info/warning (704, 0)
I/MediaPlayer.java( 1435): Info (704,0)
D/MediaPlayerService(  744): [8] notify (0x522e8, 200, 704, 0)
D/MstarPlayer(  744): percent: 0
W/MediaPlayer( 1435): info/warning (704, 0)
I/MediaPlayer.java( 1435): Info (704,0)
D/MediaPlayerService(  744): [8] notify (0x522e8, 200, 704, 0)
D/MstarPlayer(  744): percent: 0
W/MediaPlayer( 1435): info/warning (704, 0)
I/MediaPlayer.java( 1435): Info (704,0)
D/MediaPlayerService(  744): [8] notify (0x522e8, 200, 704, 0)
D/MstarPlayer(  744): percent: 0
W/MediaPlayer( 1435): info/warning (704, 0)
I/MediaPlayer.java( 1435): Info (704,0)
D/MediaPlayerService(  744): [8] notify (0x522e8, 200, 704, 0)
D/MstarPlayer(  744): percent: 0
W/MediaPlayer( 1435): info/warning (704, 0)
I/MediaPlayer.java( 1435): Info (704,0)
D/MediaPlayerService(  744): [8] notify (0x522e8, 200, 704, 0)
D/MstarPlayer(  744): percent: 0
W/MediaPlayer( 1435): info/warning (704, 0)
I/MediaPlayer.java( 1435): Info (704,0)
D/Downloader(  744): Content-Length: 172
D/Downloader(  744): 
D/Downloader(  744): Downloadserver bandWidth:1256
D/Downloader(  744): Downloadserver bandWidth:1256
D/Downloader(  744): Downloadserver bandWidth:1256
D/Downloader(  744): Downloadserver bandWidth:1256
D/MediaPlayerService(  744): [8] notify (0x522e8, 200, 704, 0)
D/MstarPlayer(  744): percent: 0
W/MediaPlayer( 1435): info/warning (704, 0)
I/MediaPlayer.java( 1435): Info (704,0)
D/MediaPlayerService(  744): [8] notify (0x522e8, 200, 704, 0)
D/MstarPlayer(  744): percent: 0
W/MediaPlayer( 1435): info/warning (704, 0)
I/MediaPlayer.java( 1435): Info (704,0)
D/MediaPlayerService(  744): [8] notify (0x522e8, 200, 704, 0)
D/MstarPlayer(  744): percent: 0
W/MediaPlayer( 1435): info/warning (704, 0)
I/MediaPlayer.java( 1435): Info (704,0)
D/MediaPlayerService(  744): [8] notify (0x522e8, 200, 704, 0)
D/MstarPlayer(  744): percent: 0
W/MediaPlayer( 1435): info/warning (704, 0)
I/MediaPlayer.java( 1435): Info (704,0)
D/MediaPlayerService(  744): [8] notify (0x522e8, 200, 704, 0)
D/MstarPlayer(  744): percent: 0
W/MediaPlayer( 1435): info/warning (704, 0)
I/MediaPlayer.java( 1435): Info (704,0)
D/MediaPlayerService(  744): [8] notify (0x522e8, 200, 704, 0)
D/MstarPlayer(  744): percent: 0
W/MediaPlayer( 1435): info/warning (704, 0)
I/MediaPlayer.java( 1435): Info (704,0)
D/MediaPlayerService(  744): [8] notify (0x522e8, 200, 704, 0)
D/MstarPlayer(  744): percent: 0
W/MediaPlayer( 1435): info/warning (704, 0)
I/MediaPlayer.java( 1435): Info (704,0)
D/MediaPlayerService(  744): [8] notify (0x522e8, 200, 704, 0)
D/MstarPlayer(  744): percent: 0
W/MediaPlayer( 1435): info/warning (704, 0)
I/MediaPlayer.java( 1435): Info (704,0)
D/DataSource_M3U8(  744): u32HLSSreamNum[0]===>u32BandWidth:1200000 
D/DataSource_M3U8(  744): getHLSPlayListInex  DownloadBandWidth:1256   uInDex=0
D/DataSource_M3U8(  744): [M3U8] checkShouldStartNext :[86](172/172)   sequence:0  start next:87  
D/DataSource_M3U8(  744): 
D/DataSource_M3U8(  744): 
D/DataSource_M3U8(  744): 
D/DataSource_M3U8(  744): [M3U8]-7----->This :0x30fd0 --> post cmd for start next url:http://cibn-iss1.longvisionmedia.com:8088/vod/CIBN2013_CIBN2113040100001913_12001300/87.ts, knowedFileSize:0, mCurDowningIndex:86
D/DataSource_M3U8(  744): 
D/DataSource_M3U8(  744): 
D/Downloader(  744): [downloadThread]Downloader::removeTask  
D/Downloader(  744): [downloadThread]task have range string:0- 
D/MediaPlayerService(  744): [8] notify (0x522e8, 200, 704, 0)
D/MstarPlayer(  744): percent: 0
W/MediaPlayer( 1435): info/warning (704, 0)
I/MediaPlayer.java( 1435): Info (704,0)
D/MediaPlayerService(  744): [8] notify (0x522e8, 200, 704, 0)
D/MstarPlayer(  744): percent: 0
W/MediaPlayer( 1435): info/warning (704, 0)
I/MediaPlayer.java( 1435): Info (704,0)
D/DataSource_M3U8(  744): 
D/DataSource_M3U8(  744):  Warnig::  getValidBufferLength()  <  Codec require !!!
D/MediaPlayerService(  744): [8] notify (0x522e8, 200, 704, 0)
D/MstarPlayer(  744): percent: 0
W/MediaPlayer( 1435): info/warning (704, 0)
I/MediaPlayer.java( 1435): Info (704,0)
D/MediaPlayerService(  744): [8] notify (0x522e8, 200, 704, 0)
D/MstarPlayer(  744): percent: 0
W/MediaPlayer( 1435): info/warning (704, 0)
I/MediaPlayer.java( 1435): Info (704,0)
D/dalvikvm( 1505): GC_CONCURRENT freed 463K, 78% free 1329K/6019K, paused 1ms+1ms
D/MediaPlayerService(  744): [8] notify (0x522e8, 200, 704, 0)
D/MstarPlayer(  744): percent: 0
W/MediaPlayer( 1435): info/warning (704, 0)
I/MediaPlayer.java( 1435): Info (704,0)
D/MediaPlayerService(  744): [8] notify (0x522e8, 200, 704, 0)
D/MstarPlayer(  744): percent: 0
W/MediaPlayer( 1435): info/warning (704, 0)
I/MediaPlayer.java( 1435): Info (704,0)
D/MediaPlayerService(  744): [8] notify (0x522e8, 200, 704, 0)
D/MstarPlayer(  744): percent: 0
W/MediaPlayer( 1435): info/warning (704, 0)
I/MediaPlayer.java( 1435): Info (704,0)
D/dalvikvm( 1505): GC_CONCURRENT freed 410K, 79% free 1313K/6019K, paused 0ms+1ms
D/MediaPlayerService(  744): [8] notify (0x522e8, 200, 704, 0)
D/MstarPlayer(  744): percent: 0
W/MediaPlayer( 1435): info/warning (704, 0)
I/MediaPlayer.java( 1435): Info (704,0)
D/MediaPlayerService(  744): [8] notify (0x522e8, 200, 704, 0)
D/MstarPlayer(  744): percent: 0
W/MediaPlayer( 1435): info/warning (704, 0)
I/MediaPlayer.java( 1435): Info (704,0)
D/MediaPlayerService(  744): [8] notify (0x522e8, 200, 704, 0)
D/MstarPlayer(  744): percent: 0
W/MediaPlayer( 1435): info/warning (704, 0)
I/MediaPlayer.java( 1435): Info (704,0)
D/MediaPlayerService(  744): [8] notify (0x522e8, 200, 704, 0)
D/MstarPlayer(  744): percent: 0
W/MediaPlayer( 1435): info/warning (704, 0)
I/MediaPlayer.java( 1435): Info (704,0)
D/MediaPlayerService(  744): [8] notify (0x522e8, 200, 704, 0)
D/MstarPlayer(  744): percent: 0
W/MediaPlayer( 1435): info/warning (704, 0)
I/MediaPlayer.java( 1435): Info (704,0)
D/MediaPlayerService(  744): [8] notify (0x522e8, 200, 704, 0)
D/MstarPlayer(  744): percent: 0
W/MediaPlayer( 1435): info/warning (704, 0)
I/MediaPlayer.java( 1435): Info (704,0)
D/MediaPlayerService(  744): [8] notify (0x522e8, 200, 704, 0)
D/MstarPlayer(  744): percent: 0
W/MediaPlayer( 1435): info/warning (704, 0)
I/MediaPlayer.java( 1435): Info (704,0)
D/Downloader(  744): Content-Length: 172
D/Downloader(  744): 
D/Downloader(  744): Downloadserver bandWidth:1921
D/Downloader(  744): Downloadserver bandWidth:1921
D/Downloader(  744): Downloadserver bandWidth:1921
D/Downloader(  744): Downloadserver bandWidth:1921
D/dalvikvm( 1505): GC_CONCURRENT freed 394K, 79% free 1314K/6019K, paused 1ms+1ms
D/MediaPlayerService(  744): [8] notify (0x522e8, 200, 704, 0)
D/MstarPlayer(  744): percent: 0
W/MediaPlayer( 1435): info/warning (704, 0)
I/MediaPlayer.java( 1435): Info (704,0)
D/MediaPlayerService(  744): [8] notify (0x522e8, 200, 704, 0)
D/MstarPlayer(  744): percent: 0
W/MediaPlayer( 1435): info/warning (704, 0)
I/MediaPlayer.java( 1435): Info (704,0)
D/MediaPlayerService(  744): [8] notify (0x522e8, 200, 704, 0)
D/MstarPlayer(  744): percent: 0
W/MediaPlayer( 1435): info/warning (704, 0)
I/MediaPlayer.java( 1435): Info (704,0)
D/MediaPlayerService(  744): [8] notify (0x522e8, 200, 704, 0)
D/MstarPlayer(  744): percent: 0
W/MediaPlayer( 1435): info/warning (704, 0)
I/MediaPlayer.java( 1435): Info (704,0)
D/MediaPlayerService(  744): [8] notify (0x522e8, 200, 704, 0)
D/MstarPlayer(  744): percent: 0
W/MediaPlayer( 1435): info/warning (704, 0)
I/MediaPlayer.java( 1435): Info (704,0)
D/MediaPlayerService(  744): [8] notify (0x522e8, 200, 704, 0)
D/MstarPlayer(  744): percent: 0
W/MediaPlayer( 1435): info/warning (704, 0)
I/MediaPlayer.java( 1435): Info (704,0)
D/DataSource_M3U8(  744): u32HLSSreamNum[0]===>u32BandWidth:1200000 
D/DataSource_M3U8(  744): getHLSPlayListInex  DownloadBandWidth:1921   uInDex=0
D/DataSource_M3U8(  744): [M3U8] checkShouldStartNext :[87](172/172)   sequence:0  start next:88  
D/DataSource_M3U8(  744): 
D/DataSource_M3U8(  744): 
D/DataSource_M3U8(  744): 
D/DataSource_M3U8(  744): [M3U8]-7----->This :0x30fd0 --> post cmd for start next url:http://cibn-iss1.longvisionmedia.com:8088/vod/CIBN2013_CIBN2113040100001913_12001300/88.ts, knowedFileSize:0, mCurDowningIndex:87
D/DataSource_M3U8(  744): 
D/DataSource_M3U8(  744): 
D/Downloader(  744): [downloadThread]Downloader::removeTask  
D/Downloader(  744): [downloadThread]task have range string:0- 
D/MediaPlayerService(  744): [8] notify (0x522e8, 200, 704, 0)
D/MstarPlayer(  744): percent: 0
W/MediaPlayer( 1435): info/warning (704, 0)
I/MediaPlayer.java( 1435): Info (704,0)
D/DataSource_M3U8(  744): 
D/DataSource_M3U8(  744):  Warnig::  getValidBufferLength()  <  Codec require !!!
D/MediaPlayerService(  744): [8] notify (0x522e8, 200, 704, 0)
D/MstarPlayer(  744): percent: 0
W/MediaPlayer( 1435): info/warning (704, 0)
I/MediaPlayer.java( 1435): Info (704,0)
D/MediaPlayerService(  744): [8] notify (0x522e8, 200, 704, 0)
D/MstarPlayer(  744): percent: 0
W/MediaPlayer( 1435): info/warning (704, 0)
I/MediaPlayer.java( 1435): Info (704,0)
D/MediaPlayerService(  744): [8] notify (0x522e8, 200, 704, 0)
W/MediaPlayer( 1435): info/warning (704, 0)
D/MstarPlayer(  744): percent: 0
I/MediaPlayer.java( 1435): Info (704,0)
D/MediaPlayerService(  744): [8] notify (0x522e8, 200, 704, 0)
W/MediaPlayer( 1435): info/warning (704, 0)
I/MediaPlayer.java( 1435): Info (704,0)
D/MstarPlayer(  744): percent: 0
D/MediaPlayerService(  744): [8] notify (0x522e8, 200, 704, 0)
D/MstarPlayer(  744): percent: 0
W/MediaPlayer( 1435): info/warning (704, 0)
I/MediaPlayer.java( 1435): Info (704,0)
D/MediaPlayerService(  744): [8] notify (0x522e8, 200, 704, 0)
D/MstarPlayer(  744): percent: 0
W/MediaPlayer( 1435): info/warning (704, 0)
I/MediaPlayer.java( 1435): Info (704,0)
D/MediaPlayerService(  744): [8] notify (0x522e8, 200, 704, 0)
D/MstarPlayer(  744): percent: 0
W/MediaPlayer( 1435): info/warning (704, 0)
I/MediaPlayer.java( 1435): Info (704,0)
D/MediaPlayerService(  744): [8] notify (0x522e8, 200, 704, 0)
D/MstarPlayer(  744): percent: 0
W/MediaPlayer( 1435): info/warning (704, 0)
I/MediaPlayer.java( 1435): Info (704,0)
D/MediaPlayerService(  744): [8] notify (0x522e8, 200, 704, 0)
D/MstarPlayer(  744): percent: 0
W/MediaPlayer( 1435): info/warning (704, 0)
I/MediaPlayer.java( 1435): Info (704,0)
D/MediaPlayerService(  744): [8] notify (0x522e8, 200, 704, 0)
D/MstarPlayer(  744): percent: 0
W/MediaPlayer( 1435): info/warning (704, 0)
I/MediaPlayer.java( 1435): Info (704,0)
D/MediaPlayerService(  744): [8] notify (0x522e8, 200, 704, 0)
D/MstarPlayer(  744): percent: 0
W/MediaPlayer( 1435): info/warning (704, 0)
I/MediaPlayer.java( 1435): Info (704,0)
D/MediaPlayerService(  744): [8] notify (0x522e8, 200, 704, 0)
D/MstarPlayer(  744): percent: 0
W/MediaPlayer( 1435): info/warning (704, 0)
I/MediaPlayer.java( 1435): Info (704,0)
D/MediaPlayerService(  744): [8] notify (0x522e8, 200, 704, 0)
D/MstarPlayer(  744): percent: 0
W/MediaPlayer( 1435): info/warning (704, 0)
I/MediaPlayer.java( 1435): Info (704,0)
D/MediaPlayerService(  744): [8] notify (0x522e8, 200, 704, 0)
D/MstarPlayer(  744): percent: 0
W/MediaPlayer( 1435): info/warning (704, 0)
I/MediaPlayer.java( 1435): Info (704,0)
D/MediaPlayerService(  744): [8] notify (0x522e8, 200, 704, 0)
D/MstarPlayer(  744): percent: 0
W/MediaPlayer( 1435): info/warning (704, 0)
I/MediaPlayer.java( 1435): Info (704,0)
D/MediaPlayerService(  744): [8] notify (0x522e8, 200, 704, 0)
D/MstarPlayer(  744): percent: 0
W/MediaPlayer( 1435): info/warning (704, 0)
I/MediaPlayer.java( 1435): Info (704,0)
D/MediaPlayerService(  744): [8] notify (0x522e8, 200, 704, 0)
D/MstarPlayer(  744): percent: 0
W/MediaPlayer( 1435): info/warning (704, 0)
I/MediaPlayer.java( 1435): Info (704,0)
D/Downloader(  744): Content-Length: 172
D/Downloader(  744): 
D/Downloader(  744): Downloadserver bandWidth:1453
D/Downloader(  744): Downloadserver bandWidth:1451
D/Downloader(  744): Downloadserver bandWidth:1451
D/Downloader(  744): Downloadserver bandWidth:1451
D/MediaPlayerService(  744): [8] notify (0x522e8, 200, 704, 0)
D/MstarPlayer(  744): percent: 0
W/MediaPlayer( 1435): info/warning (704, 0)
I/MediaPlayer.java( 1435): Info (704,0)
D/MediaPlayerService(  744): [8] notify (0x522e8, 200, 704, 0)
D/MstarPlayer(  744): percent: 0
W/MediaPlayer( 1435): info/warning (704, 0)
I/MediaPlayer.java( 1435): Info (704,0)
D/DataSource_M3U8(  744): u32HLSSreamNum[0]===>u32BandWidth:1200000 
D/DataSource_M3U8(  744): getHLSPlayListInex  DownloadBandWidth:1451   uInDex=0
D/DataSource_M3U8(  744): [M3U8] checkShouldStartNext :[88](172/172)   sequence:0  start next:89  
D/DataSource_M3U8(  744): 
D/DataSource_M3U8(  744): 
D/DataSource_M3U8(  744): 
D/DataSource_M3U8(  744): [M3U8]-7----->This :0x30fd0 --> post cmd for start next url:http://cibn-iss1.longvisionmedia.com:8088/vod/CIBN2013_CIBN2113040100001913_12001300/89.ts, knowedFileSize:0, mCurDowningIndex:88
D/DataSource_M3U8(  744): 
D/DataSource_M3U8(  744): 
D/Downloader(  744): [downloadThread]Downloader::removeTask  
D/Downloader(  744): [downloadThread]task have range string:0- 
D/MediaPlayerService(  744): [8] notify (0x522e8, 200, 704, 0)
D/MstarPlayer(  744): percent: 0
W/MediaPlayer( 1435): info/warning (704, 0)
I/MediaPlayer.java( 1435): Info (704,0)
D/DataSource_M3U8(  744): 
D/DataSource_M3U8(  744):  Warnig::  getValidBufferLength()  <  Codec require !!!
D/MediaPlayerService(  744): [8] notify (0x522e8, 200, 704, 0)
D/MstarPlayer(  744): percent: 0
W/MediaPlayer( 1435): info/warning (704, 0)
I/MediaPlayer.java( 1435): Info (704,0)
D/MediaPlayerService(  744): [8] notify (0x522e8, 200, 704, 0)
D/MstarPlayer(  744): percent: 0
W/MediaPlayer( 1435): info/warning (704, 0)
I/MediaPlayer.java( 1435): Info (704,0)
D/MediaPlayerService(  744): [8] notify (0x522e8, 200, 704, 0)
D/MstarPlayer(  744): percent: 0
W/MediaPlayer( 1435): info/warning (704, 0)
I/MediaPlayer.java( 1435): Info (704,0)
D/MediaPlayerService(  744): [8] notify (0x522e8, 200, 704, 0)
D/MstarPlayer(  744): percent: 0
W/MediaPlayer( 1435): info/warning (704, 0)
I/MediaPlayer.java( 1435): Info (704,0)
D/MediaPlayerService(  744): [8] notify (0x522e8, 200, 704, 0)
D/MstarPlayer(  744): percent: 0
W/MediaPlayer( 1435): info/warning (704, 0)
I/MediaPlayer.java( 1435): Info (704,0)
D/MediaPlayerService(  744): [8] notify (0x522e8, 200, 704, 0)
D/MstarPlayer(  744): percent: 0
W/MediaPlayer( 1435): info/warning (704, 0)
I/MediaPlayer.java( 1435): Info (704,0)
D/Downloader(  744): Content-Length: 172
D/Downloader(  744): 
D/Downloader(  744): Downloadserver bandWidth:3708
D/Downloader(  744): Downloadserver bandWidth:3708
D/Downloader(  744): Downloadserver bandWidth:3708
D/Downloader(  744): Downloadserver bandWidth:3708
D/MediaPlayerService(  744): [8] notify (0x522e8, 200, 704, 0)
D/MstarPlayer(  744): percent: 0
W/MediaPlayer( 1435): info/warning (704, 0)
I/MediaPlayer.java( 1435): Info (704,0)
D/MediaPlayerService(  744): [8] notify (0x522e8, 200, 704, 0)
D/MstarPlayer(  744): percent: 0
W/MediaPlayer( 1435): info/warning (704, 0)
I/MediaPlayer.java( 1435): Info (704,0)
D/MediaPlayerService(  744): [8] notify (0x522e8, 200, 704, 0)
D/MstarPlayer(  744): percent: 0
W/MediaPlayer( 1435): info/warning (704, 0)
I/MediaPlayer.java( 1435): Info (704,0)
D/DataSource_M3U8(  744): u32HLSSreamNum[0]===>u32BandWidth:1200000 
D/DataSource_M3U8(  744): getHLSPlayListInex  DownloadBandWidth:3708   uInDex=0
D/DataSource_M3U8(  744): [M3U8] checkShouldStartNext :[89](172/172)   sequence:0  start next:90  
D/DataSource_M3U8(  744): 
D/DataSource_M3U8(  744): 
D/DataSource_M3U8(  744): 
D/DataSource_M3U8(  744): [M3U8]-7----->This :0x30fd0 --> post cmd for start next url:http://cibn-iss1.longvisionmedia.com:8088/vod/CIBN2013_CIBN2113040100001913_12001300/90.ts, knowedFileSize:0, mCurDowningIndex:89
D/DataSource_M3U8(  744): 
D/DataSource_M3U8(  744): 
D/Downloader(  744): [downloadThread]Downloader::removeTask  
D/Downloader(  744): [downloadThread]task have range string:0- 
D/MediaPlayerService(  744): [8] notify (0x522e8, 200, 704, 0)
D/MstarPlayer(  744): percent: 0
W/MediaPlayer( 1435): info/warning (704, 0)
I/MediaPlayer.java( 1435): Info (704,0)
D/MediaPlayerService(  744): [8] notify (0x522e8, 200, 704, 0)
D/MstarPlayer(  744): percent: 0
W/MediaPlayer( 1435): info/warning (704, 0)
I/MediaPlayer.java( 1435): Info (704,0)
D/MediaPlayerService(  744): [8] notify (0x522e8, 200, 704, 0)
D/MstarPlayer(  744): percent: 0
W/MediaPlayer( 1435): info/warning (704, 0)
I/MediaPlayer.java( 1435): Info (704,0)
D/MediaPlayerService(  744): [8] notify (0x522e8, 200, 704, 0)
D/MstarPlayer(  744): percent: 0
W/MediaPlayer( 1435): info/warning (704, 0)
I/MediaPlayer.java( 1435): Info (704,0)
D/MediaPlayerService(  744): [8] notify (0x522e8, 200, 704, 0)
D/MstarPlayer(  744): percent: 0
W/MediaPlayer( 1435): info/warning (704, 0)
I/MediaPlayer.java( 1435): Info (704,0)
D/MediaPlayerService(  744): [8] notify (0x522e8, 200, 704, 0)
D/MstarPlayer(  744): percent: 0
W/MediaPlayer( 1435): info/warning (704, 0)
I/MediaPlayer.java( 1435): Info (704,0)
D/MediaPlayerService(  744): [8] notify (0x522e8, 200, 704, 0)
D/MstarPlayer(  744): percent: 0
W/MediaPlayer( 1435): info/warning (704, 0)
I/MediaPlayer.java( 1435): Info (704,0)
D/MediaPlayerService(  744): [8] notify (0x522e8, 200, 704, 0)
D/MstarPlayer(  744): percent: 0
W/MediaPlayer( 1435): info/warning (704, 0)
I/MediaPlayer.java( 1435): Info (704,0)
D/Downloader(  744): Content-Length: 172
D/Downloader(  744): 
D/Downloader(  744): Downloadserver bandWidth:3155
D/Downloader(  744): Downloadserver bandWidth:3155
D/Downloader(  744): Downloadserver bandWidth:3155
D/Downloader(  744): Downloadserver bandWidth:3155
D/MediaPlayerService(  744): [8] notify (0x522e8, 200, 704, 0)
D/MstarPlayer(  744): percent: 0
W/MediaPlayer( 1435): info/warning (704, 0)
I/MediaPlayer.java( 1435): Info (704,0)
D/MediaPlayerService(  744): [8] notify (0x522e8, 200, 704, 0)
D/MstarPlayer(  744): percent: 0
W/MediaPlayer( 1435): info/warning (704, 0)
I/MediaPlayer.java( 1435): Info (704,0)
D/DataSource_M3U8(  744): u32HLSSreamNum[0]===>u32BandWidth:1200000 
D/DataSource_M3U8(  744): getHLSPlayListInex  DownloadBandWidth:3155   uInDex=0
D/DataSource_M3U8(  744): [M3U8] checkShouldStartNext :[90](172/172)   sequence:0  start next:91  
D/DataSource_M3U8(  744): 
D/DataSource_M3U8(  744): 
D/DataSource_M3U8(  744): 
D/DataSource_M3U8(  744): [M3U8]-7----->This :0x30fd0 --> post cmd for start next url:http://cibn-iss1.longvisionmedia.com:8088/vod/CIBN2013_CIBN2113040100001913_12001300/91.ts, knowedFileSize:0, mCurDowningIndex:90
D/DataSource_M3U8(  744): 
D/DataSource_M3U8(  744): 
D/Downloader(  744): [downloadThread]Downloader::removeTask  
D/Downloader(  744): [downloadThread]task have range string:0- 
D/MediaPlayerService(  744): [8] notify (0x522e8, 3, 21, 0)
D/MediaPlayerService(  744): [8] notify (0x522e8, 200, 704, 0)
D/MstarPlayer(  744): percent: 0
W/MediaPlayer( 1435): info/warning (704, 0)
I/MediaPlayer.java( 1435): Info (704,0)
D/DataSource_M3U8(  744): 
D/DataSource_M3U8(  744):  Warnig::  getValidBufferLength()  <  Codec require !!!
D/MediaPlayerService(  744): [8] notify (0x522e8, 200, 704, 0)
D/MstarPlayer(  744): percent: 0
W/MediaPlayer( 1435): info/warning (704, 0)
I/MediaPlayer.java( 1435): Info (704,0)
D/MediaPlayerService(  744): [8] notify (0x522e8, 200, 704, 0)
D/MstarPlayer(  744): percent: 0
W/MediaPlayer( 1435): info/warning (704, 0)
I/MediaPlayer.java( 1435): Info (704,0)
D/MediaPlayerService(  744): [8] notify (0x522e8, 200, 704, 0)
D/MstarPlayer(  744): percent: 0
W/MediaPlayer( 1435): info/warning (704, 0)
I/MediaPlayer.java( 1435): Info (704,0)
D/MediaPlayerService(  744): [8] notify (0x522e8, 200, 704, 0)
D/MstarPlayer(  744): percent: 0
W/MediaPlayer( 1435): info/warning (704, 0)
I/MediaPlayer.java( 1435): Info (704,0)
D/MediaPlayerService(  744): [8] notify (0x522e8, 200, 704, 0)
D/MstarPlayer(  744): percent: 0
W/MediaPlayer( 1435): info/warning (704, 0)
I/MediaPlayer.java( 1435): Info (704,0)
D/MediaPlayerService(  744): [8] notify (0x522e8, 200, 704, 0)
D/MstarPlayer(  744): percent: 0
W/MediaPlayer( 1435): info/warning (704, 0)
I/MediaPlayer.java( 1435): Info (704,0)
D/MediaPlayerService(  744): [8] notify (0x522e8, 200, 704, 0)
D/MstarPlayer(  744): percent: 0
W/MediaPlayer( 1435): info/warning (704, 0)
I/MediaPlayer.java( 1435): Info (704,0)
D/MediaPlayerService(  744): [8] notify (0x522e8, 200, 704, 0)
D/MstarPlayer(  744): percent: 0
W/MediaPlayer( 1435): info/warning (704, 0)
I/MediaPlayer.java( 1435): Info (704,0)
D/MediaPlayerService(  744): [8] notify (0x522e8, 200, 704, 0)
D/MstarPlayer(  744): percent: 0
W/MediaPlayer( 1435): info/warning (704, 0)
I/MediaPlayer.java( 1435): Info (704,0)
D/Downloader(  744): Content-Length: 172
D/Downloader(  744): 
D/Downloader(  744): Downloadserver bandWidth:2591
D/Downloader(  744): Downloadserver bandWidth:2591
D/Downloader(  744): Downloadserver bandWidth:2591
D/Downloader(  744): Downloadserver bandWidth:2586
D/MediaPlayerService(  744): [8] notify (0x522e8, 200, 704, 0)
D/MstarPlayer(  744): percent: 0
W/MediaPlayer( 1435): info/warning (704, 0)
I/MediaPlayer.java( 1435): Info (704,0)
D/MediaPlayerService(  744): [8] notify (0x522e8, 200, 704, 0)
D/MstarPlayer(  744): percent: 0
W/MediaPlayer( 1435): info/warning (704, 0)
I/MediaPlayer.java( 1435): Info (704,0)
D/MediaPlayerService(  744): [8] notify (0x522e8, 200, 704, 0)
D/MstarPlayer(  744): percent: 0
W/MediaPlayer( 1435): info/warning (704, 0)
I/MediaPlayer.java( 1435): Info (704,0)
D/MediaPlayerService(  744): [8] notify (0x522e8, 200, 704, 0)
D/MstarPlayer(  744): percent: 0
W/MediaPlayer( 1435): info/warning (704, 0)
I/MediaPlayer.java( 1435): Info (704,0)
D/MediaPlayerService(  744): [8] notify (0x522e8, 200, 704, 0)
D/MstarPlayer(  744): percent: 0
W/MediaPlayer( 1435): info/warning (704, 0)
I/MediaPlayer.java( 1435): Info (704,0)
D/MediaPlayerService(  744): [8] notify (0x522e8, 200, 704, 0)
D/MstarPlayer(  744): percent: 0
W/MediaPlayer( 1435): info/warning (704, 0)
I/MediaPlayer.java( 1435): Info (704,0)
D/MediaPlayerService(  744): [8] notify (0x522e8, 200, 704, 0)
D/MstarPlayer(  744): percent: 0
W/MediaPlayer( 1435): info/warning (704, 0)
I/MediaPlayer.java( 1435): Info (704,0)
D/MediaPlayerService(  744): [8] notify (0x522e8, 200, 704, 0)
D/MstarPlayer(  744): percent: 0
W/MediaPlayer( 1435): info/warning (704, 0)
I/MediaPlayer.java( 1435): Info (704,0)
D/MediaPlayerService(  744): [8] notify (0x522e8, 200, 704, 0)
D/MstarPlayer(  744): percent: 0
W/MediaPlayer( 1435): info/warning (704, 0)
I/MediaPlayer.java( 1435): Info (704,0)
D/MediaPlayerService(  744): [8] notify (0x522e8, 200, 704, 0)
D/MstarPlayer(  744): percent: 0
W/MediaPlayer( 1435): info/warning (704, 0)
I/MediaPlayer.java( 1435): Info (704,0)
D/DataSource_M3U8(  744): u32HLSSreamNum[0]===>u32BandWidth:1200000 
D/DataSource_M3U8(  744): getHLSPlayListInex  DownloadBandWidth:2586   uInDex=0
D/DataSource_M3U8(  744): [M3U8] checkShouldStartNext :[91](172/172)   sequence:0  start next:92  
D/DataSource_M3U8(  744): 
D/DataSource_M3U8(  744): 
D/DataSource_M3U8(  744): 
D/DataSource_M3U8(  744): [M3U8]-7----->This :0x30fd0 --> post cmd for start next url:http://cibn-iss1.longvisionmedia.com:8088/vod/CIBN2013_CIBN2113040100001913_12001300/92.ts, knowedFileSize:0, mCurDowningIndex:91
D/DataSource_M3U8(  744): 
D/DataSource_M3U8(  744): 
D/Downloader(  744): [downloadThread]Downloader::removeTask  
D/Downloader(  744): [downloadThread]task have range string:0- 
D/MediaPlayerService(  744): [8] notify (0x522e8, 200, 704, 0)
D/MstarPlayer(  744): percent: 0
W/MediaPlayer( 1435): info/warning (704, 0)
I/MediaPlayer.java( 1435): Info (704,0)
D/DataSource_M3U8(  744): 
D/DataSource_M3U8(  744):  Warnig::  getValidBufferLength()  <  Codec require !!!
D/MediaPlayerService(  744): [8] notify (0x522e8, 200, 704, 0)
D/MstarPlayer(  744): percent: 0
W/MediaPlayer( 1435): info/warning (704, 0)
I/MediaPlayer.java( 1435): Info (704,0)
D/MediaPlayerService(  744): [8] notify (0x522e8, 200, 704, 0)
D/MstarPlayer(  744): percent: 0
W/MediaPlayer( 1435): info/warning (704, 0)
I/MediaPlayer.java( 1435): Info (704,0)
D/dalvikvm( 1505): GC_CONCURRENT freed 392K, 77% free 1396K/6019K, paused 2ms+1ms
D/MediaPlayerService(  744): [8] notify (0x522e8, 200, 704, 0)
D/MstarPlayer(  744): percent: 0
W/MediaPlayer( 1435): info/warning (704, 0)
I/MediaPlayer.java( 1435): Info (704,0)
D/MediaPlayerService(  744): [8] notify (0x522e8, 200, 704, 0)
D/MstarPlayer(  744): percent: 0
W/MediaPlayer( 1435): info/warning (704, 0)
I/MediaPlayer.java( 1435): Info (704,0)
D/MediaPlayerService(  744): [8] notify (0x522e8, 200, 704, 0)
D/MstarPlayer(  744): percent: 0
W/MediaPlayer( 1435): info/warning (704, 0)
I/MediaPlayer.java( 1435): Info (704,0)
D/dalvikvm( 1505): GC_CONCURRENT freed 473K, 78% free 1361K/6019K, paused 1ms+1ms
D/MediaPlayerService(  744): [8] notify (0x522e8, 200, 704, 0)
D/MstarPlayer(  744): percent: 0
W/MediaPlayer( 1435): info/warning (704, 0)
I/MediaPlayer.java( 1435): Info (704,0)
D/MediaPlayerService(  744): [8] notify (0x522e8, 200, 704, 0)
D/MstarPlayer(  744): percent: 0
W/MediaPlayer( 1435): info/warning (704, 0)
I/MediaPlayer.java( 1435): Info (704,0)
D/MediaPlayerService(  744): [8] notify (0x522e8, 200, 704, 0)
D/MstarPlayer(  744): percent: 0
W/MediaPlayer( 1435): info/warning (704, 0)
I/MediaPlayer.java( 1435): Info (704,0)
D/MediaPlayerService(  744): [8] notify (0x522e8, 200, 704, 0)
D/MstarPlayer(  744): percent: 0
W/MediaPlayer( 1435): info/warning (704, 0)
I/MediaPlayer.java( 1435): Info (704,0)
D/Downloader(  744): Content-Length: 172
D/Downloader(  744): 
D/Downloader(  744): Downloadserver bandWidth:2529
D/Downloader(  744): Downloadserver bandWidth:2529
D/Downloader(  744): Downloadserver bandWidth:2529
D/Downloader(  744): Downloadserver bandWidth:2529
D/MediaPlayerService(  744): [8] notify (0x522e8, 200, 704, 0)
D/MstarPlayer(  744): percent: 0
W/MediaPlayer( 1435): info/warning (704, 0)
I/MediaPlayer.java( 1435): Info (704,0)
D/dalvikvm( 1505): GC_CONCURRENT freed 444K, 77% free 1412K/6019K, paused 1ms+1ms
D/MediaPlayerService(  744): [8] notify (0x522e8, 200, 704, 0)
D/MstarPlayer(  744): percent: 0
W/MediaPlayer( 1435): info/warning (704, 0)
I/MediaPlayer.java( 1435): Info (704,0)
D/MediaPlayerService(  744): [8] notify (0x522e8, 200, 704, 0)
D/MstarPlayer(  744): percent: 0
W/MediaPlayer( 1435): info/warning (704, 0)
I/MediaPlayer.java( 1435): Info (704,0)
D/dalvikvm( 1505): GC_CONCURRENT freed 500K, 77% free 1408K/6019K, paused 1ms+1ms
D/HomePlayerLib( 1505): hostaddress count is 1
D/MediaPlayerService(  744): [8] notify (0x522e8, 200, 704, 0)
D/MstarPlayer(  744): percent: 0
W/MediaPlayer( 1435): info/warning (704, 0)
I/MediaPlayer.java( 1435): Info (704,0)
D/dalvikvm( 1505): GC_CONCURRENT freed 504K, 77% free 1408K/6019K, paused 1ms+1ms
D/MediaPlayerService(  744): [8] notify (0x522e8, 200, 704, 0)
D/MstarPlayer(  744): percent: 0
W/MediaPlayer( 1435): info/warning (704, 0)
I/MediaPlayer.java( 1435): Info (704,0)
D/dalvikvm( 1505): GC_CONCURRENT freed 488K, 77% free 1395K/6019K, paused 0ms+1ms
D/MediaPlayerService(  744): [8] notify (0x522e8, 200, 704, 0)
D/MstarPlayer(  744): percent: 0
W/MediaPlayer( 1435): info/warning (704, 0)
I/MediaPlayer.java( 1435): Info (704,0)
D/MediaPlayerService(  744): [8] notify (0x522e8, 200, 704, 0)
D/MstarPlayer(  744): percent: 0
W/MediaPlayer( 1435): info/warning (704, 0)
I/MediaPlayer.java( 1435): Info (704,0)
D/dalvikvm( 1505): GC_CONCURRENT freed 484K, 78% free 1366K/6019K, paused 1ms+1ms
D/MediaPlayerService(  744): [8] notify (0x522e8, 200, 704, 0)
D/MstarPlayer(  744): percent: 0
W/MediaPlayer( 1435): info/warning (704, 0)
I/MediaPlayer.java( 1435): Info (704,0)
D/MediaPlayerService(  744): [8] notify (0x522e8, 200, 704, 0)
D/MstarPlayer(  744): percent: 0
W/MediaPlayer( 1435): info/warning (704, 0)
I/MediaPlayer.java( 1435): Info (704,0)
D/MediaPlayerService(  744): [8] notify (0x522e8, 200, 704, 0)
D/MstarPlayer(  744): percent: 0
W/MediaPlayer( 1435): info/warning (704, 0)
I/MediaPlayer.java( 1435): Info (704,0)
D/DataSource_M3U8(  744): u32HLSSreamNum[0]===>u32BandWidth:1200000 
D/DataSource_M3U8(  744): getHLSPlayListInex  DownloadBandWidth:2529   uInDex=0
D/DataSource_M3U8(  744): [M3U8] checkShouldStartNext :[92](172/172)   sequence:0  start next:93  
D/DataSource_M3U8(  744): 
D/DataSource_M3U8(  744): 
D/DataSource_M3U8(  744): 
D/DataSource_M3U8(  744): [M3U8]-7----->This :0x30fd0 --> post cmd for start next url:http://cibn-iss1.longvisionmedia.com:8088/vod/CIBN2013_CIBN2113040100001913_12001300/93.ts, knowedFileSize:0, mCurDowningIndex:92
D/DataSource_M3U8(  744): 
D/DataSource_M3U8(  744): 
D/Downloader(  744): [downloadThread]Downloader::removeTask  
D/Downloader(  744): [downloadThread]task have range string:0- 
D/dalvikvm( 1505): GC_CONCURRENT freed 456K, 77% free 1403K/6019K, paused 2ms+1ms
D/DataSource_M3U8(  744): 
D/DataSource_M3U8(  744):  Warnig::  getValidBufferLength()  <  Codec require !!!
D/MediaPlayerService(  744): [8] notify (0x522e8, 200, 704, 0)
D/MstarPlayer(  744): percent: 0
W/MediaPlayer( 1435): info/warning (704, 0)
I/MediaPlayer.java( 1435): Info (704,0)
D/dalvikvm( 1505): GC_CONCURRENT freed 478K, 79% free 1310K/6019K, paused 1ms+1ms
D/MediaPlayerService(  744): [8] notify (0x522e8, 200, 704, 0)
D/MstarPlayer(  744): percent: 0
W/MediaPlayer( 1435): info/warning (704, 0)
I/MediaPlayer.java( 1435): Info (704,0)
D/MediaPlayerService(  744): [8] notify (0x522e8, 200, 704, 0)
D/MstarPlayer(  744): percent: 0
W/MediaPlayer( 1435): info/warning (704, 0)
I/MediaPlayer.java( 1435): Info (704,0)
D/dalvikvm( 1505): GC_CONCURRENT freed 384K, 77% free 1435K/6019K, paused 2ms+1ms
D/MediaPlayerService(  744): [8] notify (0x522e8, 200, 704, 0)
D/MstarPlayer(  744): percent: 0
W/MediaPlayer( 1435): info/warning (704, 0)
I/MediaPlayer.java( 1435): Info (704,0)
D/MediaPlayerService(  744): [8] notify (0x522e8, 200, 704, 0)
D/MstarPlayer(  744): percent: 0
W/MediaPlayer( 1435): info/warning (704, 0)
I/MediaPlayer.java( 1435): Info (704,0)
D/MediaPlayerService(  744): [8] notify (0x522e8, 200, 704, 0)
D/MstarPlayer(  744): percent: 0
W/MediaPlayer( 1435): info/warning (704, 0)
I/MediaPlayer.java( 1435): Info (704,0)
D/dalvikvm( 1505): GC_CONCURRENT freed 488K, 77% free 1432K/6019K, paused 1ms+1ms
D/MediaPlayerService(  744): [8] notify (0x522e8, 200, 704, 0)
D/MstarPlayer(  744): percent: 0
W/MediaPlayer( 1435): info/warning (704, 0)
I/MediaPlayer.java( 1435): Info (704,0)
D/MediaPlayerService(  744): [8] notify (0x522e8, 200, 704, 0)
D/MstarPlayer(  744): percent: 0
W/MediaPlayer( 1435): info/warning (704, 0)
I/MediaPlayer.java( 1435): Info (704,0)
D/MediaPlayerService(  744): [8] notify (0x522e8, 200, 704, 0)
D/MstarPlayer(  744): percent: 0
W/MediaPlayer( 1435): info/warning (704, 0)
I/MediaPlayer.java( 1435): Info (704,0)
D/Downloader(  744): Content-Length: 172
D/Downloader(  744): 
D/Downloader(  744): Downloadserver bandWidth:2791
D/Downloader(  744): Downloadserver bandWidth:2791
D/Downloader(  744): Downloadserver bandWidth:2791
D/Downloader(  744): Downloadserver bandWidth:2791
D/MediaPlayerService(  744): [8] notify (0x522e8, 200, 704, 0)
D/MstarPlayer(  744): percent: 0
W/MediaPlayer( 1435): info/warning (704, 0)
I/MediaPlayer.java( 1435): Info (704,0)
D/DataSource_M3U8(  744): u32HLSSreamNum[0]===>u32BandWidth:1200000 
D/DataSource_M3U8(  744): getHLSPlayListInex  DownloadBandWidth:2791   uInDex=0
D/DataSource_M3U8(  744): [M3U8] checkShouldStartNext :[93](172/172)   sequence:0  start next:94  
D/DataSource_M3U8(  744): 
D/DataSource_M3U8(  744): 
D/DataSource_M3U8(  744): 
D/DataSource_M3U8(  744): [M3U8]-7----->This :0x30fd0 --> post cmd for start next url:http://cibn-iss1.longvisionmedia.com:8088/vod/CIBN2013_CIBN2113040100001913_12001300/94.ts, knowedFileSize:0, mCurDowningIndex:93
D/DataSource_M3U8(  744): 
D/DataSource_M3U8(  744): 
D/Downloader(  744): [downloadThread]Downloader::removeTask  
D/Downloader(  744): [downloadThread]task have range string:0- 
D/dalvikvm( 1505): GC_CONCURRENT freed 500K, 77% free 1430K/6019K, paused 1ms+2ms
D/MediaPlayerService(  744): [8] notify (0x522e8, 200, 704, 0)
D/MstarPlayer(  744): percent: 0
W/MediaPlayer( 1435): info/warning (704, 0)
I/MediaPlayer.java( 1435): Info (704,0)
D/MediaPlayerService(  744): [8] notify (0x522e8, 200, 704, 0)
D/MstarPlayer(  744): percent: 0
W/MediaPlayer( 1435): info/warning (704, 0)
I/MediaPlayer.java( 1435): Info (704,0)
D/MediaPlayerService(  744): [8] notify (0x522e8, 200, 704, 0)
D/MstarPlayer(  744): percent: 0
W/MediaPlayer( 1435): info/warning (704, 0)
I/MediaPlayer.java( 1435): Info (704,0)
D/MediaPlayerService(  744): [8] notify (0x522e8, 200, 704, 0)
D/MstarPlayer(  744): percent: 0
W/MediaPlayer( 1435): info/warning (704, 0)
I/MediaPlayer.java( 1435): Info (704,0)
D/MediaPlayerService(  744): [8] notify (0x522e8, 200, 704, 0)
D/MstarPlayer(  744): percent: 0
W/MediaPlayer( 1435): info/warning (704, 0)
I/MediaPlayer.java( 1435): Info (704,0)
D/dalvikvm( 1505): GC_CONCURRENT freed 500K, 79% free 1321K/6019K, paused 2ms+1ms
D/MediaPlayerService(  744): [8] notify (0x522e8, 200, 704, 0)
D/MstarPlayer(  744): percent: 0
W/MediaPlayer( 1435): info/warning (704, 0)
I/MediaPlayer.java( 1435): Info (704,0)
D/MediaPlayerService(  744): [8] notify (0x522e8, 200, 704, 0)
D/MstarPlayer(  744): percent: 0
W/MediaPlayer( 1435): info/warning (704, 0)
I/MediaPlayer.java( 1435): Info (704,0)
D/Downloader(  744): Content-Length: 172
D/Downloader(  744): 
D/Downloader(  744): Downloadserver bandWidth:3801
D/Downloader(  744): Downloadserver bandWidth:3801
D/Downloader(  744): Downloadserver bandWidth:3801
D/Downloader(  744): Downloadserver bandWidth:3801
D/MediaPlayerService(  744): [8] notify (0x522e8, 200, 704, 0)
D/MstarPlayer(  744): percent: 0
W/MediaPlayer( 1435): info/warning (704, 0)
I/MediaPlayer.java( 1435): Info (704,0)
D/dalvikvm( 1505): GC_CONCURRENT freed 397K, 77% free 1427K/6019K, paused 1ms+1ms
D/MediaPlayerService(  744): [8] notify (0x522e8, 200, 704, 0)
D/MstarPlayer(  744): percent: 0
W/MediaPlayer( 1435): info/warning (704, 0)
I/MediaPlayer.java( 1435): Info (704,0)
D/MediaPlayerService(  744): [8] notify (0x522e8, 200, 704, 0)
D/MstarPlayer(  744): percent: 0
W/MediaPlayer( 1435): info/warning (704, 0)
I/MediaPlayer.java( 1435): Info (704,0)
D/DataSource_M3U8(  744): u32HLSSreamNum[0]===>u32BandWidth:1200000 
D/DataSource_M3U8(  744): getHLSPlayListInex  DownloadBandWidth:3801   uInDex=0
D/DataSource_M3U8(  744): [M3U8] checkShouldStartNext :[94](172/172)   sequence:0  start next:95  
D/DataSource_M3U8(  744): 
D/DataSource_M3U8(  744): 
D/DataSource_M3U8(  744): 
D/DataSource_M3U8(  744): [M3U8]-7----->This :0x30fd0 --> post cmd for start next url:http://cibn-iss1.longvisionmedia.com:8088/vod/CIBN2013_CIBN2113040100001913_12001300/95.ts, knowedFileSize:0, mCurDowningIndex:94
D/DataSource_M3U8(  744): 
D/DataSource_M3U8(  744): 
D/Downloader(  744): [downloadThread]Downloader::removeTask  
D/Downloader(  744): [downloadThread]task have range string:0- 
D/DataSource_M3U8(  744): 
D/DataSource_M3U8(  744):  Warnig::  getValidBufferLength()  <  Codec require !!!
D/MediaPlayerService(  744): [8] notify (0x522e8, 3, 22, 0)
D/MediaPlayerService(  744): [8] notify (0x522e8, 200, 704, 0)
D/MstarPlayer(  744): percent: 0
W/MediaPlayer( 1435): info/warning (704, 0)
I/MediaPlayer.java( 1435): Info (704,0)
D/dalvikvm( 1505): GC_CONCURRENT freed 487K, 77% free 1416K/6019K, paused 1ms+1ms
D/MediaPlayerService(  744): [8] notify (0x522e8, 200, 704, 0)
D/MstarPlayer(  744): percent: 0
W/MediaPlayer( 1435): info/warning (704, 0)
I/MediaPlayer.java( 1435): Info (704,0)
D/MediaPlayerService(  744): [8] notify (0x522e8, 200, 704, 0)
D/MstarPlayer(  744): percent: 0
W/MediaPlayer( 1435): info/warning (704, 0)
I/MediaPlayer.java( 1435): Info (704,0)
D/MediaPlayerService(  744): [8] notify (0x522e8, 200, 704, 0)
D/MstarPlayer(  744): percent: 0
W/MediaPlayer( 1435): info/warning (704, 0)
I/MediaPlayer.java( 1435): Info (704,0)
D/dalvikvm( 1505): GC_CONCURRENT freed 476K, 78% free 1338K/6019K, paused 1ms+1ms
D/MediaPlayerService(  744): [8] notify (0x522e8, 200, 704, 0)
D/MstarPlayer(  744): percent: 0
W/MediaPlayer( 1435): info/warning (704, 0)
I/MediaPlayer.java( 1435): Info (704,0)
D/MediaPlayerService(  744): [8] notify (0x522e8, 200, 704, 0)
D/MstarPlayer(  744): percent: 0
W/MediaPlayer( 1435): info/warning (704, 0)
I/MediaPlayer.java( 1435): Info (704,0)
D/MediaPlayerService(  744): [8] notify (0x522e8, 200, 704, 0)
D/MstarPlayer(  744): percent: 0
W/MediaPlayer( 1435): info/warning (704, 0)
I/MediaPlayer.java( 1435): Info (704,0)
D/MediaPlayerService(  744): [8] notify (0x522e8, 200, 704, 0)
D/MstarPlayer(  744): percent: 0
W/MediaPlayer( 1435): info/warning (704, 0)
I/MediaPlayer.java( 1435): Info (704,0)
D/MediaPlayerService(  744): [8] notify (0x522e8, 200, 704, 0)
D/MstarPlayer(  744): percent: 0
W/MediaPlayer( 1435): info/warning (704, 0)
I/MediaPlayer.java( 1435): Info (704,0)
D/Downloader(  744): Content-Length: 172
D/Downloader(  744): 
D/Downloader(  744): Downloadserver bandWidth:2946
D/Downloader(  744): Downloadserver bandWidth:2946
D/Downloader(  744): Downloadserver bandWidth:2946
D/Downloader(  744): Downloadserver bandWidth:2946
D/dalvikvm( 1505): GC_CONCURRENT freed 406K, 77% free 1429K/6019K, paused 1ms+1ms
D/MediaPlayerService(  744): [8] notify (0x522e8, 200, 704, 0)
D/MstarPlayer(  744): percent: 0
W/MediaPlayer( 1435): info/warning (704, 0)
I/MediaPlayer.java( 1435): Info (704,0)
D/DataSource_M3U8(  744): u32HLSSreamNum[0]===>u32BandWidth:1200000 
D/DataSource_M3U8(  744): getHLSPlayListInex  DownloadBandWidth:2946   uInDex=0
D/DataSource_M3U8(  744): [M3U8] checkShouldStartNext :[95](172/172)   sequence:0  start next:96  
D/DataSource_M3U8(  744): 
D/DataSource_M3U8(  744): 
D/DataSource_M3U8(  744): 
D/DataSource_M3U8(  744): [M3U8]-7----->This :0x30fd0 --> post cmd for start next url:http://cibn-iss1.longvisionmedia.com:8088/vod/CIBN2013_CIBN2113040100001913_12001300/96.ts, knowedFileSize:0, mCurDowningIndex:95
D/DataSource_M3U8(  744): 
D/DataSource_M3U8(  744): 
D/Downloader(  744): [downloadThread]Downloader::removeTask  
D/Downloader(  744): [downloadThread]task have range string:0- 
D/MediaPlayerService(  744): [8] notify (0x522e8, 200, 704, 0)
D/MstarPlayer(  744): percent: 0
W/MediaPlayer( 1435): info/warning (704, 0)
I/MediaPlayer.java( 1435): Info (704,0)
D/MediaPlayerService(  744): [8] notify (0x522e8, 200, 704, 0)
D/MstarPlayer(  744): percent: 0
W/MediaPlayer( 1435): info/warning (704, 0)
I/MediaPlayer.java( 1435): Info (704,0)
D/dalvikvm( 1505): GC_CONCURRENT freed 490K, 77% free 1416K/6019K, paused 1ms+1ms
D/MediaPlayerService(  744): [8] notify (0x522e8, 200, 704, 0)
D/MstarPlayer(  744): percent: 0
W/MediaPlayer( 1435): info/warning (704, 0)
I/MediaPlayer.java( 1435): Info (704,0)
D/MediaPlayerService(  744): [8] notify (0x522e8, 200, 704, 0)
D/MstarPlayer(  744): percent: 0
W/MediaPlayer( 1435): info/warning (704, 0)
I/MediaPlayer.java( 1435): Info (704,0)
D/MediaPlayerService(  744): [8] notify (0x522e8, 200, 704, 0)
D/MstarPlayer(  744): percent: 0
W/MediaPlayer( 1435): info/warning (704, 0)
I/MediaPlayer.java( 1435): Info (704,0)
D/MediaPlayerService(  744): [8] notify (0x522e8, 200, 704, 0)
D/MstarPlayer(  744): percent: 0
W/MediaPlayer( 1435): info/warning (704, 0)
I/MediaPlayer.java( 1435): Info (704,0)
D/MediaPlayerService(  744): [8] notify (0x522e8, 200, 704, 0)
D/MstarPlayer(  744): percent: 0
W/MediaPlayer( 1435): info/warning (704, 0)
I/MediaPlayer.java( 1435): Info (704,0)
D/MediaPlayerService(  744): [8] notify (0x522e8, 200, 704, 0)
D/MstarPlayer(  744): percent: 0
W/MediaPlayer( 1435): info/warning (704, 0)
I/MediaPlayer.java( 1435): Info (704,0)
D/MediaPlayerService(  744): [8] notify (0x522e8, 200, 704, 0)
D/MstarPlayer(  744): percent: 0
W/MediaPlayer( 1435): info/warning (704, 0)
I/MediaPlayer.java( 1435): Info (704,0)
D/Downloader(  744): Content-Length: 172
D/Downloader(  744): 
D/Downloader(  744): Downloadserver bandWidth:2959
D/Downloader(  744): Downloadserver bandWidth:2959
D/Downloader(  744): Downloadserver bandWidth:2952
D/Downloader(  744): Downloadserver bandWidth:2952
D/MediaPlayerService(  744): [8] notify (0x522e8, 200, 704, 0)
D/MstarPlayer(  744): percent: 0
W/MediaPlayer( 1435): info/warning (704, 0)
I/MediaPlayer.java( 1435): Info (704,0)
D/DataSource_M3U8(  744): u32HLSSreamNum[0]===>u32BandWidth:1200000 
D/DataSource_M3U8(  744): getHLSPlayListInex  DownloadBandWidth:2952   uInDex=0
D/DataSource_M3U8(  744): [M3U8] checkShouldStartNext :[96](172/172)   sequence:0  start next:97  
D/DataSource_M3U8(  744): 
D/DataSource_M3U8(  744): 
D/DataSource_M3U8(  744): 
D/DataSource_M3U8(  744): [M3U8]-7----->This :0x30fd0 --> post cmd for start next url:http://cibn-iss1.longvisionmedia.com:8088/vod/CIBN2013_CIBN2113040100001913_12001300/97.ts, knowedFileSize:0, mCurDowningIndex:96
D/DataSource_M3U8(  744): 
D/DataSource_M3U8(  744): 
D/Downloader(  744): [downloadThread]Downloader::removeTask  
D/Downloader(  744): [downloadThread]task have range string:0- 
D/DataSource_M3U8(  744): 
D/DataSource_M3U8(  744):  Warnig::  getValidBufferLength()  <  Codec require !!!
D/MediaPlayerService(  744): [8] notify (0x522e8, 200, 704, 0)
D/MstarPlayer(  744): percent: 0
W/MediaPlayer( 1435): info/warning (704, 0)
I/MediaPlayer.java( 1435): Info (704,0)
D/MediaPlayerService(  744): [8] notify (0x522e8, 200, 704, 0)
D/MstarPlayer(  744): percent: 0
W/MediaPlayer( 1435): info/warning (704, 0)
I/MediaPlayer.java( 1435): Info (704,0)
D/MediaPlayerService(  744): [8] notify (0x522e8, 200, 704, 0)
D/MstarPlayer(  744): percent: 0
W/MediaPlayer( 1435): info/warning (704, 0)
I/MediaPlayer.java( 1435): Info (704,0)
D/MediaPlayerService(  744): [8] notify (0x522e8, 200, 704, 0)
D/MstarPlayer(  744): percent: 0
W/MediaPlayer( 1435): info/warning (704, 0)
I/MediaPlayer.java( 1435): Info (704,0)
D/MediaPlayerService(  744): [8] notify (0x522e8, 200, 704, 0)
D/MstarPlayer(  744): percent: 0
W/MediaPlayer( 1435): info/warning (704, 0)
I/MediaPlayer.java( 1435): Info (704,0)
D/MediaPlayerService(  744): [8] notify (0x522e8, 200, 704, 0)
D/MstarPlayer(  744): percent: 0
W/MediaPlayer( 1435): info/warning (704, 0)
I/MediaPlayer.java( 1435): Info (704,0)
D/dalvikvm( 1505): GC_CONCURRENT freed 474K, 78% free 1379K/6019K, paused 1ms+2ms
D/MediaPlayerService(  744): [8] notify (0x522e8, 200, 704, 0)
D/MstarPlayer(  744): percent: 0
W/MediaPlayer( 1435): info/warning (704, 0)
I/MediaPlayer.java( 1435): Info (704,0)
D/MediaPlayerService(  744): [8] notify (0x522e8, 200, 704, 0)
D/MstarPlayer(  744): percent: 0
W/MediaPlayer( 1435): info/warning (704, 0)
I/MediaPlayer.java( 1435): Info (704,0)
D/MediaPlayerService(  744): [8] notify (0x522e8, 200, 704, 0)
D/MstarPlayer(  744): percent: 0
W/MediaPlayer( 1435): info/warning (704, 0)
I/MediaPlayer.java( 1435): Info (704,0)
D/Downloader(  744): Content-Length: 172
D/Downloader(  744): 
D/Downloader(  744): Downloadserver bandWidth:2965
D/Downloader(  744): Downloadserver bandWidth:2965
D/Downloader(  744): Downloadserver bandWidth:2965
D/Downloader(  744): Downloadserver bandWidth:2965
D/MediaPlayerService(  744): [8] notify (0x522e8, 200, 704, 0)
D/MstarPlayer(  744): percent: 0
W/MediaPlayer( 1435): info/warning (704, 0)
I/MediaPlayer.java( 1435): Info (704,0)
D/DataSource_M3U8(  744): u32HLSSreamNum[0]===>u32BandWidth:1200000 
D/DataSource_M3U8(  744): getHLSPlayListInex  DownloadBandWidth:2965   uInDex=0
D/DataSource_M3U8(  744): [M3U8] checkShouldStartNext :[97](172/172)   sequence:0  start next:98  
D/DataSource_M3U8(  744): 
D/DataSource_M3U8(  744): 
D/DataSource_M3U8(  744): 
D/DataSource_M3U8(  744): [M3U8]-7----->This :0x30fd0 --> post cmd for start next url:http://cibn-iss1.longvisionmedia.com:8088/vod/CIBN2013_CIBN2113040100001913_12001300/98.ts, knowedFileSize:0, mCurDowningIndex:97
D/DataSource_M3U8(  744): 
D/DataSource_M3U8(  744): 
D/Downloader(  744): [downloadThread]Downloader::removeTask  
D/Downloader(  744): [downloadThread]task have range string:0- 
D/MediaPlayerService(  744): [8] notify (0x522e8, 200, 704, 0)
D/MstarPlayer(  744): percent: 0
W/MediaPlayer( 1435): info/warning (704, 0)
I/MediaPlayer.java( 1435): Info (704,0)
D/MediaPlayerService(  744): [8] notify (0x522e8, 200, 704, 0)
D/MstarPlayer(  744): percent: 0
W/MediaPlayer( 1435): info/warning (704, 0)
I/MediaPlayer.java( 1435): Info (704,0)
D/MediaPlayerService(  744): [8] notify (0x522e8, 200, 704, 0)
D/MstarPlayer(  744): percent: 0
W/MediaPlayer( 1435): info/warning (704, 0)
I/MediaPlayer.java( 1435): Info (704,0)
D/MediaPlayerService(  744): [8] notify (0x522e8, 200, 704, 0)
D/MstarPlayer(  744): percent: 0
W/MediaPlayer( 1435): info/warning (704, 0)
I/MediaPlayer.java( 1435): Info (704,0)
D/dalvikvm( 1505): GC_CONCURRENT freed 445K, 79% free 1321K/6019K, paused 1ms+2ms
D/MediaPlayerService(  744): [8] notify (0x522e8, 200, 704, 0)
D/MstarPlayer(  744): percent: 0
W/MediaPlayer( 1435): info/warning (704, 0)
I/MediaPlayer.java( 1435): Info (704,0)
D/MediaPlayerService(  744): [8] notify (0x522e8, 200, 704, 0)
D/MstarPlayer(  744): percent: 0
W/MediaPlayer( 1435): info/warning (704, 0)
I/MediaPlayer.java( 1435): Info (704,0)
D/Downloader(  744): Content-Length: 172
D/Downloader(  744): 
D/Downloader(  744): Downloadserver bandWidth:4467
D/Downloader(  744): Downloadserver bandWidth:4467
D/Downloader(  744): Downloadserver bandWidth:4467
D/Downloader(  744): Downloadserver bandWidth:4467
D/MediaPlayerService(  744): [8] notify (0x522e8, 200, 704, 0)
D/MstarPlayer(  744): percent: 0
W/MediaPlayer( 1435): info/warning (704, 0)
I/MediaPlayer.java( 1435): Info (704,0)
D/MediaPlayerService(  744): [8] notify (0x522e8, 200, 704, 0)
D/MstarPlayer(  744): percent: 0
W/MediaPlayer( 1435): info/warning (704, 0)
I/MediaPlayer.java( 1435): Info (704,0)
D/dalvikvm( 1505): GC_CONCURRENT freed 396K, 79% free 1320K/6019K, paused 2ms+2ms
D/MediaPlayerService(  744): [8] notify (0x522e8, 200, 704, 0)
D/MstarPlayer(  744): percent: 0
W/MediaPlayer( 1435): info/warning (704, 0)
I/MediaPlayer.java( 1435): Info (704,0)
D/MediaPlayerService(  744): [8] notify (0x522e8, 200, 704, 0)
D/MstarPlayer(  744): percent: 0
W/MediaPlayer( 1435): info/warning (704, 0)
I/MediaPlayer.java( 1435): Info (704,0)
D/DataSource_M3U8(  744): u32HLSSreamNum[0]===>u32BandWidth:1200000 
D/DataSource_M3U8(  744): getHLSPlayListInex  DownloadBandWidth:4467   uInDex=0
D/DataSource_M3U8(  744): [M3U8] checkShouldStartNext :[98](172/172)   sequence:0  start next:99  
D/DataSource_M3U8(  744): 
D/DataSource_M3U8(  744): 
D/DataSource_M3U8(  744): 
D/DataSource_M3U8(  744): [M3U8]-7----->This :0x30fd0 --> post cmd for start next url:http://cibn-iss1.longvisionmedia.com:8088/vod/CIBN2013_CIBN2113040100001913_12001300/99.ts, knowedFileSize:0, mCurDowningIndex:98
D/DataSource_M3U8(  744): 
D/DataSource_M3U8(  744): 
D/Downloader(  744): [downloadThread]Downloader::removeTask  
D/Downloader(  744): [downloadThread]task have range string:0- 
D/DataSource_M3U8(  744): 
D/DataSource_M3U8(  744):  Warnig::  getValidBufferLength()  <  Codec require !!!
D/MediaPlayerService(  744): [8] notify (0x522e8, 200, 704, 0)
D/MstarPlayer(  744): percent: 0
W/MediaPlayer( 1435): info/warning (704, 0)
I/MediaPlayer.java( 1435): Info (704,0)
D/MediaPlayerService(  744): [8] notify (0x522e8, 200, 704, 0)
D/MstarPlayer(  744): percent: 0
W/MediaPlayer( 1435): info/warning (704, 0)
I/MediaPlayer.java( 1435): Info (704,0)
D/MediaPlayerService(  744): [8] notify (0x522e8, 200, 704, 0)
D/MstarPlayer(  744): percent: 0
W/MediaPlayer( 1435): info/warning (704, 0)
I/MediaPlayer.java( 1435): Info (704,0)
D/MediaPlayerService(  744): [8] notify (0x522e8, 200, 704, 0)
D/MstarPlayer(  744): percent: 0
W/MediaPlayer( 1435): info/warning (704, 0)
I/MediaPlayer.java( 1435): Info (704,0)
D/MediaPlayerService(  744): [8] notify (0x522e8, 200, 704, 0)
D/MstarPlayer(  744): percent: 0
W/MediaPlayer( 1435): info/warning (704, 0)
I/MediaPlayer.java( 1435): Info (704,0)
D/MediaPlayerService(  744): [8] notify (0x522e8, 200, 704, 0)
D/MstarPlayer(  744): percent: 0
W/MediaPlayer( 1435): info/warning (704, 0)
I/MediaPlayer.java( 1435): Info (704,0)
D/MediaPlayerService(  744): [8] notify (0x522e8, 200, 704, 0)
D/MstarPlayer(  744): percent: 0
W/MediaPlayer( 1435): info/warning (704, 0)
I/MediaPlayer.java( 1435): Info (704,0)
D/MediaPlayerService(  744): [8] notify (0x522e8, 200, 704, 0)
D/MstarPlayer(  744): percent: 0
W/MediaPlayer( 1435): info/warning (704, 0)
I/MediaPlayer.java( 1435): Info (704,0)
D/Downloader(  744): Content-Length: 172
D/Downloader(  744): 
D/Downloader(  744): Downloadserver bandWidth:3474
D/Downloader(  744): Downloadserver bandWidth:3474
D/Downloader(  744): Downloadserver bandWidth:3474
D/Downloader(  744): Downloadserver bandWidth:3474
D/MediaPlayerService(  744): [8] notify (0x522e8, 200, 704, 0)
D/MstarPlayer(  744): percent: 0
W/MediaPlayer( 1435): info/warning (704, 0)
I/MediaPlayer.java( 1435): Info (704,0)
D/MediaPlayerService(  744): [8] notify (0x522e8, 200, 704, 0)
D/MstarPlayer(  744): percent: 0
W/MediaPlayer( 1435): info/warning (704, 0)
I/MediaPlayer.java( 1435): Info (704,0)
D/DataSource_M3U8(  744): u32HLSSreamNum[0]===>u32BandWidth:1200000 
D/DataSource_M3U8(  744): getHLSPlayListInex  DownloadBandWidth:3474   uInDex=0
D/DataSource_M3U8(  744): [M3U8] checkShouldStartNext :[99](172/172)   sequence:0  start next:100  
D/DataSource_M3U8(  744): 
D/DataSource_M3U8(  744): 
D/DataSource_M3U8(  744): 
D/DataSource_M3U8(  744): [M3U8]-7----->This :0x30fd0 --> post cmd for start next url:http://cibn-iss1.longvisionmedia.com:8088/vod/CIBN2013_CIBN2113040100001913_12001300/100.ts, knowedFileSize:0, mCurDowningIndex:99
D/DataSource_M3U8(  744): 
D/DataSource_M3U8(  744): 
D/Downloader(  744): [downloadThread]Downloader::removeTask  
D/Downloader(  744): [downloadThread]task have range string:0- 
D/MediaPlayerService(  744): [8] notify (0x522e8, 3, 23, 0)
D/MediaPlayerService(  744): [8] notify (0x522e8, 200, 704, 0)
D/MstarPlayer(  744): percent: 0
W/MediaPlayer( 1435): info/warning (704, 0)
I/MediaPlayer.java( 1435): Info (704,0)
D/MediaPlayerService(  744): [8] notify (0x522e8, 200, 704, 0)
D/MstarPlayer(  744): percent: 0
W/MediaPlayer( 1435): info/warning (704, 0)
I/MediaPlayer.java( 1435): Info (704,0)
D/MediaPlayerService(  744): [8] notify (0x522e8, 200, 704, 0)
D/MstarPlayer(  744): percent: 0
W/MediaPlayer( 1435): info/warning (704, 0)
I/MediaPlayer.java( 1435): Info (704,0)
D/MediaPlayerService(  744): [8] notify (0x522e8, 200, 704, 0)
W/MediaPlayer( 1435): info/warning (704, 0)
D/MstarPlayer(  744): percent: 0
I/MediaPlayer.java( 1435): Info (704,0)
D/MediaPlayerService(  744): [8] notify (0x522e8, 200, 704, 0)
D/MstarPlayer(  744): percent: 0
W/MediaPlayer( 1435): info/warning (704, 0)
I/MediaPlayer.java( 1435): Info (704,0)
D/MediaPlayerService(  744): [8] notify (0x522e8, 200, 704, 0)
D/MstarPlayer(  744): percent: 0
W/MediaPlayer( 1435): info/warning (704, 0)
I/MediaPlayer.java( 1435): Info (704,0)
D/MediaPlayerService(  744): [8] notify (0x522e8, 200, 704, 0)
D/MstarPlayer(  744): percent: 0
W/MediaPlayer( 1435): info/warning (704, 0)
I/MediaPlayer.java( 1435): Info (704,0)
D/MediaPlayerService(  744): [8] notify (0x522e8, 200, 704, 0)
D/MstarPlayer(  744): percent: 0
W/MediaPlayer( 1435): info/warning (704, 0)
I/MediaPlayer.java( 1435): Info (704,0)
D/MediaPlayerService(  744): [8] notify (0x522e8, 200, 704, 0)
D/MstarPlayer(  744): percent: 0
W/MediaPlayer( 1435): info/warning (704, 0)
I/MediaPlayer.java( 1435): Info (704,0)
D/MediaPlayerService(  744): [8] notify (0x522e8, 200, 704, 0)
D/MstarPlayer(  744): percent: 0
W/MediaPlayer( 1435): info/warning (704, 0)
I/MediaPlayer.java( 1435): Info (704,0)
D/DataSource_M3U8(  744): 
D/DataSource_M3U8(  744):  Warnig::  getValidBufferLength()  <  Codec require !!!
D/MediaPlayerService(  744): [8] notify (0x522e8, 200, 704, 0)
D/MstarPlayer(  744): percent: 0
W/MediaPlayer( 1435): info/warning (704, 0)
I/MediaPlayer.java( 1435): Info (704,0)
D/MediaPlayerService(  744): [8] notify (0x522e8, 200, 704, 0)
D/MstarPlayer(  744): percent: 0
W/MediaPlayer( 1435): info/warning (704, 0)
I/MediaPlayer.java( 1435): Info (704,0)
D/MediaPlayerService(  744): [8] notify (0x522e8, 200, 704, 0)
D/MstarPlayer(  744): percent: 0
W/MediaPlayer( 1435): info/warning (704, 0)
I/MediaPlayer.java( 1435): Info (704,0)
D/MediaPlayerService(  744): [8] notify (0x522e8, 200, 704, 0)
D/MstarPlayer(  744): percent: 0
W/MediaPlayer( 1435): info/warning (704, 0)
I/MediaPlayer.java( 1435): Info (704,0)
D/Downloader(  744): Content-Length: 172
D/Downloader(  744): 
D/Downloader(  744): Downloadserver bandWidth:1982
D/Downloader(  744): Downloadserver bandWidth:1982
D/Downloader(  744): Downloadserver bandWidth:1982
D/Downloader(  744): Downloadserver bandWidth:1982
D/MediaPlayerService(  744): [8] notify (0x522e8, 200, 704, 0)
D/MstarPlayer(  744): percent: 0
W/MediaPlayer( 1435): info/warning (704, 0)
I/MediaPlayer.java( 1435): Info (704,0)
D/MediaPlayerService(  744): [8] notify (0x522e8, 200, 704, 0)
W/MediaPlayer( 1435): info/warning (704, 0)
I/MediaPlayer.java( 1435): Info (704,0)
D/MstarPlayer(  744): percent: 0
D/MediaPlayerService(  744): [8] notify (0x522e8, 200, 704, 0)
D/MstarPlayer(  744): percent: 0
W/MediaPlayer( 1435): info/warning (704, 0)
I/MediaPlayer.java( 1435): Info (704,0)
D/MediaPlayerService(  744): [8] notify (0x522e8, 200, 704, 0)
D/MstarPlayer(  744): percent: 0
W/MediaPlayer( 1435): info/warning (704, 0)
I/MediaPlayer.java( 1435): Info (704,0)
D/MediaPlayerService(  744): [8] notify (0x522e8, 200, 704, 0)
W/MediaPlayer( 1435): info/warning (704, 0)
I/MediaPlayer.java( 1435): Info (704,0)
D/MstarPlayer(  744): percent: 0
D/MediaPlayerService(  744): [8] notify (0x522e8, 200, 704, 0)
D/MstarPlayer(  744): percent: 0
W/MediaPlayer( 1435): info/warning (704, 0)
I/MediaPlayer.java( 1435): Info (704,0)
D/DataSource_M3U8(  744): u32HLSSreamNum[0]===>u32BandWidth:1200000 
D/DataSource_M3U8(  744): getHLSPlayListInex  DownloadBandWidth:1982   uInDex=0
D/DataSource_M3U8(  744): [M3U8] checkShouldStartNext :[100](172/172)   sequence:0  start next:101  
D/DataSource_M3U8(  744): 
D/DataSource_M3U8(  744): 
D/DataSource_M3U8(  744): 
D/DataSource_M3U8(  744): [M3U8]-7----->This :0x30fd0 --> post cmd for start next url:http://cibn-iss1.longvisionmedia.com:8088/vod/CIBN2013_CIBN2113040100001913_12001300/101.ts, knowedFileSize:0, mCurDowningIndex:100
D/DataSource_M3U8(  744): 
D/DataSource_M3U8(  744): 
D/Downloader(  744): [downloadThread]Downloader::removeTask  
D/Downloader(  744): [downloadThread]task have range string:0- 
D/MediaPlayerService(  744): [8] notify (0x522e8, 200, 704, 0)
D/MstarPlayer(  744): percent: 0
W/MediaPlayer( 1435): info/warning (704, 0)
I/MediaPlayer.java( 1435): Info (704,0)
D/MediaPlayerService(  744): [8] notify (0x522e8, 200, 704, 0)
W/MediaPlayer( 1435): info/warning (704, 0)
I/MediaPlayer.java( 1435): Info (704,0)
D/MstarPlayer(  744): percent: 0
D/MediaPlayerService(  744): [8] notify (0x522e8, 200, 704, 0)
D/MstarPlayer(  744): percent: 0
W/MediaPlayer( 1435): info/warning (704, 0)
I/MediaPlayer.java( 1435): Info (704,0)
D/MediaPlayerService(  744): [8] notify (0x522e8, 200, 704, 0)
D/MstarPlayer(  744): percent: 0
W/MediaPlayer( 1435): info/warning (704, 0)
I/MediaPlayer.java( 1435): Info (704,0)
D/MediaPlayerService(  744): [8] notify (0x522e8, 200, 704, 0)
D/MstarPlayer(  744): percent: 0
W/MediaPlayer( 1435): info/warning (704, 0)
I/MediaPlayer.java( 1435): Info (704,0)
D/MediaPlayerService(  744): [8] notify (0x522e8, 200, 704, 0)
D/MstarPlayer(  744): percent: 0
W/MediaPlayer( 1435): info/warning (704, 0)
I/MediaPlayer.java( 1435): Info (704,0)
D/MediaPlayerService(  744): [8] notify (0x522e8, 200, 704, 0)
D/MstarPlayer(  744): percent: 0
W/MediaPlayer( 1435): info/warning (704, 0)
I/MediaPlayer.java( 1435): Info (704,0)
D/MediaPlayerService(  744): [8] notify (0x522e8, 200, 704, 0)
D/MstarPlayer(  744): percent: 0
W/MediaPlayer( 1435): info/warning (704, 0)
I/MediaPlayer.java( 1435): Info (704,0)
D/MediaPlayerService(  744): [8] notify (0x522e8, 200, 704, 0)
D/MstarPlayer(  744): percent: 0
W/MediaPlayer( 1435): info/warning (704, 0)
I/MediaPlayer.java( 1435): Info (704,0)
D/DataSource_M3U8(  744): 
D/DataSource_M3U8(  744):  Warnig::  getValidBufferLength()  <  Codec require !!!
D/MediaPlayerService(  744): [8] notify (0x522e8, 200, 704, 0)
D/MstarPlayer(  744): percent: 0
W/MediaPlayer( 1435): info/warning (704, 0)
I/MediaPlayer.java( 1435): Info (704,0)
D/MediaPlayerService(  744): [8] notify (0x522e8, 200, 704, 0)
D/MstarPlayer(  744): percent: 0
W/MediaPlayer( 1435): info/warning (704, 0)
I/MediaPlayer.java( 1435): Info (704,0)
D/MediaPlayerService(  744): [8] notify (0x522e8, 200, 704, 0)
D/MstarPlayer(  744): percent: 0
W/MediaPlayer( 1435): info/warning (704, 0)
I/MediaPlayer.java( 1435): Info (704,0)
D/MediaPlayerService(  744): [8] notify (0x522e8, 200, 704, 0)
D/MstarPlayer(  744): percent: 0
W/MediaPlayer( 1435): info/warning (704, 0)
I/MediaPlayer.java( 1435): Info (704,0)
D/MediaPlayerService(  744): [8] notify (0x522e8, 200, 704, 0)
D/MstarPlayer(  744): percent: 0
W/MediaPlayer( 1435): info/warning (704, 0)
I/MediaPlayer.java( 1435): Info (704,0)
D/MediaPlayerService(  744): [8] notify (0x522e8, 200, 704, 0)
D/MstarPlayer(  744): percent: 0
W/MediaPlayer( 1435): info/warning (704, 0)
I/MediaPlayer.java( 1435): Info (704,0)
D/MediaPlayerService(  744): [8] notify (0x522e8, 200, 704, 0)
D/MstarPlayer(  744): percent: 0
W/MediaPlayer( 1435): info/warning (704, 0)
I/MediaPlayer.java( 1435): Info (704,0)
D/MediaPlayerService(  744): [8] notify (0x522e8, 200, 704, 0)
D/MstarPlayer(  744): percent: 0
W/MediaPlayer( 1435): info/warning (704, 0)
I/MediaPlayer.java( 1435): Info (704,0)
D/MediaPlayerService(  744): [8] notify (0x522e8, 200, 704, 0)
D/MstarPlayer(  744): percent: 0
W/MediaPlayer( 1435): info/warning (704, 0)
I/MediaPlayer.java( 1435): Info (704,0)
D/MediaPlayerService(  744): [8] notify (0x522e8, 200, 704, 0)
D/MstarPlayer(  744): percent: 0
W/MediaPlayer( 1435): info/warning (704, 0)
I/MediaPlayer.java( 1435): Info (704,0)
D/MediaPlayerService(  744): [8] notify (0x522e8, 200, 704, 0)
D/MstarPlayer(  744): percent: 0
W/MediaPlayer( 1435): info/warning (704, 0)
I/MediaPlayer.java( 1435): Info (704,0)
D/MediaPlayerService(  744): [8] notify (0x522e8, 200, 704, 0)
D/MstarPlayer(  744): percent: 0
W/MediaPlayer( 1435): info/warning (704, 0)
I/MediaPlayer.java( 1435): Info (704,0)
D/MediaPlayerService(  744): [8] notify (0x522e8, 200, 704, 0)
D/MstarPlayer(  744): percent: 0
W/MediaPlayer( 1435): info/warning (704, 0)
I/MediaPlayer.java( 1435): Info (704,0)
D/MediaPlayerService(  744): [8] notify (0x522e8, 200, 704, 0)
D/MstarPlayer(  744): percent: 0
W/MediaPlayer( 1435): info/warning (704, 0)
I/MediaPlayer.java( 1435): Info (704,0)
D/MediaPlayerService(  744): [8] notify (0x522e8, 200, 704, 0)
D/MstarPlayer(  744): percent: 0
W/MediaPlayer( 1435): info/warning (704, 0)
I/MediaPlayer.java( 1435): Info (704,0)
D/MediaPlayerService(  744): [8] notify (0x522e8, 200, 704, 0)
D/MstarPlayer(  744): percent: 0
W/MediaPlayer( 1435): info/warning (704, 0)
I/MediaPlayer.java( 1435): Info (704,0)
D/MediaPlayerService(  744): [8] notify (0x522e8, 200, 704, 0)
D/MstarPlayer(  744): percent: 0
W/MediaPlayer( 1435): info/warning (704, 0)
I/MediaPlayer.java( 1435): Info (704,0)
D/MediaPlayerService(  744): [8] notify (0x522e8, 200, 704, 0)
D/MstarPlayer(  744): percent: 0
W/MediaPlayer( 1435): info/warning (704, 0)
I/MediaPlayer.java( 1435): Info (704,0)
D/MediaPlayerService(  744): [8] notify (0x522e8, 200, 704, 0)
D/MstarPlayer(  744): percent: 0
W/MediaPlayer( 1435): info/warning (704, 0)
I/MediaPlayer.java( 1435): Info (704,0)
D/MediaPlayerService(  744): [8] notify (0x522e8, 200, 704, 0)
D/MstarPlayer(  744): percent: 0
W/MediaPlayer( 1435): info/warning (704, 0)
I/MediaPlayer.java( 1435): Info (704,0)
D/MediaPlayerService(  744): [8] notify (0x522e8, 200, 704, 0)
D/MstarPlayer(  744): percent: 0
W/MediaPlayer( 1435): info/warning (704, 0)
I/MediaPlayer.java( 1435): Info (704,0)
D/dalvikvm( 1505): GC_CONCURRENT freed 411K, 79% free 1302K/6019K, paused 1ms+1ms
D/MediaPlayerService(  744): [8] notify (0x522e8, 200, 704, 0)
D/MstarPlayer(  744): percent: 0
W/MediaPlayer( 1435): info/warning (704, 0)
I/MediaPlayer.java( 1435): Info (704,0)
D/MediaPlayerService(  744): [8] notify (0x522e8, 200, 704, 0)
D/MstarPlayer(  744): percent: 0
W/MediaPlayer( 1435): info/warning (704, 0)
I/MediaPlayer.java( 1435): Info (704,0)
D/MediaPlayerService(  744): [8] notify (0x522e8, 200, 704, 0)
D/MstarPlayer(  744): percent: 0
W/MediaPlayer( 1435): info/warning (704, 0)
I/MediaPlayer.java( 1435): Info (704,0)
D/dalvikvm( 1505): GC_CONCURRENT freed 394K, 78% free 1326K/6019K, paused 1ms+1ms
D/MediaPlayerService(  744): [8] notify (0x522e8, 200, 704, 0)
D/MstarPlayer(  744): percent: 0
W/MediaPlayer( 1435): info/warning (704, 0)
I/MediaPlayer.java( 1435): Info (704,0)
D/MediaPlayerService(  744): [8] notify (0x522e8, 200, 704, 0)
D/MstarPlayer(  744): percent: 0
W/MediaPlayer( 1435): info/warning (704, 0)
I/MediaPlayer.java( 1435): Info (704,0)
D/MediaPlayerService(  744): [8] notify (0x522e8, 200, 704, 0)
D/MstarPlayer(  744): percent: 0
W/MediaPlayer( 1435): info/warning (704, 0)
I/MediaPlayer.java( 1435): Info (704,0)
D/MediaPlayerService(  744): [8] notify (0x522e8, 200, 704, 0)
D/MstarPlayer(  744): percent: 0
W/MediaPlayer( 1435): info/warning (704, 0)
I/MediaPlayer.java( 1435): Info (704,0)
D/dalvikvm( 1505): GC_CONCURRENT freed 407K, 77% free 1396K/6019K, paused 2ms+1ms
D/MediaPlayerService(  744): [8] notify (0x522e8, 200, 704, 0)
D/MstarPlayer(  744): percent: 0
W/MediaPlayer( 1435): info/warning (704, 0)
I/MediaPlayer.java( 1435): Info (704,0)
D/MediaPlayerService(  744): [8] notify (0x522e8, 200, 704, 0)
D/MstarPlayer(  744): percent: 0
W/MediaPlayer( 1435): info/warning (704, 0)
I/MediaPlayer.java( 1435): Info (704,0)
D/MediaPlayerService(  744): [8] notify (0x522e8, 200, 704, 0)
D/MstarPlayer(  744): percent: 0
W/MediaPlayer( 1435): info/warning (704, 0)
I/MediaPlayer.java( 1435): Info (704,0)
D/MediaPlayerService(  744): [8] notify (0x522e8, 200, 704, 0)
D/MstarPlayer(  744): percent: 0
W/MediaPlayer( 1435): info/warning (704, 0)
I/MediaPlayer.java( 1435): Info (704,0)
D/dalvikvm( 1505): GC_CONCURRENT freed 476K, 77% free 1427K/6019K, paused 1ms+1ms
D/MediaPlayerService(  744): [8] notify (0x522e8, 200, 704, 0)
D/MstarPlayer(  744): percent: 0
W/MediaPlayer( 1435): info/warning (704, 0)
I/MediaPlayer.java( 1435): Info (704,0)
D/MediaPlayerService(  744): [8] notify (0x522e8, 200, 704, 0)
D/MstarPlayer(  744): percent: 0
W/MediaPlayer( 1435): info/warning (704, 0)
I/MediaPlayer.java( 1435): Info (704,0)
D/MediaPlayerService(  744): [8] notify (0x522e8, 200, 704, 0)
D/MstarPlayer(  744): percent: 0
W/MediaPlayer( 1435): info/warning (704, 0)
I/MediaPlayer.java( 1435): Info (704,0)
D/MediaPlayerService(  744): [8] notify (0x522e8, 200, 704, 0)
D/MstarPlayer(  744): percent: 0
W/MediaPlayer( 1435): info/warning (704, 0)
I/MediaPlayer.java( 1435): Info (704,0)
D/MediaPlayerService(  744): [8] notify (0x522e8, 200, 704, 0)
D/MstarPlayer(  744): percent: 0
W/MediaPlayer( 1435): info/warning (704, 0)
I/MediaPlayer.java( 1435): Info (704,0)
D/MediaPlayerService(  744): [8] notify (0x522e8, 200, 704, 0)
D/MstarPlayer(  744): percent: 0
W/MediaPlayer( 1435): info/warning (704, 0)
I/MediaPlayer.java( 1435): Info (704,0)
D/MediaPlayerService(  744): [8] notify (0x522e8, 200, 704, 0)
D/MstarPlayer(  744): percent: 0
W/MediaPlayer( 1435): info/warning (704, 0)
I/MediaPlayer.java( 1435): Info (704,0)
D/MediaPlayerService(  744): [8] notify (0x522e8, 200, 704, 0)
D/MstarPlayer(  744): percent: 0
W/MediaPlayer( 1435): info/warning (704, 0)
I/MediaPlayer.java( 1435): Info (704,0)
D/MediaPlayerService(  744): [8] notify (0x522e8, 200, 704, 0)
D/MstarPlayer(  744): percent: 0
W/MediaPlayer( 1435): info/warning (704, 0)
I/MediaPlayer.java( 1435): Info (704,0)
D/MediaPlayerService(  744): [8] notify (0x522e8, 200, 704, 0)
D/MstarPlayer(  744): percent: 0
W/MediaPlayer( 1435): info/warning (704, 0)
I/MediaPlayer.java( 1435): Info (704,0)
D/MediaPlayerService(  744): [8] notify (0x522e8, 200, 704, 0)
D/MstarPlayer(  744): percent: 0
W/MediaPlayer( 1435): info/warning (704, 0)
I/MediaPlayer.java( 1435): Info (704,0)
D/MediaPlayerService(  744): [8] notify (0x522e8, 200, 704, 0)
D/MstarPlayer(  744): percent: 0
W/MediaPlayer( 1435): info/warning (704, 0)
I/MediaPlayer.java( 1435): Info (704,0)
D/MediaPlayerService(  744): [8] notify (0x522e8, 200, 704, 0)
D/MstarPlayer(  744): percent: 0
W/MediaPlayer( 1435): info/warning (704, 0)
I/MediaPlayer.java( 1435): Info (704,0)
D/MediaPlayerService(  744): [8] notify (0x522e8, 200, 704, 0)
D/MstarPlayer(  744): percent: 0
W/MediaPlayer( 1435): info/warning (704, 0)
I/MediaPlayer.java( 1435): Info (704,0)
D/MediaPlayerService(  744): [8] notify (0x522e8, 200, 704, 0)
D/MstarPlayer(  744): percent: 0
W/MediaPlayer( 1435): info/warning (704, 0)
I/MediaPlayer.java( 1435): Info (704,0)
D/MediaPlayerService(  744): [8] notify (0x522e8, 200, 704, 0)
D/MstarPlayer(  744): percent: 0
W/MediaPlayer( 1435): info/warning (704, 0)
I/MediaPlayer.java( 1435): Info (704,0)
D/MediaPlayerService(  744): [8] notify (0x522e8, 200, 704, 0)
D/MstarPlayer(  744): percent: 0
W/MediaPlayer( 1435): info/warning (704, 0)
I/MediaPlayer.java( 1435): Info (704,0)
D/MediaPlayerService(  744): [8] notify (0x522e8, 200, 704, 0)
D/MstarPlayer(  744): percent: 0
W/MediaPlayer( 1435): info/warning (704, 0)
I/MediaPlayer.java( 1435): Info (704,0)
D/MediaPlayerService(  744): [8] notify (0x522e8, 200, 704, 0)
D/MstarPlayer(  744): percent: 0
W/MediaPlayer( 1435): info/warning (704, 0)
I/MediaPlayer.java( 1435): Info (704,0)
D/MediaPlayerService(  744): [8] notify (0x522e8, 200, 704, 0)
D/MstarPlayer(  744): percent: 0
W/MediaPlayer( 1435): info/warning (704, 0)
I/MediaPlayer.java( 1435): Info (704,0)
D/MediaPlayerService(  744): [8] notify (0x522e8, 200, 704, 0)
D/MstarPlayer(  744): percent: 0
W/MediaPlayer( 1435): info/warning (704, 0)
I/MediaPlayer.java( 1435): Info (704,0)
D/MediaPlayerService(  744): [8] notify (0x522e8, 200, 704, 0)
D/MstarPlayer(  744): percent: 0
W/MediaPlayer( 1435): info/warning (704, 0)
I/MediaPlayer.java( 1435): Info (704,0)
D/MediaPlayerService(  744): [8] notify (0x522e8, 200, 704, 0)
D/MstarPlayer(  744): percent: 0
W/MediaPlayer( 1435): info/warning (704, 0)
I/MediaPlayer.java( 1435): Info (704,0)
D/MediaPlayerService(  744): [8] notify (0x522e8, 200, 704, 0)
D/MstarPlayer(  744): percent: 0
W/MediaPlayer( 1435): info/warning (704, 0)
I/MediaPlayer.java( 1435): Info (704,0)
D/MediaPlayerService(  744): [8] notify (0x522e8, 200, 704, 0)
D/MstarPlayer(  744): percent: 0
W/MediaPlayer( 1435): info/warning (704, 0)
I/MediaPlayer.java( 1435): Info (704,0)
D/MediaPlayerService(  744): [8] notify (0x522e8, 200, 704, 0)
D/MstarPlayer(  744): percent: 0
W/MediaPlayer( 1435): info/warning (704, 0)
I/MediaPlayer.java( 1435): Info (704,0)
D/MediaPlayerService(  744): [8] notify (0x522e8, 200, 704, 0)
D/MstarPlayer(  744): percent: 0
W/MediaPlayer( 1435): info/warning (704, 0)
I/MediaPlayer.java( 1435): Info (704,0)
D/MediaPlayerService(  744): [8] notify (0x522e8, 200, 704, 0)
D/MstarPlayer(  744): percent: 0
W/MediaPlayer( 1435): info/warning (704, 0)
I/MediaPlayer.java( 1435): Info (704,0)
D/MediaPlayerService(  744): [8] notify (0x522e8, 200, 704, 0)
D/MstarPlayer(  744): percent: 0
W/MediaPlayer( 1435): info/warning (704, 0)
I/MediaPlayer.java( 1435): Info (704,0)
D/MediaPlayerService(  744): [8] notify (0x522e8, 200, 704, 0)
D/MstarPlayer(  744): percent: 0
W/MediaPlayer( 1435): info/warning (704, 0)
I/MediaPlayer.java( 1435): Info (704,0)
D/MediaPlayerService(  744): [8] notify (0x522e8, 200, 704, 0)
D/MstarPlayer(  744): percent: 0
W/MediaPlayer( 1435): info/warning (704, 0)
I/MediaPlayer.java( 1435): Info (704,0)
D/MediaPlayerService(  744): [8] notify (0x522e8, 200, 704, 0)
D/MstarPlayer(  744): percent: 0
W/MediaPlayer( 1435): info/warning (704, 0)
I/MediaPlayer.java( 1435): Info (704,0)
D/MediaPlayerService(  744): [8] notify (0x522e8, 200, 704, 0)
D/MstarPlayer(  744): percent: 0
W/MediaPlayer( 1435): info/warning (704, 0)
I/MediaPlayer.java( 1435): Info (704,0)
D/MediaPlayerService(  744): [8] notify (0x522e8, 200, 704, 0)
D/MstarPlayer(  744): percent: 0
W/MediaPlayer( 1435): info/warning (704, 0)
I/MediaPlayer.java( 1435): Info (704,0)
D/MediaPlayerService(  744): [8] notify (0x522e8, 200, 704, 0)
D/MstarPlayer(  744): percent: 0
W/MediaPlayer( 1435): info/warning (704, 0)
I/MediaPlayer.java( 1435): Info (704,0)
D/MediaPlayerService(  744): [8] notify (0x522e8, 200, 704, 0)
D/MstarPlayer(  744): percent: 0
W/MediaPlayer( 1435): info/warning (704, 0)
I/MediaPlayer.java( 1435): Info (704,0)
D/MediaPlayerService(  744): [8] notify (0x522e8, 200, 704, 0)
D/MstarPlayer(  744): percent: 0
W/MediaPlayer( 1435): info/warning (704, 0)
I/MediaPlayer.java( 1435): Info (704,0)
D/MediaPlayerService(  744): [8] notify (0x522e8, 200, 704, 0)
D/MstarPlayer(  744): percent: 0
W/MediaPlayer( 1435): info/warning (704, 0)
I/MediaPlayer.java( 1435): Info (704,0)
D/MediaPlayerService(  744): [8] notify (0x522e8, 200, 704, 0)
D/MstarPlayer(  744): percent: 0
W/MediaPlayer( 1435): info/warning (704, 0)
I/MediaPlayer.java( 1435): Info (704,0)
D/Downloader(  744): Content-Length: 172
D/Downloader(  744): 
D/Downloader(  744): Downloadserver bandWidth:338
D/Downloader(  744): Downloadserver bandWidth:338
D/Downloader(  744): Downloadserver bandWidth:338
D/Downloader(  744): Downloadserver bandWidth:338
D/MediaPlayerService(  744): [8] notify (0x522e8, 200, 704, 0)
D/MstarPlayer(  744): percent: 0
W/MediaPlayer( 1435): info/warning (704, 0)
I/MediaPlayer.java( 1435): Info (704,0)
D/MediaPlayerService(  744): [8] notify (0x522e8, 200, 704, 0)
D/MstarPlayer(  744): percent: 0
W/MediaPlayer( 1435): info/warning (704, 0)
I/MediaPlayer.java( 1435): Info (704,0)
D/MediaPlayerService(  744): [8] notify (0x522e8, 200, 704, 0)
D/MstarPlayer(  744): percent: 0
W/MediaPlayer( 1435): info/warning (704, 0)
I/MediaPlayer.java( 1435): Info (704,0)
D/MediaPlayerService(  744): [8] notify (0x522e8, 200, 704, 0)
D/MstarPlayer(  744): percent: 0
W/MediaPlayer( 1435): info/warning (704, 0)
I/MediaPlayer.java( 1435): Info (704,0)
D/MediaPlayerService(  744): [8] notify (0x522e8, 200, 704, 0)
D/MstarPlayer(  744): percent: 0
W/MediaPlayer( 1435): info/warning (704, 0)
I/MediaPlayer.java( 1435): Info (704,0)
D/MediaPlayerService(  744): [8] notify (0x522e8, 200, 704, 0)
D/MstarPlayer(  744): percent: 0
W/MediaPlayer( 1435): info/warning (704, 0)
I/MediaPlayer.java( 1435): Info (704,0)
D/MediaPlayerService(  744): [8] notify (0x522e8, 200, 704, 0)
D/MstarPlayer(  744): percent: 0
W/MediaPlayer( 1435): info/warning (704, 0)
I/MediaPlayer.java( 1435): Info (704,0)
D/MediaPlayerService(  744): [8] notify (0x522e8, 200, 704, 0)
D/MstarPlayer(  744): percent: 0
W/MediaPlayer( 1435): info/warning (704, 0)
I/MediaPlayer.java( 1435): Info (704,0)
D/MediaPlayerService(  744): [8] notify (0x522e8, 200, 704, 0)
D/MstarPlayer(  744): percent: 0
W/MediaPlayer( 1435): info/warning (704, 0)
I/MediaPlayer.java( 1435): Info (704,0)
D/DataSource_M3U8(  744): 
D/DataSource_M3U8(  744):  Warnig::  getValidBufferLength()  <  Codec require !!!
D/DataSource_M3U8(  744): u32HLSSreamNum[0]===>u32BandWidth:1200000 
D/DataSource_M3U8(  744): getHLSPlayListInex  DownloadBandWidth:338   uInDex=0
D/DataSource_M3U8(  744): [M3U8] checkShouldStartNext :[101](172/172)   sequence:0  start next:102  
D/DataSource_M3U8(  744): 
D/DataSource_M3U8(  744): 
D/DataSource_M3U8(  744): 
D/DataSource_M3U8(  744): [M3U8]-7----->This :0x30fd0 --> post cmd for start next url:http://cibn-iss1.longvisionmedia.com:8088/vod/CIBN2013_CIBN2113040100001913_12001300/102.ts, knowedFileSize:0, mCurDowningIndex:101
D/DataSource_M3U8(  744): 
D/DataSource_M3U8(  744): 
D/Downloader(  744): [downloadThread]Downloader::removeTask  
D/Downloader(  744): [downloadThread]task have range string:0- 
D/MediaPlayerService(  744): [8] notify (0x522e8, 200, 704, 0)
D/MstarPlayer(  744): percent: 0
W/MediaPlayer( 1435): info/warning (704, 0)
I/MediaPlayer.java( 1435): Info (704,0)
D/MediaPlayerService(  744): [8] notify (0x522e8, 200, 704, 0)
D/MstarPlayer(  744): percent: 0
W/MediaPlayer( 1435): info/warning (704, 0)
I/MediaPlayer.java( 1435): Info (704,0)
D/MediaPlayerService(  744): [8] notify (0x522e8, 200, 704, 0)
D/MstarPlayer(  744): percent: 0
W/MediaPlayer( 1435): info/warning (704, 0)
I/MediaPlayer.java( 1435): Info (704,0)
D/MediaPlayerService(  744): [8] notify (0x522e8, 200, 704, 0)
D/MstarPlayer(  744): percent: 0
W/MediaPlayer( 1435): info/warning (704, 0)
I/MediaPlayer.java( 1435): Info (704,0)
D/MediaPlayerService(  744): [8] notify (0x522e8, 200, 704, 0)
D/MstarPlayer(  744): percent: 0
W/MediaPlayer( 1435): info/warning (704, 0)
I/MediaPlayer.java( 1435): Info (704,0)
D/MediaPlayerService(  744): [8] notify (0x522e8, 200, 704, 0)
W/MediaPlayer( 1435): info/warning (704, 0)
I/MediaPlayer.java( 1435): Info (704,0)
D/MstarPlayer(  744): percent: 0
D/MediaPlayerService(  744): [8] notify (0x522e8, 200, 704, 0)
W/MediaPlayer( 1435): info/warning (704, 0)
I/MediaPlayer.java( 1435): Info (704,0)
D/MstarPlayer(  744): percent: 0
D/MediaPlayerService(  744): [8] notify (0x522e8, 200, 704, 0)
D/MstarPlayer(  744): percent: 0
W/MediaPlayer( 1435): info/warning (704, 0)
I/MediaPlayer.java( 1435): Info (704,0)
D/MediaPlayerService(  744): [8] notify (0x522e8, 200, 704, 0)
W/MediaPlayer( 1435): info/warning (704, 0)
I/MediaPlayer.java( 1435): Info (704,0)
D/MstarPlayer(  744): percent: 0
D/Downloader(  744): Content-Length: 172
D/Downloader(  744): 
D/Downloader(  744): Downloadserver bandWidth:2884
D/Downloader(  744): Downloadserver bandWidth:2884
D/Downloader(  744): Downloadserver bandWidth:2884
D/Downloader(  744): Downloadserver bandWidth:2884
D/MediaPlayerService(  744): [8] notify (0x522e8, 200, 704, 0)
W/MediaPlayer( 1435): info/warning (704, 0)
I/MediaPlayer.java( 1435): Info (704,0)
D/MstarPlayer(  744): percent: 0
D/DataSource_M3U8(  744): u32HLSSreamNum[0]===>u32BandWidth:1200000 
D/DataSource_M3U8(  744): getHLSPlayListInex  DownloadBandWidth:2884   uInDex=0
D/DataSource_M3U8(  744): [M3U8] checkShouldStartNext :[102](172/172)   sequence:0  start next:103  
D/DataSource_M3U8(  744): 
D/DataSource_M3U8(  744): 
D/DataSource_M3U8(  744): 
D/DataSource_M3U8(  744): [M3U8]-7----->This :0x30fd0 --> post cmd for start next url:http://cibn-iss1.longvisionmedia.com:8088/vod/CIBN2013_CIBN2113040100001913_12001300/103.ts, knowedFileSize:0, mCurDowningIndex:102
D/DataSource_M3U8(  744): 
D/DataSource_M3U8(  744): 
D/Downloader(  744): [downloadThread]Downloader::removeTask  
D/Downloader(  744): [downloadThread]task have range string:0- 
D/MediaPlayerService(  744): [8] notify (0x522e8, 200, 704, 0)
D/MstarPlayer(  744): percent: 0
W/MediaPlayer( 1435): info/warning (704, 0)
I/MediaPlayer.java( 1435): Info (704,0)
D/MediaPlayerService(  744): [8] notify (0x522e8, 200, 704, 0)
W/MediaPlayer( 1435): info/warning (704, 0)
D/MstarPlayer(  744): percent: 0
I/MediaPlayer.java( 1435): Info (704,0)
D/MediaPlayerService(  744): [8] notify (0x522e8, 200, 704, 0)
W/MediaPlayer( 1435): info/warning (704, 0)
I/MediaPlayer.java( 1435): Info (704,0)
D/MstarPlayer(  744): percent: 0
D/MediaPlayerService(  744): [8] notify (0x522e8, 200, 704, 0)
D/MstarPlayer(  744): percent: 0
W/MediaPlayer( 1435): info/warning (704, 0)
I/MediaPlayer.java( 1435): Info (704,0)
D/MediaPlayerService(  744): [8] notify (0x522e8, 200, 704, 0)
W/MediaPlayer( 1435): info/warning (704, 0)
I/MediaPlayer.java( 1435): Info (704,0)
D/MstarPlayer(  744): percent: 0
D/MediaPlayerService(  744): [8] notify (0x522e8, 200, 704, 0)
W/MediaPlayer( 1435): info/warning (704, 0)
I/MediaPlayer.java( 1435): Info (704,0)
D/MstarPlayer(  744): percent: 0
D/MediaPlayerService(  744): [8] notify (0x522e8, 200, 704, 0)
D/MstarPlayer(  744): percent: 0
W/MediaPlayer( 1435): info/warning (704, 0)
I/MediaPlayer.java( 1435): Info (704,0)
D/Downloader(  744): Content-Length: 172
D/Downloader(  744): 
D/Downloader(  744): Downloadserver bandWidth:3592
D/Downloader(  744): Downloadserver bandWidth:3592
D/Downloader(  744): Downloadserver bandWidth:3592
D/Downloader(  744): Downloadserver bandWidth:3592
D/MediaPlayerService(  744): [8] notify (0x522e8, 200, 704, 0)
W/MediaPlayer( 1435): info/warning (704, 0)
I/MediaPlayer.java( 1435): Info (704,0)
D/MstarPlayer(  744): percent: 0
D/MediaPlayerService(  744): [8] notify (0x522e8, 200, 704, 0)
W/MediaPlayer( 1435): info/warning (704, 0)
D/MstarPlayer(  744): percent: 0
I/MediaPlayer.java( 1435): Info (704,0)
D/DataSource_M3U8(  744): 
D/DataSource_M3U8(  744):  Warnig::  getValidBufferLength()  <  Codec require !!!
D/MediaPlayerService(  744): [8] notify (0x522e8, 200, 704, 0)
D/MstarPlayer(  744): percent: 0
W/MediaPlayer( 1435): info/warning (704, 0)
I/MediaPlayer.java( 1435): Info (704,0)
D/DataSource_M3U8(  744): u32HLSSreamNum[0]===>u32BandWidth:1200000 
D/DataSource_M3U8(  744): getHLSPlayListInex  DownloadBandWidth:3592   uInDex=0
D/DataSource_M3U8(  744): [M3U8] checkShouldStartNext :[103](172/172)   sequence:0  start next:104  
D/DataSource_M3U8(  744): 
D/DataSource_M3U8(  744): 
D/DataSource_M3U8(  744): 
D/DataSource_M3U8(  744): [M3U8]-7----->This :0x30fd0 --> post cmd for start next url:http://cibn-iss1.longvisionmedia.com:8088/vod/CIBN2013_CIBN2113040100001913_12001300/104.ts, knowedFileSize:0, mCurDowningIndex:103
D/DataSource_M3U8(  744): 
D/DataSource_M3U8(  744): 
D/Downloader(  744): [downloadThread]Downloader::removeTask  
D/Downloader(  744): [downloadThread]task have range string:0- 
D/MediaPlayerService(  744): [8] notify (0x522e8, 3, 24, 0)
D/MediaPlayerService(  744): [8] notify (0x522e8, 200, 704, 0)
D/MstarPlayer(  744): percent: 0
W/MediaPlayer( 1435): info/warning (704, 0)
I/MediaPlayer.java( 1435): Info (704,0)
D/MediaPlayerService(  744): [8] notify (0x522e8, 200, 704, 0)
D/MstarPlayer(  744): percent: 0
W/MediaPlayer( 1435): info/warning (704, 0)
I/MediaPlayer.java( 1435): Info (704,0)
D/MediaPlayerService(  744): [8] notify (0x522e8, 200, 704, 0)
D/MstarPlayer(  744): percent: 0
W/MediaPlayer( 1435): info/warning (704, 0)
I/MediaPlayer.java( 1435): Info (704,0)
D/MediaPlayerService(  744): [8] notify (0x522e8, 200, 704, 0)
D/MstarPlayer(  744): percent: 0
W/MediaPlayer( 1435): info/warning (704, 0)
I/MediaPlayer.java( 1435): Info (704,0)
D/dalvikvm( 1505): GC_CONCURRENT freed 504K, 79% free 1312K/6019K, paused 2ms+1ms
D/MediaPlayerService(  744): [8] notify (0x522e8, 200, 704, 0)
D/MstarPlayer(  744): percent: 0
W/MediaPlayer( 1435): info/warning (704, 0)
I/MediaPlayer.java( 1435): Info (704,0)
D/HomePlayerLib( 1505): hostaddress count is 1
D/dalvikvm( 1505): GC_CONCURRENT freed 402K, 77% free 1407K/6019K, paused 1ms+2ms
D/MediaPlayerService(  744): [8] notify (0x522e8, 200, 704, 0)
D/MstarPlayer(  744): percent: 0
W/MediaPlayer( 1435): info/warning (704, 0)
I/MediaPlayer.java( 1435): Info (704,0)
D/MediaPlayerService(  744): [8] notify (0x522e8, 200, 704, 0)
D/MstarPlayer(  744): percent: 0
W/MediaPlayer( 1435): info/warning (704, 0)
I/MediaPlayer.java( 1435): Info (704,0)
D/dalvikvm( 1505): GC_CONCURRENT freed 494K, 77% free 1413K/6019K, paused 1ms+1ms
D/MediaPlayerService(  744): [8] notify (0x522e8, 200, 704, 0)
D/MstarPlayer(  744): percent: 0
W/MediaPlayer( 1435): info/warning (704, 0)
I/MediaPlayer.java( 1435): Info (704,0)
D/MediaPlayerService(  744): [8] notify (0x522e8, 200, 704, 0)
D/MstarPlayer(  744): percent: 0
W/MediaPlayer( 1435): info/warning (704, 0)
I/MediaPlayer.java( 1435): Info (704,0)
D/dalvikvm( 1505): GC_CONCURRENT freed 485K, 79% free 1318K/6019K, paused 1ms+1ms
D/MediaPlayerService(  744): [8] notify (0x522e8, 200, 704, 0)
D/MstarPlayer(  744): percent: 0
W/MediaPlayer( 1435): info/warning (704, 0)
I/MediaPlayer.java( 1435): Info (704,0)
D/MediaPlayerService(  744): [8] notify (0x522e8, 200, 704, 0)
D/MstarPlayer(  744): percent: 0
W/MediaPlayer( 1435): info/warning (704, 0)
I/MediaPlayer.java( 1435): Info (704,0)
D/Downloader(  744): Content-Length: 172
D/Downloader(  744): 
D/Downloader(  744): Downloadserver bandWidth:2492
D/Downloader(  744): Downloadserver bandWidth:2492
D/Downloader(  744): Downloadserver bandWidth:2492
D/Downloader(  744): Downloadserver bandWidth:2492
D/dalvikvm( 1505): GC_CONCURRENT freed 397K, 78% free 1335K/6019K, paused 1ms+1ms
D/MediaPlayerService(  744): [8] notify (0x522e8, 200, 704, 0)
D/MstarPlayer(  744): percent: 0
W/MediaPlayer( 1435): info/warning (704, 0)
I/MediaPlayer.java( 1435): Info (704,0)
D/dalvikvm( 1505): GC_CONCURRENT freed 409K, 78% free 1352K/6019K, paused 1ms+1ms
D/MediaPlayerService(  744): [8] notify (0x522e8, 200, 704, 0)
D/MstarPlayer(  744): percent: 0
W/MediaPlayer( 1435): info/warning (704, 0)
I/MediaPlayer.java( 1435): Info (704,0)
D/MediaPlayerService(  744): [8] notify (0x522e8, 200, 704, 0)
D/MstarPlayer(  744): percent: 0
W/MediaPlayer( 1435): info/warning (704, 0)
I/MediaPlayer.java( 1435): Info (704,0)
D/MediaPlayerService(  744): [8] notify (0x522e8, 200, 704, 0)
D/MstarPlayer(  744): percent: 0
W/MediaPlayer( 1435): info/warning (704, 0)
I/MediaPlayer.java( 1435): Info (704,0)
D/dalvikvm( 1505): GC_CONCURRENT freed 406K, 78% free 1343K/6019K, paused 1ms+1ms
D/MediaPlayerService(  744): [8] notify (0x522e8, 200, 704, 0)
D/MstarPlayer(  744): percent: 0
W/MediaPlayer( 1435): info/warning (704, 0)
I/MediaPlayer.java( 1435): Info (704,0)
D/dalvikvm( 1505): GC_CONCURRENT freed 393K, 78% free 1336K/6019K, paused 1ms+2ms
D/MediaPlayerService(  744): [8] notify (0x522e8, 200, 704, 0)
D/MstarPlayer(  744): percent: 0
W/MediaPlayer( 1435): info/warning (704, 0)
I/MediaPlayer.java( 1435): Info (704,0)
D/MediaPlayerService(  744): [8] notify (0x522e8, 200, 704, 0)
D/MstarPlayer(  744): percent: 0
W/MediaPlayer( 1435): info/warning (704, 0)
I/MediaPlayer.java( 1435): Info (704,0)
D/MediaPlayerService(  744): [8] notify (0x522e8, 200, 704, 0)
D/MstarPlayer(  744): percent: 0
W/MediaPlayer( 1435): info/warning (704, 0)
I/MediaPlayer.java( 1435): Info (704,0)
D/dalvikvm( 1505): GC_CONCURRENT freed 393K, 78% free 1337K/6019K, paused 1ms+1ms
D/DataSource_M3U8(  744): 
D/DataSource_M3U8(  744):  Warnig::  getValidBufferLength()  <  Codec require !!!
D/MediaPlayerService(  744): [8] notify (0x522e8, 200, 704, 0)
D/MstarPlayer(  744): percent: 0
W/MediaPlayer( 1435): info/warning (704, 0)
I/MediaPlayer.java( 1435): Info (704,0)
D/DataSource_M3U8(  744): u32HLSSreamNum[0]===>u32BandWidth:1200000 
D/DataSource_M3U8(  744): getHLSPlayListInex  DownloadBandWidth:2492   uInDex=0
D/DataSource_M3U8(  744): [M3U8] checkShouldStartNext :[104](172/172)   sequence:0  start next:105  
D/DataSource_M3U8(  744): 
D/DataSource_M3U8(  744): 
D/DataSource_M3U8(  744): 
D/DataSource_M3U8(  744): [M3U8]-7----->This :0x30fd0 --> post cmd for start next url:http://cibn-iss1.longvisionmedia.com:8088/vod/CIBN2013_CIBN2113040100001913_12001300/105.ts, knowedFileSize:0, mCurDowningIndex:104
D/DataSource_M3U8(  744): 
D/DataSource_M3U8(  744): 
D/Downloader(  744): [downloadThread]Downloader::removeTask  
D/Downloader(  744): [downloadThread]task have range string:0- 
D/MediaPlayerService(  744): [8] notify (0x522e8, 200, 704, 0)
D/MstarPlayer(  744): percent: 0
W/MediaPlayer( 1435): info/warning (704, 0)
I/MediaPlayer.java( 1435): Info (704,0)
D/MediaPlayerService(  744): [8] notify (0x522e8, 200, 704, 0)
D/MstarPlayer(  744): percent: 0
W/MediaPlayer( 1435): info/warning (704, 0)
I/MediaPlayer.java( 1435): Info (704,0)
D/dalvikvm( 1505): GC_CONCURRENT freed 401K, 77% free 1432K/6019K, paused 1ms+1ms
D/MediaPlayerService(  744): [8] notify (0x522e8, 200, 704, 0)
D/MstarPlayer(  744): percent: 0
W/MediaPlayer( 1435): info/warning (704, 0)
I/MediaPlayer.java( 1435): Info (704,0)
D/MediaPlayerService(  744): [8] notify (0x522e8, 200, 704, 0)
D/MstarPlayer(  744): percent: 0
W/MediaPlayer( 1435): info/warning (704, 0)
I/MediaPlayer.java( 1435): Info (704,0)
D/MediaPlayerService(  744): [8] notify (0x522e8, 200, 704, 0)
D/MstarPlayer(  744): percent: 0
W/MediaPlayer( 1435): info/warning (704, 0)
I/MediaPlayer.java( 1435): Info (704,0)
D/dalvikvm( 1505): GC_CONCURRENT freed 500K, 77% free 1394K/6019K, paused 1ms+1ms
D/MediaPlayerService(  744): [8] notify (0x522e8, 200, 704, 0)
D/MstarPlayer(  744): percent: 0
W/MediaPlayer( 1435): info/warning (704, 0)
I/MediaPlayer.java( 1435): Info (704,0)
D/MediaPlayerService(  744): [8] notify (0x522e8, 200, 704, 0)
D/MstarPlayer(  744): percent: 0
W/MediaPlayer( 1435): info/warning (704, 0)
I/MediaPlayer.java( 1435): Info (704,0)
D/MediaPlayerService(  744): [8] notify (0x522e8, 200, 704, 0)
D/MstarPlayer(  744): percent: 0
W/MediaPlayer( 1435): info/warning (704, 0)
I/MediaPlayer.java( 1435): Info (704,0)
D/MediaPlayerService(  744): [8] notify (0x522e8, 200, 704, 0)
D/MstarPlayer(  744): percent: 0
W/MediaPlayer( 1435): info/warning (704, 0)
I/MediaPlayer.java( 1435): Info (704,0)
D/MediaPlayerService(  744): [8] notify (0x522e8, 200, 704, 0)
D/MstarPlayer(  744): percent: 0
W/MediaPlayer( 1435): info/warning (704, 0)
I/MediaPlayer.java( 1435): Info (704,0)
D/Downloader(  744): Content-Length: 172
D/Downloader(  744): 
D/Downloader(  744): Downloadserver bandWidth:2661
D/Downloader(  744): Downloadserver bandWidth:2661
D/Downloader(  744): Downloadserver bandWidth:2661
D/Downloader(  744): Downloadserver bandWidth:2661
D/MediaPlayerService(  744): [8] notify (0x522e8, 200, 704, 0)
D/MstarPlayer(  744): percent: 0
W/MediaPlayer( 1435): info/warning (704, 0)
I/MediaPlayer.java( 1435): Info (704,0)
D/MediaPlayerService(  744): [8] notify (0x522e8, 200, 704, 0)
D/MstarPlayer(  744): percent: 0
W/MediaPlayer( 1435): info/warning (704, 0)
I/MediaPlayer.java( 1435): Info (704,0)
D/MediaPlayerService(  744): [8] notify (0x522e8, 200, 704, 0)
W/MediaPlayer( 1435): info/warning (704, 0)
I/MediaPlayer.java( 1435): Info (704,0)
D/MstarPlayer(  744): percent: 0
D/MediaPlayerService(  744): [8] notify (0x522e8, 200, 704, 0)
W/MediaPlayer( 1435): info/warning (704, 0)
I/MediaPlayer.java( 1435): Info (704,0)
D/MstarPlayer(  744): percent: 0
D/MediaPlayerService(  744): [8] notify (0x522e8, 200, 704, 0)
W/MediaPlayer( 1435): info/warning (704, 0)
I/MediaPlayer.java( 1435): Info (704,0)
D/MstarPlayer(  744): percent: 0
D/MediaPlayerService(  744): [8] notify (0x522e8, 200, 704, 0)
W/MediaPlayer( 1435): info/warning (704, 0)
I/MediaPlayer.java( 1435): Info (704,0)
D/MstarPlayer(  744): percent: 0
D/MediaPlayerService(  744): [8] notify (0x522e8, 200, 704, 0)
W/MediaPlayer( 1435): info/warning (704, 0)
I/MediaPlayer.java( 1435): Info (704,0)
D/MstarPlayer(  744): percent: 0
D/MediaPlayerService(  744): [8] notify (0x522e8, 200, 704, 0)
W/MediaPlayer( 1435): info/warning (704, 0)
I/MediaPlayer.java( 1435): Info (704,0)
D/MstarPlayer(  744): percent: 0
D/MediaPlayerService(  744): [8] notify (0x522e8, 200, 704, 0)
W/MediaPlayer( 1435): info/warning (704, 0)
I/MediaPlayer.java( 1435): Info (704,0)
D/MstarPlayer(  744): percent: 0
D/DataSource_M3U8(  744): 
D/DataSource_M3U8(  744):  Warnig::  getValidBufferLength()  <  Codec require !!!
D/DataSource_M3U8(  744): u32HLSSreamNum[0]===>u32BandWidth:1200000 
D/DataSource_M3U8(  744): getHLSPlayListInex  DownloadBandWidth:2661   uInDex=0
D/DataSource_M3U8(  744): [M3U8] checkShouldStartNext :[105](172/172)   sequence:0  start next:106  
D/DataSource_M3U8(  744): 
D/DataSource_M3U8(  744): 
D/DataSource_M3U8(  744): 
D/DataSource_M3U8(  744): [M3U8]-7----->This :0x30fd0 --> post cmd for start next url:http://cibn-iss1.longvisionmedia.com:8088/vod/CIBN2013_CIBN2113040100001913_12001300/106.ts, knowedFileSize:0, mCurDowningIndex:105
D/DataSource_M3U8(  744): 
D/DataSource_M3U8(  744): 
D/Downloader(  744): [downloadThread]Downloader::removeTask  
D/Downloader(  744): [downloadThread]task have range string:0- 
D/MediaPlayerService(  744): [8] notify (0x522e8, 200, 704, 0)
W/MediaPlayer( 1435): info/warning (704, 0)
I/MediaPlayer.java( 1435): Info (704,0)
D/MstarPlayer(  744): percent: 0
D/MediaPlayerService(  744): [8] notify (0x522e8, 200, 704, 0)
W/MediaPlayer( 1435): info/warning (704, 0)
I/MediaPlayer.java( 1435): Info (704,0)
D/MstarPlayer(  744): percent: 0
D/MediaPlayerService(  744): [8] notify (0x522e8, 200, 704, 0)
W/MediaPlayer( 1435): info/warning (704, 0)
I/MediaPlayer.java( 1435): Info (704,0)
D/MstarPlayer(  744): percent: 0
D/MediaPlayerService(  744): [8] notify (0x522e8, 200, 704, 0)
D/MstarPlayer(  744): percent: 0
W/MediaPlayer( 1435): info/warning (704, 0)
I/MediaPlayer.java( 1435): Info (704,0)
D/MediaPlayerService(  744): [8] notify (0x522e8, 200, 704, 0)
D/MstarPlayer(  744): percent: 0
W/MediaPlayer( 1435): info/warning (704, 0)
I/MediaPlayer.java( 1435): Info (704,0)
D/MediaPlayerService(  744): [8] notify (0x522e8, 200, 704, 0)
D/MstarPlayer(  744): percent: 0
W/MediaPlayer( 1435): info/warning (704, 0)
I/MediaPlayer.java( 1435): Info (704,0)
D/MediaPlayerService(  744): [8] notify (0x522e8, 200, 704, 0)
D/MstarPlayer(  744): percent: 0
W/MediaPlayer( 1435): info/warning (704, 0)
I/MediaPlayer.java( 1435): Info (704,0)
D/MediaPlayerService(  744): [8] notify (0x522e8, 200, 704, 0)
D/MstarPlayer(  744): percent: 0
W/MediaPlayer( 1435): info/warning (704, 0)
I/MediaPlayer.java( 1435): Info (704,0)
D/MediaPlayerService(  744): [8] notify (0x522e8, 200, 704, 0)
D/MstarPlayer(  744): percent: 0
W/MediaPlayer( 1435): info/warning (704, 0)
I/MediaPlayer.java( 1435): Info (704,0)
D/MediaPlayerService(  744): [8] notify (0x522e8, 200, 704, 0)
D/MstarPlayer(  744): percent: 0
W/MediaPlayer( 1435): info/warning (704, 0)
I/MediaPlayer.java( 1435): Info (704,0)
D/MediaPlayerService(  744): [8] notify (0x522e8, 200, 704, 0)
D/MstarPlayer(  744): percent: 0
W/MediaPlayer( 1435): info/warning (704, 0)
I/MediaPlayer.java( 1435): Info (704,0)
D/MediaPlayerService(  744): [8] notify (0x522e8, 200, 704, 0)
D/MstarPlayer(  744): percent: 0
W/MediaPlayer( 1435): info/warning (704, 0)
I/MediaPlayer.java( 1435): Info (704,0)
D/MediaPlayerService(  744): [8] notify (0x522e8, 200, 704, 0)
D/MstarPlayer(  744): percent: 0
W/MediaPlayer( 1435): info/warning (704, 0)
I/MediaPlayer.java( 1435): Info (704,0)
D/MediaPlayerService(  744): [8] notify (0x522e8, 200, 704, 0)
D/MstarPlayer(  744): percent: 0
W/MediaPlayer( 1435): info/warning (704, 0)
I/MediaPlayer.java( 1435): Info (704,0)
D/MediaPlayerService(  744): [8] notify (0x522e8, 200, 704, 0)
D/MstarPlayer(  744): percent: 0
W/MediaPlayer( 1435): info/warning (704, 0)
I/MediaPlayer.java( 1435): Info (704,0)
D/MediaPlayerService(  744): [8] notify (0x522e8, 200, 704, 0)
D/MstarPlayer(  744): percent: 0
W/MediaPlayer( 1435): info/warning (704, 0)
I/MediaPlayer.java( 1435): Info (704,0)
D/MediaPlayerService(  744): [8] notify (0x522e8, 200, 704, 0)
D/MstarPlayer(  744): percent: 0
W/MediaPlayer( 1435): info/warning (704, 0)
I/MediaPlayer.java( 1435): Info (704,0)
D/MediaPlayerService(  744): [8] notify (0x522e8, 200, 704, 0)
D/MstarPlayer(  744): percent: 0
W/MediaPlayer( 1435): info/warning (704, 0)
I/MediaPlayer.java( 1435): Info (704,0)
D/MediaPlayerService(  744): [8] notify (0x522e8, 200, 704, 0)
D/MstarPlayer(  744): percent: 0
W/MediaPlayer( 1435): info/warning (704, 0)
I/MediaPlayer.java( 1435): Info (704,0)
D/MediaPlayerService(  744): [8] notify (0x522e8, 200, 704, 0)
D/MstarPlayer(  744): percent: 0
W/MediaPlayer( 1435): info/warning (704, 0)
I/MediaPlayer.java( 1435): Info (704,0)
D/MediaPlayerService(  744): [8] notify (0x522e8, 200, 704, 0)
D/MstarPlayer(  744): percent: 0
W/MediaPlayer( 1435): info/warning (704, 0)
I/MediaPlayer.java( 1435): Info (704,0)
D/MediaPlayerService(  744): [8] notify (0x522e8, 200, 704, 0)
D/MstarPlayer(  744): percent: 0
W/MediaPlayer( 1435): info/warning (704, 0)
I/MediaPlayer.java( 1435): Info (704,0)
D/MediaPlayerService(  744): [8] notify (0x522e8, 200, 704, 0)
D/MstarPlayer(  744): percent: 0
W/MediaPlayer( 1435): info/warning (704, 0)
I/MediaPlayer.java( 1435): Info (704,0)
D/MediaPlayerService(  744): [8] notify (0x522e8, 200, 704, 0)
D/MstarPlayer(  744): percent: 0
W/MediaPlayer( 1435): info/warning (704, 0)
I/MediaPlayer.java( 1435): Info (704,0)
D/MediaPlayerService(  744): [8] notify (0x522e8, 200, 704, 0)
D/MstarPlayer(  744): percent: 0
W/MediaPlayer( 1435): info/warning (704, 0)
I/MediaPlayer.java( 1435): Info (704,0)
D/MediaPlayerService(  744): [8] notify (0x522e8, 200, 704, 0)
D/MstarPlayer(  744): percent: 0
W/MediaPlayer( 1435): info/warning (704, 0)
I/MediaPlayer.java( 1435): Info (704,0)
D/MediaPlayerService(  744): [8] notify (0x522e8, 200, 704, 0)
D/MstarPlayer(  744): percent: 0
W/MediaPlayer( 1435): info/warning (704, 0)
I/MediaPlayer.java( 1435): Info (704,0)
D/MediaPlayerService(  744): [8] notify (0x522e8, 200, 704, 0)
D/MstarPlayer(  744): percent: 0
W/MediaPlayer( 1435): info/warning (704, 0)
I/MediaPlayer.java( 1435): Info (704,0)
D/MediaPlayerService(  744): [8] notify (0x522e8, 200, 704, 0)
D/MstarPlayer(  744): percent: 0
W/MediaPlayer( 1435): info/warning (704, 0)
I/MediaPlayer.java( 1435): Info (704,0)
D/dalvikvm( 1505): GC_CONCURRENT freed 458K, 77% free 1413K/6019K, paused 3ms+1ms
D/MediaPlayerService(  744): [8] notify (0x522e8, 200, 704, 0)
D/MstarPlayer(  744): percent: 0
W/MediaPlayer( 1435): info/warning (704, 0)
I/MediaPlayer.java( 1435): Info (704,0)
D/MediaPlayerService(  744): [8] notify (0x522e8, 200, 704, 0)
D/MstarPlayer(  744): percent: 0
W/MediaPlayer( 1435): info/warning (704, 0)
I/MediaPlayer.java( 1435): Info (704,0)
D/MediaPlayerService(  744): [8] notify (0x522e8, 200, 704, 0)
D/MstarPlayer(  744): percent: 0
W/MediaPlayer( 1435): info/warning (704, 0)
I/MediaPlayer.java( 1435): Info (704,0)
D/MediaPlayerService(  744): [8] notify (0x522e8, 200, 704, 0)
D/MstarPlayer(  744): percent: 0
W/MediaPlayer( 1435): info/warning (704, 0)
I/MediaPlayer.java( 1435): Info (704,0)
D/dalvikvm( 1505): GC_CONCURRENT freed 477K, 77% free 1402K/6019K, paused 1ms+1ms
D/MediaPlayerService(  744): [8] notify (0x522e8, 200, 704, 0)
D/MstarPlayer(  744): percent: 0
W/MediaPlayer( 1435): info/warning (704, 0)
I/MediaPlayer.java( 1435): Info (704,0)
D/MediaPlayerService(  744): [8] notify (0x522e8, 200, 704, 0)
D/MstarPlayer(  744): percent: 0
W/MediaPlayer( 1435): info/warning (704, 0)
I/MediaPlayer.java( 1435): Info (704,0)
D/MediaPlayerService(  744): [8] notify (0x522e8, 200, 704, 0)
D/MstarPlayer(  744): percent: 0
W/MediaPlayer( 1435): info/warning (704, 0)
I/MediaPlayer.java( 1435): Info (704,0)
D/MediaPlayerService(  744): [8] notify (0x522e8, 200, 704, 0)
D/MstarPlayer(  744): percent: 0
W/MediaPlayer( 1435): info/warning (704, 0)
I/MediaPlayer.java( 1435): Info (704,0)
D/MediaPlayerService(  744): [8] notify (0x522e8, 200, 704, 0)
D/MstarPlayer(  744): percent: 0
W/MediaPlayer( 1435): info/warning (704, 0)
I/MediaPlayer.java( 1435): Info (704,0)
D/dalvikvm( 1505): GC_CONCURRENT freed 475K, 77% free 1392K/6019K, paused 1ms+2ms
D/MediaPlayerService(  744): [8] notify (0x522e8, 200, 704, 0)
D/MstarPlayer(  744): percent: 0
W/MediaPlayer( 1435): info/warning (704, 0)
I/MediaPlayer.java( 1435): Info (704,0)
D/MediaPlayerService(  744): [8] notify (0x522e8, 200, 704, 0)
D/MstarPlayer(  744): percent: 0
W/MediaPlayer( 1435): info/warning (704, 0)
I/MediaPlayer.java( 1435): Info (704,0)
D/MediaPlayerService(  744): [8] notify (0x522e8, 200, 704, 0)
D/MstarPlayer(  744): percent: 0
W/MediaPlayer( 1435): info/warning (704, 0)
I/MediaPlayer.java( 1435): Info (704,0)
D/MediaPlayerService(  744): [8] notify (0x522e8, 200, 704, 0)
D/MstarPlayer(  744): percent: 0
W/MediaPlayer( 1435): info/warning (704, 0)
I/MediaPlayer.java( 1435): Info (704,0)
D/MediaPlayerService(  744): [8] notify (0x522e8, 200, 704, 0)
D/MstarPlayer(  744): percent: 0
W/MediaPlayer( 1435): info/warning (704, 0)
I/MediaPlayer.java( 1435): Info (704,0)
D/MediaPlayerService(  744): [8] notify (0x522e8, 200, 704, 0)
D/MstarPlayer(  744): percent: 0
W/MediaPlayer( 1435): info/warning (704, 0)
I/MediaPlayer.java( 1435): Info (704,0)
D/MediaPlayerService(  744): [8] notify (0x522e8, 200, 704, 0)
D/MstarPlayer(  744): percent: 0
W/MediaPlayer( 1435): info/warning (704, 0)
I/MediaPlayer.java( 1435): Info (704,0)
D/MediaPlayerService(  744): [8] notify (0x522e8, 200, 704, 0)
D/MstarPlayer(  744): percent: 0
W/MediaPlayer( 1435): info/warning (704, 0)
I/MediaPlayer.java( 1435): Info (704,0)
D/MediaPlayerService(  744): [8] notify (0x522e8, 200, 704, 0)
D/MstarPlayer(  744): percent: 0
W/MediaPlayer( 1435): info/warning (704, 0)
I/MediaPlayer.java( 1435): Info (704,0)
D/MediaPlayerService(  744): [8] notify (0x522e8, 200, 704, 0)
D/MstarPlayer(  744): percent: 0
W/MediaPlayer( 1435): info/warning (704, 0)
I/MediaPlayer.java( 1435): Info (704,0)
D/MediaPlayerService(  744): [8] notify (0x522e8, 200, 704, 0)
D/MstarPlayer(  744): percent: 0
W/MediaPlayer( 1435): info/warning (704, 0)
I/MediaPlayer.java( 1435): Info (704,0)
D/MediaPlayerService(  744): [8] notify (0x522e8, 200, 704, 0)
D/MstarPlayer(  744): percent: 0
W/MediaPlayer( 1435): info/warning (704, 0)
I/MediaPlayer.java( 1435): Info (704,0)
D/MediaPlayerService(  744): [8] notify (0x522e8, 200, 704, 0)
D/MstarPlayer(  744): percent: 0
W/MediaPlayer( 1435): info/warning (704, 0)
I/MediaPlayer.java( 1435): Info (704,0)
D/MediaPlayerService(  744): [8] notify (0x522e8, 200, 704, 0)
D/MstarPlayer(  744): percent: 0
W/MediaPlayer( 1435): info/warning (704, 0)
I/MediaPlayer.java( 1435): Info (704,0)
D/MediaPlayerService(  744): [8] notify (0x522e8, 200, 704, 0)
D/MstarPlayer(  744): percent: 0
W/MediaPlayer( 1435): info/warning (704, 0)
I/MediaPlayer.java( 1435): Info (704,0)
D/MediaPlayerService(  744): [8] notify (0x522e8, 200, 704, 0)
D/MstarPlayer(  744): percent: 0
W/MediaPlayer( 1435): info/warning (704, 0)
I/MediaPlayer.java( 1435): Info (704,0)
D/MediaPlayerService(  744): [8] notify (0x522e8, 200, 704, 0)
D/MstarPlayer(  744): percent: 0
W/MediaPlayer( 1435): info/warning (704, 0)
I/MediaPlayer.java( 1435): Info (704,0)
D/MediaPlayerService(  744): [8] notify (0x522e8, 200, 704, 0)
D/MstarPlayer(  744): percent: 0
W/MediaPlayer( 1435): info/warning (704, 0)
I/MediaPlayer.java( 1435): Info (704,0)
D/MediaPlayerService(  744): [8] notify (0x522e8, 200, 704, 0)
D/MstarPlayer(  744): percent: 0
W/MediaPlayer( 1435): info/warning (704, 0)
I/MediaPlayer.java( 1435): Info (704,0)
D/MediaPlayerService(  744): [8] notify (0x522e8, 200, 704, 0)
D/MstarPlayer(  744): percent: 0
W/MediaPlayer( 1435): info/warning (704, 0)
I/MediaPlayer.java( 1435): Info (704,0)
D/MediaPlayerService(  744): [8] notify (0x522e8, 200, 704, 0)
D/MstarPlayer(  744): percent: 0
W/MediaPlayer( 1435): info/warning (704, 0)
I/MediaPlayer.java( 1435): Info (704,0)
D/MediaPlayerService(  744): [8] notify (0x522e8, 200, 704, 0)
D/MstarPlayer(  744): percent: 0
W/MediaPlayer( 1435): info/warning (704, 0)
I/MediaPlayer.java( 1435): Info (704,0)
D/MediaPlayerService(  744): [8] notify (0x522e8, 200, 704, 0)
D/MstarPlayer(  744): percent: 0
W/MediaPlayer( 1435): info/warning (704, 0)
I/MediaPlayer.java( 1435): Info (704,0)
D/MediaPlayerService(  744): [8] notify (0x522e8, 200, 704, 0)
D/MstarPlayer(  744): percent: 0
W/MediaPlayer( 1435): info/warning (704, 0)
I/MediaPlayer.java( 1435): Info (704,0)
D/MediaPlayerService(  744): [8] notify (0x522e8, 200, 704, 0)
D/MstarPlayer(  744): percent: 0
W/MediaPlayer( 1435): info/warning (704, 0)
I/MediaPlayer.java( 1435): Info (704,0)
D/MediaPlayerService(  744): [8] notify (0x522e8, 200, 704, 0)
D/MstarPlayer(  744): percent: 0
W/MediaPlayer( 1435): info/warning (704, 0)
I/MediaPlayer.java( 1435): Info (704,0)
D/MediaPlayerService(  744): [8] notify (0x522e8, 200, 704, 0)
D/MstarPlayer(  744): percent: 0
W/MediaPlayer( 1435): info/warning (704, 0)
I/MediaPlayer.java( 1435): Info (704,0)
D/MediaPlayerService(  744): [8] notify (0x522e8, 200, 704, 0)
D/MstarPlayer(  744): percent: 0
W/MediaPlayer( 1435): info/warning (704, 0)
I/MediaPlayer.java( 1435): Info (704,0)
D/MediaPlayerService(  744): [8] notify (0x522e8, 200, 704, 0)
D/MstarPlayer(  744): percent: 0
W/MediaPlayer( 1435): info/warning (704, 0)
I/MediaPlayer.java( 1435): Info (704,0)
D/Downloader(  744): Content-Length: 172
D/Downloader(  744): 
D/Downloader(  744): Downloadserver bandWidth:407
D/Downloader(  744): Downloadserver bandWidth:407
D/Downloader(  744): Downloadserver bandWidth:407
D/Downloader(  744): Downloadserver bandWidth:407
D/MediaPlayerService(  744): [8] notify (0x522e8, 200, 704, 0)
D/MstarPlayer(  744): percent: 0
W/MediaPlayer( 1435): info/warning (704, 0)
I/MediaPlayer.java( 1435): Info (704,0)
D/MediaPlayerService(  744): [8] notify (0x522e8, 200, 704, 0)
D/MstarPlayer(  744): percent: 0
W/MediaPlayer( 1435): info/warning (704, 0)
I/MediaPlayer.java( 1435): Info (704,0)
D/MediaPlayerService(  744): [8] notify (0x522e8, 200, 704, 0)
D/MstarPlayer(  744): percent: 0
W/MediaPlayer( 1435): info/warning (704, 0)
I/MediaPlayer.java( 1435): Info (704,0)
D/DataSource_M3U8(  744): u32HLSSreamNum[0]===>u32BandWidth:1200000 
D/DataSource_M3U8(  744): getHLSPlayListInex  DownloadBandWidth:407   uInDex=0
D/DataSource_M3U8(  744): [M3U8] checkShouldStartNext :[106](172/172)   sequence:0  start next:107  
D/DataSource_M3U8(  744): 
D/DataSource_M3U8(  744): 
D/DataSource_M3U8(  744): 
D/DataSource_M3U8(  744): [M3U8]-7----->This :0x30fd0 --> post cmd for start next url:http://cibn-iss1.longvisionmedia.com:8088/vod/CIBN2013_CIBN2113040100001913_12001300/107.ts, knowedFileSize:0, mCurDowningIndex:106
D/DataSource_M3U8(  744): 
D/DataSource_M3U8(  744): 
D/Downloader(  744): [downloadThread]Downloader::removeTask  
D/Downloader(  744): [downloadThread]task have range string:0- 
D/MediaPlayerService(  744): [8] notify (0x522e8, 200, 704, 0)
D/MstarPlayer(  744): percent: 0
W/MediaPlayer( 1435): info/warning (704, 0)
I/MediaPlayer.java( 1435): Info (704,0)
D/MediaPlayerService(  744): [8] notify (0x522e8, 200, 704, 0)
D/MstarPlayer(  744): percent: 0
W/MediaPlayer( 1435): info/warning (704, 0)
I/MediaPlayer.java( 1435): Info (704,0)
D/MediaPlayerService(  744): [8] notify (0x522e8, 200, 704, 0)
D/MstarPlayer(  744): percent: 0
W/MediaPlayer( 1435): info/warning (704, 0)
I/MediaPlayer.java( 1435): Info (704,0)
D/MediaPlayerService(  744): [8] notify (0x522e8, 200, 704, 0)
D/MstarPlayer(  744): percent: 0
W/MediaPlayer( 1435): info/warning (704, 0)
I/MediaPlayer.java( 1435): Info (704,0)
D/MediaPlayerService(  744): [8] notify (0x522e8, 200, 704, 0)
D/MstarPlayer(  744): percent: 0
W/MediaPlayer( 1435): info/warning (704, 0)
I/MediaPlayer.java( 1435): Info (704,0)
D/MediaPlayerService(  744): [8] notify (0x522e8, 200, 704, 0)
D/MstarPlayer(  744): percent: 0
W/MediaPlayer( 1435): info/warning (704, 0)
I/MediaPlayer.java( 1435): Info (704,0)
D/MediaPlayerService(  744): [8] notify (0x522e8, 200, 704, 0)
D/MstarPlayer(  744): percent: 0
W/MediaPlayer( 1435): info/warning (704, 0)
I/MediaPlayer.java( 1435): Info (704,0)
D/MediaPlayerService(  744): [8] notify (0x522e8, 200, 704, 0)
D/MstarPlayer(  744): percent: 0
W/MediaPlayer( 1435): info/warning (704, 0)
I/MediaPlayer.java( 1435): Info (704,0)
D/MediaPlayerService(  744): [8] notify (0x522e8, 200, 704, 0)
D/MstarPlayer(  744): percent: 0
W/MediaPlayer( 1435): info/warning (704, 0)
I/MediaPlayer.java( 1435): Info (704,0)
D/DataSource_M3U8(  744): 
D/DataSource_M3U8(  744):  Warnig::  getValidBufferLength()  <  Codec require !!!
D/MediaPlayerService(  744): [8] notify (0x522e8, 200, 704, 0)
D/MstarPlayer(  744): percent: 0
W/MediaPlayer( 1435): info/warning (704, 0)
I/MediaPlayer.java( 1435): Info (704,0)
D/MediaPlayerService(  744): [8] notify (0x522e8, 200, 704, 0)
D/MstarPlayer(  744): percent: 0
W/MediaPlayer( 1435): info/warning (704, 0)
I/MediaPlayer.java( 1435): Info (704,0)
D/Downloader(  744): Content-Length: 172
D/Downloader(  744): 
D/Downloader(  744): Downloadserver bandWidth:2360
D/Downloader(  744): Downloadserver bandWidth:2360
D/Downloader(  744): Downloadserver bandWidth:2360
D/Downloader(  744): Downloadserver bandWidth:2360
D/MediaPlayerService(  744): [8] notify (0x522e8, 200, 704, 0)
D/MstarPlayer(  744): percent: 0
W/MediaPlayer( 1435): info/warning (704, 0)
I/MediaPlayer.java( 1435): Info (704,0)
D/MediaPlayerService(  744): [8] notify (0x522e8, 200, 704, 0)
D/MstarPlayer(  744): percent: 0
W/MediaPlayer( 1435): info/warning (704, 0)
I/MediaPlayer.java( 1435): Info (704,0)
D/MediaPlayerService(  744): [8] notify (0x522e8, 200, 704, 0)
D/MstarPlayer(  744): percent: 0
W/MediaPlayer( 1435): info/warning (704, 0)
I/MediaPlayer.java( 1435): Info (704,0)
D/MediaPlayerService(  744): [8] notify (0x522e8, 200, 704, 0)
D/MstarPlayer(  744): percent: 0
W/MediaPlayer( 1435): info/warning (704, 0)
I/MediaPlayer.java( 1435): Info (704,0)
D/MediaPlayerService(  744): [8] notify (0x522e8, 200, 704, 0)
D/MstarPlayer(  744): percent: 0
W/MediaPlayer( 1435): info/warning (704, 0)
I/MediaPlayer.java( 1435): Info (704,0)
D/MediaPlayerService(  744): [8] notify (0x522e8, 200, 704, 0)
D/MstarPlayer(  744): percent: 0
W/MediaPlayer( 1435): info/warning (704, 0)
I/MediaPlayer.java( 1435): Info (704,0)
D/MediaPlayerService(  744): [8] notify (0x522e8, 200, 704, 0)
D/MstarPlayer(  744): percent: 0
W/MediaPlayer( 1435): info/warning (704, 0)
I/MediaPlayer.java( 1435): Info (704,0)
D/MediaPlayerService(  744): [8] notify (0x522e8, 200, 704, 0)
D/MstarPlayer(  744): percent: 0
W/MediaPlayer( 1435): info/warning (704, 0)
I/MediaPlayer.java( 1435): Info (704,0)
D/MediaPlayerService(  744): [8] notify (0x522e8, 200, 704, 0)
D/MstarPlayer(  744): percent: 0
W/MediaPlayer( 1435): info/warning (704, 0)
I/MediaPlayer.java( 1435): Info (704,0)
D/DataSource_M3U8(  744): ----------UpdatePlaylistThread runing... 
D/DataSource_M3U8(  744): u32HLSSreamNum[0]===>u32BandWidth:1200000 
D/DataSource_M3U8(  744): getHLSPlayListInex  DownloadBandWidth:2360   uInDex=0
D/DataSource_M3U8(  744): [M3U8] checkShouldStartNext :[107](172/172)   sequence:0  start next:108  
D/DataSource_M3U8(  744): 
D/DataSource_M3U8(  744): 
D/DataSource_M3U8(  744): 
D/DataSource_M3U8(  744): [M3U8]-7----->This :0x30fd0 --> post cmd for start next url:http://cibn-iss1.longvisionmedia.com:8088/vod/CIBN2013_CIBN2113040100001913_12001300/108.ts, knowedFileSize:0, mCurDowningIndex:107
D/DataSource_M3U8(  744): 
D/DataSource_M3U8(  744): 
D/Downloader(  744): [downloadThread]Downloader::removeTask  
D/Downloader(  744): [downloadThread]task have range string:0- 
D/MediaPlayerService(  744): [8] notify (0x522e8, 200, 704, 0)
D/MstarPlayer(  744): percent: 0
W/MediaPlayer( 1435): info/warning (704, 0)
I/MediaPlayer.java( 1435): Info (704,0)
D/MediaPlayerService(  744): [8] notify (0x522e8, 200, 704, 0)
D/MstarPlayer(  744): percent: 0
W/MediaPlayer( 1435): info/warning (704, 0)
I/MediaPlayer.java( 1435): Info (704,0)
D/MediaPlayerService(  744): [8] notify (0x522e8, 200, 704, 0)
D/MstarPlayer(  744): percent: 0
W/MediaPlayer( 1435): info/warning (704, 0)
I/MediaPlayer.java( 1435): Info (704,0)
D/MediaPlayerService(  744): [8] notify (0x522e8, 200, 704, 0)
D/MstarPlayer(  744): percent: 0
W/MediaPlayer( 1435): info/warning (704, 0)
I/MediaPlayer.java( 1435): Info (704,0)
D/MediaPlayerService(  744): [8] notify (0x522e8, 200, 704, 0)
D/MstarPlayer(  744): percent: 0
W/MediaPlayer( 1435): info/warning (704, 0)
I/MediaPlayer.java( 1435): Info (704,0)
D/MediaPlayerService(  744): [8] notify (0x522e8, 200, 704, 0)
D/MstarPlayer(  744): percent: 0
W/MediaPlayer( 1435): info/warning (704, 0)
I/MediaPlayer.java( 1435): Info (704,0)
D/dalvikvm( 1505): GC_CONCURRENT freed 474K, 77% free 1412K/6019K, paused 1ms+2ms
D/MediaPlayerService(  744): [8] notify (0x522e8, 200, 704, 0)
D/MstarPlayer(  744): percent: 0
W/MediaPlayer( 1435): info/warning (704, 0)
I/MediaPlayer.java( 1435): Info (704,0)
D/Downloader(  744): Content-Length: 172
D/Downloader(  744): 
D/Downloader(  744): Downloadserver bandWidth:3510
D/Downloader(  744): Downloadserver bandWidth:3510
D/Downloader(  744): Downloadserver bandWidth:3510
D/Downloader(  744): Downloadserver bandWidth:3510
D/MediaPlayerService(  744): [8] notify (0x522e8, 200, 704, 0)
D/MstarPlayer(  744): percent: 0
W/MediaPlayer( 1435): info/warning (704, 0)
I/MediaPlayer.java( 1435): Info (704,0)
D/MediaPlayerService(  744): [8] notify (0x522e8, 200, 704, 0)
D/MstarPlayer(  744): percent: 0
W/MediaPlayer( 1435): info/warning (704, 0)
I/MediaPlayer.java( 1435): Info (704,0)
D/DataSource_M3U8(  744): 
D/DataSource_M3U8(  744):  Warnig::  getValidBufferLength()  <  Codec require !!!
D/MediaPlayerService(  744): [8] notify (0x522e8, 200, 704, 0)
D/MstarPlayer(  744): percent: 0
W/MediaPlayer( 1435): info/warning (704, 0)
I/MediaPlayer.java( 1435): Info (704,0)
D/dalvikvm( 1505): GC_CONCURRENT freed 491K, 78% free 1356K/6019K, paused 0ms+1ms
D/DataSource_M3U8(  744): u32HLSSreamNum[0]===>u32BandWidth:1200000 
D/DataSource_M3U8(  744): getHLSPlayListInex  DownloadBandWidth:3510   uInDex=0
D/DataSource_M3U8(  744): [M3U8] checkShouldStartNext :[108](172/172)   sequence:0  start next:109  
D/DataSource_M3U8(  744): 
D/DataSource_M3U8(  744): 
D/DataSource_M3U8(  744): 
D/DataSource_M3U8(  744): [M3U8]-7----->This :0x30fd0 --> post cmd for start next url:http://cibn-iss1.longvisionmedia.com:8088/vod/CIBN2013_CIBN2113040100001913_12001300/109.ts, knowedFileSize:0, mCurDowningIndex:108
D/DataSource_M3U8(  744): 
D/DataSource_M3U8(  744): 
D/Downloader(  744): [downloadThread]Downloader::removeTask  
D/Downloader(  744): [downloadThread]task have range string:0- 
D/MediaPlayerService(  744): [8] notify (0x522e8, 3, 25, 0)
D/MediaPlayerService(  744): [8] notify (0x522e8, 200, 704, 0)
D/MstarPlayer(  744): percent: 0
W/MediaPlayer( 1435): info/warning (704, 0)
I/MediaPlayer.java( 1435): Info (704,0)
D/MediaPlayerService(  744): [8] notify (0x522e8, 200, 704, 0)
D/MstarPlayer(  744): percent: 0
W/MediaPlayer( 1435): info/warning (704, 0)
I/MediaPlayer.java( 1435): Info (704,0)
D/dalvikvm( 1505): GC_CONCURRENT freed 435K, 79% free 1315K/6019K, paused 1ms+1ms
D/MediaPlayerService(  744): [8] notify (0x522e8, 200, 704, 0)
D/MstarPlayer(  744): percent: 0
W/MediaPlayer( 1435): info/warning (704, 0)
I/MediaPlayer.java( 1435): Info (704,0)
D/MediaPlayerService(  744): [8] notify (0x522e8, 200, 704, 0)
D/MstarPlayer(  744): percent: 0
W/MediaPlayer( 1435): info/warning (704, 0)
I/MediaPlayer.java( 1435): Info (704,0)
D/MediaPlayerService(  744): [8] notify (0x522e8, 200, 704, 0)
D/MstarPlayer(  744): percent: 0
W/MediaPlayer( 1435): info/warning (704, 0)
I/MediaPlayer.java( 1435): Info (704,0)
D/MediaPlayerService(  744): [8] notify (0x522e8, 200, 704, 0)
D/MstarPlayer(  744): percent: 0
W/MediaPlayer( 1435): info/warning (704, 0)
I/MediaPlayer.java( 1435): Info (704,0)
D/Downloader(  744): Content-Length: 172
D/Downloader(  744): 
D/Downloader(  744): Downloadserver bandWidth:4182
D/Downloader(  744): Downloadserver bandWidth:4182
D/Downloader(  744): Downloadserver bandWidth:4182
D/Downloader(  744): Downloadserver bandWidth:4182
D/MediaPlayerService(  744): [8] notify (0x522e8, 200, 704, 0)
D/MstarPlayer(  744): percent: 0
W/MediaPlayer( 1435): info/warning (704, 0)
I/MediaPlayer.java( 1435): Info (704,0)
D/MediaPlayerService(  744): [8] notify (0x522e8, 200, 704, 0)
D/MstarPlayer(  744): percent: 0
W/MediaPlayer( 1435): info/warning (704, 0)
I/MediaPlayer.java( 1435): Info (704,0)
D/dalvikvm( 1505): GC_CONCURRENT freed 394K, 79% free 1314K/6019K, paused 1ms+1ms
D/MediaPlayerService(  744): [8] notify (0x522e8, 200, 704, 0)
D/MstarPlayer(  744): percent: 0
W/MediaPlayer( 1435): info/warning (704, 0)
I/MediaPlayer.java( 1435): Info (704,0)
D/MediaPlayerService(  744): [8] notify (0x522e8, 200, 704, 0)
D/MstarPlayer(  744): percent: 0
W/MediaPlayer( 1435): info/warning (704, 0)
I/MediaPlayer.java( 1435): Info (704,0)
D/DataSource_M3U8(  744): u32HLSSreamNum[0]===>u32BandWidth:1200000 
D/DataSource_M3U8(  744): getHLSPlayListInex  DownloadBandWidth:4182   uInDex=0
D/DataSource_M3U8(  744): [M3U8] checkShouldStartNext :[109](172/172)   sequence:0  start next:110  
D/DataSource_M3U8(  744): 
D/DataSource_M3U8(  744): 
D/DataSource_M3U8(  744): 
D/DataSource_M3U8(  744): [M3U8]-7----->This :0x30fd0 --> post cmd for start next url:http://cibn-iss1.longvisionmedia.com:8088/vod/CIBN2013_CIBN2113040100001913_12001300/110.ts, knowedFileSize:0, mCurDowningIndex:109
D/DataSource_M3U8(  744): 
D/DataSource_M3U8(  744): 
D/Downloader(  744): [downloadThread]Downloader::removeTask  
D/Downloader(  744): [downloadThread]task have range string:0- 
D/MediaPlayerService(  744): [8] notify (0x522e8, 200, 704, 0)
D/MstarPlayer(  744): percent: 0
W/MediaPlayer( 1435): info/warning (704, 0)
I/MediaPlayer.java( 1435): Info (704,0)
D/MediaPlayerService(  744): [8] notify (0x522e8, 200, 704, 0)
D/MstarPlayer(  744): percent: 0
W/MediaPlayer( 1435): info/warning (704, 0)
I/MediaPlayer.java( 1435): Info (704,0)
D/MediaPlayerService(  744): [8] notify (0x522e8, 200, 704, 0)
D/MstarPlayer(  744): percent: 0
W/MediaPlayer( 1435): info/warning (704, 0)
I/MediaPlayer.java( 1435): Info (704,0)
D/MediaPlayerService(  744): [8] notify (0x522e8, 200, 704, 0)
D/MstarPlayer(  744): percent: 0
W/MediaPlayer( 1435): info/warning (704, 0)
I/MediaPlayer.java( 1435): Info (704,0)
D/MediaPlayerService(  744): [8] notify (0x522e8, 200, 704, 0)
D/MstarPlayer(  744): percent: 0
W/MediaPlayer( 1435): info/warning (704, 0)
I/MediaPlayer.java( 1435): Info (704,0)
D/MediaPlayerService(  744): [8] notify (0x522e8, 200, 704, 0)
D/MstarPlayer(  744): percent: 0
W/MediaPlayer( 1435): info/warning (704, 0)
I/MediaPlayer.java( 1435): Info (704,0)
D/MediaPlayerService(  744): [8] notify (0x522e8, 200, 704, 0)
D/MstarPlayer(  744): percent: 0
W/MediaPlayer( 1435): info/warning (704, 0)
I/MediaPlayer.java( 1435): Info (704,0)
D/MediaPlayerService(  744): [8] notify (0x522e8, 200, 704, 0)
D/MstarPlayer(  744): percent: 0
W/MediaPlayer( 1435): info/warning (704, 0)
I/MediaPlayer.java( 1435): Info (704,0)
D/MediaPlayerService(  744): [8] notify (0x522e8, 200, 704, 0)
D/MstarPlayer(  744): percent: 0
W/MediaPlayer( 1435): info/warning (704, 0)
I/MediaPlayer.java( 1435): Info (704,0)
D/DataSource_M3U8(  744): 
D/DataSource_M3U8(  744):  Warnig::  getValidBufferLength()  <  Codec require !!!
D/MediaPlayerService(  744): [8] notify (0x522e8, 200, 704, 0)
D/MstarPlayer(  744): percent: 0
W/MediaPlayer( 1435): info/warning (704, 0)
I/MediaPlayer.java( 1435): Info (704,0)
D/Downloader(  744): Content-Length: 172
D/Downloader(  744): 
D/Downloader(  744): Downloadserver bandWidth:2719
D/Downloader(  744): Downloadserver bandWidth:2719
D/Downloader(  744): Downloadserver bandWidth:2719
D/Downloader(  744): Downloadserver bandWidth:2719
D/DataSource_M3U8(  744): u32HLSSreamNum[0]===>u32BandWidth:1200000 
D/DataSource_M3U8(  744): getHLSPlayListInex  DownloadBandWidth:2719   uInDex=0
D/DataSource_M3U8(  744): [M3U8] checkShouldStartNext :[110](172/172)   sequence:0  start next:111  
D/DataSource_M3U8(  744): 
D/DataSource_M3U8(  744): 
D/DataSource_M3U8(  744): 
D/DataSource_M3U8(  744): [M3U8]-7----->This :0x30fd0 --> post cmd for start next url:http://cibn-iss1.longvisionmedia.com:8088/vod/CIBN2013_CIBN2113040100001913_12001300/111.ts, knowedFileSize:0, mCurDowningIndex:110
D/DataSource_M3U8(  744): 
D/DataSource_M3U8(  744): 
D/Downloader(  744): [downloadThread]Downloader::removeTask  
D/Downloader(  744): [downloadThread]task have range string:0- 
D/dalvikvm( 1505): GC_CONCURRENT freed 392K, 79% free 1315K/6019K, paused 1ms+1ms
D/MediaPlayerService(  744): [8] notify (0x522e8, 200, 704, 0)
D/MstarPlayer(  744): percent: 0
W/MediaPlayer( 1435): info/warning (704, 0)
I/MediaPlayer.java( 1435): Info (704,0)
D/MediaPlayerService(  744): [8] notify (0x522e8, 200, 704, 0)
D/MstarPlayer(  744): percent: 0
W/MediaPlayer( 1435): info/warning (704, 0)
I/MediaPlayer.java( 1435): Info (704,0)
D/MediaPlayerService(  744): [8] notify (0x522e8, 200, 704, 0)
D/MstarPlayer(  744): percent: 0
W/MediaPlayer( 1435): info/warning (704, 0)
I/MediaPlayer.java( 1435): Info (704,0)
D/MediaPlayerService(  744): [8] notify (0x522e8, 200, 704, 0)
D/MstarPlayer(  744): percent: 0
W/MediaPlayer( 1435): info/warning (704, 0)
I/MediaPlayer.java( 1435): Info (704,0)
D/MediaPlayerService(  744): [8] notify (0x522e8, 200, 704, 0)
D/MstarPlayer(  744): percent: 0
W/MediaPlayer( 1435): info/warning (704, 0)
I/MediaPlayer.java( 1435): Info (704,0)
D/dalvikvm( 1505): GC_CONCURRENT freed 402K, 79% free 1311K/6019K, paused 0ms+1ms
D/MediaPlayerService(  744): [8] notify (0x522e8, 200, 704, 0)
D/MstarPlayer(  744): percent: 0
W/MediaPlayer( 1435): info/warning (704, 0)
I/MediaPlayer.java( 1435): Info (704,0)
D/MediaPlayerService(  744): [8] notify (0x522e8, 200, 704, 0)
D/MstarPlayer(  744): percent: 0
W/MediaPlayer( 1435): info/warning (704, 0)
I/MediaPlayer.java( 1435): Info (704,0)
D/MediaPlayerService(  744): [8] notify (0x522e8, 200, 704, 0)
D/MstarPlayer(  744): percent: 0
W/MediaPlayer( 1435): info/warning (704, 0)
I/MediaPlayer.java( 1435): Info (704,0)
D/Downloader(  744): Content-Length: 172
D/Downloader(  744): 
D/Downloader(  744): Downloadserver bandWidth:3422
D/Downloader(  744): Downloadserver bandWidth:3422
D/Downloader(  744): Downloadserver bandWidth:3422
D/Downloader(  744): Downloadserver bandWidth:3422
D/MediaPlayerService(  744): [8] notify (0x522e8, 200, 704, 0)
D/MstarPlayer(  744): percent: 0
W/MediaPlayer( 1435): info/warning (704, 0)
I/MediaPlayer.java( 1435): Info (704,0)
D/dalvikvm( 1505): GC_CONCURRENT freed 395K, 77% free 1409K/6019K, paused 1ms+1ms
D/MediaPlayerService(  744): [8] notify (0x522e8, 200, 704, 0)
D/MstarPlayer(  744): percent: 0
W/MediaPlayer( 1435): info/warning (704, 0)
I/MediaPlayer.java( 1435): Info (704,0)
D/DataSource_M3U8(  744): u32HLSSreamNum[0]===>u32BandWidth:1200000 
D/DataSource_M3U8(  744): getHLSPlayListInex  DownloadBandWidth:3422   uInDex=0
D/DataSource_M3U8(  744): [M3U8] checkShouldStartNext :[111](172/172)   sequence:0  start next:112  
D/DataSource_M3U8(  744): 
D/DataSource_M3U8(  744): 
D/DataSource_M3U8(  744): 
D/DataSource_M3U8(  744): [M3U8]-7----->This :0x30fd0 --> post cmd for start next url:http://cibn-iss1.longvisionmedia.com:8088/vod/CIBN2013_CIBN2113040100001913_12001300/112.ts, knowedFileSize:0, mCurDowningIndex:111
D/DataSource_M3U8(  744): 
D/DataSource_M3U8(  744): 
D/Downloader(  744): [downloadThread]Downloader::removeTask  
D/Downloader(  744): [downloadThread]task have range string:0- 
D/MediaPlayerService(  744): [8] notify (0x522e8, 200, 704, 0)
D/MstarPlayer(  744): percent: 0
W/MediaPlayer( 1435): info/warning (704, 0)
I/MediaPlayer.java( 1435): Info (704,0)
D/MediaPlayerService(  744): [8] notify (0x522e8, 200, 704, 0)
D/MstarPlayer(  744): percent: 0
W/MediaPlayer( 1435): info/warning (704, 0)
I/MediaPlayer.java( 1435): Info (704,0)
D/dalvikvm( 1505): GC_CONCURRENT freed 488K, 77% free 1397K/6019K, paused 1ms+1ms
D/MediaPlayerService(  744): [8] notify (0x522e8, 200, 704, 0)
D/MstarPlayer(  744): percent: 0
W/MediaPlayer( 1435): info/warning (704, 0)
I/MediaPlayer.java( 1435): Info (704,0)
D/MediaPlayerService(  744): [8] notify (0x522e8, 200, 704, 0)
D/MstarPlayer(  744): percent: 0
W/MediaPlayer( 1435): info/warning (704, 0)
I/MediaPlayer.java( 1435): Info (704,0)
D/MediaPlayerService(  744): [8] notify (0x522e8, 200, 704, 0)
D/MstarPlayer(  744): percent: 0
W/MediaPlayer( 1435): info/warning (704, 0)
I/MediaPlayer.java( 1435): Info (704,0)
D/MediaPlayerService(  744): [8] notify (0x522e8, 200, 704, 0)
D/MstarPlayer(  744): percent: 0
W/MediaPlayer( 1435): info/warning (704, 0)
I/MediaPlayer.java( 1435): Info (704,0)
D/MediaPlayerService(  744): [8] notify (0x522e8, 200, 704, 0)
D/MstarPlayer(  744): percent: 0
W/MediaPlayer( 1435): info/warning (704, 0)
I/MediaPlayer.java( 1435): Info (704,0)
D/MediaPlayerService(  744): [8] notify (0x522e8, 200, 704, 0)
D/MstarPlayer(  744): percent: 0
W/MediaPlayer( 1435): info/warning (704, 0)
I/MediaPlayer.java( 1435): Info (704,0)
D/DataSource_M3U8(  744): 
D/DataSource_M3U8(  744):  Warnig::  getValidBufferLength()  <  Codec require !!!
D/MediaPlayerService(  744): [8] notify (0x522e8, 200, 704, 0)
D/MstarPlayer(  744): percent: 0
W/MediaPlayer( 1435): info/warning (704, 0)
I/MediaPlayer.java( 1435): Info (704,0)
D/MediaPlayerService(  744): [8] notify (0x522e8, 200, 704, 0)
D/MstarPlayer(  744): percent: 0
W/MediaPlayer( 1435): info/warning (704, 0)
I/MediaPlayer.java( 1435): Info (704,0)
D/Downloader(  744): Content-Length: 172
D/Downloader(  744): 
D/Downloader(  744): Downloadserver bandWidth:2752
D/Downloader(  744): Downloadserver bandWidth:2752
D/Downloader(  744): Downloadserver bandWidth:2746
D/Downloader(  744): Downloadserver bandWidth:2746
D/DataSource_M3U8(  744): u32HLSSreamNum[0]===>u32BandWidth:1200000 
D/DataSource_M3U8(  744): getHLSPlayListInex  DownloadBandWidth:2746   uInDex=0
D/DataSource_M3U8(  744): [M3U8] checkShouldStartNext :[112](172/172)   sequence:0  start next:113  
D/DataSource_M3U8(  744): 
D/DataSource_M3U8(  744): 
D/DataSource_M3U8(  744): 
D/DataSource_M3U8(  744): [M3U8]-7----->This :0x30fd0 --> post cmd for start next url:http://cibn-iss1.longvisionmedia.com:8088/vod/CIBN2013_CIBN2113040100001913_12001300/113.ts, knowedFileSize:0, mCurDowningIndex:112
D/DataSource_M3U8(  744): 
D/DataSource_M3U8(  744): 
D/Downloader(  744): [downloadThread]Downloader::removeTask  
D/Downloader(  744): [downloadThread]task have range string:0- 
D/MediaPlayerService(  744): [8] notify (0x522e8, 3, 26, 0)
D/MediaPlayerService(  744): [8] notify (0x522e8, 200, 704, 0)
D/MstarPlayer(  744): percent: 0
W/MediaPlayer( 1435): info/warning (704, 0)
I/MediaPlayer.java( 1435): Info (704,0)
D/MediaPlayerService(  744): [8] notify (0x522e8, 200, 704, 0)
D/MstarPlayer(  744): percent: 0
W/MediaPlayer( 1435): info/warning (704, 0)
I/MediaPlayer.java( 1435): Info (704,0)
D/MediaPlayerService(  744): [8] notify (0x522e8, 200, 704, 0)
D/MstarPlayer(  744): percent: 0
W/MediaPlayer( 1435): info/warning (704, 0)
I/MediaPlayer.java( 1435): Info (704,0)
D/MediaPlayerService(  744): [8] notify (0x522e8, 200, 704, 0)
D/MstarPlayer(  744): percent: 0
W/MediaPlayer( 1435): info/warning (704, 0)
I/MediaPlayer.java( 1435): Info (704,0)
D/MediaPlayerService(  744): [8] notify (0x522e8, 200, 704, 0)
D/MstarPlayer(  744): percent: 0
W/MediaPlayer( 1435): info/warning (704, 0)
I/MediaPlayer.java( 1435): Info (704,0)
D/MediaPlayerService(  744): [8] notify (0x522e8, 200, 704, 0)
D/MstarPlayer(  744): percent: 0
W/MediaPlayer( 1435): info/warning (704, 0)
I/MediaPlayer.java( 1435): Info (704,0)
D/MediaPlayerService(  744): [8] notify (0x522e8, 200, 704, 0)
D/MstarPlayer(  744): percent: 0
W/MediaPlayer( 1435): info/warning (704, 0)
I/MediaPlayer.java( 1435): Info (704,0)
D/MediaPlayerService(  744): [8] notify (0x522e8, 200, 704, 0)
D/MstarPlayer(  744): percent: 0
W/MediaPlayer( 1435): info/warning (704, 0)
I/MediaPlayer.java( 1435): Info (704,0)
D/Downloader(  744): Content-Length: 172
D/Downloader(  744): 
D/Downloader(  744): Downloadserver bandWidth:3397
D/Downloader(  744): Downloadserver bandWidth:3397
D/Downloader(  744): Downloadserver bandWidth:3397
D/Downloader(  744): Downloadserver bandWidth:3397
D/MediaPlayerService(  744): [8] notify (0x522e8, 200, 704, 0)
D/MstarPlayer(  744): percent: 0
W/MediaPlayer( 1435): info/warning (704, 0)
I/MediaPlayer.java( 1435): Info (704,0)
D/MediaPlayerService(  744): [8] notify (0x522e8, 200, 704, 0)
D/MstarPlayer(  744): percent: 0
W/MediaPlayer( 1435): info/warning (704, 0)
I/MediaPlayer.java( 1435): Info (704,0)
D/DataSource_M3U8(  744): u32HLSSreamNum[0]===>u32BandWidth:1200000 
D/DataSource_M3U8(  744): getHLSPlayListInex  DownloadBandWidth:3397   uInDex=0
D/DataSource_M3U8(  744): [M3U8] checkShouldStartNext :[113](172/172)   sequence:0  start next:114  
D/DataSource_M3U8(  744): 
D/DataSource_M3U8(  744): 
D/DataSource_M3U8(  744): 
D/DataSource_M3U8(  744): [M3U8]-7----->This :0x30fd0 --> post cmd for start next url:http://cibn-iss1.longvisionmedia.com:8088/vod/CIBN2013_CIBN2113040100001913_12001300/114.ts, knowedFileSize:0, mCurDowningIndex:113
D/DataSource_M3U8(  744): 
D/DataSource_M3U8(  744): 
D/Downloader(  744): [downloadThread]Downloader::removeTask  
D/Downloader(  744): [downloadThread]task have range string:0- 
D/MediaPlayerService(  744): [8] notify (0x522e8, 200, 704, 0)
D/MstarPlayer(  744): percent: 0
W/MediaPlayer( 1435): info/warning (704, 0)
I/MediaPlayer.java( 1435): Info (704,0)
D/MediaPlayerService(  744): [8] notify (0x522e8, 200, 704, 0)
D/MstarPlayer(  744): percent: 0
W/MediaPlayer( 1435): info/warning (704, 0)
I/MediaPlayer.java( 1435): Info (704,0)
D/MediaPlayerService(  744): [8] notify (0x522e8, 200, 704, 0)
D/MstarPlayer(  744): percent: 0
W/MediaPlayer( 1435): info/warning (704, 0)
I/MediaPlayer.java( 1435): Info (704,0)
D/MediaPlayerService(  744): [8] notify (0x522e8, 200, 704, 0)
D/MstarPlayer(  744): percent: 0
W/MediaPlayer( 1435): info/warning (704, 0)
I/MediaPlayer.java( 1435): Info (704,0)
D/MediaPlayerService(  744): [8] notify (0x522e8, 200, 704, 0)
D/MstarPlayer(  744): percent: 0
W/MediaPlayer( 1435): info/warning (704, 0)
I/MediaPlayer.java( 1435): Info (704,0)
D/MediaPlayerService(  744): [8] notify (0x522e8, 200, 704, 0)
D/MstarPlayer(  744): percent: 0
W/MediaPlayer( 1435): info/warning (704, 0)
I/MediaPlayer.java( 1435): Info (704,0)
D/MediaPlayerService(  744): [8] notify (0x522e8, 200, 704, 0)
D/MstarPlayer(  744): percent: 0
W/MediaPlayer( 1435): info/warning (704, 0)
I/MediaPlayer.java( 1435): Info (704,0)
D/MediaPlayerService(  744): [8] notify (0x522e8, 200, 704, 0)
D/MstarPlayer(  744): percent: 0
W/MediaPlayer( 1435): info/warning (704, 0)
I/MediaPlayer.java( 1435): Info (704,0)
D/DataSource_M3U8(  744): 
D/DataSource_M3U8(  744):  Warnig::  getValidBufferLength()  <  Codec require !!!
D/Downloader(  744): Content-Length: 172
D/Downloader(  744): 
D/Downloader(  744): Downloadserver bandWidth:3260
D/Downloader(  744): Downloadserver bandWidth:3260
D/Downloader(  744): Downloadserver bandWidth:3252
D/Downloader(  744): Downloadserver bandWidth:3252
D/MediaPlayerService(  744): [8] notify (0x522e8, 200, 704, 0)
D/MstarPlayer(  744): percent: 0
W/MediaPlayer( 1435): info/warning (704, 0)
I/MediaPlayer.java( 1435): Info (704,0)
D/MediaPlayerService(  744): [8] notify (0x522e8, 200, 704, 0)
D/MstarPlayer(  744): percent: 0
W/MediaPlayer( 1435): info/warning (704, 0)
I/MediaPlayer.java( 1435): Info (704,0)
D/DataSource_M3U8(  744): u32HLSSreamNum[0]===>u32BandWidth:1200000 
D/DataSource_M3U8(  744): getHLSPlayListInex  DownloadBandWidth:3252   uInDex=0
D/DataSource_M3U8(  744): [M3U8] checkShouldStartNext :[114](172/172)   sequence:0  start next:115  
D/DataSource_M3U8(  744): 
D/DataSource_M3U8(  744): 
D/DataSource_M3U8(  744): 
D/DataSource_M3U8(  744): [M3U8]-7----->This :0x30fd0 --> post cmd for start next url:http://cibn-iss1.longvisionmedia.com:8088/vod/CIBN2013_CIBN2113040100001913_12001300/115.ts, knowedFileSize:0, mCurDowningIndex:114
D/DataSource_M3U8(  744): 
D/DataSource_M3U8(  744): 
D/Downloader(  744): [downloadThread]Downloader::removeTask  
D/Downloader(  744): [downloadThread]task have range string:0- 
D/MediaPlayerService(  744): [8] notify (0x522e8, 200, 704, 0)
D/MstarPlayer(  744): percent: 0
W/MediaPlayer( 1435): info/warning (704, 0)
I/MediaPlayer.java( 1435): Info (704,0)
D/MediaPlayerService(  744): [8] notify (0x522e8, 200, 704, 0)
D/MstarPlayer(  744): percent: 0
W/MediaPlayer( 1435): info/warning (704, 0)
I/MediaPlayer.java( 1435): Info (704,0)
D/MediaPlayerService(  744): [8] notify (0x522e8, 200, 704, 0)
D/MstarPlayer(  744): percent: 0
W/MediaPlayer( 1435): info/warning (704, 0)
I/MediaPlayer.java( 1435): Info (704,0)
D/MediaPlayerService(  744): [8] notify (0x522e8, 200, 704, 0)
D/MstarPlayer(  744): percent: 0
W/MediaPlayer( 1435): info/warning (704, 0)
I/MediaPlayer.java( 1435): Info (704,0)
D/MediaPlayerService(  744): [8] notify (0x522e8, 200, 704, 0)
D/MstarPlayer(  744): percent: 0
W/MediaPlayer( 1435): info/warning (704, 0)
I/MediaPlayer.java( 1435): Info (704,0)
D/MediaPlayerService(  744): [8] notify (0x522e8, 200, 704, 0)
D/MstarPlayer(  744): percent: 0
W/MediaPlayer( 1435): info/warning (704, 0)
I/MediaPlayer.java( 1435): Info (704,0)
D/MediaPlayerService(  744): [8] notify (0x522e8, 200, 704, 0)
D/MstarPlayer(  744): percent: 0
W/MediaPlayer( 1435): info/warning (704, 0)
I/MediaPlayer.java( 1435): Info (704,0)
D/MediaPlayerService(  744): [8] notify (0x522e8, 200, 704, 0)
D/MstarPlayer(  744): percent: 0
W/MediaPlayer( 1435): info/warning (704, 0)
I/MediaPlayer.java( 1435): Info (704,0)
D/MediaPlayerService(  744): [8] notify (0x522e8, 200, 704, 0)
D/MstarPlayer(  744): percent: 0
W/MediaPlayer( 1435): info/warning (704, 0)
I/MediaPlayer.java( 1435): Info (704,0)
D/MediaPlayerService(  744): [8] notify (0x522e8, 200, 704, 0)
D/MstarPlayer(  744): percent: 0
W/MediaPlayer( 1435): info/warning (704, 0)
I/MediaPlayer.java( 1435): Info (704,0)
D/Downloader(  744): Content-Length: 172
D/Downloader(  744): 
D/Downloader(  744): Downloadserver bandWidth:2724
D/Downloader(  744): Downloadserver bandWidth:2724
D/Downloader(  744): Downloadserver bandWidth:2724
D/Downloader(  744): Downloadserver bandWidth:2724
D/DataSource_M3U8(  744): u32HLSSreamNum[0]===>u32BandWidth:1200000 
D/DataSource_M3U8(  744): getHLSPlayListInex  DownloadBandWidth:2724   uInDex=0
D/DataSource_M3U8(  744): [M3U8] checkShouldStartNext :[115](172/172)   sequence:0  start next:116  
D/DataSource_M3U8(  744): 
D/DataSource_M3U8(  744): 
D/DataSource_M3U8(  744): 
D/DataSource_M3U8(  744): [M3U8]-7----->This :0x30fd0 --> post cmd for start next url:http://cibn-iss1.longvisionmedia.com:8088/vod/CIBN2013_CIBN2113040100001913_12001300/116.ts, knowedFileSize:0, mCurDowningIndex:115
D/DataSource_M3U8(  744): 
D/DataSource_M3U8(  744): 
D/Downloader(  744): [downloadThread]Downloader::removeTask  
D/Downloader(  744): [downloadThread]task have range string:0- 
D/MediaPlayerService(  744): [8] notify (0x522e8, 200, 704, 0)
D/MstarPlayer(  744): percent: 0
W/MediaPlayer( 1435): info/warning (704, 0)
I/MediaPlayer.java( 1435): Info (704,0)
D/MediaPlayerService(  744): [8] notify (0x522e8, 200, 704, 0)
D/MstarPlayer(  744): percent: 0
W/MediaPlayer( 1435): info/warning (704, 0)
I/MediaPlayer.java( 1435): Info (704,0)
D/MediaPlayerService(  744): [8] notify (0x522e8, 200, 704, 0)
D/MstarPlayer(  744): percent: 0
W/MediaPlayer( 1435): info/warning (704, 0)
I/MediaPlayer.java( 1435): Info (704,0)
D/MediaPlayerService(  744): [8] notify (0x522e8, 200, 704, 0)
D/MstarPlayer(  744): percent: 0
W/MediaPlayer( 1435): info/warning (704, 0)
I/MediaPlayer.java( 1435): Info (704,0)
D/MediaPlayerService(  744): [8] notify (0x522e8, 200, 704, 0)
D/MstarPlayer(  744): percent: 0
W/MediaPlayer( 1435): info/warning (704, 0)
I/MediaPlayer.java( 1435): Info (704,0)
D/MediaPlayerService(  744): [8] notify (0x522e8, 200, 704, 0)
D/MstarPlayer(  744): percent: 0
W/MediaPlayer( 1435): info/warning (704, 0)
I/MediaPlayer.java( 1435): Info (704,0)
D/MediaPlayerService(  744): [8] notify (0x522e8, 200, 704, 0)
D/MstarPlayer(  744): percent: 0
W/MediaPlayer( 1435): info/warning (704, 0)
I/MediaPlayer.java( 1435): Info (704,0)
D/MediaPlayerService(  744): [8] notify (0x522e8, 200, 704, 0)
D/MstarPlayer(  744): percent: 0
W/MediaPlayer( 1435): info/warning (704, 0)
I/MediaPlayer.java( 1435): Info (704,0)
D/DataSource_M3U8(  744): 
D/DataSource_M3U8(  744):  Warnig::  getValidBufferLength()  <  Codec require !!!
D/Downloader(  744): Content-Length: 172
D/Downloader(  744): 
D/Downloader(  744): Downloadserver bandWidth:3331
D/Downloader(  744): Downloadserver bandWidth:3331
D/Downloader(  744): Downloadserver bandWidth:3331
D/Downloader(  744): Downloadserver bandWidth:3331
D/MediaPlayerService(  744): [8] notify (0x522e8, 200, 704, 0)
D/MstarPlayer(  744): percent: 0
W/MediaPlayer( 1435): info/warning (704, 0)
I/MediaPlayer.java( 1435): Info (704,0)
D/MediaPlayerService(  744): [8] notify (0x522e8, 200, 704, 0)
D/MstarPlayer(  744): percent: 0
W/MediaPlayer( 1435): info/warning (704, 0)
I/MediaPlayer.java( 1435): Info (704,0)
D/HomePlayerLib( 1505): hostaddress count is 1
D/DataSource_M3U8(  744): u32HLSSreamNum[0]===>u32BandWidth:1200000 
D/DataSource_M3U8(  744): getHLSPlayListInex  DownloadBandWidth:3331   uInDex=0
D/DataSource_M3U8(  744): [M3U8] checkShouldStartNext :[116](172/172)   sequence:0  start next:117  
D/DataSource_M3U8(  744): 
D/DataSource_M3U8(  744): 
D/DataSource_M3U8(  744): 
D/DataSource_M3U8(  744): [M3U8]-7----->This :0x30fd0 --> post cmd for start next url:http://cibn-iss1.longvisionmedia.com:8088/vod/CIBN2013_CIBN2113040100001913_12001300/117.ts, knowedFileSize:0, mCurDowningIndex:116
D/DataSource_M3U8(  744): 
D/DataSource_M3U8(  744): 
D/Downloader(  744): [downloadThread]Downloader::removeTask  
D/Downloader(  744): [downloadThread]task have range string:0- 
D/MediaPlayerService(  744): [8] notify (0x522e8, 200, 704, 0)
D/MstarPlayer(  744): percent: 0
W/MediaPlayer( 1435): info/warning (704, 0)
I/MediaPlayer.java( 1435): Info (704,0)
D/dalvikvm( 1505): GC_CONCURRENT freed 493K, 77% free 1408K/6019K, paused 0ms+1ms
D/MediaPlayerService(  744): [8] notify (0x522e8, 200, 704, 0)
D/MstarPlayer(  744): percent: 0
W/MediaPlayer( 1435): info/warning (704, 0)
I/MediaPlayer.java( 1435): Info (704,0)
D/dalvikvm( 1505): GC_CONCURRENT freed 498K, 78% free 1329K/6019K, paused 1ms+1ms
D/MediaPlayerService(  744): [8] notify (0x522e8, 200, 704, 0)
D/MstarPlayer(  744): percent: 0
W/MediaPlayer( 1435): info/warning (704, 0)
I/MediaPlayer.java( 1435): Info (704,0)
D/dalvikvm( 1505): GC_CONCURRENT freed 419K, 79% free 1317K/6019K, paused 1ms+1ms
D/MediaPlayerService(  744): [8] notify (0x522e8, 200, 704, 0)
D/MstarPlayer(  744): percent: 0
W/MediaPlayer( 1435): info/warning (704, 0)
I/MediaPlayer.java( 1435): Info (704,0)
D/MediaPlayerService(  744): [8] notify (0x522e8, 200, 704, 0)
D/MstarPlayer(  744): percent: 0
W/MediaPlayer( 1435): info/warning (704, 0)
I/MediaPlayer.java( 1435): Info (704,0)
D/dalvikvm( 1505): GC_CONCURRENT freed 390K, 78% free 1364K/6019K, paused 1ms+2ms
D/MediaPlayerService(  744): [8] notify (0x522e8, 200, 704, 0)
D/MstarPlayer(  744): percent: 0
W/MediaPlayer( 1435): info/warning (704, 0)
I/MediaPlayer.java( 1435): Info (704,0)
D/MediaPlayerService(  744): [8] notify (0x522e8, 200, 704, 0)
D/MstarPlayer(  744): percent: 0
W/MediaPlayer( 1435): info/warning (704, 0)
I/MediaPlayer.java( 1435): Info (704,0)
D/MediaPlayerService(  744): [8] notify (0x522e8, 200, 704, 0)
D/MstarPlayer(  744): percent: 0
W/MediaPlayer( 1435): info/warning (704, 0)
I/MediaPlayer.java( 1435): Info (704,0)
D/dalvikvm( 1505): GC_CONCURRENT freed 425K, 77% free 1439K/6019K, paused 2ms+1ms
D/MediaPlayerService(  744): [8] notify (0x522e8, 200, 704, 0)
D/MstarPlayer(  744): percent: 0
W/MediaPlayer( 1435): info/warning (704, 0)
I/MediaPlayer.java( 1435): Info (704,0)
D/Downloader(  744): Content-Length: 172
D/Downloader(  744): 
D/Downloader(  744): Downloadserver bandWidth:3106
D/Downloader(  744): Downloadserver bandWidth:3106
D/Downloader(  744): Downloadserver bandWidth:3106
D/Downloader(  744): Downloadserver bandWidth:3106
D/MediaPlayerService(  744): [8] notify (0x522e8, 200, 704, 0)
D/MstarPlayer(  744): percent: 0
W/MediaPlayer( 1435): info/warning (704, 0)
I/MediaPlayer.java( 1435): Info (704,0)
D/DataSource_M3U8(  744): u32HLSSreamNum[0]===>u32BandWidth:1200000 
D/DataSource_M3U8(  744): getHLSPlayListInex  DownloadBandWidth:3106   uInDex=0
D/DataSource_M3U8(  744): [M3U8] checkShouldStartNext :[117](172/172)   sequence:0  start next:118  
D/DataSource_M3U8(  744): 
D/DataSource_M3U8(  744): 
D/DataSource_M3U8(  744): 
D/DataSource_M3U8(  744): [M3U8]-7----->This :0x30fd0 --> post cmd for start next url:http://cibn-iss1.longvisionmedia.com:8088/vod/CIBN2013_CIBN2113040100001913_12001300/118.ts, knowedFileSize:0, mCurDowningIndex:117
D/DataSource_M3U8(  744): 
D/DataSource_M3U8(  744): 
D/Downloader(  744): [downloadThread]Downloader::removeTask  
D/Downloader(  744): [downloadThread]task have range string:0- 
D/MediaPlayerService(  744): [8] notify (0x522e8, 3, 27, 0)
D/MediaPlayerService(  744): [8] notify (0x522e8, 200, 704, 0)
D/MstarPlayer(  744): percent: 0
W/MediaPlayer( 1435): info/warning (704, 0)
I/MediaPlayer.java( 1435): Info (704,0)
D/dalvikvm( 1505): GC_CONCURRENT freed 512K, 78% free 1361K/6019K, paused 1ms+1ms
D/MediaPlayerService(  744): [8] notify (0x522e8, 200, 704, 0)
D/MstarPlayer(  744): percent: 0
W/MediaPlayer( 1435): info/warning (704, 0)
I/MediaPlayer.java( 1435): Info (704,0)
D/MediaPlayerService(  744): [8] notify (0x522e8, 200, 704, 0)
D/MstarPlayer(  744): percent: 0
W/MediaPlayer( 1435): info/warning (704, 0)
I/MediaPlayer.java( 1435): Info (704,0)
D/dalvikvm( 1505): GC_CONCURRENT freed 429K, 77% free 1385K/6019K, paused 1ms+1ms
D/MediaPlayerService(  744): [8] notify (0x522e8, 200, 704, 0)
D/MstarPlayer(  744): percent: 0
W/MediaPlayer( 1435): info/warning (704, 0)
I/MediaPlayer.java( 1435): Info (704,0)
D/MediaPlayerService(  744): [8] notify (0x522e8, 200, 704, 0)
D/MstarPlayer(  744): percent: 0
W/MediaPlayer( 1435): info/warning (704, 0)
I/MediaPlayer.java( 1435): Info (704,0)
D/dalvikvm( 1505): GC_CONCURRENT freed 446K, 77% free 1442K/6019K, paused 1ms+1ms
D/MediaPlayerService(  744): [8] notify (0x522e8, 200, 704, 0)
D/MstarPlayer(  744): percent: 0
W/MediaPlayer( 1435): info/warning (704, 0)
I/MediaPlayer.java( 1435): Info (704,0)
D/MediaPlayerService(  744): [8] notify (0x522e8, 200, 704, 0)
D/MstarPlayer(  744): percent: 0
W/MediaPlayer( 1435): info/warning (704, 0)
I/MediaPlayer.java( 1435): Info (704,0)
D/MediaPlayerService(  744): [8] notify (0x522e8, 200, 704, 0)
D/MstarPlayer(  744): percent: 0
W/MediaPlayer( 1435): info/warning (704, 0)
I/MediaPlayer.java( 1435): Info (704,0)
D/DataSource_M3U8(  744): 
D/DataSource_M3U8(  744):  Warnig::  getValidBufferLength()  <  Codec require !!!
D/MediaPlayerService(  744): [8] notify (0x522e8, 200, 704, 0)
D/MstarPlayer(  744): percent: 0
W/MediaPlayer( 1435): info/warning (704, 0)
I/MediaPlayer.java( 1435): Info (704,0)
D/dalvikvm( 1505): GC_CONCURRENT freed 497K, 77% free 1418K/6019K, paused 1ms+1ms
D/MediaPlayerService(  744): [8] notify (0x522e8, 200, 704, 0)
D/MstarPlayer(  744): percent: 0
W/MediaPlayer( 1435): info/warning (704, 0)
I/MediaPlayer.java( 1435): Info (704,0)
D/MediaPlayerService(  744): [8] notify (0x522e8, 200, 704, 0)
D/MstarPlayer(  744): percent: 0
W/MediaPlayer( 1435): info/warning (704, 0)
I/MediaPlayer.java( 1435): Info (704,0)
D/MediaPlayerService(  744): [8] notify (0x522e8, 200, 704, 0)
D/MstarPlayer(  744): percent: 0
D/Downloader(  744): Content-Length: 172
D/Downloader(  744): 
D/Downloader(  744): Downloadserver bandWidth:2380
D/Downloader(  744): Downloadserver bandWidth:2380
D/Downloader(  744): Downloadserver bandWidth:2380
D/Downloader(  744): Downloadserver bandWidth:2380
W/MediaPlayer( 1435): info/warning (704, 0)
I/MediaPlayer.java( 1435): Info (704,0)
D/dalvikvm( 1505): GC_CONCURRENT freed 474K, 77% free 1430K/6019K, paused 1ms+3ms
D/MediaPlayerService(  744): [8] notify (0x522e8, 200, 704, 0)
D/MstarPlayer(  744): percent: 0
W/MediaPlayer( 1435): info/warning (704, 0)
I/MediaPlayer.java( 1435): Info (704,0)
D/MediaPlayerService(  744): [8] notify (0x522e8, 200, 704, 0)
D/MstarPlayer(  744): percent: 0
W/MediaPlayer( 1435): info/warning (704, 0)
I/MediaPlayer.java( 1435): Info (704,0)
D/MediaPlayerService(  744): [8] notify (0x522e8, 200, 704, 0)
D/MstarPlayer(  744): percent: 0
W/MediaPlayer( 1435): info/warning (704, 0)
I/MediaPlayer.java( 1435): Info (704,0)
D/dalvikvm( 1505): GC_CONCURRENT freed 504K, 77% free 1393K/6019K, paused 1ms+1ms
D/MediaPlayerService(  744): [8] notify (0x522e8, 200, 704, 0)
D/MstarPlayer(  744): percent: 0
W/MediaPlayer( 1435): info/warning (704, 0)
I/MediaPlayer.java( 1435): Info (704,0)
D/MediaPlayerService(  744): [8] notify (0x522e8, 200, 704, 0)
D/MstarPlayer(  744): percent: 0
W/MediaPlayer( 1435): info/warning (704, 0)
I/MediaPlayer.java( 1435): Info (704,0)
D/MediaPlayerService(  744): [8] notify (0x522e8, 200, 704, 0)
D/MstarPlayer(  744): percent: 0
W/MediaPlayer( 1435): info/warning (704, 0)
I/MediaPlayer.java( 1435): Info (704,0)
D/MediaPlayerService(  744): [8] notify (0x522e8, 200, 704, 0)
D/MstarPlayer(  744): percent: 0
W/MediaPlayer( 1435): info/warning (704, 0)
I/MediaPlayer.java( 1435): Info (704,0)
D/MediaPlayerService(  744): [8] notify (0x522e8, 200, 704, 0)
D/MstarPlayer(  744): percent: 0
W/MediaPlayer( 1435): info/warning (704, 0)
I/MediaPlayer.java( 1435): Info (704,0)
D/dalvikvm( 1505): GC_CONCURRENT freed 459K, 77% free 1429K/6019K, paused 2ms+1ms
D/DataSource_M3U8(  744): u32HLSSreamNum[0]===>u32BandWidth:1200000 
D/DataSource_M3U8(  744): getHLSPlayListInex  DownloadBandWidth:2380   uInDex=0
D/DataSource_M3U8(  744): [M3U8] checkShouldStartNext :[118](172/172)   sequence:0  start next:119  
D/DataSource_M3U8(  744): 
D/DataSource_M3U8(  744): 
D/DataSource_M3U8(  744): 
D/DataSource_M3U8(  744): [M3U8]-7----->This :0x30fd0 --> post cmd for start next url:http://cibn-iss1.longvisionmedia.com:8088/vod/CIBN2013_CIBN2113040100001913_12001300/119.ts, knowedFileSize:0, mCurDowningIndex:118
D/DataSource_M3U8(  744): 
D/DataSource_M3U8(  744): 
D/Downloader(  744): [downloadThread]Downloader::removeTask  
D/Downloader(  744): [downloadThread]task have range string:0- 
D/MediaPlayerService(  744): [8] notify (0x522e8, 200, 704, 0)
D/MstarPlayer(  744): percent: 0
W/MediaPlayer( 1435): info/warning (704, 0)
I/MediaPlayer.java( 1435): Info (704,0)
D/MediaPlayerService(  744): [8] notify (0x522e8, 200, 704, 0)
D/MstarPlayer(  744): percent: 0
W/MediaPlayer( 1435): info/warning (704, 0)
I/MediaPlayer.java( 1435): Info (704,0)
D/MediaPlayerService(  744): [8] notify (0x522e8, 200, 704, 0)
D/MstarPlayer(  744): percent: 0
W/MediaPlayer( 1435): info/warning (704, 0)
I/MediaPlayer.java( 1435): Info (704,0)
D/dalvikvm( 1505): GC_CONCURRENT freed 491K, 77% free 1417K/6019K, paused 1ms+1ms
D/MediaPlayerService(  744): [8] notify (0x522e8, 200, 704, 0)
D/MstarPlayer(  744): percent: 0
W/MediaPlayer( 1435): info/warning (704, 0)
I/MediaPlayer.java( 1435): Info (704,0)
D/MediaPlayerService(  744): [8] notify (0x522e8, 200, 704, 0)
D/MstarPlayer(  744): percent: 0
W/MediaPlayer( 1435): info/warning (704, 0)
I/MediaPlayer.java( 1435): Info (704,0)
D/MediaPlayerService(  744): [8] notify (0x522e8, 200, 704, 0)
D/MstarPlayer(  744): percent: 0
W/MediaPlayer( 1435): info/warning (704, 0)
I/MediaPlayer.java( 1435): Info (704,0)
D/dalvikvm( 1505): GC_CONCURRENT freed 476K, 78% free 1379K/6019K, paused 1ms+1ms
D/MediaPlayerService(  744): [8] notify (0x522e8, 200, 704, 0)
D/MstarPlayer(  744): percent: 0
W/MediaPlayer( 1435): info/warning (704, 0)
I/MediaPlayer.java( 1435): Info (704,0)
D/MediaPlayerService(  744): [8] notify (0x522e8, 200, 704, 0)
D/MstarPlayer(  744): percent: 0
W/MediaPlayer( 1435): info/warning (704, 0)
I/MediaPlayer.java( 1435): Info (704,0)
D/DataSource_M3U8(  744): 
D/DataSource_M3U8(  744):  Warnig::  getValidBufferLength()  <  Codec require !!!
D/Downloader(  744): Content-Length: 172
D/Downloader(  744): 
D/Downloader(  744): Downloadserver bandWidth:3252
D/Downloader(  744): Downloadserver bandWidth:3252
D/Downloader(  744): Downloadserver bandWidth:3252
D/Downloader(  744): Downloadserver bandWidth:3252
D/MediaPlayerService(  744): [8] notify (0x522e8, 200, 704, 0)
D/MstarPlayer(  744): percent: 0
W/MediaPlayer( 1435): info/warning (704, 0)
I/MediaPlayer.java( 1435): Info (704,0)
D/MediaPlayerService(  744): [8] notify (0x522e8, 200, 704, 0)
D/MstarPlayer(  744): percent: 0
W/MediaPlayer( 1435): info/warning (704, 0)
I/MediaPlayer.java( 1435): Info (704,0)
D/DataSource_M3U8(  744): u32HLSSreamNum[0]===>u32BandWidth:1200000 
D/DataSource_M3U8(  744): getHLSPlayListInex  DownloadBandWidth:3252   uInDex=0
D/DataSource_M3U8(  744): [M3U8] checkShouldStartNext :[119](172/172)   sequence:0  start next:120  
D/DataSource_M3U8(  744): 
D/DataSource_M3U8(  744): 
D/DataSource_M3U8(  744): 
D/DataSource_M3U8(  744): [M3U8]-7----->This :0x30fd0 --> post cmd for start next url:http://cibn-iss1.longvisionmedia.com:8088/vod/CIBN2013_CIBN2113040100001913_12001300/120.ts, knowedFileSize:0, mCurDowningIndex:119
D/DataSource_M3U8(  744): 
D/DataSource_M3U8(  744): 
D/Downloader(  744): [downloadThread]Downloader::removeTask  
D/Downloader(  744): [downloadThread]task have range string:0- 
D/MediaPlayerService(  744): [8] notify (0x522e8, 200, 704, 0)
D/MstarPlayer(  744): percent: 0
W/MediaPlayer( 1435): info/warning (704, 0)
I/MediaPlayer.java( 1435): Info (704,0)
D/MediaPlayerService(  744): [8] notify (0x522e8, 200, 704, 0)
D/MstarPlayer(  744): percent: 0
W/MediaPlayer( 1435): info/warning (704, 0)
I/MediaPlayer.java( 1435): Info (704,0)
D/MediaPlayerService(  744): [8] notify (0x522e8, 200, 704, 0)
D/MstarPlayer(  744): percent: 0
W/MediaPlayer( 1435): info/warning (704, 0)
I/MediaPlayer.java( 1435): Info (704,0)
D/MediaPlayerService(  744): [8] notify (0x522e8, 200, 704, 0)
D/MstarPlayer(  744): percent: 0
W/MediaPlayer( 1435): info/warning (704, 0)
I/MediaPlayer.java( 1435): Info (704,0)
D/MediaPlayerService(  744): [8] notify (0x522e8, 200, 704, 0)
D/MstarPlayer(  744): percent: 0
W/MediaPlayer( 1435): info/warning (704, 0)
I/MediaPlayer.java( 1435): Info (704,0)
D/MediaPlayerService(  744): [8] notify (0x522e8, 200, 704, 0)
D/MstarPlayer(  744): percent: 0
W/MediaPlayer( 1435): info/warning (704, 0)
I/MediaPlayer.java( 1435): Info (704,0)
D/MediaPlayerService(  744): [8] notify (0x522e8, 200, 704, 0)
D/MstarPlayer(  744): percent: 0
W/MediaPlayer( 1435): info/warning (704, 0)
I/MediaPlayer.java( 1435): Info (704,0)
D/MediaPlayerService(  744): [8] notify (0x522e8, 200, 704, 0)
D/MstarPlayer(  744): percent: 0
W/MediaPlayer( 1435): info/warning (704, 0)
I/MediaPlayer.java( 1435): Info (704,0)
D/Downloader(  744): Content-Length: 172
D/Downloader(  744): 
D/Downloader(  744): Downloadserver bandWidth:3222
D/Downloader(  744): Downloadserver bandWidth:3214
D/Downloader(  744): Downloadserver bandWidth:3214
D/Downloader(  744): Downloadserver bandWidth:3214
D/MediaPlayerService(  744): [8] notify (0x522e8, 200, 704, 0)
D/MstarPlayer(  744): percent: 0
W/MediaPlayer( 1435): info/warning (704, 0)
I/MediaPlayer.java( 1435): Info (704,0)
D/MediaPlayerService(  744): [8] notify (0x522e8, 200, 704, 0)
D/MstarPlayer(  744): percent: 0
W/MediaPlayer( 1435): info/warning (704, 0)
I/MediaPlayer.java( 1435): Info (704,0)
D/DataSource_M3U8(  744): u32HLSSreamNum[0]===>u32BandWidth:1200000 
D/DataSource_M3U8(  744): getHLSPlayListInex  DownloadBandWidth:3214   uInDex=0
D/DataSource_M3U8(  744): [M3U8] checkShouldStartNext :[120](172/172)   sequence:0  start next:121  
D/DataSource_M3U8(  744): 
D/DataSource_M3U8(  744): 
D/DataSource_M3U8(  744): 
D/DataSource_M3U8(  744): [M3U8]-7----->This :0x30fd0 --> post cmd for start next url:http://cibn-iss1.longvisionmedia.com:8088/vod/CIBN2013_CIBN2113040100001913_12001300/121.ts, knowedFileSize:0, mCurDowningIndex:120
D/DataSource_M3U8(  744): 
D/DataSource_M3U8(  744): 
D/Downloader(  744): [downloadThread]Downloader::removeTask  
D/Downloader(  744): [downloadThread]task have range string:0- 
D/MediaPlayerService(  744): [8] notify (0x522e8, 200, 704, 0)
D/MstarPlayer(  744): percent: 0
W/MediaPlayer( 1435): info/warning (704, 0)
I/MediaPlayer.java( 1435): Info (704,0)
D/MediaPlayerService(  744): [8] notify (0x522e8, 200, 704, 0)
D/MstarPlayer(  744): percent: 0
W/MediaPlayer( 1435): info/warning (704, 0)
I/MediaPlayer.java( 1435): Info (704,0)
D/MediaPlayerService(  744): [8] notify (0x522e8, 200, 704, 0)
D/MstarPlayer(  744): percent: 0
W/MediaPlayer( 1435): info/warning (704, 0)
I/MediaPlayer.java( 1435): Info (704,0)
D/MediaPlayerService(  744): [8] notify (0x522e8, 200, 704, 0)
D/MstarPlayer(  744): percent: 0
W/MediaPlayer( 1435): info/warning (704, 0)
I/MediaPlayer.java( 1435): Info (704,0)
D/MediaPlayerService(  744): [8] notify (0x522e8, 200, 704, 0)
D/MstarPlayer(  744): percent: 0
W/MediaPlayer( 1435): info/warning (704, 0)
I/MediaPlayer.java( 1435): Info (704,0)
D/MediaPlayerService(  744): [8] notify (0x522e8, 200, 704, 0)
D/MstarPlayer(  744): percent: 0
W/MediaPlayer( 1435): info/warning (704, 0)
I/MediaPlayer.java( 1435): Info (704,0)
D/MediaPlayerService(  744): [8] notify (0x522e8, 200, 704, 0)
D/MstarPlayer(  744): percent: 0
W/MediaPlayer( 1435): info/warning (704, 0)
I/MediaPlayer.java( 1435): Info (704,0)
D/DataSource_M3U8(  744): 
D/DataSource_M3U8(  744):  Warnig::  getValidBufferLength()  <  Codec require !!!
D/MediaPlayerService(  744): [8] notify (0x522e8, 200, 704, 0)
D/MstarPlayer(  744): percent: 0
W/MediaPlayer( 1435): info/warning (704, 0)
I/MediaPlayer.java( 1435): Info (704,0)
D/MediaPlayerService(  744): [8] notify (0x522e8, 200, 704, 0)
D/MstarPlayer(  744): percent: 0
W/MediaPlayer( 1435): info/warning (704, 0)
I/MediaPlayer.java( 1435): Info (704,0)
D/Downloader(  744): Content-Length: 172
D/Downloader(  744): 
D/Downloader(  744): Downloadserver bandWidth:2991
D/Downloader(  744): Downloadserver bandWidth:2991
D/Downloader(  744): Downloadserver bandWidth:2991
D/Downloader(  744): Downloadserver bandWidth:2991
D/MediaPlayerService(  744): [8] notify (0x522e8, 200, 704, 0)
D/MstarPlayer(  744): percent: 0
W/MediaPlayer( 1435): info/warning (704, 0)
I/MediaPlayer.java( 1435): Info (704,0)
D/DataSource_M3U8(  744): u32HLSSreamNum[0]===>u32BandWidth:1200000 
D/DataSource_M3U8(  744): getHLSPlayListInex  DownloadBandWidth:2991   uInDex=0
D/DataSource_M3U8(  744): [M3U8] checkShouldStartNext :[121](172/172)   sequence:0  start next:122  
D/DataSource_M3U8(  744): 
D/DataSource_M3U8(  744): 
D/DataSource_M3U8(  744): 
D/DataSource_M3U8(  744): [M3U8]-7----->This :0x30fd0 --> post cmd for start next url:http://cibn-iss1.longvisionmedia.com:8088/vod/CIBN2013_CIBN2113040100001913_12001300/122.ts, knowedFileSize:0, mCurDowningIndex:121
D/DataSource_M3U8(  744): 
D/DataSource_M3U8(  744): 
D/Downloader(  744): [downloadThread]Downloader::removeTask  
D/Downloader(  744): [downloadThread]task have range string:0- 
D/MediaPlayerService(  744): [8] notify (0x522e8, 3, 28, 0)
D/MediaPlayerService(  744): [8] notify (0x522e8, 200, 704, 0)
D/MstarPlayer(  744): percent: 0
W/MediaPlayer( 1435): info/warning (704, 0)
I/MediaPlayer.java( 1435): Info (704,0)
D/dalvikvm( 1505): GC_CONCURRENT freed 444K, 78% free 1348K/6019K, paused 1ms+1ms
D/MediaPlayerService(  744): [8] notify (0x522e8, 200, 704, 0)
D/MstarPlayer(  744): percent: 0
W/MediaPlayer( 1435): info/warning (704, 0)
I/MediaPlayer.java( 1435): Info (704,0)
D/MediaPlayerService(  744): [8] notify (0x522e8, 200, 704, 0)
D/MstarPlayer(  744): percent: 0
W/MediaPlayer( 1435): info/warning (704, 0)
I/MediaPlayer.java( 1435): Info (704,0)
D/MediaPlayerService(  744): [8] notify (0x522e8, 200, 704, 0)
D/MstarPlayer(  744): percent: 0
W/MediaPlayer( 1435): info/warning (704, 0)
I/MediaPlayer.java( 1435): Info (704,0)
D/dalvikvm( 1505): GC_CONCURRENT freed 408K, 78% free 1332K/6019K, paused 1ms+1ms
D/MediaPlayerService(  744): [8] notify (0x522e8, 200, 704, 0)
D/MstarPlayer(  744): percent: 0
W/MediaPlayer( 1435): info/warning (704, 0)
I/MediaPlayer.java( 1435): Info (704,0)
D/MediaPlayerService(  744): [8] notify (0x522e8, 200, 704, 0)
D/MstarPlayer(  744): percent: 0
W/MediaPlayer( 1435): info/warning (704, 0)
I/MediaPlayer.java( 1435): Info (704,0)
D/MediaPlayerService(  744): [8] notify (0x522e8, 200, 704, 0)
D/MstarPlayer(  744): percent: 0
W/MediaPlayer( 1435): info/warning (704, 0)
I/MediaPlayer.java( 1435): Info (704,0)
D/dalvikvm( 1505): GC_CONCURRENT freed 393K, 78% free 1332K/6019K, paused 1ms+2ms
D/MediaPlayerService(  744): [8] notify (0x522e8, 200, 704, 0)
D/MstarPlayer(  744): percent: 0
W/MediaPlayer( 1435): info/warning (704, 0)
I/MediaPlayer.java( 1435): Info (704,0)
D/MediaPlayerService(  744): [8] notify (0x522e8, 200, 704, 0)
D/MstarPlayer(  744): percent: 0
W/MediaPlayer( 1435): info/warning (704, 0)
I/MediaPlayer.java( 1435): Info (704,0)
D/Downloader(  744): Content-Length: 172
D/Downloader(  744): 
D/Downloader(  744): Downloadserver bandWidth:3134
D/Downloader(  744): Downloadserver bandWidth:3134
D/Downloader(  744): Downloadserver bandWidth:3134
D/Downloader(  744): Downloadserver bandWidth:3134
D/MediaPlayerService(  744): [8] notify (0x522e8, 200, 704, 0)
D/MstarPlayer(  744): percent: 0
W/MediaPlayer( 1435): info/warning (704, 0)
I/MediaPlayer.java( 1435): Info (704,0)
D/DataSource_M3U8(  744): u32HLSSreamNum[0]===>u32BandWidth:1200000 
D/DataSource_M3U8(  744): getHLSPlayListInex  DownloadBandWidth:3134   uInDex=0
D/DataSource_M3U8(  744): [M3U8] checkShouldStartNext :[122](172/172)   sequence:0  start next:123  
D/DataSource_M3U8(  744): 
D/DataSource_M3U8(  744): 
D/DataSource_M3U8(  744): 
D/DataSource_M3U8(  744): [M3U8]-7----->This :0x30fd0 --> post cmd for start next url:http://cibn-iss1.longvisionmedia.com:8088/vod/CIBN2013_CIBN2113040100001913_12001300/123.ts, knowedFileSize:0, mCurDowningIndex:122
D/DataSource_M3U8(  744): 
D/DataSource_M3U8(  744): 
D/Downloader(  744): [downloadThread]Downloader::removeTask  
D/Downloader(  744): [downloadThread]task have range string:0- 
D/dalvikvm( 1505): GC_CONCURRENT freed 393K, 78% free 1332K/6019K, paused 1ms+1ms
D/MediaPlayerService(  744): [8] notify (0x522e8, 200, 704, 0)
D/MstarPlayer(  744): percent: 0
W/MediaPlayer( 1435): info/warning (704, 0)
I/MediaPlayer.java( 1435): Info (704,0)
D/MediaPlayerService(  744): [8] notify (0x522e8, 200, 704, 0)
D/MstarPlayer(  744): percent: 0
W/MediaPlayer( 1435): info/warning (704, 0)
I/MediaPlayer.java( 1435): Info (704,0)
D/MediaPlayerService(  744): [8] notify (0x522e8, 200, 704, 0)
D/MstarPlayer(  744): percent: 0
W/MediaPlayer( 1435): info/warning (704, 0)
I/MediaPlayer.java( 1435): Info (704,0)
D/MediaPlayerService(  744): [8] notify (0x522e8, 200, 704, 0)
D/MstarPlayer(  744): percent: 0
W/MediaPlayer( 1435): info/warning (704, 0)
I/MediaPlayer.java( 1435): Info (704,0)
D/dalvikvm( 1505): GC_CONCURRENT freed 394K, 77% free 1398K/6019K, paused 1ms+1ms
D/MediaPlayerService(  744): [8] notify (0x522e8, 200, 704, 0)
D/MstarPlayer(  744): percent: 0
W/MediaPlayer( 1435): info/warning (704, 0)
I/MediaPlayer.java( 1435): Info (704,0)
D/MediaPlayerService(  744): [8] notify (0x522e8, 200, 704, 0)
D/MstarPlayer(  744): percent: 0
W/MediaPlayer( 1435): info/warning (704, 0)
I/MediaPlayer.java( 1435): Info (704,0)
D/MediaPlayerService(  744): [8] notify (0x522e8, 200, 704, 0)
D/MstarPlayer(  744): percent: 0
W/MediaPlayer( 1435): info/warning (704, 0)
I/MediaPlayer.java( 1435): Info (704,0)
D/DataSource_M3U8(  744): 
D/DataSource_M3U8(  744):  Warnig::  getValidBufferLength()  <  Codec require !!!
D/MediaPlayerService(  744): [8] notify (0x522e8, 200, 704, 0)
D/MstarPlayer(  744): percent: 0
W/MediaPlayer( 1435): info/warning (704, 0)
I/MediaPlayer.java( 1435): Info (704,0)
D/dalvikvm( 1505): GC_CONCURRENT freed 475K, 78% free 1338K/6019K, paused 1ms+2ms
D/MediaPlayerService(  744): [8] notify (0x522e8, 200, 704, 0)
D/MstarPlayer(  744): percent: 0
W/MediaPlayer( 1435): info/warning (704, 0)
I/MediaPlayer.java( 1435): Info (704,0)
D/Downloader(  744): Content-Length: 172
D/Downloader(  744): 
D/Downloader(  744): Downloadserver bandWidth:3200
D/Downloader(  744): Downloadserver bandWidth:3200
D/Downloader(  744): Downloadserver bandWidth:3200
D/Downloader(  744): Downloadserver bandWidth:3200
D/MediaPlayerService(  744): [8] notify (0x522e8, 200, 704, 0)
D/MstarPlayer(  744): percent: 0
W/MediaPlayer( 1435): info/warning (704, 0)
I/MediaPlayer.java( 1435): Info (704,0)
D/DataSource_M3U8(  744): u32HLSSreamNum[0]===>u32BandWidth:1200000 
D/DataSource_M3U8(  744): getHLSPlayListInex  DownloadBandWidth:3200   uInDex=0
D/DataSource_M3U8(  744): [M3U8] checkShouldStartNext :[123](172/172)   sequence:0  start next:124  
D/DataSource_M3U8(  744): 
D/DataSource_M3U8(  744): 
D/DataSource_M3U8(  744): 
D/DataSource_M3U8(  744): [M3U8]-7----->This :0x30fd0 --> post cmd for start next url:http://cibn-iss1.longvisionmedia.com:8088/vod/CIBN2013_CIBN2113040100001913_12001300/124.ts, knowedFileSize:0, mCurDowningIndex:123
D/DataSource_M3U8(  744): 
D/DataSource_M3U8(  744): 
D/Downloader(  744): [downloadThread]Downloader::removeTask  
D/Downloader(  744): [downloadThread]task have range string:0- 
D/MediaPlayerService(  744): [8] notify (0x522e8, 200, 704, 0)
D/MstarPlayer(  744): percent: 0
W/MediaPlayer( 1435): info/warning (704, 0)
I/MediaPlayer.java( 1435): Info (704,0)
D/MediaPlayerService(  744): [8] notify (0x522e8, 200, 704, 0)
D/MstarPlayer(  744): percent: 0
W/MediaPlayer( 1435): info/warning (704, 0)
I/MediaPlayer.java( 1435): Info (704,0)
D/MediaPlayerService(  744): [8] notify (0x522e8, 200, 704, 0)
D/MstarPlayer(  744): percent: 0
W/MediaPlayer( 1435): info/warning (704, 0)
I/MediaPlayer.java( 1435): Info (704,0)
D/MediaPlayerService(  744): [8] notify (0x522e8, 200, 704, 0)
D/MstarPlayer(  744): percent: 0
W/MediaPlayer( 1435): info/warning (704, 0)
I/MediaPlayer.java( 1435): Info (704,0)
D/MediaPlayerService(  744): [8] notify (0x522e8, 200, 704, 0)
D/MstarPlayer(  744): percent: 0
W/MediaPlayer( 1435): info/warning (704, 0)
I/MediaPlayer.java( 1435): Info (704,0)
D/MediaPlayerService(  744): [8] notify (0x522e8, 200, 704, 0)
D/MstarPlayer(  744): percent: 0
W/MediaPlayer( 1435): info/warning (704, 0)
I/MediaPlayer.java( 1435): Info (704,0)
D/MediaPlayerService(  744): [8] notify (0x522e8, 200, 704, 0)
D/MstarPlayer(  744): percent: 0
W/MediaPlayer( 1435): info/warning (704, 0)
I/MediaPlayer.java( 1435): Info (704,0)
D/MediaPlayerService(  744): [8] notify (0x522e8, 200, 704, 0)
D/MstarPlayer(  744): percent: 0
W/MediaPlayer( 1435): info/warning (704, 0)
I/MediaPlayer.java( 1435): Info (704,0)
D/MediaPlayerService(  744): [8] notify (0x522e8, 200, 704, 0)
D/MstarPlayer(  744): percent: 0
W/MediaPlayer( 1435): info/warning (704, 0)
I/MediaPlayer.java( 1435): Info (704,0)
D/Downloader(  744): Content-Length: 172
D/Downloader(  744): 
D/Downloader(  744): Downloadserver bandWidth:3120
D/Downloader(  744): Downloadserver bandWidth:3120
D/Downloader(  744): Downloadserver bandWidth:3113
D/Downloader(  744): Downloadserver bandWidth:3113
D/MediaPlayerService(  744): [8] notify (0x522e8, 200, 704, 0)
D/MstarPlayer(  744): percent: 0
W/MediaPlayer( 1435): info/warning (704, 0)
I/MediaPlayer.java( 1435): Info (704,0)
D/DataSource_M3U8(  744): u32HLSSreamNum[0]===>u32BandWidth:1200000 
D/DataSource_M3U8(  744): getHLSPlayListInex  DownloadBandWidth:3113   uInDex=0
D/DataSource_M3U8(  744): [M3U8] checkShouldStartNext :[124](172/172)   sequence:0  start next:125  
D/DataSource_M3U8(  744): 
D/DataSource_M3U8(  744): 
D/DataSource_M3U8(  744): 
D/DataSource_M3U8(  744): [M3U8]-7----->This :0x30fd0 --> post cmd for start next url:http://cibn-iss1.longvisionmedia.com:8088/vod/CIBN2013_CIBN2113040100001913_12001300/125.ts, knowedFileSize:0, mCurDowningIndex:124
D/DataSource_M3U8(  744): 
D/DataSource_M3U8(  744): 
D/Downloader(  744): [downloadThread]Downloader::removeTask  
D/Downloader(  744): [downloadThread]task have range string:0- 
D/MediaPlayerService(  744): [8] notify (0x522e8, 200, 704, 0)
D/MstarPlayer(  744): percent: 0
W/MediaPlayer( 1435): info/warning (704, 0)
I/MediaPlayer.java( 1435): Info (704,0)
D/MediaPlayerService(  744): [8] notify (0x522e8, 200, 704, 0)
D/MstarPlayer(  744): percent: 0
W/MediaPlayer( 1435): info/warning (704, 0)
I/MediaPlayer.java( 1435): Info (704,0)
D/MediaPlayerService(  744): [8] notify (0x522e8, 200, 704, 0)
D/MstarPlayer(  744): percent: 0
W/MediaPlayer( 1435): info/warning (704, 0)
I/MediaPlayer.java( 1435): Info (704,0)
D/MediaPlayerService(  744): [8] notify (0x522e8, 200, 704, 0)
D/MstarPlayer(  744): percent: 0
W/MediaPlayer( 1435): info/warning (704, 0)
I/MediaPlayer.java( 1435): Info (704,0)
D/MediaPlayerService(  744): [8] notify (0x522e8, 200, 704, 0)
D/MstarPlayer(  744): percent: 0
W/MediaPlayer( 1435): info/warning (704, 0)
I/MediaPlayer.java( 1435): Info (704,0)
D/MediaPlayerService(  744): [8] notify (0x522e8, 200, 704, 0)
D/MstarPlayer(  744): percent: 0
W/MediaPlayer( 1435): info/warning (704, 0)
I/MediaPlayer.java( 1435): Info (704,0)
D/MediaPlayerService(  744): [8] notify (0x522e8, 200, 704, 0)
D/MstarPlayer(  744): percent: 0
W/MediaPlayer( 1435): info/warning (704, 0)
I/MediaPlayer.java( 1435): Info (704,0)
D/DataSource_M3U8(  744): 
D/DataSource_M3U8(  744):  Warnig::  getValidBufferLength()  <  Codec require !!!
D/MediaPlayerService(  744): [8] notify (0x522e8, 200, 704, 0)
D/MstarPlayer(  744): percent: 0
W/MediaPlayer( 1435): info/warning (704, 0)
I/MediaPlayer.java( 1435): Info (704,0)
D/MediaPlayerService(  744): [8] notify (0x522e8, 200, 704, 0)
D/MstarPlayer(  744): percent: 0
W/MediaPlayer( 1435): info/warning (704, 0)
I/MediaPlayer.java( 1435): Info (704,0)
D/MediaPlayerService(  744): [8] notify (0x522e8, 200, 704, 0)
D/MstarPlayer(  744): percent: 0
W/MediaPlayer( 1435): info/warning (704, 0)
I/MediaPlayer.java( 1435): Info (704,0)
D/MediaPlayerService(  744): [8] notify (0x522e8, 200, 704, 0)
D/MstarPlayer(  744): percent: 0
W/MediaPlayer( 1435): info/warning (704, 0)
I/MediaPlayer.java( 1435): Info (704,0)
D/MediaPlayerService(  744): [8] notify (0x522e8, 200, 704, 0)
D/MstarPlayer(  744): percent: 0
W/MediaPlayer( 1435): info/warning (704, 0)
I/MediaPlayer.java( 1435): Info (704,0)
D/MediaPlayerService(  744): [8] notify (0x522e8, 200, 704, 0)
D/MstarPlayer(  744): percent: 0
W/MediaPlayer( 1435): info/warning (704, 0)
I/MediaPlayer.java( 1435): Info (704,0)
D/Downloader(  744): Content-Length: 172
D/Downloader(  744): 
D/Downloader(  744): Downloadserver bandWidth:2160
D/Downloader(  744): Downloadserver bandWidth:2160
D/Downloader(  744): Downloadserver bandWidth:2160
D/Downloader(  744): Downloadserver bandWidth:2160
D/MediaPlayerService(  744): [8] notify (0x522e8, 200, 704, 0)
D/MstarPlayer(  744): percent: 0
W/MediaPlayer( 1435): info/warning (704, 0)
I/MediaPlayer.java( 1435): Info (704,0)
D/MediaPlayerService(  744): [8] notify (0x522e8, 200, 704, 0)
D/MstarPlayer(  744): percent: 0
W/MediaPlayer( 1435): info/warning (704, 0)
I/MediaPlayer.java( 1435): Info (704,0)
D/MediaPlayerService(  744): [8] notify (0x522e8, 200, 704, 0)
D/MstarPlayer(  744): percent: 0
W/MediaPlayer( 1435): info/warning (704, 0)
I/MediaPlayer.java( 1435): Info (704,0)
D/MediaPlayerService(  744): [8] notify (0x522e8, 200, 704, 0)
D/MstarPlayer(  744): percent: 0
W/MediaPlayer( 1435): info/warning (704, 0)
I/MediaPlayer.java( 1435): Info (704,0)
D/MediaPlayerService(  744): [8] notify (0x522e8, 200, 704, 0)
D/MstarPlayer(  744): percent: 0
W/MediaPlayer( 1435): info/warning (704, 0)
I/MediaPlayer.java( 1435): Info (704,0)
D/MediaPlayerService(  744): [8] notify (0x522e8, 200, 704, 0)
D/MstarPlayer(  744): percent: 0
W/MediaPlayer( 1435): info/warning (704, 0)
I/MediaPlayer.java( 1435): Info (704,0)
D/MediaPlayerService(  744): [8] notify (0x522e8, 200, 704, 0)
D/MstarPlayer(  744): percent: 0
W/MediaPlayer( 1435): info/warning (704, 0)
I/MediaPlayer.java( 1435): Info (704,0)
D/DataSource_M3U8(  744): u32HLSSreamNum[0]===>u32BandWidth:1200000 
D/DataSource_M3U8(  744): getHLSPlayListInex  DownloadBandWidth:2160   uInDex=0
D/DataSource_M3U8(  744): [M3U8] checkShouldStartNext :[125](172/172)   sequence:0  start next:126  
D/DataSource_M3U8(  744): 
D/DataSource_M3U8(  744): 
D/DataSource_M3U8(  744): 
D/DataSource_M3U8(  744): [M3U8]-7----->This :0x30fd0 --> post cmd for start next url:http://cibn-iss1.longvisionmedia.com:8088/vod/CIBN2013_CIBN2113040100001913_12001300/126.ts, knowedFileSize:0, mCurDowningIndex:125
D/DataSource_M3U8(  744): 
D/DataSource_M3U8(  744): 
D/Downloader(  744): [downloadThread]Downloader::removeTask  
D/Downloader(  744): [downloadThread]task have range string:0- 
D/MediaPlayerService(  744): [8] notify (0x522e8, 200, 704, 0)
D/MstarPlayer(  744): percent: 0
W/MediaPlayer( 1435): info/warning (704, 0)
I/MediaPlayer.java( 1435): Info (704,0)
D/MediaPlayerService(  744): [8] notify (0x522e8, 200, 704, 0)
D/MstarPlayer(  744): percent: 0
W/MediaPlayer( 1435): info/warning (704, 0)
I/MediaPlayer.java( 1435): Info (704,0)
D/MediaPlayerService(  744): [8] notify (0x522e8, 200, 704, 0)
D/MstarPlayer(  744): percent: 0
W/MediaPlayer( 1435): info/warning (704, 0)
I/MediaPlayer.java( 1435): Info (704,0)
D/MediaPlayerService(  744): [8] notify (0x522e8, 200, 704, 0)
D/MstarPlayer(  744): percent: 0
W/MediaPlayer( 1435): info/warning (704, 0)
I/MediaPlayer.java( 1435): Info (704,0)
D/MediaPlayerService(  744): [8] notify (0x522e8, 200, 704, 0)
D/MstarPlayer(  744): percent: 0
W/MediaPlayer( 1435): info/warning (704, 0)
I/MediaPlayer.java( 1435): Info (704,0)
D/MediaPlayerService(  744): [8] notify (0x522e8, 200, 704, 0)
D/MstarPlayer(  744): percent: 0
W/MediaPlayer( 1435): info/warning (704, 0)
I/MediaPlayer.java( 1435): Info (704,0)
D/MediaPlayerService(  744): [8] notify (0x522e8, 200, 704, 0)
D/MstarPlayer(  744): percent: 0
W/MediaPlayer( 1435): info/warning (704, 0)
I/MediaPlayer.java( 1435): Info (704,0)
D/DataSource_M3U8(  744): 
D/DataSource_M3U8(  744):  Warnig::  getValidBufferLength()  <  Codec require !!!
D/MediaPlayerService(  744): [8] notify (0x522e8, 200, 704, 0)
D/MstarPlayer(  744): percent: 0
W/MediaPlayer( 1435): info/warning (704, 0)
I/MediaPlayer.java( 1435): Info (704,0)
D/MediaPlayerService(  744): [8] notify (0x522e8, 200, 704, 0)
D/MstarPlayer(  744): percent: 0
W/MediaPlayer( 1435): info/warning (704, 0)
I/MediaPlayer.java( 1435): Info (704,0)
D/MediaPlayerService(  744): [8] notify (0x522e8, 200, 704, 0)
D/MstarPlayer(  744): percent: 0
W/MediaPlayer( 1435): info/warning (704, 0)
I/MediaPlayer.java( 1435): Info (704,0)
D/Downloader(  744): Content-Length: 172
D/Downloader(  744): 
D/Downloader(  744): Downloadserver bandWidth:2757
D/Downloader(  744): Downloadserver bandWidth:2757
D/Downloader(  744): Downloadserver bandWidth:2752
D/Downloader(  744): Downloadserver bandWidth:2752
D/DataSource_M3U8(  744): u32HLSSreamNum[0]===>u32BandWidth:1200000 
D/DataSource_M3U8(  744): getHLSPlayListInex  DownloadBandWidth:2752   uInDex=0
D/DataSource_M3U8(  744): [M3U8] checkShouldStartNext :[126](172/172)   sequence:0  start next:127  
D/DataSource_M3U8(  744): 
D/DataSource_M3U8(  744): 
D/DataSource_M3U8(  744): 
D/DataSource_M3U8(  744): [M3U8]-7----->This :0x30fd0 --> post cmd for start next url:http://cibn-iss1.longvisionmedia.com:8088/vod/CIBN2013_CIBN2113040100001913_12001300/127.ts, knowedFileSize:0, mCurDowningIndex:126
D/DataSource_M3U8(  744): 
D/DataSource_M3U8(  744): 
D/Downloader(  744): [downloadThread]Downloader::removeTask  
D/Downloader(  744): [downloadThread]task have range string:0- 
D/MediaPlayerService(  744): [8] notify (0x522e8, 3, 29, 0)
D/MediaPlayerService(  744): [8] notify (0x522e8, 200, 704, 0)
D/MstarPlayer(  744): percent: 0
W/MediaPlayer( 1435): info/warning (704, 0)
I/MediaPlayer.java( 1435): Info (704,0)
D/MediaPlayerService(  744): [8] notify (0x522e8, 200, 704, 0)
D/MstarPlayer(  744): percent: 0
W/MediaPlayer( 1435): info/warning (704, 0)
I/MediaPlayer.java( 1435): Info (704,0)
D/MediaPlayerService(  744): [8] notify (0x522e8, 200, 704, 0)
D/MstarPlayer(  744): percent: 0
W/MediaPlayer( 1435): info/warning (704, 0)
I/MediaPlayer.java( 1435): Info (704,0)
D/MediaPlayerService(  744): [8] notify (0x522e8, 200, 704, 0)
D/MstarPlayer(  744): percent: 0
W/MediaPlayer( 1435): info/warning (704, 0)
I/MediaPlayer.java( 1435): Info (704,0)
D/MediaPlayerService(  744): [8] notify (0x522e8, 200, 704, 0)
D/MstarPlayer(  744): percent: 0
W/MediaPlayer( 1435): info/warning (704, 0)
I/MediaPlayer.java( 1435): Info (704,0)
D/MediaPlayerService(  744): [8] notify (0x522e8, 200, 704, 0)
D/MstarPlayer(  744): percent: 0
W/MediaPlayer( 1435): info/warning (704, 0)
I/MediaPlayer.java( 1435): Info (704,0)
D/MediaPlayerService(  744): [8] notify (0x522e8, 200, 704, 0)
D/MstarPlayer(  744): percent: 0
W/MediaPlayer( 1435): info/warning (704, 0)
I/MediaPlayer.java( 1435): Info (704,0)
D/MediaPlayerService(  744): [8] notify (0x522e8, 200, 704, 0)
D/MstarPlayer(  744): percent: 0
W/MediaPlayer( 1435): info/warning (704, 0)
I/MediaPlayer.java( 1435): Info (704,0)
D/Downloader(  744): Content-Length: 172
D/Downloader(  744): 
D/Downloader(  744): Downloadserver bandWidth:3621
D/Downloader(  744): Downloadserver bandWidth:3621
D/Downloader(  744): Downloadserver bandWidth:3621
D/Downloader(  744): Downloadserver bandWidth:3611
D/MediaPlayerService(  744): [8] notify (0x522e8, 200, 704, 0)
D/MstarPlayer(  744): percent: 0
W/MediaPlayer( 1435): info/warning (704, 0)
I/MediaPlayer.java( 1435): Info (704,0)
D/MediaPlayerService(  744): [8] notify (0x522e8, 200, 704, 0)
D/MstarPlayer(  744): percent: 0
W/MediaPlayer( 1435): info/warning (704, 0)
I/MediaPlayer.java( 1435): Info (704,0)
D/DataSource_M3U8(  744): u32HLSSreamNum[0]===>u32BandWidth:1200000 
D/DataSource_M3U8(  744): getHLSPlayListInex  DownloadBandWidth:3611   uInDex=0
D/DataSource_M3U8(  744): [M3U8] checkShouldStartNext :[127](172/172)   sequence:0  start next:128  
D/DataSource_M3U8(  744): 
D/DataSource_M3U8(  744): 
D/DataSource_M3U8(  744): 
D/DataSource_M3U8(  744): [M3U8]-7----->This :0x30fd0 --> post cmd for start next url:http://cibn-iss1.longvisionmedia.com:8088/vod/CIBN2013_CIBN2113040100001913_12001300/128.ts, knowedFileSize:0, mCurDowningIndex:127
D/DataSource_M3U8(  744): 
D/DataSource_M3U8(  744): 
D/Downloader(  744): [downloadThread]Downloader::removeTask  
D/Downloader(  744): [downloadThread]task have range string:0- 
D/MediaPlayerService(  744): [8] notify (0x522e8, 200, 704, 0)
D/MstarPlayer(  744): percent: 0
W/MediaPlayer( 1435): info/warning (704, 0)
I/MediaPlayer.java( 1435): Info (704,0)
D/MediaPlayerService(  744): [8] notify (0x522e8, 200, 704, 0)
D/MstarPlayer(  744): percent: 0
W/MediaPlayer( 1435): info/warning (704, 0)
I/MediaPlayer.java( 1435): Info (704,0)
D/dalvikvm( 1505): GC_CONCURRENT freed 418K, 77% free 1420K/6019K, paused 1ms+2ms
D/MediaPlayerService(  744): [8] notify (0x522e8, 200, 704, 0)
D/MstarPlayer(  744): percent: 0
W/MediaPlayer( 1435): info/warning (704, 0)
I/MediaPlayer.java( 1435): Info (704,0)
D/MediaPlayerService(  744): [8] notify (0x522e8, 200, 704, 0)
D/MstarPlayer(  744): percent: 0
W/MediaPlayer( 1435): info/warning (704, 0)
I/MediaPlayer.java( 1435): Info (704,0)
D/MediaPlayerService(  744): [8] notify (0x522e8, 200, 704, 0)
D/MstarPlayer(  744): percent: 0
W/MediaPlayer( 1435): info/warning (704, 0)
I/MediaPlayer.java( 1435): Info (704,0)
D/dalvikvm( 1505): GC_CONCURRENT freed 514K, 77% free 1399K/6019K, paused 1ms+1ms
D/MediaPlayerService(  744): [8] notify (0x522e8, 200, 704, 0)
D/MstarPlayer(  744): percent: 0
W/MediaPlayer( 1435): info/warning (704, 0)
I/MediaPlayer.java( 1435): Info (704,0)
D/DataSource_M3U8(  744): 
D/DataSource_M3U8(  744):  Warnig::  getValidBufferLength()  <  Codec require !!!
D/MediaPlayerService(  744): [8] notify (0x522e8, 200, 704, 0)
D/MstarPlayer(  744): percent: 0
W/MediaPlayer( 1435): info/warning (704, 0)
I/MediaPlayer.java( 1435): Info (704,0)
D/MediaPlayerService(  744): [8] notify (0x522e8, 200, 704, 0)
D/MstarPlayer(  744): percent: 0
W/MediaPlayer( 1435): info/warning (704, 0)
I/MediaPlayer.java( 1435): Info (704,0)
D/dalvikvm( 1505): GC_CONCURRENT freed 476K, 79% free 1315K/6019K, paused 1ms+1ms
D/MediaPlayerService(  744): [8] notify (0x522e8, 200, 704, 0)
D/MstarPlayer(  744): percent: 0
W/MediaPlayer( 1435): info/warning (704, 0)
I/MediaPlayer.java( 1435): Info (704,0)
D/Downloader(  744): Content-Length: 172
D/Downloader(  744): 
D/Downloader(  744): Downloadserver bandWidth:3010
D/Downloader(  744): Downloadserver bandWidth:3010
D/Downloader(  744): Downloadserver bandWidth:3010
D/Downloader(  744): Downloadserver bandWidth:3010
D/MediaPlayerService(  744): [8] notify (0x522e8, 200, 704, 0)
D/MstarPlayer(  744): percent: 0
W/MediaPlayer( 1435): info/warning (704, 0)
I/MediaPlayer.java( 1435): Info (704,0)
D/DataSource_M3U8(  744): u32HLSSreamNum[0]===>u32BandWidth:1200000 
D/DataSource_M3U8(  744): getHLSPlayListInex  DownloadBandWidth:3010   uInDex=0
D/DataSource_M3U8(  744): [M3U8] checkShouldStartNext :[128](172/172)   sequence:0  start next:129  
D/DataSource_M3U8(  744): 
D/DataSource_M3U8(  744): 
D/DataSource_M3U8(  744): 
D/DataSource_M3U8(  744): [M3U8]-7----->This :0x30fd0 --> post cmd for start next url:http://cibn-iss1.longvisionmedia.com:8088/vod/CIBN2013_CIBN2113040100001913_12001300/129.ts, knowedFileSize:0, mCurDowningIndex:128
D/DataSource_M3U8(  744): 
D/DataSource_M3U8(  744): 
D/Downloader(  744): [downloadThread]Downloader::removeTask  
D/Downloader(  744): [downloadThread]task have range string:0- 
D/MediaPlayerService(  744): [8] notify (0x522e8, 200, 704, 0)
D/MstarPlayer(  744): percent: 0
W/MediaPlayer( 1435): info/warning (704, 0)
I/MediaPlayer.java( 1435): Info (704,0)
D/MediaPlayerService(  744): [8] notify (0x522e8, 200, 704, 0)
D/MstarPlayer(  744): percent: 0
W/MediaPlayer( 1435): info/warning (704, 0)
I/MediaPlayer.java( 1435): Info (704,0)
D/MediaPlayerService(  744): [8] notify (0x522e8, 200, 704, 0)
D/MstarPlayer(  744): percent: 0
W/MediaPlayer( 1435): info/warning (704, 0)
I/MediaPlayer.java( 1435): Info (704,0)
D/dalvikvm( 1505): GC_CONCURRENT freed 405K, 77% free 1410K/6019K, paused 1ms+1ms
D/MediaPlayerService(  744): [8] notify (0x522e8, 200, 704, 0)
D/MstarPlayer(  744): percent: 0
W/MediaPlayer( 1435): info/warning (704, 0)
I/MediaPlayer.java( 1435): Info (704,0)
D/MediaPlayerService(  744): [8] notify (0x522e8, 200, 704, 0)
D/MstarPlayer(  744): percent: 0
W/MediaPlayer( 1435): info/warning (704, 0)
I/MediaPlayer.java( 1435): Info (704,0)
D/MediaPlayerService(  744): [8] notify (0x522e8, 200, 704, 0)
D/MstarPlayer(  744): percent: 0
W/MediaPlayer( 1435): info/warning (704, 0)
I/MediaPlayer.java( 1435): Info (704,0)
D/dalvikvm( 1505): GC_CONCURRENT freed 490K, 78% free 1357K/6019K, paused 1ms+1ms
D/MediaPlayerService(  744): [8] notify (0x522e8, 200, 704, 0)
D/MstarPlayer(  744): percent: 0
W/MediaPlayer( 1435): info/warning (704, 0)
I/MediaPlayer.java( 1435): Info (704,0)
D/MediaPlayerService(  744): [8] notify (0x522e8, 200, 704, 0)
D/MstarPlayer(  744): percent: 0
W/MediaPlayer( 1435): info/warning (704, 0)
I/MediaPlayer.java( 1435): Info (704,0)
D/MediaPlayerService(  744): [8] notify (0x522e8, 200, 704, 0)
D/MstarPlayer(  744): percent: 0
W/MediaPlayer( 1435): info/warning (704, 0)
I/MediaPlayer.java( 1435): Info (704,0)
D/MediaPlayerService(  744): [8] notify (0x522e8, 200, 704, 0)
D/MstarPlayer(  744): percent: 0
W/MediaPlayer( 1435): info/warning (704, 0)
I/MediaPlayer.java( 1435): Info (704,0)
D/MediaPlayerService(  744): [8] notify (0x522e8, 200, 704, 0)
D/MstarPlayer(  744): percent: 0
W/MediaPlayer( 1435): info/warning (704, 0)
I/MediaPlayer.java( 1435): Info (704,0)
D/MediaPlayerService(  744): [8] notify (0x522e8, 200, 704, 0)
D/MstarPlayer(  744): percent: 0
W/MediaPlayer( 1435): info/warning (704, 0)
I/MediaPlayer.java( 1435): Info (704,0)
D/MediaPlayerService(  744): [8] notify (0x522e8, 200, 704, 0)
D/MstarPlayer(  744): percent: 0
W/MediaPlayer( 1435): info/warning (704, 0)
I/MediaPlayer.java( 1435): Info (704,0)
D/MediaPlayerService(  744): [8] notify (0x522e8, 200, 704, 0)
D/MstarPlayer(  744): percent: 0
W/MediaPlayer( 1435): info/warning (704, 0)
I/MediaPlayer.java( 1435): Info (704,0)
D/MediaPlayerService(  744): [8] notify (0x522e8, 200, 704, 0)
D/MstarPlayer(  744): percent: 0
W/MediaPlayer( 1435): info/warning (704, 0)
I/MediaPlayer.java( 1435): Info (704,0)
D/MediaPlayerService(  744): [8] notify (0x522e8, 200, 704, 0)
D/MstarPlayer(  744): percent: 0
W/MediaPlayer( 1435): info/warning (704, 0)
I/MediaPlayer.java( 1435): Info (704,0)
D/DataSource_M3U8(  744): 
D/DataSource_M3U8(  744):  Warnig::  getValidBufferLength()  <  Codec require !!!
D/MediaPlayerService(  744): [8] notify (0x522e8, 200, 704, 0)
D/MstarPlayer(  744): percent: 0
W/MediaPlayer( 1435): info/warning (704, 0)
I/MediaPlayer.java( 1435): Info (704,0)
D/MediaPlayerService(  744): [8] notify (0x522e8, 200, 704, 0)
D/MstarPlayer(  744): percent: 0
W/MediaPlayer( 1435): info/warning (704, 0)
I/MediaPlayer.java( 1435): Info (704,0)
D/MediaPlayerService(  744): [8] notify (0x522e8, 200, 704, 0)
D/MstarPlayer(  744): percent: 0
W/MediaPlayer( 1435): info/warning (704, 0)
I/MediaPlayer.java( 1435): Info (704,0)
D/MediaPlayerService(  744): [8] notify (0x522e8, 200, 704, 0)
D/MstarPlayer(  744): percent: 0
W/MediaPlayer( 1435): info/warning (704, 0)
I/MediaPlayer.java( 1435): Info (704,0)
D/MediaPlayerService(  744): [8] notify (0x522e8, 200, 704, 0)
D/MstarPlayer(  744): percent: 0
W/MediaPlayer( 1435): info/warning (704, 0)
I/MediaPlayer.java( 1435): Info (704,0)
D/MediaPlayerService(  744): [8] notify (0x522e8, 200, 704, 0)
D/MstarPlayer(  744): percent: 0
W/MediaPlayer( 1435): info/warning (704, 0)
I/MediaPlayer.java( 1435): Info (704,0)
D/MediaPlayerService(  744): [8] notify (0x522e8, 200, 704, 0)
D/MstarPlayer(  744): percent: 0
W/MediaPlayer( 1435): info/warning (704, 0)
I/MediaPlayer.java( 1435): Info (704,0)
D/MediaPlayerService(  744): [8] notify (0x522e8, 200, 704, 0)
D/MstarPlayer(  744): percent: 0
W/MediaPlayer( 1435): info/warning (704, 0)
I/MediaPlayer.java( 1435): Info (704,0)
D/MediaPlayerService(  744): [8] notify (0x522e8, 200, 704, 0)
D/MstarPlayer(  744): percent: 0
W/MediaPlayer( 1435): info/warning (704, 0)
I/MediaPlayer.java( 1435): Info (704,0)
D/MediaPlayerService(  744): [8] notify (0x522e8, 200, 704, 0)
D/MstarPlayer(  744): percent: 0
W/MediaPlayer( 1435): info/warning (704, 0)
I/MediaPlayer.java( 1435): Info (704,0)
D/MediaPlayerService(  744): [8] notify (0x522e8, 200, 704, 0)
D/MstarPlayer(  744): percent: 0
W/MediaPlayer( 1435): info/warning (704, 0)
I/MediaPlayer.java( 1435): Info (704,0)
D/MediaPlayerService(  744): [8] notify (0x522e8, 200, 704, 0)
D/MstarPlayer(  744): percent: 0
W/MediaPlayer( 1435): info/warning (704, 0)
I/MediaPlayer.java( 1435): Info (704,0)
D/MediaPlayerService(  744): [8] notify (0x522e8, 200, 704, 0)
D/MstarPlayer(  744): percent: 0
W/MediaPlayer( 1435): info/warning (704, 0)
I/MediaPlayer.java( 1435): Info (704,0)
D/MediaPlayerService(  744): [8] notify (0x522e8, 200, 704, 0)
D/MstarPlayer(  744): percent: 0
W/MediaPlayer( 1435): info/warning (704, 0)
I/MediaPlayer.java( 1435): Info (704,0)
D/MediaPlayerService(  744): [8] notify (0x522e8, 200, 704, 0)
D/MstarPlayer(  744): percent: 0
W/MediaPlayer( 1435): info/warning (704, 0)
I/MediaPlayer.java( 1435): Info (704,0)
D/MediaPlayerService(  744): [8] notify (0x522e8, 200, 704, 0)
D/MstarPlayer(  744): percent: 0
W/MediaPlayer( 1435): info/warning (704, 0)
I/MediaPlayer.java( 1435): Info (704,0)
D/MediaPlayerService(  744): [8] notify (0x522e8, 200, 704, 0)
D/MstarPlayer(  744): percent: 0
W/MediaPlayer( 1435): info/warning (704, 0)
I/MediaPlayer.java( 1435): Info (704,0)
D/MediaPlayerService(  744): [8] notify (0x522e8, 200, 704, 0)
D/MstarPlayer(  744): percent: 0
W/MediaPlayer( 1435): info/warning (704, 0)
I/MediaPlayer.java( 1435): Info (704,0)
D/MediaPlayerService(  744): [8] notify (0x522e8, 200, 704, 0)
D/MstarPlayer(  744): percent: 0
W/MediaPlayer( 1435): info/warning (704, 0)
I/MediaPlayer.java( 1435): Info (704,0)
D/MediaPlayerService(  744): [8] notify (0x522e8, 200, 704, 0)
D/MstarPlayer(  744): percent: 0
W/MediaPlayer( 1435): info/warning (704, 0)
I/MediaPlayer.java( 1435): Info (704,0)
D/MediaPlayerService(  744): [8] notify (0x522e8, 200, 704, 0)
D/MstarPlayer(  744): percent: 0
W/MediaPlayer( 1435): info/warning (704, 0)
I/MediaPlayer.java( 1435): Info (704,0)
D/MediaPlayerService(  744): [8] notify (0x522e8, 200, 704, 0)
D/MstarPlayer(  744): percent: 0
W/MediaPlayer( 1435): info/warning (704, 0)
I/MediaPlayer.java( 1435): Info (704,0)
D/MediaPlayerService(  744): [8] notify (0x522e8, 200, 704, 0)
D/MstarPlayer(  744): percent: 0
W/MediaPlayer( 1435): info/warning (704, 0)
I/MediaPlayer.java( 1435): Info (704,0)
D/MediaPlayerService(  744): [8] notify (0x522e8, 200, 704, 0)
D/MstarPlayer(  744): percent: 0
W/MediaPlayer( 1435): info/warning (704, 0)
I/MediaPlayer.java( 1435): Info (704,0)
D/MediaPlayerService(  744): [8] notify (0x522e8, 200, 704, 0)
D/MstarPlayer(  744): percent: 0
W/MediaPlayer( 1435): info/warning (704, 0)
I/MediaPlayer.java( 1435): Info (704,0)
D/MediaPlayerService(  744): [8] notify (0x522e8, 200, 704, 0)
D/MstarPlayer(  744): percent: 0
W/MediaPlayer( 1435): info/warning (704, 0)
I/MediaPlayer.java( 1435): Info (704,0)
D/MediaPlayerService(  744): [8] notify (0x522e8, 200, 704, 0)
D/MstarPlayer(  744): percent: 0
W/MediaPlayer( 1435): info/warning (704, 0)
I/MediaPlayer.java( 1435): Info (704,0)
D/MediaPlayerService(  744): [8] notify (0x522e8, 200, 704, 0)
D/MstarPlayer(  744): percent: 0
W/MediaPlayer( 1435): info/warning (704, 0)
I/MediaPlayer.java( 1435): Info (704,0)
D/MediaPlayerService(  744): [8] notify (0x522e8, 200, 704, 0)
D/MstarPlayer(  744): percent: 0
W/MediaPlayer( 1435): info/warning (704, 0)
I/MediaPlayer.java( 1435): Info (704,0)
D/MediaPlayerService(  744): [8] notify (0x522e8, 200, 704, 0)
D/MstarPlayer(  744): percent: 0
W/MediaPlayer( 1435): info/warning (704, 0)
I/MediaPlayer.java( 1435): Info (704,0)
D/MediaPlayerService(  744): [8] notify (0x522e8, 200, 704, 0)
D/MstarPlayer(  744): percent: 0
W/MediaPlayer( 1435): info/warning (704, 0)
I/MediaPlayer.java( 1435): Info (704,0)
D/MediaPlayerService(  744): [8] notify (0x522e8, 200, 704, 0)
D/MstarPlayer(  744): percent: 0
W/MediaPlayer( 1435): info/warning (704, 0)
I/MediaPlayer.java( 1435): Info (704,0)
D/MediaPlayerService(  744): [8] notify (0x522e8, 200, 704, 0)
D/MstarPlayer(  744): percent: 0
W/MediaPlayer( 1435): info/warning (704, 0)
I/MediaPlayer.java( 1435): Info (704,0)
D/MediaPlayerService(  744): [8] notify (0x522e8, 200, 704, 0)
D/MstarPlayer(  744): percent: 0
W/MediaPlayer( 1435): info/warning (704, 0)
I/MediaPlayer.java( 1435): Info (704,0)
D/MediaPlayerService(  744): [8] notify (0x522e8, 200, 704, 0)
D/MstarPlayer(  744): percent: 0
W/MediaPlayer( 1435): info/warning (704, 0)
I/MediaPlayer.java( 1435): Info (704,0)
D/MediaPlayerService(  744): [8] notify (0x522e8, 200, 704, 0)
D/MstarPlayer(  744): percent: 0
W/MediaPlayer( 1435): info/warning (704, 0)
I/MediaPlayer.java( 1435): Info (704,0)
D/MediaPlayerService(  744): [8] notify (0x522e8, 200, 704, 0)
D/MstarPlayer(  744): percent: 0
W/MediaPlayer( 1435): info/warning (704, 0)
I/MediaPlayer.java( 1435): Info (704,0)
D/MediaPlayerService(  744): [8] notify (0x522e8, 200, 704, 0)
D/MstarPlayer(  744): percent: 0
W/MediaPlayer( 1435): info/warning (704, 0)
I/MediaPlayer.java( 1435): Info (704,0)
D/MediaPlayerService(  744): [8] notify (0x522e8, 200, 704, 0)
D/MstarPlayer(  744): percent: 0
W/MediaPlayer( 1435): info/warning (704, 0)
I/MediaPlayer.java( 1435): Info (704,0)
D/MediaPlayerService(  744): [8] notify (0x522e8, 200, 704, 0)
D/MstarPlayer(  744): percent: 0
W/MediaPlayer( 1435): info/warning (704, 0)
I/MediaPlayer.java( 1435): Info (704,0)
D/MediaPlayerService(  744): [8] notify (0x522e8, 200, 704, 0)
D/MstarPlayer(  744): percent: 0
W/MediaPlayer( 1435): info/warning (704, 0)
I/MediaPlayer.java( 1435): Info (704,0)
D/MediaPlayerService(  744): [8] notify (0x522e8, 200, 704, 0)
D/MstarPlayer(  744): percent: 0
W/MediaPlayer( 1435): info/warning (704, 0)
I/MediaPlayer.java( 1435): Info (704,0)
D/MediaPlayerService(  744): [8] notify (0x522e8, 200, 704, 0)
D/MstarPlayer(  744): percent: 0
W/MediaPlayer( 1435): info/warning (704, 0)
I/MediaPlayer.java( 1435): Info (704,0)
D/MediaPlayerService(  744): [8] notify (0x522e8, 200, 704, 0)
D/MstarPlayer(  744): percent: 0
W/MediaPlayer( 1435): info/warning (704, 0)
I/MediaPlayer.java( 1435): Info (704,0)

[ 2175.746229] IR: [03932] scan key value is 0xeb14c936 
[ 2175.746234]  D/MediaPlayerService(  744): [8] notify (0x522e8, 200, 704, 0)
W/MediaPlayer( 1435): info/warning (704, 0)
D/MstarPlayer(  744): percent: 0
I/MediaPlayer.java( 1435): Info (704,0)

[ 2175.797148] IR: [03932] scan key value is 0xeb14c936 
[ 2175.797153]  D/MediaPlayerService(  744): [8] notify (0x522e8, 200, 704, 0)
D/MstarPlayer(  744): percent: 0
W/MediaPlayer( 1435): info/warning (704, 0)
I/MediaPlayer.java( 1435): Info (704,0)
D/MediaPlayerService(  744): [8] notify (0x522e8, 200, 704, 0)
D/MstarPlayer(  744): percent: 0
W/MediaPlayer( 1435): info/warning (704, 0)
I/MediaPlayer.java( 1435): Info (704,0)
D/MediaPlayerService(  744): [8] notify (0x522e8, 200, 704, 0)
D/MstarPlayer(  744): percent: 0
W/MediaPlayer( 1435): info/warning (704, 0)
I/MediaPlayer.java( 1435): Info (704,0)
D/MediaPlayerService(  744): [8] notify (0x522e8, 200, 704, 0)
D/MstarPlayer(  744): percent: 0
W/MediaPlayer( 1435): info/warning (704, 0)
I/MediaPlayer.java( 1435): Info (704,0)
D/InputEventConsistencyVerifier( 1435): KeyEvent: ACTION_UP but key was not down.
D/InputEventConsistencyVerifier( 1435):   in com.android.internal.policy.impl.PhoneWindow$DecorView@41960db0
D/InputEventConsistencyVerifier( 1435):   0: sent at 2175964000000, KeyEvent { action=ACTION_UP, keyCode=KEYCODE_DPAD_RIGHT, scanCode=106, metaState=0, flags=0x8, repeatCount=0, eventTime=2175964, downTime=2175751, deviceId=2, source=0x101 }
D/InputEventConsistencyVerifier( 1435):   -- recent events --
D/InputEventConsistencyVerifier( 1435):   1: sent at 2018368000000, (unhandled) KeyEvent { action=ACTION_UP, keyCode=KEYCODE_BACK, scanCode=158, metaState=0, flags=0x80000008, repeatCount=0, eventTime=2018368, downTime=2018157, deviceId=2, source=0x101 }
D/InputEventConsistencyVerifier( 1435):   2: sent at 2014936000000, (unhandled) KeyEvent { action=ACTION_UP, keyCode=KEYCODE_ENTER, scanCode=28, metaState=0, flags=0x80000008, repeatCount=0, eventTime=2014936, downTime=2014721, deviceId=2, source=0x101 }
D/MediaPlayerService(  744): [8] notify (0x522e8, 200, 704, 0)
D/MstarPlayer(  744): percent: 0
W/MediaPlayer( 1435): info/warning (704, 0)
D/Downloader(  744): Content-Length: 172
D/Downloader(  744): 
D/Downloader(  744): Downloadserver bandWidth:414
D/Downloader(  744): Downloadserver bandWidth:414
D/Downloader(  744): Downloadserver bandWidth:414
D/Downloader(  744): Downloadserver bandWidth:414
I/MediaPlayer.java( 1435): Info (704,0)
D/MediaPlayerService(  744): [8] notify (0x522e8, 200, 704, 0)
D/MstarPlayer(  744): percent: 0
W/MediaPlayer( 1435): info/warning (704, 0)
I/MediaPlayer.java( 1435): Info (704,0)
D/MediaPlayerService(  744): [8] notify (0x522e8, 200, 704, 0)
D/MstarPlayer(  744): percent: 0
W/MediaPlayer( 1435): info/warning (704, 0)
I/MediaPlayer.java( 1435): Info (704,0)
D/MediaPlayerService(  744): [8] notify (0x522e8, 200, 704, 0)
D/MstarPlayer(  744): percent: 0
W/MediaPlayer( 1435): info/warning (704, 0)
I/MediaPlayer.java( 1435): Info (704,0)
D/DataSource_M3U8(  744): u32HLSSreamNum[0]===>u32BandWidth:1200000 
D/DataSource_M3U8(  744): getHLSPlayListInex  DownloadBandWidth:414   uInDex=0
D/DataSource_M3U8(  744): [M3U8] checkShouldStartNext :[129](172/172)   sequence:0  start next:130  
D/DataSource_M3U8(  744): 
D/DataSource_M3U8(  744): 
D/DataSource_M3U8(  744): 
D/DataSource_M3U8(  744): [M3U8]-7----->This :0x30fd0 --> post cmd for start next url:http://cibn-iss1.longvisionmedia.com:8088/vod/CIBN2013_CIBN2113040100001913_12001300/130.ts, knowedFileSize:0, mCurDowningIndex:129
D/DataSource_M3U8(  744): 
D/DataSource_M3U8(  744): 
D/Downloader(  744): [downloadThread]Downloader::removeTask  
D/Downloader(  744): [downloadThread]task have range string:0- 
D/MediaPlayerService(  744): [8] notify (0x522e8, 200, 704, 0)
D/MstarPlayer(  744): percent: 0
W/MediaPlayer( 1435): info/warning (704, 0)
I/MediaPlayer.java( 1435): Info (704,0)
D/MediaPlayerService(  744): [8] notify (0x522e8, 200, 704, 0)
D/MstarPlayer(  744): percent: 0
W/MediaPlayer( 1435): info/warning (704, 0)
I/MediaPlayer.java( 1435): Info (704,0)
D/MediaPlayerService(  744): [8] notify (0x522e8, 200, 704, 0)
D/MstarPlayer(  744): percent: 0
W/MediaPlayer( 1435): info/warning (704, 0)
I/MediaPlayer.java( 1435): Info (704,0)
D/MediaPlayerService(  744): [8] notify (0x522e8, 200, 704, 0)
D/MstarPlayer(  744): percent: 0
W/MediaPlayer( 1435): info/warning (704, 0)
I/MediaPlayer.java( 1435): Info (704,0)
D/MediaPlayerService(  744): [8] notify (0x522e8, 200, 704, 0)
D/MstarPlayer(  744): percent: 0
W/MediaPlayer( 1435): info/warning (704, 0)
I/MediaPlayer.java( 1435): Info (704,0)
D/MediaPlayerService(  744): [8] notify (0x522e8, 200, 704, 0)
D/MstarPlayer(  744): percent: 0
W/MediaPlayer( 1435): info/warning (704, 0)
I/MediaPlayer.java( 1435): Info (704,0)
D/DataSource_M3U8(  744): 
D/DataSource_M3U8(  744):  Warnig::  getValidBufferLength()  <  Codec require !!!
D/MediaPlayerService(  744): [8] notify (0x522e8, 200, 704, 0)
D/MstarPlayer(  744): percent: 0
W/MediaPlayer( 1435): info/warning (704, 0)
I/MediaPlayer.java( 1435): Info (704,0)
D/MediaPlayerService(  744): [8] notify (0x522e8, 200, 704, 0)
D/MstarPlayer(  744): percent: 0
W/MediaPlayer( 1435): info/warning (704, 0)
I/MediaPlayer.java( 1435): Info (704,0)
D/MediaPlayerService(  744): [8] notify (0x522e8, 200, 704, 0)
D/MstarPlayer(  744): percent: 0
W/MediaPlayer( 1435): info/warning (704, 0)
I/MediaPlayer.java( 1435): Info (704,0)
D/dalvikvm( 1505): GC_CONCURRENT freed 446K, 79% free 1300K/6019K, paused 1ms+1ms
D/HomePlayerLib( 1505): hostaddress count is 1
D/MediaPlayerService(  744): [8] notify (0x522e8, 200, 704, 0)
D/MstarPlayer(  744): percent: 0
W/MediaPlayer( 1435): info/warning (704, 0)
I/MediaPlayer.java( 1435): Info (704,0)
D/dalvikvm( 1505): GC_CONCURRENT freed 388K, 79% free 1312K/6019K, paused 1ms+1ms
D/MediaPlayerService(  744): [8] notify (0x522e8, 200, 704, 0)
D/MstarPlayer(  744): percent: 0
W/MediaPlayer( 1435): info/warning (704, 0)
I/MediaPlayer.java( 1435): Info (704,0)
D/dalvikvm( 1505): GC_CONCURRENT freed 400K, 77% free 1412K/6019K, paused 1ms+1ms
D/MediaPlayerService(  744): [8] notify (0x522e8, 200, 704, 0)
D/MstarPlayer(  744): percent: 0
W/MediaPlayer( 1435): info/warning (704, 0)
I/MediaPlayer.java( 1435): Info (704,0)
D/MediaPlayerService(  744): [8] notify (0x522e8, 200, 704, 0)
D/MstarPlayer(  744): percent: 0
W/MediaPlayer( 1435): info/warning (704, 0)
I/MediaPlayer.java( 1435): Info (704,0)
D/dalvikvm( 1505): GC_CONCURRENT freed 487K, 78% free 1327K/6019K, paused 1ms+2ms

[ 2176.872414] IR: [03932] scan key value is 0xeb14c936 
[ 2176.872419]  D/MediaPlayerService(  744): [8] notify (0x522e8, 200, 704, 0)
D/MstarPlayer(  744): percent: 0
W/MediaPlayer( 1435): info/warning (704, 0)
I/MediaPlayer.java( 1435): Info (704,0)

[ 2176.923321] IR: [03932] scan key value is 0xeb14c936 
[ 2176.923326]  D/MediaPlayerService(  744): [8] notify (0x522e8, 200, 704, 0)
D/MstarPlayer(  744): percent: 0
W/MediaPlayer( 1435): info/warning (704, 0)
I/MediaPlayer.java( 1435): Info (704,0)
D/Downloader(  744): Content-Length: 172
D/Downloader(  744): 
D/Downloader(  744): Downloadserver bandWidth:1851
D/Downloader(  744): Downloadserver bandWidth:1851
D/Downloader(  744): Downloadserver bandWidth:1851
D/Downloader(  744): Downloadserver bandWidth:1851
D/MediaPlayerService(  744): [8] notify (0x522e8, 200, 704, 0)
D/MstarPlayer(  744): percent: 0
W/MediaPlayer( 1435): info/warning (704, 0)
I/MediaPlayer.java( 1435): Info (704,0)
D/dalvikvm( 1505): GC_CONCURRENT freed 383K, 76% free 1455K/6019K, paused 1ms+1ms

[ 2177.036143] IR: [03932] scan key value is 0xeb14c936 
[ 2177.036149]  D/MediaPlayerService(  744): [8] notify (0x522e8, 200, 704, 0)
D/MstarPlayer(  744): percent: 0
W/MediaPlayer( 1435): info/warning (704, 0)
I/MediaPlayer.java( 1435): Info (704,0)
D/dalvikvm( 1505): GC_CONCURRENT freed 518K, 77% free 1436K/6019K, paused 1ms+1ms
D/MediaPlayerService(  744): [8] notify (0x522e8, 200, 704, 0)
D/MstarPlayer(  744): percent: 0
W/MediaPlayer( 1435): info/warning (704, 0)
I/MediaPlayer.java( 1435): Info (704,0)
D/MediaPlayerService(  744): [8] notify (0x522e8, 200, 704, 0)

[ 2177.144156] IR: [03932] scan key value is 0xeb14c936 
[ 2177.144161]  D/MstarPlayer(  744): percent: 0
W/MediaPlayer( 1435): info/warning (704, 0)
I/MediaPlayer.java( 1435): Info (704,0)
D/MediaPlayerService(  744): [8] notify (0x522e8, 200, 704, 0)
D/MstarPlayer(  744): percent: 0
W/MediaPlayer( 1435): info/warning (704, 0)
I/MediaPlayer.java( 1435): Info (704,0)
D/dalvikvm( 1505): GC_CONCURRENT freed 496K, 77% free 1397K/6019K, paused 1ms+1ms
D/DataSource_M3U8(  744): u32HLSSreamNum[0]===>u32BandWidth:1200000 
D/DataSource_M3U8(  744): getHLSPlayListInex  DownloadBandWidth:1851   uInDex=0
D/DataSource_M3U8(  744): [M3U8] checkShouldStartNext :[130](172/172)   sequence:0  start next:131  
D/DataSource_M3U8(  744): 
D/DataSource_M3U8(  744): 
D/DataSource_M3U8(  744)
[ 2177.256954] IR: [03932] scan key value is 0xeb14c936 
[ 2177.256958]  : 
D/DataSource_M3U8(  744): [M3U8]-7----->This :0x30fd0 --> post cmd for start next url:http://cibn-iss1.longvisionmedia.com:8088/vod/CIBN2013_CIBN2113040100001913_12001300/131.ts, knowedFileSize:0, mCurDowningIndex:130
D/DataSource_M3U8(  744): 
D/DataSource_M3U8(  744): 
D/Downloader(  744): [downloadThread]Downloader::removeTask  
D/Downloader(  744): [downloadThread]task have range string:0- 
D/MediaPlayerService(  744): [8] notify (0x522e8, 3, 30, 0)
D/MediaPlayerService(  744): [8] notify (0x522e8, 200, 704, 0)
D/MstarPlayer(  744): percent: 0
W/MediaPlayer( 1435): info/warning (704, 0)
I/MediaPlayer.java( 1435): Info (704,0)
D/MediaPlayerService(  744): [8] notify (0x522e8, 200, 704, 0)
D/MstarPlayer(  744): percent: 0
W/MediaPlayer( 1435): info/warning (704, 0)
I/MediaPlayer.java( 1435): Info (704,0)
D/MediaPlayerService(  744): [8] notify (0x522e8, 200, 704, 0)
D/MstarPlayer(  744): percent: 0
W/MediaPlayer( 1435): info/warning (704, 0)
I/MediaPlayer.java( 1435): Info (704,0)

[ 2177.365015] IR: [03932] scan key value is 0xeb14c936 
[ 2177.365020]  D/MediaPlayerService(  744): [8] notify (0x522e8, 200, 704, 0)
D/MstarPlayer(  744): percent: 0
W/MediaPlayer( 1435): info/warning (704, 0)
I/MediaPlayer.java( 1435): Info (704,0)
D/dalvikvm( 1505): GC_CONCURRENT freed 457K, 76% free 1448K/6019K, paused 0ms+31ms
D/MediaPlayerService(  744): [8] notify (0x522e8, 200, 704, 0)
D/MstarPlayer(  744): percent: 0
W/MediaPlayer( 1435): info/warning (704, 0)
I/MediaPlayer.java( 1435): Info (704,0)

[ 2177.477807] IR: [03932] scan key value is 0xeb14c936 
[ 2177.477812]  D/MediaPlayerService(  744): [8] notify (0x522e8, 200, 704, 0)
D/MstarPlayer(  744): percent: 0
W/MediaPlayer( 1435): info/warning (704, 0)
I/MediaPlayer.java( 1435): Info (704,0)
D/DataSource_M3U8(  744): 
D/DataSource_M3U8(  744):  Warnig::  getValidBufferLength()  <  Codec require !!!
D/MediaPlayerService(  744): [8] notify (0x522e8, 200, 704, 0)
D/MstarPlayer(  744): percent: 0
W/MediaPlayer( 1435): info/warning (704, 0)
D/dalvikvm( 1505): GC_CONCURRENT freed 512K, 78% free 1351K/6019K, paused 1ms+2ms
I/MediaPlayer.java( 1435): Info (704,0)
D/MediaPlayerService(  744): [8] notify (0x522e8, 200, 704, 0)
D/MstarPlayer(  744): percent: 0
W/MediaPlayer( 1435): info/warning (704, 0)
I/MediaPlayer.java( 1435): Info (704,0)
D/MediaPlayerService(  744): [8] notify (0x522e8, 200, 704, 0)
D/MstarPlayer(  744): percent: 0
W/MediaPlayer( 1435): info/warning (704, 0)
I/MediaPlayer.java( 1435): Info (704,0)
D/InputEventConsistencyVerifier( 1435): KeyEvent: ACTION_UP but key was not down.
D/InputEventConsistencyVerifier( 1435):   in com.android.internal.policy.impl.PhoneWindow$DecorView@41960db0
D/InputEventConsistencyVerifier( 1435):   0: sent at 2177648000000, KeyEvent { action=ACTION_UP, keyCode=KEYCODE_DPAD_RIGHT, scanCode=106, metaState=0, flags=0x8, repeatCount=0, eventTime=2177648, downTime=2176877, deviceId=2, source=0x101 }
D/InputEventConsistencyVerifier( 1435):   -- recent events --
D/InputEventConsistencyVerifier( 1435):   1: sent at 2175964000000, (unhandled) KeyEvent { action=ACTION_UP, keyCode=KEYCODE_DPAD_RIGHT, scanCode=106, metaState=0, flags=0x80000008, repeatCount=0, eventTime=2175964, downTime=2175751, deviceId=2, source=0x101 }
D/InputEventConsistencyVerifier( 1435):   2: sent at 2018368000000, (unhandled) KeyEvent { action=ACTION_UP, keyCode=KEYCODE_BACK, scanCode=158, metaState=0, flags=0x80000008, repeatCount=0, eventTime=2018368, downTime=2018157, deviceId=2, source=0x101 }
D/InputEventConsistencyVerifier( 1435):   3: sent at 2014936000000, (unhandled) KeyEvent { action=ACTION_UP, keyCode=KEYCODE_ENTER, scanCode=28, metaState=0, flags=0x80000008, repeatCount=0, eventTime=2014936, downTime=2014721, deviceId=2, source=0x101 }
D/MediaPlayerService(  744): [8] notify (0x522e8, 200, 704, 0)
D/MstarPlayer(  744): percent: 0
W/MediaPlayer( 1435): info/warning (704, 0)
I/MediaPlayer.java( 1435): Info (704,0)
D/MediaPlayerService(  744): [8] notify (0x522e8, 200, 704, 0)
D/MstarPlayer(  744): percent: 0
W/MediaPlayer( 1435): info/warning (704, 0)
I/MediaPlayer.java( 1435): Info (704,0)
D/MediaPlayerService(  744): [8] notify (0x522e8, 200, 704, 0)
D/MstarPlayer(  744): percent: 0
W/MediaPlayer( 1435): info/warning (704, 0)
I/MediaPlayer.java( 1435): Info (704,0)
D/dalvikvm( 1505): GC_CONCURRENT freed 421K, 77% free 1416K/6019K, paused 1ms+1ms
D/MediaPlayerService(  744): [8] notify (0x522e8, 200, 704, 0)
D/MstarPlayer(  744): percent: 0
W/MediaPlayer( 1435): info/warning (704, 0)
I/MediaPlayer.java( 1435): Info (704,0)
D/MediaPlayerService(  744): [8] notify (0x522e8, 200, 704, 0)
D/MstarPlayer(  744): percent: 0
W/MediaPlayer( 1435): info/warning (704, 0)
I/MediaPlayer.java( 1435): Info (704,0)
D/MediaPlayerService(  744): [8] notify (0x522e8, 200, 704, 0)
D/MstarPlayer(  744): percent: 0
W/MediaPlayer( 1435): info/warning (704, 0)
I/MediaPlayer.java( 1435): Info (704,0)
D/MediaPlayerService(  744): [8] notify (0x522e8, 200, 704, 0)
D/MstarPlayer(  744): percent: 0
W/MediaPlayer( 1435): info/warning (704, 0)
I/MediaPlayer.java( 1435): Info (704,0)
D/MediaPlayerService(  744): [8] notify (0x522e8, 200, 704, 0)
D/MstarPlayer(  744): percent: 0
W/MediaPlayer( 1435): info/warning (704, 0)
I/MediaPlayer.java( 1435): Info (704,0)
D/Downloader(  744): Content-Length: 172
D/Downloader(  744): 
D/Downloader(  744): Downloadserver bandWidth:1609
D/Downloader(  744): Downloadserver bandWidth:1609
D/Downloader(  744): Downloadserver bandWidth:1609
D/Downloader(  744): Downloadserver bandWidth:1609
D/MediaPlayerService(  744): [8] notify (0x522e8, 200, 704, 0)
D/MstarPlayer(  744): percent: 0
W/MediaPlayer( 1435): info/warning (704, 0)
I/MediaPlayer.java( 1435): Info (704,0)
D/MediaPlayerService(  744): [8] notify (0x522e8, 200, 704, 0)
D/MstarPlayer(  744): percent: 0
W/MediaPlayer( 1435): info/warning (704, 0)
I/MediaPlayer.java( 1435): Info (704,0)
D/MediaPlayerService(  744): [8] notify (0x522e8, 200, 704, 0)
D/MstarPlayer(  744): percent: 0
W/MediaPlayer(
[ 2178.214674] IR: [03932] scan key value is 0xeb14c936 
[ 2178.214679]   1435): info/warning (704, 0)
I/MediaPlayer.java( 1435): Info (704,0)
D/DataSource_M3U8(  744): u32HLSSreamNum[0]===>u32BandWidth:1200000 
D/DataSource_M3U8(  744): getHLSPlayListInex  DownloadBandWidth:1609   uInDex=0
D/DataSource_M3U8(  744): [M3U8] checkShouldStartNext :[131](172/172)   sequence:0  start next:132  
D/DataSource_M3U8(  744): 
D/DataSource_M3U8(  744): 
D/DataSource_M3U8(  744): 
[ 2178.265536] IR: [03932] scan key value is 0xeb14c936 
[ 2178.265541]  
                D/DataSource_M3U8(  744): [M3U8]-7----->This :0x30fd0 --> post cmd for start next url:http://cibn-iss1.longvisionmedia.com:8088/vod/CIBN2013_CIBN2113040100001913_12001300/132.ts, knowedFileSize:0, mCurDowningIndex:131
D/DataSource_M3U8(  744): 
D/DataSource_M3U8(  744): 
D/Downloader(  744): [downloadThread]Downloader::removeTask  
D/Downloader(  744): [downloadThread]task have range string:0- 
D/MediaPlayerService(  744): [8] notify (0x522e8, 200, 704, 0)
D/MstarPlayer(  744): percent: 0
W/MediaPlayer( 1435): info/warning (704, 0)
I/MediaPlayer.java( 1435): Info (704,0)
D/MediaPlayerService(  744): [8] notify (0x522e8, 200, 704, 0)
D/MstarPlayer(  744): percent: 0
W/MediaPlayer( 1435): info/warning (704, 0)
I/MediaPlayer.java( 1435): Info (704,0)
D/MediaPlayerService(  744): [8] notify (0x522e8, 200, 704, 0)
D/MstarPlayer(  744): percent: 0
W/MediaPlayer( 1435): info/warning (704, 0)
I/MediaPlayer.java( 1435): Info (704,0)
D/MediaPlayerService(  744): [8] notify (0x522e8, 200, 704, 0)
D/MstarPlayer(  744): percent: 0
W/MediaPlayer( 1435): info/warning (704, 0)
I/MediaPlayer.java( 1435): Info (704,0)
D/InputEventConsistencyVerifier( 1435): KeyEvent: ACTION_UP but key was not down.
D/InputEventConsistencyVerifier( 1435):   in com.android.inte
[ 2178.454104] IR: [03932] scan key value is 0xeb14c936 
[ 2178.454109]  rnal.policy.impl.PhoneWindow$DecorView@41960db0
D/InputEventConsistencyVerifier( 1435):   0: sent at 2178432000000, KeyEvent { action=ACTION_UP, keyCode=KEYCODE_DPAD_RIGHT, scanCode=106, metaState=0, flags=0x8, repeatCount=0, eventTime=2178432, downTime=2178221, deviceId=2, source=0x101 }
D/InputEventConsistencyVerifier( 1435):   -- recent events --
D/InputEventConsistencyVerifier( 1435):   1: sent at 2177648000000, (unhandled) KeyEvent { action=ACTION_UP, keyCode=KEYCODE_DPAD_RIGHT, scanCode=106, metaSt
[ 2178.505035] IR: [03932] scan key value is 0xeb14c936 
[ 2178.505039]  ate=0, flags=0x80000008, repeatCount=0, eventTime=2177648, downTime=2176877, deviceId=2, source=0x101 }
D/InputEventConsistencyVerifier( 1435):   2: sent at 2175964000000, (unhandled) KeyEvent { action=ACTION_UP, keyCode=KEYCODE_DPAD_RIGHT, scanCode=106, metaState=0, flags=0x80000008, repeatCount=0, eventTime=2175964, downTime=2175751, deviceId=2, source=0x101 }
D/InputEventConsistencyVerifier( 1435):   3: sent at 2018368000000, (unhandled) KeyEvent { action=ACTION_UP, keyCode=KEYCODE_BACK, scanCode=158, metaState=0, flags=0x80000008, repeatCount=0, eventTime=2018368, downTime=2018157, deviceId=2, source=0x101 }
D/InputEventConsistencyVerifier( 1435):   4: sent at 2014936000000, (unhandled) KeyEvent { action=ACTION_UP, keyCode=KEYCODE_ENTER, scanCode=28, metaState=0, flags=0x80000008, repeatCount=0, eventTime=2014936, downTime=2014721, deviceId=2, source=0x101 }
D/MediaPlayerService(  744): [8] notify (0x522e8, 200, 704, 0)
D/MstarPlayer(  744): percent: 0
W/MediaPlayer( 1435): info/warning (704, 0)
I/MediaPlayer.java( 1435): Info (704,0)
D/MediaPlayerService(  744): [8] notify (0x522e8, 200, 704, 0)
D/MstarPlayer(  744): percent: 0
W/MediaPlayer( 1435): info/warning (704, 0)
I/MediaPlayer.java( 1435): Info (704,0)
D/DataSource_M3U8(  744): 
D/DataSource_M3U8(  744):  Warnig::  getValidBufferLength()  <  Codec require !!!
D/MediaPlayerService(  744): [8] notify (0x522e8, 200, 704, 0)
D/MstarPlayer(  744): percent: 0
W/MediaPlayer( 1435): info/warning (704, 0)
I/MediaPlayer.java( 1435): Info (704,0)
D/MediaPlayerService(  744): [8] notify (0x522e8, 200, 704, 0)
D/MstarPlayer(  744): percent: 0
W/MediaPlayer( 1435): info/warning (704, 0)
I/MediaPlayer.java( 1435): Info (704,0)
D/Downloader(  744): Content-Length: 172
D/Downloader(  744): 
D/Downloader(  744): Downloadserver bandWidth:3414
D/Downloader(  744): Downloadserver bandWidth:3414
D/Downloader(  744): Downloadserver bandWidth:3414
D/Downloader(  744): Downloadserver bandWidth:3414
D/MediaPlayerService(  744): [8] notify (0x522e8, 200, 704, 0)
D/MstarPlayer(  744): percent: 0
W/MediaPlayer( 1435): info/warning (704, 0)
I/MediaPlayer.java( 1435): Info (704,0)
D/InputEventConsistencyVerifier( 1435): KeyEvent: ACTION_UP but key was not down.
D/InputEventConsistencyVerifier( 1435):   in com.android.internal.policy.impl.PhoneWindow$DecorView@41960db0
D/InputEventConsistencyVerifier( 1435):   0: sent at 2178672000000, KeyEvent { action=ACTION_UP, keyCode=KEYCODE_DPAD_RIGHT, scanCode=106, metaState=0, flags=0x8, repeatCount=0, eventTime=2178672, downTime=2178460, deviceId=2, source=0x101 }
D/InputEventConsistencyVerifier( 1435):   -- recent events --
D/InputEventConsistencyVerifier( 1435):   1: sent at 2178432000000, (unhandled) KeyEvent { action=ACTION_UP, keyCode=KEYCODE_DPAD_RIGHT, scanCode=106, metaState=0, flags=0x80000008, repeatCount=0, eventTime=2178432, downTime=2178221, deviceId=2, source=0x101 }
D/InputEventConsistencyVerifier( 1435):   2: sent at 2177648000000, (unhandled) KeyEvent { action=ACTION_UP, keyCode=KEYCODE_DPAD_RIGHT, scanCode=106, metaState=0, flags=0x80000008, repeatCount=0, eventTime=2177648, downTime=2176877, deviceId=2, source=0x101 }
D/InputEventConsistencyVerifier( 1435):   3: sent at 2175964000000, (unhandled) KeyEvent { action=ACTION_UP, keyCode=KEYCODE_DPAD_RIGHT, scanCode=106, metaState=0, flags=0x80000008, repeatCount=0, eventTime=2175964, downTime=2175751, deviceId=2, source=0x101 }
D/InputEventConsistencyVerifier( 1435):   4: sent at 2018368000000, (unhandled) KeyEvent { action=ACTION_UP, keyCode=KEYCODE_BACK, scanCode=158, metaState=0, flags=0x80000008, repeatCount=0, eventTime=2018368, downTime=2018157, deviceId=2, source=0x101 }
D/InputEventConsistencyVerifier( 1435):   5: sent at 2014936000000, (unhandled) KeyEvent { action=ACTION_UP, keyCode=KEYCODE_ENTER, scanCode=28, metaState=0, flags=0x80000008, repeatCount=0, eventTime=2014936, downTime=2014721, deviceId=2, source=0x101 }
D/MediaPlayerService(  744): [8] notify (0x522e8, 200, 704, 0)
D/MstarPlayer(  744): percent: 0
W/MediaPlayer( 1435): info/warning (704, 0)
I/MediaPlayer.java( 1435): Info (704,0)
D/DataSource_M3U8(  744): u32HLSSreamNum[0]===>u32BandWidth:1200000 
D/DataSource_M3U8(  744): getHLSPlayListInex  DownloadBandWidth:3414   uInDex=0
D/DataSource_M3U8(  744): [M3U8] checkShouldStartNext :[132](172/172)   sequence:0  start next:133  
D/DataSource_M3U8(  744): 
D/DataSource_M3U8(  744): 
D/DataSource_M3U8(  744): 
D/DataSource_M3U8(  744): [M3U8]-7----->This :0x30fd0 --> post cmd for start next url:http://cibn-iss1.longvisionmedia.com:8088/vod/CIBN2013_CIBN2113040100001913_12001300/133.ts, knowedFileSize:0, mCurDowningIndex:132
D/DataSource_M3U8(  744): 
D/DataSource_M3U8(  744): 
D/Downloader(  744): [downloadThread]Downloader::removeTask  
D/Downloader(  744): [downloadThread]task have range string:0- 
D/MediaPlayerService(  744): [8] notify (0x522e8, 200, 704, 0)
D/MstarPlayer(  744): percent: 0
W/MediaPlayer( 1435): info/warning (704, 0)
I/MediaPlayer.java( 1435): Info (704,0)
D/MediaPlayerService(  744): [8] notify (0x522e8, 200, 704, 0)
D/MstarPlayer(  744): percent: 0
W/MediaPlayer( 1435): info/warning (704, 0)
I/MediaPlayer.java( 1435): Info (704,0)
D/MediaPlayerService(  744): [8] notify (0x522e8, 200, 704, 0)
D/MstarPlayer(  744): percent: 0
W/MediaPlayer( 1435): info/warning (704, 0)
I/MediaPlayer.java( 1435): Info (704,0)
D/MediaPlayerService(  744): [8] notify (0x522e8, 200, 704, 0)
D/MstarPlayer(  744): percent: 0
W/MediaPlayer( 1435): info/warning (704, 0)
I/MediaPlayer.java( 1435): Info (704,0)
D/MediaPlayerService(  744): [8] notify (0x522e8, 200, 704, 0)
D/MstarPlayer(  744): percent: 0
W/MediaPlayer( 1435): info/warning (704, 0)
I/MediaPlayer.java( 1435): Info (704,0)
D/MediaPlayerService(  744): [8] notify (0x522e8, 200, 704, 0)
D/MstarPlayer(  744): percent: 0
W/MediaPlayer( 1435): info/warning (704, 0)
I/MediaPlayer.java( 1435): Info (704,0)
D/MediaPlayerService(  744): [8] notify (0x522e8, 200, 704, 0)
D/MstarPlayer(  744): percent: 0
W/MediaPlayer( 1435): info/warning (704, 0)
I/MediaPlayer.java( 1435): Info (704,0)
D/MediaPlayerService(  744): [8] notify (0x522e8, 200, 704, 0)
D/MstarPlayer(  744): percent: 0
W/MediaPlayer( 1435): info/warning (704, 0)
I/MediaPlayer.java( 1435): Info (704,0)
D/MediaPlayerService(  744): [8] notify (0x522e8, 200, 704, 0)
D/MstarPlayer(  744): percent: 0
W/MediaPlayer( 1435): info/warning (704, 0)
I/MediaPlayer.java( 1435): Info (704,0)
D/Downloader(  744): Content-Length: 172
D/Downloader(  744): 
D/Downloader(  744): Downloadserver bandWidth:3044
D/Downloader(  744): Downloadserver bandWidth:3044
D/Downloader(  744): Downloadserver bandWidth:3044
D/Downloader(  744): Downloadserver bandWidth:3044
D/MediaPlayerService(  744): [8] notify (0x522e8, 200, 704, 0)
D/MstarPlayer(  744): percent: 0
W/MediaPlayer( 1435): info/warning (704, 0)
I/MediaPlayer.java( 1435): Info (704,0)
D/DataSource_M3U8(  744): u32HLSSreamNum[0]===>u32BandWidth:1200000 
D/DataSource_M3U8(  744): getHLSPlayListInex  DownloadBandWidth:3044   uInDex=0
D/DataSource_M3U8(  744): [M3U8] checkShouldStartNext :[133](172/172)   sequence:0  start next:134  
D/DataSource_M3U8(  744): 
D/DataSource_M3U8(  744): 
D/DataSource_M3U8(  744): 
D/DataSource_M3U8(  744): [M3U8]-7----->This :0x30fd0 --> post cmd for start next url:http://cibn-iss1.longvisionmedia.com:8088/vod/CIBN2013_CIBN2113040100001913_12001300/134.ts, knowedFileSize:0, mCurDowningIndex:133
D/DataSource_M3U8(  744): 
D/DataSource_M3U8(  744): 
D/Downloader(  744): [downloadThread]Downloader::removeTask  
D/Downloader(  744): [downloadThread]task have range string:0- 
D/MediaPlayerService(  744): [8] notify (0x522e8, 200, 704, 0)
D/MstarPlayer(  744): percent: 0
W/MediaPlayer( 1435): info/warning (704, 0)
I/MediaPlayer.java( 1435): Info (704,0)
D/MediaPlayerService(  744): [8] notify (0x522e8, 200, 704, 0)
W/MediaPlayer( 1435): info/warning (704, 0)
D/MstarPlayer(  744): percent: 0
I/MediaPlayer.java( 1435): Info (704,0)
D/MediaPlayerService(  744): [8] notify (0x522e8, 200, 704, 0)
W/MediaPlayer( 1435): info/warning (704, 0)
D/MstarPlayer(  744): percent: 0
I/MediaPlayer.java( 1435): Info (704,0)
D/MediaPlayerService(  744): [8] notify (0x522e8, 200, 704, 0)
W/MediaPlayer( 1435): info/warning (704, 0)
D/MstarPlayer(  744): percent: 0
I/MediaPlayer.java( 1435): Info (704,0)
D/MediaPlayerService(  744): [8] notify (0x522e8, 200, 704, 0)
W/MediaPlayer( 1435): info/warning (704, 0)
D/MstarPlayer(  744): percent: 0
I/MediaPlayer.java( 1435): Info (704,0)
D/MediaPlayerService(  744): [8] notify (0x522e8, 200, 704, 0)
W/MediaPlayer( 1435): info/warning (704, 0)
D/MstarPlayer(  744): percent: 0
I/MediaPlayer.java( 1435): Info (704,0)
D/DataSource_M3U8(  744): 
D/DataSource_M3U8(  744):  Warnig::  getValidBufferLength()  <  Codec require !!!
D/MediaPlayerService(  744): [8] notify (0x522e8, 200, 704, 0)
D/MstarPlayer(  744): percent: 0
W/MediaPlayer( 1435): info/warning (704, 0)
I/MediaPlayer.java( 1435): Info (704,0)
D/MediaPlayerService(  744): [8] notify (0x522e8, 200, 704, 0)
D/MstarPlayer(  744): percent: 0
W/MediaPlayer( 1435): info/warning (704, 0)
I/MediaPlayer.java( 1435): Info (704,0)
D/Downloader(  744): Content-Length: 172
D/Downloader(  744): 
D/Downloader(  744): Downloadserver bandWidth:3510
D/Downloader(  744): Downloadserver bandWidth:3510
D/Downloader(  744): Downloadserver bandWidth:3510
D/Downloader(  744): Downloadserver bandWidth:3510
D/MediaPlayerService(  744): [8] notify (0x522e8, 200, 704, 0)
D/MstarPlayer(  744): percent: 0
W/MediaPlayer( 1435): info/warning (704, 0)
I/MediaPlayer.java( 1435): Info (704,0)
D/MediaPlayerService(  744): [8] notify (0x522e8, 200, 704, 0)
D/MstarPlayer(  744): percent: 0
W/MediaPlayer( 1435): info/warning (704, 0)
I/MediaPlayer.java( 1435): Info (704,0)
D/DataSource_M3U8(  744): u32HLSSreamNum[0]===>u32BandWidth:1200000 
D/DataSource_M3U8(  744): getHLSPlayListInex  DownloadBandWidth:3510   uInDex=0
D/DataSource_M3U8(  744): [M3U8] checkShouldStartNext :[134](172/172)   sequence:0  start next:135  
D/DataSource_M3U8(  744): 
D/DataSource_M3U8(  744): 
D/DataSource_M3U8(  744): 
D/DataSource_M3U8(  744): [M3U8]-7----->This :0x30fd0 --> post cmd for start next url:http://cibn-iss1.longvisionmedia.com:8088/vod/CIBN2013_CIBN2113040100001913_12001300/135.ts, knowedFileSize:0, mCurDowningIndex:134
D/DataSource_M3U8(  744): 
D/DataSource_M3U8(  744): 
D/Downloader(  744): [downloadThread]Downloader::removeTask  
D/Downloader(  744): [downloadThread]task have range string:0- 
D/MediaPlayerService(  744): [8] notify (0x522e8, 200, 704, 0)
D/MstarPlayer(  744): percent: 0
W/MediaPlayer( 1435): info/warning (704, 0)
I/MediaPlayer.java( 1435): Info (704,0)
D/MediaPlayerService(  744): [8] notify (0x522e8, 200, 704, 0)
D/MstarPlayer(  744): percent: 0
W/MediaPlayer( 1435): info/warning (704, 0)
I/MediaPlayer.java( 1435): Info (704,0)
D/dalvikvm( 1505): GC_CONCURRENT freed 475K, 78% free 1379K/6019K, paused 1ms+1ms
D/MediaPlayerService(  744): [8] notify (0x522e8, 200, 704, 0)
D/MstarPlayer(  744): percent: 0
W/MediaPlayer( 1435): info/warning (704, 0)
I/MediaPlayer.java( 1435): Info (704,0)
D/MediaPlayerService(  744): [8] notify (0x522e8, 200, 704, 0)
D/MstarPlayer(  744): percent: 0
W/MediaPlayer( 1435): info/warning (704, 0)
I/MediaPlayer.java( 1435): Info (704,0)
D/MediaPlayerService(  744): [8] notify (0x522e8, 200, 704, 0)
D/MstarPlayer(  744): percent: 0
W/MediaPlayer( 1435): info/warning (704, 0)
I/MediaPlayer.java( 1435): Info (704,0)
D/MediaPlayerService(  744): [8] notify (0x522e8, 200, 704, 0)
D/MstarPlayer(  744): percent: 0
W/MediaPlayer( 1435): info/warning (704, 0)
I/MediaPlayer.java( 1435): Info (704,0)
D/MediaPlayerService(  744): [8] notify (0x522e8, 200, 704, 0)
D/MstarPlayer(  744): percent: 0
W/MediaPlayer( 1435): info/warning (704, 0)
I/MediaPlayer.java( 1435): Info (704,0)
D/dalvikvm( 1505): GC_CONCURRENT freed 444K, 77% free 1429K/6019K, paused 1ms+1ms
D/Downloader(  744): Content-Length: 172
D/Downloader(  744): 
D/Downloader(  744): Downloadserver bandWidth:3790
D/Downloader(  744): Downloadserver bandWidth:3790
D/Downloader(  744): Downloadserver bandWidth:3790
D/Downloader(  744): Downloadserver bandWidth:3790
D/MediaPlayerService(  744): [8] notify (0x522e8, 200, 704, 0)
D/MstarPlayer(  744): percent: 0
W/MediaPlayer( 1435): info/warning (704, 0)
I/MediaPlayer.java( 1435): Info (704,0)
D/MediaPlayerService(  744): [8] notify (0x522e8, 200, 704, 0)
D/MstarPlayer(  744): percent: 0
W/MediaPlayer( 1435): info/warning (704, 0)
I/MediaPlayer.java( 1435): Info (704,0)
D/MediaPlayerService(  744): [8] notify (0x522e8, 200, 704, 0)
D/MstarPlayer(  744): percent: 0
W/MediaPlayer( 1435): info/warning (704, 0)
I/MediaPlayer.java( 1435): Info (704,0)
D/DataSource_M3U8(  744): u32HLSSreamNum[0]===>u32BandWidth:1200000 
D/DataSource_M3U8(  744): getHLSPlayListInex  DownloadBandWidth:3790   uInDex=0
D/DataSource_M3U8(  744): [M3U8] checkShouldStartNext :[135](172/172)   sequence:0  start next:136  
D/DataSource_M3U8(  744): 
D/DataSource_M3U8(  744): 
D/DataSource_M3U8(  744): 
D/DataSource_M3U8(  744): [M3U8]-7----->This :0x30fd0 --> post cmd for start next url:http://cibn-iss1.longvisionmedia.com:8088/vod/CIBN2013_CIBN2113040100001913_12001300/136.ts, knowedFileSize:0, mCurDowningIndex:135
D/DataSource_M3U8(  744): 
D/DataSource_M3U8(  744): 
D/Downloader(  744): [downloadThread]Downloader::removeTask  
D/Downloader(  744): [downloadThread]task have range string:0- 
D/dalvikvm( 1505): GC_CONCURRENT freed 490K, 78% free 1332K/6019K, paused 1ms+1ms
D/MediaPlayerService(  744): [8] notify (0x522e8, 3, 31, 0)
D/MediaPlayerService(  744): [8] notify (0x522e8, 200, 704, 0)
D/MstarPlayer(  744): percent: 0
W/MediaPlayer( 1435): info/warning (704, 0)
I/MediaPlayer.java( 1435): Info (704,0)
D/MediaPlayerService(  744): [8] notify (0x522e8, 200, 704, 0)
D/MstarPlayer(  744): percent: 0
W/MediaPlayer( 1435): info/warning (704, 0)
I/MediaPlayer.java( 1435): Info (704,0)
D/MediaPlayerService(  744): [8] notify (0x522e8, 200, 704, 0)
D/MstarPlayer(  744): percent: 0
W/MediaPlayer( 1435): info/warning (704, 0)
I/MediaPlayer.java( 1435): Info (704,0)
D/dalvikvm( 1505): GC_CONCURRENT freed 395K, 78% free 1332K/6019K, paused 2ms+1ms
D/MediaPlayerService(  744): [8] notify (0x522e8, 200, 704, 0)
D/MstarPlayer(  744): percent: 0
W/MediaPlayer( 1435): info/warning (704, 0)
I/MediaPlayer.java( 1435): Info (704,0)
E/MediaControler( 1435): seek:208000
E/MediaControler( 1435): tmp tmp:2705999
E/MediaControler( 1435): seek actual:208000
D/MstarPlayer(  744): ==========MstarPlayer::seekTo 208000
D/MstarPlayer(  744): set MS_PLAYER_DO_SEEK:msec=208000
D/VideoPlayer( 1435): onPlayResume
D/MediaPlayerService(  744): [8] notify (0x522e8, 200, 704, 0)
D/MstarPlayer(  744): percent: 0
D/IMMPlayer(  744): Send MM_SetTrickMode
D/IMMPlayer(  744): u32Item:1
D/IMMPlayer(  744): stTrickInfo->eMode:1
D/IMMPlayer(  744): stTrickInfo->eSpeed:1
W/MediaPlayer( 1435): info/warning (704, 0)
D/IMMPlayer(  744): Get ret:0
D/DataSource_M3U8(  744): =========seekByTime  mBitRate : -1  
D/Downloader(  744): [downloadThread]background worker recv DOWNLOADER_COMMAND_REMOVE_TASK
D/Downloader(  744): [downloadThread]Downloader::removeTask  
D/Downloader(  744): [downloadThread]DOWNLOADER_COMMAND_REMOVE_TASK done
I//lib/ld-linux.so.3(  748): 1. Mode: 1, Speed: 1.
I/MediaPlayer.java( 1435): Info (704,0)
D/DataSource_M3U8(  744): =========[M3U8]------>post cmd for seek to new url:http://cibn-iss1.longvisionmedia.com:8088/vod/CIBN2013_CIBN2113040100001913_12001300/35.ts, knowedFileSize:0, mCurDowningIndex:0
D/Downloader(  744): [downloadThread]Downloader::removeTask  
D/Downloader(  744): [downloadThread]task have range string:0- 
D/IMMPlayer(  744): Send MM_DemuxReset with bDisableSync
I//lib/ld-linux.so.3(  748): DemuxReset
D/dalvikvm( 1505): GC_CONCURRENT freed 394K, 77% free 1419K/6019K, paused 1ms+1ms

I//lib/ld-linux.so.3(  748): Load AAC Audio Codec.
I//lib/ld-linux.so.3(  748): ========AAC Audio Codec========
I//lib/ld-linux.so.3(  748): ===== Check Audio Decoder Protection from hash-key IP =====
I//lib/ld-linux.so.3(  748): Hash-key Support DD.
I//lib/ld-linux.so.3(  748): Hash-key Support DD+.
I//lib/ld-linux.so.3(  748): Hash-key Support Generic HE-AAC !!
I//lib/ld-linux.so.3(  748): Hash-key Support WMA.
I//lib/ld-linux.so.3(  748): Hash-key Support DRA.
I//lib/ld-linux.so.3(  748): ===== Check Protection IP End                         =====
I//lib/ld-linux.so.3(  748): ******Amplifier_TI5707_SWMute(0)
I//lib/ld-linux.so.3(  748): 5707write fail = 7
I//lib/ld-linux.so.3(  748): 5707write fail = 7
I//lib/ld-linux.so.3(  748): 5707write fail = 7
I//lib/ld-linux.so.3(  748): 5707write fail = 7
I//lib/ld-linux.so.3(  748): 5707write fail = 6
D/Downloader(  744): Content-Length: 172
D/Downloader(  744): 
D/Downloader(  744): Downloadserver bandWidth:3728
D/Downloader(  744): Downloadserver bandWidth:3728
D/Downloader(  744): Downloadserver bandWidth:3728
D/Downloader(  744): Downloadserver bandWidth:3718
I//lib/ld-linux.so.3(  748): MB_VDPLAYER_DMX_RESET
D/IMMPlayer(  744): Get ret:0
D/MstarPlayer(  744): buffer valide data size :0xac ,waiting....
I//lib/ld-linux.so.3(  748): DemuxReset, done
D/MstarPlayer(  744): buffer valide data size :0xac ,waiting....
D/MstarPlayer(  744): buffer valide data size :0xac ,waiting....
D/MstarPlayer(  744): buffer valide data size :0xac ,waiting....
D/MstarPlayer(  744): buffer valide data size :0xac ,waiting....
D/DataSource_M3U8(  744): u32HLSSreamNum[0]===>u32BandWidth:1200000 
D/DataSource_M3U8(  744): getHLSPlayListInex  DownloadBandWidth:3718   uInDex=0
D/DataSource_M3U8(  744): [M3U8] checkShouldStartNext :[35](172/172)   sequence:0  start next:36  
D/DataSource_M3U8(  744): 
D/DataSource_M3U8(  744): 
D/DataSource_M3U8(  744): 
D/DataSource_M3U8(  744): [M3U8]-7----->This :0x30fd0 --> post cmd for start next url:http://cibn-iss1.longvisionmedia.com:8088/vod/CIBN2013_CIBN2113040100001913_12001300/36.ts, knowedFileSize:0, mCurDowningIndex:35
D/DataSource_M3U8(  744): 
D/DataSource_M3U8(  744): 
D/Downloader(  744): [downloadThread]Downloader::removeTask  
D/Downloader(  744): [downloadThread]task have range string:0- 
D/MstarPlayer(  744): buffer valide data size :0xac ,waiting....
D/MstarPlayer(  744): buffer valide data size :0xac ,waiting....
D/MstarPlayer(  744): buffer valide data size :0xac ,waiting....
D/MstarPlayer(  744): buffer valide data size :0xac ,waiting....
D/MstarPlayer(  744): buffer valide data size :0xac ,waiting....
D/MstarPlayer(  744): buffer valide data size :0xac ,waiting....
D/DataSource_M3U8(  744): 
D/DataSource_M3U8(  744):  Warnig::  getValidBufferLength()  <  Codec require !!!
D/MstarPlayer(  744): buffer valide data size :0x0 ,waiting....
D/Downloader(  744): Content-Length: 172
D/Downloader(  744): 
D/Downloader(  744): Downloadserver bandWidth:1757
D/Downloader(  744): Downloadserver bandWidth:1757
D/Downloader(  744): Downloadserver bandWidth:1757
D/Downloader(  744): Downloadserver bandWidth:1757
D/MstarPlayer(  744): buffer valide data size :0xac ,waiting....
D/MstarPlayer(  744): buffer valide data size :0xac ,waiting....
D/MstarPlayer(  744): buffer valide data size :0xac ,waiting....
D/DataSource_M3U8(  744): u32HLSSreamNum[0]===>u32BandWidth:1200000 
D/DataSource_M3U8(  744): getHLSPlayListInex  DownloadBandWidth:1757   uInDex=0
D/DataSource_M3U8(  744): [M3U8] checkShouldStartNext :[36](172/172)   sequence:0  start next:37  
D/DataSource_M3U8(  744): 
D/DataSource_M3U8(  744): 
D/DataSource_M3U8(  744): 
D/DataSource_M3U8(  744): [M3U8]-7----->This :0x30fd0 --> post cmd for start next url:http://cibn-iss1.longvisionmedia.com:8088/vod/CIBN2013_CIBN2113040100001913_12001300/37.ts, knowedFileSize:0, mCurDowningIndex:36
D/DataSource_M3U8(  744): 
D/DataSource_M3U8(  744): 
D/Downloader(  744): [downloadThread]Downloader::removeTask  
D/Downloader(  744): [downloadThread]task have range string:0- 
D/MstarPlayer(  744): buffer valide data size :0xac ,waiting....
D/MstarPlayer(  744): buffer valide data size :0xac ,waiting....
D/MstarPlayer(  744): buffer valide data size :0xac ,waiting....
D/MstarPlayer(  744): buffer valide data size :0xac ,waiting....
D/MstarPlayer(  744): buffer valide data size :0xac ,waiting....
D/Downloader(  744): Content-Length: 172
D/Downloader(  744): 
D/Downloader(  744): Downloadserver bandWidth:2340
D/Downloader(  744): Downloadserver bandWidth:2340
D/Downloader(  744): Downloadserver bandWidth:2340
D/Downloader(  744): Downloadserver bandWidth:2340
D/MstarPlayer(  744): buffer valide data size :0x158 ,waiting....
D/DataSource_M3U8(  744): 
D/DataSource_M3U8(  744):  Warnig::  getValidBufferLength()  <  Codec require !!!
D/MstarPlayer(  744): buffer valide data size :0x0 ,waiting....
D/MstarPlayer(  744): buffer valide data size :0x0 ,waiting....
D/MstarPlayer(  744): buffer valide data size :0x0 ,waiting....
D/MstarPlayer(  744): buffer valide data size :0x0 ,waiting....
D/DataSource_M3U8(  744): u32HLSSreamNum[0]===>u32BandWidth:1200000 
D/DataSource_M3U8(  744): getHLSPlayListInex  DownloadBandWidth:2340   uInDex=0
D/DataSource_M3U8(  744): [M3U8] checkShouldStartNext :[37](172/172)   sequence:0  start next:38  
D/DataSource_M3U8(  744): 
D/DataSource_M3U8(  744): 
D/DataSource_M3U8(  744): 
D/DataSource_M3U8(  744): [M3U8]-7----->This :0x30fd0 --> post cmd for start next url:http://cibn-iss1.longvisionmedia.com:8088/vod/CIBN2013_CIBN2113040100001913_12001300/38.ts, knowedFileSize:0, mCurDowningIndex:37
D/DataSource_M3U8(  744): 
D/DataSource_M3U8(  744): 
D/Downloader(  744): [downloadThread]Downloader::removeTask  
D/Downloader(  744): [downloadThread]task have range string:0- 
D/MstarPlayer(  744): buffer valide data size :0x0 ,waiting....
D/dalvikvm( 1505): GC_CONCURRENT freed 501K, 78% free 1372K/6019K, paused 1ms+1ms
D/MstarPlayer(  744): buffer valide data size :0x0 ,waiting....
D/dalvikvm( 1505): GC_CONCURRENT freed 451K, 79% free 1315K/6019K, paused 1ms+1ms
D/MstarPlayer(  744): buffer valide data size :0x0 ,waiting....
D/MstarPlayer(  744): buffer valide data size :0x0 ,waiting....
D/dalvikvm( 1505): GC_CONCURRENT freed 394K, 79% free 1313K/6019K, paused 1ms+0ms
D/MstarPlayer(  744): buffer valide data size :0x0 ,waiting....
D/Downloader(  744): Content-Length: 172
D/Downloader(  744): 
D/Downloader(  744): Downloadserver bandWidth:2708
D/Downloader(  744): Downloadserver bandWidth:2708
D/Downloader(  744): Downloadserver bandWidth:2708
D/Downloader(  744): Downloadserver bandWidth:2708
D/DataSource_M3U8(  744): u32HLSSreamNum[0]===>u32BandWidth:1200000 
D/DataSource_M3U8(  744): getHLSPlayListInex  DownloadBandWidth:2708   uInDex=0
D/DataSource_M3U8(  744): [M3U8] checkShouldStartNext :[38](172/172)   sequence:0  start next:39  
D/DataSource_M3U8(  744): 
D/DataSource_M3U8(  744): 
D/DataSource_M3U8(  744): 
D/DataSource_M3U8(  744): [M3U8]-7----->This :0x30fd0 --> post cmd for start next url:http://cibn-iss1.longvisionmedia.com:8088/vod/CIBN2013_CIBN2113040100001913_12001300/39.ts, knowedFileSize:0, mCurDowningIndex:38
D/DataSource_M3U8(  744): 
D/DataSource_M3U8(  744): 
D/Downloader(  744): [downloadThread]Downloader::removeTask  
D/Downloader(  744): [downloadThread]task have range string:0- 
D/IMMPlayer(  744): Send MM_SetTrickMode
D/IMMPlayer(  744): u32Item:1
D/IMMPlayer(  744): stTrickInfo->eMode:0
D/IMMPlayer(  744): stTrickInfo->eSpeed:1
D/IMMPlayer(  744): Get ret:0
D/MediaPlayerService(  744): [8] notify (0x522e8, 4, 0, 0)
D/MstarPlayer(  744): <<<<<<< seek done>>>>>>>>>
D/MediaPlayerService(  744): [8] notify (0x522e8, 3, 9, 0)
D/MediaPlayerService(  744): [8] notify (0x522e8, 200, 704, 0)
D/MstarPlayer(  744): percent: 0
W/MediaPlayer( 1435): info/warning (704, 0)
I//lib/ld-linux.so.3(  748): 1. Mode: 0, Speed: 1.
I//lib/ld-linux.so.3(  748): SetTrickMode, Mode: 0, Speed: 1.
I//lib/ld-linux.so.3(  748): Send to Co-processor: eMode: 0, eSpeed: 1.
D/DataSource_M3U8(  744): 
D/DataSource_M3U8(  744):  Warnig::  getValidBufferLength()  <  Codec require !!!
D/dalvikvm( 1505): GC_CONCURRENT freed 394K, 78% free 1355K/6019K, paused 1ms+1ms
I/MediaPlayer.java( 1435): Info (704,0)
D/MstarPlayer(  744): Get Others event : 22
D/MediaPlayerService(  744): [8] notify (0x522e8, 200, 704, 0)
D/MstarPlayer(  744): percent: 0
W/MediaPlayer( 1435): info/warning (704, 0)
I/MediaPlayer.java( 1435): Info (704,0)
D/MediaPlayerService(  744): [8] notify (0x522e8, 200, 704, 0)
D/MstarPlayer(  744): percent: 0
W/MediaPlayer( 1435): info/warning (704, 0)
I/MediaPlayer.java( 1435): Info (704,0)
D/MediaPlayerService(  744): [8] notify (0x522e8, 200, 704, 0)
D/MstarPlayer(  744): percent: 0
W/MediaPlayer( 1435): info/warning (704, 0)
I/MediaPlayer.java( 1435): Info (704,0)
D/MediaPlayerService(  744): [8] notify (0x522e8, 200, 704, 0)
D/MstarPlayer(  744): percent: 0
W/MediaPlayer( 1435): info/warning (704, 0)
I/MediaPlayer.java( 1435): Info (704,0)
D/MediaPlayerService(  744): [8] notify (0x522e8, 200, 704, 0)
D/MstarPlayer(  744): percent: 0
W/MediaPlayer( 1435): info/warning (704, 0)
I/MediaPlayer.java( 1435): Info (704,0)
D/MediaPlayerService(  744): [8] notify (0x522e8, 200, 704, 0)
D/MstarPlayer(  744): percent: 0
W/MediaPlayer( 1435): info/warning (704, 0)
I/MediaPlayer.java( 1435): Info (704,0)
D/MediaPlayerService(  744): [8] notify (0x522e8, 200, 704, 0)
D/MstarPlayer(  744): percent: 0
W/MediaPlayer( 1435): info/warning (704, 0)
I/MediaPlayer.java( 1435): Info (704,0)
D/Downloader(  744): Content-Length: 172
D/Downloader(  744): 
D/Downloader(  744): Downloadserver bandWidth:2927
D/Downloader(  744): Downloadserver bandWidth:2927
D/Downloader(  744): Downloadserver bandWidth:2927
D/Downloader(  744): Downloadserver bandWidth:2927
D/MediaPlayerService(  744): [8] notify (0x522e8, 200, 704, 0)
D/MstarPlayer(  744): percent: 0
W/MediaPlayer( 1435): info/warning (704, 0)
I/MediaPlayer.java( 1435): Info (704,0)
D/DataSource_M3U8(  744): u32HLSSreamNum[0]===>u32BandWidth:1200000 
D/DataSource_M3U8(  744): getHLSPlayListInex  DownloadBandWidth:2927   uInDex=0
D/DataSource_M3U8(  744): [M3U8] checkShouldStartNext :[39](172/172)   sequence:0  start next:40  
D/DataSource_M3U8(  744): 
D/DataSource_M3U8(  744): 
D/DataSource_M3U8(  744): 
D/DataSource_M3U8(  744): [M3U8]-7----->This :0x30fd0 --> post cmd for start next url:http://cibn-iss1.longvisionmedia.com:8088/vod/CIBN2013_CIBN2113040100001913_12001300/40.ts, knowedFileSize:0, mCurDowningIndex:39
D/DataSource_M3U8(  744): 
D/DataSource_M3U8(  744): 
D/Downloader(  744): [downloadThread]Downloader::removeTask  
D/Downloader(  744): [downloadThread]task have range string:0- 
D/MediaPlayerService(  744): [8] notify (0x522e8, 200, 704, 0)
D/MstarPlayer(  744): percent: 0
W/MediaPlayer( 1435): info/warning (704, 0)
I/MediaPlayer.java( 1435): Info (704,0)
D/MediaPlayerService(  744): [8] notify (0x522e8, 200, 704, 0)
D/MstarPlayer(  744): percent: 0
W/MediaPlayer( 1435): info/warning (704, 0)
I/MediaPlayer.java( 1435): Info (704,0)
D/MediaPlayerService(  744): [8] notify (0x522e8, 200, 704, 0)
D/MstarPlayer(  744): percent: 0
W/MediaPlayer( 1435): info/warning (704, 0)
I/MediaPlayer.java( 1435): Info (704,0)
D/MediaPlayerService(  744): [8] notify (0x522e8, 200, 704, 0)
D/MstarPlayer(  744): percent: 0
W/MediaPlayer( 1435): info/warning (704, 0)
I/MediaPlayer.java( 1435): Info (704,0)
D/MediaPlayerService(  744): [8] notify (0x522e8, 200, 704, 0)
D/MstarPlayer(  744): percent: 0
W/MediaPlayer( 1435): info/warning (704, 0)
I/MediaPlayer.java( 1435): Info (704,0)
D/MediaPlayerService(  744): [8] notify (0x522e8, 200, 704, 0)
D/MstarPlayer(  744): percent: 0
W/MediaPlayer( 1435): info/warning (704, 0)
I/MediaPlayer.java( 1435): Info (704,0)
D/Downloader(  744): Content-Length: 172
D/Downloader(  744): 
D/Downloader(  744): Downloadserver bandWidth:4482
D/Downloader(  744): Downloadserver bandWidth:4482
D/Downloader(  744): Downloadserver bandWidth:4482
D/Downloader(  744): Downloadserver bandWidth:4482
D/MediaPlayerService(  744): [8] notify (0x522e8, 200, 704, 0)
D/MstarPlayer(  744): percent: 0
W/MediaPlayer( 1435): info/warning (704, 0)
I/MediaPlayer.java( 1435): Info (704,0)
D/MediaPlayerService(  744): [8] notify (0x522e8, 200, 704, 0)
D/MstarPlayer(  744): percent: 0
W/MediaPlayer( 1435): info/warning (704, 0)
I/MediaPlayer.java( 1435): Info (704,0)
D/MediaPlayerService(  744): [8] notify (0x522e8, 200, 704, 0)
D/MstarPlayer(  744): percent: 0
W/MediaPlayer( 1435): info/warning (704, 0)
I/MediaPlayer.java( 1435): Info (704,0)
D/dalvikvm( 1505): GC_CONCURRENT freed 433K, 78% free 1360K/6019K, paused 1ms+1ms
D/MediaPlayerService(  744): [8] notify (0x522e8, 200, 704, 0)
D/MstarPlayer(  744): percent: 0
W/MediaPlayer( 1435): info/warning (704, 0)
I/MediaPlayer.java( 1435): Info (704,0)
D/DataSource_M3U8(  744): u32HLSSreamNum[0]===>u32BandWidth:1200000 
D/DataSource_M3U8(  744): getHLSPlayListInex  DownloadBandWidth:4482   uInDex=0
D/DataSource_M3U8(  744): [M3U8] checkShouldStartNext :[40](172/172)   sequence:0  start next:41  
D/DataSource_M3U8(  744): 
D/DataSource_M3U8(  744): 
D/DataSource_M3U8(  744): 
D/DataSource_M3U8(  744): [M3U8]-7----->This :0x30fd0 --> post cmd for start next url:http://cibn-iss1.longvisionmedia.com:8088/vod/CIBN2013_CIBN2113040100001913_12001300/41.ts, knowedFileSize:0, mCurDowningIndex:40
D/DataSource_M3U8(  744): 
D/DataSource_M3U8(  744): 
D/Downloader(  744): [downloadThread]Downloader::removeTask  
D/Downloader(  744): [downloadThread]task have range string:0- 
D/MediaPlayerService(  744): [8] notify (0x522e8, 3, 10, 0)
D/MediaPlayerService(  744): [8] notify (0x522e8, 200, 704, 0)
D/MstarPlayer(  744): percent: 0
W/MediaPlayer( 1435): info/warning (704, 0)
I/MediaPlayer.java( 1435): Info (704,0)
D/MediaPlayerService(  744): [8] notify (0x522e8, 200, 704, 0)
D/MstarPlayer(  744): percent: 0
W/MediaPlayer( 1435): info/warning (704, 0)
I/MediaPlayer.java( 1435): Info (704,0)
D/DataSource_M3U8(  744): 
D/DataSource_M3U8(  744):  Warnig::  getValidBufferLength()  <  Codec require !!!
D/MediaPlayerService(  744): [8] notify (0x522e8, 200, 704, 0)
D/MstarPlayer(  744): percent: 0
W/MediaPlayer( 1435): info/warning (704, 0)
I/MediaPlayer.java( 1435): Info (704,0)
D/MediaPlayerService(  744): [8] notify (0x522e8, 200, 704, 0)
D/MstarPlayer(  744): percent: 0
W/MediaPlayer( 1435): info/warning (704, 0)
I/MediaPlayer.java( 1435): Info (704,0)
D/MediaPlayerService(  744): [8] notify (0x522e8, 200, 704, 0)
D/MstarPlayer(  744): percent: 0
W/MediaPlayer( 1435): info/warning (704, 0)
I/MediaPlayer.java( 1435): Info (704,0)
D/dalvikvm( 1505): GC_CONCURRENT freed 442K, 77% free 1412K/6019K, paused 1ms+1ms
D/MediaPlayerService(  744): [8] notify (0x522e8, 200, 704, 0)
D/MstarPlayer(  744): percent: 0
W/MediaPlayer( 1435): info/warning (704, 0)
I/MediaPlayer.java( 1435): Info (704,0)
D/MediaPlayerService(  744): [8] notify (0x522e8, 200, 704, 0)
D/MstarPlayer(  744): percent: 0
W/MediaPlayer( 1435): info/warning (704, 0)
I/MediaPlayer.java( 1435): Info (704,0)
D/MediaPlayerService(  744): [8] notify (0x522e8, 200, 704, 0)
D/MstarPlayer(  744): percent: 0
W/MediaPlayer( 1435): info/warning (704, 0)
I/MediaPlayer.java( 1435): Info (704,0)
D/dalvikvm( 1505): GC_CONCURRENT freed 489K, 77% free 1397K/6019K, paused 1ms+1ms
D/MediaPlayerService(  744): [8] notify (0x522e8, 200, 704, 0)
D/MstarPlayer(  744): percent: 0
W/MediaPlayer( 1435): info/warning (704, 0)
I/MediaPlayer.java( 1435): Info (704,0)
D/MediaPlayerService(  744): [8] notify (0x522e8, 200, 704, 0)
D/MstarPlayer(  744): percent: 0
W/MediaPlayer( 1435): info/warning (704, 0)
I/MediaPlayer.java( 1435): Info (704,0)
D/MediaPlayerService(  744): [8] notify (0x522e8, 200, 704, 0)
D/MstarPlayer(  744): percent: 0
W/MediaPlayer( 1435): info/warning (704, 0)
I/MediaPlayer.java( 1435): Info (704,0)
D/Downloader(  744): Content-Length: 172
D/Downloader(  744): 
D/Downloader(  744): Downloadserver bandWidth:2567
D/Downloader(  744): Downloadserver bandWidth:2567
D/Downloader(  744): Downloadserver bandWidth:2567
D/Downloader(  744): Downloadserver bandWidth:2567
D/dalvikvm( 1505): GC_CONCURRENT freed 475K, 78% free 1361K/6019K, paused 1ms+1ms
D/MediaPlayerService(  744): [8] notify (0x522e8, 200, 704, 0)
W/MediaPlayer( 1435): info/warning (704, 0)
I/MediaPlayer.java( 1435): Info (704,0)
D/MstarPlayer(  744): percent: 0
D/MediaPlayerService(  744): [8] notify (0x522e8, 200, 704, 0)
D/MstarPlayer(  744): percent: 0
W/MediaPlayer( 1435): info/warning (704, 0)
I/MediaPlayer.java( 1435): Info (704,0)
D/MediaPlayerService(  744): [8] notify (0x522e8, 200, 704, 0)
D/MstarPlayer(  744): percent: 0
W/MediaPlayer( 1435): info/warning (704, 0)
I/MediaPlayer.java( 1435): Info (704,0)
D/MediaPlayerService(  744): [8] notify (0x522e8, 200, 704, 0)
D/MstarPlayer(  744): percent: 0
W/MediaPlayer( 1435): info/warning (704, 0)
I/MediaPlayer.java( 1435): Info (704,0)
D/MediaPlayerService(  744): [8] notify (0x522e8, 200, 704, 0)
D/MstarPlayer(  744): percent: 0
W/MediaPlayer( 1435): info/warning (704, 0)
I/MediaPlayer.java( 1435): Info (704,0)
D/MediaPlayerService(  744): [8] notify (0x522e8, 200, 704, 0)
D/MstarPlayer(  744): percent: 0
W/MediaPlayer( 1435): info/warning (704, 0)
I/MediaPlayer.java( 1435): Info (704,0)
D/dalvikvm( 1505): GC_CONCURRENT freed 446K, 77% free 1411K/6019K, paused 1ms+1ms
D/MediaPlayerService(  744): [8] notify (0x522e8, 200, 704, 0)
D/MstarPlayer(  744): percent: 0
W/MediaPlayer( 1435): info/warning (704, 0)
I/MediaPlayer.java( 1435): Info (704,0)
D/MediaPlayerService(  744): [8] notify (0x522e8, 200, 704, 0)
D/MstarPlayer(  744): percent: 0
W/MediaPlayer( 1435): info/warning (704, 0)
I/MediaPlayer.java( 1435): Info (704,0)
D/MediaPlayerService(  744): [8] notify (0x522e8, 200, 704, 0)
D/MstarPlayer(  744): percent: 0
W/MediaPlayer( 1435): info/warning (704, 0)
I/MediaPlayer.java( 1435): Info (704,0)
D/DataSource_M3U8(  744): u32HLSSreamNum[0]===>u32BandWidth:1200000 
D/DataSource_M3U8(  744): getHLSPlayListInex  DownloadBandWidth:2567   uInDex=0
D/DataSource_M3U8(  744): [M3U8] checkShouldStartNext :[41](172/172)   sequence:0  start next:42  
D/DataSource_M3U8(  744): 
D/DataSource_M3U8(  744): 
D/DataSource_M3U8(  744): 
D/DataSource_M3U8(  744): [M3U8]-7----->This :0x30fd0 --> post cmd for start next url:http://cibn-iss1.longvisionmedia.com:8088/vod/CIBN2013_CIBN2113040100001913_12001300/42.ts, knowedFileSize:0, mCurDowningIndex:41
D/DataSource_M3U8(  744): 
D/DataSource_M3U8(  744): 
D/Downloader(  744): [downloadThread]Downloader::removeTask  
D/Downloader(  744): [downloadThread]task have range string:0- 
D/dalvikvm( 1505): GC_CONCURRENT freed 492K, 77% free 1397K/6019K, paused 2ms+1ms
D/MediaPlayerService(  744): [8] notify (0x522e8, 200, 704, 0)
D/MstarPlayer(  744): percent: 0
W/MediaPlayer( 1435): info/warning (704, 0)
I/MediaPlayer.java( 1435): Info (704,0)
D/MediaPlayerService(  744): [8] notify (0x522e8, 200, 704, 0)
D/MstarPlayer(  744): percent: 0
W/MediaPlayer( 1435): info/warning (704, 0)
I/MediaPlayer.java( 1435): Info (704,0)
D/DataSource_M3U8(  744): 
D/DataSource_M3U8(  744):  Warnig::  getValidBufferLength()  <  Codec require !!!
D/MediaPlayerService(  744): [8] notify (0x522e8, 200, 704, 0)
D/MstarPlayer(  744): percent: 0
W/MediaPlayer( 1435): info/warning (704, 0)
I/MediaPlayer.java( 1435): Info (704,0)
D/MediaPlayerService(  744): [8] notify (0x522e8, 200, 704, 0)
D/MstarPlayer(  744): percent: 0
W/MediaPlayer( 1435): info/warning (704, 0)
I/MediaPlayer.java( 1435): Info (704,0)
D/dalvikvm( 1505): GC_CONCURRENT freed 477K, 78% free 1361K/6019K, paused 1ms+1ms
D/MediaPlayerService(  744): [8] notify (0x522e8, 200, 704, 0)
D/MstarPlayer(  744): percent: 0
W/MediaPlayer( 1435): info/warning (704, 0)
I/MediaPlayer.java( 1435): Info (704,0)
D/MediaPlayerService(  744): [8] notify (0x522e8, 200, 704, 0)
D/MstarPlayer(  744): percent: 0
W/MediaPlayer( 1435): info/warning (704, 0)
I/MediaPlayer.java( 1435): Info (704,0)
D/MediaPlayerService(  744): [8] notify (0x522e8, 200, 704, 0)
D/MstarPlayer(  744): percent: 0
W/MediaPlayer( 1435): info/warning (704, 0)
I/MediaPlayer.java( 1435): Info (704,0)
D/MediaPlayerService(  744): [8] notify (0x522e8, 200, 704, 0)
D/MstarPlayer(  744): percent: 0
W/MediaPlayer( 1435): info/warning (704, 0)
I/MediaPlayer.java( 1435): Info (704,0)
D/MediaPlayerService(  744): [8] notify (0x522e8, 200, 704, 0)
D/MstarPlayer(  744): percent: 0
W/MediaPlayer( 1435): info/warning (704, 0)
I/MediaPlayer.java( 1435): Info (704,0)
D/dalvikvm( 1505): GC_CONCURRENT freed 446K, 77% free 1412K/6019K, paused 1ms+1ms
D/MediaPlayerService(  744): [8] notify (0x522e8, 200, 704, 0)
D/MstarPlayer(  744): percent: 0
W/MediaPlayer( 1435): info/warning (704, 0)
I/MediaPlayer.java( 1435): Info (704,0)
D/MediaPlayerService(  744): [8] notify (0x522e8, 200, 704, 0)
D/MstarPlayer(  744): percent: 0
W/MediaPlayer( 1435): info/warning (704, 0)
I/MediaPlayer.java( 1435): Info (704,0)
D/MediaPlayerService(  744): [8] notify (0x522e8, 200, 704, 0)
D/MstarPlayer(  744): percent: 0
W/MediaPlayer( 1435): info/warning (704, 0)
I/MediaPlayer.java( 1435): Info (704,0)
D/MediaPlayerService(  744): [8] notify (0x522e8, 200, 704, 0)
D/MstarPlayer(  744): percent: 0
W/MediaPlayer( 1435): info/warning (704, 0)
I/MediaPlayer.java( 1435): Info (704,0)
D/dalvikvm( 1505): GC_CONCURRENT freed 492K, 77% free 1398K/6019K, paused 1ms+2ms
D/MediaPlayerService(  744): [8] notify (0x522e8, 200, 704, 0)
D/MstarPlayer(  744): percent: 0
W/MediaPlayer( 1435): info/warning (704, 0)
I/MediaPlayer.java( 1435): Info (704,0)
D/MediaPlayerService(  744): [8] notify (0x522e8, 200, 704, 0)
D/MstarPlayer(  744): percent: 0
W/MediaPlayer( 1435): info/warning (704, 0)
I/MediaPlayer.java( 1435): Info (704,0)
D/MediaPlayerService(  744): [8] notify (0x522e8, 200, 704, 0)
D/MstarPlayer(  744): percent: 0
W/MediaPlayer( 1435): info/warning (704, 0)
I/MediaPlayer.java( 1435): Info (704,0)
D/dalvikvm( 1505): GC_CONCURRENT freed 477K, 78% free 1361K/6019K, paused 2ms+1ms
D/Downloader(  744): Content-Length: 172
D/Downloader(  744): 
D/Downloader(  744): Downloadserver bandWidth:1665
D/Downloader(  744): Downloadserver bandWidth:1665
D/Downloader(  744): Downloadserver bandWidth:1665
D/Downloader(  744): Downloadserver bandWidth:1665
D/MediaPlayerService(  744): [8] notify (0x522e8, 200, 704, 0)
D/MstarPlayer(  744): percent: 0
W/MediaPlayer( 1435): info/warning (704, 0)
I/MediaPlayer.java( 1435): Info (704,0)
D/MediaPlayerService(  744): [8] notify (0x522e8, 200, 704, 0)
D/MstarPlayer(  744): percent: 0
W/MediaPlayer( 1435): info/warning (704, 0)
I/MediaPlayer.java( 1435): Info (704,0)
D/MediaPlayerService(  744): [8] notify (0x522e8, 200, 704, 0)
D/MstarPlayer(  744): percent: 0
W/MediaPlayer( 1435): info/warning (704, 0)
I/MediaPlayer.java( 1435): Info (704,0)
D/MediaPlayerService(  744): [8] notify (0x522e8, 200, 704, 0)
D/MstarPlayer(  744): percent: 0
W/MediaPlayer( 1435): info/warning (704, 0)
I/MediaPlayer.java( 1435): Info (704,0)
D/DataSource_M3U8(  744): u32HLSSreamNum[0]===>u32BandWidth:1200000 
D/DataSource_M3U8(  744): getHLSPlayListInex  DownloadBandWidth:1665   uInDex=0
D/DataSource_M3U8(  744): [M3U8] checkShouldStartNext :[42](172/172)   sequence:0  start next:43  
D/DataSource_M3U8(  744): 
D/DataSource_M3U8(  744): 
D/DataSource_M3U8(  744): 
D/DataSource_M3U8(  744): [M3U8]-7----->This :0x30fd0 --> post cmd for start next url:http://cibn-iss1.longvisionmedia.com:8088/vod/CIBN2013_CIBN2113040100001913_12001300/43.ts, knowedFileSize:0, mCurDowningIndex:42
D/DataSource_M3U8(  744): 
D/DataSource_M3U8(  744): 
D/Downloader(  744): [downloadThread]Downloader::removeTask  
D/Downloader(  744): [downloadThread]task have range string:0- 
D/MediaPlayerService(  744): [8] notify (0x522e8, 200, 704, 0)
D/MstarPlayer(  744): percent: 0
W/MediaPlayer( 1435): info/warning (704, 0)
I/MediaPlayer.java( 1435): Info (704,0)
D/dalvikvm( 1505): GC_CONCURRENT freed 446K, 77% free 1411K/6019K, paused 1ms+2ms
D/MediaPlayerService(  744): [8] notify (0x522e8, 200, 704, 0)
D/MstarPlayer(  744): percent: 0
W/MediaPlayer( 1435): info/warning (704, 0)
I/MediaPlayer.java( 1435): Info (704,0)
D/DataSource_M3U8(  744): 
D/DataSource_M3U8(  744):  Warnig::  getValidBufferLength()  <  Codec require !!!
D/MediaPlayerService(  744): [8] notify (0x522e8, 200, 704, 0)
D/MstarPlayer(  744): percent: 0
W/MediaPlayer( 1435): info/warning (704, 0)
I/MediaPlayer.java( 1435): Info (704,0)
D/MediaPlayerService(  744): [8] notify (0x522e8, 200, 704, 0)
D/MstarPlayer(  744): percent: 0
W/MediaPlayer( 1435): info/warning (704, 0)
I/MediaPlayer.java( 1435): Info (704,0)
D/MediaPlayerService(  744): [8] notify (0x522e8, 200, 704, 0)
D/MstarPlayer(  744): percent: 0
W/MediaPlayer( 1435): info/warning (704, 0)
I/MediaPlayer.java( 1435): Info (704,0)
D/dalvikvm( 1505): GC_CONCURRENT freed 492K, 77% free 1412K/6019K, paused 2ms+1ms
D/MediaPlayerService(  744): [8] notify (0x522e8, 200, 704, 0)
D/MstarPlayer(  744): percent: 0
W/MediaPlayer( 1435): info/warning (704, 0)
I/MediaPlayer.java( 1435): Info (704,0)
D/MediaPlayerService(  744): [8] notify (0x522e8, 200, 704, 0)
D/MstarPlayer(  744): percent: 0
W/MediaPlayer( 1435): info/warning (704, 0)
I/MediaPlayer.java( 1435): Info (704,0)
D/MediaPlayerService(  744): [8] notify (0x522e8, 200, 704, 0)
D/MstarPlayer(  744): percent: 0
W/MediaPlayer( 1435): info/warning (704, 0)
I/MediaPlayer.java( 1435): Info (704,0)
D/dalvikvm( 1505): GC_CONCURRENT freed 503K, 78% free 1334K/6019K, paused 1ms+2ms
D/MediaPlayerService(  744): [8] notify (0x522e8, 200, 704, 0)
D/MstarPlayer(  744): percent: 0
W/MediaPlayer( 1435): info/warning (704, 0)
I/MediaPlayer.java( 1435): Info (704,0)
D/MediaPlayerService(  744): [8] notify (0x522e8, 200, 704, 0)
D/MstarPlayer(  744): percent: 0
W/MediaPlayer( 1435): info/warning (704, 0)
I/MediaPlayer.java( 1435): Info (704,0)
D/MediaPlayerService(  744): [8] notify (0x522e8, 200, 704, 0)
D/MstarPlayer(  744): percent: 0
W/MediaPlayer( 1435): info/warning (704, 0)
I/MediaPlayer.java( 1435): Info (704,0)
D/MediaPlayerService(  744): [8] notify (0x522e8, 200, 704, 0)
D/MstarPlayer(  744): percent: 0
W/MediaPlayer( 1435): info/warning (704, 0)
I/MediaPlayer.java( 1435): Info (704,0)
D/MediaPlayerService(  744): [8] notify (0x522e8, 200, 704, 0)
D/MstarPlayer(  744): percent: 0
W/MediaPlayer( 1435): info/warning (704, 0)
I/MediaPlayer.java( 1435): Info (704,0)
D/Downloader(  744): Content-Length: 172
D/Downloader(  744): 
D/Downloader(  744): Downloadserver bandWidth:2050
D/Downloader(  744): Downloadserver bandWidth:2050
D/Downloader(  744): Downloadserver bandWidth:2050
D/Downloader(  744): Downloadserver bandWidth:2050
D/MediaPlayerService(  744): [8] notify (0x522e8, 200, 704, 0)
D/MstarPlayer(  744): percent: 0
W/MediaPlayer( 1435): info/warning (704, 0)
I/MediaPlayer.java( 1435): Info (704,0)
D/dalvikvm( 1505): GC_CONCURRENT freed 419K, 77% free 1411K/6019K, paused 2ms+1ms
D/MediaPlayerService(  744): [8] notify (0x522e8, 200, 704, 0)
D/MstarPlayer(  744): percent: 0
W/MediaPlayer( 1435): info/warning (704, 0)
I/MediaPlayer.java( 1435): Info (704,0)
D/MediaPlayerService(  744): [8] notify (0x522e8, 200, 704, 0)
D/MstarPlayer(  744): percent: 0
W/MediaPlayer( 1435): info/warning (704, 0)
I/MediaPlayer.java( 1435): Info (704,0)
D/MediaPlayerService(  744): [8] notify (0x522e8, 200, 704, 0)
D/MstarPlayer(  744): percent: 0
W/MediaPlayer( 1435): info/warning (704, 0)
I/MediaPlayer.java( 1435): Info (704,0)
D/dalvikvm( 1505): GC_CONCURRENT freed 490K, 77% free 1398K/6019K, paused 1ms+1ms
D/MediaPlayerService(  744): [8] notify (0x522e8, 200, 704, 0)
D/MstarPlayer(  744): percent: 0
W/MediaPlayer( 1435): info/warning (704, 0)
I/MediaPlayer.java( 1435): Info (704,0)
D/MediaPlayerService(  744): [8] notify (0x522e8, 200, 704, 0)
D/MstarPlayer(  744): percent: 0
W/MediaPlayer( 1435): info/warning (704, 0)
I/MediaPlayer.java( 1435): Info (704,0)
D/HomePlayerLib( 1505): hostaddress count is 1
D/dalvikvm( 1505): GC_CONCURRENT freed 485K, 77% free 1397K/6019K, paused 1ms+1ms
D/MediaPlayerService(  744): [8] notify (0x522e8, 200, 704, 0)
D/MstarPlayer(  744): percent: 0
W/MediaPlayer( 1435): info/warning (704, 0)
I/MediaPlayer.java( 1435): Info (704,0)
D/DataSource_M3U8(  744): u32HLSSreamNum[0]===>u32BandWidth:1200000 
D/DataSource_M3U8(  744): getHLSPlayListInex  DownloadBandWidth:2050   uInDex=0
D/DataSource_M3U8(  744): [M3U8] checkShouldStartNext :[43](172/172)   sequence:0  start next:44  
D/DataSource_M3U8(  744): 
D/DataSource_M3U8(  744): 
D/DataSource_M3U8(  744): 
D/DataSource_M3U8(  744): [M3U8]-7----->This :0x30fd0 --> post cmd for start next url:http://cibn-iss1.longvisionmedia.com:8088/vod/CIBN2013_CIBN2113040100001913_12001300/44.ts, knowedFileSize:0, mCurDowningIndex:43
D/DataSource_M3U8(  744): 
D/DataSource_M3U8(  744): 
D/Downloader(  744): [downloadThread]Downloader::removeTask  
D/Downloader(  744): [downloadThread]task have range string:0- 
D/MediaPlayerService(  744): [8] notify (0x522e8, 200, 704, 0)
D/MstarPlayer(  744): percent: 0
W/MediaPlayer( 1435): info/warning (704, 0)
I/MediaPlayer.java( 1435): Info (704,0)
D/dalvikvm( 1505): GC_CONCURRENT freed 464K, 76% free 1445K/6019K, paused 1ms+1ms
D/DataSource_M3U8(  744): 
D/DataSource_M3U8(  744):  Warnig::  getValidBufferLength()  <  Codec require !!!
D/MediaPlayerService(  744): [8] notify (0x522e8, 200, 704, 0)
D/MstarPlayer(  744): percent: 0
W/MediaPlayer( 1435): info/warning (704, 0)
I/MediaPlayer.java( 1435): Info (704,0)
D/dalvikvm( 1505): GC_CONCURRENT freed 522K, 78% free 1383K/6019K, paused 2ms+2ms
D/MediaPlayerService(  744): [8] notify (0x522e8, 200, 704, 0)
D/MstarPlayer(  744): percent: 0
W/MediaPlayer( 1435): info/warning (704, 0)
I/MediaPlayer.java( 1435): Info (704,0)
D/MediaPlayerService(  744): [8] notify (0x522e8, 200, 704, 0)
D/MstarPlayer(  744): percent: 0
W/MediaPlayer( 1435): info/warning (704, 0)
I/MediaPlayer.java( 1435): Info (704,0)
D/MediaPlayerService(  744): [8] notify (0x522e8, 200, 704, 0)
D/MstarPlayer(  744): percent: 0
W/MediaPlayer( 1435): info/warning (704, 0)
I/MediaPlayer.java( 1435): Info (704,0)
D/dalvikvm( 1505): GC_CONCURRENT freed 464K, 77% free 1414K/6019K, paused 1ms+1ms
D/MediaPlayerService(  744): [8] notify (0x522e8, 200, 704, 0)
D/MstarPlayer(  744): percent: 0
W/MediaPlayer( 1435): info/warning (704, 0)
I/MediaPlayer.java( 1435): Info (704,0)
D/MediaPlayerService(  744): [8] notify (0x522e8, 200, 704, 0)
D/MstarPlayer(  744): percent: 0
W/MediaPlayer( 1435): info/warning (704, 0)
I/MediaPlayer.java( 1435): Info (704,0)
D/dalvikvm( 1505): GC_CONCURRENT freed 490K, 79% free 1310K/6019K, paused 2ms+2ms
D/MediaPlayerService(  744): [8] notify (0x522e8, 200, 704, 0)
D/MstarPlayer(  744): percent: 0
W/MediaPlayer( 1435): info/warning (704, 0)
I/MediaPlayer.java( 1435): Info (704,0)
D/MediaPlayerService(  744): [8] notify (0x522e8, 200, 704, 0)
D/MstarPlayer(  744): percent: 0
W/MediaPlayer( 1435): info/warning (704, 0)
I/MediaPlayer.java( 1435): Info (704,0)
D/dalvikvm( 1505): GC_CONCURRENT freed 353K, 76% free 1468K/6019K, paused 2ms+1ms
D/MediaPlayerService(  744): [8] notify (0x522e8, 200, 704, 0)
D/MstarPlayer(  744): percent: 0
W/MediaPlayer( 1435): info/warning (704, 0)
I/MediaPlayer.java( 1435): Info (704,0)
D/MediaPlayerService(  744): [8] notify (0x522e8, 200, 704, 0)
D/MstarPlayer(  744): percent: 0
W/MediaPlayer( 1435): info/warning (704, 0)
I/MediaPlayer.java( 1435): Info (704,0)
D/MediaPlayerService(  744): [8] notify (0x522e8, 200, 704, 0)
D/MstarPlayer(  744): percent: 0
W/MediaPlayer( 1435): info/warning (704, 0)
I/MediaPlayer.java( 1435): Info (704,0)
D/dalvikvm( 1505): GC_CONCURRENT freed 535K, 77% free 1433K/6019K, paused 1ms+1ms
D/MediaPlayerService(  744): [8] notify (0x522e8, 200, 704, 0)
D/MstarPlayer(  744): percent: 0
W/MediaPlayer( 1435): info/warning (704, 0)
I/MediaPlayer.java( 1435): Info (704,0)
D/MediaPlayerService(  744): [8] notify (0x522e8, 200, 704, 0)
D/MstarPlayer(  744): percent: 0
W/MediaPlayer( 1435): info/warning (704, 0)
I/MediaPlayer.java( 1435): Info (704,0)
D/MediaPlayerService(  744): [8] notify (0x522e8, 200, 704, 0)
D/MstarPlayer(  744): percent: 0
W/MediaPlayer( 1435): info/warning (704, 0)
I/MediaPlayer.java( 1435): Info (704,0)
D/MediaPlayerService(  744): [8] notify (0x522e8, 200, 704, 0)
D/MstarPlayer(  744): percent: 0
W/MediaPlayer( 1435): info/warning (704, 0)
I/MediaPlayer.java( 1435): Info (704,0)
D/dalvikvm( 1505): GC_CONCURRENT freed 503K, 77% free 1441K/6019K, paused 1ms+1ms
D/MediaPlayerService(  744): [8] notify (0x522e8, 200, 704, 0)
D/MstarPlayer(  744): percent: 0
W/MediaPlayer( 1435): info/warning (704, 0)
I/MediaPlayer.java( 1435): Info (704,0)
D/MediaPlayerService(  744): [8] notify (0x522e8, 200, 704, 0)
D/MstarPlayer(  744): percent: 0
W/MediaPlayer( 1435): info/warning (704, 0)
I/MediaPlayer.java( 1435): Info (704,0)
D/MediaPlayerService(  744): [8] notify (0x522e8, 200, 704, 0)
D/MstarPlayer(  744): percent: 0
W/MediaPlayer( 1435): info/warning (704, 0)
I/MediaPlayer.java( 1435): Info (704,0)
D/dalvikvm( 1505): GC_CONCURRENT freed 505K, 76% free 1457K/6019K, paused 2ms+1ms
D/MediaPlayerService(  744): [8] notify (0x522e8, 200, 704, 0)
D/MstarPlayer(  744): percent: 0
W/MediaPlayer( 1435): info/warning (704, 0)
I/MediaPlayer.java( 1435): Info (704,0)
D/MediaPlayerService(  744): [8] notify (0x522e8, 200, 704, 0)
D/MstarPlayer(  744): percent: 0
W/MediaPlayer( 1435): info/warning (704, 0)
I/MediaPlayer.java( 1435): Info (704,0)
D/MediaPlayerService(  744): [8] notify (0x522e8, 200, 704, 0)
D/MstarPlayer(  744): percent: 0
W/MediaPlayer( 1435): info/warning (704, 0)
I/MediaPlayer.java( 1435): Info (704,0)
D/MediaPlayerService(  744): [8] notify (0x522e8, 200, 704, 0)
D/MstarPlayer(  744): percent: 0
W/MediaPlayer( 1435): info/warning (704, 0)
I/MediaPlayer.java( 1435): Info (704,0)
D/dalvikvm( 1505): GC_CONCURRENT freed 529K, 77% free 1431K/6019K, paused 1ms+2ms
D/MediaPlayerService(  744): [8] notify (0x522e8, 200, 704, 0)
D/MstarPlayer(  744): percent: 0
W/MediaPlayer( 1435): info/warning (704, 0)
I/MediaPlayer.java( 1435): Info (704,0)
D/MediaPlayerService(  744): [8] notify (0x522e8, 200, 704, 0)
D/MstarPlayer(  744): percent: 0
W/MediaPlayer( 1435): info/warning (704, 0)
I/MediaPlayer.java( 1435): Info (704,0)
D/MediaPlayerService(  744): [8] notify (0x522e8, 200, 704, 0)
D/MstarPlayer(  744): percent: 0
W/MediaPlayer( 1435): info/warning (704, 0)
I/MediaPlayer.java( 1435): Info (704,0)
D/MediaPlayerService(  744): [8] notify (0x522e8, 200, 704, 0)
D/MstarPlayer(  744): percent: 0
W/MediaPlayer( 1435): info/warning (704, 0)
I/MediaPlayer.java( 1435): Info (704,0)
D/MediaPlayerService(  744): [8] notify (0x522e8, 200, 704, 0)
D/MstarPlayer(  744): percent: 0
W/MediaPlayer( 1435): info/warning (704, 0)
I/MediaPlayer.java( 1435): Info (704,0)
D/dalvikvm( 1505): GC_CONCURRENT freed 501K, 77% free 1431K/6019K, paused 1ms+1ms
D/MediaPlayerService(  744): [8] notify (0x522e8, 200, 704, 0)
D/MstarPlayer(  744): percent: 0
W/MediaPlayer( 1435): info/warning (704, 0)
I/MediaPlayer.java( 1435): Info (704,0)
D/MediaPlayerService(  744): [8] notify (0x522e8, 200, 704, 0)
D/MstarPlayer(  744): percent: 0
W/MediaPlayer( 1435): info/warning (704, 0)
I/MediaPlayer.java( 1435): Info (704,0)
D/MediaPlayerService(  744): [8] notify (0x522e8, 200, 704, 0)
D/MstarPlayer(  744): percent: 0
W/MediaPlayer( 1435): info/warning (704, 0)
I/MediaPlayer.java( 1435): Info (704,0)
D/MediaPlayerService(  744): [8] notify (0x522e8, 200, 704, 0)
D/MstarPlayer(  744): percent: 0
W/MediaPlayer( 1435): info/warning (704, 0)
I/MediaPlayer.java( 1435): Info (704,0)
D/dalvikvm( 1505): GC_CONCURRENT freed 491K, 77% free 1416K/6019K, paused 2ms+2ms
D/MediaPlayerService(  744): [8] notify (0x522e8, 200, 704, 0)
D/MstarPlayer(  744): percent: 0
W/MediaPlayer( 1435): info/warning (704, 0)
I/MediaPlayer.java( 1435): Info (704,0)
D/MediaPlayerService(  744): [8] notify (0x522e8, 200, 704, 0)
D/MstarPlayer(  744): percent: 0
W/MediaPlayer( 1435): info/warning (704, 0)
I/MediaPlayer.java( 1435): Info (704,0)
D/MediaPlayerService(  744): [8] notify (0x522e8, 200, 704, 0)
D/MstarPlayer(  744): percent: 0
W/MediaPlayer( 1435): info/warning (704, 0)
I/MediaPlayer.java( 1435): Info (704,0)
D/MediaPlayerService(  744): [8] notify (0x522e8, 200, 704, 0)
D/MstarPlayer(  744): percent: 0
W/MediaPlayer( 1435): info/warning (704, 0)
I/MediaPlayer.java( 1435): Info (704,0)
D/MediaPlayerService(  744): [8] notify (0x522e8, 200, 704, 0)
D/MstarPlayer(  744): percent: 0
W/MediaPlayer( 1435): info/warning (704, 0)
I/MediaPlayer.java( 1435): Info (704,0)
D/MediaPlayerService(  744): [8] notify (0x522e8, 200, 704, 0)
D/MstarPlayer(  744): percent: 0
W/MediaPlayer( 1435): info/warning (704, 0)
I/MediaPlayer.java( 1435): Info (704,0)
D/MediaPlayerService(  744): [8] notify (0x522e8, 200, 704, 0)
D/MstarPlayer(  744): percent: 0
W/MediaPlayer( 1435): info/warning (704, 0)
I/MediaPlayer.java( 1435): Info (704,0)
D/MediaPlayerService(  744): [8] notify (0x522e8, 200, 704, 0)
D/MstarPlayer(  744): percent: 0
W/MediaPlayer( 1435): info/warning (704, 0)
I/MediaPlayer.java( 1435): Info (704,0)
D/MediaPlayerService(  744): [8] notify (0x522e8, 200, 704, 0)
D/MstarPlayer(  744): percent: 0
W/MediaPlayer( 1435): info/warning (704, 0)
I/MediaPlayer.java( 1435): Info (704,0)
D/MediaPlayerService(  744): [8] notify (0x522e8, 200, 704, 0)
D/MstarPlayer(  744): percent: 0
W/MediaPlayer( 1435): info/warning (704, 0)
I/MediaPlayer.java( 1435): Info (704,0)
D/MediaPlayerService(  744): [8] notify (0x522e8, 200, 704, 0)
D/MstarPlayer(  744): percent: 0
W/MediaPlayer( 1435): info/warning (704, 0)
I/MediaPlayer.java( 1435): Info (704,0)
D/MediaPlayerService(  744): [8] notify (0x522e8, 200, 704, 0)
D/MstarPlayer(  744): percent: 0
W/MediaPlayer( 1435): info/warning (704, 0)
I/MediaPlayer.java( 1435): Info (704,0)
D/MediaPlayerService(  744): [8] notify (0x522e8, 200, 704, 0)
D/MstarPlayer(  744): percent: 0
W/MediaPlayer( 1435): info/warning (704, 0)
I/MediaPlayer.java( 1435): Info (704,0)
D/MediaPlayerService(  744): [8] notify (0x522e8, 200, 704, 0)
D/MstarPlayer(  744): percent: 0
W/MediaPlayer( 1435): info/warning (704, 0)
I/MediaPlayer.java( 1435): Info (704,0)
D/MediaPlayerService(  744): [8] notify (0x522e8, 200, 704, 0)
D/MstarPlayer(  744): percent: 0
W/MediaPlayer( 1435): info/warning (704, 0)
I/MediaPlayer.java( 1435): Info (704,0)
D/MediaPlayerService(  744): [8] notify (0x522e8, 200, 704, 0)
D/MstarPlayer(  744): percent: 0
W/MediaPlayer( 1435): info/warning (704, 0)
I/MediaPlayer.java( 1435): Info (704,0)
D/MediaPlayerService(  744): [8] notify (0x522e8, 200, 704, 0)
D/MstarPlayer(  744): percent: 0
W/MediaPlayer( 1435): info/warning (704, 0)
I/MediaPlayer.java( 1435): Info (704,0)
D/MediaPlayerService(  744): [8] notify (0x522e8, 200, 704, 0)
D/MstarPlayer(  744): percent: 0
W/MediaPlayer( 1435): info/warning (704, 0)
I/MediaPlayer.java( 1435): Info (704,0)
D/MediaPlayerService(  744): [8] notify (0x522e8, 200, 704, 0)
D/MstarPlayer(  744): percent: 0
W/MediaPlayer( 1435): info/warning (704, 0)
I/MediaPlayer.java( 1435): Info (704,0)
D/MediaPlayerService(  744): [8] notify (0x522e8, 200, 704, 0)
D/MstarPlayer(  744): percent: 0
W/MediaPlayer( 1435): info/warning (704, 0)
I/MediaPlayer.java( 1435): Info (704,0)
D/MediaPlayerService(  744): [8] notify (0x522e8, 200, 704, 0)
D/MstarPlayer(  744): percent: 0
W/MediaPlayer( 1435): info/warning (704, 0)
I/MediaPlayer.java( 1435): Info (704,0)
D/MediaPlayerService(  744): [8] notify (0x522e8, 200, 704, 0)
D/MstarPlayer(  744): percent: 0
W/MediaPlayer( 1435): info/warning (704, 0)
I/MediaPlayer.java( 1435): Info (704,0)
D/MediaPlayerService(  744): [8] notify (0x522e8, 200, 704, 0)
D/MstarPlayer(  744): percent: 0
W/MediaPlayer( 1435): info/warning (704, 0)
I/MediaPlayer.java( 1435): Info (704,0)
D/MediaPlayerService(  744): [8] notify (0x522e8, 200, 704, 0)
D/MstarPlayer(  744): percent: 0
W/MediaPlayer( 1435): info/warning (704, 0)
I/MediaPlayer.java( 1435): Info (704,0)
D/MediaPlayerService(  744): [8] notify (0x522e8, 200, 704, 0)
D/MstarPlayer(  744): percent: 0
W/MediaPlayer( 1435): info/warning (704, 0)
I/MediaPlayer.java( 1435): Info (704,0)
D/MediaPlayerService(  744): [8] notify (0x522e8, 200, 704, 0)
D/MstarPlayer(  744): percent: 0
W/MediaPlayer( 1435): info/warning (704, 0)
I/MediaPlayer.java( 1435): Info (704,0)
D/MediaPlayerService(  744): [8] notify (0x522e8, 200, 704, 0)
D/MstarPlayer(  744): percent: 0
W/MediaPlayer( 1435): info/warning (704, 0)
I/MediaPlayer.java( 1435): Info (704,0)
D/MediaPlayerService(  744): [8] notify (0x522e8, 200, 704, 0)
D/MstarPlayer(  744): percent: 0
W/MediaPlayer( 1435): info/warning (704, 0)
I/MediaPlayer.java( 1435): Info (704,0)
D/MediaPlayerService(  744): [8] notify (0x522e8, 200, 704, 0)
D/MstarPlayer(  744): percent: 0
W/MediaPlayer( 1435): info/warning (704, 0)
I/MediaPlayer.java( 1435): Info (704,0)
D/MediaPlayerService(  744): [8] notify (0x522e8, 200, 704, 0)
D/MstarPlayer(  744): percent: 0
W/MediaPlayer( 1435): info/warning (704, 0)
I/MediaPlayer.java( 1435): Info (704,0)
D/MediaPlayerService(  744): [8] notify (0x522e8, 200, 704, 0)
D/MstarPlayer(  744): percent: 0
W/MediaPlayer( 1435): info/warning (704, 0)
I/MediaPlayer.java( 1435): Info (704,0)
D/dalvikvm( 1505): GC_CONCURRENT freed 485K, 78% free 1350K/6019K, paused 2ms+2ms
D/MediaPlayerService(  744): [8] notify (0x522e8, 200, 704, 0)
D/MstarPlayer(  744): percent: 0
W/MediaPlayer( 1435): info/warning (704, 0)
I/MediaPlayer.java( 1435): Info (704,0)
D/MediaPlayerService(  744): [8] notify (0x522e8, 200, 704, 0)
D/MstarPlayer(  744): percent: 0
W/MediaPlayer( 1435): info/warning (704, 0)
I/MediaPlayer.java( 1435): Info (704,0)
D/MediaPlayerService(  744): [8] notify (0x522e8, 200, 704, 0)
D/MstarPlayer(  744): percent: 0
W/MediaPlayer( 1435): info/warning (704, 0)
I/MediaPlayer.java( 1435): Info (704,0)
D/Downloader(  744): Content-Length: 172
D/Downloader(  744): 
D/Downloader(  744): Downloadserver bandWidth:408
D/Downloader(  744): Downloadserver bandWidth:408
D/Downloader(  744): Downloadserver bandWidth:408
D/Downloader(  744): Downloadserver bandWidth:408
D/MediaPlayerService(  744): [8] notify (0x522e8, 200, 704, 0)
D/MstarPlayer(  744): percent: 0
W/MediaPlayer( 1435): info/warning (704, 0)
I/MediaPlayer.java( 1435): Info (704,0)
D/MediaPlayerService(  744): [8] notify (0x522e8, 200, 704, 0)
D/MstarPlayer(  744): percent: 0
W/MediaPlayer( 1435): info/warning (704, 0)
I/MediaPlayer.java( 1435): Info (704,0)
D/MediaPlayerService(  744): [8] notify (0x522e8, 200, 704, 0)
D/MstarPlayer(  744): percent: 0
W/MediaPlayer( 1435): info/warning (704, 0)
I/MediaPlayer.java( 1435): Info (704,0)
D/DataSource_M3U8(  744): ----------UpdatePlaylistThread runing... 
D/DataSource_M3U8(  744): u32HLSSreamNum[0]===>u32BandWidth:1200000 
D/DataSource_M3U8(  744): getHLSPlayListInex  DownloadBandWidth:408   uInDex=0
D/DataSource_M3U8(  744): [M3U8] checkShouldStartNext :[44](172/172)   sequence:0  start next:45  
D/DataSource_M3U8(  744): 
D/DataSource_M3U8(  744): 
D/DataSource_M3U8(  744): 
D/DataSource_M3U8(  744): [M3U8]-7----->This :0x30fd0 --> post cmd for start next url:http://cibn-iss1.longvisionmedia.com:8088/vod/CIBN2013_CIBN2113040100001913_12001300/45.ts, knowedFileSize:0, mCurDowningIndex:44
D/DataSource_M3U8(  744): 
D/DataSource_M3U8(  744): 
D/Downloader(  744): [downloadThread]Downloader::removeTask  
D/Downloader(  744): [downloadThread]task have range string:0- 
D/MediaPlayerService(  744): [8] notify (0x522e8, 200, 704, 0)
D/MstarPlayer(  744): percent: 0
W/MediaPlayer( 1435): info/warning (704, 0)
I/MediaPlayer.java( 1435): Info (704,0)
D/dalvikvm( 1505): GC_CONCURRENT freed 423K, 77% free 1422K/6019K, paused 1ms+1ms
D/MediaPlayerService(  744): [8] notify (0x522e8, 200, 704, 0)
D/MstarPlayer(  744): percent: 0
W/MediaPlayer( 1435): info/warning (704, 0)
I/MediaPlayer.java( 1435): Info (704,0)
D/MediaPlayerService(  744): [8] notify (0x522e8, 200, 704, 0)
D/MstarPlayer(  744): percent: 0
W/MediaPlayer( 1435): info/warning (704, 0)
I/MediaPlayer.java( 1435): Info (704,0)
D/MediaPlayerService(  744): [8] notify (0x522e8, 200, 704, 0)
D/MstarPlayer(  744): percent: 0
W/MediaPlayer( 1435): info/warning (704, 0)
I/MediaPlayer.java( 1435): Info (704,0)
D/MediaPlayerService(  744): [8] notify (0x522e8, 200, 704, 0)
D/MstarPlayer(  744): percent: 0
W/MediaPlayer( 1435): info/warning (704, 0)
I/MediaPlayer.java( 1435): Info (704,0)
D/MediaPlayerService(  744): [8] notify (0x522e8, 200, 704, 0)
D/MstarPlayer(  744): percent: 0
W/MediaPlayer( 1435): info/warning (704, 0)
I/MediaPlayer.java( 1435): Info (704,0)
D/MediaPlayerService(  744): [8] notify (0x522e8, 200, 704, 0)
D/MstarPlayer(  744): percent: 0
W/MediaPlayer( 1435): info/warning (704, 0)
I/MediaPlayer.java( 1435): Info (704,0)
D/MediaPlayerService(  744): [8] notify (0x522e8, 200, 704, 0)
D/MstarPlayer(  744): percent: 0
W/MediaPlayer( 1435): info/warning (704, 0)
D/dalvikvm( 1505): GC_CONCURRENT freed 491K, 77% free 1407K/6019K, paused 1ms+1ms
I/MediaPlayer.java( 1435): Info (704,0)
D/MediaPlayerService(  744): [8] notify (0x522e8, 200, 704, 0)
D/MstarPlayer(  744): percent: 0
W/MediaPlayer( 1435): info/warning (704, 0)
I/MediaPlayer.java( 1435): Info (704,0)
D/MediaPlayerService(  744): [8] notify (0x522e8, 200, 704, 0)
D/MstarPlayer(  744): percent: 0
W/MediaPlayer( 1435): info/warning (704, 0)
I/MediaPlayer.java( 1435): Info (704,0)
D/MediaPlayerService(  744): [8] notify (0x522e8, 200, 704, 0)
D/MstarPlayer(  744): percent: 0
W/MediaPlayer( 1435): info/warning (704, 0)
I/MediaPlayer.java( 1435): Info (704,0)
D/Downloader(  744): Content-Length: 172
D/Downloader(  744): 
D/Downloader(  744): Downloadserver bandWidth:2488
D/Downloader(  744): Downloadserver bandWidth:2488
D/Downloader(  744): Downloadserver bandWidth:2488
D/Downloader(  744): Downloadserver bandWidth:2488
D/DataSource_M3U8(  744): 
D/DataSource_M3U8(  744):  Warnig::  getValidBufferLength()  <  Codec require !!!
D/MediaPlayerService(  744): [8] notify (0x522e8, 200, 704, 0)
D/MstarPlayer(  744): percent: 0
W/MediaPlayer( 1435): info/warning (704, 0)
I/MediaPlayer.java( 1435): Info (704,0)
D/MediaPlayerService(  744): [8] notify (0x522e8, 200, 704, 0)
D/MstarPlayer(  744): percent: 0
W/MediaPlayer( 1435): info/warning (704, 0)
I/MediaPlayer.java( 1435): Info (704,0)
D/MediaPlayerService(  744): [8] notify (0x522e8, 200, 704, 0)
D/MstarPlayer(  744): percent: 0
W/MediaPlayer( 1435): info/warning (704, 0)
I/MediaPlayer.java( 1435): Info (704,0)
D/dalvikvm( 1505): GC_CONCURRENT freed 476K, 78% free 1370K/6019K, paused 1ms+1ms
D/MediaPlayerService(  744): [8] notify (0x522e8, 200, 704, 0)
D/MstarPlayer(  744): percent: 0
W/MediaPlayer( 1435): info/warning (704, 0)
I/MediaPlayer.java( 1435): Info (704,0)
D/MediaPlayerService(  744): [8] notify (0x522e8, 200, 704, 0)
D/MstarPlayer(  744): percent: 0
W/MediaPlayer( 1435): info/warning (704, 0)
I/MediaPlayer.java( 1435): Info (704,0)
D/MediaPlayerService(  744): [8] notify (0x522e8, 200, 704, 0)
D/MstarPlayer(  744): percent: 0
W/MediaPlayer( 1435): info/warning (704, 0)
I/MediaPlayer.java( 1435): Info (704,0)
D/MediaPlayerService(  744): [8] notify (0x522e8, 200, 704, 0)
D/MstarPlayer(  744): percent: 0
W/MediaPlayer( 1435): info/warning (704, 0)
I/MediaPlayer.java( 1435): Info (704,0)
D/MediaPlayerService(  744): [8] notify (0x522e8, 200, 704, 0)
D/MstarPlayer(  744): percent: 0
W/MediaPlayer( 1435): info/warning (704, 0)
I/MediaPlayer.java( 1435): Info (704,0)
D/MediaPlayerService(  744): [8] notify (0x522e8, 200, 704, 0)
D/MstarPlayer(  744): percent: 0
W/MediaPlayer( 1435): info/warning (704, 0)
I/MediaPlayer.java( 1435): Info (704,0)
D/DataSource_M3U8(  744): u32HLSSreamNum[0]===>u32BandWidth:1200000 
D/DataSource_M3U8(  744): getHLSPlayListInex  DownloadBandWidth:2488   uInDex=0
D/DataSource_M3U8(  744): [M3U8] checkShouldStartNext :[45](172/172)   sequence:0  start next:46  
D/DataSource_M3U8(  744): 
D/DataSource_M3U8(  744): 
D/DataSource_M3U8(  744): 
D/DataSource_M3U8(  744): [M3U8]-7----->This :0x30fd0 --> post cmd for start next url:http://cibn-iss1.longvisionmedia.com:8088/vod/CIBN2013_CIBN2113040100001913_12001300/46.ts, knowedFileSize:0, mCurDowningIndex:45
D/DataSource_M3U8(  744): 
D/DataSource_M3U8(  744): 
D/Downloader(  744): [downloadThread]Downloader::removeTask  
D/Downloader(  744): [downloadThread]task have range string:0- 
D/MediaPlayerService(  744): [8] notify (0x522e8, 3, 11, 0)
D/MediaPlayerService(  744): [8] notify (0x522e8, 200, 704, 0)
D/MstarPlayer(  744): percent: 0
W/MediaPlayer( 1435): info/warning (704, 0)
I/MediaPlayer.java( 1435): Info (704,0)
D/MediaPlayerService(  744): [8] notify (0x522e8, 200, 704, 0)
D/MstarPlayer(  744): percent: 0
W/MediaPlayer( 1435): info/warning (704, 0)
I/MediaPlayer.java( 1435): Info (704,0)
D/MediaPlayerService(  744): [8] notify (0x522e8, 200, 704, 0)
D/MstarPlayer(  744): percent: 0
W/MediaPlayer( 1435): info/warning (704, 0)
I/MediaPlayer.java( 1435): Info (704,0)
D/MediaPlayerService(  744): [8] notify (0x522e8, 200, 704, 0)
D/MstarPlayer(  744): percent: 0
W/MediaPlayer( 1435): info/warning (704, 0)
I/MediaPlayer.java( 1435): Info (704,0)
D/MediaPlayerService(  744): [8] notify (0x522e8, 200, 704, 0)
D/MstarPlayer(  744): percent: 0
W/MediaPlayer( 1435): info/warning (704, 0)
I/MediaPlayer.java( 1435): Info (704,0)
D/MediaPlayerService(  744): [8] notify (0x522e8, 200, 704, 0)
D/MstarPlayer(  744): percent: 0
W/MediaPlayer( 1435): info/warning (704, 0)
I/MediaPlayer.java( 1435): Info (704,0)
D/MediaPlayerService(  744): [8] notify (0x522e8, 200, 704, 0)
D/MstarPlayer(  744): percent: 0
W/MediaPlayer( 1435): info/warning (704, 0)
I/MediaPlayer.java( 1435): Info (704,0)
D/MediaPlayerService(  744): [8] notify (0x522e8, 200, 704, 0)
D/MstarPlayer(  744): percent: 0
W/MediaPlayer( 1435): info/warning (704, 0)
I/MediaPlayer.java( 1435): Info (704,0)
D/MediaPlayerService(  744): [8] notify (0x522e8, 200, 704, 0)
D/MstarPlayer(  744): percent: 0
W/MediaPlayer( 1435): info/warning (704, 0)
I/MediaPlayer.java( 1435): Info (704,0)
D/MediaPlayerService(  744): [8] notify (0x522e8, 200, 704, 0)
D/MstarPlayer(  744): percent: 0
W/MediaPlayer( 1435): info/warning (704, 0)
I/MediaPlayer.java( 1435): Info (704,0)
D/MediaPlayerService(  744): [8] notify (0x522e8, 200, 704, 0)
D/MstarPlayer(  744): percent: 0
W/MediaPlayer( 1435): info/warning (704, 0)
I/MediaPlayer.java( 1435): Info (704,0)
D/Downloader(  744): Content-Length: 172
D/Downloader(  744): 
D/Downloader(  744): Downloadserver bandWidth:2571
D/Downloader(  744): Downloadserver bandWidth:2571
D/Downloader(  744): Downloadserver bandWidth:2571
D/Downloader(  744): Downloadserver bandWidth:2571
D/DataSource_M3U8(  744): 
D/DataSource_M3U8(  744):  Warnig::  getValidBufferLength()  <  Codec require !!!
D/MediaPlayerService(  744): [8] notify (0x522e8, 200, 704, 0)
D/MstarPlayer(  744): percent: 0
W/MediaPlayer( 1435): info/warning (704, 0)
I/MediaPlayer.java( 1435): Info (704,0)
D/MediaPlayerService(  744): [8] notify (0x522e8, 200, 704, 0)
D/MstarPlayer(  744): percent: 0
W/MediaPlayer( 1435): info/warning (704, 0)
I/MediaPlayer.java( 1435): Info (704,0)
D/MediaPlayerService(  744): [8] notify (0x522e8, 200, 704, 0)
D/MstarPlayer(  744): percent: 0
W/MediaPlayer( 1435): info/warning (704, 0)
I/MediaPlayer.java( 1435): Info (704,0)
D/MediaPlayerService(  744): [8] notify (0x522e8, 200, 704, 0)
D/MstarPlayer(  744): percent: 0
W/MediaPlayer( 1435): info/warning (704, 0)
I/MediaPlayer.java( 1435): Info (704,0)
D/MediaPlayerService(  744): [8] notify (0x522e8, 200, 704, 0)
D/MstarPlayer(  744): percent: 0
W/MediaPlayer( 1435): info/warning (704, 0)
I/MediaPlayer.java( 1435): Info (704,0)
D/MediaPlayerService(  744): [8] notify (0x522e8, 200, 704, 0)
D/MstarPlayer(  744): percent: 0
W/MediaPlayer( 1435): info/warning (704, 0)
I/MediaPlayer.java( 1435): Info (704,0)
D/MediaPlayerService(  744): [8] notify (0x522e8, 200, 704, 0)
D/MstarPlayer(  744): percent: 0
W/MediaPlayer( 1435): info/warning (704, 0)
I/MediaPlayer.java( 1435): Info (704,0)
D/MediaPlayerService(  744): [8] notify (0x522e8, 200, 704, 0)
D/MstarPlayer(  744): percent: 0
W/MediaPlayer( 1435): info/warning (704, 0)
I/MediaPlayer.java( 1435): Info (704,0)
D/MediaPlayerService(  744): [8] notify (0x522e8, 200, 704, 0)
D/MstarPlayer(  744): percent: 0
W/MediaPlayer( 1435): info/warning (704, 0)
I/MediaPlayer.java( 1435): Info (704,0)
D/DataSource_M3U8(  744): u32HLSSreamNum[0]===>u32BandWidth:1200000 
D/DataSource_M3U8(  744): getHLSPlayListInex  DownloadBandWidth:2571   uInDex=0
D/DataSource_M3U8(  744): [M3U8] checkShouldStartNext :[46](172/172)   sequence:0  start next:47  
D/DataSource_M3U8(  744): 
D/DataSource_M3U8(  744): 
D/DataSource_M3U8(  744): 
D/DataSource_M3U8(  744): [M3U8]-7----->This :0x30fd0 --> post cmd for start next url:http://cibn-iss1.longvisionmedia.com:8088/vod/CIBN2013_CIBN2113040100001913_12001300/47.ts, knowedFileSize:0, mCurDowningIndex:46
D/DataSource_M3U8(  744): 
D/DataSource_M3U8(  744): 
D/Downloader(  744): [downloadThread]Downloader::removeTask  
D/Downloader(  744): [downloadThread]task have range string:0- 
D/MediaPlayerService(  744): [8] notify (0x522e8, 200, 704, 0)
D/MstarPlayer(  744): percent: 0
W/MediaPlayer( 1435): info/warning (704, 0)
I/MediaPlayer.java( 1435): Info (704,0)
D/MediaPlayerService(  744): [8] notify (0x522e8, 200, 704, 0)
D/MstarPlayer(  744): percent: 0
W/MediaPlayer( 1435): info/warning (704, 0)
I/MediaPlayer.java( 1435): Info (704,0)
D/MediaPlayerService(  744): [8] notify (0x522e8, 200, 704, 0)
D/MstarPlayer(  744): percent: 0
W/MediaPlayer( 1435): info/warning (704, 0)
I/MediaPlayer.java( 1435): Info (704,0)
D/MediaPlayerService(  744): [8] notify (0x522e8, 200, 704, 0)
D/MstarPlayer(  744): percent: 0
W/MediaPlayer( 1435): info/warning (704, 0)
I/MediaPlayer.java( 1435): Info (704,0)
D/MediaPlayerService(  744): [8] notify (0x522e8, 200, 704, 0)
D/MstarPlayer(  744): percent: 0
W/MediaPlayer( 1435): info/warning (704, 0)
I/MediaPlayer.java( 1435): Info (704,0)
D/MediaPlayerService(  744): [8] notify (0x522e8, 200, 704, 0)
D/MstarPlayer(  744): percent: 0
W/MediaPlayer( 1435): info/warning (704, 0)
I/MediaPlayer.java( 1435): Info (704,0)
D/MediaPlayerService(  744): [8] notify (0x522e8, 200, 704, 0)
D/MstarPlayer(  744): percent: 0
W/MediaPlayer( 1435): info/warning (704, 0)
I/MediaPlayer.java( 1435): Info (704,0)
D/MediaPlayerService(  744): [8] notify (0x522e8, 200, 704, 0)
D/MstarPlayer(  744): percent: 0
W/MediaPlayer( 1435): info/warning (704, 0)
I/MediaPlayer.java( 1435): Info (704,0)
D/MediaPlayerService(  744): [8] notify (0x522e8, 200, 704, 0)
D/MstarPlayer(  744): percent: 0
W/MediaPlayer( 1435): info/warning (704, 0)
I/MediaPlayer.java( 1435): Info (704,0)
D/MediaPlayerService(  744): [8] notify (0x522e8, 200, 704, 0)
D/MstarPlayer(  744): percent: 0
W/MediaPlayer( 1435): info/warning (704, 0)
I/MediaPlayer.java( 1435): Info (704,0)
D/MediaPlayerService(  744): [8] notify (0x522e8, 200, 704, 0)
D/MstarPlayer(  744): percent: 0
W/MediaPlayer( 1435): info/warning (704, 0)
I/MediaPlayer.java( 1435): Info (704,0)
D/MediaPlayerService(  744): [8] notify (0x522e8, 200, 704, 0)
D/MstarPlayer(  744): percent: 0
W/MediaPlayer( 1435): info/warning (704, 0)
I/MediaPlayer.java( 1435): Info (704,0)
D/MediaPlayerService(  744): [8] notify (0x522e8, 200, 704, 0)
D/MstarPlayer(  744): percent: 0
W/MediaPlayer( 1435): info/warning (704, 0)
I/MediaPlayer.java( 1435): Info (704,0)
D/MediaPlayerService(  744): [8] notify (0x522e8, 200, 704, 0)
D/MstarPlayer(  744): percent: 0
W/MediaPlayer( 1435): info/warning (704, 0)
I/MediaPlayer.java( 1435): Info (704,0)
D/dalvikvm( 1505): GC_CONCURRENT freed 452K, 77% free 1412K/6019K, paused 1ms+2ms
D/MediaPlayerService(  744): [8] notify (0x522e8, 200, 704, 0)
D/MstarPlayer(  744): percent: 0
W/MediaPlayer( 1435): info/warning (704, 0)
I/MediaPlayer.java( 1435): Info (704,0)
D/MediaPlayerService(  744): [8] notify (0x522e8, 200, 704, 0)
D/MstarPlayer(  744): percent: 0
W/MediaPlayer( 1435): info/warning (704, 0)
I/MediaPlayer.java( 1435): Info (704,0)
D/MediaPlayerService(  744): [8] notify (0x522e8, 200, 704, 0)
D/MstarPlayer(  744): percent: 0
W/MediaPlayer( 1435): info/warning (704, 0)
I/MediaPlayer.java( 1435): Info (704,0)
D/MediaPlayerService(  744): [8] notify (0x522e8, 200, 704, 0)
D/MstarPlayer(  744): percent: 0
W/MediaPlayer( 1435): info/warning (704, 0)
I/MediaPlayer.java( 1435): Info (704,0)
D/dalvikvm( 1505): GC_CONCURRENT freed 491K, 77% free 1398K/6019K, paused 1ms+2ms
D/MediaPlayerService(  744): [8] notify (0x522e8, 200, 704, 0)
D/MstarPlayer(  744): percent: 0
W/MediaPlayer( 1435): info/warning (704, 0)
I/MediaPlayer.java( 1435): Info (704,0)
D/MediaPlayerService(  744): [8] notify (0x522e8, 200, 704, 0)
D/MstarPlayer(  744): percent: 0
W/MediaPlayer( 1435): info/warning (704, 0)
I/MediaPlayer.java( 1435): Info (704,0)
D/MediaPlayerService(  744): [8] notify (0x522e8, 200, 704, 0)
D/MstarPlayer(  744): percent: 0
W/MediaPlayer( 1435): info/warning (704, 0)
I/MediaPlayer.java( 1435): Info (704,0)
D/dalvikvm( 1505): GC_CONCURRENT freed 475K, 78% free 1361K/6019K, paused 1ms+2ms
D/MediaPlayerService(  744): [8] notify (0x522e8, 200, 704, 0)
D/MstarPlayer(  744): percent: 0
W/MediaPlayer( 1435): info/warning (704, 0)
I/MediaPlayer.java( 1435): Info (704,0)
D/MediaPlayerService(  744): [8] notify (0x522e8, 200, 704, 0)
D/MstarPlayer(  744): percent: 0
W/MediaPlayer( 1435): info/warning (704, 0)
I/MediaPlayer.java( 1435): Info (704,0)
D/MediaPlayerService(  744): [8] notify (0x522e8, 200, 704, 0)
D/MstarPlayer(  744): percent: 0
W/MediaPlayer( 1435): info/warning (704, 0)
I/MediaPlayer.java( 1435): Info (704,0)
D/MediaPlayerService(  744): [8] notify (0x522e8, 200, 704, 0)
D/MstarPlayer(  744): percent: 0
W/MediaPlayer( 1435): info/warning (704, 0)
I/MediaPlayer.java( 1435): Info (704,0)
D/MediaPlayerService(  744): [8] notify (0x522e8, 200, 704, 0)
D/MstarPlayer(  744): percent: 0
W/MediaPlayer( 1435): info/warning (704, 0)
I/MediaPlayer.java( 1435): Info (704,0)
D/MediaPlayerService(  744): [8] notify (0x522e8, 200, 704, 0)
D/MstarPlayer(  744): percent: 0
W/MediaPlayer( 1435): info/warning (704, 0)
I/MediaPlayer.java( 1435): Info (704,0)
D/MediaPlayerService(  744): [8] notify (0x522e8, 200, 704, 0)
D/MstarPlayer(  744): percent: 0
W/MediaPlayer( 1435): info/warning (704, 0)
I/MediaPlayer.java( 1435): Info (704,0)
D/MediaPlayerService(  744): [8] notify (0x522e8, 200, 704, 0)
D/MstarPlayer(  744): percent: 0
W/MediaPlayer( 1435): info/warning (704, 0)
I/MediaPlayer.java( 1435): Info (704,0)
D/Downloader(  744): Content-Length: 172
D/Downloader(  744): 
D/Downloader(  744): Downloadserver bandWidth:941
D/Downloader(  744): Downloadserver bandWidth:941
D/Downloader(  744): Downloadserver bandWidth:941
D/Downloader(  744): Downloadserver bandWidth:941
D/MediaPlayerService(  744): [8] notify (0x522e8, 200, 704, 0)
D/MstarPlayer(  744): percent: 0
W/MediaPlayer( 1435): info/warning (704, 0)
I/MediaPlayer.java( 1435): Info (704,0)
D/DataSource_M3U8(  744): u32HLSSreamNum[0]===>u32BandWidth:1200000 
D/DataSource_M3U8(  744): getHLSPlayListInex  DownloadBandWidth:941   uInDex=0
D/DataSource_M3U8(  744): [M3U8] checkShouldStartNext :[47](172/172)   sequence:0  start next:48  
D/DataSource_M3U8(  744): 
D/DataSource_M3U8(  744): 
D/DataSource_M3U8(  744): 
D/DataSource_M3U8(  744): [M3U8]-7----->This :0x30fd0 --> post cmd for start next url:http://cibn-iss1.longvisionmedia.com:8088/vod/CIBN2013_CIBN2113040100001913_12001300/48.ts, knowedFileSize:0, mCurDowningIndex:47
D/DataSource_M3U8(  744): 
D/DataSource_M3U8(  744): 
D/Downloader(  744): [downloadThread]Downloader::removeTask  
D/Downloader(  744): [downloadThread]task have range string:0- 
D/MediaPlayerService(  744): [8] notify (0x522e8, 200, 704, 0)
D/MstarPlayer(  744): percent: 0
W/MediaPlayer( 1435): info/warning (704, 0)
I/MediaPlayer.java( 1435): Info (704,0)
D/DataSource_M3U8(  744): 
D/DataSource_M3U8(  744):  Warnig::  getValidBufferLength()  <  Codec require !!!
D/MediaPlayerService(  744): [8] notify (0x522e8, 200, 704, 0)
D/MstarPlayer(  744): percent: 0
W/MediaPlayer( 1435): info/warning (704, 0)
I/MediaPlayer.java( 1435): Info (704,0)
D/MediaPlayerService(  744): [8] notify (0x522e8, 200, 704, 0)
D/MstarPlayer(  744): percent: 0
W/MediaPlayer( 1435): info/warning (704, 0)
I/MediaPlayer.java( 1435): Info (704,0)
D/MediaPlayerService(  744): [8] notify (0x522e8, 200, 704, 0)
D/MstarPlayer(  744): percent: 0
W/MediaPlayer( 1435): info/warning (704, 0)
I/MediaPlayer.java( 1435): Info (704,0)
D/MediaPlayerService(  744): [8] notify (0x522e8, 200, 704, 0)
D/MstarPlayer(  744): percent: 0
W/MediaPlayer( 1435): info/warning (704, 0)
I/MediaPlayer.java( 1435): Info (704,0)
D/MediaPlayerService(  744): [8] notify (0x522e8, 200, 704, 0)
D/MstarPlayer(  744): percent: 0
W/MediaPlayer( 1435): info/warning (704, 0)
I/MediaPlayer.java( 1435): Info (704,0)
D/MediaPlayerService(  744): [8] notify (0x522e8, 200, 704, 0)
D/MstarPlayer(  744): percent: 0
W/MediaPlayer( 1435): info/warning (704, 0)
I/MediaPlayer.java( 1435): Info (704,0)
D/Downloader(  744): Content-Length: 172
D/Downloader(  744): 
D/Downloader(  744): Downloadserver bandWidth:3592
D/Downloader(  744): Downloadserver bandWidth:3592
D/Downloader(  744): Downloadserver bandWidth:3583
D/Downloader(  744): Downloadserver bandWidth:3583
D/MediaPlayerService(  744): [8] notify (0x522e8, 200, 704, 0)
D/MstarPlayer(  744): percent: 0
W/MediaPlayer( 1435): info/warning (704, 0)
I/MediaPlayer.java( 1435): Info (704,0)
D/MediaPlayerService(  744): [8] notify (0x522e8, 200, 704, 0)
D/MstarPlayer(  744): percent: 0
W/MediaPlayer( 1435): info/warning (704, 0)
I/MediaPlayer.java( 1435): Info (704,0)
D/MediaPlayerService(  744): [8] notify (0x522e8, 200, 704, 0)
D/MstarPlayer(  744): percent: 0
W/MediaPlayer( 1435): info/warning (704, 0)
I/MediaPlayer.java( 1435): Info (704,0)
D/DataSource_M3U8(  744): u32HLSSreamNum[0]===>u32BandWidth:1200000 
D/DataSource_M3U8(  744): getHLSPlayListInex  DownloadBandWidth:3583   uInDex=0
D/DataSource_M3U8(  744): [M3U8] checkShouldStartNext :[48](172/172)   sequence:0  start next:49  
D/DataSource_M3U8(  744): 
D/DataSource_M3U8(  744): 
D/DataSource_M3U8(  744): 
D/DataSource_M3U8(  744): [M3U8]-7----->This :0x30fd0 --> post cmd for start next url:http://cibn-iss1.longvisionmedia.com:8088/vod/CIBN2013_CIBN2113040100001913_12001300/49.ts, knowedFileSize:0, mCurDowningIndex:48
D/DataSource_M3U8(  744): 
D/DataSource_M3U8(  744): 
D/Downloader(  744): [downloadThread]Downloader::removeTask  
D/Downloader(  744): [downloadThread]task have range string:0- 
D/MediaPlayerService(  744): [8] notify (0x522e8, 200, 704, 0)
D/MstarPlayer(  744): percent: 0
W/MediaPlayer( 1435): info/warning (704, 0)
I/MediaPlayer.java( 1435): Info (704,0)
D/MediaPlayerService(  744): [8] notify (0x522e8, 200, 704, 0)
D/MstarPlayer(  744): percent: 0
W/MediaPlayer( 1435): info/warning (704, 0)
I/MediaPlayer.java( 1435): Info (704,0)
D/MediaPlayerService(  744): [8] notify (0x522e8, 200, 704, 0)
D/MstarPlayer(  744): percent: 0
W/MediaPlayer( 1435): info/warning (704, 0)
I/MediaPlayer.java( 1435): Info (704,0)
D/MediaPlayerService(  744): [8] notify (0x522e8, 200, 704, 0)
D/MstarPlayer(  744): percent: 0
W/MediaPlayer( 1435): info/warning (704, 0)
I/MediaPlayer.java( 1435): Info (704,0)
D/MediaPlayerService(  744): [8] notify (0x522e8, 200, 704, 0)
D/MstarPlayer(  744): percent: 0
W/MediaPlayer( 1435): info/warning (704, 0)
I/MediaPlayer.java( 1435): Info (704,0)
D/MediaPlayerService(  744): [8] notify (0x522e8, 200, 704, 0)
D/MstarPlayer(  744): percent: 0
W/MediaPlayer( 1435): info/warning (704, 0)
I/MediaPlayer.java( 1435): Info (704,0)
D/MediaPlayerService(  744): [8] notify (0x522e8, 200, 704, 0)
D/MstarPlayer(  744): percent: 0
W/MediaPlayer( 1435): info/warning (704, 0)
I/MediaPlayer.java( 1435): Info (704,0)
D/MediaPlayerService(  744): [8] notify (0x522e8, 200, 704, 0)
D/MstarPlayer(  744): percent: 0
W/MediaPlayer( 1435): info/warning (704, 0)
I/MediaPlayer.java( 1435): Info (704,0)
D/MediaPlayerService(  744): [8] notify (0x522e8, 200, 704, 0)
D/MstarPlayer(  744): percent: 0
W/MediaPlayer( 1435): info/warning (704, 0)
I/MediaPlayer.java( 1435): Info (704,0)
D/Downloader(  744): Content-Length: 172
D/Downloader(  744): 
D/Downloader(  744): Downloadserver bandWidth:2933
D/Downloader(  744): Downloadserver bandWidth:2933
D/Downloader(  744): Downloadserver bandWidth:2933
D/Downloader(  744): Downloadserver bandWidth:2933
D/MediaPlayerService(  744): [8] notify (0x522e8, 200, 704, 0)
D/MstarPlayer(  744): percent: 0
W/MediaPlayer( 1435): info/warning (704, 0)
I/MediaPlayer.java( 1435): Info (704,0)
D/DataSource_M3U8(  744): u32HLSSreamNum[0]===>u32BandWidth:1200000 
D/DataSource_M3U8(  744): getHLSPlayListInex  DownloadBandWidth:2933   uInDex=0
D/DataSource_M3U8(  744): [M3U8] checkShouldStartNext :[49](172/172)   sequence:0  start next:50  
D/DataSource_M3U8(  744): 
D/DataSource_M3U8(  744): 
D/DataSource_M3U8(  744): 
D/DataSource_M3U8(  744): [M3U8]-7----->This :0x30fd0 --> post cmd for start next url:http://cibn-iss1.longvisionmedia.com:8088/vod/CIBN2013_CIBN2113040100001913_12001300/50.ts, knowedFileSize:0, mCurDowningIndex:49
D/DataSource_M3U8(  744): 
D/DataSource_M3U8(  744): 
D/Downloader(  744): [downloadThread]Downloader::removeTask  
D/Downloader(  744): [downloadThread]task have range string:0- 
D/DataSource_M3U8(  744): 
D/DataSource_M3U8(  744):  Warnig::  getValidBufferLength()  <  Codec require !!!
D/MediaPlayerService(  744): [8] notify (0x522e8, 3, 12, 0)
D/MediaPlayerService(  744): [8] notify (0x522e8, 200, 704, 0)
D/MstarPlayer(  744): percent: 0
W/MediaPlayer( 1435): info/warning (704, 0)
I/MediaPlayer.java( 1435): Info (704,0)
D/MediaPlayerService(  744): [8] notify (0x522e8, 200, 704, 0)
D/MstarPlayer(  744): percent: 0
W/MediaPlayer( 1435): info/warning (704, 0)
I/MediaPlayer.java( 1435): Info (704,0)
D/MediaPlayerService(  744): [8] notify (0x522e8, 200, 704, 0)
D/MstarPlayer(  744): percent: 0
W/MediaPlayer( 1435): info/warning (704, 0)
I/MediaPlayer.java( 1435): Info (704,0)
D/MediaPlayerService(  744): [8] notify (0x522e8, 200, 704, 0)
D/MstarPlayer(  744): percent: 0
W/MediaPlayer( 1435): info/warning (704, 0)
I/MediaPlayer.java( 1435): Info (704,0)
D/MediaPlayerService(  744): [8] notify (0x522e8, 200, 704, 0)
D/MstarPlayer(  744): percent: 0
W/MediaPlayer( 1435): info/warning (704, 0)
I/MediaPlayer.java( 1435): Info (704,0)
D/MediaPlayerService(  744): [8] notify (0x522e8, 200, 704, 0)
D/MstarPlayer(  744): percent: 0
W/MediaPlayer( 1435): info/warning (704, 0)
I/MediaPlayer.java( 1435): Info (704,0)
D/MediaPlayerService(  744): [8] notify (0x522e8, 200, 704, 0)
D/MstarPlayer(  744): percent: 0
W/MediaPlayer( 1435): info/warning (704, 0)
I/MediaPlayer.java( 1435): Info (704,0)
D/MediaPlayerService(  744): [8] notify (0x522e8, 200, 704, 0)
D/MstarPlayer(  744): percent: 0
W/MediaPlayer( 1435): info/warning (704, 0)
I/MediaPlayer.java( 1435): Info (704,0)
D/MediaPlayerService(  744): [8] notify (0x522e8, 200, 704, 0)
D/MstarPlayer(  744): percent: 0
W/MediaPlayer( 1435): info/warning (704, 0)
I/MediaPlayer.java( 1435): Info (704,0)
D/Downloader(  744): Content-Length: 172
D/Downloader(  744): 
D/Downloader(  744): Downloadserver bandWidth:2842
D/Downloader(  744): Downloadserver bandWidth:2842
D/Downloader(  744): Downloadserver bandWidth:2842
D/Downloader(  744): Downloadserver bandWidth:2842
D/MediaPlayerService(  744): [8] notify (0x522e8, 200, 704, 0)
D/MstarPlayer(  744): percent: 0
W/MediaPlayer( 1435): info/warning (704, 0)
I/MediaPlayer.java( 1435): Info (704,0)
D/DataSource_M3U8(  744): u32HLSSreamNum[0]===>u32BandWidth:1200000 
D/DataSource_M3U8(  744): getHLSPlayListInex  DownloadBandWidth:2842   uInDex=0
D/DataSource_M3U8(  744): [M3U8] checkShouldStartNext :[50](172/172)   sequence:0  start next:51  
D/DataSource_M3U8(  744): 
D/DataSource_M3U8(  744): 
D/DataSource_M3U8(  744): 
D/DataSource_M3U8(  744): [M3U8]-7----->This :0x30fd0 --> post cmd for start next url:http://cibn-iss1.longvisionmedia.com:8088/vod/CIBN2013_CIBN2113040100001913_12001300/51.ts, knowedFileSize:0, mCurDowningIndex:50
D/DataSource_M3U8(  744): 
D/DataSource_M3U8(  744): 
D/Downloader(  744): [downloadThread]Downloader::removeTask  
D/Downloader(  744): [downloadThread]task have range string:0- 
D/MediaPlayerService(  744): [8] notify (0x522e8, 200, 704, 0)
D/MstarPlayer(  744): percent: 0
W/MediaPlayer( 1435): info/warning (704, 0)
I/MediaPlayer.java( 1435): Info (704,0)
D/MediaPlayerService(  744): [8] notify (0x522e8, 200, 704, 0)
D/MstarPlayer(  744): percent: 0
W/MediaPlayer( 1435): info/warning (704, 0)
I/MediaPlayer.java( 1435): Info (704,0)
D/MediaPlayerService(  744): [8] notify (0x522e8, 200, 704, 0)
D/MstarPlayer(  744): percent: 0
W/MediaPlayer( 1435): info/warning (704, 0)
I/MediaPlayer.java( 1435): Info (704,rPlayer(  744): percent: 0
W/MediaPlayer( 1435): info/warning (704, 0)
I/MediaPlayer.java( 1435): Info (704,0)
D/MediaPlayerService(  744): [8] notify (0x522e8, 200, 704, 0)
D/MstarPlayer(  744): percent: 0
W/MediaPlayer( 1435): info/warning (704, 0)
I/MediaPlayer.java( 1435): Info (704,0)
D/MediaPlayerService(  744): [8] notify (0x522e8, 200, 704, 0)
D/MstarPlayer(  744): percent: 0
W/MediaPlayer( 1435): info/warning (704, 0)
I/MediaPlayer.java( 1435): Info (704,0)
D/MediaPlayerService(  744): [8] notify (0x522e8, 200, 704, 0)
D/MstarPlayer(  744): percent: 0
W/MediaPlayer( 1435): info/warning (704, 0)
I/MediaPlayer.java( 1435): Info (704,0)
D/MediaPlayerService(  744): [8] notify (0x522e8, 200, 704, 0)
D/MstarPlayer(  744): percent: 0
W/MediaPlayer( 1435): info/warning (704, 0)
I/MediaPlayer.java( 1435): Info (704,0)
D/dalvikvm( 1505): GC_CONCURRENT freed 485K, 77% free 1440K/6019K, paused 2ms+1ms
D/MediaPlayerService(  744): [8] notify (0x522e8, 200, 704, 0)
D/MstarPlayer(  744): percent: 0
W/MediaPlayer( 1435): info/warning (704, 0)
I/MediaPlayer.java( 1435): Info (704,0)
D/MediaPlayerService(  744): [8] notify (0x522e8, 200, 704, 0)
D/MstarPlayer(  744): percent: 0
W/MediaPlayer( 1435): info/warning (704, 0)
I/MediaPlayer.java( 1435): Info (704,0)
D/MediaPlayerService(  744): [8] notify (0x522e8, 200, 704, 0)
D/MstarPlayer(  744): percent: 0
W/MediaPlayer( 1435): info/warning (704, 0)
I/MediaPlayer.java( 1435): Info (704,0)
D/PushMsgCenter( 1724): down conn.getResponseCode() status = 404
D/MediaPlayerService(  744): [8] notify (0x522e8, 200, 704, 0)
D/MstarPlayer(  744): percent: 0
W/MediaPlayer( 1435): info/warning (704, 0)
I/MediaPlayer.java( 1435): Info (704,0)
D/MediaPlayerService(  744): [8] notify (0x522e8, 200, 704, 0)
D/MstarPlayer(  744): percent: 0
W/MediaPlayer( 1435): info/warning (704, 0)
I/MediaPlayer.java( 1435): Info (704,0)
D/MediaPlayerService(  744): [8] notify (0x522e8, 200, 704, 0)
D/MstarPlayer(  744): percent: 0
W/MediaPlayer( 1435): info/warning (704, 0)
I/MediaPlayer.java( 1435): Info (704,0)
D/dalvikvm( 1505): GC_CONCURRENT freed 491K, 77% free 1425K/6019K, paused 1ms+1ms
D/MediaPlayerService(  744): [8] notify (0x522e8, 200, 704, 0)
D/MstarPlayer(  744): percent: 0
W/MediaPlayer( 1435): info/warning (704, 0)
I/MediaPlayer.java( 1435): Info (704,0)
D/MediaPlayerService(  744): [8] notify (0x522e8, 200, 704, 0)
D/MstarPlayer(  744): percent: 0
W/MediaPlayer( 1435): info/warning (704, 0)
I/MediaPlayer.java( 1435): Info (704,0)
D/MediaPlayerService(  744): [8] notify (0x522e8, 200, 704, 0)
D/MstarPlayer(  744): percent: 0
W/MediaPlayer( 1435): info/warning (704, 0)
I/MediaPlayer.java( 1435): Info (704,0)
D/DataSource_M3U8(  744): 
D/DataSource_M3U8(  744):  Warnig::  getValidBufferLength()  <  Codec require !!!
D/MediaPlayerService(  744): [8] notify (0x522e8, 200, 704, 0)
D/MstarPlayer(  744): percent: 0
W/MediaPlayer( 1435): info/warning (704, 0)
I/MediaPlayer.java( 1435): Info (704,0)
D/MediaPlayerService(  744): [8] notify (0x522e8, 200, 704, 0)
D/MstarPlayer(  744): percent: 0
W/MediaPlayer( 1435): info/warning (704, 0)
I/MediaPlayer.java( 1435): Info (704,0)
D/MediaPlayerService(  744): [8] notify (0x522e8, 200, 704, 0)
D/MstarPlayer(  744): percent: 0
W/MediaPlayer( 1435): info/warning (704, 0)
I/MediaPlayer.java( 1435): Info (704,0)
D/MediaPlayerService(  744): [8] notify (0x522e8, 200, 704, 0)
D/MstarPlayer(  744): percent: 0
W/MediaPlayer( 1435): info/warning (704, 0)
I/MediaPlayer.java( 1435): Info (704,0)
D/MediaPlayerService(  744): [8] notify (0x522e8, 200, 704, 0)
D/MstarPlayer(  744): percent: 0
W/MediaPlayer( 1435): info/warning (704, 0)
I/MediaPlayer.java( 1435): Info (704,0)
D/dalvikvm( 1505): GC_CONCURRENT freed 474K, 77% free 1388K/6019K, paused 2ms+2ms
D/MediaPlayerService(  744): [8] notify (0x522e8, 200, 704, 0)
D/MstarPlayer(  744): percent: 0
W/MediaPlayer( 1435): info/warning (704, 0)
I/MediaPlayer.java( 1435): Info (704,0)
D/MediaPlayerService(  744): [8] notify (0x522e8, 200, 704, 0)
D/MstarPlayer(  744): percent: 0
W/MediaPlayer( 1435): info/warning (704, 0)
I/MediaPlayer.java( 1435): Info (704,0)
D/MediaPlayerService(  744): [8] notify (0x522e8, 200, 704, 0)
D/MstarPlayer(  744): percent: 0
W/MediaPlayer( 1435): info/warning (704, 0)
I/MediaPlayer.java( 1435): Info (704,0)
D/MediaPlayerService(  744): [8] notify (0x522e8, 200, 704, 0)
D/MstarPlayer(  744): percent: 0
W/MediaPlayer( 1435): info/warning (704, 0)
I/MediaPlayer.java( 1435): Info (704,0)
D/MediaPlayerService(  744): [8] notify (0x522e8, 200, 704, 0)
D/MstarPlayer(  744): percent: 0
W/MediaPlayer( 1435): info/warning (704, 0)
I/MediaPlayer.java( 1435): Info (704,0)
D/dalvikvm( 1505): GC_CONCURRENT freed 444K, 77% free 1441K/6019K, paused 1ms+1ms
D/MediaPlayerService(  744): [8] notify (0x522e8, 200, 704, 0)
D/MstarPlayer(  744): percent: 0
W/MediaPlayer( 1435): info/warning (704, 0)
I/MediaPlayer.java( 1435): Info (704,0)
D/MediaPlayerService(  744): [8] notify (0x522e8, 200, 704, 0)
D/MstarPlayer(  744): percent: 0
W/MediaPlayer( 1435): info/warning (704, 0)
I/MediaPlayer.java( 1435): Info (704,0)
D/MediaPlayerService(  744): [8] notify (0x522e8, 200, 704, 0)
D/MstarPlayer(  744): percent: 0
W/MediaPlayer( 1435): info/warning (704, 0)
I/MediaPlayer.java( 1435): Info (704,0)
D/MediaPlayerService(  744): [8] notify (0x522e8, 200, 704, 0)
D/MstarPlayer(  744): percent: 0
W/MediaPlayer( 1435): info/warning (704, 0)
I/MediaPlayer.java( 1435): Info (704,0)
D/dalvikvm( 1505): GC_CONCURRENT freed 489K, 77% free 1439K/6019K, paused 2ms+1ms
D/MediaPlayerService(  744): [8] notify (0x522e8, 200, 704, 0)
D/MstarPlayer(  744): percent: 0
W/MediaPlayer( 1435): info/warning (704, 0)
I/MediaPlayer.java( 1435): Info (704,0)
D/MediaPlayerService(  744): [8] notify (0x522e8, 200, 704, 0)
D/MstarPlayer(  744): percent: 0
W/MediaPlayer( 1435): info/warning (704, 0)
I/MediaPlayer.java( 1435): Info (704,0)
D/MediaPlayerService(  744): [8] notify (0x522e8, 200, 704, 0)
D/MstarPlayer(  744): percent: 0
W/MediaPlayer( 1435): info/warning (704, 0)
I/MediaPlayer.java( 1435): Info (704,0)
D/dalvikvm( 1505): GC_CONCURRENT freed 501K, 78% free 1361K/6019K, paused 1ms+1ms
D/MediaPlayerService(  744): [8] notify (0x522e8, 200, 704, 0)
D/MstarPlayer(  744): percent: 0
W/MediaPlayer( 1435): info/warning (704, 0)
I/MediaPlayer.java( 1435): Info (704,0)
D/MediaPlayerService(  744): [8] notify (0x522e8, 200, 704, 0)
D/MstarPlayer(  744): percent: 0
W/MediaPlayer( 1435): info/warning (704, 0)
I/MediaPlayer.java( 1435): Info (704,0)
D/DataSource_M3U8(  744): 
D/DataSource_M3U8(  744):  Warnig::  getValidBufferLength()  <  Codec require !!!
D/MediaPlayerService(  744): [8] notify (0x522e8, 200, 704, 0)
D/MstarPlayer(  744): percent: 0
W/MediaPlayer( 1435): info/warning (704, 0)
I/MediaPlayer.java( 1435): Info (704,0)
D/MediaPlayerService(  744): [8] notify (0x522e8, 200, 704, 0)
D/MstarPlayer(  744): percent: 0
W/MediaPlayer( 1435): info/warning (704, 0)
I/MediaPlayer.java( 1435): Info (704,0)
D/MediaPlayerService(  744): [8] notify (0x522e8, 200, 704, 0)
D/MstarPlayer(  744): percent: 0
W/MediaPlayer( 1435): info/warning (704, 0)
I/MediaPlayer.java( 1435): Info (704,0)
D/MediaPlayerService(  744): [8] notify (0x522e8, 200, 704, 0)
D/MstarPlayer(  744): percent: 0
W/MediaPlayer( 1435): info/warning (704, 0)
I/MediaPlayer.java( 1435): Info (704,0)
D/dalvikvm( 1505): GC_CONCURRENT freed 419K, 77% free 1439K/6019K, paused 2ms+1ms
D/MediaPlayerService(  744): [8] notify (0x522e8, 200, 704, 0)
D/MstarPlayer(  744): percent: 0
W/MediaPlayer( 1435): info/warning (704, 0)
I/MediaPlayer.java( 1435): Info (704,0)
D/MediaPlayerService(  744): [8] notify (0x522e8, 200, 704, 0)
D/MstarPlayer(  744): percent: 0
W/MediaPlayer( 1435): info/warning (704, 0)
I/MediaPlayer.java( 1435): Info (704,0)
D/MediaPlayerService(  744): [8] notify (0x522e8, 200, 704, 0)
D/MstarPlayer(  744): percent: 0
W/MediaPlayer( 1435): info/warning (704, 0)
I/MediaPlayer.java( 1435): Info (704,0)
D/dalvikvm( 1505): GC_CONCURRENT freed 490K, 77% free 1439K/6019K, paused 1ms+1ms
D/MediaPlayerService(  744): [8] notify (0x522e8, 200, 704, 0)
D/MstarPlayer(  744): percent: 0
W/MediaPlayer( 1435): info/warning (704, 0)
I/MediaPlayer.java( 1435): Info (704,0)
D/MediaPlayerService(  744): [8] notify (0x522e8, 200, 704, 0)
D/MstarPlayer(  744): percent: 0
W/MediaPlayer( 1435): info/warning (704, 0)
I/MediaPlayer.java( 1435): Info (704,0)
D/MediaPlayerService(  744): [8] notify (0x522e8, 200, 704, 0)
D/MstarPlayer(  744): percent: 0
W/MediaPlayer( 1435): info/warning (704, 0)
I/MediaPlayer.java( 1435): Info (704,0)
D/MediaPlayerService(  744): [8] notify (0x522e8, 200, 704, 0)
D/MstarPlayer(  744): percent: 0
W/MediaPlayer( 1435): info/warning (704, 0)
I/MediaPlayer.java( 1435): Info (704,0)
D/dalvikvm( 1505): GC_CONCURRENT freed 503K, 78% free 1361K/6019K, paused 1ms+1ms
D/MediaPlayerService(  744): [8] notify (0x522e8, 200, 704, 0)
D/MstarPlayer(  744): percent: 0
W/MediaPlayer( 1435): info/warning (704, 0)
I/MediaPlayer.java( 1435): Info (704,0)
D/MediaPlayerService(  744): [8] notify (0x522e8, 200, 704, 0)
D/MstarPlayer(  744): percent: 0
W/MediaPlayer( 1435): info/warning (704, 0)
I/MediaPlayer.java( 1435): Info (704,0)
D/MediaPlayerService(  744): [8] notify (0x522e8, 200, 704, 0)
D/MstarPlayer(  744): percent: 0
W/MediaPlayer( 1435): info/warning (704, 0)
I/MediaPlayer.java( 1435): Info (704,0)
D/MediaPlayerService(  744): [8] notify (0x522e8, 200, 704, 0)
D/MstarPlayer(  744): percent: 0
W/MediaPlayer( 1435): info/warning (704, 0)
I/MediaPlayer.java( 1435): Info (704,0)
D/MediaPlayerService(  744): [8] notify (0x522e8, 200, 704, 0)
D/MstarPlayer(  744): percent: 0
W/MediaPlayer( 1435): info/warning (704, 0)
I/MediaPlayer.java( 1435): Info (704,0)
D/MediaPlayerService(  744): [8] notify (0x522e8, 200, 704, 0)
D/MstarPlayer(  744): percent: 0
W/MediaPlayer( 1435): info/warning (704, 0)
I/MediaPlayer.java( 1435): Info (704,0)
D/MediaPlayerService(  744): [8] notify (0x522e8, 200, 704, 0)
D/MstarPlayer(  744): percent: 0
W/MediaPlayer( 1435): info/warning (704, 0)
I/MediaPlayer.java( 1435): Info (704,0)
D/MediaPlayerService(  744): [8] notify (0x522e8, 200, 704, 0)
D/MstarPlayer(  744): percent: 0
W/MediaPlayer( 1435): info/warning (704, 0)
I/MediaPlayer.java( 1435): Info (704,0)
D/MediaPlayerService(  744): [8] notify (0x522e8, 200, 704, 0)
D/MstarPlayer(  744): percent: 0
W/MediaPlayer( 1435): info/warning (704, 0)
I/MediaPlayer.java( 1435): Info (704,0)
D/DataSource_M3U8(  744): 
D/DataSource_M3U8(  744):  Warnig::  getValidBufferLength()  <  Codec require !!!
D/MediaPlayerService(  744): [8] notify (0x522e8, 200, 704, 0)
D/MstarPlayer(  744): percent: 0
W/MediaPlayer( 1435): info/warning (704, 0)
I/MediaPlayer.java( 1435): Info (704,0)
D/MediaPlayerService(  744): [8] notify (0x522e8, 200, 704, 0)
D/MstarPlayer(  744): percent: 0
W/MediaPlayer( 1435): info/warning (704, 0)
I/MediaPlayer.java( 1435): Info (704,0)
D/MediaPlayerService(  744): [8] notify (0x522e8, 200, 704, 0)
D/MstarPlayer(  744): percent: 0
W/MediaPlayer( 1435): info/warning (704, 0)
I/MediaPlayer.java( 1435): Info (704,0)
D/MediaPlayerService(  744): [8] notify (0x522e8, 200, 704, 0)
D/MstarPlayer(  744): percent: 0
W/MediaPlayer( 1435): info/warning (704, 0)
I/MediaPlayer.java( 1435): Info (704,0)
D/dalvikvm( 1505): GC_CONCURRENT freed 446K, 77% free 1412K/6019K, paused 1ms+1ms
D/MediaPlayerService(  744): [8] notify (0x522e8, 200, 704, 0)
D/MstarPlayer(  744): percent: 0
W/MediaPlayer( 1435): info/warning (704, 0)
I/MediaPlayer.java( 1435): Info (704,0)
D/MediaPlayerService(  744): [8] notify (0x522e8, 200, 704, 0)
D/MstarPlayer(  744): percent: 0
W/MediaPlayer( 1435): info/warning (704, 0)
I/MediaPlayer.java( 1435): Info (704,0)
D/MediaPlayerService(  744): [8] notify (0x522e8, 200, 704, 0)
D/MstarPlayer(  744): percent: 0
W/MediaPlayer( 1435): info/warning (704, 0)
I/MediaPlayer.java( 1435): Info (704,0)
D/MediaPlayerService(  744): [8] notify (0x522e8, 200, 704, 0)
D/MstarPlayer(  744): percent: 0
W/MediaPlayer( 1435): info/warning (704, 0)
I/MediaPlayer.java( 1435): Info (704,0)
D/dalvikvm( 1505): GC_CONCURRENT freed 490K, 77% free 1398K/6019K, paused 1ms+2ms
D/MediaPlayerService(  744): [8] notify (0x522e8, 200, 704, 0)
D/MstarPlayer(  744): percent: 0
W/MediaPlayer( 1435): info/warning (704, 0)
I/MediaPlayer.java( 1435): Info (704,0)
D/MediaPlayerService(  744): [8] notify (0x522e8, 200, 704, 0)
D/MstarPlayer(  744): percent: 0
W/MediaPlayer( 1435): info/warning (704, 0)
I/MediaPlayer.java( 1435): Info (704,0)
D/MediaPlayerService(  744): [8] notify (0x522e8, 200, 704, 0)
D/MstarPlayer(  744): percent: 0
W/MediaPlayer( 1435): info/warning (704, 0)
I/MediaPlayer.java( 1435): Info (704,0)
D/dalvikvm( 1505): GC_CONCURRENT freed 475K, 78% free 1361K/6019K, paused 1ms+1ms
D/MediaPlayerService(  744): [8] notify (0x522e8, 200, 704, 0)
D/MstarPlayer(  744): percent: 0
W/MediaPlayer( 1435): info/warning (704, 0)
I/MediaPlayer.java( 1435): Info (704,0)
D/MediaPlayerService(  744): [8] notify (0x522e8, 200, 704, 0)
D/MstarPlayer(  744): percent: 0
W/MediaPlayer( 1435): info/warning (704, 0)
I/MediaPlayer.java( 1435): Info (704,0)
D/MediaPlayerService(  744): [8] notify (0x522e8, 200, 704, 0)
D/MstarPlayer(  744): percent: 0
W/MediaPlayer( 1435): info/warning (704, 0)
I/MediaPlayer.java( 1435): Info (704,0)
D/MediaPlayerService(  744): [8] notify (0x522e8, 200, 704, 0)
D/MstarPlayer(  744): percent: 0
W/MediaPlayer( 1435): info/warning (704, 0)
I/MediaPlayer.java( 1435): Info (704,0)
D/MediaPlayerService(  744): [8] notify (0x522e8, 200, 704, 0)
D/MstarPlayer(  744): percent: 0
W/MediaPlayer( 1435): info/warning (704, 0)
I/MediaPlayer.java( 1435): Info (704,0)
D/MediaPlayerService(  744): [8] notify (0x522e8, 200, 704, 0)
D/MstarPlayer(  744): percent: 0
W/MediaPlayer( 1435): info/warning (704, 0)
I/MediaPlayer.java( 1435): Info (704,0)
D/dalvikvm( 1505): GC_CONCURRENT freed 445K, 77% free 1411K/6019K, paused 1ms+1ms
D/MediaPlayerService(  744): [8] notify (0x522e8, 200, 704, 0)
D/MstarPlayer(  744): percent: 0
W/MediaPlayer( 1435): info/warning (704, 0)
I/MediaPlayer.java( 1435): Info (704,0)
D/MediaPlayerService(  744): [8] notify (0x522e8, 200, 704, 0)
D/MstarPlayer(  744): percent: 0
W/MediaPlayer( 1435): info/warning (704, 0)
I/MediaPlayer.java( 1435): Info (704,0)
D/MediaPlayerService(  744): [8] notify (0x522e8, 200, 704, 0)
D/MstarPlayer(  744): percent: 0
W/MediaPlayer( 1435): info/warning (704, 0)
I/MediaPlayer.java( 1435): Info (704,0)
D/DataSource_M3U8(  744): 
D/DataSource_M3U8(  744):  Warnig::  getValidBufferLength()  <  Codec require !!!
D/dalvikvm( 1505): GC_CONCURRENT freed 491K, 77% free 1412K/6019K, paused 1ms+1ms
D/MediaPlayerService(  744): [8] notify (0x522e8, 200, 704, 0)
D/MstarPlayer(  744): percent: 0
W/MediaPlayer( 1435): info/warning (704, 0)
I/MediaPlayer.java( 1435): Info (704,0)
D/MediaPlayerService(  744): [8] notify (0x522e8, 200, 704, 0)
D/MstarPlayer(  744): percent: 0
W/MediaPlayer( 1435): info/warning (704, 0)
I/MediaPlayer.java( 1435): Info (704,0)
D/MediaPlayerService(  744): [8] notify (0x522e8, 200, 704, 0)
D/MstarPlayer(  744): percent: 0
W/MediaPlayer( 1435): info/warning (704, 0)
I/MediaPlayer.java( 1435): Info (704,0)
D/MediaPlayerService(  744): [8] notify (0x522e8, 200, 704, 0)
D/MstarPlayer(  744): percent: 0
W/MediaPlayer( 1435): info/warning (704, 0)
I/MediaPlayer.java( 1435): Info (704,0)
D/dalvikvm( 1505): GC_CONCURRENT freed 503K, 78% free 1334K/6019K, paused 1ms+1ms
D/MediaPlayerService(  744): [8] notify (0x522e8, 200, 704, 0)
D/MstarPlayer(  744): percent: 0
W/MediaPlayer( 1435): info/warning (704, 0)
I/MediaPlayer.java( 1435): Info (704,0)
D/MediaPlayerService(  744): [8] notify (0x522e8, 200, 704, 0)
D/MstarPlayer(  744): percent: 0
W/MediaPlayer( 1435): info/warning (704, 0)
I/MediaPlayer.java( 1435): Info (704,0)
D/MediaPlayerService(  744): [8] notify (0x522e8, 200, 704, 0)
D/MstarPlayer(  744): percent: 0
W/MediaPlayer( 1435): info/warning (704, 0)
I/MediaPlayer.java( 1435): Info (704,0)
D/MediaPlayerService(  744): [8] notify (0x522e8, 200, 704, 0)
D/MstarPlayer(  744): percent: 0
W/MediaPlayer( 1435): info/warning (704, 0)
I/MediaPlayer.java( 1435): Info (704,0)
D/MediaPlayerService(  744): [8] notify (0x522e8, 200, 704, 0)
D/MstarPlayer(  744): percent: 0
W/MediaPlayer( 1435): info/warning (704, 0)
I/MediaPlayer.java( 1435): Info (704,0)
D/MediaPlayerService(  744): [8] notify (0x522e8, 200, 704, 0)
D/MstarPlayer(  744): percent: 0
W/MediaPlayer( 1435): info/warning (704, 0)
I/MediaPlayer.java( 1435): Info (704,0)
D/MediaPlayerService(  744): [8] notify (0x522e8, 200, 704, 0)
D/MstarPlayer(  744): percent: 0
W/MediaPlayer( 1435): info/warning (704, 0)
I/MediaPlayer.java( 1435): Info (704,0)
D/MediaPlayerService(  744): [8] notify (0x522e8, 200, 704, 0)
D/MstarPlayer(  744): percent: 0
W/MediaPlayer( 1435): info/warning (704, 0)
I/MediaPlayer.java( 1435): Info (704,0)
D/MediaPlayerService(  744): [8] notify (0x522e8, 200, 704, 0)
D/MstarPlayer(  744): percent: 0
W/MediaPlayer( 1435): info/warning (704, 0)
I/MediaPlayer.java( 1435): Info (704,0)
D/MediaPlayerService(  744): [8] notify (0x522e8, 200, 704, 0)
D/MstarPlayer(  744): percent: 0
W/MediaPlayer( 1435): info/warning (704, 0)
I/MediaPlayer.java( 1435): Info (704,0)
D/MediaPlayerService(  744): [8] notify (0x522e8, 200, 704, 0)
D/MstarPlayer(  744): percent: 0
W/MediaPlayer( 1435): info/warning (704, 0)
I/MediaPlayer.java( 1435): Info (704,0)
D/MediaPlayerService(  744): [8] notify (0x522e8, 200, 704, 0)
D/MstarPlayer(  744): percent: 0
W/MediaPlayer( 1435): info/warning (704, 0)
I/MediaPlayer.java( 1435): Info (704,0)
D/MediaPlayerService(  744): [8] notify (0x522e8, 200, 704, 0)
D/MstarPlayer(  744): percent: 0
W/MediaPlayer( 1435): info/warning (704, 0)
I/MediaPlayer.java( 1435): Info (704,0)
D/MediaPlayerService(  744): [8] notify (0x522e8, 200, 704, 0)
D/MstarPlayer(  744): percent: 0
W/MediaPlayer( 1435): info/warning (704, 0)
I/MediaPlayer.java( 1435): Info (704,0)
D/MediaPlayerService(  744): [8] notify (0x522e8, 200, 704, 0)
D/MstarPlayer(  744): percent: 0
W/MediaPlayer( 1435): info/warning (704, 0)
I/MediaPlayer.java( 1435): Info (704,0)
D/MediaPlayerService(  744): [8] notify (0x522e8, 200, 704, 0)
D/MstarPlayer(  744): percent: 0
W/MediaPlayer( 1435): info/warning (704, 0)
I/MediaPlayer.java( 1435): Info (704,0)
D/DataSource_M3U8(  744): 
D/DataSource_M3U8(  744):  Warnig::  getValidBufferLength()  <  Codec require !!!
D/MediaPlayerService(  744): [8] notify (0x522e8, 200, 704, 0)
D/MstarPlayer(  744): percent: 0
W/MediaPlayer( 1435): info/warning (704, 0)
I/MediaPlayer.java( 1435): Info (704,0)
D/MediaPlayerService(  744): [8] notify (0x522e8, 200, 704, 0)
D/MstarPlayer(  744): percent: 0
W/MediaPlayer( 1435): info/warning (704, 0)
I/MediaPlayer.java( 1435): Info (704,0)
D/MediaPlayerService(  744): [8] notify (0x522e8, 200, 704, 0)
D/MstarPlayer(  744): percent: 0
W/MediaPlayer( 1435): info/warning (704, 0)
I/MediaPlayer.java( 1435): Info (704,0)
D/MediaPlayerService(  744): [8] notify (0x522e8, 200, 704, 0)
D/MstarPlayer(  744): percent: 0
W/MediaPlayer( 1435): info/warning (704, 0)
I/MediaPlayer.java( 1435): Info (704,0)
D/MediaPlayerService(  744): [8] notify (0x522e8, 200, 704, 0)
D/MstarPlayer(  744): percent: 0
W/MediaPlayer( 1435): info/warning (704, 0)
I/MediaPlayer.java( 1435): Info (704,0)
D/MediaPlayerService(  744): [8] notify (0x522e8, 200, 704, 0)
D/MstarPlayer(  744): percent: 0
W/MediaPlayer( 1435): info/warning (704, 0)
I/MediaPlayer.java( 1435): Info (704,0)
D/MediaPlayerService(  744): [8] notify (0x522e8, 200, 704, 0)
D/MstarPlayer(  744): percent: 0
W/MediaPlayer( 1435): info/warning (704, 0)
I/MediaPlayer.java( 1435): Info (704,0)
D/MediaPlayerService(  744): [8] notify (0x522e8, 200, 704, 0)
W/MediaPlayer( 1435): info/warning (704, 0)
I/MediaPlayer.java( 1435): Info (704,0)
D/MstarPlayer(  744): percent: 0
D/MediaPlayerService(  744): [8] notify (0x522e8, 200, 704, 0)
W/MediaPlayer( 1435): info/warning (704, 0)
I/MediaPlayer.java( 1435): Info (704,0)
D/MstarPlayer(  744): percent: 0
D/MediaPlayerService(  744): [8] notify (0x522e8, 200, 704, 0)
W/MediaPlayer( 1435): info/warning (704, 0)
I/MediaPlayer.java( 1435): Info (704,0)
D/MstarPlayer(  744): percent: 0
D/MediaPlayerService(  744): [8] notify (0x522e8, 200, 704, 0)
W/MediaPlayer( 1435): info/warning (704, 0)
I/MediaPlayer.java( 1435): Info (704,0)
D/MstarPlayer(  744): percent: 0
D/MediaPlayerService(  744): [8] notify (0x522e8, 200, 704, 0)
D/MstarPlayer(  744): percent: 0
W/MediaPlayer( 1435): info/warning (704, 0)
I/MediaPlayer.java( 1435): Info (704,0)
D/MediaPlayerService(  744): [8] notify (0x522e8, 200, 704, 0)
D/MstarPlayer(  744): percent: 0
W/MediaPlayer( 1435): info/warning (704, 0)
I/MediaPlayer.java( 1435): Info (704,0)
D/MediaPlayerService(  744): [8] notify (0x522e8, 200, 704, 0)
D/MstarPlayer(  744): percent: 0
W/MediaPlayer( 1435): info/warning (704, 0)
I/MediaPlayer.java( 1435): Info (704,0)
D/MediaPlayerService(  744): [8] notify (0x522e8, 200, 704, 0)
D/MstarPlayer(  744): percent: 0
W/MediaPlayer( 1435): info/warning (704, 0)
I/MediaPlayer.java( 1435): Info (704,0)
D/MediaPlayerService(  744): [8] notify (0x522e8, 200, 704, 0)
D/MstarPlayer(  744): percent: 0
W/MediaPlayer( 1435): info/warning (704, 0)
I/MediaPlayer.java( 1435): Info (704,0)
D/MediaPlayerService(  744): [8] notify (0x522e8, 200, 704, 0)
D/MstarPlayer(  744): percent: 0
W/MediaPlayer( 1435): info/warning (704, 0)
I/MediaPlayer.java( 1435): Info (704,0)
D/MediaPlayerService(  744): [8] notify (0x522e8, 200, 704, 0)
D/MstarPlayer(  744): percent: 0
W/MediaPlayer( 1435): info/warning (704, 0)
I/MediaPlayer.java( 1435): Info (704,0)
D/MediaPlayerService(  744): [8] notify (0x522e8, 200, 704, 0)
D/MstarPlayer(  744): percent: 0
W/MediaPlayer( 1435): info/warning (704, 0)
I/MediaPlayer.java( 1435): Info (704,0)
D/DataSource_M3U8(  744): 
D/DataSource_M3U8(  744):  Warnig::  getValidBufferLength()  <  Codec require !!!
D/MediaPlayerService(  744): [8] notify (0x522e8, 200, 704, 0)
D/MstarPlayer(  744): percent: 0
W/MediaPlayer( 1435): info/warning (704, 0)
I/MediaPlayer.java( 1435): Info (704,0)
D/MediaPlayerService(  744): [8] notify (0x522e8, 200, 704, 0)
D/MstarPlayer(  744): percent: 0
W/MediaPlayer( 1435): info/warning (704, 0)
I/MediaPlayer.java( 1435): Info (704,0)
I//lib/ld-linux.so.3(  748): STC Updated by Video: (167232->340440)
D/MediaPlayerService(  744): [8] notify (0x522e8, 200, 704, 0)
D/MstarPlayer(  744): percent: 0
W/MediaPlayer( 1435): info/warning (704, 0)
I/MediaPlayer.java( 1435): Info (704,0)
D/MediaPlayerService(  744): [8] notify (0x522e8, 200, 704, 0)
D/MstarPlayer(  744): percent: 0
W/MediaPlayer( 1435): info/warning (704, 0)
I/MediaPlayer.java( 1435): Info (704,0)
D/MediaPlayerService(  744): [8] notify (0x522e8, 200, 704, 0)
D/MstarPlayer(  744): percent: 0
W/MediaPlayer( 143rPlayer(  744): percent: 0
W/MediaPlayer( 1435): info/warning (704, 0)
I/MediaPlayer.java( 1435): Info (704,0)
D/Downloader(  744): Content-Length: 172
D/Downloader(  744): 
D/Downloader(  744): Downloadserver bandWidth:5460
D/Downloader(  744): Downloadserver bandWidth:5460
D/Downloader(  744): Downloadserver bandWidth:5460
D/Downloader(  744): Downloadserver bandWidth:5460
D/MediaPlayerService(  744): [8] notify (0x522e8, 200, 704, 0)
D/MstarPlayer(  744): percent: 0
W/MediaPlayer( 1435): info/warning (704, 0)
I/MediaPlayer.java( 1435): Info (704,0)
D/MediaPlayerService(  744): [8] notify (0x522e8, 200, 704, 0)
D/MstarPlayer(  744): percent: 0
W/MediaPlayer( 1435): info/warning (704, 0)
I/MediaPlayer.java( 1435): Info (704,0)
D/dalvikvm( 1505): GC_CONCURRENT freed 394K, 79% free 1301K/6019K, paused 1ms+2ms
D/MediaPlayerService(  744): [8] notify (0x522e8, 200, 704, 0)
D/MstarPlayer(  744): percent: 0
W/MediaPlayer( 1435): info/warning (704, 0)
I/MediaPlayer.java( 1435): Info (704,0)
D/MediaPlayerService(  744): [8] notify (0x522e8, 200, 704, 0)
D/MstarPlayer(  744): percent: 0
W/MediaPlayer( 1435): info/warning (704, 0)
I/MediaPlayer.java( 1435): Info (704,0)
D/MediaPlayerService(  744): [8] notify (0x522e8, 200, 704, 0)
D/MstarPlayer(  744): percent: 0
W/MediaPlayer( 1435): info/warning (704, 0)
I/MediaPlayer.java( 1435): Info (704,0)
D/DataSource_M3U8(  744): u32HLSSreamNum[0]===>u32BandWidth:1200000 
D/DataSource_M3U8(  744): getHLSPlayListInex  DownloadBandWidth:5460   uInDex=0
D/DataSource_M3U8(  744): [M3U8] checkShouldStartNext :[58](172/172)   sequence:0  start next:59  
D/DataSource_M3U8(  744): 
D/DataSource_M3U8(  744): 
D/DataSource_M3U8(  744): 
D/DataSource_M3U8(  744): [M3U8]-7----->This :0x30fd0 --> post cmd for start next url:http://cibn-iss1.longvisionmedia.com:8088/vod/CIBN2013_CIBN2113040100001913_12001300/59.ts, knowedFileSize:0, mCurDowningIndex:58
D/DataSource_M3U8(  744): 
D/DataSource_M3U8(  744): 
D/Downloader(  744): [downloadThread]Downloader::removeTask  
D/Downloader(  744): [downloadThread]task have range string:0- 
D/dalvikvm( 1505): GC_CONCURRENT freed 392K, 79% free 1300K/6019K, paused 1ms+1ms
D/MediaPlayerService(  744): [8] notify (0x522e8, 3, 14, 0)
D/MediaPlayerService(  744): [8] notify (0x522e8, 200, 704, 0)
D/MstarPlayer(  744): percent: 0
W/MediaPlayer( 1435): info/warning (704, 0)
I/MediaPlayer.java( 1435): Info (704,0)
D/DataSource_M3U8(  744): 
D/DataSource_M3U8(  744):  Warnig::  getValidBufferLength()  <  Codec require !!!
D/MediaPlayerService(  744): [8] notify (0x522e8, 200, 704, 0)
D/MstarPlayer(  744): percent: 0
W/MediaPlayer( 1435): info/warning (704, 0)
I/MediaPlayer.java( 1435): Info (704,0)
D/MediaPlayerService(  744): [8] notify (0x522e8, 200, 704, 0)
D/MstarPlayer(  744): percent: 0
W/MediaPlayer( 1435): info/warning (704, 0)
I/MediaPlayer.java( 1435): Info (704,0)
D/MediaPlayerService(  744): [8] notify (0x522e8, 200, 704, 0)
D/MstarPlayer(  744): percent: 0
W/MediaPlayer( 1435): info/warning (704, 0)
I/MediaPlayer.java( 1435): Info (704,0)
D/dalvikvm( 1505): GC_CONCURRENT freed 393K, 77% free 1424K/6019K, paused 1ms+1ms
D/MediaPlayerService(  744): [8] notify (0x522e8, 200, 704, 0)
D/MstarPlayer(  744): percent: 0
W/MediaPlayer( 1435): info/warning (704, 0)
I/MediaPlayer.java( 1435): Info (704,0)
D/MediaPlayerService(  744): [8] notify (0x522e8, 200, 704, 0)
D/MstarPlayer(  744): percent: 0
W/MediaPlayer( 1435): info/warning (704, 0)
I/MediaPlayer.java( 1435): Info (704,0)
D/MediaPlayerService(  744): [8] notify (0x522e8, 200, 704, 0)
D/MstarPlayer(  744): percent: 0
W/MediaPlayer( 1435): info/warning (704, 0)
I/MediaPlayer.java( 1435): Info (704,0)
D/dalvikvm( 1505): GC_CONCURRENT freed 515K, 78% free 1334K/6019K, paused 0ms+2ms
D/MediaPlayerService(  744): [8] notify (0x522e8, 200, 704, 0)
D/MstarPlayer(  744): percent: 0
W/MediaPlayer( 1435): info/warning (704, 0)
I/MediaPlayer.java( 1435): Info (704,0)
D/MediaPlayerService(  744): [8] notify (0x522e8, 200, 704, 0)
D/MstarPlayer(  744): percent: 0
W/MediaPlayer( 1435): info/warning (704, 0)
I/MediaPlayer.java( 1435): Info (704,0)
D/MediaPlayerService(  744): [8] notify (0x522e8, 200, 704, 0)
D/MstarPlayer(  744): percent: 0
W/MediaPlayer( 1435): info/warning (704, 0)
I/MediaPlayer.java( 1435): Info (704,0)
D/MediaPlayerService(  744): [8] notify (0x522e8, 200, 704, 0)
D/MstarPlayer(  744): percent: 0
W/MediaPlayer( 1435): info/warning (704, 0)
I/MediaPlayer.java( 1435): Info (704,0)
D/MediaPlayerService(  744): [8] notify (0x522e8, 200, 704, 0)
D/MstarPlayer(  744): percent: 0
W/MediaPlayer( 1435): info/warning (704, 0)
I/MediaPlayer.java( 1435): Info (704,0)
D/MediaPlayerService(  744): [8] notify (0x522e8, 200, 704, 0)
D/MstarPlayer(  744): percent: 0
W/MediaPlayer( 1435): info/warning (704, 0)
I/MediaPlayer.java( 1435): Info (704,0)
I//lib/ld-linux.so.3(  748): FrmCnt:1029(0,85,22) Rate:9 Sys:2216669 STC:349061 VPTS:344040 APTS:349061 Delay:-4981(40) V:0 A:0 VES:0x380 AES:0x0 PCM:0x0 AudioErr:0x1
D/MediaPlayerService(  744): [8] notify (0x522e8, 200, 704, 0)
D/MstarPlayer(  744): percent: 0
W/MediaPlayer( 1435): info/warning (704, 0)
I/MediaPlayer.java( 1435): Info (704,0)
D/MediaPlayerService(  744): [8] notify (0x522e8, 200, 704, 0)
D/MstarPlayer(  744): percent: 0
W/MediaPlayer( 1435): info/warning (704, 0)
I/MediaPlayer.java( 1435): Info (704,0)
D/MediaPlayerService(  744): [8] notify (0x522e8, 200, 704, 0)
D/MstarPlayer(  744): percent: 0
W/MediaPlayer( 1435): info/warning (704, 0)
I/MediaPlayer.java( 1435): Info (704,0)
D/MediaPlayerService(  744): [8] notify (0x522e8, 200, 704, 0)
D/MstarPlayer(  744): percent: 0
W/MediaPlayer( 1435): info/warning (704, 0)
I/MediaPlayer.java( 1435): Info (704,0)
D/MediaPlayerService(  744): [8] notify (0x522e8, 200, 704, 0)
D/MstarPlayer(  744): percent: 0
W/MediaPlayer( 1435): info/warning (704, 0)
I/MediaPlayer.java( 1435): Info (704,0)
D/MediaPlayerService(  744): [8] notify (0x522e8, 200, 704, 0)
D/MstarPlayer(  744): percent: 0
W/MediaPlayer( 1435): info/warning (704, 0)
I/MediaPlayer.java( 1435): Info (704,0)
D/MediaPlayerService(  744): [8] notify (0x522e8, 200, 704, 0)
D/MstarPlayer(  744): percent: 0
W/MediaPlayer( 1435): info/warning (704, 0)
I/MediaPlayer.java( 1435): Info (704,0)
D/MediaPlayerService(  744): [8] notify (0x522e8, 200, 704, 0)
D/MstarPlayer(  744): percent: 0
W/MediaPlayer( 1435): info/warning (704, 0)
I/MediaPlayer.java( 1435): Info (704,0)
D/DataSource_M3U8(  744): 
D/DataSource_M3U8(  744):  Warnig::  getValidBufferLength()  <  Codec require !!!
D/MediaPlayerService(  744): [8] notify (0x522e8, 200, 704, 0)
D/MstarPlayer(  744): percent: 0
W/MediaPlayer( 1435): info/warning (704, 0)
I/MediaPlayer.java( 1435): Info (704,0)
D/MediaPlayerService(  744): [8] notify (0x522e8, 200, 704, 0)
D/MstarPlayer(  744): percent: 0
W/MediaPlayer( 1435): info/warning (704, 0)
I/MediaPlayer.java( 1435): Info (704,0)
D/MediaPlayerService(  744): [8] notify (0x522e8, 200, 704, 0)
D/MstarPlayer(  744): percent: 0
W/MediaPlayer( 1435): info/warning (704, 0)
I/MediaPlayer.java( 1435): Info (704,0)
D/MediaPlayerService(  744): [8] notify (0x522e8, 200, 704, 0)
D/MstarPlayer(  744): percent: 0
W/MediaPlayer( 1435): info/warning (704, 0)
I/MediaPlayer.java( 1435): Info (704,0)
D/MediaPlayerService(  744): [8] notify (0x522e8, 200, 704, 0)
D/MstarPlayer(  744): percent: 0
W/MediaPlayer( 1435): info/warning (704, 0)
I/MediaPlayer.java( 1435): Info (704,0)
D/MediaPlayerService(  744): [8] notify (0x522e8, 200, 704, 0)
D/MstarPlayer(  744): percent: 0
W/MediaPlayer( 1435): info/warning (704, 0)
I/MediaPlayer.java( 1435): Info (704,0)
D/MediaPlayerService(  744): [8] notify (0x522e8, 200, 704, 0)
D/MstarPlayer(  744): percent: 0
W/MediaPlayer( 1435): info/warning (704, 0)
I/MediaPlayer.java( 1435): Info (704,0)
D/MediaPlayerService(  744): [8] notify (0x522e8, 200, 704, 0)
D/MstarPlayer(  744): percent: 0
W/MediaPlayer( 1435): info/warning (704, 0)
I/MediaPlayer.java( 1435): Info (704,0)
D/MediaPlayerService(  744): [8] notify (0x522e8, 200, 704, 0)
D/MstarPlayer(  744): percent: 0
W/MediaPlayer( 1435): info/warning (704, 0)
I/MediaPlayer.java( 1435): Info (704,0)
D/MediaPlayerService(  744): [8] notify (0x522e8, 200, 704, 0)
D/MstarPlayer(  744): percent: 0
W/MediaPlayer( 1435): info/warning (704, 0)
I/MediaPlayer.java( 1435): Info (704,0)
D/MediaPlayerService(  744): [8] notify (0x522e8, 200, 704, 0)
D/MstarPlayer(  744): percent: 0
W/MediaPlayer( 1435): info/warning (704, 0)
I/MediaPlayer.java( 1435): Info (704,0)
D/MediaPlayerService(  744): [8] notify (0x522e8, 200, 704, 0)
D/MstarPlayer(  744): percent: 0
W/MediaPlayer( 1435): info/warning (704, 0)
I/MediaPlayer.java( 1435): Info (704,0)
D/MediaPlayerService(  744): [8] notify (0x522e8, 200, 704, 0)
D/MstarPlayer(  744): percent: 0
W/MediaPlayer( 1435): info/warning (704, 0)
I/MediaPlayer.java( 1435): Info (704,0)
D/MediaPlayerService(  744): [8] notify (0x522e8, 200, 704, 0)
D/MstarPlayer(  744): percent: 0
W/MediaPlayer( 1435): info/warning (704, 0)
I/MediaPlayer.java( 1435): Info (704,0)
D/MediaPlayerService(  744): [8] notify (0x522e8, 200, 704, 0)
D/MstarPlayer(  744): percent: 0
W/MediaPlayer( 1435): info/warning (704, 0)
I/MediaPlayer.java( 1435): Info (704,0)
D/MediaPlayerService(  744): [8] notify (0x522e8, 200, 704, 0)
D/MstarPlayer(  744): percent: 0
W/MediaPlayer( 1435): info/warning (704, 0)
I/MediaPlayer.java( 1435): Info (704,0)
D/MediaPlayerService(  744): [8] notify (0x522e8, 200, 704, 0)
D/MstarPlayer(  744): percent: 0
W/MediaPlayer( 1435): info/warning (704, 0)
I/MediaPlayer.java( 1435): Info (704,0)
D/MediaPlayerService(  744): [8] notify (0x522e8, 200, 704, 0)
D/MstarPlayer(  744): percent: 0
W/MediaPlayer( 1435): info/warning (704, 0)
I/MediaPlayer.java( 1435): Info (704,0)
D/MediaPlayerService(  744): [8] notify (0x522e8, 200, 704, 0)
D/MstarPlayer(  744): percent: 0
W/MediaPlayer( 1435): info/warning (704, 0)
I/MediaPlayer.java( 1435): Info (704,0)
D/MediaPlayerService(  744): [8] notify (0x522e8, 200, 704, 0)
D/MstarPlayer(  744): percent: 0
W/MediaPlayer( 1435): info/warning (704, 0)
I/MediaPlayer.java( 1435): Info (704,0)
D/DataSource_M3U8(  744): 
D/DataSource_M3U8(  744):  Warnig::  getValidBufferLength()  <  Codec require !!!
D/MediaPlayerService(  744): [8] notify (0x522e8, 200, 704, 0)
D/MstarPlayer(  744): percent: 0
W/MediaPlayer( 1435): info/warning (704, 0)
I/MediaPlayer.java( 1435): Info (704,0)
D/MediaPlayerService(  744): [8] notify (0x522e8, 200, 704, 0)
D/MstarPlayer(  744): percent: 0
W/MediaPlayer( 1435): info/warning (704, 0)
I/MediaPlayer.java( 1435): Info (704,0)
I//lib/ld-linux.so.3(  748): FrmCnt:1044(1,98,22) Rate:9 Sys:2218200 STC:350592 VPTS:344400 APTS:350621 Delay:-6152(40) V:0 A:0 VES:0x20 AES:0x0 PCM:0x13400 AudioErr:0x1
D/MediaPlayerService(  744): [8] notify (0x522e8, 200, 704, 0)
D/MstarPlayer(  744): percent: 0
W/MediaPlayer( 1435): info/warning (704, 0)
I/MediaPlayer.java( 1435): Info (704,0)
D/MediaPlayerService(  744): [8] notify (0x522e8, 200, 704, 0)
D/MstarPlayer(  744): percent: 0
W/MediaPlayer( 1435): info/warning (704, 0)
I/MediaPlayer.java( 1435): Info (704,0)
D/MediaPlayerService(  744): [8] notify (0x522e8, 200, 704, 0)
D/MstarPlayer(  744): percent: 0
W/MediaPlayer( 1435): info/warning (704, 0)
I/MediaPlayer.java( 1435): Info (704,0)
D/MediaPlayerService(  744): [8] notify (0x522e8, 200, 704, 0)
D/MstarPlayer(  744): percent: 0
W/MediaPlayer( 1435): info/warning (704, 0)
I/MediaPlayer.java( 1435): Info (704,0)
D/MediaPlayerService(  744): [8] notify (0x522e8, 200, 704, 0)
D/MstarPlayer(  744): percent: 0
W/MediaPlayer( 1435): info/warning (704, 0)
I/MediaPlayer.java( 1435): Info (704,0)
D/MediaPlayerService(  744): [8] notify (0x522e8, 200, 704, 0)
D/MstarPlayer(  744): percent: 0
W/MediaPlayer( 1435): info/warning (704, 0)
I/MediaPlayer.java( 1435): Info (704,0)
D/MediaPlayerService(  744): [8] notify (0x522e8, 200, 704, 0)
D/MstarPlayer(  744): percent: 0
W/MediaPlayer( 1435): info/warning (704, 0)
I/MediaPlayer.java( 1435): Info (704,0)
D/MediaPlayerService(  744): [8] notify (0x522e8, 200, 704, 0)
D/MstarPlayer(  744): percent: 0
W/MediaPlayer( 1435): info/warning (704, 0)
I/MediaPlayer.java( 1435): Info (704,0)
D/MediaPlayerService(  744): [8] notify (0x522e8, 200, 704, 0)
D/MstarPlayer(  744): percent: 0
W/MediaPlayer( 1435): info/warning (704, 0)
I/MediaPlayer.java( 1435): Info (704,0)
D/MediaPlayerService(  744): [8] notify (0x522e8, 200, 704, 0)
D/MstarPlayer(  744): percent: 0
W/MediaPlayer( 1435): info/warning (704, 0)
I/MediaPlayer.java( 1435): Info (704,0)
D/MediaPlayerService(  744): [8] notify (0x522e8, 200, 704, 0)
D/MstarPlayer(  744): percent: 0
W/MediaPlayer( 1435): info/warning (704, 0)
I/MediaPlayer.java( 1435): Info (704,0)
D/MediaPlayerService(  744): [8] notify (0x522e8, 200, 704, 0)
D/MstarPlayer(  744): percent: 0
W/MediaPlayer( 1435): info/warning (704, 0)
I/MediaPlayer.java( 1435): Info (704,0)
D/MediaPlayerService(  744): [8] notify (0x522e8, 200, 704, 0)
D/MstarPlayer(  744): percent: 0
W/MediaPlayer( 1435): info/warning (704, 0)
I/MediaPlayer.java( 1435): Info (704,0)
D/MediaPlayerService(  744): [8] notify (0x522e8, 200, 704, 0)
D/MstarPlayer(  744): percent: 0
W/MediaPlayer( 1435): info/warning (704, 0)
I/MediaPlayer.java( 1435): Info (704,0)
D/MediaPlayerService(  744): [8] notify (0x522e8, 200, 704, 0)
D/MstarPlayer(  744): percent: 0
W/MediaPlayer( 1435): info/warning (704, 0)
I/MediaPlayer.java( 1435): Info (704,0)
D/MediaPlayerService(  744): [8] notify (0x522e8, 200, 704, 0)
D/MstarPlayer(  744): percent: 0
W/MediaPlayer( 1435): info/warning (704, 0)
I/MediaPlayer.java( 1435): Info (704,0)
D/MediaPlayerService(  744): [8] notify (0x522e8, 200, 704, 0)
D/MstarPlayer(  744): percent: 0
W/MediaPlayer( 1435): info/warning (704, 0)
I/MediaPlayer.java( 1435): Info (704,0)
D/DataSource_M3U8(  744): 
D/DataSource_M3U8(  744):  Warnig::  getValidBufferLength()  <  Codec require !!!
D/MediaPlayerService(  744): [8] notify (0x522e8, 200, 704, 0)
D/MstarPlayer(  744): percent: 0
W/MediaPlayer( 1435): info/warning (704, 0)
I/MediaPlayer.java( 1435): Info (704,0)
D/MediaPlayerService(  744): [8] notify (0x522e8, 200, 704, 0)
D/MstarPlayer(  744): percent: 0
W/MediaPlayer( 1435): info/warning (704, 0)
I/MediaPlayer.java( 1435): Info (704,0)
D/MediaPlayerService(  744): [8] notify (0x522e8, 200, 704, 0)
D/MstarPlayer(  744): percent: 0
W/MediaPlayer( 1435): info/warning (704, 0)
I/MediaPlayer.java( 1435): Info (704,0)
I//lib/ld-linux.so.3(  748): Old STC: 0x00055d86, PTS: 0x00055baa, Diff: 0x000001dc
D/MediaPlayerService(  744): [8] notify (0x522e8, 200, 704, 0)
D/MstarPlayer(  744): percent: 0
W/MediaPlayer( 1435): info/warning (704, 0)
I/MediaPlayer.java( 1435): Info (704,0)
D/MediaPlayerService(  744): [8] notify (0x522e8, 200, 704, 0)
D/MstarPlayer(  744): percent: 0
W/MediaPlayer( 1435): info/warning (704, 0)
I/MediaPlayer.java( 1435): Info (704,0)
D/MediaPlayerService(  744): [8] notify (0x522e8, 200, 704, 0)
D/MstarPlayer(  744): percent: 0
W/MediaPlayer( 1435): info/warning (704, 0)
I/MediaPlayer.java( 1435): Info (704,0)
D/MediaPlayerService(  744): [8] notify (0x522e8, 200, 704, 0)
D/MstarPlayer(  744): percent: 0
W/MediaPlayer( 1435): info/warning (704, 0)
I/MediaPlayer.java( 1435): Info (704,0)
D/MediaPlayerService(  744): [8] notify (0x522e8, 200, 704, 0)
D/MstarPlayer(  744): percent: 0
W/MediaPlayer( 1435): info/warning (704, 0)
I/MediaPlayer.java( 1435): Info (704,0)
D/MediaPlayerService(  744): [8] notify (0x522e8, 200, 704, 0)
D/MstarPlayer(  744): percent: 0
W/MediaPlayer( 1435): info/warning (704, 0)
I/MediaPlayer.java( 1435): Info (704,0)
D/MediaPlayerService(  744): [8] notify (0x522e8, 200, 704, 0)
D/MstarPlayer(  744): percent: 0
W/MediaPlayer( 1435): info/warning (704, 0)
I/MediaPlayer.java( 1435): Info (704,0)
D/MediaPlayerService(  744): [8] notify (0x522e8, 200, 704, 0)
D/MstarPlayer(  744): percent: 0
W/MediaPlayer( 1435): info/warning (704, 0)
I/MediaPlayer.java( 1435): Info (704,0)
D/MediaPlayerService(  744): [8] notify (0x522e8, 200, 704, 0)
D/MstarPlayer(  744): percent: 0
W/MediaPlayer( 1435): info/warning (704, 0)
I/MediaPlayer.java( 1435): Info (704,0)
D/MediaPlayerService(  744): [8] notify (0x522e8, 200, 704, 0)
D/MstarPlayer(  744): percent: 0
W/MediaPlayer( 1435): info/warning (704, 0)
I/MediaPlayer.java( 1435): Info (704,0)
I//lib/ld-linux.so.3(  748): FrmCnt:1056(1,110,22) Rate:7 Sys:2219723 STC:351640 VPTS:344400 APTS:351499 Delay:-7200(40) V:0 A:0 VES:0x20 AES:0x0 PCM:0x0 AudioErr:0x1
D/MediaPlayerService(  744): [8] notify (0x522e8, 200, 704, 0)
D/MstarPlayer(  744): percent: 0
W/MediaPlayer( 1435): info/warning (704, 0)
I/MediaPlayer.java( 1435): Info (704,0)
D/MediaPlayerService(  744): [8] notify (0x522e8, 200, 704, 0)
D/MstarPlayer(  744): percent: 0
W/MediaPlayer( 1435): info/warning (704, 0)
I/MediaPlayer.java( 1435): Info (704,0)
D/MediaPlayerService(  744): [8] notify (0x522e8, 200, 704, 0)
D/MstarPlayer(  744): percent: 0
W/MediaPlayer( 1435): info/warning (704, 0)
I/MediaPlayer.java( 1435): Info (704,0)
D/MediaPlayerService(  744): [8] notify (0x522e8, 200, 704, 0)
D/MstarPlayer(  744): percent: 0
W/MediaPlayer( 1435): info/warning (704, 0)
I/MediaPlayer.java( 1435): Info (704,0)
D/MediaPlayerService(  744): [8] notify (0x522e8, 200, 704, 0)
D/MstarPlayer(  744): percent: 0
W/MediaPlayer( 1435): info/warning (704, 0)
I/MediaPlayer.java( 1435): Info (704,0)
D/MediaPlayerService(  744): [8] notify (0x522e8, 200, 704, 0)
D/MstarPlayer(  744): percent: 0
W/MediaPlayer( 1435): info/warning (704, 0)
I/MediaPlayer.java( 1435): Info (704,0)
D/MediaPlayerService(  744): [8] notify (0x522e8, 200, 704, 0)
D/MstarPlayer(  744): percent: 0
W/MediaPlayer( 1435): info/warning (704, 0)
I/MediaPlayer.java( 1435): Info (704,0)
D/DataSource_M3U8(  744): 
D/DataSource_M3U8(  744):  Warnig::  getValidBufferLength()  <  Codec require !!!
D/MediaPlayerService(  744): [8] notify (0x522e8, 200, 704, 0)
D/MstarPlayer(  744): percent: 0
W/MediaPlayer( 1435): info/warning (704, 0)
I/MediaPlayer.java( 1435): Info (704,0)
D/MediaPlayerService(  744): [8] notify (0x522e8, 200, 704, 0)
D/MstarPlayer(  744): percent: 0
W/MediaPlayer( 1435): info/warning (704, 0)
I/MediaPlayer.java( 1435): Info (704,0)
D/MediaPlayerService(  744): [8] notify (0x522e8, 200, 704, 0)
W/MediaPlayer( 1435): info/warning (704, 0)
I/MediaPlayer.java( 1435): Info (704,0)
D/MstarPlayer(  744): percent: 0
I//lib/ld-linux.so.3(  748): Old STC: 0x00055f85, PTS: 0x00055d7f, Diff: 0x00000206
D/MediaPlayerService(  744): [8] notify (0x522e8, 200, 704, 0)
D/MstarPlayer(  744): percent: 0
W/MediaPlayer( 1435): info/warning (704, 0)
I/MediaPlayer.java( 1435): Info (704,0)
D/MediaPlayerService(  744): [8] notify (0x522e8, 200, 704, 0)
D/MstarPlayer(  744): percent: 0
W/MediaPlayer( 1435): info/warning (704, 0)
I/MediaPlayer.java( 1435): Info (704,0)
D/MediaPlayerService(  744): [8] notify (0x522e8, 200, 704, 0)
D/MstarPlayer(  744): percent: 0
W/MediaPlayer( 1435): info/warning (704, 0)
I/MediaPlayer.java( 1435): Info (704,0)
D/MediaPlayerService(  744): [8] notify (0x522e8, 200, 704, 0)
D/MstarPlayer(  744): percent: 0
W/MediaPlayer( 1435): info/warning (704, 0)
I/MediaPlayer.java( 1435): Info (704,0)
D/MediaPlayerService(  744): [8] notify (0x522e8, 200, 704, 0)
D/MstarPlayer(  744): percent: 0
W/MediaPlayer( 1435): info/warning (704, 0)
I/MediaPlayer.java( 1435): Info (704,0)
D/MediaPlayerService(  744): [8] notify (0x522e8, 200, 704, 0)
D/MstarPlayer(  744): percent: 0
W/MediaPlayer( 1435): info/warning (704, 0)
I/MediaPlayer.java( 1435): Info (704,0)
D/MediaPlayerService(  744): [8] notify (0x522e8, 200, 704, 0)
D/MstarPlayer(  744): percent: 0
W/MediaPlayer( 1435): info/warning (704, 0)
I/MediaPlayer.java( 1435): Info (704,0)
D/MediaPlayerService(  744): [8] notify (0x522e8, 200, 704, 0)
D/MstarPlayer(  744): percent: 0
W/MediaPlayer( 1435): info/warning (704, 0)
I/MediaPlayer.java( 1435): Info (704,0)
D/MediaPlayerService(  744): [8] notify (0x522e8, 200, 704, 0)
D/MstarPlayer(  744): percent: 0
W/MediaPlayer( 1435): info/warning (704, 0)
I/MediaPlayer.java( 1435): Info (704,0)
D/MediaPlayerService(  744): [8] notify (0x522e8, 200, 704, 0)
D/MstarPlayer(  744): percent: 0
W/MediaPlayer( 1435): info/warning (704, 0)
I/MediaPlayer.java( 1435): Info (704,0)
D/MediaPlayerService(  744): [8] notify (0x522e8, 200, 704, 0)
D/MstarPlayer(  744): percent: 0
W/MediaPlayer( 1435): info/warning (704, 0)
I/MediaPlayer.java( 1435): Info (704,0)
D/MediaPlayerService(  744): [8] notify (0x522e8, 200, 704, 0)
D/MstarPlayer(  744): percent: 0
W/MediaPlayer( 1435): info/warning (704, 0)
I/MediaPlayer.java( 1435): Info (704,0)
D/MediaPlayerService(  744): [8] notify (0x522e8, 200, 704, 0)
D/MstarPlayer(  744): percent: 0
W/MediaPlayer( 1435): info/warning (704, 0)
I/MediaPlayer.java( 1435): Info (704,0)
D/MediaPlayerService(  744): [8] notify (0x522e8, 200, 704, 0)
D/MstarPlayer(  744): percent: 0
W/MediaPlayer( 1435): info/warning (704, 0)
I/MediaPlayer.java( 1435): Info (704,0)
D/MediaPlayerService(  744): [8] notify (0x522e8, 200, 704, 0)
D/MstarPlayer(  744): percent: 0
W/MediaPlayer( 1435): info/warning (704, 0)
I/MediaPlayer.java( 1435): Info (704,0)
D/dalvikvm( 1505): GC_CONCURRENT freed 415K, 77% free 1396K/6019K, paused 1ms+1ms
D/HomePlayerLib( 1505): hostaddress count is 1
D/MediaPlayerService(  744): [8] notify (0x522e8, 200, 704, 0)
D/MstarPlayer(  744): percent: 0
W/MediaPlayer( 1435): info/warning (704, 0)
I/MediaPlayer.java( 1435): Info (704,0)
D/dalvikvm( 1505): GC_CONCURRENT freed 485K, 77% free 1407K/6019K, paused 2ms+1ms
D/MediaPlayerService(  744): [8] notify (0x522e8, 200, 704, 0)
D/MstarPlayer(  744): percent: 0
W/MediaPlayer( 1435): info/warning (704, 0)
I/MediaPlayer.java( 1435): Info (704,0)
D/DataSource_M3U8(  744): 
D/DataSource_M3U8(  744):  Warnig::  getValidBufferLength()  <  Codec require !!!
D/dalvikvm( 1505): GC_CONCURRENT freed 503K, 79% free 1313K/6019K, paused 1ms+2ms
D/MediaPlayerService(  744): [8] notify (0x522e8, 200, 704, 0)
D/MstarPlayer(  744): percent: 0
W/MediaPlayer( 1435): info/warning (704, 0)
I/MediaPlayer.java( 1435): Info (704,0)
D/MediaPlayerService(  744): [8] notify (0x522e8, 200, 704, 0)
D/MstarPlayer(  744): percent: 0
W/MediaPlayer( 1435): info/warning (704, 0)
I/MediaPlayer.java( 1435): Info (704,0)
D/dalvikvm( 1505): GC_CONCURRENT freed 395K, 79% free 1318K/6019K, paused 1ms+2ms
D/MediaPlayerService(  744): [8] notify (0x522e8, 200, 704, 0)
D/MstarPlayer(  744): percent: 0
W/MediaPlayer( 1435): info/warning (704, 0)
I/MediaPlayer.java( 1435): Info (704,0)
I//lib/ld-linux.so.3(  748): Old STC: 0x00056185, PTS: 0x00055eeb, Diff: 0x0000029a
I//lib/ld-linux.so.3(  748): FrmCnt:1073(1,118,22) Rate:11 Sys:2221248 STC:351979 VPTS:351840 APTS:351979 Delay:-99(40) V:0 A:0 VES:0x6510 AES:0x0 PCM:0x14300 AudioErr:0x2
D/MediaPlayerService(  744): [8] notify (0x522e8, 200, 704, 0)
D/MstarPlayer(  744): percent: 0
W/MediaPlayer( 1435): info/warning (704, 0)
I/MediaPlayer.java( 1435): Info (704,0)
D/dalvikvm( 1505): GC_CONCURRENT freed 401K, 77% free 1428K/6019K, paused 1ms+1ms
D/MediaPlayerService(  744): [8] notify (0x522e8, 200, 704, 0)
D/MstarPlayer(  744): percent: 0
W/MediaPlayer( 1435): info/warning (704, 0)
I/MediaPlayer.java( 1435): Info (704,0)
D/MediaPlayerService(  744): [8] notify (0x522e8, 200, 704, 0)
D/MstarPlayer(  744): percent: 0
W/MediaPlayer( 1435): info/warning (704, 0)
I/MediaPlayer.java( 1435): Info (704,0)
D/MediaPlayerService(  744): [8] notify (0x522e8, 200, 704, 0)
D/MstarPlayer(  744): percent: 0
W/MediaPlayer( 1435): info/warning (704, 0)
I/MediaPlayer.java( 1435): Info (704,0)
D/dalvikvm( 1505): GC_CONCURRENT freed 504K, 77% free 1407K/6019K, paused 1ms+1ms
D/MediaPlayerService(  744): [8] notify (0x522e8, 200, 704, 0)
D/MstarPlayer(  744): percent: 0
W/MediaPlayer( 1435): info/warning (704, 0)
I/MediaPlayer.java( 1435): Info (704,0)
D/MediaPlayerService(  744): [8] notify (0x522e8, 200, 704, 0)
D/MstarPlayer(  744): percent: 0
W/MediaPlayer( 1435): info/warning (704, 0)
I/MediaPlayer.java( 1435): Info (704,0)
D/DataSource_M3U8(  744): ----------UpdatePlaylistThread runing... 
D/MediaPlayerService(  744): [8] notify (0x522e8, 200, 704, 0)
D/MstarPlayer(  744): percent: 0
W/MediaPlayer( 1435): info/warning (704, 0)
I/MediaPlayer.java( 1435): Info (704,0)
D/dalvikvm( 1505): GC_CONCURRENT freed 467K, 78% free 1346K/6019K, paused 1ms+1ms
D/MediaPlayerService(  744): [8] notify (0x522e8, 200, 704, 0)
D/MstarPlayer(  744): percent: 0
W/MediaPlayer( 1435): info/warning (704, 0)
I/MediaPlayer.java( 1435): Info (704,0)
D/MediaPlayerService(  744): [8] notify (0x522e8, 200, 704, 0)
D/MstarPlayer(  744): percent: 0
W/MediaPlayer( 1435): info/warning (704, 0)
I/MediaPlayer.java( 1435): Info (704,0)
D/dalvikvm( 1505): GC_CONCURRENT freed 439K, 79% free 1315K/6019K, paused 1ms+1ms
D/MediaPlayerService(  744): [8] notify (0x522e8, 200, 704, 0)
D/MstarPlayer(  744): percent: 0
W/MediaPlayer( 1435): info/warning (704, 0)
I/MediaPlayer.java( 1435): Info (704,0)
D/MediaPlayerService(  744): [8] notify (0x522e8, 200, 704, 0)
D/MstarPlayer(  744): percent: 0
W/MediaPlayer( 1435): info/warning (704, 0)
I/MediaPlayer.java( 1435): Info (704,0)
D/MediaPlayerService(  744): [8] notify (0x522e8, 200, 704, 0)
D/MstarPlayer(  744): percent: 0
W/MediaPlayer( 1435): info/warning (704, 0)
I/MediaPlayer.java( 1435): Info (704,0)
D/dalvikvm( 1505): GC_CONCURRENT freed 396K, 79% free 1313K/6019K, paused 1ms+1ms
D/MediaPlayerService(  744): [8] notify (0x522e8, 200, 704, 0)
D/MstarPlayer(  744): percent: 0
W/MediaPlayer( 1435): info/warning (704, 0)
I/MediaPlayer.java( 1435): Info (704,0)
D/MediaPlayerService(  744): [8] notify (0x522e8, 200, 704, 0)
D/MstarPlayer(  744): percent: 0
W/MediaPlayer( 1435): info/warning (704, 0)
I/MediaPlayer.java( 1435): Info (704,0)
D/MediaPlayerService(  744): [8] notify (0x522e8, 200, 704, 0)
D/MstarPlayer(  744): percent: 0
W/MediaPlayer( 1435): info/warning (704, 0)
I/MediaPlayer.java( 1435): Info (704,0)
D/dalvikvm( 1505): GC_CONCURRENT freed 394K, 79% free 1313K/6019K, paused 1ms+1ms
D/MediaPlayerService(  744): [8] notify (0x522e8, 200, 704, 0)
D/MstarPlayer(  744): percent: 0
W/MediaPlayer( 1435): info/warning (704, 0)
I/MediaPlayer.java( 1435): Info (704,0)
D/MediaPlayerService(  744): [8] notify (0x522e8, 200, 704, 0)
D/MstarPlayer(  744): percent: 0
W/MediaPlayer( 1435): info/warning (704, 0)
I/MediaPlayer.java( 1435): Info (704,0)
D/MediaPlayerService(  744): [8] notify (0x522e8, 200, 704, 0)
D/MstarPlayer(  744): percent: 0
W/MediaPlayer( 1435): info/warning (704, 0)
I/MediaPlayer.java( 1435): Info (704,0)
D/MediaPlayerService(  744): [8] notify (0x522e8, 200, 704, 0)
D/MstarPlayer(  744): percent: 0
W/MediaPlayer( 1435): info/warning (704, 0)
I/MediaPlayer.java( 1435): Info (704,0)
D/MediaPlayerService(  744): [8] notify (0x522e8, 200, 704, 0)
D/MstarPlayer(  744): percent: 0
W/MediaPlayer( 1435): info/warning (704, 0)
I/MediaPlayer.java( 1435): Info (704,0)
D/MediaPlayerService(  744): [8] notify (0x522e8, 200, 704, 0)
D/MstarPlayer(  744): percent: 0
W/MediaPlayer( 1435): info/warning (704, 0)
I/MediaPlayer.java( 1435): Info (704,0)
D/MediaPlayerService(  744): [8] notify (0x522e8, 200, 704, 0)
D/MstarPlayer(  744): percent: 0
W/MediaPlayer( 1435): info/warning (704, 0)
I/MediaPlayer.java( 1435): Info (704,0)
D/MediaPlayerService(  744): [8] notify (0x522e8, 200, 704, 0)
D/MstarPlayer(  744): percent: 0
W/MediaPlayer( 1435): info/warning (704, 0)
I/MediaPlayer.java( 1435): Info (704,0)
D/MediaPlayerService(  744): [8] notify (0x522e8, 200, 704, 0)
D/MstarPlayer(  744): percent: 0
W/MediaPlayer( 1435): info/warning (704, 0)
I/MediaPlayer.java( 1435): Info (704,0)
D/MediaPlayerService(  744): [8] notify (0x522e8, 200, 704, 0)
D/MstarPlayer(  744): percent: 0
W/MediaPlayer( 1435): info/warning (704, 0)
I/MediaPlayer.java( 1435): Info (704,0)
D/MediaPlayerService(  744): [8] notify (0x522e8, 200, 704, 0)
D/MstarPlayer(  744): percent: 0
W/MediaPlayer( 1435): info/warning (704, 0)
I/MediaPlayer.java( 1435): Info (704,0)
D/MediaPlayerService(  744): [8] notify (0x522e8, 200, 704, 0)
D/MstarPlayer(  744): percent: 0
W/MediaPlayer( 1435): info/warning (704, 0)
I/MediaPlayer.java( 1435): Info (704,0)
D/MediaPlayerService(  744): [8] notify (0x522e8, 200, 704, 0)
D/MstarPlayer(  744): percent: 0
W/MediaPlayer( 1435): info/warning (704, 0)
I/MediaPlayer.java( 1435): Info (704,0)
D/MediaPlayerService(  744): [8] notify (0x522e8, 200, 704, 0)
D/MstarPlayer(  744): percent: 0
W/MediaPlayer( 1435): info/warning (704, 0)
I/MediaPlayer.java( 1435): Info (704,0)
D/MediaPlayerService(  744): [8] notify (0x522e8, 200, 704, 0)
D/MstarPlayer(  744): percent: 0
W/MediaPlayer( 1435): info/warning (704, 0)
I/MediaPlayer.java( 1435): Info (704,0)
I//lib/ld-linux.so.3(  748): FrmCnt:1079(1,119,24) Rate:3 Sys:2222773 STC:353504 VPTS:352120 APTS:352411 Delay:-1343(40) V:0 A:0 VES:0xd0 AES:0x0 PCM:0x0 AudioErr:0x2
D/MediaPlayerService(  744): [8] notify (0x522e8, 200, 704, 0)
D/MstarPlayer(  744): percent: 0
W/MediaPlayer( 1435): info/warning (704, 0)
I/MediaPlayer.java( 1435): Info (704,0)
D/MediaPlayerService(  744): [8] notify (0x522e8, 200, 704, 0)
D/MstarPlayer(  744): percent: 0
W/MediaPlayer( 1435): info/warning (704, 0)
I/MediaPlayer.java( 1435): Info (704,0)
D/MediaPlayerService(  744): [8] notify (0x522e8, 200, 704, 0)
D/MstarPlayer(  744): percent: 0
W/MediaPlayer( 1435): info/warning (704, 0)
I/MediaPlayer.java( 1435): Info (704,0)
D/MediaPlayerService(  744): [8] notify (0x522e8, 200, 704, 0)
D/MstarPlayer(  744): percent: 0
W/MediaPlayer( 1435): info/warning (704, 0)
I/MediaPlayer.java( 1435): Info (704,0)
D/MediaPlayerService(  744): [8] notify (0x522e8, 200, 704, 0)
D/MstarPlayer(  744): percent: 0
W/MediaPlayer( 1435): info/warning (704, 0)
I/MediaPlayer.java( 1435): Info (704,0)
D/MediaPlayerService(  744): [8] notify (0x522e8, 200, 704, 0)
D/MstarPlayer(  744): percent: 0
W/MediaPlayer( 1435): info/warning (704, 0)
I/MediaPlayer.java( 1435): Info (704,0)
D/MediaPlayerService(  744): [8] notify (0x522e8, 200, 704, 0)
D/MstarPlayer(  744): percent: 0
W/MediaPlayer( 1435): info/warning (704, 0)
I/MediaPlayer.java( 1435): Info (704,0)
D/MediaPlayerService(  744): [8] notify (0x522e8, 200, 704, 0)
D/MstarPlayer(  744): percent: 0
W/MediaPlayer( 1435): info/warning (704, 0)
I/MediaPlayer.java( 1435): Info (704,0)
D/MediaPlayerService(  744): [8] notify (0x522e8, 200, 704, 0)
D/MstarPlayer(  744): percent: 0
W/MediaPlayer( 1435): info/warning (704, 0)
I/MediaPlayer.java( 1435): Info (704,0)
D/MediaPlayerService(  744): [8] notify (0x522e8, 200, 704, 0)
D/MstarPlayer(  744): percent: 0
W/MediaPlayer( 1435): info/warning (704, 0)
I/MediaPlayer.java( 1435): Info (704,0)
D/MediaPlayerService(  744): [8] notify (0x522e8, 200, 704, 0)
D/MstarPlayer(  744): percent: 0
W/MediaPlayer( 1435): info/warning (704, 0)
I/MediaPlayer.java( 1435): Info (704,0)
D/MediaPlayerService(  744): [8] notify (0x522e8, 200, 704, 0)
D/MstarPlayer(  744): percent: 0
W/MediaPlayer( 1435): info/warning (704, 0)
I/MediaPlayer.java( 1435): Info (704,0)
D/MediaPlayerService(  744): [8] notify (0x522e8, 200, 704, 0)
D/MstarPlayer(  744): percent: 0
W/MediaPlayer( 1435): info/warning (704, 0)
I/MediaPlayer.java( 1435): Info (704,0)
D/MediaPlayerService(  744): [8] notify (0x522e8, 200, 704, 0)
D/MstarPlayer(  744): percent: 0
W/MediaPlayer( 1435): info/warning (704, 0)
I/MediaPlayer.java( 1435): Info (704,0)
D/MediaPlayerService(  744): [8] notify (0x522e8, 200, 704, 0)
D/MstarPlayer(  744): percent: 0
W/MediaPlayer( 1435): info/warning (704, 0)
I/MediaPlayer.java( 1435): Info (704,0)
D/MediaPlayerService(  744): [8] notify (0x522e8, 200, 704, 0)
D/MstarPlayer(  744): percent: 0
W/MediaPlayer( 1435): info/warning (704, 0)
I/MediaPlayer.java( 1435): Info (704,0)
D/MediaPlayerService(  744): [8] notify (0x522e8, 200, 704, 0)
D/MstarPlayer(  744): percent: 0
W/MediaPlayer( 1435): info/warning (704, 0)
I/MediaPlayer.java( 1435): Info (704,0)
D/MediaPlayerService(  744): [8] notify (0x522e8, 200, 704, 0)
D/MstarPlayer(  744): percent: 0
W/MediaPlayer( 1435): info/warning (704, 0)
I/MediaPlayer.java( 1435): Info (704,0)
D/MediaPlayerService(  744): [8] notify (0x522e8, 200, 704, 0)
D/MstarPlayer(  744): percent: 0
W/MediaPlayer( 1435): info/warning (704, 0)
I/MediaPlayer.java( 1435): Info (704,0)
D/MediaPlayerService(  744): [8] notify (0x522e8, 200, 704, 0)
D/MstarPlayer(  744): percent: 0
W/MediaPlayer( 1435): info/warning (704, 0)
I/MediaPlayer.java( 1435): Info (704,0)
D/MediaPlayerService(  744): [8] notify (0x522e8, 200, 704, 0)
D/MstarPlayer(  744): percent: 0
W/MediaPlayer( 1435): info/warning (704, 0)
I/MediaPlayer.java( 1435): Info (704,0)
D/MediaPlayerService(  744): [8] notify (0x522e8, 200, 704, 0)
D/MstarPlayer(  744): percent: 0
W/MediaPlayer( 1435): info/warning (704, 0)
I/MediaPlayer.java( 1435): Info (704,0)
D/MediaPlayerService(  744): [8] notify (0x522e8, 200, 704, 0)
D/MstarPlayer(  744): percent: 0
W/MediaPlayer( 1435): info/warning (704, 0)
I/MediaPlayer.java( 1435): Info (704,0)
D/MediaPlayerService(  744): [8] notify (0x522e8, 200, 704, 0)
D/MstarPlayer(  744): percent: 0
W/MediaPlayer( 1435): info/warning (704, 0)
I/MediaPlayer.java( 1435): Info (704,0)
D/MediaPlayerService(  744): [8] notify (0x522e8, 200, 704, 0)
D/MstarPlayer(  744): percent: 0
W/MediaPlayer( 1435): info/warning (704, 0)
I/MediaPlayer.java( 1435): Info (704,0)
D/MediaPlayerService(  744): [8] notify (0x522e8, 200, 704, 0)
D/MstarPlayer(  744): percent: 0
W/MediaPlayer( 1435): info/warning (704, 0)
I/MediaPlayer.java( 1435): Info (704,0)
D/MediaPlayerService(  744): [8] notify (0x522e8, 200, 704, 0)
D/MstarPlayer(  744): percent: 0
W/MediaPlayer( 1435): info/warning (704, 0)
I/MediaPlayer.java( 1435): Info (704,0)
D/DataSource_M3U8(  744): 
D/DataSource_M3U8(  744):  Warnig::  getValidBufferLength()  <  Codec require !!!
D/MediaPlayerService(  744): [8] notify (0x522e8, 200, 704, 0)
D/MstarPlayer(  744): percent: 0
W/MediaPlayer( 1435): info/warning (704, 0)
I/MediaPlayer.java( 1435): Info (704,0)
D/MediaPlayerService(  744): [8] notify (0x522e8, 200, 704, 0)
D/MstarPlayer(  744): percent: 0
W/MediaPlayer( 1435): info/warning (704, 0)
I/MediaPlayer.java( 1435): Info (704,0)
I//lib/ld-linux.so.3(  748): Old STC: 0x00056aa9, PTS: 0x00056100, Diff: 0x000009a9
D/MediaPlayerService(  744): [8] notify (0x522e8, 200, 704, 0)
D/MstarPlayer(  744): percent: 0
W/MediaPlayer( 1435): info/warning (704, 0)
I/MediaPlayer.java( 1435): Info (704,0)
I//lib/ld-linux.so.3(  748): FrmCnt:1095(1,127,27) Rate:10 Sys:2224295 STC:352553 VPTS:352560 APTS:352572 Delay:47(40) V:0 A:0 VES:0x19cc0 AES:0x430 PCM:0x2d700 AudioErr:0x2
D/MediaPlayerService(  744): [8] notify (0x522e8, 200, 704, 0)
D/MstarPlayer(  744): percent: 0
W/MediaPlayer( 1435): info/warning (704, 0)
I/MediaPlayer.java( 1435): Info (704,0)
D/MediaPlayerService(  744): [8] notify (0x522e8, 200, 704, 0)
D/MstarPlayer(  744): percent: 0
W/MediaPlayer( 1435): info/warning (704, 0)
I/MediaPlayer.java( 1435): Info (704,0)
D/MediaPlayerService(  744): [8] notify (0x522e8, 200, 704, 0)
D/MstarPlayer(  744): percent: 0
W/MediaPlayer( 1435): info/warning (704, 0)
I/MediaPlayer.java( 1435): Info (704,0)
D/MediaPlayerService(  744): [8] notify (0x522e8, 200, 704, 0)
D/MstarPlayer(  744): percent: 0
W/MediaPlayer( 1435): info/warning (704, 0)
I/MediaPlayer.java( 1435): Info (704,0)
D/MediaPlayerService(  744): [8] notify (0x522e8, 200, 704, 0)
D/MstarPlayer(  744): percent: 0
W/MediaPlayer( 1435): info/warning (704, 0)
I/MediaPlayer.java( 1435): Info (704,0)
D/MediaPlayerService(  744): [8] notify (0x522e8, 200, 704, 0)
D/MstarPlayer(  744): percent: 0
W/MediaPlayer( 1435): info/warning (704, 0)
I/MediaPlayer.java( 1435): Info (704,0)
D/MediaPlayerService(  744): [8] notify (0x522e8, 200, 704, 0)
D/MstarPlayer(  744): percent: 0
W/MediaPlayer( 1435): info/warning (704, 0)
I/MediaPlayer.java( 1435): Info (704,0)
D/dalvikvm( 1505): GC_CONCURRENT freed 392K, 77% free 1398K/6019K, paused 1ms+1ms
D/MediaPlayerService(  744): [8] notify (0x522e8, 200, 704, 0)
D/MstarPlayer(  744): percent: 0
W/MediaPlayer( 1435): info/warning (704, 0)
I/MediaPlayer.java( 1435): Info (704,0)
D/MediaPlayerService(  744): [8] notify (0x522e8, 200, 704, 0)
D/MstarPlayer(  744): percent: 0
W/MediaPlayer( 1435): info/warning (704, 0)
I/MediaPlayer.java( 1435): Info (704,0)
D/MediaPlayerService(  744): [8] notify (0x522e8, 200, 704, 0)
D/MstarPlayer(  744): percent: 0
W/MediaPlayer( 1435): info/warning (704, 0)
I/MediaPlayer.java( 1435): Info (704,0)
D/dalvikvm( 1505): GC_CONCURRENT freed 473K, 79% free 1320K/6019K, paused 1ms+1ms
D/MediaPlayerService(  744): [8] notify (0x522e8, 200, 704, 0)
D/MstarPlayer(  744): percent: 0
W/MediaPlayer( 1435): info/warning (704, 0)
I/MediaPlayer.java( 1435): Info (704,0)
D/MediaPlayerService(  744): [8] notify (0x522e8, 200, 704, 0)
D/MstarPlayer(  744): percent: 0
W/MediaPlayer( 1435): info/warning (704, 0)
I/MediaPlayer.java( 1435): Info (704,0)
D/MediaPlayerService(  744): [8] notify (0x522e8, 200, 704, 0)
D/MstarPlayer(  744): percent: 0
W/MediaPlayer( 1435): info/warning (704, 0)
I/MediaPlayer.java( 1435): Info (704,0)
D/MediaPlayerService(  744): [8] notify (0x522e8, 200, 704, 0)
D/MstarPlayer(  744): percent: 0
W/MediaPlayer( 1435): info/warning (704, 0)
I/MediaPlayer.java( 1435): Info (704,0)
D/MediaPlayerService(  744): [8] notify (0x522e8, 200, 704, 0)
D/MstarPlayer(  744): percent: 0
W/MediaPlayer( 1435): info/warning (704, 0)
I/MediaPlayer.java( 1435): Info (704,0)
D/dalvikvm( 1505): GC_CONCURRENT freed 404K, 77% free 1410K/6019K, paused 1ms+2ms
D/MediaPlayerService(  744): [8] notify (0x522e8, 200, 704, 0)
D/MstarPlayer(  744): percent: 0
W/MediaPlayer( 1435): info/warning (704, 0)
I/MediaPlayer.java( 1435): Info (704,0)
D/MediaPlayerService(  744): [8] notify (0x522e8, 200, 704, 0)
D/MstarPlayer(  744): percent: 0
W/MediaPlayer( 1435): info/warning (704, 0)
I/MediaPlayer.java( 1435): Info (704,0)
D/DataSource_M3U8(  744): 
D/DataSource_M3U8(  744):  Warnig::  getValidBufferLength()  <  Codec require !!!
D/MediaPlayerService(  744): [8] notify (0x522e8, 200, 704, 0)
D/MstarPlayer(  744): percent: 0
W/MediaPlayer( 1435): info/warning (704, 0)
I/MediaPlayer.java( 1435): Info (704,0)
D/dalvikvm( 1505): GC_CONCURRENT freed 490K, 77% free 1398K/6019K, paused 1ms+1ms
D/MediaPlayerService(  744): [8] notify (0x522e8, 200, 704, 0)
D/MstarPlayer(  744): percent: 0
W/MediaPlayer( 1435): info/warning (704, 0)
I/MediaPlayer.java( 1435): Info (704,0)
D/MediaPlayerService(  744): [8] notify (0x522e8, 200, 704, 0)
D/MstarPlayer(  744): percent: 0
W/MediaPlayer( 1435): info/warning (704, 0)
I/MediaPlayer.java( 1435): Info (704,0)
D/MediaPlayerService(  744): [8] notify (0x522e8, 200, 704, 0)
D/MstarPlayer(  744): percent: 0
W/MediaPlayer( 1435): info/warning (704, 0)
I/MediaPlayer.java( 1435): Info (704,0)
D/dalvikvm( 1505): GC_CONCURRENT freed 475K, 79% free 1315K/6019K, paused 1ms+2ms
D/MediaPlayerService(  744): [8] notify (0x522e8, 200, 704, 0)
D/MstarPlayer(  744): percent: 0
W/MediaPlayer( 1435): info/warning (704, 0)
I/MediaPlayer.java( 1435): Info (704,0)
D/MediaPlayerService(  744): [8] notify (0x522e8, 200, 704, 0)
D/MstarPlayer(  744): percent: 0
W/MediaPlayer( 1435): info/warning (704, 0)
I/MediaPlayer.java( 1435): Info (704,0)
D/MediaPlayerService(  744): [8] notify (0x522e8, 200, 704, 0)
D/MstarPlayer(  744): percent: 0
W/MediaPlayer( 1435): info/warning (704, 0)
I/MediaPlayer.java( 1435): Info (704,0)
D/MediaPlayerService(  744): [8] notify (0x522e8, 200, 704, 0)
D/MstarPlayer(  744): percent: 0
W/MediaPlayer( 1435): info/warning (704, 0)
I/MediaPlayer.java( 1435): Info (704,0)
D/MediaPlayerService(  744): [8] notify (0x522e8, 200, 704, 0)
D/MstarPlayer(  744): percent: 0
W/MediaPlayer( 1435): info/warning (704, 0)
I/MediaPlayer.java( 1435): Info (704,0)
D/MediaPlayerService(  744): [8] notify (0x522e8, 200, 704, 0)
D/MstarPlayer(  744): percent: 0
W/MediaPlayer( 1435): info/warning (704, 0)
I/MediaPlayer.java( 1435): Info (704,0)
D/MediaPlayerService(  744): [8] notify (0x522e8, 200, 704, 0)
D/MstarPlayer(  744): percent: 0
W/MediaPlayer( 1435): info/warning (704, 0)
I/MediaPlayer.java( 1435): Info (704,0)
D/MediaPlayerService(  744): [8] notify (0x522e8, 200, 704, 0)
D/MstarPlayer(  744): percent: 0
W/MediaPlayer( 1435): info/warning (704, 0)
I/MediaPlayer.java( 1435): Info (704,0)
D/MediaPlayerService(  744): [8] notify (0x522e8, 200, 704, 0)
D/MstarPlayer(  744): percent: 0
W/MediaPlayer( 1435): info/warning (704, 0)
I/MediaPlayer.java( 1435): Info (704,0)
I//lib/ld-linux.so.3(  748): FrmCnt:1120(1,127,27) Rate:16 Sys:2225824 STC:354082 VPTS:353800 APTS:354053 Delay:-242(40) V:0 A:0 VES:0x810 AES:0x0 PCM:0x0 AudioErr:0x2
D/MediaPlayerService(  744): [8] notify (0x522e8, 200, 704, 0)
D/MstarPlayer(  744): percent: 0
W/MediaPlayer( 1435): info/warning (704, 0)
I/MediaPlayer.java( 1435): Info (704,0)
D/MediaPlayerService(  744): [8] notify (0x522e8, 200, 704, 0)
D/MstarPlayer(  744): percent: 0
W/MediaPlayer( 1435): info/warning (704, 0)
I/MediaPlayer.java( 1435): Info (704,0)
D/MediaPlayerService(  744): [8] notify (0x522e8, 200, 704, 0)
D/MstarPlayer(  744): percent: 0
W/MediaPlayer( 1435): info/warning (704, 0)
I/MediaPlayer.java( 1435): Info (704,0)
D/MediaPlayerService(  744): [8] notify (0x522e8, 200, 704, 0)
D/MstarPlayer(  744): percent: 0
W/MediaPlayer( 1435): info/warning (704, 0)
I/MediaPlayer.java( 1435): Info (704,0)
D/MediaPlayerService(  744): [8] notify (0x522e8, 200, 704, 0)
D/MstarPlayer(  744): percent: 0
W/MediaPlayer( 1435): info/warning (704, 0)
I/MediaPlayer.java( 1435): Info (704,0)
D/MediaPlayerService(  744): [8] notify (0x522e8, 200, 704, 0)
D/MstarPlayer(  744): percent: 0
W/MediaPlayer( 1435): info/warning (704, 0)
I/MediaPlayer.java( 1435): Info (704,0)
D/DataSource_M3U8(  744): 
D/DataSource_M3U8(  744):  Warnig::  getValidBufferLength()  <  Codec require !!!
D/MediaPlayerService(  744): [8] notify (0x522e8, 200, 704, 0)
D/MstarPlayer(  744): percent: 0
W/MediaPlayer( 1435): info/warning (704, 0)
I/MediaPlayer.java( 1435): Info (704,0)
D/dalvikvm( 1505): GC_CONCURRENT freed 393K, 79% free 1319K/6019K, paused 1ms+1ms
D/MediaPlayerService(  744): [8] notify (0x522e8, 200, 704, 0)
D/MstarPlayer(  744): percent: 0
W/MediaPlayer( 1435): info/warning (704, 0)
I/MediaPlayer.java( 1435): Info (704,0)
D/MediaPlayerService(  744): [8] notify (0x522e8, 200, 704, 0)
D/MstarPlayer(  744): percent: 0
W/MediaPlayer( 1435): info/warning (704, 0)
I/MediaPlayer.java( 1435): Info (704,0)
I//lib/ld-linux.so.3(  748): Old STC: 0x000568be, PTS: 0x00056760, Diff: 0x0000015e
D/MediaPlayerService(  744): [8] notify (0x522e8, 200, 704, 0)
D/MstarPlayer(  744): percent: 0
W/MediaPlayer( 1435): info/warning (704, 0)
I/MediaPlayer.java( 1435): Info (704,0)
D/MediaPlayerService(  744): [8] notify (0x522e8, 200, 704, 0)
D/MstarPlayer(  744): percent: 0
W/MediaPlayer( 1435): info/warning (704, 0)
I/MediaPlayer.java( 1435): Info (704,0)
D/MediaPlayerService(  744): [8] notify (0x522e8, 200, 704, 0)
D/MstarPlayer(  744): percent: 0
W/MediaPlayer( 1435): info/warning (704, 0)
I/MediaPlayer.java( 1435): Info (704,0)
D/dalvikvm( 1505): GC_CONCURRENT freed 402K, 78% free 1328K/6019K, paused 0ms+2ms
D/MediaPlayerService(  744): [8] notify (0x522e8, 200, 704, 0)
D/MstarPlayer(  744): percent: 0
W/MediaPlayer( 1435): info/warning (704, 0)
I/MediaPlayer.java( 1435): Info (704,0)
D/MediaPlayerService(  744): [8] notify (0x522e8, 200, 704, 0)
D/MstarPlayer(  744): percent: 0
W/MediaPlayer( 1435): info/warning (704, 0)
I/MediaPlayer.java( 1435): Info (704,0)
D/MediaPlayerService(  744): [8] notify (0x522e8, 200, 704, 0)
D/MstarPlayer(  744): percent: 0
W/MediaPlayer( 1435): info/warning (704, 0)
I/MediaPlayer.java( 1435): Info (704,0)
D/dalvikvm( 1505): GC_CONCURRENT freed 408K, 77% free 1397K/6019K, paused 1ms+1ms
D/MediaPlayerService(  744): [8] notify (0x522e8, 200, 704, 0)
D/MstarPlayer(  744): percent: 0
W/MediaPlayer( 1435): info/warning (704, 0)
I/MediaPlayer.java( 1435): Info (704,0)
D/MediaPlayerService(  744): [8] notify (0x522e8, 200, 704, 0)
D/MstarPlayer(  744): percent: 0
W/MediaPlayer( 1435): info/warning (704, 0)
I/MediaPlayer.java( 1435): Info (704,0)
D/MediaPlayerService(  744): [8] notify (0x522e8, 200, 704, 0)
D/MstarPlayer(  744): percent: 0
W/MediaPlayer( 1435): info/warning (704, 0)
I/MediaPlayer.java( 1435): Info (704,0)
D/dalvikvm( 1505): GC_CONCURRENT freed 473K, 79% free 1314K/6019K, paused 1ms+1ms
D/MediaPlayerService(  744): [8] notify (0x522e8, 200, 704, 0)
D/MstarPlayer(  744): percent: 0
W/MediaPlayer( 1435): info/warning (704, 0)
I/MediaPlayer.java( 1435): Info (704,0)
D/MediaPlayerService(  744): [8] notify (0x522e8, 200, 704, 0)
D/MstarPlayer(  744): percent: 0
W/MediaPlayer( 1435): info/warning (704, 0)
I/MediaPlayer.java( 1435): Info (704,0)
D/MediaPlayerService(  744): [8] notify (0x522e8, 200, 704, 0)
D/MstarPlayer(  744): percent: 0
W/MediaPlayer( 1435): info/warning (704, 0)
I/MediaPlayer.java( 1435): Info (704,0)
D/MediaPlayerService(  744): [8] notify (0x522e8, 200, 704, 0)
D/MstarPlayer(  744): percent: 0
W/MediaPlayer( 1435): info/warning (704, 0)
I/MediaPlayer.java( 1435): Info (704,0)
D/dalvikvm( 1505): GC_CONCURRENT freed 393K, 78% free 1379K/6019K, paused 1ms+1ms
D/MediaPlayerService(  744): [8] notify (0x522e8, 200, 704, 0)
D/MstarPlayer(  744): percent: 0
W/MediaPlayer( 1435): info/warning (704, 0)
I/MediaPlayer.java( 1435): Info (704,0)
D/MediaPlayerService(  744): [8] notify (0x522e8, 200, 704, 0)
D/MstarPlayer(  744): percent: 0
W/MediaPlayer( 1435): info/warning (704, 0)
I/MediaPlayer.java( 1435): Info (704,0)
D/MediaPlayerService(  744): [8] notify (0x522e8, 200, 704, 0)
D/MstarPlayer(  744): percent: 0
W/MediaPlayer( 1435): info/warning (704, 0)
I/MediaPlayer.java( 1435): Info (704,0)
D/MediaPlayerService(  744): [8] notify (0x522e8, 200, 704, 0)
D/MstarPlayer(  744): percent: 0
W/MediaPlayer( 1435): info/warning (704, 0)
I/MediaPlayer.java( 1435): Info (704,0)
D/DataSource_M3U8(  744): 
D/DataSource_M3U8(  744):  Warnig::  getValidBufferLength()  <  Codec require !!!
D/MediaPlayerService(  744): [8] notify (0x522e8, 200, 704, 0)
D/MstarPlayer(  744): percent: 0
W/MediaPlayer( 1435): info/warning (704, 0)
I/MediaPlayer.java( 1435): Info (704,0)
D/dalvikvm( 1505): GC_CONCURRENT freed 472K, 79% free 1316K/6019K, paused 1ms+1ms
D/MediaPlayerService(  744): [8] notify (0x522e8, 200, 704, 0)
D/MstarPlayer(  744): percent: 0
W/MediaPlayer( 1435): info/warning (704, 0)
I/MediaPlayer.java( 1435): Info (704,0)
D/MediaPlayerService(  744): [8] notify (0x522e8, 200, 704, 0)
D/MstarPlayer(  744): percent: 0
W/MediaPlayer( 1435): info/warning (704, 0)
I/MediaPlayer.java( 1435): Info (704,0)
I//lib/ld-linux.so.3(  748): Old STC: 0x00056b67, PTS: 0x000568fb, Diff: 0x0000026c
D/MediaPlayerService(  744): [8] notify (0x522e8, 200, 704, 0)
D/MstarPlayer(  744): percent: 0
W/MediaPlayer( 1435): info/warning (704, 0)
I/MediaPlayer.java( 1435): Info (704,0)
D/dalvikvm( 1505): GC_CONCURRENT freed 408K, 77% free 1412K/6019K, paused 1ms+1ms
D/MediaPlayerService(  744): [8] notify (0x522e8, 200, 704, 0)
D/MstarPlayer(  744): percent: 0
W/MediaPlayer( 1435): info/warning (704, 0)
I/MediaPlayer.java( 1435): Info (704,0)
I//lib/ld-linux.so.3(  748): FrmCnt:1146(1,135,33) Rate:17 Sys:2227352 STC:354638 VPTS:354640 APTS:354642 Delay:42(40) V:0 A:0 VES:0x86a0 AES:0x0 PCM:0x1f580 AudioErr:0x2
D/MediaPlayerService(  744): [8] notify (0x522e8, 200, 704, 0)
D/MstarPlayer(  744): percent: 0
W/MediaPlayer( 1435): info/warning (704, 0)
I/MediaPlayer.java( 1435): Info (704,0)
D/MediaPlayerService(  744): [8] notify (0x522e8, 200, 704, 0)
D/MstarPlayer(  744): percent: 0
W/MediaPlayer( 1435): info/warning (704, 0)
I/MediaPlayer.java( 1435): Info (704,0)
D/dalvikvm( 1505): GC_CONCURRENT freed 489K, 77% free 1397K/6019K, paused 1ms+1ms
D/MediaPlayerService(  744): [8] notify (0x522e8, 200, 704, 0)
D/MstarPlayer(  744): percent: 0
W/MediaPlayer( 1435): info/warning (704, 0)
I/MediaPlayer.java( 1435): Info (704,0)
D/MediaPlayerService(  744): [8] notify (0x522e8, 200, 704, 0)
D/MstarPlayer(  744): percent: 0
W/MediaPlayer( 1435): info/warning (704, 0)
I/MediaPlayer.java( 1435): Info (704,0)
D/MediaPlayerService(  744): [8] notify (0x522e8, 200, 704, 0)
D/MstarPlayer(  744): percent: 0
W/MediaPlayer( 1435): info/warning (704, 0)
I/MediaPlayer.java( 1435): Info (704,0)
D/dalvikvm( 1505): GC_CONCURRENT freed 475K, 79% free 1320K/6019K, paused 1ms+1ms
D/MediaPlayerService(  744): [8] notify (0x522e8, 200, 704, 0)
D/MstarPlayer(  744): percent: 0
W/MediaPlayer( 1435): info/warning (704, 0)
I/MediaPlayer.java( 1435): Info (704,0)
D/MediaPlayerService(  744): [8] notify (0x522e8, 200, 704, 0)
D/MstarPlayer(  744): percent: 0
W/MediaPlayer( 1435): info/warning (704, 0)
I/MediaPlayer.java( 1435): Info (704,0)
D/Downloader(  744): Downloadserver bandWidth:623863
D/Downloader(  744): Downloadserver bandWidth:623863
D/Downloader(  744): Downloadserver bandWidth:623863
D/Downloader(  744): Downloadserver bandWidth:623863
D/MediaPlayerService(  744): [8] notify (0x522e8, 200, 704, 0)
D/MstarPlayer(  744): percent: 0
W/MediaPlayer( 1435): info/warning (704, 0)
I/MediaPlayer.java( 1435): Info (704,0)
D/MediaPlayerService(  744): [8] notify (0x522e8, 200, 704, 0)
D/MstarPlayer(  744): percent: 0
W/MediaPlayer( 1435): info/warning (704, 0)
I/MediaPlayer.java( 1435): Info (704,0)
D/MediaPlayerService(  744): [8] notify (0x522e8, 200, 704, 0)
D/MstarPlayer(  744): percent: 0
W/MediaPlayer( 1435): info/warning (704, 0)
I/MediaPlayer.java( 1435): Info (704,0)
D/dalvikvm( 1505): GC_CONCURRENT freed 405K, 77% free 1411K/6019K, paused 1ms+1ms
D/MediaPlayerService(  744): [8] notify (0x522e8, 200, 704, 0)
D/MstarPlayer(  744): percent: 0
W/MediaPlayer( 1435): info/warning (704, 0)
I/MediaPlayer.java( 1435): Info (704,0)
D/MediaPlayerService(  744): [8] notify (0x522e8, 200, 704, 0)
D/MstarPlayer(  744): percent: 0
W/MediaPlayer( 1435): info/warning (704, 0)
I/MediaPlayer.java( 1435): Info (704,0)
D/MediaPlayerService(  744): [8] notify (0x522e8, 200, 704, 0)
D/MstarPlayer(  744): percent: 0
W/MediaPlayer( 1435): info/warning (704, 0)
I/MediaPlayer.java( 1435): Info (704,0)
D/DataSource_M3U8(  744): u32HLSSreamNum[0]===>u32BandWidth:1200000 
D/DataSource_M3U8(  744): getHLSPlayListInex  DownloadBandWidth:623863   uInDex=0
D/DataSource_M3U8(  744): [M3U8] checkShouldStartNext :[59](913492/913492)   sequence:0  start next:60  
D/DataSource_M3U8(  744): 
D/DataSource_M3U8(  744): 
D/DataSource_M3U8(  744): 
D/DataSource_M3U8(  744): [M3U8]-7----->This :0x30fd0 --> post cmd for start next url:http://cibn-iss1.longvisionmedia.com:8088/vod/CIBN2013_CIBN2113040100001913_12001300/60.ts, knowedFileSize:0, mCurDowningIndex:59
D/DataSource_M3U8(  744): 
D/DataSource_M3U8(  744): 
D/Downloader(  744): [downloadThread]Downloader::removeTask  
D/Downloader(  744): [downloadThread]task have range string:0- 
D/MediaPlayerService(  744): [8] notify (0x522e8, 200, 704, 0)
D/MstarPlayer(  744): percent: 0
W/MediaPlayer( 1435): info/warning (704, 0)
I/MediaPlayer.java( 1435): Info (704,0)
D/dalvikvm( 1505): GC_CONCURRENT freed 490K, 77% free 1397K/6019K, paused 0ms+1ms
D/MediaPlayerService(  744): [8] notify (0x522e8, 200, 704, 0)
D/MstarPlayer(  744): percent: 0
W/MediaPlayer( 1435): info/warning (704, 0)
I/MediaPlayer.java( 1435): Info (704,0)
D/DataSource_M3U8(  744): 
D/DataSource_M3U8(  744):  Warnig::  getValidBufferLength()  <  Codec require !!!
D/MediaPlayerService(  744): [8] notify (0x522e8, 200, 704, 0)
D/MstarPlayer(  744): percent: 0
W/MediaPlayer( 1435): info/warning (704, 0)
I/MediaPlayer.java( 1435): Info (704,0)
D/MediaPlayerService(  744): [8] notify (0x522e8, 200, 704, 0)
D/MstarPlayer(  744): percent: 0
W/MediaPlayer( 1435): info/warning (704, 0)
I/MediaPlayer.java( 1435): Info (704,0)
D/dalvikvm( 1505): GC_CONCURRENT freed 476K, 78% free 1361K/6019K, paused 1ms+1ms
D/MediaPlayerService(  744): [8] notify (0x522e8, 200, 704, 0)
D/MstarPlayer(  744): percent: 0
W/MediaPlayer( 1435): info/warning (704, 0)
I/MediaPlayer.java( 1435): Info (704,0)
I//lib/ld-linux.so.3(  748): Old STC: 0x00056d04, PTS: 0x00056c72, Diff: 0x00000092
D/MediaPlayerService(  744): [8] notify (0x522e8, 200, 704, 0)
D/MstarPlayer(  744): percent: 0
W/MediaPlayer( 1435): info/warning (704, 0)
I/MediaPlayer.java( 1435): Info (704,0)
D/MediaPlayerService(  744): [8] notify (0x522e8, 200, 704, 0)
D/MstarPlayer(  744): percent: 0
W/MediaPlayer( 1435): info/warning (704, 0)
I/MediaPlayer.java( 1435): Info (704,0)
D/MediaPlayerService(  744): [8] notify (0x522e8, 200, 704, 0)
D/MstarPlayer(  744): percent: 0
W/MediaPlayer( 1435): info/warning (704, 0)
I/MediaPlayer.java( 1435): Info (704,0)
D/MediaPlayerService(  744): [8] notify (0x522e8, 200, 704, 0)
D/MstarPlayer(  744): percent: 0
W/MediaPlayer( 1435): info/warning (704, 0)
I/MediaPlayer.java( 1435): Info (704,0)
D/dalvikvm( 1505): GC_CONCURRENT freed 446K, 78% free 1328K/6019K, paused 2ms+2ms
D/MediaPlayerService(  744): [8] notify (0x522e8, 200, 704, 0)
D/MstarPlayer(  744): percent: 0
W/MediaPlayer( 1435): info/warning (704, 0)
I/MediaPlayer.java( 1435): Info (704,0)
D/MediaPlayerService(  744): [8] notify (0x522e8, 200, 704, 0)
D/MstarPlayer(  744): percent: 0
W/MediaPlayer( 1435): info/warning (704, 0)
I/MediaPlayer.java( 1435): Info (704,0)
D/MediaPlayerService(  744): [8] notify (0x522e8, 200, 704, 0)
D/MstarPlayer(  744): percent: 0
W/MediaPlayer( 1435): info/warning (704, 0)
I/MediaPlayer.java( 1435): Info (704,0)
D/dalvikvm( 1505): GC_CONCURRENT freed 410K, 77% free 1396K/6019K, paused 1ms+1ms
D/MediaPlayerService(  744): [8] notify (0x522e8, 200, 704, 0)
D/MstarPlayer(  744): percent: 0
W/MediaPlayer( 1435): info/warning (704, 0)
I/MediaPlayer.java( 1435): Info (704,0)
D/MediaPlayerService(  744): [8] notify (0x522e8, 200, 704, 0)
D/MstarPlayer(  744): percent: 0
W/MediaPlayer( 1435): info/warning (704, 0)
I/MediaPlayer.java( 1435): Info (704,0)
D/MediaPlayerService(  744): [8] notify (0x522e8, 200, 704, 0)
D/MstarPlayer(  744): percent: 0
W/MediaPlayer( 1435): info/warning (704, 0)
I/MediaPlayer.java( 1435): Info (704,0)
D/MediaPlayerService(  744): [8] notify (0x522e8, 200, 704, 0)
D/MstarPlayer(  744): percent: 0
W/MediaPlayer( 1435): info/warning (704, 0)
I/MediaPlayer.java( 1435): Info (704,0)
D/MediaPlayerService(  744): [8] notify (0x522e8, 200, 704, 0)
D/MstarPlayer(  744): percent: 0
W/MediaPlayer( 1435): info/warning (704, 0)
I/MediaPlayer.java( 1435): Info (704,0)
I//lib/ld-linux.so.3(  748): FrmCnt:1158(1,135,34) Rate:7 Sys:2228879 STC:356018 VPTS:355320 APTS:355569 Delay:-658(40) V:0 A:0 VES:0x500 AES:0x0 PCM:0x0 AudioErr:0x2
D/MediaPlayerService(  744): [8] notify (0x522e8, 200, 704, 0)
D/MstarPlayer(  744): percent: 0
W/MediaPlayer( 1435): info/warning (704, 0)
I/MediaPlayer.java( 1435): Info (704,0)
D/MediaPlayerService(  744): [8] notify (0x522e8, 200, 704, 0)
D/MstarPlayer(  744): percent: 0
W/MediaPlayer( 1435): info/warning (704, 0)
I/MediaPlayer.java( 1435): Info (704,0)
D/MediaPlayerService(  744): [8] notify (0x522e8, 200, 704, 0)
D/MstarPlayer(  744): percent: 0
W/MediaPlayer( 1435): info/warning (704, 0)
I/MediaPlayer.java( 1435): Info (704,0)
D/MediaPlayerService(  744): [8] notify (0x522e8, 200, 704, 0)
D/MstarPlayer(  744): percent: 0
W/MediaPlayer( 1435): info/warning (704, 0)
I/MediaPlayer.java( 1435): Info (704,0)
D/MediaPlayerService(  744): [8] notify (0x522e8, 200, 704, 0)
D/MstarPlayer(  744): percent: 0
W/MediaPlayer( 1435): info/warning (704, 0)
I/MediaPlayer.java( 1435): Info (704,0)
D/DataSource_M3U8(  744): 
D/DataSource_M3U8(  744):  Warnig::  getValidBufferLength()  <  Codec require !!!
D/MediaPlayerService(  744): [8] notify (0x522e8, 200, 704, 0)
D/MstarPlayer(  744): percent: 0
W/MediaPlayer( 1435): info/warning (704, 0)
I/MediaPlayer.java( 1435): Info (704,0)
D/MediaPlayerService(  744): [8] notify (0x522e8, 200, 704, 0)
D/MstarPlayer(  744): percent: 0
W/MediaPlayer( 1435): info/warning (704, 0)
I/MediaPlayer.java( 1435): Info (704,0)
D/MediaPlayerService(  744): [8] notify (0x522e8, 200, 704, 0)
D/MstarPlayer(  744): percent: 0
W/MediaPlayer( 1435): info/warning (704, 0)
I/MediaPlayer.java( 1435): Info (704,0)
I//lib/ld-linux.so.3(  748): Old STC: 0x0005704d, PTS: 0x00056d68, Diff: 0x000002e5
D/MediaPlayerService(  744): [8] notify (0x522e8, 200, 704, 0)
D/MstarPlayer(  744): percent: 0
W/MediaPlayer( 1435): info/warning (704, 0)
I/MediaPlayer.java( 1435): Info (704,0)
D/MediaPlayerService(  744): [8] notify (0x522e8, 200, 704, 0)
D/MstarPlayer(  744): percent: 0
W/MediaPlayer( 1435): info/warning (704, 0)
I/MediaPlayer.java( 1435): Info (704,0)
D/MediaPlayerService(  744): [8] notify (0x522e8, 200, 704, 0)
D/MstarPlayer(  744): percent: 0
W/MediaPlayer( 1435): info/warning (704, 0)
I/MediaPlayer.java( 1435): Info (704,0)
D/MediaPlayerService(  744): [8] notify (0x522e8, 200, 704, 0)
D/MstarPlayer(  744): percent: 0
W/MediaPlayer( 1435): info/warning (704, 0)
I/MediaPlayer.java( 1435): Info (704,0)
D/MediaPlayerService(  744): [8] notify (0x522e8, 200, 704, 0)
D/MstarPlayer(  744): percent: 0
W/MediaPlayer( 1435): info/warning (704, 0)
I/MediaPlayer.java( 1435): Info (704,0)
D/MediaPlayerService(  744): [8] notify (0x522e8, 200, 704, 0)
D/MstarPlayer(  744): percent: 0
W/MediaPlayer( 1435): info/warning (704, 0)
I/MediaPlayer.java( 1435): Info (704,0)
D/MediaPlayerService(  744): [8] notify (0x522e8, 200, 704, 0)
D/MstarPlayer(  744): percent: 0
W/MediaPlayer( 1435): info/warning (704, 0)
I/MediaPlayer.java( 1435): Info (704,0)
D/MediaPlayerService(  744): [8] notify (0x522e8, 200, 704, 0)
D/MstarPlayer(  744): percent: 0
W/MediaPlayer( 1435): info/warning (704, 0)
I/MediaPlayer.java( 1435): Info (704,0)
D/MediaPlayerService(  744): [8] notify (0x522e8, 200, 704, 0)
D/MstarPlayer(  744): percent: 0
W/MediaPlayer( 1435): info/warning (704, 0)
I/MediaPlayer.java( 1435): Info (704,0)
D/MediaPlayerService(  744): [8] notify (0x522e8, 200, 704, 0)
D/MstarPlayer(  744): percent: 0
W/MediaPlayer( 1435): info/warning (704, 0)
I/MediaPlayer.java( 1435): Info (704,0)
D/MediaPlayerService(  744): [8] notify (0x522e8, 200, 704, 0)
D/MstarPlayer(  744): percent: 0
W/MediaPlayer( 1435): info/warning (704, 0)
I/MediaPlayer.java( 1435): Info (704,0)
D/MediaPlayerService(  744): [8] notify (0x522e8, 200, 704, 0)
D/MstarPlayer(  744): percent: 0
W/MediaPlayer( 1435): info/warning (704, 0)
I/MediaPlayer.java( 1435): Info (704,0)
D/MediaPlayerService(  744): [8] notify (0x522e8, 200, 704, 0)
D/MstarPlayer(  744): percent: 0
W/MediaPlayer( 1435): info/warning (704, 0)
I/MediaPlayer.java( 1435): Info (704,0)
D/MediaPlayerService(  744): [8] notify (0x522e8, 200, 704, 0)
D/MstarPlayer(  744): percent: 0
W/MediaPlayer( 1435): info/warning (704, 0)
I/MediaPlayer.java( 1435): Info (704,0)
D/MediaPlayerService(  744): [8] notify (0x522e8, 200, 704, 0)
D/MstarPlayer(  744): percent: 0
W/MediaPlayer( 1435): info/warning (704, 0)
I/MediaPlayer.java( 1435): Info (704,0)
D/MediaPlayerService(  744): [8] notify (0x522e8, 200, 704, 0)
D/MstarPlayer(  744): percent: 0
W/MediaPlayer( 1435): info/warning (704, 0)
I/MediaPlayer.java( 1435): Info (704,0)
D/MediaPlayerService(  744): [8] notify (0x522e8, 200, 704, 0)
D/MstarPlayer(  744): percent: 0
W/MediaPlayer( 1435): info/warning (704, 0)
I/MediaPlayer.java( 1435): Info (704,0)
D/DataSource_M3U8(  744): 
D/DataSource_M3U8(  744):  Warnig::  getValidBufferLength()  <  Codec require !!!
D/MediaPlayerService(  744): [8] notify (0x522e8, 200, 704, 0)
D/MstarPlayer(  744): percent: 0
W/MediaPlayer( 1435): info/warning (704, 0)
I/MediaPlayer.java( 1435): Info (704,0)
D/MediaPlayerService(  744): [8] notify (0x522e8, 200, 704, 0)
D/MstarPlayer(  744): percent: 0
W/MediaPlayer( 1435): info/warning (704, 0)
I/MediaPlayer.java( 1435): Info (704,0)
I//lib/ld-linux.so.3(  748): Old STC: 0x00057143, PTS: 0x00056e7d, Diff: 0x000002c6
D/MediaPlayerService(  744): [8] notify (0x522e8, 200, 704, 0)
D/MstarPlayer(  744): percent: 0
W/MediaPlayer( 1435): info/warning (704, 0)
I/MediaPlayer.java( 1435): Info (704,0)
D/MediaPlayerService(  744): [8] notify (0x522e8, 200, 704, 0)
D/MstarPlayer(  744): percent: 0
W/MediaPlayer( 1435): info/warning (704, 0)
I/MediaPlayer.java( 1435): Info (704,0)
D/MediaPlayerService(  744): [8] notify (0x522e8, 200, 704, 0)
D/MstarPlayer(  744): percent: 0
W/MediaPlayer( 1435): info/warning (704, 0)
I/MediaPlayer.java( 1435): Info (704,0)
I//lib/ld-linux.so.3(  748): FrmCnt:1181(1,141,42) Rate:15 Sys:2230402 STC:356088 VPTS:356080 APTS:356085 Delay:32(40) V:0 A:0 VES:0x3e80 AES:0x0 PCM:0x10b00 AudioErr:0x2
D/MediaPlayerService(  744): [8] notify (0x522e8, 200, 704, 0)
D/MstarPlayer(  744): percent: 0
W/MediaPlayer( 1435): info/warning (704, 0)
I/MediaPlayer.java( 1435): Info (704,0)
D/MediaPlayerService(  744): [8] notify (0x522e8, 200, 704, 0)
D/MstarPlayer(  744): percent: 0
W/MediaPlayer( 1435): info/warning (704, 0)
I/MediaPlayer.java( 1435): Info (704,0)
D/MediaPlayerService(  744): [8] notify (0x522e8, 200, 704, 0)
D/MstarPlayer(  744): percent: 0
W/MediaPlayer( 1435): info/warning (704, 0)
I/MediaPlayer.java( 1435): Info (704,0)
D/MediaPlayerService(  744): [8] notify (0x522e8, 200, 704, 0)
D/MstarPlayer(  744): percent: 0
W/MediaPlayer( 1435): info/warning (704, 0)
I/MediaPlayer.java( 1435): Info (704,0)
D/MediaPlayerService(  744): [8] notify (0x522e8, 200, 704, 0)
D/MstarPlayer(  744): percent: 0
W/MediaPlayer( 1435): info/warning (704, 0)
I/MediaPlayer.java( 1435): Info (704,0)
D/MediaPlayerService(  744): [8] notify (0x522e8, 200, 704, 0)
D/MstarPlayer(  744): percent: 0
W/MediaPlayer( 1435): info/warning (704, 0)
I/MediaPlayer.java( 1435): Info (704,0)
D/MediaPlayerService(  744): [8] notify (0x522e8, 200, 704, 0)
D/MstarPlayer(  744): percent: 0
W/MediaPlayer( 1435): info/warning (704, 0)
I/MediaPlayer.java( 1435): Info (704,0)
D/MediaPlayerService(  744): [8] notify (0x522e8, 200, 704, 0)
D/MstarPlayer(  744): percent: 0
W/MediaPlayer( 1435): info/warning (704, 0)
I/MediaPlayer.java( 1435): Info (704,0)
D/MediaPlayerService(  744): [8] notify (0x522e8, 200, 704, 0)
D/MstarPlayer(  744): percent: 0
W/MediaPlayer( 1435): info/warning (704, 0)
I/MediaPlayer.java( 1435): Info (704,0)
D/MediaPlayerService(  744): [8] notify (0x522e8, 200, 704, 0)
D/MstarPlayer(  744): percent: 0
W/MediaPlayer( 1435): info/warning (704, 0)
I/MediaPlayer.java( 1435): Info (704,0)
D/MediaPlayerService(  744): [8] notify (0x522e8, 200, 704, 0)
D/MstarPlayer(  744): percent: 0
W/MediaPlayer( 1435): info/warning (704, 0)
I/MediaPlayer.java( 1435): Info (704,0)
D/MediaPlayerService(  744): [8] notify (0x522e8, 200, 704, 0)
D/MstarPlayer(  744): percent: 0
W/MediaPlayer( 1435): info/warning (704, 0)
I/MediaPlayer.java( 1435): Info (704,0)
D/MediaPlayerService(  744): [8] notify (0x522e8, 200, 704, 0)
D/MstarPlayer(  744): percent: 0
W/MediaPlayer( 1435): info/warning (704, 0)
I/MediaPlayer.java( 1435): Info (704,0)
D/MediaPlayerService(  744): [8] notify (0x522e8, 200, 704, 0)
D/MstarPlayer(  744): percent: 0
W/MediaPlayer( 1435): info/warning (704, 0)
I/MediaPlayer.java( 1435): Info (704,0)
D/MediaPlayerService(  744): [8] notify (0x522e8, 200, 704, 0)
D/MstarPlayer(  744): percent: 0
W/MediaPlayer( 1435): info/warning (704, 0)
I/MediaPlayer.java( 1435): Info (704,0)
D/dalvikvm( 1505): GC_CONCURRENT freed 484K, 77% free 1408K/6019K, paused 1ms+1ms
D/DataSource_M3U8(  744): 
D/DataSource_M3U8(  744):  Warnig::  getValidBufferLength()  <  Codec require !!!
D/MediaPlayerService(  744): [8] notify (0x522e8, 200, 704, 0)
D/MstarPlayer(  744): percent: 0
W/MediaPlayer( 1435): info/warning (704, 0)
I/MediaPlayer.java( 1435): Info (704,0)
D/MediaPlayerService(  744): [8] notify (0x522e8, 200, 704, 0)
D/MstarPlayer(  744): percent: 0
W/MediaPlayer( 1435): info/warning (704, 0)
I/MediaPlayer.java( 1435): Info (704,0)
D/MediaPlayerService(  744): [8] notify (0x522e8, 200, 704, 0)
D/MstarPlayer(  744): percent: 0
W/MediaPlayer( 1435): info/warning (704, 0)
I/MediaPlayer.java( 1435): Info (704,0)
I//lib/ld-linux.so.3(  748): Old STC: 0x00057282, PTS: 0x000570d1, Diff: 0x000001b1
D/MediaPlayerService(  744): [8] notify (0x522e8, 200, 704, 0)
D/MstarPlayer(  744): percent: 0
W/MediaPlayer( 1435): info/warning (704, 0)
I/MediaPlayer.java( 1435): Info (704,0)
D/MediaPlayerService(  744): [8] notify (0x522e8, 200, 704, 0)
D/MstarPlayer(  744): percent: 0
W/MediaPlayer( 1435): info/warning (704, 0)
I/MediaPlayer.java( 1435): Info (704,0)
D/MediaPlayerService(  744): [8] notify (0x522e8, 200, 704, 0)
D/MstarPlayer(  744): percent: 0
W/MediaPlayer( 1435): info/warning (704, 0)
I/MediaPlayer.java( 1435): Info (704,0)
D/MediaPlayerService(  744): [8] notify (0x522e8, 200, 704, 0)
D/MstarPlayer(  744): percent: 0
W/MediaPlayer( 1435): info/warning (704, 0)
I/MediaPlayer.java( 1435): Info (704,0)
D/MediaPlayerService(  744): [8] notify (0x522e8, 200, 704, 0)
D/MstarPlayer(  744): percent: 0
W/MediaPlayer( 1435): info/warning (704, 0)
I/MediaPlayer.java( 1435): Info (704,0)
D/MediaPlayerService(  744): [8] notify (0x522e8, 200, 704, 0)
D/MstarPlayer(  744): percent: 0
W/MediaPlayer( 1435): info/warning (704, 0)
I/MediaPlayer.java( 1435): Info (704,0)
D/MediaPlayerService(  744): [8] notify (0x522e8, 200, 704, 0)
D/MstarPlayer(  744): percent: 0
W/MediaPlayer( 1435): info/warning (704, 0)
I/MediaPlayer.java( 1435): Info (704,0)
D/MediaPlayerService(  744): [8] notify (0x522e8, 200, 704, 0)
D/MstarPlayer(  744): percent: 0
W/MediaPlayer( 1435): info/warning (704, 0)
I/MediaPlayer.java( 1435): Info (704,0)
D/MediaPlayerService(  744): [8] notify (0x522e8, 200, 704, 0)
D/MstarPlayer(  744): percent: 0
W/MediaPlayer( 1435): info/warning (704, 0)
I/MediaPlayer.java( 1435): Info (704,0)
D/MediaPlayerService(  744): [8] notify (0x522e8, 200, 704, 0)
D/MstarPlayer(  744): percent: 0
W/MediaPlayer( 1435): info/warning (704, 0)
I/MediaPlayer.java( 1435): Info (704,0)
D/HomePlayerLib( 1505): hostaddress count is 1
D/dalvikvm( 1505): GC_CONCURRENT freed 504K, 79% free 1299K/6019K, paused 1ms+1ms
D/MediaPlayerService(  744): [8] notify (0x522e8, 200, 704, 0)
D/MstarPlayer(  744): percent: 0
W/MediaPlayer( 1435): info/warning (704, 0)
I/MediaPlayer.java( 1435): Info (704,0)
D/dalvikvm( 1505): GC_CONCURRENT freed 389K, 79% free 1311K/6019K, paused 1ms+1ms
D/MediaPlayerService(  744): [8] notify (0x522e8, 200, 704, 0)
D/MstarPlayer(  744): percent: 0
W/MediaPlayer( 1435): info/warning (704, 0)
I/MediaPlayer.java( 1435): Info (704,0)
I//lib/ld-linux.so.3(  748): FrmCnt:1199(1,145,46) Rate:11 Sys:2231928 STC:357180 VPTS:356920 APTS:357167 Delay:-220(40) V:0 A:0 VES:0x39f0 AES:0x0 PCM:0x0 AudioErr:0x2
D/dalvikvm( 1505): GC_CONCURRENT freed 404K, 79% free 1291K/6019K, paused 1ms+1ms
D/MediaPlayerService(  744): [8] notify (0x522e8, 200, 704, 0)
D/MstarPlayer(  744): percent: 0
W/MediaPlayer( 1435): info/warning (704, 0)
I/MediaPlayer.java( 1435): Info (704,0)
D/dalvikvm( 1505): GC_CONCURRENT freed 378K, 77% free 1411K/6019K, paused 1ms+1ms
D/MediaPlayerService(  744): [8] notify (0x522e8, 200, 704, 0)
D/MstarPlayer(  744): percent: 0
W/MediaPlayer( 1435): info/warning (704, 0)
I/MediaPlayer.java( 1435): Info (704,0)
D/dalvikvm( 1505): GC_CONCURRENT freed 484K, 78% free 1325K/6019K, paused 1ms+1ms
D/MediaPlayerService(  744): [8] notify (0x522e8, 200, 704, 0)
D/MstarPlayer(  744): percent: 0
W/MediaPlayer( 1435): info/warning (704, 0)
I/MediaPlayer.java( 1435): Info (704,0)
D/MediaPlayerService(  744): [8] notify (0x522e8, 200, 704, 0)
D/MstarPlayer(  744): percent: 0
W/MediaPlayer( 1435): info/warning (704, 0)
I/MediaPlayer.java( 1435): Info (704,0)
D/MediaPlayerService(  744): [8] notify (0x522e8, 200, 704, 0)
D/MstarPlayer(  744): percent: 0
W/MediaPlayer( 1435): info/warning (704, 0)
I/MediaPlayer.java( 1435): Info (704,0)
D/DataSource_M3U8(  744): 
D/DataSource_M3U8(  744):  Warnig::  getValidBufferLength()  <  Codec require !!!
D/MediaPlayerService(  744): [8] notify (0x522e8, 200, 704, 0)
D/MstarPlayer(  744): percent: 0
W/MediaPlayer( 1435): info/warning (704, 0)
I/MediaPlayer.java( 1435): Info (704,0)
D/dalvikvm( 1505): GC_CONCURRENT freed 384K, 76% free 1450K/6019K, paused 1ms+2ms
D/MediaPlayerService(  744): [8] notify (0x522e8, 200, 704, 0)
D/MstarPlayer(  744): percent: 0
W/MediaPlayer( 1435): info/warning (704, 0)
I/MediaPlayer.java( 1435): Info (704,0)
I//lib/ld-linux.so.3(  748): Old STC: 0x000574b1, PTS: 0x000573a9, Diff: 0x00000108
D/MediaPlayerService(  744): [8] notify (0x522e8, 200, 704, 0)
D/MstarPlayer(  744): percent: 0
W/MediaPlayer( 1435): info/warning (704, 0)
I/MediaPlayer.java( 1435): Info (704,0)
D/MediaPlayerService(  744): [8] notify (0x522e8, 200, 704, 0)
D/MstarPlayer(  744): percent: 0
W/MediaPlayer( 1435): info/warning (704, 0)
I/MediaPlayer.java( 1435): Info (704,0)
D/dalvikvm( 1505): GC_CONCURRENT freed 535K, 77% free 1414K/6019K, paused 1ms+2ms
D/MediaPlayerService(  744): [8] notify (0x522e8, 200, 704, 0)
D/MstarPlayer(  744): percent: 0
W/MediaPlayer( 1435): info/warning (704, 0)
I/MediaPlayer.java( 1435): Info (704,0)
D/MediaPlayerService(  744): [8] notify (0x522e8, 200, 704, 0)
D/MstarPlayer(  744): percent: 0
W/MediaPlayer( 1435): info/warning (704, 0)
I/MediaPlayer.java( 1435): Info (704,0)
D/MediaPlayerService(  744): [8] notify (0x522e8, 200, 704, 0)
D/MstarPlayer(  744): percent: 0
W/MediaPlayer( 1435): info/warning (704, 0)
I/MediaPlayer.java( 1435): Info (704,0)
D/dalvikvm( 1505): GC_CONCURRENT freed 501K, 79% free 1322K/6019K, paused 1ms+1ms
D/MediaPlayerService(  744): [8] notify (0x522e8, 200, 704, 0)
D/MstarPlayer(  744): percent: 0
W/MediaPlayer( 1435): info/warning (704, 0)
I/MediaPlayer.java( 1435): Info (704,0)
D/MediaPlayerService(  744): [8] notify (0x522e8, 200, 704, 0)
D/MstarPlayer(  744): percent: 0
W/MediaPlayer( 1435): info/warning (704, 0)
I/MediaPlayer.java( 1435): Info (704,0)
D/MediaPlayerService(  744): [8] notify (0x522e8, 200, 704, 0)
D/MstarPlayer(  744): percent: 0
W/MediaPlayer( 1435): info/warning (704, 0)
I/MediaPlayer.java( 1435): Info (704,0)
D/MediaPlayerService(  744): [8] notify (0x522e8, 200, 704, 0)
D/MstarPlayer(  744): percent: 0
W/MediaPlayer( 1435): info/warning (704, 0)
I/MediaPlayer.java( 1435): Info (704,0)
D/MediaPlayerService(  744): [8] notify (0x522e8, 200, 704, 0)
D/MstarPlayer(  744): percent: 0
W/MediaPlayer( 1435): info/warning (704, 0)
I/MediaPlayer.java( 1435): Info (704,0)
D/dalvikvm( 1505): GC_CONCURRENT freed 407K, 77% free 1394K/6019K, paused 1ms+1ms
D/MediaPlayerService(  744): [8] notify (0x522e8, 200, 704, 0)
D/MstarPlayer(  744): percent: 0
W/MediaPlayer( 1435): info/warning (704, 0)
I/MediaPlayer.java( 1435): Info (704,0)
D/MediaPlayerService(  744): [8] notify (0x522e8, 200, 704, 0)
D/MstarPlayer(  744): percent: 0
W/MediaPlayer( 1435): info/warning (704, 0)
I/MediaPlayer.java( 1435): Info (704,0)
D/MediaPlayerService(  744): [8] notify (0x522e8, 200, 704, 0)
D/MstarPlayer(  744): percent: 0
W/MediaPlayer( 1435): info/warning (704, 0)
I/MediaPlayer.java( 1435): Info (704,0)
D/MediaPlayerService(  744): [8] notify (0x522e8, 200, 704, 0)
D/MstarPlayer(  744): percent: 0
W/MediaPlayer( 1435): info/warning (704, 0)
I/MediaPlayer.java( 1435): Info (704,0)
D/MediaPlayerService(  744): [8] notify (0x522e8, 200, 704, 0)
D/MstarPlayer(  744): percent: 0
W/MediaPlayer( 1435): info/warning (704, 0)
I/MediaPlayer.java( 1435): Info (704,0)
D/MediaPlayerService(  744): [8] notify (0x522e8, 200, 704, 0)
D/MstarPlayer(  744): percent: 0
W/MediaPlayer( 1435): info/warning (704, 0)
I/MediaPlayer.java( 1435): Info (704,0)
D/MediaPlayerService(  744): [8] notify (0x522e8, 200, 704, 0)
D/MstarPlayer(  744): percent: 0
W/MediaPlayer( 1435): info/warning (704, 0)
I/MediaPlayer.java( 1435): Info (704,0)
D/DataSource_M3U8(  744): 
D/DataSource_M3U8(  744):  Warnig::  getValidBufferLength()  <  Codec require !!!
D/MediaPlayerService(  744): [8] notify (0x522e8, 200, 704, 0)
D/MstarPlayer(  744): percent: 0
W/MediaPlayer( 1435): info/warning (704, 0)
I/MediaPlayer.java( 1435): Info (704,0)
D/MediaPlayerService(  744): [8] notify (0x522e8, 200, 704, 0)
D/MstarPlayer(  744): percent: 0
W/MediaPlayer( 1435): info/warning (704, 0)
I/MediaPlayer.java( 1435): Info (704,0)
D/MediaPlayerService(  744): [8] notify (0x522e8, 200, 704, 0)
D/MstarPlayer(  744): percent: 0
W/MediaPlayer( 1435): info/warning (704, 0)
I/MediaPlayer.java( 1435): Info (704,0)
D/MediaPlayerService(  744): [8] notify (0x522e8, 200, 704, 0)
D/MstarPlayer(  744): percent: 0
W/MediaPlayer( 1435): info/warning (704, 0)
I/MediaPlayer.java( 1435): Info (704,0)
I//lib/ld-linux.so.3(  748): Old STC: 0x000577b0, PTS: 0x000575e4, Diff: 0x000001cc
D/MediaPlayerService(  744): [8] notify (0x522e8, 200, 704, 0)
D/MstarPlayer(  744): percent: 0
W/MediaPlayer( 1435): info/warning (704, 0)
I/MediaPlayer.java( 1435): Info (704,0)
D/MediaPlayerService(  744): [8] notify (0x522e8, 200, 704, 0)
D/MstarPlayer(  744): percent: 0
W/MediaPlayer( 1435): info/warning (704, 0)
I/MediaPlayer.java( 1435): Info (704,0)
I//lib/ld-linux.so.3(  748): FrmCnt:1224(1,150,56) Rate:16 Sys:2233456 STC:357983 VPTS:358000 APTS:357988 Delay:57(40) V:0 A:0 VES:0x21f0 AES:0x0 PCM:0x8880 AudioErr:0x2
D/MediaPlayerService(  744): [8] notify (0x522e8, 200, 704, 0)
D/MstarPlayer(  744): percent: 0
W/MediaPlayer( 1435): info/warning (704, 0)
I/MediaPlayer.java( 1435): Info (704,0)
D/MediaPlayerService(  744): [8] notify (0x522e8, 200, 704, 0)
D/MstarPlayer(  744): percent: 0
W/MediaPlayer( 1435): info/warning (704, 0)
I/MediaPlayer.java( 1435): Info (704,0)
D/MediaPlayerService(  744): [8] notify (0x522e8, 200, 704, 0)
D/MstarPlayer(  744): percent: 0
W/MediaPlayer( 1435): info/warning (704, 0)
I/MediaPlayer.java( 1435): Info (704,0)
D/MediaPlayerService(  744): [8] notify (0x522e8, 200, 704, 0)
D/MstarPlayer(  744): percent: 0
W/MediaPlayer( 1435): info/warning (704, 0)
I/MediaPlayer.java( 1435): Info (704,0)
D/MediaPlayerService(  744): [8] notify (0x522e8, 200, 704, 0)
D/MstarPlayer(  744): percent: 0
W/MediaPlayer( 1435): info/warning (704, 0)
I/MediaPlayer.java( 1435): Info (704,0)
D/MediaPlayerService(  744): [8] notify (0x522e8, 200, 704, 0)
D/MstarPlayer(  744): percent: 0
W/MediaPlayer( 1435): info/warning (704, 0)
I/MediaPlayer.java( 1435): Info (704,0)
D/MediaPlayerService(  744): [8] notify (0x522e8, 200, 704, 0)
D/MstarPlayer(  744): percent: 0
W/MediaPlayer( 1435): info/warning (704, 0)
I/MediaPlayer.java( 1435): Info (704,0)
D/MediaPlayerService(  744): [8] notify (0x522e8, 200, 704, 0)
D/MstarPlayer(  744): percent: 0
W/MediaPlayer( 1435): info/warning (704, 0)
I/MediaPlayer.java( 1435): Info (704,0)
D/MediaPlayerService(  744): [8] notify (0x522e8, 200, 704, 0)
D/MstarPlayer(  744): percent: 0
W/MediaPlayer( 1435): info/warning (704, 0)
I/MediaPlayer.java( 1435): Info (704,0)
D/MediaPlayerService(  744): [8] notify (0x522e8, 200, 704, 0)
D/MstarPlayer(  744): percent: 0
W/MediaPlayer( 1435): info/warning (704, 0)
I/MediaPlayer.java( 1435): Info (704,0)
D/MediaPlayerService(  744): [8] notify (0x522e8, 200, 704, 0)
D/MstarPlayer(  744): percent: 0
W/MediaPlayer( 1435): info/warning (704, 0)
I/MediaPlayer.java( 1435): Info (704,0)
D/MediaPlayerService(  744): [8] notify (0x522e8, 200, 704, 0)
D/MstarPlayer(  744): percent: 0
W/MediaPlayer( 1435): info/warning (704, 0)
I/MediaPlayer.java( 1435): Info (704,0)
D/MediaPlayerService(  744): [8] notify (0x522e8, 200, 704, 0)
D/MstarPlayer(  744): percent: 0
W/MediaPlayer( 1435): info/warning (704, 0)
I/MediaPlayer.java( 1435): Info (704,0)
D/MediaPlayerService(  744): [8] notify (0x522e8, 200, 704, 0)
D/MstarPlayer(  744): percent: 0
W/MediaPlayer( 1435): info/warning (704, 0)
I/MediaPlayer.java( 1435): Info (704,0)
D/DataSource_M3U8(  744): 
D/DataSource_M3U8(  744):  Warnig::  getValidBufferLength()  <  Codec require !!!
D/MediaPlayerService(  744): [8] notify (0x522e8, 200, 704, 0)
D/MstarPlayer(  744): percent: 0
W/MediaPlayer( 1435): info/warning (704, 0)
I/MediaPlayer.java( 1435): Info (704,0)
D/MediaPlayerService(  744): [8] notify (0x522e8, 200, 704, 0)
D/MstarPlayer(  744): percent: 0
W/MediaPlayer( 1435): info/warning (704, 0)
I/MediaPlayer.java( 1435): Info (704,0)
D/MediaPlayerService(  744): [8] notify (0x522e8, 200, 704, 0)
D/MstarPlayer(  744): percent: 0
W/MediaPlayer( 1435): info/warning (704, 0)
I/MediaPlayer.java( 1435): Info (704,0)
I//lib/ld-linux.so.3(  748): Old STC: 0x000579c2, PTS: 0x00057795, Diff: 0x0000022d
D/MediaPlayerService(  744): [8] notify (0x522e8, 200, 704, 0)
W/MediaPlayer( 1435): info/warning (704, 0)
D/MstarPlayer(  744): percent: 0
I/MediaPlayer.java( 1435): Info (704,0)
D/MediaPlayerService(  744): [8] notify (0x522e8, 200, 704, 0)
D/MstarPlayer(  744): percent: 0
W/MediaPlayer( 1435): info/warning (704, 0)
I/MediaPlayer.java( 1435): Info (704,0)
D/MediaPlayerService(  744): [8] notify (0x522e8, 200, 704, 0)
D/MstarPlayer(  744): percent: 0
W/MediaPlayer( 1435): info/warning (704, 0)
I/MediaPlayer.java( 1435): Info (704,0)
D/MediaPlayerService(  744): [8] notify (0x522e8, 200, 704, 0)
D/MstarPlayer(  744): percent: 0
W/MediaPlayer( 1435): info/warning (704, 0)
I/MediaPlayer.java( 1435): Info (704,0)
D/MediaPlayerService(  744): [8] notify (0x522e8, 200, 704, 0)
D/MstarPlayer(  744): percent: 0
W/MediaPlayer( 1435): info/warning (704, 0)
I/MediaPlayer.java( 1435): Info (704,0)
D/MediaPlayerService(  744): [8] notify (0x522e8, 200, 704, 0)
D/MstarPlayer(  744): percent: 0
W/MediaPlayer( 1435): info/warning (704, 0)
I/MediaPlayer.java( 1435): Info (704,0)
D/MediaPlayerService(  744): [8] notify (0x522e8, 200, 704, 0)
D/MstarPlayer(  744): percent: 0
W/MediaPlayer( 1435): info/warning (704, 0)
I/MediaPlayer.java( 1435): Info (704,0)
D/MediaPlayerService(  744): [8] notify (0x522e8, 200, 704, 0)
D/MstarPlayer(  744): percent: 0
W/MediaPlayer( 1435): info/warning (704, 0)
I/MediaPlayer.java( 1435): Info (704,0)
D/MediaPlayerService(  744): [8] notify (0x522e8, 200, 704, 0)
D/MstarPlayer(  744): percent: 0
W/MediaPlayer( 1435): info/warning (704, 0)
I/MediaPlayer.java( 1435): Info (704,0)
D/MediaPlayerService(  744): [8] notify (0x522e8, 200, 704, 0)
D/MstarPlayer(  744): percent: 0
W/MediaPlayer( 1435): info/warning (704, 0)
I/MediaPlayer.java( 1435): Info (704,0)
D/MediaPlayerService(  744): [8] notify (0x522e8, 200, 704, 0)
D/MstarPlayer(  744): percent: 0
W/MediaPlayer( 1435): info/warning (704, 0)
I/MediaPlayer.java( 1435): Info (704,0)
D/MediaPlayerService(  744): [8] notify (0x522e8, 200, 704, 0)
D/MstarPlayer(  744): percent: 0
W/MediaPlayer( 1435): info/warning (704, 0)
I/MediaPlayer.java( 1435): Info (704,0)
D/MediaPlayerService(  744): [8] notify (0x522e8, 200, 704, 0)
D/MstarPlayer(  744): percent: 0
W/MediaPlayer( 1435): info/warning (704, 0)
I/MediaPlayer.java( 1435): Info (704,0)
I//lib/ld-linux.so.3(  748): FrmCnt:1239(1,157,59) Rate:9 Sys:2234984 STC:358953 VPTS:358400 APTS:358789 Delay:-513(40) V:0 A:0 VES:0x13c0 AES:0x0 PCM:0x0 AudioErr:0x2
D/MediaPlayerService(  744): [8] notify (0x522e8, 200, 704, 0)
D/MstarPlayer(  744): percent: 0
W/MediaPlayer( 1435): info/warning (704, 0)
I/MediaPlayer.java( 1435): Info (704,0)
D/MediaPlayerService(  744): [8] notify (0x522e8, 200, 704, 0)
D/MstarPlayer(  744): percent: 0
W/MediaPlayer( 1435): info/warning (704, 0)
I/MediaPlayer.java( 1435): Info (704,0)
D/MediaPlayerService(  744): [8] notify (0x522e8, 200, 704, 0)
D/MstarPlayer(  744): percent: 0
W/MediaPlayer( 1435): info/warning (704, 0)
I/MediaPlayer.java( 1435): Info (704,0)
D/MediaPlayerService(  744): [8] notify (0x522e8, 200, 704, 0)
D/MstarPlayer(  744): percent: 0
W/MediaPlayer( 1435): info/warning (704, 0)
I/MediaPlayer.java( 1435): Info (704,0)
D/DataSource_M3U8(  744): 
D/DataSource_M3U8(  744):  Warnig::  getValidBufferLength()  <  Codec require !!!
D/MediaPlayerService(  744): [8] notify (0x522e8, 200, 704, 0)
D/MstarPlayer(  744): percent: 0
W/MediaPlayer( 1435): info/warning (704, 0)
I/MediaPlayer.java( 1435): Info (704,0)
D/MediaPlayerService(  744): [8] notify (0x522e8, 200, 704, 0)
D/MstarPlayer(  744): percent: 0
W/MediaPlayer( 1435): info/warning (704, 0)
I/MediaPlayer.java( 1435): Info (704,0)
D/MediaPlayerService(  744): [8] notify (0x522e8, 200, 704, 0)
D/MstarPlayer(  744): percent: 0
W/MediaPlayer( 1435): info/warning (704, 0)
I/MediaPlayer.java( 1435): Info (704,0)
I//lib/ld-linux.so.3(  748): Old STC: 0x00057b77, PTS: 0x000579ec, Diff: 0x0000018b
D/dalvikvm( 1505): GC_CONCURRENT freed 488K, 77% free 1397K/6019K, paused 1ms+1ms
D/MediaPlayerService(  744): [8] notify (0x522e8, 200, 704, 0)
D/MstarPlayer(  744): percent: 0
W/MediaPlayer( 1435): info/warning (704, 0)
I/MediaPlayer.java( 1435): Info (704,0)
D/MediaPlayerService(  744): [8] notify (0x522e8, 200, 704, 0)
D/MstarPlayer(  744): percent: 0
W/MediaPlayer( 1435): info/warning (704, 0)
I/MediaPlayer.java( 1435): Info (704,0)
D/MediaPlayerService(  744): [8] notify (0x522e8, 200, 704, 0)
D/MstarPlayer(  744): percent: 0
W/MediaPlayer( 1435): info/warning (704, 0)
I/MediaPlayer.java( 1435): Info (704,0)
D/dalvikvm( 1505): GC_CONCURRENT freed 474K, 79% free 1315K/6019K, paused 1ms+1ms
D/MediaPlayerService(  744): [8] notify (0x522e8, 200, 704, 0)
D/MstarPlayer(  744): percent: 0
W/MediaPlayer( 1435): info/warning (704, 0)
I/MediaPlayer.java( 1435): Info (704,0)
D/MediaPlayerService(  744): [8] notify (0x522e8, 200, 704, 0)
D/MstarPlayer(  744): percent: 0
W/MediaPlayer( 1435): info/warning (704, 0)
I/MediaPlayer.java( 1435): Info (704,0)
D/MediaPlayerService(  744): [8] notify (0x522e8, 200, 704, 0)
D/MstarPlayer(  744): percent: 0
W/MediaPlayer( 1435): info/warning (704, 0)
I/MediaPlayer.java( 1435): Info (704,0)
D/dalvikvm( 1505): GC_CONCURRENT freed 394K, 79% free 1316K/6019K, paused 1ms+1ms
D/MediaPlayerService(  744): [8] notify (0x522e8, 200, 704, 0)
D/MstarPlayer(  744): percent: 0
W/MediaPlayer( 1435): info/warning (704, 0)
I/MediaPlayer.java( 1435): Info (704,0)
D/MediaPlayerService(  744): [8] notify (0x522e8, 200, 704, 0)
D/MstarPlayer(  744): percent: 0
W/MediaPlayer( 1435): info/warning (704, 0)
I/MediaPlayer.java( 1435): Info (704,0)
D/MediaPlayerService(  744): [8] notify (0x522e8, 200, 704, 0)
D/MstarPlayer(  744): percent: 0
W/MediaPlayer( 1435): info/warning (704, 0)
I/MediaPlayer.java( 1435): Info (704,0)
D/MediaPlayerService(  744): [8] notify (0x522e8, 200, 704, 0)
D/MstarPlayer(  744): percent: 0
W/MediaPlayer( 1435): info/warning (704, 0)
I/MediaPlayer.java( 1435): Info (704,0)
D/MediaPlayerService(  744): [8] notify (0x522e8, 200, 704, 0)
D/MstarPlayer(  744): percent: 0
W/MediaPlayer( 1435): info/warning (704, 0)
I/MediaPlayer.java( 1435): Info (704,0)
D/dalvikvm( 1505): GC_CONCURRENT freed 404K, 79% free 1302K/6019K, paused 1ms+1ms
D/MediaPlayerService(  744): [8] notify (0x522e8, 200, 704, 0)
D/MstarPlayer(  744): percent: 0
W/MediaPlayer( 1435): info/warning (704, 0)
I/MediaPlayer.java( 1435): Info (704,0)
D/MediaPlayerService(  744): [8] notify (0x522e8, 200, 704, 0)
D/MstarPlayer(  744): percent: 0
W/MediaPlayer( 1435): info/warning (704, 0)
I/MediaPlayer.java( 1435): Info (704,0)
D/MediaPlayerService(  744): [8] notify (0x522e8, 200, 704, 0)
D/MstarPlayer(  744): percent: 0
W/MediaPlayer( 1435): info/warning (704, 0)
I/MediaPlayer.java( 1435): Info (704,0)
D/dalvikvm( 1505): GC_CONCURRENT freed 396K, 79% free 1301K/6019K, paused 1ms+1ms
D/MediaPlayerService(  744): [8] notify (0x522e8, 200, 704, 0)
D/MstarPlayer(  744): percent: 0
W/MediaPlayer( 1435): info/warning (704, 0)
I/MediaPlayer.java( 1435): Info (704,0)
D/MediaPlayerService(  744): [8] notify (0x522e8, 200, 704, 0)
D/MstarPlayer(  744): percent: 0
W/MediaPlayer( 1435): info/warning (704, 0)
I/MediaPlayer.java( 1435): Info (704,0)
D/MediaPlayerService(  744): [8] notify (0x522e8, 200, 704, 0)
D/MstarPlayer(  744): percent: 0
W/MediaPlayer( 1435): info/warning (704, 0)
I/MediaPlayer.java( 1435): Info (704,0)
D/DataSource_M3U8(  744): 
D/DataSource_M3U8(  744):  Warnig::  getValidBufferLength()  <  Codec require !!!
D/MediaPlayerService(  744): [8] notify (0x522e8, 200, 704, 0)
D/MstarPlayer(  744): percent: 0
W/MediaPlayer( 1435): info/warning (704, 0)
I/MediaPlayer.java( 1435): Info (704,0)
D/MediaPlayerService(  744): [8] notify (0x522e8, 200, 704, 0)
D/MstarPlayer(  744): percent: 0
W/MediaPlayer( 1435): info/warning (704, 0)
I/MediaPlayer.java( 1435): Info (704,0)
D/MediaPlayerService(  744): [8] notify (0x522e8, 200, 704, 0)
D/MstarPlayer(  744): percent: 0
W/MediaPlayer( 1435): info/warning (704, 0)
I/MediaPlayer.java( 1435): Info (704,0)
D/MediaPlayerService(  744): [8] notify (0x522e8, 200, 704, 0)
D/MstarPlayer(  744): percent: 0
W/MediaPlayer( 1435): info/warning (704, 0)
I/MediaPlayer.java( 1435): Info (704,0)
D/MediaPlayerService(  744): [8] notify (0x522e8, 200, 704, 0)
D/MstarPlayer(  744): percent: 0
W/MediaPlayer( 1435): info/warning (704, 0)
I/MediaPlayer.java( 1435): Info (704,0)
D/MediaPlayerService(  744): [8] notify (0x522e8, 200, 704, 0)
D/MstarPlayer(  744): percent: 0
W/MediaPlayer( 1435): info/warning (704, 0)
I/MediaPlayer.java( 1435): Info (704,0)
I//lib/ld-linux.so.3(  748): FrmCnt:1274(1,161,66) Rate:22 Sys:2236519 STC:360093 VPTS:359920 APTS:360097 Delay:-133(40) V:0 A:0 VES:0x270 AES:0x0 PCM:0x6a00 AudioErr:0x2
D/MediaPlayerService(  744): [8] notify (0x522e8, 200, 704, 0)
D/MstarPlayer(  744): percent: 0
W/MediaPlayer( 1435): info/warning (704, 0)
I/MediaPlayer.java( 1435): Info (704,0)
D/MediaPlayerService(  744): [8] notify (0x522e8, 200, 704, 0)
D/MstarPlayer(  744): percent: 0
W/MediaPlayer( 1435): info/warning (704, 0)
I/MediaPlayer.java( 1435): Info (704,0)
D/MediaPlayerService(  744): [8] notify (0x522e8, 200, 704, 0)
D/MstarPlayer(  744): percent: 0
W/MediaPlayer( 1435): info/warning (704, 0)
I/MediaPlayer.java( 1435): Info (704,0)
D/MediaPlayerService(  744): [8] notify (0x522e8, 200, 704, 0)
D/MstarPlayer(  744): percent: 0
W/MediaPlayer( 1435): info/warning (704, 0)
I/MediaPlayer.java( 1435): Info (704,0)
D/MediaPlayerService(  744): [8] notify (0x522e8, 200, 704, 0)
D/MstarPlayer(  744): percent: 0
W/MediaPlayer( 1435): info/warning (704, 0)
I/MediaPlayer.java( 1435): Info (704,0)
D/MediaPlayerService(  744): [8] notify (0x522e8, 200, 704, 0)
D/MstarPlayer(  744): percent: 0
W/MediaPlayer( 1435): info/warning (704, 0)
I/MediaPlayer.java( 1435): Info (704,0)
D/MediaPlayerService(  744): [8] notify (0x522e8, 200, 704, 0)
D/MstarPlayer(  744): percent: 0
W/MediaPlayer( 1435): info/warning (704, 0)
I/MediaPlayer.java( 1435): Info (704,0)
D/MediaPlayerService(  744): [8] notify (0x522e8, 200, 704, 0)
D/MstarPlayer(  744): percent: 0
W/MediaPlayer( 1435): info/warning (704, 0)
I/MediaPlayer.java( 1435): Info (704,0)
D/MediaPlayerService(  744): [8] notify (0x522e8, 200, 704, 0)
D/MstarPlayer(  744): percent: 0
W/MediaPlayer( 1435): info/warning (704, 0)
I/MediaPlayer.java( 1435): Info (704,0)
D/MediaPlayerService(  744): [8] notify (0x522e8, 200, 704, 0)
D/MstarPlayer(  744): percent: 0
W/MediaPlayer( 1435): info/warning (704, 0)
I/MediaPlayer.java( 1435): Info (704,0)
D/MediaPlayerService(  744): [8] notify (0x522e8, 200, 704, 0)
D/MstarPlayer(  744): percent: 0
W/MediaPlayer( 1435): info/warning (704, 0)
I/MediaPlayer.java( 1435): Info (704,0)
D/MediaPlayerService(  744): [8] notify (0x522e8, 200, 704, 0)
D/MstarPlayer(  744): percent: 0
W/MediaPlayer( 1435): info/warning (704, 0)
I/MediaPlayer.java( 1435): Info (704,0)
D/MediaPlayerService(  744): [8] notify (0x522e8, 200, 704, 0)
D/MstarPlayer(  744): percent: 0
W/MediaPlayer( 1435): info/warning (704, 0)
I/MediaPlayer.java( 1435): Info (704,0)
D/MediaPlayerService(  744): [8] notify (0x522e8, 200, 704, 0)
D/MstarPlayer(  744): percent: 0
W/MediaPlayer( 1435): info/warning (704, 0)
I/MediaPlayer.java( 1435): Info (704,0)
D/DataSource_M3U8(  744): 
D/DataSource_M3U8(  744):  Warnig::  getValidBufferLength()  <  Codec require !!!
D/MediaPlayerService(  744): [8] notify (0x522e8, 200, 704, 0)
D/MstarPlayer(  744): percent: 0
W/MediaPlayer( 1435): info/warning (704, 0)
I/MediaPlayer.java( 1435): Info (704,0)
D/MediaPlayerService(  744): [8] notify (0x522e8, 200, 704, 0)
D/MstarPlayer(  744): percent: 0
W/MediaPlayer( 1435): info/warning (704, 0)
I/MediaPlayer.java( 1435): Info (704,0)
D/MediaPlayerService(  744): [8] notify (0x522e8, 200, 704, 0)
D/MstarPlayer(  744): percent: 0
W/MediaPlayer( 1435): info/warning (704, 0)
I/MediaPlayer.java( 1435): Info (704,0)
I//lib/ld-linux.so.3(  748): Old STC: 0x000581d6, PTS: 0x00057f95, Diff: 0x00000241
D/MediaPlayerService(  744): [8] notify (0x522e8, 200, 704, 0)
D/MstarPlayer(  744): percent: 0
W/MediaPlayer( 1435): info/warning (704, 0)
I/MediaPlayer.java( 1435): Info (704,0)
D/MediaPlayerService(  744): [8] notify (0x522e8, 200, 704, 0)
D/MstarPlayer(  744): percent: 0
W/MediaPlayer( 1435): info/warning (704, 0)
I/MediaPlayer.java( 1435): Info (704,0)
D/MediaPlayerService(  744): [8] notify (0x522e8, 200, 704, 0)
D/MstarPlayer(  744): percent: 0
W/MediaPlayer( 1435): info/warning (704, 0)
I/MediaPlayer.java( 1435): Info (704,0)
D/MediaPlayerService(  744): [8] notify (0x522e8, 200, 704, 0)
D/MstarPlayer(  744): percent: 0
W/MediaPlayer( 1435): info/warning (704, 0)
I/MediaPlayer.java( 1435): Info (704,0)
D/MediaPlayerService(  744): [8] notify (0x522e8, 200, 704, 0)
D/MstarPlayer(  744): percent: 0
W/MediaPlayer( 1435): info/warning (704, 0)
I/MediaPlayer.java( 1435): Info (704,0)
D/MediaPlayerService(  744): [8] notify (0x522e8, 200, 704, 0)
D/MstarPlayer(  744): percent: 0
W/MediaPlayer( 1435): info/warning (704, 0)
I/MediaPlayer.java( 1435): Info (704,0)
D/Downloader(  744): Downloadserver bandWidth:858356
D/Downloader(  744): Downloadserver bandWidth:858356
D/Downloader(  744): Downloadserver bandWidth:858356
D/Downloader(  744): Downloadserver bandWidth:858356
D/MediaPlayerService(  744): [8] notify (0x522e8, 200, 704, 0)
D/MstarPlayer(  744): percent: 0
W/MediaPlayer( 1435): info/warning (704, 0)
I/MediaPlayer.java( 1435): Info (704,0)
D/MediaPlayerService(  744): [8] notify (0x522e8, 200, 704, 0)
D/MstarPlayer(  744): percent: 0
W/MediaPlayer( 1435): info/warning (704, 0)
I/MediaPlayer.java( 1435): Info (704,0)
D/MediaPlayerService(  744): [8] notify (0x522e8, 200, 704, 0)
D/MstarPlayer(  744): percent: 0
W/MediaPlayer( 1435): info/warning (704, 0)
I/MediaPlayer.java( 1435): Info (704,0)
D/dalvikvm( 1505): GC_CONCURRENT freed 392K, 77% free 1408K/6019K, paused 1ms+1ms
D/MediaPlayerService(  744): [8] notify (0x522e8, 200, 704, 0)
D/MstarPlayer(  744): percent: 0
W/MediaPlayer( 1435): info/warning (704, 0)
I/MediaPlayer.java( 1435): Info (704,0)
D/MediaPlayerService(  744): [8] notify (0x522e8, 200, 704, 0)
D/MstarPlayer(  744): percent: 0
W/MediaPlayer( 1435): info/warning (704, 0)
I/MediaPlayer.java( 1435): Info (704,0)
D/MediaPlayerService(  744): [8] notify (0x522e8, 200, 704, 0)
D/MstarPlayer(  744): percent: 0
W/MediaPlayer( 1435): info/warning (704, 0)
I/MediaPlayer.java( 1435): Info (704,0)
D/dalvikvm( 1505): GC_CONCURRENT freed 486K, 77% free 1402K/6019K, paused 1ms+4ms
D/MediaPlayerService(  744): [8] notify (0x522e8, 200, 704, 0)
D/MstarPlayer(  744): percent: 0
W/MediaPlayer( 1435): info/warning (704, 0)
I/MediaPlayer.java( 1435): Info (704,0)
I//lib/ld-linux.so.3(  748): FrmCnt:1302(1,169,69) Rate:18 Sys:2238047 STC:361043 VPTS:361040 APTS:361037 Delay:37(40) V:0 A:0 VES:0x3710 AES:0x0 PCM:0xb780 AudioErr:0x2
D/DataSource_M3U8(  744): u32HLSSreamNum[0]===>u32BandWidth:1200000 
D/DataSource_M3U8(  744): getHLSPlayListInex  DownloadBandWidth:858356   uInDex=0
D/DataSource_M3U8(  744): [M3U8] checkShouldStartNext :[60](1031744/1031744)   sequence:0  start next:61  
D/DataSource_M3U8(  744): 
D/DataSource_M3U8(  744): 
D/DataSource_M3U8(  744): 
D/DataSource_M3U8(  744): [M3U8]-7----->This :0x30fd0 --> post cmd for start next url:http://cibn-iss1.longvisionmedia.com:8088/vod/CIBN2013_CIBN2113040100001913_12001300/61.ts, knowedFileSize:0, mCurDowningIndex:60
D/DataSource_M3U8(  744): 
D/DataSource_M3U8(  744): 
D/Downloader(  744): [downloadThread]Downloader::removeTask  
D/Downloader(  744): [downloadThread]task have range string:0- 
D/MediaPlayerService(  744): [8] notify (0x522e8, 200, 704, 0)
D/MstarPlayer(  744): percent: 0
W/MediaPlayer( 1435): info/warning (704, 0)
I/MediaPlayer.java( 1435): Info (704,0)
D/MediaPlayerService(  744): [8] notify (0x522e8, 200, 704, 0)
D/MstarPlayer(  744): percent: 0
W/MediaPlayer( 1435): info/warning (704, 0)
I/MediaPlayer.java( 1435): Info (704,0)
D/MediaPlayerService(  744): [8] notify (0x522e8, 200, 704, 0)
D/MstarPlayer(  744): percent: 0
W/MediaPlayer( 1435): info/warning (704, 0)
I/MediaPlayer.java( 1435): Info (704,0)
D/MediaPlayerService(  744): [8] notify (0x522e8, 200, 704, 0)
D/MstarPlayer(  744): percent: 0
W/MediaPlayer( 1435): info/warning (704, 0)
I/MediaPlayer.java( 1435): Info (704,0)
D/DataSource_M3U8(  744): 
D/DataSource_M3U8(  744):  Warnig::  getValidBufferLength()  <  Codec require !!!
D/dalvikvm( 1505): GC_CONCURRENT freed 486K, 77% free 1411K/6019K, paused 1ms+1ms
D/MediaPlayerService(  744): [8] notify (0x522e8, 200, 704, 0)
D/MstarPlayer(  744): percent: 0
W/MediaPlayer( 1435): info/warning (704, 0)
I/MediaPlayer.java( 1435): Info (704,0)
D/MediaPlayerService(  744): [8] notify (0x522e8, 200, 704, 0)
D/MstarPlayer(  744): percent: 0
W/MediaPlayer( 1435): info/warning (704, 0)
I/MediaPlayer.java( 1435): Info (704,0)
D/MediaPlayerService(  744): [8] notify (0x522e8, 200, 704, 0)
D/MstarPlayer(  744): percent: 0
W/MediaPlayer( 1435): info/warning (704, 0)
I/MediaPlayer.java( 1435): Info (704,0)
D/MediaPlayerService(  744): [8] notify (0x522e8, 200, 704, 0)
D/MstarPlayer(  744): percent: 0
W/MediaPlayer( 1435): info/warning (704, 0)
I/MediaPlayer.java( 1435): Info (704,0)
D/MediaPlayerService(  744): [8] notify (0x522e8, 200, 704, 0)
D/MstarPlayer(  744): percent: 0
W/MediaPlayer( 1435): info/warning (704, 0)
I/MediaPlayer.java( 1435): Info (704,0)
D/MediaPlayerService(  744): [8] notify (0x522e8, 200, 704, 0)
D/MstarPlayer(  744): percent: 0
W/MediaPlayer( 1435): info/warning (704, 0)
I/MediaPlayer.java( 1435): Info (704,0)
D/MediaPlayerService(  744): [8] notify (0x522e8, 200, 704, 0)
D/MstarPlayer(  744): percent: 0
W/MediaPlayer( 1435): info/warning (704, 0)
I/MediaPlayer.java( 1435): Info (704,0)
D/MediaPlayerService(  744): [8] notify (0x522e8, 200, 704, 0)
D/MstarPlayer(  744): percent: 0
W/MediaPlayer( 1435): info/warning (704, 0)
I/MediaPlayer.java( 1435): Info (704,0)
D/MediaPlayerService(  744): [8] notify (0x522e8, 200, 704, 0)
D/MstarPlayer(  744): percent: 0
W/MediaPlayer( 1435): info/warning (704, 0)
I/MediaPlayer.java( 1435): Info (704,0)
D/MediaPlayerService(  744): [8] notify (0x522e8, 200, 704, 0)
D/MstarPlayer(  744): percent: 0
W/MediaPlayer( 1435): info/warning (704, 0)
I/MediaPlayer.java( 1435): Info (704,0)
D/MediaPlayerService(  744): [8] notify (0x522e8, 200, 704, 0)
D/MstarPlayer(  744): percent: 0
W/MediaPlayer( 1435): info/warning (704, 0)
I/MediaPlayer.java( 1435): Info (704,0)
D/MediaPlayerService(  744): [8] notify (0x522e8, 200, 704, 0)
D/MstarPlayer(  744): percent: 0
W/MediaPlayer( 1435): info/warning (704, 0)
I/MediaPlayer.java( 1435): Info (704,0)
D/MediaPlayerService(  744): [8] notify (0x522e8, 200, 704, 0)
D/MstarPlayer(  744): percent: 0
W/MediaPlayer( 1435): info/warning (704, 0)
I/MediaPlayer.java( 1435): Info (704,0)
D/MediaPlayerService(  744): [8] notify (0x522e8, 200, 704, 0)
D/MstarPlayer(  744): percent: 0
W/MediaPlayer( 1435): info/warning (704, 0)
I/MediaPlayer.java( 1435): Info (704,0)
D/MediaPlayerService(  744): [8] notify (0x522e8, 200, 704, 0)
D/MstarPlayer(  744): percent: 0
W/MediaPlayer( 1435): info/warning (704, 0)
I/MediaPlayer.java( 1435): Info (704,0)
D/MediaPlayerService(  744): [8] notify (0x522e8, 200, 704, 0)
D/MstarPlayer(  744): percent: 0
W/MediaPlayer( 1435): info/warning (704, 0)
I/MediaPlayer.java( 1435): Info (704,0)
D/MediaPlayerService(  744): [8] notify (0x522e8, 200, 704, 0)
D/MstarPlayer(  744): percent: 0
W/MediaPlayer( 1435): info/warning (704, 0)
I/MediaPlayer.java( 1435): Info (704,0)
D/MediaPlayerService(  744): [8] notify (0x522e8, 200, 704, 0)
D/MstarPlayer(  744): percent: 0
W/MediaPlayer( 1435): info/warning (704, 0)
I/MediaPlayer.java( 1435): Info (704,0)
D/MediaPlayerService(  744): [8] notify (0x522e8, 200, 704, 0)
D/MstarPlayer(  744): percent: 0
W/MediaPlayer( 1435): info/warning (704, 0)
I/MediaPlayer.java( 1435): Info (704,0)
D/MediaPlayerService(  744): [8] notify (0x522e8, 200, 704, 0)
D/MstarPlayer(  744): percent: 0
W/MediaPlayer( 1435): info/warning (704, 0)
I/MediaPlayer.java( 1435): Info (704,0)
D/DataSource_M3U8(  744): 
D/DataSource_M3U8(  744):  Warnig::  getValidBufferLength()  <  Codec require !!!
D/MediaPlayerService(  744): [8] notify (0x522e8, 200, 704, 0)
D/MstarPlayer(  744): percent: 0
W/MediaPlayer( 1435): info/warning (704, 0)
I/MediaPlayer.java( 1435): Info (704,0)
D/MediaPlayerService(  744): [8] notify (0x522e8, 200, 704, 0)
D/MstarPlayer(  744): percent: 0
W/MediaPlayer( 1435): info/warning (704, 0)
I/MediaPlayer.java( 1435): Info (704,0)
I//lib/ld-linux.so.3(  748): Old STC: 0x00058779, PTS: 0x00058531, Diff: 0x00000248
D/MediaPlayerService(  744): [8] notify (0x522e8, 200, 704, 0)
D/MstarPlayer(  744): percent: 0
W/MediaPlayer( 1435): info/warning (704, 0)
I/MediaPlayer.java( 1435): Info (704,0)
D/MediaPlayerService(  744): [8] notify (0x522e8, 200, 704, 0)
D/MstarPlayer(  744): percent: 0
W/MediaPlayer( 1435): info/warning (704, 0)
I/MediaPlayer.java( 1435): Info (704,0)
D/MediaPlayerService(  744): [8] notify (0x522e8, 200, 704, 0)
D/MstarPlayer(  744): percent: 0
W/MediaPlayer( 1435): info/warning (704, 0)
I/MediaPlayer.java( 1435): Info (704,0)
D/MediaPlayerService(  744): [8] notify (0x522e8, 200, 704, 0)
D/MstarPlayer(  744): percent: 0
W/MediaPlayer( 1435): info/warning (704, 0)
I/MediaPlayer.java( 1435): Info (704,0)
D/MediaPlayerService(  744): [8] notify (0x522e8, 200, 704, 0)
D/MstarPlayer(  744): percent: 0
W/MediaPlayer( 1435): info/warning (704, 0)
I//lib/ld-linux.so.3(  748): FrmCnt:1314(1,171,72) Rate:7 Sys:2239570 STC:361982 VPTS:361480 APTS:361777 Delay:-462(40) V:0 A:0 VES:0x3c80 AES:0x0 PCM:0x0 AudioErr:0x2
I/MediaPlayer.java( 1435): Info (704,0)
D/MediaPlayerService(  744): [8] notify (0x522e8, 200, 704, 0)
D/MstarPlayer(  744): percent: 0
W/MediaPlayer( 1435): info/warning (704, 0)
I/MediaPlayer.java( 1435): Info (704,0)
D/MediaPlayerService(  744): [8] notify (0x522e8, 200, 704, 0)
D/MstarPlayer(  744): percent: 0
W/MediaPlayer( 1435): info/warning (704, 0)
I/MediaPlayer.java( 1435): Info (704,0)
D/MediaPlayerService(  744): [8] notify (0x522e8, 200, 704, 0)
D/MstarPlayer(  744): percent: 0
W/MediaPlayer( 1435): info/warning (704, 0)
I/MediaPlayer.java( 1435): Info (704,0)
D/MediaPlayerService(  744): [8] notify (0x522e8, 200, 704, 0)
D/MstarPlayer(  744): percent: 0
W/MediaPlayer( 1435): info/warning (704, 0)
I/MediaPlayer.java( 1435): Info (704,0)
D/MediaPlayerService(  744): [8] notify (0x522e8, 200, 704, 0)
D/MstarPlayer(  744): percent: 0
W/MediaPlayer( 1435): info/warning (704, 0)
I/MediaPlayer.java( 1435): Info (704,0)
D/MediaPlayerService(  744): [8] notify (0x522e8, 200, 704, 0)
D/MstarPlayer(  744): percent: 0
W/MediaPlayer( 1435): info/warning (704, 0)
I/MediaPlayer.java( 1435): Info (704,0)
D/MediaPlayerService(  744): [8] notify (0x522e8, 200, 704, 0)
D/MstarPlayer(  744): percent: 0
W/MediaPlayer( 1435): info/warning (704, 0)
I/MediaPlayer.java( 1435): Info (704,0)
D/MediaPlayerService(  744): [8] notify (0x522e8, 200, 704, 0)
D/MstarPlayer(  744): percent: 0
W/MediaPlayer( 1435): info/warning (704, 0)
I/MediaPlayer.java( 1435): Info (704,0)
D/MediaPlayerService(  744): [8] notify (0x522e8, 200, 704, 0)
D/MstarPlayer(  744): percent: 0
W/MediaPlayer( 1435): info/warning (704, 0)
I/MediaPlayer.java( 1435): Info (704,0)
D/MediaPlayerService(  744): [8] notify (0x522e8, 200, 704, 0)
D/MstarPlayer(  744): percent: 0
W/MediaPlayer( 1435): info/warning (704, 0)
I/MediaPlayer.java( 1435): Info (704,0)
D/MediaPlayerService(  744): [8] notify (0x522e8, 200, 704, 0)
D/MstarPlayer(  744): percent: 0
W/MediaPlayer( 1435): info/warning (704, 0)
I/MediaPlayer.java( 1435): Info (704,0)
D/MediaPlayerService(  744): [8] notify (0x522e8, 200, 704, 0)
D/MstarPlayer(  744): percent: 0
W/MediaPlayer( 1435): info/warning (704, 0)
I/MediaPlayer.java( 1435): Info (704,0)
D/MediaPlayerService(  744): [8] notify (0x522e8, 200, 704, 0)
D/MstarPlayer(  744): percent: 0
W/MediaPlayer( 1435): info/warning (704, 0)
I/MediaPlayer.java( 1435): Info (704,0)
D/DataSource_M3U8(  744): 
D/DataSource_M3U8(  744):  Warnig::  getValidBufferLength()  <  Codec require !!!
D/MediaPlayerService(  744): [8] notify (0x522e8, 200, 704, 0)
D/MstarPlayer(  744): percent: 0
W/MediaPlayer( 1435): info/warning (704, 0)
I/MediaPlayer.java( 1435): Info (704,0)
D/MediaPlayerService(  744): [8] notify (0x522e8, 200, 704, 0)
D/MstarPlayer(  744): percent: 0
W/MediaPlayer( 1435): info/warning (704, 0)
I/MediaPlayer.java( 1435): Info (704,0)
I//lib/ld-linux.so.3(  748): Old STC: 0x0005890c, PTS: 0x00058587, Diff: 0x00000385
D/MediaPlayerService(  744): [8] notify (0x522e8, 200, 704, 0)
D/MstarPlayer(  744): percent: 0
W/MediaPlayer( 1435): info/warning (704, 0)
I/MediaPlayer.java( 1435): Info (704,0)
D/MediaPlayerService(  744): [8] notify (0x522e8, 200, 704, 0)
D/MstarPlayer(  744): percent: 0
W/MediaPlayer( 1435): info/warning (704, 0)
I/MediaPlayer.java( 1435): Info (704,0)
D/MediaPlayerService(  744): [8] notify (0x522e8, 200, 704, 0)
D/MstarPlayer(  744): percent: 0
W/MediaPlayer( 1435): info/warning (704, 0)
I/MediaPlayer.java( 1435): Info (704,0)
D/MediaPlayerService(  744): [8] notify (0x522e8, 200, 704, 0)
D/MstarPlayer(  744): percent: 0
W/MediaPlayer( 1435): info/warning (704, 0)
I/MediaPlayer.java( 1435): Info (704,0)
D/MediaPlayerService(  744): [8] notify (0x522e8, 200, 704, 0)
D/MstarPlayer(  744): percent: 0
W/MediaPlayer( 1435): info/warning (704, 0)
I/MediaPlayer.java( 1435): Info (704,0)
D/MediaPlayerService(  744): [8] notify (0x522e8, 200, 704, 0)
D/MstarPlayer(  744): percent: 0
W/MediaPlayer( 1435): info/warning (704, 0)
I/MediaPlayer.java( 1435): Info (704,0)
D/MediaPlayerService(  744): [8] notify (0x522e8, 200, 704, 0)
D/MstarPlayer(  744): percent: 0
W/MediaPlayer( 1435): info/warning (704, 0)
I/MediaPlayer.java( 1435): Info (704,0)
D/MediaPlayerService(  744): [8] notify (0x522e8, 200, 704, 0)
D/MstarPlayer(  744): percent: 0
W/MediaPlayer( 1435): info/warning (704, 0)
I/MediaPlayer.java( 1435): Info (704,0)
D/MediaPlayerService(  744): [8] notify (0x522e8, 200, 704, 0)
D/MstarPlayer(  744): percent: 0
W/MediaPlayer( 1435): info/warning (704, 0)
I/MediaPlayer.java( 1435): Info (704,0)
D/MediaPlayerService(  744): [8] notify (0x522e8, 200, 704, 0)
D/MstarPlayer(  744): percent: 0
W/MediaPlayer( 1435): info/warning (704, 0)
I/MediaPlayer.java( 1435): Info (704,0)
D/MediaPlayerService(  744): [8] notify (0x522e8, 200, 704, 0)
D/MstarPlayer(  744): percent: 0
W/MediaPlayer( 1435): info/warning (704, 0)
I/MediaPlayer.java( 1435): Info (704,0)
D/MediaPlayerService(  744): [8] notify (0x522e8, 200, 704, 0)
D/MstarPlayer(  744): percent: 0
W/MediaPlayer( 1435): info/warning (704, 0)
I/MediaPlayer.java( 1435): Info (704,0)
D/MediaPlayerService(  744): [8] notify (0x522e8, 200, 704, 0)
D/MstarPlayer(  744): percent: 0
W/MediaPlayer( 1435): info/warning (704, 0)
I/MediaPlayer.java( 1435): Info (704,0)
D/MediaPlayerService(  744): [8] notify (0x522e8, 200, 704, 0)
D/MstarPlayer(  744): percent: 0
W/MediaPlayer( 1435): info/warning (704, 0)
I/MediaPlayer.java( 1435): Info (704,0)
D/MediaPlayerService(  744): [8] notify (0x522e8, 200, 704, 0)
D/MstarPlayer(  744): percent: 0
W/MediaPlayer( 1435): info/warning (704, 0)
I/MediaPlayer.java( 1435): Info (704,0)
I//lib/ld-linux.so.3(  748): FrmCnt:1338(1,177,78) Rate:15 Sys:2241095 STC:362605 VPTS:362520 APTS:362607 Delay:-45(40) V:0 A:0 VES:0x3530 AES:0x0 PCM:0x5e00 AudioErr:0x2
D/MediaPlayerService(  744): [8] notify (0x522e8, 200, 704, 0)
D/MstarPlayer(  744): percent: 0
W/MediaPlayer( 1435): info/warning (704, 0)
I/MediaPlayer.java( 1435): Info (704,0)
D/MediaPlayerService(  744): [8] notify (0x522e8, 200, 704, 0)
D/MstarPlayer(  744): percent: 0
W/MediaPlayer( 1435): info/warning (704, 0)
I/MediaPlayer.java( 1435): Info (704,0)
D/DataSource_M3U8(  744): 
D/DataSource_M3U8(  744):  Warnig::  getValidBufferLength()  <  Codec require !!!
D/MediaPlayerService(  744): [8] notify (0x522e8, 200, 704, 0)
D/MstarPlayer(  744): percent: 0
W/MediaPlayer( 1435): info/warning (704, 0)
I/MediaPlayer.java( 1435): Info (704,0)
D/MediaPlayerService(  744): [8] notify (0x522e8, 200, 704, 0)
D/MstarPlayer(  744): percent: 0
W/MediaPlayer( 1435): info/warning (704, 0)
I/MediaPlayer.java( 1435): Info (704,0)
D/MediaPlayerService(  744): [8] notify (0x522e8, 200, 704, 0)
D/MstarPlayer(  744): percent: 0
W/MediaPlayer( 1435): info/warning (704, 0)
I/MediaPlayer.java( 1435): Info (704,0)
D/MediaPlayerService(  744): [8] notify (0x522e8, 200, 704, 0)
D/MstarPlayer(  744): percent: 0
W/MediaPlayer( 1435): info/warning (704, 0)
I/MediaPlayer.java( 1435): Info (704,0)
D/MediaPlayerService(  744): [8] notify (0x522e8, 200, 704, 0)
D/MstarPlayer(  744): percent: 0
W/MediaPlayer( 1435): info/warning (704, 0)
I/MediaPlayer.java( 1435): Info (704,0)
D/MediaPlayerService(  744): [8] notify (0x522e8, 200, 704, 0)
D/MstarPlayer(  744): percent: 0
W/MediaPlayer( 1435): info/warning (704, 0)
I/MediaPlayer.java( 1435): Info (704,0)
D/MediaPlayerService(  744): [8] notify (0x522e8, 200, 704, 0)
D/MstarPlayer(  744): percent: 0
W/MediaPlayer( 1435): info/warning (704, 0)
I/MediaPlayer.java( 1435): Info (704,0)
D/MediaPlayerService(  744): [8] notify (0x522e8, 200, 704, 0)
D/MstarPlayer(  744): percent: 0
W/MediaPlayer( 1435): info/warning (704, 0)
I/MediaPlayer.java( 1435): Info (704,0)
D/MediaPlayerService(  744): [8] notify (0x522e8, 200, 704, 0)
D/MstarPlayer(  744): percent: 0
W/MediaPlayer( 1435): info/warning (704, 0)
I/MediaPlayer.java( 1435): Info (704,0)
D/MediaPlayerService(  744): [8] notify (0x522e8, 200, 704, 0)
D/MstarPlayer(  744): percent: 0
W/MediaPlayer( 1435): info/warning (704, 0)
I/MediaPlayer.java( 1435): Info (704,0)
D/MediaPlayerService(  744): [8] notify (0x522e8, 200, 704, 0)
D/MstarPlayer(  744): percent: 0
W/MediaPlayer( 1435): info/warning (704, 0)
I/MediaPlayer.java( 1435): Info (704,0)
D/MediaPlayerService(  744): [8] notify (0x522e8, 200, 704, 0)
D/MstarPlayer(  744): percent: 0
W/MediaPlayer( 1435): info/warning (704, 0)
I/MediaPlayer.java( 1435): Info (704,0)
D/MediaPlayerService(  744): [8] notify (0x522e8, 200, 704, 0)
D/MstarPlayer(  744): percent: 0
W/MediaPlayer( 1435): info/warning (704, 0)
I/MediaPlayer.java( 1435): Info (704,0)
D/MediaPlayerService(  744): [8] notify (0x522e8, 200, 704, 0)
D/MstarPlayer(  744): percent: 0
W/MediaPlayer( 1435): info/warning (704, 0)
I/MediaPlayer.java( 1435): Info (704,0)
D/MediaPlayerService(  744): [8] notify (0x522e8, 200, 704, 0)
D/MstarPlayer(  744): percent: 0
W/MediaPlayer( 1435): info/warning (704, 0)
I/MediaPlayer.java( 1435): Info (704,0)
D/MediaPlayerService(  744): [8] notify (0x522e8, 200, 704, 0)
D/MstarPlayer(  744): percent: 0
W/MediaPlayer( 1435): info/warning (704, 0)
I/MediaPlayer.java( 1435): Info (704,0)
D/MediaPlayerService(  744): [8] notify (0x522e8, 200, 704, 0)
D/MstarPlayer(  744): percent: 0
W/MediaPlayer( 1435): info/warning (704, 0)
I/MediaPlayer.java( 1435): Info (704,0)
D/MediaPlayerService(  744): [8] notify (0x522e8, 200, 704, 0)
D/MstarPlayer(  744): percent: 0
W/MediaPlayer( 1435): info/warning (704, 0)
I/MediaPlayer.java( 1435): Info (704,0)
D/MediaPlayerService(  744): [8] notify (0x522e8, 200, 704, 0)
D/MstarPlayer(  744): percent: 0
W/MediaPlayer( 1435): info/warning (704, 0)
I/MediaPlayer.java( 1435): Info (704,0)
D/MediaPlayerService(  744): [8] notify (0x522e8, 200, 704, 0)
D/MstarPlayer(  744): percent: 0
W/MediaPlayer( 1435): info/warning (704, 0)
I/MediaPlayer.java( 1435): Info (704,0)
D/DataSource_M3U8(  744): 
D/DataSource_M3U8(  744):  Warnig::  getValidBufferLength()  <  Codec require !!!
D/MediaPlayerService(  744): [8] notify (0x522e8, 200, 704, 0)
D/MstarPlayer(  744): percent: 0
W/MediaPlayer( 1435): info/warning (704, 0)
I/MediaPlayer.java( 1435): Info (704,0)
D/MediaPlayerService(  744): [8] notify (0x522e8, 200, 704, 0)
D/MstarPlayer(  744): percent: 0
W/MediaPlayer( 1435): info/warning (704, 0)
I/MediaPlayer.java( 1435): Info (704,0)
D/MediaPlayerService(  744): [8] notify (0x522e8, 200, 704, 0)
D/MstarPlayer(  744): percent: 0
W/MediaPlayer( 1435): info/warning (704, 0)
I/MediaPlayer.java( 1435): Info (704,0)
I//lib/ld-linux.so.3(  748): Old STC: 0x00058d6f, PTS: 0x00058bba, Diff: 0x000001b5
D/MediaPlayerService(  744): [8] notify (0x522e8, 200, 704, 0)
D/MstarPlayer(  744): percent: 0
W/MediaPlayer( 1435): info/warning (704, 0)
I/MediaPlayer.java( 1435): Info (704,0)
D/MediaPlayerService(  744): [8] notify (0x522e8, 200, 704, 0)
D/MstarPlayer(  744): percent: 0
W/MediaPlayer( 1435): info/warning (704, 0)
I/MediaPlayer.java( 1435): Info (704,0)
D/MediaPlayerService(  744): [8] notify (0x522e8, 200, 704, 0)
D/MstarPlayer(  744): percent: 0
W/MediaPlayer( 1435): info/warning (704, 0)
I/MediaPlayer.java( 1435): Info (704,0)
D/MediaPlayerService(  744): [8] notify (0x522e8, 200, 704, 0)
D/MstarPlayer(  744): percent: 0
W/MediaPlayer( 1435): info/warning (704, 0)
I/MediaPlayer.java( 1435): Info (704,0)
D/dalvikvm( 1505): GC_CONCURRENT freed 501K, 77% free 1408K/6019K, paused 1ms+1ms
D/HomePlayerLib( 1505): hostaddress count is 1
D/MediaPlayerService(  744): [8] notify (0x522e8, 200, 704, 0)
D/MstarPlayer(  744): percent: 0
W/MediaPlayer( 1435): info/warning (704, 0)
I/MediaPlayer.java( 1435): Info (704,0)
I//lib/ld-linux.so.3(  748): FrmCnt:1370(1,184,87) Rate:20 Sys:2242625 STC:363698 VPTS:363680 APTS:363698 Delay:22(40) V:0 A:0 VES:0x17d0 AES:0x0 PCM:0xed80 AudioErr:0x2
D/dalvikvm( 1505): GC_CONCURRENT freed 505K, 77% free 1410K/6019K, paused 1ms+1ms
D/MediaPlayerService(  744): [8] notify (0x522e8, 200, 704, 0)
D/MstarPlayer(  744): percent: 0
W/MediaPlayer( 1435): info/warning (704, 0)
I/MediaPlayer.java( 1435): Info (704,0)
D/dalvikvm( 1505): GC_CONCURRENT freed 500K, 77% free 1400K/6019K, paused 1ms+1ms
D/MediaPlayerService(  744): [8] notify (0x522e8, 200, 704, 0)
D/MstarPlayer(  744): percent: 0
W/MediaPlayer( 1435): info/warning (704, 0)
I/MediaPlayer.java( 1435): Info (704,0)
D/MediaPlayerService(  744): [8] notify (0x522e8, 200, 704, 0)
D/MstarPlayer(  744): percent: 0
W/MediaPlayer( 1435): info/warning (704, 0)
I/MediaPlayer.java( 1435): Info (704,0)
D/dalvikvm( 1505): GC_CONCURRENT freed 476K, 78% free 1330K/6019K, paused 1ms+2ms
D/MediaPlayerService(  744): [8] notify (0x522e8, 200, 704, 0)
D/MstarPlayer(  744): percent: 0
W/MediaPlayer( 1435): info/warning (704, 0)
I/MediaPlayer.java( 1435): Info (704,0)
D/MediaPlayerService(  744): [8] notify (0x522e8, 200, 704, 0)
D/MstarPlayer(  744): percent: 0
W/MediaPlayer( 1435): info/warning (704, 0)
I/MediaPlayer.java( 1435): Info (704,0)
D/MediaPlayerService(  744): [8] notify (0x522e8, 200, 704, 0)
D/MstarPlayer(  744): percent: 0
W/MediaPlayer( 1435): info/warning (704, 0)
I/MediaPlayer.java( 1435): Info (704,0)
D/dalvikvm( 1505): GC_CONCURRENT freed 423K, 79% free 1305K/6019K, paused 1ms+2ms
D/MediaPlayerService(  744): [8] notify (0x522e8, 200, 704, 0)
D/MstarPlayer(  744): percent: 0
W/MediaPlayer( 1435): info/warning (704, 0)
I/MediaPlayer.java( 1435): Info (704,0)
D/dalvikvm( 1505): GC_CONCURRENT freed 374K, 77% free 1443K/6019K, paused 1ms+1ms
D/MediaPlayerService(  744): [8] notify (0x522e8, 200, 704, 0)
D/MstarPlayer(  744): percent: 0
W/MediaPlayer( 1435): info/warning (704, 0)
I/MediaPlayer.java( 1435): Info (704,0)
D/MediaPlayerService(  744): [8] notify (0x522e8, 200, 704, 0)
D/MstarPlayer(  744): percent: 0
W/MediaPlayer( 1435): info/warning (704, 0)
I/MediaPlayer.java( 1435): Info (704,0)
D/MediaPlayerService(  744): [8] notify (0x522e8, 200, 704, 0)
D/MstarPlayer(  744): percent: 0
W/MediaPlayer( 1435): info/warning (704, 0)
I/MediaPlayer.java( 1435): Info (704,0)
D/dalvikvm( 1505): GC_CONCURRENT freed 521K, 77% free 1402K/6019K, paused 1ms+1ms
D/MediaPlayerService(  744): [8] notify (0x522e8, 200, 704, 0)
D/MstarPlayer(  744): percent: 0
W/MediaPlayer( 1435): info/warning (704, 0)
I/MediaPlayer.java( 1435): Info (704,0)
D/MediaPlayerService(  744): [8] notify (0x522e8, 200, 704, 0)
D/MstarPlayer(  744): percent: 0
W/MediaPlayer( 1435): info/warning (704, 0)
I/MediaPlayer.java( 1435): Info (704,0)
D/DataSource_M3U8(  744): 
D/DataSource_M3U8(  744):  Warnig::  getValidBufferLength()  <  Codec require !!!
D/MediaPlayerService(  744): [8] notify (0x522e8, 200, 704, 0)
D/MstarPlayer(  744): percent: 0
W/MediaPlayer( 1435): info/warning (704, 0)
I/MediaPlayer.java( 1435): Info (704,0)
D/dalvikvm( 1505): GC_CONCURRENT freed 488K, 79% free 1322K/6019K, paused 1ms+1ms
D/MediaPlayerService(  744): [8] notify (0x522e8, 200, 704, 0)
D/MstarPlayer(  744): percent: 0
W/MediaPlayer( 1435): info/warning (704, 0)
I/MediaPlayer.java( 1435): Info (704,0)
I//lib/ld-linux.so.3(  748): Old STC: 0x00058f9b, PTS: 0x00058e48, Diff: 0x00000153
D/MediaPlayerService(  744): [8] notify (0x522e8, 200, 704, 0)
D/MstarPlayer(  744): percent: 0
W/MediaPlayer( 1435): info/warning (704, 0)
I/MediaPlayer.java( 1435): Info (704,0)
D/MediaPlayerService(  744): [8] notify (0x522e8, 200, 704, 0)
D/MstarPlayer(  744): percent: 0
W/MediaPlayer( 1435): info/warning (704, 0)
I/MediaPlayer.java( 1435): Info (704,0)
D/MediaPlayerService(  744): [8] notify (0x522e8, 200, 704, 0)
D/MstarPlayer(  744): percent: 0
W/MediaPlayer( 1435): info/warning (704, 0)
I/MediaPlayer.java( 1435): Info (704,0)
D/MediaPlayerService(  744): [8] notify (0x522e8, 200, 704, 0)
D/MstarPlayer(  744): percent: 0
W/MediaPlayer( 1435): info/warning (704, 0)
I/MediaPlayer.java( 1435): Info (704,0)
D/MediaPlayerService(  744): [8] notify (0x522e8, 200, 704, 0)
D/MstarPlayer(  744): percent: 0
W/MediaPlayer( 1435): info/warning (704, 0)
I/MediaPlayer.java( 1435): Info (704,0)
D/dalvikvm( 1505): GC_CONCURRENT freed 407K, 78% free 1371K/6019K, paused 0ms+1ms
D/MediaPlayerService(  744): [8] notify (0x522e8, 200, 704, 0)
D/MstarPlayer(  744): percent: 0
W/MediaPlayer( 1435): info/warning (704, 0)
I/MediaPlayer.java( 1435): Info (704,0)
D/MediaPlayerService(  744): [8] notify (0x522e8, 200, 704, 0)
D/MstarPlayer(  744): percent: 0
W/MediaPlayer( 1435): info/warning (704, 0)
I/MediaPlayer.java( 1435): Info (704,0)
D/MediaPlayerService(  744): [8] notify (0x522e8, 200, 704, 0)
D/MstarPlayer(  744): percent: 0
W/MediaPlayer( 1435): info/warning (704, 0)
I/MediaPlayer.java( 1435): Info (704,0)
D/MediaPlayerService(  744): [8] notify (0x522e8, 200, 704, 0)
D/MstarPlayer(  744): percent: 0
W/MediaPlayer( 1435): info/warning (704, 0)
I/MediaPlayer.java( 1435): Info (704,0)
D/MediaPlayerService(  744): [8] notify (0x522e8, 200, 704, 0)
D/MstarPlayer(  744): percent: 0
W/MediaPlayer( 1435): info/warning (704, 0)
I/MediaPlayer.java( 1435): Info (704,0)
D/MediaPlayerService(  744): [8] notify (0x522e8, 200, 704, 0)
D/MstarPlayer(  744): percent: 0
W/MediaPlayer( 1435): info/warning (704, 0)
I/MediaPlayer.java( 1435): Info (704,0)
D/MediaPlayerService(  744): [8] notify (0x522e8, 200, 704, 0)
D/MstarPlayer(  744): percent: 0
W/MediaPlayer( 1435): info/warning (704, 0)
I/MediaPlayer.java( 1435): Info (704,0)
D/MediaPlayerService(  744): [8] notify (0x522e8, 200, 704, 0)
D/MstarPlayer(  744): percent: 0
W/MediaPlayer( 1435): info/warning (704, 0)
I/MediaPlayer.java( 1435): Info (704,0)
D/MediaPlayerService(  744): [8] notify (0x522e8, 200, 704, 0)
D/MstarPlayer(  744): percent: 0
W/MediaPlayer( 1435): info/warning (704, 0)
I/MediaPlayer.java( 1435): Info (704,0)
D/MediaPlayerService(  744): [8] notify (0x522e8, 200, 704, 0)
D/MstarPlayer(  744): percent: 0
W/MediaPlayer( 1435): info/warning (704, 0)
I/MediaPlayer.java( 1435): Info (704,0)
D/MediaPlayerService(  744): [8] notify (0x522e8, 200, 704, 0)
D/MstarPlayer(  744): percent: 0
W/MediaPlayer( 1435): info/warning (704, 0)
I/MediaPlayer.java( 1435): Info (704,0)
I//lib/ld-linux.so.3(  748): FrmCnt:1374(1,184,87) Rate:2 Sys:2244153 STC:364887 VPTS:363960 APTS:364145 Delay:-887(40) V:0 A:0 VES:0x1470 AES:0x0 PCM:0x0 AudioErr:0x2
D/MediaPlayerService(  744): [8] notify (0x522e8, 200, 704, 0)
D/MstarPlayer(  744): percent: 0
W/MediaPlayer( 1435): info/warning (704, 0)
I/MediaPlayer.java( 1435): Info (704,0)
D/MediaPlayerService(  744): [8] notify (0x522e8, 200, 704, 0)
D/MstarPlayer(  744): percent: 0
W/MediaPlayer( 1435): info/warning (704, 0)
I/MediaPlayer.java( 1435): Info (704,0)
D/MediaPlayerService(  744): [8] notify (0x522e8, 200, 704, 0)
D/MstarPlayer(  744): percent: 0
W/MediaPlayer( 1435): info/warning (704, 0)
I/MediaPlayer.java( 1435): Info (704,0)
D/MediaPlayerService(  744): [8] notify (0x522e8, 200, 704, 0)
D/MstarPlayer(  744): percent: 0
W/MediaPlayer( 1435): info/warning (704, 0)
I/MediaPlayer.java( 1435): Info (704,0)
D/MediaPlayerService(  744): [8] notify (0x522e8, 200, 704, 0)
D/MstarPlayer(  744): percent: 0
W/MediaPlayer( 1435): info/warning (704, 0)
I/MediaPlayer.java( 1435): Info (704,0)
D/MediaPlayerService(  744): [8] notify (0x522e8, 200, 704, 0)
D/MstarPlayer(  744): percent: 0
W/MediaPlayer( 1435): info/warning (704, 0)
I/MediaPlayer.java( 1435): Info (704,0)
D/MediaPlayerService(  744): [8] notify (0x522e8, 200, 704, 0)
D/MstarPlayer(  744): percent: 0
W/MediaPlayer( 1435): info/warning (704, 0)
I/MediaPlayer.java( 1435): Info (704,0)
D/MediaPlayerService(  744): [8] notify (0x522e8, 200, 704, 0)
D/MstarPlayer(  744): percent: 0
W/MediaPlayer( 1435): info/warning (704, 0)
I/MediaPlayer.java( 1435): Info (704,0)
D/MediaPlayerService(  744): [8] notify (0x522e8, 200, 704, 0)
D/MstarPlayer(  744): percent: 0
W/MediaPlayer( 1435): info/warning (704, 0)
I/MediaPlayer.java( 1435): Info (704,0)
D/MediaPlayerService(  744): [8] notify (0x522e8, 200, 704, 0)
D/MstarPlayer(  744): percent: 0
W/MediaPlayer( 1435): info/warning (704, 0)
I/MediaPlayer.java( 1435): Info (704,0)
D/MediaPlayerService(  744): [8] notify (0x522e8, 200, 704, 0)
D/MstarPlayer(  744): percent: 0
W/MediaPlayer( 1435): info/warning (704, 0)
I/MediaPlayer.java( 1435): Info (704,0)
D/MediaPlayerService(  744): [8] notify (0x522e8, 200, 704, 0)
D/MstarPlayer(  744): percent: 0
W/MediaPlayer( 1435): info/warning (704, 0)
I/MediaPlayer.java( 1435): Info (704,0)
D/MediaPlayerService(  744): [8] notify (0x522e8, 200, 704, 0)
D/MstarPlayer(  744): percent: 0
W/MediaPlayer( 1435): info/warning (704, 0)
I/MediaPlayer.java( 1435): Info (704,0)
D/MediaPlayerService(  744): [8] notify (0x522e8, 200, 704, 0)
D/MstarPlayer(  744): percent: 0
W/MediaPlayer( 1435): info/warning (704, 0)
I/MediaPlayer.java( 1435): Info (704,0)
D/MediaPlayerService(  744): [8] notify (0x522e8, 200, 704, 0)
D/MstarPlayer(  744): percent: 0
W/MediaPlayer( 1435): info/warning (704, 0)
I/MediaPlayer.java( 1435): Info (704,0)
D/MediaPlayerService(  744): [8] notify (0x522e8, 200, 704, 0)
D/MstarPlayer(  744): percent: 0
W/MediaPlayer( 1435): info/warning (704, 0)
I/MediaPlayer.java( 1435): Info (704,0)
D/MediaPlayerService(  744): [8] notify (0x522e8, 200, 704, 0)
D/MstarPlayer(  744): percent: 0
W/MediaPlayer( 1435): info/warning (704, 0)
I/MediaPlayer.java( 1435): Info (704,0)
D/MediaPlayerService(  744): [8] notify (0x522e8, 200, 704, 0)
D/MstarPlayer(  744): percent: 0
W/MediaPlayer( 1435): info/warning (704, 0)
I/MediaPlayer.java( 1435): Info (704,0)
D/MediaPlayerService(  744): [8] notify (0x522e8, 200, 704, 0)
D/MstarPlayer(  744): percent: 0
W/MediaPlayer( 1435): info/warning (704, 0)
I/MediaPlayer.java( 1435): Info (704,0)
D/MediaPlayerService(  744): [8] notify (0x522e8, 200, 704, 0)
D/MstarPlayer(  744): percent: 0
W/MediaPlayer( 1435): info/warning (704, 0)
I/MediaPlayer.java( 1435): Info (704,0)
I//lib/ld-linux.so.3(  748): Old STC: 0x0005955b, PTS: 0x00058ed6, Diff: 0x00000685
D/MediaPlayerService(  744): [8] notify (0x522e8, 200, 704, 0)
D/MstarPlayer(  744): percent: 0
W/MediaPlayer( 1435): info/warning (704, 0)
I/MediaPlayer.java( 1435): Info (704,0)
D/MediaPlayerService(  744): [8] notify (0x522e8, 200, 704, 0)
D/MstarPlayer(  744): percent: 0
W/MediaPlayer( 1435): info/warning (704, 0)
I/MediaPlayer.java( 1435): Info (704,0)
D/MediaPlayerService(  744): [8] notify (0x522e8, 200, 704, 0)
D/MstarPlayer(  744): percent: 0
W/MediaPlayer( 1435): info/warning (704, 0)
I/MediaPlayer.java( 1435): Info (704,0)
D/MediaPlayerService(  744): [8] notify (0x522e8, 200, 704, 0)
D/MstarPlayer(  744): percent: 0
W/MediaPlayer( 1435): info/warning (704, 0)
I/MediaPlayer.java( 1435): Info (704,0)
D/MediaPlayerService(  744): [8] notify (0x522e8, 200, 704, 0)
D/MstarPlayer(  744): percent: 0
W/MediaPlayer( 1435): info/warning (704, 0)
I/MediaPlayer.java( 1435): Info (704,0)
D/MediaPlayerService(  744): [8] notify (0x522e8, 200, 704, 0)
D/MstarPlayer(  744): percent: 0
W/MediaPlayer( 1435): info/warning (704, 0)
I/MediaPlayer.java( 1435): Info (704,0)
D/MediaPlayerService(  744): [8] notify (0x522e8, 200, 704, 0)
D/MstarPlayer(  744): percent: 0
W/MediaPlayer( 1435): info/warning (704, 0)
I/MediaPlayer.java( 1435): Info (704,0)
D/MediaPlayerService(  744): [8] notify (0x522e8, 200, 704, 0)
D/MstarPlayer(  744): percent: 0
W/MediaPlayer( 1435): info/warning (704, 0)
I/MediaPlayer.java( 1435): Info (704,0)
D/MediaPlayerService(  744): [8] notify (0x522e8, 200, 704, 0)
D/MstarPlayer(  744): percent: 0
W/MediaPlayer( 1435): info/warning (704, 0)
I/MediaPlayer.java( 1435): Info (704,0)
D/MediaPlayerService(  744): [8] notify (0x522e8, 200, 704, 0)
D/MstarPlayer(  744): percent: 0
W/MediaPlayer( 1435): info/warning (704, 0)
I/MediaPlayer.java( 1435): Info (704,0)
I//lib/ld-linux.so.3(  748): FrmCnt:1395(1,189,91) Rate:13 Sys:2245678 STC:364742 VPTS:364720 APTS:364734 Delay:18(40) V:0 A:0 VES:0xa160 AES:0x0 PCM:0x1a400 AudioErr:0x2
D/MediaPlayerService(  744): [8] notify (0x522e8, 200, 704, 0)
D/MstarPlayer(  744): percent: 0
W/MediaPlayer( 1435): info/warning (704, 0)
I/MediaPlayer.java( 1435): Info (704,0)
D/MediaPlayerService(  744): [8] notify (0x522e8, 200, 704, 0)
D/MstarPlayer(  744): percent: 0
W/MediaPlayer( 1435): info/warning (704, 0)
I/MediaPlayer.java( 1435): Info (704,0)
D/MediaPlayerService(  744): [8] notify (0x522e8, 200, 704, 0)
D/MstarPlayer(  744): percent: 0
W/MediaPlayer( 1435): info/warning (704, 0)
I/MediaPlayer.java( 1435): Info (704,0)
D/MediaPlayerService(  744): [8] notify (0x522e8, 200, 704, 0)
D/MstarPlayer(  744): percent: 0
W/MediaPlayer( 1435): info/warning (704, 0)
I/MediaPlayer.java( 1435): Info (704,0)
D/MediaPlayerService(  744): [8] notify (0x522e8, 200, 704, 0)
D/MstarPlayer(  744): percent: 0
W/MediaPlayer( 1435): info/warning (704, 0)
I/MediaPlayer.java( 1435): Info (704,0)
D/MediaPlayerService(  744): [8] notify (0x522e8, 200, 704, 0)
D/MstarPlayer(  744): percent: 0
W/MediaPlayer( 1435): info/warning (704, 0)
I/MediaPlayer.java( 1435): Info (704,0)
D/dalvikvm( 1505): GC_CONCURRENT freed 448K, 79% free 1314K/6019K, paused 0ms+1ms
D/MediaPlayerService(  744): [8] notify (0x522e8, 200, 704, 0)
D/MstarPlayer(  744): percent: 0
W/MediaPlayer( 1435): info/warning (704, 0)
I/MediaPlayer.java( 1435): Info (704,0)
D/MediaPlayerService(  744): [8] notify (0x522e8, 200, 704, 0)
D/MstarPlayer(  744): percent: 0
W/MediaPlayer( 1435): info/warning (704, 0)
I/MediaPlayer.java( 1435): Info (704,0)
D/DataSource_M3U8(  744): 
D/DataSource_M3U8(  744):  Warnig::  getValidBufferLength()  <  Codec require !!!
D/MediaPlayerService(  744): [8] notify (0x522e8, 200, 704, 0)
D/MstarPlayer(  744): percent: 0
W/MediaPlayer( 1435): info/warning (704, 0)
I/MediaPlayer.java( 1435): Info (704,0)
D/dalvikvm( 1505): GC_CONCURRENT freed 393K, 79% free 1313K/6019K, paused 1ms+1ms
D/MediaPlayerService(  744): [8] notify (0x522e8, 200, 704, 0)
D/MstarPlayer(  744): percent: 0
W/MediaPlayer( 1435): info/warning (704, 0)
I/MediaPlayer.java( 1435): Info (704,0)
D/MediaPlayerService(  744): [8] notify (0x522e8, 200, 704, 0)
D/MstarPlayer(  744): percent: 0
W/MediaPlayer( 1435): info/warning (704, 0)
I/MediaPlayer.java( 1435): Info (704,0)
D/MediaPlayerService(  744): [8] notify (0x522e8, 200, 704, 0)
D/MstarPlayer(  744): percent: 0
W/MediaPlayer( 1435): info/warning (704, 0)
I/MediaPlayer.java( 1435): Info (704,0)
D/dalvikvm( 1505): GC_CONCURRENT freed 392K, 79% free 1314K/6019K, paused 1ms+1ms
D/MediaPlayerService(  744): [8] notify (0x522e8, 200, 704, 0)
D/MstarPlayer(  744): percent: 0
W/MediaPlayer( 1435): info/warning (704, 0)
I/MediaPlayer.java( 1435): Info (704,0)
D/MediaPlayerService(  744): [8] notify (0x522e8, 200, 704, 0)
D/MstarPlayer(  744): percent: 0
W/MediaPlayer( 1435): info/warning (704, 0)
I/MediaPlayer.java( 1435): Info (704,0)
D/MediaPlayerService(  744): [8] notify (0x522e8, 200, 704, 0)
D/MstarPlayer(  744): percent: 0
W/MediaPlayer( 1435): info/warning (704, 0)
I/MediaPlayer.java( 1435): Info (704,0)
D/dalvikvm( 1505): GC_CONCURRENT freed 394K, 79% free 1314K/6019K, paused 1ms+2ms
D/MediaPlayerService(  744): [8] notify (0x522e8, 200, 704, 0)
D/MstarPlayer(  744): percent: 0
W/MediaPlayer( 1435): info/warning (704, 0)
I/MediaPlayer.java( 1435): Info (704,0)
D/MediaPlayerService(  744): [8] notify (0x522e8, 200, 704, 0)
D/MstarPlayer(  744): percent: 0
W/MediaPlayer( 1435): info/warning (704, 0)
I/MediaPlayer.java( 1435): Info (704,0)
D/MediaPlayerService(  744): [8] notify (0x522e8, 200, 704, 0)
D/MstarPlayer(  744): percent: 0
W/MediaPlayer( 1435): info/warning (704, 0)
I/MediaPlayer.java( 1435): Info (704,0)
D/dalvikvm( 1505): GC_CONCURRENT freed 393K, 79% free 1314K/6019K, paused 1ms+1ms
D/MediaPlayerService(  744): [8] notify (0x522e8, 200, 704, 0)
D/MstarPlayer(  744): percent: 0
W/MediaPlayer( 1435): info/warning (704, 0)
I/MediaPlayer.java( 1435): Info (704,0)
D/MediaPlayerService(  744): [8] notify (0x522e8, 200, 704, 0)
D/MstarPlayer(  744): percent: 0
W/MediaPlayer( 1435): info/warning (704, 0)
I/MediaPlayer.java( 1435): Info (704,0)
D/MediaPlayerService(  744): [8] notify (0x522e8, 200, 704, 0)
D/MstarPlayer(  744): percent: 0
W/MediaPlayer( 1435): info/warning (704, 0)
I/MediaPlayer.java( 1435): Info (704,0)
D/dalvikvm( 1505): GC_CONCURRENT freed 393K, 79% free 1316K/6019K, paused 2ms+2ms
D/MediaPlayerService(  744): [8] notify (0x522e8, 200, 704, 0)
D/MstarPlayer(  744): percent: 0
W/MediaPlayer( 1435): info/warning (704, 0)
I/MediaPlayer.java( 1435): Info (704,0)
D/MediaPlayerService(  744): [8] notify (0x522e8, 200, 704, 0)
D/MstarPlayer(  744): percent: 0
W/MediaPlayer( 1435): info/warning (704, 0)
I/MediaPlayer.java( 1435): Info (704,0)
D/MediaPlayerService(  744): [8] notify (0x522e8, 200, 704, 0)
D/MstarPlayer(  744): percent: 0
W/MediaPlayer( 1435): info/warning (704, 0)
I/MediaPlayer.java( 1435): Info (704,0)
D/MediaPlayerService(  744): [8] notify (0x522e8, 200, 704, 0)
D/MstarPlayer(  744): percent: 0
W/MediaPlayer( 1435): info/warning (704, 0)
I/MediaPlayer.java( 1435): Info (704,0)
D/MediaPlayerService(  744): [8] notify (0x522e8, 200, 704, 0)
D/MstarPlayer(  744): percent: 0
W/MediaPlayer( 1435): info/warning (704, 0)
I/MediaPlayer.java( 1435): Info (704,0)
D/dalvikvm( 1505): GC_CONCURRENT freed 404K, 77% free 1411K/6019K, paused 1ms+1ms
D/MediaPlayerService(  744): [8] notify (0x522e8, 200, 704, 0)
D/MstarPlayer(  744): percent: 0
W/MediaPlayer( 1435): info/warning (704, 0)
I/MediaPlayer.java( 1435): Info (704,0)
D/MediaPlayerService(  744): [8] notify (0x522e8, 200, 704, 0)
D/MstarPlayer(  744): percent: 0
W/MediaPlayer( 1435): info/warning (704, 0)
I/MediaPlayer.java( 1435): Info (704,0)
D/MediaPlayerService(  744): [8] notify (0x522e8, 200, 704, 0)
D/MstarPlayer(  744): percent: 0
W/MediaPlayer( 1435): info/warning (704, 0)
I/MediaPlayer.java( 1435): Info (704,0)
D/dalvikvm( 1505): GC_CONCURRENT freed 490K, 79% free 1314K/6019K, paused 1ms+1ms
D/MediaPlayerService(  744): [8] notify (0x522e8, 200, 704, 0)
D/MstarPlayer(  744): percent: 0
W/MediaPlayer( 1435): info/warning (704, 0)
I/MediaPlayer.java( 1435): Info (704,0)
I//lib/ld-linux.so.3(  748): FrmCnt:1404(1,189,91) Rate:5 Sys:2247207 STC:366270 VPTS:365320 APTS:365404 Delay:-910(40) V:0 A:0 VES:0xf70 AES:0x0 PCM:0x0 AudioErr:0x2
D/MediaPlayerService(  744): [8] notify (0x522e8, 200, 704, 0)
D/MstarPlayer(  744): percent: 0
W/MediaPlayer( 1435): info/warning (704, 0)
I/MediaPlayer.java( 1435): Info (704,0)
D/MediaPlayerService(  744): [8] notify (0x522e8, 200, 704, 0)
D/MstarPlayer(  744): percent: 0
W/MediaPlayer( 1435): info/warning (704, 0)
I/MediaPlayer.java( 1435): Info (704,0)
D/dalvikvm( 1505): GC_CONCURRENT freed 395K, 79% free 1314K/6019K, paused 1ms+1ms
D/MediaPlayerService(  744): [8] notify (0x522e8, 200, 704, 0)
D/MstarPlayer(  744): percent: 0
W/MediaPlayer( 1435): info/warning (704, 0)
I/MediaPlayer.java( 1435): Info (704,0)
D/MediaPlayerService(  744): [8] notify (0x522e8, 200, 704, 0)
D/MstarPlayer(  744): percent: 0
W/MediaPlayer( 1435): info/warning (704, 0)
I/MediaPlayer.java( 1435): Info (704,0)
D/MediaPlayerService(  744): [8] notify (0x522e8, 200, 704, 0)
D/MstarPlayer(  744): percent: 0
W/MediaPlayer( 1435): info/warning (704, 0)
I/MediaPlayer.java( 1435): Info (704,0)
D/MediaPlayerService(  744): [8] notify (0x522e8, 200, 704, 0)
D/MstarPlayer(  744): percent: 0
W/MediaPlayer( 1435): info/warning (704, 0)
I/MediaPlayer.java( 1435): Info (704,0)
D/dalvikvm( 1505): GC_CONCURRENT freed 394K, 77% free 1396K/6019K, paused 1ms+1ms
D/MediaPlayerService(  744): [8] notify (0x522e8, 200, 704, 0)
D/MstarPlayer(  744): percent: 0
W/MediaPlayer( 1435): info/warning (704, 0)
I/MediaPlayer.java( 1435): Info (704,0)
D/MediaPlayerService(  744): [8] notify (0x522e8, 200, 704, 0)
D/MstarPlayer(  744): percent: 0
W/MediaPlayer( 1435): info/warning (704, 0)
I/MediaPlayer.java( 1435): Info (704,0)
D/MediaPlayerService(  744): [8] notify (0x522e8, 200, 704, 0)
D/MstarPlayer(  744): percent: 0
W/MediaPlayer( 1435): info/warning (704, 0)
I/MediaPlayer.java( 1435): Info (704,0)
D/MediaPlayerService(  744): [8] notify (0x522e8, 200, 704, 0)
D/MstarPlayer(  744): percent: 0
W/MediaPlayer( 1435): info/warning (704, 0)
I/MediaPlayer.java( 1435): Info (704,0)
D/MediaPlayerService(  744): [8] notify (0x522e8, 200, 704, 0)
D/MstarPlayer(  744): percent: 0
W/MediaPlayer( 1435): info/warning (704, 0)
I/MediaPlayer.java( 1435): Info (704,0)
D/dalvikvm( 1505): GC_CONCURRENT freed 485K, 77% free 1411K/6019K, paused 1ms+1ms
D/MediaPlayerService(  744): [8] notify (0x522e8, 200, 704, 0)
D/MstarPlayer(  744): percent: 0
W/MediaPlayer( 1435): info/warning (704, 0)
I/MediaPlayer.java( 1435): Info (704,0)
D/MediaPlayerService(  744): [8] notify (0x522e8, 200, 704, 0)
D/MstarPlayer(  744): percent: 0
W/MediaPlayer( 1435): info/warning (704, 0)
I/MediaPlayer.java( 1435): Info (704,0)
D/MediaPlayerService(  744): [8] notify (0x522e8, 200, 704, 0)
D/MstarPlayer(  744): percent: 0
W/MediaPlayer( 1435): info/warning (704, 0)
I/MediaPlayer.java( 1435): Info (704,0)
D/MediaPlayerService(  744): [8] notify (0x522e8, 200, 704, 0)
D/MstarPlayer(  744): percent: 0
W/MediaPlayer( 1435): info/warning (704, 0)
I/MediaPlayer.java( 1435): Info (704,0)
D/MediaPlayerService(  744): [8] notify (0x522e8, 200, 704, 0)
D/MstarPlayer(  744): percent: 0
W/MediaPlayer( 1435): info/warning (704, 0)
I/MediaPlayer.java( 1435): Info (704,0)
D/MediaPlayerService(  744): [8] notify (0x522e8, 200, 704, 7)
D/MstarPlayer(  744): percent: 7
W/MediaPlayer( 1435): info/warning (704, 7)
I/MediaPlayer.java( 1435): Info (704,7)
D/DataSource_M3U8(  744): 
D/DataSource_M3U8(  744):  Warnig::  getValidBufferLength()  <  Codec require !!!
D/MediaPlayerService(  744): [8] notify (0x522e8, 200, 704, 7)
D/MstarPlayer(  744): percent: 7
W/MediaPlayer( 1435): info/warning (704, 7)
I/MediaPlayer.java( 1435): Info (704,7)
D/MediaPlayerService(  744): [8] notify (0x522e8, 200, 704, 7)
D/MstarPlayer(  744): percent: 7
W/MediaPlayer( 1435): info/warning (704, 7)
I/MediaPlayer.java( 1435): Info (704,7)
D/MediaPlayerService(  744): [8] notify (0x522e8, 200, 704, 7)
D/MstarPlayer(  744): percent: 7
W/MediaPlayer( 1435): info/warning (704, 7)
I/MediaPlayer.java( 1435): Info (704,7)
I//lib/ld-linux.so.3(  748): Old STC: 0x00059a9b, PTS: 0x000593b7, Diff: 0x000006e4
D/MediaPlayerService(  744): [8] notify (0x522e8, 200, 704, 7)
D/MstarPlayer(  744): percent: 7
W/MediaPlayer( 1435): info/warning (704, 7)
I/MediaPlayer.java( 1435): Info (704,7)
D/MediaPlayerService(  744): [8] notify (0x522e8, 200, 704, 7)
D/MstarPlayer(  744): percent: 7
W/MediaPlayer( 1435): info/warning (704, 7)
I/MediaPlayer.java( 1435): Info (704,7)
D/MediaPlayerService(  744): [8] notify (0x522e8, 200, 704, 7)
D/MstarPlayer(  744): percent: 7
W/MediaPlayer( 1435): info/warning (704, 7)
I/MediaPlayer.java( 1435): Info (704,7)
D/MediaPlayerService(  744): [8] notify (0x522e8, 200, 704, 7)
D/MstarPlayer(  744): percent: 7
W/MediaPlayer( 1435): info/warning (704, 7)
I/MediaPlayer.java( 1435): Info (704,7)
D/MediaPlayerService(  744): [8] notify (0x522e8, 200, 704, 7)
D/MstarPlayer(  744): percent: 7
W/MediaPlayer( 1435): info/warning (704, 7)
I/MediaPlayer.java( 1435): Info (704,7)
D/dalvikvm( 1505): GC_CONCURRENT freed 489K, 77% free 1398K/6019K, paused 0ms+1ms
D/MediaPlayerService(  744): [8] notify (0x522e8, 200, 704, 7)
D/MstarPlayer(  744): percent: 7
W/MediaPlayer( 1435): info/warning (704, 7)
I/MediaPlayer.java( 1435): Info (704,7)
D/MediaPlayerService(  744): [8] notify (0x522e8, 200, 704, 7)
D/MstarPlayer(  744): percent: 7
W/MediaPlayer( 1435): info/warning (704, 7)
I/MediaPlayer.java( 1435): Info (704,7)
D/MediaPlayerService(  744): [8] notify (0x522e8, 200, 704, 7)
D/MstarPlayer(  744): percent: 7
W/MediaPlayer( 1435): info/warning (704, 7)
I/MediaPlayer.java( 1435): Info (704,7)
D/dalvikvm( 1505): GC_CONCURRENT freed 474K, 78% free 1361K/6019K, paused 1ms+1ms
D/MediaPlayerService(  744): [8] notify (0x522e8, 200, 704, 7)
D/MstarPlayer(  744): percent: 7
W/MediaPlayer( 1435): info/warning (704, 7)
I/MediaPlayer.java( 1435): Info (704,7)
D/MediaPlayerService(  744): [8] notify (0x522e8, 200, 704, 7)
D/MstarPlayer(  744): percent: 7
W/MediaPlayer( 1435): info/warning (704, 7)
I/MediaPlayer.java( 1435): Info (704,7)
I//lib/ld-linux.so.3(  748): FrmCnt:1427(1,191,94) Rate:15 Sys:2248733 STC:366032 VPTS:366040 APTS:366030 Delay:48(40) V:0 A:0 VES:0x21050 AES:0x0 PCM:0x39780 AudioErr:0x2
D/MediaPlayerService(  744): [8] notify (0x522e8, 200, 704, 7)
D/MstarPlayer(  744): percent: 7
W/MediaPlayer( 1435): info/warning (704, 7)
I/MediaPlayer.java( 1435): Info (704,7)
D/MediaPlayerService(  744): [8] notify (0x522e8, 200, 704, 7)
D/MstarPlayer(  744): percent: 7
W/MediaPlayer( 1435): info/warning (704, 7)
I/MediaPlayer.java( 1435): Info (704,7)
D/MediaPlayerService(  744): [8] notify (0x522e8, 200, 704, 7)
D/MstarPlayer(  744): percent: 7
W/MediaPlayer( 1435): info/warning (704, 7)
I/MediaPlayer.java( 1435): Info (704,7)
D/dalvikvm( 1505): GC_CONCURRENT freed 445K, 77% free 1413K/6019K, paused 1ms+1ms
D/MediaPlayerService(  744): [8] notify (0x522e8, 200, 704, 7)
D/MstarPlayer(  744): percent: 7
W/MediaPlayer( 1435): info/warning (704, 7)
I/MediaPlayer.java( 1435): Info (704,7)
D/MediaPlayerService(  744): [8] notify (0x522e8, 200, 704, 7)
W/MediaPlayer( 1435): info/warning (704, 7)
I/MediaPlayer.java( 1435): Info (704,7)
D/MstarPlayer(  744): percent: 7
D/MediaPlayerService(  744): [8] notify (0x522e8, 200, 704, 7)
D/MstarPlayer(  744): percent: 7
W/MediaPlayer( 1435): info/warning (704, 7)
I/MediaPlayer.java( 1435): Info (704,7)
D/dalvikvm( 1505): GC_CONCURRENT freed 491K, 77% free 1421K/6019K, paused 0ms+1ms
D/MediaPlayerService(  744): [8] notify (0x522e8, 200, 704, 7)
D/MstarPlayer(  744): percent: 7
W/MediaPlayer( 1435): info/warning (704, 7)
I/MediaPlayer.java( 1435): Info (704,7)
D/DataSource_M3U8(  744): 
D/DataSource_M3U8(  744):  Warnig::  getValidBufferLength()  <  Codec require !!!
D/MediaPlayerService(  744): [8] notify (0x522e8, 200, 704, 7)
D/MstarPlayer(  744): percent: 7
W/MediaPlayer( 1435): info/warning (704, 7)
I/MediaPlayer.java( 1435): Info (704,7)
D/MediaPlayerService(  744): [8] notify (0x522e8, 200, 704, 7)
D/MstarPlayer(  744): percent: 7
W/MediaPlayer( 1435): info/warning (704, 7)
I/MediaPlayer.java( 1435): Info (704,7)
D/dalvikvm( 1505): GC_CONCURRENT freed 503K, 79% free 1302K/6019K, paused 1ms+2ms
D/MediaPlayerService(  744): [8] notify (0x522e8, 200, 704, 7)
D/MstarPlayer(  744): percent: 7
W/MediaPlayer( 1435): info/warning (704, 7)
I/MediaPlayer.java( 1435): Info (704,7)
D/MediaPlayerService(  744): [8] notify (0x522e8, 200, 704, 7)
D/MstarPlayer(  744): percent: 7
W/MediaPlayer( 1435): info/warning (704, 7)
I/MediaPlayer.java( 1435): Info (704,7)
D/MediaPlayerService(  744): [8] notify (0x522e8, 200, 704, 7)
D/MstarPlayer(  744): percent: 7
W/MediaPlayer( 1435): info/warning (704, 7)
I/MediaPlayer.java( 1435): Info (704,7)
D/MediaPlayerService(  744): [8] notify (0x522e8, 200, 704, 7)
D/MstarPlayer(  744): percent: 7
W/MediaPlayer( 1435): info/warning (704, 7)
I/MediaPlayer.java( 1435): Info (704,7)
D/MediaPlayerService(  744): [8] notify (0x522e8, 200, 704, 7)
D/MstarPlayer(  744): percent: 7
W/MediaPlayer( 1435): info/warning (704, 7)
I/MediaPlayer.java( 1435): Info (704,7)
D/MediaPlayerService(  744): [8] notify (0x522e8, 200, 704, 7)
D/MstarPlayer(  744): percent: 7
W/MediaPlayer( 1435): info/warning (704, 7)
I/MediaPlayer.java( 1435): Info (704,7)
D/MediaPlayerService(  744): [8] notify (0x522e8, 200, 704, 7)
D/MstarPlayer(  744): percent: 7
W/MediaPlayer( 1435): info/warning (704, 7)
I/MediaPlayer.java( 1435): Info (704,7)
D/MediaPlayerService(  744): [8] notify (0x522e8, 200, 704, 7)
D/MstarPlayer(  744): percent: 7
W/MediaPlayer( 1435): info/warning (704, 7)
I/MediaPlayer.java( 1435): Info (704,7)
D/MediaPlayerService(  744): [8] notify (0x522e8, 200, 704, 7)
D/MstarPlayer(  744): percent: 7
W/MediaPlayer( 1435): info/warning (704, 7)
I/MediaPlayer.java( 1435): Info (704,7)
D/MediaPlayerService(  744): [8] notify (0x522e8, 200, 704, 7)
D/MstarPlayer(  744): percent: 7
W/MediaPlayer( 1435): info/warning (704, 7)
I/MediaPlayer.java( 1435): Info (704,7)
D/MediaPlayerService(  744): [8] notify (0x522e8, 200, 704, 7)
D/MstarPlayer(  744): percent: 7
W/MediaPlayer( 1435): info/warning (704, 7)
I/MediaPlayer.java( 1435): Info (704,7)
D/MediaPlayerService(  744): [8] notify (0x522e8, 200, 704, 7)
D/MstarPlayer(  744): percent: 7
W/MediaPlayer( 1435): info/warning (704, 7)
I/MediaPlayer.java( 1435): Info (704,7)
D/MediaPlayerService(  744): [8] notify (0x522e8, 200, 704, 7)
D/MstarPlayer(  744): percent: 7
W/MediaPlayer( 1435): info/warning (704, 7)
I/MediaPlayer.java( 1435): Info (704,7)
D/MediaPlayerService(  744): [8] notify (0x522e8, 200, 704, 7)
D/MstarPlayer(  744): percent: 7
W/MediaPlayer( 1435): info/warning (704, 7)
I/MediaPlayer.java( 1435): Info (704,7)
D/MediaPlayerService(  744): [8] notify (0x522e8, 200, 704, 7)
D/MstarPlayer(  744): percent: 7
W/MediaPlayer( 1435): info/warning (704, 7)
I/MediaPlayer.java( 1435): Info (704,7)
D/MediaPlayerService(  744): [8] notify (0x522e8, 200, 704, 7)
D/MstarPlayer(  744): percent: 7
W/MediaPlayer( 1435): info/warning (704, 7)
I/MediaPlayer.java( 1435): Info (704,7)
D/MediaPlayerService(  744): [8] notify (0x522e8, 200, 704, 7)
D/MstarPlayer(  744): percent: 7
W/MediaPlayer( 1435): info/warning (704, 7)
I/MediaPlayer.java( 1435): Info (704,7)
D/MediaPlayerService(  744): [8] notify (0x522e8, 200, 704, 7)
D/MstarPlayer(  744): percent: 7
W/MediaPlayer( 1435): info/warning (704, 7)
I/MediaPlayer.java( 1435): Info (704,7)
D/DataSource_M3U8(  744): 
D/DataSource_M3U8(  744):  Warnig::  getValidBufferLength()  <  Codec require !!!
D/MediaPlayerService(  744): [8] notify (0x522e8, 200, 704, 7)
D/MstarPlayer(  744): percent: 7
W/MediaPlayer( 1435): info/warning (704, 7)
I/MediaPlayer.java( 1435): Info (704,7)
D/MediaPlayerService(  744): [8] notify (0x522e8, 200, 704, 7)
D/MstarPlayer(  744): percent: 7
W/MediaPlayer( 1435): info/warning (704, 7)
I/MediaPlayer.java( 1435): Info (704,7)
D/MediaPlayerService(  744): [8] notify (0x522e8, 200, 704, 7)
D/MstarPlayer(  744): percent: 7
W/MediaPlayer( 1435): info/warning (704, 7)
I/MediaPlayer.java( 1435): Info (704,7)
I//lib/ld-linux.so.3(  748): FrmCnt:1465(1,191,94) Rate:24 Sys:2250264 STC:367563 VPTS:367560 APTS:367558 Delay:37(40) V:0 A:0 VES:0x1ceb0 AES:0x0 PCM:0x2df00 AudioErr:0x2
D/MediaPlayerService(  744): [8] notify (0x522e8, 200, 704, 7)
D/MstarPlayer(  744): percent: 7
W/MediaPlayer( 1435): info/warning (704, 7)
I/MediaPlayer.java( 1435): Info (704,7)
D/MediaPlayerService(  744): [8] notify (0x522e8, 200, 704, 7)
D/MstarPlayer(  744): percent: 7
W/MediaPlayer( 1435): info/warning (704, 7)
I/MediaPlayer.java( 1435): Info (704,7)
D/MediaPlayerService(  744): [8] notify (0x522e8, 200, 704, 7)
D/MstarPlayer(  744): percent: 7
W/MediaPlayer( 1435): info/warning (704, 7)
I/MediaPlayer.java( 1435): Info (704,7)
D/MediaPlayerService(  744): [8] notify (0x522e8, 200, 704, 7)
D/MstarPlayer(  744): percent: 7
W/MediaPlayer( 1435): info/warning (704, 7)
I/MediaPlayer.java( 1435): Info (704,7)
D/MediaPlayerService(  744): [8] notify (0x522e8, 200, 704, 7)
D/MstarPlayer(  744): percent: 7
W/MediaPlayer( 1435): info/warning (704, 7)
I/MediaPlayer.java( 1435): Info (704,7)
D/MediaPlayerService(  744): [8] notify (0x522e8, 200, 704, 7)
D/MstarPlayer(  744): percent: 7
W/MediaPlayer( 1435): info/warning (704, 7)
I/MediaPlayer.java( 1435): Info (704,7)
D/MediaPlayerService(  744): [8] notify (0x522e8, 200, 704, 7)
D/MstarPlayer(  744): percent: 7
W/MediaPlayer( 1435): info/warning (704, 7)
I/MediaPlayer.java( 1435): Info (704,7)
D/MediaPlayerService(  744): [8] notify (0x522e8, 200, 704, 7)
D/MstarPlayer(  744): percent: 7
W/MediaPlayer( 1435): info/warning (704, 7)
I/MediaPlayer.java( 1435): Info (704,7)
D/MediaPlayerService(  744): [8] notify (0x522e8, 200, 704, 7)
D/MstarPlayer(  744): percent: 7
W/MediaPlayer( 1435): info/warning (704, 7)
I/MediaPlayer.java( 1435): Info (704,7)
D/MediaPlayerService(  744): [8] notify (0x522e8, 200, 704, 7)
D/MstarPlayer(  744): percent: 7
W/MediaPlayer( 1435): info/warning (704, 7)
I/MediaPlayer.java( 1435): Info (704,7)
D/Downloader(  744): Downloadserver bandWidth:857719
D/Downloader(  744): Downloadserver bandWidth:857719
D/Downloader(  744): Downloadserver bandWidth:857651
D/Downloader(  744): Downloadserver bandWidth:857651
D/MediaPlayerService(  744): [8] notify (0x522e8, 200, 704, 7)
D/MstarPlayer(  744): percent: 7
W/MediaPlayer( 1435): info/warning (704, 7)
I/MediaPlayer.java( 1435): Info (704,7)
D/MediaPlayerService(  744): [8] notify (0x522e8, 200, 704, 7)
D/MstarPlayer(  744): percent: 7
W/MediaPlayer( 1435): info/warning (704, 7)
I/MediaPlayer.java( 1435): Info (704,7)
D/MediaPlayerService(  744): [8] notify (0x522e8, 200, 704, 7)
D/MstarPlayer(  744): percent: 7
W/MediaPlayer( 1435): info/warning (704, 7)
I/MediaPlayer.java( 1435): Info (704,7)
D/MediaPlayerService(  744): [8] notify (0x522e8, 200, 704, 7)
D/MstarPlayer(  744): percent: 7
W/MediaPlayer( 1435): info/warning (704, 7)
I/MediaPlayer.java( 1435): Info (704,7)
D/MediaPlayerService(  744): [8] notify (0x522e8, 200, 704, 7)
D/MstarPlayer(  744): percent: 7
W/MediaPlayer( 1435): info/warning (704, 7)
I/MediaPlayer.java( 1435): Info (704,7)
D/MediaPlayerService(  744): [8] notify (0x522e8, 200, 704, 7)
D/MstarPlayer(  744): percent: 7
W/MediaPlayer( 1435): info/warning (704, 7)
I/MediaPlayer.java( 1435): Info (704,7)
D/DataSource_M3U8(  744): u32HLSSreamNum[0]===>u32BandWidth:1200000 
D/DataSource_M3U8(  744): getHLSPlayListInex  DownloadBandWidth:857651   uInDex=0
D/DataSource_M3U8(  744): [M3U8] checkShouldStartNext :[61](1361308/1361308)   sequence:0  start next:62  
D/DataSource_M3U8(  744): 
D/DataSource_M3U8(  744): 
D/DataSource_M3U8(  744): 
D/DataSource_M3U8(  744): [M3U8]-7----->This :0x30fd0 --> post cmd for start next url:http://cibn-iss1.longvisionmedia.com:8088/vod/CIBN2013_CIBN2113040100001913_12001300/62.ts, knowedFileSize:0, mCurDowningIndex:61
D/DataSource_M3U8(  744): 
D/DataSource_M3U8(  744): 
D/Downloader(  744): [downloadThread]Downloader::removeTask  
D/Downloader(  744): [downloadThread]task have range string:0- 
D/MediaPlayerService(  744): [8] notify (0x522e8, 200, 704, 7)
D/MstarPlayer(  744): percent: 7
W/MediaPlayer( 1435): info/warning (704, 7)
I/MediaPlayer.java( 1435): Info (704,7)
D/DataSource_M3U8(  744): 
D/DataSource_M3U8(  744):  Warnig::  getValidBufferLength()  <  Codec require !!!
D/MediaPlayerService(  744): [8] notify (0x522e8, 200, 704, 7)
D/MstarPlayer(  744): percent: 7
W/MediaPlayer( 1435): info/warning (704, 7)
I/MediaPlayer.java( 1435): Info (704,7)
D/MediaPlayerService(  744): [8] notify (0x522e8, 200, 704, 7)
D/MstarPlayer(  744): percent: 7
W/MediaPlayer( 1435): info/warning (704, 7)
I/MediaPlayer.java( 1435): Info (704,7)
D/MediaPlayerService(  744): [8] notify (0x522e8, 200, 704, 7)
D/MstarPlayer(  744): percent: 7
W/MediaPlayer( 1435): info/warning (704, 7)
I/MediaPlayer.java( 1435): Info (704,7)
D/MediaPlayerService(  744): [8] notify (0x522e8, 200, 704, 7)
D/MstarPlayer(  744): percent: 7
W/MediaPlayer( 1435): info/warning (704, 7)
I/MediaPlayer.java( 1435): Info (704,7)
D/MediaPlayerService(  744): [8] notify (0x522e8, 200, 704, 7)
D/MstarPlayer(  744): percent: 7
W/MediaPlayer( 1435): info/warning (704, 7)
I/MediaPlayer.java( 1435): Info (704,7)
D/MediaPlayerService(  744): [8] notify (0x522e8, 200, 704, 7)
D/MstarPlayer(  744): percent: 7
W/MediaPlayer( 1435): info/warning (704, 7)
I/MediaPlayer.java( 1435): Info (704,7)
D/Downloader(  744): Content-Length: 172
D/Downloader(  744): 
D/Downloader(  744): Downloadserver bandWidth:4144
D/Downloader(  744): Downloadserver bandWidth:4144
D/Downloader(  744): Downloadserver bandWidth:4144
D/Downloader(  744): Downloadserver bandWidth:4132
D/MediaPlayerService(  744): [8] notify (0x522e8, 200, 704, 7)
D/MstarPlayer(  744): percent: 7
W/MediaPlayer( 1435): info/warning (704, 7)
I/MediaPlayer.java( 1435): Info (704,7)
D/MediaPlayerService(  744): [8] notify (0x522e8, 200, 704, 7)
D/MstarPlayer(  744): percent: 7
W/MediaPlayer( 1435): info/warning (704, 7)
I/MediaPlayer.java( 1435): Info (704,7)
D/MediaPlayerService(  744): [8] notify (0x522e8, 200, 704, 7)
D/MstarPlayer(  744): percent: 7
W/MediaPlayer( 1435): info/warning (704, 7)
I/MediaPlayer.java( 1435): Info (704,7)
D/DataSource_M3U8(  744): ----------UpdatePlaylistThread runing... 
D/DataSource_M3U8(  744): u32HLSSreamNum[0]===>u32BandWidth:1200000 
D/DataSource_M3U8(  744): getHLSPlayListInex  DownloadBandWidth:4132   uInDex=0
D/DataSource_M3U8(  744): [M3U8] checkShouldStartNext :[62](172/172)   sequence:0  start next:63  
D/DataSource_M3U8(  744): 
D/DataSource_M3U8(  744): 
D/DataSource_M3U8(  744): 
D/DataSource_M3U8(  744): [M3U8]-7----->This :0x30fd0 --> post cmd for start next url:http://cibn-iss1.longvisionmedia.com:8088/vod/CIBN2013_CIBN2113040100001913_12001300/63.ts, knowedFileSize:0, mCurDowningIndex:62
D/DataSource_M3U8(  744): 
D/DataSource_M3U8(  744): 
D/Downloader(  744): [downloadThread]Downloader::removeTask  
D/Downloader(  744): [downloadThread]task have range string:0- 
D/MediaPlayerService(  744): [8] notify (0x522e8, 200, 704, 7)
D/MstarPlayer(  744): percent: 7
W/MediaPlayer( 1435): info/warning (704, 7)
I/MediaPlayer.java( 1435): Info (704,7)
D/MediaPlayerService(  744): [8] notify (0x522e8, 200, 704, 7)
D/MstarPlayer(  744): percent: 7
W/MediaPlayer( 1435): info/warning (704, 7)
I/MediaPlayer.java( 1435): Info (704,7)
D/MediaPlayerService(  744): [8] notify (0x522e8, 200, 704, 7)
W/MediaPlayer( 1435): info/warning (704, 7)
D/MstarPlayer(  744): percent: 7
I/MediaPlayer.java( 1435): Info (704,7)
D/MediaPlayerService(  744): [8] notify (0x522e8, 200, 704, 7)
W/MediaPlayer( 1435): info/warning (704, 7)
D/MstarPlayer(  744): percent: 7
I/MediaPlayer.java( 1435): Info (704,7)
D/MediaPlayerService(  744): [8] notify (0x522e8, 200, 704, 7)
I//lib/ld-linux.so.3(  748): FrmCnt:1497(1,191,96) Rate:20 Sys:2251790 STC:369089 VPTS:368880 APTS:369082 Delay:-169(40) V:0 A:0 VES:0x1320 AES:0x0 PCM:0x1680 AudioErr:0x2
W/MediaPlayer( 1435): info/warning (704, 7)
D/MstarPlayer(  744): percent: 7
I/MediaPlayer.java( 1435): Info (704,7)
D/MediaPlayerService(  744): [8] notify (0x522e8, 200, 704, 7)
W/MediaPlayer( 1435): info/warning (704, 7)
D/MstarPlayer(  744): percent: 7
I/MediaPlayer.java( 1435): Info (704,7)
D/MediaPlayerService(  744): [8] notify (0x522e8, 200, 704, 7)
W/MediaPlayer( 1435): info/warning (704, 7)
D/MstarPlayer(  744): percent: 7
I/MediaPlayer.java( 1435): Info (704,7)
D/MediaPlayerService(  744): [8] notify (0x522e8, 200, 704, 7)
W/MediaPlayer( 1435): info/warning (704, 7)
D/MstarPlayer(  744): percent: 7
I/MediaPlayer.java( 1435): Info (704,7)
D/MediaPlayerService(  744): [8] notify (0x522e8, 200, 704, 7)
W/MediaPlayer( 1435): info/warning (704, 7)
D/MstarPlayer(  744): percent: 7
I/MediaPlayer.java( 1435): Info (704,7)
D/MediaPlayerService(  744): [8] notify (0x522e8, 200, 704, 7)
W/MediaPlayer( 1435): info/warning (704, 7)
D/MstarPlayer(  744): percent: 7
I/MediaPlayer.java( 1435): Info (704,7)
D/MediaPlayerService(  744): [8] notify (0x522e8, 200, 704, 7)
W/MediaPlayer( 1435): info/warning (704, 7)
D/MstarPlayer(  744): percent: 7
I/MediaPlayer.java( 1435): Info (704,7)
D/DataSource_M3U8(  744): 
D/DataSource_M3U8(  744):  Warnig::  getValidBufferLength()  <  Codec require !!!
D/MediaPlayerService(  744): [8] notify (0x522e8, 200, 704, 7)
W/MediaPlayer( 1435): info/warning (704, 7)
D/MstarPlayer(  744): percent: 7
I/MediaPlayer.java( 1435): Info (704,7)
D/MediaPlayerService(  744): [8] notify (0x522e8, 200, 704, 7)
W/MediaPlayer( 1435): info/warning (704, 7)
D/MstarPlayer(  744): percent: 7
I/MediaPlayer.java( 1435): Info (704,7)
D/MediaPlayerService(  744): [8] notify (0x522e8, 200, 704, 7)
W/MediaPlayer( 1435): info/warning (704, 7)
D/MstarPlayer(  744): percent: 7
I/MediaPlayer.java( 1435): Info (704,7)
D/MediaPlayerService(  744): [8] notify (0x522e8, 200, 704, 7)
W/MediaPlayer( 1435): info/warning (704, 7)
D/MstarPlayer(  744): percent: 7
I/MediaPlayer.java( 1435): Info (704,7)
D/MediaPlayerService(  744): [8] notify (0x522e8, 200, 704, 7)
W/MediaPlayer( 1435): info/warning (704, 7)
D/MstarPlayer(  744): percent: 7
I/MediaPlayer.java( 1435): Info (704,7)
D/MediaPlayerService(  744): [8] notify (0x522e8, 200, 704, 7)
W/MediaPlayer( 1435): info/warning (704, 7)
D/MstarPlayer(  744): percent: 7
I/MediaPlayer.java( 1435): Info (704,7)
D/MediaPlayerService(  744): [8] notify (0x522e8, 200, 704, 7)
W/MediaPlayer( 1435): info/warning (704, 7)
D/MstarPlayer(  744): percent: 7
I/MediaPlayer.java( 1435): Info (704,7)
D/MediaPlayerService(  744): [8] notify (0x522e8, 200, 704, 7)
W/MediaPlayer( 1435): info/warning (704, 7)
D/MstarPlayer(  744): percent: 7
I/MediaPlayer.java( 1435): Info (704,7)
D/MediaPlayerService(  744): [8] notify (0x522e8, 200, 704, 7)
W/MediaPlayer( 1435): info/warning (704, 7)
D/MstarPlayer(  744): percent: 7
I/MediaPlayer.java( 1435): Info (704,7)
D/MediaPlayerService(  744): [8] notify (0x522e8, 200, 704, 7)
W/MediaPlayer( 1435): info/warning (704, 7)
D/MstarPlayer(  744): percent: 7
I/MediaPlayer.java( 1435): Info (704,7)
D/Downloader(  744): Content-Length: 172
D/Downloader(  744): 
D/Downloader(  744): Downloadserver bandWidth:1318
D/Downloader(  744): Downloadserver bandWidth:1318
D/Downloader(  744): Downloadserver bandWidth:1318
D/Downloader(  744): Downloadserver bandWidth:1318
D/dalvikvm( 1505): GC_CONCURRENT freed 398K, 79% free 1289K/6019K, paused 1ms+1ms
D/MediaPlayerService(  744): [8] notify (0x522e8, 200, 704, 7)
D/MstarPlayer(  744): percent: 7
W/MediaPlayer( 1435): info/warning (704, 7)
I/MediaPlayer.java( 1435): Info (704,7)
D/MediaPlayerService(  744): [8] notify (0x522e8, 200, 704, 7)
D/MstarPlayer(  744): percent: 7
W/MediaPlayer( 1435): info/warning (704, 7)
I/MediaPlayer.java( 1435): Info (704,7)
D/MediaPlayerService(  744): [8] notify (0x522e8, 200, 704, 7)
D/MstarPlayer(  744): percent: 7
W/MediaPlayer( 1435): info/warning (704, 7)
I/MediaPlayer.java( 1435): Info (704,7)
D/MediaPlayerService(  744): [8] notify (0x522e8, 200, 704, 7)
D/MstarPlayer(  744): percent: 7
W/MediaPlayer( 1435): info/warning (704, 7)
I/MediaPlayer.java( 1435): Info (704,7)
D/MediaPlayerService(  744): [8] notify (0x522e8, 200, 704, 7)
D/MstarPlayer(  744): percent: 7
W/MediaPlayer( 1435): info/warning (704, 7)
I/MediaPlayer.java( 1435): Info (704,7)
D/MediaPlayerService(  744): [8] notify (0x522e8, 200, 704, 7)
D/MstarPlayer(  744): percent: 7
W/MediaPlayer( 1435): info/warning (704, 7)
I/MediaPlayer.java( 1435): Info (704,7)
D/MediaPlayerService(  744): [8] notify (0x522e8, 200, 704, 7)
D/MstarPlayer(  744): percent: 7
W/MediaPlayer( 1435): info/warning (704, 7)
I/MediaPlayer.java( 1435): Info (704,7)
D/MediaPlayerService(  744): [8] notify (0x522e8, 200, 704, 7)
D/MstarPlayer(  744): percent: 7
W/MediaPlayer( 1435): info/warning (704, 7)
I/MediaPlayer.java( 1435): Info (704,7)
D/MediaPlayerService(  744): [8] notify (0x522e8, 200, 704, 7)
D/MstarPlayer(  744): percent: 7
W/MediaPlayer( 1435): info/warning (704, 7)
I/MediaPlayer.java( 1435): Info (704,7)
D/DataSource_M3U8(  744): u32HLSSreamNum[0]===>u32BandWidth:1200000 
D/DataSource_M3U8(  744): getHLSPlayListInex  DownloadBandWidth:1318   uInDex=0
D/DataSource_M3U8(  744): [M3U8] checkShouldStartNext :[63](172/172)   sequence:0  start next:64  
D/DataSource_M3U8(  744): 
D/DataSource_M3U8(  744): 
D/DataSource_M3U8(  744): 
D/DataSource_M3U8(  744): [M3U8]-7----->This :0x30fd0 --> post cmd for start next url:http://cibn-iss1.longvisionmedia.com:8088/vod/CIBN2013_CIBN2113040100001913_12001300/64.ts, knowedFileSize:0, mCurDowningIndex:63
D/DataSource_M3U8(  744): 
D/DataSource_M3U8(  744): 
D/Downloader(  744): [downloadThread]Downloader::removeTask  
D/Downloader(  744): [downloadThread]task have range string:0- 
D/MediaPlayerService(  744): [8] notify (0x522e8, 3, 15, 0)
D/MediaPlayerService(  744): [8] notify (0x522e8, 200, 704, 7)
D/MstarPlayer(  744): percent: 7
W/MediaPlayer( 1435): info/warning (704, 7)
I/MediaPlayer.java( 1435): Info (704,7)
D/DataSource_M3U8(  744): 
D/DataSource_M3U8(  744):  Warnig::  getValidBufferLength()  <  Codec require !!!
D/MediaPlayerService(  744): [8] notify (0x522e8, 200, 704, 7)
D/MstarPlayer(  744): percent: 7
W/MediaPlayer( 1435): info/warning (704, 7)
I/MediaPlayer.java( 1435): Info (704,7)
D/MediaPlayerService(  744): [8] notify (0x522e8, 200, 704, 7)
D/MstarPlayer(  744): percent: 7
W/MediaPlayer( 1435): info/warning (704, 7)
I/MediaPlayer.java( 1435): Info (704,7)
D/MediaPlayerService(  744): [8] notify (0x522e8, 200, 704, 7)
D/MstarPlayer(  744): percent: 7
W/MediaPlayer( 1435): info/warning (704, 7)
I/MediaPlayer.java( 1435): Info (704,7)
I//lib/ld-linux.so.3(  748): FrmCnt:1497(1,191,96) Rate:0 Sys:2253311 STC:370610 VPTS:368880 APTS:369114 Delay:-1690(40) V:0 A:0 VES:0x1320 AES:0x0 PCM:0x0 AudioErr:0x2
D/MediaPlayerService(  744): [8] notify (0x522e8, 200, 704, 7)
D/MstarPlayer(  744): percent: 7
W/MediaPlayer( 1435): info/warning (704, 7)
I/MediaPlayer.java( 1435): Info (704,7)
D/MediaPlayerService(  744): [8] notify (0x522e8, 200, 704, 7)
D/MstarPlayer(  744): percent: 7
W/MediaPlayer( 1435): info/warning (704, 7)
I/MediaPlayer.java( 1435): Info (704,7)
D/dalvikvm( 1505): GC_CONCURRENT freed 364K, 79% free 1324K/6019K, paused 2ms+1ms
D/HomePlayerLib( 1505): hostaddress count is 1
D/MediaPlayerService(  744): [8] notify (0x522e8, 200, 704, 7)
D/MstarPlayer(  744): percent: 7
W/MediaPlayer( 1435): info/warning (704, 7)
I/MediaPlayer.java( 1435): Info (704,7)
D/dalvikvm( 1505): GC_CONCURRENT freed 409K, 79% free 1308K/6019K, paused 1ms+1ms
D/MediaPlayerService(  744): [8] notify (0x522e8, 200, 704, 7)
D/MstarPlayer(  744): percent: 7
W/MediaPlayer( 1435): info/warning (704, 7)
I/MediaPlayer.java( 1435): Info (704,7)
D/dalvikvm( 1505): GC_CONCURRENT freed 378K, 79% free 1324K/6019K, paused 1ms+1ms
D/MediaPlayerService(  744): [8] notify (0x522e8, 200, 704, 7)
D/MstarPlayer(  744): percent: 7
W/MediaPlayer( 1435): info/warning (704, 7)
I/MediaPlayer.java( 1435): Info (704,7)
D/MediaPlayerService(  744): [8] notify (0x522e8, 200, 704, 7)
D/MstarPlayer(  744): percent: 7
W/MediaPlayer( 1435): info/warning (704, 7)
I/MediaPlayer.java( 1435): Info (704,7)
D/dalvikvm( 1505): GC_CONCURRENT freed 390K, 78% free 1327K/6019K, paused 1ms+1ms
D/Downloader(  744): Content-Length: 172
D/Downloader(  744): 
D/Downloader(  744): Downloadserver bandWidth:2677
D/Downloader(  744): Downloadserver bandWidth:2677
D/Downloader(  744): Downloadserver bandWidth:2677
D/Downloader(  744): Downloadserver bandWidth:2677
D/MediaPlayerService(  744): [8] notify (0x522e8, 200, 704, 7)
D/MstarPlayer(  744): percent: 7
W/MediaPlayer( 1435): info/warning (704, 7)
I/MediaPlayer.java( 1435): Info (704,7)
D/dalvikvm( 1505): GC_CONCURRENT freed 400K, 77% free 1423K/6019K, paused 1ms+1ms
D/MediaPlayerService(  744): [8] notify (0x522e8, 200, 704, 7)
D/MstarPlayer(  744): percent: 7
W/MediaPlayer( 1435): info/warning (704, 7)
I/MediaPlayer.java( 1435): Info (704,7)
D/MediaPlayerService(  744): [8] notify (0x522e8, 200, 704, 7)
D/MstarPlayer(  744): percent: 7
W/MediaPlayer( 1435): info/warning (704, 7)
I/MediaPlayer.java( 1435): Info (704,7)
D/MediaPlayerService(  744): [8] notify (0x522e8, 200, 704, 7)
D/MstarPlayer(  744): percent: 7
W/MediaPlayer( 1435): info/warning (704, 7)
I/MediaPlayer.java( 1435): Info (704,7)
D/dalvikvm( 1505): GC_CONCURRENT freed 483K, 78% free 1352K/6019K, paused 1ms+1ms
D/MediaPlayerService(  744): [8] notify (0x522e8, 200, 704, 7)
D/MstarPlayer(  744): percent: 7
W/MediaPlayer( 1435): info/warning (704, 7)
I/MediaPlayer.java( 1435): Info (704,7)
D/dalvikvm( 1505): GC_CONCURRENT freed 409K, 78% free 1335K/6019K, paused 1ms+1ms
D/MediaPlayerService(  744): [8] notify (0x522e8, 200, 704, 7)
D/MstarPlayer(  744): percent: 7
W/MediaPlayer( 1435): info/warning (704, 7)
I/MediaPlayer.java( 1435): Info (704,7)
D/dalvikvm( 1505): GC_CONCURRENT freed 392K, 78% free 1336K/6019K, paused 1ms+1ms
D/MediaPlayerService(  744): [8] notify (0x522e8, 200, 704, 7)
D/MstarPlayer(  744): percent: 7
W/MediaPlayer( 1435): info/warning (704, 7)
I/MediaPlayer.java( 1435): Info (704,7)
D/MediaPlayerService(  744): [8] notify (0x522e8, 200, 704, 7)
D/MstarPlayer(  744): percent: 7
W/MediaPlayer( 1435): info/warning (704, 7)
I/MediaPlayer.java( 1435): Info (704,7)
D/MediaPlayerService(  744): [8] notify (0x522e8, 200, 704, 7)
D/MstarPlayer(  744): percent: 7
W/MediaPlayer( 1435): info/warning (704, 7)
I/MediaPlayer.java( 1435): Info (704,7)
D/dalvikvm( 1505): GC_CONCURRENT freed 394K, 78% free 1383K/6019K, paused 0ms+1ms
D/MediaPlayerService(  744): [8] notify (0x522e8, 200, 704, 7)
D/MstarPlayer(  744): percent: 7
W/MediaPlayer( 1435): info/warning (704, 7)
I/MediaPlayer.java( 1435): Info (704,7)
D/DataSource_M3U8(  744): u32HLSSreamNum[0]===>u32BandWidth:1200000 
D/DataSource_M3U8(  744): getHLSPlayListInex  DownloadBandWidth:2677   uInDex=0
D/DataSource_M3U8(  744): [M3U8] checkShouldStartNext :[64](172/172)   sequence:0  start next:65  
D/DataSource_M3U8(  744): 
D/DataSource_M3U8(  744): 
D/DataSource_M3U8(  744): 
D/DataSource_M3U8(  744): [M3U8]-7----->This :0x30fd0 --> post cmd for start next url:http://cibn-iss1.longvisionmedia.com:8088/vod/CIBN2013_CIBN2113040100001913_12001300/65.ts, knowedFileSize:0, mCurDowningIndex:64
D/DataSource_M3U8(  744): 
D/DataSource_M3U8(  744): 
D/Downloader(  744): [downloadThread]Downloader::removeTask  
D/Downloader(  744): [downloadThread]task have range string:0- 
D/DataSource_M3U8(  744): 
D/DataSource_M3U8(  744):  Warnig::  getValidBufferLength()  <  Codec require !!!
D/MediaPlayerService(  744): [8] notify (0x522e8, 200, 704, 7)
D/MstarPlayer(  744): percent: 7
W/MediaPlayer( 1435): info/warning (704, 7)
I/MediaPlayer.java( 1435): Info (704,7)
D/MediaPlayerService(  744): [8] notify (0x522e8, 200, 704, 7)
D/MstarPlayer(  744): percent: 7
W/MediaPlayer( 1435): info/warning (704, 7)
I/MediaPlayer.java( 1435): Info (704,7)
D/MediaPlayerService(  744): [8] notify (0x522e8, 200, 704, 7)
D/MstarPlayer(  744): percent: 7
W/MediaPlayer( 1435): info/warning (704, 7)
I/MediaPlayer.java( 1435): Info (704,7)
D/MediaPlayerService(  744): [8] notify (0x522e8, 200, 704, 7)
D/MstarPlayer(  744): percent: 7
W/MediaPlayer( 1435): info/warning (704, 7)
I/MediaPlayer.java( 1435): Info (704,7)
D/dalvikvm( 1505): GC_CONCURRENT freed 456K, 79% free 1323K/6019K, paused 1ms+2ms
D/MediaPlayerService(  744): [8] notify (0x522e8, 200, 704, 7)
D/MstarPlayer(  744): percent: 7
W/MediaPlayer( 1435): info/warning (704, 7)
I/MediaPlayer.java( 1435): Info (704,7)
D/MediaPlayerService(  744): [8] notify (0x522e8, 200, 704, 7)
D/MstarPlayer(  744): percent: 7
W/MediaPlayer( 1435): info/warning (704, 7)
I/MediaPlayer.java( 1435): Info (704,7)
D/MediaPlayerService(  744): [8] notify (0x522e8, 200, 704, 7)
D/MstarPlayer(  744): percent: 7
W/MediaPlayer( 1435): info/warning (704, 7)
I/MediaPlayer.java( 1435): Info (704,7)
D/MediaPlayerService(  744): [8] notify (0x522e8, 200, 704, 7)
D/MstarPlayer(  744): percent: 7
W/MediaPlayer( 1435): info/warning (704, 7)
I/MediaPlayer.java( 1435): Info (704,7)
D/MediaPlayerService(  744): [8] notify (0x522e8, 200, 704, 7)
D/MstarPlayer(  744): percent: 7
W/MediaPlayer( 1435): info/warning (704, 7)
I/MediaPlayer.java( 1435): Info (704,7)
D/Downloader(  744): Content-Length: 172
D/Downloader(  744): 
D/Downloader(  744): Downloadserver bandWidth:2915
D/Downloader(  744): Downloadserver bandWidth:2915
D/Downloader(  744): Downloadserver bandWidth:2915
D/Downloader(  744): Downloadserver bandWidth:2915
D/MediaPlayerService(  744): [8] notify (0x522e8, 200, 704, 7)
D/MstarPlayer(  744): percent: 7
W/MediaPlayer( 1435): info/warning (704, 7)
I/MediaPlayer.java( 1435): Info (704,7)
D/DataSource_M3U8(  744): u32HLSSreamNum[0]===>u32BandWidth:1200000 
D/DataSource_M3U8(  744): getHLSPlayListInex  DownloadBandWidth:2915   uInDex=0
D/DataSource_M3U8(  744): [M3U8] checkShouldStartNext :[65](172/172)   sequence:0  start next:66  
D/DataSource_M3U8(  744): 
D/DataSource_M3U8(  744): 
D/DataSource_M3U8(  744): 
D/DataSource_M3U8(  744): [M3U8]-7----->This :0x30fd0 --> post cmd for start next url:http://cibn-iss1.longvisionmedia.com:8088/vod/CIBN2013_CIBN2113040100001913_12001300/66.ts, knowedFileSize:0, mCurDowningIndex:65
D/DataSource_M3U8(  744): 
D/DataSource_M3U8(  744): 
D/Downloader(  744): [downloadThread]Downloader::removeTask  
D/Downloader(  744): [downloadThread]task have range string:0- 
D/MediaPlayerService(  744): [8] notify (0x522e8, 200, 704, 7)
D/MstarPlayer(  744): percent: 7
W/MediaPlayer( 1435): info/warning (704, 7)
I/MediaPlayer.java( 1435): Info (704,7)
D/MediaPlayerService(  744): [8] notify (0x522e8, 200, 704, 7)
D/MstarPlayer(  744): percent: 7
W/MediaPlayer( 1435): info/warning (704, 7)
I/MediaPlayer.java( 1435): Info (704,7)
D/MediaPlayerService(  744): [8] notify (0x522e8, 200, 704, 7)
D/MstarPlayer(  744): percent: 7
W/MediaPlayer( 1435): info/warning (704, 7)
I/MediaPlayer.java( 1435): Info (704,7)
D/MediaPlayerService(  744): [8] notify (0x522e8, 200, 704, 7)
D/MstarPlayer(  744): percent: 7
W/MediaPlayer( 1435): info/warning (704, 7)
I/MediaPlayer.java( 1435): Info (704,7)
I//lib/ld-linux.so.3(  748): FrmCnt:1497(1,191,96) Rate:0 Sys:2254837 STC:372136 VPTS:368880 APTS:369114 Delay:-3216(40) V:0 A:0 VES:0x1320 AES:0x0 PCM:0x0 AudioErr:0x2
D/MediaPlayerService(  744): [8] notify (0x522e8, 200, 704, 7)
D/MstarPlayer(  744): percent: 7
W/MediaPlayer( 1435): info/warning (704, 7)
I/MediaPlayer.java( 1435): Info (704,7)
D/MediaPlayerService(  744): [8] notify (0x522e8, 200, 704, 7)
D/MstarPlayer(  744): percent: 7
W/MediaPlayer( 1435): info/warning (704, 7)
I/MediaPlayer.java( 1435): Info (704,7)
D/MediaPlayerService(  744): [8] notify (0x522e8, 200, 704, 7)
D/MstarPlayer(  744): percent: 7
W/MediaPlayer( 1435): info/warning (704, 7)
I/MediaPlayer.java( 1435): Info (704,7)
D/MediaPlayerService(  744): [8] notify (0x522e8, 200, 704, 7)
D/MstarPlayer(  744): percent: 7
W/MediaPlayer( 1435): info/warning (704, 7)
I/MediaPlayer.java( 1435): Info (704,7)
D/MediaPlayerService(  744): [8] notify (0x522e8, 200, 704, 7)
D/MstarPlayer(  744): percent: 7
W/MediaPlayer( 1435): info/warning (704, 7)
I/MediaPlayer.java( 1435): Info (704,7)
D/MediaPlayerService(  744): [8] notify (0x522e8, 200, 704, 7)
D/MstarPlayer(  744): percent: 7
W/MediaPlayer( 1435): info/warning (704, 7)
I/MediaPlayer.java( 1435): Info (704,7)
D/DataSource_M3U8(  744): 
D/DataSource_M3U8(  744):  Warnig::  getValidBufferLength()  <  Codec require !!!
D/MediaPlayerService(  744): [8] notify (0x522e8, 200, 704, 7)
D/MstarPlayer(  744): percent: 7
W/MediaPlayer( 1435): info/warning (704, 7)
I/MediaPlayer.java( 1435): Info (704,7)
D/MediaPlayerService(  744): [8] notify (0x522e8, 200, 704, 7)
D/MstarPlayer(  744): percent: 7
W/MediaPlayer( 1435): info/warning (704, 7)
I/MediaPlayer.java( 1435): Info (704,7)
D/MediaPlayerService(  744): [8] notify (0x522e8, 200, 704, 7)
D/MstarPlayer(  744): percent: 7
W/MediaPlayer( 1435): info/warning (704, 7)
I/MediaPlayer.java( 1435): Info (704,7)
I//lib/ld-linux.so.3(  748): Old STC: 0x0005af6f, PTS: 0x0005fe13, Diff: 0x00004ea4
D/MediaPlayerService(  744): [8] notify (0x522e8, 200, 704, 7)
D/MstarPlayer(  744): percent: 7
W/MediaPlayer( 1435): info/warning (704, 7)
I/MediaPlayer.java( 1435): Info (704,7)
D/MediaPlayerService(  744): [8] notify (0x522e8, 200, 704, 7)
D/MstarPlayer(  744): percent: 7
W/MediaPlayer( 1435): info/warning (704, 7)
I/MediaPlayer.java( 1435): Info (704,7)
D/MediaPlayerService(  744): [8] notify (0x522e8, 200, 704, 7)
D/MstarPlayer(  744): percent: 7
W/MediaPlayer( 1435): info/warning (704, 7)
I/MediaPlayer.java( 1435): Info (704,7)
D/MediaPlayerService(  744): [8] notify (0x522e8, 200, 704, 7)
D/MstarPlayer(  744): percent: 7
W/MediaPlayer( 1435): info/warning (704, 7)
I/MediaPlayer.java( 1435): Info (704,7)
D/MediaPlayerService(  744): [8] notify (0x522e8, 200, 704, 7)
D/MstarPlayer(  744): percent: 7
W/MediaPlayer( 1435): info/warning (704, 7)
I/MediaPlayer.java( 1435): Info (704,7)
D/MediaPlayerService(  744): [8] notify (0x522e8, 200, 704, 7)
D/MstarPlayer(  744): percent: 7
W/MediaPlayer( 1435): info/warning (704, 7)
I/MediaPlayer.java( 1435): Info (704,7)
D/MediaPlayerService(  744): [8] notify (0x522e8, 200, 704, 7)
D/MstarPlayer(  744): percent: 7
W/MediaPlayer( 1435): info/warning (704, 7)
I/MediaPlayer.java( 1435): Info (704,7)
D/MediaPlayerService(  744): [8] notify (0x522e8, 200, 704, 7)
D/MstarPlayer(  744): percent: 7
W/MediaPlayer( 1435): info/warning (704, 7)
I/MediaPlayer.java( 1435): Info (704,7)
D/MediaPlayerService(  744): [8] notify (0x522e8, 200, 704, 7)
D/MstarPlayer(  744): percent: 7
W/MediaPlayer( 1435): info/warning (704, 7)
I/MediaPlayer.java( 1435): Info (704,7)
D/MediaPlayerService(  744): [8] notify (0x522e8, 200, 704, 7)
D/MstarPlayer(  744): percent: 7
W/MediaPlayer( 1435): info/warning (704, 7)
I/MediaPlayer.java( 1435): Info (704,7)
D/MediaPlayerService(  744): [8] notify (0x522e8, 200, 704, 7)
D/MstarPlayer(  744): percent: 7
W/MediaPlayer( 1435): info/warning (704, 7)
I/MediaPlayer.java( 1435): Info (704,7)
D/MediaPlayerService(  744): [8] notify (0x522e8, 200, 704, 7)
D/MstarPlayer(  744): percent: 7
W/MediaPlayer( 1435): info/warning (704, 7)
I/MediaPlayer.java( 1435): Info (704,7)
D/MediaPlayerService(  744): [8] notify (0x522e8, 200, 704, 7)
D/MstarPlayer(  744): percent: 7
W/MediaPlayer( 1435): info/warning (704, 7)
I/MediaPlayer.java( 1435): Info (704,7)
D/MediaPlayerService(  744): [8] notify (0x522e8, 200, 704, 7)
D/MstarPlayer(  744): percent: 7
W/MediaPlayer( 1435): info/warning (704, 7)
I/MediaPlayer.java( 1435): Info (704,7)
D/MediaPlayerService(  744): [8] notify (0x522e8, 200, 704, 7)
D/MstarPlayer(  744): percent: 7
W/MediaPlayer( 1435): info/warning (704, 7)
I/MediaPlayer.java( 1435): Info (704,7)
D/MediaPlayerService(  744): [8] notify (0x522e8, 200, 704, 7)
D/MstarPlayer(  744): percent: 7
W/MediaPlayer( 1435): info/warning (704, 7)
I/MediaPlayer.java( 1435): Info (704,7)
D/MediaPlayerService(  744): [8] notify (0x522e8, 200, 704, 7)
D/MstarPlayer(  744): percent: 7
W/MediaPlayer( 1435): info/warning (704, 7)
I/MediaPlayer.java( 1435): Info (704,7)
D/DataSource_M3U8(  744): 
D/DataSource_M3U8(  744):  Warnig::  getValidBufferLength()  <  Codec require !!!
D/MediaPlayerService(  744): [8] notify (0x522e8, 200, 704, 7)
D/MstarPlayer(  744): percent: 7
W/MediaPlayer( 1435): info/warning (704, 7)
I/MediaPlayer.java( 1435): Info (704,7)
D/MediaPlayerService(  744): [8] notify (0x522e8, 200, 704, 7)
D/MstarPlayer(  744): percent: 7
W/MediaPlayer( 1435): info/warning (704, 7)
I/MediaPlayer.java( 1435): Info (704,7)
D/MediaPlayerService(  744): [8] notify (0x522e8, 200, 704, 7)
D/MstarPlayer(  744): percent: 7
W/MediaPlayer( 1435): info/warning (704, 7)
I/MediaPlayer.java( 1435): Info (704,7)
I//lib/ld-linux.so.3(  748): Old STC: 0x000601f3, PTS: 0x0005ff09, Diff: 0x000002ea
D/MediaPlayerService(  744): [8] notify (0x522e8, 200, 704, 7)
D/MstarPlayer(  744): percent: 7
W/MediaPlayer( 1435): info/warning (704, 7)
I/MediaPlayer.java( 1435): Info (704,7)
D/MediaPlayerService(  744): [8] notify (0x522e8, 200, 704, 7)
D/MstarPlayer(  744): percent: 7
W/MediaPlayer( 1435): info/warning (704, 7)
I/MediaPlayer.java( 1435): Info (704,7)
I//lib/ld-linux.so.3(  748): FrmCnt:1507(2,195,96) Rate:6 Sys:2256368 STC:393052 VPTS:369320 APTS:393032 Delay:-23692(40) V:0 A:0 VES:0x20 AES:0x0 PCM:0x0 AudioErr:0x2
D/MediaPlayerService(  744): [8] notify (0x522e8, 200, 704, 7)
D/MstarPlayer(  744): percent: 7
W/MediaPlayer( 1435): info/warning (704, 7)
I/MediaPlayer.java( 1435): Info (704,7)
D/MediaPlayerService(  744): [8] notify (0x522e8, 200, 704, 7)
D/MstarPlayer(  744): percent: 7
W/MediaPlayer( 1435): info/warning (704, 7)
I/MediaPlayer.java( 1435): Info (704,7)
D/MediaPlayerService(  744): [8] notify (0x522e8, 200, 704, 7)
D/MstarPlayer(  744): percent: 7
W/MediaPlayer( 1435): info/warning (704, 7)
I/MediaPlayer.java( 1435): Info (704,7)
D/MediaPlayerService(  744): [8] notify (0x522e8, 200, 704, 7)
D/MstarPlayer(  744): percent: 7
W/MediaPlayer( 1435): info/warning (704, 7)
I/MediaPlayer.java( 1435): Info (704,7)
D/MediaPlayerService(  744): [8] notify (0x522e8, 200, 704, 7)
D/MstarPlayer(  744): percent: 7
W/MediaPlayer( 1435): info/warning (704, 7)
I/MediaPlayer.java( 1435): Info (704,7)
D/MediaPlayerService(  744): [8] notify (0x522e8, 200, 704, 7)
D/MstarPlayer(  744): percent: 7
W/MediaPlayer( 1435): info/warning (704, 7)
I/MediaPlayer.java( 1435): Info (704,7)
D/MediaPlayerService(  744): [8] notify (0x522e8, 200, 704, 7)
D/MstarPlayer(  744): percent: 7
W/MediaPlayer( 1435): info/warning (704, 7)
I/MediaPlayer.java( 1435): Info (704,7)
D/MediaPlayerService(  744): [8] notify (0x522e8, 200, 704, 7)
D/MstarPlayer(  744): percent: 7
W/MediaPlayer( 1435): info/warning (704, 7)
I/MediaPlayer.java( 1435): Info (704,7)
D/MediaPlayerService(  744): [8] notify (0x522e8, 200, 704, 7)
D/MstarPlayer(  744): percent: 7
W/MediaPlayer( 1435): info/warning (704, 7)
I/MediaPlayer.java( 1435): Info (704,7)
D/MediaPlayerService(  744): [8] notify (0x522e8, 200, 704, 7)
D/MstarPlayer(  744): percent: 7
W/MediaPlayer( 1435): info/warning (704, 7)
I/MediaPlayer.java( 1435): Info (704,7)
D/MediaPlayerService(  744): [8] notify (0x522e8, 200, 704, 7)
D/MstarPlayer(  744): percent: 7
W/MediaPlayer( 1435): info/warning (704, 7)
I/MediaPlayer.java( 1435): Info (704,7)
D/MediaPlayerService(  744): [8] notify (0x522e8, 200, 704, 7)
D/MstarPlayer(  744): percent: 7
W/MediaPlayer( 1435): info/warning (704, 7)
I/MediaPlayer.java( 1435): Info (704,7)
D/MediaPlayerService(  744): [8] notify (0x522e8, 200, 704, 7)
D/MstarPlayer(  744): percent: 7
W/MediaPlayer( 1435): info/warning (704, 7)
I/MediaPlayer.java( 1435): Info (704,7)
D/MediaPlayerService(  744): [8] notify (0x522e8, 200, 704, 7)
D/MstarPlayer(  744): percent: 7
W/MediaPlayer( 1435): info/warning (704, 7)
I/MediaPlayer.java( 1435): Info (704,7)
D/MediaPlayerService(  744): [8] notify (0x522e8, 200, 704, 7)
D/MstarPlayer(  744): percent: 7
W/MediaPlayer( 1435): info/warning (704, 7)
I/MediaPlayer.java( 1435): Info (704,7)
D/DataSource_M3U8(  744): 
D/DataSource_M3U8(  744):  Warnig::  getValidBufferLength()  <  Codec require !!!
D/MediaPlayerService(  744): [8] notify (0x522e8, 200, 704, 7)
D/MstarPlayer(  744): percent: 7
W/MediaPlayer( 1435): info/warning (704, 7)
I/MediaPlayer.java( 1435): Info (704,7)
D/MediaPlayerService(  744): [8] notify (0x522e8, 200, 704, 7)
D/MstarPlayer(  744): percent: 7
W/MediaPlayer( 1435): info/warning (704, 7)
I/MediaPlayer.java( 1435): Info (704,7)
D/MediaPlayerService(  744): [8] notify (0x522e8, 200, 704, 7)
D/MstarPlayer(  744): percent: 7
W/MediaPlayer( 1435): info/warning (704, 7)
I/MediaPlayer.java( 1435): Info (704,7)
I//lib/ld-linux.so.3(  748): Old STC: 0x000602ea, PTS: 0x0005ffb0, Diff: 0x0000033a
D/MediaPlayerService(  744): [8] notify (0x522e8, 200, 704, 7)
D/MstarPlayer(  744): percent: 7
W/MediaPlayer( 1435): info/warning (704, 7)
I/MediaPlayer.java( 1435): Info (704,7)
D/MediaPlayerService(  744): [8] notify (0x522e8, 200, 704, 7)
D/MstarPlayer(  744): percent: 7
W/MediaPlayer( 1435): info/warning (704, 7)
I/MediaPlayer.java( 1435): Info (704,7)
D/MediaPlayerService(  744): [8] notify (0x522e8, 200, 704, 7)
D/MstarPlayer(  744): percent: 7
W/MediaPlayer( 1435): info/warning (704, 7)
I/MediaPlayer.java( 1435): Info (704,7)
D/MediaPlayerService(  744): [8] notify (0x522e8, 200, 704, 7)
D/MstarPlayer(  744): percent: 7
W/MediaPlayer( 1435): info/warning (704, 7)
I/MediaPlayer.java( 1435): Info (704,7)
D/MediaPlayerService(  744): [8] notify (0x522e8, 200, 704, 7)
D/MstarPlayer(  744): percent: 7
W/MediaPlayer( 1435): info/warning (704, 7)
I/MediaPlayer.java( 1435): Info (704,7)
D/MediaPlayerService(  744): [8] notify (0x522e8, 200, 704, 7)
D/MstarPlayer(  744): percent: 7
W/MediaPlayer( 1435): info/warning (704, 7)
I/MediaPlayer.java( 1435): Info (704,7)
D/MediaPlayerService(  744): [8] notify (0x522e8, 200, 704, 7)
D/MstarPlayer(  744): percent: 7
W/MediaPlayer( 1435): info/warning (704, 7)
I/MediaPlayer.java( 1435): Info (704,7)
[ 2257.652442] IR: [03932] scan key value is 0xec13c936 
[ 2257.652447]  D/MediaPlayerService(  744): [8] notify (0x522e8, 200, 704, 7)
D/MstarPlayer(  744): percent: 7
W/MediaPlayer( 1435): info/warning (704, 7)
D/dalvikvm( 1505): GC_CONCURRENT freed 398K, 79% free 1318K/6019K, paused 1ms+1ms
I/MediaPlayer.java( 1435): Inf
[ 2257.703685] IR: [03932] scan key value is 0xec13c936 
[ 2257.703690]  o (704,7)
D/MediaPlayerService(  744): [8] notify (0x522e8, 200, 704, 7)
D/MstarPlayer(  744): percent: 7
W/MediaPlayer( 1435): info/warning (704, 7)
I/MediaPlayer.java( 1435): Info (704,7)
D/MediaPlayerService(  744): [8] notify (0x522e8, 200, 704, 7)
D/MstarPlayer(  744): percent: 7
W/MediaPlayer( 1435): info/warning (704, 7)
I/MediaPlayer.java( 1435): Info (704,7)
D/CheckNetWork( 1752): isOk true
D/CheckNetWork( 1752): ActInfoNetworkInfo: type: WIFI[], state: CONNECTED/CONNECTED, reason: (unspecified), extra: (none), roaming: false, failover: false, isAvailable: true
D/CheckNetWork( 1752): infoNetworkInfo: type: WIFI[], state: CONNECTED/CONNECTED, reason: (unspecified), extra: (none), roaming: false, failover: false, isAvailable: true
D/MediaPlayerService(  744): [8] notify (0x522e8, 200, 704, 7)
D/MstarPlayer(  744): percent: 7
W/MediaPlayer( 1435): info/warning (704, 7)
I/MediaPlayer.java( 1435): Info (704,7)
D/dalvikvm( 1505): GC_CONCURRENT freed 392K, 77% free 1426K/6019K, paused 1ms+1ms
D/MediaPlayerService(  744): [8] notify (0x522e8, 200, 704, 7)
D/MstarPlayer(  744): percent: 7
W/MediaPlayer( 1435): info/warning (704, 7)
I//lib/ld-linux.so.3(  748): FrmCnt:1543(2,231,96) Rate:23 Sys:2257903 STC:393760 VPTS:369320 APTS:393760 Delay:-24400(40) V:0 A:0 VES:0x3a0 AES:0x0 PCM:0x24a80 AudioErr:0x2
I/MediaPlayer.java( 1435): Info (704,7)
D/InputEventConsistencyVerifier( 1435): KeyEvent: ACTION_UP but key was not down.
D/InputEventConsistencyVerifier( 1435):   in com.android.internal.policy.impl.PhoneWindow$DecorView@41960db0
D/InputEventConsistencyVerifier( 1435):   0: sent at 2257872000000, KeyEvent { action=ACTION_UP, keyCode=KEYCODE_ENTER, scanCode=28, metaState=0, flags=0x8, repeatCount=0, eventTime=2257872, downTime=2257657, deviceId=2, source=0x101 }
D/InputEventConsistencyVerifier( 1435):   -- recent events --
D/InputEventConsistencyVerifier( 1435):   1: sent at 2178672000000, (unhandled) KeyEvent { action=ACTION_UP, keyCode=KEYCODE_DPAD_RIGHT, scanCode=106, metaState=0, flags=0x80000008, repeatCount=0, eventTime=2178672, downTime=2178460, deviceId=2, source=0x101 }
D/InputEventConsistencyVerifier( 1435):   2: sent at 2178432000000, (unhandled) KeyEvent { action=ACTION_UP, keyCode=KEYCODE_DPAD_RIGHT, scanCode=106, metaState=0, flags=0x80000008, repeatCount=0, eventTime=2178432, downTime=2178221, deviceId=2, source=0x101 }
D/InputEventConsistencyVerifier( 1435):   3: sent at 2177648000000, (unhandled) KeyEvent { action=ACTION_UP, keyCode=KEYCODE_DPAD_RIGHT, scanCode=106, metaState=0, flags=0x80000008, repeatCount=0, eventTime=2177648, downTime=2176877, deviceId=2, source=0x101 }
D/InputEventConsistencyVerifier( 1435):   4: sent at 2175964000000, (unhandled) KeyEvent { action=ACTION_UP, keyCode=KEYCODE_DPAD_RIGHT, scanCode=106, metaState=0, flags=0x80000008, repeatCount=0, eventTime=2175964, downTime=2175751, deviceId=2, source=0x101 }
D/InputEventConsistencyVerifier( 1435):   5: sent at 2018368000000, (unhandled) KeyEvent { action=ACTION_UP, keyCode=KEYCODE_BACK, scanCode=158, metaState=0, flags=0x80000008, repeatCount=0, eventTime=2018368, downTime=2018157, deviceId=2, source=0x101 }
D/MediaPlayerService(  744): [8] notify (0x522e8, 200, 704, 7)
D/MstarPlayer(  744): percent: 7
W/MediaPlayer( 1435): info/warning (704, 7)
I/MediaPlayer.java( 1435): Info (704,7)
D/MediaPlayerService(  744): [8] notify (0x522e8, 200, 704, 7)
D/MstarPlayer(  744): percent: 7
W/MediaPlayer( 1435): info/warning (704, 7)
I/MediaPlayer.java( 1435): Info (704,7)
D/MediaPlayerService(  744): [8] notify (0x522e8, 200, 704, 7)
D/MstarPlayer(  744): percent: 7
W/MediaPlayer( 1435): info/warning (704, 7)
D/dalvikvm( 1505): GC_CONCURRENT freed 487K, 77% free 1420K/6019K, paused 1ms+1ms
I/MediaPlayer.java( 1435): Info (704,7)
D/MediaPlayerService(  744): [8] notify (0x522e8, 200, 704, 7)
D/MstarPlayer(  744): percent: 7
W/MediaPlayer( 1435): info/warning (704, 7)
I/MediaPlayer.java( 1435): Info (704,7)
D/MediaPlayerService(  744): [8] notify (0x522e8, 200, 704, 7)
D/MstarPlayer(  744): percent: 7
W/MediaPlayer( 1435): info/warning (704, 7)
D/DataSource_M3U8(  744): 
D/DataSource_M3U8(  744):  Warnig::  getValidBufferLength()  <  Codec require !!!
I/MediaPlayer.java( 1435): Info (704,7)
D/MediaPlayerService(  744): [8] notify (0x522e8, 200, 704, 7)
D/MstarPlayer(  744): percent: 7
W/MediaPlayer( 1435): info/warning (704, 7)
I/MediaPlayer.java( 1435): Info (704,7)
D/MediaPlayerService(  744): [8] notify (0x522e8, 200, 704, 7)
D/MstarPlayer(  744): percent: 7
W/MediaPlayer( 1435): info/warning (704, 7)
I/MediaPlayer.java( 1435): Info (704,7)
D/MediaPlayerService(  744): [8] notify (0x522e8, 200, 704, 7)
D/MstarPlayer(  744): percent: 7
W/MediaPlayer( 1435): info/warning (704, 7)
I/MediaPlayer.java( 1435): Info (704,7)
D/dalvikvm( 1505): GC_CONCURRENT freed 486K, 76% free 1446K/6019K, paused 1ms+1ms
D/MediaPlayerService(  744): [8] notify (0x522e8, 200, 704, 7)
D/MstarPlayer(  744): percent: 7
W/MediaPlayer( 1435): info/warning (704, 7)
I/MediaPlayer.java( 1435): Info (704,7)
D/MediaPlayerService(  744): [8] notify (0x522e8, 200, 704, 7)
D/MstarPlayer(  744): percent: 7
W/MediaPlayer( 1435): info/warning (704, 7)
I/MediaPlayer.java( 1435): Info (704,7)
D/MediaPlayerService(  744): [8] notify (0x522e8, 200, 704, 7)
D/MstarPlayer(  744): percent: 7
W/MediaPlayer( 1435): info/warning (704, 7)
I/MediaPlayer.java( 1435): Info (704,7)
D/dalvikvm( 1505): GC_CONCURRENT freed 518K, 77% free 1435K/6019K, paused 1ms+1ms
D/MediaPlayerService(  744): [8] notify (0x522e8, 200, 704, 7)
D/MstarPlayer(  744): percent: 7
W/MediaPlayer( 1435): info/warning (704, 7)
I/MediaPlayer.java( 1435): Info (704,7)
D/MediaPlayerService(  744): [8] notify (0x522e8, 200, 704, 7)
D/MstarPlayer(  744): percent: 7
W/MediaPlayer( 1435): info/warning (704, 7)
I/MediaPlayer.java( 1435): Info (704,7)
D/MediaPlayerService(  744): [8] notify (0x522e8, 200, 704, 7)
D/MstarPlayer(  744): percent: 7
W/MediaPlayer( 1435): info/warning (704, 7)
I/MediaPlayer.java( 1435): Info (704,7)
D/MediaPlayerService(  744): [8] notify (0x522e8, 200, 704, 7)
D/MstarPlayer(  744): percent: 7
W/MediaPlayer( 1435): info/warning (704, 7)
I/MediaPlayer.java( 1435): Info (704,7)
D/MediaPlayerService(  744): [8] notify (0x522e8, 200, 704, 7)
D/MstarPlayer(  744): percent: 7
W/MediaPlayer( 1435): info/warning (704, 7)
I/MediaPlayer.java( 1435): Info (704,7)
D/MediaPlayerService(  744): [8] notify (0x522e8, 200, 704, 7)
D/MstarPlayer(  744): percent: 7
W/MediaPlayer( 1435): info/warning (704, 7)
I/MediaPlayer.java( 1435): Info (704,7)
D/MediaPlayerService(  744): [8] notify (0x522e8, 200, 704, 7)
D/MstarPlayer(  744): percent: 7
W/MediaPlayer( 1435): info/warning (704, 7)
I/MediaPlayer.java( 1435): Info (704,7)
D/MediaPlayerService(  744): [8] notify (0x522e8, 200, 704, 7)
D/MstarPlayer(  744): percent: 7
W/MediaPlayer( 1435): info/warning (704, 7)
I/MediaPlayer.java( 1435): Info (704,7)
D/dalvikvm( 1505): GC_CONCURRENT freed 507K, 79% free 1317K/6019K, paused 1ms+1ms
D/MediaPlayerService(  744): [8] notify (0x522e8, 200, 704, 7)
D/MstarPlayer(  744): percent: 7
W/MediaPlayer( 1435): info/warning (704, 7)
I/MediaPlayer.java( 1435): Info (704,7)
D/MediaPlayerService(  744): [8] notify (0x522e8, 200, 704, 7)
D/MstarPlayer(  744): percent: 7
W/MediaPlayer( 1435): info/warning (704, 7)
I/MediaPlayer.java( 1435): Info (704,7)
D/MediaPlayerService(  744): [8] notify (0x522e8, 200, 704, 7)
D/MstarPlayer(  744): percent: 7
W/MediaPlayer( 1435): info/warning (704, 7)
I/MediaPlayer.java( 1435): Info (704,7)
D/MediaPlayerService(  744): [8] notify (0x522e8, 200, 704, 7)
D/MstarPlayer(  744): percent: 7
W/MediaPlayer( 1435): info/warning (704, 7)
I/MediaPlayer.java( 1435): Info (704,7)
D/MediaPlayerService(  744): [8] notify (0x522e8, 200, 704, 7)
D/MstarPlayer(  744): percent: 7
W/MediaPlayer( 1435): info/warning (704, 7)
I/MediaPlayer.java( 1435): Info (704,7)
D/MediaPlayerService(  744): [8] notify (0x522e8, 200, 704, 7)
D/MstarPlayer(  744): percent: 7
W/MediaPlayer( 1435): info/warning (704, 7)
I/MediaPlayer.java( 1435): Info (704,7)
D/dalvikvm( 1505): GC_CONCURRENT freed 405K, 79% free 1302K/6019K, paused 1ms+1ms
D/DataSource_M3U8(  744): 
D/DataSource_M3U8(  744):  Warnig::  getValidBufferLength()  <  Codec require !!!
D/MediaPlayerService(  744): [8] notify (0x522e8, 200, 704, 7)
D/MstarPlayer(  744): percent: 7
W/MediaPlayer( 1435): info/warning (704, 7)
I/MediaPlayer.java( 1435): Info (704,7)
D/MediaPlayerService(  744): [8] notify (0x522e8, 200, 704, 7)
D/MstarPlayer(  744): percent: 7
W/MediaPlayer( 1435): info/warning (704, 7)
I/MediaPlayer.java( 1435): Info (704,7)
I//lib/ld-linux.so.3(  748): Old STC: 0x0006077c, PTS: 0x00060582, Diff: 0x000001fa
D/MediaPlayerService(  744): [8] notify (0x522e8, 200, 704, 7)
D/MstarPlayer(  744): percent: 7
W/MediaPlayer( 1435): info/warning (704, 7)
I/MediaPlayer.java( 1435): Info (704,7)
D/dalvikvm( 1505): GC_CONCURRENT freed 396K, 77% free 1408K/6019K, paused 1ms+1ms
D/MediaPlayerService(  744): [8] notify (0x522e8, 200, 704, 7)
D/MstarPlayer(  744): percent: 7
W/MediaPlayer( 1435): info/warning (704, 7)
I/MediaPlayer.java( 1435): Info (704,7)
D/MediaPlayerService(  744): [8] notify (0x522e8, 200, 704, 7)
D/MstarPlayer(  744): percent: 7
W/MediaPlayer( 1435): info/warning (704, 7)
I/MediaPlayer.java( 1435): Info (704,7)
I//lib/ld-linux.so.3(  748): FrmCnt:1560(2,239,96) Rate:11 Sys:2259440 STC:394791 VPTS:394800 APTS:394794 Delay:49(40) V:0 A:0 VES:0x1b120 AES:0x0 PCM:0x30f00 AudioErr:0x2
D/MediaPlayerService(  744): [8] notify (0x522e8, 200, 704, 7)
D/MstarPlayer(  744): percent: 7
W/MediaPlayer( 1435): info/warning (704, 7)
I/MediaPlayer.java( 1435): Info (704,7)
D/MediaPlayerService(  744): [8] notify (0x522e8, 200, 704, 7)
D/MstarPlayer(  744): percent: 7
W/MediaPlayer( 1435): info/warning (704, 7)
I/MediaPlayer.java( 1435): Info (704,7)
D/MediaPlayerService(  744): [8] notify (0x522e8, 200, 704, 7)
D/MstarPlayer(  744): percent: 7
W/MediaPlayer( 1435): info/warning (704, 7)
I/MediaPlayer.java( 1435): Info (704,7)
D/MediaPlayerService(  744): [8] notify (0x522e8, 200, 704, 7)
D/MstarPlayer(  744): percent: 7
W/MediaPlayer( 1435): info/warning (704, 7)
I/MediaPlayer.java( 1435): Info (704,7)
D/MediaPlayerService(  744): [8] notify (0x522e8, 200, 704, 7)
D/MstarPlayer(  744): percent: 7
W/MediaPlayer( 1435): info/warning (704, 7)
I/MediaPlayer.java( 1435): Info (704,7)
D/MediaPlayerService(  744): [8] notify (0x522e8, 200, 704, 7)
D/MstarPlayer(  744): percent: 7
W/MediaPlayer( 1435): info/warning (704, 7)
I/MediaPlayer.java( 1435): Info (704,7)
D/MediaPlayerService(  744): [8] notify (0x522e8, 200, 704, 7)
D/MstarPlayer(  744): percent: 7
W/MediaPlayer( 1435): info/warning (704, 7)
I/MediaPlayer.java( 1435): Info (704,7)
D/MediaPlayerService(  744): [8] notify (0x522e8, 200, 704, 7)
W/MediaPlayer( 1435): info/warning (704, 7)
D/MstarPlayer(  744): percent: 7
I/MediaPlayer.java( 1435): Info (704,7)
D/MediaPlayerService(  744): [8] notify (0x522e8, 200, 704, 7)
D/MstarPlayer(  744): percent: 7
W/MediaPlayer( 1435): info/warning (704, 7)
I/MediaPlayer.java( 1435): Info (704,7)
D/MediaPlayerService(  744): [8] notify (0x522e8, 200, 704, 7)
D/MstarPlayer(  744): percent: 7
W/MediaPlayer( 1435): info/warning (704, 7)
I/MediaPlayer.java( 1435): Info (704,7)
D/MediaPlayerService(  744): [8] notify (0x522e8, 200, 704, 7)
D/MstarPlayer(  744): percent: 7
W/MediaPlayer( 1435): info/warning (704, 7)
I/MediaPlayer.java( 1435): Info (704,7)
D/MediaPlayerService(  744): [8] notify (0x522e8, 200, 704, 7)
D/MstarPlayer(  744): percent: 7
W/MediaPlayer( 1435): info/warning (704, 7)
I/MediaPlayer.java( 1435): Info (704,7)
D/MediaPlayerService(  744): [8] notify (0x522e8, 200, 704, 7)
D/MstarPlayer(  744): percent: 7
W/MediaPlayer( 1435): info/warning (704, 7)
I/MediaPlayer.java( 1435): Info (704,7)
D/MediaPlayerService(  744): [8] notify (0x522e8, 200, 704, 7)
D/MstarPlayer(  744): percent: 7
W/MediaPlayer( 1435): info/warning (704, 7)
I/MediaPlayer.java( 1435): Info (704,7)
D/MediaPlayerService(  744): [8] notify (0x522e8, 200, 704, 7)
D/MstarPlayer(  744): percent: 7
W/MediaPlayer( 1435): info/warning (704, 7)
I/MediaPlayer.java( 1435): Info (704,7)
D/DataSource_M3U8(  744): 
D/DataSource_M3U8(  744):  Warnig::  getValidBufferLength()  <  Codec require !!!
D/MediaPlayerService(  744): [8] notify (0x522e8, 200, 704, 7)
D/MstarPlayer(  744): percent: 7
W/MediaPlayer( 1435): info/warning (704, 7)
I/MediaPlayer.java( 1435): Info (704,7)
D/MediaPlayerService(  744): [8] notify (0x522e8, 200, 704, 7)
D/MstarPlayer(  744): percent: 7
W/MediaPlayer( 1435): info/warning (704, 7)
I/MediaPlayer.java( 1435): Info (704,7)
D/MediaPlayerService(  744): [8] notify (0x522e8, 200, 704, 7)
D/MstarPlayer(  744): percent: 7
W/MediaPlayer( 1435): info/warning (704, 7)
I/MediaPlayer.java( 1435): Info (704,7)
D/MediaPlayerService(  744): [8] notify (0x522e8, 200, 704, 7)
D/MstarPlayer(  744): percent: 7
W/MediaPlayer( 1435): info/warning (704, 7)
I/MediaPlayer.java( 1435): Info (704,7)
D/MediaPlayerService(  744): [8] notify (0x522e8, 200, 704, 7)
W/MediaPlayer( 1435): info/warning (704, 7)
I/MediaPlayer.java( 1435): Info (704,7)
D/MstarPlayer(  744): percent: 7
D/MediaPlayerService(  744): [8] notify (0x522e8, 200, 704, 7)
D/MstarPlayer(  744): percent: 7
W/MediaPlayer( 1435): info/warning (704, 7)
I/MediaPlayer.java( 1435): Info (704,7)
D/MediaPlayerService(  744): [8] notify (0x522e8, 200, 704, 7)
D/MstarPlayer(  744): percent: 7
W/MediaPlayer( 1435): info/warning (704, 7)
I/MediaPlayer.java( 1435): Info (704,7)
D/MediaPlayerService(  744): [8] notify (0x522e8, 200, 704, 7)
D/MstarPlayer(  744): percent: 7
W/MediaPlayer( 1435): info/warning (704, 7)
I/MediaPlayer.java( 1435): Info (704,7)
D/MediaPlayerService(  744): [8] notify (0x522e8, 200, 704, 7)
D/MstarPlayer(  744): percent: 7
W/MediaPlayer( 1435): info/warning (704, 7)
I/MediaPlayer.java( 1435): Info (704,7)
D/MediaPlayerService(  744): [8] notify (0x522e8, 200, 704, 7)
D/MstarPlayer(  744): percent: 7
W/MediaPlayer( 1435): info/warning (704, 7)
I/MediaPlayer.java( 1435): Info (704,7)
D/MediaPlayerService(  744): [8] notify (0x522e8, 200, 704, 7)
D/MstarPlayer(  744): percent: 7
W/MediaPlayer( 1435): info/warning (704, 7)
I/MediaPlayer.java( 1435): Info (704,7)
D/MediaPlayerService(  744): [8] notify (0x522e8, 200, 704, 7)
D/MstarPlayer(  744): percent: 7
W/MediaPlayer( 1435): info/warning (704, 7)
I/MediaPlayer.java( 1435): Info (704,7)
D/MediaPlayerService(  744): [8] notify (0x522e8, 200, 704, 7)
D/MstarPlayer(  744): percent: 7
W/MediaPlayer( 1435): info/warning (704, 7)
I/MediaPlayer.java( 1435): Info (704,7)
D/dalvikvm( 1505): GC_CONCURRENT freed 486K, 77% free 1398K/6019K, paused 1ms+1ms
D/MediaPlayerService(  744): [8] notify (0x522e8, 200, 704, 7)
D/MstarPlayer(  744): percent: 7
W/MediaPlayer( 1435): info/warning (704, 7)
I/MediaPlayer.java( 1435): Info (704,7)
D/MediaPlayerService(  744): [8] notify (0x522e8, 200, 704, 7)
D/MstarPlayer(  744): percent: 7
W/MediaPlayer( 1435): info/warning (704, 7)
I/MediaPlayer.java( 1435): Info (704,7)
I//lib/ld-linux.so.3(  748): FrmCnt:1588(2,239,96) Rate:18 Sys:2260968 STC:396318 VPTS:396000 APTS:396304 Delay:-278(40) V:0 A:0 VES:0x360 AES:0x0 PCM:0x0 AudioErr:0x2
D/MediaPlayerService(  744): [8] notify (0x522e8, 200, 704, 7)
D/MstarPlayer(  744): percent: 7
W/MediaPlayer( 1435): info/warning (704, 7)
I/MediaPlayer.java( 1435): Info (704,7)
D/MediaPlayerService(  744): [8] notify (0x522e8, 200, 704, 7)
D/MstarPlayer(  744): percent: 7
W/MediaPlayer( 1435): info/warning (704, 7)
I/MediaPlayer.java( 1435): Info (704,7)
D/dalvikvm( 1505): GC_CONCURRENT freed 474K, 79% free 1315K/6019K, paused 1ms+1ms
D/MediaPlayerService(  744): [8] notify (0x522e8, 200, 704, 7)
D/MstarPlayer(  744): percent: 7
W/MediaPlayer( 1435): info/warning (704, 7)
I/MediaPlayer.java( 1435): Info (704,7)
D/MediaPlayerService(  744): [8] notify (0x522e8, 200, 704, 7)
D/MstarPlayer(  744): percent: 7
W/MediaPlayer( 1435): info/warning (704, 7)
I/MediaPlayer.java( 1435): Info (704,7)
D/MediaPlayerService(  744): [8] notify (0x522e8, 200, 704, 7)
D/MstarPlayer(  744): percent: 7
W/MediaPlayer( 1435): info/warning (704, 7)
I/MediaPlayer.java( 1435): Info (704,7)
D/DataSource_M3U8(  744): 
D/DataSource_M3U8(  744):  Warnig::  getValidBufferLength()  <  Codec require !!!
D/MediaPlayerService(  744): [8] notify (0x522e8, 200, 704, 7)
D/MstarPlayer(  744): percent: 7
W/MediaPlayer( 1435): info/warning (704, 7)
I/MediaPlayer.java( 1435): Info (704,7)
D/MediaPlayerService(  744): [8] notify (0x522e8, 200, 704, 7)
D/MstarPlayer(  744): percent: 7
W/MediaPlayer( 1435): info/warning (704, 7)
I/MediaPlayer.java( 1435): Info (704,7)
I//lib/ld-linux.so.3(  748): Old STC: 0x00060d69, PTS: 0x00060c32, Diff: 0x00000137
D/dalvikvm( 1505): GC_CONCURRENT freed 403K, 79% free 1303K/6019K, paused 1ms+1ms
D/MediaPlayerService(  744): [8] notify (0x522e8, 200, 704, 7)
D/MstarPlayer(  744): percent: 7
W/MediaPlayer( 1435): info/warning (704, 7)
I/MediaPlayer.java( 1435): Info (704,7)
D/MediaPlayerService(  744): [8] notify (0x522e8, 200, 704, 7)
D/MstarPlayer(  744): percent: 7
W/MediaPlayer( 1435): info/warning (704, 7)
I/MediaPlayer.java( 1435): Info (704,7)
D/MediaPlayerService(  744): [8] notify (0x522e8, 200, 704, 7)
D/MstarPlayer(  744): percent: 7
W/MediaPlayer( 1435): info/warning (704, 7)
I/MediaPlayer.java( 1435): Info (704,7)
D/dalvikvm( 1505): GC_CONCURRENT freed 396K, 77% free 1415K/6019K, paused 1ms+1ms
D/MediaPlayerService(  744): [8] notify (0x522e8, 200, 704, 7)
D/MstarPlayer(  744): percent: 7
W/MediaPlayer( 1435): info/warning (704, 7)
I/MediaPlayer.java( 1435): Info (704,7)
D/MediaPlayerService(  744): [8] notify (0x522e8, 200, 704, 7)
D/MstarPlayer(  744): percent: 7
W/MediaPlayer( 1435): info/warning (704, 7)
I/MediaPlayer.java( 1435): Info (704,7)
D/MediaPlayerService(  744): [8] notify (0x522e8, 200, 704, 7)
D/MstarPlayer(  744): percent: 7
W/MediaPlayer( 1435): info/warning (704, 7)
I/MediaPlayer.java( 1435): Info (704,7)
D/MediaPlayerService(  744): [8] notify (0x522e8, 200, 704, 7)
D/MstarPlayer(  744): percent: 7
W/MediaPlayer( 1435): info/warning (704, 7)
I/MediaPlayer.java( 1435): Info (704,7)
D/dalvikvm( 1505): GC_CONCURRENT freed 487K, 77% free 1438K/6019K, paused 1ms+1ms
D/MediaPlayerService(  744): [8] notify (0x522e8, 200, 704, 7)
D/MstarPlayer(  744): percent: 7
W/MediaPlayer( 1435): info/warning (704, 7)
I/MediaPlayer.java( 1435): Info (704,7)
D/MediaPlayerService(  744): [8] notify (0x522e8, 200, 704, 7)
D/MstarPlayer(  744): percent: 7
W/MediaPlayer( 1435): info/warning (704, 7)
I/MediaPlayer.java( 1435): Info (704,7)
D/MediaPlayerService(  744): [8] notify (0x522e8, 200, 704, 7)
D/MstarPlayer(  744): percent: 7
W/MediaPlayer( 1435): info/warning (704, 7)
I/MediaPlayer.java( 1435): Info (704,7)
D/MediaPlayerService(  744): [8] notify (0x522e8, 200, 704, 7)
D/MstarPlayer(  744): percent: 7
W/MediaPlayer( 1435): info/warning (704, 7)
I/MediaPlayer.java( 1435): Info (704,7)
D/MediaPlayerService(  744): [8] notify (0x522e8, 200, 704, 7)
D/MstarPlayer(  744): percent: 7
W/MediaPlayer( 1435): info/warning (704, 7)
I/MediaPlayer.java( 1435): Info (704,7)
D/dalvikvm( 1505): GC_CONCURRENT freed 527K, 79% free 1313K/6019K, paused 1ms+1ms
D/MediaPlayerService(  744): [8] notify (0x522e8, 200, 704, 7)
D/MstarPlayer(  744): percent: 7
W/MediaPlayer( 1435): info/warning (704, 7)
I/MediaPlayer.java( 1435): Info (704,7)
D/MediaPlayerService(  744): [8] notify (0x522e8, 200, 704, 7)
D/MstarPlayer(  744): percent: 7
W/MediaPlayer( 1435): info/warning (704, 7)
I/MediaPlayer.java( 1435): Info (704,7)
D/MediaPlayerService(  744): [8] notify (0x522e8, 200, 704, 7)
D/MstarPlayer(  744): percent: 7
W/MediaPlayer( 1435): info/warning (704, 7)
I/MediaPlayer.java( 1435): Info (704,7)
D/dalvikvm( 1505): GC_CONCURRENT freed 398K, 78% free 1342K/6019K, paused 1ms+1ms
D/MediaPlayerService(  744): [8] notify (0x522e8, 200, 704, 7)
D/MstarPlayer(  744): percent: 7
W/MediaPlayer( 1435): info/warning (704, 7)
I/MediaPlayer.java( 1435): Info (704,7)
D/MediaPlayerService(  744): [8] notify (0x522e8, 200, 704, 7)
D/MstarPlayer(  744): percent: 7
W/MediaPlayer( 1435): info/warning (704, 7)
I/MediaPlayer.java( 1435): Info (704,7)
D/DataSource_M3U8(  744): 
D/DataSource_M3U8(  744):  Warnig::  getValidBufferLength()  <  Codec require !!!
D/MediaPlayerService(  744): [8] notify (0x522e8, 200, 704, 7)
D/MstarPlayer(  744): percent: 7
W/MediaPlayer( 1435): info/warning (704, 7)
I/MediaPlayer.java( 1435): Info (704,7)
D/MediaPlayerService(  744): [8] notify (0x522e8, 200, 704, 7)
D/MstarPlayer(  744): percent: 7
W/MediaPlayer( 1435): info/warning (704, 7)
I/MediaPlayer.java( 1435): Info (704,7)
D/MediaPlayerService(  744): [8] notify (0x522e8, 200, 704, 7)
D/MstarPlayer(  744): percent: 7
W/MediaPlayer( 1435): info/warning (704, 7)
I/MediaPlayer.java( 1435): Info (704,7)
I//lib/ld-linux.so.3(  748): Old STC: 0x0006103b, PTS: 0x00060e1e, Diff: 0x0000021d
D/MediaPlayerService(  744): [8] notify (0x522e8, 200, 704, 7)
D/MstarPlayer(  744): percent: 7
W/MediaPlayer( 1435): info/warning (704, 7)
I/MediaPlayer.java( 1435): Info (704,7)
D/MediaPlayerService(  744): [8] notify (0x522e8, 200, 704, 7)
D/MstarPlayer(  744): percent: 7
W/MediaPlayer( 1435): info/warning (704, 7)
I/MediaPlayer.java( 1435): Info (704,7)
D/MediaPlayerService(  744): [8] notify (0x522e8, 200, 704, 7)
D/MstarPlayer(  744): percent: 7
W/MediaPlayer( 1435): info/warning (704, 7)
I/MediaPlayer.java( 1435): Info (704,7)
I//lib/ld-linux.so.3(  748): FrmCnt:1614(2,245,105) Rate:17 Sys:2262497 STC:396994 VPTS:396960 APTS:396990 Delay:6(40) V:0 A:0 VES:0x2810 AES:0x0 PCM:0xd480 AudioErr:0x3
D/MediaPlayerService(  744): [8] notify (0x522e8, 200, 704, 7)
D/MstarPlayer(  744): percent: 7
W/MediaPlayer( 1435): info/warning (704, 7)
I/MediaPlayer.java( 1435): Info (704,7)
D/MediaPlayerService(  744): [8] notify (0x522e8, 200, 704, 7)
D/MstarPlayer(  744): percent: 7
W/MediaPlayer( 1435): info/warning (704, 7)
I/MediaPlayer.java( 1435): Info (704,7)
D/MediaPlayerService(  744): [8] notify (0x522e8, 200, 704, 7)
D/MstarPlayer(  744): percent: 7
W/MediaPlayer( 1435): info/warning (704, 7)
I/MediaPlayer.java( 1435): Info (704,7)
D/MediaPlayerService(  744): [8] notify (0x522e8, 200, 704, 7)
D/MstarPlayer(  744): percent: 7
W/MediaPlayer( 1435): info/warning (704, 7)
I/MediaPlayer.java( 1435): Info (704,7)
D/MediaPlayerService(  744): [8] notify (0x522e8, 200, 704, 7)
D/MstarPlayer(  744): percent: 7
W/MediaPlayer( 1435): info/warning (704, 7)
I/MediaPlayer.java( 1435): Info (704,7)
D/MediaPlayerService(  744): [8] notify (0x522e8, 200, 704, 7)
D/MstarPlayer(  744): percent: 7
W/MediaPlayer( 1435): info/warning (704, 7)
I/MediaPlayer.java( 1435): Info (704,7)
D/MediaPlayerService(  744): [8] notify (0x522e8, 200, 704, 7)
D/MstarPlayer(  744): percent: 7
W/MediaPlayer( 1435): info/warning (704, 7)
I/MediaPlayer.java( 1435): Info (704,7)
D/MediaPlayerService(  744): [8] notify (0x522e8, 200, 704, 7)
D/MstarPlayer(  744): percent: 7
W/MediaPlayer( 1435): info/warning (704, 7)
I/MediaPlayer.java( 1435): Info (704,7)
D/MediaPlayerService(  744): [8] notify (0x522e8, 200, 704, 7)
D/MstarPlayer(  744): percent: 7
W/MediaPlayer( 1435): info/warning (704, 7)
I/MediaPlayer.java( 1435): Info (704,7)
D/MediaPlayerService(  744): [8] notify (0x522e8, 200, 704, 7)
D/MstarPlayer(  744): percent: 7
W/MediaPlayer( 1435): info/warning (704, 7)
I/MediaPlayer.java( 1435): Info (704,7)
D/MediaPlayerService(  744): [8] notify (0x522e8, 200, 704, 7)
D/MstarPlayer(  744): percent: 7
W/MediaPlayer( 1435): info/warning (704, 7)
I/MediaPlayer.java( 1435): Info (704,7)
D/MediaPlayerService(  744): [8] notify (0x522e8, 200, 704, 7)
D/MstarPlayer(  744): percent: 7
W/MediaPlayer( 1435): info/warning (704, 7)
I/MediaPlayer.java( 1435): Info (704,7)
D/MediaPlayerService(  744): [8] notify (0x522e8, 200, 704, 7)
D/MstarPlayer(  744): percent: 7
W/MediaPlayer( 1435): info/warning (704, 7)
I/MediaPlayer.java( 1435): Info (704,7)
D/MediaPlayerService(  744): [8] notify (0x522e8, 200, 704, 7)
D/MstarPlayer(  744): percent: 7
W/MediaPlayer( 1435): info/warning (704, 7)
I/MediaPlayer.java( 1435): Info (704,7)
D/DataSource_M3U8(  744): 
D/DataSource_M3U8(  744):  Warnig::  getValidBufferLength()  <  Codec require !!!
D/MediaPlayerService(  744): [8] notify (0x522e8, 200, 704, 7)
D/MstarPlayer(  744): percent: 7
W/MediaPlayer( 1435): info/warning (704, 7)
I/MediaPlayer.java( 1435): Info (704,7)
D/MediaPlayerService(  744): [8] notify (0x522e8, 200, 704, 7)
D/MstarPlayer(  744): percent: 7
W/MediaPlayer( 1435): info/warning (704, 7)
I/MediaPlayer.java( 1435): Info (704,7)
D/MediaPlayerService(  744): [8] notify (0x522e8, 200, 704, 7)
D/MstarPlayer(  744): percent: 7
W/MediaPlayer( 1435): info/warning (704, 7)
I//lib/ld-linux.so.3(  748): Old STC: 0x00061200, PTS: 0x00061043, Diff: 0x000001bd
I/MediaPlayer.java( 1435): Info (704,7)
D/MediaPlayerService(  744): [8] notify (0x522e8, 200, 704, 7)
D/MstarPlayer(  744): percent: 7
W/MediaPlayer( 1435): info/warning (704, 7)
I/MediaPlayer.java( 1435): Info (704,7)
D/MediaPlayerService(  744): [8] notify (0x522e8, 200, 704, 7)
D/MstarPlayer(  744): percent: 7
W/MediaPlayer( 1435): info/warning (704, 7)
I/MediaPlayer.java( 1435): Info (704,7)
D/MediaPlayerService(  744): [8] notify (0x522e8, 200, 704, 7)
D/MstarPlayer(  744): percent: 7
W/MediaPlayer( 1435): info/warning (704, 7)
I/MediaPlayer.java( 1435): Info (704,7)
D/MediaPlayerService(  744): [8] notify (0x522e8, 200, 704, 7)
D/MstarPlayer(  744): percent: 7
W/MediaPlayer( 1435): info/warning (704, 7)
I/MediaPlayer.java( 1435): Info (704,7)
D/MediaPlayerService(  744): [8] notify (0x522e8, 200, 704, 7)
D/MstarPlayer(  744): percent: 7
W/MediaPlayer( 1435): info/warning (704, 7)
I/MediaPlayer.java( 1435): Info (704,7)
D/MediaPlayerService(  744): [8] notify (0x522e8, 200, 704, 7)
D/MstarPlayer(  744): percent: 7
W/MediaPlayer( 1435): info/warning (704, 7)
I/MediaPlayer.java( 1435): Info (704,7)
D/MediaPlayerService(  744): [8] notify (0x522e8, 200, 704, 7)
D/MstarPlayer(  744): percent: 7
W/MediaPlayer( 1435): info/warning (704, 7)
I/MediaPlayer.java( 1435): Info (704,7)
D/MediaPlayerService(  744): [8] notify (0x522e8, 200, 704, 7)
D/MstarPlayer(  744): percent: 7
W/MediaPlayer( 1435): info/warning (704, 7)
I/MediaPlayer.java( 1435): Info (704,7)
D/MediaPlayerService(  744): [8] notify (0x522e8, 200, 704, 7)
D/MstarPlayer(  744): percent: 7
W/MediaPlayer( 1435): info/warning (704, 7)
I/MediaPlayer.java( 1435): Info (704,7)
D/MediaPlayerService(  744): [8] notify (0x522e8, 200, 704, 7)
D/MstarPlayer(  744): percent: 7
W/MediaPlayer( 1435): info/warning (704, 7)
I/MediaPlayer.java( 1435): Info (704,7)
D/MediaPlayerService(  744): [8] notify (0x522e8, 200, 704, 7)
D/MstarPlayer(  744): percent: 7
W/MediaPlayer( 1435): info/warning (704, 7)
I/MediaPlayer.java( 1435): Info (704,7)
D/MediaPlayerService(  744): [8] notify (0x522e8, 200, 704, 7)
D/MstarPlayer(  744): percent: 7
W/MediaPlayer( 1435): info/warning (704, 7)
I/MediaPlayer.java( 1435): Info (704,7)
D/MediaPlayerService(  744): [8] notify (0x522e8, 200, 704, 7)
D/MstarPlayer(  744): percent: 7
W/MediaPlayer( 1435): info/warning (704, 7)
I/MediaPlayer.java( 1435): Info (704,7)
D/Downloader(  744): Downloadserver bandWidth:967840
D/Downloader(  744): Downloadserver bandWidth:967840
D/Downloader(  744): Downloadserver bandWidth:967840
D/Downloader(  744): Downloadserver bandWidth:967840
D/MediaPlayerService(  744): [8] notify (0x522e8, 200, 704, 7)
D/MstarPlayer(  744): percent: 7
W/MediaPlayer( 1435): info/warning (704, 7)
I/MediaPlayer.java( 1435): Info (704,7)
I//lib/ld-linux.so.3(  748): FrmCnt:1630(2,251,109) Rate:10 Sys:2264029 STC:398081 VPTS:397640 APTS:397914 Delay:-401(40) V:0 A:0 VES:0x2d50 AES:0x0 PCM:0x0 AudioErr:0x3
D/MediaPlayerService(  744): [8] notify (0x522e8, 200, 704, 7)
D/MstarPlayer(  744): percent: 7
W/MediaPlayer( 1435): info/warning (704, 7)
I/MediaPlayer.java( 1435): Info (704,7)
D/DataSource_M3U8(  744): u32HLSSreamNum[0]===>u32BandWidth:1200000 
D/DataSource_M3U8(  744): getHLSPlayListInex  DownloadBandWidth:967840   uInDex=0
D/DataSource_M3U8(  744): [M3U8] checkShouldStartNext :[66](1137212/1137212)   sequence:0  start next:67  
D/DataSource_M3U8(  744): 
D/DataSource_M3U8(  744): 
D/DataSource_M3U8(  744): 
D/DataSource_M3U8(  744): [M3U8]-7----->This :0x30fd0 --> post cmd for start next url:http://cibn-iss1.longvisionmedia.com:8088/vod/CIBN2013_CIBN2113040100001913_12001300/67.ts, knowedFileSize:0, mCurDowningIndex:66
D/DataSource_M3U8(  744): 
D/DataSource_M3U8(  744): 
D/Downloader(  744): [downloadThread]Downloader::removeTask  
D/Downloader(  744): [downloadThread]task have range string:0- 
D/MediaPlayerService(  744): [8] notify (0x522e8, 200, 704, 7)
D/MstarPlayer(  744): percent: 7
W/MediaPlayer( 1435): info/warning (704, 7)
I/MediaPlayer.java( 1435): Info (704,7)
D/MediaPlayerService(  744): [8] notify (0x522e8, 200, 704, 7)
D/MstarPlayer(  744): percent: 7
W/MediaPlayer( 1435): info/warning (704, 7)
I/MediaPlayer.java( 1435): Info (704,7)
D/DataSource_M3U8(  744): 
D/DataSource_M3U8(  744):  Warnig::  getValidBufferLength()  <  Codec require !!!
D/MediaPlayerService(  744): [8] notify (0x522e8, 200, 704, 7)
D/MstarPlayer(  744): percent: 7
W/MediaPlayer( 1435): info/warning (704, 7)
I/MediaPlayer.java( 1435): Info (704,7)
D/dalvikvm( 1505): GC_CONCURRENT freed 430K, 79% free 1312K/6019K, paused 1ms+1ms
D/HomePlayerLib( 1505): hostaddress count is 1
D/MediaPlayerService(  744): [8] notify (0x522e8, 200, 704, 7)
D/MstarPlayer(  744): percent: 7
W/MediaPlayer( 1435): info/warning (704, 7)
I/MediaPlayer.java( 1435): Info (704,7)
D/dalvikvm( 1505): GC_CONCURRENT freed 402K, 78% free 1368K/6019K, paused 1ms+1ms
I//lib/ld-linux.so.3(  748): Old STC: 0x00061422, PTS: 0x000612b4, Diff: 0x0000016e
D/MediaPlayerService(  744): [8] notify (0x522e8, 200, 704, 7)
D/MstarPlayer(  744): percent: 7
W/MediaPlayer( 1435): info/warning (704, 7)
I/MediaPlayer.java( 1435): Info (704,7)
D/dalvikvm( 1505): GC_CONCURRENT freed 464K, 79% free 1293K/6019K, paused 1ms+1ms
D/Downloader(  744): Content-Length: 172
D/Downloader(  744): 
D/Downloader(  744): Downloadserver bandWidth:5417
D/Downloader(  744): Downloadserver bandWidth:5417
D/Downloader(  744): Downloadserver bandWidth:5417
D/Downloader(  744): Downloadserver bandWidth:5396
D/MediaPlayerService(  744): [8] notify (0x522e8, 200, 704, 7)
D/MstarPlayer(  744): percent: 7
W/MediaPlayer( 1435): info/warning (704, 7)
I/MediaPlayer.java( 1435): Info (704,7)
D/MediaPlayerService(  744): [8] notify (0x522e8, 200, 704, 7)
D/MstarPlayer(  744): percent: 7
W/MediaPlayer( 1435): info/warning (704, 7)
I/MediaPlayer.java( 1435): Info (704,7)
D/dalvikvm( 1505): GC_CONCURRENT freed 380K, 79% free 1303K/6019K, paused 1ms+1ms
D/MediaPlayerService(  744): [8] notify (0x522e8, 200, 704, 7)
D/MstarPlayer(  744): percent: 7
W/MediaPlayer( 1435): info/warning (704, 7)
I/MediaPlayer.java( 1435): Info (704,7)
D/dalvikvm( 1505): GC_CONCURRENT freed 372K, 77% free 1391K/6019K, paused 1ms+2ms
D/MediaPlayerService(  744): [8] notify (0x522e8, 200, 704, 7)
D/MstarPlayer(  744): percent: 7
W/MediaPlayer( 1435): info/warning (704, 7)
I/MediaPlayer.java( 1435): Info (704,7)
D/MediaPlayerService(  744): [8] notify (0x522e8, 200, 704, 7)
D/MstarPlayer(  744): percent: 7
W/MediaPlayer( 1435): info/warning (704, 7)
I/MediaPlayer.java( 1435): Info (704,7)
D/DataSource_M3U8(  744): u32HLSSreamNum[0]===>u32BandWidth:1200000 
D/DataSource_M3U8(  744): getHLSPlayListInex  DownloadBandWidth:5396   uInDex=0
D/DataSource_M3U8(  744): [M3U8] checkShouldStartNext :[67](172/172)   sequence:0  start next:68  
D/DataSource_M3U8(  744): 
D/DataSource_M3U8(  744): 
D/DataSource_M3U8(  744): 
D/DataSource_M3U8(  744): [M3U8]-7----->This :0x30fd0 --> post cmd for start next url:http://cibn-iss1.longvisionmedia.com:8088/vod/CIBN2013_CIBN2113040100001913_12001300/68.ts, knowedFileSize:0, mCurDowningIndex:67
D/DataSource_M3U8(  744): 
D/DataSource_M3U8(  744): 
D/Downloader(  744): [downloadThread]Downloader::removeTask  
D/Downloader(  744): [downloadThread]task have range string:0- 
D/MediaPlayerService(  744): [8] notify (0x522e8, 3, 16, 0)
D/MediaPlayerService(  744): [8] notify (0x522e8, 200, 704, 7)
D/MstarPlayer(  744): percent: 7
W/MediaPlayer( 1435): info/warning (704, 7)
I/MediaPlayer.java( 1435): Info (704,7)
D/dalvikvm( 1505): GC_CONCURRENT freed 480K, 77% free 1421K/6019K, paused 1ms+1ms
D/MediaPlayerService(  744): [8] notify (0x522e8, 200, 704, 7)
D/MstarPlayer(  744): percent: 7
W/MediaPlayer( 1435): info/warning (704, 7)
I/MediaPlayer.java( 1435): Info (704,7)
D/dalvikvm( 1505): GC_CONCURRENT freed 500K, 79% free 1318K/6019K, paused 1ms+1ms
D/MediaPlayerService(  744): [8] notify (0x522e8, 200, 704, 7)
D/MstarPlayer(  744): percent: 7
W/MediaPlayer( 1435): info/warning (704, 7)
I/MediaPlayer.java( 1435): Info (704,7)
D/MediaPlayerService(  744): [8] notify (0x522e8, 200, 704, 7)
D/MstarPlayer(  744): percent: 7
W/MediaPlayer( 1435): info/warning (704, 7)
I/MediaPlayer.java( 1435): Info (704,7)
D/MediaPlayerService(  744): [8] notify (0x522e8, 200, 704, 7)
D/MstarPlayer(  744): percent: 7
W/MediaPlayer( 1435): info/warning (704, 7)
I/MediaPlayer.java( 1435): Info (704,7)
D/MediaPlayerService(  744): [8] notify (0x522e8, 200, 704, 7)
D/MstarPlayer(  744): percent: 7
W/MediaPlayer( 1435): info/warning (704, 7)
I/MediaPlayer.java( 1435): Info (704,7)
D/MediaPlayerService(  744): [8] notify (0x522e8, 200, 704, 7)
D/MstarPlayer(  744): percent: 7
W/MediaPlayer( 1435): info/warning (704, 7)
I/MediaPlayer.java( 1435): Info (704,7)
D/dalvikvm( 1505): GC_CONCURRENT freed 408K, 79% free 1310K/6019K, paused 1ms+1ms
D/MediaPlayerService(  744): [8] notify (0x522e8, 200, 704, 7)
D/MstarPlayer(  744): percent: 7
W/MediaPlayer( 1435): info/warning (704, 7)
I/MediaPlayer.java( 1435): Info (704,7)
D/MediaPlayerService(  744): [8] notify (0x522e8, 200, 704, 7)
D/MstarPlayer(  744): percent: 7
W/MediaPlayer( 1435): info/warning (704, 7)
I/MediaPlayer.java( 1435): Info (704,7)
D/MediaPlayerService(  744): [8] notify (0x522e8, 200, 704, 7)
D/MstarPlayer(  744): percent: 7
W/MediaPlayer( 1435): info/warning (704, 7)
I/MediaPlayer.java( 1435): Info (704,7)
D/dalvikvm( 1505): GC_CONCURRENT freed 405K, 79% free 1302K/6019K, paused 1ms+0ms
D/MediaPlayerService(  744): [8] notify (0x522e8, 200, 704, 7)
D/MstarPlayer(  744): percent: 7
W/MediaPlayer( 1435): info/warning (704, 7)
I/MediaPlayer.java( 1435): Info (704,7)
D/MediaPlayerService(  744): [8] notify (0x522e8, 200, 704, 7)
D/MstarPlayer(  744): percent: 7
W/MediaPlayer( 1435): info/warning (704, 7)
I/MediaPlayer.java( 1435): Info (704,7)
D/DataSource_M3U8(  744): 
D/DataSource_M3U8(  744):  Warnig::  getValidBufferLength()  <  Codec require !!!
D/MediaPlayerService(  744): [8] notify (0x522e8, 200, 704, 7)
D/MstarPlayer(  744): percent: 7
W/MediaPlayer( 1435): info/warning (704, 7)
I/MediaPlayer.java( 1435): Info (704,7)
D/dalvikvm( 1505): GC_CONCURRENT freed 388K, 75% free 1517K/6019K, paused 1ms+1ms
D/MediaPlayerService(  744): [8] notify (0x522e8, 200, 704, 7)
D/MstarPlayer(  744): percent: 7
W/MediaPlayer( 1435): info/warning (704, 7)
I/MediaPlayer.java( 1435): Info (704,7)
D/MediaPlayerService(  744): [8] notify (0x522e8, 200, 704, 7)
D/MstarPlayer(  744): percent: 7
W/MediaPlayer( 1435): info/warning (704, 7)
I/MediaPlayer.java( 1435): Info (704,7)
I//lib/ld-linux.so.3(  748): Old STC: 0x000616bf, PTS: 0x0006147d, Diff: 0x00000242
D/MediaPlayerService(  744): [8] notify (0x522e8, 200, 704, 7)
D/MstarPlayer(  744): percent: 7
W/MediaPlayer( 1435): info/warning (704, 7)
I/MediaPlayer.java( 1435): Info (704,7)
D/MediaPlayerService(  744): [8] notify (0x522e8, 200, 704, 7)
D/MstarPlayer(  744): percent: 7
W/MediaPlayer( 1435): info/warning (704, 7)
I/MediaPlayer.java( 1435): Info (704,7)
D/dalvikvm( 1505): GC_CONCURRENT freed 599K, 77% free 1384K/6019K, paused 1ms+1ms
D/MediaPlayerService(  744): [8] notify (0x522e8, 200, 704, 7)
D/MstarPlayer(  744): percent: 7
W/MediaPlayer( 1435): info/warning (704, 7)
I/MediaPlayer.java( 1435): Info (704,7)
D/MediaPlayerService(  744): [8] notify (0x522e8, 200, 704, 7)
D/MstarPlayer(  744): percent: 7
W/MediaPlayer( 1435): info/warning (704, 7)
I/MediaPlayer.java( 1435): Info (704,7)
I//lib/ld-linux.so.3(  748): FrmCnt:1648(2,256,113) Rate:11 Sys:2265561 STC:398668 VPTS:398240 APTS:398598 Delay:-388(40) V:0 A:0 VES:0x20 AES:0x0 PCM:0x0 AudioErr:0x3
D/MediaPlayerService(  744): [8] notify (0x522e8, 200, 704, 7)
D/MstarPlayer(  744): percent: 7
W/MediaPlayer( 1435): info/warning (704, 7)
I/MediaPlayer.java( 1435): Info (704,7)
D/MediaPlayerService(  744): [8] notify (0x522e8, 200, 704, 7)
D/MstarPlayer(  744): percent: 7
W/MediaPlayer( 1435): info/warning (704, 7)
I/MediaPlayer.java( 1435): Info (704,7)
D/MediaPlayerService(  744): [8] notify (0x522e8, 200, 704, 7)
D/MstarPlayer(  744): percent: 7
W/MediaPlayer( 1435): info/warning (704, 7)
I/MediaPlayer.java( 1435): Info (704,7)
D/MediaPlayerService(  744): [8] notify (0x522e8, 200, 704, 7)
D/MstarPlayer(  744): percent: 7
W/MediaPlayer( 1435): info/warning (704, 7)
I/MediaPlayer.java( 1435): Info (704,7)
D/MediaPlayerService(  744): [8] notify (0x522e8, 200, 704, 7)
D/MstarPlayer(  744): percent: 7
W/MediaPlayer( 1435): info/warning (704, 7)
I/MediaPlayer.java( 1435): Info (704,7)
D/MediaPlayerService(  744): [8] notify (0x522e8, 200, 704, 7)
D/MstarPlayer(  744): percent: 7
W/MediaPlayer( 1435): info/warning (704, 7)
I/MediaPlayer.java( 1435): Info (704,7)
D/MediaPlayerService(  744): [8] notify (0x522e8, 200, 704, 7)
W/MediaPlayer( 1435): info/warning (704, 7)
I/MediaPlayer.java( 1435): Info (704,7)
D/MstarPlayer(  744): percent: 7
D/MediaPlayerService(  744): [8] notify (0x522e8, 200, 704, 7)
D/MstarPlayer(  744): percent: 7
W/MediaPlayer( 1435): info/warning (704, 7)
I/MediaPlayer.java( 1435): Info (704,7)
D/MediaPlayerService(  744): [8] notify (0x522e8, 200, 704, 7)
D/MstarPlayer(  744): percent: 7
W/MediaPlayer( 1435): info/warning (704, 7)
I/MediaPlayer.java( 1435): Info (704,7)
D/MediaPlayerService(  744): [8] notify (0x522e8, 200, 704, 7)
D/MstarPlayer(  744): percent: 7
W/MediaPlayer( 1435): info/warning (704, 7)
I/MediaPlayer.java( 1435): Info (704,7)
D/MediaPlayerService(  744): [8] notify (0x522e8, 200, 704, 7)
D/MstarPlayer(  744): percent: 7
W/MediaPlayer( 1435): info/warning (704, 7)
I/MediaPlayer.java( 1435): Info (704,7)
D/MediaPlayerService(  744): [8] notify (0x522e8, 200, 704, 7)
D/MstarPlayer(  744): percent: 7
W/MediaPlayer( 1435): info/warning (704, 7)
I/MediaPlayer.java( 1435): Info (704,7)
D/MediaPlayerService(  744): [8] notify (0x522e8, 200, 704, 7)
D/MstarPlayer(  744): percent: 7
W/MediaPlayer( 1435): info/warning (704, 7)
I/MediaPlayer.java( 1435): Info (704,7)
D/MediaPlayerService(  744): [8] notify (0x522e8, 200, 704, 7)
D/MstarPlayer(  744): percent: 7
W/MediaPlayer( 1435): info/warning (704, 7)
I/MediaPlayer.java( 1435): Info (704,7)
D/MediaPlayerService(  744): [8] notify (0x522e8, 200, 704, 7)
D/MstarPlayer(  744): percent: 7
W/MediaPlayer( 1435): info/warning (704, 7)
I/MediaPlayer.java( 1435): Info (704,7)
D/Downloader(  744): Content-Length: 172
D/Downloader(  744): 
D/Downloader(  744): Downloadserver bandWidth:803
D/Downloader(  744): Downloadserver bandWidth:803
D/Downloader(  744): Downloadserver bandWidth:803
D/Downloader(  744): Downloadserver bandWidth:803
D/MediaPlayerService(  744): [8] notify (0x522e8, 200, 704, 7)
D/MstarPlayer(  744): percent: 7
W/MediaPlayer( 1435): info/warning (704, 7)
I/MediaPlayer.java( 1435): Info (704,7)
D/MediaPlayerService(  744): [8] notify (0x522e8, 200, 704, 7)
D/MstarPlayer(  744): percent: 7
W/MediaPlayer( 1435): info/warning (704, 7)
I/MediaPlayer.java( 1435): Info (704,7)
D/MediaPlayerService(  744): [8] notify (0x522e8, 200, 704, 7)
D/MstarPlayer(  744): percent: 7
W/MediaPlayer( 1435): info/warning (704, 7)
I/MediaPlayer.java( 1435): Info (704,7)
D/MediaPlayerService(  744): [8] notify (0x522e8, 200, 704, 7)
D/MstarPlayer(  744): percent: 7
W/MediaPlayer( 1435): info/warning (704, 7)
I/MediaPlayer.java( 1435): Info (704,7)
D/MediaPlayerService(  744): [8] notify (0x522e8, 200, 704, 7)
D/MstarPlayer(  744): percent: 7
W/MediaPlayer( 1435): info/warning (704, 7)
I/MediaPlayer.java( 1435): Info (704,7)
D/MediaPlayerService(  744): [8] notify (0x522e8, 200, 704, 7)
D/MstarPlayer(  744): percent: 7
W/MediaPlayer( 1435): info/warning (704, 7)
I/MediaPlayer.java( 1435): Info (704,7)
D/DataSource_M3U8(  744): u32HLSSreamNum[0]===>u32BandWidth:1200000 
D/DataSource_M3U8(  744): getHLSPlayListInex  DownloadBandWidth:803   uInDex=0
D/DataSource_M3U8(  744): [M3U8] checkShouldStartNext :[68](172/172)   sequence:0  start next:69  
D/DataSource_M3U8(  744): 
D/DataSource_M3U8(  744): 
D/DataSource_M3U8(  744): 
D/DataSource_M3U8(  744): [M3U8]-7----->This :0x30fd0 --> post cmd for start next url:http://cibn-iss1.longvisionmedia.com:8088/vod/CIBN2013_CIBN2113040100001913_12001300/69.ts, knowedFileSize:0, mCurDowningIndex:68
D/DataSource_M3U8(  744): 
D/DataSource_M3U8(  744): 
D/Downloader(  744): [downloadThread]Downloader::removeTask  
D/Downloader(  744): [downloadThread]task have range string:0- 
D/MediaPlayerService(  744): [8] notify (0x522e8, 200, 704, 7)
D/MstarPlayer(  744): percent: 7
W/MediaPlayer( 1435): info/warning (704, 7)
I/MediaPlayer.java( 1435): Info (704,7)
D/MediaPlayerService(  744): [8] notify (0x522e8, 200, 704, 7)
D/MstarPlayer(  744): percent: 7
W/MediaPlayer( 1435): info/warning (704, 7)
I/MediaPlayer.java( 1435): Info (704,7)
D/MediaPlayerService(  744): [8] notify (0x522e8, 200, 704, 7)
D/MstarPlayer(  744): percent: 7
W/MediaPlayer( 1435): info/warning (704, 7)
I/MediaPlayer.java( 1435): Info (704,7)
D/MediaPlayerService(  744): [8] notify (0x522e8, 200, 704, 7)
D/MstarPlayer(  744): percent: 7
W/MediaPlayer( 1435): info/warning (704, 7)
I/MediaPlayer.java( 1435): Info (704,7)
D/MediaPlayerService(  744): [8] notify (0x522e8, 200, 704, 7)
D/MstarPlayer(  744): percent: 7
W/MediaPlayer( 1435): info/warning (704, 7)
I/MediaPlayer.java( 1435): Info (704,7)
D/MediaPlayerService(  744): [8] notify (0x522e8, 200, 704, 7)
D/MstarPlayer(  744): percent: 7
W/MediaPlayer( 1435): info/warning (704, 7)
I/MediaPlayer.java( 1435): Info (704,7)
D/MediaPlayerService(  744): [8] notify (0x522e8, 200, 704, 7)
D/MstarPlayer(  744): percent: 7
W/MediaPlayer( 1435): info/warning (704, 7)
I/MediaPlayer.java( 1435): Info (704,7)
D/MediaPlayerService(  744): [8] notify (0x522e8, 200, 704, 7)
D/MstarPlayer(  744): percent: 7
W/MediaPlayer( 1435): info/warning (704, 7)
I/MediaPlayer.java( 1435): Info (704,7)
D/MediaPlayerService(  744): [8] notify (0x522e8, 200, 704, 7)
D/MstarPlayer(  744): percent: 7
W/MediaPlayer( 1435): info/warning (704, 7)
I/MediaPlayer.java( 1435): Info (704,7)
I//lib/ld-linux.so.3(  748): FrmCnt:1648(2,256,113) Rate:0 Sys:2267083 STC:400190 VPTS:398240 APTS:398598 Delay:-1910(40) V:0 A:0 VES:0x20 AES:0x0 PCM:0x0 AudioErr:0x3
D/MediaPlayerService(  744): [8] notify (0x522e8, 200, 704, 7)
D/MstarPlayer(  744): percent: 7
W/MediaPlayer( 1435): info/warning (704, 7)
I/MediaPlayer.java( 1435): Info (704,7)
D/Downloader(  744): Content-Length: 172
D/Downloader(  744): 
D/Downloader(  744): Downloadserver bandWidth:2646
D/Downloader(  744): Downloadserver bandWidth:2646
D/Downloader(  744): Downloadserver bandWidth:2646
D/Downloader(  744): Downloadserver bandWidth:2646
D/MediaPlayerService(  744): [8] notify (0x522e8, 200, 704, 7)
D/MstarPlayer(  744): percent: 7
W/MediaPlayer( 1435): info/warning (704, 7)
I/MediaPlayer.java( 1435): Info (704,7)
D/DataSource_M3U8(  744): 
D/DataSource_M3U8(  744):  Warnig::  getValidBufferLength()  <  Codec require !!!
D/MediaPlayerService(  744): [8] notify (0x522e8, 200, 704, 7)
D/MstarPlayer(  744): percent: 7
W/MediaPlayer( 1435): info/warning (704, 7)
I/MediaPlayer.java( 1435): Info (704,7)
D/MediaPlayerService(  744): [8] notify (0x522e8, 200, 704, 7)
D/MstarPlayer(  744): percent: 7
W/MediaPlayer( 1435): info/warning (704, 7)
I/MediaPlayer.java( 1435): Info (704,7)
D/MediaPlayerService(  744): [8] notify (0x522e8, 200, 704, 7)
D/MstarPlayer(  744): percent: 7
W/MediaPlayer( 1435): info/warning (704, 7)
I/MediaPlayer.java( 1435): Info (704,7)
D/MediaPlayerService(  744): [8] notify (0x522e8, 200, 704, 7)
D/MstarPlayer(  744): percent: 7
W/MediaPlayer( 1435): info/warning (704, 7)
I/MediaPlayer.java( 1435): Info (704,7)
D/MediaPlayerService(  744): [8] notify (0x522e8, 200, 704, 7)
D/MstarPlayer(  744): percent: 7
W/MediaPlayer( 1435): info/warning (704, 7)
I/MediaPlayer.java( 1435): Info (704,7)
D/MediaPlayerService(  744): [8] notify (0x522e8, 200, 704, 7)
D/MstarPlayer(  744): percent: 7
W/MediaPlayer( 1435): info/warning (704, 7)
I/MediaPlayer.java( 1435): Info (704,7)
D/MediaPlayerService(  744): [8] notify (0x522e8, 200, 704, 7)
D/MstarPlayer(  744): percent: 7
W/MediaPlayer( 1435): info/warning (704, 7)
I/MediaPlayer.java( 1435): Info (704,7)
D/MediaPlayerService(  744): [8] notify (0x522e8, 200, 704, 7)
D/MstarPlayer(  744): percent: 7
W/MediaPlayer( 1435): info/warning (704, 7)
I/MediaPlayer.java( 1435): Info (704,7)
D/MediaPlayerService(  744): [8] notify (0x522e8, 200, 704, 7)
D/MstarPlayer(  744): percent: 7
W/MediaPlayer( 1435): info/warning (704, 7)
I/MediaPlayer.java( 1435): Info (704,7)
D/DataSource_M3U8(  744): u32HLSSreamNum[0]===>u32BandWidth:1200000 
D/DataSource_M3U8(  744): getHLSPlayListInex  DownloadBandWidth:2646   uInDex=0
D/DataSource_M3U8(  744): [M3U8] checkShouldStartNext :[69](172/172)   sequence:0  start next:70  
D/DataSource_M3U8(  744): 
D/DataSource_M3U8(  744): 
D/DataSource_M3U8(  744): 
D/DataSource_M3U8(  744): [M3U8]-7----->This :0x30fd0 --> post cmd for start next url:http://cibn-iss1.longvisionmedia.com:8088/vod/CIBN2013_CIBN2113040100001913_12001300/70.ts, knowedFileSize:0, mCurDowningIndex:69
D/DataSource_M3U8(  744): 
D/DataSource_M3U8(  744): 
D/Downloader(  744): [downloadThread]Downloader::removeTask  
D/Downloader(  744): [downloadThread]task have range string:0- 
D/MediaPlayerService(  744): [8] notify (0x522e8, 200, 704, 7)
D/MstarPlayer(  744): percent: 7
W/MediaPlayer( 1435): info/warning (704, 7)
I/MediaPlayer.java( 1435): Info (704,7)
D/MediaPlayerService(  744): [8] notify (0x522e8, 200, 704, 7)
D/MstarPlayer(  744): percent: 7
W/MediaPlayer( 1435): info/warning (704, 7)
I/MediaPlayer.java( 1435): Info (704,7)
D/MediaPlayerService(  744): [8] notify (0x522e8, 200, 704, 7)
D/MstarPlayer(  744): percent: 7
W/MediaPlayer( 1435): info/warning (704, 7)
I/MediaPlayer.java( 1435): Info (704,7)
D/MediaPlayerService(  744): [8] notify (0x522e8, 200, 704, 7)
D/MstarPlayer(  744): percent: 7
W/MediaPlayer( 1435): info/warning (704, 7)
I/MediaPlayer.java( 1435): Info (704,7)
D/MediaPlayerService(  744): [8] notify (0x522e8, 200, 704, 7)
D/MstarPlayer(  744): percent: 7
W/MediaPlayer( 1435): info/warning (704, 7)
I/MediaPlayer.java( 1435): Info (704,7)
D/MediaPlayerService(  744): [8] notify (0x522e8, 200, 704, 7)
D/MstarPlayer(  744): percent: 7
W/MediaPlayer( 1435): info/warning (704, 7)
I/MediaPlayer.java( 1435): Info (704,7)
D/MediaPlayerService(  744): [8] notify (0x522e8, 200, 704, 7)
D/MstarPlayer(  744): percent: 7
W/MediaPlayer( 1435): info/warning (704, 7)
I/MediaPlayer.java( 1435): Info (704,7)
D/MediaPlayerService(  744): [8] notify (0x522e8, 200, 704, 7)
D/MstarPlayer(  744): percent: 7
W/MediaPlayer( 1435): info/warning (704, 7)
I/MediaPlayer.java( 1435): Info (704,7)
D/MediaPlayerService(  744): [8] notify (0x522e8, 200, 704, 7)
D/MstarPlayer(  744): percent: 7
W/MediaPlayer( 1435): info/warning (704, 7)
I/MediaPlayer.java( 1435): Info (704,7)
D/MediaPlayerService(  744): [8] notify (0x522e8, 200, 704, 7)
D/MstarPlayer(  744): percent: 7
W/MediaPlayer( 1435): info/warning (704, 7)
I/MediaPlayer.java( 1435): Info (704,7)
D/MediaPlayerService(  744): [8] notify (0x522e8, 200, 704, 7)
D/MstarPlayer(  744): percent: 7
W/MediaPlayer( 1435): info/warning (704, 7)
I/MediaPlayer.java( 1435): Info (704,7)
D/Downloader(  744): Content-Length: 172
D/Downloader(  744): 
D/Downloader(  744): Downloadserver bandWidth:2515
D/Downloader(  744): Downloadserver bandWidth:2515
D/Downloader(  744): Downloadserver bandWidth:2515
D/Downloader(  744): Downloadserver bandWidth:2515
D/DataSource_M3U8(  744): 
D/DataSource_M3U8(  744):  Warnig::  getValidBufferLength()  <  Codec require !!!
D/MediaPlayerService(  744): [8] notify (0x522e8, 200, 704, 7)
D/MstarPlayer(  744): percent: 7
W/MediaPlayer( 1435): info/warning (704, 7)
I/MediaPlayer.java( 1435): Info (704,7)
D/MediaPlayerService(  744): [8] notify (0x522e8, 200, 704, 7)
D/MstarPlayer(  744): percent: 7
W/MediaPlayer( 1435): info/warning (704, 7)
I/MediaPlayer.java( 1435): Info (704,7)
D/MediaPlayerService(  744): [8] notify (0x522e8, 200, 704, 7)
D/MstarPlayer(  744): percent: 7
W/MediaPlayer( 1435): info/warning (704, 7)
I/MediaPlayer.java( 1435): Info (704,7)
D/MediaPlayerService(  744): [8] notify (0x522e8, 200, 704, 7)
D/MstarPlayer(  744): percent: 7
W/MediaPlayer( 1435): info/warning (704, 7)
I/MediaPlayer.java( 1435): Info (704,7)
D/MediaPlayerService(  744): [8] notify (0x522e8, 200, 704, 7)
D/MstarPlayer(  744): percent: 7
W/MediaPlayer( 1435): info/warning (704, 7)
I/MediaPlayer.java( 1435): Info (704,7)
D/dalvikvm( 1505): GC_CONCURRENT freed 457K, 77% free 1394K/6019K, paused 1ms+1ms
D/MediaPlayerService(  744): [8] notify (0x522e8, 200, 704, 7)
D/MstarPlayer(  744): percent: 7
W/MediaPlayer( 1435): info/warning (704, 7)
I/MediaPlayer.java( 1435): Info (704,7)
D/MediaPlayerService(  744): [8] notify (0x522e8, 200, 704, 7)
D/MstarPlayer(  744): percent: 7
W/MediaPlayer( 1435): info/warning (704, 7)
I/MediaPlayer.java( 1435): Info (704,7)
D/MediaPlayerService(  744): [8] notify (0x522e8, 200, 704, 7)
D/MstarPlayer(  744): percent: 7
W/MediaPlayer( 1435): info/warning (704, 7)
I/MediaPlayer.java( 1435): Info (704,7)
D/dalvikvm( 1505): GC_CONCURRENT freed 478K, 79% free 1320K/6019K, paused 1ms+2ms
I//lib/ld-linux.so.3(  748): FrmCnt:1648(2,256,113) Rate:0 Sys:2268606 STC:401713 VPTS:398240 APTS:398598 Delay:-3433(40) V:0 A:0 VES:0x20 AES:0x0 PCM:0x0 AudioErr:0x3
D/MediaPlayerService(  744): [8] notify (0x522e8, 200, 704, 7)
D/MstarPlayer(  744): percent: 7
W/MediaPlayer( 1435): info/warning (704, 7)
I/MediaPlayer.java( 1435): Info (704,7)
D/DataSource_M3U8(  744): u32HLSSreamNum[0]===>u32BandWidth:1200000 
D/DataSource_M3U8(  744): getHLSPlayListInex  DownloadBandWidth:2515   uInDex=0
D/DataSource_M3U8(  744): [M3U8] checkShouldStartNext :[70](172/172)   sequence:0  start next:71  
D/DataSource_M3U8(  744): 
D/DataSource_M3U8(  744): 
D/DataSource_M3U8(  744): 
D/DataSource_M3U8(  744): [M3U8]-7----->This :0x30fd0 --> post cmd for start next url:http://cibn-iss1.longvisionmedia.com:8088/vod/CIBN2013_CIBN2113040100001913_12001300/71.ts, knowedFileSize:0, mCurDowningIndex:70
D/DataSource_M3U8(  744): 
D/DataSource_M3U8(  744): 
D/Downloader(  744): [downloadThread]Downloader::removeTask  
D/Downloader(  744): [downloadThread]task have range string:0- 
D/MediaPlayerService(  744): [8] notify (0x522e8, 200, 704, 7)
D/MstarPlayer(  744): percent: 7
W/MediaPlayer( 1435): info/warning (704, 7)
I/MediaPlayer.java( 1435): Info (704,7)
D/MediaPlayerService(  744): [8] notify (0x522e8, 200, 704, 7)
D/MstarPlayer(  744): percent: 7
W/MediaPlayer( 1435): info/warning (704, 7)
I/MediaPlayer.java( 1435): Info (704,7)
D/dalvikvm( 1505): GC_CONCURRENT freed 394K, 77% free 1434K/6019K, paused 1ms+1ms
D/MediaPlayerService(  744): [8] notify (0x522e8, 200, 704, 7)
D/MstarPlayer(  744): percent: 7
W/MediaPlayer( 1435): info/warning (704, 7)
I/MediaPlayer.java( 1435): Info (704,7)
D/MediaPlayerService(  744): [8] notify (0x522e8, 200, 704, 7)
D/MstarPlayer(  744): percent: 7
W/MediaPlayer( 1435): info/warning (704, 7)
I/MediaPlayer.java( 1435): Info (704,7)
D/MediaPlayerService(  744): [8] notify (0x522e8, 200, 704, 7)
D/MstarPlayer(  744): percent: 7
W/MediaPlayer( 1435): info/warning (704, 7)
I/MediaPlayer.java( 1435): Info (704,7)
D/MediaPlayerService(  744): [8] notify (0x522e8, 200, 704, 7)
D/MstarPlayer(  744): percent: 7
W/MediaPlayer( 1435): info/warning (704, 7)
I/MediaPlayer.java( 1435): Info (704,7)
D/MediaPlayerService(  744): [8] notify (0x522e8, 200, 704, 7)
D/MstarPlayer(  744): percent: 7
W/MediaPlayer( 1435): info/warning (704, 7)
I/MediaPlayer.java( 1435): Info (704,7)
D/MediaPlayerService(  744): [8] notify (0x522e8, 200, 704, 7)
D/MstarPlayer(  744): percent: 7
W/MediaPlayer( 1435): info/warning (704, 7)
I/MediaPlayer.java( 1435): Info (704,7)
D/MediaPlayerService(  744): [8] notify (0x522e8, 200, 704, 7)
D/MstarPlayer(  744): percent: 7
W/MediaPlayer( 1435): info/warning (704, 7)
I/MediaPlayer.java( 1435): Info (704,7)
D/MediaPlayerService(  744): [8] notify (0x522e8, 200, 704, 7)
D/MstarPlayer(  744): percent: 7
W/MediaPlayer( 1435): info/warning (704, 7)
I/MediaPlayer.java( 1435): Info (704,7)
D/MediaPlayerService(  744): [8] notify (0x522e8, 200, 704, 7)
D/MstarPlayer(  744): percent: 7
W/MediaPlayer( 1435): info/warning (704, 7)
I/MediaPlayer.java( 1435): Info (704,7)
D/MediaPlayerService(  744): [8] notify (0x522e8, 200, 704, 7)
D/MstarPlayer(  744): percent: 7
W/MediaPlayer( 1435): info/warning (704, 7)
I/MediaPlayer.java( 1435): Info (704,7)
D/MediaPlayerService(  744): [8] notify (0x522e8, 200, 704, 7)
D/MstarPlayer(  744): percent: 7
W/MediaPlayer( 1435): info/warning (704, 7)
I/MediaPlayer.java( 1435): Info (704,7)
D/MediaPlayerService(  744): [8] notify (0x522e8, 200, 704, 7)
D/MstarPlayer(  744): percent: 7
W/MediaPlayer( 1435): info/warning (704, 7)
I/MediaPlayer.java( 1435): Info (704,7)
D/MediaPlayerService(  744): [8] notify (0x522e8, 200, 704, 7)
D/MstarPlayer(  744): percent: 7
W/MediaPlayer( 1435): info/warning (704, 7)
I/MediaPlayer.java( 1435): Info (704,7)
D/MediaPlayerService(  744): [8] notify (0x522e8, 200, 704, 7)
D/MstarPlayer(  744): percent: 7
W/MediaPlayer( 1435): info/warning (704, 7)
I/MediaPlayer.java( 1435): Info (704,7)
D/MediaPlayerService(  744): [8] notify (0x522e8, 200, 704, 7)
D/MstarPlayer(  744): percent: 7
W/MediaPlayer( 1435): info/warning (704, 7)
I/MediaPlayer.java( 1435): Info (704,7)
D/MediaPlayerService(  744): [8] notify (0x522e8, 200, 704, 7)
D/MstarPlayer(  744): percent: 7
W/MediaPlayer( 1435): info/warning (704, 7)
I/MediaPlayer.java( 1435): Info (704,7)
D/MediaPlayerService(  744): [8] notify (0x522e8, 200, 704, 7)
D/MstarPlayer(  744): percent: 7
W/MediaPlayer( 1435): info/warning (704, 7)
I/MediaPlayer.java( 1435): Info (704,7)
D/MediaPlayerService(  744): [8] notify (0x522e8, 200, 704, 7)
D/MstarPlayer(  744): percent: 7
W/MediaPlayer( 1435): info/warning (704, 7)
I/MediaPlayer.java( 1435): Info (704,7)
D/dalvikvm( 1505): GC_CONCURRENT freed 519K, 79% free 1314K/6019K, paused 1ms+1ms
D/MediaPlayerService(  744): [8] notify (0x522e8, 200, 704, 7)
D/MstarPlayer(  744): percent: 7
W/MediaPlayer( 1435): info/warning (704, 7)
I/MediaPlayer.java( 1435): Info (704,7)
D/MediaPlayerService(  744): [8] notify (0x522e8, 200, 704, 7)
D/MstarPlayer(  744): percent: 7
W/MediaPlayer( 1435): info/warning (704, 7)
I/MediaPlayer.java( 1435): Info (704,7)
D/MediaPlayerService(  744): [8] notify (0x522e8, 200, 704, 7)
D/MstarPlayer(  744): percent: 7
W/MediaPlayer( 1435): info/warning (704, 7)
I/MediaPlayer.java( 1435): Info (704,7)
D/MediaPlayerService(  744): [8] notify (0x522e8, 200, 704, 7)
D/MstarPlayer(  744): percent: 7
W/MediaPlayer( 1435): info/warning (704, 7)
I/MediaPlayer.java( 1435): Info (704,7)
D/MediaPlayerService(  744): [8] notify (0x522e8, 200, 704, 7)
D/MstarPlayer(  744): percent: 7
W/MediaPlayer( 1435): info/warning (704, 7)
I/MediaPlayer.java( 1435): Info (704,7)
D/dalvikvm( 1505): GC_CONCURRENT freed 385K, 77% free 1407K/6019K, paused 1ms+1ms
D/MediaPlayerService(  744): [8] notify (0x522e8, 200, 704, 7)
D/MstarPlayer(  744): percent: 7
W/MediaPlayer( 1435): info/warning (704, 7)
I/MediaPlayer.java( 1435): Info (704,7)
D/MediaPlayerService(  744): [8] notify (0x522e8, 200, 704, 7)
D/MstarPlayer(  744): percent: 7
W/MediaPlayer( 1435): info/warning (704, 7)
I/MediaPlayer.java( 1435): Info (704,7)
D/MediaPlayerService(  744): [8] notify (0x522e8, 200, 704, 7)
D/MstarPlayer(  744): percent: 7
W/MediaPlayer( 1435): info/warning (704, 7)
I/MediaPlayer.java( 1435): Info (704,7)
D/MediaPlayerService(  744): [8] notify (0x522e8, 200, 704, 7)
D/MstarPlayer(  744): percent: 7
W/MediaPlayer( 1435): info/warning (704, 7)
I/MediaPlayer.java( 1435): Info (704,7)
I//lib/ld-linux.so.3(  748): FrmCnt:1648(2,256,113) Rate:0 Sys:2270130 STC:403237 VPTS:398240 APTS:398598 Delay:-4957(40) V:0 A:0 VES:0x20 AES:0x0 PCM:0x0 AudioErr:0x3
D/MediaPlayerService(  744): [8] notify (0x522e8, 200, 704, 7)
D/MstarPlayer(  744): percent: 7
W/MediaPlayer( 1435): info/warning (704, 7)
I/MediaPlayer.java( 1435): Info (704,7)
D/MediaPlayerService(  744): [8] notify (0x522e8, 200, 704, 7)
D/MstarPlayer(  744): percent: 7
W/MediaPlayer( 1435): info/warning (704, 7)
I/MediaPlayer.java( 1435): Info (704,7)
D/MediaPlayerService(  744): [8] notify (0x522e8, 200, 704, 7)
D/MstarPlayer(  744): percent: 7
W/MediaPlayer( 1435): info/warning (704, 7)
I/MediaPlayer.java( 1435): Info (704,7)
D/MediaPlayerService(  744): [8] notify (0x522e8, 200, 704, 7)
D/MstarPlayer(  744): percent: 7
W/MediaPlayer( 1435): info/warning (704, 7)
I/MediaPlayer.java( 1435): Info (704,7)
D/MediaPlayerService(  744): [8] notify (0x522e8, 200, 704, 7)
D/MstarPlayer(  744): percent: 7
W/MediaPlayer( 1435): info/warning (704, 7)
I/MediaPlayer.java( 1435): Info (704,7)
D/MediaPlayerService(  744): [8] notify (0x522e8, 200, 704, 7)
D/MstarPlayer(  744): percent: 7
W/MediaPlayer( 1435): info/warning (704, 7)
I/MediaPlayer.java( 1435): Info (704,7)
D/MediaPlayerService(  744): [8] notify (0x522e8, 200, 704, 7)
D/MstarPlayer(  744): percent: 7
W/MediaPlayer( 1435): info/warning (704, 7)
I/MediaPlayer.java( 1435): Info (704,7)
D/MediaPlayerService(  744): [8] notify (0x522e8, 200, 704, 7)
D/MstarPlayer(  744): percent: 7
W/MediaPlayer( 1435): info/warning (704, 7)
I/MediaPlayer.java( 1435): Info (704,7)
D/MediaPlayerService(  744): [8] notify (0x522e8, 200, 704, 7)
D/MstarPlayer(  744): percent: 7
W/MediaPlayer( 1435): info/warning (704, 7)
I/MediaPlayer.java( 1435): Info (704,7)
D/dalvikvm( 1505): GC_CONCURRENT freed 486K, 79% free 1315K/6019K, paused 1ms+1ms
D/MediaPlayerService(  744): [8] notify (0x522e8, 200, 704, 7)
D/MstarPlayer(  744): percent: 7
W/MediaPlayer( 1435): info/warning (704, 7)
I/MediaPlayer.java( 1435): Info (704,7)
D/MediaPlayerService(  744): [8] notify (0x522e8, 200, 704, 7)
D/MstarPlayer(  744): percent: 7
W/MediaPlayer( 1435): info/warning (704, 7)
I/MediaPlayer.java( 1435): Info (704,7)
D/MediaPlayerService(  744): [8] notify (0x522e8, 200, 704, 7)
D/MstarPlayer(  744): percent: 7
W/MediaPlayer( 1435): info/warning (704, 7)
I/MediaPlayer.java( 1435): Info (704,7)
D/MediaPlayerService(  744): [8] notify (0x522e8, 200, 704, 7)
D/MstarPlayer(  744): percent: 7
W/MediaPlayer( 1435): info/warning (704, 7)
I/MediaPlayer.java( 1435): Info (704,7)
D/MediaPlayerService(  744): [8] notify (0x522e8, 200, 704, 7)
D/MstarPlayer(  744): percent: 7
W/MediaPlayer( 1435): info/warning (704, 7)
I/MediaPlayer.java( 1435): Info (704,7)
D/MediaPlayerService(  744): [8] notify (0x522e8, 200, 704, 7)
D/MstarPlayer(  744): percent: 7
W/MediaPlayer( 1435): info/warning (704, 7)
I/MediaPlayer.java( 1435): Info (704,7)
D/MediaPlayerService(  744): [8] notify (0x522e8, 200, 704, 7)
D/MstarPlayer(  744): percent: 7
W/MediaPlayer( 1435): info/warning (704, 7)
I/MediaPlayer.java( 1435): Info (704,7)
D/MediaPlayerService(  744): [8] notify (0x522e8, 200, 704, 7)
D/MstarPlayer(  744): percent: 7
W/MediaPlayer( 1435): info/warning (704, 7)
I/MediaPlayer.java( 1435): Info (704,7)
D/MediaPlayerService(  744): [8] notify (0x522e8, 200, 704, 7)
D/MstarPlayer(  744): percent: 7
W/MediaPlayer( 1435): info/warning (704, 7)
I/MediaPlayer.java( 1435): Info (704,7)
D/MediaPlayerService(  744): [8] notify (0x522e8, 200, 704, 7)
D/MstarPlayer(  744): percent: 7
W/MediaPlayer( 1435): info/warning (704, 7)
I/MediaPlayer.java( 1435): Info (704,7)
D/MediaPlayerService(  744): [8] notify (0x522e8, 200, 704, 7)
D/MstarPlayer(  744): percent: 7
W/MediaPlayer( 1435): info/warning (704, 7)
I/MediaPlayer.java( 1435): Info (704,7)
D/MediaPlayerService(  744): [8] notify (0x522e8, 200, 704, 7)
D/MstarPlayer(  744): percent: 7
W/MediaPlayer( 1435): info/warning (704, 7)
I/MediaPlayer.java( 1435): Info (704,7)
D/dalvikvm( 1505): GC_CONCURRENT freed 405K, 77% free 1412K/6019K, paused 1ms+1ms
D/MediaPlayerService(  744): [8] notify (0x522e8, 200, 704, 7)
D/MstarPlayer(  744): percent: 7
W/MediaPlayer( 1435): info/warning (704, 7)
I/MediaPlayer.java( 1435): Info (704,7)
D/MediaPlayerService(  744): [8] notify (0x522e8, 200, 704, 7)
D/MstarPlayer(  744): percent: 7
W/MediaPlayer( 1435): info/warning (704, 7)
I/MediaPlayer.java( 1435): Info (704,7)
D/MediaPlayerService(  744): [8] notify (0x522e8, 200, 704, 7)
D/MstarPlayer(  744): percent: 7
W/MediaPlayer( 1435): info/warning (704, 7)
I/MediaPlayer.java( 1435): Info (704,7)
D/MediaPlayerService(  744): [8] notify (0x522e8, 200, 704, 7)
D/MstarPlayer(  744): percent: 7
W/MediaPlayer( 1435): info/warning (704, 7)
I/MediaPlayer.java( 1435): Info (704,7)
D/MediaPlayerService(  744): [8] notify (0x522e8, 200, 704, 7)
D/MstarPlayer(  744): percent: 7
W/MediaPlayer( 1435): info/warning (704, 7)
I/MediaPlayer.java( 1435): Info (704,7)
D/MediaPlayerService(  744): [8] notify (0x522e8, 200, 704, 7)
D/MstarPlayer(  744): percent: 7
W/MediaPlayer( 1435): info/warning (704, 7)
I/MediaPlayer.java( 1435): Info (704,7)
D/MediaPlayerService(  744): [8] notify (0x522e8, 200, 704, 7)
D/MstarPlayer(  744): percent: 7
W/MediaPlayer( 1435): info/warning (704, 7)
I/MediaPlayer.java( 1435): Info (704,7)
D/MediaPlayerService(  744): [8] notify (0x522e8, 200, 704, 7)
D/MstarPlayer(  744): percent: 7
W/MediaPlayer( 1435): info/warning (704, 7)
I/MediaPlayer.java( 1435): Info (704,7)
D/MediaPlayerService(  744): [8] notify (0x522e8, 200, 704, 7)
D/MstarPlayer(  744): percent: 7
W/MediaPlayer( 1435): info/warning (704, 7)
I/MediaPlayer.java( 1435): Info (704,7)
I//lib/ld-linux.so.3(  748): FrmCnt:1648(2,256,113) Rate:0 Sys:2271654 STC:404761 VPTS:398240 APTS:398598 Delay:-6481(40) V:0 A:0 VES:0x20 AES:0x0 PCM:0x0 AudioErr:0x3
D/MediaPlayerService(  744): [8] notify (0x522e8, 200, 704, 7)
D/MstarPlayer(  744): percent: 7
W/MediaPlayer( 1435): info/warning (704, 7)
I/MediaPlayer.java( 1435): Info (704,7)
D/MediaPlayerService(  744): [8] notify (0x522e8, 200, 704, 7)
D/MstarPlayer(  744): percent: 7
W/MediaPlayer( 1435): info/warning (704, 7)
I/MediaPlayer.java( 1435): Info (704,7)
D/MediaPlayerService(  744): [8] notify (0x522e8, 200, 704, 7)
D/MstarPlayer(  744): percent: 7
W/MediaPlayer( 1435): info/warning (704, 7)
I/MediaPlayer.java( 1435): Info (704,7)
D/MediaPlayerService(  744): [8] notify (0x522e8, 200, 704, 7)
D/MstarPlayer(  744): percent: 7
W/MediaPlayer( 1435): info/warning (704, 7)
I/MediaPlayer.java( 1435): Info (704,7)
D/MediaPlayerService(  744): [8] notify (0x522e8, 200, 704, 7)
D/MstarPlayer(  744): percent: 7
W/MediaPlayer( 1435): info/warning (704, 7)
I/MediaPlayer.java( 1435): Info (704,7)
D/MediaPlayerService(  744): [8] notify (0x522e8, 200, 704, 7)
D/MstarPlayer(  744): percent: 7
W/MediaPlayer( 1435): info/warning (704, 7)
I/MediaPlayer.java( 1435): Info (704,7)
D/MediaPlayerService(  744): [8] notify (0x522e8, 200, 704, 7)
D/MstarPlayer(  744): percent: 7
W/MediaPlayer( 1435): info/warning (704, 7)
I/MediaPlayer.java( 1435): Info (704,7)
D/MediaPlayerService(  744): [8] notify (0x522e8, 200, 704, 7)
D/MstarPlayer(  744): percent: 7
W/MediaPlayer( 1435): info/warning (704, 7)
I/MediaPlayer.java( 1435): Info (704,7)
D/MediaPlayerService(  744): [8] notify (0x522e8, 200, 704, 7)
D/MstarPlayer(  744): percent: 7
W/MediaPlayer( 1435): info/warning (704, 7)
I/MediaPlayer.java( 1435): Info (704,7)
D/MediaPlayerService(  744): [8] notify (0x522e8, 200, 704, 7)
D/MstarPlayer(  744): percent: 7
W/MediaPlayer( 1435): info/warning (704, 7)
I/MediaPlayer.java( 1435): Info (704,7)
D/MediaPlayerService(  744): [8] notify (0x522e8, 200, 704, 7)
D/MstarPlayer(  744): percent: 7
W/MediaPlayer( 1435): info/warning (704, 7)
I/MediaPlayer.java( 1435): Info (704,7)
D/MediaPlayerService(  744): [8] notify (0x522e8, 200, 704, 7)
D/MstarPlayer(  744): percent: 7
W/MediaPlayer( 1435): info/warning (704, 7)
I/MediaPlayer.java( 1435): Info (704,7)
D/MediaPlayerService(  744): [8] notify (0x522e8, 200, 704, 7)
D/MstarPlayer(  744): percent: 7
W/MediaPlayer( 1435): info/warning (704, 7)
I/MediaPlayer.java( 1435): Info (704,7)
D/MediaPlayerService(  744): [8] notify (0x522e8, 200, 704, 7)
D/MstarPlayer(  744): percent: 7
W/MediaPlayer( 1435): info/warning (704, 7)
I/MediaPlayer.java( 1435): Info (704,7)
D/MediaPlayerService(  744): [8] notify (0x522e8, 200, 704, 7)
D/MstarPlayer(  744): percent: 7
W/MediaPlayer( 1435): info/warning (704, 7)
I/MediaPlayer.java( 1435): Info (704,7)
D/MediaPlayerService(  744): [8] notify (0x522e8, 200, 704, 7)
D/MstarPlayer(  744): percent: 7
W/MediaPlayer( 1435): info/warning (704, 7)
I/MediaPlayer.java( 1435): Info (704,7)
D/MediaPlayerService(  744): [8] notify (0x522e8, 200, 704, 7)
D/MstarPlayer(  744): percent: 7
W/MediaPlayer( 1435): info/warning (704, 7)
I/MediaPlayer.java( 1435): Info (704,7)
D/MediaPlayerService(  744): [8] notify (0x522e8, 200, 704, 7)
D/MstarPlayer(  744): percent: 7
W/MediaPlayer( 1435): info/warning (704, 7)
I/MediaPlayer.java( 1435): Info (704,7)
D/MediaPlayerService(  744): [8] notify (0x522e8, 200, 704, 7)
D/MstarPlayer(  744): percent: 7
W/MediaPlayer( 1435): info/warning (704, 7)
I/MediaPlayer.java( 1435): Info (704,7)
D/MediaPlayerService(  744): [8] notify (0x522e8, 200, 704, 7)
D/MstarPlayer(  744): percent: 7
W/MediaPlayer( 1435): info/warning (704, 7)
I/MediaPlayer.java( 1435): Info (704,7)
D/MediaPlayerService(  744): [8] notify (0x522e8, 200, 704, 7)
D/MstarPlayer(  744): percent: 7
W/MediaPlayer( 1435): info/warning (704, 7)
I/MediaPlayer.java( 1435): Info (704,7)
D/MediaPlayerService(  744): [8] notify (0x522e8, 200, 704, 7)
D/MstarPlayer(  744): percent: 7
W/MediaPlayer( 1435): info/warning (704, 7)
I/MediaPlayer.java( 1435): Info (704,7)
D/MediaPlayerService(  744): [8] notify (0x522e8, 200, 704, 7)
D/MstarPlayer(  744): percent: 7
W/MediaPlayer( 1435): info/warning (704, 7)
I/MediaPlayer.java( 1435): Info (704,7)
D/MediaPlayerService(  744): [8] notify (0x522e8, 200, 704, 7)
D/MstarPlayer(  744): percent: 7
W/MediaPlayer( 1435): info/warning (704, 7)
I/MediaPlayer.java( 1435): Info (704,7)
D/MediaPlayerService(  744): [8] notify (0x522e8, 200, 704, 7)
D/MstarPlayer(  744): percent: 7
W/MediaPlayer( 1435): info/warning (704, 7)
I/MediaPlayer.java( 1435): Info (704,7)
D/MediaPlayerService(  744): [8] notify (0x522e8, 200, 704, 7)
D/MstarPlayer(  744): percent: 7
W/MediaPlayer( 1435): info/warning (704, 7)
I/MediaPlayer.java( 1435): Info (704,7)
D/MediaPlayerService(  744): [8] notify (0x522e8, 200, 704, 7)
D/MstarPlayer(  744): percent: 7
W/MediaPlayer( 1435): info/warning (704, 7)
I/MediaPlayer.java( 1435): Info (704,7)
D/MediaPlayerService(  744): [8] notify (0x522e8, 200, 704, 7)
D/MstarPlayer(  744): percent: 7
W/MediaPlayer( 1435): info/warning (704, 7)
I/MediaPlayer.java( 1435): Info (704,7)
D/MediaPlayerService(  744): [8] notify (0x522e8, 200, 704, 7)
D/MstarPlayer(  744): percent: 7
W/MediaPlayer( 1435): info/warning (704, 7)
I/MediaPlayer.java( 1435): Info (704,7)
D/MediaPlayerService(  744): [8] notify (0x522e8, 200, 704, 7)
D/MstarPlayer(  744): percent: 7
W/MediaPlayer( 1435): info/warning (704, 7)
I/MediaPlayer.java( 1435): Info (704,7)
I//lib/ld-linux.so.3(  748): FrmCnt:1648(2,256,113) Rate:0 Sys:2273177 STC:406284 VPTS:398240 APTS:398598 Delay:-8004(40) V:0 A:0 VES:0x20 AES:0x0 PCM:0x0 AudioErr:0x3
D/MediaPlayerService(  744): [8] notify (0x522e8, 200, 704, 7)
D/MstarPlayer(  744): percent: 7
W/MediaPlayer( 1435): info/warning (704, 7)
I/MediaPlayer.java( 1435): Info (704,7)
D/MediaPlayerService(  744): [8] notify (0x522e8, 200, 704, 7)
D/MstarPlayer(  744): percent: 7
W/MediaPlayer( 1435): info/warning (704, 7)
I/MediaPlayer.java( 1435): Info (704,7)
D/MediaPlayerService(  744): [8] notify (0x522e8, 200, 704, 7)
D/MstarPlayer(  744): percent: 7
W/MediaPlayer( 1435): info/warning (704, 7)
I/MediaPlayer.java( 1435): Info (704,7)
D/MediaPlayerService(  744): [8] notify (0x522e8, 200, 704, 7)
D/MstarPlayer(  744): percent: 7
W/MediaPlayer( 1435): info/warning (704, 7)
I/MediaPlayer.java( 1435): Info (704,7)
D/MediaPlayerService(  744): [8] notify (0x522e8, 200, 704, 7)
D/MstarPlayer(  744): percent: 7
W/MediaPlayer( 1435): info/warning (704, 7)
I/MediaPlayer.java( 1435): Info (704,7)
D/MediaPlayerService(  744): [8] notify (0x522e8, 200, 704, 7)
D/MstarPlayer(  744): percent: 7
W/MediaPlayer( 1435): info/warning (704, 7)
I/MediaPlayer.java( 1435): Info (704,7)
D/MediaPlayerService(  744): [8] notify (0x522e8, 200, 704, 7)
D/MstarPlayer(  744): percent: 7
W/MediaPlayer( 1435): info/warning (704, 7)
I/MediaPlayer.java( 1435): Info (704,7)
D/MediaPlayerService(  744): [8] notify (0x522e8, 200, 704, 7)
D/MstarPlayer(  744): percent: 7
W/MediaPlayer( 1435): info/warning (704, 7)
I/MediaPlayer.java( 1435): Info (704,7)
D/MediaPlayerService(  744): [8] notify (0x522e8, 200, 704, 7)
D/MstarPlayer(  744): percent: 7
W/MediaPlayer( 1435): info/warning (704, 7)
I/MediaPlayer.java( 1435): Info (704,7)
D/MediaPlayerService(  744): [8] notify (0x522e8, 200, 704, 7)
D/MstarPlayer(  744): percent: 7
W/MediaPlayer( 1435): info/warning (704, 7)
I/MediaPlayer.java( 1435): Info (704,7)
D/MediaPlayerService(  744): [8] notify (0x522e8, 200, 704, 7)
D/MstarPlayer(  744): percent: 7
W/MediaPlayer( 1435): info/warning (704, 7)
I/MediaPlayer.java( 1435): Info (704,7)
D/MediaPlayerService(  744): [8] notify (0x522e8, 200, 704, 7)
D/MstarPlayer(  744): percent: 7
W/MediaPlayer( 1435): info/warning (704, 7)
I/MediaPlayer.java( 1435): Info (704,7)
D/MediaPlayerService(  744): [8] notify (0x522e8, 200, 704, 7)
D/MstarPlayer(  744): percent: 7
W/MediaPlayer( 1435): info/warning (704, 7)
I/MediaPlayer.java( 1435): Info (704,7)
D/MediaPlayerService(  744): [8] notify (0x522e8, 200, 704, 7)
D/MstarPlayer(  744): percent: 7
W/MediaPlayer( 1435): info/warning (704, 7)
I/MediaPlayer.java( 1435): Info (704,7)
D/MediaPlayerService(  744): [8] notify (0x522e8, 200, 704, 7)
D/MstarPlayer(  744): percent: 7
W/MediaPlayer( 1435): info/warning (704, 7)
I/MediaPlayer.java( 1435): Info (704,7)
D/MediaPlayerService(  744): [8] notify (0x522e8, 200, 704, 7)
D/MstarPlayer(  744): percent: 7
W/MediaPlayer( 1435): info/warning (704, 7)
I/MediaPlayer.java( 1435): Info (704,7)
D/MediaPlayerService(  744): [8] notify (0x522e8, 200, 704, 7)
D/MstarPlayer(  744): percent: 7
W/MediaPlayer( 1435): info/warning (704, 7)
I/MediaPlayer.java( 1435): Info (704,7)
D/MediaPlayerService(  744): [8] notify (0x522e8, 200, 704, 7)
D/MstarPlayer(  744): percent: 7
W/MediaPlayer( 1435): info/warning (704, 7)
I/MediaPlayer.java( 1435): Info (704,7)
D/MediaPlayerService(  744): [8] notify (0x522e8, 200, 704, 7)
D/MstarPlayer(  744): percent: 7
W/MediaPlayer( 1435): info/warning (704, 7)
I/MediaPlayer.java( 1435): Info (704,7)
D/MediaPlayerService(  744): [8] notify (0x522e8, 200, 704, 7)
D/MstarPlayer(  744): percent: 7
W/MediaPlayer( 1435): info/warning (704, 7)
I/MediaPlayer.java( 1435): Info (704,7)
D/MediaPlayerService(  744): [8] notify (0x522e8, 200, 704, 7)
D/MstarPlayer(  744): percent: 7
W/MediaPlayer( 1435): info/warning (704, 7)
I/MediaPlayer.java( 1435): Info (704,7)
D/MediaPlayerService(  744): [8] notify (0x522e8, 200, 704, 7)
D/MstarPlayer(  744): percent: 7
W/MediaPlayer( 1435): info/warning (704, 7)
I/MediaPlayer.java( 1435): Info (704,7)
D/MediaPlayerService(  744): [8] notify (0x522e8, 200, 704, 7)
D/MstarPlayer(  744): percent: 7
W/MediaPlayer( 1435): info/warning (704, 7)
I/MediaPlayer.java( 1435): Info (704,7)
D/MediaPlayerService(  744): [8] notify (0x522e8, 200, 704, 7)
D/MstarPlayer(  744): percent: 7
W/MediaPlayer( 1435): info/warning (704, 7)
I/MediaPlayer.java( 1435): Info (704,7)
D/MediaPlayerService(  744): [8] notify (0x522e8, 200, 704, 7)
D/MstarPlayer(  744): percent: 7
W/MediaPlayer( 1435): info/warning (704, 7)
I/MediaPlayer.java( 1435): Info (704,7)
D/MediaPlayerService(  744): [8] notify (0x522e8, 200, 704, 7)
D/MstarPlayer(  744): percent: 7
W/MediaPlayer( 1435): info/warning (704, 7)
I/MediaPlayer.java( 1435): Info (704,7)
D/MediaPlayerService(  744): [8] notify (0x522e8, 200, 704, 7)
D/MstarPlayer(  744): percent: 7
W/MediaPlayer( 1435): info/warning (704, 7)
I/MediaPlayer.java( 1435): Info (704,7)
D/MediaPlayerService(  744): [8] notify (0x522e8, 200, 704, 7)
D/MstarPlayer(  744): percent: 7
W/MediaPlayer( 1435): info/warning (704, 7)
I/MediaPlayer.java( 1435): Info (704,7)
D/MediaPlayerService(  744): [8] notify (0x522e8, 200, 704, 7)
D/MstarPlayer(  744): percent: 7
W/MediaPlayer( 1435): info/warning (704, 7)
I/MediaPlayer.java( 1435): Info (704,7)
D/DataSource_M3U8(  744): 
D/DataSource_M3U8(  744): ================================
D/DataSource_M3U8(  744): 
D/DataSource_M3U8(  744): Warnig: Reconnect again! mCurDowningIndex:70 
D/DataSource_M3U8(  744):  Reconnect Url : http://cibn-iss1.longvisionmedia.com:8088/vod/CIBN2013_CIBN2113040100001913_12001300/71.ts 
D/DataSource_M3U8(  744): 
D/DataSource_M3U8(  744): ================================
D/MediaPlayerService(  744): [8] notify (0x522e8, 200, 704, 7)
D/MstarPlayer(  744): percent: 7
W/MediaPlayer( 1435): info/warning (704, 7)
I/MediaPlayer.java( 1435): Info (704,7)
I//lib/ld-linux.so.3(  748): FrmCnt:1648(2,256,113) Rate:0 Sys:2274694 STC:407801 VPTS:398240 APTS:398598 Delay:-9521(40) V:0 A:0 VES:0x20 AES:0x0 PCM:0x0 AudioErr:0x3
D/MediaPlayerService(  744): [8] notify (0x522e8, 200, 704, 7)
D/MstarPlayer(  744): percent: 7
W/MediaPlayer( 1435): info/warning (704, 7)
I/MediaPlayer.java( 1435): Info (704,7)
D/MediaPlayerService(  744): [8] notify (0x522e8, 200, 704, 7)
D/MstarPlayer(  744): percent: 7
W/MediaPlayer( 1435): info/warning (704, 7)
I/MediaPlayer.java( 1435): Info (704,7)
D/Downloader(  744): [downloadThread]Downloader::removeTask  
D/MediaPlayerService(  744): [8] notify (0x522e8, 200, 704, 7)
D/MstarPlayer(  744): percent: 7
W/MediaPlayer( 1435): info/warning (704, 7)
I/MediaPlayer.java( 1435): Info (704,7)
D/MediaPlayerService(  744): [8] notify (0x522e8, 200, 704, 7)
D/MstarPlayer(  744): percent: 7
W/MediaPlayer( 1435): info/warning (704, 7)
I/MediaPlayer.java( 1435): Info (704,7)
D/MediaPlayerService(  744): [8] notify (0x522e8, 200, 704, 7)
D/MstarPlayer(  744): percent: 7
W/MediaPlayer( 1435): info/warning (704, 7)
I/MediaPlayer.java( 1435): Info (704,7)
D/MediaPlayerService(  744): [8] notify (0x522e8, 200, 704, 7)
D/MstarPlayer(  744): percent: 7
W/MediaPlayer( 1435): info/warning (704, 7)
I/MediaPlayer.java( 1435): Info (704,7)
D/MediaPlayerService(  744): [8] notify (0x522e8, 200, 704, 7)
D/MstarPlayer(  744): percent: 7
W/MediaPlayer( 1435): info/warning (704, 7)
I/MediaPlayer.java( 1435): Info (704,7)
D/MediaPlayerService(  744): [8] notify (0x522e8, 200, 704, 7)
D/MstarPlayer(  744): percent: 7
W/MediaPlayer( 1435): info/warning (704, 7)
I/MediaPlayer.java( 1435): Info (704,7)
D/MediaPlayerService(  744): [8] notify (0x522e8, 200, 704, 7)
D/MstarPlayer(  744): percent: 7
W/MediaPlayer( 1435): info/warning (704, 7)
I/MediaPlayer.java( 1435): Info (704,7)
D/HomePlayerLib( 1505): hostaddress count is 1
D/MediaPlayerService(  744): [8] notify (0x522e8, 200, 704, 7)
D/MstarPlayer(  744): percent: 7
W/MediaPlayer( 1435): info/warning (704, 7)
I/MediaPlayer.java( 1435): Info (704,7)
D/dalvikvm( 1505): GC_CONCURRENT freed 503K, 79% free 1299K/6019K, paused 1ms+1ms
D/MediaPlayerService(  744): [8] notify (0x522e8, 200, 704, 7)
D/MstarPlayer(  744): percent: 7
W/MediaPlayer( 1435): info/warning (704, 7)
I/MediaPlayer.java( 1435): Info (704,7)
D/Downloader(  744): Content-Length: 172
D/Downloader(  744): 
D/Downloader(  744): Downloadserver bandWidth:3120
D/Downloader(  744): Downloadserver bandWidth:3120
D/Downloader(  744): Downloadserver bandWidth:3120
D/Downloader(  744): Downloadserver bandWidth:3120
D/dalvikvm( 1505): GC_CONCURRENT freed 389K, 77% free 1394K/6019K, paused 1ms+1ms
D/MediaPlayerService(  744): [8] notify (0x522e8, 200, 704, 7)
D/MstarPlayer(  744): percent: 7
W/MediaPlayer( 1435): info/warning (704, 7)
I/MediaPlayer.java( 1435): Info (704,7)
D/DataSource_M3U8(  744): 
D/DataSource_M3U8(  744):  Warnig::  getValidBufferLength()  <  Codec require !!!
D/dalvikvm( 1505): GC_CONCURRENT freed 486K, 77% free 1400K/6019K, paused 1ms+1ms
D/MediaPlayerService(  744): [8] notify (0x522e8, 200, 704, 7)
D/MstarPlayer(  744): percent: 7
W/MediaPlayer( 1435): info/warning (704, 7)
I/MediaPlayer.java( 1435): Info (704,7)
D/MediaPlayerService(  744): [8] notify (0x522e8, 200, 704, 7)
D/MstarPlayer(  744): percent: 7
W/MediaPlayer( 1435): info/warning (704, 7)
I/MediaPlayer.java( 1435): Info (704,7)
D/MediaPlayerService(  744): [8] notify (0x522e8, 200, 704, 7)
D/MstarPlayer(  744): percent: 7
W/MediaPlayer( 1435): info/warning (704, 7)
I/MediaPlayer.java( 1435): Info (704,7)
D/MediaPlayerService(  744): [8] notify (0x522e8, 200, 704, 7)
D/MstarPlayer(  744): percent: 7
W/MediaPlayer( 1435): info/warning (704, 7)
I/MediaPlayer.java( 1435): Info (704,7)
D/dalvikvm( 1505): GC_CONCURRENT freed 481K, 78% free 1362K/6019K, paused 0ms+1ms
D/MediaPlayerService(  744): [8] notify (0x522e8, 200, 704, 7)
D/MstarPlayer(  744): percent: 7
W/MediaPlayer( 1435): info/warning (704, 7)
I/MediaPlayer.java( 1435): Info (704,7)
D/MediaPlayerService(  744): [8] notify (0x522e8, 200, 704, 7)
D/MstarPlayer(  744): percent: 7
W/MediaPlayer( 1435): info/warning (704, 7)
I/MediaPlayer.java( 1435): Info (704,7)
D/dalvikvm( 1505): GC_CONCURRENT freed 381K, 76% free 1492K/6019K, paused 1ms+1ms
D/MediaPlayerService(  744): [8] notify (0x522e8, 200, 704, 7)
D/MstarPlayer(  744): percent: 7
W/MediaPlayer( 1435): info/warning (704, 7)
I/MediaPlayer.java( 1435): Info (704,7)
D/MediaPlayerService(  744): [8] notify (0x522e8, 200, 704, 7)
D/MstarPlayer(  744): percent: 7
W/MediaPlayer( 1435): info/warning (704, 7)
I/MediaPlayer.java( 1435): Info (704,7)
D/dalvikvm( 1505): GC_CONCURRENT freed 563K, 77% free 1439K/6019K, paused 1ms+1ms
D/MediaPlayerService(  744): [8] notify (0x522e8, 200, 704, 7)
D/MstarPlayer(  744): percent: 7
W/MediaPlayer( 1435): info/warning (704, 7)
I/MediaPlayer.java( 1435): Info (704,7)
D/MediaPlayerService(  744): [8] notify (0x522e8, 200, 704, 7)
D/MstarPlayer(  744): percent: 7
W/MediaPlayer( 1435): info/warning (704, 7)
I/MediaPlayer.java( 1435): Info (704,7)
D/MediaPlayerService(  744): [8] notify (0x522e8, 200, 704, 7)
D/MstarPlayer(  744): percent: 7
W/MediaPlayer( 1435): info/warning (704, 7)
I/MediaPlayer.java( 1435): Info (704,7)
D/dalvikvm( 1505): GC_CONCURRENT freed 488K, 77% free 1423K/6019K, paused 1ms+1ms
D/MediaPlayerService(  744): [8] notify (0x522e8, 200, 704, 7)
D/MstarPlayer(  744): percent: 7
W/MediaPlayer( 1435): info/warning (704, 7)
I/MediaPlayer.java( 1435): Info (704,7)
D/dalvikvm( 1505): GC_CONCURRENT freed 493K, 78% free 1360K/6019K, paused 1ms+1ms
D/MediaPlayerService(  744): [8] notify (0x522e8, 200, 704, 7)
D/MstarPlayer(  744): percent: 7
W/MediaPlayer( 1435): info/warning (704, 7)
I/MediaPlayer.java( 1435): Info (704,7)
D/MediaPlayerService(  744): [8] notify (0x522e8, 200, 704, 7)
D/MstarPlayer(  744): percent: 7
W/MediaPlayer( 1435): info/warning (704, 7)
I/MediaPlayer.java( 1435): Info (704,7)
D/MediaPlayerService(  744): [8] notify (0x522e8, 200, 704, 7)
D/MstarPlayer(  744): percent: 7
W/MediaPlayer( 1435): info/warning (704, 7)
I/MediaPlayer.java( 1435): Info (704,7)
D/MediaPlayerService(  744): [8] notify (0x522e8, 200, 704, 7)
D/MstarPlayer(  744): percent: 7
W/MediaPlayer( 1435): info/warning (704, 7)
I/MediaPlayer.java( 1435): Info (704,7)
D/MediaPlayerService(  744): [8] notify (0x522e8, 200, 704, 7)
D/MstarPlayer(  744): percent: 7
W/MediaPlayer( 1435): info/warning (704, 7)
I/MediaPlayer.java( 1435): Info (704,7)
D/DataSource_M3U8(  744): u32HLSSreamNum[0]===>u32BandWidth:1200000 
D/DataSource_M3U8(  744): getHLSPlayListInex  DownloadBandWidth:3120   uInDex=0
D/DataSource_M3U8(  744): [M3U8] checkShouldStartNext :[71](172/172)   sequence:0  start next:72  
D/DataSource_M3U8(  744): 
D/DataSource_M3U8(  744): 
D/DataSource_M3U8(  744): 
D/DataSource_M3U8(  744): [M3U8]-7----->This :0x30fd0 --> post cmd for start next url:http://cibn-iss1.longvisionmedia.com:8088/vod/CIBN2013_CIBN2113040100001913_12001300/72.ts, knowedFileSize:0, mCurDowningIndex:71
D/DataSource_M3U8(  744): 
D/DataSource_M3U8(  744): 
D/Downloader(  744): [downloadThread]Downloader::removeTask  
D/Downloader(  744): [downloadThread]task have range string:0- 
D/MediaPlayerService(  744): [8] notify (0x522e8, 200, 704, 7)
D/MstarPlayer(  744): percent: 7
W/MediaPlayer( 1435): info/warning (704, 7)
I/MediaPlayer.java( 1435): Info (704,7)
I//lib/ld-linux.so.3(  748): FrmCnt:1648(2,256,113) Rate:0 Sys:2276217 STC:409324 VPTS:398240 APTS:398598 Delay:-11044(40) V:0 A:0 VES:0x20 AES:0x0 PCM:0x0 AudioErr:0x3
D/dalvikvm( 1505): GC_CONCURRENT freed 434K, 77% free 1433K/6019K, paused 1ms+1ms
D/MediaPlayerService(  744): [8] notify (0x522e8, 200, 704, 7)
D/MstarPlayer(  744): percent: 7
W/MediaPlayer( 1435): info/warning (704, 7)
I/MediaPlayer.java( 1435): Info (704,7)
D/MediaPlayerService(  744): [8] notify (0x522e8, 200, 704, 7)
D/MstarPlayer(  744): percent: 7
W/MediaPlayer( 1435): info/warning (704, 7)
I/MediaPlayer.java( 1435): Info (704,7)
D/MediaPlayerService(  744): [8] notify (0x522e8, 200, 704, 7)
D/MstarPlayer(  744): percent: 7
W/MediaPlayer( 1435): info/warning (704, 7)
I/MediaPlayer.java( 1435): Info (704,7)
D/MediaPlayerService(  744): [8] notify (0x522e8, 200, 704, 7)
D/MstarPlayer(  744): percent: 7
W/MediaPlayer( 1435): info/warning (704, 7)
I/MediaPlayer.java( 1435): Info (704,7)
D/MediaPlayerService(  744): [8] notify (0x522e8, 200, 704, 7)
D/MstarPlayer(  744): percent: 7
W/MediaPlayer( 1435): info/warning (704, 7)
I/MediaPlayer.java( 1435): Info (704,7)
D/MediaPlayerService(  744): [8] notify (0x522e8, 200, 704, 7)
D/MstarPlayer(  744): percent: 7
W/MediaPlayer( 1435): info/warning (704, 7)
I/MediaPlayer.java( 1435): Info (704,7)
D/MediaPlayerService(  744): [8] notify (0x522e8, 200, 704, 7)
D/MstarPlayer(  744): percent: 7
W/MediaPlayer( 1435): info/warning (704, 7)
I/MediaPlayer.java( 1435): Info (704,7)
D/MediaPlayerService(  744): [8] notify (0x522e8, 200, 704, 7)
W/MediaPlayer( 1435): info/warning (704, 7)
D/MstarPlayer(  744): percent: 7
I/MediaPlayer.java( 1435): Info (704,7)
D/MediaPlayerService(  744): [8] notify (0x522e8, 200, 704, 7)
D/MstarPlayer(  744): percent: 7
W/MediaPlayer( 1435): info/warning (704, 7)
I/MediaPlayer.java( 1435): Info (704,7)
D/Downloader(  744): Content-Length: 172
D/Downloader(  744): 
D/Downloader(  744): Downloadserver bandWidth:2646
D/Downloader(  744): Downloadserver bandWidth:2646
D/Downloader(  744): Downloadserver bandWidth:2646
D/Downloader(  744): Downloadserver bandWidth:2646
D/MediaPlayerService(  744): [8] notify (0x522e8, 200, 704, 7)
D/MstarPlayer(  744): percent: 7
W/MediaPlayer( 1435): info/warning (704, 7)
I/MediaPlayer.java( 1435): Info (704,7)
D/MediaPlayerService(  744): [8] notify (0x522e8, 200, 704, 7)
W/MediaPlayer( 1435): info/warning (704, 7)
I/MediaPlayer.java( 1435): Info (704,7)
D/MstarPlayer(  744): percent: 7
D/MediaPlayerService(  744): [8] notify (0x522e8, 200, 704, 7)
D/MstarPlayer(  744): percent: 7
W/MediaPlayer( 1435): info/warning (704, 7)
I/MediaPlayer.java( 1435): Info (704,7)
D/MediaPlayerService(  744): [8] notify (0x522e8, 200, 704, 7)
D/MstarPlayer(  744): percent: 7
W/MediaPlayer( 1435): info/warning (704, 7)
I/MediaPlayer.java( 1435): Info (704,7)
D/MediaPlayerService(  744): [8] notify (0x522e8, 200, 704, 7)
W/MediaPlayer( 1435): info/warning (704, 7)
I/MediaPlayer.java( 1435): Info (704,7)
D/MstarPlayer(  744): percent: 7
D/MediaPlayerService(  744): [8] notify (0x522e8, 200, 704, 7)
D/MstarPlayer(  744): percent: 7
W/MediaPlayer( 1435): info/warning (704, 7)
I/MediaPlayer.java( 1435): Info (704,7)
D/MediaPlayerService(  744): [8] notify (0x522e8, 200, 704, 7)
D/MstarPlayer(  744): percent: 7
W/MediaPlayer( 1435): info/warning (704, 7)
I/MediaPlayer.java( 1435): Info (704,7)
D/MediaPlayerService(  744): [8] notify (0x522e8, 200, 704, 7)
W/MediaPlayer( 1435): info/warning (704, 7)
D/MstarPlayer(  744): percent: 7
I/MediaPlayer.java( 1435): Info (704,7)
D/MediaPlayerService(  744): [8] notify (0x522e8, 200, 704, 7)
D/MstarPlayer(  744): percent: 7
W/MediaPlayer( 1435): info/warning (704, 7)
I/MediaPlayer.java( 1435): Info (704,7)
D/MediaPlayerService(  744): [8] notify (0x522e8, 200, 704, 7)
D/MstarPlayer(  744): percent: 7
W/MediaPlayer( 1435): info/warning (704, 7)
I/MediaPlayer.java( 1435): Info (704,7)
D/DataSource_M3U8(  744): u32HLSSreamNum[0]===>u32BandWidth:1200000 
D/DataSource_M3U8(  744): getHLSPlayListInex  DownloadBandWidth:2646   uInDex=0
D/DataSource_M3U8(  744): [M3U8] checkShouldStartNext :[72](172/172)   sequence:0  start next:73  
D/DataSource_M3U8(  744): 
D/DataSource_M3U8(  744): 
D/DataSource_M3U8(  744): 
D/DataSource_M3U8(  744): [M3U8]-7----->This :0x30fd0 --> post cmd for start next url:http://cibn-iss1.longvisionmedia.com:8088/vod/CIBN2013_CIBN2113040100001913_12001300/73.ts, knowedFileSize:0, mCurDowningIndex:72
D/DataSource_M3U8(  744): 
D/DataSource_M3U8(  744): 
D/Downloader(  744): [downloadThread]Downloader::removeTask  
D/Downloader(  744): [downloadThread]task have range string:0- 
D/MediaPlayerService(  744): [8] notify (0x522e8, 3, 17, 0)
D/MediaPlayerService(  744): [8] notify (0x522e8, 200, 704, 7)
D/MstarPlayer(  744): percent: 7
W/MediaPlayer( 1435): info/warning (704, 7)
I/MediaPlayer.java( 1435): Info (704,7)
D/MediaPlayerService(  744): [8] notify (0x522e8, 200, 704, 7)
D/MstarPlayer(  744): percent: 7
W/MediaPlayer( 1435): info/warning (704, 7)
I/MediaPlayer.java( 1435): Info (704,7)
D/DataSource_M3U8(  744): 
D/DataSource_M3U8(  744):  Warnig::  getValidBufferLength()  <  Codec require !!!
D/MediaPlayerService(  744): [8] notify (0x522e8, 200, 704, 7)
W/MediaPlayer( 1435): info/warning (704, 7)
D/MstarPlayer(  744): percent: 7
I/MediaPlayer.java( 1435): Info (704,7)
D/MediaPlayerService(  744): [8] notify (0x522e8, 200, 704, 7)
D/MstarPlayer(  744): percent: 7
W/MediaPlayer( 1435): info/warning (704, 7)
I/MediaPlayer.java( 1435): Info (704,7)
D/MediaPlayerService(  744): [8] notify (0x522e8, 200, 704, 7)
D/MstarPlayer(  744): percent: 7
W/MediaPlayer( 1435): info/warning (704, 7)
I/MediaPlayer.java( 1435): Info (704,7)
D/MediaPlayerService(  744): [8] notify (0x522e8, 200, 704, 7)
W/MediaPlayer( 1435): info/warning (704, 7)
D/MstarPlayer(  744): percent: 7
I/MediaPlayer.java( 1435): Info (704,7)
D/MediaPlayerService(  744): [8] notify (0x522e8, 200, 704, 7)
D/MstarPlayer(  744): percent: 7
W/MediaPlayer( 1435): info/warning (704, 7)
I/MediaPlayer.java( 1435): Info (704,7)
D/MediaPlayerService(  744): [8] notify (0x522e8, 200, 704, 7)
W/MediaPlayer( 1435): info/warning (704, 7)
D/MstarPlayer(  744): percent: 7
I/MediaPlayer.java( 1435): Info (704,7)
D/MediaPlayerService(  744): [8] notify (0x522e8, 200, 704, 7)
W/MediaPlayer( 1435): info/warning (704, 7)
I/MediaPlayer.java( 1435): Info (704,7)
D/MstarPlayer(  744): percent: 7
D/MediaPlayerService(  744): [8] notify (0x522e8, 200, 704, 7)
D/MstarPlayer(  744): percent: 7
W/MediaPlayer( 1435): info/warning (704, 7)
I/MediaPlayer.java( 1435): Info (704,7)
D/MediaPlayerService(  744): [8] notify (0x522e8, 200, 704, 7)
W/MediaPlayer( 1435): info/warning (704, 7)
I/MediaPlayer.java( 1435): Info (704,7)
D/MstarPlayer(  744): percent: 7
I//lib/ld-linux.so.3(  748): FrmCnt:1648(2,256,113) Rate:0 Sys:2277736 STC:410843 VPTS:398240 APTS:398598 Delay:-12563(40) V:0 A:0 VES:0x20 AES:0x0 PCM:0x0 AudioErr:0x3
D/MediaPlayerService(  744): [8] notify (0x522e8, 200, 704, 7)
W/MediaPlayer( 1435): info/warning (704, 7)
I/MediaPlayer.java( 1435): Info (704,7)
D/MstarPlayer(  744): percent: 7
D/MediaPlayerService(  744): [8] notify (0x522e8, 200, 704, 7)
D/MstarPlayer(  744): percent: 7
W/MediaPlayer( 1435): info/warning (704, 7)
I/MediaPlayer.java( 1435): Info (704,7)
D/MediaPlayerService(  744): [8] notify (0x522e8, 200, 704, 7)
W/MediaPlayer( 1435): info/warning (704, 7)
I/MediaPlayer.java( 1435): Info (704,7)
D/MstarPlayer(  744): percent: 7
D/MediaPlayerService(  744): [8] notify (0x522e8, 200, 704, 7)
W/MediaPlayer( 1435): info/warning (704, 7)
I/MediaPlayer.java( 1435): Info (704,7)
D/MstarPlayer(  744): percent: 7
D/MediaPlayerService(  744): [8] notify (0x522e8, 200, 704, 7)
D/MstarPlayer(  744): percent: 7
W/MediaPlayer( 1435): info/warning (704, 7)
I/MediaPlayer.java( 1435): Info (704,7)
D/MediaPlayerService(  744): [8] notify (0x522e8, 200, 704, 7)
W/MediaPlayer( 1435): info/warning (704, 7)
I/MediaPlayer.java( 1435): Info (704,7)
D/MstarPlayer(  744): percent: 7
D/MediaPlayerService(  744): [8] notify (0x522e8, 200, 704, 7)
W/MediaPlayer( 1435): info/warning (704, 7)
D/MstarPlayer(  744): percent: 7
I/MediaPlayer.java( 1435): Info (704,7)
D/MediaPlayerService(  744): [8] notify (0x522e8, 200, 704, 7)
W/MediaPlayer( 1435): info/warning (704, 7)
D/MstarPlayer(  744): percent: 7
I/MediaPlayer.java( 1435): Info (704,7)
D/MediaPlayerService(  744): [8] notify (0x522e8, 200, 704, 7)
W/MediaPlayer( 1435): info/warning (704, 7)
I/MediaPlayer.java( 1435): Info (704,7)
D/MstarPlayer(  744): percent: 7
D/MediaPlayerService(  744): [8] notify (0x522e8, 200, 704, 7)
W/MediaPlayer( 1435): info/warning (704, 7)
I/MediaPlayer.java( 1435): Info (704,7)
D/MstarPlayer(  744): percent: 7
D/MediaPlayerService(  744): [8] notify (0x522e8, 200, 704, 7)
W/MediaPlayer( 1435): info/warning (704, 7)
D/MstarPlayer(  744): percent: 7
I/MediaPlayer.java( 1435): Info (704,7)
D/MediaPlayerService(  744): [8] notify (0x522e8, 200, 704, 7)
W/MediaPlayer( 1435): info/warning (704, 7)
I/MediaPlayer.java( 1435): Info (704,7)
D/MstarPlayer(  744): percent: 7
D/MediaPlayerService(  744): [8] notify (0x522e8, 200, 704, 7)
W/MediaPlayer( 1435): info/warning (704, 7)
I/MediaPlayer.java( 1435): Info (704,7)
D/MstarPlayer(  744): percent: 7
D/Downloader(  744): Content-Length: 172
D/Downloader(  744): 
D/Downloader(  744): Downloadserver bandWidth:1109
D/Downloader(  744): Downloadserver bandWidth:1109
D/Downloader(  744): Downloadserver bandWidth:1109
D/Downloader(  744): Downloadserver bandWidth:1109
D/MediaPlayerService(  744): [8] notify (0x522e8, 200, 704, 7)
D/MstarPlayer(  744): percent: 7
W/MediaPlayer( 1435): info/warning (704, 7)
I/MediaPlayer.java( 1435): Info (704,7)
D/MediaPlayerService(  744): [8] notify (0x522e8, 200, 704, 7)
W/MediaPlayer( 1435): info/warning (704, 7)
I/MediaPlayer.java( 1435): Info (704,7)
D/MstarPlayer(  744): percent: 7
D/MediaPlayerService(  744): [8] notify (0x522e8, 200, 704, 7)
W/MediaPlayer( 1435): info/warning (704, 7)
I/MediaPlayer.java( 1435): Info (704,7)
D/MstarPlayer(  744): percent: 7
D/MediaPlayerService(  744): [8] notify (0x522e8, 200, 704, 7)
W/MediaPlayer( 1435): info/warning (704, 7)
D/MstarPlayer(  744): percent: 7
I/MediaPlayer.java( 1435): Info (704,7)
D/MediaPlayerService(  744): [8] notify (0x522e8, 200, 704, 7)
D/MstarPlayer(  744): percent: 7
W/MediaPlayer( 1435): info/warning (704, 7)
I/MediaPlayer.java( 1435): Info (704,7)
D/MediaPlayerService(  744): [8] notify (0x522e8, 200, 704, 7)
D/MstarPlayer(  744): percent: 7
W/MediaPlayer( 1435): info/warning (704, 7)
I/MediaPlayer.java( 1435): Info (704,7)
D/DataSource_M3U8(  744): u32HLSSreamNum[0]===>u32BandWidth:1200000 
D/DataSource_M3U8(  744): getHLSPlayListInex  DownloadBandWidth:1109   uInDex=0
D/DataSource_M3U8(  744): [M3U8] checkShouldStartNext :[73](172/172)   sequence:0  start next:74  
D/DataSource_M3U8(  744): 
D/DataSource_M3U8(  744): 
D/DataSource_M3U8(  744): 
D/DataSource_M3U8(  744): [M3U8]-7----->This :0x30fd0 --> post cmd for start next url:http://cibn-iss1.longvisionmedia.com:8088/vod/CIBN2013_CIBN2113040100001913_12001300/74.ts, knowedFileSize:0, mCurDowningIndex:73
D/DataSource_M3U8(  744): 
D/DataSource_M3U8(  744): 
D/Downloader(  744): [downloadThread]Downloader::removeTask  
D/Downloader(  744): [downloadThread]task have range string:0- 
D/MediaPlayerService(  744): [8] notify (0x522e8, 200, 704, 7)
D/MstarPlayer(  744): percent: 7
W/MediaPlayer( 1435): info/warning (704, 7)
I/MediaPlayer.java( 1435): Info (704,7)
D/MediaPlayerService(  744): [8] notify (0x522e8, 200, 704, 7)
D/MstarPlayer(  744): percent: 7
W/MediaPlayer( 1435): info/warning (704, 7)
I/MediaPlayer.java( 1435): Info (704,7)
D/MediaPlayerService(  744): [8] notify (0x522e8, 200, 704, 7)
D/MstarPlayer(  744): percent: 7
W/MediaPlayer( 1435): info/warning (704, 7)
I/MediaPlayer.java( 1435): Info (704,7)
D/dalvikvm( 1505): GC_CONCURRENT freed 500K, 77% free 1407K/6019K, paused 1ms+1ms
D/MediaPlayerService(  744): [8] notify (0x522e8, 200, 704, 7)
D/MstarPlayer(  744): percent: 7
W/MediaPlayer( 1435): info/warning (704, 7)
I/MediaPlayer.java( 1435): Info (704,7)
D/MediaPlayerService(  744): [8] notify (0x522e8, 200, 704, 7)
D/MstarPlayer(  744): percent: 7
W/MediaPlayer( 1435): info/warning (704, 7)
I/MediaPlayer.java( 1435): Info (704,7)
D/MediaPlayerService(  744): [8] notify (0x522e8, 200, 704, 7)
D/MstarPlayer(  744): percent: 7
W/MediaPlayer( 1435): info/warning (704, 7)
I/MediaPlayer.java( 1435): Info (704,7)
D/dalvikvm( 1505): GC_CONCURRENT freed 474K, 78% free 1370K/6019K, paused 1ms+1ms
D/Downloader(  744): Content-Length: 172
D/Downloader(  744): 
D/Downloader(  744): Downloadserver bandWidth:4000
D/Downloader(  744): Downloadserver bandWidth:4000
D/Downloader(  744): Downloadserver bandWidth:4000
D/Downloader(  744): Downloadserver bandWidth:4000
D/MediaPlayerService(  744): [8] notify (0x522e8, 200, 704, 7)
D/MstarPlayer(  744): percent: 7
W/MediaPlayer( 1435): info/warning (704, 7)
I/MediaPlayer.java( 1435): Info (704,7)
D/MediaPlayerService(  744): [8] notify (0x522e8, 200, 704, 7)
D/MstarPlayer(  744): percent: 7
W/MediaPlayer( 1435): info/warning (704, 7)
I/MediaPlayer.java( 1435): Info (704,7)
D/MediaPlayerService(  744): [8] notify (0x522e8, 200, 704, 7)
D/MstarPlayer(  744): percent: 7
W/MediaPlayer( 1435): info/warning (704, 7)
I/MediaPlayer.java( 1435): Info (704,7)
D/MediaPlayerService(  744): [8] notify (0x522e8, 200, 704, 7)
D/MstarPlayer(  744): percent: 7
W/MediaPlayer( 1435): info/warning (704, 7)
I/MediaPlayer.java( 1435): Info (704,7)
D/DataSource_M3U8(  744): u32HLSSreamNum[0]===>u32BandWidth:1200000 
D/DataSource_M3U8(  744): getHLSPlayListInex  DownloadBandWidth:4000   uInDex=0
D/DataSource_M3U8(  744): [M3U8] checkShouldStartNext :[74](172/172)   sequence:0  start next:75  
D/DataSource_M3U8(  744): 
D/DataSource_M3U8(  744): 
D/DataSource_M3U8(  744): 
D/DataSource_M3U8(  744): [M3U8]-7----->This :0x30fd0 --> post cmd for start next url:http://cibn-iss1.longvisionmedia.com:8088/vod/CIBN2013_CIBN2113040100001913_12001300/75.ts, knowedFileSize:0, mCurDowningIndex:74
D/DataSource_M3U8(  744): 
D/DataSource_M3U8(  744): 
D/Downloader(  744): [downloadThread]Downloader::removeTask  
D/Downloader(  744): [downloadThread]task have range string:0- 
D/MediaPlayerService(  744): [8] notify (0x522e8, 200, 704, 7)
D/MstarPlayer(  744): percent: 7
W/MediaPlayer( 1435): info/warning (704, 7)
I/MediaPlayer.java( 1435): Info (704,7)
I//lib/ld-linux.so.3(  748): FrmCnt:1648(2,256,113) Rate:0 Sys:2279257 STC:412364 VPTS:398240 APTS:398598 Delay:-14084(40) V:0 A:0 VES:0x20 AES:0x0 PCM:0x0 AudioErr:0x3
D/dalvikvm( 1505): GC_CONCURRENT freed 445K, 79% free 1311K/6019K, paused 1ms+1ms
D/MediaPlayerService(  744): [8] notify (0x522e8, 200, 704, 7)
D/MstarPlayer(  744): percent: 7
W/MediaPlayer( 1435): info/warning (704, 7)
I/MediaPlayer.java( 1435): Info (704,7)
D/DataSource_M3U8(  744): 
D/DataSource_M3U8(  744):  Warnig::  getValidBufferLength()  <  Codec require !!!
D/MediaPlayerService(  744): [8] notify (0x522e8, 200, 704, 7)
D/MstarPlayer(  744): percent: 7
W/MediaPlayer( 1435): info/warning (704, 7)
I/MediaPlayer.java( 1435): Info (704,7)
D/MediaPlayerService(  744): [8] notify (0x522e8, 200, 704, 7)
D/MstarPlayer(  744): percent: 7
W/MediaPlayer( 1435): info/warning (704, 7)
I/MediaPlayer.java( 1435): Info (704,7)
D/dalvikvm( 1505): GC_CONCURRENT freed 396K, 77% free 1424K/6019K, paused 0ms+1ms
D/MediaPlayerService(  744): [8] notify (0x522e8, 200, 704, 7)
D/MstarPlayer(  744): percent: 7
W/MediaPlayer( 1435): info/warning (704, 7)
I/MediaPlayer.java( 1435): Info (704,7)
D/MediaPlayerService(  744): [8] notify (0x522e8, 200, 704, 7)
D/MstarPlayer(  744): percent: 7
W/MediaPlayer( 1435): info/warning (704, 7)
I/MediaPlayer.java( 1435): Info (704,7)
D/MediaPlayerService(  744): [8] notify (0x522e8, 200, 704, 7)
D/MstarPlayer(  744): percent: 7
W/MediaPlayer( 1435): info/warning (704, 7)
I/MediaPlayer.java( 1435): Info (704,7)
D/dalvikvm( 1505): GC_CONCURRENT freed 488K, 77% free 1407K/6019K, paused 1ms+1ms
D/MediaPlayerService(  744): [8] notify (0x522e8, 200, 704, 7)
D/MstarPlayer(  744): percent: 7
W/MediaPlayer( 1435): info/warning (704, 7)
I/MediaPlayer.java( 1435): Info (704,7)
D/MediaPlayerService(  744): [8] notify (0x522e8, 200, 704, 7)
D/MstarPlayer(  744): percent: 7
W/MediaPlayer( 1435): info/warning (704, 7)
I/MediaPlayer.java( 1435): Info (704,7)
D/Downloader(  744): Content-Length: 172
D/Downloader(  744): 
D/Downloader(  744): Downloadserver bandWidth:3057
D/Downloader(  744): Downloadserver bandWidth:3050
D/Downloader(  744): Downloadserver bandWidth:3050
D/Downloader(  744): Downloadserver bandWidth:3050
D/MediaPlayerService(  744): [8] notify (0x522e8, 200, 704, 7)
D/MstarPlayer(  744): percent: 7
W/MediaPlayer( 1435): info/warning (704, 7)
I/MediaPlayer.java( 1435): Info (704,7)
D/DataSource_M3U8(  744): u32HLSSreamNum[0]===>u32BandWidth:1200000 
D/DataSource_M3U8(  744): getHLSPlayListInex  DownloadBandWidth:3050   uInDex=0
D/DataSource_M3U8(  744): [M3U8] checkShouldStartNext :[75](172/172)   sequence:0  start next:76  
D/DataSource_M3U8(  744): 
D/DataSource_M3U8(  744): 
D/DataSource_M3U8(  744): 
D/DataSource_M3U8(  744): [M3U8]-7----->This :0x30fd0 --> post cmd for start next url:http://cibn-iss1.longvisionmedia.com:8088/vod/CIBN2013_CIBN2113040100001913_12001300/76.ts, knowedFileSize:0, mCurDowningIndex:75
D/DataSource_M3U8(  744): 
D/DataSource_M3U8(  744): 
D/Downloader(  744): [downloadThread]Downloader::removeTask  
D/Downloader(  744): [downloadThread]task have range string:0- 
D/MediaPlayerService(  744): [8] notify (0x522e8, 200, 704, 7)
D/MstarPlayer(  744): percent: 7
W/MediaPlayer( 1435): info/warning (704, 7)
I/MediaPlayer.java( 1435): Info (704,7)
D/MediaPlayerService(  744): [8] notify (0x522e8, 200, 704, 7)
D/MstarPlayer(  744): percent: 7
W/MediaPlayer( 1435): info/warning (704, 7)
I/MediaPlayer.java( 1435): Info (704,7)
D/MediaPlayerService(  744): [8] notify (0x522e8, 200, 704, 7)
D/MstarPlayer(  744): percent: 7
W/MediaPlayer( 1435): info/warning (704, 7)
I/MediaPlayer.java( 1435): Info (704,7)
D/MediaPlayerService(  744): [8] notify (0x522e8, 200, 704, 7)
D/MstarPlayer(  744): percent: 7
W/MediaPlayer( 1435): info/warning (704, 7)
I/MediaPlayer.java( 1435): Info (704,7)
D/MediaPlayerService(  744): [8] notify (0x522e8, 200, 704, 7)
D/MstarPlayer(  744): percent: 7
W/MediaPlayer( 1435): info/warning (704, 7)
I/MediaPlayer.java( 1435): Info (704,7)
D/MediaPlayerService(  744): [8] notify (0x522e8, 200, 704, 7)
D/MstarPlayer(  744): percent: 7
W/MediaPlayer( 1435): info/warning (704, 7)
I/MediaPlayer.java( 1435): Info (704,7)
D/MediaPlayerService(  744): [8] notify (0x522e8, 200, 704, 7)
D/MstarPlayer(  744): percent: 7
W/MediaPlayer( 1435): info/warning (704, 7)
I/MediaPlayer.java( 1435): Info (704,7)
D/MediaPlayerService(  744): [8] notify (0x522e8, 200, 704, 7)
D/MstarPlayer(  744): percent: 7
W/MediaPlayer( 1435): info/warning (704, 7)
I/MediaPlayer.java( 1435): Info (704,7)
D/MediaPlayerService(  744): [8] notify (0x522e8, 200, 704, 7)
D/MstarPlayer(  744): percent: 7
W/MediaPlayer( 1435): info/warning (704, 7)
I/MediaPlayer.java( 1435): Info (704,7)
D/MediaPlayerService(  744): [8] notify (0x522e8, 200, 704, 7)
D/MstarPlayer(  744): percent: 7
W/MediaPlayer( 1435): info/warning (704, 7)
I/MediaPlayer.java( 1435): Info (704,7)
D/MediaPlayerService(  744): [8] notify (0x522e8, 200, 704, 7)
D/MstarPlayer(  744): percent: 7
W/MediaPlayer( 1435): info/warning (704, 7)
I/MediaPlayer.java( 1435): Info (704,7)
D/MediaPlayerService(  744): [8] notify (0x522e8, 200, 704, 7)
D/MstarPlayer(  744): percent: 7
W/MediaPlayer( 1435): info/warning (704, 7)
I/MediaPlayer.java( 1435): Info (704,7)
D/DataSource_M3U8(  744): 
D/DataSource_M3U8(  744):  Warnig::  getValidBufferLength()  <  Codec require !!!
D/MediaPlayerService(  744): [8] notify (0x522e8, 200, 704, 7)
D/MstarPlayer(  744): percent: 7
W/MediaPlayer( 1435): info/warning (704, 7)
I/MediaPlayer.java( 1435): Info (704,7)
D/MediaPlayerService(  744): [8] notify (0x522e8, 200, 704, 7)
D/MstarPlayer(  744): percent: 7
W/MediaPlayer( 1435): info/warning (704, 7)
I/MediaPlayer.java( 1435): Info (704,7)
D/dalvikvm( 1505): GC_CONCURRENT freed 474K, 78% free 1324K/6019K, paused 1ms+2ms
D/MediaPlayerService(  744): [8] notify (0x522e8, 200, 704, 7)
D/MstarPlayer(  744): percent: 7
W/MediaPlayer( 1435): info/warning (704, 7)
I/MediaPlayer.java( 1435): Info (704,7)
D/MediaPlayerService(  744): [8] notify (0x522e8, 200, 704, 7)
D/MstarPlayer(  744): percent: 7
W/MediaPlayer( 1435): info/warning (704, 7)
I/MediaPlayer.java( 1435): Info (704,7)
D/MediaPlayerService(  744): [8] notify (0x522e8, 200, 704, 7)
D/MstarPlayer(  744): percent: 7
W/MediaPlayer( 1435): info/warning (704, 7)
I/MediaPlayer.java( 1435): Info (704,7)
D/MediaPlayerService(  744): [8] notify (0x522e8, 200, 704, 7)
D/MstarPlayer(  744): percent: 7
W/MediaPlayer( 1435): info/warning (704, 7)
I/MediaPlayer.java( 1435): Info (704,7)
D/MediaPlayerService(  744): [8] notify (0x522e8, 200, 704, 7)
D/MstarPlayer(  744): percent: 7
W/MediaPlayer( 1435): info/warning (704, 7)
I/MediaPlayer.java( 1435): Info (704,7)
D/dalvikvm( 1505): GC_CONCURRENT freed 403K, 78% free 1337K/6019K, paused 1ms+1ms
D/MediaPlayerService(  744): [8] notify (0x522e8, 200, 704, 7)
D/MstarPlayer(  744): percent: 7
W/MediaPlayer( 1435): info/warning (704, 7)
I/MediaPlayer.java( 1435): Info (704,7)
D/MediaPlayerService(  744): [8] notify (0x522e8, 200, 704, 7)
D/MstarPlayer(  744): percent: 7
W/MediaPlayer( 1435): info/warning (704, 7)
I/MediaPlayer.java( 1435): Info (704,7)
I//lib/ld-linux.so.3(  748): FrmCnt:1648(2,256,113) Rate:0 Sys:2280777 STC:413884 VPTS:398240 APTS:398598 Delay:-15604(40) V:0 A:0 VES:0x20 AES:0x0 PCM:0x0 AudioErr:0x3
D/MediaPlayerService(  744): [8] notify (0x522e8, 200, 704, 7)
D/MstarPlayer(  744): percent: 7
W/MediaPlayer( 1435): info/warning (704, 7)
I/MediaPlayer.java( 1435): Info (704,7)
D/dalvikvm( 1505): GC_CONCURRENT freed 409K, 79% free 1322K/6019K, paused 1ms+1ms
D/MediaPlayerService(  744): [8] notify (0x522e8, 200, 704, 7)
D/MstarPlayer(  744): percent: 7
W/MediaPlayer( 1435): info/warning (704, 7)
I/MediaPlayer.java( 1435): Info (704,7)
D/MediaPlayerService(  744): [8] notify (0x522e8, 200, 704, 7)
D/MstarPlayer(  744): percent: 7
W/MediaPlayer( 1435): info/warning (704, 7)
I/MediaPlayer.java( 1435): Info (704,7)
D/MediaPlayerService(  744): [8] notify (0x522e8, 200, 704, 7)
D/MstarPlayer(  744): percent: 7
W/MediaPlayer( 1435): info/warning (704, 7)
I/MediaPlayer.java( 1435): Info (704,7)
D/dalvikvm( 1505): GC_CONCURRENT freed 403K, 79% free 1314K/6019K, paused 1ms+1ms
D/MediaPlayerService(  744): [8] notify (0x522e8, 200, 704, 7)
D/MstarPlayer(  744): percent: 7
W/MediaPlayer( 1435): info/warning (704, 7)
I/MediaPlayer.java( 1435): Info (704,7)
D/MediaPlayerService(  744): [8] notify (0x522e8, 200, 704, 7)
D/MstarPlayer(  744): percent: 7
W/MediaPlayer( 1435): info/warning (704, 7)
I/MediaPlayer.java( 1435): Info (704,7)
D/MediaPlayerService(  744): [8] notify (0x522e8, 200, 704, 7)
D/MstarPlayer(  744): percent: 7
W/MediaPlayer( 1435): info/warning (704, 7)
I/MediaPlayer.java( 1435): Info (704,7)
D/MediaPlayerService(  744): [8] notify (0x522e8, 200, 704, 7)
D/MstarPlayer(  744): percent: 7
W/MediaPlayer( 1435): info/warning (704, 7)
I/MediaPlayer.java( 1435): Info (704,7)
D/MediaPlayerService(  744): [8] notify (0x522e8, 200, 704, 7)
D/MstarPlayer(  744): percent: 7
W/MediaPlayer( 1435): info/warning (704, 7)
I/MediaPlayer.java( 1435): Info (704,7)
D/MediaPlayerService(  744): [8] notify (0x522e8, 200, 704, 7)
D/MstarPlayer(  744): percent: 7
W/MediaPlayer( 1435): info/warning (704, 7)
I/MediaPlayer.java( 1435): Info (704,7)
D/MediaPlayerService(  744): [8] notify (0x522e8, 200, 704, 7)
D/MstarPlayer(  744): percent: 7
W/MediaPlayer( 1435): info/warning (704, 7)
I/MediaPlayer.java( 1435): Info (704,7)
D/MediaPlayerService(  744): [8] notify (0x522e8, 200, 704, 7)
W/MediaPlayer( 1435): info/warning (704, 7)
I/MediaPlayer.java( 1435): Info (704,7)
D/MstarPlayer(  744): percent: 7
D/MediaPlayerService(  744): [8] notify (0x522e8, 200, 704, 7)
D/MstarPlayer(  744): percent: 7
W/MediaPlayer( 1435): info/warning (704, 7)
I/MediaPlayer.java( 1435): Info (704,7)
D/MediaPlayerService(  744): [8] notify (0x522e8, 200, 704, 7)
D/MstarPlayer(  744): percent: 7
W/MediaPlayer( 1435): info/warning (704, 7)
I/MediaPlayer.java( 1435): Info (704,7)
D/MediaPlayerService(  744): [8] notify (0x522e8, 200, 704, 7)
D/MstarPlayer(  744): percent: 7
W/MediaPlayer( 1435): info/warning (704, 7)
I/MediaPlayer.java( 1435): Info (704,7)
D/MediaPlayerService(  744): [8] notify (0x522e8, 200, 704, 7)
D/MstarPlayer(  744): percent: 7
W/MediaPlayer( 1435): info/warning (704, 7)
I/MediaPlayer.java( 1435): Info (704,7)
D/MediaPlayerService(  744): [8] notify (0x522e8, 200, 704, 7)
D/MstarPlayer(  744): percent: 7
W/MediaPlayer( 1435): info/warning (704, 7)
I/MediaPlayer.java( 1435): Info (704,7)
D/MediaPlayerService(  744): [8] notify (0x522e8, 200, 704, 7)
D/MstarPlayer(  744): percent: 7
W/MediaPlayer( 1435): info/warning (704, 7)
I/MediaPlayer.java( 1435): Info (704,7)
D/DataSource_M3U8(  744): ----------UpdatePlaylistThread runing... 
D/MediaPlayerService(  744): [8] notify (0x522e8, 200, 704, 7)
D/MstarPlayer(  744): percent: 7
W/MediaPlayer( 1435): info/warning (704, 7)
I/MediaPlayer.java( 1435): Info (704,7)
D/MediaPlayerService(  744): [8] notify (0x522e8, 200, 704, 7)
D/MstarPlayer(  744): percent: 7
W/MediaPlayer( 1435): info/warning (704, 7)
I/MediaPlayer.java( 1435): Info (704,7)
D/MediaPlayerService(  744): [8] notify (0x522e8, 200, 704, 7)
D/MstarPlayer(  744): percent: 7
W/MediaPlayer( 1435): info/warning (704, 7)
I/MediaPlayer.java( 1435): Info (704,7)
D/MediaPlayerService(  744): [8] notify (0x522e8, 200, 704, 7)
D/MstarPlayer(  744): percent: 7
W/MediaPlayer( 1435): info/warning (704, 7)
I/MediaPlayer.java( 1435): Info (704,7)
D/MediaPlayerService(  744): [8] notify (0x522e8, 200, 704, 7)
D/MstarPlayer(  744): percent: 7
W/MediaPlayer( 1435): info/warning (704, 7)
I/MediaPlayer.java( 1435): Info (704,7)
D/MediaPlayerService(  744): [8] notify (0x522e8, 200, 704, 7)
D/MstarPlayer(  744): percent: 7
W/MediaPlayer( 1435): info/warning (704, 7)
I/MediaPlayer.java( 1435): Info (704,7)
D/MediaPlayerService(  744): [8] notify (0x522e8, 200, 704, 7)
D/MstarPlayer(  744): percent: 7
W/MediaPlayer( 1435): info/warning (704, 7)
I/MediaPlayer.java( 1435): Info (704,7)
D/MediaPlayerService(  744): [8] notify (0x522e8, 200, 704, 7)
D/MstarPlayer(  744): percent: 7
W/MediaPlayer( 1435): info/warning (704, 7)
I/MediaPlayer.java( 1435): Info (704,7)
D/MediaPlayerService(  744): [8] notify (0x522e8, 200, 704, 7)
D/MstarPlayer(  744): percent: 7
W/MediaPlayer( 1435): info/warning (704, 7)
I/MediaPlayer.java( 1435): Info (704,7)
D/MediaPlayerService(  744): [8] notify (0x522e8, 200, 704, 7)
D/MstarPlayer(  744): percent: 7
W/MediaPlayer( 1435): info/warning (704, 7)
I/MediaPlayer.java( 1435): Info (704,7)
D/MediaPlayerService(  744): [8] notify (0x522e8, 200, 704, 7)
D/MstarPlayer(  744): percent: 7
W/MediaPlayer( 1435): info/warning (704, 7)
I/MediaPlayer.java( 1435): Info (704,7)
D/MediaPlayerService(  744): [8] notify (0x522e8, 200, 704, 7)
D/MstarPlayer(  744): percent: 7
W/MediaPlayer( 1435): info/warning (704, 7)
I/MediaPlayer.java( 1435): Info (704,7)
I//lib/ld-linux.so.3(  748): FrmCnt:1648(2,256,113) Rate:0 Sys:2282297 STC:415404 VPTS:398240 APTS:398598 Delay:-17124(40) V:0 A:0 VES:0x20 AES:0x0 PCM:0x0 AudioErr:0x3
D/MediaPlayerService(  744): [8] notify (0x522e8, 200, 704, 7)
D/MstarPlayer(  744): percent: 7
W/MediaPlayer( 1435): info/warning (704, 7)
I/MediaPlayer.java( 1435): Info (704,7)
D/MediaPlayerService(  744): [8] notify (0x522e8, 200, 704, 7)
D/MstarPlayer(  744): percent: 7
W/MediaPlayer( 1435): info/warning (704, 7)
I/MediaPlayer.java( 1435): Info (704,7)
D/MediaPlayerService(  744): [8] notify (0x522e8, 200, 704, 7)
D/MstarPlayer(  744): percent: 7
W/MediaPlayer( 1435): info/warning (704, 7)
I/MediaPlayer.java( 1435): Info (704,7)
D/MediaPlayerService(  744): [8] notify (0x522e8, 200, 704, 7)
D/MstarPlayer(  744): percent: 7
W/MediaPlayer( 1435): info/warning (704, 7)
I/MediaPlayer.java( 1435): Info (704,7)
D/MediaPlayerService(  744): [8] notify (0x522e8, 200, 704, 7)
D/MstarPlayer(  744): percent: 7
W/MediaPlayer( 1435): info/warning (704, 7)
I/MediaPlayer.java( 1435): Info (704,7)
D/MediaPlayerService(  744): [8] notify (0x522e8, 200, 704, 7)
D/MstarPlayer(  744): percent: 7
W/MediaPlayer( 1435): info/warning (704, 7)
I/MediaPlayer.java( 1435): Info (704,7)
D/MediaPlayerService(  744): [8] notify (0x522e8, 200, 704, 7)
D/MstarPlayer(  744): percent: 7
W/MediaPlayer( 1435): info/warning (704, 7)
I/MediaPlayer.java( 1435): Info (704,7)
D/MediaPlayerService(  744): [8] notify (0x522e8, 200, 704, 7)
D/MstarPlayer(  744): percent: 7
W/MediaPlayer( 1435): info/warning (704, 7)
I/MediaPlayer.java( 1435): Info (704,7)
D/MediaPlayerService(  744): [8] notify (0x522e8, 200, 704, 7)
D/MstarPlayer(  744): percent: 7
W/MediaPlayer( 1435): info/warning (704, 7)
I/MediaPlayer.java( 1435): Info (704,7)
D/MediaPlayerService(  744): [8] notify (0x522e8, 200, 704, 7)
D/MstarPlayer(  744): percent: 7
W/MediaPlayer( 1435): info/warning (704, 7)
I/MediaPlayer.java( 1435): Info (704,7)
D/MediaPlayerService(  744): [8] notify (0x522e8, 200, 704, 7)
D/MstarPlayer(  744): percent: 7
W/MediaPlayer( 1435): info/warning (704, 7)
I/MediaPlayer.java( 1435): Info (704,7)
D/MediaPlayerService(  744): [8] notify (0x522e8, 200, 704, 7)
D/MstarPlayer(  744): percent: 7
W/MediaPlayer( 1435): info/warning (704, 7)
I/MediaPlayer.java( 1435): Info (704,7)
D/MediaPlayerService(  744): [8] notify (0x522e8, 200, 704, 7)
D/MstarPlayer(  744): percent: 7
W/MediaPlayer( 1435): info/warning (704, 7)
I/MediaPlayer.java( 1435): Info (704,7)
D/MediaPlayerService(  744): [8] notify (0x522e8, 200, 704, 7)
D/MstarPlayer(  744): percent: 7
W/MediaPlayer( 1435): info/warning (704, 7)
I/MediaPlayer.java( 1435): Info (704,7)
D/MediaPlayerService(  744): [8] notify (0x522e8, 200, 704, 7)
D/MstarPlayer(  744): percent: 7
W/MediaPlayer( 1435): info/warning (704, 7)
I/MediaPlayer.java( 1435): Info (704,7)
D/MediaPlayerService(  744): [8] notify (0x522e8, 200, 704, 7)
D/MstarPlayer(  744): percent: 7
W/MediaPlayer( 1435): info/warning (704, 7)
I/MediaPlayer.java( 1435): Info (704,7)
D/MediaPlayerService(  744): [8] notify (0x522e8, 200, 704, 7)
D/MstarPlayer(  744): percent: 7
W/MediaPlayer( 1435): info/warning (704, 7)
I/MediaPlayer.java( 1435): Info (704,7)
D/MediaPlayerService(  744): [8] notify (0x522e8, 200, 704, 7)
D/MstarPlayer(  744): percent: 7
W/MediaPlayer( 1435): info/warning (704, 7)
I/MediaPlayer.java( 1435): Info (704,7)
D/MediaPlayerService(  744): [8] notify (0x522e8, 200, 704, 7)
D/MstarPlayer(  744): percent: 7
W/MediaPlayer( 1435): info/warning (704, 7)
I/MediaPlayer.java( 1435): Info (704,7)
D/MediaPlayerService(  744): [8] notify (0x522e8, 200, 704, 7)
D/MstarPlayer(  744): percent: 7
W/MediaPlayer( 1435): info/warning (704, 7)
I/MediaPlayer.java( 1435): Info (704,7)
D/MediaPlayerService(  744): [8] notify (0x522e8, 200, 704, 7)
D/MstarPlayer(  744): percent: 7
W/MediaPlayer( 1435): info/warning (704, 7)
I/MediaPlayer.java( 1435): Info (704,7)
D/MediaPlayerService(  744): [8] notify (0x522e8, 200, 704, 7)
D/MstarPlayer(  744): percent: 7
W/MediaPlayer( 1435): info/warning (704, 7)
I/MediaPlayer.java( 1435): Info (704,7)
D/MediaPlayerService(  744): [8] notify (0x522e8, 200, 704, 7)
D/MstarPlayer(  744): percent: 7
W/MediaPlayer( 1435): info/warning (704, 7)
I/MediaPlayer.java( 1435): Info (704,7)
D/MediaPlayerService(  744): [8] notify (0x522e8, 200, 704, 7)
D/MstarPlayer(  744): percent: 7
W/MediaPlayer( 1435): info/warning (704, 7)
I/MediaPlayer.java( 1435): Info (704,7)
D/MediaPlayerService(  744): [8] notify (0x522e8, 200, 704, 7)
D/MstarPlayer(  744): percent: 7
W/MediaPlayer( 1435): info/warning (704, 7)
I/MediaPlayer.java( 1435): Info (704,7)
D/MediaPlayerService(  744): [8] notify (0x522e8, 200, 704, 7)
D/MstarPlayer(  744): percent: 7
W/MediaPlayer( 1435): info/warning (704, 7)
I/MediaPlayer.java( 1435): Info (704,7)
D/MediaPlayerService(  744): [8] notify (0x522e8, 200, 704, 7)
D/MstarPlayer(  744): percent: 7
W/MediaPlayer( 1435): info/warning (704, 7)
I/MediaPlayer.java( 1435): Info (704,7)
D/MediaPlayerService(  744): [8] notify (0x522e8, 200, 704, 7)
D/MstarPlayer(  744): percent: 7
W/MediaPlayer( 1435): info/warning (704, 7)
I/MediaPlayer.java( 1435): Info (704,7)
D/MediaPlayerService(  744): [8] notify (0x522e8, 200, 704, 7)
D/MstarPlayer(  744): percent: 7
W/MediaPlayer( 1435): info/warning (704, 7)
I/MediaPlayer.java( 1435): Info (704,7)
D/MediaPlayerService(  744): [8] notify (0x522e8, 200, 704, 7)
D/MstarPlayer(  744): percent: 7
W/MediaPlayer( 1435): info/warning (704, 7)
I/MediaPlayer.java( 1435): Info (704,7)
I//lib/ld-linux.so.3(  748): FrmCnt:1648(2,256,113) Rate:0 Sys:2283816 STC:416923 VPTS:398240 APTS:398598 Delay:-18643(40) V:0 A:0 VES:0x20 AES:0x0 PCM:0x0 AudioErr:0x3
D/MediaPlayerService(  744): [8] notify (0x522e8, 200, 704, 7)
D/MstarPlayer(  744): percent: 7
W/MediaPlayer( 1435): info/warning (704, 7)
I/MediaPlayer.java( 1435): Info (704,7)
D/MediaPlayerService(  744): [8] notify (0x522e8, 200, 704, 7)
D/MstarPlayer(  744): percent: 7
W/MediaPlayer( 1435): info/warning (704, 7)
I/MediaPlayer.java( 1435): Info (704,7)
D/MediaPlayerService(  744): [8] notify (0x522e8, 200, 704, 7)
D/MstarPlayer(  744): percent: 7
W/MediaPlayer( 1435): info/warning (704, 7)
I/MediaPlayer.java( 1435): Info (704,7)
D/MediaPlayerService(  744): [8] notify (0x522e8, 200, 704, 7)
D/MstarPlayer(  744): percent: 7
W/MediaPlayer( 1435): info/warning (704, 7)
I/MediaPlayer.java( 1435): Info (704,7)
D/MediaPlayerService(  744): [8] notify (0x522e8, 200, 704, 7)
D/MstarPlayer(  744): percent: 7
W/MediaPlayer( 1435): info/warning (704, 7)
I/MediaPlayer.java( 1435): Info (704,7)
D/MediaPlayerService(  744): [8] notify (0x522e8, 200, 704, 7)
D/MstarPlayer(  744): percent: 7
W/MediaPlayer( 1435): info/warning (704, 7)
I/MediaPlayer.java( 1435): Info (704,7)
D/MediaPlayerService(  744): [8] notify (0x522e8, 200, 704, 7)
D/MstarPlayer(  744): percent: 7
W/MediaPlayer( 1435): info/warning (704, 7)
I/MediaPlayer.java( 1435): Info (704,7)
D/MediaPlayerService(  744): [8] notify (0x522e8, 200, 704, 7)
D/MstarPlayer(  744): percent: 7
W/MediaPlayer( 1435): info/warning (704, 7)
I/MediaPlayer.java( 1435): Info (704,7)
D/MediaPlayerService(  744): [8] notify (0x522e8, 200, 704, 7)
D/MstarPlayer(  744): percent: 7
W/MediaPlayer( 1435): info/warning (704, 7)
I/MediaPlayer.java( 1435): Info (704,7)
D/MediaPlayerService(  744): [8] notify (0x522e8, 200, 704, 7)
D/MstarPlayer(  744): percent: 7
W/MediaPlayer( 1435): info/warning (704, 7)
I/MediaPlayer.java( 1435): Info (704,7)
D/MediaPlayerService(  744): [8] notify (0x522e8, 200, 704, 7)
D/MstarPlayer(  744): percent: 7
W/MediaPlayer( 1435): info/warning (704, 7)
I/MediaPlayer.java( 1435): Info (704,7)
D/MediaPlayerService(  744): [8] notify (0x522e8, 200, 704, 7)
D/MstarPlayer(  744): percent: 7
W/MediaPlayer( 1435): info/warning (704, 7)
I/MediaPlayer.java( 1435): Info (704,7)
D/MediaPlayerService(  744): [8] notify (0x522e8, 200, 704, 7)
D/MstarPlayer(  744): percent: 7
W/MediaPlayer( 1435): info/warning (704, 7)
I/MediaPlayer.java( 1435): Info (704,7)
D/MediaPlayerService(  744): [8] notify (0x522e8, 200, 704, 7)
D/MstarPlayer(  744): percent: 7
W/MediaPlayer( 1435): info/warning (704, 7)
I/MediaPlayer.java( 1435): Info (704,7)
D/MediaPlayerService(  744): [8] notify (0x522e8, 200, 704, 7)
D/MstarPlayer(  744): percent: 7
W/MediaPlayer( 1435): info/warning (704, 7)
I/MediaPlayer.java( 1435): Info (704,7)
D/MediaPlayerService(  744): [8] notify (0x522e8, 200, 704, 7)
D/MstarPlayer(  744): percent: 7
W/MediaPlayer( 1435): info/warning (704, 7)
I/MediaPlayer.java( 1435): Info (704,7)
D/MediaPlayerService(  744): [8] notify (0x522e8, 200, 704, 7)
D/MstarPlayer(  744): percent: 7
W/MediaPlayer( 1435): info/warning (704, 7)
I/MediaPlayer.java( 1435): Info (704,7)
D/Downloader(  744): Content-Length: 172
D/Downloader(  744): 
D/Downloader(  744): Downloadserver bandWidth:277
D/Downloader(  744): Downloadserver bandWidth:277
D/Downloader(  744): Downloadserver bandWidth:277
D/Downloader(  744): Downloadserver bandWidth:277
D/MediaPlayerService(  744): [8] notify (0x522e8, 200, 704, 7)
D/MstarPlayer(  744): percent: 7
W/MediaPlayer( 1435): info/warning (704, 7)
I/MediaPlayer.java( 1435): Info (704,7)
D/DataSource_M3U8(  744): u32HLSSreamNum[0]===>u32BandWidth:1200000 
D/DataSource_M3U8(  744): getHLSPlayListInex  DownloadBandWidth:277   uInDex=0
D/DataSource_M3U8(  744): [M3U8] checkShouldStartNext :[76](172/172)   sequence:0  start next:77  
D/DataSource_M3U8(  744): 
D/DataSource_M3U8(  744): 
D/DataSource_M3U8(  744): 
D/DataSource_M3U8(  744): [M3U8]-7----->This :0x30fd0 --> post cmd for start next url:http://cibn-iss1.longvisionmedia.com:8088/vod/CIBN2013_CIBN2113040100001913_12001300/77.ts, knowedFileSize:0, mCurDowningIndex:76
D/DataSource_M3U8(  744): 
D/DataSource_M3U8(  744): 
D/Downloader(  744): [downloadThread]Downloader::removeTask  
D/Downloader(  744): [downloadThread]task have range string:0- 
D/MediaPlayerService(  744): [8] notify (0x522e8, 3, 18, 0)
D/MediaPlayerService(  744): [8] notify (0x522e8, 200, 704, 7)
D/MstarPlayer(  744): percent: 7
W/MediaPlayer( 1435): info/warning (704, 7)
I/MediaPlayer.java( 1435): Info (704,7)
D/MediaPlayerService(  744): [8] notify (0x522e8, 200, 704, 7)
D/MstarPlayer(  744): percent: 7
W/MediaPlayer( 1435): info/warning (704, 7)
I/MediaPlayer.java( 1435): Info (704,7)
D/MediaPlayerService(  744): [8] notify (0x522e8, 200, 704, 7)
D/MstarPlayer(  744): percent: 7
W/MediaPlayer( 1435): info/warning (704, 7)
I/MediaPlayer.java( 1435): Info (704,7)
D/MediaPlayerService(  744): [8] notify (0x522e8, 200, 704, 7)
D/MstarPlayer(  744): percent: 7
W/MediaPlayer( 1435): info/warning (704, 7)
I/MediaPlayer.java( 1435): Info (704,7)
D/MediaPlayerService(  744): [8] notify (0x522e8, 200, 704, 7)
D/MstarPlayer(  744): percent: 7
W/MediaPlayer( 1435): info/warning (704, 7)
I/MediaPlayer.java( 1435): Info (704,7)
D/MediaPlayerService(  744): [8] notify (0x522e8, 200, 704, 7)
D/MstarPlayer(  744): percent: 7
W/MediaPlayer( 1435): info/warning (704, 7)
I/MediaPlayer.java( 1435): Info (704,7)
D/MediaPlayerService(  744): [8] notify (0x522e8, 200, 704, 7)
D/MstarPlayer(  744): percent: 7
W/MediaPlayer( 1435): info/warning (704, 7)
I/MediaPlayer.java( 1435): Info (704,7)
D/MediaPlayerService(  744): [8] notify (0x522e8, 200, 704, 7)
D/MstarPlayer(  744): percent: 7
W/MediaPlayer( 1435): info/warning (704, 7)
I/MediaPlayer.java( 1435): Info (704,7)
D/MediaPlayerService(  744): [8] notify (0x522e8, 200, 704, 7)
D/MstarPlayer(  744): percent: 7
W/MediaPlayer( 1435): info/warning (704, 7)
I/MediaPlayer.java( 1435): Info (704,7)
D/MediaPlayerService(  744): [8] notify (0x522e8, 200, 704, 7)
W/MediaPlayer( 1435): info/warning (704, 7)
D/MstarPlayer(  744): percent: 7
I/MediaPlayer.java( 1435): Info (704,7)
D/MediaPlayerService(  744): [8] notify (0x522e8, 200, 704, 7)
W/MediaPlayer( 1435): info/warning (704, 7)
D/MstarPlayer(  744): percent: 7
I/MediaPlayer.java( 1435): Info (704,7)
D/Downloader(  744): Content-Length: 172
D/Downloader(  744): 
D/Downloader(  744): Downloadserver bandWidth:2426
D/Downloader(  744): Downloadserver bandWidth:2426
D/Downloader(  744): Downloadserver bandWidth:2426
D/Downloader(  744): Downloadserver bandWidth:2426
D/MediaPlayerService(  744): [8] notify (0x522e8, 200, 704, 7)
W/MediaPlayer( 1435): info/warning (704, 7)
D/MstarPlayer(  744): percent: 7
I/MediaPlayer.java( 1435): Info (704,7)
I//lib/ld-linux.so.3(  748): FrmCnt:1648(2,256,113) Rate:0 Sys:2285333 STC:418440 VPTS:398240 APTS:398598 Delay:-20160(40) V:0 A:0 VES:0x20 AES:0x0 PCM:0x0 AudioErr:0x3
D/DataSource_M3U8(  744): 
D/DataSource_M3U8(  744):  Warnig::  getValidBufferLength()  <  Codec require !!!
D/MediaPlayerService(  744): [8] notify (0x522e8, 200, 704, 7)
W/MediaPlayer( 1435): info/warning (704, 7)
D/MstarPlayer(  744): percent: 7
I/MediaPlayer.java( 1435): Info (704,7)
D/MediaPlayerService(  744): [8] notify (0x522e8, 200, 704, 7)
W/MediaPlayer( 1435): info/warning (704, 7)
D/MstarPlayer(  744): percent: 7
I/MediaPlayer.java( 1435): Info (704,7)
D/MediaPlayerService(  744): [8] notify (0x522e8, 200, 704, 7)
W/MediaPlayer( 1435): info/warning (704, 7)
D/MstarPlayer(  744): percent: 7
I/MediaPlayer.java( 1435): Info (704,7)
D/MediaPlayerService(  744): [8] notify (0x522e8, 200, 704, 7)
W/MediaPlayer( 1435): info/warning (704, 7)
D/MstarPlayer(  744): percent: 7
I/MediaPlayer.java( 1435): Info (704,7)
D/MediaPlayerService(  744): [8] notify (0x522e8, 200, 704, 7)
W/MediaPlayer( 1435): info/warning (704, 7)
D/MstarPlayer(  744): percent: 7
I/MediaPlayer.java( 1435): Info (704,7)
D/MediaPlayerService(  744): [8] notify (0x522e8, 200, 704, 7)
W/MediaPlayer( 1435): info/warning (704, 7)
D/MstarPlayer(  744): percent: 7
I/MediaPlayer.java( 1435): Info (704,7)
D/MediaPlayerService(  744): [8] notify (0x522e8, 200, 704, 7)
W/MediaPlayer( 1435): info/warning (704, 7)
D/MstarPlayer(  744): percent: 7
I/MediaPlayer.java( 1435): Info (704,7)
D/DataSource_M3U8(  744): u32HLSSreamNum[0]===>u32BandWidth:1200000 
D/DataSource_M3U8(  744): getHLSPlayListInex  DownloadBandWidth:2426   uInDex=0
D/DataSource_M3U8(  744): [M3U8] checkShouldStartNext :[77](172/172)   sequence:0  start next:78  
D/DataSource_M3U8(  744): 
D/DataSource_M3U8(  744): 
D/DataSource_M3U8(  744): 
D/DataSource_M3U8(  744): [M3U8]-7----->This :0x30fd0 --> post cmd for start next url:http://cibn-iss1.longvisionmedia.com:8088/vod/CIBN2013_CIBN2113040100001913_12001300/78.ts, knowedFileSize:0, mCurDowningIndex:77
D/DataSource_M3U8(  744): 
D/DataSource_M3U8(  744): 
D/Downloader(  744): [downloadThread]Downloader::removeTask  
D/Downloader(  744): [downloadThread]task have range string:0- 
D/MediaPlayerService(  744): [8] notify (0x522e8, 200, 704, 7)
W/MediaPlayer( 1435): info/warning (704, 7)
D/MstarPlayer(  744): percent: 7
I/MediaPlayer.java( 1435): Info (704,7)
D/MediaPlayerService(  744): [8] notify (0x522e8, 200, 704, 7)
W/MediaPlayer( 1435): info/warning (704, 7)
D/MstarPlayer(  744): percent: 7
I/MediaPlayer.java( 1435): Info (704,7)
D/MediaPlayerService(  744): [8] notify (0x522e8, 200, 704, 7)
W/MediaPlayer( 1435): info/warning (704, 7)
D/MstarPlayer(  744): percent: 7
I/MediaPlayer.java( 1435): Info (704,7)
D/MediaPlayerService(  744): [8] notify (0x522e8, 200, 704, 7)
W/MediaPlayer( 1435): info/warning (704, 7)
D/MstarPlayer(  744): percent: 7
I/MediaPlayer.java( 1435): Info (704,7)
D/MediaPlayerService(  744): [8] notify (0x522e8, 200, 704, 7)
W/MediaPlayer( 1435): info/warning (704, 7)
D/MstarPlayer(  744): percent: 7
I/MediaPlayer.java( 1435): Info (704,7)
D/MediaPlayerService(  744): [8] notify (0x522e8, 200, 704, 7)
W/MediaPlayer( 1435): info/warning (704, 7)
D/MstarPlayer(  744): percent: 7
I/MediaPlayer.java( 1435): Info (704,7)
D/MediaPlayerService(  744): [8] notify (0x522e8, 200, 704, 7)
W/MediaPlayer( 1435): info/warning (704, 7)
I/MediaPlayer.java( 1435): Info (704,7)
D/MstarPlayer(  744): percent: 7
D/MediaPlayerService(  744): [8] notify (0x522e8, 200, 704, 7)
W/MediaPlayer( 1435): info/warning (704, 7)
I/MediaPlayer.java( 1435): Info (704,7)
D/MstarPlayer(  744): percent: 7
D/MediaPlayerService(  744): [8] notify (0x522e8, 200, 704, 7)
W/MediaPlayer( 1435): info/warning (704, 7)
I/MediaPlayer.java( 1435): Info (704,7)
D/MstarPlayer(  744): percent: 7
D/MediaPlayerService(  744): [8] notify (0x522e8, 200, 704, 7)
W/MediaPlayer( 1435): info/warning (704, 7)
I/MediaPlayer.java( 1435): Info (704,7)
D/MstarPlayer(  744): percent: 7
D/MediaPlayerService(  744): [8] notify (0x522e8, 200, 704, 7)
W/MediaPlayer( 1435): info/warning (704, 7)
I/MediaPlayer.java( 1435): Info (704,7)
D/MstarPlayer(  744): percent: 7
D/MediaPlayerService(  744): [8] notify (0x522e8, 200, 704, 7)
W/MediaPlayer( 1435): info/warning (704, 7)
I/MediaPlayer.java( 1435): Info (704,7)
D/MstarPlayer(  744): percent: 7
D/MediaPlayerService(  744): [8] notify (0x522e8, 200, 704, 7)
W/MediaPlayer( 1435): info/warning (704, 7)
I/MediaPlayer.java( 1435): Info (704,7)
D/MstarPlayer(  744): percent: 7
D/MediaPlayerService(  744): [8] notify (0x522e8, 200, 704, 7)
D/MstarPlayer(  744): percent: 7
W/MediaPlayer( 1435): info/warning (704, 7)
I/MediaPlayer.java( 1435): Info (704,7)
D/dalvikvm( 1505): GC_CONCURRENT freed 404K, 77% free 1414K/6019K, paused 0ms+1ms
D/HomePlayerLib( 1505): hostaddress count is 1
D/MediaPlayerService(  744): [8] notify (0x522e8, 200, 704, 7)
D/MstarPlayer(  744): percent: 7
W/MediaPlayer( 1435): info/warning (704, 7)
I/MediaPlayer.java( 1435): Info (704,7)
D/dalvikvm( 1505): GC_CONCURRENT freed 503K, 77% free 1408K/6019K, paused 1ms+1ms
D/MediaPlayerService(  744): [8] notify (0x522e8, 200, 704, 7)
D/MstarPlayer(  744): percent: 7
W/MediaPlayer( 1435): info/warning (704, 7)
I/MediaPlayer.java( 1435): Info (704,7)
D/dalvikvm( 1505): GC_CONCURRENT freed 500K, 77% free 1401K/6019K, paused 1ms+1ms
D/MediaPlayerService(  744): [8] notify (0x522e8, 200, 704, 7)
D/MstarPlayer(  744): percent: 7
W/MediaPlayer( 1435): info/warning (704, 7)
I/MediaPlayer.java( 1435): Info (704,7)
D/MediaPlayerService(  744): [8] notify (0x522e8, 200, 704, 7)
D/MstarPlayer(  744): percent: 7
W/MediaPlayer( 1435): info/warning (704, 7)
I/MediaPlayer.java( 1435): Info (704,7)
D/dalvikvm( 1505): GC_CONCURRENT freed 488K, 77% free 1430K/6019K, paused 1ms+2ms
D/MediaPlayerService(  744): [8] notify (0x522e8, 200, 704, 7)
D/MstarPlayer(  744): percent: 7
W/MediaPlayer( 1435): info/warning (704, 7)
I/MediaPlayer.java( 1435): Info (704,7)
D/MediaPlayerService(  744): [8] notify (0x522e8, 200, 704, 7)
D/MstarPlayer(  744): percent: 7
W/MediaPlayer( 1435): info/warning (704, 7)
I/MediaPlayer.java( 1435): Info (704,7)
D/dalvikvm( 1505): GC_CONCURRENT freed 505K, 77% free 1429K/6019K, paused 1ms+1ms
D/MediaPlayerService(  744): [8] notify (0x522e8, 200, 704, 7)
D/MstarPlayer(  744): percent: 7
W/MediaPlayer( 1435): info/warning (704, 7)
I/MediaPlayer.java( 1435): Info (704,7)
D/MediaPlayerService(  744): [8] notify (0x522e8, 200, 704, 7)
D/MstarPlayer(  744): percent: 7
W/MediaPlayer( 1435): info/warning (704, 7)
I/MediaPlayer.java( 1435): Info (704,7)
D/dalvikvm( 1505): GC_CONCURRENT freed 487K, 77% free 1410K/6019K, paused 1ms+1ms
I//lib/ld-linux.so.3(  748): FrmCnt:1648(2,256,113) Rate:0 Sys:2286852 STC:419959 VPTS:398240 APTS:398598 Delay:-21679(40) V:0 A:0 VES:0x20 AES:0x0 PCM:0x0 AudioErr:0x3
D/MediaPlayerService(  744): [8] notify (0x522e8, 200, 704, 7)
D/MstarPlayer(  744): percent: 7
W/MediaPlayer( 1435): info/warning (704, 7)
I/MediaPlayer.java( 1435): Info (704,7)
D/MediaPlayerService(  744): [8] notify (0x522e8, 200, 704, 7)
D/MstarPlayer(  744): percent: 7
W/MediaPlayer( 1435): info/warning (704, 7)
I/MediaPlayer.java( 1435): Info (704,7)
D/MediaPlayerService(  744): [8] notify (0x522e8, 200, 704, 7)
D/MstarPlayer(  744): percent: 7
W/MediaPlayer( 1435): info/warning (704, 7)
I/MediaPlayer.java( 1435): Info (704,7)
D/dalvikvm( 1505): GC_CONCURRENT freed 487K, 78% free 1372K/6019K, paused 1ms+1ms
D/MediaPlayerService(  744): [8] notify (0x522e8, 200, 704, 7)
D/MstarPlayer(  744): percent: 7
W/MediaPlayer( 1435): info/warning (704, 7)
I/MediaPlayer.java( 1435): Info (704,7)
D/MediaPlayerService(  744): [8] notify (0x522e8, 200, 704, 7)
D/MstarPlayer(  744): percent: 7
W/MediaPlayer( 1435): info/warning (704, 7)
I/MediaPlayer.java( 1435): Info (704,7)
D/MediaPlayerService(  744): [8] notify (0x522e8, 200, 704, 7)
D/MstarPlayer(  744): percent: 7
W/MediaPlayer( 1435): info/warning (704, 7)
I/MediaPlayer.java( 1435): Info (704,7)
D/MediaPlayerService(  744): [8] notify (0x522e8, 200, 704, 7)
D/MstarPlayer(  744): percent: 7
W/MediaPlayer( 1435): info/warning (704, 7)
I/MediaPlayer.java( 1435): Info (704,7)
D/MediaPlayerService(  744): [8] notify (0x522e8, 200, 704, 7)
D/MstarPlayer(  744): percent: 7
W/MediaPlayer( 1435): info/warning (704, 7)
I/MediaPlayer.java( 1435): Info (704,7)
D/dalvikvm( 1505): GC_CONCURRENT freed 447K, 77% free 1435K/6019K, paused 1ms+1ms
D/MediaPlayerService(  744): [8] notify (0x522e8, 200, 704, 7)
D/MstarPlayer(  744): percent: 7
W/MediaPlayer( 1435): info/warning (704, 7)
I/MediaPlayer.java( 1435): Info (704,7)
D/MediaPlayerService(  744): [8] notify (0x522e8, 200, 704, 7)
D/MstarPlayer(  744): percent: 7
W/MediaPlayer( 1435): info/warning (704, 7)
I/MediaPlayer.java( 1435): Info (704,7)
D/MediaPlayerService(  744): [8] notify (0x522e8, 200, 704, 7)
D/MstarPlayer(  744): percent: 7
W/MediaPlayer( 1435): info/warning (704, 7)
I/MediaPlayer.java( 1435): Info (704,7)
D/dalvikvm( 1505): GC_CONCURRENT freed 518K, 79% free 1320K/6019K, paused 1ms+1ms
D/MediaPlayerService(  744): [8] notify (0x522e8, 200, 704, 7)
D/MstarPlayer(  744): percent: 7
W/MediaPlayer( 1435): info/warning (704, 7)
I/MediaPlayer.java( 1435): Info (704,7)
D/MediaPlayerService(  744): [8] notify (0x522e8, 200, 704, 7)
D/MstarPlayer(  744): percent: 7
W/MediaPlayer( 1435): info/warning (704, 7)
I/MediaPlayer.java( 1435): Info (704,7)
D/MediaPlayerService(  744): [8] notify (0x522e8, 200, 704, 7)
D/MstarPlayer(  744): percent: 7
W/MediaPlayer( 1435): info/warning (704, 7)
I/MediaPlayer.java( 1435): Info (704,7)
D/dalvikvm( 1505): GC_CONCURRENT freed 406K, 79% free 1298K/6019K, paused 0ms+1ms
D/MediaPlayerService(  744): [8] notify (0x522e8, 200, 704, 7)
D/MstarPlayer(  744): percent: 7
W/MediaPlayer( 1435): info/warning (704, 7)
I/MediaPlayer.java( 1435): Info (704,7)
D/MediaPlayerService(  744): [8] notify (0x522e8, 200, 704, 7)
D/MstarPlayer(  744): percent: 7
W/MediaPlayer( 1435): info/warning (704, 7)
I/MediaPlayer.java( 1435): Info (704,7)
D/MediaPlayerService(  744): [8] notify (0x522e8, 200, 704, 7)
D/MstarPlayer(  744): percent: 7
W/MediaPlayer( 1435): info/warning (704, 7)
I/MediaPlayer.java( 1435): Info (704,7)
D/dalvikvm( 1505): GC_CONCURRENT freed 380K, 78% free 1382K/6019K, paused 1ms+0ms
D/MediaPlayerService(  744): [8] notify (0x522e8, 200, 704, 7)
D/MstarPlayer(  744): percent: 7
W/MediaPlayer( 1435): info/warning (704, 7)
I/MediaPlayer.java( 1435): Info (704,7)
D/MediaPlayerService(  744): [8] notify (0x522e8, 200, 704, 7)
D/MstarPlayer(  744): percent: 7
W/MediaPlayer( 1435): info/warning (704, 7)
I/MediaPlayer.java( 1435): Info (704,7)
D/MediaPlayerService(  744): [8] notify (0x522e8, 200, 704, 7)
D/MstarPlayer(  744): percent: 7
W/MediaPlayer( 1435): info/warning (704, 7)
I/MediaPlayer.java( 1435): Info (704,7)
D/MediaPlayerService(  744): [8] notify (0x522e8, 200, 704, 7)
D/MstarPlayer(  744): percent: 7
W/MediaPlayer( 1435): info/warning (704, 7)
I/MediaPlayer.java( 1435): Info (704,7)
D/MediaPlayerService(  744): [8] notify (0x522e8, 200, 704, 7)
D/MstarPlayer(  744): percent: 7
W/MediaPlayer( 1435): info/warning (704, 7)
I/MediaPlayer.java( 1435): Info (704,7)
D/dalvikvm( 1505): GC_CONCURRENT freed 455K, 77% free 1421K/6019K, paused 0ms+1ms
D/MediaPlayerService(  744): [8] notify (0x522e8, 200, 704, 7)
D/MstarPlayer(  744): percent: 7
W/MediaPlayer( 1435): info/warning (704, 7)
I/MediaPlayer.java( 1435): Info (704,7)
D/MediaPlayerService(  744): [8] notify (0x522e8, 200, 704, 7)
D/MstarPlayer(  744): percent: 7
W/MediaPlayer( 1435): info/warning (704, 7)
I/MediaPlayer.java( 1435): Info (704,7)
D/MediaPlayerService(  744): [8] notify (0x522e8, 200, 704, 7)
D/MstarPlayer(  744): percent: 7
W/MediaPlayer( 1435): info/warning (704, 7)
I/MediaPlayer.java( 1435): Info (704,7)
D/dalvikvm( 1505): GC_CONCURRENT freed 491K, 79% free 1324K/6019K, paused 1ms+1ms
D/MediaPlayerService(  744): [8] notify (0x522e8, 200, 704, 7)
D/MstarPlayer(  744): percent: 7
W/MediaPlayer( 1435): info/warning (704, 7)
I/MediaPlayer.java( 1435): Info (704,7)
D/MediaPlayerService(  744): [8] notify (0x522e8, 200, 704, 7)
D/MstarPlayer(  744): percent: 7
W/MediaPlayer( 1435): info/warning (704, 7)
I/MediaPlayer.java( 1435): Info (704,7)
D/MediaPlayerService(  744): [8] notify (0x522e8, 200, 704, 7)
D/MstarPlayer(  744): percent: 7
W/MediaPlayer( 1435): info/warning (704, 7)
I/MediaPlayer.java( 1435): Info (704,7)
D/dalvikvm( 1505): GC_CONCURRENT freed 395K, 79% free 1323K/6019K, paused 1ms+1ms
D/MediaPlayerService(  744): [8] notify (0x522e8, 200, 704, 7)
D/MstarPlayer(  744): percent: 7
W/MediaPlayer( 1435): info/warning (704, 7)
I/MediaPlayer.java( 1435): Info (704,7)
D/MediaPlayerService(  744): [8] notify (0x522e8, 200, 704, 7)
D/MstarPlayer(  744): percent: 7
W/MediaPlayer( 1435): info/warning (704, 7)
I/MediaPlayer.java( 1435): Info (704,7)
I//lib/ld-linux.so.3(  748): FrmCnt:1648(2,256,113) Rate:0 Sys:2288373 STC:421480 VPTS:398240 APTS:398598 Delay:-23200(40) V:0 A:0 VES:0x20 AES:0x0 PCM:0x0 AudioErr:0x3
D/MediaPlayerService(  744): [8] notify (0x522e8, 200, 704, 7)
D/MstarPlayer(  744): percent: 7
W/MediaPlayer( 1435): info/warning (704, 7)
I/MediaPlayer.java( 1435): Info (704,7)
D/dalvikvm( 1505): GC_CONCURRENT freed 394K, 79% free 1323K/6019K, paused 1ms+1ms
D/MediaPlayerService(  744): [8] notify (0x522e8, 200, 704, 7)
D/MstarPlayer(  744): percent: 7
W/MediaPlayer( 1435): info/warning (704, 7)
I/MediaPlayer.java( 1435): Info (704,7)
D/MediaPlayerService(  744): [8] notify (0x522e8, 200, 704, 7)
D/MstarPlayer(  744): percent: 7
W/MediaPlayer( 1435): info/warning (704, 7)
I/MediaPlayer.java( 1435): Info (704,7)
D/MediaPlayerService(  744): [8] notify (0x522e8, 200, 704, 7)
D/MstarPlayer(  744): percent: 7
W/MediaPlayer( 1435): info/warning (704, 7)
I/MediaPlayer.java( 1435): Info (704,7)
D/dalvikvm( 1505): GC_CONCURRENT freed 394K, 79% free 1323K/6019K, paused 1ms+1ms
D/MediaPlayerService(  744): [8] notify (0x522e8, 200, 704, 7)
D/MstarPlayer(  744): percent: 7
W/MediaPlayer( 1435): info/warning (704, 7)
I/MediaPlayer.java( 1435): Info (704,7)
D/MediaPlayerService(  744): [8] notify (0x522e8, 200, 704, 7)
D/MstarPlayer(  744): percent: 7
W/MediaPlayer( 1435): info/warning (704, 7)
I/MediaPlayer.java( 1435): Info (704,7)
D/MediaPlayerService(  744): [8] notify (0x522e8, 200, 704, 7)
D/MstarPlayer(  744): percent: 7
W/MediaPlayer( 1435): info/warning (704, 7)
I/MediaPlayer.java( 1435): Info (704,7)
D/dalvikvm( 1505): GC_CONCURRENT freed 394K, 78% free 1329K/6019K, paused 1ms+1ms
D/MediaPlayerService(  744): [8] notify (0x522e8, 200, 704, 7)
D/MstarPlayer(  744): percent: 7
W/MediaPlayer( 1435): info/warning (704, 7)
I/MediaPlayer.java( 1435): Info (704,7)
D/MediaPlayerService(  744): [8] notify (0x522e8, 200, 704, 7)
D/MstarPlayer(  744): percent: 7
W/MediaPlayer( 1435): info/warning (704, 7)
I/MediaPlayer.java( 1435): Info (704,7)
D/MediaPlayerService(  744): [8] notify (0x522e8, 200, 704, 7)
D/MstarPlayer(  744): percent: 7
W/MediaPlayer( 1435): info/warning (704, 7)
I/MediaPlayer.java( 1435): Info (704,7)
D/MediaPlayerService(  744): [8] notify (0x522e8, 200, 704, 7)
D/MstarPlayer(  744): percent: 7
W/MediaPlayer( 1435): info/warning (704, 7)
I/MediaPlayer.java( 1435): Info (704,7)
D/MediaPlayerService(  744): [8] notify (0x522e8, 200, 704, 7)
D/MstarPlayer(  744): percent: 7
W/MediaPlayer( 1435): info/warning (704, 7)
I/MediaPlayer.java( 1435): Info (704,7)
D/MediaPlayerService(  744): [8] notify (0x522e8, 200, 704, 7)
D/MstarPlayer(  744): percent: 7
W/MediaPlayer( 1435): info/warning (704, 7)
I/MediaPlayer.java( 1435): Info (704,7)
D/MediaPlayerService(  744): [8] notify (0x522e8, 200, 704, 7)
D/MstarPlayer(  744): percent: 7
W/MediaPlayer( 1435): info/warning (704, 7)
I/MediaPlayer.java( 1435): Info (704,7)
D/MediaPlayerService(  744): [8] notify (0x522e8, 200, 704, 7)
D/MstarPlayer(  744): percent: 7
W/MediaPlayer( 1435): info/warning (704, 7)
I/MediaPlayer.java( 1435): Info (704,7)
D/MediaPlayerService(  744): [8] notify (0x522e8, 200, 704, 7)
D/MstarPlayer(  744): percent: 7
W/MediaPlayer( 1435): info/warning (704, 7)
I/MediaPlayer.java( 1435): Info (704,7)
D/MediaPlayerService(  744): [8] notify (0x522e8, 200, 704, 7)
W/MediaPlayer( 1435): info/warning (704, 7)
I/MediaPlayer.java( 1435): Info (704,7)
D/MstarPlayer(  744): percent: 7
D/MediaPlayerService(  744): [8] notify (0x522e8, 200, 704, 7)
W/MediaPlayer( 1435): info/warning (704, 7)
I/MediaPlayer.java( 1435): Info (704,7)
D/MstarPlayer(  744): percent: 7
D/MediaPlayerService(  744): [8] notify (0x522e8, 200, 704, 7)
W/MediaPlayer( 1435): info/warning (704, 7)
I/MediaPlayer.java( 1435): Info (704,7)
D/MstarPlayer(  744): percent: 7
D/MediaPlayerService(  744): [8] notify (0x522e8, 200, 704, 7)
W/MediaPlayer( 1435): info/warning (704, 7)
I/MediaPlayer.java( 1435): Info (704,7)
D/MstarPlayer(  744): percent: 7
D/Downloader(  744): Content-Length: 172
D/Downloader(  744): 
D/Downloader(  744): Downloadserver bandWidth:377
D/Downloader(  744): Downloadserver bandWidth:377
D/Downloader(  744): Downloadserver bandWidth:377
D/Downloader(  744): Downloadserver bandWidth:377
D/MediaPlayerService(  744): [8] notify (0x522e8, 200, 704, 7)
W/MediaPlayer( 1435): info/warning (704, 7)
D/MstarPlayer(  744): percent: 7
I/MediaPlayer.java( 1435): Info (704,7)
D/MediaPlayerService(  744): [8] notify (0x522e8, 200, 704, 7)
W/MediaPlayer( 1435): info/warning (704, 7)
D/MstarPlayer(  744): percent: 7
I/MediaPlayer.java( 1435): Info (704,7)
D/MediaPlayerService(  744): [8] notify (0x522e8, 200, 704, 7)
W/MediaPlayer( 1435): info/warning (704, 7)
D/MstarPlayer(  744): percent: 7
I/MediaPlayer.java( 1435): Info (704,7)
D/MediaPlayerService(  744): [8] notify (0x522e8, 200, 704, 7)
W/MediaPlayer( 1435): info/warning (704, 7)
D/MstarPlayer(  744): percent: 7
I/MediaPlayer.java( 1435): Info (704,7)
D/MediaPlayerService(  744): [8] notify (0x522e8, 200, 704, 7)
D/MstarPlayer(  744): percent: 7
W/MediaPlayer( 1435): info/warning (704, 7)
I/MediaPlayer.java( 1435): Info (704,7)
D/MediaPlayerService(  744): [8] notify (0x522e8, 200, 704, 7)
D/MstarPlayer(  744): percent: 7
W/MediaPlayer( 1435): info/warning (704, 7)
I/MediaPlayer.java( 1435): Info (704,7)
D/MediaPlayerService(  744): [8] notify (0x522e8, 200, 704, 7)
D/MstarPlayer(  744): percent: 7
W/MediaPlayer( 1435): info/warning (704, 7)
I/MediaPlayer.java( 1435): Info (704,7)
D/dalvikvm( 1505): GC_CONCURRENT freed 403K, 78% free 1338K/6019K, paused 2ms+1ms
D/DataSource_M3U8(  744): u32HLSSreamNum[0]===>u32BandWidth:1200000 
D/DataSource_M3U8(  744): getHLSPlayListInex  DownloadBandWidth:377   uInDex=0
D/DataSource_M3U8(  744): [M3U8] checkShouldStartNext :[78](172/172)   sequence:0  start next:79  
D/DataSource_M3U8(  744): 
D/DataSource_M3U8(  744): 
D/DataSource_M3U8(  744): 
D/DataSource_M3U8(  744): [M3U8]-7----->This :0x30fd0 --> post cmd for start next url:http://cibn-iss1.longvisionmedia.com:8088/vod/CIBN2013_CIBN2113040100001913_12001300/79.ts, knowedFileSize:0, mCurDowningIndex:78
D/DataSource_M3U8(  744): 
D/DataSource_M3U8(  744): 
D/Downloader(  744): [downloadThread]Downloader::removeTask  
D/Downloader(  744): [downloadThread]task have range string:0- 
D/MediaPlayerService(  744): [8] notify (0x522e8, 200, 704, 7)
D/MstarPlayer(  744): percent: 7
W/MediaPlayer( 1435): info/warning (704, 7)
I/MediaPlayer.java( 1435): Info (704,7)
D/MediaPlayerService(  744): [8] notify (0x522e8, 200, 704, 7)
D/MstarPlayer(  744): percent: 7
W/MediaPlayer( 1435): info/warning (704, 7)
I/MediaPlayer.java( 1435): Info (704,7)
D/MediaPlayerService(  744): [8] notify (0x522e8, 200, 704, 7)
D/MstarPlayer(  744): percent: 7
W/MediaPlayer( 1435): info/warning (704, 7)
I/MediaPlayer.java( 1435): Info (704,7)
D/dalvikvm( 1505): GC_CONCURRENT freed 417K, 78% free 1329K/6019K, paused 1ms+1ms
I//lib/ld-linux.so.3(  748): FrmCnt:1648(2,256,113) Rate:0 Sys:2289894 STC:423001 VPTS:398240 APTS:398598 Delay:-24721(40) V:0 A:0 VES:0x20 AES:0x0 PCM:0x0 AudioErr:0x3
D/MediaPlayerService(  744): [8] notify (0x522e8, 200, 704, 7)
D/MstarPlayer(  744): percent: 7
W/MediaPlayer( 1435): info/warning (704, 7)
I/MediaPlayer.java( 1435): Info (704,7)
D/MediaPlayerService(  744): [8] notify (0x522e8, 200, 704, 7)
D/MstarPlayer(  744): percent: 7
W/MediaPlayer( 1435): info/warning (704, 7)
I/MediaPlayer.java( 1435): Info (704,7)
D/MediaPlayerService(  744): [8] notify (0x522e8, 200, 704, 7)
D/MstarPlayer(  744): percent: 7
W/MediaPlayer( 1435): info/warning (704, 7)
I/MediaPlayer.java( 1435): Info (704,7)
D/dalvikvm( 1505): GC_CONCURRENT freed 421K, 77% free 1411K/6019K, paused 1ms+2ms
D/MediaPlayerService(  744): [8] notify (0x522e8, 200, 704, 7)
D/MstarPlayer(  744): percent: 7
W/MediaPlayer( 1435): info/warning (704, 7)
I/MediaPlayer.java( 1435): Info (704,7)
D/MediaPlayerService(  744): [8] notify (0x522e8, 200, 704, 7)
D/MstarPlayer(  744): percent: 7
W/MediaPlayer( 1435): info/warning (704, 7)
I/MediaPlayer.java( 1435): Info (704,7)
D/MediaPlayerService(  744): [8] notify (0x522e8, 200, 704, 7)
D/MstarPlayer(  744): percent: 7
W/MediaPlayer( 1435): info/warning (704, 7)
I/MediaPlayer.java( 1435): Info (704,7)
D/dalvikvm( 1505): GC_CONCURRENT freed 488K, 78% free 1361K/6019K, paused 1ms+1ms
D/MediaPlayerService(  744): [8] notify (0x522e8, 200, 704, 7)
D/MstarPlayer(  744): percent: 7
W/MediaPlayer( 1435): info/warning (704, 7)
I/MediaPlayer.java( 1435): Info (704,7)
D/MediaPlayerService(  744): [8] notify (0x522e8, 200, 704, 7)
D/MstarPlayer(  744): percent: 7
W/MediaPlayer( 1435): info/warning (704, 7)
I/MediaPlayer.java( 1435): Info (704,7)
D/MediaPlayerService(  744): [8] notify (0x522e8, 200, 704, 7)
D/MstarPlayer(  744): percent: 7
W/MediaPlayer( 1435): info/warning (704, 7)
I/MediaPlayer.java( 1435): Info (704,7)
D/MediaPlayerService(  744): [8] notify (0x522e8, 200, 704, 7)
D/MstarPlayer(  744): percent: 7
W/MediaPlayer( 1435): info/warning (704, 7)
I/MediaPlayer.java( 1435): Info (704,7)
D/DataSource_M3U8(  744): 
D/DataSource_M3U8(  744):  Warnig::  getValidBufferLength()  <  Codec require !!!
D/MediaPlayerService(  744): [8] notify (0x522e8, 200, 704, 7)
D/MstarPlayer(  744): percent: 7
W/MediaPlayer( 1435): info/warning (704, 7)
I/MediaPlayer.java( 1435): Info (704,7)
D/dalvikvm( 1505): GC_CONCURRENT freed 446K, 77% free 1411K/6019K, paused 1ms+1ms
D/MediaPlayerService(  744): [8] notify (0x522e8, 200, 704, 7)
D/MstarPlayer(  744): percent: 7
W/MediaPlayer( 1435): info/warning (704, 7)
I/MediaPlayer.java( 1435): Info (704,7)
D/MediaPlayerService(  744): [8] notify (0x522e8, 200, 704, 7)
D/MstarPlayer(  744): percent: 7
W/MediaPlayer( 1435): info/warning (704, 7)
I/MediaPlayer.java( 1435): Info (704,7)
D/MediaPlayerService(  744): [8] notify (0x522e8, 200, 704, 7)
D/MstarPlayer(  744): percent: 7
W/MediaPlayer( 1435): info/warning (704, 7)
I/MediaPlayer.java( 1435): Info (704,7)
D/dalvikvm( 1505): GC_CONCURRENT freed 491K, 77% free 1398K/6019K, paused 1ms+1ms
D/MediaPlayerService(  744): [8] notify (0x522e8, 200, 704, 7)
D/MstarPlayer(  744): percent: 7
W/MediaPlayer( 1435): info/warning (704, 7)
I/MediaPlayer.java( 1435): Info (704,7)
D/MediaPlayerService(  744): [8] notify (0x522e8, 200, 704, 7)
D/MstarPlayer(  744): percent: 7
W/MediaPlayer( 1435): info/warning (704, 7)
I/MediaPlayer.java( 1435): Info (704,7)
D/MediaPlayerService(  744): [8] notify (0x522e8, 200, 704, 7)
D/MstarPlayer(  744): percent: 7
W/MediaPlayer( 1435): info/warning (704, 7)
I/MediaPlayer.java( 1435): Info (704,7)
D/MediaPlayerService(  744): [8] notify (0x522e8, 200, 704, 7)
D/MstarPlayer(  744): percent: 7
W/MediaPlayer( 1435): info/warning (704, 7)
I/MediaPlayer.java( 1435): Info (704,7)
D/MediaPlayerService(  744): [8] notify (0x522e8, 200, 704, 7)
D/MstarPlayer(  744): percent: 7
W/MediaPlayer( 1435): info/warning (704, 7)
I/MediaPlayer.java( 1435): Info (704,7)
D/MediaPlayerService(  744): [8] notify (0x522e8, 200, 704, 7)
D/MstarPlayer(  744): percent: 7
W/MediaPlayer( 1435): info/warning (704, 7)
I/MediaPlayer.java( 1435): Info (704,7)
D/MediaPlayerService(  744): [8] notify (0x522e8, 200, 704, 7)
D/MstarPlayer(  744): percent: 7
W/MediaPlayer( 1435): info/warning (704, 7)
I/MediaPlayer.java( 1435): Info (704,7)
D/dalvikvm( 1505): GC_CONCURRENT freed 474K, 78% free 1361K/6019K, paused 1ms+1ms
D/MediaPlayerService(  744): [8] notify (0x522e8, 200, 704, 7)
D/MstarPlayer(  744): percent: 7
W/MediaPlayer( 1435): info/warning (704, 7)
I/MediaPlayer.java( 1435): Info (704,7)
D/MediaPlayerService(  744): [8] notify (0x522e8, 200, 704, 7)
D/MstarPlayer(  744): percent: 7
W/MediaPlayer( 1435): info/warning (704, 7)
I/MediaPlayer.java( 1435): Info (704,7)
D/MediaPlayerService(  744): [8] notify (0x522e8, 200, 704, 7)
D/MstarPlayer(  744): percent: 7
W/MediaPlayer( 1435): info/warning (704, 7)
I/MediaPlayer.java( 1435): Info (704,7)
D/MediaPlayerService(  744): [8] notify (0x522e8, 200, 704, 7)
D/MstarPlayer(  744): percent: 7
W/MediaPlayer( 1435): info/warning (704, 7)
I/MediaPlayer.java( 1435): Info (704,7)
D/MediaPlayerService(  744): [8] notify (0x522e8, 200, 704, 7)
D/MstarPlayer(  744): percent: 7
W/MediaPlayer( 1435): info/warning (704, 7)
I/MediaPlayer.java( 1435): Info (704,7)
D/dalvikvm( 1505): GC_CONCURRENT freed 444K, 79% free 1303K/6019K, paused 1ms+2ms
D/MediaPlayerService(  744): [8] notify (0x522e8, 200, 704, 7)
D/MstarPlayer(  744): percent: 7
W/MediaPlayer( 1435): info/warning (704, 7)
I/MediaPlayer.java( 1435): Info (704,7)
D/dalvikvm( 1505): GC_CONCURRENT freed 466K, 78% free 1346K/6019K, paused 1ms+1ms
D/MediaPlayerService(  744): [8] notify (0x522e8, 200, 704, 7)
D/MstarPlayer(  744): percent: 7
W/MediaPlayer( 1435): info/warning (704, 7)
I/MediaPlayer.java( 1435): Info (704,7)
D/MediaPlayerService(  744): [8] notify (0x522e8, 200, 704, 7)
D/MstarPlayer(  744): percent: 7
W/MediaPlayer( 1435): info/warning (704, 7)
I/MediaPlayer.java( 1435): Info (704,7)
D/MediaPlayerService(  744): [8] notify (0x522e8, 200, 704, 7)
D/MstarPlayer(  744): percent: 7
W/MediaPlayer( 1435): info/warning (704, 7)
I/MediaPlayer.java( 1435): Info (704,7)
I//lib/ld-linux.so.3(  748): FrmCnt:1648(2,256,113) Rate:0 Sys:2291420 STC:424527 VPTS:398240 APTS:398598 Delay:-26247(40) V:0 A:0 VES:0x20 AES:0x0 PCM:0x0 AudioErr:0x3
D/MediaPlayerService(  744): [8] notify (0x522e8, 200, 704, 7)
D/MstarPlayer(  744): percent: 7
W/MediaPlayer( 1435): info/warning (704, 7)
I/MediaPlayer.java( 1435): Info (704,7)
D/dalvikvm( 1505): GC_CONCURRENT freed 439K, 77% free 1402K/6019K, paused 1ms+1ms
D/MediaPlayerService(  744): [8] notify (0x522e8, 200, 704, 7)
D/MstarPlayer(  744): percent: 7
W/MediaPlayer( 1435): info/warning (704, 7)
I/MediaPlayer.java( 1435): Info (704,7)
D/MediaPlayerService(  744): [8] notify (0x522e8, 200, 704, 7)
D/MstarPlayer(  744): percent: 7
W/MediaPlayer( 1435): info/warning (704, 7)
I/MediaPlayer.java( 1435): Info (704,7)
D/MediaPlayerService(  744): [8] notify (0x522e8, 200, 704, 7)
D/MstarPlayer(  744): percent: 7
W/MediaPlayer( 1435): info/warning (704, 7)
I/MediaPlayer.java( 1435): Info (704,7)
D/MediaPlayerService(  744): [8] notify (0x522e8, 200, 704, 7)
D/MstarPlayer(  744): percent: 7
W/MediaPlayer( 1435): info/warning (704, 7)
I/MediaPlayer.java( 1435): Info (704,7)
D/MediaPlayerService(  744): [8] notify (0x522e8, 200, 704, 7)
D/MstarPlayer(  744): percent: 7
W/MediaPlayer( 1435): info/warning (704, 7)
I/MediaPlayer.java( 1435): Info (704,7)
D/MediaPlayerService(  744): [8] notify (0x522e8, 200, 704, 7)
D/MstarPlayer(  744): percent: 7
W/MediaPlayer( 1435): info/warning (704, 7)
I/MediaPlayer.java( 1435): Info (704,7)
D/MediaPlayerService(  744): [8] notify (0x522e8, 200, 704, 7)
D/MstarPlayer(  744): percent: 7
W/MediaPlayer( 1435): info/warning (704, 7)
I/MediaPlayer.java( 1435): Info (704,7)
D/MediaPlayerService(  744): [8] notify (0x522e8, 200, 704, 7)
D/MstarPlayer(  744): percent: 7
W/MediaPlayer( 1435): info/warning (704, 7)
I/MediaPlayer.java( 1435): Info (704,7)
D/MediaPlayerService(  744): [8] notify (0x522e8, 200, 704, 7)
D/MstarPlayer(  744): percent: 7
W/MediaPlayer( 1435): info/warning (704, 7)
I/MediaPlayer.java( 1435): Info (704,7)
D/MediaPlayerService(  744): [8] notify (0x522e8, 200, 704, 7)
D/MstarPlayer(  744): percent: 7
W/MediaPlayer( 1435): info/warning (704, 7)
I/MediaPlayer.java( 1435): Info (704,7)
D/MediaPlayerService(  744): [8] notify (0x522e8, 200, 704, 7)
W/MediaPlayer( 1435): info/warning (704, 7)
I/MediaPlayer.java( 1435): Info (704,7)
D/MstarPlayer(  744): percent: 7
D/MediaPlayerService(  744): [8] notify (0x522e8, 200, 704, 7)
W/MediaPlayer( 1435): info/warning (704, 7)
I/MediaPlayer.java( 1435): Info (704,7)
D/MstarPlayer(  744): percent: 7
D/MediaPlayerService(  744): [8] notify (0x522e8, 200, 704, 7)
D/MstarPlayer(  744): percent: 7
W/MediaPlayer( 1435): info/warning (704, 7)
I/MediaPlayer.java( 1435): Info (704,7)
D/MediaPlayerService(  744): [8] notify (0x522e8, 200, 704, 7)
D/MstarPlayer(  744): percent: 7
W/MediaPlayer( 1435): info/warning (704, 7)
I/MediaPlayer.java( 1435): Info (704,7)
D/MediaPlayerService(  744): [8] notify (0x522e8, 200, 704, 7)
D/MstarPlayer(  744): percent: 7
W/MediaPlayer( 1435): info/warning (704, 7)
I/MediaPlayer.java( 1435): Info (704,7)
D/MediaPlayerService(  744): [8] notify (0x522e8, 200, 704, 7)
D/MstarPlayer(  744): percent: 7
W/MediaPlayer( 1435): info/warning (704, 7)
I/MediaPlayer.java( 1435): Info (704,7)
D/MediaPlayerService(  744): [8] notify (0x522e8, 200, 704, 7)
D/MstarPlayer(  744): percent: 7
W/MediaPlayer( 1435): info/warning (704, 7)
I/MediaPlayer.java( 1435): Info (704,7)
D/MediaPlayerService(  744): [8] notify (0x522e8, 200, 704, 7)
D/MstarPlayer(  744): percent: 7
W/MediaPlayer( 1435): info/warning (704, 7)
I/MediaPlayer.java( 1435): Info (704,7)
D/MediaPlayerService(  744): [8] notify (0x522e8, 200, 704, 7)
D/MstarPlayer(  744): percent: 7
W/MediaPlayer( 1435): info/warning (704, 7)
I/MediaPlayer.java( 1435): Info (704,7)
D/MediaPlayerService(  744): [8] notify (0x522e8, 200, 704, 7)
D/MstarPlayer(  744): percent: 7
W/MediaPlayer( 1435): info/warning (704, 7)
I/MediaPlayer.java( 1435): Info (704,7)
D/MediaPlayerService(  744): [8] notify (0x522e8, 200, 704, 7)
D/MstarPlayer(  744): percent: 7
W/MediaPlayer( 1435): info/warning (704, 7)
I/MediaPlayer.java( 1435): Info (704,7)
D/MediaPlayerService(  744): [8] notify (0x522e8, 200, 704, 7)
D/MstarPlayer(  744): percent: 7
W/MediaPlayer( 1435): info/warning (704, 7)
I/MediaPlayer.java( 1435): Info (704,7)
D/MediaPlayerService(  744): [8] notify (0x522e8, 200, 704, 7)
D/MstarPlayer(  744): percent: 7
W/MediaPlayer( 1435): info/warning (704, 7)
I/MediaPlayer.java( 1435): Info (704,7)
D/MediaPlayerService(  744): [8] notify (0x522e8, 200, 704, 7)
D/MstarPlayer(  744): percent: 7
W/MediaPlayer( 1435): info/warning (704, 7)
I/MediaPlayer.java( 1435): Info (704,7)
D/MediaPlayerService(  744): [8] notify (0x522e8, 200, 704, 7)
D/MstarPlayer(  744): percent: 7
W/MediaPlayer( 1435): info/warning (704, 7)
I/MediaPlayer.java( 1435): Info (704,7)
D/MediaPlayerService(  744): [8] notify (0x522e8, 200, 704, 7)
D/MstarPlayer(  744): percent: 7
W/MediaPlayer( 1435): info/warning (704, 7)
I/MediaPlayer.java( 1435): Info (704,7)
D/MediaPlayerService(  744): [8] notify (0x522e8, 200, 704, 7)
D/MstarPlayer(  744): percent: 7
W/MediaPlayer( 1435): info/warning (704, 7)
I/MediaPlayer.java( 1435): Info (704,7)
D/MediaPlayerService(  744): [8] notify (0x522e8, 200, 704, 7)
D/MstarPlayer(  744): percent: 7
W/MediaPlayer( 1435): info/warning (704, 7)
I/MediaPlayer.java( 1435): Info (704,7)
D/MediaPlayerService(  744): [8] notify (0x522e8, 200, 704, 7)
D/MstarPlayer(  744): percent: 7
W/MediaPlayer( 1435): info/warning (704, 7)
I/MediaPlayer.java( 1435): Info (704,7)
I//lib/ld-linux.so.3(  748): FrmCnt:1648(2,256,113) Rate:0 Sys:2292942 STC:426049 VPTS:398240 APTS:398598 Delay:-27769(40) V:0 A:0 VES:0x20 AES:0x0 PCM:0x0 AudioErr:0x3
D/MediaPlayerService(  744): [8] notify (0x522e8, 200, 704, 7)
D/MstarPlayer(  744): percent: 7
W/MediaPlayer( 1435): info/warning (704, 7)
I/MediaPlayer.java( 1435): Info (704,7)
D/MediaPlayerService(  744): [8] notify (0x522e8, 200, 704, 7)
D/MstarPlayer(  744): percent: 7
W/MediaPlayer( 1435): info/warning (704, 7)
I/MediaPlayer.java( 1435): Info (704,7)
D/MediaPlayerService(  744): [8] notify (0x522e8, 200, 704, 7)
D/MstarPlayer(  744): percent: 7
W/MediaPlayer( 1435): info/warning (704, 7)
I/MediaPlayer.java( 1435): Info (704,7)
D/MediaPlayerService(  744): [8] notify (0x522e8, 200, 704, 7)
D/MstarPlayer(  744): percent: 7
W/MediaPlayer( 1435): info/warning (704, 7)
I/MediaPlayer.java( 1435): Info (704,7)
D/MediaPlayerService(  744): [8] notify (0x522e8, 200, 704, 7)
D/MstarPlayer(  744): percent: 7
W/MediaPlayer( 1435): info/warning (704, 7)
I/MediaPlayer.java( 1435): Info (704,7)
D/MediaPlayerService(  744): [8] notify (0x522e8, 200, 704, 7)
D/MstarPlayer(  744): percent: 7
W/MediaPlayer( 1435): info/warning (704, 7)
I/MediaPlayer.java( 1435): Info (704,7)
D/MediaPlayerService(  744): [8] notify (0x522e8, 200, 704, 7)
D/MstarPlayer(  744): percent: 7
W/MediaPlayer( 1435): info/warning (704, 7)
I/MediaPlayer.java( 1435): Info (704,7)
D/Downloader(  744): Content-Length: 172
D/Downloader(  744): 
D/Downloader(  744): Downloadserver bandWidth:389
D/Downloader(  744): Downloadserver bandWidth:389
D/Downloader(  744): Downloadserver bandWidth:389
D/Downloader(  744): Downloadserver bandWidth:389
D/MediaPlayerService(  744): [8] notify (0x522e8, 200, 704, 7)
D/MstarPlayer(  744): percent: 7
W/MediaPlayer( 1435): info/warning (704, 7)
I/MediaPlayer.java( 1435): Info (704,7)
D/MediaPlayerService(  744): [8] notify (0x522e8, 200, 704, 7)
D/MstarPlayer(  744): percent: 7
W/MediaPlayer( 1435): info/warning (704, 7)
I/MediaPlayer.java( 1435): Info (704,7)
D/MediaPlayerService(  744): [8] notify (0x522e8, 200, 704, 7)
D/MstarPlayer(  744): percent: 7
W/MediaPlayer( 1435): info/warning (704, 7)
I/MediaPlayer.java( 1435): Info (704,7)
D/DataSource_M3U8(  744): 
D/DataSource_M3U8(  744):  Warnig::  getValidBufferLength()  <  Codec require !!!
D/MediaPlayerService(  744): [8] notify (0x522e8, 200, 704, 7)
D/MstarPlayer(  744): percent: 7
W/MediaPlayer( 1435): info/warning (704, 7)
I/MediaPlayer.java( 1435): Info (704,7)
D/MediaPlayerService(  744): [8] notify (0x522e8, 200, 704, 7)
D/MstarPlayer(  744): percent: 7
W/MediaPlayer( 1435): info/warning (704, 7)
I/MediaPlayer.java( 1435): Info (704,7)
D/MediaPlayerService(  744): [8] notify (0x522e8, 200, 704, 7)
D/MstarPlayer(  744): percent: 7
W/MediaPlayer( 1435): info/warning (704, 7)
I/MediaPlayer.java( 1435): Info (704,7)
D/MediaPlayerService(  744): [8] notify (0x522e8, 200, 704, 7)
D/MstarPlayer(  744): percent: 7
W/MediaPlayer( 1435): info/warning (704, 7)
I/MediaPlayer.java( 1435): Info (704,7)
D/MediaPlayerService(  744): [8] notify (0x522e8, 200, 704, 7)
D/MstarPlayer(  744): percent: 7
W/MediaPlayer( 1435): info/warning (704, 7)
I/MediaPlayer.java( 1435): Info (704,7)
D/MediaPlayerService(  744): [8] notify (0x522e8, 200, 704, 7)
D/MstarPlayer(  744): percent: 7
W/MediaPlayer( 1435): info/warning (704, 7)
I/MediaPlayer.java( 1435): Info (704,7)
D/DataSource_M3U8(  744): u32HLSSreamNum[0]===>u32BandWidth:1200000 
D/DataSource_M3U8(  744): getHLSPlayListInex  DownloadBandWidth:389   uInDex=0
D/DataSource_M3U8(  744): [M3U8] checkShouldStartNext :[79](172/172)   sequence:0  start next:80  
D/DataSource_M3U8(  744): 
D/DataSource_M3U8(  744): 
D/DataSource_M3U8(  744): 
D/DataSource_M3U8(  744): [M3U8]-7----->This :0x30fd0 --> post cmd for start next url:http://cibn-iss1.longvisionmedia.com:8088/vod/CIBN2013_CIBN2113040100001913_12001300/80.ts, knowedFileSize:0, mCurDowningIndex:79
D/DataSource_M3U8(  744): 
D/DataSource_M3U8(  744): 
D/Downloader(  744): [downloadThread]Downloader::removeTask  
D/Downloader(  744): [downloadThread]task have range string:0- 
D/MediaPlayerService(  744): [8] notify (0x522e8, 200, 704, 7)
D/MstarPlayer(  744): percent: 7
W/MediaPlayer( 1435): info/warning (704, 7)
I/MediaPlayer.java( 1435): Info (704,7)
D/MediaPlayerService(  744): [8] notify (0x522e8, 200, 704, 7)
D/MstarPlayer(  744): percent: 7
W/MediaPlayer( 1435): info/warning (704, 7)
I/MediaPlayer.java( 1435): Info (704,7)
D/MediaPlayerService(  744): [8] notify (0x522e8, 200, 704, 7)
D/MstarPlayer(  744): percent: 7
W/MediaPlayer( 1435): info/warning (704, 7)
I/MediaPlayer.java( 1435): Info (704,7)
D/MediaPlayerService(  744): [8] notify (0x522e8, 200, 704, 7)
D/MstarPlayer(  744): percent: 7
W/MediaPlayer( 1435): info/warning (704, 7)
I/MediaPlayer.java( 1435): Info (704,7)
D/MediaPlayerService(  744): [8] notify (0x522e8, 200, 704, 7)
D/MstarPlayer(  744): percent: 7
W/MediaPlayer( 1435): info/warning (704, 7)
I/MediaPlayer.java( 1435): Info (704,7)
D/MediaPlayerService(  744): [8] notify (0x522e8, 200, 704, 7)
D/MstarPlayer(  744): percent: 7
W/MediaPlayer( 1435): info/warning (704, 7)
I/MediaPlayer.java( 1435): Info (704,7)
D/MediaPlayerService(  744): [8] notify (0x522e8, 200, 704, 7)
D/MstarPlayer(  744): percent: 7
W/MediaPlayer( 1435): info/warning (704, 7)
I/MediaPlayer.java( 1435): Info (704,7)
D/MediaPlayerService(  744): [8] notify (0x522e8, 200, 704, 7)
D/MstarPlayer(  744): percent: 7
W/MediaPlayer( 1435): info/warning (704, 7)
I/MediaPlayer.java( 1435): Info (704,7)
D/MediaPlayerService(  744): [8] notify (0x522e8, 200, 704, 7)
D/MstarPlayer(  744): percent: 7
W/MediaPlayer( 1435): info/warning (704, 7)
I/MediaPlayer.java( 1435): Info (704,7)
D/MediaPlayerService(  744): [8] notify (0x522e8, 200, 704, 7)
D/MstarPlayer(  744): percent: 7
W/MediaPlayer( 1435): info/warning (704, 7)
I/MediaPlayer.java( 1435): Info (704,7)
D/MediaPlayerService(  744): [8] notify (0x522e8, 200, 704, 7)
D/MstarPlayer(  744): percent: 7
W/MediaPlayer( 1435): info/warning (704, 7)
I/MediaPlayer.java( 1435): Info (704,7)
D/MediaPlayerService(  744): [8] notify (0x522e8, 200, 704, 7)
D/MstarPlayer(  744): percent: 7
W/MediaPlayer( 1435): info/warning (704, 7)
I/MediaPlayer.java( 1435): Info (704,7)
D/MediaPlayerService(  744): [8] notify (0x522e8, 200, 704, 7)
D/MstarPlayer(  744): percent: 7
W/MediaPlayer( 1435): info/warning (704, 7)
I/MediaPlayer.java( 1435): Info (704,7)
D/MediaPlayerService(  744): [8] notify (0x522e8, 200, 704, 7)
D/MstarPlayer(  744): percent: 7
W/MediaPlayer( 1435): info/warning (704, 7)
I/MediaPlayer.java( 1435): Info (704,7)
I//lib/ld-linux.so.3(  748): FrmCnt:1648(2,256,113) Rate:0 Sys:2294465 STC:427572 VPTS:398240 APTS:398598 Delay:-29292(40) V:0 A:0 VES:0x20 AES:0x0 PCM:0x0 AudioErr:0x3
D/MediaPlayerService(  744): [8] notify (0x522e8, 200, 704, 7)
D/MstarPlayer(  744): percent: 7
W/MediaPlayer( 1435): info/warning (704, 7)
I/MediaPlayer.java( 1435): Info (704,7)
D/MediaPlayerService(  744): [8] notify (0x522e8, 200, 704, 7)
D/MstarPlayer(  744): percent: 7
W/MediaPlayer( 1435): info/warning (704, 7)
I/MediaPlayer.java( 1435): Info (704,7)
D/MediaPlayerService(  744): [8] notify (0x522e8, 200, 704, 7)
D/MstarPlayer(  744): percent: 7
W/MediaPlayer( 1435): info/warning (704, 7)
I/MediaPlayer.java( 1435): Info (704,7)
D/MediaPlayerService(  744): [8] notify (0x522e8, 200, 704, 7)
D/MstarPlayer(  744): percent: 7
W/MediaPlayer( 1435): info/warning (704, 7)
I/MediaPlayer.java( 1435): Info (704,7)
D/MediaPlayerService(  744): [8] notify (0x522e8, 200, 704, 7)
D/MstarPlayer(  744): percent: 7
W/MediaPlayer( 1435): info/warning (704, 7)
I/MediaPlayer.java( 1435): Info (704,7)
D/MediaPlayerService(  744): [8] notify (0x522e8, 200, 704, 7)
D/MstarPlayer(  744): percent: 7
W/MediaPlayer( 1435): info/warning (704, 7)
I/MediaPlayer.java( 1435): Info (704,7)
D/MediaPlayerService(  744): [8] notify (0x522e8, 200, 704, 7)
D/MstarPlayer(  744): percent: 7
W/MediaPlayer( 1435): info/warning (704, 7)
I/MediaPlayer.java( 1435): Info (704,7)
D/Downloader(  744): Content-Length: 172
D/Downloader(  744): 
D/Downloader(  744): Downloadserver bandWidth:1305
D/Downloader(  744): Downloadserver bandWidth:1305
D/Downloader(  744): Downloadserver bandWidth:1305
D/Downloader(  744): Downloadserver bandWidth:1305
D/MediaPlayerService(  744): [8] notify (0x522e8, 200, 704, 7)
D/MstarPlayer(  744): percent: 7
W/MediaPlayer( 1435): info/warning (704, 7)
I/MediaPlayer.java( 1435): Info (704,7)
D/MediaPlayerService(  744): [8] notify (0x522e8, 200, 704, 7)
D/MstarPlayer(  744): percent: 7
W/MediaPlayer( 1435): info/warning (704, 7)
I/MediaPlayer.java( 1435): Info (704,7)
D/MediaPlayerService(  744): [8] notify (0x522e8, 200, 704, 7)
D/MstarPlayer(  744): percent: 7
W/MediaPlayer( 1435): info/warning (704, 7)
I/MediaPlayer.java( 1435): Info (704,7)
D/MediaPlayerService(  744): [8] notify (0x522e8, 200, 704, 7)
D/MstarPlayer(  744): percent: 7
W/MediaPlayer( 1435): info/warning (704, 7)
I/MediaPlayer.java( 1435): Info (704,7)
D/MediaPlayerService(  744): [8] notify (0x522e8, 200, 704, 7)
D/MstarPlayer(  744): percent: 7
W/MediaPlayer( 1435): info/warning (704, 7)
I/MediaPlayer.java( 1435): Info (704,7)
D/MediaPlayerService(  744): [8] notify (0x522e8, 200, 704, 7)
D/MstarPlayer(  744): percent: 7
W/MediaPlayer( 1435): info/warning (704, 7)
I/MediaPlayer.java( 1435): Info (704,7)
D/MediaPlayerService(  744): [8] notify (0x522e8, 200, 704, 7)
D/MstarPlayer(  744): percent: 7
W/MediaPlayer( 1435): info/warning (704, 7)
I/MediaPlayer.java( 1435): Info (704,7)
D/MediaPlayerService(  744): [8] notify (0x522e8, 200, 704, 7)
D/MstarPlayer(  744): percent: 7
W/MediaPlayer( 1435): info/warning (704, 7)
I/MediaPlayer.java( 1435): Info (704,7)
D/MediaPlayerService(  744): [8] notify (0x522e8, 200, 704, 7)
D/MstarPlayer(  744): percent: 7
W/MediaPlayer( 1435): info/warning (704, 7)
I/MediaPlayer.java( 1435): Info (704,7)
D/DataSource_M3U8(  744): u32HLSSreamNum[0]===>u32BandWidth:1200000 
D/DataSource_M3U8(  744): getHLSPlayListInex  DownloadBandWidth:1305   uInDex=0
D/DataSource_M3U8(  744): [M3U8] checkShouldStartNext :[80](172/172)   sequence:0  start next:81  
D/DataSource_M3U8(  744): 
D/DataSource_M3U8(  744): 
D/DataSource_M3U8(  744): 
D/DataSource_M3U8(  744): [M3U8]-7----->This :0x30fd0 --> post cmd for start next url:http://cibn-iss1.longvisionmedia.com:8088/vod/CIBN2013_CIBN2113040100001913_12001300/81.ts, knowedFileSize:0, mCurDowningIndex:80
D/DataSource_M3U8(  744): 
D/DataSource_M3U8(  744): 
D/Downloader(  744): [downloadThread]Downloader::removeTask  
D/Downloader(  744): [downloadThread]task have range string:0- 
D/MediaPlayerService(  744): [8] notify (0x522e8, 200, 704, 7)
D/MstarPlayer(  744): percent: 7
W/MediaPlayer( 1435): info/warning (704, 7)
I/MediaPlayer.java( 1435): Info (704,7)
D/MediaPlayerService(  744): [8] notify (0x522e8, 200, 704, 7)
D/MstarPlayer(  744): percent: 7
W/MediaPlayer( 1435): info/warning (704, 7)
I/MediaPlayer.java( 1435): Info (704,7)
D/MediaPlayerService(  744): [8] notify (0x522e8, 200, 704, 7)
D/MstarPlayer(  744): percent: 7
W/MediaPlayer( 1435): info/warning (704, 7)
I/MediaPlayer.java( 1435): Info (704,7)
D/DataSource_M3U8(  744): 
D/DataSource_M3U8(  744):  Warnig::  getValidBufferLength()  <  Codec require !!!
D/MediaPlayerService(  744): [8] notify (0x522e8, 200, 704, 7)
D/MstarPlayer(  744): percent: 7
W/MediaPlayer( 1435): info/warning (704, 7)
I/MediaPlayer.java( 1435): Info (704,7)
D/MediaPlayerService(  744): [8] notify (0x522e8, 200, 704, 7)
D/MstarPlayer(  744): percent: 7
W/MediaPlayer( 1435): info/warning (704, 7)
I/MediaPlayer.java( 1435): Info (704,7)
D/MediaPlayerService(  744): [8] notify (0x522e8, 200, 704, 7)
D/MstarPlayer(  744): percent: 7
W/MediaPlayer( 1435): info/warning (704, 7)
I/MediaPlayer.java( 1435): Info (704,7)
D/MediaPlayerService(  744): [8] notify (0x522e8, 200, 704, 7)
D/MstarPlayer(  744): percent: 7
W/MediaPlayer( 1435): info/warning (704, 7)
I/MediaPlayer.java( 1435): Info (704,7)
D/MediaPlayerService(  744): [8] notify (0x522e8, 200, 704, 7)
D/MstarPlayer(  744): percent: 7
W/MediaPlayer( 1435): info/warning (704, 7)
I/MediaPlayer.java( 1435): Info (704,7)
D/MediaPlayerService(  744): [8] notify (0x522e8, 200, 704, 7)
D/MstarPlayer(  744): percent: 7
W/MediaPlayer( 1435): info/warning (704, 7)
I/MediaPlayer.java( 1435): Info (704,7)
D/MediaPlayerService(  744): [8] notify (0x522e8, 200, 704, 7)
D/MstarPlayer(  744): percent: 7
W/MediaPlayer( 1435): info/warning (704, 7)
I/MediaPlayer.java( 1435): Info (704,7)
D/MediaPlayerService(  744): [8] notify (0x522e8, 200, 704, 7)
D/MstarPlayer(  744): percent: 7
W/MediaPlayer( 1435): info/warning (704, 7)
I/MediaPlayer.java( 1435): Info (704,7)
D/Downloader(  744): Content-Length: 172
D/Downloader(  744): 
D/Downloader(  744): Downloadserver bandWidth:2444
D/Downloader(  744): Downloadserver bandWidth:2444
D/Downloader(  744): Downloadserver bandWidth:2444
D/Downloader(  744): Downloadserver bandWidth:2444
D/MediaPlayerService(  744): [8] notify (0x522e8, 200, 704, 7)
D/MstarPlayer(  744): percent: 7
W/MediaPlayer( 1435): info/warning (704, 7)
I/MediaPlayer.java( 1435): Info (704,7)
D/MediaPlayerService(  744): [8] notify (0x522e8, 200, 704, 7)
D/MstarPlayer(  744): percent: 7
W/MediaPlayer( 1435): info/warning (704, 7)
I/MediaPlayer.java( 1435): Info (704,7)
D/MediaPlayerService(  744): [8] notify (0x522e8, 200, 704, 7)
D/MstarPlayer(  744): percent: 7
W/MediaPlayer( 1435): info/warning (704, 7)
I/MediaPlayer.java( 1435): Info (704,7)
I//lib/ld-linux.so.3(  748): FrmCnt:1648(2,256,113) Rate:0 Sys:2295986 STC:429093 VPTS:398240 APTS:398598 Delay:-30813(40) V:0 A:0 VES:0x20 AES:0x0 PCM:0x0 AudioErr:0x3
D/MediaPlayerService(  744): [8] notify (0x522e8, 200, 704, 7)
D/MstarPlayer(  744): percent: 7
W/MediaPlayer( 1435): info/warning (704, 7)
I/MediaPlayer.java( 1435): Info (704,7)
D/MediaPlayerService(  744): [8] notify (0x522e8, 200, 704, 7)
D/MstarPlayer(  744): percent: 7
W/MediaPlayer( 1435): info/warning (704, 7)
I/MediaPlayer.java( 1435): Info (704,7)
D/MediaPlayerService(  744): [8] notify (0x522e8, 200, 704, 7)
D/MstarPlayer(  744): percent: 7
W/MediaPlayer( 1435): info/warning (704, 7)
I/MediaPlayer.java( 1435): Info (704,7)
D/MediaPlayerService(  744): [8] notify (0x522e8, 200, 704, 7)
D/MstarPlayer(  744): percent: 7
W/MediaPlayer( 1435): info/warning (704, 7)
I/MediaPlayer.java( 1435): Info (704,7)
D/MediaPlayerService(  744): [8] notify (0x522e8, 200, 704, 7)
D/MstarPlayer(  744): percent: 7
W/MediaPlayer( 1435): info/warning (704, 7)
I/MediaPlayer.java( 1435): Info (704,7)
D/MediaPlayerService(  744): [8] notify (0x522e8, 200, 704, 7)
D/MstarPlayer(  744): percent: 7
W/MediaPlayer( 1435): info/warning (704, 7)
I/MediaPlayer.java( 1435): Info (704,7)
D/DataSource_M3U8(  744): u32HLSSreamNum[0]===>u32BandWidth:1200000 
D/DataSource_M3U8(  744): getHLSPlayListInex  DownloadBandWidth:2444   uInDex=0
D/DataSource_M3U8(  744): [M3U8] checkShouldStartNext :[81](172/172)   sequence:0  start next:82  
D/DataSource_M3U8(  744): 
D/DataSource_M3U8(  744): 
D/DataSource_M3U8(  744): 
D/DataSource_M3U8(  744): [M3U8]-7----->This :0x30fd0 --> post cmd for start next url:http://cibn-iss1.longvisionmedia.com:8088/vod/CIBN2013_CIBN2113040100001913_12001300/82.ts, knowedFileSize:0, mCurDowningIndex:81
D/DataSource_M3U8(  744): 
D/DataSource_M3U8(  744): 
D/Downloader(  744): [downloadThread]Downloader::removeTask  
D/Downloader(  744): [downloadThread]task have range string:0- 
D/MediaPlayerService(  744): [8] notify (0x522e8, 3, 19, 0)
D/MediaPlayerService(  744): [8] notify (0x522e8, 200, 704, 7)
D/MstarPlayer(  744): percent: 7
W/MediaPlayer( 1435): info/warning (704, 7)
I/MediaPlayer.java( 1435): Info (704,7)
D/MediaPlayerService(  744): [8] notify (0x522e8, 200, 704, 7)
D/MstarPlayer(  744): percent: 7
W/MediaPlayer( 1435): info/warning (704, 7)
I/MediaPlayer.java( 1435): Info (704,7)
D/MediaPlayerService(  744): [8] notify (0x522e8, 200, 704, 7)
D/MstarPlayer(  744): percent: 7
W/MediaPlayer( 1435): info/warning (704, 7)
I/MediaPlayer.java( 1435): Info (704,7)
D/DataSource_M3U8(  744): 
D/DataSource_M3U8(  744):  Warnig::  getValidBufferLength()  <  Codec require !!!
D/MediaPlayerService(  744): [8] notify (0x522e8, 200, 704, 7)
D/MstarPlayer(  744): percent: 7
W/MediaPlayer( 1435): info/warning (704, 7)
I/MediaPlayer.java( 1435): Info (704,7)
D/MediaPlayerService(  744): [8] notify (0x522e8, 200, 704, 7)
D/MstarPlayer(  744): percent: 7
W/MediaPlayer( 1435): info/warning (704, 7)
I/MediaPlayer.java( 1435): Info (704,7)
D/MediaPlayerService(  744): [8] notify (0x522e8, 200, 704, 7)
W/MediaPlayer( 1435): info/warning (704, 7)
I/MediaPlayer.java( 1435): Info (704,7)
D/MstarPlayer(  744): percent: 7
D/MediaPlayerService(  744): [8] notify (0x522e8, 200, 704, 7)
D/MstarPlayer(  744): percent: 7
W/MediaPlayer( 1435): info/warning (704, 7)
I/MediaPlayer.java( 1435): Info (704,7)
D/MediaPlayerService(  744): [8] notify (0x522e8, 200, 704, 7)
D/MstarPlayer(  744): percent: 7
W/MediaPlayer( 1435): info/warning (704, 7)
I/MediaPlayer.java( 1435): Info (704,7)
D/MediaPlayerService(  744): [8] notify (0x522e8, 200, 704, 7)
D/MstarPlayer(  744): percent: 7
W/MediaPlayer( 1435): info/warning (704, 7)
I/MediaPlayer.java( 1435): Info (704,7)
D/MediaPlayerService(  744): [8] notify (0x522e8, 200, 704, 7)
D/MstarPlayer(  744): percent: 7
W/MediaPlayer( 1435): info/warning (704, 7)
I/MediaPlayer.java( 1435): Info (704,7)
D/MediaPlayerService(  744): [8] notify (0x522e8, 200, 704, 7)
D/MstarPlayer(  744): percent: 7
W/MediaPlayer( 1435): info/warning (704, 7)
I/MediaPlayer.java( 1435): Info (704,7)
D/MediaPlayerService(  744): [8] notify (0x522e8, 200, 704, 7)
D/MstarPlayer(  744): percent: 7
W/MediaPlayer( 1435): info/warning (704, 7)
I/MediaPlayer.java( 1435): Info (704,7)
D/MediaPlayerService(  744): [8] notify (0x522e8, 200, 704, 7)
D/MstarPlayer(  744): percent: 7
W/MediaPlayer( 1435): info/warning (704, 7)
I/MediaPlayer.java( 1435): Info (704,7)
D/dalvikvm( 1505): GC_CONCURRENT freed 549K, 78% free 1353K/6019K, paused 1ms+1ms
D/HomePlayerLib( 1505): hostaddress count is 1
D/MediaPlayerService(  744): [8] notify (0x522e8, 200, 704, 7)
D/MstarPlayer(  744): percent: 7
W/MediaPlayer( 1435): info/warning (704, 7)
I/MediaPlayer.java( 1435): Info (704,7)
D/dalvikvm( 1505): GC_CONCURRENT freed 432K, 77% free 1418K/6019K, paused 1ms+2ms
D/MediaPlayerService(  744): [8] notify (0x522e8, 200, 704, 7)
D/MstarPlayer(  744): percent: 7
W/MediaPlayer( 1435): info/warning (704, 7)
I/MediaPlayer.java( 1435): Info (704,7)
D/Downloader(  744): Content-Length: 172
D/Downloader(  744): 
D/Downloader(  744): Downloadserver bandWidth:1842
D/Downloader(  744): Downloadserver bandWidth:1842
D/Downloader(  744): Downloadserver bandWidth:1842
D/Downloader(  744): Downloadserver bandWidth:1842
D/dalvikvm( 1505): GC_CONCURRENT freed 513K, 78% free 1342K/6019K, paused 2ms+1ms
D/MediaPlayerService(  744): [8] notify (0x522e8, 200, 704, 7)
D/MstarPlayer(  744): percent: 7
W/MediaPlayer( 1435): info/warning (704, 7)
I/MediaPlayer.java( 1435): Info (704,7)
D/MediaPlayerService(  744): [8] notify (0x522e8, 200, 704, 7)
D/MstarPlayer(  744): percent: 7
W/MediaPlayer( 1435): info/warning (704, 7)
I/MediaPlayer.java( 1435): Info (704,7)
D/MediaPlayerService(  744): [8] notify (0x522e8, 200, 704, 7)
D/MstarPlayer(  744): percent: 7
W/MediaPlayer( 1435): info/warning (704, 7)
I/MediaPlayer.java( 1435): Info (704,7)
D/dalvikvm( 1505): GC_CONCURRENT freed 425K, 77% free 1429K/6019K, paused 1ms+1ms
D/dalvikvm( 1505): GC_CONCURRENT freed 466K, 78% free 1355K/6019K, paused 1ms+1ms
D/MediaPlayerService(  744): [8] notify (0x522e8, 200, 704, 7)
D/MstarPlayer(  744): percent: 7
W/MediaPlayer( 1435): info/warning (704, 7)
I/MediaPlayer.java( 1435): Info (704,7)
D/MediaPlayerService(  744): [8] notify (0x522e8, 200, 704, 7)
D/MstarPlayer(  744): percent: 7
W/MediaPlayer( 1435): info/warning (704, 7)
I/MediaPlayer.java( 1435): Info (704,7)
D/DataSource_M3U8(  744): u32HLSSreamNum[0]===>u32BandWidth:1200000 
D/DataSource_M3U8(  744): getHLSPlayListInex  DownloadBandWidth:1842   uInDex=0
D/DataSource_M3U8(  744): [M3U8] checkShouldStartNext :[82](172/172)   sequence:0  start next:83  
D/DataSource_M3U8(  744): 
D/DataSource_M3U8(  744): 
D/DataSource_M3U8(  744): 
D/DataSource_M3U8(  744): [M3U8]-7----->This :0x30fd0 --> post cmd for start next url:http://cibn-iss1.longvisionmedia.com:8088/vod/CIBN2013_CIBN2113040100001913_12001300/83.ts, knowedFileSize:0, mCurDowningIndex:82
D/DataSource_M3U8(  744): 
D/DataSource_M3U8(  744): 
D/Downloader(  744): [downloadThread]Downloader::removeTask  
D/Downloader(  744): [downloadThread]task have range string:0- 
D/MediaPlayerService(  744): [8] notify (0x522e8, 200, 704, 7)
D/MstarPlayer(  744): percent: 7
W/MediaPlayer( 1435): info/warning (704, 7)
I/MediaPlayer.java( 1435): Info (704,7)
D/dalvikvm( 1505): GC_CONCURRENT freed 422K, 76% free 1469K/6019K, paused 1ms+1ms
D/MediaPlayerService(  744): [8] notify (0x522e8, 200, 704, 7)
D/MstarPlayer(  744): percent: 7
W/MediaPlayer( 1435): info/warning (704, 7)
I/MediaPlayer.java( 1435): Info (704,7)
D/MediaPlayerService(  744): [8] notify (0x522e8, 200, 704, 7)
D/MstarPlayer(  744): percent: 7
W/MediaPlayer( 1435): info/warning (704, 7)
I/MediaPlayer.java( 1435): Info (704,7)
D/dalvikvm( 1505): GC_CONCURRENT freed 539K, 75% free 1515K/6019K, paused 1ms+1ms
D/DataSource_M3U8(  744): 
D/DataSource_M3U8(  744):  Warnig::  getValidBufferLength()  <  Codec require !!!
D/MediaPlayerService(  744): [8] notify (0x522e8, 200, 704, 7)
D/MstarPlayer(  744): percent: 7
W/MediaPlayer( 1435): info/warning (704, 7)
I/MediaPlayer.java( 1435): Info (704,7)
I//lib/ld-linux.so.3(  748): FrmCnt:1648(2,256,113) Rate:0 Sys:2297511 STC:430618 VPTS:398240 APTS:398598 Delay:-32338(40) V:0 A:0 VES:0x20 AES:0x0 PCM:0x0 AudioErr:0x3
D/MediaPlayerService(  744): [8] notify (0x522e8, 200, 704, 7)
D/MstarPlayer(  744): percent: 7
W/MediaPlayer( 1435): info/warning (704, 7)
I/MediaPlayer.java( 1435): Info (704,7)
D/MediaPlayerService(  744): [8] notify (0x522e8, 200, 704, 7)
D/MstarPlayer(  744): percent: 7
W/MediaPlayer( 1435): info/warning (704, 7)
I/MediaPlayer.java( 1435): Info (704,7)
D/dalvikvm( 1505): GC_CONCURRENT freed 586K, 79% free 1314K/6019K, paused 1ms+1ms
D/Downloader(  744): Content-Length: 172
D/Downloader(  744): 
D/Downloader(  744): Downloadserver bandWidth:4410
D/Downloader(  744): Downloadserver bandWidth:4410
D/Downloader(  744): Downloadserver bandWidth:4410
D/Downloader(  744): Downloadserver bandWidth:4410
D/MediaPlayerService(  744): [8] notify (0x522e8, 200, 704, 7)
D/MstarPlayer(  744): percent: 7
W/MediaPlayer( 1435): info/warning (704, 7)
I/MediaPlayer.java( 1435): Info (704,7)
D/MediaPlayerService(  744): [8] notify (0x522e8, 200, 704, 7)
D/MstarPlayer(  744): percent: 7
W/MediaPlayer( 1435): info/warning (704, 7)
I/MediaPlayer.java( 1435): Info (704,7)
D/dalvikvm( 1505): GC_CONCURRENT freed 385K, 78% free 1332K/6019K, paused 1ms+1ms
D/MediaPlayerService(  744): [8] notify (0x522e8, 200, 704, 7)
D/MstarPlayer(  744): percent: 7
W/MediaPlayer( 1435): info/warning (704, 7)
I/MediaPlayer.java( 1435): Info (704,7)
D/MediaPlayerService(  744): [8] notify (0x522e8, 200, 704, 7)
D/MstarPlayer(  744): percent: 7
W/MediaPlayer( 1435): info/warning (704, 7)
I/MediaPlayer.java( 1435): Info (704,7)
D/DataSource_M3U8(  744): u32HLSSreamNum[0]===>u32BandWidth:1200000 
D/DataSource_M3U8(  744): getHLSPlayListInex  DownloadBandWidth:4410   uInDex=0
D/DataSource_M3U8(  744): [M3U8] checkShouldStartNext :[83](172/172)   sequence:0  start next:84  
D/DataSource_M3U8(  744): 
D/DataSource_M3U8(  744): 
D/DataSource_M3U8(  744): 
D/DataSource_M3U8(  744): [M3U8]-7----->This :0x30fd0 --> post cmd for start next url:http://cibn-iss1.longvisionmedia.com:8088/vod/CIBN2013_CIBN2113040100001913_12001300/84.ts, knowedFileSize:0, mCurDowningIndex:83
D/DataSource_M3U8(  744): 
D/DataSource_M3U8(  744): 
D/Downloader(  744): [downloadThread]Downloader::removeTask  
D/Downloader(  744): [downloadThread]task have range string:0- 
D/MediaPlayerService(  744): [8] notify (0x522e8, 200, 704, 7)
D/MstarPlayer(  744): percent: 7
W/MediaPlayer( 1435): info/warning (704, 7)
I/MediaPlayer.java( 1435): Info (704,7)
D/MediaPlayerService(  744): [8] notify (0x522e8, 200, 704, 7)
D/MstarPlayer(  744): percent: 7
W/MediaPlayer( 1435): info/warning (704, 7)
I/MediaPlayer.java( 1435): Info (704,7)
D/MediaPlayerService(  744): [8] notify (0x522e8, 200, 704, 7)
D/MstarPlayer(  744): percent: 7
W/MediaPlayer( 1435): info/warning (704, 7)
I/MediaPlayer.java( 1435): Info (704,7)
D/dalvikvm( 1505): GC_CONCURRENT freed 404K, 78% free 1329K/6019K, paused 1ms+2ms
D/MediaPlayerService(  744): [8] notify (0x522e8, 200, 704, 7)
D/MstarPlayer(  744): percent: 7
W/MediaPlayer( 1435): info/warning (704, 7)
I/MediaPlayer.java( 1435): Info (704,7)
D/MediaPlayerService(  744): [8] notify (0x522e8, 200, 704, 7)
D/MstarPlayer(  744): percent: 7
W/MediaPlayer( 1435): info/warning (704, 7)
I/MediaPlayer.java( 1435): Info (704,7)
D/MediaPlayerService(  744): [8] notify (0x522e8, 200, 704, 7)
D/MstarPlayer(  744): percent: 7
W/MediaPlayer( 1435): info/warning (704, 7)
I/MediaPlayer.java( 1435): Info (704,7)
D/MediaPlayerService(  744): [8] notify (0x522e8, 200, 704, 7)
D/MstarPlayer(  744): percent: 7
W/MediaPlayer( 1435): info/warning (704, 7)
I/MediaPlayer.java( 1435): Info (704,7)
D/MediaPlayerService(  744): [8] notify (0x522e8, 200, 704, 7)
D/MstarPlayer(  744): percent: 7
W/MediaPlayer( 1435): info/warning (704, 7)
I/MediaPlayer.java( 1435): Info (704,7)
D/MediaPlayerService(  744): [8] notify (0x522e8, 200, 704, 7)
D/MstarPlayer(  744): percent: 7
W/MediaPlayer( 1435): info/warning (704, 7)
I/MediaPlayer.java( 1435): Info (704,7)
D/MediaPlayerService(  744): [8] notify (0x522e8, 200, 704, 7)
D/MstarPlayer(  744): percent: 7
W/MediaPlayer( 1435): info/warning (704, 7)
I/MediaPlayer.java( 1435): Info (704,7)
D/MediaPlayerService(  744): [8] notify (0x522e8, 200, 704, 7)
W/MediaPlayer( 1435): info/warning (704, 7)
I/MediaPlayer.java( 1435): Info (704,7)
D/MstarPlayer(  744): percent: 7
D/MediaPlayerService(  744): [8] notify (0x522e8, 200, 704, 7)
D/MstarPlayer(  744): percent: 7
W/MediaPlayer( 1435): info/warning (704, 7)
I/MediaPlayer.java( 1435): Info (704,7)
D/MediaPlayerService(  744): [8] notify (0x522e8, 200, 704, 7)
D/MstarPlayer(  744): percent: 7
W/MediaPlayer( 1435): info/warning (704, 7)
I/MediaPlayer.java( 1435): Info (704,7)
D/DataSource_M3U8(  744): 
D/DataSource_M3U8(  744):  Warnig::  getValidBufferLength()  <  Codec require !!!
D/MediaPlayerService(  744): [8] notify (0x522e8, 200, 704, 7)
D/MstarPlayer(  744): percent: 7
W/MediaPlayer( 1435): info/warning (704, 7)
I/MediaPlayer.java( 1435): Info (704,7)
D/Downloader(  744): Content-Length: 172
D/Downloader(  744): 
D/Downloader(  744): Downloadserver bandWidth:1979
D/Downloader(  744): Downloadserver bandWidth:1979
D/Downloader(  744): Downloadserver bandWidth:1979
D/Downloader(  744): Downloadserver bandWidth:1979
D/MediaPlayerService(  744): [8] notify (0x522e8, 200, 704, 7)
D/MstarPlayer(  744): percent: 7
W/MediaPlayer( 1435): info/warning (704, 7)
I/MediaPlayer.java( 1435): Info (704,7)
D/MediaPlayerService(  744): [8] notify (0x522e8, 200, 704, 7)
D/MstarPlayer(  744): percent: 7
W/MediaPlayer( 1435): info/warning (704, 7)
I/MediaPlayer.java( 1435): Info (704,7)
D/MediaPlayerService(  744): [8] notify (0x522e8, 200, 704, 7)
D/MstarPlayer(  744): percent: 7
W/MediaPlayer( 1435): info/warning (704, 7)
I/MediaPlayer.java( 1435): Info (704,7)
D/MediaPlayerService(  744): [8] notify (0x522e8, 200, 704, 7)
D/MstarPlayer(  744): percent: 7
W/MediaPlayer( 1435): info/warning (704, 7)
I/MediaPlayer.java( 1435): Info (704,7)
D/MediaPlayerService(  744): [8] notify (0x522e8, 200, 704, 7)
D/MstarPlayer(  744): percent: 7
W/MediaPlayer( 1435): info/warning (704, 7)
I/MediaPlayer.java( 1435): Info (704,7)
D/MediaPlayerService(  744): [8] notify (0x522e8, 200, 704, 7)
D/MstarPlayer(  744): percent: 7
W/MediaPlayer( 1435): info/warning (704, 7)
I/MediaPlayer.java( 1435): Info (704,7)
D/DataSource_M3U8(  744): u32HLSSreamNum[0]===>u32BandWidth:1200000 
D/DataSource_M3U8(  744): getHLSPlayListInex  DownloadBandWidth:1979   uInDex=0
D/DataSource_M3U8(  744): [M3U8] checkShouldStartNext :[84](172/172)   sequence:0  start next:85  
D/DataSource_M3U8(  744): 
D/DataSource_M3U8(  744): 
D/DataSource_M3U8(  744): 
D/DataSource_M3U8(  744): [M3U8]-7----->This :0x30fd0 --> post cmd for start next url:http://cibn-iss1.longvisionmedia.com:8088/vod/CIBN2013_CIBN2113040100001913_12001300/85.ts, knowedFileSize:0, mCurDowningIndex:84
D/DataSource_M3U8(  744): 
D/DataSource_M3U8(  744): 
D/Downloader(  744): [downloadThread]Downloader::removeTask  
D/Downloader(  744): [downloadThread]task have range string:0- 
D/MediaPlayerService(  744): [8] notify (0x522e8, 200, 704, 7)
D/MstarPlayer(  744): percent: 7
W/MediaPlayer( 1435): info/warning (704, 7)
I/MediaPlayer.java( 1435): Info (704,7)
D/MediaPlayerService(  744): [8] notify (0x522e8, 200, 704, 7)
D/MstarPlayer(  744): percent: 7
W/MediaPlayer( 1435): info/warning (704, 7)
I/MediaPlayer.java( 1435): Info (704,7)
D/MediaPlayerService(  744): [8] notify (0x522e8, 200, 704, 7)
D/MstarPlayer(  744): percent: 7
W/MediaPlayer( 1435): info/warning (704, 7)
I/MediaPlayer.java( 1435): Info (704,7)
D/MediaPlayerService(  744): [8] notify (0x522e8, 200, 704, 7)
D/MstarPlayer(  744): percent: 7
W/MediaPlayer( 1435): info/warning (704, 7)
I/MediaPlayer.java( 1435): Info (704,7)
D/MediaPlayerService(  744): [8] notify (0x522e8, 200, 704, 7)
D/MstarPlayer(  744): percent: 7
W/MediaPlayer( 1435): info/warning (704, 7)
I/MediaPlayer.java( 1435): Info (704,7)
I//lib/ld-linux.so.3(  748): FrmCnt:1648(2,256,113) Rate:0 Sys:2299033 STC:432140 VPTS:398240 APTS:398598 Delay:-33860(40) V:0 A:0 VES:0x20 AES:0x0 PCM:0x0 AudioErr:0x3
D/MediaPlayerService(  744): [8] notify (0x522e8, 200, 704, 7)
D/MstarPlayer(  744): percent: 7
W/MediaPlayer( 1435): info/warning (704, 7)
I/MediaPlayer.java( 1435): Info (704,7)
D/MediaPlayerService(  744): [8] notify (0x522e8, 200, 704, 7)
D/MstarPlayer(  744): percent: 7
W/MediaPlayer( 1435): info/warning (704, 7)
I/MediaPlayer.java( 1435): Info (704,7)
