D/dalvikvm( 1505): GC_CONCURRENT freed 393K, 78% free 1335K/6019K, paused 1ms+1ms
D/dalvikvm( 1505): GC_CONCURRENT freed 392K, 78% free 1336K/6019K, paused 1ms+1ms
D/dalvikvm( 1505): GC_CONCURRENT freed 406K, 79% free 1317K/6019K, paused 1ms+1ms
D/dalvikvm( 1505): GC_CONCURRENT freed 394K, 78% free 1332K/6019K, paused 0ms+1ms
D/dalvikvm( 1505): GC_CONCURRENT freed 393K, 78% free 1332K/6019K, paused 0ms+3ms
D/dalvikvm( 1505): GC_CONCURRENT freed 393K, 78% free 1338K/6019K, paused 1ms+1ms
D/dalvikvm( 1505): GC_CONCURRENT freed 402K, 76% free 1445K/6019K, paused 1ms+1ms
D/dalvikvm( 1505): GC_CONCURRENT freed 517K, 77% free 1429K/6019K, paused 1ms+1ms
D/dalvikvm( 1505): GC_CONCURRENT freed 508K, 79% free 1317K/6019K, paused 1ms+1ms
D/dalvikvm( 1505): GC_CONCURRENT freed 380K, 78% free 1332K/6019K, paused 1ms+1ms
D/dalvikvm( 1505): GC_CONCURRENT freed 396K, 78% free 1331K/6019K, paused 1ms+1ms
D/dalvikvm( 1505): GC_CONCURRENT freed 394K, 78% free 1331K/6019K, paused 1ms+1ms
D/dalvikvm( 1505): GC_CONCURRENT freed 394K, 78% free 1332K/6019K, paused 1ms+1ms
D/HTTPStream(  744): receive_line return error:-268435448
D/HTTPStream(  744): receive header fail
D/DataSource_M3U8(  744): 
D/DataSource_M3U8(  744): 
D/DataSource_M3U8(  744): 
D/DataSource_M3U8(  744): ============Begin to get playlist !!=====================
D/DataSource_M3U8(  744): 
D/DataSource_M3U8(  744): 
D/DataSource_M3U8(  744): 
D/DataSource_M3U8(  744):  connect Server :cibn-iss1.longvisionmedia.com
D/DataSource_M3U8(  744): parseM3U8 .......!
D/DataSource_M3U8(  744): 
D/DataSource_M3U8(  744):  do not update  mediaSequence : 0   url = http://cibn-iss1.longvisionmedia.com:8088/vod/GA   
D/DataSource_M3U8(  744): [M3U8] file: NULL line 
D/DataSource_M3U8(  744): HLS=====>> Live Stream!!!!
D/DataSource_M3U8(  744): 
D/DataSource_M3U8(  744): 
D/DataSource_M3U8(  744): 
D/DataSource_M3U8(  744): ============Begin to get playlist !!=====================
D/DataSource_M3U8(  744): 
D/DataSource_M3U8(  744): 
D/DataSource_M3U8(  744): 
D/DataSource_M3U8(  744):  connect Server :cibn-iss1.longvisionmedia.com
D/dalvikvm( 1505): GC_CONCURRENT freed 411K, 79% free 1316K/6019K, paused 1ms+1ms
D/dalvikvm( 1505): GC_CONCURRENT freed 393K, 79% free 1314K/6019K, paused 2ms+1ms
D/dalvikvm( 1505): GC_CONCURRENT freed 394K, 78% free 1360K/6019K, paused 1ms+2ms
D/dalvikvm( 1505): GC_CONCURRENT freed 445K, 79% free 1302K/6019K, paused 1ms+1ms
D/dalvikvm( 1505): GC_CONCURRENT freed 396K, 79% free 1301K/6019K, paused 1ms+1ms
D/DataSource_M3U8(  744): parseM3U8 .......!
D/DataSource_M3U8(  744): 
D/DataSource_M3U8(  744):  do not update  mediaSequence : 0   url = http://cibn-iss1.longvisionmedia.com:8088/vod/GA   
D/DataSource_M3U8(  744): [M3U8] file: NULL line 
D/DataSource_M3U8(  744): HLS=====>> Live Stream!!!!
D/DataSource_M3U8(  744): 
D/DataSource_M3U8(  744): 
D/DataSource_M3U8(  744): 
D/DataSource_M3U8(  744): ============Begin to get playlist !!=====================
D/DataSource_M3U8(  744): 
D/DataSource_M3U8(  744): 
D/DataSource_M3U8(  744): 
D/DataSource_M3U8(  744):  connect Server :cibn-iss1.longvisionmedia.com
D/DataSource_M3U8(  744): parseM3U8 .......!
D/DataSource_M3U8(  744): 
D/DataSource_M3U8(  744):  do not update  mediaSequence : 0   url = http://cibn-iss1.longvisionmedia.com:8088/vod/GA   
D/DataSource_M3U8(  744): [M3U8] file: NULL line 
D/DataSource_M3U8(  744): HLS=====>> Live Stream!!!!
D/DataSource_M3U8(  744): 
D/DataSource_M3U8(  744): 
D/DataSource_M3U8(  744): 
D/DataSource_M3U8(  744): ============Begin to get playlist !!=====================
D/DataSource_M3U8(  744): 
D/DataSource_M3U8(  744): 
D/DataSource_M3U8(  744): 
D/DataSource_M3U8(  744):  connect Server :cibn-iss1.longvisionmedia.com
D/dalvikvm( 1505): GC_CONCURRENT freed 431K, 78% free 1376K/6019K, paused 1ms+1ms
D/dalvikvm( 1505): GC_CONCURRENT freed 449K, 77% free 1397K/6019K, paused 0ms+1ms
D/dalvikvm( 1505): GC_CONCURRENT freed 486K, 79% free 1303K/6019K, paused 0ms+1ms
D/dalvikvm( 1505): GC_CONCURRENT freed 397K, 79% free 1301K/6019K, paused 1ms+1ms
D/dalvikvm( 1505): GC_CONCURRENT freed 406K, 79% free 1309K/6019K, paused 1ms+1ms
D/HomePlayerLib( 1505): hostaddress count is 1
D/dalvikvm( 1505): GC_CONCURRENT freed 398K, 79% free 1311K/6019K, paused 1ms+1ms
D/dalvikvm( 1505): GC_CONCURRENT freed 404K, 79% free 1300K/6019K, paused 1ms+2ms
D/dalvikvm( 1505): GC_CONCURRENT freed 378K, 79% free 1316K/6019K, paused 1ms+1ms
D/dalvikvm( 1505): GC_CONCURRENT freed 389K, 79% free 1321K/6019K, paused 1ms+1ms
D/DataSource_M3U8(  744): parseM3U8 .......!
D/DataSource_M3U8(  744): 
D/DataSource_M3U8(  744):  do not update  mediaSequence : 0   url = http://cibn-iss1.longvisionmedia.com:8088/vod/GA   
D/DataSource_M3U8(  744): [M3U8] file: NULL line 
D/DataSource_M3U8(  744): HLS=====>> Live Stream!!!!
D/dalvikvm( 1505): GC_CONCURRENT freed 403K, 77% free 1430K/6019K, paused 1ms+2ms
D/dalvikvm( 1505): GC_CONCURRENT freed 457K, 76% free 1484K/6019K, paused 1ms+1ms
D/dalvikvm( 1505): GC_CONCURRENT freed 545K, 78% free 1352K/6019K, paused 1ms+1ms
D/dalvikvm( 1505): GC_CONCURRENT freed 412K, 77% free 1441K/6019K, paused 1ms+1ms
D/DataSource_M3U8(  744): 
D/DataSource_M3U8(  744): 
D/DataSource_M3U8(  744): 
D/DataSource_M3U8(  744): ============Begin to get playlist !!=====================
D/DataSource_M3U8(  744): 
D/DataSource_M3U8(  744): 
D/dalvikvm( 1505): GC_CONCURRENT freed 513K, 77% free 1433K/6019K, paused 1ms+1ms
D/DataSource_M3U8(  744): 
D/DataSource_M3U8(  744):  connect Server :cibn-iss1.longvisionmedia.com
D/DataSource_M3U8(  744): parseM3U8 .......!
D/DataSource_M3U8(  744): 
D/DataSource_M3U8(  744):  do not update  mediaSequence : 0   url = http://cibn-iss1.longvisionmedia.com:8088/vod/GA   
D/DataSource_M3U8(  744): [M3U8] file: NULL line 
D/DataSource_M3U8(  744): HLS=====>> Live Stream!!!!
D/DataSource_M3U8(  744): 
D/DataSource_M3U8(  744): 
D/DataSource_M3U8(  744): 
D/DataSource_M3U8(  744): ============Begin to get playlist !!=====================
D/DataSource_M3U8(  744): 
D/DataSource_M3U8(  744): 
D/DataSource_M3U8(  744): 
D/DataSource_M3U8(  744):  connect Server :cibn-iss1.longvisionmedia.com
D/DataSource_M3U8(  744): parseM3U8 .......!
D/DataSource_M3U8(  744): 
D/DataSource_M3U8(  744):  do not update  mediaSequence : 0   url = http://cibn-iss1.longvisionmedia.com:8088/vod/GA   
D/DataSource_M3U8(  744): [M3U8] file: NULL line 
D/DataSource_M3U8(  744): HLS=====>> Live Stream!!!!
D/DataSource_M3U8(  744): 
D/DataSource_M3U8(  744): 
D/DataSource_M3U8(  744): 
D/DataSource_M3U8(  744): ============Begin to get playlist !!=====================
D/DataSource_M3U8(  744): 
D/DataSource_M3U8(  744): 
D/DataSource_M3U8(  744): 
D/DataSource_M3U8(  744):  connect Server :cibn-iss1.longvisionmedia.com
D/DataSource_M3U8(  744): 
D/DataSource_M3U8(  744):  Warnig:: No Enough data in buffer...
I//lib/ld-linux.so.3(  748): Blocking Read: 30019, size: 0x0.
I//lib/ld-linux.so.3(  748): No more Bits!!
D/dalvikvm( 1505): GC_CONCURRENT freed 511K, 79% free 1315K/6019K, paused 1ms+1ms
D/dalvikvm( 1505): GC_CONCURRENT freed 394K, 79% free 1313K/6019K, paused 1ms+1ms
D/dalvikvm( 1505): GC_CONCURRENT freed 393K, 79% free 1314K/6019K, paused 1ms+1ms
D/dalvikvm( 1505): GC_CONCURRENT freed 394K, 79% free 1314K/6019K, paused 1ms+1ms
D/dalvikvm( 1505): GC_CONCURRENT freed 393K, 79% free 1314K/6019K, paused 1ms+1ms
D/DataSource_M3U8(  744): parseM3U8 .......!
D/DataSource_M3U8(  744): 
D/DataSource_M3U8(  744):  do not update  mediaSequence : 0   url = http://cibn-iss1.longvisionmedia.com:8088/vod/GA   
D/DataSource_M3U8(  744): [M3U8] file: NULL line 
D/DataSource_M3U8(  744): HLS=====>> Live Stream!!!!
D/DataSource_M3U8(  744): 
D/DataSource_M3U8(  744): 
D/DataSource_M3U8(  744): 
D/DataSource_M3U8(  744): ============Begin to get playlist !!=====================
D/DataSource_M3U8(  744): 
D/DataSource_M3U8(  744): 
D/dalvikvm( 1505): GC_CONCURRENT freed 403K, 77% free 1394K/6019K, paused 0ms+1ms
D/dalvikvm( 1505): GC_CONCURRENT freed 488K, 79% free 1314K/6019K, paused 1ms+1ms
D/DataSource_M3U8(  744): 
D/DataSource_M3U8(  744):  connect Server :cibn-iss1.longvisionmedia.com
D/dalvikvm( 1505): GC_CONCURRENT freed 394K, 79% free 1314K/6019K, paused 1ms+2ms
D/dalvikvm( 1505): GC_CONCURRENT freed 394K, 79% free 1315K/6019K, paused 1ms+1ms
D/dalvikvm( 1505): GC_CONCURRENT freed 394K, 78% free 1360K/6019K, paused 1ms+1ms
D/dalvikvm( 1505): GC_CONCURRENT freed 445K, 77% free 1427K/6019K, paused 0ms+1ms
D/dalvikvm( 1505): GC_CONCURRENT freed 518K, 77% free 1410K/6019K, paused 1ms+1ms
D/DataSource_M3U8(  744): parseM3U8 .......!
D/DataSource_M3U8(  744): 
D/DataSource_M3U8(  744):  do not update  mediaSequence : 0   url = http://cibn-iss1.longvisionmedia.com:8088/vod/GA   
D/DataSource_M3U8(  744): [M3U8] file: NULL line 
D/DataSource_M3U8(  744): HLS=====>> Live Stream!!!!
D/DataSource_M3U8(  744): 
D/DataSource_M3U8(  744): 
D/DataSource_M3U8(  744): 
D/DataSource_M3U8(  744): ============Begin to get playlist !!=====================
D/DataSource_M3U8(  744): 
D/DataSource_M3U8(  744): 
D/DataSource_M3U8(  744): 
D/DataSource_M3U8(  744):  connect Server :cibn-iss1.longvisionmedia.com
D/dalvikvm( 1505): GC_CONCURRENT freed 487K, 79% free 1315K/6019K, paused 1ms+1ms
D/dalvikvm( 1505): GC_CONCURRENT freed 405K, 78% free 1327K/6019K, paused 1ms+1ms
D/dalvikvm( 1505): GC_CONCURRENT freed 409K, 77% free 1397K/6019K, paused 0ms+1ms
D/dalvikvm( 1505): GC_CONCURRENT freed 484K, 78% free 1382K/6019K, paused 1ms+1ms
D/HomePlayerLib( 1505): hostaddress count is 1
D/dalvikvm( 1505): GC_CONCURRENT freed 476K, 77% free 1395K/6019K, paused 1ms+1ms
D/dalvikvm( 1505): GC_CONCURRENT freed 484K, 78% free 1383K/6019K, paused 1ms+1ms
D/dalvikvm( 1505): GC_CONCURRENT freed 460K, 78% free 1363K/6019K, paused 1ms+1ms
D/dalvikvm( 1505): GC_CONCURRENT freed 453K, 77% free 1417K/6019K, paused 1ms+1ms
D/dalvikvm( 1505): GC_CONCURRENT freed 503K, 77% free 1414K/6019K, paused 1ms+1ms
D/dalvikvm( 1505): GC_CONCURRENT freed 488K, 79% free 1323K/6019K, paused 1ms+1ms
D/dalvikvm( 1505): GC_CONCURRENT freed 403K, 79% free 1306K/6019K, paused 2ms+2ms
D/DataSource_M3U8(  744): parseM3U8 .......!
D/DataSource_M3U8(  744): 
D/DataSource_M3U8(  744):  do not update  mediaSequence : 0   url = http://cibn-iss1.longvisionmedia.com:8088/vod/GA   
D/DataSource_M3U8(  744): [M3U8] file: NULL line 
D/DataSource_M3U8(  744): HLS=====>> Live Stream!!!!
D/dalvikvm( 1505): GC_CONCURRENT freed 380K, 77% free 1391K/6019K, paused 1ms+1ms
D/dalvikvm( 1505): GC_CONCURRENT freed 443K, 78% free 1341K/6019K, paused 1ms+1ms
D/DataSource_M3U8(  744): ----------UpdatePlaylistThread runing... 
D/DataSource_M3U8(  744): 
D/DataSource_M3U8(  744): 
D/DataSource_M3U8(  744): 
D/DataSource_M3U8(  744): ============Begin to get playlist !!=====================
D/DataSource_M3U8(  744): 
D/DataSource_M3U8(  744): 
D/DataSource_M3U8(  744): 
D/DataSource_M3U8(  744):  connect Server :cibn-iss1.longvisionmedia.com
D/DataSource_M3U8(  744): parseM3U8 .......!
D/DataSource_M3U8(  744): 
D/DataSource_M3U8(  744):  do not update  mediaSequence : 0   url = http://cibn-iss1.longvisionmedia.com:8088/vod/GA   
D/DataSource_M3U8(  744): [M3U8] file: NULL line 
D/DataSource_M3U8(  744): HLS=====>> Live Stream!!!!
D/DataSource_M3U8(  744): 
D/DataSource_M3U8(  744): 
D/DataSource_M3U8(  744): 
D/DataSource_M3U8(  744): ============Begin to get playlist !!=====================
D/DataSource_M3U8(  744): 
D/DataSource_M3U8(  744): 
D/DataSource_M3U8(  744): 
D/DataSource_M3U8(  744):  connect Server :cibn-iss1.longvisionmedia.com
D/DataSource_M3U8(  744): parseM3U8 .......!
D/DataSource_M3U8(  744): 
D/DataSource_M3U8(  744):  do not update  mediaSequence : 0   url = http://cibn-iss1.longvisionmedia.com:8088/vod/GA   
D/DataSource_M3U8(  744): [M3U8] file: NULL line 
D/DataSource_M3U8(  744): HLS=====>> Live Stream!!!!
D/DataSource_M3U8(  744): 
D/DataSource_M3U8(  744): 
D/DataSource_M3U8(  744): 
D/DataSource_M3U8(  744): ============Begin to get playlist !!=====================
D/DataSource_M3U8(  744): 
D/DataSource_M3U8(  744): 
D/DataSource_M3U8(  744): 
D/DataSource_M3U8(  744):  connect Server :cibn-iss1.longvisionmedia.com
D/dalvikvm( 1505): GC_CONCURRENT freed 416K, 79% free 1312K/6019K, paused 1ms+1ms
D/dalvikvm( 1505): GC_CONCURRENT freed 405K, 78% free 1328K/6019K, paused 1ms+1ms
D/dalvikvm( 1505): GC_CONCURRENT freed 407K, 79% free 1313K/6019K, paused 1ms+1ms
D/dalvikvm( 1505): GC_CONCURRENT freed 393K, 78% free 1328K/6019K, paused 0ms+2ms
D/dalvikvm( 1505): GC_CONCURRENT freed 421K, 77% free 1415K/6019K, paused 1ms+1ms
D/dalvikvm( 1505): GC_CONCURRENT freed 504K, 79% free 1302K/6019K, paused 1ms+1ms
D/dalvikvm( 1505): GC_CONCURRENT freed 394K, 79% free 1292K/6019K, paused 1ms+1ms
D/DataSource_M3U8(  744): parseM3U8 .......!
D/DataSource_M3U8(  744): 
D/DataSource_M3U8(  744):  do not update  mediaSequence : 0   url = http://cibn-iss1.longvisionmedia.com:8088/vod/GA   
D/DataSource_M3U8(  744): [M3U8] file: NULL line 
D/DataSource_M3U8(  744): HLS=====>> Live Stream!!!!
D/DataSource_M3U8(  744): 
D/DataSource_M3U8(  744): 
D/DataSource_M3U8(  744): 
D/DataSource_M3U8(  744): ============Begin to get playlist !!=====================
D/DataSource_M3U8(  744): 
D/DataSource_M3U8(  744): 
D/DataSource_M3U8(  744): 
D/DataSource_M3U8(  744):  connect Server :cibn-iss1.longvisionmedia.com
D/DataSource_M3U8(  744): parseM3U8 .......!
D/DataSource_M3U8(  744): 
D/DataSource_M3U8(  744):  do not update  mediaSequence : 0   url = http://cibn-iss1.longvisionmedia.com:8088/vod/GA   
D/DataSource_M3U8(  744): [M3U8] file: NULL line 
D/DataSource_M3U8(  744): HLS=====>> Live Stream!!!!
D/DataSource_M3U8(  744): 
D/DataSource_M3U8(  744): 
D/DataSource_M3U8(  744): 
D/DataSource_M3U8(  744): ============Begin to get playlist !!=====================
D/DataSource_M3U8(  744): 
D/DataSource_M3U8(  744): 
D/DataSource_M3U8(  744): 
D/DataSource_M3U8(  744):  connect Server :cibn-iss1.longvisionmedia.com
D/dalvikvm( 1505): GC_CONCURRENT freed 371K, 79% free 1312K/6019K, paused 1ms+1ms
D/dalvikvm( 1505): GC_CONCURRENT freed 392K, 77% free 1419K/6019K, paused 0ms+0ms
D/dalvikvm( 1505): GC_CONCURRENT freed 501K, 77% free 1416K/6019K, paused 1ms+1ms
D/dalvikvm( 1505): GC_CONCURRENT freed 523K, 77% free 1393K/6019K, paused 1ms+1ms
D/HomePlayerLib( 1505): hostaddress count is 1
D/dalvikvm( 1505): GC_CONCURRENT freed 472K, 77% free 1410K/6019K, paused 1ms+2ms
D/dalvikvm( 1505): GC_CONCURRENT freed 505K, 79% free 1320K/6019K, paused 1ms+1ms
D/dalvikvm( 1505): GC_CONCURRENT freed 408K, 77% free 1418K/6019K, paused 1ms+1ms
D/dalvikvm( 1505): GC_CONCURRENT freed 485K, 79% free 1319K/6019K, paused 2ms+1ms
D/dalvikvm( 1505): GC_CONCURRENT freed 370K, 78% free 1342K/6019K, paused 1ms+1ms
D/dalvikvm( 1505): GC_CONCURRENT freed 379K, 78% free 1361K/6019K, paused 1ms+1ms
D/dalvikvm( 1505): GC_CONCURRENT freed 424K, 77% free 1419K/6019K, paused 1ms+1ms
D/dalvikvm( 1505): GC_CONCURRENT freed 487K, 78% free 1335K/6019K, paused 1ms+1ms
D/dalvikvm( 1505): GC_CONCURRENT freed 395K, 78% free 1333K/6019K, paused 1ms+1ms
D/dalvikvm( 1505): GC_CONCURRENT freed 411K, 79% free 1313K/6019K, paused 1ms+1ms
D/dalvikvm( 1505): GC_CONCURRENT freed 367K, 77% free 1419K/6019K, paused 1ms+1ms
D/dalvikvm( 1505): GC_CONCURRENT freed 484K, 78% free 1330K/6019K, paused 1ms+1ms
D/DataSource_M3U8(  744): parseM3U8 .......!
D/DataSource_M3U8(  744): 
D/DataSource_M3U8(  744):  do not update  mediaSequence : 0   url = http://cibn-iss1.longvisionmedia.com:8088/vod/GA   
D/DataSource_M3U8(  744): [M3U8] file: NULL line 
D/DataSource_M3U8(  744): HLS=====>> Live Stream!!!!
D/dalvikvm( 1505): GC_CONCURRENT freed 396K, 79% free 1319K/6019K, paused 1ms+1ms
D/dalvikvm( 1505): GC_CONCURRENT freed 387K, 78% free 1335K/6019K, paused 1ms+2ms
D/dalvikvm( 1505): GC_CONCURRENT freed 404K, 77% free 1431K/6019K, paused 1ms+1ms
D/DataSource_M3U8(  744): 
D/DataSource_M3U8(  744): 
D/DataSource_M3U8(  744): 
D/DataSource_M3U8(  744): ============Begin to get playlist !!=====================
D/DataSource_M3U8(  744): 
D/DataSource_M3U8(  744): 
D/DataSource_M3U8(  744): 
D/DataSource_M3U8(  744):  connect Server :cibn-iss1.longvisionmedia.com
D/dalvikvm( 1505): GC_CONCURRENT freed 491K, 77% free 1416K/6019K, paused 2ms+2ms
D/dalvikvm( 1505): GC_CONCURRENT freed 486K, 79% free 1321K/6019K, paused 0ms+1ms
D/dalvikvm( 1505): GC_CONCURRENT freed 397K, 79% free 1319K/6019K, paused 0ms+1ms
D/dalvikvm( 1505): GC_CONCURRENT freed 394K, 77% free 1433K/6019K, paused 1ms+1ms
D/dalvikvm( 1505): GC_CONCURRENT freed 488K, 78% free 1334K/6019K, paused 1ms+1ms
D/dalvikvm( 1505): GC_CONCURRENT freed 395K, 78% free 1378K/6019K, paused 1ms+1ms
D/DataSource_M3U8(  744): parseM3U8 .......!
D/DataSource_M3U8(  744): 
D/DataSource_M3U8(  744):  do not update  mediaSequence : 0   url = http://cibn-iss1.longvisionmedia.com:8088/vod/GA   
D/DataSource_M3U8(  744): [M3U8] file: NULL line 
D/DataSource_M3U8(  744): HLS=====>> Live Stream!!!!
D/DataSource_M3U8(  744): 
D/DataSource_M3U8(  744): 
D/DataSource_M3U8(  744): 
D/DataSource_M3U8(  744): ============Begin to get playlist !!=====================
D/DataSource_M3U8(  744): 
D/DataSource_M3U8(  744): 
D/DataSource_M3U8(  744): 
D/DataSource_M3U8(  744):  connect Server :cibn-iss1.longvisionmedia.com
D/DataSource_M3U8(  744): parseM3U8 .......!
D/DataSource_M3U8(  744): 
D/DataSource_M3U8(  744):  do not update  mediaSequence : 0   url = http://cibn-iss1.longvisionmedia.com:8088/vod/GA   
D/DataSource_M3U8(  744): [M3U8] file: NULL line 
D/DataSource_M3U8(  744): HLS=====>> Live Stream!!!!
D/dalvikvm( 1505): GC_CONCURRENT freed 442K, 76% free 1470K/6019K, paused 1ms+1ms
D/dalvikvm( 1505): GC_CONCURRENT freed 530K, 78% free 1334K/6019K, paused 1ms+1ms
D/dalvikvm( 1505): GC_CONCURRENT freed 414K, 77% free 1397K/6019K, paused 1ms+1ms
D/DataSource_M3U8(  744): 
D/DataSource_M3U8(  744): 
D/DataSource_M3U8(  744): 
D/DataSource_M3U8(  744): ============Begin to get playlist !!=====================
D/DataSource_M3U8(  744): 
D/DataSource_M3U8(  744): 
D/dalvikvm( 1505): GC_CONCURRENT freed 486K, 77% free 1418K/6019K, paused 1ms+1ms
D/dalvikvm( 1505): GC_CONCURRENT freed 498K, 77% free 1414K/6019K, paused 1ms+1ms
D/dalvikvm( 1505): GC_CONCURRENT freed 500K, 78% free 1378K/6019K, paused 1ms+1ms
D/dalvikvm( 1505): GC_CONCURRENT freed 456K, 77% free 1396K/6019K, paused 1ms+1ms
D/DataSource_M3U8(  744): 
D/DataSource_M3U8(  744):  connect Server :cibn-iss1.longvisionmedia.com
D/dalvikvm( 1505): GC_CONCURRENT freed 475K, 79% free 1314K/6019K, paused 0ms+1ms
D/dalvikvm( 1505): GC_CONCURRENT freed 405K, 79% free 1299K/6019K, paused 1ms+2ms
D/HomePlayerLib( 1505): hostaddress count is 1
D/dalvikvm( 1505): GC_CONCURRENT freed 388K, 77% free 1401K/6019K, paused 1ms+1ms
D/dalvikvm( 1505): GC_CONCURRENT freed 494K, 77% free 1401K/6019K, paused 1ms+1ms
D/dalvikvm( 1505): GC_CONCURRENT freed 472K, 77% free 1441K/6019K, paused 1ms+1ms
D/dalvikvm( 1505): GC_CONCURRENT freed 524K, 79% free 1306K/6019K, paused 1ms+1ms
D/dalvikvm( 1505): GC_CONCURRENT freed 399K, 79% free 1318K/6019K, paused 0ms+1ms
D/DataSource_M3U8(  744): parseM3U8 .......!
D/DataSource_M3U8(  744): 
D/DataSource_M3U8(  744):  do not update  mediaSequence : 0   url = http://cibn-iss1.longvisionmedia.com:8088/vod/GA   
D/DataSource_M3U8(  744): [M3U8] file: NULL line 
D/DataSource_M3U8(  744): HLS=====>> Live Stream!!!!
D/dalvikvm( 1505): GC_CONCURRENT freed 396K, 77% free 1429K/6019K, paused 1ms+0ms
D/dalvikvm( 1505): GC_CONCURRENT freed 519K, 79% free 1304K/6019K, paused 1ms+1ms
D/dalvikvm( 1505): GC_CONCURRENT freed 370K, 78% free 1326K/6019K, paused 1ms+1ms
D/dalvikvm( 1505): GC_CONCURRENT freed 389K, 78% free 1332K/6019K, paused 1ms+1ms
D/DataSource_M3U8(  744): 
D/DataSource_M3U8(  744): 
D/DataSource_M3U8(  744): 
D/DataSource_M3U8(  744): ============Begin to get playlist !!=====================
D/DataSource_M3U8(  744): 
D/DataSource_M3U8(  744): 
D/DataSource_M3U8(  744): 
D/DataSource_M3U8(  744):  connect Server :cibn-iss1.longvisionmedia.com
D/dalvikvm( 1505): GC_CONCURRENT freed 388K, 78% free 1333K/6019K, paused 1ms+1ms
D/dalvikvm( 1505): GC_CONCURRENT freed 393K, 77% free 1420K/6019K, paused 1ms+0ms
D/dalvikvm( 1505): GC_CONCURRENT freed 484K, 78% free 1330K/6019K, paused 1ms+1ms
D/dalvikvm( 1505): GC_CONCURRENT freed 397K, 79% free 1319K/6019K, paused 1ms+1ms
D/dalvikvm( 1505): GC_CONCURRENT freed 394K, 78% free 1328K/6019K, paused 1ms+1ms
D/DataSource_M3U8(  744): parseM3U8 .......!
D/DataSource_M3U8(  744): 
D/DataSource_M3U8(  744):  do not update  mediaSequence : 0   url = http://cibn-iss1.longvisionmedia.com:8088/vod/GA   
D/DataSource_M3U8(  744): [M3U8] file: NULL line 
D/DataSource_M3U8(  744): HLS=====>> Live Stream!!!!
D/dalvikvm( 1505): GC_CONCURRENT freed 394K, 79% free 1319K/6019K, paused 1ms+1ms
D/DataSource_M3U8(  744): 
D/DataSource_M3U8(  744):  Warnig:: No Enough data in buffer...
I//lib/ld-linux.so.3(  748): Blocking Read: 30021, size: 0x0.
D/dalvikvm( 1505): GC_CONCURRENT freed 394K, 79% free 1319K/6019K, paused 0ms+1ms
D/DataSource_M3U8(  744): 
D/DataSource_M3U8(  744): 
D/DataSource_M3U8(  744): 
D/DataSource_M3U8(  744): ============Begin to get playlist !!=====================
D/DataSource_M3U8(  744): 
D/DataSource_M3U8(  744): 
D/dalvikvm( 1505): GC_CONCURRENT freed 394K, 79% free 1320K/6019K, paused 1ms+1ms
D/dalvikvm( 1505): GC_CONCURRENT freed 395K, 79% free 1320K/6019K, paused 1ms+1ms
D/DataSource_M3U8(  744): 
D/DataSource_M3U8(  744):  connect Server :cibn-iss1.longvisionmedia.com
D/dalvikvm( 1505): GC_CONCURRENT freed 394K, 78% free 1329K/6019K, paused 1ms+1ms
D/DataSource_M3U8(  744): parseM3U8 .......!
D/DataSource_M3U8(  744): 
D/DataSource_M3U8(  744):  do not update  mediaSequence : 0   url = http://cibn-iss1.longvisionmedia.com:8088/vod/GA   
D/DataSource_M3U8(  744): [M3U8] file: NULL line 
D/DataSource_M3U8(  744): HLS=====>> Live Stream!!!!
D/DataSource_M3U8(  744): 
D/DataSource_M3U8(  744): 
D/DataSource_M3U8(  744): 
D/DataSource_M3U8(  744): ============Begin to get playlist !!=====================
D/DataSource_M3U8(  744): 
D/DataSource_M3U8(  744): 
D/CheckNetWork( 1752): isOk true
D/CheckNetWork( 1752): ActInfoNetworkInfo: type: WIFI[], state: CONNECTED/CONNECTED, reason: (unspecified), extra: (none), roaming: false, failover: false, isAvailable: true
D/CheckNetWork( 1752): infoNetworkInfo: type: WIFI[], state: CONNECTED/CONNECTED, reason: (unspecified), extra: (none), roaming: false, failover: false, isAvailable: true
D/dalvikvm( 1505): GC_CONCURRENT freed 404K, 79% free 1309K/6019K, paused 1ms+1ms
D/dalvikvm( 1505): GC_CONCURRENT freed 388K, 78% free 1324K/6019K, paused 1ms+1ms
D/dalvikvm( 1505): GC_CONCURRENT freed 396K, 79% free 1322K/6019K, paused 1ms+1ms
D/DataSource_M3U8(  744): 
D/DataSource_M3U8(  744):  connect Server :cibn-iss1.longvisionmedia.com
D/PushMsgCenter( 1724): mDownUpRun run while (true)
D/PushMsgCenter( 1724): down  
D/DataSource_M3U8(  744): parseM3U8 .......!
D/DataSource_M3U8(  744): 
D/DataSource_M3U8(  744):  do not update  mediaSequence : 0   url = http://cibn-iss1.longvisionmedia.com:8088/vod/GA   
D/DataSource_M3U8(  744): [M3U8] file: NULL line 
D/DataSource_M3U8(  744): HLS=====>> Live Stream!!!!
D/PushMsgCenter( 1724): down conn.getResponseCode() status = 404
D/DataSource_M3U8(  744): 
D/DataSource_M3U8(  744): 
D/DataSource_M3U8(  744): 
D/DataSource_M3U8(  744): ============Begin to get playlist !!=====================
D/DataSource_M3U8(  744): 
D/DataSource_M3U8(  744): 
D/DataSource_M3U8(  744): 
D/DataSource_M3U8(  744):  connect Server :cibn-iss1.longvisionmedia.com
D/DataSource_M3U8(  744): parseM3U8 .......!
D/DataSource_M3U8(  744): 
D/DataSource_M3U8(  744):  do not update  mediaSequence : 0   url = http://cibn-iss1.longvisionmedia.com:8088/vod/GA   
D/DataSource_M3U8(  744): [M3U8] file: NULL line 
D/DataSource_M3U8(  744): HLS=====>> Live Stream!!!!
D/dalvikvm( 1505): GC_CONCURRENT freed 402K, 77% free 1420K/6019K, paused 1ms+1ms
D/dalvikvm( 1505): GC_CONCURRENT freed 501K, 78% free 1374K/6019K, paused 1ms+1ms
D/DataSource_M3U8(  744): ----------UpdatePlaylistThread runing... 
D/DataSource_M3U8(  744): 
D/DataSource_M3U8(  744): 
D/DataSource_M3U8(  744): 
D/DataSource_M3U8(  744): ============Begin to get playlist !!=====================
D/DataSource_M3U8(  744): 
D/DataSource_M3U8(  744): 
D/dalvikvm( 1505): GC_CONCURRENT freed 458K, 79% free 1303K/6019K, paused 1ms+1ms
D/dalvikvm( 1505): GC_CONCURRENT freed 397K, 79% free 1300K/6019K, paused 1ms+1ms
D/DataSource_M3U8(  744): 
D/DataSource_M3U8(  744):  connect Server :cibn-iss1.longvisionmedia.com
D/dalvikvm( 1505): GC_CONCURRENT freed 393K, 77% free 1408K/6019K, paused 1ms+1ms
D/dalvikvm( 1505): GC_CONCURRENT freed 498K, 79% free 1300K/6019K, paused 1ms+1ms
D/HomePlayerLib( 1505): hostaddress count is 1
D/dalvikvm( 1505): GC_CONCURRENT freed 388K, 77% free 1402K/6019K, paused 0ms+1ms
D/dalvikvm( 1505): GC_CONCURRENT freed 494K, 77% free 1414K/6019K, paused 1ms+1ms
D/dalvikvm( 1505): GC_CONCURRENT freed 487K, 78% free 1328K/6019K, paused 1ms+1ms
D/dalvikvm( 1505): GC_CONCURRENT freed 420K, 79% free 1316K/6019K, paused 1ms+1ms
D/dalvikvm( 1505): GC_CONCURRENT freed 400K, 77% free 1415K/6019K, paused 1ms+1ms
D/dalvikvm( 1505): GC_CONCURRENT freed 456K, 76% free 1473K/6019K, paused 1ms+1ms
D/dalvikvm( 1505): GC_CONCURRENT freed 558K, 79% free 1323K/6019K, paused 0ms+1ms
D/DataSource_M3U8(  744): parseM3U8 .......!
D/DataSource_M3U8(  744): 
D/DataSource_M3U8(  744):  do not update  mediaSequence : 0   url = http://cibn-iss1.longvisionmedia.com:8088/vod/GA   
D/DataSource_M3U8(  744): [M3U8] file: NULL line 
D/DataSource_M3U8(  744): HLS=====>> Live Stream!!!!
D/dalvikvm( 1505): GC_CONCURRENT freed 408K, 77% free 1410K/6019K, paused 0ms+1ms
D/DataSource_M3U8(  744): 
D/DataSource_M3U8(  744): 
D/DataSource_M3U8(  744): 
D/DataSource_M3U8(  744): ============Begin to get playlist !!=====================
D/DataSource_M3U8(  744): 
D/DataSource_M3U8(  744): 
D/dalvikvm( 1505): GC_CONCURRENT freed 491K, 79% free 1306K/6019K, paused 1ms+1ms
D/DataSource_M3U8(  744): 
D/DataSource_M3U8(  744):  connect Server :cibn-iss1.longvisionmedia.com
D/DataSource_M3U8(  744): parseM3U8 .......!
D/DataSource_M3U8(  744): 
D/DataSource_M3U8(  744):  do not update  mediaSequence : 0   url = http://cibn-iss1.longvisionmedia.com:8088/vod/GA   
D/DataSource_M3U8(  744): [M3U8] file: NULL line 
D/DataSource_M3U8(  744): HLS=====>> Live Stream!!!!
D/DataSource_M3U8(  744): 
D/DataSource_M3U8(  744): 
D/DataSource_M3U8(  744): 
D/DataSource_M3U8(  744): ============Begin to get playlist !!=====================
D/DataSource_M3U8(  744): 
D/DataSource_M3U8(  744): 
D/DataSource_M3U8(  744): 
D/DataSource_M3U8(  744):  connect Server :cibn-iss1.longvisionmedia.com
D/dalvikvm( 1505): GC_CONCURRENT freed 370K, 77% free 1429K/6019K, paused 1ms+1ms
D/dalvikvm( 1505): GC_CONCURRENT freed 490K, 78% free 1332K/6019K, paused 1ms+1ms
D/dalvikvm( 1505): GC_CONCURRENT freed 394K, 78% free 1332K/6019K, paused 1ms+1ms
D/dalvikvm( 1505): GC_CONCURRENT freed 394K, 77% free 1420K/6019K, paused 1ms+1ms
D/dalvikvm( 1505): GC_CONCURRENT freed 503K, 77% free 1412K/6019K, paused 0ms+1ms
D/dalvikvm( 1505): GC_CONCURRENT freed 490K, 79% free 1314K/6019K, paused 1ms+1ms
D/DataSource_M3U8(  744): parseM3U8 .......!
D/DataSource_M3U8(  744): 
D/DataSource_M3U8(  744):  do not update  mediaSequence : 0   url = http://cibn-iss1.longvisionmedia.com:8088/vod/GA   
D/DataSource_M3U8(  744): [M3U8] file: NULL line 
D/DataSource_M3U8(  744): HLS=====>> Live Stream!!!!
D/dalvikvm( 1505): GC_CONCURRENT freed 393K, 77% free 1397K/6019K, paused 0ms+1ms
D/dalvikvm( 1505): GC_CONCURRENT freed 473K, 79% free 1315K/6019K, paused 1ms+1ms
D/dalvikvm( 1505): GC_CONCURRENT freed 401K, 79% free 1312K/6019K, paused 0ms+1ms
D/DataSource_M3U8(  744): 
D/DataSource_M3U8(  744): 
D/DataSource_M3U8(  744): 
D/DataSource_M3U8(  744): ============Begin to get playlist !!=====================
D/DataSource_M3U8(  744): 
D/DataSource_M3U8(  744): 
D/dalvikvm( 1505): GC_CONCURRENT freed 394K, 79% free 1313K/6019K, paused 1ms+1ms
D/dalvikvm( 1505): GC_CONCURRENT freed 393K, 79% free 1313K/6019K, paused 1ms+1ms
D/DataSource_M3U8(  744): 
D/DataSource_M3U8(  744):  connect Server :cibn-iss1.longvisionmedia.com
D/dalvikvm( 1505): GC_CONCURRENT freed 394K, 79% free 1314K/6019K, paused 1ms+1ms
D/DataSource_M3U8(  744): parseM3U8 .......!
D/DataSource_M3U8(  744): 
D/DataSource_M3U8(  744):  do not update  mediaSequence : 0   url = http://cibn-iss1.longvisionmedia.com:8088/vod/GA   
D/DataSource_M3U8(  744): [M3U8] file: NULL line 
D/DataSource_M3U8(  744): HLS=====>> Live Stream!!!!
D/DataSource_M3U8(  744): 
D/DataSource_M3U8(  744): 
D/DataSource_M3U8(  744): 
D/DataSource_M3U8(  744): ============Begin to get playlist !!=====================
D/DataSource_M3U8(  744): 
D/DataSource_M3U8(  744): 
D/DataSource_M3U8(  744): 
D/DataSource_M3U8(  744):  connect Server :cibn-iss1.longvisionmedia.com
D/dalvikvm( 1505): GC_CONCURRENT freed 392K, 79% free 1314K/6019K, paused 1ms+1ms
D/dalvikvm( 1505): GC_CONCURRENT freed 393K, 77% free 1398K/6019K, paused 1ms+1ms
D/dalvikvm( 1505): GC_CONCURRENT freed 485K, 77% free 1411K/6019K, paused 1ms+2ms
D/dalvikvm( 1505): GC_CONCURRENT freed 491K, 77% free 1397K/6019K, paused 0ms+1ms
D/dalvikvm( 1505): GC_CONCURRENT freed 476K, 77% free 1428K/6019K, paused 2ms+1ms
D/HomePlayerLib( 1505): hostaddress count is 1
D/dalvikvm( 1505): GC_CONCURRENT freed 505K, 79% free 1312K/6019K, paused 0ms+1ms
D/dalvikvm( 1505): GC_CONCURRENT freed 404K, 77% free 1420K/6019K, paused 1ms+1ms
D/dalvikvm( 1505): GC_CONCURRENT freed 504K, 77% free 1424K/6019K, paused 1ms+1ms
D/dalvikvm( 1505): GC_CONCURRENT freed 494K, 77% free 1399K/6019K, paused 0ms+1ms
D/dalvikvm( 1505): GC_CONCURRENT freed 472K, 79% free 1319K/6019K, paused 1ms+1ms
D/dalvikvm( 1505): GC_CONCURRENT freed 393K, 79% free 1319K/6019K, paused 1ms+2ms
D/dalvikvm( 1505): GC_CONCURRENT freed 393K, 79% free 1317K/6019K, paused 1ms+1ms
D/dalvikvm( 1505): GC_CONCURRENT freed 402K, 79% free 1307K/6019K, paused 1ms+1ms
D/DataSource_M3U8(  744): parseM3U8 .......!
D/DataSource_M3U8(  744): 
D/DataSource_M3U8(  744):  do not update  mediaSequence : 0   url = http://cibn-iss1.longvisionmedia.com:8088/vod/GA   
D/DataSource_M3U8(  744): [M3U8] file: NULL line 
D/DataSource_M3U8(  744): HLS=====>> Live Stream!!!!
D/dalvikvm( 1505): GC_CONCURRENT freed 381K, 79% free 1315K/6019K, paused 1ms+1ms
D/dalvikvm( 1505): GC_CONCURRENT freed 396K, 79% free 1314K/6019K, paused 1ms+1ms
D/DataSource_M3U8(  744): 
D/DataSource_M3U8(  744): 
D/DataSource_M3U8(  744): 
D/DataSource_M3U8(  744): ============Begin to get playlist !!=====================
D/DataSource_M3U8(  744): 
D/DataSource_M3U8(  744): 
D/DataSource_M3U8(  744): 
D/DataSource_M3U8(  744):  connect Server :cibn-iss1.longvisionmedia.com
D/DataSource_M3U8(  744): parseM3U8 .......!
D/DataSource_M3U8(  744): 
D/DataSource_M3U8(  744):  do not update  mediaSequence : 0   url = http://cibn-iss1.longvisionmedia.com:8088/vod/GA   
D/DataSource_M3U8(  744): [M3U8] file: NULL line 
D/DataSource_M3U8(  744): HLS=====>> Live Stream!!!!
D/DataSource_M3U8(  744): 
D/DataSource_M3U8(  744): 
D/DataSource_M3U8(  744): 
D/DataSource_M3U8(  744): ============Begin to get playlist !!=====================
D/DataSource_M3U8(  744): 
D/DataSource_M3U8(  744): 
D/DataSource_M3U8(  744): 
D/DataSource_M3U8(  744):  connect Server :cibn-iss1.longvisionmedia.com
D/dalvikvm( 1505): GC_CONCURRENT freed 393K, 77% free 1428K/6019K, paused 1ms+1ms
D/DataSource_M3U8(  744): parseM3U8 .......!
D/DataSource_M3U8(  744): 
D/DataSource_M3U8(  744):  do not update  mediaSequence : 0   url = http://cibn-iss1.longvisionmedia.com:8088/vod/GA   
D/DataSource_M3U8(  744): [M3U8] file: NULL line 
D/DataSource_M3U8(  744): HLS=====>> Live Stream!!!!
D/dalvikvm( 1505): GC_CONCURRENT freed 509K, 78% free 1375K/6019K, paused 0ms+1ms
D/dalvikvm( 1505): GC_CONCURRENT freed 450K, 79% free 1321K/6019K, paused 1ms+1ms
D/DataSource_M3U8(  744): 
D/DataSource_M3U8(  744): 
D/DataSource_M3U8(  744): 
D/DataSource_M3U8(  744): ============Begin to get playlist !!=====================
D/DataSource_M3U8(  744): 
D/DataSource_M3U8(  744): 
D/dalvikvm( 1505): GC_CONCURRENT freed 397K, 79% free 1319K/6019K, paused 1ms+1ms
D/DataSource_M3U8(  744): 
D/DataSource_M3U8(  744):  connect Server :cibn-iss1.longvisionmedia.com
D/DataSource_M3U8(  744): parseM3U8 .......!
D/DataSource_M3U8(  744): 
D/DataSource_M3U8(  744):  do not update  mediaSequence : 0   url = http://cibn-iss1.longvisionmedia.com:8088/vod/GA   
D/DataSource_M3U8(  744): [M3U8] file: NULL line 
D/DataSource_M3U8(  744): HLS=====>> Live Stream!!!!
D/DataSource_M3U8(  744): 
D/DataSource_M3U8(  744): 
D/DataSource_M3U8(  744): 
D/DataSource_M3U8(  744): ============Begin to get playlist !!=====================
D/DataSource_M3U8(  744): 
D/DataSource_M3U8(  744): 
D/DataSource_M3U8(  744): 
D/DataSource_M3U8(  744):  connect Server :cibn-iss1.longvisionmedia.com
D/dalvikvm( 1505): GC_CONCURRENT freed 414K, 78% free 1329K/6019K, paused 1ms+1ms
D/dalvikvm( 1505): GC_CONCURRENT freed 421K, 79% free 1293K/6019K, paused 1ms+1ms
D/dalvikvm( 1505): GC_CONCURRENT freed 367K, 78% free 1379K/6019K, paused 1ms+1ms
D/dalvikvm( 1505): GC_CONCURRENT freed 461K, 79% free 1302K/6019K, paused 1ms+1ms
D/DataSource_M3U8(  744): parseM3U8 .......!
D/DataSource_M3U8(  744): 
D/DataSource_M3U8(  744):  do not update  mediaSequence : 0   url = http://cibn-iss1.longvisionmedia.com:8088/vod/GA   
D/DataSource_M3U8(  744): [M3U8] file: NULL line 
D/DataSource_M3U8(  744): HLS=====>> Live Stream!!!!
D/DataSource_M3U8(  744): 
D/DataSource_M3U8(  744): 
D/DataSource_M3U8(  744): 
D/DataSource_M3U8(  744): ============Begin to get playlist !!=====================
D/DataSource_M3U8(  744): 
D/DataSource_M3U8(  744): 
D/dalvikvm( 1505): GC_CONCURRENT freed 399K, 79% free 1288K/6019K, paused 1ms+1ms
D/dalvikvm( 1505): GC_CONCURRENT freed 368K, 79% free 1318K/6019K, paused 1ms+1ms
D/HomePlayerLib( 1505): hostaddress count is 1
D/dalvikvm( 1505): GC_CONCURRENT freed 396K, 79% free 1321K/6019K, paused 1ms+1ms
D/dalvikvm( 1505): GC_CONCURRENT freed 405K, 79% free 1300K/6019K, paused 1ms+1ms
D/DataSource_M3U8(  744): 
D/DataSource_M3U8(  744):  connect Server :cibn-iss1.longvisionmedia.com
D/dalvikvm( 1505): GC_CONCURRENT freed 378K, 79% free 1313K/6019K, paused 1ms+1ms
D/dalvikvm( 1505): GC_CONCURRENT freed 392K, 77% free 1435K/6019K, paused 1ms+1ms
D/dalvikvm( 1505): GC_CONCURRENT freed 512K, 78% free 1347K/6019K, paused 1ms+1ms
D/DataSource_M3U8(  744): 
D/DataSource_M3U8(  744):  Warnig:: No Enough data in buffer...
I//lib/ld-linux.so.3(  748): Blocking Read: 30022, size: 0x0.
D/dalvikvm( 1505): GC_CONCURRENT freed 419K, 77% free 1439K/6019K, paused 1ms+1ms
D/dalvikvm( 1505): GC_CONCURRENT freed 590K, 78% free 1355K/6019K, paused 1ms+0ms
D/dalvikvm( 1505): GC_CONCURRENT freed 414K, 78% free 1333K/6019K, paused 1ms+1ms
D/DataSource_M3U8(  744): parseM3U8 .......!
D/DataSource_M3U8(  744): 
D/DataSource_M3U8(  744):  do not update  mediaSequence : 0   url = http://cibn-iss1.longvisionmedia.com:8088/vod/GA   
D/DataSource_M3U8(  744): [M3U8] file: NULL line 
D/DataSource_M3U8(  744): HLS=====>> Live Stream!!!!
D/DataSource_M3U8(  744): 
D/DataSource_M3U8(  744): 
D/DataSource_M3U8(  744): 
D/DataSource_M3U8(  744): ============Begin to get playlist !!=====================
D/DataSource_M3U8(  744): 
D/DataSource_M3U8(  744): 
D/DataSource_M3U8(  744): 
D/DataSource_M3U8(  744):  connect Server :cibn-iss1.longvisionmedia.com
D/DataSource_M3U8(  744): parseM3U8 .......!
D/DataSource_M3U8(  744): 
D/DataSource_M3U8(  744):  do not update  mediaSequence : 0   url = http://cibn-iss1.longvisionmedia.com:8088/vod/GA   
D/DataSource_M3U8(  744): [M3U8] file: NULL line 
D/DataSource_M3U8(  744): HLS=====>> Live Stream!!!!
D/DataSource_M3U8(  744): 
D/DataSource_M3U8(  744): 
D/DataSource_M3U8(  744): 
D/DataSource_M3U8(  744): ============Begin to get playlist !!=====================
D/DataSource_M3U8(  744): 
D/DataSource_M3U8(  744): 
D/DataSource_M3U8(  744): 
D/DataSource_M3U8(  744):  connect Server :cibn-iss1.longvisionmedia.com
D/DataSource_M3U8(  744): parseM3U8 .......!
D/DataSource_M3U8(  744): 
D/DataSource_M3U8(  744):  do not update  mediaSequence : 0   url = http://cibn-iss1.longvisionmedia.com:8088/vod/GA   
D/DataSource_M3U8(  744): [M3U8] file: NULL line 
D/DataSource_M3U8(  744): HLS=====>> Live Stream!!!!
D/dalvikvm( 1505): GC_CONCURRENT freed 463K, 79% free 1316K/6019K, paused 1ms+1ms
D/dalvikvm( 1505): GC_CONCURRENT freed 395K, 79% free 1314K/6019K, paused 1ms+1ms
D/dalvikvm( 1505): GC_CONCURRENT freed 393K, 79% free 1306K/6019K, paused 1ms+1ms
D/DataSource_M3U8(  744): 
D/DataSource_M3U8(  744): 
D/DataSource_M3U8(  744): 
D/DataSource_M3U8(  744): ============Begin to get playlist !!=====================
D/DataSource_M3U8(  744): 
D/DataSource_M3U8(  744): 
D/dalvikvm( 1505): GC_CONCURRENT freed 382K, 77% free 1427K/6019K, paused 1ms+1ms
D/dalvikvm( 1505): GC_CONCURRENT freed 510K, 78% free 1384K/6019K, paused 1ms+3ms
D/DataSource_M3U8(  744): 
D/DataSource_M3U8(  744):  connect Server :cibn-iss1.longvisionmedia.com
D/DataSource_M3U8(  744): parseM3U8 .......!
D/DataSource_M3U8(  744): 
D/DataSource_M3U8(  744):  do not update  mediaSequence : 0   url = http://cibn-iss1.longvisionmedia.com:8088/vod/GA   
D/DataSource_M3U8(  744): [M3U8] file: NULL line 
D/DataSource_M3U8(  744): HLS=====>> Live Stream!!!!
D/DataSource_M3U8(  744): ----------UpdatePlaylistThread runing... 
D/DataSource_M3U8(  744): 
D/DataSource_M3U8(  744): 
D/DataSource_M3U8(  744): 
D/DataSource_M3U8(  744): ============Begin to get playlist !!=====================
D/DataSource_M3U8(  744): 
D/DataSource_M3U8(  744): 
D/DataSource_M3U8(  744): 
D/DataSource_M3U8(  744):  connect Server :cibn-iss1.longvisionmedia.com
D/DataSource_M3U8(  744): parseM3U8 .......!
D/DataSource_M3U8(  744): 
D/DataSource_M3U8(  744):  do not update  mediaSequence : 0   url = http://cibn-iss1.longvisionmedia.com:8088/vod/GA   
D/DataSource_M3U8(  744): [M3U8] file: NULL line 
D/DataSource_M3U8(  744): HLS=====>> Live Stream!!!!
D/dalvikvm( 1505): GC_CONCURRENT freed 457K, 79% free 1312K/6019K, paused 1ms+1ms
D/dalvikvm( 1505): GC_CONCURRENT freed 396K, 79% free 1310K/6019K, paused 0ms+1ms
D/dalvikvm( 1505): GC_CONCURRENT freed 393K, 76% free 1465K/6019K, paused 1ms+1ms
D/DataSource_M3U8(  744): 
D/DataSource_M3U8(  744): 
D/DataSource_M3U8(  744): 
D/DataSource_M3U8(  744): ============Begin to get playlist !!=====================
D/DataSource_M3U8(  744): 
D/DataSource_M3U8(  744): 
D/dalvikvm( 1505): GC_CONCURRENT freed 528K, 78% free 1371K/6019K, paused 1ms+1ms
D/dalvikvm( 1505): GC_CONCURRENT freed 446K, 77% free 1421K/6019K, paused 1ms+1ms
D/dalvikvm( 1505): GC_CONCURRENT freed 489K, 77% free 1407K/6019K, paused 1ms+1ms
D/dalvikvm( 1505): GC_CONCURRENT freed 474K, 78% free 1325K/6019K, paused 2ms+1ms
D/dalvikvm( 1505): GC_CONCURRENT freed 393K, 79% free 1324K/6019K, paused 1ms+1ms
D/dalvikvm( 1505): GC_CONCURRENT freed 403K, 78% free 1336K/6019K, paused 1ms+1ms
D/dalvikvm( 1505): GC_CONCURRENT freed 419K, 79% free 1308K/6019K, paused 1ms+1ms
D/HomePlayerLib( 1505): hostaddress count is 1
D/dalvikvm( 1505): GC_CONCURRENT freed 387K, 79% free 1321K/6019K, paused 1ms+1ms
D/dalvikvm( 1505): GC_CONCURRENT freed 403K, 79% free 1316K/6019K, paused 1ms+1ms
D/dalvikvm( 1505): GC_CONCURRENT freed 398K, 78% free 1369K/6019K, paused 1ms+1ms
D/dalvikvm( 1505): GC_CONCURRENT freed 460K, 79% free 1295K/6019K, paused 1ms+1ms
D/dalvikvm( 1505): GC_CONCURRENT freed 379K, 79% free 1322K/6019K, paused 1ms+1ms
D/dalvikvm( 1505): GC_CONCURRENT freed 363K, 76% free 1455K/6019K, paused 0ms+1ms
D/dalvikvm( 1505): GC_CONCURRENT freed 545K, 77% free 1421K/6019K, paused 1ms+1ms
D/dalvikvm( 1505): GC_CONCURRENT freed 511K, 77% free 1402K/6019K, paused 1ms+1ms
D/dalvikvm( 1505): GC_CONCURRENT freed 478K, 77% free 1397K/6019K, paused 1ms+1ms
D/dalvikvm( 1505): GC_CONCURRENT freed 474K, 78% free 1361K/6019K, paused 1ms+1ms
D/dalvikvm( 1505): GC_CONCURRENT freed 446K, 77% free 1430K/6019K, paused 1ms+1ms
D/dalvikvm( 1505): GC_CONCURRENT freed 502K, 79% free 1312K/6019K, paused 1ms+1ms
D/dalvikvm( 1505): GC_CONCURRENT freed 376K, 77% free 1414K/6019K, paused 1ms+1ms
D/dalvikvm( 1505): GC_CONCURRENT freed 475K, 77% free 1439K/6019K, paused 0ms+1ms
D/HTTPStream(  744): receive_line return error:-268435448
D/HTTPStream(  744): receive header fail
D/DataSource_M3U8(  744): 
D/DataSource_M3U8(  744): 
D/DataSource_M3U8(  744): 
D/DataSource_M3U8(  744): ============Begin to get playlist !!=====================
D/DataSource_M3U8(  744): 
D/DataSource_M3U8(  744): 
D/dalvikvm( 1505): GC_CONCURRENT freed 502K, 79% free 1322K/6019K, paused 1ms+1ms
D/HTTPStream(  744): receive_line return error:-268435448
D/HTTPStream(  744): receive header fail
D/dalvikvm( 1505): GC_CONCURRENT freed 399K, 79% free 1310K/6019K, paused 1ms+1ms
D/DataSource_M3U8(  744): 
D/DataSource_M3U8(  744): 
D/DataSource_M3U8(  744): 
D/DataSource_M3U8(  744): ============Begin to get playlist !!=====================
D/DataSource_M3U8(  744): 
D/DataSource_M3U8(  744): 
D/dalvikvm( 1505): GC_CONCURRENT freed 383K, 78% free 1334K/6019K, paused 1ms+1ms
D/dalvikvm( 1505): GC_CONCURRENT freed 396K, 78% free 1334K/6019K, paused 1ms+1ms
D/HTTPStream(  744): receive_line return error:-268435448
D/HTTPStream(  744): receive header fail
D/dalvikvm( 1505): GC_CONCURRENT freed 412K, 79% free 1314K/6019K, paused 1ms+1ms
D/dalvikvm( 1505): GC_CONCURRENT freed 393K, 79% free 1313K/6019K, paused 1ms+1ms
D/DataSource_M3U8(  744): 
D/DataSource_M3U8(  744): 
D/DataSource_M3U8(  744): 
D/DataSource_M3U8(  744): ============Begin to get playlist !!=====================
D/DataSource_M3U8(  744): 
D/DataSource_M3U8(  744): 
D/dalvikvm( 1505): GC_CONCURRENT freed 393K, 79% free 1313K/6019K, paused 1ms+1ms
D/dalvikvm( 1505): GC_CONCURRENT freed 393K, 79% free 1314K/6019K, paused 2ms+2ms
D/dalvikvm( 1505): GC_CONCURRENT freed 394K, 79% free 1315K/6019K, paused 1ms+1ms
D/HomePlayerLib( 1505): hostaddress count is 1
D/dalvikvm( 1505): GC_CONCURRENT freed 411K, 79% free 1307K/6019K, paused 1ms+1ms
D/dalvikvm( 1505): GC_CONCURRENT freed 389K, 79% free 1312K/6019K, paused 1ms+1ms
D/dalvikvm( 1505): GC_CONCURRENT freed 430K, 77% free 1388K/6019K, paused 1ms+1ms
D/dalvikvm( 1505): GC_CONCURRENT freed 473K, 79% free 1315K/6019K, paused 1ms+1ms
D/dalvikvm( 1505): GC_CONCURRENT freed 406K, 79% free 1322K/6019K, paused 0ms+0ms
D/dalvikvm( 1505): GC_CONCURRENT freed 401K, 77% free 1390K/6019K, paused 1ms+1ms
D/dalvikvm( 1505): GC_CONCURRENT freed 476K, 77% free 1413K/6019K, paused 1ms+2ms
D/dalvikvm( 1505): GC_CONCURRENT freed 487K, 78% free 1375K/6019K, paused 2ms+1ms
D/dalvikvm( 1505): GC_CONCURRENT freed 458K, 77% free 1414K/6019K, paused 1ms+1ms
D/HTTPStream(  744): receive_line return error:-268435448
D/HTTPStream(  744): receive header fail
D/DataSource_M3U8(  744): 
D/DataSource_M3U8(  744): 
D/DataSource_M3U8(  744): 
D/DataSource_M3U8(  744): ============Begin to get playlist !!=====================
D/DataSource_M3U8(  744): 
D/DataSource_M3U8(  744): 
D/dalvikvm( 1505): GC_CONCURRENT freed 493K, 79% free 1306K/6019K, paused 2ms+1ms
D/HTTPStream(  744): receive_line return error:-268435448
D/HTTPStream(  744): receive header fail
D/dalvikvm( 1505): GC_CONCURRENT freed 367K, 78% free 1330K/6019K, paused 1ms+1ms
D/DataSource_M3U8(  744): 
D/DataSource_M3U8(  744): 
D/DataSource_M3U8(  744): 
D/DataSource_M3U8(  744): ============Begin to get playlist !!=====================
D/DataSource_M3U8(  744): 
D/DataSource_M3U8(  744): 
D/dalvikvm( 1505): GC_CONCURRENT freed 393K, 78% free 1331K/6019K, paused 1ms+1ms
D/dalvikvm( 1505): GC_CONCURRENT freed 393K, 78% free 1332K/6019K, paused 1ms+1ms
D/dalvikvm( 1505): GC_CONCURRENT freed 392K, 78% free 1332K/6019K, paused 1ms+1ms
D/dalvikvm( 1505): GC_CONCURRENT freed 392K, 78% free 1374K/6019K, paused 1ms+1ms
D/dalvikvm( 1505): GC_CONCURRENT freed 434K, 78% free 1333K/6019K, paused 1ms+1ms
D/dalvikvm( 1505): GC_CONCURRENT freed 394K, 78% free 1333K/6019K, paused 1ms+1ms
D/dalvikvm( 1505): GC_CONCURRENT freed 405K, 77% free 1412K/6019K, paused 1ms+1ms
D/dalvikvm( 1505): GC_CONCURRENT freed 477K, 78% free 1329K/6019K, paused 1ms+2ms
D/dalvikvm( 1505): GC_CONCURRENT freed 395K, 78% free 1328K/6019K, paused 1ms+1ms
D/dalvikvm( 1505): GC_CONCURRENT freed 394K, 77% free 1427K/6019K, paused 1ms+1ms
D/DataSource_M3U8(  744): 
D/DataSource_M3U8(  744):  Warnig:: No Enough data in buffer...
I//lib/ld-linux.so.3(  748): Blocking Read: 30018, size: 0x0.
D/HTTPStream(  744): receive_line return error:-268435448
D/HTTPStream(  744): receive header fail
D/DataSource_M3U8(  744): 
D/DataSource_M3U8(  744): 
D/DataSource_M3U8(  744): 
D/DataSource_M3U8(  744): ============Begin to get playlist !!=====================
D/DataSource_M3U8(  744): 
D/DataSource_M3U8(  744): 
D/dalvikvm( 1505): GC_CONCURRENT freed 515K, 77% free 1396K/6019K, paused 1ms+1ms
D/dalvikvm( 1505): GC_CONCURRENT freed 479K, 77% free 1392K/6019K, paused 1ms+1ms
D/dalvikvm( 1505): GC_CONCURRENT freed 476K, 78% free 1374K/6019K, paused 1ms+1ms
D/dalvikvm( 1505): GC_CONCURRENT freed 459K, 78% free 1328K/6019K, paused 1ms+1ms
D/dalvikvm( 1505): GC_CONCURRENT freed 420K, 79% free 1308K/6019K, paused 1ms+1ms
D/HomePlayerLib( 1505): hostaddress count is 1
D/dalvikvm( 1505): GC_CONCURRENT freed 387K, 79% free 1311K/6019K, paused 1ms+1ms
D/dalvikvm( 1505): GC_CONCURRENT freed 403K, 77% free 1421K/6019K, paused 0ms+1ms
D/dalvikvm( 1505): GC_CONCURRENT freed 508K, 77% free 1413K/6019K, paused 1ms+1ms
D/dalvikvm( 1505): GC_CONCURRENT freed 486K, 79% free 1319K/6019K, paused 1ms+1ms
D/dalvikvm( 1505): GC_CONCURRENT freed 394K, 77% free 1423K/6019K, paused 1ms+1ms
D/CheckNetWork( 1752): isOk true
D/CheckNetWork( 1752): ActInfoNetworkInfo: type: WIFI[], state: CONNECTED/CONNECTED, reason: (unspecified), extra: (none), roaming: false, failover: false, isAvailable: true
D/CheckNetWork( 1752): infoNetworkInfo: type: WIFI[], state: CONNECTED/CONNECTED, reason: (unspecified), extra: (none), roaming: false, failover: false, isAvailable: true
I/EventLogService( 1320): Aggregate from 1365698008987 (log), 1365697712027 (data)
D/dalvikvm( 1505): GC_CONCURRENT freed 511K, 79% free 1303K/6019K, paused 1ms+1ms
D/dalvikvm( 1505): GC_CONCURRENT freed 392K, 79% free 1299K/6019K, paused 0ms+1ms
D/dalvikvm( 1505): GC_CONCURRENT freed 384K, 76% free 1449K/6019K, paused 3ms+1ms
D/dalvikvm( 1505): GC_CONCURRENT freed 527K, 77% free 1402K/6019K, paused 0ms+1ms
D/HTTPStream(  744): receive_line return error:-268435448
D/HTTPStream(  744): receive header fail
D/DataSource_M3U8(  744): 
D/DataSource_M3U8(  744): 
D/DataSource_M3U8(  744): 
D/DataSource_M3U8(  744): ============Begin to get playlist !!=====================
D/DataSource_M3U8(  744): 
D/DataSource_M3U8(  744): 
D/HTTPStream(  744): receive_line return error:-268435448
D/HTTPStream(  744): receive header fail
D/DataSource_M3U8(  744): ----------UpdatePlaylistThread runing... 
D/DataSource_M3U8(  744): 
D/DataSource_M3U8(  744): 
D/DataSource_M3U8(  744): 
D/DataSource_M3U8(  744): ============Begin to get playlist !!=====================
D/DataSource_M3U8(  744): 
D/DataSource_M3U8(  744): 
D/dalvikvm( 1505): GC_CONCURRENT freed 467K, 78% free 1376K/6019K, paused 1ms+1ms
D/dalvikvm( 1505): GC_CONCURRENT freed 437K, 78% free 1379K/6019K, paused 1ms+1ms
D/dalvikvm( 1505): GC_CONCURRENT freed 445K, 77% free 1444K/6019K, paused 1ms+2ms
D/HTTPStream(  744): receive_line return error:-268435448
D/HTTPStream(  744): receive header fail
D/dalvikvm( 1505): GC_CONCURRENT freed 535K, 78% free 1329K/6019K, paused 1ms+1ms
D/DataSource_M3U8(  744): 
D/DataSource_M3U8(  744): 
D/DataSource_M3U8(  744): 
D/DataSource_M3U8(  744): ============Begin to get playlist !!=====================
D/DataSource_M3U8(  744): 
D/DataSource_M3U8(  744): 
D/dalvikvm( 1505): GC_CONCURRENT freed 409K, 79% free 1315K/6019K, paused 1ms+1ms
D/dalvikvm( 1505): GC_CONCURRENT freed 394K, 79% free 1314K/6019K, paused 1ms+1ms
D/dalvikvm( 1505): GC_CONCURRENT freed 393K, 79% free 1314K/6019K, paused 2ms+1ms
D/HomePlayerLib( 1505): hostaddress count is 1
D/dalvikvm( 1505): GC_CONCURRENT freed 411K, 79% free 1299K/6019K, paused 1ms+1ms
D/dalvikvm( 1505): GC_CONCURRENT freed 388K, 79% free 1313K/6019K, paused 1ms+1ms
D/dalvikvm( 1505): GC_CONCURRENT freed 405K, 77% free 1414K/6019K, paused 1ms+1ms
D/dalvikvm( 1505): GC_CONCURRENT freed 487K, 77% free 1439K/6019K, paused 1ms+2ms
D/dalvikvm( 1505): GC_CONCURRENT freed 510K, 78% free 1353K/6019K, paused 0ms+1ms
D/dalvikvm( 1505): GC_CONCURRENT freed 425K, 75% free 1516K/6019K, paused 1ms+1ms
D/dalvikvm( 1505): GC_CONCURRENT freed 571K, 78% free 1336K/6019K, paused 1ms+1ms
D/dalvikvm( 1505): GC_CONCURRENT freed 394K, 77% free 1393K/6019K, paused 1ms+1ms
D/dalvikvm( 1505): GC_CONCURRENT freed 462K, 79% free 1324K/6019K, paused 1ms+1ms
D/dalvikvm( 1505): GC_CONCURRENT freed 398K, 78% free 1345K/6019K, paused 1ms+2ms
D/dalvikvm( 1505): GC_CONCURRENT freed 406K, 78% free 1333K/6019K, paused 1ms+1ms
D/dalvikvm( 1505): GC_CONCURRENT freed 403K, 78% free 1347K/6019K, paused 1ms+1ms
D/dalvikvm( 1505): GC_CONCURRENT freed 408K, 78% free 1332K/6019K, paused 1ms+4ms
D/HTTPStream(  744): receive_line return error:-268435448
D/HTTPStream(  744): receive header fail
D/dalvikvm( 1505): GC_CONCURRENT freed 394K, 78% free 1332K/6019K, paused 1ms+1ms
D/dalvikvm( 1505): GC_CONCURRENT freed 394K, 78% free 1332K/6019K, paused 1ms+3ms
D/dalvikvm( 1505): GC_CONCURRENT freed 394K, 78% free 1332K/6019K, paused 1ms+1ms
D/DataSource_M3U8(  744): 
D/DataSource_M3U8(  744): 
D/DataSource_M3U8(  744): 
D/DataSource_M3U8(  744): ============Begin to get playlist !!=====================
