D/dalvikvm( 1505): GC_CONCURRENT freed 476K, 78% free 1328K/6019K, paused 1ms+2ms
D/dalvikvm( 1505): GC_CONCURRENT freed 413K, 79% free 1312K/6019K, paused 1ms+1ms
D/dalvikvm( 1505): GC_CONCURRENT freed 379K, 76% free 1445K/6019K, paused 1ms+1ms
D/DataSource_M3U8(  744): 
D/DataSource_M3U8(  744):  connect Server :cibn-iss1.longvisionmedia.com
D/DataSource_M3U8(  744): parseM3U8 .......!
D/DataSource_M3U8(  744): 
D/DataSource_M3U8(  744):  do not update  mediaSequence : 0   url = http://cibn-iss1.longvisionmedia.com:8088/vod/GA   
D/DataSource_M3U8(  744): [M3U8] file: NULL line 
D/DataSource_M3U8(  744): HLS=====>> Live Stream!!!!
D/DataSource_M3U8(  744): 
D/DataSource_M3U8(  744): 
D/DataSource_M3U8(  744): 
D/DataSource_M3U8(  744): ============Begin to get playlist !!=====================
D/DataSource_M3U8(  744): 
D/DataSource_M3U8(  744): 
D/DataSource_M3U8(  744): 
D/DataSource_M3U8(  744):  connect Server :cibn-iss1.longvisionmedia.com
D/DataSource_M3U8(  744): parseM3U8 .......!
D/DataSource_M3U8(  744): 
D/DataSource_M3U8(  744):  do not update  mediaSequence : 0   url = http://cibn-iss1.longvisionmedia.com:8088/vod/GA   
D/DataSource_M3U8(  744): [M3U8] file: NULL line 
D/DataSource_M3U8(  744): HLS=====>> Live Stream!!!!
D/DataSource_M3U8(  744): 
D/DataSource_M3U8(  744): 
D/DataSource_M3U8(  744): 
D/DataSource_M3U8(  744): ============Begin to get playlist !!=====================
D/DataSource_M3U8(  744): 
D/DataSource_M3U8(  744): 
D/DataSource_M3U8(  744): 
D/DataSource_M3U8(  744):  connect Server :cibn-iss1.longvisionmedia.com
D/dalvikvm( 1505): GC_CONCURRENT freed 535K, 79% free 1312K/6019K, paused 1ms+1ms
D/dalvikvm( 1505): GC_CONCURRENT freed 407K, 79% free 1289K/6019K, paused 1ms+1ms
D/dalvikvm( 1505): GC_CONCURRENT freed 381K, 79% free 1302K/6019K, paused 1ms+1ms
D/dalvikvm( 1505): GC_CONCURRENT freed 393K, 79% free 1302K/6019K, paused 1ms+1ms
D/dalvikvm( 1505): GC_CONCURRENT freed 396K, 79% free 1289K/6019K, paused 1ms+1ms
D/dalvikvm( 1505): GC_CONCURRENT freed 373K, 77% free 1385K/6019K, paused 1ms+1ms
D/DataSource_M3U8(  744): parseM3U8 .......!
D/DataSource_M3U8(  744): 
D/DataSource_M3U8(  744):  do not update  mediaSequence : 0   url = http://cibn-iss1.longvisionmedia.com:8088/vod/GA   
D/DataSource_M3U8(  744): [M3U8] file: NULL line 
D/DataSource_M3U8(  744): HLS=====>> Live Stream!!!!
D/dalvikvm( 1505): GC_CONCURRENT freed 475K, 79% free 1302K/6019K, paused 1ms+1ms
D/dalvikvm( 1505): GC_CONCURRENT freed 394K, 77% free 1409K/6019K, paused 0ms+1ms
D/dalvikvm( 1505): GC_CONCURRENT freed 487K, 79% free 1320K/6019K, paused 1ms+1ms
D/DataSource_M3U8(  744): 
D/DataSource_M3U8(  744): 
D/DataSource_M3U8(  744): 
D/DataSource_M3U8(  744): ============Begin to get playlist !!=====================
D/DataSource_M3U8(  744): 
D/DataSource_M3U8(  744): 
D/DataSource_M3U8(  744): 
D/DataSource_M3U8(  744):  connect Server :cibn-iss1.longvisionmedia.com
D/dalvikvm( 1505): GC_CONCURRENT freed 408K, 79% free 1303K/6019K, paused 1ms+1ms
D/dalvikvm( 1505): GC_CONCURRENT freed 397K, 79% free 1309K/6019K, paused 1ms+1ms
D/dalvikvm( 1505): GC_CONCURRENT freed 395K, 79% free 1309K/6019K, paused 1ms+1ms
D/dalvikvm( 1505): GC_CONCURRENT freed 405K, 79% free 1314K/6019K, paused 1ms+1ms
D/dalvikvm( 1505): GC_CONCURRENT freed 394K, 79% free 1314K/6019K, paused 1ms+1ms
D/dalvikvm( 1505): GC_CONCURRENT freed 393K, 79% free 1314K/6019K, paused 1ms+1ms
D/dalvikvm( 1505): GC_CONCURRENT freed 394K, 79% free 1314K/6019K, paused 1ms+1ms
D/dalvikvm( 1505): GC_CONCURRENT freed 394K, 79% free 1319K/6019K, paused 1ms+1ms
D/dalvikvm( 1505): GC_CONCURRENT freed 407K, 77% free 1394K/6019K, paused 1ms+1ms
D/dalvikvm( 1505): GC_CONCURRENT freed 478K, 77% free 1409K/6019K, paused 1ms+1ms
D/dalvikvm( 1505): GC_CONCURRENT freed 488K, 78% free 1361K/6019K, paused 1ms+1ms
D/DataSource_M3U8(  744): parseM3U8 .......!
D/DataSource_M3U8(  744): 
D/DataSource_M3U8(  744):  do not update  mediaSequence : 0   url = http://cibn-iss1.longvisionmedia.com:8088/vod/GA   
D/DataSource_M3U8(  744): [M3U8] file: NULL line 
D/DataSource_M3U8(  744): HLS=====>> Live Stream!!!!
D/dalvikvm( 1505): GC_CONCURRENT freed 447K, 79% free 1303K/6019K, paused 1ms+1ms
D/dalvikvm( 1505): GC_CONCURRENT freed 398K, 79% free 1300K/6019K, paused 1ms+1ms
D/dalvikvm( 1505): GC_CONCURRENT freed 389K, 77% free 1408K/6019K, paused 1ms+1ms
D/HomePlayerLib( 1505): hostaddress count is 1
D/dalvikvm( 1505): GC_CONCURRENT freed 495K, 78% free 1381K/6019K, paused 0ms+1ms
D/dalvikvm( 1505): GC_CONCURRENT freed 450K, 77% free 1442K/6019K, paused 1ms+1ms
D/dalvikvm( 1505): GC_CONCURRENT freed 521K, 77% free 1401K/6019K, paused 1ms+1ms
D/DataSource_M3U8(  744): 
D/DataSource_M3U8(  744): 
D/DataSource_M3U8(  744): 
D/DataSource_M3U8(  744): ============Begin to get playlist !!=====================
D/DataSource_M3U8(  744): 
D/DataSource_M3U8(  744): 
D/dalvikvm( 1505): GC_CONCURRENT freed 473K, 78% free 1334K/6019K, paused 1ms+1ms
D/dalvikvm( 1505): GC_CONCURRENT freed 413K, 78% free 1349K/6019K, paused 1ms+1ms
D/DataSource_M3U8(  744): 
D/DataSource_M3U8(  744):  connect Server :cibn-iss1.longvisionmedia.com
D/dalvikvm( 1505): GC_CONCURRENT freed 422K, 79% free 1315K/6019K, paused 1ms+1ms
D/dalvikvm( 1505): GC_CONCURRENT freed 389K, 77% free 1438K/6019K, paused 1ms+1ms
D/dalvikvm( 1505): GC_CONCURRENT freed 489K, 76% free 1453K/6019K, paused 1ms+1ms
D/dalvikvm( 1505): GC_CONCURRENT freed 516K, 77% free 1395K/6019K, paused 1ms+1ms
D/dalvikvm( 1505): GC_CONCURRENT freed 460K, 77% free 1430K/6019K, paused 1ms+1ms
D/dalvikvm( 1505): GC_CONCURRENT freed 489K, 77% free 1439K/6019K, paused 1ms+2ms
D/dalvikvm( 1505): GC_CONCURRENT freed 502K, 78% free 1352K/6019K, paused 1ms+2ms
D/DataSource_M3U8(  744): parseM3U8 .......!
D/DataSource_M3U8(  744): 
D/DataSource_M3U8(  744):  do not update  mediaSequence : 0   url = http://cibn-iss1.longvisionmedia.com:8088/vod/GA   
D/DataSource_M3U8(  744): [M3U8] file: NULL line 
D/DataSource_M3U8(  744): HLS=====>> Live Stream!!!!
D/dalvikvm( 1505): GC_CONCURRENT freed 419K, 78% free 1329K/6019K, paused 1ms+1ms
D/dalvikvm( 1505): GC_CONCURRENT freed 407K, 79% free 1307K/6019K, paused 1ms+1ms
D/dalvikvm( 1505): GC_CONCURRENT freed 380K, 77% free 1433K/6019K, paused 1ms+1ms
D/DataSource_M3U8(  744): 
D/DataSource_M3U8(  744): 
D/DataSource_M3U8(  744): 
D/DataSource_M3U8(  744): ============Begin to get playlist !!=====================
D/DataSource_M3U8(  744): 
D/DataSource_M3U8(  744): 
D/dalvikvm( 1505): GC_CONCURRENT freed 487K, 77% free 1421K/6019K, paused 1ms+1ms
D/dalvikvm( 1505): GC_CONCURRENT freed 486K, 79% free 1322K/6019K, paused 1ms+1ms
D/DataSource_M3U8(  744): 
D/DataSource_M3U8(  744):  connect Server :cibn-iss1.longvisionmedia.com
D/dalvikvm( 1505): GC_CONCURRENT freed 397K, 79% free 1319K/6019K, paused 1ms+1ms
D/dalvikvm( 1505): GC_CONCURRENT freed 394K, 78% free 1328K/6019K, paused 1ms+1ms
D/dalvikvm( 1505): GC_CONCURRENT freed 415K, 77% free 1411K/6019K, paused 2ms+1ms
D/DataSource_M3U8(  744): parseM3U8 .......!
D/DataSource_M3U8(  744): 
D/DataSource_M3U8(  744):  do not update  mediaSequence : 0   url = http://cibn-iss1.longvisionmedia.com:8088/vod/GA   
D/DataSource_M3U8(  744): [M3U8] file: NULL line 
D/DataSource_M3U8(  744): HLS=====>> Live Stream!!!!
D/DataSource_M3U8(  744): 
D/DataSource_M3U8(  744): 
D/DataSource_M3U8(  744): 
D/DataSource_M3U8(  744): ============Begin to get playlist !!=====================
D/DataSource_M3U8(  744): 
D/DataSource_M3U8(  744): 
D/DataSource_M3U8(  744): 
D/DataSource_M3U8(  744):  connect Server :cibn-iss1.longvisionmedia.com
D/DataSource_M3U8(  744): parseM3U8 .......!
D/DataSource_M3U8(  744): 
D/DataSource_M3U8(  744):  do not update  mediaSequence : 0   url = http://cibn-iss1.longvisionmedia.com:8088/vod/GA   
D/DataSource_M3U8(  744): [M3U8] file: NULL line 
D/DataSource_M3U8(  744): HLS=====>> Live Stream!!!!
D/dalvikvm( 1505): GC_CONCURRENT freed 492K, 79% free 1312K/6019K, paused 1ms+1ms
D/dalvikvm( 1505): GC_CONCURRENT freed 406K, 79% free 1298K/6019K, paused 1ms+1ms
D/DataSource_M3U8(  744): 
D/DataSource_M3U8(  744): 
D/DataSource_M3U8(  744): 
D/DataSource_M3U8(  744): ============Begin to get playlist !!=====================
D/DataSource_M3U8(  744): 
D/DataSource_M3U8(  744): 
D/dalvikvm( 1505): GC_CONCURRENT freed 379K, 79% free 1315K/6019K, paused 1ms+1ms
D/DataSource_M3U8(  744): 
D/DataSource_M3U8(  744):  Warnig:: No Enough data in buffer...
I//lib/ld-linux.so.3(  748): Blocking Read: 30019, size: 0x0.
D/HTTPStream(  744): receive_line return error:-268435448
D/HTTPStream(  744): receive header fail
D/dalvikvm( 1505): GC_CONCURRENT freed 393K, 79% free 1313K/6019K, paused 1ms+1ms
D/dalvikvm( 1505): GC_CONCURRENT freed 392K, 77% free 1398K/6019K, paused 1ms+1ms
D/dalvikvm( 1505): GC_CONCURRENT freed 485K, 79% free 1301K/6019K, paused 1ms+1ms
D/DataSource_M3U8(  744): ----------UpdatePlaylistThread runing... 
D/DataSource_M3U8(  744): 
D/DataSource_M3U8(  744): 
D/DataSource_M3U8(  744): 
D/DataSource_M3U8(  744): ============Begin to get playlist !!=====================
D/DataSource_M3U8(  744): 
D/DataSource_M3U8(  744): 
D/HomePlayerLib( 1505): hostaddress count is 1
D/dalvikvm( 1505): GC_CONCURRENT freed 388K, 79% free 1312K/6019K, paused 1ms+1ms
D/dalvikvm( 1505): GC_CONCURRENT freed 405K, 78% free 1359K/6019K, paused 1ms+1ms
D/dalvikvm( 1505): GC_CONCURRENT freed 438K, 78% free 1332K/6019K, paused 1ms+1ms
D/dalvikvm( 1505): GC_CONCURRENT freed 420K, 79% free 1316K/6019K, paused 1ms+1ms
D/HomePlayerLib( 1505): hostaddress count is 1
D/dalvikvm( 1505): GC_CONCURRENT freed 402K, 79% free 1303K/6019K, paused 1ms+1ms
D/dalvikvm( 1505): GC_CONCURRENT freed 396K, 77% free 1388K/6019K, paused 0ms+1ms
D/dalvikvm( 1505): GC_CONCURRENT freed 465K, 78% free 1365K/6019K, paused 1ms+1ms
D/dalvikvm( 1505): GC_CONCURRENT freed 414K, 78% free 1336K/6019K, paused 1ms+1ms
D/dalvikvm( 1505): GC_CONCURRENT freed 402K, 76% free 1462K/6019K, paused 1ms+1ms
D/dalvikvm( 1505): GC_CONCURRENT freed 514K, 78% free 1340K/6019K, paused 1ms+0ms
D/dalvikvm( 1505): GC_CONCURRENT freed 393K, 77% free 1428K/6019K, paused 1ms+1ms
D/dalvikvm( 1505): GC_CONCURRENT freed 494K, 78% free 1326K/6019K, paused 2ms+1ms
D/CheckNetWork( 1752): isOk true
D/CheckNetWork( 1752): ActInfoNetworkInfo: type: WIFI[], state: CONNECTED/CONNECTED, reason: (unspecified), extra: (none), roaming: false, failover: false, isAvailable: true
D/CheckNetWork( 1752): infoNetworkInfo: type: WIFI[], state: CONNECTED/CONNECTED, reason: (unspecified), extra: (none), roaming: false, failover: false, isAvailable: true
D/dalvikvm( 1505): GC_CONCURRENT freed 397K, 77% free 1437K/6019K, paused 1ms+1ms
D/dalvikvm( 1505): GC_CONCURRENT freed 553K, 77% free 1396K/6019K, paused 1ms+1ms
D/dalvikvm( 1505): GC_CONCURRENT freed 469K, 78% free 1324K/6019K, paused 1ms+1ms
D/dalvikvm( 1505): GC_CONCURRENT freed 399K, 78% free 1328K/6019K, paused 1ms+3ms
D/dalvikvm( 1505): GC_CONCURRENT freed 405K, 78% free 1332K/6019K, paused 1ms+1ms
D/dalvikvm( 1505): GC_CONCURRENT freed 393K, 78% free 1332K/6019K, paused 1ms+1ms
D/PushMsgCenter( 1724): mDownUpRun run while (true)
D/PushMsgCenter( 1724): down  
D/dalvikvm( 1505): GC_CONCURRENT freed 394K, 78% free 1332K/6019K, paused 2ms+2ms
D/dalvikvm( 1505): GC_CONCURRENT freed 394K, 78% free 1333K/6019K, paused 1ms+1ms
D/dalvikvm( 1505): GC_CONCURRENT freed 394K, 78% free 1378K/6019K, paused 0ms+1ms
D/PushMsgCenter( 1724): down conn.getResponseCode() status = 404
D/dalvikvm( 1505): GC_CONCURRENT freed 445K, 79% free 1320K/6019K, paused 1ms+1ms
D/HTTPStream(  744): receive_line return error:-268435448
D/HTTPStream(  744): receive header fail
D/DataSource_M3U8(  744): 
D/DataSource_M3U8(  744): 
D/DataSource_M3U8(  744): 
D/DataSource_M3U8(  744): ============Begin to get playlist !!=====================
D/DataSource_M3U8(  744): 
D/DataSource_M3U8(  744): 
D/dalvikvm( 1505): GC_CONCURRENT freed 395K, 79% free 1319K/6019K, paused 1ms+1ms
D/dalvikvm( 1505): GC_CONCURRENT freed 392K, 79% free 1320K/6019K, paused 1ms+1ms
D/dalvikvm( 1505): GC_CONCURRENT freed 392K, 79% free 1320K/6019K, paused 1ms+1ms
D/dalvikvm( 1505): GC_CONCURRENT freed 392K, 78% free 1328K/6019K, paused 1ms+1ms
D/dalvikvm( 1505): GC_CONCURRENT freed 394K, 79% free 1319K/6019K, paused 0ms+1ms
D/dalvikvm( 1505): GC_CONCURRENT freed 434K, 78% free 1351K/6019K, paused 1ms+1ms
D/dalvikvm( 1505): GC_CONCURRENT freed 418K, 76% free 1445K/6019K, paused 0ms+1ms
D/dalvikvm( 1505): GC_CONCURRENT freed 518K, 79% free 1320K/6019K, paused 1ms+1ms
D/dalvikvm( 1505): GC_CONCURRENT freed 414K, 79% free 1302K/6019K, paused 2ms+1ms
D/HTTPStream(  744): receive_line return error:-268435448
D/HTTPStream(  744): receive header fail
D/DataSource_M3U8(  744): 
D/DataSource_M3U8(  744): 
D/DataSource_M3U8(  744): 
D/DataSource_M3U8(  744): ============Begin to get playlist !!=====================
D/DataSource_M3U8(  744): 
D/DataSource_M3U8(  744): 
D/dalvikvm( 1505): GC_CONCURRENT freed 395K, 79% free 1310K/6019K, paused 1ms+1ms
D/dalvikvm( 1505): GC_CONCURRENT freed 393K, 78% free 1327K/6019K, paused 1ms+1ms
W/ThrottleService(  944): unable to find stats for iface rmnet0
D/dalvikvm( 1505): GC_CONCURRENT freed 416K, 79% free 1302K/6019K, paused 1ms+1ms
D/dalvikvm( 1505): GC_CONCURRENT freed 396K, 77% free 1408K/6019K, paused 1ms+1ms
D/dalvikvm( 1505): GC_CONCURRENT freed 487K, 79% free 1314K/6019K, paused 1ms+1ms
D/dalvikvm( 1505): GC_CONCURRENT freed 394K, 79% free 1314K/6019K, paused 0ms+1ms
D/dalvikvm( 1505): GC_CONCURRENT freed 404K, 78% free 1330K/6019K, paused 1ms+1ms
D/HomePlayerLib( 1505): hostaddress count is 1
D/dalvikvm( 1505): GC_CONCURRENT freed 423K, 78% free 1340K/6019K, paused 1ms+1ms
D/dalvikvm( 1505): GC_CONCURRENT freed 418K, 79% free 1316K/6019K, paused 1ms+1ms
D/dalvikvm( 1505): GC_CONCURRENT freed 390K, 79% free 1318K/6019K, paused 1ms+1ms
D/dalvikvm( 1505): GC_CONCURRENT freed 393K, 79% free 1317K/6019K, paused 1ms+1ms
D/dalvikvm( 1505): GC_CONCURRENT freed 383K, 78% free 1342K/6019K, paused 1ms+1ms
D/dalvikvm( 1505): GC_CONCURRENT freed 411K, 76% free 1452K/6019K, paused 1ms+1ms
D/dalvikvm( 1505): GC_CONCURRENT freed 522K, 78% free 1332K/6019K, paused 1ms+2ms
D/dalvikvm( 1505): GC_CONCURRENT freed 393K, 78% free 1333K/6019K, paused 1ms+1ms
D/dalvikvm( 1505): GC_CONCURRENT freed 396K, 79% free 1323K/6019K, paused 1ms+2ms
D/dalvikvm( 1505): GC_CONCURRENT freed 397K, 77% free 1434K/6019K, paused 1ms+1ms
D/HTTPStream(  744): receive_line return error:-268435448
D/HTTPStream(  744): receive header fail
D/DataSource_M3U8(  744): 
D/DataSource_M3U8(  744): 
D/DataSource_M3U8(  744): 
D/DataSource_M3U8(  744): ============Begin to get playlist !!=====================
D/DataSource_M3U8(  744): 
D/DataSource_M3U8(  744): 
D/HTTPStream(  744): receive_line return error:-268435448
D/HTTPStream(  744): receive header fail
D/DataSource_M3U8(  744): 
D/DataSource_M3U8(  744): 
D/DataSource_M3U8(  744): 
D/DataSource_M3U8(  744): ============Begin to get playlist !!=====================
D/DataSource_M3U8(  744): 
D/DataSource_M3U8(  744): 
D/dalvikvm( 1505): GC_CONCURRENT freed 531K, 79% free 1294K/6019K, paused 0ms+1ms
D/dalvikvm( 1505): GC_CONCURRENT freed 375K, 77% free 1410K/6019K, paused 0ms+1ms
D/dalvikvm( 1505): GC_CONCURRENT freed 503K, 79% free 1302K/6019K, paused 1ms+0ms
D/dalvikvm( 1505): GC_CONCURRENT freed 394K, 78% free 1328K/6019K, paused 0ms+1ms
D/HTTPStream(  744): receive_line return error:-268435448
D/HTTPStream(  744): receive header fail
D/DataSource_M3U8(  744): 
D/DataSource_M3U8(  744): 
D/DataSource_M3U8(  744): 
D/DataSource_M3U8(  744): ============Begin to get playlist !!=====================
D/DataSource_M3U8(  744): 
D/DataSource_M3U8(  744): 
D/dalvikvm( 1505): GC_CONCURRENT freed 405K, 78% free 1360K/6019K, paused 1ms+1ms
D/dalvikvm( 1505): GC_CONCURRENT freed 443K, 77% free 1411K/6019K, paused 1ms+1ms
D/dalvikvm( 1505): GC_CONCURRENT freed 490K, 79% free 1314K/6019K, paused 1ms+2ms
D/dalvikvm( 1505): GC_CONCURRENT freed 395K, 77% free 1411K/6019K, paused 1ms+1ms
D/dalvikvm( 1505): GC_CONCURRENT freed 507K, 79% free 1288K/6019K, paused 1ms+1ms
D/HomePlayerLib( 1505): hostaddress count is 1
D/dalvikvm( 1505): GC_CONCURRENT freed 379K, 77% free 1406K/6019K, paused 1ms+1ms
D/dalvikvm( 1505): GC_CONCURRENT freed 497K, 77% free 1408K/6019K, paused 1ms+1ms
D/dalvikvm( 1505): GC_CONCURRENT freed 498K, 79% free 1314K/6019K, paused 2ms+1ms
D/dalvikvm( 1505): GC_CONCURRENT freed 370K, 77% free 1413K/6019K, paused 1ms+1ms
D/dalvikvm( 1505): GC_CONCURRENT freed 487K, 79% free 1321K/6019K, paused 0ms+1ms
D/dalvikvm( 1505): GC_CONCURRENT freed 397K, 77% free 1435K/6019K, paused 1ms+1ms
D/dalvikvm( 1505): GC_CONCURRENT freed 483K, 76% free 1484K/6019K, paused 1ms+1ms
D/dalvikvm( 1505): GC_CONCURRENT freed 548K, 78% free 1360K/6019K, paused 1ms+2ms
D/dalvikvm( 1505): GC_CONCURRENT freed 421K, 78% free 1334K/6019K, paused 1ms+1ms
D/dalvikvm( 1505): GC_CONCURRENT freed 385K, 78% free 1334K/6019K, paused 1ms+1ms
D/dalvikvm( 1505): GC_CONCURRENT freed 394K, 78% free 1332K/6019K, paused 1ms+1ms
D/dalvikvm( 1505): GC_CONCURRENT freed 392K, 78% free 1333K/6019K, paused 1ms+1ms
D/dalvikvm( 1505): GC_CONCURRENT freed 394K, 78% free 1332K/6019K, paused 1ms+1ms
D/dalvikvm( 1505): GC_CONCURRENT freed 392K, 78% free 1333K/6019K, paused 1ms+1ms
D/HTTPStream(  744): receive_line return error:-268435448
D/HTTPStream(  744): receive header fail
D/dalvikvm( 1505): GC_CONCURRENT freed 404K, 78% free 1346K/6019K, paused 1ms+1ms
D/dalvikvm( 1505): GC_CONCURRENT freed 409K, 78% free 1332K/6019K, paused 1ms+1ms
D/dalvikvm( 1505): GC_CONCURRENT freed 394K, 78% free 1332K/6019K, paused 1ms+1ms
D/dalvikvm( 1505): GC_CONCURRENT freed 394K, 78% free 1332K/6019K, paused 1ms+1ms
D/DataSource_M3U8(  744): 
D/DataSource_M3U8(  744): 
D/DataSource_M3U8(  744): 
D/DataSource_M3U8(  744): ============Begin to get playlist !!=====================
D/DataSource_M3U8(  744): 
D/DataSource_M3U8(  744): 
D/dalvikvm( 1505): GC_CONCURRENT freed 394K, 78% free 1332K/6019K, paused 1ms+2ms
D/dalvikvm( 1505): GC_CONCURRENT freed 394K, 78% free 1333K/6019K, paused 1ms+1ms
D/HTTPStream(  744): receive_line return error:-268435448
D/HTTPStream(  744): receive header fail
D/DataSource_M3U8(  744): 
D/DataSource_M3U8(  744): 
D/DataSource_M3U8(  744): 
D/DataSource_M3U8(  744): ============Begin to get playlist !!=====================
D/DataSource_M3U8(  744): 
D/DataSource_M3U8(  744): 
D/DataSource_M3U8(  744): 
D/DataSource_M3U8(  744):  Warnig:: No Enough data in buffer...
I//lib/ld-linux.so.3(  748): Blocking Read: 30021, size: 0x0.
D/dalvikvm( 1505): GC_CONCURRENT freed 412K, 79% free 1315K/6019K, paused 1ms+4ms
D/dalvikvm( 1505): GC_CONCURRENT freed 394K, 79% free 1319K/6019K, paused 1ms+1ms
D/dalvikvm( 1505): GC_CONCURRENT freed 404K, 77% free 1426K/6019K, paused 1ms+1ms
D/HTTPStream(  744): receive_line return error:-268435448
D/HTTPStream(  744): receive header fail
D/DataSource_M3U8(  744): ----------UpdatePlaylistThread runing... 
D/DataSource_M3U8(  744): 
D/DataSource_M3U8(  744): 
D/DataSource_M3U8(  744): 
D/DataSource_M3U8(  744): ============Begin to get playlist !!=====================
D/DataSource_M3U8(  744): 
D/DataSource_M3U8(  744): 
D/dalvikvm( 1505): GC_CONCURRENT freed 516K, 78% free 1328K/6019K, paused 1ms+1ms
D/dalvikvm( 1505): GC_CONCURRENT freed 407K, 77% free 1396K/6019K, paused 1ms+1ms
D/dalvikvm( 1505): GC_CONCURRENT freed 482K, 79% free 1315K/6019K, paused 0ms+1ms
D/dalvikvm( 1505): GC_CONCURRENT freed 410K, 78% free 1328K/6019K, paused 0ms+1ms
D/HomePlayerLib( 1505): hostaddress count is 1
D/dalvikvm( 1505): GC_CONCURRENT freed 422K, 79% free 1311K/6019K, paused 1ms+1ms
D/dalvikvm( 1505): GC_CONCURRENT freed 403K, 78% free 1378K/6019K, paused 1ms+1ms
D/dalvikvm( 1505): GC_CONCURRENT freed 463K, 77% free 1408K/6019K, paused 1ms+1ms
D/dalvikvm( 1505): GC_CONCURRENT freed 470K, 78% free 1376K/6019K, paused 1ms+1ms
D/dalvikvm( 1505): GC_CONCURRENT freed 449K, 78% free 1336K/6019K, paused 1ms+1ms
D/dalvikvm( 1505): GC_CONCURRENT freed 392K, 78% free 1336K/6019K, paused 1ms+2ms
D/dalvikvm( 1505): GC_CONCURRENT freed 410K, 79% free 1311K/6019K, paused 1ms+1ms
D/dalvikvm( 1505): GC_CONCURRENT freed 382K, 78% free 1333K/6019K, paused 1ms+1ms
D/dalvikvm( 1505): GC_CONCURRENT freed 396K, 77% free 1437K/6019K, paused 0ms+1ms
D/dalvikvm( 1505): GC_CONCURRENT freed 502K, 78% free 1329K/6019K, paused 1ms+2ms
D/HTTPStream(  744): receive_line return error:-268435448
D/HTTPStream(  744): receive header fail
D/DataSource_M3U8(  744): 
D/DataSource_M3U8(  744): 
D/DataSource_M3U8(  744): 
D/DataSource_M3U8(  744): ============Begin to get playlist !!=====================
D/DataSource_M3U8(  744): 
D/DataSource_M3U8(  744): 
D/HTTPStream(  744): receive_line return error:-268435448
D/HTTPStream(  744): receive header fail
D/DataSource_M3U8(  744): 
D/DataSource_M3U8(  744): 
D/DataSource_M3U8(  744): 
D/DataSource_M3U8(  744): ============Begin to get playlist !!=====================
D/DataSource_M3U8(  744): 
D/DataSource_M3U8(  744): 
D/dalvikvm( 1505): GC_CONCURRENT freed 413K, 79% free 1302K/6019K, paused 1ms+1ms
D/dalvikvm( 1505): GC_CONCURRENT freed 394K, 78% free 1327K/6019K, paused 1ms+1ms
D/HTTPStream(  744): receive_line return error:-268435448
D/HTTPStream(  744): receive header fail
D/DataSource_M3U8(  744): 
D/DataSource_M3U8(  744): 
D/DataSource_M3U8(  744): 
D/DataSource_M3U8(  744): ============Begin to get playlist !!=====================
D/DataSource_M3U8(  744): 
D/DataSource_M3U8(  744): 
D/dalvikvm( 1505): GC_CONCURRENT freed 416K, 78% free 1327K/6019K, paused 1ms+1ms
D/dalvikvm( 1505): GC_CONCURRENT freed 409K, 79% free 1313K/6019K, paused 1ms+1ms
D/dalvikvm( 1505): GC_CONCURRENT freed 393K, 77% free 1395K/6019K, paused 1ms+1ms
D/dalvikvm( 1505): GC_CONCURRENT freed 474K, 77% free 1402K/6019K, paused 1ms+1ms
D/dalvikvm( 1505): GC_CONCURRENT freed 483K, 77% free 1419K/6019K, paused 1ms+1ms
D/HomePlayerLib( 1505): hostaddress count is 1
D/dalvikvm( 1505): GC_CONCURRENT freed 498K, 77% free 1395K/6019K, paused 1ms+1ms
D/dalvikvm( 1505): GC_CONCURRENT freed 491K, 79% free 1312K/6019K, paused 0ms+1ms
D/dalvikvm( 1505): GC_CONCURRENT freed 394K, 79% free 1318K/6019K, paused 1ms+1ms
D/dalvikvm( 1505): GC_CONCURRENT freed 400K, 77% free 1429K/6019K, paused 1ms+1ms
D/dalvikvm( 1505): GC_CONCURRENT freed 505K, 77% free 1406K/6019K, paused 2ms+2ms
D/dalvikvm( 1505): GC_CONCURRENT freed 466K, 78% free 1346K/6019K, paused 1ms+1ms
D/dalvikvm( 1505): GC_CONCURRENT freed 428K, 79% free 1319K/6019K, paused 1ms+1ms
D/dalvikvm( 1505): GC_CONCURRENT freed 394K, 78% free 1368K/6019K, paused 1ms+1ms
D/dalvikvm( 1505): GC_CONCURRENT freed 446K, 79% free 1315K/6019K, paused 1ms+1ms
D/HTTPStream(  744): receive_line return error:-268435448
D/HTTPStream(  744): receive header fail
D/DataSource_M3U8(  744): 
D/DataSource_M3U8(  744): 
D/DataSource_M3U8(  744): 
D/DataSource_M3U8(  744): ============Begin to get playlist !!=====================
D/DataSource_M3U8(  744): 
D/DataSource_M3U8(  744): 
D/HTTPStream(  744): receive_line return error:-268435448
D/HTTPStream(  744): receive header fail
D/DataSource_M3U8(  744): 
D/DataSource_M3U8(  744): 
D/DataSource_M3U8(  744): 
D/DataSource_M3U8(  744): ============Begin to get playlist !!=====================
D/DataSource_M3U8(  744): 
D/DataSource_M3U8(  744): 
D/dalvikvm( 1505): GC_CONCURRENT freed 406K, 79% free 1317K/6019K, paused 1ms+1ms
D/dalvikvm( 1505): GC_CONCURRENT freed 396K, 79% free 1314K/6019K, paused 1ms+2ms
D/dalvikvm( 1505): GC_CONCURRENT freed 394K, 79% free 1314K/6019K, paused 1ms+1ms
D/dalvikvm( 1505): GC_CONCURRENT freed 392K, 79% free 1314K/6019K, paused 0ms+1ms
D/dalvikvm( 1505): GC_CONCURRENT freed 392K, 77% free 1401K/6019K, paused 1ms+1ms
D/dalvikvm( 1505): GC_CONCURRENT freed 483K, 79% free 1303K/6019K, paused 1ms+2ms
D/dalvikvm( 1505): GC_CONCURRENT freed 397K, 77% free 1408K/6019K, paused 1ms+1ms
D/dalvikvm( 1505): GC_CONCURRENT freed 488K, 79% free 1314K/6019K, paused 2ms+1ms
D/dalvikvm( 1505): GC_CONCURRENT freed 394K, 79% free 1314K/6019K, paused 2ms+1ms
D/HTTPStream(  744): receive_line return error:-268435448
D/HTTPStream(  744): receive header fail
D/dalvikvm( 1505): GC_CONCURRENT freed 394K, 79% free 1314K/6019K, paused 1ms+1ms
D/dalvikvm( 1505): GC_CONCURRENT freed 394K, 79% free 1315K/6019K, paused 2ms+1ms
D/dalvikvm( 1505): GC_CONCURRENT freed 405K, 79% free 1311K/6019K, paused 2ms+1ms
D/DataSource_M3U8(  744): 
D/DataSource_M3U8(  744): 
D/DataSource_M3U8(  744): 
D/DataSource_M3U8(  744): ============Begin to get playlist !!=====================
D/DataSource_M3U8(  744): 
D/DataSource_M3U8(  744): 
D/dalvikvm( 1505): GC_CONCURRENT freed 433K, 77% free 1386K/6019K, paused 1ms+1ms
D/dalvikvm( 1505): GC_CONCURRENT freed 472K, 77% free 1397K/6019K, paused 1ms+1ms
D/DataSource_M3U8(  744): 
D/DataSource_M3U8(  744):  connect Server :cibn-iss1.longvisionmedia.com
D/dalvikvm( 1505): GC_CONCURRENT freed 483K, 79% free 1312K/6019K, paused 1ms+1ms
D/dalvikvm( 1505): GC_CONCURRENT freed 397K, 78% free 1327K/6019K, paused 1ms+1ms
D/dalvikvm( 1505): GC_CONCURRENT freed 406K, 79% free 1313K/6019K, paused 1ms+1ms
D/DataSource_M3U8(  744): parseM3U8 .......!
D/DataSource_M3U8(  744): 
D/DataSource_M3U8(  744):  do not update  mediaSequence : 0   url = http://cibn-iss1.longvisionmedia.com:8088/vod/GA   
D/DataSource_M3U8(  744): [M3U8] file: NULL line 
D/DataSource_M3U8(  744): HLS=====>> Live Stream!!!!
D/dalvikvm( 1505): GC_CONCURRENT freed 394K, 79% free 1313K/6019K, paused 1ms+1ms
D/dalvikvm( 1505): GC_CONCURRENT freed 404K, 78% free 1325K/6019K, paused 0ms+1ms
D/HomePlayerLib( 1505): hostaddress count is 1
D/dalvikvm( 1505): GC_CONCURRENT freed 415K, 78% free 1374K/6019K, paused 1ms+2ms
D/dalvikvm( 1505): GC_CONCURRENT freed 467K, 77% free 1413K/6019K, paused 1ms+1ms
D/DataSource_M3U8(  744): 
D/DataSource_M3U8(  744): 
D/DataSource_M3U8(  744): 
D/DataSource_M3U8(  744): ============Begin to get playlist !!=====================
D/DataSource_M3U8(  744): 
D/DataSource_M3U8(  744): 
D/dalvikvm( 1505): GC_CONCURRENT freed 499K, 79% free 1307K/6019K, paused 1ms+1ms
D/dalvikvm( 1505): GC_CONCURRENT freed 368K, 76% free 1450K/6019K, paused 1ms+1ms
D/dalvikvm( 1505): GC_CONCURRENT freed 477K, 76% free 1452K/6019K, paused 1ms+1ms
D/dalvikvm( 1505): GC_CONCURRENT freed 513K, 77% free 1407K/6019K, paused 0ms+1ms
D/dalvikvm( 1505): GC_CONCURRENT freed 475K, 77% free 1444K/6019K, paused 1ms+1ms
D/dalvikvm( 1505): GC_CONCURRENT freed 497K, 78% free 1375K/6019K, paused 2ms+2ms
D/dalvikvm( 1505): GC_CONCURRENT freed 437K, 78% free 1333K/6019K, paused 1ms+1ms
D/DataSource_M3U8(  744): 
D/DataSource_M3U8(  744):  Warnig:: No Enough data in buffer...
I//lib/ld-linux.so.3(  748): Blocking Read: 30021, size: 0x0.
D/HTTPStream(  744): receive_line return error:-268435448
D/HTTPStream(  744): receive header fail
D/DataSource_M3U8(  744): 
D/DataSource_M3U8(  744): 
D/DataSource_M3U8(  744): 
D/DataSource_M3U8(  744): ============Begin to get playlist !!=====================
D/DataSource_M3U8(  744): 
D/DataSource_M3U8(  744): 
D/CheckNetWork( 1752): isOk true
D/CheckNetWork( 1752): ActInfoNetworkInfo: type: WIFI[], state: CONNECTED/CONNECTED, reason: (unspecified), extra: (none), roaming: false, failover: false, isAvailable: true
D/CheckNetWork( 1752): infoNetworkInfo: type: WIFI[], state: CONNECTED/CONNECTED, reason: (unspecified), extra: (none), roaming: false, failover: false, isAvailable: true
D/dalvikvm( 1505): GC_CONCURRENT freed 411K, 79% free 1320K/6019K, paused 1ms+1ms
D/HTTPStream(  744): receive_line return error:-268435448
D/HTTPStream(  744): receive header fail
D/dalvikvm( 1505): GC_CONCURRENT freed 405K, 78% free 1327K/6019K, paused 1ms+1ms
D/dalvikvm( 1505): GC_CONCURRENT freed 409K, 79% free 1313K/6019K, paused 1ms+1ms
D/DataSource_M3U8(  744): ----------UpdatePlaylistThread runing... 
D/DataSource_M3U8(  744): 
D/DataSource_M3U8(  744): 
D/DataSource_M3U8(  744): 
D/DataSource_M3U8(  744): ============Begin to get playlist !!=====================
D/DataSource_M3U8(  744): 
D/DataSource_M3U8(  744): 
D/dalvikvm( 1505): GC_CONCURRENT freed 392K, 79% free 1313K/6019K, paused 1ms+1ms
D/dalvikvm( 1505): GC_CONCURRENT freed 392K, 79% free 1313K/6019K, paused 1ms+2ms
D/dalvikvm( 1505): GC_CONCURRENT freed 393K, 79% free 1314K/6019K, paused 1ms+1ms
D/dalvikvm( 1505): GC_CONCURRENT freed 394K, 79% free 1314K/6019K, paused 1ms+1ms
D/HTTPStream(  744): receive_line return error:-268435448
D/HTTPStream(  744): receive header fail
D/dalvikvm( 1505): GC_CONCURRENT freed 392K, 79% free 1314K/6019K, paused 1ms+1ms
D/dalvikvm( 1505): GC_CONCURRENT freed 392K, 79% free 1314K/6019K, paused 1ms+1ms
D/DataSource_M3U8(  744): 
D/DataSource_M3U8(  744): 
D/DataSource_M3U8(  744): 
D/DataSource_M3U8(  744): ============Begin to get playlist !!=====================
D/DataSource_M3U8(  744): 
D/DataSource_M3U8(  744): 
D/dalvikvm( 1505): GC_CONCURRENT freed 403K, 79% free 1311K/6019K, paused 1ms+1ms
D/dalvikvm( 1505): GC_CONCURRENT freed 392K, 79% free 1311K/6019K, paused 1ms+1ms
D/dalvikvm( 1505): GC_CONCURRENT freed 359K, 78% free 1343K/6019K, paused 1ms+2ms
D/HomePlayerLib( 1505): hostaddress count is 1
D/dalvikvm( 1505): GC_CONCURRENT freed 444K, 77% free 1406K/6019K, paused 1ms+1ms
D/dalvikvm( 1505): GC_CONCURRENT freed 500K, 79% free 1289K/6019K, paused 1ms+1ms
D/dalvikvm( 1505): GC_CONCURRENT freed 417K, 76% free 1455K/6019K, paused 1ms+1ms
D/dalvikvm( 1505): GC_CONCURRENT freed 529K, 79% free 1320K/6019K, paused 1ms+1ms
D/dalvikvm( 1505): GC_CONCURRENT freed 395K, 77% free 1432K/6019K, paused 1ms+1ms
D/dalvikvm( 1505): GC_CONCURRENT freed 505K, 79% free 1316K/6019K, paused 1ms+2ms
D/dalvikvm( 1505): GC_CONCURRENT freed 381K, 78% free 1337K/6019K, paused 1ms+1ms
D/dalvikvm( 1505): GC_CONCURRENT freed 408K, 77% free 1439K/6019K, paused 1ms+1ms
D/dalvikvm( 1505): GC_CONCURRENT freed 511K, 77% free 1417K/6019K, paused 1ms+5ms
D/dalvikvm( 1505): GC_CONCURRENT freed 477K, 78% free 1333K/6019K, paused 1ms+1ms
D/dalvikvm( 1505): GC_CONCURRENT freed 394K, 78% free 1332K/6019K, paused 1ms+1ms
D/dalvikvm( 1505): GC_CONCURRENT freed 404K, 77% free 1404K/6019K, paused 1ms+1ms
D/dalvikvm( 1505): GC_CONCURRENT freed 477K, 77% free 1427K/6019K, paused 0ms+2ms
D/HTTPStream(  744): receive_line return error:-268435448
D/HTTPStream(  744): receive header fail
D/DataSource_M3U8(  744): 
D/DataSource_M3U8(  744): 
D/DataSource_M3U8(  744): 
D/DataSource_M3U8(  744): ============Begin to get playlist !!=====================
D/DataSource_M3U8(  744): 
D/DataSource_M3U8(  744): 
D/HTTPStream(  744): receive_line return error:-268435448
D/HTTPStream(  744): receive header fail
D/dalvikvm( 1505): GC_CONCURRENT freed 506K, 79% free 1316K/6019K, paused 1ms+1ms
D/dalvikvm( 1505): GC_CONCURRENT freed 395K, 79% free 1314K/6019K, paused 1ms+1ms
D/DataSource_M3U8(  744): 
D/DataSource_M3U8(  744): 
D/DataSource_M3U8(  744): 
D/DataSource_M3U8(  744): ============Begin to get playlist !!=====================
D/DataSource_M3U8(  744): 
D/DataSource_M3U8(  744): 
D/dalvikvm( 1505): GC_CONCURRENT freed 401K, 77% free 1418K/6019K, paused 1ms+1ms
D/dalvikvm( 1505): GC_CONCURRENT freed 512K, 77% free 1413K/6019K, paused 1ms+1ms
D/dalvikvm( 1505): GC_CONCURRENT freed 507K, 79% free 1305K/6019K, paused 1ms+1ms
D/HTTPStream(  744): receive_line return error:-268435448
D/HTTPStream(  744): receive header fail
D/dalvikvm( 1505): GC_CONCURRENT freed 385K, 77% free 1421K/6019K, paused 1ms+1ms
D/dalvikvm( 1505): GC_CONCURRENT freed 504K, 78% free 1343K/6019K, paused 1ms+1ms
D/DataSource_M3U8(  744): 
D/DataSource_M3U8(  744): 
D/DataSource_M3U8(  744): 
D/DataSource_M3U8(  744): ============Begin to get playlist !!=====================
D/DataSource_M3U8(  744): 
D/DataSource_M3U8(  744): 
D/dalvikvm( 1505): GC_CONCURRENT freed 436K, 79% free 1302K/6019K, paused 1ms+1ms
D/DataSource_M3U8(  744): 
D/DataSource_M3U8(  744):  connect Server :cibn-iss1.longvisionmedia.com
D/dalvikvm( 1505): GC_CONCURRENT freed 389K, 79% free 1312K/6019K, paused 1ms+1ms
D/HomePlayerLib( 1505): hostaddress count is 1
D/dalvikvm( 1505): GC_CONCURRENT freed 423K, 77% free 1401K/6019K, paused 1ms+1ms
D/dalvikvm( 1505): GC_CONCURRENT freed 486K, 77% free 1400K/6019K, paused 1ms+1ms
D/dalvikvm( 1505): GC_CONCURRENT freed 471K, 79% free 1320K/6019K, paused 1ms+1ms
D/dalvikvm( 1505): GC_CONCURRENT freed 402K, 79% free 1305K/6019K, paused 3ms+1ms
D/dalvikvm( 1505): GC_CONCURRENT freed 395K, 77% free 1396K/6019K, paused 0ms+1ms
D/dalvikvm( 1505): GC_CONCURRENT freed 487K, 77% free 1442K/6019K, paused 1ms+1ms
D/dalvikvm( 1505): GC_CONCURRENT freed 525K, 78% free 1333K/6019K, paused 2ms+1ms
D/dalvikvm( 1505): GC_CONCURRENT freed 415K, 78% free 1329K/6019K, paused 1ms+1ms
D/dalvikvm( 1505): GC_CONCURRENT freed 398K, 78% free 1346K/6019K, paused 1ms+2ms
D/DataSource_M3U8(  744): parseM3U8 .......!
D/DataSource_M3U8(  744): 
D/DataSource_M3U8(  744):  do not update  mediaSequence : 0   url = http://cibn-iss1.longvisionmedia.com:8088/vod/GA   
D/DataSource_M3U8(  744): [M3U8] file: NULL line 
D/DataSource_M3U8(  744): HLS=====>> Live Stream!!!!
D/DataSource_M3U8(  744): 
D/DataSource_M3U8(  744): 
D/DataSource_M3U8(  744): 
D/DataSource_M3U8(  744): ============Begin to get playlist !!=====================
D/DataSource_M3U8(  744): 
D/DataSource_M3U8(  744): 
D/HTTPStream(  744): receive_line return error:-268435448
D/HTTPStream(  744): receive header fail
D/DataSource_M3U8(  744): 
D/DataSource_M3U8(  744): 
D/DataSource_M3U8(  744): 
D/DataSource_M3U8(  744): ============Begin to get playlist !!=====================
D/DataSource_M3U8(  744): 
D/DataSource_M3U8(  744): 
D/dalvikvm( 1505): GC_CONCURRENT freed 436K, 79% free 1303K/6019K, paused 1ms+1ms
D/dalvikvm( 1505): GC_CONCURRENT freed 397K, 79% free 1301K/6019K, paused 1ms+1ms
D/HTTPStream(  744): receive_line return error:-268435448
D/HTTPStream(  744): receive header fail
D/DataSource_M3U8(  744): 
D/DataSource_M3U8(  744): 
D/DataSource_M3U8(  744): 
D/DataSource_M3U8(  744): ============Begin to get playlist !!=====================
D/DataSource_M3U8(  744): 
D/DataSource_M3U8(  744): 
D/dalvikvm( 1505): GC_CONCURRENT freed 393K, 79% free 1309K/6019K, paused 1ms+2ms
D/dalvikvm( 1505): GC_CONCURRENT freed 405K, 77% free 1397K/6019K, paused 1ms+1ms
D/dalvikvm( 1505): GC_CONCURRENT freed 475K, 79% free 1315K/6019K, paused 1ms+1ms
D/dalvikvm( 1505): GC_CONCURRENT freed 393K, 79% free 1314K/6019K, paused 1ms+1ms
D/dalvikvm( 1505): GC_CONCURRENT freed 400K, 79% free 1313K/6019K, paused 1ms+1ms
D/HomePlayerLib( 1505): hostaddress count is 1
D/dalvikvm( 1505): GC_CONCURRENT freed 417K, 77% free 1395K/6019K, paused 1ms+1ms
D/dalvikvm( 1505): GC_CONCURRENT freed 476K, 77% free 1427K/6019K, paused 1ms+1ms
D/dalvikvm( 1505): GC_CONCURRENT freed 495K, 79% free 1316K/6019K, paused 1ms+1ms
D/dalvikvm( 1505): GC_CONCURRENT freed 392K, 77% free 1401K/6019K, paused 1ms+1ms
D/DataSource_M3U8(  744): 
D/DataSource_M3U8(  744):  Warnig:: No Enough data in buffer...
I//lib/ld-linux.so.3(  748): Blocking Read: 30021, size: 0x0.
D/dalvikvm( 1505): GC_CONCURRENT freed 470K, 77% free 1435K/6019K, paused 0ms+1ms
D/dalvikvm( 1505): GC_CONCURRENT freed 503K, 79% free 1323K/6019K, paused 1ms+1ms
D/dalvikvm( 1505): GC_CONCURRENT freed 386K, 78% free 1372K/6019K, paused 1ms+1ms
D/dalvikvm( 1505): GC_CONCURRENT freed 438K, 77% free 1439K/6019K, paused 1ms+1ms
D/dalvikvm( 1505): GC_CONCURRENT freed 504K, 78% free 1332K/6019K, paused 1ms+1ms
D/HTTPStream(  744): receive_line return error:-268435448
D/HTTPStream(  744): receive header fail
D/dalvikvm( 1505): GC_CONCURRENT freed 396K, 78% free 1353K/6019K, paused 4ms+1ms
D/dalvikvm( 1505): GC_CONCURRENT freed 404K, 75% free 1537K/6019K, paused 2ms+1ms
D/dalvikvm( 1505): GC_CONCURRENT freed 595K, 78% free 1341K/6019K, paused 1ms+1ms
D/DataSource_M3U8(  744): 
D/DataSource_M3U8(  744): 
D/DataSource_M3U8(  744): 
D/DataSource_M3U8(  744): ============Begin to get playlist !!=====================
D/DataSource_M3U8(  744): 
D/DataSource_M3U8(  744): 
D/DataSource_M3U8(  744): 
D/DataSource_M3U8(  744):  connect Server :cibn-iss1.longvisionmedia.com
D/dalvikvm( 1505): GC_CONCURRENT freed 407K, 77% free 1404K/6019K, paused 1ms+1ms
D/dalvikvm( 1505): GC_CONCURRENT freed 477K, 77% free 1428K/6019K, paused 1ms+1ms
D/dalvikvm( 1505): GC_CONCURRENT freed 489K, 78% free 1334K/6019K, paused 1ms+1ms
D/DataSource_M3U8(  744): parseM3U8 .......!
D/DataSource_M3U8(  744): 
D/DataSource_M3U8(  744):  do not update  mediaSequence : 0   url = http://cibn-iss1.longvisionmedia.com:8088/vod/GA   
D/DataSource_M3U8(  744): [M3U8] file: NULL line 
D/DataSource_M3U8(  744): HLS=====>> Live Stream!!!!
D/DataSource_M3U8(  744): 
D/DataSource_M3U8(  744): 
D/DataSource_M3U8(  744): 
D/DataSource_M3U8(  744): ============Begin to get playlist !!=====================
D/DataSource_M3U8(  744): 
D/DataSource_M3U8(  744): 
D/HTTPStream(  744): receive_line return error:-268435448
D/HTTPStream(  744): receive header fail
D/dalvikvm( 1505): GC_CONCURRENT freed 433K, 79% free 1298K/6019K, paused 1ms+2ms
D/dalvikvm( 1505): GC_CONCURRENT freed 377K, 79% free 1315K/6019K, paused 1ms+1ms
D/dalvikvm( 1505): GC_CONCURRENT freed 396K, 79% free 1313K/6019K, paused 1ms+1ms
D/DataSource_M3U8(  744): ----------UpdatePlaylistThread runing... 
D/DataSource_M3U8(  744): 
D/DataSource_M3U8(  744): 
D/DataSource_M3U8(  744): 
D/DataSource_M3U8(  744): ============Begin to get playlist !!=====================
D/DataSource_M3U8(  744): 
D/DataSource_M3U8(  744): 
D/dalvikvm( 1505): GC_CONCURRENT freed 393K, 79% free 1313K/6019K, paused 1ms+1ms
D/dalvikvm( 1505): GC_CONCURRENT freed 394K, 79% free 1314K/6019K, paused 1ms+2ms
D/dalvikvm( 1505): GC_CONCURRENT freed 394K, 77% free 1420K/6019K, paused 1ms+1ms
D/HTTPStream(  744): receive_line return error:-268435448
D/HTTPStream(  744): receive header fail
D/DataSource_M3U8(  744): 
D/DataSource_M3U8(  744): 
D/DataSource_M3U8(  744): 
D/DataSource_M3U8(  744): ============Begin to get playlist !!=====================
D/DataSource_M3U8(  744): 
D/DataSource_M3U8(  744): 
D/dalvikvm( 1505): GC_CONCURRENT freed 512K, 79% free 1292K/6019K, paused 1ms+1ms
D/dalvikvm( 1505): GC_CONCURRENT freed 380K, 79% free 1315K/6019K, paused 0ms+1ms
D/dalvikvm( 1505): GC_CONCURRENT freed 395K, 77% free 1395K/6019K, paused 1ms+1ms
D/dalvikvm( 1505): GC_CONCURRENT freed 485K, 79% free 1300K/6019K, paused 1ms+1ms
D/HomePlayerLib( 1505): hostaddress count is 1
D/dalvikvm( 1505): GC_CONCURRENT freed 388K, 79% free 1312K/6019K, paused 1ms+1ms
D/dalvikvm( 1505): GC_CONCURRENT freed 409K, 79% free 1287K/6019K, paused 1ms+2ms
D/dalvikvm( 1505): GC_CONCURRENT freed 379K, 79% free 1293K/6019K, paused 1ms+1ms
D/dalvikvm( 1505): GC_CONCURRENT freed 364K, 78% free 1331K/6019K, paused 1ms+1ms
D/dalvikvm( 1505): GC_CONCURRENT freed 392K, 75% free 1514K/6019K, paused 1ms+2ms
D/dalvikvm( 1505): GC_CONCURRENT freed 578K, 78% free 1348K/6019K, paused 1ms+2ms
D/dalvikvm( 1505): GC_CONCURRENT freed 406K, 78% free 1336K/6019K, paused 1ms+2ms
D/dalvikvm( 1505): GC_CONCURRENT freed 396K, 78% free 1335K/6019K, paused 1ms+1ms
D/dalvikvm( 1505): GC_CONCURRENT freed 398K, 77% free 1414K/6019K, paused 1ms+1ms
D/dalvikvm( 1505): GC_CONCURRENT freed 474K, 77% free 1420K/6019K, paused 1ms+1ms
D/HTTPStream(  744): receive_line return error:-268435448
D/HTTPStream(  744): receive header fail
D/DataSource_M3U8(  744): 
D/DataSource_M3U8(  744): 
D/DataSource_M3U8(  744): 
D/DataSource_M3U8(  744): ============Begin to get playlist !!=====================
D/DataSource_M3U8(  744): 
D/DataSource_M3U8(  744): 
D/HTTPStream(  744): receive_line return error:-268435448
D/HTTPStream(  744): receive header fail
D/dalvikvm( 1505): GC_CONCURRENT freed 503K, 79% free 1304K/6019K, paused 0ms+1ms
D/DataSource_M3U8(  744): 
D/DataSource_M3U8(  744): 
D/DataSource_M3U8(  744): 
D/DataSource_M3U8(  744): ============Begin to get playlist !!=====================
D/DataSource_M3U8(  744): 
D/DataSource_M3U8(  744): 
D/dalvikvm( 1505): GC_CONCURRENT freed 397K, 79% free 1301K/6019K, paused 1ms+1ms
D/DataSource_M3U8(  744): 
D/DataSource_M3U8(  744):  connect Server :cibn-iss1.longvisionmedia.com
D/dalvikvm( 1505): GC_CONCURRENT freed 394K, 79% free 1300K/6019K, paused 0ms+1ms
D/dalvikvm( 1505): GC_CONCURRENT freed 393K, 79% free 1301K/6019K, paused 1ms+2ms
D/dalvikvm( 1505): GC_CONCURRENT freed 394K, 79% free 1301K/6019K, paused 1ms+1ms
D/DataSource_M3U8(  744): parseM3U8 .......!
D/DataSource_M3U8(  744): 
D/DataSource_M3U8(  744):  do not update  mediaSequence : 0   url = http://cibn-iss1.longvisionmedia.com:8088/vod/GA   
D/DataSource_M3U8(  744): [M3U8] file: NULL line 
D/DataSource_M3U8(  744): HLS=====>> Live Stream!!!!
D/DataSource_M3U8(  744): 
D/DataSource_M3U8(  744): 
D/DataSource_M3U8(  744): 
D/DataSource_M3U8(  744): ============Begin to get playlist !!=====================
D/DataSource_M3U8(  744): 
D/DataSource_M3U8(  744): 
D/dalvikvm( 1505): GC_CONCURRENT freed 405K, 77% free 1401K/6019K, paused 1ms+1ms
D/dalvikvm( 1505): GC_CONCURRENT freed 485K, 79% free 1303K/6019K, paused 1ms+1ms
D/dalvikvm( 1505): GC_CONCURRENT freed 397K, 79% free 1300K/6019K, paused 0ms+1ms
D/dalvikvm( 1505): GC_CONCURRENT freed 392K, 79% free 1301K/6019K, paused 1ms+1ms
D/dalvikvm( 1505): GC_CONCURRENT freed 390K, 79% free 1311K/6019K, paused 1ms+1ms
D/HomePlayerLib( 1505): hostaddress count is 1
D/dalvikvm( 1505): GC_CONCURRENT freed 504K, 79% free 1313K/6019K, paused 1ms+1ms
D/dalvikvm( 1505): GC_CONCURRENT freed 388K, 77% free 1434K/6019K, paused 1ms+1ms
D/dalvikvm( 1505): GC_CONCURRENT freed 519K, 77% free 1413K/6019K, paused 2ms+1ms
D/dalvikvm( 1505): GC_CONCURRENT freed 489K, 77% free 1433K/6019K, paused 1ms+1ms
D/dalvikvm( 1505): GC_CONCURRENT freed 522K, 79% free 1296K/6019K, paused 1ms+1ms
D/dalvikvm( 1505): GC_CONCURRENT freed 364K, 79% free 1317K/6019K, paused 1ms+1ms
D/dalvikvm( 1505): GC_CONCURRENT freed 392K, 79% free 1318K/6019K, paused 1ms+1ms
D/dalvikvm( 1505): GC_CONCURRENT freed 406K, 79% free 1316K/6019K, paused 1ms+1ms
D/dalvikvm( 1505): GC_CONCURRENT freed 396K, 79% free 1314K/6019K, paused 1ms+1ms
D/HTTPStream(  744): receive_line return error:-268435448
D/HTTPStream(  744): receive header fail
D/dalvikvm( 1505): GC_CONCURRENT freed 390K, 77% free 1431K/6019K, paused 1ms+1ms
D/dalvikvm( 1505): GC_CONCURRENT freed 499K, 79% free 1321K/6019K, paused 0ms+1ms
D/dalvikvm( 1505): GC_CONCURRENT freed 398K, 79% free 1308K/6019K, paused 1ms+1ms
D/DataSource_M3U8(  744): 
D/DataSource_M3U8(  744): 
D/DataSource_M3U8(  744): 
D/DataSource_M3U8(  744): ============Begin to get playlist !!=====================
D/DataSource_M3U8(  744): 
D/DataSource_M3U8(  744): 
D/dalvikvm( 1505): GC_CONCURRENT freed 375K, 78% free 1329K/6019K, paused 1ms+1ms
D/dalvikvm( 1505): GC_CONCURRENT freed 396K, 79% free 1319K/6019K, paused 1ms+1ms
D/dalvikvm( 1505): GC_CONCURRENT freed 394K, 79% free 1319K/6019K, paused 1ms+1ms
D/dalvikvm( 1505): GC_CONCURRENT freed 394K, 79% free 1319K/6019K, paused 1ms+1ms
D/dalvikvm( 1505): GC_CONCURRENT freed 389K, 78% free 1330K/6019K, paused 1ms+1ms
D/HTTPStream(  744): receive_line return error:-268435448
D/HTTPStream(  744): receive header fail
D/DataSource_M3U8(  744): 
D/DataSource_M3U8(  744): 
D/DataSource_M3U8(  744): 
D/DataSource_M3U8(  744): ============Begin to get playlist !!=====================
D/DataSource_M3U8(  744): 
D/DataSource_M3U8(  744): 
D/dalvikvm( 1505): GC_CONCURRENT freed 399K, 78% free 1326K/6019K, paused 1ms+1ms
D/dalvikvm( 1505): GC_CONCURRENT freed 428K, 78% free 1335K/6019K, paused 1ms+1ms
D/dalvikvm( 1505): GC_CONCURRENT freed 419K, 79% free 1302K/6019K, paused 1ms+1ms
D/dalvikvm( 1505): GC_CONCURRENT freed 396K, 77% free 1409K/6019K, paused 1ms+1ms
D/dalvikvm( 1505): GC_CONCURRENT freed 488K, 79% free 1314K/6019K, paused 0ms+1ms
D/HTTPStream(  744): receive_line return error:-268435448
D/HTTPStream(  744): receive header fail
D/DataSource_M3U8(  744): 
D/DataSource_M3U8(  744):  Warnig:: No Enough data in buffer...
I//lib/ld-linux.so.3(  748): Blocking Read: 30020, size: 0x0.
D/DataSource_M3U8(  744): 
D/DataSource_M3U8(  744): 
D/DataSource_M3U8(  744): 
D/DataSource_M3U8(  744): ============Begin to get playlist !!=====================
D/DataSource_M3U8(  744): 
D/DataSource_M3U8(  744): 
D/dalvikvm( 1505): GC_CONCURRENT freed 393K, 77% free 1401K/6019K, paused 1ms+1ms
D/dalvikvm( 1505): GC_CONCURRENT freed 486K, 78% free 1328K/6019K, paused 1ms+1ms
D/dalvikvm( 1505): GC_CONCURRENT freed 420K, 78% free 1340K/6019K, paused 1ms+1ms
D/HomePlayerLib( 1505): hostaddress count is 1
D/dalvikvm( 1505): GC_CONCURRENT freed 407K, 75% free 1558K/6019K, paused 1ms+1ms
D/dalvikvm( 1505): GC_CONCURRENT freed 652K, 77% free 1411K/6019K, paused 1ms+1ms
D/dalvikvm( 1505): GC_CONCURRENT freed 502K, 79% free 1318K/6019K, paused 0ms+1ms
D/CheckNetWork( 1752): isOk true
D/CheckNetWork( 1752): ActInfoNetworkInfo: type: WIFI[], state: CONNECTED/CONNECTED, reason: (unspecified), extra: (none), roaming: false, failover: false, isAvailable: true
D/CheckNetWork( 1752): infoNetworkInfo: type: WIFI[], state: CONNECTED/CONNECTED, reason: (unspecified), extra: (none), roaming: false, failover: false, isAvailable: true
D/dalvikvm( 1505): GC_CONCURRENT freed 403K, 77% free 1424K/6019K, paused 2ms+1ms
D/dalvikvm( 1505): GC_CONCURRENT freed 512K, 78% free 1331K/6019K, paused 1ms+1ms
D/dalvikvm( 1505): GC_CONCURRENT freed 392K, 76% free 1450K/6019K, paused 1ms+1ms
D/dalvikvm( 1505): GC_CONCURRENT freed 515K, 77% free 1395K/6019K, paused 1ms+1ms
D/dalvikvm( 1505): GC_CONCURRENT freed 468K, 79% free 1323K/6019K, paused 1ms+1ms
D/dalvikvm( 1505): GC_CONCURRENT freed 384K, 78% free 1332K/6019K, paused 1ms+1ms
D/HTTPStream(  744): receive_line return error:-268435448
D/HTTPStream(  744): receive header fail
D/DataSource_M3U8(  744): 
D/DataSource_M3U8(  744): 
D/DataSource_M3U8(  744): 
D/DataSource_M3U8(  744): ============Begin to get playlist !!=====================
D/DataSource_M3U8(  744): 
D/DataSource_M3U8(  744): 
D/DataSource_M3U8(  744): 
D/DataSource_M3U8(  744):  connect Server :cibn-iss1.longvisionmedia.com
D/DataSource_M3U8(  744): parseM3U8 .......!
D/DataSource_M3U8(  744): 
D/DataSource_M3U8(  744):  do not update  mediaSequence : 0   url = http://cibn-iss1.longvisionmedia.com:8088/vod/GA   
D/DataSource_M3U8(  744): [M3U8] file: NULL line 
D/DataSource_M3U8(  744): HLS=====>> Live Stream!!!!
D/DataSource_M3U8(  744): ----------UpdatePlaylistThread runing... 
D/DataSource_M3U8(  744): 
D/DataSource_M3U8(  744): 
D/DataSource_M3U8(  744): 
D/DataSource_M3U8(  744): ============Begin to get playlist !!=====================
D/DataSource_M3U8(  744): 
D/DataSource_M3U8(  744): 
D/DataSource_M3U8(  744): 
D/DataSource_M3U8(  744):  connect Server :cibn-iss1.longvisionmedia.com
D/dalvikvm( 1505): GC_CONCURRENT freed 421K, 78% free 1329K/6019K, paused 1ms+1ms
D/dalvikvm( 1505): GC_CONCURRENT freed 409K, 76% free 1451K/6019K, paused 1ms+1ms
D/DataSource_M3U8(  744): parseM3U8 .......!
D/DataSource_M3U8(  744): 
D/DataSource_M3U8(  744):  do not update  mediaSequence : 0   url = http://cibn-iss1.longvisionmedia.com:8088/vod/GA   
D/DataSource_M3U8(  744): [M3U8] file: NULL line 
D/DataSource_M3U8(  744): HLS=====>> Live Stream!!!!
D/dalvikvm( 1505): GC_CONCURRENT freed 542K, 78% free 1375K/6019K, paused 1ms+1ms
D/dalvikvm( 1505): GC_CONCURRENT freed 459K, 77% free 1385K/6019K, paused 1ms+1ms
D/DataSource_M3U8(  744): 
D/DataSource_M3U8(  744): 
D/DataSource_M3U8(  744): 
D/DataSource_M3U8(  744): ============Begin to get playlist !!=====================
D/DataSource_M3U8(  744): 
D/DataSource_M3U8(  744): 
D/DataSource_M3U8(  744): 
D/DataSource_M3U8(  744):  connect Server :cibn-iss1.longvisionmedia.com
D/DataSource_M3U8(  744): parseM3U8 .......!
D/DataSource_M3U8(  744): 
D/DataSource_M3U8(  744):  do not update  mediaSequence : 0   url = http://cibn-iss1.longvisionmedia.com:8088/vod/GA   
D/DataSource_M3U8(  744): [M3U8] file: NULL line 
D/DataSource_M3U8(  744): HLS=====>> Live Stream!!!!
D/DataSource_M3U8(  744): 
D/DataSource_M3U8(  744): 
D/DataSource_M3U8(  744): 
D/DataSource_M3U8(  744): ============Begin to get playlist !!=====================
D/DataSource_M3U8(  744): 
D/DataSource_M3U8(  744): 
D/DataSource_M3U8(  744): 
D/DataSource_M3U8(  744):  connect Server :cibn-iss1.longvisionmedia.com
D/DataSource_M3U8(  744): parseM3U8 .......!
D/DataSource_M3U8(  744): 
D/DataSource_M3U8(  744):  do not update  mediaSequence : 0   url = http://cibn-iss1.longvisionmedia.com:8088/vod/GA   
D/DataSource_M3U8(  744): [M3U8] file: NULL line 
D/DataSource_M3U8(  744): HLS=====>> Live Stream!!!!
D/dalvikvm( 1505): GC_CONCURRENT freed 476K, 78% free 1327K/6019K, paused 1ms+1ms
D/dalvikvm( 1505): GC_CONCURRENT freed 406K, 79% free 1314K/6019K, paused 1ms+1ms
D/dalvikvm( 1505): GC_CONCURRENT freed 407K, 78% free 1382K/6019K, paused 1ms+1ms
D/HomePlayerLib( 1505): hostaddress count is 1
D/DataSource_M3U8(  744): 
D/DataSource_M3U8(  744): 
D/DataSource_M3U8(  744): 
D/DataSource_M3U8(  744): ============Begin to get playlist !!=====================
D/DataSource_M3U8(  744): 
D/DataSource_M3U8(  744): 
D/dalvikvm( 1505): GC_CONCURRENT freed 459K, 77% free 1434K/6019K, paused 1ms+0ms
D/dalvikvm( 1505): GC_CONCURRENT freed 529K, 79% free 1288K/6019K, paused 1ms+1ms
D/dalvikvm( 1505): GC_CONCURRENT freed 366K, 77% free 1403K/6019K, paused 1ms+1ms
D/dalvikvm( 1505): GC_CONCURRENT freed 483K, 79% free 1307K/6019K, paused 1ms+1ms
D/dalvikvm( 1505): GC_CONCURRENT freed 387K, 79% free 1309K/6019K, paused 1ms+1ms
D/dalvikvm( 1505): GC_CONCURRENT freed 376K, 77% free 1403K/6019K, paused 1ms+1ms
D/dalvikvm( 1505): GC_CONCURRENT freed 465K, 78% free 1337K/6019K, paused 1ms+1ms
D/dalvikvm( 1505): GC_CONCURRENT freed 393K, 78% free 1336K/6019K, paused 1ms+1ms
