W/System.err( 1260):    at com.coship.cibn.MainActivity.access$1600(MainActivity.java:121)
W/System.err( 1260):    at com.coship.cibn.MainActivity$3.run(MainActivity.java:768)
W/System.err( 1260):    at java.lang.Thread.run(Thread.java:856)
W/System.err( 1260): Caused by: libcore.io.GaiException: getaddrinfo failed: EAI_NODATA (No address associated with hostname)
W/System.err( 1260):    at libcore.io.Posix.getaddrinfo(Native Method)
W/System.err( 1260):    at libcore.io.ForwardingOs.getaddrinfo(ForwardingOs.java:55)
W/System.err( 1260):    at java.net.InetAddress.lookupHostByName(InetAddress.java:411)
W/System.err( 1260):    ... 13 more
I/MainActivity( 1260): Can't Connect to PortalMS-Server!  Address: http://cibn-iepg.longvisionmedia.com:8881
D/UploadCheckerService( 1412): Can't Connect to CIBN_SERVER_PATH!  Address: http://tms.cibntest.ysten.com:8080/
D/UploadCheckerService( 1412): Can't Connect to CIBN_SERVER_PATH!  retryTime is : 142
D/dalvikvm( 1503): GC_CONCURRENT freed 404K, 78% free 1304K/5827K, paused 1ms+1ms
D/HomePlayerLib( 1503): hostaddress count is 1
D/dalvikvm( 1503): GC_CONCURRENT freed 387K, 78% free 1308K/5827K, paused 1ms+1ms
D/dalvikvm( 1503): GC_CONCURRENT freed 400K, 78% free 1307K/5827K, paused 1ms+1ms
D/dalvikvm( 1503): GC_CONCURRENT freed 403K, 76% free 1411K/5827K, paused 1ms+1ms
D/dalvikvm( 1503): GC_CONCURRENT freed 500K, 78% free 1303K/5827K, paused 1ms+2ms
D/dalvikvm( 1503): GC_CONCURRENT freed 393K, 78% free 1308K/5827K, paused 1ms+1ms
D/dalvikvm( 1503): GC_CONCURRENT freed 391K, 78% free 1310K/5827K, paused 1ms+1ms
D/dalvikvm( 1503): GC_CONCURRENT freed 382K, 78% free 1330K/5827K, paused 1ms+1ms
D/dalvikvm( 1503): GC_CONCURRENT freed 413K, 78% free 1311K/5827K, paused 1ms+2ms
D/dalvikvm( 1503): GC_CONCURRENT freed 396K, 78% free 1309K/5827K, paused 1ms+1ms
W/System.err( 1260): java.net.UnknownHostException: Unable to resolve host "cibn-iepg.longvisionmedia.com": No address associated with hostname
W/System.err( 1260):    at java.net.InetAddress.lookupHostByName(InetAddress.java:400)
W/System.err( 1260):    at java.net.InetAddress.getAllByNameImpl(InetAddress.java:242)
W/System.err( 1260):    at java.net.InetAddress.getAllByName(InetAddress.java:220)
W/System.err( 1260):    at org.apache.http.impl.conn.DefaultClientConnectionOperator.openConnection(DefaultClientConnectionOperator.java:137)
W/System.err( 1260):    at org.apache.http.impl.conn.AbstractPoolEntry.open(AbstractPoolEntry.java:164)
W/System.err( 1260):    at org.apache.http.impl.conn.AbstractPooledConnAdapter.open(AbstractPooledConnAdapter.java:119)
W/System.err( 1260):    at org.apache.http.impl.client.DefaultRequestDirector.execute(DefaultRequestDirector.java:360)
W/System.err( 1260):    at org.apache.http.impl.client.AbstractHttpClient.execute(AbstractHttpClient.java:555)
W/System.err( 1260):    at org.apache.http.impl.client.AbstractHttpClient.execute(AbstractHttpClient.java:487)
W/System.err( 1260):    at org.apache.http.impl.client.AbstractHttpClient.execute(AbstractHttpClient.java:465)
W/System.err( 1260):    at com.coship.cibn.MainActivity.isConnectToServerByHttp(MainActivity.java:803)
W/System.err( 1260):    at com.coship.cibn.MainActivity.access$1600(MainActivity.java:121)
W/System.err( 1260):    at com.coship.cibn.MainActivity$3.run(MainActivity.java:768)
W/System.err( 1260):    at java.lang.Thread.run(Thread.java:856)
I/MainActivity( 1260): Can't Connect to PortalMS-Server!  Address: http://cibn-iepg.longvisionmedia.com:8881
D/dalvikvm( 1503): GC_CONCURRENT freed 392K, 78% free 1324K/5827K, paused 1ms+1ms
D/dalvikvm( 1503): GC_CONCURRENT freed 419K, 78% free 1297K/5827K, paused 0ms+0ms
D/dalvikvm( 1503): GC_CONCURRENT freed 393K, 78% free 1289K/5827K, paused 0ms+0ms
D/dalvikvm( 1503): GC_CONCURRENT freed 366K, 78% free 1309K/5827K, paused 0ms+1ms
D/dalvikvm( 1503): GC_CONCURRENT freed 393K, 78% free 1310K/5827K, paused 0ms+1ms
D/dalvikvm( 1503): GC_CONCURRENT freed 393K, 78% free 1310K/5827K, paused 1ms+1ms
W/System.err( 1260): java.net.UnknownHostException: Unable to resolve host "cibn-iepg.longvisionmedia.com": No address associated with hostname
W/System.err( 1260):    at java.net.InetAddress.lookupHostByName(InetAddress.java:400)
W/System.err( 1260):    at java.net.InetAddress.getAllByNameImpl(InetAddress.java:242)
W/System.err( 1260):    at java.net.InetAddress.getAllByName(InetAddress.java:220)
W/System.err( 1260):    at org.apache.http.impl.conn.DefaultClientConnectionOperator.openConnection(DefaultClientConnectionOperator.java:137)
W/System.err( 1260):    at org.apache.http.impl.conn.AbstractPoolEntry.open(AbstractPoolEntry.java:164)
W/System.err( 1260):    at org.apache.http.impl.conn.AbstractPooledConnAdapter.open(AbstractPooledConnAdapter.java:119)
W/System.err( 1260):    at org.apache.http.impl.client.DefaultRequestDirector.execute(DefaultRequestDirector.java:360)
W/System.err( 1260):    at org.apache.http.impl.client.AbstractHttpClient.execute(AbstractHttpClient.java:555)
W/System.err( 1260):    at org.apache.http.impl.client.AbstractHttpClient.execute(AbstractHttpClient.java:487)
W/System.err( 1260):    at org.apache.http.impl.client.AbstractHttpClient.execute(AbstractHttpClient.java:465)
W/System.err( 1260):    at com.coship.cibn.MainActivity.isConnectToServerByHttp(MainActivity.java:803)
W/System.err( 1260):    at com.coship.cibn.MainActivity.access$1600(MainActivity.java:121)
W/System.err( 1260):    at com.coship.cibn.MainActivity$3.run(MainActivity.java:768)
W/System.err( 1260):    at java.lang.Thread.run(Thread.java:856)
I/MainActivity( 1260): Can't Connect to PortalMS-Server!  Address: http://cibn-iepg.longvisionmedia.com:8881
W/System.err( 1260): java.net.UnknownHostException: Unable to resolve host "cibn-iepg.longvisionmedia.com": No address associated with hostname
W/System.err( 1260):    at java.net.InetAddress.lookupHostByName(InetAddress.java:426)
W/System.err( 1260):    at java.net.InetAddress.getAllByNameImpl(InetAddress.java:242)
W/System.err( 1260):    at java.net.InetAddress.getAllByName(InetAddress.java:220)
W/System.err( 1260):    at org.apache.http.impl.conn.DefaultClientConnectionOperator.openConnection(DefaultClientConnectionOperator.java:137)
W/System.err( 1260):    at org.apache.http.impl.conn.AbstractPoolEntry.open(AbstractPoolEntry.java:164)
W/System.err( 1260):    at org.apache.http.impl.conn.AbstractPooledConnAdapter.open(AbstractPooledConnAdapter.java:119)
W/System.err( 1260):    at org.apache.http.impl.client.DefaultRequestDirector.execute(DefaultRequestDirector.java:360)
W/System.err( 1260):    at org.apache.http.impl.client.AbstractHttpClient.execute(AbstractHttpClient.java:555)
W/System.err( 1260):    at org.apache.http.impl.client.AbstractHttpClient.execute(AbstractHttpClient.java:487)
W/System.err( 1260):    at org.apache.http.impl.client.AbstractHttpClient.execute(AbstractHttpClient.java:465)
W/System.err( 1260):    at com.coship.cibn.MainActivity.isConnectToServerByHttp(MainActivity.java:803)
W/System.err( 1260):    at com.coship.cibn.MainActivity.access$1600(MainActivity.java:121)
W/System.err( 1260):    at com.coship.cibn.MainActivity$3.run(MainActivity.java:768)
W/System.err( 1260):    at java.lang.Thread.run(Thread.java:856)
W/System.err( 1260): Caused by: libcore.io.GaiException: getaddrinfo failed: EAI_NODATA (No address associated with hostname)
W/System.err( 1260):    at libcore.io.Posix.getaddrinfo(Native Method)
W/System.err( 1260):    at libcore.io.ForwardingOs.getaddrinfo(ForwardingOs.java:55)
W/System.err( 1260):    at java.net.InetAddress.lookupHostByName(InetAddress.java:411)
W/System.err( 1260):    ... 13 more
I/MainActivity( 1260): Can't Connect to PortalMS-Server!  Address: http://cibn-iepg.longvisionmedia.com:8881
D/UploadCheckerService( 1412): Can't Connect to CIBN_SERVER_PATH!  Address: http://tms.cibntest.ysten.com:8080/
D/UploadCheckerService( 1412): Can't Connect to CIBN_SERVER_PATH!  retryTime is : 143
D/dalvikvm( 1503): GC_CONCURRENT freed 410K, 78% free 1320K/5827K, paused 1ms+1ms
D/HomePlayerLib( 1503): hostaddress count is 1
D/dalvikvm( 1503): GC_CONCURRENT freed 415K, 78% free 1303K/5827K, paused 1ms+1ms
D/dalvikvm( 1503): GC_CONCURRENT freed 388K, 78% free 1308K/5827K, paused 0ms+1ms
D/dalvikvm( 1503): GC_CONCURRENT freed 405K, 78% free 1312K/5827K, paused 1ms+1ms
D/dalvikvm( 1503): GC_CONCURRENT freed 390K, 78% free 1314K/5827K, paused 1ms+1ms
D/dalvikvm( 1503): GC_CONCURRENT freed 393K, 78% free 1313K/5827K, paused 1ms+1ms
D/dalvikvm( 1503): GC_CONCURRENT freed 401K, 78% free 1311K/5827K, paused 1ms+2ms
D/dalvikvm( 1503): GC_CONCURRENT freed 408K, 78% free 1312K/5827K, paused 1ms+1ms
D/dalvikvm( 1503): GC_CONCURRENT freed 392K, 78% free 1314K/5827K, paused 1ms+1ms
D/dalvikvm( 1503): GC_CONCURRENT freed 393K, 78% free 1314K/5827K, paused 1ms+2ms
D/dalvikvm( 1503): GC_CONCURRENT freed 406K, 78% free 1311K/5827K, paused 1ms+2ms
W/System.err( 1260): java.net.UnknownHostException: Unable to resolve host "cibn-iepg.longvisionmedia.com": No address associated with hostname
W/System.err( 1260):    at java.net.InetAddress.lookupHostByName(InetAddress.java:400)
W/System.err( 1260):    at java.net.InetAddress.getAllByNameImpl(InetAddress.java:242)
W/System.err( 1260):    at java.net.InetAddress.getAllByName(InetAddress.java:220)
W/System.err( 1260):    at org.apache.http.impl.conn.DefaultClientConnectionOperator.openConnection(DefaultClientConnectionOperator.java:137)
W/System.err( 1260):    at org.apache.http.impl.conn.AbstractPoolEntry.open(AbstractPoolEntry.java:164)
W/System.err( 1260):    at org.apache.http.impl.conn.AbstractPooledConnAdapter.open(AbstractPooledConnAdapter.java:119)
W/System.err( 1260):    at org.apache.http.impl.client.DefaultRequestDirector.execute(DefaultRequestDirector.java:360)
W/System.err( 1260):    at org.apache.http.impl.client.AbstractHttpClient.execute(AbstractHttpClient.java:555)
W/System.err( 1260):    at org.apache.http.impl.client.AbstractHttpClient.execute(AbstractHttpClient.java:487)
W/System.err( 1260):    at org.apache.http.impl.client.AbstractHttpClient.execute(AbstractHttpClient.java:465)
W/System.err( 1260):    at com.coship.cibn.MainActivity.isConnectToServerByHttp(MainActivity.java:803)
W/System.err( 1260):    at com.coship.cibn.MainActivity.access$1600(MainActivity.java:121)
W/System.err( 1260):    at com.coship.cibn.MainActivity$3.run(MainActivity.java:768)
W/System.err( 1260):    at java.lang.Thread.run(Thread.java:856)
I/MainActivity( 1260): Can't Connect to PortalMS-Server!  Address: http://cibn-iepg.longvisionmedia.com:8881
D/dalvikvm( 1503): GC_CONCURRENT freed 394K, 78% free 1309K/5827K, paused 0ms+1ms
D/dalvikvm( 1503): GC_CONCURRENT freed 392K, 77% free 1355K/5827K, paused 1ms+1ms
D/dalvikvm( 1503): GC_CONCURRENT freed 443K, 78% free 1298K/5827K, paused 1ms+1ms
D/dalvikvm( 1503): GC_CONCURRENT freed 396K, 78% free 1296K/5827K, paused 1ms+1ms
D/dalvikvm( 1503): GC_CONCURRENT freed 394K, 78% free 1296K/5827K, paused 1ms+1ms
W/System.err( 1260): java.net.UnknownHostException: Unable to resolve host "cibn-iepg.longvisionmedia.com": No address associated with hostname
W/System.err( 1260):    at java.net.InetAddress.lookupHostByName(InetAddress.java:400)
W/System.err( 1260):    at java.net.InetAddress.getAllByNameImpl(InetAddress.java:242)
W/System.err( 1260):    at java.net.InetAddress.getAllByName(InetAddress.java:220)
W/System.err( 1260):    at org.apache.http.impl.conn.DefaultClientConnectionOperator.openConnection(DefaultClientConnectionOperator.java:137)
W/System.err( 1260):    at org.apache.http.impl.conn.AbstractPoolEntry.open(AbstractPoolEntry.java:164)
W/System.err( 1260):    at org.apache.http.impl.conn.AbstractPooledConnAdapter.open(AbstractPooledConnAdapter.java:119)
W/System.err( 1260):    at org.apache.http.impl.client.DefaultRequestDirector.execute(DefaultRequestDirector.java:360)
W/System.err( 1260):    at org.apache.http.impl.client.AbstractHttpClient.execute(AbstractHttpClient.java:555)
W/System.err( 1260):    at org.apache.http.impl.client.AbstractHttpClient.execute(AbstractHttpClient.java:487)
W/System.err( 1260):    at org.apache.http.impl.client.AbstractHttpClient.execute(AbstractHttpClient.java:465)
W/System.err( 1260):    at com.coship.cibn.MainActivity.isConnectToServerByHttp(MainActivity.java:803)
W/System.err( 1260):    at com.coship.cibn.MainActivity.access$1600(MainActivity.java:121)
W/System.err( 1260):    at com.coship.cibn.MainActivity$3.run(MainActivity.java:768)
W/System.err( 1260):    at java.lang.Thread.run(Thread.java:856)
I/MainActivity( 1260): Can't Connect to PortalMS-Server!  Address: http://cibn-iepg.longvisionmedia.com:8881
D/dalvikvm( 1503): GC_CONCURRENT freed 389K, 78% free 1306K/5827K, paused 1ms+1ms
D/HomePlayerLib( 1503): hostaddress count is 1
D/dalvikvm( 1503): GC_CONCURRENT freed 401K, 76% free 1402K/5827K, paused 1ms+1ms
D/UploadCheckerService( 1412): Can't Connect to CIBN_SERVER_PATH!  Address: http://tms.cibntest.ysten.com:8080/
D/UploadCheckerService( 1412): Can't Connect to CIBN_SERVER_PATH!  retryTime is : 144
D/dalvikvm( 1503): GC_CONCURRENT freed 494K, 76% free 1414K/5827K, paused 1ms+1ms
D/dalvikvm( 1503): GC_CONCURRENT freed 485K, 77% free 1396K/5827K, paused 1ms+1ms
D/dalvikvm( 1503): GC_CONCURRENT freed 546K, 78% free 1288K/5827K, paused 1ms+1ms
D/dalvikvm( 1503): GC_CONCURRENT freed 371K, 78% free 1309K/5827K, paused 1ms+1ms
D/dalvikvm( 1503): GC_CONCURRENT freed 394K, 78% free 1300K/5827K, paused 1ms+1ms
D/dalvikvm( 1503): GC_CONCURRENT freed 387K, 78% free 1324K/5827K, paused 1ms+1ms
W/System.err( 1260): java.net.UnknownHostException: Unable to resolve host "cibn-iepg.longvisionmedia.com": No address associated with hostname
W/System.err( 1260):    at java.net.InetAddress.lookupHostByName(InetAddress.java:426)
W/System.err( 1260):    at java.net.InetAddress.getAllByNameImpl(InetAddress.java:242)
W/System.err( 1260):    at java.net.InetAddress.getAllByName(InetAddress.java:220)
W/System.err( 1260):    at org.apache.http.impl.conn.DefaultClientConnectionOperator.openConnection(DefaultClientConnectionOperator.java:137)
W/System.err( 1260):    at org.apache.http.impl.conn.AbstractPoolEntry.open(AbstractPoolEntry.java:164)
W/System.err( 1260):    at org.apache.http.impl.conn.AbstractPooledConnAdapter.open(AbstractPooledConnAdapter.java:119)
W/System.err( 1260):    at org.apache.http.impl.client.DefaultRequestDirector.execute(DefaultRequestDirector.java:360)
W/System.err( 1260):    at org.apache.http.impl.client.AbstractHttpClient.execute(AbstractHttpClient.java:555)
W/System.err( 1260):    at org.apache.http.impl.client.AbstractHttpClient.execute(AbstractHttpClient.java:487)
W/System.err( 1260):    at org.apache.http.impl.client.AbstractHttpClient.execute(AbstractHttpClient.java:465)
W/System.err( 1260):    at com.coship.cibn.MainActivity.isConnectToServerByHttp(MainActivity.java:803)
W/System.err( 1260):    at com.coship.cibn.MainActivity.access$1600(MainActivity.java:121)
W/System.err( 1260):    at com.coship.cibn.MainActivity$3.run(MainActivity.java:768)
W/System.err( 1260):    at java.lang.Thread.run(Thread.java:856)
W/System.err( 1260): Caused by: libcore.io.GaiException: getaddrinfo failed: EAI_NODATA (No address associated with hostname)
W/System.err( 1260):    at libcore.io.Posix.getaddrinfo(Native Method)
W/System.err( 1260):    at libcore.io.ForwardingOs.getaddrinfo(ForwardingOs.java:55)
W/System.err( 1260):    at java.net.InetAddress.lookupHostByName(InetAddress.java:411)
W/System.err( 1260):    ... 13 more
I/MainActivity( 1260): Can't Connect to PortalMS-Server!  Address: http://cibn-iepg.longvisionmedia.com:8881
D/dalvikvm( 1503): GC_CONCURRENT freed 411K, 78% free 1314K/5827K, paused 0ms+2ms
D/dalvikvm( 1503): GC_CONCURRENT freed 406K, 78% free 1311K/5827K, paused 1ms+1ms
D/dalvikvm( 1503): GC_CONCURRENT freed 394K, 78% free 1309K/5827K, paused 1ms+1ms
D/dalvikvm( 1503): GC_CONCURRENT freed 392K, 78% free 1310K/5827K, paused 1ms+1ms
D/dalvikvm( 1503): GC_CONCURRENT freed 393K, 78% free 1310K/5827K, paused 1ms+1ms
D/dalvikvm( 1503): GC_CONCURRENT freed 403K, 78% free 1307K/5827K, paused 1ms+1ms
D/dalvikvm( 1503): GC_CONCURRENT freed 396K, 78% free 1305K/5827K, paused 0ms+1ms
W/System.err( 1260): java.net.UnknownHostException: Unable to resolve host "cibn-iepg.longvisionmedia.com": No address associated with hostname
W/System.err( 1260):    at java.net.InetAddress.lookupHostByName(InetAddress.java:400)
W/System.err( 1260):    at java.net.InetAddress.getAllByNameImpl(InetAddress.java:242)
W/System.err( 1260):    at java.net.InetAddress.getAllByName(InetAddress.java:220)
W/System.err( 1260):    at org.apache.http.impl.conn.DefaultClientConnectionOperator.openConnection(DefaultClientConnectionOperator.java:137)
W/System.err( 1260):    at org.apache.http.impl.conn.AbstractPoolEntry.open(AbstractPoolEntry.java:164)
W/System.err( 1260):    at org.apache.http.impl.conn.AbstractPooledConnAdapter.open(AbstractPooledConnAdapter.java:119)
W/System.err( 1260):    at org.apache.http.impl.client.DefaultRequestDirector.execute(DefaultRequestDirector.java:360)
W/System.err( 1260):    at org.apache.http.impl.client.AbstractHttpClient.execute(AbstractHttpClient.java:555)
W/System.err( 1260):    at org.apache.http.impl.client.AbstractHttpClient.execute(AbstractHttpClient.java:487)
W/System.err( 1260):    at org.apache.http.impl.client.AbstractHttpClient.execute(AbstractHttpClient.java:465)
W/System.err( 1260):    at com.coship.cibn.MainActivity.isConnectToServerByHttp(MainActivity.java:803)
W/System.err( 1260):    at com.coship.cibn.MainActivity.access$1600(MainActivity.java:121)
W/System.err( 1260):    at com.coship.cibn.MainActivity$3.run(MainActivity.java:768)
W/System.err( 1260):    at java.lang.Thread.run(Thread.java:856)
I/MainActivity( 1260): Can't Connect to PortalMS-Server!  Address: http://cibn-iepg.longvisionmedia.com:8881
D/dalvikvm( 1503): GC_CONCURRENT freed 404K, 77% free 1391K/5827K, paused 1ms+1ms
D/dalvikvm( 1503): GC_CONCURRENT freed 473K, 77% free 1397K/5827K, paused 1ms+1ms
D/dalvikvm( 1503): GC_CONCURRENT freed 485K, 76% free 1408K/5827K, paused 1ms+1ms
D/dalvikvm( 1503): GC_CONCURRENT freed 501K, 78% free 1295K/5827K, paused 1ms+1ms
D/dalvikvm( 1503): GC_CONCURRENT freed 392K, 78% free 1288K/5827K, paused 2ms+1ms
D/dalvikvm( 1503): GC_CONCURRENT freed 366K, 78% free 1309K/5827K, paused 0ms+1ms
W/System.err( 1260): java.net.UnknownHostException: Unable to resolve host "cibn-iepg.longvisionmedia.com": No address associated with hostname
W/System.err( 1260):    at java.net.InetAddress.lookupHostByName(InetAddress.java:400)
W/System.err( 1260):    at java.net.InetAddress.getAllByNameImpl(InetAddress.java:242)
W/System.err( 1260):    at java.net.InetAddress.getAllByName(InetAddress.java:220)
W/System.err( 1260):    at org.apache.http.impl.conn.DefaultClientConnectionOperator.openConnection(DefaultClientConnectionOperator.java:137)
W/System.err( 1260):    at org.apache.http.impl.conn.AbstractPoolEntry.open(AbstractPoolEntry.java:164)
W/System.err( 1260):    at org.apache.http.impl.conn.AbstractPooledConnAdapter.open(AbstractPooledConnAdapter.java:119)
W/System.err( 1260):    at org.apache.http.impl.client.DefaultRequestDirector.execute(DefaultRequestDirector.java:360)
W/System.err( 1260):    at org.apache.http.impl.client.AbstractHttpClient.execute(AbstractHttpClient.java:555)
W/System.err( 1260):    at org.apache.http.impl.client.AbstractHttpClient.execute(AbstractHttpClient.java:487)
W/System.err( 1260):    at org.apache.http.impl.client.AbstractHttpClient.execute(AbstractHttpClient.java:465)
W/System.err( 1260):    at com.coship.cibn.MainActivity.isConnectToServerByHttp(MainActivity.java:803)
W/System.err( 1260):    at com.coship.cibn.MainActivity.access$1600(MainActivity.java:121)
W/System.err( 1260):    at com.coship.cibn.MainActivity$3.run(MainActivity.java:768)
W/System.err( 1260):    at java.lang.Thread.run(Thread.java:856)
I/MainActivity( 1260): Can't Connect to PortalMS-Server!  Address: http://cibn-iepg.longvisionmedia.com:8881
D/PushMsgCenter( 1723): mDownUpRun run while (true)
D/PushMsgCenter( 1723): down  
W/System.err( 1723): java.net.UnknownHostException: Unable to resolve host "vitv.voicecloud.cn": No address associated with hostname
W/System.err( 1723):    at java.net.InetAddress.lookupHostByName(InetAddress.java:426)
W/System.err( 1723):    at java.net.InetAddress.getAllByNameImpl(InetAddress.java:242)
W/System.err( 1723):    at java.net.InetAddress.getAllByName(InetAddress.java:220)
W/System.err( 1723):    at libcore.net.http.HttpConnection.<init>(HttpConnection.java:71)
W/System.err( 1723):    at libcore.net.http.HttpConnection.<init>(HttpConnection.java:50)
W/System.err( 1723):    at libcore.net.http.HttpConnection$Address.connect(HttpConnection.java:351)
W/System.err( 1723):    at libcore.net.http.HttpConnectionPool.get(HttpConnectionPool.java:86)
W/System.err( 1723):    at libcore.net.http.HttpConnection.connect(HttpConnection.java:128)
W/System.err( 1723):    at libcore.net.http.HttpEngine.openSocketConnection(HttpEngine.java:308)
W/System.err( 1723):    at libcore.net.http.HttpEngine.connect(HttpEngine.java:303)
W/System.err( 1723):    at libcore.net.http.HttpEngine.sendSocketRequest(HttpEngine.java:282)
W/System.err( 1723):    at libcore.net.http.HttpEngine.sendRequest(HttpEngine.java:232)
W/System.err( 1723):    at libcore.net.http.HttpURLConnectionImpl.getResponse(HttpURLConnectionImpl.java:273)
W/System.err( 1723):    at libcore.net.http.HttpURLConnectionImpl.getResponseCode(HttpURLConnectionImpl.java:479)
W/System.err( 1723):    at com.iflytek.push.PushMsgCenter.down(PushMsgCenter.java:270)
W/System.err( 1723):    at com.iflytek.push.PushMsgCenter.access$500(PushMsgCenter.java:37)
W/System.err( 1723):    at com.iflytek.push.PushMsgCenter$2.run(PushMsgCenter.java:175)
W/System.err( 1723):    at java.lang.Thread.run(Thread.java:856)
W/System.err( 1723): Caused by: libcore.io.GaiException: getaddrinfo failed: EAI_NODATA (No address associated with hostname)
W/System.err( 1723):    at libcore.io.Posix.getaddrinfo(Native Method)
W/System.err( 1723):    at libcore.io.ForwardingOs.getaddrinfo(ForwardingOs.java:55)
W/System.err( 1723):    at java.net.InetAddress.lookupHostByName(InetAddress.java:411)
W/System.err( 1723):    ... 17 more
D/dalvikvm( 1503): GC_CONCURRENT freed 403K, 78% free 1295K/5827K, paused 1ms+1ms
D/HomePlayerLib( 1503): hostaddress count is 1
D/dalvikvm( 1503): GC_CONCURRENT freed 395K, 78% free 1290K/5827K, paused 1ms+1ms
D/dalvikvm( 1503): GC_CONCURRENT freed 364K, 76% free 1437K/5827K, paused 1ms+1ms
D/UploadCheckerService( 1412): Can't Connect to CIBN_SERVER_PATH!  Address: http://tms.cibntest.ysten.com:8080/
D/UploadCheckerService( 1412): Can't Connect to CIBN_SERVER_PATH!  retryTime is : 145
D/dalvikvm( 1503): GC_CONCURRENT freed 511K, 76% free 1437K/5827K, paused 1ms+1ms
D/dalvikvm( 1503): GC_CONCURRENT freed 523K, 78% free 1302K/5827K, paused 0ms+1ms
D/dalvikvm( 1503): GC_CONCURRENT freed 395K, 76% free 1414K/5827K, paused 1ms+1ms
D/dalvikvm( 1503): GC_CONCURRENT freed 486K, 78% free 1315K/5827K, paused 1ms+1ms
D/dalvikvm( 1503): GC_CONCURRENT freed 406K, 78% free 1311K/5827K, paused 1ms+1ms
D/dalvikvm( 1503): GC_CONCURRENT freed 395K, 78% free 1310K/5827K, paused 1ms+2ms
D/dalvikvm( 1503): GC_CONCURRENT freed 393K, 78% free 1310K/5827K, paused 1ms+1ms
D/CheckNetWork( 1756): isOk true
D/CheckNetWork( 1756): ActInfoNetworkInfo: type: ETH[], state: CONNECTED/CONNECTED, reason: (unspecified), extra: (none), roaming: false, failover: false, isAvailable: true
D/CheckNetWork( 1756): infoNetworkInfo: type: ETH[], state: CONNECTED/CONNECTED, reason: (unspecified), extra: (none), roaming: false, failover: false, isAvailable: true
W/System.err( 1260): java.net.UnknownHostException: Unable to resolve host "cibn-iepg.longvisionmedia.com": No address associated with hostname
W/System.err( 1260):    at java.net.InetAddress.lookupHostByName(InetAddress.java:426)
W/System.err( 1260):    at java.net.InetAddress.getAllByNameImpl(InetAddress.java:242)
W/System.err( 1260):    at java.net.InetAddress.getAllByName(InetAddress.java:220)
W/System.err( 1260):    at org.apache.http.impl.conn.DefaultClientConnectionOperator.openConnection(DefaultClientConnectionOperator.java:137)
W/System.err( 1260):    at org.apache.http.impl.conn.AbstractPoolEntry.open(AbstractPoolEntry.java:164)
W/System.err( 1260):    at org.apache.http.impl.conn.AbstractPooledConnAdapter.open(AbstractPooledConnAdapter.java:119)
W/System.err( 1260):    at org.apache.http.impl.client.DefaultRequestDirector.execute(DefaultRequestDirector.java:360)
W/System.err( 1260):    at org.apache.http.impl.client.AbstractHttpClient.execute(AbstractHttpClient.java:555)
W/System.err( 1260):    at org.apache.http.impl.client.AbstractHttpClient.execute(AbstractHttpClient.java:487)
W/System.err( 1260):    at org.apache.http.impl.client.AbstractHttpClient.execute(AbstractHttpClient.java:465)
W/System.err( 1260):    at com.coship.cibn.MainActivity.isConnectToServerByHttp(MainActivity.java:803)
W/System.err( 1260):    at com.coship.cibn.MainActivity.access$1600(MainActivity.java:121)
W/System.err( 1260):    at com.coship.cibn.MainActivity$3.run(MainActivity.java:768)
W/System.err( 1260):    at java.lang.Thread.run(Thread.java:856)
W/System.err( 1260): Caused by: libcore.io.GaiException: getaddrinfo failed: EAI_NODATA (No address associated with hostname)
W/System.err( 1260):    at libcore.io.Posix.getaddrinfo(Native Method)
W/System.err( 1260):    at libcore.io.ForwardingOs.getaddrinfo(ForwardingOs.java:55)
W/System.err( 1260):    at java.net.InetAddress.lookupHostByName(InetAddress.java:411)
W/System.err( 1260):    ... 13 more
I/MainActivity( 1260): Can't Connect to PortalMS-Server!  Address: http://cibn-iepg.longvisionmedia.com:8881
D/dalvikvm( 1503): GC_CONCURRENT freed 400K, 78% free 1323K/5827K, paused 1ms+2ms
D/dalvikvm( 1503): GC_CONCURRENT freed 409K, 78% free 1310K/5827K, paused 1ms+1ms
D/dalvikvm( 1503): GC_CONCURRENT freed 394K, 77% free 1395K/5827K, paused 1ms+1ms
D/dalvikvm( 1503): GC_CONCURRENT freed 484K, 78% free 1296K/5827K, paused 1ms+1ms
D/HomePlayerLib( 1503): hostaddress count is 1
D/dalvikvm( 1503): GC_CONCURRENT freed 388K, 77% free 1358K/5827K, paused 1ms+1ms
D/dalvikvm( 1503): GC_CONCURRENT freed 454K, 76% free 1416K/5827K, paused 0ms+1ms
W/System.err( 1260): java.net.UnknownHostException: Unable to resolve host "cibn-iepg.longvisionmedia.com": No address associated with hostname
W/System.err( 1260):    at java.net.InetAddress.lookupHostByName(InetAddress.java:400)
W/System.err( 1260):    at java.net.InetAddress.getAllByNameImpl(InetAddress.java:242)
W/System.err( 1260):    at java.net.InetAddress.getAllByName(InetAddress.java:220)
W/System.err( 1260):    at org.apache.http.impl.conn.DefaultClientConnectionOperator.openConnection(DefaultClientConnectionOperator.java:137)
W/System.err( 1260):    at org.apache.http.impl.conn.AbstractPoolEntry.open(AbstractPoolEntry.java:164)
W/System.err( 1260):    at org.apache.http.impl.conn.AbstractPooledConnAdapter.open(AbstractPooledConnAdapter.java:119)
W/System.err( 1260):    at org.apache.http.impl.client.DefaultRequestDirector.execute(DefaultRequestDirector.java:360)
W/System.err( 1260):    at org.apache.http.impl.client.AbstractHttpClient.execute(AbstractHttpClient.java:555)
W/System.err( 1260):    at org.apache.http.impl.client.AbstractHttpClient.execute(AbstractHttpClient.java:487)
W/System.err( 1260):    at org.apache.http.impl.client.AbstractHttpClient.execute(AbstractHttpClient.java:465)
W/System.err( 1260):    at com.coship.cibn.MainActivity.isConnectToServerByHttp(MainActivity.java:803)
W/System.err( 1260):    at com.coship.cibn.MainActivity.access$1600(MainActivity.java:121)
W/System.err( 1260):    at com.coship.cibn.MainActivity$3.run(MainActivity.java:768)
W/System.err( 1260):    at java.lang.Thread.run(Thread.java:856)
I/MainActivity( 1260): Can't Connect to PortalMS-Server!  Address: http://cibn-iepg.longvisionmedia.com:8881
D/dalvikvm( 1503): GC_CONCURRENT freed 584K, 78% free 1327K/5827K, paused 1ms+1ms
D/dalvikvm( 1503): GC_CONCURRENT freed 414K, 76% free 1414K/5827K, paused 1ms+1ms
D/dalvikvm( 1503): GC_CONCURRENT freed 489K, 78% free 1313K/5827K, paused 1ms+1ms
D/dalvikvm( 1503): GC_CONCURRENT freed 392K, 77% free 1396K/5827K, paused 1ms+1ms
D/dalvikvm( 1503): GC_CONCURRENT freed 474K, 78% free 1320K/5827K, paused 1ms+3ms
D/dalvikvm( 1503): GC_CONCURRENT freed 403K, 76% free 1426K/5827K, paused 1ms+1ms
D/dalvikvm( 1503): GC_CONCURRENT freed 501K, 77% free 1395K/5827K, paused 1ms+1ms
D/dalvikvm( 1503): GC_CONCURRENT freed 477K, 77% free 1356K/5827K, paused 0ms+1ms
W/System.err( 1260): java.net.UnknownHostException: Unable to resolve host "cibn-iepg.longvisionmedia.com": No address associated with hostname
W/System.err( 1260):    at java.net.InetAddress.lookupHostByName(InetAddress.java:400)
W/System.err( 1260):    at java.net.InetAddress.getAllByNameImpl(InetAddress.java:242)
W/System.err( 1260):    at java.net.InetAddress.getAllByName(InetAddress.java:220)
W/System.err( 1260):    at org.apache.http.impl.conn.DefaultClientConnectionOperator.openConnection(DefaultClientConnectionOperator.java:137)
W/System.err( 1260):    at org.apache.http.impl.conn.AbstractPoolEntry.open(AbstractPoolEntry.java:164)
W/System.err( 1260):    at org.apache.http.impl.conn.AbstractPooledConnAdapter.open(AbstractPooledConnAdapter.java:119)
W/System.err( 1260):    at org.apache.http.impl.client.DefaultRequestDirector.execute(DefaultRequestDirector.java:360)
W/System.err( 1260):    at org.apache.http.impl.client.AbstractHttpClient.execute(AbstractHttpClient.java:555)
W/System.err( 1260):    at org.apache.http.impl.client.AbstractHttpClient.execute(AbstractHttpClient.java:487)
W/System.err( 1260):    at org.apache.http.impl.client.AbstractHttpClient.execute(AbstractHttpClient.java:465)
W/System.err( 1260):    at com.coship.cibn.MainActivity.isConnectToServerByHttp(MainActivity.java:803)
W/System.err( 1260):    at com.coship.cibn.MainActivity.access$1600(MainActivity.java:121)
W/System.err( 1260):    at com.coship.cibn.MainActivity$3.run(MainActivity.java:768)
W/System.err( 1260):    at java.lang.Thread.run(Thread.java:856)
I/MainActivity( 1260): Can't Connect to PortalMS-Server!  Address: http://cibn-iepg.longvisionmedia.com:8881
D/HomePlayerLib( 1503): hostaddress count is 1
D/dalvikvm( 1503): GC_CONCURRENT freed 452K, 78% free 1303K/5827K, paused 1ms+1ms
D/dalvikvm( 1503): GC_CONCURRENT freed 389K, 78% free 1308K/5827K, paused 1ms+1ms
D/dalvikvm( 1503): GC_CONCURRENT freed 405K, 78% free 1312K/5827K, paused 1ms+1ms
D/dalvikvm( 1503): GC_CONCURRENT freed 390K, 78% free 1314K/5827K, paused 1ms+1ms
D/dalvikvm( 1503): GC_CONCURRENT freed 408K, 78% free 1316K/5827K, paused 1ms+1ms
D/dalvikvm( 1503): GC_CONCURRENT freed 404K, 78% free 1299K/5827K, paused 1ms+1ms
D/UploadCheckerService( 1412): Can't Connect to CIBN_SERVER_PATH!  Address: http://tms.cibntest.ysten.com:8080/
D/UploadCheckerService( 1412): Can't Connect to CIBN_SERVER_PATH!  retryTime is : 146
D/dalvikvm( 1503): GC_CONCURRENT freed 396K, 77% free 1345K/5827K, paused 1ms+1ms
D/dalvikvm( 1503): GC_CONCURRENT freed 423K, 78% free 1315K/5827K, paused 1ms+1ms
D/dalvikvm( 1503): GC_CONCURRENT freed 395K, 78% free 1314K/5827K, paused 0ms+1ms
D/dalvikvm( 1503): GC_CONCURRENT freed 406K, 78% free 1311K/5827K, paused 2ms+1ms
W/System.err( 1260): java.net.UnknownHostException: Unable to resolve host "cibn-iepg.longvisionmedia.com": No address associated with hostname
W/System.err( 1260):    at java.net.InetAddress.lookupHostByName(InetAddress.java:426)
W/System.err( 1260):    at java.net.InetAddress.getAllByNameImpl(InetAddress.java:242)
W/System.err( 1260):    at java.net.InetAddress.getAllByName(InetAddress.java:220)
W/System.err( 1260):    at org.apache.http.impl.conn.DefaultClientConnectionOperator.openConnection(DefaultClientConnectionOperator.java:137)
W/System.err( 1260):    at org.apache.http.impl.conn.AbstractPoolEntry.open(AbstractPoolEntry.java:164)
W/System.err( 1260):    at org.apache.http.impl.conn.AbstractPooledConnAdapter.open(AbstractPooledConnAdapter.java:119)
W/System.err( 1260):    at org.apache.http.impl.client.DefaultRequestDirector.execute(DefaultRequestDirector.java:360)
W/System.err( 1260):    at org.apache.http.impl.client.AbstractHttpClient.execute(AbstractHttpClient.java:555)
W/System.err( 1260):    at org.apache.http.impl.client.AbstractHttpClient.execute(AbstractHttpClient.java:487)
W/System.err( 1260):    at org.apache.http.impl.client.AbstractHttpClient.execute(AbstractHttpClient.java:465)
W/System.err( 1260):    at com.coship.cibn.MainActivity.isConnectToServerByHttp(MainActivity.java:803)
W/System.err( 1260):    at com.coship.cibn.MainActivity.access$1600(MainActivity.java:121)
W/System.err( 1260):    at com.coship.cibn.MainActivity$3.run(MainActivity.java:768)
W/System.err( 1260):    at java.lang.Thread.run(Thread.java:856)
W/System.err( 1260): Caused by: libcore.io.GaiException: getaddrinfo failed: EAI_NODATA (No address associated with hostname)
W/System.err( 1260):    at libcore.io.Posix.getaddrinfo(Native Method)
W/System.err( 1260):    at libcore.io.ForwardingOs.getaddrinfo(ForwardingOs.java:55)
W/System.err( 1260):    at java.net.InetAddress.lookupHostByName(InetAddress.java:411)
W/System.err( 1260):    ... 13 more
I/MainActivity( 1260): Can't Connect to PortalMS-Server!  Address: http://cibn-iepg.longvisionmedia.com:8881
D/dalvikvm( 1503): GC_CONCURRENT freed 405K, 76% free 1407K/5827K, paused 1ms+1ms
D/dalvikvm( 1503): GC_CONCURRENT freed 505K, 76% free 1411K/5827K, paused 1ms+1ms
D/dalvikvm( 1503): GC_CONCURRENT freed 506K, 76% free 1412K/5827K, paused 0ms+1ms
D/dalvikvm( 1503): GC_CONCURRENT freed 488K, 78% free 1311K/5827K, paused 1ms+1ms
D/dalvikvm( 1503): GC_CONCURRENT freed 405K, 78% free 1298K/5827K, paused 0ms+1ms
W/System.err( 1260): java.net.UnknownHostException: Unable to resolve host "cibn-iepg.longvisionmedia.com": No address associated with hostname
W/System.err( 1260):    at java.net.InetAddress.lookupHostByName(InetAddress.java:400)
W/System.err( 1260):    at java.net.InetAddress.getAllByNameImpl(InetAddress.java:242)
W/System.err( 1260):    at java.net.InetAddress.getAllByName(InetAddress.java:220)
W/System.err( 1260):    at org.apache.http.impl.conn.DefaultClientConnectionOperator.openConnection(DefaultClientConnectionOperator.java:137)
W/System.err( 1260):    at org.apache.http.impl.conn.AbstractPoolEntry.open(AbstractPoolEntry.java:164)
W/System.err( 1260):    at org.apache.http.impl.conn.AbstractPooledConnAdapter.open(AbstractPooledConnAdapter.java:119)
W/System.err( 1260):    at org.apache.http.impl.client.DefaultRequestDirector.execute(DefaultRequestDirector.java:360)
W/System.err( 1260):    at org.apache.http.impl.client.AbstractHttpClient.execute(AbstractHttpClient.java:555)
W/System.err( 1260):    at org.apache.http.impl.client.AbstractHttpClient.execute(AbstractHttpClient.java:487)
W/System.err( 1260):    at org.apache.http.impl.client.AbstractHttpClient.execute(AbstractHttpClient.java:465)
W/System.err( 1260):    at com.coship.cibn.MainActivity.isConnectToServerByHttp(MainActivity.java:803)
W/System.err( 1260):    at com.coship.cibn.MainActivity.access$1600(MainActivity.java:121)
W/System.err( 1260):    at com.coship.cibn.MainActivity$3.run(MainActivity.java:768)
W/System.err( 1260):    at java.lang.Thread.run(Thread.java:856)
I/MainActivity( 1260): Can't Connect to PortalMS-Server!  Address: http://cibn-iepg.longvisionmedia.com:8881
