V/DownloadTask( 1264): finishedThreadNum--->0
V/DownloadTask( 1264): mThreadNum--->2
D/NetFirmwareService( 1264): DownloadConstants.TASK_STATUS_RUNNING
D/NetFirmwareService( 1264): MSG_UPDATE_PACKAGE_STATUS_CHANGE
V/NetFirmwareService( 1264): percentValue--->53
D/NetFirmwareService( 1264): Send broadcast of download progress.
V/DownloadThread( 1264): read_bytesRead--->1448
V/DownloadThread( 1264): read_front--->
V/DownloadThread( 1264): read_bytesRead--->1448
V/DownloadThread( 1264): read_front--->
V/DownloadThread( 1264): read_bytesRead--->1448
V/DownloadThread( 1264): read_front--->
V/DownloadThread( 1264): read_bytesRead--->8192
V/DownloadThread( 1264): read_front--->
V/DownloadThread( 1264): read_bytesRead--->8192
V/DownloadThread( 1264): read_front--->
V/DownloadThread( 1264): read_bytesRead--->8192
V/DownloadThread( 1264): read_front--->
V/DownloadThread( 1264): read_bytesRead--->5832
V/DownloadThread( 1264): read_front--->
V/DownloadThread( 1264): read_bytesRead--->1448
V/DownloadThread( 1264): read_front--->
V/DownloadThread( 1264): read_bytesRead--->1448
V/DownloadThread( 1264): read_front--->
V/DownloadThread( 1264): read_bytesRead--->1448
V/DownloadThread( 1264): read_front--->
V/DownloadThread( 1264): read_bytesRead--->1448
V/DownloadThread( 1264): read_front--->
V/DownloadTask( 1264): finishedThreadNum--->0
V/DownloadTask( 1264): mThreadNum--->2
D/NetFirmwareService( 1264): DownloadConstants.TASK_STATUS_RUNNING
D/NetFirmwareService( 1264): MSG_UPDATE_PACKAGE_STATUS_CHANGE
V/NetFirmwareService( 1264): percentValue--->53
D/NetFirmwareService( 1264): Send broadcast of download progress.
V/DownloadThread( 1264): read_bytesRead--->1448
V/DownloadThread( 1264): read_front--->
V/DownloadThread( 1264): read_bytesRead--->1448
V/DownloadThread( 1264): read_front--->
V/DownloadThread( 1264): read_bytesRead--->1448
V/DownloadThread( 1264): read_front--->
V/DownloadThread( 1264): read_bytesRead--->1448
V/DownloadThread( 1264): read_front--->
V/DownloadThread( 1264): read_bytesRead--->1448
V/DownloadThread( 1264): read_front--->
V/DownloadThread( 1264): read_bytesRead--->1448
V/DownloadThread( 1264): read_front--->
V/DownloadThread( 1264): read_bytesRead--->1448
V/DownloadThread( 1264): read_front--->
V/DownloadThread( 1264): read_bytesRead--->1448
V/DownloadThread( 1264): read_front--->

[ 4825.623395] IR: [03932] scan key value is 0xea158000 
[ 4825.623399]  V/DownloadThread( 1264): read_bytesRead--->1448
V/DownloadThread( 1264): read_front--->
V/DownloadTask( 1264): finishedThreadNum--->0
V/DownloadTask( 1264): mThreadNum--->2
D/NetFirmwareService( 1264): DownloadConstants.TASK_STATUS_RUNNING
D/NetFirmwareService( 1264): MSG_UPDATE_PACKAGE_STATUS_CHANGE
V/NetFirmwareService( 1264): percentValue--->53
D/NetFirmwareService( 1264): Send broadcast of download progress.
V/DownloadThread( 1264): read_bytesRead--->1448
V/DownloadThread( 1264): read_front--->
E/fbdev   ( 1020): Attention! GFLIP time out, force update gop ring buffer!

[ 4825.716038] IR: [03932] scan key value is 0xea158000 
[ 4825.716043]  V/DownloadThread( 1264): read_bytesRead--->1448
V/DownloadThread( 1264): read_front--->
E/fbdev   ( 1020): Attention! GFLIP time out, force update gop ring buffer!
V/DownloadThread( 1264): read_bytesRead--->1448
V/DownloadThread( 1264): read_front--->

[ 4825.810911] IR: [03932] scan key value is 0xea158000 
[ 4825.810916]  V/DownloadThread( 1264): read_bytesRead--->1448
V/DownloadThread( 1264): read_front--->

[ 4825.873406] IR: [03932] scan key value is 0xea158000 
[ 4825.873410]  V/DownloadThread( 1264): read_bytesRead--->1448
V/DownloadThread( 1264): read_front--->
V/DownloadThread( 1264): read_bytesRead--->1448
V/DownloadThread( 1264): read_front--->
V/DownloadThread( 1264): read_bytesRead--->1448
V/DownloadThread( 1264): read_fr
[ 4825.985850] IR: [03932] scan key value is 0xea158000 
[ 4825.985854]  ont--->
V/DownloadThread( 1264): read_bytesRead--->1448
V/DownloadThread( 1264): read_front--->

[ 4826.056842] IR: [03932] scan key value is 0xea158000 
[ 4826.056847]  V/DownloadThread( 1264): read_bytesRead--->1448
V/DownloadThread( 1264): read_front--->
V/DownloadThread( 1264): read_bytesRead--->1448
V/DownloadThread( 1264): read_front--->

[ 4826.140250] IR: [03932] scan key value is 0xea158000 
[ 4826.140255]  V/DownloadTask( 1264): finishedThreadNum--->0
V/DownloadTask( 1264): mThreadNum--->2
D/NetFirmwareService( 1264): DownloadConstants.TASK_STATUS_RUNNING
D/NetFirmwareService( 1264): Send broadcast of download progress.
D/NetFirmwareService( 1264): MSG_UPDATE_PACKAGE_STATUS_CHANGE
V/NetFirmwareService( 1264): percentValue--->53
V/DownloadThread( 1264): read_bytesRead--->1448
V/DownloadThread( 1264): read_front--->
I/System.out( 1879): locale ++++++++++++中文 (中国)
E/fbdev   ( 1020): Attention! GFLIP time out, fo
[ 4826.223644] IR: [03932] scan key value is 0xea158000 
[ 4826.223649]  rce update gop ring buffer!
V/DownloadThread( 1264): read_bytesRead--->1448
V/DownloadThread( 1264): read_front--->
V/DownloadThread( 1264): read_bytesRead--->8192
V/DownloadThread( 1264): read_front--->
V/DownloadThread( 1264): read_bytesRead--->8192
V/DownloadThread( 1264): read_front--->
V/DownloadThread( 1264): read_bytesRead--->8192
V/DownloadThread( 1264): read_front--->
V/DownloadThread( 1264): read_bytesRead--->8192
V/DownloadThread( 1264): read_front--->
V/DownloadThread( 1
[ 4826.307044] IR: [03932] scan key value is 0xea158000 
[ 4826.307049]  264): read_bytesRead--->4880
V/DownloadThread( 1264): read_front--->
V/DownloadThread( 1264): read_bytesRead--->1448
V/DownloadThread( 1264): read_front--->
E/fbdev   ( 1020): Attention! GFLIP time out, force update gop ring buffer!
V/DownloadThread( 1264): read_bytesRead--->1448
V/DownloadThread( 1264): read_front--->

[ 4826.390446] IR: [03932] scan key value is 0xea158000 
[ 4826.390452]  E/fbdev   ( 1020): Attention! GFLIP time out, force update gop ring buffer!
V/DownloadThread( 1264): read_bytesRead--->1448
V/DownloadThread( 1264): read_front--->
V/DownloadThread( 1264): read_bytesRead--->1448
V/DownloadThread( 1264): read_front--->
W/System.err( 1234): org.apache.http.conn.HttpHostConnectException: Connection to http://cibn-iepg.longvisionmedia.com:8881 refused
W/System.err( 1234):    at org.apache.http.impl.conn.DefaultClientConnectionOperator.openConnection(DefaultClientConnectionOperator.java:183)
W/System.err( 1234):    at org.a
[ 4826.473838] IR: [03932] scan key value is 0xea158000 
[ 4826.473843]  pache.http.impl.conn.AbstractPoolEntry.open(AbstractPoolEntry.java:164)
W/System.err( 1234):    at org.apache.http.impl.conn.AbstractPooledConnAdapter.open(AbstractPooledConnAdapter.java:119)
W/System.err( 1234):    at org.apache.http.impl.client.DefaultRequestDirector.execute(DefaultRequestDirector.java:360)
W/System.err( 1234):    at org.apache.http.impl.client.AbstractHttpClient.execute(AbstractHttpClient.java:555)
W/System.err( 1234):    at org.apache.http.impl.client.AbstractHttpClient.execute(AbstractHttpClient.java:487)
W/System.err( 1234):    at org.apache.http.impl.client.AbstractHttpClient.execute(AbstractHttpClient.java:465)
W/System.err( 1234):    at com.coship.cibn.MainActivity.isConnectToServerByHttp(MainActivity.java:991)
W/System.err( 1234):    at com.coship.cibn.MainActivity.access$2000(MainActivity.java:137)
W/System.err( 1234):    at com.coship.cibn.MainActivity$4.run(Main
[ 4826.557238] IR: [03932] scan key value is 0xea158000 
[ 4826.557243]  Activity.java:956)
W/System.err( 1234):    at java.lang.Thread.run(Thread.java:856)
W/System.err( 1234): Caused by: java.net.ConnectException: failed to connect to /172.21.11.65 (port 8881) after 10000ms: isConnected failed: ECONNREFUSED (Connection refused)
W/System.err( 1234):    at libcore.io.IoBridge.isConnected(IoBridge.java:214)
W/System.err( 1234):    at libcore.io.IoBridge.connectErrno(IoBridge.java:152)
W/System.err( 1234):    at libcore.io.IoBridge.connect(IoBridge.java:112)
W/System.err( 1234):    at java.net.PlainSocketImpl.connect(PlainSocketImpl.java:192)
W/System.err( 1234):    at java.net.PlainSocketImpl.connect(PlainSocketImpl.java:459)
W/System.err( 1234):    at java.net.Socket.connect(Socket.java:842)
W/System.err( 1234):    at org.apache.http.conn.scheme.PlainSocketFactory.connectSocket(PlainSocketFactory.java:119)
W/System.err( 1234):    at org.apache.htt
[ 4826.640637] IR: [03932] scan key value is 0xea158000 
[ 4826.640642]  p.impl.conn.DefaultClientConnectionOperator.openConnection(DefaultClientConnectionOperator.java:144)
W/System.err( 1234):    ... 10 more
W/System.err( 1234): Caused by: libcore.io.ErrnoException: isConnected failed: ECONNREFUSED (Connection refused)
W/System.err( 1234):    at libcore.io.IoBridge.isConnected(IoBridge.java:201)
W/System.err( 1234):    ... 17 more
I/MainActivity( 1234): Can't Connect to PortalMS-Server!  Address: http://cibn-iepg.longvisionmedia.com:8881
V/DownloadThread( 1264): read_bytesRead--->1448
V/DownloadThread( 1264): read_front--->
V/DownloadThread( 1264): read_bytesRead--->1448
V/DownloadThread( 1264): read_front--->
E/fbdev   ( 1020): Attention! GFLIP time out, force update gop ring buffer!
V/DownloadThread( 1264): read_bytesRead--->1448
V/DownloadThread( 1264): read_front--->
V/DownloadThread( 1264): read_bytesRead--->1448
V/DownloadT
[ 4826.724034] IR: [03932] scan key value is 0xea158000 
[ 4826.724039]  hread( 1264): read_front--->
E/fbdev   ( 1020): Attention! GFLIP time out, force update gop ring buffer!
V/DownloadThread( 1264): read_bytesRead--->1448
V/DownloadThread( 1264): read_front--->
V/DownloadTask( 1264): finishedThreadNum--->0
V/DownloadTask( 1264): mThreadNum--->2
D/NetFirmwareService( 1264): DownloadConstants.TASK_STATUS_RUNNING
D/NetFirmwareService( 1264): MSG_UPDATE_PACKAGE_STATUS_CHANGE
V/NetFirmwareService( 1264): percentValue--->53
D/NetFirmwareService( 1264): Send broadcast of download progress.
V/DownloadThread( 1264): read_bytesRead--->1448
V/DownloadThread( 1264): read_front--->
V/DownloadThread( 1264): read_bytesRead--->1448
V/DownloadThread( 1264): read_front--->
I/System.out( 1879): SystemPropertiesClass--->class android.media.AudioManager
W/System.err( 1879): java.lang.NoSuchMethodException: getBluetoothHeadsetAction []
W/Sys
[ 4826.807441] IR: [03932] scan key value is 0xea158000 
[ 4826.807447]  tem.err( 1879):         at java.lang.Class.getConstructorOrMethod(Class.java:460)
W/System.err( 1879):    at java.lang.Class.getMethod(Class.java:915)
W/System.err( 1879):    at com.coship.dvbsetting.systemsetting.childview.AudioOutput.getPropertiesAction(AudioOutput.java:225)
W/System.err( 1879):    at com.coship.dvbsetting.systemsetting.childview.AudioOutput.show(AudioOutput.java:176)
W/System.err( 1879):    at com.coship.dvbsetting.ExpanItem.clickandselect(ExpanItem.java:199)
W/System.err( 1879):    at com.coship.dvbsetting.ExpanItem.access$000(ExpanItem.java:33)
W/System.err( 1879):    at com.coship.dvbsetting.ExpanItem$onitemselect.onItemSelected(ExpanItem.java:151)
W/System.err( 1879):    at android.widget.AdapterView.fireOnSelected(AdapterView.java:882)
W/System.err( 1879):    at android.widget.AdapterView.access$200(AdapterView.java:48)
W/System.err( 1879):    at android.widg
[ 4826.890828] IR: [03932] scan key value is 0xea158000 
[ 4826.890833]  et.AdapterView$SelectionNotifier.run(AdapterView.java:848)
W/System.err( 1879):    at android.os.Handler.handleCallback(Handler.java:605)
W/System.err( 1879):    at android.os.Handler.dispatchMessage(Handler.java:92)
W/System.err( 1879):    at android.os.Looper.loop(Looper.java:137)
W/System.err( 1879):    at android.app.ActivityThread.main(ActivityThread.java:4424)
W/System.err( 1879):    at java.lang.reflect.Method.invokeNative(Native Method)
W/System.err( 1879):    at java.lang.reflect.Method.invoke(Method.java:511)
W/System.err( 1879):    at com.android.internal.os.ZygoteInit$MethodAndArgsCaller.run(ZygoteInit.java:848)
W/System.err( 1879):    at com.android.internal.os.ZygoteInit.main(ZygoteInit.java:575)
W/System.err( 1879):    at dalvik.system.NativeStart.main(Native Method)
I/System.out( 1879): could not find class
I/System.out( 1879): [AudioOutput]:status--->false
E/fbdev   ( 1020
[ 4826.974266] IR: [03932] scan key value is 0xea158000 
[ 4826.974272]  ): Attention! GFLIP time out, force update gop ring buffer!
V/DownloadThread( 1264): read_bytesRead--->1448
V/DownloadThread( 1264): read_front--->
V/DownloadThread( 1264): read_bytesRead--->1460
V/DownloadThread( 1264): read_front--->
V/DownloadThread( 1264): read_bytesRead--->1448
V/DownloadThread( 1264): read_front--->
E/fbdev   ( 1020): Attention! GFLIP time out, force update gop ring buffer!
I/City    ( 1879): -----------------------parser.getName()--------shenzhen
I/City    ( 1879): -----------------------parser--------深圳
I/City    ( 1879): -----------------------parser.getName()--------wuhan
I/City    ( 1879): -----------------------parser--------武汉
I/City    ( 1879): -----------------------parser.getName()--------beijing
I/City    ( 1879): -----------------------parser--------北京
I/City    ( 1879): -----------------------parser.getName
[ 4827.057628] IR: [03932] scan key value is 0xea158000 
[ 4827.057632]  ()--------nanning
I/City    ( 1879): -----------------------parser--------南宁
V/DownloadThread( 1264): read_bytesRead--->1448
V/DownloadThread( 1264): read_front--->
V/DownloadThread( 1264): read_bytesRead--->1448
V/DownloadThread( 1264): read_front--->
V/DownloadThread( 1264): read_bytesRead--->1448
V/DownloadThread( 1264): read_front--->
V/DownloadThread( 1264): read_bytesRead--->1448
V/DownloadThread( 1264): read_front--->
E/fbdev   ( 1020): Attention! GFLIP time out, force update gop ring buffer!
V/DownloadThread( 1264): read_bytesRead--->1448
V/DownloadThread( 1264): read_front--->
E/fbdev   ( 1020): Attention! GFLIP time out, force update gop ring buffer!
V/DownloadThread( 1264): read_bytesRead--->1448
V/DownloadThread( 1264): read_front--->
V/DownloadThread( 1264): read_bytesRead--->1448
V/DownloadThread( 1264): read_front--->
V/DownloadThr
[ 4827.141067] IR: [03932] scan key value is 0xea158000 
[ 4827.141075]  ead( 1264): read_bytesRead--->1448
V/DownloadTask( 1264): finishedThreadNum--->0
V/DownloadTask( 1264): mThreadNum--->2
D/NetFirmwareService( 1264): DownloadConstants.TASK_STATUS_RUNNING
D/NetFirmwareService( 1264): MSG_UPDATE_PACKAGE_STATUS_CHANGE
V/NetFirmwareService( 1264): percentValue--->53
D/NetFirmwareService( 1264): Send broadcast of download progress.
E/fbdev   ( 1020): Attention! GFLIP time out, force update gop ring buffer!
V/DownloadThread( 1264): read_front--->
V/DownloadThread( 1264): read_bytesRead--->1448
V/DownloadThread( 1264): read_front--->
V/DownloadThread( 1264): read_bytesRead--->1436
V/DownloadThread( 1264): read_front--->

[ 4827.224425] IR: [03932] scan key value is 0xea158000 
[ 4827.224429]  V/DownloadThread( 1264): read_bytesRead--->1448
V/DownloadThread( 1264): read_front--->
V/NetUpdate( 1879): mBindRemote--->true
V/NetUpdate( 1879): Remote Invoke Success!
I/NetUpdate( 1879): --------------show()------------------
E/fbdev   ( 1020): Attention! GFLIP time out, force update gop ring buffer!
V/DownloadThread( 1264): read_bytesRead--->1448
V/DownloadThread( 1264): read_front--->
V/DownloadThread( 1264): read_bytesRead--->1448
V/DownloadThread( 1264): read_front--->

[ 4827.307821] IR: [03932] scan key value is 0xea158000 
[ 4827.307826]  V/DownloadThread( 1264): read_bytesRead--->1448
V/DownloadThread( 1264): read_front--->
I/NetUpdate( 1879): --------------hide()------------------
I/UsbUpdate( 1879): --------------show()------------------
E/fbdev   ( 1020): Attention! GFLIP time out, force update gop ring buffer!
V/DownloadThread( 1264): read_bytesRead--->1448
V/DownloadThread( 1264): read_front--->

[ 4827.391219] IR: [03932] scan key value is 0xea158000 
[ 4827.391223]  V/DownloadThread( 1264): read_bytesRead--->1448
V/DownloadThread( 1264): read_front--->
V/DownloadThread( 1264): read_bytesRead--->1448
V/DownloadThread( 1264): read_front--->

[ 4827.474618] IR: [03932] scan key value is 0xea158000 
[ 4827.474623]  E/fbdev   ( 1020): Attention! GFLIP time out, force update gop ring buffer!
V/DownloadThread( 1264): read_bytesRead--->1448
V/DownloadThread( 1264): read_front--->
V/DownloadThread( 1264): read_bytesRead--->1448
V/DownloadThread( 1264): read_front--->

[ 4827.558019] IR: [03932] scan key value is 0xea158000 
[ 4827.558024]  V/DownloadThread( 1264): read_bytesRead--->1448
V/DownloadThread( 1264): read_front--->
V/DownloadThread( 1264): read_bytesRead--->1448
I/VersionInfo( 1879): ----------------show()-----------------
V/DownloadThread( 1264): read_front--->
E/fbdev   ( 1020): Attention! GFLIP time out, force update gop ring buffer!
V/DownloadThread( 1264): read_bytesRead--->1448
[ 4827.641413] IR: [03932] scan key value is 0xea158000 
[ 4827.641418]  
                V/DownloadThread( 1264): read_front--->
V/DownloadTask( 1264): finishedThreadNum--->0
V/DownloadTask( 1264): mThreadNum--->2
D/NetFirmwareService( 1264): DownloadConstants.TASK_STATUS_RUNNING
D/NetFirmwareService( 1264): MSG_UPDATE_PACKAGE_STATUS_CHANGE
V/NetFirmwareService( 1264): percentValue--->53
D/NetFirmwareService( 1264): Send broadcast of download progress.
V/DownloadThread( 1264): read_bytesRead--->1448
V/DownloadThread( 1264): read_front--->
E/fbdev   ( 1020): Attention! GFLIP time out, force update gop ring buffer!
V/DownloadThread( 1264): read_bytesRead--->1448
V/DownloadThread( 1264): read_fron
[ 4827.724806] IR: [03932] scan key value is 0xea158000 
[ 4827.724812]  t--->
V/DownloadThread( 1264): read_bytesRead--->1448
V/DownloadThread( 1264): read_front--->
V/DownloadThread( 1264): read_bytesRead--->1448
V/DownloadThread( 1264): read_front--->

[ 4827.808217] IR: [03932] scan key value is 0xea158000 
[ 4827.808222]  V/DownloadThread( 1264): read_bytesRead--->1448
V/DownloadThread( 1264): read_front--->
V/DownloadThread( 1264): read_bytesRead--->1448
V/DownloadThread( 1264): read_front--->
V/DownloadThread( 1264): read_bytesRead--->1448
V/DownloadThread( 1264): read_front--->
V/DownloadThread( 1264): read_bytesRead--->1448
V/DownloadThread( 1264): read_front--->
V/DownloadThread( 1264): read_bytesRead--->1448
V/DownloadThread( 1264): read_front--->
V/DownloadThread( 1264): read_bytesRead--->1448
V/DownloadThread( 1264): read_front--->
D/dalvikvm( 1641): GC_CONCURRENT freed 1947K, 21% free 24874K/31363K, paused 2ms+5ms
V/DownloadThread( 1264): read_bytesRead--->1448
V/DownloadThread( 1264): read_front--->
V/DownloadThread( 1264): read_bytesRead--->1448
V/DownloadThread( 1264): read_front--->
V/DownloadThread( 1264): read_bytesRead--->1448
V/DownloadThread( 1264): read_front--->
V/DownloadThread( 1264): read_bytesRead--->1448
V/DownloadThread( 1264): read_front--->
V/DownloadTask( 1264): finishedThreadNum--->0
V/DownloadTask( 1264): mThreadNum--->2
D/NetFirmwareService( 1264): DownloadConstants.TASK_STATUS_RUNNING
D/NetFirmwareService( 1264): MSG_UPDATE_PACKAGE_STATUS_CHANGE
V/NetFirmwareService( 1264): percentValue--->53
D/NetFirmwareService( 1264): Send broadcast of download progress.
V/DownloadThread( 1264): read_bytesRead--->1448
V/DownloadThread( 1264): read_front--->
V/DownloadThread( 1264): read_bytesRead--->1448
V/DownloadThread( 1264): read_front--->
V/DownloadThread( 1264): read_bytesRead--->1448
V/DownloadThread( 1264): read_front--->
V/DownloadThread( 1264): read_bytesRead--->1448
V/DownloadThread( 1264): read_front--->
V/DownloadThread( 1264): read_bytesRead--->1448
V/DownloadThread( 1264): read_front--->
V/DownloadThread( 1264): read_bytesRead--->1448
V/DownloadThread( 1264): read_fr
[ 4828.374072] IR: [03932] scan key value is 0xea158000 
[ 4828.374077]  ont--->
E/WindowManager(  966): ##############################dispatchUnhandledKey
V/DownloadThread( 1264): read_bytesRead--->1448
V/DownloadThread( 1264): read_front--->

[ 4828.436562] IR: [03932] scan key value is 0xea158000 
[ 4828.436566]  V/DownloadThread( 1264): read_bytesRead--->1448
V/DownloadThread( 1264): read_front--->
V/DownloadThread( 1264): read_bytesRead--->1448
V/DownloadThread( 1264): read_front--->

[ 4828.519962] IR: [03932] scan key value is 0xea158000 
[ 4828.519967]  V/DownloadThread( 1264): read_bytesRead--->1448
V/DownloadThread( 1264): read_front--->
V/DownloadThread( 1264): read_bytesRead--->1448
V/DownloadThread( 1264): read_front--->
V/DownloadThread( 1264): read_bytesRead--->1448
V/DownloadThread( 1264): read_front--->

[ 4828.603362] IR: [03932] scan key value is 0xea158000 
[ 4828.603368]  V/DownloadThread( 1264): read_bytesRead--->1448
V/DownloadThread( 1264): read_front--->
V/DownloadThread( 1264): read_bytesRead--->1448
V/DownloadThread( 1264): read_front--->
V/DownloadTask( 1264): finishedThreadNum--->0
V/DownloadTask( 1264): mThreadNum--->2
D/NetFirmwareService( 1264): DownloadConstants.TASK_STATUS_RUNNING
D/NetFirmwareService( 1264): MSG_UPDATE_PACKAGE_STATUS_CHANGE
V/NetFirmwareService( 1264): percentValue--->53
D/NetFirmwareService( 1264): Send broadcast of download progress.
V/DownloadThread( 1264): read_bytesRead--->1448
V/DownloadThread( 1264): read_front--->
V/DownloadThread( 1264): read_bytesRead--->1448
V/DownloadThread( 1264): read_front--->
V/DownloadThread( 1264): read_bytesRead--->1448
V/DownloadThread( 1264): read_front--->
V/DownloadThread( 1264): read_bytesRead--->1448
V/DownloadThread( 1264): read_front--->
V/DownloadThread( 1264): read_bytesRead--->1448
D/dalvikvm( 1641): GC_CONCURRENT freed 2027K, 21% free 24892K/31363K, paused 2ms+5ms
V/DownloadThread( 1264): read_front--->
V/DownloadThread( 1264): read_bytesRead--->1448
V/DownloadThread( 1264): read_front--->
V/DownloadThread( 1264): read_bytesRead--->1448
V/DownloadThread( 1264): read_front--->
V/DownloadThread( 1264): read_bytesRead--->1448
V/DownloadThread( 1264): read_front--->
V/DownloadThread( 1264): read_bytesRead--->1448
V/DownloadThread( 1264): read_front--->
V/DownloadThread( 1264): read_bytesRead--->1448
V/DownloadThread( 1264): read_front--->
V/DownloadThread( 1264): read_bytesRead--->1448
V/DownloadThread( 1264): read_front--->
V/DownloadThread( 1264): read_bytesRead--->1448
V/DownloadThread( 1264): read_front--->
V/DownloadThread( 1264): read_bytesRead--->1448
V/DownloadThread( 1264): read_front--->
V/DownloadThread( 1264): read_bytesRead--->1448
V/DownloadThread( 1264): read_front--->
V/DownloadTask( 1264): finishedThreadNum--->0
V/DownloadTask( 1264): mThreadNum--->2
D/NetFirmwareService( 1264): DownloadConstants.TASK_STATUS_RUNNING
D/NetFirmwareService( 1264): MSG_UPDATE_PACKAGE_STATUS_CHANGE
V/NetFirmwareService( 1264): percentValue--->53
D/NetFirmwareService( 1264): Send broadcast of download progress.
V/DownloadThread( 1264): read_bytesRead--->1448
V/DownloadThread( 1264): read_front--->
V/DownloadThread( 1264): read_bytesRead--->1448
V/DownloadThread( 1264): read_front--->
V/DownloadThread( 1264): read_bytesRead--->1448
V/DownloadThread( 1264): read_front--->
V/DownloadThread( 1264): read_bytesRead--->1448
V/DownloadThread( 1264): read_front--->
V/DownloadThread( 1264): read_bytesRead--->1448
V/DownloadThread( 1264): read_front--->
V/DownloadThread( 1264): read_bytesRead--->1448
V/DownloadThread( 1264): read_front--->
V/DownloadThread( 1264): read_bytesRead--->1448
V/DownloadThread( 1264): read_front--->
V/DownloadThread( 1264): read_bytesRead--->1448
V/DownloadThread( 1264): read_front--->
V/DownloadThread( 1264): read_bytesRead--->1448
V/DownloadThread( 1264): read_front--->
V/DownloadThread( 1264): read_bytesRead--->1448
V/DownloadThread( 1264): read_front--->
V/DownloadThread( 1264): read_bytesRead--->1448
V/DownloadThread( 1264): read_front--->
V/DownloadThread( 1264): read_bytesRead--->1448
V/DownloadThread( 1264): read_front--->
V/DownloadThread( 1264): read_bytesRead--->1448
V/DownloadThread( 1264): read_front--->
V/DownloadTask( 1264): finishedThreadNum--->0
V/DownloadTask( 1264): mThreadNum--->2
D/NetFirmwareService( 1264): DownloadConstants.TASK_STATUS_RUNNING
D/NetFirmwareService( 1264): MSG_UPDATE_PACKAGE_STATUS_CHANGE
V/NetFirmwareService( 1264): percentValue--->53
D/NetFirmwareService( 1264): Send broadcast of download progress.
V/DownloadThread( 1264): read_bytesRead--->1448
V/DownloadThread( 1264): read_front--->
V/DownloadThread( 1264): read_bytesRead--->1448
V/DownloadThread( 1264): read_front--->
V/DownloadThread( 1264): read_bytesRead--->1448
V/DownloadThread( 1264): read_front--->
V/DownloadThread( 1264): read_bytesRead--->1448
V/DownloadThread( 1264): read_front--->
V/DownloadThread( 1264): read_bytesRead--->1448
V/DownloadThread( 1264): read_front--->
V/DownloadThread( 1264): read_bytesRead--->1448
V/DownloadThread( 1264): read_front--->
V/DownloadThread( 1264): read_bytesRead--->1448
V/DownloadThread( 1264): read_front--->
V/DownloadThread( 1264): read_bytesRead--->1448
V/DownloadThread( 1264): read_front--->
V/DownloadThread( 1264): read_bytesRead--->1448
V/DownloadThread( 1264): read_front--->
V/DownloadThread( 1264): read_bytesRead--->1448
V/DownloadThread( 1264): read_front--->
V/DownloadThread( 1264): read_bytesRead--->1448
V/DownloadThread( 1264): read_front--->
V/DownloadThread( 1264): read_bytesRead--->1448
V/DownloadThread( 1264): read_front--->
V/DownloadThread( 1264): read_bytesRead--->1448
V/DownloadThread( 1264): read_front--->
V/DownloadThread( 1264): read_bytesRead--->1448
V/DownloadThread( 1264): read_front--->
D/UploadCheckerService( 2791): Can't Connect to CIBN_SERVER_PATH!  Address: http://tms.cibntest.ysten.com:8080/
D/UploadCheckerService( 2791): Can't Connect to CIBN_SERVER_PATH!  retryTime is : 156
V/DownloadTask( 1264): finishedThreadNum--->0
V/DownloadTask( 1264): mThreadNum--->2
D/NetFirmwareService( 1264): DownloadConstants.TASK_STATUS_RUNNING
D/NetFirmwareService( 1264): MSG_UPDATE_PACKAGE_STATUS_CHANGE
V/NetFirmwareService( 1264): percentValue--->53
D/NetFirmwareService( 1264): Send broadcast of download progress.
V/DownloadThread( 1264): read_bytesRead--->1448
V/DownloadThread( 1264): read_front--->
V/DownloadThread( 1264): read_bytesRead--->1448
V/DownloadThread( 1264): read_front--->
V/DownloadThread( 1264): read_bytesRead--->1448
V/DownloadThread( 1264): read_front--->
V/DownloadThread( 1264): read_bytesRead--->1448
V/DownloadThread( 1264): read_front--->
V/DownloadThread( 1264): read_bytesRead--->1448
V/DownloadThread( 1264): read_front--->
V/DownloadThread( 1264): read_bytesRead--->1448
V/DownloadThread( 1264): read_front--->
V/DownloadThread( 1264): read_bytesRead--->1448
V/DownloadThread( 1264): read_front--->
V/DownloadThread( 1264): read_bytesRead--->1448
V/DownloadThread( 1264): read_front--->
V/DownloadThread( 1264): read_bytesRead--->1448
V/DownloadThread( 1264): read_front--->
V/DownloadThread( 1264): read_bytesRead--->1448
V/DownloadThread( 1264): read_front--->
W/System.err( 1234): org.apache.http.conn.HttpHostConnectException: Connection to http://cibn-iepg.longvisionmedia.com:8881 refused
W/System.err( 1234):    at org.apache.http.impl.conn.DefaultClientConnectionOperator.openConnection(DefaultClientConnectionOperator.java:183)
W/System.err( 1234):    at org.apache.http.impl.conn.AbstractPoolEntry.open(AbstractPoolEntry.java:164)
W/System.err( 1234):    at org.apache.http.impl.conn.AbstractPooledConnAdapter.open(AbstractPooledConnAdapter.java:119)
W/System.err( 1234):    at org.apache.http.impl.client.DefaultRequestDirector.execute(DefaultRequestDirector.java:360)
W/System.err( 1234):    at org.apache.http.impl.client.AbstractHttpClient.execute(AbstractHttpClient.java:555)
W/System.err( 1234):    at org.apache.http.impl.client.AbstractHttpClient.execute(AbstractHttpClient.java:487)
W/System.err( 1234):    at org.apache.http.impl.client.AbstractHttpClient.execute(AbstractHttpClient.java:465)
W/System.err( 1234):    at com.coship.cibn.MainActivity.isConnectToServerByHttp(MainActivity.java:991)
W/System.err( 1234):    at com.coship.cibn.MainActivity.access$2000(MainActivity.java:137)
W/System.err( 1234):    at com.coship.cibn.MainActivity$4.run(MainActivity.java:956)
W/System.err( 1234):    at java.lang.Thread.run(Thread.java:856)
W/System.err( 1234): Caused by: java.net.ConnectException: failed to connect to /172.21.11.65 (port 8881) after 10000ms: isConnected failed: ECONNREFUSED (Connection refused)
W/System.err( 1234):    at libcore.io.IoBridge.isConnected(IoBridge.java:214)
W/System.err( 1234):    at libcore.io.IoBridge.connectErrno(IoBridge.java:152)
W/System.err( 1234):    at libcore.io.IoBridge.connect(IoBridge.java:112)
W/System.err( 1234):    at java.net.PlainSocketImpl.connect(PlainSocketImpl.java:192)
W/System.err( 1234):    at java.net.PlainSocketImpl.connect(PlainSocketImpl.java:459)
W/System.err( 1234):    at java.net.Socket.connect(Socket.java:842)
W/System.err( 1234):    at org.apache.http.conn.scheme.PlainSocketFactory.connectSocket(PlainSocketFactory.java:119)
W/System.err( 1234):    at org.apache.http.impl.conn.DefaultClientConnectionOperator.openConnection(DefaultClientConnectionOperator.java:144)
W/System.err( 1234):    ... 10 more
W/System.err( 1234): Caused by: libcore.io.ErrnoException: isConnected failed: ECONNREFUSED (Connection refused)
W/System.err( 1234):    at libcore.io.IoBridge.isConnected(IoBridge.java:201)
W/System.err( 1234):    ... 17 more
I/MainActivity( 1234): Can't Connect to PortalMS-Server!  Address: http://cibn-iepg.longvisionmedia.com:8881
V/DownloadThread( 1264): read_bytesRead--->1448
V/DownloadThread( 1264): read_front--->
V/DownloadThread( 1264): read_bytesRead--->1448
V/DownloadThread( 1264): read_front--->
V/DownloadThread( 1264): read_bytesRead--->1448
V/DownloadThread( 1264): read_front--->
V/DownloadThread( 1264): read_bytesRead--->1448
V/DownloadThread( 1264): read_front--->
V/DownloadTask( 1264): finishedThreadNum--->0
V/DownloadTask( 1264): mThreadNum--->2
D/NetFirmwareService( 1264): DownloadConstants.TASK_STATUS_RUNNING
D/NetFirmwareService( 1264): MSG_UPDATE_PACKAGE_STATUS_CHANGE
V/NetFirmwareService( 1264): percentValue--->53
D/NetFirmwareService( 1264): Send broadcast of download progress.
V/DownloadThread( 1264): read_bytesRead--->1448
V/DownloadThread( 1264): read_front--->
V/DownloadThread( 1264): read_bytesRead--->1448
V/DownloadThread( 1264): read_front--->
V/DownloadThread( 1264): read_bytesRead--->1448
V/DownloadThread( 1264): read_front--->
V/DownloadThread( 1264): read_bytesRead--->1448
V/DownloadThread( 1264): read_front--->
V/DownloadThread( 1264): read_bytesRead--->1448
V/DownloadThread( 1264): read_front--->
V/DownloadThread( 1264): read_bytesRead--->1448
V/DownloadThread( 1264): read_front--->
V/DownloadThread( 1264): read_bytesRead--->1448
V/DownloadThread( 1264): read_front--->
V/DownloadThread( 1264): read_bytesRead--->1448
V/DownloadThread( 1264): read_front--->
V/DownloadThread( 1264): read_bytesRead--->1448
V/DownloadThread( 1264): read_front--->
V/DownloadThread( 1264): read_bytesRead--->1448
V/DownloadThread( 1264): read_front--->
V/DownloadThread( 1264): read_bytesRead--->1448
V/DownloadThread( 1264): read_front--->
V/DownloadThread( 1264): read_bytesRead--->1448
V/DownloadThread( 1264): read_front--->
V/DownloadThread( 1264): read_bytesRead--->1448
V/DownloadThread( 1264): read_front--->
V/DownloadThread( 1264): read_bytesRead--->1448
V/DownloadThread( 1264): read_front--->
V/DownloadTask( 1264): finishedThreadNum--->0
V/DownloadTask( 1264): mThreadNum--->2
D/NetFirmwareService( 1264): DownloadConstants.TASK_STATUS_RUNNING
D/NetFirmwareService( 1264): MSG_UPDATE_PACKAGE_STATUS_CHANGE
V/NetFirmwareService( 1264): percentValue--->53
D/NetFirmwareService( 1264): Send broadcast of download progress.
V/DownloadThread( 1264): read_bytesRead--->1448
V/DownloadThread( 1264): read_front--->
V/DownloadThread( 1264): read_bytesRead--->1448
V/DownloadThread( 1264): read_front--->
V/DownloadThread( 1264): read_bytesRead--->1448
V/DownloadThread( 1264): read_front--->
V/DownloadThread( 1264): read_bytesRead--->1448
V/DownloadThread( 1264): read_front--->
V/DownloadThread( 1264): read_bytesRead--->1448
V/DownloadThread( 1264): read_front--->
V/DownloadThread( 1264): read_bytesRead--->1448
V/DownloadThread( 1264): read_front--->
V/DownloadThread( 1264): read_bytesRead--->1448
V/DownloadThread( 1264): read_front--->
V/DownloadThread( 1264): read_bytesRead--->1448
V/DownloadThread( 1264): read_front--->
V/DownloadThread( 1264): read_bytesRead--->1448
V/DownloadThread( 1264): read_front--->
V/DownloadThread( 1264): read_bytesRead--->1448
V/DownloadThread( 1264): read_front--->
V/DownloadThread( 1264): read_bytesRead--->1448
V/DownloadThread( 1264): read_front--->
V/DownloadThread( 1264): read_bytesRead--->1448
V/DownloadThread( 1264): read_front--->
V/DownloadThread( 1264): read_bytesRead--->1448
V/DownloadThread( 1264): read_front--->
V/DownloadTask( 1264): finishedThreadNum--->0
V/DownloadTask( 1264): mThreadNum--->2
D/NetFirmwareService( 1264): DownloadConstants.TASK_STATUS_RUNNING
D/NetFirmwareService( 1264): MSG_UPDATE_PACKAGE_STATUS_CHANGE
V/NetFirmwareService( 1264): percentValue--->53
D/NetFirmwareService( 1264): Send broadcast of download progress.
V/DownloadThread( 1264): read_bytesRead--->1448
V/DownloadThread( 1264): read_front--->
V/DownloadThread( 1264): read_bytesRead--->1448
V/DownloadThread( 1264): read_front--->
V/DownloadThread( 1264): read_bytesRead--->1448
V/DownloadThread( 1264): read_front--->
V/DownloadThread( 1264): read_bytesRead--->1448
V/DownloadThread( 1264): read_front--->
V/DownloadThread( 1264): read_bytesRead--->1448
V/DownloadThread( 1264): read_front--->
V/DownloadThread( 1264): read_bytesRead--->1448
V/DownloadThread( 1264): read_front--->
V/DownloadThread( 1264): read_bytesRead--->1448
V/DownloadThread( 1264): read_front--->
V/DownloadThread( 1264): read_bytesRead--->1448
V/DownloadThread( 1264): read_front--->
V/DownloadThread( 1264): read_bytesRead--->1448
V/DownloadThread( 1264): read_front--->
V/DownloadThread( 1264): read_bytesRead--->1448
V/DownloadThread( 1264): read_front--->
V/DownloadTask( 1264): finishedThreadNum--->0
V/DownloadTask( 1264): mThreadNum--->2
D/NetFirmwareService( 1264): DownloadConstants.TASK_STATUS_RUNNING
D/NetFirmwareService( 1264): MSG_UPDATE_PACKAGE_STATUS_CHANGE
V/NetFirmwareService( 1264): percentValue--->53
D/NetFirmwareService( 1264): Send broadcast of download progress.
V/DownloadThread( 1264): read_bytesRead--->1448
V/DownloadThread( 1264): read_front--->
V/DownloadThread( 1264): read_bytesRead--->1448
V/DownloadThread( 1264): read_front--->
V/DownloadThread( 1264): read_bytesRead--->1448
V/DownloadThread( 1264): read_front--->
V/DownloadThread( 1264): read_bytesRead--->1448
V/DownloadThread( 1264): read_front--->
V/DownloadThread( 1264): read_bytesRead--->1448
V/DownloadThread( 1264): read_front--->
V/DownloadThread( 1264): read_bytesRead--->1448
V/DownloadThread( 1264): read_front--->
V/DownloadThread( 1264): read_bytesRead--->1448
V/DownloadThread( 1264): read_front--->
V/DownloadTask( 1264): finishedThreadNum--->0
V/DownloadTask( 1264): mThreadNum--->2
D/NetFirmwareService( 1264): DownloadConstants.TASK_STATUS_RUNNING
D/NetFirmwareService( 1264): MSG_UPDATE_PACKAGE_STATUS_CHANGE
V/NetFirmwareService( 1264): percentValue--->53
D/NetFirmwareService( 1264): Send broadcast of download progress.
V/DownloadThread( 1264): read_bytesRead--->1448
V/DownloadThread( 1264): read_front--->
V/DownloadThread( 1264): read_bytesRead--->1448
V/DownloadThread( 1264): read_front--->
V/DownloadThread( 1264): read_bytesRead--->1448
V/DownloadThread( 1264): read_front--->
V/DownloadThread( 1264): read_bytesRead--->1448
V/DownloadThread( 1264): read_front--->
V/DownloadThread( 1264): read_bytesRead--->1448
V/DownloadThread( 1264): read_front--->
V/DownloadThread( 1264): read_bytesRead--->1448
V/DownloadThread( 1264): read_front--->
V/DownloadThread( 1264): read_bytesRead--->1448
V/DownloadThread( 1264): read_front--->
V/DownloadThread( 1264): read_bytesRead--->1448
V/DownloadThread( 1264): read_front--->
V/DownloadTask( 1264): finishedThreadNum--->0
V/DownloadTask( 1264): mThreadNum--->2
D/NetFirmwareService( 1264): DownloadConstants.TASK_STATUS_RUNNING
D/NetFirmwareService( 1264): MSG_UPDATE_PACKAGE_STATUS_CHANGE
V/NetFirmwareService( 1264): percentValue--->53
D/NetFirmwareService( 1264): Send broadcast of download progress.
V/DownloadThread( 1264): read_bytesRead--->1448
V/DownloadThread( 1264): read_front--->
V/DownloadThread( 1264): read_bytesRead--->1448
V/DownloadThread( 1264): read_front--->
V/DownloadThread( 1264): read_bytesRead--->1448
V/DownloadThread( 1264): read_front--->
V/DownloadThread( 1264): read_bytesRead--->1448
V/DownloadThread( 1264): read_front--->
V/DownloadThread( 1264): read_bytesRead--->1448
V/DownloadThread( 1264): read_front--->
V/DownloadThread( 1264): read_bytesRead--->1448
V/DownloadThread( 1264): read_front--->
V/DownloadTask( 1264): finishedThreadNum--->0
V/DownloadTask( 1264): mThreadNum--->2
D/NetFirmwareService( 1264): DownloadConstants.TASK_STATUS_RUNNING
D/NetFirmwareService( 1264): MSG_UPDATE_PACKAGE_STATUS_CHANGE
V/NetFirmwareService( 1264): percentValue--->53
D/NetFirmwareService( 1264): Send broadcast of download progress.
V/DownloadThread( 1264): read_bytesRead--->1448
V/DownloadThread( 1264): read_front--->
V/DownloadThread( 1264): read_bytesRead--->1448
V/DownloadThread( 1264): read_front--->
V/DownloadThread( 1264): read_bytesRead--->1448
V/DownloadThread( 1264): read_front--->
V/DownloadThread( 1264): read_bytesRead--->1448
V/DownloadThread( 1264): read_front--->
D/HomePlayerLib( 1641): hostaddress count is 1
D/dalvikvm( 1641): GC_CONCURRENT freed 2059K, 21% free 24881K/31363K, paused 3ms+5ms
V/DownloadThread( 1264): read_bytesRead--->1448
V/DownloadThread( 1264): read_front--->
V/DownloadThread( 1264): read_bytesRead--->1448
V/DownloadThread( 1264): read_front--->
V/DownloadThread( 1264): read_bytesRead--->1448
V/DownloadThread( 1264): read_front--->
V/DownloadThread( 1264): read_bytesRead--->1448
V/DownloadThread( 1264): read_front--->
V/DownloadTask( 1264): finishedThreadNum--->0
V/DownloadTask( 1264): mThreadNum--->2
D/NetFirmwareService( 1264): DownloadConstants.TASK_STATUS_RUNNING
D/NetFirmwareService( 1264): MSG_UPDATE_PACKAGE_STATUS_CHANGE
V/NetFirmwareService( 1264): percentValue--->53
D/NetFirmwareService( 1264): Send broadcast of download progress.
V/DownloadThread( 1264): read_bytesRead--->1448
V/DownloadThread( 1264): read_front--->
V/DownloadThread( 1264): read_bytesRead--->1448
V/DownloadThread( 1264): read_front--->
D/dalvikvm( 1641): GC_CONCURRENT freed 2061K, 22% free 24751K/31363K, paused 2ms+5ms
V/DownloadThread( 1264): read_bytesRead--->1448
V/DownloadThread( 1264): read_front--->
V/DownloadThread( 1264): read_bytesRead--->1448
V/DownloadThread( 1264): read_front--->
V/DownloadThread( 1264): read_bytesRead--->1448
V/DownloadThread( 1264): read_front--->
V/DownloadThread( 1264): read_bytesRead--->1448
V/DownloadThread( 1264): read_front--->
W/System.err( 1234): org.apache.http.conn.HttpHostConnectException: Connection to http://cibn-iepg.longvisionmedia.com:8881 refused
W/System.err( 1234):    at org.apache.http.impl.conn.DefaultClientConnectionOperator.openConnection(DefaultClientConnectionOperator.java:183)
W/System.err( 1234):    at org.apache.http.impl.conn.AbstractPoolEntry.open(AbstractPoolEntry.java:164)
W/System.err( 1234):    at org.apache.http.impl.conn.AbstractPooledConnAdapter.open(AbstractPooledConnAdapter.java:119)
W/System.err( 1234):    at org.apache.http.impl.client.DefaultRequestDirector.execute(DefaultRequestDirector.java:360)
W/System.err( 1234):    at org.apache.http.impl.client.AbstractHttpClient.execute(AbstractHttpClient.java:555)
W/System.err( 1234):    at org.apache.http.impl.client.AbstractHttpClient.execute(AbstractHttpClient.java:487)
W/System.err( 1234):    at org.apache.http.impl.client.AbstractHttpClient.execute(AbstractHttpClient.java:465)
W/System.err( 1234):    at com.coship.cibn.MainActivity.isConnectToServerByHttp(MainActivity.java:991)
W/System.err( 1234):    at com.coship.cibn.MainActivity.access$2000(MainActivity.java:137)
W/System.err( 1234):    at com.coship.cibn.MainActivity$4.run(MainActivity.java:956)
W/System.err( 1234):    at java.lang.Thread.run(Thread.java:856)
W/System.err( 1234): Caused by: java.net.ConnectException: failed to connect to /172.21.11.65 (port 8881) after 10000ms: isConnected failed: ECONNREFUSED (Connection refused)
V/DownloadTask( 1264): finishedThreadNum--->0
V/DownloadTask( 1264): mThreadNum--->2
D/NetFirmwareService( 1264): DownloadConstants.TASK_STATUS_RUNNING
D/NetFirmwareService( 1264): MSG_UPDATE_PACKAGE_STATUS_CHANGE
V/NetFirmwareService( 1264): percentValue--->53
D/NetFirmwareService( 1264): Send broadcast of download progress.
W/System.err( 1234):    at libcore.io.IoBridge.isConnected(IoBridge.java:214)
W/System.err( 1234):    at libcore.io.IoBridge.connectErrno(IoBridge.java:152)
W/System.err( 1234):    at libcore.io.IoBridge.connect(IoBridge.java:112)
W/System.err( 1234):    at java.net.PlainSocketImpl.connect(PlainSocketImpl.java:192)
W/System.err( 1234):    at java.net.PlainSocketImpl.connect(PlainSocketImpl.java:459)
W/System.err( 1234):    at java.net.Socket.connect(Socket.java:842)
W/System.err( 1234):    at org.apache.http.conn.scheme.PlainSocketFactory.connectSocket(PlainSocketFactory.java:119)
W/System.err( 1234):    at org.apache.http.impl.conn.DefaultClientConnectionOperator.openConnection(DefaultClientConnectionOperator.java:144)
W/System.err( 1234):    ... 10 more
W/System.err( 1234): Caused by: libcore.io.ErrnoException: isConnected failed: ECONNREFUSED (Connection refused)
W/System.err( 1234):    at libcore.io.IoBridge.isConnected(IoBridge.java:201)
W/System.err( 1234):    ... 17 more
I/MainActivity( 1234): Can't Connect to PortalMS-Server!  Address: http://cibn-iepg.longvisionmedia.com:8881
V/DownloadThread( 1264): read_bytesRead--->8192
V/DownloadThread( 1264): read_front--->
V/DownloadThread( 1264): read_bytesRead--->8192
V/DownloadThread( 1264): read_front--->
V/DownloadThread( 1264): read_bytesRead--->8192
V/DownloadThread( 1264): read_front--->
V/DownloadThread( 1264): read_bytesRead--->5832
V/DownloadThread( 1264): read_front--->
V/DownloadThread( 1264): read_bytesRead--->1448
V/DownloadThread( 1264): read_front--->
V/DownloadThread( 1264): read_bytesRead--->1448
V/DownloadThread( 1264): read_bytesRead--->1448
V/DownloadThread( 1264): read_front--->
V/DownloadThread( 1264): read_front--->
D/dalvikvm( 1641): GC_CONCURRENT freed 1919K, 21% free 24892K/31363K, paused 3ms+5ms
V/DownloadThread( 1264): read_bytesRead--->1448
V/DownloadThread( 1264): read_front--->
V/DownloadThread( 1264): read_bytesRead--->1448
V/DownloadThread( 1264): read_front--->
V/DownloadThread( 1264): read_bytesRead--->1448
V/DownloadThread( 1264): read_front--->
V/DownloadThread( 1264): read_bytesRead--->1448
V/DownloadThread( 1264): read_front--->
V/DownloadTask( 1264): finishedThreadNum--->0
V/DownloadTask( 1264): mThreadNum--->2
D/NetFirmwareService( 1264): DownloadConstants.TASK_STATUS_RUNNING
D/NetFirmwareService( 1264): MSG_UPDATE_PACKAGE_STATUS_CHANGE
V/NetFirmwareService( 1264): percentValue--->53
D/NetFirmwareService( 1264): Send broadcast of download progress.
V/DownloadThread( 1264): read_bytesRead--->1448
V/DownloadThread( 1264): read_front--->
V/DownloadThread( 1264): read_bytesRead--->1448
V/DownloadThread( 1264): read_front--->
V/DownloadThread( 1264): read_bytesRead--->1448
V/DownloadThread( 1264): read_front--->
V/DownloadThread( 1264): read_bytesRead--->1448
V/DownloadThread( 1264): read_front--->
V/DownloadThread( 1264): read_bytesRead--->1448
V/DownloadThread( 1264): read_front--->
V/DownloadThread( 1264): read_bytesRead--->1448
V/DownloadThread( 1264): read_front--->
V/DownloadThread( 1264): read_bytesRead--->1448
V/DownloadThread( 1264): read_front--->
V/DownloadThread( 1264): read_bytesRead--->1448
V/DownloadThread( 1264): read_front--->
V/DownloadThread( 1264): read_bytesRead--->1448
V/DownloadThread( 1264): read_front--->
V/DownloadTask( 1264): finishedThreadNum--->0
V/DownloadTask( 1264): mThreadNum--->2
D/NetFirmwareService( 1264): DownloadConstants.TASK_STATUS_RUNNING
D/NetFirmwareService( 1264): MSG_UPDATE_PACKAGE_STATUS_CHANGE
V/NetFirmwareService( 1264): percentValue--->53
D/NetFirmwareService( 1264): Send broadcast of download progress.
V/DownloadThread( 1264): read_bytesRead--->1448
V/DownloadThread( 1264): read_front--->
V/DownloadThread( 1264): read_bytesRead--->1448
V/DownloadThread( 1264): read_front--->
V/DownloadThread( 1264): read_bytesRead--->1448
V/DownloadThread( 1264): read_front--->
V/DownloadThread( 1264): read_bytesRead--->1448
V/DownloadThread( 1264): read_front--->
V/DownloadThread( 1264): read_bytesRead--->1448
V/DownloadThread( 1264): read_front--->
V/DownloadThread( 1264): read_bytesRead--->1448
V/DownloadThread( 1264): read_front--->
V/DownloadThread( 1264): read_bytesRead--->1448
V/DownloadThread( 1264): read_front--->
V/DownloadThread( 1264): read_bytesRead--->1448
V/DownloadThread( 1264): read_front--->
V/DownloadThread( 1264): read_bytesRead--->1448
V/DownloadThread( 1264): read_front--->
V/DownloadThread( 1264): read_bytesRead--->1448
V/DownloadThread( 1264): read_front--->
V/DownloadTask( 1264): finishedThreadNum--->0
V/DownloadTask( 1264): mThreadNum--->2
D/NetFirmwareService( 1264): DownloadConstants.TASK_STATUS_RUNNING
D/NetFirmwareService( 1264): MSG_UPDATE_PACKAGE_STATUS_CHANGE
V/NetFirmwareService( 1264): percentValue--->53
D/NetFirmwareService( 1264): Send broadcast of download progress.
V/DownloadThread( 1264): read_bytesRead--->1448
V/DownloadThread( 1264): read_front--->
V/DownloadThread( 1264): read_bytesRead--->1448
V/DownloadThread( 1264): read_front--->
V/DownloadThread( 1264): read_bytesRead--->1448
V/DownloadThread( 1264): read_front--->
V/DownloadThread( 1264): read_bytesRead--->1448
V/DownloadThread( 1264): read_front--->
V/DownloadThread( 1264): read_bytesRead--->1448
V/DownloadThread( 1264): read_front--->
V/DownloadThread( 1264): read_bytesRead--->1448
V/DownloadThread( 1264): read_front--->
V/DownloadThread( 1264): read_bytesRead--->1448
V/DownloadThread( 1264): read_front--->
V/DownloadThread( 1264): read_bytesRead--->1448
V/DownloadThread( 1264): read_front--->
V/DownloadThread( 1264): read_bytesRead--->1448
V/DownloadThread( 1264): read_front--->
V/DownloadThread( 1264): read_bytesRead--->1448
V/DownloadThread( 1264): read_front--->
V/DownloadThread( 1264): read_bytesRead--->1448
V/DownloadThread( 1264): read_front--->
V/DownloadTask( 1264): finishedThreadNum--->0
V/DownloadTask( 1264): mThreadNum--->2
D/NetFirmwareService( 1264): DownloadConstants.TASK_STATUS_RUNNING
D/NetFirmwareService( 1264): MSG_UPDATE_PACKAGE_STATUS_CHANGE
V/NetFirmwareService( 1264): percentValue--->53
D/NetFirmwareService( 1264): Send broadcast of download progress.
V/DownloadThread( 1264): read_bytesRead--->1448
V/DownloadThread( 1264): read_front--->
V/DownloadThread( 1264): read_bytesRead--->1448
V/DownloadThread( 1264): read_front--->
V/DownloadThread( 1264): read_bytesRead--->12
V/DownloadThread( 1264): read_front--->
V/DownloadThread( 1264): read_bytesRead--->1448
V/DownloadThread( 1264): read_front--->
V/DownloadThread( 1264): read_bytesRead--->8192
V/DownloadThread( 1264): read_front--->
V/DownloadThread( 1264): read_bytesRead--->8192
V/DownloadThread( 1264): read_front--->
V/DownloadThread( 1264): read_bytesRead--->8192
V/DownloadThread( 1264): read_front--->
V/DownloadThread( 1264): read_bytesRead--->8192
V/DownloadThread( 1264): read_front--->
V/DownloadThread( 1264): read_bytesRead--->8192
V/DownloadThread( 1264): read_front--->
V/DownloadThread( 1264): read_bytesRead--->1208
V/DownloadThread( 1264): read_front--->
V/DownloadThread( 1264): read_bytesRead--->1448
V/DownloadThread( 1264): read_front--->
D/dalvikvm( 1128): GC_CONCURRENT freed 888K, 81% free 3478K/17987K, paused 1ms+7ms
V/DownloadThread( 1264): read_bytesRead--->1448
V/DownloadThread( 1264): read_front--->
V/DownloadThread( 1264): read_bytesRead--->1448
V/DownloadThread( 1264): read_front--->
V/DownloadThread( 1264): read_bytesRead--->1448
V/DownloadThread( 1264): read_front--->
V/DownloadThread( 1264): read_bytesRead--->1448
V/DownloadThread( 1264): read_front--->
V/DownloadThread( 1264): read_bytesRead--->1448
V/DownloadThread( 1264): read_front--->
V/DownloadThread( 1264): read_bytesRead--->1448
V/DownloadThread( 1264): read_front--->
V/DownloadTask( 1264): finishedThreadNum--->0
V/DownloadTask( 1264): mThreadNum--->2
D/NetFirmwareService( 1264): DownloadConstants.TASK_STATUS_RUNNING
D/NetFirmwareService( 1264): MSG_UPDATE_PACKAGE_STATUS_CHANGE
V/NetFirmwareService( 1264): percentValue--->53
D/NetFirmwareService( 1264): Send broadcast of download progress.
V/DownloadThread( 1264): read_bytesRead--->1448
V/DownloadThread( 1264): read_front--->
V/DownloadThread( 1264): read_bytesRead--->1448
V/DownloadThread( 1264): read_front--->
V/DownloadThread( 1264): read_bytesRead--->1448
V/DownloadThread( 1264): read_front--->
V/DownloadThread( 1264): read_bytesRead--->1448
V/DownloadThread( 1264): read_front--->
V/DownloadThread( 1264): read_bytesRead--->1448
V/DownloadThread( 1264): read_front--->
V/DownloadThread( 1264): read_bytesRead--->1448
V/DownloadThread( 1264): read_front--->
V/DownloadThread( 1264): read_bytesRead--->1448
V/DownloadThread( 1264): read_front--->
V/DownloadThread( 1264): read_bytesRead--->1448
V/DownloadThread( 1264): read_front--->
V/DownloadTask( 1264): finishedThreadNum--->0
V/DownloadTask( 1264): mThreadNum--->2
D/NetFirmwareService( 1264): DownloadConstants.TASK_STATUS_RUNNING
D/NetFirmwareService( 1264): MSG_UPDATE_PACKAGE_STATUS_CHANGE
V/NetFirmwareService( 1264): percentValue--->53
D/NetFirmwareService( 1264): Send broadcast of download progress.
V/DownloadThread( 1264): read_bytesRead--->1448
V/DownloadThread( 1264): read_front--->
V/DownloadThread( 1264): read_bytesRead--->1448
V/DownloadThread( 1264): read_front--->
V/DownloadThread( 1264): read_bytesRead--->1448
V/DownloadThread( 1264): read_front--->
