E/WifiHW  (  739): wifi_change_fw_path: STA
D/SoftapController(  739): Softap fwReload - Ok
D/dalvikvm( 1029): GC_CONCURRENT freed 794K, 63% free 3419K/9155K, paused 15ms+5ms
W/CommandListener(  739): Failed to retrieve HW addr for wlan0 (No such device)
D/CommandListener(  739): Setting iface cfg
E/WifiStateMachine( 1029): Unable to change interface settings: java.lang.IllegalStateException: Unable to communicate with native daemon to interface setcfg - com.android.server.NativeDaemonConnectorException: Cmd {interface setcfg wlan0 0.0.0.0 0 [down]} failed with code 400 : {Failed to set address (No such device)}
D/WifiHW  ( 1029): config_file = /data/misc/wifi/wpa_supplicant.conf
D/NetworkManagementService( 1029): rsp <213 00:00:00:00:00:00 0.0.0.0 0 [down]>
D/NetworkManagementService( 1029): flags <[down]>
D/WifiHW  ( 1029): ctl.start daemon_cmd = mrl_supplicant:-iwlan0 -c/data/misc/wifi/wpa_supplicant.conf
I/wpa_supplicant( 3205): rfkill: Cannot open RFKILL control device
E/wpa_supplicant( 3205): Could not read interface wlan0 flags: No such device
E/wpa_supplicant( 3205): Could not read interface wlan0 flags: No such device
E/wpa_supplicant( 3205): Could not read interface wlan0 flags: No such device
E/wpa_supplicant( 3205): Could not read interface wlan0 flags: No such device
E/wpa_supplicant( 3205): Could not read interface wlan0 flags: No such device
D/dhcpcd  ( 1979): sending DHCP_DISCOVER with xid 0x1faac740, next in 63.79 seconds
E/wpa_supplicant( 3205): Could not read interface wlan0 flags: No such device
E/wpa_supplicant( 3205): Could not read interface wlan0 flags: No such device
E/wpa_supplicant( 3205): Could not read interface wlan0 flags: No such device
E/wpa_supplicant( 3205): Could not read interface wlan0 flags: No such device
E/wpa_supplicant( 3205): Could not read interface wlan0 flags: No such device
E/wpa_supplicant( 3205): Could not read interface wlan0 flags: No such device
E/wpa_supplicant( 3205): nl80211: Could not set interface 'wlan0' UP
E/wpa_supplicant( 3205): wlan0: Failed to initialize driver interface
W/System.err( 1297): java.net.UnknownHostException: Unable to resolve host "cibn-iepg.longvisionmedia.com": No address associated with hostname
W/System.err( 1297):    at java.net.InetAddress.lookupHostByName(InetAddress.java:400)
W/System.err( 1297):    at java.net.InetAddress.getAllByNameImpl(InetAddress.java:242)
W/System.err( 1297):    at java.net.InetAddress.getAllByName(InetAddress.java:220)
W/System.err( 1297):    at org.apache.http.impl.conn.DefaultClientConnectionOperator.openConnection(DefaultClientConnectionOperator.java:137)
W/System.err( 1297):    at org.apache.http.impl.conn.AbstractPoolEntry.open(AbstractPoolEntry.java:164)
W/System.err( 1297):    at org.apache.http.impl.conn.AbstractPooledConnAdapter.open(AbstractPooledConnAdapter.java:119)
W/System.err( 1297):    at org.apache.http.impl.client.DefaultRequestDirector.execute(DefaultRequestDirector.java:360)
W/System.err( 1297):    at org.apache.http.impl.client.AbstractHttpClient.execute(AbstractHttpClient.java:555)
W/System.err( 1297):    at org.apache.http.impl.client.AbstractHttpClient.execute(AbstractHttpClient.java:487)
W/System.err( 1297):    at org.apache.http.impl.client.AbstractHttpClient.execute(AbstractHttpClient.java:465)
W/System.err( 1297):    at com.coship.cibn.MainActivity.isConnectToServerByHttp(MainActivity.java:991)
W/System.err( 1297):    at com.coship.cibn.MainActivity.access$2000(MainActivity.java:137)
W/System.err( 1297):    at com.coship.cibn.MainActivity$4.run(MainActivity.java:956)
W/System.err( 1297):    at java.lang.Thread.run(Thread.java:856)
I/MainActivity( 1297): Can't Connect to PortalMS-Server!  Address: http://cibn-iepg.longvisionmedia.com:8881
E/dhcpcd  ( 1979): timed out
D/dhcpcd  ( 1979): executing `/system/etc/dhcpcd/dhcpcd-run-hooks', reason FAIL
D/dhcpcd  ( 1979): broadcasting for a lease
D/dhcpcd  ( 1979): sending DHCP_DISCOVER with xid 0xd0554e06, next in 4.23 seconds
D/Step8SearchWirelessNetwork( 1842): refresh list
W/System.err( 1297): java.net.UnknownHostException: Unable to resolve host "cibn-iepg.longvisionmedia.com": No address associated with hostname
W/System.err( 1297):    at java.net.InetAddress.lookupHostByName(InetAddress.java:400)
W/System.err( 1297):    at java.net.InetAddress.getAllByNameImpl(InetAddress.java:242)
W/System.err( 1297):    at java.net.InetAddress.getAllByName(InetAddress.java:220)
W/System.err( 1297):    at org.apache.http.impl.conn.DefaultClientConnectionOperator.openConnection(DefaultClientConnectionOperator.java:137)
W/System.err( 1297):    at org.apache.http.impl.conn.AbstractPoolEntry.open(AbstractPoolEntry.java:164)
W/System.err( 1297):    at org.apache.http.impl.conn.AbstractPooledConnAdapter.open(AbstractPooledConnAdapter.java:119)
W/System.err( 1297):    at org.apache.http.impl.client.DefaultRequestDirector.execute(DefaultRequestDirector.java:360)
W/System.err( 1297):    at org.apache.http.impl.client.AbstractHttpClient.execute(AbstractHttpClient.java:555)
W/System.err( 1297):    at org.apache.http.impl.client.AbstractHttpClient.execute(AbstractHttpClient.java:487)
W/System.err( 1297):    at org.apache.http.impl.client.AbstractHttpClient.execute(AbstractHttpClient.java:465)
W/System.err( 1297):    at com.coship.cibn.MainActivity.isConnectToServerByHttp(MainActivity.java:991)
W/System.err( 1297):    at com.coship.cibn.MainActivity.access$2000(MainActivity.java:137)
W/System.err( 1297):    at com.coship.cibn.MainActivity$4.run(MainActivity.java:956)
W/System.err( 1297):    at java.lang.Thread.run(Thread.java:856)
I/MainActivity( 1297): Can't Connect to PortalMS-Server!  Address: http://cibn-iepg.longvisionmedia.com:8881
D/UploadCheckerService( 1418): Can't Connect to CIBN_SERVER_PATH!  Address: http://tms.cibntest.ysten.com:8080/
D/UploadCheckerService( 1418): Can't Connect to CIBN_SERVER_PATH!  retryTime is : 128
D/dhcpcd  ( 1979): sending DHCP_DISCOVER with xid 0xd0554e06, next in 7.97 seconds
D/HomePlayerLib( 1767): hostaddress count is 1
D/dalvikvm( 1767): GC_CONCURRENT freed 2038K, 46% free 7281K/13315K, paused 3ms+3ms
D/dalvikvm( 1767): GC_CONCURRENT freed 1976K, 46% free 7256K/13315K, paused 2ms+4ms
W/System.err( 1297): java.net.UnknownHostException: Unable to resolve host "cibn-iepg.longvisionmedia.com": No address associated with hostname
W/System.err( 1297):    at java.net.InetAddress.lookupHostByName(InetAddress.java:426)
W/System.err( 1297):    at java.net.InetAddress.getAllByNameImpl(InetAddress.java:242)
W/System.err( 1297):    at java.net.InetAddress.getAllByName(InetAddress.java:220)
W/System.err( 1297):    at org.apache.http.impl.conn.DefaultClientConnectionOperator.openConnection(DefaultClientConnectionOperator.java:137)
W/System.err( 1297):    at org.apache.http.impl.conn.AbstractPoolEntry.open(AbstractPoolEntry.java:164)
W/System.err( 1297):    at org.apache.http.impl.conn.AbstractPooledConnAdapter.open(AbstractPooledConnAdapter.java:119)
W/System.err( 1297):    at org.apache.http.impl.client.DefaultRequestDirector.execute(DefaultRequestDirector.java:360)
W/System.err( 1297):    at org.apache.http.impl.client.AbstractHttpClient.execute(AbstractHttpClient.java:555)
W/System.err( 1297):    at org.apache.http.impl.client.AbstractHttpClient.execute(AbstractHttpClient.java:487)
W/System.err( 1297):    at org.apache.http.impl.client.AbstractHttpClient.execute(AbstractHttpClient.java:465)
W/System.err( 1297):    at com.coship.cibn.MainActivity.isConnectToServerByHttp(MainActivity.java:991)
W/System.err( 1297):    at com.coship.cibn.MainActivity.access$2000(MainActivity.java:137)
W/System.err( 1297):    at com.coship.cibn.MainActivity$4.run(MainActivity.java:956)
W/System.err( 1297):    at java.lang.Thread.run(Thread.java:856)
W/System.err( 1297): Caused by: libcore.io.GaiException: getaddrinfo failed: EAI_NODATA (No address associated with hostname)
W/System.err( 1297):    at libcore.io.Posix.getaddrinfo(Native Method)
W/System.err( 1297):    at libcore.io.ForwardingOs.getaddrinfo(ForwardingOs.java:55)
W/System.err( 1297):    at java.net.InetAddress.lookupHostByName(InetAddress.java:411)
W/System.err( 1297):    ... 13 more
I/MainActivity( 1297): Can't Connect to PortalMS-Server!  Address: http://cibn-iepg.longvisionmedia.com:8881
E/WifiHW  ( 1029): Supplicant not running, cannot connect
E/WifiHW  ( 1029): Supplicant not running, cannot connect
V/MainActivity( 1297): get CIBN user msg from com.aidufei.cibn.uploadchecker db!
E/MainActivity( 1297): 用户帐号或者密码为null
E/WifiHW  ( 1029): Supplicant not running, cannot connect
E/WifiHW  ( 1029): Supplicant not running, cannot connect
W/System.err( 1297): java.net.UnknownHostException: Unable to resolve host "cibn-iepg.longvisionmedia.com": No address associated with hostname
W/System.err( 1297):    at java.net.InetAddress.lookupHostByName(InetAddress.java:400)
W/System.err( 1297):    at java.net.InetAddress.getAllByNameImpl(InetAddress.java:242)
W/System.err( 1297):    at java.net.InetAddress.getAllByName(InetAddress.java:220)
W/System.err( 1297):    at org.apache.http.impl.conn.DefaultClientConnectionOperator.openConnection(DefaultClientConnectionOperator.java:137)
W/System.err( 1297):    at org.apache.http.impl.conn.AbstractPoolEntry.open(AbstractPoolEntry.java:164)
W/System.err( 1297):    at org.apache.http.impl.conn.AbstractPooledConnAdapter.open(AbstractPooledConnAdapter.java:119)
W/System.err( 1297):    at org.apache.http.impl.client.DefaultRequestDirector.execute(DefaultRequestDirector.java:360)
W/System.err( 1297):    at org.apache.http.impl.client.AbstractHttpClient.execute(AbstractHttpClient.java:555)
W/System.err( 1297):    at org.apache.http.impl.client.AbstractHttpClient.execute(AbstractHttpClient.java:487)
W/System.err( 1297):    at org.apache.http.impl.client.AbstractHttpClient.execute(AbstractHttpClient.java:465)
W/System.err( 1297):    at com.coship.cibn.MainActivity.isConnectToServerByHttp(MainActivity.java:991)
W/System.err( 1297):    at com.coship.cibn.MainActivity.access$2000(MainActivity.java:137)
W/System.err( 1297):    at com.coship.cibn.MainActivity$4.run(MainActivity.java:956)
W/System.err( 1297):    at java.lang.Thread.run(Thread.java:856)
I/MainActivity( 1297): Can't Connect to PortalMS-Server!  Address: http://cibn-iepg.longvisionmedia.com:8881
D/UploadCheckerService( 1418): Can't Connect to CIBN_SERVER_PATH!  Address: http://tms.cibntest.ysten.com:8080/
D/UploadCheckerService( 1418): Can't Connect to CIBN_SERVER_PATH!  retryTime is : 129
E/WifiHW  ( 1029): Supplicant not running, cannot connect
E/WifiStateMachine( 1029): Failed to setup control channel, restart supplicant
E/WifiHW  (  739): wifi_change_fw_path: STA
D/SoftapController(  739): Softap fwReload - Ok
W/CommandListener(  739): Failed to retrieve HW addr for wlan0 (No such device)
D/CommandListener(  739): Setting iface cfg
E/WifiStateMachine( 1029): Unable to change interface settings: java.lang.IllegalStateException: Unable to communicate with native daemon to interface setcfg - com.android.server.NativeDaemonConnectorException: Cmd {interface setcfg wlan0 0.0.0.0 0 [down]} failed with code 400 : {Failed to set address (No such device)}
D/WifiHW  ( 1029): config_file = /data/misc/wifi/wpa_supplicant.conf
D/NetworkManagementService( 1029): rsp <213 00:00:00:00:00:00 0.0.0.0 0 [down]>
D/NetworkManagementService( 1029): flags <[down]>
D/WifiHW  ( 1029): ctl.start daemon_cmd = mrl_supplicant:-iwlan0 -c/data/misc/wifi/wpa_supplicant.conf
I/wpa_supplicant( 3268): rfkill: Cannot open RFKILL control device
E/wpa_supplicant( 3268): Could not read interface wlan0 flags: No such device
E/wpa_supplicant( 3268): Could not read interface wlan0 flags: No such device
E/wpa_supplicant( 3268): Could not read interface wlan0 flags: No such device
E/wpa_supplicant( 3268): Could not read interface wlan0 flags: No such device
E/wpa_supplicant( 3268): Could not read interface wlan0 flags: No such device
E/wpa_supplicant( 3268): Could not read interface wlan0 flags: No such device
E/wpa_supplicant( 3268): Could not read interface wlan0 flags: No such device
D/dhcpcd  ( 1979): sending DHCP_DISCOVER with xid 0xd0554e06, next in 16.80 seconds
E/wpa_supplicant( 3268): Could not read interface wlan0 flags: No such device
E/wpa_supplicant( 3268): Could not read interface wlan0 flags: No such device
E/wpa_supplicant( 3268): Could not read interface wlan0 flags: No such device
E/wpa_supplicant( 3268): Could not read interface wlan0 flags: No such device
E/wpa_supplicant( 3268): nl80211: Could not set interface 'wlan0' UP
E/wpa_supplicant( 3268): wlan0: Failed to initialize driver interface
W/System.err( 1297): java.net.UnknownHostException: Unable to resolve host "cibn-iepg.longvisionmedia.com": No address associated with hostname
W/System.err( 1297):    at java.net.InetAddress.lookupHostByName(InetAddress.java:400)
W/System.err( 1297):    at java.net.InetAddress.getAllByNameImpl(InetAddress.java:242)
W/System.err( 1297):    at java.net.InetAddress.getAllByName(InetAddress.java:220)
W/System.err( 1297):    at org.apache.http.impl.conn.DefaultClientConnectionOperator.openConnection(DefaultClientConnectionOperator.java:137)
W/System.err( 1297):    at org.apache.http.impl.conn.AbstractPoolEntry.open(AbstractPoolEntry.java:164)
W/System.err( 1297):    at org.apache.http.impl.conn.AbstractPooledConnAdapter.open(AbstractPooledConnAdapter.java:119)
W/System.err( 1297):    at org.apache.http.impl.client.DefaultRequestDirector.execute(DefaultRequestDirector.java:360)
W/System.err( 1297):    at org.apache.http.impl.client.AbstractHttpClient.execute(AbstractHttpClient.java:555)
W/System.err( 1297):    at org.apache.http.impl.client.AbstractHttpClient.execute(AbstractHttpClient.java:487)
W/System.err( 1297):    at org.apache.http.impl.client.AbstractHttpClient.execute(AbstractHttpClient.java:465)
W/System.err( 1297):    at com.coship.cibn.MainActivity.isConnectToServerByHttp(MainActivity.java:991)
W/System.err( 1297):    at com.coship.cibn.MainActivity.access$2000(MainActivity.java:137)
W/System.err( 1297):    at com.coship.cibn.MainActivity$4.run(MainActivity.java:956)
W/System.err( 1297):    at java.lang.Thread.run(Thread.java:856)
I/MainActivity( 1297): Can't Connect to PortalMS-Server!  Address: http://cibn-iepg.longvisionmedia.com:8881
D/HomePlayerLib( 1767): hostaddress count is 1
D/dalvikvm( 1767): GC_CONCURRENT freed 1969K, 46% free 7232K/13315K, paused 2ms+3ms
W/System.err( 1297): java.net.UnknownHostException: Unable to resolve host "cibn-iepg.longvisionmedia.com": No address associated with hostname
W/System.err( 1297):    at java.net.InetAddress.lookupHostByName(InetAddress.java:426)
W/System.err( 1297):    at java.net.InetAddress.getAllByNameImpl(InetAddress.java:242)
W/System.err( 1297):    at java.net.InetAddress.getAllByName(InetAddress.java:220)
W/System.err( 1297):    at org.apache.http.impl.conn.DefaultClientConnectionOperator.openConnection(DefaultClientConnectionOperator.java:137)
W/System.err( 1297):    at org.apache.http.impl.conn.AbstractPoolEntry.open(AbstractPoolEntry.java:164)
W/System.err( 1297):    at org.apache.http.impl.conn.AbstractPooledConnAdapter.open(AbstractPooledConnAdapter.java:119)
W/System.err( 1297):    at org.apache.http.impl.client.DefaultRequestDirector.execute(DefaultRequestDirector.java:360)
W/System.err( 1297):    at org.apache.http.impl.client.AbstractHttpClient.execute(AbstractHttpClient.java:555)
W/System.err( 1297):    at org.apache.http.impl.client.AbstractHttpClient.execute(AbstractHttpClient.java:487)
W/System.err( 1297):    at org.apache.http.impl.client.AbstractHttpClient.execute(AbstractHttpClient.java:465)
W/System.err( 1297):    at com.coship.cibn.MainActivity.isConnectToServerByHttp(MainActivity.java:991)
W/System.err( 1297):    at com.coship.cibn.MainActivity.access$2000(MainActivity.java:137)
W/System.err( 1297):    at com.coship.cibn.MainActivity$4.run(MainActivity.java:956)
W/System.err( 1297):    at java.lang.Thread.run(Thread.java:856)
W/System.err( 1297): Caused by: libcore.io.GaiException: getaddrinfo failed: EAI_NODATA (No address associated with hostname)
W/System.err( 1297):    at libcore.io.Posix.getaddrinfo(Native Method)
W/System.err( 1297):    at libcore.io.ForwardingOs.getaddrinfo(ForwardingOs.java:55)
W/System.err( 1297):    at java.net.InetAddress.lookupHostByName(InetAddress.java:411)
W/System.err( 1297):    ... 13 more
I/MainActivity( 1297): Can't Connect to PortalMS-Server!  Address: http://cibn-iepg.longvisionmedia.com:8881
D/dalvikvm( 1297): GC_CONCURRENT freed 1985K, 40% free 8609K/14339K, paused 1ms+4ms
E/StrictMode( 1297): A resource was acquired at attached stack trace but never released. See java.io.Closeable for information on avoiding resource leaks.
E/StrictMode( 1297): java.lang.Throwable: Explicit termination method 'close' not called
E/StrictMode( 1297):    at dalvik.system.CloseGuard.open(CloseGuard.java:184)
E/StrictMode( 1297):    at android.content.ContentResolver$CursorWrapperInner.<init>(ContentResolver.java:1582)
E/StrictMode( 1297):    at android.content.ContentResolver.query(ContentResolver.java:321)
E/StrictMode( 1297):    at com.coship.cibn.MainActivity._getAuthResult(MainActivity.java:389)
E/StrictMode( 1297):    at com.coship.cibn.MainActivity.access$1600(MainActivity.java:137)
E/StrictMode( 1297):    at com.coship.cibn.MainActivity$3.handleMessage(MainActivity.java:866)
E/StrictMode( 1297):    at android.os.Handler.dispatchMessage(Handler.java:99)
E/StrictMode( 1297):    at android.os.Looper.loop(Looper.java:137)
E/StrictMode( 1297):    at android.app.ActivityThread.main(ActivityThread.java:4424)
E/StrictMode( 1297):    at java.lang.reflect.Method.invokeNative(Native Method)
E/StrictMode( 1297):    at java.lang.reflect.Method.invoke(Method.java:511)
E/StrictMode( 1297):    at com.android.internal.os.ZygoteInit$MethodAndArgsCaller.run(ZygoteInit.java:848)
E/StrictMode( 1297):    at com.android.internal.os.ZygoteInit.main(ZygoteInit.java:575)
E/StrictMode( 1297):    at dalvik.system.NativeStart.main(Native Method)
W/CursorWrapperInner( 1297): Cursor finalized without prior close()
W/CursorWrapperInner( 1297): Cursor finalized without prior close()
W/CursorWrapperInner( 1297): Cursor finalized without prior close()
W/CursorWrapperInner( 1297): Cursor finalized without prior close()
W/CursorWrapperInner( 1297): Cursor finalized without prior close()
W/CursorWrapperInner( 1297): Cursor finalized without prior close()
W/CursorWrapperInner( 1297): Cursor finalized without prior close()
W/CursorWrapperInner( 1297): Cursor finalized without prior close()
W/CursorWrapperInner( 1297): Cursor finalized without prior close()
W/CursorWrapperInner( 1297): Cursor finalized without prior close()
W/CursorWrapperInner( 1297): Cursor finalized without prior close()
W/CursorWrapperInner( 1297): Cursor finalized without prior close()
W/CursorWrapperInner( 1297): Cursor finalized without prior close()
W/CursorWrapperInner( 1297): Cursor finalized without prior close()
D/UploadCheckerService( 1418): Can't Connect to CIBN_SERVER_PATH!  Address: http://tms.cibntest.ysten.com:8080/
D/UploadCheckerService( 1418): Can't Connect to CIBN_SERVER_PATH!  retryTime is : 130
D/Step8SearchWirelessNetwork( 1842): refresh list
E/WifiHW  ( 1029): Supplicant not running, cannot connect
W/System.err( 1297): java.net.UnknownHostException: Unable to resolve host "cibn-iepg.longvisionmedia.com": No address associated with hostname
W/System.err( 1297):    at java.net.InetAddress.lookupHostByName(InetAddress.java:400)
W/System.err( 1297):    at java.net.InetAddress.getAllByNameImpl(InetAddress.java:242)
W/System.err( 1297):    at java.net.InetAddress.getAllByName(InetAddress.java:220)
W/System.err( 1297):    at org.apache.http.impl.conn.DefaultClientConnectionOperator.openConnection(DefaultClientConnectionOperator.java:137)
W/System.err( 1297):    at org.apache.http.impl.conn.AbstractPoolEntry.open(AbstractPoolEntry.java:164)
W/System.err( 1297):    at org.apache.http.impl.conn.AbstractPooledConnAdapter.open(AbstractPooledConnAdapter.java:119)
W/System.err( 1297):    at org.apache.http.impl.client.DefaultRequestDirector.execute(DefaultRequestDirector.java:360)
W/System.err( 1297):    at org.apache.http.impl.client.AbstractHttpClient.execute(AbstractHttpClient.java:555)
W/System.err( 1297):    at org.apache.http.impl.client.AbstractHttpClient.execute(AbstractHttpClient.java:487)
W/System.err( 1297):    at org.apache.http.impl.client.AbstractHttpClient.execute(AbstractHttpClient.java:465)
W/System.err( 1297):    at com.coship.cibn.MainActivity.isConnectToServerByHttp(MainActivity.java:991)
W/System.err( 1297):    at com.coship.cibn.MainActivity.access$2000(MainActivity.java:137)
W/System.err( 1297):    at com.coship.cibn.MainActivity$4.run(MainActivity.java:956)
W/System.err( 1297):    at java.lang.Thread.run(Thread.java:856)
I/MainActivity( 1297): Can't Connect to PortalMS-Server!  Address: http://cibn-iepg.longvisionmedia.com:8881
E/WifiHW  ( 1029): Supplicant not running, cannot connect
E/WifiHW  ( 1029): Supplicant not running, cannot connect
D/HomePlayerLib( 1767): hostaddress count is 1
E/WifiHW  ( 1029): Supplicant not running, cannot connect
D/dalvikvm( 1767): GC_CONCURRENT freed 1935K, 45% free 7328K/13315K, paused 2ms+3ms
E/WifiHW  ( 1029): Supplicant not running, cannot connect
E/WifiStateMachine( 1029): Failed 6 times to start supplicant, unload driver
E/WifiHW  (  739): wifi_change_fw_path: STA
D/SoftapController(  739): Softap fwReload - Ok
W/CommandListener(  739): Failed to retrieve HW addr for wlan0 (No such device)
D/CommandListener(  739): Setting iface cfg
E/WifiStateMachine( 1029): Unable to change interface settings: java.lang.IllegalStateException: Unable to communicate with native daemon to interface setcfg - com.android.server.NativeDaemonConnectorException: Cmd {interface setcfg wlan0 0.0.0.0 0 [down]} failed with code 400 : {Failed to set address (No such device)}
D/WifiHW  ( 1029): config_file = /data/misc/wifi/wpa_supplicant.conf
D/WifiHW  ( 1029): ctl.start daemon_cmd = mrl_supplicant:-iwlan0 -c/data/misc/wifi/wpa_supplicant.conf
D/NetworkManagementService( 1029): rsp <213 00:00:00:00:00:00 0.0.0.0 0 [down]>
D/NetworkManagementService( 1029): flags <[down]>
I/wpa_supplicant( 3332): rfkill: Cannot open RFKILL control device
E/wpa_supplicant( 3332): Could not read interface wlan0 flags: No such device
E/wpa_supplicant( 3332): Could not read interface wlan0 flags: No such device
E/wpa_supplicant( 3332): Could not read interface wlan0 flags: No such device
E/wpa_supplicant( 3332): Could not read interface wlan0 flags: No such device
E/wpa_supplicant( 3332): Could not read interface wlan0 flags: No such device
W/System.err( 1297): java.net.UnknownHostException: Unable to resolve host "cibn-iepg.longvisionmedia.com": No address associated with hostname
W/System.err( 1297):    at java.net.InetAddress.lookupHostByName(InetAddress.java:400)
W/System.err( 1297):    at java.net.InetAddress.getAllByNameImpl(InetAddress.java:242)
W/System.err( 1297):    at java.net.InetAddress.getAllByName(InetAddress.java:220)
W/System.err( 1297):    at org.apache.http.impl.conn.DefaultClientConnectionOperator.openConnection(DefaultClientConnectionOperator.java:137)
W/System.err( 1297):    at org.apache.http.impl.conn.AbstractPoolEntry.open(AbstractPoolEntry.java:164)
W/System.err( 1297):    at org.apache.http.impl.conn.AbstractPooledConnAdapter.open(AbstractPooledConnAdapter.java:119)
W/System.err( 1297):    at org.apache.http.impl.client.DefaultRequestDirector.execute(DefaultRequestDirector.java:360)
W/System.err( 1297):    at org.apache.http.impl.client.AbstractHttpClient.execute(AbstractHttpClient.java:555)
W/System.err( 1297):    at org.apache.http.impl.client.AbstractHttpClient.execute(AbstractHttpClient.java:487)
W/System.err( 1297):    at org.apache.http.impl.client.AbstractHttpClient.execute(AbstractHttpClient.java:465)
W/System.err( 1297):    at com.coship.cibn.MainActivity.isConnectToServerByHttp(MainActivity.java:991)
W/System.err( 1297):    at com.coship.cibn.MainActivity.access$2000(MainActivity.java:137)
W/System.err( 1297):    at com.coship.cibn.MainActivity$4.run(MainActivity.java:956)
W/System.err( 1297):    at java.lang.Thread.run(Thread.java:856)
I/MainActivity( 1297): Can't Connect to PortalMS-Server!  Address: http://cibn-iepg.longvisionmedia.com:8881
E/wpa_supplicant( 3332): Could not read interface wlan0 flags: No such device
E/wpa_supplicant( 3332): Could not read interface wlan0 flags: No such device
E/wpa_supplicant( 3332): Could not read interface wlan0 flags: No such device
D/UploadCheckerService( 1418): Can't Connect to CIBN_SERVER_PATH!  Address: http://tms.cibntest.ysten.com:8080/
D/UploadCheckerService( 1418): Can't Connect to CIBN_SERVER_PATH!  retryTime is : 131
E/wpa_supplicant( 3332): Could not read interface wlan0 flags: No such device
E/wpa_supplicant( 3332): Could not read interface wlan0 flags: No such device
E/wpa_supplicant( 3332): Could not read interface wlan0 flags: No such device
E/wpa_supplicant( 3332): nl80211: Could not set interface 'wlan0' UP
E/wpa_supplicant( 3332): wlan0: Failed to initialize driver interface
D/dhcpcd  ( 1979): sending DHCP_DISCOVER with xid 0xd0554e06, next in 31.70 seconds
V/MainActivity( 1297): get CIBN user msg from com.aidufei.cibn.uploadchecker db!
E/MainActivity( 1297): 用户帐号或者密码为null
W/System.err( 1297): java.net.UnknownHostException: Unable to resolve host "cibn-iepg.longvisionmedia.com": No address associated with hostname
W/System.err( 1297):    at java.net.InetAddress.lookupHostByName(InetAddress.java:426)
W/System.err( 1297):    at java.net.InetAddress.getAllByNameImpl(InetAddress.java:242)
W/System.err( 1297):    at java.net.InetAddress.getAllByName(InetAddress.java:220)
W/System.err( 1297):    at org.apache.http.impl.conn.DefaultClientConnectionOperator.openConnection(DefaultClientConnectionOperator.java:137)
W/System.err( 1297):    at org.apache.http.impl.conn.AbstractPoolEntry.open(AbstractPoolEntry.java:164)
W/System.err( 1297):    at org.apache.http.impl.conn.AbstractPooledConnAdapter.open(AbstractPooledConnAdapter.java:119)
W/System.err( 1297):    at org.apache.http.impl.client.DefaultRequestDirector.execute(DefaultRequestDirector.java:360)
W/System.err( 1297):    at org.apache.http.impl.client.AbstractHttpClient.execute(AbstractHttpClient.java:555)
W/System.err( 1297):    at org.apache.http.impl.client.AbstractHttpClient.execute(AbstractHttpClient.java:487)
W/System.err( 1297):    at org.apache.http.impl.client.AbstractHttpClient.execute(AbstractHttpClient.java:465)
W/System.err( 1297):    at com.coship.cibn.MainActivity.isConnectToServerByHttp(MainActivity.java:991)
W/System.err( 1297):    at com.coship.cibn.MainActivity.access$2000(MainActivity.java:137)
W/System.err( 1297):    at com.coship.cibn.MainActivity$4.run(MainActivity.java:956)
W/System.err( 1297):    at java.lang.Thread.run(Thread.java:856)
W/System.err( 1297): Caused by: libcore.io.GaiException: getaddrinfo failed: EAI_NODATA (No address associated with hostname)
W/System.err( 1297):    at libcore.io.Posix.getaddrinfo(Native Method)
W/System.err( 1297):    at libcore.io.ForwardingOs.getaddrinfo(ForwardingOs.java:55)
W/System.err( 1297):    at java.net.InetAddress.lookupHostByName(InetAddress.java:411)
W/System.err( 1297):    ... 13 more
I/MainActivity( 1297): Can't Connect to PortalMS-Server!  Address: http://cibn-iepg.longvisionmedia.com:8881
W/System.err( 1297): java.net.UnknownHostException: Unable to resolve host "cibn-iepg.longvisionmedia.com": No address associated with hostname
W/System.err( 1297):    at java.net.InetAddress.lookupHostByName(InetAddress.java:400)
W/System.err( 1297):    at java.net.InetAddress.getAllByNameImpl(InetAddress.java:242)
W/System.err( 1297):    at java.net.InetAddress.getAllByName(InetAddress.java:220)
W/System.err( 1297):    at org.apache.http.impl.conn.DefaultClientConnectionOperator.openConnection(DefaultClientConnectionOperator.java:137)
W/System.err( 1297):    at org.apache.http.impl.conn.AbstractPoolEntry.open(AbstractPoolEntry.java:164)
W/System.err( 1297):    at org.apache.http.impl.conn.AbstractPooledConnAdapter.open(AbstractPooledConnAdapter.java:119)
W/System.err( 1297):    at org.apache.http.impl.client.DefaultRequestDirector.execute(DefaultRequestDirector.java:360)
W/System.err( 1297):    at org.apache.http.impl.client.AbstractHttpClient.execute(AbstractHttpClient.java:555)
W/System.err( 1297):    at org.apache.http.impl.client.AbstractHttpClient.execute(AbstractHttpClient.java:487)
W/System.err( 1297):    at org.apache.http.impl.client.AbstractHttpClient.execute(AbstractHttpClient.java:465)
W/System.err( 1297):    at com.coship.cibn.MainActivity.isConnectToServerByHttp(MainActivity.java:991)
W/System.err( 1297):    at com.coship.cibn.MainActivity.access$2000(MainActivity.java:137)
W/System.err( 1297):    at com.coship.cibn.MainActivity$4.run(MainActivity.java:956)
W/System.err( 1297):    at java.lang.Thread.run(Thread.java:856)
I/MainActivity( 1297): Can't Connect to PortalMS-Server!  Address: http://cibn-iepg.longvisionmedia.com:8881
D/UploadCheckerService( 1418): Can't Connect to CIBN_SERVER_PATH!  Address: http://tms.cibntest.ysten.com:8080/
D/UploadCheckerService( 1418): Can't Connect to CIBN_SERVER_PATH!  retryTime is : 132
D/dalvikvm( 1767): GC_CONCURRENT freed 2036K, 45% free 7340K/13315K, paused 2ms+4ms
D/HomePlayerLib( 1767): hostaddress count is 1
D/dalvikvm( 1767): GC_CONCURRENT freed 2038K, 46% free 7244K/13315K, paused 2ms+4ms
E/WifiHW  ( 1029): Supplicant not running, cannot connect
E/WifiHW  ( 1029): Supplicant not running, cannot connect
W/System.err( 1297): java.net.UnknownHostException: Unable to resolve host "cibn-iepg.longvisionmedia.com": No address associated with hostname
W/System.err( 1297):    at java.net.InetAddress.lookupHostByName(InetAddress.java:400)
W/System.err( 1297):    at java.net.InetAddress.getAllByNameImpl(InetAddress.java:242)
W/System.err( 1297):    at java.net.InetAddress.getAllByName(InetAddress.java:220)
W/System.err( 1297):    at org.apache.http.impl.conn.DefaultClientConnectionOperator.openConnection(DefaultClientConnectionOperator.java:137)
W/System.err( 1297):    at org.apache.http.impl.conn.AbstractPoolEntry.open(AbstractPoolEntry.java:164)
W/System.err( 1297):    at org.apache.http.impl.conn.AbstractPooledConnAdapter.open(AbstractPooledConnAdapter.java:119)
W/System.err( 1297):    at org.apache.http.impl.client.DefaultRequestDirector.execute(DefaultRequestDirector.java:360)
W/System.err( 1297):    at org.apache.http.impl.client.AbstractHttpClient.execute(AbstractHttpClient.java:555)
W/System.err( 1297):    at org.apache.http.impl.client.AbstractHttpClient.execute(AbstractHttpClient.java:487)
W/System.err( 1297):    at org.apache.http.impl.client.AbstractHttpClient.execute(AbstractHttpClient.java:465)
W/System.err( 1297):    at com.coship.cibn.MainActivity.isConnectToServerByHttp(MainActivity.java:991)
W/System.err( 1297):    at com.coship.cibn.MainActivity.access$2000(MainActivity.java:137)
W/System.err( 1297):    at com.coship.cibn.MainActivity$4.run(MainActivity.java:956)
W/System.err( 1297):    at java.lang.Thread.run(Thread.java:856)
I/MainActivity( 1297): Can't Connect to PortalMS-Server!  Address: http://cibn-iepg.longvisionmedia.com:8881
E/WifiHW  ( 1029): Supplicant not running, cannot connect
D/Step8SearchWirelessNetwork( 1842): refresh list
E/WifiHW  ( 1029): Supplicant not running, cannot connect
E/WifiHW  ( 1029): Supplicant not running, cannot connect
E/WifiStateMachine( 1029): Failed to setup control channel, restart supplicant
E/WifiHW  (  739): wifi_change_fw_path: STA
D/SoftapController(  739): Softap fwReload - Ok
W/CommandListener(  739): Failed to retrieve HW addr for wlan0 (No such device)
D/NetworkManagementService( 1029): rsp <213 00:00:00:00:00:00 0.0.0.0 0 [down]>
D/CommandListener(  739): Setting iface cfg
E/WifiStateMachine( 1029): Unable to change interface settings: java.lang.IllegalStateException: Unable to communicate with native daemon to interface setcfg - com.android.server.NativeDaemonConnectorException: Cmd {interface setcfg wlan0 0.0.0.0 0 [down]} failed with code 400 : {Failed to set address (No such device)}
D/WifiHW  ( 1029): config_file = /data/misc/wifi/wpa_supplicant.conf
D/WifiHW  ( 1029): ctl.start daemon_cmd = mrl_supplicant:-iwlan0 -c/data/misc/wifi/wpa_supplicant.conf
D/NetworkManagementService( 1029): flags <[down]>
I/wpa_supplicant( 3383): rfkill: Cannot open RFKILL control device
E/wpa_supplicant( 3383): Could not read interface wlan0 flags: No such device
E/wpa_supplicant( 3383): Could not read interface wlan0 flags: No such device
E/wpa_supplicant( 3383): Could not read interface wlan0 flags: No such device
E/wpa_supplicant( 3383): Could not read interface wlan0 flags: No such device
E/wpa_supplicant( 3383): Could not read interface wlan0 flags: No such device
E/wpa_supplicant( 3383): Could not read interface wlan0 flags: No such device
E/wpa_supplicant( 3383): Could not read interface wlan0 flags: No such device
E/wpa_supplicant( 3383): Could not read interface wlan0 flags: No such device
E/wpa_supplicant( 3383): Could not read interface wlan0 flags: No such device
E/wpa_supplicant( 3383): Could not read interface wlan0 flags: No such device
E/wpa_supplicant( 3383): Could not read interface wlan0 flags: No such device
E/wpa_supplicant( 3383): nl80211: Could not set interface 'wlan0' UP
E/wpa_supplicant( 3383): wlan0: Failed to initialize driver interface
W/System.err( 1297): java.net.UnknownHostException: Unable to resolve host "cibn-iepg.longvisionmedia.com": No address associated with hostname
W/System.err( 1297):    at java.net.InetAddress.lookupHostByName(InetAddress.java:426)
W/System.err( 1297):    at java.net.InetAddress.getAllByNameImpl(InetAddress.java:242)
W/System.err( 1297):    at java.net.InetAddress.getAllByName(InetAddress.java:220)
W/System.err( 1297):    at org.apache.http.impl.conn.DefaultClientConnectionOperator.openConnection(DefaultClientConnectionOperator.java:137)
W/System.err( 1297):    at org.apache.http.impl.conn.AbstractPoolEntry.open(AbstractPoolEntry.java:164)
W/System.err( 1297):    at org.apache.http.impl.conn.AbstractPooledConnAdapter.open(AbstractPooledConnAdapter.java:119)
W/System.err( 1297):    at org.apache.http.impl.client.DefaultRequestDirector.execute(DefaultRequestDirector.java:360)
W/System.err( 1297):    at org.apache.http.impl.client.AbstractHttpClient.execute(AbstractHttpClient.java:555)
W/System.err( 1297):    at org.apache.http.impl.client.AbstractHttpClient.execute(AbstractHttpClient.java:487)
W/System.err( 1297):    at org.apache.http.impl.client.AbstractHttpClient.execute(AbstractHttpClient.java:465)
W/System.err( 1297):    at com.coship.cibn.MainActivity.isConnectToServerByHttp(MainActivity.java:991)
W/System.err( 1297):    at com.coship.cibn.MainActivity.access$2000(MainActivity.java:137)
W/System.err( 1297):    at com.coship.cibn.MainActivity$4.run(MainActivity.java:956)
W/System.err( 1297):    at java.lang.Thread.run(Thread.java:856)
W/System.err( 1297): Caused by: libcore.io.GaiException: getaddrinfo failed: EAI_NODATA (No address associated with hostname)
W/System.err( 1297):    at libcore.io.Posix.getaddrinfo(Native Method)
W/System.err( 1297):    at libcore.io.ForwardingOs.getaddrinfo(ForwardingOs.java:55)
W/System.err( 1297):    at java.net.InetAddress.lookupHostByName(InetAddress.java:411)
W/System.err( 1297):    ... 13 more
I/MainActivity( 1297): Can't Connect to PortalMS-Server!  Address: http://cibn-iepg.longvisionmedia.com:8881
D/UploadCheckerService( 1418): Can't Connect to CIBN_SERVER_PATH!  Address: http://tms.cibntest.ysten.com:8080/
D/UploadCheckerService( 1418): Can't Connect to CIBN_SERVER_PATH!  retryTime is : 133
D/HomePlayerLib( 1767): hostaddress count is 1
D/dalvikvm( 1767): GC_CONCURRENT freed 1956K, 46% free 7244K/13315K, paused 2ms+4ms
W/System.err( 1297): java.net.UnknownHostException: Unable to resolve host "cibn-iepg.longvisionmedia.com": No address associated with hostname
W/System.err( 1297):    at java.net.InetAddress.lookupHostByName(InetAddress.java:400)
W/System.err( 1297):    at java.net.InetAddress.getAllByNameImpl(InetAddress.java:242)
W/System.err( 1297):    at java.net.InetAddress.getAllByName(InetAddress.java:220)
W/System.err( 1297):    at org.apache.http.impl.conn.DefaultClientConnectionOperator.openConnection(DefaultClientConnectionOperator.java:137)
W/System.err( 1297):    at org.apache.http.impl.conn.AbstractPoolEntry.open(AbstractPoolEntry.java:164)
W/System.err( 1297):    at org.apache.http.impl.conn.AbstractPooledConnAdapter.open(AbstractPooledConnAdapter.java:119)
W/System.err( 1297):    at org.apache.http.impl.client.DefaultRequestDirector.execute(DefaultRequestDirector.java:360)
W/System.err( 1297):    at org.apache.http.impl.client.AbstractHttpClient.execute(AbstractHttpClient.java:555)
W/System.err( 1297):    at org.apache.http.impl.client.AbstractHttpClient.execute(AbstractHttpClient.java:487)
W/System.err( 1297):    at org.apache.http.impl.client.AbstractHttpClient.execute(AbstractHttpClient.java:465)
W/System.err( 1297):    at com.coship.cibn.MainActivity.isConnectToServerByHttp(MainActivity.java:991)
W/System.err( 1297):    at com.coship.cibn.MainActivity.access$2000(MainActivity.java:137)
W/System.err( 1297):    at com.coship.cibn.MainActivity$4.run(MainActivity.java:956)
W/System.err( 1297):    at java.lang.Thread.run(Thread.java:856)
I/MainActivity( 1297): Can't Connect to PortalMS-Server!  Address: http://cibn-iepg.longvisionmedia.com:8881
V/MainActivity( 1297): get CIBN user msg from com.aidufei.cibn.uploadchecker db!
E/MainActivity( 1297): 用户帐号或者密码为null
W/System.err( 1297): java.net.UnknownHostException: Unable to resolve host "cibn-iepg.longvisionmedia.com": No address associated with hostname
W/System.err( 1297):    at java.net.InetAddress.lookupHostByName(InetAddress.java:400)
W/System.err( 1297):    at java.net.InetAddress.getAllByNameImpl(InetAddress.java:242)
W/System.err( 1297):    at java.net.InetAddress.getAllByName(InetAddress.java:220)
W/System.err( 1297):    at org.apache.http.impl.conn.DefaultClientConnectionOperator.openConnection(DefaultClientConnectionOperator.java:137)
W/System.err( 1297):    at org.apache.http.impl.conn.AbstractPoolEntry.open(AbstractPoolEntry.java:164)
W/System.err( 1297):    at org.apache.http.impl.conn.AbstractPooledConnAdapter.open(AbstractPooledConnAdapter.java:119)
W/System.err( 1297):    at org.apache.http.impl.client.DefaultRequestDirector.execute(DefaultRequestDirector.java:360)
W/System.err( 1297):    at org.apache.http.impl.client.AbstractHttpClient.execute(AbstractHttpClient.java:555)
W/System.err( 1297):    at org.apache.http.impl.client.AbstractHttpClient.execute(AbstractHttpClient.java:487)
W/System.err( 1297):    at org.apache.http.impl.client.AbstractHttpClient.execute(AbstractHttpClient.java:465)
W/System.err( 1297):    at com.coship.cibn.MainActivity.isConnectToServerByHttp(MainActivity.java:991)
W/System.err( 1297):    at com.coship.cibn.MainActivity.access$2000(MainActivity.java:137)
W/System.err( 1297):    at com.coship.cibn.MainActivity$4.run(MainActivity.java:956)
W/System.err( 1297):    at java.lang.Thread.run(Thread.java:856)
I/MainActivity( 1297): Can't Connect to PortalMS-Server!  Address: http://cibn-iepg.longvisionmedia.com:8881
D/UploadCheckerService( 1418): Can't Connect to CIBN_SERVER_PATH!  Address: http://tms.cibntest.ysten.com:8080/
D/UploadCheckerService( 1418): Can't Connect to CIBN_SERVER_PATH!  retryTime is : 134
E/WifiHW  ( 1029): Supplicant not running, cannot connect
D/CheckNetWork( 1750): isOk true
D/CheckNetWork( 1750): ActInfonull
E/WifiHW  ( 1029): Supplicant not running, cannot connect
E/WifiHW  ( 1029): Supplicant not running, cannot connect
W/System.err( 1297): java.net.UnknownHostException: Unable to resolve host "cibn-iepg.longvisionmedia.com": No address associated with hostname
W/System.err( 1297):    at java.net.InetAddress.lookupHostByName(InetAddress.java:426)
W/System.err( 1297):    at java.net.InetAddress.getAllByNameImpl(InetAddress.java:242)
W/System.err( 1297):    at java.net.InetAddress.getAllByName(InetAddress.java:220)
W/System.err( 1297):    at org.apache.http.impl.conn.DefaultClientConnectionOperator.openConnection(DefaultClientConnectionOperator.java:137)
W/System.err( 1297):    at org.apache.http.impl.conn.AbstractPoolEntry.open(AbstractPoolEntry.java:164)
W/System.err( 1297):    at org.apache.http.impl.conn.AbstractPooledConnAdapter.open(AbstractPooledConnAdapter.java:119)
W/System.err( 1297):    at org.apache.http.impl.client.DefaultRequestDirector.execute(DefaultRequestDirector.java:360)
W/System.err( 1297):    at org.apache.http.impl.client.AbstractHttpClient.execute(AbstractHttpClient.java:555)
W/System.err( 1297):    at org.apache.http.impl.client.AbstractHttpClient.execute(AbstractHttpClient.java:487)
W/System.err( 1297):    at org.apache.http.impl.client.AbstractHttpClient.execute(AbstractHttpClient.java:465)
W/System.err( 1297):    at com.coship.cibn.MainActivity.isConnectToServerByHttp(MainActivity.java:991)
W/System.err( 1297):    at com.coship.cibn.MainActivity.access$2000(MainActivity.java:137)
W/System.err( 1297):    at com.coship.cibn.MainActivity$4.run(MainActivity.java:956)
W/System.err( 1297):    at java.lang.Thread.run(Thread.java:856)
W/System.err( 1297): Caused by: libcore.io.GaiException: getaddrinfo failed: EAI_NODATA (No address associated with hostname)
W/System.err( 1297):    at libcore.io.Posix.getaddrinfo(Native Method)
W/System.err( 1297):    at libcore.io.ForwardingOs.getaddrinfo(ForwardingOs.java:55)
W/System.err( 1297):    at java.net.InetAddress.lookupHostByName(InetAddress.java:411)
W/System.err( 1297):    ... 13 more
I/MainActivity( 1297): Can't Connect to PortalMS-Server!  Address: http://cibn-iepg.longvisionmedia.com:8881
E/WifiHW  ( 1029): Supplicant not running, cannot connect
E/WifiHW  ( 1029): Supplicant not running, cannot connect
E/WifiStateMachine( 1029): Failed to setup control channel, restart supplicant
E/WifiHW  (  739): wifi_change_fw_path: STA
D/SoftapController(  739): Softap fwReload - Ok
W/CommandListener(  739): Failed to retrieve HW addr for wlan0 (No such device)
D/NetworkManagementService( 1029): rsp <213 00:00:00:00:00:00 0.0.0.0 0 [down]>
D/CommandListener(  739): Setting iface cfg
E/WifiStateMachine( 1029): Unable to change interface settings: java.lang.IllegalStateException: Unable to communicate with native daemon to interface setcfg - com.android.server.NativeDaemonConnectorException: Cmd {interface setcfg wlan0 0.0.0.0 0 [down]} failed with code 400 : {Failed to set address (No such device)}
D/WifiHW  ( 1029): config_file = /data/misc/wifi/wpa_supplicant.conf
D/WifiHW  ( 1029): ctl.start daemon_cmd = mrl_supplicant:-iwlan0 -c/data/misc/wifi/wpa_supplicant.conf
D/NetworkManagementService( 1029): flags <[down]>
I/wpa_supplicant( 3432): rfkill: Cannot open RFKILL control device
E/wpa_supplicant( 3432): Could not read interface wlan0 flags: No such device
E/wpa_supplicant( 3432): Could not read interface wlan0 flags: No such device
E/wpa_supplicant( 3432): Could not read interface wlan0 flags: No such device
E/wpa_supplicant( 3432): Could not read interface wlan0 flags: No such device
E/wpa_supplicant( 3432): Could not read interface wlan0 flags: No such device
E/wpa_supplicant( 3432): Could not read interface wlan0 flags: No such device
E/wpa_supplicant( 3432): Could not read interface wlan0 flags: No such device
E/wpa_supplicant( 3432): Could not read interface wlan0 flags: No such device
E/wpa_supplicant( 3432): Could not read interface wlan0 flags: No such device
D/HomePlayerLib( 1767): hostaddress count is 1
E/wpa_supplicant( 3432): Could not read interface wlan0 flags: No such device
D/dalvikvm( 1767): GC_CONCURRENT freed 1963K, 45% free 7415K/13315K, paused 2ms+4ms
E/wpa_supplicant( 3432): Could not read interface wlan0 flags: No such device
E/wpa_supplicant( 3432): nl80211: Could not set interface 'wlan0' UP
E/wpa_supplicant( 3432): wlan0: Failed to initialize driver interface
D/dalvikvm( 1767): GC_CONCURRENT freed 2107K, 45% free 7356K/13315K, paused 3ms+4ms
W/System.err( 1297): java.net.UnknownHostException: Unable to resolve host "cibn-iepg.longvisionmedia.com": No address associated with hostname
W/System.err( 1297):    at java.net.InetAddress.lookupHostByName(InetAddress.java:400)
W/System.err( 1297):    at java.net.InetAddress.getAllByNameImpl(InetAddress.java:242)
W/System.err( 1297):    at java.net.InetAddress.getAllByName(InetAddress.java:220)
W/System.err( 1297):    at org.apache.http.impl.conn.DefaultClientConnectionOperator.openConnection(DefaultClientConnectionOperator.java:137)
W/System.err( 1297):    at org.apache.http.impl.conn.AbstractPoolEntry.open(AbstractPoolEntry.java:164)
W/System.err( 1297):    at org.apache.http.impl.conn.AbstractPooledConnAdapter.open(AbstractPooledConnAdapter.java:119)
W/System.err( 1297):    at org.apache.http.impl.client.DefaultRequestDirector.execute(DefaultRequestDirector.java:360)
W/System.err( 1297):    at org.apache.http.impl.client.AbstractHttpClient.execute(AbstractHttpClient.java:555)
W/System.err( 1297):    at org.apache.http.impl.client.AbstractHttpClient.execute(AbstractHttpClient.java:487)
W/System.err( 1297):    at org.apache.http.impl.client.AbstractHttpClient.execute(AbstractHttpClient.java:465)
W/System.err( 1297):    at com.coship.cibn.MainActivity.isConnectToServerByHttp(MainActivity.java:991)
W/System.err( 1297):    at com.coship.cibn.MainActivity.access$2000(MainActivity.java:137)
W/System.err( 1297):    at com.coship.cibn.MainActivity$4.run(MainActivity.java:956)
W/System.err( 1297):    at java.lang.Thread.run(Thread.java:856)
I/MainActivity( 1297): Can't Connect to PortalMS-Server!  Address: http://cibn-iepg.longvisionmedia.com:8881
D/UploadCheckerService( 1418): Can't Connect to CIBN_SERVER_PATH!  Address: http://tms.cibntest.ysten.com:8080/
D/UploadCheckerService( 1418): Can't Connect to CIBN_SERVER_PATH!  retryTime is : 135
D/Step8SearchWirelessNetwork( 1842): refresh list
D/dhcpcd  ( 1979): sending DHCP_DISCOVER with xid 0xd0554e06, next in 64.96 seconds
W/System.err( 1297): java.net.UnknownHostException: Unable to resolve host "cibn-iepg.longvisionmedia.com": No address associated with hostname
W/System.err( 1297):    at java.net.InetAddress.lookupHostByName(InetAddress.java:400)
W/System.err( 1297):    at java.net.InetAddress.getAllByNameImpl(InetAddress.java:242)
W/System.err( 1297):    at java.net.InetAddress.getAllByName(InetAddress.java:220)
W/System.err( 1297):    at org.apache.http.impl.conn.DefaultClientConnectionOperator.openConnection(DefaultClientConnectionOperator.java:137)
W/System.err( 1297):    at org.apache.http.impl.conn.AbstractPoolEntry.open(AbstractPoolEntry.java:164)
W/System.err( 1297):    at org.apache.http.impl.conn.AbstractPooledConnAdapter.open(AbstractPooledConnAdapter.java:119)
W/System.err( 1297):    at org.apache.http.impl.client.DefaultRequestDirector.execute(DefaultRequestDirector.java:360)
W/System.err( 1297):    at org.apache.http.impl.client.AbstractHttpClient.execute(AbstractHttpClient.java:555)
W/System.err( 1297):    at org.apache.http.impl.client.AbstractHttpClient.execute(AbstractHttpClient.java:487)
W/System.err( 1297):    at org.apache.http.impl.client.AbstractHttpClient.execute(AbstractHttpClient.java:465)
W/System.err( 1297):    at com.coship.cibn.MainActivity.isConnectToServerByHttp(MainActivity.java:991)
W/System.err( 1297):    at com.coship.cibn.MainActivity.access$2000(MainActivity.java:137)
W/System.err( 1297):    at com.coship.cibn.MainActivity$4.run(MainActivity.java:956)
W/System.err( 1297):    at java.lang.Thread.run(Thread.java:856)
I/MainActivity( 1297): Can't Connect to PortalMS-Server!  Address: http://cibn-iepg.longvisionmedia.com:8881
E/dhcpcd  ( 1979): timed out
D/dhcpcd  ( 1979): executing `/system/etc/dhcpcd/dhcpcd-run-hooks', reason FAIL
D/dhcpcd  ( 1979): broadcasting for a lease
D/dhcpcd  ( 1979): sending DHCP_DISCOVER with xid 0xc74ef0ee, next in 4.00 seconds
W/System.err( 1297): java.net.UnknownHostException: Unable to resolve host "cibn-iepg.longvisionmedia.com": No address associated with hostname
W/System.err( 1297):    at java.net.InetAddress.lookupHostByName(InetAddress.java:426)
W/System.err( 1297):    at java.net.InetAddress.getAllByNameImpl(InetAddress.java:242)
W/System.err( 1297):    at java.net.InetAddress.getAllByName(InetAddress.java:220)
W/System.err( 1297):    at org.apache.http.impl.conn.DefaultClientConnectionOperator.openConnection(DefaultClientConnectionOperator.java:137)
W/System.err( 1297):    at org.apache.http.impl.conn.AbstractPoolEntry.open(AbstractPoolEntry.java:164)
W/System.err( 1297):    at org.apache.http.impl.conn.AbstractPooledConnAdapter.open(AbstractPooledConnAdapter.java:119)
W/System.err( 1297):    at org.apache.http.impl.client.DefaultRequestDirector.execute(DefaultRequestDirector.java:360)
W/System.err( 1297):    at org.apache.http.impl.client.AbstractHttpClient.execute(AbstractHttpClient.java:555)
W/System.err( 1297):    at org.apache.http.impl.client.AbstractHttpClient.execute(AbstractHttpClient.java:487)
W/System.err( 1297):    at org.apache.http.impl.client.AbstractHttpClient.execute(AbstractHttpClient.java:465)
W/System.err( 1297):    at com.coship.cibn.MainActivity.isConnectToServerByHttp(MainActivity.java:991)
W/System.err( 1297):    at com.coship.cibn.MainActivity.access$2000(MainActivity.java:137)
W/System.err( 1297):    at com.coship.cibn.MainActivity$4.run(MainActivity.java:956)
W/System.err( 1297):    at java.lang.Thread.run(Thread.java:856)
W/System.err( 1297): Caused by: libcore.io.GaiException: getaddrinfo failed: EAI_NODATA (No address associated with hostname)
W/System.err( 1297):    at libcore.io.Posix.getaddrinfo(Native Method)
W/System.err( 1297):    at libcore.io.ForwardingOs.getaddrinfo(ForwardingOs.java:55)
