D/NetFirmwareService( 1249): DownloadConstants.TASK_STATUS_RUNNING
D/NetFirmwareService( 1249): MSG_UPDATE_PACKAGE_STATUS_CHANGE
V/NetFirmwareService( 1249): percentValue--->36
D/dalvikvm( 1494): GC_CONCURRENT freed 444K, 77% free 1348K/5827K, paused 22ms+2ms
V/DownloadTask( 1249): finishedThreadNum--->0
V/DownloadTask( 1249): mThreadNum--->2
D/NetFirmwareService( 1249): DownloadConstants.TASK_STATUS_RUNNING
D/NetFirmwareService( 1249): MSG_UPDATE_PACKAGE_STATUS_CHANGE
V/NetFirmwareService( 1249): percentValue--->36
D/dalvikvm( 1494): GC_CONCURRENT freed 448K, 76% free 1407K/5827K, paused 28ms+1ms
D/CheckNetWork( 1719): isOk true
D/CheckNetWork( 1719): ActInfoNetworkInfo: type: WIFI[], state: CONNECTED/CONNECTED, reason: (unspecified), extra: (none), roaming: false, failover: false, isAvailable: true
D/CheckNetWork( 1719): infoNetworkInfo: type: WIFI[], state: CONNECTED/CONNECTED, reason: (unspecified), extra: (none), roaming: false, failover: false, isAvailable: true
V/DownloadTask( 1249): finishedThreadNum--->0
V/DownloadTask( 1249): mThreadNum--->2
D/NetFirmwareService( 1249): DownloadConstants.TASK_STATUS_RUNNING
D/NetFirmwareService( 1249): MSG_UPDATE_PACKAGE_STATUS_CHANGE
V/NetFirmwareService( 1249): percentValue--->36
D/dalvikvm( 1719): GC_CONCURRENT freed 327K, 70% free 1749K/5827K, paused 100ms+3ms
D/dalvikvm( 1877): GC_CONCURRENT freed 1977K, 18% free 31920K/38659K, paused 4ms+12ms
D/dalvikvm( 1494): GC_CONCURRENT freed 501K, 77% free 1369K/5827K, paused 62ms+1ms
E/StrictMode( 1719): A resource was acquired at attached stack trace but never released. See java.io.Closeable for information on avoiding resource leaks.
E/StrictMode( 1719): java.lang.Throwable: Explicit termination method 'close' not called
E/StrictMode( 1719):    at dalvik.system.CloseGuard.open(CloseGuard.java:184)
E/StrictMode( 1719):    at android.content.ContentResolver$CursorWrapperInner.<init>(ContentResolver.java:1582)
E/StrictMode( 1719):    at android.content.ContentResolver.query(ContentResolver.java:321)
E/StrictMode( 1719):    at com.iflytek.msc.a.a.c(Unknown Source)
E/StrictMode( 1719):    at com.iflytek.msc.a.a.a(Unknown Source)
E/StrictMode( 1719):    at com.iflytek.b.c.a(Unknown Source)
E/StrictMode( 1719):    at com.iflytek.b.c.c(Unknown Source)
E/StrictMode( 1719):    at com.iflytek.b.c.a(Unknown Source)
E/StrictMode( 1719):    at com.iflytek.msc.b.b.a(Unknown Source)
E/StrictMode( 1719):    at com.iflytek.speech.SpeechRecognizer.b(Unknown Source)
E/StrictMode( 1719):    at com.iflytek.msc.c.d.run(Unknown Source)
V/DownloadTask( 1249): finishedThreadNum--->0
V/DownloadTask( 1249): mThreadNum--->2
D/NetFirmwareService( 1249): DownloadConstants.TASK_STATUS_RUNNING
D/NetFirmwareService( 1249): MSG_UPDATE_PACKAGE_STATUS_CHANGE
V/NetFirmwareService( 1249): percentValue--->36
W/CursorWrapperInner( 1719): Cursor finalized without prior close()
E/StrictMode( 1719): A resource was acquired at attached stack trace but never released. See java.io.Closeable for information on avoiding resource leaks.
E/StrictMode( 1719): java.lang.Throwable: Explicit termination method 'close' not called
E/StrictMode( 1719):    at dalvik.system.CloseGuard.open(CloseGuard.java:184)
E/StrictMode( 1719):    at android.content.ContentResolver$CursorWrapperInner.<init>(ContentResolver.java:1582)
E/StrictMode( 1719):    at android.content.ContentResolver.query(ContentResolver.java:321)
E/StrictMode( 1719):    at com.iflytek.msc.a.a.c(Unknown Source)
E/StrictMode( 1719):    at com.iflytek.msc.a.a.a(Unknown Source)
E/StrictMode( 1719):    at com.iflytek.b.c.a(Unknown Source)
E/StrictMode( 1719):    at com.iflytek.b.c.c(Unknown Source)
E/StrictMode( 1719):    at com.iflytek.b.c.a(Unknown Source)
E/StrictMode( 1719):    at com.iflytek.msc.e.a.a(Unknown Source)
E/StrictMode( 1719):    at com.iflytek.speech.c.b(Unknown Source)
E/StrictMode( 1719):    at com.iflytek.msc.c.d.run(Unknown Source)
W/CursorWrapperInner( 1719): Cursor finalized without prior close()
D/WriteDataInStorageThread( 1249): sendDataInStack --data length =524288 offset =32505856 file name = filePart0
D/WriteDataInStorageThread( 1249): write data  Pos=32505856   Length =524288  Thread =filePart0
V/DownloadTask( 1249): finishedThreadNum--->0
V/DownloadTask( 1249): mThreadNum--->2
D/NetFirmwareService( 1249): DownloadConstants.TASK_STATUS_RUNNING
D/NetFirmwareService( 1249): MSG_UPDATE_PACKAGE_STATUS_CHANGE
V/NetFirmwareService( 1249): percentValue--->36
D/dalvikvm( 1494): GC_CONCURRENT freed 457K, 76% free 1422K/5827K, paused 25ms+1ms
D/dalvikvm( 1249): GC_CONCURRENT freed 1932K, 47% free 6727K/12483K, paused 2ms+3ms
V/DownloadTask( 1249): finishedThreadNum--->0
V/DownloadTask( 1249): mThreadNum--->2
D/NetFirmwareService( 1249): DownloadConstants.TASK_STATUS_RUNNING
D/NetFirmwareService( 1249): MSG_UPDATE_PACKAGE_STATUS_CHANGE
V/NetFirmwareService( 1249): percentValue--->36
D/WriteDataInStorageThread( 1249): sendDataInStack --data length =524288 offset =122708535 file name = filePart1
D/WriteDataInStorageThread( 1249): write data  Pos=122708535   Length =524288  Thread =filePart1
D/dalvikvm( 1494): GC_CONCURRENT freed 585K, 78% free 1338K/5827K, paused 48ms+1ms
V/DownloadTask( 1249): finishedThreadNum--->0
V/DownloadTask( 1249): mThreadNum--->2
D/NetFirmwareService( 1249): DownloadConstants.TASK_STATUS_RUNNING
D/NetFirmwareService( 1249): MSG_UPDATE_PACKAGE_STATUS_CHANGE
V/NetFirmwareService( 1249): percentValue--->36
D/HomePlayerLib( 1494): hostaddress count is 1
D/dalvikvm( 1494): GC_CONCURRENT freed 439K, 76% free 1420K/5827K, paused 1ms+3ms
V/DownloadTask( 1249): finishedThreadNum--->0
V/DownloadTask( 1249): mThreadNum--->2
D/NetFirmwareService( 1249): DownloadConstants.TASK_STATUS_RUNNING
D/NetFirmwareService( 1249): MSG_UPDATE_PACKAGE_STATUS_CHANGE
V/NetFirmwareService( 1249): percentValue--->36
D/dalvikvm( 1877): GC_CONCURRENT freed 1991K, 18% free 31901K/38659K, paused 2ms+15ms
D/dalvikvm( 1494): GC_CONCURRENT freed 489K, 76% free 1438K/5827K, paused 0ms+1ms
V/DownloadTask( 1249): finishedThreadNum--->0
V/DownloadTask( 1249): mThreadNum--->2
D/NetFirmwareService( 1249): DownloadConstants.TASK_STATUS_RUNNING
D/NetFirmwareService( 1249): MSG_UPDATE_PACKAGE_STATUS_CHANGE
V/NetFirmwareService( 1249): percentValue--->36
D/SlideManagerRootImpl( 1223): slideTo = 2
D/dalvikvm( 1494): GC_CONCURRENT freed 525K, 78% free 1331K/5827K, paused 1ms+1ms
V/DownloadTask( 1249): finishedThreadNum--->0
V/DownloadTask( 1249): mThreadNum--->2
D/NetFirmwareService( 1249): DownloadConstants.TASK_STATUS_RUNNING
D/NetFirmwareService( 1249): MSG_UPDATE_PACKAGE_STATUS_CHANGE
V/NetFirmwareService( 1249): percentValue--->36
D/dalvikvm( 1494): GC_CONCURRENT freed 424K, 76% free 1416K/5827K, paused 56ms+3ms
V/DownloadTask( 1249): finishedThreadNum--->0
V/DownloadTask( 1249): mThreadNum--->2
D/NetFirmwareService( 1249): DownloadConstants.TASK_STATUS_RUNNING
D/NetFirmwareService( 1249): MSG_UPDATE_PACKAGE_STATUS_CHANGE
V/NetFirmwareService( 1249): percentValue--->36
D/dalvikvm( 1494): GC_CONCURRENT freed 509K, 76% free 1419K/5827K, paused 63ms+1ms
V/DownloadTask( 1249): finishedThreadNum--->0
V/DownloadTask( 1249): mThreadNum--->2
D/NetFirmwareService( 1249): DownloadConstants.TASK_STATUS_RUNNING
D/NetFirmwareService( 1249): MSG_UPDATE_PACKAGE_STATUS_CHANGE
V/NetFirmwareService( 1249): percentValue--->36
D/dalvikvm( 1877): GC_CONCURRENT freed 1969K, 18% free 31891K/38659K, paused 3ms+10ms
D/dalvikvm( 1494): GC_CONCURRENT freed 520K, 77% free 1345K/5827K, paused 32ms+2ms
V/DownloadTask( 1249): finishedThreadNum--->0
V/DownloadTask( 1249): mThreadNum--->2
D/NetFirmwareService( 1249): DownloadConstants.TASK_STATUS_RUNNING
D/NetFirmwareService( 1249): MSG_UPDATE_PACKAGE_STATUS_CHANGE
V/NetFirmwareService( 1249): percentValue--->36
D/dalvikvm( 1494): GC_CONCURRENT freed 431K, 76% free 1423K/5827K, paused 66ms+1ms
V/DownloadTask( 1249): finishedThreadNum--->0
V/DownloadTask( 1249): mThreadNum--->2
D/NetFirmwareService( 1249): DownloadConstants.TASK_STATUS_RUNNING
D/NetFirmwareService( 1249): MSG_UPDATE_PACKAGE_STATUS_CHANGE
V/NetFirmwareService( 1249): percentValue--->36
D/dalvikvm( 1494): GC_CONCURRENT freed 501K, 77% free 1386K/5827K, paused 1ms+2ms
V/DownloadTask( 1249): finishedThreadNum--->0
V/DownloadTask( 1249): mThreadNum--->2
D/NetFirmwareService( 1249): DownloadConstants.TASK_STATUS_RUNNING
D/NetFirmwareService( 1249): MSG_UPDATE_PACKAGE_STATUS_CHANGE
V/NetFirmwareService( 1249): percentValue--->36
D/dalvikvm( 1494): GC_CONCURRENT freed 467K, 77% free 1396K/5827K, paused 2ms+43ms
V/DownloadTask( 1249): finishedThreadNum--->0
V/DownloadTask( 1249): mThreadNum--->2
D/NetFirmwareService( 1249): DownloadConstants.TASK_STATUS_RUNNING
D/NetFirmwareService( 1249): MSG_UPDATE_PACKAGE_STATUS_CHANGE
V/NetFirmwareService( 1249): percentValue--->36
D/dalvikvm( 1877): GC_CONCURRENT freed 1965K, 18% free 31903K/38659K, paused 3ms+11ms
V/DownloadTask( 1249): finishedThreadNum--->0
V/DownloadTask( 1249): mThreadNum--->2
D/NetFirmwareService( 1249): DownloadConstants.TASK_STATUS_RUNNING
D/NetFirmwareService( 1249): MSG_UPDATE_PACKAGE_STATUS_CHANGE
V/NetFirmwareService( 1249): percentValue--->36
D/dalvikvm( 1494): GC_CONCURRENT freed 479K, 77% free 1390K/5827K, paused 1ms+56ms
V/DownloadTask( 1249): finishedThreadNum--->0
V/DownloadTask( 1249): mThreadNum--->2
D/NetFirmwareService( 1249): DownloadConstants.TASK_STATUS_RUNNING
D/NetFirmwareService( 1249): MSG_UPDATE_PACKAGE_STATUS_CHANGE
V/NetFirmwareService( 1249): percentValue--->36
V/DownloadTask( 1249): finishedThreadNum--->0
V/DownloadTask( 1249): mThreadNum--->2
D/NetFirmwareService( 1249): DownloadConstants.TASK_STATUS_RUNNING
D/NetFirmwareService( 1249): MSG_UPDATE_PACKAGE_STATUS_CHANGE
V/NetFirmwareService( 1249): percentValue--->36
D/WriteDataInStorageThread( 1249): sendDataInStack --data length =524288 offset =33030144 file name = filePart0
D/WriteDataInStorageThread( 1249): write data  Pos=33030144   Length =524288  Thread =filePart0
D/dalvikvm( 1494): GC_CONCURRENT freed 475K, 77% free 1356K/5827K, paused 1ms+19ms
V/DownloadTask( 1249): finishedThreadNum--->0
V/DownloadTask( 1249): mThreadNum--->2
D/NetFirmwareService( 1249): DownloadConstants.TASK_STATUS_RUNNING
D/NetFirmwareService( 1249): MSG_UPDATE_PACKAGE_STATUS_CHANGE
V/NetFirmwareService( 1249): percentValue--->36
D/dalvikvm( 1877): GC_CONCURRENT freed 1974K, 18% free 31902K/38659K, paused 4ms+12ms
D/WriteDataInStorageThread( 1249): sendDataInStack --data length =524288 offset =123232823 file name = filePart1
D/WriteDataInStorageThread( 1249): write data  Pos=123232823   Length =524288  Thread =filePart1
V/DownloadTask( 1249): finishedThreadNum--->0
V/DownloadTask( 1249): mThreadNum--->2
D/NetFirmwareService( 1249): DownloadConstants.TASK_STATUS_RUNNING
D/NetFirmwareService( 1249): MSG_UPDATE_PACKAGE_STATUS_CHANGE
V/NetFirmwareService( 1249): percentValue--->37
D/SlideManagerRootImpl( 1223): slideTo = 3
D/dalvikvm( 1494): GC_CONCURRENT freed 443K, 76% free 1407K/5827K, paused 0ms+1ms
V/DownloadTask( 1249): finishedThreadNum--->0
V/DownloadTask( 1249): mThreadNum--->2
D/NetFirmwareService( 1249): DownloadConstants.TASK_STATUS_RUNNING
D/NetFirmwareService( 1249): MSG_UPDATE_PACKAGE_STATUS_CHANGE
V/NetFirmwareService( 1249): percentValue--->37
D/dalvikvm( 1494): GC_CONCURRENT freed 490K, 76% free 1416K/5827K, paused 25ms+25ms
V/DownloadTask( 1249): finishedThreadNum--->0
V/DownloadTask( 1249): mThreadNum--->2
D/NetFirmwareService( 1249): DownloadConstants.TASK_STATUS_RUNNING
D/NetFirmwareService( 1249): MSG_UPDATE_PACKAGE_STATUS_CHANGE
V/NetFirmwareService( 1249): percentValue--->37
D/dalvikvm( 1494): GC_CONCURRENT freed 503K, 78% free 1328K/5827K, paused 1ms+1ms
V/DownloadTask( 1249): finishedThreadNum--->0
V/DownloadTask( 1249): mThreadNum--->2
D/NetFirmwareService( 1249): DownloadConstants.TASK_STATUS_RUNNING
D/NetFirmwareService( 1249): MSG_UPDATE_PACKAGE_STATUS_CHANGE
V/NetFirmwareService( 1249): percentValue--->37
D/dalvikvm( 1877): GC_CONCURRENT freed 1975K, 18% free 31891K/38659K, paused 3ms+11ms
D/dalvikvm( 1494): GC_CONCURRENT freed 418K, 76% free 1420K/5827K, paused 1ms+20ms
V/DownloadTask( 1249): finishedThreadNum--->0
V/DownloadTask( 1249): mThreadNum--->2
D/NetFirmwareService( 1249): DownloadConstants.TASK_STATUS_RUNNING
D/NetFirmwareService( 1249): MSG_UPDATE_PACKAGE_STATUS_CHANGE
V/NetFirmwareService( 1249): percentValue--->37
V/DownloadTask( 1249): finishedThreadNum--->0
V/DownloadTask( 1249): mThreadNum--->2
D/NetFirmwareService( 1249): DownloadConstants.TASK_STATUS_RUNNING
D/NetFirmwareService( 1249): MSG_UPDATE_PACKAGE_STATUS_CHANGE
V/NetFirmwareService( 1249): percentValue--->37
D/dalvikvm( 1494): GC_CONCURRENT freed 517K, 76% free 1412K/5827K, paused 0ms+1ms
V/DownloadTask( 1249): finishedThreadNum--->0
V/DownloadTask( 1249): mThreadNum--->2
D/NetFirmwareService( 1249): DownloadConstants.TASK_STATUS_RUNNING
D/NetFirmwareService( 1249): MSG_UPDATE_PACKAGE_STATUS_CHANGE
V/NetFirmwareService( 1249): percentValue--->37
D/dalvikvm( 1494): GC_CONCURRENT freed 489K, 78% free 1315K/5827K, paused 2ms+2ms
D/dalvikvm( 1877): GC_CONCURRENT freed 1970K, 18% free 31845K/38659K, paused 2ms+8ms
V/DownloadTask( 1249): finishedThreadNum--->0
V/DownloadTask( 1249): mThreadNum--->2
D/NetFirmwareService( 1249): DownloadConstants.TASK_STATUS_RUNNING
D/NetFirmwareService( 1249): MSG_UPDATE_PACKAGE_STATUS_CHANGE
V/NetFirmwareService( 1249): percentValue--->37
D/dalvikvm( 1494): GC_CONCURRENT freed 406K, 76% free 1421K/5827K, paused 26ms+6ms
V/DownloadTask( 1249): finishedThreadNum--->0
V/DownloadTask( 1249): mThreadNum--->2
D/NetFirmwareService( 1249): DownloadConstants.TASK_STATUS_RUNNING
D/NetFirmwareService( 1249): MSG_UPDATE_PACKAGE_STATUS_CHANGE
V/NetFirmwareService( 1249): percentValue--->37
D/dalvikvm( 1494): GC_CONCURRENT freed 517K, 76% free 1412K/5827K, paused 17ms+1ms
V/DownloadTask( 1249): finishedThreadNum--->0
V/DownloadTask( 1249): mThreadNum--->2
D/NetFirmwareService( 1249): DownloadConstants.TASK_STATUS_RUNNING
D/NetFirmwareService( 1249): MSG_UPDATE_PACKAGE_STATUS_CHANGE
V/NetFirmwareService( 1249): percentValue--->37
D/dalvikvm( 1494): GC_CONCURRENT freed 487K, 78% free 1315K/5827K, paused 0ms+2ms
V/DownloadTask( 1249): finishedThreadNum--->0
V/DownloadTask( 1249): mThreadNum--->2
D/NetFirmwareService( 1249): DownloadConstants.TASK_STATUS_RUNNING
D/NetFirmwareService( 1249): MSG_UPDATE_PACKAGE_STATUS_CHANGE
V/NetFirmwareService( 1249): percentValue--->37
D/WriteDataInStorageThread( 1249): sendDataInStack --data length =524288 offset =123757111 file name = filePart1
D/WriteDataInStorageThread( 1249): write data  Pos=123757111   Length =524288  Thread =filePart1
D/dalvikvm( 1494): GC_CONCURRENT freed 404K, 78% free 1306K/5827K, paused 29ms+2ms
D/dalvikvm( 1877): GC_CONCURRENT freed 1938K, 18% free 31917K/38659K, paused 10ms+11ms
V/DownloadTask( 1249): finishedThreadNum--->0
V/DownloadTask( 1249): mThreadNum--->2
D/NetFirmwareService( 1249): DownloadConstants.TASK_STATUS_RUNNING
D/NetFirmwareService( 1249): MSG_UPDATE_PACKAGE_STATUS_CHANGE
V/NetFirmwareService( 1249): percentValue--->37
D/dalvikvm( 1494): GC_CONCURRENT freed 396K, 76% free 1402K/5827K, paused 45ms+1ms
V/DownloadTask( 1249): finishedThreadNum--->0
V/DownloadTask( 1249): mThreadNum--->2
D/NetFirmwareService( 1249): DownloadConstants.TASK_STATUS_RUNNING
D/NetFirmwareService( 1249): MSG_UPDATE_PACKAGE_STATUS_CHANGE
V/NetFirmwareService( 1249): percentValue--->37
D/SlideManagerRootImpl( 1223): slideTo = 4
D/WriteDataInStorageThread( 1249): sendDataInStack --data length =524288 offset =33554432 file name = filePart0
D/WriteDataInStorageThread( 1249): write data  Pos=33554432   Length =524288  Thread =filePart0
V/DownloadTask( 1249): finishedThreadNum--->0
V/DownloadTask( 1249): mThreadNum--->2
D/NetFirmwareService( 1249): DownloadConstants.TASK_STATUS_RUNNING
D/NetFirmwareService( 1249): MSG_UPDATE_PACKAGE_STATUS_CHANGE
V/NetFirmwareService( 1249): percentValue--->37
D/dalvikvm( 1494): GC_CONCURRENT freed 487K, 76% free 1416K/5827K, paused 24ms+1ms
D/dalvikvm( 1249): GC_CONCURRENT freed 1928K, 47% free 6729K/12483K, paused 3ms+2ms
V/DownloadTask( 1249): finishedThreadNum--->0
V/DownloadTask( 1249): mThreadNum--->2
D/NetFirmwareService( 1249): DownloadConstants.TASK_STATUS_RUNNING
D/NetFirmwareService( 1249): MSG_UPDATE_PACKAGE_STATUS_CHANGE
V/NetFirmwareService( 1249): percentValue--->37
D/dalvikvm( 1494): GC_CONCURRENT freed 502K, 75% free 1511K/5827K, paused 69ms+1ms
D/HomePlayerLib( 1494): hostaddress count is 1
D/dalvikvm( 1877): GC_CONCURRENT freed 1998K, 18% free 31907K/38659K, paused 2ms+8ms
V/DownloadTask( 1249): finishedThreadNum--->0
V/DownloadTask( 1249): mThreadNum--->2
D/NetFirmwareService( 1249): DownloadConstants.TASK_STATUS_RUNNING
D/NetFirmwareService( 1249): MSG_UPDATE_PACKAGE_STATUS_CHANGE
V/NetFirmwareService( 1249): percentValue--->37
D/dalvikvm( 1494): GC_CONCURRENT freed 599K, 77% free 1373K/5827K, paused 1ms+64ms
V/DownloadTask( 1249): finishedThreadNum--->0
V/DownloadTask( 1249): mThreadNum--->2
D/NetFirmwareService( 1249): DownloadConstants.TASK_STATUS_RUNNING
D/NetFirmwareService( 1249): MSG_UPDATE_PACKAGE_STATUS_CHANGE
V/NetFirmwareService( 1249): percentValue--->37
V/DownloadTask( 1249): finishedThreadNum--->0
V/DownloadTask( 1249): mThreadNum--->2
D/NetFirmwareService( 1249): DownloadConstants.TASK_STATUS_RUNNING
D/NetFirmwareService( 1249): MSG_UPDATE_PACKAGE_STATUS_CHANGE
V/NetFirmwareService( 1249): percentValue--->37
D/dalvikvm( 1494): GC_CONCURRENT freed 461K, 76% free 1432K/5827K, paused 3ms+1ms
D/dalvikvm( 1494): GC_CONCURRENT freed 509K, 76% free 1418K/5827K, paused 2ms+1ms
V/DownloadTask( 1249): finishedThreadNum--->0
V/DownloadTask( 1249): mThreadNum--->2
D/NetFirmwareService( 1249): DownloadConstants.TASK_STATUS_RUNNING
D/NetFirmwareService( 1249): MSG_UPDATE_PACKAGE_STATUS_CHANGE
V/NetFirmwareService( 1249): percentValue--->37
D/PushMsgCenter( 1688): mDownUpRun run while (true)
D/PushMsgCenter( 1688): down  
D/dalvikvm( 1877): GC_CONCURRENT freed 1984K, 18% free 31893K/38659K, paused 2ms+15ms
D/dalvikvm( 1494): GC_CONCURRENT freed 513K, 77% free 1352K/5827K, paused 0ms+1ms
V/DownloadTask( 1249): finishedThreadNum--->0
V/DownloadTask( 1249): mThreadNum--->2
D/NetFirmwareService( 1249): DownloadConstants.TASK_STATUS_RUNNING
D/NetFirmwareService( 1249): MSG_UPDATE_PACKAGE_STATUS_CHANGE
V/NetFirmwareService( 1249): percentValue--->37
D/dalvikvm( 1494): GC_CONCURRENT freed 439K, 76% free 1424K/5827K, paused 6ms+69ms
V/DownloadTask( 1249): finishedThreadNum--->0
V/DownloadTask( 1249): mThreadNum--->2
D/NetFirmwareService( 1249): DownloadConstants.TASK_STATUS_RUNNING
D/NetFirmwareService( 1249): MSG_UPDATE_PACKAGE_STATUS_CHANGE
V/NetFirmwareService( 1249): percentValue--->37
D/dalvikvm( 1494): GC_CONCURRENT freed 500K, 76% free 1435K/5827K, paused 41ms+2ms
V/DownloadTask( 1249): finishedThreadNum--->0
V/DownloadTask( 1249): mThreadNum--->2
D/NetFirmwareService( 1249): DownloadConstants.TASK_STATUS_RUNNING
D/NetFirmwareService( 1249): MSG_UPDATE_PACKAGE_STATUS_CHANGE
V/NetFirmwareService( 1249): percentValue--->37
V/DownloadTask( 1249): finishedThreadNum--->0
V/DownloadTask( 1249): mThreadNum--->2
D/NetFirmwareService( 1249): DownloadConstants.TASK_STATUS_RUNNING
D/NetFirmwareService( 1249): MSG_UPDATE_PACKAGE_STATUS_CHANGE
V/NetFirmwareService( 1249): percentValue--->37
D/dalvikvm( 1494): GC_CONCURRENT freed 529K, 76% free 1412K/5827K, paused 19ms+72ms
D/WriteDataInStorageThread( 1249): sendDataInStack --data length =524288 offset =124281399 file name = filePart1
D/WriteDataInStorageThread( 1249): write data  Pos=124281399   Length =524288  Thread =filePart1
D/dalvikvm( 1877): GC_CONCURRENT freed 1973K, 18% free 31887K/38659K, paused 3ms+11ms
V/DownloadTask( 1249): finishedThreadNum--->0
V/DownloadTask( 1249): mThreadNum--->2
D/NetFirmwareService( 1249): DownloadConstants.TASK_STATUS_RUNNING
D/NetFirmwareService( 1249): MSG_UPDATE_PACKAGE_STATUS_CHANGE
V/NetFirmwareService( 1249): percentValue--->38
D/dalvikvm( 1494): GC_CONCURRENT freed 492K, 77% free 1394K/5827K, paused 6ms+24ms
D/WriteDataInStorageThread( 1249): sendDataInStack --data length =524288 offset =34078720 file name = filePart0
V/DownloadTask( 1249): finishedThreadNum--->0
V/DownloadTask( 1249): mThreadNum--->2
D/NetFirmwareService( 1249): DownloadConstants.TASK_STATUS_RUNNING
D/NetFirmwareService( 1249): MSG_UPDATE_PACKAGE_STATUS_CHANGE
V/NetFirmwareService( 1249): percentValue--->38
D/SlideManagerRootImpl( 1223): slideTo = 0
D/dalvikvm( 1494): GC_CONCURRENT freed 476K, 78% free 1315K/5827K, paused 21ms+1ms
D/WriteDataInStorageThread( 1249): write data  Pos=34078720   Length =524288  Thread =filePart0
V/DownloadTask( 1249): finishedThreadNum--->0
V/DownloadTask( 1249): mThreadNum--->2
D/NetFirmwareService( 1249): DownloadConstants.TASK_STATUS_RUNNING
D/NetFirmwareService( 1249): MSG_UPDATE_PACKAGE_STATUS_CHANGE
V/NetFirmwareService( 1249): percentValue--->38
D/dalvikvm( 1494): GC_CONCURRENT freed 405K, 74% free 1528K/5827K, paused 30ms+1ms
V/DownloadTask( 1249): finishedThreadNum--->0
V/DownloadTask( 1249): mThreadNum--->2
D/NetFirmwareService( 1249): DownloadConstants.TASK_STATUS_RUNNING
D/NetFirmwareService( 1249): MSG_UPDATE_PACKAGE_STATUS_CHANGE
V/NetFirmwareService( 1249): percentValue--->38
D/dalvikvm( 1494): GC_CONCURRENT freed 612K, 77% free 1357K/5827K, paused 1ms+1ms
D/dalvikvm( 1877): GC_CONCURRENT freed 1967K, 18% free 31842K/38659K, paused 3ms+13ms
V/DownloadTask( 1249): finishedThreadNum--->0
V/DownloadTask( 1249): mThreadNum--->2
D/NetFirmwareService( 1249): DownloadConstants.TASK_STATUS_RUNNING
D/NetFirmwareService( 1249): MSG_UPDATE_PACKAGE_STATUS_CHANGE
V/NetFirmwareService( 1249): percentValue--->38
V/DownloadTask( 1249): finishedThreadNum--->0
V/DownloadTask( 1249): mThreadNum--->2
D/NetFirmwareService( 1249): DownloadConstants.TASK_STATUS_RUNNING
D/NetFirmwareService( 1249): MSG_UPDATE_PACKAGE_STATUS_CHANGE
V/NetFirmwareService( 1249): percentValue--->38
W/System.err( 1688): java.net.UnknownHostException: Unable to resolve host "vitv.voicecloud.cn": No address associated with hostname
W/System.err( 1688):    at java.net.InetAddress.lookupHostByName(InetAddress.java:426)
W/System.err( 1688):    at java.net.InetAddress.getAllByNameImpl(InetAddress.java:242)
W/System.err( 1688):    at java.net.InetAddress.getAllByName(InetAddress.java:220)
W/System.err( 1688):    at libcore.net.http.HttpConnection.<init>(HttpConnection.java:71)
W/System.err( 1688):    at libcore.net.http.HttpConnection.<init>(HttpConnection.java:50)
W/System.err( 1688):    at libcore.net.http.HttpConnection$Address.connect(HttpConnection.java:351)
W/System.err( 1688):    at libcore.net.http.HttpConnectionPool.get(HttpConnectionPool.java:86)
W/System.err( 1688):    at libcore.net.http.HttpConnection.connect(HttpConnection.java:128)
W/System.err( 1688):    at libcore.net.http.HttpEngine.openSocketConnection(HttpEngine.java:308)
W/System.err( 1688):    at libcore.net.http.HttpEngine.connect(HttpEngine.java:303)
W/System.err( 1688):    at libcore.net.http.HttpEngine.sendSocketRequest(HttpEngine.java:282)
W/System.err( 1688):    at libcore.net.http.HttpEngine.sendRequest(HttpEngine.java:232)
W/System.err( 1688):    at libcore.net.http.HttpURLConnectionImpl.getResponse(HttpURLConnectionImpl.java:273)
W/System.err( 1688):    at libcore.net.http.HttpURLConnectionImpl.getResponseCode(HttpURLConnectionImpl.java:479)
W/System.err( 1688):    at com.iflytek.push.PushMsgCenter.down(PushMsgCenter.java:270)
W/System.err( 1688):    at com.iflytek.push.PushMsgCenter.access$500(PushMsgCenter.java:37)
W/System.err( 1688):    at com.iflytek.push.PushMsgCenter$2.run(PushMsgCenter.java:175)
W/System.err( 1688):    at java.lang.Thread.run(Thread.java:856)
W/System.err( 1688): Caused by: libcore.io.GaiException: getaddrinfo failed: EAI_NODATA (No address associated with hostname)
W/System.err( 1688):    at libcore.io.Posix.getaddrinfo(Native Method)
W/System.err( 1688):    at libcore.io.ForwardingOs.getaddrinfo(ForwardingOs.java:55)
W/System.err( 1688):    at java.net.InetAddress.lookupHostByName(InetAddress.java:411)
W/System.err( 1688):    ... 17 more
V/DownloadTask( 1249): finishedThreadNum--->0
V/DownloadTask( 1249): mThreadNum--->2
D/NetFirmwareService( 1249): DownloadConstants.TASK_STATUS_RUNNING
D/NetFirmwareService( 1249): MSG_UPDATE_PACKAGE_STATUS_CHANGE
V/NetFirmwareService( 1249): percentValue--->38
D/dalvikvm( 1494): GC_CONCURRENT freed 446K, 77% free 1379K/5827K, paused 28ms+2ms
D/dalvikvm( 1877): GC_CONCURRENT freed 1944K, 18% free 31898K/38659K, paused 7ms+11ms
V/DownloadTask( 1249): finishedThreadNum--->0
V/DownloadTask( 1249): mThreadNum--->2
D/NetFirmwareService( 1249): DownloadConstants.TASK_STATUS_RUNNING
D/NetFirmwareService( 1249): MSG_UPDATE_PACKAGE_STATUS_CHANGE
V/NetFirmwareService( 1249): percentValue--->38
D/dalvikvm( 1494): GC_CONCURRENT freed 476K, 76% free 1404K/5827K, paused 1ms+1ms
V/DownloadTask( 1249): finishedThreadNum--->0
V/DownloadTask( 1249): mThreadNum--->2
D/NetFirmwareService( 1249): DownloadConstants.TASK_STATUS_RUNNING
D/NetFirmwareService( 1249): MSG_UPDATE_PACKAGE_STATUS_CHANGE
V/NetFirmwareService( 1249): percentValue--->38
V/DownloadTask( 1249): finishedThreadNum--->0
V/DownloadTask( 1249): mThreadNum--->2
D/NetFirmwareService( 1249): DownloadConstants.TASK_STATUS_RUNNING
D/NetFirmwareService( 1249): MSG_UPDATE_PACKAGE_STATUS_CHANGE
V/NetFirmwareService( 1249): percentValue--->38
D/dalvikvm( 1494): GC_CONCURRENT freed 488K, 77% free 1356K/5827K, paused 5ms+1ms
V/DownloadTask( 1249): finishedThreadNum--->0
V/DownloadTask( 1249): mThreadNum--->2
D/NetFirmwareService( 1249): DownloadConstants.TASK_STATUS_RUNNING
D/NetFirmwareService( 1249): MSG_UPDATE_PACKAGE_STATUS_CHANGE
V/NetFirmwareService( 1249): percentValue--->38
D/dalvikvm( 1494): GC_CONCURRENT freed 437K, 76% free 1419K/5827K, paused 1ms+1ms
D/dalvikvm( 1877): GC_CONCURRENT freed 1985K, 18% free 31916K/38659K, paused 5ms+13ms
V/DownloadTask( 1249): finishedThreadNum--->0
V/DownloadTask( 1249): mThreadNum--->2
D/NetFirmwareService( 1249): DownloadConstants.TASK_STATUS_RUNNING
D/NetFirmwareService( 1249): MSG_UPDATE_PACKAGE_STATUS_CHANGE
V/NetFirmwareService( 1249): percentValue--->38
D/dalvikvm( 1494): GC_CONCURRENT freed 507K, 76% free 1420K/5827K, paused 1ms+32ms
D/WriteDataInStorageThread( 1249): sendDataInStack --data length =524288 offset =124805687 file name = filePart1
V/DownloadTask( 1249): finishedThreadNum--->0
V/DownloadTask( 1249): mThreadNum--->2
D/NetFirmwareService( 1249): DownloadConstants.TASK_STATUS_RUNNING
D/NetFirmwareService( 1249): MSG_UPDATE_PACKAGE_STATUS_CHANGE
V/NetFirmwareService( 1249): percentValue--->38
D/WriteDataInStorageThread( 1249): write data  Pos=124805687   Length =524288  Thread =filePart1
V/DownloadTask( 1249): finishedThreadNum--->0
V/DownloadTask( 1249): mThreadNum--->2
D/NetFirmwareService( 1249): DownloadConstants.TASK_STATUS_RUNNING
D/NetFirmwareService( 1249): MSG_UPDATE_PACKAGE_STATUS_CHANGE
V/NetFirmwareService( 1249): percentValue--->38
D/SlideManagerRootImpl( 1223): slideTo = 1
D/WriteDataInStorageThread( 1249): sendDataInStack --data length =524288 offset =34603008 file name = filePart0
D/WriteDataInStorageThread( 1249): write data  Pos=34603008   Length =524288  Thread =filePart0
D/dalvikvm( 1494): GC_CONCURRENT freed 519K, 78% free 1285K/5827K, paused 2ms+1ms
D/dalvikvm( 1877): GC_CONCURRENT freed 1999K, 18% free 31879K/38659K, paused 3ms+15ms
V/DownloadTask( 1249): finishedThreadNum--->0
V/DownloadTask( 1249): mThreadNum--->2
D/NetFirmwareService( 1249): DownloadConstants.TASK_STATUS_RUNNING
D/NetFirmwareService( 1249): MSG_UPDATE_PACKAGE_STATUS_CHANGE
V/NetFirmwareService( 1249): percentValue--->38
V/DownloadTask( 1249): finishedThreadNum--->0
V/DownloadTask( 1249): mThreadNum--->2
D/NetFirmwareService( 1249): DownloadConstants.TASK_STATUS_RUNNING
D/NetFirmwareService( 1249): MSG_UPDATE_PACKAGE_STATUS_CHANGE
V/NetFirmwareService( 1249): percentValue--->38
V/DownloadTask( 1249): finishedThreadNum--->0
V/DownloadTask( 1249): mThreadNum--->2
D/NetFirmwareService( 1249): DownloadConstants.TASK_STATUS_RUNNING
D/NetFirmwareService( 1249): MSG_UPDATE_PACKAGE_STATUS_CHANGE
V/NetFirmwareService( 1249): percentValue--->38
D/dalvikvm( 1494): GC_CONCURRENT freed 372K, 76% free 1405K/5827K, paused 1ms+1ms
V/DownloadTask( 1249): finishedThreadNum--->0
V/DownloadTask( 1249): mThreadNum--->2
D/NetFirmwareService( 1249): DownloadConstants.TASK_STATUS_RUNNING
D/NetFirmwareService( 1249): MSG_UPDATE_PACKAGE_STATUS_CHANGE
V/NetFirmwareService( 1249): percentValue--->38
D/dalvikvm( 1877): GC_CONCURRENT freed 1962K, 18% free 31845K/38659K, paused 3ms+10ms
D/dalvikvm( 1494): GC_CONCURRENT freed 490K, 76% free 1416K/5827K, paused 1ms+1ms
V/DownloadTask( 1249): finishedThreadNum--->0
V/DownloadTask( 1249): mThreadNum--->2
D/NetFirmwareService( 1249): DownloadConstants.TASK_STATUS_RUNNING
D/NetFirmwareService( 1249): MSG_UPDATE_PACKAGE_STATUS_CHANGE
V/NetFirmwareService( 1249): percentValue--->38
D/dalvikvm( 1494): GC_CONCURRENT freed 503K, 78% free 1328K/5827K, paused 1ms+2ms
V/DownloadTask( 1249): finishedThreadNum--->0
V/DownloadTask( 1249): mThreadNum--->2
D/NetFirmwareService( 1249): DownloadConstants.TASK_STATUS_RUNNING
D/NetFirmwareService( 1249): MSG_UPDATE_PACKAGE_STATUS_CHANGE
V/NetFirmwareService( 1249): percentValue--->38
D/dalvikvm( 1494): GC_CONCURRENT freed 447K, 77% free 1392K/5827K, paused 1ms+22ms
V/DownloadTask( 1249): finishedThreadNum--->0
V/DownloadTask( 1249): mThreadNum--->2
D/NetFirmwareService( 1249): DownloadConstants.TASK_STATUS_RUNNING
D/NetFirmwareService( 1249): MSG_UPDATE_PACKAGE_STATUS_CHANGE
V/NetFirmwareService( 1249): percentValue--->38
D/HomePlayerLib( 1494): hostaddress count is 1
D/dalvikvm( 1494): GC_CONCURRENT freed 473K, 76% free 1429K/5827K, paused 1ms+1ms
V/DownloadTask( 1249): finishedThreadNum--->0
V/DownloadTask( 1249): mThreadNum--->2
D/NetFirmwareService( 1249): DownloadConstants.TASK_STATUS_RUNNING
D/NetFirmwareService( 1249): MSG_UPDATE_PACKAGE_STATUS_CHANGE
V/NetFirmwareService( 1249): percentValue--->38
D/dalvikvm( 1877): GC_CONCURRENT freed 1936K, 18% free 31913K/38659K, paused 2ms+12ms
D/dalvikvm( 1494): GC_CONCURRENT freed 517K, 76% free 1422K/5827K, paused 1ms+19ms
D/dalvikvm( 1494): GC_CONCURRENT freed 505K, 76% free 1429K/5827K, paused 26ms+1ms
V/DownloadTask( 1249): finishedThreadNum--->0
V/DownloadTask( 1249): mThreadNum--->2
D/NetFirmwareService( 1249): DownloadConstants.TASK_STATUS_RUNNING
D/NetFirmwareService( 1249): MSG_UPDATE_PACKAGE_STATUS_CHANGE
V/NetFirmwareService( 1249): percentValue--->38
D/dalvikvm( 1494): GC_CONCURRENT freed 525K, 78% free 1306K/5827K, paused 51ms+1ms
D/dalvikvm( 1249): GC_CONCURRENT freed 1930K, 47% free 6729K/12483K, paused 3ms+4ms
D/WriteDataInStorageThread( 1249): sendDataInStack --data length =524288 offset =125329975 file name = filePart1
D/WriteDataInStorageThread( 1249): write data  Pos=125329975   Length =524288  Thread =filePart1
V/DownloadTask( 1249): finishedThreadNum--->0
V/DownloadTask( 1249): mThreadNum--->2
D/NetFirmwareService( 1249): DownloadConstants.TASK_STATUS_RUNNING
D/NetFirmwareService( 1249): MSG_UPDATE_PACKAGE_STATUS_CHANGE
V/NetFirmwareService( 1249): percentValue--->38
D/dalvikvm( 1494): GC_CONCURRENT freed 386K, 76% free 1413K/5827K, paused 51ms+1ms
V/DownloadTask( 1249): finishedThreadNum--->0
V/DownloadTask( 1249): mThreadNum--->2
D/NetFirmwareService( 1249): DownloadConstants.TASK_STATUS_RUNNING
D/NetFirmwareService( 1249): MSG_UPDATE_PACKAGE_STATUS_CHANGE
V/NetFirmwareService( 1249): percentValue--->39
D/WriteDataInStorageThread( 1249): sendDataInStack --data length =524288 offset =35127296 file name = filePart0
D/WriteDataInStorageThread( 1249): write data  Pos=35127296   Length =524288  Thread =filePart0
D/dalvikvm( 1494): GC_CONCURRENT freed 543K, 77% free 1375K/5827K, paused 1ms+1ms
D/dalvikvm( 1494): GC_CONCURRENT freed 466K, 76% free 1421K/5827K, paused 1ms+1ms
V/DownloadTask( 1249): finishedThreadNum--->0
V/DownloadTask( 1249): mThreadNum--->2
D/NetFirmwareService( 1249): DownloadConstants.TASK_STATUS_RUNNING
D/NetFirmwareService( 1249): MSG_UPDATE_PACKAGE_STATUS_CHANGE
V/NetFirmwareService( 1249): percentValue--->39
D/dalvikvm( 1877): GC_CONCURRENT freed 2002K, 18% free 31904K/38659K, paused 3ms+8ms
D/SlideManagerRootImpl( 1223): slideTo = 2
V/DownloadTask( 1249): finishedThreadNum--->0
V/DownloadTask( 1249): mThreadNum--->2
D/NetFirmwareService( 1249): DownloadConstants.TASK_STATUS_RUNNING
D/NetFirmwareService( 1249): MSG_UPDATE_PACKAGE_STATUS_CHANGE
V/NetFirmwareService( 1249): percentValue--->39
D/dalvikvm( 1494): GC_CONCURRENT freed 495K, 78% free 1310K/5827K, paused 43ms+52ms
V/DownloadTask( 1249): finishedThreadNum--->0
V/DownloadTask( 1249): mThreadNum--->2
D/NetFirmwareService( 1249): DownloadConstants.TASK_STATUS_RUNNING
D/NetFirmwareService( 1249): MSG_UPDATE_PACKAGE_STATUS_CHANGE
V/NetFirmwareService( 1249): percentValue--->39
V/DownloadTask( 1249): finishedThreadNum--->0
V/DownloadTask( 1249): mThreadNum--->2
D/NetFirmwareService( 1249): DownloadConstants.TASK_STATUS_RUNNING
D/NetFirmwareService( 1249): MSG_UPDATE_PACKAGE_STATUS_CHANGE
V/NetFirmwareService( 1249): percentValue--->39
D/dalvikvm( 1494): GC_CONCURRENT freed 423K, 76% free 1421K/5827K, paused 8ms+1ms
D/dalvikvm( 1877): GC_CONCURRENT freed 2013K, 18% free 31900K/38659K, paused 2ms+13ms
V/DownloadTask( 1249): finishedThreadNum--->0
V/DownloadTask( 1249): mThreadNum--->2
D/NetFirmwareService( 1249): DownloadConstants.TASK_STATUS_RUNNING
D/NetFirmwareService( 1249): MSG_UPDATE_PACKAGE_STATUS_CHANGE
V/NetFirmwareService( 1249): percentValue--->39
D/dalvikvm( 1494): GC_CONCURRENT freed 520K, 78% free 1299K/5827K, paused 1ms+49ms
V/DownloadTask( 1249): finishedThreadNum--->0
V/DownloadTask( 1249): mThreadNum--->2
D/NetFirmwareService( 1249): DownloadConstants.TASK_STATUS_RUNNING
D/NetFirmwareService( 1249): MSG_UPDATE_PACKAGE_STATUS_CHANGE
V/NetFirmwareService( 1249): percentValue--->39
D/dalvikvm( 1494): GC_CONCURRENT freed 383K, 76% free 1417K/5827K, paused 47ms+1ms
V/DownloadTask( 1249): finishedThreadNum--->0
V/DownloadTask( 1249): mThreadNum--->2
D/NetFirmwareService( 1249): DownloadConstants.TASK_STATUS_RUNNING
D/NetFirmwareService( 1249): MSG_UPDATE_PACKAGE_STATUS_CHANGE
V/NetFirmwareService( 1249): percentValue--->39
D/dalvikvm( 1494): GC_CONCURRENT freed 517K, 77% free 1367K/5827K, paused 29ms+2ms
V/DownloadTask( 1249): finishedThreadNum--->0
V/DownloadTask( 1249): mThreadNum--->2
D/NetFirmwareService( 1249): DownloadConstants.TASK_STATUS_RUNNING
D/NetFirmwareService( 1249): MSG_UPDATE_PACKAGE_STATUS_CHANGE
V/NetFirmwareService( 1249): percentValue--->39
D/dalvikvm( 1877): GC_CONCURRENT freed 2004K, 18% free 31867K/38659K, paused 3ms+11ms
V/DownloadTask( 1249): finishedThreadNum--->0
V/DownloadTask( 1249): mThreadNum--->2
D/NetFirmwareService( 1249): DownloadConstants.TASK_STATUS_RUNNING
D/NetFirmwareService( 1249): MSG_UPDATE_PACKAGE_STATUS_CHANGE
V/NetFirmwareService( 1249): percentValue--->39
D/dalvikvm( 1494): GC_CONCURRENT freed 463K, 78% free 1329K/5827K, paused 2ms+1ms
V/DownloadTask( 1249): finishedThreadNum--->0
V/DownloadTask( 1249): mThreadNum--->2
D/NetFirmwareService( 1249): DownloadConstants.TASK_STATUS_RUNNING
D/NetFirmwareService( 1249): MSG_UPDATE_PACKAGE_STATUS_CHANGE
V/NetFirmwareService( 1249): percentValue--->39
D/WriteDataInStorageThread( 1249): sendDataInStack --data length =524288 offset =125854263 file name = filePart1
D/WriteDataInStorageThread( 1249): write data  Pos=125854263   Length =524288  Thread =filePart1
V/DownloadTask( 1249): finishedThreadNum--->0
V/DownloadTask( 1249): mThreadNum--->2
D/NetFirmwareService( 1249): DownloadConstants.TASK_STATUS_RUNNING
D/NetFirmwareService( 1249): MSG_UPDATE_PACKAGE_STATUS_CHANGE
V/NetFirmwareService( 1249): percentValue--->39
D/WriteDataInStorageThread( 1249): sendDataInStack --data length =524288 offset =35651584 file name = filePart0
D/WriteDataInStorageThread( 1249): write data  Pos=35651584   Length =524288  Thread =filePart0
D/dalvikvm( 1494): GC_CONCURRENT freed 417K, 77% free 1380K/5827K, paused 1ms+1ms
D/dalvikvm( 1877): GC_CONCURRENT freed 1969K, 18% free 31856K/38659K, paused 3ms+13ms
V/DownloadTask( 1249): finishedThreadNum--->0
V/DownloadTask( 1249): mThreadNum--->2
D/NetFirmwareService( 1249): DownloadConstants.TASK_STATUS_RUNNING
D/NetFirmwareService( 1249): MSG_UPDATE_PACKAGE_STATUS_CHANGE
V/NetFirmwareService( 1249): percentValue--->40
D/dalvikvm( 1494): GC_CONCURRENT freed 475K, 76% free 1405K/5827K, paused 42ms+1ms
D/SlideManagerRootImpl( 1223): slideTo = 3
V/DownloadTask( 1249): finishedThreadNum--->0
V/DownloadTask( 1249): mThreadNum--->2
D/NetFirmwareService( 1249): DownloadConstants.TASK_STATUS_RUNNING
D/NetFirmwareService( 1249): MSG_UPDATE_PACKAGE_STATUS_CHANGE
V/NetFirmwareService( 1249): percentValue--->40
V/DownloadTask( 1249): finishedThreadNum--->0
V/DownloadTask( 1249): mThreadNum--->2
D/NetFirmwareService( 1249): DownloadConstants.TASK_STATUS_RUNNING
D/NetFirmwareService( 1249): MSG_UPDATE_PACKAGE_STATUS_CHANGE
V/NetFirmwareService( 1249): percentValue--->40
D/dalvikvm( 1494): GC_CONCURRENT freed 488K, 77% free 1356K/5827K, paused 53ms+1ms
D/dalvikvm( 1877): GC_CONCURRENT freed 1951K, 18% free 31887K/38659K, paused 3ms+11ms
V/DownloadTask( 1249): finishedThreadNum--->0
V/DownloadTask( 1249): mThreadNum--->2
D/NetFirmwareService( 1249): DownloadConstants.TASK_STATUS_RUNNING
D/NetFirmwareService( 1249): MSG_UPDATE_PACKAGE_STATUS_CHANGE
V/NetFirmwareService( 1249): percentValue--->40
D/dalvikvm( 1494): GC_CONCURRENT freed 446K, 76% free 1407K/5827K, paused 1ms+1ms
V/DownloadTask( 1249): finishedThreadNum--->0
V/DownloadTask( 1249): mThreadNum--->2
D/NetFirmwareService( 1249): DownloadConstants.TASK_STATUS_RUNNING
D/NetFirmwareService( 1249): MSG_UPDATE_PACKAGE_STATUS_CHANGE
V/NetFirmwareService( 1249): percentValue--->40
D/dalvikvm( 1494): GC_CONCURRENT freed 491K, 76% free 1416K/5827K, paused 1ms+2ms
V/DownloadTask( 1249): finishedThreadNum--->0
V/DownloadTask( 1249): mThreadNum--->2
D/NetFirmwareService( 1249): DownloadConstants.TASK_STATUS_RUNNING
D/NetFirmwareService( 1249): MSG_UPDATE_PACKAGE_STATUS_CHANGE
V/NetFirmwareService( 1249): percentValue--->40
V/DownloadTask( 1249): finishedThreadNum--->0
V/DownloadTask( 1249): mThreadNum--->2
D/NetFirmwareService( 1249): DownloadConstants.TASK_STATUS_RUNNING
D/NetFirmwareService( 1249): MSG_UPDATE_PACKAGE_STATUS_CHANGE
V/NetFirmwareService( 1249): percentValue--->40
D/dalvikvm( 1494): GC_CONCURRENT freed 514K, 78% free 1316K/5827K, paused 1ms+1ms
V/DownloadTask( 1249): finishedThreadNum--->0
V/DownloadTask( 1249): mThreadNum--->2
D/NetFirmwareService( 1249): DownloadConstants.TASK_STATUS_RUNNING
D/NetFirmwareService( 1249): MSG_UPDATE_PACKAGE_STATUS_CHANGE
V/NetFirmwareService( 1249): percentValue--->40
D/dalvikvm( 1877): GC_CONCURRENT freed 1964K, 18% free 31895K/38659K, paused 5ms+12ms
V/DownloadTask( 1249): finishedThreadNum--->0
V/DownloadTask( 1249): mThreadNum--->2
D/NetFirmwareService( 1249): DownloadConstants.TASK_STATUS_RUNNING
D/NetFirmwareService( 1249): MSG_UPDATE_PACKAGE_STATUS_CHANGE
V/NetFirmwareService( 1249): percentValue--->40
D/dalvikvm( 1494): GC_CONCURRENT freed 404K, 76% free 1405K/5827K, paused 1ms+2ms
V/DownloadTask( 1249): finishedThreadNum--->0
V/DownloadTask( 1249): mThreadNum--->2
D/NetFirmwareService( 1249): DownloadConstants.TASK_STATUS_RUNNING
D/NetFirmwareService( 1249): MSG_UPDATE_PACKAGE_STATUS_CHANGE
V/NetFirmwareService( 1249): percentValue--->40
D/dalvikvm( 1494): GC_CONCURRENT freed 503K, 76% free 1410K/5827K, paused 2ms+1ms
D/dalvikvm( 1494): GC_FOR_ALLOC freed 627K, 78% free 1293K/5827K, paused 154ms
D/HomePlayerLib( 1494): hostaddress count is 1
D/HomePlayerLib( 1494): hostaddress count is 1
V/DownloadTask( 1249): finishedThreadNum--->0
V/DownloadTask( 1249): mThreadNum--->2
D/NetFirmwareService( 1249): DownloadConstants.TASK_STATUS_RUNNING
D/NetFirmwareService( 1249): MSG_UPDATE_PACKAGE_STATUS_CHANGE
V/NetFirmwareService( 1249): percentValue--->40
D/dalvikvm( 1494): GC_CONCURRENT freed 335K, 75% free 1469K/5827K, paused 8ms+1ms
V/DownloadTask( 1249): finishedThreadNum--->0
V/DownloadTask( 1249): mThreadNum--->2
D/NetFirmwareService( 1249): DownloadConstants.TASK_STATUS_RUNNING
D/NetFirmwareService( 1249): MSG_UPDATE_PACKAGE_STATUS_CHANGE
V/NetFirmwareService( 1249): percentValue--->40
D/WriteDataInStorageThread( 1249): sendDataInStack --data length =524288 offset =36175872 file name = filePart0
D/WriteDataInStorageThread( 1249): write data  Pos=36175872   Length =524288  Thread =filePart0
D/dalvikvm( 1494): GC_CONCURRENT freed 587K, 77% free 1394K/5827K, paused 12ms+2ms
V/DownloadTask( 1249): finishedThreadNum--->0
V/DownloadTask( 1249): mThreadNum--->2
D/NetFirmwareService( 1249): DownloadConstants.TASK_STATUS_RUNNING
D/NetFirmwareService( 1249): MSG_UPDATE_PACKAGE_STATUS_CHANGE
V/NetFirmwareService( 1249): percentValue--->40
D/WriteDataInStorageThread( 1249): sendDataInStack --data length =524288 offset =126378551 file name = filePart1
D/WriteDataInStorageThread( 1249): write data  Pos=126378551   Length =524288  Thread =filePart1
D/dalvikvm( 1494): GC_CONCURRENT freed 490K, 76% free 1416K/5827K, paused 1ms+2ms
D/SlideManagerRootImpl( 1223): slideTo = 4
V/DownloadTask( 1249): finishedThreadNum--->0
V/DownloadTask( 1249): mThreadNum--->2
D/NetFirmwareService( 1249): DownloadConstants.TASK_STATUS_RUNNING
D/NetFirmwareService( 1249): MSG_UPDATE_PACKAGE_STATUS_CHANGE
V/NetFirmwareService( 1249): percentValue--->40
D/dalvikvm( 1494): GC_CONCURRENT freed 527K, 76% free 1400K/5827K, paused 1ms+1ms
D/dalvikvm( 1877): GC_CONCURRENT freed 1985K, 18% free 31872K/38659K, paused 5ms+15ms
D/dalvikvm( 1494): GC_CONCURRENT freed 510K, 77% free 1396K/5827K, paused 1ms+2ms
V/DownloadTask( 1249): finishedThreadNum--->0
V/DownloadTask( 1249): mThreadNum--->2
D/NetFirmwareService( 1249): DownloadConstants.TASK_STATUS_RUNNING
D/NetFirmwareService( 1249): MSG_UPDATE_PACKAGE_STATUS_CHANGE
V/NetFirmwareService( 1249): percentValue--->40
D/dalvikvm( 1494): GC_CONCURRENT freed 478K, 76% free 1451K/5827K, paused 44ms+1ms
V/DownloadTask( 1249): finishedThreadNum--->0
V/DownloadTask( 1249): mThreadNum--->2
D/NetFirmwareService( 1249): DownloadConstants.TASK_STATUS_RUNNING
D/NetFirmwareService( 1249): MSG_UPDATE_PACKAGE_STATUS_CHANGE
V/NetFirmwareService( 1249): percentValue--->40
D/dalvikvm(  973): GC_CONCURRENT freed 765K, 60% free 3673K/9155K, paused 87ms+7ms
D/dalvikvm( 1494): GC_FOR_ALLOC freed 652K, 78% free 1302K/5827K, paused 165ms
V/DownloadTask( 1249): finishedThreadNum--->0
V/DownloadTask( 1249): mThreadNum--->2
D/NetFirmwareService( 1249): DownloadConstants.TASK_STATUS_RUNNING
D/NetFirmwareService( 1249): MSG_UPDATE_PACKAGE_STATUS_CHANGE
V/NetFirmwareService( 1249): percentValue--->40
D/dalvikvm( 1249): GC_CONCURRENT freed 1929K, 47% free 6727K/12483K, paused 2ms+2ms
V/DownloadTask( 1249): finishedThreadNum--->0
V/DownloadTask( 1249): mThreadNum--->2
D/NetFirmwareService( 1249): DownloadConstants.TASK_STATUS_RUNNING
D/NetFirmwareService( 1249): MSG_UPDATE_PACKAGE_STATUS_CHANGE
V/NetFirmwareService( 1249): percentValue--->40
V/DownloadTask( 1249): finishedThreadNum--->0
V/DownloadTask( 1249): mThreadNum--->2
D/NetFirmwareService( 1249): DownloadConstants.TASK_STATUS_RUNNING
D/NetFirmwareService( 1249): MSG_UPDATE_PACKAGE_STATUS_CHANGE
V/NetFirmwareService( 1249): percentValue--->40
D/dalvikvm( 1494): GC_CONCURRENT freed 370K, 75% free 1457K/5827K, paused 25ms+22ms
D/dalvikvm( 1494): GC_CONCURRENT freed 593K, 77% free 1374K/5827K, paused 1ms+1ms
D/dalvikvm( 1877): GC_CONCURRENT freed 1951K, 18% free 31872K/38659K, paused 4ms+12ms
V/DownloadTask( 1249): finishedThreadNum--->0
V/DownloadTask( 1249): mThreadNum--->2
D/NetFirmwareService( 1249): DownloadConstants.TASK_STATUS_RUNNING
D/NetFirmwareService( 1249): MSG_UPDATE_PACKAGE_STATUS_CHANGE
V/NetFirmwareService( 1249): percentValue--->40
V/DownloadTask( 1249): finishedThreadNum--->0
V/DownloadTask( 1249): mThreadNum--->2
D/NetFirmwareService( 1249): DownloadConstants.TASK_STATUS_RUNNING
D/NetFirmwareService( 1249): MSG_UPDATE_PACKAGE_STATUS_CHANGE
V/NetFirmwareService( 1249): percentValue--->40
D/dalvikvm( 1494): GC_CONCURRENT freed 457K, 76% free 1423K/5827K, paused 96ms+1ms
V/DownloadTask( 1249): finishedThreadNum--->0
V/DownloadTask( 1249): mThreadNum--->2
D/NetFirmwareService( 1249): DownloadConstants.TASK_STATUS_RUNNING
D/NetFirmwareService( 1249): MSG_UPDATE_PACKAGE_STATUS_CHANGE
V/NetFirmwareService( 1249): percentValue--->40
D/dalvikvm( 1494): GC_CONCURRENT freed 511K, 76% free 1420K/5827K, paused 48ms+1ms
D/WriteDataInStorageThread( 1249): sendDataInStack --data length =524288 offset =36700160 file name = filePart0
D/WriteDataInStorageThread( 1249): write data  Pos=36700160   Length =524288  Thread =filePart0
V/DownloadTask( 1249): finishedThreadNum--->0
V/DownloadTask( 1249): mThreadNum--->2
D/NetFirmwareService( 1249): DownloadConstants.TASK_STATUS_RUNNING
D/NetFirmwareService( 1249): MSG_UPDATE_PACKAGE_STATUS_CHANGE
V/NetFirmwareService( 1249): percentValue--->40
D/dalvikvm( 1494): GC_CONCURRENT freed 499K, 76% free 1418K/5827K, paused 88ms+50ms
D/WriteDataInStorageThread( 1249): sendDataInStack --data length =524288 offset =126902839 file name = filePart1
D/WriteDataInStorageThread( 1249): write data  Pos=126902839   Length =524288  Thread =filePart1
V/DownloadTask( 1249): finishedThreadNum--->0
V/DownloadTask( 1249): mThreadNum--->2
D/NetFirmwareService( 1249): DownloadConstants.TASK_STATUS_RUNNING
D/NetFirmwareService( 1249): MSG_UPDATE_PACKAGE_STATUS_CHANGE
V/NetFirmwareService( 1249): percentValue--->40
D/dalvikvm( 1494): GC_CONCURRENT freed 522K, 77% free 1386K/5827K, paused 1ms+1ms
V/DownloadTask( 1249): finishedThreadNum--->0
V/DownloadTask( 1249): mThreadNum--->2
D/NetFirmwareService( 1249): DownloadConstants.TASK_STATUS_RUNNING
D/NetFirmwareService( 1249): MSG_UPDATE_PACKAGE_STATUS_CHANGE
V/NetFirmwareService( 1249): percentValue--->41
D/dalvikvm( 1877): GC_CONCURRENT freed 1959K, 18% free 31898K/38659K, paused 2ms+12ms
D/SlideManagerRootImpl( 1223): slideTo = 0
V/DownloadTask( 1249): finishedThreadNum--->0
V/DownloadTask( 1249): mThreadNum--->2
D/NetFirmwareService( 1249): DownloadConstants.TASK_STATUS_RUNNING
D/NetFirmwareService( 1249): MSG_UPDATE_PACKAGE_STATUS_CHANGE
V/NetFirmwareService( 1249): percentValue--->41
V/DownloadTask( 1249): finishedThreadNum--->0
V/DownloadTask( 1249): mThreadNum--->2
D/NetFirmwareService( 1249): DownloadConstants.TASK_STATUS_RUNNING
D/NetFirmwareService( 1249): MSG_UPDATE_PACKAGE_STATUS_CHANGE
V/NetFirmwareService( 1249): percentValue--->41
D/dalvikvm( 1494): GC_CONCURRENT freed 483K, 76% free 1406K/5827K, paused 1ms+51ms
V/DownloadTask( 1249): finishedThreadNum--->0
V/DownloadTask( 1249): mThreadNum--->2
D/NetFirmwareService( 1249): DownloadConstants.TASK_STATUS_RUNNING
D/NetFirmwareService( 1249): MSG_UPDATE_PACKAGE_STATUS_CHANGE
V/NetFirmwareService( 1249): percentValue--->41
V/DownloadTask( 1249): finishedThreadNum--->0
V/DownloadTask( 1249): mThreadNum--->2
D/NetFirmwareService( 1249): DownloadConstants.TASK_STATUS_RUNNING
D/NetFirmwareService( 1249): MSG_UPDATE_PACKAGE_STATUS_CHANGE
V/NetFirmwareService( 1249): percentValue--->41
D/dalvikvm( 1494): GC_CONCURRENT freed 489K, 77% free 1356K/5827K, paused 25ms+2ms
D/dalvikvm( 1877): GC_CONCURRENT freed 1966K, 18% free 31902K/38659K, paused 2ms+12ms
V/DownloadTask( 1249): finishedThreadNum--->0
V/DownloadTask( 1249): mThreadNum--->2
D/NetFirmwareService( 1249): DownloadConstants.TASK_STATUS_RUNNING
D/NetFirmwareService( 1249): MSG_UPDATE_PACKAGE_STATUS_CHANGE
V/NetFirmwareService( 1249): percentValue--->41
D/dalvikvm( 1494): GC_CONCURRENT freed 445K, 77% free 1365K/5827K, paused 1ms+2ms
V/DownloadTask( 1249): finishedThreadNum--->0
V/DownloadTask( 1249): mThreadNum--->2
D/NetFirmwareService( 1249): DownloadConstants.TASK_STATUS_RUNNING
D/NetFirmwareService( 1249): MSG_UPDATE_PACKAGE_STATUS_CHANGE
V/NetFirmwareService( 1249): percentValue--->41
V/DownloadTask( 1249): finishedThreadNum--->0
V/DownloadTask( 1249): mThreadNum--->2
D/NetFirmwareService( 1249): DownloadConstants.TASK_STATUS_RUNNING
D/NetFirmwareService( 1249): MSG_UPDATE_PACKAGE_STATUS_CHANGE
V/NetFirmwareService( 1249): percentValue--->41
D/dalvikvm( 1494): GC_CONCURRENT freed 450K, 78% free 1309K/5827K, paused 60ms+1ms
V/DownloadTask( 1249): finishedThreadNum--->0
V/DownloadTask( 1249): mThreadNum--->2
D/NetFirmwareService( 1249): DownloadConstants.TASK_STATUS_RUNNING
D/NetFirmwareService( 1249): MSG_UPDATE_PACKAGE_STATUS_CHANGE
V/NetFirmwareService( 1249): percentValue--->41
V/DownloadTask( 1249): finishedThreadNum--->0
V/DownloadTask( 1249): mThreadNum--->2
D/NetFirmwareService( 1249): DownloadConstants.TASK_STATUS_RUNNING
D/NetFirmwareService( 1249): MSG_UPDATE_PACKAGE_STATUS_CHANGE
V/NetFirmwareService( 1249): percentValue--->41
D/dalvikvm( 1494): GC_CONCURRENT freed 392K, 77% free 1390K/5827K, paused 91ms+22ms
D/dalvikvm( 1877): GC_CONCURRENT freed 1959K, 18% free 31942K/38659K, paused 4ms+12ms
D/dalvikvm( 1494): GC_CONCURRENT freed 473K, 77% free 1356K/5827K, paused 4ms+1ms
D/WriteDataInStorageThread( 1249): sendDataInStack --data length =524288 offset =127427127 file name = filePart1
D/WriteDataInStorageThread( 1249): write data  Pos=127427127   Length =524288  Thread =filePart1
V/DownloadTask( 1249): finishedThreadNum--->0
V/DownloadTask( 1249): mThreadNum--->2
D/NetFirmwareService( 1249): DownloadConstants.TASK_STATUS_RUNNING
D/NetFirmwareService( 1249): MSG_UPDATE_PACKAGE_STATUS_CHANGE
V/NetFirmwareService( 1249): percentValue--->41
V/DownloadTask( 1249): finishedThreadNum--->0
V/DownloadTask( 1249): mThreadNum--->2
D/NetFirmwareService( 1249): DownloadConstants.TASK_STATUS_RUNNING
D/NetFirmwareService( 1249): MSG_UPDATE_PACKAGE_STATUS_CHANGE
V/NetFirmwareService( 1249): percentValue--->41
