D/WriteDataInStorageThread( 1249): write data  Pos=61865984   Length =524288  Thread =filePart0
V/DownloadTask( 1249): finishedThreadNum--->0
V/DownloadTask( 1249): mThreadNum--->2
D/NetFirmwareService( 1249): DownloadConstants.TASK_STATUS_RUNNING
D/NetFirmwareService( 1249): MSG_UPDATE_PACKAGE_STATUS_CHANGE
V/NetFirmwareService( 1249): percentValue--->68
V/DownloadTask( 1249): finishedThreadNum--->0
V/DownloadTask( 1249): mThreadNum--->2
D/NetFirmwareService( 1249): DownloadConstants.TASK_STATUS_RUNNING
D/NetFirmwareService( 1249): MSG_UPDATE_PACKAGE_STATUS_CHANGE
V/NetFirmwareService( 1249): percentValue--->68
V/DownloadTask( 1249): finishedThreadNum--->0
V/DownloadTask( 1249): mThreadNum--->2
D/NetFirmwareService( 1249): DownloadConstants.TASK_STATUS_RUNNING
D/NetFirmwareService( 1249): MSG_UPDATE_PACKAGE_STATUS_CHANGE
V/NetFirmwareService( 1249): percentValue--->68
D/dalvikvm( 1877): GC_CONCURRENT freed 2016K, 18% free 31899K/38659K, paused 2ms+12ms
V/DownloadTask( 1249): finishedThreadNum--->0
V/DownloadTask( 1249): mThreadNum--->2
D/NetFirmwareService( 1249): DownloadConstants.TASK_STATUS_RUNNING
D/NetFirmwareService( 1249): MSG_UPDATE_PACKAGE_STATUS_CHANGE
V/NetFirmwareService( 1249): percentValue--->68
V/DownloadTask( 1249): finishedThreadNum--->0
V/DownloadTask( 1249): mThreadNum--->2
D/NetFirmwareService( 1249): DownloadConstants.TASK_STATUS_RUNNING
D/NetFirmwareService( 1249): MSG_UPDATE_PACKAGE_STATUS_CHANGE
V/NetFirmwareService( 1249): percentValue--->68
D/WriteDataInStorageThread( 1249): sendDataInStack --data length =524288 offset =152068663 file name = filePart1
D/WriteDataInStorageThread( 1249): write data  Pos=152068663   Length =524288  Thread =filePart1
V/DownloadTask( 1249): finishedThreadNum--->0
V/DownloadTask( 1249): mThreadNum--->2
D/NetFirmwareService( 1249): DownloadConstants.TASK_STATUS_RUNNING
D/NetFirmwareService( 1249): MSG_UPDATE_PACKAGE_STATUS_CHANGE
V/NetFirmwareService( 1249): percentValue--->69
D/SlideManagerRootImpl( 1223): slideTo = 3
V/DownloadTask( 1249): finishedThreadNum--->0
V/DownloadTask( 1249): mThreadNum--->2
D/NetFirmwareService( 1249): DownloadConstants.TASK_STATUS_RUNNING
D/NetFirmwareService( 1249): MSG_UPDATE_PACKAGE_STATUS_CHANGE
V/NetFirmwareService( 1249): percentValue--->69
D/dalvikvm( 1877): GC_CONCURRENT freed 1972K, 18% free 31905K/38659K, paused 3ms+10ms
V/DownloadTask( 1249): finishedThreadNum--->0
V/DownloadTask( 1249): mThreadNum--->2
D/NetFirmwareService( 1249): DownloadConstants.TASK_STATUS_RUNNING
D/NetFirmwareService( 1249): MSG_UPDATE_PACKAGE_STATUS_CHANGE
V/NetFirmwareService( 1249): percentValue--->69
D/WriteDataInStorageThread( 1249): sendDataInStack --data length =524288 offset =62390272 file name = filePart0
D/WriteDataInStorageThread( 1249): write data  Pos=62390272   Length =524288  Thread =filePart0
V/DownloadTask( 1249): finishedThreadNum--->0
V/DownloadTask( 1249): mThreadNum--->2
D/NetFirmwareService( 1249): DownloadConstants.TASK_STATUS_RUNNING
D/NetFirmwareService( 1249): MSG_UPDATE_PACKAGE_STATUS_CHANGE
V/NetFirmwareService( 1249): percentValue--->69
V/DownloadTask( 1249): finishedThreadNum--->0
V/DownloadTask( 1249): mThreadNum--->2
D/NetFirmwareService( 1249): DownloadConstants.TASK_STATUS_RUNNING
D/NetFirmwareService( 1249): MSG_UPDATE_PACKAGE_STATUS_CHANGE
V/NetFirmwareService( 1249): percentValue--->69
V/DownloadTask( 1249): finishedThreadNum--->0
V/DownloadTask( 1249): mThreadNum--->2
D/NetFirmwareService( 1249): DownloadConstants.TASK_STATUS_RUNNING
D/NetFirmwareService( 1249): MSG_UPDATE_PACKAGE_STATUS_CHANGE
V/NetFirmwareService( 1249): percentValue--->69
D/dalvikvm( 1877): GC_CONCURRENT freed 1977K, 18% free 31889K/38659K, paused 4ms+12ms
V/DownloadTask( 1249): finishedThreadNum--->0
V/DownloadTask( 1249): mThreadNum--->2
D/NetFirmwareService( 1249): DownloadConstants.TASK_STATUS_RUNNING
D/NetFirmwareService( 1249): MSG_UPDATE_PACKAGE_STATUS_CHANGE
V/NetFirmwareService( 1249): percentValue--->69
D/WriteDataInStorageThread( 1249): sendDataInStack --data length =524288 offset =152592951 file name = filePart1
D/WriteDataInStorageThread( 1249): write data  Pos=152592951   Length =524288  Thread =filePart1
V/DownloadTask( 1249): finishedThreadNum--->0
V/DownloadTask( 1249): mThreadNum--->2
D/NetFirmwareService( 1249): DownloadConstants.TASK_STATUS_RUNNING
D/NetFirmwareService( 1249): MSG_UPDATE_PACKAGE_STATUS_CHANGE
V/NetFirmwareService( 1249): percentValue--->69
V/DownloadTask( 1249): finishedThreadNum--->0
V/DownloadTask( 1249): mThreadNum--->2
D/NetFirmwareService( 1249): DownloadConstants.TASK_STATUS_RUNNING
D/NetFirmwareService( 1249): MSG_UPDATE_PACKAGE_STATUS_CHANGE
V/NetFirmwareService( 1249): percentValue--->69
V/DownloadTask( 1249): finishedThreadNum--->0
V/DownloadTask( 1249): mThreadNum--->2
D/NetFirmwareService( 1249): DownloadConstants.TASK_STATUS_RUNNING
D/NetFirmwareService( 1249): MSG_UPDATE_PACKAGE_STATUS_CHANGE
V/NetFirmwareService( 1249): percentValue--->69
D/dalvikvm( 1877): GC_CONCURRENT freed 1970K, 18% free 31874K/38659K, paused 2ms+11ms
V/DownloadTask( 1249): finishedThreadNum--->0
V/DownloadTask( 1249): mThreadNum--->2
D/NetFirmwareService( 1249): DownloadConstants.TASK_STATUS_RUNNING
D/NetFirmwareService( 1249): MSG_UPDATE_PACKAGE_STATUS_CHANGE
V/NetFirmwareService( 1249): percentValue--->69
V/DownloadTask( 1249): finishedThreadNum--->0
V/DownloadTask( 1249): mThreadNum--->2
D/NetFirmwareService( 1249): DownloadConstants.TASK_STATUS_RUNNING
D/NetFirmwareService( 1249): MSG_UPDATE_PACKAGE_STATUS_CHANGE
V/NetFirmwareService( 1249): percentValue--->69
D/WriteDataInStorageThread( 1249): sendDataInStack --data length =524288 offset =62914560 file name = filePart0
D/WriteDataInStorageThread( 1249): write data  Pos=62914560   Length =524288  Thread =filePart0
V/DownloadTask( 1249): finishedThreadNum--->0
V/DownloadTask( 1249): mThreadNum--->2
D/NetFirmwareService( 1249): DownloadConstants.TASK_STATUS_RUNNING
D/NetFirmwareService( 1249): MSG_UPDATE_PACKAGE_STATUS_CHANGE
V/NetFirmwareService( 1249): percentValue--->70
D/SlideManagerRootImpl( 1223): slideTo = 4
V/DownloadTask( 1249): finishedThreadNum--->0
V/DownloadTask( 1249): mThreadNum--->2
D/NetFirmwareService( 1249): DownloadConstants.TASK_STATUS_RUNNING
D/NetFirmwareService( 1249): MSG_UPDATE_PACKAGE_STATUS_CHANGE
V/NetFirmwareService( 1249): percentValue--->70
D/dalvikvm( 1877): GC_CONCURRENT freed 1956K, 18% free 31863K/38659K, paused 3ms+13ms
V/DownloadTask( 1249): finishedThreadNum--->0
V/DownloadTask( 1249): mThreadNum--->2
D/NetFirmwareService( 1249): DownloadConstants.TASK_STATUS_RUNNING
D/NetFirmwareService( 1249): MSG_UPDATE_PACKAGE_STATUS_CHANGE
V/NetFirmwareService( 1249): percentValue--->70
D/WriteDataInStorageThread( 1249): sendDataInStack --data length =524288 offset =153117239 file name = filePart1
D/WriteDataInStorageThread( 1249): write data  Pos=153117239   Length =524288  Thread =filePart1
V/DownloadTask( 1249): finishedThreadNum--->0
V/DownloadTask( 1249): mThreadNum--->2
D/NetFirmwareService( 1249): DownloadConstants.TASK_STATUS_RUNNING
D/NetFirmwareService( 1249): MSG_UPDATE_PACKAGE_STATUS_CHANGE
V/NetFirmwareService( 1249): percentValue--->70
D/dalvikvm( 1494): GC_CONCURRENT freed 478K, 77% free 1386K/5827K, paused 22ms+1ms
D/HomePlayerLib( 1494): hostaddress count is 1
V/DownloadTask( 1249): finishedThreadNum--->0
V/DownloadTask( 1249): mThreadNum--->2
D/NetFirmwareService( 1249): DownloadConstants.TASK_STATUS_RUNNING
D/NetFirmwareService( 1249): MSG_UPDATE_PACKAGE_STATUS_CHANGE
V/NetFirmwareService( 1249): percentValue--->70
D/dalvikvm( 1494): GC_CONCURRENT freed 441K, 76% free 1450K/5827K, paused 47ms+1ms
D/dalvikvm( 1494): GC_CONCURRENT freed 530K, 77% free 1394K/5827K, paused 1ms+1ms
V/DownloadTask( 1249): finishedThreadNum--->0
V/DownloadTask( 1249): mThreadNum--->2
D/NetFirmwareService( 1249): DownloadConstants.TASK_STATUS_RUNNING
D/NetFirmwareService( 1249): MSG_UPDATE_PACKAGE_STATUS_CHANGE
V/NetFirmwareService( 1249): percentValue--->70
D/dalvikvm( 1877): GC_CONCURRENT freed 1951K, 18% free 31912K/38659K, paused 3ms+11ms
D/dalvikvm( 1494): GC_CONCURRENT freed 487K, 76% free 1403K/5827K, paused 1ms+1ms
V/DownloadTask( 1249): finishedThreadNum--->0
V/DownloadTask( 1249): mThreadNum--->2
D/NetFirmwareService( 1249): DownloadConstants.TASK_STATUS_RUNNING
D/NetFirmwareService( 1249): MSG_UPDATE_PACKAGE_STATUS_CHANGE
V/NetFirmwareService( 1249): percentValue--->70
D/WriteDataInStorageThread( 1249): sendDataInStack --data length =524288 offset =63438848 file name = filePart0
D/WriteDataInStorageThread( 1249): write data  Pos=63438848   Length =524288  Thread =filePart0
D/dalvikvm( 1494): GC_CONCURRENT freed 460K, 76% free 1446K/5827K, paused 48ms+60ms
V/DownloadTask( 1249): finishedThreadNum--->0
V/DownloadTask( 1249): mThreadNum--->2
D/NetFirmwareService( 1249): DownloadConstants.TASK_STATUS_RUNNING
D/NetFirmwareService( 1249): MSG_UPDATE_PACKAGE_STATUS_CHANGE
V/NetFirmwareService( 1249): percentValue--->70
D/dalvikvm( 1249): GC_CONCURRENT freed 2014K, 47% free 6730K/12483K, paused 2ms+2ms
D/dalvikvm( 1494): GC_CONCURRENT freed 538K, 78% free 1299K/5827K, paused 76ms+2ms
V/DownloadTask( 1249): finishedThreadNum--->0
V/DownloadTask( 1249): mThreadNum--->2
D/NetFirmwareService( 1249): DownloadConstants.TASK_STATUS_RUNNING
D/NetFirmwareService( 1249): MSG_UPDATE_PACKAGE_STATUS_CHANGE
V/NetFirmwareService( 1249): percentValue--->70
D/dalvikvm( 1494): GC_CONCURRENT freed 388K, 76% free 1414K/5827K, paused 1ms+1ms
D/dalvikvm( 1877): GC_CONCURRENT freed 1999K, 18% free 31877K/38659K, paused 2ms+12ms
V/DownloadTask( 1249): finishedThreadNum--->0
V/DownloadTask( 1249): mThreadNum--->2
D/NetFirmwareService( 1249): DownloadConstants.TASK_STATUS_RUNNING
D/NetFirmwareService( 1249): MSG_UPDATE_PACKAGE_STATUS_CHANGE
V/NetFirmwareService( 1249): percentValue--->70
D/dalvikvm( 1494): GC_CONCURRENT freed 507K, 76% free 1412K/5827K, paused 42ms+1ms
V/DownloadTask( 1249): finishedThreadNum--->0
V/DownloadTask( 1249): mThreadNum--->2
D/NetFirmwareService( 1249): DownloadConstants.TASK_STATUS_RUNNING
D/NetFirmwareService( 1249): MSG_UPDATE_PACKAGE_STATUS_CHANGE
V/NetFirmwareService( 1249): percentValue--->70
D/WriteDataInStorageThread( 1249): sendDataInStack --data length =524288 offset =153641527 file name = filePart1
D/WriteDataInStorageThread( 1249): write data  Pos=153641527   Length =524288  Thread =filePart1
V/DownloadTask( 1249): finishedThreadNum--->0
V/DownloadTask( 1249): mThreadNum--->2
D/NetFirmwareService( 1249): DownloadConstants.TASK_STATUS_RUNNING
D/NetFirmwareService( 1249): MSG_UPDATE_PACKAGE_STATUS_CHANGE
V/NetFirmwareService( 1249): percentValue--->70
D/dalvikvm( 1494): GC_CONCURRENT freed 491K, 76% free 1409K/5827K, paused 27ms+2ms
V/DownloadTask( 1249): finishedThreadNum--->0
V/DownloadTask( 1249): mThreadNum--->2
D/NetFirmwareService( 1249): DownloadConstants.TASK_STATUS_RUNNING
D/NetFirmwareService( 1249): MSG_UPDATE_PACKAGE_STATUS_CHANGE
V/NetFirmwareService( 1249): percentValue--->70
D/dalvikvm( 1494): GC_CONCURRENT freed 501K, 78% free 1331K/5827K, paused 1ms+9ms
D/SlideManagerRootImpl( 1223): slideTo = 0
D/dalvikvm( 1877): GC_CONCURRENT freed 1962K, 18% free 31873K/38659K, paused 3ms+11ms
D/dalvikvm( 1494): GC_CONCURRENT freed 419K, 77% free 1367K/5827K, paused 1ms+2ms
V/DownloadTask( 1249): finishedThreadNum--->0
V/DownloadTask( 1249): mThreadNum--->2
D/NetFirmwareService( 1249): DownloadConstants.TASK_STATUS_RUNNING
D/NetFirmwareService( 1249): MSG_UPDATE_PACKAGE_STATUS_CHANGE
V/NetFirmwareService( 1249): percentValue--->70
D/dalvikvm( 1494): GC_CONCURRENT freed 450K, 77% free 1366K/5827K, paused 1ms+2ms
V/DownloadTask( 1249): finishedThreadNum--->0
V/DownloadTask( 1249): mThreadNum--->2
D/NetFirmwareService( 1249): DownloadConstants.TASK_STATUS_RUNNING
D/NetFirmwareService( 1249): MSG_UPDATE_PACKAGE_STATUS_CHANGE
V/NetFirmwareService( 1249): percentValue--->70
D/dalvikvm( 1494): GC_CONCURRENT freed 462K, 77% free 1367K/5827K, paused 5ms+2ms
D/WriteDataInStorageThread( 1249): sendDataInStack --data length =524288 offset =63963136 file name = filePart0
D/WriteDataInStorageThread( 1249): write data  Pos=63963136   Length =524288  Thread =filePart0
V/DownloadTask( 1249): finishedThreadNum--->0
V/DownloadTask( 1249): mThreadNum--->2
D/NetFirmwareService( 1249): DownloadConstants.TASK_STATUS_RUNNING
D/NetFirmwareService( 1249): MSG_UPDATE_PACKAGE_STATUS_CHANGE
V/NetFirmwareService( 1249): percentValue--->70
D/dalvikvm( 1494): GC_CONCURRENT freed 448K, 78% free 1317K/5827K, paused 7ms+1ms
V/DownloadTask( 1249): finishedThreadNum--->0
V/DownloadTask( 1249): mThreadNum--->2
D/NetFirmwareService( 1249): DownloadConstants.TASK_STATUS_RUNNING
D/NetFirmwareService( 1249): MSG_UPDATE_PACKAGE_STATUS_CHANGE
V/NetFirmwareService( 1249): percentValue--->71
D/dalvikvm( 1877): GC_CONCURRENT freed 1964K, 18% free 31874K/38659K, paused 7ms+12ms
V/DownloadTask( 1249): finishedThreadNum--->0
V/DownloadTask( 1249): mThreadNum--->2
D/NetFirmwareService( 1249): DownloadConstants.TASK_STATUS_RUNNING
D/NetFirmwareService( 1249): MSG_UPDATE_PACKAGE_STATUS_CHANGE
V/NetFirmwareService( 1249): percentValue--->71
D/WriteDataInStorageThread( 1249): sendDataInStack --data length =524288 offset =154165815 file name = filePart1
D/WriteDataInStorageThread( 1249): write data  Pos=154165815   Length =524288  Thread =filePart1
D/dalvikvm( 1494): GC_CONCURRENT freed 404K, 76% free 1407K/5827K, paused 3ms+1ms
V/DownloadTask( 1249): finishedThreadNum--->0
V/DownloadTask( 1249): mThreadNum--->2
D/NetFirmwareService( 1249): DownloadConstants.TASK_STATUS_RUNNING
D/NetFirmwareService( 1249): MSG_UPDATE_PACKAGE_STATUS_CHANGE
V/NetFirmwareService( 1249): percentValue--->71
V/DownloadTask( 1249): finishedThreadNum--->0
V/DownloadTask( 1249): mThreadNum--->2
D/NetFirmwareService( 1249): DownloadConstants.TASK_STATUS_RUNNING
D/NetFirmwareService( 1249): MSG_UPDATE_PACKAGE_STATUS_CHANGE
V/NetFirmwareService( 1249): percentValue--->71
D/dalvikvm( 1494): GC_CONCURRENT freed 488K, 76% free 1409K/5827K, paused 61ms+4ms
V/DownloadTask( 1249): finishedThreadNum--->0
V/DownloadTask( 1249): mThreadNum--->2
D/NetFirmwareService( 1249): DownloadConstants.TASK_STATUS_RUNNING
D/NetFirmwareService( 1249): MSG_UPDATE_PACKAGE_STATUS_CHANGE
V/NetFirmwareService( 1249): percentValue--->71
D/dalvikvm( 1877): GC_CONCURRENT freed 1962K, 18% free 31860K/38659K, paused 4ms+11ms
D/dalvikvm( 1494): GC_CONCURRENT freed 502K, 78% free 1331K/5827K, paused 53ms+1ms
V/DownloadTask( 1249): finishedThreadNum--->0
V/DownloadTask( 1249): mThreadNum--->2
D/NetFirmwareService( 1249): DownloadConstants.TASK_STATUS_RUNNING
D/NetFirmwareService( 1249): MSG_UPDATE_PACKAGE_STATUS_CHANGE
V/NetFirmwareService( 1249): percentValue--->71
V/DownloadTask( 1249): finishedThreadNum--->0
V/DownloadTask( 1249): mThreadNum--->2
D/NetFirmwareService( 1249): DownloadConstants.TASK_STATUS_RUNNING
D/NetFirmwareService( 1249): MSG_UPDATE_PACKAGE_STATUS_CHANGE
V/NetFirmwareService( 1249): percentValue--->71
D/dalvikvm( 1494): GC_CONCURRENT freed 418K, 78% free 1326K/5827K, paused 1ms+5ms
V/DownloadTask( 1249): finishedThreadNum--->0
V/DownloadTask( 1249): mThreadNum--->2
D/NetFirmwareService( 1249): DownloadConstants.TASK_STATUS_RUNNING
D/NetFirmwareService( 1249): MSG_UPDATE_PACKAGE_STATUS_CHANGE
V/NetFirmwareService( 1249): percentValue--->71
D/dalvikvm( 1494): GC_CONCURRENT freed 410K, 77% free 1394K/5827K, paused 1ms+1ms
D/dalvikvm( 1877): GC_CONCURRENT freed 1956K, 18% free 31888K/38659K, paused 3ms+9ms
D/WriteDataInStorageThread( 1249): sendDataInStack --data length =524288 offset =64487424 file name = filePart0
V/DownloadTask( 1249): finishedThreadNum--->0
V/DownloadTask( 1249): mThreadNum--->2
D/NetFirmwareService( 1249): DownloadConstants.TASK_STATUS_RUNNING
D/NetFirmwareService( 1249): MSG_UPDATE_PACKAGE_STATUS_CHANGE
V/NetFirmwareService( 1249): percentValue--->71
D/WriteDataInStorageThread( 1249): write data  Pos=64487424   Length =524288  Thread =filePart0
D/SlideManagerRootImpl( 1223): slideTo = 1
D/dalvikvm( 1494): GC_CONCURRENT freed 473K, 77% free 1394K/5827K, paused 38ms+1ms
V/DownloadTask( 1249): finishedThreadNum--->0
V/DownloadTask( 1249): mThreadNum--->2
D/NetFirmwareService( 1249): DownloadConstants.TASK_STATUS_RUNNING
D/NetFirmwareService( 1249): MSG_UPDATE_PACKAGE_STATUS_CHANGE
V/NetFirmwareService( 1249): percentValue--->71
D/WriteDataInStorageThread( 1249): sendDataInStack --data length =524288 offset =154690103 file name = filePart1
D/WriteDataInStorageThread( 1249): write data  Pos=154690103   Length =524288  Thread =filePart1
V/DownloadTask( 1249): finishedThreadNum--->0
V/DownloadTask( 1249): mThreadNum--->2
D/NetFirmwareService( 1249): DownloadConstants.TASK_STATUS_RUNNING
D/NetFirmwareService( 1249): MSG_UPDATE_PACKAGE_STATUS_CHANGE
V/NetFirmwareService( 1249): percentValue--->71
D/dalvikvm( 1494): GC_CONCURRENT freed 474K, 78% free 1317K/5827K, paused 1ms+88ms
V/DownloadTask( 1249): finishedThreadNum--->0
V/DownloadTask( 1249): mThreadNum--->2
D/NetFirmwareService( 1249): DownloadConstants.TASK_STATUS_RUNNING
D/NetFirmwareService( 1249): MSG_UPDATE_PACKAGE_STATUS_CHANGE
V/NetFirmwareService( 1249): percentValue--->72
D/dalvikvm( 1494): GC_CONCURRENT freed 404K, 76% free 1408K/5827K, paused 14ms+1ms
D/dalvikvm( 1877): GC_CONCURRENT freed 1972K, 18% free 31885K/38659K, paused 2ms+13ms
V/DownloadTask( 1249): finishedThreadNum--->0
V/DownloadTask( 1249): mThreadNum--->2
D/NetFirmwareService( 1249): DownloadConstants.TASK_STATUS_RUNNING
D/NetFirmwareService( 1249): MSG_UPDATE_PACKAGE_STATUS_CHANGE
V/NetFirmwareService( 1249): percentValue--->72
V/DownloadTask( 1249): finishedThreadNum--->0
V/DownloadTask( 1249): mThreadNum--->2
D/NetFirmwareService( 1249): DownloadConstants.TASK_STATUS_RUNNING
D/NetFirmwareService( 1249): MSG_UPDATE_PACKAGE_STATUS_CHANGE
V/NetFirmwareService( 1249): percentValue--->72
D/dalvikvm( 1494): GC_CONCURRENT freed 491K, 76% free 1422K/5827K, paused 5ms+49ms
V/DownloadTask( 1249): finishedThreadNum--->0
V/DownloadTask( 1249): mThreadNum--->2
D/NetFirmwareService( 1249): DownloadConstants.TASK_STATUS_RUNNING
D/NetFirmwareService( 1249): MSG_UPDATE_PACKAGE_STATUS_CHANGE
V/NetFirmwareService( 1249): percentValue--->72
D/HomePlayerLib( 1494): hostaddress count is 1
D/dalvikvm( 1494): GC_CONCURRENT freed 511K, 78% free 1325K/5827K, paused 2ms+74ms
D/dalvikvm( 1494): GC_CONCURRENT freed 410K, 76% free 1415K/5827K, paused 1ms+1ms
V/DownloadTask( 1249): finishedThreadNum--->0
V/DownloadTask( 1249): mThreadNum--->2
D/NetFirmwareService( 1249): DownloadConstants.TASK_STATUS_RUNNING
D/NetFirmwareService( 1249): MSG_UPDATE_PACKAGE_STATUS_CHANGE
V/NetFirmwareService( 1249): percentValue--->72
D/dalvikvm( 1877): GC_CONCURRENT freed 1976K, 18% free 31870K/38659K, paused 5ms+17ms
D/dalvikvm( 1494): GC_CONCURRENT freed 477K, 76% free 1438K/5827K, paused 1ms+1ms
D/WriteDataInStorageThread( 1249): sendDataInStack --data length =524288 offset =65011712 file name = filePart0
D/WriteDataInStorageThread( 1249): write data  Pos=65011712   Length =524288  Thread =filePart0
V/DownloadTask( 1249): finishedThreadNum--->0
V/DownloadTask( 1249): mThreadNum--->2
D/NetFirmwareService( 1249): DownloadConstants.TASK_STATUS_RUNNING
D/NetFirmwareService( 1249): MSG_UPDATE_PACKAGE_STATUS_CHANGE
V/NetFirmwareService( 1249): percentValue--->72
D/dalvikvm( 1494): GC_CONCURRENT freed 533K, 76% free 1429K/5827K, paused 1ms+2ms
D/dalvikvm( 1494): GC_CONCURRENT freed 510K, 76% free 1432K/5827K, paused 3ms+3ms
D/WriteDataInStorageThread( 1249): sendDataInStack --data length =524288 offset =155214391 file name = filePart1
D/WriteDataInStorageThread( 1249): write data  Pos=155214391   Length =524288  Thread =filePart1
V/DownloadTask( 1249): finishedThreadNum--->0
V/DownloadTask( 1249): mThreadNum--->2
D/NetFirmwareService( 1249): DownloadConstants.TASK_STATUS_RUNNING
D/NetFirmwareService( 1249): MSG_UPDATE_PACKAGE_STATUS_CHANGE
V/NetFirmwareService( 1249): percentValue--->72
V/DownloadTask( 1249): finishedThreadNum--->0
V/DownloadTask( 1249): mThreadNum--->2
D/NetFirmwareService( 1249): DownloadConstants.TASK_STATUS_RUNNING
D/NetFirmwareService( 1249): MSG_UPDATE_PACKAGE_STATUS_CHANGE
V/NetFirmwareService( 1249): percentValue--->72
D/dalvikvm( 1494): GC_CONCURRENT freed 571K, 77% free 1371K/5827K, paused 1ms+67ms
D/dalvikvm( 1249): GC_CONCURRENT freed 1930K, 47% free 6729K/12483K, paused 1ms+4ms
V/DownloadTask( 1249): finishedThreadNum--->0
V/DownloadTask( 1249): mThreadNum--->2
D/NetFirmwareService( 1249): DownloadConstants.TASK_STATUS_RUNNING
D/NetFirmwareService( 1249): MSG_UPDATE_PACKAGE_STATUS_CHANGE
V/NetFirmwareService( 1249): percentValue--->72
D/dalvikvm( 1494): GC_CONCURRENT freed 462K, 76% free 1415K/5827K, paused 7ms+1ms
V/DownloadTask( 1249): finishedThreadNum--->0
V/DownloadTask( 1249): mThreadNum--->2
D/NetFirmwareService( 1249): DownloadConstants.TASK_STATUS_RUNNING
D/NetFirmwareService( 1249): MSG_UPDATE_PACKAGE_STATUS_CHANGE
V/NetFirmwareService( 1249): percentValue--->72
D/dalvikvm( 1494): GC_CONCURRENT freed 490K, 77% free 1358K/5827K, paused 1ms+1ms
D/SlideManagerRootImpl( 1223): slideTo = 2
D/dalvikvm( 1877): GC_CONCURRENT freed 1976K, 18% free 31874K/38659K, paused 4ms+12ms
V/DownloadTask( 1249): finishedThreadNum--->0
V/DownloadTask( 1249): mThreadNum--->2
D/NetFirmwareService( 1249): DownloadConstants.TASK_STATUS_RUNNING
D/NetFirmwareService( 1249): MSG_UPDATE_PACKAGE_STATUS_CHANGE
V/NetFirmwareService( 1249): percentValue--->72
D/dalvikvm( 1494): GC_CONCURRENT freed 446K, 76% free 1408K/5827K, paused 4ms+22ms
V/DownloadTask( 1249): finishedThreadNum--->0
V/DownloadTask( 1249): mThreadNum--->2
D/NetFirmwareService( 1249): DownloadConstants.TASK_STATUS_RUNNING
D/NetFirmwareService( 1249): MSG_UPDATE_PACKAGE_STATUS_CHANGE
V/NetFirmwareService( 1249): percentValue--->72
V/DownloadTask( 1249): finishedThreadNum--->0
V/DownloadTask( 1249): mThreadNum--->2
D/NetFirmwareService( 1249): DownloadConstants.TASK_STATUS_RUNNING
D/NetFirmwareService( 1249): MSG_UPDATE_PACKAGE_STATUS_CHANGE
V/NetFirmwareService( 1249): percentValue--->72
V/DownloadTask( 1249): finishedThreadNum--->0
V/DownloadTask( 1249): mThreadNum--->2
D/NetFirmwareService( 1249): DownloadConstants.TASK_STATUS_RUNNING
D/NetFirmwareService( 1249): MSG_UPDATE_PACKAGE_STATUS_CHANGE
V/NetFirmwareService( 1249): percentValue--->72
D/dalvikvm( 1494): GC_CONCURRENT freed 489K, 77% free 1394K/5827K, paused 26ms+23ms
V/DownloadTask( 1249): finishedThreadNum--->0
V/DownloadTask( 1249): mThreadNum--->2
D/NetFirmwareService( 1249): DownloadConstants.TASK_STATUS_RUNNING
D/NetFirmwareService( 1249): MSG_UPDATE_PACKAGE_STATUS_CHANGE
V/NetFirmwareService( 1249): percentValue--->72
D/dalvikvm( 1877): GC_CONCURRENT freed 1959K, 18% free 31870K/38659K, paused 3ms+12ms
V/DownloadTask( 1249): finishedThreadNum--->0
V/DownloadTask( 1249): mThreadNum--->2
D/NetFirmwareService( 1249): DownloadConstants.TASK_STATUS_RUNNING
D/NetFirmwareService( 1249): MSG_UPDATE_PACKAGE_STATUS_CHANGE
V/NetFirmwareService( 1249): percentValue--->72
D/dalvikvm( 1494): GC_CONCURRENT freed 474K, 77% free 1358K/5827K, paused 1ms+3ms
D/WriteDataInStorageThread( 1249): sendDataInStack --data length =524288 offset =65536000 file name = filePart0
V/DownloadTask( 1249): finishedThreadNum--->0
V/DownloadTask( 1249): mThreadNum--->2
D/NetFirmwareService( 1249): DownloadConstants.TASK_STATUS_RUNNING
D/NetFirmwareService( 1249): MSG_UPDATE_PACKAGE_STATUS_CHANGE
V/NetFirmwareService( 1249): percentValue--->72
D/WriteDataInStorageThread( 1249): write data  Pos=65536000   Length =524288  Thread =filePart0
D/WriteDataInStorageThread( 1249): sendDataInStack --data length =524288 offset =155738679 file name = filePart1
D/WriteDataInStorageThread( 1249): write data  Pos=155738679   Length =524288  Thread =filePart1
D/dalvikvm( 1494): GC_CONCURRENT freed 445K, 77% free 1368K/5827K, paused 0ms+1ms
V/DownloadTask( 1249): finishedThreadNum--->0
V/DownloadTask( 1249): mThreadNum--->2
D/NetFirmwareService( 1249): DownloadConstants.TASK_STATUS_RUNNING
D/NetFirmwareService( 1249): MSG_UPDATE_PACKAGE_STATUS_CHANGE
V/NetFirmwareService( 1249): percentValue--->72
V/DownloadTask( 1249): finishedThreadNum--->0
V/DownloadTask( 1249): mThreadNum--->2
D/NetFirmwareService( 1249): DownloadConstants.TASK_STATUS_RUNNING
D/NetFirmwareService( 1249): MSG_UPDATE_PACKAGE_STATUS_CHANGE
V/NetFirmwareService( 1249): percentValue--->73
V/DownloadTask( 1249): finishedThreadNum--->0
V/DownloadTask( 1249): mThreadNum--->2
D/NetFirmwareService( 1249): DownloadConstants.TASK_STATUS_RUNNING
D/NetFirmwareService( 1249): MSG_UPDATE_PACKAGE_STATUS_CHANGE
V/NetFirmwareService( 1249): percentValue--->73
D/dalvikvm( 1494): GC_CONCURRENT freed 460K, 76% free 1405K/5827K, paused 48ms+1ms
D/dalvikvm( 1494): GC_CONCURRENT freed 486K, 77% free 1358K/5827K, paused 1ms+2ms
D/dalvikvm( 1877): GC_CONCURRENT freed 1945K, 18% free 31891K/38659K, paused 3ms+10ms
V/DownloadTask( 1249): finishedThreadNum--->0
V/DownloadTask( 1249): mThreadNum--->2
D/NetFirmwareService( 1249): DownloadConstants.TASK_STATUS_RUNNING
D/NetFirmwareService( 1249): MSG_UPDATE_PACKAGE_STATUS_CHANGE
V/NetFirmwareService( 1249): percentValue--->73
V/DownloadTask( 1249): finishedThreadNum--->0
V/DownloadTask( 1249): mThreadNum--->2
D/NetFirmwareService( 1249): DownloadConstants.TASK_STATUS_RUNNING
D/NetFirmwareService( 1249): MSG_UPDATE_PACKAGE_STATUS_CHANGE
V/NetFirmwareService( 1249): percentValue--->73
D/SlideManagerRootImpl( 1223): slideTo = 3
D/dalvikvm( 1494): GC_CONCURRENT freed 444K, 77% free 1368K/5827K, paused 53ms+2ms
V/DownloadTask( 1249): finishedThreadNum--->0
V/DownloadTask( 1249): mThreadNum--->2
D/NetFirmwareService( 1249): DownloadConstants.TASK_STATUS_RUNNING
D/NetFirmwareService( 1249): MSG_UPDATE_PACKAGE_STATUS_CHANGE
V/NetFirmwareService( 1249): percentValue--->73
D/dalvikvm( 1494): GC_CONCURRENT freed 448K, 76% free 1407K/5827K, paused 55ms+30ms
V/DownloadTask( 1249): finishedThreadNum--->0
V/DownloadTask( 1249): mThreadNum--->2
D/NetFirmwareService( 1249): DownloadConstants.TASK_STATUS_RUNNING
D/NetFirmwareService( 1249): MSG_UPDATE_PACKAGE_STATUS_CHANGE
V/NetFirmwareService( 1249): percentValue--->73
D/dalvikvm( 1494): GC_CONCURRENT freed 502K, 77% free 1371K/5827K, paused 1ms+1ms
V/DownloadTask( 1249): finishedThreadNum--->0
V/DownloadTask( 1249): mThreadNum--->2
D/NetFirmwareService( 1249): DownloadConstants.TASK_STATUS_RUNNING
D/NetFirmwareService( 1249): MSG_UPDATE_PACKAGE_STATUS_CHANGE
V/NetFirmwareService( 1249): percentValue--->73
D/dalvikvm( 1494): GC_CONCURRENT freed 456K, 77% free 1367K/5827K, paused 1ms+1ms
D/dalvikvm( 1877): GC_CONCURRENT freed 1941K, 18% free 31908K/38659K, paused 3ms+9ms
V/DownloadTask( 1249): finishedThreadNum--->0
V/DownloadTask( 1249): mThreadNum--->2
D/NetFirmwareService( 1249): DownloadConstants.TASK_STATUS_RUNNING
D/NetFirmwareService( 1249): MSG_UPDATE_PACKAGE_STATUS_CHANGE
V/NetFirmwareService( 1249): percentValue--->73
V/DownloadTask( 1249): finishedThreadNum--->0
V/DownloadTask( 1249): mThreadNum--->2
D/NetFirmwareService( 1249): DownloadConstants.TASK_STATUS_RUNNING
D/NetFirmwareService( 1249): MSG_UPDATE_PACKAGE_STATUS_CHANGE
V/NetFirmwareService( 1249): percentValue--->73
D/WriteDataInStorageThread( 1249): sendDataInStack --data length =524288 offset =66060288 file name = filePart0
D/dalvikvm( 1494): GC_CONCURRENT freed 450K, 77% free 1367K/5827K, paused 53ms+1ms
D/WriteDataInStorageThread( 1249): write data  Pos=66060288   Length =524288  Thread =filePart0
V/DownloadTask( 1249): finishedThreadNum--->0
V/DownloadTask( 1249): mThreadNum--->2
D/NetFirmwareService( 1249): DownloadConstants.TASK_STATUS_RUNNING
D/NetFirmwareService( 1249): MSG_UPDATE_PACKAGE_STATUS_CHANGE
V/NetFirmwareService( 1249): percentValue--->73
V/DownloadTask( 1249): finishedThreadNum--->0
V/DownloadTask( 1249): mThreadNum--->2
D/NetFirmwareService( 1249): DownloadConstants.TASK_STATUS_RUNNING
D/NetFirmwareService( 1249): MSG_UPDATE_PACKAGE_STATUS_CHANGE
V/NetFirmwareService( 1249): percentValue--->73
D/WriteDataInStorageThread( 1249): sendDataInStack --data length =524288 offset =156262967 file name = filePart1
D/dalvikvm( 1494): GC_CONCURRENT freed 436K, 76% free 1441K/5827K, paused 4ms+2ms
D/WriteDataInStorageThread( 1249): write data  Pos=156262967   Length =524288  Thread =filePart1
D/HomePlayerLib( 1494): hostaddress count is 1
D/dalvikvm( 1494): GC_CONCURRENT freed 531K, 76% free 1437K/5827K, paused 66ms+1ms
V/DownloadTask( 1249): finishedThreadNum--->0
V/DownloadTask( 1249): mThreadNum--->2
D/NetFirmwareService( 1249): DownloadConstants.TASK_STATUS_RUNNING
D/NetFirmwareService( 1249): MSG_UPDATE_PACKAGE_STATUS_CHANGE
V/NetFirmwareService( 1249): percentValue--->73
D/dalvikvm( 1494): GC_CONCURRENT freed 529K, 76% free 1420K/5827K, paused 1ms+2ms
D/dalvikvm( 1877): GC_CONCURRENT freed 1962K, 18% free 31934K/38659K, paused 2ms+13ms
D/dalvikvm( 1494): GC_CONCURRENT freed 495K, 76% free 1414K/5827K, paused 1ms+7ms
V/DownloadTask( 1249): finishedThreadNum--->0
V/DownloadTask( 1249): mThreadNum--->2
D/NetFirmwareService( 1249): DownloadConstants.TASK_STATUS_RUNNING
D/NetFirmwareService( 1249): MSG_UPDATE_PACKAGE_STATUS_CHANGE
V/NetFirmwareService( 1249): percentValue--->73
D/dalvikvm( 1494): GC_CONCURRENT freed 496K, 76% free 1424K/5827K, paused 1ms+26ms
V/DownloadTask( 1249): finishedThreadNum--->0
V/DownloadTask( 1249): mThreadNum--->2
D/NetFirmwareService( 1249): DownloadConstants.TASK_STATUS_RUNNING
D/NetFirmwareService( 1249): MSG_UPDATE_PACKAGE_STATUS_CHANGE
V/NetFirmwareService( 1249): percentValue--->73
D/dalvikvm( 1494): GC_CONCURRENT freed 484K, 76% free 1451K/5827K, paused 48ms+2ms
V/DownloadTask( 1249): finishedThreadNum--->0
V/DownloadTask( 1249): mThreadNum--->2
D/NetFirmwareService( 1249): DownloadConstants.TASK_STATUS_RUNNING
D/NetFirmwareService( 1249): MSG_UPDATE_PACKAGE_STATUS_CHANGE
V/NetFirmwareService( 1249): percentValue--->73
V/DownloadTask( 1249): finishedThreadNum--->0
V/DownloadTask( 1249): mThreadNum--->2
D/NetFirmwareService( 1249): DownloadConstants.TASK_STATUS_RUNNING
D/NetFirmwareService( 1249): MSG_UPDATE_PACKAGE_STATUS_CHANGE
V/NetFirmwareService( 1249): percentValue--->73
D/dalvikvm( 1494): GC_CONCURRENT freed 536K, 76% free 1426K/5827K, paused 1ms+19ms
D/SlideManagerRootImpl( 1223): slideTo = 4
V/DownloadTask( 1249): finishedThreadNum--->0
V/DownloadTask( 1249): mThreadNum--->2
D/NetFirmwareService( 1249): DownloadConstants.TASK_STATUS_RUNNING
D/NetFirmwareService( 1249): MSG_UPDATE_PACKAGE_STATUS_CHANGE
V/NetFirmwareService( 1249): percentValue--->73
D/dalvikvm( 1494): GC_CONCURRENT freed 516K, 77% free 1351K/5827K, paused 41ms+24ms
D/dalvikvm( 1877): GC_CONCURRENT freed 1982K, 18% free 31935K/38659K, paused 2ms+12ms
V/DownloadTask( 1249): finishedThreadNum--->0
V/DownloadTask( 1249): mThreadNum--->2
D/NetFirmwareService( 1249): DownloadConstants.TASK_STATUS_RUNNING
D/NetFirmwareService( 1249): MSG_UPDATE_PACKAGE_STATUS_CHANGE
V/NetFirmwareService( 1249): percentValue--->73
D/dalvikvm( 1494): GC_CONCURRENT freed 440K, 76% free 1421K/5827K, paused 16ms+25ms
V/DownloadTask( 1249): finishedThreadNum--->0
V/DownloadTask( 1249): mThreadNum--->2
D/NetFirmwareService( 1249): DownloadConstants.TASK_STATUS_RUNNING
D/NetFirmwareService( 1249): MSG_UPDATE_PACKAGE_STATUS_CHANGE
V/NetFirmwareService( 1249): percentValue--->73
D/dalvikvm( 1494): GC_CONCURRENT freed 518K, 76% free 1419K/5827K, paused 1ms+2ms
V/DownloadTask( 1249): finishedThreadNum--->0
V/DownloadTask( 1249): mThreadNum--->2
D/NetFirmwareService( 1249): DownloadConstants.TASK_STATUS_RUNNING
D/NetFirmwareService( 1249): MSG_UPDATE_PACKAGE_STATUS_CHANGE
V/NetFirmwareService( 1249): percentValue--->73
D/dalvikvm( 1494): GC_CONCURRENT freed 515K, 78% free 1289K/5827K, paused 1ms+46ms
V/DownloadTask( 1249): finishedThreadNum--->0
V/DownloadTask( 1249): mThreadNum--->2
D/NetFirmwareService( 1249): DownloadConstants.TASK_STATUS_RUNNING
D/NetFirmwareService( 1249): MSG_UPDATE_PACKAGE_STATUS_CHANGE
V/NetFirmwareService( 1249): percentValue--->73
D/dalvikvm( 1249): GC_CONCURRENT freed 1931K, 47% free 6728K/12483K, paused 1ms+3ms
V/DownloadTask( 1249): finishedThreadNum--->0
V/DownloadTask( 1249): mThreadNum--->2
D/NetFirmwareService( 1249): DownloadConstants.TASK_STATUS_RUNNING
D/NetFirmwareService( 1249): MSG_UPDATE_PACKAGE_STATUS_CHANGE
V/NetFirmwareService( 1249): percentValue--->73
D/dalvikvm( 1494): GC_CONCURRENT freed 381K, 77% free 1367K/5827K, paused 43ms+2ms
D/dalvikvm( 1877): GC_CONCURRENT freed 1973K, 18% free 31933K/38659K, paused 3ms+10ms
V/DownloadTask( 1249): finishedThreadNum--->0
V/DownloadTask( 1249): mThreadNum--->2
D/NetFirmwareService( 1249): DownloadConstants.TASK_STATUS_RUNNING
D/NetFirmwareService( 1249): MSG_UPDATE_PACKAGE_STATUS_CHANGE
V/NetFirmwareService( 1249): percentValue--->73
D/dalvikvm( 1494): GC_CONCURRENT freed 461K, 76% free 1406K/5827K, paused 5ms+1ms
V/DownloadTask( 1249): finishedThreadNum--->0
V/DownloadTask( 1249): mThreadNum--->2
D/NetFirmwareService( 1249): DownloadConstants.TASK_STATUS_RUNNING
D/NetFirmwareService( 1249): MSG_UPDATE_PACKAGE_STATUS_CHANGE
V/NetFirmwareService( 1249): percentValue--->73
D/dalvikvm( 1494): GC_CONCURRENT freed 487K, 77% free 1358K/5827K, paused 2ms+1ms
V/DownloadTask( 1249): finishedThreadNum--->0
V/DownloadTask( 1249): mThreadNum--->2
D/NetFirmwareService( 1249): DownloadConstants.TASK_STATUS_RUNNING
D/NetFirmwareService( 1249): MSG_UPDATE_PACKAGE_STATUS_CHANGE
V/NetFirmwareService( 1249): percentValue--->73
D/dalvikvm( 1494): GC_CONCURRENT freed 446K, 76% free 1424K/5827K, paused 1ms+30ms
V/DownloadTask( 1249): finishedThreadNum--->0
V/DownloadTask( 1249): mThreadNum--->2
D/NetFirmwareService( 1249): DownloadConstants.TASK_STATUS_RUNNING
D/NetFirmwareService( 1249): MSG_UPDATE_PACKAGE_STATUS_CHANGE
V/NetFirmwareService( 1249): percentValue--->73
D/dalvikvm( 1494): GC_CONCURRENT freed 517K, 76% free 1407K/5827K, paused 1ms+2ms
V/DownloadTask( 1249): finishedThreadNum--->0
V/DownloadTask( 1249): mThreadNum--->2
D/NetFirmwareService( 1249): DownloadConstants.TASK_STATUS_RUNNING
D/NetFirmwareService( 1249): MSG_UPDATE_PACKAGE_STATUS_CHANGE
V/NetFirmwareService( 1249): percentValue--->73
D/dalvikvm( 1494): GC_CONCURRENT freed 489K, 78% free 1312K/5827K, paused 1ms+1ms
D/dalvikvm( 1877): GC_CONCURRENT freed 1982K, 18% free 31950K/38659K, paused 3ms+13ms
V/DownloadTask( 1249): finishedThreadNum--->0
V/DownloadTask( 1249): mThreadNum--->2
D/NetFirmwareService( 1249): DownloadConstants.TASK_STATUS_RUNNING
D/NetFirmwareService( 1249): MSG_UPDATE_PACKAGE_STATUS_CHANGE
V/NetFirmwareService( 1249): percentValue--->73
D/SlideManagerRootImpl( 1223): slideTo = 0
D/dalvikvm( 1494): GC_CONCURRENT freed 402K, 76% free 1407K/5827K, paused 17ms+1ms
V/DownloadTask( 1249): finishedThreadNum--->0
V/DownloadTask( 1249): mThreadNum--->2
D/NetFirmwareService( 1249): DownloadConstants.TASK_STATUS_RUNNING
D/NetFirmwareService( 1249): MSG_UPDATE_PACKAGE_STATUS_CHANGE
V/NetFirmwareService( 1249): percentValue--->73
D/dalvikvm( 1494): GC_CONCURRENT freed 490K, 77% free 1395K/5827K, paused 1ms+2ms
V/DownloadTask( 1249): finishedThreadNum--->0
V/DownloadTask( 1249): mThreadNum--->2
D/NetFirmwareService( 1249): DownloadConstants.TASK_STATUS_RUNNING
D/NetFirmwareService( 1249): MSG_UPDATE_PACKAGE_STATUS_CHANGE
V/NetFirmwareService( 1249): percentValue--->73
D/dalvikvm( 1494): GC_CONCURRENT freed 475K, 77% free 1358K/5827K, paused 1ms+70ms
V/DownloadTask( 1249): finishedThreadNum--->0
V/DownloadTask( 1249): mThreadNum--->2
D/NetFirmwareService( 1249): DownloadConstants.TASK_STATUS_RUNNING
D/NetFirmwareService( 1249): MSG_UPDATE_PACKAGE_STATUS_CHANGE
V/NetFirmwareService( 1249): percentValue--->73
D/dalvikvm( 1494): GC_CONCURRENT freed 446K, 76% free 1424K/5827K, paused 1ms+1ms
D/dalvikvm( 1494): GC_CONCURRENT freed 517K, 77% free 1340K/5827K, paused 16ms+2ms
V/DownloadTask( 1249): finishedThreadNum--->0
V/DownloadTask( 1249): mThreadNum--->2
D/NetFirmwareService( 1249): DownloadConstants.TASK_STATUS_RUNNING
D/NetFirmwareService( 1249): MSG_UPDATE_PACKAGE_STATUS_CHANGE
V/NetFirmwareService( 1249): percentValue--->73
D/dalvikvm( 1877): GC_CONCURRENT freed 2001K, 18% free 31934K/38659K, paused 4ms+13ms
D/dalvikvm( 1494): GC_CONCURRENT freed 434K, 77% free 1371K/5827K, paused 0ms+1ms
V/DownloadTask( 1249): finishedThreadNum--->0
V/DownloadTask( 1249): mThreadNum--->2
D/NetFirmwareService( 1249): DownloadConstants.TASK_STATUS_RUNNING
D/NetFirmwareService( 1249): MSG_UPDATE_PACKAGE_STATUS_CHANGE
V/NetFirmwareService( 1249): percentValue--->73
D/dalvikvm( 1494): GC_CONCURRENT freed 457K, 76% free 1424K/5827K, paused 27ms+1ms
V/DownloadTask( 1249): finishedThreadNum--->0
V/DownloadTask( 1249): mThreadNum--->2
D/NetFirmwareService( 1249): DownloadConstants.TASK_STATUS_RUNNING
D/NetFirmwareService( 1249): MSG_UPDATE_PACKAGE_STATUS_CHANGE
V/NetFirmwareService( 1249): percentValue--->73
V/DownloadTask( 1249): finishedThreadNum--->0
V/DownloadTask( 1249): mThreadNum--->2
D/NetFirmwareService( 1249): DownloadConstants.TASK_STATUS_RUNNING
D/NetFirmwareService( 1249): MSG_UPDATE_PACKAGE_STATUS_CHANGE
V/NetFirmwareService( 1249): percentValue--->73
D/dalvikvm( 1494): GC_CONCURRENT freed 518K, 76% free 1410K/5827K, paused 31ms+66ms
D/WriteDataInStorageThread( 1249): sendDataInStack --data length =524288 offset =156787255 file name = filePart1
D/WriteDataInStorageThread( 1249): write data  Pos=156787255   Length =524288  Thread =filePart1
D/dalvikvm( 1494): GC_CONCURRENT freed 487K, 78% free 1317K/5827K, paused 1ms+2ms
V/DownloadTask( 1249): finishedThreadNum--->0
V/DownloadTask( 1249): mThreadNum--->2
D/NetFirmwareService( 1249): DownloadConstants.TASK_STATUS_RUNNING
D/NetFirmwareService( 1249): MSG_UPDATE_PACKAGE_STATUS_CHANGE
V/NetFirmwareService( 1249): percentValue--->73
V/DownloadTask( 1249): finishedThreadNum--->0
V/DownloadTask( 1249): mThreadNum--->2
D/NetFirmwareService( 1249): DownloadConstants.TASK_STATUS_RUNNING
D/NetFirmwareService( 1249): MSG_UPDATE_PACKAGE_STATUS_CHANGE
V/NetFirmwareService( 1249): percentValue--->74
D/dalvikvm( 1494): GC_CONCURRENT freed 404K, 76% free 1407K/5827K, paused 2ms+1ms
D/dalvikvm( 1877): GC_CONCURRENT freed 1982K, 18% free 31954K/38659K, paused 2ms+13ms
V/DownloadTask( 1249): finishedThreadNum--->0
V/DownloadTask( 1249): mThreadNum--->2
D/NetFirmwareService( 1249): DownloadConstants.TASK_STATUS_RUNNING
D/NetFirmwareService( 1249): MSG_UPDATE_PACKAGE_STATUS_CHANGE
V/NetFirmwareService( 1249): percentValue--->74
D/dalvikvm( 1494): GC_CONCURRENT freed 465K, 76% free 1449K/5827K, paused 74ms+2ms
D/HomePlayerLib( 1494): hostaddress count is 1
V/DownloadTask( 1249): finishedThreadNum--->0
V/DownloadTask( 1249): mThreadNum--->2
D/NetFirmwareService( 1249): DownloadConstants.TASK_STATUS_RUNNING
D/NetFirmwareService( 1249): MSG_UPDATE_PACKAGE_STATUS_CHANGE
V/NetFirmwareService( 1249): percentValue--->74
D/dalvikvm( 1494): GC_CONCURRENT freed 523K, 77% free 1349K/5827K, paused 0ms+1ms
V/DownloadTask( 1249): finishedThreadNum--->0
V/DownloadTask( 1249): mThreadNum--->2
D/NetFirmwareService( 1249): DownloadConstants.TASK_STATUS_RUNNING
D/NetFirmwareService( 1249): MSG_UPDATE_PACKAGE_STATUS_CHANGE
V/NetFirmwareService( 1249): percentValue--->74
D/dalvikvm( 1494): GC_CONCURRENT freed 441K, 76% free 1408K/5827K, paused 20ms+9ms
D/SlideManagerRootImpl( 1223): slideTo = 1
V/DownloadTask( 1249): finishedThreadNum--->0
V/DownloadTask( 1249): mThreadNum--->2
D/NetFirmwareService( 1249): DownloadConstants.TASK_STATUS_RUNNING
D/NetFirmwareService( 1249): MSG_UPDATE_PACKAGE_STATUS_CHANGE
V/NetFirmwareService( 1249): percentValue--->74
D/dalvikvm( 1494): GC_CONCURRENT freed 490K, 76% free 1429K/5827K, paused 6ms+1ms
D/dalvikvm( 1494): GC_CONCURRENT freed 491K, 76% free 1445K/5827K, paused 0ms+1ms
V/DownloadTask( 1249): finishedThreadNum--->0
V/DownloadTask( 1249): mThreadNum--->2
D/NetFirmwareService( 1249): DownloadConstants.TASK_STATUS_RUNNING
D/NetFirmwareService( 1249): MSG_UPDATE_PACKAGE_STATUS_CHANGE
V/NetFirmwareService( 1249): percentValue--->74
D/dalvikvm( 1877): GC_CONCURRENT freed 2001K, 18% free 31937K/38659K, paused 2ms+17ms
V/DownloadTask( 1249): finishedThreadNum--->0
V/DownloadTask( 1249): mThreadNum--->2
D/NetFirmwareService( 1249): DownloadConstants.TASK_STATUS_RUNNING
D/NetFirmwareService( 1249): MSG_UPDATE_PACKAGE_STATUS_CHANGE
V/NetFirmwareService( 1249): percentValue--->74
D/dalvikvm( 1494): GC_CONCURRENT freed 511K, 76% free 1444K/5827K, paused 14ms+19ms
V/DownloadTask( 1249): finishedThreadNum--->0
V/DownloadTask( 1249): mThreadNum--->2
D/NetFirmwareService( 1249): DownloadConstants.TASK_STATUS_RUNNING
D/NetFirmwareService( 1249): MSG_UPDATE_PACKAGE_STATUS_CHANGE
V/NetFirmwareService( 1249): percentValue--->74
D/DownloadThread( 1249): filePart0Retry request data 67084288-90202678
D/dalvikvm( 1494): GC_FOR_ALLOC freed 613K, 78% free 1327K/5827K, paused 238ms
D/CheckNetWork( 1719): isOk true
D/CheckNetWork( 1719): ActInfoNetworkInfo: type: WIFI[], state: CONNECTED/CONNECTED, reason: (unspecified), extra: (none), roaming: false, failover: false, isAvailable: true
D/CheckNetWork( 1719): infoNetworkInfo: type: WIFI[], state: CONNECTED/CONNECTED, reason: (unspecified), extra: (none), roaming: false, failover: false, isAvailable: true
V/DownloadTask( 1249): finishedThreadNum--->0
V/DownloadTask( 1249): mThreadNum--->2
D/NetFirmwareService( 1249): DownloadConstants.TASK_STATUS_RUNNING
D/NetFirmwareService( 1249): MSG_UPDATE_PACKAGE_STATUS_CHANGE
V/NetFirmwareService( 1249): percentValue--->74
V/DownloadTask( 1249): finishedThreadNum--->0
V/DownloadTask( 1249): mThreadNum--->2
D/NetFirmwareService( 1249): DownloadConstants.TASK_STATUS_RUNNING
D/NetFirmwareService( 1249): MSG_UPDATE_PACKAGE_STATUS_CHANGE
V/NetFirmwareService( 1249): percentValue--->74
D/dalvikvm( 1494): GC_CONCURRENT freed 417K, 76% free 1421K/5827K, paused 1ms+1ms
D/dalvikvm( 1877): GC_CONCURRENT freed 1989K, 18% free 31954K/38659K, paused 2ms+14ms
V/DownloadTask( 1249): finishedThreadNum--->0
V/DownloadTask( 1249): mThreadNum--->2
D/NetFirmwareService( 1249): DownloadConstants.TASK_STATUS_RUNNING
D/NetFirmwareService( 1249): MSG_UPDATE_PACKAGE_STATUS_CHANGE
V/NetFirmwareService( 1249): percentValue--->74
D/dalvikvm( 1494): GC_CONCURRENT freed 513K, 77% free 1380K/5827K, paused 54ms+2ms
V/DownloadTask( 1249): finishedThreadNum--->0
V/DownloadTask( 1249): mThreadNum--->2
D/NetFirmwareService( 1249): DownloadConstants.TASK_STATUS_RUNNING
D/NetFirmwareService( 1249): MSG_UPDATE_PACKAGE_STATUS_CHANGE
V/NetFirmwareService( 1249): percentValue--->74
V/DownloadTask( 1249): finishedThreadNum--->0
V/DownloadTask( 1249): mThreadNum--->2
D/NetFirmwareService( 1249): DownloadConstants.TASK_STATUS_RUNNING
D/NetFirmwareService( 1249): MSG_UPDATE_PACKAGE_STATUS_CHANGE
V/NetFirmwareService( 1249): percentValue--->74
D/dalvikvm( 1494): GC_CONCURRENT freed 458K, 76% free 1410K/5827K, paused 24ms+45ms
V/DownloadTask( 1249): finishedThreadNum--->0
V/DownloadTask( 1249): mThreadNum--->2
D/NetFirmwareService( 1249): DownloadConstants.TASK_STATUS_RUNNING
D/NetFirmwareService( 1249): MSG_UPDATE_PACKAGE_STATUS_CHANGE
V/NetFirmwareService( 1249): percentValue--->74
D/dalvikvm( 1877): GC_CONCURRENT freed 1994K, 18% free 31933K/38659K, paused 2ms+12ms
V/DownloadTask( 1249): finishedThreadNum--->0
V/DownloadTask( 1249): mThreadNum--->2
D/NetFirmwareService( 1249): DownloadConstants.TASK_STATUS_RUNNING
D/NetFirmwareService( 1249): MSG_UPDATE_PACKAGE_STATUS_CHANGE
V/NetFirmwareService( 1249): percentValue--->74
V/DownloadTask( 1249): finishedThreadNum--->0
V/DownloadTask( 1249): mThreadNum--->2
D/NetFirmwareService( 1249): DownloadConstants.TASK_STATUS_RUNNING
D/NetFirmwareService( 1249): MSG_UPDATE_PACKAGE_STATUS_CHANGE
V/NetFirmwareService( 1249): percentValue--->74
D/SlideManagerRootImpl( 1223): slideTo = 2
D/dalvikvm( 1249): GC_CONCURRENT freed 1931K, 47% free 6724K/12483K, paused 2ms+2ms
D/dalvikvm( 1494): GC_CONCURRENT freed 488K, 76% free 1436K/5827K, paused 1ms+2ms
V/DownloadTask( 1249): finishedThreadNum--->0
V/DownloadTask( 1249): mThreadNum--->2
D/NetFirmwareService( 1249): DownloadConstants.TASK_STATUS_RUNNING
D/NetFirmwareService( 1249): MSG_UPDATE_PACKAGE_STATUS_CHANGE
V/NetFirmwareService( 1249): percentValue--->74
V/DownloadTask( 1249): finishedThreadNum--->0
V/DownloadTask( 1249): mThreadNum--->2
D/NetFirmwareService( 1249): DownloadConstants.TASK_STATUS_RUNNING
D/NetFirmwareService( 1249): MSG_UPDATE_PACKAGE_STATUS_CHANGE
V/NetFirmwareService( 1249): percentValue--->74
V/DownloadThread( 1249): Accept-Ranges: null
V/DownloadThread( 1249): Content-Disposition: null
V/DownloadThread( 1249): Content-Length: 23118391
V/DownloadThread( 1249): Content-Location: null
V/DownloadThread( 1249): ETag: null
V/DownloadThread( 1249): Transfer-Encoding: null
D/WriteDataInStorageThread( 1249): sendDataInStack --data length =524288 offset =66584576 file name = filePart0
D/WriteDataInStorageThread( 1249): write data  Pos=66584576   Length =524288  Thread =filePart0
D/dalvikvm( 1877): GC_CONCURRENT freed 1981K, 18% free 31899K/38659K, paused 4ms+12ms
V/DownloadTask( 1249): finishedThreadNum--->0
V/DownloadTask( 1249): mThreadNum--->2
D/NetFirmwareService( 1249): DownloadConstants.TASK_STATUS_RUNNING
D/NetFirmwareService( 1249): MSG_UPDATE_PACKAGE_STATUS_CHANGE
V/NetFirmwareService( 1249): percentValue--->74
D/dalvikvm( 1494): GC_CONCURRENT freed 528K, 76% free 1450K/5827K, paused 1ms+2ms
V/DownloadTask( 1249): finishedThreadNum--->0
V/DownloadTask( 1249): mThreadNum--->2
D/NetFirmwareService( 1249): DownloadConstants.TASK_STATUS_RUNNING
D/NetFirmwareService( 1249): MSG_UPDATE_PACKAGE_STATUS_CHANGE
V/NetFirmwareService( 1249): percentValue--->74
V/DownloadTask( 1249): finishedThreadNum--->0
V/DownloadTask( 1249): mThreadNum--->2
D/NetFirmwareService( 1249): DownloadConstants.TASK_STATUS_RUNNING
D/NetFirmwareService( 1249): MSG_UPDATE_PACKAGE_STATUS_CHANGE
V/NetFirmwareService( 1249): percentValue--->74
D/WriteDataInStorageThread( 1249): sendDataInStack --data length =524288 offset =157311543 file name = filePart1
D/WriteDataInStorageThread( 1249): write data  Pos=157311543   Length =524288  Thread =filePart1
V/DownloadTask( 1249): finishedThreadNum--->0
V/DownloadTask( 1249): mThreadNum--->2
D/NetFirmwareService( 1249): DownloadConstants.TASK_STATUS_RUNNING
D/NetFirmwareService( 1249): MSG_UPDATE_PACKAGE_STATUS_CHANGE
V/NetFirmwareService( 1249): percentValue--->74
D/dalvikvm( 1494): GC_CONCURRENT freed 530K, 77% free 1354K/5827K, paused 1ms+57ms
V/DownloadTask( 1249): finishedThreadNum--->0
V/DownloadTask( 1249): mThreadNum--->2
D/NetFirmwareService( 1249): DownloadConstants.TASK_STATUS_RUNNING
D/NetFirmwareService( 1249): MSG_UPDATE_PACKAGE_STATUS_CHANGE
V/NetFirmwareService( 1249): percentValue--->74
D/dalvikvm( 1877): GC_CONCURRENT freed 1944K, 18% free 31885K/38659K, paused 3ms+11ms
V/DownloadTask( 1249): finishedThreadNum--->0
V/DownloadTask( 1249): mThreadNum--->2
D/NetFirmwareService( 1249): DownloadConstants.TASK_STATUS_RUNNING
D/NetFirmwareService( 1249): MSG_UPDATE_PACKAGE_STATUS_CHANGE
V/NetFirmwareService( 1249): percentValue--->74
V/DownloadTask( 1249): finishedThreadNum--->0
V/DownloadTask( 1249): mThreadNum--->2
D/NetFirmwareService( 1249): DownloadConstants.TASK_STATUS_RUNNING
D/NetFirmwareService( 1249): MSG_UPDATE_PACKAGE_STATUS_CHANGE
V/NetFirmwareService( 1249): percentValue--->74
D/dalvikvm( 1494): GC_CONCURRENT freed 434K, 77% free 1357K/5827K, paused 26ms+48ms
V/DownloadTask( 1249): finishedThreadNum--->0
V/DownloadTask( 1249): mThreadNum--->2
D/NetFirmwareService( 1249): DownloadConstants.TASK_STATUS_RUNNING
D/NetFirmwareService( 1249): MSG_UPDATE_PACKAGE_STATUS_CHANGE
V/NetFirmwareService( 1249): percentValue--->74
V/DownloadTask( 1249): finishedThreadNum--->0
V/DownloadTask( 1249): mThreadNum--->2
D/NetFirmwareService( 1249): DownloadConstants.TASK_STATUS_RUNNING
D/NetFirmwareService( 1249): MSG_UPDATE_PACKAGE_STATUS_CHANGE
V/NetFirmwareService( 1249): percentValue--->74
D/dalvikvm( 1494): GC_CONCURRENT freed 444K, 78% free 1299K/5827K, paused 21ms+1ms
D/dalvikvm( 1877): GC_CONCURRENT freed 1935K, 18% free 31925K/38659K, paused 2ms+13ms
D/dalvikvm( 1494): GC_CONCURRENT freed 395K, 76% free 1412K/5827K, paused 5ms+25ms
V/DownloadTask( 1249): finishedThreadNum--->0
V/DownloadTask( 1249): mThreadNum--->2
D/NetFirmwareService( 1249): DownloadConstants.TASK_STATUS_RUNNING
D/NetFirmwareService( 1249): MSG_UPDATE_PACKAGE_STATUS_CHANGE
V/NetFirmwareService( 1249): percentValue--->74
D/SlideManagerRootImpl( 1223): slideTo = 3
V/DownloadTask( 1249): finishedThreadNum--->0
V/DownloadTask( 1249): mThreadNum--->2
D/NetFirmwareService( 1249): DownloadConstants.TASK_STATUS_RUNNING
D/NetFirmwareService( 1249): MSG_UPDATE_PACKAGE_STATUS_CHANGE
V/NetFirmwareService( 1249): percentValue--->74
D/dalvikvm( 1494): GC_CONCURRENT freed 487K, 76% free 1439K/5827K, paused 37ms+26ms
V/DownloadTask( 1249): finishedThreadNum--->0
V/DownloadTask( 1249): mThreadNum--->2
D/NetFirmwareService( 1249): DownloadConstants.TASK_STATUS_RUNNING
D/NetFirmwareService( 1249): MSG_UPDATE_PACKAGE_STATUS_CHANGE
V/NetFirmwareService( 1249): percentValue--->74
D/WriteDataInStorageThread( 1249): sendDataInStack --data length =524288 offset =67108864 file name = filePart0
D/WriteDataInStorageThread( 1249): write data  Pos=67108864   Length =524288  Thread =filePart0
V/DownloadTask( 1249): finishedThreadNum--->0
V/DownloadTask( 1249): mThreadNum--->2
D/NetFirmwareService( 1249): DownloadConstants.TASK_STATUS_RUNNING
D/NetFirmwareService( 1249): MSG_UPDATE_PACKAGE_STATUS_CHANGE
V/NetFirmwareService( 1249): percentValue--->74
D/dalvikvm( 1494): GC_CONCURRENT freed 526K, 76% free 1424K/5827K, paused 6ms+26ms
V/DownloadTask( 1249): finishedThreadNum--->0
V/DownloadTask( 1249): mThreadNum--->2
D/NetFirmwareService( 1249): DownloadConstants.TASK_STATUS_RUNNING
D/NetFirmwareService( 1249): MSG_UPDATE_PACKAGE_STATUS_CHANGE
V/NetFirmwareService( 1249): percentValue--->74
