D/NetFirmwareService( 1249): MSG_UPDATE_PACKAGE_STATUS_CHANGE
V/NetFirmwareService( 1249): percentValue--->89
D/dalvikvm( 1494): GC_CONCURRENT freed 503K, 78% free 1330K/5827K, paused 32ms+1ms
V/DownloadTask( 1249): finishedThreadNum--->0
V/DownloadTask( 1249): mThreadNum--->2
D/NetFirmwareService( 1249): DownloadConstants.TASK_STATUS_RUNNING
D/NetFirmwareService( 1249): MSG_UPDATE_PACKAGE_STATUS_CHANGE
V/NetFirmwareService( 1249): percentValue--->89
V/DownloadTask( 1249): finishedThreadNum--->0
V/DownloadTask( 1249): mThreadNum--->2
D/NetFirmwareService( 1249): DownloadConstants.TASK_STATUS_RUNNING
D/NetFirmwareService( 1249): MSG_UPDATE_PACKAGE_STATUS_CHANGE
V/NetFirmwareService( 1249): percentValue--->89
D/dalvikvm( 1494): GC_CONCURRENT freed 417K, 76% free 1409K/5827K, paused 2ms+22ms
V/DownloadTask( 1249): finishedThreadNum--->0
V/DownloadTask( 1249): mThreadNum--->2
D/NetFirmwareService( 1249): DownloadConstants.TASK_STATUS_RUNNING
D/NetFirmwareService( 1249): MSG_UPDATE_PACKAGE_STATUS_CHANGE
V/NetFirmwareService( 1249): percentValue--->89
D/dalvikvm( 1494): GC_CONCURRENT freed 489K, 77% free 1394K/5827K, paused 7ms+1ms
V/DownloadTask( 1249): finishedThreadNum--->0
V/DownloadTask( 1249): mThreadNum--->2
D/NetFirmwareService( 1249): DownloadConstants.TASK_STATUS_RUNNING
D/NetFirmwareService( 1249): MSG_UPDATE_PACKAGE_STATUS_CHANGE
V/NetFirmwareService( 1249): percentValue--->89
D/dalvikvm( 1494): GC_CONCURRENT freed 475K, 76% free 1424K/5827K, paused 2ms+1ms
D/dalvikvm( 1877): GC_CONCURRENT freed 1954K, 18% free 31896K/38659K, paused 3ms+15ms
D/dalvikvm( 1249): GC_CONCURRENT freed 1923K, 47% free 6720K/12483K, paused 1ms+4ms
V/DownloadTask( 1249): finishedThreadNum--->0
V/DownloadTask( 1249): mThreadNum--->2
D/NetFirmwareService( 1249): DownloadConstants.TASK_STATUS_RUNNING
D/NetFirmwareService( 1249): MSG_UPDATE_PACKAGE_STATUS_CHANGE
V/NetFirmwareService( 1249): percentValue--->89
D/dalvikvm( 1494): GC_CONCURRENT freed 509K, 77% free 1365K/5827K, paused 2ms+5ms
V/DownloadTask( 1249): finishedThreadNum--->0
V/DownloadTask( 1249): mThreadNum--->2
D/NetFirmwareService( 1249): DownloadConstants.TASK_STATUS_RUNNING
D/NetFirmwareService( 1249): MSG_UPDATE_PACKAGE_STATUS_CHANGE
V/NetFirmwareService( 1249): percentValue--->89
D/dalvikvm( 1494): GC_CONCURRENT freed 448K, 76% free 1409K/5827K, paused 6ms+1ms
V/DownloadTask( 1249): finishedThreadNum--->0
V/DownloadTask( 1249): mThreadNum--->2
D/NetFirmwareService( 1249): DownloadConstants.TASK_STATUS_RUNNING
D/NetFirmwareService( 1249): MSG_UPDATE_PACKAGE_STATUS_CHANGE
V/NetFirmwareService( 1249): percentValue--->89
V/DownloadTask( 1249): finishedThreadNum--->0
V/DownloadTask( 1249): mThreadNum--->2
D/NetFirmwareService( 1249): DownloadConstants.TASK_STATUS_RUNNING
D/NetFirmwareService( 1249): MSG_UPDATE_PACKAGE_STATUS_CHANGE
V/NetFirmwareService( 1249): percentValue--->89
D/HomePlayerLib( 1494): hostaddress count is 1
D/WriteDataInStorageThread( 1249): sendDataInStack --data length =524288 offset =80740352 file name = filePart0
V/DownloadTask( 1249): finishedThreadNum--->0
V/DownloadTask( 1249): mThreadNum--->2
D/NetFirmwareService( 1249): DownloadConstants.TASK_STATUS_RUNNING
D/NetFirmwareService( 1249): MSG_UPDATE_PACKAGE_STATUS_CHANGE
V/NetFirmwareService( 1249): percentValue--->89
D/dalvikvm( 1494): GC_CONCURRENT freed 508K, 76% free 1408K/5827K, paused 1ms+19ms
D/WriteDataInStorageThread( 1249): write data  Pos=80740352   Length =524288  Thread =filePart0
D/dalvikvm( 1494): GC_CONCURRENT freed 480K, 76% free 1439K/5827K, paused 1ms+1ms
D/dalvikvm( 1877): GC_CONCURRENT freed 1942K, 18% free 31902K/38659K, paused 57ms+12ms
V/DownloadTask( 1249): finishedThreadNum--->0
V/DownloadTask( 1249): mThreadNum--->2
D/NetFirmwareService( 1249): DownloadConstants.TASK_STATUS_RUNNING
D/NetFirmwareService( 1249): MSG_UPDATE_PACKAGE_STATUS_CHANGE
V/NetFirmwareService( 1249): percentValue--->89
D/dalvikvm( 1494): GC_CONCURRENT freed 537K, 78% free 1321K/5827K, paused 1ms+5ms
V/DownloadTask( 1249): finishedThreadNum--->0
V/DownloadTask( 1249): mThreadNum--->2
D/NetFirmwareService( 1249): DownloadConstants.TASK_STATUS_RUNNING
D/NetFirmwareService( 1249): MSG_UPDATE_PACKAGE_STATUS_CHANGE
V/NetFirmwareService( 1249): percentValue--->89
D/SlideManagerRootImpl( 1223): slideTo = 1
V/DownloadTask( 1249): finishedThreadNum--->0
V/DownloadTask( 1249): mThreadNum--->2
D/NetFirmwareService( 1249): DownloadConstants.TASK_STATUS_RUNNING
D/NetFirmwareService( 1249): MSG_UPDATE_PACKAGE_STATUS_CHANGE
V/NetFirmwareService( 1249): percentValue--->89
D/dalvikvm( 1494): GC_CONCURRENT freed 404K, 76% free 1428K/5827K, paused 1ms+10ms
V/DownloadTask( 1249): finishedThreadNum--->0
V/DownloadTask( 1249): mThreadNum--->2
D/NetFirmwareService( 1249): DownloadConstants.TASK_STATUS_RUNNING
D/NetFirmwareService( 1249): MSG_UPDATE_PACKAGE_STATUS_CHANGE
V/NetFirmwareService( 1249): percentValue--->89
D/WriteDataInStorageThread( 1249): sendDataInStack --data length =524288 offset =170943031 file name = filePart1
V/DownloadTask( 1249): finishedThreadNum--->0
V/DownloadTask( 1249): mThreadNum--->2
D/NetFirmwareService( 1249): DownloadConstants.TASK_STATUS_RUNNING
D/NetFirmwareService( 1249): MSG_UPDATE_PACKAGE_STATUS_CHANGE
V/NetFirmwareService( 1249): percentValue--->89
D/WriteDataInStorageThread( 1249): write data  Pos=170943031   Length =524288  Thread =filePart1
D/dalvikvm( 1494): GC_CONCURRENT freed 509K, 76% free 1430K/5827K, paused 1ms+2ms
D/dalvikvm( 1877): GC_CONCURRENT freed 1953K, 18% free 31910K/38659K, paused 3ms+15ms
V/DownloadTask( 1249): finishedThreadNum--->0
V/DownloadTask( 1249): mThreadNum--->2
D/NetFirmwareService( 1249): DownloadConstants.TASK_STATUS_RUNNING
D/NetFirmwareService( 1249): MSG_UPDATE_PACKAGE_STATUS_CHANGE
V/NetFirmwareService( 1249): percentValue--->90
V/DownloadTask( 1249): finishedThreadNum--->0
V/DownloadTask( 1249): mThreadNum--->2
D/NetFirmwareService( 1249): DownloadConstants.TASK_STATUS_RUNNING
D/NetFirmwareService( 1249): MSG_UPDATE_PACKAGE_STATUS_CHANGE
V/NetFirmwareService( 1249): percentValue--->90
D/dalvikvm( 1494): GC_CONCURRENT freed 516K, 76% free 1420K/5827K, paused 2ms+44ms
V/DownloadTask( 1249): finishedThreadNum--->0
V/DownloadTask( 1249): mThreadNum--->2
D/NetFirmwareService( 1249): DownloadConstants.TASK_STATUS_RUNNING
D/NetFirmwareService( 1249): MSG_UPDATE_PACKAGE_STATUS_CHANGE
V/NetFirmwareService( 1249): percentValue--->90
V/DownloadTask( 1249): finishedThreadNum--->0
V/DownloadTask( 1249): mThreadNum--->2
D/NetFirmwareService( 1249): DownloadConstants.TASK_STATUS_RUNNING
D/NetFirmwareService( 1249): MSG_UPDATE_PACKAGE_STATUS_CHANGE
V/NetFirmwareService( 1249): percentValue--->90
D/dalvikvm( 1494): GC_CONCURRENT freed 509K, 77% free 1380K/5827K, paused 44ms+1ms
V/DownloadTask( 1249): finishedThreadNum--->0
V/DownloadTask( 1249): mThreadNum--->2
D/NetFirmwareService( 1249): DownloadConstants.TASK_STATUS_RUNNING
D/NetFirmwareService( 1249): MSG_UPDATE_PACKAGE_STATUS_CHANGE
V/NetFirmwareService( 1249): percentValue--->90
D/dalvikvm( 1877): GC_CONCURRENT freed 1958K, 18% free 31954K/38659K, paused 3ms+12ms
D/WriteDataInStorageThread( 1249): sendDataInStack --data length =524288 offset =81264640 file name = filePart0
D/WriteDataInStorageThread( 1249): write data  Pos=81264640   Length =524288  Thread =filePart0
D/dalvikvm( 1494): GC_CONCURRENT freed 460K, 77% free 1359K/5827K, paused 1ms+2ms
V/DownloadTask( 1249): finishedThreadNum--->0
V/DownloadTask( 1249): mThreadNum--->2
D/NetFirmwareService( 1249): DownloadConstants.TASK_STATUS_RUNNING
D/NetFirmwareService( 1249): MSG_UPDATE_PACKAGE_STATUS_CHANGE
V/NetFirmwareService( 1249): percentValue--->90
D/dalvikvm( 1494): GC_CONCURRENT freed 447K, 77% free 1341K/5827K, paused 2ms+2ms
V/DownloadTask( 1249): finishedThreadNum--->0
V/DownloadTask( 1249): mThreadNum--->2
D/NetFirmwareService( 1249): DownloadConstants.TASK_STATUS_RUNNING
D/NetFirmwareService( 1249): MSG_UPDATE_PACKAGE_STATUS_CHANGE
V/NetFirmwareService( 1249): percentValue--->90
V/DownloadTask( 1249): finishedThreadNum--->0
V/DownloadTask( 1249): mThreadNum--->2
D/NetFirmwareService( 1249): DownloadConstants.TASK_STATUS_RUNNING
D/NetFirmwareService( 1249): MSG_UPDATE_PACKAGE_STATUS_CHANGE
V/NetFirmwareService( 1249): percentValue--->90
D/PushMsgCenter( 1688): mDownUpRun run while (true)
D/PushMsgCenter( 1688): down  
D/dalvikvm( 1494): GC_CONCURRENT freed 436K, 77% free 1389K/5827K, paused 59ms+29ms
V/DownloadTask( 1249): finishedThreadNum--->0
V/DownloadTask( 1249): mThreadNum--->2
D/NetFirmwareService( 1249): DownloadConstants.TASK_STATUS_RUNNING
D/NetFirmwareService( 1249): MSG_UPDATE_PACKAGE_STATUS_CHANGE
V/NetFirmwareService( 1249): percentValue--->90
D/SlideManagerRootImpl( 1223): slideTo = 2
D/WriteDataInStorageThread( 1249): sendDataInStack --data length =524288 offset =171467319 file name = filePart1
D/WriteDataInStorageThread( 1249): write data  Pos=171467319   Length =524288  Thread =filePart1
D/dalvikvm( 1494): GC_CONCURRENT freed 475K, 76% free 1412K/5827K, paused 0ms+1ms
D/dalvikvm( 1877): GC_CONCURRENT freed 2006K, 18% free 31944K/38659K, paused 3ms+14ms
V/DownloadTask( 1249): finishedThreadNum--->0
V/DownloadTask( 1249): mThreadNum--->2
D/NetFirmwareService( 1249): DownloadConstants.TASK_STATUS_RUNNING
D/NetFirmwareService( 1249): MSG_UPDATE_PACKAGE_STATUS_CHANGE
V/NetFirmwareService( 1249): percentValue--->90
V/DownloadTask( 1249): finishedThreadNum--->0
V/DownloadTask( 1249): mThreadNum--->2
D/NetFirmwareService( 1249): DownloadConstants.TASK_STATUS_RUNNING
D/NetFirmwareService( 1249): MSG_UPDATE_PACKAGE_STATUS_CHANGE
V/NetFirmwareService( 1249): percentValue--->90
V/DownloadTask( 1249): finishedThreadNum--->0
V/DownloadTask( 1249): mThreadNum--->2
D/NetFirmwareService( 1249): DownloadConstants.TASK_STATUS_RUNNING
D/NetFirmwareService( 1249): MSG_UPDATE_PACKAGE_STATUS_CHANGE
V/NetFirmwareService( 1249): percentValue--->90
D/dalvikvm( 1494): GC_CONCURRENT freed 499K, 76% free 1408K/5827K, paused 26ms+33ms
V/DownloadTask( 1249): finishedThreadNum--->0
V/DownloadTask( 1249): mThreadNum--->2
D/NetFirmwareService( 1249): DownloadConstants.TASK_STATUS_RUNNING
D/NetFirmwareService( 1249): MSG_UPDATE_PACKAGE_STATUS_CHANGE
V/NetFirmwareService( 1249): percentValue--->90
V/DownloadTask( 1249): finishedThreadNum--->0
V/DownloadTask( 1249): mThreadNum--->2
D/NetFirmwareService( 1249): DownloadConstants.TASK_STATUS_RUNNING
D/NetFirmwareService( 1249): MSG_UPDATE_PACKAGE_STATUS_CHANGE
V/NetFirmwareService( 1249): percentValue--->90
D/dalvikvm( 1494): GC_CONCURRENT freed 491K, 78% free 1314K/5827K, paused 1ms+47ms
D/dalvikvm( 1877): GC_CONCURRENT freed 2000K, 18% free 31941K/38659K, paused 3ms+11ms
D/dalvikvm( 1494): GC_CONCURRENT freed 393K, 77% free 1353K/5827K, paused 19ms+1ms
V/DownloadTask( 1249): finishedThreadNum--->0
V/DownloadTask( 1249): mThreadNum--->2
D/NetFirmwareService( 1249): DownloadConstants.TASK_STATUS_RUNNING
D/NetFirmwareService( 1249): MSG_UPDATE_PACKAGE_STATUS_CHANGE
V/NetFirmwareService( 1249): percentValue--->90
V/DownloadTask( 1249): finishedThreadNum--->0
V/DownloadTask( 1249): mThreadNum--->2
D/NetFirmwareService( 1249): DownloadConstants.TASK_STATUS_RUNNING
D/NetFirmwareService( 1249): MSG_UPDATE_PACKAGE_STATUS_CHANGE
V/NetFirmwareService( 1249): percentValue--->90
D/dalvikvm( 1494): GC_CONCURRENT freed 433K, 77% free 1357K/5827K, paused 5ms+2ms
V/DownloadTask( 1249): finishedThreadNum--->0
V/DownloadTask( 1249): mThreadNum--->2
D/NetFirmwareService( 1249): DownloadConstants.TASK_STATUS_RUNNING
D/NetFirmwareService( 1249): MSG_UPDATE_PACKAGE_STATUS_CHANGE
V/NetFirmwareService( 1249): percentValue--->90
V/DownloadTask( 1249): finishedThreadNum--->0
V/DownloadTask( 1249): mThreadNum--->2
D/NetFirmwareService( 1249): DownloadConstants.TASK_STATUS_RUNNING
D/NetFirmwareService( 1249): MSG_UPDATE_PACKAGE_STATUS_CHANGE
V/NetFirmwareService( 1249): percentValue--->90
W/System.err( 1688): java.net.UnknownHostException: Unable to resolve host "vitv.voicecloud.cn": No address associated with hostname
W/System.err( 1688):    at java.net.InetAddress.lookupHostByName(InetAddress.java:426)
W/System.err( 1688):    at java.net.InetAddress.getAllByNameImpl(InetAddress.java:242)
W/System.err( 1688):    at java.net.InetAddress.getAllByName(InetAddress.java:220)
W/System.err( 1688):    at libcore.net.http.HttpConnection.<init>(HttpConnection.java:71)
W/System.err( 1688):    at libcore.net.http.HttpConnection.<init>(HttpConnection.java:50)
W/System.err( 1688):    at libcore.net.http.HttpConnection$Address.connect(HttpConnection.java:351)
W/System.err( 1688):    at libcore.net.http.HttpConnectionPool.get(HttpConnectionPool.java:86)
W/System.err( 1688):    at libcore.net.http.HttpConnection.connect(HttpConnection.java:128)
W/System.err( 1688):    at libcore.net.http.HttpEngine.openSocketConnection(HttpEngine.java:308)
W/System.err( 1688):    at libcore.net.http.HttpEngine.connect(HttpEngine.java:303)
W/System.err( 1688):    at libcore.net.http.HttpEngine.sendSocketRequest(HttpEngine.java:282)
W/System.err( 1688):    at libcore.net.http.HttpEngine.sendRequest(HttpEngine.java:232)
W/System.err( 1688):    at libcore.net.http.HttpURLConnectionImpl.getResponse(HttpURLConnectionImpl.java:273)
W/System.err( 1688):    at libcore.net.http.HttpURLConnectionImpl.getResponseCode(HttpURLConnectionImpl.java:479)
W/System.err( 1688):    at com.iflytek.push.PushMsgCenter.down(PushMsgCenter.java:270)
W/System.err( 1688):    at com.iflytek.push.PushMsgCenter.access$500(PushMsgCenter.java:37)
W/System.err( 1688):    at com.iflytek.push.PushMsgCenter$2.run(PushMsgCenter.java:175)
W/System.err( 1688):    at java.lang.Thread.run(Thread.java:856)
W/System.err( 1688): Caused by: libcore.io.GaiException: getaddrinfo failed: EAI_NODATA (No address associated with hostname)
W/System.err( 1688):    at libcore.io.Posix.getaddrinfo(Native Method)
W/System.err( 1688):    at libcore.io.ForwardingOs.getaddrinfo(ForwardingOs.java:55)
W/System.err( 1688):    at java.net.InetAddress.lookupHostByName(InetAddress.java:411)
W/System.err( 1688):    ... 17 more
D/dalvikvm( 1494): GC_CONCURRENT freed 445K, 76% free 1408K/5827K, paused 1ms+1ms
D/dalvikvm( 1877): GC_CONCURRENT freed 1981K, 18% free 31918K/38659K, paused 2ms+13ms
V/DownloadTask( 1249): finishedThreadNum--->0
V/DownloadTask( 1249): mThreadNum--->2
D/NetFirmwareService( 1249): DownloadConstants.TASK_STATUS_RUNNING
D/NetFirmwareService( 1249): MSG_UPDATE_PACKAGE_STATUS_CHANGE
V/NetFirmwareService( 1249): percentValue--->90
D/dalvikvm( 1494): GC_CONCURRENT freed 491K, 77% free 1355K/5827K, paused 2ms+1ms
V/DownloadTask( 1249): finishedThreadNum--->0
V/DownloadTask( 1249): mThreadNum--->2
D/NetFirmwareService( 1249): DownloadConstants.TASK_STATUS_RUNNING
D/NetFirmwareService( 1249): MSG_UPDATE_PACKAGE_STATUS_CHANGE
V/NetFirmwareService( 1249): percentValue--->90
V/DownloadTask( 1249): finishedThreadNum--->0
V/DownloadTask( 1249): mThreadNum--->2
D/NetFirmwareService( 1249): DownloadConstants.TASK_STATUS_RUNNING
D/NetFirmwareService( 1249): MSG_UPDATE_PACKAGE_STATUS_CHANGE
V/NetFirmwareService( 1249): percentValue--->90
D/SlideManagerRootImpl( 1223): slideTo = 3
D/dalvikvm( 1249): GC_CONCURRENT freed 1921K, 47% free 6728K/12483K, paused 2ms+3ms
V/DownloadTask( 1249): finishedThreadNum--->0
V/DownloadTask( 1249): mThreadNum--->2
D/NetFirmwareService( 1249): DownloadConstants.TASK_STATUS_RUNNING
D/NetFirmwareService( 1249): MSG_UPDATE_PACKAGE_STATUS_CHANGE
V/NetFirmwareService( 1249): percentValue--->90
D/dalvikvm( 1494): GC_CONCURRENT freed 435K, 77% free 1353K/5827K, paused 111ms+1ms
V/DownloadTask( 1249): finishedThreadNum--->0
V/DownloadTask( 1249): mThreadNum--->2
D/NetFirmwareService( 1249): DownloadConstants.TASK_STATUS_RUNNING
D/NetFirmwareService( 1249): MSG_UPDATE_PACKAGE_STATUS_CHANGE
V/NetFirmwareService( 1249): percentValue--->90
D/dalvikvm( 1877): GC_CONCURRENT freed 1972K, 18% free 31935K/38659K, paused 3ms+9ms
D/dalvikvm( 1494): GC_CONCURRENT freed 433K, 78% free 1317K/5827K, paused 25ms+46ms
V/DownloadTask( 1249): finishedThreadNum--->0
V/DownloadTask( 1249): mThreadNum--->2
D/NetFirmwareService( 1249): DownloadConstants.TASK_STATUS_RUNNING
D/NetFirmwareService( 1249): MSG_UPDATE_PACKAGE_STATUS_CHANGE
V/NetFirmwareService( 1249): percentValue--->90
V/DownloadTask( 1249): finishedThreadNum--->0
V/DownloadTask( 1249): mThreadNum--->2
D/NetFirmwareService( 1249): DownloadConstants.TASK_STATUS_RUNNING
D/NetFirmwareService( 1249): MSG_UPDATE_PACKAGE_STATUS_CHANGE
V/NetFirmwareService( 1249): percentValue--->90
V/DownloadTask( 1249): finishedThreadNum--->0
V/DownloadTask( 1249): mThreadNum--->2
D/NetFirmwareService( 1249): DownloadConstants.TASK_STATUS_RUNNING
D/NetFirmwareService( 1249): MSG_UPDATE_PACKAGE_STATUS_CHANGE
V/NetFirmwareService( 1249): percentValue--->90
V/DownloadTask( 1249): finishedThreadNum--->0
V/DownloadTask( 1249): mThreadNum--->2
D/NetFirmwareService( 1249): DownloadConstants.TASK_STATUS_RUNNING
D/NetFirmwareService( 1249): MSG_UPDATE_PACKAGE_STATUS_CHANGE
V/NetFirmwareService( 1249): percentValue--->90
D/dalvikvm( 1494): GC_CONCURRENT freed 407K, 77% free 1369K/5827K, paused 3ms+1ms
D/HomePlayerLib( 1494): hostaddress count is 1
D/dalvikvm( 1494): GC_FOR_ALLOC freed 592K, 78% free 1288K/5827K, paused 13ms
D/dalvikvm( 1877): GC_CONCURRENT freed 1985K, 18% free 31891K/38659K, paused 2ms+12ms
D/dalvikvm( 1494): GC_CONCURRENT freed 93K, 76% free 1409K/5827K, paused 1ms+1ms
D/dalvikvm( 1494): GC_CONCURRENT freed 504K, 77% free 1370K/5827K, paused 1ms+2ms
V/DownloadTask( 1249): finishedThreadNum--->0
V/DownloadTask( 1249): mThreadNum--->2
D/NetFirmwareService( 1249): DownloadConstants.TASK_STATUS_RUNNING
D/NetFirmwareService( 1249): MSG_UPDATE_PACKAGE_STATUS_CHANGE
V/NetFirmwareService( 1249): percentValue--->90
D/dalvikvm( 1494): GC_CONCURRENT freed 460K, 78% free 1335K/5827K, paused 3ms+1ms
V/DownloadTask( 1249): finishedThreadNum--->0
V/DownloadTask( 1249): mThreadNum--->2
D/NetFirmwareService( 1249): DownloadConstants.TASK_STATUS_RUNNING
D/NetFirmwareService( 1249): MSG_UPDATE_PACKAGE_STATUS_CHANGE
V/NetFirmwareService( 1249): percentValue--->90
D/dalvikvm( 1494): GC_CONCURRENT freed 412K, 76% free 1433K/5827K, paused 7ms+1ms
V/DownloadTask( 1249): finishedThreadNum--->0
V/DownloadTask( 1249): mThreadNum--->2
D/NetFirmwareService( 1249): DownloadConstants.TASK_STATUS_RUNNING
D/NetFirmwareService( 1249): MSG_UPDATE_PACKAGE_STATUS_CHANGE
V/NetFirmwareService( 1249): percentValue--->90
V/DownloadTask( 1249): finishedThreadNum--->0
V/DownloadTask( 1249): mThreadNum--->2
D/NetFirmwareService( 1249): DownloadConstants.TASK_STATUS_RUNNING
D/NetFirmwareService( 1249): MSG_UPDATE_PACKAGE_STATUS_CHANGE
V/NetFirmwareService( 1249): percentValue--->90
D/dalvikvm( 1494): GC_CONCURRENT freed 524K, 76% free 1419K/5827K, paused 18ms+25ms
D/dalvikvm( 1494): GC_CONCURRENT freed 500K, 76% free 1429K/5827K, paused 1ms+1ms
D/dalvikvm( 1877): GC_CONCURRENT freed 1947K, 18% free 31904K/38659K, paused 2ms+13ms
V/DownloadTask( 1249): finishedThreadNum--->0
V/DownloadTask( 1249): mThreadNum--->2
D/NetFirmwareService( 1249): DownloadConstants.TASK_STATUS_RUNNING
D/NetFirmwareService( 1249): MSG_UPDATE_PACKAGE_STATUS_CHANGE
V/NetFirmwareService( 1249): percentValue--->90
D/dalvikvm( 1494): GC_CONCURRENT freed 519K, 78% free 1296K/5827K, paused 1ms+1ms
V/DownloadTask( 1249): finishedThreadNum--->0
V/DownloadTask( 1249): mThreadNum--->2
D/NetFirmwareService( 1249): DownloadConstants.TASK_STATUS_RUNNING
D/NetFirmwareService( 1249): MSG_UPDATE_PACKAGE_STATUS_CHANGE
V/NetFirmwareService( 1249): percentValue--->90
D/SlideManagerRootImpl( 1223): slideTo = 4
D/dalvikvm( 1494): GC_CONCURRENT freed 395K, 77% free 1394K/5827K, paused 5ms+2ms
V/DownloadTask( 1249): finishedThreadNum--->0
V/DownloadTask( 1249): mThreadNum--->2
D/NetFirmwareService( 1249): DownloadConstants.TASK_STATUS_RUNNING
D/NetFirmwareService( 1249): MSG_UPDATE_PACKAGE_STATUS_CHANGE
V/NetFirmwareService( 1249): percentValue--->90
D/dalvikvm( 1494): GC_CONCURRENT freed 474K, 78% free 1317K/5827K, paused 1ms+19ms
V/DownloadTask( 1249): finishedThreadNum--->0
V/DownloadTask( 1249): mThreadNum--->2
D/NetFirmwareService( 1249): DownloadConstants.TASK_STATUS_RUNNING
D/NetFirmwareService( 1249): MSG_UPDATE_PACKAGE_STATUS_CHANGE
V/NetFirmwareService( 1249): percentValue--->90
V/DownloadTask( 1249): finishedThreadNum--->0
V/DownloadTask( 1249): mThreadNum--->2
D/NetFirmwareService( 1249): DownloadConstants.TASK_STATUS_RUNNING
D/NetFirmwareService( 1249): MSG_UPDATE_PACKAGE_STATUS_CHANGE
V/NetFirmwareService( 1249): percentValue--->90
D/dalvikvm( 1877): GC_CONCURRENT freed 1957K, 18% free 31881K/38659K, paused 2ms+19ms
D/dalvikvm( 1494): GC_CONCURRENT freed 405K, 76% free 1450K/5827K, paused 15ms+1ms
V/DownloadTask( 1249): finishedThreadNum--->0
V/DownloadTask( 1249): mThreadNum--->2
D/NetFirmwareService( 1249): DownloadConstants.TASK_STATUS_RUNNING
D/NetFirmwareService( 1249): MSG_UPDATE_PACKAGE_STATUS_CHANGE
V/NetFirmwareService( 1249): percentValue--->90
V/DownloadTask( 1249): finishedThreadNum--->0
V/DownloadTask( 1249): mThreadNum--->2
D/NetFirmwareService( 1249): DownloadConstants.TASK_STATUS_RUNNING
D/NetFirmwareService( 1249): MSG_UPDATE_PACKAGE_STATUS_CHANGE
V/NetFirmwareService( 1249): percentValue--->90
D/dalvikvm( 1494): GC_CONCURRENT freed 531K, 77% free 1395K/5827K, paused 8ms+20ms
D/DownloadThread( 1249): filePart0Retry request data 82264064-90202678
D/DownloadThread( 1249): filePart1Retry request data 172335671-180405358
V/DownloadTask( 1249): finishedThreadNum--->0
V/DownloadTask( 1249): mThreadNum--->2
D/NetFirmwareService( 1249): DownloadConstants.TASK_STATUS_RUNNING
D/NetFirmwareService( 1249): MSG_UPDATE_PACKAGE_STATUS_CHANGE
V/NetFirmwareService( 1249): percentValue--->90
V/DownloadTask( 1249): finishedThreadNum--->0
V/DownloadTask( 1249): mThreadNum--->2
D/NetFirmwareService( 1249): DownloadConstants.TASK_STATUS_RUNNING
D/NetFirmwareService( 1249): MSG_UPDATE_PACKAGE_STATUS_CHANGE
V/NetFirmwareService( 1249): percentValue--->90
D/dalvikvm( 1494): GC_CONCURRENT freed 476K, 78% free 1317K/5827K, paused 26ms+1ms
V/DownloadThread( 1249): Accept-Ranges: null
V/DownloadThread( 1249): Content-Disposition: null
V/DownloadThread( 1249): Content-Length: 7938615
V/DownloadThread( 1249): Content-Location: null
V/DownloadThread( 1249): ETag: null
V/DownloadThread( 1249): Transfer-Encoding: null
V/DownloadThread( 1249): Accept-Ranges: null
V/DownloadThread( 1249): Content-Disposition: null
V/DownloadThread( 1249): Content-Length: 8069688
V/DownloadThread( 1249): Content-Location: null
V/DownloadThread( 1249): ETag: null
V/DownloadThread( 1249): Transfer-Encoding: null
D/dalvikvm( 1877): GC_CONCURRENT freed 1937K, 18% free 31883K/38659K, paused 2ms+11ms
V/DownloadTask( 1249): finishedThreadNum--->0
V/DownloadTask( 1249): mThreadNum--->2
D/NetFirmwareService( 1249): DownloadConstants.TASK_STATUS_RUNNING
D/NetFirmwareService( 1249): MSG_UPDATE_PACKAGE_STATUS_CHANGE
V/NetFirmwareService( 1249): percentValue--->90
D/dalvikvm( 1494): GC_CONCURRENT freed 402K, 77% free 1368K/5827K, paused 2ms+5ms
D/WriteDataInStorageThread( 1249): sendDataInStack --data length =524288 offset =81788928 file name = filePart0
V/DownloadTask( 1249): finishedThreadNum--->0
V/DownloadTask( 1249): mThreadNum--->2
D/NetFirmwareService( 1249): DownloadConstants.TASK_STATUS_RUNNING
D/NetFirmwareService( 1249): MSG_UPDATE_PACKAGE_STATUS_CHANGE
V/NetFirmwareService( 1249): percentValue--->90
D/WriteDataInStorageThread( 1249): write data  Pos=81788928   Length =524288  Thread =filePart0
D/dalvikvm( 1494): GC_CONCURRENT freed 449K, 77% free 1352K/5827K, paused 6ms+2ms
V/DownloadTask( 1249): finishedThreadNum--->0
V/DownloadTask( 1249): mThreadNum--->2
D/NetFirmwareService( 1249): DownloadConstants.TASK_STATUS_RUNNING
D/NetFirmwareService( 1249): MSG_UPDATE_PACKAGE_STATUS_CHANGE
V/NetFirmwareService( 1249): percentValue--->90
V/DownloadTask( 1249): finishedThreadNum--->0
V/DownloadTask( 1249): mThreadNum--->2
D/NetFirmwareService( 1249): DownloadConstants.TASK_STATUS_RUNNING
D/NetFirmwareService( 1249): MSG_UPDATE_PACKAGE_STATUS_CHANGE
V/NetFirmwareService( 1249): percentValue--->90
D/dalvikvm( 1494): GC_CONCURRENT freed 434K, 76% free 1418K/5827K, paused 6ms+24ms
D/WriteDataInStorageThread( 1249): sendDataInStack --data length =524288 offset =171991607 file name = filePart1
D/WriteDataInStorageThread( 1249): write data  Pos=171991607   Length =524288  Thread =filePart1
V/DownloadTask( 1249): finishedThreadNum--->0
V/DownloadTask( 1249): mThreadNum--->2
D/NetFirmwareService( 1249): DownloadConstants.TASK_STATUS_RUNNING
D/NetFirmwareService( 1249): MSG_UPDATE_PACKAGE_STATUS_CHANGE
V/NetFirmwareService( 1249): percentValue--->90
D/SlideManagerRootImpl( 1223): slideTo = 0
D/dalvikvm( 1877): GC_CONCURRENT freed 1956K, 18% free 31882K/38659K, paused 3ms+13ms
D/dalvikvm( 1494): GC_CONCURRENT freed 514K, 78% free 1296K/5827K, paused 40ms+1ms
V/DownloadTask( 1249): finishedThreadNum--->0
V/DownloadTask( 1249): mThreadNum--->2
D/NetFirmwareService( 1249): DownloadConstants.TASK_STATUS_RUNNING
D/NetFirmwareService( 1249): MSG_UPDATE_PACKAGE_STATUS_CHANGE
V/NetFirmwareService( 1249): percentValue--->91
D/dalvikvm( 1494): GC_CONCURRENT freed 379K, 76% free 1418K/5827K, paused 19ms+7ms
V/DownloadTask( 1249): finishedThreadNum--->0
V/DownloadTask( 1249): mThreadNum--->2
D/NetFirmwareService( 1249): DownloadConstants.TASK_STATUS_RUNNING
D/NetFirmwareService( 1249): MSG_UPDATE_PACKAGE_STATUS_CHANGE
V/NetFirmwareService( 1249): percentValue--->91
D/dalvikvm( 1494): GC_CONCURRENT freed 515K, 77% free 1394K/5827K, paused 8ms+26ms
V/DownloadTask( 1249): finishedThreadNum--->0
V/DownloadTask( 1249): mThreadNum--->2
D/NetFirmwareService( 1249): DownloadConstants.TASK_STATUS_RUNNING
D/NetFirmwareService( 1249): MSG_UPDATE_PACKAGE_STATUS_CHANGE
V/NetFirmwareService( 1249): percentValue--->91
V/DownloadTask( 1249): finishedThreadNum--->0
V/DownloadTask( 1249): mThreadNum--->2
D/NetFirmwareService( 1249): DownloadConstants.TASK_STATUS_RUNNING
D/NetFirmwareService( 1249): MSG_UPDATE_PACKAGE_STATUS_CHANGE
V/NetFirmwareService( 1249): percentValue--->91
D/dalvikvm( 1249): GC_CONCURRENT freed 1930K, 47% free 6727K/12483K, paused 2ms+4ms
D/dalvikvm( 1494): GC_CONCURRENT freed 476K, 78% free 1317K/5827K, paused 2ms+1ms
D/dalvikvm( 1877): GC_CONCURRENT freed 1954K, 18% free 31910K/38659K, paused 2ms+13ms
V/DownloadTask( 1249): finishedThreadNum--->0
V/DownloadTask( 1249): mThreadNum--->2
D/NetFirmwareService( 1249): DownloadConstants.TASK_STATUS_RUNNING
D/NetFirmwareService( 1249): MSG_UPDATE_PACKAGE_STATUS_CHANGE
V/NetFirmwareService( 1249): percentValue--->91
V/DownloadTask( 1249): finishedThreadNum--->0
V/DownloadTask( 1249): mThreadNum--->2
D/NetFirmwareService( 1249): DownloadConstants.TASK_STATUS_RUNNING
D/NetFirmwareService( 1249): MSG_UPDATE_PACKAGE_STATUS_CHANGE
V/NetFirmwareService( 1249): percentValue--->91
V/DownloadTask( 1249): finishedThreadNum--->0
V/DownloadTask( 1249): mThreadNum--->2
D/NetFirmwareService( 1249): DownloadConstants.TASK_STATUS_RUNNING
D/NetFirmwareService( 1249): MSG_UPDATE_PACKAGE_STATUS_CHANGE
V/NetFirmwareService( 1249): percentValue--->91
D/dalvikvm( 1494): GC_CONCURRENT freed 405K, 76% free 1433K/5827K, paused 29ms+44ms
V/DownloadTask( 1249): finishedThreadNum--->0
V/DownloadTask( 1249): mThreadNum--->2
D/NetFirmwareService( 1249): DownloadConstants.TASK_STATUS_RUNNING
D/NetFirmwareService( 1249): MSG_UPDATE_PACKAGE_STATUS_CHANGE
V/NetFirmwareService( 1249): percentValue--->91
D/WriteDataInStorageThread( 1249): sendDataInStack --data length =524288 offset =82313216 file name = filePart0
D/WriteDataInStorageThread( 1249): write data  Pos=82313216   Length =524288  Thread =filePart0
V/DownloadTask( 1249): finishedThreadNum--->0
V/DownloadTask( 1249): mThreadNum--->2
D/NetFirmwareService( 1249): DownloadConstants.TASK_STATUS_RUNNING
D/NetFirmwareService( 1249): MSG_UPDATE_PACKAGE_STATUS_CHANGE
V/NetFirmwareService( 1249): percentValue--->91
D/dalvikvm( 1877): GC_CONCURRENT freed 1978K, 18% free 31877K/38659K, paused 3ms+12ms
D/dalvikvm( 1494): GC_CONCURRENT freed 506K, 76% free 1414K/5827K, paused 4ms+1ms
D/HomePlayerLib( 1494): hostaddress count is 1
V/DownloadTask( 1249): finishedThreadNum--->0
V/DownloadTask( 1249): mThreadNum--->2
D/NetFirmwareService( 1249): DownloadConstants.TASK_STATUS_RUNNING
D/NetFirmwareService( 1249): MSG_UPDATE_PACKAGE_STATUS_CHANGE
V/NetFirmwareService( 1249): percentValue--->91
D/dalvikvm( 1494): GC_CONCURRENT freed 512K, 77% free 1391K/5827K, paused 1ms+24ms
D/dalvikvm( 1494): GC_CONCURRENT freed 476K, 75% free 1467K/5827K, paused 3ms+2ms
V/DownloadTask( 1249): finishedThreadNum--->0
V/DownloadTask( 1249): mThreadNum--->2
D/NetFirmwareService( 1249): DownloadConstants.TASK_STATUS_RUNNING
D/NetFirmwareService( 1249): MSG_UPDATE_PACKAGE_STATUS_CHANGE
V/NetFirmwareService( 1249): percentValue--->91
D/dalvikvm( 1494): GC_CONCURRENT freed 561K, 78% free 1332K/5827K, paused 1ms+3ms
D/dalvikvm( 1494): GC_CONCURRENT freed 426K, 76% free 1411K/5827K, paused 1ms+2ms
D/dalvikvm( 1494): GC_CONCURRENT freed 495K, 76% free 1411K/5827K, paused 1ms+2ms
D/dalvikvm( 1494): GC_CONCURRENT freed 498K, 77% free 1372K/5827K, paused 1ms+3ms
V/DownloadTask( 1249): finishedThreadNum--->0
V/DownloadTask( 1249): mThreadNum--->2
D/NetFirmwareService( 1249): DownloadConstants.TASK_STATUS_RUNNING
D/NetFirmwareService( 1249): MSG_UPDATE_PACKAGE_STATUS_CHANGE
V/NetFirmwareService( 1249): percentValue--->91
D/SlideManagerRootImpl( 1223): slideTo = 1
D/WriteDataInStorageThread( 1249): sendDataInStack --data length =524288 offset =172515895 file name = filePart1
D/WriteDataInStorageThread( 1249): write data  Pos=172515895   Length =524288  Thread =filePart1
D/dalvikvm( 1494): GC_CONCURRENT freed 462K, 77% free 1397K/5827K, paused 6ms+1ms
D/dalvikvm( 1494): GC_CONCURRENT freed 477K, 76% free 1399K/5827K, paused 2ms+3ms
V/DownloadTask( 1249): finishedThreadNum--->0
V/DownloadTask( 1249): mThreadNum--->2
D/NetFirmwareService( 1249): DownloadConstants.TASK_STATUS_RUNNING
D/NetFirmwareService( 1249): MSG_UPDATE_PACKAGE_STATUS_CHANGE
V/NetFirmwareService( 1249): percentValue--->91
D/dalvikvm( 1494): GC_CONCURRENT freed 483K, 76% free 1410K/5827K, paused 1ms+2ms
D/dalvikvm( 1494): GC_CONCURRENT freed 491K, 77% free 1394K/5827K, paused 2ms+1ms
V/DownloadTask( 1249): finishedThreadNum--->0
V/DownloadTask( 1249): mThreadNum--->2
D/NetFirmwareService( 1249): DownloadConstants.TASK_STATUS_RUNNING
D/NetFirmwareService( 1249): MSG_UPDATE_PACKAGE_STATUS_CHANGE
V/NetFirmwareService( 1249): percentValue--->91
D/dalvikvm( 1494): GC_CONCURRENT freed 475K, 77% free 1358K/5827K, paused 6ms+1ms
D/dalvikvm( 1877): GC_CONCURRENT freed 1945K, 18% free 31915K/38659K, paused 3ms+8ms
V/DownloadTask( 1249): finishedThreadNum--->0
V/DownloadTask( 1249): mThreadNum--->2
D/NetFirmwareService( 1249): DownloadConstants.TASK_STATUS_RUNNING
D/NetFirmwareService( 1249): MSG_UPDATE_PACKAGE_STATUS_CHANGE
V/NetFirmwareService( 1249): percentValue--->91
V/DownloadTask( 1249): finishedThreadNum--->0
V/DownloadTask( 1249): mThreadNum--->2
D/NetFirmwareService( 1249): DownloadConstants.TASK_STATUS_RUNNING
D/NetFirmwareService( 1249): MSG_UPDATE_PACKAGE_STATUS_CHANGE
V/NetFirmwareService( 1249): percentValue--->91
D/CheckNetWork( 1719): isOk true
D/CheckNetWork( 1719): ActInfoNetworkInfo: type: WIFI[], state: CONNECTED/CONNECTED, reason: (unspecified), extra: (none), roaming: false, failover: false, isAvailable: true
D/CheckNetWork( 1719): infoNetworkInfo: type: WIFI[], state: CONNECTED/CONNECTED, reason: (unspecified), extra: (none), roaming: false, failover: false, isAvailable: true
V/DownloadTask( 1249): finishedThreadNum--->0
V/DownloadTask( 1249): mThreadNum--->2
D/NetFirmwareService( 1249): DownloadConstants.TASK_STATUS_RUNNING
D/NetFirmwareService( 1249): MSG_UPDATE_PACKAGE_STATUS_CHANGE
V/NetFirmwareService( 1249): percentValue--->91
V/DownloadTask( 1249): finishedThreadNum--->0
V/DownloadTask( 1249): mThreadNum--->2
D/NetFirmwareService( 1249): DownloadConstants.TASK_STATUS_RUNNING
D/NetFirmwareService( 1249): MSG_UPDATE_PACKAGE_STATUS_CHANGE
V/NetFirmwareService( 1249): percentValue--->91
D/dalvikvm( 1494): GC_CONCURRENT freed 446K, 76% free 1409K/5827K, paused 12ms+29ms
D/dalvikvm( 1877): GC_CONCURRENT freed 1981K, 18% free 31880K/38659K, paused 3ms+13ms
D/dalvikvm( 1494): GC_CONCURRENT freed 547K, 77% free 1359K/5827K, paused 2ms+2ms
V/DownloadTask( 1249): finishedThreadNum--->0
V/DownloadTask( 1249): mThreadNum--->2
D/NetFirmwareService( 1249): DownloadConstants.TASK_STATUS_RUNNING
D/NetFirmwareService( 1249): MSG_UPDATE_PACKAGE_STATUS_CHANGE
V/NetFirmwareService( 1249): percentValue--->91
D/WriteDataInStorageThread( 1249): sendDataInStack --data length =524288 offset =82837504 file name = filePart0
V/DownloadTask( 1249): finishedThreadNum--->0
V/DownloadTask( 1249): mThreadNum--->2
D/NetFirmwareService( 1249): DownloadConstants.TASK_STATUS_RUNNING
D/NetFirmwareService( 1249): MSG_UPDATE_PACKAGE_STATUS_CHANGE
V/NetFirmwareService( 1249): percentValue--->91
D/dalvikvm( 1494): GC_CONCURRENT freed 456K, 78% free 1317K/5827K, paused 6ms+38ms
D/WriteDataInStorageThread( 1249): write data  Pos=82837504   Length =524288  Thread =filePart0
V/DownloadTask( 1249): finishedThreadNum--->0
V/DownloadTask( 1249): mThreadNum--->2
D/NetFirmwareService( 1249): DownloadConstants.TASK_STATUS_RUNNING
D/NetFirmwareService( 1249): MSG_UPDATE_PACKAGE_STATUS_CHANGE
V/NetFirmwareService( 1249): percentValue--->92
V/DownloadTask( 1249): finishedThreadNum--->0
V/DownloadTask( 1249): mThreadNum--->2
D/NetFirmwareService( 1249): DownloadConstants.TASK_STATUS_RUNNING
D/NetFirmwareService( 1249): MSG_UPDATE_PACKAGE_STATUS_CHANGE
V/NetFirmwareService( 1249): percentValue--->92
D/dalvikvm( 1494): GC_CONCURRENT freed 405K, 77% free 1381K/5827K, paused 66ms+46ms
D/dalvikvm( 1877): GC_CONCURRENT freed 1952K, 18% free 31916K/38659K, paused 3ms+11ms
V/DownloadTask( 1249): finishedThreadNum--->0
V/DownloadTask( 1249): mThreadNum--->2
D/NetFirmwareService( 1249): DownloadConstants.TASK_STATUS_RUNNING
D/NetFirmwareService( 1249): MSG_UPDATE_PACKAGE_STATUS_CHANGE
V/NetFirmwareService( 1249): percentValue--->92
D/dalvikvm( 1494): GC_CONCURRENT freed 477K, 77% free 1365K/5827K, paused 2ms+2ms
V/DownloadTask( 1249): finishedThreadNum--->0
V/DownloadTask( 1249): mThreadNum--->2
D/NetFirmwareService( 1249): DownloadConstants.TASK_STATUS_RUNNING
D/SlideManagerRootImpl( 1223): slideTo = 2
D/NetFirmwareService( 1249): MSG_UPDATE_PACKAGE_STATUS_CHANGE
V/NetFirmwareService( 1249): percentValue--->92
D/dalvikvm( 1494): GC_CONCURRENT freed 446K, 77% free 1368K/5827K, paused 42ms+7ms
D/WriteDataInStorageThread( 1249): sendDataInStack --data length =524288 offset =173040183 file name = filePart1
D/WriteDataInStorageThread( 1249): write data  Pos=173040183   Length =524288  Thread =filePart1
V/DownloadTask( 1249): finishedThreadNum--->0
V/DownloadTask( 1249): mThreadNum--->2
D/NetFirmwareService( 1249): DownloadConstants.TASK_STATUS_RUNNING
D/NetFirmwareService( 1249): MSG_UPDATE_PACKAGE_STATUS_CHANGE
V/NetFirmwareService( 1249): percentValue--->92
V/DownloadTask( 1249): finishedThreadNum--->0
V/DownloadTask( 1249): mThreadNum--->2
D/NetFirmwareService( 1249): DownloadConstants.TASK_STATUS_RUNNING
D/NetFirmwareService( 1249): MSG_UPDATE_PACKAGE_STATUS_CHANGE
V/NetFirmwareService( 1249): percentValue--->92
D/dalvikvm( 1494): GC_CONCURRENT freed 467K, 77% free 1374K/5827K, paused 15ms+24ms
D/dalvikvm( 1877): GC_CONCURRENT freed 1981K, 18% free 31872K/38659K, paused 3ms+10ms
D/dalvikvm( 1494): GC_CONCURRENT freed 442K, 76% free 1442K/5827K, paused 1ms+2ms
V/DownloadTask( 1249): finishedThreadNum--->0
V/DownloadTask( 1249): mThreadNum--->2
D/NetFirmwareService( 1249): DownloadConstants.TASK_STATUS_RUNNING
D/NetFirmwareService( 1249): MSG_UPDATE_PACKAGE_STATUS_CHANGE
V/NetFirmwareService( 1249): percentValue--->92
D/dalvikvm( 1494): GC_CONCURRENT freed 521K, 77% free 1358K/5827K, paused 42ms+2ms
V/DownloadTask( 1249): finishedThreadNum--->0
V/DownloadTask( 1249): mThreadNum--->2
D/NetFirmwareService( 1249): DownloadConstants.TASK_STATUS_RUNNING
D/NetFirmwareService( 1249): MSG_UPDATE_PACKAGE_STATUS_CHANGE
V/NetFirmwareService( 1249): percentValue--->92
D/dalvikvm( 1494): GC_CONCURRENT freed 446K, 76% free 1408K/5827K, paused 1ms+1ms
D/dalvikvm( 1494): GC_CONCURRENT freed 489K, 76% free 1408K/5827K, paused 1ms+2ms
D/dalvikvm( 1494): GC_CONCURRENT freed 510K, 78% free 1321K/5827K, paused 3ms+1ms
V/DownloadTask( 1249): finishedThreadNum--->0
V/DownloadTask( 1249): mThreadNum--->2
D/NetFirmwareService( 1249): DownloadConstants.TASK_STATUS_RUNNING
D/NetFirmwareService( 1249): MSG_UPDATE_PACKAGE_STATUS_CHANGE
V/NetFirmwareService( 1249): percentValue--->92
D/dalvikvm( 1494): GC_CONCURRENT freed 409K, 76% free 1407K/5827K, paused 1ms+2ms
V/DownloadTask( 1249): finishedThreadNum--->0
V/DownloadTask( 1249): mThreadNum--->2
D/NetFirmwareService( 1249): DownloadConstants.TASK_STATUS_RUNNING
D/NetFirmwareService( 1249): MSG_UPDATE_PACKAGE_STATUS_CHANGE
V/NetFirmwareService( 1249): percentValue--->92
D/dalvikvm( 1494): GC_CONCURRENT freed 490K, 77% free 1394K/5827K, paused 1ms+30ms
V/DownloadTask( 1249): finishedThreadNum--->0
V/DownloadTask( 1249): mThreadNum--->2
D/NetFirmwareService( 1249): DownloadConstants.TASK_STATUS_RUNNING
D/NetFirmwareService( 1249): MSG_UPDATE_PACKAGE_STATUS_CHANGE
V/NetFirmwareService( 1249): percentValue--->92
D/WriteDataInStorageThread( 1249): sendDataInStack --data length =524288 offset =83361792 file name = filePart0
D/WriteDataInStorageThread( 1249): write data  Pos=83361792   Length =524288  Thread =filePart0
D/dalvikvm( 1877): GC_CONCURRENT freed 1951K, 18% free 31863K/38659K, paused 3ms+12ms
D/dalvikvm( 1494): GC_CONCURRENT freed 475K, 77% free 1358K/5827K, paused 1ms+18ms
V/DownloadTask( 1249): finishedThreadNum--->0
V/DownloadTask( 1249): mThreadNum--->2
D/NetFirmwareService( 1249): DownloadConstants.TASK_STATUS_RUNNING
D/NetFirmwareService( 1249): MSG_UPDATE_PACKAGE_STATUS_CHANGE
V/NetFirmwareService( 1249): percentValue--->92
D/dalvikvm( 1494): GC_CONCURRENT freed 407K, 75% free 1462K/5827K, paused 23ms+7ms
V/DownloadTask( 1249): finishedThreadNum--->0
V/DownloadTask( 1249): mThreadNum--->2
D/NetFirmwareService( 1249): DownloadConstants.TASK_STATUS_RUNNING
D/NetFirmwareService( 1249): MSG_UPDATE_PACKAGE_STATUS_CHANGE
V/NetFirmwareService( 1249): percentValue--->92
D/HomePlayerLib( 1494): hostaddress count is 1
V/DownloadTask( 1249): finishedThreadNum--->0
V/DownloadTask( 1249): mThreadNum--->2
D/NetFirmwareService( 1249): DownloadConstants.TASK_STATUS_RUNNING
D/NetFirmwareService( 1249): MSG_UPDATE_PACKAGE_STATUS_CHANGE
V/NetFirmwareService( 1249): percentValue--->92
D/dalvikvm( 1249): GC_CONCURRENT freed 1927K, 47% free 6728K/12483K, paused 2ms+3ms
V/DownloadTask( 1249): finishedThreadNum--->0
V/DownloadTask( 1249): mThreadNum--->2
D/NetFirmwareService( 1249): DownloadConstants.TASK_STATUS_RUNNING
D/NetFirmwareService( 1249): MSG_UPDATE_PACKAGE_STATUS_CHANGE
V/NetFirmwareService( 1249): percentValue--->92
D/dalvikvm( 1494): GC_CONCURRENT freed 536K, 76% free 1436K/5827K, paused 31ms+1ms
D/dalvikvm( 1494): GC_CONCURRENT freed 511K, 76% free 1423K/5827K, paused 1ms+1ms
D/dalvikvm( 1877): GC_CONCURRENT freed 1936K, 18% free 31906K/38659K, paused 3ms+12ms
D/SlideManagerRootImpl( 1223): slideTo = 3
V/DownloadTask( 1249): finishedThreadNum--->0
V/DownloadTask( 1249): mThreadNum--->2
D/NetFirmwareService( 1249): DownloadConstants.TASK_STATUS_RUNNING
D/NetFirmwareService( 1249): MSG_UPDATE_PACKAGE_STATUS_CHANGE
V/NetFirmwareService( 1249): percentValue--->92
D/dalvikvm( 1494): GC_CONCURRENT freed 500K, 77% free 1393K/5827K, paused 31ms+1ms
V/DownloadTask( 1249): finishedThreadNum--->0
V/DownloadTask( 1249): mThreadNum--->2
D/NetFirmwareService( 1249): DownloadConstants.TASK_STATUS_RUNNING
D/NetFirmwareService( 1249): MSG_UPDATE_PACKAGE_STATUS_CHANGE
V/NetFirmwareService( 1249): percentValue--->92
D/dalvikvm( 1494): GC_CONCURRENT freed 470K, 76% free 1401K/5827K, paused 19ms+31ms
V/DownloadTask( 1249): finishedThreadNum--->0
V/DownloadTask( 1249): mThreadNum--->2
D/NetFirmwareService( 1249): DownloadConstants.TASK_STATUS_RUNNING
D/NetFirmwareService( 1249): MSG_UPDATE_PACKAGE_STATUS_CHANGE
V/NetFirmwareService( 1249): percentValue--->92
D/dalvikvm( 1494): GC_CONCURRENT freed 482K, 78% free 1303K/5827K, paused 42ms+65ms
V/DownloadTask( 1249): finishedThreadNum--->0
V/DownloadTask( 1249): mThreadNum--->2
D/NetFirmwareService( 1249): DownloadConstants.TASK_STATUS_RUNNING
D/NetFirmwareService( 1249): MSG_UPDATE_PACKAGE_STATUS_CHANGE
V/NetFirmwareService( 1249): percentValue--->92
D/dalvikvm( 1494): GC_CONCURRENT freed 375K, 76% free 1440K/5827K, paused 1ms+1ms
D/dalvikvm( 1877): GC_CONCURRENT freed 1971K, 18% free 31885K/38659K, paused 3ms+12ms
V/DownloadTask( 1249): finishedThreadNum--->0
V/DownloadTask( 1249): mThreadNum--->2
D/NetFirmwareService( 1249): DownloadConstants.TASK_STATUS_RUNNING
D/NetFirmwareService( 1249): MSG_UPDATE_PACKAGE_STATUS_CHANGE
V/NetFirmwareService( 1249): percentValue--->92
D/dalvikvm( 1494): GC_CONCURRENT freed 518K, 76% free 1401K/5827K, paused 1ms+2ms
V/DownloadTask( 1249): finishedThreadNum--->0
V/DownloadTask( 1249): mThreadNum--->2
D/NetFirmwareService( 1249): DownloadConstants.TASK_STATUS_RUNNING
D/NetFirmwareService( 1249): MSG_UPDATE_PACKAGE_STATUS_CHANGE
V/NetFirmwareService( 1249): percentValue--->92
V/DownloadTask( 1249): finishedThreadNum--->0
V/DownloadTask( 1249): mThreadNum--->2
D/NetFirmwareService( 1249): DownloadConstants.TASK_STATUS_RUNNING
D/NetFirmwareService( 1249): MSG_UPDATE_PACKAGE_STATUS_CHANGE
V/NetFirmwareService( 1249): percentValue--->92
D/dalvikvm( 1494): GC_CONCURRENT freed 487K, 76% free 1408K/5827K, paused 2ms+2ms
V/DownloadTask( 1249): finishedThreadNum--->0
V/DownloadTask( 1249): mThreadNum--->2
D/NetFirmwareService( 1249): DownloadConstants.TASK_STATUS_RUNNING
D/NetFirmwareService( 1249): MSG_UPDATE_PACKAGE_STATUS_CHANGE
V/NetFirmwareService( 1249): percentValue--->92
D/WriteDataInStorageThread( 1249): sendDataInStack --data length =524288 offset =173564471 file name = filePart1
D/WriteDataInStorageThread( 1249): write data  Pos=173564471   Length =524288  Thread =fileP