D/NetFirmwareService( 1249): MSG_UPDATE_PACKAGE_STATUS_CHANGE
V/NetFirmwareService( 1249): percentValue--->47
D/dalvikvm( 1494): GC_CONCURRENT freed 517K, 77% free 1366K/5827K, paused 2ms+1ms
D/dalvikvm( 1877): GC_CONCURRENT freed 1969K, 18% free 31895K/38659K, paused 2ms+11ms
D/WriteDataInStorageThread( 1249): sendDataInStack --data length =524288 offset =42991616 file name = filePart0
D/WriteDataInStorageThread( 1249): write data  Pos=42991616   Length =524288  Thread =filePart0
V/DownloadTask( 1249): finishedThreadNum--->0
V/DownloadTask( 1249): mThreadNum--->2
D/NetFirmwareService( 1249): DownloadConstants.TASK_STATUS_RUNNING
D/NetFirmwareService( 1249): MSG_UPDATE_PACKAGE_STATUS_CHANGE
V/NetFirmwareService( 1249): percentValue--->47
D/dalvikvm( 1494): GC_CONCURRENT freed 448K, 77% free 1356K/5827K, paused 1ms+5ms
D/CheckNetWork( 1719): isOk true
D/CheckNetWork( 1719): ActInfoNetworkInfo: type: WIFI[], state: CONNECTED/CONNECTED, reason: (unspecified), extra: (none), roaming: false, failover: false, isAvailable: true
D/CheckNetWork( 1719): infoNetworkInfo: type: WIFI[], state: CONNECTED/CONNECTED, reason: (unspecified), extra: (none), roaming: false, failover: false, isAvailable: true
V/DownloadTask( 1249): finishedThreadNum--->0
V/DownloadTask( 1249): mThreadNum--->2
D/NetFirmwareService( 1249): DownloadConstants.TASK_STATUS_RUNNING
D/NetFirmwareService( 1249): MSG_UPDATE_PACKAGE_STATUS_CHANGE
V/NetFirmwareService( 1249): percentValue--->47
V/DownloadTask( 1249): finishedThreadNum--->0
V/DownloadTask( 1249): mThreadNum--->2
D/NetFirmwareService( 1249): DownloadConstants.TASK_STATUS_RUNNING
D/NetFirmwareService( 1249): MSG_UPDATE_PACKAGE_STATUS_CHANGE
V/NetFirmwareService( 1249): percentValue--->47
D/dalvikvm( 1494): GC_CONCURRENT freed 446K, 77% free 1380K/5827K, paused 1ms+2ms
D/dalvikvm( 1494): GC_CONCURRENT freed 475K, 77% free 1378K/5827K, paused 1ms+1ms
D/WriteDataInStorageThread( 1249): sendDataInStack --data length =524288 offset =133194295 file name = filePart1
D/WriteDataInStorageThread( 1249): write data  Pos=133194295   Length =524288  Thread =filePart1
V/DownloadTask( 1249): finishedThreadNum--->0
V/DownloadTask( 1249): mThreadNum--->2
D/NetFirmwareService( 1249): DownloadConstants.TASK_STATUS_RUNNING
D/NetFirmwareService( 1249): MSG_UPDATE_PACKAGE_STATUS_CHANGE
V/NetFirmwareService( 1249): percentValue--->47
D/dalvikvm( 1877): GC_CONCURRENT freed 1984K, 18% free 31884K/38659K, paused 2ms+12ms
D/dalvikvm( 1494): GC_CONCURRENT freed 474K, 77% free 1364K/5827K, paused 1ms+1ms
V/DownloadTask( 1249): finishedThreadNum--->0
V/DownloadTask( 1249): mThreadNum--->2
D/NetFirmwareService( 1249): DownloadConstants.TASK_STATUS_RUNNING
D/NetFirmwareService( 1249): MSG_UPDATE_PACKAGE_STATUS_CHANGE
V/NetFirmwareService( 1249): percentValue--->48
D/dalvikvm( 1249): GC_CONCURRENT freed 1922K, 47% free 6726K/12483K, paused 1ms+3ms
V/DownloadTask( 1249): finishedThreadNum--->0
V/DownloadTask( 1249): mThreadNum--->2
D/NetFirmwareService( 1249): DownloadConstants.TASK_STATUS_RUNNING
D/NetFirmwareService( 1249): MSG_UPDATE_PACKAGE_STATUS_CHANGE
V/NetFirmwareService( 1249): percentValue--->48
V/DownloadTask( 1249): finishedThreadNum--->0
V/DownloadTask( 1249): mThreadNum--->2
D/NetFirmwareService( 1249): DownloadConstants.TASK_STATUS_RUNNING
D/NetFirmwareService( 1249): MSG_UPDATE_PACKAGE_STATUS_CHANGE
V/NetFirmwareService( 1249): percentValue--->48
D/dalvikvm( 1494): GC_CONCURRENT freed 458K, 76% free 1407K/5827K, paused 16ms+5ms
D/dalvikvm( 1877): GC_CONCURRENT freed 1972K, 18% free 31869K/38659K, paused 2ms+11ms
V/DownloadTask( 1249): finishedThreadNum--->0
V/DownloadTask( 1249): mThreadNum--->2
D/NetFirmwareService( 1249): DownloadConstants.TASK_STATUS_RUNNING
D/NetFirmwareService( 1249): MSG_UPDATE_PACKAGE_STATUS_CHANGE
V/NetFirmwareService( 1249): percentValue--->48
D/SlideManagerRootImpl( 1223): slideTo = 2
D/dalvikvm( 1494): GC_CONCURRENT freed 490K, 77% free 1392K/5827K, paused 4ms+1ms
V/DownloadTask( 1249): finishedThreadNum--->0
V/DownloadTask( 1249): mThreadNum--->2
D/NetFirmwareService( 1249): DownloadConstants.TASK_STATUS_RUNNING
D/NetFirmwareService( 1249): MSG_UPDATE_PACKAGE_STATUS_CHANGE
V/NetFirmwareService( 1249): percentValue--->48
V/DownloadTask( 1249): finishedThreadNum--->0
V/DownloadTask( 1249): mThreadNum--->2
D/NetFirmwareService( 1249): DownloadConstants.TASK_STATUS_RUNNING
D/NetFirmwareService( 1249): MSG_UPDATE_PACKAGE_STATUS_CHANGE
V/NetFirmwareService( 1249): percentValue--->48
D/dalvikvm( 1494): GC_CONCURRENT freed 475K, 77% free 1356K/5827K, paused 2ms+21ms
V/DownloadTask( 1249): finishedThreadNum--->0
V/DownloadTask( 1249): mThreadNum--->2
D/NetFirmwareService( 1249): DownloadConstants.TASK_STATUS_RUNNING
D/NetFirmwareService( 1249): MSG_UPDATE_PACKAGE_STATUS_CHANGE
V/NetFirmwareService( 1249): percentValue--->48
D/WriteDataInStorageThread( 1249): sendDataInStack --data length =524288 offset =43515904 file name = filePart0
D/WriteDataInStorageThread( 1249): write data  Pos=43515904   Length =524288  Thread =filePart0
D/dalvikvm( 1877): GC_CONCURRENT freed 1953K, 18% free 31863K/38659K, paused 3ms+12ms
V/DownloadTask( 1249): finishedThreadNum--->0
V/DownloadTask( 1249): mThreadNum--->2
D/NetFirmwareService( 1249): DownloadConstants.TASK_STATUS_RUNNING
D/NetFirmwareService( 1249): MSG_UPDATE_PACKAGE_STATUS_CHANGE
V/NetFirmwareService( 1249): percentValue--->48
V/DownloadTask( 1249): finishedThreadNum--->0
V/DownloadTask( 1249): mThreadNum--->2
D/NetFirmwareService( 1249): DownloadConstants.TASK_STATUS_RUNNING
D/NetFirmwareService( 1249): MSG_UPDATE_PACKAGE_STATUS_CHANGE
V/NetFirmwareService( 1249): percentValue--->48
D/dalvikvm( 1494): GC_CONCURRENT freed 445K, 75% free 1462K/5827K, paused 75ms+30ms
V/DownloadTask( 1249): finishedThreadNum--->0
V/DownloadTask( 1249): mThreadNum--->2
D/NetFirmwareService( 1249): DownloadConstants.TASK_STATUS_RUNNING
D/NetFirmwareService( 1249): MSG_UPDATE_PACKAGE_STATUS_CHANGE
V/NetFirmwareService( 1249): percentValue--->48
V/DownloadTask( 1249): finishedThreadNum--->0
V/DownloadTask( 1249): mThreadNum--->2
D/NetFirmwareService( 1249): DownloadConstants.TASK_STATUS_RUNNING
D/NetFirmwareService( 1249): MSG_UPDATE_PACKAGE_STATUS_CHANGE
V/NetFirmwareService( 1249): percentValue--->48
D/dalvikvm( 1494): GC_CONCURRENT freed 544K, 76% free 1429K/5827K, paused 1ms+3ms
D/HomePlayerLib( 1494): hostaddress count is 1
V/DownloadTask( 1249): finishedThreadNum--->0
V/DownloadTask( 1249): mThreadNum--->2
D/NetFirmwareService( 1249): DownloadConstants.TASK_STATUS_RUNNING
D/NetFirmwareService( 1249): MSG_UPDATE_PACKAGE_STATUS_CHANGE
V/NetFirmwareService( 1249): percentValue--->48
D/dalvikvm( 1494): GC_CONCURRENT freed 526K, 76% free 1412K/5827K, paused 1ms+1ms
D/dalvikvm( 1877): GC_CONCURRENT freed 1943K, 18% free 31890K/38659K, paused 3ms+13ms
V/DownloadTask( 1249): finishedThreadNum--->0
V/DownloadTask( 1249): mThreadNum--->2
D/NetFirmwareService( 1249): DownloadConstants.TASK_STATUS_RUNNING
D/NetFirmwareService( 1249): MSG_UPDATE_PACKAGE_STATUS_CHANGE
V/NetFirmwareService( 1249): percentValue--->48
D/dalvikvm( 1494): GC_CONCURRENT freed 494K, 76% free 1426K/5827K, paused 1ms+1ms
V/DownloadTask( 1249): finishedThreadNum--->0
V/DownloadTask( 1249): mThreadNum--->2
D/NetFirmwareService( 1249): DownloadConstants.TASK_STATUS_RUNNING
D/NetFirmwareService( 1249): MSG_UPDATE_PACKAGE_STATUS_CHANGE
V/NetFirmwareService( 1249): percentValue--->48
V/DownloadTask( 1249): finishedThreadNum--->0
V/DownloadTask( 1249): mThreadNum--->2
D/NetFirmwareService( 1249): DownloadConstants.TASK_STATUS_RUNNING
D/NetFirmwareService( 1249): MSG_UPDATE_PACKAGE_STATUS_CHANGE
V/NetFirmwareService( 1249): percentValue--->48
D/dalvikvm( 1494): GC_CONCURRENT freed 522K, 76% free 1409K/5827K, paused 49ms+40ms
V/DownloadTask( 1249): finishedThreadNum--->0
V/DownloadTask( 1249): mThreadNum--->2
D/NetFirmwareService( 1249): DownloadConstants.TASK_STATUS_RUNNING
D/NetFirmwareService( 1249): MSG_UPDATE_PACKAGE_STATUS_CHANGE
V/NetFirmwareService( 1249): percentValue--->48
D/SlideManagerRootImpl( 1223): slideTo = 3
D/WriteDataInStorageThread( 1249): sendDataInStack --data length =524288 offset =133718583 file name = filePart1
V/DownloadTask( 1249): finishedThreadNum--->0
V/DownloadTask( 1249): mThreadNum--->2
D/NetFirmwareService( 1249): DownloadConstants.TASK_STATUS_RUNNING
D/NetFirmwareService( 1249): MSG_UPDATE_PACKAGE_STATUS_CHANGE
V/NetFirmwareService( 1249): percentValue--->48
D/WriteDataInStorageThread( 1249): write data  Pos=133718583   Length =524288  Thread =filePart1
D/dalvikvm( 1494): GC_CONCURRENT freed 539K, 77% free 1382K/5827K, paused 1ms+2ms
D/dalvikvm( 1494): GC_CONCURRENT freed 510K, 77% free 1382K/5827K, paused 22ms+86ms
D/dalvikvm( 1877): GC_CONCURRENT freed 1965K, 18% free 31881K/38659K, paused 2ms+13ms
V/DownloadTask( 1249): finishedThreadNum--->0
V/DownloadTask( 1249): mThreadNum--->2
D/NetFirmwareService( 1249): DownloadConstants.TASK_STATUS_RUNNING
D/NetFirmwareService( 1249): MSG_UPDATE_PACKAGE_STATUS_CHANGE
V/NetFirmwareService( 1249): percentValue--->48
V/DownloadTask( 1249): finishedThreadNum--->0
V/DownloadTask( 1249): mThreadNum--->2
D/NetFirmwareService( 1249): DownloadConstants.TASK_STATUS_RUNNING
D/NetFirmwareService( 1249): MSG_UPDATE_PACKAGE_STATUS_CHANGE
V/NetFirmwareService( 1249): percentValue--->48
V/DownloadTask( 1249): finishedThreadNum--->0
V/DownloadTask( 1249): mThreadNum--->2
D/NetFirmwareService( 1249): DownloadConstants.TASK_STATUS_RUNNING
D/NetFirmwareService( 1249): MSG_UPDATE_PACKAGE_STATUS_CHANGE
V/NetFirmwareService( 1249): percentValue--->48
D/dalvikvm( 1494): GC_CONCURRENT freed 463K, 75% free 1510K/5827K, paused 15ms+1ms
V/DownloadTask( 1249): finishedThreadNum--->0
V/DownloadTask( 1249): mThreadNum--->2
D/NetFirmwareService( 1249): DownloadConstants.TASK_STATUS_RUNNING
D/NetFirmwareService( 1249): MSG_UPDATE_PACKAGE_STATUS_CHANGE
V/NetFirmwareService( 1249): percentValue--->48
V/DownloadTask( 1249): finishedThreadNum--->0
V/DownloadTask( 1249): mThreadNum--->2
D/NetFirmwareService( 1249): DownloadConstants.TASK_STATUS_RUNNING
D/NetFirmwareService( 1249): MSG_UPDATE_PACKAGE_STATUS_CHANGE
V/NetFirmwareService( 1249): percentValue--->48
D/dalvikvm( 1494): GC_CONCURRENT freed 622K, 76% free 1399K/5827K, paused 22ms+67ms
D/dalvikvm( 1877): GC_CONCURRENT freed 1957K, 18% free 31889K/38659K, paused 4ms+10ms
V/DownloadTask( 1249): finishedThreadNum--->0
V/DownloadTask( 1249): mThreadNum--->2
D/NetFirmwareService( 1249): DownloadConstants.TASK_STATUS_RUNNING
D/NetFirmwareService( 1249): MSG_UPDATE_PACKAGE_STATUS_CHANGE
V/NetFirmwareService( 1249): percentValue--->48
D/WriteDataInStorageThread( 1249): sendDataInStack --data length =524288 offset =44040192 file name = filePart0
D/WriteDataInStorageThread( 1249): write data  Pos=44040192   Length =524288  Thread =filePart0
D/dalvikvm( 1494): GC_CONCURRENT freed 480K, 77% free 1368K/5827K, paused 1ms+1ms
V/DownloadTask( 1249): finishedThreadNum--->0
V/DownloadTask( 1249): mThreadNum--->2
D/NetFirmwareService( 1249): DownloadConstants.TASK_STATUS_RUNNING
D/NetFirmwareService( 1249): MSG_UPDATE_PACKAGE_STATUS_CHANGE
V/NetFirmwareService( 1249): percentValue--->49
V/DownloadTask( 1249): finishedThreadNum--->0
V/DownloadTask( 1249): mThreadNum--->2
D/NetFirmwareService( 1249): DownloadConstants.TASK_STATUS_RUNNING
D/NetFirmwareService( 1249): MSG_UPDATE_PACKAGE_STATUS_CHANGE
V/NetFirmwareService( 1249): percentValue--->49
V/DownloadTask( 1249): finishedThreadNum--->0
V/DownloadTask( 1249): mThreadNum--->2
D/NetFirmwareService( 1249): DownloadConstants.TASK_STATUS_RUNNING
D/NetFirmwareService( 1249): MSG_UPDATE_PACKAGE_STATUS_CHANGE
V/NetFirmwareService( 1249): percentValue--->49
D/dalvikvm( 1494): GC_CONCURRENT freed 463K, 78% free 1328K/5827K, paused 25ms+1ms
V/DownloadTask( 1249): finishedThreadNum--->0
V/DownloadTask( 1249): mThreadNum--->2
D/NetFirmwareService( 1249): DownloadConstants.TASK_STATUS_RUNNING
D/NetFirmwareService( 1249): MSG_UPDATE_PACKAGE_STATUS_CHANGE
V/NetFirmwareService( 1249): percentValue--->49
D/dalvikvm( 1877): GC_CONCURRENT freed 1946K, 18% free 31923K/38659K, paused 3ms+14ms
V/DownloadTask( 1249): finishedThreadNum--->0
V/DownloadTask( 1249): mThreadNum--->2
D/NetFirmwareService( 1249): DownloadConstants.TASK_STATUS_RUNNING
D/NetFirmwareService( 1249): MSG_UPDATE_PACKAGE_STATUS_CHANGE
V/NetFirmwareService( 1249): percentValue--->49
D/dalvikvm( 1494): GC_CONCURRENT freed 416K, 77% free 1389K/5827K, paused 1ms+1ms
D/SlideManagerRootImpl( 1223): slideTo = 4
V/DownloadTask( 1249): finishedThreadNum--->0
V/DownloadTask( 1249): mThreadNum--->2
D/NetFirmwareService( 1249): DownloadConstants.TASK_STATUS_RUNNING
D/NetFirmwareService( 1249): MSG_UPDATE_PACKAGE_STATUS_CHANGE
V/NetFirmwareService( 1249): percentValue--->49
D/dalvikvm( 1494): GC_CONCURRENT freed 488K, 76% free 1408K/5827K, paused 3ms+2ms
V/DownloadTask( 1249): finishedThreadNum--->0
V/DownloadTask( 1249): mThreadNum--->2
D/NetFirmwareService( 1249): DownloadConstants.TASK_STATUS_RUNNING
D/NetFirmwareService( 1249): MSG_UPDATE_PACKAGE_STATUS_CHANGE
V/NetFirmwareService( 1249): percentValue--->49
D/WriteDataInStorageThread( 1249): sendDataInStack --data length =524288 offset =134242871 file name = filePart1
V/DownloadTask( 1249): finishedThreadNum--->0
V/DownloadTask( 1249): mThreadNum--->2
D/NetFirmwareService( 1249): DownloadConstants.TASK_STATUS_RUNNING
D/NetFirmwareService( 1249): MSG_UPDATE_PACKAGE_STATUS_CHANGE
V/NetFirmwareService( 1249): percentValue--->49
D/WriteDataInStorageThread( 1249): write data  Pos=134242871   Length =524288  Thread =filePart1
D/dalvikvm( 1494): GC_CONCURRENT freed 503K, 78% free 1329K/5827K, paused 29ms+2ms
V/DownloadTask( 1249): finishedThreadNum--->0
V/DownloadTask( 1249): mThreadNum--->2
D/NetFirmwareService( 1249): DownloadConstants.TASK_STATUS_RUNNING
D/NetFirmwareService( 1249): MSG_UPDATE_PACKAGE_STATUS_CHANGE
V/NetFirmwareService( 1249): percentValue--->49
D/dalvikvm( 1494): GC_CONCURRENT freed 418K, 76% free 1405K/5827K, paused 1ms+2ms
D/dalvikvm( 1877): GC_CONCURRENT freed 1966K, 18% free 31905K/38659K, paused 2ms+13ms
V/DownloadTask( 1249): finishedThreadNum--->0
V/DownloadTask( 1249): mThreadNum--->2
D/NetFirmwareService( 1249): DownloadConstants.TASK_STATUS_RUNNING
D/NetFirmwareService( 1249): MSG_UPDATE_PACKAGE_STATUS_CHANGE
V/NetFirmwareService( 1249): percentValue--->49
V/DownloadTask( 1249): finishedThreadNum--->0
V/DownloadTask( 1249): mThreadNum--->2
D/NetFirmwareService( 1249): DownloadConstants.TASK_STATUS_RUNNING
D/NetFirmwareService( 1249): MSG_UPDATE_PACKAGE_STATUS_CHANGE
V/NetFirmwareService( 1249): percentValue--->49
D/dalvikvm( 1494): GC_CONCURRENT freed 490K, 77% free 1392K/5827K, paused 10ms+47ms
V/DownloadTask( 1249): finishedThreadNum--->0
V/DownloadTask( 1249): mThreadNum--->2
D/NetFirmwareService( 1249): DownloadConstants.TASK_STATUS_RUNNING
D/NetFirmwareService( 1249): MSG_UPDATE_PACKAGE_STATUS_CHANGE
V/NetFirmwareService( 1249): percentValue--->49
D/dalvikvm( 1494): GC_CONCURRENT freed 475K, 77% free 1353K/5827K, paused 1ms+2ms
D/dalvikvm( 1249): GC_CONCURRENT freed 1928K, 47% free 6725K/12483K, paused 1ms+45ms
D/dalvikvm( 1494): GC_CONCURRENT freed 446K, 76% free 1406K/5827K, paused 2ms+1ms
V/DownloadTask( 1249): finishedThreadNum--->0
V/DownloadTask( 1249): mThreadNum--->2
D/NetFirmwareService( 1249): DownloadConstants.TASK_STATUS_RUNNING
D/NetFirmwareService( 1249): MSG_UPDATE_PACKAGE_STATUS_CHANGE
V/NetFirmwareService( 1249): percentValue--->49
D/WriteDataInStorageThread( 1249): sendDataInStack --data length =524288 offset =44564480 file name = filePart0
D/WriteDataInStorageThread( 1249): write data  Pos=44564480   Length =524288  Thread =filePart0
V/DownloadTask( 1249): finishedThreadNum--->0
V/DownloadTask( 1249): mThreadNum--->2
D/NetFirmwareService( 1249): DownloadConstants.TASK_STATUS_RUNNING
D/NetFirmwareService( 1249): MSG_UPDATE_PACKAGE_STATUS_CHANGE
V/NetFirmwareService( 1249): percentValue--->49
D/dalvikvm( 1494): GC_CONCURRENT freed 482K, 77% free 1392K/5827K, paused 28ms+1ms
D/dalvikvm( 1877): GC_CONCURRENT freed 1958K, 18% free 31920K/38659K, paused 3ms+14ms
V/DownloadTask( 1249): finishedThreadNum--->0
V/DownloadTask( 1249): mThreadNum--->2
D/NetFirmwareService( 1249): DownloadConstants.TASK_STATUS_RUNNING
D/NetFirmwareService( 1249): MSG_UPDATE_PACKAGE_STATUS_CHANGE
V/NetFirmwareService( 1249): percentValue--->49
D/dalvikvm( 1494): GC_CONCURRENT freed 468K, 77% free 1355K/5827K, paused 52ms+1ms
V/DownloadTask( 1249): finishedThreadNum--->0
V/DownloadTask( 1249): mThreadNum--->2
D/NetFirmwareService( 1249): DownloadConstants.TASK_STATUS_RUNNING
D/NetFirmwareService( 1249): MSG_UPDATE_PACKAGE_STATUS_CHANGE
V/NetFirmwareService( 1249): percentValue--->49
V/DownloadTask( 1249): finishedThreadNum--->0
V/DownloadTask( 1249): mThreadNum--->2
D/NetFirmwareService( 1249): DownloadConstants.TASK_STATUS_RUNNING
D/NetFirmwareService( 1249): MSG_UPDATE_PACKAGE_STATUS_CHANGE
V/NetFirmwareService( 1249): percentValue--->49
D/SlideManagerRootImpl( 1223): slideTo = 0
D/WriteDataInStorageThread( 1249): sendDataInStack --data length =524288 offset =134767159 file name = filePart1
D/WriteDataInStorageThread( 1249): write data  Pos=134767159   Length =524288  Thread =filePart1
V/DownloadTask( 1249): finishedThreadNum--->0
V/DownloadTask( 1249): mThreadNum--->2
D/NetFirmwareService( 1249): DownloadConstants.TASK_STATUS_RUNNING
D/NetFirmwareService( 1249): MSG_UPDATE_PACKAGE_STATUS_CHANGE
V/NetFirmwareService( 1249): percentValue--->49
D/dalvikvm( 1494): GC_CONCURRENT freed 445K, 76% free 1415K/5827K, paused 0ms+1ms
V/DownloadTask( 1249): finishedThreadNum--->0
V/DownloadTask( 1249): mThreadNum--->2
D/NetFirmwareService( 1249): DownloadConstants.TASK_STATUS_RUNNING
D/NetFirmwareService( 1249): MSG_UPDATE_PACKAGE_STATUS_CHANGE
V/NetFirmwareService( 1249): percentValue--->49
D/dalvikvm( 1877): GC_CONCURRENT freed 1957K, 18% free 31936K/38659K, paused 4ms+14ms
D/dalvikvm( 1494): GC_CONCURRENT freed 510K, 77% free 1391K/5827K, paused 0ms+1ms
D/dalvikvm( 1494): GC_CONCURRENT freed 473K, 78% free 1315K/5827K, paused 2ms+1ms
V/DownloadTask( 1249): finishedThreadNum--->0
V/DownloadTask( 1249): mThreadNum--->2
D/NetFirmwareService( 1249): DownloadConstants.TASK_STATUS_RUNNING
D/NetFirmwareService( 1249): MSG_UPDATE_PACKAGE_STATUS_CHANGE
V/NetFirmwareService( 1249): percentValue--->49
D/HomePlayerLib( 1494): hostaddress count is 1
D/dalvikvm( 1494): GC_CONCURRENT freed 367K, 76% free 1453K/5827K, paused 1ms+1ms
V/DownloadTask( 1249): finishedThreadNum--->0
V/DownloadTask( 1249): mThreadNum--->2
D/NetFirmwareService( 1249): DownloadConstants.TASK_STATUS_RUNNING
D/NetFirmwareService( 1249): MSG_UPDATE_PACKAGE_STATUS_CHANGE
V/NetFirmwareService( 1249): percentValue--->49
V/DownloadTask( 1249): finishedThreadNum--->0
V/DownloadTask( 1249): mThreadNum--->2
D/NetFirmwareService( 1249): DownloadConstants.TASK_STATUS_RUNNING
D/NetFirmwareService( 1249): MSG_UPDATE_PACKAGE_STATUS_CHANGE
V/NetFirmwareService( 1249): percentValue--->49
D/dalvikvm( 1494): GC_CONCURRENT freed 530K, 76% free 1410K/5827K, paused 0ms+1ms
V/DownloadTask( 1249): finishedThreadNum--->0
V/DownloadTask( 1249): mThreadNum--->2
D/NetFirmwareService( 1249): DownloadConstants.TASK_STATUS_RUNNING
D/NetFirmwareService( 1249): MSG_UPDATE_PACKAGE_STATUS_CHANGE
V/NetFirmwareService( 1249): percentValue--->49
D/dalvikvm( 1494): GC_CONCURRENT freed 489K, 76% free 1438K/5827K, paused 4ms+3ms
D/WriteDataInStorageThread( 1249): sendDataInStack --data length =524288 offset =45088768 file name = filePart0
D/WriteDataInStorageThread( 1249): write data  Pos=45088768   Length =524288  Thread =filePart0
D/dalvikvm( 1877): GC_CONCURRENT freed 1979K, 18% free 31930K/38659K, paused 3ms+12ms
V/DownloadTask( 1249): finishedThreadNum--->0
V/DownloadTask( 1249): mThreadNum--->2
D/NetFirmwareService( 1249): DownloadConstants.TASK_STATUS_RUNNING
D/NetFirmwareService( 1249): MSG_UPDATE_PACKAGE_STATUS_CHANGE
V/NetFirmwareService( 1249): percentValue--->50
D/dalvikvm( 1494): GC_CONCURRENT freed 509K, 76% free 1440K/5827K, paused 1ms+2ms
V/DownloadTask( 1249): finishedThreadNum--->0
V/DownloadTask( 1249): mThreadNum--->2
D/NetFirmwareService( 1249): DownloadConstants.TASK_STATUS_RUNNING
D/NetFirmwareService( 1249): MSG_UPDATE_PACKAGE_STATUS_CHANGE
V/NetFirmwareService( 1249): percentValue--->50
D/dalvikvm( 1494): GC_CONCURRENT freed 529K, 78% free 1318K/5827K, paused 1ms+5ms
V/DownloadTask( 1249): finishedThreadNum--->0
V/DownloadTask( 1249): mThreadNum--->2
D/NetFirmwareService( 1249): DownloadConstants.TASK_STATUS_RUNNING
D/NetFirmwareService( 1249): MSG_UPDATE_PACKAGE_STATUS_CHANGE
V/NetFirmwareService( 1249): percentValue--->50
D/dalvikvm( 1494): GC_CONCURRENT freed 383K, 75% free 1468K/5827K, paused 1ms+1ms
V/DownloadTask( 1249): finishedThreadNum--->0
V/DownloadTask( 1249): mThreadNum--->2
D/NetFirmwareService( 1249): DownloadConstants.TASK_STATUS_RUNNING
D/NetFirmwareService( 1249): MSG_UPDATE_PACKAGE_STATUS_CHANGE
V/NetFirmwareService( 1249): percentValue--->50
D/dalvikvm( 1494): GC_CONCURRENT freed 531K, 76% free 1448K/5827K, paused 70ms+2ms
D/WriteDataInStorageThread( 1249): sendDataInStack --data length =524288 offset =135291447 file name = filePart1
D/WriteDataInStorageThread( 1249): write data  Pos=135291447   Length =524288  Thread =filePart1
V/DownloadTask( 1249): finishedThreadNum--->0
V/DownloadTask( 1249): mThreadNum--->2
D/NetFirmwareService( 1249): DownloadConstants.TASK_STATUS_RUNNING
D/NetFirmwareService( 1249): MSG_UPDATE_PACKAGE_STATUS_CHANGE
V/NetFirmwareService( 1249): percentValue--->50
D/dalvikvm( 1494): GC_CONCURRENT freed 624K, 78% free 1329K/5827K, paused 49ms+1ms
D/dalvikvm( 1877): GC_CONCURRENT freed 1976K, 18% free 31886K/38659K, paused 2ms+13ms
V/DownloadTask( 1249): finishedThreadNum--->0
V/DownloadTask( 1249): mThreadNum--->2
D/NetFirmwareService( 1249): DownloadConstants.TASK_STATUS_RUNNING
D/NetFirmwareService( 1249): MSG_UPDATE_PACKAGE_STATUS_CHANGE
V/NetFirmwareService( 1249): percentValue--->50
D/SlideManagerRootImpl( 1223): slideTo = 1
D/dalvikvm( 1494): GC_CONCURRENT freed 427K, 76% free 1430K/5827K, paused 25ms+68ms
V/DownloadTask( 1249): finishedThreadNum--->0
V/DownloadTask( 1249): mThreadNum--->2
D/NetFirmwareService( 1249): DownloadConstants.TASK_STATUS_RUNNING
D/NetFirmwareService( 1249): MSG_UPDATE_PACKAGE_STATUS_CHANGE
V/NetFirmwareService( 1249): percentValue--->50
V/DownloadTask( 1249): finishedThreadNum--->0
V/DownloadTask( 1249): mThreadNum--->2
D/NetFirmwareService( 1249): DownloadConstants.TASK_STATUS_RUNNING
D/NetFirmwareService( 1249): MSG_UPDATE_PACKAGE_STATUS_CHANGE
V/NetFirmwareService( 1249): percentValue--->50
D/dalvikvm( 1494): GC_CONCURRENT freed 528K, 76% free 1407K/5827K, paused 0ms+2ms
D/dalvikvm( 1494): GC_CONCURRENT freed 488K, 76% free 1416K/5827K, paused 1ms+1ms
V/DownloadTask( 1249): finishedThreadNum--->0
V/DownloadTask( 1249): mThreadNum--->2
D/NetFirmwareService( 1249): DownloadConstants.TASK_STATUS_RUNNING
D/NetFirmwareService( 1249): MSG_UPDATE_PACKAGE_STATUS_CHANGE
V/NetFirmwareService( 1249): percentValue--->50
D/WriteDataInStorageThread( 1249): sendDataInStack --data length =524288 offset =45613056 file name = filePart0
V/DownloadTask( 1249): finishedThreadNum--->0
V/DownloadTask( 1249): mThreadNum--->2
D/NetFirmwareService( 1249): DownloadConstants.TASK_STATUS_RUNNING
D/NetFirmwareService( 1249): MSG_UPDATE_PACKAGE_STATUS_CHANGE
V/NetFirmwareService( 1249): percentValue--->50
D/WriteDataInStorageThread( 1249): write data  Pos=45613056   Length =524288  Thread =filePart0
D/dalvikvm( 1494): GC_CONCURRENT freed 502K, 78% free 1329K/5827K, paused 40ms+4ms
D/dalvikvm( 1877): GC_CONCURRENT freed 1952K, 18% free 31878K/38659K, paused 4ms+14ms
D/dalvikvm( 1494): GC_CONCURRENT freed 417K, 77% free 1365K/5827K, paused 2ms+2ms
V/DownloadTask( 1249): finishedThreadNum--->0
V/DownloadTask( 1249): mThreadNum--->2
D/NetFirmwareService( 1249): DownloadConstants.TASK_STATUS_RUNNING
D/NetFirmwareService( 1249): MSG_UPDATE_PACKAGE_STATUS_CHANGE
V/NetFirmwareService( 1249): percentValue--->50
V/DownloadTask( 1249): finishedThreadNum--->0
V/DownloadTask( 1249): mThreadNum--->2
D/NetFirmwareService( 1249): DownloadConstants.TASK_STATUS_RUNNING
D/NetFirmwareService( 1249): MSG_UPDATE_PACKAGE_STATUS_CHANGE
V/NetFirmwareService( 1249): percentValue--->50
V/DownloadTask( 1249): finishedThreadNum--->0
V/DownloadTask( 1249): mThreadNum--->2
D/NetFirmwareService( 1249): DownloadConstants.TASK_STATUS_RUNNING
D/NetFirmwareService( 1249): MSG_UPDATE_PACKAGE_STATUS_CHANGE
V/NetFirmwareService( 1249): percentValue--->50
D/dalvikvm( 1494): GC_CONCURRENT freed 464K, 75% free 1485K/5827K, paused 1ms+4ms
V/DownloadTask( 1249): finishedThreadNum--->0
V/DownloadTask( 1249): mThreadNum--->2
D/NetFirmwareService( 1249): DownloadConstants.TASK_STATUS_RUNNING
D/NetFirmwareService( 1249): MSG_UPDATE_PACKAGE_STATUS_CHANGE
V/NetFirmwareService( 1249): percentValue--->50
D/WriteDataInStorageThread( 1249): sendDataInStack --data length =524288 offset =135815735 file name = filePart1
D/WriteDataInStorageThread( 1249): write data  Pos=135815735   Length =524288  Thread =filePart1
D/dalvikvm( 1877): GC_CONCURRENT freed 1951K, 18% free 31915K/38659K, paused 7ms+14ms
V/DownloadTask( 1249): finishedThreadNum--->0
V/DownloadTask( 1249): mThreadNum--->2
D/NetFirmwareService( 1249): DownloadConstants.TASK_STATUS_RUNNING
D/NetFirmwareService( 1249): MSG_UPDATE_PACKAGE_STATUS_CHANGE
V/NetFirmwareService( 1249): percentValue--->51
D/dalvikvm( 1494): GC_CONCURRENT freed 576K, 77% free 1388K/5827K, paused 75ms+1ms
V/DownloadTask( 1249): finishedThreadNum--->0
V/DownloadTask( 1249): mThreadNum--->2
D/NetFirmwareService( 1249): DownloadConstants.TASK_STATUS_RUNNING
D/NetFirmwareService( 1249): MSG_UPDATE_PACKAGE_STATUS_CHANGE
V/NetFirmwareService( 1249): percentValue--->51
V/DownloadTask( 1249): finishedThreadNum--->0
V/DownloadTask( 1249): mThreadNum--->2
D/NetFirmwareService( 1249): DownloadConstants.TASK_STATUS_RUNNING
D/NetFirmwareService( 1249): MSG_UPDATE_PACKAGE_STATUS_CHANGE
V/NetFirmwareService( 1249): percentValue--->51
D/dalvikvm( 1494): GC_CONCURRENT freed 477K, 77% free 1365K/5827K, paused 26ms+1ms
V/DownloadTask( 1249): finishedThreadNum--->0
V/DownloadTask( 1249): mThreadNum--->2
D/NetFirmwareService( 1249): DownloadConstants.TASK_STATUS_RUNNING
D/NetFirmwareService( 1249): MSG_UPDATE_PACKAGE_STATUS_CHANGE
V/NetFirmwareService( 1249): percentValue--->51
D/SlideManagerRootImpl( 1223): slideTo = 2
D/WriteDataInStorageThread( 1249): sendDataInStack --data length =524288 offset =46137344 file name = filePart0
D/WriteDataInStorageThread( 1249): write data  Pos=46137344   Length =524288  Thread =filePart0
D/dalvikvm( 1494): GC_CONCURRENT freed 447K, 77% free 1397K/5827K, paused 1ms+1ms
D/dalvikvm( 1877): GC_CONCURRENT freed 1962K, 18% free 31882K/38659K, paused 2ms+13ms
V/DownloadTask( 1249): finishedThreadNum--->0
V/DownloadTask( 1249): mThreadNum--->2
D/NetFirmwareService( 1249): DownloadConstants.TASK_STATUS_RUNNING
D/NetFirmwareService( 1249): MSG_UPDATE_PACKAGE_STATUS_CHANGE
V/NetFirmwareService( 1249): percentValue--->51
D/dalvikvm( 1249): GC_CONCURRENT freed 1917K, 46% free 6743K/12483K, paused 9ms+4ms
V/DownloadTask( 1249): finishedThreadNum--->0
V/DownloadTask( 1249): mThreadNum--->2
D/NetFirmwareService( 1249): DownloadConstants.TASK_STATUS_RUNNING
D/NetFirmwareService( 1249): MSG_UPDATE_PACKAGE_STATUS_CHANGE
V/NetFirmwareService( 1249): percentValue--->51
V/DownloadTask( 1249): finishedThreadNum--->0
V/DownloadTask( 1249): mThreadNum--->2
D/NetFirmwareService( 1249): DownloadConstants.TASK_STATUS_RUNNING
D/NetFirmwareService( 1249): MSG_UPDATE_PACKAGE_STATUS_CHANGE
V/NetFirmwareService( 1249): percentValue--->51
V/DownloadTask( 1249): finishedThreadNum--->0
V/DownloadTask( 1249): mThreadNum--->2
D/NetFirmwareService( 1249): DownloadConstants.TASK_STATUS_RUNNING
D/NetFirmwareService( 1249): MSG_UPDATE_PACKAGE_STATUS_CHANGE
V/NetFirmwareService( 1249): percentValue--->51
D/dalvikvm( 1494): GC_CONCURRENT freed 486K, 76% free 1406K/5827K, paused 1ms+25ms
D/WriteDataInStorageThread( 1249): sendDataInStack --data length =524288 offset =136340023 file name = filePart1
D/WriteDataInStorageThread( 1249): write data  Pos=136340023   Length =524288  Thread =filePart1
V/DownloadTask( 1249): finishedThreadNum--->0
V/DownloadTask( 1249): mThreadNum--->2
D/NetFirmwareService( 1249): DownloadConstants.TASK_STATUS_RUNNING
D/NetFirmwareService( 1249): MSG_UPDATE_PACKAGE_STATUS_CHANGE
V/NetFirmwareService( 1249): percentValue--->51
D/dalvikvm( 1877): GC_CONCURRENT freed 1952K, 18% free 31886K/38659K, paused 4ms+13ms
V/DownloadTask( 1249): finishedThreadNum--->0
V/DownloadTask( 1249): mThreadNum--->2
D/NetFirmwareService( 1249): DownloadConstants.TASK_STATUS_RUNNING
D/NetFirmwareService( 1249): MSG_UPDATE_PACKAGE_STATUS_CHANGE
V/NetFirmwareService( 1249): percentValue--->51
V/DownloadTask( 1249): finishedThreadNum--->0
V/DownloadTask( 1249): mThreadNum--->2
D/NetFirmwareService( 1249): DownloadConstants.TASK_STATUS_RUNNING
D/NetFirmwareService( 1249): MSG_UPDATE_PACKAGE_STATUS_CHANGE
V/NetFirmwareService( 1249): percentValue--->51
D/dalvikvm( 1494): GC_CONCURRENT freed 489K, 77% free 1394K/5827K, paused 26ms+31ms
V/DownloadTask( 1249): finishedThreadNum--->0
V/DownloadTask( 1249): mThreadNum--->2
D/NetFirmwareService( 1249): DownloadConstants.TASK_STATUS_RUNNING
D/NetFirmwareService( 1249): MSG_UPDATE_PACKAGE_STATUS_CHANGE
V/NetFirmwareService( 1249): percentValue--->51
D/WriteDataInStorageThread( 1249): sendDataInStack --data length =524288 offset =46661632 file name = filePart0
D/WriteDataInStorageThread( 1249): write data  Pos=46661632   Length =524288  Thread =filePart0
D/HomePlayerLib( 1494): hostaddress count is 1
D/dalvikvm( 1494): GC_CONCURRENT freed 486K, 77% free 1387K/5827K, paused 1ms+1ms
V/DownloadTask( 1249): finishedThreadNum--->0
V/DownloadTask( 1249): mThreadNum--->2
D/NetFirmwareService( 1249): DownloadConstants.TASK_STATUS_RUNNING
D/NetFirmwareService( 1249): MSG_UPDATE_PACKAGE_STATUS_CHANGE
V/NetFirmwareService( 1249): percentValue--->52
D/dalvikvm( 1494): GC_CONCURRENT freed 459K, 76% free 1438K/5827K, paused 0ms+1ms
D/dalvikvm( 1877): GC_CONCURRENT freed 1947K, 18% free 31880K/38659K, paused 2ms+16ms
V/DownloadTask( 1249): finishedThreadNum--->0
V/DownloadTask( 1249): mThreadNum--->2
D/NetFirmwareService( 1249): DownloadConstants.TASK_STATUS_RUNNING
D/NetFirmwareService( 1249): MSG_UPDATE_PACKAGE_STATUS_CHANGE
V/NetFirmwareService( 1249): percentValue--->52
V/DownloadTask( 1249): finishedThreadNum--->0
V/DownloadTask( 1249): mThreadNum--->2
D/NetFirmwareService( 1249): DownloadConstants.TASK_STATUS_RUNNING
D/NetFirmwareService( 1249): MSG_UPDATE_PACKAGE_STATUS_CHANGE
V/NetFirmwareService( 1249): percentValue--->52
D/dalvikvm( 1494): GC_CONCURRENT freed 537K, 76% free 1413K/5827K, paused 25ms+1ms
V/DownloadTask( 1249): finishedThreadNum--->0
V/DownloadTask( 1249): mThreadNum--->2
D/NetFirmwareService( 1249): DownloadConstants.TASK_STATUS_RUNNING
D/NetFirmwareService( 1249): MSG_UPDATE_PACKAGE_STATUS_CHANGE
V/NetFirmwareService( 1249): percentValue--->52
D/SlideManagerRootImpl( 1223): slideTo = 3
D/dalvikvm( 1494): GC_CONCURRENT freed 492K, 76% free 1426K/5827K, paused 41ms+2ms
V/DownloadTask( 1249): finishedThreadNum--->0
V/DownloadTask( 1249): mThreadNum--->2
D/NetFirmwareService( 1249): DownloadConstants.TASK_STATUS_RUNNING
D/NetFirmwareService( 1249): MSG_UPDATE_PACKAGE_STATUS_CHANGE
V/NetFirmwareService( 1249): percentValue--->52
D/dalvikvm( 1494): GC_CONCURRENT freed 523K, 76% free 1406K/5827K, paused 1ms+2ms
D/dalvikvm( 1877): GC_CONCURRENT freed 1948K, 18% free 31878K/38659K, paused 3ms+10ms
D/dalvikvm( 1494): GC_CONCURRENT freed 493K, 77% free 1384K/5827K, paused 2ms+1ms
D/dalvikvm( 1494): GC_CONCURRENT freed 556K, 78% free 1339K/5827K, paused 2ms+2ms
V/DownloadTask( 1249): finishedThreadNum--->0
V/DownloadTask( 1249): mThreadNum--->2
D/NetFirmwareService( 1249): DownloadConstants.TASK_STATUS_RUNNING
D/NetFirmwareService( 1249): MSG_UPDATE_PACKAGE_STATUS_CHANGE
V/NetFirmwareService( 1249): percentValue--->52
V/DownloadTask( 1249): finishedThreadNum--->0
V/DownloadTask( 1249): mThreadNum--->2
D/NetFirmwareService( 1249): DownloadConstants.TASK_STATUS_RUNNING
D/NetFirmwareService( 1249): MSG_UPDATE_PACKAGE_STATUS_CHANGE
V/NetFirmwareService( 1249): percentValue--->52
D/WriteDataInStorageThread( 1249): sendDataInStack --data length =524288 offset =136864311 file name = filePart1
D/dalvikvm( 1494): GC_CONCURRENT freed 420K, 77% free 1357K/5827K, paused 22ms+21ms
D/WriteDataInStorageThread( 1249): write data  Pos=136864311   Length =524288  Thread =filePart1
V/DownloadTask( 1249): finishedThreadNum--->0
V/DownloadTask( 1249): mThreadNum--->2
D/NetFirmwareService( 1249): DownloadConstants.TASK_STATUS_RUNNING
D/NetFirmwareService( 1249): MSG_UPDATE_PACKAGE_STATUS_CHANGE
V/NetFirmwareService( 1249): percentValue--->52
V/DownloadTask( 1249): finishedThreadNum--->0
V/DownloadTask( 1249): mThreadNum--->2
D/NetFirmwareService( 1249): DownloadConstants.TASK_STATUS_RUNNING
D/NetFirmwareService( 1249): MSG_UPDATE_PACKAGE_STATUS_CHANGE
D/dalvikvm( 1494): GC_CONCURRENT freed 444K, 76% free 1409K/5827K, paused 1ms+24ms
V/NetFirmwareService( 1249): percentValue--->52
D/dalvikvm( 1877): GC_CONCURRENT freed 1975K, 18% free 31920K/38659K, paused 4ms+13ms
D/dalvikvm( 1494): GC_CONCURRENT freed 490K, 77% free 1392K/5827K, paused 1ms+3ms
V/DownloadTask( 1249): finishedThreadNum--->0
V/DownloadTask( 1249): mThreadNum--->2
D/NetFirmwareService( 1249): DownloadConstants.TASK_STATUS_RUNNING
D/NetFirmwareService( 1249): MSG_UPDATE_PACKAGE_STATUS_CHANGE
V/NetFirmwareService( 1249): percentValue--->52
V/DownloadTask( 1249): finishedThreadNum--->0
V/DownloadTask( 1249): mThreadNum--->2
D/NetFirmwareService( 1249): DownloadConstants.TASK_STATUS_RUNNING
D/NetFirmwareService( 1249): MSG_UPDATE_PACKAGE_STATUS_CHANGE
V/NetFirmwareService( 1249): percentValue--->52
D/dalvikvm( 1494): GC_CONCURRENT freed 475K, 77% free 1356K/5827K, paused 1ms+24ms
V/DownloadTask( 1249): finishedThreadNum--->0
V/DownloadTask( 1249): mThreadNum--->2
D/NetFirmwareService( 1249): DownloadConstants.TASK_STATUS_RUNNING
D/NetFirmwareService( 1249): MSG_UPDATE_PACKAGE_STATUS_CHANGE
V/NetFirmwareService( 1249): percentValue--->52
D/dalvikvm( 1494): GC_CONCURRENT freed 446K, 76% free 1421K/5827K, paused 0ms+1ms
D/WriteDataInStorageThread( 1249): sendDataInStack --data length =524288 offset =47185920 file name = filePart0
D/WriteDataInStorageThread( 1249): write data  Pos=47185920   Length =524288  Thread =filePart0
V/DownloadTask( 1249): finishedThreadNum--->0
V/DownloadTask( 1249): mThreadNum--->2
D/NetFirmwareService( 1249): DownloadConstants.TASK_STATUS_RUNNING
D/NetFirmwareService( 1249): MSG_UPDATE_PACKAGE_STATUS_CHANGE
V/NetFirmwareService( 1249): percentValue--->52
D/dalvikvm( 1494): GC_CONCURRENT freed 516K, 76% free 1406K/5827K, paused 1ms+1ms
D/dalvikvm( 1877): GC_CONCURRENT freed 2015K, 18% free 31901K/38659K, paused 4ms+12ms
V/DownloadTask( 1249): finishedThreadNum--->0
V/DownloadTask( 1249): mThreadNum--->2
D/NetFirmwareService( 1249): DownloadConstants.TASK_STATUS_RUNNING
D/NetFirmwareService( 1249): MSG_UPDATE_PACKAGE_STATUS_CHANGE
V/NetFirmwareService( 1249): percentValue--->52
D/dalvikvm( 1494): GC_CONCURRENT freed 487K, 78% free 1315K/5827K, paused 1ms+22ms
V/DownloadTask( 1249): finishedThreadNum--->0
V/DownloadTask( 1249): mThreadNum--->2
D/NetFirmwareService( 1249): DownloadConstants.TASK_STATUS_RUNNING
D/NetFirmwareService( 1249): MSG_UPDATE_PACKAGE_STATUS_CHANGE
V/NetFirmwareService( 1249): percentValue--->52
V/DownloadTask( 1249): finishedThreadNum--->0
V/DownloadTask( 1249): mThreadNum--->2
D/NetFirmwareService( 1249): DownloadConstants.TASK_STATUS_RUNNING
D/NetFirmwareService( 1249): MSG_UPDATE_PACKAGE_STATUS_CHANGE
V/NetFirmwareService( 1249): percentValue--->52
D/SlideManagerRootImpl( 1223): slideTo = 4
V/DownloadTask( 1249): finishedThreadNum--->0
V/DownloadTask( 1249): mThreadNum--->2
D/NetFirmwareService( 1249): DownloadConstants.TASK_STATUS_RUNNING
D/NetFirmwareService( 1249): MSG_UPDATE_PACKAGE_STATUS_CHANGE
V/NetFirmwareService( 1249): percentValue--->52
D/dalvikvm( 1494): GC_CONCURRENT freed 405K, 76% free 1405K/5827K, paused 0ms+1ms
D/WriteDataInStorageThread( 1249): sendDataInStack --data length =524288 offset =137388599 file name = filePart1
D/WriteDataInStorageThread( 1249): write data  Pos=137388599   Length =524288  Thread =filePart1
D/dalvikvm( 1877): GC_CONCURRENT freed 1981K, 18% free 31879K/38659K, paused 4ms+13ms
V/DownloadTask( 1249): finishedThreadNum--->0
V/DownloadTask( 1249): mThreadNum--->2
D/NetFirmwareService( 1249): DownloadConstants.TASK_STATUS_RUNNING
D/NetFirmwareService( 1249): MSG_UPDATE_PACKAGE_STATUS_CHANGE
V/NetFirmwareService( 1249): percentValue--->52
D/dalvikvm( 1494): GC_CONCURRENT freed 490K, 76% free 1416K/5827K, paused 29ms+48ms
V/DownloadTask( 1249): finishedThreadNum--->0
V/DownloadTask( 1249): mThreadNum--->2
D/NetFirmwareService( 1249): DownloadConstants.TASK_STATUS_RUNNING
D/NetFirmwareService( 1249): MSG_UPDATE_PACKAGE_STATUS_CHANGE
V/NetFirmwareService( 1249): percentValue--->52
D/dalvikvm( 1494): GC_CONCURRENT freed 503K, 78% free 1328K/5827K, paused 1ms+2ms
V/DownloadTask( 1249): finishedThreadNum--->0
V/DownloadTask( 1249): mThreadNum--->2
D/NetFirmwareService( 1249): DownloadConstants.TASK_STATUS_RUNNING
D/NetFirmwareService( 1249): MSG_UPDATE_PACKAGE_STATUS_CHANGE
V/NetFirmwareService( 1249): percentValue--->52
D/dalvikvm( 1494): GC_CONCURRENT freed 415K, 76% free 1421K/5827K, paused 2ms+2ms
V/DownloadTask( 1249): finishedThreadNum--->0
V/DownloadTask( 1249): mThreadNum--->2
D/NetFirmwareService( 1249): DownloadConstants.TASK_STATUS_RUNNING
D/NetFirmwareService( 1249): MSG_UPDATE_PACKAGE_STATUS_CHANGE
V/NetFirmwareService( 1249): percentValue--->52
D/dalvikvm( 1494): GC_CONCURRENT freed 517K, 76% free 1405K/5827K, paused 1ms+5ms
D/dalvikvm( 1494): GC_CONCURRENT freed 489K, 78% free 1315K/5827K, paused 11ms+23ms
D/dalvikvm( 1877): GC_CONCURRENT freed 1958K, 18% free 31898K/38659K, paused 2ms+11ms
V/DownloadTask( 1249): finishedThreadNum--->0
V/DownloadTask( 1249): mThreadNum--->2
D/NetFirmwareService( 1249): DownloadConstants.TASK_STATUS_RUNNING
D/NetFirmwareService( 1249): MSG_UPDATE_PACKAGE_STATUS_CHANGE
V/NetFirmwareService( 1249): percentValue--->52
D/WriteDataInStorageThread( 1249): sendDataInStack --data length =524288 offset =47710208 file name = filePart0
D/WriteDataInStorageThread( 1249): write data  Pos=47710208   Length =524288  Thread =filePart0
V/DownloadTask( 1249): finishedThreadNum--->0
V/DownloadTask( 1249): mThreadNum--->2
D/NetFirmwareService( 1249): DownloadConstants.TASK_STATUS_RUNNING
D/NetFirmwareService( 1249): MSG_UPDATE_PACKAGE_STATUS_CHANGE
V/NetFirmwareService( 1249): percentValue--->52
D/dalvikvm( 1494): GC_CONCURRENT freed 404K, 77% free 1367K/5827K, paused 5ms+1ms
D/dalvikvm( 1249): GC_CONCURRENT freed 1959K, 47% free 6741K/12483K, paused 3ms+4ms
V/DownloadTask( 1249): finishedThreadNum--->0
V/DownloadTask( 1249): mThreadNum--->2
D/NetFirmwareService( 1249): DownloadConstants.TASK_STATUS_RUNNING
D/NetFirmwareService( 1249): MSG_UPDATE_PACKAGE_STATUS_CHANGE
V/NetFirmwareService( 1249): percentValue--->53
D/dalvikvm( 1494): GC_CONCURRENT freed 448K, 76% free 1434K/5827K, paused 40ms+2ms
V/DownloadTask( 1249): finishedThreadNum--->0
V/DownloadTask( 1249): mThreadNum--->2
D/NetFirmwareService( 1249): DownloadConstants.TASK_STATUS_RUNNING
D/NetFirmwareService( 1249): MSG_UPDATE_PACKAGE_STATUS_CHANGE
V/NetFirmwareService( 1249): percentValue--->53
D/dalvikvm( 1494): GC_CONCURRENT freed 515K, 78% free 1311K/5827K, paused 1ms+45ms
D/dalvikvm( 1494): GC_CONCURRENT freed 395K, 76% free 1422K/5827K, paused 1ms+2ms
V/DownloadTask( 1249): finishedThreadNum--->0
V/DownloadTask( 1249): mThreadNum--->2
D/NetFirmwareService( 1249): DownloadConstants.TASK_STATUS_RUNNING
D/NetFirmwareService( 1249): MSG_UPDATE_PACKAGE_STATUS_CHANGE
V/NetFirmwareService( 1249): percentValue--->53
D/HomePlayerLib( 1494): hostaddress count is 1
D/dalvikvm( 1877): GC_CONCURRENT freed 1967K, 18% free 31886K/38659K, paused 2ms+14ms
D/dalvikvm( 1494): GC_CONCURRENT freed 504K, 76% free 1406K/5827K, paused 1ms+2ms
V/DownloadTask( 1249): finishedThreadNum--->0
V/DownloadTask( 1249): mThreadNum--->2
D/NetFirmwareService( 1249): DownloadConstants.TASK_STATUS_RUNNING
D/NetFirmwareService( 1249): MSG_UPDATE_PACKAGE_STATUS_CHANGE
V/NetFirmwareService( 1249): percentValue--->53
D/dalvikvm( 1494): GC_CONCURRENT freed 501K, 76% free 1414K/5827K, paused 1ms+38ms
D/WriteDataInStorageThread( 1249): sendDataInStack --data length =524288 offset =137912887 file name = filePart1
D/WriteDataInStorageThread( 1249): write data  Pos=137912887   Length =524288  Thread =filePart1
V/DownloadTask( 1249): finishedThreadNum--->0
V/DownloadTask( 1249): mThreadNum--->2
D/NetFirmwareService( 1249): DownloadConstants.TASK_STATUS_RUNNING
D/NetFirmwareService( 1249): MSG_UPDATE_PACKAGE_STATUS_CHANGE
V/NetFirmwareService( 1249): percentValue--->53
D/SlideManagerRootImpl( 1223): slideTo = 0
D/dalvikvm( 1494): GC_CONCURRENT freed 520K, 76% free 1405K/5827K, paused 1ms+2ms
V/DownloadTask( 1249): finishedThreadNum--->0
V/DownloadTask( 1249): mThreadNum--->2
D/NetFirmwareService( 1249): DownloadConstants.TASK_STATUS_RUNNING
D/NetFirmwareService( 1249): MSG_UPDATE_PACKAGE_STATUS_CHANGE
V/NetFirmwareService( 1249): percentValue--->53
D/dalvikvm( 1494): GC_CONCURRENT freed 553K, 77% free 1364K/5827K, paused 1ms+28ms
V/DownloadTask( 1249): finishedThreadNum--->0
V/DownloadTask( 1249): mThreadNum--->2
D/NetFirmwareService( 1249): DownloadConstants.TASK_STATUS_RUNNING
D/NetFirmwareService( 1249): MSG_UPDATE_PACKAGE_STATUS_CHANGE
V/NetFirmwareService( 1249): percentValue--->53
D/dalvikvm( 1494): GC_CONCURRENT freed 584K, 78% free 1292K/5827K, paused 1ms+1ms
D/dalvikvm( 1877): GC_CONCURRENT freed 1965K, 18% free 31890K/38659K, paused 2ms+13ms
D/dalvikvm( 1494): GC_CONCURRENT freed 389K, 77% free 1390K/5827K, paused 21ms+2ms
V/DownloadTask( 1249): finishedThreadNum--->0
V/DownloadTask( 1249): mThreadNum--->2
D/NetFirmwareService( 1249): DownloadConstants.TASK_STATUS_RUNNING
D/NetFirmwareService( 1249): MSG_UPDATE_PACKAGE_STATUS_CHANGE
V/NetFirmwareService( 1249): percentValue--->53
D/dalvikvm( 1494): GC_CONCURRENT freed 465K, 76% free 1437K/5827K, paused 40ms+21ms
V/DownloadTask( 1249): finishedThreadNum--->0
V/DownloadTask( 1249): mThreadNum--->2
D/NetFirmwareService( 1249): DownloadConstants.TASK_STATUS_RUNNING
D/NetFirmwareService( 1249): MSG_UPDATE_PACKAGE_STATUS_CHANGE
V/NetFirmwareService( 1249): percentValue--->53
D/dalvikvm( 1494): GC_CONCURRENT freed 533K, 76% free 1410K/5827K, paused 3ms+24ms
D/WriteDataInStorageThread( 1249): sendDataInStack --data length =524288 offset =48234496 file name = filePart0
D/WriteDataInStorageThread( 1249): write data  Pos=48234496   Length =524288  Thread =filePart0
V/DownloadTask( 1249): finishedThreadNum--->0
V/DownloadTask( 1249): mThreadNum--->2
D/NetFirmwareService( 1249): DownloadConstants.TASK_STATUS_RUNNING
D/NetFirmwareService( 1249): MSG_UPDATE_PACKAGE_STATUS_CHANGE
V/NetFirmwareService( 1249): percentValue--->53
V/DownloadTask( 1249): finishedThreadNum--->0
V/DownloadTask( 1249): mThreadNum--->2
D/NetFirmwareService( 1249): DownloadConstants.TASK_STATUS_RUNNING
D/NetFirmwareService( 1249): MSG_UPDATE_PACKAGE_STATUS_CHANGE
V/NetFirmwareService( 1249): percentValue--->53
D/dalvikvm( 1877): GC_CONCURRENT freed 1984K, 18% free 31955K/38659K, paused 3ms+9ms
D/dalvikvm( 1494): GC_CONCURRENT freed 513K, 78% free 1295K/5827K, paused 24ms+5ms
V/DownloadTask( 1249): finishedThreadNum--->0
V/DownloadTask( 1249): mThreadNum--->2
D/NetFirmwareService( 1249): DownloadConstants.TASK_STATUS_RUNNING
D/NetFirmwareService( 1249): MSG_UPDATE_PACKAGE_STATUS_CHANGE
V/NetFirmwareService( 1249): percentValue--->53
V/DownloadTask( 1249): finishedThreadNum--->0
V/DownloadTask( 1249): mThreadNum--->2
D/NetFirmwareService( 1249): DownloadConstants.TASK_STATUS_RUNNING
D/NetFirmwareService( 1249): MSG_UPDATE_PACKAGE_STATUS_CHANGE
V/NetFirmwareService( 1249): percentValue--->53
V/DownloadTask( 1249): finishedThreadNum--->0
V/DownloadTask( 1249): mThreadNum--->2
D/NetFirmwareService( 1249): DownloadConstants.TASK_STATUS_RUNNING
D/NetFirmwareService( 1249): MSG_UPDATE_PACKAGE_STATUS_CHANGE
V/NetFirmwareService( 1249): percentValue--->53
D/dalvikvm( 1494): GC_CONCURRENT freed 384K, 76% free 1416K/5827K, paused 1ms+2ms
D/dalvikvm( 1877): GC_CONCURRENT freed 2024K, 18% free 31869K/38659K, paused 2ms+11ms
V/DownloadTask( 1249): finishedThreadNum--->0
V/DownloadTask( 1249): mThreadNum--->2
D/NetFirmwareService( 1249): DownloadConstants.TASK_STATUS_RUNNING
D/NetFirmwareService( 1249): MSG_UPDATE_PACKAGE_STATUS_CHANGE
V/NetFirmwareService( 1249): percentValue--->53
D/dalvikvm( 1494): GC_CONCURRENT freed 515K, 77% free 1366K/5827K, paused 6ms+1ms
V/DownloadTask( 1249): finishedThreadNum--->0
V/DownloadTask( 1249): mThreadNum--->2
D/NetFirmwareService( 1249): DownloadConstants.TASK_STATUS_RUNNING
D/NetFirmwareService( 1249): MSG_UPDATE_PACKAGE_STATUS_CHANGE
V/NetFirmwareService( 1249): percentValue--->53
D/WriteDataInStorageThread( 1249): sendDataInStack --data length =524288 offset =138437175 file name = filePart1
V/DownloadTask( 1249): finishedThreadNum--->0
V/DownloadTask( 1249): mThreadNum--->2
D/NetFirmwareService( 1249): DownloadConstants.TASK_STATUS_RUNNING
D/NetFirmwareService( 1249): MSG_UPDATE_PACKAGE_STATUS_CHANGE
V/NetFirmwareService( 1249): percentValue--->53
D/SlideManagerRootImpl( 1223): slideTo = 1
D/WriteDataInStorageThread( 1249): write data  Pos=138437175   Length =524288  Thread =filePart1
V/DownloadTask( 1249): finishedThreadNum--->0
V/DownloadTask( 1249): mThreadNum--->2
D/NetFirmwareService( 1249): DownloadConstants.TASK_STATUS_RUNNING
D/NetFirmwareService( 1249): MSG_UPDATE_PACKAGE_STATUS_CHANGE
V/NetFirmwareService( 1249): percentValue--->54
D/dalvikvm( 1494): GC_CONCURRENT freed 501K, 78% free 1292K/5827K, paused 192ms+1ms
D/dalvikvm( 1877): GC_CONCURRENT freed 1949K, 18% free 31848K/38659K, paused 2ms+11ms
D/WriteDataInStorageThread( 1249): sendDataInStack --data length =524288 offset =48758784 file name = filePart0
V/DownloadTask( 1249): finishedThreadNum--->0
V/DownloadTask( 1249): mThreadNum--->2
D/NetFirmwareService( 1249): DownloadConstants.TASK_STATUS_RUNNING
D/NetFirmwareService( 1249): MSG_UPDATE_PACKAGE_STATUS_CHANGE
V/NetFirmwareService( 1249): percentValue--->54
D/dalvikvm( 1494): GC_CONCURRENT freed 379K, 77% free 1364K/5827K, paused 29ms+14ms
D/WriteDataInStorageThread( 1249): write data  Pos=48758784   Length =524288  Thread =filePart0
V/DownloadTask( 1249): finishedThreadNum--->0
V/DownloadTask( 1249): mThreadNum--->2
D/NetFirmwareService( 1249): DownloadConstants.TASK_STATUS_RUNNING
D/NetFirmwareService( 1249): MSG_UPDATE_PACKAGE_STATUS_CHANGE
V/NetFirmwareService( 1249): percentValue--->54
D/dalvikvm( 1494): GC_CONCURRENT freed 449K, 77% free 1365K/5827K, paused 17ms+22ms
V/DownloadTask( 1249): finishedThreadNum--->0
V/DownloadTask( 1249): mThreadNum--->2
D/NetFirmwareService( 1249): DownloadConstants.TASK_STATUS_RUNNING
D/NetFirmwareService( 1249): MSG_UPDATE_PACKAGE_STATUS_CHANGE
V/NetFirmwareService( 1249): percentValue--->54
D/dalvikvm( 1494): GC_CONCURRENT freed 462K, 76% free 1410K/5827K, paused 1ms+1ms
V/DownloadTask( 1249): finishedThreadNum--->0
V/DownloadTask( 1249): mThreadNum--->2
D/NetFirmwareService( 1249): DownloadConstants.TASK_STATUS_RUNNING
D/NetFirmwareService( 1249): MSG_UPDATE_PACKAGE_STATUS_CHANGE
V/NetFirmwareService( 1249): percentValue--->54
D/CheckNetWork( 1719): isOk true
D/CheckNetWork( 1719): ActInfoNetworkInfo: type: WIFI[], state: CONNECTED/CONNECTED, reason: (unspecified), extra: (none), roaming: false, failover: false, isAvailable: true
D/CheckNetWork( 1719): infoNetworkInfo: type: WIFI[], state: CONNECTED/CONNECTED, reason: (unspecified), extra: (none), roaming: false, failover: false, isAvailable: true
D/dalvikvm( 1877): GC_CONCURRENT freed 1954K, 18% free 31909K/38659K, paused 3ms+12ms
D/dalvikvm( 1494): GC_CONCURRENT freed 496K, 76% free 1407K/5827K, paused 26ms+1ms
V/DownloadTask( 1249): finishedThreadNum--->0
V/DownloadTask( 1249): mThreadNum--->2
D/NetFirmwareService( 1249): DownloadConstants.TASK_STATUS_RUNNING
D/NetFirmwareService( 1249): MSG_UPDATE_PACKAGE_STATUS_CHANGE
V/NetFirmwareService( 1249): percentValue--->54
V/DownloadTask( 1249): finishedThreadNum--->0
V/DownloadTask( 1249): mThreadNum--->2
D/NetFirmwareService( 1249): DownloadConstants.TASK_STATUS_RUNNING
D/NetFirmwareService( 1249): MSG_UPDATE_PACKAGE_STATUS_CHANGE
V/NetFirmwareService( 1249): percentValue--->54
D/dalvikvm( 1494): GC_CONCURRENT freed 491K, 76% free 1434K/5827K, paused 6ms+1ms
V/DownloadTask( 1249): finishedThreadNum--->0
V/DownloadTask( 1249): mThreadNum--->2
D/NetFirmwareService( 1249): DownloadConstants.TASK_STATUS_RUNNING
D/NetFirmwareService( 1249): MSG_UPDATE_PACKAGE_STATUS_CHANGE
V/NetFirmwareService( 1249): percentValue--->54
D/dalvikvm( 1494): GC_CONCURRENT freed 515K, 78% free 1315K/5827K, paused 1ms+28ms
V/DownloadTask( 1249): finishedThreadNum--->0
V/DownloadTask( 1249): mThreadNum--->2
D/NetFirmwareService( 1249): DownloadConstants.TASK_STATUS_RUNNING
D/NetFirmwareService( 1249): MSG_UPDATE_PACKAGE_STATUS_CHANGE
V/NetFirmwareService( 1249): percentValue--->54
D/dalvikvm( 1877): GC_CONCURRENT freed 2002K, 18% free 31870K/38659K, paused 3ms+12ms
D/dalvikvm( 1494): GC_CONCURRENT freed 406K, 78% free 1297K/5827K, paused 1ms+1ms
D/WriteDataInStorageThread( 1249): sendDataInStack --data length =524288 offset =138961463 file name = filePart1
V/DownloadTask( 1249): finishedThreadNum--->0
V/DownloadTask( 1249): mThreadNum--->2
D/NetFirmwareService( 1249): DownloadConstants.TASK_STATUS_RUNNING
D/NetFirmwareService( 1249): MSG_UPDATE_PACKAGE_STATUS_CHANGE
