W/System.err( 1262):    at libcore.io.IoBridge.connect(IoBridge.java:112)
W/System.err( 1262):    at java.net.PlainSocketImpl.connect(PlainSocketImpl.java:192)
W/System.err( 1262):    at java.net.PlainSocketImpl.connect(PlainSocketImpl.java:459)
W/System.err( 1262):    at java.net.Socket.connect(Socket.java:842)
W/System.err( 1262):    at org.apache.http.conn.scheme.PlainSocketFactory.connectSocket(PlainSocketFactory.java:119)
W/System.err( 1262):    at org.apache.http.impl.conn.DefaultClientConnectionOperator.openConnection(DefaultClientConnectionOperator.java:144)
W/System.err( 1262):    ... 10 more
W/System.err( 1262): Caused by: libcore.io.ErrnoException: isConnected failed: ECONNREFUSED (Connection refused)
W/System.err( 1262):    at libcore.io.IoBridge.isConnected(IoBridge.java:201)
W/System.err( 1262):    ... 17 more
I/MainActivity( 1262): Can't Connect to PortalMS-Server!  Address: http://cibn-iepg.longvisionmedia.com:8881
W/System.err( 1262): org.apache.http.conn.HttpHostConnectException: Connection to http://cibn-iepg.longvisionmedia.com:8881 refused
W/System.err( 1262):    at org.apache.http.impl.conn.DefaultClientConnectionOperator.openConnection(DefaultClientConnectionOperator.java:183)
W/System.err( 1262):    at org.apache.http.impl.conn.AbstractPoolEntry.open(AbstractPoolEntry.java:164)
W/System.err( 1262):    at org.apache.http.impl.conn.AbstractPooledConnAdapter.open(AbstractPooledConnAdapter.java:119)
W/System.err( 1262):    at org.apache.http.impl.client.DefaultRequestDirector.execute(DefaultRequestDirector.java:360)
W/System.err( 1262):    at org.apache.http.impl.client.AbstractHttpClient.execute(AbstractHttpClient.java:555)
W/System.err( 1262):    at org.apache.http.impl.client.AbstractHttpClient.execute(AbstractHttpClient.java:487)
W/System.err( 1262):    at org.apache.http.impl.client.AbstractHttpClient.execute(AbstractHttpClient.java:465)
W/System.err( 1262):    at com.coship.cibn.MainActivity.isConnectToServerByHttp(MainActivity.java:991)
W/System.err( 1262):    at com.coship.cibn.MainActivity.access$2000(MainActivity.java:137)
W/System.err( 1262):    at com.coship.cibn.MainActivity$4.run(MainActivity.java:956)
W/System.err( 1262):    at java.lang.Thread.run(Thread.java:856)
W/System.err( 1262): Caused by: java.net.ConnectException: failed to connect to /172.21.11.65 (port 8881) after 10000ms: isConnected failed: ECONNREFUSED (Connection refused)
W/System.err( 1262):    at libcore.io.IoBridge.isConnected(IoBridge.java:214)
W/System.err( 1262):    at libcore.io.IoBridge.connectErrno(IoBridge.java:152)
W/System.err( 1262):    at libcore.io.IoBridge.connect(IoBridge.java:112)
W/System.err( 1262):    at java.net.PlainSocketImpl.connect(PlainSocketImpl.java:192)
W/System.err( 1262):    at java.net.PlainSocketImpl.connect(PlainSocketImpl.java:459)
W/System.err( 1262):    at java.net.Socket.connect(Socket.java:842)
W/System.err( 1262):    at org.apache.http.conn.scheme.PlainSocketFactory.connectSocket(PlainSocketFactory.java:119)
W/System.err( 1262):    at org.apache.http.impl.conn.DefaultClientConnectionOperator.openConnection(DefaultClientConnectionOperator.java:144)
W/System.err( 1262):    ... 10 more
W/System.err( 1262): Caused by: libcore.io.ErrnoException: isConnected failed: ECONNREFUSED (Connection refused)
W/System.err( 1262):    at libcore.io.IoBridge.isConnected(IoBridge.java:201)
W/System.err( 1262):    ... 17 more
I/MainActivity( 1262): Can't Connect to PortalMS-Server!  Address: http://cibn-iepg.longvisionmedia.com:8881
D/dalvikvm( 1654): GC_CONCURRENT freed 402K, 72% free 1837K/6403K, paused 1ms+1ms
D/dalvikvm( 1654): GC_CONCURRENT freed 514K, 72% free 1801K/6403K, paused 1ms+2ms
D/dalvikvm( 1654): GC_CONCURRENT freed 369K, 72% free 1824K/6403K, paused 1ms+1ms
D/dalvikvm( 1654): GC_CONCURRENT freed 393K, 72% free 1824K/6403K, paused 1ms+1ms
D/dalvikvm( 1654): GC_CONCURRENT freed 393K, 72% free 1824K/6403K, paused 1ms+2ms
D/dalvikvm( 1654): GC_CONCURRENT freed 393K, 72% free 1824K/6403K, paused 1ms+1ms
W/System.err( 1262): org.apache.http.conn.HttpHostConnectException: Connection to http://cibn-iepg.longvisionmedia.com:8881 refused
W/System.err( 1262):    at org.apache.http.impl.conn.DefaultClientConnectionOperator.openConnection(DefaultClientConnectionOperator.java:183)
W/System.err( 1262):    at org.apache.http.impl.conn.AbstractPoolEntry.open(AbstractPoolEntry.java:164)
W/System.err( 1262):    at org.apache.http.impl.conn.AbstractPooledConnAdapter.open(AbstractPooledConnAdapter.java:119)
W/System.err( 1262):    at org.apache.http.impl.client.DefaultRequestDirector.execute(DefaultRequestDirector.java:360)
W/System.err( 1262):    at org.apache.http.impl.client.AbstractHttpClient.execute(AbstractHttpClient.java:555)
W/System.err( 1262):    at org.apache.http.impl.client.AbstractHttpClient.execute(AbstractHttpClient.java:487)
W/System.err( 1262):    at org.apache.http.impl.client.AbstractHttpClient.execute(AbstractHttpClient.java:465)
W/System.err( 1262):    at com.coship.cibn.MainActivity.isConnectToServerByHttp(MainActivity.java:991)
W/System.err( 1262):    at com.coship.cibn.MainActivity.access$2000(MainActivity.java:137)
W/System.err( 1262):    at com.coship.cibn.MainActivity$4.run(MainActivity.java:956)
W/System.err( 1262):    at java.lang.Thread.run(Thread.java:856)
W/System.err( 1262): Caused by: java.net.ConnectException: failed to connect to /172.21.11.65 (port 8881) after 10000ms: isConnected failed: ECONNREFUSED (Connection refused)
W/System.err( 1262):    at libcore.io.IoBridge.isConnected(IoBridge.java:214)
W/System.err( 1262):    at libcore.io.IoBridge.connectErrno(IoBridge.java:152)
W/System.err( 1262):    at libcore.io.IoBridge.connect(IoBridge.java:112)
W/System.err( 1262):    at java.net.PlainSocketImpl.connect(PlainSocketImpl.java:192)
W/System.err( 1262):    at java.net.PlainSocketImpl.connect(PlainSocketImpl.java:459)
W/System.err( 1262):    at java.net.Socket.connect(Socket.java:842)
W/System.err( 1262):    at org.apache.http.conn.scheme.PlainSocketFactory.connectSocket(PlainSocketFactory.java:119)
W/System.err( 1262):    at org.apache.http.impl.conn.DefaultClientConnectionOperator.openConnection(DefaultClientConnectionOperator.java:144)
W/System.err( 1262):    ... 10 more
W/System.err( 1262): Caused by: libcore.io.ErrnoException: isConnected failed: ECONNREFUSED (Connection refused)
W/System.err( 1262):    at libcore.io.IoBridge.isConnected(IoBridge.java:201)
W/System.err( 1262):    ... 17 more
I/MainActivity( 1262): Can't Connect to PortalMS-Server!  Address: http://cibn-iepg.longvisionmedia.com:8881
D/dalvikvm( 1654): GC_CONCURRENT freed 410K, 72% free 1809K/6403K, paused 1ms+1ms
D/HomePlayerLib( 1654): hostaddress count is 1
D/dalvikvm( 1654): GC_CONCURRENT freed 388K, 72% free 1821K/6403K, paused 2ms+1ms
D/dalvikvm( 1654): GC_CONCURRENT freed 403K, 70% free 1923K/6403K, paused 1ms+2ms
D/dalvikvm( 1654): GC_CONCURRENT freed 499K, 72% free 1832K/6403K, paused 2ms+2ms
D/dalvikvm( 1654): GC_CONCURRENT freed 400K, 72% free 1816K/6403K, paused 1ms+1ms
D/dalvikvm( 1654): GC_CONCURRENT freed 394K, 70% free 1928K/6403K, paused 1ms+1ms
D/dalvikvm( 1654): GC_CONCURRENT freed 486K, 70% free 1953K/6403K, paused 1ms+1ms
D/dalvikvm( 1654): GC_CONCURRENT freed 533K, 70% free 1933K/6403K, paused 1ms+2ms
D/dalvikvm( 1654): GC_CONCURRENT freed 509K, 70% free 1930K/6403K, paused 1ms+1ms
D/dalvikvm( 1654): GC_CONCURRENT freed 500K, 72% free 1831K/6403K, paused 1ms+1ms
W/System.err( 1262): org.apache.http.conn.HttpHostConnectException: Connection to http://cibn-iepg.longvisionmedia.com:8881 refused
W/System.err( 1262):    at org.apache.http.impl.conn.DefaultClientConnectionOperator.openConnection(DefaultClientConnectionOperator.java:183)
W/System.err( 1262):    at org.apache.http.impl.conn.AbstractPoolEntry.open(AbstractPoolEntry.java:164)
W/System.err( 1262):    at org.apache.http.impl.conn.AbstractPooledConnAdapter.open(AbstractPooledConnAdapter.java:119)
W/System.err( 1262):    at org.apache.http.impl.client.DefaultRequestDirector.execute(DefaultRequestDirector.java:360)
W/System.err( 1262):    at org.apache.http.impl.client.AbstractHttpClient.execute(AbstractHttpClient.java:555)
W/System.err( 1262):    at org.apache.http.impl.client.AbstractHttpClient.execute(AbstractHttpClient.java:487)
W/System.err( 1262):    at org.apache.http.impl.client.AbstractHttpClient.execute(AbstractHttpClient.java:465)
W/System.err( 1262):    at com.coship.cibn.MainActivity.isConnectToServerByHttp(MainActivity.java:991)
W/System.err( 1262):    at com.coship.cibn.MainActivity.access$2000(MainActivity.java:137)
W/System.err( 1262):    at com.coship.cibn.MainActivity$4.run(MainActivity.java:956)
W/System.err( 1262):    at java.lang.Thread.run(Thread.java:856)
W/System.err( 1262): Caused by: java.net.ConnectException: failed to connect to /172.21.11.65 (port 8881) after 10000ms: isConnected failed: ECONNREFUSED (Connection refused)
W/System.err( 1262):    at libcore.io.IoBridge.isConnected(IoBridge.java:214)
W/System.err( 1262):    at libcore.io.IoBridge.connectErrno(IoBridge.java:152)
W/System.err( 1262):    at libcore.io.IoBridge.connect(IoBridge.java:112)
W/System.err( 1262):    at java.net.PlainSocketImpl.connect(PlainSocketImpl.java:192)
W/System.err( 1262):    at java.net.PlainSocketImpl.connect(PlainSocketImpl.java:459)
W/System.err( 1262):    at java.net.Socket.connect(Socket.java:842)
W/System.err( 1262):    at org.apache.http.conn.scheme.PlainSocketFactory.connectSocket(PlainSocketFactory.java:119)
W/System.err( 1262):    at org.apache.http.impl.conn.DefaultClientConnectionOperator.openConnection(DefaultClientConnectionOperator.java:144)
W/System.err( 1262):    ... 10 more
W/System.err( 1262): Caused by: libcore.io.ErrnoException: isConnected failed: ECONNREFUSED (Connection refused)
W/System.err( 1262):    at libcore.io.IoBridge.isConnected(IoBridge.java:201)
W/System.err( 1262):    ... 17 more
I/MainActivity( 1262): Can't Connect to PortalMS-Server!  Address: http://cibn-iepg.longvisionmedia.com:8881
W/System.err( 1262): org.apache.http.conn.HttpHostConnectException: Connection to http://cibn-iepg.longvisionmedia.com:8881 refused
W/System.err( 1262):    at org.apache.http.impl.conn.DefaultClientConnectionOperator.openConnection(DefaultClientConnectionOperator.java:183)
W/System.err( 1262):    at org.apache.http.impl.conn.AbstractPoolEntry.open(AbstractPoolEntry.java:164)
W/System.err( 1262):    at org.apache.http.impl.conn.AbstractPooledConnAdapter.open(AbstractPooledConnAdapter.java:119)
W/System.err( 1262):    at org.apache.http.impl.client.DefaultRequestDirector.execute(DefaultRequestDirector.java:360)
W/System.err( 1262):    at org.apache.http.impl.client.AbstractHttpClient.execute(AbstractHttpClient.java:555)
W/System.err( 1262):    at org.apache.http.impl.client.AbstractHttpClient.execute(AbstractHttpClient.java:487)
W/System.err( 1262):    at org.apache.http.impl.client.AbstractHttpClient.execute(AbstractHttpClient.java:465)
W/System.err( 1262):    at com.coship.cibn.MainActivity.isConnectToServerByHttp(MainActivity.java:991)
W/System.err( 1262):    at com.coship.cibn.MainActivity.access$2000(MainActivity.java:137)
W/System.err( 1262):    at com.coship.cibn.MainActivity$4.run(MainActivity.java:956)
W/System.err( 1262):    at java.lang.Thread.run(Thread.java:856)
W/System.err( 1262): Caused by: java.net.ConnectException: failed to connect to /172.21.11.65 (port 8881) after 10000ms: isConnected failed: ECONNREFUSED (Connection refused)
W/System.err( 1262):    at libcore.io.IoBridge.isConnected(IoBridge.java:214)
W/System.err( 1262):    at libcore.io.IoBridge.connectErrno(IoBridge.java:152)
W/System.err( 1262):    at libcore.io.IoBridge.connect(IoBridge.java:112)
W/System.err( 1262):    at java.net.PlainSocketImpl.connect(PlainSocketImpl.java:192)
W/System.err( 1262):    at java.net.PlainSocketImpl.connect(PlainSocketImpl.java:459)
W/System.err( 1262):    at java.net.Socket.connect(Socket.java:842)
W/System.err( 1262):    at org.apache.http.conn.scheme.PlainSocketFactory.connectSocket(PlainSocketFactory.java:119)
W/System.err( 1262):    at org.apache.http.impl.conn.DefaultClientConnectionOperator.openConnection(DefaultClientConnectionOperator.java:144)
W/System.err( 1262):    ... 10 more
W/System.err( 1262): Caused by: libcore.io.ErrnoException: isConnected failed: ECONNREFUSED (Connection refused)
W/System.err( 1262):    at libcore.io.IoBridge.isConnected(IoBridge.java:201)
W/System.err( 1262):    ... 17 more
I/MainActivity( 1262): Can't Connect to PortalMS-Server!  Address: http://cibn-iepg.longvisionmedia.com:8881
D/dalvikvm( 1654): GC_CONCURRENT freed 404K, 70% free 1937K/6403K, paused 1ms+2ms
D/dalvikvm( 1654): GC_CONCURRENT freed 517K, 70% free 1926K/6403K, paused 1ms+2ms
D/dalvikvm( 1654): GC_CONCURRENT freed 488K, 72% free 1830K/6403K, paused 2ms+1ms
D/dalvikvm( 1654): GC_CONCURRENT freed 405K, 72% free 1821K/6403K, paused 1ms+2ms
D/dalvikvm( 1654): GC_CONCURRENT freed 406K, 72% free 1806K/6403K, paused 1ms+1ms
D/dalvikvm( 1654): GC_CONCURRENT freed 392K, 72% free 1823K/6403K, paused 2ms+2ms
D/dalvikvm( 1654): GC_CONCURRENT freed 393K, 72% free 1824K/6403K, paused 1ms+1ms
D/dalvikvm( 1654): GC_CONCURRENT freed 393K, 72% free 1824K/6403K, paused 2ms+1ms
D/dalvikvm( 1654): GC_CONCURRENT freed 391K, 72% free 1824K/6403K, paused 1ms+1ms
D/dalvikvm( 1654): GC_CONCURRENT freed 392K, 72% free 1824K/6403K, paused 2ms+2ms
D/dalvikvm( 1654): GC_CONCURRENT freed 393K, 72% free 1824K/6403K, paused 1ms+1ms
D/dalvikvm( 1654): GC_CONCURRENT freed 401K, 72% free 1821K/6403K, paused 1ms+2ms
D/dalvikvm( 1654): GC_CONCURRENT freed 395K, 72% free 1835K/6403K, paused 1ms+1ms
D/dalvikvm( 1654): GC_CONCURRENT freed 404K, 72% free 1823K/6403K, paused 1ms+1ms
D/dalvikvm( 1654): GC_CONCURRENT freed 393K, 72% free 1824K/6403K, paused 2ms+2ms
D/dalvikvm( 1654): GC_CONCURRENT freed 393K, 72% free 1824K/6403K, paused 1ms+2ms
W/System.err( 1262): org.apache.http.conn.HttpHostConnectException: Connection to http://cibn-iepg.longvisionmedia.com:8881 refused
W/System.err( 1262):    at org.apache.http.impl.conn.DefaultClientConnectionOperator.openConnection(DefaultClientConnectionOperator.java:183)
W/System.err( 1262):    at org.apache.http.impl.conn.AbstractPoolEntry.open(AbstractPoolEntry.java:164)
W/System.err( 1262):    at org.apache.http.impl.conn.AbstractPooledConnAdapter.open(AbstractPooledConnAdapter.java:119)
W/System.err( 1262):    at org.apache.http.impl.client.DefaultRequestDirector.execute(DefaultRequestDirector.java:360)
W/System.err( 1262):    at org.apache.http.impl.client.AbstractHttpClient.execute(AbstractHttpClient.java:555)
W/System.err( 1262):    at org.apache.http.impl.client.AbstractHttpClient.execute(AbstractHttpClient.java:487)
W/System.err( 1262):    at org.apache.http.impl.client.AbstractHttpClient.execute(AbstractHttpClient.java:465)
W/System.err( 1262):    at com.coship.cibn.MainActivity.isConnectToServerByHttp(MainActivity.java:991)
W/System.err( 1262):    at com.coship.cibn.MainActivity.access$2000(MainActivity.java:137)
W/System.err( 1262):    at com.coship.cibn.MainActivity$4.run(MainActivity.java:956)
W/System.err( 1262):    at java.lang.Thread.run(Thread.java:856)
W/System.err( 1262): Caused by: java.net.ConnectException: failed to connect to /172.21.11.65 (port 8881) after 10000ms: isConnected failed: ECONNREFUSED (Connection refused)
W/System.err( 1262):    at libcore.io.IoBridge.isConnected(IoBridge.java:214)
W/System.err( 1262):    at libcore.io.IoBridge.connectErrno(IoBridge.java:152)
W/System.err( 1262):    at libcore.io.IoBridge.connect(IoBridge.java:112)
W/System.err( 1262):    at java.net.PlainSocketImpl.connect(PlainSocketImpl.java:192)
W/System.err( 1262):    at java.net.PlainSocketImpl.connect(PlainSocketImpl.java:459)
W/System.err( 1262):    at java.net.Socket.connect(Socket.java:842)
W/System.err( 1262):    at org.apache.http.conn.scheme.PlainSocketFactory.connectSocket(PlainSocketFactory.java:119)
W/System.err( 1262):    at org.apache.http.impl.conn.DefaultClientConnectionOperator.openConnection(DefaultClientConnectionOperator.java:144)
W/System.err( 1262):    ... 10 more
W/System.err( 1262): Caused by: libcore.io.ErrnoException: isConnected failed: ECONNREFUSED (Connection refused)
W/System.err( 1262):    at libcore.io.IoBridge.isConnected(IoBridge.java:201)
W/System.err( 1262):    ... 17 more
I/MainActivity( 1262): Can't Connect to PortalMS-Server!  Address: http://cibn-iepg.longvisionmedia.com:8881
D/dalvikvm( 1654): GC_CONCURRENT freed 404K, 72% free 1818K/6403K, paused 1ms+2ms
D/HomePlayerLib( 1654): hostaddress count is 1
D/dalvikvm( 1654): GC_CONCURRENT freed 387K, 72% free 1822K/6403K, paused 1ms+1ms
D/dalvikvm( 1654): GC_CONCURRENT freed 400K, 72% free 1821K/6403K, paused 1ms+2ms
D/dalvikvm( 1654): GC_CONCURRENT freed 402K, 72% free 1827K/6403K, paused 1ms+1ms
D/dalvikvm( 1654): GC_CONCURRENT freed 393K, 72% free 1828K/6403K, paused 2ms+2ms
D/dalvikvm( 1654): GC_CONCURRENT freed 393K, 72% free 1826K/6403K, paused 2ms+2ms
D/dalvikvm( 1654): GC_CONCURRENT freed 413K, 71% free 1920K/6403K, paused 1ms+1ms
D/dalvikvm( 1654): GC_CONCURRENT freed 502K, 72% free 1810K/6403K, paused 1ms+1ms
D/dalvikvm( 1654): GC_CONCURRENT freed 382K, 70% free 1931K/6403K, paused 1ms+1ms
D/dalvikvm( 1654): GC_CONCURRENT freed 504K, 70% free 1935K/6403K, paused 1ms+2ms
D/UploadCheckerService( 1364): Can't Connect to CIBN_SERVER_PATH!  Address: http://tms.cibntest.ysten.com:8080/
D/UploadCheckerService( 1364): Can't Connect to CIBN_SERVER_PATH!  retryTime is : 61
W/System.err( 1262): org.apache.http.conn.HttpHostConnectException: Connection to http://cibn-iepg.longvisionmedia.com:8881 refused
W/System.err( 1262):    at org.apache.http.impl.conn.DefaultClientConnectionOperator.openConnection(DefaultClientConnectionOperator.java:183)
W/System.err( 1262):    at org.apache.http.impl.conn.AbstractPoolEntry.open(AbstractPoolEntry.java:164)
W/System.err( 1262):    at org.apache.http.impl.conn.AbstractPooledConnAdapter.open(AbstractPooledConnAdapter.java:119)
W/System.err( 1262):    at org.apache.http.impl.client.DefaultRequestDirector.execute(DefaultRequestDirector.java:360)
W/System.err( 1262):    at org.apache.http.impl.client.AbstractHttpClient.execute(AbstractHttpClient.java:555)
W/System.err( 1262):    at org.apache.http.impl.client.AbstractHttpClient.execute(AbstractHttpClient.java:487)
W/System.err( 1262):    at org.apache.http.impl.client.AbstractHttpClient.execute(AbstractHttpClient.java:465)
W/System.err( 1262):    at com.coship.cibn.MainActivity.isConnectToServerByHttp(MainActivity.java:991)
W/System.err( 1262):    at com.coship.cibn.MainActivity.access$2000(MainActivity.java:137)
W/System.err( 1262):    at com.coship.cibn.MainActivity$4.run(MainActivity.java:956)
W/System.err( 1262):    at java.lang.Thread.run(Thread.java:856)
W/System.err( 1262): Caused by: java.net.ConnectException: failed to connect to /172.21.11.65 (port 8881) after 10000ms: isConnected failed: ECONNREFUSED (Connection refused)
W/System.err( 1262):    at libcore.io.IoBridge.isConnected(IoBridge.java:214)
W/System.err( 1262):    at libcore.io.IoBridge.connectErrno(IoBridge.java:152)
W/System.err( 1262):    at libcore.io.IoBridge.connect(IoBridge.java:112)
W/System.err( 1262):    at java.net.PlainSocketImpl.connect(PlainSocketImpl.java:192)
W/System.err( 1262):    at java.net.PlainSocketImpl.connect(PlainSocketImpl.java:459)
W/System.err( 1262):    at java.net.Socket.connect(Socket.java:842)
W/System.err( 1262):    at org.apache.http.conn.scheme.PlainSocketFactory.connectSocket(PlainSocketFactory.java:119)
W/System.err( 1262):    at org.apache.http.impl.conn.DefaultClientConnectionOperator.openConnection(DefaultClientConnectionOperator.java:144)
W/System.err( 1262):    ... 10 more
W/System.err( 1262): Caused by: libcore.io.ErrnoException: isConnected failed: ECONNREFUSED (Connection refused)
W/System.err( 1262):    at libcore.io.IoBridge.isConnected(IoBridge.java:201)
W/System.err( 1262):    ... 17 more
I/MainActivity( 1262): Can't Connect to PortalMS-Server!  Address: http://cibn-iepg.longvisionmedia.com:8881
D/UploadCheckerService( 1364): Can't Connect to CIBN_SERVER_PATH!  Address: http://tms.cibntest.ysten.com:8080/
D/UploadCheckerService( 1364): Can't Connect to CIBN_SERVER_PATH!  retryTime is : 62
D/UploadCheckerService( 1364): Can't Connect to CIBN_SERVER_PATH!  Address: http://tms.cibntest.ysten.com:8080/
D/UploadCheckerService( 1364): Can't Connect to CIBN_SERVER_PATH!  retryTime is : 63
D/dalvikvm( 1654): GC_CONCURRENT freed 521K, 72% free 1812K/6403K, paused 1ms+2ms
D/dalvikvm( 1654): GC_CONCURRENT freed 382K, 72% free 1825K/6403K, paused 1ms+1ms
D/dalvikvm( 1654): GC_CONCURRENT freed 395K, 72% free 1823K/6403K, paused 1ms+2ms
D/dalvikvm( 1654): GC_CONCURRENT freed 394K, 72% free 1823K/6403K, paused 1ms+2ms
D/dalvikvm( 1654): GC_CONCURRENT freed 393K, 72% free 1823K/6403K, paused 1ms+1ms
W/System.err( 1262): org.apache.http.conn.HttpHostConnectException: Connection to http://cibn-iepg.longvisionmedia.com:8881 refused
W/System.err( 1262):    at org.apache.http.impl.conn.DefaultClientConnectionOperator.openConnection(DefaultClientConnectionOperator.java:183)
W/System.err( 1262):    at org.apache.http.impl.conn.AbstractPoolEntry.open(AbstractPoolEntry.java:164)
W/System.err( 1262):    at org.apache.http.impl.conn.AbstractPooledConnAdapter.open(AbstractPooledConnAdapter.java:119)
W/System.err( 1262):    at org.apache.http.impl.client.DefaultRequestDirector.execute(DefaultRequestDirector.java:360)
W/System.err( 1262):    at org.apache.http.impl.client.AbstractHttpClient.execute(AbstractHttpClient.java:555)
W/System.err( 1262):    at org.apache.http.impl.client.AbstractHttpClient.execute(AbstractHttpClient.java:487)
W/System.err( 1262):    at org.apache.http.impl.client.AbstractHttpClient.execute(AbstractHttpClient.java:465)
W/System.err( 1262):    at com.coship.cibn.MainActivity.isConnectToServerByHttp(MainActivity.java:991)
W/System.err( 1262):    at com.coship.cibn.MainActivity.access$2000(MainActivity.java:137)
W/System.err( 1262):    at com.coship.cibn.MainActivity$4.run(MainActivity.java:956)
W/System.err( 1262):    at java.lang.Thread.run(Thread.java:856)
W/System.err( 1262): Caused by: java.net.ConnectException: failed to connect to /172.21.11.65 (port 8881) after 10000ms: isConnected failed: ECONNREFUSED (Connection refused)
W/System.err( 1262):    at libcore.io.IoBridge.isConnected(IoBridge.java:214)
W/System.err( 1262):    at libcore.io.IoBridge.connectErrno(IoBridge.java:152)
W/System.err( 1262):    at libcore.io.IoBridge.connect(IoBridge.java:112)
W/System.err( 1262):    at java.net.PlainSocketImpl.connect(PlainSocketImpl.java:192)
W/System.err( 1262):    at java.net.PlainSocketImpl.connect(PlainSocketImpl.java:459)
W/System.err( 1262):    at java.net.Socket.connect(Socket.java:842)
W/System.err( 1262):    at org.apache.http.conn.scheme.PlainSocketFactory.connectSocket(PlainSocketFactory.java:119)
W/System.err( 1262):    at org.apache.http.impl.conn.DefaultClientConnectionOperator.openConnection(DefaultClientConnectionOperator.java:144)
W/System.err( 1262):    ... 10 more
W/System.err( 1262): Caused by: libcore.io.ErrnoException: isConnected failed: ECONNREFUSED (Connection refused)
W/System.err( 1262):    at libcore.io.IoBridge.isConnected(IoBridge.java:201)
W/System.err( 1262):    ... 17 more
I/MainActivity( 1262): Can't Connect to PortalMS-Server!  Address: http://cibn-iepg.longvisionmedia.com:8881
D/dalvikvm( 1654): GC_CONCURRENT freed 403K, 72% free 1818K/6403K, paused 2ms+2ms
D/UploadCheckerService( 1364): Can't Connect to CIBN_SERVER_PATH!  Address: http://tms.cibntest.ysten.com:8080/
D/UploadCheckerService( 1364): Can't Connect to CIBN_SERVER_PATH!  retryTime is : 64
D/UploadCheckerService( 1364): Can't Connect to CIBN_SERVER_PATH!  Address: http://tms.cibntest.ysten.com:8080/
D/UploadCheckerService( 1364): Can't Connect to CIBN_SERVER_PATH!  retryTime is : 65
D/HomePlayerLib( 1654): hostaddress count is 1
D/dalvikvm( 1654): GC_CONCURRENT freed 387K, 70% free 1933K/6403K, paused 1ms+1ms
D/dalvikvm( 1654): GC_CONCURRENT freed 504K, 70% free 1929K/6403K, paused 1ms+1ms
D/dalvikvm( 1654): GC_CONCURRENT freed 487K, 72% free 1827K/6403K, paused 1ms+1ms
D/dalvikvm( 1654): GC_CONCURRENT freed 391K, 71% free 1889K/6403K, paused 1ms+2ms
D/dalvikvm( 1654): GC_CONCURRENT freed 462K, 72% free 1838K/6403K, paused 1ms+1ms
W/System.err( 1262): org.apache.http.conn.HttpHostConnectException: Connection to http://cibn-iepg.longvisionmedia.com:8881 refused
W/System.err( 1262):    at org.apache.http.impl.conn.DefaultClientConnectionOperator.openConnection(DefaultClientConnectionOperator.java:183)
W/System.err( 1262):    at org.apache.http.impl.conn.AbstractPoolEntry.open(AbstractPoolEntry.java:164)
W/System.err( 1262):    at org.apache.http.impl.conn.AbstractPooledConnAdapter.open(AbstractPooledConnAdapter.java:119)
W/System.err( 1262):    at org.apache.http.impl.client.DefaultRequestDirector.execute(DefaultRequestDirector.java:360)
W/System.err( 1262):    at org.apache.http.impl.client.AbstractHttpClient.execute(AbstractHttpClient.java:555)
W/System.err( 1262):    at org.apache.http.impl.client.AbstractHttpClient.execute(AbstractHttpClient.java:487)
W/System.err( 1262):    at org.apache.http.impl.client.AbstractHttpClient.execute(AbstractHttpClient.java:465)
W/System.err( 1262):    at com.coship.cibn.MainActivity.isConnectToServerByHttp(MainActivity.java:991)
W/System.err( 1262):    at com.coship.cibn.MainActivity.access$2000(MainActivity.java:137)
W/System.err( 1262):    at com.coship.cibn.MainActivity$4.run(MainActivity.java:956)
W/System.err( 1262):    at java.lang.Thread.run(Thread.java:856)
W/System.err( 1262): Caused by: java.net.ConnectException: failed to connect to /172.21.11.65 (port 8881) after 10000ms: isConnected failed: ECONNREFUSED (Connection refused)
D/dalvikvm( 1654): GC_CONCURRENT freed 461K, 71% free 1886K/6403K, paused 1ms+2ms
W/System.err( 1262):    at libcore.io.IoBridge.isConnected(IoBridge.java:214)
W/System.err( 1262):    at libcore.io.IoBridge.connectErrno(IoBridge.java:152)
W/System.err( 1262):    at libcore.io.IoBridge.connect(IoBridge.java:112)
W/System.err( 1262):    at java.net.PlainSocketImpl.connect(PlainSocketImpl.java:192)
W/System.err( 1262):    at java.net.PlainSocketImpl.connect(PlainSocketImpl.java:459)
W/System.err( 1262):    at java.net.Socket.connect(Socket.java:842)
W/System.err( 1262):    at org.apache.http.conn.scheme.PlainSocketFactory.connectSocket(PlainSocketFactory.java:119)
W/System.err( 1262):    at org.apache.http.impl.conn.DefaultClientConnectionOperator.openConnection(DefaultClientConnectionOperator.java:144)
W/System.err( 1262):    ... 10 more
W/System.err( 1262): Caused by: libcore.io.ErrnoException: isConnected failed: ECONNREFUSED (Connection refused)
W/System.err( 1262):    at libcore.io.IoBridge.isConnected(IoBridge.java:201)
W/System.err( 1262):    ... 17 more
I/MainActivity( 1262): Can't Connect to PortalMS-Server!  Address: http://cibn-iepg.longvisionmedia.com:8881
D/dalvikvm( 1654): GC_CONCURRENT freed 451K, 72% free 1826K/6403K, paused 2ms+2ms
D/dalvikvm( 1654): GC_CONCURRENT freed 396K, 71% free 1869K/6403K, paused 1ms+2ms
D/dalvikvm( 1654): GC_CONCURRENT freed 444K, 70% free 1937K/6403K, paused 2ms+1ms
W/System.err( 1262): org.apache.http.conn.HttpHostConnectException: Connection to http://cibn-iepg.longvisionmedia.com:8881 refused
W/System.err( 1262):    at org.apache.http.impl.conn.DefaultClientConnectionOperator.openConnection(DefaultClientConnectionOperator.java:183)
W/System.err( 1262):    at org.apache.http.impl.conn.AbstractPoolEntry.open(AbstractPoolEntry.java:164)
W/System.err( 1262):    at org.apache.http.impl.conn.AbstractPooledConnAdapter.open(AbstractPooledConnAdapter.java:119)
W/System.err( 1262):    at org.apache.http.impl.client.DefaultRequestDirector.execute(DefaultRequestDirector.java:360)
W/System.err( 1262):    at org.apache.http.impl.client.AbstractHttpClient.execute(AbstractHttpClient.java:555)
W/System.err( 1262):    at org.apache.http.impl.client.AbstractHttpClient.execute(AbstractHttpClient.java:487)
W/System.err( 1262):    at org.apache.http.impl.client.AbstractHttpClient.execute(AbstractHttpClient.java:465)
W/System.err( 1262):    at com.coship.cibn.MainActivity.isConnectToServerByHttp(MainActivity.java:991)
W/System.err( 1262):    at com.coship.cibn.MainActivity.access$2000(MainActivity.java:137)
W/System.err( 1262):    at com.coship.cibn.MainActivity$4.run(MainActivity.java:956)
W/System.err( 1262):    at java.lang.Thread.run(Thread.java:856)
W/System.err( 1262): Caused by: java.net.ConnectException: failed to connect to /172.21.11.65 (port 8881) after 10000ms: isConnected failed: ECONNREFUSED (Connection refused)
W/System.err( 1262):    at libcore.io.IoBridge.isConnected(IoBridge.java:214)
W/System.err( 1262):    at libcore.io.IoBridge.connectErrno(IoBridge.java:152)
W/System.err( 1262):    at libcore.io.IoBridge.connect(IoBridge.java:112)
W/System.err( 1262):    at java.net.PlainSocketImpl.connect(PlainSocketImpl.java:192)
W/System.err( 1262):    at java.net.PlainSocketImpl.connect(PlainSocketImpl.java:459)
W/System.err( 1262):    at java.net.Socket.connect(Socket.java:842)
W/System.err( 1262):    at org.apache.http.conn.scheme.PlainSocketFactory.connectSocket(PlainSocketFactory.java:119)
W/System.err( 1262):    at org.apache.http.impl.conn.DefaultClientConnectionOperator.openConnection(DefaultClientConnectionOperator.java:144)
W/System.err( 1262):    ... 10 more
W/System.err( 1262): Caused by: libcore.io.ErrnoException: isConnected failed: ECONNREFUSED (Connection refused)
W/System.err( 1262):    at libcore.io.IoBridge.isConnected(IoBridge.java:201)
W/System.err( 1262):    ... 17 more
I/MainActivity( 1262): Can't Connect to PortalMS-Server!  Address: http://cibn-iepg.longvisionmedia.com:8881
D/dalvikvm( 1654): GC_CONCURRENT freed 516K, 70% free 1926K/6403K, paused 1ms+1ms
D/dalvikvm( 1654): GC_CONCURRENT freed 487K, 72% free 1830K/6403K, paused 1ms+1ms
D/dalvikvm( 1654): GC_CONCURRENT freed 404K, 70% free 1937K/6403K, paused 1ms+1ms
D/dalvikvm( 1654): GC_CONCURRENT freed 517K, 70% free 1926K/6403K, paused 1ms+2ms
D/dalvikvm( 1654): GC_CONCURRENT freed 488K, 72% free 1830K/6403K, paused 1ms+1ms
D/dalvikvm( 1654): GC_CONCURRENT freed 413K, 70% free 1924K/6403K, paused 2ms+2ms
D/dalvikvm( 1654): GC_CONCURRENT freed 504K, 72% free 1813K/6403K, paused 1ms+1ms
D/dalvikvm( 1654): GC_CONCURRENT freed 394K, 70% free 1924K/6403K, paused 2ms+2ms
D/dalvikvm( 1654): GC_CONCURRENT freed 507K, 70% free 1925K/6403K, paused 1ms+1ms
D/dalvikvm( 1654): GC_CONCURRENT freed 505K, 72% free 1852K/6403K, paused 1ms+2ms
W/System.err( 1262): org.apache.http.conn.HttpHostConnectException: Connection to http://cibn-iepg.longvisionmedia.com:8881 refused
W/System.err( 1262):    at org.apache.http.impl.conn.DefaultClientConnectionOperator.openConnection(DefaultClientConnectionOperator.java:183)
W/System.err( 1262):    at org.apache.http.impl.conn.AbstractPoolEntry.open(AbstractPoolEntry.java:164)
W/System.err( 1262):    at org.apache.http.impl.conn.AbstractPooledConnAdapter.open(AbstractPooledConnAdapter.java:119)
W/System.err( 1262):    at org.apache.http.impl.client.DefaultRequestDirector.execute(DefaultRequestDirector.java:360)
W/System.err( 1262):    at org.apache.http.impl.client.AbstractHttpClient.execute(AbstractHttpClient.java:555)
W/System.err( 1262):    at org.apache.http.impl.client.AbstractHttpClient.execute(AbstractHttpClient.java:487)
W/System.err( 1262):    at org.apache.http.impl.client.AbstractHttpClient.execute(AbstractHttpClient.java:465)
W/System.err( 1262):    at com.coship.cibn.MainActivity.isConnectToServerByHttp(MainActivity.java:991)
W/System.err( 1262):    at com.coship.cibn.MainActivity.access$2000(MainActivity.java:137)
W/System.err( 1262):    at com.coship.cibn.MainActivity$4.run(MainActivity.java:956)
W/System.err( 1262):    at java.lang.Thread.run(Thread.java:856)
W/System.err( 1262): Caused by: java.net.ConnectException: failed to connect to /172.21.11.65 (port 8881) after 10000ms: isConnected failed: ECONNREFUSED (Connection refused)
W/System.err( 1262):    at libcore.io.IoBridge.isConnected(IoBridge.java:214)
W/System.err( 1262):    at libcore.io.IoBridge.connectErrno(IoBridge.java:152)
W/System.err( 1262):    at libcore.io.IoBridge.connect(IoBridge.java:112)
W/System.err( 1262):    at java.net.PlainSocketImpl.connect(PlainSocketImpl.java:192)
W/System.err( 1262):    at java.net.PlainSocketImpl.connect(PlainSocketImpl.java:459)
W/System.err( 1262):    at java.net.Socket.connect(Socket.java:842)
W/System.err( 1262):    at org.apache.http.conn.scheme.PlainSocketFactory.connectSocket(PlainSocketFactory.java:119)
W/System.err( 1262):    at org.apache.http.impl.conn.DefaultClientConnectionOperator.openConnection(DefaultClientConnectionOperator.java:144)
W/System.err( 1262):    ... 10 more
W/System.err( 1262): Caused by: libcore.io.ErrnoException: isConnected failed: ECONNREFUSED (Connection refused)
W/System.err( 1262):    at libcore.io.IoBridge.isConnected(IoBridge.java:201)
W/System.err( 1262):    ... 17 more
I/MainActivity( 1262): Can't Connect to PortalMS-Server!  Address: http://cibn-iepg.longvisionmedia.com:8881
D/dalvikvm( 1654): GC_CONCURRENT freed 433K, 71% free 1883K/6403K, paused 2ms+1ms
D/dalvikvm( 1654): GC_CONCURRENT freed 456K, 70% free 1938K/6403K, paused 2ms+2ms
D/dalvikvm( 1654): GC_CONCURRENT freed 516K, 70% free 1926K/6403K, paused 2ms+2ms
D/dalvikvm( 1654): GC_CONCURRENT freed 487K, 72% free 1830K/6403K, paused 2ms+1ms
D/dalvikvm( 1654): GC_CONCURRENT freed 467K, 71% free 1863K/6403K, paused 1ms+2ms
D/HomePlayerLib( 1654): hostaddress count is 1
D/dalvikvm( 1654): GC_CONCURRENT freed 432K, 70% free 1927K/6403K, paused 1ms+1ms
D/dalvikvm( 1654): GC_CONCURRENT freed 512K, 71% free 1914K/6403K, paused 1ms+1ms
D/dalvikvm( 1654): GC_CONCURRENT freed 494K, 70% free 1935K/6403K, paused 1ms+1ms
D/dalvikvm( 1654): GC_CONCURRENT freed 515K, 72% free 1828K/6403K, paused 2ms+1ms
D/dalvikvm( 1654): GC_CONCURRENT freed 402K, 72% free 1825K/6403K, paused 1ms+1ms
D/dalvikvm( 1654): GC_CONCURRENT freed 408K, 70% free 1956K/6403K, paused 1ms+1ms
D/dalvikvm( 1654): GC_CONCURRENT freed 525K, 71% free 1913K/6403K, paused 1ms+1ms
D/dalvikvm( 1654): GC_CONCURRENT freed 488K, 70% free 1937K/6403K, paused 1ms+4ms
W/System.err( 1262): org.apache.http.conn.HttpHostConnectException: Connection to http://cibn-iepg.longvisionmedia.com:8881 refused
W/System.err( 1262):    at org.apache.http.impl.conn.DefaultClientConnectionOperator.openConnection(DefaultClientConnectionOperator.java:183)
W/System.err( 1262):    at org.apache.http.impl.conn.AbstractPoolEntry.open(AbstractPoolEntry.java:164)
W/System.err( 1262):    at org.apache.http.impl.conn.AbstractPooledConnAdapter.open(AbstractPooledConnAdapter.java:119)
W/System.err( 1262):    at org.apache.http.impl.client.DefaultRequestDirector.execute(DefaultRequestDirector.java:360)
W/System.err( 1262):    at org.apache.http.impl.client.AbstractHttpClient.execute(AbstractHttpClient.java:555)
W/System.err( 1262):    at org.apache.http.impl.client.AbstractHttpClient.execute(AbstractHttpClient.java:487)
W/System.err( 1262):    at org.apache.http.impl.client.AbstractHttpClient.execute(AbstractHttpClient.java:465)
W/System.err( 1262):    at com.coship.cibn.MainActivity.isConnectToServerByHttp(MainActivity.java:991)
W/System.err( 1262):    at com.coship.cibn.MainActivity.access$2000(MainActivity.java:137)
W/System.err( 1262):    at com.coship.cibn.MainActivity$4.run(MainActivity.java:956)
W/System.err( 1262):    at java.lang.Thread.run(Thread.java:856)
W/System.err( 1262): Caused by: java.net.ConnectException: failed to connect to /172.21.11.65 (port 8881) after 10000ms: isConnected failed: ECONNREFUSED (Connection refused)
W/System.err( 1262):    at libcore.io.IoBridge.isConnected(IoBridge.java:214)
W/System.err( 1262):    at libcore.io.IoBridge.connectErrno(IoBridge.java:152)
W/System.err( 1262):    at libcore.io.IoBridge.connect(IoBridge.java:112)
W/System.err( 1262):    at java.net.PlainSocketImpl.connect(PlainSocketImpl.java:192)
W/System.err( 1262):    at java.net.PlainSocketImpl.connect(PlainSocketImpl.java:459)
W/System.err( 1262):    at java.net.Socket.connect(Socket.java:842)
W/System.err( 1262):    at org.apache.http.conn.scheme.PlainSocketFactory.connectSocket(PlainSocketFactory.java:119)
W/System.err( 1262):    at org.apache.http.impl.conn.DefaultClientConnectionOperator.openConnection(DefaultClientConnectionOperator.java:144)
W/System.err( 1262):    ... 10 more
W/System.err( 1262): Caused by: libcore.io.ErrnoException: isConnected failed: ECONNREFUSED (Connection refused)
W/System.err( 1262):    at libcore.io.IoBridge.isConnected(IoBridge.java:201)
W/System.err( 1262):    ... 17 more
I/MainActivity( 1262): Can't Connect to PortalMS-Server!  Address: http://cibn-iepg.longvisionmedia.com:8881
W/System.err( 1262): org.apache.http.conn.HttpHostConnectException: Connection to http://cibn-iepg.longvisionmedia.com:8881 refused
W/System.err( 1262):    at org.apache.http.impl.conn.DefaultClientConnectionOperator.openConnection(DefaultClientConnectionOperator.java:183)
W/System.err( 1262):    at org.apache.http.impl.conn.AbstractPoolEntry.open(AbstractPoolEntry.java:164)
W/System.err( 1262):    at org.apache.http.impl.conn.AbstractPooledConnAdapter.open(AbstractPooledConnAdapter.java:119)
W/System.err( 1262):    at org.apache.http.impl.client.DefaultRequestDirector.execute(DefaultRequestDirector.java:360)
W/System.err( 1262):    at org.apache.http.impl.client.AbstractHttpClient.execute(AbstractHttpClient.java:555)
W/System.err( 1262):    at org.apache.http.impl.client.AbstractHttpClient.execute(AbstractHttpClient.java:487)
W/System.err( 1262):    at org.apache.http.impl.client.AbstractHttpClient.execute(AbstractHttpClient.java:465)
W/System.err( 1262):    at com.coship.cibn.MainActivity.isConnectToServerByHttp(MainActivity.java:991)
W/System.err( 1262):    at com.coship.cibn.MainActivity.access$2000(MainActivity.java:137)
W/System.err( 1262):    at com.coship.cibn.MainActivity$4.run(MainActivity.java:956)
W/System.err( 1262):    at java.lang.Thread.run(Thread.java:856)
W/System.err( 1262): Caused by: java.net.ConnectException: failed to connect to /172.21.11.65 (port 8881) after 10000ms: isConnected failed: ECONNREFUSED (Connection refused)
W/System.err( 1262):    at libcore.io.IoBridge.isConnected(IoBridge.java:214)
W/System.err( 1262):    at libcore.io.IoBridge.connectErrno(IoBridge.java:152)
W/System.err( 1262):    at libcore.io.IoBridge.connect(IoBridge.java:112)
W/System.err( 1262):    at java.net.PlainSocketImpl.connect(PlainSocketImpl.java:192)
W/System.err( 1262):    at java.net.PlainSocketImpl.connect(PlainSocketImpl.java:459)
W/System.err( 1262):    at java.net.Socket.connect(Socket.java:842)
W/System.err( 1262):    at org.apache.http.conn.scheme.PlainSocketFactory.connectSocket(PlainSocketFactory.java:119)
W/System.err( 1262):    at org.apache.http.impl.conn.DefaultClientConnectionOperator.openConnection(DefaultClientConnectionOperator.java:144)
W/System.err( 1262):    ... 10 more
W/System.err( 1262): Caused by: libcore.io.ErrnoException: isConnected failed: ECONNREFUSED (Connection refused)
W/System.err( 1262):    at libcore.io.IoBridge.isConnected(IoBridge.java:201)
W/System.err( 1262):    ... 17 more
I/MainActivity( 1262): Can't Connect to PortalMS-Server!  Address: http://cibn-iepg.longvisionmedia.com:8881
D/dalvikvm( 1654): GC_CONCURRENT freed 514K, 72% free 1823K/6403K, paused 1ms+2ms
D/dalvikvm( 1654): GC_CONCURRENT freed 391K, 71% free 1910K/6403K, paused 1ms+2ms
D/dalvikvm( 1654): GC_CONCURRENT freed 483K, 70% free 1938K/6403K, paused 1ms+1ms
D/PushMsgCenter( 1606): mDownUpRun run while (true)
D/PushMsgCenter( 1606): down  
D/dalvikvm( 1654): GC_CONCURRENT freed 517K, 70% free 1965K/6403K, paused 1ms+2ms
D/dalvikvm( 1654): GC_CONCURRENT freed 552K, 72% free 1825K/6403K, paused 1ms+2ms
D/CheckNetWork( 1637): isOk true
D/CheckNetWork( 1637): ActInfoNetworkInfo: type: ETH[], state: CONNECTED/CONNECTED, reason: (unspecified), extra: (none), roaming: false, failover: false, isAvailable: true
D/CheckNetWork( 1637): infoNetworkInfo: type: ETH[], state: CONNECTED/CONNECTED, reason: (unspecified), extra: (none), roaming: false, failover: false, isAvailable: true
W/System.err( 1262): org.apache.http.conn.HttpHostConnectException: Connection to http://cibn-iepg.longvisionmedia.com:8881 refused
W/System.err( 1262):    at org.apache.http.impl.conn.DefaultClientConnectionOperator.openConnection(DefaultClientConnectionOperator.java:183)
W/System.err( 1262):    at org.apache.http.impl.conn.AbstractPoolEntry.open(AbstractPoolEntry.java:164)
W/System.err( 1262):    at org.apache.http.impl.conn.AbstractPooledConnAdapter.open(AbstractPooledConnAdapter.java:119)
W/System.err( 1262):    at org.apache.http.impl.client.DefaultRequestDirector.execute(DefaultRequestDirector.java:360)
W/System.err( 1262):    at org.apache.http.impl.client.AbstractHttpClient.execute(AbstractHttpClient.java:555)
W/System.err( 1262):    at org.apache.http.impl.client.AbstractHttpClient.execute(AbstractHttpClient.java:487)
W/System.err( 1262):    at org.apache.http.impl.client.AbstractHttpClient.execute(AbstractHttpClient.java:465)
W/System.err( 1262):    at com.coship.cibn.MainActivity.isConnectToServerByHttp(MainActivity.java:991)
W/System.err( 1262):    at com.coship.cibn.MainActivity.access$2000(MainActivity.java:137)
W/System.err( 1262):    at com.coship.cibn.MainActivity$4.run(MainActivity.java:956)
W/System.err( 1262):    at java.lang.Thread.run(Thread.java:856)
W/System.err( 1262): Caused by: java.net.ConnectException: failed to connect to /172.21.11.65 (port 8881) after 10000ms: isConnected failed: ECONNREFUSED (Connection refused)
W/System.err( 1262):    at libcore.io.IoBridge.isConnected(IoBridge.java:214)
W/System.err( 1262):    at libcore.io.IoBridge.connectErrno(IoBridge.java:152)
W/System.err( 1262):    at libcore.io.IoBridge.connect(IoBridge.java:112)
W/System.err( 1262):    at java.net.PlainSocketImpl.connect(PlainSocketImpl.java:192)
W/System.err( 1262):    at java.net.PlainSocketImpl.connect(PlainSocketImpl.java:459)
W/System.err( 1262):    at java.net.Socket.connect(Socket.java:842)
W/System.err( 1262):    at org.apache.http.conn.scheme.PlainSocketFactory.connectSocket(PlainSocketFactory.java:119)
W/System.err( 1262):    at org.apache.http.impl.conn.DefaultClientConnectionOperator.openConnection(DefaultClientConnectionOperator.java:144)
W/System.err( 1262):    ... 10 more
W/System.err( 1262): Caused by: libcore.io.ErrnoException: isConnected failed: ECONNREFUSED (Connection refused)
W/System.err( 1262):    at libcore.io.IoBridge.isConnected(IoBridge.java:201)
W/System.err( 1262):    ... 17 more
I/MainActivity( 1262): Can't Connect to PortalMS-Server!  Address: http://cibn-iepg.longvisionmedia.com:8881
D/dalvikvm( 1654): GC_CONCURRENT freed 408K, 70% free 1923K/6403K, paused 2ms+1ms
D/HomePlayerLib( 1654): hostaddress count is 1
D/dalvikvm( 1654): GC_CONCURRENT freed 508K, 72% free 1822K/6403K, paused 1ms+1ms
D/dalvikvm( 1654): GC_CONCURRENT freed 409K, 72% free 1845K/6403K, paused 1ms+2ms
D/dalvikvm( 1654): GC_CONCURRENT freed 421K, 70% free 1930K/6403K, paused 1ms+2ms
D/dalvikvm( 1654): GC_CONCURRENT freed 528K, 71% free 1914K/6403K, paused 1ms+1ms
D/dalvikvm( 1654): GC_CONCURRENT freed 482K, 71% free 1887K/6403K, paused 1ms+1ms
D/dalvikvm( 1654): GC_CONCURRENT freed 450K, 72% free 1827K/6403K, paused 1ms+2ms
D/dalvikvm( 1654): GC_CONCURRENT freed 392K, 72% free 1828K/6403K, paused 1ms+1ms
D/dalvikvm( 1654): GC_CONCURRENT freed 406K, 72% free 1825K/6403K, paused 1ms+2ms
D/dalvikvm( 1654): GC_CONCURRENT freed 395K, 72% free 1824K/6403K, paused 1ms+1ms
^C
