D/dalvikvm( 1654): GC_CONCURRENT freed 504K, 70% free 1929K/6403K, paused 1ms+1ms
D/dalvikvm( 1654): GC_CONCURRENT freed 488K, 70% free 1952K/6403K, paused 1ms+2ms
D/dalvikvm( 1654): GC_CONCURRENT freed 511K, 72% free 1834K/6403K, paused 1ms+2ms
D/dalvikvm( 1654): GC_CONCURRENT freed 415K, 70% free 1927K/6403K, paused 1ms+1ms
D/dalvikvm( 1654): GC_CONCURRENT freed 485K, 70% free 1958K/6403K, paused 1ms+1ms
D/dalvikvm( 1654): GC_CONCURRENT freed 542K, 72% free 1814K/6403K, paused 1ms+2ms
D/dalvikvm( 1654): GC_CONCURRENT freed 393K, 71% free 1867K/6403K, paused 1ms+2ms
D/dalvikvm( 1654): GC_CONCURRENT freed 438K, 72% free 1823K/6403K, paused 1ms+2ms
D/UploadCheckerService( 1364): Can't Connect to CIBN_SERVER_PATH!  Address: http://tms.cibntest.ysten.com:8080/
D/UploadCheckerService( 1364): Can't Connect to CIBN_SERVER_PATH!  retryTime is : 43
W/System.err( 1262): org.apache.http.conn.HttpHostConnectException: Connection to http://cibn-iepg.longvisionmedia.com:8881 refused
W/System.err( 1262):    at org.apache.http.impl.conn.DefaultClientConnectionOperator.openConnection(DefaultClientConnectionOperator.java:183)
W/System.err( 1262):    at org.apache.http.impl.conn.AbstractPoolEntry.open(AbstractPoolEntry.java:164)
W/System.err( 1262):    at org.apache.http.impl.conn.AbstractPooledConnAdapter.open(AbstractPooledConnAdapter.java:119)
W/System.err( 1262):    at org.apache.http.impl.client.DefaultRequestDirector.execute(DefaultRequestDirector.java:360)
W/System.err( 1262):    at org.apache.http.impl.client.AbstractHttpClient.execute(AbstractHttpClient.java:555)
W/System.err( 1262):    at org.apache.http.impl.client.AbstractHttpClient.execute(AbstractHttpClient.java:487)
W/System.err( 1262):    at org.apache.http.impl.client.AbstractHttpClient.execute(AbstractHttpClient.java:465)
W/System.err( 1262):    at com.coship.cibn.MainActivity.isConnectToServerByHttp(MainActivity.java:991)
W/System.err( 1262):    at com.coship.cibn.MainActivity.access$2000(MainActivity.java:137)
W/System.err( 1262):    at com.coship.cibn.MainActivity$4.run(MainActivity.java:956)
W/System.err( 1262):    at java.lang.Thread.run(Thread.java:856)
W/System.err( 1262): Caused by: java.net.ConnectException: failed to connect to /172.21.11.65 (port 8881) after 10000ms: isConnected failed: ECONNREFUSED (Connection refused)
W/System.err( 1262):    at libcore.io.IoBridge.isConnected(IoBridge.java:214)
W/System.err( 1262):    at libcore.io.IoBridge.connectErrno(IoBridge.java:152)
W/System.err( 1262):    at libcore.io.IoBridge.connect(IoBridge.java:112)
W/System.err( 1262):    at java.net.PlainSocketImpl.connect(PlainSocketImpl.java:192)
W/System.err( 1262):    at java.net.PlainSocketImpl.connect(PlainSocketImpl.java:459)
W/System.err( 1262):    at java.net.Socket.connect(Socket.java:842)
W/System.err( 1262):    at org.apache.http.conn.scheme.PlainSocketFactory.connectSocket(PlainSocketFactory.java:119)
W/System.err( 1262):    at org.apache.http.impl.conn.DefaultClientConnectionOperator.openConnection(DefaultClientConnectionOperator.java:144)
W/System.err( 1262):    ... 10 more
W/System.err( 1262): Caused by: libcore.io.ErrnoException: isConnected failed: ECONNREFUSED (Connection refused)
W/System.err( 1262):    at libcore.io.IoBridge.isConnected(IoBridge.java:201)
W/System.err( 1262):    ... 17 more
I/MainActivity( 1262): Can't Connect to PortalMS-Server!  Address: http://cibn-iepg.longvisionmedia.com:8881
D/dalvikvm( 1654): GC_CONCURRENT freed 404K, 72% free 1809K/6403K, paused 1ms+2ms
D/UploadCheckerService( 1364): Can't Connect to CIBN_SERVER_PATH!  Address: http://tms.cibntest.ysten.com:8080/
D/UploadCheckerService( 1364): Can't Connect to CIBN_SERVER_PATH!  retryTime is : 44
D/dalvikvm( 1654): GC_CONCURRENT freed 388K, 70% free 1923K/6403K, paused 1ms+1ms
D/PushMsgCenter( 1606): mDownUpRun run while (true)
D/PushMsgCenter( 1606): down  
D/dalvikvm( 1654): GC_CONCURRENT freed 495K, 70% free 1937K/6403K, paused 2ms+2ms
D/dalvikvm( 1654): GC_CONCURRENT freed 517K, 70% free 1926K/6403K, paused 1ms+2ms
D/dalvikvm( 1654): GC_CONCURRENT freed 486K, 72% free 1825K/6403K, paused 2ms+1ms
D/dalvikvm( 1654): GC_CONCURRENT freed 403K, 70% free 1927K/6403K, paused 1ms+1ms
D/dalvikvm( 1654): GC_CONCURRENT freed 488K, 72% free 1824K/6403K, paused 1ms+1ms
D/dalvikvm( 1654): GC_CONCURRENT freed 394K, 72% free 1823K/6403K, paused 1ms+1ms
D/dalvikvm( 1654): GC_CONCURRENT freed 392K, 72% free 1823K/6403K, paused 1ms+2ms
D/dalvikvm( 1654): GC_CONCURRENT freed 391K, 71% free 1869K/6403K, paused 1ms+1ms
D/dalvikvm( 1654): GC_CONCURRENT freed 443K, 70% free 1937K/6403K, paused 1ms+1ms
D/UploadCheckerService( 1364): Can't Connect to CIBN_SERVER_PATH!  Address: http://tms.cibntest.ysten.com:8080/
D/UploadCheckerService( 1364): Can't Connect to CIBN_SERVER_PATH!  retryTime is : 45
W/System.err( 1262): org.apache.http.conn.HttpHostConnectException: Connection to http://cibn-iepg.longvisionmedia.com:8881 refused
W/System.err( 1262):    at org.apache.http.impl.conn.DefaultClientConnectionOperator.openConnection(DefaultClientConnectionOperator.java:183)
W/System.err( 1262):    at org.apache.http.impl.conn.AbstractPoolEntry.open(AbstractPoolEntry.java:164)
W/System.err( 1262):    at org.apache.http.impl.conn.AbstractPooledConnAdapter.open(AbstractPooledConnAdapter.java:119)
W/System.err( 1262):    at org.apache.http.impl.client.DefaultRequestDirector.execute(DefaultRequestDirector.java:360)
W/System.err( 1262):    at org.apache.http.impl.client.AbstractHttpClient.execute(AbstractHttpClient.java:555)
W/System.err( 1262):    at org.apache.http.impl.client.AbstractHttpClient.execute(AbstractHttpClient.java:487)
W/System.err( 1262):    at org.apache.http.impl.client.AbstractHttpClient.execute(AbstractHttpClient.java:465)
W/System.err( 1262):    at com.coship.cibn.MainActivity.isConnectToServerByHttp(MainActivity.java:991)
W/System.err( 1262):    at com.coship.cibn.MainActivity.access$2000(MainActivity.java:137)
W/System.err( 1262):    at com.coship.cibn.MainActivity$4.run(MainActivity.java:956)
W/System.err( 1262):    at java.lang.Thread.run(Thread.java:856)
W/System.err( 1262): Caused by: java.net.ConnectException: failed to connect to /172.21.11.65 (port 8881) after 10000ms: isConnected failed: ECONNREFUSED (Connection refused)
W/System.err( 1262):    at libcore.io.IoBridge.isConnected(IoBridge.java:214)
W/System.err( 1262):    at libcore.io.IoBridge.connectErrno(IoBridge.java:152)
W/System.err( 1262):    at libcore.io.IoBridge.connect(IoBridge.java:112)
W/System.err( 1262):    at java.net.PlainSocketImpl.connect(PlainSocketImpl.java:192)
W/System.err( 1262):    at java.net.PlainSocketImpl.connect(PlainSocketImpl.java:459)
W/System.err( 1262):    at java.net.Socket.connect(Socket.java:842)
W/System.err( 1262):    at org.apache.http.conn.scheme.PlainSocketFactory.connectSocket(PlainSocketFactory.java:119)
W/System.err( 1262):    at org.apache.http.impl.conn.DefaultClientConnectionOperator.openConnection(DefaultClientConnectionOperator.java:144)
W/System.err( 1262):    ... 10 more
W/System.err( 1262): Caused by: libcore.io.ErrnoException: isConnected failed: ECONNREFUSED (Connection refused)
W/System.err( 1262):    at libcore.io.IoBridge.isConnected(IoBridge.java:201)
W/System.err( 1262):    ... 17 more
I/MainActivity( 1262): Can't Connect to PortalMS-Server!  Address: http://cibn-iepg.longvisionmedia.com:8881
D/dalvikvm( 1654): GC_CONCURRENT freed 516K, 70% free 1926K/6403K, paused 1ms+1ms
D/dalvikvm( 1654): GC_CONCURRENT freed 486K, 72% free 1829K/6403K, paused 1ms+2ms
D/dalvikvm( 1654): GC_CONCURRENT freed 404K, 70% free 1937K/6403K, paused 1ms+1ms
D/dalvikvm( 1654): GC_CONCURRENT freed 517K, 70% free 1926K/6403K, paused 1ms+1ms
D/dalvikvm( 1654): GC_CONCURRENT freed 488K, 72% free 1829K/6403K, paused 1ms+1ms
D/UploadCheckerService( 1364): Can't Connect to CIBN_SERVER_PATH!  Address: http://tms.cibntest.ysten.com:8080/
D/UploadCheckerService( 1364): Can't Connect to CIBN_SERVER_PATH!  retryTime is : 46
W/System.err( 1262): org.apache.http.conn.HttpHostConnectException: Connection to http://cibn-iepg.longvisionmedia.com:8881 refused
W/System.err( 1262):    at org.apache.http.impl.conn.DefaultClientConnectionOperator.openConnection(DefaultClientConnectionOperator.java:183)
W/System.err( 1262):    at org.apache.http.impl.conn.AbstractPoolEntry.open(AbstractPoolEntry.java:164)
W/System.err( 1262):    at org.apache.http.impl.conn.AbstractPooledConnAdapter.open(AbstractPooledConnAdapter.java:119)
W/System.err( 1262):    at org.apache.http.impl.client.DefaultRequestDirector.execute(DefaultRequestDirector.java:360)
W/System.err( 1262):    at org.apache.http.impl.client.AbstractHttpClient.execute(AbstractHttpClient.java:555)
W/System.err( 1262):    at org.apache.http.impl.client.AbstractHttpClient.execute(AbstractHttpClient.java:487)
W/System.err( 1262):    at org.apache.http.impl.client.AbstractHttpClient.execute(AbstractHttpClient.java:465)
W/System.err( 1262):    at com.coship.cibn.MainActivity.isConnectToServerByHttp(MainActivity.java:991)
W/System.err( 1262):    at com.coship.cibn.MainActivity.access$2000(MainActivity.java:137)
W/System.err( 1262):    at com.coship.cibn.MainActivity$4.run(MainActivity.java:956)
W/System.err( 1262):    at java.lang.Thread.run(Thread.java:856)
W/System.err( 1262): Caused by: java.net.ConnectException: failed to connect to /172.21.11.65 (port 8881) after 10000ms: isConnected failed: ECONNREFUSED (Connection refused)
W/System.err( 1262):    at libcore.io.IoBridge.isConnected(IoBridge.java:214)
W/System.err( 1262):    at libcore.io.IoBridge.connectErrno(IoBridge.java:152)
W/System.err( 1262):    at libcore.io.IoBridge.connect(IoBridge.java:112)
W/System.err( 1262):    at java.net.PlainSocketImpl.connect(PlainSocketImpl.java:192)
W/System.err( 1262):    at java.net.PlainSocketImpl.connect(PlainSocketImpl.java:459)
W/System.err( 1262):    at java.net.Socket.connect(Socket.java:842)
W/System.err( 1262):    at org.apache.http.conn.scheme.PlainSocketFactory.connectSocket(PlainSocketFactory.java:119)
W/System.err( 1262):    at org.apache.http.impl.conn.DefaultClientConnectionOperator.openConnection(DefaultClientConnectionOperator.java:144)
W/System.err( 1262):    ... 10 more
W/System.err( 1262): Caused by: libcore.io.ErrnoException: isConnected failed: ECONNREFUSED (Connection refused)
W/System.err( 1262):    at libcore.io.IoBridge.isConnected(IoBridge.java:201)
W/System.err( 1262):    ... 17 more
I/MainActivity( 1262): Can't Connect to PortalMS-Server!  Address: http://cibn-iepg.longvisionmedia.com:8881
D/HomePlayerLib( 1654): hostaddress count is 1
D/dalvikvm( 1654): GC_CONCURRENT freed 411K, 70% free 1923K/6403K, paused 1ms+1ms
D/dalvikvm( 1654): GC_CONCURRENT freed 497K, 70% free 1932K/6403K, paused 1ms+1ms
D/dalvikvm( 1654): GC_CONCURRENT freed 508K, 71% free 1884K/6403K, paused 1ms+2ms
D/dalvikvm( 1654): GC_CONCURRENT freed 463K, 72% free 1844K/6403K, paused 1ms+2ms
D/dalvikvm( 1654): GC_CONCURRENT freed 413K, 70% free 1936K/6403K, paused 2ms+1ms
D/dalvikvm( 1654): GC_CONCURRENT freed 525K, 71% free 1919K/6403K, paused 1ms+2ms
D/dalvikvm( 1654): GC_CONCURRENT freed 460K, 70% free 1965K/6403K, paused 1ms+2ms
D/dalvikvm( 1654): GC_CONCURRENT freed 546K, 72% free 1834K/6403K, paused 2ms+1ms
W/System.err( 1262): org.apache.http.conn.HttpHostConnectException: Connection to http://cibn-iepg.longvisionmedia.com:8881 refused
W/System.err( 1262):    at org.apache.http.impl.conn.DefaultClientConnectionOperator.openConnection(DefaultClientConnectionOperator.java:183)
W/System.err( 1262):    at org.apache.http.impl.conn.AbstractPoolEntry.open(AbstractPoolEntry.java:164)
W/System.err( 1262):    at org.apache.http.impl.conn.AbstractPooledConnAdapter.open(AbstractPooledConnAdapter.java:119)
W/System.err( 1262):    at org.apache.http.impl.client.DefaultRequestDirector.execute(DefaultRequestDirector.java:360)
W/System.err( 1262):    at org.apache.http.impl.client.AbstractHttpClient.execute(AbstractHttpClient.java:555)
W/System.err( 1262):    at org.apache.http.impl.client.AbstractHttpClient.execute(AbstractHttpClient.java:487)
W/System.err( 1262):    at org.apache.http.impl.client.AbstractHttpClient.execute(AbstractHttpClient.java:465)
W/System.err( 1262):    at com.coship.cibn.MainActivity.isConnectToServerByHttp(MainActivity.java:991)
W/System.err( 1262):    at com.coship.cibn.MainActivity.access$2000(MainActivity.java:137)
W/System.err( 1262):    at com.coship.cibn.MainActivity$4.run(MainActivity.java:956)
W/System.err( 1262):    at java.lang.Thread.run(Thread.java:856)
W/System.err( 1262): Caused by: java.net.ConnectException: failed to connect to /172.21.11.65 (port 8881) after 10000ms: isConnected failed: ECONNREFUSED (Connection refused)
W/System.err( 1262):    at libcore.io.IoBridge.isConnected(IoBridge.java:214)
W/System.err( 1262):    at libcore.io.IoBridge.connectErrno(IoBridge.java:152)
W/System.err( 1262):    at libcore.io.IoBridge.connect(IoBridge.java:112)
W/System.err( 1262):    at java.net.PlainSocketImpl.connect(PlainSocketImpl.java:192)
W/System.err( 1262):    at java.net.PlainSocketImpl.connect(PlainSocketImpl.java:459)
W/System.err( 1262):    at java.net.Socket.connect(Socket.java:842)
W/System.err( 1262):    at org.apache.http.conn.scheme.PlainSocketFactory.connectSocket(PlainSocketFactory.java:119)
W/System.err( 1262):    at org.apache.http.impl.conn.DefaultClientConnectionOperator.openConnection(DefaultClientConnectionOperator.java:144)
W/System.err( 1262):    ... 10 more
W/System.err( 1262): Caused by: libcore.io.ErrnoException: isConnected failed: ECONNREFUSED (Connection refused)
W/System.err( 1262):    at libcore.io.IoBridge.isConnected(IoBridge.java:201)
W/System.err( 1262):    ... 17 more
I/MainActivity( 1262): Can't Connect to PortalMS-Server!  Address: http://cibn-iepg.longvisionmedia.com:8881
D/dalvikvm( 1654): GC_CONCURRENT freed 416K, 72% free 1839K/6403K, paused 1ms+2ms
D/dalvikvm( 1654): GC_CONCURRENT freed 410K, 70% free 1929K/6403K, paused 2ms+1ms
D/dalvikvm( 1654): GC_CONCURRENT freed 502K, 70% free 1924K/6403K, paused 1ms+1ms
D/dalvikvm( 1654): GC_CONCURRENT freed 498K, 72% free 1812K/6403K, paused 1ms+1ms
D/dalvikvm( 1654): GC_CONCURRENT freed 396K, 70% free 1925K/6403K, paused 1ms+2ms
W/System.err( 1262): org.apache.http.conn.HttpHostConnectException: Connection to http://cibn-iepg.longvisionmedia.com:8881 refused
W/System.err( 1262):    at org.apache.http.impl.conn.DefaultClientConnectionOperator.openConnection(DefaultClientConnectionOperator.java:183)
W/System.err( 1262):    at org.apache.http.impl.conn.AbstractPoolEntry.open(AbstractPoolEntry.java:164)
W/System.err( 1262):    at org.apache.http.impl.conn.AbstractPooledConnAdapter.open(AbstractPooledConnAdapter.java:119)
W/System.err( 1262):    at org.apache.http.impl.client.DefaultRequestDirector.execute(DefaultRequestDirector.java:360)
W/System.err( 1262):    at org.apache.http.impl.client.AbstractHttpClient.execute(AbstractHttpClient.java:555)
W/System.err( 1262):    at org.apache.http.impl.client.AbstractHttpClient.execute(AbstractHttpClient.java:487)
W/System.err( 1262):    at org.apache.http.impl.client.AbstractHttpClient.execute(AbstractHttpClient.java:465)
W/System.err( 1262):    at com.coship.cibn.MainActivity.isConnectToServerByHttp(MainActivity.java:991)
W/System.err( 1262):    at com.coship.cibn.MainActivity.access$2000(MainActivity.java:137)
W/System.err( 1262):    at com.coship.cibn.MainActivity$4.run(MainActivity.java:956)
W/System.err( 1262):    at java.lang.Thread.run(Thread.java:856)
W/System.err( 1262): Caused by: java.net.ConnectException: failed to connect to /172.21.11.65 (port 8881) after 10000ms: isConnected failed: ECONNREFUSED (Connection refused)
W/System.err( 1262):    at libcore.io.IoBridge.isConnected(IoBridge.java:214)
W/System.err( 1262):    at libcore.io.IoBridge.connectErrno(IoBridge.java:152)
W/System.err( 1262):    at libcore.io.IoBridge.connect(IoBridge.java:112)
W/System.err( 1262):    at java.net.PlainSocketImpl.connect(PlainSocketImpl.java:192)
W/System.err( 1262):    at java.net.PlainSocketImpl.connect(PlainSocketImpl.java:459)
W/System.err( 1262):    at java.net.Socket.connect(Socket.java:842)
W/System.err( 1262):    at org.apache.http.conn.scheme.PlainSocketFactory.connectSocket(PlainSocketFactory.java:119)
W/System.err( 1262):    at org.apache.http.impl.conn.DefaultClientConnectionOperator.openConnection(DefaultClientConnectionOperator.java:144)
W/System.err( 1262):    ... 10 more
W/System.err( 1262): Caused by: libcore.io.ErrnoException: isConnected failed: ECONNREFUSED (Connection refused)
W/System.err( 1262):    at libcore.io.IoBridge.isConnected(IoBridge.java:201)
W/System.err( 1262):    ... 17 more
I/MainActivity( 1262): Can't Connect to PortalMS-Server!  Address: http://cibn-iepg.longvisionmedia.com:8881
D/dalvikvm( 1654): GC_CONCURRENT freed 511K, 72% free 1822K/6403K, paused 1ms+2ms
D/HomePlayerLib( 1654): hostaddress count is 1
D/dalvikvm( 1654): GC_CONCURRENT freed 403K, 72% free 1842K/6403K, paused 1ms+1ms
D/dalvikvm( 1654): GC_CONCURRENT freed 426K, 72% free 1825K/6403K, paused 1ms+2ms
D/dalvikvm( 1654): GC_CONCURRENT freed 390K, 72% free 1827K/6403K, paused 2ms+1ms
D/dalvikvm( 1654): GC_CONCURRENT freed 393K, 72% free 1826K/6403K, paused 2ms+1ms
D/dalvikvm( 1654): GC_CONCURRENT freed 390K, 72% free 1827K/6403K, paused 1ms+1ms
D/dalvikvm( 1654): GC_CONCURRENT freed 393K, 72% free 1827K/6403K, paused 1ms+2ms
W/System.err( 1262): org.apache.http.conn.HttpHostConnectException: Connection to http://cibn-iepg.longvisionmedia.com:8881 refused
W/System.err( 1262):    at org.apache.http.impl.conn.DefaultClientConnectionOperator.openConnection(DefaultClientConnectionOperator.java:183)
W/System.err( 1262):    at org.apache.http.impl.conn.AbstractPoolEntry.open(AbstractPoolEntry.java:164)
W/System.err( 1262):    at org.apache.http.impl.conn.AbstractPooledConnAdapter.open(AbstractPooledConnAdapter.java:119)
W/System.err( 1262):    at org.apache.http.impl.client.DefaultRequestDirector.execute(DefaultRequestDirector.java:360)
W/System.err( 1262):    at org.apache.http.impl.client.AbstractHttpClient.execute(AbstractHttpClient.java:555)
W/System.err( 1262):    at org.apache.http.impl.client.AbstractHttpClient.execute(AbstractHttpClient.java:487)
W/System.err( 1262):    at org.apache.http.impl.client.AbstractHttpClient.execute(AbstractHttpClient.java:465)
W/System.err( 1262):    at com.coship.cibn.MainActivity.isConnectToServerByHttp(MainActivity.java:991)
W/System.err( 1262):    at com.coship.cibn.MainActivity.access$2000(MainActivity.java:137)
W/System.err( 1262):    at com.coship.cibn.MainActivity$4.run(MainActivity.java:956)
W/System.err( 1262):    at java.lang.Thread.run(Thread.java:856)
W/System.err( 1262): Caused by: java.net.ConnectException: failed to connect to /172.21.11.65 (port 8881) after 10000ms: isConnected failed: ECONNREFUSED (Connection refused)
W/System.err( 1262):    at libcore.io.IoBridge.isConnected(IoBridge.java:214)
W/System.err( 1262):    at libcore.io.IoBridge.connectErrno(IoBridge.java:152)
W/System.err( 1262):    at libcore.io.IoBridge.connect(IoBridge.java:112)
W/System.err( 1262):    at java.net.PlainSocketImpl.connect(PlainSocketImpl.java:192)
W/System.err( 1262):    at java.net.PlainSocketImpl.connect(PlainSocketImpl.java:459)
W/System.err( 1262):    at java.net.Socket.connect(Socket.java:842)
W/System.err( 1262):    at org.apache.http.conn.scheme.PlainSocketFactory.connectSocket(PlainSocketFactory.java:119)
W/System.err( 1262):    at org.apache.http.impl.conn.DefaultClientConnectionOperator.openConnection(DefaultClientConnectionOperator.java:144)
W/System.err( 1262):    ... 10 more
W/System.err( 1262): Caused by: libcore.io.ErrnoException: isConnected failed: ECONNREFUSED (Connection refused)
W/System.err( 1262):    at libcore.io.IoBridge.isConnected(IoBridge.java:201)
W/System.err( 1262):    ... 17 more
I/MainActivity( 1262): Can't Connect to PortalMS-Server!  Address: http://cibn-iepg.longvisionmedia.com:8881
D/dalvikvm( 1654): GC_CONCURRENT freed 393K, 72% free 1826K/6403K, paused 2ms+2ms
D/dalvikvm( 1654): GC_CONCURRENT freed 392K, 72% free 1828K/6403K, paused 1ms+2ms
D/dalvikvm( 1654): GC_CONCURRENT freed 406K, 72% free 1825K/6403K, paused 1ms+1ms
D/dalvikvm( 1654): GC_CONCURRENT freed 370K, 72% free 1850K/6403K, paused 1ms+1ms
D/dalvikvm( 1654): GC_CONCURRENT freed 422K, 72% free 1822K/6403K, paused 1ms+1ms
D/dalvikvm( 1654): GC_CONCURRENT freed 392K, 72% free 1823K/6403K, paused 1ms+1ms
D/dalvikvm( 1654): GC_CONCURRENT freed 393K, 72% free 1823K/6403K, paused 1ms+2ms
D/dalvikvm( 1654): GC_CONCURRENT freed 392K, 72% free 1823K/6403K, paused 1ms+1ms
D/dalvikvm( 1654): GC_CONCURRENT freed 391K, 71% free 1879K/6403K, paused 1ms+2ms
D/dalvikvm( 1654): GC_CONCURRENT freed 466K, 72% free 1802K/6403K, paused 1ms+2ms
D/dalvikvm( 1654): GC_CONCURRENT freed 381K, 72% free 1824K/6403K, paused 1ms+2ms
D/dalvikvm( 1654): GC_CONCURRENT freed 395K, 72% free 1822K/6403K, paused 1ms+1ms
D/dalvikvm( 1654): GC_CONCURRENT freed 393K, 70% free 1929K/6403K, paused 1ms+2ms
W/System.err( 1262): org.apache.http.conn.HttpHostConnectException: Connection to http://cibn-iepg.longvisionmedia.com:8881 refused
W/System.err( 1262):    at org.apache.http.impl.conn.DefaultClientConnectionOperator.openConnection(DefaultClientConnectionOperator.java:183)
W/System.err( 1262):    at org.apache.http.impl.conn.AbstractPoolEntry.open(AbstractPoolEntry.java:164)
W/System.err( 1262):    at org.apache.http.impl.conn.AbstractPooledConnAdapter.open(AbstractPooledConnAdapter.java:119)
W/System.err( 1262):    at org.apache.http.impl.client.DefaultRequestDirector.execute(DefaultRequestDirector.java:360)
W/System.err( 1262):    at org.apache.http.impl.client.AbstractHttpClient.execute(AbstractHttpClient.java:555)
W/System.err( 1262):    at org.apache.http.impl.client.AbstractHttpClient.execute(AbstractHttpClient.java:487)
W/System.err( 1262):    at org.apache.http.impl.client.AbstractHttpClient.execute(AbstractHttpClient.java:465)
W/System.err( 1262):    at com.coship.cibn.MainActivity.isConnectToServerByHttp(MainActivity.java:991)
W/System.err( 1262):    at com.coship.cibn.MainActivity.access$2000(MainActivity.java:137)
W/System.err( 1262):    at com.coship.cibn.MainActivity$4.run(MainActivity.java:956)
W/System.err( 1262):    at java.lang.Thread.run(Thread.java:856)
W/System.err( 1262): Caused by: java.net.ConnectException: failed to connect to /172.21.11.65 (port 8881) after 10000ms: isConnected failed: ECONNREFUSED (Connection refused)
W/System.err( 1262):    at libcore.io.IoBridge.isConnected(IoBridge.java:214)
W/System.err( 1262):    at libcore.io.IoBridge.connectErrno(IoBridge.java:152)
W/System.err( 1262):    at libcore.io.IoBridge.connect(IoBridge.java:112)
W/System.err( 1262):    at java.net.PlainSocketImpl.connect(PlainSocketImpl.java:192)
W/System.err( 1262):    at java.net.PlainSocketImpl.connect(PlainSocketImpl.java:459)
W/System.err( 1262):    at java.net.Socket.connect(Socket.java:842)
W/System.err( 1262):    at org.apache.http.conn.scheme.PlainSocketFactory.connectSocket(PlainSocketFactory.java:119)
W/System.err( 1262):    at org.apache.http.impl.conn.DefaultClientConnectionOperator.openConnection(DefaultClientConnectionOperator.java:144)
W/System.err( 1262):    ... 10 more
W/System.err( 1262): Caused by: libcore.io.ErrnoException: isConnected failed: ECONNREFUSED (Connection refused)
W/System.err( 1262):    at libcore.io.IoBridge.isConnected(IoBridge.java:201)
W/System.err( 1262):    ... 17 more
I/MainActivity( 1262): Can't Connect to PortalMS-Server!  Address: http://cibn-iepg.longvisionmedia.com:8881
D/dalvikvm( 1654): GC_CONCURRENT freed 512K, 71% free 1870K/6403K, paused 1ms+1ms
D/dalvikvm( 1654): GC_CONCURRENT freed 444K, 70% free 1937K/6403K, paused 1ms+2ms
D/dalvikvm( 1654): GC_CONCURRENT freed 516K, 70% free 1926K/6403K, paused 1ms+2ms
D/dalvikvm( 1654): GC_CONCURRENT freed 487K, 72% free 1830K/6403K, paused 2ms+2ms
D/dalvikvm( 1654): GC_CONCURRENT freed 404K, 70% free 1937K/6403K, paused 1ms+2ms
D/dalvikvm( 1654): GC_CONCURRENT freed 517K, 70% free 1926K/6403K, paused 2ms+1ms
D/dalvikvm( 1654): GC_CONCURRENT freed 488K, 72% free 1829K/6403K, paused 2ms+1ms
W/System.err( 1262): org.apache.http.conn.HttpHostConnectException: Connection to http://cibn-iepg.longvisionmedia.com:8881 refused
W/System.err( 1262):    at org.apache.http.impl.conn.DefaultClientConnectionOperator.openConnection(DefaultClientConnectionOperator.java:183)
W/System.err( 1262):    at org.apache.http.impl.conn.AbstractPoolEntry.open(AbstractPoolEntry.java:164)
W/System.err( 1262):    at org.apache.http.impl.conn.AbstractPooledConnAdapter.open(AbstractPooledConnAdapter.java:119)
W/System.err( 1262):    at org.apache.http.impl.client.DefaultRequestDirector.execute(DefaultRequestDirector.java:360)
W/System.err( 1262):    at org.apache.http.impl.client.AbstractHttpClient.execute(AbstractHttpClient.java:555)
W/System.err( 1262):    at org.apache.http.impl.client.AbstractHttpClient.execute(AbstractHttpClient.java:487)
W/System.err( 1262):    at org.apache.http.impl.client.AbstractHttpClient.execute(AbstractHttpClient.java:465)
W/System.err( 1262):    at com.coship.cibn.MainActivity.isConnectToServerByHttp(MainActivity.java:991)
W/System.err( 1262):    at com.coship.cibn.MainActivity.access$2000(MainActivity.java:137)
W/System.err( 1262):    at com.coship.cibn.MainActivity$4.run(MainActivity.java:956)
W/System.err( 1262):    at java.lang.Thread.run(Thread.java:856)
W/System.err( 1262): Caused by: java.net.ConnectException: failed to connect to /172.21.11.65 (port 8881) after 10000ms: isConnected failed: ECONNREFUSED (Connection refused)
W/System.err( 1262):    at libcore.io.IoBridge.isConnected(IoBridge.java:214)
W/System.err( 1262):    at libcore.io.IoBridge.connectErrno(IoBridge.java:152)
W/System.err( 1262):    at libcore.io.IoBridge.connect(IoBridge.java:112)
W/System.err( 1262):    at java.net.PlainSocketImpl.connect(PlainSocketImpl.java:192)
W/System.err( 1262):    at java.net.PlainSocketImpl.connect(PlainSocketImpl.java:459)
W/System.err( 1262):    at java.net.Socket.connect(Socket.java:842)
W/System.err( 1262):    at org.apache.http.conn.scheme.PlainSocketFactory.connectSocket(PlainSocketFactory.java:119)
W/System.err( 1262):    at org.apache.http.impl.conn.DefaultClientConnectionOperator.openConnection(DefaultClientConnectionOperator.java:144)
W/System.err( 1262):    ... 10 more
W/System.err( 1262): Caused by: libcore.io.ErrnoException: isConnected failed: ECONNREFUSED (Connection refused)
W/System.err( 1262):    at libcore.io.IoBridge.isConnected(IoBridge.java:201)
W/System.err( 1262):    ... 17 more
I/MainActivity( 1262): Can't Connect to PortalMS-Server!  Address: http://cibn-iepg.longvisionmedia.com:8881
D/HomePlayerLib( 1654): hostaddress count is 1
D/dalvikvm( 1654): GC_CONCURRENT freed 411K, 70% free 1923K/6403K, paused 1ms+1ms
D/dalvikvm( 1654): GC_CONCURRENT freed 497K, 70% free 1932K/6403K, paused 2ms+2ms
D/dalvikvm( 1654): GC_CONCURRENT freed 508K, 70% free 1930K/6403K, paused 1ms+1ms
D/dalvikvm( 1654): GC_CONCURRENT freed 477K, 70% free 1964K/6403K, paused 1ms+1ms
D/dalvikvm( 1654): GC_CONCURRENT freed 551K, 72% free 1805K/6403K, paused 2ms+1ms
D/dalvikvm( 1654): GC_CONCURRENT freed 387K, 70% free 1929K/6403K, paused 1ms+1ms
D/dalvikvm( 1654): GC_CONCURRENT freed 492K, 70% free 1949K/6403K, paused 1ms+1ms
D/dalvikvm( 1654): GC_CONCURRENT freed 515K, 72% free 1830K/6403K, paused 1ms+1ms
W/System.err( 1262): org.apache.http.conn.HttpHostConnectException: Connection to http://cibn-iepg.longvisionmedia.com:8881 refused
W/System.err( 1262):    at org.apache.http.impl.conn.DefaultClientConnectionOperator.openConnection(DefaultClientConnectionOperator.java:183)
W/System.err( 1262):    at org.apache.http.impl.conn.AbstractPoolEntry.open(AbstractPoolEntry.java:164)
W/System.err( 1262):    at org.apache.http.impl.conn.AbstractPooledConnAdapter.open(AbstractPooledConnAdapter.java:119)
W/System.err( 1262):    at org.apache.http.impl.client.DefaultRequestDirector.execute(DefaultRequestDirector.java:360)
W/System.err( 1262):    at org.apache.http.impl.client.AbstractHttpClient.execute(AbstractHttpClient.java:555)
W/System.err( 1262):    at org.apache.http.impl.client.AbstractHttpClient.execute(AbstractHttpClient.java:487)
W/System.err( 1262):    at org.apache.http.impl.client.AbstractHttpClient.execute(AbstractHttpClient.java:465)
W/System.err( 1262):    at com.coship.cibn.MainActivity.isConnectToServerByHttp(MainActivity.java:991)
W/System.err( 1262):    at com.coship.cibn.MainActivity.access$2000(MainActivity.java:137)
W/System.err( 1262):    at com.coship.cibn.MainActivity$4.run(MainActivity.java:956)
W/System.err( 1262):    at java.lang.Thread.run(Thread.java:856)
W/System.err( 1262): Caused by: java.net.ConnectException: failed to connect to /172.21.11.65 (port 8881) after 10000ms: isConnected failed: ECONNREFUSED (Connection refused)
W/System.err( 1262):    at libcore.io.IoBridge.isConnected(IoBridge.java:214)
W/System.err( 1262):    at libcore.io.IoBridge.connectErrno(IoBridge.java:152)
W/System.err( 1262):    at libcore.io.IoBridge.connect(IoBridge.java:112)
W/System.err( 1262):    at java.net.PlainSocketImpl.connect(PlainSocketImpl.java:192)
W/System.err( 1262):    at java.net.PlainSocketImpl.connect(PlainSocketImpl.java:459)
W/System.err( 1262):    at java.net.Socket.connect(Socket.java:842)
W/System.err( 1262):    at org.apache.http.conn.scheme.PlainSocketFactory.connectSocket(PlainSocketFactory.java:119)
W/System.err( 1262):    at org.apache.http.impl.conn.DefaultClientConnectionOperator.openConnection(DefaultClientConnectionOperator.java:144)
W/System.err( 1262):    ... 10 more
W/System.err( 1262): Caused by: libcore.io.ErrnoException: isConnected failed: ECONNREFUSED (Connection refused)
W/System.err( 1262):    at libcore.io.IoBridge.isConnected(IoBridge.java:201)
W/System.err( 1262):    ... 17 more
I/MainActivity( 1262): Can't Connect to PortalMS-Server!  Address: http://cibn-iepg.longvisionmedia.com:8881
W/System.err( 1262): org.apache.http.conn.HttpHostConnectException: Connection to http://cibn-iepg.longvisionmedia.com:8881 refused
W/System.err( 1262):    at org.apache.http.impl.conn.DefaultClientConnectionOperator.openConnection(DefaultClientConnectionOperator.java:183)
W/System.err( 1262):    at org.apache.http.impl.conn.AbstractPoolEntry.open(AbstractPoolEntry.java:164)
W/System.err( 1262):    at org.apache.http.impl.conn.AbstractPooledConnAdapter.open(AbstractPooledConnAdapter.java:119)
W/System.err( 1262):    at org.apache.http.impl.client.DefaultRequestDirector.execute(DefaultRequestDirector.java:360)
W/System.err( 1262):    at org.apache.http.impl.client.AbstractHttpClient.execute(AbstractHttpClient.java:555)
W/System.err( 1262):    at org.apache.http.impl.client.AbstractHttpClient.execute(AbstractHttpClient.java:487)
W/System.err( 1262):    at org.apache.http.impl.client.AbstractHttpClient.execute(AbstractHttpClient.java:465)
W/System.err( 1262):    at com.coship.cibn.MainActivity.isConnectToServerByHttp(MainActivity.java:991)
W/System.err( 1262):    at com.coship.cibn.MainActivity.access$2000(MainActivity.java:137)
W/System.err( 1262):    at com.coship.cibn.MainActivity$4.run(MainActivity.java:956)
W/System.err( 1262):    at java.lang.Thread.run(Thread.java:856)
W/System.err( 1262): Caused by: java.net.ConnectException: failed to connect to /172.21.11.65 (port 8881) after 10000ms: isConnected failed: ECONNREFUSED (Connection refused)
W/System.err( 1262):    at libcore.io.IoBridge.isConnected(IoBridge.java:214)
W/System.err( 1262):    at libcore.io.IoBridge.connectErrno(IoBridge.java:152)
W/System.err( 1262):    at libcore.io.IoBridge.connect(IoBridge.java:112)
W/System.err( 1262):    at java.net.PlainSocketImpl.connect(PlainSocketImpl.java:192)
W/System.err( 1262):    at java.net.PlainSocketImpl.connect(PlainSocketImpl.java:459)
W/System.err( 1262):    at java.net.Socket.connect(Socket.java:842)
W/System.err( 1262):    at org.apache.http.conn.scheme.PlainSocketFactory.connectSocket(PlainSocketFactory.java:119)
W/System.err( 1262):    at org.apache.http.impl.conn.DefaultClientConnectionOperator.openConnection(DefaultClientConnectionOperator.java:144)
W/System.err( 1262):    ... 10 more
W/System.err( 1262): Caused by: libcore.io.ErrnoException: isConnected failed: ECONNREFUSED (Connection refused)
W/System.err( 1262):    at libcore.io.IoBridge.isConnected(IoBridge.java:201)
W/System.err( 1262):    ... 17 more
I/MainActivity( 1262): Can't Connect to PortalMS-Server!  Address: http://cibn-iepg.longvisionmedia.com:8881
D/dalvikvm( 1654): GC_CONCURRENT freed 404K, 72% free 1811K/6403K, paused 1ms+1ms
D/dalvikvm( 1654): GC_CONCURRENT freed 394K, 72% free 1810K/6403K, paused 1ms+2ms
D/dalvikvm( 1654): GC_CONCURRENT freed 393K, 70% free 1925K/6403K, paused 1ms+1ms
D/dalvikvm( 1654): GC_CONCURRENT freed 487K, 71% free 1911K/6403K, paused 1ms+2ms
D/dalvikvm( 1654): GC_CONCURRENT freed 485K, 70% free 1937K/6403K, paused 1ms+1ms
W/System.err( 1262): org.apache.http.conn.HttpHostConnectException: Connection to http://cibn-iepg.longvisionmedia.com:8881 refused
W/System.err( 1262):    at org.apache.http.impl.conn.DefaultClientConnectionOperator.openConnection(DefaultClientConnectionOperator.java:183)
W/System.err( 1262):    at org.apache.http.impl.conn.AbstractPoolEntry.open(AbstractPoolEntry.java:164)
W/System.err( 1262):    at org.apache.http.impl.conn.AbstractPooledConnAdapter.open(AbstractPooledConnAdapter.java:119)
W/System.err( 1262):    at org.apache.http.impl.client.DefaultRequestDirector.execute(DefaultRequestDirector.java:360)
W/System.err( 1262):    at org.apache.http.impl.client.AbstractHttpClient.execute(AbstractHttpClient.java:555)
W/System.err( 1262):    at org.apache.http.impl.client.AbstractHttpClient.execute(AbstractHttpClient.java:487)
W/System.err( 1262):    at org.apache.http.impl.client.AbstractHttpClient.execute(AbstractHttpClient.java:465)
W/System.err( 1262):    at com.coship.cibn.MainActivity.isConnectToServerByHttp(MainActivity.java:991)
W/System.err( 1262):    at com.coship.cibn.MainActivity.access$2000(MainActivity.java:137)
W/System.err( 1262):    at com.coship.cibn.MainActivity$4.run(MainActivity.java:956)
W/System.err( 1262):    at java.lang.Thread.run(Thread.java:856)
W/System.err( 1262): Caused by: java.net.ConnectException: failed to connect to /172.21.11.65 (port 8881) after 10000ms: isConnected failed: ECONNREFUSED (Connection refused)
W/System.err( 1262):    at libcore.io.IoBridge.isConnected(IoBridge.java:214)
W/System.err( 1262):    at libcore.io.IoBridge.connectErrno(IoBridge.java:152)
W/System.err( 1262):    at libcore.io.IoBridge.connect(IoBridge.java:112)
W/System.err( 1262):    at java.net.PlainSocketImpl.connect(PlainSocketImpl.java:192)
W/System.err( 1262):    at java.net.PlainSocketImpl.connect(PlainSocketImpl.java:459)
W/System.err( 1262):    at java.net.Socket.connect(Socket.java:842)
W/System.err( 1262):    at org.apache.http.conn.scheme.PlainSocketFactory.connectSocket(PlainSocketFactory.java:119)
W/System.err( 1262):    at org.apache.http.impl.conn.DefaultClientConnectionOperator.openConnection(DefaultClientConnectionOperator.java:144)
W/System.err( 1262):    ... 10 more
W/System.err( 1262): Caused by: libcore.io.ErrnoException: isConnected failed: ECONNREFUSED (Connection refused)
W/System.err( 1262):    at libcore.io.IoBridge.isConnected(IoBridge.java:201)
W/System.err( 1262):    ... 17 more
I/MainActivity( 1262): Can't Connect to PortalMS-Server!  Address: http://cibn-iepg.longvisionmedia.com:8881
D/dalvikvm( 1654): GC_CONCURRENT freed 514K, 70% free 1928K/6403K, paused 1ms+2ms
D/HomePlayerLib( 1654): hostaddress count is 1
D/dalvikvm( 1654): GC_CONCURRENT freed 503K, 70% free 1928K/6403K, paused 2ms+1ms
D/dalvikvm( 1654): GC_CONCURRENT freed 498K, 70% free 1929K/6403K, paused 1ms+1ms
D/dalvikvm( 1654): GC_CONCURRENT freed 487K, 72% free 1832K/6403K, paused 1ms+1ms
D/dalvikvm( 1654): GC_CONCURRENT freed 407K, 70% free 1936K/6403K, paused 1ms+2ms
D/dalvikvm( 1654): GC_CONCURRENT freed 508K, 72% free 1817K/6403K, paused 1ms+1ms
D/dalvikvm( 1654): GC_CONCURRENT freed 394K, 70% free 1922K/6403K, paused 1ms+1ms
W/System.err( 1606): java.net.UnknownHostException: Unable to resolve host "vitv.voicecloud.cn": No address associated with hostname
W/System.err( 1606):    at java.net.InetAddress.lookupHostByName(InetAddress.java:426)
W/System.err( 1606):    at java.net.InetAddress.getAllByNameImpl(InetAddress.java:242)
W/System.err( 1606):    at java.net.InetAddress.getAllByName(InetAddress.java:220)
W/System.err( 1606):    at libcore.net.http.HttpConnection.<init>(HttpConnection.java:71)
W/System.err( 1606):    at libcore.net.http.HttpConnection.<init>(HttpConnection.java:50)
W/System.err( 1606):    at libcore.net.http.HttpConnection$Address.connect(HttpConnection.java:351)
W/System.err( 1606):    at libcore.net.http.HttpConnectionPool.get(HttpConnectionPool.java:86)
W/System.err( 1606):    at libcore.net.http.HttpConnection.connect(HttpConnection.java:128)
W/System.err( 1606):    at libcore.net.http.HttpEngine.openSocketConnection(HttpEngine.java:308)
W/System.err( 1606):    at libcore.net.http.HttpEngine.connect(HttpEngine.java:303)
W/System.err( 1606):    at libcore.net.http.HttpEngine.sendSocketRequest(HttpEngine.java:282)
W/System.err( 1606):    at libcore.net.http.HttpEngine.sendRequest(HttpEngine.java:232)
W/System.err( 1606):    at libcore.net.http.HttpURLConnectionImpl.getResponse(HttpURLConnectionImpl.java:273)
W/System.err( 1606):    at libcore.net.http.HttpURLConnectionImpl.getResponseCode(HttpURLConnectionImpl.java:479)
W/System.err( 1606):    at com.iflytek.push.PushMsgCenter.down(PushMsgCenter.java:270)
W/System.err( 1606):    at com.iflytek.push.PushMsgCenter.access$500(PushMsgCenter.java:37)
W/System.err( 1606):    at com.iflytek.push.PushMsgCenter$2.run(PushMsgCenter.java:175)
W/System.err( 1606):    at java.lang.Thread.run(Thread.java:856)
W/System.err( 1606): Caused by: libcore.io.GaiException: getaddrinfo failed: EAI_NODATA (No address associated with hostname)
W/System.err( 1606):    at libcore.io.Posix.getaddrinfo(Native Method)
W/System.err( 1606):    at libcore.io.ForwardingOs.getaddrinfo(ForwardingOs.java:55)
W/System.err( 1606):    at java.net.InetAddress.lookupHostByName(InetAddress.java:411)
W/System.err( 1606):    ... 17 more
D/dalvikvm( 1654): GC_CONCURRENT freed 496K, 71% free 1886K/6403K, paused 1ms+2ms
D/dalvikvm( 1654): GC_CONCURRENT freed 463K, 72% free 1825K/6403K, paused 2ms+2ms
D/dalvikvm( 1654): GC_CONCURRENT freed 396K, 72% free 1823K/6403K, paused 2ms+2ms
D/CheckNetWork( 1637): isOk true
D/CheckNetWork( 1637): ActInfoNetworkInfo: type: ETH[], state: CONNECTED/CONNECTED, reason: (unspecified), extra: (none), roaming: false, failover: false, isAvailable: true
D/CheckNetWork( 1637): infoNetworkInfo: type: ETH[], state: CONNECTED/CONNECTED, reason: (unspecified), extra: (none), roaming: false, failover: false, isAvailable: true
D/dalvikvm( 1654): GC_CONCURRENT freed 391K, 72% free 1824K/6403K, paused 2ms+2ms
D/dalvikvm( 1654): GC_CONCURRENT freed 391K, 72% free 1824K/6403K, paused 1ms+1ms
D/dalvikvm( 1654): GC_CONCURRENT freed 393K, 72% free 1824K/6403K, paused 1ms+1ms
D/dalvikvm( 1654): GC_CONCURRENT freed 392K, 72% free 1829K/6403K, paused 1ms+1ms
W/System.err( 1262): org.apache.http.conn.HttpHostConnectException: Connection to http://cibn-iepg.longvisionmedia.com:8881 refused
W/System.err( 1262):    at org.apache.http.impl.conn.DefaultClientConnectionOperator.openConnection(DefaultClientConnectionOperator.java:183)
W/System.err( 1262):    at org.apache.http.impl.conn.AbstractPoolEntry.open(AbstractPoolEntry.java:164)
W/System.err( 1262):    at org.apache.http.impl.conn.AbstractPooledConnAdapter.open(AbstractPooledConnAdapter.java:119)
W/System.err( 1262):    at org.apache.http.impl.client.DefaultRequestDirector.execute(DefaultRequestDirector.java:360)
W/System.err( 1262):    at org.apache.http.impl.client.AbstractHttpClient.execute(AbstractHttpClient.java:555)
W/System.err( 1262):    at org.apache.http.impl.client.AbstractHttpClient.execute(AbstractHttpClient.java:487)
W/System.err( 1262):    at org.apache.http.impl.client.AbstractHttpClient.execute(AbstractHttpClient.java:465)
W/System.err( 1262):    at com.coship.cibn.MainActivity.isConnectToServerByHttp(MainActivity.java:991)
W/System.err( 1262):    at com.coship.cibn.MainActivity.access$2000(MainActivity.java:137)
W/System.err( 1262):    at com.coship.cibn.MainActivity$4.run(MainActivity.java:956)
W/System.err( 1262):    at java.lang.Thread.run(Thread.java:856)
W/System.err( 1262): Caused by: java.net.ConnectException: failed to connect to /172.21.11.65 (port 8881) after 10000ms: isConnected failed: ECONNREFUSED (Connection refused)
W/System.err( 1262):    at libcore.io.IoBridge.isConnected(IoBridge.java:214)
W/System.err( 1262):    at libcore.io.IoBridge.connectErrno(IoBridge.java:152)
W/System.err( 1262):    at libcore.io.IoBridge.connect(IoBridge.java:112)
W/System.err( 1262):    at java.net.PlainSocketImpl.connect(PlainSocketImpl.java:192)
W/System.err( 1262):    at java.net.PlainSocketImpl.connect(PlainSocketImpl.java:459)
W/System.err( 1262):    at java.net.Socket.connect(Socket.java:842)
W/System.err( 1262):    at org.apache.http.conn.scheme.PlainSocketFactory.connectSocket(PlainSocketFactory.java:119)
W/System.err( 1262):    at org.apache.http.impl.conn.DefaultClientConnectionOperator.openConnection(DefaultClientConnectionOperator.java:144)
W/System.err( 1262):    ... 10 more
W/System.err( 1262): Caused by: libcore.io.ErrnoException: isConnected failed: ECONNREFUSED (Connection refused)
W/System.err( 1262):    at libcore.io.IoBridge.isConnected(IoBridge.java:201)
W/System.err( 1262):    ... 17 more
I/MainActivity( 1262): Can't Connect to PortalMS-Server!  Address: http://cibn-iepg.longvisionmedia.com:8881
D/dalvikvm( 1654): GC_CONCURRENT freed 413K, 72% free 1824K/6403K, paused 1ms+1ms
D/dalvikvm( 1654): GC_CONCURRENT freed 396K, 72% free 1823K/6403K, paused 1ms+1ms
D/dalvikvm( 1654): GC_CONCURRENT freed 391K, 72% free 1823K/6403K, paused 1ms+1ms
D/dalvikvm( 1654): GC_CONCURRENT freed 393K, 72% free 1823K/6403K, paused 2ms+2ms
D/dalvikvm( 1654): GC_CONCURRENT freed 404K, 72% free 1835K/6403K, paused 1ms+1ms
D/HomePlayerLib( 1654): hostaddress count is 1
D/dalvikvm( 1654): GC_CONCURRENT freed 415K, 71% free 1873K/6403K, paused 1ms+1ms
D/dalvikvm( 1654): GC_CONCURRENT freed 435K, 72% free 1835K/6403K, paused 1ms+1ms
D/dalvikvm( 1654): GC_CONCURRENT freed 412K, 72% free 1813K/6403K, paused 1ms+1ms
D/dalvikvm( 1654): GC_CONCURRENT freed 389K, 72% free 1824K/6403K, paused 2ms+2ms
D/dalvikvm( 1654): GC_CONCURRENT freed 405K, 72% free 1828K/6403K, paused 1ms+2ms
D/dalvikvm( 1654): GC_CONCURRENT freed 393K, 72% free 1827K/6403K, paused 1ms+1ms
D/dalvikvm( 1654): GC_CONCURRENT freed 391K, 72% free 1828K/6403K, paused 1ms+2ms
D/dalvikvm( 1654): GC_CONCURRENT freed 395K, 72% free 1846K/6403K, paused 1ms+1ms
D/dalvikvm( 1654): GC_CONCURRENT freed 412K, 72% free 1827K/6403K, paused 2ms+2ms
D/dalvikvm( 1654): GC_CONCURRENT freed 406K, 72% free 1825K/6403K, paused 1ms+2ms
D/dalvikvm( 1654): GC_CONCURRENT freed 395K, 72% free 1823K/6403K, paused 2ms+1ms
D/dalvikvm( 1654): GC_CONCURRENT freed 393K, 72% free 1823K/6403K, paused 2ms+1ms
D/dalvikvm( 1654): GC_CONCURRENT freed 393K, 70% free 1929K/6403K, paused 1ms+1ms
D/UploadCheckerService( 1364): Can't Connect to CIBN_SERVER_PATH!  Address: http://tms.cibntest.ysten.com:8080/
D/UploadCheckerService( 1364): Can't Connect to CIBN_SERVER_PATH!  retryTime is : 47
D/dalvikvm( 1654): GC_CONCURRENT freed 512K, 72% free 1806K/6403K, paused 1ms+1ms
D/dalvikvm( 1654): GC_CONCURRENT freed 377K, 70% free 1931K/6403K, paused 2ms+1ms
D/dalvikvm( 1654): GC_CONCURRENT freed 503K, 72% free 1821K/6403K, paused 1ms+2ms
W/System.err( 1262): org.apache.http.conn.HttpHostConnectException: Connection to http://cibn-iepg.longvisionmedia.com:8881 refused
W/System.err( 1262):    at org.apache.http.impl.conn.DefaultClientConnectionOperator.openConnection(DefaultClientConnectionOperator.java:183)
W/System.err( 1262):    at org.apache.http.impl.conn.AbstractPoolEntry.open(AbstractPoolEntry.java:164)
W/System.err( 1262):    at org.apache.http.impl.conn.AbstractPooledConnAdapter.open(AbstractPooledConnAdapter.java:119)
W/System.err( 1262):    at org.apache.http.impl.client.DefaultRequestDirector.execute(DefaultRequestDirector.java:360)
W/System.err( 1262):    at org.apache.http.impl.client.AbstractHttpClient.execute(AbstractHttpClient.java:555)
W/System.err( 1262):    at org.apache.http.impl.client.AbstractHttpClient.execute(AbstractHttpClient.java:487)
W/System.err( 1262):    at org.apache.http.impl.client.AbstractHttpClient.execute(AbstractHttpClient.java:465)
W/System.err( 1262):    at com.coship.cibn.MainActivity.isConnectToServerByHttp(MainActivity.java:991)
W/System.err( 1262):    at com.coship.cibn.MainActivity.access$2000(MainActivity.java:137)
W/System.err( 1262):    at com.coship.cibn.MainActivity$4.run(MainActivity.java:956)
W/System.err( 1262):    at java.lang.Thread.run(Thread.java:856)
W/System.err( 1262): Caused by: java.net.ConnectException: failed to connect to /172.21.11.65 (port 8881) after 10000ms: isConnected failed: ECONNREFUSED (Connection refused)
W/System.err( 1262):    at libcore.io.IoBridge.isConnected(IoBridge.java:214)
W/System.err( 1262):    at libcore.io.IoBridge.connectErrno(IoBridge.java:152)
W/System.err( 1262):    at libcore.io.IoBridge.connect(IoBridge.java:112)
D/dalvikvm( 1654): GC_CONCURRENT freed 394K, 72% free 1837K/6403K, paused 1ms+2ms
W/System.err( 1262):    at java.net.PlainSocketImpl.connect(PlainSocketImpl.java:192)
W/System.err( 1262):    at java.net.PlainSocketImpl.connect(PlainSocketImpl.java:459)
W/System.err( 1262):    at java.net.Socket.connect(Socket.java:842)
W/System.err( 1262):    at org.apache.http.conn.scheme.PlainSocketFactory.connectSocket(PlainSocketFactory.java:119)
W/System.err( 1262):    at org.apache.http.impl.conn.DefaultClientConnectionOperator.openConnection(DefaultClientConnectionOperator.java:144)
W/System.err( 1262):    ... 10 more
W/System.err( 1262): Caused by: libcore.io.ErrnoException: isConnected failed: ECONNREFUSED (Connection refused)
W/System.err( 1262):    at libcore.io.IoBridge.isConnected(IoBridge.java:201)
W/System.err( 1262):    ... 17 more
I/MainActivity( 1262): Can't Connect to PortalMS-Server!  Address: http://cibn-iepg.longvisionmedia.com:8881
D/dalvikvm( 1654): GC_CONCURRENT freed 406K, 72% free 1824K/6403K, paused 2ms+2ms
D/UploadCheckerService( 1364): Can't Connect to CIBN_SERVER_PATH!  Address: http://tms.cibntest.ysten.com:8080/
D/UploadCheckerService( 1364): Can't Connect to CIBN_SERVER_PATH!  retryTime is : 48
D/UploadCheckerService( 1364): Can't Connect to CIBN_SERVER_PATH!  Address: http://tms.cibntest.ysten.com:8080/
D/UploadCheckerService( 1364): Can't Connect to CIBN_SERVER_PATH!  retryTime is : 49
W/System.err( 1262): org.apache.http.conn.HttpHostConnectException: Connection to http://cibn-iepg.longvisionmedia.com:8881 refused
W/System.err( 1262):    at org.apache.http.impl.conn.DefaultClientConnectionOperator.openConnection(DefaultClientConnectionOperator.java:183)
W/System.err( 1262):    at org.apache.http.impl.conn.AbstractPoolEntry.open(AbstractPoolEntry.java:164)
W/System.err( 1262):    at org.apache.http.impl.conn.AbstractPooledConnAdapter.open(AbstractPooledConnAdapter.java:119)
W/System.err( 1262):    at org.apache.http.impl.client.DefaultRequestDirector.execute(DefaultRequestDirector.java:360)
W/System.err( 1262):    at org.apache.http.impl.client.AbstractHttpClient.execute(AbstractHttpClient.java:555)
W/System.err( 1262):    at org.apache.http.impl.client.AbstractHttpClient.execute(AbstractHttpClient.java:487)
W/System.err( 1262):    at org.apache.http.impl.client.AbstractHttpClient.execute(AbstractHttpClient.java:465)
W/System.err( 1262):    at com.coship.cibn.MainActivity.isConnectToServerByHttp(MainActivity.java:991)
W/System.err( 1262):    at com.coship.cibn.MainActivity.access$2000(MainActivity.java:137)
W/System.err( 1262):    at com.coship.cibn.MainActivity$4.run(MainActivity.java:956)
W/System.err( 1262):    at java.lang.Thread.run(Thread.java:856)
W/System.err( 1262): Caused by: java.net.ConnectException: failed to connect to /172.21.11.65 (port 8881) after 10000ms: isConnected failed: ECONNREFUSED (Connection refused)
W/System.err( 1262):    at libcore.io.IoBridge.isConnected(IoBridge.java:214)
W/System.err( 1262):    at libcore.io.IoBridge.connectErrno(IoBridge.java:152)
W/System.err( 1262):    at libcore.io.IoBridge.connect(IoBridge.java:112)
W/System.err( 1262):    at java.net.PlainSocketImpl.connect(PlainSocketImpl.java:192)
W/System.err( 1262):    at java.net.PlainSocketImpl.connect(PlainSocketImpl.java:459)
W/System.err( 1262):    at java.net.Socket.connect(Socket.java:842)
W/System.err( 1262):    at org.apache.http.conn.scheme.PlainSocketFactory.connectSocket(PlainSocketFactory.java:119)
W/System.err( 1262):    at org.apache.http.impl.conn.DefaultClientConnectionOperator.openConnection(DefaultClientConnectionOperator.java:144)
W/System.err( 1262):    ... 10 more
W/System.err( 1262): Caused by: libcore.io.ErrnoException: isConnected failed: ECONNREFUSED (Connection refused)
W/System.err( 1262):    at libcore.io.IoBridge.isConnected(IoBridge.java:201)
W/System.err( 1262):    ... 17 more
I/MainActivity( 1262): Can't Connect to PortalMS-Server!  Address: http://cibn-iepg.longvisionmedia.com:8881
D/HomePlayerLib( 1654): hostaddress count is 1
D/dalvikvm( 1654): GC_CONCURRENT freed 411K, 72% free 1817K/6403K, paused 2ms+2ms
D/dalvikvm( 1654): GC_CONCURRENT freed 388K, 72% free 1822K/6403K, paused 1ms+1ms
D/dalvikvm( 1654): GC_CONCURRENT freed 405K, 72% free 1826K/6403K, paused 1ms+1ms
D/dalvikvm( 1654): GC_CONCURRENT freed 390K, 72% free 1828K/6403K, paused 1ms+1ms
