V/DownloadThread( 1257): read_front--->
V/DownloadThread( 1257): read_bytesRead--->1440
V/DownloadThread( 1257): read_front--->
V/DownloadThread( 1257): read_bytesRead--->8192
V/DownloadThread( 1257): read_front--->
V/DownloadThread( 1257): read_bytesRead--->4768
V/DownloadThread( 1257): read_front--->
V/DownloadThread( 1257): read_bytesRead--->8192
V/DownloadThread( 1257): read_front--->
V/DownloadThread( 1257): read_bytesRead--->4768
V/DownloadThread( 1257): read_front--->
V/DownloadThread( 1257): read_bytesRead--->2880
V/DownloadThread( 1257): read_front--->
V/DownloadThread( 1257): read_bytesRead--->7200
V/DownloadThread( 1257): read_front--->
V/DownloadThread( 1257): read_bytesRead--->8192
V/DownloadThread( 1257): read_front--->
V/DownloadThread( 1257): read_bytesRead--->3328
V/DownloadThread( 1257): read_front--->
V/DownloadThread( 1257): read_bytesRead--->8192
V/DownloadThread( 1257): read_front--->
V/DownloadThread( 1257): read_bytesRead--->3328
V/DownloadThread( 1257): read_front--->
V/DownloadThread( 1257): read_bytesRead--->1440
V/DownloadThread( 1257): read_front--->
V/DownloadThread( 1257): read_bytesRead--->8192
V/DownloadThread( 1257): read_front--->
V/DownloadThread( 1257): read_bytesRead--->448
V/DownloadThread( 1257): read_front--->
V/DownloadThread( 1257): read_bytesRead--->5760
V/DownloadThread( 1257): read_front--->
V/DownloadThread( 1257): read_bytesRead--->2880
V/DownloadThread( 1257): read_front--->
V/DownloadThread( 1257): read_bytesRead--->4320
V/DownloadThread( 1257): read_front--->
V/DownloadThread( 1257): read_bytesRead--->8192
V/DownloadThread( 1257): read_bytesRead--->7200
V/DownloadThread( 1257): read_front--->
V/DownloadThread( 1257): read_front--->
V/DownloadThread( 1257): read_bytesRead--->1888
V/DownloadThread( 1257): read_front--->
V/DownloadThread( 1257): read_bytesRead--->5760
V/DownloadThread( 1257): read_front--->
V/DownloadThread( 1257): read_bytesRead--->8192
V/DownloadThread( 1257): read_bytesRead--->5760
V/DownloadThread( 1257): read_front--->
V/DownloadThread( 1257): read_front--->
D/dalvikvm( 1679): GC_CONCURRENT freed 682K, 63% free 2870K/7747K, paused 143ms+7ms
V/DownloadThread( 1257): read_bytesRead--->8192
V/DownloadThread( 1257): read_front--->
V/DownloadThread( 1257): read_bytesRead--->8192
V/DownloadThread( 1257): read_front--->
V/DownloadThread( 1257): read_bytesRead--->8192
V/DownloadThread( 1257): read_front--->
V/DownloadTask( 1257): finishedThreadNum--->0
V/DownloadTask( 1257): mThreadNum--->2
D/NetFirmwareService( 1257): DownloadConstants.TASK_STATUS_RUNNING
D/NetFirmwareService( 1257): MSG_UPDATE_PACKAGE_STATUS_CHANGE
V/NetFirmwareService( 1257): percentValue--->39
D/NetFirmwareService( 1257): Send broadcast of download progress.
V/DownloadThread( 1257): read_bytesRead--->8192
V/DownloadThread( 1257): read_front--->
V/DownloadThread( 1257): read_bytesRead--->8192
V/DownloadThread( 1257): read_front--->
V/DownloadThread( 1257): read_bytesRead--->8192
V/DownloadThread( 1257): read_front--->
V/DownloadThread( 1257): read_bytesRead--->8192
V/DownloadThread( 1257): read_front--->
V/DownloadThread( 1257): read_bytesRead--->8192
V/DownloadThread( 1257): read_front--->
V/DownloadThread( 1257): read_bytesRead--->3776
V/DownloadThread( 1257): read_front--->
V/DownloadThread( 1257): read_bytesRead--->7200
V/DownloadThread( 1257): read_front--->
V/DownloadThread( 1257): read_bytesRead--->2880
V/DownloadThread( 1257): read_front--->
V/DownloadThread( 1257): read_bytesRead--->8192
V/DownloadThread( 1257): read_front--->
V/DownloadThread( 1257): read_bytesRead--->8192
V/DownloadThread( 1257): read_front--->
V/DownloadThread( 1257): read_bytesRead--->8192
V/DownloadThread( 1257): read_front--->
V/DownloadThread( 1257): read_bytesRead--->8192
V/DownloadThread( 1257): read_front--->
V/DownloadThread( 1257): read_bytesRead--->3232
V/DownloadThread( 1257): read_front--->
V/DownloadThread( 1257): read_bytesRead--->8192
V/DownloadThread( 1257): read_front--->
V/DownloadThread( 1257): read_bytesRead--->6208
V/DownloadThread( 1257): read_front--->
V/DownloadThread( 1257): read_bytesRead--->8192
V/DownloadThread( 1257): read_front--->
V/DownloadThread( 1257): read_bytesRead--->3328
V/DownloadThread( 1257): read_front--->
V/DownloadThread( 1257): read_bytesRead--->1440
V/DownloadThread( 1257): read_front--->
V/DownloadThread( 1257): read_bytesRead--->4320
V/DownloadThread( 1257): read_front--->
V/DownloadThread( 1257): read_bytesRead--->4320
V/DownloadThread( 1257): read_front--->
V/DownloadThread( 1257): read_bytesRead--->1440
V/DownloadThread( 1257): read_front--->
V/DownloadThread( 1257): read_bytesRead--->8192
V/DownloadThread( 1257): read_front--->
V/DownloadThread( 1257): read_bytesRead--->6208
V/DownloadThread( 1257): read_front--->
V/DownloadThread( 1257): read_bytesRead--->1440
V/DownloadThread( 1257): read_front--->
V/DownloadThread( 1257): read_bytesRead--->8192
V/DownloadThread( 1257): read_front--->
V/DownloadThread( 1257): read_bytesRead--->1888
V/DownloadThread( 1257): read_front--->
V/DownloadThread( 1257): read_bytesRead--->7200
V/DownloadThread( 1257): read_front--->
V/DownloadThread( 1257): read_bytesRead--->4320
V/DownloadThread( 1257): read_front--->
V/DownloadThread( 1257): read_bytesRead--->1440
V/DownloadThread( 1257): read_front--->
V/DownloadThread( 1257): read_bytesRead--->1440
V/DownloadThread( 1257): read_front--->
V/DownloadThread( 1257): read_bytesRead--->1440
V/DownloadThread( 1257): read_front--->
V/DownloadThread( 1257): read_bytesRead--->1440
V/DownloadThread( 1257): read_front--->
V/DownloadThread( 1257): read_bytesRead--->2880
V/DownloadThread( 1257): read_front--->
V/DownloadThread( 1257): read_bytesRead--->1440
V/DownloadThread( 1257): read_front--->
V/DownloadThread( 1257): read_bytesRead--->1440
V/DownloadThread( 1257): read_front--->
V/DownloadThread( 1257): read_bytesRead--->1440
V/DownloadThread( 1257): read_front--->
V/DownloadThread( 1257): read_bytesRead--->4320
V/DownloadThread( 1257): read_front--->
V/DownloadThread( 1257): read_bytesRead--->4320
V/DownloadThread( 1257): read_front--->
V/DownloadThread( 1257): read_bytesRead--->1440
V/DownloadThread( 1257): read_front--->
V/DownloadThread( 1257): read_bytesRead--->5760
V/DownloadThread( 1257): read_front--->
V/DownloadThread( 1257): read_bytesRead--->5760
V/DownloadThread( 1257): read_front--->
V/DownloadThread( 1257): read_bytesRead--->4320
V/DownloadThread( 1257): read_front--->
V/DownloadThread( 1257): read_bytesRead--->5760
V/DownloadThread( 1257): read_front--->
V/DownloadThread( 1257): read_bytesRead--->8192
V/DownloadThread( 1257): read_front--->
V/DownloadThread( 1257): read_bytesRead--->3328
V/DownloadThread( 1257): read_front--->
V/DownloadThread( 1257): read_bytesRead--->1440
V/DownloadThread( 1257): read_front--->
V/DownloadThread( 1257): read_bytesRead--->2880
V/DownloadThread( 1257): read_front--->
V/DownloadThread( 1257): read_bytesRead--->1440
V/DownloadThread( 1257): read_front--->
V/DownloadThread( 1257): read_bytesRead--->1440
V/DownloadThread( 1257): read_front--->
V/DownloadThread( 1257): read_bytesRead--->7200
V/DownloadThread( 1257): read_front--->
V/DownloadThread( 1257): read_bytesRead--->7200
V/DownloadThread( 1257): read_front--->
V/DownloadThread( 1257): read_bytesRead--->8192
V/DownloadThread( 1257): read_front--->
V/DownloadThread( 1257): read_bytesRead--->8192
V/DownloadThread( 1257): read_front--->
V/DownloadThread( 1257): read_bytesRead--->8192
V/DownloadThread( 1257): read_front--->
V/DownloadThread( 1257): read_bytesRead--->8192
V/DownloadThread( 1257): read_front--->
V/DownloadThread( 1257): read_bytesRead--->6208
V/DownloadThread( 1257): read_front--->
V/DownloadThread( 1257): read_bytesRead--->4224
V/DownloadThread( 1257): read_front--->
V/DownloadThread( 1257): read_bytesRead--->1440
V/DownloadThread( 1257): read_front--->
V/DownloadThread( 1257): read_bytesRead--->8192
V/DownloadThread( 1257): read_front--->
V/DownloadThread( 1257): read_bytesRead--->1440
V/DownloadThread( 1257): read_front--->
V/DownloadThread( 1257): read_bytesRead--->1888
V/DownloadThread( 1257): read_front--->
V/DownloadThread( 1257): read_bytesRead--->5760
V/DownloadThread( 1257): read_front--->
V/DownloadThread( 1257): read_bytesRead--->5760
V/DownloadThread( 1257): read_front--->
V/DownloadThread( 1257): read_bytesRead--->8192
V/DownloadThread( 1257): read_front--->
V/DownloadThread( 1257): read_bytesRead--->8192
V/DownloadThread( 1257): read_front--->
V/DownloadThread( 1257): read_bytesRead--->6656
V/DownloadThread( 1257): read_front--->
V/DownloadThread( 1257): read_bytesRead--->1440
V/DownloadThread( 1257): read_front--->
V/DownloadThread( 1257): read_bytesRead--->1440
V/DownloadThread( 1257): read_front--->
V/DownloadThread( 1257): read_bytesRead--->1440
V/DownloadThread( 1257): read_front--->
V/DownloadThread( 1257): read_bytesRead--->7200
V/DownloadThread( 1257): read_front--->
V/DownloadThread( 1257): read_bytesRead--->1440
V/DownloadThread( 1257): read_front--->
V/DownloadThread( 1257): read_bytesRead--->2880
V/DownloadThread( 1257): read_front--->
V/DownloadThread( 1257): read_bytesRead--->4320
V/DownloadThread( 1257): read_front--->
V/DownloadThread( 1257): read_bytesRead--->1440
V/DownloadThread( 1257): read_front--->
V/DownloadThread( 1257): read_bytesRead--->1440
V/DownloadThread( 1257): read_front--->
V/DownloadThread( 1257): read_bytesRead--->1440
V/DownloadThread( 1257): read_front--->
V/DownloadThread( 1257): read_bytesRead--->4320
V/DownloadThread( 1257): read_front--->
V/DownloadTask( 1257): finishedThreadNum--->0
V/DownloadTask( 1257): mThreadNum--->2
D/NetFirmwareService( 1257): DownloadConstants.TASK_STATUS_RUNNING
D/NetFirmwareService( 1257): MSG_UPDATE_PACKAGE_STATUS_CHANGE
V/NetFirmwareService( 1257): percentValue--->39
D/NetFirmwareService( 1257): Send broadcast of download progress.
V/DownloadThread( 1257): read_bytesRead--->1440
V/DownloadThread( 1257): read_front--->
V/DownloadThread( 1257): read_bytesRead--->8192
V/DownloadThread( 1257): read_bytesRead--->5760
V/DownloadThread( 1257): read_front--->
V/DownloadThread( 1257): read_front--->
V/DownloadThread( 1257): read_bytesRead--->8192
V/DownloadThread( 1257): read_front--->
V/DownloadThread( 1257): read_bytesRead--->8192
V/DownloadThread( 1257): read_front--->
V/DownloadThread( 1257): read_bytesRead--->8192
V/DownloadThread( 1257): read_front--->
V/DownloadThread( 1257): read_bytesRead--->8192
V/DownloadThread( 1257): read_front--->
V/DownloadThread( 1257): read_bytesRead--->8192
V/DownloadThread( 1257): read_front--->
V/DownloadThread( 1257): read_bytesRead--->8192
V/DownloadThread( 1257): read_front--->
V/DownloadThread( 1257): read_bytesRead--->8192
V/DownloadThread( 1257): read_front--->
V/DownloadThread( 1257): sendDataInStack
V/DownloadThread( 1257): read_bytesRead--->7200
V/DownloadThread( 1257): read_front--->
V/DownloadThread( 1257): read_bytesRead--->8192
V/DownloadThread( 1257): read_front--->
V/DownloadThread( 1257): read_bytesRead--->8192
V/DownloadThread( 1257): read_front--->
V/DownloadThread( 1257): read_bytesRead--->3776
V/DownloadThread( 1257): read_front--->
V/DownloadThread( 1257): read_bytesRead--->8192
V/DownloadThread( 1257): read_front--->
V/DownloadThread( 1257): read_bytesRead--->8192
V/DownloadThread( 1257): read_front--->
D/WriteDataInStorageThread( 1257): sendDataInStack --data length =524288 offset =121092529 file name = filePart1
D/dalvikvm( 1679): GC_CONCURRENT freed 706K, 64% free 2848K/7747K, paused 5ms+7ms
D/WriteDataInStorageThread( 1257): write data  Pos=121092529   Length =524288  Thread =filePart1
V/DownloadThread( 1257): mCurrentWritePos--->121616817
V/DownloadThread( 1257): read_front--->
V/DownloadThread( 1257): read_bytesRead--->3757
V/DownloadThread( 1257): read_front--->
V/DownloadThread( 1257): read_bytesRead--->8192
V/DownloadThread( 1257): read_front--->
V/DownloadThread( 1257): read_bytesRead--->8192
V/DownloadThread( 1257): read_front--->
V/DownloadThread( 1257): read_bytesRead--->8192
V/DownloadThread( 1257): read_front--->
V/DownloadThread( 1257): read_bytesRead--->8192
V/DownloadThread( 1257): read_front--->
V/DownloadThread( 1257): read_bytesRead--->8192
V/DownloadThread( 1257): read_front--->
V/DownloadThread( 1257): read_bytesRead--->8192
V/DownloadThread( 1257): read_front--->
V/DownloadThread( 1257): read_bytesRead--->8192
V/DownloadThread( 1257): read_front--->
V/DownloadThread( 1257): read_bytesRead--->8192
V/DownloadThread( 1257): read_front--->
V/DownloadThread( 1257): read_bytesRead--->8192
V/DownloadThread( 1257): read_front--->
V/DownloadThread( 1257): read_bytesRead--->8192
V/DownloadThread( 1257): read_front--->
V/DownloadThread( 1257): read_bytesRead--->8192
V/DownloadThread( 1257): read_front--->
V/DownloadThread( 1257): read_bytesRead--->8192
V/DownloadThread( 1257): read_front--->
V/DownloadThread( 1257): read_bytesRead--->8192
V/DownloadThread( 1257): read_front--->
V/DownloadThread( 1257): read_bytesRead--->8192
V/DownloadThread( 1257): read_front--->
V/DownloadThread( 1257): read_bytesRead--->8192
V/DownloadThread( 1257): read_front--->
V/DownloadThread( 1257): read_bytesRead--->8192
V/DownloadThread( 1257): read_front--->
V/DownloadThread( 1257): read_bytesRead--->8192
V/DownloadThread( 1257): read_front--->
V/DownloadThread( 1257): read_bytesRead--->8192
V/DownloadThread( 1257): read_front--->
V/DownloadThread( 1257): read_bytesRead--->8192
V/DownloadThread( 1257): read_front--->
V/DownloadThread( 1257): read_bytesRead--->8192
V/DownloadThread( 1257): read_front--->
V/DownloadThread( 1257): read_bytesRead--->8192
V/DownloadThread( 1257): read_front--->
V/DownloadThread( 1257): read_bytesRead--->8192
V/DownloadThread( 1257): read_front--->
V/DownloadThread( 1257): read_bytesRead--->8192
V/DownloadThread( 1257): read_front--->
V/DownloadThread( 1257): read_bytesRead--->8192
V/DownloadThread( 1257): read_front--->
V/DownloadThread( 1257): read_bytesRead--->8192
V/DownloadThread( 1257): read_front--->
V/DownloadThread( 1257): read_bytesRead--->8192
V/DownloadThread( 1257): read_front--->
V/DownloadThread( 1257): read_bytesRead--->8192
V/DownloadThread( 1257): read_front--->
V/DownloadThread( 1257): read_bytesRead--->7328
V/DownloadThread( 1257): read_front--->
V/DownloadThread( 1257): read_bytesRead--->8192
V/DownloadThread( 1257): read_front--->
V/DownloadThread( 1257): read_bytesRead--->8192
V/DownloadThread( 1257): read_front--->
V/DownloadThread( 1257): read_bytesRead--->8192
V/DownloadThread( 1257): read_front--->
V/DownloadThread( 1257): read_bytesRead--->8192
V/DownloadThread( 1257): read_front--->
V/DownloadThread( 1257): read_bytesRead--->8192
V/DownloadThread( 1257): read_front--->
V/DownloadThread( 1257): read_bytesRead--->8192
V/DownloadThread( 1257): read_front--->
V/DownloadThread( 1257): read_bytesRead--->8192
V/DownloadThread( 1257): read_front--->
V/DownloadThread( 1257): read_bytesRead--->4832
V/DownloadThread( 1257): read_front--->
V/DownloadThread( 1257): read_bytesRead--->4320
V/DownloadThread( 1257): read_front--->
V/DownloadThread( 1257): read_bytesRead--->2880
V/DownloadThread( 1257): read_front--->
V/DownloadThread( 1257): read_bytesRead--->5760
V/DownloadThread( 1257): read_front--->
V/DownloadThread( 1257): read_bytesRead--->8192
V/DownloadThread( 1257): read_front--->
V/DownloadThread( 1257): read_bytesRead--->1888
V/DownloadThread( 1257): read_front--->
V/DownloadThread( 1257): read_bytesRead--->8192
V/DownloadThread( 1257): read_front--->
V/DownloadThread( 1257): read_bytesRead--->6208
V/DownloadThread( 1257): read_front--->
V/DownloadThread( 1257): read_bytesRead--->8192
V/DownloadThread( 1257): read_front--->
V/DownloadThread( 1257): read_bytesRead--->7648
V/DownloadThread( 1257): read_front--->
V/DownloadThread( 1257): read_bytesRead--->8192
V/DownloadThread( 1257): read_front--->
V/DownloadThread( 1257): read_bytesRead--->6208
V/DownloadThread( 1257): read_front--->
V/DownloadThread( 1257): read_bytesRead--->1440
V/DownloadThread( 1257): read_front--->
V/DownloadThread( 1257): read_bytesRead--->8192
V/DownloadThread( 1257): read_front--->
V/DownloadThread( 1257): read_bytesRead--->448
V/DownloadThread( 1257): read_front--->
V/DownloadThread( 1257): read_bytesRead--->1440
V/DownloadThread( 1257): read_front--->
V/DownloadThread( 1257): read_bytesRead--->8192
V/DownloadThread( 1257): read_front--->
V/DownloadThread( 1257): read_bytesRead--->4768
V/DownloadThread( 1257): read_front--->
V/DownloadThread( 1257): read_bytesRead--->8192
V/DownloadThread( 1257): read_front--->
V/DownloadThread( 1257): read_bytesRead--->3328
V/DownloadThread( 1257): read_front--->
V/DownloadThread( 1257): read_bytesRead--->8192
V/DownloadThread( 1257): read_front--->
V/DownloadThread( 1257): read_bytesRead--->448
V/DownloadThread( 1257): read_front--->
V/DownloadThread( 1257): read_bytesRead--->8192
V/DownloadThread( 1257): read_front--->
V/DownloadThread( 1257): read_bytesRead--->1888
V/DownloadThread( 1257): read_front--->
V/DownloadThread( 1257): read_bytesRead--->2880
V[  394.435193] *********** [Normal_MIU0] is still reclaimalbe !! *************
[  394.443124] *********** [Normal_MIU0] is still reclaimalbe !! *************
/DownloadThread([  394.451424] *********** [Normal_MIU0] is still reclaimalbe !! *************
 1257): read_fro[  394.460259] *********** [Normal_MIU0] is still reclaimalbe !! *************
nt--->
V/DownloadThread( 1257): read_bytesRead--->8192
V/DownloadThread( 1257): read_front--->
V/DownloadThread( 1257): read_bytesRead--->3328
V/DownloadThread( 1257): read_front--->
V/DownloadThread( 1257): read_bytesRead--->8192
V/DownloadThread( 1257): read_front--->
V/DownloadThread( 1257): read_bytesRead--->3328
V/DownloadThread( 1257): read_front--->
V/DownloadThread( 1257): read_bytesRead--->8192
V/DownloadThread( 1257): read_front--->
V/DownloadThread( 1257): read_bytesRead--->4768
V/DownloadThread( 1257): read_front--->
V/DownloadThread( 1257): read_bytesRead--->4320
V/DownloadThread( 1257): read_bytesRead--->4320
V/DownloadThread( 1257): read_front--->
V/DownloadThread( 1257): read_front--->
V/DownloadTask( 1257): finishedThreadNum--->0
V/DownloadTask( 1257): mThreadNum--->2
D/NetFirmwareService( 1257): DownloadConstants.TASK_STATUS_RUNNING
D/NetFirmwareService( 1257): Send broadcast of download progress.
D/NetFirmwareService( 1257): MSG_UPDATE_PACKAGE_STATUS_CHANGE
V/NetFirmwareService( 1257): percentValue--->39
V/DownloadThread( 1257): read_bytesRead--->8192
V/DownloadThread( 1257): read_front--->
V/DownloadThread( 1257): read_bytesRead--->8192
V/DownloadThread( 1257): read_front--->
V/DownloadThread( 1257): read_bytesRead--->448
V/DownloadThread( 1257): read_front--->
V/DownloadThread( 1257): read_bytesRead--->3328
V/DownloadThread( 1257): read_front--->
V/DownloadThread( 1257): read_bytesRead--->4320
V/DownloadThread( 1257): read_front--->
V/DownloadThread( 1257): read_bytesRead--->8192
V/DownloadThread( 1257): read_front--->
V/DownloadThread( 1257): read_bytesRead--->3328
V/DownloadThread( 1257): read_front--->
V/DownloadThread( 1257): read_bytesRead--->5760
V/DownloadThread( 1257): read_front--->
V/DownloadThread( 1257): read_bytesRead--->7200
V/DownloadThread( 1257): read_front--->
V/DownloadThread( 1257): read_bytesRead--->8192
V/DownloadThread( 1257): read_front--->
V/DownloadThread( 1257): read_bytesRead--->3328
V/DownloadThread( 1257): read_front--->
V/DownloadThread( 1257): read_bytesRead--->4320
V/DownloadThread( 1257): read_front--->
V/DownloadThread( 1257): read_bytesRead--->2880
V/DownloadThread( 1257): read_front--->
V/DownloadThread( 1257): read_bytesRead--->2880
V/DownloadThread( 1257): read_front--->
V/DownloadThread( 1257): read_bytesRead--->7200
V/DownloadThread( 1257): read_front--->
V/DownloadThread( 1257): read_bytesRead--->1440
V/DownloadThread( 1257): read_front--->
V/DownloadThread( 1257): read_bytesRead--->7200
V/DownloadThread( 1257): read_front--->
V/DownloadThread( 1257): read_bytesRead--->2880
V/DownloadThread( 1257): read_front--->
V/DownloadThread( 1257): read_bytesRead--->4320
V/DownloadThread( 1257): read_front--->
V/DownloadThread( 1257): read_bytesRead--->5760
V/DownloadThread( 1257): read_front--->
V/DownloadThread( 1257): read_bytesRead--->1440
V/DownloadThread( 1257): read_front--->
V/DownloadThread( 1257): read_bytesRead--->2227
V/DownloadThread( 1257): sendDataInStack
D/WriteDataInStorageThread( 1257): sendDataInStack --data length =524288 offset =121616817 file name = filePart1
D/WriteDataInStorageThread( 1257): write data  Pos=121616817   Length =524288  Thread =filePart1
V/DownloadThread( 1257): mCurrentWritePos--->122141105
V/DownloadThread( 1257): read_front--->
V/DownloadThread( 1257): read_bytesRead--->5965
V/DownloadThread( 1257): read_front--->
V/DownloadThread( 1257): read_bytesRead--->8192
V/DownloadThread( 1257): read_front--->
V/DownloadThread( 1257): read_bytesRead--->8192
V/DownloadThread( 1257): read_front--->
V/DownloadThread( 1257): read_bytesRead--->8192
V/DownloadThread( 1257): read_front--->
V/DownloadThread( 1257): read_bytesRead--->352
V/DownloadThread( 1257): read_front--->
V/DownloadThread( 1257): read_bytesRead--->5760
V/DownloadThread( 1257): read_bytesRead--->4320
V/DownloadThread( 1257): read_front--->
V/DownloadThread( 1257): read_front--->
V/DownloadThread( 1257): read_bytesRead--->8192
V/DownloadThread( 1257): read_front--->
V/DownloadThread( 1257): read_bytesRead--->6208
V/DownloadThread( 1257): read_front--->
V/DownloadThread( 1257): read_bytesRead--->2880
V/DownloadThread( 1257): read_front--->
V/DownloadThread( 1257): read_bytesRead--->7200
V/DownloadThread( 1257): read_front--->
V/DownloadThread( 1257): read_bytesRead--->4320
V/DownloadThread( 1257): read_front--->
V/DownloadThread( 1257): read_bytesRead--->8192
V/DownloadThread( 1257): read_front--->
V/DownloadThread( 1257): read_bytesRead--->4768
V/DownloadThread( 1257): read_front--->
V/DownloadThread( 1257): read_bytesRead--->4320
V/DownloadThread( 1257): read_front--->
V/DownloadThread( 1257): read_bytesRead--->7200
V/DownloadThread( 1257): read_front--->
V/DownloadThread( 1257): read_bytesRead--->8192
V/DownloadThread( 1257): read_front--->
V/DownloadThread( 1257): read_bytesRead--->4320
V/DownloadThread( 1257): read_front--->
V/DownloadThread( 1257): read_bytesRead--->448
V/DownloadThread( 1257): read_front--->
V/DownloadThread( 1257): read_bytesRead--->1440
V/DownloadThread( 1257): read_front--->
V/DownloadThread( 1257): read_bytesRead--->8192
V/DownloadThread( 1257): read_front--->
V/DownloadThread( 1257): read_bytesRead--->3328
V/DownloadThread( 1257): read_front--->
V/DownloadThread( 1257): read_bytesRead--->4320
V/DownloadThread( 1257): read_front--->
V/DownloadThread( 1257): read_bytesRead--->7200
V/DownloadThread( 1257): read_front--->
V/DownloadThread( 1257): read_bytesRead--->8192
V/DownloadThread( 1257): read_front--->
V/DownloadThread( 1257): read_bytesRead--->448
V/DownloadThread( 1257): read_front--->
V/DownloadThread( 1257): read_bytesRead--->4320
V/DownloadThread( 1257): read_bytesRead--->5760
V/DownloadThread( 1257): read_front--->
V/DownloadThread( 1257): read_front--->
V/DownloadThread( 1257): read_bytesRead--->5760
V/DownloadThread( 1257): read_front--->
V/DownloadThread( 1257): read_bytesRead--->7200
V/DownloadThread( 1257): read_front--->
V/DownloadThread( 1257): read_bytesRead--->3339
V/DownloadThread( 1257): read_bytesRead--->4320
V/DownloadThread( 1257): read_front--->
V/DownloadThread( 1257): sendDataInStack
V/DownloadThread( 1257): read_bytesRead--->2880
V/DownloadThread( 1257): read_front--->
V/DownloadThread( 1257): read_bytesRead--->8192
V/DownloadThread( 1257): read_front--->
V/DownloadThread( 1257): read_bytesRead--->4768
V/DownloadThread( 1257): read_front--->
V/DownloadThread( 1257): read_bytesRead--->8192
V/DownloadThread( 1257): read_front--->
V/DownloadTask( 1257): finishedThreadNum--->0
V/DownloadTask( 1257): mThreadNum--->2
D/NetFirmwareService( 1257): DownloadConstants.TASK_STATUS_RUNNING
D/NetFirmwareService( 1257): MSG_UPDATE_PACKAGE_STATUS_CHANGE
V/NetFirmwareService( 1257): percentValue--->39
D/NetFirmwareService( 1257): Send broadcast of download progress.
V/DownloadThread( 1257): read_bytesRead--->8192
V/DownloadThread( 1257): read_front--->
V/DownloadThread( 1257): read_bytesRead--->8192
V/DownloadThread( 1257): read_front--->
V/DownloadThread( 1257): read_bytesRead--->8192
V/DownloadThread( 1257): read_front--->
V/DownloadThread( 1257): read_bytesRead--->8192
V/DownloadThread( 1257): read_front--->
V/DownloadThread( 1257): read_bytesRead--->8192
V/DownloadThread( 1257): read_front--->
V/DownloadThread( 1257): read_bytesRead--->8192
V/DownloadThread( 1257): read_front--->
V/DownloadThread( 1257): read_bytesRead--->8192
V/DownloadThread( 1257): read_front--->
V/DownloadThread( 1257): read_bytesRead--->8192
V/DownloadThread( 1257): read_front--->
V/DownloadThread( 1257): read_bytesRead--->8192
V/DownloadThread( 1257): read_front--->
V/DownloadThread( 1257): read_bytesRead--->8192
V/DownloadThread( 1257): read_front--->
V/DownloadThread( 1257): read_bytesRead--->8192
V/DownloadThread( 1257): read_front--->
V/DownloadThread( 1257): read_bytesRead--->8192
V/DownloadThread( 1257): read_front--->
V/DownloadThread( 1257): read_bytesRead--->8192
V/DownloadThread( 1257): read_front--->
V/DownloadThread( 1257): read_bytesRead--->8192
V/DownloadThread( 1257): read_front--->
V/DownloadThread( 1257): read_bytesRead--->8192
V/DownloadThread( 1257): read_front--->
V/DownloadThread( 1257): read_bytesRead--->8192
V/DownloadThread( 1257): read_front--->
V/DownloadThread( 1257): read_bytesRead--->3296
V/DownloadThread( 1257): read_front--->
V/DownloadThread( 1257): read_bytesRead--->8192
V/DownloadThread( 1257): read_front--->
V/DownloadThread( 1257): read_bytesRead--->6208
V/DownloadThread( 1257): read_front--->
V/DownloadThread( 1257): read_bytesRead--->2880
V/DownloadThread( 1257): read_front--->
V/DownloadThread( 1257): read_bytesRead--->8192
V/DownloadThread( 1257): read_front--->
V/DownloadThread( 1257): read_bytesRead--->4768
V/DownloadThread( 1257): read_front--->
V/DownloadThread( 1257): read_bytesRead--->1440
V/DownloadThread( 1257): read_front--->
D/WriteDataInStorageThread( 1257): sendDataInStack --data length =524288 offset =41418752 file name = filePart0
V/DownloadThread( 1257): read_bytesRead--->7200
V/DownloadThread( 1257): read_front--->
V/DownloadThread( 1257): read_bytesRead--->8192
V/DownloadThread( 1257): read_front--->
V/DownloadThread( 1257): read_bytesRead--->8192
V/DownloadThread( 1257): read_front--->
V/DownloadThread( 1257): read_bytesRead--->8192
V/DownloadThread( 1257): read_front--->
V/DownloadThread( 1257): read_bytesRead--->8192
V/DownloadThread( 1257): read_front--->
V/DownloadThread( 1257): read_bytesRead--->8192
V/DownloadThread( 1257): read_front--->
V/DownloadThread( 1257): read_bytesRead--->8192
V/DownloadThread( 1257): read_front--->
V/DownloadThread( 1257): read_bytesRead--->8192
V/DownloadThread( 1257): read_front--->
V/DownloadThread( 1257): read_bytesRead--->2048
V/DownloadThread( 1257): read_front--->
V/DownloadThread( 1257): read_bytesRead--->8192
V/DownloadThread( 1257): read_front--->
V/DownloadThread( 1257): read_bytesRead--->8192
V/DownloadThread( 1257): read_front--->
V/DownloadThread( 1257): read_bytesRead--->8192
V/DownloadThread( 1257): read_front--->
V/DownloadThread( 1257): read_bytesRead--->8192
V/DownloadThread( 1257): read_front--->
V/DownloadThread( 1257): read_bytesRead--->8192
V/DownloadThread( 1257): read_front--->
V/DownloadThread( 1257): read_bytesRead--->1120
V/DownloadThread( 1257): read_front--->
V/DownloadThread( 1257): read_bytesRead--->8192
V/DownloadThread( 1257): read_front--->
V/DownloadThread( 1257): read_bytesRead--->8192
V/DownloadThread( 1257): read_front--->
V/DownloadThread( 1257): read_bytesRead--->8192
V/DownloadThread( 1257): read_front--->
V/DownloadThread( 1257): read_bytesRead--->8192
V/DownloadThread( 1257): read_front--->
V/DownloadThread( 1257): read_bytesRead--->8192
V/DownloadThread( 1257): read_front--->
V/DownloadThread( 1257): read_bytesRead--->3680
V/DownloadThread( 1257): read_front--->
V/DownloadThread( 1257): read_bytesRead--->2880
V/DownloadThread( 1257): read_front--->
V/DownloadThread( 1257): read_bytesRead--->8192
V/DownloadThread( 1257): read_front--->
V/DownloadThread( 1257): read_bytesRead--->8192
V/DownloadThread( 1257): read_front--->
V/DownloadThread( 1257): read_bytesRead--->896
V/DownloadThread( 1257): read_front--->
V/DownloadThread( 1257): read_bytesRead--->8192
V/DownloadThread( 1257): read_front--->
V/DownloadThread( 1257): read_bytesRead--->3328
V/DownloadThread( 1257): read_front--->
V/DownloadThread( 1257): read_bytesRead--->8192
V/DownloadThread( 1257): read_front--->
V/DownloadThread( 1257): read_bytesRead--->8192
V/DownloadThread( 1257): read_front--->
D/dalvikvm( 1679): GC_CONCURRENT freed 703K, 64% free 2848K/7747K, paused 3ms+2ms
V/DownloadThread( 1257): read_bytesRead--->8192
V/DownloadThread( 1257): read_front--->
V/DownloadThread( 1257): read_bytesRead--->8192
V/DownloadThread( 1257): read_front--->
V/DownloadThread( 1257): read_bytesRead--->8192
V/DownloadThread( 1257): read_front--->
V/DownloadThread( 1257): read_bytesRead--->8192
V/DownloadThread( 1257): read_front--->
V/DownloadThread( 1257): read_bytesRead--->8192
V/DownloadThread( 1257): read_front--->
V/DownloadThread( 1257): read_bytesRead--->8192
V/DownloadThread( 1257): read_front--->
V/DownloadThread( 1257): read_bytesRead--->8192
V/DownloadThread( 1257): read_front--->
V/DownloadThread( 1257): read_bytesRead--->8192
V/DownloadThread( 1257): read_front--->
V/DownloadThread( 1257): read_bytesRead--->8192
V/DownloadThread( 1257): read_front--->
V/DownloadThread( 1257): read_bytesRead--->8192
V/DownloadThread( 1257): read_front--->
V/DownloadThread( 1257): read_bytesRead--->8192
V/DownloadThread( 1257): read_front--->
V/DownloadThread( 1257): read_bytesRead--->6016
V/DownloadThread( 1257): read_front--->
V/DownloadThread( 1257): read_bytesRead--->4128
V/DownloadThread( 1257): read_front--->
V/DownloadThread( 1257): read_bytesRead--->8192
V/DownloadThread( 1257): read_front--->
V/DownloadThread( 1257): read_bytesRead--->2803
V/DownloadThread( 1257): read_bytesRead--->8192
V/DownloadThread( 1257): read_front--->
V/DownloadThread( 1257): read_bytesRead--->8192
V/DownloadThread( 1257): read_front--->
V/DownloadThread( 1257): read_bytesRead--->8192
V/DownloadThread( 1257): read_front--->
V/DownloadThread( 1257): read_bytesRead--->8192
V/DownloadThread( 1257): read_front--->
V/DownloadThread( 1257): read_bytesRead--->3136
V/DownloadThread( 1257): read_front--->
V/DownloadThread( 1257): read_bytesRead--->8192
V/DownloadThread( 1257): read_front--->
V/DownloadThread( 1257): read_bytesRead--->8192
V/DownloadThread( 1257): read_front--->
V/DownloadThread( 1257): read_bytesRead--->8192
V/DownloadThread( 1257): read_front--->
V/DownloadThread( 1257): read_bytesRead--->8192
V/DownloadThread( 1257): read_front--->
V/DownloadThread( 1257): read_bytesRead--->8192
V/DownloadThread( 1257): read_front--->
V/DownloadThread( 1257): read_bytesRead--->8192
V/DownloadThread( 1257): read_front--->
V/DownloadThread( 1257): read_bytesRead--->8192
V/DownloadThread( 1257): read_front--->
V/DownloadThread( 1257): read_bytesRead--->8192
V/DownloadThread( 1257): read_front--->
V/DownloadThread( 1257): read_bytesRead--->8192
V/DownloadThread( 1257): read_front--->
V/DownloadThread( 1257): read_bytesRead--->8192
V/DownloadThread( 1257): read_front--->
V/DownloadThread( 1257): read_bytesRead--->7200
V/DownloadThread( 1257): read_front--->
V/DownloadThread( 1257): read_bytesRead--->1440
V/DownloadThread( 1257): read_front--->
V/DownloadThread( 1257): read_bytesRead--->1856
V/DownloadThread( 1257): read_front--->
V/DownloadThread( 1257): read_bytesRead--->8192
V/DownloadThread( 1257): read_front--->
V/DownloadThread( 1257): read_bytesRead--->6208
V/DownloadThread( 1257): read_front--->
V/DownloadThread( 1257): read_bytesRead--->8192
V/DownloadThread( 1257): read_front--->
V/DownloadThread( 1257): read_bytesRead--->3328
V/DownloadThread( 1257): read_front--->
V/DownloadThread( 1257): read_bytesRead--->8192
V/DownloadThread( 1257): read_front--->
V/DownloadThread( 1257): read_bytesRead--->3328
V/DownloadThread( 1257): read_front--->
V/DownloadThread( 1257): read_bytesRead--->8192
V/DownloadThread( 1257): read_front--->
V/DownloadThread( 1257): read_bytesRead--->1888
V/DownloadThread( 1257): read_front--->
V/DownloadTask( 1257): finishedThreadNum--->0
V/DownloadTask( 1257): mThreadNum--->2
D/NetFirmwareService( 1257): DownloadConstants.TASK_STATUS_RUNNING
D/NetFirmwareService( 1257): MSG_UPDATE_PACKAGE_STATUS_CHANGE
V/NetFirmwareService( 1257): percentValue--->40
D/NetFirmwareService( 1257): Send broadcast of download progress.
V/DownloadThread( 1257): read_bytesRead--->7200
V/DownloadThread( 1257): read_front--->
V/DownloadThread( 1257): read_bytesRead--->2880
V/DownloadThread( 1257): read_front--->
V/DownloadThread( 1257): read_bytesRead--->4320
V/DownloadThread( 1257): read_front--->
V/DownloadThread( 1257): read_bytesRead--->8192
V/DownloadThread( 1257): read_front--->
V/DownloadThread( 1257): read_bytesRead--->8192
V/DownloadThread( 1257): read_front--->
V/DownloadThread( 1257): read_bytesRead--->896
V/DownloadThread( 1257): read_front--->
V/DownloadThread( 1257): read_bytesRead--->8192
V/DownloadThread( 1257): read_front--->
V/DownloadThread( 1257): read_bytesRead--->8192
V/DownloadThread( 1257): read_front--->
V/DownloadThread( 1257): read_bytesRead--->896
V/DownloadThread( 1257): read_front--->
V/DownloadThread( 1257): read_bytesRead--->8192
V/DownloadThread( 1257): read_front--->
V/DownloadThread( 1257): read_bytesRead--->4768
V/DownloadThread( 1257): read_front--->
V/DownloadThread( 1257): read_bytesRead--->2880
V/DownloadThread( 1257): read_front--->
V/DownloadThread( 1257): read_bytesRead--->8192
V/DownloadThread( 1257): read_front--->
V/DownloadThread( 1257): read_bytesRead--->8192
V/DownloadThread( 1257): read_bytesRead--->960
V/DownloadThread( 1257): read_front--->
V/DownloadThread( 1257): read_bytesRead--->8192
V/DownloadThread( 1257): read_front--->
V/DownloadThread( 1257): read_bytesRead--->8192
V/DownloadThread( 1257): read_front--->
V/DownloadThread( 1257): read_bytesRead--->8192
V/DownloadThread( 1257): read_front--->
V/DownloadThread( 1257): read_bytesRead--->8192
V/DownloadThread( 1257): read_front--->
V/DownloadThread( 1257): read_bytesRead--->8192
V/DownloadThread( 1257): read_front--->
V/DownloadThread( 1257): read_bytesRead--->8192
V/DownloadThread( 1257): read_front--->
V/DownloadThread( 1257): read_bytesRead--->8192
V/DownloadThread( 1257): read_front--->
V/DownloadThread( 1257): read_bytesRead--->7264
V/DownloadThread( 1257): read_front--->
V/DownloadThread( 1257): read_bytesRead--->8192
V/DownloadThread( 1257): read_front--->
V/DownloadThread( 1257): read_bytesRead--->8192
V/DownloadThread( 1257): read_front--->
V/DownloadThread( 1257): read_bytesRead--->896
V/DownloadThread( 1257): read_front--->
V/DownloadThread( 1257): read_bytesRead--->8192
V/DownloadThread( 1257): read_bytesRead--->5760
V/DownloadThread( 1257): read_front--->
V/DownloadThread( 1257): read_front--->
V/DownloadThread( 1257): read_bytesRead--->4768
V/DownloadThread( 1257): read_front--->
V/DownloadThread( 1257): read_bytesRead--->5760
V/DownloadThread( 1257): read_front--->
V/DownloadThread( 1257): read_bytesRead--->2880
V/DownloadThread( 1257): read_front--->
V/DownloadThread( 1257): read_bytesRead--->7200
V/DownloadThread( 1257): read_front--->
V/DownloadThread( 1257): read_bytesRead--->8192
V/DownloadThread( 1257): read_front--->
V/DownloadThread( 1257): read_bytesRead--->8192
V/DownloadThread( 1257): read_bytesRead--->8192
V/DownloadThread( 1257): read_front--->
V/DownloadThread( 1257): read_front--->
V/DownloadThread( 1257): read_bytesRead--->6656
V/DownloadThread( 1257): read_front--->
V/DownloadThread( 1257): read_bytesRead--->8192
V/DownloadThread( 1257): read_front--->
V/DownloadThread( 1257): read_bytesRead--->8192
V/DownloadThread( 1257): read_front--->
V/DownloadThread( 1257): read_bytesRead--->8192
V/DownloadThread( 1257): read_front--->
V/DownloadThread( 1257): read_bytesRead--->8192
V/DownloadThread( 1257): read_front--->
V/DownloadThread( 1257): read_bytesRead--->8000
V/DownloadThread( 1257): read_front--->
V/DownloadThread( 1257): read_bytesRead--->1440
V/DownloadThread( 1257): read_front--->
V/DownloadThread( 1257): read_bytesRead--->2880
V/DownloadThread( 1257): read_front--->
V/DownloadThread( 1257): read_bytesRead--->2880
V/DownloadThread( 1257): read_front--->
V/DownloadThread( 1257): read_bytesRead--->1440
V/DownloadThread( 1257): read_front--->
V/DownloadThread( 1257): read_bytesRead--->2880
V/DownloadThread( 1257): read_front--->
V/DownloadThread( 1257): read_bytesRead--->1440
V/DownloadThread( 1257): read_front--->
V/DownloadThread( 1257): read_bytesRead--->7200
V/DownloadThread( 1257): read_front--->
V/DownloadThread( 1257): read_bytesRead--->8192
V/DownloadThread( 1257): read_front--->
V/DownloadThread( 1257): read_bytesRead--->8192
V/DownloadThread( 1257): read_front--->
V/DownloadThread( 1257): read_bytesRead--->8192
V/DownloadThread( 1257): read_front--->
V/DownloadThread( 1257): read_bytesRead--->448
V/DownloadThread( 1257): read_bytesRead--->1939
V/DownloadThread( 1257): sendDataInStack
V/DownloadThread( 1257): read_front--->
D/WriteDataInStorageThread( 1257): sendDataInStack --data length =524288 offset =122665393 file name = filePart1
V/DownloadThread( 1257): mCurrentWritePos--->123189681
V/DownloadThread( 1257): read_front--->
D/WriteDataInStorageThread( 1257): write data  Pos=122665393   Length =524288  Thread =filePart1
V/DownloadThread( 1257): read_bytesRead--->6253
V/DownloadThread( 1257): read_front--->
D/NetFirmwareService( 1257): DownloadConstants.TASK_STATUS_RUNNING
D/NetFirmwareService( 1257): MSG_UPDATE_PACKAGE_STATUS_CHANGE
V/NetFirmwareService( 1257): percentValue--->41
V/DownloadThread( 1257): read_bytesRead--->8192
V/DownloadThread( 1257): read_front--->
D/NetFirmwareService( 1257): Send broadcast of download progress.
D/CheckNetWork( 1663): isOk true
V/DownloadThread( 1257): read_bytesRead--->7200
V/DownloadThread( 1257): read_front--->
V/DownloadThread( 1257): read_bytesRead--->8192
V/DownloadThread( 1257): read_front--->
V/DownloadThread( 1257): read_bytesRead--->8192
V/DownloadThread( 1257): read_front--->
V/DownloadThread( 1257): read_bytesRead--->8192
V/DownloadThread( 1257): read_front--->
V/DownloadThread( 1257): read_bytesRead--->8192
V/DownloadThread( 1257): read_front--->
V/DownloadThread( 1257): read_bytesRead--->8192
V/DownloadThread( 1257): read_front--->
V/DownloadThread( 1257): read_bytesRead--->8192
V/DownloadThread( 1257): read_front--->
V/DownloadThread( 1257): read_bytesRead--->2688
V/DownloadThread( 1257): read_front--->
D/dalvikvm( 1679): GC_CONCURRENT freed 706K, 64% free 2848K/7747K, paused 22ms+6ms
V/DownloadThread( 1257): read_bytesRead--->4320
V/DownloadThread( 1257): read_front--->
V/DownloadThread( 1257): read_bytesRead--->8192
V/DownloadThread( 1257): read_front--->
V/DownloadThread( 1257): read_bytesRead--->8192
V/DownloadThread( 1257): read_front--->
V/DownloadThread( 1257): read_bytesRead--->8192
V/DownloadThread( 1257): read_front--->
V/DownloadThread( 1257): read_bytesRead--->8192
V/DownloadThread( 1257): read_front--->
V/DownloadThread( 1257): read_bytesRead--->8192
V/DownloadThread( 1257): read_front--->
V/DownloadThread( 1257): read_bytesRead--->8192
V/DownloadThread( 1257): read_front--->
V/DownloadThread( 1257): read_bytesRead--->8192
V/DownloadThread( 1257): read_front--->
V/DownloadThread( 1257): read_bytesRead--->6016
V/DownloadThread( 1257): read_front--->
V/DownloadThread( 1257): read_bytesRead--->8192
V/DownloadThread( 1257): read_front--->
V/DownloadThread( 1257): read_bytesRead--->8192
V/DownloadThread( 1257): read_front--->
V/DownloadThread( 1257): read_bytesRead--->7104
V/DownloadThread( 1257): read_front--->
V/DownloadThread( 1257): read_bytesRead--->1440
V/DownloadThread( 1257): read_front--->
V/DownloadThread( 1257): read_bytesRead--->1440
V/DownloadThread( 1257): read_front--->
V/DownloadThread( 1257): read_bytesRead--->1440
V/DownloadThread( 1257): read_front--->
V/DownloadThread( 1257): read_bytesRead--->1440
V/DownloadThread( 1257): read_front--->
V/DownloadThread( 1257): read_bytesRead--->2880
V/DownloadThread( 1257): read_front--->
V/DownloadThread( 1257): read_bytesRead--->2880
V/DownloadThread( 1257): read_front--->
V/DownloadThread( 1257): read_bytesRead--->2880
V/DownloadThread( 1257): read_front--->
V/DownloadThread( 1257): read_bytesRead--->8192
V/DownloadThread( 1257): read_front--->
V/DownloadThread( 1257): read_bytesRead--->4768
V/DownloadThread( 1257): read_front--->
V/DownloadThread( 1257): read_bytesRead--->4320
V/DownloadThread( 1257): read_front--->
V/DownloadThread( 1257): read_bytesRead--->8192
V/DownloadThread( 1257): read_front--->
V/DownloadThread( 1257): read_bytesRead--->8192
V/DownloadThread( 1257): read_front--->
V/DownloadThread( 1257): read_bytesRead--->8192
V/DownloadThread( 1257): read_front--->
V/DownloadThread( 1257): read_bytesRead--->8192
V/DownloadThread( 1257): read_front--->
V/DownloadThread( 1257): read_bytesRead--->8192
V/DownloadThread( 1257): read_front--->
V/DownloadThread( 1257): read_bytesRead--->8192
V/DownloadThread( 1257): read_front--->
V/DownloadThread( 1257): read_bytesRead--->8192
V/DownloadThread( 1257): read_front--->
V/DownloadThread( 1257): read_bytesRead--->8192
V/DownloadThread( 1257): read_front--->
V/DownloadThread( 1257): read_bytesRead--->8192
V/DownloadThread( 1257): read_front--->
V/DownloadThread( 1257): read_bytesRead--->8192
V/DownloadThread( 1257): read_front--->
V/DownloadThread( 1257): read_bytesRead--->4224
V/DownloadThread( 1257): read_front--->
V/DownloadThread( 1257): read_bytesRead--->7200
V/DownloadThread( 1257): read_front--->
V/DownloadThread( 1257): read_bytesRead--->8192
V/DownloadThread( 1257): read_front--->
V/DownloadThread( 1257): read_bytesRead--->448
V/DownloadThread( 1257): read_front--->
V/DownloadThread( 1257): read_bytesRead--->5760
V/DownloadThread( 1257): read_front--->
V/DownloadThread( 1257): read_bytesRead--->8192
V/DownloadThread( 1257): read_front--->
V/DownloadThread( 1257): read_bytesRead--->6208
V/DownloadThread( 1257): read_front--->
V/DownloadTask( 1257): finishedThreadNum--->0
V/DownloadTask( 1257): mThreadNum--->2
D/NetFirmwareService( 1257): DownloadConstants.TASK_STATUS_RUNNING
D/NetFirmwareService( 1257): MSG_UPDATE_PACKAGE_STATUS_CHANGE
V/NetFirmwareService( 1257): percentValue--->41
V/DownloadThread( 1257): read_bytesRead--->5760
V/DownloadThread( 1257): read_front--->
V/DownloadThread( 1257): read_bytesRead--->8192
V/DownloadThread( 1257): read_front--->
V/DownloadThread( 1257): read_bytesRead--->448
V/DownloadThread( 1257): read_front--->
D/NetFirmwareService( 1257): Send broadcast of download progress.
V/DownloadThread( 1257): read_bytesRead--->5760
V/DownloadThread( 1257): read_front--->
V/DownloadThread( 1257): read_bytesRead--->7200
V/DownloadThread( 1257): read_front--->
V/DownloadThread( 1257): read_bytesRead--->5760
V/DownloadThread( 1257): read_front--->
V/DownloadThread( 1257): read_bytesRead--->8192
V/DownloadThread( 1257): read_front--->
V/DownloadThread( 1257): read_bytesRead--->8192
V/DownloadThread( 1257): read_front--->
V/DownloadThread( 1257): read_bytesRead--->8192
V/DownloadThread( 1257): read_front--->
V/DownloadThread( 1257): read_bytesRead--->2784
V/DownloadThread( 1257): read_front--->
V/DownloadThread( 1257): read_bytesRead--->5491
V/DownloadThread( 1257): sendDataInStack
V/DownloadThread( 1257): read_bytesRead--->1440
V/DownloadThread( 1257): read_front--->
V/DownloadThread( 1257): read_bytesRead--->4320
V/DownloadThread( 1257): read_front--->
D/WriteDataInStorageThread( 1257): sendDataInStack --data length =524288 offset =123189681 file name = filePart1
D/WriteDataInStorageThread( 1257): write data  Pos=123189681   Length =524288  Thread =filePart1
V/DownloadThread( 1257): read_bytesRead--->8192
V/DownloadThread( 1257): read_front--->
V/DownloadThread( 1257): mCurrentWritePos--->123713969
V/DownloadThread( 1257): read_front--->
V/DownloadThread( 1257): read_bytesRead--->2701
V/DownloadThread( 1257): read_front--->
V/DownloadThread( 1257): read_bytesRead--->448
V/DownloadThread( 1257): read_bytesRead--->8192
V/DownloadThread( 1257): read_front--->
V/DownloadThread( 1257): read_front--->
V/DownloadThread( 1257): read_bytesRead--->8192
V/DownloadThread( 1257): read_front--->
V/DownloadThread( 1257): read_bytesRead--->8192
V/DownloadThread( 1257): read_front--->
V/DownloadThread( 1257): read_bytesRead--->8192
V/DownloadThread( 1257): read_front--->
V/DownloadThread( 1257): read_bytesRead--->8192
V/DownloadThread( 1257): read_front--->
V/DownloadThread( 1257): read_bytesRead--->8192
V/DownloadThread( 1257): read_front--->
V/DownloadThread( 1257): read_bytesRead--->8192
V/DownloadThread( 1257): read_front--->
V/DownloadThread( 1257): read_bytesRead--->8192
V/DownloadThread( 1257): read_front--->
V/DownloadThread( 1257): read_bytesRead--->8192
V/DownloadThread( 1257): read_front--->
V/DownloadThread( 1257): read_bytesRead--->4480
V/DownloadThread( 1257): read_front--->
V/DownloadThread( 1257): read_bytesRead--->5760
V/DownloadThread( 1257): read_bytesRead--->3595
V/DownloadThread( 1257): read_front--->
V/DownloadThread( 1257): read_bytesRead--->8192
V/DownloadThread( 1257): read_front--->
V/DownloadThread( 1257): read_bytesRead--->8192
V/DownloadThread( 1257): read_front--->
V/DownloadThread( 1257): read_bytesRead--->8192
V/DownloadThread( 1257): read_front--->
V/DownloadThread( 1257): read_bytesRead--->8192
V/DownloadThread( 1257): read_front--->
V/DownloadThread( 1257): read_bytesRead--->8192
V/DownloadThread( 1257): read_bytesRead--->8192
V/DownloadThread( 1257): read_front--->
V/DownloadThread( 1257): read_front--->
V/DownloadThread( 1257): read_bytesRead--->8192
V/DownloadThread( 1257): read_front--->
V/DownloadThread( 1257): read_bytesRead--->8192
V/DownloadThread( 1257): read_front--->
V/DownloadThread( 1257): read_bytesRead--->8192
V/DownloadThread( 1257): read_bytesRead--->8192
V/DownloadThread( 1257): read_front--->
V/DownloadThread( 1257): read_bytesRead--->8192
V/DownloadThread( 1257): read_front--->
V/DownloadThread( 1257): read_bytesRead--->8192
V/DownloadThread( 1257): read_front--->
V/DownloadThread( 1257): read_front--->
V/DownloadThread( 1257): read_bytesRead--->8192
V/DownloadThread( 1257): read_front--->
V/DownloadThread( 1257): read_bytesRead--->8192
V/DownloadThread( 1257): read_front--->
V/DownloadThread( 1257): read_bytesRead--->8192
V/DownloadThread( 1257): read_front--->
V/DownloadThread( 1257): read_bytesRead--->8192
V/DownloadThread( 1257): read_front--->
V/DownloadThread( 1257): read_bytesRead--->8192
V/DownloadThread( 1257): read_front--->
V/DownloadThread( 1257): read_bytesRead--->8192
V/DownloadThread( 1257): read_bytesRead--->8192
V/DownloadThread( 1257): read_front--->
V/DownloadThread( 1257): read_bytesRead--->8192
V/DownloadThread( 1257): read_front--->
V/DownloadThread( 1257): read_bytesRead--->8192
V/DownloadThread( 1257): read_front--->
V/DownloadThread( 1257): read_bytesRead--->8192
V/DownloadThread( 1257): read_front--->
V/DownloadThread( 1257): read_bytesRead--->8192
V/DownloadThread( 1257): read_front--->
V/DownloadThread( 1257): read_bytesRead--->8192
V/DownloadThread( 1257): read_front--->
V/DownloadThread( 1257): read_bytesRead--->8192
V/DownloadThread( 1257): read_front--->
V/DownloadThread( 1257): read_bytesRead--->8192
V/DownloadThread( 1257): read_front--->
V/DownloadThread( 1257): read_bytesRead--->8192
V/DownloadThread( 1257): read_front--->
V/DownloadThread( 1257): read_bytesRead--->8192
V/DownloadThread( 1257): read_front--->
V/DownloadThread( 1257): read_bytesRead--->8192
V/DownloadThread( 1257): read_front--->
V/DownloadThread( 1257): read_bytesRead--->8192
V/DownloadThread( 1257): read_front--->
V/DownloadThread( 1257): read_bytesRead--->8192
V/DownloadThread( 1257): read_front--->
V/DownloadThread( 1257): read_bytesRead--->8192
V/DownloadThread( 1257): read_front--->
V/DownloadThread( 1257): read_bytesRead--->8192
V/DownloadThread( 1257): read_front--->
V/DownloadThread( 1257): read_front--->
V/DownloadThread( 1257): read_bytesRead--->8192
V/DownloadThread( 1257): read_front--->
V/DownloadThread( 1257): read_bytesRead--->8192
V/DownloadThread( 1257): read_front--->
V/DownloadThread( 1257): read_bytesRead--->8192
V/DownloadThread( 1257): read_front--->
V/DownloadThread( 1257): read_bytesRead--->8192
V/DownloadThread( 1257): read_front--->
V/DownloadThread( 1257): read_bytesRead--->8192
V/DownloadThread( 1257): read_front--->
V/DownloadThread( 1257): read_bytesRead--->8192
V/DownloadThread( 1257): read_front--->
V/DownloadThread( 1257): read_bytesRead--->8192
V/DownloadThread( 1257): read_front--->
V/DownloadThread( 1257): read_bytesRead--->8192
V/DownloadThread( 1257): read_front--->
V/DownloadThread( 1257): read_bytesRead--->8192
V/DownloadThread( 1257): read_front--->
V/DownloadThread( 1257): read_bytesRead--->8192
V/DownloadThread( 1257): read_front--->
V/DownloadThread( 1257): read_bytesRead--->8192
V/DownloadThread( 1257): read_front--->
V/DownloadThread( 1257): read_bytesRead--->2496
V/DownloadThread( 1257): read_front--->
D/dalvikvm( 1679): GC_CONCURRENT freed 856K, 62% free 2948K/7747K, paused 11ms+3ms
V/DownloadThread( 1257): read_bytesRead--->5760
V/DownloadThread( 1257): read_front--->
V/DownloadThread( 1257): read_bytesRead--->8192
V/DownloadThread( 1257): read_front--->
V/DownloadThread( 1257): read_bytesRead--->8192
V/DownloadThread( 1257): read_front--->
V/DownloadThread( 1257): read_bytesRead--->8192
V/DownloadThread( 1257): read_front--->
V/DownloadThread( 1257): read_bytesRead--->7104
V/DownloadThread( 1257): read_front--->
V/DownloadThread( 1257): read_bytesRead--->5760
