V/DownloadThread( 1257): read_bytesRead--->8192
V/DownloadThread( 1257): read_front--->
V/DownloadThread( 1257): read_bytesRead--->8192
V/DownloadThread( 1257): read_bytesRead--->8192
V/DownloadThread( 1257): read_front--->
V/DownloadThread( 1257): read_front--->
V/DownloadThread( 1257): read_bytesRead--->8192
V/DownloadThread( 1257): read_front--->
V/DownloadThread( 1257): read_bytesRead--->8192
V/DownloadThread( 1257): read_bytesRead--->8192
V/DownloadThread( 1257): read_front--->
V/DownloadThread( 1257): read_front--->
V/DownloadThread( 1257): read_bytesRead--->8192
V/DownloadThread( 1257): read_bytesRead--->8192
V/DownloadThread( 1257): read_front--->
V/DownloadThread( 1257): read_front--->
V/DownloadThread( 1257): read_bytesRead--->8192
V/DownloadThread( 1257): read_front--->
V/DownloadThread( 1257): read_bytesRead--->8192
V/DownloadThread( 1257): read_front--->
V/DownloadThread( 1257): read_bytesRead--->8192
V/DownloadThread( 1257): read_front--->
V/DownloadThread( 1257): read_bytesRead--->8192
V/DownloadThread( 1257): read_front--->
V/DownloadThread( 1257): read_bytesRead--->8192
V/DownloadThread( 1257): read_front--->
V/DownloadThread( 1257): read_bytesRead--->8192
V/DownloadThread( 1257): read_front--->
V/DownloadThread( 1257): read_bytesRead--->8192
V/DownloadThread( 1257): read_front--->
V/DownloadThread( 1257): read_bytesRead--->8192
V/DownloadThread( 1257): read_front--->
V/DownloadThread( 1257): read_bytesRead--->8192
V/DownloadThread( 1257): read_front--->
V/DownloadThread( 1257): read_bytesRead--->8192
V/DownloadThread( 1257): read_front--->
V/DownloadThread( 1257): read_bytesRead--->8192
V/DownloadThread( 1257): read_front--->
V/DownloadThread( 1257): read_bytesRead--->8192
V/DownloadThread( 1257): read_bytesRead--->8192
V/DownloadThread( 1257): read_front--->
V/DownloadThread( 1257): read_front--->
V/DownloadThread( 1257): read_bytesRead--->8192
V/DownloadThread( 1257): read_front--->
V/DownloadThread( 1257): read_bytesRead--->8192
V/DownloadThread( 1257): read_front--->
V/DownloadThread( 1257): read_bytesRead--->8192
V/DownloadThread( 1257): read_front--->
V/DownloadThread( 1257): read_bytesRead--->8192
V/DownloadThread( 1257): read_front--->
V/DownloadThread( 1257): read_bytesRead--->8192
V/DownloadThread( 1257): read_front--->
V/DownloadThread( 1257): read_bytesRead--->8192
V/DownloadThread( 1257): read_front--->
V/DownloadThread( 1257): read_bytesRead--->8192
V/DownloadThread( 1257): read_front--->
V/DownloadThread( 1257): read_bytesRead--->8192
V/DownloadThread( 1257): read_front--->
V/DownloadThread( 1257): read_bytesRead--->8192
V/DownloadThread( 1257): read_front--->
V/DownloadThread( 1257): read_bytesRead--->8192
V/DownloadThread( 1257): read_front--->
V/DownloadThread( 1257): read_bytesRead--->8192
V/DownloadThread( 1257): read_front--->
V/DownloadThread( 1257): read_bytesRead--->8192
V/DownloadThread( 1257): read_front--->
V/DownloadThread( 1257): read_bytesRead--->8192
V/DownloadThread( 1257): read_front--->
V/DownloadThread( 1257): read_bytesRead--->8192
V/DownloadThread( 1257): read_front--->
V/DownloadThread( 1257): read_bytesRead--->8192
V/DownloadThread( 1257): read_front--->
V/DownloadThread( 1257): read_bytesRead--->8192
V/DownloadThread( 1257): read_front--->
V/DownloadThread( 1257): read_bytesRead--->7904
V/DownloadThread( 1257): read_front--->
V/DownloadThread( 1257): read_bytesRead--->8192
V/DownloadThread( 1257): read_front--->
V/DownloadThread( 1257): read_bytesRead--->8192
V/DownloadThread( 1257): read_front--->
V/DownloadThread( 1257): read_bytesRead--->8192
V/DownloadThread( 1257): read_front--->
V/DownloadThread( 1257): read_bytesRead--->8192
V/DownloadThread( 1257): read_front--->
V/DownloadThread( 1257): read_bytesRead--->8192
V/DownloadThread( 1257): read_front--->
V/DownloadThread( 1257): read_bytesRead--->8192
V/DownloadThread( 1257): read_front--->
V/DownloadThread( 1257): read_bytesRead--->8192
V/DownloadThread( 1257): read_front--->
V/DownloadThread( 1257): read_bytesRead--->8192
V/DownloadThread( 1257): read_front--->
V/DownloadThread( 1257): read_bytesRead--->8192
V/DownloadThread( 1257): read_front--->
V/DownloadThread( 1257): read_bytesRead--->8192
V/DownloadThread( 1257): read_front--->
V/DownloadThread( 1257): read_bytesRead--->8192
V/DownloadThread( 1257): read_front--->
V/DownloadThread( 1257): read_bytesRead--->8192
V/DownloadThread( 1257): read_front--->
V/DownloadThread( 1257): read_bytesRead--->8192
V/DownloadThread( 1257): read_front--->
V/DownloadThread( 1257): read_bytesRead--->8192
V/DownloadThread( 1257): read_front--->
V/DownloadThread( 1257): read_bytesRead--->448
V/DownloadThread( 1257): read_front--->
V/DownloadThread( 1257): read_bytesRead--->8192
V/DownloadThread( 1257): read_front--->
V/DownloadThread( 1257): read_bytesRead--->8192
V/DownloadThread( 1257): read_front--->
V/DownloadThread( 1257): read_bytesRead--->8192
V/DownloadThread( 1257): read_front--->
V/DownloadThread( 1257): read_bytesRead--->8192
V/DownloadThread( 1257): read_front--->
V/DownloadThread( 1257): read_bytesRead--->8192
V/DownloadThread( 1257): read_front--->
V/DownloadThread( 1257): read_bytesRead--->8192
V/DownloadThread( 1257): read_front--->
V/DownloadThread( 1257): read_bytesRead--->8192
V/DownloadThread( 1257): read_front--->
V/DownloadThread( 1257): read_bytesRead--->8192
V/DownloadThread( 1257): read_front--->
V/DownloadThread( 1257): read_bytesRead--->8192
V/DownloadThread( 1257): read_front--->
V/DownloadThread( 1257): read_bytesRead--->8192
V/DownloadThread( 1257): read_front--->
V/DownloadThread( 1257): read_bytesRead--->8192
V/DownloadThread( 1257): read_front--->
V/DownloadThread( 1257): read_bytesRead--->8192
V/DownloadThread( 1257): read_front--->
V/DownloadThread( 1257): read_bytesRead--->800
V/DownloadThread( 1257): read_front--->
V/DownloadThread( 1257): read_bytesRead--->8192
V/DownloadThread( 1257): read_front--->
V/DownloadThread( 1257): read_bytesRead--->4768
V/DownloadThread( 1257): read_front--->
V/DownloadThread( 1257): read_bytesRead--->8192
V/DownloadThread( 1257): read_front--->
V/DownloadThread( 1257): read_bytesRead--->896
V/DownloadThread( 1257): read_front--->
V/DownloadThread( 1257): read_bytesRead--->8192
V/DownloadThread( 1257): read_front--->
V/DownloadThread( 1257): read_bytesRead--->8192
V/DownloadThread( 1257): read_front--->
D/dalvikvm( 1863): GC_CONCURRENT freed 1914K, 16% free 31889K/37699K, paused 2ms+14ms
V/DownloadThread( 1257): read_bytesRead--->8192
V/DownloadThread( 1257): read_front--->
V/DownloadThread( 1257): read_bytesRead--->8192
V/DownloadThread( 1257): read_front--->
V/DownloadThread( 1257): read_bytesRead--->7104
V/DownloadThread( 1257): read_front--->
V/DownloadThread( 1257): read_bytesRead--->8192
V/DownloadThread( 1257): read_front--->
V/DownloadThread( 1257): read_bytesRead--->8192
V/DownloadThread( 1257): read_front--->
V/DownloadThread( 1257): read_bytesRead--->8192
V/DownloadThread( 1257): read_front--->
V/DownloadThread( 1257): read_bytesRead--->8192
V/DownloadThread( 1257): read_front--->
V/DownloadThread( 1257): read_bytesRead--->8192
V/DownloadThread( 1257): read_front--->
V/DownloadThread( 1257): read_bytesRead--->4128
V/DownloadThread( 1257): read_front--->
V/DownloadThread( 1257): read_bytesRead--->8192
V/DownloadThread( 1257): read_front--->
V/DownloadThread( 1257): read_bytesRead--->8192
V/DownloadThread( 1257): read_front--->
V/DownloadThread( 1257): read_bytesRead--->3776
V/DownloadThread( 1257): read_front--->
V/DownloadThread( 1257): read_bytesRead--->8192
V/DownloadThread( 1257): read_front--->
V/DownloadThread( 1257): read_bytesRead--->8192
V/DownloadThread( 1257): read_front--->
V/DownloadThread( 1257): read_bytesRead--->8192
V/DownloadThread( 1257): read_front--->
V/DownloadThread( 1257): read_bytesRead--->2784
V/DownloadThread( 1257): read_front--->
D/dalvikvm( 1679): GC_CONCURRENT freed 726K, 64% free 2848K/7747K, paused 2ms+3ms
V/DownloadThread( 1257): read_bytesRead--->8192
V/DownloadThread( 1257): read_front--->
V/DownloadThread( 1257): read_bytesRead--->8192
V/DownloadThread( 1257): read_front--->
V/DownloadThread( 1257): read_bytesRead--->8192
V/DownloadThread( 1257): read_front--->
V/DownloadThread( 1257): read_bytesRead--->8192
V/DownloadThread( 1257): read_front--->
V/DownloadThread( 1257): read_bytesRead--->8192
V/DownloadThread( 1257): read_front--->
V/DownloadThread( 1257): read_bytesRead--->8192
V/DownloadThread( 1257): read_front--->
V/DownloadThread( 1257): read_bytesRead--->8192
V/DownloadThread( 1257): read_front--->
V/DownloadThread( 1257): read_bytesRead--->8192
V/DownloadThread( 1257): read_front--->
V/DownloadThread( 1257): read_bytesRead--->8192
V/DownloadThread( 1257): read_front--->
V/DownloadThread( 1257): read_bytesRead--->8192
V/DownloadThread( 1257): read_front--->
V/DownloadThread( 1257): read_bytesRead--->8192
V/DownloadThread( 1257): read_front--->
V/DownloadThread( 1257): read_bytesRead--->8192
V/DownloadThread( 1257): read_front--->
V/DownloadThread( 1257): read_bytesRead--->8192
V/DownloadThread( 1257): read_front--->
V/DownloadThread( 1257): read_bytesRead--->8192
V/DownloadThread( 1257): read_front--->
V/DownloadThread( 1257): read_bytesRead--->4627
V/DownloadThread( 1257): sendDataInStack
D/WriteDataInStorageThread( 1257): sendDataInStack --data length =524288 offset =139966897 file name = filePart1
D/WriteDataInStorageThread( 1257): write data  Pos=139442609   Length =524288  Thread =filePart1
V/DownloadThread( 1257): mCurrentWritePos--->140491185
V/DownloadThread( 1257): read_front--->
V/DownloadThread( 1257): read_bytesRead--->3565
V/DownloadThread( 1257): read_front--->
V/DownloadThread( 1257): read_bytesRead--->8192
V/DownloadThread( 1257): read_front--->
V/DownloadThread( 1257): read_bytesRead--->4576
V/DownloadThread( 1257): read_front--->
V/DownloadThread( 1257): read_front--->
V/DownloadThread( 1257): read_bytesRead--->8192
V/DownloadThread( 1257): read_bytesRead--->8192
V/DownloadThread( 1257): read_front--->
V/DownloadThread( 1257): read_front--->
V/DownloadThread( 1257): read_bytesRead--->8192
V/DownloadThread( 1257): read_front--->
V/DownloadThread( 1257): read_bytesRead--->8192
V/DownloadThread( 1257): read_front--->
V/DownloadThread( 1257): read_bytesRead--->8192
V/DownloadThread( 1257): read_front--->
V/DownloadThread( 1257): read_bytesRead--->8192
V/DownloadThread( 1257): read_front--->
V/DownloadThread( 1257): read_bytesRead--->8192
V/DownloadThread( 1257): read_front--->
V/DownloadThread( 1257): read_bytesRead--->8192
V/DownloadThread( 1257): read_front--->
V/DownloadThread( 1257): read_bytesRead--->2144
V/DownloadThread( 1257): read_front--->
V/DownloadThread( 1257): read_bytesRead--->8192
V/DownloadThread( 1257): read_front--->
V/DownloadThread( 1257): read_bytesRead--->8192
V/DownloadThread( 1257): read_front--->
V/DownloadThread( 1257): read_bytesRead--->8192
V/DownloadThread( 1257): read_front--->
V/DownloadThread( 1257): read_bytesRead--->8192
V/DownloadThread( 1257): read_front--->
V/DownloadThread( 1257): read_bytesRead--->8192
V/DownloadThread( 1257): read_front--->
V/DownloadThread( 1257): read_bytesRead--->8192
V/DownloadThread( 1257): read_front--->
V/DownloadThread( 1257): read_bytesRead--->8192
V/DownloadThread( 1257): read_front--->
V/DownloadThread( 1257): read_bytesRead--->960
V/DownloadThread( 1257): read_front--->
V/DownloadThread( 1257): read_bytesRead--->8192
V/DownloadThread( 1257): read_front--->
V/DownloadThread( 1257): read_bytesRead--->3328
V/DownloadThread( 1257): read_front--->
V/DownloadThread( 1257): read_bytesRead--->4320
V/DownloadThread( 1257): read_front--->
V/DownloadThread( 1257): read_bytesRead--->8192
V/DownloadThread( 1257): read_front--->
V/DownloadThread( 1257): read_bytesRead--->1888
V/DownloadThread( 1257): read_front--->
V/DownloadThread( 1257): read_bytesRead--->5760
V/DownloadThread( 1257): read_front--->
V/DownloadThread( 1257): read_bytesRead--->8192
V/DownloadThread( 1257): read_front--->
V/DownloadThread( 1257): read_bytesRead--->448
V/DownloadThread( 1257): read_front--->
V/DownloadThread( 1257): read_bytesRead--->1440
V/DownloadThread( 1257): read_bytesRead--->8192
V/DownloadThread( 1257): read_front--->
V/DownloadThread( 1257): read_front--->
V/DownloadThread( 1257): read_bytesRead--->448
V/DownloadThread( 1257): read_front--->
V/DownloadThread( 1257): read_bytesRead--->8192
V/DownloadThread( 1257): read_front--->
V/DownloadThread( 1257): read_bytesRead--->1440
V/DownloadThread( 1257): read_front--->
V/DownloadThread( 1257): read_bytesRead--->3328
V/DownloadThread( 1257): read_front--->
V/DownloadThread( 1257): read_bytesRead--->8192
V/DownloadThread( 1257): read_front--->
V/DownloadThread( 1257): read_bytesRead--->8192
V/DownloadThread( 1257): read_front--->
V/DownloadThread( 1257): read_bytesRead--->8192
V/DownloadThread( 1257): read_front--->
V/DownloadThread( 1257): read_bytesRead--->8192
V/DownloadThread( 1257): read_bytesRead--->6656
V/DownloadThread( 1257): read_front--->
V/DownloadThread( 1257): read_front--->
V/DownloadThread( 1257): read_bytesRead--->8192
V/DownloadThread( 1257): read_front--->
V/DownloadThread( 1257): read_bytesRead--->8192
V/DownloadThread( 1257): read_front--->
V/DownloadThread( 1257): read_bytesRead--->8192
V/DownloadThread( 1257): read_front--->
V/DownloadThread( 1257): read_bytesRead--->8192
V/DownloadThread( 1257): read_front--->
V/DownloadThread( 1257): read_bytesRead--->8192
V/DownloadThread( 1257): read_front--->
V/DownloadThread( 1257): read_bytesRead--->8192
V/DownloadThread( 1257): read_front--->
V/DownloadThread( 1257): read_bytesRead--->8192
V/DownloadThread( 1257): read_front--->
V/DownloadThread( 1257): read_front--->
V/DownloadTask( 1257): finishedThreadNum--->0
V/DownloadTask( 1257): mThreadNum--->2
D/NetFirmwareService( 1257): DownloadConstants.TASK_STATUS_RUNNING
D/NetFirmwareService( 1257): MSG_UPDATE_PACKAGE_STATUS_CHANGE
V/NetFirmwareService( 1257): percentValue--->61
D/NetFirmwareService( 1257): Send broadcast of download progress.
D/dalvikvm( 1679): GC_CONCURRENT freed 697K, 64% free 2848K/7747K, paused 4ms+10ms
V/DownloadThread( 1257): read_bytesRead--->8192
V/DownloadThread( 1257): read_front--->
V/DownloadThread( 1257): read_bytesRead--->8192
V/DownloadThread( 1257): read_front--->
V/DownloadThread( 1257): read_bytesRead--->8192
V/DownloadThread( 1257): read_front--->
V/DownloadThread( 1257): read_bytesRead--->8192
V/DownloadThread( 1257): read_front--->
V/DownloadThread( 1257): read_bytesRead--->8192
V/DownloadThread( 1257): read_front--->
V/DownloadThread( 1257): read_bytesRead--->4224
V/DownloadThread( 1257): read_front--->
V/DownloadThread( 1257): read_bytesRead--->8192
V/DownloadThread( 1257): read_front--->
V/DownloadThread( 1257): read_bytesRead--->8192
V/DownloadThread( 1257): read_front--->
V/DownloadThread( 1257): read_bytesRead--->8192
V/DownloadThread( 1257): read_front--->
V/DownloadThread( 1257): read_bytesRead--->8192
V/DownloadThread( 1257): read_front--->
V/DownloadThread( 1257): read_bytesRead--->8192
V/DownloadThread( 1257): read_front--->
V/DownloadThread( 1257): read_bytesRead--->7456
V/DownloadThread( 1257): read_front--->
V/DownloadThread( 1257): read_bytesRead--->8192
V/DownloadThread( 1257): read_front--->
V/DownloadThread( 1257): read_bytesRead--->8192
V/DownloadThread( 1257): read_front--->
V/DownloadThread( 1257): read_bytesRead--->8192
V/DownloadThread( 1257): read_front--->
V/DownloadThread( 1257): read_bytesRead--->8192
V/DownloadThread( 1257): read_front--->
V/DownloadThread( 1257): read_bytesRead--->8192
V/DownloadThread( 1257): read_front--->
V/DownloadThread( 1257): read_bytesRead--->5120
V/DownloadThread( 1257): read_front--->
V/DownloadThread( 1257): read_bytesRead--->7200
V/DownloadThread( 1257): read_front--->
V/DownloadThread( 1257): read_bytesRead--->7200
V/DownloadThread( 1257): read_front--->
V/DownloadThread( 1257): read_bytesRead--->8192
V/DownloadThread( 1257): read_front--->
V/DownloadThread( 1257): read_bytesRead--->8192
V/DownloadThread( 1257): read_front--->
V/DownloadThread( 1257): read_bytesRead--->8192
V/DownloadThread( 1257): read_front--->
V/DownloadThread( 1257): read_bytesRead--->8192
V/DownloadThread( 1257): read_front--->
V/DownloadThread( 1257): read_bytesRead--->8192
V/DownloadThread( 1257): read_front--->
V/DownloadThread( 1257): read_bytesRead--->800
V/DownloadThread( 1257): read_front--->
V/DownloadThread( 1257): read_bytesRead--->8192
V/DownloadThread( 1257): read_front--->
V/DownloadThread( 1257): read_bytesRead--->8192
V/DownloadThread( 1257): read_front--->
V/DownloadThread( 1257): read_bytesRead--->896
V/DownloadThread( 1257): read_front--->
V/DownloadThread( 1257): read_bytesRead--->8192
V/DownloadThread( 1257): read_front--->
V/DownloadThread( 1257): read_bytesRead--->8192
V/DownloadThread( 1257): read_front--->
V/DownloadThread( 1257): read_bytesRead--->6656
V/DownloadThread( 1257): read_front--->
V/DownloadThread( 1257): read_bytesRead--->8192
V/DownloadThread( 1257): read_front--->
V/DownloadThread( 1257): read_bytesRead--->8192
V/DownloadThread( 1257): read_front--->
V/DownloadThread( 1257): read_bytesRead--->2336
V/DownloadThread( 1257): read_front--->
V/DownloadThread( 1257): read_bytesRead--->5760
V/DownloadThread( 1257): read_front--->
V/DownloadThread( 1257): read_bytesRead--->7200
V/DownloadThread( 1257): read_front--->
V/DownloadThread( 1257): read_bytesRead--->8192
V/DownloadThread( 1257): read_front--->
V/DownloadThread( 1257): read_bytesRead--->3328
V/DownloadThread( 1257): read_bytesRead--->8192
V/DownloadThread( 1257): read_front--->
V/DownloadThread( 1257): read_bytesRead--->8192
V/DownloadThread( 1257): read_front--->
V/DownloadThread( 1257): read_bytesRead--->2603
V/DownloadThread( 1257): sendDataInStack
V/DownloadThread( 1257): read_bytesRead--->8192
V/DownloadThread( 1257): read_front--->
D/WriteDataInStorageThread( 1257): sendDataInStack --data length =524288 offset =65011712 file name = filePart0
D/WriteDataInStorageThread( 1257): write data  Pos=139966897   Length =524288  Thread =filePart1
V/DownloadThread( 1257): mCurrentWritePos--->65536000
V/DownloadThread( 1257): read_front--->
V/DownloadTask( 1257): finishedThreadNum--->0
V/DownloadTask( 1257): mThreadNum--->2
D/NetFirmwareService( 1257): DownloadConstants.TASK_STATUS_RUNNING
D/NetFirmwareService( 1257): MSG_UPDATE_PACKAGE_STATUS_CHANGE
V/NetFirmwareService( 1257): percentValue--->62
D/NetFirmwareService( 1257): Send broadcast of download progress.
V/DownloadThread( 1257): read_bytesRead--->8192
V/DownloadThread( 1257): read_front--->
V/DownloadThread( 1257): read_bytesRead--->5589
V/DownloadThread( 1257): read_front--->
V/DownloadThread( 1257): read_bytesRead--->8192
V/DownloadThread( 1257): read_front--->
V/DownloadThread( 1257): read_bytesRead--->8192
V/DownloadThread( 1257): read_front--->
V/DownloadThread( 1257): read_bytesRead--->8192
V/DownloadThread( 1257): read_front--->
V/DownloadThread( 1257): read_bytesRead--->8192
V/DownloadThread( 1257): read_front--->
V/DownloadThread( 1257): read_bytesRead--->8192
V/DownloadThread( 1257): read_front--->
V/DownloadThread( 1257): read_bytesRead--->8192
V/DownloadThread( 1257): read_front--->
V/DownloadThread( 1257): read_bytesRead--->8192
V/DownloadThread( 1257): read_front--->
V/DownloadThread( 1257): read_bytesRead--->8192
V/DownloadThread( 1257): read_front--->
V/DownloadThread( 1257): read_bytesRead--->8192
V/DownloadThread( 1257): read_front--->
V/DownloadThread( 1257): read_bytesRead--->8192
V/DownloadThread( 1257): read_front--->
V/DownloadThread( 1257): read_bytesRead--->8192
V/DownloadThread( 1257): read_front--->
V/DownloadThread( 1257): read_bytesRead--->8192
V/DownloadThread( 1257): read_front--->
V/DownloadThread( 1257): read_bytesRead--->8192
V/DownloadThread( 1257): read_front--->
V/DownloadThread( 1257): read_bytesRead--->8192
V/DownloadThread( 1257): read_front--->
V/DownloadThread( 1257): read_bytesRead--->8192
V/DownloadThread( 1257): read_front--->
V/DownloadThread( 1257): read_bytesRead--->8192
V/DownloadThread( 1257): read_front--->
V/DownloadThread( 1257): read_bytesRead--->8192
V/DownloadThread( 1257): read_front--->
V/DownloadThread( 1257): read_bytesRead--->8192
V/DownloadThread( 1257): read_front--->
V/DownloadThread( 1257): read_bytesRead--->8192
V/DownloadThread( 1257): read_front--->
V/DownloadThread( 1257): read_bytesRead--->8192
V/DownloadThread( 1257): read_front--->
V/DownloadThread( 1257): read_bytesRead--->8192
V/DownloadThread( 1257): read_front--->
V/DownloadThread( 1257): read_bytesRead--->8192
V/DownloadThread( 1257): read_front--->
V/DownloadThread( 1257): read_bytesRead--->8192
V/DownloadThread( 1257): read_front--->
V/DownloadThread( 1257): read_bytesRead--->8192
V/DownloadThread( 1257): read_front--->
V/DownloadThread( 1257): read_bytesRead--->8192
V/DownloadThread( 1257): read_front--->
V/DownloadThread( 1257): read_bytesRead--->8192
V/DownloadThread( 1257): read_front--->
V/DownloadThread( 1257): read_bytesRead--->8192
V/DownloadThread( 1257): read_front--->
V/DownloadThread( 1257): read_bytesRead--->8192
V/DownloadThread( 1257): read_front--->
V/DownloadThread( 1257): read_bytesRead--->8192
V/DownloadThread( 1257): read_bytesRead--->8192
V/DownloadThread( 1257): read_front--->
V/DownloadThread( 1257): read_front--->
V/DownloadThread( 1257): read_front--->
V/DownloadThread( 1257): read_bytesRead--->8192
V/DownloadThread( 1257): read_front--->
V/DownloadThread( 1257): read_bytesRead--->8192
V/DownloadThread( 1257): read_front--->
V/DownloadThread( 1257): read_bytesRead--->8192
V/DownloadThread( 1257): read_front--->
V/DownloadThread( 1257): read_bytesRead--->8192
V/DownloadThread( 1257): read_front--->
V/DownloadThread( 1257): read_bytesRead--->5568
V/DownloadThread( 1257): read_front--->
V/DownloadThread( 1257): read_bytesRead--->8192
V/DownloadThread( 1257): read_front--->
V/DownloadThread( 1257): read_bytesRead--->1696
V/DownloadThread( 1257): read_front--->
V/DownloadThread( 1257): read_bytesRead--->8192
V/DownloadThread( 1257): read_front--->
V/DownloadThread( 1257): read_bytesRead--->1888
V/DownloadThread( 1257): read_front--->
V/DownloadThread( 1257): read_bytesRead--->8192
V/DownloadThread( 1257): read_front--->
V/DownloadThread( 1257): read_bytesRead--->1888
V/DownloadThread( 1257): read_front--->
V/DownloadThread( 1257): read_bytesRead--->7200
V/DownloadThread( 1257): read_front--->
V/DownloadThread( 1257): read_bytesRead--->8192
V/DownloadThread( 1257): read_front--->
V/DownloadThread( 1257): read_bytesRead--->448
V/DownloadThread( 1257): read_front--->
V/DownloadThread( 1257): read_bytesRead--->2880
V/DownloadThread( 1257): read_front--->
V/DownloadThread( 1257): read_bytesRead--->5760
V/DownloadThread( 1257): read_front--->
V/DownloadThread( 1257): read_bytesRead--->5760
V/DownloadThread( 1257): read_front--->
V/DownloadThread( 1257): read_bytesRead--->7200
V/DownloadThread( 1257): read_front--->
V/DownloadThread( 1257): read_bytesRead--->7200
V/DownloadThread( 1257): read_front--->
V/DownloadThread( 1257): read_bytesRead--->8192
V/DownloadThread( 1257): read_front--->
V/DownloadThread( 1257): read_bytesRead--->8192
V/DownloadThread( 1257): read_front--->
V/DownloadThread( 1257): read_bytesRead--->8192
V/DownloadThread( 1257): read_front--->
V/DownloadThread( 1257): read_bytesRead--->8192
V/DownloadThread( 1257): read_front--->
V/DownloadThread( 1257): read_bytesRead--->8192
V/DownloadThread( 1257): read_front--->
V/DownloadThread( 1257): read_bytesRead--->8192
V/DownloadThread( 1257): read_front--->
V/DownloadThread( 1257): read_bytesRead--->8192
V/DownloadThread( 1257): read_bytesRead--->8192
V/DownloadThread( 1257): read_front--->
V/DownloadThread( 1257): read_front--->
V/DownloadThread( 1257): read_bytesRead--->8192
V/DownloadThread( 1257): read_front--->
V/DownloadThread( 1257): read_bytesRead--->8192
V/DownloadThread( 1257): read_front--->
V/DownloadThread( 1257): read_bytesRead--->8192
V/DownloadThread( 1257): read_bytesRead--->3680
V/DownloadThread( 1257): read_front--->
V/DownloadThread( 1257): read_front--->
V/DownloadThread( 1257): read_bytesRead--->8192
V/DownloadThread( 1257): read_front--->
V/DownloadThread( 1257): read_bytesRead--->8192
V/DownloadThread( 1257): read_front--->
V/DownloadThread( 1257): read_bytesRead--->8192
V/DownloadThread( 1257): read_front--->
V/DownloadThread( 1257): read_bytesRead--->8192
V/DownloadThread( 1257): read_front--->
V/DownloadThread( 1257): read_bytesRead--->8192
V/DownloadThread( 1257): read_front--->
V/DownloadThread( 1257): read_bytesRead--->8192
V/DownloadThread( 1257): read_front--->
V/DownloadThread( 1257): read_bytesRead--->8192
V/DownloadThread( 1257): read_front--->
V/DownloadThread( 1257): read_bytesRead--->8192
V/DownloadThread( 1257): read_front--->
V/DownloadThread( 1257): read_bytesRead--->8192
V/DownloadThread( 1257): read_front--->
V/DownloadThread( 1257): read_bytesRead--->8192
V/DownloadThread( 1257): read_front--->
V/DownloadThread( 1257): read_bytesRead--->8192
V/DownloadThread( 1257): read_front--->
V/DownloadThread( 1257): read_bytesRead--->4736
V/DownloadThread( 1257): read_bytesRead--->8192
V/DownloadThread( 1257): read_front--->
V/DownloadThread( 1257): read_bytesRead--->3795
V/DownloadThread( 1257): sendDataInStack
D/WriteDataInStorageThread( 1257): sendDataInStack --data length =524288 offset =141015473 file name = filePart1
V/DownloadThread( 1257): read_bytesRead--->2187
V/DownloadThread( 1257): sendDataInStack
V/DownloadThread( 1257): mCurrentWritePos--->141539761
V/DownloadThread( 1257): read_front--->
V/DownloadThread( 1257): read_bytesRead--->4397
V/DownloadThread( 1257): read_front--->
D/WriteDataInStorageThread( 1257): sendDataInStack --data length =524288 offset =65536000 file name = filePart0
D/WriteDataInStorageThread( 1257): write data  Pos=64487424   Length =524288  Thread =filePart0
V/DownloadThread( 1257): read_bytesRead--->8192
V/DownloadThread( 1257): read_front--->
V/DownloadThread( 1257): mCurrentWritePos--->66060288
V/DownloadThread( 1257): read_front--->
V/DownloadThread( 1257): read_bytesRead--->6005
V/DownloadThread( 1257): read_front--->
V/DownloadThread( 1257): read_bytesRead--->8192
V/DownloadThread( 1257): read_bytesRead--->8192
V/DownloadThread( 1257): read_front--->
V/DownloadThread( 1257): read_front--->
V/DownloadThread( 1257): read_bytesRead--->8192
V/DownloadThread( 1257): read_front--->
V/DownloadThread( 1257): read_bytesRead--->8192
V/DownloadThread( 1257): read_front--->
V/DownloadThread( 1257): read_bytesRead--->8192
V/DownloadThread( 1257): read_front--->
V/DownloadThread( 1257): read_bytesRead--->8192
V/DownloadThread( 1257): read_front--->
V/DownloadThread( 1257): read_bytesRead--->8192
V/DownloadThread( 1257): read_front--->
V/DownloadThread( 1257): read_bytesRead--->8192
V/DownloadThread( 1257): read_front--->
V/DownloadThread( 1257): read_bytesRead--->8192
V/DownloadThread( 1257): read_front--->
V/DownloadThread( 1257): read_bytesRead--->8192
V/DownloadThread( 1257): read_front--->
V/DownloadThread( 1257): read_bytesRead--->8192
V/DownloadThread( 1257): read_bytesRead--->8192
V/DownloadThread( 1257): read_front--->
V/DownloadThread( 1257): read_front--->
V/DownloadThread( 1257): read_bytesRead--->8192
V/DownloadThread( 1257): read_front--->
V/DownloadThread( 1257): read_bytesRead--->8192
V/DownloadThread( 1257): read_front--->
V/DownloadThread( 1257): read_bytesRead--->8192
V/DownloadThread( 1257): read_bytesRead--->8192
V/DownloadThread( 1257): read_front--->
V/DownloadThread( 1257): read_front--->
V/DownloadThread( 1257): read_bytesRead--->8192
V/DownloadThread( 1257): read_front--->
V/DownloadThread( 1257): read_bytesRead--->8192
V/DownloadThread( 1257): read_front--->
V/DownloadThread( 1257): read_bytesRead--->8192
V/DownloadThread( 1257): read_bytesRead--->8192
V/DownloadThread( 1257): read_front--->
V/DownloadThread( 1257): read_front--->
V/DownloadThread( 1257): read_bytesRead--->8192
V/DownloadThread( 1257): read_bytesRead--->8192
V/DownloadThread( 1257): read_front--->
V/DownloadThread( 1257): read_front--->
V/DownloadThread( 1257): read_bytesRead--->8192
V/DownloadThread( 1257): read_bytesRead--->8192
V/DownloadThread( 1257): read_front--->
V/DownloadThread( 1257): read_front--->
V/DownloadThread( 1257): read_bytesRead--->8192
V/DownloadThread( 1257): read_bytesRead--->7424
V/DownloadThread( 1257): read_front--->
V/DownloadThread( 1257): read_front--->
V/DownloadThread( 1257): read_bytesRead--->8192
V/DownloadThread( 1257): read_front--->
V/DownloadThread( 1257): read_bytesRead--->5440
V/DownloadThread( 1257): read_front--->
V/DownloadThread( 1257): read_bytesRead--->8192
V/DownloadThread( 1257): read_front--->
V/DownloadThread( 1257): read_bytesRead--->4768
V/DownloadThread( 1257): read_front--->
V/DownloadThread( 1257): read_bytesRead--->4320
V/DownloadThread( 1257): read_front--->
V/DownloadThread( 1257): read_bytesRead--->8192
V/DownloadThread( 1257): read_front--->
V/DownloadThread( 1257): read_bytesRead--->448
V/DownloadThread( 1257): read_front--->
V/DownloadThread( 1257): read_bytesRead--->8192
V/DownloadThread( 1257): read_front--->
V/DownloadThread( 1257): read_bytesRead--->8192
V/DownloadThread( 1257): read_front--->
V/DownloadThread( 1257): read_bytesRead--->8192
V/DownloadThread( 1257): read_front--->
V/DownloadThread( 1257): read_bytesRead--->8192
V/DownloadThread( 1257): read_front--->
V/DownloadThread( 1257): read_bytesRead--->8192
V/DownloadThread( 1257): read_front--->
V/DownloadThread( 1257): read_bytesRead--->8192
V/DownloadThread( 1257): read_front--->
V/DownloadThread( 1257): read_bytesRead--->8192
V/DownloadThread( 1257): read_front--->
V/DownloadThread( 1257): read_bytesRead--->8192
V/DownloadThread( 1257): read_front--->
V/DownloadThread( 1257): read_bytesRead--->8192
V/DownloadThread( 1257): read_bytesRead--->8192
V/DownloadThread( 1257): read_front--->
V/DownloadThread( 1257): read_bytesRead--->8192
V/DownloadThread( 1257): read_front--->
V/DownloadThread( 1257): read_front--->
V/DownloadThread( 1257): read_bytesRead--->8192
V/DownloadThread( 1257): read_bytesRead--->8192
V/DownloadThread( 1257): read_front--->
V/DownloadThread( 1257): read_front--->
V/DownloadThread( 1257): read_bytesRead--->8192
V/DownloadThread( 1257): read_front--->
V/DownloadThread( 1257): read_bytesRead--->8192
V/DownloadThread( 1257): read_front--->
V/DownloadThread( 1257): read_bytesRead--->8192
V/DownloadThread( 1257): read_front--->
V/DownloadThread( 1257): read_bytesRead--->8192
V/DownloadThread( 1257): read_bytesRead--->8192
V/DownloadThread( 1257): read_front--->
V/DownloadThread( 1257): read_front--->
V/DownloadThread( 1257): read_bytesRead--->8192
V/DownloadThread( 1257): read_front--->
V/DownloadThread( 1257): read_bytesRead--->8192
V/DownloadThread( 1257): read_front--->
V/DownloadThread( 1257): read_bytesRead--->5728
V/DownloadThread( 1257): read_front--->
V/DownloadThread( 1257): read_bytesRead--->6720
V/DownloadThread( 1257): read_front--->
D/dalvikvm( 1679): GC_CONCURRENT freed 701K, 64% free 2866K/7747K, paused 3ms+49ms
V/DownloadThread( 1257): read_bytesRead--->1440
V/DownloadThread( 1257): read_front--->
V/DownloadThread( 1257): read_bytesRead--->8192
V/DownloadThread( 1257): read_front--->
V/DownloadTask( 1257): finishedThreadNum--->0
V/DownloadTask( 1257): mThreadNum--->2
D/NetFirmwareService( 1257): DownloadConstants.TASK_STATUS_RUNNING
D/NetFirmwareService( 1257): MSG_UPDATE_PACKAGE_STATUS_CHANGE
V/NetFirmwareService( 1257): percentValue--->63
D/NetFirmwareService( 1257): Send broadcast of download progress.
V/DownloadThread( 1257): read_bytesRead--->8192
V/DownloadThread( 1257): read_front--->
V/DownloadThread( 1257): read_bytesRead--->8192
V/DownloadThread( 1257): read_front--->
V/DownloadThread( 1257): read_bytesRead--->8192
V/DownloadThread( 1257): read_bytesRead--->8192
V/DownloadThread( 1257): read_front--->
V/DownloadThread( 1257): read_front--->
V/DownloadThread( 1257): read_bytesRead--->8192
V/DownloadThread( 1257): read_front--->
V/DownloadThread( 1257): read_bytesRead--->8192
V/DownloadThread( 1257): read_front--->
V/DownloadThread( 1257): read_bytesRead--->8192
V/DownloadThread( 1257): read_front--->
V/DownloadThread( 1257): read_bytesRead--->8192
V/DownloadThread( 1257): read_front--->
V/DownloadThread( 1257): read_bytesRead--->8192
V/DownloadThread( 1257): read_front--->
V/DownloadThread( 1257): read_bytesRead--->8192
V/DownloadThread( 1257): read_front--->
V/DownloadThread( 1257): read_bytesRead--->8192
V/DownloadThread( 1257): read_front--->
V/DownloadThread( 1257): read_bytesRead--->8192
V/DownloadThread( 1257): read_front--->
V/DownloadThread( 1257): read_bytesRead--->8192
V/DownloadThread( 1257): read_bytesRead--->8192
V/DownloadThread( 1257): read_front--->
V/DownloadThread( 1257): read_front--->
V/DownloadThread( 1257): read_bytesRead--->8192
V/DownloadThread( 1257): read_front--->
V/DownloadThread( 1257): read_bytesRead--->8192
V/DownloadThread( 1257): read_front--->
V/DownloadThread( 1257): read_bytesRead--->8192
V/DownloadThread( 1257): read_front--->
V/DownloadThread( 1257): read_bytesRead--->8192
V/DownloadThread( 1257): read_front--->
V/DownloadThread( 1257): read_bytesRead--->8192
V/DownloadThread( 1257): read_front--->
V/DownloadThread( 1257): read_bytesRead--->8192
V/DownloadThread( 1257): read_front--->
V/DownloadThread( 1257): read_bytesRead--->8192
V/DownloadThread( 1257): read_front--->
V/DownloadThread( 1257): read_bytesRead--->7008
V/DownloadThread( 1257): read_front--->
V/DownloadThread( 1257): read_bytesRead--->5760
V/DownloadThread( 1257): read_front--->
V/DownloadThread( 1257): read_bytesRead--->8192
V/DownloadThread( 1257): read_front--->
V/DownloadThread( 1257): read_bytesRead--->3328
V/DownloadThread( 1257): read_front--->
V/DownloadThread( 1257): read_bytesRead--->8192
V/DownloadThread( 1257): read_front--->
V/DownloadThread( 1257): read_bytesRead--->3328
V/DownloadThread( 1257): read_front--->
V/DownloadThread( 1257): read_bytesRead--->2880
V/DownloadThread( 1257): read_front--->
V/DownloadThread( 1257): read_bytesRead--->5760
V/DownloadThread( 1257): read_front--->
V/DownloadThread( 1257): read_bytesRead--->1440
V/DownloadThread( 1257): read_front--->
V/DownloadThread( 1257): read_bytesRead--->2880
V/DownloadThread( 1257): read_front--->
V/DownloadThread( 1257): read_bytesRead--->8192
V/DownloadThread( 1257): read_front--->
V/DownloadThread( 1257): read_bytesRead--->4768
V/DownloadThread( 1257): read_front--->
D/dalvikvm( 1679): GC_CONCURRENT freed 718K, 64% free 2851K/7747K, paused 6ms+5ms
V/DownloadThread( 1257): read_bytesRead--->8192
V/DownloadThread( 1257): read_front--->
D/WriteDataInStorageThread( 1257): sendDataInStack --data length =524288 offset =66060288 file name = filePart0
V/DownloadTask( 1257): finishedThreadNum--->0
V/DownloadTask( 1257): mThreadNum--->2
D/NetFirmwareService( 1257): DownloadConstants.TASK_STATUS_RUNNING
D/NetFirmwareService( 1257): MSG_UPDATE_PACKAGE_STATUS_CHANGE
V/NetFirmwareService( 1257): percentValue--->63
D/NetFirmwareService( 1257): Send broadcast of download progress.
D/WriteDataInStorageThread( 1257): write data  Pos=65011712   Length =524288  Thread =filePart0
V/DownloadThread( 1257): read_bytesRead--->8192
V/DownloadThread( 1257): read_front--->
V/DownloadThread( 1257): mCurrentWritePos--->66584576
V/DownloadThread( 1257): read_front--->
V/DownloadThread( 1257): read_bytesRead--->1717
V/DownloadThread( 1257): read_front--->
V/DownloadThread( 1257): read_bytesRead--->8192
V/DownloadThread( 1257): read_front--->
V/DownloadThread( 1257): read_bytesRead--->8192
V/DownloadThread( 1257): read_front--->
V/DownloadThread( 1257): read_bytesRead--->8192
V/DownloadThread( 1257): read_front--->
V/DownloadThread( 1257): read_bytesRead--->8192
V/DownloadThread( 1257): read_front--->
V/DownloadThread( 1257): read_bytesRead--->8192
V/DownloadThread( 1257): read_front--->
V/DownloadThread( 1257): read_bytesRead--->8192
V/DownloadThread( 1257): read_front--->
V/DownloadThread( 1257): read_bytesRead--->8192
V/DownloadThread( 1257): read_front--->
V/DownloadThread( 1257): read_bytesRead--->8192
V/DownloadThread( 1257): read_front--->
V/DownloadThread( 1257): read_bytesRead--->8192
V/DownloadThread( 1257): read_bytesRead--->8192
V/DownloadThread( 1257): read_front--->
V/DownloadThread( 1257): read_front--->
V/DownloadThread( 1257): read_bytesRead--->8192
V/DownloadThread( 1257): read_front--->
V/DownloadThread( 1257): read_bytesRead--->8192
V/DownloadThread( 1257): read_front--->
V/DownloadThread( 1257): read_bytesRead--->8192
V/DownloadThread( 1257): read_front--->
V/DownloadThread( 1257): read_bytesRead--->8192
V/DownloadThread( 1257): read_front--->
V/DownloadThread( 1257): read_bytesRead--->8192
V/DownloadThread( 1257): read_front--->
V/DownloadThread( 1257): read_bytesRead--->8192
V/DownloadThread( 1257): read_front--->
V/DownloadThread( 1257): read_bytesRead--->8192
V/DownloadThread( 1257): read_front--->
V/DownloadThread( 1257): read_bytesRead--->8192
V/DownloadThread( 1257): read_front--->
V/DownloadThread( 1257): read_bytesRead--->8192
V/DownloadThread( 1257): read_front--->
V/DownloadThread( 1257): read_bytesRead--->8192
V/DownloadThread( 1257): read_front--->
V/DownloadThread( 1257): read_bytesRead--->8192
V/DownloadThread( 1257): read_front--->
V/DownloadThread( 1257): read_bytesRead--->8192
V/DownloadThread( 1257): read_front--->
V/DownloadThread( 1257): read_bytesRead--->8192
V/DownloadThread( 1257): read_front--->
V/DownloadThread( 1257): read_bytesRead--->8192
V/DownloadThread( 1257): read_front--->
V/DownloadThread( 1257): read_bytesRead--->8192
V/DownloadThread( 1257): read_front--->
V/DownloadThread( 1257): read_bytesRead--->1888
V/DownloadThread( 1257): read_front--->
V/DownloadThread( 1257): read_bytesRead--->8192
V/DownloadThread( 1257): read_front--->
V/DownloadThread( 1257): read_bytesRead--->8192
V/DownloadThread( 1257): read_bytesRead--->5760
V/DownloadThread( 1257): read_front--->
V/DownloadThread( 1257): read_front--->
V/DownloadThread( 1257): read_bytesRead--->8192
V/DownloadThread( 1257): read_front--->
V/DownloadThread( 1257): read_bytesRead--->8192
V/DownloadThread( 1257): read_front--->
V/DownloadThread( 1257): read_bytesRead--->8192
V/DownloadThread( 1257): read_front--->
V/DownloadThread( 1257): read_bytesRead--->8192
V/DownloadThread( 1257): read_front--->
V/DownloadThread( 1257): read_bytesRead--->8192
V/DownloadThread( 1257): read_front--->
V/DownloadThread( 1257): read_bytesRead--->8192
V/DownloadThread( 1257): read_front--->
V/DownloadThread( 1257): read_bytesRead--->1248
V/DownloadThread( 1257): read_front--->
V/DownloadThread( 1257): read_bytesRead--->5760
V/DownloadThread( 1257): read_front--->
V/DownloadThread( 1257): read_bytesRead--->5760
V/DownloadThread( 1257): read_front--->
V/DownloadThread( 1257): read_bytesRead--->8192
V/DownloadThread( 1257): read_front--->
V/DownloadThread( 1257): read_bytesRead--->4768
V/DownloadThread( 1257): read_front--->
V/DownloadThread( 1257): read_bytesRead--->8192
V/DownloadThread( 1257): read_front--->
V/DownloadThread( 1257): read_bytesRead--->6208
V/DownloadThread( 1257): read_front--->
V/DownloadThread( 1257): read_bytesRead--->7200
V/DownloadThread( 1257): read_bytesRead--->5760
V/DownloadThread( 1257): read_front--->
V/DownloadThread( 1257): read_front--->
V/DownloadThread( 1257): read_bytesRead--->8192
V/DownloadThread( 1257): read_front--->
V/DownloadThread( 1257): read_bytesRead--->3328
V/DownloadThread( 1257): read_front--->
V/DownloadThread( 1257): read_bytesRead--->8192
V/DownloadThread( 1257): read_front--->
V/DownloadThread( 1257): read_bytesRead--->4768
V/DownloadThread( 1257): read_front--->
V/DownloadThread( 1257): read_bytesRead--->8192
V/DownloadThread( 1257): read_front--->
V/DownloadThread( 1257): read_bytesRead--->1440
V/DownloadThread( 1257): read_front--->
V/DownloadThread( 1257): read_bytesRead--->3328
V/DownloadThread( 1257): read_front--->
V/DownloadThread( 1257): read_bytesRead--->8192
V/DownloadThread( 1257): read_front--->
V/DownloadThread( 1257): read_bytesRead--->3328
V/DownloadThread( 1257): read_front--->
V/DownloadThread( 1257): read_bytesRead--->4320
V/DownloadThread( 1257): read_front--->
V/DownloadThread( 1257): read_bytesRead--->8192
V/DownloadThread( 1257): read_front--->
V/DownloadThread( 1257): read_bytesRead--->448
V/DownloadThread( 1257): read_front--->
V/DownloadThread( 1257): read_bytesRead--->8192
V/DownloadThread( 1257): read_front--->
V/DownloadThread( 1257): read_bytesRead--->3328
V/DownloadThread( 1257): read_front--->
V/DownloadThread( 1257): read_front--->
V/DownloadThread( 1257): read_bytesRead--->8192
V/DownloadThread( 1257): read_front--->
V/DownloadThread( 1257): read_bytesRead--->8192
V/DownloadThread( 1257): read_front--->
V/DownloadThread( 1257): read_bytesRead--->352
V/DownloadThread( 1257): read_bytesRead--->6603
V/DownloadThread( 1257): read_front--->
V/DownloadThread( 1257): sendDataInStack
V/DownloadThread( 1257): read_bytesRead--->4320
V/DownloadThread( 1257): read_front--->
V/DownloadThread( 1257): read_bytesRead--->8192
V/DownloadThread( 1257): read_front--->
V/DownloadThread( 1257): read_bytesRead--->3328
V/DownloadThread( 1257): read_front--->
V/DownloadThread( 1257): read_bytesRead--->1440
V/DownloadThread( 1257): read_front--->
V/DownloadThread( 1257): read_bytesRead--->8192
V/DownloadThread( 1257): read_front--->
V/DownloadThread( 1257): read_bytesRead--->4768
V/DownloadThread( 1257): read_front--->
V/DownloadThread( 1257): read_bytesRead--->8192
V/DownloadThread( 1257): read_front--->
V/DownloadThread( 1257): read_bytesRead--->448
V/DownloadThread( 1257): read_front--->
D/WriteDataInStorageThread( 1257): sendDataInStack --data length =524288 offset =66584576 file name = filePart0
D/WriteDataInStorageThread( 1257): write data  Pos=65536000   Length =524288  Thread =filePart0
V/DownloadThread( 1257): mCurrentWritePos--->67108864
V/DownloadThread( 1257): read_front--->
V/DownloadThread( 1257): read_bytesRead--->1589
V/DownloadThread( 1257): read_front--->
V/DownloadThread( 1257): read_bytesRead--->8192
V/DownloadThread( 1257): read_front--->
V/DownloadThread( 1257): read_bytesRead--->8192
V/DownloadThread( 1257): read_front--->
V/DownloadThread( 1257): read_bytesRead--->8192
V/DownloadThread( 1257): read_front--->
V/DownloadThread( 1257): read_bytesRead--->2784
V/DownloadThread( 1257): read_front--->
V/DownloadThread( 1257): read_bytesRead--->8192
V/DownloadThread( 1257): read_front--->
V/DownloadThread( 1257): read_bytesRead--->448
V/DownloadThread( 1257): read_front--->
V/DownloadThread( 1257): read_bytesRead--->8192
V/DownloadThread( 1257): read_front--->
V/DownloadThread( 1257): read_bytesRead--->8192
V/DownloadThread( 1257): read_front--->
V/DownloadThread( 1257): read_bytesRead--->8192
V/DownloadThread( 1257): read_front--->
V/DownloadThread( 1257): read_bytesRead--->8192
V/DownloadThread( 1257): read_front--->
V/DownloadThread( 1257): read_bytesRead--->8192
V/DownloadThread( 1257): read_front--->
V/DownloadThread( 1257): read_bytesRead--->8192
V/DownloadThread( 1257): read_front--->
V/DownloadThread( 1257): read_bytesRead--->8192
V/DownloadThread( 1257): read_front--->
V/DownloadThread( 1257): read_bytesRead--->8192
V/DownloadThread( 1257): read_front--->
V/DownloadThread( 1257): read_bytesRead--->8192
V/DownloadThread( 1257): read_front--->
V/DownloadThread( 1257): read_bytesRead--->8192
V/DownloadThread( 1257): read_front--->
V/DownloadThread( 1257): read_bytesRead--->8192
V/DownloadThread( 1257): read_front--->
V/DownloadThread( 1257): read_bytesRead--->3936
V/DownloadThread( 1257): read_front--->
V/DownloadThread( 1257): read_bytesRead--->4320
V/DownloadThread( 1257): read_front--->
V/DownloadThread( 1257): read_bytesRead--->8192
V/DownloadThread( 1257): read_front--->
V/DownloadThread( 1257): read_bytesRead--->1888
V/DownloadThread( 1257): read_front--->
V/DownloadThread( 1257): read_bytesRead--->8192
V/DownloadThread( 1257): read_front--->
V/DownloadThread( 1257): read_bytesRead--->8192
V/DownloadThread( 1257): read_front--->
V/DownloadThread( 1257): read_bytesRead--->896
V/DownloadThread( 1257): read_front--->
V/DownloadTask( 1257): finishedThreadNum--->0
V/DownloadTask( 1257): mThreadNum--->2
D/NetFirmwareService( 1257): DownloadConstants.TASK_STATUS_RUNNING
V/DownloadThread( 1257): read_bytesRead--->7200
V/DownloadThread( 1257): read_front--->
V/DownloadThread( 1257): read_front--->
V/DownloadThread( 1257): read_bytesRead--->8192
V/DownloadThread( 1257): read_front--->
V/DownloadThread( 1257): read_bytesRead--->4224
V/DownloadThread( 1257): read_front--->
V/DownloadThread( 1257): read_bytesRead--->8192
V/DownloadThread( 1257): read_front--->
V/DownloadThread( 1257): read_bytesRead--->8192
V/DownloadThread( 1257): read_front--->
V/DownloadThread( 1257): read_bytesRead--->6560
V/DownloadThread( 1257): read_front--->
V/DownloadThread( 1257): read_bytesRead--->2880
V/DownloadThread( 1257): read_front--->
V/DownloadThread( 1257): read_bytesRead--->8192
V/DownloadThread( 1257): read_front--->
V/DownloadThread( 1257): read_bytesRead--->7200
V/DownloadThread( 1257): read_front--->
V/DownloadThread( 1257): read_bytesRead--->8192
V/DownloadThread( 1257): read_front--->
V/DownloadThread( 1257): read_bytesRead--->2880
V/DownloadThread( 1257): read_front--->
V/DownloadThread( 1257): read_bytesRead--->8192
V/DownloadThread( 1257): read_front--->
V/DownloadThread( 1257): read_bytesRead--->8192
V/DownloadThread( 1257): read_front--->
V/DownloadThread( 1257): read_bytesRead--->8192
V/DownloadThread( 1257): read_front--->
V/DownloadThread( 1257): read_bytesRead--->8192
V/DownloadThread( 1257): read_front--->
V/DownloadThread( 1257): read_bytesRead--->1792
V/DownloadThread( 1257): read_front--->
V/DownloadThread( 1257): read_bytesRead--->8192
V/DownloadThread( 1257): read_front--->
V/DownloadThread( 1257): read_bytesRead--->5664
V/DownloadThread( 1257): read_front--->
V/DownloadThread( 1257): read_bytesRead--->4320
V/DownloadThread( 1257): read_front--->
V/DownloadThread( 1257): read_bytesRead--->4320
V/DownloadThread( 1257): read_front--->
V/DownloadThread( 1257): read_bytesRead--->1440
V/DownloadThread( 1257): read_front--->
D/dalvikvm( 1679): GC_CONCURRENT freed 696K, 64% free 2848K/7747K, paused 4ms+6ms
V/DownloadThread( 1257): read_bytesRead--->8192
V/DownloadThread( 1257): read_front--->
V/DownloadThread( 1257): read_bytesRead--->8192
V/DownloadThread( 1257): read_front--->
V/DownloadThread( 1257): read_bytesRead--->8192
V/DownloadThread( 1257): read_front--->
V/DownloadThread( 1257): read_bytesRead--->8192
V/DownloadThread( 1257): read_front--->
V/DownloadThread( 1257): read_bytesRead--->7552
V/DownloadThread( 1257): read_front--->
V/DownloadThread( 1257): read_bytesRead--->8192
V/DownloadThread( 1257): read_front--->
V/DownloadThread( 1257): read_bytesRead--->6208
V/DownloadThread( 1257): read_front--->
V/DownloadThread( 1257): read_bytesRead--->8192
V/DownloadThread( 1257): read_front--->
V/DownloadThread( 1257): read_bytesRead--->8192
V/DownloadThread( 1257): read_front--->
V/DownloadThread( 1257): read_bytesRead--->5216
V/DownloadThread( 1257): read_front--->
V/DownloadThread( 1257): read_bytesRead--->8192
V/DownloadThread( 1257): read_front--->
V/DownloadThread( 1257): read_bytesRead--->1440
V/DownloadThread( 1257): read_front--->
V/DownloadThread( 1257): read_bytesRead--->1440
V/DownloadThread( 1257): read_front--->
V/DownloadThread( 1257): read_bytesRead--->2880
V/DownloadThread( 1257): read_front--->
V/DownloadThread( 1257): read_bytesRead--->1440
V/DownloadThread( 1257): read_front--->
V/DownloadThread( 1257): read_bytesRead--->8192
V/DownloadThread( 1257): read_front--->
V/DownloadThread( 1257): read_bytesRead--->8192
V/DownloadThread( 1257): read_front--->
V/DownloadThread( 1257): read_bytesRead--->8192
V/DownloadThread( 1257): read_front--->
V/DownloadThread( 1257): read_bytesRead--->8192
V/DownloadThread( 1257): read_front--->
V/DownloadThread( 1257): read_bytesRead--->8192
V/DownloadThread( 1257): read_front--->
V/DownloadThread( 1257): read_bytesRead--->4128
V/DownloadThread( 1257): read_front--->
V/DownloadTask( 1257): finishedThreadNum--->0
V/DownloadTask( 1257): mThreadNum--->2
V/DownloadThread( 1257): read_front--->
V/DownloadThread( 1257): read_bytesRead--->1440
V/DownloadThread( 1257): read_front--->
V/DownloadThread( 1257): read_bytesRead--->4320
V/DownloadThread( 1257): read_front--->
V/DownloadThread( 1257): read_bytesRead--->2880
V/DownloadThread( 1257): read_front--->
V/DownloadThread( 1257): read_bytesRead--->8192
V/DownloadThread( 1257): read_front--->
V/DownloadThread( 1257): read_bytesRead--->6208
V/DownloadThread( 1257): read_front--->
V/DownloadThread( 1257): read_bytesRead--->8192
V/DownloadThread( 1257): read_front--->
V/DownloadThread( 1257): read_bytesRead--->8192
V/DownloadThread( 1257): read_front--->
V/DownloadThread( 1257): read_bytesRead--->8192
V/DownloadThread( 1257): read_front--->
V/DownloadThread( 1257): read_bytesRead--->8192
V/DownloadThread( 1257): read_front--->
V/DownloadThread( 1257): read_bytesRead--->3232
V/DownloadThread( 1257): read_front--->
V/DownloadThread( 1257): read_bytesRead--->4320
V/DownloadThread( 1257): read_front--->
V/DownloadThread( 1257): read_bytesRead--->2880
V/DownloadThread( 1257): read_front--->
D/dalvikvm( 1679): GC_CONCURRENT freed 684K, 63% free 2870K/7747K, paused 3ms+2ms
V/DownloadThread( 1257): read_bytesRead--->8192
V/DownloadThread( 1257): read_front--->
V/DownloadThread( 1257): read_bytesRead--->4768
V/DownloadThread( 1257): read_front--->
V/DownloadThread( 1257): read_bytesRead--->8192
V/DownloadThread( 1257): read_front--->
V/DownloadThread( 1257): read_bytesRead--->8192
V/DownloadThread( 1257): read_front--->
V/DownloadThread( 1257): read_bytesRead--->8192
V/DownloadThread( 1257): read_front--->
V/DownloadThread( 1257): read_bytesRead--->8192
V/DownloadThread( 1257): read_front--->
V/DownloadThread( 1257): read_bytesRead--->8192
V/DownloadThread( 1257): read_front--->
V/DownloadThread( 1257): read_bytesRead--->8192
