D/dalvikvm( 1326): GC_CONCURRENT freed 475K, 78% free 1310K/5955K, paused 1ms+1ms
D/dalvikvm( 1326): GC_CONCURRENT freed 390K, 78% free 1342K/5955K, paused 1ms+1ms
D/dalvikvm( 1326): GC_CONCURRENT freed 428K, 79% free 1309K/5955K, paused 1ms+1ms
D/dalvikvm( 1326): GC_CONCURRENT freed 398K, 79% free 1306K/5955K, paused 1ms+1ms
D/dalvikvm( 1326): GC_CONCURRENT freed 394K, 76% free 1455K/5955K, paused 1ms+1ms
D/dalvikvm( 1326): GC_CONCURRENT freed 528K, 78% free 1321K/5955K, paused 1ms+1ms
D/PushMsgCenter( 1634): mDownUpRun run while (true)
D/PushMsgCenter( 1634): down  
D/PushMsgCenter( 1634): down conn.getResponseCode() status = 404
D/CheckNetWork( 1665): isOk true
D/CheckNetWork( 1665): ActInfoNetworkInfo: type: ETH[], state: CONNECTED/CONNECTED, reason: (unspecified), extra: (none), roaming: false, failover: false, isAvailable: true
D/CheckNetWork( 1665): infoNetworkInfo: type: ETH[], state: CONNECTED/CONNECTED, reason: (unspecified), extra: (none), roaming: false, failover: false, isAvailable: true
D/dalvikvm( 1326): GC_CONCURRENT freed 412K, 79% free 1304K/5955K, paused 0ms+1ms
D/dalvikvm( 1326): GC_CONCURRENT freed 377K, 78% free 1319K/5955K, paused 0ms+1ms
D/dalvikvm( 1326): GC_CONCURRENT freed 396K, 78% free 1318K/5955K, paused 1ms+1ms
D/dalvikvm( 1326): GC_CONCURRENT freed 394K, 77% free 1425K/5955K, paused 1ms+1ms
D/dalvikvm( 1326): GC_CONCURRENT freed 501K, 77% free 1380K/5955K, paused 1ms+1ms
D/dalvikvm( 1326): GC_CONCURRENT freed 457K, 79% free 1309K/5955K, paused 1ms+1ms
D/dalvikvm( 1326): GC_CONCURRENT freed 395K, 79% free 1306K/5955K, paused 0ms+1ms
D/dalvikvm( 1326): GC_CONCURRENT freed 394K, 78% free 1315K/5955K, paused 1ms+1ms
D/dalvikvm( 1326): GC_CONCURRENT freed 393K, 79% free 1307K/5955K, paused 1ms+1ms
D/dalvikvm( 1326): GC_CONCURRENT freed 391K, 79% free 1306K/5955K, paused 0ms+2ms
D/dalvikvm( 1326): GC_CONCURRENT freed 392K, 77% free 1420K/5955K, paused 1ms+1ms
D/dalvikvm( 1326): GC_CONCURRENT freed 496K, 77% free 1420K/5955K, paused 1ms+1ms
D/dalvikvm( 1326): GC_CONCURRENT freed 491K, 77% free 1426K/5955K, paused 0ms+1ms
D/dalvikvm( 1326): GC_CONCURRENT freed 502K, 78% free 1317K/5955K, paused 1ms+1ms
D/dalvikvm( 1326): GC_CONCURRENT freed 406K, 79% free 1296K/5955K, paused 0ms+1ms
D/dalvikvm( 1326): GC_CONCURRENT freed 387K, 79% free 1305K/5955K, paused 1ms+1ms
D/HomePlayerLib( 1326): hostaddress count is 2
D/dalvikvm( 1326): GC_CONCURRENT freed 389K, 79% free 1304K/5955K, paused 1ms+1ms
D/dalvikvm( 1326): GC_CONCURRENT freed 382K, 78% free 1329K/5955K, paused 1ms+1ms
D/dalvikvm( 1326): GC_CONCURRENT freed 393K, 77% free 1376K/5955K, paused 1ms+2ms
D/dalvikvm( 1326): GC_CONCURRENT freed 449K, 78% free 1319K/5955K, paused 0ms+1ms
D/dalvikvm( 1326): GC_CONCURRENT freed 409K, 76% free 1485K/5955K, paused 1ms+1ms
D/dalvikvm( 1326): GC_CONCURRENT freed 545K, 77% free 1399K/5955K, paused 0ms+1ms
D/dalvikvm( 1326): GC_CONCURRENT freed 464K, 78% free 1323K/5955K, paused 1ms+1ms
D/dalvikvm( 1326): GC_CONCURRENT freed 401K, 78% free 1321K/5955K, paused 1ms+1ms
D/dalvikvm( 1326): GC_CONCURRENT freed 408K, 79% free 1300K/5955K, paused 1ms+1ms
D/dalvikvm( 1326): GC_CONCURRENT freed 374K, 76% free 1438K/5955K, paused 1ms+1ms
D/dalvikvm( 1326): GC_CONCURRENT freed 520K, 77% free 1384K/5955K, paused 1ms+1ms
D/dalvikvm( 1326): GC_CONCURRENT freed 459K, 76% free 1453K/5955K, paused 1ms+1ms
D/dalvikvm( 1326): GC_CONCURRENT freed 521K, 76% free 1444K/5955K, paused 1ms+1ms
D/dalvikvm( 1326): GC_CONCURRENT freed 545K, 77% free 1406K/5955K, paused 0ms+1ms
D/dalvikvm( 1326): GC_CONCURRENT freed 491K, 78% free 1322K/5955K, paused 1ms+1ms
D/dalvikvm( 1326): GC_CONCURRENT freed 391K, 76% free 1430K/5955K, paused 0ms+1ms
D/dalvikvm( 1326): GC_CONCURRENT freed 512K, 79% free 1308K/5955K, paused 1ms+1ms
D/dalvikvm( 1326): GC_CONCURRENT freed 347K, 76% free 1472K/5955K, paused 0ms+1ms
D/dalvikvm( 1326): GC_CONCURRENT freed 546K, 77% free 1407K/5955K, paused 1ms+1ms
D/dalvikvm( 1326): GC_CONCURRENT freed 488K, 78% free 1327K/5955K, paused 1ms+1ms
D/dalvikvm( 1326): GC_CONCURRENT freed 406K, 79% free 1307K/5955K, paused 0ms+1ms
D/dalvikvm( 1326): GC_CONCURRENT freed 395K, 79% free 1306K/5955K, paused 1ms+1ms
D/dalvikvm( 1326): GC_CONCURRENT freed 394K, 77% free 1414K/5955K, paused 1ms+1ms
D/dalvikvm( 1326): GC_CONCURRENT freed 487K, 78% free 1320K/5955K, paused 1ms+1ms
D/dalvikvm( 1326): GC_CONCURRENT freed 394K, 78% free 1320K/5955K, paused 1ms+0ms
D/dalvikvm( 1326): GC_CONCURRENT freed 393K, 78% free 1320K/5955K, paused 0ms+1ms
D/dalvikvm( 1326): GC_CONCURRENT freed 401K, 79% free 1308K/5955K, paused 1ms+1ms
D/dalvikvm( 1326): GC_CONCURRENT freed 396K, 79% free 1306K/5955K, paused 1ms+1ms
D/dalvikvm( 1326): GC_CONCURRENT freed 394K, 79% free 1306K/5955K, paused 1ms+1ms
D/dalvikvm( 1326): GC_CONCURRENT freed 394K, 79% free 1306K/5955K, paused 0ms+1ms
D/dalvikvm( 1326): GC_CONCURRENT freed 394K, 79% free 1307K/5955K, paused 1ms+0ms
D/ImplicitAppManagerTimerTask( 1939):  ------:: ImplicitAppManagerTimerTask execute...1366782536350
D/ImplicitAppManagerTimerTask( 1939):  ------:: retObj = {"resultObject":{"pageSize":10,"resultList":[{"packageName":"com.coship.cibn","executeAction":2,"versionCode":21,"downloadUrl":"http:\/\/app.longvisionmedia.com:80\/upload\/signedapp\/328d3ec8-997d-49b9-a3b4-62750378f081.apk"},{"packageName":"com.aidufei.movieonline","executeAction":2,"versionCode":35,"downloadUrl":"http:\/\/app.longvisionmedia.com:80\/upload\/signedapp\/137aa728-47c2-4fe9-918b-cad6c79e4d28.apk"}],"hasNextPage":false,"currentPage":1,"totalPage":0,"totalCount":2,"hasPrePage":false},"respseStatus":"0","respseDesc":"Success"}
D/ImplicitAppManagerTimerTask( 1939):  ------:: downUpgradeClient  downloadUrl= http://app.longvisionmedia.com:80/upload/signedapp/328d3ec8-997d-49b9-a3b4-62750378f081.apk
D/ImplicitAppManagerTimerTask( 1939):  ------:: Server:Apache-Coyote/1.1
D/ImplicitAppManagerTimerTask( 1939):  ------:: Accept-Ranges:bytes
D/ImplicitAppManagerTimerTask( 1939):  ------:: ETag:W/"7412818-1366722432000"
D/ImplicitAppManagerTimerTask( 1939):  ------:: Last-Modified:Tue, 23 Apr 2013 13:07:12 GMT
D/ImplicitAppManagerTimerTask( 1939):  ------:: Content-Type:application/vnd.android.package-archive
D/ImplicitAppManagerTimerTask( 1939):  ------:: Content-Length:7412818
D/ImplicitAppManagerTimerTask( 1939):  ------:: mTotalSize:7412818
D/ImplicitAppManagerTimerTask( 1939):  ------:: storage ret:true
D/HomePlayerLib( 1326): hostaddress count is 2
D/dalvikvm( 1326): GC_CONCURRENT freed 389K, 77% free 1419K/5955K, paused 2ms+1ms
D/dalvikvm( 1326): GC_CONCURRENT freed 502K, 77% free 1399K/5955K, paused 0ms+1ms
D/dalvikvm( 1326): GC_CONCURRENT freed 485K, 77% free 1421K/5955K, paused 1ms+1ms
D/ImplicitAppManagerTimerTask( 1939):  ------:: download length: 5528
D/dalvikvm( 1326): GC_CONCURRENT freed 507K, 77% free 1425K/5955K, paused 0ms+1ms
D/ImplicitAppManagerTimerTask( 1939):  ------:: download length: 75656
D/dalvikvm( 1326): GC_CONCURRENT freed 490K, 76% free 1439K/5955K, paused 1ms+1ms
D/dalvikvm( 1326): GC_CONCURRENT freed 514K, 78% free 1324K/5955K, paused 0ms+1ms
D/ImplicitAppManagerTimerTask( 1939):  ------:: download length: 145160
D/dalvikvm( 1326): GC_CONCURRENT freed 403K, 76% free 1444K/5955K, paused 1ms+1ms
D/dalvikvm( 1326): GC_CONCURRENT freed 526K, 78% free 1328K/5955K, paused 1ms+1ms
D/ImplicitAppManagerTimerTask( 1939):  ------:: download length: 232040
D/dalvikvm( 1326): GC_CONCURRENT freed 398K, 77% free 1410K/5955K, paused 1ms+1ms
D/dalvikvm( 1326): GC_CONCURRENT freed 495K, 78% free 1310K/5955K, paused 1ms+1ms
D/ImplicitAppManagerTimerTask( 1939):  ------:: download length: 320368
D/dalvikvm( 1326): GC_CONCURRENT freed 395K, 78% free 1310K/5955K, paused 1ms+1ms
D/dalvikvm( 1326): GC_CONCURRENT freed 393K, 77% free 1423K/5955K, paused 0ms+1ms
D/ImplicitAppManagerTimerTask( 1939):  ------:: download length: 408696
D/dalvikvm( 1326): GC_CONCURRENT freed 484K, 77% free 1400K/5955K, paused 1ms+0ms
D/dalvikvm( 1326): GC_CONCURRENT freed 494K, 77% free 1393K/5955K, paused 2ms+1ms
D/ImplicitAppManagerTimerTask( 1939):  ------:: download length: 498472
D/dalvikvm( 1326): GC_CONCURRENT freed 480K, 77% free 1422K/5955K, paused 1ms+1ms
D/ImplicitAppManagerTimerTask( 1939):  ------:: download length: 586800
D/dalvikvm( 1326): GC_CONCURRENT freed 488K, 78% free 1362K/5955K, paused 1ms+1ms
D/ImplicitAppManagerTimerTask( 1939):  ------:: download length: 675128
D/dalvikvm( 1326): GC_CONCURRENT freed 446K, 79% free 1308K/5955K, paused 1ms+1ms
D/dalvikvm( 1326): GC_CONCURRENT freed 392K, 78% free 1317K/5955K, paused 1ms+1ms
D/ImplicitAppManagerTimerTask( 1939):  ------:: download length: 762008
D/ImplicitAppManagerTimerTask( 1939):  ------:: download length: 854680
D/ImplicitAppManagerTimerTask( 1939):  ------:: download length: 944456
D/ImplicitAppManagerTimerTask( 1939):  ------:: download length: 1035680
D/ImplicitAppManagerTimerTask( 1939):  ------:: download length: 1126904
D/ImplicitAppManagerTimerTask( 1939):  ------:: download length: 1218128
D/ImplicitAppManagerTimerTask( 1939):  ------:: download length: 1307904
D/ImplicitAppManagerTimerTask( 1939):  ------:: download length: 1399128
D/ImplicitAppManagerTimerTask( 1939):  ------:: download length: 1490352
D/ImplicitAppManagerTimerTask( 1939):  ------:: download length: 1581576
D/ImplicitAppManagerTimerTask( 1939):  ------:: download length: 1671352
D/ImplicitAppManagerTimerTask( 1939):  ------:: download length: 1762576
D/ImplicitAppManagerTimerTask( 1939):  ------:: download length: 1853800
D/ImplicitAppManagerTimerTask( 1939):  ------:: download length: 1945024
D/ImplicitAppManagerTimerTask( 1939):  ------:: download length: 2034800
D/ImplicitAppManagerTimerTask( 1939):  ------:: download length: 2126024
D/ImplicitAppManagerTimerTask( 1939):  ------:: download length: 2214352
D/ImplicitAppManagerTimerTask( 1939):  ------:: download length: 2302680
D/ImplicitAppManagerTimerTask( 1939):  ------:: download length: 2393904
D/ImplicitAppManagerTimerTask( 1939):  ------:: download length: 2483680
D/dalvikvm( 1326): GC_CONCURRENT freed 390K, 78% free 1319K/5955K, paused 1ms+1ms
D/ImplicitAppManagerTimerTask( 1939):  ------:: download length: 2574904
D/dalvikvm( 1326): GC_CONCURRENT freed 392K, 78% free 1319K/5955K, paused 1ms+1ms
D/ImplicitAppManagerTimerTask( 1939):  ------:: download length: 2666128
D/dalvikvm( 1326): GC_CONCURRENT freed 393K, 78% free 1320K/5955K, paused 2ms+1ms
D/ImplicitAppManagerTimerTask( 1939):  ------:: download length: 2757352
D/dalvikvm( 1326): GC_CONCURRENT freed 393K, 78% free 1319K/5955K, paused 1ms+1ms
D/dalvikvm( 1326): GC_CONCURRENT freed 391K, 78% free 1320K/5955K, paused 1ms+1ms
D/ImplicitAppManagerTimerTask( 1939):  ------:: download length: 2847128
D/dalvikvm( 1326): GC_CONCURRENT freed 392K, 78% free 1320K/5955K, paused 1ms+1ms
D/ImplicitAppManagerTimerTask( 1939):  ------:: download length: 2936904
D/dalvikvm( 1326): GC_CONCURRENT freed 404K, 78% free 1316K/5955K, paused 1ms+1ms
D/ImplicitAppManagerTimerTask( 1939):  ------:: download length: 3028128
D/dalvikvm( 1326): GC_CONCURRENT freed 407K, 78% free 1320K/5955K, paused 1ms+2ms
D/ImplicitAppManagerTimerTask( 1939):  ------:: download length: 3119352
D/dalvikvm( 1326): GC_CONCURRENT freed 393K, 78% free 1319K/5955K, paused 1ms+1ms
D/dalvikvm( 1326): GC_CONCURRENT freed 393K, 78% free 1319K/5955K, paused 1ms+1ms
D/ImplicitAppManagerTimerTask( 1939):  ------:: download length: 3212024
D/dalvikvm( 1326): GC_CONCURRENT freed 392K, 78% free 1320K/5955K, paused 1ms+1ms
D/ImplicitAppManagerTimerTask( 1939):  ------:: download length: 3301800
D/dalvikvm( 1326): GC_CONCURRENT freed 393K, 78% free 1319K/5955K, paused 1ms+2ms
D/dalvikvm( 1326): GC_CONCURRENT freed 393K, 78% free 1320K/5955K, paused 1ms+1ms
D/ImplicitAppManagerTimerTask( 1939):  ------:: download length: 3393024
D/dalvikvm( 1326): GC_CONCURRENT freed 393K, 78% free 1321K/5955K, paused 1ms+1ms
D/ImplicitAppManagerTimerTask( 1939):  ------:: download length: 3484248
D/ImplicitAppManagerTimerTask( 1939):  ------:: download length: 3574024
D/ImplicitAppManagerTimerTask( 1939):  ------:: download length: 3666696
D/ImplicitAppManagerTimerTask( 1939):  ------:: download length: 3755024
D/ImplicitAppManagerTimerTask( 1939):  ------:: download length: 3843352
D/ImplicitAppManagerTimerTask( 1939):  ------:: download length: 3934576
D/ImplicitAppManagerTimerTask( 1939):  ------:: download length: 4025800
D/ImplicitAppManagerTimerTask( 1939):  ------:: download length: 4114128
D/dalvikvm( 1326): GC_CONCURRENT freed 403K, 78% free 1316K/5955K, paused 1ms+1ms
D/ImplicitAppManagerTimerTask( 1939):  ------:: download length: 4206800
D/dalvikvm( 1326): GC_CONCURRENT freed 395K, 78% free 1315K/5955K, paused 1ms+1ms
D/dalvikvm( 1326): GC_CONCURRENT freed 394K, 76% free 1430K/5955K, paused 0ms+1ms
D/ImplicitAppManagerTimerTask( 1939):  ------:: download length: 4298024
D/dalvikvm( 1326): GC_CONCURRENT freed 514K, 77% free 1380K/5955K, paused 1ms+1ms
D/ImplicitAppManagerTimerTask( 1939):  ------:: download length: 4389248
D/dalvikvm( 1326): GC_CONCURRENT freed 459K, 77% free 1391K/5955K, paused 1ms+1ms
D/ImplicitAppManagerTimerTask( 1939):  ------:: download length: 4477576
D/ImplicitAppManagerTimerTask( 1939):  ------:: download length: 4568800
D/ImplicitAppManagerTimerTask( 1939):  ------:: download length: 4660024
D/ImplicitAppManagerTimerTask( 1939):  ------:: download length: 4752696
D/ImplicitAppManagerTimerTask( 1939):  ------:: download length: 4842472
D/ImplicitAppManagerTimerTask( 1939):  ------:: download length: 4933696
D/dalvikvm( 1326): GC_CONCURRENT freed 474K, 78% free 1317K/5955K, paused 1ms+0ms
D/HomePlayerLib( 1326): hostaddress count is 2
D/dalvikvm( 1326): GC_CONCURRENT freed 402K, 79% free 1305K/5955K, paused 0ms+1ms
D/ImplicitAppManagerTimerTask( 1939):  ------:: download length: 5024920
D/dalvikvm( 1326): GC_CONCURRENT freed 387K, 77% free 1409K/5955K, paused 1ms+1ms
D/dalvikvm( 1326): GC_CONCURRENT freed 495K, 78% free 1322K/5955K, paused 1ms+1ms
D/dalvikvm( 1326): GC_CONCURRENT freed 391K, 78% free 1323K/5955K, paused 1ms+1ms
D/ImplicitAppManagerTimerTask( 1939):  ------:: download length: 5114696
D/dalvikvm( 1326): GC_CONCURRENT freed 392K, 78% free 1323K/5955K, paused 1ms+1ms
D/dalvikvm( 1326): GC_CONCURRENT freed 393K, 77% free 1428K/5955K, paused 1ms+1ms
D/ImplicitAppManagerTimerTask( 1939):  ------:: download length: 5205920
D/dalvikvm( 1326): GC_CONCURRENT freed 489K, 78% free 1342K/5955K, paused 0ms+1ms
D/dalvikvm( 1326): GC_CONCURRENT freed 426K, 79% free 1306K/5955K, paused 1ms+1ms
D/dalvikvm( 1326): GC_CONCURRENT freed 380K, 78% free 1320K/5955K, paused 1ms+1ms
D/dalvikvm( 1326): GC_CONCURRENT freed 412K, 77% free 1420K/5955K, paused 1ms+1ms
D/ImplicitAppManagerTimerTask( 1939):  ------:: download length: 5297144
D/dalvikvm( 1326): GC_CONCURRENT freed 495K, 77% free 1371K/5955K, paused 1ms+1ms
D/ImplicitAppManagerTimerTask( 1939):  ------:: download length: 5388368
D/dalvikvm( 1326): GC_CONCURRENT freed 445K, 76% free 1436K/5955K, paused 1ms+1ms
D/dalvikvm( 1326): GC_CONCURRENT freed 515K, 77% free 1426K/5955K, paused 1ms+1ms
D/ImplicitAppManagerTimerTask( 1939):  ------:: download length: 5479592
D/dalvikvm( 1326): GC_CONCURRENT freed 487K, 78% free 1325K/5955K, paused 1ms+1ms
D/ImplicitAppManagerTimerTask( 1939):  ------:: download length: 5570816
D/dalvikvm( 1326): GC_CONCURRENT freed 414K, 77% free 1421K/5955K, paused 1ms+1ms
D/ImplicitAppManagerTimerTask( 1939):  ------:: download length: 5659144
D/dalvikvm( 1326): GC_CONCURRENT freed 492K, 76% free 1443K/5955K, paused 1ms+1ms
D/dalvikvm( 1326): GC_CONCURRENT freed 515K, 78% free 1321K/5955K, paused 1ms+1ms
D/ImplicitAppManagerTimerTask( 1939):  ------:: download length: 5748920
D/ImplicitAppManagerTimerTask( 1939):  ------:: download length: 5840144
D/ImplicitAppManagerTimerTask( 1939):  ------:: download length: 5929920
D/ImplicitAppManagerTimerTask( 1939):  ------:: download length: 6021144
D/ImplicitAppManagerTimerTask( 1939):  ------:: download length: 6112368
D/ImplicitAppManagerTimerTask( 1939):  ------:: download length: 6203592
D/ImplicitAppManagerTimerTask( 1939):  ------:: download length: 6293368
D/ImplicitAppManagerTimerTask( 1939):  ------:: download length: 6384592
D/ImplicitAppManagerTimerTask( 1939):  ------:: download length: 6475816
D/ImplicitAppManagerTimerTask( 1939):  ------:: download length: 6567040
D/ImplicitAppManagerTimerTask( 1939):  ------:: download length: 6659712
D/ImplicitAppManagerTimerTask( 1939):  ------:: download length: 6748040
D/ImplicitAppManagerTimerTask( 1939):  ------:: download length: 6839264
D/ImplicitAppManagerTimerTask( 1939):  ------:: download length: 6930488
D/ImplicitAppManagerTimerTask( 1939):  ------:: download length: 7023160
D/ImplicitAppManagerTimerTask( 1939):  ------:: download length: 7112936
D/ImplicitAppManagerTimerTask( 1939):  ------:: download length: 7204160
D/ImplicitAppManagerTimerTask( 1939):  ------:: download length: 7295384
D/ImplicitAppManagerTimerTask( 1939):  ------:: download length: 7385160
D/dalvikvm( 1326): GC_CONCURRENT freed 404K, 78% free 1316K/5955K, paused 1ms+1ms
D/ImplicitAppManagerTimerTask( 1939):  ------:: download length: 7412818
D/dalvikvm( 1326): GC_CONCURRENT freed 395K, 78% free 1315K/5955K, paused 1ms+1ms
D/dalvikvm( 1326): GC_CONCURRENT freed 394K, 78% free 1315K/5955K, paused 1ms+1ms
D/dalvikvm( 1326): GC_CONCURRENT freed 393K, 79% free 1307K/5955K, paused 1ms+1ms
D/dalvikvm( 1326): GC_CONCURRENT freed 394K, 78% free 1316K/5955K, paused 1ms+1ms
D/dalvikvm( 1326): GC_CONCURRENT freed 393K, 79% free 1308K/5955K, paused 1ms+1ms
D/dalvikvm( 1326): GC_CONCURRENT freed 391K, 77% free 1379K/5955K, paused 1ms+1ms
D/dalvikvm( 1326): GC_CONCURRENT freed 456K, 78% free 1317K/5955K, paused 1ms+1ms
D/dalvikvm( 1326): GC_CONCURRENT freed 397K, 79% free 1306K/5955K, paused 1ms+1ms
D/dalvikvm( 1326): GC_CONCURRENT freed 394K, 79% free 1307K/5955K, paused 1ms+1ms
D/dalvikvm( 1326): GC_CONCURRENT freed 394K, 79% free 1306K/5955K, paused 0ms+1ms
D/dalvikvm( 1326): GC_CONCURRENT freed 389K, 78% free 1317K/5955K, paused 1ms+1ms
D/HomePlayerLib( 1326): hostaddress count is 2
D/dalvikvm( 1326): GC_CONCURRENT freed 401K, 77% free 1421K/5955K, paused 1ms+1ms
D/dalvikvm( 1326): GC_CONCURRENT freed 503K, 77% free 1429K/5955K, paused 1ms+1ms
D/dalvikvm( 1326): GC_CONCURRENT freed 511K, 77% free 1374K/5955K, paused 1ms+1ms
D/dalvikvm( 1326): GC_CONCURRENT freed 455K, 78% free 1311K/5955K, paused 0ms+1ms
D/ApkDeploy( 1939):  ------:: install apk
D/ApkDeploy( 1939):  ------:: uri = /data/data/com.coship.sdp.sce.tvappstore/app_implict/com.coship.cibn.apkflags = 1
D/ApkDeploy( 1939):  ------:: PM.INSTALL_REPLACE_EXISTING2
D/dalvikvm( 1326): GC_CONCURRENT freed 394K, 77% free 1424K/5955K, paused 1ms+1ms
D/dalvikvm( 1326): GC_CONCURRENT freed 485K, 77% free 1407K/5955K, paused 1ms+1ms
D/dalvikvm( 1326): GC_CONCURRENT freed 475K, 78% free 1330K/5955K, paused 1ms+1ms
D/dalvikvm( 1326): GC_CONCURRENT freed 404K, 78% free 1311K/5955K, paused 1ms+1ms
D/dalvikvm( 1326): GC_CONCURRENT freed 422K, 77% free 1400K/5955K, paused 1ms+1ms
D/dalvikvm( 1326): GC_CONCURRENT freed 471K, 77% free 1419K/5955K, paused 1ms+1ms
D/dalvikvm( 1326): GC_CONCURRENT freed 577K, 78% free 1350K/5955K, paused 1ms+1ms
D/dalvikvm( 1326): GC_CONCURRENT freed 424K, 77% free 1425K/5955K, paused 1ms+1ms
D/dalvikvm( 1326): GC_CONCURRENT freed 487K, 78% free 1369K/5955K, paused 1ms+0ms
D/dalvikvm( 1326): GC_CONCURRENT freed 453K, 79% free 1309K/5955K, paused 1ms+1ms
D/dalvikvm( 1326): GC_CONCURRENT freed 398K, 77% free 1388K/5955K, paused 1ms+1ms
D/dalvikvm( 1326): GC_CONCURRENT freed 474K, 77% free 1422K/5955K, paused 1ms+1ms
D/dalvikvm( 1326): GC_CONCURRENT freed 488K, 78% free 1326K/5955K, paused 1ms+1ms
D/dalvikvm( 1326): GC_CONCURRENT freed 403K, 79% free 1308K/5955K, paused 1ms+1ms
D/dalvikvm( 1326): GC_CONCURRENT freed 394K, 77% free 1414K/5955K, paused 0ms+1ms
D/dalvikvm( 1326): GC_CONCURRENT freed 487K, 78% free 1320K/5955K, paused 1ms+1ms
D/dalvikvm( 1326): GC_CONCURRENT freed 394K, 77% free 1403K/5955K, paused 1ms+1ms
D/dalvikvm( 1326): GC_CONCURRENT freed 481K, 79% free 1309K/5955K, paused 1ms+1ms
D/dalvikvm( 1326): GC_CONCURRENT freed 397K, 77% free 1421K/5955K, paused 1ms+1ms
D/dalvikvm( 1326): GC_CONCURRENT freed 486K, 78% free 1320K/5955K, paused 1ms+1ms
D/dalvikvm( 1326): GC_CONCURRENT freed 394K, 78% free 1322K/5955K, paused 1ms+1ms
D/dalvikvm( 1326): GC_CONCURRENT freed 393K, 78% free 1320K/5955K, paused 1ms+1ms
D/dalvikvm( 1326): GC_CONCURRENT freed 392K, 78% free 1320K/5955K, paused 1ms+1ms
D/dalvikvm( 1326): GC_CONCURRENT freed 403K, 77% free 1417K/5955K, paused 1ms+1ms
I/ActivityManager(  939): Start proc com.android.defcontainer for service com.android.defcontainer/.DefaultContainerService: pid=2037 uid=10010 gids={1015, 2001}
D/ApkDeploy( 1939):  ------:: mPackageManager invoke..
D/dalvikvm( 1326): GC_CONCURRENT freed 490K, 77% free 1403K/5955K, paused 1ms+1ms
W/ActivityManager(  939): No content provider found for permission revoke: file:///data/data/com.coship.sdp.sce.tvappstore/app_implict/com.coship.cibn.apk
D/dalvikvm( 1326): GC_CONCURRENT freed 475K, 78% free 1366K/5955K, paused 1ms+1ms
W/ActivityManager(  939): No content provider found for permission revoke: file:///data/data/com.coship.sdp.sce.tvappstore/app_implict/com.coship.cibn.apk
D/dalvikvm(  939): GC_CONCURRENT freed 608K, 63% free 3570K/9539K, paused 2ms+4ms
D/dalvikvm(  939): GC_CONCURRENT freed 421K, 60% free 3844K/9539K, paused 6ms+4ms
I/dalvikvm(  939): Jit: resizing JitTable from 4096 to 8192
D/dalvikvm(  939): GC_CONCURRENT freed 338K, 56% free 4240K/9539K, paused 2ms+5ms
D/dalvikvm(  939): GC_CONCURRENT freed 756K, 55% free 4354K/9539K, paused 2ms+5ms
D/dalvikvm(  939): GC_CONCURRENT freed 881K, 55% free 4334K/9539K, paused 2ms+4ms
D/dalvikvm(  939): GC_CONCURRENT freed 858K, 55% free 4337K/9539K, paused 2ms+4ms
D/dalvikvm(  939): GC_CONCURRENT freed 855K, 55% free 4340K/9539K, paused 1ms+4ms
D/dalvikvm(  939): GC_CONCURRENT freed 856K, 55% free 4347K/9539K, paused 2ms+4ms
D/dalvikvm(  939): GC_EXPLICIT freed 845K, 55% free 4328K/9539K, paused 2ms+10ms
D/ApkDeploy( 1939):  ------:: packageName is com.coship.cibn
D/ApkDeploy( 1939):  ------:: returnCode is -104
D/ApkDeploy( 1939):  ------:: mFailedCode =-104
D/ImplicitAppManagerTimerTask( 1939):  ------:: apkDeploy.intsall resCode= -104
D/dalvikvm( 1326): GC_CONCURRENT freed 444K, 79% free 1308K/5955K, paused 1ms+1ms
D/dalvikvm( 1326): GC_CONCURRENT freed 395K, 77% free 1415K/5955K, paused 1ms+1ms
D/dalvikvm( 1326): GC_CONCURRENT freed 487K, 77% free 1426K/5955K, paused 1ms+1ms
D/dalvikvm( 1326): GC_CONCURRENT freed 513K, 79% free 1296K/5955K, paused 1ms+1ms
D/dalvikvm( 1326): GC_CONCURRENT freed 380K, 77% free 1427K/5955K, paused 1ms+1ms
D/dalvikvm( 1326): GC_CONCURRENT freed 500K, 78% free 1318K/5955K, paused 1ms+1ms
D/HomePlayerLib( 1326): hostaddress count is 2
D/dalvikvm( 1326): GC_CONCURRENT freed 402K, 77% free 1425K/5955K, paused 1ms+1ms
D/dalvikvm( 1326): GC_CONCURRENT freed 504K, 76% free 1430K/5955K, paused 0ms+1ms
D/dalvikvm( 1326): GC_CONCURRENT freed 500K, 77% free 1410K/5955K, paused 1ms+1ms
D/dalvikvm( 1326): GC_CONCURRENT freed 463K, 77% free 1395K/5955K, paused 1ms+2ms
D/dalvikvm( 1326): GC_CONCURRENT freed 466K, 78% free 1325K/5955K, paused 1ms+1ms
D/dalvikvm( 1326): GC_CONCURRENT freed 401K, 77% free 1374K/5955K, paused 1ms+1ms
D/dalvikvm( 1326): GC_CONCURRENT freed 453K, 77% free 1383K/5955K, paused 1ms+1ms
D/dalvikvm( 1326): GC_CONCURRENT freed 467K, 77% free 1421K/5955K, paused 1ms+1ms
D/dalvikvm( 1326): GC_CONCURRENT freed 492K, 77% free 1405K/5955K, paused 1ms+1ms
D/dalvikvm( 1326): GC_CONCURRENT freed 474K, 78% free 1324K/5955K, paused 1ms+1ms
D/dalvikvm( 1326): GC_CONCURRENT freed 394K, 78% free 1329K/5955K, paused 1ms+1ms
D/dalvikvm( 1326): GC_CONCURRENT freed 415K, 77% free 1422K/5955K, paused 0ms+1ms
D/dalvikvm( 1326): GC_CONCURRENT freed 491K, 76% free 1438K/5955K, paused 1ms+1ms
D/dalvikvm( 1326): GC_CONCURRENT freed 499K, 78% free 1327K/5955K, paused 1ms+1ms
D/dalvikvm( 1326): GC_CONCURRENT freed 402K, 77% free 1421K/5955K, paused 1ms+1ms
D/dalvikvm( 1326): GC_CONCURRENT freed 503K, 78% free 1322K/5955K, paused 1ms+1ms
D/dalvikvm( 1326): GC_CONCURRENT freed 396K, 78% free 1320K/5955K, paused 1ms+1ms
D/dalvikvm( 1326): GC_CONCURRENT freed 392K, 78% free 1320K/5955K, paused 1ms+1ms
D/dalvikvm( 1326): GC_CONCURRENT freed 458K, 79% free 1300K/5955K, paused 1ms+1ms
D/dalvikvm( 1326): GC_CONCURRENT freed 379K, 77% free 1418K/5955K, paused 0ms+1ms
D/dalvikvm( 1326): GC_CONCURRENT freed 490K, 78% free 1319K/5955K, paused 0ms+1ms
D/dalvikvm( 1326): GC_CONCURRENT freed 394K, 76% free 1447K/5955K, paused 1ms+1ms
D/CheckNetWork( 1665): isOk true
D/CheckNetWork( 1665): ActInfoNetworkInfo: type: ETH[], state: CONNECTED/CONNECTED, reason: (unspecified), extra: (none), roaming: false, failover: false, isAvailable: true
D/CheckNetWork( 1665): infoNetworkInfo: type: ETH[], state: CONNECTED/CONNECTED, reason: (unspecified), extra: (none), roaming: false, failover: false, isAvailable: true
D/dalvikvm( 1326): GC_CONCURRENT freed 519K, 78% free 1319K/5955K, paused 1ms+1ms
D/dalvikvm( 1326): GC_CONCURRENT freed 394K, 77% free 1425K/5955K, paused 1ms+1ms
D/dalvikvm( 1326): GC_CONCURRENT freed 501K, 79% free 1308K/5955K, paused 1ms+1ms
D/dalvikvm( 1326): GC_CONCURRENT freed 394K, 79% free 1299K/5955K, paused 1ms+1ms
D/dalvikvm( 1326): GC_CONCURRENT freed 366K, 78% free 1365K/5955K, paused 0ms+1ms
D/dalvikvm( 1326): GC_FOR_ALLOC freed 562K, 79% free 1304K/5955K, paused 10ms
D/dalvikvm( 1326): GC_CONCURRENT freed 7K, 78% free 1313K/5955K, paused 1ms+1ms
D/HomePlayerLib( 1326): hostaddress count is 2
D/dalvikvm( 1326): GC_CONCURRENT freed 398K, 77% free 1419K/5955K, paused 1ms+1ms
D/dalvikvm( 1326): GC_CONCURRENT freed 503K, 77% free 1421K/5955K, paused 1ms+1ms
D/dalvikvm( 1326): GC_CONCURRENT freed 500K, 77% free 1429K/5955K, paused 1ms+1ms
D/dalvikvm( 1326): GC_CONCURRENT freed 512K, 77% free 1413K/5955K, paused 0ms+1ms
D/dalvikvm( 1326): GC_CONCURRENT freed 498K, 79% free 1308K/5955K, paused 0ms+1ms
D/dalvikvm( 1326): GC_CONCURRENT freed 394K, 76% free 1438K/5955K, paused 1ms+1ms
D/dalvikvm( 1326): GC_CONCURRENT freed 596K, 79% free 1305K/5955K, paused 0ms+1ms
D/dalvikvm( 1326): GC_FOR_ALLOC freed 521K, 79% free 1296K/5955K, paused 10ms
D/dalvikvm( 1326): GC_CONCURRENT freed <1K, 79% free 1295K/5955K, paused 1ms+1ms
D/dalvikvm( 1326): GC_CONCURRENT freed 389K, 77% free 1418K/5955K, paused 1ms+1ms
D/dalvikvm( 1326): GC_FOR_ALLOC freed 614K, 79% free 1306K/5955K, paused 10ms
D/dalvikvm( 1326): GC_CONCURRENT freed 383K, 76% free 1434K/5955K, paused 1ms+1ms
D/dalvikvm( 1326): GC_CONCURRENT freed 584K, 78% free 1355K/5955K, paused 1ms+1ms
D/dalvikvm( 1326): GC_CONCURRENT freed 439K, 77% free 1426K/5955K, paused 1ms+1ms
D/dalvikvm( 1326): GC_CONCURRENT freed 492K, 73% free 1663K/5955K, paused 1ms+1ms
D/dalvikvm( 1326): GC_CONCURRENT freed 743K, 77% free 1428K/5955K, paused 1ms+1ms
D/dalvikvm( 1326): GC_CONCURRENT freed 494K, 76% free 1446K/5955K, paused 1ms+1ms
D/dalvikvm( 1326): GC_CONCURRENT freed 514K, 78% free 1321K/5955K, paused 1ms+1ms
D/dalvikvm( 1326): GC_CONCURRENT freed 405K, 75% free 1505K/5955K, paused 1ms+1ms
D/dalvikvm( 1326): GC_CONCURRENT freed 569K, 77% free 1403K/5955K, paused 0ms+1ms
D/dalvikvm( 1326): GC_CONCURRENT freed 485K, 79% free 1308K/5955K, paused 1ms+1ms
D/dalvikvm( 1326): GC_CONCURRENT freed 397K, 77% free 1421K/5955K, paused 1ms+1ms
D/dalvikvm( 1326): GC_CONCURRENT freed 487K, 76% free 1445K/5955K, paused 0ms+1ms
D/dalvikvm( 1326): GC_CONCURRENT freed 525K, 76% free 1433K/5955K, paused 0ms+1ms
D/dalvikvm( 1326): GC_CONCURRENT freed 517K, 77% free 1422K/5955K, paused 0ms+1ms
D/dalvikvm( 1326): GC_CONCURRENT freed 488K, 78% free 1326K/5955K, paused 1ms+1ms
D/dalvikvm( 1326): GC_CONCURRENT freed 405K, 79% free 1307K/5955K, paused 0ms+1ms
D/dalvikvm( 1326): GC_CONCURRENT freed 396K, 77% free 1421K/5955K, paused 0ms+1ms
D/dalvikvm( 1326): GC_CONCURRENT freed 486K, 78% free 1320K/5955K, paused 1ms+1ms
D/dalvikvm( 1326): GC_CONCURRENT freed 393K, 78% free 1319K/5955K, paused 1ms+1ms
D/dalvikvm( 1326): GC_CONCURRENT freed 393K, 78% free 1320K/5955K, paused 1ms+1ms
D/dalvikvm( 1326): GC_CONCURRENT freed 393K, 78% free 1325K/5955K, paused 1ms+1ms
D/dalvikvm( 1326): GC_CONCURRENT freed 404K, 77% free 1377K/5955K, paused 1ms+1ms
D/dalvikvm( 1326): GC_CONCURRENT freed 460K, 78% free 1314K/5955K, paused 0ms+1ms
D/HomePlayerLib( 1326): hostaddress count is 2
D/dalvikvm( 1326): GC_CONCURRENT freed 388K, 78% free 1317K/5955K, paused 1ms+1ms
D/dalvikvm( 1326): GC_CONCURRENT freed 401K, 78% free 1314K/5955K, paused 1ms+1ms
D/dalvikvm( 1326): GC_CONCURRENT freed 389K, 78% free 1333K/5955K, paused 0ms+1ms
D/dalvikvm( 1326): GC_FOR_ALLOC freed 535K, 79% free 1305K/5955K, paused 10ms
D/dalvikvm( 1326): GC_CONCURRENT freed 7K, 79% free 1305K/5955K, paused 1ms+1ms
D/dalvikvm( 1326): GC_CONCURRENT freed 387K, 79% free 1309K/5955K, paused 1ms+1ms
D/dalvikvm( 1326): GC_CONCURRENT freed 391K, 77% free 1424K/5955K, paused 0ms+1ms
D/dalvikvm( 1326): GC_CONCURRENT freed 496K, 76% free 1437K/5955K, paused 1ms+1ms
D/dalvikvm( 1326): GC_CONCURRENT freed 517K, 77% free 1427K/5955K, paused 1ms+1ms
D/dalvikvm( 1326): GC_CONCURRENT freed 504K, 76% free 1431K/5955K, paused 1ms+1ms
D/dalvikvm( 1326): GC_CONCURRENT freed 497K, 76% free 1445K/5955K, paused 1ms+1ms
D/dalvikvm( 1326): GC_CONCURRENT freed 513K, 77% free 1371K/5955K, paused 1ms+1ms
D/dalvikvm( 1326): GC_CONCURRENT freed 456K, 77% free 1426K/5955K, paused 1ms+1ms
D/dalvikvm( 1326): GC_CONCURRENT freed 502K, 76% free 1435K/5955K, paused 1ms+1ms
D/dalvikvm( 1326): GC_CONCURRENT freed 522K, 78% free 1321K/5955K, paused 1ms+0ms
D/dalvikvm( 1326): GC_CONCURRENT freed 394K, 78% free 1321K/5955K, paused 1ms+1ms
D/dalvikvm( 1326): GC_CONCURRENT freed 398K, 77% free 1425K/5955K, paused 1ms+1ms
D/dalvikvm( 1326): GC_CONCURRENT freed 502K, 77% free 1420K/5955K, paused 1ms+1ms
D/dalvikvm( 1326): GC_CONCURRENT freed 496K, 79% free 1308K/5955K, paused 1ms+1ms
D/dalvikvm( 1326): GC_CONCURRENT freed 397K, 76% free 1470K/5955K, paused 1ms+1ms
D/dalvikvm( 1326): GC_CONCURRENT freed 555K, 77% free 1380K/5955K, paused 1ms+1ms
D/dalvikvm( 1326): GC_CONCURRENT freed 459K, 76% free 1432K/5955K, paused 1ms+1ms
D/dalvikvm( 1326): GC_CONCURRENT freed 514K, 78% free 1318K/5955K, paused 1ms+1ms
D/dalvikvm( 1326): GC_CONCURRENT freed 493K, 79% free 1304K/5955K, paused 1ms+2ms
D/dalvikvm( 1326): GC_CONCURRENT freed 382K, 77% free 1419K/5955K, paused 1ms+1ms
D/dalvikvm( 1326): GC_CONCURRENT freed 490K, 78% free 1321K/5955K, paused 1ms+1ms
D/dalvikvm( 1326): GC_CONCURRENT freed 394K, 78% free 1319K/5955K, paused 0ms+1ms
D/dalvikvm( 1326): GC_CONCURRENT freed 393K, 77% free 1406K/5955K, paused 1ms+1ms
D/dalvikvm( 1326): GC_CONCURRENT freed 494K, 75% free 1490K/5955K, paused 1ms+1ms
D/dalvikvm( 1326): GC_CONCURRENT freed 559K, 78% free 1320K/5955K, paused 0ms+1ms
D/dalvikvm( 1326): GC_CONCURRENT freed 394K, 78% free 1320K/5955K, paused 1ms+1ms
D/dalvikvm( 1326): GC_CONCURRENT freed 391K, 78% free 1320K/5955K, paused 1ms+1ms
D/dalvikvm( 1326): GC_CONCURRENT freed 403K, 78% free 1316K/5955K, paused 0ms+1ms
D/dalvikvm( 1326): GC_CONCURRENT freed 407K, 79% free 1303K/5955K, paused 1ms+1ms
D/dalvikvm( 1326): GC_CONCURRENT freed 381K, 79% free 1307K/5955K, paused 1ms+1ms
D/dalvikvm( 1326): GC_CONCURRENT freed 393K, 79% free 1307K/5955K, paused 1ms+1ms
D/dalvikvm( 1326): GC_CONCURRENT freed 389K, 78% free 1317K/5955K, paused 1ms+1ms
D/HomePlayerLib( 1326): hostaddress count is 2
D/dalvikvm( 1326): GC_CONCURRENT freed 401K, 79% free 1305K/5955K, paused 1ms+1ms
D/dalvikvm( 1326): GC_CONCURRENT freed 387K, 78% free 1317K/5955K, paused 0ms+1ms
D/dalvikvm( 1326): GC_CONCURRENT freed 400K, 77% free 1418K/5955K, paused 1ms+1ms
D/dalvikvm( 1326): GC_CONCURRENT freed 485K, 78% free 1324K/5955K, paused 1ms+1ms
D/dalvikvm( 1326): GC_CONCURRENT freed 394K, 77% free 1428K/5955K, paused 0ms+0ms
D/dalvikvm( 1326): GC_CONCURRENT freed 561K, 78% free 1364K/5955K, paused 1ms+1ms
D/dalvikvm( 1326): GC_CONCURRENT freed 450K, 77% free 1422K/5955K, paused 1ms+1ms
D/dalvikvm( 1326): GC_CONCURRENT freed 498K, 78% free 1357K/5955K, paused 1ms+1ms
D/dalvikvm( 1326): GC_CONCURRENT freed 414K, 76% free 1451K/5955K, paused 1ms+1ms
D/dalvikvm( 1326): GC_CONCURRENT freed 533K, 77% free 1425K/5955K, paused 1ms+1ms
D/dalvikvm( 1326): GC_CONCURRENT freed 487K, 76% free 1449K/5955K, paused 1ms+1ms
D/dalvikvm( 1326): GC_CONCURRENT freed 511K, 76% free 1448K/5955K, paused 1ms+1ms
D/dalvikvm( 1326): GC_CONCURRENT freed 517K, 78% free 1367K/5955K, paused 1ms+1ms
D/dalvikvm( 1326): GC_CONCURRENT freed 444K, 76% free 1433K/5955K, paused 0ms+1ms
D/dalvikvm( 1326): GC_CONCURRENT freed 518K, 77% free 1422K/5955K, paused 1ms+1ms
D/dalvikvm( 1326): GC_CONCURRENT freed 488K, 78% free 1326K/5955K, paused 0ms+0ms
D/dalvikvm( 1326): GC_CONCURRENT freed 404K, 79% free 1308K/5955K, paused 1ms+1ms
D/dalvikvm( 1326): GC_CONCURRENT freed 395K, 79% free 1306K/5955K, paused 1ms+1ms
D/dalvikvm( 1326): GC_CONCURRENT freed 394K, 75% free 1498K/5955K, paused 0ms+1ms
D/dalvikvm( 1326): GC_CONCURRENT freed 567K, 78% free 1327K/5955K, paused 1ms+1ms
D/dalvikvm( 1326): GC_CONCURRENT freed 406K, 76% free 1432K/5955K, paused 0ms+1ms
D/dalvikvm( 1326): GC_CONCURRENT freed 516K, 79% free 1307K/5955K, paused 0ms+1ms
D/dalvikvm( 1326): GC_CONCURRENT freed 393K, 77% free 1420K/5955K, paused 1ms+1ms
D/dalvikvm( 1326): GC_CONCURRENT freed 498K, 76% free 1433K/5955K, paused 1ms+1ms
D/dalvikvm( 1326): GC_CONCURRENT freed 518K, 77% free 1422K/5955K, paused 1ms+1ms
D/dalvikvm( 1326): GC_CONCURRENT freed 488K, 78% free 1326K/5955K, paused 1ms+1ms
D/dalvikvm( 1326): GC_CONCURRENT freed 403K, 79% free 1307K/5955K, paused 0ms+1ms
D/dalvikvm( 1326): GC_CONCURRENT freed 396K, 77% free 1421K/5955K, paused 1ms+1ms
D/dalvikvm( 1326): GC_CONCURRENT freed 487K, 76% free 1445K/5955K, paused 0ms+1ms
D/dalvikvm( 1326): GC_CONCURRENT freed 526K, 77% free 1424K/5955K, paused 0ms+1ms
D/dalvikvm( 1326): GC_CONCURRENT freed 514K, 78% free 1318K/5955K, paused 1ms+1ms
D/HomePlayerLib( 1326): hostaddress count is 2
D/dalvikvm( 1326): GC_CONCURRENT freed 403K, 79% free 1306K/5955K, paused 1ms+1ms
D/dalvikvm( 1326): GC_CONCURRENT freed 387K, 78% free 1318K/5955K, paused 1ms+1ms
D/dalvikvm( 1326): GC_CONCURRENT freed 401K, 78% free 1317K/5955K, paused 0ms+1ms
D/dalvikvm( 1326): GC_CONCURRENT freed 403K, 78% free 1324K/5955K, paused 0ms+1ms
D/dalvikvm( 1326): GC_CONCURRENT freed 393K, 78% free 1322K/5955K, paused 0ms+1ms
D/dalvikvm( 1326): GC_CONCURRENT freed 391K, 78% free 1324K/5955K, paused 1ms+1ms
D/dalvikvm( 1326): GC_CONCURRENT freed 393K, 77% free 1372K/5955K, paused 1ms+2ms
D/dalvikvm( 1326): GC_CONCURRENT freed 432K, 78% free 1324K/5955K, paused 1ms+1ms
D/dalvikvm( 1326): GC_CONCURRENT freed 393K, 78% free 1324K/5955K, paused 1ms+1ms
D/dalvikvm( 1326): GC_CONCURRENT freed 412K, 79% free 1297K/5955K, paused 0ms+1ms
D/dalvikvm( 1326): GC_CONCURRENT freed 363K, 78% free 1324K/5955K, paused 1ms+1ms
D/dalvikvm( 1326): GC_CONCURRENT freed 400K, 74% free 1573K/5955K, paused 1ms+1ms
D/dalvikvm( 1326): GC_CONCURRENT freed 656K, 75% free 1493K/5955K, paused 1ms+1ms
D/dalvikvm( 1326): GC_CONCURRENT freed 558K, 78% free 1325K/5955K, paused 1ms+1ms
D/dalvikvm( 1326): GC_CONCURRENT freed 394K, 78% free 1322K/5955K, paused 0ms+1ms
D/dalvikvm( 1326): GC_CONCURRENT freed 391K, 78% free 1329K/5955K, paused 1ms+1ms
D/dalvikvm( 1326): GC_CONCURRENT freed 416K, 77% free 1422K/5955K, paused 1ms+1ms
D/dalvikvm( 1326): GC_CONCURRENT freed 493K, 77% free 1426K/5955K, paused 1ms+1ms
D/dalvikvm( 1326): GC_CONCURRENT freed 498K, 78% free 1318K/5955K, paused 1ms+1ms
D/dalvikvm( 1326): GC_CONCURRENT freed 400K, 79% free 1307K/5955K, paused 1ms+1ms
D/dalvikvm( 1326): GC_CONCURRENT freed 396K, 77% free 1421K/5955K, paused 1ms+1ms
D/dalvikvm( 1326): GC_CONCURRENT freed 488K, 78% free 1320K/5955K, paused 1ms+1ms
D/dalvikvm( 1326): GC_CONCURRENT freed 394K, 77% free 1402K/5955K, paused 1ms+1ms
D/dalvikvm( 1326): GC_CONCURRENT freed 483K, 77% free 1417K/5955K, paused 1ms+1ms
D/dalvikvm( 1326): GC_CONCURRENT freed 490K, 77% free 1404K/5955K, paused 1ms+1ms
D/dalvikvm( 1326): GC_CONCURRENT freed 475K, 78% free 1320K/5955K, paused 1ms+1ms
D/dalvikvm( 1326): GC_CONCURRENT freed 394K, 78% free 1320K/5955K, paused 1ms+1ms
D/dalvikvm( 1326): GC_CONCURRENT freed 402K, 77% free 1423K/5955K, paused 1ms+1ms
D/dalvikvm( 1326): GC_CONCURRENT freed 489K, 78% free 1320K/5955K, paused 1ms+1ms
D/dalvikvm( 1326): GC_CONCURRENT freed 394K, 77% free 1425K/5955K, paused 1ms+1ms
D/dalvikvm( 1326): GC_CONCURRENT freed 512K, 79% free 1303K/5955K, paused 1ms+1ms
D/dalvikvm( 1326): GC_CONCURRENT freed 378K, 77% free 1427K/5955K, paused 1ms+1ms
D/dalvikvm( 1326): GC_CONCURRENT freed 515K, 79% free 1295K/5955K, paused 1ms+1ms
D/dalvikvm( 1326): GC_CONCURRENT freed 381K, 77% free 1419K/5955K, paused 1ms+1ms
D/dalvikvm( 1326): GC_CONCURRENT freed 496K, 79% free 1308K/5955K, paused 1ms+1ms
D/dalvikvm( 1326): GC_CONCURRENT freed 397K, 77% free 1421K/5955K, paused 0ms+1ms
W/ThrottleService(  939): unable to find stats for iface rmnet0
D/dalvikvm( 1326): GC_CONCURRENT freed 511K, 78% free 1318K/5955K, paused 1ms+1ms
D/HomePlayerLib( 1326): hostaddress count is 2
D/dalvikvm( 1326): GC_CONCURRENT freed 402K, 74% free 1582K/5955K, paused 1ms+1ms
D/dalvikvm( 1326): GC_CONCURRENT freed 666K, 78% free 1347K/5955K, paused 1ms+1ms
D/dalvikvm( 1326): GC_CONCURRENT freed 430K, 78% free 1336K/5955K, paused 1ms+1ms
D/dalvikvm( 1326): GC_CONCURRENT freed 406K, 78% free 1324K/5955K, paused 1ms+1ms
D/dalvikvm( 1326): GC_CONCURRENT freed 393K, 78% free 1322K/5955K, paused 1ms+1ms
D/dalvikvm( 1326): GC_CONCURRENT freed 392K, 78% free 1324K/5955K, paused 1ms+1ms
D/dalvikvm( 1326): GC_CONCURRENT freed 393K, 78% free 1324K/5955K, paused 1ms+1ms
D/dalvikvm( 1326): GC_CONCURRENT freed 393K, 78% free 1337K/5955K, paused 1ms+2ms
D/dalvikvm( 1326): GC_FOR_ALLOC freed 501K, 78% free 1333K/5955K, paused 10ms
D/dalvikvm( 1326): GC_CONCURRENT freed <1K, 74% free 1576K/5955K, paused 1ms+0ms
D/dalvikvm( 1326): GC_CONCURRENT freed 644K, 78% free 1325K/5955K, paused 0ms+1ms
D/dalvikvm( 1326): GC_CONCURRENT freed 403K, 78% free 1312K/5955K, paused 1ms+1ms
D/dalvikvm( 1326): GC_CONCURRENT freed 395K, 77% free 1424K/5955K, paused 0ms+1ms
D/dalvikvm( 1326): GC_CONCURRENT freed 485K, 77% free 1407K/5955K, paused 1ms+1ms
D/dalvikvm( 1326): GC_CONCURRENT freed 475K, 77% free 1403K/5955K, paused 1ms+1ms
D/dalvikvm( 1326): GC_CONCURRENT freed 485K, 78% free 1337K/5955K, paused 1ms+1ms
D/dalvikvm( 1326): GC_CONCURRENT freed 421K, 78% free 1320K/5955K, paused 1ms+1ms
D/dalvikvm( 1326): GC_CONCURRENT freed 418K, 77% free 1423K/5955K, paused 1ms+1ms
D/dalvikvm( 1326): GC_CONCURRENT freed 541K, 79% free 1295K/5955K, paused 1ms+1ms
D/dalvikvm( 1326): GC_CONCURRENT freed 369K, 78% free 1318K/5955K, paused 0ms+1ms
D/dalvikvm( 1326): GC_CONCURRENT freed 393K, 78% free 1319K/5955K, paused 1ms+1ms
D/dalvikvm( 1326): GC_CONCURRENT freed 394K, 78% free 1319K/5955K, paused 0ms+1ms
D/dalvikvm( 1326): GC_CONCURRENT freed 393K, 76% free 1447K/5955K, paused 1ms+1ms
D/dalvikvm( 1326): GC_CONCURRENT freed 522K, 75% free 1514K/5955K, paused 1ms+1ms
D/dalvikvm( 1326): GC_CONCURRENT freed 599K, 79% free 1309K/5955K, paused 1ms+1ms
D/dalvikvm( 1326): GC_CONCURRENT freed 395K, 78% free 1338K/5955K, paused 1ms+1ms
D/dalvikvm( 1326): GC_CONCURRENT freed 418K, 79% free 1308K/5955K, paused 0ms+1ms
D/CheckNetWork( 1665): isOk true
D/CheckNetWork( 1665): ActInfoNetworkInfo: type: ETH[], state: CONNECTED/CONNECTED, reason: (unspecified), extra: (none), roaming: false, failover: false, isAvailable: true
D/CheckNetWork( 1665): infoNetworkInfo: type: ETH[], state: CONNECTED/CONNECTED, reason: (unspecified), extra: (none), roaming: false, failover: false, isAvailable: true
D/dalvikvm( 1326): GC_CONCURRENT freed 392K, 77% free 1423K/5955K, paused 1ms+1ms
D/dalvikvm( 1326): GC_CONCURRENT freed 495K, 78% free 1318K/5955K, paused 1ms+1ms
D/HomePlayerLib( 1326): hostaddress count is 2
D/dalvikvm( 1326): GC_CONCURRENT freed 403K, 79% free 1305K/5955K, paused 0ms+0ms
D/dalvikvm( 1326): GC_CONCURRENT freed 395K, 79% free 1300K/5955K, paused 0ms+1ms
D/dalvikvm( 1326): GC_CONCURRENT freed 365K, 76% free 1446K/5955K, paused 1ms+1ms
D/dalvikvm( 1326): GC_CONCURRENT freed 511K, 78% free 1324K/5955K, paused 1ms+1ms
D/dalvikvm( 1326): GC_CONCURRENT freed 393K, 78% free 1323K/5955K, paused 1ms+1ms
D/dalvikvm( 1326): GC_CONCURRENT freed 394K, 78% free 1368K/5955K, paused 1ms+1ms
D/dalvikvm( 1326): GC_CONCURRENT freed 443K, 78% free 1312K/5955K, paused 1ms+1ms
D/dalvikvm( 1326): GC_CONCURRENT freed 396K, 77% free 1417K/5955K, paused 1ms+1ms
D/dalvikvm( 1326): GC_CONCURRENT freed 487K, 76% free 1431K/5955K, paused 1ms+0ms
D/dalvikvm( 1326): GC_CONCURRENT freed 515K, 77% free 1425K/5955K, paused 1ms+1ms
D/dalvikvm( 1326): GC_CONCURRENT freed 509K, 77% free 1423K/5955K, paused 1ms+1ms
D/dalvikvm( 1326): GC_CONCURRENT freed 503K, 78% free 1343K/5955K, paused 0ms+1ms
D/dalvikvm( 1326): GC_CONCURRENT freed 415K, 75% free 1495K/5955K, paused 0ms+1ms
D/dalvikvm( 1326): GC_CONCURRENT freed 567K, 77% free 1422K/5955K, paused 1ms+2ms
D/dalvikvm( 1326): GC_CONCURRENT freed 500K, 78% free 1326K/5955K, paused 1ms+1ms
D/dalvikvm( 1326): GC_CONCURRENT freed 412K, 77% free 1426K/5955K, paused 1ms+2ms
D/dalvikvm( 1326): GC_CONCURRENT freed 500K, 78% free 1323K/5955K, paused 1ms+1ms
D/dalvikvm( 1326): GC_CONCURRENT freed 393K, 77% free 1370K/5955K, paused 1ms+1ms
D/dalvikvm( 1326): GC_CONCURRENT freed 456K, 77% free 1422K/5955K, paused 1ms+1ms
D/dalvikvm( 1326): GC_CONCURRENT freed 493K, 77% free 1426K/5955K, paused 1ms+1ms
D/dalvikvm( 1326): GC_CONCURRENT freed 502K, 78% free 1339K/5955K, paused 1ms+1ms
D/dalvikvm( 1326): GC_CONCURRENT freed 416K, 76% free 1433K/5955K, paused 1ms+1ms
D/dalvikvm( 1326): GC_CONCURRENT freed 516K, 77% free 1422K/5955K, paused 1ms+1ms
D/dalvikvm( 1326): GC_CONCURRENT freed 488K, 78% free 1326K/5955K, paused 0ms+1ms
D/dalvikvm( 1326): GC_CONCURRENT freed 402K, 76% free 1433K/5955K, paused 1ms+1ms
D/dalvikvm( 1326): GC_CONCURRENT freed 516K, 79% free 1308K/5955K, paused 1ms+1ms
D/dalvikvm( 1326): GC_CONCURRENT freed 394K, 77% free 1420K/5955K, paused 0ms+1ms
D/dalvikvm( 1326): GC_CONCURRENT freed 496K, 79% free 1308K/5955K, paused 0ms+1ms
D/dalvikvm( 1326): GC_CONCURRENT freed 396K, 77% free 1421K/5955K, paused 1ms+1ms
D/dalvikvm( 1326): GC_CONCURRENT freed 486K, 76% free 1446K/5955K, paused 0ms+1ms
D/dalvikvm( 1326): GC_CONCURRENT freed 524K, 76% free 1434K/5955K, paused 1ms+1ms
D/dalvikvm( 1326): GC_CONCURRENT freed 518K, 77% free 1422K/5955K, paused 1ms+1ms
D/dalvikvm( 1326): GC_CONCURRENT freed 489K, 78% free 1321K/5955K, paused 1ms+1ms
D/dalvikvm( 1326): GC_FOR_ALLOC freed 523K, 79% free 1304K/5955K, paused 10ms
D/dalvikvm( 1326): GC_CONCURRENT freed 6K, 76% free 1436K/5955K, paused 1ms+1ms
D/HomePlayerLib( 1326): hostaddress count is 2
D/dalvikvm( 1326): GC_CONCURRENT freed 525K, 77% free 1420K/5955K, paused 0ms+1ms
D/dalvikvm( 1326): GC_CONCURRENT freed 499K, 79% free 1306K/5955K, paused 0ms+0ms
D/dalvikvm( 1326): GC_CONCURRENT freed 379K, 77% free 1428K/5955K, paused 1ms+1ms
D/dalvikvm( 1326): GC_CONCURRENT freed 510K, 79% free 1301K/5955K, paused 1ms+1ms
D/dalvikvm( 1326): GC_CONCURRENT freed 376K, 78% free 1323K/5955K, paused 1ms+1ms
D/dalvikvm( 1326): GC_CONCURRENT freed 420K, 76% free 1485K/5955K, paused 1ms+1ms
D/dalvikvm( 1326): GC_CONCURRENT freed 568K, 78% free 1347K/5955K, paused 1ms+1ms
D/dalvikvm( 1326): GC_CONCURRENT freed 417K, 78% free 1325K/5955K, paused 1ms+1ms
D/dalvikvm( 1326): GC_CONCURRENT freed 403K, 76% free 1432K/5955K, paused 0ms+1ms
D/dalvikvm( 1326): GC_CONCURRENT freed 506K, 77% free 1412K/5955K, paused 1ms+1ms
D/dalvikvm( 1326): GC_CONCURRENT freed 486K, 76% free 1437K/5955K, paused 1ms+1ms
D/dalvikvm( 1326): GC_CONCURRENT freed 518K, 77% free 1427K/5955K, paused 0ms+1ms
D/dalvikvm( 1326): GC_CONCURRENT freed 514K, 78% free 1324K/5955K, paused 1ms+1ms
D/dalvikvm( 1326): GC_CONCURRENT freed 403K, 76% free 1430K/5955K, paused 1ms+1ms
D/dalvikvm( 1326): GC_CONCURRENT freed 503K, 76% free 1439K/5955K, paused 1ms+1ms
D/dalvikvm( 1326): GC_CONCURRENT freed 535K, 76% free 1463K/5955K, paused 1ms+1ms
D/dalvikvm( 1326): GC_CONCURRENT freed 532K, 77% free 1406K/5955K, paused 0ms+1ms
D/dalvikvm( 1326): GC_CONCURRENT freed 472K, 78% free 1330K/5955K, paused 0ms+1ms
D/dalvikvm( 1326): GC_CONCURRENT freed 416K, 79% free 1297K/5955K, paused 0ms+1ms
D/dalvikvm( 1326): GC_CONCURRENT freed 371K, 78% free 1317K/5955K, paused 1ms+1ms
D/dalvikvm( 1326): GC_CONCURRENT freed 394K, 78% free 1318K/5955K, paused 1ms+1ms
D/dalvikvm( 1326): GC_CONCURRENT freed 392K, 78% free 1318K/5955K, paused 1ms+1ms
D/dalvikvm( 1326): GC_CONCURRENT freed 392K, 78% free 1319K/5955K, paused 1ms+1ms
D/dalvikvm( 1326): GC_CONCURRENT freed 393K, 78% free 1319K/5955K, paused 0ms+1ms
D/dalvikvm( 1326): GC_CONCURRENT freed 393K, 78% free 1319K/5955K, paused 1ms+1ms
D/dalvikvm( 1326): GC_CONCURRENT freed 394K, 78% free 1366K/5955K, paused 1ms+1ms
D/dalvikvm( 1326): GC_CONCURRENT freed 549K, 79% free 1295K/5955K, paused 0ms+1ms
D/dalvikvm( 1326): GC_CONCURRENT freed 366K, 78% free 1319K/5955K, paused 1ms+1ms
D/dalvikvm( 1326): GC_CONCURRENT freed 392K, 78% free 1319K/5955K, paused 1ms+1ms
D/dalvikvm( 1326): GC_CONCURRENT freed 393K, 78% free 1319K/5955K, paused 1ms+1ms
D/dalvikvm( 1326): GC_CONCURRENT freed 393K, 78% free 1320K/5955K, paused 1ms+1ms
D/dalvikvm( 1326): GC_CONCURRENT freed 393K, 78% free 1320K/5955K, paused 1ms+1ms
D/HomePlayerLib( 1326): hostaddress count is 2
D/dalvikvm( 1326): GC_CONCURRENT freed 411K, 79% free 1305K/5955K, paused 1ms+1ms
D/dalvikvm( 1326): GC_CONCURRENT freed 387K, 77% free 1418K/5955K, paused 1ms+1ms
D/dalvikvm( 1326): GC_CONCURRENT freed 488K, 76% free 1438K/5955K, paused 1ms+1ms
D/dalvikvm( 1326): GC_CONCURRENT freed 522K, 77% free 1421K/5955K, paused 1ms+1ms
D/dalvikvm( 1326): GC_CONCURRENT freed 502K, 76% free 1438K/5955K, paused 1ms+1ms
D/dalvikvm( 1326): GC_CONCURRENT freed 506K, 76% free 1444K/5955K, paused 1ms+1ms
D/dalvikvm( 1326): GC_CONCURRENT freed 517K, 78% free 1325K/5955K, paused 1ms+1ms
D/dalvikvm( 1326): GC_CONCURRENT freed 394K, 78% free 1322K/5955K, paused 1ms+1ms
D/dalvikvm( 1326): GC_CONCURRENT freed 391K, 78% free 1324K/5955K, paused 1ms+1ms
D/dalvikvm( 1326): GC_CONCURRENT freed 371K, 78% free 1337K/5955K, paused 1ms+1ms
D/dalvikvm( 1326): GC_CONCURRENT freed 438K, 77% free 1413K/5955K, paused 1ms+1ms
D/dalvikvm( 1326): GC_CONCURRENT freed 475K, 77% free 1408K/5955K, paused 1ms+1ms
D/dalvikvm( 1326): GC_CONCURRENT freed 476K, 76% free 1439K/5955K, paused 1ms+1ms
D/dalvikvm( 1326): GC_CONCURRENT freed 525K, 77% free 1426K/5955K, paused 0ms+1ms
D/dalvikvm( 1326): GC_CONCURRENT freed 468K, 76% free 1441K/5955K, paused 1ms+1ms
D/dalvikvm( 1326): GC_CONCURRENT freed 514K, 76% free 1463K/5955K, paused 1ms+1ms
D/dalvikvm( 1326): GC_CONCURRENT freed 547K, 77% free 1427K/5955K, paused 0ms+1ms
D/dalvikvm( 1326): GC_CONCURRENT freed 509K, 77% free 1395K/5955K, paused 1ms+1ms
D/dalvikvm( 1326): GC_CONCURRENT freed 455K, 78% free 1325K/5955K, paused 1ms+1ms
D/dalvikvm( 1326): GC_CONCURRENT freed 410K, 78% free 1312K/5955K, paused 0ms+1ms
D/dalvikvm( 1326): GC_CONCURRENT freed 393K, 78% free 1312K/5955K, paused 1ms+1ms
D/dalvikvm( 1326): GC_CONCURRENT freed 393K, 78% free 1311K/5955K, paused 1ms+1ms
D/dalvikvm( 1326): GC_CONCURRENT freed 378K, 78% free 1321K/5955K, paused 1ms+1ms
D/dalvikvm( 1326): GC_CONCURRENT freed 394K, 78% free 1320K/5955K, paused 1ms+1ms
D/dalvikvm( 1326): GC_CONCURRENT freed 404K, 78% free 1316K/5955K, paused 1ms+1ms
D/dalvikvm( 1326): GC_CONCURRENT freed 396K, 79% free 1306K/5955K, paused 1ms+1ms
D/dalvikvm( 1326): GC_CONCURRENT freed 392K, 79% free 1306K/5955K, paused 0ms+1ms
D/dalvikvm( 1326): GC_CONCURRENT freed 392K, 77% free 1416K/5955K, paused 1ms+1ms
D/dalvikvm( 1326): GC_CONCURRENT freed 487K, 78% free 1321K/5955K, paused 1ms+1ms
D/dalvikvm( 1326): GC_CONCURRENT freed 394K, 78% free 1320K/5955K, paused 1ms+1ms
D/dalvikvm( 1326): GC_CONCURRENT freed 405K, 78% free 1317K/5955K, paused 1ms+1ms
D/dalvikvm( 1326): GC_CONCURRENT freed 407K, 79% free 1303K/5955K, paused 1ms+2ms
D/dalvikvm( 1326): GC_CONCURRENT freed 381K, 78% free 1315K/5955K, paused 1ms+1ms
D/dalvikvm( 1326): GC_CONCURRENT freed 393K, 78% free 1315K/5955K, paused 1ms+1ms
D/dalvikvm( 1326): GC_CONCURRENT freed 393K, 78% free 1316K/5955K, paused 1ms+1ms
D/dalvikvm( 1326): GC_CONCURRENT freed 393K, 78% free 1316K/5955K, paused 0ms+1ms
D/dalvikvm( 1326): GC_CONCURRENT freed 393K, 78% free 1333K/5955K, paused 1ms+1ms
D/HomePlayerLib( 1326): hostaddress count is 2
D/dalvikvm( 1326): GC_CONCURRENT freed 423K, 78% free 1313K/5955K, paused 1ms+1ms
D/dalvikvm( 1326): GC_CONCURRENT freed 388K, 78% free 1317K/5955K, paused 1ms+1ms
D/dalvikvm( 1326): GC_CONCURRENT freed 404K, 78% free 1314K/5955K, paused 1ms+1ms
D/dalvikvm( 1326): GC_CONCURRENT freed 378K, 78% free 1322K/5955K, paused 1ms+1ms
D/dalvikvm( 1326): GC_CONCURRENT freed 390K, 78% free 1324K/5955K, paused 1ms+1ms
D/dalvikvm( 1326): GC_CONCURRENT freed 392K, 77% free 1404K/5955K, paused 1ms+1ms
D/dalvikvm( 1326): GC_CONCURRENT freed 482K, 78% free 1322K/5955K, paused 1ms+2ms
D/dalvikvm( 1326): GC_CONCURRENT freed 409K, 78% free 1322K/5955K, paused 1ms+1ms
D/dalvikvm( 1326): GC_CONCURRENT freed 393K, 78% free 1324K/5955K, paused 1ms+2ms
D/dalvikvm( 1326): GC_CONCURRENT freed 390K, 78% free 1320K/5955K, paused 1ms+1ms
D/dalvikvm( 1326): GC_CONCURRENT freed 406K, 76% free 1450K/5955K, paused 1ms+1ms
D/dalvikvm( 1326): GC_CONCURRENT freed 531K, 76% free 1430K/5955K, paused 1ms+1ms
D/dalvikvm( 1326): GC_CONCURRENT freed 509K, 77% free 1426K/5955K, paused 1ms+1ms
D/dalvikvm( 1326): GC_CONCURRENT freed 487K, 78% free 1328K/5955K, paused 1ms+1ms
